interactions:
- request:
    body: null
    headers:
      Accept:
      - application/json
      Accept-Encoding:
      - gzip, deflate
      CommandName:
      - identity create
      Connection:
      - keep-alive
      ParameterSetName:
      - -g -n --tags
      User-Agent:
      - AZURECLI/2.67.0 azsdk-python-core/1.31.0 Python/3.12.8 (Windows-11-10.0.26100-SP0)
    method: GET
    uri: https://management.azure.com/subscriptions/00000000-0000-0000-0000-000000000000/resourcegroups/test_vmss_incorrect_encryption_identity_for_disk_encryption000001?api-version=2022-09-01
  response:
    body:
      string: '{"id":"/subscriptions/00000000-0000-0000-0000-000000000000/resourceGroups/test_vmss_incorrect_encryption_identity_for_disk_encryption000001","name":"test_vmss_incorrect_encryption_identity_for_disk_encryption000001","type":"Microsoft.Resources/resourceGroups","location":"westus","tags":{"product":"azurecli","cause":"automation","test":"test_vmss_incorrect_encryption_identity_for_disk_encryption","date":"2025-01-14T17:16:23Z","module":"vm"},"properties":{"provisioningState":"Succeeded"}}'
    headers:
      cache-control:
      - no-cache
      content-length:
      - '491'
      content-type:
      - application/json; charset=utf-8
      date:
      - Tue, 14 Jan 2025 17:16:28 GMT
      expires:
      - '-1'
      pragma:
      - no-cache
      strict-transport-security:
      - max-age=31536000; includeSubDomains
      x-cache:
      - CONFIG_NOCACHE
      x-content-type-options:
      - nosniff
      x-ms-ratelimit-remaining-subscription-global-reads:
      - '16499'
      x-msedge-ref:
      - 'Ref A: 1FB593FA3A224B6F9252BCDFF0AAFD17 Ref B: MAA201060516019 Ref C: 2025-01-14T17:16:28Z'
    status:
      code: 200
      message: OK
- request:
    body: '{"tags": {"tag1": "d2"}, "location": "westus"}'
    headers:
      Accept:
      - application/json
      Accept-Encoding:
      - gzip, deflate
      CommandName:
      - identity create
      Connection:
      - keep-alive
      Content-Length:
      - '46'
      Content-Type:
      - application/json
      ParameterSetName:
      - -g -n --tags
      User-Agent:
      - AZURECLI/2.67.0 azsdk-python-core/1.31.0 Python/3.12.8 (Windows-11-10.0.26100-SP0)
    method: PUT
    uri: https://management.azure.com/subscriptions/00000000-0000-0000-0000-000000000000/resourceGroups/test_vmss_incorrect_encryption_identity_for_disk_encryption000001/providers/Microsoft.ManagedIdentity/userAssignedIdentities/id2?api-version=2023-01-31
  response:
    body:
      string: '{"location":"westus","tags":{"tag1":"d2"},"id":"/subscriptions/00000000-0000-0000-0000-000000000000/resourcegroups/test_vmss_incorrect_encryption_identity_for_disk_encryption000001/providers/Microsoft.ManagedIdentity/userAssignedIdentities/id2","name":"id2","type":"Microsoft.ManagedIdentity/userAssignedIdentities","properties":{"tenantId":"72f988bf-86f1-41af-91ab-2d7cd011db47","principalId":"ef746010-3911-4d21-9152-e0fb219995e9","clientId":"ea3fa129-4550-4cc7-ac20-9119685e6feb"}}'
    headers:
      cache-control:
      - no-cache
      content-length:
      - '484'
      content-type:
      - application/json; charset=utf-8
      date:
      - Tue, 14 Jan 2025 17:16:39 GMT
      expires:
      - '-1'
      location:
      - /subscriptions/00000000-0000-0000-0000-000000000000/resourcegroups/test_vmss_incorrect_encryption_identity_for_disk_encryption000001/providers/Microsoft.ManagedIdentity/userAssignedIdentities/id2
      pragma:
      - no-cache
      strict-transport-security:
      - max-age=31536000; includeSubDomains
      x-cache:
      - CONFIG_NOCACHE
      x-content-type-options:
      - nosniff
      x-ms-ratelimit-remaining-subscription-global-writes:
      - '11999'
      x-ms-ratelimit-remaining-subscription-writes:
      - '799'
      x-msedge-ref:
      - 'Ref A: 1A5DA5F4037B4867AF91483191DFD7A8 Ref B: MAA201060514021 Ref C: 2025-01-14T17:16:32Z'
    status:
      code: 201
      message: Created
- request:
    body: null
    headers:
      Accept:
      - application/json
      Accept-Encoding:
      - gzip, deflate
      CommandName:
      - vmss create
      Connection:
      - keep-alive
      ParameterSetName:
      - -g -n --image --instance-count --admin-username --admin-password --encryption-identity
        --assign-identity --orchestration-mode --lb-sku
      User-Agent:
      - AZURECLI/2.67.0 azsdk-python-core/1.31.0 Python/3.12.8 (Windows-11-10.0.26100-SP0)
    method: GET
    uri: https://management.azure.com/subscriptions/00000000-0000-0000-0000-000000000000/resourcegroups/test_vmss_incorrect_encryption_identity_for_disk_encryption000001?api-version=2022-09-01
  response:
    body:
      string: '{"id":"/subscriptions/00000000-0000-0000-0000-000000000000/resourceGroups/test_vmss_incorrect_encryption_identity_for_disk_encryption000001","name":"test_vmss_incorrect_encryption_identity_for_disk_encryption000001","type":"Microsoft.Resources/resourceGroups","location":"westus","tags":{"product":"azurecli","cause":"automation","test":"test_vmss_incorrect_encryption_identity_for_disk_encryption","date":"2025-01-14T17:16:23Z","module":"vm"},"properties":{"provisioningState":"Succeeded"}}'
    headers:
      cache-control:
      - no-cache
      content-length:
      - '491'
      content-type:
      - application/json; charset=utf-8
      date:
      - Tue, 14 Jan 2025 17:16:40 GMT
      expires:
      - '-1'
      pragma:
      - no-cache
      strict-transport-security:
      - max-age=31536000; includeSubDomains
      x-cache:
      - CONFIG_NOCACHE
      x-content-type-options:
      - nosniff
      x-ms-ratelimit-remaining-subscription-global-reads:
      - '16499'
      x-msedge-ref:
      - 'Ref A: B38B5916275A4922A2F6DAD480058B73 Ref B: MAA201060515011 Ref C: 2025-01-14T17:16:40Z'
    status:
      code: 200
      message: OK
- request:
    body: null
    headers:
      Accept:
      - '*/*'
      Accept-Encoding:
      - gzip, deflate
      Connection:
      - keep-alive
      User-Agent:
      - python-requests/2.32.3
    method: GET
    uri: https://raw.githubusercontent.com/Azure/azure-rest-api-specs/main/arm-compute/quickstart-templates/aliases.json
  response:
    body:
      string: "{\n  \"$schema\": \"http://schema.management.azure.com/schemas/2015-01-01/deploymentTemplate.json\",\n
        \ \"contentVersion\": \"1.0.0.0\",\n  \"parameters\": {},\n  \"variables\":
        {},\n  \"resources\": [],\n  \"outputs\": {\n    \"aliases\": {\n      \"type\":
        \"object\",\n      \"value\": {\n        \"Linux\": {\n          \"CentOS85Gen2\":
        {\n            \"publisher\": \"OpenLogic\",\n            \"offer\": \"CentOS\",\n
        \           \"sku\": \"8_5-gen2\",\n            \"version\": \"latest\",\n
        \           \"architecture\": \"x64\"\n          },\n          \"Debian11\":
        {\n            \"publisher\": \"Debian\",\n            \"offer\": \"debian-11\",\n
        \           \"sku\": \"11-backports-gen2\",\n            \"version\": \"latest\",\n
        \           \"architecture\": \"x64\"\n          },\n          \"OpenSuseLeap154Gen2\":
        {\n            \"publisher\": \"SUSE\",\n            \"offer\": \"openSUSE-leap-15-4\",\n
        \           \"sku\": \"gen2\",\n            \"version\": \"latest\",\n            \"architecture\":
        \"x64\"\n          },\n          \"RHELRaw8LVMGen2\": {\n            \"publisher\":
        \"RedHat\",\n            \"offer\": \"RHEL\",\n            \"sku\": \"8-lvm-gen2\",\n
        \           \"version\": \"latest\",\n            \"architecture\": \"x64\"\n
        \         },\n          \"SuseSles15SP5\": {\n            \"publisher\": \"SUSE\",\n
        \           \"offer\": \"sles-15-sp5\",\n            \"sku\": \"gen2\",\n
        \           \"version\": \"latest\",\n            \"architecture\": \"x64\"\n
        \         },\n          \"Ubuntu2204\": {\n            \"publisher\": \"Canonical\",\n
        \           \"offer\": \"0001-com-ubuntu-server-jammy\",\n            \"sku\":
        \"22_04-lts-gen2\",\n            \"version\": \"latest\",\n            \"architecture\":
        \"x64\"\n          },\n          \"Ubuntu2404\": {\n            \"publisher\":
        \"Canonical\",\n            \"offer\": \"ubuntu-24_04-lts\",\n            \"sku\":
        \"server\",\n            \"version\": \"latest\",\n            \"architecture\":
        \"x64\"\n          },\n          \"Ubuntu2404Pro\": {\n            \"publisher\":
        \"Canonical\",\n            \"offer\": \"ubuntu-24_04-lts\",\n            \"sku\":
        \"ubuntu-pro\",\n            \"version\": \"latest\",\n            \"architecture\":
        \"x64\"\n          },\n          \"FlatcarLinuxFreeGen2\": {\n            \"publisher\":
        \"kinvolk\",\n            \"offer\": \"flatcar-container-linux-free\",\n            \"sku\":
        \"stable-gen2\",\n            \"version\": \"latest\",\n            \"architecture\":
        \"x64\"\n          }\n        },\n        \"Windows\": {\n          \"Win2022Datacenter\":
        {\n            \"publisher\": \"MicrosoftWindowsServer\",\n            \"offer\":
        \"WindowsServer\",\n            \"sku\": \"2022-datacenter-g2\",\n            \"version\":
        \"latest\",\n            \"architecture\": \"x64\"\n          },\n          \"Win2022AzureEditionCore\":
        {\n            \"publisher\": \"MicrosoftWindowsServer\",\n            \"offer\":
        \"WindowsServer\",\n            \"sku\": \"2022-datacenter-azure-edition-core\",\n
        \           \"version\": \"latest\",\n            \"architecture\": \"x64\"\n
        \         },\n          \"Win2019Datacenter\": {\n            \"publisher\":
        \"MicrosoftWindowsServer\",\n            \"offer\": \"WindowsServer\",\n            \"sku\":
        \"2019-datacenter-gensecond\",\n            \"version\": \"latest\",\n            \"architecture\":
        \"x64\"\n          },\n          \"Win2016Datacenter\": {\n            \"publisher\":
        \"MicrosoftWindowsServer\",\n            \"offer\": \"WindowsServer\",\n            \"sku\":
        \"2016-datacenter-gensecond\",\n            \"version\": \"latest\",\n            \"architecture\":
        \"x64\"\n          },\n          \"Win2012R2Datacenter\": {\n            \"publisher\":
        \"MicrosoftWindowsServer\",\n            \"offer\": \"WindowsServer\",\n            \"sku\":
        \"2012-R2-Datacenter\",\n            \"version\": \"latest\",\n            \"architecture\":
        \"x64\"\n          },\n          \"Win2012Datacenter\": {\n            \"publisher\":
        \"MicrosoftWindowsServer\",\n            \"offer\": \"WindowsServer\",\n            \"sku\":
        \"2012-Datacenter\",\n            \"version\": \"latest\",\n            \"architecture\":
        \"x64\"\n          }\n        }\n      }\n    }\n  }\n}\n"
    headers:
      accept-ranges:
      - bytes
      access-control-allow-origin:
      - '*'
      cache-control:
      - max-age=300
      connection:
      - keep-alive
      content-length:
      - '3790'
      content-security-policy:
      - default-src 'none'; style-src 'unsafe-inline'; sandbox
      content-type:
      - text/plain; charset=utf-8
      cross-origin-resource-policy:
      - cross-origin
      date:
      - Tue, 14 Jan 2025 17:16:42 GMT
      etag:
      - W/"0f53b56eda413b90fc6365dd4848831171968adfbf5b440c8da07b5866a97d67"
      expires:
      - Tue, 14 Jan 2025 17:21:42 GMT
      source-age:
      - '217'
      strict-transport-security:
      - max-age=31536000
      vary:
      - Authorization,Accept-Encoding,Origin
      via:
      - 1.1 varnish
      x-cache:
      - HIT
      x-cache-hits:
      - '0'
      x-content-type-options:
      - nosniff
      x-fastly-request-id:
      - 9ca3cec7978089e175edc0358f119120c5703cd7
      x-frame-options:
      - deny
      x-github-request-id:
      - 17F5:177B74:A1676:C29D4:67869B21
      x-served-by:
      - cache-bom4731-BOM
      x-timer:
      - S1736875002.422348,VS0,VE1
      x-xss-protection:
      - 1; mode=block
    status:
      code: 200
      message: OK
- request:
    body: null
    headers:
      Accept:
      - application/json
      Accept-Encoding:
      - gzip, deflate
      CommandName:
      - vmss create
      Connection:
      - keep-alive
      ParameterSetName:
      - -g -n --image --instance-count --admin-username --admin-password --encryption-identity
        --assign-identity --orchestration-mode --lb-sku
      User-Agent:
      - AZURECLI/2.67.0 azsdk-python-core/1.31.0 Python/3.12.8 (Windows-11-10.0.26100-SP0)
    method: GET
    uri: https://management.azure.com/subscriptions/00000000-0000-0000-0000-000000000000/providers/Microsoft.Compute/locations/westus/publishers/MicrosoftWindowsServer/artifacttypes/vmimage/offers/WindowsServer/skus/2022-datacenter-g2/versions?$top=1&$orderby=name%20desc&api-version=2024-07-01
  response:
    body:
      string: "[\r\n  {\r\n    \"location\": \"westus\",\r\n    \"name\": \"20348.2966.241205\",\r\n
        \   \"id\": \"/Subscriptions/00000000-0000-0000-0000-000000000000/Providers/Microsoft.Compute/Locations/westus/Publishers/MicrosoftWindowsServer/ArtifactTypes/VMImage/Offers/WindowsServer/Skus/2022-datacenter-g2/Versions/20348.2966.241205\"\r\n
        \ }\r\n]"
    headers:
      cache-control:
      - no-cache
      content-length:
      - '313'
      content-type:
      - application/json; charset=utf-8
      date:
      - Tue, 14 Jan 2025 17:16:42 GMT
      expires:
      - '-1'
      pragma:
      - no-cache
      strict-transport-security:
      - max-age=31536000; includeSubDomains
      x-cache:
      - CONFIG_NOCACHE
      x-content-type-options:
      - nosniff
      x-ms-ratelimit-remaining-resource:
      - Microsoft.Compute/ListVMImagesVersionsFromLocation3Min;15999,Microsoft.Compute/ListVMImagesVersionsFromLocation30Min;43994
      x-ms-ratelimit-remaining-subscription-global-reads:
      - '16499'
      x-msedge-ref:
      - 'Ref A: 9A9DB85BA92448F892BB7A6E8CEAD817 Ref B: MAA201060514039 Ref C: 2025-01-14T17:16:42Z'
    status:
      code: 200
      message: OK
- request:
    body: null
    headers:
      Accept:
      - application/json
      Accept-Encoding:
      - gzip, deflate
      CommandName:
      - vmss create
      Connection:
      - keep-alive
      ParameterSetName:
      - -g -n --image --instance-count --admin-username --admin-password --encryption-identity
        --assign-identity --orchestration-mode --lb-sku
      User-Agent:
      - AZURECLI/2.67.0 azsdk-python-core/1.31.0 Python/3.12.8 (Windows-11-10.0.26100-SP0)
    method: GET
    uri: https://management.azure.com/subscriptions/00000000-0000-0000-0000-000000000000/providers/Microsoft.Compute/locations/westus/publishers/MicrosoftWindowsServer/artifacttypes/vmimage/offers/WindowsServer/skus/2022-datacenter-g2/versions/20348.2966.241205?api-version=2024-07-01
  response:
    body:
      string: "{\r\n  \"properties\": {\r\n    \"hyperVGeneration\": \"V2\",\r\n    \"architecture\":
        \"x64\",\r\n    \"replicaType\": \"Managed\",\r\n    \"replicaCount\": 10,\r\n
        \   \"disallowed\": {\r\n      \"vmDiskType\": \"Unmanaged\"\r\n    },\r\n
        \   \"automaticOSUpgradeProperties\": {\r\n      \"automaticOSUpgradeSupported\":
        false\r\n    },\r\n    \"imageDeprecationStatus\": {\r\n      \"imageState\":
        \"Active\"\r\n    },\r\n    \"features\": [\r\n      {\r\n        \"name\":
        \"SecurityType\",\r\n        \"value\": \"TrustedLaunchAndConfidentialVmSupported\"\r\n
        \     },\r\n      {\r\n        \"name\": \"IsAcceleratedNetworkSupported\",\r\n
        \       \"value\": \"True\"\r\n      },\r\n      {\r\n        \"name\": \"DiskControllerTypes\",\r\n
        \       \"value\": \"SCSI, NVMe\"\r\n      },\r\n      {\r\n        \"name\":
        \"IsHibernateSupported\",\r\n        \"value\": \"True\"\r\n      }\r\n    ],\r\n
        \   \"osDiskImage\": {\r\n      \"operatingSystem\": \"Windows\",\r\n      \"sizeInGb\":
        127\r\n    },\r\n    \"dataDiskImages\": [],\r\n    \"goLiveDate\": \"2024-12-10T00:00:00+00:00\"\r\n
        \ },\r\n  \"location\": \"westus\",\r\n  \"name\": \"20348.2966.241205\",\r\n
        \ \"id\": \"/Subscriptions/00000000-0000-0000-0000-000000000000/Providers/Microsoft.Compute/Locations/westus/Publishers/MicrosoftWindowsServer/ArtifactTypes/VMImage/Offers/WindowsServer/Skus/2022-datacenter-g2/Versions/20348.2966.241205\"\r\n}"
    headers:
      cache-control:
      - no-cache
      content-length:
      - '1232'
      content-type:
      - application/json; charset=utf-8
      date:
      - Tue, 14 Jan 2025 17:16:43 GMT
      expires:
      - '-1'
      pragma:
      - no-cache
      strict-transport-security:
      - max-age=31536000; includeSubDomains
      x-cache:
      - CONFIG_NOCACHE
      x-content-type-options:
      - nosniff
      x-ms-ratelimit-remaining-resource:
      - Microsoft.Compute/GetVMImageFromLocation3Min;12999,Microsoft.Compute/GetVMImageFromLocation30Min;73995
      x-ms-ratelimit-remaining-subscription-global-reads:
      - '16499'
      x-msedge-ref:
      - 'Ref A: 5D97128BF6B74DA99F71FC86112D9957 Ref B: MAA201060513011 Ref C: 2025-01-14T17:16:43Z'
    status:
      code: 200
      message: OK
- request:
    body: null
    headers:
      Accept:
      - application/json
      Accept-Encoding:
      - gzip, deflate
      CommandName:
      - vmss create
      Connection:
      - keep-alive
      ParameterSetName:
      - -g -n --image --instance-count --admin-username --admin-password --encryption-identity
        --assign-identity --orchestration-mode --lb-sku
      User-Agent:
      - AZURECLI/2.67.0 azsdk-python-core/1.31.0 Python/3.12.8 (Windows-11-10.0.26100-SP0)
    method: GET
    uri: https://management.azure.com/subscriptions/00000000-0000-0000-0000-000000000000/resourceGroups/test_vmss_incorrect_encryption_identity_for_disk_encryption000001/providers/Microsoft.Network/virtualNetworks?api-version=2022-01-01
  response:
    body:
      string: '{"value":[]}'
    headers:
      cache-control:
      - no-cache
      content-length:
      - '12'
      content-type:
      - application/json; charset=utf-8
      date:
      - Tue, 14 Jan 2025 17:16:45 GMT
      expires:
      - '-1'
      pragma:
      - no-cache
      strict-transport-security:
      - max-age=31536000; includeSubDomains
      x-cache:
      - CONFIG_NOCACHE
      x-content-type-options:
      - nosniff
      x-ms-ratelimit-remaining-subscription-global-reads:
      - '16499'
      x-msedge-ref:
      - 'Ref A: 949CEF6B542047F5B65A7C2594E6344F Ref B: MAA201060516053 Ref C: 2025-01-14T17:16:44Z'
    status:
      code: 200
      message: OK
- request:
    body: null
    headers:
      Accept:
      - '*/*'
      Accept-Encoding:
      - gzip, deflate
      Connection:
      - keep-alive
      User-Agent:
      - python-requests/2.32.3
    method: GET
    uri: https://raw.githubusercontent.com/Azure/azure-rest-api-specs/main/arm-compute/quickstart-templates/aliases.json
  response:
    body:
      string: "{\n  \"$schema\": \"http://schema.management.azure.com/schemas/2015-01-01/deploymentTemplate.json\",\n
        \ \"contentVersion\": \"1.0.0.0\",\n  \"parameters\": {},\n  \"variables\":
        {},\n  \"resources\": [],\n  \"outputs\": {\n    \"aliases\": {\n      \"type\":
        \"object\",\n      \"value\": {\n        \"Linux\": {\n          \"CentOS85Gen2\":
        {\n            \"publisher\": \"OpenLogic\",\n            \"offer\": \"CentOS\",\n
        \           \"sku\": \"8_5-gen2\",\n            \"version\": \"latest\",\n
        \           \"architecture\": \"x64\"\n          },\n          \"Debian11\":
        {\n            \"publisher\": \"Debian\",\n            \"offer\": \"debian-11\",\n
        \           \"sku\": \"11-backports-gen2\",\n            \"version\": \"latest\",\n
        \           \"architecture\": \"x64\"\n          },\n          \"OpenSuseLeap154Gen2\":
        {\n            \"publisher\": \"SUSE\",\n            \"offer\": \"openSUSE-leap-15-4\",\n
        \           \"sku\": \"gen2\",\n            \"version\": \"latest\",\n            \"architecture\":
        \"x64\"\n          },\n          \"RHELRaw8LVMGen2\": {\n            \"publisher\":
        \"RedHat\",\n            \"offer\": \"RHEL\",\n            \"sku\": \"8-lvm-gen2\",\n
        \           \"version\": \"latest\",\n            \"architecture\": \"x64\"\n
        \         },\n          \"SuseSles15SP5\": {\n            \"publisher\": \"SUSE\",\n
        \           \"offer\": \"sles-15-sp5\",\n            \"sku\": \"gen2\",\n
        \           \"version\": \"latest\",\n            \"architecture\": \"x64\"\n
        \         },\n          \"Ubuntu2204\": {\n            \"publisher\": \"Canonical\",\n
        \           \"offer\": \"0001-com-ubuntu-server-jammy\",\n            \"sku\":
        \"22_04-lts-gen2\",\n            \"version\": \"latest\",\n            \"architecture\":
        \"x64\"\n          },\n          \"Ubuntu2404\": {\n            \"publisher\":
        \"Canonical\",\n            \"offer\": \"ubuntu-24_04-lts\",\n            \"sku\":
        \"server\",\n            \"version\": \"latest\",\n            \"architecture\":
        \"x64\"\n          },\n          \"Ubuntu2404Pro\": {\n            \"publisher\":
        \"Canonical\",\n            \"offer\": \"ubuntu-24_04-lts\",\n            \"sku\":
        \"ubuntu-pro\",\n            \"version\": \"latest\",\n            \"architecture\":
        \"x64\"\n          },\n          \"FlatcarLinuxFreeGen2\": {\n            \"publisher\":
        \"kinvolk\",\n            \"offer\": \"flatcar-container-linux-free\",\n            \"sku\":
        \"stable-gen2\",\n            \"version\": \"latest\",\n            \"architecture\":
        \"x64\"\n          }\n        },\n        \"Windows\": {\n          \"Win2022Datacenter\":
        {\n            \"publisher\": \"MicrosoftWindowsServer\",\n            \"offer\":
        \"WindowsServer\",\n            \"sku\": \"2022-datacenter-g2\",\n            \"version\":
        \"latest\",\n            \"architecture\": \"x64\"\n          },\n          \"Win2022AzureEditionCore\":
        {\n            \"publisher\": \"MicrosoftWindowsServer\",\n            \"offer\":
        \"WindowsServer\",\n            \"sku\": \"2022-datacenter-azure-edition-core\",\n
        \           \"version\": \"latest\",\n            \"architecture\": \"x64\"\n
        \         },\n          \"Win2019Datacenter\": {\n            \"publisher\":
        \"MicrosoftWindowsServer\",\n            \"offer\": \"WindowsServer\",\n            \"sku\":
        \"2019-datacenter-gensecond\",\n            \"version\": \"latest\",\n            \"architecture\":
        \"x64\"\n          },\n          \"Win2016Datacenter\": {\n            \"publisher\":
        \"MicrosoftWindowsServer\",\n            \"offer\": \"WindowsServer\",\n            \"sku\":
        \"2016-datacenter-gensecond\",\n            \"version\": \"latest\",\n            \"architecture\":
        \"x64\"\n          },\n          \"Win2012R2Datacenter\": {\n            \"publisher\":
        \"MicrosoftWindowsServer\",\n            \"offer\": \"WindowsServer\",\n            \"sku\":
        \"2012-R2-Datacenter\",\n            \"version\": \"latest\",\n            \"architecture\":
        \"x64\"\n          },\n          \"Win2012Datacenter\": {\n            \"publisher\":
        \"MicrosoftWindowsServer\",\n            \"offer\": \"WindowsServer\",\n            \"sku\":
        \"2012-Datacenter\",\n            \"version\": \"latest\",\n            \"architecture\":
        \"x64\"\n          }\n        }\n      }\n    }\n  }\n}\n"
    headers:
      accept-ranges:
      - bytes
      access-control-allow-origin:
      - '*'
      cache-control:
      - max-age=300
      connection:
      - keep-alive
      content-length:
      - '3790'
      content-security-policy:
      - default-src 'none'; style-src 'unsafe-inline'; sandbox
      content-type:
      - text/plain; charset=utf-8
      cross-origin-resource-policy:
      - cross-origin
      date:
      - Tue, 14 Jan 2025 17:16:45 GMT
      etag:
      - W/"0f53b56eda413b90fc6365dd4848831171968adfbf5b440c8da07b5866a97d67"
      expires:
      - Tue, 14 Jan 2025 17:21:45 GMT
      source-age:
      - '220'
      strict-transport-security:
      - max-age=31536000
      vary:
      - Authorization,Accept-Encoding,Origin
      via:
      - 1.1 varnish
      x-cache:
      - HIT
      x-cache-hits:
      - '1'
      x-content-type-options:
      - nosniff
      x-fastly-request-id:
      - 32d84697bc7f87870cab1e89236c7a1c9b6e3cb5
      x-frame-options:
      - deny
      x-github-request-id:
      - 17F5:177B74:A1676:C29D4:67869B21
      x-served-by:
      - cache-bom4733-BOM
      x-timer:
      - S1736875006.556547,VS0,VE2
      x-xss-protection:
      - 1; mode=block
    status:
      code: 200
      message: OK
- request:
    body: null
    headers:
      Accept:
      - application/json
      Accept-Encoding:
      - gzip, deflate
      CommandName:
      - vmss create
      Connection:
      - keep-alive
      ParameterSetName:
      - -g -n --image --instance-count --admin-username --admin-password --encryption-identity
        --assign-identity --orchestration-mode --lb-sku
      User-Agent:
      - AZURECLI/2.67.0 azsdk-python-core/1.31.0 Python/3.12.8 (Windows-11-10.0.26100-SP0)
    method: GET
    uri: https://management.azure.com/subscriptions/00000000-0000-0000-0000-000000000000/providers/Microsoft.Compute/locations/westus/publishers/MicrosoftWindowsServer/artifacttypes/vmimage/offers/WindowsServer/skus/2022-datacenter-g2/versions?$top=1&$orderby=name%20desc&api-version=2024-07-01
  response:
    body:
      string: "[\r\n  {\r\n    \"location\": \"westus\",\r\n    \"name\": \"20348.2966.241205\",\r\n
        \   \"id\": \"/Subscriptions/00000000-0000-0000-0000-000000000000/Providers/Microsoft.Compute/Locations/westus/Publishers/MicrosoftWindowsServer/ArtifactTypes/VMImage/Offers/WindowsServer/Skus/2022-datacenter-g2/Versions/20348.2966.241205\"\r\n
        \ }\r\n]"
    headers:
      cache-control:
      - no-cache
      content-length:
      - '313'
      content-type:
      - application/json; charset=utf-8
      date:
      - Tue, 14 Jan 2025 17:16:50 GMT
      expires:
      - '-1'
      pragma:
      - no-cache
      strict-transport-security:
      - max-age=31536000; includeSubDomains
      x-cache:
      - CONFIG_NOCACHE
      x-content-type-options:
      - nosniff
      x-ms-ratelimit-remaining-resource:
      - Microsoft.Compute/ListVMImagesVersionsFromLocation3Min;15998,Microsoft.Compute/ListVMImagesVersionsFromLocation30Min;43993
      x-ms-ratelimit-remaining-subscription-global-reads:
      - '16499'
      x-msedge-ref:
      - 'Ref A: 083C7B1390A04739A835C58FA667AD24 Ref B: MAA201060514025 Ref C: 2025-01-14T17:16:49Z'
    status:
      code: 200
      message: OK
- request:
    body: null
    headers:
      Accept:
      - application/json
      Accept-Encoding:
      - gzip, deflate
      CommandName:
      - vmss create
      Connection:
      - keep-alive
      ParameterSetName:
      - -g -n --image --instance-count --admin-username --admin-password --encryption-identity
        --assign-identity --orchestration-mode --lb-sku
      User-Agent:
      - AZURECLI/2.67.0 azsdk-python-core/1.31.0 Python/3.12.8 (Windows-11-10.0.26100-SP0)
    method: GET
    uri: https://management.azure.com/subscriptions/00000000-0000-0000-0000-000000000000/providers/Microsoft.Compute/locations/westus/publishers/MicrosoftWindowsServer/artifacttypes/vmimage/offers/WindowsServer/skus/2022-datacenter-g2/versions/20348.2966.241205?api-version=2024-07-01
  response:
    body:
      string: "{\r\n  \"properties\": {\r\n    \"hyperVGeneration\": \"V2\",\r\n    \"architecture\":
        \"x64\",\r\n    \"replicaType\": \"Managed\",\r\n    \"replicaCount\": 10,\r\n
        \   \"disallowed\": {\r\n      \"vmDiskType\": \"Unmanaged\"\r\n    },\r\n
        \   \"automaticOSUpgradeProperties\": {\r\n      \"automaticOSUpgradeSupported\":
        false\r\n    },\r\n    \"imageDeprecationStatus\": {\r\n      \"imageState\":
        \"Active\"\r\n    },\r\n    \"features\": [\r\n      {\r\n        \"name\":
        \"SecurityType\",\r\n        \"value\": \"TrustedLaunchAndConfidentialVmSupported\"\r\n
        \     },\r\n      {\r\n        \"name\": \"IsAcceleratedNetworkSupported\",\r\n
        \       \"value\": \"True\"\r\n      },\r\n      {\r\n        \"name\": \"DiskControllerTypes\",\r\n
        \       \"value\": \"SCSI, NVMe\"\r\n      },\r\n      {\r\n        \"name\":
        \"IsHibernateSupported\",\r\n        \"value\": \"True\"\r\n      }\r\n    ],\r\n
        \   \"osDiskImage\": {\r\n      \"operatingSystem\": \"Windows\",\r\n      \"sizeInGb\":
        127\r\n    },\r\n    \"dataDiskImages\": [],\r\n    \"goLiveDate\": \"2024-12-10T00:00:00+00:00\"\r\n
        \ },\r\n  \"location\": \"westus\",\r\n  \"name\": \"20348.2966.241205\",\r\n
        \ \"id\": \"/Subscriptions/00000000-0000-0000-0000-000000000000/Providers/Microsoft.Compute/Locations/westus/Publishers/MicrosoftWindowsServer/ArtifactTypes/VMImage/Offers/WindowsServer/Skus/2022-datacenter-g2/Versions/20348.2966.241205\"\r\n}"
    headers:
      cache-control:
      - no-cache
      content-length:
      - '1232'
      content-type:
      - application/json; charset=utf-8
      date:
      - Tue, 14 Jan 2025 17:16:51 GMT
      expires:
      - '-1'
      pragma:
      - no-cache
      strict-transport-security:
      - max-age=31536000; includeSubDomains
      x-cache:
      - CONFIG_NOCACHE
      x-content-type-options:
      - nosniff
      x-ms-ratelimit-remaining-resource:
      - Microsoft.Compute/GetVMImageFromLocation3Min;12998,Microsoft.Compute/GetVMImageFromLocation30Min;73994
      x-ms-ratelimit-remaining-subscription-global-reads:
      - '16499'
      x-msedge-ref:
      - 'Ref A: FA5CC5C4A5644BDCB7E7205E7BC70BE2 Ref B: MAA201060513051 Ref C: 2025-01-14T17:16:51Z'
    status:
      code: 200
      message: OK
- request:
    body: null
    headers:
      Accept:
      - application/json
      Accept-Encoding:
      - gzip, deflate
      CommandName:
      - vmss create
      Connection:
      - keep-alive
      ParameterSetName:
      - -g -n --image --instance-count --admin-username --admin-password --encryption-identity
        --assign-identity --orchestration-mode --lb-sku
      User-Agent:
      - AZURECLI/2.67.0 azsdk-python-core/1.31.0 Python/3.12.8 (Windows-11-10.0.26100-SP0)
    method: GET
    uri: https://management.azure.com/subscriptions/00000000-0000-0000-0000-000000000000/providers/Microsoft.Compute/locations/westus/publishers/MicrosoftWindowsServer/artifacttypes/vmimage/offers/WindowsServer/skus/2022-datacenter-g2/versions?$top=1&$orderby=name%20desc&api-version=2024-07-01
  response:
    body:
      string: "[\r\n  {\r\n    \"location\": \"westus\",\r\n    \"name\": \"20348.2966.241205\",\r\n
        \   \"id\": \"/Subscriptions/00000000-0000-0000-0000-000000000000/Providers/Microsoft.Compute/Locations/westus/Publishers/MicrosoftWindowsServer/ArtifactTypes/VMImage/Offers/WindowsServer/Skus/2022-datacenter-g2/Versions/20348.2966.241205\"\r\n
        \ }\r\n]"
    headers:
      cache-control:
      - no-cache
      content-length:
      - '313'
      content-type:
      - application/json; charset=utf-8
      date:
      - Tue, 14 Jan 2025 17:16:52 GMT
      expires:
      - '-1'
      pragma:
      - no-cache
      strict-transport-security:
      - max-age=31536000; includeSubDomains
      x-cache:
      - CONFIG_NOCACHE
      x-content-type-options:
      - nosniff
      x-ms-ratelimit-remaining-resource:
      - Microsoft.Compute/ListVMImagesVersionsFromLocation3Min;15997,Microsoft.Compute/ListVMImagesVersionsFromLocation30Min;43992
      x-ms-ratelimit-remaining-subscription-global-reads:
      - '16499'
      x-msedge-ref:
      - 'Ref A: BACAF51FD467443685350E7D9D6F2F6C Ref B: MAA201060516053 Ref C: 2025-01-14T17:16:52Z'
    status:
      code: 200
      message: OK
- request:
    body: null
    headers:
      Accept:
      - application/json
      Accept-Encoding:
      - gzip, deflate
      CommandName:
      - vmss create
      Connection:
      - keep-alive
      ParameterSetName:
      - -g -n --image --instance-count --admin-username --admin-password --encryption-identity
        --assign-identity --orchestration-mode --lb-sku
      User-Agent:
      - AZURECLI/2.67.0 azsdk-python-core/1.31.0 Python/3.12.8 (Windows-11-10.0.26100-SP0)
    method: GET
    uri: https://management.azure.com/subscriptions/00000000-0000-0000-0000-000000000000/providers/Microsoft.Compute/locations/westus/publishers/MicrosoftWindowsServer/artifacttypes/vmimage/offers/WindowsServer/skus/2022-datacenter-g2/versions/20348.2966.241205?api-version=2024-07-01
  response:
    body:
      string: "{\r\n  \"properties\": {\r\n    \"hyperVGeneration\": \"V2\",\r\n    \"architecture\":
        \"x64\",\r\n    \"replicaType\": \"Managed\",\r\n    \"replicaCount\": 10,\r\n
        \   \"disallowed\": {\r\n      \"vmDiskType\": \"Unmanaged\"\r\n    },\r\n
        \   \"automaticOSUpgradeProperties\": {\r\n      \"automaticOSUpgradeSupported\":
        false\r\n    },\r\n    \"imageDeprecationStatus\": {\r\n      \"imageState\":
        \"Active\"\r\n    },\r\n    \"features\": [\r\n      {\r\n        \"name\":
        \"SecurityType\",\r\n        \"value\": \"TrustedLaunchAndConfidentialVmSupported\"\r\n
        \     },\r\n      {\r\n        \"name\": \"IsAcceleratedNetworkSupported\",\r\n
        \       \"value\": \"True\"\r\n      },\r\n      {\r\n        \"name\": \"DiskControllerTypes\",\r\n
        \       \"value\": \"SCSI, NVMe\"\r\n      },\r\n      {\r\n        \"name\":
        \"IsHibernateSupported\",\r\n        \"value\": \"True\"\r\n      }\r\n    ],\r\n
        \   \"osDiskImage\": {\r\n      \"operatingSystem\": \"Windows\",\r\n      \"sizeInGb\":
        127\r\n    },\r\n    \"dataDiskImages\": [],\r\n    \"goLiveDate\": \"2024-12-10T00:00:00+00:00\"\r\n
        \ },\r\n  \"location\": \"westus\",\r\n  \"name\": \"20348.2966.241205\",\r\n
        \ \"id\": \"/Subscriptions/00000000-0000-0000-0000-000000000000/Providers/Microsoft.Compute/Locations/westus/Publishers/MicrosoftWindowsServer/ArtifactTypes/VMImage/Offers/WindowsServer/Skus/2022-datacenter-g2/Versions/20348.2966.241205\"\r\n}"
    headers:
      cache-control:
      - no-cache
      content-length:
      - '1232'
      content-type:
      - application/json; charset=utf-8
      date:
      - Tue, 14 Jan 2025 17:16:53 GMT
      expires:
      - '-1'
      pragma:
      - no-cache
      strict-transport-security:
      - max-age=31536000; includeSubDomains
      x-cache:
      - CONFIG_NOCACHE
      x-content-type-options:
      - nosniff
      x-ms-ratelimit-remaining-resource:
      - Microsoft.Compute/GetVMImageFromLocation3Min;12997,Microsoft.Compute/GetVMImageFromLocation30Min;73993
      x-ms-ratelimit-remaining-subscription-global-reads:
      - '16499'
      x-msedge-ref:
      - 'Ref A: 125563236FE5464B971201AF1BB1BD0B Ref B: MAA201060515037 Ref C: 2025-01-14T17:16:53Z'
    status:
      code: 200
      message: OK
version: 1
