interactions:
- request:
    body: null
    headers:
      Accept:
      - application/json
      Accept-Encoding:
      - gzip, deflate
      CommandName:
      - vm create
      Connection:
      - keep-alive
      ParameterSetName:
      - -g -n --image
      User-Agent:
      - AZURECLI/2.30.0 azsdk-python-azure-mgmt-resource/19.0.0 Python/3.8.9 (Windows-10-10.0.22000-SP0)
    method: GET
    uri: https://management.azure.com/subscriptions/00000000-0000-0000-0000-000000000000/resourcegroups/cli_test_vm_run_command_v2000001?api-version=2021-04-01
  response:
    body:
      string: '{"id":"/subscriptions/00000000-0000-0000-0000-000000000000/resourceGroups/cli_test_vm_run_command_v2000001","name":"cli_test_vm_run_command_v2000001","type":"Microsoft.Resources/resourceGroups","location":"westus","tags":{"product":"azurecli","cause":"automation","date":"2021-11-15T06:21:41Z"},"properties":{"provisioningState":"Succeeded"}}'
    headers:
      cache-control:
      - no-cache
      content-length:
      - '428'
      content-type:
      - application/json; charset=utf-8
      date:
      - Mon, 15 Nov 2021 06:21:45 GMT
      expires:
      - '-1'
      pragma:
      - no-cache
      strict-transport-security:
      - max-age=31536000; includeSubDomains
      vary:
      - Accept-Encoding
      x-content-type-options:
      - nosniff
    status:
      code: 200
      message: OK
- request:
    body: null
    headers:
      Accept:
      - '*/*'
      Accept-Encoding:
      - gzip, deflate
      Connection:
      - keep-alive
      User-Agent:
      - python-requests/2.25.1
    method: GET
    uri: https://raw.githubusercontent.com/Azure/azure-rest-api-specs/master/arm-compute/quickstart-templates/aliases.json
  response:
    body:
      string: "{\n  \"$schema\": \"http://schema.management.azure.com/schemas/2015-01-01/deploymentTemplate.json\",\n
        \ \"contentVersion\": \"1.0.0.0\",\n  \"parameters\": {},\n  \"variables\":
        {},\n  \"resources\": [],\n  \"outputs\": {\n    \"aliases\": {\n      \"type\":
        \"object\",\n      \"value\": {\n        \"Linux\": {\n          \"CentOS\":
        {\n            \"publisher\": \"OpenLogic\",\n            \"offer\": \"CentOS\",\n
        \           \"sku\": \"7.5\",\n            \"version\": \"latest\"\n          },\n
        \         \"Debian\": {\n            \"publisher\": \"Debian\",\n            \"offer\":
        \"debian-10\",\n            \"sku\": \"10\",\n            \"version\": \"latest\"\n
        \         },\n          \"Flatcar\": {\n            \"publisher\": \"kinvolk\",\n
        \           \"offer\": \"flatcar-container-linux-free\",\n            \"sku\":
        \"stable\",\n            \"version\": \"latest\"\n          },\n          \"openSUSE-Leap\":
        {\n            \"publisher\": \"SUSE\",\n            \"offer\": \"openSUSE-Leap\",\n
        \           \"sku\": \"42.3\",\n            \"version\": \"latest\"\n          },\n
        \         \"RHEL\": {\n            \"publisher\": \"RedHat\",\n            \"offer\":
        \"RHEL\",\n            \"sku\": \"7-LVM\",\n            \"version\": \"latest\"\n
        \         },\n          \"SLES\": {\n            \"publisher\": \"SUSE\",\n
        \           \"offer\": \"SLES\",\n            \"sku\": \"15\",\n            \"version\":
        \"latest\"\n          },\n          \"UbuntuLTS\": {\n            \"publisher\":
        \"Canonical\",\n            \"offer\": \"UbuntuServer\",\n            \"sku\":
        \"18.04-LTS\",\n            \"version\": \"latest\"\n          }\n        },\n
        \       \"Windows\": {\n          \"Win2019Datacenter\": {\n            \"publisher\":
        \"MicrosoftWindowsServer\",\n            \"offer\": \"WindowsServer\",\n            \"sku\":
        \"2019-Datacenter\",\n            \"version\": \"latest\"\n          },\n
        \         \"Win2016Datacenter\": {\n            \"publisher\": \"MicrosoftWindowsServer\",\n
        \           \"offer\": \"WindowsServer\",\n            \"sku\": \"2016-Datacenter\",\n
        \           \"version\": \"latest\"\n          },\n          \"Win2012R2Datacenter\":
        {\n            \"publisher\": \"MicrosoftWindowsServer\",\n            \"offer\":
        \"WindowsServer\",\n            \"sku\": \"2012-R2-Datacenter\",\n            \"version\":
        \"latest\"\n          },\n          \"Win2012Datacenter\": {\n            \"publisher\":
        \"MicrosoftWindowsServer\",\n            \"offer\": \"WindowsServer\",\n            \"sku\":
        \"2012-Datacenter\",\n            \"version\": \"latest\"\n          },\n
        \         \"Win2008R2SP1\": {\n            \"publisher\": \"MicrosoftWindowsServer\",\n
        \           \"offer\": \"WindowsServer\",\n            \"sku\": \"2008-R2-SP1\",\n
        \           \"version\": \"latest\"\n          }\n        }\n      }\n    }\n
        \ }\n}\n"
    headers:
      accept-ranges:
      - bytes
      access-control-allow-origin:
      - '*'
      cache-control:
      - max-age=300
      connection:
      - keep-alive
      content-length:
      - '2525'
      content-security-policy:
      - default-src 'none'; style-src 'unsafe-inline'; sandbox
      content-type:
      - text/plain; charset=utf-8
      date:
      - Mon, 15 Nov 2021 06:21:45 GMT
      etag:
      - W/"54bceef15b892f2aa7f4c2145a49f1b5e33608722acdbb47933d7b6cbebbd7f4"
      expires:
      - Mon, 15 Nov 2021 06:26:45 GMT
      source-age:
      - '119'
      strict-transport-security:
      - max-age=31536000
      vary:
      - Authorization,Accept-Encoding,Origin
      via:
      - 1.1 varnish
      x-cache:
      - HIT
      x-cache-hits:
      - '1'
      x-content-type-options:
      - nosniff
      x-fastly-request-id:
      - 62d178dcc35ecbea0112446247c1140c0d81ed15
      x-frame-options:
      - deny
      x-github-request-id:
      - A35A:385E:134090:1AC51A:6191232D
      x-served-by:
      - cache-qpg1271-QPG
      x-timer:
      - S1636957306.955145,VS0,VE1
      x-xss-protection:
      - 1; mode=block
    status:
      code: 200
      message: OK
- request:
    body: null
    headers:
      Accept:
      - application/json, text/json
      Accept-Encoding:
      - gzip, deflate
      CommandName:
      - vm create
      Connection:
      - keep-alive
      ParameterSetName:
      - -g -n --image
      User-Agent:
      - AZURECLI/2.30.0 azsdk-python-azure-mgmt-network/19.1.0 Python/3.8.9 (Windows-10-10.0.22000-SP0)
    method: GET
    uri: https://management.azure.com/subscriptions/00000000-0000-0000-0000-000000000000/resourceGroups/cli_test_vm_run_command_v2000001/providers/Microsoft.Network/virtualNetworks?api-version=2018-01-01
  response:
    body:
      string: '{"value":[]}'
    headers:
      cache-control:
      - no-cache
      content-length:
      - '12'
      content-type:
      - application/json; charset=utf-8
      date:
      - Mon, 15 Nov 2021 06:21:47 GMT
      expires:
      - '-1'
      pragma:
      - no-cache
      strict-transport-security:
      - max-age=31536000; includeSubDomains
      vary:
      - Accept-Encoding
      x-content-type-options:
      - nosniff
    status:
      code: 200
      message: OK
- request:
    body: '{"properties": {"template": {"$schema": "https://schema.management.azure.com/schemas/2015-01-01/deploymentTemplate.json#",
      "contentVersion": "1.0.0.0", "parameters": {}, "variables": {}, "resources":
      [{"name": "vm-000002VNET", "type": "Microsoft.Network/virtualNetworks", "location":
      "westus", "apiVersion": "2015-06-15", "dependsOn": [], "tags": {}, "properties":
      {"addressSpace": {"addressPrefixes": ["10.0.0.0/16"]}, "subnets": [{"name":
      "vm-000002Subnet", "properties": {"addressPrefix": "10.0.0.0/24"}}]}}, {"type":
      "Microsoft.Network/networkSecurityGroups", "name": "vm-000002NSG", "apiVersion":
      "2015-06-15", "location": "westus", "tags": {}, "dependsOn": [], "properties":
      {"securityRules": [{"name": "default-allow-ssh", "properties": {"protocol":
      "Tcp", "sourcePortRange": "*", "destinationPortRange": "22", "sourceAddressPrefix":
      "*", "destinationAddressPrefix": "*", "access": "Allow", "priority": 1000, "direction":
      "Inbound"}}]}}, {"apiVersion": "2018-01-01", "type": "Microsoft.Network/publicIPAddresses",
      "name": "vm-000002PublicIP", "location": "westus", "tags": {}, "dependsOn":
      [], "properties": {"publicIPAllocationMethod": null}}, {"apiVersion": "2015-06-15",
      "type": "Microsoft.Network/networkInterfaces", "name": "vm-000002VMNic", "location":
      "westus", "tags": {}, "dependsOn": ["Microsoft.Network/virtualNetworks/vm-000002VNET",
      "Microsoft.Network/networkSecurityGroups/vm-000002NSG", "Microsoft.Network/publicIpAddresses/vm-000002PublicIP"],
      "properties": {"ipConfigurations": [{"name": "ipconfigvm-000002", "properties":
      {"privateIPAllocationMethod": "Dynamic", "subnet": {"id": "/subscriptions/00000000-0000-0000-0000-000000000000/resourceGroups/cli_test_vm_run_command_v2000001/providers/Microsoft.Network/virtualNetworks/vm-000002VNET/subnets/vm-000002Subnet"},
      "publicIPAddress": {"id": "/subscriptions/00000000-0000-0000-0000-000000000000/resourceGroups/cli_test_vm_run_command_v2000001/providers/Microsoft.Network/publicIPAddresses/vm-000002PublicIP"}}}],
      "networkSecurityGroup": {"id": "/subscriptions/00000000-0000-0000-0000-000000000000/resourceGroups/cli_test_vm_run_command_v2000001/providers/Microsoft.Network/networkSecurityGroups/vm-000002NSG"}}},
      {"apiVersion": "2021-07-01", "type": "Microsoft.Compute/virtualMachines", "name":
      "vm-000002", "location": "westus", "tags": {}, "dependsOn": ["Microsoft.Network/networkInterfaces/vm-000002VMNic"],
      "properties": {"hardwareProfile": {"vmSize": "Standard_DS1_v2"}, "networkProfile":
      {"networkInterfaces": [{"id": "/subscriptions/00000000-0000-0000-0000-000000000000/resourceGroups/cli_test_vm_run_command_v2000001/providers/Microsoft.Network/networkInterfaces/vm-000002VMNic",
      "properties": {"deleteOption": null}}]}, "storageProfile": {"osDisk": {"createOption":
      "fromImage", "name": null, "caching": "ReadWrite", "managedDisk": {"storageAccountType":
      null}}, "imageReference": {"publisher": "Canonical", "offer": "UbuntuServer",
      "sku": "18.04-LTS", "version": "latest"}}, "osProfile": {"computerName": "vm-000002",
      "adminUsername": "v-jingszhang", "linuxConfiguration": {"disablePasswordAuthentication":
      true, "ssh": {"publicKeys": [{"keyData": "ssh-rsa AAAAB3NzaC1yc2EAAAADAQABAAABAQDL2PtV5sp++a43U/dRJ2Fyjso9qDFNbWEnbYk7mA4CfXy0gvxm65oYVd90JysNmGBF/89hIvCTN3ul4aEIuPkzywozRbdyWiJngSd/7OrNBJzpQQSjsGXwoVNDRAJSzlvuQVUR2vwBHeN2xMIvufSvzO3LGI3xcSIWIYlSvU9urnV+Pefd4T6x/OXgTpE02AgMWOspdZTzg0ZKsSU3sG5nYSNoq+8qrHQSXLbLLdWzz5lYKe8p64fQC/xhXrNa3/Nw5vy8YGsyqGueM/Rj6gCI+ivgBlQg908Aa50yQLvwsMLIKxhgPlj73Am8zm27PS3DKVjkr0nTjbEp/3FzZnyB",
      "path": "/home/v-jingszhang/.ssh/authorized_keys"}]}}}}}], "outputs": {}}, "parameters":
      {}, "mode": "incremental"}}'
    headers:
      Accept:
      - application/json
      Accept-Encoding:
      - gzip, deflate
      CommandName:
      - vm create
      Connection:
      - keep-alive
      Content-Length:
      - '3822'
      Content-Type:
      - application/json
      ParameterSetName:
      - -g -n --image
      User-Agent:
      - AZURECLI/2.30.0 azsdk-python-azure-mgmt-resource/19.0.0 Python/3.8.9 (Windows-10-10.0.22000-SP0)
    method: PUT
    uri: https://management.azure.com/subscriptions/00000000-0000-0000-0000-000000000000/resourcegroups/cli_test_vm_run_command_v2000001/providers/Microsoft.Resources/deployments/mock-deployment?api-version=2021-04-01
  response:
    body:
      string: '{"id":"/subscriptions/00000000-0000-0000-0000-000000000000/resourceGroups/cli_test_vm_run_command_v2000001/providers/Microsoft.Resources/deployments/vm_deploy_rlIIae7fXbiBUy0egd1dCBUwgJFEZi4g","name":"vm_deploy_rlIIae7fXbiBUy0egd1dCBUwgJFEZi4g","type":"Microsoft.Resources/deployments","properties":{"templateHash":"14022243336078497372","parameters":{},"mode":"Incremental","provisioningState":"Accepted","timestamp":"2021-11-15T06:21:53.8919815Z","duration":"PT2.1516401S","correlationId":"fbb7990f-327e-44cf-b612-1862d8d98929","providers":[{"namespace":"Microsoft.Network","resourceTypes":[{"resourceType":"virtualNetworks","locations":["westus"]},{"resourceType":"networkSecurityGroups","locations":["westus"]},{"resourceType":"publicIPAddresses","locations":["westus"]},{"resourceType":"networkInterfaces","locations":["westus"]}]},{"namespace":"Microsoft.Compute","resourceTypes":[{"resourceType":"virtualMachines","locations":["westus"]}]}],"dependencies":[{"dependsOn":[{"id":"/subscriptions/00000000-0000-0000-0000-000000000000/resourceGroups/cli_test_vm_run_command_v2000001/providers/Microsoft.Network/virtualNetworks/vm-000002VNET","resourceType":"Microsoft.Network/virtualNetworks","resourceName":"vm-000002VNET"},{"id":"/subscriptions/00000000-0000-0000-0000-000000000000/resourceGroups/cli_test_vm_run_command_v2000001/providers/Microsoft.Network/networkSecurityGroups/vm-000002NSG","resourceType":"Microsoft.Network/networkSecurityGroups","resourceName":"vm-000002NSG"},{"id":"/subscriptions/00000000-0000-0000-0000-000000000000/resourceGroups/cli_test_vm_run_command_v2000001/providers/Microsoft.Network/publicIPAddresses/vm-000002PublicIP","resourceType":"Microsoft.Network/publicIPAddresses","resourceName":"vm-000002PublicIP"}],"id":"/subscriptions/00000000-0000-0000-0000-000000000000/resourceGroups/cli_test_vm_run_command_v2000001/providers/Microsoft.Network/networkInterfaces/vm-000002VMNic","resourceType":"Microsoft.Network/networkInterfaces","resourceName":"vm-000002VMNic"},{"dependsOn":[{"id":"/subscriptions/00000000-0000-0000-0000-000000000000/resourceGroups/cli_test_vm_run_command_v2000001/providers/Microsoft.Network/networkInterfaces/vm-000002VMNic","resourceType":"Microsoft.Network/networkInterfaces","resourceName":"vm-000002VMNic"}],"id":"/subscriptions/00000000-0000-0000-0000-000000000000/resourceGroups/cli_test_vm_run_command_v2000001/providers/Microsoft.Compute/virtualMachines/vm-000002","resourceType":"Microsoft.Compute/virtualMachines","resourceName":"vm-000002"}]}}'
    headers:
      azure-asyncoperation:
      - https://management.azure.com/subscriptions/00000000-0000-0000-0000-000000000000/resourcegroups/cli_test_vm_run_command_v2000001/providers/Microsoft.Resources/deployments/vm_deploy_rlIIae7fXbiBUy0egd1dCBUwgJFEZi4g/operationStatuses/08585646495737372965?api-version=2021-04-01
      cache-control:
      - no-cache
      content-length:
      - '2827'
      content-type:
      - application/json; charset=utf-8
      date:
      - Mon, 15 Nov 2021 06:21:55 GMT
      expires:
      - '-1'
      pragma:
      - no-cache
      strict-transport-security:
      - max-age=31536000; includeSubDomains
      x-content-type-options:
      - nosniff
      x-ms-ratelimit-remaining-subscription-writes:
      - '1198'
    status:
      code: 201
      message: Created
- request:
    body: null
    headers:
      Accept:
      - '*/*'
      Accept-Encoding:
      - gzip, deflate
      CommandName:
      - vm create
      Connection:
      - keep-alive
      ParameterSetName:
      - -g -n --image
      User-Agent:
      - AZURECLI/2.30.0 azsdk-python-azure-mgmt-resource/19.0.0 Python/3.8.9 (Windows-10-10.0.22000-SP0)
    method: GET
    uri: https://management.azure.com/subscriptions/00000000-0000-0000-0000-000000000000/resourcegroups/cli_test_vm_run_command_v2000001/providers/Microsoft.Resources/deployments/mock-deployment/operationStatuses/08585646495737372965?api-version=2021-04-01
  response:
    body:
      string: '{"status":"Running"}'
    headers:
      cache-control:
      - no-cache
      content-length:
      - '20'
      content-type:
      - application/json; charset=utf-8
      date:
      - Mon, 15 Nov 2021 06:22:25 GMT
      expires:
      - '-1'
      pragma:
      - no-cache
      strict-transport-security:
      - max-age=31536000; includeSubDomains
      vary:
      - Accept-Encoding
      x-content-type-options:
      - nosniff
    status:
      code: 200
      message: OK
- request:
    body: null
    headers:
      Accept:
      - '*/*'
      Accept-Encoding:
      - gzip, deflate
      CommandName:
      - vm create
      Connection:
      - keep-alive
      ParameterSetName:
      - -g -n --image
      User-Agent:
      - AZURECLI/2.30.0 azsdk-python-azure-mgmt-resource/19.0.0 Python/3.8.9 (Windows-10-10.0.22000-SP0)
    method: GET
    uri: https://management.azure.com/subscriptions/00000000-0000-0000-0000-000000000000/resourcegroups/cli_test_vm_run_command_v2000001/providers/Microsoft.Resources/deployments/mock-deployment/operationStatuses/08585646495737372965?api-version=2021-04-01
  response:
    body:
      string: '{"status":"Succeeded"}'
    headers:
      cache-control:
      - no-cache
      content-length:
      - '22'
      content-type:
      - application/json; charset=utf-8
      date:
      - Mon, 15 Nov 2021 06:22:55 GMT
      expires:
      - '-1'
      pragma:
      - no-cache
      strict-transport-security:
      - max-age=31536000; includeSubDomains
      vary:
      - Accept-Encoding
      x-content-type-options:
      - nosniff
    status:
      code: 200
      message: OK
- request:
    body: null
    headers:
      Accept:
      - '*/*'
      Accept-Encoding:
      - gzip, deflate
      CommandName:
      - vm create
      Connection:
      - keep-alive
      ParameterSetName:
      - -g -n --image
      User-Agent:
      - AZURECLI/2.30.0 azsdk-python-azure-mgmt-resource/19.0.0 Python/3.8.9 (Windows-10-10.0.22000-SP0)
    method: GET
    uri: https://management.azure.com/subscriptions/00000000-0000-0000-0000-000000000000/resourcegroups/cli_test_vm_run_command_v2000001/providers/Microsoft.Resources/deployments/mock-deployment?api-version=2021-04-01
  response:
    body:
      string: '{"id":"/subscriptions/00000000-0000-0000-0000-000000000000/resourceGroups/cli_test_vm_run_command_v2000001/providers/Microsoft.Resources/deployments/vm_deploy_rlIIae7fXbiBUy0egd1dCBUwgJFEZi4g","name":"vm_deploy_rlIIae7fXbiBUy0egd1dCBUwgJFEZi4g","type":"Microsoft.Resources/deployments","properties":{"templateHash":"14022243336078497372","parameters":{},"mode":"Incremental","provisioningState":"Succeeded","timestamp":"2021-11-15T06:22:32.0170261Z","duration":"PT40.2766847S","correlationId":"fbb7990f-327e-44cf-b612-1862d8d98929","providers":[{"namespace":"Microsoft.Network","resourceTypes":[{"resourceType":"virtualNetworks","locations":["westus"]},{"resourceType":"networkSecurityGroups","locations":["westus"]},{"resourceType":"publicIPAddresses","locations":["westus"]},{"resourceType":"networkInterfaces","locations":["westus"]}]},{"namespace":"Microsoft.Compute","resourceTypes":[{"resourceType":"virtualMachines","locations":["westus"]}]}],"dependencies":[{"dependsOn":[{"id":"/subscriptions/00000000-0000-0000-0000-000000000000/resourceGroups/cli_test_vm_run_command_v2000001/providers/Microsoft.Network/virtualNetworks/vm-000002VNET","resourceType":"Microsoft.Network/virtualNetworks","resourceName":"vm-000002VNET"},{"id":"/subscriptions/00000000-0000-0000-0000-000000000000/resourceGroups/cli_test_vm_run_command_v2000001/providers/Microsoft.Network/networkSecurityGroups/vm-000002NSG","resourceType":"Microsoft.Network/networkSecurityGroups","resourceName":"vm-000002NSG"},{"id":"/subscriptions/00000000-0000-0000-0000-000000000000/resourceGroups/cli_test_vm_run_command_v2000001/providers/Microsoft.Network/publicIPAddresses/vm-000002PublicIP","resourceType":"Microsoft.Network/publicIPAddresses","resourceName":"vm-000002PublicIP"}],"id":"/subscriptions/00000000-0000-0000-0000-000000000000/resourceGroups/cli_test_vm_run_command_v2000001/providers/Microsoft.Network/networkInterfaces/vm-000002VMNic","resourceType":"Microsoft.Network/networkInterfaces","resourceName":"vm-000002VMNic"},{"dependsOn":[{"id":"/subscriptions/00000000-0000-0000-0000-000000000000/resourceGroups/cli_test_vm_run_command_v2000001/providers/Microsoft.Network/networkInterfaces/vm-000002VMNic","resourceType":"Microsoft.Network/networkInterfaces","resourceName":"vm-000002VMNic"}],"id":"/subscriptions/00000000-0000-0000-0000-000000000000/resourceGroups/cli_test_vm_run_command_v2000001/providers/Microsoft.Compute/virtualMachines/vm-000002","resourceType":"Microsoft.Compute/virtualMachines","resourceName":"vm-000002"}],"outputs":{},"outputResources":[{"id":"/subscriptions/00000000-0000-0000-0000-000000000000/resourceGroups/cli_test_vm_run_command_v2000001/providers/Microsoft.Compute/virtualMachines/vm-000002"},{"id":"/subscriptions/00000000-0000-0000-0000-000000000000/resourceGroups/cli_test_vm_run_command_v2000001/providers/Microsoft.Network/networkInterfaces/vm-000002VMNic"},{"id":"/subscriptions/00000000-0000-0000-0000-000000000000/resourceGroups/cli_test_vm_run_command_v2000001/providers/Microsoft.Network/networkSecurityGroups/vm-000002NSG"},{"id":"/subscriptions/00000000-0000-0000-0000-000000000000/resourceGroups/cli_test_vm_run_command_v2000001/providers/Microsoft.Network/publicIPAddresses/vm-000002PublicIP"},{"id":"/subscriptions/00000000-0000-0000-0000-000000000000/resourceGroups/cli_test_vm_run_command_v2000001/providers/Microsoft.Network/virtualNetworks/vm-000002VNET"}]}}'
    headers:
      cache-control:
      - no-cache
      content-length:
      - '3927'
      content-type:
      - application/json; charset=utf-8
      date:
      - Mon, 15 Nov 2021 06:22:55 GMT
      expires:
      - '-1'
      pragma:
      - no-cache
      strict-transport-security:
      - max-age=31536000; includeSubDomains
      vary:
      - Accept-Encoding
      x-content-type-options:
      - nosniff
    status:
      code: 200
      message: OK
- request:
    body: null
    headers:
      Accept:
      - application/json
      Accept-Encoding:
      - gzip, deflate
      CommandName:
      - vm create
      Connection:
      - keep-alive
      ParameterSetName:
      - -g -n --image
      User-Agent:
      - AZURECLI/2.30.0 azsdk-python-azure-mgmt-compute/23.1.0 Python/3.8.9 (Windows-10-10.0.22000-SP0)
    method: GET
    uri: https://management.azure.com/subscriptions/00000000-0000-0000-0000-000000000000/resourceGroups/cli_test_vm_run_command_v2000001/providers/Microsoft.Compute/virtualMachines/vm-000002?$expand=instanceView&api-version=2021-07-01
  response:
    body:
      string: "{\r\n  \"name\": \"vm-000002\",\r\n  \"id\": \"/subscriptions/00000000-0000-0000-0000-000000000000/resourceGroups/cli_test_vm_run_command_v2000001/providers/Microsoft.Compute/virtualMachines/vm-000002\",\r\n
        \ \"type\": \"Microsoft.Compute/virtualMachines\",\r\n  \"location\": \"westus\",\r\n
        \ \"tags\": {},\r\n  \"properties\": {\r\n    \"vmId\": \"8d8a4450-44ec-48c8-b2d7-8516f8d8d290\",\r\n
        \   \"hardwareProfile\": {\r\n      \"vmSize\": \"Standard_DS1_v2\"\r\n    },\r\n
        \   \"storageProfile\": {\r\n      \"imageReference\": {\r\n        \"publisher\":
        \"Canonical\",\r\n        \"offer\": \"UbuntuServer\",\r\n        \"sku\":
        \"18.04-LTS\",\r\n        \"version\": \"latest\",\r\n        \"exactVersion\":
        \"18.04.202111080\"\r\n      },\r\n      \"osDisk\": {\r\n        \"osType\":
        \"Linux\",\r\n        \"name\": \"vm-000002_disk1_7da90b2b6a834fa49533fdd02b56db58\",\r\n
        \       \"createOption\": \"FromImage\",\r\n        \"caching\": \"ReadWrite\",\r\n
        \       \"managedDisk\": {\r\n          \"storageAccountType\": \"Premium_LRS\",\r\n
        \         \"id\": \"/subscriptions/00000000-0000-0000-0000-000000000000/resourceGroups/cli_test_vm_run_command_v2000001/providers/Microsoft.Compute/disks/vm-000002_disk1_7da90b2b6a834fa49533fdd02b56db58\"\r\n
        \       },\r\n        \"deleteOption\": \"Detach\",\r\n        \"diskSizeGB\":
        30\r\n      },\r\n      \"dataDisks\": []\r\n    },\r\n    \"osProfile\":
        {\r\n      \"computerName\": \"vm-000002\",\r\n      \"adminUsername\": \"v-jingszhang\",\r\n
        \     \"linuxConfiguration\": {\r\n        \"disablePasswordAuthentication\":
        true,\r\n        \"ssh\": {\r\n          \"publicKeys\": [\r\n            {\r\n
        \             \"path\": \"/home/v-jingszhang/.ssh/authorized_keys\",\r\n              \"keyData\":
        \"ssh-rsa AAAAB3NzaC1yc2EAAAADAQABAAABAQDL2PtV5sp++a43U/dRJ2Fyjso9qDFNbWEnbYk7mA4CfXy0gvxm65oYVd90JysNmGBF/89hIvCTN3ul4aEIuPkzywozRbdyWiJngSd/7OrNBJzpQQSjsGXwoVNDRAJSzlvuQVUR2vwBHeN2xMIvufSvzO3LGI3xcSIWIYlSvU9urnV+Pefd4T6x/OXgTpE02AgMWOspdZTzg0ZKsSU3sG5nYSNoq+8qrHQSXLbLLdWzz5lYKe8p64fQC/xhXrNa3/Nw5vy8YGsyqGueM/Rj6gCI+ivgBlQg908Aa50yQLvwsMLIKxhgPlj73Am8zm27PS3DKVjkr0nTjbEp/3FzZnyB\"\r\n
        \           }\r\n          ]\r\n        },\r\n        \"provisionVMAgent\":
        true,\r\n        \"patchSettings\": {\r\n          \"patchMode\": \"ImageDefault\",\r\n
        \         \"assessmentMode\": \"ImageDefault\"\r\n        }\r\n      },\r\n
        \     \"secrets\": [],\r\n      \"allowExtensionOperations\": true,\r\n      \"requireGuestProvisionSignal\":
        true\r\n    },\r\n    \"networkProfile\": {\"networkInterfaces\":[{\"id\":\"/subscriptions/00000000-0000-0000-0000-000000000000/resourceGroups/cli_test_vm_run_command_v2000001/providers/Microsoft.Network/networkInterfaces/vm-000002VMNic\"}]},\r\n
        \   \"provisioningState\": \"Succeeded\",\r\n    \"instanceView\": {\r\n      \"computerName\":
        \"vm-000002\",\r\n      \"osName\": \"ubuntu\",\r\n      \"osVersion\": \"18.04\",\r\n
        \     \"vmAgent\": {\r\n        \"vmAgentVersion\": \"2.5.0.2\",\r\n        \"statuses\":
        [\r\n          {\r\n            \"code\": \"ProvisioningState/succeeded\",\r\n
        \           \"level\": \"Info\",\r\n            \"displayStatus\": \"Ready\",\r\n
        \           \"message\": \"Guest Agent is running\",\r\n            \"time\":
        \"2021-11-15T06:22:39+00:00\"\r\n          }\r\n        ],\r\n        \"extensionHandlers\":
        []\r\n      },\r\n      \"disks\": [\r\n        {\r\n          \"name\": \"vm-000002_disk1_7da90b2b6a834fa49533fdd02b56db58\",\r\n
        \         \"statuses\": [\r\n            {\r\n              \"code\": \"ProvisioningState/succeeded\",\r\n
        \             \"level\": \"Info\",\r\n              \"displayStatus\": \"Provisioning
        succeeded\",\r\n              \"time\": \"2021-11-15T06:22:16.9381609+00:00\"\r\n
        \           }\r\n          ]\r\n        }\r\n      ],\r\n      \"hyperVGeneration\":
        \"V1\",\r\n      \"statuses\": [\r\n        {\r\n          \"code\": \"ProvisioningState/succeeded\",\r\n
        \         \"level\": \"Info\",\r\n          \"displayStatus\": \"Provisioning
        succeeded\",\r\n          \"time\": \"2021-11-15T06:22:30.5324698+00:00\"\r\n
        \       },\r\n        {\r\n          \"code\": \"PowerState/running\",\r\n
        \         \"level\": \"Info\",\r\n          \"displayStatus\": \"VM running\"\r\n
        \       }\r\n      ]\r\n    }\r\n  }\r\n}"
    headers:
      cache-control:
      - no-cache
      content-length:
      - '3965'
      content-type:
      - application/json; charset=utf-8
      date:
      - Mon, 15 Nov 2021 06:22:57 GMT
      expires:
      - '-1'
      pragma:
      - no-cache
      server:
      - Microsoft-HTTPAPI/2.0
      - Microsoft-HTTPAPI/2.0
      strict-transport-security:
      - max-age=31536000; includeSubDomains
      transfer-encoding:
      - chunked
      vary:
      - Accept-Encoding
      x-content-type-options:
      - nosniff
      x-ms-ratelimit-remaining-resource:
      - Microsoft.Compute/LowCostGet3Min;3993,Microsoft.Compute/LowCostGet30Min;31991
    status:
      code: 200
      message: OK
- request:
    body: null
    headers:
      Accept:
      - application/json, text/json
      Accept-Encoding:
      - gzip, deflate
      CommandName:
      - vm create
      Connection:
      - keep-alive
      ParameterSetName:
      - -g -n --image
      User-Agent:
      - AZURECLI/2.30.0 azsdk-python-azure-mgmt-network/19.1.0 Python/3.8.9 (Windows-10-10.0.22000-SP0)
    method: GET
    uri: https://management.azure.com/subscriptions/00000000-0000-0000-0000-000000000000/resourceGroups/cli_test_vm_run_command_v2000001/providers/Microsoft.Network/networkInterfaces/vm-000002VMNic?api-version=2018-01-01
  response:
    body:
      string: "{\r\n  \"name\": \"vm-000002VMNic\",\r\n  \"id\": \"/subscriptions/00000000-0000-0000-0000-000000000000/resourceGroups/cli_test_vm_run_command_v2000001/providers/Microsoft.Network/networkInterfaces/vm-000002VMNic\",\r\n
        \ \"etag\": \"W/\\\"0c2a90d9-67d2-4c39-a8c3-2ea58673cd6f\\\"\",\r\n  \"location\":
        \"westus\",\r\n  \"tags\": {},\r\n  \"properties\": {\r\n    \"provisioningState\":
        \"Succeeded\",\r\n    \"resourceGuid\": \"1f65e42c-0784-4f42-ab81-3a65d39b2de9\",\r\n
        \   \"ipConfigurations\": [\r\n      {\r\n        \"name\": \"ipconfigvm-000002\",\r\n
        \       \"id\": \"/subscriptions/00000000-0000-0000-0000-000000000000/resourceGroups/cli_test_vm_run_command_v2000001/providers/Microsoft.Network/networkInterfaces/vm-000002VMNic/ipConfigurations/ipconfigvm-000002\",\r\n
        \       \"etag\": \"W/\\\"0c2a90d9-67d2-4c39-a8c3-2ea58673cd6f\\\"\",\r\n
        \       \"type\": \"Microsoft.Network/networkInterfaces/ipConfigurations\",\r\n
        \       \"properties\": {\r\n          \"provisioningState\": \"Succeeded\",\r\n
        \         \"privateIPAddress\": \"10.0.0.4\",\r\n          \"privateIPAllocationMethod\":
        \"Dynamic\",\r\n          \"publicIPAddress\": {\r\n            \"id\": \"/subscriptions/00000000-0000-0000-0000-000000000000/resourceGroups/cli_test_vm_run_command_v2000001/providers/Microsoft.Network/publicIPAddresses/vm-000002PublicIP\"\r\n
        \         },\r\n          \"subnet\": {\r\n            \"id\": \"/subscriptions/00000000-0000-0000-0000-000000000000/resourceGroups/cli_test_vm_run_command_v2000001/providers/Microsoft.Network/virtualNetworks/vm-000002VNET/subnets/vm-000002Subnet\"\r\n
        \         },\r\n          \"primary\": true,\r\n          \"privateIPAddressVersion\":
        \"IPv4\"\r\n        }\r\n      }\r\n    ],\r\n    \"dnsSettings\": {\r\n      \"dnsServers\":
        [],\r\n      \"appliedDnsServers\": [],\r\n      \"internalDomainNameSuffix\":
        \"e0b4jy43wrjuvgr2dbd4jabrja.dx.internal.cloudapp.net\"\r\n    },\r\n    \"macAddress\":
        \"00-22-48-09-24-CB\",\r\n    \"enableAcceleratedNetworking\": false,\r\n
        \   \"enableIPForwarding\": false,\r\n    \"networkSecurityGroup\": {\r\n
        \     \"id\": \"/subscriptions/00000000-0000-0000-0000-000000000000/resourceGroups/cli_test_vm_run_command_v2000001/providers/Microsoft.Network/networkSecurityGroups/vm-000002NSG\"\r\n
        \   },\r\n    \"primary\": true,\r\n    \"virtualMachine\": {\r\n      \"id\":
        \"/subscriptions/00000000-0000-0000-0000-000000000000/resourceGroups/cli_test_vm_run_command_v2000001/providers/Microsoft.Compute/virtualMachines/vm-000002\"\r\n
        \   }\r\n  },\r\n  \"type\": \"Microsoft.Network/networkInterfaces\"\r\n}"
    headers:
      cache-control:
      - no-cache
      content-length:
      - '2638'
      content-type:
      - application/json; charset=utf-8
      date:
      - Mon, 15 Nov 2021 06:22:58 GMT
      etag:
      - W/"0c2a90d9-67d2-4c39-a8c3-2ea58673cd6f"
      expires:
      - '-1'
      pragma:
      - no-cache
      server:
      - Microsoft-HTTPAPI/2.0
      - Microsoft-HTTPAPI/2.0
      strict-transport-security:
      - max-age=31536000; includeSubDomains
      transfer-encoding:
      - chunked
      vary:
      - Accept-Encoding
      x-content-type-options:
      - nosniff
      x-ms-arm-service-request-id:
      - 6cfdc6b4-c964-4ab3-af34-b88d3b380227
    status:
      code: 200
      message: OK
- request:
    body: null
    headers:
      Accept:
      - application/json, text/json
      Accept-Encoding:
      - gzip, deflate
      CommandName:
      - vm create
      Connection:
      - keep-alive
      ParameterSetName:
      - -g -n --image
      User-Agent:
      - AZURECLI/2.30.0 azsdk-python-azure-mgmt-network/19.1.0 Python/3.8.9 (Windows-10-10.0.22000-SP0)
    method: GET
    uri: https://management.azure.com/subscriptions/00000000-0000-0000-0000-000000000000/resourceGroups/cli_test_vm_run_command_v2000001/providers/Microsoft.Network/publicIPAddresses/vm-000002PublicIP?api-version=2018-01-01
  response:
    body:
      string: "{\r\n  \"name\": \"vm-000002PublicIP\",\r\n  \"id\": \"/subscriptions/00000000-0000-0000-0000-000000000000/resourceGroups/cli_test_vm_run_command_v2000001/providers/Microsoft.Network/publicIPAddresses/vm-000002PublicIP\",\r\n
        \ \"etag\": \"W/\\\"eb7a276e-80ae-4933-884c-c017ec4bd1b8\\\"\",\r\n  \"location\":
        \"westus\",\r\n  \"tags\": {},\r\n  \"properties\": {\r\n    \"provisioningState\":
        \"Succeeded\",\r\n    \"resourceGuid\": \"49f46269-a079-482b-9465-645a8dd7d608\",\r\n
        \   \"ipAddress\": \"104.209.35.15\",\r\n    \"publicIPAddressVersion\": \"IPv4\",\r\n
        \   \"publicIPAllocationMethod\": \"Dynamic\",\r\n    \"idleTimeoutInMinutes\":
        4,\r\n    \"ipTags\": [],\r\n    \"ipConfiguration\": {\r\n      \"id\": \"/subscriptions/00000000-0000-0000-0000-000000000000/resourceGroups/cli_test_vm_run_command_v2000001/providers/Microsoft.Network/networkInterfaces/vm-000002VMNic/ipConfigurations/ipconfigvm-000002\"\r\n
        \   }\r\n  },\r\n  \"type\": \"Microsoft.Network/publicIPAddresses\",\r\n
        \ \"sku\": {\r\n    \"name\": \"Basic\"\r\n  }\r\n}"
    headers:
      cache-control:
      - no-cache
      content-length:
      - '1025'
      content-type:
      - application/json; charset=utf-8
      date:
      - Mon, 15 Nov 2021 06:22:59 GMT
      etag:
      - W/"eb7a276e-80ae-4933-884c-c017ec4bd1b8"
      expires:
      - '-1'
      pragma:
      - no-cache
      server:
      - Microsoft-HTTPAPI/2.0
      - Microsoft-HTTPAPI/2.0
      strict-transport-security:
      - max-age=31536000; includeSubDomains
      transfer-encoding:
      - chunked
      vary:
      - Accept-Encoding
      x-content-type-options:
      - nosniff
      x-ms-arm-service-request-id:
      - 945d9ebc-964d-4dcf-85af-b006cd9577f7
    status:
      code: 200
      message: OK
- request:
    body: null
    headers:
      Accept:
      - application/json
      Accept-Encoding:
      - gzip, deflate
      CommandName:
      - vm run-command create
      Connection:
      - keep-alive
      ParameterSetName:
      - -g --vm-name --name
      User-Agent:
      - AZURECLI/2.30.0 azsdk-python-azure-mgmt-resource/19.0.0 Python/3.8.9 (Windows-10-10.0.22000-SP0)
    method: GET
    uri: https://management.azure.com/subscriptions/00000000-0000-0000-0000-000000000000/resourcegroups/cli_test_vm_run_command_v2000001?api-version=2021-04-01
  response:
    body:
      string: '{"id":"/subscriptions/00000000-0000-0000-0000-000000000000/resourceGroups/cli_test_vm_run_command_v2000001","name":"cli_test_vm_run_command_v2000001","type":"Microsoft.Resources/resourceGroups","location":"westus","tags":{"product":"azurecli","cause":"automation","date":"2021-11-15T06:21:41Z"},"properties":{"provisioningState":"Succeeded"}}'
    headers:
      cache-control:
      - no-cache
      content-length:
      - '428'
      content-type:
      - application/json; charset=utf-8
      date:
      - Mon, 15 Nov 2021 06:23:00 GMT
      expires:
      - '-1'
      pragma:
      - no-cache
      strict-transport-security:
      - max-age=31536000; includeSubDomains
      vary:
      - Accept-Encoding
      x-content-type-options:
      - nosniff
    status:
      code: 200
      message: OK
- request:
    body: '{"location": "westus", "properties": {"source": {}, "asyncExecution": false}}'
    headers:
      Accept:
      - application/json, text/json
      Accept-Encoding:
      - gzip, deflate
      CommandName:
      - vm run-command create
      Connection:
      - keep-alive
      Content-Length:
      - '77'
      Content-Type:
      - application/json
      ParameterSetName:
      - -g --vm-name --name
      User-Agent:
      - AZURECLI/2.30.0 azsdk-python-azure-mgmt-compute/23.1.0 Python/3.8.9 (Windows-10-10.0.22000-SP0)
    method: PUT
    uri: https://management.azure.com/subscriptions/00000000-0000-0000-0000-000000000000/resourceGroups/cli_test_vm_run_command_v2000001/providers/Microsoft.Compute/virtualMachines/vm-000002/runCommands/cmd-000003?api-version=2021-07-01
  response:
    body:
      string: "{\r\n  \"name\": \"cmd-000003\",\r\n  \"id\": \"/subscriptions/00000000-0000-0000-0000-000000000000/resourceGroups/cli_test_vm_run_command_v2000001/providers/Microsoft.Compute/virtualMachines/vm-000002/runCommands/cmd-000003\",\r\n
        \ \"type\": \"Microsoft.Compute/virtualMachines/runCommands\",\r\n  \"location\":
        \"westus\",\r\n  \"properties\": {\r\n    \"source\": {},\r\n    \"timeoutInSeconds\":
        0,\r\n    \"provisioningState\": \"Creating\",\r\n    \"asyncExecution\":
        false\r\n  }\r\n}"
    headers:
      azure-asyncnotification:
      - Enabled
      azure-asyncoperation:
      - https://management.azure.com/subscriptions/00000000-0000-0000-0000-000000000000/providers/Microsoft.Compute/locations/westus/operations/f358813a-53e0-4dd5-8b35-b8f7c4617d42?p=571046f6-b640-41c1-86f7-f9f044b5adf9&api-version=2021-07-01
      cache-control:
      - no-cache
      content-length:
      - '485'
      content-type:
      - application/json; charset=utf-8
      date:
      - Mon, 15 Nov 2021 06:23:08 GMT
      expires:
      - '-1'
      pragma:
      - no-cache
      server:
      - Microsoft-HTTPAPI/2.0
      - Microsoft-HTTPAPI/2.0
      strict-transport-security:
      - max-age=31536000; includeSubDomains
      x-content-type-options:
      - nosniff
      x-ms-ratelimit-remaining-resource:
      - Microsoft.Compute/UpdateVM3Min;239,Microsoft.Compute/UpdateVM30Min;1198
      x-ms-ratelimit-remaining-subscription-writes:
      - '1199'
    status:
      code: 201
      message: Created
- request:
    body: null
    headers:
      Accept:
      - '*/*'
      Accept-Encoding:
      - gzip, deflate
      CommandName:
      - vm run-command create
      Connection:
      - keep-alive
      ParameterSetName:
      - -g --vm-name --name
      User-Agent:
      - AZURECLI/2.30.0 azsdk-python-azure-mgmt-compute/23.1.0 Python/3.8.9 (Windows-10-10.0.22000-SP0)
    method: GET
    uri: https://management.azure.com/subscriptions/00000000-0000-0000-0000-000000000000/providers/Microsoft.Compute/locations/westus/operations/f358813a-53e0-4dd5-8b35-b8f7c4617d42?p=571046f6-b640-41c1-86f7-f9f044b5adf9&api-version=2021-07-01
  response:
    body:
      string: "{\r\n  \"startTime\": \"2021-11-15T06:23:08.0184761+00:00\",\r\n  \"endTime\":
        \"2021-11-15T06:23:26.4567678+00:00\",\r\n  \"status\": \"Succeeded\",\r\n
        \ \"name\": \"f358813a-53e0-4dd5-8b35-b8f7c4617d42\"\r\n}"
    headers:
      cache-control:
      - no-cache
      content-length:
      - '184'
      content-type:
      - application/json; charset=utf-8
      date:
      - Mon, 15 Nov 2021 06:23:39 GMT
      expires:
      - '-1'
      pragma:
      - no-cache
      server:
      - Microsoft-HTTPAPI/2.0
      - Microsoft-HTTPAPI/2.0
      strict-transport-security:
      - max-age=31536000; includeSubDomains
      transfer-encoding:
      - chunked
      vary:
      - Accept-Encoding
      x-content-type-options:
      - nosniff
      x-ms-ratelimit-remaining-resource:
      - Microsoft.Compute/GetOperation3Min;14994,Microsoft.Compute/GetOperation30Min;29990
    status:
      code: 200
      message: OK
- request:
    body: null
    headers:
      Accept:
      - '*/*'
      Accept-Encoding:
      - gzip, deflate
      CommandName:
      - vm run-command create
      Connection:
      - keep-alive
      ParameterSetName:
      - -g --vm-name --name
      User-Agent:
      - AZURECLI/2.30.0 azsdk-python-azure-mgmt-compute/23.1.0 Python/3.8.9 (Windows-10-10.0.22000-SP0)
    method: GET
    uri: https://management.azure.com/subscriptions/00000000-0000-0000-0000-000000000000/resourceGroups/cli_test_vm_run_command_v2000001/providers/Microsoft.Compute/virtualMachines/vm-000002/runCommands/cmd-000003?api-version=2021-07-01
  response:
    body:
      string: "{\r\n  \"name\": \"cmd-000003\",\r\n  \"id\": \"/subscriptions/00000000-0000-0000-0000-000000000000/resourceGroups/cli_test_vm_run_command_v2000001/providers/Microsoft.Compute/virtualMachines/vm-000002/runCommands/cmd-000003\",\r\n
        \ \"type\": \"Microsoft.Compute/virtualMachines/runCommands\",\r\n  \"location\":
        \"westus\",\r\n  \"properties\": {\r\n    \"source\": {},\r\n    \"timeoutInSeconds\":
        0,\r\n    \"provisioningState\": \"Succeeded\",\r\n    \"asyncExecution\":
        false\r\n  }\r\n}"
    headers:
      cache-control:
      - no-cache
      content-length:
      - '486'
      content-type:
      - application/json; charset=utf-8
      date:
      - Mon, 15 Nov 2021 06:23:39 GMT
      expires:
      - '-1'
      pragma:
      - no-cache
      server:
      - Microsoft-HTTPAPI/2.0
      - Microsoft-HTTPAPI/2.0
      strict-transport-security:
      - max-age=31536000; includeSubDomains
      transfer-encoding:
      - chunked
      vary:
      - Accept-Encoding
      x-content-type-options:
      - nosniff
      x-ms-ratelimit-remaining-resource:
      - Microsoft.Compute/LowCostGet3Min;3994,Microsoft.Compute/LowCostGet30Min;31989
    status:
      code: 200
      message: OK
- request:
    body: null
    headers:
      Accept:
      - application/json, text/json
      Accept-Encoding:
      - gzip, deflate
      CommandName:
      - vm run-command show
      Connection:
      - keep-alive
      ParameterSetName:
      - --vm-name --name -g --instance-view
      User-Agent:
      - AZURECLI/2.30.0 azsdk-python-azure-mgmt-compute/23.1.0 Python/3.8.9 (Windows-10-10.0.22000-SP0)
    method: GET
    uri: https://management.azure.com/subscriptions/00000000-0000-0000-0000-000000000000/resourceGroups/cli_test_vm_run_command_v2000001/providers/Microsoft.Compute/virtualMachines/vm-000002/runCommands/cmd-000003?$expand=instanceView&api-version=2021-07-01
  response:
    body:
      string: "{\r\n  \"name\": \"cmd-000003\",\r\n  \"id\": \"/subscriptions/00000000-0000-0000-0000-000000000000/resourceGroups/cli_test_vm_run_command_v2000001/providers/Microsoft.Compute/virtualMachines/vm-000002/runCommands/cmd-000003\",\r\n
        \ \"type\": \"Microsoft.Compute/virtualMachines/runCommands\",\r\n  \"location\":
        \"westus\",\r\n  \"properties\": {\r\n    \"source\": {},\r\n    \"timeoutInSeconds\":
        0,\r\n    \"provisioningState\": \"Succeeded\",\r\n    \"asyncExecution\":
        false,\r\n    \"instanceView\": {\r\n      \"exitCode\": 0,\r\n      \"executionState\":
        \"Running\",\r\n      \"executionMessage\": \"Execution failed: failed to
        get configuration: invalid configuration: Either 'source.script' or 'source.scriptUri'
        has to be specified\",\r\n      \"output\": \"\",\r\n      \"error\": \"\",\r\n
        \     \"startTime\": \"2021-11-15T06:23:17+00:00\",\r\n      \"endTime\":
        \"2021-11-15T06:23:17+00:00\"\r\n    }\r\n  }\r\n}"
    headers:
      cache-control:
      - no-cache
      content-length:
      - '876'
      content-type:
      - application/json; charset=utf-8
      date:
      - Mon, 15 Nov 2021 06:23:41 GMT
      expires:
      - '-1'
      pragma:
      - no-cache
      server:
      - Microsoft-HTTPAPI/2.0
      - Microsoft-HTTPAPI/2.0
      strict-transport-security:
      - max-age=31536000; includeSubDomains
      transfer-encoding:
      - chunked
      vary:
      - Accept-Encoding
      x-content-type-options:
      - nosniff
      x-ms-ratelimit-remaining-resource:
      - Microsoft.Compute/LowCostGet3Min;3993,Microsoft.Compute/LowCostGet30Min;31988
    status:
      code: 200
      message: OK
- request:
    body: null
    headers:
      Accept:
      - application/json
      Accept-Encoding:
      - gzip, deflate
      CommandName:
      - vm run-command update
      Connection:
      - keep-alive
      ParameterSetName:
      - -g --vm-name --name --vm-name --script --parameters --run-as-user --timeout-in-seconds
      User-Agent:
      - AZURECLI/2.30.0 azsdk-python-azure-mgmt-resource/19.0.0 Python/3.8.9 (Windows-10-10.0.22000-SP0)
    method: GET
    uri: https://management.azure.com/subscriptions/00000000-0000-0000-0000-000000000000/resourcegroups/cli_test_vm_run_command_v2000001?api-version=2021-04-01
  response:
    body:
      string: '{"id":"/subscriptions/00000000-0000-0000-0000-000000000000/resourceGroups/cli_test_vm_run_command_v2000001","name":"cli_test_vm_run_command_v2000001","type":"Microsoft.Resources/resourceGroups","location":"westus","tags":{"product":"azurecli","cause":"automation","date":"2021-11-15T06:21:41Z"},"properties":{"provisioningState":"Succeeded"}}'
    headers:
      cache-control:
      - no-cache
      content-length:
      - '428'
      content-type:
      - application/json; charset=utf-8
      date:
      - Mon, 15 Nov 2021 06:23:41 GMT
      expires:
      - '-1'
      pragma:
      - no-cache
      strict-transport-security:
      - max-age=31536000; includeSubDomains
      vary:
      - Accept-Encoding
      x-content-type-options:
      - nosniff
    status:
      code: 200
      message: OK
- request:
    body: '{"properties": {"source": {"script": "script1"}, "parameters": [{"name":
      "arg1", "value": "f1"}], "asyncExecution": false, "runAsUser": "user1", "timeoutInSeconds":
      3600}}'
    headers:
      Accept:
      - application/json, text/json
      Accept-Encoding:
      - gzip, deflate
      CommandName:
      - vm run-command update
      Connection:
      - keep-alive
      Content-Length:
      - '171'
      Content-Type:
      - application/json
      ParameterSetName:
      - -g --vm-name --name --vm-name --script --parameters --run-as-user --timeout-in-seconds
      User-Agent:
      - AZURECLI/2.30.0 azsdk-python-azure-mgmt-compute/23.1.0 Python/3.8.9 (Windows-10-10.0.22000-SP0)
    method: PATCH
    uri: https://management.azure.com/subscriptions/00000000-0000-0000-0000-000000000000/resourceGroups/cli_test_vm_run_command_v2000001/providers/Microsoft.Compute/virtualMachines/vm-000002/runCommands/cmd-000003?api-version=2021-07-01
  response:
    body:
      string: "{\r\n  \"name\": \"cmd-000003\",\r\n  \"id\": \"/subscriptions/00000000-0000-0000-0000-000000000000/resourceGroups/cli_test_vm_run_command_v2000001/providers/Microsoft.Compute/virtualMachines/vm-000002/runCommands/cmd-000003\",\r\n
        \ \"type\": \"Microsoft.Compute/virtualMachines/runCommands\",\r\n  \"location\":
        \"westus\",\r\n  \"properties\": {\r\n    \"source\": {\r\n      \"script\":
        \"script1\"\r\n    },\r\n    \"parameters\": [\r\n      {\r\n        \"name\":
        \"arg1\",\r\n        \"value\": \"f1\"\r\n      }\r\n    ],\r\n    \"runAsUser\":
        \"user1\",\r\n    \"timeoutInSeconds\": 3600,\r\n    \"provisioningState\":
        \"Updating\",\r\n    \"asyncExecution\": false\r\n  }\r\n}"
    headers:
      azure-asyncnotification:
      - Enabled
      azure-asyncoperation:
      - https://management.azure.com/subscriptions/00000000-0000-0000-0000-000000000000/providers/Microsoft.Compute/locations/westus/operations/8e78db65-882d-46dc-9c59-fb243c242d60?p=571046f6-b640-41c1-86f7-f9f044b5adf9&api-version=2021-07-01
      cache-control:
      - no-cache
      content-length:
      - '643'
      content-type:
      - application/json; charset=utf-8
      date:
      - Mon, 15 Nov 2021 06:23:44 GMT
      expires:
      - '-1'
      pragma:
      - no-cache
      server:
      - Microsoft-HTTPAPI/2.0
      - Microsoft-HTTPAPI/2.0
      strict-transport-security:
      - max-age=31536000; includeSubDomains
      transfer-encoding:
      - chunked
      vary:
      - Accept-Encoding
      x-content-type-options:
      - nosniff
      x-ms-ratelimit-remaining-resource:
      - Microsoft.Compute/UpdateVM3Min;238,Microsoft.Compute/UpdateVM30Min;1197
      x-ms-ratelimit-remaining-subscription-writes:
      - '1198'
    status:
      code: 200
      message: OK
- request:
    body: null
    headers:
      Accept:
      - '*/*'
      Accept-Encoding:
      - gzip, deflate
      CommandName:
      - vm run-command update
      Connection:
      - keep-alive
      ParameterSetName:
      - -g --vm-name --name --vm-name --script --parameters --run-as-user --timeout-in-seconds
      User-Agent:
      - AZURECLI/2.30.0 azsdk-python-azure-mgmt-compute/23.1.0 Python/3.8.9 (Windows-10-10.0.22000-SP0)
    method: GET
    uri: https://management.azure.com/subscriptions/00000000-0000-0000-0000-000000000000/providers/Microsoft.Compute/locations/westus/operations/8e78db65-882d-46dc-9c59-fb243c242d60?p=571046f6-b640-41c1-86f7-f9f044b5adf9&api-version=2021-07-01
  response:
    body:
      string: "{\r\n  \"startTime\": \"2021-11-15T06:23:44.3794621+00:00\",\r\n  \"endTime\":
        \"2021-11-15T06:23:59.0051121+00:00\",\r\n  \"status\": \"Succeeded\",\r\n
        \ \"name\": \"8e78db65-882d-46dc-9c59-fb243c242d60\"\r\n}"
    headers:
      cache-control:
      - no-cache
      content-length:
      - '184'
      content-type:
      - application/json; charset=utf-8
      date:
      - Mon, 15 Nov 2021 06:24:14 GMT
      expires:
      - '-1'
      pragma:
      - no-cache
      server:
      - Microsoft-HTTPAPI/2.0
      - Microsoft-HTTPAPI/2.0
      strict-transport-security:
      - max-age=31536000; includeSubDomains
      transfer-encoding:
      - chunked
      vary:
      - Accept-Encoding
      x-content-type-options:
      - nosniff
      x-ms-ratelimit-remaining-resource:
      - Microsoft.Compute/GetOperation3Min;14994,Microsoft.Compute/GetOperation30Min;29989
    status:
      code: 200
      message: OK
- request:
    body: null
    headers:
      Accept:
      - '*/*'
      Accept-Encoding:
      - gzip, deflate
      CommandName:
      - vm run-command update
      Connection:
      - keep-alive
      ParameterSetName:
      - -g --vm-name --name --vm-name --script --parameters --run-as-user --timeout-in-seconds
      User-Agent:
      - AZURECLI/2.30.0 azsdk-python-azure-mgmt-compute/23.1.0 Python/3.8.9 (Windows-10-10.0.22000-SP0)
    method: GET
    uri: https://management.azure.com/subscriptions/00000000-0000-0000-0000-000000000000/resourceGroups/cli_test_vm_run_command_v2000001/providers/Microsoft.Compute/virtualMachines/vm-000002/runCommands/cmd-000003?api-version=2021-07-01
  response:
    body:
      string: "{\r\n  \"name\": \"cmd-000003\",\r\n  \"id\": \"/subscriptions/00000000-0000-0000-0000-000000000000/resourceGroups/cli_test_vm_run_command_v2000001/providers/Microsoft.Compute/virtualMachines/vm-000002/runCommands/cmd-000003\",\r\n
        \ \"type\": \"Microsoft.Compute/virtualMachines/runCommands\",\r\n  \"location\":
        \"westus\",\r\n  \"properties\": {\r\n    \"source\": {\r\n      \"script\":
        \"script1\"\r\n    },\r\n    \"parameters\": [\r\n      {\r\n        \"name\":
        \"arg1\",\r\n        \"value\": \"f1\"\r\n      }\r\n    ],\r\n    \"runAsUser\":
        \"user1\",\r\n    \"timeoutInSeconds\": 3600,\r\n    \"provisioningState\":
        \"Succeeded\",\r\n    \"asyncExecution\": false\r\n  }\r\n}"
    headers:
      cache-control:
      - no-cache
      content-length:
      - '644'
      content-type:
      - application/json; charset=utf-8
      date:
      - Mon, 15 Nov 2021 06:24:14 GMT
      expires:
      - '-1'
      pragma:
      - no-cache
      server:
      - Microsoft-HTTPAPI/2.0
      - Microsoft-HTTPAPI/2.0
      strict-transport-security:
      - max-age=31536000; includeSubDomains
      transfer-encoding:
      - chunked
      vary:
      - Accept-Encoding
      x-content-type-options:
      - nosniff
      x-ms-ratelimit-remaining-resource:
      - Microsoft.Compute/LowCostGet3Min;3992,Microsoft.Compute/LowCostGet30Min;31987
    status:
      code: 200
      message: OK
- request:
    body: null
    headers:
      Accept:
      - application/json, text/json
      Accept-Encoding:
      - gzip, deflate
      CommandName:
      - vm run-command list
      Connection:
      - keep-alive
      ParameterSetName:
      - --vm-name -g
      User-Agent:
      - AZURECLI/2.30.0 azsdk-python-azure-mgmt-compute/23.1.0 Python/3.8.9 (Windows-10-10.0.22000-SP0)
    method: GET
    uri: https://management.azure.com/subscriptions/00000000-0000-0000-0000-000000000000/resourceGroups/cli_test_vm_run_command_v2000001/providers/Microsoft.Compute/virtualMachines/vm-000002/runCommands?api-version=2021-07-01
  response:
    body:
      string: "{\r\n  \"value\": [\r\n    {\r\n      \"name\": \"cmd-000003\",\r\n
        \     \"id\": \"/subscriptions/00000000-0000-0000-0000-000000000000/resourceGroups/cli_test_vm_run_command_v2000001/providers/Microsoft.Compute/virtualMachines/vm-000002/runCommands/cmd-000003\",\r\n
        \     \"type\": \"Microsoft.Compute/virtualMachines/runCommands\",\r\n      \"location\":
        \"westus\",\r\n      \"properties\": {\r\n        \"source\": {\r\n          \"script\":
        \"script1\"\r\n        },\r\n        \"parameters\": [\r\n          {\r\n
        \           \"name\": \"arg1\",\r\n            \"value\": \"f1\"\r\n          }\r\n
        \       ],\r\n        \"runAsUser\": \"user1\",\r\n        \"timeoutInSeconds\":
        3600,\r\n        \"provisioningState\": \"Succeeded\",\r\n        \"asyncExecution\":
        false\r\n      }\r\n    }\r\n  ]\r\n}"
    headers:
      cache-control:
      - no-cache
      content-length:
      - '753'
      content-type:
      - application/json; charset=utf-8
      date:
      - Mon, 15 Nov 2021 06:24:17 GMT
      expires:
      - '-1'
      pragma:
      - no-cache
      server:
      - Microsoft-HTTPAPI/2.0
      - Microsoft-HTTPAPI/2.0
      strict-transport-security:
      - max-age=31536000; includeSubDomains
      transfer-encoding:
      - chunked
      vary:
      - Accept-Encoding
      x-content-type-options:
      - nosniff
      x-ms-ratelimit-remaining-resource:
      - Microsoft.Compute/LowCostGet3Min;3991,Microsoft.Compute/LowCostGet30Min;31986
    status:
      code: 200
      message: OK
- request:
    body: null
    headers:
      Accept:
      - application/json, text/json
      Accept-Encoding:
      - gzip, deflate
      CommandName:
      - vm run-command show
      Connection:
      - keep-alive
      ParameterSetName:
      - --vm-name --name -g
      User-Agent:
      - AZURECLI/2.30.0 azsdk-python-azure-mgmt-compute/23.1.0 Python/3.8.9 (Windows-10-10.0.22000-SP0)
    method: GET
    uri: https://management.azure.com/subscriptions/00000000-0000-0000-0000-000000000000/resourceGroups/cli_test_vm_run_command_v2000001/providers/Microsoft.Compute/virtualMachines/vm-000002/runCommands/cmd-000003?api-version=2021-07-01
  response:
    body:
      string: "{\r\n  \"name\": \"cmd-000003\",\r\n  \"id\": \"/subscriptions/00000000-0000-0000-0000-000000000000/resourceGroups/cli_test_vm_run_command_v2000001/providers/Microsoft.Compute/virtualMachines/vm-000002/runCommands/cmd-000003\",\r\n
        \ \"type\": \"Microsoft.Compute/virtualMachines/runCommands\",\r\n  \"location\":
        \"westus\",\r\n  \"properties\": {\r\n    \"source\": {\r\n      \"script\":
        \"script1\"\r\n    },\r\n    \"parameters\": [\r\n      {\r\n        \"name\":
        \"arg1\",\r\n        \"value\": \"f1\"\r\n      }\r\n    ],\r\n    \"runAsUser\":
        \"user1\",\r\n    \"timeoutInSeconds\": 3600,\r\n    \"provisioningState\":
        \"Succeeded\",\r\n    \"asyncExecution\": false\r\n  }\r\n}"
    headers:
      cache-control:
      - no-cache
      content-length:
      - '644'
      content-type:
      - application/json; charset=utf-8
      date:
      - Mon, 15 Nov 2021 06:24:17 GMT
      expires:
      - '-1'
      pragma:
      - no-cache
      server:
      - Microsoft-HTTPAPI/2.0
      - Microsoft-HTTPAPI/2.0
      strict-transport-security:
      - max-age=31536000; includeSubDomains
      transfer-encoding:
      - chunked
      vary:
      - Accept-Encoding
      x-content-type-options:
      - nosniff
      x-ms-ratelimit-remaining-resource:
      - Microsoft.Compute/LowCostGet3Min;3990,Microsoft.Compute/LowCostGet30Min;31985
    status:
      code: 200
      message: OK
- request:
    body: null
    headers:
      Accept:
      - application/json, text/json
      Accept-Encoding:
      - gzip, deflate
      CommandName:
      - vm run-command delete
      Connection:
      - keep-alive
      Content-Length:
      - '0'
      ParameterSetName:
      - --vm-name --name -g -y
      User-Agent:
      - AZURECLI/2.30.0 azsdk-python-azure-mgmt-compute/23.1.0 Python/3.8.9 (Windows-10-10.0.22000-SP0)
    method: DELETE
    uri: https://management.azure.com/subscriptions/00000000-0000-0000-0000-000000000000/resourceGroups/cli_test_vm_run_command_v2000001/providers/Microsoft.Compute/virtualMachines/vm-000002/runCommands/cmd-000003?api-version=2021-07-01
  response:
    body:
      string: ''
    headers:
      azure-asyncnotification:
      - Enabled
      azure-asyncoperation:
      - https://management.azure.com/subscriptions/00000000-0000-0000-0000-000000000000/providers/Microsoft.Compute/locations/westus/operations/1b16aad9-4181-476b-9fc2-eeff1900db11?p=571046f6-b640-41c1-86f7-f9f044b5adf9&api-version=2021-07-01
      cache-control:
      - no-cache
      content-length:
      - '0'
      date:
      - Mon, 15 Nov 2021 06:24:21 GMT
      expires:
      - '-1'
      location:
      - https://management.azure.com/subscriptions/00000000-0000-0000-0000-000000000000/providers/Microsoft.Compute/locations/westus/operations/1b16aad9-4181-476b-9fc2-eeff1900db11?p=571046f6-b640-41c1-86f7-f9f044b5adf9&monitor=true&api-version=2021-07-01
      pragma:
      - no-cache
      server:
      - Microsoft-HTTPAPI/2.0
      - Microsoft-HTTPAPI/2.0
      strict-transport-security:
      - max-age=31536000; includeSubDomains
      x-content-type-options:
      - nosniff
      x-ms-ratelimit-remaining-resource:
      - Microsoft.Compute/UpdateVM3Min;237,Microsoft.Compute/UpdateVM30Min;1196
      x-ms-ratelimit-remaining-subscription-deletes:
      - '14999'
    status:
      code: 202
      message: Accepted
- request:
    body: null
    headers:
      Accept:
      - '*/*'
      Accept-Encoding:
      - gzip, deflate
      CommandName:
      - vm run-command delete
      Connection:
      - keep-alive
      ParameterSetName:
      - --vm-name --name -g -y
      User-Agent:
      - AZURECLI/2.30.0 azsdk-python-azure-mgmt-compute/23.1.0 Python/3.8.9 (Windows-10-10.0.22000-SP0)
    method: GET
    uri: https://management.azure.com/subscriptions/00000000-0000-0000-0000-000000000000/providers/Microsoft.Compute/locations/westus/operations/1b16aad9-4181-476b-9fc2-eeff1900db11?p=571046f6-b640-41c1-86f7-f9f044b5adf9&api-version=2021-07-01
  response:
    body:
      string: "{\r\n  \"startTime\": \"2021-11-15T06:24:21.6623352+00:00\",\r\n  \"endTime\":
        \"2021-11-15T06:24:35.6160147+00:00\",\r\n  \"status\": \"Succeeded\",\r\n
        \ \"name\": \"1b16aad9-4181-476b-9fc2-eeff1900db11\"\r\n}"
    headers:
      cache-control:
      - no-cache
      content-length:
      - '184'
      content-type:
      - application/json; charset=utf-8
      date:
      - Mon, 15 Nov 2021 06:24:52 GMT
      expires:
      - '-1'
      pragma:
      - no-cache
      server:
      - Microsoft-HTTPAPI/2.0
      - Microsoft-HTTPAPI/2.0
      strict-transport-security:
      - max-age=31536000; includeSubDomains
      transfer-encoding:
      - chunked
      vary:
      - Accept-Encoding
      x-content-type-options:
      - nosniff
      x-ms-ratelimit-remaining-resource:
      - Microsoft.Compute/GetOperation3Min;14993,Microsoft.Compute/GetOperation30Min;29987
    status:
      code: 200
      message: OK
- request:
    body: null
    headers:
      Accept:
      - application/json, text/json
      Accept-Encoding:
      - gzip, deflate
      CommandName:
      - vm run-command list
      Connection:
      - keep-alive
      ParameterSetName:
      - --vm-name -g
      User-Agent:
      - AZURECLI/2.30.0 azsdk-python-azure-mgmt-compute/23.1.0 Python/3.8.9 (Windows-10-10.0.22000-SP0)
    method: GET
    uri: https://management.azure.com/subscriptions/00000000-0000-0000-0000-000000000000/resourceGroups/cli_test_vm_run_command_v2000001/providers/Microsoft.Compute/virtualMachines/vm-000002/runCommands?api-version=2021-07-01
  response:
    body:
      string: "{\r\n  \"value\": []\r\n}"
    headers:
      cache-control:
      - no-cache
      content-length:
      - '19'
      content-type:
      - application/json; charset=utf-8
      date:
      - Mon, 15 Nov 2021 06:24:53 GMT
      expires:
      - '-1'
      pragma:
      - no-cache
      server:
      - Microsoft-HTTPAPI/2.0
      - Microsoft-HTTPAPI/2.0
      strict-transport-security:
      - max-age=31536000; includeSubDomains
      transfer-encoding:
      - chunked
      vary:
      - Accept-Encoding
      x-content-type-options:
      - nosniff
      x-ms-ratelimit-remaining-resource:
      - Microsoft.Compute/LowCostGet3Min;3989,Microsoft.Compute/LowCostGet30Min;31983
    status:
      code: 200
      message: OK
version: 1
