interactions:
- request:
    body: null
    headers:
      Accept:
      - application/json
      Accept-Encoding:
      - gzip, deflate
      CommandName:
      - vmss create
      Connection:
      - keep-alive
      ParameterSetName:
      - -g -n --image --admin-username --generate-ssh-keys
      User-Agent:
      - AZURECLI/2.33.0 azsdk-python-azure-mgmt-resource/20.0.0 Python/3.10.0 (Windows-10-10.0.19043-SP0)
    method: GET
    uri: https://management.azure.com/subscriptions/00000000-0000-0000-0000-000000000000/resourcegroups/cli_test_vmss_run_command_v2000001?api-version=2021-04-01
  response:
    body:
      string: '{"id":"/subscriptions/00000000-0000-0000-0000-000000000000/resourceGroups/cli_test_vmss_run_command_v2000001","name":"cli_test_vmss_run_command_v2000001","type":"Microsoft.Resources/resourceGroups","location":"westus","tags":{"product":"azurecli","cause":"automation","date":"2022-02-23T03:46:03Z"},"properties":{"provisioningState":"Succeeded"}}'
    headers:
      cache-control:
      - no-cache
      content-length:
      - '346'
      content-type:
      - application/json; charset=utf-8
      date:
      - Wed, 23 Feb 2022 03:46:03 GMT
      expires:
      - '-1'
      pragma:
      - no-cache
      strict-transport-security:
      - max-age=31536000; includeSubDomains
      vary:
      - Accept-Encoding
      x-content-type-options:
      - nosniff
    status:
      code: 200
      message: OK
- request:
    body: null
    headers:
      Accept:
      - '*/*'
      Accept-Encoding:
      - gzip, deflate
      Connection:
      - keep-alive
      User-Agent:
      - python-requests/2.26.0
    method: GET
    uri: https://raw.githubusercontent.com/Azure/azure-rest-api-specs/main/arm-compute/quickstart-templates/aliases.json
  response:
    body:
      string: "{\n  \"$schema\": \"http://schema.management.azure.com/schemas/2015-01-01/deploymentTemplate.json\",\n
        \ \"contentVersion\": \"1.0.0.0\",\n  \"parameters\": {},\n  \"variables\":
        {},\n  \"resources\": [],\n  \"outputs\": {\n    \"aliases\": {\n      \"type\":
        \"object\",\n      \"value\": {\n        \"Linux\": {\n          \"CentOS\":
        {\n            \"publisher\": \"OpenLogic\",\n            \"offer\": \"CentOS\",\n
        \           \"sku\": \"7.5\",\n            \"version\": \"latest\"\n          },\n
        \         \"Debian\": {\n            \"publisher\": \"Debian\",\n            \"offer\":
        \"debian-10\",\n            \"sku\": \"10\",\n            \"version\": \"latest\"\n
        \         },\n          \"Flatcar\": {\n            \"publisher\": \"kinvolk\",\n
        \           \"offer\": \"flatcar-container-linux-free\",\n            \"sku\":
        \"stable\",\n            \"version\": \"latest\"\n          },\n          \"openSUSE-Leap\":
        {\n            \"publisher\": \"SUSE\",\n            \"offer\": \"opensuse-leap-15-3\",\n
        \           \"sku\": \"gen2\",\n            \"version\": \"latest\"\n          },\n
        \         \"RHEL\": {\n            \"publisher\": \"RedHat\",\n            \"offer\":
        \"RHEL\",\n            \"sku\": \"7-LVM\",\n            \"version\": \"latest\"\n
        \         },\n          \"SLES\": {\n            \"publisher\": \"SUSE\",\n
        \           \"offer\": \"sles-15-sp3\",\n            \"sku\": \"gen2\",\n
        \           \"version\": \"latest\"\n          },\n          \"UbuntuLTS\":
        {\n            \"publisher\": \"Canonical\",\n            \"offer\": \"UbuntuServer\",\n
        \           \"sku\": \"18.04-LTS\",\n            \"version\": \"latest\"\n
        \         }\n        },\n        \"Windows\": {\n          \"Win2022Datacenter\":
        {\n            \"publisher\": \"MicrosoftWindowsServer\",\n            \"offer\":
        \"WindowsServer\",\n            \"sku\": \"2022-Datacenter\",\n            \"version\":
        \"latest\"\n          },\n          \"Win2019Datacenter\": {\n            \"publisher\":
        \"MicrosoftWindowsServer\",\n            \"offer\": \"WindowsServer\",\n            \"sku\":
        \"2019-Datacenter\",\n            \"version\": \"latest\"\n          },\n
        \         \"Win2016Datacenter\": {\n            \"publisher\": \"MicrosoftWindowsServer\",\n
        \           \"offer\": \"WindowsServer\",\n            \"sku\": \"2016-Datacenter\",\n
        \           \"version\": \"latest\"\n          },\n          \"Win2012R2Datacenter\":
        {\n            \"publisher\": \"MicrosoftWindowsServer\",\n            \"offer\":
        \"WindowsServer\",\n            \"sku\": \"2012-R2-Datacenter\",\n            \"version\":
        \"latest\"\n          },\n          \"Win2012Datacenter\": {\n            \"publisher\":
        \"MicrosoftWindowsServer\",\n            \"offer\": \"WindowsServer\",\n            \"sku\":
        \"2012-Datacenter\",\n            \"version\": \"latest\"\n          },\n
        \         \"Win2008R2SP1\": {\n            \"publisher\": \"MicrosoftWindowsServer\",\n
        \           \"offer\": \"WindowsServer\",\n            \"sku\": \"2008-R2-SP1\",\n
        \           \"version\": \"latest\"\n          }\n        }\n      }\n    }\n
        \ }\n}\n"
    headers:
      accept-ranges:
      - bytes
      access-control-allow-origin:
      - '*'
      cache-control:
      - max-age=300
      connection:
      - keep-alive
      content-length:
      - '2744'
      content-security-policy:
      - default-src 'none'; style-src 'unsafe-inline'; sandbox
      content-type:
      - text/plain; charset=utf-8
      date:
      - Wed, 23 Feb 2022 03:46:05 GMT
      etag:
      - W/"d5acead0b38a79d988c245a7a15ec01f999da9244c97bbdc1fa2ec70d9e433f5"
      expires:
      - Wed, 23 Feb 2022 03:51:05 GMT
      source-age:
      - '294'
      strict-transport-security:
      - max-age=31536000
      vary:
      - Authorization,Accept-Encoding,Origin
      via:
      - 1.1 varnish
      x-cache:
      - HIT
      x-cache-hits:
      - '1'
      x-content-type-options:
      - nosniff
      x-fastly-request-id:
      - b8f40c2c75680efb1d2fc27ea38ce97bd69ce645
      x-frame-options:
      - deny
      x-github-request-id:
      - 7C36:01D4:3AA050:48A76D:62158E03
      x-served-by:
      - cache-qpg1264-QPG
      x-timer:
      - S1645587965.035280,VS0,VE1
      x-xss-protection:
      - 1; mode=block
    status:
      code: 200
      message: OK
- request:
    body: null
    headers:
      Accept:
      - application/json, text/json
      Accept-Encoding:
      - gzip, deflate
      CommandName:
      - vmss create
      Connection:
      - keep-alive
      ParameterSetName:
      - -g -n --image --admin-username --generate-ssh-keys
      User-Agent:
      - AZURECLI/2.33.0 azsdk-python-azure-mgmt-network/19.3.0 Python/3.10.0 (Windows-10-10.0.19043-SP0)
    method: GET
    uri: https://management.azure.com/subscriptions/00000000-0000-0000-0000-000000000000/resourceGroups/cli_test_vmss_run_command_v2000001/providers/Microsoft.Network/virtualNetworks?api-version=2018-01-01
  response:
    body:
      string: '{"value":[]}'
    headers:
      cache-control:
      - no-cache
      content-length:
      - '12'
      content-type:
      - application/json; charset=utf-8
      date:
      - Wed, 23 Feb 2022 03:46:04 GMT
      expires:
      - '-1'
      pragma:
      - no-cache
      strict-transport-security:
      - max-age=31536000; includeSubDomains
      vary:
      - Accept-Encoding
      x-content-type-options:
      - nosniff
    status:
      code: 200
      message: OK
- request:
    body: '{"properties": {"template": {"$schema": "https://schema.management.azure.com/schemas/2015-01-01/deploymentTemplate.json#",
      "contentVersion": "1.0.0.0", "parameters": {}, "variables": {}, "resources":
      [{"name": "vmss-000002VNET", "type": "Microsoft.Network/virtualNetworks", "location":
      "westus", "apiVersion": "2015-06-15", "dependsOn": [], "tags": {}, "properties":
      {"addressSpace": {"addressPrefixes": ["10.0.0.0/16"]}, "subnets": [{"name":
      "vmss-000002Subnet", "properties": {"addressPrefix": "10.0.0.0/24"}}]}}, {"apiVersion":
      "2018-01-01", "type": "Microsoft.Network/publicIPAddresses", "name": "vmss-000002LBPublicIP",
      "location": "westus", "tags": {}, "dependsOn": [], "properties": {"publicIPAllocationMethod":
      "Dynamic"}}, {"type": "Microsoft.Network/loadBalancers", "name": "vmss-000002LB",
      "location": "westus", "tags": {}, "apiVersion": "2018-01-01", "dependsOn": ["Microsoft.Network/virtualNetworks/vmss-000002VNET",
      "Microsoft.Network/publicIpAddresses/vmss-000002LBPublicIP"], "properties":
      {"backendAddressPools": [{"name": "vmss-000002LBBEPool"}], "frontendIPConfigurations":
      [{"name": "loadBalancerFrontEnd", "properties": {"publicIPAddress": {"id": "/subscriptions/00000000-0000-0000-0000-000000000000/resourceGroups/cli_test_vmss_run_command_v2000001/providers/Microsoft.Network/publicIPAddresses/vmss-000002LBPublicIP"}}}],
      "inboundNatPools": [{"name": "vmss-000002LBNatPool", "properties": {"frontendIPConfiguration":
      {"id": "[concat(resourceId(''Microsoft.Network/loadBalancers'', ''vmss-000002LB''),
      ''/frontendIPConfigurations/'', ''loadBalancerFrontEnd'')]"}, "protocol": "tcp",
      "frontendPortRangeStart": "50000", "frontendPortRangeEnd": "50119", "backendPort":
      22}}]}}, {"type": "Microsoft.Compute/virtualMachineScaleSets", "name": "vmss-000002",
      "location": "westus", "tags": {}, "apiVersion": "2021-11-01", "dependsOn": ["Microsoft.Network/virtualNetworks/vmss-000002VNET",
      "Microsoft.Network/loadBalancers/vmss-000002LB"], "properties": {"overprovision":
      true, "upgradePolicy": {"mode": "manual", "rollingUpgradePolicy": {}}, "singlePlacementGroup":
      null, "virtualMachineProfile": {"storageProfile": {"osDisk": {"createOption":
      "FromImage", "caching": "ReadWrite", "managedDisk": {"storageAccountType": null}},
      "imageReference": {"publisher": "Canonical", "offer": "UbuntuServer", "sku":
      "18.04-LTS", "version": "latest"}}, "osProfile": {"computerNamePrefix": "vmssdde54",
      "adminUsername": "user-000004", "linuxConfiguration": {"disablePasswordAuthentication":
      true, "ssh": {"publicKeys": [{"path": "/home/user-000004/.ssh/authorized_keys",
      "keyData": "ssh-rsa AAAAB3NzaC1yc2EAAAADAQABAAABgQCyHIxtehmSa4iZExLrQ4pc7bklBKwAR865F9LEWNd8SIgFCYy2s+vA5Sofj2cMD06HqCAPeM+VJvjwImCmGhO3GQU816Zo7AOX21dKGUZLbGQ35lxXPMsd0aCx8J8Ncq1sReBPlZs9BT2X0pR2jkalCJQKFWXXkwXyj8l05PunQm2lnggijrnLAMjdI7+6S6rNUs4oA54egfrKIXSQiqjfSNMySytJzJkGYdbQzUrGrL47qNEy0keAPi1VGlijs/m3khFQAd2Bdb1Nhp1k8QC0OQ5BccKPVfFRyz/EoRMFvjzfNQrR75D6f2q+XZIrlee1Z7MX/KpYx1IOI2ATlfRqUoIlM7O1hWsQr9rGek+D10BtBJ4uZsrUOHs+llQo5fQXzVunZEzaYUBulRwPO1kBHjSkD0NNCO5490EnaCIFot41Wh/bDTWFNDZkZHxXhbrXRaA/d0vzrlAiLDUkUEtOKP0jc9o9vz/vSbEth6u8df06cq9yYVbn+1j93lX5vJ0=
      cxznmhdcxz\n"}]}}}, "networkProfile": {"networkInterfaceConfigurations": [{"name":
      "vmssdde54Nic", "properties": {"ipConfigurations": [{"name": "vmssdde54IPConfig",
      "properties": {"subnet": {"id": "/subscriptions/00000000-0000-0000-0000-000000000000/resourceGroups/cli_test_vmss_run_command_v2000001/providers/Microsoft.Network/virtualNetworks/vmss-000002VNET/subnets/vmss-000002Subnet"},
      "loadBalancerBackendAddressPools": [{"id": "/subscriptions/00000000-0000-0000-0000-000000000000/resourceGroups/cli_test_vmss_run_command_v2000001/providers/Microsoft.Network/loadBalancers/vmss-000002LB/backendAddressPools/vmss-000002LBBEPool"}],
      "loadBalancerInboundNatPools": [{"id": "/subscriptions/00000000-0000-0000-0000-000000000000/resourceGroups/cli_test_vmss_run_command_v2000001/providers/Microsoft.Network/loadBalancers/vmss-000002LB/inboundNatPools/vmss-000002LBNatPool"}]}}],
      "primary": "true"}}]}}, "orchestrationMode": "Uniform"}, "sku": {"name": "Standard_DS1_v2",
      "capacity": 2}}], "outputs": {"VMSS": {"type": "object", "value": "[reference(resourceId(''Microsoft.Compute/virtualMachineScaleSets'',
      ''vmss-000002''),providers(''Microsoft.Compute'', ''virtualMachineScaleSets'').apiVersions[0])]"}}},
      "parameters": {}, "mode": "incremental"}}'
    headers:
      Accept:
      - application/json
      Accept-Encoding:
      - gzip, deflate
      CommandName:
      - vmss create
      Connection:
      - keep-alive
      Content-Length:
      - '4367'
      Content-Type:
      - application/json
      ParameterSetName:
      - -g -n --image --admin-username --generate-ssh-keys
      User-Agent:
      - AZURECLI/2.33.0 azsdk-python-azure-mgmt-resource/20.0.0 Python/3.10.0 (Windows-10-10.0.19043-SP0)
    method: PUT
    uri: https://management.azure.com/subscriptions/00000000-0000-0000-0000-000000000000/resourcegroups/cli_test_vmss_run_command_v2000001/providers/Microsoft.Resources/deployments/mock-deployment?api-version=2021-04-01
  response:
    body:
      string: '{"id":"/subscriptions/00000000-0000-0000-0000-000000000000/resourceGroups/cli_test_vmss_run_command_v2000001/providers/Microsoft.Resources/deployments/vmss_deploy_60ux5EeYMEMvmHYfGpEWl4HBlaEnurFE","name":"vmss_deploy_60ux5EeYMEMvmHYfGpEWl4HBlaEnurFE","type":"Microsoft.Resources/deployments","properties":{"templateHash":"1442950547165132878","parameters":{},"mode":"Incremental","provisioningState":"Accepted","timestamp":"2022-02-23T03:46:16.6648471Z","duration":"PT0.0005162S","correlationId":"6f2916a2-6581-41eb-90a7-ac7e2af6c4fd","providers":[{"namespace":"Microsoft.Network","resourceTypes":[{"resourceType":"virtualNetworks","locations":["westus"]},{"resourceType":"publicIPAddresses","locations":["westus"]},{"resourceType":"loadBalancers","locations":["westus"]}]},{"namespace":"Microsoft.Compute","resourceTypes":[{"resourceType":"virtualMachineScaleSets","locations":["westus"]}]}],"dependencies":[{"dependsOn":[{"id":"/subscriptions/00000000-0000-0000-0000-000000000000/resourceGroups/cli_test_vmss_run_command_v2000001/providers/Microsoft.Network/virtualNetworks/vmss-000002VNET","resourceType":"Microsoft.Network/virtualNetworks","resourceName":"vmss-000002VNET"},{"id":"/subscriptions/00000000-0000-0000-0000-000000000000/resourceGroups/cli_test_vmss_run_command_v2000001/providers/Microsoft.Network/publicIPAddresses/vmss-000002LBPublicIP","resourceType":"Microsoft.Network/publicIPAddresses","resourceName":"vmss-000002LBPublicIP"}],"id":"/subscriptions/00000000-0000-0000-0000-000000000000/resourceGroups/cli_test_vmss_run_command_v2000001/providers/Microsoft.Network/loadBalancers/vmss-000002LB","resourceType":"Microsoft.Network/loadBalancers","resourceName":"vmss-000002LB"},{"dependsOn":[{"id":"/subscriptions/00000000-0000-0000-0000-000000000000/resourceGroups/cli_test_vmss_run_command_v2000001/providers/Microsoft.Network/virtualNetworks/vmss-000002VNET","resourceType":"Microsoft.Network/virtualNetworks","resourceName":"vmss-000002VNET"},{"id":"/subscriptions/00000000-0000-0000-0000-000000000000/resourceGroups/cli_test_vmss_run_command_v2000001/providers/Microsoft.Network/loadBalancers/vmss-000002LB","resourceType":"Microsoft.Network/loadBalancers","resourceName":"vmss-000002LB"}],"id":"/subscriptions/00000000-0000-0000-0000-000000000000/resourceGroups/cli_test_vmss_run_command_v2000001/providers/Microsoft.Compute/virtualMachineScaleSets/vmss-000002","resourceType":"Microsoft.Compute/virtualMachineScaleSets","resourceName":"vmss-000002"}]}}'
    headers:
      azure-asyncoperation:
      - https://management.azure.com/subscriptions/00000000-0000-0000-0000-000000000000/resourcegroups/cli_test_vmss_run_command_v2000001/providers/Microsoft.Resources/deployments/vmss_deploy_60ux5EeYMEMvmHYfGpEWl4HBlaEnurFE/operationStatuses/08585560189114683636?api-version=2021-04-01
      cache-control:
      - no-cache
      content-length:
      - '2477'
      content-type:
      - application/json; charset=utf-8
      date:
      - Wed, 23 Feb 2022 03:46:19 GMT
      expires:
      - '-1'
      pragma:
      - no-cache
      strict-transport-security:
      - max-age=31536000; includeSubDomains
      x-content-type-options:
      - nosniff
      x-ms-ratelimit-remaining-subscription-writes:
      - '1199'
    status:
      code: 201
      message: Created
- request:
    body: null
    headers:
      Accept:
      - '*/*'
      Accept-Encoding:
      - gzip, deflate
      CommandName:
      - vmss create
      Connection:
      - keep-alive
      ParameterSetName:
      - -g -n --image --admin-username --generate-ssh-keys
      User-Agent:
      - AZURECLI/2.33.0 azsdk-python-azure-mgmt-resource/20.0.0 Python/3.10.0 (Windows-10-10.0.19043-SP0)
    method: GET
    uri: https://management.azure.com/subscriptions/00000000-0000-0000-0000-000000000000/resourcegroups/cli_test_vmss_run_command_v2000001/providers/Microsoft.Resources/deployments/mock-deployment/operationStatuses/08585560189114683636?api-version=2021-04-01
  response:
    body:
      string: '{"status":"Running"}'
    headers:
      cache-control:
      - no-cache
      content-length:
      - '20'
      content-type:
      - application/json; charset=utf-8
      date:
      - Wed, 23 Feb 2022 03:46:50 GMT
      expires:
      - '-1'
      pragma:
      - no-cache
      strict-transport-security:
      - max-age=31536000; includeSubDomains
      vary:
      - Accept-Encoding
      x-content-type-options:
      - nosniff
    status:
      code: 200
      message: OK
- request:
    body: null
    headers:
      Accept:
      - '*/*'
      Accept-Encoding:
      - gzip, deflate
      CommandName:
      - vmss create
      Connection:
      - keep-alive
      ParameterSetName:
      - -g -n --image --admin-username --generate-ssh-keys
      User-Agent:
      - AZURECLI/2.33.0 azsdk-python-azure-mgmt-resource/20.0.0 Python/3.10.0 (Windows-10-10.0.19043-SP0)
    method: GET
    uri: https://management.azure.com/subscriptions/00000000-0000-0000-0000-000000000000/resourcegroups/cli_test_vmss_run_command_v2000001/providers/Microsoft.Resources/deployments/mock-deployment/operationStatuses/08585560189114683636?api-version=2021-04-01
  response:
    body:
      string: '{"status":"Running"}'
    headers:
      cache-control:
      - no-cache
      content-length:
      - '20'
      content-type:
      - application/json; charset=utf-8
      date:
      - Wed, 23 Feb 2022 03:47:20 GMT
      expires:
      - '-1'
      pragma:
      - no-cache
      strict-transport-security:
      - max-age=31536000; includeSubDomains
      vary:
      - Accept-Encoding
      x-content-type-options:
      - nosniff
    status:
      code: 200
      message: OK
- request:
    body: null
    headers:
      Accept:
      - '*/*'
      Accept-Encoding:
      - gzip, deflate
      CommandName:
      - vmss create
      Connection:
      - keep-alive
      ParameterSetName:
      - -g -n --image --admin-username --generate-ssh-keys
      User-Agent:
      - AZURECLI/2.33.0 azsdk-python-azure-mgmt-resource/20.0.0 Python/3.10.0 (Windows-10-10.0.19043-SP0)
    method: GET
    uri: https://management.azure.com/subscriptions/00000000-0000-0000-0000-000000000000/resourcegroups/cli_test_vmss_run_command_v2000001/providers/Microsoft.Resources/deployments/mock-deployment/operationStatuses/08585560189114683636?api-version=2021-04-01
  response:
    body:
      string: '{"status":"Succeeded"}'
    headers:
      cache-control:
      - no-cache
      content-length:
      - '22'
      content-type:
      - application/json; charset=utf-8
      date:
      - Wed, 23 Feb 2022 03:47:50 GMT
      expires:
      - '-1'
      pragma:
      - no-cache
      strict-transport-security:
      - max-age=31536000; includeSubDomains
      vary:
      - Accept-Encoding
      x-content-type-options:
      - nosniff
    status:
      code: 200
      message: OK
- request:
    body: null
    headers:
      Accept:
      - '*/*'
      Accept-Encoding:
      - gzip, deflate
      CommandName:
      - vmss create
      Connection:
      - keep-alive
      ParameterSetName:
      - -g -n --image --admin-username --generate-ssh-keys
      User-Agent:
      - AZURECLI/2.33.0 azsdk-python-azure-mgmt-resource/20.0.0 Python/3.10.0 (Windows-10-10.0.19043-SP0)
    method: GET
    uri: https://management.azure.com/subscriptions/00000000-0000-0000-0000-000000000000/resourcegroups/cli_test_vmss_run_command_v2000001/providers/Microsoft.Resources/deployments/mock-deployment?api-version=2021-04-01
  response:
    body:
      string: '{"id":"/subscriptions/00000000-0000-0000-0000-000000000000/resourceGroups/cli_test_vmss_run_command_v2000001/providers/Microsoft.Resources/deployments/vmss_deploy_60ux5EeYMEMvmHYfGpEWl4HBlaEnurFE","name":"vmss_deploy_60ux5EeYMEMvmHYfGpEWl4HBlaEnurFE","type":"Microsoft.Resources/deployments","properties":{"templateHash":"1442950547165132878","parameters":{},"mode":"Incremental","provisioningState":"Succeeded","timestamp":"2022-02-23T03:47:36.4029031Z","duration":"PT1M19.7385722S","correlationId":"6f2916a2-6581-41eb-90a7-ac7e2af6c4fd","providers":[{"namespace":"Microsoft.Network","resourceTypes":[{"resourceType":"virtualNetworks","locations":["westus"]},{"resourceType":"publicIPAddresses","locations":["westus"]},{"resourceType":"loadBalancers","locations":["westus"]}]},{"namespace":"Microsoft.Compute","resourceTypes":[{"resourceType":"virtualMachineScaleSets","locations":["westus"]}]}],"dependencies":[{"dependsOn":[{"id":"/subscriptions/00000000-0000-0000-0000-000000000000/resourceGroups/cli_test_vmss_run_command_v2000001/providers/Microsoft.Network/virtualNetworks/vmss-000002VNET","resourceType":"Microsoft.Network/virtualNetworks","resourceName":"vmss-000002VNET"},{"id":"/subscriptions/00000000-0000-0000-0000-000000000000/resourceGroups/cli_test_vmss_run_command_v2000001/providers/Microsoft.Network/publicIPAddresses/vmss-000002LBPublicIP","resourceType":"Microsoft.Network/publicIPAddresses","resourceName":"vmss-000002LBPublicIP"}],"id":"/subscriptions/00000000-0000-0000-0000-000000000000/resourceGroups/cli_test_vmss_run_command_v2000001/providers/Microsoft.Network/loadBalancers/vmss-000002LB","resourceType":"Microsoft.Network/loadBalancers","resourceName":"vmss-000002LB"},{"dependsOn":[{"id":"/subscriptions/00000000-0000-0000-0000-000000000000/resourceGroups/cli_test_vmss_run_command_v2000001/providers/Microsoft.Network/virtualNetworks/vmss-000002VNET","resourceType":"Microsoft.Network/virtualNetworks","resourceName":"vmss-000002VNET"},{"id":"/subscriptions/00000000-0000-0000-0000-000000000000/resourceGroups/cli_test_vmss_run_command_v2000001/providers/Microsoft.Network/loadBalancers/vmss-000002LB","resourceType":"Microsoft.Network/loadBalancers","resourceName":"vmss-000002LB"}],"id":"/subscriptions/00000000-0000-0000-0000-000000000000/resourceGroups/cli_test_vmss_run_command_v2000001/providers/Microsoft.Compute/virtualMachineScaleSets/vmss-000002","resourceType":"Microsoft.Compute/virtualMachineScaleSets","resourceName":"vmss-000002"}],"outputs":{"vmss":{"type":"Object","value":{"singlePlacementGroup":true,"upgradePolicy":{"mode":"Manual","rollingUpgradePolicy":{"maxBatchInstancePercent":20,"maxUnhealthyInstancePercent":20,"maxUnhealthyUpgradedInstancePercent":20,"pauseTimeBetweenBatches":"PT0S"}},"virtualMachineProfile":{"osProfile":{"computerNamePrefix":"vmssdde54","adminUsername":"user-000004","linuxConfiguration":{"disablePasswordAuthentication":true,"ssh":{"publicKeys":[{"path":"/home/user-000004/.ssh/authorized_keys","keyData":"ssh-rsa
        AAAAB3NzaC1yc2EAAAADAQABAAABgQCyHIxtehmSa4iZExLrQ4pc7bklBKwAR865F9LEWNd8SIgFCYy2s+vA5Sofj2cMD06HqCAPeM+VJvjwImCmGhO3GQU816Zo7AOX21dKGUZLbGQ35lxXPMsd0aCx8J8Ncq1sReBPlZs9BT2X0pR2jkalCJQKFWXXkwXyj8l05PunQm2lnggijrnLAMjdI7+6S6rNUs4oA54egfrKIXSQiqjfSNMySytJzJkGYdbQzUrGrL47qNEy0keAPi1VGlijs/m3khFQAd2Bdb1Nhp1k8QC0OQ5BccKPVfFRyz/EoRMFvjzfNQrR75D6f2q+XZIrlee1Z7MX/KpYx1IOI2ATlfRqUoIlM7O1hWsQr9rGek+D10BtBJ4uZsrUOHs+llQo5fQXzVunZEzaYUBulRwPO1kBHjSkD0NNCO5490EnaCIFot41Wh/bDTWFNDZkZHxXhbrXRaA/d0vzrlAiLDUkUEtOKP0jc9o9vz/vSbEth6u8df06cq9yYVbn+1j93lX5vJ0=
        cxznmhdcxz\n"}]},"provisionVMAgent":true},"secrets":[],"allowExtensionOperations":true,"requireGuestProvisionSignal":true},"storageProfile":{"osDisk":{"osType":"Linux","createOption":"FromImage","caching":"ReadWrite","managedDisk":{"storageAccountType":"Premium_LRS"},"diskSizeGB":30},"imageReference":{"publisher":"Canonical","offer":"UbuntuServer","sku":"18.04-LTS","version":"latest"}},"networkProfile":{"networkInterfaceConfigurations":[{"name":"vmssdde54Nic","properties":{"primary":true,"enableAcceleratedNetworking":false,"dnsSettings":{"dnsServers":[]},"enableIPForwarding":false,"ipConfigurations":[{"name":"vmssdde54IPConfig","properties":{"subnet":{"id":"/subscriptions/00000000-0000-0000-0000-000000000000/resourceGroups/cli_test_vmss_run_command_v2000001/providers/Microsoft.Network/virtualNetworks/vmss-000002VNET/subnets/vmss-000002Subnet"},"privateIPAddressVersion":"IPv4","loadBalancerBackendAddressPools":[{"id":"/subscriptions/00000000-0000-0000-0000-000000000000/resourceGroups/cli_test_vmss_run_command_v2000001/providers/Microsoft.Network/loadBalancers/vmss-000002LB/backendAddressPools/vmss-000002LBBEPool"}],"loadBalancerInboundNatPools":[{"id":"/subscriptions/00000000-0000-0000-0000-000000000000/resourceGroups/cli_test_vmss_run_command_v2000001/providers/Microsoft.Network/loadBalancers/vmss-000002LB/inboundNatPools/vmss-000002LBNatPool"}]}}]}}]}},"provisioningState":"Succeeded","overprovision":true,"doNotRunExtensionsOnOverprovisionedVMs":false,"uniqueId":"4be5faab-a889-4475-9690-4d7844f505f3","timeCreated":"2022-02-23T03:46:40.7356778+00:00"}}},"outputResources":[{"id":"/subscriptions/00000000-0000-0000-0000-000000000000/resourceGroups/cli_test_vmss_run_command_v2000001/providers/Microsoft.Compute/virtualMachineScaleSets/vmss-000002"},{"id":"/subscriptions/00000000-0000-0000-0000-000000000000/resourceGroups/cli_test_vmss_run_command_v2000001/providers/Microsoft.Network/loadBalancers/vmss-000002LB"},{"id":"/subscriptions/00000000-0000-0000-0000-000000000000/resourceGroups/cli_test_vmss_run_command_v2000001/providers/Microsoft.Network/publicIPAddresses/vmss-000002LBPublicIP"},{"id":"/subscriptions/00000000-0000-0000-0000-000000000000/resourceGroups/cli_test_vmss_run_command_v2000001/providers/Microsoft.Network/virtualNetworks/vmss-000002VNET"}]}}'
    headers:
      cache-control:
      - no-cache
      content-length:
      - '5833'
      content-type:
      - application/json; charset=utf-8
      date:
      - Wed, 23 Feb 2022 03:47:51 GMT
      expires:
      - '-1'
      pragma:
      - no-cache
      strict-transport-security:
      - max-age=31536000; includeSubDomains
      vary:
      - Accept-Encoding
      x-content-type-options:
      - nosniff
    status:
      code: 200
      message: OK
- request:
    body: null
    headers:
      Accept:
      - application/json
      Accept-Encoding:
      - gzip, deflate
      CommandName:
      - vmss list-instances
      Connection:
      - keep-alive
      ParameterSetName:
      - --resource-group --name --query
      User-Agent:
      - AZURECLI/2.33.0 azsdk-python-azure-mgmt-compute/25.0.0 Python/3.10.0 (Windows-10-10.0.19043-SP0)
    method: GET
    uri: https://management.azure.com/subscriptions/00000000-0000-0000-0000-000000000000/resourceGroups/cli_test_vmss_run_command_v2000001/providers/Microsoft.Compute/virtualMachineScaleSets/vmss-000002/virtualMachines?api-version=2021-11-01
  response:
    body:
      string: "{\r\n  \"value\": [\r\n    {\r\n      \"name\": \"vmss-000002_0\",\r\n
        \     \"id\": \"/subscriptions/00000000-0000-0000-0000-000000000000/resourceGroups/cli_test_vmss_run_command_v2000001/providers/Microsoft.Compute/virtualMachineScaleSets/vmss-000002/virtualMachines/0\",\r\n
        \     \"type\": \"Microsoft.Compute/virtualMachineScaleSets/virtualMachines\",\r\n
        \     \"location\": \"westus\",\r\n      \"tags\": {},\r\n      \"instanceId\":
        \"0\",\r\n      \"sku\": {\r\n        \"name\": \"Standard_DS1_v2\",\r\n        \"tier\":
        \"Standard\"\r\n      },\r\n      \"properties\": {\r\n        \"latestModelApplied\":
        true,\r\n        \"modelDefinitionApplied\": \"VirtualMachineScaleSet\",\r\n
        \       \"networkProfileConfiguration\": {\"networkInterfaceConfigurations\":[{\"name\":\"vmssdde54Nic\",\"properties\":{\"primary\":true,\"enableAcceleratedNetworking\":false,\"dnsSettings\":{\"dnsServers\":[]},\"enableIPForwarding\":false,\"ipConfigurations\":[{\"name\":\"vmssdde54IPConfig\",\"properties\":{\"subnet\":{\"id\":\"/subscriptions/00000000-0000-0000-0000-000000000000/resourceGroups/cli_test_vmss_run_command_v2000001/providers/Microsoft.Network/virtualNetworks/vmss-000002VNET/subnets/vmss-000002Subnet\"},\"privateIPAddressVersion\":\"IPv4\",\"loadBalancerBackendAddressPools\":[{\"id\":\"/subscriptions/00000000-0000-0000-0000-000000000000/resourceGroups/cli_test_vmss_run_command_v2000001/providers/Microsoft.Network/loadBalancers/vmss-000002LB/backendAddressPools/vmss-000002LBBEPool\"}],\"loadBalancerInboundNatPools\":[{\"id\":\"/subscriptions/00000000-0000-0000-0000-000000000000/resourceGroups/cli_test_vmss_run_command_v2000001/providers/Microsoft.Network/loadBalancers/vmss-000002LB/inboundNatPools/vmss-000002LBNatPool\"}]}}]}}]},\r\n
        \       \"vmId\": \"8b5a74c8-ef77-488b-955f-634ffc30d940\",\r\n        \"hardwareProfile\":
        {},\r\n        \"storageProfile\": {\r\n          \"imageReference\": {\r\n
        \           \"publisher\": \"Canonical\",\r\n            \"offer\": \"UbuntuServer\",\r\n
        \           \"sku\": \"18.04-LTS\",\r\n            \"version\": \"latest\",\r\n
        \           \"exactVersion\": \"18.04.202202130\"\r\n          },\r\n          \"osDisk\":
        {\r\n            \"osType\": \"Linux\",\r\n            \"name\": \"vmss-000002_vmss-000002_0_OsDisk_1_ad868d9e7cd54f0b9465fec2fa2ef4d0\",\r\n
        \           \"createOption\": \"FromImage\",\r\n            \"caching\": \"ReadWrite\",\r\n
        \           \"managedDisk\": {\r\n              \"storageAccountType\": \"Premium_LRS\",\r\n
        \             \"id\": \"/subscriptions/00000000-0000-0000-0000-000000000000/resourceGroups/cli_test_vmss_run_command_v2000001/providers/Microsoft.Compute/disks/vmss-000002_vmss-000002_0_OsDisk_1_ad868d9e7cd54f0b9465fec2fa2ef4d0\"\r\n
        \           },\r\n            \"diskSizeGB\": 30\r\n          },\r\n          \"dataDisks\":
        []\r\n        },\r\n        \"osProfile\": {\r\n          \"computerName\":
        \"vmssdde54000000\",\r\n          \"adminUsername\": \"user-000004\",\r\n
        \         \"linuxConfiguration\": {\r\n            \"disablePasswordAuthentication\":
        true,\r\n            \"ssh\": {\r\n              \"publicKeys\": [\r\n                {\r\n
        \                 \"path\": \"/home/user-000004/.ssh/authorized_keys\",\r\n
        \                 \"keyData\": \"ssh-rsa AAAAB3NzaC1yc2EAAAADAQABAAABgQCyHIxtehmSa4iZExLrQ4pc7bklBKwAR865F9LEWNd8SIgFCYy2s+vA5Sofj2cMD06HqCAPeM+VJvjwImCmGhO3GQU816Zo7AOX21dKGUZLbGQ35lxXPMsd0aCx8J8Ncq1sReBPlZs9BT2X0pR2jkalCJQKFWXXkwXyj8l05PunQm2lnggijrnLAMjdI7+6S6rNUs4oA54egfrKIXSQiqjfSNMySytJzJkGYdbQzUrGrL47qNEy0keAPi1VGlijs/m3khFQAd2Bdb1Nhp1k8QC0OQ5BccKPVfFRyz/EoRMFvjzfNQrR75D6f2q+XZIrlee1Z7MX/KpYx1IOI2ATlfRqUoIlM7O1hWsQr9rGek+D10BtBJ4uZsrUOHs+llQo5fQXzVunZEzaYUBulRwPO1kBHjSkD0NNCO5490EnaCIFot41Wh/bDTWFNDZkZHxXhbrXRaA/d0vzrlAiLDUkUEtOKP0jc9o9vz/vSbEth6u8df06cq9yYVbn+1j93lX5vJ0=
        cxznmhdcxz\\n\"\r\n                }\r\n              ]\r\n            },\r\n
        \           \"provisionVMAgent\": true\r\n          },\r\n          \"secrets\":
        [],\r\n          \"allowExtensionOperations\": true,\r\n          \"requireGuestProvisionSignal\":
        true\r\n        },\r\n        \"networkProfile\": {\"networkInterfaces\":[{\"id\":\"/subscriptions/00000000-0000-0000-0000-000000000000/resourceGroups/cli_test_vmss_run_command_v2000001/providers/Microsoft.Compute/virtualMachineScaleSets/vmss-000002/virtualMachines/0/networkInterfaces/vmssdde54Nic\"}]},\r\n
        \       \"provisioningState\": \"Updating\",\r\n        \"timeCreated\": \"2022-02-23T03:46:40.8294044+00:00\"\r\n
        \     }\r\n    },\r\n    {\r\n      \"name\": \"vmss-000002_2\",\r\n      \"id\":
        \"/subscriptions/00000000-0000-0000-0000-000000000000/resourceGroups/cli_test_vmss_run_command_v2000001/providers/Microsoft.Compute/virtualMachineScaleSets/vmss-000002/virtualMachines/2\",\r\n
        \     \"type\": \"Microsoft.Compute/virtualMachineScaleSets/virtualMachines\",\r\n
        \     \"location\": \"westus\",\r\n      \"tags\": {},\r\n      \"instanceId\":
        \"2\",\r\n      \"sku\": {\r\n        \"name\": \"Standard_DS1_v2\",\r\n        \"tier\":
        \"Standard\"\r\n      },\r\n      \"properties\": {\r\n        \"latestModelApplied\":
        true,\r\n        \"modelDefinitionApplied\": \"VirtualMachineScaleSet\",\r\n
        \       \"networkProfileConfiguration\": {\"networkInterfaceConfigurations\":[{\"name\":\"vmssdde54Nic\",\"properties\":{\"primary\":true,\"enableAcceleratedNetworking\":false,\"dnsSettings\":{\"dnsServers\":[]},\"enableIPForwarding\":false,\"ipConfigurations\":[{\"name\":\"vmssdde54IPConfig\",\"properties\":{\"subnet\":{\"id\":\"/subscriptions/00000000-0000-0000-0000-000000000000/resourceGroups/cli_test_vmss_run_command_v2000001/providers/Microsoft.Network/virtualNetworks/vmss-000002VNET/subnets/vmss-000002Subnet\"},\"privateIPAddressVersion\":\"IPv4\",\"loadBalancerBackendAddressPools\":[{\"id\":\"/subscriptions/00000000-0000-0000-0000-000000000000/resourceGroups/cli_test_vmss_run_command_v2000001/providers/Microsoft.Network/loadBalancers/vmss-000002LB/backendAddressPools/vmss-000002LBBEPool\"}],\"loadBalancerInboundNatPools\":[{\"id\":\"/subscriptions/00000000-0000-0000-0000-000000000000/resourceGroups/cli_test_vmss_run_command_v2000001/providers/Microsoft.Network/loadBalancers/vmss-000002LB/inboundNatPools/vmss-000002LBNatPool\"}]}}]}}]},\r\n
        \       \"vmId\": \"1595455c-e3d2-4d16-ae92-3ac01bae401f\",\r\n        \"hardwareProfile\":
        {},\r\n        \"storageProfile\": {\r\n          \"imageReference\": {\r\n
        \           \"publisher\": \"Canonical\",\r\n            \"offer\": \"UbuntuServer\",\r\n
        \           \"sku\": \"18.04-LTS\",\r\n            \"version\": \"latest\",\r\n
        \           \"exactVersion\": \"18.04.202202130\"\r\n          },\r\n          \"osDisk\":
        {\r\n            \"osType\": \"Linux\",\r\n            \"name\": \"vmss-000002_vmss-000002_2_OsDisk_1_f09502e1498c4849867d58f1e04d9c58\",\r\n
        \           \"createOption\": \"FromImage\",\r\n            \"caching\": \"ReadWrite\",\r\n
        \           \"managedDisk\": {\r\n              \"storageAccountType\": \"Premium_LRS\",\r\n
        \             \"id\": \"/subscriptions/00000000-0000-0000-0000-000000000000/resourceGroups/cli_test_vmss_run_command_v2000001/providers/Microsoft.Compute/disks/vmss-000002_vmss-000002_2_OsDisk_1_f09502e1498c4849867d58f1e04d9c58\"\r\n
        \           },\r\n            \"diskSizeGB\": 30\r\n          },\r\n          \"dataDisks\":
        []\r\n        },\r\n        \"osProfile\": {\r\n          \"computerName\":
        \"vmssdde54000002\",\r\n          \"adminUsername\": \"user-000004\",\r\n
        \         \"linuxConfiguration\": {\r\n            \"disablePasswordAuthentication\":
        true,\r\n            \"ssh\": {\r\n              \"publicKeys\": [\r\n                {\r\n
        \                 \"path\": \"/home/user-000004/.ssh/authorized_keys\",\r\n
        \                 \"keyData\": \"ssh-rsa AAAAB3NzaC1yc2EAAAADAQABAAABgQCyHIxtehmSa4iZExLrQ4pc7bklBKwAR865F9LEWNd8SIgFCYy2s+vA5Sofj2cMD06HqCAPeM+VJvjwImCmGhO3GQU816Zo7AOX21dKGUZLbGQ35lxXPMsd0aCx8J8Ncq1sReBPlZs9BT2X0pR2jkalCJQKFWXXkwXyj8l05PunQm2lnggijrnLAMjdI7+6S6rNUs4oA54egfrKIXSQiqjfSNMySytJzJkGYdbQzUrGrL47qNEy0keAPi1VGlijs/m3khFQAd2Bdb1Nhp1k8QC0OQ5BccKPVfFRyz/EoRMFvjzfNQrR75D6f2q+XZIrlee1Z7MX/KpYx1IOI2ATlfRqUoIlM7O1hWsQr9rGek+D10BtBJ4uZsrUOHs+llQo5fQXzVunZEzaYUBulRwPO1kBHjSkD0NNCO5490EnaCIFot41Wh/bDTWFNDZkZHxXhbrXRaA/d0vzrlAiLDUkUEtOKP0jc9o9vz/vSbEth6u8df06cq9yYVbn+1j93lX5vJ0=
        cxznmhdcxz\\n\"\r\n                }\r\n              ]\r\n            },\r\n
        \           \"provisionVMAgent\": true\r\n          },\r\n          \"secrets\":
        [],\r\n          \"allowExtensionOperations\": true,\r\n          \"requireGuestProvisionSignal\":
        true\r\n        },\r\n        \"networkProfile\": {\"networkInterfaces\":[{\"id\":\"/subscriptions/00000000-0000-0000-0000-000000000000/resourceGroups/cli_test_vmss_run_command_v2000001/providers/Microsoft.Compute/virtualMachineScaleSets/vmss-000002/virtualMachines/2/networkInterfaces/vmssdde54Nic\"}]},\r\n
        \       \"provisioningState\": \"Succeeded\",\r\n        \"timeCreated\":
        \"2022-02-23T03:46:40.8294044+00:00\"\r\n      }\r\n    }\r\n  ]\r\n}"
    headers:
      cache-control:
      - no-cache
      content-length:
      - '8355'
      content-type:
      - application/json; charset=utf-8
      date:
      - Wed, 23 Feb 2022 03:47:52 GMT
      expires:
      - '-1'
      pragma:
      - no-cache
      server:
      - Microsoft-HTTPAPI/2.0
      - Microsoft-HTTPAPI/2.0
      strict-transport-security:
      - max-age=31536000; includeSubDomains
      transfer-encoding:
      - chunked
      vary:
      - Accept-Encoding
      x-content-type-options:
      - nosniff
      x-ms-ratelimit-remaining-resource:
      - Microsoft.Compute/HighCostGetVMScaleSet3Min;178,Microsoft.Compute/HighCostGetVMScaleSet30Min;885,Microsoft.Compute/VMScaleSetVMViews3Min;4996
      x-ms-request-charge:
      - '4'
    status:
      code: 200
      message: OK
- request:
    body: null
    headers:
      Accept:
      - application/json
      Accept-Encoding:
      - gzip, deflate
      CommandName:
      - vmss run-command create
      Connection:
      - keep-alive
      ParameterSetName:
      - --name -g --vmss-name --instance-id
      User-Agent:
      - AZURECLI/2.33.0 azsdk-python-azure-mgmt-resource/20.0.0 Python/3.10.0 (Windows-10-10.0.19043-SP0)
    method: GET
    uri: https://management.azure.com/subscriptions/00000000-0000-0000-0000-000000000000/resourcegroups/cli_test_vmss_run_command_v2000001?api-version=2021-04-01
  response:
    body:
      string: '{"id":"/subscriptions/00000000-0000-0000-0000-000000000000/resourceGroups/cli_test_vmss_run_command_v2000001","name":"cli_test_vmss_run_command_v2000001","type":"Microsoft.Resources/resourceGroups","location":"westus","tags":{"product":"azurecli","cause":"automation","date":"2022-02-23T03:46:03Z"},"properties":{"provisioningState":"Succeeded"}}'
    headers:
      cache-control:
      - no-cache
      content-length:
      - '346'
      content-type:
      - application/json; charset=utf-8
      date:
      - Wed, 23 Feb 2022 03:47:53 GMT
      expires:
      - '-1'
      pragma:
      - no-cache
      strict-transport-security:
      - max-age=31536000; includeSubDomains
      vary:
      - Accept-Encoding
      x-content-type-options:
      - nosniff
    status:
      code: 200
      message: OK
- request:
    body: '{"location": "westus", "properties": {"source": {}, "asyncExecution": false}}'
    headers:
      Accept:
      - application/json, text/json
      Accept-Encoding:
      - gzip, deflate
      CommandName:
      - vmss run-command create
      Connection:
      - keep-alive
      Content-Length:
      - '77'
      Content-Type:
      - application/json
      ParameterSetName:
      - --name -g --vmss-name --instance-id
      User-Agent:
      - AZURECLI/2.33.0 azsdk-python-azure-mgmt-compute/25.0.0 Python/3.10.0 (Windows-10-10.0.19043-SP0)
    method: PUT
    uri: https://management.azure.com/subscriptions/00000000-0000-0000-0000-000000000000/resourceGroups/cli_test_vmss_run_command_v2000001/providers/Microsoft.Compute/virtualMachineScaleSets/vmss-000002/virtualMachines/0/runCommands/cmd_000003?api-version=2021-11-01
  response:
    body:
      string: "{\r\n  \"name\": \"cmd_000003\",\r\n  \"id\": \"/subscriptions/00000000-0000-0000-0000-000000000000/resourceGroups/cli_test_vmss_run_command_v2000001/providers/Microsoft.Compute/virtualMachineScaleSets/vmss-000002/virtualMachines/0/runCommands/cmd_000003\",\r\n
        \ \"type\": \"Microsoft.Compute/virtualMachineScaleSets/virtualMachines/runCommands\",\r\n
        \ \"location\": \"westus\",\r\n  \"properties\": {\r\n    \"source\": {},\r\n
        \   \"timeoutInSeconds\": 0,\r\n    \"provisioningState\": \"Creating\",\r\n
        \   \"asyncExecution\": false\r\n  }\r\n}"
    headers:
      azure-asyncoperation:
      - https://management.azure.com/subscriptions/00000000-0000-0000-0000-000000000000/providers/Microsoft.Compute/locations/westus/operations/858311a8-08af-4e22-a650-97e97072fa56?p=571046f6-b640-41c1-86f7-f9f044b5adf9&api-version=2021-11-01
      cache-control:
      - no-cache
      content-length:
      - '495'
      content-type:
      - application/json; charset=utf-8
      date:
      - Wed, 23 Feb 2022 03:47:54 GMT
      expires:
      - '-1'
      pragma:
      - no-cache
      server:
      - Microsoft-HTTPAPI/2.0
      - Microsoft-HTTPAPI/2.0
      strict-transport-security:
      - max-age=31536000; includeSubDomains
      x-content-type-options:
      - nosniff
      x-ms-ratelimit-remaining-resource:
      - Microsoft.Compute/VMScaleSetBatchedVMRequests5Min;1187,Microsoft.Compute/VmssQueuedVMOperations;0
      x-ms-ratelimit-remaining-subscription-writes:
      - '1198'
      x-ms-request-charge:
      - '1'
    status:
      code: 201
      message: Created
- request:
    body: null
    headers:
      Accept:
      - '*/*'
      Accept-Encoding:
      - gzip, deflate
      CommandName:
      - vmss run-command create
      Connection:
      - keep-alive
      ParameterSetName:
      - --name -g --vmss-name --instance-id
      User-Agent:
      - AZURECLI/2.33.0 azsdk-python-azure-mgmt-compute/25.0.0 Python/3.10.0 (Windows-10-10.0.19043-SP0)
    method: GET
    uri: https://management.azure.com/subscriptions/00000000-0000-0000-0000-000000000000/providers/Microsoft.Compute/locations/westus/operations/858311a8-08af-4e22-a650-97e97072fa56?p=571046f6-b640-41c1-86f7-f9f044b5adf9&api-version=2021-11-01
  response:
    body:
      string: "{\r\n  \"startTime\": \"2022-02-23T03:47:54.2698396+00:00\",\r\n  \"status\":
        \"InProgress\",\r\n  \"name\": \"858311a8-08af-4e22-a650-97e97072fa56\"\r\n}"
    headers:
      cache-control:
      - no-cache
      content-length:
      - '134'
      content-type:
      - application/json; charset=utf-8
      date:
      - Wed, 23 Feb 2022 03:48:24 GMT
      expires:
      - '-1'
      pragma:
      - no-cache
      server:
      - Microsoft-HTTPAPI/2.0
      - Microsoft-HTTPAPI/2.0
      strict-transport-security:
      - max-age=31536000; includeSubDomains
      transfer-encoding:
      - chunked
      vary:
      - Accept-Encoding
      x-content-type-options:
      - nosniff
      x-ms-ratelimit-remaining-resource:
      - Microsoft.Compute/GetOperation3Min;14965,Microsoft.Compute/GetOperation30Min;29825
    status:
      code: 200
      message: OK
- request:
    body: null
    headers:
      Accept:
      - '*/*'
      Accept-Encoding:
      - gzip, deflate
      CommandName:
      - vmss run-command create
      Connection:
      - keep-alive
      ParameterSetName:
      - --name -g --vmss-name --instance-id
      User-Agent:
      - AZURECLI/2.33.0 azsdk-python-azure-mgmt-compute/25.0.0 Python/3.10.0 (Windows-10-10.0.19043-SP0)
    method: GET
    uri: https://management.azure.com/subscriptions/00000000-0000-0000-0000-000000000000/providers/Microsoft.Compute/locations/westus/operations/858311a8-08af-4e22-a650-97e97072fa56?p=571046f6-b640-41c1-86f7-f9f044b5adf9&api-version=2021-11-01
  response:
    body:
      string: "{\r\n  \"startTime\": \"2022-02-23T03:47:54.2698396+00:00\",\r\n  \"endTime\":
        \"2022-02-23T03:48:42.1467135+00:00\",\r\n  \"status\": \"Succeeded\",\r\n
        \ \"name\": \"858311a8-08af-4e22-a650-97e97072fa56\"\r\n}"
    headers:
      cache-control:
      - no-cache
      content-length:
      - '184'
      content-type:
      - application/json; charset=utf-8
      date:
      - Wed, 23 Feb 2022 03:48:54 GMT
      expires:
      - '-1'
      pragma:
      - no-cache
      server:
      - Microsoft-HTTPAPI/2.0
      - Microsoft-HTTPAPI/2.0
      strict-transport-security:
      - max-age=31536000; includeSubDomains
      transfer-encoding:
      - chunked
      vary:
      - Accept-Encoding
      x-content-type-options:
      - nosniff
      x-ms-ratelimit-remaining-resource:
      - Microsoft.Compute/GetOperation3Min;14965,Microsoft.Compute/GetOperation30Min;29818
    status:
      code: 200
      message: OK
- request:
    body: null
    headers:
      Accept:
      - '*/*'
      Accept-Encoding:
      - gzip, deflate
      CommandName:
      - vmss run-command create
      Connection:
      - keep-alive
      ParameterSetName:
      - --name -g --vmss-name --instance-id
      User-Agent:
      - AZURECLI/2.33.0 azsdk-python-azure-mgmt-compute/25.0.0 Python/3.10.0 (Windows-10-10.0.19043-SP0)
    method: GET
    uri: https://management.azure.com/subscriptions/00000000-0000-0000-0000-000000000000/resourceGroups/cli_test_vmss_run_command_v2000001/providers/Microsoft.Compute/virtualMachineScaleSets/vmss-000002/virtualMachines/0/runCommands/cmd_000003?api-version=2021-11-01
  response:
    body:
      string: "{\r\n  \"name\": \"cmd_000003\",\r\n  \"id\": \"/subscriptions/00000000-0000-0000-0000-000000000000/resourceGroups/cli_test_vmss_run_command_v2000001/providers/Microsoft.Compute/virtualMachineScaleSets/vmss-000002/virtualMachines/0/runCommands/cmd_000003\",\r\n
        \ \"type\": \"Microsoft.Compute/virtualMachineScaleSets/virtualMachines/runCommands\",\r\n
        \ \"location\": \"westus\",\r\n  \"properties\": {\r\n    \"source\": {},\r\n
        \   \"timeoutInSeconds\": 0,\r\n    \"provisioningState\": \"Succeeded\",\r\n
        \   \"asyncExecution\": false\r\n  }\r\n}"
    headers:
      cache-control:
      - no-cache
      content-length:
      - '496'
      content-type:
      - application/json; charset=utf-8
      date:
      - Wed, 23 Feb 2022 03:48:54 GMT
      expires:
      - '-1'
      pragma:
      - no-cache
      server:
      - Microsoft-HTTPAPI/2.0
      - Microsoft-HTTPAPI/2.0
      strict-transport-security:
      - max-age=31536000; includeSubDomains
      transfer-encoding:
      - chunked
      vary:
      - Accept-Encoding
      x-content-type-options:
      - nosniff
    status:
      code: 200
      message: OK
- request:
    body: null
    headers:
      Accept:
      - application/json, text/json
      Accept-Encoding:
      - gzip, deflate
      CommandName:
      - vmss run-command show
      Connection:
      - keep-alive
      ParameterSetName:
      - --vmss-name --name --instance-id -g --instance-view
      User-Agent:
      - AZURECLI/2.33.0 azsdk-python-azure-mgmt-compute/25.0.0 Python/3.10.0 (Windows-10-10.0.19043-SP0)
    method: GET
    uri: https://management.azure.com/subscriptions/00000000-0000-0000-0000-000000000000/resourceGroups/cli_test_vmss_run_command_v2000001/providers/Microsoft.Compute/virtualMachineScaleSets/vmss-000002/virtualMachines/0/runCommands/cmd_000003?$expand=instanceView&api-version=2021-11-01
  response:
    body:
      string: "{\r\n  \"name\": \"cmd_000003\",\r\n  \"id\": \"/subscriptions/00000000-0000-0000-0000-000000000000/resourceGroups/cli_test_vmss_run_command_v2000001/providers/Microsoft.Compute/virtualMachineScaleSets/vmss-000002/virtualMachines/0/runCommands/cmd_000003\",\r\n
        \ \"type\": \"Microsoft.Compute/virtualMachineScaleSets/virtualMachines/runCommands\",\r\n
        \ \"location\": \"westus\",\r\n  \"properties\": {\r\n    \"source\": {},\r\n
        \   \"timeoutInSeconds\": 0,\r\n    \"provisioningState\": \"Succeeded\",\r\n
        \   \"asyncExecution\": false,\r\n    \"instanceView\": {\r\n      \"exitCode\":
        0,\r\n      \"executionState\": \"Running\",\r\n      \"executionMessage\":
        \"Execution failed: failed to get configuration: invalid configuration: Either
        'source.script' or 'source.scriptUri' has to be specified\",\r\n      \"output\":
        \"\",\r\n      \"error\": \"\",\r\n      \"startTime\": \"2022-02-23T03:48:37+00:00\",\r\n
        \     \"endTime\": \"2022-02-23T03:48:37+00:00\"\r\n    }\r\n  }\r\n}"
    headers:
      cache-control:
      - no-cache
      content-length:
      - '886'
      content-type:
      - application/json; charset=utf-8
      date:
      - Wed, 23 Feb 2022 03:48:55 GMT
      expires:
      - '-1'
      pragma:
      - no-cache
      server:
      - Microsoft-HTTPAPI/2.0
      - Microsoft-HTTPAPI/2.0
      strict-transport-security:
      - max-age=31536000; includeSubDomains
      transfer-encoding:
      - chunked
      vary:
      - Accept-Encoding
      x-content-type-options:
      - nosniff
    status:
      code: 200
      message: OK
- request:
    body: null
    headers:
      Accept:
      - application/json
      Accept-Encoding:
      - gzip, deflate
      CommandName:
      - vmss run-command update
      Connection:
      - keep-alive
      ParameterSetName:
      - --name -g --vmss-name --instance-id --script --parameters --run-as-user --timeout-in-seconds
      User-Agent:
      - AZURECLI/2.33.0 azsdk-python-azure-mgmt-resource/20.0.0 Python/3.10.0 (Windows-10-10.0.19043-SP0)
    method: GET
    uri: https://management.azure.com/subscriptions/00000000-0000-0000-0000-000000000000/resourcegroups/cli_test_vmss_run_command_v2000001?api-version=2021-04-01
  response:
    body:
      string: '{"id":"/subscriptions/00000000-0000-0000-0000-000000000000/resourceGroups/cli_test_vmss_run_command_v2000001","name":"cli_test_vmss_run_command_v2000001","type":"Microsoft.Resources/resourceGroups","location":"westus","tags":{"product":"azurecli","cause":"automation","date":"2022-02-23T03:46:03Z"},"properties":{"provisioningState":"Succeeded"}}'
    headers:
      cache-control:
      - no-cache
      content-length:
      - '346'
      content-type:
      - application/json; charset=utf-8
      date:
      - Wed, 23 Feb 2022 03:48:56 GMT
      expires:
      - '-1'
      pragma:
      - no-cache
      strict-transport-security:
      - max-age=31536000; includeSubDomains
      vary:
      - Accept-Encoding
      x-content-type-options:
      - nosniff
    status:
      code: 200
      message: OK
- request:
    body: '{"properties": {"source": {"script": "script1"}, "parameters": [{"name":
      "arg1", "value": "f1"}], "asyncExecution": false, "runAsUser": "user1", "timeoutInSeconds":
      3600}}'
    headers:
      Accept:
      - application/json, text/json
      Accept-Encoding:
      - gzip, deflate
      CommandName:
      - vmss run-command update
      Connection:
      - keep-alive
      Content-Length:
      - '171'
      Content-Type:
      - application/json
      ParameterSetName:
      - --name -g --vmss-name --instance-id --script --parameters --run-as-user --timeout-in-seconds
      User-Agent:
      - AZURECLI/2.33.0 azsdk-python-azure-mgmt-compute/25.0.0 Python/3.10.0 (Windows-10-10.0.19043-SP0)
    method: PATCH
    uri: https://management.azure.com/subscriptions/00000000-0000-0000-0000-000000000000/resourceGroups/cli_test_vmss_run_command_v2000001/providers/Microsoft.Compute/virtualMachineScaleSets/vmss-000002/virtualMachines/0/runCommands/cmd_000003?api-version=2021-11-01
  response:
    body:
      string: "{\r\n  \"name\": \"cmd_000003\",\r\n  \"id\": \"/subscriptions/00000000-0000-0000-0000-000000000000/resourceGroups/cli_test_vmss_run_command_v2000001/providers/Microsoft.Compute/virtualMachineScaleSets/vmss-000002/virtualMachines/0/runCommands/cmd_000003\",\r\n
        \ \"type\": \"Microsoft.Compute/virtualMachineScaleSets/virtualMachines/runCommands\",\r\n
        \ \"location\": \"westus\",\r\n  \"properties\": {\r\n    \"source\": {\r\n
        \     \"script\": \"script1\"\r\n    },\r\n    \"parameters\": [\r\n      {\r\n
        \       \"name\": \"arg1\",\r\n        \"value\": \"f1\"\r\n      }\r\n    ],\r\n
        \   \"runAsUser\": \"user1\",\r\n    \"timeoutInSeconds\": 3600,\r\n    \"provisioningState\":
        \"Updating\",\r\n    \"asyncExecution\": false\r\n  }\r\n}"
    headers:
      azure-asyncoperation:
      - https://management.azure.com/subscriptions/00000000-0000-0000-0000-000000000000/providers/Microsoft.Compute/locations/westus/operations/1f4c37ac-a6de-476c-99fe-7105fb6b4f8e?p=571046f6-b640-41c1-86f7-f9f044b5adf9&api-version=2021-11-01
      cache-control:
      - no-cache
      content-length:
      - '653'
      content-type:
      - application/json; charset=utf-8
      date:
      - Wed, 23 Feb 2022 03:48:57 GMT
      expires:
      - '-1'
      pragma:
      - no-cache
      server:
      - Microsoft-HTTPAPI/2.0
      - Microsoft-HTTPAPI/2.0
      strict-transport-security:
      - max-age=31536000; includeSubDomains
      transfer-encoding:
      - chunked
      vary:
      - Accept-Encoding
      x-content-type-options:
      - nosniff
      x-ms-ratelimit-remaining-resource:
      - Microsoft.Compute/VMScaleSetBatchedVMRequests5Min;1184,Microsoft.Compute/VmssQueuedVMOperations;0
      x-ms-ratelimit-remaining-subscription-writes:
      - '1196'
      x-ms-request-charge:
      - '1'
    status:
      code: 200
      message: OK
- request:
    body: null
    headers:
      Accept:
      - '*/*'
      Accept-Encoding:
      - gzip, deflate
      CommandName:
      - vmss run-command update
      Connection:
      - keep-alive
      ParameterSetName:
      - --name -g --vmss-name --instance-id --script --parameters --run-as-user --timeout-in-seconds
      User-Agent:
      - AZURECLI/2.33.0 azsdk-python-azure-mgmt-compute/25.0.0 Python/3.10.0 (Windows-10-10.0.19043-SP0)
    method: GET
    uri: https://management.azure.com/subscriptions/00000000-0000-0000-0000-000000000000/providers/Microsoft.Compute/locations/westus/operations/1f4c37ac-a6de-476c-99fe-7105fb6b4f8e?p=571046f6-b640-41c1-86f7-f9f044b5adf9&api-version=2021-11-01
  response:
    body:
      string: "{\r\n  \"startTime\": \"2022-02-23T03:48:57.6160621+00:00\",\r\n  \"endTime\":
        \"2022-02-23T03:49:13.9135617+00:00\",\r\n  \"status\": \"Succeeded\",\r\n
        \ \"name\": \"1f4c37ac-a6de-476c-99fe-7105fb6b4f8e\"\r\n}"
    headers:
      cache-control:
      - no-cache
      content-length:
      - '184'
      content-type:
      - application/json; charset=utf-8
      date:
      - Wed, 23 Feb 2022 03:49:27 GMT
      expires:
      - '-1'
      pragma:
      - no-cache
      server:
      - Microsoft-HTTPAPI/2.0
      - Microsoft-HTTPAPI/2.0
      strict-transport-security:
      - max-age=31536000; includeSubDomains
      transfer-encoding:
      - chunked
      vary:
      - Accept-Encoding
      x-content-type-options:
      - nosniff
      x-ms-ratelimit-remaining-resource:
      - Microsoft.Compute/GetOperation3Min;14964,Microsoft.Compute/GetOperation30Min;29814
    status:
      code: 200
      message: OK
- request:
    body: null
    headers:
      Accept:
      - '*/*'
      Accept-Encoding:
      - gzip, deflate
      CommandName:
      - vmss run-command update
      Connection:
      - keep-alive
      ParameterSetName:
      - --name -g --vmss-name --instance-id --script --parameters --run-as-user --timeout-in-seconds
      User-Agent:
      - AZURECLI/2.33.0 azsdk-python-azure-mgmt-compute/25.0.0 Python/3.10.0 (Windows-10-10.0.19043-SP0)
    method: GET
    uri: https://management.azure.com/subscriptions/00000000-0000-0000-0000-000000000000/resourceGroups/cli_test_vmss_run_command_v2000001/providers/Microsoft.Compute/virtualMachineScaleSets/vmss-000002/virtualMachines/0/runCommands/cmd_000003?api-version=2021-11-01
  response:
    body:
      string: "{\r\n  \"name\": \"cmd_000003\",\r\n  \"id\": \"/subscriptions/00000000-0000-0000-0000-000000000000/resourceGroups/cli_test_vmss_run_command_v2000001/providers/Microsoft.Compute/virtualMachineScaleSets/vmss-000002/virtualMachines/0/runCommands/cmd_000003\",\r\n
        \ \"type\": \"Microsoft.Compute/virtualMachineScaleSets/virtualMachines/runCommands\",\r\n
        \ \"location\": \"westus\",\r\n  \"properties\": {\r\n    \"source\": {\r\n
        \     \"script\": \"script1\"\r\n    },\r\n    \"parameters\": [\r\n      {\r\n
        \       \"name\": \"arg1\",\r\n        \"value\": \"f1\"\r\n      }\r\n    ],\r\n
        \   \"runAsUser\": \"user1\",\r\n    \"timeoutInSeconds\": 3600,\r\n    \"provisioningState\":
        \"Succeeded\",\r\n    \"asyncExecution\": false\r\n  }\r\n}"
    headers:
      cache-control:
      - no-cache
      content-length:
      - '654'
      content-type:
      - application/json; charset=utf-8
      date:
      - Wed, 23 Feb 2022 03:49:27 GMT
      expires:
      - '-1'
      pragma:
      - no-cache
      server:
      - Microsoft-HTTPAPI/2.0
      - Microsoft-HTTPAPI/2.0
      strict-transport-security:
      - max-age=31536000; includeSubDomains
      transfer-encoding:
      - chunked
      vary:
      - Accept-Encoding
      x-content-type-options:
      - nosniff
    status:
      code: 200
      message: OK
- request:
    body: null
    headers:
      Accept:
      - application/json, text/json
      Accept-Encoding:
      - gzip, deflate
      CommandName:
      - vmss run-command list
      Connection:
      - keep-alive
      ParameterSetName:
      - --vmss-name -g --instance-id
      User-Agent:
      - AZURECLI/2.33.0 azsdk-python-azure-mgmt-compute/25.0.0 Python/3.10.0 (Windows-10-10.0.19043-SP0)
    method: GET
    uri: https://management.azure.com/subscriptions/00000000-0000-0000-0000-000000000000/resourceGroups/cli_test_vmss_run_command_v2000001/providers/Microsoft.Compute/virtualMachineScaleSets/vmss-000002/virtualMachines/0/runCommands?api-version=2021-11-01
  response:
    body:
      string: "{\r\n  \"value\": [\r\n    {\r\n      \"name\": \"cmd_000003\",\r\n
        \     \"id\": \"/subscriptions/00000000-0000-0000-0000-000000000000/resourceGroups/cli_test_vmss_run_command_v2000001/providers/Microsoft.Compute/virtualMachineScaleSets/vmss-000002/virtualMachines/0/runCommands/cmd_000003\",\r\n
        \     \"type\": \"Microsoft.Compute/virtualMachineScaleSets/virtualMachines/runCommands\",\r\n
        \     \"location\": \"westus\",\r\n      \"properties\": {\r\n        \"source\":
        {\r\n          \"script\": \"script1\"\r\n        },\r\n        \"parameters\":
        [\r\n          {\r\n            \"name\": \"arg1\",\r\n            \"value\":
        \"f1\"\r\n          }\r\n        ],\r\n        \"runAsUser\": \"user1\",\r\n
        \       \"timeoutInSeconds\": 3600,\r\n        \"provisioningState\": \"Succeeded\",\r\n
        \       \"asyncExecution\": false\r\n      }\r\n    }\r\n  ]\r\n}"
    headers:
      cache-control:
      - no-cache
      content-length:
      - '763'
      content-type:
      - application/json; charset=utf-8
      date:
      - Wed, 23 Feb 2022 03:49:29 GMT
      expires:
      - '-1'
      pragma:
      - no-cache
      server:
      - Microsoft-HTTPAPI/2.0
      - Microsoft-HTTPAPI/2.0
      strict-transport-security:
      - max-age=31536000; includeSubDomains
      transfer-encoding:
      - chunked
      vary:
      - Accept-Encoding
      x-content-type-options:
      - nosniff
    status:
      code: 200
      message: OK
- request:
    body: null
    headers:
      Accept:
      - application/json, text/json
      Accept-Encoding:
      - gzip, deflate
      CommandName:
      - vmss run-command show
      Connection:
      - keep-alive
      ParameterSetName:
      - --vmss-name --name --instance-id -g
      User-Agent:
      - AZURECLI/2.33.0 azsdk-python-azure-mgmt-compute/25.0.0 Python/3.10.0 (Windows-10-10.0.19043-SP0)
    method: GET
    uri: https://management.azure.com/subscriptions/00000000-0000-0000-0000-000000000000/resourceGroups/cli_test_vmss_run_command_v2000001/providers/Microsoft.Compute/virtualMachineScaleSets/vmss-000002/virtualMachines/0/runCommands/cmd_000003?api-version=2021-11-01
  response:
    body:
      string: "{\r\n  \"name\": \"cmd_000003\",\r\n  \"id\": \"/subscriptions/00000000-0000-0000-0000-000000000000/resourceGroups/cli_test_vmss_run_command_v2000001/providers/Microsoft.Compute/virtualMachineScaleSets/vmss-000002/virtualMachines/0/runCommands/cmd_000003\",\r\n
        \ \"type\": \"Microsoft.Compute/virtualMachineScaleSets/virtualMachines/runCommands\",\r\n
        \ \"location\": \"westus\",\r\n  \"properties\": {\r\n    \"source\": {\r\n
        \     \"script\": \"script1\"\r\n    },\r\n    \"parameters\": [\r\n      {\r\n
        \       \"name\": \"arg1\",\r\n        \"value\": \"f1\"\r\n      }\r\n    ],\r\n
        \   \"runAsUser\": \"user1\",\r\n    \"timeoutInSeconds\": 3600,\r\n    \"provisioningState\":
        \"Succeeded\",\r\n    \"asyncExecution\": false\r\n  }\r\n}"
    headers:
      cache-control:
      - no-cache
      content-length:
      - '654'
      content-type:
      - application/json; charset=utf-8
      date:
      - Wed, 23 Feb 2022 03:49:29 GMT
      expires:
      - '-1'
      pragma:
      - no-cache
      server:
      - Microsoft-HTTPAPI/2.0
      - Microsoft-HTTPAPI/2.0
      strict-transport-security:
      - max-age=31536000; includeSubDomains
      transfer-encoding:
      - chunked
      vary:
      - Accept-Encoding
      x-content-type-options:
      - nosniff
    status:
      code: 200
      message: OK
- request:
    body: null
    headers:
      Accept:
      - application/json, text/json
      Accept-Encoding:
      - gzip, deflate
      CommandName:
      - vmss run-command delete
      Connection:
      - keep-alive
      Content-Length:
      - '0'
      ParameterSetName:
      - --vmss-name --name --instance-id -g -y
      User-Agent:
      - AZURECLI/2.33.0 azsdk-python-azure-mgmt-compute/25.0.0 Python/3.10.0 (Windows-10-10.0.19043-SP0)
    method: DELETE
    uri: https://management.azure.com/subscriptions/00000000-0000-0000-0000-000000000000/resourceGroups/cli_test_vmss_run_command_v2000001/providers/Microsoft.Compute/virtualMachineScaleSets/vmss-000002/virtualMachines/0/runCommands/cmd_000003?api-version=2021-11-01
  response:
    body:
      string: ''
    headers:
      azure-asyncoperation:
      - https://management.azure.com/subscriptions/00000000-0000-0000-0000-000000000000/providers/Microsoft.Compute/locations/westus/operations/de1d5f49-7e3c-483d-9b6f-2216ea215b11?p=571046f6-b640-41c1-86f7-f9f044b5adf9&api-version=2021-11-01
      cache-control:
      - no-cache
      content-length:
      - '0'
      date:
      - Wed, 23 Feb 2022 03:49:30 GMT
      expires:
      - '-1'
      location:
      - https://management.azure.com/subscriptions/00000000-0000-0000-0000-000000000000/providers/Microsoft.Compute/locations/westus/operations/de1d5f49-7e3c-483d-9b6f-2216ea215b11?p=571046f6-b640-41c1-86f7-f9f044b5adf9&monitor=true&api-version=2021-11-01
      pragma:
      - no-cache
      server:
      - Microsoft-HTTPAPI/2.0
      - Microsoft-HTTPAPI/2.0
      strict-transport-security:
      - max-age=31536000; includeSubDomains
      x-content-type-options:
      - nosniff
      x-ms-ratelimit-remaining-resource:
      - Microsoft.Compute/VMScaleSetBatchedVMRequests5Min;1183,Microsoft.Compute/VmssQueuedVMOperations;0
      x-ms-ratelimit-remaining-subscription-deletes:
      - '14993'
      x-ms-request-charge:
      - '1'
    status:
      code: 202
      message: Accepted
- request:
    body: null
    headers:
      Accept:
      - '*/*'
      Accept-Encoding:
      - gzip, deflate
      CommandName:
      - vmss run-command delete
      Connection:
      - keep-alive
      ParameterSetName:
      - --vmss-name --name --instance-id -g -y
      User-Agent:
      - AZURECLI/2.33.0 azsdk-python-azure-mgmt-compute/25.0.0 Python/3.10.0 (Windows-10-10.0.19043-SP0)
    method: GET
    uri: https://management.azure.com/subscriptions/00000000-0000-0000-0000-000000000000/providers/Microsoft.Compute/locations/westus/operations/de1d5f49-7e3c-483d-9b6f-2216ea215b11?p=571046f6-b640-41c1-86f7-f9f044b5adf9&api-version=2021-11-01
  response:
    body:
      string: "{\r\n  \"startTime\": \"2022-02-23T03:49:30.7115048+00:00\",\r\n  \"endTime\":
        \"2022-02-23T03:49:47.3843944+00:00\",\r\n  \"status\": \"Succeeded\",\r\n
        \ \"name\": \"de1d5f49-7e3c-483d-9b6f-2216ea215b11\"\r\n}"
    headers:
      cache-control:
      - no-cache
      content-length:
      - '184'
      content-type:
      - application/json; charset=utf-8
      date:
      - Wed, 23 Feb 2022 03:50:01 GMT
      expires:
      - '-1'
      pragma:
      - no-cache
      server:
      - Microsoft-HTTPAPI/2.0
      - Microsoft-HTTPAPI/2.0
      strict-transport-security:
      - max-age=31536000; includeSubDomains
      transfer-encoding:
      - chunked
      vary:
      - Accept-Encoding
      x-content-type-options:
      - nosniff
      x-ms-ratelimit-remaining-resource:
      - Microsoft.Compute/GetOperation3Min;14973,Microsoft.Compute/GetOperation30Min;29811
    status:
      code: 200
      message: OK
- request:
    body: null
    headers:
      Accept:
      - application/json, text/json
      Accept-Encoding:
      - gzip, deflate
      CommandName:
      - vmss run-command list
      Connection:
      - keep-alive
      ParameterSetName:
      - --vmss-name --instance-id -g
      User-Agent:
      - AZURECLI/2.33.0 azsdk-python-azure-mgmt-compute/25.0.0 Python/3.10.0 (Windows-10-10.0.19043-SP0)
    method: GET
    uri: https://management.azure.com/subscriptions/00000000-0000-0000-0000-000000000000/resourceGroups/cli_test_vmss_run_command_v2000001/providers/Microsoft.Compute/virtualMachineScaleSets/vmss-000002/virtualMachines/0/runCommands?api-version=2021-11-01
  response:
    body:
      string: "{\r\n  \"value\": []\r\n}"
    headers:
      cache-control:
      - no-cache
      content-length:
      - '19'
      content-type:
      - application/json; charset=utf-8
      date:
      - Wed, 23 Feb 2022 03:50:01 GMT
      expires:
      - '-1'
      pragma:
      - no-cache
      server:
      - Microsoft-HTTPAPI/2.0
      - Microsoft-HTTPAPI/2.0
      strict-transport-security:
      - max-age=31536000; includeSubDomains
      transfer-encoding:
      - chunked
      vary:
      - Accept-Encoding
      x-content-type-options:
      - nosniff
    status:
      code: 200
      message: OK
version: 1
