interactions:
- request:
    body: null
    headers:
      Accept:
      - application/json
      Accept-Encoding:
      - gzip, deflate
      CommandName:
      - keyvault create
      Connection:
      - keep-alive
      ParameterSetName:
      - --name -g --sku --enable-purge-protection --retention-days
      User-Agent:
      - AZURECLI/2.45.0 azsdk-python-azure-mgmt-resource/21.1.0b1 Python/3.10.6 (Linux-5.10.102.1-microsoft-standard-WSL2-x86_64-with-glibc2.35)
    method: GET
    uri: https://management.azure.com/subscriptions/00000000-0000-0000-0000-000000000000/resourcegroups/cli_test_confidential_disk_encryption_set_000001?api-version=2021-04-01
  response:
    body:
      string: '{"id":"/subscriptions/00000000-0000-0000-0000-000000000000/resourceGroups/cli_test_confidential_disk_encryption_set_000001","name":"cli_test_confidential_disk_encryption_set_000001","type":"Microsoft.Resources/resourceGroups","location":"westus","tags":{"product":"azurecli","cause":"automation","date":"2023-02-15T14:38:04Z"},"properties":{"provisioningState":"Succeeded"}}'
    headers:
      cache-control:
      - no-cache
      content-length:
      - '374'
      content-type:
      - application/json; charset=utf-8
      date:
      - Wed, 15 Feb 2023 14:38:08 GMT
      expires:
      - '-1'
      pragma:
      - no-cache
      strict-transport-security:
      - max-age=31536000; includeSubDomains
      vary:
      - Accept-Encoding
      x-content-type-options:
      - nosniff
    status:
      code: 200
      message: OK
- request:
    body: null
    headers:
      Accept:
      - application/json
      Accept-Encoding:
      - gzip, deflate
      CommandName:
      - keyvault create
      Connection:
      - keep-alive
      ParameterSetName:
      - --name -g --sku --enable-purge-protection --retention-days
      User-Agent:
      - AZURECLI/2.45.0 azsdk-python-azure-mgmt-keyvault/10.1.0 Python/3.10.6 (Linux-5.10.102.1-microsoft-standard-WSL2-x86_64-with-glibc2.35)
    method: GET
    uri: https://management.azure.com/subscriptions/00000000-0000-0000-0000-000000000000/resourceGroups/cli_test_confidential_disk_encryption_set_000001/providers/Microsoft.KeyVault/vaults/vault-000002?api-version=2022-07-01
  response:
    body:
      string: '{"error":{"code":"ResourceNotFound","message":"The Resource ''Microsoft.KeyVault/vaults/vault-000002''
        under resource group ''cli_test_confidential_disk_encryption_set_000001''
        was not found. For more details please go to https://aka.ms/ARMResourceNotFoundFix"}}'
    headers:
      cache-control:
      - no-cache
      content-length:
      - '258'
      content-type:
      - application/json; charset=utf-8
      date:
      - Wed, 15 Feb 2023 14:38:09 GMT
      expires:
      - '-1'
      pragma:
      - no-cache
      strict-transport-security:
      - max-age=31536000; includeSubDomains
      x-content-type-options:
      - nosniff
      x-ms-failure-cause:
      - gateway
    status:
      code: 404
      message: Not Found
- request:
    body: null
    headers:
      Accept:
      - '*/*'
      Accept-Encoding:
      - gzip, deflate
      CommandName:
      - keyvault create
      Connection:
      - keep-alive
      ParameterSetName:
      - --name -g --sku --enable-purge-protection --retention-days
      User-Agent:
      - python/3.10.6 (Linux-5.10.102.1-microsoft-standard-WSL2-x86_64-with-glibc2.35)
        AZURECLI/2.45.0
    method: GET
    uri: https://graph.microsoft.com/v1.0/me
  response:
    body:
      string: '{"@odata.context":"https://graph.microsoft.com/v1.0/$metadata#users/$entity","businessPhones":[],"displayName":"rolelivetest","givenName":null,"jobTitle":null,"mail":null,"mobilePhone":null,"officeLocation":null,"preferredLanguage":null,"surname":null,"userPrincipalName":"rolelivetest@azuresdkteam.onmicrosoft.com","id":"6d97229a-391f-473a-893f-f0608b592d7b"}'
    headers:
      cache-control:
      - no-cache
      content-length:
      - '360'
      content-type:
      - application/json;odata.metadata=minimal;odata.streaming=true;IEEE754Compatible=false;charset=utf-8
      date:
      - Wed, 15 Feb 2023 14:38:10 GMT
      odata-version:
      - '4.0'
      request-id:
      - 138aaabb-20fb-4834-ae2f-9aec11dc5403
      strict-transport-security:
      - max-age=31536000
      transfer-encoding:
      - chunked
      vary:
      - Accept-Encoding
      x-ms-ags-diagnostic:
      - '{"ServerInfo":{"DataCenter":"Southeast Asia","Slice":"E","Ring":"5","ScaleUnit":"001","RoleInstance":"SI2PEPF0000163A"}}'
      x-ms-resource-unit:
      - '1'
    status:
      code: 200
      message: OK
- request:
    body: '{"location": "westus", "properties": {"tenantId": "54826b22-38d6-4fb2-bad9-b7b93a3e9c5a",
      "sku": {"family": "A", "name": "Premium"}, "accessPolicies": [{"tenantId": "54826b22-38d6-4fb2-bad9-b7b93a3e9c5a",
      "objectId": "6d97229a-391f-473a-893f-f0608b592d7b", "permissions": {"keys":
      ["all"], "secrets": ["all"], "certificates": ["all"], "storage": ["all"]}}],
      "enableSoftDelete": true, "softDeleteRetentionInDays": 7, "enablePurgeProtection":
      true, "networkAcls": {"bypass": "AzureServices", "defaultAction": "Allow"}}}'
    headers:
      Accept:
      - application/json
      Accept-Encoding:
      - gzip, deflate
      CommandName:
      - keyvault create
      Connection:
      - keep-alive
      Content-Length:
      - '517'
      Content-Type:
      - application/json
      ParameterSetName:
      - --name -g --sku --enable-purge-protection --retention-days
      User-Agent:
      - AZURECLI/2.45.0 azsdk-python-azure-mgmt-keyvault/10.1.0 Python/3.10.6 (Linux-5.10.102.1-microsoft-standard-WSL2-x86_64-with-glibc2.35)
    method: PUT
    uri: https://management.azure.com/subscriptions/00000000-0000-0000-0000-000000000000/resourceGroups/cli_test_confidential_disk_encryption_set_000001/providers/Microsoft.KeyVault/vaults/vault-000002?api-version=2022-07-01
  response:
    body:
      string: '{"id":"/subscriptions/00000000-0000-0000-0000-000000000000/resourceGroups/cli_test_confidential_disk_encryption_set_000001/providers/Microsoft.KeyVault/vaults/vault-000002","name":"vault-000002","type":"Microsoft.KeyVault/vaults","location":"westus","tags":{},"systemData":{"createdBy":"rolelivetest@azuresdkteam.onmicrosoft.com","createdByType":"User","createdAt":"2023-02-15T14:38:13.388Z","lastModifiedBy":"rolelivetest@azuresdkteam.onmicrosoft.com","lastModifiedByType":"User","lastModifiedAt":"2023-02-15T14:38:13.388Z"},"properties":{"sku":{"family":"A","name":"Premium"},"tenantId":"54826b22-38d6-4fb2-bad9-b7b93a3e9c5a","accessPolicies":[{"tenantId":"54826b22-38d6-4fb2-bad9-b7b93a3e9c5a","objectId":"6d97229a-391f-473a-893f-f0608b592d7b","permissions":{"keys":["all"],"secrets":["all"],"certificates":["all"],"storage":["all"]}}],"enabledForDeployment":false,"enableSoftDelete":true,"softDeleteRetentionInDays":7,"enablePurgeProtection":true,"vaultUri":"https://vault-000002.vault.azure.net","provisioningState":"RegisteringDns","publicNetworkAccess":"Enabled"}}'
    headers:
      cache-control:
      - no-cache
      content-length:
      - '1071'
      content-type:
      - application/json; charset=utf-8
      date:
      - Wed, 15 Feb 2023 14:38:16 GMT
      expires:
      - '-1'
      pragma:
      - no-cache
      server:
      - Microsoft-IIS/10.0
      strict-transport-security:
      - max-age=31536000; includeSubDomains
      transfer-encoding:
      - chunked
      vary:
      - Accept-Encoding
      x-aspnet-version:
      - 4.0.30319
      x-content-type-options:
      - nosniff
      x-ms-keyvault-service-version:
      - 1.5.666.2
      x-ms-ratelimit-remaining-subscription-writes:
      - '1196'
    status:
      code: 200
      message: OK
- request:
    body: null
    headers:
      Accept:
      - '*/*'
      Accept-Encoding:
      - gzip, deflate
      CommandName:
      - keyvault create
      Connection:
      - keep-alive
      ParameterSetName:
      - --name -g --sku --enable-purge-protection --retention-days
      User-Agent:
      - AZURECLI/2.45.0 azsdk-python-azure-mgmt-keyvault/10.1.0 Python/3.10.6 (Linux-5.10.102.1-microsoft-standard-WSL2-x86_64-with-glibc2.35)
    method: GET
    uri: https://management.azure.com/subscriptions/00000000-0000-0000-0000-000000000000/resourceGroups/cli_test_confidential_disk_encryption_set_000001/providers/Microsoft.KeyVault/vaults/vault-000002?api-version=2022-07-01
  response:
    body:
      string: '{"id":"/subscriptions/00000000-0000-0000-0000-000000000000/resourceGroups/cli_test_confidential_disk_encryption_set_000001/providers/Microsoft.KeyVault/vaults/vault-000002","name":"vault-000002","type":"Microsoft.KeyVault/vaults","location":"westus","tags":{},"systemData":{"createdBy":"rolelivetest@azuresdkteam.onmicrosoft.com","createdByType":"User","createdAt":"2023-02-15T14:38:13.388Z","lastModifiedBy":"rolelivetest@azuresdkteam.onmicrosoft.com","lastModifiedByType":"User","lastModifiedAt":"2023-02-15T14:38:13.388Z"},"properties":{"sku":{"family":"A","name":"Premium"},"tenantId":"54826b22-38d6-4fb2-bad9-b7b93a3e9c5a","accessPolicies":[{"tenantId":"54826b22-38d6-4fb2-bad9-b7b93a3e9c5a","objectId":"6d97229a-391f-473a-893f-f0608b592d7b","permissions":{"keys":["all"],"secrets":["all"],"certificates":["all"],"storage":["all"]}}],"enabledForDeployment":false,"enableSoftDelete":true,"softDeleteRetentionInDays":7,"enablePurgeProtection":true,"vaultUri":"https://vault-000002.vault.azure.net/","provisioningState":"Succeeded","publicNetworkAccess":"Enabled"}}'
    headers:
      cache-control:
      - no-cache
      content-length:
      - '1067'
      content-type:
      - application/json; charset=utf-8
      date:
      - Wed, 15 Feb 2023 14:38:46 GMT
      expires:
      - '-1'
      pragma:
      - no-cache
      server:
      - Microsoft-IIS/10.0
      strict-transport-security:
      - max-age=31536000; includeSubDomains
      transfer-encoding:
      - chunked
      vary:
      - Accept-Encoding
      x-aspnet-version:
      - 4.0.30319
      x-content-type-options:
      - nosniff
      x-ms-keyvault-service-version:
      - 1.5.666.2
    status:
      code: 200
      message: OK
- request:
    body: null
    headers:
      Accept:
      - application/json
      Accept-Encoding:
      - gzip, deflate
      CommandName:
      - keyvault show
      Connection:
      - keep-alive
      ParameterSetName:
      - -g -n
      User-Agent:
      - AZURECLI/2.45.0 azsdk-python-azure-mgmt-keyvault/10.1.0 Python/3.10.6 (Linux-5.10.102.1-microsoft-standard-WSL2-x86_64-with-glibc2.35)
    method: GET
    uri: https://management.azure.com/subscriptions/00000000-0000-0000-0000-000000000000/resourceGroups/cli_test_confidential_disk_encryption_set_000001/providers/Microsoft.KeyVault/vaults/vault-000002?api-version=2022-07-01
  response:
    body:
      string: '{"id":"/subscriptions/00000000-0000-0000-0000-000000000000/resourceGroups/cli_test_confidential_disk_encryption_set_000001/providers/Microsoft.KeyVault/vaults/vault-000002","name":"vault-000002","type":"Microsoft.KeyVault/vaults","location":"westus","tags":{},"systemData":{"createdBy":"rolelivetest@azuresdkteam.onmicrosoft.com","createdByType":"User","createdAt":"2023-02-15T14:38:13.388Z","lastModifiedBy":"rolelivetest@azuresdkteam.onmicrosoft.com","lastModifiedByType":"User","lastModifiedAt":"2023-02-15T14:38:13.388Z"},"properties":{"sku":{"family":"A","name":"Premium"},"tenantId":"54826b22-38d6-4fb2-bad9-b7b93a3e9c5a","accessPolicies":[{"tenantId":"54826b22-38d6-4fb2-bad9-b7b93a3e9c5a","objectId":"6d97229a-391f-473a-893f-f0608b592d7b","permissions":{"keys":["all"],"secrets":["all"],"certificates":["all"],"storage":["all"]}}],"enabledForDeployment":false,"enableSoftDelete":true,"softDeleteRetentionInDays":7,"enablePurgeProtection":true,"vaultUri":"https://vault-000002.vault.azure.net/","provisioningState":"Succeeded","publicNetworkAccess":"Enabled"}}'
    headers:
      cache-control:
      - no-cache
      content-length:
      - '1067'
      content-type:
      - application/json; charset=utf-8
      date:
      - Wed, 15 Feb 2023 14:38:48 GMT
      expires:
      - '-1'
      pragma:
      - no-cache
      server:
      - Microsoft-IIS/10.0
      strict-transport-security:
      - max-age=31536000; includeSubDomains
      transfer-encoding:
      - chunked
      vary:
      - Accept-Encoding
      x-aspnet-version:
      - 4.0.30319
      x-content-type-options:
      - nosniff
      x-ms-keyvault-service-version:
      - 1.5.666.2
    status:
      code: 200
      message: OK
- request:
    body: null
    headers:
      Accept:
      - application/json
      Accept-Encoding:
      - gzip, deflate
      Connection:
      - keep-alive
      Content-Length:
      - '0'
      Content-Type:
      - application/json
      User-Agent:
      - azsdk-python-keyvault-keys/4.8.0b2 Python/3.10.6 (Linux-5.10.102.1-microsoft-standard-WSL2-x86_64-with-glibc2.35)
    method: POST
    uri: https://vault-000002.vault.azure.net/keys/key-000003/create?api-version=7.4-preview.1
  response:
    body:
      string: '{"error":{"code":"Unauthorized","message":"AKV10000: Request is missing
        a Bearer or PoP token."}}'
    headers:
      cache-control:
      - no-cache
      content-length:
      - '97'
      content-type:
      - application/json; charset=utf-8
      date:
      - Wed, 15 Feb 2023 14:38:49 GMT
      expires:
      - '-1'
      pragma:
      - no-cache
      strict-transport-security:
      - max-age=31536000;includeSubDomains
      www-authenticate:
      - Bearer authorization="https://login.windows.net/54826b22-38d6-4fb2-bad9-b7b93a3e9c5a",
        resource="https://vault.azure.net"
      x-content-type-options:
      - nosniff
      x-ms-keyvault-network-info:
      - conn_type=Ipv4;addr=167.220.255.9;act_addr_fam=InterNetwork;
      x-ms-keyvault-region:
      - westus
      x-ms-keyvault-service-version:
      - 1.9.713.1
    status:
      code: 401
      message: Unauthorized
- request:
    body: '{"kty": "RSA-HSM", "key_size": 3072, "key_ops": ["wrapKey", "unwrapKey"],
      "attributes": {"enabled": true, "exportable": true}, "release_policy": {"data":
      "eyJhbnlPZiI6IFt7ImFsbE9mIjogW3siY2xhaW0iOiAieC1tcy1hdHRlc3RhdGlvbi10eXBlIiwgImVxdWFscyI6ICJzZXZzbnB2bSJ9LCB7ImNsYWltIjogIngtbXMtY29tcGxpYW5jZS1zdGF0dXMiLCAiZXF1YWxzIjogImF6dXJlLWNvbXBsaWFudC1jdm0ifV0sICJhdXRob3JpdHkiOiAiaHR0cHM6Ly9zaGFyZWRldXMuZXVzLmF0dGVzdC5henVyZS5uZXQvIn0sIHsiYWxsT2YiOiBbeyJjbGFpbSI6ICJ4LW1zLWF0dGVzdGF0aW9uLXR5cGUiLCAiZXF1YWxzIjogInNldnNucHZtIn0sIHsiY2xhaW0iOiAieC1tcy1jb21wbGlhbmNlLXN0YXR1cyIsICJlcXVhbHMiOiAiYXp1cmUtY29tcGxpYW50LWN2bSJ9XSwgImF1dGhvcml0eSI6ICJodHRwczovL3NoYXJlZHd1cy53dXMuYXR0ZXN0LmF6dXJlLm5ldC8ifSwgeyJhbGxPZiI6IFt7ImNsYWltIjogIngtbXMtYXR0ZXN0YXRpb24tdHlwZSIsICJlcXVhbHMiOiAic2V2c25wdm0ifSwgeyJjbGFpbSI6ICJ4LW1zLWNvbXBsaWFuY2Utc3RhdHVzIiwgImVxdWFscyI6ICJhenVyZS1jb21wbGlhbnQtY3ZtIn1dLCAiYXV0aG9yaXR5IjogImh0dHBzOi8vc2hhcmVkbmV1Lm5ldS5hdHRlc3QuYXp1cmUubmV0LyJ9LCB7ImFsbE9mIjogW3siY2xhaW0iOiAieC1tcy1hdHRlc3RhdGlvbi10eXBlIiwgImVxdWFscyI6ICJzZXZzbnB2bSJ9LCB7ImNsYWltIjogIngtbXMtY29tcGxpYW5jZS1zdGF0dXMiLCAiZXF1YWxzIjogImF6dXJlLWNvbXBsaWFudC1jdm0ifV0sICJhdXRob3JpdHkiOiAiaHR0cHM6Ly9zaGFyZWR3ZXUud2V1LmF0dGVzdC5henVyZS5uZXQvIn1dLCAidmVyc2lvbiI6ICIxLjAuMCJ9"}}'
    headers:
      Accept:
      - application/json
      Accept-Encoding:
      - gzip, deflate
      Connection:
      - keep-alive
      Content-Length:
      - '1250'
      Content-Type:
      - application/json
      User-Agent:
      - azsdk-python-keyvault-keys/4.8.0b2 Python/3.10.6 (Linux-5.10.102.1-microsoft-standard-WSL2-x86_64-with-glibc2.35)
    method: POST
    uri: https://vault-000002.vault.azure.net/keys/key-000003/create?api-version=7.4-preview.1
  response:
    body:
      string: '{"key":{"kid":"https://vault-000002.vault.azure.net/keys/key-000003/ee479b651a7b4b1a9b781c7a2791b873","kty":"RSA-HSM","key_ops":["wrapKey","unwrapKey"],"n":"ur-qYh1MFxch8EUwGSnAZN7VCZq7IMFCEWW8QNFTA2Bg2pkXvTEmi_Hm1nkqqlzbS90yMBf4hxqvLErFDibYEJ2Sc-Fs0HjWzPLOG2Q_iyr2PabbqKywVrrjTj9ePX0Yyxm7NadK5r9ia3Ph4PizmaJh66bzRxffR-1oJHTePg56ObOjTcnSgxTI4DOw0IVF5Ger-grn7pD-iN9L8RZnoXsktReim42ZC6tl9nfq06LzeYwcYNpu6LwwZVZDjLkODoXBpZmoyRAFri7KPtUpCG4flMLtbX8W-ofYOmbT2ASqjXRzerBzhVK8hiTZKAs7z_S-1DqscWgRtfR0EBJuSNmB1qIBs5e0RwjorOQliJNF7lnw5fYGNGp2LY492xfsQELXu63uA_kmU_Laab8AkJQuNmvcFKKU7rtri0IX8h5wSO0p22SqyilzdGZvJnNReywXYdpn0l1AeEaKCqlCbPHHhEEG27HkIck8JLBqtHNb3etgpv1nxSyRDeoO1s0B","e":"AAEAAQ"},"attributes":{"enabled":true,"created":1676471932,"updated":1676471932,"recoveryLevel":"CustomizedRecoverable","recoverableDays":7,"exportable":true},"release_policy":{"contentType":"application/json;
        charset=utf-8","data":"eyJ2ZXJzaW9uIjoiMS4wLjAiLCJhbnlPZiI6W3siYXV0aG9yaXR5IjoiaHR0cHM6Ly9zaGFyZWRldXMuZXVzLmF0dGVzdC5henVyZS5uZXQvIiwiYWxsT2YiOlt7ImNsYWltIjoieC1tcy1hdHRlc3RhdGlvbi10eXBlIiwiZXF1YWxzIjoic2V2c25wdm0ifSx7ImNsYWltIjoieC1tcy1jb21wbGlhbmNlLXN0YXR1cyIsImVxdWFscyI6ImF6dXJlLWNvbXBsaWFudC1jdm0ifV19LHsiYXV0aG9yaXR5IjoiaHR0cHM6Ly9zaGFyZWR3dXMud3VzLmF0dGVzdC5henVyZS5uZXQvIiwiYWxsT2YiOlt7ImNsYWltIjoieC1tcy1hdHRlc3RhdGlvbi10eXBlIiwiZXF1YWxzIjoic2V2c25wdm0ifSx7ImNsYWltIjoieC1tcy1jb21wbGlhbmNlLXN0YXR1cyIsImVxdWFscyI6ImF6dXJlLWNvbXBsaWFudC1jdm0ifV19LHsiYXV0aG9yaXR5IjoiaHR0cHM6Ly9zaGFyZWRuZXUubmV1LmF0dGVzdC5henVyZS5uZXQvIiwiYWxsT2YiOlt7ImNsYWltIjoieC1tcy1hdHRlc3RhdGlvbi10eXBlIiwiZXF1YWxzIjoic2V2c25wdm0ifSx7ImNsYWltIjoieC1tcy1jb21wbGlhbmNlLXN0YXR1cyIsImVxdWFscyI6ImF6dXJlLWNvbXBsaWFudC1jdm0ifV19LHsiYXV0aG9yaXR5IjoiaHR0cHM6Ly9zaGFyZWR3ZXUud2V1LmF0dGVzdC5henVyZS5uZXQvIiwiYWxsT2YiOlt7ImNsYWltIjoieC1tcy1hdHRlc3RhdGlvbi10eXBlIiwiZXF1YWxzIjoic2V2c25wdm0ifSx7ImNsYWltIjoieC1tcy1jb21wbGlhbmNlLXN0YXR1cyIsImVxdWFscyI6ImF6dXJlLWNvbXBsaWFudC1jdm0ifV19XX0","immutable":false}}'
    headers:
      cache-control:
      - no-cache
      content-length:
      - '1961'
      content-type:
      - application/json; charset=utf-8
      date:
      - Wed, 15 Feb 2023 14:38:54 GMT
      expires:
      - '-1'
      pragma:
      - no-cache
      strict-transport-security:
      - max-age=31536000;includeSubDomains
      x-content-type-options:
      - nosniff
      x-ms-keyvault-network-info:
      - conn_type=Ipv4;addr=167.220.255.9;act_addr_fam=InterNetwork;
      x-ms-keyvault-region:
      - westus
      x-ms-keyvault-service-version:
      - 1.9.713.1
    status:
      code: 200
      message: OK
- request:
    body: null
    headers:
      Accept:
      - application/json
      Accept-Encoding:
      - gzip, deflate
      CommandName:
      - disk-encryption-set create
      Connection:
      - keep-alive
      ParameterSetName:
      - -g -n --key-url --encryption-type
      User-Agent:
      - AZURECLI/2.45.0 azsdk-python-azure-mgmt-resource/21.1.0b1 Python/3.10.6 (Linux-5.10.102.1-microsoft-standard-WSL2-x86_64-with-glibc2.35)
    method: GET
    uri: https://management.azure.com/subscriptions/00000000-0000-0000-0000-000000000000/resourcegroups/cli_test_confidential_disk_encryption_set_000001?api-version=2021-04-01
  response:
    body:
      string: '{"id":"/subscriptions/00000000-0000-0000-0000-000000000000/resourceGroups/cli_test_confidential_disk_encryption_set_000001","name":"cli_test_confidential_disk_encryption_set_000001","type":"Microsoft.Resources/resourceGroups","location":"westus","tags":{"product":"azurecli","cause":"automation","date":"2023-02-15T14:38:04Z"},"properties":{"provisioningState":"Succeeded"}}'
    headers:
      cache-control:
      - no-cache
      content-length:
      - '374'
      content-type:
      - application/json; charset=utf-8
      date:
      - Wed, 15 Feb 2023 14:38:54 GMT
      expires:
      - '-1'
      pragma:
      - no-cache
      strict-transport-security:
      - max-age=31536000; includeSubDomains
      vary:
      - Accept-Encoding
      x-content-type-options:
      - nosniff
    status:
      code: 200
      message: OK
- request:
    body: '{"location": "westus", "identity": {"type": "SystemAssigned"}, "properties":
      {"encryptionType": "ConfidentialVmEncryptedWithCustomerKey", "activeKey": {"keyUrl":
      "https://vault-000002.vault.azure.net/keys/key-000003/ee479b651a7b4b1a9b781c7a2791b873"}}}'
    headers:
      Accept:
      - application/json
      Accept-Encoding:
      - gzip, deflate
      CommandName:
      - disk-encryption-set create
      Connection:
      - keep-alive
      Content-Length:
      - '252'
      Content-Type:
      - application/json
      ParameterSetName:
      - -g -n --key-url --encryption-type
      User-Agent:
      - AZURECLI/2.45.0 azsdk-python-azure-mgmt-compute/29.1.0 Python/3.10.6 (Linux-5.10.102.1-microsoft-standard-WSL2-x86_64-with-glibc2.35)
    method: PUT
    uri: https://management.azure.com/subscriptions/00000000-0000-0000-0000-000000000000/resourceGroups/cli_test_confidential_disk_encryption_set_000001/providers/Microsoft.Compute/diskEncryptionSets/des-000004?api-version=2022-03-02
  response:
    body:
      string: "{\r\n  \"location\": \"westus\",\r\n  \"identity\": {\r\n    \"type\":
        \"SystemAssigned\"\r\n  },\r\n  \"properties\": {\r\n    \"activeKey\": {\r\n
        \     \"keyUrl\": \"https://vault-000002.vault.azure.net/keys/key-000003/ee479b651a7b4b1a9b781c7a2791b873\"\r\n
        \   },\r\n    \"encryptionType\": \"ConfidentialVmEncryptedWithCustomerKey\",\r\n
        \   \"provisioningState\": \"Updating\"\r\n  }\r\n}"
    headers:
      azure-asyncoperation:
      - https://management.azure.com/subscriptions/00000000-0000-0000-0000-000000000000/providers/Microsoft.Compute/locations/westus/DiskOperations/7ec6a20e-4109-4c5a-bf91-0693e53678d5?p=42128af7-4c72-4222-9761-fb0d8e6cebdc&api-version=2022-03-02
      cache-control:
      - no-cache
      content-length:
      - '341'
      content-type:
      - application/json; charset=utf-8
      date:
      - Wed, 15 Feb 2023 14:39:01 GMT
      expires:
      - '-1'
      location:
      - https://management.azure.com/subscriptions/00000000-0000-0000-0000-000000000000/providers/Microsoft.Compute/locations/westus/DiskOperations/7ec6a20e-4109-4c5a-bf91-0693e53678d5?p=42128af7-4c72-4222-9761-fb0d8e6cebdc&monitor=true&api-version=2022-03-02
      pragma:
      - no-cache
      server:
      - Microsoft-HTTPAPI/2.0
      - Microsoft-HTTPAPI/2.0
      strict-transport-security:
      - max-age=31536000; includeSubDomains
      x-content-type-options:
      - nosniff
      x-ms-ratelimit-remaining-resource:
      - Microsoft.Compute/HighCostDiskEncryptionSet3Min;99,Microsoft.Compute/HighCostDiskEncryptionSet30Min;296
      x-ms-ratelimit-remaining-subscription-writes:
      - '1198'
    status:
      code: 202
      message: Accepted
- request:
    body: null
    headers:
      Accept:
      - '*/*'
      Accept-Encoding:
      - gzip, deflate
      CommandName:
      - disk-encryption-set create
      Connection:
      - keep-alive
      ParameterSetName:
      - -g -n --key-url --encryption-type
      User-Agent:
      - AZURECLI/2.45.0 azsdk-python-azure-mgmt-compute/29.1.0 Python/3.10.6 (Linux-5.10.102.1-microsoft-standard-WSL2-x86_64-with-glibc2.35)
    method: GET
    uri: https://management.azure.com/subscriptions/00000000-0000-0000-0000-000000000000/providers/Microsoft.Compute/locations/westus/DiskOperations/7ec6a20e-4109-4c5a-bf91-0693e53678d5?p=42128af7-4c72-4222-9761-fb0d8e6cebdc&api-version=2022-03-02
  response:
    body:
      string: "{\r\n  \"startTime\": \"2023-02-15T14:39:01.4957159+00:00\",\r\n  \"endTime\":
        \"2023-02-15T14:39:01.5426351+00:00\",\r\n  \"status\": \"Succeeded\",\r\n
        \ \"properties\": {\r\n    \"output\": {\"name\":\"des-000004\",\"id\":\"/subscriptions/00000000-0000-0000-0000-000000000000/resourceGroups/cli_test_confidential_disk_encryption_set_000001/providers/Microsoft.Compute/diskEncryptionSets/des-000004\",\"type\":\"Microsoft.Compute/diskEncryptionSets\",\"location\":\"westus\",\"identity\":{\"type\":\"SystemAssigned\",\"principalId\":\"6b3e609a-3276-40fc-ac10-cf7058d72a9e\",\"tenantId\":\"54826b22-38d6-4fb2-bad9-b7b93a3e9c5a\"},\"properties\":{\"activeKey\":{\"keyUrl\":\"https://vault-000002.vault.azure.net/keys/key-000003/ee479b651a7b4b1a9b781c7a2791b873\"},\"encryptionType\":\"ConfidentialVmEncryptedWithCustomerKey\",\"provisioningState\":\"Succeeded\"}}\r\n
        \ },\r\n  \"name\": \"7ec6a20e-4109-4c5a-bf91-0693e53678d5\"\r\n}"
    headers:
      cache-control:
      - no-cache
      content-length:
      - '849'
      content-type:
      - application/json; charset=utf-8
      date:
      - Wed, 15 Feb 2023 14:39:30 GMT
      expires:
      - '-1'
      pragma:
      - no-cache
      server:
      - Microsoft-HTTPAPI/2.0
      - Microsoft-HTTPAPI/2.0
      strict-transport-security:
      - max-age=31536000; includeSubDomains
      transfer-encoding:
      - chunked
      vary:
      - Accept-Encoding
      x-content-type-options:
      - nosniff
      x-ms-ratelimit-remaining-resource:
      - Microsoft.Compute/GetOperation3Min;49982,Microsoft.Compute/GetOperation30Min;399890
    status:
      code: 200
      message: OK
- request:
    body: null
    headers:
      Accept:
      - '*/*'
      Accept-Encoding:
      - gzip, deflate
      CommandName:
      - disk-encryption-set create
      Connection:
      - keep-alive
      ParameterSetName:
      - -g -n --key-url --encryption-type
      User-Agent:
      - AZURECLI/2.45.0 azsdk-python-azure-mgmt-compute/29.1.0 Python/3.10.6 (Linux-5.10.102.1-microsoft-standard-WSL2-x86_64-with-glibc2.35)
    method: GET
    uri: https://management.azure.com/subscriptions/00000000-0000-0000-0000-000000000000/resourceGroups/cli_test_confidential_disk_encryption_set_000001/providers/Microsoft.Compute/diskEncryptionSets/des-000004?api-version=2022-03-02
  response:
    body:
      string: "{\r\n  \"name\": \"des-000004\",\r\n  \"id\": \"/subscriptions/00000000-0000-0000-0000-000000000000/resourceGroups/cli_test_confidential_disk_encryption_set_000001/providers/Microsoft.Compute/diskEncryptionSets/des-000004\",\r\n
        \ \"type\": \"Microsoft.Compute/diskEncryptionSets\",\r\n  \"location\": \"westus\",\r\n
        \ \"identity\": {\r\n    \"type\": \"SystemAssigned\",\r\n    \"principalId\":
        \"6b3e609a-3276-40fc-ac10-cf7058d72a9e\",\r\n    \"tenantId\": \"54826b22-38d6-4fb2-bad9-b7b93a3e9c5a\"\r\n
        \ },\r\n  \"properties\": {\r\n    \"activeKey\": {\r\n      \"keyUrl\": \"https://vault-000002.vault.azure.net/keys/key-000003/ee479b651a7b4b1a9b781c7a2791b873\"\r\n
        \   },\r\n    \"encryptionType\": \"ConfidentialVmEncryptedWithCustomerKey\",\r\n
        \   \"provisioningState\": \"Succeeded\"\r\n  }\r\n}"
    headers:
      cache-control:
      - no-cache
      content-length:
      - '721'
      content-type:
      - application/json; charset=utf-8
      date:
      - Wed, 15 Feb 2023 14:39:31 GMT
      expires:
      - '-1'
      pragma:
      - no-cache
      server:
      - Microsoft-HTTPAPI/2.0
      - Microsoft-HTTPAPI/2.0
      strict-transport-security:
      - max-age=31536000; includeSubDomains
      transfer-encoding:
      - chunked
      vary:
      - Accept-Encoding
      x-content-type-options:
      - nosniff
      x-ms-ratelimit-remaining-resource:
      - Microsoft.Compute/LowCostGet3Min;14995,Microsoft.Compute/LowCostGet30Min;119945
    status:
      code: 200
      message: OK
- request:
    body: null
    headers:
      Accept:
      - application/json
      Accept-Encoding:
      - gzip, deflate
      CommandName:
      - disk-encryption-set show
      Connection:
      - keep-alive
      ParameterSetName:
      - -g -n
      User-Agent:
      - AZURECLI/2.45.0 azsdk-python-azure-mgmt-compute/29.1.0 Python/3.10.6 (Linux-5.10.102.1-microsoft-standard-WSL2-x86_64-with-glibc2.35)
    method: GET
    uri: https://management.azure.com/subscriptions/00000000-0000-0000-0000-000000000000/resourceGroups/cli_test_confidential_disk_encryption_set_000001/providers/Microsoft.Compute/diskEncryptionSets/des-000004?api-version=2022-03-02
  response:
    body:
      string: "{\r\n  \"name\": \"des-000004\",\r\n  \"id\": \"/subscriptions/00000000-0000-0000-0000-000000000000/resourceGroups/cli_test_confidential_disk_encryption_set_000001/providers/Microsoft.Compute/diskEncryptionSets/des-000004\",\r\n
        \ \"type\": \"Microsoft.Compute/diskEncryptionSets\",\r\n  \"location\": \"westus\",\r\n
        \ \"identity\": {\r\n    \"type\": \"SystemAssigned\",\r\n    \"principalId\":
        \"6b3e609a-3276-40fc-ac10-cf7058d72a9e\",\r\n    \"tenantId\": \"54826b22-38d6-4fb2-bad9-b7b93a3e9c5a\"\r\n
        \ },\r\n  \"properties\": {\r\n    \"activeKey\": {\r\n      \"keyUrl\": \"https://vault-000002.vault.azure.net/keys/key-000003/ee479b651a7b4b1a9b781c7a2791b873\"\r\n
        \   },\r\n    \"encryptionType\": \"ConfidentialVmEncryptedWithCustomerKey\",\r\n
        \   \"provisioningState\": \"Succeeded\"\r\n  }\r\n}"
    headers:
      cache-control:
      - no-cache
      content-length:
      - '721'
      content-type:
      - application/json; charset=utf-8
      date:
      - Wed, 15 Feb 2023 14:39:33 GMT
      expires:
      - '-1'
      pragma:
      - no-cache
      server:
      - Microsoft-HTTPAPI/2.0
      - Microsoft-HTTPAPI/2.0
      strict-transport-security:
      - max-age=31536000; includeSubDomains
      transfer-encoding:
      - chunked
      vary:
      - Accept-Encoding
      x-content-type-options:
      - nosniff
      x-ms-ratelimit-remaining-resource:
      - Microsoft.Compute/LowCostGet3Min;14993,Microsoft.Compute/LowCostGet30Min;119943
    status:
      code: 200
      message: OK
- request:
    body: null
    headers:
      Accept:
      - application/json
      Accept-Encoding:
      - gzip, deflate
      CommandName:
      - keyvault set-policy
      Connection:
      - keep-alive
      ParameterSetName:
      - -n -g --object-id --key-permissions
      User-Agent:
      - AZURECLI/2.45.0 azsdk-python-azure-mgmt-keyvault/10.1.0 Python/3.10.6 (Linux-5.10.102.1-microsoft-standard-WSL2-x86_64-with-glibc2.35)
    method: GET
    uri: https://management.azure.com/subscriptions/00000000-0000-0000-0000-000000000000/resourceGroups/cli_test_confidential_disk_encryption_set_000001/providers/Microsoft.KeyVault/vaults/vault-000002?api-version=2022-07-01
  response:
    body:
      string: '{"id":"/subscriptions/00000000-0000-0000-0000-000000000000/resourceGroups/cli_test_confidential_disk_encryption_set_000001/providers/Microsoft.KeyVault/vaults/vault-000002","name":"vault-000002","type":"Microsoft.KeyVault/vaults","location":"westus","tags":{},"systemData":{"createdBy":"rolelivetest@azuresdkteam.onmicrosoft.com","createdByType":"User","createdAt":"2023-02-15T14:38:13.388Z","lastModifiedBy":"rolelivetest@azuresdkteam.onmicrosoft.com","lastModifiedByType":"User","lastModifiedAt":"2023-02-15T14:38:13.388Z"},"properties":{"sku":{"family":"A","name":"Premium"},"tenantId":"54826b22-38d6-4fb2-bad9-b7b93a3e9c5a","accessPolicies":[{"tenantId":"54826b22-38d6-4fb2-bad9-b7b93a3e9c5a","objectId":"6d97229a-391f-473a-893f-f0608b592d7b","permissions":{"keys":["all"],"secrets":["all"],"certificates":["all"],"storage":["all"]}}],"enabledForDeployment":false,"enableSoftDelete":true,"softDeleteRetentionInDays":7,"enablePurgeProtection":true,"vaultUri":"https://vault-000002.vault.azure.net/","provisioningState":"Succeeded","publicNetworkAccess":"Enabled"}}'
    headers:
      cache-control:
      - no-cache
      content-length:
      - '1067'
      content-type:
      - application/json; charset=utf-8
      date:
      - Wed, 15 Feb 2023 14:39:35 GMT
      expires:
      - '-1'
      pragma:
      - no-cache
      server:
      - Microsoft-IIS/10.0
      strict-transport-security:
      - max-age=31536000; includeSubDomains
      transfer-encoding:
      - chunked
      vary:
      - Accept-Encoding
      x-aspnet-version:
      - 4.0.30319
      x-content-type-options:
      - nosniff
      x-ms-keyvault-service-version:
      - 1.5.666.2
    status:
      code: 200
      message: OK
- request:
    body: '{"location": "westus", "tags": {}, "properties": {"tenantId": "54826b22-38d6-4fb2-bad9-b7b93a3e9c5a",
      "sku": {"family": "A", "name": "Premium"}, "accessPolicies": [{"tenantId": "54826b22-38d6-4fb2-bad9-b7b93a3e9c5a",
      "objectId": "6d97229a-391f-473a-893f-f0608b592d7b", "permissions": {"keys":
      ["all"], "secrets": ["all"], "certificates": ["all"], "storage": ["all"]}},
      {"tenantId": "54826b22-38d6-4fb2-bad9-b7b93a3e9c5a", "objectId": "6b3e609a-3276-40fc-ac10-cf7058d72a9e",
      "permissions": {"keys": ["get", "unwrapKey", "wrapKey"]}}], "vaultUri": "https://vault-000002.vault.azure.net/",
      "enabledForDeployment": false, "enableSoftDelete": true, "softDeleteRetentionInDays":
      7, "enablePurgeProtection": true, "provisioningState": "Succeeded", "publicNetworkAccess":
      "Enabled"}}'
    headers:
      Accept:
      - application/json
      Accept-Encoding:
      - gzip, deflate
      CommandName:
      - keyvault set-policy
      Connection:
      - keep-alive
      Content-Length:
      - '775'
      Content-Type:
      - application/json
      ParameterSetName:
      - -n -g --object-id --key-permissions
      User-Agent:
      - AZURECLI/2.45.0 azsdk-python-azure-mgmt-keyvault/10.1.0 Python/3.10.6 (Linux-5.10.102.1-microsoft-standard-WSL2-x86_64-with-glibc2.35)
    method: PUT
    uri: https://management.azure.com/subscriptions/00000000-0000-0000-0000-000000000000/resourceGroups/cli_test_confidential_disk_encryption_set_000001/providers/Microsoft.KeyVault/vaults/vault-000002?api-version=2022-07-01
  response:
    body:
      string: '{"id":"/subscriptions/00000000-0000-0000-0000-000000000000/resourceGroups/cli_test_confidential_disk_encryption_set_000001/providers/Microsoft.KeyVault/vaults/vault-000002","name":"vault-000002","type":"Microsoft.KeyVault/vaults","location":"westus","tags":{},"systemData":{"createdBy":"rolelivetest@azuresdkteam.onmicrosoft.com","createdByType":"User","createdAt":"2023-02-15T14:38:13.388Z","lastModifiedBy":"rolelivetest@azuresdkteam.onmicrosoft.com","lastModifiedByType":"User","lastModifiedAt":"2023-02-15T14:39:35.843Z"},"properties":{"sku":{"family":"A","name":"Premium"},"tenantId":"54826b22-38d6-4fb2-bad9-b7b93a3e9c5a","accessPolicies":[{"tenantId":"54826b22-38d6-4fb2-bad9-b7b93a3e9c5a","objectId":"6d97229a-391f-473a-893f-f0608b592d7b","permissions":{"keys":["all"],"secrets":["all"],"certificates":["all"],"storage":["all"]}},{"tenantId":"54826b22-38d6-4fb2-bad9-b7b93a3e9c5a","objectId":"6b3e609a-3276-40fc-ac10-cf7058d72a9e","permissions":{"keys":["get","unwrapKey","wrapKey"]}}],"enabledForDeployment":false,"enableSoftDelete":true,"softDeleteRetentionInDays":7,"enablePurgeProtection":true,"vaultUri":"https://vault-000002.vault.azure.net/","provisioningState":"Succeeded","publicNetworkAccess":"Enabled"}}'
    headers:
      cache-control:
      - no-cache
      content-length:
      - '1222'
      content-type:
      - application/json; charset=utf-8
      date:
      - Wed, 15 Feb 2023 14:39:36 GMT
      expires:
      - '-1'
      pragma:
      - no-cache
      server:
      - Microsoft-IIS/10.0
      strict-transport-security:
      - max-age=31536000; includeSubDomains
      transfer-encoding:
      - chunked
      vary:
      - Accept-Encoding
      x-aspnet-version:
      - 4.0.30319
      x-content-type-options:
      - nosniff
      x-ms-keyvault-service-version:
      - 1.5.666.2
      x-ms-ratelimit-remaining-subscription-writes:
      - '1197'
    status:
      code: 200
      message: OK
- request:
    body: null
    headers:
      Accept:
      - '*/*'
      Accept-Encoding:
      - gzip, deflate
      CommandName:
      - role assignment create
      Connection:
      - keep-alive
      ParameterSetName:
      - --assignee --role --scope
      User-Agent:
      - python/3.10.6 (Linux-5.10.102.1-microsoft-standard-WSL2-x86_64-with-glibc2.35)
        AZURECLI/2.45.0
    method: GET
    uri: https://graph.microsoft.com/v1.0/servicePrincipals?$filter=servicePrincipalNames%2Fany%28c%3Ac%20eq%20%276b3e609a-3276-40fc-ac10-cf7058d72a9e%27%29
  response:
    body:
      string: '{"@odata.context":"https://graph.microsoft.com/v1.0/$metadata#servicePrincipals","value":[]}'
    headers:
      cache-control:
      - no-cache
      content-length:
      - '92'
      content-type:
      - application/json;odata.metadata=minimal;odata.streaming=true;IEEE754Compatible=false;charset=utf-8
      date:
      - Wed, 15 Feb 2023 14:39:51 GMT
      odata-version:
      - '4.0'
      request-id:
      - b04c91d8-3ded-4677-8deb-20e22eb7b2bf
      strict-transport-security:
      - max-age=31536000
      transfer-encoding:
      - chunked
      vary:
      - Accept-Encoding
      x-ms-ags-diagnostic:
      - '{"ServerInfo":{"DataCenter":"Southeast Asia","Slice":"E","Ring":"5","ScaleUnit":"002","RoleInstance":"SG1PEPF00002016"}}'
      x-ms-resource-unit:
      - '1'
    status:
      code: 200
      message: OK
- request:
    body: '{"ids": ["6b3e609a-3276-40fc-ac10-cf7058d72a9e"], "types": ["user", "group",
      "servicePrincipal", "directoryObjectPartnerReference"]}'
    headers:
      Accept:
      - '*/*'
      Accept-Encoding:
      - gzip, deflate
      CommandName:
      - role assignment create
      Connection:
      - keep-alive
      Content-Length:
      - '132'
      Content-Type:
      - application/json
      ParameterSetName:
      - --assignee --role --scope
      User-Agent:
      - python/3.10.6 (Linux-5.10.102.1-microsoft-standard-WSL2-x86_64-with-glibc2.35)
        AZURECLI/2.45.0
    method: POST
    uri: https://graph.microsoft.com/v1.0/directoryObjects/getByIds
  response:
    body:
      string: '{"@odata.context":"https://graph.microsoft.com/v1.0/$metadata#directoryObjects","value":[{"@odata.type":"#microsoft.graph.servicePrincipal","id":"6b3e609a-3276-40fc-ac10-cf7058d72a9e","deletedDateTime":null,"accountEnabled":true,"alternativeNames":["isExplicit=False","/subscriptions/00000000-0000-0000-0000-000000000000/resourcegroups/cli_test_confidential_disk_encryption_set_000001/providers/Microsoft.Compute/diskEncryptionSets/des-000004"],"appDisplayName":null,"appDescription":null,"appId":"b9a172da-83f4-4ae1-97c6-c31421977450","applicationTemplateId":null,"appOwnerOrganizationId":null,"appRoleAssignmentRequired":false,"createdDateTime":"2023-02-15T14:39:00Z","description":null,"disabledByMicrosoftStatus":null,"displayName":"des-000004","homepage":null,"loginUrl":null,"logoutUrl":null,"notes":null,"notificationEmailAddresses":[],"preferredSingleSignOnMode":null,"preferredTokenSigningKeyThumbprint":null,"replyUrls":[],"servicePrincipalNames":["b9a172da-83f4-4ae1-97c6-c31421977450","https://identity.azure.net/cUR0krKbVKkJ89mKadR0fzyy6rY0RfUm8Q88wwX38NE="],"servicePrincipalType":"ManagedIdentity","signInAudience":null,"tags":[],"tokenEncryptionKeyId":null,"info":null,"samlSingleSignOnSettings":null,"addIns":[],"appRoles":[],"keyCredentials":[{"customKeyIdentifier":"622E499234601CC6294A00D8F0D20ADD386E528D","displayName":"CN=b9a172da-83f4-4ae1-97c6-c31421977450,
        DC=54826b22-38d6-4fb2-bad9-b7b93a3e9c5a","endDateTime":"2023-05-16T14:34:00Z","key":null,"keyId":"723a4c59-6252-451f-a392-65bd665ca2ea","startDateTime":"2023-02-15T14:34:00Z","type":"AsymmetricX509Cert","usage":"Verify"}],"oauth2PermissionScopes":[],"passwordCredentials":[],"resourceSpecificApplicationPermissions":[],"verifiedPublisher":{"displayName":null,"verifiedPublisherId":null,"addedDateTime":null}}]}'
    headers:
      cache-control:
      - no-cache
      content-length:
      - '1793'
      content-type:
      - application/json;odata.metadata=minimal;odata.streaming=true;IEEE754Compatible=false;charset=utf-8
      date:
      - Wed, 15 Feb 2023 14:39:52 GMT
      location:
      - https://graph.microsoft.com
      odata-version:
      - '4.0'
      request-id:
      - 4a832113-20c9-4e65-8e1a-711dab6d6136
      strict-transport-security:
      - max-age=31536000
      transfer-encoding:
      - chunked
      vary:
      - Accept-Encoding
      x-ms-ags-diagnostic:
      - '{"ServerInfo":{"DataCenter":"Southeast Asia","Slice":"E","Ring":"5","ScaleUnit":"002","RoleInstance":"SG1PEPF00001307"}}'
      x-ms-resource-unit:
      - '3'
    status:
      code: 200
      message: OK
- request:
    body: null
    headers:
      Accept:
      - application/json
      Accept-Encoding:
      - gzip, deflate
      CommandName:
      - role assignment create
      Connection:
      - keep-alive
      ParameterSetName:
      - --assignee --role --scope
      User-Agent:
      - AZURECLI/2.45.0 azsdk-python-azure-mgmt-authorization/3.0.0 Python/3.10.6
        (Linux-5.10.102.1-microsoft-standard-WSL2-x86_64-with-glibc2.35)
    method: GET
    uri: https://management.azure.com/subscriptions/00000000-0000-0000-0000-000000000000/resourceGroups/cli_test_confidential_disk_encryption_set_000001/providers/Microsoft.KeyVault/vaults/vault-000002/providers/Microsoft.Authorization/roleDefinitions?$filter=roleName%20eq%20%27Reader%27&api-version=2022-04-01
  response:
    body:
      string: '{"value":[{"properties":{"roleName":"Reader","type":"BuiltInRole","description":"View
        all resources, but does not allow you to make any changes.","assignableScopes":["/"],"permissions":[{"actions":["*/read"],"notActions":[],"dataActions":[],"notDataActions":[]}],"createdOn":"2015-02-02T21:55:09.8806423Z","updatedOn":"2021-11-11T20:13:47.8628684Z","createdBy":null,"updatedBy":null},"id":"/subscriptions/00000000-0000-0000-0000-000000000000/providers/Microsoft.Authorization/roleDefinitions/acdd72a7-3385-48ef-bd42-f606fba81ae7","type":"Microsoft.Authorization/roleDefinitions","name":"acdd72a7-3385-48ef-bd42-f606fba81ae7"}]}'
    headers:
      cache-control:
      - no-cache
      content-length:
      - '627'
      content-type:
      - application/json; charset=utf-8
      date:
      - Wed, 15 Feb 2023 14:39:52 GMT
      expires:
      - '-1'
      pragma:
      - no-cache
      set-cookie:
      - x-ms-gateway-slice=Production; path=/; secure; samesite=none; httponly
      strict-transport-security:
      - max-age=31536000; includeSubDomains
      transfer-encoding:
      - chunked
      vary:
      - Accept-Encoding
      x-content-type-options:
      - nosniff
    status:
      code: 200
      message: OK
- request:
    body: '{"properties": {"roleDefinitionId": "/subscriptions/00000000-0000-0000-0000-000000000000/providers/Microsoft.Authorization/roleDefinitions/acdd72a7-3385-48ef-bd42-f606fba81ae7",
      "principalId": "6b3e609a-3276-40fc-ac10-cf7058d72a9e", "principalType": "ServicePrincipal"}}'
    headers:
      Accept:
      - application/json
      Accept-Encoding:
      - gzip, deflate
      CommandName:
      - role assignment create
      Connection:
      - keep-alive
      Content-Length:
      - '270'
      Content-Type:
      - application/json
      Cookie:
      - x-ms-gateway-slice=Production
      ParameterSetName:
      - --assignee --role --scope
      User-Agent:
      - AZURECLI/2.45.0 azsdk-python-azure-mgmt-authorization/3.0.0 Python/3.10.6
        (Linux-5.10.102.1-microsoft-standard-WSL2-x86_64-with-glibc2.35)
    method: PUT
    uri: https://management.azure.com/subscriptions/00000000-0000-0000-0000-000000000000/resourceGroups/cli_test_confidential_disk_encryption_set_000001/providers/Microsoft.KeyVault/vaults/vault-000002/providers/Microsoft.Authorization/roleAssignments/88888888-0000-0000-0000-000000000001?api-version=2022-04-01
  response:
    body:
      string: '{"properties":{"roleDefinitionId":"/subscriptions/00000000-0000-0000-0000-000000000000/providers/Microsoft.Authorization/roleDefinitions/acdd72a7-3385-48ef-bd42-f606fba81ae7","principalId":"6b3e609a-3276-40fc-ac10-cf7058d72a9e","principalType":"ServicePrincipal","scope":"/subscriptions/00000000-0000-0000-0000-000000000000/resourceGroups/cli_test_confidential_disk_encryption_set_000001/providers/Microsoft.KeyVault/vaults/vault-000002","condition":null,"conditionVersion":null,"createdOn":"2023-02-15T14:39:53.2848722Z","updatedOn":"2023-02-15T14:39:53.8588835Z","createdBy":null,"updatedBy":"6d97229a-391f-473a-893f-f0608b592d7b","delegatedManagedIdentityResourceId":null,"description":null},"id":"/subscriptions/00000000-0000-0000-0000-000000000000/resourceGroups/cli_test_confidential_disk_encryption_set_000001/providers/Microsoft.KeyVault/vaults/vault-000002/providers/Microsoft.Authorization/roleAssignments/88888888-0000-0000-0000-000000000001","type":"Microsoft.Authorization/roleAssignments","name":"88888888-0000-0000-0000-000000000001"}'
    headers:
      cache-control:
      - no-cache
      content-length:
      - '1049'
      content-type:
      - application/json; charset=utf-8
      date:
      - Wed, 15 Feb 2023 14:39:57 GMT
      expires:
      - '-1'
      pragma:
      - no-cache
      strict-transport-security:
      - max-age=31536000; includeSubDomains
      x-content-type-options:
      - nosniff
      x-ms-ratelimit-remaining-subscription-writes:
      - '1194'
    status:
      code: 201
      message: Created
- request:
    body: null
    headers:
      Accept:
      - application/json
      Accept-Encoding:
      - gzip, deflate
      CommandName:
      - disk create
      Connection:
      - keep-alive
      ParameterSetName:
      - -g -n --security-type --hyper-v-generation --secure-vm-disk-encryption-set
        --image-reference
      User-Agent:
      - AZURECLI/2.45.0 azsdk-python-azure-mgmt-resource/21.1.0b1 Python/3.10.6 (Linux-5.10.102.1-microsoft-standard-WSL2-x86_64-with-glibc2.35)
    method: GET
    uri: https://management.azure.com/subscriptions/00000000-0000-0000-0000-000000000000/resourcegroups/cli_test_confidential_disk_encryption_set_000001?api-version=2021-04-01
  response:
    body:
      string: '{"id":"/subscriptions/00000000-0000-0000-0000-000000000000/resourceGroups/cli_test_confidential_disk_encryption_set_000001","name":"cli_test_confidential_disk_encryption_set_000001","type":"Microsoft.Resources/resourceGroups","location":"westus","tags":{"product":"azurecli","cause":"automation","date":"2023-02-15T14:38:04Z"},"properties":{"provisioningState":"Succeeded"}}'
    headers:
      cache-control:
      - no-cache
      content-length:
      - '374'
      content-type:
      - application/json; charset=utf-8
      date:
      - Wed, 15 Feb 2023 14:40:13 GMT
      expires:
      - '-1'
      pragma:
      - no-cache
      strict-transport-security:
      - max-age=31536000; includeSubDomains
      vary:
      - Accept-Encoding
      x-content-type-options:
      - nosniff
    status:
      code: 200
      message: OK
- request:
    body: null
    headers:
      Accept:
      - application/json
      Accept-Encoding:
      - gzip, deflate
      CommandName:
      - disk create
      Connection:
      - keep-alive
      ParameterSetName:
      - -g -n --security-type --hyper-v-generation --secure-vm-disk-encryption-set
        --image-reference
      User-Agent:
      - AZURECLI/2.45.0 azsdk-python-azure-mgmt-compute/29.1.0 Python/3.10.6 (Linux-5.10.102.1-microsoft-standard-WSL2-x86_64-with-glibc2.35)
    method: GET
    uri: https://management.azure.com/subscriptions/00000000-0000-0000-0000-000000000000/providers/Microsoft.Compute/locations/westus/publishers/MicrosoftWindowsServer/artifacttypes/vmimage/offers/windows-cvm/skus/2022-datacenter-cvm/versions?$top=1&$orderby=name%20desc&api-version=2022-11-01
  response:
    body:
      string: "[\r\n  {\r\n    \"location\": \"westus\",\r\n    \"name\": \"20348.469.220106\",\r\n
        \   \"id\": \"/Subscriptions/00000000-0000-0000-0000-000000000000/Providers/Microsoft.Compute/Locations/westus/Publishers/MicrosoftWindowsServer/ArtifactTypes/VMImage/Offers/windows-cvm/Skus/2022-datacenter-cvm/Versions/20348.469.220106\"\r\n
        \ }\r\n]"
    headers:
      cache-control:
      - no-cache
      content-length:
      - '310'
      content-type:
      - application/json; charset=utf-8
      date:
      - Wed, 15 Feb 2023 14:40:14 GMT
      expires:
      - '-1'
      pragma:
      - no-cache
      server:
      - Microsoft-HTTPAPI/2.0
      - Microsoft-HTTPAPI/2.0
      strict-transport-security:
      - max-age=31536000; includeSubDomains
      transfer-encoding:
      - chunked
      vary:
      - Accept-Encoding
      x-content-type-options:
      - nosniff
      x-ms-ratelimit-remaining-resource:
      - Microsoft.Compute/ListVMImagesVersionsFromLocation3Min;15999,Microsoft.Compute/ListVMImagesVersionsFromLocation30Min;43993
    status:
      code: 200
      message: OK
- request:
    body: null
    headers:
      Accept:
      - application/json
      Accept-Encoding:
      - gzip, deflate
      CommandName:
      - disk create
      Connection:
      - keep-alive
      ParameterSetName:
      - -g -n --security-type --hyper-v-generation --secure-vm-disk-encryption-set
        --image-reference
      User-Agent:
      - AZURECLI/2.45.0 azsdk-python-azure-mgmt-compute/29.1.0 Python/3.10.6 (Linux-5.10.102.1-microsoft-standard-WSL2-x86_64-with-glibc2.35)
    method: GET
    uri: https://management.azure.com/subscriptions/00000000-0000-0000-0000-000000000000/providers/Microsoft.Compute/locations/westus/publishers/MicrosoftWindowsServer/artifacttypes/vmimage/offers/windows-cvm/skus/2022-datacenter-cvm/versions/20348.469.220106?api-version=2022-11-01
  response:
    body:
      string: "{\r\n  \"properties\": {\r\n    \"hyperVGeneration\": \"V2\",\r\n    \"architecture\":
        \"x64\",\r\n    \"replicaType\": \"Managed\",\r\n    \"replicaCount\": 10,\r\n
        \   \"disallowed\": {\r\n      \"vmDiskType\": \"Unmanaged\"\r\n    },\r\n
        \   \"automaticOSUpgradeProperties\": {\r\n      \"automaticOSUpgradeSupported\":
        false\r\n    },\r\n    \"imageDeprecationStatus\": {\r\n      \"imageState\":
        \"Active\"\r\n    },\r\n    \"features\": [\r\n      {\r\n        \"name\":
        \"SecurityType\",\r\n        \"value\": \"TrustedLaunchAndConfidentialVmSupported\"\r\n
        \     }\r\n    ],\r\n    \"osDiskImage\": {\r\n      \"operatingSystem\":
        \"Windows\",\r\n      \"sizeInGb\": 16\r\n    },\r\n    \"dataDiskImages\":
        []\r\n  },\r\n  \"location\": \"westus\",\r\n  \"name\": \"20348.469.220106\",\r\n
        \ \"id\": \"/Subscriptions/00000000-0000-0000-0000-000000000000/Providers/Microsoft.Compute/Locations/westus/Publishers/MicrosoftWindowsServer/ArtifactTypes/VMImage/Offers/windows-cvm/Skus/2022-datacenter-cvm/Versions/20348.469.220106\"\r\n}"
    headers:
      cache-control:
      - no-cache
      content-length:
      - '911'
      content-type:
      - application/json; charset=utf-8
      date:
      - Wed, 15 Feb 2023 14:40:14 GMT
      expires:
      - '-1'
      pragma:
      - no-cache
      server:
      - Microsoft-HTTPAPI/2.0
      - Microsoft-HTTPAPI/2.0
      strict-transport-security:
      - max-age=31536000; includeSubDomains
      transfer-encoding:
      - chunked
      vary:
      - Accept-Encoding
      x-content-type-options:
      - nosniff
      x-ms-ratelimit-remaining-resource:
      - Microsoft.Compute/GetVMImageFromLocation3Min;12999,Microsoft.Compute/GetVMImageFromLocation30Min;73991
    status:
      code: 200
      message: OK
- request:
    body: '{"location": "westus", "tags": {}, "sku": {"name": "Premium_LRS"}, "properties":
      {"hyperVGeneration": "V2", "creationData": {"createOption": "FromImage", "imageReference":
      {"id": "/Subscriptions/00000000-0000-0000-0000-000000000000/Providers/Microsoft.Compute/Locations/westus/Publishers/MicrosoftWindowsServer/ArtifactTypes/VMImage/Offers/windows-cvm/Skus/2022-datacenter-cvm/Versions/20348.469.220106"}},
      "securityProfile": {"securityType": "ConfidentialVM_DiskEncryptedWithCustomerKey",
      "secureVMDiskEncryptionSetId": "/subscriptions/00000000-0000-0000-0000-000000000000/resourceGroups/cli_test_confidential_disk_encryption_set_000001/providers/Microsoft.Compute/diskEncryptionSets/des-000004"}}}'
    headers:
      Accept:
      - application/json
      Accept-Encoding:
      - gzip, deflate
      CommandName:
      - disk create
      Connection:
      - keep-alive
      Content-Length:
      - '699'
      Content-Type:
      - application/json
      ParameterSetName:
      - -g -n --security-type --hyper-v-generation --secure-vm-disk-encryption-set
        --image-reference
      User-Agent:
      - AZURECLI/2.45.0 azsdk-python-azure-mgmt-compute/29.1.0 Python/3.10.6 (Linux-5.10.102.1-microsoft-standard-WSL2-x86_64-with-glibc2.35)
    method: PUT
    uri: https://management.azure.com/subscriptions/00000000-0000-0000-0000-000000000000/resourceGroups/cli_test_confidential_disk_encryption_set_000001/providers/Microsoft.Compute/disks/d1-000005?api-version=2022-07-02
  response:
    body:
      string: "{\r\n  \"name\": \"d1-000005\",\r\n  \"id\": \"/subscriptions/00000000-0000-0000-0000-000000000000/resourceGroups/cli_test_confidential_disk_encryption_set_000001/providers/Microsoft.Compute/disks/d1-000005\",\r\n
        \ \"type\": \"Microsoft.Compute/disks\",\r\n  \"location\": \"westus\",\r\n
        \ \"tags\": {},\r\n  \"sku\": {\r\n    \"name\": \"Premium_LRS\"\r\n  },\r\n
        \ \"properties\": {\r\n    \"hyperVGeneration\": \"V2\",\r\n    \"creationData\":
        {\r\n      \"createOption\": \"FromImage\",\r\n      \"imageReference\": {\r\n
        \       \"id\": \"/Subscriptions/00000000-0000-0000-0000-000000000000/Providers/Microsoft.Compute/Locations/westus/Publishers/MicrosoftWindowsServer/ArtifactTypes/VMImage/Offers/windows-cvm/Skus/2022-datacenter-cvm/Versions/20348.469.220106\"\r\n
        \     }\r\n    },\r\n    \"securityProfile\": {\r\n      \"securityType\":
        \"ConfidentialVM_DiskEncryptedWithCustomerKey\",\r\n      \"secureVMDiskEncryptionSetId\":
        \"/subscriptions/00000000-0000-0000-0000-000000000000/resourceGroups/cli_test_confidential_disk_encryption_set_000001/providers/Microsoft.Compute/diskEncryptionSets/des-000004\"\r\n
        \   },\r\n    \"provisioningState\": \"Updating\"\r\n  }\r\n}"
    headers:
      azure-asyncoperation:
      - https://management.azure.com/subscriptions/00000000-0000-0000-0000-000000000000/providers/Microsoft.Compute/locations/westus/DiskOperations/b6329cda-d164-4c0c-a471-70b1fb9abe34?p=42128af7-4c72-4222-9761-fb0d8e6cebdc&api-version=2022-07-02
      cache-control:
      - no-cache
      content-length:
      - '1076'
      content-type:
      - application/json; charset=utf-8
      date:
      - Wed, 15 Feb 2023 14:40:20 GMT
      expires:
      - '-1'
      location:
      - https://management.azure.com/subscriptions/00000000-0000-0000-0000-000000000000/providers/Microsoft.Compute/locations/westus/DiskOperations/b6329cda-d164-4c0c-a471-70b1fb9abe34?p=42128af7-4c72-4222-9761-fb0d8e6cebdc&monitor=true&api-version=2022-07-02
      pragma:
      - no-cache
      server:
      - Microsoft-HTTPAPI/2.0
      - Microsoft-HTTPAPI/2.0
      strict-transport-security:
      - max-age=31536000; includeSubDomains
      x-content-type-options:
      - nosniff
      x-ms-ratelimit-remaining-resource:
      - Microsoft.Compute/CreateUpdateDisks3Min;999,Microsoft.Compute/CreateUpdateDisks30Min;7996
      x-ms-ratelimit-remaining-subscription-writes:
      - '1197'
    status:
      code: 202
      message: Accepted
- request:
    body: null
    headers:
      Accept:
      - '*/*'
      Accept-Encoding:
      - gzip, deflate
      CommandName:
      - disk create
      Connection:
      - keep-alive
      ParameterSetName:
      - -g -n --security-type --hyper-v-generation --secure-vm-disk-encryption-set
        --image-reference
      User-Agent:
      - AZURECLI/2.45.0 azsdk-python-azure-mgmt-compute/29.1.0 Python/3.10.6 (Linux-5.10.102.1-microsoft-standard-WSL2-x86_64-with-glibc2.35)
    method: GET
    uri: https://management.azure.com/subscriptions/00000000-0000-0000-0000-000000000000/providers/Microsoft.Compute/locations/westus/DiskOperations/b6329cda-d164-4c0c-a471-70b1fb9abe34?p=42128af7-4c72-4222-9761-fb0d8e6cebdc&api-version=2022-07-02
  response:
    body:
      string: "{\r\n  \"startTime\": \"2023-02-15T14:40:19.7648401+00:00\",\r\n  \"status\":
        \"InProgress\",\r\n  \"name\": \"b6329cda-d164-4c0c-a471-70b1fb9abe34\"\r\n}"
    headers:
      cache-control:
      - no-cache
      content-length:
      - '134'
      content-type:
      - application/json; charset=utf-8
      date:
      - Wed, 15 Feb 2023 14:40:23 GMT
      expires:
      - '-1'
      pragma:
      - no-cache
      server:
      - Microsoft-HTTPAPI/2.0
      - Microsoft-HTTPAPI/2.0
      strict-transport-security:
      - max-age=31536000; includeSubDomains
      transfer-encoding:
      - chunked
      vary:
      - Accept-Encoding
      x-content-type-options:
      - nosniff
      x-ms-ratelimit-remaining-resource:
      - Microsoft.Compute/GetOperation3Min;49979,Microsoft.Compute/GetOperation30Min;399908
    status:
      code: 200
      message: OK
- request:
    body: null
    headers:
      Accept:
      - '*/*'
      Accept-Encoding:
      - gzip, deflate
      CommandName:
      - disk create
      Connection:
      - keep-alive
      ParameterSetName:
      - -g -n --security-type --hyper-v-generation --secure-vm-disk-encryption-set
        --image-reference
      User-Agent:
      - AZURECLI/2.45.0 azsdk-python-azure-mgmt-compute/29.1.0 Python/3.10.6 (Linux-5.10.102.1-microsoft-standard-WSL2-x86_64-with-glibc2.35)
    method: GET
    uri: https://management.azure.com/subscriptions/00000000-0000-0000-0000-000000000000/providers/Microsoft.Compute/locations/westus/DiskOperations/b6329cda-d164-4c0c-a471-70b1fb9abe34?p=42128af7-4c72-4222-9761-fb0d8e6cebdc&api-version=2022-07-02
  response:
    body:
      string: "{\r\n  \"startTime\": \"2023-02-15T14:40:19.7648401+00:00\",\r\n  \"status\":
        \"InProgress\",\r\n  \"name\": \"b6329cda-d164-4c0c-a471-70b1fb9abe34\"\r\n}"
    headers:
      cache-control:
      - no-cache
      content-length:
      - '134'
      content-type:
      - application/json; charset=utf-8
      date:
      - Wed, 15 Feb 2023 14:40:34 GMT
      expires:
      - '-1'
      pragma:
      - no-cache
      server:
      - Microsoft-HTTPAPI/2.0
      - Microsoft-HTTPAPI/2.0
      strict-transport-security:
      - max-age=31536000; includeSubDomains
      transfer-encoding:
      - chunked
      vary:
      - Accept-Encoding
      x-content-type-options:
      - nosniff
      x-ms-ratelimit-remaining-resource:
      - Microsoft.Compute/GetOperation3Min;49983,Microsoft.Compute/GetOperation30Min;399906
    status:
      code: 200
      message: OK
- request:
    body: null
    headers:
      Accept:
      - '*/*'
      Accept-Encoding:
      - gzip, deflate
      CommandName:
      - disk create
      Connection:
      - keep-alive
      ParameterSetName:
      - -g -n --security-type --hyper-v-generation --secure-vm-disk-encryption-set
        --image-reference
      User-Agent:
      - AZURECLI/2.45.0 azsdk-python-azure-mgmt-compute/29.1.0 Python/3.10.6 (Linux-5.10.102.1-microsoft-standard-WSL2-x86_64-with-glibc2.35)
    method: GET
    uri: https://management.azure.com/subscriptions/00000000-0000-0000-0000-000000000000/providers/Microsoft.Compute/locations/westus/DiskOperations/b6329cda-d164-4c0c-a471-70b1fb9abe34?p=42128af7-4c72-4222-9761-fb0d8e6cebdc&api-version=2022-07-02
  response:
    body:
      string: "{\r\n  \"startTime\": \"2023-02-15T14:40:19.7648401+00:00\",\r\n  \"status\":
        \"InProgress\",\r\n  \"name\": \"b6329cda-d164-4c0c-a471-70b1fb9abe34\"\r\n}"
    headers:
      cache-control:
      - no-cache
      content-length:
      - '134'
      content-type:
      - application/json; charset=utf-8
      date:
      - Wed, 15 Feb 2023 14:41:04 GMT
      expires:
      - '-1'
      pragma:
      - no-cache
      server:
      - Microsoft-HTTPAPI/2.0
      - Microsoft-HTTPAPI/2.0
      strict-transport-security:
      - max-age=31536000; includeSubDomains
      transfer-encoding:
      - chunked
      vary:
      - Accept-Encoding
      x-content-type-options:
      - nosniff
      x-ms-ratelimit-remaining-resource:
      - Microsoft.Compute/GetOperation3Min;49979,Microsoft.Compute/GetOperation30Min;399901
    status:
      code: 200
      message: OK
- request:
    body: null
    headers:
      Accept:
      - '*/*'
      Accept-Encoding:
      - gzip, deflate
      CommandName:
      - disk create
      Connection:
      - keep-alive
      ParameterSetName:
      - -g -n --security-type --hyper-v-generation --secure-vm-disk-encryption-set
        --image-reference
      User-Agent:
      - AZURECLI/2.45.0 azsdk-python-azure-mgmt-compute/29.1.0 Python/3.10.6 (Linux-5.10.102.1-microsoft-standard-WSL2-x86_64-with-glibc2.35)
    method: GET
    uri: https://management.azure.com/subscriptions/00000000-0000-0000-0000-000000000000/providers/Microsoft.Compute/locations/westus/DiskOperations/b6329cda-d164-4c0c-a471-70b1fb9abe34?p=42128af7-4c72-4222-9761-fb0d8e6cebdc&api-version=2022-07-02
  response:
    body:
      string: "{\r\n  \"startTime\": \"2023-02-15T14:40:19.7648401+00:00\",\r\n  \"status\":
        \"InProgress\",\r\n  \"name\": \"b6329cda-d164-4c0c-a471-70b1fb9abe34\"\r\n}"
    headers:
      cache-control:
      - no-cache
      content-length:
      - '134'
      content-type:
      - application/json; charset=utf-8
      date:
      - Wed, 15 Feb 2023 14:41:35 GMT
      expires:
      - '-1'
      pragma:
      - no-cache
      server:
      - Microsoft-HTTPAPI/2.0
      - Microsoft-HTTPAPI/2.0
      strict-transport-security:
      - max-age=31536000; includeSubDomains
      transfer-encoding:
      - chunked
      vary:
      - Accept-Encoding
      x-content-type-options:
      - nosniff
      x-ms-ratelimit-remaining-resource:
      - Microsoft.Compute/GetOperation3Min;49977,Microsoft.Compute/GetOperation30Min;399898
    status:
      code: 200
      message: OK
- request:
    body: null
    headers:
      Accept:
      - '*/*'
      Accept-Encoding:
      - gzip, deflate
      CommandName:
      - disk create
      Connection:
      - keep-alive
      ParameterSetName:
      - -g -n --security-type --hyper-v-generation --secure-vm-disk-encryption-set
        --image-reference
      User-Agent:
      - AZURECLI/2.45.0 azsdk-python-azure-mgmt-compute/29.1.0 Python/3.10.6 (Linux-5.10.102.1-microsoft-standard-WSL2-x86_64-with-glibc2.35)
    method: GET
    uri: https://management.azure.com/subscriptions/00000000-0000-0000-0000-000000000000/providers/Microsoft.Compute/locations/westus/DiskOperations/b6329cda-d164-4c0c-a471-70b1fb9abe34?p=42128af7-4c72-4222-9761-fb0d8e6cebdc&api-version=2022-07-02
  response:
    body:
      string: "{\r\n  \"startTime\": \"2023-02-15T14:40:19.7648401+00:00\",\r\n  \"endTime\":
        \"2023-02-15T14:41:37.1870298+00:00\",\r\n  \"status\": \"Succeeded\",\r\n
        \ \"properties\": {\r\n    \"output\": {\"name\":\"d1-000005\",\"id\":\"/subscriptions/00000000-0000-0000-0000-000000000000/resourceGroups/cli_test_confidential_disk_encryption_set_000001/providers/Microsoft.Compute/disks/d1-000005\",\"type\":\"Microsoft.Compute/disks\",\"location\":\"westus\",\"tags\":{},\"sku\":{\"name\":\"Premium_LRS\",\"tier\":\"Premium\"},\"properties\":{\"osType\":\"Windows\",\"hyperVGeneration\":\"V2\",\"supportedCapabilities\":{\"architecture\":\"x64\"},\"creationData\":{\"createOption\":\"FromImage\",\"imageReference\":{\"id\":\"/Subscriptions/00000000-0000-0000-0000-000000000000/Providers/Microsoft.Compute/Locations/westus/Publishers/MicrosoftWindowsServer/ArtifactTypes/VMImage/Offers/windows-cvm/Skus/2022-datacenter-cvm/Versions/20348.469.220106\"}},\"diskSizeGB\":16,\"diskIOPSReadWrite\":120,\"diskMBpsReadWrite\":25,\"encryption\":{\"type\":\"EncryptionAtRestWithPlatformKey\"},\"networkAccessPolicy\":\"AllowAll\",\"securityProfile\":{\"securityType\":\"ConfidentialVM_DiskEncryptedWithCustomerKey\",\"secureVMDiskEncryptionSetId\":\"/subscriptions/00000000-0000-0000-0000-000000000000/resourceGroups/cli_test_confidential_disk_encryption_set_000001/providers/Microsoft.Compute/diskEncryptionSets/des-000004\"},\"publicNetworkAccess\":\"Enabled\",\"timeCreated\":\"2023-02-15T14:40:19.7804206+00:00\",\"provisioningState\":\"Succeeded\",\"diskState\":\"Unattached\",\"diskSizeBytes\":17181966336,\"uniqueId\":\"821648b3-72f4-4357-8c29-0c688de5f68e\",\"tier\":\"P3\"}}\r\n
        \ },\r\n  \"name\": \"b6329cda-d164-4c0c-a471-70b1fb9abe34\"\r\n}"
    headers:
      cache-control:
      - no-cache
      content-length:
      - '1587'
      content-type:
      - application/json; charset=utf-8
      date:
      - Wed, 15 Feb 2023 14:42:05 GMT
      expires:
      - '-1'
      pragma:
      - no-cache
      server:
      - Microsoft-HTTPAPI/2.0
      - Microsoft-HTTPAPI/2.0
      strict-transport-security:
      - max-age=31536000; includeSubDomains
      transfer-encoding:
      - chunked
      vary:
      - Accept-Encoding
      x-content-type-options:
      - nosniff
      x-ms-ratelimit-remaining-resource:
      - Microsoft.Compute/GetOperation3Min;49976,Microsoft.Compute/GetOperation30Min;399892
    status:
      code: 200
      message: OK
- request:
    body: null
    headers:
      Accept:
      - '*/*'
      Accept-Encoding:
      - gzip, deflate
      CommandName:
      - disk create
      Connection:
      - keep-alive
      ParameterSetName:
      - -g -n --security-type --hyper-v-generation --secure-vm-disk-encryption-set
        --image-reference
      User-Agent:
      - AZURECLI/2.45.0 azsdk-python-azure-mgmt-compute/29.1.0 Python/3.10.6 (Linux-5.10.102.1-microsoft-standard-WSL2-x86_64-with-glibc2.35)
    method: GET
    uri: https://management.azure.com/subscriptions/00000000-0000-0000-0000-000000000000/resourceGroups/cli_test_confidential_disk_encryption_set_000001/providers/Microsoft.Compute/disks/d1-000005?api-version=2022-07-02
  response:
    body:
      string: "{\r\n  \"name\": \"d1-000005\",\r\n  \"id\": \"/subscriptions/00000000-0000-0000-0000-000000000000/resourceGroups/cli_test_confidential_disk_encryption_set_000001/providers/Microsoft.Compute/disks/d1-000005\",\r\n
        \ \"type\": \"Microsoft.Compute/disks\",\r\n  \"location\": \"westus\",\r\n
        \ \"tags\": {},\r\n  \"sku\": {\r\n    \"name\": \"Premium_LRS\",\r\n    \"tier\":
        \"Premium\"\r\n  },\r\n  \"properties\": {\r\n    \"osType\": \"Windows\",\r\n
        \   \"hyperVGeneration\": \"V2\",\r\n    \"supportedCapabilities\": {\r\n
        \     \"architecture\": \"x64\"\r\n    },\r\n    \"creationData\": {\r\n      \"createOption\":
        \"FromImage\",\r\n      \"imageReference\": {\r\n        \"id\": \"/Subscriptions/00000000-0000-0000-0000-000000000000/Providers/Microsoft.Compute/Locations/westus/Publishers/MicrosoftWindowsServer/ArtifactTypes/VMImage/Offers/windows-cvm/Skus/2022-datacenter-cvm/Versions/20348.469.220106\"\r\n
        \     }\r\n    },\r\n    \"diskSizeGB\": 16,\r\n    \"diskIOPSReadWrite\":
        120,\r\n    \"diskMBpsReadWrite\": 25,\r\n    \"encryption\": {\r\n      \"type\":
        \"EncryptionAtRestWithPlatformKey\"\r\n    },\r\n    \"networkAccessPolicy\":
        \"AllowAll\",\r\n    \"securityProfile\": {\r\n      \"securityType\": \"ConfidentialVM_DiskEncryptedWithCustomerKey\",\r\n
        \     \"secureVMDiskEncryptionSetId\": \"/subscriptions/00000000-0000-0000-0000-000000000000/resourceGroups/cli_test_confidential_disk_encryption_set_000001/providers/Microsoft.Compute/diskEncryptionSets/des-000004\"\r\n
        \   },\r\n    \"publicNetworkAccess\": \"Enabled\",\r\n    \"timeCreated\":
        \"2023-02-15T14:40:19.7804206+00:00\",\r\n    \"provisioningState\": \"Succeeded\",\r\n
        \   \"diskState\": \"Unattached\",\r\n    \"diskSizeBytes\": 17181966336,\r\n
        \   \"uniqueId\": \"821648b3-72f4-4357-8c29-0c688de5f68e\",\r\n    \"tier\":
        \"P3\"\r\n  }\r\n}"
    headers:
      cache-control:
      - no-cache
      content-length:
      - '1637'
      content-type:
      - application/json; charset=utf-8
      date:
      - Wed, 15 Feb 2023 14:42:06 GMT
      expires:
      - '-1'
      pragma:
      - no-cache
      server:
      - Microsoft-HTTPAPI/2.0
      - Microsoft-HTTPAPI/2.0
      strict-transport-security:
      - max-age=31536000; includeSubDomains
      transfer-encoding:
      - chunked
      vary:
      - Accept-Encoding
      x-content-type-options:
      - nosniff
      x-ms-ratelimit-remaining-resource:
      - Microsoft.Compute/LowCostGet3Min;14994,Microsoft.Compute/LowCostGet30Min;119948
    status:
      code: 200
      message: OK
- request:
    body: null
    headers:
      Accept:
      - application/json
      Accept-Encoding:
      - gzip, deflate
      CommandName:
      - disk create
      Connection:
      - keep-alive
      ParameterSetName:
      - -g -n --security-type --hyper-v-generation --secure-vm-disk-encryption-set
        --image-reference
      User-Agent:
      - AZURECLI/2.45.0 azsdk-python-azure-mgmt-resource/21.1.0b1 Python/3.10.6 (Linux-5.10.102.1-microsoft-standard-WSL2-x86_64-with-glibc2.35)
    method: GET
    uri: https://management.azure.com/subscriptions/00000000-0000-0000-0000-000000000000/resourcegroups/cli_test_confidential_disk_encryption_set_000001?api-version=2021-04-01
  response:
    body:
      string: '{"id":"/subscriptions/00000000-0000-0000-0000-000000000000/resourceGroups/cli_test_confidential_disk_encryption_set_000001","name":"cli_test_confidential_disk_encryption_set_000001","type":"Microsoft.Resources/resourceGroups","location":"westus","tags":{"product":"azurecli","cause":"automation","date":"2023-02-15T14:38:04Z"},"properties":{"provisioningState":"Succeeded"}}'
    headers:
      cache-control:
      - no-cache
      content-length:
      - '374'
      content-type:
      - application/json; charset=utf-8
      date:
      - Wed, 15 Feb 2023 14:42:06 GMT
      expires:
      - '-1'
      pragma:
      - no-cache
      strict-transport-security:
      - max-age=31536000; includeSubDomains
      vary:
      - Accept-Encoding
      x-content-type-options:
      - nosniff
    status:
      code: 200
      message: OK
- request:
    body: null
    headers:
      Accept:
      - application/json
      Accept-Encoding:
      - gzip, deflate
      CommandName:
      - disk create
      Connection:
      - keep-alive
      ParameterSetName:
      - -g -n --security-type --hyper-v-generation --secure-vm-disk-encryption-set
        --image-reference
      User-Agent:
      - AZURECLI/2.45.0 azsdk-python-azure-mgmt-compute/29.1.0 Python/3.10.6 (Linux-5.10.102.1-microsoft-standard-WSL2-x86_64-with-glibc2.35)
    method: GET
    uri: https://management.azure.com/subscriptions/00000000-0000-0000-0000-000000000000/providers/Microsoft.Compute/locations/westus/publishers/MicrosoftWindowsServer/artifacttypes/vmimage/offers/windows-cvm/skus/2022-datacenter-cvm/versions?$top=1&$orderby=name%20desc&api-version=2022-11-01
  response:
    body:
      string: "[\r\n  {\r\n    \"location\": \"westus\",\r\n    \"name\": \"20348.469.220106\",\r\n
        \   \"id\": \"/Subscriptions/00000000-0000-0000-0000-000000000000/Providers/Microsoft.Compute/Locations/westus/Publishers/MicrosoftWindowsServer/ArtifactTypes/VMImage/Offers/windows-cvm/Skus/2022-datacenter-cvm/Versions/20348.469.220106\"\r\n
        \ }\r\n]"
    headers:
      cache-control:
      - no-cache
      content-length:
      - '310'
      content-type:
      - application/json; charset=utf-8
      date:
      - Wed, 15 Feb 2023 14:42:08 GMT
      expires:
      - '-1'
      pragma:
      - no-cache
      server:
      - Microsoft-HTTPAPI/2.0
      - Microsoft-HTTPAPI/2.0
      strict-transport-security:
      - max-age=31536000; includeSubDomains
      transfer-encoding:
      - chunked
      vary:
      - Accept-Encoding
      x-content-type-options:
      - nosniff
      x-ms-ratelimit-remaining-resource:
      - Microsoft.Compute/ListVMImagesVersionsFromLocation3Min;15998,Microsoft.Compute/ListVMImagesVersionsFromLocation30Min;43992
    status:
      code: 200
      message: OK
- request:
    body: null
    headers:
      Accept:
      - application/json
      Accept-Encoding:
      - gzip, deflate
      CommandName:
      - disk create
      Connection:
      - keep-alive
      ParameterSetName:
      - -g -n --security-type --hyper-v-generation --secure-vm-disk-encryption-set
        --image-reference
      User-Agent:
      - AZURECLI/2.45.0 azsdk-python-azure-mgmt-compute/29.1.0 Python/3.10.6 (Linux-5.10.102.1-microsoft-standard-WSL2-x86_64-with-glibc2.35)
    method: GET
    uri: https://management.azure.com/subscriptions/00000000-0000-0000-0000-000000000000/providers/Microsoft.Compute/locations/westus/publishers/MicrosoftWindowsServer/artifacttypes/vmimage/offers/windows-cvm/skus/2022-datacenter-cvm/versions/20348.469.220106?api-version=2022-11-01
  response:
    body:
      string: "{\r\n  \"properties\": {\r\n    \"hyperVGeneration\": \"V2\",\r\n    \"architecture\":
        \"x64\",\r\n    \"replicaType\": \"Managed\",\r\n    \"replicaCount\": 10,\r\n
        \   \"disallowed\": {\r\n      \"vmDiskType\": \"Unmanaged\"\r\n    },\r\n
        \   \"automaticOSUpgradeProperties\": {\r\n      \"automaticOSUpgradeSupported\":
        false\r\n    },\r\n    \"imageDeprecationStatus\": {\r\n      \"imageState\":
        \"Active\"\r\n    },\r\n    \"features\": [\r\n      {\r\n        \"name\":
        \"SecurityType\",\r\n        \"value\": \"TrustedLaunchAndConfidentialVmSupported\"\r\n
        \     }\r\n    ],\r\n    \"osDiskImage\": {\r\n      \"operatingSystem\":
        \"Windows\",\r\n      \"sizeInGb\": 16\r\n    },\r\n    \"dataDiskImages\":
        []\r\n  },\r\n  \"location\": \"westus\",\r\n  \"name\": \"20348.469.220106\",\r\n
        \ \"id\": \"/Subscriptions/00000000-0000-0000-0000-000000000000/Providers/Microsoft.Compute/Locations/westus/Publishers/MicrosoftWindowsServer/ArtifactTypes/VMImage/Offers/windows-cvm/Skus/2022-datacenter-cvm/Versions/20348.469.220106\"\r\n}"
    headers:
      cache-control:
      - no-cache
      content-length:
      - '911'
      content-type:
      - application/json; charset=utf-8
      date:
      - Wed, 15 Feb 2023 14:42:09 GMT
      expires:
      - '-1'
      pragma:
      - no-cache
      server:
      - Microsoft-HTTPAPI/2.0
      - Microsoft-HTTPAPI/2.0
      strict-transport-security:
      - max-age=31536000; includeSubDomains
      transfer-encoding:
      - chunked
      vary:
      - Accept-Encoding
      x-content-type-options:
      - nosniff
      x-ms-ratelimit-remaining-resource:
      - Microsoft.Compute/GetVMImageFromLocation3Min;12997,Microsoft.Compute/GetVMImageFromLocation30Min;73989
    status:
      code: 200
      message: OK
- request:
    body: '{"location": "westus", "tags": {}, "sku": {"name": "Premium_LRS"}, "properties":
      {"hyperVGeneration": "V2", "creationData": {"createOption": "FromImage", "imageReference":
      {"id": "/Subscriptions/00000000-0000-0000-0000-000000000000/Providers/Microsoft.Compute/Locations/westus/Publishers/MicrosoftWindowsServer/ArtifactTypes/VMImage/Offers/windows-cvm/Skus/2022-datacenter-cvm/Versions/20348.469.220106"}},
      "securityProfile": {"securityType": "ConfidentialVM_DiskEncryptedWithCustomerKey",
      "secureVMDiskEncryptionSetId": "/subscriptions/00000000-0000-0000-0000-000000000000/resourceGroups/cli_test_confidential_disk_encryption_set_000001/providers/Microsoft.Compute/diskEncryptionSets/des-000004"}}}'
    headers:
      Accept:
      - application/json
      Accept-Encoding:
      - gzip, deflate
      CommandName:
      - disk create
      Connection:
      - keep-alive
      Content-Length:
      - '699'
      Content-Type:
      - application/json
      ParameterSetName:
      - -g -n --security-type --hyper-v-generation --secure-vm-disk-encryption-set
        --image-reference
      User-Agent:
      - AZURECLI/2.45.0 azsdk-python-azure-mgmt-compute/29.1.0 Python/3.10.6 (Linux-5.10.102.1-microsoft-standard-WSL2-x86_64-with-glibc2.35)
    method: PUT
    uri: https://management.azure.com/subscriptions/00000000-0000-0000-0000-000000000000/resourceGroups/cli_test_confidential_disk_encryption_set_000001/providers/Microsoft.Compute/disks/d2-000006?api-version=2022-07-02
  response:
    body:
      string: "{\r\n  \"name\": \"d2-000006\",\r\n  \"id\": \"/subscriptions/00000000-0000-0000-0000-000000000000/resourceGroups/cli_test_confidential_disk_encryption_set_000001/providers/Microsoft.Compute/disks/d2-000006\",\r\n
        \ \"type\": \"Microsoft.Compute/disks\",\r\n  \"location\": \"westus\",\r\n
        \ \"tags\": {},\r\n  \"sku\": {\r\n    \"name\": \"Premium_LRS\"\r\n  },\r\n
        \ \"properties\": {\r\n    \"hyperVGeneration\": \"V2\",\r\n    \"creationData\":
        {\r\n      \"createOption\": \"FromImage\",\r\n      \"imageReference\": {\r\n
        \       \"id\": \"/Subscriptions/00000000-0000-0000-0000-000000000000/Providers/Microsoft.Compute/Locations/westus/Publishers/MicrosoftWindowsServer/ArtifactTypes/VMImage/Offers/windows-cvm/Skus/2022-datacenter-cvm/Versions/20348.469.220106\"\r\n
        \     }\r\n    },\r\n    \"securityProfile\": {\r\n      \"securityType\":
        \"ConfidentialVM_DiskEncryptedWithCustomerKey\",\r\n      \"secureVMDiskEncryptionSetId\":
        \"/subscriptions/00000000-0000-0000-0000-000000000000/resourceGroups/cli_test_confidential_disk_encryption_set_000001/providers/Microsoft.Compute/diskEncryptionSets/des-000004\"\r\n
        \   },\r\n    \"provisioningState\": \"Updating\"\r\n  }\r\n}"
    headers:
      azure-asyncoperation:
      - https://management.azure.com/subscriptions/00000000-0000-0000-0000-000000000000/providers/Microsoft.Compute/locations/westus/DiskOperations/9f72a947-7e55-4e2a-b560-4006ce94b65c?p=42128af7-4c72-4222-9761-fb0d8e6cebdc&api-version=2022-07-02
      cache-control:
      - no-cache
      content-length:
      - '1076'
      content-type:
      - application/json; charset=utf-8
      date:
      - Wed, 15 Feb 2023 14:42:14 GMT
      expires:
      - '-1'
      location:
      - https://management.azure.com/subscriptions/00000000-0000-0000-0000-000000000000/providers/Microsoft.Compute/locations/westus/DiskOperations/9f72a947-7e55-4e2a-b560-4006ce94b65c?p=42128af7-4c72-4222-9761-fb0d8e6cebdc&monitor=true&api-version=2022-07-02
      pragma:
      - no-cache
      server:
      - Microsoft-HTTPAPI/2.0
      - Microsoft-HTTPAPI/2.0
      strict-transport-security:
      - max-age=31536000; includeSubDomains
      x-content-type-options:
      - nosniff
      x-ms-ratelimit-remaining-resource:
      - Microsoft.Compute/CreateUpdateDisks3Min;997,Microsoft.Compute/CreateUpdateDisks30Min;7994
      x-ms-ratelimit-remaining-subscription-writes:
      - '1196'
    status:
      code: 202
      message: Accepted
- request:
    body: null
    headers:
      Accept:
      - '*/*'
      Accept-Encoding:
      - gzip, deflate
      CommandName:
      - disk create
      Connection:
      - keep-alive
      ParameterSetName:
      - -g -n --security-type --hyper-v-generation --secure-vm-disk-encryption-set
        --image-reference
      User-Agent:
      - AZURECLI/2.45.0 azsdk-python-azure-mgmt-compute/29.1.0 Python/3.10.6 (Linux-5.10.102.1-microsoft-standard-WSL2-x86_64-with-glibc2.35)
    method: GET
    uri: https://management.azure.com/subscriptions/00000000-0000-0000-0000-000000000000/providers/Microsoft.Compute/locations/westus/DiskOperations/9f72a947-7e55-4e2a-b560-4006ce94b65c?p=42128af7-4c72-4222-9761-fb0d8e6cebdc&api-version=2022-07-02
  response:
    body:
      string: "{\r\n  \"startTime\": \"2023-02-15T14:42:14.1402425+00:00\",\r\n  \"status\":
        \"InProgress\",\r\n  \"name\": \"9f72a947-7e55-4e2a-b560-4006ce94b65c\"\r\n}"
    headers:
      cache-control:
      - no-cache
      content-length:
      - '134'
      content-type:
      - application/json; charset=utf-8
      date:
      - Wed, 15 Feb 2023 14:42:16 GMT
      expires:
      - '-1'
      pragma:
      - no-cache
      server:
      - Microsoft-HTTPAPI/2.0
      - Microsoft-HTTPAPI/2.0
      strict-transport-security:
      - max-age=31536000; includeSubDomains
      transfer-encoding:
      - chunked
      vary:
      - Accept-Encoding
      x-content-type-options:
      - nosniff
      x-ms-ratelimit-remaining-resource:
      - Microsoft.Compute/GetOperation3Min;49973,Microsoft.Compute/GetOperation30Min;399889
    status:
      code: 200
      message: OK
- request:
    body: null
    headers:
      Accept:
      - '*/*'
      Accept-Encoding:
      - gzip, deflate
      CommandName:
      - disk create
      Connection:
      - keep-alive
      ParameterSetName:
      - -g -n --security-type --hyper-v-generation --secure-vm-disk-encryption-set
        --image-reference
      User-Agent:
      - AZURECLI/2.45.0 azsdk-python-azure-mgmt-compute/29.1.0 Python/3.10.6 (Linux-5.10.102.1-microsoft-standard-WSL2-x86_64-with-glibc2.35)
    method: GET
    uri: https://management.azure.com/subscriptions/00000000-0000-0000-0000-000000000000/providers/Microsoft.Compute/locations/westus/DiskOperations/9f72a947-7e55-4e2a-b560-4006ce94b65c?p=42128af7-4c72-4222-9761-fb0d8e6cebdc&api-version=2022-07-02
  response:
    body:
      string: "{\r\n  \"startTime\": \"2023-02-15T14:42:14.1402425+00:00\",\r\n  \"status\":
        \"InProgress\",\r\n  \"name\": \"9f72a947-7e55-4e2a-b560-4006ce94b65c\"\r\n}"
    headers:
      cache-control:
      - no-cache
      content-length:
      - '134'
      content-type:
      - application/json; charset=utf-8
      date:
      - Wed, 15 Feb 2023 14:42:26 GMT
      expires:
      - '-1'
      pragma:
      - no-cache
      server:
      - Microsoft-HTTPAPI/2.0
      - Microsoft-HTTPAPI/2.0
      strict-transport-security:
      - max-age=31536000; includeSubDomains
      transfer-encoding:
      - chunked
      vary:
      - Accept-Encoding
      x-content-type-options:
      - nosniff
      x-ms-ratelimit-remaining-resource:
      - Microsoft.Compute/GetOperation3Min;49971,Microsoft.Compute/GetOperation30Min;399887
    status:
      code: 200
      message: OK
- request:
    body: null
    headers:
      Accept:
      - '*/*'
      Accept-Encoding:
      - gzip, deflate
      CommandName:
      - disk create
      Connection:
      - keep-alive
      ParameterSetName:
      - -g -n --security-type --hyper-v-generation --secure-vm-disk-encryption-set
        --image-reference
      User-Agent:
      - AZURECLI/2.45.0 azsdk-python-azure-mgmt-compute/29.1.0 Python/3.10.6 (Linux-5.10.102.1-microsoft-standard-WSL2-x86_64-with-glibc2.35)
    method: GET
    uri: https://management.azure.com/subscriptions/00000000-0000-0000-0000-000000000000/providers/Microsoft.Compute/locations/westus/DiskOperations/9f72a947-7e55-4e2a-b560-4006ce94b65c?p=42128af7-4c72-4222-9761-fb0d8e6cebdc&api-version=2022-07-02
  response:
    body:
      string: "{\r\n  \"startTime\": \"2023-02-15T14:42:14.1402425+00:00\",\r\n  \"status\":
        \"InProgress\",\r\n  \"name\": \"9f72a947-7e55-4e2a-b560-4006ce94b65c\"\r\n}"
    headers:
      cache-control:
      - no-cache
      content-length:
      - '134'
      content-type:
      - application/json; charset=utf-8
      date:
      - Wed, 15 Feb 2023 14:42:56 GMT
      expires:
      - '-1'
      pragma:
      - no-cache
      server:
      - Microsoft-HTTPAPI/2.0
      - Microsoft-HTTPAPI/2.0
      strict-transport-security:
      - max-age=31536000; includeSubDomains
      transfer-encoding:
      - chunked
      vary:
      - Accept-Encoding
      x-content-type-options:
      - nosniff
      x-ms-ratelimit-remaining-resource:
      - Microsoft.Compute/GetOperation3Min;49973,Microsoft.Compute/GetOperation30Min;399884
    status:
      code: 200
      message: OK
- request:
    body: null
    headers:
      Accept:
      - '*/*'
      Accept-Encoding:
      - gzip, deflate
      CommandName:
      - disk create
      Connection:
      - keep-alive
      ParameterSetName:
      - -g -n --security-type --hyper-v-generation --secure-vm-disk-encryption-set
        --image-reference
      User-Agent:
      - AZURECLI/2.45.0 azsdk-python-azure-mgmt-compute/29.1.0 Python/3.10.6 (Linux-5.10.102.1-microsoft-standard-WSL2-x86_64-with-glibc2.35)
    method: GET
    uri: https://management.azure.com/subscriptions/00000000-0000-0000-0000-000000000000/providers/Microsoft.Compute/locations/westus/DiskOperations/9f72a947-7e55-4e2a-b560-4006ce94b65c?p=42128af7-4c72-4222-9761-fb0d8e6cebdc&api-version=2022-07-02
  response:
    body:
      string: "{\r\n  \"startTime\": \"2023-02-15T14:42:14.1402425+00:00\",\r\n  \"status\":
        \"InProgress\",\r\n  \"name\": \"9f72a947-7e55-4e2a-b560-4006ce94b65c\"\r\n}"
    headers:
      cache-control:
      - no-cache
      content-length:
      - '134'
      content-type:
      - application/json; charset=utf-8
      date:
      - Wed, 15 Feb 2023 14:43:27 GMT
      expires:
      - '-1'
      pragma:
      - no-cache
      server:
      - Microsoft-HTTPAPI/2.0
      - Microsoft-HTTPAPI/2.0
      strict-transport-security:
      - max-age=31536000; includeSubDomains
      transfer-encoding:
      - chunked
      vary:
      - Accept-Encoding
      x-content-type-options:
      - nosniff
      x-ms-ratelimit-remaining-resource:
      - Microsoft.Compute/GetOperation3Min;49972,Microsoft.Compute/GetOperation30Min;399879
    status:
      code: 200
      message: OK
- request:
    body: null
    headers:
      Accept:
      - '*/*'
      Accept-Encoding:
      - gzip, deflate
      CommandName:
      - disk create
      Connection:
      - keep-alive
      ParameterSetName:
      - -g -n --security-type --hyper-v-generation --secure-vm-disk-encryption-set
        --image-reference
      User-Agent:
      - AZURECLI/2.45.0 azsdk-python-azure-mgmt-compute/29.1.0 Python/3.10.6 (Linux-5.10.102.1-microsoft-standard-WSL2-x86_64-with-glibc2.35)
    method: GET
    uri: https://management.azure.com/subscriptions/00000000-0000-0000-0000-000000000000/providers/Microsoft.Compute/locations/westus/DiskOperations/9f72a947-7e55-4e2a-b560-4006ce94b65c?p=42128af7-4c72-4222-9761-fb0d8e6cebdc&api-version=2022-07-02
  response:
    body:
      string: "{\r\n  \"startTime\": \"2023-02-15T14:42:14.1402425+00:00\",\r\n  \"endTime\":
        \"2023-02-15T14:43:30.1897133+00:00\",\r\n  \"status\": \"Succeeded\",\r\n
        \ \"properties\": {\r\n    \"output\": {\"name\":\"d2-000006\",\"id\":\"/subscriptions/00000000-0000-0000-0000-000000000000/resourceGroups/cli_test_confidential_disk_encryption_set_000001/providers/Microsoft.Compute/disks/d2-000006\",\"type\":\"Microsoft.Compute/disks\",\"location\":\"westus\",\"tags\":{},\"sku\":{\"name\":\"Premium_LRS\",\"tier\":\"Premium\"},\"properties\":{\"osType\":\"Windows\",\"hyperVGeneration\":\"V2\",\"supportedCapabilities\":{\"architecture\":\"x64\"},\"creationData\":{\"createOption\":\"FromImage\",\"imageReference\":{\"id\":\"/Subscriptions/00000000-0000-0000-0000-000000000000/Providers/Microsoft.Compute/Locations/westus/Publishers/MicrosoftWindowsServer/ArtifactTypes/VMImage/Offers/windows-cvm/Skus/2022-datacenter-cvm/Versions/20348.469.220106\"}},\"diskSizeGB\":16,\"diskIOPSReadWrite\":120,\"diskMBpsReadWrite\":25,\"encryption\":{\"type\":\"EncryptionAtRestWithPlatformKey\"},\"networkAccessPolicy\":\"AllowAll\",\"securityProfile\":{\"securityType\":\"ConfidentialVM_DiskEncryptedWithCustomerKey\",\"secureVMDiskEncryptionSetId\":\"/subscriptions/00000000-0000-0000-0000-000000000000/resourceGroups/cli_test_confidential_disk_encryption_set_000001/providers/Microsoft.Compute/diskEncryptionSets/des-000004\"},\"publicNetworkAccess\":\"Enabled\",\"timeCreated\":\"2023-02-15T14:42:14.1402425+00:00\",\"provisioningState\":\"Succeeded\",\"diskState\":\"Unattached\",\"diskSizeBytes\":17181966336,\"uniqueId\":\"a58bcbae-bec4-4081-b47b-0c2274af4203\",\"tier\":\"P3\"}}\r\n
        \ },\r\n  \"name\": \"9f72a947-7e55-4e2a-b560-4006ce94b65c\"\r\n}"
    headers:
      cache-control:
      - no-cache
      content-length:
      - '1587'
      content-type:
      - application/json; charset=utf-8
      date:
      - Wed, 15 Feb 2023 14:43:57 GMT
      expires:
      - '-1'
      pragma:
      - no-cache
      server:
      - Microsoft-HTTPAPI/2.0
      - Microsoft-HTTPAPI/2.0
      strict-transport-security:
      - max-age=31536000; includeSubDomains
      transfer-encoding:
      - chunked
      vary:
      - Accept-Encoding
      x-content-type-options:
      - nosniff
      x-ms-ratelimit-remaining-resource:
      - Microsoft.Compute/GetOperation3Min;49973,Microsoft.Compute/GetOperation30Min;399875
    status:
      code: 200
      message: OK
- request:
    body: null
    headers:
      Accept:
      - '*/*'
      Accept-Encoding:
      - gzip, deflate
      CommandName:
      - disk create
      Connection:
      - keep-alive
      ParameterSetName:
      - -g -n --security-type --hyper-v-generation --secure-vm-disk-encryption-set
        --image-reference
      User-Agent:
      - AZURECLI/2.45.0 azsdk-python-azure-mgmt-compute/29.1.0 Python/3.10.6 (Linux-5.10.102.1-microsoft-standard-WSL2-x86_64-with-glibc2.35)
    method: GET
    uri: https://management.azure.com/subscriptions/00000000-0000-0000-0000-000000000000/resourceGroups/cli_test_confidential_disk_encryption_set_000001/providers/Microsoft.Compute/disks/d2-000006?api-version=2022-07-02
  response:
    body:
      string: "{\r\n  \"name\": \"d2-000006\",\r\n  \"id\": \"/subscriptions/00000000-0000-0000-0000-000000000000/resourceGroups/cli_test_confidential_disk_encryption_set_000001/providers/Microsoft.Compute/disks/d2-000006\",\r\n
        \ \"type\": \"Microsoft.Compute/disks\",\r\n  \"location\": \"westus\",\r\n
        \ \"tags\": {},\r\n  \"sku\": {\r\n    \"name\": \"Premium_LRS\",\r\n    \"tier\":
        \"Premium\"\r\n  },\r\n  \"properties\": {\r\n    \"osType\": \"Windows\",\r\n
        \   \"hyperVGeneration\": \"V2\",\r\n    \"supportedCapabilities\": {\r\n
        \     \"architecture\": \"x64\"\r\n    },\r\n    \"creationData\": {\r\n      \"createOption\":
        \"FromImage\",\r\n      \"imageReference\": {\r\n        \"id\": \"/Subscriptions/00000000-0000-0000-0000-000000000000/Providers/Microsoft.Compute/Locations/westus/Publishers/MicrosoftWindowsServer/ArtifactTypes/VMImage/Offers/windows-cvm/Skus/2022-datacenter-cvm/Versions/20348.469.220106\"\r\n
        \     }\r\n    },\r\n    \"diskSizeGB\": 16,\r\n    \"diskIOPSReadWrite\":
        120,\r\n    \"diskMBpsReadWrite\": 25,\r\n    \"encryption\": {\r\n      \"type\":
        \"EncryptionAtRestWithPlatformKey\"\r\n    },\r\n    \"networkAccessPolicy\":
        \"AllowAll\",\r\n    \"securityProfile\": {\r\n      \"securityType\": \"ConfidentialVM_DiskEncryptedWithCustomerKey\",\r\n
        \     \"secureVMDiskEncryptionSetId\": \"/subscriptions/00000000-0000-0000-0000-000000000000/resourceGroups/cli_test_confidential_disk_encryption_set_000001/providers/Microsoft.Compute/diskEncryptionSets/des-000004\"\r\n
        \   },\r\n    \"publicNetworkAccess\": \"Enabled\",\r\n    \"timeCreated\":
        \"2023-02-15T14:42:14.1402425+00:00\",\r\n    \"provisioningState\": \"Succeeded\",\r\n
        \   \"diskState\": \"Unattached\",\r\n    \"diskSizeBytes\": 17181966336,\r\n
        \   \"uniqueId\": \"a58bcbae-bec4-4081-b47b-0c2274af4203\",\r\n    \"tier\":
        \"P3\"\r\n  }\r\n}"
    headers:
      cache-control:
      - no-cache
      content-length:
      - '1637'
      content-type:
      - application/json; charset=utf-8
      date:
      - Wed, 15 Feb 2023 14:43:58 GMT
      expires:
      - '-1'
      pragma:
      - no-cache
      server:
      - Microsoft-HTTPAPI/2.0
      - Microsoft-HTTPAPI/2.0
      strict-transport-security:
      - max-age=31536000; includeSubDomains
      transfer-encoding:
      - chunked
      vary:
      - Accept-Encoding
      x-content-type-options:
      - nosniff
      x-ms-ratelimit-remaining-resource:
      - Microsoft.Compute/LowCostGet3Min;14991,Microsoft.Compute/LowCostGet30Min;119942
    status:
      code: 200
      message: OK
version: 1
