interactions:
- request:
    body: null
    headers:
      Accept:
      - application/json
      Accept-Encoding:
      - gzip, deflate
      CommandName:
      - sig create
      Connection:
      - keep-alive
      ParameterSetName:
      - -g --gallery-name
      User-Agent:
      - AZURECLI/2.44.1 azsdk-python-azure-mgmt-resource/21.1.0b1 Python/3.10.9 (Windows-10-10.0.22621-SP0)
    method: GET
    uri: https://management.azure.com/subscriptions/00000000-0000-0000-0000-000000000000/resourcegroups/cli_test_image_update_add_set_000001?api-version=2021-04-01
  response:
    body:
      string: '{"id":"/subscriptions/00000000-0000-0000-0000-000000000000/resourceGroups/cli_test_image_update_add_set_000001","name":"cli_test_image_update_add_set_000001","type":"Microsoft.Resources/resourceGroups","location":"westus","tags":{"product":"azurecli","cause":"automation","date":"2023-01-28T04:07:26Z"},"properties":{"provisioningState":"Succeeded"}}'
    headers:
      cache-control:
      - no-cache
      content-length:
      - '350'
      content-type:
      - application/json; charset=utf-8
      date:
      - Sat, 28 Jan 2023 04:07:32 GMT
      expires:
      - '-1'
      pragma:
      - no-cache
      strict-transport-security:
      - max-age=31536000; includeSubDomains
      vary:
      - Accept-Encoding
      x-content-type-options:
      - nosniff
    status:
      code: 200
      message: OK
- request:
    body: '{"location": "westus", "tags": {}}'
    headers:
      Accept:
      - application/json
      Accept-Encoding:
      - gzip, deflate
      CommandName:
      - sig create
      Connection:
      - keep-alive
      Content-Length:
      - '34'
      Content-Type:
      - application/json
      ParameterSetName:
      - -g --gallery-name
      User-Agent:
      - AZURECLI/2.44.1 azsdk-python-azure-mgmt-compute/29.1.0 Python/3.10.9 (Windows-10-10.0.22621-SP0)
    method: PUT
    uri: https://management.azure.com/subscriptions/00000000-0000-0000-0000-000000000000/resourceGroups/cli_test_image_update_add_set_000001/providers/Microsoft.Compute/galleries/gallery_000002?api-version=2021-10-01
  response:
    body:
      string: "{\r\n  \"name\": \"gallery_000002\",\r\n  \"id\": \"/subscriptions/00000000-0000-0000-0000-000000000000/resourceGroups/cli_test_image_update_add_set_000001/providers/Microsoft.Compute/galleries/gallery_000002\"\
        ,\r\n  \"type\": \"Microsoft.Compute/galleries\",\r\n  \"location\": \"westus\"\
        ,\r\n  \"tags\": {},\r\n  \"properties\": {\r\n    \"identifier\": {\r\n \
        \     \"uniqueName\": \"0b1f6471-1bf0-4dda-aec3-cb9272f09590-GALLERY_LC3Y4I2LC6DW\"\
        \r\n    },\r\n    \"provisioningState\": \"Creating\"\r\n  }\r\n}"
    headers:
      azure-asyncoperation:
      - https://management.azure.com/subscriptions/00000000-0000-0000-0000-000000000000/providers/Microsoft.Compute/locations/westus/capsOperations/153823b4-d306-4d06-b31d-2a62a952e3e0?api-version=2021-10-01
      cache-control:
      - no-cache
      content-length:
      - '455'
      content-type:
      - application/json; charset=utf-8
      date:
      - Sat, 28 Jan 2023 04:07:35 GMT
      expires:
      - '-1'
      pragma:
      - no-cache
      server:
      - Microsoft-HTTPAPI/2.0
      - Microsoft-HTTPAPI/2.0
      strict-transport-security:
      - max-age=31536000; includeSubDomains
      x-content-type-options:
      - nosniff
      x-ms-ratelimit-remaining-resource:
      - Microsoft.Compute/CreateUpdateGallery3Min;48,Microsoft.Compute/CreateUpdateGallery30Min;297
      x-ms-ratelimit-remaining-subscription-writes:
      - '1194'
    status:
      code: 201
      message: Created
- request:
    body: null
    headers:
      Accept:
      - '*/*'
      Accept-Encoding:
      - gzip, deflate
      CommandName:
      - sig create
      Connection:
      - keep-alive
      ParameterSetName:
      - -g --gallery-name
      User-Agent:
      - AZURECLI/2.44.1 azsdk-python-azure-mgmt-compute/29.1.0 Python/3.10.9 (Windows-10-10.0.22621-SP0)
    method: GET
    uri: https://management.azure.com/subscriptions/00000000-0000-0000-0000-000000000000/providers/Microsoft.Compute/locations/westus/capsOperations/153823b4-d306-4d06-b31d-2a62a952e3e0?api-version=2021-10-01
  response:
    body:
      string: "{\r\n  \"startTime\": \"2023-01-28T04:07:36.2199709+00:00\",\r\n  \"\
        endTime\": \"2023-01-28T04:07:36.4231006+00:00\",\r\n  \"status\": \"Succeeded\"\
        ,\r\n  \"name\": \"153823b4-d306-4d06-b31d-2a62a952e3e0\"\r\n}"
    headers:
      cache-control:
      - no-cache
      content-length:
      - '184'
      content-type:
      - application/json; charset=utf-8
      date:
      - Sat, 28 Jan 2023 04:08:06 GMT
      expires:
      - '-1'
      pragma:
      - no-cache
      server:
      - Microsoft-HTTPAPI/2.0
      - Microsoft-HTTPAPI/2.0
      strict-transport-security:
      - max-age=31536000; includeSubDomains
      transfer-encoding:
      - chunked
      vary:
      - Accept-Encoding
      x-content-type-options:
      - nosniff
      x-ms-ratelimit-remaining-resource:
      - Microsoft.Compute/GetOperationStatus3Min;1191,Microsoft.Compute/GetOperationStatus30Min;4176
    status:
      code: 200
      message: OK
- request:
    body: null
    headers:
      Accept:
      - '*/*'
      Accept-Encoding:
      - gzip, deflate
      CommandName:
      - sig create
      Connection:
      - keep-alive
      ParameterSetName:
      - -g --gallery-name
      User-Agent:
      - AZURECLI/2.44.1 azsdk-python-azure-mgmt-compute/29.1.0 Python/3.10.9 (Windows-10-10.0.22621-SP0)
    method: GET
    uri: https://management.azure.com/subscriptions/00000000-0000-0000-0000-000000000000/resourceGroups/cli_test_image_update_add_set_000001/providers/Microsoft.Compute/galleries/gallery_000002?api-version=2021-10-01
  response:
    body:
      string: "{\r\n  \"name\": \"gallery_000002\",\r\n  \"id\": \"/subscriptions/00000000-0000-0000-0000-000000000000/resourceGroups/cli_test_image_update_add_set_000001/providers/Microsoft.Compute/galleries/gallery_000002\"\
        ,\r\n  \"type\": \"Microsoft.Compute/galleries\",\r\n  \"location\": \"westus\"\
        ,\r\n  \"tags\": {},\r\n  \"properties\": {\r\n    \"identifier\": {\r\n \
        \     \"uniqueName\": \"0b1f6471-1bf0-4dda-aec3-cb9272f09590-GALLERY_LC3Y4I2LC6DW\"\
        \r\n    },\r\n    \"provisioningState\": \"Succeeded\"\r\n  }\r\n}"
    headers:
      cache-control:
      - no-cache
      content-length:
      - '456'
      content-type:
      - application/json; charset=utf-8
      date:
      - Sat, 28 Jan 2023 04:08:07 GMT
      expires:
      - '-1'
      pragma:
      - no-cache
      server:
      - Microsoft-HTTPAPI/2.0
      - Microsoft-HTTPAPI/2.0
      strict-transport-security:
      - max-age=31536000; includeSubDomains
      transfer-encoding:
      - chunked
      vary:
      - Accept-Encoding
      x-content-type-options:
      - nosniff
      x-ms-ratelimit-remaining-resource:
      - Microsoft.Compute/GetGallery3Min;344,Microsoft.Compute/GetGallery30Min;2486
    status:
      code: 200
      message: OK
- request:
    body: null
    headers:
      Accept:
      - application/json
      Accept-Encoding:
      - gzip, deflate
      CommandName:
      - sig image-definition create
      Connection:
      - keep-alive
      ParameterSetName:
      - -g --gallery-name --gallery-image-definition --os-type -p -f -s
      User-Agent:
      - AZURECLI/2.44.1 azsdk-python-azure-mgmt-resource/21.1.0b1 Python/3.10.9 (Windows-10-10.0.22621-SP0)
    method: GET
    uri: https://management.azure.com/subscriptions/00000000-0000-0000-0000-000000000000/resourcegroups/cli_test_image_update_add_set_000001?api-version=2021-04-01
  response:
    body:
      string: '{"id":"/subscriptions/00000000-0000-0000-0000-000000000000/resourceGroups/cli_test_image_update_add_set_000001","name":"cli_test_image_update_add_set_000001","type":"Microsoft.Resources/resourceGroups","location":"westus","tags":{"product":"azurecli","cause":"automation","date":"2023-01-28T04:07:26Z"},"properties":{"provisioningState":"Succeeded"}}'
    headers:
      cache-control:
      - no-cache
      content-length:
      - '350'
      content-type:
      - application/json; charset=utf-8
      date:
      - Sat, 28 Jan 2023 04:08:07 GMT
      expires:
      - '-1'
      pragma:
      - no-cache
      strict-transport-security:
      - max-age=31536000; includeSubDomains
      vary:
      - Accept-Encoding
      x-content-type-options:
      - nosniff
    status:
      code: 200
      message: OK
- request:
    body: '{"location": "westus", "tags": {}, "properties": {"osType": "Linux", "osState":
      "Generalized", "hyperVGeneration": "V1", "identifier": {"publisher": "publisher1",
      "offer": "offer1", "sku": "sku1"}, "disallowed": {}}}'
    headers:
      Accept:
      - application/json
      Accept-Encoding:
      - gzip, deflate
      CommandName:
      - sig image-definition create
      Connection:
      - keep-alive
      Content-Length:
      - '216'
      Content-Type:
      - application/json
      ParameterSetName:
      - -g --gallery-name --gallery-image-definition --os-type -p -f -s
      User-Agent:
      - AZURECLI/2.44.1 azsdk-python-azure-mgmt-compute/29.1.0 Python/3.10.9 (Windows-10-10.0.22621-SP0)
    method: PUT
    uri: https://management.azure.com/subscriptions/00000000-0000-0000-0000-000000000000/resourceGroups/cli_test_image_update_add_set_000001/providers/Microsoft.Compute/galleries/gallery_000002/images/image1?api-version=2021-10-01
  response:
    body:
      string: "{\r\n  \"name\": \"image1\",\r\n  \"id\": \"/subscriptions/00000000-0000-0000-0000-000000000000/resourceGroups/cli_test_image_update_add_set_000001/providers/Microsoft.Compute/galleries/gallery_000002/images/image1\"\
        ,\r\n  \"type\": \"Microsoft.Compute/galleries/images\",\r\n  \"location\"\
        : \"westus\",\r\n  \"tags\": {},\r\n  \"properties\": {\r\n    \"hyperVGeneration\"\
        : \"V1\",\r\n    \"architecture\": \"x64\",\r\n    \"osType\": \"Linux\",\r\
        \n    \"osState\": \"Generalized\",\r\n    \"identifier\": {\r\n      \"publisher\"\
        : \"publisher1\",\r\n      \"offer\": \"offer1\",\r\n      \"sku\": \"sku1\"\
        \r\n    },\r\n    \"provisioningState\": \"Creating\"\r\n  }\r\n}"
    headers:
      azure-asyncoperation:
      - https://management.azure.com/subscriptions/00000000-0000-0000-0000-000000000000/providers/Microsoft.Compute/locations/westus/capsOperations/773c5b5b-2d18-401c-8940-b83765ea97fa?api-version=2021-10-01
      cache-control:
      - no-cache
      content-length:
      - '582'
      content-type:
      - application/json; charset=utf-8
      date:
      - Sat, 28 Jan 2023 04:08:11 GMT
      expires:
      - '-1'
      pragma:
      - no-cache
      server:
      - Microsoft-HTTPAPI/2.0
      - Microsoft-HTTPAPI/2.0
      strict-transport-security:
      - max-age=31536000; includeSubDomains
      x-content-type-options:
      - nosniff
      x-ms-ratelimit-remaining-resource:
      - Microsoft.Compute/CreateUpdateGalleryImage3Min;148,Microsoft.Compute/CreateUpdateGalleryImage30Min;747
      x-ms-ratelimit-remaining-subscription-writes:
      - '1197'
    status:
      code: 201
      message: Created
- request:
    body: null
    headers:
      Accept:
      - '*/*'
      Accept-Encoding:
      - gzip, deflate
      CommandName:
      - sig image-definition create
      Connection:
      - keep-alive
      ParameterSetName:
      - -g --gallery-name --gallery-image-definition --os-type -p -f -s
      User-Agent:
      - AZURECLI/2.44.1 azsdk-python-azure-mgmt-compute/29.1.0 Python/3.10.9 (Windows-10-10.0.22621-SP0)
    method: GET
    uri: https://management.azure.com/subscriptions/00000000-0000-0000-0000-000000000000/providers/Microsoft.Compute/locations/westus/capsOperations/773c5b5b-2d18-401c-8940-b83765ea97fa?api-version=2021-10-01
  response:
    body:
      string: "{\r\n  \"startTime\": \"2023-01-28T04:08:11.7520309+00:00\",\r\n  \"\
        endTime\": \"2023-01-28T04:08:11.876971+00:00\",\r\n  \"status\": \"Succeeded\"\
        ,\r\n  \"name\": \"773c5b5b-2d18-401c-8940-b83765ea97fa\"\r\n}"
    headers:
      cache-control:
      - no-cache
      content-length:
      - '183'
      content-type:
      - application/json; charset=utf-8
      date:
      - Sat, 28 Jan 2023 04:08:42 GMT
      expires:
      - '-1'
      pragma:
      - no-cache
      server:
      - Microsoft-HTTPAPI/2.0
      - Microsoft-HTTPAPI/2.0
      strict-transport-security:
      - max-age=31536000; includeSubDomains
      transfer-encoding:
      - chunked
      vary:
      - Accept-Encoding
      x-content-type-options:
      - nosniff
      x-ms-ratelimit-remaining-resource:
      - Microsoft.Compute/GetOperationStatus3Min;1191,Microsoft.Compute/GetOperationStatus30Min;4174
    status:
      code: 200
      message: OK
- request:
    body: null
    headers:
      Accept:
      - '*/*'
      Accept-Encoding:
      - gzip, deflate
      CommandName:
      - sig image-definition create
      Connection:
      - keep-alive
      ParameterSetName:
      - -g --gallery-name --gallery-image-definition --os-type -p -f -s
      User-Agent:
      - AZURECLI/2.44.1 azsdk-python-azure-mgmt-compute/29.1.0 Python/3.10.9 (Windows-10-10.0.22621-SP0)
    method: GET
    uri: https://management.azure.com/subscriptions/00000000-0000-0000-0000-000000000000/resourceGroups/cli_test_image_update_add_set_000001/providers/Microsoft.Compute/galleries/gallery_000002/images/image1?api-version=2021-10-01
  response:
    body:
      string: "{\r\n  \"name\": \"image1\",\r\n  \"id\": \"/subscriptions/00000000-0000-0000-0000-000000000000/resourceGroups/cli_test_image_update_add_set_000001/providers/Microsoft.Compute/galleries/gallery_000002/images/image1\"\
        ,\r\n  \"type\": \"Microsoft.Compute/galleries/images\",\r\n  \"location\"\
        : \"westus\",\r\n  \"tags\": {},\r\n  \"properties\": {\r\n    \"hyperVGeneration\"\
        : \"V1\",\r\n    \"architecture\": \"x64\",\r\n    \"osType\": \"Linux\",\r\
        \n    \"osState\": \"Generalized\",\r\n    \"identifier\": {\r\n      \"publisher\"\
        : \"publisher1\",\r\n      \"offer\": \"offer1\",\r\n      \"sku\": \"sku1\"\
        \r\n    },\r\n    \"provisioningState\": \"Succeeded\"\r\n  }\r\n}"
    headers:
      cache-control:
      - no-cache
      content-length:
      - '583'
      content-type:
      - application/json; charset=utf-8
      date:
      - Sat, 28 Jan 2023 04:08:42 GMT
      expires:
      - '-1'
      pragma:
      - no-cache
      server:
      - Microsoft-HTTPAPI/2.0
      - Microsoft-HTTPAPI/2.0
      strict-transport-security:
      - max-age=31536000; includeSubDomains
      transfer-encoding:
      - chunked
      vary:
      - Accept-Encoding
      x-content-type-options:
      - nosniff
      x-ms-ratelimit-remaining-resource:
      - Microsoft.Compute/GetGalleryImage3Min;592,Microsoft.Compute/GetGalleryImage30Min;2984
    status:
      code: 200
      message: OK
- request:
    body: null
    headers:
      Accept:
      - application/json
      Accept-Encoding:
      - gzip, deflate
      CommandName:
      - vm create
      Connection:
      - keep-alive
      ParameterSetName:
      - -g -n --image --data-disk-sizes-gb --admin-username --generate-ssh-key --nsg-rule
      User-Agent:
      - AZURECLI/2.44.1 azsdk-python-azure-mgmt-resource/21.1.0b1 Python/3.10.9 (Windows-10-10.0.22621-SP0)
    method: GET
    uri: https://management.azure.com/subscriptions/00000000-0000-0000-0000-000000000000/resourcegroups/cli_test_image_update_add_set_000001?api-version=2021-04-01
  response:
    body:
      string: '{"id":"/subscriptions/00000000-0000-0000-0000-000000000000/resourceGroups/cli_test_image_update_add_set_000001","name":"cli_test_image_update_add_set_000001","type":"Microsoft.Resources/resourceGroups","location":"westus","tags":{"product":"azurecli","cause":"automation","date":"2023-01-28T04:07:26Z"},"properties":{"provisioningState":"Succeeded"}}'
    headers:
      cache-control:
      - no-cache
      content-length:
      - '350'
      content-type:
      - application/json; charset=utf-8
      date:
      - Sat, 28 Jan 2023 04:08:43 GMT
      expires:
      - '-1'
      pragma:
      - no-cache
      strict-transport-security:
      - max-age=31536000; includeSubDomains
      vary:
      - Accept-Encoding
      x-content-type-options:
      - nosniff
    status:
      code: 200
      message: OK
- request:
    body: null
    headers:
      Accept:
      - '*/*'
      Accept-Encoding:
      - gzip, deflate
      Connection:
      - keep-alive
      User-Agent:
      - python-requests/2.26.0
    method: GET
    uri: https://raw.githubusercontent.com/Azure/azure-rest-api-specs/main/arm-compute/quickstart-templates/aliases.json
  response:
    body:
      string: "{\n  \"$schema\": \"http://schema.management.azure.com/schemas/2015-01-01/deploymentTemplate.json\"\
        ,\n  \"contentVersion\": \"1.0.0.0\",\n  \"parameters\": {},\n  \"variables\"\
        : {},\n  \"resources\": [],\n  \"outputs\": {\n    \"aliases\": {\n      \"\
        type\": \"object\",\n      \"value\": {\n        \"Linux\": {\n          \"\
        CentOS\": {\n            \"publisher\": \"OpenLogic\",\n            \"offer\"\
        : \"CentOS\",\n            \"sku\": \"7.5\",\n            \"version\": \"\
        latest\",\n            \"architecture\": \"x64\"\n          },\n         \
        \ \"Debian\": {\n            \"publisher\": \"Debian\",\n            \"offer\"\
        : \"debian-10\",\n            \"sku\": \"10\",\n            \"version\": \"\
        latest\",\n            \"architecture\": \"x64\"\n          },\n         \
        \ \"Flatcar\": {\n            \"publisher\": \"kinvolk\",\n            \"\
        offer\": \"flatcar-container-linux-free\",\n            \"sku\": \"stable\"\
        ,\n            \"version\": \"latest\",\n            \"architecture\": \"\
        x64\"\n          },\n          \"openSUSE-Leap\": {\n            \"publisher\"\
        : \"SUSE\",\n            \"offer\": \"opensuse-leap-15-3\",\n            \"\
        sku\": \"gen2\",\n            \"version\": \"latest\",\n            \"architecture\"\
        : \"x64\"\n          },\n          \"RHEL\": {\n            \"publisher\"\
        : \"RedHat\",\n            \"offer\": \"RHEL\",\n            \"sku\": \"7-LVM\"\
        ,\n            \"version\": \"latest\",\n            \"architecture\": \"\
        x64\"\n          },\n          \"SLES\": {\n            \"publisher\": \"\
        SUSE\",\n            \"offer\": \"sles-15-sp3\",\n            \"sku\": \"\
        gen2\",\n            \"version\": \"latest\",\n            \"architecture\"\
        : \"x64\"\n          },\n          \"UbuntuLTS\": {\n            \"publisher\"\
        : \"Canonical\",\n            \"offer\": \"UbuntuServer\",\n            \"\
        sku\": \"18.04-LTS\",\n            \"version\": \"latest\",\n            \"\
        architecture\": \"x64\"\n          }\n        },\n        \"Windows\": {\n\
        \          \"Win2022Datacenter\": {\n            \"publisher\": \"MicrosoftWindowsServer\"\
        ,\n            \"offer\": \"WindowsServer\",\n            \"sku\": \"2022-Datacenter\"\
        ,\n            \"version\": \"latest\",\n            \"architecture\": \"\
        x64\"\n          },\n          \"Win2022AzureEditionCore\": {\n          \
        \  \"publisher\": \"MicrosoftWindowsServer\",\n            \"offer\": \"WindowsServer\"\
        ,\n            \"sku\": \"2022-datacenter-azure-edition-core\",\n        \
        \    \"version\": \"latest\",\n            \"architecture\": \"x64\"\n   \
        \       },\n          \"Win2019Datacenter\": {\n            \"publisher\"\
        : \"MicrosoftWindowsServer\",\n            \"offer\": \"WindowsServer\",\n\
        \            \"sku\": \"2019-Datacenter\",\n            \"version\": \"latest\"\
        ,\n            \"architecture\": \"x64\"\n          },\n          \"Win2016Datacenter\"\
        : {\n            \"publisher\": \"MicrosoftWindowsServer\",\n            \"\
        offer\": \"WindowsServer\",\n            \"sku\": \"2016-Datacenter\",\n \
        \           \"version\": \"latest\",\n            \"architecture\": \"x64\"\
        \n          },\n          \"Win2012R2Datacenter\": {\n            \"publisher\"\
        : \"MicrosoftWindowsServer\",\n            \"offer\": \"WindowsServer\",\n\
        \            \"sku\": \"2012-R2-Datacenter\",\n            \"version\": \"\
        latest\",\n            \"architecture\": \"x64\"\n          },\n         \
        \ \"Win2012Datacenter\": {\n            \"publisher\": \"MicrosoftWindowsServer\"\
        ,\n            \"offer\": \"WindowsServer\",\n            \"sku\": \"2012-Datacenter\"\
        ,\n            \"version\": \"latest\",\n            \"architecture\": \"\
        x64\"\n          },\n          \"Win2008R2SP1\": {\n            \"publisher\"\
        : \"MicrosoftWindowsServer\",\n            \"offer\": \"WindowsServer\",\n\
        \            \"sku\": \"2008-R2-SP1\",\n            \"version\": \"latest\"\
        ,\n            \"architecture\": \"x64\"\n          }\n        }\n      }\n\
        \    }\n  }\n}"
    headers:
      accept-ranges:
      - bytes
      access-control-allow-origin:
      - '*'
      cache-control:
      - max-age=300
      connection:
      - keep-alive
      content-length:
      - '3463'
      content-security-policy:
      - default-src 'none'; style-src 'unsafe-inline'; sandbox
      content-type:
      - text/plain; charset=utf-8
      date:
      - Sat, 28 Jan 2023 04:08:44 GMT
      etag:
      - W/"41b202f4dc5098d126019dc00721a4c5e30df0c5196794514fadc3710ee2a5cb"
      expires:
      - Sat, 28 Jan 2023 04:13:44 GMT
      source-age:
      - '288'
      strict-transport-security:
      - max-age=31536000
      vary:
      - Authorization,Accept-Encoding,Origin
      via:
      - 1.1 varnish
      x-cache:
      - HIT
      x-cache-hits:
      - '1'
      x-content-type-options:
      - nosniff
      x-fastly-request-id:
      - 38f322277092d1b6a4b92fcb763611a31be863d0
      x-frame-options:
      - deny
      x-github-request-id:
      - 7A7E:67C6:241EF:66FB3:63D4817B
      x-served-by:
      - cache-tyo11974-TYO
      x-timer:
      - S1674878924.180869,VS0,VE1
      x-xss-protection:
      - 1; mode=block
    status:
      code: 200
      message: OK
- request:
    body: null
    headers:
      Accept:
      - application/json
      Accept-Encoding:
      - gzip, deflate
      CommandName:
      - vm create
      Connection:
      - keep-alive
      ParameterSetName:
      - -g -n --image --data-disk-sizes-gb --admin-username --generate-ssh-key --nsg-rule
      User-Agent:
      - AZURECLI/2.44.1 azsdk-python-azure-mgmt-compute/29.1.0 Python/3.10.9 (Windows-10-10.0.22621-SP0)
    method: GET
    uri: https://management.azure.com/subscriptions/00000000-0000-0000-0000-000000000000/providers/Microsoft.Compute/locations/westus/publishers/Debian/artifacttypes/vmimage/offers/debian-10/skus/10/versions?$top=1&$orderby=name%20desc&api-version=2022-11-01
  response:
    body:
      string: "[\r\n  {\r\n    \"location\": \"westus\",\r\n    \"name\": \"0.20221205.1220\"\
        ,\r\n    \"id\": \"/Subscriptions/00000000-0000-0000-0000-000000000000/Providers/Microsoft.Compute/Locations/westus/Publishers/Debian/ArtifactTypes/VMImage/Offers/debian-10/Skus/10/Versions/0.20221205.1220\"\
        \r\n  }\r\n]"
    headers:
      cache-control:
      - no-cache
      content-length:
      - '273'
      content-type:
      - application/json; charset=utf-8
      date:
      - Sat, 28 Jan 2023 04:08:44 GMT
      expires:
      - '-1'
      pragma:
      - no-cache
      server:
      - Microsoft-HTTPAPI/2.0
      - Microsoft-HTTPAPI/2.0
      strict-transport-security:
      - max-age=31536000; includeSubDomains
      transfer-encoding:
      - chunked
      vary:
      - Accept-Encoding
      x-content-type-options:
      - nosniff
      x-ms-ratelimit-remaining-resource:
      - Microsoft.Compute/ListVMImagesVersionsFromLocation3Min;15991,Microsoft.Compute/ListVMImagesVersionsFromLocation30Min;43959
    status:
      code: 200
      message: OK
- request:
    body: null
    headers:
      Accept:
      - application/json
      Accept-Encoding:
      - gzip, deflate
      CommandName:
      - vm create
      Connection:
      - keep-alive
      ParameterSetName:
      - -g -n --image --data-disk-sizes-gb --admin-username --generate-ssh-key --nsg-rule
      User-Agent:
      - AZURECLI/2.44.1 azsdk-python-azure-mgmt-compute/29.1.0 Python/3.10.9 (Windows-10-10.0.22621-SP0)
    method: GET
    uri: https://management.azure.com/subscriptions/00000000-0000-0000-0000-000000000000/providers/Microsoft.Compute/locations/westus/publishers/Debian/artifacttypes/vmimage/offers/debian-10/skus/10/versions/0.20221205.1220?api-version=2022-11-01
  response:
    body:
      string: "{\r\n  \"properties\": {\r\n    \"hyperVGeneration\": \"V1\",\r\n \
        \   \"architecture\": \"x64\",\r\n    \"replicaType\": \"Unmanaged\",\r\n\
        \    \"disallowed\": {\r\n      \"vmDiskType\": \"None\"\r\n    },\r\n   \
        \ \"automaticOSUpgradeProperties\": {\r\n      \"automaticOSUpgradeSupported\"\
        : false\r\n    },\r\n    \"imageDeprecationStatus\": {\r\n      \"imageState\"\
        : \"Active\"\r\n    },\r\n    \"features\": [\r\n      {\r\n        \"name\"\
        : \"IsAcceleratedNetworkSupported\",\r\n        \"value\": \"True\"\r\n  \
        \    },\r\n      {\r\n        \"name\": \"DiskControllerTypes\",\r\n     \
        \   \"value\": \"SCSI\"\r\n      },\r\n      {\r\n        \"name\": \"IsHibernateSupported\"\
        ,\r\n        \"value\": \"False\"\r\n      }\r\n    ],\r\n    \"osDiskImage\"\
        : {\r\n      \"operatingSystem\": \"Linux\",\r\n      \"sizeInGb\": 30,\r\n\
        \      \"sizeInBytes\": 32212255232\r\n    },\r\n    \"dataDiskImages\": []\r\
        \n  },\r\n  \"location\": \"westus\",\r\n  \"name\": \"0.20221205.1220\",\r\
        \n  \"id\": \"/Subscriptions/00000000-0000-0000-0000-000000000000/Providers/Microsoft.Compute/Locations/westus/Publishers/Debian/ArtifactTypes/VMImage/Offers/debian-10/Skus/10/Versions/0.20221205.1220\"\
        \r\n}"
    headers:
      cache-control:
      - no-cache
      content-length:
      - '1031'
      content-type:
      - application/json; charset=utf-8
      date:
      - Sat, 28 Jan 2023 04:08:45 GMT
      expires:
      - '-1'
      pragma:
      - no-cache
      server:
      - Microsoft-HTTPAPI/2.0
      - Microsoft-HTTPAPI/2.0
      strict-transport-security:
      - max-age=31536000; includeSubDomains
      transfer-encoding:
      - chunked
      vary:
      - Accept-Encoding
      x-content-type-options:
      - nosniff
      x-ms-ratelimit-remaining-resource:
      - Microsoft.Compute/GetVMImageFromLocation3Min;12992,Microsoft.Compute/GetVMImageFromLocation30Min;73989
    status:
      code: 200
      message: OK
- request:
    body: null
    headers:
      Accept:
      - application/json
      Accept-Encoding:
      - gzip, deflate
      CommandName:
      - vm create
      Connection:
      - keep-alive
      ParameterSetName:
      - -g -n --image --data-disk-sizes-gb --admin-username --generate-ssh-key --nsg-rule
      User-Agent:
      - AZURECLI/2.44.1 azsdk-python-azure-mgmt-network/21.0.1 Python/3.10.9 (Windows-10-10.0.22621-SP0)
    method: GET
    uri: https://management.azure.com/subscriptions/00000000-0000-0000-0000-000000000000/resourceGroups/cli_test_image_update_add_set_000001/providers/Microsoft.Network/virtualNetworks?api-version=2022-01-01
  response:
    body:
      string: '{"value":[]}'
    headers:
      cache-control:
      - no-cache
      content-length:
      - '12'
      content-type:
      - application/json; charset=utf-8
      date:
      - Sat, 28 Jan 2023 04:08:47 GMT
      expires:
      - '-1'
      pragma:
      - no-cache
      strict-transport-security:
      - max-age=31536000; includeSubDomains
      vary:
      - Accept-Encoding
      x-content-type-options:
      - nosniff
    status:
      code: 200
      message: OK
- request:
    body: null
    headers:
      Accept:
      - '*/*'
      Accept-Encoding:
      - gzip, deflate
      Connection:
      - keep-alive
      User-Agent:
      - python-requests/2.26.0
    method: GET
    uri: https://raw.githubusercontent.com/Azure/azure-rest-api-specs/main/arm-compute/quickstart-templates/aliases.json
  response:
    body:
      string: "{\n  \"$schema\": \"http://schema.management.azure.com/schemas/2015-01-01/deploymentTemplate.json\"\
        ,\n  \"contentVersion\": \"1.0.0.0\",\n  \"parameters\": {},\n  \"variables\"\
        : {},\n  \"resources\": [],\n  \"outputs\": {\n    \"aliases\": {\n      \"\
        type\": \"object\",\n      \"value\": {\n        \"Linux\": {\n          \"\
        CentOS\": {\n            \"publisher\": \"OpenLogic\",\n            \"offer\"\
        : \"CentOS\",\n            \"sku\": \"7.5\",\n            \"version\": \"\
        latest\",\n            \"architecture\": \"x64\"\n          },\n         \
        \ \"Debian\": {\n            \"publisher\": \"Debian\",\n            \"offer\"\
        : \"debian-10\",\n            \"sku\": \"10\",\n            \"version\": \"\
        latest\",\n            \"architecture\": \"x64\"\n          },\n         \
        \ \"Flatcar\": {\n            \"publisher\": \"kinvolk\",\n            \"\
        offer\": \"flatcar-container-linux-free\",\n            \"sku\": \"stable\"\
        ,\n            \"version\": \"latest\",\n            \"architecture\": \"\
        x64\"\n          },\n          \"openSUSE-Leap\": {\n            \"publisher\"\
        : \"SUSE\",\n            \"offer\": \"opensuse-leap-15-3\",\n            \"\
        sku\": \"gen2\",\n            \"version\": \"latest\",\n            \"architecture\"\
        : \"x64\"\n          },\n          \"RHEL\": {\n            \"publisher\"\
        : \"RedHat\",\n            \"offer\": \"RHEL\",\n            \"sku\": \"7-LVM\"\
        ,\n            \"version\": \"latest\",\n            \"architecture\": \"\
        x64\"\n          },\n          \"SLES\": {\n            \"publisher\": \"\
        SUSE\",\n            \"offer\": \"sles-15-sp3\",\n            \"sku\": \"\
        gen2\",\n            \"version\": \"latest\",\n            \"architecture\"\
        : \"x64\"\n          },\n          \"UbuntuLTS\": {\n            \"publisher\"\
        : \"Canonical\",\n            \"offer\": \"UbuntuServer\",\n            \"\
        sku\": \"18.04-LTS\",\n            \"version\": \"latest\",\n            \"\
        architecture\": \"x64\"\n          }\n        },\n        \"Windows\": {\n\
        \          \"Win2022Datacenter\": {\n            \"publisher\": \"MicrosoftWindowsServer\"\
        ,\n            \"offer\": \"WindowsServer\",\n            \"sku\": \"2022-Datacenter\"\
        ,\n            \"version\": \"latest\",\n            \"architecture\": \"\
        x64\"\n          },\n          \"Win2022AzureEditionCore\": {\n          \
        \  \"publisher\": \"MicrosoftWindowsServer\",\n            \"offer\": \"WindowsServer\"\
        ,\n            \"sku\": \"2022-datacenter-azure-edition-core\",\n        \
        \    \"version\": \"latest\",\n            \"architecture\": \"x64\"\n   \
        \       },\n          \"Win2019Datacenter\": {\n            \"publisher\"\
        : \"MicrosoftWindowsServer\",\n            \"offer\": \"WindowsServer\",\n\
        \            \"sku\": \"2019-Datacenter\",\n            \"version\": \"latest\"\
        ,\n            \"architecture\": \"x64\"\n          },\n          \"Win2016Datacenter\"\
        : {\n            \"publisher\": \"MicrosoftWindowsServer\",\n            \"\
        offer\": \"WindowsServer\",\n            \"sku\": \"2016-Datacenter\",\n \
        \           \"version\": \"latest\",\n            \"architecture\": \"x64\"\
        \n          },\n          \"Win2012R2Datacenter\": {\n            \"publisher\"\
        : \"MicrosoftWindowsServer\",\n            \"offer\": \"WindowsServer\",\n\
        \            \"sku\": \"2012-R2-Datacenter\",\n            \"version\": \"\
        latest\",\n            \"architecture\": \"x64\"\n          },\n         \
        \ \"Win2012Datacenter\": {\n            \"publisher\": \"MicrosoftWindowsServer\"\
        ,\n            \"offer\": \"WindowsServer\",\n            \"sku\": \"2012-Datacenter\"\
        ,\n            \"version\": \"latest\",\n            \"architecture\": \"\
        x64\"\n          },\n          \"Win2008R2SP1\": {\n            \"publisher\"\
        : \"MicrosoftWindowsServer\",\n            \"offer\": \"WindowsServer\",\n\
        \            \"sku\": \"2008-R2-SP1\",\n            \"version\": \"latest\"\
        ,\n            \"architecture\": \"x64\"\n          }\n        }\n      }\n\
        \    }\n  }\n}"
    headers:
      accept-ranges:
      - bytes
      access-control-allow-origin:
      - '*'
      cache-control:
      - max-age=300
      connection:
      - keep-alive
      content-length:
      - '3463'
      content-security-policy:
      - default-src 'none'; style-src 'unsafe-inline'; sandbox
      content-type:
      - text/plain; charset=utf-8
      date:
      - Sat, 28 Jan 2023 04:08:47 GMT
      etag:
      - W/"41b202f4dc5098d126019dc00721a4c5e30df0c5196794514fadc3710ee2a5cb"
      expires:
      - Sat, 28 Jan 2023 04:13:47 GMT
      source-age:
      - '292'
      strict-transport-security:
      - max-age=31536000
      vary:
      - Authorization,Accept-Encoding,Origin
      via:
      - 1.1 varnish
      x-cache:
      - HIT
      x-cache-hits:
      - '1'
      x-content-type-options:
      - nosniff
      x-fastly-request-id:
      - 39cb9366846f3fa6535ebb6467821d5e593c81e9
      x-frame-options:
      - deny
      x-github-request-id:
      - 7A7E:67C6:241EF:66FB3:63D4817B
      x-served-by:
      - cache-tyo11980-TYO
      x-timer:
      - S1674878928.679138,VS0,VE1
      x-xss-protection:
      - 1; mode=block
    status:
      code: 200
      message: OK
- request:
    body: null
    headers:
      Accept:
      - application/json
      Accept-Encoding:
      - gzip, deflate
      CommandName:
      - vm create
      Connection:
      - keep-alive
      ParameterSetName:
      - -g -n --image --data-disk-sizes-gb --admin-username --generate-ssh-key --nsg-rule
      User-Agent:
      - AZURECLI/2.44.1 azsdk-python-azure-mgmt-compute/29.1.0 Python/3.10.9 (Windows-10-10.0.22621-SP0)
    method: GET
    uri: https://management.azure.com/subscriptions/00000000-0000-0000-0000-000000000000/providers/Microsoft.Compute/locations/westus/publishers/Debian/artifacttypes/vmimage/offers/debian-10/skus/10/versions?$top=1&$orderby=name%20desc&api-version=2022-11-01
  response:
    body:
      string: "[\r\n  {\r\n    \"location\": \"westus\",\r\n    \"name\": \"0.20221205.1220\"\
        ,\r\n    \"id\": \"/Subscriptions/00000000-0000-0000-0000-000000000000/Providers/Microsoft.Compute/Locations/westus/Publishers/Debian/ArtifactTypes/VMImage/Offers/debian-10/Skus/10/Versions/0.20221205.1220\"\
        \r\n  }\r\n]"
    headers:
      cache-control:
      - no-cache
      content-length:
      - '273'
      content-type:
      - application/json; charset=utf-8
      date:
      - Sat, 28 Jan 2023 04:08:48 GMT
      expires:
      - '-1'
      pragma:
      - no-cache
      server:
      - Microsoft-HTTPAPI/2.0
      - Microsoft-HTTPAPI/2.0
      strict-transport-security:
      - max-age=31536000; includeSubDomains
      transfer-encoding:
      - chunked
      vary:
      - Accept-Encoding
      x-content-type-options:
      - nosniff
      x-ms-ratelimit-remaining-resource:
      - Microsoft.Compute/ListVMImagesVersionsFromLocation3Min;15990,Microsoft.Compute/ListVMImagesVersionsFromLocation30Min;43958
    status:
      code: 200
      message: OK
- request:
    body: null
    headers:
      Accept:
      - application/json
      Accept-Encoding:
      - gzip, deflate
      CommandName:
      - vm create
      Connection:
      - keep-alive
      ParameterSetName:
      - -g -n --image --data-disk-sizes-gb --admin-username --generate-ssh-key --nsg-rule
      User-Agent:
      - AZURECLI/2.44.1 azsdk-python-azure-mgmt-compute/29.1.0 Python/3.10.9 (Windows-10-10.0.22621-SP0)
    method: GET
    uri: https://management.azure.com/subscriptions/00000000-0000-0000-0000-000000000000/providers/Microsoft.Compute/locations/westus/publishers/Debian/artifacttypes/vmimage/offers/debian-10/skus/10/versions/0.20221205.1220?api-version=2022-11-01
  response:
    body:
      string: "{\r\n  \"properties\": {\r\n    \"hyperVGeneration\": \"V1\",\r\n \
        \   \"architecture\": \"x64\",\r\n    \"replicaType\": \"Unmanaged\",\r\n\
        \    \"disallowed\": {\r\n      \"vmDiskType\": \"None\"\r\n    },\r\n   \
        \ \"automaticOSUpgradeProperties\": {\r\n      \"automaticOSUpgradeSupported\"\
        : false\r\n    },\r\n    \"imageDeprecationStatus\": {\r\n      \"imageState\"\
        : \"Active\"\r\n    },\r\n    \"features\": [\r\n      {\r\n        \"name\"\
        : \"IsAcceleratedNetworkSupported\",\r\n        \"value\": \"True\"\r\n  \
        \    },\r\n      {\r\n        \"name\": \"DiskControllerTypes\",\r\n     \
        \   \"value\": \"SCSI\"\r\n      },\r\n      {\r\n        \"name\": \"IsHibernateSupported\"\
        ,\r\n        \"value\": \"False\"\r\n      }\r\n    ],\r\n    \"osDiskImage\"\
        : {\r\n      \"operatingSystem\": \"Linux\",\r\n      \"sizeInGb\": 30,\r\n\
        \      \"sizeInBytes\": 32212255232\r\n    },\r\n    \"dataDiskImages\": []\r\
        \n  },\r\n  \"location\": \"westus\",\r\n  \"name\": \"0.20221205.1220\",\r\
        \n  \"id\": \"/Subscriptions/00000000-0000-0000-0000-000000000000/Providers/Microsoft.Compute/Locations/westus/Publishers/Debian/ArtifactTypes/VMImage/Offers/debian-10/Skus/10/Versions/0.20221205.1220\"\
        \r\n}"
    headers:
      cache-control:
      - no-cache
      content-length:
      - '1031'
      content-type:
      - application/json; charset=utf-8
      date:
      - Sat, 28 Jan 2023 04:08:49 GMT
      expires:
      - '-1'
      pragma:
      - no-cache
      server:
      - Microsoft-HTTPAPI/2.0
      - Microsoft-HTTPAPI/2.0
      strict-transport-security:
      - max-age=31536000; includeSubDomains
      transfer-encoding:
      - chunked
      vary:
      - Accept-Encoding
      x-content-type-options:
      - nosniff
      x-ms-ratelimit-remaining-resource:
      - Microsoft.Compute/GetVMImageFromLocation3Min;12991,Microsoft.Compute/GetVMImageFromLocation30Min;73988
    status:
      code: 200
      message: OK
- request:
    body: null
    headers:
      Accept:
      - application/json
      Accept-Encoding:
      - gzip, deflate
      CommandName:
      - vm create
      Connection:
      - keep-alive
      ParameterSetName:
      - -g -n --image --data-disk-sizes-gb --admin-username --generate-ssh-key --nsg-rule
      User-Agent:
      - AZURECLI/2.44.1 azsdk-python-azure-mgmt-compute/29.1.0 Python/3.10.9 (Windows-10-10.0.22621-SP0)
    method: GET
    uri: https://management.azure.com/subscriptions/00000000-0000-0000-0000-000000000000/providers/Microsoft.Compute/locations/westus/publishers/Debian/artifacttypes/vmimage/offers/debian-10/skus/10/versions?$top=1&$orderby=name%20desc&api-version=2022-11-01
  response:
    body:
      string: "[\r\n  {\r\n    \"location\": \"westus\",\r\n    \"name\": \"0.20221205.1220\"\
        ,\r\n    \"id\": \"/Subscriptions/00000000-0000-0000-0000-000000000000/Providers/Microsoft.Compute/Locations/westus/Publishers/Debian/ArtifactTypes/VMImage/Offers/debian-10/Skus/10/Versions/0.20221205.1220\"\
        \r\n  }\r\n]"
    headers:
      cache-control:
      - no-cache
      content-length:
      - '273'
      content-type:
      - application/json; charset=utf-8
      date:
      - Sat, 28 Jan 2023 04:08:51 GMT
      expires:
      - '-1'
      pragma:
      - no-cache
      server:
      - Microsoft-HTTPAPI/2.0
      - Microsoft-HTTPAPI/2.0
      strict-transport-security:
      - max-age=31536000; includeSubDomains
      transfer-encoding:
      - chunked
      vary:
      - Accept-Encoding
      x-content-type-options:
      - nosniff
      x-ms-ratelimit-remaining-resource:
      - Microsoft.Compute/ListVMImagesVersionsFromLocation3Min;15989,Microsoft.Compute/ListVMImagesVersionsFromLocation30Min;43957
    status:
      code: 200
      message: OK
- request:
    body: null
    headers:
      Accept:
      - application/json
      Accept-Encoding:
      - gzip, deflate
      CommandName:
      - vm create
      Connection:
      - keep-alive
      ParameterSetName:
      - -g -n --image --data-disk-sizes-gb --admin-username --generate-ssh-key --nsg-rule
      User-Agent:
      - AZURECLI/2.44.1 azsdk-python-azure-mgmt-compute/29.1.0 Python/3.10.9 (Windows-10-10.0.22621-SP0)
    method: GET
    uri: https://management.azure.com/subscriptions/00000000-0000-0000-0000-000000000000/providers/Microsoft.Compute/locations/westus/publishers/Debian/artifacttypes/vmimage/offers/debian-10/skus/10/versions/0.20221205.1220?api-version=2022-11-01
  response:
    body:
      string: "{\r\n  \"properties\": {\r\n    \"hyperVGeneration\": \"V1\",\r\n \
        \   \"architecture\": \"x64\",\r\n    \"replicaType\": \"Unmanaged\",\r\n\
        \    \"disallowed\": {\r\n      \"vmDiskType\": \"None\"\r\n    },\r\n   \
        \ \"automaticOSUpgradeProperties\": {\r\n      \"automaticOSUpgradeSupported\"\
        : false\r\n    },\r\n    \"imageDeprecationStatus\": {\r\n      \"imageState\"\
        : \"Active\"\r\n    },\r\n    \"features\": [\r\n      {\r\n        \"name\"\
        : \"IsAcceleratedNetworkSupported\",\r\n        \"value\": \"True\"\r\n  \
        \    },\r\n      {\r\n        \"name\": \"DiskControllerTypes\",\r\n     \
        \   \"value\": \"SCSI\"\r\n      },\r\n      {\r\n        \"name\": \"IsHibernateSupported\"\
        ,\r\n        \"value\": \"False\"\r\n      }\r\n    ],\r\n    \"osDiskImage\"\
        : {\r\n      \"operatingSystem\": \"Linux\",\r\n      \"sizeInGb\": 30,\r\n\
        \      \"sizeInBytes\": 32212255232\r\n    },\r\n    \"dataDiskImages\": []\r\
        \n  },\r\n  \"location\": \"westus\",\r\n  \"name\": \"0.20221205.1220\",\r\
        \n  \"id\": \"/Subscriptions/00000000-0000-0000-0000-000000000000/Providers/Microsoft.Compute/Locations/westus/Publishers/Debian/ArtifactTypes/VMImage/Offers/debian-10/Skus/10/Versions/0.20221205.1220\"\
        \r\n}"
    headers:
      cache-control:
      - no-cache
      content-length:
      - '1031'
      content-type:
      - application/json; charset=utf-8
      date:
      - Sat, 28 Jan 2023 04:08:52 GMT
      expires:
      - '-1'
      pragma:
      - no-cache
      server:
      - Microsoft-HTTPAPI/2.0
      - Microsoft-HTTPAPI/2.0
      strict-transport-security:
      - max-age=31536000; includeSubDomains
      transfer-encoding:
      - chunked
      vary:
      - Accept-Encoding
      x-content-type-options:
      - nosniff
      x-ms-ratelimit-remaining-resource:
      - Microsoft.Compute/GetVMImageFromLocation3Min;12990,Microsoft.Compute/GetVMImageFromLocation30Min;73987
    status:
      code: 200
      message: OK
- request:
    body: '{"properties": {"template": {"$schema": "https://schema.management.azure.com/schemas/2015-01-01/deploymentTemplate.json#",
      "contentVersion": "1.0.0.0", "parameters": {}, "variables": {}, "resources":
      [{"name": "vm1VNET", "type": "Microsoft.Network/virtualNetworks", "location":
      "westus", "apiVersion": "2015-06-15", "dependsOn": [], "tags": {}, "properties":
      {"addressSpace": {"addressPrefixes": ["10.0.0.0/16"]}, "subnets": [{"name":
      "vm1Subnet", "properties": {"addressPrefix": "10.0.0.0/24"}}]}}, {"type": "Microsoft.Network/networkSecurityGroups",
      "name": "vm1NSG", "apiVersion": "2015-06-15", "location": "westus", "tags":
      {}, "dependsOn": []}, {"apiVersion": "2022-01-01", "type": "Microsoft.Network/publicIPAddresses",
      "name": "vm1PublicIP", "location": "westus", "tags": {}, "dependsOn": [], "properties":
      {"publicIPAllocationMethod": null}}, {"apiVersion": "2015-06-15", "type": "Microsoft.Network/networkInterfaces",
      "name": "vm1VMNic", "location": "westus", "tags": {}, "dependsOn": ["Microsoft.Network/virtualNetworks/vm1VNET",
      "Microsoft.Network/networkSecurityGroups/vm1NSG", "Microsoft.Network/publicIpAddresses/vm1PublicIP"],
      "properties": {"ipConfigurations": [{"name": "ipconfigvm1", "properties": {"privateIPAllocationMethod":
      "Dynamic", "subnet": {"id": "/subscriptions/00000000-0000-0000-0000-000000000000/resourceGroups/cli_test_image_update_add_set_000001/providers/Microsoft.Network/virtualNetworks/vm1VNET/subnets/vm1Subnet"},
      "publicIPAddress": {"id": "/subscriptions/00000000-0000-0000-0000-000000000000/resourceGroups/cli_test_image_update_add_set_000001/providers/Microsoft.Network/publicIPAddresses/vm1PublicIP"}}}],
      "networkSecurityGroup": {"id": "/subscriptions/00000000-0000-0000-0000-000000000000/resourceGroups/cli_test_image_update_add_set_000001/providers/Microsoft.Network/networkSecurityGroups/vm1NSG"}}},
      {"apiVersion": "2022-11-01", "type": "Microsoft.Compute/virtualMachines", "name":
      "vm1", "location": "westus", "tags": {}, "dependsOn": ["Microsoft.Network/networkInterfaces/vm1VMNic"],
      "properties": {"hardwareProfile": {"vmSize": "Standard_DS1_v2"}, "networkProfile":
      {"networkInterfaces": [{"id": "/subscriptions/00000000-0000-0000-0000-000000000000/resourceGroups/cli_test_image_update_add_set_000001/providers/Microsoft.Network/networkInterfaces/vm1VMNic",
      "properties": {"deleteOption": null}}]}, "storageProfile": {"osDisk": {"createOption":
      "fromImage", "name": null, "caching": "ReadWrite", "managedDisk": {"storageAccountType":
      null}}, "imageReference": {"publisher": "Debian", "offer": "debian-10", "sku":
      "10", "version": "latest"}, "dataDisks": [{"lun": 0, "managedDisk": {"storageAccountType":
      null}, "createOption": "empty", "diskSizeGB": 10}]}, "osProfile": {"computerName":
      "vm1", "adminUsername": "clitest1", "linuxConfiguration": {"disablePasswordAuthentication":
      true, "ssh": {"publicKeys": [{"keyData": "ssh-rsa AAAAB3NzaC1yc2EAAAADAQABAAABAQDtrwjFOJ5BrjyXXI+zTohbjR8C/UT40MJ6M+D7PhvbUDyPYRjOz4B6DnO4xJ5huKhI2jUMIAKiRHcipHqk5ddySS/Z1e91zmHEuEUPeZlOCJJoLxjtAflx6c7aRhPMzOhsEa/7p527/RuMw/vtQZKQP7ltY37oRiAH6OrQJELbYWMGiX37QsGK1oZU0bRohBeiB+C7Ofc7rYjkdxT4AYXNHLOo5Xr7ByL0u7TMwz2fcE7gY5k5Xbw3gmn3oHnCzdJ6Y3m3BAK9uR7tbw97yxwus/aIAi7wm29ljudtQjmSggd21eG0EZfF1greqgaNdq5JGskcRGWbo/VvX9kThjsF",
      "path": "/home/clitest1/.ssh/authorized_keys"}]}}}}}], "outputs": {}}, "parameters":
      {}, "mode": "incremental"}}'
    headers:
      Accept:
      - application/json
      Accept-Encoding:
      - gzip, deflate
      CommandName:
      - vm create
      Connection:
      - keep-alive
      Content-Length:
      - '3364'
      Content-Type:
      - application/json
      ParameterSetName:
      - -g -n --image --data-disk-sizes-gb --admin-username --generate-ssh-key --nsg-rule
      User-Agent:
      - AZURECLI/2.44.1 azsdk-python-azure-mgmt-resource/21.1.0b1 Python/3.10.9 (Windows-10-10.0.22621-SP0)
    method: PUT
    uri: https://management.azure.com/subscriptions/00000000-0000-0000-0000-000000000000/resourcegroups/cli_test_image_update_add_set_000001/providers/Microsoft.Resources/deployments/mock-deployment?api-version=2021-04-01
  response:
    body:
      string: '{"id":"/subscriptions/00000000-0000-0000-0000-000000000000/resourceGroups/cli_test_image_update_add_set_000001/providers/Microsoft.Resources/deployments/vm_deploy_MM6FgAX161ce23J8NEg5XgoYr9SdWH1X","name":"vm_deploy_MM6FgAX161ce23J8NEg5XgoYr9SdWH1X","type":"Microsoft.Resources/deployments","properties":{"templateHash":"17681403082103046531","parameters":{},"mode":"Incremental","provisioningState":"Accepted","timestamp":"2023-01-28T04:08:56.7792107Z","duration":"PT0.0006392S","correlationId":"c580b874-e7f6-4532-92cf-4e27ee6a3c55","providers":[{"namespace":"Microsoft.Network","resourceTypes":[{"resourceType":"virtualNetworks","locations":["westus"]},{"resourceType":"networkSecurityGroups","locations":["westus"]},{"resourceType":"publicIPAddresses","locations":["westus"]},{"resourceType":"networkInterfaces","locations":["westus"]}]},{"namespace":"Microsoft.Compute","resourceTypes":[{"resourceType":"virtualMachines","locations":["westus"]}]}],"dependencies":[{"dependsOn":[{"id":"/subscriptions/00000000-0000-0000-0000-000000000000/resourceGroups/cli_test_image_update_add_set_000001/providers/Microsoft.Network/virtualNetworks/vm1VNET","resourceType":"Microsoft.Network/virtualNetworks","resourceName":"vm1VNET"},{"id":"/subscriptions/00000000-0000-0000-0000-000000000000/resourceGroups/cli_test_image_update_add_set_000001/providers/Microsoft.Network/networkSecurityGroups/vm1NSG","resourceType":"Microsoft.Network/networkSecurityGroups","resourceName":"vm1NSG"},{"id":"/subscriptions/00000000-0000-0000-0000-000000000000/resourceGroups/cli_test_image_update_add_set_000001/providers/Microsoft.Network/publicIPAddresses/vm1PublicIP","resourceType":"Microsoft.Network/publicIPAddresses","resourceName":"vm1PublicIP"}],"id":"/subscriptions/00000000-0000-0000-0000-000000000000/resourceGroups/cli_test_image_update_add_set_000001/providers/Microsoft.Network/networkInterfaces/vm1VMNic","resourceType":"Microsoft.Network/networkInterfaces","resourceName":"vm1VMNic"},{"dependsOn":[{"id":"/subscriptions/00000000-0000-0000-0000-000000000000/resourceGroups/cli_test_image_update_add_set_000001/providers/Microsoft.Network/networkInterfaces/vm1VMNic","resourceType":"Microsoft.Network/networkInterfaces","resourceName":"vm1VMNic"}],"id":"/subscriptions/00000000-0000-0000-0000-000000000000/resourceGroups/cli_test_image_update_add_set_000001/providers/Microsoft.Compute/virtualMachines/vm1","resourceType":"Microsoft.Compute/virtualMachines","resourceName":"vm1"}]}}'
    headers:
      azure-asyncoperation:
      - https://management.azure.com/subscriptions/00000000-0000-0000-0000-000000000000/resourcegroups/cli_test_image_update_add_set_000001/providers/Microsoft.Resources/deployments/vm_deploy_MM6FgAX161ce23J8NEg5XgoYr9SdWH1X/operationStatuses/08585267279506847861?api-version=2021-04-01
      cache-control:
      - no-cache
      content-length:
      - '2470'
      content-type:
      - application/json; charset=utf-8
      date:
      - Sat, 28 Jan 2023 04:08:57 GMT
      expires:
      - '-1'
      pragma:
      - no-cache
      strict-transport-security:
      - max-age=31536000; includeSubDomains
      x-content-type-options:
      - nosniff
      x-ms-ratelimit-remaining-subscription-writes:
      - '1197'
    status:
      code: 201
      message: Created
- request:
    body: null
    headers:
      Accept:
      - '*/*'
      Accept-Encoding:
      - gzip, deflate
      CommandName:
      - vm create
      Connection:
      - keep-alive
      ParameterSetName:
      - -g -n --image --data-disk-sizes-gb --admin-username --generate-ssh-key --nsg-rule
      User-Agent:
      - AZURECLI/2.44.1 azsdk-python-azure-mgmt-resource/21.1.0b1 Python/3.10.9 (Windows-10-10.0.22621-SP0)
    method: GET
    uri: https://management.azure.com/subscriptions/00000000-0000-0000-0000-000000000000/resourcegroups/cli_test_image_update_add_set_000001/providers/Microsoft.Resources/deployments/mock-deployment/operationStatuses/08585267279506847861?api-version=2021-04-01
  response:
    body:
      string: '{"status":"Succeeded"}'
    headers:
      cache-control:
      - no-cache
      content-length:
      - '22'
      content-type:
      - application/json; charset=utf-8
      date:
      - Sat, 28 Jan 2023 04:09:27 GMT
      expires:
      - '-1'
      pragma:
      - no-cache
      strict-transport-security:
      - max-age=31536000; includeSubDomains
      vary:
      - Accept-Encoding
      x-content-type-options:
      - nosniff
    status:
      code: 200
      message: OK
- request:
    body: null
    headers:
      Accept:
      - '*/*'
      Accept-Encoding:
      - gzip, deflate
      CommandName:
      - vm create
      Connection:
      - keep-alive
      ParameterSetName:
      - -g -n --image --data-disk-sizes-gb --admin-username --generate-ssh-key --nsg-rule
      User-Agent:
      - AZURECLI/2.44.1 azsdk-python-azure-mgmt-resource/21.1.0b1 Python/3.10.9 (Windows-10-10.0.22621-SP0)
    method: GET
    uri: https://management.azure.com/subscriptions/00000000-0000-0000-0000-000000000000/resourcegroups/cli_test_image_update_add_set_000001/providers/Microsoft.Resources/deployments/mock-deployment?api-version=2021-04-01
  response:
    body:
      string: '{"id":"/subscriptions/00000000-0000-0000-0000-000000000000/resourceGroups/cli_test_image_update_add_set_000001/providers/Microsoft.Resources/deployments/vm_deploy_MM6FgAX161ce23J8NEg5XgoYr9SdWH1X","name":"vm_deploy_MM6FgAX161ce23J8NEg5XgoYr9SdWH1X","type":"Microsoft.Resources/deployments","properties":{"templateHash":"17681403082103046531","parameters":{},"mode":"Incremental","provisioningState":"Succeeded","timestamp":"2023-01-28T04:09:25.6033353Z","duration":"PT28.8247638S","correlationId":"c580b874-e7f6-4532-92cf-4e27ee6a3c55","providers":[{"namespace":"Microsoft.Network","resourceTypes":[{"resourceType":"virtualNetworks","locations":["westus"]},{"resourceType":"networkSecurityGroups","locations":["westus"]},{"resourceType":"publicIPAddresses","locations":["westus"]},{"resourceType":"networkInterfaces","locations":["westus"]}]},{"namespace":"Microsoft.Compute","resourceTypes":[{"resourceType":"virtualMachines","locations":["westus"]}]}],"dependencies":[{"dependsOn":[{"id":"/subscriptions/00000000-0000-0000-0000-000000000000/resourceGroups/cli_test_image_update_add_set_000001/providers/Microsoft.Network/virtualNetworks/vm1VNET","resourceType":"Microsoft.Network/virtualNetworks","resourceName":"vm1VNET"},{"id":"/subscriptions/00000000-0000-0000-0000-000000000000/resourceGroups/cli_test_image_update_add_set_000001/providers/Microsoft.Network/networkSecurityGroups/vm1NSG","resourceType":"Microsoft.Network/networkSecurityGroups","resourceName":"vm1NSG"},{"id":"/subscriptions/00000000-0000-0000-0000-000000000000/resourceGroups/cli_test_image_update_add_set_000001/providers/Microsoft.Network/publicIPAddresses/vm1PublicIP","resourceType":"Microsoft.Network/publicIPAddresses","resourceName":"vm1PublicIP"}],"id":"/subscriptions/00000000-0000-0000-0000-000000000000/resourceGroups/cli_test_image_update_add_set_000001/providers/Microsoft.Network/networkInterfaces/vm1VMNic","resourceType":"Microsoft.Network/networkInterfaces","resourceName":"vm1VMNic"},{"dependsOn":[{"id":"/subscriptions/00000000-0000-0000-0000-000000000000/resourceGroups/cli_test_image_update_add_set_000001/providers/Microsoft.Network/networkInterfaces/vm1VMNic","resourceType":"Microsoft.Network/networkInterfaces","resourceName":"vm1VMNic"}],"id":"/subscriptions/00000000-0000-0000-0000-000000000000/resourceGroups/cli_test_image_update_add_set_000001/providers/Microsoft.Compute/virtualMachines/vm1","resourceType":"Microsoft.Compute/virtualMachines","resourceName":"vm1"}],"outputs":{},"outputResources":[{"id":"/subscriptions/00000000-0000-0000-0000-000000000000/resourceGroups/cli_test_image_update_add_set_000001/providers/Microsoft.Compute/virtualMachines/vm1"},{"id":"/subscriptions/00000000-0000-0000-0000-000000000000/resourceGroups/cli_test_image_update_add_set_000001/providers/Microsoft.Network/networkInterfaces/vm1VMNic"},{"id":"/subscriptions/00000000-0000-0000-0000-000000000000/resourceGroups/cli_test_image_update_add_set_000001/providers/Microsoft.Network/networkSecurityGroups/vm1NSG"},{"id":"/subscriptions/00000000-0000-0000-0000-000000000000/resourceGroups/cli_test_image_update_add_set_000001/providers/Microsoft.Network/publicIPAddresses/vm1PublicIP"},{"id":"/subscriptions/00000000-0000-0000-0000-000000000000/resourceGroups/cli_test_image_update_add_set_000001/providers/Microsoft.Network/virtualNetworks/vm1VNET"}]}}'
    headers:
      cache-control:
      - no-cache
      content-length:
      - '3340'
      content-type:
      - application/json; charset=utf-8
      date:
      - Sat, 28 Jan 2023 04:09:27 GMT
      expires:
      - '-1'
      pragma:
      - no-cache
      strict-transport-security:
      - max-age=31536000; includeSubDomains
      vary:
      - Accept-Encoding
      x-content-type-options:
      - nosniff
    status:
      code: 200
      message: OK
- request:
    body: null
    headers:
      Accept:
      - application/json
      Accept-Encoding:
      - gzip, deflate
      CommandName:
      - vm create
      Connection:
      - keep-alive
      ParameterSetName:
      - -g -n --image --data-disk-sizes-gb --admin-username --generate-ssh-key --nsg-rule
      User-Agent:
      - AZURECLI/2.44.1 azsdk-python-azure-mgmt-compute/29.1.0 Python/3.10.9 (Windows-10-10.0.22621-SP0)
    method: GET
    uri: https://management.azure.com/subscriptions/00000000-0000-0000-0000-000000000000/resourceGroups/cli_test_image_update_add_set_000001/providers/Microsoft.Compute/virtualMachines/vm1?$expand=instanceView&api-version=2022-11-01
  response:
    body:
      string: "{\r\n  \"name\": \"vm1\",\r\n  \"id\": \"/subscriptions/00000000-0000-0000-0000-000000000000/resourceGroups/cli_test_image_update_add_set_000001/providers/Microsoft.Compute/virtualMachines/vm1\"\
        ,\r\n  \"type\": \"Microsoft.Compute/virtualMachines\",\r\n  \"location\"\
        : \"westus\",\r\n  \"tags\": {},\r\n  \"properties\": {\r\n    \"vmId\": \"\
        8e8dc453-00b7-4707-911d-2445859f7bc1\",\r\n    \"hardwareProfile\": {\r\n\
        \      \"vmSize\": \"Standard_DS1_v2\"\r\n    },\r\n    \"storageProfile\"\
        : {\r\n      \"imageReference\": {\r\n        \"publisher\": \"Debian\",\r\
        \n        \"offer\": \"debian-10\",\r\n        \"sku\": \"10\",\r\n      \
        \  \"version\": \"latest\",\r\n        \"exactVersion\": \"0.20221205.1220\"\
        \r\n      },\r\n      \"osDisk\": {\r\n        \"osType\": \"Linux\",\r\n\
        \        \"name\": \"vm1_disk1_490b5a81e80a44c9b0443bc649bf64ec\",\r\n   \
        \     \"createOption\": \"FromImage\",\r\n        \"caching\": \"ReadWrite\"\
        ,\r\n        \"managedDisk\": {\r\n          \"storageAccountType\": \"Premium_LRS\"\
        ,\r\n          \"id\": \"/subscriptions/00000000-0000-0000-0000-000000000000/resourceGroups/cli_test_image_update_add_set_000001/providers/Microsoft.Compute/disks/vm1_disk1_490b5a81e80a44c9b0443bc649bf64ec\"\
        \r\n        },\r\n        \"deleteOption\": \"Detach\",\r\n        \"diskSizeGB\"\
        : 30\r\n      },\r\n      \"dataDisks\": [\r\n        {\r\n          \"lun\"\
        : 0,\r\n          \"name\": \"vm1_disk2_e483fcf6226a477ea6bc990af05bcf82\"\
        ,\r\n          \"createOption\": \"Empty\",\r\n          \"caching\": \"None\"\
        ,\r\n          \"managedDisk\": {\r\n            \"storageAccountType\": \"\
        Premium_LRS\",\r\n            \"id\": \"/subscriptions/00000000-0000-0000-0000-000000000000/resourceGroups/cli_test_image_update_add_set_000001/providers/Microsoft.Compute/disks/vm1_disk2_e483fcf6226a477ea6bc990af05bcf82\"\
        \r\n          },\r\n          \"deleteOption\": \"Detach\",\r\n          \"\
        diskSizeGB\": 10,\r\n          \"toBeDetached\": false\r\n        }\r\n  \
        \    ]\r\n    },\r\n    \"osProfile\": {\r\n      \"computerName\": \"vm1\"\
        ,\r\n      \"adminUsername\": \"clitest1\",\r\n      \"linuxConfiguration\"\
        : {\r\n        \"disablePasswordAuthentication\": true,\r\n        \"ssh\"\
        : {\r\n          \"publicKeys\": [\r\n            {\r\n              \"path\"\
        : \"/home/clitest1/.ssh/authorized_keys\",\r\n              \"keyData\": \"\
        ssh-rsa AAAAB3NzaC1yc2EAAAADAQABAAABAQDtrwjFOJ5BrjyXXI+zTohbjR8C/UT40MJ6M+D7PhvbUDyPYRjOz4B6DnO4xJ5huKhI2jUMIAKiRHcipHqk5ddySS/Z1e91zmHEuEUPeZlOCJJoLxjtAflx6c7aRhPMzOhsEa/7p527/RuMw/vtQZKQP7ltY37oRiAH6OrQJELbYWMGiX37QsGK1oZU0bRohBeiB+C7Ofc7rYjkdxT4AYXNHLOo5Xr7ByL0u7TMwz2fcE7gY5k5Xbw3gmn3oHnCzdJ6Y3m3BAK9uR7tbw97yxwus/aIAi7wm29ljudtQjmSggd21eG0EZfF1greqgaNdq5JGskcRGWbo/VvX9kThjsF\"\
        \r\n            }\r\n          ]\r\n        },\r\n        \"provisionVMAgent\"\
        : true,\r\n        \"patchSettings\": {\r\n          \"patchMode\": \"ImageDefault\"\
        ,\r\n          \"assessmentMode\": \"ImageDefault\"\r\n        },\r\n    \
        \    \"enableVMAgentPlatformUpdates\": false\r\n      },\r\n      \"secrets\"\
        : [],\r\n      \"allowExtensionOperations\": true,\r\n      \"requireGuestProvisionSignal\"\
        : true\r\n    },\r\n    \"networkProfile\": {\"networkInterfaces\":[{\"id\"\
        :\"/subscriptions/00000000-0000-0000-0000-000000000000/resourceGroups/cli_test_image_update_add_set_000001/providers/Microsoft.Network/networkInterfaces/vm1VMNic\"\
        }]},\r\n    \"provisioningState\": \"Succeeded\",\r\n    \"instanceView\"\
        : {\r\n      \"vmAgent\": {\r\n        \"vmAgentVersion\": \"Unknown\",\r\n\
        \        \"statuses\": [\r\n          {\r\n            \"code\": \"ProvisioningState/Unavailable\"\
        ,\r\n            \"level\": \"Warning\",\r\n            \"displayStatus\"\
        : \"Not Ready\",\r\n            \"message\": \"VM status blob is found but\
        \ not yet populated.\",\r\n            \"time\": \"2023-01-28T04:09:29+00:00\"\
        \r\n          }\r\n        ]\r\n      },\r\n      \"disks\": [\r\n       \
        \ {\r\n          \"name\": \"vm1_disk1_490b5a81e80a44c9b0443bc649bf64ec\"\
        ,\r\n          \"statuses\": [\r\n            {\r\n              \"code\"\
        : \"ProvisioningState/succeeded\",\r\n              \"level\": \"Info\",\r\
        \n              \"displayStatus\": \"Provisioning succeeded\",\r\n       \
        \       \"time\": \"2023-01-28T04:09:16.2064521+00:00\"\r\n            }\r\
        \n          ]\r\n        },\r\n        {\r\n          \"name\": \"vm1_disk2_e483fcf6226a477ea6bc990af05bcf82\"\
        ,\r\n          \"statuses\": [\r\n            {\r\n              \"code\"\
        : \"ProvisioningState/succeeded\",\r\n              \"level\": \"Info\",\r\
        \n              \"displayStatus\": \"Provisioning succeeded\",\r\n       \
        \       \"time\": \"2023-01-28T04:09:16.2064521+00:00\"\r\n            }\r\
        \n          ]\r\n        }\r\n      ],\r\n      \"hyperVGeneration\": \"V1\"\
        ,\r\n      \"statuses\": [\r\n        {\r\n          \"code\": \"ProvisioningState/succeeded\"\
        ,\r\n          \"level\": \"Info\",\r\n          \"displayStatus\": \"Provisioning\
        \ succeeded\",\r\n          \"time\": \"2023-01-28T04:09:24.4409692+00:00\"\
        \r\n        },\r\n        {\r\n          \"code\": \"PowerState/running\"\
        ,\r\n          \"level\": \"Info\",\r\n          \"displayStatus\": \"VM running\"\
        \r\n        }\r\n      ]\r\n    },\r\n    \"timeCreated\": \"2023-01-28T04:09:14.6595512+00:00\"\
        \r\n  }\r\n}"
    headers:
      cache-control:
      - no-cache
      content-length:
      - '4723'
      content-type:
      - application/json; charset=utf-8
      date:
      - Sat, 28 Jan 2023 04:09:28 GMT
      expires:
      - '-1'
      pragma:
      - no-cache
      server:
      - Microsoft-HTTPAPI/2.0
      - Microsoft-HTTPAPI/2.0
      strict-transport-security:
      - max-age=31536000; includeSubDomains
      transfer-encoding:
      - chunked
      vary:
      - Accept-Encoding
      x-content-type-options:
      - nosniff
      x-ms-ratelimit-remaining-resource:
      - Microsoft.Compute/LowCostGet3Min;3868,Microsoft.Compute/LowCostGet30Min;31569
    status:
      code: 200
      message: OK
- request:
    body: null
    headers:
      Accept:
      - application/json
      Accept-Encoding:
      - gzip, deflate
      CommandName:
      - vm create
      Connection:
      - keep-alive
      ParameterSetName:
      - -g -n --image --data-disk-sizes-gb --admin-username --generate-ssh-key --nsg-rule
      User-Agent:
      - AZURECLI/2.44.1 azsdk-python-azure-mgmt-network/21.0.1 Python/3.10.9 (Windows-10-10.0.22621-SP0)
    method: GET
    uri: https://management.azure.com/subscriptions/00000000-0000-0000-0000-000000000000/resourceGroups/cli_test_image_update_add_set_000001/providers/Microsoft.Network/networkInterfaces/vm1VMNic?api-version=2022-01-01
  response:
    body:
      string: "{\r\n  \"name\": \"vm1VMNic\",\r\n  \"id\": \"/subscriptions/00000000-0000-0000-0000-000000000000/resourceGroups/cli_test_image_update_add_set_000001/providers/Microsoft.Network/networkInterfaces/vm1VMNic\"\
        ,\r\n  \"etag\": \"W/\\\"04c2f059-442e-4041-8ba9-339a56643bce\\\"\",\r\n \
        \ \"tags\": {},\r\n  \"properties\": {\r\n    \"provisioningState\": \"Succeeded\"\
        ,\r\n    \"resourceGuid\": \"2d81ca10-720d-4340-a880-444080145c7d\",\r\n \
        \   \"ipConfigurations\": [\r\n      {\r\n        \"name\": \"ipconfigvm1\"\
        ,\r\n        \"id\": \"/subscriptions/00000000-0000-0000-0000-000000000000/resourceGroups/cli_test_image_update_add_set_000001/providers/Microsoft.Network/networkInterfaces/vm1VMNic/ipConfigurations/ipconfigvm1\"\
        ,\r\n        \"etag\": \"W/\\\"04c2f059-442e-4041-8ba9-339a56643bce\\\"\"\
        ,\r\n        \"type\": \"Microsoft.Network/networkInterfaces/ipConfigurations\"\
        ,\r\n        \"properties\": {\r\n          \"provisioningState\": \"Succeeded\"\
        ,\r\n          \"privateIPAddress\": \"10.0.0.4\",\r\n          \"privateIPAllocationMethod\"\
        : \"Dynamic\",\r\n          \"publicIPAddress\": {\r\n            \"id\":\
        \ \"/subscriptions/00000000-0000-0000-0000-000000000000/resourceGroups/cli_test_image_update_add_set_000001/providers/Microsoft.Network/publicIPAddresses/vm1PublicIP\"\
        \r\n          },\r\n          \"subnet\": {\r\n            \"id\": \"/subscriptions/00000000-0000-0000-0000-000000000000/resourceGroups/cli_test_image_update_add_set_000001/providers/Microsoft.Network/virtualNetworks/vm1VNET/subnets/vm1Subnet\"\
        \r\n          },\r\n          \"primary\": true,\r\n          \"privateIPAddressVersion\"\
        : \"IPv4\"\r\n        }\r\n      }\r\n    ],\r\n    \"dnsSettings\": {\r\n\
        \      \"dnsServers\": [],\r\n      \"appliedDnsServers\": [],\r\n      \"\
        internalDomainNameSuffix\": \"mmszplivnxoena5ll2ebcj2z4h.dx.internal.cloudapp.net\"\
        \r\n    },\r\n    \"macAddress\": \"00-0D-3A-5B-8E-20\",\r\n    \"vnetEncryptionSupported\"\
        : false,\r\n    \"enableIPForwarding\": false,\r\n    \"networkSecurityGroup\"\
        : {\r\n      \"id\": \"/subscriptions/00000000-0000-0000-0000-000000000000/resourceGroups/cli_test_image_update_add_set_000001/providers/Microsoft.Network/networkSecurityGroups/vm1NSG\"\
        \r\n    },\r\n    \"primary\": true,\r\n    \"virtualMachine\": {\r\n    \
        \  \"id\": \"/subscriptions/00000000-0000-0000-0000-000000000000/resourceGroups/cli_test_image_update_add_set_000001/providers/Microsoft.Compute/virtualMachines/vm1\"\
        \r\n    },\r\n    \"hostedWorkloads\": [],\r\n    \"tapConfigurations\": [],\r\
        \n    \"nicType\": \"Standard\",\r\n    \"allowPort25Out\": true\r\n  },\r\
        \n  \"type\": \"Microsoft.Network/networkInterfaces\",\r\n  \"location\":\
        \ \"westus\",\r\n  \"kind\": \"Regular\"\r\n}"
    headers:
      cache-control:
      - no-cache
      content-length:
      - '2467'
      content-type:
      - application/json; charset=utf-8
      date:
      - Sat, 28 Jan 2023 04:09:30 GMT
      etag:
      - W/"04c2f059-442e-4041-8ba9-339a56643bce"
      expires:
      - '-1'
      pragma:
      - no-cache
      server:
      - Microsoft-HTTPAPI/2.0
      - Microsoft-HTTPAPI/2.0
      strict-transport-security:
      - max-age=31536000; includeSubDomains
      transfer-encoding:
      - chunked
      vary:
      - Accept-Encoding
      x-content-type-options:
      - nosniff
      x-ms-arm-service-request-id:
      - 5a14d116-92b6-48c3-9793-3753d7aeb3de
    status:
      code: 200
      message: OK
- request:
    body: null
    headers:
      Accept:
      - application/json
      Accept-Encoding:
      - gzip, deflate
      CommandName:
      - vm create
      Connection:
      - keep-alive
      ParameterSetName:
      - -g -n --image --data-disk-sizes-gb --admin-username --generate-ssh-key --nsg-rule
      User-Agent:
      - AZURECLI/2.44.1 azsdk-python-azure-mgmt-network/21.0.1 Python/3.10.9 (Windows-10-10.0.22621-SP0)
    method: GET
    uri: https://management.azure.com/subscriptions/00000000-0000-0000-0000-000000000000/resourceGroups/cli_test_image_update_add_set_000001/providers/Microsoft.Network/publicIPAddresses/vm1PublicIP?api-version=2022-01-01
  response:
    body:
      string: "{\r\n  \"name\": \"vm1PublicIP\",\r\n  \"id\": \"/subscriptions/00000000-0000-0000-0000-000000000000/resourceGroups/cli_test_image_update_add_set_000001/providers/Microsoft.Network/publicIPAddresses/vm1PublicIP\"\
        ,\r\n  \"etag\": \"W/\\\"4186ba81-507b-4801-824f-2fde7f265e32\\\"\",\r\n \
        \ \"location\": \"westus\",\r\n  \"tags\": {},\r\n  \"properties\": {\r\n\
        \    \"provisioningState\": \"Succeeded\",\r\n    \"resourceGuid\": \"0b32f7b6-06fb-49b9-82ed-28baabd03971\"\
        ,\r\n    \"ipAddress\": \"20.245.242.188\",\r\n    \"publicIPAddressVersion\"\
        : \"IPv4\",\r\n    \"publicIPAllocationMethod\": \"Dynamic\",\r\n    \"idleTimeoutInMinutes\"\
        : 4,\r\n    \"ipTags\": [],\r\n    \"ipConfiguration\": {\r\n      \"id\"\
        : \"/subscriptions/00000000-0000-0000-0000-000000000000/resourceGroups/cli_test_image_update_add_set_000001/providers/Microsoft.Network/networkInterfaces/vm1VMNic/ipConfigurations/ipconfigvm1\"\
        \r\n    }\r\n  },\r\n  \"type\": \"Microsoft.Network/publicIPAddresses\",\r\
        \n  \"sku\": {\r\n    \"name\": \"Basic\",\r\n    \"tier\": \"Regional\"\r\
        \n  }\r\n}"
    headers:
      cache-control:
      - no-cache
      content-length:
      - '945'
      content-type:
      - application/json; charset=utf-8
      date:
      - Sat, 28 Jan 2023 04:09:30 GMT
      etag:
      - W/"4186ba81-507b-4801-824f-2fde7f265e32"
      expires:
      - '-1'
      pragma:
      - no-cache
      server:
      - Microsoft-HTTPAPI/2.0
      - Microsoft-HTTPAPI/2.0
      strict-transport-security:
      - max-age=31536000; includeSubDomains
      transfer-encoding:
      - chunked
      vary:
      - Accept-Encoding
      x-content-type-options:
      - nosniff
      x-ms-arm-service-request-id:
      - 38ffe6c7-4179-49f2-9494-d55643d1d0f5
    status:
      code: 200
      message: OK
- request:
    body: null
    headers:
      Accept:
      - application/json
      Accept-Encoding:
      - gzip, deflate
      CommandName:
      - vm deallocate
      Connection:
      - keep-alive
      Content-Length:
      - '0'
      ParameterSetName:
      - -g -n
      User-Agent:
      - AZURECLI/2.44.1 azsdk-python-azure-mgmt-compute/29.1.0 Python/3.10.9 (Windows-10-10.0.22621-SP0)
    method: POST
    uri: https://management.azure.com/subscriptions/00000000-0000-0000-0000-000000000000/resourceGroups/cli_test_image_update_add_set_000001/providers/Microsoft.Compute/virtualMachines/vm1/deallocate?api-version=2022-11-01
  response:
    body:
      string: ''
    headers:
      azure-asyncnotification:
      - Enabled
      azure-asyncoperation:
      - https://management.azure.com/subscriptions/00000000-0000-0000-0000-000000000000/providers/Microsoft.Compute/locations/westus/operations/bec522e4-f1d9-4d22-af53-7db397a8913c?p=571046f6-b640-41c1-86f7-f9f044b5adf9&api-version=2022-11-01
      cache-control:
      - no-cache
      content-length:
      - '0'
      date:
      - Sat, 28 Jan 2023 04:09:32 GMT
      expires:
      - '-1'
      location:
      - https://management.azure.com/subscriptions/00000000-0000-0000-0000-000000000000/providers/Microsoft.Compute/locations/westus/operations/bec522e4-f1d9-4d22-af53-7db397a8913c?p=571046f6-b640-41c1-86f7-f9f044b5adf9&monitor=true&api-version=2022-11-01
      pragma:
      - no-cache
      server:
      - Microsoft-HTTPAPI/2.0
      - Microsoft-HTTPAPI/2.0
      strict-transport-security:
      - max-age=31536000; includeSubDomains
      x-content-type-options:
      - nosniff
      x-ms-ratelimit-remaining-resource:
      - Microsoft.Compute/DeleteVM3Min;232,Microsoft.Compute/DeleteVM30Min;1171
      x-ms-ratelimit-remaining-subscription-writes:
      - '1199'
    status:
      code: 202
      message: Accepted
- request:
    body: null
    headers:
      Accept:
      - '*/*'
      Accept-Encoding:
      - gzip, deflate
      CommandName:
      - vm deallocate
      Connection:
      - keep-alive
      ParameterSetName:
      - -g -n
      User-Agent:
      - AZURECLI/2.44.1 azsdk-python-azure-mgmt-compute/29.1.0 Python/3.10.9 (Windows-10-10.0.22621-SP0)
    method: GET
    uri: https://management.azure.com/subscriptions/00000000-0000-0000-0000-000000000000/providers/Microsoft.Compute/locations/westus/operations/bec522e4-f1d9-4d22-af53-7db397a8913c?p=571046f6-b640-41c1-86f7-f9f044b5adf9&api-version=2022-11-01
  response:
    body:
      string: "{\r\n  \"startTime\": \"2023-01-28T04:09:32.5504865+00:00\",\r\n  \"\
        status\": \"InProgress\",\r\n  \"name\": \"bec522e4-f1d9-4d22-af53-7db397a8913c\"\
        \r\n}"
    headers:
      cache-control:
      - no-cache
      content-length:
      - '134'
      content-type:
      - application/json; charset=utf-8
      date:
      - Sat, 28 Jan 2023 04:09:42 GMT
      expires:
      - '-1'
      pragma:
      - no-cache
      server:
      - Microsoft-HTTPAPI/2.0
      - Microsoft-HTTPAPI/2.0
      strict-transport-security:
      - max-age=31536000; includeSubDomains
      transfer-encoding:
      - chunked
      vary:
      - Accept-Encoding
      x-content-type-options:
      - nosniff
      x-ms-ratelimit-remaining-resource:
      - Microsoft.Compute/GetOperation3Min;14923,Microsoft.Compute/GetOperation30Min;29536
    status:
      code: 200
      message: OK
- request:
    body: null
    headers:
      Accept:
      - '*/*'
      Accept-Encoding:
      - gzip, deflate
      CommandName:
      - vm deallocate
      Connection:
      - keep-alive
      ParameterSetName:
      - -g -n
      User-Agent:
      - AZURECLI/2.44.1 azsdk-python-azure-mgmt-compute/29.1.0 Python/3.10.9 (Windows-10-10.0.22621-SP0)
    method: GET
    uri: https://management.azure.com/subscriptions/00000000-0000-0000-0000-000000000000/providers/Microsoft.Compute/locations/westus/operations/bec522e4-f1d9-4d22-af53-7db397a8913c?p=571046f6-b640-41c1-86f7-f9f044b5adf9&api-version=2022-11-01
  response:
    body:
      string: "{\r\n  \"startTime\": \"2023-01-28T04:09:32.5504865+00:00\",\r\n  \"\
        endTime\": \"2023-01-28T04:10:09.8167237+00:00\",\r\n  \"status\": \"Succeeded\"\
        ,\r\n  \"name\": \"bec522e4-f1d9-4d22-af53-7db397a8913c\"\r\n}"
    headers:
      cache-control:
      - no-cache
      content-length:
      - '184'
      content-type:
      - application/json; charset=utf-8
      date:
      - Sat, 28 Jan 2023 04:10:12 GMT
      expires:
      - '-1'
      pragma:
      - no-cache
      server:
      - Microsoft-HTTPAPI/2.0
      - Microsoft-HTTPAPI/2.0
      strict-transport-security:
      - max-age=31536000; includeSubDomains
      transfer-encoding:
      - chunked
      vary:
      - Accept-Encoding
      x-content-type-options:
      - nosniff
      x-ms-ratelimit-remaining-resource:
      - Microsoft.Compute/GetOperation3Min;14918,Microsoft.Compute/GetOperation30Min;29547
    status:
      code: 200
      message: OK
- request:
    body: null
    headers:
      Accept:
      - '*/*'
      Accept-Encoding:
      - gzip, deflate
      CommandName:
      - vm deallocate
      Connection:
      - keep-alive
      ParameterSetName:
      - -g -n
      User-Agent:
      - AZURECLI/2.44.1 azsdk-python-azure-mgmt-compute/29.1.0 Python/3.10.9 (Windows-10-10.0.22621-SP0)
    method: GET
    uri: https://management.azure.com/subscriptions/00000000-0000-0000-0000-000000000000/providers/Microsoft.Compute/locations/westus/operations/bec522e4-f1d9-4d22-af53-7db397a8913c?p=571046f6-b640-41c1-86f7-f9f044b5adf9&monitor=true&api-version=2022-11-01
  response:
    body:
      string: ''
    headers:
      cache-control:
      - no-cache
      content-length:
      - '0'
      date:
      - Sat, 28 Jan 2023 04:10:12 GMT
      expires:
      - '-1'
      pragma:
      - no-cache
      server:
      - Microsoft-HTTPAPI/2.0
      - Microsoft-HTTPAPI/2.0
      strict-transport-security:
      - max-age=31536000; includeSubDomains
      x-content-type-options:
      - nosniff
      x-ms-ratelimit-remaining-resource:
      - Microsoft.Compute/GetOperation3Min;14917,Microsoft.Compute/GetOperation30Min;29546
    status:
      code: 200
      message: OK
- request:
    body: null
    headers:
      Accept:
      - application/json
      Accept-Encoding:
      - gzip, deflate
      CommandName:
      - vm generalize
      Connection:
      - keep-alive
      Content-Length:
      - '0'
      ParameterSetName:
      - -g -n
      User-Agent:
      - AZURECLI/2.44.1 azsdk-python-azure-mgmt-compute/29.1.0 Python/3.10.9 (Windows-10-10.0.22621-SP0)
    method: POST
    uri: https://management.azure.com/subscriptions/00000000-0000-0000-0000-000000000000/resourceGroups/cli_test_image_update_add_set_000001/providers/Microsoft.Compute/virtualMachines/vm1/generalize?api-version=2022-11-01
  response:
    body:
      string: ''
    headers:
      cache-control:
      - no-cache
      content-length:
      - '0'
      date:
      - Sat, 28 Jan 2023 04:10:15 GMT
      expires:
      - '-1'
      pragma:
      - no-cache
      server:
      - Microsoft-HTTPAPI/2.0
      - Microsoft-HTTPAPI/2.0
      strict-transport-security:
      - max-age=31536000; includeSubDomains
      x-content-type-options:
      - nosniff
      x-ms-ratelimit-remaining-resource:
      - Microsoft.Compute/UpdateVM3Min;234,Microsoft.Compute/UpdateVM30Min;1162
      x-ms-ratelimit-remaining-subscription-writes:
      - '1198'
    status:
      code: 200
      message: OK
- request:
    body: null
    headers:
      Accept:
      - application/json
      Accept-Encoding:
      - gzip, deflate
      CommandName:
      - image create
      Connection:
      - keep-alive
      ParameterSetName:
      - -g -n --source
      User-Agent:
      - AZURECLI/2.44.1 azsdk-python-azure-mgmt-compute/29.1.0 Python/3.10.9 (Windows-10-10.0.22621-SP0)
    method: GET
    uri: https://management.azure.com/subscriptions/00000000-0000-0000-0000-000000000000/resourceGroups/cli_test_image_update_add_set_000001/providers/Microsoft.Compute/virtualMachines/vm1?api-version=2022-11-01
  response:
    body:
      string: "{\r\n  \"name\": \"vm1\",\r\n  \"id\": \"/subscriptions/00000000-0000-0000-0000-000000000000/resourceGroups/cli_test_image_update_add_set_000001/providers/Microsoft.Compute/virtualMachines/vm1\"\
        ,\r\n  \"type\": \"Microsoft.Compute/virtualMachines\",\r\n  \"location\"\
        : \"westus\",\r\n  \"tags\": {},\r\n  \"properties\": {\r\n    \"vmId\": \"\
        8e8dc453-00b7-4707-911d-2445859f7bc1\",\r\n    \"hardwareProfile\": {\r\n\
        \      \"vmSize\": \"Standard_DS1_v2\"\r\n    },\r\n    \"storageProfile\"\
        : {\r\n      \"imageReference\": {\r\n        \"publisher\": \"Debian\",\r\
        \n        \"offer\": \"debian-10\",\r\n        \"sku\": \"10\",\r\n      \
        \  \"version\": \"latest\",\r\n        \"exactVersion\": \"0.20221205.1220\"\
        \r\n      },\r\n      \"osDisk\": {\r\n        \"osType\": \"Linux\",\r\n\
        \        \"name\": \"vm1_disk1_490b5a81e80a44c9b0443bc649bf64ec\",\r\n   \
        \     \"createOption\": \"FromImage\",\r\n        \"caching\": \"ReadWrite\"\
        ,\r\n        \"managedDisk\": {\r\n          \"id\": \"/subscriptions/00000000-0000-0000-0000-000000000000/resourceGroups/cli_test_image_update_add_set_000001/providers/Microsoft.Compute/disks/vm1_disk1_490b5a81e80a44c9b0443bc649bf64ec\"\
        \r\n        },\r\n        \"deleteOption\": \"Detach\"\r\n      },\r\n   \
        \   \"dataDisks\": [\r\n        {\r\n          \"lun\": 0,\r\n          \"\
        name\": \"vm1_disk2_e483fcf6226a477ea6bc990af05bcf82\",\r\n          \"createOption\"\
        : \"Empty\",\r\n          \"caching\": \"None\",\r\n          \"managedDisk\"\
        : {\r\n            \"id\": \"/subscriptions/00000000-0000-0000-0000-000000000000/resourceGroups/cli_test_image_update_add_set_000001/providers/Microsoft.Compute/disks/vm1_disk2_e483fcf6226a477ea6bc990af05bcf82\"\
        \r\n          },\r\n          \"deleteOption\": \"Detach\",\r\n          \"\
        toBeDetached\": false\r\n        }\r\n      ]\r\n    },\r\n    \"osProfile\"\
        : {\r\n      \"computerName\": \"vm1\",\r\n      \"adminUsername\": \"clitest1\"\
        ,\r\n      \"linuxConfiguration\": {\r\n        \"disablePasswordAuthentication\"\
        : true,\r\n        \"ssh\": {\r\n          \"publicKeys\": [\r\n         \
        \   {\r\n              \"path\": \"/home/clitest1/.ssh/authorized_keys\",\r\
        \n              \"keyData\": \"ssh-rsa AAAAB3NzaC1yc2EAAAADAQABAAABAQDtrwjFOJ5BrjyXXI+zTohbjR8C/UT40MJ6M+D7PhvbUDyPYRjOz4B6DnO4xJ5huKhI2jUMIAKiRHcipHqk5ddySS/Z1e91zmHEuEUPeZlOCJJoLxjtAflx6c7aRhPMzOhsEa/7p527/RuMw/vtQZKQP7ltY37oRiAH6OrQJELbYWMGiX37QsGK1oZU0bRohBeiB+C7Ofc7rYjkdxT4AYXNHLOo5Xr7ByL0u7TMwz2fcE7gY5k5Xbw3gmn3oHnCzdJ6Y3m3BAK9uR7tbw97yxwus/aIAi7wm29ljudtQjmSggd21eG0EZfF1greqgaNdq5JGskcRGWbo/VvX9kThjsF\"\
        \r\n            }\r\n          ]\r\n        },\r\n        \"provisionVMAgent\"\
        : true,\r\n        \"patchSettings\": {\r\n          \"patchMode\": \"ImageDefault\"\
        ,\r\n          \"assessmentMode\": \"ImageDefault\"\r\n        },\r\n    \
        \    \"enableVMAgentPlatformUpdates\": false\r\n      },\r\n      \"secrets\"\
        : [],\r\n      \"allowExtensionOperations\": true,\r\n      \"requireGuestProvisionSignal\"\
        : true\r\n    },\r\n    \"networkProfile\": {\"networkInterfaces\":[{\"id\"\
        :\"/subscriptions/00000000-0000-0000-0000-000000000000/resourceGroups/cli_test_image_update_add_set_000001/providers/Microsoft.Network/networkInterfaces/vm1VMNic\"\
        }]},\r\n    \"provisioningState\": \"Succeeded\",\r\n    \"timeCreated\":\
        \ \"2023-01-28T04:09:14.6595512+00:00\"\r\n  }\r\n}"
    headers:
      cache-control:
      - no-cache
      content-length:
      - '3007'
      content-type:
      - application/json; charset=utf-8
      date:
      - Sat, 28 Jan 2023 04:10:15 GMT
      expires:
      - '-1'
      pragma:
      - no-cache
      server:
      - Microsoft-HTTPAPI/2.0
      - Microsoft-HTTPAPI/2.0
      strict-transport-security:
      - max-age=31536000; includeSubDomains
      transfer-encoding:
      - chunked
      vary:
      - Accept-Encoding
      x-content-type-options:
      - nosniff
      x-ms-ratelimit-remaining-resource:
      - Microsoft.Compute/LowCostGet3Min;3881,Microsoft.Compute/LowCostGet30Min;31558
    status:
      code: 200
      message: OK
- request:
    body: null
    headers:
      Accept:
      - application/json
      Accept-Encoding:
      - gzip, deflate
      CommandName:
      - image create
      Connection:
      - keep-alive
      ParameterSetName:
      - -g -n --source
      User-Agent:
      - AZURECLI/2.44.1 azsdk-python-azure-mgmt-resource/21.1.0b1 Python/3.10.9 (Windows-10-10.0.22621-SP0)
    method: GET
    uri: https://management.azure.com/subscriptions/00000000-0000-0000-0000-000000000000/resourcegroups/cli_test_image_update_add_set_000001?api-version=2021-04-01
  response:
    body:
      string: '{"id":"/subscriptions/00000000-0000-0000-0000-000000000000/resourceGroups/cli_test_image_update_add_set_000001","name":"cli_test_image_update_add_set_000001","type":"Microsoft.Resources/resourceGroups","location":"westus","tags":{"product":"azurecli","cause":"automation","date":"2023-01-28T04:07:26Z"},"properties":{"provisioningState":"Succeeded"}}'
    headers:
      cache-control:
      - no-cache
      content-length:
      - '350'
      content-type:
      - application/json; charset=utf-8
      date:
      - Sat, 28 Jan 2023 04:10:16 GMT
      expires:
      - '-1'
      pragma:
      - no-cache
      strict-transport-security:
      - max-age=31536000; includeSubDomains
      vary:
      - Accept-Encoding
      x-content-type-options:
      - nosniff
    status:
      code: 200
      message: OK
- request:
    body: '{"location": "westus", "tags": {}, "properties": {"sourceVirtualMachine":
      {"id": "/subscriptions/00000000-0000-0000-0000-000000000000/resourceGroups/cli_test_image_update_add_set_000001/providers/Microsoft.Compute/virtualMachines/vm1"},
      "hyperVGeneration": "V1"}}'
    headers:
      Accept:
      - application/json
      Accept-Encoding:
      - gzip, deflate
      CommandName:
      - image create
      Connection:
      - keep-alive
      Content-Length:
      - '263'
      Content-Type:
      - application/json
      ParameterSetName:
      - -g -n --source
      User-Agent:
      - AZURECLI/2.44.1 azsdk-python-azure-mgmt-compute/29.1.0 Python/3.10.9 (Windows-10-10.0.22621-SP0)
    method: PUT
    uri: https://management.azure.com/subscriptions/00000000-0000-0000-0000-000000000000/resourceGroups/cli_test_image_update_add_set_000001/providers/Microsoft.Compute/images/managedImage1?api-version=2022-11-01
  response:
    body:
      string: "{\r\n  \"name\": \"managedImage1\",\r\n  \"id\": \"/subscriptions/00000000-0000-0000-0000-000000000000/resourceGroups/cli_test_image_update_add_set_000001/providers/Microsoft.Compute/images/managedImage1\"\
        ,\r\n  \"type\": \"Microsoft.Compute/images\",\r\n  \"location\": \"westus\"\
        ,\r\n  \"tags\": {},\r\n  \"properties\": {\r\n    \"sourceVirtualMachine\"\
        : {\r\n      \"id\": \"/subscriptions/00000000-0000-0000-0000-000000000000/resourceGroups/cli_test_image_update_add_set_000001/providers/Microsoft.Compute/virtualMachines/vm1\"\
        \r\n    },\r\n    \"storageProfile\": {\r\n      \"osDisk\": {\r\n       \
        \ \"osType\": \"Linux\",\r\n        \"osState\": \"Generalized\",\r\n    \
        \    \"managedDisk\": {\r\n          \"id\": \"/subscriptions/00000000-0000-0000-0000-000000000000/resourceGroups/cli_test_image_update_add_set_000001/providers/Microsoft.Compute/disks/vm1_disk1_490b5a81e80a44c9b0443bc649bf64ec\"\
        \r\n        },\r\n        \"caching\": \"ReadWrite\",\r\n        \"storageAccountType\"\
        : \"Premium_LRS\"\r\n      },\r\n      \"dataDisks\": [\r\n        {\r\n \
        \         \"lun\": 0,\r\n          \"managedDisk\": {\r\n            \"id\"\
        : \"/subscriptions/00000000-0000-0000-0000-000000000000/resourceGroups/cli_test_image_update_add_set_000001/providers/Microsoft.Compute/disks/vm1_disk2_e483fcf6226a477ea6bc990af05bcf82\"\
        \r\n          },\r\n          \"caching\": \"None\",\r\n          \"storageAccountType\"\
        : \"Premium_LRS\"\r\n        }\r\n      ]\r\n    },\r\n    \"provisioningState\"\
        : \"Creating\",\r\n    \"hyperVGeneration\": \"V1\"\r\n  }\r\n}"
    headers:
      azure-asyncnotification:
      - Enabled
      azure-asyncoperation:
      - https://management.azure.com/subscriptions/00000000-0000-0000-0000-000000000000/providers/Microsoft.Compute/locations/westus/operations/24d728db-422b-4136-875a-f769212bc089?p=571046f6-b640-41c1-86f7-f9f044b5adf9&api-version=2022-11-01
      cache-control:
      - no-cache
      content-length:
      - '1410'
      content-type:
      - application/json; charset=utf-8
      date:
      - Sat, 28 Jan 2023 04:10:20 GMT
      expires:
      - '-1'
      pragma:
      - no-cache
      server:
      - Microsoft-HTTPAPI/2.0
      - Microsoft-HTTPAPI/2.0
      strict-transport-security:
      - max-age=31536000; includeSubDomains
      x-content-type-options:
      - nosniff
      x-ms-ratelimit-remaining-resource:
      - Microsoft.Compute/CreateImages3Min;38,Microsoft.Compute/CreateImages30Min;197
      x-ms-ratelimit-remaining-subscription-writes:
      - '1195'
    status:
      code: 201
      message: Created
- request:
    body: null
    headers:
      Accept:
      - '*/*'
      Accept-Encoding:
      - gzip, deflate
      CommandName:
      - image create
      Connection:
      - keep-alive
      ParameterSetName:
      - -g -n --source
      User-Agent:
      - AZURECLI/2.44.1 azsdk-python-azure-mgmt-compute/29.1.0 Python/3.10.9 (Windows-10-10.0.22621-SP0)
    method: GET
    uri: https://management.azure.com/subscriptions/00000000-0000-0000-0000-000000000000/providers/Microsoft.Compute/locations/westus/operations/24d728db-422b-4136-875a-f769212bc089?p=571046f6-b640-41c1-86f7-f9f044b5adf9&api-version=2022-11-01
  response:
    body:
      string: "{\r\n  \"startTime\": \"2023-01-28T04:10:20.0668916+00:00\",\r\n  \"\
        endTime\": \"2023-01-28T04:10:25.2076063+00:00\",\r\n  \"status\": \"Succeeded\"\
        ,\r\n  \"name\": \"24d728db-422b-4136-875a-f769212bc089\"\r\n}"
    headers:
      cache-control:
      - no-cache
      content-length:
      - '184'
      content-type:
      - application/json; charset=utf-8
      date:
      - Sat, 28 Jan 2023 04:10:51 GMT
      expires:
      - '-1'
      pragma:
      - no-cache
      server:
      - Microsoft-HTTPAPI/2.0
      - Microsoft-HTTPAPI/2.0
      strict-transport-security:
      - max-age=31536000; includeSubDomains
      transfer-encoding:
      - chunked
      vary:
      - Accept-Encoding
      x-content-type-options:
      - nosniff
      x-ms-ratelimit-remaining-resource:
      - Microsoft.Compute/GetOperation3Min;14911,Microsoft.Compute/GetOperation30Min;29524
    status:
      code: 200
      message: OK
- request:
    body: null
    headers:
      Accept:
      - '*/*'
      Accept-Encoding:
      - gzip, deflate
      CommandName:
      - image create
      Connection:
      - keep-alive
      ParameterSetName:
      - -g -n --source
      User-Agent:
      - AZURECLI/2.44.1 azsdk-python-azure-mgmt-compute/29.1.0 Python/3.10.9 (Windows-10-10.0.22621-SP0)
    method: GET
    uri: https://management.azure.com/subscriptions/00000000-0000-0000-0000-000000000000/resourceGroups/cli_test_image_update_add_set_000001/providers/Microsoft.Compute/images/managedImage1?api-version=2022-11-01
  response:
    body:
      string: "{\r\n  \"name\": \"managedImage1\",\r\n  \"id\": \"/subscriptions/00000000-0000-0000-0000-000000000000/resourceGroups/cli_test_image_update_add_set_000001/providers/Microsoft.Compute/images/managedImage1\"\
        ,\r\n  \"type\": \"Microsoft.Compute/images\",\r\n  \"location\": \"westus\"\
        ,\r\n  \"tags\": {},\r\n  \"properties\": {\r\n    \"sourceVirtualMachine\"\
        : {\r\n      \"id\": \"/subscriptions/00000000-0000-0000-0000-000000000000/resourceGroups/cli_test_image_update_add_set_000001/providers/Microsoft.Compute/virtualMachines/vm1\"\
        \r\n    },\r\n    \"storageProfile\": {\r\n      \"osDisk\": {\r\n       \
        \ \"osType\": \"Linux\",\r\n        \"osState\": \"Generalized\",\r\n    \
        \    \"diskSizeGB\": 30,\r\n        \"managedDisk\": {\r\n          \"id\"\
        : \"/subscriptions/00000000-0000-0000-0000-000000000000/resourceGroups/cli_test_image_update_add_set_000001/providers/Microsoft.Compute/disks/vm1_disk1_490b5a81e80a44c9b0443bc649bf64ec\"\
        \r\n        },\r\n        \"caching\": \"ReadWrite\",\r\n        \"storageAccountType\"\
        : \"Premium_LRS\"\r\n      },\r\n      \"dataDisks\": [\r\n        {\r\n \
        \         \"lun\": 0,\r\n          \"diskSizeGB\": 10,\r\n          \"managedDisk\"\
        : {\r\n            \"id\": \"/subscriptions/00000000-0000-0000-0000-000000000000/resourceGroups/cli_test_image_update_add_set_000001/providers/Microsoft.Compute/disks/vm1_disk2_e483fcf6226a477ea6bc990af05bcf82\"\
        \r\n          },\r\n          \"caching\": \"None\",\r\n          \"storageAccountType\"\
        : \"Premium_LRS\"\r\n        }\r\n      ]\r\n    },\r\n    \"provisioningState\"\
        : \"Succeeded\",\r\n    \"hyperVGeneration\": \"V1\"\r\n  }\r\n}"
    headers:
      cache-control:
      - no-cache
      content-length:
      - '1467'
      content-type:
      - application/json; charset=utf-8
      date:
      - Sat, 28 Jan 2023 04:10:51 GMT
      expires:
      - '-1'
      pragma:
      - no-cache
      server:
      - Microsoft-HTTPAPI/2.0
      - Microsoft-HTTPAPI/2.0
      strict-transport-security:
      - max-age=31536000; includeSubDomains
      transfer-encoding:
      - chunked
      vary:
      - Accept-Encoding
      x-content-type-options:
      - nosniff
      x-ms-ratelimit-remaining-resource:
      - Microsoft.Compute/GetImages3Min;356,Microsoft.Compute/GetImages30Min;1794
    status:
      code: 200
      message: OK
- request:
    body: null
    headers:
      Accept:
      - application/json
      Accept-Encoding:
      - gzip, deflate
      CommandName:
      - sig image-version create
      Connection:
      - keep-alive
      ParameterSetName:
      - -g --gallery-name --gallery-image-definition --gallery-image-version --managed-image
        --replica-count
      User-Agent:
      - AZURECLI/2.44.1 azsdk-python-azure-mgmt-resource/21.1.0b1 Python/3.10.9 (Windows-10-10.0.22621-SP0)
    method: GET
    uri: https://management.azure.com/subscriptions/00000000-0000-0000-0000-000000000000/resourcegroups/cli_test_image_update_add_set_000001?api-version=2021-04-01
  response:
    body:
      string: '{"id":"/subscriptions/00000000-0000-0000-0000-000000000000/resourceGroups/cli_test_image_update_add_set_000001","name":"cli_test_image_update_add_set_000001","type":"Microsoft.Resources/resourceGroups","location":"westus","tags":{"product":"azurecli","cause":"automation","date":"2023-01-28T04:07:26Z"},"properties":{"provisioningState":"Succeeded"}}'
    headers:
      cache-control:
      - no-cache
      content-length:
      - '350'
      content-type:
      - application/json; charset=utf-8
      date:
      - Sat, 28 Jan 2023 04:10:52 GMT
      expires:
      - '-1'
      pragma:
      - no-cache
      strict-transport-security:
      - max-age=31536000; includeSubDomains
      vary:
      - Accept-Encoding
      x-content-type-options:
      - nosniff
    status:
      code: 200
      message: OK
- request:
    body: '{"location": "westus", "tags": {}, "properties": {"publishingProfile":
      {"targetRegions": [{"name": "westus"}], "replicaCount": 1}, "storageProfile":
      {"source": {"id": "/subscriptions/00000000-0000-0000-0000-000000000000/resourceGroups/cli_test_image_update_add_set_000001/providers/Microsoft.Compute/images/managedImage1"}}}}'
    headers:
      Accept:
      - application/json
      Accept-Encoding:
      - gzip, deflate
      CommandName:
      - sig image-version create
      Connection:
      - keep-alive
      Content-Length:
      - '325'
      Content-Type:
      - application/json
      ParameterSetName:
      - -g --gallery-name --gallery-image-definition --gallery-image-version --managed-image
        --replica-count
      User-Agent:
      - AZURECLI/2.44.1 azsdk-python-azure-mgmt-compute/29.1.0 Python/3.10.9 (Windows-10-10.0.22621-SP0)
    method: PUT
    uri: https://management.azure.com/subscriptions/00000000-0000-0000-0000-000000000000/resourceGroups/cli_test_image_update_add_set_000001/providers/Microsoft.Compute/galleries/gallery_000002/images/image1/versions/1.1.2?api-version=2022-03-03
  response:
    body:
      string: "{\r\n  \"name\": \"1.1.2\",\r\n  \"id\": \"/subscriptions/00000000-0000-0000-0000-000000000000/resourceGroups/cli_test_image_update_add_set_000001/providers/Microsoft.Compute/galleries/gallery_000002/images/image1/versions/1.1.2\"\
        ,\r\n  \"type\": \"Microsoft.Compute/galleries/images/versions\",\r\n  \"\
        location\": \"westus\",\r\n  \"tags\": {},\r\n  \"properties\": {\r\n    \"\
        publishingProfile\": {\r\n      \"targetRegions\": [\r\n        {\r\n    \
        \      \"name\": \"West US\",\r\n          \"regionalReplicaCount\": 1,\r\n\
        \          \"storageAccountType\": \"Standard_LRS\"\r\n        }\r\n     \
        \ ],\r\n      \"replicaCount\": 1,\r\n      \"excludeFromLatest\": false,\r\
        \n      \"publishedDate\": \"2023-01-28T04:10:55.2392593+00:00\",\r\n    \
        \  \"storageAccountType\": \"Standard_LRS\"\r\n    },\r\n    \"storageProfile\"\
        : {\r\n      \"source\": {\r\n        \"id\": \"/subscriptions/00000000-0000-0000-0000-000000000000/resourceGroups/cli_test_image_update_add_set_000001/providers/Microsoft.Compute/images/managedImage1\"\
        \r\n      }\r\n    },\r\n    \"safetyProfile\": {\r\n      \"reportedForPolicyViolation\"\
        : false,\r\n      \"allowDeletionOfReplicatedLocations\": false\r\n    },\r\
        \n    \"provisioningState\": \"Creating\"\r\n  }\r\n}"
    headers:
      azure-asyncoperation:
      - https://management.azure.com/subscriptions/00000000-0000-0000-0000-000000000000/providers/Microsoft.Compute/locations/westus/capsOperations/4b03fb91-64df-4508-b489-e3083a53e4c6?api-version=2022-03-03
      cache-control:
      - no-cache
      content-length:
      - '1115'
      content-type:
      - application/json; charset=utf-8
      date:
      - Sat, 28 Jan 2023 04:10:55 GMT
      expires:
      - '-1'
      pragma:
      - no-cache
      server:
      - Microsoft-HTTPAPI/2.0
      - Microsoft-HTTPAPI/2.0
      strict-transport-security:
      - max-age=31536000; includeSubDomains
      x-content-type-options:
      - nosniff
      x-ms-ratelimit-remaining-resource:
      - Microsoft.Compute/CreateUpdateGalleryImageVersion3Min;374,Microsoft.Compute/CreateUpdateGalleryImageVersion30Min;1198
      x-ms-ratelimit-remaining-subscription-writes:
      - '1193'
    status:
      code: 201
      message: Created
- request:
    body: null
    headers:
      Accept:
      - '*/*'
      Accept-Encoding:
      - gzip, deflate
      CommandName:
      - sig image-version create
      Connection:
      - keep-alive
      ParameterSetName:
      - -g --gallery-name --gallery-image-definition --gallery-image-version --managed-image
        --replica-count
      User-Agent:
      - AZURECLI/2.44.1 azsdk-python-azure-mgmt-compute/29.1.0 Python/3.10.9 (Windows-10-10.0.22621-SP0)
    method: GET
    uri: https://management.azure.com/subscriptions/00000000-0000-0000-0000-000000000000/providers/Microsoft.Compute/locations/westus/capsOperations/4b03fb91-64df-4508-b489-e3083a53e4c6?api-version=2022-03-03
  response:
    body:
      string: "{\r\n  \"startTime\": \"2023-01-28T04:10:55.2392593+00:00\",\r\n  \"\
        status\": \"InProgress\",\r\n  \"name\": \"4b03fb91-64df-4508-b489-e3083a53e4c6\"\
        \r\n}"
    headers:
      cache-control:
      - no-cache
      content-length:
      - '134'
      content-type:
      - application/json; charset=utf-8
      date:
      - Sat, 28 Jan 2023 04:11:55 GMT
      expires:
      - '-1'
      pragma:
      - no-cache
      server:
      - Microsoft-HTTPAPI/2.0
      - Microsoft-HTTPAPI/2.0
      strict-transport-security:
      - max-age=31536000; includeSubDomains
      transfer-encoding:
      - chunked
      vary:
      - Accept-Encoding
      x-content-type-options:
      - nosniff
      x-ms-ratelimit-remaining-resource:
      - Microsoft.Compute/GetOperationStatus3Min;1190,Microsoft.Compute/GetOperationStatus30Min;4164
    status:
      code: 200
      message: OK
- request:
    body: null
    headers:
      Accept:
      - '*/*'
      Accept-Encoding:
      - gzip, deflate
      CommandName:
      - sig image-version create
      Connection:
      - keep-alive
      ParameterSetName:
      - -g --gallery-name --gallery-image-definition --gallery-image-version --managed-image
        --replica-count
      User-Agent:
      - AZURECLI/2.44.1 azsdk-python-azure-mgmt-compute/29.1.0 Python/3.10.9 (Windows-10-10.0.22621-SP0)
    method: GET
    uri: https://management.azure.com/subscriptions/00000000-0000-0000-0000-000000000000/providers/Microsoft.Compute/locations/westus/capsOperations/4b03fb91-64df-4508-b489-e3083a53e4c6?api-version=2022-03-03
  response:
    body:
      string: "{\r\n  \"startTime\": \"2023-01-28T04:10:55.2392593+00:00\",\r\n  \"\
        status\": \"InProgress\",\r\n  \"name\": \"4b03fb91-64df-4508-b489-e3083a53e4c6\"\
        \r\n}"
    headers:
      cache-control:
      - no-cache
      content-length:
      - '134'
      content-type:
      - application/json; charset=utf-8
      date:
      - Sat, 28 Jan 2023 04:12:57 GMT
      expires:
      - '-1'
      pragma:
      - no-cache
      server:
      - Microsoft-HTTPAPI/2.0
      - Microsoft-HTTPAPI/2.0
      strict-transport-security:
      - max-age=31536000; includeSubDomains
      transfer-encoding:
      - chunked
      vary:
      - Accept-Encoding
      x-content-type-options:
      - nosniff
      x-ms-ratelimit-remaining-resource:
      - Microsoft.Compute/GetOperationStatus3Min;1188,Microsoft.Compute/GetOperationStatus30Min;4160
    status:
      code: 200
      message: OK
- request:
    body: null
    headers:
      Accept:
      - '*/*'
      Accept-Encoding:
      - gzip, deflate
      CommandName:
      - sig image-version create
      Connection:
      - keep-alive
      ParameterSetName:
      - -g --gallery-name --gallery-image-definition --gallery-image-version --managed-image
        --replica-count
      User-Agent:
      - AZURECLI/2.44.1 azsdk-python-azure-mgmt-compute/29.1.0 Python/3.10.9 (Windows-10-10.0.22621-SP0)
    method: GET
    uri: https://management.azure.com/subscriptions/00000000-0000-0000-0000-000000000000/providers/Microsoft.Compute/locations/westus/capsOperations/4b03fb91-64df-4508-b489-e3083a53e4c6?api-version=2022-03-03
  response:
    body:
      string: "{\r\n  \"startTime\": \"2023-01-28T04:10:55.2392593+00:00\",\r\n  \"\
        status\": \"InProgress\",\r\n  \"name\": \"4b03fb91-64df-4508-b489-e3083a53e4c6\"\
        \r\n}"
    headers:
      cache-control:
      - no-cache
      content-length:
      - '134'
      content-type:
      - application/json; charset=utf-8
      date:
      - Sat, 28 Jan 2023 04:13:57 GMT
      expires:
      - '-1'
      pragma:
      - no-cache
      server:
      - Microsoft-HTTPAPI/2.0
      - Microsoft-HTTPAPI/2.0
      strict-transport-security:
      - max-age=31536000; includeSubDomains
      transfer-encoding:
      - chunked
      vary:
      - Accept-Encoding
      x-content-type-options:
      - nosniff
      x-ms-ratelimit-remaining-resource:
      - Microsoft.Compute/GetOperationStatus3Min;1188,Microsoft.Compute/GetOperationStatus30Min;4158
    status:
      code: 200
      message: OK
- request:
    body: null
    headers:
      Accept:
      - '*/*'
      Accept-Encoding:
      - gzip, deflate
      CommandName:
      - sig image-version create
      Connection:
      - keep-alive
      ParameterSetName:
      - -g --gallery-name --gallery-image-definition --gallery-image-version --managed-image
        --replica-count
      User-Agent:
      - AZURECLI/2.44.1 azsdk-python-azure-mgmt-compute/29.1.0 Python/3.10.9 (Windows-10-10.0.22621-SP0)
    method: GET
    uri: https://management.azure.com/subscriptions/00000000-0000-0000-0000-000000000000/providers/Microsoft.Compute/locations/westus/capsOperations/4b03fb91-64df-4508-b489-e3083a53e4c6?api-version=2022-03-03
  response:
    body:
      string: "{\r\n  \"startTime\": \"2023-01-28T04:10:55.2392593+00:00\",\r\n  \"\
        status\": \"InProgress\",\r\n  \"name\": \"4b03fb91-64df-4508-b489-e3083a53e4c6\"\
        \r\n}"
    headers:
      cache-control:
      - no-cache
      content-length:
      - '134'
      content-type:
      - application/json; charset=utf-8
      date:
      - Sat, 28 Jan 2023 04:14:58 GMT
      expires:
      - '-1'
      pragma:
      - no-cache
      server:
      - Microsoft-HTTPAPI/2.0
      - Microsoft-HTTPAPI/2.0
      strict-transport-security:
      - max-age=31536000; includeSubDomains
      transfer-encoding:
      - chunked
      vary:
      - Accept-Encoding
      x-content-type-options:
      - nosniff
      x-ms-ratelimit-remaining-resource:
      - Microsoft.Compute/GetOperationStatus3Min;1192,Microsoft.Compute/GetOperationStatus30Min;4156
    status:
      code: 200
      message: OK
- request:
    body: null
    headers:
      Accept:
      - '*/*'
      Accept-Encoding:
      - gzip, deflate
      CommandName:
      - sig image-version create
      Connection:
      - keep-alive
      ParameterSetName:
      - -g --gallery-name --gallery-image-definition --gallery-image-version --managed-image
        --replica-count
      User-Agent:
      - AZURECLI/2.44.1 azsdk-python-azure-mgmt-compute/29.1.0 Python/3.10.9 (Windows-10-10.0.22621-SP0)
    method: GET
    uri: https://management.azure.com/subscriptions/00000000-0000-0000-0000-000000000000/providers/Microsoft.Compute/locations/westus/capsOperations/4b03fb91-64df-4508-b489-e3083a53e4c6?api-version=2022-03-03
  response:
    body:
      string: "{\r\n  \"startTime\": \"2023-01-28T04:10:55.2392593+00:00\",\r\n  \"\
        status\": \"InProgress\",\r\n  \"name\": \"4b03fb91-64df-4508-b489-e3083a53e4c6\"\
        \r\n}"
    headers:
      cache-control:
      - no-cache
      content-length:
      - '134'
      content-type:
      - application/json; charset=utf-8
      date:
      - Sat, 28 Jan 2023 04:15:58 GMT
      expires:
      - '-1'
      pragma:
      - no-cache
      server:
      - Microsoft-HTTPAPI/2.0
      - Microsoft-HTTPAPI/2.0
      strict-transport-security:
      - max-age=31536000; includeSubDomains
      transfer-encoding:
      - chunked
      vary:
      - Accept-Encoding
      x-content-type-options:
      - nosniff
      x-ms-ratelimit-remaining-resource:
      - Microsoft.Compute/GetOperationStatus3Min;1194,Microsoft.Compute/GetOperationStatus30Min;4154
    status:
      code: 200
      message: OK
- request:
    body: null
    headers:
      Accept:
      - '*/*'
      Accept-Encoding:
      - gzip, deflate
      CommandName:
      - sig image-version create
      Connection:
      - keep-alive
      ParameterSetName:
      - -g --gallery-name --gallery-image-definition --gallery-image-version --managed-image
        --replica-count
      User-Agent:
      - AZURECLI/2.44.1 azsdk-python-azure-mgmt-compute/29.1.0 Python/3.10.9 (Windows-10-10.0.22621-SP0)
    method: GET
    uri: https://management.azure.com/subscriptions/00000000-0000-0000-0000-000000000000/providers/Microsoft.Compute/locations/westus/capsOperations/4b03fb91-64df-4508-b489-e3083a53e4c6?api-version=2022-03-03
  response:
    body:
      string: "{\r\n  \"startTime\": \"2023-01-28T04:10:55.2392593+00:00\",\r\n  \"\
        status\": \"InProgress\",\r\n  \"name\": \"4b03fb91-64df-4508-b489-e3083a53e4c6\"\
        \r\n}"
    headers:
      cache-control:
      - no-cache
      content-length:
      - '134'
      content-type:
      - application/json; charset=utf-8
      date:
      - Sat, 28 Jan 2023 04:16:59 GMT
      expires:
      - '-1'
      pragma:
      - no-cache
      server:
      - Microsoft-HTTPAPI/2.0
      - Microsoft-HTTPAPI/2.0
      strict-transport-security:
      - max-age=31536000; includeSubDomains
      transfer-encoding:
      - chunked
      vary:
      - Accept-Encoding
      x-content-type-options:
      - nosniff
      x-ms-ratelimit-remaining-resource:
      - Microsoft.Compute/GetOperationStatus3Min;1195,Microsoft.Compute/GetOperationStatus30Min;4153
    status:
      code: 200
      message: OK
- request:
    body: null
    headers:
      Accept:
      - '*/*'
      Accept-Encoding:
      - gzip, deflate
      CommandName:
      - sig image-version create
      Connection:
      - keep-alive
      ParameterSetName:
      - -g --gallery-name --gallery-image-definition --gallery-image-version --managed-image
        --replica-count
      User-Agent:
      - AZURECLI/2.44.1 azsdk-python-azure-mgmt-compute/29.1.0 Python/3.10.9 (Windows-10-10.0.22621-SP0)
    method: GET
    uri: https://management.azure.com/subscriptions/00000000-0000-0000-0000-000000000000/providers/Microsoft.Compute/locations/westus/capsOperations/4b03fb91-64df-4508-b489-e3083a53e4c6?api-version=2022-03-03
  response:
    body:
      string: "{\r\n  \"startTime\": \"2023-01-28T04:10:55.2392593+00:00\",\r\n  \"\
        endTime\": \"2023-01-28T04:17:41.3384631+00:00\",\r\n  \"status\": \"Succeeded\"\
        ,\r\n  \"name\": \"4b03fb91-64df-4508-b489-e3083a53e4c6\"\r\n}"
    headers:
      cache-control:
      - no-cache
      content-length:
      - '184'
      content-type:
      - application/json; charset=utf-8
      date:
      - Sat, 28 Jan 2023 04:17:59 GMT
      expires:
      - '-1'
      pragma:
      - no-cache
      server:
      - Microsoft-HTTPAPI/2.0
      - Microsoft-HTTPAPI/2.0
      strict-transport-security:
      - max-age=31536000; includeSubDomains
      transfer-encoding:
      - chunked
      vary:
      - Accept-Encoding
      x-content-type-options:
      - nosniff
      x-ms-ratelimit-remaining-resource:
      - Microsoft.Compute/GetOperationStatus3Min;1195,Microsoft.Compute/GetOperationStatus30Min;4151
    status:
      code: 200
      message: OK
- request:
    body: null
    headers:
      Accept:
      - '*/*'
      Accept-Encoding:
      - gzip, deflate
      CommandName:
      - sig image-version create
      Connection:
      - keep-alive
      ParameterSetName:
      - -g --gallery-name --gallery-image-definition --gallery-image-version --managed-image
        --replica-count
      User-Agent:
      - AZURECLI/2.44.1 azsdk-python-azure-mgmt-compute/29.1.0 Python/3.10.9 (Windows-10-10.0.22621-SP0)
    method: GET
    uri: https://management.azure.com/subscriptions/00000000-0000-0000-0000-000000000000/resourceGroups/cli_test_image_update_add_set_000001/providers/Microsoft.Compute/galleries/gallery_000002/images/image1/versions/1.1.2?api-version=2022-03-03
  response:
    body:
      string: "{\r\n  \"name\": \"1.1.2\",\r\n  \"id\": \"/subscriptions/00000000-0000-0000-0000-000000000000/resourceGroups/cli_test_image_update_add_set_000001/providers/Microsoft.Compute/galleries/gallery_000002/images/image1/versions/1.1.2\"\
        ,\r\n  \"type\": \"Microsoft.Compute/galleries/images/versions\",\r\n  \"\
        location\": \"westus\",\r\n  \"tags\": {},\r\n  \"properties\": {\r\n    \"\
        publishingProfile\": {\r\n      \"targetRegions\": [\r\n        {\r\n    \
        \      \"name\": \"West US\",\r\n          \"regionalReplicaCount\": 1,\r\n\
        \          \"storageAccountType\": \"Standard_LRS\"\r\n        }\r\n     \
        \ ],\r\n      \"replicaCount\": 1,\r\n      \"excludeFromLatest\": false,\r\
        \n      \"publishedDate\": \"2023-01-28T04:10:55.2392593+00:00\",\r\n    \
        \  \"storageAccountType\": \"Standard_LRS\"\r\n    },\r\n    \"storageProfile\"\
        : {\r\n      \"source\": {\r\n        \"id\": \"/subscriptions/00000000-0000-0000-0000-000000000000/resourceGroups/cli_test_image_update_add_set_000001/providers/Microsoft.Compute/images/managedImage1\"\
        \r\n      },\r\n      \"osDiskImage\": {\r\n        \"sizeInGB\": 30,\r\n\
        \        \"hostCaching\": \"ReadWrite\",\r\n        \"source\": {}\r\n   \
        \   },\r\n      \"dataDiskImages\": [\r\n        {\r\n          \"lun\": 0,\r\
        \n          \"sizeInGB\": 10,\r\n          \"hostCaching\": \"None\"\r\n \
        \       }\r\n      ]\r\n    },\r\n    \"safetyProfile\": {\r\n      \"reportedForPolicyViolation\"\
        : false,\r\n      \"allowDeletionOfReplicatedLocations\": false\r\n    },\r\
        \n    \"provisioningState\": \"Succeeded\"\r\n  }\r\n}"
    headers:
      cache-control:
      - no-cache
      content-length:
      - '1374'
      content-type:
      - application/json; charset=utf-8
      date:
      - Sat, 28 Jan 2023 04:17:59 GMT
      expires:
      - '-1'
      pragma:
      - no-cache
      server:
      - Microsoft-HTTPAPI/2.0
      - Microsoft-HTTPAPI/2.0
      strict-transport-security:
      - max-age=31536000; includeSubDomains
      transfer-encoding:
      - chunked
      vary:
      - Accept-Encoding
      x-content-type-options:
      - nosniff
      x-ms-ratelimit-remaining-resource:
      - Microsoft.Compute/GetGalleryImageVersion3Min;1999,Microsoft.Compute/GetGalleryImageVersion30Min;9985
    status:
      code: 200
      message: OK
- request:
    body: null
    headers:
      Accept:
      - application/json
      Accept-Encoding:
      - gzip, deflate
      CommandName:
      - sig image-version update
      Connection:
      - keep-alive
      ParameterSetName:
      - -g --gallery-name --gallery-image-definition --gallery-image-version --add
      User-Agent:
      - AZURECLI/2.44.1 azsdk-python-azure-mgmt-compute/29.1.0 Python/3.10.9 (Windows-10-10.0.22621-SP0)
    method: GET
    uri: https://management.azure.com/subscriptions/00000000-0000-0000-0000-000000000000/resourceGroups/cli_test_image_update_add_set_000001/providers/Microsoft.Compute/galleries/gallery_000002/images/image1/versions/1.1.2?api-version=2022-03-03
  response:
    body:
      string: "{\r\n  \"name\": \"1.1.2\",\r\n  \"id\": \"/subscriptions/00000000-0000-0000-0000-000000000000/resourceGroups/cli_test_image_update_add_set_000001/providers/Microsoft.Compute/galleries/gallery_000002/images/image1/versions/1.1.2\"\
        ,\r\n  \"type\": \"Microsoft.Compute/galleries/images/versions\",\r\n  \"\
        location\": \"westus\",\r\n  \"tags\": {},\r\n  \"properties\": {\r\n    \"\
        publishingProfile\": {\r\n      \"targetRegions\": [\r\n        {\r\n    \
        \      \"name\": \"West US\",\r\n          \"regionalReplicaCount\": 1,\r\n\
        \          \"storageAccountType\": \"Standard_LRS\"\r\n        }\r\n     \
        \ ],\r\n      \"replicaCount\": 1,\r\n      \"excludeFromLatest\": false,\r\
        \n      \"publishedDate\": \"2023-01-28T04:10:55.2392593+00:00\",\r\n    \
        \  \"storageAccountType\": \"Standard_LRS\"\r\n    },\r\n    \"storageProfile\"\
        : {\r\n      \"source\": {\r\n        \"id\": \"/subscriptions/00000000-0000-0000-0000-000000000000/resourceGroups/cli_test_image_update_add_set_000001/providers/Microsoft.Compute/images/managedImage1\"\
        \r\n      },\r\n      \"osDiskImage\": {\r\n        \"sizeInGB\": 30,\r\n\
        \        \"hostCaching\": \"ReadWrite\",\r\n        \"source\": {}\r\n   \
        \   },\r\n      \"dataDiskImages\": [\r\n        {\r\n          \"lun\": 0,\r\
        \n          \"sizeInGB\": 10,\r\n          \"hostCaching\": \"None\"\r\n \
        \       }\r\n      ]\r\n    },\r\n    \"safetyProfile\": {\r\n      \"reportedForPolicyViolation\"\
        : false,\r\n      \"allowDeletionOfReplicatedLocations\": false\r\n    },\r\
        \n    \"provisioningState\": \"Succeeded\"\r\n  }\r\n}"
    headers:
      cache-control:
      - no-cache
      content-length:
      - '1374'
      content-type:
      - application/json; charset=utf-8
      date:
      - Sat, 28 Jan 2023 04:18:01 GMT
      expires:
      - '-1'
      pragma:
      - no-cache
      server:
      - Microsoft-HTTPAPI/2.0
      - Microsoft-HTTPAPI/2.0
      strict-transport-security:
      - max-age=31536000; includeSubDomains
      transfer-encoding:
      - chunked
      vary:
      - Accept-Encoding
      x-content-type-options:
      - nosniff
      x-ms-ratelimit-remaining-resource:
      - Microsoft.Compute/GetGalleryImageVersion3Min;1997,Microsoft.Compute/GetGalleryImageVersion30Min;9983
    status:
      code: 200
      message: OK
- request:
    body: '{"location": "westus", "tags": {}, "properties": {"publishingProfile":
      {"targetRegions": [{"name": "West US", "regionalReplicaCount": 1, "storageAccountType":
      "Standard_LRS"}, {"name": "westcentralus", "regionalReplicaCount": 3, "excludeFromLatest":
      true}], "replicaCount": 1, "excludeFromLatest": false, "storageAccountType":
      "Standard_LRS"}, "storageProfile": {"osDiskImage": {"hostCaching": "ReadWrite"},
      "dataDiskImages": [{"hostCaching": "None", "lun": 0}]}, "safetyProfile": {"allowDeletionOfReplicatedLocations":
      false}}}'
    headers:
      Accept:
      - application/json
      Accept-Encoding:
      - gzip, deflate
      CommandName:
      - sig image-version update
      Connection:
      - keep-alive
      Content-Length:
      - '528'
      Content-Type:
      - application/json
      ParameterSetName:
      - -g --gallery-name --gallery-image-definition --gallery-image-version --add
      User-Agent:
      - AZURECLI/2.44.1 azsdk-python-azure-mgmt-compute/29.1.0 Python/3.10.9 (Windows-10-10.0.22621-SP0)
    method: PUT
    uri: https://management.azure.com/subscriptions/00000000-0000-0000-0000-000000000000/resourceGroups/cli_test_image_update_add_set_000001/providers/Microsoft.Compute/galleries/gallery_000002/images/image1/versions/1.1.2?api-version=2022-03-03
  response:
    body:
      string: "{\r\n  \"name\": \"1.1.2\",\r\n  \"id\": \"/subscriptions/00000000-0000-0000-0000-000000000000/resourceGroups/cli_test_image_update_add_set_000001/providers/Microsoft.Compute/galleries/gallery_000002/images/image1/versions/1.1.2\"\
        ,\r\n  \"type\": \"Microsoft.Compute/galleries/images/versions\",\r\n  \"\
        location\": \"westus\",\r\n  \"tags\": {},\r\n  \"properties\": {\r\n    \"\
        publishingProfile\": {\r\n      \"targetRegions\": [\r\n        {\r\n    \
        \      \"name\": \"West US\",\r\n          \"regionalReplicaCount\": 1,\r\n\
        \          \"storageAccountType\": \"Standard_LRS\"\r\n        },\r\n    \
        \    {\r\n          \"name\": \"West Central US\",\r\n          \"regionalReplicaCount\"\
        : 3,\r\n          \"storageAccountType\": \"Standard_LRS\",\r\n          \"\
        excludeFromLatest\": true\r\n        }\r\n      ],\r\n      \"replicaCount\"\
        : 1,\r\n      \"excludeFromLatest\": false,\r\n      \"publishedDate\": \"\
        2023-01-28T04:10:55.2392593+00:00\",\r\n      \"storageAccountType\": \"Standard_LRS\"\
        \r\n    },\r\n    \"storageProfile\": {\r\n      \"source\": {\r\n       \
        \ \"id\": \"/subscriptions/00000000-0000-0000-0000-000000000000/resourceGroups/cli_test_image_update_add_set_000001/providers/Microsoft.Compute/images/managedImage1\"\
        \r\n      },\r\n      \"osDiskImage\": {\r\n        \"sizeInGB\": 30,\r\n\
        \        \"hostCaching\": \"ReadWrite\",\r\n        \"source\": {}\r\n   \
        \   },\r\n      \"dataDiskImages\": [\r\n        {\r\n          \"lun\": 0,\r\
        \n          \"sizeInGB\": 10,\r\n          \"hostCaching\": \"None\"\r\n \
        \       }\r\n      ]\r\n    },\r\n    \"safetyProfile\": {\r\n      \"reportedForPolicyViolation\"\
        : false,\r\n      \"allowDeletionOfReplicatedLocations\": false\r\n    },\r\
        \n    \"provisioningState\": \"Updating\"\r\n  }\r\n}"
    headers:
      azure-asyncoperation:
      - https://management.azure.com/subscriptions/00000000-0000-0000-0000-000000000000/providers/Microsoft.Compute/locations/westus/capsOperations/8dae2bd1-c28e-42b4-8ae7-94065d2b55c7?api-version=2022-03-03
      cache-control:
      - no-cache
      content-length:
      - '1558'
      content-type:
      - application/json; charset=utf-8
      date:
      - Sat, 28 Jan 2023 04:18:02 GMT
      expires:
      - '-1'
      pragma:
      - no-cache
      server:
      - Microsoft-HTTPAPI/2.0
      - Microsoft-HTTPAPI/2.0
      strict-transport-security:
      - max-age=31536000; includeSubDomains
      transfer-encoding:
      - chunked
      vary:
      - Accept-Encoding
      x-content-type-options:
      - nosniff
      x-ms-ratelimit-remaining-resource:
      - Microsoft.Compute/CreateUpdateGalleryImageVersion3Min;374,Microsoft.Compute/CreateUpdateGalleryImageVersion30Min;1197
      x-ms-ratelimit-remaining-subscription-writes:
      - '1194'
    status:
      code: 200
      message: OK
- request:
    body: null
    headers:
      Accept:
      - '*/*'
      Accept-Encoding:
      - gzip, deflate
      CommandName:
      - sig image-version update
      Connection:
      - keep-alive
      ParameterSetName:
      - -g --gallery-name --gallery-image-definition --gallery-image-version --add
      User-Agent:
      - AZURECLI/2.44.1 azsdk-python-azure-mgmt-compute/29.1.0 Python/3.10.9 (Windows-10-10.0.22621-SP0)
    method: GET
    uri: https://management.azure.com/subscriptions/00000000-0000-0000-0000-000000000000/providers/Microsoft.Compute/locations/westus/capsOperations/8dae2bd1-c28e-42b4-8ae7-94065d2b55c7?api-version=2022-03-03
  response:
    body:
      string: "{\r\n  \"startTime\": \"2023-01-28T04:18:03.7605973+00:00\",\r\n  \"\
        status\": \"InProgress\",\r\n  \"name\": \"8dae2bd1-c28e-42b4-8ae7-94065d2b55c7\"\
        \r\n}"
    headers:
      cache-control:
      - no-cache
      content-length:
      - '134'
      content-type:
      - application/json; charset=utf-8
      date:
      - Sat, 28 Jan 2023 04:19:03 GMT
      expires:
      - '-1'
      pragma:
      - no-cache
      server:
      - Microsoft-HTTPAPI/2.0
      - Microsoft-HTTPAPI/2.0
      strict-transport-security:
      - max-age=31536000; includeSubDomains
      transfer-encoding:
      - chunked
      vary:
      - Accept-Encoding
      x-content-type-options:
      - nosniff
      x-ms-ratelimit-remaining-resource:
      - Microsoft.Compute/GetOperationStatus3Min;1194,Microsoft.Compute/GetOperationStatus30Min;4148
    status:
      code: 200
      message: OK
- request:
    body: null
    headers:
      Accept:
      - '*/*'
      Accept-Encoding:
      - gzip, deflate
      CommandName:
      - sig image-version update
      Connection:
      - keep-alive
      ParameterSetName:
      - -g --gallery-name --gallery-image-definition --gallery-image-version --add
      User-Agent:
      - AZURECLI/2.44.1 azsdk-python-azure-mgmt-compute/29.1.0 Python/3.10.9 (Windows-10-10.0.22621-SP0)
    method: GET
    uri: https://management.azure.com/subscriptions/00000000-0000-0000-0000-000000000000/providers/Microsoft.Compute/locations/westus/capsOperations/8dae2bd1-c28e-42b4-8ae7-94065d2b55c7?api-version=2022-03-03
  response:
    body:
      string: "{\r\n  \"startTime\": \"2023-01-28T04:18:03.7605973+00:00\",\r\n  \"\
        status\": \"InProgress\",\r\n  \"name\": \"8dae2bd1-c28e-42b4-8ae7-94065d2b55c7\"\
        \r\n}"
    headers:
      cache-control:
      - no-cache
      content-length:
      - '134'
      content-type:
      - application/json; charset=utf-8
      date:
      - Sat, 28 Jan 2023 04:20:04 GMT
      expires:
      - '-1'
      pragma:
      - no-cache
      server:
      - Microsoft-HTTPAPI/2.0
      - Microsoft-HTTPAPI/2.0
      strict-transport-security:
      - max-age=31536000; includeSubDomains
      transfer-encoding:
      - chunked
      vary:
      - Accept-Encoding
      x-content-type-options:
      - nosniff
      x-ms-ratelimit-remaining-resource:
      - Microsoft.Compute/GetOperationStatus3Min;1193,Microsoft.Compute/GetOperationStatus30Min;4145
    status:
      code: 200
      message: OK
- request:
    body: null
    headers:
      Accept:
      - '*/*'
      Accept-Encoding:
      - gzip, deflate
      CommandName:
      - sig image-version update
      Connection:
      - keep-alive
      ParameterSetName:
      - -g --gallery-name --gallery-image-definition --gallery-image-version --add
      User-Agent:
      - AZURECLI/2.44.1 azsdk-python-azure-mgmt-compute/29.1.0 Python/3.10.9 (Windows-10-10.0.22621-SP0)
    method: GET
    uri: https://management.azure.com/subscriptions/00000000-0000-0000-0000-000000000000/providers/Microsoft.Compute/locations/westus/capsOperations/8dae2bd1-c28e-42b4-8ae7-94065d2b55c7?api-version=2022-03-03
  response:
    body:
      string: "{\r\n  \"startTime\": \"2023-01-28T04:18:03.7605973+00:00\",\r\n  \"\
        status\": \"InProgress\",\r\n  \"name\": \"8dae2bd1-c28e-42b4-8ae7-94065d2b55c7\"\
        \r\n}"
    headers:
      cache-control:
      - no-cache
      content-length:
      - '134'
      content-type:
      - application/json; charset=utf-8
      date:
      - Sat, 28 Jan 2023 04:21:04 GMT
      expires:
      - '-1'
      pragma:
      - no-cache
      server:
      - Microsoft-HTTPAPI/2.0
      - Microsoft-HTTPAPI/2.0
      strict-transport-security:
      - max-age=31536000; includeSubDomains
      transfer-encoding:
      - chunked
      vary:
      - Accept-Encoding
      x-content-type-options:
      - nosniff
      x-ms-ratelimit-remaining-resource:
      - Microsoft.Compute/GetOperationStatus3Min;1190,Microsoft.Compute/GetOperationStatus30Min;4140
    status:
      code: 200
      message: OK
- request:
    body: null
    headers:
      Accept:
      - '*/*'
      Accept-Encoding:
      - gzip, deflate
      CommandName:
      - sig image-version update
      Connection:
      - keep-alive
      ParameterSetName:
      - -g --gallery-name --gallery-image-definition --gallery-image-version --add
      User-Agent:
      - AZURECLI/2.44.1 azsdk-python-azure-mgmt-compute/29.1.0 Python/3.10.9 (Windows-10-10.0.22621-SP0)
    method: GET
    uri: https://management.azure.com/subscriptions/00000000-0000-0000-0000-000000000000/providers/Microsoft.Compute/locations/westus/capsOperations/8dae2bd1-c28e-42b4-8ae7-94065d2b55c7?api-version=2022-03-03
  response:
    body:
      string: "{\r\n  \"startTime\": \"2023-01-28T04:18:03.7605973+00:00\",\r\n  \"\
        status\": \"InProgress\",\r\n  \"name\": \"8dae2bd1-c28e-42b4-8ae7-94065d2b55c7\"\
        \r\n}"
    headers:
      cache-control:
      - no-cache
      content-length:
      - '134'
      content-type:
      - application/json; charset=utf-8
      date:
      - Sat, 28 Jan 2023 04:22:06 GMT
      expires:
      - '-1'
      pragma:
      - no-cache
      server:
      - Microsoft-HTTPAPI/2.0
      - Microsoft-HTTPAPI/2.0
      strict-transport-security:
      - max-age=31536000; includeSubDomains
      transfer-encoding:
      - chunked
      vary:
      - Accept-Encoding
      x-content-type-options:
      - nosniff
      x-ms-ratelimit-remaining-resource:
      - Microsoft.Compute/GetOperationStatus3Min;1188,Microsoft.Compute/GetOperationStatus30Min;4134
    status:
      code: 200
      message: OK
- request:
    body: null
    headers:
      Accept:
      - '*/*'
      Accept-Encoding:
      - gzip, deflate
      CommandName:
      - sig image-version update
      Connection:
      - keep-alive
      ParameterSetName:
      - -g --gallery-name --gallery-image-definition --gallery-image-version --add
      User-Agent:
      - AZURECLI/2.44.1 azsdk-python-azure-mgmt-compute/29.1.0 Python/3.10.9 (Windows-10-10.0.22621-SP0)
    method: GET
    uri: https://management.azure.com/subscriptions/00000000-0000-0000-0000-000000000000/providers/Microsoft.Compute/locations/westus/capsOperations/8dae2bd1-c28e-42b4-8ae7-94065d2b55c7?api-version=2022-03-03
  response:
    body:
      string: "{\r\n  \"startTime\": \"2023-01-28T04:18:03.7605973+00:00\",\r\n  \"\
        status\": \"InProgress\",\r\n  \"name\": \"8dae2bd1-c28e-42b4-8ae7-94065d2b55c7\"\
        \r\n}"
    headers:
      cache-control:
      - no-cache
      content-length:
      - '134'
      content-type:
      - application/json; charset=utf-8
      date:
      - Sat, 28 Jan 2023 04:23:06 GMT
      expires:
      - '-1'
      pragma:
      - no-cache
      server:
      - Microsoft-HTTPAPI/2.0
      - Microsoft-HTTPAPI/2.0
      strict-transport-security:
      - max-age=31536000; includeSubDomains
      transfer-encoding:
      - chunked
      vary:
      - Accept-Encoding
      x-content-type-options:
      - nosniff
      x-ms-ratelimit-remaining-resource:
      - Microsoft.Compute/GetOperationStatus3Min;1186,Microsoft.Compute/GetOperationStatus30Min;4130
    status:
      code: 200
      message: OK
- request:
    body: null
    headers:
      Accept:
      - '*/*'
      Accept-Encoding:
      - gzip, deflate
      CommandName:
      - sig image-version update
      Connection:
      - keep-alive
      ParameterSetName:
      - -g --gallery-name --gallery-image-definition --gallery-image-version --add
      User-Agent:
      - AZURECLI/2.44.1 azsdk-python-azure-mgmt-compute/29.1.0 Python/3.10.9 (Windows-10-10.0.22621-SP0)
    method: GET
    uri: https://management.azure.com/subscriptions/00000000-0000-0000-0000-000000000000/providers/Microsoft.Compute/locations/westus/capsOperations/8dae2bd1-c28e-42b4-8ae7-94065d2b55c7?api-version=2022-03-03
  response:
    body:
      string: "{\r\n  \"startTime\": \"2023-01-28T04:18:03.7605973+00:00\",\r\n  \"\
        status\": \"InProgress\",\r\n  \"name\": \"8dae2bd1-c28e-42b4-8ae7-94065d2b55c7\"\
        \r\n}"
    headers:
      cache-control:
      - no-cache
      content-length:
      - '134'
      content-type:
      - application/json; charset=utf-8
      date:
      - Sat, 28 Jan 2023 04:24:06 GMT
      expires:
      - '-1'
      pragma:
      - no-cache
      server:
      - Microsoft-HTTPAPI/2.0
      - Microsoft-HTTPAPI/2.0
      strict-transport-security:
      - max-age=31536000; includeSubDomains
      transfer-encoding:
      - chunked
      vary:
      - Accept-Encoding
      x-content-type-options:
      - nosniff
      x-ms-ratelimit-remaining-resource:
      - Microsoft.Compute/GetOperationStatus3Min;1189,Microsoft.Compute/GetOperationStatus30Min;4126
    status:
      code: 200
      message: OK
- request:
    body: null
    headers:
      Accept:
      - '*/*'
      Accept-Encoding:
      - gzip, deflate
      CommandName:
      - sig image-version update
      Connection:
      - keep-alive
      ParameterSetName:
      - -g --gallery-name --gallery-image-definition --gallery-image-version --add
      User-Agent:
      - AZURECLI/2.44.1 azsdk-python-azure-mgmt-compute/29.1.0 Python/3.10.9 (Windows-10-10.0.22621-SP0)
    method: GET
    uri: https://management.azure.com/subscriptions/00000000-0000-0000-0000-000000000000/providers/Microsoft.Compute/locations/westus/capsOperations/8dae2bd1-c28e-42b4-8ae7-94065d2b55c7?api-version=2022-03-03
  response:
    body:
      string: "{\r\n  \"startTime\": \"2023-01-28T04:18:03.7605973+00:00\",\r\n  \"\
        endTime\": \"2023-01-28T04:24:19.7023774+00:00\",\r\n  \"status\": \"Succeeded\"\
        ,\r\n  \"name\": \"8dae2bd1-c28e-42b4-8ae7-94065d2b55c7\"\r\n}"
    headers:
      cache-control:
      - no-cache
      content-length:
      - '184'
      content-type:
      - application/json; charset=utf-8
      date:
      - Sat, 28 Jan 2023 04:25:07 GMT
      expires:
      - '-1'
      pragma:
      - no-cache
      server:
      - Microsoft-HTTPAPI/2.0
      - Microsoft-HTTPAPI/2.0
      strict-transport-security:
      - max-age=31536000; includeSubDomains
      transfer-encoding:
      - chunked
      vary:
      - Accept-Encoding
      x-content-type-options:
      - nosniff
      x-ms-ratelimit-remaining-resource:
      - Microsoft.Compute/GetOperationStatus3Min;1187,Microsoft.Compute/GetOperationStatus30Min;4124
    status:
      code: 200
      message: OK
- request:
    body: null
    headers:
      Accept:
      - '*/*'
      Accept-Encoding:
      - gzip, deflate
      CommandName:
      - sig image-version update
      Connection:
      - keep-alive
      ParameterSetName:
      - -g --gallery-name --gallery-image-definition --gallery-image-version --add
      User-Agent:
      - AZURECLI/2.44.1 azsdk-python-azure-mgmt-compute/29.1.0 Python/3.10.9 (Windows-10-10.0.22621-SP0)
    method: GET
    uri: https://management.azure.com/subscriptions/00000000-0000-0000-0000-000000000000/resourceGroups/cli_test_image_update_add_set_000001/providers/Microsoft.Compute/galleries/gallery_000002/images/image1/versions/1.1.2?api-version=2022-03-03
  response:
    body:
      string: "{\r\n  \"name\": \"1.1.2\",\r\n  \"id\": \"/subscriptions/00000000-0000-0000-0000-000000000000/resourceGroups/cli_test_image_update_add_set_000001/providers/Microsoft.Compute/galleries/gallery_000002/images/image1/versions/1.1.2\"\
        ,\r\n  \"type\": \"Microsoft.Compute/galleries/images/versions\",\r\n  \"\
        location\": \"westus\",\r\n  \"tags\": {},\r\n  \"properties\": {\r\n    \"\
        publishingProfile\": {\r\n      \"targetRegions\": [\r\n        {\r\n    \
        \      \"name\": \"West US\",\r\n          \"regionalReplicaCount\": 1,\r\n\
        \          \"storageAccountType\": \"Standard_LRS\"\r\n        },\r\n    \
        \    {\r\n          \"name\": \"West Central US\",\r\n          \"regionalReplicaCount\"\
        : 3,\r\n          \"storageAccountType\": \"Standard_LRS\",\r\n          \"\
        excludeFromLatest\": true\r\n        }\r\n      ],\r\n      \"replicaCount\"\
        : 1,\r\n      \"excludeFromLatest\": false,\r\n      \"publishedDate\": \"\
        2023-01-28T04:10:55.2392593+00:00\",\r\n      \"storageAccountType\": \"Standard_LRS\"\
        \r\n    },\r\n    \"storageProfile\": {\r\n      \"source\": {\r\n       \
        \ \"id\": \"/subscriptions/00000000-0000-0000-0000-000000000000/resourceGroups/cli_test_image_update_add_set_000001/providers/Microsoft.Compute/images/managedImage1\"\
        \r\n      },\r\n      \"osDiskImage\": {\r\n        \"sizeInGB\": 30,\r\n\
        \        \"hostCaching\": \"ReadWrite\",\r\n        \"source\": {}\r\n   \
        \   },\r\n      \"dataDiskImages\": [\r\n        {\r\n          \"lun\": 0,\r\
        \n          \"sizeInGB\": 10,\r\n          \"hostCaching\": \"None\"\r\n \
        \       }\r\n      ]\r\n    },\r\n    \"safetyProfile\": {\r\n      \"reportedForPolicyViolation\"\
        : false,\r\n      \"allowDeletionOfReplicatedLocations\": false\r\n    },\r\
        \n    \"provisioningState\": \"Succeeded\"\r\n  }\r\n}"
    headers:
      cache-control:
      - no-cache
      content-length:
      - '1559'
      content-type:
      - application/json; charset=utf-8
      date:
      - Sat, 28 Jan 2023 04:25:07 GMT
      expires:
      - '-1'
      pragma:
      - no-cache
      server:
      - Microsoft-HTTPAPI/2.0
      - Microsoft-HTTPAPI/2.0
      strict-transport-security:
      - max-age=31536000; includeSubDomains
      transfer-encoding:
      - chunked
      vary:
      - Accept-Encoding
      x-content-type-options:
      - nosniff
      x-ms-ratelimit-remaining-resource:
      - Microsoft.Compute/GetGalleryImageVersion3Min;1998,Microsoft.Compute/GetGalleryImageVersion30Min;9978
    status:
      code: 200
      message: OK
- request:
    body: null
    headers:
      Accept:
      - application/json
      Accept-Encoding:
      - gzip, deflate
      CommandName:
      - sig image-version update
      Connection:
      - keep-alive
      ParameterSetName:
      - -g --gallery-name --gallery-image-definition --gallery-image-version --set
      User-Agent:
      - AZURECLI/2.44.1 azsdk-python-azure-mgmt-compute/29.1.0 Python/3.10.9 (Windows-10-10.0.22621-SP0)
    method: GET
    uri: https://management.azure.com/subscriptions/00000000-0000-0000-0000-000000000000/resourceGroups/cli_test_image_update_add_set_000001/providers/Microsoft.Compute/galleries/gallery_000002/images/image1/versions/1.1.2?api-version=2022-03-03
  response:
    body:
      string: "{\r\n  \"name\": \"1.1.2\",\r\n  \"id\": \"/subscriptions/00000000-0000-0000-0000-000000000000/resourceGroups/cli_test_image_update_add_set_000001/providers/Microsoft.Compute/galleries/gallery_000002/images/image1/versions/1.1.2\"\
        ,\r\n  \"type\": \"Microsoft.Compute/galleries/images/versions\",\r\n  \"\
        location\": \"westus\",\r\n  \"tags\": {},\r\n  \"properties\": {\r\n    \"\
        publishingProfile\": {\r\n      \"targetRegions\": [\r\n        {\r\n    \
        \      \"name\": \"West US\",\r\n          \"regionalReplicaCount\": 1,\r\n\
        \          \"storageAccountType\": \"Standard_LRS\"\r\n        },\r\n    \
        \    {\r\n          \"name\": \"West Central US\",\r\n          \"regionalReplicaCount\"\
        : 3,\r\n          \"storageAccountType\": \"Standard_LRS\",\r\n          \"\
        excludeFromLatest\": true\r\n        }\r\n      ],\r\n      \"replicaCount\"\
        : 1,\r\n      \"excludeFromLatest\": false,\r\n      \"publishedDate\": \"\
        2023-01-28T04:10:55.2392593+00:00\",\r\n      \"storageAccountType\": \"Standard_LRS\"\
        \r\n    },\r\n    \"storageProfile\": {\r\n      \"source\": {\r\n       \
        \ \"id\": \"/subscriptions/00000000-0000-0000-0000-000000000000/resourceGroups/cli_test_image_update_add_set_000001/providers/Microsoft.Compute/images/managedImage1\"\
        \r\n      },\r\n      \"osDiskImage\": {\r\n        \"sizeInGB\": 30,\r\n\
        \        \"hostCaching\": \"ReadWrite\",\r\n        \"source\": {}\r\n   \
        \   },\r\n      \"dataDiskImages\": [\r\n        {\r\n          \"lun\": 0,\r\
        \n          \"sizeInGB\": 10,\r\n          \"hostCaching\": \"None\"\r\n \
        \       }\r\n      ]\r\n    },\r\n    \"safetyProfile\": {\r\n      \"reportedForPolicyViolation\"\
        : false,\r\n      \"allowDeletionOfReplicatedLocations\": false\r\n    },\r\
        \n    \"provisioningState\": \"Succeeded\"\r\n  }\r\n}"
    headers:
      cache-control:
      - no-cache
      content-length:
      - '1559'
      content-type:
      - application/json; charset=utf-8
      date:
      - Sat, 28 Jan 2023 04:25:08 GMT
      expires:
      - '-1'
      pragma:
      - no-cache
      server:
      - Microsoft-HTTPAPI/2.0
      - Microsoft-HTTPAPI/2.0
      strict-transport-security:
      - max-age=31536000; includeSubDomains
      transfer-encoding:
      - chunked
      vary:
      - Accept-Encoding
      x-content-type-options:
      - nosniff
      x-ms-ratelimit-remaining-resource:
      - Microsoft.Compute/GetGalleryImageVersion3Min;1997,Microsoft.Compute/GetGalleryImageVersion30Min;9977
    status:
      code: 200
      message: OK
- request:
    body: '{"location": "westus", "tags": {}, "properties": {"publishingProfile":
      {"targetRegions": [{"name": "West US", "regionalReplicaCount": 1, "storageAccountType":
      "Standard_LRS"}, {"name": "West Central US", "regionalReplicaCount": 3, "storageAccountType":
      "Standard_LRS", "excludeFromLatest": true}], "replicaCount": 1, "excludeFromLatest":
      false, "storageAccountType": "Standard_LRS"}, "storageProfile": {"osDiskImage":
      {"hostCaching": "ReadWrite"}, "dataDiskImages": [{"hostCaching": "None", "lun":
      0}]}, "safetyProfile": {"allowDeletionOfReplicatedLocations": true}}}'
    headers:
      Accept:
      - application/json
      Accept-Encoding:
      - gzip, deflate
      CommandName:
      - sig image-version update
      Connection:
      - keep-alive
      Content-Length:
      - '567'
      Content-Type:
      - application/json
      ParameterSetName:
      - -g --gallery-name --gallery-image-definition --gallery-image-version --set
      User-Agent:
      - AZURECLI/2.44.1 azsdk-python-azure-mgmt-compute/29.1.0 Python/3.10.9 (Windows-10-10.0.22621-SP0)
    method: PUT
    uri: https://management.azure.com/subscriptions/00000000-0000-0000-0000-000000000000/resourceGroups/cli_test_image_update_add_set_000001/providers/Microsoft.Compute/galleries/gallery_000002/images/image1/versions/1.1.2?api-version=2022-03-03
  response:
    body:
      string: "{\r\n  \"name\": \"1.1.2\",\r\n  \"id\": \"/subscriptions/00000000-0000-0000-0000-000000000000/resourceGroups/cli_test_image_update_add_set_000001/providers/Microsoft.Compute/galleries/gallery_000002/images/image1/versions/1.1.2\"\
        ,\r\n  \"type\": \"Microsoft.Compute/galleries/images/versions\",\r\n  \"\
        location\": \"westus\",\r\n  \"tags\": {},\r\n  \"properties\": {\r\n    \"\
        publishingProfile\": {\r\n      \"targetRegions\": [\r\n        {\r\n    \
        \      \"name\": \"West US\",\r\n          \"regionalReplicaCount\": 1,\r\n\
        \          \"storageAccountType\": \"Standard_LRS\"\r\n        },\r\n    \
        \    {\r\n          \"name\": \"West Central US\",\r\n          \"regionalReplicaCount\"\
        : 3,\r\n          \"storageAccountType\": \"Standard_LRS\",\r\n          \"\
        excludeFromLatest\": true\r\n        }\r\n      ],\r\n      \"replicaCount\"\
        : 1,\r\n      \"excludeFromLatest\": false,\r\n      \"publishedDate\": \"\
        2023-01-28T04:10:55.2392593+00:00\",\r\n      \"storageAccountType\": \"Standard_LRS\"\
        \r\n    },\r\n    \"storageProfile\": {\r\n      \"source\": {\r\n       \
        \ \"id\": \"/subscriptions/00000000-0000-0000-0000-000000000000/resourceGroups/cli_test_image_update_add_set_000001/providers/Microsoft.Compute/images/managedImage1\"\
        \r\n      },\r\n      \"osDiskImage\": {\r\n        \"sizeInGB\": 30,\r\n\
        \        \"hostCaching\": \"ReadWrite\",\r\n        \"source\": {}\r\n   \
        \   },\r\n      \"dataDiskImages\": [\r\n        {\r\n          \"lun\": 0,\r\
        \n          \"sizeInGB\": 10,\r\n          \"hostCaching\": \"None\"\r\n \
        \       }\r\n      ]\r\n    },\r\n    \"safetyProfile\": {\r\n      \"reportedForPolicyViolation\"\
        : false,\r\n      \"allowDeletionOfReplicatedLocations\": true\r\n    },\r\
        \n    \"provisioningState\": \"Updating\"\r\n  }\r\n}"
    headers:
      azure-asyncoperation:
      - https://management.azure.com/subscriptions/00000000-0000-0000-0000-000000000000/providers/Microsoft.Compute/locations/westus/capsOperations/a8e5441a-67b4-4d08-abf9-b8116ac56788?api-version=2022-03-03
      cache-control:
      - no-cache
      content-length:
      - '1557'
      content-type:
      - application/json; charset=utf-8
      date:
      - Sat, 28 Jan 2023 04:25:09 GMT
      expires:
      - '-1'
      pragma:
      - no-cache
      server:
      - Microsoft-HTTPAPI/2.0
      - Microsoft-HTTPAPI/2.0
      strict-transport-security:
      - max-age=31536000; includeSubDomains
      transfer-encoding:
      - chunked
      vary:
      - Accept-Encoding
      x-content-type-options:
      - nosniff
      x-ms-ratelimit-remaining-resource:
      - Microsoft.Compute/CreateUpdateGalleryImageVersion3Min;374,Microsoft.Compute/CreateUpdateGalleryImageVersion30Min;1195
      x-ms-ratelimit-remaining-subscription-writes:
      - '1194'
    status:
      code: 200
      message: OK
- request:
    body: null
    headers:
      Accept:
      - '*/*'
      Accept-Encoding:
      - gzip, deflate
      CommandName:
      - sig image-version update
      Connection:
      - keep-alive
      ParameterSetName:
      - -g --gallery-name --gallery-image-definition --gallery-image-version --set
      User-Agent:
      - AZURECLI/2.44.1 azsdk-python-azure-mgmt-compute/29.1.0 Python/3.10.9 (Windows-10-10.0.22621-SP0)
    method: GET
    uri: https://management.azure.com/subscriptions/00000000-0000-0000-0000-000000000000/providers/Microsoft.Compute/locations/westus/capsOperations/a8e5441a-67b4-4d08-abf9-b8116ac56788?api-version=2022-03-03
  response:
    body:
      string: "{\r\n  \"startTime\": \"2023-01-28T04:25:10.3437915+00:00\",\r\n  \"\
        status\": \"InProgress\",\r\n  \"name\": \"a8e5441a-67b4-4d08-abf9-b8116ac56788\"\
        \r\n}"
    headers:
      cache-control:
      - no-cache
      content-length:
      - '134'
      content-type:
      - application/json; charset=utf-8
      date:
      - Sat, 28 Jan 2023 04:26:10 GMT
      expires:
      - '-1'
      pragma:
      - no-cache
      server:
      - Microsoft-HTTPAPI/2.0
      - Microsoft-HTTPAPI/2.0
      strict-transport-security:
      - max-age=31536000; includeSubDomains
      transfer-encoding:
      - chunked
      vary:
      - Accept-Encoding
      x-content-type-options:
      - nosniff
      x-ms-ratelimit-remaining-resource:
      - Microsoft.Compute/GetOperationStatus3Min;1185,Microsoft.Compute/GetOperationStatus30Min;4118
    status:
      code: 200
      message: OK
- request:
    body: null
    headers:
      Accept:
      - '*/*'
      Accept-Encoding:
      - gzip, deflate
      CommandName:
      - sig image-version update
      Connection:
      - keep-alive
      ParameterSetName:
      - -g --gallery-name --gallery-image-definition --gallery-image-version --set
      User-Agent:
      - AZURECLI/2.44.1 azsdk-python-azure-mgmt-compute/29.1.0 Python/3.10.9 (Windows-10-10.0.22621-SP0)
    method: GET
    uri: https://management.azure.com/subscriptions/00000000-0000-0000-0000-000000000000/providers/Microsoft.Compute/locations/westus/capsOperations/a8e5441a-67b4-4d08-abf9-b8116ac56788?api-version=2022-03-03
  response:
    body:
      string: "{\r\n  \"startTime\": \"2023-01-28T04:25:10.3437915+00:00\",\r\n  \"\
        status\": \"InProgress\",\r\n  \"name\": \"a8e5441a-67b4-4d08-abf9-b8116ac56788\"\
        \r\n}"
    headers:
      cache-control:
      - no-cache
      content-length:
      - '134'
      content-type:
      - application/json; charset=utf-8
      date:
      - Sat, 28 Jan 2023 04:27:10 GMT
      expires:
      - '-1'
      pragma:
      - no-cache
      server:
      - Microsoft-HTTPAPI/2.0
      - Microsoft-HTTPAPI/2.0
      strict-transport-security:
      - max-age=31536000; includeSubDomains
      transfer-encoding:
      - chunked
      vary:
      - Accept-Encoding
      x-content-type-options:
      - nosniff
      x-ms-ratelimit-remaining-resource:
      - Microsoft.Compute/GetOperationStatus3Min;1185,Microsoft.Compute/GetOperationStatus30Min;4114
    status:
      code: 200
      message: OK
- request:
    body: null
    headers:
      Accept:
      - '*/*'
      Accept-Encoding:
      - gzip, deflate
      CommandName:
      - sig image-version update
      Connection:
      - keep-alive
      ParameterSetName:
      - -g --gallery-name --gallery-image-definition --gallery-image-version --set
      User-Agent:
      - AZURECLI/2.44.1 azsdk-python-azure-mgmt-compute/29.1.0 Python/3.10.9 (Windows-10-10.0.22621-SP0)
    method: GET
    uri: https://management.azure.com/subscriptions/00000000-0000-0000-0000-000000000000/providers/Microsoft.Compute/locations/westus/capsOperations/a8e5441a-67b4-4d08-abf9-b8116ac56788?api-version=2022-03-03
  response:
    body:
      string: "{\r\n  \"startTime\": \"2023-01-28T04:25:10.3437915+00:00\",\r\n  \"\
        endTime\": \"2023-01-28T04:27:40.502842+00:00\",\r\n  \"status\": \"Succeeded\"\
        ,\r\n  \"name\": \"a8e5441a-67b4-4d08-abf9-b8116ac56788\"\r\n}"
    headers:
      cache-control:
      - no-cache
      content-length:
      - '183'
      content-type:
      - application/json; charset=utf-8
      date:
      - Sat, 28 Jan 2023 04:28:11 GMT
      expires:
      - '-1'
      pragma:
      - no-cache
      server:
      - Microsoft-HTTPAPI/2.0
      - Microsoft-HTTPAPI/2.0
      strict-transport-security:
      - max-age=31536000; includeSubDomains
      transfer-encoding:
      - chunked
      vary:
      - Accept-Encoding
      x-content-type-options:
      - nosniff
      x-ms-ratelimit-remaining-resource:
      - Microsoft.Compute/GetOperationStatus3Min;1189,Microsoft.Compute/GetOperationStatus30Min;4110
    status:
      code: 200
      message: OK
- request:
    body: null
    headers:
      Accept:
      - '*/*'
      Accept-Encoding:
      - gzip, deflate
      CommandName:
      - sig image-version update
      Connection:
      - keep-alive
      ParameterSetName:
      - -g --gallery-name --gallery-image-definition --gallery-image-version --set
      User-Agent:
      - AZURECLI/2.44.1 azsdk-python-azure-mgmt-compute/29.1.0 Python/3.10.9 (Windows-10-10.0.22621-SP0)
    method: GET
    uri: https://management.azure.com/subscriptions/00000000-0000-0000-0000-000000000000/resourceGroups/cli_test_image_update_add_set_000001/providers/Microsoft.Compute/galleries/gallery_000002/images/image1/versions/1.1.2?api-version=2022-03-03
  response:
    body:
      string: "{\r\n  \"name\": \"1.1.2\",\r\n  \"id\": \"/subscriptions/00000000-0000-0000-0000-000000000000/resourceGroups/cli_test_image_update_add_set_000001/providers/Microsoft.Compute/galleries/gallery_000002/images/image1/versions/1.1.2\"\
        ,\r\n  \"type\": \"Microsoft.Compute/galleries/images/versions\",\r\n  \"\
        location\": \"westus\",\r\n  \"tags\": {},\r\n  \"properties\": {\r\n    \"\
        publishingProfile\": {\r\n      \"targetRegions\": [\r\n        {\r\n    \
        \      \"name\": \"West US\",\r\n          \"regionalReplicaCount\": 1,\r\n\
        \          \"storageAccountType\": \"Standard_LRS\"\r\n        },\r\n    \
        \    {\r\n          \"name\": \"West Central US\",\r\n          \"regionalReplicaCount\"\
        : 3,\r\n          \"storageAccountType\": \"Standard_LRS\",\r\n          \"\
        excludeFromLatest\": true\r\n        }\r\n      ],\r\n      \"replicaCount\"\
        : 1,\r\n      \"excludeFromLatest\": false,\r\n      \"publishedDate\": \"\
        2023-01-28T04:10:55.2392593+00:00\",\r\n      \"storageAccountType\": \"Standard_LRS\"\
        \r\n    },\r\n    \"storageProfile\": {\r\n      \"source\": {\r\n       \
        \ \"id\": \"/subscriptions/00000000-0000-0000-0000-000000000000/resourceGroups/cli_test_image_update_add_set_000001/providers/Microsoft.Compute/images/managedImage1\"\
        \r\n      },\r\n      \"osDiskImage\": {\r\n        \"sizeInGB\": 30,\r\n\
        \        \"hostCaching\": \"ReadWrite\",\r\n        \"source\": {}\r\n   \
        \   },\r\n      \"dataDiskImages\": [\r\n        {\r\n          \"lun\": 0,\r\
        \n          \"sizeInGB\": 10,\r\n          \"hostCaching\": \"None\"\r\n \
        \       }\r\n      ]\r\n    },\r\n    \"safetyProfile\": {\r\n      \"reportedForPolicyViolation\"\
        : false,\r\n      \"allowDeletionOfReplicatedLocations\": true\r\n    },\r\
        \n    \"provisioningState\": \"Succeeded\"\r\n  }\r\n}"
    headers:
      cache-control:
      - no-cache
      content-length:
      - '1558'
      content-type:
      - application/json; charset=utf-8
      date:
      - Sat, 28 Jan 2023 04:28:11 GMT
      expires:
      - '-1'
      pragma:
      - no-cache
      server:
      - Microsoft-HTTPAPI/2.0
      - Microsoft-HTTPAPI/2.0
      strict-transport-security:
      - max-age=31536000; includeSubDomains
      transfer-encoding:
      - chunked
      vary:
      - Accept-Encoding
      x-content-type-options:
      - nosniff
      x-ms-ratelimit-remaining-resource:
      - Microsoft.Compute/GetGalleryImageVersion3Min;1997,Microsoft.Compute/GetGalleryImageVersion30Min;9971
    status:
      code: 200
      message: OK
- request:
    body: null
    headers:
      Accept:
      - application/json
      Accept-Encoding:
      - gzip, deflate
      CommandName:
      - sig image-version update
      Connection:
      - keep-alive
      ParameterSetName:
      - -g --gallery-name --gallery-image-definition --gallery-image-version --set
      User-Agent:
      - AZURECLI/2.44.1 azsdk-python-azure-mgmt-compute/29.1.0 Python/3.10.9 (Windows-10-10.0.22621-SP0)
    method: GET
    uri: https://management.azure.com/subscriptions/00000000-0000-0000-0000-000000000000/resourceGroups/cli_test_image_update_add_set_000001/providers/Microsoft.Compute/galleries/gallery_000002/images/image1/versions/1.1.2?api-version=2022-03-03
  response:
    body:
      string: "{\r\n  \"name\": \"1.1.2\",\r\n  \"id\": \"/subscriptions/00000000-0000-0000-0000-000000000000/resourceGroups/cli_test_image_update_add_set_000001/providers/Microsoft.Compute/galleries/gallery_000002/images/image1/versions/1.1.2\"\
        ,\r\n  \"type\": \"Microsoft.Compute/galleries/images/versions\",\r\n  \"\
        location\": \"westus\",\r\n  \"tags\": {},\r\n  \"properties\": {\r\n    \"\
        publishingProfile\": {\r\n      \"targetRegions\": [\r\n        {\r\n    \
        \      \"name\": \"West US\",\r\n          \"regionalReplicaCount\": 1,\r\n\
        \          \"storageAccountType\": \"Standard_LRS\"\r\n        },\r\n    \
        \    {\r\n          \"name\": \"West Central US\",\r\n          \"regionalReplicaCount\"\
        : 3,\r\n          \"storageAccountType\": \"Standard_LRS\",\r\n          \"\
        excludeFromLatest\": true\r\n        }\r\n      ],\r\n      \"replicaCount\"\
        : 1,\r\n      \"excludeFromLatest\": false,\r\n      \"publishedDate\": \"\
        2023-01-28T04:10:55.2392593+00:00\",\r\n      \"storageAccountType\": \"Standard_LRS\"\
        \r\n    },\r\n    \"storageProfile\": {\r\n      \"source\": {\r\n       \
        \ \"id\": \"/subscriptions/00000000-0000-0000-0000-000000000000/resourceGroups/cli_test_image_update_add_set_000001/providers/Microsoft.Compute/images/managedImage1\"\
        \r\n      },\r\n      \"osDiskImage\": {\r\n        \"sizeInGB\": 30,\r\n\
        \        \"hostCaching\": \"ReadWrite\",\r\n        \"source\": {}\r\n   \
        \   },\r\n      \"dataDiskImages\": [\r\n        {\r\n          \"lun\": 0,\r\
        \n          \"sizeInGB\": 10,\r\n          \"hostCaching\": \"None\"\r\n \
        \       }\r\n      ]\r\n    },\r\n    \"safetyProfile\": {\r\n      \"reportedForPolicyViolation\"\
        : false,\r\n      \"allowDeletionOfReplicatedLocations\": true\r\n    },\r\
        \n    \"provisioningState\": \"Succeeded\"\r\n  }\r\n}"
    headers:
      cache-control:
      - no-cache
      content-length:
      - '1558'
      content-type:
      - application/json; charset=utf-8
      date:
      - Sat, 28 Jan 2023 04:28:13 GMT
      expires:
      - '-1'
      pragma:
      - no-cache
      server:
      - Microsoft-HTTPAPI/2.0
      - Microsoft-HTTPAPI/2.0
      strict-transport-security:
      - max-age=31536000; includeSubDomains
      transfer-encoding:
      - chunked
      vary:
      - Accept-Encoding
      x-content-type-options:
      - nosniff
      x-ms-ratelimit-remaining-resource:
      - Microsoft.Compute/GetGalleryImageVersion3Min;1996,Microsoft.Compute/GetGalleryImageVersion30Min;9970
    status:
      code: 200
      message: OK
- request:
    body: '{"location": "westus", "tags": {}, "properties": {"publishingProfile":
      {"targetRegions": [{"name": "West US", "regionalReplicaCount": 1, "storageAccountType":
      "Standard_LRS"}, {"name": "West Central US", "regionalReplicaCount": 3, "storageAccountType":
      "Standard_LRS", "excludeFromLatest": true}], "replicaCount": 1, "excludeFromLatest":
      false, "storageAccountType": "Standard_LRS"}, "storageProfile": {"osDiskImage":
      {"hostCaching": "ReadWrite"}, "dataDiskImages": [{"hostCaching": "None", "lun":
      0}]}, "safetyProfile": {"allowDeletionOfReplicatedLocations": false}}}'
    headers:
      Accept:
      - application/json
      Accept-Encoding:
      - gzip, deflate
      CommandName:
      - sig image-version update
      Connection:
      - keep-alive
      Content-Length:
      - '568'
      Content-Type:
      - application/json
      ParameterSetName:
      - -g --gallery-name --gallery-image-definition --gallery-image-version --set
      User-Agent:
      - AZURECLI/2.44.1 azsdk-python-azure-mgmt-compute/29.1.0 Python/3.10.9 (Windows-10-10.0.22621-SP0)
    method: PUT
    uri: https://management.azure.com/subscriptions/00000000-0000-0000-0000-000000000000/resourceGroups/cli_test_image_update_add_set_000001/providers/Microsoft.Compute/galleries/gallery_000002/images/image1/versions/1.1.2?api-version=2022-03-03
  response:
    body:
      string: "{\r\n  \"name\": \"1.1.2\",\r\n  \"id\": \"/subscriptions/00000000-0000-0000-0000-000000000000/resourceGroups/cli_test_image_update_add_set_000001/providers/Microsoft.Compute/galleries/gallery_000002/images/image1/versions/1.1.2\"\
        ,\r\n  \"type\": \"Microsoft.Compute/galleries/images/versions\",\r\n  \"\
        location\": \"westus\",\r\n  \"tags\": {},\r\n  \"properties\": {\r\n    \"\
        publishingProfile\": {\r\n      \"targetRegions\": [\r\n        {\r\n    \
        \      \"name\": \"West US\",\r\n          \"regionalReplicaCount\": 1,\r\n\
        \          \"storageAccountType\": \"Standard_LRS\"\r\n        },\r\n    \
        \    {\r\n          \"name\": \"West Central US\",\r\n          \"regionalReplicaCount\"\
        : 3,\r\n          \"storageAccountType\": \"Standard_LRS\",\r\n          \"\
        excludeFromLatest\": true\r\n        }\r\n      ],\r\n      \"replicaCount\"\
        : 1,\r\n      \"excludeFromLatest\": false,\r\n      \"publishedDate\": \"\
        2023-01-28T04:10:55.2392593+00:00\",\r\n      \"storageAccountType\": \"Standard_LRS\"\
        \r\n    },\r\n    \"storageProfile\": {\r\n      \"source\": {\r\n       \
        \ \"id\": \"/subscriptions/00000000-0000-0000-0000-000000000000/resourceGroups/cli_test_image_update_add_set_000001/providers/Microsoft.Compute/images/managedImage1\"\
        \r\n      },\r\n      \"osDiskImage\": {\r\n        \"sizeInGB\": 30,\r\n\
        \        \"hostCaching\": \"ReadWrite\",\r\n        \"source\": {}\r\n   \
        \   },\r\n      \"dataDiskImages\": [\r\n        {\r\n          \"lun\": 0,\r\
        \n          \"sizeInGB\": 10,\r\n          \"hostCaching\": \"None\"\r\n \
        \       }\r\n      ]\r\n    },\r\n    \"safetyProfile\": {\r\n      \"reportedForPolicyViolation\"\
        : false,\r\n      \"allowDeletionOfReplicatedLocations\": false\r\n    },\r\
        \n    \"provisioningState\": \"Updating\"\r\n  }\r\n}"
    headers:
      azure-asyncoperation:
      - https://management.azure.com/subscriptions/00000000-0000-0000-0000-000000000000/providers/Microsoft.Compute/locations/westus/capsOperations/05ea55c4-a004-47f7-ab5d-5e84cc85783d?api-version=2022-03-03
      cache-control:
      - no-cache
      content-length:
      - '1558'
      content-type:
      - application/json; charset=utf-8
      date:
      - Sat, 28 Jan 2023 04:28:14 GMT
      expires:
      - '-1'
      pragma:
      - no-cache
      server:
      - Microsoft-HTTPAPI/2.0
      - Microsoft-HTTPAPI/2.0
      strict-transport-security:
      - max-age=31536000; includeSubDomains
      transfer-encoding:
      - chunked
      vary:
      - Accept-Encoding
      x-content-type-options:
      - nosniff
      x-ms-ratelimit-remaining-resource:
      - Microsoft.Compute/CreateUpdateGalleryImageVersion3Min;374,Microsoft.Compute/CreateUpdateGalleryImageVersion30Min;1194
      x-ms-ratelimit-remaining-subscription-writes:
      - '1194'
    status:
      code: 200
      message: OK
- request:
    body: null
    headers:
      Accept:
      - '*/*'
      Accept-Encoding:
      - gzip, deflate
      CommandName:
      - sig image-version update
      Connection:
      - keep-alive
      ParameterSetName:
      - -g --gallery-name --gallery-image-definition --gallery-image-version --set
      User-Agent:
      - AZURECLI/2.44.1 azsdk-python-azure-mgmt-compute/29.1.0 Python/3.10.9 (Windows-10-10.0.22621-SP0)
    method: GET
    uri: https://management.azure.com/subscriptions/00000000-0000-0000-0000-000000000000/providers/Microsoft.Compute/locations/westus/capsOperations/05ea55c4-a004-47f7-ab5d-5e84cc85783d?api-version=2022-03-03
  response:
    body:
      string: "{\r\n  \"startTime\": \"2023-01-28T04:28:15.1283369+00:00\",\r\n  \"\
        status\": \"InProgress\",\r\n  \"name\": \"05ea55c4-a004-47f7-ab5d-5e84cc85783d\"\
        \r\n}"
    headers:
      cache-control:
      - no-cache
      content-length:
      - '134'
      content-type:
      - application/json; charset=utf-8
      date:
      - Sat, 28 Jan 2023 04:29:15 GMT
      expires:
      - '-1'
      pragma:
      - no-cache
      server:
      - Microsoft-HTTPAPI/2.0
      - Microsoft-HTTPAPI/2.0
      strict-transport-security:
      - max-age=31536000; includeSubDomains
      transfer-encoding:
      - chunked
      vary:
      - Accept-Encoding
      x-content-type-options:
      - nosniff
      x-ms-ratelimit-remaining-resource:
      - Microsoft.Compute/GetOperationStatus3Min;1189,Microsoft.Compute/GetOperationStatus30Min;4106
    status:
      code: 200
      message: OK
- request:
    body: null
    headers:
      Accept:
      - '*/*'
      Accept-Encoding:
      - gzip, deflate
      CommandName:
      - sig image-version update
      Connection:
      - keep-alive
      ParameterSetName:
      - -g --gallery-name --gallery-image-definition --gallery-image-version --set
      User-Agent:
      - AZURECLI/2.44.1 azsdk-python-azure-mgmt-compute/29.1.0 Python/3.10.9 (Windows-10-10.0.22621-SP0)
    method: GET
    uri: https://management.azure.com/subscriptions/00000000-0000-0000-0000-000000000000/providers/Microsoft.Compute/locations/westus/capsOperations/05ea55c4-a004-47f7-ab5d-5e84cc85783d?api-version=2022-03-03
  response:
    body:
      string: "{\r\n  \"startTime\": \"2023-01-28T04:28:15.1283369+00:00\",\r\n  \"\
        status\": \"InProgress\",\r\n  \"name\": \"05ea55c4-a004-47f7-ab5d-5e84cc85783d\"\
        \r\n}"
    headers:
      cache-control:
      - no-cache
      content-length:
      - '134'
      content-type:
      - application/json; charset=utf-8
      date:
      - Sat, 28 Jan 2023 04:30:15 GMT
      expires:
      - '-1'
      pragma:
      - no-cache
      server:
      - Microsoft-HTTPAPI/2.0
      - Microsoft-HTTPAPI/2.0
      strict-transport-security:
      - max-age=31536000; includeSubDomains
      transfer-encoding:
      - chunked
      vary:
      - Accept-Encoding
      x-content-type-options:
      - nosniff
      x-ms-ratelimit-remaining-resource:
      - Microsoft.Compute/GetOperationStatus3Min;1186,Microsoft.Compute/GetOperationStatus30Min;4107
    status:
      code: 200
      message: OK
- request:
    body: null
    headers:
      Accept:
      - '*/*'
      Accept-Encoding:
      - gzip, deflate
      CommandName:
      - sig image-version update
      Connection:
      - keep-alive
      ParameterSetName:
      - -g --gallery-name --gallery-image-definition --gallery-image-version --set
      User-Agent:
      - AZURECLI/2.44.1 azsdk-python-azure-mgmt-compute/29.1.0 Python/3.10.9 (Windows-10-10.0.22621-SP0)
    method: GET
    uri: https://management.azure.com/subscriptions/00000000-0000-0000-0000-000000000000/providers/Microsoft.Compute/locations/westus/capsOperations/05ea55c4-a004-47f7-ab5d-5e84cc85783d?api-version=2022-03-03
  response:
    body:
      string: "{\r\n  \"startTime\": \"2023-01-28T04:28:15.1283369+00:00\",\r\n  \"\
        endTime\": \"2023-01-28T04:30:45.2711508+00:00\",\r\n  \"status\": \"Succeeded\"\
        ,\r\n  \"name\": \"05ea55c4-a004-47f7-ab5d-5e84cc85783d\"\r\n}"
    headers:
      cache-control:
      - no-cache
      content-length:
      - '184'
      content-type:
      - application/json; charset=utf-8
      date:
      - Sat, 28 Jan 2023 04:31:16 GMT
      expires:
      - '-1'
      pragma:
      - no-cache
      server:
      - Microsoft-HTTPAPI/2.0
      - Microsoft-HTTPAPI/2.0
      strict-transport-security:
      - max-age=31536000; includeSubDomains
      transfer-encoding:
      - chunked
      vary:
      - Accept-Encoding
      x-content-type-options:
      - nosniff
      x-ms-ratelimit-remaining-resource:
      - Microsoft.Compute/GetOperationStatus3Min;1186,Microsoft.Compute/GetOperationStatus30Min;4103
    status:
      code: 200
      message: OK
- request:
    body: null
    headers:
      Accept:
      - '*/*'
      Accept-Encoding:
      - gzip, deflate
      CommandName:
      - sig image-version update
      Connection:
      - keep-alive
      ParameterSetName:
      - -g --gallery-name --gallery-image-definition --gallery-image-version --set
      User-Agent:
      - AZURECLI/2.44.1 azsdk-python-azure-mgmt-compute/29.1.0 Python/3.10.9 (Windows-10-10.0.22621-SP0)
    method: GET
    uri: https://management.azure.com/subscriptions/00000000-0000-0000-0000-000000000000/resourceGroups/cli_test_image_update_add_set_000001/providers/Microsoft.Compute/galleries/gallery_000002/images/image1/versions/1.1.2?api-version=2022-03-03
  response:
    body:
      string: "{\r\n  \"name\": \"1.1.2\",\r\n  \"id\": \"/subscriptions/00000000-0000-0000-0000-000000000000/resourceGroups/cli_test_image_update_add_set_000001/providers/Microsoft.Compute/galleries/gallery_000002/images/image1/versions/1.1.2\"\
        ,\r\n  \"type\": \"Microsoft.Compute/galleries/images/versions\",\r\n  \"\
        location\": \"westus\",\r\n  \"tags\": {},\r\n  \"properties\": {\r\n    \"\
        publishingProfile\": {\r\n      \"targetRegions\": [\r\n        {\r\n    \
        \      \"name\": \"West US\",\r\n          \"regionalReplicaCount\": 1,\r\n\
        \          \"storageAccountType\": \"Standard_LRS\"\r\n        },\r\n    \
        \    {\r\n          \"name\": \"West Central US\",\r\n          \"regionalReplicaCount\"\
        : 3,\r\n          \"storageAccountType\": \"Standard_LRS\",\r\n          \"\
        excludeFromLatest\": true\r\n        }\r\n      ],\r\n      \"replicaCount\"\
        : 1,\r\n      \"excludeFromLatest\": false,\r\n      \"publishedDate\": \"\
        2023-01-28T04:10:55.2392593+00:00\",\r\n      \"storageAccountType\": \"Standard_LRS\"\
        \r\n    },\r\n    \"storageProfile\": {\r\n      \"source\": {\r\n       \
        \ \"id\": \"/subscriptions/00000000-0000-0000-0000-000000000000/resourceGroups/cli_test_image_update_add_set_000001/providers/Microsoft.Compute/images/managedImage1\"\
        \r\n      },\r\n      \"osDiskImage\": {\r\n        \"sizeInGB\": 30,\r\n\
        \        \"hostCaching\": \"ReadWrite\",\r\n        \"source\": {}\r\n   \
        \   },\r\n      \"dataDiskImages\": [\r\n        {\r\n          \"lun\": 0,\r\
        \n          \"sizeInGB\": 10,\r\n          \"hostCaching\": \"None\"\r\n \
        \       }\r\n      ]\r\n    },\r\n    \"safetyProfile\": {\r\n      \"reportedForPolicyViolation\"\
        : false,\r\n      \"allowDeletionOfReplicatedLocations\": false\r\n    },\r\
        \n    \"provisioningState\": \"Succeeded\"\r\n  }\r\n}"
    headers:
      cache-control:
      - no-cache
      content-length:
      - '1559'
      content-type:
      - application/json; charset=utf-8
      date:
      - Sat, 28 Jan 2023 04:31:16 GMT
      expires:
      - '-1'
      pragma:
      - no-cache
      server:
      - Microsoft-HTTPAPI/2.0
      - Microsoft-HTTPAPI/2.0
      strict-transport-security:
      - max-age=31536000; includeSubDomains
      transfer-encoding:
      - chunked
      vary:
      - Accept-Encoding
      x-content-type-options:
      - nosniff
      x-ms-ratelimit-remaining-resource:
      - Microsoft.Compute/GetGalleryImageVersion3Min;1995,Microsoft.Compute/GetGalleryImageVersion30Min;9965
    status:
      code: 200
      message: OK
version: 1
