interactions:
- request:
    body: null
    headers:
      Accept:
      - application/json
      Accept-Encoding:
      - gzip, deflate
      CommandName:
      - vm create
      Connection:
      - keep-alive
      ParameterSetName:
      - -n -g --image --authentication-type --admin-username --admin-password --nsg-rule
      User-Agent:
      - AZURECLI/2.61.0 azsdk-python-core/1.28.0 Python/3.9.5 (Windows-10-10.0.22631-SP0)
    method: GET
    uri: https://management.azure.com/subscriptions/00000000-0000-0000-0000-000000000000/resourcegroups/cli_test_vm_extension_2000001?api-version=2022-09-01
  response:
    body:
      string: '{"id":"/subscriptions/00000000-0000-0000-0000-000000000000/resourceGroups/cli_test_vm_extension_2000001","name":"cli_test_vm_extension_2000001","type":"Microsoft.Resources/resourceGroups","location":"westus","tags":{"product":"azurecli","cause":"automation","test":"test_vm_extension_instance_name","date":"2024-07-01T11:29:51Z","module":"vm"},"properties":{"provisioningState":"Succeeded"}}'
    headers:
      cache-control:
      - no-cache
      content-length:
      - '391'
      content-type:
      - application/json; charset=utf-8
      date:
      - Mon, 01 Jul 2024 11:29:54 GMT
      expires:
      - '-1'
      pragma:
      - no-cache
      strict-transport-security:
      - max-age=31536000; includeSubDomains
      x-cache:
      - CONFIG_NOCACHE
      x-content-type-options:
      - nosniff
      x-ms-ratelimit-remaining-subscription-global-reads:
      - '3749'
      x-msedge-ref:
      - 'Ref A: CE0AFAC0E18F4EB184236F6EFA822F3C Ref B: TYO201100114009 Ref C: 2024-07-01T11:29:54Z'
    status:
      code: 200
      message: OK
- request:
    body: null
    headers:
      Accept:
      - application/json
      Accept-Encoding:
      - gzip, deflate
      CommandName:
      - vm create
      Connection:
      - keep-alive
      ParameterSetName:
      - -n -g --image --authentication-type --admin-username --admin-password --nsg-rule
      User-Agent:
      - AZURECLI/2.61.0 azsdk-python-core/1.28.0 Python/3.9.5 (Windows-10-10.0.22631-SP0)
    method: GET
    uri: https://management.azure.com/subscriptions/00000000-0000-0000-0000-000000000000/providers/Microsoft.Compute/locations/westus/publishers/Canonical/artifacttypes/vmimage/offers/UbuntuServer/skus/18.04-LTS/versions?$top=1&$orderby=name%20desc&api-version=2024-03-01
  response:
    body:
      string: "[\r\n  {\r\n    \"location\": \"westus\",\r\n    \"name\": \"18.04.202401161\",\r\n
        \   \"id\": \"/Subscriptions/00000000-0000-0000-0000-000000000000/Providers/Microsoft.Compute/Locations/westus/Publishers/Canonical/ArtifactTypes/VMImage/Offers/UbuntuServer/Skus/18.04-LTS/Versions/18.04.202401161\"\r\n
        \ }\r\n]"
    headers:
      cache-control:
      - no-cache
      content-length:
      - '286'
      content-type:
      - application/json; charset=utf-8
      date:
      - Mon, 01 Jul 2024 11:29:55 GMT
      expires:
      - '-1'
      pragma:
      - no-cache
      strict-transport-security:
      - max-age=31536000; includeSubDomains
      x-cache:
      - CONFIG_NOCACHE
      x-content-type-options:
      - nosniff
      x-ms-ratelimit-remaining-resource:
      - Microsoft.Compute/ListVMImagesVersionsFromLocation3Min;15996,Microsoft.Compute/ListVMImagesVersionsFromLocation30Min;43996
      x-ms-ratelimit-remaining-subscription-global-reads:
      - '3749'
      x-msedge-ref:
      - 'Ref A: 79AB6626CAC2434DBC4BBCC1DA2DA335 Ref B: TYO201100115035 Ref C: 2024-07-01T11:29:55Z'
    status:
      code: 200
      message: OK
- request:
    body: null
    headers:
      Accept:
      - application/json
      Accept-Encoding:
      - gzip, deflate
      CommandName:
      - vm create
      Connection:
      - keep-alive
      ParameterSetName:
      - -n -g --image --authentication-type --admin-username --admin-password --nsg-rule
      User-Agent:
      - AZURECLI/2.61.0 azsdk-python-core/1.28.0 Python/3.9.5 (Windows-10-10.0.22631-SP0)
    method: GET
    uri: https://management.azure.com/subscriptions/00000000-0000-0000-0000-000000000000/providers/Microsoft.Compute/locations/westus/publishers/Canonical/artifacttypes/vmimage/offers/UbuntuServer/skus/18.04-LTS/versions/18.04.202401161?api-version=2024-03-01
  response:
    body:
      string: "{\r\n  \"properties\": {\r\n    \"hyperVGeneration\": \"V1\",\r\n    \"architecture\":
        \"x64\",\r\n    \"replicaType\": \"Unmanaged\",\r\n    \"disallowed\": {\r\n
        \     \"vmDiskType\": \"None\"\r\n    },\r\n    \"automaticOSUpgradeProperties\":
        {\r\n      \"automaticOSUpgradeSupported\": true\r\n    },\r\n    \"imageDeprecationStatus\":
        {\r\n      \"imageState\": \"Active\"\r\n    },\r\n    \"features\": [\r\n
        \     {\r\n        \"name\": \"IsAcceleratedNetworkSupported\",\r\n        \"value\":
        \"True\"\r\n      },\r\n      {\r\n        \"name\": \"DiskControllerTypes\",\r\n
        \       \"value\": \"SCSI, NVMe\"\r\n      },\r\n      {\r\n        \"name\":
        \"IsHibernateSupported\",\r\n        \"value\": \"True\"\r\n      }\r\n    ],\r\n
        \   \"osDiskImage\": {\r\n      \"operatingSystem\": \"Linux\",\r\n      \"sizeInBytes\":
        32213303808\r\n    },\r\n    \"dataDiskImages\": []\r\n  },\r\n  \"location\":
        \"westus\",\r\n  \"name\": \"18.04.202401161\",\r\n  \"id\": \"/Subscriptions/00000000-0000-0000-0000-000000000000/Providers/Microsoft.Compute/Locations/westus/Publishers/Canonical/ArtifactTypes/VMImage/Offers/UbuntuServer/Skus/18.04-LTS/Versions/18.04.202401161\"\r\n}"
    headers:
      cache-control:
      - no-cache
      content-length:
      - '1025'
      content-type:
      - application/json; charset=utf-8
      date:
      - Mon, 01 Jul 2024 11:29:56 GMT
      expires:
      - '-1'
      pragma:
      - no-cache
      strict-transport-security:
      - max-age=31536000; includeSubDomains
      x-cache:
      - CONFIG_NOCACHE
      x-content-type-options:
      - nosniff
      x-ms-ratelimit-remaining-resource:
      - Microsoft.Compute/GetVMImageFromLocation3Min;12996,Microsoft.Compute/GetVMImageFromLocation30Min;73996
      x-ms-ratelimit-remaining-subscription-global-reads:
      - '3749'
      x-msedge-ref:
      - 'Ref A: CEE0547A3EEF4B9D94235E99B81E468D Ref B: TYO201151004029 Ref C: 2024-07-01T11:29:56Z'
    status:
      code: 200
      message: OK
- request:
    body: null
    headers:
      Accept:
      - application/json
      Accept-Encoding:
      - gzip, deflate
      CommandName:
      - vm create
      Connection:
      - keep-alive
      ParameterSetName:
      - -n -g --image --authentication-type --admin-username --admin-password --nsg-rule
      User-Agent:
      - AZURECLI/2.61.0 azsdk-python-core/1.28.0 Python/3.9.5 (Windows-10-10.0.22631-SP0)
    method: GET
    uri: https://management.azure.com/subscriptions/00000000-0000-0000-0000-000000000000/resourceGroups/cli_test_vm_extension_2000001/providers/Microsoft.Network/virtualNetworks?api-version=2022-01-01
  response:
    body:
      string: '{"value":[]}'
    headers:
      cache-control:
      - no-cache
      content-length:
      - '12'
      content-type:
      - application/json; charset=utf-8
      date:
      - Mon, 01 Jul 2024 11:29:57 GMT
      expires:
      - '-1'
      pragma:
      - no-cache
      strict-transport-security:
      - max-age=31536000; includeSubDomains
      x-cache:
      - CONFIG_NOCACHE
      x-content-type-options:
      - nosniff
      x-ms-ratelimit-remaining-subscription-global-reads:
      - '3749'
      x-msedge-ref:
      - 'Ref A: B6FEB8EAF0484EBEA76844346121BD28 Ref B: TYO201151002040 Ref C: 2024-07-01T11:29:57Z'
    status:
      code: 200
      message: OK
- request:
    body: null
    headers:
      Accept:
      - application/json
      Accept-Encoding:
      - gzip, deflate
      CommandName:
      - vm create
      Connection:
      - keep-alive
      ParameterSetName:
      - -n -g --image --authentication-type --admin-username --admin-password --nsg-rule
      User-Agent:
      - AZURECLI/2.61.0 azsdk-python-core/1.28.0 Python/3.9.5 (Windows-10-10.0.22631-SP0)
    method: GET
    uri: https://management.azure.com/subscriptions/00000000-0000-0000-0000-000000000000/providers/Microsoft.Compute/locations/westus/publishers/Canonical/artifacttypes/vmimage/offers/UbuntuServer/skus/18.04-LTS/versions?$top=1&$orderby=name%20desc&api-version=2024-03-01
  response:
    body:
      string: "[\r\n  {\r\n    \"location\": \"westus\",\r\n    \"name\": \"18.04.202401161\",\r\n
        \   \"id\": \"/Subscriptions/00000000-0000-0000-0000-000000000000/Providers/Microsoft.Compute/Locations/westus/Publishers/Canonical/ArtifactTypes/VMImage/Offers/UbuntuServer/Skus/18.04-LTS/Versions/18.04.202401161\"\r\n
        \ }\r\n]"
    headers:
      cache-control:
      - no-cache
      content-length:
      - '286'
      content-type:
      - application/json; charset=utf-8
      date:
      - Mon, 01 Jul 2024 11:29:59 GMT
      expires:
      - '-1'
      pragma:
      - no-cache
      strict-transport-security:
      - max-age=31536000; includeSubDomains
      x-cache:
      - CONFIG_NOCACHE
      x-content-type-options:
      - nosniff
      x-ms-ratelimit-remaining-resource:
      - Microsoft.Compute/ListVMImagesVersionsFromLocation3Min;15995,Microsoft.Compute/ListVMImagesVersionsFromLocation30Min;43995
      x-ms-ratelimit-remaining-subscription-global-reads:
      - '3749'
      x-msedge-ref:
      - 'Ref A: 952CBDF2A0CA439A9C9289A17E18D17E Ref B: TYO201151006025 Ref C: 2024-07-01T11:29:59Z'
    status:
      code: 200
      message: OK
- request:
    body: null
    headers:
      Accept:
      - application/json
      Accept-Encoding:
      - gzip, deflate
      CommandName:
      - vm create
      Connection:
      - keep-alive
      ParameterSetName:
      - -n -g --image --authentication-type --admin-username --admin-password --nsg-rule
      User-Agent:
      - AZURECLI/2.61.0 azsdk-python-core/1.28.0 Python/3.9.5 (Windows-10-10.0.22631-SP0)
    method: GET
    uri: https://management.azure.com/subscriptions/00000000-0000-0000-0000-000000000000/providers/Microsoft.Compute/locations/westus/publishers/Canonical/artifacttypes/vmimage/offers/UbuntuServer/skus/18.04-LTS/versions/18.04.202401161?api-version=2024-03-01
  response:
    body:
      string: "{\r\n  \"properties\": {\r\n    \"hyperVGeneration\": \"V1\",\r\n    \"architecture\":
        \"x64\",\r\n    \"replicaType\": \"Unmanaged\",\r\n    \"disallowed\": {\r\n
        \     \"vmDiskType\": \"None\"\r\n    },\r\n    \"automaticOSUpgradeProperties\":
        {\r\n      \"automaticOSUpgradeSupported\": true\r\n    },\r\n    \"imageDeprecationStatus\":
        {\r\n      \"imageState\": \"Active\"\r\n    },\r\n    \"features\": [\r\n
        \     {\r\n        \"name\": \"IsAcceleratedNetworkSupported\",\r\n        \"value\":
        \"True\"\r\n      },\r\n      {\r\n        \"name\": \"DiskControllerTypes\",\r\n
        \       \"value\": \"SCSI, NVMe\"\r\n      },\r\n      {\r\n        \"name\":
        \"IsHibernateSupported\",\r\n        \"value\": \"True\"\r\n      }\r\n    ],\r\n
        \   \"osDiskImage\": {\r\n      \"operatingSystem\": \"Linux\",\r\n      \"sizeInBytes\":
        32213303808\r\n    },\r\n    \"dataDiskImages\": []\r\n  },\r\n  \"location\":
        \"westus\",\r\n  \"name\": \"18.04.202401161\",\r\n  \"id\": \"/Subscriptions/00000000-0000-0000-0000-000000000000/Providers/Microsoft.Compute/Locations/westus/Publishers/Canonical/ArtifactTypes/VMImage/Offers/UbuntuServer/Skus/18.04-LTS/Versions/18.04.202401161\"\r\n}"
    headers:
      cache-control:
      - no-cache
      content-length:
      - '1025'
      content-type:
      - application/json; charset=utf-8
      date:
      - Mon, 01 Jul 2024 11:30:00 GMT
      expires:
      - '-1'
      pragma:
      - no-cache
      strict-transport-security:
      - max-age=31536000; includeSubDomains
      x-cache:
      - CONFIG_NOCACHE
      x-content-type-options:
      - nosniff
      x-ms-ratelimit-remaining-resource:
      - Microsoft.Compute/GetVMImageFromLocation3Min;12995,Microsoft.Compute/GetVMImageFromLocation30Min;73995
      x-ms-ratelimit-remaining-subscription-global-reads:
      - '3749'
      x-msedge-ref:
      - 'Ref A: 7E5B0133BACC41D3AE56BD5D0926E967 Ref B: TYO201100116021 Ref C: 2024-07-01T11:30:00Z'
    status:
      code: 200
      message: OK
- request:
    body: null
    headers:
      Accept:
      - application/json
      Accept-Encoding:
      - gzip, deflate
      CommandName:
      - vm create
      Connection:
      - keep-alive
      ParameterSetName:
      - -n -g --image --authentication-type --admin-username --admin-password --nsg-rule
      User-Agent:
      - AZURECLI/2.61.0 azsdk-python-core/1.28.0 Python/3.9.5 (Windows-10-10.0.22631-SP0)
    method: GET
    uri: https://management.azure.com/subscriptions/00000000-0000-0000-0000-000000000000/providers/Microsoft.Compute/locations/westus/publishers/Canonical/artifacttypes/vmimage/offers/UbuntuServer/skus/18.04-LTS/versions?$top=1&$orderby=name%20desc&api-version=2024-03-01
  response:
    body:
      string: "[\r\n  {\r\n    \"location\": \"westus\",\r\n    \"name\": \"18.04.202401161\",\r\n
        \   \"id\": \"/Subscriptions/00000000-0000-0000-0000-000000000000/Providers/Microsoft.Compute/Locations/westus/Publishers/Canonical/ArtifactTypes/VMImage/Offers/UbuntuServer/Skus/18.04-LTS/Versions/18.04.202401161\"\r\n
        \ }\r\n]"
    headers:
      cache-control:
      - no-cache
      content-length:
      - '286'
      content-type:
      - application/json; charset=utf-8
      date:
      - Mon, 01 Jul 2024 11:30:01 GMT
      expires:
      - '-1'
      pragma:
      - no-cache
      strict-transport-security:
      - max-age=31536000; includeSubDomains
      x-cache:
      - CONFIG_NOCACHE
      x-content-type-options:
      - nosniff
      x-ms-ratelimit-remaining-resource:
      - Microsoft.Compute/ListVMImagesVersionsFromLocation3Min;15994,Microsoft.Compute/ListVMImagesVersionsFromLocation30Min;43994
      x-ms-ratelimit-remaining-subscription-global-reads:
      - '3749'
      x-msedge-ref:
      - 'Ref A: C6A7A07DDADD4CE19C33AE70CF4EE4EE Ref B: TYO201100116025 Ref C: 2024-07-01T11:30:01Z'
    status:
      code: 200
      message: OK
- request:
    body: null
    headers:
      Accept:
      - application/json
      Accept-Encoding:
      - gzip, deflate
      CommandName:
      - vm create
      Connection:
      - keep-alive
      ParameterSetName:
      - -n -g --image --authentication-type --admin-username --admin-password --nsg-rule
      User-Agent:
      - AZURECLI/2.61.0 azsdk-python-core/1.28.0 Python/3.9.5 (Windows-10-10.0.22631-SP0)
    method: GET
    uri: https://management.azure.com/subscriptions/00000000-0000-0000-0000-000000000000/providers/Microsoft.Compute/locations/westus/publishers/Canonical/artifacttypes/vmimage/offers/UbuntuServer/skus/18.04-LTS/versions/18.04.202401161?api-version=2024-03-01
  response:
    body:
      string: "{\r\n  \"properties\": {\r\n    \"hyperVGeneration\": \"V1\",\r\n    \"architecture\":
        \"x64\",\r\n    \"replicaType\": \"Unmanaged\",\r\n    \"disallowed\": {\r\n
        \     \"vmDiskType\": \"None\"\r\n    },\r\n    \"automaticOSUpgradeProperties\":
        {\r\n      \"automaticOSUpgradeSupported\": true\r\n    },\r\n    \"imageDeprecationStatus\":
        {\r\n      \"imageState\": \"Active\"\r\n    },\r\n    \"features\": [\r\n
        \     {\r\n        \"name\": \"IsAcceleratedNetworkSupported\",\r\n        \"value\":
        \"True\"\r\n      },\r\n      {\r\n        \"name\": \"DiskControllerTypes\",\r\n
        \       \"value\": \"SCSI, NVMe\"\r\n      },\r\n      {\r\n        \"name\":
        \"IsHibernateSupported\",\r\n        \"value\": \"True\"\r\n      }\r\n    ],\r\n
        \   \"osDiskImage\": {\r\n      \"operatingSystem\": \"Linux\",\r\n      \"sizeInBytes\":
        32213303808\r\n    },\r\n    \"dataDiskImages\": []\r\n  },\r\n  \"location\":
        \"westus\",\r\n  \"name\": \"18.04.202401161\",\r\n  \"id\": \"/Subscriptions/00000000-0000-0000-0000-000000000000/Providers/Microsoft.Compute/Locations/westus/Publishers/Canonical/ArtifactTypes/VMImage/Offers/UbuntuServer/Skus/18.04-LTS/Versions/18.04.202401161\"\r\n}"
    headers:
      cache-control:
      - no-cache
      content-length:
      - '1025'
      content-type:
      - application/json; charset=utf-8
      date:
      - Mon, 01 Jul 2024 11:30:02 GMT
      expires:
      - '-1'
      pragma:
      - no-cache
      strict-transport-security:
      - max-age=31536000; includeSubDomains
      x-cache:
      - CONFIG_NOCACHE
      x-content-type-options:
      - nosniff
      x-ms-ratelimit-remaining-resource:
      - Microsoft.Compute/GetVMImageFromLocation3Min;12994,Microsoft.Compute/GetVMImageFromLocation30Min;73994
      x-ms-ratelimit-remaining-subscription-global-reads:
      - '3748'
      x-msedge-ref:
      - 'Ref A: 72C7272A46AC4228AE6A556A39431D46 Ref B: TYO201100116051 Ref C: 2024-07-01T11:30:02Z'
    status:
      code: 200
      message: OK
- request:
    body: '{"properties": {"template": {"$schema": "https://schema.management.azure.com/schemas/2015-01-01/deploymentTemplate.json#",
      "contentVersion": "1.0.0.0", "parameters": {"adminPassword": {"type": "securestring",
      "metadata": {"description": "Secure adminPassword"}}}, "variables": {}, "resources":
      [{"name": "myvmVNET", "type": "Microsoft.Network/virtualNetworks", "location":
      "westus", "apiVersion": "2015-06-15", "dependsOn": [], "tags": {}, "properties":
      {"addressSpace": {"addressPrefixes": ["10.0.0.0/16"]}, "subnets": [{"name":
      "myvmSubnet", "properties": {"addressPrefix": "10.0.0.0/24"}}]}}, {"type": "Microsoft.Network/networkSecurityGroups",
      "name": "myvmNSG", "apiVersion": "2015-06-15", "location": "westus", "tags":
      {}, "dependsOn": []}, {"apiVersion": "2022-01-01", "type": "Microsoft.Network/publicIPAddresses",
      "name": "myvmPublicIP", "location": "westus", "tags": {}, "dependsOn": [], "properties":
      {"publicIPAllocationMethod": "Static"}, "sku": {"name": "Standard"}}, {"apiVersion":
      "2015-06-15", "type": "Microsoft.Network/networkInterfaces", "name": "myvmVMNic",
      "location": "westus", "tags": {}, "dependsOn": ["Microsoft.Network/virtualNetworks/myvmVNET",
      "Microsoft.Network/networkSecurityGroups/myvmNSG", "Microsoft.Network/publicIpAddresses/myvmPublicIP"],
      "properties": {"ipConfigurations": [{"name": "ipconfigmyvm", "properties": {"privateIPAllocationMethod":
      "Dynamic", "subnet": {"id": "/subscriptions/00000000-0000-0000-0000-000000000000/resourceGroups/cli_test_vm_extension_2000001/providers/Microsoft.Network/virtualNetworks/myvmVNET/subnets/myvmSubnet"},
      "publicIPAddress": {"id": "/subscriptions/00000000-0000-0000-0000-000000000000/resourceGroups/cli_test_vm_extension_2000001/providers/Microsoft.Network/publicIPAddresses/myvmPublicIP"}}}],
      "networkSecurityGroup": {"id": "/subscriptions/00000000-0000-0000-0000-000000000000/resourceGroups/cli_test_vm_extension_2000001/providers/Microsoft.Network/networkSecurityGroups/myvmNSG"}}},
      {"apiVersion": "2024-03-01", "type": "Microsoft.Compute/virtualMachines", "name":
      "myvm", "location": "westus", "tags": {}, "dependsOn": ["Microsoft.Network/networkInterfaces/myvmVMNic"],
      "properties": {"hardwareProfile": {"vmSize": "Standard_DS1_v2"}, "networkProfile":
      {"networkInterfaces": [{"id": "/subscriptions/00000000-0000-0000-0000-000000000000/resourceGroups/cli_test_vm_extension_2000001/providers/Microsoft.Network/networkInterfaces/myvmVMNic",
      "properties": {"deleteOption": null}}]}, "storageProfile": {"osDisk": {"createOption":
      "fromImage", "name": null, "caching": "ReadWrite", "managedDisk": {"storageAccountType":
      null}}, "imageReference": {"publisher": "Canonical", "offer": "UbuntuServer",
      "sku": "18.04-LTS", "version": "latest"}}, "osProfile": {"computerName": "myvm",
      "adminUsername": "user11", "adminPassword": "[parameters(''adminPassword'')]"}}}],
      "outputs": {}}, "parameters": {"adminPassword": {"value": "testPassword0"}},
      "mode": "incremental"}}'
    headers:
      Accept:
      - application/json
      Accept-Encoding:
      - gzip, deflate
      CommandName:
      - vm create
      Connection:
      - keep-alive
      Content-Length:
      - '2937'
      Content-Type:
      - application/json
      ParameterSetName:
      - -n -g --image --authentication-type --admin-username --admin-password --nsg-rule
      User-Agent:
      - AZURECLI/2.61.0 azsdk-python-core/1.28.0 Python/3.9.5 (Windows-10-10.0.22631-SP0)
    method: PUT
    uri: https://management.azure.com/subscriptions/00000000-0000-0000-0000-000000000000/resourcegroups/cli_test_vm_extension_2000001/providers/Microsoft.Resources/deployments/mock-deployment?api-version=2022-09-01
  response:
    body:
      string: '{"id":"/subscriptions/00000000-0000-0000-0000-000000000000/resourceGroups/cli_test_vm_extension_2000001/providers/Microsoft.Resources/deployments/vm_deploy_DaY28lDG7wfC0gU0EmRt0zZM7W6jF4My","name":"vm_deploy_DaY28lDG7wfC0gU0EmRt0zZM7W6jF4My","type":"Microsoft.Resources/deployments","properties":{"templateHash":"1256065743709348002","parameters":{"adminPassword":{"type":"SecureString"}},"mode":"Incremental","provisioningState":"Accepted","timestamp":"2024-07-01T11:30:10.296049Z","duration":"PT0.0002575S","correlationId":"1f9eaa6e-cba7-4c99-bcdb-69bc73e261d8","providers":[{"namespace":"Microsoft.Network","resourceTypes":[{"resourceType":"virtualNetworks","locations":["westus"]},{"resourceType":"networkSecurityGroups","locations":["westus"]},{"resourceType":"publicIPAddresses","locations":["westus"]},{"resourceType":"networkInterfaces","locations":["westus"]}]},{"namespace":"Microsoft.Compute","resourceTypes":[{"resourceType":"virtualMachines","locations":["westus"]}]}],"dependencies":[{"dependsOn":[{"id":"/subscriptions/00000000-0000-0000-0000-000000000000/resourceGroups/cli_test_vm_extension_2000001/providers/Microsoft.Network/virtualNetworks/myvmVNET","resourceType":"Microsoft.Network/virtualNetworks","resourceName":"myvmVNET"},{"id":"/subscriptions/00000000-0000-0000-0000-000000000000/resourceGroups/cli_test_vm_extension_2000001/providers/Microsoft.Network/networkSecurityGroups/myvmNSG","resourceType":"Microsoft.Network/networkSecurityGroups","resourceName":"myvmNSG"},{"id":"/subscriptions/00000000-0000-0000-0000-000000000000/resourceGroups/cli_test_vm_extension_2000001/providers/Microsoft.Network/publicIPAddresses/myvmPublicIP","resourceType":"Microsoft.Network/publicIPAddresses","resourceName":"myvmPublicIP"}],"id":"/subscriptions/00000000-0000-0000-0000-000000000000/resourceGroups/cli_test_vm_extension_2000001/providers/Microsoft.Network/networkInterfaces/myvmVMNic","resourceType":"Microsoft.Network/networkInterfaces","resourceName":"myvmVMNic"},{"dependsOn":[{"id":"/subscriptions/00000000-0000-0000-0000-000000000000/resourceGroups/cli_test_vm_extension_2000001/providers/Microsoft.Network/networkInterfaces/myvmVMNic","resourceType":"Microsoft.Network/networkInterfaces","resourceName":"myvmVMNic"}],"id":"/subscriptions/00000000-0000-0000-0000-000000000000/resourceGroups/cli_test_vm_extension_2000001/providers/Microsoft.Compute/virtualMachines/myvm","resourceType":"Microsoft.Compute/virtualMachines","resourceName":"myvm"}]}}'
    headers:
      azure-asyncoperation:
      - https://management.azure.com/subscriptions/00000000-0000-0000-0000-000000000000/resourcegroups/cli_test_vm_extension_2000001/providers/Microsoft.Resources/deployments/vm_deploy_DaY28lDG7wfC0gU0EmRt0zZM7W6jF4My/operationStatuses/08584817734791762287?api-version=2022-09-01
      cache-control:
      - no-cache
      content-length:
      - '2470'
      content-type:
      - application/json; charset=utf-8
      date:
      - Mon, 01 Jul 2024 11:30:11 GMT
      expires:
      - '-1'
      pragma:
      - no-cache
      strict-transport-security:
      - max-age=31536000; includeSubDomains
      x-cache:
      - CONFIG_NOCACHE
      x-content-type-options:
      - nosniff
      x-ms-deployment-engine-version:
      - 1.24.0
      x-ms-ratelimit-remaining-subscription-global-writes:
      - '2999'
      x-ms-ratelimit-remaining-subscription-writes:
      - '199'
      x-msedge-ref:
      - 'Ref A: A340FEA0E173488E8F3C45D94CDF93AE Ref B: TYO201151003009 Ref C: 2024-07-01T11:30:03Z'
    status:
      code: 201
      message: Created
- request:
    body: null
    headers:
      Accept:
      - '*/*'
      Accept-Encoding:
      - gzip, deflate
      CommandName:
      - vm create
      Connection:
      - keep-alive
      ParameterSetName:
      - -n -g --image --authentication-type --admin-username --admin-password --nsg-rule
      User-Agent:
      - AZURECLI/2.61.0 azsdk-python-core/1.28.0 Python/3.9.5 (Windows-10-10.0.22631-SP0)
    method: GET
    uri: https://management.azure.com/subscriptions/00000000-0000-0000-0000-000000000000/resourcegroups/cli_test_vm_extension_2000001/providers/Microsoft.Resources/deployments/mock-deployment/operationStatuses/08584817734791762287?api-version=2022-09-01
  response:
    body:
      string: '{"status":"Running"}'
    headers:
      cache-control:
      - no-cache
      content-length:
      - '20'
      content-type:
      - application/json; charset=utf-8
      date:
      - Mon, 01 Jul 2024 11:30:12 GMT
      expires:
      - '-1'
      pragma:
      - no-cache
      strict-transport-security:
      - max-age=31536000; includeSubDomains
      x-cache:
      - CONFIG_NOCACHE
      x-content-type-options:
      - nosniff
      x-ms-ratelimit-remaining-subscription-global-reads:
      - '3749'
      x-msedge-ref:
      - 'Ref A: 157A37D217BD4504BD13C5983B3F1B02 Ref B: TYO201151003009 Ref C: 2024-07-01T11:30:12Z'
    status:
      code: 200
      message: OK
- request:
    body: null
    headers:
      Accept:
      - '*/*'
      Accept-Encoding:
      - gzip, deflate
      CommandName:
      - vm create
      Connection:
      - keep-alive
      ParameterSetName:
      - -n -g --image --authentication-type --admin-username --admin-password --nsg-rule
      User-Agent:
      - AZURECLI/2.61.0 azsdk-python-core/1.28.0 Python/3.9.5 (Windows-10-10.0.22631-SP0)
    method: GET
    uri: https://management.azure.com/subscriptions/00000000-0000-0000-0000-000000000000/resourcegroups/cli_test_vm_extension_2000001/providers/Microsoft.Resources/deployments/mock-deployment/operationStatuses/08584817734791762287?api-version=2022-09-01
  response:
    body:
      string: '{"status":"Running"}'
    headers:
      cache-control:
      - no-cache
      content-length:
      - '20'
      content-type:
      - application/json; charset=utf-8
      date:
      - Mon, 01 Jul 2024 11:30:43 GMT
      expires:
      - '-1'
      pragma:
      - no-cache
      strict-transport-security:
      - max-age=31536000; includeSubDomains
      x-cache:
      - CONFIG_NOCACHE
      x-content-type-options:
      - nosniff
      x-ms-ratelimit-remaining-subscription-global-reads:
      - '3749'
      x-msedge-ref:
      - 'Ref A: 47F13E0DAC524F16BB6D5DF25F434C68 Ref B: TYO201151003009 Ref C: 2024-07-01T11:30:42Z'
    status:
      code: 200
      message: OK
- request:
    body: null
    headers:
      Accept:
      - '*/*'
      Accept-Encoding:
      - gzip, deflate
      CommandName:
      - vm create
      Connection:
      - keep-alive
      ParameterSetName:
      - -n -g --image --authentication-type --admin-username --admin-password --nsg-rule
      User-Agent:
      - AZURECLI/2.61.0 azsdk-python-core/1.28.0 Python/3.9.5 (Windows-10-10.0.22631-SP0)
    method: GET
    uri: https://management.azure.com/subscriptions/00000000-0000-0000-0000-000000000000/resourcegroups/cli_test_vm_extension_2000001/providers/Microsoft.Resources/deployments/mock-deployment/operationStatuses/08584817734791762287?api-version=2022-09-01
  response:
    body:
      string: '{"status":"Succeeded"}'
    headers:
      cache-control:
      - no-cache
      content-length:
      - '22'
      content-type:
      - application/json; charset=utf-8
      date:
      - Mon, 01 Jul 2024 11:31:13 GMT
      expires:
      - '-1'
      pragma:
      - no-cache
      strict-transport-security:
      - max-age=31536000; includeSubDomains
      x-cache:
      - CONFIG_NOCACHE
      x-content-type-options:
      - nosniff
      x-ms-ratelimit-remaining-subscription-global-reads:
      - '3749'
      x-msedge-ref:
      - 'Ref A: C8D3DF59A0F0483EA1C745AAF07FEA25 Ref B: TYO201151003009 Ref C: 2024-07-01T11:31:13Z'
    status:
      code: 200
      message: OK
- request:
    body: null
    headers:
      Accept:
      - '*/*'
      Accept-Encoding:
      - gzip, deflate
      CommandName:
      - vm create
      Connection:
      - keep-alive
      ParameterSetName:
      - -n -g --image --authentication-type --admin-username --admin-password --nsg-rule
      User-Agent:
      - AZURECLI/2.61.0 azsdk-python-core/1.28.0 Python/3.9.5 (Windows-10-10.0.22631-SP0)
    method: GET
    uri: https://management.azure.com/subscriptions/00000000-0000-0000-0000-000000000000/resourcegroups/cli_test_vm_extension_2000001/providers/Microsoft.Resources/deployments/mock-deployment?api-version=2022-09-01
  response:
    body:
      string: '{"id":"/subscriptions/00000000-0000-0000-0000-000000000000/resourceGroups/cli_test_vm_extension_2000001/providers/Microsoft.Resources/deployments/vm_deploy_DaY28lDG7wfC0gU0EmRt0zZM7W6jF4My","name":"vm_deploy_DaY28lDG7wfC0gU0EmRt0zZM7W6jF4My","type":"Microsoft.Resources/deployments","properties":{"templateHash":"1256065743709348002","parameters":{"adminPassword":{"type":"SecureString"}},"mode":"Incremental","provisioningState":"Succeeded","timestamp":"2024-07-01T11:31:09.8648663Z","duration":"PT59.5690748S","correlationId":"1f9eaa6e-cba7-4c99-bcdb-69bc73e261d8","providers":[{"namespace":"Microsoft.Network","resourceTypes":[{"resourceType":"virtualNetworks","locations":["westus"]},{"resourceType":"networkSecurityGroups","locations":["westus"]},{"resourceType":"publicIPAddresses","locations":["westus"]},{"resourceType":"networkInterfaces","locations":["westus"]}]},{"namespace":"Microsoft.Compute","resourceTypes":[{"resourceType":"virtualMachines","locations":["westus"]}]}],"dependencies":[{"dependsOn":[{"id":"/subscriptions/00000000-0000-0000-0000-000000000000/resourceGroups/cli_test_vm_extension_2000001/providers/Microsoft.Network/virtualNetworks/myvmVNET","resourceType":"Microsoft.Network/virtualNetworks","resourceName":"myvmVNET"},{"id":"/subscriptions/00000000-0000-0000-0000-000000000000/resourceGroups/cli_test_vm_extension_2000001/providers/Microsoft.Network/networkSecurityGroups/myvmNSG","resourceType":"Microsoft.Network/networkSecurityGroups","resourceName":"myvmNSG"},{"id":"/subscriptions/00000000-0000-0000-0000-000000000000/resourceGroups/cli_test_vm_extension_2000001/providers/Microsoft.Network/publicIPAddresses/myvmPublicIP","resourceType":"Microsoft.Network/publicIPAddresses","resourceName":"myvmPublicIP"}],"id":"/subscriptions/00000000-0000-0000-0000-000000000000/resourceGroups/cli_test_vm_extension_2000001/providers/Microsoft.Network/networkInterfaces/myvmVMNic","resourceType":"Microsoft.Network/networkInterfaces","resourceName":"myvmVMNic"},{"dependsOn":[{"id":"/subscriptions/00000000-0000-0000-0000-000000000000/resourceGroups/cli_test_vm_extension_2000001/providers/Microsoft.Network/networkInterfaces/myvmVMNic","resourceType":"Microsoft.Network/networkInterfaces","resourceName":"myvmVMNic"}],"id":"/subscriptions/00000000-0000-0000-0000-000000000000/resourceGroups/cli_test_vm_extension_2000001/providers/Microsoft.Compute/virtualMachines/myvm","resourceType":"Microsoft.Compute/virtualMachines","resourceName":"myvm"}],"outputs":{},"outputResources":[{"id":"/subscriptions/00000000-0000-0000-0000-000000000000/resourceGroups/cli_test_vm_extension_2000001/providers/Microsoft.Compute/virtualMachines/myvm"},{"id":"/subscriptions/00000000-0000-0000-0000-000000000000/resourceGroups/cli_test_vm_extension_2000001/providers/Microsoft.Network/networkInterfaces/myvmVMNic"},{"id":"/subscriptions/00000000-0000-0000-0000-000000000000/resourceGroups/cli_test_vm_extension_2000001/providers/Microsoft.Network/networkSecurityGroups/myvmNSG"},{"id":"/subscriptions/00000000-0000-0000-0000-000000000000/resourceGroups/cli_test_vm_extension_2000001/providers/Microsoft.Network/publicIPAddresses/myvmPublicIP"},{"id":"/subscriptions/00000000-0000-0000-0000-000000000000/resourceGroups/cli_test_vm_extension_2000001/providers/Microsoft.Network/virtualNetworks/myvmVNET"}]}}'
    headers:
      cache-control:
      - no-cache
      content-length:
      - '3311'
      content-type:
      - application/json; charset=utf-8
      date:
      - Mon, 01 Jul 2024 11:31:14 GMT
      expires:
      - '-1'
      pragma:
      - no-cache
      strict-transport-security:
      - max-age=31536000; includeSubDomains
      x-cache:
      - CONFIG_NOCACHE
      x-content-type-options:
      - nosniff
      x-ms-ratelimit-remaining-subscription-global-reads:
      - '3749'
      x-msedge-ref:
      - 'Ref A: E4E1915C1D324E798673EAE0CD44DB76 Ref B: TYO201151003009 Ref C: 2024-07-01T11:31:14Z'
    status:
      code: 200
      message: OK
- request:
    body: null
    headers:
      Accept:
      - application/json
      Accept-Encoding:
      - gzip, deflate
      CommandName:
      - vm create
      Connection:
      - keep-alive
      ParameterSetName:
      - -n -g --image --authentication-type --admin-username --admin-password --nsg-rule
      User-Agent:
      - AZURECLI/2.61.0 azsdk-python-core/1.28.0 Python/3.9.5 (Windows-10-10.0.22631-SP0)
    method: GET
    uri: https://management.azure.com/subscriptions/00000000-0000-0000-0000-000000000000/resourceGroups/cli_test_vm_extension_2000001/providers/Microsoft.Compute/virtualMachines/myvm?$expand=instanceView&api-version=2024-03-01
  response:
    body:
      string: "{\r\n  \"name\": \"myvm\",\r\n  \"id\": \"/subscriptions/00000000-0000-0000-0000-000000000000/resourceGroups/cli_test_vm_extension_2000001/providers/Microsoft.Compute/virtualMachines/myvm\",\r\n
        \ \"type\": \"Microsoft.Compute/virtualMachines\",\r\n  \"location\": \"westus\",\r\n
        \ \"tags\": {},\r\n  \"properties\": {\r\n    \"hardwareProfile\": {\r\n      \"vmSize\":
        \"Standard_DS1_v2\"\r\n    },\r\n    \"provisioningState\": \"Succeeded\",\r\n
        \   \"vmId\": \"e97d1f4a-d7ee-4be4-bdba-b747c5a8a7a2\",\r\n    \"storageProfile\":
        {\r\n      \"imageReference\": {\r\n        \"publisher\": \"Canonical\",\r\n
        \       \"offer\": \"UbuntuServer\",\r\n        \"sku\": \"18.04-LTS\",\r\n
        \       \"version\": \"latest\",\r\n        \"exactVersion\": \"18.04.202401161\"\r\n
        \     },\r\n      \"osDisk\": {\r\n        \"osType\": \"Linux\",\r\n        \"name\":
        \"myvm_OsDisk_1_d2f9ad735f9f4a43b69294fec173d3a5\",\r\n        \"createOption\":
        \"FromImage\",\r\n        \"caching\": \"ReadWrite\",\r\n        \"managedDisk\":
        {\r\n          \"storageAccountType\": \"Premium_LRS\",\r\n          \"id\":
        \"/subscriptions/00000000-0000-0000-0000-000000000000/resourceGroups/cli_test_vm_extension_2000001/providers/Microsoft.Compute/disks/myvm_OsDisk_1_d2f9ad735f9f4a43b69294fec173d3a5\"\r\n
        \       },\r\n        \"deleteOption\": \"Detach\",\r\n        \"diskSizeGB\":
        30\r\n      },\r\n      \"dataDisks\": []\r\n    },\r\n    \"osProfile\":
        {\r\n      \"computerName\": \"myvm\",\r\n      \"adminUsername\": \"user11\",\r\n
        \     \"linuxConfiguration\": {\r\n        \"disablePasswordAuthentication\":
        false,\r\n        \"provisionVMAgent\": true,\r\n        \"patchSettings\":
        {\r\n          \"patchMode\": \"ImageDefault\",\r\n          \"assessmentMode\":
        \"ImageDefault\"\r\n        }\r\n      },\r\n      \"secrets\": [],\r\n      \"allowExtensionOperations\":
        true,\r\n      \"requireGuestProvisionSignal\": true\r\n    },\r\n    \"networkProfile\":
        {\"networkInterfaces\":[{\"id\":\"/subscriptions/00000000-0000-0000-0000-000000000000/resourceGroups/cli_test_vm_extension_2000001/providers/Microsoft.Network/networkInterfaces/myvmVMNic\"}]},\r\n
        \   \"instanceView\": {\r\n      \"vmAgent\": {\r\n        \"vmAgentVersion\":
        \"Unknown\",\r\n        \"statuses\": [\r\n          {\r\n            \"code\":
        \"ProvisioningState/Unavailable\",\r\n            \"level\": \"Warning\",\r\n
        \           \"displayStatus\": \"Not Ready\",\r\n            \"message\":
        \"VM status blob is found but not yet populated.\",\r\n            \"time\":
        \"2024-07-01T11:31:16+00:00\"\r\n          }\r\n        ]\r\n      },\r\n
        \     \"disks\": [\r\n        {\r\n          \"name\": \"myvm_OsDisk_1_d2f9ad735f9f4a43b69294fec173d3a5\",\r\n
        \         \"statuses\": [\r\n            {\r\n              \"code\": \"ProvisioningState/succeeded\",\r\n
        \             \"level\": \"Info\",\r\n              \"displayStatus\": \"Provisioning
        succeeded\",\r\n              \"time\": \"2024-07-01T11:30:31.4988378+00:00\"\r\n
        \           }\r\n          ]\r\n        }\r\n      ],\r\n      \"hyperVGeneration\":
        \"V1\",\r\n      \"statuses\": [\r\n        {\r\n          \"code\": \"ProvisioningState/succeeded\",\r\n
        \         \"level\": \"Info\",\r\n          \"displayStatus\": \"Provisioning
        succeeded\",\r\n          \"time\": \"2024-07-01T11:31:07.436874+00:00\"\r\n
        \       },\r\n        {\r\n          \"code\": \"PowerState/running\",\r\n
        \         \"level\": \"Info\",\r\n          \"displayStatus\": \"VM running\"\r\n
        \       }\r\n      ]\r\n    },\r\n    \"timeCreated\": \"2024-07-01T11:30:26.8112564+00:00\"\r\n
        \ }\r\n}"
    headers:
      cache-control:
      - no-cache
      content-length:
      - '3176'
      content-type:
      - application/json; charset=utf-8
      date:
      - Mon, 01 Jul 2024 11:31:15 GMT
      expires:
      - '-1'
      pragma:
      - no-cache
      strict-transport-security:
      - max-age=31536000; includeSubDomains
      x-cache:
      - CONFIG_NOCACHE
      x-content-type-options:
      - nosniff
      x-ms-ratelimit-remaining-resource:
      - Microsoft.Compute/LowCostGetSubscriptionMaximum;23995,Microsoft.Compute/LowCostGetResource;33
      x-ms-ratelimit-remaining-subscription-global-reads:
      - '3749'
      x-msedge-ref:
      - 'Ref A: 68129BDBCB9541B59E6AE24F53AA73B2 Ref B: TYO201100113017 Ref C: 2024-07-01T11:31:15Z'
    status:
      code: 200
      message: ''
- request:
    body: null
    headers:
      Accept:
      - application/json
      Accept-Encoding:
      - gzip, deflate
      CommandName:
      - vm create
      Connection:
      - keep-alive
      ParameterSetName:
      - -n -g --image --authentication-type --admin-username --admin-password --nsg-rule
      User-Agent:
      - AZURECLI/2.61.0 azsdk-python-core/1.28.0 Python/3.9.5 (Windows-10-10.0.22631-SP0)
    method: GET
    uri: https://management.azure.com/subscriptions/00000000-0000-0000-0000-000000000000/resourceGroups/cli_test_vm_extension_2000001/providers/Microsoft.Network/networkInterfaces/myvmVMNic?api-version=2022-01-01
  response:
    body:
      string: "{\r\n  \"name\": \"myvmVMNic\",\r\n  \"id\": \"/subscriptions/00000000-0000-0000-0000-000000000000/resourceGroups/cli_test_vm_extension_2000001/providers/Microsoft.Network/networkInterfaces/myvmVMNic\",\r\n
        \ \"etag\": \"W/\\\"8b657a43-c8b7-48cd-9e82-98061b68d072\\\"\",\r\n  \"tags\":
        {},\r\n  \"properties\": {\r\n    \"provisioningState\": \"Succeeded\",\r\n
        \   \"resourceGuid\": \"f0046106-4cc9-4b6d-a6c8-ca1e9bf3671d\",\r\n    \"ipConfigurations\":
        [\r\n      {\r\n        \"name\": \"ipconfigmyvm\",\r\n        \"id\": \"/subscriptions/00000000-0000-0000-0000-000000000000/resourceGroups/cli_test_vm_extension_2000001/providers/Microsoft.Network/networkInterfaces/myvmVMNic/ipConfigurations/ipconfigmyvm\",\r\n
        \       \"etag\": \"W/\\\"8b657a43-c8b7-48cd-9e82-98061b68d072\\\"\",\r\n
        \       \"type\": \"Microsoft.Network/networkInterfaces/ipConfigurations\",\r\n
        \       \"properties\": {\r\n          \"provisioningState\": \"Succeeded\",\r\n
        \         \"privateIPAddress\": \"10.0.0.4\",\r\n          \"privateIPAllocationMethod\":
        \"Dynamic\",\r\n          \"publicIPAddress\": {\r\n            \"id\": \"/subscriptions/00000000-0000-0000-0000-000000000000/resourceGroups/cli_test_vm_extension_2000001/providers/Microsoft.Network/publicIPAddresses/myvmPublicIP\"\r\n
        \         },\r\n          \"subnet\": {\r\n            \"id\": \"/subscriptions/00000000-0000-0000-0000-000000000000/resourceGroups/cli_test_vm_extension_2000001/providers/Microsoft.Network/virtualNetworks/myvmVNET/subnets/myvmSubnet\"\r\n
        \         },\r\n          \"primary\": true,\r\n          \"privateIPAddressVersion\":
        \"IPv4\"\r\n        }\r\n      }\r\n    ],\r\n    \"dnsSettings\": {\r\n      \"dnsServers\":
        [],\r\n      \"appliedDnsServers\": [],\r\n      \"internalDomainNameSuffix\":
        \"dzal5fbxnvtubn5l44rxjihzqe.dx.internal.cloudapp.net\"\r\n    },\r\n    \"macAddress\":
        \"60-45-BD-07-AF-C1\",\r\n    \"vnetEncryptionSupported\": false,\r\n    \"enableIPForwarding\":
        false,\r\n    \"networkSecurityGroup\": {\r\n      \"id\": \"/subscriptions/00000000-0000-0000-0000-000000000000/resourceGroups/cli_test_vm_extension_2000001/providers/Microsoft.Network/networkSecurityGroups/myvmNSG\"\r\n
        \   },\r\n    \"primary\": true,\r\n    \"virtualMachine\": {\r\n      \"id\":
        \"/subscriptions/00000000-0000-0000-0000-000000000000/resourceGroups/cli_test_vm_extension_2000001/providers/Microsoft.Compute/virtualMachines/myvm\"\r\n
        \   },\r\n    \"hostedWorkloads\": [],\r\n    \"tapConfigurations\": [],\r\n
        \   \"nicType\": \"Standard\",\r\n    \"allowPort25Out\": true,\r\n    \"auxiliaryMode\":
        \"None\"\r\n  },\r\n  \"type\": \"Microsoft.Network/networkInterfaces\",\r\n
        \ \"location\": \"westus\",\r\n  \"kind\": \"Regular\"\r\n}"
    headers:
      cache-control:
      - no-cache
      content-length:
      - '2465'
      content-type:
      - application/json; charset=utf-8
      date:
      - Mon, 01 Jul 2024 11:31:17 GMT
      etag:
      - W/"8b657a43-c8b7-48cd-9e82-98061b68d072"
      expires:
      - '-1'
      pragma:
      - no-cache
      strict-transport-security:
      - max-age=31536000; includeSubDomains
      x-cache:
      - CONFIG_NOCACHE
      x-content-type-options:
      - nosniff
      x-ms-arm-service-request-id:
      - 663a1942-0889-43f7-b51c-beb1b01217d7
      x-ms-ratelimit-remaining-subscription-global-reads:
      - '3749'
      x-msedge-ref:
      - 'Ref A: 3ED7D53FF0A2457099FAF4CFCC641327 Ref B: TYO201151006031 Ref C: 2024-07-01T11:31:16Z'
    status:
      code: 200
      message: OK
- request:
    body: null
    headers:
      Accept:
      - application/json
      Accept-Encoding:
      - gzip, deflate
      CommandName:
      - vm create
      Connection:
      - keep-alive
      ParameterSetName:
      - -n -g --image --authentication-type --admin-username --admin-password --nsg-rule
      User-Agent:
      - AZURECLI/2.61.0 azsdk-python-core/1.28.0 Python/3.9.5 (Windows-10-10.0.22631-SP0)
    method: GET
    uri: https://management.azure.com/subscriptions/00000000-0000-0000-0000-000000000000/resourceGroups/cli_test_vm_extension_2000001/providers/Microsoft.Network/publicIPAddresses/myvmPublicIP?api-version=2022-01-01
  response:
    body:
      string: "{\r\n  \"name\": \"myvmPublicIP\",\r\n  \"id\": \"/subscriptions/00000000-0000-0000-0000-000000000000/resourceGroups/cli_test_vm_extension_2000001/providers/Microsoft.Network/publicIPAddresses/myvmPublicIP\",\r\n
        \ \"etag\": \"W/\\\"16932347-621f-475f-b50b-92f91e2416fb\\\"\",\r\n  \"location\":
        \"westus\",\r\n  \"tags\": {},\r\n  \"properties\": {\r\n    \"provisioningState\":
        \"Succeeded\",\r\n    \"resourceGuid\": \"33b2fd88-e370-42b2-83c3-b8c96a93c0c8\",\r\n
        \   \"ipAddress\": \"13.91.4.1\",\r\n    \"publicIPAddressVersion\": \"IPv4\",\r\n
        \   \"publicIPAllocationMethod\": \"Static\",\r\n    \"idleTimeoutInMinutes\":
        4,\r\n    \"ipTags\": [],\r\n    \"ipConfiguration\": {\r\n      \"id\": \"/subscriptions/00000000-0000-0000-0000-000000000000/resourceGroups/cli_test_vm_extension_2000001/providers/Microsoft.Network/networkInterfaces/myvmVMNic/ipConfigurations/ipconfigmyvm\"\r\n
        \   }\r\n  },\r\n  \"type\": \"Microsoft.Network/publicIPAddresses\",\r\n
        \ \"sku\": {\r\n    \"name\": \"Standard\",\r\n    \"tier\": \"Regional\"\r\n
        \ }\r\n}"
    headers:
      cache-control:
      - no-cache
      content-length:
      - '932'
      content-type:
      - application/json; charset=utf-8
      date:
      - Mon, 01 Jul 2024 11:31:18 GMT
      etag:
      - W/"16932347-621f-475f-b50b-92f91e2416fb"
      expires:
      - '-1'
      pragma:
      - no-cache
      strict-transport-security:
      - max-age=31536000; includeSubDomains
      x-cache:
      - CONFIG_NOCACHE
      x-content-type-options:
      - nosniff
      x-ms-arm-service-request-id:
      - 6860e10a-363b-484a-8f2c-5d035b64d15c
      x-ms-ratelimit-remaining-subscription-global-reads:
      - '3749'
      x-msedge-ref:
      - 'Ref A: BE9F492B5EA648F5B92F7D5ABD876C71 Ref B: TYO201100113029 Ref C: 2024-07-01T11:31:18Z'
    status:
      code: 200
      message: OK
- request:
    body: null
    headers:
      Accept:
      - application/json
      Accept-Encoding:
      - gzip, deflate
      CommandName:
      - vm extension set
      Connection:
      - keep-alive
      ParameterSetName:
      - -n --publisher --version --vm-name --resource-group --protected-settings --extension-instance-name
      User-Agent:
      - AZURECLI/2.61.0 azsdk-python-core/1.28.0 Python/3.9.5 (Windows-10-10.0.22631-SP0)
    method: GET
    uri: https://management.azure.com/subscriptions/00000000-0000-0000-0000-000000000000/resourceGroups/cli_test_vm_extension_2000001/providers/Microsoft.Compute/virtualMachines/myvm?$expand=instanceView&api-version=2024-03-01
  response:
    body:
      string: "{\r\n  \"name\": \"myvm\",\r\n  \"id\": \"/subscriptions/00000000-0000-0000-0000-000000000000/resourceGroups/cli_test_vm_extension_2000001/providers/Microsoft.Compute/virtualMachines/myvm\",\r\n
        \ \"type\": \"Microsoft.Compute/virtualMachines\",\r\n  \"location\": \"westus\",\r\n
        \ \"tags\": {},\r\n  \"properties\": {\r\n    \"hardwareProfile\": {\r\n      \"vmSize\":
        \"Standard_DS1_v2\"\r\n    },\r\n    \"provisioningState\": \"Succeeded\",\r\n
        \   \"vmId\": \"e97d1f4a-d7ee-4be4-bdba-b747c5a8a7a2\",\r\n    \"storageProfile\":
        {\r\n      \"imageReference\": {\r\n        \"publisher\": \"Canonical\",\r\n
        \       \"offer\": \"UbuntuServer\",\r\n        \"sku\": \"18.04-LTS\",\r\n
        \       \"version\": \"latest\",\r\n        \"exactVersion\": \"18.04.202401161\"\r\n
        \     },\r\n      \"osDisk\": {\r\n        \"osType\": \"Linux\",\r\n        \"name\":
        \"myvm_OsDisk_1_d2f9ad735f9f4a43b69294fec173d3a5\",\r\n        \"createOption\":
        \"FromImage\",\r\n        \"caching\": \"ReadWrite\",\r\n        \"managedDisk\":
        {\r\n          \"storageAccountType\": \"Premium_LRS\",\r\n          \"id\":
        \"/subscriptions/00000000-0000-0000-0000-000000000000/resourceGroups/cli_test_vm_extension_2000001/providers/Microsoft.Compute/disks/myvm_OsDisk_1_d2f9ad735f9f4a43b69294fec173d3a5\"\r\n
        \       },\r\n        \"deleteOption\": \"Detach\",\r\n        \"diskSizeGB\":
        30\r\n      },\r\n      \"dataDisks\": []\r\n    },\r\n    \"osProfile\":
        {\r\n      \"computerName\": \"myvm\",\r\n      \"adminUsername\": \"user11\",\r\n
        \     \"linuxConfiguration\": {\r\n        \"disablePasswordAuthentication\":
        false,\r\n        \"provisionVMAgent\": true,\r\n        \"patchSettings\":
        {\r\n          \"patchMode\": \"ImageDefault\",\r\n          \"assessmentMode\":
        \"ImageDefault\"\r\n        }\r\n      },\r\n      \"secrets\": [],\r\n      \"allowExtensionOperations\":
        true,\r\n      \"requireGuestProvisionSignal\": true\r\n    },\r\n    \"networkProfile\":
        {\"networkInterfaces\":[{\"id\":\"/subscriptions/00000000-0000-0000-0000-000000000000/resourceGroups/cli_test_vm_extension_2000001/providers/Microsoft.Network/networkInterfaces/myvmVMNic\"}]},\r\n
        \   \"instanceView\": {\r\n      \"computerName\": \"myvm\",\r\n      \"osName\":
        \"ubuntu\",\r\n      \"osVersion\": \"18.04\",\r\n      \"vmAgent\": {\r\n
        \       \"vmAgentVersion\": \"2.11.1.4\",\r\n        \"statuses\": [\r\n          {\r\n
        \           \"code\": \"ProvisioningState/succeeded\",\r\n            \"level\":
        \"Info\",\r\n            \"displayStatus\": \"Ready\",\r\n            \"message\":
        \"Guest Agent is running\",\r\n            \"time\": \"2024-07-01T11:31:15+00:00\"\r\n
        \         }\r\n        ],\r\n        \"extensionHandlers\": []\r\n      },\r\n
        \     \"disks\": [\r\n        {\r\n          \"name\": \"myvm_OsDisk_1_d2f9ad735f9f4a43b69294fec173d3a5\",\r\n
        \         \"statuses\": [\r\n            {\r\n              \"code\": \"ProvisioningState/succeeded\",\r\n
        \             \"level\": \"Info\",\r\n              \"displayStatus\": \"Provisioning
        succeeded\",\r\n              \"time\": \"2024-07-01T11:30:31.4988378+00:00\"\r\n
        \           }\r\n          ]\r\n        }\r\n      ],\r\n      \"hyperVGeneration\":
        \"V1\",\r\n      \"statuses\": [\r\n        {\r\n          \"code\": \"ProvisioningState/succeeded\",\r\n
        \         \"level\": \"Info\",\r\n          \"displayStatus\": \"Provisioning
        succeeded\",\r\n          \"time\": \"2024-07-01T11:31:07.436874+00:00\"\r\n
        \       },\r\n        {\r\n          \"code\": \"PowerState/running\",\r\n
        \         \"level\": \"Info\",\r\n          \"displayStatus\": \"VM running\"\r\n
        \       }\r\n      ]\r\n    },\r\n    \"timeCreated\": \"2024-07-01T11:30:26.8112564+00:00\"\r\n
        \ }\r\n}"
    headers:
      cache-control:
      - no-cache
      content-length:
      - '3265'
      content-type:
      - application/json; charset=utf-8
      date:
      - Mon, 01 Jul 2024 11:31:18 GMT
      expires:
      - '-1'
      pragma:
      - no-cache
      strict-transport-security:
      - max-age=31536000; includeSubDomains
      x-cache:
      - CONFIG_NOCACHE
      x-content-type-options:
      - nosniff
      x-ms-ratelimit-remaining-resource:
      - Microsoft.Compute/LowCostGetSubscriptionMaximum;23994,Microsoft.Compute/LowCostGetResource;32
      x-ms-ratelimit-remaining-subscription-global-reads:
      - '3749'
      x-msedge-ref:
      - 'Ref A: BB0F5E76FEB94076AE071A9751348CFD Ref B: TYO201100115027 Ref C: 2024-07-01T11:31:19Z'
    status:
      code: 200
      message: ''
- request:
    body: '{"location": "westus", "properties": {"publisher": "Microsoft.OSTCExtensions",
      "type": "VMAccessForLinux", "typeHandlerVersion": "1.2", "autoUpgradeMinorVersion":
      true, "protectedSettings": {"username": "foouser1", "ssh_key": "ssh-rsa AAAAB3NzaC1yc2EAAAADAQABAAABAQC8InHIPLAu6lMc0d+5voyXqigZfT5r6fAM1+FQAi+mkPDdk2hNq1BG0Bwfc88Gm7BImw8TS+x2bnZmhCbVnHd6BPCDY7a+cHCSqrQMW89Cv6Vl4ueGOeAWHpJTV9CTLVz4IY1x4HBdkLI2lKIHri9+z7NIdvFk7iOkMVGyez5H1xDbF2szURxgc4I2/o5wycSwX+G8DrtsBvWLmFv9YAPx+VkEHQDjR0WWezOjuo1rDn6MQfiKfqAjPuInwNOg5AIxXAOResrin2PUlArNtdDH1zlvI4RZi36+tJO7mtm3dJiKs4Sj7G6b1CjIU6aaj27MmKy3arIFChYav9yYM3IT"}}}'
    headers:
      Accept:
      - application/json
      Accept-Encoding:
      - gzip, deflate
      CommandName:
      - vm extension set
      Connection:
      - keep-alive
      Content-Length:
      - '611'
      Content-Type:
      - application/json
      ParameterSetName:
      - -n --publisher --version --vm-name --resource-group --protected-settings --extension-instance-name
      User-Agent:
      - AZURECLI/2.61.0 azsdk-python-core/1.28.0 Python/3.9.5 (Windows-10-10.0.22631-SP0)
    method: PUT
    uri: https://management.azure.com/subscriptions/00000000-0000-0000-0000-000000000000/resourceGroups/cli_test_vm_extension_2000001/providers/Microsoft.Compute/virtualMachines/myvm/extensions/MyAccessExt?api-version=2024-03-01
  response:
    body:
      string: "{\r\n  \"name\": \"MyAccessExt\",\r\n  \"id\": \"/subscriptions/00000000-0000-0000-0000-000000000000/resourceGroups/cli_test_vm_extension_2000001/providers/Microsoft.Compute/virtualMachines/myvm/extensions/MyAccessExt\",\r\n
        \ \"type\": \"Microsoft.Compute/virtualMachines/extensions\",\r\n  \"location\":
        \"westus\",\r\n  \"properties\": {\r\n    \"autoUpgradeMinorVersion\": true,\r\n
        \   \"provisioningState\": \"Creating\",\r\n    \"publisher\": \"Microsoft.OSTCExtensions\",\r\n
        \   \"type\": \"VMAccessForLinux\",\r\n    \"typeHandlerVersion\": \"1.2\"\r\n
        \ }\r\n}"
    headers:
      azure-asyncnotification:
      - Enabled
      azure-asyncoperation:
      - https://management.azure.com/subscriptions/00000000-0000-0000-0000-000000000000/providers/Microsoft.Compute/locations/westus/operations/d26b22f8-86b5-4c02-b193-bf47462d4fff?p=571046f6-b640-41c1-86f7-f9f044b5adf9&api-version=2024-03-01&t=638554302823453689&c=MIIHhzCCBm-gAwIBAgITHgTLf2Bo2ctQx42TXQAABMt_YDANBgkqhkiG9w0BAQsFADBEMRMwEQYKCZImiZPyLGQBGRYDR0JMMRMwEQYKCZImiZPyLGQBGRYDQU1FMRgwFgYDVQQDEw9BTUUgSW5mcmEgQ0EgMDYwHhcNMjQwNjI0MTExMDUyWhcNMjUwNjE5MTExMDUyWjBAMT4wPAYDVQQDEzVhc3luY29wZXJhdGlvbnNpZ25pbmdjZXJ0aWZpY2F0ZS5tYW5hZ2VtZW50LmF6dXJlLmNvbTCCASIwDQYJKoZIhvcNAQEBBQADggEPADCCAQoCggEBAJlnrj2pdevN1SIOk4Ymmo6b0y9Je4RZXWejQSMTCH35NFEHss9bBD2CGcY3xU4F2W7onMR_2J9BMUNk3BAub3AoLlqVrcx5dzI0ay_5toyOhu-L1pN7aSQdp7J-LzA-UW_CLp2D_65mjx1ZER-HWOV5QedBCvUwhqtSal8AbzrK5Qth8tntkg5tzjChuGo9vkh1pnXKQyYHQMdulCipi-EK8sPOQpZyiVIRujiHxTJMjdxz4gCG4rAFAK8_jK4UC73mwHm7BAlfbfkkZtxW5sVSGLrYwFPkNIDtNGoINbTjOqTmJR02AYrzu-AeRS1DP-HxtHci9UFjOurKjaUYhTUCAwEAAaOCBHQwggRwMCcGCSsGAQQBgjcVCgQaMBgwCgYIKwYBBQUHAwEwCgYIKwYBBQUHAwIwPQYJKwYBBAGCNxUHBDAwLgYmKwYBBAGCNxUIhpDjDYTVtHiE8Ys-hZvdFs6dEoFggvX2K4Py0SACAWQCAQowggHLBggrBgEFBQcBAQSCAb0wggG5MGMGCCsGAQUFBzAChldodHRwOi8vY3JsLm1pY3Jvc29mdC5jb20vcGtpaW5mcmEvQ2VydHMvQkwyUEtJSU5UQ0EwMi5BTUUuR0JMX0FNRSUyMEluZnJhJTIwQ0ElMjAwNi5jcnQwUwYIKwYBBQUHMAKGR2h0dHA6Ly9jcmwxLmFtZS5nYmwvYWlhL0JMMlBLSUlOVENBMDIuQU1FLkdCTF9BTUUlMjBJbmZyYSUyMENBJTIwMDYuY3J0MFMGCCsGAQUFBzAChkdodHRwOi8vY3JsMi5hbWUuZ2JsL2FpYS9CTDJQS0lJTlRDQTAyLkFNRS5HQkxfQU1FJTIwSW5mcmElMjBDQSUyMDA2LmNydDBTBggrBgEFBQcwAoZHaHR0cDovL2NybDMuYW1lLmdibC9haWEvQkwyUEtJSU5UQ0EwMi5BTUUuR0JMX0FNRSUyMEluZnJhJTIwQ0ElMjAwNi5jcnQwUwYIKwYBBQUHMAKGR2h0dHA6Ly9jcmw0LmFtZS5nYmwvYWlhL0JMMlBLSUlOVENBMDIuQU1FLkdCTF9BTUUlMjBJbmZyYSUyMENBJTIwMDYuY3J0MB0GA1UdDgQWBBTxZpd7aM59MC90B8etCBMRpcVJhTAOBgNVHQ8BAf8EBAMCBaAwggEmBgNVHR8EggEdMIIBGTCCARWgggERoIIBDYY_aHR0cDovL2NybC5taWNyb3NvZnQuY29tL3BraWluZnJhL0NSTC9BTUUlMjBJbmZyYSUyMENBJTIwMDYuY3JshjFodHRwOi8vY3JsMS5hbWUuZ2JsL2NybC9BTUUlMjBJbmZyYSUyMENBJTIwMDYuY3JshjFodHRwOi8vY3JsMi5hbWUuZ2JsL2NybC9BTUUlMjBJbmZyYSUyMENBJTIwMDYuY3JshjFodHRwOi8vY3JsMy5hbWUuZ2JsL2NybC9BTUUlMjBJbmZyYSUyMENBJTIwMDYuY3JshjFodHRwOi8vY3JsNC5hbWUuZ2JsL2NybC9BTUUlMjBJbmZyYSUyMENBJTIwMDYuY3JsMIGdBgNVHSAEgZUwgZIwDAYKKwYBBAGCN3sBATBmBgorBgEEAYI3ewICMFgwVgYIKwYBBQUHAgIwSh5IADMAMwBlADAAMQA5ADIAMQAtADQAZAA2ADQALQA0AGYAOABjAC0AYQAwADUANQAtADUAYgBkAGEAZgBmAGQANQBlADMAMwBkMAwGCisGAQQBgjd7AwEwDAYKKwYBBAGCN3sEATAfBgNVHSMEGDAWgBTxRmjG8cPwKy19i2rhsvm-NfzRQTAdBgNVHSUEFjAUBggrBgEFBQcDAQYIKwYBBQUHAwIwDQYJKoZIhvcNAQELBQADggEBAHAEnYrjKwIEeZD6k6Jnduw9QE83ye3e6yI36Y6jc5gavwpltarWjUevLWA6bzqnIMEbxZot_oo7GgSjb9hcbtTWjf_cW7PWDbQSC5WExVS4rTM5XJOQlXIeguIDWoXNGCzJBnYfUfUEfW8ZdjPKbJ7_7OQo_y-DgeRynB9KRCkpH4wZ1X5EQR-13kZvzXCVNpw1yiAELFyVScpLMqfm5iM9nMEMU7Og9hgeUL4q7EwPPbvn6qRq4ehK7ctlmEItOmMlgtNqT3IRhFnMIIsqnZu7BTfLyXR_8geMDnVJlhUXkb73ZpHNIBaoXmHwLpUQLBwoqG0ME1rP1_9UfVhYmNs&s=ASoSLpyDd8DAYvmFzoXx62yW6ZuBMDAghf6iR02uPxWBo9KjBp-ARDcPQYoJnE8JWCjZVpYQM-i5ErHdEwfNevUrTgn_er0n2G2XO7IMnQJU77P3I1t0fq5XPSoLyJ1gUeGvpdRuUHf8iseAE0pNDMMULr7tE0kEV063iCKCJE-KNm5uwo1dVyLaOKZ6e8uRw0mxweQv0bUw6EtaSXiperY8o_4wqfFCo7XW82laQ1yCduQucncYozu9AXvnfZPvfzrql4kF257eztzUZSIdfOv12KhbU2ngQUUwn9Lk7xQUdEkx90u6hQOy3nkp0BQAJd707G15u4Sdl8dXB-sSgQ&h=IBoLsTXqyrEctJjy0464PPJBCN1ceiRzwcexlnWqm_g
      cache-control:
      - no-cache
      content-length:
      - '507'
      content-type:
      - application/json; charset=utf-8
      date:
      - Mon, 01 Jul 2024 11:31:21 GMT
      expires:
      - '-1'
      pragma:
      - no-cache
      strict-transport-security:
      - max-age=31536000; includeSubDomains
      x-cache:
      - CONFIG_NOCACHE
      x-content-type-options:
      - nosniff
      x-ms-ratelimit-remaining-resource:
      - Microsoft.Compute/UpdateVMSubscriptionMaximum;1499,Microsoft.Compute/UpdateVMResource;11
      x-ms-ratelimit-remaining-subscription-global-writes:
      - '2999'
      x-ms-ratelimit-remaining-subscription-writes:
      - '199'
      x-msedge-ref:
      - 'Ref A: 4D1DB498FD85434ABDA856CC4155372D Ref B: TYO201100116029 Ref C: 2024-07-01T11:31:20Z'
    status:
      code: 201
      message: ''
- request:
    body: null
    headers:
      Accept:
      - '*/*'
      Accept-Encoding:
      - gzip, deflate
      CommandName:
      - vm extension set
      Connection:
      - keep-alive
      ParameterSetName:
      - -n --publisher --version --vm-name --resource-group --protected-settings --extension-instance-name
      User-Agent:
      - AZURECLI/2.61.0 azsdk-python-core/1.28.0 Python/3.9.5 (Windows-10-10.0.22631-SP0)
    method: GET
    uri: https://management.azure.com/subscriptions/00000000-0000-0000-0000-000000000000/providers/Microsoft.Compute/locations/westus/operations/d26b22f8-86b5-4c02-b193-bf47462d4fff?p=571046f6-b640-41c1-86f7-f9f044b5adf9&api-version=2024-03-01&t=638554302823453689&c=MIIHhzCCBm-gAwIBAgITHgTLf2Bo2ctQx42TXQAABMt_YDANBgkqhkiG9w0BAQsFADBEMRMwEQYKCZImiZPyLGQBGRYDR0JMMRMwEQYKCZImiZPyLGQBGRYDQU1FMRgwFgYDVQQDEw9BTUUgSW5mcmEgQ0EgMDYwHhcNMjQwNjI0MTExMDUyWhcNMjUwNjE5MTExMDUyWjBAMT4wPAYDVQQDEzVhc3luY29wZXJhdGlvbnNpZ25pbmdjZXJ0aWZpY2F0ZS5tYW5hZ2VtZW50LmF6dXJlLmNvbTCCASIwDQYJKoZIhvcNAQEBBQADggEPADCCAQoCggEBAJlnrj2pdevN1SIOk4Ymmo6b0y9Je4RZXWejQSMTCH35NFEHss9bBD2CGcY3xU4F2W7onMR_2J9BMUNk3BAub3AoLlqVrcx5dzI0ay_5toyOhu-L1pN7aSQdp7J-LzA-UW_CLp2D_65mjx1ZER-HWOV5QedBCvUwhqtSal8AbzrK5Qth8tntkg5tzjChuGo9vkh1pnXKQyYHQMdulCipi-EK8sPOQpZyiVIRujiHxTJMjdxz4gCG4rAFAK8_jK4UC73mwHm7BAlfbfkkZtxW5sVSGLrYwFPkNIDtNGoINbTjOqTmJR02AYrzu-AeRS1DP-HxtHci9UFjOurKjaUYhTUCAwEAAaOCBHQwggRwMCcGCSsGAQQBgjcVCgQaMBgwCgYIKwYBBQUHAwEwCgYIKwYBBQUHAwIwPQYJKwYBBAGCNxUHBDAwLgYmKwYBBAGCNxUIhpDjDYTVtHiE8Ys-hZvdFs6dEoFggvX2K4Py0SACAWQCAQowggHLBggrBgEFBQcBAQSCAb0wggG5MGMGCCsGAQUFBzAChldodHRwOi8vY3JsLm1pY3Jvc29mdC5jb20vcGtpaW5mcmEvQ2VydHMvQkwyUEtJSU5UQ0EwMi5BTUUuR0JMX0FNRSUyMEluZnJhJTIwQ0ElMjAwNi5jcnQwUwYIKwYBBQUHMAKGR2h0dHA6Ly9jcmwxLmFtZS5nYmwvYWlhL0JMMlBLSUlOVENBMDIuQU1FLkdCTF9BTUUlMjBJbmZyYSUyMENBJTIwMDYuY3J0MFMGCCsGAQUFBzAChkdodHRwOi8vY3JsMi5hbWUuZ2JsL2FpYS9CTDJQS0lJTlRDQTAyLkFNRS5HQkxfQU1FJTIwSW5mcmElMjBDQSUyMDA2LmNydDBTBggrBgEFBQcwAoZHaHR0cDovL2NybDMuYW1lLmdibC9haWEvQkwyUEtJSU5UQ0EwMi5BTUUuR0JMX0FNRSUyMEluZnJhJTIwQ0ElMjAwNi5jcnQwUwYIKwYBBQUHMAKGR2h0dHA6Ly9jcmw0LmFtZS5nYmwvYWlhL0JMMlBLSUlOVENBMDIuQU1FLkdCTF9BTUUlMjBJbmZyYSUyMENBJTIwMDYuY3J0MB0GA1UdDgQWBBTxZpd7aM59MC90B8etCBMRpcVJhTAOBgNVHQ8BAf8EBAMCBaAwggEmBgNVHR8EggEdMIIBGTCCARWgggERoIIBDYY_aHR0cDovL2NybC5taWNyb3NvZnQuY29tL3BraWluZnJhL0NSTC9BTUUlMjBJbmZyYSUyMENBJTIwMDYuY3JshjFodHRwOi8vY3JsMS5hbWUuZ2JsL2NybC9BTUUlMjBJbmZyYSUyMENBJTIwMDYuY3JshjFodHRwOi8vY3JsMi5hbWUuZ2JsL2NybC9BTUUlMjBJbmZyYSUyMENBJTIwMDYuY3JshjFodHRwOi8vY3JsMy5hbWUuZ2JsL2NybC9BTUUlMjBJbmZyYSUyMENBJTIwMDYuY3JshjFodHRwOi8vY3JsNC5hbWUuZ2JsL2NybC9BTUUlMjBJbmZyYSUyMENBJTIwMDYuY3JsMIGdBgNVHSAEgZUwgZIwDAYKKwYBBAGCN3sBATBmBgorBgEEAYI3ewICMFgwVgYIKwYBBQUHAgIwSh5IADMAMwBlADAAMQA5ADIAMQAtADQAZAA2ADQALQA0AGYAOABjAC0AYQAwADUANQAtADUAYgBkAGEAZgBmAGQANQBlADMAMwBkMAwGCisGAQQBgjd7AwEwDAYKKwYBBAGCN3sEATAfBgNVHSMEGDAWgBTxRmjG8cPwKy19i2rhsvm-NfzRQTAdBgNVHSUEFjAUBggrBgEFBQcDAQYIKwYBBQUHAwIwDQYJKoZIhvcNAQELBQADggEBAHAEnYrjKwIEeZD6k6Jnduw9QE83ye3e6yI36Y6jc5gavwpltarWjUevLWA6bzqnIMEbxZot_oo7GgSjb9hcbtTWjf_cW7PWDbQSC5WExVS4rTM5XJOQlXIeguIDWoXNGCzJBnYfUfUEfW8ZdjPKbJ7_7OQo_y-DgeRynB9KRCkpH4wZ1X5EQR-13kZvzXCVNpw1yiAELFyVScpLMqfm5iM9nMEMU7Og9hgeUL4q7EwPPbvn6qRq4ehK7ctlmEItOmMlgtNqT3IRhFnMIIsqnZu7BTfLyXR_8geMDnVJlhUXkb73ZpHNIBaoXmHwLpUQLBwoqG0ME1rP1_9UfVhYmNs&s=ASoSLpyDd8DAYvmFzoXx62yW6ZuBMDAghf6iR02uPxWBo9KjBp-ARDcPQYoJnE8JWCjZVpYQM-i5ErHdEwfNevUrTgn_er0n2G2XO7IMnQJU77P3I1t0fq5XPSoLyJ1gUeGvpdRuUHf8iseAE0pNDMMULr7tE0kEV063iCKCJE-KNm5uwo1dVyLaOKZ6e8uRw0mxweQv0bUw6EtaSXiperY8o_4wqfFCo7XW82laQ1yCduQucncYozu9AXvnfZPvfzrql4kF257eztzUZSIdfOv12KhbU2ngQUUwn9Lk7xQUdEkx90u6hQOy3nkp0BQAJd707G15u4Sdl8dXB-sSgQ&h=IBoLsTXqyrEctJjy0464PPJBCN1ceiRzwcexlnWqm_g
  response:
    body:
      string: "{\r\n  \"startTime\": \"2024-07-01T11:31:22.093345+00:00\",\r\n  \"status\":
        \"InProgress\",\r\n  \"name\": \"d26b22f8-86b5-4c02-b193-bf47462d4fff\"\r\n}"
    headers:
      cache-control:
      - no-cache
      content-length:
      - '133'
      content-type:
      - application/json; charset=utf-8
      date:
      - Mon, 01 Jul 2024 11:31:22 GMT
      expires:
      - '-1'
      pragma:
      - no-cache
      strict-transport-security:
      - max-age=31536000; includeSubDomains
      x-cache:
      - CONFIG_NOCACHE
      x-content-type-options:
      - nosniff
      x-ms-ratelimit-remaining-resource:
      - Microsoft.Compute/GetOperationResource;44,Microsoft.Compute/GetOperationSubscriptionMaximum;14995
      x-ms-ratelimit-remaining-subscription-global-reads:
      - '3748'
      x-msedge-ref:
      - 'Ref A: BE2F5B1140D74AE38AB16D44FE9138AC Ref B: TYO201100116029 Ref C: 2024-07-01T11:31:22Z'
    status:
      code: 200
      message: ''
- request:
    body: null
    headers:
      Accept:
      - '*/*'
      Accept-Encoding:
      - gzip, deflate
      CommandName:
      - vm extension set
      Connection:
      - keep-alive
      ParameterSetName:
      - -n --publisher --version --vm-name --resource-group --protected-settings --extension-instance-name
      User-Agent:
      - AZURECLI/2.61.0 azsdk-python-core/1.28.0 Python/3.9.5 (Windows-10-10.0.22631-SP0)
    method: GET
    uri: https://management.azure.com/subscriptions/00000000-0000-0000-0000-000000000000/providers/Microsoft.Compute/locations/westus/operations/d26b22f8-86b5-4c02-b193-bf47462d4fff?p=571046f6-b640-41c1-86f7-f9f044b5adf9&api-version=2024-03-01&t=638554302823453689&c=MIIHhzCCBm-gAwIBAgITHgTLf2Bo2ctQx42TXQAABMt_YDANBgkqhkiG9w0BAQsFADBEMRMwEQYKCZImiZPyLGQBGRYDR0JMMRMwEQYKCZImiZPyLGQBGRYDQU1FMRgwFgYDVQQDEw9BTUUgSW5mcmEgQ0EgMDYwHhcNMjQwNjI0MTExMDUyWhcNMjUwNjE5MTExMDUyWjBAMT4wPAYDVQQDEzVhc3luY29wZXJhdGlvbnNpZ25pbmdjZXJ0aWZpY2F0ZS5tYW5hZ2VtZW50LmF6dXJlLmNvbTCCASIwDQYJKoZIhvcNAQEBBQADggEPADCCAQoCggEBAJlnrj2pdevN1SIOk4Ymmo6b0y9Je4RZXWejQSMTCH35NFEHss9bBD2CGcY3xU4F2W7onMR_2J9BMUNk3BAub3AoLlqVrcx5dzI0ay_5toyOhu-L1pN7aSQdp7J-LzA-UW_CLp2D_65mjx1ZER-HWOV5QedBCvUwhqtSal8AbzrK5Qth8tntkg5tzjChuGo9vkh1pnXKQyYHQMdulCipi-EK8sPOQpZyiVIRujiHxTJMjdxz4gCG4rAFAK8_jK4UC73mwHm7BAlfbfkkZtxW5sVSGLrYwFPkNIDtNGoINbTjOqTmJR02AYrzu-AeRS1DP-HxtHci9UFjOurKjaUYhTUCAwEAAaOCBHQwggRwMCcGCSsGAQQBgjcVCgQaMBgwCgYIKwYBBQUHAwEwCgYIKwYBBQUHAwIwPQYJKwYBBAGCNxUHBDAwLgYmKwYBBAGCNxUIhpDjDYTVtHiE8Ys-hZvdFs6dEoFggvX2K4Py0SACAWQCAQowggHLBggrBgEFBQcBAQSCAb0wggG5MGMGCCsGAQUFBzAChldodHRwOi8vY3JsLm1pY3Jvc29mdC5jb20vcGtpaW5mcmEvQ2VydHMvQkwyUEtJSU5UQ0EwMi5BTUUuR0JMX0FNRSUyMEluZnJhJTIwQ0ElMjAwNi5jcnQwUwYIKwYBBQUHMAKGR2h0dHA6Ly9jcmwxLmFtZS5nYmwvYWlhL0JMMlBLSUlOVENBMDIuQU1FLkdCTF9BTUUlMjBJbmZyYSUyMENBJTIwMDYuY3J0MFMGCCsGAQUFBzAChkdodHRwOi8vY3JsMi5hbWUuZ2JsL2FpYS9CTDJQS0lJTlRDQTAyLkFNRS5HQkxfQU1FJTIwSW5mcmElMjBDQSUyMDA2LmNydDBTBggrBgEFBQcwAoZHaHR0cDovL2NybDMuYW1lLmdibC9haWEvQkwyUEtJSU5UQ0EwMi5BTUUuR0JMX0FNRSUyMEluZnJhJTIwQ0ElMjAwNi5jcnQwUwYIKwYBBQUHMAKGR2h0dHA6Ly9jcmw0LmFtZS5nYmwvYWlhL0JMMlBLSUlOVENBMDIuQU1FLkdCTF9BTUUlMjBJbmZyYSUyMENBJTIwMDYuY3J0MB0GA1UdDgQWBBTxZpd7aM59MC90B8etCBMRpcVJhTAOBgNVHQ8BAf8EBAMCBaAwggEmBgNVHR8EggEdMIIBGTCCARWgggERoIIBDYY_aHR0cDovL2NybC5taWNyb3NvZnQuY29tL3BraWluZnJhL0NSTC9BTUUlMjBJbmZyYSUyMENBJTIwMDYuY3JshjFodHRwOi8vY3JsMS5hbWUuZ2JsL2NybC9BTUUlMjBJbmZyYSUyMENBJTIwMDYuY3JshjFodHRwOi8vY3JsMi5hbWUuZ2JsL2NybC9BTUUlMjBJbmZyYSUyMENBJTIwMDYuY3JshjFodHRwOi8vY3JsMy5hbWUuZ2JsL2NybC9BTUUlMjBJbmZyYSUyMENBJTIwMDYuY3JshjFodHRwOi8vY3JsNC5hbWUuZ2JsL2NybC9BTUUlMjBJbmZyYSUyMENBJTIwMDYuY3JsMIGdBgNVHSAEgZUwgZIwDAYKKwYBBAGCN3sBATBmBgorBgEEAYI3ewICMFgwVgYIKwYBBQUHAgIwSh5IADMAMwBlADAAMQA5ADIAMQAtADQAZAA2ADQALQA0AGYAOABjAC0AYQAwADUANQAtADUAYgBkAGEAZgBmAGQANQBlADMAMwBkMAwGCisGAQQBgjd7AwEwDAYKKwYBBAGCN3sEATAfBgNVHSMEGDAWgBTxRmjG8cPwKy19i2rhsvm-NfzRQTAdBgNVHSUEFjAUBggrBgEFBQcDAQYIKwYBBQUHAwIwDQYJKoZIhvcNAQELBQADggEBAHAEnYrjKwIEeZD6k6Jnduw9QE83ye3e6yI36Y6jc5gavwpltarWjUevLWA6bzqnIMEbxZot_oo7GgSjb9hcbtTWjf_cW7PWDbQSC5WExVS4rTM5XJOQlXIeguIDWoXNGCzJBnYfUfUEfW8ZdjPKbJ7_7OQo_y-DgeRynB9KRCkpH4wZ1X5EQR-13kZvzXCVNpw1yiAELFyVScpLMqfm5iM9nMEMU7Og9hgeUL4q7EwPPbvn6qRq4ehK7ctlmEItOmMlgtNqT3IRhFnMIIsqnZu7BTfLyXR_8geMDnVJlhUXkb73ZpHNIBaoXmHwLpUQLBwoqG0ME1rP1_9UfVhYmNs&s=ASoSLpyDd8DAYvmFzoXx62yW6ZuBMDAghf6iR02uPxWBo9KjBp-ARDcPQYoJnE8JWCjZVpYQM-i5ErHdEwfNevUrTgn_er0n2G2XO7IMnQJU77P3I1t0fq5XPSoLyJ1gUeGvpdRuUHf8iseAE0pNDMMULr7tE0kEV063iCKCJE-KNm5uwo1dVyLaOKZ6e8uRw0mxweQv0bUw6EtaSXiperY8o_4wqfFCo7XW82laQ1yCduQucncYozu9AXvnfZPvfzrql4kF257eztzUZSIdfOv12KhbU2ngQUUwn9Lk7xQUdEkx90u6hQOy3nkp0BQAJd707G15u4Sdl8dXB-sSgQ&h=IBoLsTXqyrEctJjy0464PPJBCN1ceiRzwcexlnWqm_g
  response:
    body:
      string: "{\r\n  \"startTime\": \"2024-07-01T11:31:22.093345+00:00\",\r\n  \"endTime\":
        \"2024-07-01T11:31:32.5622481+00:00\",\r\n  \"status\": \"Succeeded\",\r\n
        \ \"name\": \"d26b22f8-86b5-4c02-b193-bf47462d4fff\"\r\n}"
    headers:
      cache-control:
      - no-cache
      content-length:
      - '183'
      content-type:
      - application/json; charset=utf-8
      date:
      - Mon, 01 Jul 2024 11:31:52 GMT
      expires:
      - '-1'
      pragma:
      - no-cache
      strict-transport-security:
      - max-age=31536000; includeSubDomains
      x-cache:
      - CONFIG_NOCACHE
      x-content-type-options:
      - nosniff
      x-ms-ratelimit-remaining-resource:
      - Microsoft.Compute/GetOperationResource;42,Microsoft.Compute/GetOperationSubscriptionMaximum;14986
      x-ms-ratelimit-remaining-subscription-global-reads:
      - '3749'
      x-msedge-ref:
      - 'Ref A: 8D0667F6F84E4F2A957B15F015212311 Ref B: TYO201100116029 Ref C: 2024-07-01T11:31:52Z'
    status:
      code: 200
      message: ''
- request:
    body: null
    headers:
      Accept:
      - '*/*'
      Accept-Encoding:
      - gzip, deflate
      CommandName:
      - vm extension set
      Connection:
      - keep-alive
      ParameterSetName:
      - -n --publisher --version --vm-name --resource-group --protected-settings --extension-instance-name
      User-Agent:
      - AZURECLI/2.61.0 azsdk-python-core/1.28.0 Python/3.9.5 (Windows-10-10.0.22631-SP0)
    method: GET
    uri: https://management.azure.com/subscriptions/00000000-0000-0000-0000-000000000000/resourceGroups/cli_test_vm_extension_2000001/providers/Microsoft.Compute/virtualMachines/myvm/extensions/MyAccessExt?api-version=2024-03-01
  response:
    body:
      string: "{\r\n  \"name\": \"MyAccessExt\",\r\n  \"id\": \"/subscriptions/00000000-0000-0000-0000-000000000000/resourceGroups/cli_test_vm_extension_2000001/providers/Microsoft.Compute/virtualMachines/myvm/extensions/MyAccessExt\",\r\n
        \ \"type\": \"Microsoft.Compute/virtualMachines/extensions\",\r\n  \"location\":
        \"westus\",\r\n  \"properties\": {\r\n    \"autoUpgradeMinorVersion\": true,\r\n
        \   \"provisioningState\": \"Succeeded\",\r\n    \"publisher\": \"Microsoft.OSTCExtensions\",\r\n
        \   \"type\": \"VMAccessForLinux\",\r\n    \"typeHandlerVersion\": \"1.2\"\r\n
        \ }\r\n}"
    headers:
      cache-control:
      - no-cache
      content-length:
      - '508'
      content-type:
      - application/json; charset=utf-8
      date:
      - Mon, 01 Jul 2024 11:31:53 GMT
      expires:
      - '-1'
      pragma:
      - no-cache
      strict-transport-security:
      - max-age=31536000; includeSubDomains
      x-cache:
      - CONFIG_NOCACHE
      x-content-type-options:
      - nosniff
      x-ms-ratelimit-remaining-resource:
      - Microsoft.Compute/LowCostGetSubscriptionMaximum;23981,Microsoft.Compute/LowCostGetResource;30
      x-ms-ratelimit-remaining-subscription-global-reads:
      - '3749'
      x-msedge-ref:
      - 'Ref A: 5BBEA1EAAC624C7C895A1C25134DFE6D Ref B: TYO201100116029 Ref C: 2024-07-01T11:31:53Z'
    status:
      code: 200
      message: ''
- request:
    body: null
    headers:
      Accept:
      - application/json
      Accept-Encoding:
      - gzip, deflate
      CommandName:
      - vm extension show
      Connection:
      - keep-alive
      ParameterSetName:
      - --resource-group --vm-name --name
      User-Agent:
      - AZURECLI/2.61.0 azsdk-python-core/1.28.0 Python/3.9.5 (Windows-10-10.0.22631-SP0)
    method: GET
    uri: https://management.azure.com/subscriptions/00000000-0000-0000-0000-000000000000/resourceGroups/cli_test_vm_extension_2000001/providers/Microsoft.Compute/virtualMachines/myvm/extensions/MyAccessExt?api-version=2024-03-01
  response:
    body:
      string: "{\r\n  \"name\": \"MyAccessExt\",\r\n  \"id\": \"/subscriptions/00000000-0000-0000-0000-000000000000/resourceGroups/cli_test_vm_extension_2000001/providers/Microsoft.Compute/virtualMachines/myvm/extensions/MyAccessExt\",\r\n
        \ \"type\": \"Microsoft.Compute/virtualMachines/extensions\",\r\n  \"location\":
        \"westus\",\r\n  \"properties\": {\r\n    \"autoUpgradeMinorVersion\": true,\r\n
        \   \"provisioningState\": \"Succeeded\",\r\n    \"publisher\": \"Microsoft.OSTCExtensions\",\r\n
        \   \"type\": \"VMAccessForLinux\",\r\n    \"typeHandlerVersion\": \"1.2\"\r\n
        \ }\r\n}"
    headers:
      cache-control:
      - no-cache
      content-length:
      - '508'
      content-type:
      - application/json; charset=utf-8
      date:
      - Mon, 01 Jul 2024 11:31:54 GMT
      expires:
      - '-1'
      pragma:
      - no-cache
      strict-transport-security:
      - max-age=31536000; includeSubDomains
      x-cache:
      - CONFIG_NOCACHE
      x-content-type-options:
      - nosniff
      x-ms-ratelimit-remaining-resource:
      - Microsoft.Compute/LowCostGetSubscriptionMaximum;23978,Microsoft.Compute/LowCostGetResource;29
      x-ms-ratelimit-remaining-subscription-global-reads:
      - '3749'
      x-msedge-ref:
      - 'Ref A: E080E528727A46B0A0DBB918AB015429 Ref B: TYO201100117031 Ref C: 2024-07-01T11:31:54Z'
    status:
      code: 200
      message: ''
- request:
    body: null
    headers:
      Accept:
      - '*/*'
      Accept-Encoding:
      - gzip, deflate
      CommandName:
      - vm extension delete
      Connection:
      - keep-alive
      Content-Length:
      - '0'
      ParameterSetName:
      - --resource-group --vm-name --name
      User-Agent:
      - AZURECLI/2.61.0 azsdk-python-core/1.28.0 Python/3.9.5 (Windows-10-10.0.22631-SP0)
    method: DELETE
    uri: https://management.azure.com/subscriptions/00000000-0000-0000-0000-000000000000/resourceGroups/cli_test_vm_extension_2000001/providers/Microsoft.Compute/virtualMachines/myvm/extensions/MyAccessExt?api-version=2022-11-01
  response:
    body:
      string: ''
    headers:
      azure-asyncnotification:
      - Enabled
      azure-asyncoperation:
      - https://management.azure.com/subscriptions/00000000-0000-0000-0000-000000000000/providers/Microsoft.Compute/locations/westus/operations/43c9f614-22a4-4d0d-9c70-4f8b007e2aa8?p=571046f6-b640-41c1-86f7-f9f044b5adf9&api-version=2022-11-01&t=638554303171083633&c=MIIHhzCCBm-gAwIBAgITHgTOmixCtVmKPtd-FAAABM6aLDANBgkqhkiG9w0BAQsFADBEMRMwEQYKCZImiZPyLGQBGRYDR0JMMRMwEQYKCZImiZPyLGQBGRYDQU1FMRgwFgYDVQQDEw9BTUUgSW5mcmEgQ0EgMDYwHhcNMjQwNjI2MDEyNDE5WhcNMjUwNjIxMDEyNDE5WjBAMT4wPAYDVQQDEzVhc3luY29wZXJhdGlvbnNpZ25pbmdjZXJ0aWZpY2F0ZS5tYW5hZ2VtZW50LmF6dXJlLmNvbTCCASIwDQYJKoZIhvcNAQEBBQADggEPADCCAQoCggEBAMVctf8MlNEn4oGkioxUOiU68sR5PWUphl0qWxaPZuHAxvyaEBVvy0B97gJiyeWKgVMmygvLK85qy9GPe6GOGrNKmZ_tSHNE8wCUfIqy80HSg0fjmWVTckJhipZDyk4HUhRAusFhWK-KhYHxBm_RsWD9NvAusdJZKo6IzkXFuiv00vTFxJdo9PaVhWy8d6KaG1QROoeNicwnK8tqHV9SM4qm5Zo_NqJlm4w9Nm0spDXViQkU0kbMkE49TNFoIMqlCp6iyg94pgxVRDvEM3ywb5Stytl9HPXDbGcAUuoBXBL9lIxtt5hyEoyXIjZ3PCp_VyQYZ7BBYdCbUAZ5qncyuqECAwEAAaOCBHQwggRwMCcGCSsGAQQBgjcVCgQaMBgwCgYIKwYBBQUHAwEwCgYIKwYBBQUHAwIwPQYJKwYBBAGCNxUHBDAwLgYmKwYBBAGCNxUIhpDjDYTVtHiE8Ys-hZvdFs6dEoFggvX2K4Py0SACAWQCAQowggHLBggrBgEFBQcBAQSCAb0wggG5MGMGCCsGAQUFBzAChldodHRwOi8vY3JsLm1pY3Jvc29mdC5jb20vcGtpaW5mcmEvQ2VydHMvQkwyUEtJSU5UQ0EwMi5BTUUuR0JMX0FNRSUyMEluZnJhJTIwQ0ElMjAwNi5jcnQwUwYIKwYBBQUHMAKGR2h0dHA6Ly9jcmwxLmFtZS5nYmwvYWlhL0JMMlBLSUlOVENBMDIuQU1FLkdCTF9BTUUlMjBJbmZyYSUyMENBJTIwMDYuY3J0MFMGCCsGAQUFBzAChkdodHRwOi8vY3JsMi5hbWUuZ2JsL2FpYS9CTDJQS0lJTlRDQTAyLkFNRS5HQkxfQU1FJTIwSW5mcmElMjBDQSUyMDA2LmNydDBTBggrBgEFBQcwAoZHaHR0cDovL2NybDMuYW1lLmdibC9haWEvQkwyUEtJSU5UQ0EwMi5BTUUuR0JMX0FNRSUyMEluZnJhJTIwQ0ElMjAwNi5jcnQwUwYIKwYBBQUHMAKGR2h0dHA6Ly9jcmw0LmFtZS5nYmwvYWlhL0JMMlBLSUlOVENBMDIuQU1FLkdCTF9BTUUlMjBJbmZyYSUyMENBJTIwMDYuY3J0MB0GA1UdDgQWBBT5WHFTSqwGGsYKklBu0dgaPj7a_zAOBgNVHQ8BAf8EBAMCBaAwggEmBgNVHR8EggEdMIIBGTCCARWgggERoIIBDYY_aHR0cDovL2NybC5taWNyb3NvZnQuY29tL3BraWluZnJhL0NSTC9BTUUlMjBJbmZyYSUyMENBJTIwMDYuY3JshjFodHRwOi8vY3JsMS5hbWUuZ2JsL2NybC9BTUUlMjBJbmZyYSUyMENBJTIwMDYuY3JshjFodHRwOi8vY3JsMi5hbWUuZ2JsL2NybC9BTUUlMjBJbmZyYSUyMENBJTIwMDYuY3JshjFodHRwOi8vY3JsMy5hbWUuZ2JsL2NybC9BTUUlMjBJbmZyYSUyMENBJTIwMDYuY3JshjFodHRwOi8vY3JsNC5hbWUuZ2JsL2NybC9BTUUlMjBJbmZyYSUyMENBJTIwMDYuY3JsMIGdBgNVHSAEgZUwgZIwDAYKKwYBBAGCN3sBATBmBgorBgEEAYI3ewICMFgwVgYIKwYBBQUHAgIwSh5IADMAMwBlADAAMQA5ADIAMQAtADQAZAA2ADQALQA0AGYAOABjAC0AYQAwADUANQAtADUAYgBkAGEAZgBmAGQANQBlADMAMwBkMAwGCisGAQQBgjd7AwEwDAYKKwYBBAGCN3sEATAfBgNVHSMEGDAWgBTxRmjG8cPwKy19i2rhsvm-NfzRQTAdBgNVHSUEFjAUBggrBgEFBQcDAQYIKwYBBQUHAwIwDQYJKoZIhvcNAQELBQADggEBACSYXSU1AC1UPt29MyU1YDldHcDHLrOLrJY7IYvyTD6bExaArTLdExfxlOQpZFQOnW1voQ7gqjLahlNwJxAFfpcHCnpjuMzL0_3uWGXRXYwRdPD_zSkvpoKkG5xfVsn-VG6lHReIOtqDVw46r0vIKyOrz4qSlsyPt5EDYq4vqABh6nJfx7_0na4TwJJkQy_E2IKVcv4hVX8ZbqjdqZOdhNXkZUViuNoLTa7RHbLHTmERT5AL--EW_idp66sLu6pTmcvZh_2d5R-5k763KRzzv4K7QKy3M5kIL-bM4D0vbgUm9FRfJQOLwV39pAO6j0LQo2c7WQlAPrU95Wk41NbactM&s=TZ1OAoJ2KdZwsrHRJ4QUWUxD6IoDUpGmD2p9gFOjQmZ47NkuSj6g0_God-Jr9ifDFR8LtMo9jmQGwWnOi3wMVHHCLzWWnTPXuawgAghO6d4v9wUvbeT1BeLPk7v44aIOnEmRCrMLmLvvQFzQCyPXWAiNDPZDgQz3NoHWgyh4FwNkIzTlMVrU1k7kKEKV5xvUNtDm-JS3YmxleIBbBDJ90-64UcZXbnTYbC4_YeFY9hcyn0Lp8cejvkR8QFsU-hoeos5RaWK07Y0H4P8Tf2UzfN42eXtLdb1r14OBu2cQo98ybSKObAaEg3zdNWePXYjaQFI3ccwxJh0_otzp_MNcmw&h=nSwJ0gv29S1M0NLgGts9ltjPog155ooEr0gGSYXp8Lc
      cache-control:
      - no-cache
      content-length:
      - '0'
      date:
      - Mon, 01 Jul 2024 11:31:56 GMT
      expires:
      - '-1'
      location:
      - https://management.azure.com/subscriptions/00000000-0000-0000-0000-000000000000/providers/Microsoft.Compute/locations/westus/operations/43c9f614-22a4-4d0d-9c70-4f8b007e2aa8?p=571046f6-b640-41c1-86f7-f9f044b5adf9&monitor=true&api-version=2022-11-01&t=638554303171083633&c=MIIHhzCCBm-gAwIBAgITHgTOmixCtVmKPtd-FAAABM6aLDANBgkqhkiG9w0BAQsFADBEMRMwEQYKCZImiZPyLGQBGRYDR0JMMRMwEQYKCZImiZPyLGQBGRYDQU1FMRgwFgYDVQQDEw9BTUUgSW5mcmEgQ0EgMDYwHhcNMjQwNjI2MDEyNDE5WhcNMjUwNjIxMDEyNDE5WjBAMT4wPAYDVQQDEzVhc3luY29wZXJhdGlvbnNpZ25pbmdjZXJ0aWZpY2F0ZS5tYW5hZ2VtZW50LmF6dXJlLmNvbTCCASIwDQYJKoZIhvcNAQEBBQADggEPADCCAQoCggEBAMVctf8MlNEn4oGkioxUOiU68sR5PWUphl0qWxaPZuHAxvyaEBVvy0B97gJiyeWKgVMmygvLK85qy9GPe6GOGrNKmZ_tSHNE8wCUfIqy80HSg0fjmWVTckJhipZDyk4HUhRAusFhWK-KhYHxBm_RsWD9NvAusdJZKo6IzkXFuiv00vTFxJdo9PaVhWy8d6KaG1QROoeNicwnK8tqHV9SM4qm5Zo_NqJlm4w9Nm0spDXViQkU0kbMkE49TNFoIMqlCp6iyg94pgxVRDvEM3ywb5Stytl9HPXDbGcAUuoBXBL9lIxtt5hyEoyXIjZ3PCp_VyQYZ7BBYdCbUAZ5qncyuqECAwEAAaOCBHQwggRwMCcGCSsGAQQBgjcVCgQaMBgwCgYIKwYBBQUHAwEwCgYIKwYBBQUHAwIwPQYJKwYBBAGCNxUHBDAwLgYmKwYBBAGCNxUIhpDjDYTVtHiE8Ys-hZvdFs6dEoFggvX2K4Py0SACAWQCAQowggHLBggrBgEFBQcBAQSCAb0wggG5MGMGCCsGAQUFBzAChldodHRwOi8vY3JsLm1pY3Jvc29mdC5jb20vcGtpaW5mcmEvQ2VydHMvQkwyUEtJSU5UQ0EwMi5BTUUuR0JMX0FNRSUyMEluZnJhJTIwQ0ElMjAwNi5jcnQwUwYIKwYBBQUHMAKGR2h0dHA6Ly9jcmwxLmFtZS5nYmwvYWlhL0JMMlBLSUlOVENBMDIuQU1FLkdCTF9BTUUlMjBJbmZyYSUyMENBJTIwMDYuY3J0MFMGCCsGAQUFBzAChkdodHRwOi8vY3JsMi5hbWUuZ2JsL2FpYS9CTDJQS0lJTlRDQTAyLkFNRS5HQkxfQU1FJTIwSW5mcmElMjBDQSUyMDA2LmNydDBTBggrBgEFBQcwAoZHaHR0cDovL2NybDMuYW1lLmdibC9haWEvQkwyUEtJSU5UQ0EwMi5BTUUuR0JMX0FNRSUyMEluZnJhJTIwQ0ElMjAwNi5jcnQwUwYIKwYBBQUHMAKGR2h0dHA6Ly9jcmw0LmFtZS5nYmwvYWlhL0JMMlBLSUlOVENBMDIuQU1FLkdCTF9BTUUlMjBJbmZyYSUyMENBJTIwMDYuY3J0MB0GA1UdDgQWBBT5WHFTSqwGGsYKklBu0dgaPj7a_zAOBgNVHQ8BAf8EBAMCBaAwggEmBgNVHR8EggEdMIIBGTCCARWgggERoIIBDYY_aHR0cDovL2NybC5taWNyb3NvZnQuY29tL3BraWluZnJhL0NSTC9BTUUlMjBJbmZyYSUyMENBJTIwMDYuY3JshjFodHRwOi8vY3JsMS5hbWUuZ2JsL2NybC9BTUUlMjBJbmZyYSUyMENBJTIwMDYuY3JshjFodHRwOi8vY3JsMi5hbWUuZ2JsL2NybC9BTUUlMjBJbmZyYSUyMENBJTIwMDYuY3JshjFodHRwOi8vY3JsMy5hbWUuZ2JsL2NybC9BTUUlMjBJbmZyYSUyMENBJTIwMDYuY3JshjFodHRwOi8vY3JsNC5hbWUuZ2JsL2NybC9BTUUlMjBJbmZyYSUyMENBJTIwMDYuY3JsMIGdBgNVHSAEgZUwgZIwDAYKKwYBBAGCN3sBATBmBgorBgEEAYI3ewICMFgwVgYIKwYBBQUHAgIwSh5IADMAMwBlADAAMQA5ADIAMQAtADQAZAA2ADQALQA0AGYAOABjAC0AYQAwADUANQAtADUAYgBkAGEAZgBmAGQANQBlADMAMwBkMAwGCisGAQQBgjd7AwEwDAYKKwYBBAGCN3sEATAfBgNVHSMEGDAWgBTxRmjG8cPwKy19i2rhsvm-NfzRQTAdBgNVHSUEFjAUBggrBgEFBQcDAQYIKwYBBQUHAwIwDQYJKoZIhvcNAQELBQADggEBACSYXSU1AC1UPt29MyU1YDldHcDHLrOLrJY7IYvyTD6bExaArTLdExfxlOQpZFQOnW1voQ7gqjLahlNwJxAFfpcHCnpjuMzL0_3uWGXRXYwRdPD_zSkvpoKkG5xfVsn-VG6lHReIOtqDVw46r0vIKyOrz4qSlsyPt5EDYq4vqABh6nJfx7_0na4TwJJkQy_E2IKVcv4hVX8ZbqjdqZOdhNXkZUViuNoLTa7RHbLHTmERT5AL--EW_idp66sLu6pTmcvZh_2d5R-5k763KRzzv4K7QKy3M5kIL-bM4D0vbgUm9FRfJQOLwV39pAO6j0LQo2c7WQlAPrU95Wk41NbactM&s=TZ1OAoJ2KdZwsrHRJ4QUWUxD6IoDUpGmD2p9gFOjQmZ47NkuSj6g0_God-Jr9ifDFR8LtMo9jmQGwWnOi3wMVHHCLzWWnTPXuawgAghO6d4v9wUvbeT1BeLPk7v44aIOnEmRCrMLmLvvQFzQCyPXWAiNDPZDgQz3NoHWgyh4FwNkIzTlMVrU1k7kKEKV5xvUNtDm-JS3YmxleIBbBDJ90-64UcZXbnTYbC4_YeFY9hcyn0Lp8cejvkR8QFsU-hoeos5RaWK07Y0H4P8Tf2UzfN42eXtLdb1r14OBu2cQo98ybSKObAaEg3zdNWePXYjaQFI3ccwxJh0_otzp_MNcmw&h=nSwJ0gv29S1M0NLgGts9ltjPog155ooEr0gGSYXp8Lc
      pragma:
      - no-cache
      strict-transport-security:
      - max-age=31536000; includeSubDomains
      x-cache:
      - CONFIG_NOCACHE
      x-content-type-options:
      - nosniff
      x-ms-ratelimit-remaining-resource:
      - Microsoft.Compute/UpdateVMSubscriptionMaximum;1498,Microsoft.Compute/UpdateVMResource;10
      x-ms-ratelimit-remaining-subscription-deletes:
      - '199'
      x-ms-ratelimit-remaining-subscription-global-deletes:
      - '2999'
      x-msedge-ref:
      - 'Ref A: 564B31DEE6A8478F9CF2A0D7EFCE3CFB Ref B: TYO201151001011 Ref C: 2024-07-01T11:31:55Z'
    status:
      code: 202
      message: ''
- request:
    body: null
    headers:
      Accept:
      - '*/*'
      Accept-Encoding:
      - gzip, deflate
      CommandName:
      - vm extension delete
      Connection:
      - keep-alive
      ParameterSetName:
      - --resource-group --vm-name --name
      User-Agent:
      - AZURECLI/2.61.0 azsdk-python-core/1.28.0 Python/3.9.5 (Windows-10-10.0.22631-SP0)
    method: GET
    uri: https://management.azure.com/subscriptions/00000000-0000-0000-0000-000000000000/providers/Microsoft.Compute/locations/westus/operations/43c9f614-22a4-4d0d-9c70-4f8b007e2aa8?p=571046f6-b640-41c1-86f7-f9f044b5adf9&api-version=2022-11-01&t=638554303171083633&c=MIIHhzCCBm-gAwIBAgITHgTOmixCtVmKPtd-FAAABM6aLDANBgkqhkiG9w0BAQsFADBEMRMwEQYKCZImiZPyLGQBGRYDR0JMMRMwEQYKCZImiZPyLGQBGRYDQU1FMRgwFgYDVQQDEw9BTUUgSW5mcmEgQ0EgMDYwHhcNMjQwNjI2MDEyNDE5WhcNMjUwNjIxMDEyNDE5WjBAMT4wPAYDVQQDEzVhc3luY29wZXJhdGlvbnNpZ25pbmdjZXJ0aWZpY2F0ZS5tYW5hZ2VtZW50LmF6dXJlLmNvbTCCASIwDQYJKoZIhvcNAQEBBQADggEPADCCAQoCggEBAMVctf8MlNEn4oGkioxUOiU68sR5PWUphl0qWxaPZuHAxvyaEBVvy0B97gJiyeWKgVMmygvLK85qy9GPe6GOGrNKmZ_tSHNE8wCUfIqy80HSg0fjmWVTckJhipZDyk4HUhRAusFhWK-KhYHxBm_RsWD9NvAusdJZKo6IzkXFuiv00vTFxJdo9PaVhWy8d6KaG1QROoeNicwnK8tqHV9SM4qm5Zo_NqJlm4w9Nm0spDXViQkU0kbMkE49TNFoIMqlCp6iyg94pgxVRDvEM3ywb5Stytl9HPXDbGcAUuoBXBL9lIxtt5hyEoyXIjZ3PCp_VyQYZ7BBYdCbUAZ5qncyuqECAwEAAaOCBHQwggRwMCcGCSsGAQQBgjcVCgQaMBgwCgYIKwYBBQUHAwEwCgYIKwYBBQUHAwIwPQYJKwYBBAGCNxUHBDAwLgYmKwYBBAGCNxUIhpDjDYTVtHiE8Ys-hZvdFs6dEoFggvX2K4Py0SACAWQCAQowggHLBggrBgEFBQcBAQSCAb0wggG5MGMGCCsGAQUFBzAChldodHRwOi8vY3JsLm1pY3Jvc29mdC5jb20vcGtpaW5mcmEvQ2VydHMvQkwyUEtJSU5UQ0EwMi5BTUUuR0JMX0FNRSUyMEluZnJhJTIwQ0ElMjAwNi5jcnQwUwYIKwYBBQUHMAKGR2h0dHA6Ly9jcmwxLmFtZS5nYmwvYWlhL0JMMlBLSUlOVENBMDIuQU1FLkdCTF9BTUUlMjBJbmZyYSUyMENBJTIwMDYuY3J0MFMGCCsGAQUFBzAChkdodHRwOi8vY3JsMi5hbWUuZ2JsL2FpYS9CTDJQS0lJTlRDQTAyLkFNRS5HQkxfQU1FJTIwSW5mcmElMjBDQSUyMDA2LmNydDBTBggrBgEFBQcwAoZHaHR0cDovL2NybDMuYW1lLmdibC9haWEvQkwyUEtJSU5UQ0EwMi5BTUUuR0JMX0FNRSUyMEluZnJhJTIwQ0ElMjAwNi5jcnQwUwYIKwYBBQUHMAKGR2h0dHA6Ly9jcmw0LmFtZS5nYmwvYWlhL0JMMlBLSUlOVENBMDIuQU1FLkdCTF9BTUUlMjBJbmZyYSUyMENBJTIwMDYuY3J0MB0GA1UdDgQWBBT5WHFTSqwGGsYKklBu0dgaPj7a_zAOBgNVHQ8BAf8EBAMCBaAwggEmBgNVHR8EggEdMIIBGTCCARWgggERoIIBDYY_aHR0cDovL2NybC5taWNyb3NvZnQuY29tL3BraWluZnJhL0NSTC9BTUUlMjBJbmZyYSUyMENBJTIwMDYuY3JshjFodHRwOi8vY3JsMS5hbWUuZ2JsL2NybC9BTUUlMjBJbmZyYSUyMENBJTIwMDYuY3JshjFodHRwOi8vY3JsMi5hbWUuZ2JsL2NybC9BTUUlMjBJbmZyYSUyMENBJTIwMDYuY3JshjFodHRwOi8vY3JsMy5hbWUuZ2JsL2NybC9BTUUlMjBJbmZyYSUyMENBJTIwMDYuY3JshjFodHRwOi8vY3JsNC5hbWUuZ2JsL2NybC9BTUUlMjBJbmZyYSUyMENBJTIwMDYuY3JsMIGdBgNVHSAEgZUwgZIwDAYKKwYBBAGCN3sBATBmBgorBgEEAYI3ewICMFgwVgYIKwYBBQUHAgIwSh5IADMAMwBlADAAMQA5ADIAMQAtADQAZAA2ADQALQA0AGYAOABjAC0AYQAwADUANQAtADUAYgBkAGEAZgBmAGQANQBlADMAMwBkMAwGCisGAQQBgjd7AwEwDAYKKwYBBAGCN3sEATAfBgNVHSMEGDAWgBTxRmjG8cPwKy19i2rhsvm-NfzRQTAdBgNVHSUEFjAUBggrBgEFBQcDAQYIKwYBBQUHAwIwDQYJKoZIhvcNAQELBQADggEBACSYXSU1AC1UPt29MyU1YDldHcDHLrOLrJY7IYvyTD6bExaArTLdExfxlOQpZFQOnW1voQ7gqjLahlNwJxAFfpcHCnpjuMzL0_3uWGXRXYwRdPD_zSkvpoKkG5xfVsn-VG6lHReIOtqDVw46r0vIKyOrz4qSlsyPt5EDYq4vqABh6nJfx7_0na4TwJJkQy_E2IKVcv4hVX8ZbqjdqZOdhNXkZUViuNoLTa7RHbLHTmERT5AL--EW_idp66sLu6pTmcvZh_2d5R-5k763KRzzv4K7QKy3M5kIL-bM4D0vbgUm9FRfJQOLwV39pAO6j0LQo2c7WQlAPrU95Wk41NbactM&s=TZ1OAoJ2KdZwsrHRJ4QUWUxD6IoDUpGmD2p9gFOjQmZ47NkuSj6g0_God-Jr9ifDFR8LtMo9jmQGwWnOi3wMVHHCLzWWnTPXuawgAghO6d4v9wUvbeT1BeLPk7v44aIOnEmRCrMLmLvvQFzQCyPXWAiNDPZDgQz3NoHWgyh4FwNkIzTlMVrU1k7kKEKV5xvUNtDm-JS3YmxleIBbBDJ90-64UcZXbnTYbC4_YeFY9hcyn0Lp8cejvkR8QFsU-hoeos5RaWK07Y0H4P8Tf2UzfN42eXtLdb1r14OBu2cQo98ybSKObAaEg3zdNWePXYjaQFI3ccwxJh0_otzp_MNcmw&h=nSwJ0gv29S1M0NLgGts9ltjPog155ooEr0gGSYXp8Lc
  response:
    body:
      string: "{\r\n  \"startTime\": \"2024-07-01T11:31:57.0157174+00:00\",\r\n  \"status\":
        \"InProgress\",\r\n  \"name\": \"43c9f614-22a4-4d0d-9c70-4f8b007e2aa8\"\r\n}"
    headers:
      cache-control:
      - no-cache
      content-length:
      - '134'
      content-type:
      - application/json; charset=utf-8
      date:
      - Mon, 01 Jul 2024 11:31:56 GMT
      expires:
      - '-1'
      pragma:
      - no-cache
      strict-transport-security:
      - max-age=31536000; includeSubDomains
      x-cache:
      - CONFIG_NOCACHE
      x-content-type-options:
      - nosniff
      x-ms-ratelimit-remaining-resource:
      - Microsoft.Compute/GetOperationResource;44,Microsoft.Compute/GetOperationSubscriptionMaximum;14983
      x-ms-ratelimit-remaining-subscription-global-reads:
      - '3749'
      x-msedge-ref:
      - 'Ref A: 52BE890CBD5B45DD996F557021F16DFA Ref B: TYO201151001011 Ref C: 2024-07-01T11:31:57Z'
    status:
      code: 200
      message: ''
- request:
    body: null
    headers:
      Accept:
      - '*/*'
      Accept-Encoding:
      - gzip, deflate
      CommandName:
      - vm extension delete
      Connection:
      - keep-alive
      ParameterSetName:
      - --resource-group --vm-name --name
      User-Agent:
      - AZURECLI/2.61.0 azsdk-python-core/1.28.0 Python/3.9.5 (Windows-10-10.0.22631-SP0)
    method: GET
    uri: https://management.azure.com/subscriptions/00000000-0000-0000-0000-000000000000/providers/Microsoft.Compute/locations/westus/operations/43c9f614-22a4-4d0d-9c70-4f8b007e2aa8?p=571046f6-b640-41c1-86f7-f9f044b5adf9&api-version=2022-11-01&t=638554303171083633&c=MIIHhzCCBm-gAwIBAgITHgTOmixCtVmKPtd-FAAABM6aLDANBgkqhkiG9w0BAQsFADBEMRMwEQYKCZImiZPyLGQBGRYDR0JMMRMwEQYKCZImiZPyLGQBGRYDQU1FMRgwFgYDVQQDEw9BTUUgSW5mcmEgQ0EgMDYwHhcNMjQwNjI2MDEyNDE5WhcNMjUwNjIxMDEyNDE5WjBAMT4wPAYDVQQDEzVhc3luY29wZXJhdGlvbnNpZ25pbmdjZXJ0aWZpY2F0ZS5tYW5hZ2VtZW50LmF6dXJlLmNvbTCCASIwDQYJKoZIhvcNAQEBBQADggEPADCCAQoCggEBAMVctf8MlNEn4oGkioxUOiU68sR5PWUphl0qWxaPZuHAxvyaEBVvy0B97gJiyeWKgVMmygvLK85qy9GPe6GOGrNKmZ_tSHNE8wCUfIqy80HSg0fjmWVTckJhipZDyk4HUhRAusFhWK-KhYHxBm_RsWD9NvAusdJZKo6IzkXFuiv00vTFxJdo9PaVhWy8d6KaG1QROoeNicwnK8tqHV9SM4qm5Zo_NqJlm4w9Nm0spDXViQkU0kbMkE49TNFoIMqlCp6iyg94pgxVRDvEM3ywb5Stytl9HPXDbGcAUuoBXBL9lIxtt5hyEoyXIjZ3PCp_VyQYZ7BBYdCbUAZ5qncyuqECAwEAAaOCBHQwggRwMCcGCSsGAQQBgjcVCgQaMBgwCgYIKwYBBQUHAwEwCgYIKwYBBQUHAwIwPQYJKwYBBAGCNxUHBDAwLgYmKwYBBAGCNxUIhpDjDYTVtHiE8Ys-hZvdFs6dEoFggvX2K4Py0SACAWQCAQowggHLBggrBgEFBQcBAQSCAb0wggG5MGMGCCsGAQUFBzAChldodHRwOi8vY3JsLm1pY3Jvc29mdC5jb20vcGtpaW5mcmEvQ2VydHMvQkwyUEtJSU5UQ0EwMi5BTUUuR0JMX0FNRSUyMEluZnJhJTIwQ0ElMjAwNi5jcnQwUwYIKwYBBQUHMAKGR2h0dHA6Ly9jcmwxLmFtZS5nYmwvYWlhL0JMMlBLSUlOVENBMDIuQU1FLkdCTF9BTUUlMjBJbmZyYSUyMENBJTIwMDYuY3J0MFMGCCsGAQUFBzAChkdodHRwOi8vY3JsMi5hbWUuZ2JsL2FpYS9CTDJQS0lJTlRDQTAyLkFNRS5HQkxfQU1FJTIwSW5mcmElMjBDQSUyMDA2LmNydDBTBggrBgEFBQcwAoZHaHR0cDovL2NybDMuYW1lLmdibC9haWEvQkwyUEtJSU5UQ0EwMi5BTUUuR0JMX0FNRSUyMEluZnJhJTIwQ0ElMjAwNi5jcnQwUwYIKwYBBQUHMAKGR2h0dHA6Ly9jcmw0LmFtZS5nYmwvYWlhL0JMMlBLSUlOVENBMDIuQU1FLkdCTF9BTUUlMjBJbmZyYSUyMENBJTIwMDYuY3J0MB0GA1UdDgQWBBT5WHFTSqwGGsYKklBu0dgaPj7a_zAOBgNVHQ8BAf8EBAMCBaAwggEmBgNVHR8EggEdMIIBGTCCARWgggERoIIBDYY_aHR0cDovL2NybC5taWNyb3NvZnQuY29tL3BraWluZnJhL0NSTC9BTUUlMjBJbmZyYSUyMENBJTIwMDYuY3JshjFodHRwOi8vY3JsMS5hbWUuZ2JsL2NybC9BTUUlMjBJbmZyYSUyMENBJTIwMDYuY3JshjFodHRwOi8vY3JsMi5hbWUuZ2JsL2NybC9BTUUlMjBJbmZyYSUyMENBJTIwMDYuY3JshjFodHRwOi8vY3JsMy5hbWUuZ2JsL2NybC9BTUUlMjBJbmZyYSUyMENBJTIwMDYuY3JshjFodHRwOi8vY3JsNC5hbWUuZ2JsL2NybC9BTUUlMjBJbmZyYSUyMENBJTIwMDYuY3JsMIGdBgNVHSAEgZUwgZIwDAYKKwYBBAGCN3sBATBmBgorBgEEAYI3ewICMFgwVgYIKwYBBQUHAgIwSh5IADMAMwBlADAAMQA5ADIAMQAtADQAZAA2ADQALQA0AGYAOABjAC0AYQAwADUANQAtADUAYgBkAGEAZgBmAGQANQBlADMAMwBkMAwGCisGAQQBgjd7AwEwDAYKKwYBBAGCN3sEATAfBgNVHSMEGDAWgBTxRmjG8cPwKy19i2rhsvm-NfzRQTAdBgNVHSUEFjAUBggrBgEFBQcDAQYIKwYBBQUHAwIwDQYJKoZIhvcNAQELBQADggEBACSYXSU1AC1UPt29MyU1YDldHcDHLrOLrJY7IYvyTD6bExaArTLdExfxlOQpZFQOnW1voQ7gqjLahlNwJxAFfpcHCnpjuMzL0_3uWGXRXYwRdPD_zSkvpoKkG5xfVsn-VG6lHReIOtqDVw46r0vIKyOrz4qSlsyPt5EDYq4vqABh6nJfx7_0na4TwJJkQy_E2IKVcv4hVX8ZbqjdqZOdhNXkZUViuNoLTa7RHbLHTmERT5AL--EW_idp66sLu6pTmcvZh_2d5R-5k763KRzzv4K7QKy3M5kIL-bM4D0vbgUm9FRfJQOLwV39pAO6j0LQo2c7WQlAPrU95Wk41NbactM&s=TZ1OAoJ2KdZwsrHRJ4QUWUxD6IoDUpGmD2p9gFOjQmZ47NkuSj6g0_God-Jr9ifDFR8LtMo9jmQGwWnOi3wMVHHCLzWWnTPXuawgAghO6d4v9wUvbeT1BeLPk7v44aIOnEmRCrMLmLvvQFzQCyPXWAiNDPZDgQz3NoHWgyh4FwNkIzTlMVrU1k7kKEKV5xvUNtDm-JS3YmxleIBbBDJ90-64UcZXbnTYbC4_YeFY9hcyn0Lp8cejvkR8QFsU-hoeos5RaWK07Y0H4P8Tf2UzfN42eXtLdb1r14OBu2cQo98ybSKObAaEg3zdNWePXYjaQFI3ccwxJh0_otzp_MNcmw&h=nSwJ0gv29S1M0NLgGts9ltjPog155ooEr0gGSYXp8Lc
  response:
    body:
      string: "{\r\n  \"startTime\": \"2024-07-01T11:31:57.0157174+00:00\",\r\n  \"endTime\":
        \"2024-07-01T11:32:07.4064889+00:00\",\r\n  \"status\": \"Succeeded\",\r\n
        \ \"name\": \"43c9f614-22a4-4d0d-9c70-4f8b007e2aa8\"\r\n}"
    headers:
      cache-control:
      - no-cache
      content-length:
      - '184'
      content-type:
      - application/json; charset=utf-8
      date:
      - Mon, 01 Jul 2024 11:32:27 GMT
      expires:
      - '-1'
      pragma:
      - no-cache
      strict-transport-security:
      - max-age=31536000; includeSubDomains
      x-cache:
      - CONFIG_NOCACHE
      x-content-type-options:
      - nosniff
      x-ms-ratelimit-remaining-resource:
      - Microsoft.Compute/GetOperationResource;42,Microsoft.Compute/GetOperationSubscriptionMaximum;14996
      x-ms-ratelimit-remaining-subscription-global-reads:
      - '3749'
      x-msedge-ref:
      - 'Ref A: 0B8A0E63768A4367AE3475007C7CE9AB Ref B: TYO201151001011 Ref C: 2024-07-01T11:32:27Z'
    status:
      code: 200
      message: ''
version: 1
