interactions:
- request:
    body: null
    headers:
      Accept:
      - '*/*'
      Accept-Encoding:
      - gzip, deflate
      Connection:
      - keep-alive
      User-Agent:
      - python-requests/2.26.0
    method: GET
    uri: https://raw.githubusercontent.com/Azure/azure-rest-api-specs/main/arm-compute/quickstart-templates/aliases.json
  response:
    body:
      string: "{\n  \"$schema\": \"http://schema.management.azure.com/schemas/2015-01-01/deploymentTemplate.json\"\
        ,\n  \"contentVersion\": \"1.0.0.0\",\n  \"parameters\": {},\n  \"variables\"\
        : {},\n  \"resources\": [],\n  \"outputs\": {\n    \"aliases\": {\n      \"\
        type\": \"object\",\n      \"value\": {\n        \"Linux\": {\n          \"\
        CentOS\": {\n            \"publisher\": \"OpenLogic\",\n            \"offer\"\
        : \"CentOS\",\n            \"sku\": \"7.5\",\n            \"version\": \"\
        latest\",\n            \"architecture\": \"x64\"\n          },\n         \
        \ \"Debian\": {\n            \"publisher\": \"Debian\",\n            \"offer\"\
        : \"debian-10\",\n            \"sku\": \"10\",\n            \"version\": \"\
        latest\",\n            \"architecture\": \"x64\"\n          },\n         \
        \ \"Flatcar\": {\n            \"publisher\": \"kinvolk\",\n            \"\
        offer\": \"flatcar-container-linux-free\",\n            \"sku\": \"stable\"\
        ,\n            \"version\": \"latest\",\n            \"architecture\": \"\
        x64\"\n          },\n          \"openSUSE-Leap\": {\n            \"publisher\"\
        : \"SUSE\",\n            \"offer\": \"opensuse-leap-15-3\",\n            \"\
        sku\": \"gen2\",\n            \"version\": \"latest\",\n            \"architecture\"\
        : \"x64\"\n          },\n          \"RHEL\": {\n            \"publisher\"\
        : \"RedHat\",\n            \"offer\": \"RHEL\",\n            \"sku\": \"7-LVM\"\
        ,\n            \"version\": \"latest\",\n            \"architecture\": \"\
        x64\"\n          },\n          \"SLES\": {\n            \"publisher\": \"\
        SUSE\",\n            \"offer\": \"sles-15-sp3\",\n            \"sku\": \"\
        gen2\",\n            \"version\": \"latest\",\n            \"architecture\"\
        : \"x64\"\n          },\n          \"UbuntuLTS\": {\n            \"publisher\"\
        : \"Canonical\",\n            \"offer\": \"UbuntuServer\",\n            \"\
        sku\": \"18.04-LTS\",\n            \"version\": \"latest\",\n            \"\
        architecture\": \"x64\"\n          }\n        },\n        \"Windows\": {\n\
        \          \"Win2022Datacenter\": {\n            \"publisher\": \"MicrosoftWindowsServer\"\
        ,\n            \"offer\": \"WindowsServer\",\n            \"sku\": \"2022-Datacenter\"\
        ,\n            \"version\": \"latest\",\n            \"architecture\": \"\
        x64\"\n          },\n          \"Win2022AzureEditionCore\": {\n          \
        \  \"publisher\": \"MicrosoftWindowsServer\",\n            \"offer\": \"WindowsServer\"\
        ,\n            \"sku\": \"2022-datacenter-azure-edition-core\",\n        \
        \    \"version\": \"latest\",\n            \"architecture\": \"x64\"\n   \
        \       },\n          \"Win2019Datacenter\": {\n            \"publisher\"\
        : \"MicrosoftWindowsServer\",\n            \"offer\": \"WindowsServer\",\n\
        \            \"sku\": \"2019-Datacenter\",\n            \"version\": \"latest\"\
        ,\n            \"architecture\": \"x64\"\n          },\n          \"Win2016Datacenter\"\
        : {\n            \"publisher\": \"MicrosoftWindowsServer\",\n            \"\
        offer\": \"WindowsServer\",\n            \"sku\": \"2016-Datacenter\",\n \
        \           \"version\": \"latest\",\n            \"architecture\": \"x64\"\
        \n          },\n          \"Win2012R2Datacenter\": {\n            \"publisher\"\
        : \"MicrosoftWindowsServer\",\n            \"offer\": \"WindowsServer\",\n\
        \            \"sku\": \"2012-R2-Datacenter\",\n            \"version\": \"\
        latest\",\n            \"architecture\": \"x64\"\n          },\n         \
        \ \"Win2012Datacenter\": {\n            \"publisher\": \"MicrosoftWindowsServer\"\
        ,\n            \"offer\": \"WindowsServer\",\n            \"sku\": \"2012-Datacenter\"\
        ,\n            \"version\": \"latest\",\n            \"architecture\": \"\
        x64\"\n          },\n          \"Win2008R2SP1\": {\n            \"publisher\"\
        : \"MicrosoftWindowsServer\",\n            \"offer\": \"WindowsServer\",\n\
        \            \"sku\": \"2008-R2-SP1\",\n            \"version\": \"latest\"\
        ,\n            \"architecture\": \"x64\"\n          }\n        }\n      }\n\
        \    }\n  }\n}"
    headers:
      accept-ranges:
      - bytes
      access-control-allow-origin:
      - '*'
      cache-control:
      - max-age=300
      connection:
      - keep-alive
      content-length:
      - '3463'
      content-security-policy:
      - default-src 'none'; style-src 'unsafe-inline'; sandbox
      content-type:
      - text/plain; charset=utf-8
      date:
      - Wed, 15 Mar 2023 05:19:24 GMT
      etag:
      - W/"41b202f4dc5098d126019dc00721a4c5e30df0c5196794514fadc3710ee2a5cb"
      expires:
      - Wed, 15 Mar 2023 05:24:24 GMT
      source-age:
      - '0'
      strict-transport-security:
      - max-age=31536000
      vary:
      - Authorization,Accept-Encoding,Origin
      via:
      - 1.1 varnish
      x-cache:
      - HIT
      x-cache-hits:
      - '1'
      x-content-type-options:
      - nosniff
      x-fastly-request-id:
      - 52587adccee44ff0500f8224301fdd5c22472f49
      x-frame-options:
      - deny
      x-github-request-id:
      - 5442:0861:573701:67099D:640F97FC
      x-served-by:
      - cache-qpg1234-QPG
      x-timer:
      - S1678857564.826071,VS0,VE288
      x-xss-protection:
      - 1; mode=block
    status:
      code: 200
      message: OK
- request:
    body: null
    headers:
      Accept:
      - application/json
      Accept-Encoding:
      - gzip, deflate
      CommandName:
      - vm create
      Connection:
      - keep-alive
      ParameterSetName:
      - --resource-group --name --admin-username --admin-password --authentication-type
        --location --image --priority --nsg-rule
      User-Agent:
      - AZURECLI/2.46.0 azsdk-python-azure-mgmt-compute/29.1.0 Python/3.10.9 (Windows-10-10.0.22621-SP0)
    method: GET
    uri: https://management.azure.com/subscriptions/00000000-0000-0000-0000-000000000000/providers/Microsoft.Compute/locations/eastus/publishers/OpenLogic/artifacttypes/vmimage/offers/CentOS/skus/7.5/versions?$top=1&$orderby=name%20desc&api-version=2022-11-01
  response:
    body:
      string: "[\r\n  {\r\n    \"location\": \"eastus\",\r\n    \"name\": \"7.5.201808150\"\
        ,\r\n    \"id\": \"/Subscriptions/00000000-0000-0000-0000-000000000000/Providers/Microsoft.Compute/Locations/eastus/Publishers/OpenLogic/ArtifactTypes/VMImage/Offers/CentOS/Skus/7.5/Versions/7.5.201808150\"\
        \r\n  }\r\n]"
    headers:
      cache-control:
      - no-cache
      content-length:
      - '270'
      content-type:
      - application/json; charset=utf-8
      date:
      - Wed, 15 Mar 2023 05:19:25 GMT
      expires:
      - '-1'
      pragma:
      - no-cache
      server:
      - Microsoft-HTTPAPI/2.0
      - Microsoft-HTTPAPI/2.0
      strict-transport-security:
      - max-age=31536000; includeSubDomains
      transfer-encoding:
      - chunked
      vary:
      - Accept-Encoding
      x-content-type-options:
      - nosniff
      x-ms-ratelimit-remaining-resource:
      - Microsoft.Compute/ListVMImagesVersionsFromLocation3Min;15999,Microsoft.Compute/ListVMImagesVersionsFromLocation30Min;43999
    status:
      code: 200
      message: OK
- request:
    body: null
    headers:
      Accept:
      - application/json
      Accept-Encoding:
      - gzip, deflate
      CommandName:
      - vm create
      Connection:
      - keep-alive
      ParameterSetName:
      - --resource-group --name --admin-username --admin-password --authentication-type
        --location --image --priority --nsg-rule
      User-Agent:
      - AZURECLI/2.46.0 azsdk-python-azure-mgmt-compute/29.1.0 Python/3.10.9 (Windows-10-10.0.22621-SP0)
    method: GET
    uri: https://management.azure.com/subscriptions/00000000-0000-0000-0000-000000000000/providers/Microsoft.Compute/locations/eastus/publishers/OpenLogic/artifacttypes/vmimage/offers/CentOS/skus/7.5/versions/7.5.201808150?api-version=2022-11-01
  response:
    body:
      string: "{\r\n  \"properties\": {\r\n    \"hyperVGeneration\": \"V1\",\r\n \
        \   \"architecture\": \"x64\",\r\n    \"replicaType\": \"Unmanaged\",\r\n\
        \    \"disallowed\": {\r\n      \"vmDiskType\": \"None\"\r\n    },\r\n   \
        \ \"automaticOSUpgradeProperties\": {\r\n      \"automaticOSUpgradeSupported\"\
        : true\r\n    },\r\n    \"imageDeprecationStatus\": {\r\n      \"imageState\"\
        : \"Active\"\r\n    },\r\n    \"osDiskImage\": {\r\n      \"operatingSystem\"\
        : \"Linux\",\r\n      \"sizeInGb\": 30,\r\n      \"sizeInBytes\": 32212255232\r\
        \n    },\r\n    \"dataDiskImages\": []\r\n  },\r\n  \"location\": \"eastus\"\
        ,\r\n  \"name\": \"7.5.201808150\",\r\n  \"id\": \"/Subscriptions/00000000-0000-0000-0000-000000000000/Providers/Microsoft.Compute/Locations/eastus/Publishers/OpenLogic/ArtifactTypes/VMImage/Offers/CentOS/Skus/7.5/Versions/7.5.201808150\"\
        \r\n}"
    headers:
      cache-control:
      - no-cache
      content-length:
      - '737'
      content-type:
      - application/json; charset=utf-8
      date:
      - Wed, 15 Mar 2023 05:19:26 GMT
      expires:
      - '-1'
      pragma:
      - no-cache
      server:
      - Microsoft-HTTPAPI/2.0
      - Microsoft-HTTPAPI/2.0
      strict-transport-security:
      - max-age=31536000; includeSubDomains
      transfer-encoding:
      - chunked
      vary:
      - Accept-Encoding
      x-content-type-options:
      - nosniff
      x-ms-ratelimit-remaining-resource:
      - Microsoft.Compute/GetVMImageFromLocation3Min;12999,Microsoft.Compute/GetVMImageFromLocation30Min;73999
    status:
      code: 200
      message: OK
- request:
    body: null
    headers:
      Accept:
      - application/json
      Accept-Encoding:
      - gzip, deflate
      CommandName:
      - vm create
      Connection:
      - keep-alive
      ParameterSetName:
      - --resource-group --name --admin-username --admin-password --authentication-type
        --location --image --priority --nsg-rule
      User-Agent:
      - AZURECLI/2.46.0 azsdk-python-azure-mgmt-network/21.0.1 Python/3.10.9 (Windows-10-10.0.22621-SP0)
    method: GET
    uri: https://management.azure.com/subscriptions/00000000-0000-0000-0000-000000000000/resourceGroups/cli_test_vm_simulate_eviction000001/providers/Microsoft.Network/virtualNetworks?api-version=2022-01-01
  response:
    body:
      string: '{"value":[]}'
    headers:
      cache-control:
      - no-cache
      content-length:
      - '12'
      content-type:
      - application/json; charset=utf-8
      date:
      - Wed, 15 Mar 2023 05:19:27 GMT
      expires:
      - '-1'
      pragma:
      - no-cache
      strict-transport-security:
      - max-age=31536000; includeSubDomains
      vary:
      - Accept-Encoding
      x-content-type-options:
      - nosniff
    status:
      code: 200
      message: OK
- request:
    body: null
    headers:
      Accept:
      - '*/*'
      Accept-Encoding:
      - gzip, deflate
      Connection:
      - keep-alive
      User-Agent:
      - python-requests/2.26.0
    method: GET
    uri: https://raw.githubusercontent.com/Azure/azure-rest-api-specs/main/arm-compute/quickstart-templates/aliases.json
  response:
    body:
      string: "{\n  \"$schema\": \"http://schema.management.azure.com/schemas/2015-01-01/deploymentTemplate.json\"\
        ,\n  \"contentVersion\": \"1.0.0.0\",\n  \"parameters\": {},\n  \"variables\"\
        : {},\n  \"resources\": [],\n  \"outputs\": {\n    \"aliases\": {\n      \"\
        type\": \"object\",\n      \"value\": {\n        \"Linux\": {\n          \"\
        CentOS\": {\n            \"publisher\": \"OpenLogic\",\n            \"offer\"\
        : \"CentOS\",\n            \"sku\": \"7.5\",\n            \"version\": \"\
        latest\",\n            \"architecture\": \"x64\"\n          },\n         \
        \ \"Debian\": {\n            \"publisher\": \"Debian\",\n            \"offer\"\
        : \"debian-10\",\n            \"sku\": \"10\",\n            \"version\": \"\
        latest\",\n            \"architecture\": \"x64\"\n          },\n         \
        \ \"Flatcar\": {\n            \"publisher\": \"kinvolk\",\n            \"\
        offer\": \"flatcar-container-linux-free\",\n            \"sku\": \"stable\"\
        ,\n            \"version\": \"latest\",\n            \"architecture\": \"\
        x64\"\n          },\n          \"openSUSE-Leap\": {\n            \"publisher\"\
        : \"SUSE\",\n            \"offer\": \"opensuse-leap-15-3\",\n            \"\
        sku\": \"gen2\",\n            \"version\": \"latest\",\n            \"architecture\"\
        : \"x64\"\n          },\n          \"RHEL\": {\n            \"publisher\"\
        : \"RedHat\",\n            \"offer\": \"RHEL\",\n            \"sku\": \"7-LVM\"\
        ,\n            \"version\": \"latest\",\n            \"architecture\": \"\
        x64\"\n          },\n          \"SLES\": {\n            \"publisher\": \"\
        SUSE\",\n            \"offer\": \"sles-15-sp3\",\n            \"sku\": \"\
        gen2\",\n            \"version\": \"latest\",\n            \"architecture\"\
        : \"x64\"\n          },\n          \"UbuntuLTS\": {\n            \"publisher\"\
        : \"Canonical\",\n            \"offer\": \"UbuntuServer\",\n            \"\
        sku\": \"18.04-LTS\",\n            \"version\": \"latest\",\n            \"\
        architecture\": \"x64\"\n          }\n        },\n        \"Windows\": {\n\
        \          \"Win2022Datacenter\": {\n            \"publisher\": \"MicrosoftWindowsServer\"\
        ,\n            \"offer\": \"WindowsServer\",\n            \"sku\": \"2022-Datacenter\"\
        ,\n            \"version\": \"latest\",\n            \"architecture\": \"\
        x64\"\n          },\n          \"Win2022AzureEditionCore\": {\n          \
        \  \"publisher\": \"MicrosoftWindowsServer\",\n            \"offer\": \"WindowsServer\"\
        ,\n            \"sku\": \"2022-datacenter-azure-edition-core\",\n        \
        \    \"version\": \"latest\",\n            \"architecture\": \"x64\"\n   \
        \       },\n          \"Win2019Datacenter\": {\n            \"publisher\"\
        : \"MicrosoftWindowsServer\",\n            \"offer\": \"WindowsServer\",\n\
        \            \"sku\": \"2019-Datacenter\",\n            \"version\": \"latest\"\
        ,\n            \"architecture\": \"x64\"\n          },\n          \"Win2016Datacenter\"\
        : {\n            \"publisher\": \"MicrosoftWindowsServer\",\n            \"\
        offer\": \"WindowsServer\",\n            \"sku\": \"2016-Datacenter\",\n \
        \           \"version\": \"latest\",\n            \"architecture\": \"x64\"\
        \n          },\n          \"Win2012R2Datacenter\": {\n            \"publisher\"\
        : \"MicrosoftWindowsServer\",\n            \"offer\": \"WindowsServer\",\n\
        \            \"sku\": \"2012-R2-Datacenter\",\n            \"version\": \"\
        latest\",\n            \"architecture\": \"x64\"\n          },\n         \
        \ \"Win2012Datacenter\": {\n            \"publisher\": \"MicrosoftWindowsServer\"\
        ,\n            \"offer\": \"WindowsServer\",\n            \"sku\": \"2012-Datacenter\"\
        ,\n            \"version\": \"latest\",\n            \"architecture\": \"\
        x64\"\n          },\n          \"Win2008R2SP1\": {\n            \"publisher\"\
        : \"MicrosoftWindowsServer\",\n            \"offer\": \"WindowsServer\",\n\
        \            \"sku\": \"2008-R2-SP1\",\n            \"version\": \"latest\"\
        ,\n            \"architecture\": \"x64\"\n          }\n        }\n      }\n\
        \    }\n  }\n}"
    headers:
      accept-ranges:
      - bytes
      access-control-allow-origin:
      - '*'
      cache-control:
      - max-age=300
      connection:
      - keep-alive
      content-length:
      - '3463'
      content-security-policy:
      - default-src 'none'; style-src 'unsafe-inline'; sandbox
      content-type:
      - text/plain; charset=utf-8
      date:
      - Wed, 15 Mar 2023 05:19:28 GMT
      etag:
      - W/"41b202f4dc5098d126019dc00721a4c5e30df0c5196794514fadc3710ee2a5cb"
      expires:
      - Wed, 15 Mar 2023 05:24:28 GMT
      source-age:
      - '4'
      strict-transport-security:
      - max-age=31536000
      vary:
      - Authorization,Accept-Encoding,Origin
      via:
      - 1.1 varnish
      x-cache:
      - HIT
      x-cache-hits:
      - '1'
      x-content-type-options:
      - nosniff
      x-fastly-request-id:
      - f944dd886bcc50f1f17eb72f0f9bbd2e46f0214c
      x-frame-options:
      - deny
      x-github-request-id:
      - 5442:0861:573701:67099D:640F97FC
      x-served-by:
      - cache-qpg1235-QPG
      x-timer:
      - S1678857568.106569,VS0,VE1
      x-xss-protection:
      - 1; mode=block
    status:
      code: 200
      message: OK
- request:
    body: null
    headers:
      Accept:
      - application/json
      Accept-Encoding:
      - gzip, deflate
      CommandName:
      - vm create
      Connection:
      - keep-alive
      ParameterSetName:
      - --resource-group --name --admin-username --admin-password --authentication-type
        --location --image --priority --nsg-rule
      User-Agent:
      - AZURECLI/2.46.0 azsdk-python-azure-mgmt-compute/29.1.0 Python/3.10.9 (Windows-10-10.0.22621-SP0)
    method: GET
    uri: https://management.azure.com/subscriptions/00000000-0000-0000-0000-000000000000/providers/Microsoft.Compute/locations/eastus/publishers/OpenLogic/artifacttypes/vmimage/offers/CentOS/skus/7.5/versions?$top=1&$orderby=name%20desc&api-version=2022-11-01
  response:
    body:
      string: "[\r\n  {\r\n    \"location\": \"eastus\",\r\n    \"name\": \"7.5.201808150\"\
        ,\r\n    \"id\": \"/Subscriptions/00000000-0000-0000-0000-000000000000/Providers/Microsoft.Compute/Locations/eastus/Publishers/OpenLogic/ArtifactTypes/VMImage/Offers/CentOS/Skus/7.5/Versions/7.5.201808150\"\
        \r\n  }\r\n]"
    headers:
      cache-control:
      - no-cache
      content-length:
      - '270'
      content-type:
      - application/json; charset=utf-8
      date:
      - Wed, 15 Mar 2023 05:19:28 GMT
      expires:
      - '-1'
      pragma:
      - no-cache
      server:
      - Microsoft-HTTPAPI/2.0
      - Microsoft-HTTPAPI/2.0
      strict-transport-security:
      - max-age=31536000; includeSubDomains
      transfer-encoding:
      - chunked
      vary:
      - Accept-Encoding
      x-content-type-options:
      - nosniff
      x-ms-ratelimit-remaining-resource:
      - Microsoft.Compute/ListVMImagesVersionsFromLocation3Min;15998,Microsoft.Compute/ListVMImagesVersionsFromLocation30Min;43998
    status:
      code: 200
      message: OK
- request:
    body: null
    headers:
      Accept:
      - application/json
      Accept-Encoding:
      - gzip, deflate
      CommandName:
      - vm create
      Connection:
      - keep-alive
      ParameterSetName:
      - --resource-group --name --admin-username --admin-password --authentication-type
        --location --image --priority --nsg-rule
      User-Agent:
      - AZURECLI/2.46.0 azsdk-python-azure-mgmt-compute/29.1.0 Python/3.10.9 (Windows-10-10.0.22621-SP0)
    method: GET
    uri: https://management.azure.com/subscriptions/00000000-0000-0000-0000-000000000000/providers/Microsoft.Compute/locations/eastus/publishers/OpenLogic/artifacttypes/vmimage/offers/CentOS/skus/7.5/versions/7.5.201808150?api-version=2022-11-01
  response:
    body:
      string: "{\r\n  \"properties\": {\r\n    \"hyperVGeneration\": \"V1\",\r\n \
        \   \"architecture\": \"x64\",\r\n    \"replicaType\": \"Unmanaged\",\r\n\
        \    \"disallowed\": {\r\n      \"vmDiskType\": \"None\"\r\n    },\r\n   \
        \ \"automaticOSUpgradeProperties\": {\r\n      \"automaticOSUpgradeSupported\"\
        : true\r\n    },\r\n    \"imageDeprecationStatus\": {\r\n      \"imageState\"\
        : \"Active\"\r\n    },\r\n    \"osDiskImage\": {\r\n      \"operatingSystem\"\
        : \"Linux\",\r\n      \"sizeInGb\": 30,\r\n      \"sizeInBytes\": 32212255232\r\
        \n    },\r\n    \"dataDiskImages\": []\r\n  },\r\n  \"location\": \"eastus\"\
        ,\r\n  \"name\": \"7.5.201808150\",\r\n  \"id\": \"/Subscriptions/00000000-0000-0000-0000-000000000000/Providers/Microsoft.Compute/Locations/eastus/Publishers/OpenLogic/ArtifactTypes/VMImage/Offers/CentOS/Skus/7.5/Versions/7.5.201808150\"\
        \r\n}"
    headers:
      cache-control:
      - no-cache
      content-length:
      - '737'
      content-type:
      - application/json; charset=utf-8
      date:
      - Wed, 15 Mar 2023 05:19:30 GMT
      expires:
      - '-1'
      pragma:
      - no-cache
      server:
      - Microsoft-HTTPAPI/2.0
      - Microsoft-HTTPAPI/2.0
      strict-transport-security:
      - max-age=31536000; includeSubDomains
      transfer-encoding:
      - chunked
      vary:
      - Accept-Encoding
      x-content-type-options:
      - nosniff
      x-ms-ratelimit-remaining-resource:
      - Microsoft.Compute/GetVMImageFromLocation3Min;12998,Microsoft.Compute/GetVMImageFromLocation30Min;73998
    status:
      code: 200
      message: OK
- request:
    body: null
    headers:
      Accept:
      - application/json
      Accept-Encoding:
      - gzip, deflate
      CommandName:
      - vm create
      Connection:
      - keep-alive
      ParameterSetName:
      - --resource-group --name --admin-username --admin-password --authentication-type
        --location --image --priority --nsg-rule
      User-Agent:
      - AZURECLI/2.46.0 azsdk-python-azure-mgmt-compute/29.1.0 Python/3.10.9 (Windows-10-10.0.22621-SP0)
    method: GET
    uri: https://management.azure.com/subscriptions/00000000-0000-0000-0000-000000000000/providers/Microsoft.Compute/locations/eastus/publishers/OpenLogic/artifacttypes/vmimage/offers/CentOS/skus/7.5/versions?$top=1&$orderby=name%20desc&api-version=2022-11-01
  response:
    body:
      string: "[\r\n  {\r\n    \"location\": \"eastus\",\r\n    \"name\": \"7.5.201808150\"\
        ,\r\n    \"id\": \"/Subscriptions/00000000-0000-0000-0000-000000000000/Providers/Microsoft.Compute/Locations/eastus/Publishers/OpenLogic/ArtifactTypes/VMImage/Offers/CentOS/Skus/7.5/Versions/7.5.201808150\"\
        \r\n  }\r\n]"
    headers:
      cache-control:
      - no-cache
      content-length:
      - '270'
      content-type:
      - application/json; charset=utf-8
      date:
      - Wed, 15 Mar 2023 05:19:32 GMT
      expires:
      - '-1'
      pragma:
      - no-cache
      server:
      - Microsoft-HTTPAPI/2.0
      - Microsoft-HTTPAPI/2.0
      strict-transport-security:
      - max-age=31536000; includeSubDomains
      transfer-encoding:
      - chunked
      vary:
      - Accept-Encoding
      x-content-type-options:
      - nosniff
      x-ms-ratelimit-remaining-resource:
      - Microsoft.Compute/ListVMImagesVersionsFromLocation3Min;15997,Microsoft.Compute/ListVMImagesVersionsFromLocation30Min;43997
    status:
      code: 200
      message: OK
- request:
    body: null
    headers:
      Accept:
      - application/json
      Accept-Encoding:
      - gzip, deflate
      CommandName:
      - vm create
      Connection:
      - keep-alive
      ParameterSetName:
      - --resource-group --name --admin-username --admin-password --authentication-type
        --location --image --priority --nsg-rule
      User-Agent:
      - AZURECLI/2.46.0 azsdk-python-azure-mgmt-compute/29.1.0 Python/3.10.9 (Windows-10-10.0.22621-SP0)
    method: GET
    uri: https://management.azure.com/subscriptions/00000000-0000-0000-0000-000000000000/providers/Microsoft.Compute/locations/eastus/publishers/OpenLogic/artifacttypes/vmimage/offers/CentOS/skus/7.5/versions/7.5.201808150?api-version=2022-11-01
  response:
    body:
      string: "{\r\n  \"properties\": {\r\n    \"hyperVGeneration\": \"V1\",\r\n \
        \   \"architecture\": \"x64\",\r\n    \"replicaType\": \"Unmanaged\",\r\n\
        \    \"disallowed\": {\r\n      \"vmDiskType\": \"None\"\r\n    },\r\n   \
        \ \"automaticOSUpgradeProperties\": {\r\n      \"automaticOSUpgradeSupported\"\
        : true\r\n    },\r\n    \"imageDeprecationStatus\": {\r\n      \"imageState\"\
        : \"Active\"\r\n    },\r\n    \"osDiskImage\": {\r\n      \"operatingSystem\"\
        : \"Linux\",\r\n      \"sizeInGb\": 30,\r\n      \"sizeInBytes\": 32212255232\r\
        \n    },\r\n    \"dataDiskImages\": []\r\n  },\r\n  \"location\": \"eastus\"\
        ,\r\n  \"name\": \"7.5.201808150\",\r\n  \"id\": \"/Subscriptions/00000000-0000-0000-0000-000000000000/Providers/Microsoft.Compute/Locations/eastus/Publishers/OpenLogic/ArtifactTypes/VMImage/Offers/CentOS/Skus/7.5/Versions/7.5.201808150\"\
        \r\n}"
    headers:
      cache-control:
      - no-cache
      content-length:
      - '737'
      content-type:
      - application/json; charset=utf-8
      date:
      - Wed, 15 Mar 2023 05:19:33 GMT
      expires:
      - '-1'
      pragma:
      - no-cache
      server:
      - Microsoft-HTTPAPI/2.0
      - Microsoft-HTTPAPI/2.0
      strict-transport-security:
      - max-age=31536000; includeSubDomains
      transfer-encoding:
      - chunked
      vary:
      - Accept-Encoding
      x-content-type-options:
      - nosniff
      x-ms-ratelimit-remaining-resource:
      - Microsoft.Compute/GetVMImageFromLocation3Min;12997,Microsoft.Compute/GetVMImageFromLocation30Min;73997
    status:
      code: 200
      message: OK
- request:
    body: '{"properties": {"template": {"$schema": "https://schema.management.azure.com/schemas/2015-01-01/deploymentTemplate.json#",
      "contentVersion": "1.0.0.0", "parameters": {"adminPassword": {"type": "securestring",
      "metadata": {"description": "Secure adminPassword"}}}, "variables": {}, "resources":
      [{"name": "vm-simualte-eviction1VNET", "type": "Microsoft.Network/virtualNetworks",
      "location": "eastus", "apiVersion": "2015-06-15", "dependsOn": [], "tags": {},
      "properties": {"addressSpace": {"addressPrefixes": ["10.0.0.0/16"]}, "subnets":
      [{"name": "vm-simualte-eviction1Subnet", "properties": {"addressPrefix": "10.0.0.0/24"}}]}},
      {"type": "Microsoft.Network/networkSecurityGroups", "name": "vm-simualte-eviction1NSG",
      "apiVersion": "2015-06-15", "location": "eastus", "tags": {}, "dependsOn": []},
      {"apiVersion": "2022-01-01", "type": "Microsoft.Network/publicIPAddresses",
      "name": "vm-simualte-eviction1PublicIP", "location": "eastus", "tags": {}, "dependsOn":
      [], "properties": {"publicIPAllocationMethod": null}}, {"apiVersion": "2015-06-15",
      "type": "Microsoft.Network/networkInterfaces", "name": "vm-simualte-eviction1VMNic",
      "location": "eastus", "tags": {}, "dependsOn": ["Microsoft.Network/virtualNetworks/vm-simualte-eviction1VNET",
      "Microsoft.Network/networkSecurityGroups/vm-simualte-eviction1NSG", "Microsoft.Network/publicIpAddresses/vm-simualte-eviction1PublicIP"],
      "properties": {"ipConfigurations": [{"name": "ipconfigvm-simualte-eviction1",
      "properties": {"privateIPAllocationMethod": "Dynamic", "subnet": {"id": "/subscriptions/00000000-0000-0000-0000-000000000000/resourceGroups/cli_test_vm_simulate_eviction000001/providers/Microsoft.Network/virtualNetworks/vm-simualte-eviction1VNET/subnets/vm-simualte-eviction1Subnet"},
      "publicIPAddress": {"id": "/subscriptions/00000000-0000-0000-0000-000000000000/resourceGroups/cli_test_vm_simulate_eviction000001/providers/Microsoft.Network/publicIPAddresses/vm-simualte-eviction1PublicIP"}}}],
      "networkSecurityGroup": {"id": "/subscriptions/00000000-0000-0000-0000-000000000000/resourceGroups/cli_test_vm_simulate_eviction000001/providers/Microsoft.Network/networkSecurityGroups/vm-simualte-eviction1NSG"}}},
      {"apiVersion": "2022-11-01", "type": "Microsoft.Compute/virtualMachines", "name":
      "vm-simualte-eviction1", "location": "eastus", "tags": {}, "dependsOn": ["Microsoft.Network/networkInterfaces/vm-simualte-eviction1VMNic"],
      "properties": {"hardwareProfile": {"vmSize": "Standard_DS1_v2"}, "networkProfile":
      {"networkInterfaces": [{"id": "/subscriptions/00000000-0000-0000-0000-000000000000/resourceGroups/cli_test_vm_simulate_eviction000001/providers/Microsoft.Network/networkInterfaces/vm-simualte-eviction1VMNic",
      "properties": {"deleteOption": null}}]}, "storageProfile": {"osDisk": {"createOption":
      "fromImage", "name": null, "caching": "ReadWrite", "managedDisk": {"storageAccountType":
      null}}, "imageReference": {"publisher": "OpenLogic", "offer": "CentOS", "sku":
      "7.5", "version": "latest"}}, "osProfile": {"computerName": "vm-simualte-eviction1",
      "adminUsername": "azureuser", "adminPassword": "[parameters(''adminPassword'')]"},
      "priority": "Regular"}}], "outputs": {}}, "parameters": {"adminPassword": {"value":
      "testPassword0"}}, "mode": "incremental"}}'
    headers:
      Accept:
      - application/json
      Accept-Encoding:
      - gzip, deflate
      CommandName:
      - vm create
      Connection:
      - keep-alive
      Content-Length:
      - '3231'
      Content-Type:
      - application/json
      ParameterSetName:
      - --resource-group --name --admin-username --admin-password --authentication-type
        --location --image --priority --nsg-rule
      User-Agent:
      - AZURECLI/2.46.0 azsdk-python-azure-mgmt-resource/22.0.0 Python/3.10.9 (Windows-10-10.0.22621-SP0)
    method: PUT
    uri: https://management.azure.com/subscriptions/00000000-0000-0000-0000-000000000000/resourcegroups/cli_test_vm_simulate_eviction000001/providers/Microsoft.Resources/deployments/mock-deployment?api-version=2022-09-01
  response:
    body:
      string: '{"id":"/subscriptions/00000000-0000-0000-0000-000000000000/resourceGroups/cli_test_vm_simulate_eviction000001/providers/Microsoft.Resources/deployments/vm_deploy_LUZ3GVdC6JSBLFO4u74Ndc6cE00525O4","name":"vm_deploy_LUZ3GVdC6JSBLFO4u74Ndc6cE00525O4","type":"Microsoft.Resources/deployments","properties":{"templateHash":"8907543754693293607","parameters":{"adminPassword":{"type":"SecureString"}},"mode":"Incremental","provisioningState":"Accepted","timestamp":"2023-03-15T05:19:39.9494972Z","duration":"PT0.0005656S","correlationId":"35d0904e-15ef-4481-9d6a-802974beb020","providers":[{"namespace":"Microsoft.Network","resourceTypes":[{"resourceType":"virtualNetworks","locations":["eastus"]},{"resourceType":"networkSecurityGroups","locations":["eastus"]},{"resourceType":"publicIPAddresses","locations":["eastus"]},{"resourceType":"networkInterfaces","locations":["eastus"]}]},{"namespace":"Microsoft.Compute","resourceTypes":[{"resourceType":"virtualMachines","locations":["eastus"]}]}],"dependencies":[{"dependsOn":[{"id":"/subscriptions/00000000-0000-0000-0000-000000000000/resourceGroups/cli_test_vm_simulate_eviction000001/providers/Microsoft.Network/virtualNetworks/vm-simualte-eviction1VNET","resourceType":"Microsoft.Network/virtualNetworks","resourceName":"vm-simualte-eviction1VNET"},{"id":"/subscriptions/00000000-0000-0000-0000-000000000000/resourceGroups/cli_test_vm_simulate_eviction000001/providers/Microsoft.Network/networkSecurityGroups/vm-simualte-eviction1NSG","resourceType":"Microsoft.Network/networkSecurityGroups","resourceName":"vm-simualte-eviction1NSG"},{"id":"/subscriptions/00000000-0000-0000-0000-000000000000/resourceGroups/cli_test_vm_simulate_eviction000001/providers/Microsoft.Network/publicIPAddresses/vm-simualte-eviction1PublicIP","resourceType":"Microsoft.Network/publicIPAddresses","resourceName":"vm-simualte-eviction1PublicIP"}],"id":"/subscriptions/00000000-0000-0000-0000-000000000000/resourceGroups/cli_test_vm_simulate_eviction000001/providers/Microsoft.Network/networkInterfaces/vm-simualte-eviction1VMNic","resourceType":"Microsoft.Network/networkInterfaces","resourceName":"vm-simualte-eviction1VMNic"},{"dependsOn":[{"id":"/subscriptions/00000000-0000-0000-0000-000000000000/resourceGroups/cli_test_vm_simulate_eviction000001/providers/Microsoft.Network/networkInterfaces/vm-simualte-eviction1VMNic","resourceType":"Microsoft.Network/networkInterfaces","resourceName":"vm-simualte-eviction1VMNic"}],"id":"/subscriptions/00000000-0000-0000-0000-000000000000/resourceGroups/cli_test_vm_simulate_eviction000001/providers/Microsoft.Compute/virtualMachines/vm-simualte-eviction1","resourceType":"Microsoft.Compute/virtualMachines","resourceName":"vm-simualte-eviction1"}]}}'
    headers:
      azure-asyncoperation:
      - https://management.azure.com/subscriptions/00000000-0000-0000-0000-000000000000/resourcegroups/cli_test_vm_simulate_eviction000001/providers/Microsoft.Resources/deployments/vm_deploy_LUZ3GVdC6JSBLFO4u74Ndc6cE00525O4/operationStatuses/08585227493085060536?api-version=2022-09-01
      cache-control:
      - no-cache
      content-length:
      - '2717'
      content-type:
      - application/json; charset=utf-8
      date:
      - Wed, 15 Mar 2023 05:19:40 GMT
      expires:
      - '-1'
      pragma:
      - no-cache
      strict-transport-security:
      - max-age=31536000; includeSubDomains
      x-content-type-options:
      - nosniff
      x-ms-ratelimit-remaining-subscription-writes:
      - '1195'
    status:
      code: 201
      message: Created
- request:
    body: null
    headers:
      Accept:
      - '*/*'
      Accept-Encoding:
      - gzip, deflate
      CommandName:
      - vm create
      Connection:
      - keep-alive
      ParameterSetName:
      - --resource-group --name --admin-username --admin-password --authentication-type
        --location --image --priority --nsg-rule
      User-Agent:
      - AZURECLI/2.46.0 azsdk-python-azure-mgmt-resource/22.0.0 Python/3.10.9 (Windows-10-10.0.22621-SP0)
    method: GET
    uri: https://management.azure.com/subscriptions/00000000-0000-0000-0000-000000000000/resourcegroups/cli_test_vm_simulate_eviction000001/providers/Microsoft.Resources/deployments/mock-deployment/operationStatuses/08585227493085060536?api-version=2022-09-01
  response:
    body:
      string: '{"status":"Running"}'
    headers:
      cache-control:
      - no-cache
      content-length:
      - '20'
      content-type:
      - application/json; charset=utf-8
      date:
      - Wed, 15 Mar 2023 05:20:11 GMT
      expires:
      - '-1'
      pragma:
      - no-cache
      strict-transport-security:
      - max-age=31536000; includeSubDomains
      vary:
      - Accept-Encoding
      x-content-type-options:
      - nosniff
    status:
      code: 200
      message: OK
- request:
    body: null
    headers:
      Accept:
      - '*/*'
      Accept-Encoding:
      - gzip, deflate
      CommandName:
      - vm create
      Connection:
      - keep-alive
      ParameterSetName:
      - --resource-group --name --admin-username --admin-password --authentication-type
        --location --image --priority --nsg-rule
      User-Agent:
      - AZURECLI/2.46.0 azsdk-python-azure-mgmt-resource/22.0.0 Python/3.10.9 (Windows-10-10.0.22621-SP0)
    method: GET
    uri: https://management.azure.com/subscriptions/00000000-0000-0000-0000-000000000000/resourcegroups/cli_test_vm_simulate_eviction000001/providers/Microsoft.Resources/deployments/mock-deployment/operationStatuses/08585227493085060536?api-version=2022-09-01
  response:
    body:
      string: '{"status":"Running"}'
    headers:
      cache-control:
      - no-cache
      content-length:
      - '20'
      content-type:
      - application/json; charset=utf-8
      date:
      - Wed, 15 Mar 2023 05:20:41 GMT
      expires:
      - '-1'
      pragma:
      - no-cache
      strict-transport-security:
      - max-age=31536000; includeSubDomains
      vary:
      - Accept-Encoding
      x-content-type-options:
      - nosniff
    status:
      code: 200
      message: OK
- request:
    body: null
    headers:
      Accept:
      - '*/*'
      Accept-Encoding:
      - gzip, deflate
      CommandName:
      - vm create
      Connection:
      - keep-alive
      ParameterSetName:
      - --resource-group --name --admin-username --admin-password --authentication-type
        --location --image --priority --nsg-rule
      User-Agent:
      - AZURECLI/2.46.0 azsdk-python-azure-mgmt-resource/22.0.0 Python/3.10.9 (Windows-10-10.0.22621-SP0)
    method: GET
    uri: https://management.azure.com/subscriptions/00000000-0000-0000-0000-000000000000/resourcegroups/cli_test_vm_simulate_eviction000001/providers/Microsoft.Resources/deployments/mock-deployment/operationStatuses/08585227493085060536?api-version=2022-09-01
  response:
    body:
      string: '{"status":"Succeeded"}'
    headers:
      cache-control:
      - no-cache
      content-length:
      - '22'
      content-type:
      - application/json; charset=utf-8
      date:
      - Wed, 15 Mar 2023 05:21:12 GMT
      expires:
      - '-1'
      pragma:
      - no-cache
      strict-transport-security:
      - max-age=31536000; includeSubDomains
      vary:
      - Accept-Encoding
      x-content-type-options:
      - nosniff
    status:
      code: 200
      message: OK
- request:
    body: null
    headers:
      Accept:
      - '*/*'
      Accept-Encoding:
      - gzip, deflate
      CommandName:
      - vm create
      Connection:
      - keep-alive
      ParameterSetName:
      - --resource-group --name --admin-username --admin-password --authentication-type
        --location --image --priority --nsg-rule
      User-Agent:
      - AZURECLI/2.46.0 azsdk-python-azure-mgmt-resource/22.0.0 Python/3.10.9 (Windows-10-10.0.22621-SP0)
    method: GET
    uri: https://management.azure.com/subscriptions/00000000-0000-0000-0000-000000000000/resourcegroups/cli_test_vm_simulate_eviction000001/providers/Microsoft.Resources/deployments/mock-deployment?api-version=2022-09-01
  response:
    body:
      string: '{"id":"/subscriptions/00000000-0000-0000-0000-000000000000/resourceGroups/cli_test_vm_simulate_eviction000001/providers/Microsoft.Resources/deployments/vm_deploy_LUZ3GVdC6JSBLFO4u74Ndc6cE00525O4","name":"vm_deploy_LUZ3GVdC6JSBLFO4u74Ndc6cE00525O4","type":"Microsoft.Resources/deployments","properties":{"templateHash":"8907543754693293607","parameters":{"adminPassword":{"type":"SecureString"}},"mode":"Incremental","provisioningState":"Succeeded","timestamp":"2023-03-15T05:21:05.9838678Z","duration":"PT1M26.0349362S","correlationId":"35d0904e-15ef-4481-9d6a-802974beb020","providers":[{"namespace":"Microsoft.Network","resourceTypes":[{"resourceType":"virtualNetworks","locations":["eastus"]},{"resourceType":"networkSecurityGroups","locations":["eastus"]},{"resourceType":"publicIPAddresses","locations":["eastus"]},{"resourceType":"networkInterfaces","locations":["eastus"]}]},{"namespace":"Microsoft.Compute","resourceTypes":[{"resourceType":"virtualMachines","locations":["eastus"]}]}],"dependencies":[{"dependsOn":[{"id":"/subscriptions/00000000-0000-0000-0000-000000000000/resourceGroups/cli_test_vm_simulate_eviction000001/providers/Microsoft.Network/virtualNetworks/vm-simualte-eviction1VNET","resourceType":"Microsoft.Network/virtualNetworks","resourceName":"vm-simualte-eviction1VNET"},{"id":"/subscriptions/00000000-0000-0000-0000-000000000000/resourceGroups/cli_test_vm_simulate_eviction000001/providers/Microsoft.Network/networkSecurityGroups/vm-simualte-eviction1NSG","resourceType":"Microsoft.Network/networkSecurityGroups","resourceName":"vm-simualte-eviction1NSG"},{"id":"/subscriptions/00000000-0000-0000-0000-000000000000/resourceGroups/cli_test_vm_simulate_eviction000001/providers/Microsoft.Network/publicIPAddresses/vm-simualte-eviction1PublicIP","resourceType":"Microsoft.Network/publicIPAddresses","resourceName":"vm-simualte-eviction1PublicIP"}],"id":"/subscriptions/00000000-0000-0000-0000-000000000000/resourceGroups/cli_test_vm_simulate_eviction000001/providers/Microsoft.Network/networkInterfaces/vm-simualte-eviction1VMNic","resourceType":"Microsoft.Network/networkInterfaces","resourceName":"vm-simualte-eviction1VMNic"},{"dependsOn":[{"id":"/subscriptions/00000000-0000-0000-0000-000000000000/resourceGroups/cli_test_vm_simulate_eviction000001/providers/Microsoft.Network/networkInterfaces/vm-simualte-eviction1VMNic","resourceType":"Microsoft.Network/networkInterfaces","resourceName":"vm-simualte-eviction1VMNic"}],"id":"/subscriptions/00000000-0000-0000-0000-000000000000/resourceGroups/cli_test_vm_simulate_eviction000001/providers/Microsoft.Compute/virtualMachines/vm-simualte-eviction1","resourceType":"Microsoft.Compute/virtualMachines","resourceName":"vm-simualte-eviction1"}],"outputs":{},"outputResources":[{"id":"/subscriptions/00000000-0000-0000-0000-000000000000/resourceGroups/cli_test_vm_simulate_eviction000001/providers/Microsoft.Compute/virtualMachines/vm-simualte-eviction1"},{"id":"/subscriptions/00000000-0000-0000-0000-000000000000/resourceGroups/cli_test_vm_simulate_eviction000001/providers/Microsoft.Network/networkInterfaces/vm-simualte-eviction1VMNic"},{"id":"/subscriptions/00000000-0000-0000-0000-000000000000/resourceGroups/cli_test_vm_simulate_eviction000001/providers/Microsoft.Network/networkSecurityGroups/vm-simualte-eviction1NSG"},{"id":"/subscriptions/00000000-0000-0000-0000-000000000000/resourceGroups/cli_test_vm_simulate_eviction000001/providers/Microsoft.Network/publicIPAddresses/vm-simualte-eviction1PublicIP"},{"id":"/subscriptions/00000000-0000-0000-0000-000000000000/resourceGroups/cli_test_vm_simulate_eviction000001/providers/Microsoft.Network/virtualNetworks/vm-simualte-eviction1VNET"}]}}'
    headers:
      cache-control:
      - no-cache
      content-length:
      - '3674'
      content-type:
      - application/json; charset=utf-8
      date:
      - Wed, 15 Mar 2023 05:21:12 GMT
      expires:
      - '-1'
      pragma:
      - no-cache
      strict-transport-security:
      - max-age=31536000; includeSubDomains
      vary:
      - Accept-Encoding
      x-content-type-options:
      - nosniff
    status:
      code: 200
      message: OK
- request:
    body: null
    headers:
      Accept:
      - application/json
      Accept-Encoding:
      - gzip, deflate
      CommandName:
      - vm create
      Connection:
      - keep-alive
      ParameterSetName:
      - --resource-group --name --admin-username --admin-password --authentication-type
        --location --image --priority --nsg-rule
      User-Agent:
      - AZURECLI/2.46.0 azsdk-python-azure-mgmt-compute/29.1.0 Python/3.10.9 (Windows-10-10.0.22621-SP0)
    method: GET
    uri: https://management.azure.com/subscriptions/00000000-0000-0000-0000-000000000000/resourceGroups/cli_test_vm_simulate_eviction000001/providers/Microsoft.Compute/virtualMachines/vm-simualte-eviction1?$expand=instanceView&api-version=2022-11-01
  response:
    body:
      string: "{\r\n  \"name\": \"vm-simualte-eviction1\",\r\n  \"id\": \"/subscriptions/00000000-0000-0000-0000-000000000000/resourceGroups/cli_test_vm_simulate_eviction000001/providers/Microsoft.Compute/virtualMachines/vm-simualte-eviction1\"\
        ,\r\n  \"type\": \"Microsoft.Compute/virtualMachines\",\r\n  \"location\"\
        : \"eastus\",\r\n  \"tags\": {},\r\n  \"properties\": {\r\n    \"vmId\": \"\
        7d4af2a8-6cce-4e48-9c75-eae430369d4d\",\r\n    \"hardwareProfile\": {\r\n\
        \      \"vmSize\": \"Standard_DS1_v2\"\r\n    },\r\n    \"storageProfile\"\
        : {\r\n      \"imageReference\": {\r\n        \"publisher\": \"OpenLogic\"\
        ,\r\n        \"offer\": \"CentOS\",\r\n        \"sku\": \"7.5\",\r\n     \
        \   \"version\": \"latest\",\r\n        \"exactVersion\": \"7.5.201808150\"\
        \r\n      },\r\n      \"osDisk\": {\r\n        \"osType\": \"Linux\",\r\n\
        \        \"name\": \"vm-simualte-eviction1_OsDisk_1_8e58da3bace94fbb8cc363cad0a0d523\"\
        ,\r\n        \"createOption\": \"FromImage\",\r\n        \"caching\": \"ReadWrite\"\
        ,\r\n        \"managedDisk\": {\r\n          \"storageAccountType\": \"Premium_LRS\"\
        ,\r\n          \"id\": \"/subscriptions/00000000-0000-0000-0000-000000000000/resourceGroups/cli_test_vm_simulate_eviction000001/providers/Microsoft.Compute/disks/vm-simualte-eviction1_OsDisk_1_8e58da3bace94fbb8cc363cad0a0d523\"\
        \r\n        },\r\n        \"deleteOption\": \"Detach\",\r\n        \"diskSizeGB\"\
        : 30\r\n      },\r\n      \"dataDisks\": []\r\n    },\r\n    \"osProfile\"\
        : {\r\n      \"computerName\": \"vm-simualte-eviction1\",\r\n      \"adminUsername\"\
        : \"azureuser\",\r\n      \"linuxConfiguration\": {\r\n        \"disablePasswordAuthentication\"\
        : false,\r\n        \"provisionVMAgent\": true,\r\n        \"patchSettings\"\
        : {\r\n          \"patchMode\": \"ImageDefault\",\r\n          \"assessmentMode\"\
        : \"ImageDefault\"\r\n        },\r\n        \"enableVMAgentPlatformUpdates\"\
        : false\r\n      },\r\n      \"secrets\": [],\r\n      \"allowExtensionOperations\"\
        : true,\r\n      \"requireGuestProvisionSignal\": true\r\n    },\r\n    \"\
        networkProfile\": {\"networkInterfaces\":[{\"id\":\"/subscriptions/00000000-0000-0000-0000-000000000000/resourceGroups/cli_test_vm_simulate_eviction000001/providers/Microsoft.Network/networkInterfaces/vm-simualte-eviction1VMNic\"\
        }]},\r\n    \"provisioningState\": \"Succeeded\",\r\n    \"priority\": \"\
        Regular\",\r\n    \"instanceView\": {\r\n      \"computerName\": \"vm-simualte-eviction1\"\
        ,\r\n      \"osName\": \"centos\",\r\n      \"osVersion\": \"7.5.1804\",\r\
        \n      \"vmAgent\": {\r\n        \"vmAgentVersion\": \"2.9.0.4\",\r\n   \
        \     \"statuses\": [\r\n          {\r\n            \"code\": \"ProvisioningState/succeeded\"\
        ,\r\n            \"level\": \"Info\",\r\n            \"displayStatus\": \"\
        Ready\",\r\n            \"message\": \"Guest Agent is running\",\r\n     \
        \       \"time\": \"2023-03-15T05:21:01+00:00\"\r\n          }\r\n       \
        \ ],\r\n        \"extensionHandlers\": []\r\n      },\r\n      \"disks\":\
        \ [\r\n        {\r\n          \"name\": \"vm-simualte-eviction1_OsDisk_1_8e58da3bace94fbb8cc363cad0a0d523\"\
        ,\r\n          \"statuses\": [\r\n            {\r\n              \"code\"\
        : \"ProvisioningState/succeeded\",\r\n              \"level\": \"Info\",\r\
        \n              \"displayStatus\": \"Provisioning succeeded\",\r\n       \
        \       \"time\": \"2023-03-15T05:20:04.6703935+00:00\"\r\n            }\r\
        \n          ]\r\n        }\r\n      ],\r\n      \"hyperVGeneration\": \"V1\"\
        ,\r\n      \"statuses\": [\r\n        {\r\n          \"code\": \"ProvisioningState/succeeded\"\
        ,\r\n          \"level\": \"Info\",\r\n          \"displayStatus\": \"Provisioning\
        \ succeeded\",\r\n          \"time\": \"2023-03-15T05:21:00.8581691+00:00\"\
        \r\n        },\r\n        {\r\n          \"code\": \"PowerState/running\"\
        ,\r\n          \"level\": \"Info\",\r\n          \"displayStatus\": \"VM running\"\
        \r\n        }\r\n      ]\r\n    },\r\n    \"timeCreated\": \"2023-03-15T05:20:00.4047478+00:00\"\
        \r\n  }\r\n}"
    headers:
      cache-control:
      - no-cache
      content-length:
      - '3487'
      content-type:
      - application/json; charset=utf-8
      date:
      - Wed, 15 Mar 2023 05:21:14 GMT
      expires:
      - '-1'
      pragma:
      - no-cache
      server:
      - Microsoft-HTTPAPI/2.0
      - Microsoft-HTTPAPI/2.0
      strict-transport-security:
      - max-age=31536000; includeSubDomains
      transfer-encoding:
      - chunked
      vary:
      - Accept-Encoding
      x-content-type-options:
      - nosniff
      x-ms-ratelimit-remaining-resource:
      - Microsoft.Compute/LowCostGet3Min;3996,Microsoft.Compute/LowCostGet30Min;31969
    status:
      code: 200
      message: OK
- request:
    body: null
    headers:
      Accept:
      - application/json
      Accept-Encoding:
      - gzip, deflate
      CommandName:
      - vm create
      Connection:
      - keep-alive
      ParameterSetName:
      - --resource-group --name --admin-username --admin-password --authentication-type
        --location --image --priority --nsg-rule
      User-Agent:
      - AZURECLI/2.46.0 azsdk-python-azure-mgmt-network/21.0.1 Python/3.10.9 (Windows-10-10.0.22621-SP0)
    method: GET
    uri: https://management.azure.com/subscriptions/00000000-0000-0000-0000-000000000000/resourceGroups/cli_test_vm_simulate_eviction000001/providers/Microsoft.Network/networkInterfaces/vm-simualte-eviction1VMNic?api-version=2022-01-01
  response:
    body:
      string: "{\r\n  \"name\": \"vm-simualte-eviction1VMNic\",\r\n  \"id\": \"/subscriptions/00000000-0000-0000-0000-000000000000/resourceGroups/cli_test_vm_simulate_eviction000001/providers/Microsoft.Network/networkInterfaces/vm-simualte-eviction1VMNic\"\
        ,\r\n  \"etag\": \"W/\\\"13abf8c1-d305-491b-b6da-9c1495a15f29\\\"\",\r\n \
        \ \"tags\": {},\r\n  \"properties\": {\r\n    \"provisioningState\": \"Succeeded\"\
        ,\r\n    \"resourceGuid\": \"86cca16e-9247-4a72-b76c-9ea5b5409de6\",\r\n \
        \   \"ipConfigurations\": [\r\n      {\r\n        \"name\": \"ipconfigvm-simualte-eviction1\"\
        ,\r\n        \"id\": \"/subscriptions/00000000-0000-0000-0000-000000000000/resourceGroups/cli_test_vm_simulate_eviction000001/providers/Microsoft.Network/networkInterfaces/vm-simualte-eviction1VMNic/ipConfigurations/ipconfigvm-simualte-eviction1\"\
        ,\r\n        \"etag\": \"W/\\\"13abf8c1-d305-491b-b6da-9c1495a15f29\\\"\"\
        ,\r\n        \"type\": \"Microsoft.Network/networkInterfaces/ipConfigurations\"\
        ,\r\n        \"properties\": {\r\n          \"provisioningState\": \"Succeeded\"\
        ,\r\n          \"privateIPAddress\": \"10.0.0.4\",\r\n          \"privateIPAllocationMethod\"\
        : \"Dynamic\",\r\n          \"publicIPAddress\": {\r\n            \"id\":\
        \ \"/subscriptions/00000000-0000-0000-0000-000000000000/resourceGroups/cli_test_vm_simulate_eviction000001/providers/Microsoft.Network/publicIPAddresses/vm-simualte-eviction1PublicIP\"\
        \r\n          },\r\n          \"subnet\": {\r\n            \"id\": \"/subscriptions/00000000-0000-0000-0000-000000000000/resourceGroups/cli_test_vm_simulate_eviction000001/providers/Microsoft.Network/virtualNetworks/vm-simualte-eviction1VNET/subnets/vm-simualte-eviction1Subnet\"\
        \r\n          },\r\n          \"primary\": true,\r\n          \"privateIPAddressVersion\"\
        : \"IPv4\"\r\n        }\r\n      }\r\n    ],\r\n    \"dnsSettings\": {\r\n\
        \      \"dnsServers\": [],\r\n      \"appliedDnsServers\": [],\r\n      \"\
        internalDomainNameSuffix\": \"4x05rgbrb2wutovqkq1totk53h.bx.internal.cloudapp.net\"\
        \r\n    },\r\n    \"macAddress\": \"00-0D-3A-13-7C-F3\",\r\n    \"enableAcceleratedNetworking\"\
        : false,\r\n    \"vnetEncryptionSupported\": false,\r\n    \"enableIPForwarding\"\
        : false,\r\n    \"networkSecurityGroup\": {\r\n      \"id\": \"/subscriptions/00000000-0000-0000-0000-000000000000/resourceGroups/cli_test_vm_simulate_eviction000001/providers/Microsoft.Network/networkSecurityGroups/vm-simualte-eviction1NSG\"\
        \r\n    },\r\n    \"primary\": true,\r\n    \"virtualMachine\": {\r\n    \
        \  \"id\": \"/subscriptions/00000000-0000-0000-0000-000000000000/resourceGroups/cli_test_vm_simulate_eviction000001/providers/Microsoft.Compute/virtualMachines/vm-simualte-eviction1\"\
        \r\n    },\r\n    \"hostedWorkloads\": [],\r\n    \"tapConfigurations\": [],\r\
        \n    \"nicType\": \"Standard\",\r\n    \"allowPort25Out\": true\r\n  },\r\
        \n  \"type\": \"Microsoft.Network/networkInterfaces\",\r\n  \"location\":\
        \ \"eastus\",\r\n  \"kind\": \"Regular\"\r\n}"
    headers:
      cache-control:
      - no-cache
      content-length:
      - '2684'
      content-type:
      - application/json; charset=utf-8
      date:
      - Wed, 15 Mar 2023 05:21:15 GMT
      etag:
      - W/"13abf8c1-d305-491b-b6da-9c1495a15f29"
      expires:
      - '-1'
      pragma:
      - no-cache
      server:
      - Microsoft-HTTPAPI/2.0
      - Microsoft-HTTPAPI/2.0
      strict-transport-security:
      - max-age=31536000; includeSubDomains
      transfer-encoding:
      - chunked
      vary:
      - Accept-Encoding
      x-content-type-options:
      - nosniff
      x-ms-arm-service-request-id:
      - bd002348-4594-44b1-9bbb-e30a2518a0d4
    status:
      code: 200
      message: OK
- request:
    body: null
    headers:
      Accept:
      - application/json
      Accept-Encoding:
      - gzip, deflate
      CommandName:
      - vm create
      Connection:
      - keep-alive
      ParameterSetName:
      - --resource-group --name --admin-username --admin-password --authentication-type
        --location --image --priority --nsg-rule
      User-Agent:
      - AZURECLI/2.46.0 azsdk-python-azure-mgmt-network/21.0.1 Python/3.10.9 (Windows-10-10.0.22621-SP0)
    method: GET
    uri: https://management.azure.com/subscriptions/00000000-0000-0000-0000-000000000000/resourceGroups/cli_test_vm_simulate_eviction000001/providers/Microsoft.Network/publicIPAddresses/vm-simualte-eviction1PublicIP?api-version=2022-01-01
  response:
    body:
      string: "{\r\n  \"name\": \"vm-simualte-eviction1PublicIP\",\r\n  \"id\": \"\
        /subscriptions/00000000-0000-0000-0000-000000000000/resourceGroups/cli_test_vm_simulate_eviction000001/providers/Microsoft.Network/publicIPAddresses/vm-simualte-eviction1PublicIP\"\
        ,\r\n  \"etag\": \"W/\\\"58a67afb-1525-45bd-9cb8-8f8d12f6d10c\\\"\",\r\n \
        \ \"location\": \"eastus\",\r\n  \"tags\": {},\r\n  \"properties\": {\r\n\
        \    \"provisioningState\": \"Succeeded\",\r\n    \"resourceGuid\": \"f4ea2f7d-7606-4b46-953c-63143dd86141\"\
        ,\r\n    \"ipAddress\": \"13.82.150.163\",\r\n    \"publicIPAddressVersion\"\
        : \"IPv4\",\r\n    \"publicIPAllocationMethod\": \"Dynamic\",\r\n    \"idleTimeoutInMinutes\"\
        : 4,\r\n    \"ipTags\": [],\r\n    \"ipConfiguration\": {\r\n      \"id\"\
        : \"/subscriptions/00000000-0000-0000-0000-000000000000/resourceGroups/cli_test_vm_simulate_eviction000001/providers/Microsoft.Network/networkInterfaces/vm-simualte-eviction1VMNic/ipConfigurations/ipconfigvm-simualte-eviction1\"\
        \r\n    }\r\n  },\r\n  \"type\": \"Microsoft.Network/publicIPAddresses\",\r\
        \n  \"sku\": {\r\n    \"name\": \"Basic\",\r\n    \"tier\": \"Regional\"\r\
        \n  }\r\n}"
    headers:
      cache-control:
      - no-cache
      content-length:
      - '1014'
      content-type:
      - application/json; charset=utf-8
      date:
      - Wed, 15 Mar 2023 05:21:15 GMT
      etag:
      - W/"58a67afb-1525-45bd-9cb8-8f8d12f6d10c"
      expires:
      - '-1'
      pragma:
      - no-cache
      server:
      - Microsoft-HTTPAPI/2.0
      - Microsoft-HTTPAPI/2.0
      strict-transport-security:
      - max-age=31536000; includeSubDomains
      transfer-encoding:
      - chunked
      vary:
      - Accept-Encoding
      x-content-type-options:
      - nosniff
      x-ms-arm-service-request-id:
      - e5090040-31c1-4741-ade9-f4f6d22f41c4
    status:
      code: 200
      message: OK
- request:
    body: null
    headers:
      Accept:
      - application/json
      Accept-Encoding:
      - gzip, deflate
      CommandName:
      - vm simulate-eviction
      Connection:
      - keep-alive
      Content-Length:
      - '0'
      ParameterSetName:
      - --resource-group --name
      User-Agent:
      - AZURECLI/2.46.0 azsdk-python-azure-mgmt-compute/29.1.0 Python/3.10.9 (Windows-10-10.0.22621-SP0)
    method: POST
    uri: https://management.azure.com/subscriptions/00000000-0000-0000-0000-000000000000/resourceGroups/cli_test_vm_simulate_eviction000001/providers/Microsoft.Compute/virtualMachines/vm-simualte-eviction1/simulateEviction?api-version=2022-11-01
  response:
    body:
      string: "{\r\n  \"error\": {\r\n    \"code\": \"OperationNotAllowed\",\r\n \
        \   \"message\": \"Operation 'simulateEviction' is allowed only for Spot Virtual\
        \ Machines\"\r\n  }\r\n}"
    headers:
      cache-control:
      - no-cache
      content-length:
      - '148'
      content-type:
      - application/json; charset=utf-8
      date:
      - Wed, 15 Mar 2023 05:21:17 GMT
      expires:
      - '-1'
      pragma:
      - no-cache
      server:
      - Microsoft-HTTPAPI/2.0
      - Microsoft-HTTPAPI/2.0
      strict-transport-security:
      - max-age=31536000; includeSubDomains
      x-content-type-options:
      - nosniff
      x-ms-ratelimit-remaining-resource:
      - Microsoft.Compute/DeleteVM3Min;239,Microsoft.Compute/DeleteVM30Min;1197
      x-ms-ratelimit-remaining-subscription-writes:
      - '1199'
    status:
      code: 409
      message: Conflict
- request:
    body: null
    headers:
      Accept:
      - '*/*'
      Accept-Encoding:
      - gzip, deflate
      Connection:
      - keep-alive
      User-Agent:
      - python-requests/2.26.0
    method: GET
    uri: https://raw.githubusercontent.com/Azure/azure-rest-api-specs/main/arm-compute/quickstart-templates/aliases.json
  response:
    body:
      string: "{\n  \"$schema\": \"http://schema.management.azure.com/schemas/2015-01-01/deploymentTemplate.json\"\
        ,\n  \"contentVersion\": \"1.0.0.0\",\n  \"parameters\": {},\n  \"variables\"\
        : {},\n  \"resources\": [],\n  \"outputs\": {\n    \"aliases\": {\n      \"\
        type\": \"object\",\n      \"value\": {\n        \"Linux\": {\n          \"\
        CentOS\": {\n            \"publisher\": \"OpenLogic\",\n            \"offer\"\
        : \"CentOS\",\n            \"sku\": \"7.5\",\n            \"version\": \"\
        latest\",\n            \"architecture\": \"x64\"\n          },\n         \
        \ \"Debian\": {\n            \"publisher\": \"Debian\",\n            \"offer\"\
        : \"debian-10\",\n            \"sku\": \"10\",\n            \"version\": \"\
        latest\",\n            \"architecture\": \"x64\"\n          },\n         \
        \ \"Flatcar\": {\n            \"publisher\": \"kinvolk\",\n            \"\
        offer\": \"flatcar-container-linux-free\",\n            \"sku\": \"stable\"\
        ,\n            \"version\": \"latest\",\n            \"architecture\": \"\
        x64\"\n          },\n          \"openSUSE-Leap\": {\n            \"publisher\"\
        : \"SUSE\",\n            \"offer\": \"opensuse-leap-15-3\",\n            \"\
        sku\": \"gen2\",\n            \"version\": \"latest\",\n            \"architecture\"\
        : \"x64\"\n          },\n          \"RHEL\": {\n            \"publisher\"\
        : \"RedHat\",\n            \"offer\": \"RHEL\",\n            \"sku\": \"7-LVM\"\
        ,\n            \"version\": \"latest\",\n            \"architecture\": \"\
        x64\"\n          },\n          \"SLES\": {\n            \"publisher\": \"\
        SUSE\",\n            \"offer\": \"sles-15-sp3\",\n            \"sku\": \"\
        gen2\",\n            \"version\": \"latest\",\n            \"architecture\"\
        : \"x64\"\n          },\n          \"UbuntuLTS\": {\n            \"publisher\"\
        : \"Canonical\",\n            \"offer\": \"UbuntuServer\",\n            \"\
        sku\": \"18.04-LTS\",\n            \"version\": \"latest\",\n            \"\
        architecture\": \"x64\"\n          }\n        },\n        \"Windows\": {\n\
        \          \"Win2022Datacenter\": {\n            \"publisher\": \"MicrosoftWindowsServer\"\
        ,\n            \"offer\": \"WindowsServer\",\n            \"sku\": \"2022-Datacenter\"\
        ,\n            \"version\": \"latest\",\n            \"architecture\": \"\
        x64\"\n          },\n          \"Win2022AzureEditionCore\": {\n          \
        \  \"publisher\": \"MicrosoftWindowsServer\",\n            \"offer\": \"WindowsServer\"\
        ,\n            \"sku\": \"2022-datacenter-azure-edition-core\",\n        \
        \    \"version\": \"latest\",\n            \"architecture\": \"x64\"\n   \
        \       },\n          \"Win2019Datacenter\": {\n            \"publisher\"\
        : \"MicrosoftWindowsServer\",\n            \"offer\": \"WindowsServer\",\n\
        \            \"sku\": \"2019-Datacenter\",\n            \"version\": \"latest\"\
        ,\n            \"architecture\": \"x64\"\n          },\n          \"Win2016Datacenter\"\
        : {\n            \"publisher\": \"MicrosoftWindowsServer\",\n            \"\
        offer\": \"WindowsServer\",\n            \"sku\": \"2016-Datacenter\",\n \
        \           \"version\": \"latest\",\n            \"architecture\": \"x64\"\
        \n          },\n          \"Win2012R2Datacenter\": {\n            \"publisher\"\
        : \"MicrosoftWindowsServer\",\n            \"offer\": \"WindowsServer\",\n\
        \            \"sku\": \"2012-R2-Datacenter\",\n            \"version\": \"\
        latest\",\n            \"architecture\": \"x64\"\n          },\n         \
        \ \"Win2012Datacenter\": {\n            \"publisher\": \"MicrosoftWindowsServer\"\
        ,\n            \"offer\": \"WindowsServer\",\n            \"sku\": \"2012-Datacenter\"\
        ,\n            \"version\": \"latest\",\n            \"architecture\": \"\
        x64\"\n          },\n          \"Win2008R2SP1\": {\n            \"publisher\"\
        : \"MicrosoftWindowsServer\",\n            \"offer\": \"WindowsServer\",\n\
        \            \"sku\": \"2008-R2-SP1\",\n            \"version\": \"latest\"\
        ,\n            \"architecture\": \"x64\"\n          }\n        }\n      }\n\
        \    }\n  }\n}"
    headers:
      accept-ranges:
      - bytes
      access-control-allow-origin:
      - '*'
      cache-control:
      - max-age=300
      connection:
      - keep-alive
      content-length:
      - '3463'
      content-security-policy:
      - default-src 'none'; style-src 'unsafe-inline'; sandbox
      content-type:
      - text/plain; charset=utf-8
      date:
      - Wed, 15 Mar 2023 05:21:18 GMT
      etag:
      - W/"41b202f4dc5098d126019dc00721a4c5e30df0c5196794514fadc3710ee2a5cb"
      expires:
      - Wed, 15 Mar 2023 05:26:18 GMT
      source-age:
      - '115'
      strict-transport-security:
      - max-age=31536000
      vary:
      - Authorization,Accept-Encoding,Origin
      via:
      - 1.1 varnish
      x-cache:
      - HIT
      x-cache-hits:
      - '2'
      x-content-type-options:
      - nosniff
      x-fastly-request-id:
      - ab0c6918292e0f7e0071c1f7be0f4ca070ff4481
      x-frame-options:
      - deny
      x-github-request-id:
      - 5442:0861:573701:67099D:640F97FC
      x-served-by:
      - cache-qpg1234-QPG
      x-timer:
      - S1678857679.822551,VS0,VE0
      x-xss-protection:
      - 1; mode=block
    status:
      code: 200
      message: OK
- request:
    body: null
    headers:
      Accept:
      - application/json
      Accept-Encoding:
      - gzip, deflate
      CommandName:
      - vm create
      Connection:
      - keep-alive
      ParameterSetName:
      - --resource-group --name --admin-username --admin-password --authentication-type
        --location --image --priority --eviction-policy --nsg-rule
      User-Agent:
      - AZURECLI/2.46.0 azsdk-python-azure-mgmt-compute/29.1.0 Python/3.10.9 (Windows-10-10.0.22621-SP0)
    method: GET
    uri: https://management.azure.com/subscriptions/00000000-0000-0000-0000-000000000000/providers/Microsoft.Compute/locations/eastus/publishers/OpenLogic/artifacttypes/vmimage/offers/CentOS/skus/7.5/versions?$top=1&$orderby=name%20desc&api-version=2022-11-01
  response:
    body:
      string: "[\r\n  {\r\n    \"location\": \"eastus\",\r\n    \"name\": \"7.5.201808150\"\
        ,\r\n    \"id\": \"/Subscriptions/00000000-0000-0000-0000-000000000000/Providers/Microsoft.Compute/Locations/eastus/Publishers/OpenLogic/ArtifactTypes/VMImage/Offers/CentOS/Skus/7.5/Versions/7.5.201808150\"\
        \r\n  }\r\n]"
    headers:
      cache-control:
      - no-cache
      content-length:
      - '270'
      content-type:
      - application/json; charset=utf-8
      date:
      - Wed, 15 Mar 2023 05:21:19 GMT
      expires:
      - '-1'
      pragma:
      - no-cache
      server:
      - Microsoft-HTTPAPI/2.0
      - Microsoft-HTTPAPI/2.0
      strict-transport-security:
      - max-age=31536000; includeSubDomains
      transfer-encoding:
      - chunked
      vary:
      - Accept-Encoding
      x-content-type-options:
      - nosniff
      x-ms-ratelimit-remaining-resource:
      - Microsoft.Compute/ListVMImagesVersionsFromLocation3Min;15994,Microsoft.Compute/ListVMImagesVersionsFromLocation30Min;43994
    status:
      code: 200
      message: OK
- request:
    body: null
    headers:
      Accept:
      - application/json
      Accept-Encoding:
      - gzip, deflate
      CommandName:
      - vm create
      Connection:
      - keep-alive
      ParameterSetName:
      - --resource-group --name --admin-username --admin-password --authentication-type
        --location --image --priority --eviction-policy --nsg-rule
      User-Agent:
      - AZURECLI/2.46.0 azsdk-python-azure-mgmt-compute/29.1.0 Python/3.10.9 (Windows-10-10.0.22621-SP0)
    method: GET
    uri: https://management.azure.com/subscriptions/00000000-0000-0000-0000-000000000000/providers/Microsoft.Compute/locations/eastus/publishers/OpenLogic/artifacttypes/vmimage/offers/CentOS/skus/7.5/versions/7.5.201808150?api-version=2022-11-01
  response:
    body:
      string: "{\r\n  \"properties\": {\r\n    \"hyperVGeneration\": \"V1\",\r\n \
        \   \"architecture\": \"x64\",\r\n    \"replicaType\": \"Unmanaged\",\r\n\
        \    \"disallowed\": {\r\n      \"vmDiskType\": \"None\"\r\n    },\r\n   \
        \ \"automaticOSUpgradeProperties\": {\r\n      \"automaticOSUpgradeSupported\"\
        : true\r\n    },\r\n    \"imageDeprecationStatus\": {\r\n      \"imageState\"\
        : \"Active\"\r\n    },\r\n    \"osDiskImage\": {\r\n      \"operatingSystem\"\
        : \"Linux\",\r\n      \"sizeInGb\": 30,\r\n      \"sizeInBytes\": 32212255232\r\
        \n    },\r\n    \"dataDiskImages\": []\r\n  },\r\n  \"location\": \"eastus\"\
        ,\r\n  \"name\": \"7.5.201808150\",\r\n  \"id\": \"/Subscriptions/00000000-0000-0000-0000-000000000000/Providers/Microsoft.Compute/Locations/eastus/Publishers/OpenLogic/ArtifactTypes/VMImage/Offers/CentOS/Skus/7.5/Versions/7.5.201808150\"\
        \r\n}"
    headers:
      cache-control:
      - no-cache
      content-length:
      - '737'
      content-type:
      - application/json; charset=utf-8
      date:
      - Wed, 15 Mar 2023 05:21:21 GMT
      expires:
      - '-1'
      pragma:
      - no-cache
      server:
      - Microsoft-HTTPAPI/2.0
      - Microsoft-HTTPAPI/2.0
      strict-transport-security:
      - max-age=31536000; includeSubDomains
      transfer-encoding:
      - chunked
      vary:
      - Accept-Encoding
      x-content-type-options:
      - nosniff
      x-ms-ratelimit-remaining-resource:
      - Microsoft.Compute/GetVMImageFromLocation3Min;12995,Microsoft.Compute/GetVMImageFromLocation30Min;73995
    status:
      code: 200
      message: OK
- request:
    body: null
    headers:
      Accept:
      - application/json
      Accept-Encoding:
      - gzip, deflate
      CommandName:
      - vm create
      Connection:
      - keep-alive
      ParameterSetName:
      - --resource-group --name --admin-username --admin-password --authentication-type
        --location --image --priority --eviction-policy --nsg-rule
      User-Agent:
      - AZURECLI/2.46.0 azsdk-python-azure-mgmt-network/21.0.1 Python/3.10.9 (Windows-10-10.0.22621-SP0)
    method: GET
    uri: https://management.azure.com/subscriptions/00000000-0000-0000-0000-000000000000/resourceGroups/cli_test_vm_simulate_eviction000001/providers/Microsoft.Network/virtualNetworks?api-version=2022-01-01
  response:
    body:
      string: "{\r\n  \"value\": [\r\n    {\r\n      \"name\": \"vm-simualte-eviction1VNET\"\
        ,\r\n      \"id\": \"/subscriptions/00000000-0000-0000-0000-000000000000/resourceGroups/cli_test_vm_simulate_eviction000001/providers/Microsoft.Network/virtualNetworks/vm-simualte-eviction1VNET\"\
        ,\r\n      \"etag\": \"W/\\\"1de82e76-c57a-4dcd-a2f6-f0676338dff9\\\"\",\r\
        \n      \"type\": \"Microsoft.Network/virtualNetworks\",\r\n      \"location\"\
        : \"eastus\",\r\n      \"tags\": {},\r\n      \"properties\": {\r\n      \
        \  \"provisioningState\": \"Succeeded\",\r\n        \"resourceGuid\": \"98f8f5f5-0f31-492d-bab0-5437374d5fef\"\
        ,\r\n        \"addressSpace\": {\r\n          \"addressPrefixes\": [\r\n \
        \           \"10.0.0.0/16\"\r\n          ]\r\n        },\r\n        \"subnets\"\
        : [\r\n          {\r\n            \"name\": \"vm-simualte-eviction1Subnet\"\
        ,\r\n            \"id\": \"/subscriptions/00000000-0000-0000-0000-000000000000/resourceGroups/cli_test_vm_simulate_eviction000001/providers/Microsoft.Network/virtualNetworks/vm-simualte-eviction1VNET/subnets/vm-simualte-eviction1Subnet\"\
        ,\r\n            \"etag\": \"W/\\\"1de82e76-c57a-4dcd-a2f6-f0676338dff9\\\"\
        \",\r\n            \"properties\": {\r\n              \"provisioningState\"\
        : \"Succeeded\",\r\n              \"addressPrefix\": \"10.0.0.0/24\",\r\n\
        \              \"ipConfigurations\": [\r\n                {\r\n          \
        \        \"id\": \"/subscriptions/00000000-0000-0000-0000-000000000000/resourceGroups/cli_test_vm_simulate_eviction000001/providers/Microsoft.Network/networkInterfaces/vm-simualte-eviction1VMNic/ipConfigurations/ipconfigvm-simualte-eviction1\"\
        \r\n                }\r\n              ],\r\n              \"delegations\"\
        : [],\r\n              \"privateEndpointNetworkPolicies\": \"Disabled\",\r\
        \n              \"privateLinkServiceNetworkPolicies\": \"Enabled\"\r\n   \
        \         },\r\n            \"type\": \"Microsoft.Network/virtualNetworks/subnets\"\
        \r\n          }\r\n        ],\r\n        \"virtualNetworkPeerings\": [],\r\
        \n        \"enableDdosProtection\": false\r\n      }\r\n    }\r\n  ]\r\n}"
    headers:
      cache-control:
      - no-cache
      content-length:
      - '1876'
      content-type:
      - application/json; charset=utf-8
      date:
      - Wed, 15 Mar 2023 05:21:21 GMT
      expires:
      - '-1'
      pragma:
      - no-cache
      server:
      - Microsoft-HTTPAPI/2.0
      - Microsoft-HTTPAPI/2.0
      strict-transport-security:
      - max-age=31536000; includeSubDomains
      transfer-encoding:
      - chunked
      vary:
      - Accept-Encoding
      x-content-type-options:
      - nosniff
      x-ms-arm-service-request-id:
      - 5d42efe3-b0c1-4bb4-8893-64ff5e088dc5
    status:
      code: 200
      message: OK
- request:
    body: null
    headers:
      Accept:
      - '*/*'
      Accept-Encoding:
      - gzip, deflate
      Connection:
      - keep-alive
      User-Agent:
      - python-requests/2.26.0
    method: GET
    uri: https://raw.githubusercontent.com/Azure/azure-rest-api-specs/main/arm-compute/quickstart-templates/aliases.json
  response:
    body:
      string: "{\n  \"$schema\": \"http://schema.management.azure.com/schemas/2015-01-01/deploymentTemplate.json\"\
        ,\n  \"contentVersion\": \"1.0.0.0\",\n  \"parameters\": {},\n  \"variables\"\
        : {},\n  \"resources\": [],\n  \"outputs\": {\n    \"aliases\": {\n      \"\
        type\": \"object\",\n      \"value\": {\n        \"Linux\": {\n          \"\
        CentOS\": {\n            \"publisher\": \"OpenLogic\",\n            \"offer\"\
        : \"CentOS\",\n            \"sku\": \"7.5\",\n            \"version\": \"\
        latest\",\n            \"architecture\": \"x64\"\n          },\n         \
        \ \"Debian\": {\n            \"publisher\": \"Debian\",\n            \"offer\"\
        : \"debian-10\",\n            \"sku\": \"10\",\n            \"version\": \"\
        latest\",\n            \"architecture\": \"x64\"\n          },\n         \
        \ \"Flatcar\": {\n            \"publisher\": \"kinvolk\",\n            \"\
        offer\": \"flatcar-container-linux-free\",\n            \"sku\": \"stable\"\
        ,\n            \"version\": \"latest\",\n            \"architecture\": \"\
        x64\"\n          },\n          \"openSUSE-Leap\": {\n            \"publisher\"\
        : \"SUSE\",\n            \"offer\": \"opensuse-leap-15-3\",\n            \"\
        sku\": \"gen2\",\n            \"version\": \"latest\",\n            \"architecture\"\
        : \"x64\"\n          },\n          \"RHEL\": {\n            \"publisher\"\
        : \"RedHat\",\n            \"offer\": \"RHEL\",\n            \"sku\": \"7-LVM\"\
        ,\n            \"version\": \"latest\",\n            \"architecture\": \"\
        x64\"\n          },\n          \"SLES\": {\n            \"publisher\": \"\
        SUSE\",\n            \"offer\": \"sles-15-sp3\",\n            \"sku\": \"\
        gen2\",\n            \"version\": \"latest\",\n            \"architecture\"\
        : \"x64\"\n          },\n          \"UbuntuLTS\": {\n            \"publisher\"\
        : \"Canonical\",\n            \"offer\": \"UbuntuServer\",\n            \"\
        sku\": \"18.04-LTS\",\n            \"version\": \"latest\",\n            \"\
        architecture\": \"x64\"\n          }\n        },\n        \"Windows\": {\n\
        \          \"Win2022Datacenter\": {\n            \"publisher\": \"MicrosoftWindowsServer\"\
        ,\n            \"offer\": \"WindowsServer\",\n            \"sku\": \"2022-Datacenter\"\
        ,\n            \"version\": \"latest\",\n            \"architecture\": \"\
        x64\"\n          },\n          \"Win2022AzureEditionCore\": {\n          \
        \  \"publisher\": \"MicrosoftWindowsServer\",\n            \"offer\": \"WindowsServer\"\
        ,\n            \"sku\": \"2022-datacenter-azure-edition-core\",\n        \
        \    \"version\": \"latest\",\n            \"architecture\": \"x64\"\n   \
        \       },\n          \"Win2019Datacenter\": {\n            \"publisher\"\
        : \"MicrosoftWindowsServer\",\n            \"offer\": \"WindowsServer\",\n\
        \            \"sku\": \"2019-Datacenter\",\n            \"version\": \"latest\"\
        ,\n            \"architecture\": \"x64\"\n          },\n          \"Win2016Datacenter\"\
        : {\n            \"publisher\": \"MicrosoftWindowsServer\",\n            \"\
        offer\": \"WindowsServer\",\n            \"sku\": \"2016-Datacenter\",\n \
        \           \"version\": \"latest\",\n            \"architecture\": \"x64\"\
        \n          },\n          \"Win2012R2Datacenter\": {\n            \"publisher\"\
        : \"MicrosoftWindowsServer\",\n            \"offer\": \"WindowsServer\",\n\
        \            \"sku\": \"2012-R2-Datacenter\",\n            \"version\": \"\
        latest\",\n            \"architecture\": \"x64\"\n          },\n         \
        \ \"Win2012Datacenter\": {\n            \"publisher\": \"MicrosoftWindowsServer\"\
        ,\n            \"offer\": \"WindowsServer\",\n            \"sku\": \"2012-Datacenter\"\
        ,\n            \"version\": \"latest\",\n            \"architecture\": \"\
        x64\"\n          },\n          \"Win2008R2SP1\": {\n            \"publisher\"\
        : \"MicrosoftWindowsServer\",\n            \"offer\": \"WindowsServer\",\n\
        \            \"sku\": \"2008-R2-SP1\",\n            \"version\": \"latest\"\
        ,\n            \"architecture\": \"x64\"\n          }\n        }\n      }\n\
        \    }\n  }\n}"
    headers:
      accept-ranges:
      - bytes
      access-control-allow-origin:
      - '*'
      cache-control:
      - max-age=300
      connection:
      - keep-alive
      content-length:
      - '3463'
      content-security-policy:
      - default-src 'none'; style-src 'unsafe-inline'; sandbox
      content-type:
      - text/plain; charset=utf-8
      date:
      - Wed, 15 Mar 2023 05:21:22 GMT
      etag:
      - W/"41b202f4dc5098d126019dc00721a4c5e30df0c5196794514fadc3710ee2a5cb"
      expires:
      - Wed, 15 Mar 2023 05:26:22 GMT
      source-age:
      - '119'
      strict-transport-security:
      - max-age=31536000
      vary:
      - Authorization,Accept-Encoding,Origin
      via:
      - 1.1 varnish
      x-cache:
      - HIT
      x-cache-hits:
      - '2'
      x-content-type-options:
      - nosniff
      x-fastly-request-id:
      - 5d6bf5d4ed1c4cb87167636cfca1202365e8449e
      x-frame-options:
      - deny
      x-github-request-id:
      - 5442:0861:573701:67099D:640F97FC
      x-served-by:
      - cache-qpg1224-QPG
      x-timer:
      - S1678857683.718722,VS0,VE0
      x-xss-protection:
      - 1; mode=block
    status:
      code: 200
      message: OK
- request:
    body: null
    headers:
      Accept:
      - application/json
      Accept-Encoding:
      - gzip, deflate
      CommandName:
      - vm create
      Connection:
      - keep-alive
      ParameterSetName:
      - --resource-group --name --admin-username --admin-password --authentication-type
        --location --image --priority --eviction-policy --nsg-rule
      User-Agent:
      - AZURECLI/2.46.0 azsdk-python-azure-mgmt-compute/29.1.0 Python/3.10.9 (Windows-10-10.0.22621-SP0)
    method: GET
    uri: https://management.azure.com/subscriptions/00000000-0000-0000-0000-000000000000/providers/Microsoft.Compute/locations/eastus/publishers/OpenLogic/artifacttypes/vmimage/offers/CentOS/skus/7.5/versions?$top=1&$orderby=name%20desc&api-version=2022-11-01
  response:
    body:
      string: "[\r\n  {\r\n    \"location\": \"eastus\",\r\n    \"name\": \"7.5.201808150\"\
        ,\r\n    \"id\": \"/Subscriptions/00000000-0000-0000-0000-000000000000/Providers/Microsoft.Compute/Locations/eastus/Publishers/OpenLogic/ArtifactTypes/VMImage/Offers/CentOS/Skus/7.5/Versions/7.5.201808150\"\
        \r\n  }\r\n]"
    headers:
      cache-control:
      - no-cache
      content-length:
      - '270'
      content-type:
      - application/json; charset=utf-8
      date:
      - Wed, 15 Mar 2023 05:21:22 GMT
      expires:
      - '-1'
      pragma:
      - no-cache
      server:
      - Microsoft-HTTPAPI/2.0
      - Microsoft-HTTPAPI/2.0
      strict-transport-security:
      - max-age=31536000; includeSubDomains
      transfer-encoding:
      - chunked
      vary:
      - Accept-Encoding
      x-content-type-options:
      - nosniff
      x-ms-ratelimit-remaining-resource:
      - Microsoft.Compute/ListVMImagesVersionsFromLocation3Min;15993,Microsoft.Compute/ListVMImagesVersionsFromLocation30Min;43993
    status:
      code: 200
      message: OK
- request:
    body: null
    headers:
      Accept:
      - application/json
      Accept-Encoding:
      - gzip, deflate
      CommandName:
      - vm create
      Connection:
      - keep-alive
      ParameterSetName:
      - --resource-group --name --admin-username --admin-password --authentication-type
        --location --image --priority --eviction-policy --nsg-rule
      User-Agent:
      - AZURECLI/2.46.0 azsdk-python-azure-mgmt-compute/29.1.0 Python/3.10.9 (Windows-10-10.0.22621-SP0)
    method: GET
    uri: https://management.azure.com/subscriptions/00000000-0000-0000-0000-000000000000/providers/Microsoft.Compute/locations/eastus/publishers/OpenLogic/artifacttypes/vmimage/offers/CentOS/skus/7.5/versions/7.5.201808150?api-version=2022-11-01
  response:
    body:
      string: "{\r\n  \"properties\": {\r\n    \"hyperVGeneration\": \"V1\",\r\n \
        \   \"architecture\": \"x64\",\r\n    \"replicaType\": \"Unmanaged\",\r\n\
        \    \"disallowed\": {\r\n      \"vmDiskType\": \"None\"\r\n    },\r\n   \
        \ \"automaticOSUpgradeProperties\": {\r\n      \"automaticOSUpgradeSupported\"\
        : true\r\n    },\r\n    \"imageDeprecationStatus\": {\r\n      \"imageState\"\
        : \"Active\"\r\n    },\r\n    \"osDiskImage\": {\r\n      \"operatingSystem\"\
        : \"Linux\",\r\n      \"sizeInGb\": 30,\r\n      \"sizeInBytes\": 32212255232\r\
        \n    },\r\n    \"dataDiskImages\": []\r\n  },\r\n  \"location\": \"eastus\"\
        ,\r\n  \"name\": \"7.5.201808150\",\r\n  \"id\": \"/Subscriptions/00000000-0000-0000-0000-000000000000/Providers/Microsoft.Compute/Locations/eastus/Publishers/OpenLogic/ArtifactTypes/VMImage/Offers/CentOS/Skus/7.5/Versions/7.5.201808150\"\
        \r\n}"
    headers:
      cache-control:
      - no-cache
      content-length:
      - '737'
      content-type:
      - application/json; charset=utf-8
      date:
      - Wed, 15 Mar 2023 05:21:23 GMT
      expires:
      - '-1'
      pragma:
      - no-cache
      server:
      - Microsoft-HTTPAPI/2.0
      - Microsoft-HTTPAPI/2.0
      strict-transport-security:
      - max-age=31536000; includeSubDomains
      transfer-encoding:
      - chunked
      vary:
      - Accept-Encoding
      x-content-type-options:
      - nosniff
      x-ms-ratelimit-remaining-resource:
      - Microsoft.Compute/GetVMImageFromLocation3Min;12994,Microsoft.Compute/GetVMImageFromLocation30Min;73994
    status:
      code: 200
      message: OK
- request:
    body: null
    headers:
      Accept:
      - application/json
      Accept-Encoding:
      - gzip, deflate
      CommandName:
      - vm create
      Connection:
      - keep-alive
      ParameterSetName:
      - --resource-group --name --admin-username --admin-password --authentication-type
        --location --image --priority --eviction-policy --nsg-rule
      User-Agent:
      - AZURECLI/2.46.0 azsdk-python-azure-mgmt-compute/29.1.0 Python/3.10.9 (Windows-10-10.0.22621-SP0)
    method: GET
    uri: https://management.azure.com/subscriptions/00000000-0000-0000-0000-000000000000/providers/Microsoft.Compute/locations/eastus/publishers/OpenLogic/artifacttypes/vmimage/offers/CentOS/skus/7.5/versions?$top=1&$orderby=name%20desc&api-version=2022-11-01
  response:
    body:
      string: "[\r\n  {\r\n    \"location\": \"eastus\",\r\n    \"name\": \"7.5.201808150\"\
        ,\r\n    \"id\": \"/Subscriptions/00000000-0000-0000-0000-000000000000/Providers/Microsoft.Compute/Locations/eastus/Publishers/OpenLogic/ArtifactTypes/VMImage/Offers/CentOS/Skus/7.5/Versions/7.5.201808150\"\
        \r\n  }\r\n]"
    headers:
      cache-control:
      - no-cache
      content-length:
      - '270'
      content-type:
      - application/json; charset=utf-8
      date:
      - Wed, 15 Mar 2023 05:21:24 GMT
      expires:
      - '-1'
      pragma:
      - no-cache
      server:
      - Microsoft-HTTPAPI/2.0
      - Microsoft-HTTPAPI/2.0
      strict-transport-security:
      - max-age=31536000; includeSubDomains
      transfer-encoding:
      - chunked
      vary:
      - Accept-Encoding
      x-content-type-options:
      - nosniff
      x-ms-ratelimit-remaining-resource:
      - Microsoft.Compute/ListVMImagesVersionsFromLocation3Min;15992,Microsoft.Compute/ListVMImagesVersionsFromLocation30Min;43992
    status:
      code: 200
      message: OK
- request:
    body: null
    headers:
      Accept:
      - application/json
      Accept-Encoding:
      - gzip, deflate
      CommandName:
      - vm create
      Connection:
      - keep-alive
      ParameterSetName:
      - --resource-group --name --admin-username --admin-password --authentication-type
        --location --image --priority --eviction-policy --nsg-rule
      User-Agent:
      - AZURECLI/2.46.0 azsdk-python-azure-mgmt-compute/29.1.0 Python/3.10.9 (Windows-10-10.0.22621-SP0)
    method: GET
    uri: https://management.azure.com/subscriptions/00000000-0000-0000-0000-000000000000/providers/Microsoft.Compute/locations/eastus/publishers/OpenLogic/artifacttypes/vmimage/offers/CentOS/skus/7.5/versions/7.5.201808150?api-version=2022-11-01
  response:
    body:
      string: "{\r\n  \"properties\": {\r\n    \"hyperVGeneration\": \"V1\",\r\n \
        \   \"architecture\": \"x64\",\r\n    \"replicaType\": \"Unmanaged\",\r\n\
        \    \"disallowed\": {\r\n      \"vmDiskType\": \"None\"\r\n    },\r\n   \
        \ \"automaticOSUpgradeProperties\": {\r\n      \"automaticOSUpgradeSupported\"\
        : true\r\n    },\r\n    \"imageDeprecationStatus\": {\r\n      \"imageState\"\
        : \"Active\"\r\n    },\r\n    \"osDiskImage\": {\r\n      \"operatingSystem\"\
        : \"Linux\",\r\n      \"sizeInGb\": 30,\r\n      \"sizeInBytes\": 32212255232\r\
        \n    },\r\n    \"dataDiskImages\": []\r\n  },\r\n  \"location\": \"eastus\"\
        ,\r\n  \"name\": \"7.5.201808150\",\r\n  \"id\": \"/Subscriptions/00000000-0000-0000-0000-000000000000/Providers/Microsoft.Compute/Locations/eastus/Publishers/OpenLogic/ArtifactTypes/VMImage/Offers/CentOS/Skus/7.5/Versions/7.5.201808150\"\
        \r\n}"
    headers:
      cache-control:
      - no-cache
      content-length:
      - '737'
      content-type:
      - application/json; charset=utf-8
      date:
      - Wed, 15 Mar 2023 05:21:26 GMT
      expires:
      - '-1'
      pragma:
      - no-cache
      server:
      - Microsoft-HTTPAPI/2.0
      - Microsoft-HTTPAPI/2.0
      strict-transport-security:
      - max-age=31536000; includeSubDomains
      transfer-encoding:
      - chunked
      vary:
      - Accept-Encoding
      x-content-type-options:
      - nosniff
      x-ms-ratelimit-remaining-resource:
      - Microsoft.Compute/GetVMImageFromLocation3Min;12993,Microsoft.Compute/GetVMImageFromLocation30Min;73993
    status:
      code: 200
      message: OK
- request:
    body: '{"properties": {"template": {"$schema": "https://schema.management.azure.com/schemas/2015-01-01/deploymentTemplate.json#",
      "contentVersion": "1.0.0.0", "parameters": {"adminPassword": {"type": "securestring",
      "metadata": {"description": "Secure adminPassword"}}}, "variables": {}, "resources":
      [{"type": "Microsoft.Network/networkSecurityGroups", "name": "vm-simulate-eviction2NSG",
      "apiVersion": "2015-06-15", "location": "eastus", "tags": {}, "dependsOn": []},
      {"apiVersion": "2022-01-01", "type": "Microsoft.Network/publicIPAddresses",
      "name": "vm-simulate-eviction2PublicIP", "location": "eastus", "tags": {}, "dependsOn":
      [], "properties": {"publicIPAllocationMethod": null}}, {"apiVersion": "2015-06-15",
      "type": "Microsoft.Network/networkInterfaces", "name": "vm-simulate-eviction2VMNic",
      "location": "eastus", "tags": {}, "dependsOn": ["Microsoft.Network/networkSecurityGroups/vm-simulate-eviction2NSG",
      "Microsoft.Network/publicIpAddresses/vm-simulate-eviction2PublicIP"], "properties":
      {"ipConfigurations": [{"name": "ipconfigvm-simulate-eviction2", "properties":
      {"privateIPAllocationMethod": "Dynamic", "subnet": {"id": "/subscriptions/00000000-0000-0000-0000-000000000000/resourceGroups/cli_test_vm_simulate_eviction000001/providers/Microsoft.Network/virtualNetworks/vm-simualte-eviction1VNET/subnets/vm-simualte-eviction1Subnet"},
      "publicIPAddress": {"id": "/subscriptions/00000000-0000-0000-0000-000000000000/resourceGroups/cli_test_vm_simulate_eviction000001/providers/Microsoft.Network/publicIPAddresses/vm-simulate-eviction2PublicIP"}}}],
      "networkSecurityGroup": {"id": "/subscriptions/00000000-0000-0000-0000-000000000000/resourceGroups/cli_test_vm_simulate_eviction000001/providers/Microsoft.Network/networkSecurityGroups/vm-simulate-eviction2NSG"}}},
      {"apiVersion": "2022-11-01", "type": "Microsoft.Compute/virtualMachines", "name":
      "vm-simulate-eviction2", "location": "eastus", "tags": {}, "dependsOn": ["Microsoft.Network/networkInterfaces/vm-simulate-eviction2VMNic"],
      "properties": {"hardwareProfile": {"vmSize": "Standard_DS1_v2"}, "networkProfile":
      {"networkInterfaces": [{"id": "/subscriptions/00000000-0000-0000-0000-000000000000/resourceGroups/cli_test_vm_simulate_eviction000001/providers/Microsoft.Network/networkInterfaces/vm-simulate-eviction2VMNic",
      "properties": {"deleteOption": null}}]}, "storageProfile": {"osDisk": {"createOption":
      "fromImage", "name": null, "caching": "ReadWrite", "managedDisk": {"storageAccountType":
      null}}, "imageReference": {"publisher": "OpenLogic", "offer": "CentOS", "sku":
      "7.5", "version": "latest"}}, "osProfile": {"computerName": "vm-simulate-eviction2",
      "adminUsername": "azureuser", "adminPassword": "[parameters(''adminPassword'')]"},
      "priority": "Spot", "evictionPolicy": "Deallocate"}}], "outputs": {}}, "parameters":
      {"adminPassword": {"value": "testPassword0"}}, "mode": "incremental"}}'
    headers:
      Accept:
      - application/json
      Accept-Encoding:
      - gzip, deflate
      CommandName:
      - vm create
      Connection:
      - keep-alive
      Content-Length:
      - '2862'
      Content-Type:
      - application/json
      ParameterSetName:
      - --resource-group --name --admin-username --admin-password --authentication-type
        --location --image --priority --eviction-policy --nsg-rule
      User-Agent:
      - AZURECLI/2.46.0 azsdk-python-azure-mgmt-resource/22.0.0 Python/3.10.9 (Windows-10-10.0.22621-SP0)
    method: PUT
    uri: https://management.azure.com/subscriptions/00000000-0000-0000-0000-000000000000/resourcegroups/cli_test_vm_simulate_eviction000001/providers/Microsoft.Resources/deployments/mock-deployment?api-version=2022-09-01
  response:
    body:
      string: '{"id":"/subscriptions/00000000-0000-0000-0000-000000000000/resourceGroups/cli_test_vm_simulate_eviction000001/providers/Microsoft.Resources/deployments/vm_deploy_uYvwSqoE3yZhFP5Q8tFyAONoYmySggPY","name":"vm_deploy_uYvwSqoE3yZhFP5Q8tFyAONoYmySggPY","type":"Microsoft.Resources/deployments","properties":{"templateHash":"6575657137743564841","parameters":{"adminPassword":{"type":"SecureString"}},"mode":"Incremental","provisioningState":"Accepted","timestamp":"2023-03-15T05:21:31.0356794Z","duration":"PT0.0003699S","correlationId":"b716c20b-d2c9-4104-a40e-ee44f519ef45","providers":[{"namespace":"Microsoft.Network","resourceTypes":[{"resourceType":"networkSecurityGroups","locations":["eastus"]},{"resourceType":"publicIPAddresses","locations":["eastus"]},{"resourceType":"networkInterfaces","locations":["eastus"]}]},{"namespace":"Microsoft.Compute","resourceTypes":[{"resourceType":"virtualMachines","locations":["eastus"]}]}],"dependencies":[{"dependsOn":[{"id":"/subscriptions/00000000-0000-0000-0000-000000000000/resourceGroups/cli_test_vm_simulate_eviction000001/providers/Microsoft.Network/networkSecurityGroups/vm-simulate-eviction2NSG","resourceType":"Microsoft.Network/networkSecurityGroups","resourceName":"vm-simulate-eviction2NSG"},{"id":"/subscriptions/00000000-0000-0000-0000-000000000000/resourceGroups/cli_test_vm_simulate_eviction000001/providers/Microsoft.Network/publicIPAddresses/vm-simulate-eviction2PublicIP","resourceType":"Microsoft.Network/publicIPAddresses","resourceName":"vm-simulate-eviction2PublicIP"}],"id":"/subscriptions/00000000-0000-0000-0000-000000000000/resourceGroups/cli_test_vm_simulate_eviction000001/providers/Microsoft.Network/networkInterfaces/vm-simulate-eviction2VMNic","resourceType":"Microsoft.Network/networkInterfaces","resourceName":"vm-simulate-eviction2VMNic"},{"dependsOn":[{"id":"/subscriptions/00000000-0000-0000-0000-000000000000/resourceGroups/cli_test_vm_simulate_eviction000001/providers/Microsoft.Network/networkInterfaces/vm-simulate-eviction2VMNic","resourceType":"Microsoft.Network/networkInterfaces","resourceName":"vm-simulate-eviction2VMNic"}],"id":"/subscriptions/00000000-0000-0000-0000-000000000000/resourceGroups/cli_test_vm_simulate_eviction000001/providers/Microsoft.Compute/virtualMachines/vm-simulate-eviction2","resourceType":"Microsoft.Compute/virtualMachines","resourceName":"vm-simulate-eviction2"}]}}'
    headers:
      azure-asyncoperation:
      - https://management.azure.com/subscriptions/00000000-0000-0000-0000-000000000000/resourcegroups/cli_test_vm_simulate_eviction000001/providers/Microsoft.Resources/deployments/vm_deploy_uYvwSqoE3yZhFP5Q8tFyAONoYmySggPY/operationStatuses/08585227491966257494?api-version=2022-09-01
      cache-control:
      - no-cache
      content-length:
      - '2383'
      content-type:
      - application/json; charset=utf-8
      date:
      - Wed, 15 Mar 2023 05:21:31 GMT
      expires:
      - '-1'
      pragma:
      - no-cache
      strict-transport-security:
      - max-age=31536000; includeSubDomains
      x-content-type-options:
      - nosniff
      x-ms-ratelimit-remaining-subscription-writes:
      - '1196'
    status:
      code: 201
      message: Created
- request:
    body: null
    headers:
      Accept:
      - '*/*'
      Accept-Encoding:
      - gzip, deflate
      CommandName:
      - vm create
      Connection:
      - keep-alive
      ParameterSetName:
      - --resource-group --name --admin-username --admin-password --authentication-type
        --location --image --priority --eviction-policy --nsg-rule
      User-Agent:
      - AZURECLI/2.46.0 azsdk-python-azure-mgmt-resource/22.0.0 Python/3.10.9 (Windows-10-10.0.22621-SP0)
    method: GET
    uri: https://management.azure.com/subscriptions/00000000-0000-0000-0000-000000000000/resourcegroups/cli_test_vm_simulate_eviction000001/providers/Microsoft.Resources/deployments/mock-deployment/operationStatuses/08585227491966257494?api-version=2022-09-01
  response:
    body:
      string: '{"status":"Running"}'
    headers:
      cache-control:
      - no-cache
      content-length:
      - '20'
      content-type:
      - application/json; charset=utf-8
      date:
      - Wed, 15 Mar 2023 05:22:02 GMT
      expires:
      - '-1'
      pragma:
      - no-cache
      strict-transport-security:
      - max-age=31536000; includeSubDomains
      vary:
      - Accept-Encoding
      x-content-type-options:
      - nosniff
    status:
      code: 200
      message: OK
- request:
    body: null
    headers:
      Accept:
      - '*/*'
      Accept-Encoding:
      - gzip, deflate
      CommandName:
      - vm create
      Connection:
      - keep-alive
      ParameterSetName:
      - --resource-group --name --admin-username --admin-password --authentication-type
        --location --image --priority --eviction-policy --nsg-rule
      User-Agent:
      - AZURECLI/2.46.0 azsdk-python-azure-mgmt-resource/22.0.0 Python/3.10.9 (Windows-10-10.0.22621-SP0)
    method: GET
    uri: https://management.azure.com/subscriptions/00000000-0000-0000-0000-000000000000/resourcegroups/cli_test_vm_simulate_eviction000001/providers/Microsoft.Resources/deployments/mock-deployment/operationStatuses/08585227491966257494?api-version=2022-09-01
  response:
    body:
      string: '{"status":"Running"}'
    headers:
      cache-control:
      - no-cache
      content-length:
      - '20'
      content-type:
      - application/json; charset=utf-8
      date:
      - Wed, 15 Mar 2023 05:22:33 GMT
      expires:
      - '-1'
      pragma:
      - no-cache
      strict-transport-security:
      - max-age=31536000; includeSubDomains
      vary:
      - Accept-Encoding
      x-content-type-options:
      - nosniff
    status:
      code: 200
      message: OK
- request:
    body: null
    headers:
      Accept:
      - '*/*'
      Accept-Encoding:
      - gzip, deflate
      CommandName:
      - vm create
      Connection:
      - keep-alive
      ParameterSetName:
      - --resource-group --name --admin-username --admin-password --authentication-type
        --location --image --priority --eviction-policy --nsg-rule
      User-Agent:
      - AZURECLI/2.46.0 azsdk-python-azure-mgmt-resource/22.0.0 Python/3.10.9 (Windows-10-10.0.22621-SP0)
    method: GET
    uri: https://management.azure.com/subscriptions/00000000-0000-0000-0000-000000000000/resourcegroups/cli_test_vm_simulate_eviction000001/providers/Microsoft.Resources/deployments/mock-deployment/operationStatuses/08585227491966257494?api-version=2022-09-01
  response:
    body:
      string: '{"status":"Succeeded"}'
    headers:
      cache-control:
      - no-cache
      content-length:
      - '22'
      content-type:
      - application/json; charset=utf-8
      date:
      - Wed, 15 Mar 2023 05:23:03 GMT
      expires:
      - '-1'
      pragma:
      - no-cache
      strict-transport-security:
      - max-age=31536000; includeSubDomains
      vary:
      - Accept-Encoding
      x-content-type-options:
      - nosniff
    status:
      code: 200
      message: OK
- request:
    body: null
    headers:
      Accept:
      - '*/*'
      Accept-Encoding:
      - gzip, deflate
      CommandName:
      - vm create
      Connection:
      - keep-alive
      ParameterSetName:
      - --resource-group --name --admin-username --admin-password --authentication-type
        --location --image --priority --eviction-policy --nsg-rule
      User-Agent:
      - AZURECLI/2.46.0 azsdk-python-azure-mgmt-resource/22.0.0 Python/3.10.9 (Windows-10-10.0.22621-SP0)
    method: GET
    uri: https://management.azure.com/subscriptions/00000000-0000-0000-0000-000000000000/resourcegroups/cli_test_vm_simulate_eviction000001/providers/Microsoft.Resources/deployments/mock-deployment?api-version=2022-09-01
  response:
    body:
      string: '{"id":"/subscriptions/00000000-0000-0000-0000-000000000000/resourceGroups/cli_test_vm_simulate_eviction000001/providers/Microsoft.Resources/deployments/vm_deploy_uYvwSqoE3yZhFP5Q8tFyAONoYmySggPY","name":"vm_deploy_uYvwSqoE3yZhFP5Q8tFyAONoYmySggPY","type":"Microsoft.Resources/deployments","properties":{"templateHash":"6575657137743564841","parameters":{"adminPassword":{"type":"SecureString"}},"mode":"Incremental","provisioningState":"Succeeded","timestamp":"2023-03-15T05:22:56.7178955Z","duration":"PT1M25.682586S","correlationId":"b716c20b-d2c9-4104-a40e-ee44f519ef45","providers":[{"namespace":"Microsoft.Network","resourceTypes":[{"resourceType":"networkSecurityGroups","locations":["eastus"]},{"resourceType":"publicIPAddresses","locations":["eastus"]},{"resourceType":"networkInterfaces","locations":["eastus"]}]},{"namespace":"Microsoft.Compute","resourceTypes":[{"resourceType":"virtualMachines","locations":["eastus"]}]}],"dependencies":[{"dependsOn":[{"id":"/subscriptions/00000000-0000-0000-0000-000000000000/resourceGroups/cli_test_vm_simulate_eviction000001/providers/Microsoft.Network/networkSecurityGroups/vm-simulate-eviction2NSG","resourceType":"Microsoft.Network/networkSecurityGroups","resourceName":"vm-simulate-eviction2NSG"},{"id":"/subscriptions/00000000-0000-0000-0000-000000000000/resourceGroups/cli_test_vm_simulate_eviction000001/providers/Microsoft.Network/publicIPAddresses/vm-simulate-eviction2PublicIP","resourceType":"Microsoft.Network/publicIPAddresses","resourceName":"vm-simulate-eviction2PublicIP"}],"id":"/subscriptions/00000000-0000-0000-0000-000000000000/resourceGroups/cli_test_vm_simulate_eviction000001/providers/Microsoft.Network/networkInterfaces/vm-simulate-eviction2VMNic","resourceType":"Microsoft.Network/networkInterfaces","resourceName":"vm-simulate-eviction2VMNic"},{"dependsOn":[{"id":"/subscriptions/00000000-0000-0000-0000-000000000000/resourceGroups/cli_test_vm_simulate_eviction000001/providers/Microsoft.Network/networkInterfaces/vm-simulate-eviction2VMNic","resourceType":"Microsoft.Network/networkInterfaces","resourceName":"vm-simulate-eviction2VMNic"}],"id":"/subscriptions/00000000-0000-0000-0000-000000000000/resourceGroups/cli_test_vm_simulate_eviction000001/providers/Microsoft.Compute/virtualMachines/vm-simulate-eviction2","resourceType":"Microsoft.Compute/virtualMachines","resourceName":"vm-simulate-eviction2"}],"outputs":{},"outputResources":[{"id":"/subscriptions/00000000-0000-0000-0000-000000000000/resourceGroups/cli_test_vm_simulate_eviction000001/providers/Microsoft.Compute/virtualMachines/vm-simulate-eviction2"},{"id":"/subscriptions/00000000-0000-0000-0000-000000000000/resourceGroups/cli_test_vm_simulate_eviction000001/providers/Microsoft.Network/networkInterfaces/vm-simulate-eviction2VMNic"},{"id":"/subscriptions/00000000-0000-0000-0000-000000000000/resourceGroups/cli_test_vm_simulate_eviction000001/providers/Microsoft.Network/networkSecurityGroups/vm-simulate-eviction2NSG"},{"id":"/subscriptions/00000000-0000-0000-0000-000000000000/resourceGroups/cli_test_vm_simulate_eviction000001/providers/Microsoft.Network/publicIPAddresses/vm-simulate-eviction2PublicIP"}]}}'
    headers:
      cache-control:
      - no-cache
      content-length:
      - '3157'
      content-type:
      - application/json; charset=utf-8
      date:
      - Wed, 15 Mar 2023 05:23:04 GMT
      expires:
      - '-1'
      pragma:
      - no-cache
      strict-transport-security:
      - max-age=31536000; includeSubDomains
      vary:
      - Accept-Encoding
      x-content-type-options:
      - nosniff
    status:
      code: 200
      message: OK
- request:
    body: null
    headers:
      Accept:
      - application/json
      Accept-Encoding:
      - gzip, deflate
      CommandName:
      - vm create
      Connection:
      - keep-alive
      ParameterSetName:
      - --resource-group --name --admin-username --admin-password --authentication-type
        --location --image --priority --eviction-policy --nsg-rule
      User-Agent:
      - AZURECLI/2.46.0 azsdk-python-azure-mgmt-compute/29.1.0 Python/3.10.9 (Windows-10-10.0.22621-SP0)
    method: GET
    uri: https://management.azure.com/subscriptions/00000000-0000-0000-0000-000000000000/resourceGroups/cli_test_vm_simulate_eviction000001/providers/Microsoft.Compute/virtualMachines/vm-simulate-eviction2?$expand=instanceView&api-version=2022-11-01
  response:
    body:
      string: "{\r\n  \"name\": \"vm-simulate-eviction2\",\r\n  \"id\": \"/subscriptions/00000000-0000-0000-0000-000000000000/resourceGroups/cli_test_vm_simulate_eviction000001/providers/Microsoft.Compute/virtualMachines/vm-simulate-eviction2\"\
        ,\r\n  \"type\": \"Microsoft.Compute/virtualMachines\",\r\n  \"location\"\
        : \"eastus\",\r\n  \"tags\": {},\r\n  \"properties\": {\r\n    \"vmId\": \"\
        e692a94d-0d30-4c47-a428-2a79821f408b\",\r\n    \"hardwareProfile\": {\r\n\
        \      \"vmSize\": \"Standard_DS1_v2\"\r\n    },\r\n    \"storageProfile\"\
        : {\r\n      \"imageReference\": {\r\n        \"publisher\": \"OpenLogic\"\
        ,\r\n        \"offer\": \"CentOS\",\r\n        \"sku\": \"7.5\",\r\n     \
        \   \"version\": \"latest\",\r\n        \"exactVersion\": \"7.5.201808150\"\
        \r\n      },\r\n      \"osDisk\": {\r\n        \"osType\": \"Linux\",\r\n\
        \        \"name\": \"vm-simulate-eviction2_OsDisk_1_33b935357b2745b2b8f68097db787e3d\"\
        ,\r\n        \"createOption\": \"FromImage\",\r\n        \"caching\": \"ReadWrite\"\
        ,\r\n        \"managedDisk\": {\r\n          \"storageAccountType\": \"Premium_LRS\"\
        ,\r\n          \"id\": \"/subscriptions/00000000-0000-0000-0000-000000000000/resourceGroups/cli_test_vm_simulate_eviction000001/providers/Microsoft.Compute/disks/vm-simulate-eviction2_OsDisk_1_33b935357b2745b2b8f68097db787e3d\"\
        \r\n        },\r\n        \"deleteOption\": \"Detach\",\r\n        \"diskSizeGB\"\
        : 30\r\n      },\r\n      \"dataDisks\": []\r\n    },\r\n    \"osProfile\"\
        : {\r\n      \"computerName\": \"vm-simulate-eviction2\",\r\n      \"adminUsername\"\
        : \"azureuser\",\r\n      \"linuxConfiguration\": {\r\n        \"disablePasswordAuthentication\"\
        : false,\r\n        \"provisionVMAgent\": true,\r\n        \"patchSettings\"\
        : {\r\n          \"patchMode\": \"ImageDefault\",\r\n          \"assessmentMode\"\
        : \"ImageDefault\"\r\n        },\r\n        \"enableVMAgentPlatformUpdates\"\
        : false\r\n      },\r\n      \"secrets\": [],\r\n      \"allowExtensionOperations\"\
        : true,\r\n      \"requireGuestProvisionSignal\": true\r\n    },\r\n    \"\
        networkProfile\": {\"networkInterfaces\":[{\"id\":\"/subscriptions/00000000-0000-0000-0000-000000000000/resourceGroups/cli_test_vm_simulate_eviction000001/providers/Microsoft.Network/networkInterfaces/vm-simulate-eviction2VMNic\"\
        }]},\r\n    \"provisioningState\": \"Succeeded\",\r\n    \"priority\": \"\
        Spot\",\r\n    \"evictionPolicy\": \"Deallocate\",\r\n    \"billingProfile\"\
        : {\r\n      \"maxPrice\": -1.0\r\n    },\r\n    \"instanceView\": {\r\n \
        \     \"computerName\": \"vm-simulate-eviction2\",\r\n      \"osName\": \"\
        centos\",\r\n      \"osVersion\": \"7.5.1804\",\r\n      \"vmAgent\": {\r\n\
        \        \"vmAgentVersion\": \"2.9.0.4\",\r\n        \"statuses\": [\r\n \
        \         {\r\n            \"code\": \"ProvisioningState/succeeded\",\r\n\
        \            \"level\": \"Info\",\r\n            \"displayStatus\": \"Ready\"\
        ,\r\n            \"message\": \"Guest Agent is running\",\r\n            \"\
        time\": \"2023-03-15T05:22:53+00:00\"\r\n          }\r\n        ],\r\n   \
        \     \"extensionHandlers\": []\r\n      },\r\n      \"disks\": [\r\n    \
        \    {\r\n          \"name\": \"vm-simulate-eviction2_OsDisk_1_33b935357b2745b2b8f68097db787e3d\"\
        ,\r\n          \"statuses\": [\r\n            {\r\n              \"code\"\
        : \"ProvisioningState/succeeded\",\r\n              \"level\": \"Info\",\r\
        \n              \"displayStatus\": \"Provisioning succeeded\",\r\n       \
        \       \"time\": \"2023-03-15T05:21:56.2334383+00:00\"\r\n            }\r\
        \n          ]\r\n        }\r\n      ],\r\n      \"hyperVGeneration\": \"V1\"\
        ,\r\n      \"statuses\": [\r\n        {\r\n          \"code\": \"ProvisioningState/succeeded\"\
        ,\r\n          \"level\": \"Info\",\r\n          \"displayStatus\": \"Provisioning\
        \ succeeded\",\r\n          \"time\": \"2023-03-15T05:22:52.0305894+00:00\"\
        \r\n        },\r\n        {\r\n          \"code\": \"PowerState/running\"\
        ,\r\n          \"level\": \"Info\",\r\n          \"displayStatus\": \"VM running\"\
        \r\n        }\r\n      ]\r\n    },\r\n    \"timeCreated\": \"2023-03-15T05:21:53.4052993+00:00\"\
        \r\n  }\r\n}"
    headers:
      cache-control:
      - no-cache
      content-length:
      - '3578'
      content-type:
      - application/json; charset=utf-8
      date:
      - Wed, 15 Mar 2023 05:23:06 GMT
      expires:
      - '-1'
      pragma:
      - no-cache
      server:
      - Microsoft-HTTPAPI/2.0
      - Microsoft-HTTPAPI/2.0
      strict-transport-security:
      - max-age=31536000; includeSubDomains
      transfer-encoding:
      - chunked
      vary:
      - Accept-Encoding
      x-content-type-options:
      - nosniff
      x-ms-ratelimit-remaining-resource:
      - Microsoft.Compute/LowCostGet3Min;3992,Microsoft.Compute/LowCostGet30Min;31965
    status:
      code: 200
      message: OK
- request:
    body: null
    headers:
      Accept:
      - application/json
      Accept-Encoding:
      - gzip, deflate
      CommandName:
      - vm create
      Connection:
      - keep-alive
      ParameterSetName:
      - --resource-group --name --admin-username --admin-password --authentication-type
        --location --image --priority --eviction-policy --nsg-rule
      User-Agent:
      - AZURECLI/2.46.0 azsdk-python-azure-mgmt-network/21.0.1 Python/3.10.9 (Windows-10-10.0.22621-SP0)
    method: GET
    uri: https://management.azure.com/subscriptions/00000000-0000-0000-0000-000000000000/resourceGroups/cli_test_vm_simulate_eviction000001/providers/Microsoft.Network/networkInterfaces/vm-simulate-eviction2VMNic?api-version=2022-01-01
  response:
    body:
      string: "{\r\n  \"name\": \"vm-simulate-eviction2VMNic\",\r\n  \"id\": \"/subscriptions/00000000-0000-0000-0000-000000000000/resourceGroups/cli_test_vm_simulate_eviction000001/providers/Microsoft.Network/networkInterfaces/vm-simulate-eviction2VMNic\"\
        ,\r\n  \"etag\": \"W/\\\"d02a4683-96c8-4ba5-8ea4-4009eade7a98\\\"\",\r\n \
        \ \"tags\": {},\r\n  \"properties\": {\r\n    \"provisioningState\": \"Succeeded\"\
        ,\r\n    \"resourceGuid\": \"4fc3f9e6-8890-4661-9baa-b1798582d0c7\",\r\n \
        \   \"ipConfigurations\": [\r\n      {\r\n        \"name\": \"ipconfigvm-simulate-eviction2\"\
        ,\r\n        \"id\": \"/subscriptions/00000000-0000-0000-0000-000000000000/resourceGroups/cli_test_vm_simulate_eviction000001/providers/Microsoft.Network/networkInterfaces/vm-simulate-eviction2VMNic/ipConfigurations/ipconfigvm-simulate-eviction2\"\
        ,\r\n        \"etag\": \"W/\\\"d02a4683-96c8-4ba5-8ea4-4009eade7a98\\\"\"\
        ,\r\n        \"type\": \"Microsoft.Network/networkInterfaces/ipConfigurations\"\
        ,\r\n        \"properties\": {\r\n          \"provisioningState\": \"Succeeded\"\
        ,\r\n          \"privateIPAddress\": \"10.0.0.5\",\r\n          \"privateIPAllocationMethod\"\
        : \"Dynamic\",\r\n          \"publicIPAddress\": {\r\n            \"id\":\
        \ \"/subscriptions/00000000-0000-0000-0000-000000000000/resourceGroups/cli_test_vm_simulate_eviction000001/providers/Microsoft.Network/publicIPAddresses/vm-simulate-eviction2PublicIP\"\
        \r\n          },\r\n          \"subnet\": {\r\n            \"id\": \"/subscriptions/00000000-0000-0000-0000-000000000000/resourceGroups/cli_test_vm_simulate_eviction000001/providers/Microsoft.Network/virtualNetworks/vm-simualte-eviction1VNET/subnets/vm-simualte-eviction1Subnet\"\
        \r\n          },\r\n          \"primary\": true,\r\n          \"privateIPAddressVersion\"\
        : \"IPv4\"\r\n        }\r\n      }\r\n    ],\r\n    \"dnsSettings\": {\r\n\
        \      \"dnsServers\": [],\r\n      \"appliedDnsServers\": [],\r\n      \"\
        internalDomainNameSuffix\": \"4x05rgbrb2wutovqkq1totk53h.bx.internal.cloudapp.net\"\
        \r\n    },\r\n    \"macAddress\": \"00-0D-3A-16-4A-0B\",\r\n    \"enableAcceleratedNetworking\"\
        : false,\r\n    \"vnetEncryptionSupported\": false,\r\n    \"enableIPForwarding\"\
        : false,\r\n    \"networkSecurityGroup\": {\r\n      \"id\": \"/subscriptions/00000000-0000-0000-0000-000000000000/resourceGroups/cli_test_vm_simulate_eviction000001/providers/Microsoft.Network/networkSecurityGroups/vm-simulate-eviction2NSG\"\
        \r\n    },\r\n    \"primary\": true,\r\n    \"virtualMachine\": {\r\n    \
        \  \"id\": \"/subscriptions/00000000-0000-0000-0000-000000000000/resourceGroups/cli_test_vm_simulate_eviction000001/providers/Microsoft.Compute/virtualMachines/vm-simulate-eviction2\"\
        \r\n    },\r\n    \"hostedWorkloads\": [],\r\n    \"tapConfigurations\": [],\r\
        \n    \"nicType\": \"Standard\",\r\n    \"allowPort25Out\": true\r\n  },\r\
        \n  \"type\": \"Microsoft.Network/networkInterfaces\",\r\n  \"location\":\
        \ \"eastus\",\r\n  \"kind\": \"Regular\"\r\n}"
    headers:
      cache-control:
      - no-cache
      content-length:
      - '2684'
      content-type:
      - application/json; charset=utf-8
      date:
      - Wed, 15 Mar 2023 05:23:06 GMT
      etag:
      - W/"d02a4683-96c8-4ba5-8ea4-4009eade7a98"
      expires:
      - '-1'
      pragma:
      - no-cache
      server:
      - Microsoft-HTTPAPI/2.0
      - Microsoft-HTTPAPI/2.0
      strict-transport-security:
      - max-age=31536000; includeSubDomains
      transfer-encoding:
      - chunked
      vary:
      - Accept-Encoding
      x-content-type-options:
      - nosniff
      x-ms-arm-service-request-id:
      - 09abef97-7909-4d33-bb75-fbf13f4609d2
    status:
      code: 200
      message: OK
- request:
    body: null
    headers:
      Accept:
      - application/json
      Accept-Encoding:
      - gzip, deflate
      CommandName:
      - vm create
      Connection:
      - keep-alive
      ParameterSetName:
      - --resource-group --name --admin-username --admin-password --authentication-type
        --location --image --priority --eviction-policy --nsg-rule
      User-Agent:
      - AZURECLI/2.46.0 azsdk-python-azure-mgmt-network/21.0.1 Python/3.10.9 (Windows-10-10.0.22621-SP0)
    method: GET
    uri: https://management.azure.com/subscriptions/00000000-0000-0000-0000-000000000000/resourceGroups/cli_test_vm_simulate_eviction000001/providers/Microsoft.Network/publicIPAddresses/vm-simulate-eviction2PublicIP?api-version=2022-01-01
  response:
    body:
      string: "{\r\n  \"name\": \"vm-simulate-eviction2PublicIP\",\r\n  \"id\": \"\
        /subscriptions/00000000-0000-0000-0000-000000000000/resourceGroups/cli_test_vm_simulate_eviction000001/providers/Microsoft.Network/publicIPAddresses/vm-simulate-eviction2PublicIP\"\
        ,\r\n  \"etag\": \"W/\\\"5adf5035-e89f-464c-82ae-9d0cc935ec9d\\\"\",\r\n \
        \ \"location\": \"eastus\",\r\n  \"tags\": {},\r\n  \"properties\": {\r\n\
        \    \"provisioningState\": \"Succeeded\",\r\n    \"resourceGuid\": \"5d8c6a35-fd52-47cb-8de3-65436f790eda\"\
        ,\r\n    \"ipAddress\": \"4.236.137.116\",\r\n    \"publicIPAddressVersion\"\
        : \"IPv4\",\r\n    \"publicIPAllocationMethod\": \"Dynamic\",\r\n    \"idleTimeoutInMinutes\"\
        : 4,\r\n    \"ipTags\": [],\r\n    \"ipConfiguration\": {\r\n      \"id\"\
        : \"/subscriptions/00000000-0000-0000-0000-000000000000/resourceGroups/cli_test_vm_simulate_eviction000001/providers/Microsoft.Network/networkInterfaces/vm-simulate-eviction2VMNic/ipConfigurations/ipconfigvm-simulate-eviction2\"\
        \r\n    }\r\n  },\r\n  \"type\": \"Microsoft.Network/publicIPAddresses\",\r\
        \n  \"sku\": {\r\n    \"name\": \"Basic\",\r\n    \"tier\": \"Regional\"\r\
        \n  }\r\n}"
    headers:
      cache-control:
      - no-cache
      content-length:
      - '1014'
      content-type:
      - application/json; charset=utf-8
      date:
      - Wed, 15 Mar 2023 05:23:07 GMT
      etag:
      - W/"5adf5035-e89f-464c-82ae-9d0cc935ec9d"
      expires:
      - '-1'
      pragma:
      - no-cache
      server:
      - Microsoft-HTTPAPI/2.0
      - Microsoft-HTTPAPI/2.0
      strict-transport-security:
      - max-age=31536000; includeSubDomains
      transfer-encoding:
      - chunked
      vary:
      - Accept-Encoding
      x-content-type-options:
      - nosniff
      x-ms-arm-service-request-id:
      - 4eaaa13f-3046-4312-b872-5745cccc36a7
    status:
      code: 200
      message: OK
- request:
    body: null
    headers:
      Accept:
      - application/json
      Accept-Encoding:
      - gzip, deflate
      CommandName:
      - vm simulate-eviction
      Connection:
      - keep-alive
      Content-Length:
      - '0'
      ParameterSetName:
      - --resource-group --name
      User-Agent:
      - AZURECLI/2.46.0 azsdk-python-azure-mgmt-compute/29.1.0 Python/3.10.9 (Windows-10-10.0.22621-SP0)
    method: POST
    uri: https://management.azure.com/subscriptions/00000000-0000-0000-0000-000000000000/resourceGroups/cli_test_vm_simulate_eviction000001/providers/Microsoft.Compute/virtualMachines/vm-simulate-eviction2/simulateEviction?api-version=2022-11-01
  response:
    body:
      string: ''
    headers:
      cache-control:
      - no-cache
      date:
      - Wed, 15 Mar 2023 05:23:10 GMT
      expires:
      - '-1'
      pragma:
      - no-cache
      server:
      - Microsoft-HTTPAPI/2.0
      - Microsoft-HTTPAPI/2.0
      strict-transport-security:
      - max-age=31536000; includeSubDomains
      x-content-type-options:
      - nosniff
      x-ms-ratelimit-remaining-resource:
      - Microsoft.Compute/DeleteVM3Min;238,Microsoft.Compute/DeleteVM30Min;1196
      x-ms-ratelimit-remaining-subscription-writes:
      - '1199'
    status:
      code: 204
      message: No Content
- request:
    body: null
    headers:
      Accept:
      - application/json
      Accept-Encoding:
      - gzip, deflate
      CommandName:
      - vm get-instance-view
      Connection:
      - keep-alive
      ParameterSetName:
      - --resource-group --name
      User-Agent:
      - AZURECLI/2.46.0 azsdk-python-azure-mgmt-compute/29.1.0 Python/3.10.9 (Windows-10-10.0.22621-SP0)
    method: GET
    uri: https://management.azure.com/subscriptions/00000000-0000-0000-0000-000000000000/resourceGroups/cli_test_vm_simulate_eviction000001/providers/Microsoft.Compute/virtualMachines/vm-simulate-eviction2?$expand=instanceView&api-version=2022-11-01
  response:
    body:
      string: "{\r\n  \"name\": \"vm-simulate-eviction2\",\r\n  \"id\": \"/subscriptions/00000000-0000-0000-0000-000000000000/resourceGroups/cli_test_vm_simulate_eviction000001/providers/Microsoft.Compute/virtualMachines/vm-simulate-eviction2\"\
        ,\r\n  \"type\": \"Microsoft.Compute/virtualMachines\",\r\n  \"location\"\
        : \"eastus\",\r\n  \"tags\": {},\r\n  \"properties\": {\r\n    \"vmId\": \"\
        e692a94d-0d30-4c47-a428-2a79821f408b\",\r\n    \"hardwareProfile\": {\r\n\
        \      \"vmSize\": \"Standard_DS1_v2\"\r\n    },\r\n    \"storageProfile\"\
        : {\r\n      \"imageReference\": {\r\n        \"publisher\": \"OpenLogic\"\
        ,\r\n        \"offer\": \"CentOS\",\r\n        \"sku\": \"7.5\",\r\n     \
        \   \"version\": \"latest\",\r\n        \"exactVersion\": \"7.5.201808150\"\
        \r\n      },\r\n      \"osDisk\": {\r\n        \"osType\": \"Linux\",\r\n\
        \        \"name\": \"vm-simulate-eviction2_OsDisk_1_33b935357b2745b2b8f68097db787e3d\"\
        ,\r\n        \"createOption\": \"FromImage\",\r\n        \"caching\": \"ReadWrite\"\
        ,\r\n        \"managedDisk\": {\r\n          \"id\": \"/subscriptions/00000000-0000-0000-0000-000000000000/resourceGroups/cli_test_vm_simulate_eviction000001/providers/Microsoft.Compute/disks/vm-simulate-eviction2_OsDisk_1_33b935357b2745b2b8f68097db787e3d\"\
        \r\n        },\r\n        \"deleteOption\": \"Detach\"\r\n      },\r\n   \
        \   \"dataDisks\": []\r\n    },\r\n    \"osProfile\": {\r\n      \"computerName\"\
        : \"vm-simulate-eviction2\",\r\n      \"adminUsername\": \"azureuser\",\r\n\
        \      \"linuxConfiguration\": {\r\n        \"disablePasswordAuthentication\"\
        : false,\r\n        \"provisionVMAgent\": true,\r\n        \"patchSettings\"\
        : {\r\n          \"patchMode\": \"ImageDefault\",\r\n          \"assessmentMode\"\
        : \"ImageDefault\"\r\n        },\r\n        \"enableVMAgentPlatformUpdates\"\
        : false\r\n      },\r\n      \"secrets\": [],\r\n      \"allowExtensionOperations\"\
        : true,\r\n      \"requireGuestProvisionSignal\": true\r\n    },\r\n    \"\
        networkProfile\": {\"networkInterfaces\":[{\"id\":\"/subscriptions/00000000-0000-0000-0000-000000000000/resourceGroups/cli_test_vm_simulate_eviction000001/providers/Microsoft.Network/networkInterfaces/vm-simulate-eviction2VMNic\"\
        }]},\r\n    \"provisioningState\": \"Succeeded\",\r\n    \"priority\": \"\
        Spot\",\r\n    \"evictionPolicy\": \"Deallocate\",\r\n    \"billingProfile\"\
        : {\r\n      \"maxPrice\": -1.0\r\n    },\r\n    \"instanceView\": {\r\n \
        \     \"disks\": [\r\n        {\r\n          \"name\": \"vm-simulate-eviction2_OsDisk_1_33b935357b2745b2b8f68097db787e3d\"\
        ,\r\n          \"statuses\": [\r\n            {\r\n              \"code\"\
        : \"ProvisioningState/succeeded\",\r\n              \"level\": \"Info\",\r\
        \n              \"displayStatus\": \"Provisioning succeeded\",\r\n       \
        \       \"time\": \"2023-03-15T05:24:13.4684877+00:00\"\r\n            }\r\
        \n          ]\r\n        }\r\n      ],\r\n      \"hyperVGeneration\": \"V1\"\
        ,\r\n      \"statuses\": [\r\n        {\r\n          \"code\": \"ProvisioningState/succeeded\"\
        ,\r\n          \"level\": \"Info\",\r\n          \"displayStatus\": \"Provisioning\
        \ succeeded\",\r\n          \"time\": \"2023-03-15T05:24:13.4684877+00:00\"\
        \r\n        },\r\n        {\r\n          \"code\": \"PowerState/deallocated\"\
        ,\r\n          \"level\": \"Info\",\r\n          \"displayStatus\": \"VM deallocated\"\
        \r\n        }\r\n      ]\r\n    },\r\n    \"timeCreated\": \"2023-03-15T05:21:53.4052993+00:00\"\
        \r\n  }\r\n}"
    headers:
      cache-control:
      - no-cache
      content-length:
      - '3022'
      content-type:
      - application/json; charset=utf-8
      date:
      - Wed, 15 Mar 2023 05:26:10 GMT
      expires:
      - '-1'
      pragma:
      - no-cache
      server:
      - Microsoft-HTTPAPI/2.0
      - Microsoft-HTTPAPI/2.0
      strict-transport-security:
      - max-age=31536000; includeSubDomains
      transfer-encoding:
      - chunked
      vary:
      - Accept-Encoding
      x-content-type-options:
      - nosniff
      x-ms-ratelimit-remaining-resource:
      - Microsoft.Compute/LowCostGet3Min;3997,Microsoft.Compute/LowCostGet30Min;31976
    status:
      code: 200
      message: OK
- request:
    body: null
    headers:
      Accept:
      - '*/*'
      Accept-Encoding:
      - gzip, deflate
      Connection:
      - keep-alive
      User-Agent:
      - python-requests/2.26.0
    method: GET
    uri: https://raw.githubusercontent.com/Azure/azure-rest-api-specs/main/arm-compute/quickstart-templates/aliases.json
  response:
    body:
      string: "{\n  \"$schema\": \"http://schema.management.azure.com/schemas/2015-01-01/deploymentTemplate.json\"\
        ,\n  \"contentVersion\": \"1.0.0.0\",\n  \"parameters\": {},\n  \"variables\"\
        : {},\n  \"resources\": [],\n  \"outputs\": {\n    \"aliases\": {\n      \"\
        type\": \"object\",\n      \"value\": {\n        \"Linux\": {\n          \"\
        CentOS\": {\n            \"publisher\": \"OpenLogic\",\n            \"offer\"\
        : \"CentOS\",\n            \"sku\": \"7.5\",\n            \"version\": \"\
        latest\",\n            \"architecture\": \"x64\"\n          },\n         \
        \ \"Debian\": {\n            \"publisher\": \"Debian\",\n            \"offer\"\
        : \"debian-10\",\n            \"sku\": \"10\",\n            \"version\": \"\
        latest\",\n            \"architecture\": \"x64\"\n          },\n         \
        \ \"Flatcar\": {\n            \"publisher\": \"kinvolk\",\n            \"\
        offer\": \"flatcar-container-linux-free\",\n            \"sku\": \"stable\"\
        ,\n            \"version\": \"latest\",\n            \"architecture\": \"\
        x64\"\n          },\n          \"openSUSE-Leap\": {\n            \"publisher\"\
        : \"SUSE\",\n            \"offer\": \"opensuse-leap-15-3\",\n            \"\
        sku\": \"gen2\",\n            \"version\": \"latest\",\n            \"architecture\"\
        : \"x64\"\n          },\n          \"RHEL\": {\n            \"publisher\"\
        : \"RedHat\",\n            \"offer\": \"RHEL\",\n            \"sku\": \"7-LVM\"\
        ,\n            \"version\": \"latest\",\n            \"architecture\": \"\
        x64\"\n          },\n          \"SLES\": {\n            \"publisher\": \"\
        SUSE\",\n            \"offer\": \"sles-15-sp3\",\n            \"sku\": \"\
        gen2\",\n            \"version\": \"latest\",\n            \"architecture\"\
        : \"x64\"\n          },\n          \"UbuntuLTS\": {\n            \"publisher\"\
        : \"Canonical\",\n            \"offer\": \"UbuntuServer\",\n            \"\
        sku\": \"18.04-LTS\",\n            \"version\": \"latest\",\n            \"\
        architecture\": \"x64\"\n          }\n        },\n        \"Windows\": {\n\
        \          \"Win2022Datacenter\": {\n            \"publisher\": \"MicrosoftWindowsServer\"\
        ,\n            \"offer\": \"WindowsServer\",\n            \"sku\": \"2022-Datacenter\"\
        ,\n            \"version\": \"latest\",\n            \"architecture\": \"\
        x64\"\n          },\n          \"Win2022AzureEditionCore\": {\n          \
        \  \"publisher\": \"MicrosoftWindowsServer\",\n            \"offer\": \"WindowsServer\"\
        ,\n            \"sku\": \"2022-datacenter-azure-edition-core\",\n        \
        \    \"version\": \"latest\",\n            \"architecture\": \"x64\"\n   \
        \       },\n          \"Win2019Datacenter\": {\n            \"publisher\"\
        : \"MicrosoftWindowsServer\",\n            \"offer\": \"WindowsServer\",\n\
        \            \"sku\": \"2019-Datacenter\",\n            \"version\": \"latest\"\
        ,\n            \"architecture\": \"x64\"\n          },\n          \"Win2016Datacenter\"\
        : {\n            \"publisher\": \"MicrosoftWindowsServer\",\n            \"\
        offer\": \"WindowsServer\",\n            \"sku\": \"2016-Datacenter\",\n \
        \           \"version\": \"latest\",\n            \"architecture\": \"x64\"\
        \n          },\n          \"Win2012R2Datacenter\": {\n            \"publisher\"\
        : \"MicrosoftWindowsServer\",\n            \"offer\": \"WindowsServer\",\n\
        \            \"sku\": \"2012-R2-Datacenter\",\n            \"version\": \"\
        latest\",\n            \"architecture\": \"x64\"\n          },\n         \
        \ \"Win2012Datacenter\": {\n            \"publisher\": \"MicrosoftWindowsServer\"\
        ,\n            \"offer\": \"WindowsServer\",\n            \"sku\": \"2012-Datacenter\"\
        ,\n            \"version\": \"latest\",\n            \"architecture\": \"\
        x64\"\n          },\n          \"Win2008R2SP1\": {\n            \"publisher\"\
        : \"MicrosoftWindowsServer\",\n            \"offer\": \"WindowsServer\",\n\
        \            \"sku\": \"2008-R2-SP1\",\n            \"version\": \"latest\"\
        ,\n            \"architecture\": \"x64\"\n          }\n        }\n      }\n\
        \    }\n  }\n}"
    headers:
      accept-ranges:
      - bytes
      access-control-allow-origin:
      - '*'
      cache-control:
      - max-age=300
      connection:
      - keep-alive
      content-length:
      - '3463'
      content-security-policy:
      - default-src 'none'; style-src 'unsafe-inline'; sandbox
      content-type:
      - text/plain; charset=utf-8
      date:
      - Wed, 15 Mar 2023 05:26:11 GMT
      etag:
      - W/"41b202f4dc5098d126019dc00721a4c5e30df0c5196794514fadc3710ee2a5cb"
      expires:
      - Wed, 15 Mar 2023 05:31:11 GMT
      source-age:
      - '92'
      strict-transport-security:
      - max-age=31536000
      vary:
      - Authorization,Accept-Encoding,Origin
      via:
      - 1.1 varnish
      x-cache:
      - HIT
      x-cache-hits:
      - '1'
      x-content-type-options:
      - nosniff
      x-fastly-request-id:
      - 64dd10be9a945ee1396255b52e7b34a3742229ae
      x-frame-options:
      - deny
      x-github-request-id:
      - 5442:0861:573701:67099D:640F97FC
      x-served-by:
      - cache-qpg1277-QPG
      x-timer:
      - S1678857972.779567,VS0,VE1
      x-xss-protection:
      - 1; mode=block
    status:
      code: 200
      message: OK
- request:
    body: null
    headers:
      Accept:
      - application/json
      Accept-Encoding:
      - gzip, deflate
      CommandName:
      - vm create
      Connection:
      - keep-alive
      ParameterSetName:
      - --resource-group --name --admin-username --admin-password --authentication-type
        --location --image --priority --eviction-policy --nsg-rule
      User-Agent:
      - AZURECLI/2.46.0 azsdk-python-azure-mgmt-compute/29.1.0 Python/3.10.9 (Windows-10-10.0.22621-SP0)
    method: GET
    uri: https://management.azure.com/subscriptions/00000000-0000-0000-0000-000000000000/providers/Microsoft.Compute/locations/eastus/publishers/OpenLogic/artifacttypes/vmimage/offers/CentOS/skus/7.5/versions?$top=1&$orderby=name%20desc&api-version=2022-11-01
  response:
    body:
      string: "[\r\n  {\r\n    \"location\": \"eastus\",\r\n    \"name\": \"7.5.201808150\"\
        ,\r\n    \"id\": \"/Subscriptions/00000000-0000-0000-0000-000000000000/Providers/Microsoft.Compute/Locations/eastus/Publishers/OpenLogic/ArtifactTypes/VMImage/Offers/CentOS/Skus/7.5/Versions/7.5.201808150\"\
        \r\n  }\r\n]"
    headers:
      cache-control:
      - no-cache
      content-length:
      - '270'
      content-type:
      - application/json; charset=utf-8
      date:
      - Wed, 15 Mar 2023 05:26:12 GMT
      expires:
      - '-1'
      pragma:
      - no-cache
      server:
      - Microsoft-HTTPAPI/2.0
      - Microsoft-HTTPAPI/2.0
      strict-transport-security:
      - max-age=31536000; includeSubDomains
      transfer-encoding:
      - chunked
      vary:
      - Accept-Encoding
      x-content-type-options:
      - nosniff
      x-ms-ratelimit-remaining-resource:
      - Microsoft.Compute/ListVMImagesVersionsFromLocation3Min;15999,Microsoft.Compute/ListVMImagesVersionsFromLocation30Min;43990
    status:
      code: 200
      message: OK
- request:
    body: null
    headers:
      Accept:
      - application/json
      Accept-Encoding:
      - gzip, deflate
      CommandName:
      - vm create
      Connection:
      - keep-alive
      ParameterSetName:
      - --resource-group --name --admin-username --admin-password --authentication-type
        --location --image --priority --eviction-policy --nsg-rule
      User-Agent:
      - AZURECLI/2.46.0 azsdk-python-azure-mgmt-compute/29.1.0 Python/3.10.9 (Windows-10-10.0.22621-SP0)
    method: GET
    uri: https://management.azure.com/subscriptions/00000000-0000-0000-0000-000000000000/providers/Microsoft.Compute/locations/eastus/publishers/OpenLogic/artifacttypes/vmimage/offers/CentOS/skus/7.5/versions/7.5.201808150?api-version=2022-11-01
  response:
    body:
      string: "{\r\n  \"properties\": {\r\n    \"hyperVGeneration\": \"V1\",\r\n \
        \   \"architecture\": \"x64\",\r\n    \"replicaType\": \"Unmanaged\",\r\n\
        \    \"disallowed\": {\r\n      \"vmDiskType\": \"None\"\r\n    },\r\n   \
        \ \"automaticOSUpgradeProperties\": {\r\n      \"automaticOSUpgradeSupported\"\
        : true\r\n    },\r\n    \"imageDeprecationStatus\": {\r\n      \"imageState\"\
        : \"Active\"\r\n    },\r\n    \"osDiskImage\": {\r\n      \"operatingSystem\"\
        : \"Linux\",\r\n      \"sizeInGb\": 30,\r\n      \"sizeInBytes\": 32212255232\r\
        \n    },\r\n    \"dataDiskImages\": []\r\n  },\r\n  \"location\": \"eastus\"\
        ,\r\n  \"name\": \"7.5.201808150\",\r\n  \"id\": \"/Subscriptions/00000000-0000-0000-0000-000000000000/Providers/Microsoft.Compute/Locations/eastus/Publishers/OpenLogic/ArtifactTypes/VMImage/Offers/CentOS/Skus/7.5/Versions/7.5.201808150\"\
        \r\n}"
    headers:
      cache-control:
      - no-cache
      content-length:
      - '737'
      content-type:
      - application/json; charset=utf-8
      date:
      - Wed, 15 Mar 2023 05:26:15 GMT
      expires:
      - '-1'
      pragma:
      - no-cache
      server:
      - Microsoft-HTTPAPI/2.0
      - Microsoft-HTTPAPI/2.0
      strict-transport-security:
      - max-age=31536000; includeSubDomains
      transfer-encoding:
      - chunked
      vary:
      - Accept-Encoding
      x-content-type-options:
      - nosniff
      x-ms-ratelimit-remaining-resource:
      - Microsoft.Compute/GetVMImageFromLocation3Min;12999,Microsoft.Compute/GetVMImageFromLocation30Min;73992
    status:
      code: 200
      message: OK
- request:
    body: null
    headers:
      Accept:
      - application/json
      Accept-Encoding:
      - gzip, deflate
      CommandName:
      - vm create
      Connection:
      - keep-alive
      ParameterSetName:
      - --resource-group --name --admin-username --admin-password --authentication-type
        --location --image --priority --eviction-policy --nsg-rule
      User-Agent:
      - AZURECLI/2.46.0 azsdk-python-azure-mgmt-network/21.0.1 Python/3.10.9 (Windows-10-10.0.22621-SP0)
    method: GET
    uri: https://management.azure.com/subscriptions/00000000-0000-0000-0000-000000000000/resourceGroups/cli_test_vm_simulate_eviction000001/providers/Microsoft.Network/virtualNetworks?api-version=2022-01-01
  response:
    body:
      string: "{\r\n  \"value\": [\r\n    {\r\n      \"name\": \"vm-simualte-eviction1VNET\"\
        ,\r\n      \"id\": \"/subscriptions/00000000-0000-0000-0000-000000000000/resourceGroups/cli_test_vm_simulate_eviction000001/providers/Microsoft.Network/virtualNetworks/vm-simualte-eviction1VNET\"\
        ,\r\n      \"etag\": \"W/\\\"eee02aca-9bb7-42d8-9911-cf47fb172b81\\\"\",\r\
        \n      \"type\": \"Microsoft.Network/virtualNetworks\",\r\n      \"location\"\
        : \"eastus\",\r\n      \"tags\": {},\r\n      \"properties\": {\r\n      \
        \  \"provisioningState\": \"Succeeded\",\r\n        \"resourceGuid\": \"98f8f5f5-0f31-492d-bab0-5437374d5fef\"\
        ,\r\n        \"addressSpace\": {\r\n          \"addressPrefixes\": [\r\n \
        \           \"10.0.0.0/16\"\r\n          ]\r\n        },\r\n        \"subnets\"\
        : [\r\n          {\r\n            \"name\": \"vm-simualte-eviction1Subnet\"\
        ,\r\n            \"id\": \"/subscriptions/00000000-0000-0000-0000-000000000000/resourceGroups/cli_test_vm_simulate_eviction000001/providers/Microsoft.Network/virtualNetworks/vm-simualte-eviction1VNET/subnets/vm-simualte-eviction1Subnet\"\
        ,\r\n            \"etag\": \"W/\\\"eee02aca-9bb7-42d8-9911-cf47fb172b81\\\"\
        \",\r\n            \"properties\": {\r\n              \"provisioningState\"\
        : \"Succeeded\",\r\n              \"addressPrefix\": \"10.0.0.0/24\",\r\n\
        \              \"ipConfigurations\": [\r\n                {\r\n          \
        \        \"id\": \"/subscriptions/00000000-0000-0000-0000-000000000000/resourceGroups/cli_test_vm_simulate_eviction000001/providers/Microsoft.Network/networkInterfaces/vm-simualte-eviction1VMNic/ipConfigurations/ipconfigvm-simualte-eviction1\"\
        \r\n                },\r\n                {\r\n                  \"id\": \"\
        /subscriptions/00000000-0000-0000-0000-000000000000/resourceGroups/cli_test_vm_simulate_eviction000001/providers/Microsoft.Network/networkInterfaces/vm-simulate-eviction2VMNic/ipConfigurations/ipconfigvm-simulate-eviction2\"\
        \r\n                }\r\n              ],\r\n              \"delegations\"\
        : [],\r\n              \"privateEndpointNetworkPolicies\": \"Disabled\",\r\
        \n              \"privateLinkServiceNetworkPolicies\": \"Enabled\"\r\n   \
        \         },\r\n            \"type\": \"Microsoft.Network/virtualNetworks/subnets\"\
        \r\n          }\r\n        ],\r\n        \"virtualNetworkPeerings\": [],\r\
        \n        \"enableDdosProtection\": false\r\n      }\r\n    }\r\n  ]\r\n}"
    headers:
      cache-control:
      - no-cache
      content-length:
      - '2165'
      content-type:
      - application/json; charset=utf-8
      date:
      - Wed, 15 Mar 2023 05:26:17 GMT
      expires:
      - '-1'
      pragma:
      - no-cache
      server:
      - Microsoft-HTTPAPI/2.0
      - Microsoft-HTTPAPI/2.0
      strict-transport-security:
      - max-age=31536000; includeSubDomains
      transfer-encoding:
      - chunked
      vary:
      - Accept-Encoding
      x-content-type-options:
      - nosniff
      x-ms-arm-service-request-id:
      - 731c2ec1-236c-4ab3-b69f-e242a4776c85
    status:
      code: 200
      message: OK
- request:
    body: null
    headers:
      Accept:
      - '*/*'
      Accept-Encoding:
      - gzip, deflate
      Connection:
      - keep-alive
      User-Agent:
      - python-requests/2.26.0
    method: GET
    uri: https://raw.githubusercontent.com/Azure/azure-rest-api-specs/main/arm-compute/quickstart-templates/aliases.json
  response:
    body:
      string: "{\n  \"$schema\": \"http://schema.management.azure.com/schemas/2015-01-01/deploymentTemplate.json\"\
        ,\n  \"contentVersion\": \"1.0.0.0\",\n  \"parameters\": {},\n  \"variables\"\
        : {},\n  \"resources\": [],\n  \"outputs\": {\n    \"aliases\": {\n      \"\
        type\": \"object\",\n      \"value\": {\n        \"Linux\": {\n          \"\
        CentOS\": {\n            \"publisher\": \"OpenLogic\",\n            \"offer\"\
        : \"CentOS\",\n            \"sku\": \"7.5\",\n            \"version\": \"\
        latest\",\n            \"architecture\": \"x64\"\n          },\n         \
        \ \"Debian\": {\n            \"publisher\": \"Debian\",\n            \"offer\"\
        : \"debian-10\",\n            \"sku\": \"10\",\n            \"version\": \"\
        latest\",\n            \"architecture\": \"x64\"\n          },\n         \
        \ \"Flatcar\": {\n            \"publisher\": \"kinvolk\",\n            \"\
        offer\": \"flatcar-container-linux-free\",\n            \"sku\": \"stable\"\
        ,\n            \"version\": \"latest\",\n            \"architecture\": \"\
        x64\"\n          },\n          \"openSUSE-Leap\": {\n            \"publisher\"\
        : \"SUSE\",\n            \"offer\": \"opensuse-leap-15-3\",\n            \"\
        sku\": \"gen2\",\n            \"version\": \"latest\",\n            \"architecture\"\
        : \"x64\"\n          },\n          \"RHEL\": {\n            \"publisher\"\
        : \"RedHat\",\n            \"offer\": \"RHEL\",\n            \"sku\": \"7-LVM\"\
        ,\n            \"version\": \"latest\",\n            \"architecture\": \"\
        x64\"\n          },\n          \"SLES\": {\n            \"publisher\": \"\
        SUSE\",\n            \"offer\": \"sles-15-sp3\",\n            \"sku\": \"\
        gen2\",\n            \"version\": \"latest\",\n            \"architecture\"\
        : \"x64\"\n          },\n          \"UbuntuLTS\": {\n            \"publisher\"\
        : \"Canonical\",\n            \"offer\": \"UbuntuServer\",\n            \"\
        sku\": \"18.04-LTS\",\n            \"version\": \"latest\",\n            \"\
        architecture\": \"x64\"\n          }\n        },\n        \"Windows\": {\n\
        \          \"Win2022Datacenter\": {\n            \"publisher\": \"MicrosoftWindowsServer\"\
        ,\n            \"offer\": \"WindowsServer\",\n            \"sku\": \"2022-Datacenter\"\
        ,\n            \"version\": \"latest\",\n            \"architecture\": \"\
        x64\"\n          },\n          \"Win2022AzureEditionCore\": {\n          \
        \  \"publisher\": \"MicrosoftWindowsServer\",\n            \"offer\": \"WindowsServer\"\
        ,\n            \"sku\": \"2022-datacenter-azure-edition-core\",\n        \
        \    \"version\": \"latest\",\n            \"architecture\": \"x64\"\n   \
        \       },\n          \"Win2019Datacenter\": {\n            \"publisher\"\
        : \"MicrosoftWindowsServer\",\n            \"offer\": \"WindowsServer\",\n\
        \            \"sku\": \"2019-Datacenter\",\n            \"version\": \"latest\"\
        ,\n            \"architecture\": \"x64\"\n          },\n          \"Win2016Datacenter\"\
        : {\n            \"publisher\": \"MicrosoftWindowsServer\",\n            \"\
        offer\": \"WindowsServer\",\n            \"sku\": \"2016-Datacenter\",\n \
        \           \"version\": \"latest\",\n            \"architecture\": \"x64\"\
        \n          },\n          \"Win2012R2Datacenter\": {\n            \"publisher\"\
        : \"MicrosoftWindowsServer\",\n            \"offer\": \"WindowsServer\",\n\
        \            \"sku\": \"2012-R2-Datacenter\",\n            \"version\": \"\
        latest\",\n            \"architecture\": \"x64\"\n          },\n         \
        \ \"Win2012Datacenter\": {\n            \"publisher\": \"MicrosoftWindowsServer\"\
        ,\n            \"offer\": \"WindowsServer\",\n            \"sku\": \"2012-Datacenter\"\
        ,\n            \"version\": \"latest\",\n            \"architecture\": \"\
        x64\"\n          },\n          \"Win2008R2SP1\": {\n            \"publisher\"\
        : \"MicrosoftWindowsServer\",\n            \"offer\": \"WindowsServer\",\n\
        \            \"sku\": \"2008-R2-SP1\",\n            \"version\": \"latest\"\
        ,\n            \"architecture\": \"x64\"\n          }\n        }\n      }\n\
        \    }\n  }\n}"
    headers:
      accept-ranges:
      - bytes
      access-control-allow-origin:
      - '*'
      cache-control:
      - max-age=300
      connection:
      - keep-alive
      content-length:
      - '3463'
      content-security-policy:
      - default-src 'none'; style-src 'unsafe-inline'; sandbox
      content-type:
      - text/plain; charset=utf-8
      date:
      - Wed, 15 Mar 2023 05:26:17 GMT
      etag:
      - W/"41b202f4dc5098d126019dc00721a4c5e30df0c5196794514fadc3710ee2a5cb"
      expires:
      - Wed, 15 Mar 2023 05:31:17 GMT
      source-age:
      - '99'
      strict-transport-security:
      - max-age=31536000
      vary:
      - Authorization,Accept-Encoding,Origin
      via:
      - 1.1 varnish
      x-cache:
      - HIT
      x-cache-hits:
      - '1'
      x-content-type-options:
      - nosniff
      x-fastly-request-id:
      - c1fed9ca13c2ad4bf741e7848e65fe77ffd5c13a
      x-frame-options:
      - deny
      x-github-request-id:
      - 5442:0861:573701:67099D:640F97FC
      x-served-by:
      - cache-qpg1262-QPG
      x-timer:
      - S1678857978.941179,VS0,VE1
      x-xss-protection:
      - 1; mode=block
    status:
      code: 200
      message: OK
- request:
    body: null
    headers:
      Accept:
      - application/json
      Accept-Encoding:
      - gzip, deflate
      CommandName:
      - vm create
      Connection:
      - keep-alive
      ParameterSetName:
      - --resource-group --name --admin-username --admin-password --authentication-type
        --location --image --priority --eviction-policy --nsg-rule
      User-Agent:
      - AZURECLI/2.46.0 azsdk-python-azure-mgmt-compute/29.1.0 Python/3.10.9 (Windows-10-10.0.22621-SP0)
    method: GET
    uri: https://management.azure.com/subscriptions/00000000-0000-0000-0000-000000000000/providers/Microsoft.Compute/locations/eastus/publishers/OpenLogic/artifacttypes/vmimage/offers/CentOS/skus/7.5/versions?$top=1&$orderby=name%20desc&api-version=2022-11-01
  response:
    body:
      string: "[\r\n  {\r\n    \"location\": \"eastus\",\r\n    \"name\": \"7.5.201808150\"\
        ,\r\n    \"id\": \"/Subscriptions/00000000-0000-0000-0000-000000000000/Providers/Microsoft.Compute/Locations/eastus/Publishers/OpenLogic/ArtifactTypes/VMImage/Offers/CentOS/Skus/7.5/Versions/7.5.201808150\"\
        \r\n  }\r\n]"
    headers:
      cache-control:
      - no-cache
      content-length:
      - '270'
      content-type:
      - application/json; charset=utf-8
      date:
      - Wed, 15 Mar 2023 05:26:19 GMT
      expires:
      - '-1'
      pragma:
      - no-cache
      server:
      - Microsoft-HTTPAPI/2.0
      - Microsoft-HTTPAPI/2.0
      strict-transport-security:
      - max-age=31536000; includeSubDomains
      transfer-encoding:
      - chunked
      vary:
      - Accept-Encoding
      x-content-type-options:
      - nosniff
      x-ms-ratelimit-remaining-resource:
      - Microsoft.Compute/ListVMImagesVersionsFromLocation3Min;15998,Microsoft.Compute/ListVMImagesVersionsFromLocation30Min;43989
    status:
      code: 200
      message: OK
- request:
    body: null
    headers:
      Accept:
      - application/json
      Accept-Encoding:
      - gzip, deflate
      CommandName:
      - vm create
      Connection:
      - keep-alive
      ParameterSetName:
      - --resource-group --name --admin-username --admin-password --authentication-type
        --location --image --priority --eviction-policy --nsg-rule
      User-Agent:
      - AZURECLI/2.46.0 azsdk-python-azure-mgmt-compute/29.1.0 Python/3.10.9 (Windows-10-10.0.22621-SP0)
    method: GET
    uri: https://management.azure.com/subscriptions/00000000-0000-0000-0000-000000000000/providers/Microsoft.Compute/locations/eastus/publishers/OpenLogic/artifacttypes/vmimage/offers/CentOS/skus/7.5/versions/7.5.201808150?api-version=2022-11-01
  response:
    body:
      string: "{\r\n  \"properties\": {\r\n    \"hyperVGeneration\": \"V1\",\r\n \
        \   \"architecture\": \"x64\",\r\n    \"replicaType\": \"Unmanaged\",\r\n\
        \    \"disallowed\": {\r\n      \"vmDiskType\": \"None\"\r\n    },\r\n   \
        \ \"automaticOSUpgradeProperties\": {\r\n      \"automaticOSUpgradeSupported\"\
        : true\r\n    },\r\n    \"imageDeprecationStatus\": {\r\n      \"imageState\"\
        : \"Active\"\r\n    },\r\n    \"osDiskImage\": {\r\n      \"operatingSystem\"\
        : \"Linux\",\r\n      \"sizeInGb\": 30,\r\n      \"sizeInBytes\": 32212255232\r\
        \n    },\r\n    \"dataDiskImages\": []\r\n  },\r\n  \"location\": \"eastus\"\
        ,\r\n  \"name\": \"7.5.201808150\",\r\n  \"id\": \"/Subscriptions/00000000-0000-0000-0000-000000000000/Providers/Microsoft.Compute/Locations/eastus/Publishers/OpenLogic/ArtifactTypes/VMImage/Offers/CentOS/Skus/7.5/Versions/7.5.201808150\"\
        \r\n}"
    headers:
      cache-control:
      - no-cache
      content-length:
      - '737'
      content-type:
      - application/json; charset=utf-8
      date:
      - Wed, 15 Mar 2023 05:26:20 GMT
      expires:
      - '-1'
      pragma:
      - no-cache
      server:
      - Microsoft-HTTPAPI/2.0
      - Microsoft-HTTPAPI/2.0
      strict-transport-security:
      - max-age=31536000; includeSubDomains
      transfer-encoding:
      - chunked
      vary:
      - Accept-Encoding
      x-content-type-options:
      - nosniff
      x-ms-ratelimit-remaining-resource:
      - Microsoft.Compute/GetVMImageFromLocation3Min;12998,Microsoft.Compute/GetVMImageFromLocation30Min;73991
    status:
      code: 200
      message: OK
- request:
    body: null
    headers:
      Accept:
      - application/json
      Accept-Encoding:
      - gzip, deflate
      CommandName:
      - vm create
      Connection:
      - keep-alive
      ParameterSetName:
      - --resource-group --name --admin-username --admin-password --authentication-type
        --location --image --priority --eviction-policy --nsg-rule
      User-Agent:
      - AZURECLI/2.46.0 azsdk-python-azure-mgmt-compute/29.1.0 Python/3.10.9 (Windows-10-10.0.22621-SP0)
    method: GET
    uri: https://management.azure.com/subscriptions/00000000-0000-0000-0000-000000000000/providers/Microsoft.Compute/locations/eastus/publishers/OpenLogic/artifacttypes/vmimage/offers/CentOS/skus/7.5/versions?$top=1&$orderby=name%20desc&api-version=2022-11-01
  response:
    body:
      string: "[\r\n  {\r\n    \"location\": \"eastus\",\r\n    \"name\": \"7.5.201808150\"\
        ,\r\n    \"id\": \"/Subscriptions/00000000-0000-0000-0000-000000000000/Providers/Microsoft.Compute/Locations/eastus/Publishers/OpenLogic/ArtifactTypes/VMImage/Offers/CentOS/Skus/7.5/Versions/7.5.201808150\"\
        \r\n  }\r\n]"
    headers:
      cache-control:
      - no-cache
      content-length:
      - '270'
      content-type:
      - application/json; charset=utf-8
      date:
      - Wed, 15 Mar 2023 05:26:22 GMT
      expires:
      - '-1'
      pragma:
      - no-cache
      server:
      - Microsoft-HTTPAPI/2.0
      - Microsoft-HTTPAPI/2.0
      strict-transport-security:
      - max-age=31536000; includeSubDomains
      transfer-encoding:
      - chunked
      vary:
      - Accept-Encoding
      x-content-type-options:
      - nosniff
      x-ms-ratelimit-remaining-resource:
      - Microsoft.Compute/ListVMImagesVersionsFromLocation3Min;15997,Microsoft.Compute/ListVMImagesVersionsFromLocation30Min;43988
    status:
      code: 200
      message: OK
- request:
    body: null
    headers:
      Accept:
      - application/json
      Accept-Encoding:
      - gzip, deflate
      CommandName:
      - vm create
      Connection:
      - keep-alive
      ParameterSetName:
      - --resource-group --name --admin-username --admin-password --authentication-type
        --location --image --priority --eviction-policy --nsg-rule
      User-Agent:
      - AZURECLI/2.46.0 azsdk-python-azure-mgmt-compute/29.1.0 Python/3.10.9 (Windows-10-10.0.22621-SP0)
    method: GET
    uri: https://management.azure.com/subscriptions/00000000-0000-0000-0000-000000000000/providers/Microsoft.Compute/locations/eastus/publishers/OpenLogic/artifacttypes/vmimage/offers/CentOS/skus/7.5/versions/7.5.201808150?api-version=2022-11-01
  response:
    body:
      string: "{\r\n  \"properties\": {\r\n    \"hyperVGeneration\": \"V1\",\r\n \
        \   \"architecture\": \"x64\",\r\n    \"replicaType\": \"Unmanaged\",\r\n\
        \    \"disallowed\": {\r\n      \"vmDiskType\": \"None\"\r\n    },\r\n   \
        \ \"automaticOSUpgradeProperties\": {\r\n      \"automaticOSUpgradeSupported\"\
        : true\r\n    },\r\n    \"imageDeprecationStatus\": {\r\n      \"imageState\"\
        : \"Active\"\r\n    },\r\n    \"osDiskImage\": {\r\n      \"operatingSystem\"\
        : \"Linux\",\r\n      \"sizeInGb\": 30,\r\n      \"sizeInBytes\": 32212255232\r\
        \n    },\r\n    \"dataDiskImages\": []\r\n  },\r\n  \"location\": \"eastus\"\
        ,\r\n  \"name\": \"7.5.201808150\",\r\n  \"id\": \"/Subscriptions/00000000-0000-0000-0000-000000000000/Providers/Microsoft.Compute/Locations/eastus/Publishers/OpenLogic/ArtifactTypes/VMImage/Offers/CentOS/Skus/7.5/Versions/7.5.201808150\"\
        \r\n}"
    headers:
      cache-control:
      - no-cache
      content-length:
      - '737'
      content-type:
      - application/json; charset=utf-8
      date:
      - Wed, 15 Mar 2023 05:26:23 GMT
      expires:
      - '-1'
      pragma:
      - no-cache
      server:
      - Microsoft-HTTPAPI/2.0
      - Microsoft-HTTPAPI/2.0
      strict-transport-security:
      - max-age=31536000; includeSubDomains
      transfer-encoding:
      - chunked
      vary:
      - Accept-Encoding
      x-content-type-options:
      - nosniff
      x-ms-ratelimit-remaining-resource:
      - Microsoft.Compute/GetVMImageFromLocation3Min;12997,Microsoft.Compute/GetVMImageFromLocation30Min;73990
    status:
      code: 200
      message: OK
- request:
    body: '{"properties": {"template": {"$schema": "https://schema.management.azure.com/schemas/2015-01-01/deploymentTemplate.json#",
      "contentVersion": "1.0.0.0", "parameters": {"adminPassword": {"type": "securestring",
      "metadata": {"description": "Secure adminPassword"}}}, "variables": {}, "resources":
      [{"type": "Microsoft.Network/networkSecurityGroups", "name": "vm-simulate-eviction3NSG",
      "apiVersion": "2015-06-15", "location": "eastus", "tags": {}, "dependsOn": []},
      {"apiVersion": "2022-01-01", "type": "Microsoft.Network/publicIPAddresses",
      "name": "vm-simulate-eviction3PublicIP", "location": "eastus", "tags": {}, "dependsOn":
      [], "properties": {"publicIPAllocationMethod": null}}, {"apiVersion": "2015-06-15",
      "type": "Microsoft.Network/networkInterfaces", "name": "vm-simulate-eviction3VMNic",
      "location": "eastus", "tags": {}, "dependsOn": ["Microsoft.Network/networkSecurityGroups/vm-simulate-eviction3NSG",
      "Microsoft.Network/publicIpAddresses/vm-simulate-eviction3PublicIP"], "properties":
      {"ipConfigurations": [{"name": "ipconfigvm-simulate-eviction3", "properties":
      {"privateIPAllocationMethod": "Dynamic", "subnet": {"id": "/subscriptions/00000000-0000-0000-0000-000000000000/resourceGroups/cli_test_vm_simulate_eviction000001/providers/Microsoft.Network/virtualNetworks/vm-simualte-eviction1VNET/subnets/vm-simualte-eviction1Subnet"},
      "publicIPAddress": {"id": "/subscriptions/00000000-0000-0000-0000-000000000000/resourceGroups/cli_test_vm_simulate_eviction000001/providers/Microsoft.Network/publicIPAddresses/vm-simulate-eviction3PublicIP"}}}],
      "networkSecurityGroup": {"id": "/subscriptions/00000000-0000-0000-0000-000000000000/resourceGroups/cli_test_vm_simulate_eviction000001/providers/Microsoft.Network/networkSecurityGroups/vm-simulate-eviction3NSG"}}},
      {"apiVersion": "2022-11-01", "type": "Microsoft.Compute/virtualMachines", "name":
      "vm-simulate-eviction3", "location": "eastus", "tags": {}, "dependsOn": ["Microsoft.Network/networkInterfaces/vm-simulate-eviction3VMNic"],
      "properties": {"hardwareProfile": {"vmSize": "Standard_DS1_v2"}, "networkProfile":
      {"networkInterfaces": [{"id": "/subscriptions/00000000-0000-0000-0000-000000000000/resourceGroups/cli_test_vm_simulate_eviction000001/providers/Microsoft.Network/networkInterfaces/vm-simulate-eviction3VMNic",
      "properties": {"deleteOption": null}}]}, "storageProfile": {"osDisk": {"createOption":
      "fromImage", "name": null, "caching": "ReadWrite", "managedDisk": {"storageAccountType":
      null}}, "imageReference": {"publisher": "OpenLogic", "offer": "CentOS", "sku":
      "7.5", "version": "latest"}}, "osProfile": {"computerName": "vm-simulate-eviction3",
      "adminUsername": "azureuser", "adminPassword": "[parameters(''adminPassword'')]"},
      "priority": "Spot", "evictionPolicy": "Delete"}}], "outputs": {}}, "parameters":
      {"adminPassword": {"value": "testPassword0"}}, "mode": "incremental"}}'
    headers:
      Accept:
      - application/json
      Accept-Encoding:
      - gzip, deflate
      CommandName:
      - vm create
      Connection:
      - keep-alive
      Content-Length:
      - '2858'
      Content-Type:
      - application/json
      ParameterSetName:
      - --resource-group --name --admin-username --admin-password --authentication-type
        --location --image --priority --eviction-policy --nsg-rule
      User-Agent:
      - AZURECLI/2.46.0 azsdk-python-azure-mgmt-resource/22.0.0 Python/3.10.9 (Windows-10-10.0.22621-SP0)
    method: PUT
    uri: https://management.azure.com/subscriptions/00000000-0000-0000-0000-000000000000/resourcegroups/cli_test_vm_simulate_eviction000001/providers/Microsoft.Resources/deployments/mock-deployment?api-version=2022-09-01
  response:
    body:
      string: '{"id":"/subscriptions/00000000-0000-0000-0000-000000000000/resourceGroups/cli_test_vm_simulate_eviction000001/providers/Microsoft.Resources/deployments/vm_deploy_izBTX6aIH05iGPXkKn4GLper7A3Qg7b7","name":"vm_deploy_izBTX6aIH05iGPXkKn4GLper7A3Qg7b7","type":"Microsoft.Resources/deployments","properties":{"templateHash":"2755008947964149234","parameters":{"adminPassword":{"type":"SecureString"}},"mode":"Incremental","provisioningState":"Accepted","timestamp":"2023-03-15T05:26:30.1198101Z","duration":"PT0.0004467S","correlationId":"eead0e29-ac8e-4cc4-9f08-d919ebfa11eb","providers":[{"namespace":"Microsoft.Network","resourceTypes":[{"resourceType":"networkSecurityGroups","locations":["eastus"]},{"resourceType":"publicIPAddresses","locations":["eastus"]},{"resourceType":"networkInterfaces","locations":["eastus"]}]},{"namespace":"Microsoft.Compute","resourceTypes":[{"resourceType":"virtualMachines","locations":["eastus"]}]}],"dependencies":[{"dependsOn":[{"id":"/subscriptions/00000000-0000-0000-0000-000000000000/resourceGroups/cli_test_vm_simulate_eviction000001/providers/Microsoft.Network/networkSecurityGroups/vm-simulate-eviction3NSG","resourceType":"Microsoft.Network/networkSecurityGroups","resourceName":"vm-simulate-eviction3NSG"},{"id":"/subscriptions/00000000-0000-0000-0000-000000000000/resourceGroups/cli_test_vm_simulate_eviction000001/providers/Microsoft.Network/publicIPAddresses/vm-simulate-eviction3PublicIP","resourceType":"Microsoft.Network/publicIPAddresses","resourceName":"vm-simulate-eviction3PublicIP"}],"id":"/subscriptions/00000000-0000-0000-0000-000000000000/resourceGroups/cli_test_vm_simulate_eviction000001/providers/Microsoft.Network/networkInterfaces/vm-simulate-eviction3VMNic","resourceType":"Microsoft.Network/networkInterfaces","resourceName":"vm-simulate-eviction3VMNic"},{"dependsOn":[{"id":"/subscriptions/00000000-0000-0000-0000-000000000000/resourceGroups/cli_test_vm_simulate_eviction000001/providers/Microsoft.Network/networkInterfaces/vm-simulate-eviction3VMNic","resourceType":"Microsoft.Network/networkInterfaces","resourceName":"vm-simulate-eviction3VMNic"}],"id":"/subscriptions/00000000-0000-0000-0000-000000000000/resourceGroups/cli_test_vm_simulate_eviction000001/providers/Microsoft.Compute/virtualMachines/vm-simulate-eviction3","resourceType":"Microsoft.Compute/virtualMachines","resourceName":"vm-simulate-eviction3"}]}}'
    headers:
      azure-asyncoperation:
      - https://management.azure.com/subscriptions/00000000-0000-0000-0000-000000000000/resourcegroups/cli_test_vm_simulate_eviction000001/providers/Microsoft.Resources/deployments/vm_deploy_izBTX6aIH05iGPXkKn4GLper7A3Qg7b7/operationStatuses/08585227488984149279?api-version=2022-09-01
      cache-control:
      - no-cache
      content-length:
      - '2383'
      content-type:
      - application/json; charset=utf-8
      date:
      - Wed, 15 Mar 2023 05:26:31 GMT
      expires:
      - '-1'
      pragma:
      - no-cache
      strict-transport-security:
      - max-age=31536000; includeSubDomains
      x-content-type-options:
      - nosniff
      x-ms-ratelimit-remaining-subscription-writes:
      - '1197'
    status:
      code: 201
      message: Created
- request:
    body: null
    headers:
      Accept:
      - '*/*'
      Accept-Encoding:
      - gzip, deflate
      CommandName:
      - vm create
      Connection:
      - keep-alive
      ParameterSetName:
      - --resource-group --name --admin-username --admin-password --authentication-type
        --location --image --priority --eviction-policy --nsg-rule
      User-Agent:
      - AZURECLI/2.46.0 azsdk-python-azure-mgmt-resource/22.0.0 Python/3.10.9 (Windows-10-10.0.22621-SP0)
    method: GET
    uri: https://management.azure.com/subscriptions/00000000-0000-0000-0000-000000000000/resourcegroups/cli_test_vm_simulate_eviction000001/providers/Microsoft.Resources/deployments/mock-deployment/operationStatuses/08585227488984149279?api-version=2022-09-01
  response:
    body:
      string: '{"status":"Running"}'
    headers:
      cache-control:
      - no-cache
      content-length:
      - '20'
      content-type:
      - application/json; charset=utf-8
      date:
      - Wed, 15 Mar 2023 05:27:02 GMT
      expires:
      - '-1'
      pragma:
      - no-cache
      strict-transport-security:
      - max-age=31536000; includeSubDomains
      vary:
      - Accept-Encoding
      x-content-type-options:
      - nosniff
    status:
      code: 200
      message: OK
- request:
    body: null
    headers:
      Accept:
      - '*/*'
      Accept-Encoding:
      - gzip, deflate
      CommandName:
      - vm create
      Connection:
      - keep-alive
      ParameterSetName:
      - --resource-group --name --admin-username --admin-password --authentication-type
        --location --image --priority --eviction-policy --nsg-rule
      User-Agent:
      - AZURECLI/2.46.0 azsdk-python-azure-mgmt-resource/22.0.0 Python/3.10.9 (Windows-10-10.0.22621-SP0)
    method: GET
    uri: https://management.azure.com/subscriptions/00000000-0000-0000-0000-000000000000/resourcegroups/cli_test_vm_simulate_eviction000001/providers/Microsoft.Resources/deployments/mock-deployment/operationStatuses/08585227488984149279?api-version=2022-09-01
  response:
    body:
      string: '{"status":"Running"}'
    headers:
      cache-control:
      - no-cache
      content-length:
      - '20'
      content-type:
      - application/json; charset=utf-8
      date:
      - Wed, 15 Mar 2023 05:27:32 GMT
      expires:
      - '-1'
      pragma:
      - no-cache
      strict-transport-security:
      - max-age=31536000; includeSubDomains
      vary:
      - Accept-Encoding
      x-content-type-options:
      - nosniff
    status:
      code: 200
      message: OK
- request:
    body: null
    headers:
      Accept:
      - '*/*'
      Accept-Encoding:
      - gzip, deflate
      CommandName:
      - vm create
      Connection:
      - keep-alive
      ParameterSetName:
      - --resource-group --name --admin-username --admin-password --authentication-type
        --location --image --priority --eviction-policy --nsg-rule
      User-Agent:
      - AZURECLI/2.46.0 azsdk-python-azure-mgmt-resource/22.0.0 Python/3.10.9 (Windows-10-10.0.22621-SP0)
    method: GET
    uri: https://management.azure.com/subscriptions/00000000-0000-0000-0000-000000000000/resourcegroups/cli_test_vm_simulate_eviction000001/providers/Microsoft.Resources/deployments/mock-deployment/operationStatuses/08585227488984149279?api-version=2022-09-01
  response:
    body:
      string: '{"status":"Succeeded"}'
    headers:
      cache-control:
      - no-cache
      content-length:
      - '22'
      content-type:
      - application/json; charset=utf-8
      date:
      - Wed, 15 Mar 2023 05:28:03 GMT
      expires:
      - '-1'
      pragma:
      - no-cache
      strict-transport-security:
      - max-age=31536000; includeSubDomains
      vary:
      - Accept-Encoding
      x-content-type-options:
      - nosniff
    status:
      code: 200
      message: OK
- request:
    body: null
    headers:
      Accept:
      - '*/*'
      Accept-Encoding:
      - gzip, deflate
      CommandName:
      - vm create
      Connection:
      - keep-alive
      ParameterSetName:
      - --resource-group --name --admin-username --admin-password --authentication-type
        --location --image --priority --eviction-policy --nsg-rule
      User-Agent:
      - AZURECLI/2.46.0 azsdk-python-azure-mgmt-resource/22.0.0 Python/3.10.9 (Windows-10-10.0.22621-SP0)
    method: GET
    uri: https://management.azure.com/subscriptions/00000000-0000-0000-0000-000000000000/resourcegroups/cli_test_vm_simulate_eviction000001/providers/Microsoft.Resources/deployments/mock-deployment?api-version=2022-09-01
  response:
    body:
      string: '{"id":"/subscriptions/00000000-0000-0000-0000-000000000000/resourceGroups/cli_test_vm_simulate_eviction000001/providers/Microsoft.Resources/deployments/vm_deploy_izBTX6aIH05iGPXkKn4GLper7A3Qg7b7","name":"vm_deploy_izBTX6aIH05iGPXkKn4GLper7A3Qg7b7","type":"Microsoft.Resources/deployments","properties":{"templateHash":"2755008947964149234","parameters":{"adminPassword":{"type":"SecureString"}},"mode":"Incremental","provisioningState":"Succeeded","timestamp":"2023-03-15T05:27:57.3719243Z","duration":"PT1M27.2525609S","correlationId":"eead0e29-ac8e-4cc4-9f08-d919ebfa11eb","providers":[{"namespace":"Microsoft.Network","resourceTypes":[{"resourceType":"networkSecurityGroups","locations":["eastus"]},{"resourceType":"publicIPAddresses","locations":["eastus"]},{"resourceType":"networkInterfaces","locations":["eastus"]}]},{"namespace":"Microsoft.Compute","resourceTypes":[{"resourceType":"virtualMachines","locations":["eastus"]}]}],"dependencies":[{"dependsOn":[{"id":"/subscriptions/00000000-0000-0000-0000-000000000000/resourceGroups/cli_test_vm_simulate_eviction000001/providers/Microsoft.Network/networkSecurityGroups/vm-simulate-eviction3NSG","resourceType":"Microsoft.Network/networkSecurityGroups","resourceName":"vm-simulate-eviction3NSG"},{"id":"/subscriptions/00000000-0000-0000-0000-000000000000/resourceGroups/cli_test_vm_simulate_eviction000001/providers/Microsoft.Network/publicIPAddresses/vm-simulate-eviction3PublicIP","resourceType":"Microsoft.Network/publicIPAddresses","resourceName":"vm-simulate-eviction3PublicIP"}],"id":"/subscriptions/00000000-0000-0000-0000-000000000000/resourceGroups/cli_test_vm_simulate_eviction000001/providers/Microsoft.Network/networkInterfaces/vm-simulate-eviction3VMNic","resourceType":"Microsoft.Network/networkInterfaces","resourceName":"vm-simulate-eviction3VMNic"},{"dependsOn":[{"id":"/subscriptions/00000000-0000-0000-0000-000000000000/resourceGroups/cli_test_vm_simulate_eviction000001/providers/Microsoft.Network/networkInterfaces/vm-simulate-eviction3VMNic","resourceType":"Microsoft.Network/networkInterfaces","resourceName":"vm-simulate-eviction3VMNic"}],"id":"/subscriptions/00000000-0000-0000-0000-000000000000/resourceGroups/cli_test_vm_simulate_eviction000001/providers/Microsoft.Compute/virtualMachines/vm-simulate-eviction3","resourceType":"Microsoft.Compute/virtualMachines","resourceName":"vm-simulate-eviction3"}],"outputs":{},"outputResources":[{"id":"/subscriptions/00000000-0000-0000-0000-000000000000/resourceGroups/cli_test_vm_simulate_eviction000001/providers/Microsoft.Compute/virtualMachines/vm-simulate-eviction3"},{"id":"/subscriptions/00000000-0000-0000-0000-000000000000/resourceGroups/cli_test_vm_simulate_eviction000001/providers/Microsoft.Network/networkInterfaces/vm-simulate-eviction3VMNic"},{"id":"/subscriptions/00000000-0000-0000-0000-000000000000/resourceGroups/cli_test_vm_simulate_eviction000001/providers/Microsoft.Network/networkSecurityGroups/vm-simulate-eviction3NSG"},{"id":"/subscriptions/00000000-0000-0000-0000-000000000000/resourceGroups/cli_test_vm_simulate_eviction000001/providers/Microsoft.Network/publicIPAddresses/vm-simulate-eviction3PublicIP"}]}}'
    headers:
      cache-control:
      - no-cache
      content-length:
      - '3158'
      content-type:
      - application/json; charset=utf-8
      date:
      - Wed, 15 Mar 2023 05:28:03 GMT
      expires:
      - '-1'
      pragma:
      - no-cache
      strict-transport-security:
      - max-age=31536000; includeSubDomains
      vary:
      - Accept-Encoding
      x-content-type-options:
      - nosniff
    status:
      code: 200
      message: OK
- request:
    body: null
    headers:
      Accept:
      - application/json
      Accept-Encoding:
      - gzip, deflate
      CommandName:
      - vm create
      Connection:
      - keep-alive
      ParameterSetName:
      - --resource-group --name --admin-username --admin-password --authentication-type
        --location --image --priority --eviction-policy --nsg-rule
      User-Agent:
      - AZURECLI/2.46.0 azsdk-python-azure-mgmt-compute/29.1.0 Python/3.10.9 (Windows-10-10.0.22621-SP0)
    method: GET
    uri: https://management.azure.com/subscriptions/00000000-0000-0000-0000-000000000000/resourceGroups/cli_test_vm_simulate_eviction000001/providers/Microsoft.Compute/virtualMachines/vm-simulate-eviction3?$expand=instanceView&api-version=2022-11-01
  response:
    body:
      string: "{\r\n  \"name\": \"vm-simulate-eviction3\",\r\n  \"id\": \"/subscriptions/00000000-0000-0000-0000-000000000000/resourceGroups/cli_test_vm_simulate_eviction000001/providers/Microsoft.Compute/virtualMachines/vm-simulate-eviction3\"\
        ,\r\n  \"type\": \"Microsoft.Compute/virtualMachines\",\r\n  \"location\"\
        : \"eastus\",\r\n  \"tags\": {},\r\n  \"properties\": {\r\n    \"vmId\": \"\
        10057dba-dcfd-4a0f-9421-1c7a51d14736\",\r\n    \"hardwareProfile\": {\r\n\
        \      \"vmSize\": \"Standard_DS1_v2\"\r\n    },\r\n    \"storageProfile\"\
        : {\r\n      \"imageReference\": {\r\n        \"publisher\": \"OpenLogic\"\
        ,\r\n        \"offer\": \"CentOS\",\r\n        \"sku\": \"7.5\",\r\n     \
        \   \"version\": \"latest\",\r\n        \"exactVersion\": \"7.5.201808150\"\
        \r\n      },\r\n      \"osDisk\": {\r\n        \"osType\": \"Linux\",\r\n\
        \        \"name\": \"vm-simulate-eviction3_OsDisk_1_b8e699fae6ea4bdda4d994f3adb83902\"\
        ,\r\n        \"createOption\": \"FromImage\",\r\n        \"caching\": \"ReadWrite\"\
        ,\r\n        \"managedDisk\": {\r\n          \"storageAccountType\": \"Premium_LRS\"\
        ,\r\n          \"id\": \"/subscriptions/00000000-0000-0000-0000-000000000000/resourceGroups/cli_test_vm_simulate_eviction000001/providers/Microsoft.Compute/disks/vm-simulate-eviction3_OsDisk_1_b8e699fae6ea4bdda4d994f3adb83902\"\
        \r\n        },\r\n        \"deleteOption\": \"Detach\",\r\n        \"diskSizeGB\"\
        : 30\r\n      },\r\n      \"dataDisks\": []\r\n    },\r\n    \"osProfile\"\
        : {\r\n      \"computerName\": \"vm-simulate-eviction3\",\r\n      \"adminUsername\"\
        : \"azureuser\",\r\n      \"linuxConfiguration\": {\r\n        \"disablePasswordAuthentication\"\
        : false,\r\n        \"provisionVMAgent\": true,\r\n        \"patchSettings\"\
        : {\r\n          \"patchMode\": \"ImageDefault\",\r\n          \"assessmentMode\"\
        : \"ImageDefault\"\r\n        },\r\n        \"enableVMAgentPlatformUpdates\"\
        : false\r\n      },\r\n      \"secrets\": [],\r\n      \"allowExtensionOperations\"\
        : true,\r\n      \"requireGuestProvisionSignal\": true\r\n    },\r\n    \"\
        networkProfile\": {\"networkInterfaces\":[{\"id\":\"/subscriptions/00000000-0000-0000-0000-000000000000/resourceGroups/cli_test_vm_simulate_eviction000001/providers/Microsoft.Network/networkInterfaces/vm-simulate-eviction3VMNic\"\
        }]},\r\n    \"provisioningState\": \"Succeeded\",\r\n    \"priority\": \"\
        Spot\",\r\n    \"evictionPolicy\": \"Delete\",\r\n    \"billingProfile\":\
        \ {\r\n      \"maxPrice\": -1.0\r\n    },\r\n    \"instanceView\": {\r\n \
        \     \"computerName\": \"vm-simulate-eviction3\",\r\n      \"osName\": \"\
        centos\",\r\n      \"osVersion\": \"7.5.1804\",\r\n      \"vmAgent\": {\r\n\
        \        \"vmAgentVersion\": \"2.9.0.4\",\r\n        \"statuses\": [\r\n \
        \         {\r\n            \"code\": \"ProvisioningState/succeeded\",\r\n\
        \            \"level\": \"Info\",\r\n            \"displayStatus\": \"Ready\"\
        ,\r\n            \"message\": \"Guest Agent is running\",\r\n            \"\
        time\": \"2023-03-15T05:27:55+00:00\"\r\n          }\r\n        ],\r\n   \
        \     \"extensionHandlers\": []\r\n      },\r\n      \"disks\": [\r\n    \
        \    {\r\n          \"name\": \"vm-simulate-eviction3_OsDisk_1_b8e699fae6ea4bdda4d994f3adb83902\"\
        ,\r\n          \"statuses\": [\r\n            {\r\n              \"code\"\
        : \"ProvisioningState/succeeded\",\r\n              \"level\": \"Info\",\r\
        \n              \"displayStatus\": \"Provisioning succeeded\",\r\n       \
        \       \"time\": \"2023-03-15T05:26:57.0943139+00:00\"\r\n            }\r\
        \n          ]\r\n        }\r\n      ],\r\n      \"hyperVGeneration\": \"V1\"\
        ,\r\n      \"statuses\": [\r\n        {\r\n          \"code\": \"ProvisioningState/succeeded\"\
        ,\r\n          \"level\": \"Info\",\r\n          \"displayStatus\": \"Provisioning\
        \ succeeded\",\r\n          \"time\": \"2023-03-15T05:27:52.4227092+00:00\"\
        \r\n        },\r\n        {\r\n          \"code\": \"PowerState/running\"\
        ,\r\n          \"level\": \"Info\",\r\n          \"displayStatus\": \"VM running\"\
        \r\n        }\r\n      ]\r\n    },\r\n    \"timeCreated\": \"2023-03-15T05:26:51.2036567+00:00\"\
        \r\n  }\r\n}"
    headers:
      cache-control:
      - no-cache
      content-length:
      - '3574'
      content-type:
      - application/json; charset=utf-8
      date:
      - Wed, 15 Mar 2023 05:28:04 GMT
      expires:
      - '-1'
      pragma:
      - no-cache
      server:
      - Microsoft-HTTPAPI/2.0
      - Microsoft-HTTPAPI/2.0
      strict-transport-security:
      - max-age=31536000; includeSubDomains
      transfer-encoding:
      - chunked
      vary:
      - Accept-Encoding
      x-content-type-options:
      - nosniff
      x-ms-ratelimit-remaining-resource:
      - Microsoft.Compute/LowCostGet3Min;3996,Microsoft.Compute/LowCostGet30Min;31973
    status:
      code: 200
      message: OK
- request:
    body: null
    headers:
      Accept:
      - application/json
      Accept-Encoding:
      - gzip, deflate
      CommandName:
      - vm create
      Connection:
      - keep-alive
      ParameterSetName:
      - --resource-group --name --admin-username --admin-password --authentication-type
        --location --image --priority --eviction-policy --nsg-rule
      User-Agent:
      - AZURECLI/2.46.0 azsdk-python-azure-mgmt-network/21.0.1 Python/3.10.9 (Windows-10-10.0.22621-SP0)
    method: GET
    uri: https://management.azure.com/subscriptions/00000000-0000-0000-0000-000000000000/resourceGroups/cli_test_vm_simulate_eviction000001/providers/Microsoft.Network/networkInterfaces/vm-simulate-eviction3VMNic?api-version=2022-01-01
  response:
    body:
      string: "{\r\n  \"name\": \"vm-simulate-eviction3VMNic\",\r\n  \"id\": \"/subscriptions/00000000-0000-0000-0000-000000000000/resourceGroups/cli_test_vm_simulate_eviction000001/providers/Microsoft.Network/networkInterfaces/vm-simulate-eviction3VMNic\"\
        ,\r\n  \"etag\": \"W/\\\"b5b0731a-a6f7-4b6c-b8eb-8602c2006b16\\\"\",\r\n \
        \ \"tags\": {},\r\n  \"properties\": {\r\n    \"provisioningState\": \"Succeeded\"\
        ,\r\n    \"resourceGuid\": \"aba24fb1-c207-4d0e-8da2-8692f64357c1\",\r\n \
        \   \"ipConfigurations\": [\r\n      {\r\n        \"name\": \"ipconfigvm-simulate-eviction3\"\
        ,\r\n        \"id\": \"/subscriptions/00000000-0000-0000-0000-000000000000/resourceGroups/cli_test_vm_simulate_eviction000001/providers/Microsoft.Network/networkInterfaces/vm-simulate-eviction3VMNic/ipConfigurations/ipconfigvm-simulate-eviction3\"\
        ,\r\n        \"etag\": \"W/\\\"b5b0731a-a6f7-4b6c-b8eb-8602c2006b16\\\"\"\
        ,\r\n        \"type\": \"Microsoft.Network/networkInterfaces/ipConfigurations\"\
        ,\r\n        \"properties\": {\r\n          \"provisioningState\": \"Succeeded\"\
        ,\r\n          \"privateIPAddress\": \"10.0.0.6\",\r\n          \"privateIPAllocationMethod\"\
        : \"Dynamic\",\r\n          \"publicIPAddress\": {\r\n            \"id\":\
        \ \"/subscriptions/00000000-0000-0000-0000-000000000000/resourceGroups/cli_test_vm_simulate_eviction000001/providers/Microsoft.Network/publicIPAddresses/vm-simulate-eviction3PublicIP\"\
        \r\n          },\r\n          \"subnet\": {\r\n            \"id\": \"/subscriptions/00000000-0000-0000-0000-000000000000/resourceGroups/cli_test_vm_simulate_eviction000001/providers/Microsoft.Network/virtualNetworks/vm-simualte-eviction1VNET/subnets/vm-simualte-eviction1Subnet\"\
        \r\n          },\r\n          \"primary\": true,\r\n          \"privateIPAddressVersion\"\
        : \"IPv4\"\r\n        }\r\n      }\r\n    ],\r\n    \"dnsSettings\": {\r\n\
        \      \"dnsServers\": [],\r\n      \"appliedDnsServers\": [],\r\n      \"\
        internalDomainNameSuffix\": \"4x05rgbrb2wutovqkq1totk53h.bx.internal.cloudapp.net\"\
        \r\n    },\r\n    \"macAddress\": \"00-22-48-28-F5-0F\",\r\n    \"enableAcceleratedNetworking\"\
        : false,\r\n    \"vnetEncryptionSupported\": false,\r\n    \"enableIPForwarding\"\
        : false,\r\n    \"networkSecurityGroup\": {\r\n      \"id\": \"/subscriptions/00000000-0000-0000-0000-000000000000/resourceGroups/cli_test_vm_simulate_eviction000001/providers/Microsoft.Network/networkSecurityGroups/vm-simulate-eviction3NSG\"\
        \r\n    },\r\n    \"primary\": true,\r\n    \"virtualMachine\": {\r\n    \
        \  \"id\": \"/subscriptions/00000000-0000-0000-0000-000000000000/resourceGroups/cli_test_vm_simulate_eviction000001/providers/Microsoft.Compute/virtualMachines/vm-simulate-eviction3\"\
        \r\n    },\r\n    \"hostedWorkloads\": [],\r\n    \"tapConfigurations\": [],\r\
        \n    \"nicType\": \"Standard\",\r\n    \"allowPort25Out\": true\r\n  },\r\
        \n  \"type\": \"Microsoft.Network/networkInterfaces\",\r\n  \"location\":\
        \ \"eastus\",\r\n  \"kind\": \"Regular\"\r\n}"
    headers:
      cache-control:
      - no-cache
      content-length:
      - '2684'
      content-type:
      - application/json; charset=utf-8
      date:
      - Wed, 15 Mar 2023 05:28:06 GMT
      etag:
      - W/"b5b0731a-a6f7-4b6c-b8eb-8602c2006b16"
      expires:
      - '-1'
      pragma:
      - no-cache
      server:
      - Microsoft-HTTPAPI/2.0
      - Microsoft-HTTPAPI/2.0
      strict-transport-security:
      - max-age=31536000; includeSubDomains
      transfer-encoding:
      - chunked
      vary:
      - Accept-Encoding
      x-content-type-options:
      - nosniff
      x-ms-arm-service-request-id:
      - 2a71b9bf-c4f2-4027-a0f5-eafa219e6597
    status:
      code: 200
      message: OK
- request:
    body: null
    headers:
      Accept:
      - application/json
      Accept-Encoding:
      - gzip, deflate
      CommandName:
      - vm create
      Connection:
      - keep-alive
      ParameterSetName:
      - --resource-group --name --admin-username --admin-password --authentication-type
        --location --image --priority --eviction-policy --nsg-rule
      User-Agent:
      - AZURECLI/2.46.0 azsdk-python-azure-mgmt-network/21.0.1 Python/3.10.9 (Windows-10-10.0.22621-SP0)
    method: GET
    uri: https://management.azure.com/subscriptions/00000000-0000-0000-0000-000000000000/resourceGroups/cli_test_vm_simulate_eviction000001/providers/Microsoft.Network/publicIPAddresses/vm-simulate-eviction3PublicIP?api-version=2022-01-01
  response:
    body:
      string: "{\r\n  \"name\": \"vm-simulate-eviction3PublicIP\",\r\n  \"id\": \"\
        /subscriptions/00000000-0000-0000-0000-000000000000/resourceGroups/cli_test_vm_simulate_eviction000001/providers/Microsoft.Network/publicIPAddresses/vm-simulate-eviction3PublicIP\"\
        ,\r\n  \"etag\": \"W/\\\"2e7a38e7-8fe9-41e7-86bf-4370efac69bd\\\"\",\r\n \
        \ \"location\": \"eastus\",\r\n  \"tags\": {},\r\n  \"properties\": {\r\n\
        \    \"provisioningState\": \"Succeeded\",\r\n    \"resourceGuid\": \"d3e636be-7adb-4375-9d8d-e110886a7392\"\
        ,\r\n    \"ipAddress\": \"20.106.157.208\",\r\n    \"publicIPAddressVersion\"\
        : \"IPv4\",\r\n    \"publicIPAllocationMethod\": \"Dynamic\",\r\n    \"idleTimeoutInMinutes\"\
        : 4,\r\n    \"ipTags\": [],\r\n    \"ipConfiguration\": {\r\n      \"id\"\
        : \"/subscriptions/00000000-0000-0000-0000-000000000000/resourceGroups/cli_test_vm_simulate_eviction000001/providers/Microsoft.Network/networkInterfaces/vm-simulate-eviction3VMNic/ipConfigurations/ipconfigvm-simulate-eviction3\"\
        \r\n    }\r\n  },\r\n  \"type\": \"Microsoft.Network/publicIPAddresses\",\r\
        \n  \"sku\": {\r\n    \"name\": \"Basic\",\r\n    \"tier\": \"Regional\"\r\
        \n  }\r\n}"
    headers:
      cache-control:
      - no-cache
      content-length:
      - '1015'
      content-type:
      - application/json; charset=utf-8
      date:
      - Wed, 15 Mar 2023 05:28:07 GMT
      etag:
      - W/"2e7a38e7-8fe9-41e7-86bf-4370efac69bd"
      expires:
      - '-1'
      pragma:
      - no-cache
      server:
      - Microsoft-HTTPAPI/2.0
      - Microsoft-HTTPAPI/2.0
      strict-transport-security:
      - max-age=31536000; includeSubDomains
      transfer-encoding:
      - chunked
      vary:
      - Accept-Encoding
      x-content-type-options:
      - nosniff
      x-ms-arm-service-request-id:
      - 38d8a98a-07c8-4f61-9c5c-ad8de3b050e5
    status:
      code: 200
      message: OK
- request:
    body: null
    headers:
      Accept:
      - application/json
      Accept-Encoding:
      - gzip, deflate
      CommandName:
      - vm simulate-eviction
      Connection:
      - keep-alive
      Content-Length:
      - '0'
      ParameterSetName:
      - --resource-group --name
      User-Agent:
      - AZURECLI/2.46.0 azsdk-python-azure-mgmt-compute/29.1.0 Python/3.10.9 (Windows-10-10.0.22621-SP0)
    method: POST
    uri: https://management.azure.com/subscriptions/00000000-0000-0000-0000-000000000000/resourceGroups/cli_test_vm_simulate_eviction000001/providers/Microsoft.Compute/virtualMachines/vm-simulate-eviction3/simulateEviction?api-version=2022-11-01
  response:
    body:
      string: ''
    headers:
      cache-control:
      - no-cache
      date:
      - Wed, 15 Mar 2023 05:28:09 GMT
      expires:
      - '-1'
      pragma:
      - no-cache
      server:
      - Microsoft-HTTPAPI/2.0
      - Microsoft-HTTPAPI/2.0
      strict-transport-security:
      - max-age=31536000; includeSubDomains
      x-content-type-options:
      - nosniff
      x-ms-ratelimit-remaining-resource:
      - Microsoft.Compute/DeleteVM3Min;239,Microsoft.Compute/DeleteVM30Min;1195
      x-ms-ratelimit-remaining-subscription-writes:
      - '1198'
    status:
      code: 204
      message: No Content
- request:
    body: null
    headers:
      Accept:
      - application/json
      Accept-Encoding:
      - gzip, deflate
      CommandName:
      - vm list
      Connection:
      - keep-alive
      ParameterSetName:
      - --resource-group
      User-Agent:
      - AZURECLI/2.46.0 azsdk-python-azure-mgmt-compute/29.1.0 Python/3.10.9 (Windows-10-10.0.22621-SP0)
    method: GET
    uri: https://management.azure.com/subscriptions/00000000-0000-0000-0000-000000000000/resourceGroups/cli_test_vm_simulate_eviction000001/providers/Microsoft.Compute/virtualMachines?api-version=2022-11-01
  response:
    body:
      string: "{\r\n  \"value\": [\r\n    {\r\n      \"name\": \"vm-simualte-eviction1\"\
        ,\r\n      \"id\": \"/subscriptions/00000000-0000-0000-0000-000000000000/resourceGroups/cli_test_vm_simulate_eviction000001/providers/Microsoft.Compute/virtualMachines/vm-simualte-eviction1\"\
        ,\r\n      \"type\": \"Microsoft.Compute/virtualMachines\",\r\n      \"location\"\
        : \"eastus\",\r\n      \"tags\": {},\r\n      \"properties\": {\r\n      \
        \  \"vmId\": \"7d4af2a8-6cce-4e48-9c75-eae430369d4d\",\r\n        \"hardwareProfile\"\
        : {\r\n          \"vmSize\": \"Standard_DS1_v2\"\r\n        },\r\n       \
        \ \"storageProfile\": {\r\n          \"imageReference\": {\r\n           \
        \ \"publisher\": \"OpenLogic\",\r\n            \"offer\": \"CentOS\",\r\n\
        \            \"sku\": \"7.5\",\r\n            \"version\": \"latest\",\r\n\
        \            \"exactVersion\": \"7.5.201808150\"\r\n          },\r\n     \
        \     \"osDisk\": {\r\n            \"osType\": \"Linux\",\r\n            \"\
        name\": \"vm-simualte-eviction1_OsDisk_1_8e58da3bace94fbb8cc363cad0a0d523\"\
        ,\r\n            \"createOption\": \"FromImage\",\r\n            \"caching\"\
        : \"ReadWrite\",\r\n            \"managedDisk\": {\r\n              \"storageAccountType\"\
        : \"Premium_LRS\",\r\n              \"id\": \"/subscriptions/00000000-0000-0000-0000-000000000000/resourceGroups/cli_test_vm_simulate_eviction000001/providers/Microsoft.Compute/disks/vm-simualte-eviction1_OsDisk_1_8e58da3bace94fbb8cc363cad0a0d523\"\
        \r\n            },\r\n            \"deleteOption\": \"Detach\",\r\n      \
        \      \"diskSizeGB\": 30\r\n          },\r\n          \"dataDisks\": []\r\
        \n        },\r\n        \"osProfile\": {\r\n          \"computerName\": \"\
        vm-simualte-eviction1\",\r\n          \"adminUsername\": \"azureuser\",\r\n\
        \          \"linuxConfiguration\": {\r\n            \"disablePasswordAuthentication\"\
        : false,\r\n            \"provisionVMAgent\": true,\r\n            \"patchSettings\"\
        : {\r\n              \"patchMode\": \"ImageDefault\",\r\n              \"\
        assessmentMode\": \"ImageDefault\"\r\n            },\r\n            \"enableVMAgentPlatformUpdates\"\
        : false\r\n          },\r\n          \"secrets\": [],\r\n          \"allowExtensionOperations\"\
        : true,\r\n          \"requireGuestProvisionSignal\": true\r\n        },\r\
        \n        \"networkProfile\": {\"networkInterfaces\":[{\"id\":\"/subscriptions/00000000-0000-0000-0000-000000000000/resourceGroups/cli_test_vm_simulate_eviction000001/providers/Microsoft.Network/networkInterfaces/vm-simualte-eviction1VMNic\"\
        }]},\r\n        \"provisioningState\": \"Succeeded\",\r\n        \"priority\"\
        : \"Regular\",\r\n        \"timeCreated\": \"2023-03-15T05:20:00.4047478+00:00\"\
        \r\n      }\r\n    },\r\n    {\r\n      \"name\": \"vm-simulate-eviction2\"\
        ,\r\n      \"id\": \"/subscriptions/00000000-0000-0000-0000-000000000000/resourceGroups/cli_test_vm_simulate_eviction000001/providers/Microsoft.Compute/virtualMachines/vm-simulate-eviction2\"\
        ,\r\n      \"type\": \"Microsoft.Compute/virtualMachines\",\r\n      \"location\"\
        : \"eastus\",\r\n      \"tags\": {},\r\n      \"properties\": {\r\n      \
        \  \"vmId\": \"e692a94d-0d30-4c47-a428-2a79821f408b\",\r\n        \"hardwareProfile\"\
        : {\r\n          \"vmSize\": \"Standard_DS1_v2\"\r\n        },\r\n       \
        \ \"storageProfile\": {\r\n          \"imageReference\": {\r\n           \
        \ \"publisher\": \"OpenLogic\",\r\n            \"offer\": \"CentOS\",\r\n\
        \            \"sku\": \"7.5\",\r\n            \"version\": \"latest\",\r\n\
        \            \"exactVersion\": \"7.5.201808150\"\r\n          },\r\n     \
        \     \"osDisk\": {\r\n            \"osType\": \"Linux\",\r\n            \"\
        name\": \"vm-simulate-eviction2_OsDisk_1_33b935357b2745b2b8f68097db787e3d\"\
        ,\r\n            \"createOption\": \"FromImage\",\r\n            \"caching\"\
        : \"ReadWrite\",\r\n            \"managedDisk\": {\r\n              \"id\"\
        : \"/subscriptions/00000000-0000-0000-0000-000000000000/resourceGroups/cli_test_vm_simulate_eviction000001/providers/Microsoft.Compute/disks/vm-simulate-eviction2_OsDisk_1_33b935357b2745b2b8f68097db787e3d\"\
        \r\n            },\r\n            \"deleteOption\": \"Detach\"\r\n       \
        \   },\r\n          \"dataDisks\": []\r\n        },\r\n        \"osProfile\"\
        : {\r\n          \"computerName\": \"vm-simulate-eviction2\",\r\n        \
        \  \"adminUsername\": \"azureuser\",\r\n          \"linuxConfiguration\":\
        \ {\r\n            \"disablePasswordAuthentication\": false,\r\n         \
        \   \"provisionVMAgent\": true,\r\n            \"patchSettings\": {\r\n  \
        \            \"patchMode\": \"ImageDefault\",\r\n              \"assessmentMode\"\
        : \"ImageDefault\"\r\n            },\r\n            \"enableVMAgentPlatformUpdates\"\
        : false\r\n          },\r\n          \"secrets\": [],\r\n          \"allowExtensionOperations\"\
        : true,\r\n          \"requireGuestProvisionSignal\": true\r\n        },\r\
        \n        \"networkProfile\": {\"networkInterfaces\":[{\"id\":\"/subscriptions/00000000-0000-0000-0000-000000000000/resourceGroups/cli_test_vm_simulate_eviction000001/providers/Microsoft.Network/networkInterfaces/vm-simulate-eviction2VMNic\"\
        }]},\r\n        \"provisioningState\": \"Succeeded\",\r\n        \"priority\"\
        : \"Spot\",\r\n        \"evictionPolicy\": \"Deallocate\",\r\n        \"billingProfile\"\
        : {\r\n          \"maxPrice\": -1.0\r\n        },\r\n        \"timeCreated\"\
        : \"2023-03-15T05:21:53.4052993+00:00\"\r\n      }\r\n    }\r\n  ]\r\n}"
    headers:
      cache-control:
      - no-cache
      content-length:
      - '4802'
      content-type:
      - application/json; charset=utf-8
      date:
      - Wed, 15 Mar 2023 05:31:10 GMT
      expires:
      - '-1'
      pragma:
      - no-cache
      server:
      - Microsoft-HTTPAPI/2.0
      - Microsoft-HTTPAPI/2.0
      strict-transport-security:
      - max-age=31536000; includeSubDomains
      transfer-encoding:
      - chunked
      vary:
      - Accept-Encoding
      x-content-type-options:
      - nosniff
      x-ms-ratelimit-remaining-resource:
      - Microsoft.Compute/HighCostGet3Min;139,Microsoft.Compute/HighCostGet30Min;699
    status:
      code: 200
      message: OK
- request:
    body: null
    headers:
      Accept:
      - application/json
      Accept-Encoding:
      - gzip, deflate
      CommandName:
      - vm show
      Connection:
      - keep-alive
      ParameterSetName:
      - --resource-group --name
      User-Agent:
      - AZURECLI/2.46.0 azsdk-python-azure-mgmt-compute/29.1.0 Python/3.10.9 (Windows-10-10.0.22621-SP0)
    method: GET
    uri: https://management.azure.com/subscriptions/00000000-0000-0000-0000-000000000000/resourceGroups/cli_test_vm_simulate_eviction000001/providers/Microsoft.Compute/virtualMachines/vm-simulate-eviction3?api-version=2022-11-01
  response:
    body:
      string: "{\r\n  \"error\": {\r\n    \"code\": \"NotFound\",\r\n    \"message\"\
        : \"The entity was not found in this Azure location.\"\r\n  }\r\n}"
    headers:
      cache-control:
      - no-cache
      content-length:
      - '115'
      content-type:
      - application/json; charset=utf-8
      date:
      - Wed, 15 Mar 2023 05:31:12 GMT
      expires:
      - '-1'
      pragma:
      - no-cache
      server:
      - Microsoft-HTTPAPI/2.0
      - Microsoft-HTTPAPI/2.0
      strict-transport-security:
      - max-age=31536000; includeSubDomains
      x-content-type-options:
      - nosniff
      x-ms-ratelimit-remaining-resource:
      - Microsoft.Compute/LowCostGet3Min;3997,Microsoft.Compute/LowCostGet30Min;31976
    status:
      code: 404
      message: Not Found
version: 1
