interactions:
- request:
    body: null
    headers:
      Accept:
      - application/json
      Accept-Encoding:
      - gzip, deflate
      CommandName:
      - vmss create
      Connection:
      - keep-alive
      ParameterSetName:
      - -g -n --image --admin-username --generate-ssh-keys --orchestration-mode --lb-sku
      User-Agent:
      - AZURECLI/2.69.0 azsdk-python-core/1.31.0 Python/3.12.9 (Windows-10-10.0.19045-SP0)
    method: GET
    uri: https://management.azure.com/subscriptions/00000000-0000-0000-0000-000000000000/resourcegroups/cli_test_vmss_run_command_w_params000001?api-version=2022-09-01
  response:
    body:
      string: '{"id":"/subscriptions/00000000-0000-0000-0000-000000000000/resourceGroups/cli_test_vmss_run_command_w_params000001","name":"cli_test_vmss_run_command_w_params000001","type":"Microsoft.Resources/resourceGroups","location":"westus","tags":{"product":"azurecli","cause":"automation","test":"test_vmss_run_command_with_parameters","date":"2025-02-20T17:35:02Z","module":"vm"},"properties":{"provisioningState":"Succeeded"}}'
    headers:
      cache-control:
      - no-cache
      content-length:
      - '419'
      content-type:
      - application/json; charset=utf-8
      date:
      - Thu, 20 Feb 2025 17:35:06 GMT
      expires:
      - '-1'
      pragma:
      - no-cache
      strict-transport-security:
      - max-age=31536000; includeSubDomains
      x-content-type-options:
      - nosniff
      x-ms-ratelimit-remaining-subscription-global-reads:
      - '3749'
    status:
      code: 200
      message: OK
- request:
    body: null
    headers:
      Accept:
      - application/json
      Accept-Encoding:
      - gzip, deflate
      CommandName:
      - vmss create
      Connection:
      - keep-alive
      ParameterSetName:
      - -g -n --image --admin-username --generate-ssh-keys --orchestration-mode --lb-sku
      User-Agent:
      - AZURECLI/2.69.0 azsdk-python-core/1.31.0 Python/3.12.9 (Windows-10-10.0.19045-SP0)
    method: GET
    uri: https://management.azure.com/subscriptions/00000000-0000-0000-0000-000000000000/providers/Microsoft.Compute/locations/westus/publishers/Debian/artifacttypes/vmimage/offers/debian-10/skus/10/versions?$top=1&$orderby=name%20desc&api-version=2024-07-01
  response:
    body:
      string: "[\r\n  {\r\n    \"location\": \"westus\",\r\n    \"name\": \"0.20240430.1733\",\r\n
        \   \"id\": \"/Subscriptions/00000000-0000-0000-0000-000000000000/Providers/Microsoft.Compute/Locations/westus/Publishers/Debian/ArtifactTypes/VMImage/Offers/debian-10/Skus/10/Versions/0.20240430.1733\"\r\n
        \ }\r\n]"
    headers:
      cache-control:
      - no-cache
      content-length:
      - '273'
      content-type:
      - application/json; charset=utf-8
      date:
      - Thu, 20 Feb 2025 17:35:08 GMT
      expires:
      - '-1'
      pragma:
      - no-cache
      server:
      - Microsoft-HTTPAPI/2.0
      - Microsoft-HTTPAPI/2.0
      strict-transport-security:
      - max-age=31536000; includeSubDomains
      x-content-type-options:
      - nosniff
      x-ms-operation-identifier:
      - tenantId=54826b22-38d6-4fb2-bad9-b7b93a3e9c5a,objectId=a7250e3a-0e5e-48e2-9a34-45f1f5e1a91e/eastus2euap/441cc49f-8bb7-43a5-8a56-32dbc0fa882c
      x-ms-ratelimit-remaining-resource:
      - Microsoft.Compute/ListVMImagesVersionsFromLocation3Min;15999,Microsoft.Compute/ListVMImagesVersionsFromLocation30Min;43956
      x-ms-ratelimit-remaining-subscription-global-reads:
      - '3749'
    status:
      code: 200
      message: OK
- request:
    body: null
    headers:
      Accept:
      - application/json
      Accept-Encoding:
      - gzip, deflate
      CommandName:
      - vmss create
      Connection:
      - keep-alive
      ParameterSetName:
      - -g -n --image --admin-username --generate-ssh-keys --orchestration-mode --lb-sku
      User-Agent:
      - AZURECLI/2.69.0 azsdk-python-core/1.31.0 Python/3.12.9 (Windows-10-10.0.19045-SP0)
    method: GET
    uri: https://management.azure.com/subscriptions/00000000-0000-0000-0000-000000000000/providers/Microsoft.Compute/locations/westus/publishers/Debian/artifacttypes/vmimage/offers/debian-10/skus/10/versions/0.20240430.1733?api-version=2024-07-01
  response:
    body:
      string: "{\r\n  \"properties\": {\r\n    \"hyperVGeneration\": \"V1\",\r\n    \"architecture\":
        \"x64\",\r\n    \"replicaType\": \"Unmanaged\",\r\n    \"disallowed\": {\r\n
        \     \"vmDiskType\": \"None\"\r\n    },\r\n    \"automaticOSUpgradeProperties\":
        {\r\n      \"automaticOSUpgradeSupported\": false\r\n    },\r\n    \"imageDeprecationStatus\":
        {\r\n      \"imageState\": \"Active\"\r\n    },\r\n    \"features\": [\r\n
        \     {\r\n        \"name\": \"IsAcceleratedNetworkSupported\",\r\n        \"value\":
        \"True\"\r\n      },\r\n      {\r\n        \"name\": \"DiskControllerTypes\",\r\n
        \       \"value\": \"SCSI\"\r\n      },\r\n      {\r\n        \"name\": \"IsHibernateSupported\",\r\n
        \       \"value\": \"False\"\r\n      }\r\n    ],\r\n    \"osDiskImage\":
        {\r\n      \"operatingSystem\": \"Linux\",\r\n      \"sizeInBytes\": 32212255232\r\n
        \   },\r\n    \"dataDiskImages\": []\r\n  },\r\n  \"location\": \"westus\",\r\n
        \ \"name\": \"0.20240430.1733\",\r\n  \"id\": \"/Subscriptions/00000000-0000-0000-0000-000000000000/Providers/Microsoft.Compute/Locations/westus/Publishers/Debian/ArtifactTypes/VMImage/Offers/debian-10/Skus/10/Versions/0.20240430.1733\"\r\n}"
    headers:
      cache-control:
      - no-cache
      content-length:
      - '1008'
      content-type:
      - application/json; charset=utf-8
      date:
      - Thu, 20 Feb 2025 17:35:09 GMT
      expires:
      - '-1'
      pragma:
      - no-cache
      server:
      - Microsoft-HTTPAPI/2.0
      - Microsoft-HTTPAPI/2.0
      strict-transport-security:
      - max-age=31536000; includeSubDomains
      x-content-type-options:
      - nosniff
      x-ms-operation-identifier:
      - tenantId=54826b22-38d6-4fb2-bad9-b7b93a3e9c5a,objectId=a7250e3a-0e5e-48e2-9a34-45f1f5e1a91e/eastus2euap/767c42b6-0405-47b2-97f7-3746dd8fef55
      x-ms-ratelimit-remaining-resource:
      - Microsoft.Compute/GetVMImageFromLocation3Min;12999,Microsoft.Compute/GetVMImageFromLocation30Min;73958
      x-ms-ratelimit-remaining-subscription-global-reads:
      - '3749'
    status:
      code: 200
      message: OK
- request:
    body: null
    headers:
      Accept:
      - application/json
      Accept-Encoding:
      - gzip, deflate
      CommandName:
      - vmss create
      Connection:
      - keep-alive
      ParameterSetName:
      - -g -n --image --admin-username --generate-ssh-keys --orchestration-mode --lb-sku
      User-Agent:
      - AZURECLI/2.69.0 azsdk-python-core/1.31.0 Python/3.12.9 (Windows-10-10.0.19045-SP0)
    method: GET
    uri: https://management.azure.com/subscriptions/00000000-0000-0000-0000-000000000000/resourceGroups/cli_test_vmss_run_command_w_params000001/providers/Microsoft.Network/virtualNetworks?api-version=2022-01-01
  response:
    body:
      string: '{"value":[]}'
    headers:
      cache-control:
      - no-cache
      content-length:
      - '12'
      content-type:
      - application/json; charset=utf-8
      date:
      - Thu, 20 Feb 2025 17:35:11 GMT
      expires:
      - '-1'
      pragma:
      - no-cache
      strict-transport-security:
      - max-age=31536000; includeSubDomains
      x-content-type-options:
      - nosniff
      x-ms-ratelimit-remaining-subscription-global-reads:
      - '3749'
    status:
      code: 200
      message: OK
- request:
    body: null
    headers:
      Accept:
      - application/json
      Accept-Encoding:
      - gzip, deflate
      CommandName:
      - vmss create
      Connection:
      - keep-alive
      ParameterSetName:
      - -g -n --image --admin-username --generate-ssh-keys --orchestration-mode --lb-sku
      User-Agent:
      - AZURECLI/2.69.0 azsdk-python-core/1.31.0 Python/3.12.9 (Windows-10-10.0.19045-SP0)
    method: GET
    uri: https://management.azure.com/subscriptions/00000000-0000-0000-0000-000000000000/providers/Microsoft.Compute/locations/westus/publishers/Debian/artifacttypes/vmimage/offers/debian-10/skus/10/versions?$top=1&$orderby=name%20desc&api-version=2024-07-01
  response:
    body:
      string: "[\r\n  {\r\n    \"location\": \"westus\",\r\n    \"name\": \"0.20240430.1733\",\r\n
        \   \"id\": \"/Subscriptions/00000000-0000-0000-0000-000000000000/Providers/Microsoft.Compute/Locations/westus/Publishers/Debian/ArtifactTypes/VMImage/Offers/debian-10/Skus/10/Versions/0.20240430.1733\"\r\n
        \ }\r\n]"
    headers:
      cache-control:
      - no-cache
      content-length:
      - '273'
      content-type:
      - application/json; charset=utf-8
      date:
      - Thu, 20 Feb 2025 17:35:13 GMT
      expires:
      - '-1'
      pragma:
      - no-cache
      server:
      - Microsoft-HTTPAPI/2.0
      - Microsoft-HTTPAPI/2.0
      strict-transport-security:
      - max-age=31536000; includeSubDomains
      x-content-type-options:
      - nosniff
      x-ms-operation-identifier:
      - tenantId=54826b22-38d6-4fb2-bad9-b7b93a3e9c5a,objectId=a7250e3a-0e5e-48e2-9a34-45f1f5e1a91e/eastus2euap/054ea9bb-09e6-414a-98ca-daadc4e83d72
      x-ms-ratelimit-remaining-resource:
      - Microsoft.Compute/ListVMImagesVersionsFromLocation3Min;15998,Microsoft.Compute/ListVMImagesVersionsFromLocation30Min;43955
      x-ms-ratelimit-remaining-subscription-global-reads:
      - '3749'
    status:
      code: 200
      message: OK
- request:
    body: null
    headers:
      Accept:
      - application/json
      Accept-Encoding:
      - gzip, deflate
      CommandName:
      - vmss create
      Connection:
      - keep-alive
      ParameterSetName:
      - -g -n --image --admin-username --generate-ssh-keys --orchestration-mode --lb-sku
      User-Agent:
      - AZURECLI/2.69.0 azsdk-python-core/1.31.0 Python/3.12.9 (Windows-10-10.0.19045-SP0)
    method: GET
    uri: https://management.azure.com/subscriptions/00000000-0000-0000-0000-000000000000/providers/Microsoft.Compute/locations/westus/publishers/Debian/artifacttypes/vmimage/offers/debian-10/skus/10/versions/0.20240430.1733?api-version=2024-07-01
  response:
    body:
      string: "{\r\n  \"properties\": {\r\n    \"hyperVGeneration\": \"V1\",\r\n    \"architecture\":
        \"x64\",\r\n    \"replicaType\": \"Unmanaged\",\r\n    \"disallowed\": {\r\n
        \     \"vmDiskType\": \"None\"\r\n    },\r\n    \"automaticOSUpgradeProperties\":
        {\r\n      \"automaticOSUpgradeSupported\": false\r\n    },\r\n    \"imageDeprecationStatus\":
        {\r\n      \"imageState\": \"Active\"\r\n    },\r\n    \"features\": [\r\n
        \     {\r\n        \"name\": \"IsAcceleratedNetworkSupported\",\r\n        \"value\":
        \"True\"\r\n      },\r\n      {\r\n        \"name\": \"DiskControllerTypes\",\r\n
        \       \"value\": \"SCSI\"\r\n      },\r\n      {\r\n        \"name\": \"IsHibernateSupported\",\r\n
        \       \"value\": \"False\"\r\n      }\r\n    ],\r\n    \"osDiskImage\":
        {\r\n      \"operatingSystem\": \"Linux\",\r\n      \"sizeInBytes\": 32212255232\r\n
        \   },\r\n    \"dataDiskImages\": []\r\n  },\r\n  \"location\": \"westus\",\r\n
        \ \"name\": \"0.20240430.1733\",\r\n  \"id\": \"/Subscriptions/00000000-0000-0000-0000-000000000000/Providers/Microsoft.Compute/Locations/westus/Publishers/Debian/ArtifactTypes/VMImage/Offers/debian-10/Skus/10/Versions/0.20240430.1733\"\r\n}"
    headers:
      cache-control:
      - no-cache
      content-length:
      - '1008'
      content-type:
      - application/json; charset=utf-8
      date:
      - Thu, 20 Feb 2025 17:35:14 GMT
      expires:
      - '-1'
      pragma:
      - no-cache
      server:
      - Microsoft-HTTPAPI/2.0
      - Microsoft-HTTPAPI/2.0
      strict-transport-security:
      - max-age=31536000; includeSubDomains
      x-content-type-options:
      - nosniff
      x-ms-operation-identifier:
      - tenantId=54826b22-38d6-4fb2-bad9-b7b93a3e9c5a,objectId=a7250e3a-0e5e-48e2-9a34-45f1f5e1a91e/eastus2euap/132d8b24-e5bd-4ba2-8f00-348167951d70
      x-ms-ratelimit-remaining-resource:
      - Microsoft.Compute/GetVMImageFromLocation3Min;12998,Microsoft.Compute/GetVMImageFromLocation30Min;73957
      x-ms-ratelimit-remaining-subscription-global-reads:
      - '3748'
    status:
      code: 200
      message: OK
- request:
    body: null
    headers:
      Accept:
      - application/json
      Accept-Encoding:
      - gzip, deflate
      CommandName:
      - vmss create
      Connection:
      - keep-alive
      ParameterSetName:
      - -g -n --image --admin-username --generate-ssh-keys --orchestration-mode --lb-sku
      User-Agent:
      - AZURECLI/2.69.0 azsdk-python-core/1.31.0 Python/3.12.9 (Windows-10-10.0.19045-SP0)
    method: GET
    uri: https://management.azure.com/subscriptions/00000000-0000-0000-0000-000000000000/providers/Microsoft.Compute/locations/westus/publishers/Debian/artifacttypes/vmimage/offers/debian-10/skus/10/versions?$top=1&$orderby=name%20desc&api-version=2024-07-01
  response:
    body:
      string: "[\r\n  {\r\n    \"location\": \"westus\",\r\n    \"name\": \"0.20240430.1733\",\r\n
        \   \"id\": \"/Subscriptions/00000000-0000-0000-0000-000000000000/Providers/Microsoft.Compute/Locations/westus/Publishers/Debian/ArtifactTypes/VMImage/Offers/debian-10/Skus/10/Versions/0.20240430.1733\"\r\n
        \ }\r\n]"
    headers:
      cache-control:
      - no-cache
      content-length:
      - '273'
      content-type:
      - application/json; charset=utf-8
      date:
      - Thu, 20 Feb 2025 17:35:16 GMT
      expires:
      - '-1'
      pragma:
      - no-cache
      server:
      - Microsoft-HTTPAPI/2.0
      - Microsoft-HTTPAPI/2.0
      strict-transport-security:
      - max-age=31536000; includeSubDomains
      x-content-type-options:
      - nosniff
      x-ms-operation-identifier:
      - tenantId=54826b22-38d6-4fb2-bad9-b7b93a3e9c5a,objectId=a7250e3a-0e5e-48e2-9a34-45f1f5e1a91e/eastus2euap/bafd7020-a2e2-4bdf-9636-bb842fb4773a
      x-ms-ratelimit-remaining-resource:
      - Microsoft.Compute/ListVMImagesVersionsFromLocation3Min;15997,Microsoft.Compute/ListVMImagesVersionsFromLocation30Min;43954
      x-ms-ratelimit-remaining-subscription-global-reads:
      - '3749'
    status:
      code: 200
      message: OK
- request:
    body: null
    headers:
      Accept:
      - application/json
      Accept-Encoding:
      - gzip, deflate
      CommandName:
      - vmss create
      Connection:
      - keep-alive
      ParameterSetName:
      - -g -n --image --admin-username --generate-ssh-keys --orchestration-mode --lb-sku
      User-Agent:
      - AZURECLI/2.69.0 azsdk-python-core/1.31.0 Python/3.12.9 (Windows-10-10.0.19045-SP0)
    method: GET
    uri: https://management.azure.com/subscriptions/00000000-0000-0000-0000-000000000000/providers/Microsoft.Compute/locations/westus/publishers/Debian/artifacttypes/vmimage/offers/debian-10/skus/10/versions/0.20240430.1733?api-version=2024-07-01
  response:
    body:
      string: "{\r\n  \"properties\": {\r\n    \"hyperVGeneration\": \"V1\",\r\n    \"architecture\":
        \"x64\",\r\n    \"replicaType\": \"Unmanaged\",\r\n    \"disallowed\": {\r\n
        \     \"vmDiskType\": \"None\"\r\n    },\r\n    \"automaticOSUpgradeProperties\":
        {\r\n      \"automaticOSUpgradeSupported\": false\r\n    },\r\n    \"imageDeprecationStatus\":
        {\r\n      \"imageState\": \"Active\"\r\n    },\r\n    \"features\": [\r\n
        \     {\r\n        \"name\": \"IsAcceleratedNetworkSupported\",\r\n        \"value\":
        \"True\"\r\n      },\r\n      {\r\n        \"name\": \"DiskControllerTypes\",\r\n
        \       \"value\": \"SCSI\"\r\n      },\r\n      {\r\n        \"name\": \"IsHibernateSupported\",\r\n
        \       \"value\": \"False\"\r\n      }\r\n    ],\r\n    \"osDiskImage\":
        {\r\n      \"operatingSystem\": \"Linux\",\r\n      \"sizeInBytes\": 32212255232\r\n
        \   },\r\n    \"dataDiskImages\": []\r\n  },\r\n  \"location\": \"westus\",\r\n
        \ \"name\": \"0.20240430.1733\",\r\n  \"id\": \"/Subscriptions/00000000-0000-0000-0000-000000000000/Providers/Microsoft.Compute/Locations/westus/Publishers/Debian/ArtifactTypes/VMImage/Offers/debian-10/Skus/10/Versions/0.20240430.1733\"\r\n}"
    headers:
      cache-control:
      - no-cache
      content-length:
      - '1008'
      content-type:
      - application/json; charset=utf-8
      date:
      - Thu, 20 Feb 2025 17:35:17 GMT
      expires:
      - '-1'
      pragma:
      - no-cache
      server:
      - Microsoft-HTTPAPI/2.0
      - Microsoft-HTTPAPI/2.0
      strict-transport-security:
      - max-age=31536000; includeSubDomains
      x-content-type-options:
      - nosniff
      x-ms-operation-identifier:
      - tenantId=54826b22-38d6-4fb2-bad9-b7b93a3e9c5a,objectId=a7250e3a-0e5e-48e2-9a34-45f1f5e1a91e/eastus2euap/a6f9cdb2-0250-4be5-806f-777b86e4a9fe
      x-ms-ratelimit-remaining-resource:
      - Microsoft.Compute/GetVMImageFromLocation3Min;12997,Microsoft.Compute/GetVMImageFromLocation30Min;73956
      x-ms-ratelimit-remaining-subscription-global-reads:
      - '3748'
    status:
      code: 200
      message: OK
- request:
    body: '{"properties": {"template": {"$schema": "https://schema.management.azure.com/schemas/2015-01-01/deploymentTemplate.json#",
      "contentVersion": "1.0.0.0", "parameters": {}, "variables": {}, "resources":
      [{"name": "test-run-command-vmss2VNET", "type": "Microsoft.Network/virtualNetworks",
      "location": "westus", "apiVersion": "2015-06-15", "dependsOn": [], "tags": {},
      "properties": {"addressSpace": {"addressPrefixes": ["10.0.0.0/16"]}, "subnets":
      [{"name": "test-run-command-vmss2Subnet", "properties": {"addressPrefix": "10.0.0.0/24"}}]}},
      {"apiVersion": "2022-01-01", "type": "Microsoft.Network/publicIPAddresses",
      "name": "test-run-command-vmss2LBPublicIP", "location": "westus", "tags": {},
      "dependsOn": [], "properties": {"publicIPAllocationMethod": "Static"}, "sku":
      {"name": "Standard"}}, {"type": "Microsoft.Network/loadBalancers", "name": "test-run-command-vmss2LB",
      "location": "westus", "tags": {}, "apiVersion": "2022-01-01", "dependsOn": ["Microsoft.Network/virtualNetworks/test-run-command-vmss2VNET",
      "Microsoft.Network/publicIpAddresses/test-run-command-vmss2LBPublicIP"], "properties":
      {"backendAddressPools": [{"name": "test-run-command-vmss2LBBEPool"}], "frontendIPConfigurations":
      [{"name": "loadBalancerFrontEnd", "properties": {"publicIPAddress": {"id": "/subscriptions/00000000-0000-0000-0000-000000000000/resourceGroups/cli_test_vmss_run_command_w_params000001/providers/Microsoft.Network/publicIPAddresses/test-run-command-vmss2LBPublicIP"}}}],
      "loadBalancingRules": [{"name": "LBRule", "properties": {"frontendIPConfiguration":
      {"id": "[concat(resourceId(''Microsoft.Network/loadBalancers'', ''test-run-command-vmss2LB''),
      ''/frontendIPConfigurations/'', ''loadBalancerFrontEnd'')]"}, "backendAddressPool":
      {"id": "[concat(resourceId(''Microsoft.Network/loadBalancers'', ''test-run-command-vmss2LB''),
      ''/backendAddressPools/'', ''test-run-command-vmss2LBBEPool'')]"}, "protocol":
      "tcp", "frontendPort": 80, "backendPort": 80, "enableFloatingIP": false, "idleTimeoutInMinutes":
      5}}]}, "sku": {"name": "Standard"}}, {"type": "Microsoft.Network/networkSecurityGroups",
      "name": "test-run-command-vmss2NSG", "apiVersion": "2015-06-15", "location":
      "westus", "tags": {}, "dependsOn": [], "properties": {"securityRules": [{"name":
      "default-allow-ssh", "properties": {"protocol": "Tcp", "sourcePortRange": "*",
      "destinationPortRange": "22", "sourceAddressPrefix": "*", "destinationAddressPrefix":
      "*", "access": "Allow", "priority": 1000, "direction": "Inbound"}}]}}, {"type":
      "Microsoft.Network/loadBalancers/inboundNatRules", "apiVersion": "2022-01-01",
      "name": "test-run-command-vmss2LB/NatRule", "location": "westus", "properties":
      {"frontendIPConfiguration": {"id": "[concat(resourceId(''Microsoft.Network/loadBalancers'',
      ''test-run-command-vmss2LB''), ''/frontendIPConfigurations/'', ''loadBalancerFrontEnd'')]"},
      "backendAddressPool": {"id": "[concat(resourceId(''Microsoft.Network/loadBalancers'',
      ''test-run-command-vmss2LB''), ''/backendAddressPools/'', ''test-run-command-vmss2LBBEPool'')]"},
      "backendPort": 22, "frontendPortRangeStart": "50000", "frontendPortRangeEnd":
      "50119", "protocol": "tcp", "idleTimeoutInMinutes": 5}, "dependsOn": ["[concat(''Microsoft.Network/loadBalancers/'',
      ''test-run-command-vmss2LB'')]"]}, {"type": "Microsoft.Compute/virtualMachineScaleSets",
      "name": "test-run-command-vmss2", "location": "westus", "tags": {}, "apiVersion":
      "2024-07-01", "dependsOn": ["Microsoft.Network/virtualNetworks/test-run-command-vmss2VNET",
      "Microsoft.Network/loadBalancers/test-run-command-vmss2LB", "Microsoft.Network/networkSecurityGroups/test-run-command-vmss2NSG"],
      "properties": {"overprovision": true, "upgradePolicy": {"mode": "manual"}, "singlePlacementGroup":
      null, "virtualMachineProfile": {"storageProfile": {"osDisk": {"createOption":
      "FromImage", "caching": "ReadWrite", "managedDisk": {"storageAccountType": null}},
      "imageReference": {"publisher": "Debian", "offer": "debian-10", "sku": "10",
      "version": "latest"}}, "osProfile": {"computerNamePrefix": "testrea58", "adminUsername":
      "clitest1", "linuxConfiguration": {"disablePasswordAuthentication": true, "ssh":
      {"publicKeys": [{"path": "/home/clitest1/.ssh/authorized_keys", "keyData": "ssh-rsa
      AAAAB3NzaC1yc2EAAAADAQABAAABAQDy4KT6QZuyFbmWDdF/Vdc7B8PzU/TrgtnZNHofoVGpHUY9emsn6t3OhrT8y+he9stKP+CfcOEhR38Rn8gCJXdeo6VX3OyeCrkPMw+PZEj+TJi3Yp+N/BXritww+I8HFF+vihoKBPFP3DQSeq7VMQWGfFmf67Dm0r2F8CLvnqWPcrBx14GelF4vg3P3dDltHh9ZedEcNYA1b0+BcupL8249JVsv38oSMw3bTxTVzFzLY0KCgQno2HOt0VsZSvIp76UO4io4msPdmJm1NLIJ4s5YK6lHdnp8w+kuZi/pZyQx8GKbKjEqaxQaPDy5tHE5ohvIxqwZcewN7rlUJ3ZVYibd"}]}}},
      "networkProfile": {"networkInterfaceConfigurations": [{"name": "testrea58Nic",
      "properties": {"ipConfigurations": [{"name": "testrea58IPConfig", "properties":
      {"subnet": {"id": "/subscriptions/00000000-0000-0000-0000-000000000000/resourceGroups/cli_test_vmss_run_command_w_params000001/providers/Microsoft.Network/virtualNetworks/test-run-command-vmss2VNET/subnets/test-run-command-vmss2Subnet"},
      "loadBalancerBackendAddressPools": [{"id": "/subscriptions/00000000-0000-0000-0000-000000000000/resourceGroups/cli_test_vmss_run_command_w_params000001/providers/Microsoft.Network/loadBalancers/test-run-command-vmss2LB/backendAddressPools/test-run-command-vmss2LBBEPool"}]}}],
      "networkSecurityGroup": {"id": "[resourceId(''Microsoft.Network/networkSecurityGroups'',
      ''test-run-command-vmss2NSG'')]"}, "primary": "true"}}]}}, "orchestrationMode":
      "Uniform"}, "sku": {"name": "Standard_DS1_v2", "capacity": 2}}], "outputs":
      {"VMSS": {"type": "object", "value": "[reference(resourceId(''Microsoft.Compute/virtualMachineScaleSets'',
      ''test-run-command-vmss2''),providers(''Microsoft.Compute'', ''virtualMachineScaleSets'').apiVersions[0])]"}}},
      "parameters": {}, "mode": "incremental"}}'
    headers:
      Accept:
      - application/json
      Accept-Encoding:
      - gzip, deflate
      CommandName:
      - vmss create
      Connection:
      - keep-alive
      Content-Length:
      - '5711'
      Content-Type:
      - application/json
      ParameterSetName:
      - -g -n --image --admin-username --generate-ssh-keys --orchestration-mode --lb-sku
      User-Agent:
      - AZURECLI/2.69.0 azsdk-python-core/1.31.0 Python/3.12.9 (Windows-10-10.0.19045-SP0)
    method: PUT
    uri: https://management.azure.com/subscriptions/00000000-0000-0000-0000-000000000000/resourcegroups/cli_test_vmss_run_command_w_params000001/providers/Microsoft.Resources/deployments/mock-deployment?api-version=2022-09-01
  response:
    body:
      string: '{"error":{"code":"InvalidTemplateDeployment","message":"The template
        deployment failed because of policy violation. Please see details for more
        information.","details":[{"code":"RequestDisallowedByPolicy","target":"test-run-command-vmss2NSG","message":"Resource
        ''test-run-command-vmss2NSG'' was disallowed by policy. Policy identifiers:
        ''[{\"policyAssignment\":{\"name\":\"[AzCliTools][SFI-2.5.1] Disable all high
        risk inbound ports for Network Security Group\",\"id\":\"/subscriptions/00000000-0000-0000-0000-000000000000/providers/Microsoft.Authorization/policyAssignments/de132a2be8124ae2ad2819bd\"},\"policyDefinition\":{\"name\":\"[AzCliTools][SFI-2.5.1]
        Disable all high risk inbound ports for Network Security Group\",\"id\":\"/subscriptions/00000000-0000-0000-0000-000000000000/providers/Microsoft.Authorization/policyDefinitions/[AzCliTools][SFI-2.5.1]\",\"version\":\"1.0.0\"}}]''.","additionalInfo":[{"type":"PolicyViolation","info":{"evaluationDetails":{"evaluatedExpressions":[{"result":"True","expressionKind":"Field","expression":"type","path":"type","expressionValue":"Microsoft.Network/networkSecurityGroups","targetValue":"Microsoft.Network/networkSecurityGroups","operator":"Equals"},{"result":"True","expressionKind":"Count","expression":"Microsoft.Network/networkSecurityGroups/securityRules[*]","path":"properties.securityRules[*]","expressionValue":1,"targetValue":0,"operator":"Greater"}]},"policyDefinitionId":"/subscriptions/00000000-0000-0000-0000-000000000000/providers/Microsoft.Authorization/policyDefinitions/[AzCliTools][SFI-2.5.1]","policyDefinitionName":"[AzCliTools][SFI-2.5.1]","policyDefinitionDisplayName":"[AzCliTools][SFI-2.5.1]
        Disable all high risk inbound ports for Network Security Group","policyDefinitionVersion":"1.0.0","policyDefinitionEffect":"deny","policyAssignmentId":"/subscriptions/00000000-0000-0000-0000-000000000000/providers/Microsoft.Authorization/policyAssignments/de132a2be8124ae2ad2819bd","policyAssignmentName":"de132a2be8124ae2ad2819bd","policyAssignmentDisplayName":"[AzCliTools][SFI-2.5.1]
        Disable all high risk inbound ports for Network Security Group","policyAssignmentScope":"/subscriptions/00000000-0000-0000-0000-000000000000","policyAssignmentParameters":{},"policyExemptionIds":[],"policyEnrollmentIds":[]}}]}]}}'
    headers:
      cache-control:
      - no-cache
      content-length:
      - '2283'
      content-type:
      - application/json; charset=utf-8
      date:
      - Thu, 20 Feb 2025 17:35:24 GMT
      expires:
      - '-1'
      pragma:
      - no-cache
      strict-transport-security:
      - max-age=31536000; includeSubDomains
      x-content-type-options:
      - nosniff
      x-ms-failure-cause:
      - gateway
      x-ms-ratelimit-remaining-subscription-global-writes:
      - '2999'
      x-ms-ratelimit-remaining-subscription-writes:
      - '199'
    status:
      code: 400
      message: Bad Request
version: 1
