interactions:
- request:
    body: null
    headers:
      Accept:
      - application/json
      Accept-Encoding:
      - gzip, deflate
      CommandName:
      - vmss create
      Connection:
      - keep-alive
      ParameterSetName:
      - --resource-group --name --image --ephemeral-os-disk --disable-overprovision
        --instance-count --data-disk-sizes-gb --storage-sku --admin-username --admin-password
      User-Agent:
      - AZURECLI/2.36.0 azsdk-python-azure-mgmt-resource/20.0.0 Python/3.8.10 (Windows-10-10.0.22000-SP0)
    method: GET
    uri: https://management.azure.com/subscriptions/00000000-0000-0000-0000-000000000000/resourcegroups/cli_test_vmss_create_ephemeral_os_disk000001?api-version=2021-04-01
  response:
    body:
      string: '{"id":"/subscriptions/00000000-0000-0000-0000-000000000000/resourceGroups/cli_test_vmss_create_ephemeral_os_disk000001","name":"cli_test_vmss_create_ephemeral_os_disk000001","type":"Microsoft.Resources/resourceGroups","location":"westus","tags":{"product":"azurecli","cause":"automation","date":"2022-05-18T09:52:34Z"},"properties":{"provisioningState":"Succeeded"}}'
    headers:
      cache-control:
      - no-cache
      content-length:
      - '366'
      content-type:
      - application/json; charset=utf-8
      date:
      - Wed, 18 May 2022 09:52:36 GMT
      expires:
      - '-1'
      pragma:
      - no-cache
      strict-transport-security:
      - max-age=31536000; includeSubDomains
      vary:
      - Accept-Encoding
      x-content-type-options:
      - nosniff
    status:
      code: 200
      message: OK
- request:
    body: null
    headers:
      Accept:
      - '*/*'
      Accept-Encoding:
      - gzip, deflate
      Connection:
      - keep-alive
      User-Agent:
      - python-requests/2.26.0
    method: GET
    uri: https://raw.githubusercontent.com/Azure/azure-rest-api-specs/main/arm-compute/quickstart-templates/aliases.json
  response:
    body:
      string: "{\n  \"$schema\": \"http://schema.management.azure.com/schemas/2015-01-01/deploymentTemplate.json\",\n
        \ \"contentVersion\": \"1.0.0.0\",\n  \"parameters\": {},\n  \"variables\":
        {},\n  \"resources\": [],\n  \"outputs\": {\n    \"aliases\": {\n      \"type\":
        \"object\",\n      \"value\": {\n        \"Linux\": {\n          \"CentOS\":
        {\n            \"publisher\": \"OpenLogic\",\n            \"offer\": \"CentOS\",\n
        \           \"sku\": \"7.5\",\n            \"version\": \"latest\"\n          },\n
        \         \"Debian\": {\n            \"publisher\": \"Debian\",\n            \"offer\":
        \"debian-10\",\n            \"sku\": \"10\",\n            \"version\": \"latest\"\n
        \         },\n          \"Flatcar\": {\n            \"publisher\": \"kinvolk\",\n
        \           \"offer\": \"flatcar-container-linux-free\",\n            \"sku\":
        \"stable\",\n            \"version\": \"latest\"\n          },\n          \"openSUSE-Leap\":
        {\n            \"publisher\": \"SUSE\",\n            \"offer\": \"opensuse-leap-15-3\",\n
        \           \"sku\": \"gen2\",\n            \"version\": \"latest\"\n          },\n
        \         \"RHEL\": {\n            \"publisher\": \"RedHat\",\n            \"offer\":
        \"RHEL\",\n            \"sku\": \"7-LVM\",\n            \"version\": \"latest\"\n
        \         },\n          \"SLES\": {\n            \"publisher\": \"SUSE\",\n
        \           \"offer\": \"sles-15-sp3\",\n            \"sku\": \"gen2\",\n
        \           \"version\": \"latest\"\n          },\n          \"UbuntuLTS\":
        {\n            \"publisher\": \"Canonical\",\n            \"offer\": \"UbuntuServer\",\n
        \           \"sku\": \"18.04-LTS\",\n            \"version\": \"latest\"\n
        \         }\n        },\n        \"Windows\": {\n          \"Win2022Datacenter\":
        {\n            \"publisher\": \"MicrosoftWindowsServer\",\n            \"offer\":
        \"WindowsServer\",\n            \"sku\": \"2022-Datacenter\",\n            \"version\":
        \"latest\"\n          },\n          \"Win2022AzureEditionCore\": {\n            \"publisher\":
        \"MicrosoftWindowsServer\",\n            \"offer\": \"WindowsServer\",\n            \"sku\":
        \"2022-datacenter-azure-edition-core\",\n            \"version\": \"latest\"\n
        \         },\n          \"Win2019Datacenter\": {\n            \"publisher\":
        \"MicrosoftWindowsServer\",\n            \"offer\": \"WindowsServer\",\n            \"sku\":
        \"2019-Datacenter\",\n            \"version\": \"latest\"\n          },\n
        \         \"Win2016Datacenter\": {\n            \"publisher\": \"MicrosoftWindowsServer\",\n
        \           \"offer\": \"WindowsServer\",\n            \"sku\": \"2016-Datacenter\",\n
        \           \"version\": \"latest\"\n          },\n          \"Win2012R2Datacenter\":
        {\n            \"publisher\": \"MicrosoftWindowsServer\",\n            \"offer\":
        \"WindowsServer\",\n            \"sku\": \"2012-R2-Datacenter\",\n            \"version\":
        \"latest\"\n          },\n          \"Win2012Datacenter\": {\n            \"publisher\":
        \"MicrosoftWindowsServer\",\n            \"offer\": \"WindowsServer\",\n            \"sku\":
        \"2012-Datacenter\",\n            \"version\": \"latest\"\n          },\n
        \         \"Win2008R2SP1\": {\n            \"publisher\": \"MicrosoftWindowsServer\",\n
        \           \"offer\": \"WindowsServer\",\n            \"sku\": \"2008-R2-SP1\",\n
        \           \"version\": \"latest\"\n          }\n        }\n      }\n    }\n
        \ }\n}\n"
    headers:
      accept-ranges:
      - bytes
      access-control-allow-origin:
      - '*'
      cache-control:
      - max-age=300
      connection:
      - keep-alive
      content-length:
      - '2974'
      content-security-policy:
      - default-src 'none'; style-src 'unsafe-inline'; sandbox
      content-type:
      - text/plain; charset=utf-8
      date:
      - Wed, 18 May 2022 09:52:36 GMT
      etag:
      - W/"714b55b3e325c9c936add41807880935e033af5676c36a1ed8ab2e1e476a45f2"
      expires:
      - Wed, 18 May 2022 09:57:36 GMT
      source-age:
      - '247'
      strict-transport-security:
      - max-age=31536000
      vary:
      - Authorization,Accept-Encoding,Origin
      via:
      - 1.1 varnish
      x-cache:
      - HIT
      x-cache-hits:
      - '1'
      x-content-type-options:
      - nosniff
      x-fastly-request-id:
      - df2ae4483b4e248af1f58dc09b223020596792ef
      x-frame-options:
      - deny
      x-github-request-id:
      - F002:64A6:7AF96:DBCB5:6284AEEF
      x-served-by:
      - cache-qpg1244-QPG
      x-timer:
      - S1652867557.803335,VS0,VE1
      x-xss-protection:
      - 1; mode=block
    status:
      code: 200
      message: OK
- request:
    body: null
    headers:
      Accept:
      - application/json
      Accept-Encoding:
      - gzip, deflate
      CommandName:
      - vmss create
      Connection:
      - keep-alive
      ParameterSetName:
      - --resource-group --name --image --ephemeral-os-disk --disable-overprovision
        --instance-count --data-disk-sizes-gb --storage-sku --admin-username --admin-password
      User-Agent:
      - AZURECLI/2.36.0 azsdk-python-azure-mgmt-compute/27.0.0 Python/3.8.10 (Windows-10-10.0.22000-SP0)
    method: GET
    uri: https://management.azure.com/subscriptions/00000000-0000-0000-0000-000000000000/providers/Microsoft.Compute/locations/westus/publishers/Canonical/artifacttypes/vmimage/offers/UbuntuServer/skus/18.04-LTS/versions?$top=1&$orderby=name%20desc&api-version=2022-03-01
  response:
    body:
      string: "[\r\n  {\r\n    \"location\": \"westus\",\r\n    \"name\": \"18.04.202205100\",\r\n
        \   \"id\": \"/Subscriptions/00000000-0000-0000-0000-000000000000/Providers/Microsoft.Compute/Locations/westus/Publishers/Canonical/ArtifactTypes/VMImage/Offers/UbuntuServer/Skus/18.04-LTS/Versions/18.04.202205100\"\r\n
        \ }\r\n]"
    headers:
      cache-control:
      - no-cache
      content-length:
      - '286'
      content-type:
      - application/json; charset=utf-8
      date:
      - Wed, 18 May 2022 09:52:37 GMT
      expires:
      - '-1'
      pragma:
      - no-cache
      server:
      - Microsoft-HTTPAPI/2.0
      - Microsoft-HTTPAPI/2.0
      strict-transport-security:
      - max-age=31536000; includeSubDomains
      transfer-encoding:
      - chunked
      vary:
      - Accept-Encoding
      x-content-type-options:
      - nosniff
      x-ms-ratelimit-remaining-resource:
      - Microsoft.Compute/ListVMImagesVersionsFromLocation3Min;15996,Microsoft.Compute/ListVMImagesVersionsFromLocation30Min;43972
    status:
      code: 200
      message: OK
- request:
    body: null
    headers:
      Accept:
      - application/json
      Accept-Encoding:
      - gzip, deflate
      CommandName:
      - vmss create
      Connection:
      - keep-alive
      ParameterSetName:
      - --resource-group --name --image --ephemeral-os-disk --disable-overprovision
        --instance-count --data-disk-sizes-gb --storage-sku --admin-username --admin-password
      User-Agent:
      - AZURECLI/2.36.0 azsdk-python-azure-mgmt-compute/27.0.0 Python/3.8.10 (Windows-10-10.0.22000-SP0)
    method: GET
    uri: https://management.azure.com/subscriptions/00000000-0000-0000-0000-000000000000/providers/Microsoft.Compute/locations/westus/publishers/Canonical/artifacttypes/vmimage/offers/UbuntuServer/skus/18.04-LTS/versions/18.04.202205100?api-version=2022-03-01
  response:
    body:
      string: "{\r\n  \"properties\": {\r\n    \"hyperVGeneration\": \"V1\",\r\n    \"architecture\":
        \"x64\",\r\n    \"replicaType\": \"Unmanaged\",\r\n    \"disallowed\": {\r\n
        \     \"vmDiskType\": \"None\"\r\n    },\r\n    \"automaticOSUpgradeProperties\":
        {\r\n      \"automaticOSUpgradeSupported\": true\r\n    },\r\n    \"imageDeprecationStatus\":
        {\r\n      \"imageState\": \"Active\"\r\n    },\r\n    \"features\": [\r\n
        \     {\r\n        \"name\": \"IsAcceleratedNetworkSupported\",\r\n        \"value\":
        \"True\"\r\n      },\r\n      {\r\n        \"name\": \"DiskControllerTypes\",\r\n
        \       \"value\": \"SCSI\"\r\n      },\r\n      {\r\n        \"name\": \"IsHibernateSupported\",\r\n
        \       \"value\": \"False\"\r\n      }\r\n    ],\r\n    \"osDiskImage\":
        {\r\n      \"operatingSystem\": \"Linux\",\r\n      \"sizeInGb\": 31,\r\n
        \     \"sizeInBytes\": 32213303808\r\n    },\r\n    \"dataDiskImages\": []\r\n
        \ },\r\n  \"location\": \"westus\",\r\n  \"name\": \"18.04.202205100\",\r\n
        \ \"id\": \"/Subscriptions/00000000-0000-0000-0000-000000000000/Providers/Microsoft.Compute/Locations/westus/Publishers/Canonical/ArtifactTypes/VMImage/Offers/UbuntuServer/Skus/18.04-LTS/Versions/18.04.202205100\"\r\n}"
    headers:
      cache-control:
      - no-cache
      content-length:
      - '1043'
      content-type:
      - application/json; charset=utf-8
      date:
      - Wed, 18 May 2022 09:52:38 GMT
      expires:
      - '-1'
      pragma:
      - no-cache
      server:
      - Microsoft-HTTPAPI/2.0
      - Microsoft-HTTPAPI/2.0
      strict-transport-security:
      - max-age=31536000; includeSubDomains
      transfer-encoding:
      - chunked
      vary:
      - Accept-Encoding
      x-content-type-options:
      - nosniff
      x-ms-ratelimit-remaining-resource:
      - Microsoft.Compute/GetVMImageFromLocation3Min;12998,Microsoft.Compute/GetVMImageFromLocation30Min;73984
    status:
      code: 200
      message: OK
- request:
    body: null
    headers:
      Accept:
      - application/json, text/json
      Accept-Encoding:
      - gzip, deflate
      CommandName:
      - vmss create
      Connection:
      - keep-alive
      ParameterSetName:
      - --resource-group --name --image --ephemeral-os-disk --disable-overprovision
        --instance-count --data-disk-sizes-gb --storage-sku --admin-username --admin-password
      User-Agent:
      - AZURECLI/2.36.0 azsdk-python-azure-mgmt-network/19.3.0 Python/3.8.10 (Windows-10-10.0.22000-SP0)
    method: GET
    uri: https://management.azure.com/subscriptions/00000000-0000-0000-0000-000000000000/resourceGroups/cli_test_vmss_create_ephemeral_os_disk000001/providers/Microsoft.Network/virtualNetworks?api-version=2018-01-01
  response:
    body:
      string: '{"value":[]}'
    headers:
      cache-control:
      - no-cache
      content-length:
      - '12'
      content-type:
      - application/json; charset=utf-8
      date:
      - Wed, 18 May 2022 09:52:39 GMT
      expires:
      - '-1'
      pragma:
      - no-cache
      strict-transport-security:
      - max-age=31536000; includeSubDomains
      vary:
      - Accept-Encoding
      x-content-type-options:
      - nosniff
    status:
      code: 200
      message: OK
- request:
    body: '{"properties": {"template": {"$schema": "https://schema.management.azure.com/schemas/2015-01-01/deploymentTemplate.json#",
      "contentVersion": "1.0.0.0", "parameters": {"adminPassword": {"type": "securestring",
      "metadata": {"description": "Secure adminPassword"}}}, "variables": {}, "resources":
      [{"name": "cli-test-vmss-local-1VNET", "type": "Microsoft.Network/virtualNetworks",
      "location": "westus", "apiVersion": "2015-06-15", "dependsOn": [], "tags": {},
      "properties": {"addressSpace": {"addressPrefixes": ["10.0.0.0/16"]}, "subnets":
      [{"name": "cli-test-vmss-local-1Subnet", "properties": {"addressPrefix": "10.0.0.0/24"}}]}},
      {"apiVersion": "2018-01-01", "type": "Microsoft.Network/publicIPAddresses",
      "name": "cli-test-vmss-local-1LBPublicIP", "location": "westus", "tags": {},
      "dependsOn": [], "properties": {"publicIPAllocationMethod": "Dynamic"}}, {"type":
      "Microsoft.Network/loadBalancers", "name": "cli-test-vmss-local-1LB", "location":
      "westus", "tags": {}, "apiVersion": "2018-01-01", "dependsOn": ["Microsoft.Network/virtualNetworks/cli-test-vmss-local-1VNET",
      "Microsoft.Network/publicIpAddresses/cli-test-vmss-local-1LBPublicIP"], "properties":
      {"backendAddressPools": [{"name": "cli-test-vmss-local-1LBBEPool"}], "frontendIPConfigurations":
      [{"name": "loadBalancerFrontEnd", "properties": {"publicIPAddress": {"id": "/subscriptions/00000000-0000-0000-0000-000000000000/resourceGroups/cli_test_vmss_create_ephemeral_os_disk000001/providers/Microsoft.Network/publicIPAddresses/cli-test-vmss-local-1LBPublicIP"}}}],
      "inboundNatPools": [{"name": "cli-test-vmss-local-1LBNatPool", "properties":
      {"frontendIPConfiguration": {"id": "[concat(resourceId(''Microsoft.Network/loadBalancers'',
      ''cli-test-vmss-local-1LB''), ''/frontendIPConfigurations/'', ''loadBalancerFrontEnd'')]"},
      "protocol": "tcp", "frontendPortRangeStart": "50000", "frontendPortRangeEnd":
      "50119", "backendPort": 22}}]}}, {"type": "Microsoft.Compute/virtualMachineScaleSets",
      "name": "cli-test-vmss-local-1", "location": "westus", "tags": {}, "apiVersion":
      "2021-11-01", "dependsOn": ["Microsoft.Network/virtualNetworks/cli-test-vmss-local-1VNET",
      "Microsoft.Network/loadBalancers/cli-test-vmss-local-1LB"], "properties": {"overprovision":
      false, "upgradePolicy": {"mode": "manual", "rollingUpgradePolicy": {}}, "singlePlacementGroup":
      null, "virtualMachineProfile": {"storageProfile": {"osDisk": {"createOption":
      "FromImage", "caching": "ReadOnly", "managedDisk": {"storageAccountType": "standard_lrs"},
      "diffDiskSettings": {"option": "Local"}}, "imageReference": {"publisher": "Canonical",
      "offer": "UbuntuServer", "sku": "18.04-LTS", "version": "latest"}, "dataDisks":
      [{"lun": 0, "managedDisk": {"storageAccountType": "premium_lrs"}, "createOption":
      "empty", "diskSizeGB": 1}]}, "osProfile": {"computerNamePrefix": "clite1026",
      "adminUsername": "user_1", "adminPassword": "[parameters(''adminPassword'')]"},
      "networkProfile": {"networkInterfaceConfigurations": [{"name": "clite1026Nic",
      "properties": {"ipConfigurations": [{"name": "clite1026IPConfig", "properties":
      {"subnet": {"id": "/subscriptions/00000000-0000-0000-0000-000000000000/resourceGroups/cli_test_vmss_create_ephemeral_os_disk000001/providers/Microsoft.Network/virtualNetworks/cli-test-vmss-local-1VNET/subnets/cli-test-vmss-local-1Subnet"},
      "loadBalancerBackendAddressPools": [{"id": "/subscriptions/00000000-0000-0000-0000-000000000000/resourceGroups/cli_test_vmss_create_ephemeral_os_disk000001/providers/Microsoft.Network/loadBalancers/cli-test-vmss-local-1LB/backendAddressPools/cli-test-vmss-local-1LBBEPool"}],
      "loadBalancerInboundNatPools": [{"id": "/subscriptions/00000000-0000-0000-0000-000000000000/resourceGroups/cli_test_vmss_create_ephemeral_os_disk000001/providers/Microsoft.Network/loadBalancers/cli-test-vmss-local-1LB/inboundNatPools/cli-test-vmss-local-1LBNatPool"}]}}],
      "primary": "true"}}]}}, "orchestrationMode": "Uniform"}, "sku": {"name": "Standard_DS1_v2",
      "capacity": 2}}], "outputs": {"VMSS": {"type": "object", "value": "[reference(resourceId(''Microsoft.Compute/virtualMachineScaleSets'',
      ''cli-test-vmss-local-1''),providers(''Microsoft.Compute'', ''virtualMachineScaleSets'').apiVersions[0])]"}}},
      "parameters": {"adminPassword": {"value": "testPassword09"}}, "mode": "incremental"}}'
    headers:
      Accept:
      - application/json
      Accept-Encoding:
      - gzip, deflate
      CommandName:
      - vmss create
      Connection:
      - keep-alive
      Content-Length:
      - '4244'
      Content-Type:
      - application/json
      ParameterSetName:
      - --resource-group --name --image --ephemeral-os-disk --disable-overprovision
        --instance-count --data-disk-sizes-gb --storage-sku --admin-username --admin-password
      User-Agent:
      - AZURECLI/2.36.0 azsdk-python-azure-mgmt-resource/20.0.0 Python/3.8.10 (Windows-10-10.0.22000-SP0)
    method: PUT
    uri: https://management.azure.com/subscriptions/00000000-0000-0000-0000-000000000000/resourcegroups/cli_test_vmss_create_ephemeral_os_disk000001/providers/Microsoft.Resources/deployments/mock-deployment?api-version=2021-04-01
  response:
    body:
      string: '{"id":"/subscriptions/00000000-0000-0000-0000-000000000000/resourceGroups/cli_test_vmss_create_ephemeral_os_disk000001/providers/Microsoft.Resources/deployments/vmss_deploy_YwyIVvgumMqtCb9SE6szXvODINAviZjt","name":"vmss_deploy_YwyIVvgumMqtCb9SE6szXvODINAviZjt","type":"Microsoft.Resources/deployments","properties":{"templateHash":"5662537562628702550","parameters":{"adminPassword":{"type":"SecureString"}},"mode":"Incremental","provisioningState":"Accepted","timestamp":"2022-05-18T09:52:54.3301798Z","duration":"PT0.0001408S","correlationId":"4058b47f-2c60-454b-9c31-88179c1cc662","providers":[{"namespace":"Microsoft.Network","resourceTypes":[{"resourceType":"virtualNetworks","locations":["westus"]},{"resourceType":"publicIPAddresses","locations":["westus"]},{"resourceType":"loadBalancers","locations":["westus"]}]},{"namespace":"Microsoft.Compute","resourceTypes":[{"resourceType":"virtualMachineScaleSets","locations":["westus"]}]}],"dependencies":[{"dependsOn":[{"id":"/subscriptions/00000000-0000-0000-0000-000000000000/resourceGroups/cli_test_vmss_create_ephemeral_os_disk000001/providers/Microsoft.Network/virtualNetworks/cli-test-vmss-local-1VNET","resourceType":"Microsoft.Network/virtualNetworks","resourceName":"cli-test-vmss-local-1VNET"},{"id":"/subscriptions/00000000-0000-0000-0000-000000000000/resourceGroups/cli_test_vmss_create_ephemeral_os_disk000001/providers/Microsoft.Network/publicIPAddresses/cli-test-vmss-local-1LBPublicIP","resourceType":"Microsoft.Network/publicIPAddresses","resourceName":"cli-test-vmss-local-1LBPublicIP"}],"id":"/subscriptions/00000000-0000-0000-0000-000000000000/resourceGroups/cli_test_vmss_create_ephemeral_os_disk000001/providers/Microsoft.Network/loadBalancers/cli-test-vmss-local-1LB","resourceType":"Microsoft.Network/loadBalancers","resourceName":"cli-test-vmss-local-1LB"},{"dependsOn":[{"id":"/subscriptions/00000000-0000-0000-0000-000000000000/resourceGroups/cli_test_vmss_create_ephemeral_os_disk000001/providers/Microsoft.Network/virtualNetworks/cli-test-vmss-local-1VNET","resourceType":"Microsoft.Network/virtualNetworks","resourceName":"cli-test-vmss-local-1VNET"},{"id":"/subscriptions/00000000-0000-0000-0000-000000000000/resourceGroups/cli_test_vmss_create_ephemeral_os_disk000001/providers/Microsoft.Network/loadBalancers/cli-test-vmss-local-1LB","resourceType":"Microsoft.Network/loadBalancers","resourceName":"cli-test-vmss-local-1LB"}],"id":"/subscriptions/00000000-0000-0000-0000-000000000000/resourceGroups/cli_test_vmss_create_ephemeral_os_disk000001/providers/Microsoft.Compute/virtualMachineScaleSets/cli-test-vmss-local-1","resourceType":"Microsoft.Compute/virtualMachineScaleSets","resourceName":"cli-test-vmss-local-1"}]}}'
    headers:
      azure-asyncoperation:
      - https://management.azure.com/subscriptions/00000000-0000-0000-0000-000000000000/resourcegroups/cli_test_vmss_create_ephemeral_os_disk000001/providers/Microsoft.Resources/deployments/vmss_deploy_YwyIVvgumMqtCb9SE6szXvODINAviZjt/operationStatuses/08585487393134291846?api-version=2021-04-01
      cache-control:
      - no-cache
      content-length:
      - '2706'
      content-type:
      - application/json; charset=utf-8
      date:
      - Wed, 18 May 2022 09:52:55 GMT
      expires:
      - '-1'
      pragma:
      - no-cache
      strict-transport-security:
      - max-age=31536000; includeSubDomains
      x-content-type-options:
      - nosniff
      x-ms-ratelimit-remaining-subscription-writes:
      - '1198'
    status:
      code: 201
      message: Created
- request:
    body: null
    headers:
      Accept:
      - '*/*'
      Accept-Encoding:
      - gzip, deflate
      CommandName:
      - vmss create
      Connection:
      - keep-alive
      ParameterSetName:
      - --resource-group --name --image --ephemeral-os-disk --disable-overprovision
        --instance-count --data-disk-sizes-gb --storage-sku --admin-username --admin-password
      User-Agent:
      - AZURECLI/2.36.0 azsdk-python-azure-mgmt-resource/20.0.0 Python/3.8.10 (Windows-10-10.0.22000-SP0)
    method: GET
    uri: https://management.azure.com/subscriptions/00000000-0000-0000-0000-000000000000/resourcegroups/cli_test_vmss_create_ephemeral_os_disk000001/providers/Microsoft.Resources/deployments/mock-deployment/operationStatuses/08585487393134291846?api-version=2021-04-01
  response:
    body:
      string: '{"status":"Running"}'
    headers:
      cache-control:
      - no-cache
      content-length:
      - '20'
      content-type:
      - application/json; charset=utf-8
      date:
      - Wed, 18 May 2022 09:53:27 GMT
      expires:
      - '-1'
      pragma:
      - no-cache
      strict-transport-security:
      - max-age=31536000; includeSubDomains
      vary:
      - Accept-Encoding
      x-content-type-options:
      - nosniff
    status:
      code: 200
      message: OK
- request:
    body: null
    headers:
      Accept:
      - '*/*'
      Accept-Encoding:
      - gzip, deflate
      CommandName:
      - vmss create
      Connection:
      - keep-alive
      ParameterSetName:
      - --resource-group --name --image --ephemeral-os-disk --disable-overprovision
        --instance-count --data-disk-sizes-gb --storage-sku --admin-username --admin-password
      User-Agent:
      - AZURECLI/2.36.0 azsdk-python-azure-mgmt-resource/20.0.0 Python/3.8.10 (Windows-10-10.0.22000-SP0)
    method: GET
    uri: https://management.azure.com/subscriptions/00000000-0000-0000-0000-000000000000/resourcegroups/cli_test_vmss_create_ephemeral_os_disk000001/providers/Microsoft.Resources/deployments/mock-deployment/operationStatuses/08585487393134291846?api-version=2021-04-01
  response:
    body:
      string: '{"status":"Running"}'
    headers:
      cache-control:
      - no-cache
      content-length:
      - '20'
      content-type:
      - application/json; charset=utf-8
      date:
      - Wed, 18 May 2022 09:53:58 GMT
      expires:
      - '-1'
      pragma:
      - no-cache
      strict-transport-security:
      - max-age=31536000; includeSubDomains
      vary:
      - Accept-Encoding
      x-content-type-options:
      - nosniff
    status:
      code: 200
      message: OK
- request:
    body: null
    headers:
      Accept:
      - '*/*'
      Accept-Encoding:
      - gzip, deflate
      CommandName:
      - vmss create
      Connection:
      - keep-alive
      ParameterSetName:
      - --resource-group --name --image --ephemeral-os-disk --disable-overprovision
        --instance-count --data-disk-sizes-gb --storage-sku --admin-username --admin-password
      User-Agent:
      - AZURECLI/2.36.0 azsdk-python-azure-mgmt-resource/20.0.0 Python/3.8.10 (Windows-10-10.0.22000-SP0)
    method: GET
    uri: https://management.azure.com/subscriptions/00000000-0000-0000-0000-000000000000/resourcegroups/cli_test_vmss_create_ephemeral_os_disk000001/providers/Microsoft.Resources/deployments/mock-deployment/operationStatuses/08585487393134291846?api-version=2021-04-01
  response:
    body:
      string: '{"status":"Succeeded"}'
    headers:
      cache-control:
      - no-cache
      content-length:
      - '22'
      content-type:
      - application/json; charset=utf-8
      date:
      - Wed, 18 May 2022 09:54:28 GMT
      expires:
      - '-1'
      pragma:
      - no-cache
      strict-transport-security:
      - max-age=31536000; includeSubDomains
      vary:
      - Accept-Encoding
      x-content-type-options:
      - nosniff
    status:
      code: 200
      message: OK
- request:
    body: null
    headers:
      Accept:
      - '*/*'
      Accept-Encoding:
      - gzip, deflate
      CommandName:
      - vmss create
      Connection:
      - keep-alive
      ParameterSetName:
      - --resource-group --name --image --ephemeral-os-disk --disable-overprovision
        --instance-count --data-disk-sizes-gb --storage-sku --admin-username --admin-password
      User-Agent:
      - AZURECLI/2.36.0 azsdk-python-azure-mgmt-resource/20.0.0 Python/3.8.10 (Windows-10-10.0.22000-SP0)
    method: GET
    uri: https://management.azure.com/subscriptions/00000000-0000-0000-0000-000000000000/resourcegroups/cli_test_vmss_create_ephemeral_os_disk000001/providers/Microsoft.Resources/deployments/mock-deployment?api-version=2021-04-01
  response:
    body:
      string: '{"id":"/subscriptions/00000000-0000-0000-0000-000000000000/resourceGroups/cli_test_vmss_create_ephemeral_os_disk000001/providers/Microsoft.Resources/deployments/vmss_deploy_YwyIVvgumMqtCb9SE6szXvODINAviZjt","name":"vmss_deploy_YwyIVvgumMqtCb9SE6szXvODINAviZjt","type":"Microsoft.Resources/deployments","properties":{"templateHash":"5662537562628702550","parameters":{"adminPassword":{"type":"SecureString"}},"mode":"Incremental","provisioningState":"Succeeded","timestamp":"2022-05-18T09:54:09.637193Z","duration":"PT1M15.307154S","correlationId":"4058b47f-2c60-454b-9c31-88179c1cc662","providers":[{"namespace":"Microsoft.Network","resourceTypes":[{"resourceType":"virtualNetworks","locations":["westus"]},{"resourceType":"publicIPAddresses","locations":["westus"]},{"resourceType":"loadBalancers","locations":["westus"]}]},{"namespace":"Microsoft.Compute","resourceTypes":[{"resourceType":"virtualMachineScaleSets","locations":["westus"]}]}],"dependencies":[{"dependsOn":[{"id":"/subscriptions/00000000-0000-0000-0000-000000000000/resourceGroups/cli_test_vmss_create_ephemeral_os_disk000001/providers/Microsoft.Network/virtualNetworks/cli-test-vmss-local-1VNET","resourceType":"Microsoft.Network/virtualNetworks","resourceName":"cli-test-vmss-local-1VNET"},{"id":"/subscriptions/00000000-0000-0000-0000-000000000000/resourceGroups/cli_test_vmss_create_ephemeral_os_disk000001/providers/Microsoft.Network/publicIPAddresses/cli-test-vmss-local-1LBPublicIP","resourceType":"Microsoft.Network/publicIPAddresses","resourceName":"cli-test-vmss-local-1LBPublicIP"}],"id":"/subscriptions/00000000-0000-0000-0000-000000000000/resourceGroups/cli_test_vmss_create_ephemeral_os_disk000001/providers/Microsoft.Network/loadBalancers/cli-test-vmss-local-1LB","resourceType":"Microsoft.Network/loadBalancers","resourceName":"cli-test-vmss-local-1LB"},{"dependsOn":[{"id":"/subscriptions/00000000-0000-0000-0000-000000000000/resourceGroups/cli_test_vmss_create_ephemeral_os_disk000001/providers/Microsoft.Network/virtualNetworks/cli-test-vmss-local-1VNET","resourceType":"Microsoft.Network/virtualNetworks","resourceName":"cli-test-vmss-local-1VNET"},{"id":"/subscriptions/00000000-0000-0000-0000-000000000000/resourceGroups/cli_test_vmss_create_ephemeral_os_disk000001/providers/Microsoft.Network/loadBalancers/cli-test-vmss-local-1LB","resourceType":"Microsoft.Network/loadBalancers","resourceName":"cli-test-vmss-local-1LB"}],"id":"/subscriptions/00000000-0000-0000-0000-000000000000/resourceGroups/cli_test_vmss_create_ephemeral_os_disk000001/providers/Microsoft.Compute/virtualMachineScaleSets/cli-test-vmss-local-1","resourceType":"Microsoft.Compute/virtualMachineScaleSets","resourceName":"cli-test-vmss-local-1"}],"outputs":{"vmss":{"type":"Object","value":{"singlePlacementGroup":true,"upgradePolicy":{"mode":"Manual","rollingUpgradePolicy":{"maxBatchInstancePercent":20,"maxUnhealthyInstancePercent":20,"maxUnhealthyUpgradedInstancePercent":20,"pauseTimeBetweenBatches":"PT0S"}},"virtualMachineProfile":{"osProfile":{"computerNamePrefix":"clite1026","adminUsername":"user_1","linuxConfiguration":{"disablePasswordAuthentication":false,"provisionVMAgent":true,"enableVMAgentPlatformUpdates":false},"secrets":[],"allowExtensionOperations":true,"requireGuestProvisionSignal":true},"storageProfile":{"osDisk":{"osType":"Linux","diffDiskSettings":{"option":"Local","placement":"CacheDisk"},"createOption":"FromImage","caching":"ReadOnly","managedDisk":{"storageAccountType":"Standard_LRS"},"diskSizeGB":30},"imageReference":{"publisher":"Canonical","offer":"UbuntuServer","sku":"18.04-LTS","version":"latest"},"dataDisks":[{"lun":0,"createOption":"Empty","caching":"None","managedDisk":{"storageAccountType":"Premium_LRS"},"diskSizeGB":1}]},"networkProfile":{"networkInterfaceConfigurations":[{"name":"clite1026Nic","properties":{"primary":true,"dnsSettings":{"dnsServers":[]},"enableIPForwarding":false,"ipConfigurations":[{"name":"clite1026IPConfig","properties":{"subnet":{"id":"/subscriptions/00000000-0000-0000-0000-000000000000/resourceGroups/cli_test_vmss_create_ephemeral_os_disk000001/providers/Microsoft.Network/virtualNetworks/cli-test-vmss-local-1VNET/subnets/cli-test-vmss-local-1Subnet"},"privateIPAddressVersion":"IPv4","loadBalancerBackendAddressPools":[{"id":"/subscriptions/00000000-0000-0000-0000-000000000000/resourceGroups/cli_test_vmss_create_ephemeral_os_disk000001/providers/Microsoft.Network/loadBalancers/cli-test-vmss-local-1LB/backendAddressPools/cli-test-vmss-local-1LBBEPool"}],"loadBalancerInboundNatPools":[{"id":"/subscriptions/00000000-0000-0000-0000-000000000000/resourceGroups/cli_test_vmss_create_ephemeral_os_disk000001/providers/Microsoft.Network/loadBalancers/cli-test-vmss-local-1LB/inboundNatPools/cli-test-vmss-local-1LBNatPool"}]}}]}}]}},"provisioningState":"Succeeded","overprovision":false,"doNotRunExtensionsOnOverprovisionedVMs":false,"uniqueId":"880d709f-0086-44b2-a971-67c66394d25e","timeCreated":"2022-05-18T09:53:16.8073252+00:00"}}},"outputResources":[{"id":"/subscriptions/00000000-0000-0000-0000-000000000000/resourceGroups/cli_test_vmss_create_ephemeral_os_disk000001/providers/Microsoft.Compute/virtualMachineScaleSets/cli-test-vmss-local-1"},{"id":"/subscriptions/00000000-0000-0000-0000-000000000000/resourceGroups/cli_test_vmss_create_ephemeral_os_disk000001/providers/Microsoft.Network/loadBalancers/cli-test-vmss-local-1LB"},{"id":"/subscriptions/00000000-0000-0000-0000-000000000000/resourceGroups/cli_test_vmss_create_ephemeral_os_disk000001/providers/Microsoft.Network/publicIPAddresses/cli-test-vmss-local-1LBPublicIP"},{"id":"/subscriptions/00000000-0000-0000-0000-000000000000/resourceGroups/cli_test_vmss_create_ephemeral_os_disk000001/providers/Microsoft.Network/virtualNetworks/cli-test-vmss-local-1VNET"}]}}'
    headers:
      cache-control:
      - no-cache
      content-length:
      - '5769'
      content-type:
      - application/json; charset=utf-8
      date:
      - Wed, 18 May 2022 09:54:28 GMT
      expires:
      - '-1'
      pragma:
      - no-cache
      strict-transport-security:
      - max-age=31536000; includeSubDomains
      vary:
      - Accept-Encoding
      x-content-type-options:
      - nosniff
    status:
      code: 200
      message: OK
- request:
    body: null
    headers:
      Accept:
      - application/json
      Accept-Encoding:
      - gzip, deflate
      CommandName:
      - vmss show
      Connection:
      - keep-alive
      ParameterSetName:
      - -g -n
      User-Agent:
      - AZURECLI/2.36.0 azsdk-python-azure-mgmt-compute/27.0.0 Python/3.8.10 (Windows-10-10.0.22000-SP0)
    method: GET
    uri: https://management.azure.com/subscriptions/00000000-0000-0000-0000-000000000000/resourceGroups/cli_test_vmss_create_ephemeral_os_disk000001/providers/Microsoft.Compute/virtualMachineScaleSets/cli-test-vmss-local-1?api-version=2021-11-01
  response:
    body:
      string: "{\r\n  \"name\": \"cli-test-vmss-local-1\",\r\n  \"id\": \"/subscriptions/00000000-0000-0000-0000-000000000000/resourceGroups/cli_test_vmss_create_ephemeral_os_disk000001/providers/Microsoft.Compute/virtualMachineScaleSets/cli-test-vmss-local-1\",\r\n
        \ \"type\": \"Microsoft.Compute/virtualMachineScaleSets\",\r\n  \"location\":
        \"westus\",\r\n  \"tags\": {},\r\n  \"sku\": {\r\n    \"name\": \"Standard_DS1_v2\",\r\n
        \   \"tier\": \"Standard\",\r\n    \"capacity\": 2\r\n  },\r\n  \"properties\":
        {\r\n    \"singlePlacementGroup\": true,\r\n    \"upgradePolicy\": {\r\n      \"mode\":
        \"Manual\",\r\n      \"rollingUpgradePolicy\": {\r\n        \"maxBatchInstancePercent\":
        20,\r\n        \"maxUnhealthyInstancePercent\": 20,\r\n        \"maxUnhealthyUpgradedInstancePercent\":
        20,\r\n        \"pauseTimeBetweenBatches\": \"PT0S\"\r\n      }\r\n    },\r\n
        \   \"virtualMachineProfile\": {\r\n      \"osProfile\": {\r\n        \"computerNamePrefix\":
        \"clite1026\",\r\n        \"adminUsername\": \"user_1\",\r\n        \"linuxConfiguration\":
        {\r\n          \"disablePasswordAuthentication\": false,\r\n          \"provisionVMAgent\":
        true,\r\n          \"enableVMAgentPlatformUpdates\": false\r\n        },\r\n
        \       \"secrets\": [],\r\n        \"allowExtensionOperations\": true,\r\n
        \       \"requireGuestProvisionSignal\": true\r\n      },\r\n      \"storageProfile\":
        {\r\n        \"osDisk\": {\r\n          \"osType\": \"Linux\",\r\n          \"diffDiskSettings\":
        {\r\n            \"option\": \"Local\",\r\n            \"placement\": \"CacheDisk\"\r\n
        \         },\r\n          \"createOption\": \"FromImage\",\r\n          \"caching\":
        \"ReadOnly\",\r\n          \"managedDisk\": {\r\n            \"storageAccountType\":
        \"Standard_LRS\"\r\n          },\r\n          \"diskSizeGB\": 30\r\n        },\r\n
        \       \"imageReference\": {\r\n          \"publisher\": \"Canonical\",\r\n
        \         \"offer\": \"UbuntuServer\",\r\n          \"sku\": \"18.04-LTS\",\r\n
        \         \"version\": \"latest\"\r\n        },\r\n        \"dataDisks\":
        [\r\n          {\r\n            \"lun\": 0,\r\n            \"createOption\":
        \"Empty\",\r\n            \"caching\": \"None\",\r\n            \"managedDisk\":
        {\r\n              \"storageAccountType\": \"Premium_LRS\"\r\n            },\r\n
        \           \"diskSizeGB\": 1\r\n          }\r\n        ]\r\n      },\r\n
        \     \"networkProfile\": {\"networkInterfaceConfigurations\":[{\"name\":\"clite1026Nic\",\"properties\":{\"primary\":true,\"dnsSettings\":{\"dnsServers\":[]},\"enableIPForwarding\":false,\"ipConfigurations\":[{\"name\":\"clite1026IPConfig\",\"properties\":{\"subnet\":{\"id\":\"/subscriptions/00000000-0000-0000-0000-000000000000/resourceGroups/cli_test_vmss_create_ephemeral_os_disk000001/providers/Microsoft.Network/virtualNetworks/cli-test-vmss-local-1VNET/subnets/cli-test-vmss-local-1Subnet\"},\"privateIPAddressVersion\":\"IPv4\",\"loadBalancerBackendAddressPools\":[{\"id\":\"/subscriptions/00000000-0000-0000-0000-000000000000/resourceGroups/cli_test_vmss_create_ephemeral_os_disk000001/providers/Microsoft.Network/loadBalancers/cli-test-vmss-local-1LB/backendAddressPools/cli-test-vmss-local-1LBBEPool\"}],\"loadBalancerInboundNatPools\":[{\"id\":\"/subscriptions/00000000-0000-0000-0000-000000000000/resourceGroups/cli_test_vmss_create_ephemeral_os_disk000001/providers/Microsoft.Network/loadBalancers/cli-test-vmss-local-1LB/inboundNatPools/cli-test-vmss-local-1LBNatPool\"}]}}]}}]}\r\n
        \   },\r\n    \"provisioningState\": \"Succeeded\",\r\n    \"overprovision\":
        false,\r\n    \"doNotRunExtensionsOnOverprovisionedVMs\": false,\r\n    \"uniqueId\":
        \"880d709f-0086-44b2-a971-67c66394d25e\",\r\n    \"timeCreated\": \"2022-05-18T09:53:16.8073252+00:00\"\r\n
        \ }\r\n}"
    headers:
      cache-control:
      - no-cache
      content-length:
      - '3361'
      content-type:
      - application/json; charset=utf-8
      date:
      - Wed, 18 May 2022 09:54:30 GMT
      expires:
      - '-1'
      pragma:
      - no-cache
      server:
      - Microsoft-HTTPAPI/2.0
      - Microsoft-HTTPAPI/2.0
      strict-transport-security:
      - max-age=31536000; includeSubDomains
      transfer-encoding:
      - chunked
      vary:
      - Accept-Encoding
      x-content-type-options:
      - nosniff
      x-ms-ratelimit-remaining-resource:
      - Microsoft.Compute/GetVMScaleSet3Min;386,Microsoft.Compute/GetVMScaleSet30Min;2487
    status:
      code: 200
      message: OK
- request:
    body: null
    headers:
      Accept:
      - application/json
      Accept-Encoding:
      - gzip, deflate
      CommandName:
      - vmss create
      Connection:
      - keep-alive
      ParameterSetName:
      - --resource-group --name --image --ephemeral-os-disk --os-disk-caching --disable-overprovision
        --instance-count --admin-username --admin-password
      User-Agent:
      - AZURECLI/2.36.0 azsdk-python-azure-mgmt-resource/20.0.0 Python/3.8.10 (Windows-10-10.0.22000-SP0)
    method: GET
    uri: https://management.azure.com/subscriptions/00000000-0000-0000-0000-000000000000/resourcegroups/cli_test_vmss_create_ephemeral_os_disk000001?api-version=2021-04-01
  response:
    body:
      string: '{"id":"/subscriptions/00000000-0000-0000-0000-000000000000/resourceGroups/cli_test_vmss_create_ephemeral_os_disk000001","name":"cli_test_vmss_create_ephemeral_os_disk000001","type":"Microsoft.Resources/resourceGroups","location":"westus","tags":{"product":"azurecli","cause":"automation","date":"2022-05-18T09:52:34Z"},"properties":{"provisioningState":"Succeeded"}}'
    headers:
      cache-control:
      - no-cache
      content-length:
      - '366'
      content-type:
      - application/json; charset=utf-8
      date:
      - Wed, 18 May 2022 09:54:31 GMT
      expires:
      - '-1'
      pragma:
      - no-cache
      strict-transport-security:
      - max-age=31536000; includeSubDomains
      vary:
      - Accept-Encoding
      x-content-type-options:
      - nosniff
    status:
      code: 200
      message: OK
- request:
    body: null
    headers:
      Accept:
      - '*/*'
      Accept-Encoding:
      - gzip, deflate
      Connection:
      - keep-alive
      User-Agent:
      - python-requests/2.26.0
    method: GET
    uri: https://raw.githubusercontent.com/Azure/azure-rest-api-specs/main/arm-compute/quickstart-templates/aliases.json
  response:
    body:
      string: "{\n  \"$schema\": \"http://schema.management.azure.com/schemas/2015-01-01/deploymentTemplate.json\",\n
        \ \"contentVersion\": \"1.0.0.0\",\n  \"parameters\": {},\n  \"variables\":
        {},\n  \"resources\": [],\n  \"outputs\": {\n    \"aliases\": {\n      \"type\":
        \"object\",\n      \"value\": {\n        \"Linux\": {\n          \"CentOS\":
        {\n            \"publisher\": \"OpenLogic\",\n            \"offer\": \"CentOS\",\n
        \           \"sku\": \"7.5\",\n            \"version\": \"latest\"\n          },\n
        \         \"Debian\": {\n            \"publisher\": \"Debian\",\n            \"offer\":
        \"debian-10\",\n            \"sku\": \"10\",\n            \"version\": \"latest\"\n
        \         },\n          \"Flatcar\": {\n            \"publisher\": \"kinvolk\",\n
        \           \"offer\": \"flatcar-container-linux-free\",\n            \"sku\":
        \"stable\",\n            \"version\": \"latest\"\n          },\n          \"openSUSE-Leap\":
        {\n            \"publisher\": \"SUSE\",\n            \"offer\": \"opensuse-leap-15-3\",\n
        \           \"sku\": \"gen2\",\n            \"version\": \"latest\"\n          },\n
        \         \"RHEL\": {\n            \"publisher\": \"RedHat\",\n            \"offer\":
        \"RHEL\",\n            \"sku\": \"7-LVM\",\n            \"version\": \"latest\"\n
        \         },\n          \"SLES\": {\n            \"publisher\": \"SUSE\",\n
        \           \"offer\": \"sles-15-sp3\",\n            \"sku\": \"gen2\",\n
        \           \"version\": \"latest\"\n          },\n          \"UbuntuLTS\":
        {\n            \"publisher\": \"Canonical\",\n            \"offer\": \"UbuntuServer\",\n
        \           \"sku\": \"18.04-LTS\",\n            \"version\": \"latest\"\n
        \         }\n        },\n        \"Windows\": {\n          \"Win2022Datacenter\":
        {\n            \"publisher\": \"MicrosoftWindowsServer\",\n            \"offer\":
        \"WindowsServer\",\n            \"sku\": \"2022-Datacenter\",\n            \"version\":
        \"latest\"\n          },\n          \"Win2022AzureEditionCore\": {\n            \"publisher\":
        \"MicrosoftWindowsServer\",\n            \"offer\": \"WindowsServer\",\n            \"sku\":
        \"2022-datacenter-azure-edition-core\",\n            \"version\": \"latest\"\n
        \         },\n          \"Win2019Datacenter\": {\n            \"publisher\":
        \"MicrosoftWindowsServer\",\n            \"offer\": \"WindowsServer\",\n            \"sku\":
        \"2019-Datacenter\",\n            \"version\": \"latest\"\n          },\n
        \         \"Win2016Datacenter\": {\n            \"publisher\": \"MicrosoftWindowsServer\",\n
        \           \"offer\": \"WindowsServer\",\n            \"sku\": \"2016-Datacenter\",\n
        \           \"version\": \"latest\"\n          },\n          \"Win2012R2Datacenter\":
        {\n            \"publisher\": \"MicrosoftWindowsServer\",\n            \"offer\":
        \"WindowsServer\",\n            \"sku\": \"2012-R2-Datacenter\",\n            \"version\":
        \"latest\"\n          },\n          \"Win2012Datacenter\": {\n            \"publisher\":
        \"MicrosoftWindowsServer\",\n            \"offer\": \"WindowsServer\",\n            \"sku\":
        \"2012-Datacenter\",\n            \"version\": \"latest\"\n          },\n
        \         \"Win2008R2SP1\": {\n            \"publisher\": \"MicrosoftWindowsServer\",\n
        \           \"offer\": \"WindowsServer\",\n            \"sku\": \"2008-R2-SP1\",\n
        \           \"version\": \"latest\"\n          }\n        }\n      }\n    }\n
        \ }\n}\n"
    headers:
      accept-ranges:
      - bytes
      access-control-allow-origin:
      - '*'
      cache-control:
      - max-age=300
      connection:
      - keep-alive
      content-length:
      - '2974'
      content-security-policy:
      - default-src 'none'; style-src 'unsafe-inline'; sandbox
      content-type:
      - text/plain; charset=utf-8
      date:
      - Wed, 18 May 2022 09:54:31 GMT
      etag:
      - W/"714b55b3e325c9c936add41807880935e033af5676c36a1ed8ab2e1e476a45f2"
      expires:
      - Wed, 18 May 2022 09:59:31 GMT
      source-age:
      - '0'
      strict-transport-security:
      - max-age=31536000
      vary:
      - Authorization,Accept-Encoding,Origin
      via:
      - 1.1 varnish
      x-cache:
      - HIT
      x-cache-hits:
      - '1'
      x-content-type-options:
      - nosniff
      x-fastly-request-id:
      - 5b20b6f21cb1f0e7ca41ceaa6e5656f4e607b424
      x-frame-options:
      - deny
      x-github-request-id:
      - F002:64A6:7AF96:DBCB5:6284AEEF
      x-served-by:
      - cache-qpg1266-QPG
      x-timer:
      - S1652867671.339311,VS0,VE225
      x-xss-protection:
      - 1; mode=block
    status:
      code: 200
      message: OK
- request:
    body: null
    headers:
      Accept:
      - application/json
      Accept-Encoding:
      - gzip, deflate
      CommandName:
      - vmss create
      Connection:
      - keep-alive
      ParameterSetName:
      - --resource-group --name --image --ephemeral-os-disk --os-disk-caching --disable-overprovision
        --instance-count --admin-username --admin-password
      User-Agent:
      - AZURECLI/2.36.0 azsdk-python-azure-mgmt-compute/27.0.0 Python/3.8.10 (Windows-10-10.0.22000-SP0)
    method: GET
    uri: https://management.azure.com/subscriptions/00000000-0000-0000-0000-000000000000/providers/Microsoft.Compute/locations/westus/publishers/Canonical/artifacttypes/vmimage/offers/UbuntuServer/skus/18.04-LTS/versions?$top=1&$orderby=name%20desc&api-version=2022-03-01
  response:
    body:
      string: "[\r\n  {\r\n    \"location\": \"westus\",\r\n    \"name\": \"18.04.202205100\",\r\n
        \   \"id\": \"/Subscriptions/00000000-0000-0000-0000-000000000000/Providers/Microsoft.Compute/Locations/westus/Publishers/Canonical/ArtifactTypes/VMImage/Offers/UbuntuServer/Skus/18.04-LTS/Versions/18.04.202205100\"\r\n
        \ }\r\n]"
    headers:
      cache-control:
      - no-cache
      content-length:
      - '286'
      content-type:
      - application/json; charset=utf-8
      date:
      - Wed, 18 May 2022 09:54:32 GMT
      expires:
      - '-1'
      pragma:
      - no-cache
      server:
      - Microsoft-HTTPAPI/2.0
      - Microsoft-HTTPAPI/2.0
      strict-transport-security:
      - max-age=31536000; includeSubDomains
      transfer-encoding:
      - chunked
      vary:
      - Accept-Encoding
      x-content-type-options:
      - nosniff
      x-ms-ratelimit-remaining-resource:
      - Microsoft.Compute/ListVMImagesVersionsFromLocation3Min;15997,Microsoft.Compute/ListVMImagesVersionsFromLocation30Min;43970
    status:
      code: 200
      message: OK
- request:
    body: null
    headers:
      Accept:
      - application/json
      Accept-Encoding:
      - gzip, deflate
      CommandName:
      - vmss create
      Connection:
      - keep-alive
      ParameterSetName:
      - --resource-group --name --image --ephemeral-os-disk --os-disk-caching --disable-overprovision
        --instance-count --admin-username --admin-password
      User-Agent:
      - AZURECLI/2.36.0 azsdk-python-azure-mgmt-compute/27.0.0 Python/3.8.10 (Windows-10-10.0.22000-SP0)
    method: GET
    uri: https://management.azure.com/subscriptions/00000000-0000-0000-0000-000000000000/providers/Microsoft.Compute/locations/westus/publishers/Canonical/artifacttypes/vmimage/offers/UbuntuServer/skus/18.04-LTS/versions/18.04.202205100?api-version=2022-03-01
  response:
    body:
      string: "{\r\n  \"properties\": {\r\n    \"hyperVGeneration\": \"V1\",\r\n    \"architecture\":
        \"x64\",\r\n    \"replicaType\": \"Unmanaged\",\r\n    \"disallowed\": {\r\n
        \     \"vmDiskType\": \"None\"\r\n    },\r\n    \"automaticOSUpgradeProperties\":
        {\r\n      \"automaticOSUpgradeSupported\": true\r\n    },\r\n    \"imageDeprecationStatus\":
        {\r\n      \"imageState\": \"Active\"\r\n    },\r\n    \"features\": [\r\n
        \     {\r\n        \"name\": \"IsAcceleratedNetworkSupported\",\r\n        \"value\":
        \"True\"\r\n      },\r\n      {\r\n        \"name\": \"DiskControllerTypes\",\r\n
        \       \"value\": \"SCSI\"\r\n      },\r\n      {\r\n        \"name\": \"IsHibernateSupported\",\r\n
        \       \"value\": \"False\"\r\n      }\r\n    ],\r\n    \"osDiskImage\":
        {\r\n      \"operatingSystem\": \"Linux\",\r\n      \"sizeInGb\": 31,\r\n
        \     \"sizeInBytes\": 32213303808\r\n    },\r\n    \"dataDiskImages\": []\r\n
        \ },\r\n  \"location\": \"westus\",\r\n  \"name\": \"18.04.202205100\",\r\n
        \ \"id\": \"/Subscriptions/00000000-0000-0000-0000-000000000000/Providers/Microsoft.Compute/Locations/westus/Publishers/Canonical/ArtifactTypes/VMImage/Offers/UbuntuServer/Skus/18.04-LTS/Versions/18.04.202205100\"\r\n}"
    headers:
      cache-control:
      - no-cache
      content-length:
      - '1043'
      content-type:
      - application/json; charset=utf-8
      date:
      - Wed, 18 May 2022 09:54:33 GMT
      expires:
      - '-1'
      pragma:
      - no-cache
      server:
      - Microsoft-HTTPAPI/2.0
      - Microsoft-HTTPAPI/2.0
      strict-transport-security:
      - max-age=31536000; includeSubDomains
      transfer-encoding:
      - chunked
      vary:
      - Accept-Encoding
      x-content-type-options:
      - nosniff
      x-ms-ratelimit-remaining-resource:
      - Microsoft.Compute/GetVMImageFromLocation3Min;12997,Microsoft.Compute/GetVMImageFromLocation30Min;73982
    status:
      code: 200
      message: OK
- request:
    body: null
    headers:
      Accept:
      - application/json, text/json
      Accept-Encoding:
      - gzip, deflate
      CommandName:
      - vmss create
      Connection:
      - keep-alive
      ParameterSetName:
      - --resource-group --name --image --ephemeral-os-disk --os-disk-caching --disable-overprovision
        --instance-count --admin-username --admin-password
      User-Agent:
      - AZURECLI/2.36.0 azsdk-python-azure-mgmt-network/19.3.0 Python/3.8.10 (Windows-10-10.0.22000-SP0)
    method: GET
    uri: https://management.azure.com/subscriptions/00000000-0000-0000-0000-000000000000/resourceGroups/cli_test_vmss_create_ephemeral_os_disk000001/providers/Microsoft.Network/virtualNetworks?api-version=2018-01-01
  response:
    body:
      string: "{\r\n  \"value\": [\r\n    {\r\n      \"name\": \"cli-test-vmss-local-1VNET\",\r\n
        \     \"id\": \"/subscriptions/00000000-0000-0000-0000-000000000000/resourceGroups/cli_test_vmss_create_ephemeral_os_disk000001/providers/Microsoft.Network/virtualNetworks/cli-test-vmss-local-1VNET\",\r\n
        \     \"etag\": \"W/\\\"7dfaef2e-a55e-4eeb-b892-96047d9579a3\\\"\",\r\n      \"type\":
        \"Microsoft.Network/virtualNetworks\",\r\n      \"location\": \"westus\",\r\n
        \     \"tags\": {},\r\n      \"properties\": {\r\n        \"provisioningState\":
        \"Succeeded\",\r\n        \"resourceGuid\": \"93dc892c-7579-4c8f-a0cc-1ca0fb0b2a64\",\r\n
        \       \"addressSpace\": {\r\n          \"addressPrefixes\": [\r\n            \"10.0.0.0/16\"\r\n
        \         ]\r\n        },\r\n        \"subnets\": [\r\n          {\r\n            \"name\":
        \"cli-test-vmss-local-1Subnet\",\r\n            \"id\": \"/subscriptions/00000000-0000-0000-0000-000000000000/resourceGroups/cli_test_vmss_create_ephemeral_os_disk000001/providers/Microsoft.Network/virtualNetworks/cli-test-vmss-local-1VNET/subnets/cli-test-vmss-local-1Subnet\",\r\n
        \           \"etag\": \"W/\\\"7dfaef2e-a55e-4eeb-b892-96047d9579a3\\\"\",\r\n
        \           \"properties\": {\r\n              \"provisioningState\": \"Succeeded\",\r\n
        \             \"addressPrefix\": \"10.0.0.0/24\",\r\n              \"ipConfigurations\":
        [\r\n                {\r\n                  \"id\": \"/subscriptions/00000000-0000-0000-0000-000000000000/resourceGroups/cli_test_vmss_create_ephemeral_os_disk000001/providers/Microsoft.Compute/virtualMachineScaleSets/cli-test-vmss-local-1/virtualMachines/0/networkInterfaces/clite1026Nic/ipConfigurations/clite1026IPConfig\"\r\n
        \               },\r\n                {\r\n                  \"id\": \"/subscriptions/00000000-0000-0000-0000-000000000000/resourceGroups/cli_test_vmss_create_ephemeral_os_disk000001/providers/Microsoft.Compute/virtualMachineScaleSets/cli-test-vmss-local-1/virtualMachines/1/networkInterfaces/clite1026Nic/ipConfigurations/clite1026IPConfig\"\r\n
        \               }\r\n              ]\r\n            },\r\n            \"type\":
        \"Microsoft.Network/virtualNetworks/subnets\"\r\n          }\r\n        ],\r\n
        \       \"virtualNetworkPeerings\": [],\r\n        \"enableDdosProtection\":
        false\r\n      }\r\n    }\r\n  ]\r\n}"
    headers:
      cache-control:
      - no-cache
      content-length:
      - '2119'
      content-type:
      - application/json; charset=utf-8
      date:
      - Wed, 18 May 2022 09:54:33 GMT
      expires:
      - '-1'
      pragma:
      - no-cache
      server:
      - Microsoft-HTTPAPI/2.0
      - Microsoft-HTTPAPI/2.0
      strict-transport-security:
      - max-age=31536000; includeSubDomains
      transfer-encoding:
      - chunked
      vary:
      - Accept-Encoding
      x-content-type-options:
      - nosniff
      x-ms-arm-service-request-id:
      - eb8c6b71-2d38-4680-97e8-976004d2b8ab
    status:
      code: 200
      message: OK
- request:
    body: '{"properties": {"template": {"$schema": "https://schema.management.azure.com/schemas/2015-01-01/deploymentTemplate.json#",
      "contentVersion": "1.0.0.0", "parameters": {"adminPassword": {"type": "securestring",
      "metadata": {"description": "Secure adminPassword"}}}, "variables": {}, "resources":
      [{"apiVersion": "2018-01-01", "type": "Microsoft.Network/publicIPAddresses",
      "name": "cli-test-vmss-local-2LBPublicIP", "location": "westus", "tags": {},
      "dependsOn": [], "properties": {"publicIPAllocationMethod": "Dynamic"}}, {"type":
      "Microsoft.Network/loadBalancers", "name": "cli-test-vmss-local-2LB", "location":
      "westus", "tags": {}, "apiVersion": "2018-01-01", "dependsOn": ["Microsoft.Network/publicIpAddresses/cli-test-vmss-local-2LBPublicIP"],
      "properties": {"backendAddressPools": [{"name": "cli-test-vmss-local-2LBBEPool"}],
      "frontendIPConfigurations": [{"name": "loadBalancerFrontEnd", "properties":
      {"publicIPAddress": {"id": "/subscriptions/00000000-0000-0000-0000-000000000000/resourceGroups/cli_test_vmss_create_ephemeral_os_disk000001/providers/Microsoft.Network/publicIPAddresses/cli-test-vmss-local-2LBPublicIP"}}}],
      "inboundNatPools": [{"name": "cli-test-vmss-local-2LBNatPool", "properties":
      {"frontendIPConfiguration": {"id": "[concat(resourceId(''Microsoft.Network/loadBalancers'',
      ''cli-test-vmss-local-2LB''), ''/frontendIPConfigurations/'', ''loadBalancerFrontEnd'')]"},
      "protocol": "tcp", "frontendPortRangeStart": "50000", "frontendPortRangeEnd":
      "50119", "backendPort": 22}}]}}, {"type": "Microsoft.Compute/virtualMachineScaleSets",
      "name": "cli-test-vmss-local-2", "location": "westus", "tags": {}, "apiVersion":
      "2021-11-01", "dependsOn": ["Microsoft.Network/loadBalancers/cli-test-vmss-local-2LB"],
      "properties": {"overprovision": false, "upgradePolicy": {"mode": "manual", "rollingUpgradePolicy":
      {}}, "singlePlacementGroup": null, "virtualMachineProfile": {"storageProfile":
      {"osDisk": {"createOption": "FromImage", "caching": "ReadOnly", "managedDisk":
      {"storageAccountType": null}, "diffDiskSettings": {"option": "Local"}}, "imageReference":
      {"publisher": "Canonical", "offer": "UbuntuServer", "sku": "18.04-LTS", "version":
      "latest"}}, "osProfile": {"computerNamePrefix": "clite4869", "adminUsername":
      "user_1", "adminPassword": "[parameters(''adminPassword'')]"}, "networkProfile":
      {"networkInterfaceConfigurations": [{"name": "clite4869Nic", "properties": {"ipConfigurations":
      [{"name": "clite4869IPConfig", "properties": {"subnet": {"id": "/subscriptions/00000000-0000-0000-0000-000000000000/resourceGroups/cli_test_vmss_create_ephemeral_os_disk000001/providers/Microsoft.Network/virtualNetworks/cli-test-vmss-local-1VNET/subnets/cli-test-vmss-local-1Subnet"},
      "loadBalancerBackendAddressPools": [{"id": "/subscriptions/00000000-0000-0000-0000-000000000000/resourceGroups/cli_test_vmss_create_ephemeral_os_disk000001/providers/Microsoft.Network/loadBalancers/cli-test-vmss-local-2LB/backendAddressPools/cli-test-vmss-local-2LBBEPool"}],
      "loadBalancerInboundNatPools": [{"id": "/subscriptions/00000000-0000-0000-0000-000000000000/resourceGroups/cli_test_vmss_create_ephemeral_os_disk000001/providers/Microsoft.Network/loadBalancers/cli-test-vmss-local-2LB/inboundNatPools/cli-test-vmss-local-2LBNatPool"}]}}],
      "primary": "true"}}]}}, "orchestrationMode": "Uniform"}, "sku": {"name": "Standard_DS1_v2",
      "capacity": 2}}], "outputs": {"VMSS": {"type": "object", "value": "[reference(resourceId(''Microsoft.Compute/virtualMachineScaleSets'',
      ''cli-test-vmss-local-2''),providers(''Microsoft.Compute'', ''virtualMachineScaleSets'').apiVersions[0])]"}}},
      "parameters": {"adminPassword": {"value": "testPassword09"}}, "mode": "incremental"}}'
    headers:
      Accept:
      - application/json
      Accept-Encoding:
      - gzip, deflate
      CommandName:
      - vmss create
      Connection:
      - keep-alive
      Content-Length:
      - '3650'
      Content-Type:
      - application/json
      ParameterSetName:
      - --resource-group --name --image --ephemeral-os-disk --os-disk-caching --disable-overprovision
        --instance-count --admin-username --admin-password
      User-Agent:
      - AZURECLI/2.36.0 azsdk-python-azure-mgmt-resource/20.0.0 Python/3.8.10 (Windows-10-10.0.22000-SP0)
    method: PUT
    uri: https://management.azure.com/subscriptions/00000000-0000-0000-0000-000000000000/resourcegroups/cli_test_vmss_create_ephemeral_os_disk000001/providers/Microsoft.Resources/deployments/mock-deployment?api-version=2021-04-01
  response:
    body:
      string: '{"id":"/subscriptions/00000000-0000-0000-0000-000000000000/resourceGroups/cli_test_vmss_create_ephemeral_os_disk000001/providers/Microsoft.Resources/deployments/vmss_deploy_9oL6BWKJrwi4VOaUCf70tEWpBr7Zw7ky","name":"vmss_deploy_9oL6BWKJrwi4VOaUCf70tEWpBr7Zw7ky","type":"Microsoft.Resources/deployments","properties":{"templateHash":"13039563490001690222","parameters":{"adminPassword":{"type":"SecureString"}},"mode":"Incremental","provisioningState":"Accepted","timestamp":"2022-05-18T09:54:49.3903275Z","duration":"PT0.0006756S","correlationId":"f04afe2e-ce12-421e-bb9a-c3d6d7b9b559","providers":[{"namespace":"Microsoft.Network","resourceTypes":[{"resourceType":"publicIPAddresses","locations":["westus"]},{"resourceType":"loadBalancers","locations":["westus"]}]},{"namespace":"Microsoft.Compute","resourceTypes":[{"resourceType":"virtualMachineScaleSets","locations":["westus"]}]}],"dependencies":[{"dependsOn":[{"id":"/subscriptions/00000000-0000-0000-0000-000000000000/resourceGroups/cli_test_vmss_create_ephemeral_os_disk000001/providers/Microsoft.Network/publicIPAddresses/cli-test-vmss-local-2LBPublicIP","resourceType":"Microsoft.Network/publicIPAddresses","resourceName":"cli-test-vmss-local-2LBPublicIP"}],"id":"/subscriptions/00000000-0000-0000-0000-000000000000/resourceGroups/cli_test_vmss_create_ephemeral_os_disk000001/providers/Microsoft.Network/loadBalancers/cli-test-vmss-local-2LB","resourceType":"Microsoft.Network/loadBalancers","resourceName":"cli-test-vmss-local-2LB"},{"dependsOn":[{"id":"/subscriptions/00000000-0000-0000-0000-000000000000/resourceGroups/cli_test_vmss_create_ephemeral_os_disk000001/providers/Microsoft.Network/loadBalancers/cli-test-vmss-local-2LB","resourceType":"Microsoft.Network/loadBalancers","resourceName":"cli-test-vmss-local-2LB"}],"id":"/subscriptions/00000000-0000-0000-0000-000000000000/resourceGroups/cli_test_vmss_create_ephemeral_os_disk000001/providers/Microsoft.Compute/virtualMachineScaleSets/cli-test-vmss-local-2","resourceType":"Microsoft.Compute/virtualMachineScaleSets","resourceName":"cli-test-vmss-local-2"}]}}'
    headers:
      azure-asyncoperation:
      - https://management.azure.com/subscriptions/00000000-0000-0000-0000-000000000000/resourcegroups/cli_test_vmss_create_ephemeral_os_disk000001/providers/Microsoft.Resources/deployments/vmss_deploy_9oL6BWKJrwi4VOaUCf70tEWpBr7Zw7ky/operationStatuses/08585487391982390944?api-version=2021-04-01
      cache-control:
      - no-cache
      content-length:
      - '2079'
      content-type:
      - application/json; charset=utf-8
      date:
      - Wed, 18 May 2022 09:54:51 GMT
      expires:
      - '-1'
      pragma:
      - no-cache
      strict-transport-security:
      - max-age=31536000; includeSubDomains
      x-content-type-options:
      - nosniff
      x-ms-ratelimit-remaining-subscription-writes:
      - '1198'
    status:
      code: 201
      message: Created
- request:
    body: null
    headers:
      Accept:
      - '*/*'
      Accept-Encoding:
      - gzip, deflate
      CommandName:
      - vmss create
      Connection:
      - keep-alive
      ParameterSetName:
      - --resource-group --name --image --ephemeral-os-disk --os-disk-caching --disable-overprovision
        --instance-count --admin-username --admin-password
      User-Agent:
      - AZURECLI/2.36.0 azsdk-python-azure-mgmt-resource/20.0.0 Python/3.8.10 (Windows-10-10.0.22000-SP0)
    method: GET
    uri: https://management.azure.com/subscriptions/00000000-0000-0000-0000-000000000000/resourcegroups/cli_test_vmss_create_ephemeral_os_disk000001/providers/Microsoft.Resources/deployments/mock-deployment/operationStatuses/08585487391982390944?api-version=2021-04-01
  response:
    body:
      string: '{"status":"Running"}'
    headers:
      cache-control:
      - no-cache
      content-length:
      - '20'
      content-type:
      - application/json; charset=utf-8
      date:
      - Wed, 18 May 2022 09:55:22 GMT
      expires:
      - '-1'
      pragma:
      - no-cache
      strict-transport-security:
      - max-age=31536000; includeSubDomains
      vary:
      - Accept-Encoding
      x-content-type-options:
      - nosniff
    status:
      code: 200
      message: OK
- request:
    body: null
    headers:
      Accept:
      - '*/*'
      Accept-Encoding:
      - gzip, deflate
      CommandName:
      - vmss create
      Connection:
      - keep-alive
      ParameterSetName:
      - --resource-group --name --image --ephemeral-os-disk --os-disk-caching --disable-overprovision
        --instance-count --admin-username --admin-password
      User-Agent:
      - AZURECLI/2.36.0 azsdk-python-azure-mgmt-resource/20.0.0 Python/3.8.10 (Windows-10-10.0.22000-SP0)
    method: GET
    uri: https://management.azure.com/subscriptions/00000000-0000-0000-0000-000000000000/resourcegroups/cli_test_vmss_create_ephemeral_os_disk000001/providers/Microsoft.Resources/deployments/mock-deployment/operationStatuses/08585487391982390944?api-version=2021-04-01
  response:
    body:
      string: '{"status":"Succeeded"}'
    headers:
      cache-control:
      - no-cache
      content-length:
      - '22'
      content-type:
      - application/json; charset=utf-8
      date:
      - Wed, 18 May 2022 09:55:53 GMT
      expires:
      - '-1'
      pragma:
      - no-cache
      strict-transport-security:
      - max-age=31536000; includeSubDomains
      vary:
      - Accept-Encoding
      x-content-type-options:
      - nosniff
    status:
      code: 200
      message: OK
- request:
    body: null
    headers:
      Accept:
      - '*/*'
      Accept-Encoding:
      - gzip, deflate
      CommandName:
      - vmss create
      Connection:
      - keep-alive
      ParameterSetName:
      - --resource-group --name --image --ephemeral-os-disk --os-disk-caching --disable-overprovision
        --instance-count --admin-username --admin-password
      User-Agent:
      - AZURECLI/2.36.0 azsdk-python-azure-mgmt-resource/20.0.0 Python/3.8.10 (Windows-10-10.0.22000-SP0)
    method: GET
    uri: https://management.azure.com/subscriptions/00000000-0000-0000-0000-000000000000/resourcegroups/cli_test_vmss_create_ephemeral_os_disk000001/providers/Microsoft.Resources/deployments/mock-deployment?api-version=2021-04-01
  response:
    body:
      string: '{"id":"/subscriptions/00000000-0000-0000-0000-000000000000/resourceGroups/cli_test_vmss_create_ephemeral_os_disk000001/providers/Microsoft.Resources/deployments/vmss_deploy_9oL6BWKJrwi4VOaUCf70tEWpBr7Zw7ky","name":"vmss_deploy_9oL6BWKJrwi4VOaUCf70tEWpBr7Zw7ky","type":"Microsoft.Resources/deployments","properties":{"templateHash":"13039563490001690222","parameters":{"adminPassword":{"type":"SecureString"}},"mode":"Incremental","provisioningState":"Succeeded","timestamp":"2022-05-18T09:55:51.810617Z","duration":"PT1M2.4209651S","correlationId":"f04afe2e-ce12-421e-bb9a-c3d6d7b9b559","providers":[{"namespace":"Microsoft.Network","resourceTypes":[{"resourceType":"publicIPAddresses","locations":["westus"]},{"resourceType":"loadBalancers","locations":["westus"]}]},{"namespace":"Microsoft.Compute","resourceTypes":[{"resourceType":"virtualMachineScaleSets","locations":["westus"]}]}],"dependencies":[{"dependsOn":[{"id":"/subscriptions/00000000-0000-0000-0000-000000000000/resourceGroups/cli_test_vmss_create_ephemeral_os_disk000001/providers/Microsoft.Network/publicIPAddresses/cli-test-vmss-local-2LBPublicIP","resourceType":"Microsoft.Network/publicIPAddresses","resourceName":"cli-test-vmss-local-2LBPublicIP"}],"id":"/subscriptions/00000000-0000-0000-0000-000000000000/resourceGroups/cli_test_vmss_create_ephemeral_os_disk000001/providers/Microsoft.Network/loadBalancers/cli-test-vmss-local-2LB","resourceType":"Microsoft.Network/loadBalancers","resourceName":"cli-test-vmss-local-2LB"},{"dependsOn":[{"id":"/subscriptions/00000000-0000-0000-0000-000000000000/resourceGroups/cli_test_vmss_create_ephemeral_os_disk000001/providers/Microsoft.Network/loadBalancers/cli-test-vmss-local-2LB","resourceType":"Microsoft.Network/loadBalancers","resourceName":"cli-test-vmss-local-2LB"}],"id":"/subscriptions/00000000-0000-0000-0000-000000000000/resourceGroups/cli_test_vmss_create_ephemeral_os_disk000001/providers/Microsoft.Compute/virtualMachineScaleSets/cli-test-vmss-local-2","resourceType":"Microsoft.Compute/virtualMachineScaleSets","resourceName":"cli-test-vmss-local-2"}],"outputs":{"vmss":{"type":"Object","value":{"singlePlacementGroup":true,"upgradePolicy":{"mode":"Manual","rollingUpgradePolicy":{"maxBatchInstancePercent":20,"maxUnhealthyInstancePercent":20,"maxUnhealthyUpgradedInstancePercent":20,"pauseTimeBetweenBatches":"PT0S"}},"virtualMachineProfile":{"osProfile":{"computerNamePrefix":"clite4869","adminUsername":"user_1","linuxConfiguration":{"disablePasswordAuthentication":false,"provisionVMAgent":true,"enableVMAgentPlatformUpdates":false},"secrets":[],"allowExtensionOperations":true,"requireGuestProvisionSignal":true},"storageProfile":{"osDisk":{"osType":"Linux","diffDiskSettings":{"option":"Local","placement":"CacheDisk"},"createOption":"FromImage","caching":"ReadOnly","managedDisk":{"storageAccountType":"Standard_LRS"},"diskSizeGB":30},"imageReference":{"publisher":"Canonical","offer":"UbuntuServer","sku":"18.04-LTS","version":"latest"}},"networkProfile":{"networkInterfaceConfigurations":[{"name":"clite4869Nic","properties":{"primary":true,"dnsSettings":{"dnsServers":[]},"enableIPForwarding":false,"ipConfigurations":[{"name":"clite4869IPConfig","properties":{"subnet":{"id":"/subscriptions/00000000-0000-0000-0000-000000000000/resourceGroups/cli_test_vmss_create_ephemeral_os_disk000001/providers/Microsoft.Network/virtualNetworks/cli-test-vmss-local-1VNET/subnets/cli-test-vmss-local-1Subnet"},"privateIPAddressVersion":"IPv4","loadBalancerBackendAddressPools":[{"id":"/subscriptions/00000000-0000-0000-0000-000000000000/resourceGroups/cli_test_vmss_create_ephemeral_os_disk000001/providers/Microsoft.Network/loadBalancers/cli-test-vmss-local-2LB/backendAddressPools/cli-test-vmss-local-2LBBEPool"}],"loadBalancerInboundNatPools":[{"id":"/subscriptions/00000000-0000-0000-0000-000000000000/resourceGroups/cli_test_vmss_create_ephemeral_os_disk000001/providers/Microsoft.Network/loadBalancers/cli-test-vmss-local-2LB/inboundNatPools/cli-test-vmss-local-2LBNatPool"}]}}]}}]}},"provisioningState":"Succeeded","overprovision":false,"doNotRunExtensionsOnOverprovisionedVMs":false,"uniqueId":"a6d115c6-02d3-4922-8ca5-f2a0d6322e65","timeCreated":"2022-05-18T09:55:07.1553312+00:00"}}},"outputResources":[{"id":"/subscriptions/00000000-0000-0000-0000-000000000000/resourceGroups/cli_test_vmss_create_ephemeral_os_disk000001/providers/Microsoft.Compute/virtualMachineScaleSets/cli-test-vmss-local-2"},{"id":"/subscriptions/00000000-0000-0000-0000-000000000000/resourceGroups/cli_test_vmss_create_ephemeral_os_disk000001/providers/Microsoft.Network/loadBalancers/cli-test-vmss-local-2LB"},{"id":"/subscriptions/00000000-0000-0000-0000-000000000000/resourceGroups/cli_test_vmss_create_ephemeral_os_disk000001/providers/Microsoft.Network/publicIPAddresses/cli-test-vmss-local-2LBPublicIP"}]}}'
    headers:
      cache-control:
      - no-cache
      content-length:
      - '4821'
      content-type:
      - application/json; charset=utf-8
      date:
      - Wed, 18 May 2022 09:55:53 GMT
      expires:
      - '-1'
      pragma:
      - no-cache
      strict-transport-security:
      - max-age=31536000; includeSubDomains
      vary:
      - Accept-Encoding
      x-content-type-options:
      - nosniff
    status:
      code: 200
      message: OK
- request:
    body: null
    headers:
      Accept:
      - application/json
      Accept-Encoding:
      - gzip, deflate
      CommandName:
      - vmss show
      Connection:
      - keep-alive
      ParameterSetName:
      - -g -n
      User-Agent:
      - AZURECLI/2.36.0 azsdk-python-azure-mgmt-compute/27.0.0 Python/3.8.10 (Windows-10-10.0.22000-SP0)
    method: GET
    uri: https://management.azure.com/subscriptions/00000000-0000-0000-0000-000000000000/resourceGroups/cli_test_vmss_create_ephemeral_os_disk000001/providers/Microsoft.Compute/virtualMachineScaleSets/cli-test-vmss-local-2?api-version=2021-11-01
  response:
    body:
      string: "{\r\n  \"name\": \"cli-test-vmss-local-2\",\r\n  \"id\": \"/subscriptions/00000000-0000-0000-0000-000000000000/resourceGroups/cli_test_vmss_create_ephemeral_os_disk000001/providers/Microsoft.Compute/virtualMachineScaleSets/cli-test-vmss-local-2\",\r\n
        \ \"type\": \"Microsoft.Compute/virtualMachineScaleSets\",\r\n  \"location\":
        \"westus\",\r\n  \"tags\": {},\r\n  \"sku\": {\r\n    \"name\": \"Standard_DS1_v2\",\r\n
        \   \"tier\": \"Standard\",\r\n    \"capacity\": 2\r\n  },\r\n  \"properties\":
        {\r\n    \"singlePlacementGroup\": true,\r\n    \"upgradePolicy\": {\r\n      \"mode\":
        \"Manual\",\r\n      \"rollingUpgradePolicy\": {\r\n        \"maxBatchInstancePercent\":
        20,\r\n        \"maxUnhealthyInstancePercent\": 20,\r\n        \"maxUnhealthyUpgradedInstancePercent\":
        20,\r\n        \"pauseTimeBetweenBatches\": \"PT0S\"\r\n      }\r\n    },\r\n
        \   \"virtualMachineProfile\": {\r\n      \"osProfile\": {\r\n        \"computerNamePrefix\":
        \"clite4869\",\r\n        \"adminUsername\": \"user_1\",\r\n        \"linuxConfiguration\":
        {\r\n          \"disablePasswordAuthentication\": false,\r\n          \"provisionVMAgent\":
        true,\r\n          \"enableVMAgentPlatformUpdates\": false\r\n        },\r\n
        \       \"secrets\": [],\r\n        \"allowExtensionOperations\": true,\r\n
        \       \"requireGuestProvisionSignal\": true\r\n      },\r\n      \"storageProfile\":
        {\r\n        \"osDisk\": {\r\n          \"osType\": \"Linux\",\r\n          \"diffDiskSettings\":
        {\r\n            \"option\": \"Local\",\r\n            \"placement\": \"CacheDisk\"\r\n
        \         },\r\n          \"createOption\": \"FromImage\",\r\n          \"caching\":
        \"ReadOnly\",\r\n          \"managedDisk\": {\r\n            \"storageAccountType\":
        \"Standard_LRS\"\r\n          },\r\n          \"diskSizeGB\": 30\r\n        },\r\n
        \       \"imageReference\": {\r\n          \"publisher\": \"Canonical\",\r\n
        \         \"offer\": \"UbuntuServer\",\r\n          \"sku\": \"18.04-LTS\",\r\n
        \         \"version\": \"latest\"\r\n        }\r\n      },\r\n      \"networkProfile\":
        {\"networkInterfaceConfigurations\":[{\"name\":\"clite4869Nic\",\"properties\":{\"primary\":true,\"dnsSettings\":{\"dnsServers\":[]},\"enableIPForwarding\":false,\"ipConfigurations\":[{\"name\":\"clite4869IPConfig\",\"properties\":{\"subnet\":{\"id\":\"/subscriptions/00000000-0000-0000-0000-000000000000/resourceGroups/cli_test_vmss_create_ephemeral_os_disk000001/providers/Microsoft.Network/virtualNetworks/cli-test-vmss-local-1VNET/subnets/cli-test-vmss-local-1Subnet\"},\"privateIPAddressVersion\":\"IPv4\",\"loadBalancerBackendAddressPools\":[{\"id\":\"/subscriptions/00000000-0000-0000-0000-000000000000/resourceGroups/cli_test_vmss_create_ephemeral_os_disk000001/providers/Microsoft.Network/loadBalancers/cli-test-vmss-local-2LB/backendAddressPools/cli-test-vmss-local-2LBBEPool\"}],\"loadBalancerInboundNatPools\":[{\"id\":\"/subscriptions/00000000-0000-0000-0000-000000000000/resourceGroups/cli_test_vmss_create_ephemeral_os_disk000001/providers/Microsoft.Network/loadBalancers/cli-test-vmss-local-2LB/inboundNatPools/cli-test-vmss-local-2LBNatPool\"}]}}]}}]}\r\n
        \   },\r\n    \"provisioningState\": \"Succeeded\",\r\n    \"overprovision\":
        false,\r\n    \"doNotRunExtensionsOnOverprovisionedVMs\": false,\r\n    \"uniqueId\":
        \"a6d115c6-02d3-4922-8ca5-f2a0d6322e65\",\r\n    \"timeCreated\": \"2022-05-18T09:55:07.1553312+00:00\"\r\n
        \ }\r\n}"
    headers:
      cache-control:
      - no-cache
      content-length:
      - '3080'
      content-type:
      - application/json; charset=utf-8
      date:
      - Wed, 18 May 2022 09:55:54 GMT
      expires:
      - '-1'
      pragma:
      - no-cache
      server:
      - Microsoft-HTTPAPI/2.0
      - Microsoft-HTTPAPI/2.0
      strict-transport-security:
      - max-age=31536000; includeSubDomains
      transfer-encoding:
      - chunked
      vary:
      - Accept-Encoding
      x-content-type-options:
      - nosniff
      x-ms-ratelimit-remaining-resource:
      - Microsoft.Compute/GetVMScaleSet3Min;375,Microsoft.Compute/GetVMScaleSet30Min;2471
    status:
      code: 200
      message: OK
version: 1
