interactions:
- request:
    body: null
    headers:
      Accept:
      - application/json
      Accept-Encoding:
      - gzip, deflate
      CommandName:
      - vmss create
      Connection:
      - keep-alive
      ParameterSetName:
      - -g -n --image --admin-username --generate-ssh-keys
      User-Agent:
      - python/3.8.6 (Windows-10-10.0.19041-SP0) msrest/0.6.18 msrest_azure/0.6.3
        azure-mgmt-resource/12.0.0 Azure-SDK-For-Python AZURECLI/2.16.0
      accept-language:
      - en-US
    method: GET
    uri: https://management.azure.com/subscriptions/00000000-0000-0000-0000-000000000000/resourcegroups/cli_test_vmss_run_command_w_params000001?api-version=2020-10-01
  response:
    body:
      string: '{"id":"/subscriptions/00000000-0000-0000-0000-000000000000/resourceGroups/cli_test_vmss_run_command_w_params000001","name":"cli_test_vmss_run_command_w_params000001","type":"Microsoft.Resources/resourceGroups","location":"westus","tags":{"product":"azurecli","cause":"automation","date":"2020-12-19T06:17:48Z"},"properties":{"provisioningState":"Succeeded"}}'
    headers:
      cache-control:
      - no-cache
      content-length:
      - '428'
      content-type:
      - application/json; charset=utf-8
      date:
      - Sat, 19 Dec 2020 06:17:50 GMT
      expires:
      - '-1'
      pragma:
      - no-cache
      strict-transport-security:
      - max-age=31536000; includeSubDomains
      vary:
      - Accept-Encoding
      x-content-type-options:
      - nosniff
    status:
      code: 200
      message: OK
- request:
    body: null
    headers:
      Accept:
      - '*/*'
      Accept-Encoding:
      - gzip, deflate
      Connection:
      - keep-alive
      User-Agent:
      - python-requests/2.22.0
    method: GET
    uri: https://raw.githubusercontent.com/Azure/azure-rest-api-specs/master/arm-compute/quickstart-templates/aliases.json
  response:
    body:
      string: "{\n  \"$schema\": \"http://schema.management.azure.com/schemas/2015-01-01/deploymentTemplate.json\",\n
        \ \"contentVersion\": \"1.0.0.0\",\n  \"parameters\": {},\n  \"variables\":
        {},\n  \"resources\": [],\n  \"outputs\": {\n    \"aliases\": {\n      \"type\":
        \"object\",\n      \"value\": {\n        \"Linux\": {\n          \"CentOS\":
        {\n            \"publisher\": \"OpenLogic\",\n            \"offer\": \"CentOS\",\n
        \           \"sku\": \"7.5\",\n            \"version\": \"latest\"\n          },\n
        \         \"CoreOS\": {\n            \"publisher\": \"CoreOS\",\n            \"offer\":
        \"CoreOS\",\n            \"sku\": \"Stable\",\n            \"version\": \"latest\"\n
        \         },\n          \"Debian\": {\n            \"publisher\": \"Debian\",\n
        \           \"offer\": \"debian-10\",\n            \"sku\": \"10\",\n            \"version\":
        \"latest\"\n          },\n          \"openSUSE-Leap\": {\n            \"publisher\":
        \"SUSE\",\n            \"offer\": \"openSUSE-Leap\",\n            \"sku\":
        \"42.3\",\n            \"version\": \"latest\"\n          },\n          \"RHEL\":
        {\n            \"publisher\": \"RedHat\",\n            \"offer\": \"RHEL\",\n
        \           \"sku\": \"7-LVM\",\n            \"version\": \"latest\"\n          },\n
        \         \"SLES\": {\n            \"publisher\": \"SUSE\",\n            \"offer\":
        \"SLES\",\n            \"sku\": \"15\",\n            \"version\": \"latest\"\n
        \         },\n          \"UbuntuLTS\": {\n            \"publisher\": \"Canonical\",\n
        \           \"offer\": \"UbuntuServer\",\n            \"sku\": \"18.04-LTS\",\n
        \           \"version\": \"latest\"\n          }\n        },\n        \"Windows\":
        {\n          \"Win2019Datacenter\": {\n            \"publisher\": \"MicrosoftWindowsServer\",\n
        \           \"offer\": \"WindowsServer\",\n            \"sku\": \"2019-Datacenter\",\n
        \           \"version\": \"latest\"\n          },\n          \"Win2016Datacenter\":
        {\n            \"publisher\": \"MicrosoftWindowsServer\",\n            \"offer\":
        \"WindowsServer\",\n            \"sku\": \"2016-Datacenter\",\n            \"version\":
        \"latest\"\n          },\n          \"Win2012R2Datacenter\": {\n            \"publisher\":
        \"MicrosoftWindowsServer\",\n            \"offer\": \"WindowsServer\",\n            \"sku\":
        \"2012-R2-Datacenter\",\n            \"version\": \"latest\"\n          },\n
        \         \"Win2012Datacenter\": {\n            \"publisher\": \"MicrosoftWindowsServer\",\n
        \           \"offer\": \"WindowsServer\",\n            \"sku\": \"2012-Datacenter\",\n
        \           \"version\": \"latest\"\n          },\n          \"Win2008R2SP1\":
        {\n            \"publisher\": \"MicrosoftWindowsServer\",\n            \"offer\":
        \"WindowsServer\",\n            \"sku\": \"2008-R2-SP1\",\n            \"version\":
        \"latest\"\n          }\n        }\n      }\n    }\n  }\n}\n"
    headers:
      accept-ranges:
      - bytes
      access-control-allow-origin:
      - '*'
      cache-control:
      - max-age=300
      connection:
      - keep-alive
      content-length:
      - '2501'
      content-security-policy:
      - default-src 'none'; style-src 'unsafe-inline'; sandbox
      content-type:
      - text/plain; charset=utf-8
      date:
      - Sat, 19 Dec 2020 06:17:51 GMT
      etag:
      - W/"540044b4084c3c314537f1baa1770f248628b2bc9ba0328f1004c33862e049da"
      expires:
      - Sat, 19 Dec 2020 06:22:51 GMT
      source-age:
      - '270'
      strict-transport-security:
      - max-age=31536000
      vary:
      - Authorization,Accept-Encoding
      via:
      - 1.1 varnish (Varnish/6.0), 1.1 varnish
      x-cache:
      - MISS, HIT
      x-cache-hits:
      - 0, 1
      x-content-type-options:
      - nosniff
      x-fastly-request-id:
      - 3fceddd4b448ed131563852558dbe6c163a32bc9
      x-frame-options:
      - deny
      x-github-request-id:
      - 93C6:3C8C:469397:4F234E:5FDD936A
      x-served-by:
      - cache-mia11372-MIA
      x-timer:
      - S1608358671.379007,VS0,VE0
      x-xss-protection:
      - 1; mode=block
    status:
      code: 200
      message: OK
- request:
    body: null
    headers:
      Accept:
      - application/json
      Accept-Encoding:
      - gzip, deflate
      CommandName:
      - vmss create
      Connection:
      - keep-alive
      ParameterSetName:
      - -g -n --image --admin-username --generate-ssh-keys
      User-Agent:
      - python/3.8.6 (Windows-10-10.0.19041-SP0) msrest/0.6.18 msrest_azure/0.6.3
        azure-mgmt-network/13.0.0 Azure-SDK-For-Python AZURECLI/2.16.0
      accept-language:
      - en-US
    method: GET
    uri: https://management.azure.com/subscriptions/00000000-0000-0000-0000-000000000000/resourceGroups/cli_test_vmss_run_command_w_params000001/providers/Microsoft.Network/virtualNetworks?api-version=2018-01-01
  response:
    body:
      string: '{"value":[]}'
    headers:
      cache-control:
      - no-cache
      content-length:
      - '12'
      content-type:
      - application/json; charset=utf-8
      date:
      - Sat, 19 Dec 2020 06:17:50 GMT
      expires:
      - '-1'
      pragma:
      - no-cache
      strict-transport-security:
      - max-age=31536000; includeSubDomains
      vary:
      - Accept-Encoding
      x-content-type-options:
      - nosniff
    status:
      code: 200
      message: OK
- request:
    body: '{"properties": {"template": {"$schema": "https://schema.management.azure.com/schemas/2015-01-01/deploymentTemplate.json#",
      "contentVersion": "1.0.0.0", "parameters": {}, "variables": {}, "resources":
      [{"name": "test-run-command-vmss2VNET", "type": "Microsoft.Network/virtualNetworks",
      "location": "westus", "apiVersion": "2015-06-15", "dependsOn": [], "tags": {},
      "properties": {"addressSpace": {"addressPrefixes": ["10.0.0.0/16"]}, "subnets":
      [{"name": "test-run-command-vmss2Subnet", "properties": {"addressPrefix": "10.0.0.0/24"}}]}},
      {"apiVersion": "2018-01-01", "type": "Microsoft.Network/publicIPAddresses",
      "name": "test-run-command-vmss2LBPublicIP", "location": "westus", "tags": {},
      "dependsOn": [], "properties": {"publicIPAllocationMethod": "Dynamic"}}, {"type":
      "Microsoft.Network/loadBalancers", "name": "test-run-command-vmss2LB", "location":
      "westus", "tags": {}, "apiVersion": "2018-01-01", "dependsOn": ["Microsoft.Network/virtualNetworks/test-run-command-vmss2VNET",
      "Microsoft.Network/publicIpAddresses/test-run-command-vmss2LBPublicIP"], "properties":
      {"backendAddressPools": [{"name": "test-run-command-vmss2LBBEPool"}], "inboundNatPools":
      [{"name": "test-run-command-vmss2LBNatPool", "properties": {"frontendIPConfiguration":
      {"id": "[concat(resourceId(''Microsoft.Network/loadBalancers'', ''test-run-command-vmss2LB''),
      ''/frontendIPConfigurations/'', ''loadBalancerFrontEnd'')]"}, "protocol": "tcp",
      "frontendPortRangeStart": "50000", "frontendPortRangeEnd": "50119", "backendPort":
      22}}], "frontendIPConfigurations": [{"name": "loadBalancerFrontEnd", "properties":
      {"publicIPAddress": {"id": "/subscriptions/00000000-0000-0000-0000-000000000000/resourceGroups/cli_test_vmss_run_command_w_params000001/providers/Microsoft.Network/publicIPAddresses/test-run-command-vmss2LBPublicIP"}}}]}},
      {"type": "Microsoft.Compute/virtualMachineScaleSets", "name": "test-run-command-vmss2",
      "location": "westus", "tags": {}, "apiVersion": "2020-06-01", "dependsOn": ["Microsoft.Network/virtualNetworks/test-run-command-vmss2VNET",
      "Microsoft.Network/loadBalancers/test-run-command-vmss2LB"], "sku": {"name":
      "Standard_DS1_v2", "capacity": 2}, "properties": {"overprovision": true, "upgradePolicy":
      {"mode": "manual"}, "virtualMachineProfile": {"storageProfile": {"osDisk": {"createOption":
      "FromImage", "caching": "ReadWrite", "managedDisk": {"storageAccountType": null}},
      "imageReference": {"publisher": "Debian", "offer": "debian-10", "sku": "10",
      "version": "latest"}}, "networkProfile": {"networkInterfaceConfigurations":
      [{"name": "testr28a8Nic", "properties": {"primary": "true", "ipConfigurations":
      [{"name": "testr28a8IPConfig", "properties": {"subnet": {"id": "/subscriptions/00000000-0000-0000-0000-000000000000/resourceGroups/cli_test_vmss_run_command_w_params000001/providers/Microsoft.Network/virtualNetworks/test-run-command-vmss2VNET/subnets/test-run-command-vmss2Subnet"},
      "loadBalancerBackendAddressPools": [{"id": "/subscriptions/00000000-0000-0000-0000-000000000000/resourceGroups/cli_test_vmss_run_command_w_params000001/providers/Microsoft.Network/loadBalancers/test-run-command-vmss2LB/backendAddressPools/test-run-command-vmss2LBBEPool"}],
      "loadBalancerInboundNatPools": [{"id": "/subscriptions/00000000-0000-0000-0000-000000000000/resourceGroups/cli_test_vmss_run_command_w_params000001/providers/Microsoft.Network/loadBalancers/test-run-command-vmss2LB/inboundNatPools/test-run-command-vmss2LBNatPool"}]}}]}}]},
      "osProfile": {"computerNamePrefix": "testr28a8", "adminUsername": "clitest1",
      "linuxConfiguration": {"disablePasswordAuthentication": true, "ssh": {"publicKeys":
      [{"path": "/home/clitest1/.ssh/authorized_keys", "keyData": "ssh-rsa AAAAB3NzaC1yc2EAAAADAQABAAABAQDI8aYs6Q0jHMi+ZA79hsoxoTxrbVwH/eZY+ZSifVvvKicm1/80fdqKNXgfNujlTiXYG7kCN+NhsgoEtARQtJnStvYv1HzD95rb0dSegff+GqUGgAdE+/oIEMu8/CRVLQWlPrOs2qUeRvElCmG8M+BTVC2sMFFblSrwHOx5sKLdWv4eOjncICD7w9Ktbi5FNC5RHElvlxei3vUOpfUfP4GIiy5CCXUPmO5AX+BO15JkMJsaNfmGMQ7LFzFbw6F+HG+Hi4hm+Kd3mNK7qyaz0T2iGBnA6maVB2zugbZtCuY9ZlfnWxDVF8V43mVY7MNLM1BqwskDNwzKiVgeUXLDYJux"}]}}}},
      "singlePlacementGroup": null}}], "outputs": {"VMSS": {"type": "object", "value":
      "[reference(resourceId(''Microsoft.Compute/virtualMachineScaleSets'', ''test-run-command-vmss2''),providers(''Microsoft.Compute'',
      ''virtualMachineScaleSets'').apiVersions[0])]"}}}, "parameters": {}, "mode":
      "Incremental"}}'
    headers:
      Accept:
      - application/json
      Accept-Encoding:
      - gzip, deflate
      CommandName:
      - vmss create
      Connection:
      - keep-alive
      Content-Length:
      - '4487'
      Content-Type:
      - application/json; charset=utf-8
      ParameterSetName:
      - -g -n --image --admin-username --generate-ssh-keys
      User-Agent:
      - python/3.8.6 (Windows-10-10.0.19041-SP0) msrest/0.6.18 msrest_azure/0.6.3
        azure-mgmt-resource/12.0.0 Azure-SDK-For-Python AZURECLI/2.16.0
      accept-language:
      - en-US
    method: PUT
    uri: https://management.azure.com/subscriptions/00000000-0000-0000-0000-000000000000/resourcegroups/cli_test_vmss_run_command_w_params000001/providers/Microsoft.Resources/deployments/mock-deployment?api-version=2020-10-01
  response:
    body:
      string: '{"id":"/subscriptions/00000000-0000-0000-0000-000000000000/resourceGroups/cli_test_vmss_run_command_w_params000001/providers/Microsoft.Resources/deployments/vmss_deploy_T1eeAkJJpMtfBbPfRPiZCIIHuV6cdeMy","name":"vmss_deploy_T1eeAkJJpMtfBbPfRPiZCIIHuV6cdeMy","type":"Microsoft.Resources/deployments","properties":{"templateHash":"10463881050099120300","parameters":{},"mode":"Incremental","provisioningState":"Accepted","timestamp":"2020-12-19T06:17:53.5023638Z","duration":"PT0.4948758S","correlationId":"72d133a2-f261-443e-8774-53f055430aab","providers":[{"namespace":"Microsoft.Network","resourceTypes":[{"resourceType":"virtualNetworks","locations":["westus"]},{"resourceType":"publicIPAddresses","locations":["westus"]},{"resourceType":"loadBalancers","locations":["westus"]}]},{"namespace":"Microsoft.Compute","resourceTypes":[{"resourceType":"virtualMachineScaleSets","locations":["westus"]}]}],"dependencies":[{"dependsOn":[{"id":"/subscriptions/00000000-0000-0000-0000-000000000000/resourceGroups/cli_test_vmss_run_command_w_params000001/providers/Microsoft.Network/virtualNetworks/test-run-command-vmss2VNET","resourceType":"Microsoft.Network/virtualNetworks","resourceName":"test-run-command-vmss2VNET"},{"id":"/subscriptions/00000000-0000-0000-0000-000000000000/resourceGroups/cli_test_vmss_run_command_w_params000001/providers/Microsoft.Network/publicIPAddresses/test-run-command-vmss2LBPublicIP","resourceType":"Microsoft.Network/publicIPAddresses","resourceName":"test-run-command-vmss2LBPublicIP"}],"id":"/subscriptions/00000000-0000-0000-0000-000000000000/resourceGroups/cli_test_vmss_run_command_w_params000001/providers/Microsoft.Network/loadBalancers/test-run-command-vmss2LB","resourceType":"Microsoft.Network/loadBalancers","resourceName":"test-run-command-vmss2LB"},{"dependsOn":[{"id":"/subscriptions/00000000-0000-0000-0000-000000000000/resourceGroups/cli_test_vmss_run_command_w_params000001/providers/Microsoft.Network/virtualNetworks/test-run-command-vmss2VNET","resourceType":"Microsoft.Network/virtualNetworks","resourceName":"test-run-command-vmss2VNET"},{"id":"/subscriptions/00000000-0000-0000-0000-000000000000/resourceGroups/cli_test_vmss_run_command_w_params000001/providers/Microsoft.Network/loadBalancers/test-run-command-vmss2LB","resourceType":"Microsoft.Network/loadBalancers","resourceName":"test-run-command-vmss2LB"}],"id":"/subscriptions/00000000-0000-0000-0000-000000000000/resourceGroups/cli_test_vmss_run_command_w_params000001/providers/Microsoft.Compute/virtualMachineScaleSets/test-run-command-vmss2","resourceType":"Microsoft.Compute/virtualMachineScaleSets","resourceName":"test-run-command-vmss2"}]}}'
    headers:
      azure-asyncoperation:
      - https://management.azure.com/subscriptions/00000000-0000-0000-0000-000000000000/resourcegroups/cli_test_vmss_run_command_w_params000001/providers/Microsoft.Resources/deployments/vmss_deploy_T1eeAkJJpMtfBbPfRPiZCIIHuV6cdeMy/operationStatuses/08585932482124701353?api-version=2020-10-01
      cache-control:
      - no-cache
      content-length:
      - '2897'
      content-type:
      - application/json; charset=utf-8
      date:
      - Sat, 19 Dec 2020 06:17:53 GMT
      expires:
      - '-1'
      pragma:
      - no-cache
      strict-transport-security:
      - max-age=31536000; includeSubDomains
      x-content-type-options:
      - nosniff
      x-ms-ratelimit-remaining-subscription-writes:
      - '1198'
    status:
      code: 201
      message: Created
- request:
    body: null
    headers:
      Accept:
      - application/json
      Accept-Encoding:
      - gzip, deflate
      CommandName:
      - vmss create
      Connection:
      - keep-alive
      ParameterSetName:
      - -g -n --image --admin-username --generate-ssh-keys
      User-Agent:
      - python/3.8.6 (Windows-10-10.0.19041-SP0) msrest/0.6.18 msrest_azure/0.6.3
        azure-mgmt-resource/12.0.0 Azure-SDK-For-Python AZURECLI/2.16.0
    method: GET
    uri: https://management.azure.com/subscriptions/00000000-0000-0000-0000-000000000000/resourcegroups/cli_test_vmss_run_command_w_params000001/providers/Microsoft.Resources/deployments/mock-deployment/operationStatuses/08585932482124701353?api-version=2020-10-01
  response:
    body:
      string: '{"status":"Running"}'
    headers:
      cache-control:
      - no-cache
      content-length:
      - '20'
      content-type:
      - application/json; charset=utf-8
      date:
      - Sat, 19 Dec 2020 06:18:24 GMT
      expires:
      - '-1'
      pragma:
      - no-cache
      strict-transport-security:
      - max-age=31536000; includeSubDomains
      vary:
      - Accept-Encoding
      x-content-type-options:
      - nosniff
    status:
      code: 200
      message: OK
- request:
    body: null
    headers:
      Accept:
      - application/json
      Accept-Encoding:
      - gzip, deflate
      CommandName:
      - vmss create
      Connection:
      - keep-alive
      ParameterSetName:
      - -g -n --image --admin-username --generate-ssh-keys
      User-Agent:
      - python/3.8.6 (Windows-10-10.0.19041-SP0) msrest/0.6.18 msrest_azure/0.6.3
        azure-mgmt-resource/12.0.0 Azure-SDK-For-Python AZURECLI/2.16.0
    method: GET
    uri: https://management.azure.com/subscriptions/00000000-0000-0000-0000-000000000000/resourcegroups/cli_test_vmss_run_command_w_params000001/providers/Microsoft.Resources/deployments/mock-deployment/operationStatuses/08585932482124701353?api-version=2020-10-01
  response:
    body:
      string: '{"status":"Running"}'
    headers:
      cache-control:
      - no-cache
      content-length:
      - '20'
      content-type:
      - application/json; charset=utf-8
      date:
      - Sat, 19 Dec 2020 06:18:54 GMT
      expires:
      - '-1'
      pragma:
      - no-cache
      strict-transport-security:
      - max-age=31536000; includeSubDomains
      vary:
      - Accept-Encoding
      x-content-type-options:
      - nosniff
    status:
      code: 200
      message: OK
- request:
    body: null
    headers:
      Accept:
      - application/json
      Accept-Encoding:
      - gzip, deflate
      CommandName:
      - vmss create
      Connection:
      - keep-alive
      ParameterSetName:
      - -g -n --image --admin-username --generate-ssh-keys
      User-Agent:
      - python/3.8.6 (Windows-10-10.0.19041-SP0) msrest/0.6.18 msrest_azure/0.6.3
        azure-mgmt-resource/12.0.0 Azure-SDK-For-Python AZURECLI/2.16.0
    method: GET
    uri: https://management.azure.com/subscriptions/00000000-0000-0000-0000-000000000000/resourcegroups/cli_test_vmss_run_command_w_params000001/providers/Microsoft.Resources/deployments/mock-deployment/operationStatuses/08585932482124701353?api-version=2020-10-01
  response:
    body:
      string: '{"status":"Succeeded"}'
    headers:
      cache-control:
      - no-cache
      content-length:
      - '22'
      content-type:
      - application/json; charset=utf-8
      date:
      - Sat, 19 Dec 2020 06:19:24 GMT
      expires:
      - '-1'
      pragma:
      - no-cache
      strict-transport-security:
      - max-age=31536000; includeSubDomains
      vary:
      - Accept-Encoding
      x-content-type-options:
      - nosniff
    status:
      code: 200
      message: OK
- request:
    body: null
    headers:
      Accept:
      - application/json
      Accept-Encoding:
      - gzip, deflate
      CommandName:
      - vmss create
      Connection:
      - keep-alive
      ParameterSetName:
      - -g -n --image --admin-username --generate-ssh-keys
      User-Agent:
      - python/3.8.6 (Windows-10-10.0.19041-SP0) msrest/0.6.18 msrest_azure/0.6.3
        azure-mgmt-resource/12.0.0 Azure-SDK-For-Python AZURECLI/2.16.0
    method: GET
    uri: https://management.azure.com/subscriptions/00000000-0000-0000-0000-000000000000/resourcegroups/cli_test_vmss_run_command_w_params000001/providers/Microsoft.Resources/deployments/mock-deployment?api-version=2020-10-01
  response:
    body:
      string: '{"id":"/subscriptions/00000000-0000-0000-0000-000000000000/resourceGroups/cli_test_vmss_run_command_w_params000001/providers/Microsoft.Resources/deployments/vmss_deploy_T1eeAkJJpMtfBbPfRPiZCIIHuV6cdeMy","name":"vmss_deploy_T1eeAkJJpMtfBbPfRPiZCIIHuV6cdeMy","type":"Microsoft.Resources/deployments","properties":{"templateHash":"10463881050099120300","parameters":{},"mode":"Incremental","provisioningState":"Succeeded","timestamp":"2020-12-19T06:19:22.418631Z","duration":"PT1M29.411143S","correlationId":"72d133a2-f261-443e-8774-53f055430aab","providers":[{"namespace":"Microsoft.Network","resourceTypes":[{"resourceType":"virtualNetworks","locations":["westus"]},{"resourceType":"publicIPAddresses","locations":["westus"]},{"resourceType":"loadBalancers","locations":["westus"]}]},{"namespace":"Microsoft.Compute","resourceTypes":[{"resourceType":"virtualMachineScaleSets","locations":["westus"]}]}],"dependencies":[{"dependsOn":[{"id":"/subscriptions/00000000-0000-0000-0000-000000000000/resourceGroups/cli_test_vmss_run_command_w_params000001/providers/Microsoft.Network/virtualNetworks/test-run-command-vmss2VNET","resourceType":"Microsoft.Network/virtualNetworks","resourceName":"test-run-command-vmss2VNET"},{"id":"/subscriptions/00000000-0000-0000-0000-000000000000/resourceGroups/cli_test_vmss_run_command_w_params000001/providers/Microsoft.Network/publicIPAddresses/test-run-command-vmss2LBPublicIP","resourceType":"Microsoft.Network/publicIPAddresses","resourceName":"test-run-command-vmss2LBPublicIP"}],"id":"/subscriptions/00000000-0000-0000-0000-000000000000/resourceGroups/cli_test_vmss_run_command_w_params000001/providers/Microsoft.Network/loadBalancers/test-run-command-vmss2LB","resourceType":"Microsoft.Network/loadBalancers","resourceName":"test-run-command-vmss2LB"},{"dependsOn":[{"id":"/subscriptions/00000000-0000-0000-0000-000000000000/resourceGroups/cli_test_vmss_run_command_w_params000001/providers/Microsoft.Network/virtualNetworks/test-run-command-vmss2VNET","resourceType":"Microsoft.Network/virtualNetworks","resourceName":"test-run-command-vmss2VNET"},{"id":"/subscriptions/00000000-0000-0000-0000-000000000000/resourceGroups/cli_test_vmss_run_command_w_params000001/providers/Microsoft.Network/loadBalancers/test-run-command-vmss2LB","resourceType":"Microsoft.Network/loadBalancers","resourceName":"test-run-command-vmss2LB"}],"id":"/subscriptions/00000000-0000-0000-0000-000000000000/resourceGroups/cli_test_vmss_run_command_w_params000001/providers/Microsoft.Compute/virtualMachineScaleSets/test-run-command-vmss2","resourceType":"Microsoft.Compute/virtualMachineScaleSets","resourceName":"test-run-command-vmss2"}],"outputs":{"vmss":{"type":"Object","value":{"singlePlacementGroup":true,"upgradePolicy":{"mode":"Manual"},"virtualMachineProfile":{"osProfile":{"computerNamePrefix":"testr28a8","adminUsername":"clitest1","linuxConfiguration":{"disablePasswordAuthentication":true,"ssh":{"publicKeys":[{"path":"/home/clitest1/.ssh/authorized_keys","keyData":"ssh-rsa
        AAAAB3NzaC1yc2EAAAADAQABAAABAQDI8aYs6Q0jHMi+ZA79hsoxoTxrbVwH/eZY+ZSifVvvKicm1/80fdqKNXgfNujlTiXYG7kCN+NhsgoEtARQtJnStvYv1HzD95rb0dSegff+GqUGgAdE+/oIEMu8/CRVLQWlPrOs2qUeRvElCmG8M+BTVC2sMFFblSrwHOx5sKLdWv4eOjncICD7w9Ktbi5FNC5RHElvlxei3vUOpfUfP4GIiy5CCXUPmO5AX+BO15JkMJsaNfmGMQ7LFzFbw6F+HG+Hi4hm+Kd3mNK7qyaz0T2iGBnA6maVB2zugbZtCuY9ZlfnWxDVF8V43mVY7MNLM1BqwskDNwzKiVgeUXLDYJux"}]},"provisionVMAgent":true},"secrets":[],"allowExtensionOperations":true,"requireGuestProvisionSignal":true},"storageProfile":{"osDisk":{"createOption":"FromImage","caching":"ReadWrite","managedDisk":{"storageAccountType":"Premium_LRS"},"diskSizeGB":30},"imageReference":{"publisher":"Debian","offer":"debian-10","sku":"10","version":"latest"}},"networkProfile":{"networkInterfaceConfigurations":[{"name":"testr28a8Nic","properties":{"primary":true,"enableAcceleratedNetworking":false,"dnsSettings":{"dnsServers":[]},"enableIPForwarding":false,"ipConfigurations":[{"name":"testr28a8IPConfig","properties":{"subnet":{"id":"/subscriptions/00000000-0000-0000-0000-000000000000/resourceGroups/cli_test_vmss_run_command_w_params000001/providers/Microsoft.Network/virtualNetworks/test-run-command-vmss2VNET/subnets/test-run-command-vmss2Subnet"},"privateIPAddressVersion":"IPv4","loadBalancerBackendAddressPools":[{"id":"/subscriptions/00000000-0000-0000-0000-000000000000/resourceGroups/cli_test_vmss_run_command_w_params000001/providers/Microsoft.Network/loadBalancers/test-run-command-vmss2LB/backendAddressPools/test-run-command-vmss2LBBEPool"}],"loadBalancerInboundNatPools":[{"id":"/subscriptions/00000000-0000-0000-0000-000000000000/resourceGroups/cli_test_vmss_run_command_w_params000001/providers/Microsoft.Network/loadBalancers/test-run-command-vmss2LB/inboundNatPools/test-run-command-vmss2LBNatPool"}]}}]}}]}},"provisioningState":"Succeeded","overprovision":true,"doNotRunExtensionsOnOverprovisionedVMs":false,"uniqueId":"7d91ac18-6434-4d11-bb9e-5f6ccaa7d669"}}},"outputResources":[{"id":"/subscriptions/00000000-0000-0000-0000-000000000000/resourceGroups/cli_test_vmss_run_command_w_params000001/providers/Microsoft.Compute/virtualMachineScaleSets/test-run-command-vmss2"},{"id":"/subscriptions/00000000-0000-0000-0000-000000000000/resourceGroups/cli_test_vmss_run_command_w_params000001/providers/Microsoft.Network/loadBalancers/test-run-command-vmss2LB"},{"id":"/subscriptions/00000000-0000-0000-0000-000000000000/resourceGroups/cli_test_vmss_run_command_w_params000001/providers/Microsoft.Network/publicIPAddresses/test-run-command-vmss2LBPublicIP"},{"id":"/subscriptions/00000000-0000-0000-0000-000000000000/resourceGroups/cli_test_vmss_run_command_w_params000001/providers/Microsoft.Network/virtualNetworks/test-run-command-vmss2VNET"}]}}'
    headers:
      cache-control:
      - no-cache
      content-length:
      - '6216'
      content-type:
      - application/json; charset=utf-8
      date:
      - Sat, 19 Dec 2020 06:19:25 GMT
      expires:
      - '-1'
      pragma:
      - no-cache
      strict-transport-security:
      - max-age=31536000; includeSubDomains
      vary:
      - Accept-Encoding
      x-content-type-options:
      - nosniff
    status:
      code: 200
      message: OK
- request:
    body: null
    headers:
      Accept:
      - application/json
      Accept-Encoding:
      - gzip, deflate
      CommandName:
      - vmss list-instances
      Connection:
      - keep-alive
      ParameterSetName:
      - --resource-group --name --query
      User-Agent:
      - AZURECLI/2.16.0 azsdk-python-azure-mgmt-compute/18.0.0 Python/3.8.6 (Windows-10-10.0.19041-SP0)
    method: GET
    uri: https://management.azure.com/subscriptions/00000000-0000-0000-0000-000000000000/resourceGroups/cli_test_vmss_run_command_w_params000001/providers/Microsoft.Compute/virtualMachineScaleSets/test-run-command-vmss2/virtualMachines?api-version=2020-06-01
  response:
    body:
      string: "{\r\n  \"value\": [\r\n    {\r\n      \"name\": \"test-run-command-vmss2_0\",\r\n
        \     \"id\": \"/subscriptions/00000000-0000-0000-0000-000000000000/resourceGroups/cli_test_vmss_run_command_w_params000001/providers/Microsoft.Compute/virtualMachineScaleSets/test-run-command-vmss2/virtualMachines/0\",\r\n
        \     \"type\": \"Microsoft.Compute/virtualMachineScaleSets/virtualMachines\",\r\n
        \     \"location\": \"westus\",\r\n      \"tags\": {},\r\n      \"instanceId\":
        \"0\",\r\n      \"sku\": {\r\n        \"name\": \"Standard_DS1_v2\",\r\n        \"tier\":
        \"Standard\"\r\n      },\r\n      \"properties\": {\r\n        \"latestModelApplied\":
        true,\r\n        \"modelDefinitionApplied\": \"VirtualMachineScaleSet\",\r\n
        \       \"networkProfileConfiguration\": {\"networkInterfaceConfigurations\":[{\"name\":\"testr28a8Nic\",\"properties\":{\"primary\":true,\"enableAcceleratedNetworking\":false,\"dnsSettings\":{\"dnsServers\":[]},\"enableIPForwarding\":false,\"ipConfigurations\":[{\"name\":\"testr28a8IPConfig\",\"properties\":{\"subnet\":{\"id\":\"/subscriptions/00000000-0000-0000-0000-000000000000/resourceGroups/cli_test_vmss_run_command_w_params000001/providers/Microsoft.Network/virtualNetworks/test-run-command-vmss2VNET/subnets/test-run-command-vmss2Subnet\"},\"privateIPAddressVersion\":\"IPv4\",\"loadBalancerBackendAddressPools\":[{\"id\":\"/subscriptions/00000000-0000-0000-0000-000000000000/resourceGroups/cli_test_vmss_run_command_w_params000001/providers/Microsoft.Network/loadBalancers/test-run-command-vmss2LB/backendAddressPools/test-run-command-vmss2LBBEPool\"}],\"loadBalancerInboundNatPools\":[{\"id\":\"/subscriptions/00000000-0000-0000-0000-000000000000/resourceGroups/cli_test_vmss_run_command_w_params000001/providers/Microsoft.Network/loadBalancers/test-run-command-vmss2LB/inboundNatPools/test-run-command-vmss2LBNatPool\"}]}}]}}]},\r\n
        \       \"vmId\": \"d6c2e8e6-fa49-47f7-a270-ef43cc3db3c4\",\r\n        \"hardwareProfile\":
        {},\r\n        \"storageProfile\": {\r\n          \"imageReference\": {\r\n
        \           \"publisher\": \"Debian\",\r\n            \"offer\": \"debian-10\",\r\n
        \           \"sku\": \"10\",\r\n            \"version\": \"latest\",\r\n            \"exactVersion\":
        \"0.20201214.484\"\r\n          },\r\n          \"osDisk\": {\r\n            \"osType\":
        \"Linux\",\r\n            \"name\": \"test-run-command-vmstest-run-command-vmssOS__1_1d4640b27a4c48ffa9bbe08eda2ff865\",\r\n
        \           \"createOption\": \"FromImage\",\r\n            \"caching\": \"ReadWrite\",\r\n
        \           \"managedDisk\": {\r\n              \"storageAccountType\": \"Premium_LRS\",\r\n
        \             \"id\": \"/subscriptions/00000000-0000-0000-0000-000000000000/resourceGroups/cli_test_vmss_run_command_w_params000001/providers/Microsoft.Compute/disks/test-run-command-vmstest-run-command-vmssOS__1_1d4640b27a4c48ffa9bbe08eda2ff865\"\r\n
        \           },\r\n            \"diskSizeGB\": 30\r\n          },\r\n          \"dataDisks\":
        []\r\n        },\r\n        \"osProfile\": {\r\n          \"computerName\":
        \"testr28a8000000\",\r\n          \"adminUsername\": \"clitest1\",\r\n          \"linuxConfiguration\":
        {\r\n            \"disablePasswordAuthentication\": true,\r\n            \"ssh\":
        {\r\n              \"publicKeys\": [\r\n                {\r\n                  \"path\":
        \"/home/clitest1/.ssh/authorized_keys\",\r\n                  \"keyData\":
        \"ssh-rsa AAAAB3NzaC1yc2EAAAADAQABAAABAQDI8aYs6Q0jHMi+ZA79hsoxoTxrbVwH/eZY+ZSifVvvKicm1/80fdqKNXgfNujlTiXYG7kCN+NhsgoEtARQtJnStvYv1HzD95rb0dSegff+GqUGgAdE+/oIEMu8/CRVLQWlPrOs2qUeRvElCmG8M+BTVC2sMFFblSrwHOx5sKLdWv4eOjncICD7w9Ktbi5FNC5RHElvlxei3vUOpfUfP4GIiy5CCXUPmO5AX+BO15JkMJsaNfmGMQ7LFzFbw6F+HG+Hi4hm+Kd3mNK7qyaz0T2iGBnA6maVB2zugbZtCuY9ZlfnWxDVF8V43mVY7MNLM1BqwskDNwzKiVgeUXLDYJux\"\r\n
        \               }\r\n              ]\r\n            },\r\n            \"provisionVMAgent\":
        true,\r\n            \"patchSettings\": {\r\n              \"patchMode\":
        \"ImageDefault\"\r\n            }\r\n          },\r\n          \"secrets\":
        [],\r\n          \"allowExtensionOperations\": true,\r\n          \"requireGuestProvisionSignal\":
        true\r\n        },\r\n        \"networkProfile\": {\"networkInterfaces\":[{\"id\":\"/subscriptions/00000000-0000-0000-0000-000000000000/resourceGroups/cli_test_vmss_run_command_w_params000001/providers/Microsoft.Compute/virtualMachineScaleSets/test-run-command-vmss2/virtualMachines/0/networkInterfaces/testr28a8Nic\"}]},\r\n
        \       \"provisioningState\": \"Updating\"\r\n      }\r\n    },\r\n    {\r\n
        \     \"name\": \"test-run-command-vmss2_3\",\r\n      \"id\": \"/subscriptions/00000000-0000-0000-0000-000000000000/resourceGroups/cli_test_vmss_run_command_w_params000001/providers/Microsoft.Compute/virtualMachineScaleSets/test-run-command-vmss2/virtualMachines/3\",\r\n
        \     \"type\": \"Microsoft.Compute/virtualMachineScaleSets/virtualMachines\",\r\n
        \     \"location\": \"westus\",\r\n      \"tags\": {},\r\n      \"instanceId\":
        \"3\",\r\n      \"sku\": {\r\n        \"name\": \"Standard_DS1_v2\",\r\n        \"tier\":
        \"Standard\"\r\n      },\r\n      \"properties\": {\r\n        \"latestModelApplied\":
        true,\r\n        \"modelDefinitionApplied\": \"VirtualMachineScaleSet\",\r\n
        \       \"networkProfileConfiguration\": {\"networkInterfaceConfigurations\":[{\"name\":\"testr28a8Nic\",\"properties\":{\"primary\":true,\"enableAcceleratedNetworking\":false,\"dnsSettings\":{\"dnsServers\":[]},\"enableIPForwarding\":false,\"ipConfigurations\":[{\"name\":\"testr28a8IPConfig\",\"properties\":{\"subnet\":{\"id\":\"/subscriptions/00000000-0000-0000-0000-000000000000/resourceGroups/cli_test_vmss_run_command_w_params000001/providers/Microsoft.Network/virtualNetworks/test-run-command-vmss2VNET/subnets/test-run-command-vmss2Subnet\"},\"privateIPAddressVersion\":\"IPv4\",\"loadBalancerBackendAddressPools\":[{\"id\":\"/subscriptions/00000000-0000-0000-0000-000000000000/resourceGroups/cli_test_vmss_run_command_w_params000001/providers/Microsoft.Network/loadBalancers/test-run-command-vmss2LB/backendAddressPools/test-run-command-vmss2LBBEPool\"}],\"loadBalancerInboundNatPools\":[{\"id\":\"/subscriptions/00000000-0000-0000-0000-000000000000/resourceGroups/cli_test_vmss_run_command_w_params000001/providers/Microsoft.Network/loadBalancers/test-run-command-vmss2LB/inboundNatPools/test-run-command-vmss2LBNatPool\"}]}}]}}]},\r\n
        \       \"vmId\": \"e1aa8006-4118-49c7-bdc6-2492873d89fc\",\r\n        \"hardwareProfile\":
        {},\r\n        \"storageProfile\": {\r\n          \"imageReference\": {\r\n
        \           \"publisher\": \"Debian\",\r\n            \"offer\": \"debian-10\",\r\n
        \           \"sku\": \"10\",\r\n            \"version\": \"latest\",\r\n            \"exactVersion\":
        \"0.20201214.484\"\r\n          },\r\n          \"osDisk\": {\r\n            \"osType\":
        \"Linux\",\r\n            \"name\": \"test-run-command-vmstest-run-command-vmssOS__1_bafae0a54c36441a8e65f574b100f2df\",\r\n
        \           \"createOption\": \"FromImage\",\r\n            \"caching\": \"ReadWrite\",\r\n
        \           \"managedDisk\": {\r\n              \"storageAccountType\": \"Premium_LRS\",\r\n
        \             \"id\": \"/subscriptions/00000000-0000-0000-0000-000000000000/resourceGroups/cli_test_vmss_run_command_w_params000001/providers/Microsoft.Compute/disks/test-run-command-vmstest-run-command-vmssOS__1_bafae0a54c36441a8e65f574b100f2df\"\r\n
        \           },\r\n            \"diskSizeGB\": 30\r\n          },\r\n          \"dataDisks\":
        []\r\n        },\r\n        \"osProfile\": {\r\n          \"computerName\":
        \"testr28a8000003\",\r\n          \"adminUsername\": \"clitest1\",\r\n          \"linuxConfiguration\":
        {\r\n            \"disablePasswordAuthentication\": true,\r\n            \"ssh\":
        {\r\n              \"publicKeys\": [\r\n                {\r\n                  \"path\":
        \"/home/clitest1/.ssh/authorized_keys\",\r\n                  \"keyData\":
        \"ssh-rsa AAAAB3NzaC1yc2EAAAADAQABAAABAQDI8aYs6Q0jHMi+ZA79hsoxoTxrbVwH/eZY+ZSifVvvKicm1/80fdqKNXgfNujlTiXYG7kCN+NhsgoEtARQtJnStvYv1HzD95rb0dSegff+GqUGgAdE+/oIEMu8/CRVLQWlPrOs2qUeRvElCmG8M+BTVC2sMFFblSrwHOx5sKLdWv4eOjncICD7w9Ktbi5FNC5RHElvlxei3vUOpfUfP4GIiy5CCXUPmO5AX+BO15JkMJsaNfmGMQ7LFzFbw6F+HG+Hi4hm+Kd3mNK7qyaz0T2iGBnA6maVB2zugbZtCuY9ZlfnWxDVF8V43mVY7MNLM1BqwskDNwzKiVgeUXLDYJux\"\r\n
        \               }\r\n              ]\r\n            },\r\n            \"provisionVMAgent\":
        true,\r\n            \"patchSettings\": {\r\n              \"patchMode\":
        \"ImageDefault\"\r\n            }\r\n          },\r\n          \"secrets\":
        [],\r\n          \"allowExtensionOperations\": true,\r\n          \"requireGuestProvisionSignal\":
        true\r\n        },\r\n        \"networkProfile\": {\"networkInterfaces\":[{\"id\":\"/subscriptions/00000000-0000-0000-0000-000000000000/resourceGroups/cli_test_vmss_run_command_w_params000001/providers/Microsoft.Compute/virtualMachineScaleSets/test-run-command-vmss2/virtualMachines/3/networkInterfaces/testr28a8Nic\"}]},\r\n
        \       \"provisioningState\": \"Succeeded\"\r\n      }\r\n    }\r\n  ]\r\n}"
    headers:
      cache-control:
      - no-cache
      content-length:
      - '8743'
      content-type:
      - application/json; charset=utf-8
      date:
      - Sat, 19 Dec 2020 06:19:25 GMT
      expires:
      - '-1'
      pragma:
      - no-cache
      server:
      - Microsoft-HTTPAPI/2.0
      - Microsoft-HTTPAPI/2.0
      strict-transport-security:
      - max-age=31536000; includeSubDomains
      transfer-encoding:
      - chunked
      vary:
      - Accept-Encoding
      x-content-type-options:
      - nosniff
      x-ms-ratelimit-remaining-resource:
      - Microsoft.Compute/HighCostGetVMScaleSet3Min;175,Microsoft.Compute/HighCostGetVMScaleSet30Min;893,Microsoft.Compute/VMScaleSetVMViews3Min;4984
      x-ms-request-charge:
      - '4'
    status:
      code: 200
      message: OK
- request:
    body: '{"commandId": "RunShellScript", "script": ["echo $0 $1"], "parameters":
      [{"name": "arg1", "value": "hello"}, {"name": "arg2", "value": "world"}]}'
    headers:
      Accept:
      - application/json, text/json
      Accept-Encoding:
      - gzip, deflate
      CommandName:
      - vmss run-command invoke
      Connection:
      - keep-alive
      Content-Length:
      - '145'
      Content-Type:
      - application/json
      ParameterSetName:
      - -g -n --instance-id --command-id --scripts --parameters
      User-Agent:
      - AZURECLI/2.16.0 azsdk-python-azure-mgmt-compute/18.0.0 Python/3.8.6 (Windows-10-10.0.19041-SP0)
    method: POST
    uri: https://management.azure.com/subscriptions/00000000-0000-0000-0000-000000000000/resourceGroups/cli_test_vmss_run_command_w_params000001/providers/Microsoft.Compute/virtualMachineScaleSets/test-run-command-vmss2/virtualmachines/0/runCommand?api-version=2020-06-01
  response:
    body:
      string: ''
    headers:
      azure-asyncoperation:
      - https://management.azure.com/subscriptions/00000000-0000-0000-0000-000000000000/providers/Microsoft.Compute/locations/westus/operations/9ca6d0bd-b215-4e2e-a090-57262dd67619?api-version=2020-06-01
      cache-control:
      - no-cache
      content-length:
      - '0'
      date:
      - Sat, 19 Dec 2020 06:19:26 GMT
      expires:
      - '-1'
      location:
      - https://management.azure.com/subscriptions/00000000-0000-0000-0000-000000000000/providers/Microsoft.Compute/locations/westus/operations/9ca6d0bd-b215-4e2e-a090-57262dd67619?monitor=true&api-version=2020-06-01
      pragma:
      - no-cache
      server:
      - Microsoft-HTTPAPI/2.0
      - Microsoft-HTTPAPI/2.0
      strict-transport-security:
      - max-age=31536000; includeSubDomains
      x-content-type-options:
      - nosniff
      x-ms-ratelimit-remaining-resource:
      - Microsoft.Compute/VMScaleSetActions3Min;239,Microsoft.Compute/VMScaleSetActions30Min;1199,Microsoft.Compute/VMScaleSetBatchedVMRequests5Min;1176,Microsoft.Compute/VmssQueuedVMOperations;4799
      x-ms-ratelimit-remaining-subscription-writes:
      - '1199'
      x-ms-request-charge:
      - '1'
    status:
      code: 202
      message: Accepted
- request:
    body: null
    headers:
      Accept:
      - '*/*'
      Accept-Encoding:
      - gzip, deflate
      CommandName:
      - vmss run-command invoke
      Connection:
      - keep-alive
      ParameterSetName:
      - -g -n --instance-id --command-id --scripts --parameters
      User-Agent:
      - AZURECLI/2.16.0 azsdk-python-azure-mgmt-compute/18.0.0 Python/3.8.6 (Windows-10-10.0.19041-SP0)
    method: GET
    uri: https://management.azure.com/subscriptions/00000000-0000-0000-0000-000000000000/providers/Microsoft.Compute/locations/westus/operations/9ca6d0bd-b215-4e2e-a090-57262dd67619?api-version=2020-06-01
  response:
    body:
      string: "{\r\n  \"startTime\": \"2020-12-19T06:19:26.7840161+00:00\",\r\n  \"status\":
        \"InProgress\",\r\n  \"name\": \"9ca6d0bd-b215-4e2e-a090-57262dd67619\"\r\n}"
    headers:
      cache-control:
      - no-cache
      content-length:
      - '134'
      content-type:
      - application/json; charset=utf-8
      date:
      - Sat, 19 Dec 2020 06:19:57 GMT
      expires:
      - '-1'
      pragma:
      - no-cache
      server:
      - Microsoft-HTTPAPI/2.0
      - Microsoft-HTTPAPI/2.0
      strict-transport-security:
      - max-age=31536000; includeSubDomains
      transfer-encoding:
      - chunked
      vary:
      - Accept-Encoding
      x-content-type-options:
      - nosniff
      x-ms-ratelimit-remaining-resource:
      - Microsoft.Compute/GetOperation3Min;14973,Microsoft.Compute/GetOperation30Min;29957
    status:
      code: 200
      message: OK
- request:
    body: null
    headers:
      Accept:
      - '*/*'
      Accept-Encoding:
      - gzip, deflate
      CommandName:
      - vmss run-command invoke
      Connection:
      - keep-alive
      ParameterSetName:
      - -g -n --instance-id --command-id --scripts --parameters
      User-Agent:
      - AZURECLI/2.16.0 azsdk-python-azure-mgmt-compute/18.0.0 Python/3.8.6 (Windows-10-10.0.19041-SP0)
    method: GET
    uri: https://management.azure.com/subscriptions/00000000-0000-0000-0000-000000000000/providers/Microsoft.Compute/locations/westus/operations/9ca6d0bd-b215-4e2e-a090-57262dd67619?api-version=2020-06-01
  response:
    body:
      string: "{\r\n  \"startTime\": \"2020-12-19T06:19:26.7840161+00:00\",\r\n  \"status\":
        \"InProgress\",\r\n  \"name\": \"9ca6d0bd-b215-4e2e-a090-57262dd67619\"\r\n}"
    headers:
      cache-control:
      - no-cache
      content-length:
      - '134'
      content-type:
      - application/json; charset=utf-8
      date:
      - Sat, 19 Dec 2020 06:20:26 GMT
      expires:
      - '-1'
      pragma:
      - no-cache
      server:
      - Microsoft-HTTPAPI/2.0
      - Microsoft-HTTPAPI/2.0
      strict-transport-security:
      - max-age=31536000; includeSubDomains
      transfer-encoding:
      - chunked
      vary:
      - Accept-Encoding
      x-content-type-options:
      - nosniff
      x-ms-ratelimit-remaining-resource:
      - Microsoft.Compute/GetOperation3Min;14972,Microsoft.Compute/GetOperation30Min;29952
    status:
      code: 200
      message: OK
- request:
    body: null
    headers:
      Accept:
      - '*/*'
      Accept-Encoding:
      - gzip, deflate
      CommandName:
      - vmss run-command invoke
      Connection:
      - keep-alive
      ParameterSetName:
      - -g -n --instance-id --command-id --scripts --parameters
      User-Agent:
      - AZURECLI/2.16.0 azsdk-python-azure-mgmt-compute/18.0.0 Python/3.8.6 (Windows-10-10.0.19041-SP0)
    method: GET
    uri: https://management.azure.com/subscriptions/00000000-0000-0000-0000-000000000000/providers/Microsoft.Compute/locations/westus/operations/9ca6d0bd-b215-4e2e-a090-57262dd67619?api-version=2020-06-01
  response:
    body:
      string: "{\r\n  \"startTime\": \"2020-12-19T06:19:26.7840161+00:00\",\r\n  \"endTime\":
        \"2020-12-19T06:20:42.5657731+00:00\",\r\n  \"status\": \"Succeeded\",\r\n
        \ \"properties\": {\r\n    \"output\": {\"value\":[{\"code\":\"ProvisioningState/succeeded\",\"level\":\"Info\",\"displayStatus\":\"Provisioning
        succeeded\",\"message\":\"Enable succeeded: \\n[stdout]\\n/var/lib/waagent/run-command/download/1/script.sh
        hello\\n\\n[stderr]\\n\"}]}\r\n  },\r\n  \"name\": \"9ca6d0bd-b215-4e2e-a090-57262dd67619\"\r\n}"
    headers:
      cache-control:
      - no-cache
      content-length:
      - '443'
      content-type:
      - application/json; charset=utf-8
      date:
      - Sat, 19 Dec 2020 06:20:56 GMT
      expires:
      - '-1'
      pragma:
      - no-cache
      server:
      - Microsoft-HTTPAPI/2.0
      - Microsoft-HTTPAPI/2.0
      strict-transport-security:
      - max-age=31536000; includeSubDomains
      transfer-encoding:
      - chunked
      vary:
      - Accept-Encoding
      x-content-type-options:
      - nosniff
      x-ms-ratelimit-remaining-resource:
      - Microsoft.Compute/GetOperation3Min;14971,Microsoft.Compute/GetOperation30Min;29946
    status:
      code: 200
      message: OK
- request:
    body: null
    headers:
      Accept:
      - '*/*'
      Accept-Encoding:
      - gzip, deflate
      CommandName:
      - vmss run-command invoke
      Connection:
      - keep-alive
      ParameterSetName:
      - -g -n --instance-id --command-id --scripts --parameters
      User-Agent:
      - AZURECLI/2.16.0 azsdk-python-azure-mgmt-compute/18.0.0 Python/3.8.6 (Windows-10-10.0.19041-SP0)
    method: GET
    uri: https://management.azure.com/subscriptions/00000000-0000-0000-0000-000000000000/providers/Microsoft.Compute/locations/westus/operations/9ca6d0bd-b215-4e2e-a090-57262dd67619?monitor=true&api-version=2020-06-01
  response:
    body:
      string: '{"value":[{"code":"ProvisioningState/succeeded","level":"Info","displayStatus":"Provisioning
        succeeded","message":"Enable succeeded: \n[stdout]\n/var/lib/waagent/run-command/download/1/script.sh
        hello\n\n[stderr]\n"}]}'
    headers:
      cache-control:
      - no-cache
      content-length:
      - '218'
      content-type:
      - application/json; charset=utf-8
      date:
      - Sat, 19 Dec 2020 06:20:56 GMT
      expires:
      - '-1'
      pragma:
      - no-cache
      server:
      - Microsoft-HTTPAPI/2.0
      - Microsoft-HTTPAPI/2.0
      strict-transport-security:
      - max-age=31536000; includeSubDomains
      transfer-encoding:
      - chunked
      vary:
      - Accept-Encoding
      x-content-type-options:
      - nosniff
      x-ms-ratelimit-remaining-resource:
      - Microsoft.Compute/GetOperation3Min;14970,Microsoft.Compute/GetOperation30Min;29945
    status:
      code: 200
      message: OK
- request:
    body: '{"commandId": "RunShellScript", "script": ["echo $0 $1"], "parameters":
      [{"name": "arg1", "value": "hello"}, {"name": "arg2", "value": "world"}]}'
    headers:
      Accept:
      - application/json, text/json
      Accept-Encoding:
      - gzip, deflate
      CommandName:
      - vmss run-command invoke
      Connection:
      - keep-alive
      Content-Length:
      - '145'
      Content-Type:
      - application/json
      ParameterSetName:
      - -g -n --instance-id --command-id --scripts --parameters
      User-Agent:
      - AZURECLI/2.16.0 azsdk-python-azure-mgmt-compute/18.0.0 Python/3.8.6 (Windows-10-10.0.19041-SP0)
    method: POST
    uri: https://management.azure.com/subscriptions/00000000-0000-0000-0000-000000000000/resourceGroups/cli_test_vmss_run_command_w_params000001/providers/Microsoft.Compute/virtualMachineScaleSets/test-run-command-vmss2/virtualmachines/3/runCommand?api-version=2020-06-01
  response:
    body:
      string: ''
    headers:
      azure-asyncoperation:
      - https://management.azure.com/subscriptions/00000000-0000-0000-0000-000000000000/providers/Microsoft.Compute/locations/westus/operations/c7cc802b-796b-4465-bcfd-c0f5da10a215?api-version=2020-06-01
      cache-control:
      - no-cache
      content-length:
      - '0'
      date:
      - Sat, 19 Dec 2020 06:20:57 GMT
      expires:
      - '-1'
      location:
      - https://management.azure.com/subscriptions/00000000-0000-0000-0000-000000000000/providers/Microsoft.Compute/locations/westus/operations/c7cc802b-796b-4465-bcfd-c0f5da10a215?monitor=true&api-version=2020-06-01
      pragma:
      - no-cache
      server:
      - Microsoft-HTTPAPI/2.0
      - Microsoft-HTTPAPI/2.0
      strict-transport-security:
      - max-age=31536000; includeSubDomains
      x-content-type-options:
      - nosniff
      x-ms-ratelimit-remaining-resource:
      - Microsoft.Compute/VMScaleSetActions3Min;238,Microsoft.Compute/VMScaleSetActions30Min;1198,Microsoft.Compute/VMScaleSetBatchedVMRequests5Min;1183,Microsoft.Compute/VmssQueuedVMOperations;4799
      x-ms-ratelimit-remaining-subscription-writes:
      - '1199'
      x-ms-request-charge:
      - '1'
    status:
      code: 202
      message: Accepted
- request:
    body: null
    headers:
      Accept:
      - '*/*'
      Accept-Encoding:
      - gzip, deflate
      CommandName:
      - vmss run-command invoke
      Connection:
      - keep-alive
      ParameterSetName:
      - -g -n --instance-id --command-id --scripts --parameters
      User-Agent:
      - AZURECLI/2.16.0 azsdk-python-azure-mgmt-compute/18.0.0 Python/3.8.6 (Windows-10-10.0.19041-SP0)
    method: GET
    uri: https://management.azure.com/subscriptions/00000000-0000-0000-0000-000000000000/providers/Microsoft.Compute/locations/westus/operations/c7cc802b-796b-4465-bcfd-c0f5da10a215?api-version=2020-06-01
  response:
    body:
      string: "{\r\n  \"startTime\": \"2020-12-19T06:20:58.3472067+00:00\",\r\n  \"endTime\":
        \"2020-12-19T06:21:15.9566416+00:00\",\r\n  \"status\": \"Succeeded\",\r\n
        \ \"properties\": {\r\n    \"output\": {\r\n  \"value\": [\r\n    {\r\n      \"code\":
        \"ProvisioningState/succeeded\",\r\n      \"level\": \"Info\",\r\n      \"displayStatus\":
        \"Provisioning succeeded\",\r\n      \"message\": \"Enable succeeded: \\n[stdout]\\n/var/lib/waagent/run-command/download/1/script.sh
        hello\\n\\n[stderr]\\n\"\r\n    }\r\n  ]\r\n}\r\n  },\r\n  \"name\": \"c7cc802b-796b-4465-bcfd-c0f5da10a215\"\r\n}"
    headers:
      cache-control:
      - no-cache
      content-length:
      - '502'
      content-type:
      - application/json; charset=utf-8
      date:
      - Sat, 19 Dec 2020 06:21:27 GMT
      expires:
      - '-1'
      pragma:
      - no-cache
      server:
      - Microsoft-HTTPAPI/2.0
      - Microsoft-HTTPAPI/2.0
      strict-transport-security:
      - max-age=31536000; includeSubDomains
      transfer-encoding:
      - chunked
      vary:
      - Accept-Encoding
      x-content-type-options:
      - nosniff
      x-ms-ratelimit-remaining-resource:
      - Microsoft.Compute/GetOperation3Min;14968,Microsoft.Compute/GetOperation30Min;29940
    status:
      code: 200
      message: OK
- request:
    body: null
    headers:
      Accept:
      - '*/*'
      Accept-Encoding:
      - gzip, deflate
      CommandName:
      - vmss run-command invoke
      Connection:
      - keep-alive
      ParameterSetName:
      - -g -n --instance-id --command-id --scripts --parameters
      User-Agent:
      - AZURECLI/2.16.0 azsdk-python-azure-mgmt-compute/18.0.0 Python/3.8.6 (Windows-10-10.0.19041-SP0)
    method: GET
    uri: https://management.azure.com/subscriptions/00000000-0000-0000-0000-000000000000/providers/Microsoft.Compute/locations/westus/operations/c7cc802b-796b-4465-bcfd-c0f5da10a215?monitor=true&api-version=2020-06-01
  response:
    body:
      string: '{"value":[{"code":"ProvisioningState/succeeded","level":"Info","displayStatus":"Provisioning
        succeeded","message":"Enable succeeded: \n[stdout]\n/var/lib/waagent/run-command/download/1/script.sh
        hello\n\n[stderr]\n"}]}'
    headers:
      cache-control:
      - no-cache
      content-length:
      - '218'
      content-type:
      - application/json; charset=utf-8
      date:
      - Sat, 19 Dec 2020 06:21:27 GMT
      expires:
      - '-1'
      pragma:
      - no-cache
      server:
      - Microsoft-HTTPAPI/2.0
      - Microsoft-HTTPAPI/2.0
      strict-transport-security:
      - max-age=31536000; includeSubDomains
      transfer-encoding:
      - chunked
      vary:
      - Accept-Encoding
      x-content-type-options:
      - nosniff
      x-ms-ratelimit-remaining-resource:
      - Microsoft.Compute/GetOperation3Min;14967,Microsoft.Compute/GetOperation30Min;29939
    status:
      code: 200
      message: OK
version: 1
