interactions:
- request:
    body: null
    headers:
      Accept:
      - application/json
      Accept-Encoding:
      - gzip, deflate
      CommandName:
      - vm image terms accept
      Connection:
      - keep-alive
      ParameterSetName:
      - --urn
      User-Agent:
      - python/3.7.4 (Windows-10-10.0.18362-SP0) msrest/0.6.10 msrest_azure/0.6.2
        azure-mgmt-resource/4.0.0 Azure-SDK-For-Python AZURECLI/2.0.75
      accept-language:
      - en-US
    method: GET
    uri: https://management.azure.com/subscriptions/00000000-0000-0000-0000-000000000000/locations?api-version=2016-06-01
  response:
    body:
      string: '{"value":[{"id":"/subscriptions/00000000-0000-0000-0000-000000000000/locations/eastasia","name":"eastasia","displayName":"East
        Asia","longitude":"114.188","latitude":"22.267"},{"id":"/subscriptions/00000000-0000-0000-0000-000000000000/locations/southeastasia","name":"southeastasia","displayName":"Southeast
        Asia","longitude":"103.833","latitude":"1.283"},{"id":"/subscriptions/00000000-0000-0000-0000-000000000000/locations/centralus","name":"centralus","displayName":"Central
        US","longitude":"-93.6208","latitude":"41.5908"},{"id":"/subscriptions/00000000-0000-0000-0000-000000000000/locations/eastus","name":"eastus","displayName":"East
        US","longitude":"-79.8164","latitude":"37.3719"},{"id":"/subscriptions/00000000-0000-0000-0000-000000000000/locations/eastus2","name":"eastus2","displayName":"East
        US 2","longitude":"-78.3889","latitude":"36.6681"},{"id":"/subscriptions/00000000-0000-0000-0000-000000000000/locations/westus","name":"westus","displayName":"West
        US","longitude":"-122.417","latitude":"37.783"},{"id":"/subscriptions/00000000-0000-0000-0000-000000000000/locations/northcentralus","name":"northcentralus","displayName":"North
        Central US","longitude":"-87.6278","latitude":"41.8819"},{"id":"/subscriptions/00000000-0000-0000-0000-000000000000/locations/southcentralus","name":"southcentralus","displayName":"South
        Central US","longitude":"-98.5","latitude":"29.4167"},{"id":"/subscriptions/00000000-0000-0000-0000-000000000000/locations/northeurope","name":"northeurope","displayName":"North
        Europe","longitude":"-6.2597","latitude":"53.3478"},{"id":"/subscriptions/00000000-0000-0000-0000-000000000000/locations/westeurope","name":"westeurope","displayName":"West
        Europe","longitude":"4.9","latitude":"52.3667"},{"id":"/subscriptions/00000000-0000-0000-0000-000000000000/locations/japanwest","name":"japanwest","displayName":"Japan
        West","longitude":"135.5022","latitude":"34.6939"},{"id":"/subscriptions/00000000-0000-0000-0000-000000000000/locations/japaneast","name":"japaneast","displayName":"Japan
        East","longitude":"139.77","latitude":"35.68"},{"id":"/subscriptions/00000000-0000-0000-0000-000000000000/locations/brazilsouth","name":"brazilsouth","displayName":"Brazil
        South","longitude":"-46.633","latitude":"-23.55"},{"id":"/subscriptions/00000000-0000-0000-0000-000000000000/locations/australiaeast","name":"australiaeast","displayName":"Australia
        East","longitude":"151.2094","latitude":"-33.86"},{"id":"/subscriptions/00000000-0000-0000-0000-000000000000/locations/australiasoutheast","name":"australiasoutheast","displayName":"Australia
        Southeast","longitude":"144.9631","latitude":"-37.8136"},{"id":"/subscriptions/00000000-0000-0000-0000-000000000000/locations/southindia","name":"southindia","displayName":"South
        India","longitude":"80.1636","latitude":"12.9822"},{"id":"/subscriptions/00000000-0000-0000-0000-000000000000/locations/centralindia","name":"centralindia","displayName":"Central
        India","longitude":"73.9197","latitude":"18.5822"},{"id":"/subscriptions/00000000-0000-0000-0000-000000000000/locations/westindia","name":"westindia","displayName":"West
        India","longitude":"72.868","latitude":"19.088"},{"id":"/subscriptions/00000000-0000-0000-0000-000000000000/locations/canadacentral","name":"canadacentral","displayName":"Canada
        Central","longitude":"-79.383","latitude":"43.653"},{"id":"/subscriptions/00000000-0000-0000-0000-000000000000/locations/canadaeast","name":"canadaeast","displayName":"Canada
        East","longitude":"-71.217","latitude":"46.817"},{"id":"/subscriptions/00000000-0000-0000-0000-000000000000/locations/uksouth","name":"uksouth","displayName":"UK
        South","longitude":"-0.799","latitude":"50.941"},{"id":"/subscriptions/00000000-0000-0000-0000-000000000000/locations/ukwest","name":"ukwest","displayName":"UK
        West","longitude":"-3.084","latitude":"53.427"},{"id":"/subscriptions/00000000-0000-0000-0000-000000000000/locations/westcentralus","name":"westcentralus","displayName":"West
        Central US","longitude":"-110.234","latitude":"40.890"},{"id":"/subscriptions/00000000-0000-0000-0000-000000000000/locations/westus2","name":"westus2","displayName":"West
        US 2","longitude":"-119.852","latitude":"47.233"},{"id":"/subscriptions/00000000-0000-0000-0000-000000000000/locations/koreacentral","name":"koreacentral","displayName":"Korea
        Central","longitude":"126.9780","latitude":"37.5665"},{"id":"/subscriptions/00000000-0000-0000-0000-000000000000/locations/koreasouth","name":"koreasouth","displayName":"Korea
        South","longitude":"129.0756","latitude":"35.1796"},{"id":"/subscriptions/00000000-0000-0000-0000-000000000000/locations/francecentral","name":"francecentral","displayName":"France
        Central","longitude":"2.3730","latitude":"46.3772"},{"id":"/subscriptions/00000000-0000-0000-0000-000000000000/locations/francesouth","name":"francesouth","displayName":"France
        South","longitude":"2.1972","latitude":"43.8345"},{"id":"/subscriptions/00000000-0000-0000-0000-000000000000/locations/australiacentral","name":"australiacentral","displayName":"Australia
        Central","longitude":"149.1244","latitude":"-35.3075"},{"id":"/subscriptions/00000000-0000-0000-0000-000000000000/locations/australiacentral2","name":"australiacentral2","displayName":"Australia
        Central 2","longitude":"149.1244","latitude":"-35.3075"},{"id":"/subscriptions/00000000-0000-0000-0000-000000000000/locations/uaecentral","name":"uaecentral","displayName":"UAE
        Central","longitude":"54.366669","latitude":"24.466667"},{"id":"/subscriptions/00000000-0000-0000-0000-000000000000/locations/uaenorth","name":"uaenorth","displayName":"UAE
        North","longitude":"55.316666","latitude":"25.266666"},{"id":"/subscriptions/00000000-0000-0000-0000-000000000000/locations/southafricanorth","name":"southafricanorth","displayName":"South
        Africa North","longitude":"28.218370","latitude":"-25.731340"},{"id":"/subscriptions/00000000-0000-0000-0000-000000000000/locations/southafricawest","name":"southafricawest","displayName":"South
        Africa West","longitude":"18.843266","latitude":"-34.075691"},{"id":"/subscriptions/00000000-0000-0000-0000-000000000000/locations/switzerlandnorth","name":"switzerlandnorth","displayName":"Switzerland
        North","longitude":"8.564572","latitude":"47.451542"},{"id":"/subscriptions/00000000-0000-0000-0000-000000000000/locations/switzerlandwest","name":"switzerlandwest","displayName":"Switzerland
        West","longitude":"6.143158","latitude":"46.204391"},{"id":"/subscriptions/00000000-0000-0000-0000-000000000000/locations/germanynorth","name":"germanynorth","displayName":"Germany
        North","longitude":"8.806422","latitude":"53.073635"},{"id":"/subscriptions/00000000-0000-0000-0000-000000000000/locations/germanywestcentral","name":"germanywestcentral","displayName":"Germany
        West Central","longitude":"8.682127","latitude":"50.110924"},{"id":"/subscriptions/00000000-0000-0000-0000-000000000000/locations/norwaywest","name":"norwaywest","displayName":"Norway
        West","longitude":"5.733107","latitude":"58.969975"},{"id":"/subscriptions/00000000-0000-0000-0000-000000000000/locations/norwayeast","name":"norwayeast","displayName":"Norway
        East","longitude":"10.752245","latitude":"59.913868"}]}'
    headers:
      cache-control:
      - no-cache
      content-length:
      - '7129'
      content-type:
      - application/json; charset=utf-8
      date:
      - Thu, 17 Oct 2019 07:59:24 GMT
      expires:
      - '-1'
      pragma:
      - no-cache
      strict-transport-security:
      - max-age=31536000; includeSubDomains
      vary:
      - Accept-Encoding
      x-content-type-options:
      - nosniff
    status:
      code: 200
      message: OK
- request:
    body: null
    headers:
      Accept:
      - application/json
      Accept-Encoding:
      - gzip, deflate
      CommandName:
      - vm image terms accept
      Connection:
      - keep-alive
      ParameterSetName:
      - --urn
      User-Agent:
      - python/3.7.4 (Windows-10-10.0.18362-SP0) msrest/0.6.10 msrest_azure/0.6.2
        azure-mgmt-compute/8.0.0 Azure-SDK-For-Python AZURECLI/2.0.75
      accept-language:
      - en-US
    method: GET
    uri: https://management.azure.com/subscriptions/00000000-0000-0000-0000-000000000000/providers/Microsoft.Compute/locations/westus/publishers/fortinet/artifacttypes/vmimage/offers/fortinet_fortigate-vm_v5/skus/fortinet_fg-vm_payg/versions/5.6.5?api-version=2019-03-01
  response:
    body:
      string: "{\r\n  \"properties\": {\r\n    \"replicaType\": \"Unmanaged\",\r\n
        \   \"automaticOSUpgradeProperties\": {\r\n      \"automaticOSUpgradeSupported\":
        false\r\n    },\r\n    \"plan\": {\r\n      \"publisher\": \"fortinet\",\r\n
        \     \"name\": \"fortinet_fg-vm_payg\",\r\n      \"product\": \"fortinet_fortigate-vm_v5\"\r\n
        \   },\r\n    \"osDiskImage\": {\r\n      \"operatingSystem\": \"Linux\",\r\n
        \     \"sizeInGb\": 2,\r\n      \"sizeInBytes\": 2147484160\r\n    },\r\n
        \   \"dataDiskImages\": []\r\n  },\r\n  \"location\": \"westus\",\r\n  \"name\":
        \"5.6.5\",\r\n  \"id\": \"/Subscriptions/00000000-0000-0000-0000-000000000000/Providers/Microsoft.Compute/Locations/westus/Publishers/fortinet/ArtifactTypes/VMImage/Offers/fortinet_fortigate-vm_v5/Skus/fortinet_fg-vm_payg/Versions/5.6.5\"\r\n}"
    headers:
      cache-control:
      - no-cache
      content-length:
      - '704'
      content-type:
      - application/json; charset=utf-8
      date:
      - Thu, 17 Oct 2019 07:59:26 GMT
      expires:
      - '-1'
      pragma:
      - no-cache
      server:
      - Microsoft-HTTPAPI/2.0
      - Microsoft-HTTPAPI/2.0
      strict-transport-security:
      - max-age=31536000; includeSubDomains
      transfer-encoding:
      - chunked
      vary:
      - Accept-Encoding
      x-content-type-options:
      - nosniff
    status:
      code: 200
      message: OK
- request:
    body: null
    headers:
      Accept:
      - application/json
      Accept-Encoding:
      - gzip, deflate
      CommandName:
      - vm image terms accept
      Connection:
      - keep-alive
      ParameterSetName:
      - --urn
      User-Agent:
      - python/3.7.4 (Windows-10-10.0.18362-SP0) msrest/0.6.10 msrest_azure/0.6.2
        azure-mgmt-marketplaceordering/0.2.1 Azure-SDK-For-Python AZURECLI/2.0.75
      accept-language:
      - en-US
    method: GET
    uri: https://management.azure.com/subscriptions/00000000-0000-0000-0000-000000000000/providers/Microsoft.MarketplaceOrdering/offerTypes/virtualmachine/publishers/fortinet/offers/fortinet_fortigate-vm_v5/plans/fortinet_fg-vm_payg/agreements/current?api-version=2015-06-01
  response:
    body:
      string: '{"id":"/subscriptions/00000000-0000-0000-0000-000000000000/providers/Microsoft.MarketplaceOrdering/offerTypes/VirtualMachine/publishers/fortinet/offers/fortinet_fortigate-vm_v5/plans/fortinet_fg-vm_payg/agreements/current","name":"fortinet_fg-vm_payg","type":"Microsoft.MarketplaceOrdering/offertypes","properties":{"publisher":"fortinet","product":"fortinet_fortigate-vm_v5","plan":"fortinet_fg-vm_payg","licenseTextLink":"https://storelegalterms.blob.core.windows.net/legalterms/3E5ED_legalterms_FORTINET%253a24FORTINET%253a5FFORTIGATE%253a2DVM%253a5FV5%253a24FORTINET%253a5FFG%253a2DVM%253a5FPAYG%253a245R5VKDQTL7OVGO2KWZHZ3VNZPJD4ETPHJV4N7WFMSNUPPLV4V2ER7MINZUSVSFFMWDS4FJVROM3R3BFSIGXWS6YTVDL6AQZRX7ZXVKQ.txt","privacyPolicyLink":"http://www.fortinet.com/doc/legal/EULA.pdf","retrieveDatetime":"2019-10-17T07:59:30.7709753Z","signature":"GQ3ZRIZTP7KU3BY5ZKFRA42VI3S3JP774JGCM2R4EGFXB3IQMFLXBF6GN7LFP5LQ3JJYYEPT2I75G6B6RNNILALZSVOA5443Z7BNHHI","accepted":true}}'
    headers:
      cache-control:
      - no-cache
      content-length:
      - '965'
      content-type:
      - application/json
      dataserviceversion:
      - 5.2.1.538 (AzureUX-Store:master.b56f15ca.191006-0435)
      date:
      - Thu, 17 Oct 2019 07:59:36 GMT
      expires:
      - '-1'
      pragma:
      - no-cache
      server:
      - Microsoft-IIS/8.5
      strict-transport-security:
      - max-age=31536000; includeSubDomains
      transfer-encoding:
      - chunked
      vary:
      - Accept-Encoding,Accept-Encoding
      x-content-type-options:
      - nosniff
    status:
      code: 200
      message: OK
- request:
    body: '{"properties": {"publisher": "fortinet", "product": "fortinet_fortigate-vm_v5",
      "plan": "fortinet_fg-vm_payg", "licenseTextLink": "https://storelegalterms.blob.core.windows.net/legalterms/3E5ED_legalterms_FORTINET%253a24FORTINET%253a5FFORTIGATE%253a2DVM%253a5FV5%253a24FORTINET%253a5FFG%253a2DVM%253a5FPAYG%253a245R5VKDQTL7OVGO2KWZHZ3VNZPJD4ETPHJV4N7WFMSNUPPLV4V2ER7MINZUSVSFFMWDS4FJVROM3R3BFSIGXWS6YTVDL6AQZRX7ZXVKQ.txt",
      "privacyPolicyLink": "http://www.fortinet.com/doc/legal/EULA.pdf", "retrieveDatetime":
      "2019-10-17T07:59:30.7709753Z", "signature": "GQ3ZRIZTP7KU3BY5ZKFRA42VI3S3JP774JGCM2R4EGFXB3IQMFLXBF6GN7LFP5LQ3JJYYEPT2I75G6B6RNNILALZSVOA5443Z7BNHHI",
      "accepted": true}}'
    headers:
      Accept:
      - application/json
      Accept-Encoding:
      - gzip, deflate
      CommandName:
      - vm image terms accept
      Connection:
      - keep-alive
      Content-Length:
      - '680'
      Content-Type:
      - application/json; charset=utf-8
      ParameterSetName:
      - --urn
      User-Agent:
      - python/3.7.4 (Windows-10-10.0.18362-SP0) msrest/0.6.10 msrest_azure/0.6.2
        azure-mgmt-marketplaceordering/0.2.1 Azure-SDK-For-Python AZURECLI/2.0.75
      accept-language:
      - en-US
    method: PUT
    uri: https://management.azure.com/subscriptions/00000000-0000-0000-0000-000000000000/providers/Microsoft.MarketplaceOrdering/offerTypes/virtualmachine/publishers/fortinet/offers/fortinet_fortigate-vm_v5/plans/fortinet_fg-vm_payg/agreements/current?api-version=2015-06-01
  response:
    body:
      string: '{"id":"/subscriptions/00000000-0000-0000-0000-000000000000/providers/Microsoft.MarketplaceOrdering/offerTypes/Microsoft.MarketplaceOrdering/offertypes/publishers/fortinet/offers/fortinet_fortigate-vm_v5/plans/fortinet_fg-vm_payg/agreements/current","name":"fortinet_fg-vm_payg","type":"Microsoft.MarketplaceOrdering/offertypes","properties":{"publisher":"fortinet","product":"fortinet_fortigate-vm_v5","plan":"fortinet_fg-vm_payg","licenseTextLink":"https://storelegalterms.blob.core.windows.net/legalterms/3E5ED_legalterms_FORTINET%253a24FORTINET%253a5FFORTIGATE%253a2DVM%253a5FV5%253a24FORTINET%253a5FFG%253a2DVM%253a5FPAYG%253a245R5VKDQTL7OVGO2KWZHZ3VNZPJD4ETPHJV4N7WFMSNUPPLV4V2ER7MINZUSVSFFMWDS4FJVROM3R3BFSIGXWS6YTVDL6AQZRX7ZXVKQ.txt","privacyPolicyLink":"http://www.fortinet.com/doc/legal/EULA.pdf","retrieveDatetime":"2019-10-17T07:59:30.7709753Z","signature":"GQ3ZRIZTP7KU3BY5ZKFRA42VI3S3JP774JGCM2R4EGFXB3IQMFLXBF6GN7LFP5LQ3JJYYEPT2I75G6B6RNNILALZSVOA5443Z7BNHHI","accepted":true}}'
    headers:
      cache-control:
      - no-cache
      content-length:
      - '991'
      content-type:
      - application/json
      dataserviceversion:
      - 5.2.1.538 (AzureUX-Store:master.b56f15ca.191006-0435)
      date:
      - Thu, 17 Oct 2019 07:59:43 GMT
      expires:
      - '-1'
      pragma:
      - no-cache
      server:
      - Microsoft-IIS/8.5
      strict-transport-security:
      - max-age=31536000; includeSubDomains
      transfer-encoding:
      - chunked
      vary:
      - Accept-Encoding,Accept-Encoding
      x-content-type-options:
      - nosniff
      x-ms-ratelimit-remaining-subscription-writes:
      - '1199'
    status:
      code: 200
      message: OK
- request:
    body: null
    headers:
      Accept:
      - application/json
      Accept-Encoding:
      - gzip, deflate
      CommandName:
      - vm image terms show
      Connection:
      - keep-alive
      ParameterSetName:
      - --urn
      User-Agent:
      - python/3.7.4 (Windows-10-10.0.18362-SP0) msrest/0.6.10 msrest_azure/0.6.2
        azure-mgmt-resource/4.0.0 Azure-SDK-For-Python AZURECLI/2.0.75
      accept-language:
      - en-US
    method: GET
    uri: https://management.azure.com/subscriptions/00000000-0000-0000-0000-000000000000/locations?api-version=2016-06-01
  response:
    body:
      string: '{"value":[{"id":"/subscriptions/00000000-0000-0000-0000-000000000000/locations/eastasia","name":"eastasia","displayName":"East
        Asia","longitude":"114.188","latitude":"22.267"},{"id":"/subscriptions/00000000-0000-0000-0000-000000000000/locations/southeastasia","name":"southeastasia","displayName":"Southeast
        Asia","longitude":"103.833","latitude":"1.283"},{"id":"/subscriptions/00000000-0000-0000-0000-000000000000/locations/centralus","name":"centralus","displayName":"Central
        US","longitude":"-93.6208","latitude":"41.5908"},{"id":"/subscriptions/00000000-0000-0000-0000-000000000000/locations/eastus","name":"eastus","displayName":"East
        US","longitude":"-79.8164","latitude":"37.3719"},{"id":"/subscriptions/00000000-0000-0000-0000-000000000000/locations/eastus2","name":"eastus2","displayName":"East
        US 2","longitude":"-78.3889","latitude":"36.6681"},{"id":"/subscriptions/00000000-0000-0000-0000-000000000000/locations/westus","name":"westus","displayName":"West
        US","longitude":"-122.417","latitude":"37.783"},{"id":"/subscriptions/00000000-0000-0000-0000-000000000000/locations/northcentralus","name":"northcentralus","displayName":"North
        Central US","longitude":"-87.6278","latitude":"41.8819"},{"id":"/subscriptions/00000000-0000-0000-0000-000000000000/locations/southcentralus","name":"southcentralus","displayName":"South
        Central US","longitude":"-98.5","latitude":"29.4167"},{"id":"/subscriptions/00000000-0000-0000-0000-000000000000/locations/northeurope","name":"northeurope","displayName":"North
        Europe","longitude":"-6.2597","latitude":"53.3478"},{"id":"/subscriptions/00000000-0000-0000-0000-000000000000/locations/westeurope","name":"westeurope","displayName":"West
        Europe","longitude":"4.9","latitude":"52.3667"},{"id":"/subscriptions/00000000-0000-0000-0000-000000000000/locations/japanwest","name":"japanwest","displayName":"Japan
        West","longitude":"135.5022","latitude":"34.6939"},{"id":"/subscriptions/00000000-0000-0000-0000-000000000000/locations/japaneast","name":"japaneast","displayName":"Japan
        East","longitude":"139.77","latitude":"35.68"},{"id":"/subscriptions/00000000-0000-0000-0000-000000000000/locations/brazilsouth","name":"brazilsouth","displayName":"Brazil
        South","longitude":"-46.633","latitude":"-23.55"},{"id":"/subscriptions/00000000-0000-0000-0000-000000000000/locations/australiaeast","name":"australiaeast","displayName":"Australia
        East","longitude":"151.2094","latitude":"-33.86"},{"id":"/subscriptions/00000000-0000-0000-0000-000000000000/locations/australiasoutheast","name":"australiasoutheast","displayName":"Australia
        Southeast","longitude":"144.9631","latitude":"-37.8136"},{"id":"/subscriptions/00000000-0000-0000-0000-000000000000/locations/southindia","name":"southindia","displayName":"South
        India","longitude":"80.1636","latitude":"12.9822"},{"id":"/subscriptions/00000000-0000-0000-0000-000000000000/locations/centralindia","name":"centralindia","displayName":"Central
        India","longitude":"73.9197","latitude":"18.5822"},{"id":"/subscriptions/00000000-0000-0000-0000-000000000000/locations/westindia","name":"westindia","displayName":"West
        India","longitude":"72.868","latitude":"19.088"},{"id":"/subscriptions/00000000-0000-0000-0000-000000000000/locations/canadacentral","name":"canadacentral","displayName":"Canada
        Central","longitude":"-79.383","latitude":"43.653"},{"id":"/subscriptions/00000000-0000-0000-0000-000000000000/locations/canadaeast","name":"canadaeast","displayName":"Canada
        East","longitude":"-71.217","latitude":"46.817"},{"id":"/subscriptions/00000000-0000-0000-0000-000000000000/locations/uksouth","name":"uksouth","displayName":"UK
        South","longitude":"-0.799","latitude":"50.941"},{"id":"/subscriptions/00000000-0000-0000-0000-000000000000/locations/ukwest","name":"ukwest","displayName":"UK
        West","longitude":"-3.084","latitude":"53.427"},{"id":"/subscriptions/00000000-0000-0000-0000-000000000000/locations/westcentralus","name":"westcentralus","displayName":"West
        Central US","longitude":"-110.234","latitude":"40.890"},{"id":"/subscriptions/00000000-0000-0000-0000-000000000000/locations/westus2","name":"westus2","displayName":"West
        US 2","longitude":"-119.852","latitude":"47.233"},{"id":"/subscriptions/00000000-0000-0000-0000-000000000000/locations/koreacentral","name":"koreacentral","displayName":"Korea
        Central","longitude":"126.9780","latitude":"37.5665"},{"id":"/subscriptions/00000000-0000-0000-0000-000000000000/locations/koreasouth","name":"koreasouth","displayName":"Korea
        South","longitude":"129.0756","latitude":"35.1796"},{"id":"/subscriptions/00000000-0000-0000-0000-000000000000/locations/francecentral","name":"francecentral","displayName":"France
        Central","longitude":"2.3730","latitude":"46.3772"},{"id":"/subscriptions/00000000-0000-0000-0000-000000000000/locations/francesouth","name":"francesouth","displayName":"France
        South","longitude":"2.1972","latitude":"43.8345"},{"id":"/subscriptions/00000000-0000-0000-0000-000000000000/locations/australiacentral","name":"australiacentral","displayName":"Australia
        Central","longitude":"149.1244","latitude":"-35.3075"},{"id":"/subscriptions/00000000-0000-0000-0000-000000000000/locations/australiacentral2","name":"australiacentral2","displayName":"Australia
        Central 2","longitude":"149.1244","latitude":"-35.3075"},{"id":"/subscriptions/00000000-0000-0000-0000-000000000000/locations/uaecentral","name":"uaecentral","displayName":"UAE
        Central","longitude":"54.366669","latitude":"24.466667"},{"id":"/subscriptions/00000000-0000-0000-0000-000000000000/locations/uaenorth","name":"uaenorth","displayName":"UAE
        North","longitude":"55.316666","latitude":"25.266666"},{"id":"/subscriptions/00000000-0000-0000-0000-000000000000/locations/southafricanorth","name":"southafricanorth","displayName":"South
        Africa North","longitude":"28.218370","latitude":"-25.731340"},{"id":"/subscriptions/00000000-0000-0000-0000-000000000000/locations/southafricawest","name":"southafricawest","displayName":"South
        Africa West","longitude":"18.843266","latitude":"-34.075691"},{"id":"/subscriptions/00000000-0000-0000-0000-000000000000/locations/switzerlandnorth","name":"switzerlandnorth","displayName":"Switzerland
        North","longitude":"8.564572","latitude":"47.451542"},{"id":"/subscriptions/00000000-0000-0000-0000-000000000000/locations/switzerlandwest","name":"switzerlandwest","displayName":"Switzerland
        West","longitude":"6.143158","latitude":"46.204391"},{"id":"/subscriptions/00000000-0000-0000-0000-000000000000/locations/germanynorth","name":"germanynorth","displayName":"Germany
        North","longitude":"8.806422","latitude":"53.073635"},{"id":"/subscriptions/00000000-0000-0000-0000-000000000000/locations/germanywestcentral","name":"germanywestcentral","displayName":"Germany
        West Central","longitude":"8.682127","latitude":"50.110924"},{"id":"/subscriptions/00000000-0000-0000-0000-000000000000/locations/norwaywest","name":"norwaywest","displayName":"Norway
        West","longitude":"5.733107","latitude":"58.969975"},{"id":"/subscriptions/00000000-0000-0000-0000-000000000000/locations/norwayeast","name":"norwayeast","displayName":"Norway
        East","longitude":"10.752245","latitude":"59.913868"}]}'
    headers:
      cache-control:
      - no-cache
      content-length:
      - '7129'
      content-type:
      - application/json; charset=utf-8
      date:
      - Thu, 17 Oct 2019 07:59:44 GMT
      expires:
      - '-1'
      pragma:
      - no-cache
      strict-transport-security:
      - max-age=31536000; includeSubDomains
      vary:
      - Accept-Encoding
      x-content-type-options:
      - nosniff
    status:
      code: 200
      message: OK
- request:
    body: null
    headers:
      Accept:
      - application/json
      Accept-Encoding:
      - gzip, deflate
      CommandName:
      - vm image terms show
      Connection:
      - keep-alive
      ParameterSetName:
      - --urn
      User-Agent:
      - python/3.7.4 (Windows-10-10.0.18362-SP0) msrest/0.6.10 msrest_azure/0.6.2
        azure-mgmt-compute/8.0.0 Azure-SDK-For-Python AZURECLI/2.0.75
      accept-language:
      - en-US
    method: GET
    uri: https://management.azure.com/subscriptions/00000000-0000-0000-0000-000000000000/providers/Microsoft.Compute/locations/westus/publishers/fortinet/artifacttypes/vmimage/offers/fortinet_fortigate-vm_v5/skus/fortinet_fg-vm_payg/versions/5.6.5?api-version=2019-03-01
  response:
    body:
      string: "{\r\n  \"properties\": {\r\n    \"replicaType\": \"Unmanaged\",\r\n
        \   \"automaticOSUpgradeProperties\": {\r\n      \"automaticOSUpgradeSupported\":
        false\r\n    },\r\n    \"plan\": {\r\n      \"publisher\": \"fortinet\",\r\n
        \     \"name\": \"fortinet_fg-vm_payg\",\r\n      \"product\": \"fortinet_fortigate-vm_v5\"\r\n
        \   },\r\n    \"osDiskImage\": {\r\n      \"operatingSystem\": \"Linux\",\r\n
        \     \"sizeInGb\": 2,\r\n      \"sizeInBytes\": 2147484160\r\n    },\r\n
        \   \"dataDiskImages\": []\r\n  },\r\n  \"location\": \"westus\",\r\n  \"name\":
        \"5.6.5\",\r\n  \"id\": \"/Subscriptions/00000000-0000-0000-0000-000000000000/Providers/Microsoft.Compute/Locations/westus/Publishers/fortinet/ArtifactTypes/VMImage/Offers/fortinet_fortigate-vm_v5/Skus/fortinet_fg-vm_payg/Versions/5.6.5\"\r\n}"
    headers:
      cache-control:
      - no-cache
      content-length:
      - '704'
      content-type:
      - application/json; charset=utf-8
      date:
      - Thu, 17 Oct 2019 07:59:44 GMT
      expires:
      - '-1'
      pragma:
      - no-cache
      server:
      - Microsoft-HTTPAPI/2.0
      - Microsoft-HTTPAPI/2.0
      strict-transport-security:
      - max-age=31536000; includeSubDomains
      transfer-encoding:
      - chunked
      vary:
      - Accept-Encoding
      x-content-type-options:
      - nosniff
    status:
      code: 200
      message: OK
- request:
    body: null
    headers:
      Accept:
      - application/json
      Accept-Encoding:
      - gzip, deflate
      CommandName:
      - vm image terms show
      Connection:
      - keep-alive
      ParameterSetName:
      - --urn
      User-Agent:
      - python/3.7.4 (Windows-10-10.0.18362-SP0) msrest/0.6.10 msrest_azure/0.6.2
        azure-mgmt-marketplaceordering/0.2.1 Azure-SDK-For-Python AZURECLI/2.0.75
      accept-language:
      - en-US
    method: GET
    uri: https://management.azure.com/subscriptions/00000000-0000-0000-0000-000000000000/providers/Microsoft.MarketplaceOrdering/offerTypes/virtualmachine/publishers/fortinet/offers/fortinet_fortigate-vm_v5/plans/fortinet_fg-vm_payg/agreements/current?api-version=2015-06-01
  response:
    body:
      string: '{"id":"/subscriptions/00000000-0000-0000-0000-000000000000/providers/Microsoft.MarketplaceOrdering/offerTypes/VirtualMachine/publishers/fortinet/offers/fortinet_fortigate-vm_v5/plans/fortinet_fg-vm_payg/agreements/current","name":"fortinet_fg-vm_payg","type":"Microsoft.MarketplaceOrdering/offertypes","properties":{"publisher":"fortinet","product":"fortinet_fortigate-vm_v5","plan":"fortinet_fg-vm_payg","licenseTextLink":"https://storelegalterms.blob.core.windows.net/legalterms/3E5ED_legalterms_FORTINET%253a24FORTINET%253a5FFORTIGATE%253a2DVM%253a5FV5%253a24FORTINET%253a5FFG%253a2DVM%253a5FPAYG%253a245R5VKDQTL7OVGO2KWZHZ3VNZPJD4ETPHJV4N7WFMSNUPPLV4V2ER7MINZUSVSFFMWDS4FJVROM3R3BFSIGXWS6YTVDL6AQZRX7ZXVKQ.txt","privacyPolicyLink":"http://www.fortinet.com/doc/legal/EULA.pdf","retrieveDatetime":"2019-10-17T07:59:48.8945728Z","signature":"AHU7GWSRSMJ2V4V6PQVN3BRYW6UXYFIPHSNYB6OEYV4JTE2FGK4X37FRDCOC2FHLLRSPGSPAM2EISOVG64FYDRDBFIQH3ZEBUZXEOIY","accepted":true}}'
    headers:
      cache-control:
      - no-cache
      content-length:
      - '965'
      content-type:
      - application/json
      dataserviceversion:
      - 5.2.1.538 (AzureUX-Store:master.b56f15ca.191006-0435)
      date:
      - Thu, 17 Oct 2019 07:59:53 GMT
      expires:
      - '-1'
      pragma:
      - no-cache
      server:
      - Microsoft-IIS/8.5
      strict-transport-security:
      - max-age=31536000; includeSubDomains
      transfer-encoding:
      - chunked
      vary:
      - Accept-Encoding,Accept-Encoding
      x-content-type-options:
      - nosniff
    status:
      code: 200
      message: OK
- request:
    body: null
    headers:
      Accept:
      - application/json
      Accept-Encoding:
      - gzip, deflate
      CommandName:
      - vm image terms cancel
      Connection:
      - keep-alive
      ParameterSetName:
      - --urn
      User-Agent:
      - python/3.7.4 (Windows-10-10.0.18362-SP0) msrest/0.6.10 msrest_azure/0.6.2
        azure-mgmt-resource/4.0.0 Azure-SDK-For-Python AZURECLI/2.0.75
      accept-language:
      - en-US
    method: GET
    uri: https://management.azure.com/subscriptions/00000000-0000-0000-0000-000000000000/locations?api-version=2016-06-01
  response:
    body:
      string: '{"value":[{"id":"/subscriptions/00000000-0000-0000-0000-000000000000/locations/eastasia","name":"eastasia","displayName":"East
        Asia","longitude":"114.188","latitude":"22.267"},{"id":"/subscriptions/00000000-0000-0000-0000-000000000000/locations/southeastasia","name":"southeastasia","displayName":"Southeast
        Asia","longitude":"103.833","latitude":"1.283"},{"id":"/subscriptions/00000000-0000-0000-0000-000000000000/locations/centralus","name":"centralus","displayName":"Central
        US","longitude":"-93.6208","latitude":"41.5908"},{"id":"/subscriptions/00000000-0000-0000-0000-000000000000/locations/eastus","name":"eastus","displayName":"East
        US","longitude":"-79.8164","latitude":"37.3719"},{"id":"/subscriptions/00000000-0000-0000-0000-000000000000/locations/eastus2","name":"eastus2","displayName":"East
        US 2","longitude":"-78.3889","latitude":"36.6681"},{"id":"/subscriptions/00000000-0000-0000-0000-000000000000/locations/westus","name":"westus","displayName":"West
        US","longitude":"-122.417","latitude":"37.783"},{"id":"/subscriptions/00000000-0000-0000-0000-000000000000/locations/northcentralus","name":"northcentralus","displayName":"North
        Central US","longitude":"-87.6278","latitude":"41.8819"},{"id":"/subscriptions/00000000-0000-0000-0000-000000000000/locations/southcentralus","name":"southcentralus","displayName":"South
        Central US","longitude":"-98.5","latitude":"29.4167"},{"id":"/subscriptions/00000000-0000-0000-0000-000000000000/locations/northeurope","name":"northeurope","displayName":"North
        Europe","longitude":"-6.2597","latitude":"53.3478"},{"id":"/subscriptions/00000000-0000-0000-0000-000000000000/locations/westeurope","name":"westeurope","displayName":"West
        Europe","longitude":"4.9","latitude":"52.3667"},{"id":"/subscriptions/00000000-0000-0000-0000-000000000000/locations/japanwest","name":"japanwest","displayName":"Japan
        West","longitude":"135.5022","latitude":"34.6939"},{"id":"/subscriptions/00000000-0000-0000-0000-000000000000/locations/japaneast","name":"japaneast","displayName":"Japan
        East","longitude":"139.77","latitude":"35.68"},{"id":"/subscriptions/00000000-0000-0000-0000-000000000000/locations/brazilsouth","name":"brazilsouth","displayName":"Brazil
        South","longitude":"-46.633","latitude":"-23.55"},{"id":"/subscriptions/00000000-0000-0000-0000-000000000000/locations/australiaeast","name":"australiaeast","displayName":"Australia
        East","longitude":"151.2094","latitude":"-33.86"},{"id":"/subscriptions/00000000-0000-0000-0000-000000000000/locations/australiasoutheast","name":"australiasoutheast","displayName":"Australia
        Southeast","longitude":"144.9631","latitude":"-37.8136"},{"id":"/subscriptions/00000000-0000-0000-0000-000000000000/locations/southindia","name":"southindia","displayName":"South
        India","longitude":"80.1636","latitude":"12.9822"},{"id":"/subscriptions/00000000-0000-0000-0000-000000000000/locations/centralindia","name":"centralindia","displayName":"Central
        India","longitude":"73.9197","latitude":"18.5822"},{"id":"/subscriptions/00000000-0000-0000-0000-000000000000/locations/westindia","name":"westindia","displayName":"West
        India","longitude":"72.868","latitude":"19.088"},{"id":"/subscriptions/00000000-0000-0000-0000-000000000000/locations/canadacentral","name":"canadacentral","displayName":"Canada
        Central","longitude":"-79.383","latitude":"43.653"},{"id":"/subscriptions/00000000-0000-0000-0000-000000000000/locations/canadaeast","name":"canadaeast","displayName":"Canada
        East","longitude":"-71.217","latitude":"46.817"},{"id":"/subscriptions/00000000-0000-0000-0000-000000000000/locations/uksouth","name":"uksouth","displayName":"UK
        South","longitude":"-0.799","latitude":"50.941"},{"id":"/subscriptions/00000000-0000-0000-0000-000000000000/locations/ukwest","name":"ukwest","displayName":"UK
        West","longitude":"-3.084","latitude":"53.427"},{"id":"/subscriptions/00000000-0000-0000-0000-000000000000/locations/westcentralus","name":"westcentralus","displayName":"West
        Central US","longitude":"-110.234","latitude":"40.890"},{"id":"/subscriptions/00000000-0000-0000-0000-000000000000/locations/westus2","name":"westus2","displayName":"West
        US 2","longitude":"-119.852","latitude":"47.233"},{"id":"/subscriptions/00000000-0000-0000-0000-000000000000/locations/koreacentral","name":"koreacentral","displayName":"Korea
        Central","longitude":"126.9780","latitude":"37.5665"},{"id":"/subscriptions/00000000-0000-0000-0000-000000000000/locations/koreasouth","name":"koreasouth","displayName":"Korea
        South","longitude":"129.0756","latitude":"35.1796"},{"id":"/subscriptions/00000000-0000-0000-0000-000000000000/locations/francecentral","name":"francecentral","displayName":"France
        Central","longitude":"2.3730","latitude":"46.3772"},{"id":"/subscriptions/00000000-0000-0000-0000-000000000000/locations/francesouth","name":"francesouth","displayName":"France
        South","longitude":"2.1972","latitude":"43.8345"},{"id":"/subscriptions/00000000-0000-0000-0000-000000000000/locations/australiacentral","name":"australiacentral","displayName":"Australia
        Central","longitude":"149.1244","latitude":"-35.3075"},{"id":"/subscriptions/00000000-0000-0000-0000-000000000000/locations/australiacentral2","name":"australiacentral2","displayName":"Australia
        Central 2","longitude":"149.1244","latitude":"-35.3075"},{"id":"/subscriptions/00000000-0000-0000-0000-000000000000/locations/uaecentral","name":"uaecentral","displayName":"UAE
        Central","longitude":"54.366669","latitude":"24.466667"},{"id":"/subscriptions/00000000-0000-0000-0000-000000000000/locations/uaenorth","name":"uaenorth","displayName":"UAE
        North","longitude":"55.316666","latitude":"25.266666"},{"id":"/subscriptions/00000000-0000-0000-0000-000000000000/locations/southafricanorth","name":"southafricanorth","displayName":"South
        Africa North","longitude":"28.218370","latitude":"-25.731340"},{"id":"/subscriptions/00000000-0000-0000-0000-000000000000/locations/southafricawest","name":"southafricawest","displayName":"South
        Africa West","longitude":"18.843266","latitude":"-34.075691"},{"id":"/subscriptions/00000000-0000-0000-0000-000000000000/locations/switzerlandnorth","name":"switzerlandnorth","displayName":"Switzerland
        North","longitude":"8.564572","latitude":"47.451542"},{"id":"/subscriptions/00000000-0000-0000-0000-000000000000/locations/switzerlandwest","name":"switzerlandwest","displayName":"Switzerland
        West","longitude":"6.143158","latitude":"46.204391"},{"id":"/subscriptions/00000000-0000-0000-0000-000000000000/locations/germanynorth","name":"germanynorth","displayName":"Germany
        North","longitude":"8.806422","latitude":"53.073635"},{"id":"/subscriptions/00000000-0000-0000-0000-000000000000/locations/germanywestcentral","name":"germanywestcentral","displayName":"Germany
        West Central","longitude":"8.682127","latitude":"50.110924"},{"id":"/subscriptions/00000000-0000-0000-0000-000000000000/locations/norwaywest","name":"norwaywest","displayName":"Norway
        West","longitude":"5.733107","latitude":"58.969975"},{"id":"/subscriptions/00000000-0000-0000-0000-000000000000/locations/norwayeast","name":"norwayeast","displayName":"Norway
        East","longitude":"10.752245","latitude":"59.913868"}]}'
    headers:
      cache-control:
      - no-cache
      content-length:
      - '7129'
      content-type:
      - application/json; charset=utf-8
      date:
      - Thu, 17 Oct 2019 07:59:54 GMT
      expires:
      - '-1'
      pragma:
      - no-cache
      strict-transport-security:
      - max-age=31536000; includeSubDomains
      vary:
      - Accept-Encoding
      x-content-type-options:
      - nosniff
    status:
      code: 200
      message: OK
- request:
    body: null
    headers:
      Accept:
      - application/json
      Accept-Encoding:
      - gzip, deflate
      CommandName:
      - vm image terms cancel
      Connection:
      - keep-alive
      ParameterSetName:
      - --urn
      User-Agent:
      - python/3.7.4 (Windows-10-10.0.18362-SP0) msrest/0.6.10 msrest_azure/0.6.2
        azure-mgmt-compute/8.0.0 Azure-SDK-For-Python AZURECLI/2.0.75
      accept-language:
      - en-US
    method: GET
    uri: https://management.azure.com/subscriptions/00000000-0000-0000-0000-000000000000/providers/Microsoft.Compute/locations/westus/publishers/fortinet/artifacttypes/vmimage/offers/fortinet_fortigate-vm_v5/skus/fortinet_fg-vm_payg/versions/5.6.5?api-version=2019-03-01
  response:
    body:
      string: "{\r\n  \"properties\": {\r\n    \"replicaType\": \"Unmanaged\",\r\n
        \   \"automaticOSUpgradeProperties\": {\r\n      \"automaticOSUpgradeSupported\":
        false\r\n    },\r\n    \"plan\": {\r\n      \"publisher\": \"fortinet\",\r\n
        \     \"name\": \"fortinet_fg-vm_payg\",\r\n      \"product\": \"fortinet_fortigate-vm_v5\"\r\n
        \   },\r\n    \"osDiskImage\": {\r\n      \"operatingSystem\": \"Linux\",\r\n
        \     \"sizeInGb\": 2,\r\n      \"sizeInBytes\": 2147484160\r\n    },\r\n
        \   \"dataDiskImages\": []\r\n  },\r\n  \"location\": \"westus\",\r\n  \"name\":
        \"5.6.5\",\r\n  \"id\": \"/Subscriptions/00000000-0000-0000-0000-000000000000/Providers/Microsoft.Compute/Locations/westus/Publishers/fortinet/ArtifactTypes/VMImage/Offers/fortinet_fortigate-vm_v5/Skus/fortinet_fg-vm_payg/Versions/5.6.5\"\r\n}"
    headers:
      cache-control:
      - no-cache
      content-length:
      - '704'
      content-type:
      - application/json; charset=utf-8
      date:
      - Thu, 17 Oct 2019 07:59:56 GMT
      expires:
      - '-1'
      pragma:
      - no-cache
      server:
      - Microsoft-HTTPAPI/2.0
      - Microsoft-HTTPAPI/2.0
      strict-transport-security:
      - max-age=31536000; includeSubDomains
      transfer-encoding:
      - chunked
      vary:
      - Accept-Encoding
      x-content-type-options:
      - nosniff
    status:
      code: 200
      message: OK
- request:
    body: null
    headers:
      Accept:
      - application/json
      Accept-Encoding:
      - gzip, deflate
      CommandName:
      - vm image terms cancel
      Connection:
      - keep-alive
      ParameterSetName:
      - --urn
      User-Agent:
      - python/3.7.4 (Windows-10-10.0.18362-SP0) msrest/0.6.10 msrest_azure/0.6.2
        azure-mgmt-marketplaceordering/0.2.1 Azure-SDK-For-Python AZURECLI/2.0.75
      accept-language:
      - en-US
    method: GET
    uri: https://management.azure.com/subscriptions/00000000-0000-0000-0000-000000000000/providers/Microsoft.MarketplaceOrdering/offerTypes/virtualmachine/publishers/fortinet/offers/fortinet_fortigate-vm_v5/plans/fortinet_fg-vm_payg/agreements/current?api-version=2015-06-01
  response:
    body:
      string: '{"id":"/subscriptions/00000000-0000-0000-0000-000000000000/providers/Microsoft.MarketplaceOrdering/offerTypes/VirtualMachine/publishers/fortinet/offers/fortinet_fortigate-vm_v5/plans/fortinet_fg-vm_payg/agreements/current","name":"fortinet_fg-vm_payg","type":"Microsoft.MarketplaceOrdering/offertypes","properties":{"publisher":"fortinet","product":"fortinet_fortigate-vm_v5","plan":"fortinet_fg-vm_payg","licenseTextLink":"https://storelegalterms.blob.core.windows.net/legalterms/3E5ED_legalterms_FORTINET%253a24FORTINET%253a5FFORTIGATE%253a2DVM%253a5FV5%253a24FORTINET%253a5FFG%253a2DVM%253a5FPAYG%253a245R5VKDQTL7OVGO2KWZHZ3VNZPJD4ETPHJV4N7WFMSNUPPLV4V2ER7MINZUSVSFFMWDS4FJVROM3R3BFSIGXWS6YTVDL6AQZRX7ZXVKQ.txt","privacyPolicyLink":"http://www.fortinet.com/doc/legal/EULA.pdf","retrieveDatetime":"2019-10-17T08:00:00.5229244Z","signature":"TO2TKHRMKFR2MTUSRUR2HL2V76LG4R34GHNQGTAWYLK5RC6HAWDJJCTBS4P65A36E2TA27RAO6TH4UI2VSOZVDZJRDD7ME6VFDVI5FY","accepted":true}}'
    headers:
      cache-control:
      - no-cache
      content-length:
      - '965'
      content-type:
      - application/json
      dataserviceversion:
      - 5.2.1.538 (AzureUX-Store:master.b56f15ca.191006-0435)
      date:
      - Thu, 17 Oct 2019 08:00:05 GMT
      expires:
      - '-1'
      pragma:
      - no-cache
      server:
      - Microsoft-IIS/8.5
      strict-transport-security:
      - max-age=31536000; includeSubDomains
      transfer-encoding:
      - chunked
      vary:
      - Accept-Encoding,Accept-Encoding
      x-content-type-options:
      - nosniff
    status:
      code: 200
      message: OK
- request:
    body: '{"properties": {"publisher": "fortinet", "product": "fortinet_fortigate-vm_v5",
      "plan": "fortinet_fg-vm_payg", "licenseTextLink": "https://storelegalterms.blob.core.windows.net/legalterms/3E5ED_legalterms_FORTINET%253a24FORTINET%253a5FFORTIGATE%253a2DVM%253a5FV5%253a24FORTINET%253a5FFG%253a2DVM%253a5FPAYG%253a245R5VKDQTL7OVGO2KWZHZ3VNZPJD4ETPHJV4N7WFMSNUPPLV4V2ER7MINZUSVSFFMWDS4FJVROM3R3BFSIGXWS6YTVDL6AQZRX7ZXVKQ.txt",
      "privacyPolicyLink": "http://www.fortinet.com/doc/legal/EULA.pdf", "retrieveDatetime":
      "2019-10-17T08:00:00.5229244Z", "signature": "TO2TKHRMKFR2MTUSRUR2HL2V76LG4R34GHNQGTAWYLK5RC6HAWDJJCTBS4P65A36E2TA27RAO6TH4UI2VSOZVDZJRDD7ME6VFDVI5FY",
      "accepted": false}}'
    headers:
      Accept:
      - application/json
      Accept-Encoding:
      - gzip, deflate
      CommandName:
      - vm image terms cancel
      Connection:
      - keep-alive
      Content-Length:
      - '681'
      Content-Type:
      - application/json; charset=utf-8
      ParameterSetName:
      - --urn
      User-Agent:
      - python/3.7.4 (Windows-10-10.0.18362-SP0) msrest/0.6.10 msrest_azure/0.6.2
        azure-mgmt-marketplaceordering/0.2.1 Azure-SDK-For-Python AZURECLI/2.0.75
      accept-language:
      - en-US
    method: PUT
    uri: https://management.azure.com/subscriptions/00000000-0000-0000-0000-000000000000/providers/Microsoft.MarketplaceOrdering/offerTypes/virtualmachine/publishers/fortinet/offers/fortinet_fortigate-vm_v5/plans/fortinet_fg-vm_payg/agreements/current?api-version=2015-06-01
  response:
    body:
      string: '{"id":"/subscriptions/00000000-0000-0000-0000-000000000000/providers/Microsoft.MarketplaceOrdering/offerTypes/Microsoft.MarketplaceOrdering/offertypes/publishers/fortinet/offers/fortinet_fortigate-vm_v5/plans/fortinet_fg-vm_payg/agreements/current","name":"fortinet_fg-vm_payg","type":"Microsoft.MarketplaceOrdering/offertypes","properties":{"publisher":"fortinet","product":"fortinet_fortigate-vm_v5","plan":"fortinet_fg-vm_payg","licenseTextLink":"https://storelegalterms.blob.core.windows.net/legalterms/3E5ED_legalterms_FORTINET%253a24FORTINET%253a5FFORTIGATE%253a2DVM%253a5FV5%253a24FORTINET%253a5FFG%253a2DVM%253a5FPAYG%253a245R5VKDQTL7OVGO2KWZHZ3VNZPJD4ETPHJV4N7WFMSNUPPLV4V2ER7MINZUSVSFFMWDS4FJVROM3R3BFSIGXWS6YTVDL6AQZRX7ZXVKQ.txt","privacyPolicyLink":"http://www.fortinet.com/doc/legal/EULA.pdf","retrieveDatetime":"2019-10-17T07:59:30.7709753Z","signature":"GQ3ZRIZTP7KU3BY5ZKFRA42VI3S3JP774JGCM2R4EGFXB3IQMFLXBF6GN7LFP5LQ3JJYYEPT2I75G6B6RNNILALZSVOA5443Z7BNHHI","accepted":false}}'
    headers:
      cache-control:
      - no-cache
      content-length:
      - '992'
      content-type:
      - application/json
      dataserviceversion:
      - 5.2.1.538 (AzureUX-Store:master.b56f15ca.191006-0435)
      date:
      - Thu, 17 Oct 2019 08:00:10 GMT
      expires:
      - '-1'
      pragma:
      - no-cache
      server:
      - Microsoft-IIS/8.5
      strict-transport-security:
      - max-age=31536000; includeSubDomains
      transfer-encoding:
      - chunked
      vary:
      - Accept-Encoding,Accept-Encoding
      x-content-type-options:
      - nosniff
      x-ms-ratelimit-remaining-subscription-writes:
      - '1199'
    status:
      code: 200
      message: OK
- request:
    body: null
    headers:
      Accept:
      - application/json
      Accept-Encoding:
      - gzip, deflate
      CommandName:
      - vm image terms show
      Connection:
      - keep-alive
      ParameterSetName:
      - --urn
      User-Agent:
      - python/3.7.4 (Windows-10-10.0.18362-SP0) msrest/0.6.10 msrest_azure/0.6.2
        azure-mgmt-resource/4.0.0 Azure-SDK-For-Python AZURECLI/2.0.75
      accept-language:
      - en-US
    method: GET
    uri: https://management.azure.com/subscriptions/00000000-0000-0000-0000-000000000000/locations?api-version=2016-06-01
  response:
    body:
      string: '{"value":[{"id":"/subscriptions/00000000-0000-0000-0000-000000000000/locations/eastasia","name":"eastasia","displayName":"East
        Asia","longitude":"114.188","latitude":"22.267"},{"id":"/subscriptions/00000000-0000-0000-0000-000000000000/locations/southeastasia","name":"southeastasia","displayName":"Southeast
        Asia","longitude":"103.833","latitude":"1.283"},{"id":"/subscriptions/00000000-0000-0000-0000-000000000000/locations/centralus","name":"centralus","displayName":"Central
        US","longitude":"-93.6208","latitude":"41.5908"},{"id":"/subscriptions/00000000-0000-0000-0000-000000000000/locations/eastus","name":"eastus","displayName":"East
        US","longitude":"-79.8164","latitude":"37.3719"},{"id":"/subscriptions/00000000-0000-0000-0000-000000000000/locations/eastus2","name":"eastus2","displayName":"East
        US 2","longitude":"-78.3889","latitude":"36.6681"},{"id":"/subscriptions/00000000-0000-0000-0000-000000000000/locations/westus","name":"westus","displayName":"West
        US","longitude":"-122.417","latitude":"37.783"},{"id":"/subscriptions/00000000-0000-0000-0000-000000000000/locations/northcentralus","name":"northcentralus","displayName":"North
        Central US","longitude":"-87.6278","latitude":"41.8819"},{"id":"/subscriptions/00000000-0000-0000-0000-000000000000/locations/southcentralus","name":"southcentralus","displayName":"South
        Central US","longitude":"-98.5","latitude":"29.4167"},{"id":"/subscriptions/00000000-0000-0000-0000-000000000000/locations/northeurope","name":"northeurope","displayName":"North
        Europe","longitude":"-6.2597","latitude":"53.3478"},{"id":"/subscriptions/00000000-0000-0000-0000-000000000000/locations/westeurope","name":"westeurope","displayName":"West
        Europe","longitude":"4.9","latitude":"52.3667"},{"id":"/subscriptions/00000000-0000-0000-0000-000000000000/locations/japanwest","name":"japanwest","displayName":"Japan
        West","longitude":"135.5022","latitude":"34.6939"},{"id":"/subscriptions/00000000-0000-0000-0000-000000000000/locations/japaneast","name":"japaneast","displayName":"Japan
        East","longitude":"139.77","latitude":"35.68"},{"id":"/subscriptions/00000000-0000-0000-0000-000000000000/locations/brazilsouth","name":"brazilsouth","displayName":"Brazil
        South","longitude":"-46.633","latitude":"-23.55"},{"id":"/subscriptions/00000000-0000-0000-0000-000000000000/locations/australiaeast","name":"australiaeast","displayName":"Australia
        East","longitude":"151.2094","latitude":"-33.86"},{"id":"/subscriptions/00000000-0000-0000-0000-000000000000/locations/australiasoutheast","name":"australiasoutheast","displayName":"Australia
        Southeast","longitude":"144.9631","latitude":"-37.8136"},{"id":"/subscriptions/00000000-0000-0000-0000-000000000000/locations/southindia","name":"southindia","displayName":"South
        India","longitude":"80.1636","latitude":"12.9822"},{"id":"/subscriptions/00000000-0000-0000-0000-000000000000/locations/centralindia","name":"centralindia","displayName":"Central
        India","longitude":"73.9197","latitude":"18.5822"},{"id":"/subscriptions/00000000-0000-0000-0000-000000000000/locations/westindia","name":"westindia","displayName":"West
        India","longitude":"72.868","latitude":"19.088"},{"id":"/subscriptions/00000000-0000-0000-0000-000000000000/locations/canadacentral","name":"canadacentral","displayName":"Canada
        Central","longitude":"-79.383","latitude":"43.653"},{"id":"/subscriptions/00000000-0000-0000-0000-000000000000/locations/canadaeast","name":"canadaeast","displayName":"Canada
        East","longitude":"-71.217","latitude":"46.817"},{"id":"/subscriptions/00000000-0000-0000-0000-000000000000/locations/uksouth","name":"uksouth","displayName":"UK
        South","longitude":"-0.799","latitude":"50.941"},{"id":"/subscriptions/00000000-0000-0000-0000-000000000000/locations/ukwest","name":"ukwest","displayName":"UK
        West","longitude":"-3.084","latitude":"53.427"},{"id":"/subscriptions/00000000-0000-0000-0000-000000000000/locations/westcentralus","name":"westcentralus","displayName":"West
        Central US","longitude":"-110.234","latitude":"40.890"},{"id":"/subscriptions/00000000-0000-0000-0000-000000000000/locations/westus2","name":"westus2","displayName":"West
        US 2","longitude":"-119.852","latitude":"47.233"},{"id":"/subscriptions/00000000-0000-0000-0000-000000000000/locations/koreacentral","name":"koreacentral","displayName":"Korea
        Central","longitude":"126.9780","latitude":"37.5665"},{"id":"/subscriptions/00000000-0000-0000-0000-000000000000/locations/koreasouth","name":"koreasouth","displayName":"Korea
        South","longitude":"129.0756","latitude":"35.1796"},{"id":"/subscriptions/00000000-0000-0000-0000-000000000000/locations/francecentral","name":"francecentral","displayName":"France
        Central","longitude":"2.3730","latitude":"46.3772"},{"id":"/subscriptions/00000000-0000-0000-0000-000000000000/locations/francesouth","name":"francesouth","displayName":"France
        South","longitude":"2.1972","latitude":"43.8345"},{"id":"/subscriptions/00000000-0000-0000-0000-000000000000/locations/australiacentral","name":"australiacentral","displayName":"Australia
        Central","longitude":"149.1244","latitude":"-35.3075"},{"id":"/subscriptions/00000000-0000-0000-0000-000000000000/locations/australiacentral2","name":"australiacentral2","displayName":"Australia
        Central 2","longitude":"149.1244","latitude":"-35.3075"},{"id":"/subscriptions/00000000-0000-0000-0000-000000000000/locations/uaecentral","name":"uaecentral","displayName":"UAE
        Central","longitude":"54.366669","latitude":"24.466667"},{"id":"/subscriptions/00000000-0000-0000-0000-000000000000/locations/uaenorth","name":"uaenorth","displayName":"UAE
        North","longitude":"55.316666","latitude":"25.266666"},{"id":"/subscriptions/00000000-0000-0000-0000-000000000000/locations/southafricanorth","name":"southafricanorth","displayName":"South
        Africa North","longitude":"28.218370","latitude":"-25.731340"},{"id":"/subscriptions/00000000-0000-0000-0000-000000000000/locations/southafricawest","name":"southafricawest","displayName":"South
        Africa West","longitude":"18.843266","latitude":"-34.075691"},{"id":"/subscriptions/00000000-0000-0000-0000-000000000000/locations/switzerlandnorth","name":"switzerlandnorth","displayName":"Switzerland
        North","longitude":"8.564572","latitude":"47.451542"},{"id":"/subscriptions/00000000-0000-0000-0000-000000000000/locations/switzerlandwest","name":"switzerlandwest","displayName":"Switzerland
        West","longitude":"6.143158","latitude":"46.204391"},{"id":"/subscriptions/00000000-0000-0000-0000-000000000000/locations/germanynorth","name":"germanynorth","displayName":"Germany
        North","longitude":"8.806422","latitude":"53.073635"},{"id":"/subscriptions/00000000-0000-0000-0000-000000000000/locations/germanywestcentral","name":"germanywestcentral","displayName":"Germany
        West Central","longitude":"8.682127","latitude":"50.110924"},{"id":"/subscriptions/00000000-0000-0000-0000-000000000000/locations/norwaywest","name":"norwaywest","displayName":"Norway
        West","longitude":"5.733107","latitude":"58.969975"},{"id":"/subscriptions/00000000-0000-0000-0000-000000000000/locations/norwayeast","name":"norwayeast","displayName":"Norway
        East","longitude":"10.752245","latitude":"59.913868"}]}'
    headers:
      cache-control:
      - no-cache
      content-length:
      - '7129'
      content-type:
      - application/json; charset=utf-8
      date:
      - Thu, 17 Oct 2019 08:00:11 GMT
      expires:
      - '-1'
      pragma:
      - no-cache
      strict-transport-security:
      - max-age=31536000; includeSubDomains
      vary:
      - Accept-Encoding
      x-content-type-options:
      - nosniff
    status:
      code: 200
      message: OK
- request:
    body: null
    headers:
      Accept:
      - application/json
      Accept-Encoding:
      - gzip, deflate
      CommandName:
      - vm image terms show
      Connection:
      - keep-alive
      ParameterSetName:
      - --urn
      User-Agent:
      - python/3.7.4 (Windows-10-10.0.18362-SP0) msrest/0.6.10 msrest_azure/0.6.2
        azure-mgmt-compute/8.0.0 Azure-SDK-For-Python AZURECLI/2.0.75
      accept-language:
      - en-US
    method: GET
    uri: https://management.azure.com/subscriptions/00000000-0000-0000-0000-000000000000/providers/Microsoft.Compute/locations/westus/publishers/fortinet/artifacttypes/vmimage/offers/fortinet_fortigate-vm_v5/skus/fortinet_fg-vm_payg/versions/5.6.5?api-version=2019-03-01
  response:
    body:
      string: "{\r\n  \"properties\": {\r\n    \"replicaType\": \"Unmanaged\",\r\n
        \   \"automaticOSUpgradeProperties\": {\r\n      \"automaticOSUpgradeSupported\":
        false\r\n    },\r\n    \"plan\": {\r\n      \"publisher\": \"fortinet\",\r\n
        \     \"name\": \"fortinet_fg-vm_payg\",\r\n      \"product\": \"fortinet_fortigate-vm_v5\"\r\n
        \   },\r\n    \"osDiskImage\": {\r\n      \"operatingSystem\": \"Linux\",\r\n
        \     \"sizeInGb\": 2,\r\n      \"sizeInBytes\": 2147484160\r\n    },\r\n
        \   \"dataDiskImages\": []\r\n  },\r\n  \"location\": \"westus\",\r\n  \"name\":
        \"5.6.5\",\r\n  \"id\": \"/Subscriptions/00000000-0000-0000-0000-000000000000/Providers/Microsoft.Compute/Locations/westus/Publishers/fortinet/ArtifactTypes/VMImage/Offers/fortinet_fortigate-vm_v5/Skus/fortinet_fg-vm_payg/Versions/5.6.5\"\r\n}"
    headers:
      cache-control:
      - no-cache
      content-length:
      - '704'
      content-type:
      - application/json; charset=utf-8
      date:
      - Thu, 17 Oct 2019 08:00:11 GMT
      expires:
      - '-1'
      pragma:
      - no-cache
      server:
      - Microsoft-HTTPAPI/2.0
      - Microsoft-HTTPAPI/2.0
      strict-transport-security:
      - max-age=31536000; includeSubDomains
      transfer-encoding:
      - chunked
      vary:
      - Accept-Encoding
      x-content-type-options:
      - nosniff
    status:
      code: 200
      message: OK
- request:
    body: null
    headers:
      Accept:
      - application/json
      Accept-Encoding:
      - gzip, deflate
      CommandName:
      - vm image terms show
      Connection:
      - keep-alive
      ParameterSetName:
      - --urn
      User-Agent:
      - python/3.7.4 (Windows-10-10.0.18362-SP0) msrest/0.6.10 msrest_azure/0.6.2
        azure-mgmt-marketplaceordering/0.2.1 Azure-SDK-For-Python AZURECLI/2.0.75
      accept-language:
      - en-US
    method: GET
    uri: https://management.azure.com/subscriptions/00000000-0000-0000-0000-000000000000/providers/Microsoft.MarketplaceOrdering/offerTypes/virtualmachine/publishers/fortinet/offers/fortinet_fortigate-vm_v5/plans/fortinet_fg-vm_payg/agreements/current?api-version=2015-06-01
  response:
    body:
      string: '{"id":"/subscriptions/00000000-0000-0000-0000-000000000000/providers/Microsoft.MarketplaceOrdering/offerTypes/VirtualMachine/publishers/fortinet/offers/fortinet_fortigate-vm_v5/plans/fortinet_fg-vm_payg/agreements/current","name":"fortinet_fg-vm_payg","type":"Microsoft.MarketplaceOrdering/offertypes","properties":{"publisher":"fortinet","product":"fortinet_fortigate-vm_v5","plan":"fortinet_fg-vm_payg","licenseTextLink":"https://storelegalterms.blob.core.windows.net/legalterms/3E5ED_legalterms_FORTINET%253a24FORTINET%253a5FFORTIGATE%253a2DVM%253a5FV5%253a24FORTINET%253a5FFG%253a2DVM%253a5FPAYG%253a245R5VKDQTL7OVGO2KWZHZ3VNZPJD4ETPHJV4N7WFMSNUPPLV4V2ER7MINZUSVSFFMWDS4FJVROM3R3BFSIGXWS6YTVDL6AQZRX7ZXVKQ.txt","privacyPolicyLink":"http://www.fortinet.com/doc/legal/EULA.pdf","retrieveDatetime":"2019-10-17T08:00:16.7163525Z","signature":"MTP5SZLS7CCJSJ2VFEFSUBZXC35PV7Z3L6Q2F6FEHV54LLA5JQXPRRSIRV4HYHIBNKEQA4VFLKK5H5GDZXPC4RZRM2XB6BBZG45S5TY","accepted":false}}'
    headers:
      cache-control:
      - no-cache
      content-length:
      - '966'
      content-type:
      - application/json
      dataserviceversion:
      - 5.2.1.538 (AzureUX-Store:master.b56f15ca.191006-0435)
      date:
      - Thu, 17 Oct 2019 08:00:22 GMT
      expires:
      - '-1'
      pragma:
      - no-cache
      server:
      - Microsoft-IIS/8.5
      strict-transport-security:
      - max-age=31536000; includeSubDomains
      transfer-encoding:
      - chunked
      vary:
      - Accept-Encoding,Accept-Encoding
      x-content-type-options:
      - nosniff
    status:
      code: 200
      message: OK
- request:
    body: null
    headers:
      Accept:
      - application/json
      Accept-Encoding:
      - gzip, deflate
      CommandName:
      - vm image terms accept
      Connection:
      - keep-alive
      ParameterSetName:
      - --publisher --offer --plan
      User-Agent:
      - python/3.7.4 (Windows-10-10.0.18362-SP0) msrest/0.6.10 msrest_azure/0.6.2
        azure-mgmt-marketplaceordering/0.2.1 Azure-SDK-For-Python AZURECLI/2.0.75
      accept-language:
      - en-US
    method: GET
    uri: https://management.azure.com/subscriptions/00000000-0000-0000-0000-000000000000/providers/Microsoft.MarketplaceOrdering/offerTypes/virtualmachine/publishers/fortinet/offers/fortinet_fortigate-vm_v5/plans/fortinet_fg-vm_payg/agreements/current?api-version=2015-06-01
  response:
    body:
      string: '{"id":"/subscriptions/00000000-0000-0000-0000-000000000000/providers/Microsoft.MarketplaceOrdering/offerTypes/VirtualMachine/publishers/fortinet/offers/fortinet_fortigate-vm_v5/plans/fortinet_fg-vm_payg/agreements/current","name":"fortinet_fg-vm_payg","type":"Microsoft.MarketplaceOrdering/offertypes","properties":{"publisher":"fortinet","product":"fortinet_fortigate-vm_v5","plan":"fortinet_fg-vm_payg","licenseTextLink":"https://storelegalterms.blob.core.windows.net/legalterms/3E5ED_legalterms_FORTINET%253a24FORTINET%253a5FFORTIGATE%253a2DVM%253a5FV5%253a24FORTINET%253a5FFG%253a2DVM%253a5FPAYG%253a245R5VKDQTL7OVGO2KWZHZ3VNZPJD4ETPHJV4N7WFMSNUPPLV4V2ER7MINZUSVSFFMWDS4FJVROM3R3BFSIGXWS6YTVDL6AQZRX7ZXVKQ.txt","privacyPolicyLink":"http://www.fortinet.com/doc/legal/EULA.pdf","retrieveDatetime":"2019-10-17T08:00:27.3768509Z","signature":"65KNT74HVLN44VPEKT4C23334C23NQPQJYOCC5CFPSVZAYXOPVHYCOKFEMWO4YCOSD24JTA4CGUHU4W6UWTDKOKDBD3UBKGE6DKHBKQ","accepted":false}}'
    headers:
      cache-control:
      - no-cache
      content-length:
      - '966'
      content-type:
      - application/json
      dataserviceversion:
      - 5.2.1.538 (AzureUX-Store:master.b56f15ca.191006-0435)
      date:
      - Thu, 17 Oct 2019 08:00:32 GMT
      expires:
      - '-1'
      pragma:
      - no-cache
      server:
      - Microsoft-IIS/8.5
      strict-transport-security:
      - max-age=31536000; includeSubDomains
      transfer-encoding:
      - chunked
      vary:
      - Accept-Encoding,Accept-Encoding
      x-content-type-options:
      - nosniff
    status:
      code: 200
      message: OK
- request:
    body: '{"properties": {"publisher": "fortinet", "product": "fortinet_fortigate-vm_v5",
      "plan": "fortinet_fg-vm_payg", "licenseTextLink": "https://storelegalterms.blob.core.windows.net/legalterms/3E5ED_legalterms_FORTINET%253a24FORTINET%253a5FFORTIGATE%253a2DVM%253a5FV5%253a24FORTINET%253a5FFG%253a2DVM%253a5FPAYG%253a245R5VKDQTL7OVGO2KWZHZ3VNZPJD4ETPHJV4N7WFMSNUPPLV4V2ER7MINZUSVSFFMWDS4FJVROM3R3BFSIGXWS6YTVDL6AQZRX7ZXVKQ.txt",
      "privacyPolicyLink": "http://www.fortinet.com/doc/legal/EULA.pdf", "retrieveDatetime":
      "2019-10-17T08:00:27.3768509Z", "signature": "65KNT74HVLN44VPEKT4C23334C23NQPQJYOCC5CFPSVZAYXOPVHYCOKFEMWO4YCOSD24JTA4CGUHU4W6UWTDKOKDBD3UBKGE6DKHBKQ",
      "accepted": true}}'
    headers:
      Accept:
      - application/json
      Accept-Encoding:
      - gzip, deflate
      CommandName:
      - vm image terms accept
      Connection:
      - keep-alive
      Content-Length:
      - '680'
      Content-Type:
      - application/json; charset=utf-8
      ParameterSetName:
      - --publisher --offer --plan
      User-Agent:
      - python/3.7.4 (Windows-10-10.0.18362-SP0) msrest/0.6.10 msrest_azure/0.6.2
        azure-mgmt-marketplaceordering/0.2.1 Azure-SDK-For-Python AZURECLI/2.0.75
      accept-language:
      - en-US
    method: PUT
    uri: https://management.azure.com/subscriptions/00000000-0000-0000-0000-000000000000/providers/Microsoft.MarketplaceOrdering/offerTypes/virtualmachine/publishers/fortinet/offers/fortinet_fortigate-vm_v5/plans/fortinet_fg-vm_payg/agreements/current?api-version=2015-06-01
  response:
    body:
      string: '{"id":"/subscriptions/00000000-0000-0000-0000-000000000000/providers/Microsoft.MarketplaceOrdering/offerTypes/Microsoft.MarketplaceOrdering/offertypes/publishers/fortinet/offers/fortinet_fortigate-vm_v5/plans/fortinet_fg-vm_payg/agreements/current","name":"fortinet_fg-vm_payg","type":"Microsoft.MarketplaceOrdering/offertypes","properties":{"publisher":"fortinet","product":"fortinet_fortigate-vm_v5","plan":"fortinet_fg-vm_payg","licenseTextLink":"https://storelegalterms.blob.core.windows.net/legalterms/3E5ED_legalterms_FORTINET%253a24FORTINET%253a5FFORTIGATE%253a2DVM%253a5FV5%253a24FORTINET%253a5FFG%253a2DVM%253a5FPAYG%253a245R5VKDQTL7OVGO2KWZHZ3VNZPJD4ETPHJV4N7WFMSNUPPLV4V2ER7MINZUSVSFFMWDS4FJVROM3R3BFSIGXWS6YTVDL6AQZRX7ZXVKQ.txt","privacyPolicyLink":"http://www.fortinet.com/doc/legal/EULA.pdf","retrieveDatetime":"2019-10-17T08:00:27.3768509Z","signature":"65KNT74HVLN44VPEKT4C23334C23NQPQJYOCC5CFPSVZAYXOPVHYCOKFEMWO4YCOSD24JTA4CGUHU4W6UWTDKOKDBD3UBKGE6DKHBKQ","accepted":true}}'
    headers:
      cache-control:
      - no-cache
      content-length:
      - '991'
      content-type:
      - application/json
      dataserviceversion:
      - 5.2.1.538 (AzureUX-Store:master.b56f15ca.191006-0435)
      date:
      - Thu, 17 Oct 2019 08:00:39 GMT
      expires:
      - '-1'
      pragma:
      - no-cache
      server:
      - Microsoft-IIS/8.5
      strict-transport-security:
      - max-age=31536000; includeSubDomains
      transfer-encoding:
      - chunked
      vary:
      - Accept-Encoding,Accept-Encoding
      x-content-type-options:
      - nosniff
      x-ms-ratelimit-remaining-subscription-writes:
      - '1198'
    status:
      code: 200
      message: OK
- request:
    body: null
    headers:
      Accept:
      - application/json
      Accept-Encoding:
      - gzip, deflate
      CommandName:
      - vm image terms show
      Connection:
      - keep-alive
      ParameterSetName:
      - --publisher --offer --plan
      User-Agent:
      - python/3.7.4 (Windows-10-10.0.18362-SP0) msrest/0.6.10 msrest_azure/0.6.2
        azure-mgmt-marketplaceordering/0.2.1 Azure-SDK-For-Python AZURECLI/2.0.75
      accept-language:
      - en-US
    method: GET
    uri: https://management.azure.com/subscriptions/00000000-0000-0000-0000-000000000000/providers/Microsoft.MarketplaceOrdering/offerTypes/virtualmachine/publishers/fortinet/offers/fortinet_fortigate-vm_v5/plans/fortinet_fg-vm_payg/agreements/current?api-version=2015-06-01
  response:
    body:
      string: '{"id":"/subscriptions/00000000-0000-0000-0000-000000000000/providers/Microsoft.MarketplaceOrdering/offerTypes/VirtualMachine/publishers/fortinet/offers/fortinet_fortigate-vm_v5/plans/fortinet_fg-vm_payg/agreements/current","name":"fortinet_fg-vm_payg","type":"Microsoft.MarketplaceOrdering/offertypes","properties":{"publisher":"fortinet","product":"fortinet_fortigate-vm_v5","plan":"fortinet_fg-vm_payg","licenseTextLink":"https://storelegalterms.blob.core.windows.net/legalterms/3E5ED_legalterms_FORTINET%253a24FORTINET%253a5FFORTIGATE%253a2DVM%253a5FV5%253a24FORTINET%253a5FFG%253a2DVM%253a5FPAYG%253a245R5VKDQTL7OVGO2KWZHZ3VNZPJD4ETPHJV4N7WFMSNUPPLV4V2ER7MINZUSVSFFMWDS4FJVROM3R3BFSIGXWS6YTVDL6AQZRX7ZXVKQ.txt","privacyPolicyLink":"http://www.fortinet.com/doc/legal/EULA.pdf","retrieveDatetime":"2019-10-17T08:00:44.2743202Z","signature":"PUKJGEW5ULWREBVCKJXUEVXUR3QCXH6CUVN67Z4PATRPLQJPZ2OMG2SEJX2VO77TTX2F4GHWFTDW22JUJLQTW2KV5XWAFQ4RDWGAFZA","accepted":true}}'
    headers:
      cache-control:
      - no-cache
      content-length:
      - '965'
      content-type:
      - application/json
      dataserviceversion:
      - 5.2.1.538 (AzureUX-Store:master.b56f15ca.191006-0435)
      date:
      - Thu, 17 Oct 2019 08:00:49 GMT
      expires:
      - '-1'
      pragma:
      - no-cache
      server:
      - Microsoft-IIS/8.5
      strict-transport-security:
      - max-age=31536000; includeSubDomains
      transfer-encoding:
      - chunked
      vary:
      - Accept-Encoding,Accept-Encoding
      x-content-type-options:
      - nosniff
    status:
      code: 200
      message: OK
- request:
    body: null
    headers:
      Accept:
      - application/json
      Accept-Encoding:
      - gzip, deflate
      CommandName:
      - vm image terms cancel
      Connection:
      - keep-alive
      ParameterSetName:
      - --publisher --offer --plan
      User-Agent:
      - python/3.7.4 (Windows-10-10.0.18362-SP0) msrest/0.6.10 msrest_azure/0.6.2
        azure-mgmt-marketplaceordering/0.2.1 Azure-SDK-For-Python AZURECLI/2.0.75
      accept-language:
      - en-US
    method: GET
    uri: https://management.azure.com/subscriptions/00000000-0000-0000-0000-000000000000/providers/Microsoft.MarketplaceOrdering/offerTypes/virtualmachine/publishers/fortinet/offers/fortinet_fortigate-vm_v5/plans/fortinet_fg-vm_payg/agreements/current?api-version=2015-06-01
  response:
    body:
      string: '{"id":"/subscriptions/00000000-0000-0000-0000-000000000000/providers/Microsoft.MarketplaceOrdering/offerTypes/VirtualMachine/publishers/fortinet/offers/fortinet_fortigate-vm_v5/plans/fortinet_fg-vm_payg/agreements/current","name":"fortinet_fg-vm_payg","type":"Microsoft.MarketplaceOrdering/offertypes","properties":{"publisher":"fortinet","product":"fortinet_fortigate-vm_v5","plan":"fortinet_fg-vm_payg","licenseTextLink":"https://storelegalterms.blob.core.windows.net/legalterms/3E5ED_legalterms_FORTINET%253a24FORTINET%253a5FFORTIGATE%253a2DVM%253a5FV5%253a24FORTINET%253a5FFG%253a2DVM%253a5FPAYG%253a245R5VKDQTL7OVGO2KWZHZ3VNZPJD4ETPHJV4N7WFMSNUPPLV4V2ER7MINZUSVSFFMWDS4FJVROM3R3BFSIGXWS6YTVDL6AQZRX7ZXVKQ.txt","privacyPolicyLink":"http://www.fortinet.com/doc/legal/EULA.pdf","retrieveDatetime":"2019-10-17T08:00:54.2154142Z","signature":"BBULMNKCU4UOJYGOSBHYIZFL6VY5YMVVW5P46QPNCFUI5O6IZICZPWKJLAR7GX5FZNFFJZTTAA4QP4UTBOQ5GKEPGBJJZ4DSVRWEBYI","accepted":true}}'
    headers:
      cache-control:
      - no-cache
      content-length:
      - '965'
      content-type:
      - application/json
      dataserviceversion:
      - 5.2.1.538 (AzureUX-Store:master.b56f15ca.191006-0435)
      date:
      - Thu, 17 Oct 2019 08:00:59 GMT
      expires:
      - '-1'
      pragma:
      - no-cache
      server:
      - Microsoft-IIS/8.5
      strict-transport-security:
      - max-age=31536000; includeSubDomains
      transfer-encoding:
      - chunked
      vary:
      - Accept-Encoding,Accept-Encoding
      x-content-type-options:
      - nosniff
    status:
      code: 200
      message: OK
- request:
    body: '{"properties": {"publisher": "fortinet", "product": "fortinet_fortigate-vm_v5",
      "plan": "fortinet_fg-vm_payg", "licenseTextLink": "https://storelegalterms.blob.core.windows.net/legalterms/3E5ED_legalterms_FORTINET%253a24FORTINET%253a5FFORTIGATE%253a2DVM%253a5FV5%253a24FORTINET%253a5FFG%253a2DVM%253a5FPAYG%253a245R5VKDQTL7OVGO2KWZHZ3VNZPJD4ETPHJV4N7WFMSNUPPLV4V2ER7MINZUSVSFFMWDS4FJVROM3R3BFSIGXWS6YTVDL6AQZRX7ZXVKQ.txt",
      "privacyPolicyLink": "http://www.fortinet.com/doc/legal/EULA.pdf", "retrieveDatetime":
      "2019-10-17T08:00:54.2154142Z", "signature": "BBULMNKCU4UOJYGOSBHYIZFL6VY5YMVVW5P46QPNCFUI5O6IZICZPWKJLAR7GX5FZNFFJZTTAA4QP4UTBOQ5GKEPGBJJZ4DSVRWEBYI",
      "accepted": false}}'
    headers:
      Accept:
      - application/json
      Accept-Encoding:
      - gzip, deflate
      CommandName:
      - vm image terms cancel
      Connection:
      - keep-alive
      Content-Length:
      - '681'
      Content-Type:
      - application/json; charset=utf-8
      ParameterSetName:
      - --publisher --offer --plan
      User-Agent:
      - python/3.7.4 (Windows-10-10.0.18362-SP0) msrest/0.6.10 msrest_azure/0.6.2
        azure-mgmt-marketplaceordering/0.2.1 Azure-SDK-For-Python AZURECLI/2.0.75
      accept-language:
      - en-US
    method: PUT
    uri: https://management.azure.com/subscriptions/00000000-0000-0000-0000-000000000000/providers/Microsoft.MarketplaceOrdering/offerTypes/virtualmachine/publishers/fortinet/offers/fortinet_fortigate-vm_v5/plans/fortinet_fg-vm_payg/agreements/current?api-version=2015-06-01
  response:
    body:
      string: '{"id":"/subscriptions/00000000-0000-0000-0000-000000000000/providers/Microsoft.MarketplaceOrdering/offerTypes/Microsoft.MarketplaceOrdering/offertypes/publishers/fortinet/offers/fortinet_fortigate-vm_v5/plans/fortinet_fg-vm_payg/agreements/current","name":"fortinet_fg-vm_payg","type":"Microsoft.MarketplaceOrdering/offertypes","properties":{"publisher":"fortinet","product":"fortinet_fortigate-vm_v5","plan":"fortinet_fg-vm_payg","licenseTextLink":"https://storelegalterms.blob.core.windows.net/legalterms/3E5ED_legalterms_FORTINET%253a24FORTINET%253a5FFORTIGATE%253a2DVM%253a5FV5%253a24FORTINET%253a5FFG%253a2DVM%253a5FPAYG%253a245R5VKDQTL7OVGO2KWZHZ3VNZPJD4ETPHJV4N7WFMSNUPPLV4V2ER7MINZUSVSFFMWDS4FJVROM3R3BFSIGXWS6YTVDL6AQZRX7ZXVKQ.txt","privacyPolicyLink":"http://www.fortinet.com/doc/legal/EULA.pdf","retrieveDatetime":"2019-10-17T08:00:27.3768509Z","signature":"65KNT74HVLN44VPEKT4C23334C23NQPQJYOCC5CFPSVZAYXOPVHYCOKFEMWO4YCOSD24JTA4CGUHU4W6UWTDKOKDBD3UBKGE6DKHBKQ","accepted":false}}'
    headers:
      cache-control:
      - no-cache
      content-length:
      - '992'
      content-type:
      - application/json
      dataserviceversion:
      - 5.2.1.538 (AzureUX-Store:master.b56f15ca.191006-0435)
      date:
      - Thu, 17 Oct 2019 08:01:03 GMT
      expires:
      - '-1'
      pragma:
      - no-cache
      server:
      - Microsoft-IIS/8.5
      strict-transport-security:
      - max-age=31536000; includeSubDomains
      transfer-encoding:
      - chunked
      vary:
      - Accept-Encoding,Accept-Encoding
      x-content-type-options:
      - nosniff
      x-ms-ratelimit-remaining-subscription-writes:
      - '1199'
    status:
      code: 200
      message: OK
- request:
    body: null
    headers:
      Accept:
      - application/json
      Accept-Encoding:
      - gzip, deflate
      CommandName:
      - vm image terms show
      Connection:
      - keep-alive
      ParameterSetName:
      - --publisher --offer --plan
      User-Agent:
      - python/3.7.4 (Windows-10-10.0.18362-SP0) msrest/0.6.10 msrest_azure/0.6.2
        azure-mgmt-marketplaceordering/0.2.1 Azure-SDK-For-Python AZURECLI/2.0.75
      accept-language:
      - en-US
    method: GET
    uri: https://management.azure.com/subscriptions/00000000-0000-0000-0000-000000000000/providers/Microsoft.MarketplaceOrdering/offerTypes/virtualmachine/publishers/fortinet/offers/fortinet_fortigate-vm_v5/plans/fortinet_fg-vm_payg/agreements/current?api-version=2015-06-01
  response:
    body:
      string: '{"id":"/subscriptions/00000000-0000-0000-0000-000000000000/providers/Microsoft.MarketplaceOrdering/offerTypes/VirtualMachine/publishers/fortinet/offers/fortinet_fortigate-vm_v5/plans/fortinet_fg-vm_payg/agreements/current","name":"fortinet_fg-vm_payg","type":"Microsoft.MarketplaceOrdering/offertypes","properties":{"publisher":"fortinet","product":"fortinet_fortigate-vm_v5","plan":"fortinet_fg-vm_payg","licenseTextLink":"https://storelegalterms.blob.core.windows.net/legalterms/3E5ED_legalterms_FORTINET%253a24FORTINET%253a5FFORTIGATE%253a2DVM%253a5FV5%253a24FORTINET%253a5FFG%253a2DVM%253a5FPAYG%253a245R5VKDQTL7OVGO2KWZHZ3VNZPJD4ETPHJV4N7WFMSNUPPLV4V2ER7MINZUSVSFFMWDS4FJVROM3R3BFSIGXWS6YTVDL6AQZRX7ZXVKQ.txt","privacyPolicyLink":"http://www.fortinet.com/doc/legal/EULA.pdf","retrieveDatetime":"2019-10-17T08:01:11.151227Z","signature":"NOWKNYXQVKOE5NNYT4LHON7NZPTRHTZPFDFGVXD7ZAMZFB44BVZO7CX3PQ3WKFHLEBITMVRTRKZ3EKA6FM7YYAIXDPN7CIMKMOADPRI","accepted":false}}'
    headers:
      cache-control:
      - no-cache
      content-length:
      - '965'
      content-type:
      - application/json
      dataserviceversion:
      - 5.2.1.538 (AzureUX-Store:master.b56f15ca.191006-0435)
      date:
      - Thu, 17 Oct 2019 08:01:16 GMT
      expires:
      - '-1'
      pragma:
      - no-cache
      server:
      - Microsoft-IIS/8.5
      strict-transport-security:
      - max-age=31536000; includeSubDomains
      transfer-encoding:
      - chunked
      vary:
      - Accept-Encoding,Accept-Encoding
      x-content-type-options:
      - nosniff
    status:
      code: 200
      message: OK
version: 1
