interactions:
- request:
    body: null
    headers:
      Accept:
      - application/json
      Accept-Encoding:
      - gzip, deflate
      CommandName:
      - role assignment create
      Connection:
      - keep-alive
      ParameterSetName:
      - --assignee --role --scope
      User-Agent:
      - python/3.8.2 (Windows-10-10.0.18362-SP0) msrest/0.6.11 msrest_azure/0.6.3
        azure-mgmt-authorization/0.52.0 Azure-SDK-For-Python AZURECLI/2.2.0
      accept-language:
      - en-US
    method: GET
    uri: https://management.azure.com/subscriptions/00000000-0000-0000-0000-000000000000/resourceGroups/img_tmpl_basic_2000001/providers/Microsoft.Authorization/roleDefinitions?$filter=roleName%20eq%20%27Contributor%27&api-version=2018-01-01-preview
  response:
    body:
      string: '{"value":[{"properties":{"roleName":"Contributor","type":"BuiltInRole","description":"Lets
        you manage everything except access to resources.","assignableScopes":["/"],"permissions":[{"actions":["*"],"notActions":["Microsoft.Authorization/*/Delete","Microsoft.Authorization/*/Write","Microsoft.Authorization/elevateAccess/Action","Microsoft.Blueprint/blueprintAssignments/write","Microsoft.Blueprint/blueprintAssignments/delete"],"dataActions":[],"notDataActions":[]}],"createdOn":"2015-02-02T21:55:09.8806423Z","updatedOn":"2019-02-05T21:24:38.4580610Z","createdBy":null,"updatedBy":null},"id":"/subscriptions/00000000-0000-0000-0000-000000000000/providers/Microsoft.Authorization/roleDefinitions/b24988ac-6180-42a0-ab88-20f7382dd24c","type":"Microsoft.Authorization/roleDefinitions","name":"b24988ac-6180-42a0-ab88-20f7382dd24c"}]}'
    headers:
      cache-control:
      - no-cache
      content-length:
      - '832'
      content-type:
      - application/json; charset=utf-8
      date:
      - Thu, 26 Mar 2020 13:06:12 GMT
      expires:
      - '-1'
      pragma:
      - no-cache
      set-cookie:
      - x-ms-gateway-slice=Production; path=/; SameSite=None; secure; HttpOnly
      strict-transport-security:
      - max-age=31536000; includeSubDomains
      transfer-encoding:
      - chunked
      vary:
      - Accept-Encoding
      x-content-type-options:
      - nosniff
    status:
      code: 200
      message: OK
- request:
    body: null
    headers:
      Accept:
      - application/json
      Accept-Encoding:
      - gzip, deflate
      CommandName:
      - role assignment create
      Connection:
      - keep-alive
      ParameterSetName:
      - --assignee --role --scope
      User-Agent:
      - python/3.8.2 (Windows-10-10.0.18362-SP0) msrest/0.6.11 msrest_azure/0.6.3
        azure-graphrbac/0.60.0 Azure-SDK-For-Python AZURECLI/2.2.0
      accept-language:
      - en-US
    method: GET
    uri: https://graph.windows.net/00000000-0000-0000-0000-000000000000/servicePrincipals?$filter=servicePrincipalNames%2Fany%28c%3Ac%20eq%20%27cf32a0cc-373c-47c9-9156-0db11f6a6dfc%27%29&api-version=1.6
  response:
    body:
      string: '{"odata.metadata":"https://graph.windows.net/00000000-0000-0000-0000-000000000000/$metadata#directoryObjects","value":[{"odata.type":"Microsoft.DirectoryServices.ServicePrincipal","objectType":"ServicePrincipal","objectId":"6d61a178-3216-4ba7-bdc3-0fbc62b65ac9","deletionTimestamp":null,"accountEnabled":true,"addIns":[],"alternativeNames":[],"appDisplayName":"Azure
        Virtual Machine Image Builder","appId":"cf32a0cc-373c-47c9-9156-0db11f6a6dfc","applicationTemplateId":null,"appOwnerTenantId":"f8cdef31-a31e-4b4a-93e4-5f571e91255a","appRoleAssignmentRequired":false,"appRoles":[],"displayName":"Azure
        Virtual Machine Image Builder","errorUrl":null,"homepage":null,"informationalUrls":{"termsOfService":null,"support":null,"privacy":null,"marketing":null},"keyCredentials":[],"logoutUrl":null,"notificationEmailAddresses":[],"oauth2Permissions":[],"passwordCredentials":[],"preferredSingleSignOnMode":null,"preferredTokenSigningKeyEndDateTime":null,"preferredTokenSigningKeyThumbprint":null,"publisherName":"Microsoft
        Services","replyUrls":[],"samlMetadataUrl":null,"samlSingleSignOnSettings":null,"servicePrincipalNames":["cf32a0cc-373c-47c9-9156-0db11f6a6dfc"],"servicePrincipalType":"Application","signInAudience":"AzureADMultipleOrgs","tags":[],"tokenEncryptionKeyId":null}]}'
    headers:
      access-control-allow-origin:
      - '*'
      cache-control:
      - no-cache
      content-length:
      - '1278'
      content-type:
      - application/json; odata=minimalmetadata; streaming=true; charset=utf-8
      dataserviceversion:
      - 3.0;
      date:
      - Thu, 26 Mar 2020 13:06:14 GMT
      duration:
      - '2545570'
      expires:
      - '-1'
      ocp-aad-diagnostics-server-name:
      - xF2F9JJR2gKTTnTiC05lgFjL+8Vox+7jNs4YR5a3MAo=
      ocp-aad-session-key:
      - jyvatTRnpD0yNOjnTvJlXTbVaPhkMKLCN4MO6u315tUo7o-HjnUgp8YX2RwHnzqR_qFbEsGKTPY2as37lSq-dHzwPxViZnwGdO83oCmxR2HSnSHMH08u17_PIRMeoZkq.Kow0gVqZS2pbSWQesqbXyabYAZQrToXOnh702llW6KY
      pragma:
      - no-cache
      request-id:
      - f19ef490-9de4-46bd-9eb9-1ab35a0add97
      strict-transport-security:
      - max-age=31536000; includeSubDomains
      x-aspnet-version:
      - 4.0.30319
      x-ms-dirapi-data-contract-version:
      - '1.6'
      x-powered-by:
      - ASP.NET
    status:
      code: 200
      message: OK
- request:
    body: '{"properties": {"roleDefinitionId": "/subscriptions/00000000-0000-0000-0000-000000000000/providers/Microsoft.Authorization/roleDefinitions/b24988ac-6180-42a0-ab88-20f7382dd24c",
      "principalId": "6d61a178-3216-4ba7-bdc3-0fbc62b65ac9"}}'
    headers:
      Accept:
      - application/json
      Accept-Encoding:
      - gzip, deflate
      CommandName:
      - role assignment create
      Connection:
      - keep-alive
      Content-Length:
      - '233'
      Content-Type:
      - application/json; charset=utf-8
      Cookie:
      - x-ms-gateway-slice=Production
      ParameterSetName:
      - --assignee --role --scope
      User-Agent:
      - python/3.8.2 (Windows-10-10.0.18362-SP0) msrest/0.6.11 msrest_azure/0.6.3
        azure-mgmt-authorization/0.52.0 Azure-SDK-For-Python AZURECLI/2.2.0
      accept-language:
      - en-US
    method: PUT
    uri: https://management.azure.com/subscriptions/00000000-0000-0000-0000-000000000000/resourceGroups/img_tmpl_basic_2000001/providers/Microsoft.Authorization/roleAssignments/f6418e56-b6e0-4d34-916e-61ecf1f1ffa7?api-version=2018-09-01-preview
  response:
    body:
      string: '{"properties":{"roleDefinitionId":"/subscriptions/00000000-0000-0000-0000-000000000000/providers/Microsoft.Authorization/roleDefinitions/b24988ac-6180-42a0-ab88-20f7382dd24c","principalId":"6d61a178-3216-4ba7-bdc3-0fbc62b65ac9","principalType":"ServicePrincipal","scope":"/subscriptions/00000000-0000-0000-0000-000000000000/resourceGroups/img_tmpl_basic_2000001","createdOn":"2020-03-26T13:06:15.7434724Z","updatedOn":"2020-03-26T13:06:15.7434724Z","createdBy":null,"updatedBy":"b5ed59e8-f00d-4396-af62-8297e36d8b52"},"id":"/subscriptions/00000000-0000-0000-0000-000000000000/resourceGroups/img_tmpl_basic_2000001/providers/Microsoft.Authorization/roleAssignments/f6418e56-b6e0-4d34-916e-61ecf1f1ffa7","type":"Microsoft.Authorization/roleAssignments","name":"f6418e56-b6e0-4d34-916e-61ecf1f1ffa7"}'
    headers:
      cache-control:
      - no-cache
      content-length:
      - '903'
      content-type:
      - application/json; charset=utf-8
      date:
      - Thu, 26 Mar 2020 13:06:19 GMT
      expires:
      - '-1'
      pragma:
      - no-cache
      set-cookie:
      - x-ms-gateway-slice=Production; path=/; secure; HttpOnly; SameSite=None
      strict-transport-security:
      - max-age=31536000; includeSubDomains
      x-content-type-options:
      - nosniff
      x-ms-ratelimit-remaining-subscription-writes:
      - '1197'
    status:
      code: 201
      message: Created
- request:
    body: null
    headers:
      Accept:
      - application/json
      Accept-Encoding:
      - gzip, deflate
      CommandName:
      - sig create
      Connection:
      - keep-alive
      ParameterSetName:
      - -g --gallery-name
      User-Agent:
      - python/3.8.2 (Windows-10-10.0.18362-SP0) msrest/0.6.11 msrest_azure/0.6.3
        azure-mgmt-resource/8.0.1 Azure-SDK-For-Python AZURECLI/2.2.0
      accept-language:
      - en-US
    method: GET
    uri: https://management.azure.com/subscriptions/00000000-0000-0000-0000-000000000000/resourcegroups/img_tmpl_basic_2000001?api-version=2019-07-01
  response:
    body:
      string: '{"id":"/subscriptions/00000000-0000-0000-0000-000000000000/resourceGroups/img_tmpl_basic_2000001","name":"img_tmpl_basic_2000001","type":"Microsoft.Resources/resourceGroups","location":"westus2","tags":{"product":"azurecli","cause":"automation","date":"2020-03-26T13:06:02Z","StorageType":"Standard_LRS","type":"test"},"properties":{"provisioningState":"Succeeded"}}'
    headers:
      cache-control:
      - no-cache
      content-length:
      - '472'
      content-type:
      - application/json; charset=utf-8
      date:
      - Thu, 26 Mar 2020 13:06:20 GMT
      expires:
      - '-1'
      pragma:
      - no-cache
      strict-transport-security:
      - max-age=31536000; includeSubDomains
      vary:
      - Accept-Encoding
      x-content-type-options:
      - nosniff
    status:
      code: 200
      message: OK
- request:
    body: '{"location": "westus2", "tags": {}}'
    headers:
      Accept:
      - application/json
      Accept-Encoding:
      - gzip, deflate
      CommandName:
      - sig create
      Connection:
      - keep-alive
      Content-Length:
      - '35'
      Content-Type:
      - application/json; charset=utf-8
      ParameterSetName:
      - -g --gallery-name
      User-Agent:
      - python/3.8.2 (Windows-10-10.0.18362-SP0) msrest/0.6.11 msrest_azure/0.6.3
        azure-mgmt-compute/12.0.0 Azure-SDK-For-Python AZURECLI/2.2.0
      accept-language:
      - en-US
    method: PUT
    uri: https://management.azure.com/subscriptions/00000000-0000-0000-0000-000000000000/resourceGroups/img_tmpl_basic_2000001/providers/Microsoft.Compute/galleries/sig1000002?api-version=2019-07-01
  response:
    body:
      string: "{\r\n  \"name\": \"sig1000002\",\r\n  \"id\": \"/subscriptions/00000000-0000-0000-0000-000000000000/resourceGroups/img_tmpl_basic_2000001/providers/Microsoft.Compute/galleries/sig1000002\",\r\n
        \ \"type\": \"Microsoft.Compute/galleries\",\r\n  \"location\": \"westus2\",\r\n
        \ \"tags\": {},\r\n  \"properties\": {\r\n    \"identifier\": {\r\n      \"uniqueName\":
        \"0b1f6471-1bf0-4dda-aec3-cb9272f09590-SIG1E7ZPWS\"\r\n    },\r\n    \"provisioningState\":
        \"Creating\"\r\n  }\r\n}"
    headers:
      azure-asyncoperation:
      - https://management.azure.com/subscriptions/00000000-0000-0000-0000-000000000000/providers/Microsoft.Compute/locations/westus2/capsOperations/fb7880a4-f860-442b-bcfc-ad44c4b93a6c?api-version=2019-07-01
      cache-control:
      - no-cache
      content-length:
      - '477'
      content-type:
      - application/json; charset=utf-8
      date:
      - Thu, 26 Mar 2020 13:06:25 GMT
      expires:
      - '-1'
      pragma:
      - no-cache
      server:
      - Microsoft-HTTPAPI/2.0
      - Microsoft-HTTPAPI/2.0
      strict-transport-security:
      - max-age=31536000; includeSubDomains
      x-content-type-options:
      - nosniff
      x-ms-ratelimit-remaining-resource:
      - Microsoft.Compute/CreateUpdateGallery3Min;49,Microsoft.Compute/CreateUpdateGallery30Min;299
      x-ms-ratelimit-remaining-subscription-writes:
      - '1179'
    status:
      code: 201
      message: Created
- request:
    body: null
    headers:
      Accept:
      - application/json
      Accept-Encoding:
      - gzip, deflate
      CommandName:
      - sig create
      Connection:
      - keep-alive
      ParameterSetName:
      - -g --gallery-name
      User-Agent:
      - python/3.8.2 (Windows-10-10.0.18362-SP0) msrest/0.6.11 msrest_azure/0.6.3
        azure-mgmt-compute/12.0.0 Azure-SDK-For-Python AZURECLI/2.2.0
    method: GET
    uri: https://management.azure.com/subscriptions/00000000-0000-0000-0000-000000000000/providers/Microsoft.Compute/locations/westus2/capsOperations/fb7880a4-f860-442b-bcfc-ad44c4b93a6c?api-version=2019-07-01
  response:
    body:
      string: "{\r\n  \"startTime\": \"2020-03-26T13:06:25.4133993+00:00\",\r\n  \"endTime\":
        \"2020-03-26T13:06:25.7415291+00:00\",\r\n  \"status\": \"Succeeded\",\r\n
        \ \"name\": \"fb7880a4-f860-442b-bcfc-ad44c4b93a6c\"\r\n}"
    headers:
      cache-control:
      - no-cache
      content-length:
      - '184'
      content-type:
      - application/json; charset=utf-8
      date:
      - Thu, 26 Mar 2020 13:06:56 GMT
      expires:
      - '-1'
      pragma:
      - no-cache
      server:
      - Microsoft-HTTPAPI/2.0
      - Microsoft-HTTPAPI/2.0
      strict-transport-security:
      - max-age=31536000; includeSubDomains
      transfer-encoding:
      - chunked
      vary:
      - Accept-Encoding
      x-content-type-options:
      - nosniff
      x-ms-ratelimit-remaining-resource:
      - Microsoft.Compute/GetOperationStatus3Min;1198,Microsoft.Compute/GetOperationStatus30Min;2398
    status:
      code: 200
      message: OK
- request:
    body: null
    headers:
      Accept:
      - application/json
      Accept-Encoding:
      - gzip, deflate
      CommandName:
      - sig create
      Connection:
      - keep-alive
      ParameterSetName:
      - -g --gallery-name
      User-Agent:
      - python/3.8.2 (Windows-10-10.0.18362-SP0) msrest/0.6.11 msrest_azure/0.6.3
        azure-mgmt-compute/12.0.0 Azure-SDK-For-Python AZURECLI/2.2.0
    method: GET
    uri: https://management.azure.com/subscriptions/00000000-0000-0000-0000-000000000000/resourceGroups/img_tmpl_basic_2000001/providers/Microsoft.Compute/galleries/sig1000002?api-version=2019-07-01
  response:
    body:
      string: "{\r\n  \"name\": \"sig1000002\",\r\n  \"id\": \"/subscriptions/00000000-0000-0000-0000-000000000000/resourceGroups/img_tmpl_basic_2000001/providers/Microsoft.Compute/galleries/sig1000002\",\r\n
        \ \"type\": \"Microsoft.Compute/galleries\",\r\n  \"location\": \"westus2\",\r\n
        \ \"tags\": {},\r\n  \"properties\": {\r\n    \"identifier\": {\r\n      \"uniqueName\":
        \"0b1f6471-1bf0-4dda-aec3-cb9272f09590-SIG1E7ZPWS\"\r\n    },\r\n    \"provisioningState\":
        \"Succeeded\"\r\n  }\r\n}"
    headers:
      cache-control:
      - no-cache
      content-length:
      - '478'
      content-type:
      - application/json; charset=utf-8
      date:
      - Thu, 26 Mar 2020 13:06:57 GMT
      expires:
      - '-1'
      pragma:
      - no-cache
      server:
      - Microsoft-HTTPAPI/2.0
      - Microsoft-HTTPAPI/2.0
      strict-transport-security:
      - max-age=31536000; includeSubDomains
      transfer-encoding:
      - chunked
      vary:
      - Accept-Encoding
      x-content-type-options:
      - nosniff
      x-ms-ratelimit-remaining-resource:
      - Microsoft.Compute/GetGallery3Min;296,Microsoft.Compute/GetGallery30Min;1994
    status:
      code: 200
      message: OK
- request:
    body: null
    headers:
      Accept:
      - application/json
      Accept-Encoding:
      - gzip, deflate
      CommandName:
      - sig image-definition create
      Connection:
      - keep-alive
      ParameterSetName:
      - -g --gallery-name --gallery-image-definition --os-type -p -f -s
      User-Agent:
      - python/3.8.2 (Windows-10-10.0.18362-SP0) msrest/0.6.11 msrest_azure/0.6.3
        azure-mgmt-resource/8.0.1 Azure-SDK-For-Python AZURECLI/2.2.0
      accept-language:
      - en-US
    method: GET
    uri: https://management.azure.com/subscriptions/00000000-0000-0000-0000-000000000000/resourcegroups/img_tmpl_basic_2000001?api-version=2019-07-01
  response:
    body:
      string: '{"id":"/subscriptions/00000000-0000-0000-0000-000000000000/resourceGroups/img_tmpl_basic_2000001","name":"img_tmpl_basic_2000001","type":"Microsoft.Resources/resourceGroups","location":"westus2","tags":{"product":"azurecli","cause":"automation","date":"2020-03-26T13:06:02Z","StorageType":"Standard_LRS","type":"test"},"properties":{"provisioningState":"Succeeded"}}'
    headers:
      cache-control:
      - no-cache
      content-length:
      - '472'
      content-type:
      - application/json; charset=utf-8
      date:
      - Thu, 26 Mar 2020 13:06:59 GMT
      expires:
      - '-1'
      pragma:
      - no-cache
      strict-transport-security:
      - max-age=31536000; includeSubDomains
      vary:
      - Accept-Encoding
      x-content-type-options:
      - nosniff
    status:
      code: 200
      message: OK
- request:
    body: '{"location": "westus2", "tags": {}, "properties": {"osType": "Linux", "osState":
      "Generalized", "hyperVGeneration": "V1", "identifier": {"publisher": "publisher1",
      "offer": "offer1", "sku": "sku1"}, "disallowed": {}}}'
    headers:
      Accept:
      - application/json
      Accept-Encoding:
      - gzip, deflate
      CommandName:
      - sig image-definition create
      Connection:
      - keep-alive
      Content-Length:
      - '217'
      Content-Type:
      - application/json; charset=utf-8
      ParameterSetName:
      - -g --gallery-name --gallery-image-definition --os-type -p -f -s
      User-Agent:
      - python/3.8.2 (Windows-10-10.0.18362-SP0) msrest/0.6.11 msrest_azure/0.6.3
        azure-mgmt-compute/12.0.0 Azure-SDK-For-Python AZURECLI/2.2.0
      accept-language:
      - en-US
    method: PUT
    uri: https://management.azure.com/subscriptions/00000000-0000-0000-0000-000000000000/resourceGroups/img_tmpl_basic_2000001/providers/Microsoft.Compute/galleries/sig1000002/images/image1?api-version=2019-07-01
  response:
    body:
      string: "{\r\n  \"name\": \"image1\",\r\n  \"id\": \"/subscriptions/00000000-0000-0000-0000-000000000000/resourceGroups/img_tmpl_basic_2000001/providers/Microsoft.Compute/galleries/sig1000002/images/image1\",\r\n
        \ \"type\": \"Microsoft.Compute/galleries/images\",\r\n  \"location\": \"westus2\",\r\n
        \ \"tags\": {},\r\n  \"properties\": {\r\n    \"hyperVGeneration\": \"V1\",\r\n
        \   \"osType\": \"Linux\",\r\n    \"osState\": \"Generalized\",\r\n    \"identifier\":
        {\r\n      \"publisher\": \"publisher1\",\r\n      \"offer\": \"offer1\",\r\n
        \     \"sku\": \"sku1\"\r\n    },\r\n    \"provisioningState\": \"Creating\"\r\n
        \ }\r\n}"
    headers:
      azure-asyncoperation:
      - https://management.azure.com/subscriptions/00000000-0000-0000-0000-000000000000/providers/Microsoft.Compute/locations/westus2/capsOperations/b4a3f819-1163-4c36-bd0a-4f4d7c287d0f?api-version=2019-07-01
      cache-control:
      - no-cache
      content-length:
      - '590'
      content-type:
      - application/json; charset=utf-8
      date:
      - Thu, 26 Mar 2020 13:07:05 GMT
      expires:
      - '-1'
      pragma:
      - no-cache
      server:
      - Microsoft-HTTPAPI/2.0
      - Microsoft-HTTPAPI/2.0
      strict-transport-security:
      - max-age=31536000; includeSubDomains
      x-content-type-options:
      - nosniff
      x-ms-ratelimit-remaining-resource:
      - Microsoft.Compute/CreateUpdateGalleryImage3Min;149,Microsoft.Compute/CreateUpdateGalleryImage30Min;749
      x-ms-ratelimit-remaining-subscription-writes:
      - '1179'
    status:
      code: 201
      message: Created
- request:
    body: null
    headers:
      Accept:
      - application/json
      Accept-Encoding:
      - gzip, deflate
      CommandName:
      - sig image-definition create
      Connection:
      - keep-alive
      ParameterSetName:
      - -g --gallery-name --gallery-image-definition --os-type -p -f -s
      User-Agent:
      - python/3.8.2 (Windows-10-10.0.18362-SP0) msrest/0.6.11 msrest_azure/0.6.3
        azure-mgmt-compute/12.0.0 Azure-SDK-For-Python AZURECLI/2.2.0
    method: GET
    uri: https://management.azure.com/subscriptions/00000000-0000-0000-0000-000000000000/providers/Microsoft.Compute/locations/westus2/capsOperations/b4a3f819-1163-4c36-bd0a-4f4d7c287d0f?api-version=2019-07-01
  response:
    body:
      string: "{\r\n  \"startTime\": \"2020-03-26T13:07:04.4915521+00:00\",\r\n  \"endTime\":
        \"2020-03-26T13:07:04.679038+00:00\",\r\n  \"status\": \"Succeeded\",\r\n
        \ \"name\": \"b4a3f819-1163-4c36-bd0a-4f4d7c287d0f\"\r\n}"
    headers:
      cache-control:
      - no-cache
      content-length:
      - '183'
      content-type:
      - application/json; charset=utf-8
      date:
      - Thu, 26 Mar 2020 13:07:36 GMT
      expires:
      - '-1'
      pragma:
      - no-cache
      server:
      - Microsoft-HTTPAPI/2.0
      - Microsoft-HTTPAPI/2.0
      strict-transport-security:
      - max-age=31536000; includeSubDomains
      transfer-encoding:
      - chunked
      vary:
      - Accept-Encoding
      x-content-type-options:
      - nosniff
      x-ms-ratelimit-remaining-resource:
      - Microsoft.Compute/GetOperationStatus3Min;1196,Microsoft.Compute/GetOperationStatus30Min;2396
    status:
      code: 200
      message: OK
- request:
    body: null
    headers:
      Accept:
      - application/json
      Accept-Encoding:
      - gzip, deflate
      CommandName:
      - sig image-definition create
      Connection:
      - keep-alive
      ParameterSetName:
      - -g --gallery-name --gallery-image-definition --os-type -p -f -s
      User-Agent:
      - python/3.8.2 (Windows-10-10.0.18362-SP0) msrest/0.6.11 msrest_azure/0.6.3
        azure-mgmt-compute/12.0.0 Azure-SDK-For-Python AZURECLI/2.2.0
    method: GET
    uri: https://management.azure.com/subscriptions/00000000-0000-0000-0000-000000000000/resourceGroups/img_tmpl_basic_2000001/providers/Microsoft.Compute/galleries/sig1000002/images/image1?api-version=2019-07-01
  response:
    body:
      string: "{\r\n  \"name\": \"image1\",\r\n  \"id\": \"/subscriptions/00000000-0000-0000-0000-000000000000/resourceGroups/img_tmpl_basic_2000001/providers/Microsoft.Compute/galleries/sig1000002/images/image1\",\r\n
        \ \"type\": \"Microsoft.Compute/galleries/images\",\r\n  \"location\": \"westus2\",\r\n
        \ \"tags\": {},\r\n  \"properties\": {\r\n    \"hyperVGeneration\": \"V1\",\r\n
        \   \"osType\": \"Linux\",\r\n    \"osState\": \"Generalized\",\r\n    \"identifier\":
        {\r\n      \"publisher\": \"publisher1\",\r\n      \"offer\": \"offer1\",\r\n
        \     \"sku\": \"sku1\"\r\n    },\r\n    \"provisioningState\": \"Succeeded\"\r\n
        \ }\r\n}"
    headers:
      cache-control:
      - no-cache
      content-length:
      - '591'
      content-type:
      - application/json; charset=utf-8
      date:
      - Thu, 26 Mar 2020 13:07:36 GMT
      expires:
      - '-1'
      pragma:
      - no-cache
      server:
      - Microsoft-HTTPAPI/2.0
      - Microsoft-HTTPAPI/2.0
      strict-transport-security:
      - max-age=31536000; includeSubDomains
      transfer-encoding:
      - chunked
      vary:
      - Accept-Encoding
      x-content-type-options:
      - nosniff
      x-ms-ratelimit-remaining-resource:
      - Microsoft.Compute/GetGalleryImage3Min;296,Microsoft.Compute/GetGalleryImage30Min;1994
    status:
      code: 200
      message: OK
- request:
    body: null
    headers:
      Accept:
      - application/json
      Accept-Encoding:
      - gzip, deflate
      CommandName:
      - image builder create
      Connection:
      - keep-alive
      ParameterSetName:
      - -n -g --scripts --image-source --shared-image-destinations
      User-Agent:
      - python/3.8.2 (Windows-10-10.0.18362-SP0) msrest/0.6.11 msrest_azure/0.6.3
        azure-mgmt-resource/8.0.1 Azure-SDK-For-Python AZURECLI/2.2.0
      accept-language:
      - en-US
    method: GET
    uri: https://management.azure.com/subscriptions/00000000-0000-0000-0000-000000000000/resourcegroups/img_tmpl_basic_2000001?api-version=2019-07-01
  response:
    body:
      string: '{"id":"/subscriptions/00000000-0000-0000-0000-000000000000/resourceGroups/img_tmpl_basic_2000001","name":"img_tmpl_basic_2000001","type":"Microsoft.Resources/resourceGroups","location":"westus2","tags":{"product":"azurecli","cause":"automation","date":"2020-03-26T13:06:02Z","StorageType":"Standard_LRS","type":"test"},"properties":{"provisioningState":"Succeeded"}}'
    headers:
      cache-control:
      - no-cache
      content-length:
      - '472'
      content-type:
      - application/json; charset=utf-8
      date:
      - Thu, 26 Mar 2020 13:07:37 GMT
      expires:
      - '-1'
      pragma:
      - no-cache
      strict-transport-security:
      - max-age=31536000; includeSubDomains
      vary:
      - Accept-Encoding
      x-content-type-options:
      - nosniff
    status:
      code: 200
      message: OK
- request:
    body: null
    headers:
      Accept:
      - application/json
      Accept-Encoding:
      - gzip, deflate
      CommandName:
      - image builder create
      Connection:
      - keep-alive
      ParameterSetName:
      - -n -g --scripts --image-source --shared-image-destinations
      User-Agent:
      - python/3.8.2 (Windows-10-10.0.18362-SP0) msrest/0.6.11 msrest_azure/0.6.3
        azure-mgmt-resource/8.0.1 Azure-SDK-For-Python AZURECLI/2.2.0
      accept-language:
      - en-US
    method: GET
    uri: https://management.azure.com/subscriptions/00000000-0000-0000-0000-000000000000/locations?api-version=2019-06-01
  response:
    body:
      string: '{"value":[{"id":"/subscriptions/00000000-0000-0000-0000-000000000000/locations/eastasia","name":"eastasia","displayName":"East
        Asia","longitude":"114.188","latitude":"22.267"},{"id":"/subscriptions/00000000-0000-0000-0000-000000000000/locations/southeastasia","name":"southeastasia","displayName":"Southeast
        Asia","longitude":"103.833","latitude":"1.283"},{"id":"/subscriptions/00000000-0000-0000-0000-000000000000/locations/centralus","name":"centralus","displayName":"Central
        US","longitude":"-93.6208","latitude":"41.5908"},{"id":"/subscriptions/00000000-0000-0000-0000-000000000000/locations/eastus","name":"eastus","displayName":"East
        US","longitude":"-79.8164","latitude":"37.3719"},{"id":"/subscriptions/00000000-0000-0000-0000-000000000000/locations/eastus2","name":"eastus2","displayName":"East
        US 2","longitude":"-78.3889","latitude":"36.6681"},{"id":"/subscriptions/00000000-0000-0000-0000-000000000000/locations/westus","name":"westus","displayName":"West
        US","longitude":"-122.417","latitude":"37.783"},{"id":"/subscriptions/00000000-0000-0000-0000-000000000000/locations/northcentralus","name":"northcentralus","displayName":"North
        Central US","longitude":"-87.6278","latitude":"41.8819"},{"id":"/subscriptions/00000000-0000-0000-0000-000000000000/locations/southcentralus","name":"southcentralus","displayName":"South
        Central US","longitude":"-98.5","latitude":"29.4167"},{"id":"/subscriptions/00000000-0000-0000-0000-000000000000/locations/northeurope","name":"northeurope","displayName":"North
        Europe","longitude":"-6.2597","latitude":"53.3478"},{"id":"/subscriptions/00000000-0000-0000-0000-000000000000/locations/westeurope","name":"westeurope","displayName":"West
        Europe","longitude":"4.9","latitude":"52.3667"},{"id":"/subscriptions/00000000-0000-0000-0000-000000000000/locations/japanwest","name":"japanwest","displayName":"Japan
        West","longitude":"135.5022","latitude":"34.6939"},{"id":"/subscriptions/00000000-0000-0000-0000-000000000000/locations/japaneast","name":"japaneast","displayName":"Japan
        East","longitude":"139.77","latitude":"35.68"},{"id":"/subscriptions/00000000-0000-0000-0000-000000000000/locations/brazilsouth","name":"brazilsouth","displayName":"Brazil
        South","longitude":"-46.633","latitude":"-23.55"},{"id":"/subscriptions/00000000-0000-0000-0000-000000000000/locations/australiaeast","name":"australiaeast","displayName":"Australia
        East","longitude":"151.2094","latitude":"-33.86"},{"id":"/subscriptions/00000000-0000-0000-0000-000000000000/locations/australiasoutheast","name":"australiasoutheast","displayName":"Australia
        Southeast","longitude":"144.9631","latitude":"-37.8136"},{"id":"/subscriptions/00000000-0000-0000-0000-000000000000/locations/southindia","name":"southindia","displayName":"South
        India","longitude":"80.1636","latitude":"12.9822"},{"id":"/subscriptions/00000000-0000-0000-0000-000000000000/locations/centralindia","name":"centralindia","displayName":"Central
        India","longitude":"73.9197","latitude":"18.5822"},{"id":"/subscriptions/00000000-0000-0000-0000-000000000000/locations/westindia","name":"westindia","displayName":"West
        India","longitude":"72.868","latitude":"19.088"},{"id":"/subscriptions/00000000-0000-0000-0000-000000000000/locations/canadacentral","name":"canadacentral","displayName":"Canada
        Central","longitude":"-79.383","latitude":"43.653"},{"id":"/subscriptions/00000000-0000-0000-0000-000000000000/locations/canadaeast","name":"canadaeast","displayName":"Canada
        East","longitude":"-71.217","latitude":"46.817"},{"id":"/subscriptions/00000000-0000-0000-0000-000000000000/locations/uksouth","name":"uksouth","displayName":"UK
        South","longitude":"-0.799","latitude":"50.941"},{"id":"/subscriptions/00000000-0000-0000-0000-000000000000/locations/ukwest","name":"ukwest","displayName":"UK
        West","longitude":"-3.084","latitude":"53.427"},{"id":"/subscriptions/00000000-0000-0000-0000-000000000000/locations/westcentralus","name":"westcentralus","displayName":"West
        Central US","longitude":"-110.234","latitude":"40.890"},{"id":"/subscriptions/00000000-0000-0000-0000-000000000000/locations/westus2","name":"westus2","displayName":"West
        US 2","longitude":"-119.852","latitude":"47.233"},{"id":"/subscriptions/00000000-0000-0000-0000-000000000000/locations/koreacentral","name":"koreacentral","displayName":"Korea
        Central","longitude":"126.9780","latitude":"37.5665"},{"id":"/subscriptions/00000000-0000-0000-0000-000000000000/locations/koreasouth","name":"koreasouth","displayName":"Korea
        South","longitude":"129.0756","latitude":"35.1796"},{"id":"/subscriptions/00000000-0000-0000-0000-000000000000/locations/francecentral","name":"francecentral","displayName":"France
        Central","longitude":"2.3730","latitude":"46.3772"},{"id":"/subscriptions/00000000-0000-0000-0000-000000000000/locations/francesouth","name":"francesouth","displayName":"France
        South","longitude":"2.1972","latitude":"43.8345"},{"id":"/subscriptions/00000000-0000-0000-0000-000000000000/locations/australiacentral","name":"australiacentral","displayName":"Australia
        Central","longitude":"149.1244","latitude":"-35.3075"},{"id":"/subscriptions/00000000-0000-0000-0000-000000000000/locations/australiacentral2","name":"australiacentral2","displayName":"Australia
        Central 2","longitude":"149.1244","latitude":"-35.3075"},{"id":"/subscriptions/00000000-0000-0000-0000-000000000000/locations/uaecentral","name":"uaecentral","displayName":"UAE
        Central","longitude":"54.366669","latitude":"24.466667"},{"id":"/subscriptions/00000000-0000-0000-0000-000000000000/locations/uaenorth","name":"uaenorth","displayName":"UAE
        North","longitude":"55.316666","latitude":"25.266666"},{"id":"/subscriptions/00000000-0000-0000-0000-000000000000/locations/southafricanorth","name":"southafricanorth","displayName":"South
        Africa North","longitude":"28.218370","latitude":"-25.731340"},{"id":"/subscriptions/00000000-0000-0000-0000-000000000000/locations/southafricawest","name":"southafricawest","displayName":"South
        Africa West","longitude":"18.843266","latitude":"-34.075691"},{"id":"/subscriptions/00000000-0000-0000-0000-000000000000/locations/switzerlandnorth","name":"switzerlandnorth","displayName":"Switzerland
        North","longitude":"8.564572","latitude":"47.451542"},{"id":"/subscriptions/00000000-0000-0000-0000-000000000000/locations/switzerlandwest","name":"switzerlandwest","displayName":"Switzerland
        West","longitude":"6.143158","latitude":"46.204391"},{"id":"/subscriptions/00000000-0000-0000-0000-000000000000/locations/germanynorth","name":"germanynorth","displayName":"Germany
        North","longitude":"8.806422","latitude":"53.073635"},{"id":"/subscriptions/00000000-0000-0000-0000-000000000000/locations/germanywestcentral","name":"germanywestcentral","displayName":"Germany
        West Central","longitude":"8.682127","latitude":"50.110924"},{"id":"/subscriptions/00000000-0000-0000-0000-000000000000/locations/norwaywest","name":"norwaywest","displayName":"Norway
        West","longitude":"5.733107","latitude":"58.969975"},{"id":"/subscriptions/00000000-0000-0000-0000-000000000000/locations/norwayeast","name":"norwayeast","displayName":"Norway
        East","longitude":"10.752245","latitude":"59.913868"}]}'
    headers:
      cache-control:
      - no-cache
      content-length:
      - '7129'
      content-type:
      - application/json; charset=utf-8
      date:
      - Thu, 26 Mar 2020 13:07:38 GMT
      expires:
      - '-1'
      pragma:
      - no-cache
      strict-transport-security:
      - max-age=31536000; includeSubDomains
      vary:
      - Accept-Encoding
      x-content-type-options:
      - nosniff
    status:
      code: 200
      message: OK
- request:
    body: 'b''{"location": "westus2", "tags": {}, "properties": {"source": {"type":
      "PlatformImage", "publisher": "Canonical", "offer": "UbuntuServer", "sku": "18.04-LTS",
      "version": "18.04.201808140"}, "customize": [{"name": "customizeScript.sh",
      "type": "Shell", "scriptUri": "https://raw.githubusercontent.com/danielsollondon/azvmimagebuilder/master/quickquickstarts/customizeScript.sh"}],
      "distribute": [{"runOutputName": "image1", "type": "SharedImage", "galleryImageId":
      "/subscriptions/00000000-0000-0000-0000-000000000000/resourceGroups/img_tmpl_basic_2000001/providers/Microsoft.Compute/galleries/sig1000002/images/image1",
      "replicationRegions": ["westus", "eastus"]}]}}'''
    headers:
      Accept:
      - application/json
      Accept-Encoding:
      - gzip, deflate
      CommandName:
      - image builder create
      Connection:
      - keep-alive
      Content-Length:
      - '718'
      Content-Type:
      - application/json; charset=utf-8
      ParameterSetName:
      - -n -g --scripts --image-source --shared-image-destinations
      User-Agent:
      - python/3.8.2 (Windows-10-10.0.18362-SP0) msrest/0.6.11 msrest_azure/0.6.3
        azure-mgmt-imagebuilder/0.2.1 Azure-SDK-For-Python AZURECLI/2.2.0
      accept-language:
      - en-US
    method: PUT
    uri: https://management.azure.com/subscriptions/00000000-0000-0000-0000-000000000000/resourceGroups/img_tmpl_basic_2000001/providers/Microsoft.VirtualMachineImages/imageTemplates/template01?api-version=2019-05-01-preview
  response:
    body:
      string: "{\n \"properties\": {\n  \"source\": {\n   \"offer\": \"UbuntuServer\",\n
        \  \"publisher\": \"Canonical\",\n   \"sku\": \"18.04-LTS\",\n   \"type\":
        \"PlatformImage\",\n   \"version\": \"18.04.201808140\"\n  },\n  \"customize\":
        [\n   {\n    \"name\": \"customizeScript.sh\",\n    \"scriptUri\": \"https://raw.githubusercontent.com/danielsollondon/azvmimagebuilder/master/quickquickstarts/customizeScript.sh\",\n
        \   \"type\": \"Shell\"\n   }\n  ],\n  \"distribute\": [\n   {\n    \"artifactTags\":
        {},\n    \"galleryImageId\": \"/subscriptions/00000000-0000-0000-0000-000000000000/resourceGroups/img_tmpl_basic_2000001/providers/Microsoft.Compute/galleries/sig1000002/images/image1\",\n
        \   \"replicationRegions\": [\n     \"westus\",\n     \"eastus\"\n    ],\n
        \   \"runOutputName\": \"image1\",\n    \"type\": \"SharedImage\"\n   }\n
        \ ],\n  \"provisioningState\": \"Creating\",\n  \"buildTimeoutInMinutes\":
        0\n },\n \"id\": \"/subscriptions/00000000-0000-0000-0000-000000000000/resourcegroups/img_tmpl_basic_2000001/providers/Microsoft.VirtualMachineImages/imageTemplates/template01\",\n
        \"name\": \"template01\",\n \"type\": \"Microsoft.VirtualMachineImages/imageTemplates\",\n
        \"location\": \"westus2\",\n \"tags\": {}\n}"
    headers:
      azure-asyncoperation:
      - https://management.azure.com/subscriptions/00000000-0000-0000-0000-000000000000/providers/Microsoft.VirtualMachineImages/locations/westus2/operations/067943d3-43b1-49d7-ba3b-d1f8b17b67c2?api-version=2019-05-01-preview
      cache-control:
      - no-cache
      content-length:
      - '1209'
      content-type:
      - application/json
      date:
      - Thu, 26 Mar 2020 13:07:48 GMT
      expires:
      - '-1'
      pragma:
      - no-cache
      server:
      - nginx
      strict-transport-security:
      - max-age=31536000; includeSubDomains
      x-content-type-options:
      - nosniff
      x-ms-ratelimit-remaining-subscription-writes:
      - '1193'
    status:
      code: 201
      message: Created
- request:
    body: null
    headers:
      Accept:
      - application/json
      Accept-Encoding:
      - gzip, deflate
      CommandName:
      - image builder create
      Connection:
      - keep-alive
      ParameterSetName:
      - -n -g --scripts --image-source --shared-image-destinations
      User-Agent:
      - python/3.8.2 (Windows-10-10.0.18362-SP0) msrest/0.6.11 msrest_azure/0.6.3
        azure-mgmt-imagebuilder/0.2.1 Azure-SDK-For-Python AZURECLI/2.2.0
    method: GET
    uri: https://management.azure.com/subscriptions/00000000-0000-0000-0000-000000000000/providers/Microsoft.VirtualMachineImages/locations/westus2/operations/067943d3-43b1-49d7-ba3b-d1f8b17b67c2?api-version=2019-05-01-preview
  response:
    body:
      string: "{\n \"name\": \"067943D3-43B1-49D7-BA3B-D1F8B17B67C2\",\n \"status\":
        \"Succeeded\",\n \"startTime\": \"2020-03-26T13:07:46.1120313Z\",\n \"endTime\":
        \"2020-03-26T13:08:13.8647121Z\"\n}"
    headers:
      cache-control:
      - no-cache
      content-length:
      - '165'
      content-type:
      - application/json
      date:
      - Thu, 26 Mar 2020 13:08:19 GMT
      expires:
      - '-1'
      pragma:
      - no-cache
      server:
      - nginx
      strict-transport-security:
      - max-age=31536000; includeSubDomains
      transfer-encoding:
      - chunked
      vary:
      - Accept-Encoding
      x-content-type-options:
      - nosniff
    status:
      code: 200
      message: OK
- request:
    body: null
    headers:
      Accept:
      - application/json
      Accept-Encoding:
      - gzip, deflate
      CommandName:
      - image builder create
      Connection:
      - keep-alive
      ParameterSetName:
      - -n -g --scripts --image-source --shared-image-destinations
      User-Agent:
      - python/3.8.2 (Windows-10-10.0.18362-SP0) msrest/0.6.11 msrest_azure/0.6.3
        azure-mgmt-imagebuilder/0.2.1 Azure-SDK-For-Python AZURECLI/2.2.0
    method: GET
    uri: https://management.azure.com/subscriptions/00000000-0000-0000-0000-000000000000/resourceGroups/img_tmpl_basic_2000001/providers/Microsoft.VirtualMachineImages/imageTemplates/template01?api-version=2019-05-01-preview
  response:
    body:
      string: "{\n \"properties\": {\n  \"source\": {\n   \"offer\": \"UbuntuServer\",\n
        \  \"publisher\": \"Canonical\",\n   \"sku\": \"18.04-LTS\",\n   \"type\":
        \"PlatformImage\",\n   \"version\": \"18.04.201808140\"\n  },\n  \"customize\":
        [\n   {\n    \"name\": \"customizeScript.sh\",\n    \"scriptUri\": \"https://raw.githubusercontent.com/danielsollondon/azvmimagebuilder/master/quickquickstarts/customizeScript.sh\",\n
        \   \"sha256Checksum\": \"2c6ff6902a4a52deee69e8db26d0036a53388651008aaf31795bb20dabd21fd8\",\n
        \   \"type\": \"Shell\"\n   }\n  ],\n  \"distribute\": [\n   {\n    \"artifactTags\":
        {},\n    \"galleryImageId\": \"/subscriptions/00000000-0000-0000-0000-000000000000/resourceGroups/img_tmpl_basic_2000001/providers/Microsoft.Compute/galleries/sig1000002/images/image1\",\n
        \   \"replicationRegions\": [\n     \"westus\",\n     \"eastus\"\n    ],\n
        \   \"runOutputName\": \"image1\",\n    \"type\": \"SharedImage\"\n   }\n
        \ ],\n  \"provisioningState\": \"Succeeded\",\n  \"buildTimeoutInMinutes\":
        0\n },\n \"id\": \"/subscriptions/00000000-0000-0000-0000-000000000000/resourcegroups/img_tmpl_basic_2000001/providers/Microsoft.VirtualMachineImages/imageTemplates/template01\",\n
        \"name\": \"template01\",\n \"type\": \"Microsoft.VirtualMachineImages/imageTemplates\",\n
        \"location\": \"westus2\",\n \"tags\": {}\n}"
    headers:
      cache-control:
      - no-cache
      content-length:
      - '1300'
      content-type:
      - application/json
      date:
      - Thu, 26 Mar 2020 13:08:19 GMT
      expires:
      - '-1'
      pragma:
      - no-cache
      server:
      - nginx
      strict-transport-security:
      - max-age=31536000; includeSubDomains
      transfer-encoding:
      - chunked
      vary:
      - Accept-Encoding
      x-content-type-options:
      - nosniff
    status:
      code: 200
      message: OK
version: 1
