interactions:
- request:
    body: null
    headers:
      Accept:
      - application/json
      Accept-Encoding:
      - gzip, deflate
      CommandName:
      - keyvault create
      Connection:
      - keep-alive
      ParameterSetName:
      - --name -g --sku --enable-purge-protection --retention-days
      User-Agent:
      - AZURECLI/2.47.0 azsdk-python-azure-mgmt-resource/22.0.0 Python/3.10.11 (Linux-5.15.0-1036-azure-x86_64-with-glibc2.31)
        VSTS_7b238909-6802-4b65-b90d-184bca47f458_build_220_0
    method: GET
    uri: https://management.azure.com/subscriptions/00000000-0000-0000-0000-000000000000/resourcegroups/cli_test_confidential_disk_encryption_set_000001?api-version=2022-09-01
  response:
    body:
      string: '{"id":"/subscriptions/00000000-0000-0000-0000-000000000000/resourceGroups/cli_test_confidential_disk_encryption_set_000001","name":"cli_test_confidential_disk_encryption_set_000001","type":"Microsoft.Resources/resourceGroups","location":"westus","tags":{"product":"azurecli","cause":"automation","date":"2023-05-25T23:16:26Z"},"properties":{"provisioningState":"Succeeded"}}'
    headers:
      cache-control:
      - no-cache
      content-length:
      - '374'
      content-type:
      - application/json; charset=utf-8
      date:
      - Thu, 25 May 2023 23:16:26 GMT
      expires:
      - '-1'
      pragma:
      - no-cache
      strict-transport-security:
      - max-age=31536000; includeSubDomains
      vary:
      - Accept-Encoding
      x-content-type-options:
      - nosniff
    status:
      code: 200
      message: OK
- request:
    body: null
    headers:
      Accept:
      - application/json
      Accept-Encoding:
      - gzip, deflate
      CommandName:
      - keyvault create
      Connection:
      - keep-alive
      ParameterSetName:
      - --name -g --sku --enable-purge-protection --retention-days
      User-Agent:
      - AZURECLI/2.47.0 azsdk-python-azure-mgmt-keyvault/10.2.0 Python/3.10.11 (Linux-5.15.0-1036-azure-x86_64-with-glibc2.31)
        VSTS_7b238909-6802-4b65-b90d-184bca47f458_build_220_0
    method: GET
    uri: https://management.azure.com/subscriptions/00000000-0000-0000-0000-000000000000/resourceGroups/cli_test_confidential_disk_encryption_set_000001/providers/Microsoft.KeyVault/vaults/vault-000002?api-version=2023-02-01
  response:
    body:
      string: '{"error":{"code":"ResourceNotFound","message":"The Resource ''Microsoft.KeyVault/vaults/vault-000002''
        under resource group ''cli_test_confidential_disk_encryption_set_000001''
        was not found. For more details please go to https://aka.ms/ARMResourceNotFoundFix"}}'
    headers:
      cache-control:
      - no-cache
      content-length:
      - '258'
      content-type:
      - application/json; charset=utf-8
      date:
      - Thu, 25 May 2023 23:16:27 GMT
      expires:
      - '-1'
      pragma:
      - no-cache
      strict-transport-security:
      - max-age=31536000; includeSubDomains
      x-content-type-options:
      - nosniff
      x-ms-failure-cause:
      - gateway
    status:
      code: 404
      message: Not Found
- request:
    body: null
    headers:
      Accept:
      - '*/*'
      Accept-Encoding:
      - gzip, deflate
      CommandName:
      - keyvault create
      Connection:
      - keep-alive
      ParameterSetName:
      - --name -g --sku --enable-purge-protection --retention-days
      User-Agent:
      - python/3.10.11 (Linux-5.15.0-1036-azure-x86_64-with-glibc2.31) AZURECLI/2.47.0
        VSTS_7b238909-6802-4b65-b90d-184bca47f458_build_220_0
    method: GET
    uri: https://graph.microsoft.com/v1.0/me
  response:
    body:
      string: '{"@odata.context":"https://graph.microsoft.com/v1.0/$metadata#users/$entity","businessPhones":[],"displayName":"azureclilivetest","givenName":null,"jobTitle":null,"mail":null,"mobilePhone":null,"officeLocation":null,"preferredLanguage":null,"surname":null,"userPrincipalName":"azureclilivetest@azuresdkteam.onmicrosoft.com","id":"6b30bdc6-696a-46fb-82d7-739c2fb147b7"}'
    headers:
      cache-control:
      - no-cache
      content-length:
      - '368'
      content-type:
      - application/json;odata.metadata=minimal;odata.streaming=true;IEEE754Compatible=false;charset=utf-8
      date:
      - Thu, 25 May 2023 23:16:27 GMT
      odata-version:
      - '4.0'
      request-id:
      - 780383d2-a9f9-4d55-8f3e-ae3c8b1c3ddc
      strict-transport-security:
      - max-age=31536000
      transfer-encoding:
      - chunked
      vary:
      - Accept-Encoding
      x-ms-ags-diagnostic:
      - '{"ServerInfo":{"DataCenter":"East US","Slice":"E","Ring":"5","ScaleUnit":"000","RoleInstance":"BL4PEPF00000034"}}'
      x-ms-resource-unit:
      - '1'
    status:
      code: 200
      message: OK
- request:
    body: '{"location": "westus", "properties": {"tenantId": "54826b22-38d6-4fb2-bad9-b7b93a3e9c5a",
      "sku": {"family": "A", "name": "Premium"}, "accessPolicies": [{"tenantId": "54826b22-38d6-4fb2-bad9-b7b93a3e9c5a",
      "objectId": "6b30bdc6-696a-46fb-82d7-739c2fb147b7", "permissions": {"keys":
      ["all"], "secrets": ["all"], "certificates": ["all"], "storage": ["all"]}}],
      "enableSoftDelete": true, "softDeleteRetentionInDays": 7, "enablePurgeProtection":
      true, "networkAcls": {"bypass": "AzureServices", "defaultAction": "Allow"}}}'
    headers:
      Accept:
      - application/json
      Accept-Encoding:
      - gzip, deflate
      CommandName:
      - keyvault create
      Connection:
      - keep-alive
      Content-Length:
      - '517'
      Content-Type:
      - application/json
      ParameterSetName:
      - --name -g --sku --enable-purge-protection --retention-days
      User-Agent:
      - AZURECLI/2.47.0 azsdk-python-azure-mgmt-keyvault/10.2.0 Python/3.10.11 (Linux-5.15.0-1036-azure-x86_64-with-glibc2.31)
        VSTS_7b238909-6802-4b65-b90d-184bca47f458_build_220_0
    method: PUT
    uri: https://management.azure.com/subscriptions/00000000-0000-0000-0000-000000000000/resourceGroups/cli_test_confidential_disk_encryption_set_000001/providers/Microsoft.KeyVault/vaults/vault-000002?api-version=2023-02-01
  response:
    body:
      string: '{"id":"/subscriptions/00000000-0000-0000-0000-000000000000/resourceGroups/cli_test_confidential_disk_encryption_set_000001/providers/Microsoft.KeyVault/vaults/vault-000002","name":"vault-000002","type":"Microsoft.KeyVault/vaults","location":"westus","tags":{},"systemData":{"createdBy":"azureclilivetest@azuresdkteam.onmicrosoft.com","createdByType":"User","createdAt":"2023-05-25T23:16:29.194Z","lastModifiedBy":"azureclilivetest@azuresdkteam.onmicrosoft.com","lastModifiedByType":"User","lastModifiedAt":"2023-05-25T23:16:29.194Z"},"properties":{"sku":{"family":"A","name":"Premium"},"tenantId":"54826b22-38d6-4fb2-bad9-b7b93a3e9c5a","accessPolicies":[{"tenantId":"54826b22-38d6-4fb2-bad9-b7b93a3e9c5a","objectId":"6b30bdc6-696a-46fb-82d7-739c2fb147b7","permissions":{"keys":["all"],"secrets":["all"],"certificates":["all"],"storage":["all"]}}],"enabledForDeployment":false,"enableSoftDelete":true,"softDeleteRetentionInDays":7,"enablePurgeProtection":true,"vaultUri":"https://vault-000002.vault.azure.net","provisioningState":"RegisteringDns","publicNetworkAccess":"Enabled"}}'
    headers:
      cache-control:
      - no-cache
      content-length:
      - '1079'
      content-type:
      - application/json; charset=utf-8
      date:
      - Thu, 25 May 2023 23:16:31 GMT
      expires:
      - '-1'
      pragma:
      - no-cache
      server:
      - Microsoft-IIS/10.0
      strict-transport-security:
      - max-age=31536000; includeSubDomains
      transfer-encoding:
      - chunked
      vary:
      - Accept-Encoding
      x-aspnet-version:
      - 4.0.30319
      x-content-type-options:
      - nosniff
      x-ms-keyvault-service-version:
      - 1.5.785.0
      x-ms-ratelimit-remaining-subscription-writes:
      - '1199'
    status:
      code: 200
      message: OK
- request:
    body: null
    headers:
      Accept:
      - '*/*'
      Accept-Encoding:
      - gzip, deflate
      CommandName:
      - keyvault create
      Connection:
      - keep-alive
      ParameterSetName:
      - --name -g --sku --enable-purge-protection --retention-days
      User-Agent:
      - AZURECLI/2.47.0 azsdk-python-azure-mgmt-keyvault/10.2.0 Python/3.10.11 (Linux-5.15.0-1036-azure-x86_64-with-glibc2.31)
        VSTS_7b238909-6802-4b65-b90d-184bca47f458_build_220_0
    method: GET
    uri: https://management.azure.com/subscriptions/00000000-0000-0000-0000-000000000000/resourceGroups/cli_test_confidential_disk_encryption_set_000001/providers/Microsoft.KeyVault/vaults/vault-000002?api-version=2023-02-01
  response:
    body:
      string: '{"id":"/subscriptions/00000000-0000-0000-0000-000000000000/resourceGroups/cli_test_confidential_disk_encryption_set_000001/providers/Microsoft.KeyVault/vaults/vault-000002","name":"vault-000002","type":"Microsoft.KeyVault/vaults","location":"westus","tags":{},"systemData":{"createdBy":"azureclilivetest@azuresdkteam.onmicrosoft.com","createdByType":"User","createdAt":"2023-05-25T23:16:29.194Z","lastModifiedBy":"azureclilivetest@azuresdkteam.onmicrosoft.com","lastModifiedByType":"User","lastModifiedAt":"2023-05-25T23:16:29.194Z"},"properties":{"sku":{"family":"A","name":"Premium"},"tenantId":"54826b22-38d6-4fb2-bad9-b7b93a3e9c5a","accessPolicies":[{"tenantId":"54826b22-38d6-4fb2-bad9-b7b93a3e9c5a","objectId":"6b30bdc6-696a-46fb-82d7-739c2fb147b7","permissions":{"keys":["all"],"secrets":["all"],"certificates":["all"],"storage":["all"]}}],"enabledForDeployment":false,"enableSoftDelete":true,"softDeleteRetentionInDays":7,"enablePurgeProtection":true,"vaultUri":"https://vault-000002.vault.azure.net/","provisioningState":"Succeeded","publicNetworkAccess":"Enabled"}}'
    headers:
      cache-control:
      - no-cache
      content-length:
      - '1075'
      content-type:
      - application/json; charset=utf-8
      date:
      - Thu, 25 May 2023 23:17:01 GMT
      expires:
      - '-1'
      pragma:
      - no-cache
      server:
      - Microsoft-IIS/10.0
      strict-transport-security:
      - max-age=31536000; includeSubDomains
      transfer-encoding:
      - chunked
      vary:
      - Accept-Encoding
      x-aspnet-version:
      - 4.0.30319
      x-content-type-options:
      - nosniff
      x-ms-keyvault-service-version:
      - 1.5.785.0
    status:
      code: 200
      message: OK
- request:
    body: null
    headers:
      Accept:
      - application/json
      Accept-Encoding:
      - gzip, deflate
      CommandName:
      - keyvault show
      Connection:
      - keep-alive
      ParameterSetName:
      - -g -n
      User-Agent:
      - AZURECLI/2.47.0 azsdk-python-azure-mgmt-keyvault/10.2.0 Python/3.10.11 (Linux-5.15.0-1036-azure-x86_64-with-glibc2.31)
        VSTS_7b238909-6802-4b65-b90d-184bca47f458_build_220_0
    method: GET
    uri: https://management.azure.com/subscriptions/00000000-0000-0000-0000-000000000000/resourceGroups/cli_test_confidential_disk_encryption_set_000001/providers/Microsoft.KeyVault/vaults/vault-000002?api-version=2023-02-01
  response:
    body:
      string: '{"id":"/subscriptions/00000000-0000-0000-0000-000000000000/resourceGroups/cli_test_confidential_disk_encryption_set_000001/providers/Microsoft.KeyVault/vaults/vault-000002","name":"vault-000002","type":"Microsoft.KeyVault/vaults","location":"westus","tags":{},"systemData":{"createdBy":"azureclilivetest@azuresdkteam.onmicrosoft.com","createdByType":"User","createdAt":"2023-05-25T23:16:29.194Z","lastModifiedBy":"azureclilivetest@azuresdkteam.onmicrosoft.com","lastModifiedByType":"User","lastModifiedAt":"2023-05-25T23:16:29.194Z"},"properties":{"sku":{"family":"A","name":"Premium"},"tenantId":"54826b22-38d6-4fb2-bad9-b7b93a3e9c5a","accessPolicies":[{"tenantId":"54826b22-38d6-4fb2-bad9-b7b93a3e9c5a","objectId":"6b30bdc6-696a-46fb-82d7-739c2fb147b7","permissions":{"keys":["all"],"secrets":["all"],"certificates":["all"],"storage":["all"]}}],"enabledForDeployment":false,"enableSoftDelete":true,"softDeleteRetentionInDays":7,"enablePurgeProtection":true,"vaultUri":"https://vault-000002.vault.azure.net/","provisioningState":"Succeeded","publicNetworkAccess":"Enabled"}}'
    headers:
      cache-control:
      - no-cache
      content-length:
      - '1075'
      content-type:
      - application/json; charset=utf-8
      date:
      - Thu, 25 May 2023 23:17:02 GMT
      expires:
      - '-1'
      pragma:
      - no-cache
      server:
      - Microsoft-IIS/10.0
      strict-transport-security:
      - max-age=31536000; includeSubDomains
      transfer-encoding:
      - chunked
      vary:
      - Accept-Encoding
      x-aspnet-version:
      - 4.0.30319
      x-content-type-options:
      - nosniff
      x-ms-keyvault-service-version:
      - 1.5.785.0
    status:
      code: 200
      message: OK
- request:
    body: null
    headers:
      Accept:
      - application/json
      Accept-Encoding:
      - gzip, deflate
      Connection:
      - keep-alive
      Content-Length:
      - '0'
      Content-Type:
      - application/json
      User-Agent:
      - azsdk-python-keyvault-keys/4.8.0b2 Python/3.10.11 (Linux-5.15.0-1036-azure-x86_64-with-glibc2.31)
        VSTS_7b238909-6802-4b65-b90d-184bca47f458_build_220_0
    method: POST
    uri: https://vault-000002.vault.azure.net/keys/key-000003/create?api-version=7.4-preview.1
  response:
    body:
      string: '{"error":{"code":"Unauthorized","message":"AKV10000: Request is missing
        a Bearer or PoP token."}}'
    headers:
      cache-control:
      - no-cache
      content-length:
      - '97'
      content-type:
      - application/json; charset=utf-8
      date:
      - Thu, 25 May 2023 23:17:02 GMT
      expires:
      - '-1'
      pragma:
      - no-cache
      strict-transport-security:
      - max-age=31536000;includeSubDomains
      www-authenticate:
      - Bearer authorization="https://login.microsoftonline.com/54826b22-38d6-4fb2-bad9-b7b93a3e9c5a",
        resource="https://vault.azure.net"
      x-content-type-options:
      - nosniff
      x-ms-keyvault-network-info:
      - conn_type=Ipv4;addr=13.72.72.46;act_addr_fam=InterNetwork;
      x-ms-keyvault-region:
      - westus
      x-ms-keyvault-service-version:
      - 1.9.804.1
    status:
      code: 401
      message: Unauthorized
- request:
    body: '{"kty": "RSA-HSM", "key_size": 3072, "key_ops": ["wrapKey", "unwrapKey"],
      "attributes": {"enabled": true, "exportable": true}, "release_policy": {"data":
      "eyJhbnlPZiI6IFt7ImFsbE9mIjogW3siY2xhaW0iOiAieC1tcy1hdHRlc3RhdGlvbi10eXBlIiwgImVxdWFscyI6ICJzZXZzbnB2bSJ9LCB7ImNsYWltIjogIngtbXMtY29tcGxpYW5jZS1zdGF0dXMiLCAiZXF1YWxzIjogImF6dXJlLWNvbXBsaWFudC1jdm0ifV0sICJhdXRob3JpdHkiOiAiaHR0cHM6Ly9zaGFyZWRldXMuZXVzLmF0dGVzdC5henVyZS5uZXQvIn0sIHsiYWxsT2YiOiBbeyJjbGFpbSI6ICJ4LW1zLWF0dGVzdGF0aW9uLXR5cGUiLCAiZXF1YWxzIjogInNldnNucHZtIn0sIHsiY2xhaW0iOiAieC1tcy1jb21wbGlhbmNlLXN0YXR1cyIsICJlcXVhbHMiOiAiYXp1cmUtY29tcGxpYW50LWN2bSJ9XSwgImF1dGhvcml0eSI6ICJodHRwczovL3NoYXJlZHd1cy53dXMuYXR0ZXN0LmF6dXJlLm5ldC8ifSwgeyJhbGxPZiI6IFt7ImNsYWltIjogIngtbXMtYXR0ZXN0YXRpb24tdHlwZSIsICJlcXVhbHMiOiAic2V2c25wdm0ifSwgeyJjbGFpbSI6ICJ4LW1zLWNvbXBsaWFuY2Utc3RhdHVzIiwgImVxdWFscyI6ICJhenVyZS1jb21wbGlhbnQtY3ZtIn1dLCAiYXV0aG9yaXR5IjogImh0dHBzOi8vc2hhcmVkbmV1Lm5ldS5hdHRlc3QuYXp1cmUubmV0LyJ9LCB7ImFsbE9mIjogW3siY2xhaW0iOiAieC1tcy1hdHRlc3RhdGlvbi10eXBlIiwgImVxdWFscyI6ICJzZXZzbnB2bSJ9LCB7ImNsYWltIjogIngtbXMtY29tcGxpYW5jZS1zdGF0dXMiLCAiZXF1YWxzIjogImF6dXJlLWNvbXBsaWFudC1jdm0ifV0sICJhdXRob3JpdHkiOiAiaHR0cHM6Ly9zaGFyZWR3ZXUud2V1LmF0dGVzdC5henVyZS5uZXQvIn1dLCAidmVyc2lvbiI6ICIxLjAuMCJ9"}}'
    headers:
      Accept:
      - application/json
      Accept-Encoding:
      - gzip, deflate
      Connection:
      - keep-alive
      Content-Length:
      - '1250'
      Content-Type:
      - application/json
      User-Agent:
      - azsdk-python-keyvault-keys/4.8.0b2 Python/3.10.11 (Linux-5.15.0-1036-azure-x86_64-with-glibc2.31)
        VSTS_7b238909-6802-4b65-b90d-184bca47f458_build_220_0
    method: POST
    uri: https://vault-000002.vault.azure.net/keys/key-000003/create?api-version=7.4-preview.1
  response:
    body:
      string: '{"key":{"kid":"https://vault-000002.vault.azure.net/keys/key-000003/c553fc61107146cfbc55dc4e73a8e31e","kty":"RSA-HSM","key_ops":["wrapKey","unwrapKey"],"n":"0PjUl3QiMkfZFEcjerMbELYwlYyroaGe28XXzqQdIN8NRSFx3ZdgClvbx5JoT9-lN27c6gzwda40iPcXoBIlMtcCFnD7cGOm-xIR2rhNcPLNTUaX6W47iUXbdOPjMgnonyIeKRSWRJLstW_mmKsgYbyE_Xgi5jHsObSkYSdBD1ZXluktRhdRiFICfqs0S_Ib-LDmT1aABepafUtPUUDEf76nwPmqwjHgkjf7Z1_etVPImHSgdOgAcZp4QW2IoC1Jah6xqYPJ3qTCzZbRyIK4pxbF5HDQLL8ThJvKHyqr7VDSQNqDQZYdJOObVD3tDGmqVQ1eTSxLACbSUh33y2pd8weZwuchHbd2v7YN3j_yzaz9qAXOa24inOJr6OuyMNW8Hmy6KtFhiWEDNLZA85baCVC8CLqQX4-iuIV54V3n7Vk6mKG6V0m3EQpO1XZKrqGPS-J_r9EO8BayDFlpedGdcrOMaZ_7M-crrnWUsM44YlalcD9eNTMoGg65EAQewWsV","e":"AQAB"},"attributes":{"enabled":true,"created":1685056625,"updated":1685056625,"recoveryLevel":"CustomizedRecoverable","recoverableDays":7,"exportable":true},"release_policy":{"contentType":"application/json;
        charset=utf-8","data":"eyJ2ZXJzaW9uIjoiMS4wLjAiLCJhbnlPZiI6W3siYXV0aG9yaXR5IjoiaHR0cHM6Ly9zaGFyZWRldXMuZXVzLmF0dGVzdC5henVyZS5uZXQvIiwiYWxsT2YiOlt7ImNsYWltIjoieC1tcy1hdHRlc3RhdGlvbi10eXBlIiwiZXF1YWxzIjoic2V2c25wdm0ifSx7ImNsYWltIjoieC1tcy1jb21wbGlhbmNlLXN0YXR1cyIsImVxdWFscyI6ImF6dXJlLWNvbXBsaWFudC1jdm0ifV19LHsiYXV0aG9yaXR5IjoiaHR0cHM6Ly9zaGFyZWR3dXMud3VzLmF0dGVzdC5henVyZS5uZXQvIiwiYWxsT2YiOlt7ImNsYWltIjoieC1tcy1hdHRlc3RhdGlvbi10eXBlIiwiZXF1YWxzIjoic2V2c25wdm0ifSx7ImNsYWltIjoieC1tcy1jb21wbGlhbmNlLXN0YXR1cyIsImVxdWFscyI6ImF6dXJlLWNvbXBsaWFudC1jdm0ifV19LHsiYXV0aG9yaXR5IjoiaHR0cHM6Ly9zaGFyZWRuZXUubmV1LmF0dGVzdC5henVyZS5uZXQvIiwiYWxsT2YiOlt7ImNsYWltIjoieC1tcy1hdHRlc3RhdGlvbi10eXBlIiwiZXF1YWxzIjoic2V2c25wdm0ifSx7ImNsYWltIjoieC1tcy1jb21wbGlhbmNlLXN0YXR1cyIsImVxdWFscyI6ImF6dXJlLWNvbXBsaWFudC1jdm0ifV19LHsiYXV0aG9yaXR5IjoiaHR0cHM6Ly9zaGFyZWR3ZXUud2V1LmF0dGVzdC5henVyZS5uZXQvIiwiYWxsT2YiOlt7ImNsYWltIjoieC1tcy1hdHRlc3RhdGlvbi10eXBlIiwiZXF1YWxzIjoic2V2c25wdm0ifSx7ImNsYWltIjoieC1tcy1jb21wbGlhbmNlLXN0YXR1cyIsImVxdWFscyI6ImF6dXJlLWNvbXBsaWFudC1jdm0ifV19XX0","immutable":false}}'
    headers:
      cache-control:
      - no-cache
      content-length:
      - '1959'
      content-type:
      - application/json; charset=utf-8
      date:
      - Thu, 25 May 2023 23:17:10 GMT
      expires:
      - '-1'
      pragma:
      - no-cache
      strict-transport-security:
      - max-age=31536000;includeSubDomains
      x-content-type-options:
      - nosniff
      x-ms-keyvault-network-info:
      - conn_type=Ipv4;addr=13.72.72.46;act_addr_fam=InterNetwork;
      x-ms-keyvault-region:
      - westus
      x-ms-keyvault-service-version:
      - 1.9.804.1
    status:
      code: 200
      message: OK
- request:
    body: null
    headers:
      Accept:
      - application/json
      Accept-Encoding:
      - gzip, deflate
      CommandName:
      - disk-encryption-set create
      Connection:
      - keep-alive
      ParameterSetName:
      - -g -n --key-url --encryption-type
      User-Agent:
      - AZURECLI/2.47.0 azsdk-python-azure-mgmt-resource/22.0.0 Python/3.10.11 (Linux-5.15.0-1036-azure-x86_64-with-glibc2.31)
        VSTS_7b238909-6802-4b65-b90d-184bca47f458_build_220_0
    method: GET
    uri: https://management.azure.com/subscriptions/00000000-0000-0000-0000-000000000000/resourcegroups/cli_test_confidential_disk_encryption_set_000001?api-version=2022-09-01
  response:
    body:
      string: '{"id":"/subscriptions/00000000-0000-0000-0000-000000000000/resourceGroups/cli_test_confidential_disk_encryption_set_000001","name":"cli_test_confidential_disk_encryption_set_000001","type":"Microsoft.Resources/resourceGroups","location":"westus","tags":{"product":"azurecli","cause":"automation","date":"2023-05-25T23:16:26Z"},"properties":{"provisioningState":"Succeeded"}}'
    headers:
      cache-control:
      - no-cache
      content-length:
      - '374'
      content-type:
      - application/json; charset=utf-8
      date:
      - Thu, 25 May 2023 23:17:10 GMT
      expires:
      - '-1'
      pragma:
      - no-cache
      strict-transport-security:
      - max-age=31536000; includeSubDomains
      vary:
      - Accept-Encoding
      x-content-type-options:
      - nosniff
    status:
      code: 200
      message: OK
- request:
    body: '{"location": "westus", "identity": {"type": "SystemAssigned"}, "properties":
      {"encryptionType": "ConfidentialVmEncryptedWithCustomerKey", "activeKey": {"keyUrl":
      "https://vault-000002.vault.azure.net/keys/key-000003/c553fc61107146cfbc55dc4e73a8e31e"}}}'
    headers:
      Accept:
      - application/json
      Accept-Encoding:
      - gzip, deflate
      CommandName:
      - disk-encryption-set create
      Connection:
      - keep-alive
      Content-Length:
      - '252'
      Content-Type:
      - application/json
      ParameterSetName:
      - -g -n --key-url --encryption-type
      User-Agent:
      - AZURECLI/2.47.0 azsdk-python-azure-mgmt-compute/29.1.0 Python/3.10.11 (Linux-5.15.0-1036-azure-x86_64-with-glibc2.31)
        VSTS_7b238909-6802-4b65-b90d-184bca47f458_build_220_0
    method: PUT
    uri: https://management.azure.com/subscriptions/00000000-0000-0000-0000-000000000000/resourceGroups/cli_test_confidential_disk_encryption_set_000001/providers/Microsoft.Compute/diskEncryptionSets/des-000004?api-version=2022-03-02
  response:
    body:
      string: "{\r\n  \"location\": \"westus\",\r\n  \"identity\": {\r\n    \"type\":
        \"SystemAssigned\"\r\n  },\r\n  \"properties\": {\r\n    \"activeKey\": {\r\n
        \     \"keyUrl\": \"https://vault-000002.vault.azure.net/keys/key-000003/c553fc61107146cfbc55dc4e73a8e31e\"\r\n
        \   },\r\n    \"encryptionType\": \"ConfidentialVmEncryptedWithCustomerKey\",\r\n
        \   \"provisioningState\": \"Updating\"\r\n  }\r\n}"
    headers:
      azure-asyncoperation:
      - https://management.azure.com/subscriptions/00000000-0000-0000-0000-000000000000/providers/Microsoft.Compute/locations/westus/DiskOperations/a36938b8-3162-467c-9277-1a4a2f3a644c?p=42128af7-4c72-4222-9761-fb0d8e6cebdc&api-version=2022-03-02
      cache-control:
      - no-cache
      content-length:
      - '341'
      content-type:
      - application/json; charset=utf-8
      date:
      - Thu, 25 May 2023 23:17:12 GMT
      expires:
      - '-1'
      location:
      - https://management.azure.com/subscriptions/00000000-0000-0000-0000-000000000000/providers/Microsoft.Compute/locations/westus/DiskOperations/a36938b8-3162-467c-9277-1a4a2f3a644c?p=42128af7-4c72-4222-9761-fb0d8e6cebdc&monitor=true&api-version=2022-03-02
      pragma:
      - no-cache
      server:
      - Microsoft-HTTPAPI/2.0
      - Microsoft-HTTPAPI/2.0
      strict-transport-security:
      - max-age=31536000; includeSubDomains
      x-content-type-options:
      - nosniff
      x-ms-ratelimit-remaining-resource:
      - Microsoft.Compute/HighCostDiskEncryptionSet3Min;99,Microsoft.Compute/HighCostDiskEncryptionSet30Min;299
      x-ms-ratelimit-remaining-subscription-writes:
      - '1199'
    status:
      code: 202
      message: Accepted
- request:
    body: null
    headers:
      Accept:
      - '*/*'
      Accept-Encoding:
      - gzip, deflate
      CommandName:
      - disk-encryption-set create
      Connection:
      - keep-alive
      ParameterSetName:
      - -g -n --key-url --encryption-type
      User-Agent:
      - AZURECLI/2.47.0 azsdk-python-azure-mgmt-compute/29.1.0 Python/3.10.11 (Linux-5.15.0-1036-azure-x86_64-with-glibc2.31)
        VSTS_7b238909-6802-4b65-b90d-184bca47f458_build_220_0
    method: GET
    uri: https://management.azure.com/subscriptions/00000000-0000-0000-0000-000000000000/providers/Microsoft.Compute/locations/westus/DiskOperations/a36938b8-3162-467c-9277-1a4a2f3a644c?p=42128af7-4c72-4222-9761-fb0d8e6cebdc&api-version=2022-03-02
  response:
    body:
      string: "{\r\n  \"startTime\": \"2023-05-25T23:17:12.7876304+00:00\",\r\n  \"endTime\":
        \"2023-05-25T23:17:12.8657601+00:00\",\r\n  \"status\": \"Succeeded\",\r\n
        \ \"properties\": {\r\n    \"output\": {\"name\":\"des-000004\",\"id\":\"/subscriptions/00000000-0000-0000-0000-000000000000/resourceGroups/cli_test_confidential_disk_encryption_set_000001/providers/Microsoft.Compute/diskEncryptionSets/des-000004\",\"type\":\"Microsoft.Compute/diskEncryptionSets\",\"location\":\"westus\",\"identity\":{\"type\":\"SystemAssigned\",\"principalId\":\"ada80f8e-cd17-4a09-83dd-8024fd065a59\",\"tenantId\":\"54826b22-38d6-4fb2-bad9-b7b93a3e9c5a\"},\"properties\":{\"activeKey\":{\"keyUrl\":\"https://vault-000002.vault.azure.net/keys/key-000003/c553fc61107146cfbc55dc4e73a8e31e\"},\"encryptionType\":\"ConfidentialVmEncryptedWithCustomerKey\",\"provisioningState\":\"Succeeded\"}}\r\n
        \ },\r\n  \"name\": \"a36938b8-3162-467c-9277-1a4a2f3a644c\"\r\n}"
    headers:
      cache-control:
      - no-cache
      content-length:
      - '849'
      content-type:
      - application/json; charset=utf-8
      date:
      - Thu, 25 May 2023 23:17:42 GMT
      expires:
      - '-1'
      pragma:
      - no-cache
      server:
      - Microsoft-HTTPAPI/2.0
      - Microsoft-HTTPAPI/2.0
      strict-transport-security:
      - max-age=31536000; includeSubDomains
      transfer-encoding:
      - chunked
      vary:
      - Accept-Encoding
      x-content-type-options:
      - nosniff
      x-ms-ratelimit-remaining-resource:
      - Microsoft.Compute/GetOperation3Min;49997,Microsoft.Compute/GetOperation30Min;399997
    status:
      code: 200
      message: OK
- request:
    body: null
    headers:
      Accept:
      - '*/*'
      Accept-Encoding:
      - gzip, deflate
      CommandName:
      - disk-encryption-set create
      Connection:
      - keep-alive
      ParameterSetName:
      - -g -n --key-url --encryption-type
      User-Agent:
      - AZURECLI/2.47.0 azsdk-python-azure-mgmt-compute/29.1.0 Python/3.10.11 (Linux-5.15.0-1036-azure-x86_64-with-glibc2.31)
        VSTS_7b238909-6802-4b65-b90d-184bca47f458_build_220_0
    method: GET
    uri: https://management.azure.com/subscriptions/00000000-0000-0000-0000-000000000000/resourceGroups/cli_test_confidential_disk_encryption_set_000001/providers/Microsoft.Compute/diskEncryptionSets/des-000004?api-version=2022-03-02
  response:
    body:
      string: "{\r\n  \"name\": \"des-000004\",\r\n  \"id\": \"/subscriptions/00000000-0000-0000-0000-000000000000/resourceGroups/cli_test_confidential_disk_encryption_set_000001/providers/Microsoft.Compute/diskEncryptionSets/des-000004\",\r\n
        \ \"type\": \"Microsoft.Compute/diskEncryptionSets\",\r\n  \"location\": \"westus\",\r\n
        \ \"identity\": {\r\n    \"type\": \"SystemAssigned\",\r\n    \"principalId\":
        \"ada80f8e-cd17-4a09-83dd-8024fd065a59\",\r\n    \"tenantId\": \"54826b22-38d6-4fb2-bad9-b7b93a3e9c5a\"\r\n
        \ },\r\n  \"properties\": {\r\n    \"activeKey\": {\r\n      \"keyUrl\": \"https://vault-000002.vault.azure.net/keys/key-000003/c553fc61107146cfbc55dc4e73a8e31e\"\r\n
        \   },\r\n    \"encryptionType\": \"ConfidentialVmEncryptedWithCustomerKey\",\r\n
        \   \"provisioningState\": \"Succeeded\"\r\n  }\r\n}"
    headers:
      cache-control:
      - no-cache
      content-length:
      - '721'
      content-type:
      - application/json; charset=utf-8
      date:
      - Thu, 25 May 2023 23:17:42 GMT
      expires:
      - '-1'
      pragma:
      - no-cache
      server:
      - Microsoft-HTTPAPI/2.0
      - Microsoft-HTTPAPI/2.0
      strict-transport-security:
      - max-age=31536000; includeSubDomains
      transfer-encoding:
      - chunked
      vary:
      - Accept-Encoding
      x-content-type-options:
      - nosniff
      x-ms-ratelimit-remaining-resource:
      - Microsoft.Compute/LowCostGet3Min;14994,Microsoft.Compute/LowCostGet30Min;119992
    status:
      code: 200
      message: OK
- request:
    body: null
    headers:
      Accept:
      - application/json
      Accept-Encoding:
      - gzip, deflate
      CommandName:
      - disk-encryption-set show
      Connection:
      - keep-alive
      ParameterSetName:
      - -g -n
      User-Agent:
      - AZURECLI/2.47.0 azsdk-python-azure-mgmt-compute/29.1.0 Python/3.10.11 (Linux-5.15.0-1036-azure-x86_64-with-glibc2.31)
        VSTS_7b238909-6802-4b65-b90d-184bca47f458_build_220_0
    method: GET
    uri: https://management.azure.com/subscriptions/00000000-0000-0000-0000-000000000000/resourceGroups/cli_test_confidential_disk_encryption_set_000001/providers/Microsoft.Compute/diskEncryptionSets/des-000004?api-version=2022-03-02
  response:
    body:
      string: "{\r\n  \"name\": \"des-000004\",\r\n  \"id\": \"/subscriptions/00000000-0000-0000-0000-000000000000/resourceGroups/cli_test_confidential_disk_encryption_set_000001/providers/Microsoft.Compute/diskEncryptionSets/des-000004\",\r\n
        \ \"type\": \"Microsoft.Compute/diskEncryptionSets\",\r\n  \"location\": \"westus\",\r\n
        \ \"identity\": {\r\n    \"type\": \"SystemAssigned\",\r\n    \"principalId\":
        \"ada80f8e-cd17-4a09-83dd-8024fd065a59\",\r\n    \"tenantId\": \"54826b22-38d6-4fb2-bad9-b7b93a3e9c5a\"\r\n
        \ },\r\n  \"properties\": {\r\n    \"activeKey\": {\r\n      \"keyUrl\": \"https://vault-000002.vault.azure.net/keys/key-000003/c553fc61107146cfbc55dc4e73a8e31e\"\r\n
        \   },\r\n    \"encryptionType\": \"ConfidentialVmEncryptedWithCustomerKey\",\r\n
        \   \"provisioningState\": \"Succeeded\"\r\n  }\r\n}"
    headers:
      cache-control:
      - no-cache
      content-length:
      - '721'
      content-type:
      - application/json; charset=utf-8
      date:
      - Thu, 25 May 2023 23:17:43 GMT
      expires:
      - '-1'
      pragma:
      - no-cache
      server:
      - Microsoft-HTTPAPI/2.0
      - Microsoft-HTTPAPI/2.0
      strict-transport-security:
      - max-age=31536000; includeSubDomains
      transfer-encoding:
      - chunked
      vary:
      - Accept-Encoding
      x-content-type-options:
      - nosniff
      x-ms-ratelimit-remaining-resource:
      - Microsoft.Compute/LowCostGet3Min;14993,Microsoft.Compute/LowCostGet30Min;119991
    status:
      code: 200
      message: OK
- request:
    body: null
    headers:
      Accept:
      - application/json
      Accept-Encoding:
      - gzip, deflate
      CommandName:
      - keyvault set-policy
      Connection:
      - keep-alive
      ParameterSetName:
      - -n -g --object-id --key-permissions
      User-Agent:
      - AZURECLI/2.47.0 azsdk-python-azure-mgmt-keyvault/10.2.0 Python/3.10.11 (Linux-5.15.0-1036-azure-x86_64-with-glibc2.31)
        VSTS_7b238909-6802-4b65-b90d-184bca47f458_build_220_0
    method: GET
    uri: https://management.azure.com/subscriptions/00000000-0000-0000-0000-000000000000/resourceGroups/cli_test_confidential_disk_encryption_set_000001/providers/Microsoft.KeyVault/vaults/vault-000002?api-version=2023-02-01
  response:
    body:
      string: '{"id":"/subscriptions/00000000-0000-0000-0000-000000000000/resourceGroups/cli_test_confidential_disk_encryption_set_000001/providers/Microsoft.KeyVault/vaults/vault-000002","name":"vault-000002","type":"Microsoft.KeyVault/vaults","location":"westus","tags":{},"systemData":{"createdBy":"azureclilivetest@azuresdkteam.onmicrosoft.com","createdByType":"User","createdAt":"2023-05-25T23:16:29.194Z","lastModifiedBy":"azureclilivetest@azuresdkteam.onmicrosoft.com","lastModifiedByType":"User","lastModifiedAt":"2023-05-25T23:16:29.194Z"},"properties":{"sku":{"family":"A","name":"Premium"},"tenantId":"54826b22-38d6-4fb2-bad9-b7b93a3e9c5a","accessPolicies":[{"tenantId":"54826b22-38d6-4fb2-bad9-b7b93a3e9c5a","objectId":"6b30bdc6-696a-46fb-82d7-739c2fb147b7","permissions":{"keys":["all"],"secrets":["all"],"certificates":["all"],"storage":["all"]}}],"enabledForDeployment":false,"enableSoftDelete":true,"softDeleteRetentionInDays":7,"enablePurgeProtection":true,"vaultUri":"https://vault-000002.vault.azure.net/","provisioningState":"Succeeded","publicNetworkAccess":"Enabled"}}'
    headers:
      cache-control:
      - no-cache
      content-length:
      - '1075'
      content-type:
      - application/json; charset=utf-8
      date:
      - Thu, 25 May 2023 23:17:43 GMT
      expires:
      - '-1'
      pragma:
      - no-cache
      server:
      - Microsoft-IIS/10.0
      strict-transport-security:
      - max-age=31536000; includeSubDomains
      transfer-encoding:
      - chunked
      vary:
      - Accept-Encoding
      x-aspnet-version:
      - 4.0.30319
      x-content-type-options:
      - nosniff
      x-ms-keyvault-service-version:
      - 1.5.785.0
    status:
      code: 200
      message: OK
- request:
    body: '{"location": "westus", "tags": {}, "properties": {"tenantId": "54826b22-38d6-4fb2-bad9-b7b93a3e9c5a",
      "sku": {"family": "A", "name": "Premium"}, "accessPolicies": [{"tenantId": "54826b22-38d6-4fb2-bad9-b7b93a3e9c5a",
      "objectId": "6b30bdc6-696a-46fb-82d7-739c2fb147b7", "permissions": {"keys":
      ["all"], "secrets": ["all"], "certificates": ["all"], "storage": ["all"]}},
      {"tenantId": "54826b22-38d6-4fb2-bad9-b7b93a3e9c5a", "objectId": "ada80f8e-cd17-4a09-83dd-8024fd065a59",
      "permissions": {"keys": ["get", "wrapKey", "unwrapKey"]}}], "vaultUri": "https://vault-000002.vault.azure.net/",
      "enabledForDeployment": false, "enableSoftDelete": true, "softDeleteRetentionInDays":
      7, "enablePurgeProtection": true, "provisioningState": "Succeeded", "publicNetworkAccess":
      "Enabled"}}'
    headers:
      Accept:
      - application/json
      Accept-Encoding:
      - gzip, deflate
      CommandName:
      - keyvault set-policy
      Connection:
      - keep-alive
      Content-Length:
      - '775'
      Content-Type:
      - application/json
      ParameterSetName:
      - -n -g --object-id --key-permissions
      User-Agent:
      - AZURECLI/2.47.0 azsdk-python-azure-mgmt-keyvault/10.2.0 Python/3.10.11 (Linux-5.15.0-1036-azure-x86_64-with-glibc2.31)
        VSTS_7b238909-6802-4b65-b90d-184bca47f458_build_220_0
    method: PUT
    uri: https://management.azure.com/subscriptions/00000000-0000-0000-0000-000000000000/resourceGroups/cli_test_confidential_disk_encryption_set_000001/providers/Microsoft.KeyVault/vaults/vault-000002?api-version=2023-02-01
  response:
    body:
      string: '{"id":"/subscriptions/00000000-0000-0000-0000-000000000000/resourceGroups/cli_test_confidential_disk_encryption_set_000001/providers/Microsoft.KeyVault/vaults/vault-000002","name":"vault-000002","type":"Microsoft.KeyVault/vaults","location":"westus","tags":{},"systemData":{"createdBy":"azureclilivetest@azuresdkteam.onmicrosoft.com","createdByType":"User","createdAt":"2023-05-25T23:16:29.194Z","lastModifiedBy":"azureclilivetest@azuresdkteam.onmicrosoft.com","lastModifiedByType":"User","lastModifiedAt":"2023-05-25T23:17:44.675Z"},"properties":{"sku":{"family":"A","name":"Premium"},"tenantId":"54826b22-38d6-4fb2-bad9-b7b93a3e9c5a","accessPolicies":[{"tenantId":"54826b22-38d6-4fb2-bad9-b7b93a3e9c5a","objectId":"6b30bdc6-696a-46fb-82d7-739c2fb147b7","permissions":{"keys":["all"],"secrets":["all"],"certificates":["all"],"storage":["all"]}},{"tenantId":"54826b22-38d6-4fb2-bad9-b7b93a3e9c5a","objectId":"ada80f8e-cd17-4a09-83dd-8024fd065a59","permissions":{"keys":["get","wrapKey","unwrapKey"]}}],"enabledForDeployment":false,"enableSoftDelete":true,"softDeleteRetentionInDays":7,"enablePurgeProtection":true,"vaultUri":"https://vault-000002.vault.azure.net/","provisioningState":"Succeeded","publicNetworkAccess":"Enabled"}}'
    headers:
      cache-control:
      - no-cache
      content-length:
      - '1230'
      content-type:
      - application/json; charset=utf-8
      date:
      - Thu, 25 May 2023 23:17:43 GMT
      expires:
      - '-1'
      pragma:
      - no-cache
      server:
      - Microsoft-IIS/10.0
      strict-transport-security:
      - max-age=31536000; includeSubDomains
      transfer-encoding:
      - chunked
      vary:
      - Accept-Encoding
      x-aspnet-version:
      - 4.0.30319
      x-content-type-options:
      - nosniff
      x-ms-keyvault-service-version:
      - 1.5.785.0
      x-ms-ratelimit-remaining-subscription-writes:
      - '1197'
    status:
      code: 200
      message: OK
- request:
    body: null
    headers:
      Accept:
      - '*/*'
      Accept-Encoding:
      - gzip, deflate
      CommandName:
      - role assignment create
      Connection:
      - keep-alive
      ParameterSetName:
      - --assignee --role --scope
      User-Agent:
      - python/3.10.11 (Linux-5.15.0-1036-azure-x86_64-with-glibc2.31) AZURECLI/2.47.0
        VSTS_7b238909-6802-4b65-b90d-184bca47f458_build_220_0
    method: GET
    uri: https://graph.microsoft.com/v1.0/servicePrincipals?$filter=servicePrincipalNames%2Fany%28c%3Ac%20eq%20%27ada80f8e-cd17-4a09-83dd-8024fd065a59%27%29
  response:
    body:
      string: '{"@odata.context":"https://graph.microsoft.com/v1.0/$metadata#servicePrincipals","value":[]}'
    headers:
      cache-control:
      - no-cache
      content-length:
      - '92'
      content-type:
      - application/json;odata.metadata=minimal;odata.streaming=true;IEEE754Compatible=false;charset=utf-8
      date:
      - Thu, 25 May 2023 23:17:59 GMT
      odata-version:
      - '4.0'
      request-id:
      - c3aec721-464a-455f-9e3e-56f101b77c98
      strict-transport-security:
      - max-age=31536000
      transfer-encoding:
      - chunked
      vary:
      - Accept-Encoding
      x-ms-ags-diagnostic:
      - '{"ServerInfo":{"DataCenter":"East US","Slice":"E","Ring":"5","ScaleUnit":"004","RoleInstance":"BL02EPF0000FC35"}}'
      x-ms-resource-unit:
      - '1'
    status:
      code: 200
      message: OK
- request:
    body: '{"ids": ["ada80f8e-cd17-4a09-83dd-8024fd065a59"], "types": ["user", "group",
      "servicePrincipal", "directoryObjectPartnerReference"]}'
    headers:
      Accept:
      - '*/*'
      Accept-Encoding:
      - gzip, deflate
      CommandName:
      - role assignment create
      Connection:
      - keep-alive
      Content-Length:
      - '132'
      Content-Type:
      - application/json
      ParameterSetName:
      - --assignee --role --scope
      User-Agent:
      - python/3.10.11 (Linux-5.15.0-1036-azure-x86_64-with-glibc2.31) AZURECLI/2.47.0
        VSTS_7b238909-6802-4b65-b90d-184bca47f458_build_220_0
    method: POST
    uri: https://graph.microsoft.com/v1.0/directoryObjects/getByIds
  response:
    body:
      string: '{"@odata.context":"https://graph.microsoft.com/v1.0/$metadata#directoryObjects","value":[{"@odata.type":"#microsoft.graph.servicePrincipal","id":"ada80f8e-cd17-4a09-83dd-8024fd065a59","deletedDateTime":null,"accountEnabled":true,"alternativeNames":["isExplicit=False","/subscriptions/00000000-0000-0000-0000-000000000000/resourcegroups/cli_test_confidential_disk_encryption_set_000001/providers/Microsoft.Compute/diskEncryptionSets/des-000004"],"appDisplayName":null,"appDescription":null,"appId":"d9d70a66-aa82-4c8b-9d5c-d3f2caa6755d","applicationTemplateId":null,"appOwnerOrganizationId":null,"appRoleAssignmentRequired":false,"createdDateTime":"2023-05-25T23:17:12Z","description":null,"disabledByMicrosoftStatus":null,"displayName":"des-000004","homepage":null,"loginUrl":null,"logoutUrl":null,"notes":null,"notificationEmailAddresses":[],"preferredSingleSignOnMode":null,"preferredTokenSigningKeyThumbprint":null,"replyUrls":[],"servicePrincipalNames":["d9d70a66-aa82-4c8b-9d5c-d3f2caa6755d","https://identity.azure.net/IeMFC2P0LtosPXGCSlEozAWtlAk0kY5zd8D4B4nvOO0="],"servicePrincipalType":"ManagedIdentity","signInAudience":null,"tags":[],"tokenEncryptionKeyId":null,"info":null,"samlSingleSignOnSettings":null,"addIns":[],"appRoles":[],"keyCredentials":[{"customKeyIdentifier":"102B17E17FAF78ED8DC34DEC590AADD254A95833","displayName":"CN=d9d70a66-aa82-4c8b-9d5c-d3f2caa6755d,
        DC=54826b22-38d6-4fb2-bad9-b7b93a3e9c5a","endDateTime":"2023-08-23T23:12:00Z","key":null,"keyId":"149b0826-e993-4e65-9edf-2ef65e6a1f0d","startDateTime":"2023-05-25T23:12:00Z","type":"AsymmetricX509Cert","usage":"Verify"}],"oauth2PermissionScopes":[],"passwordCredentials":[],"resourceSpecificApplicationPermissions":[],"verifiedPublisher":{"displayName":null,"verifiedPublisherId":null,"addedDateTime":null}}]}'
    headers:
      cache-control:
      - no-cache
      content-length:
      - '1793'
      content-type:
      - application/json;odata.metadata=minimal;odata.streaming=true;IEEE754Compatible=false;charset=utf-8
      date:
      - Thu, 25 May 2023 23:17:59 GMT
      location:
      - https://graph.microsoft.com
      odata-version:
      - '4.0'
      request-id:
      - 86d0e336-d038-43d4-b162-e6bd66bcd071
      strict-transport-security:
      - max-age=31536000
      transfer-encoding:
      - chunked
      vary:
      - Accept-Encoding
      x-ms-ags-diagnostic:
      - '{"ServerInfo":{"DataCenter":"East US","Slice":"E","Ring":"5","ScaleUnit":"002","RoleInstance":"BL02EPF00007822"}}'
      x-ms-resource-unit:
      - '3'
    status:
      code: 200
      message: OK
- request:
    body: null
    headers:
      Accept:
      - application/json
      Accept-Encoding:
      - gzip, deflate
      CommandName:
      - role assignment create
      Connection:
      - keep-alive
      ParameterSetName:
      - --assignee --role --scope
      User-Agent:
      - AZURECLI/2.47.0 azsdk-python-azure-mgmt-authorization/3.0.0 Python/3.10.11
        (Linux-5.15.0-1036-azure-x86_64-with-glibc2.31) VSTS_7b238909-6802-4b65-b90d-184bca47f458_build_220_0
    method: GET
    uri: https://management.azure.com/subscriptions/00000000-0000-0000-0000-000000000000/resourceGroups/cli_test_confidential_disk_encryption_set_000001/providers/Microsoft.KeyVault/vaults/vault-000002/providers/Microsoft.Authorization/roleDefinitions?$filter=roleName%20eq%20%27Reader%27&api-version=2022-04-01
  response:
    body:
      string: '{"value":[{"properties":{"roleName":"Reader","type":"BuiltInRole","description":"View
        all resources, but does not allow you to make any changes.","assignableScopes":["/"],"permissions":[{"actions":["*/read"],"notActions":[],"dataActions":[],"notDataActions":[]}],"createdOn":"2015-02-02T21:55:09.8806423Z","updatedOn":"2021-11-11T20:13:47.8628684Z","createdBy":null,"updatedBy":null},"id":"/subscriptions/00000000-0000-0000-0000-000000000000/providers/Microsoft.Authorization/roleDefinitions/acdd72a7-3385-48ef-bd42-f606fba81ae7","type":"Microsoft.Authorization/roleDefinitions","name":"acdd72a7-3385-48ef-bd42-f606fba81ae7"}]}'
    headers:
      cache-control:
      - no-cache
      content-length:
      - '627'
      content-type:
      - application/json; charset=utf-8
      date:
      - Thu, 25 May 2023 23:17:59 GMT
      expires:
      - '-1'
      pragma:
      - no-cache
      set-cookie:
      - x-ms-gateway-slice=Production; path=/; secure; samesite=none; httponly
      strict-transport-security:
      - max-age=31536000; includeSubDomains
      transfer-encoding:
      - chunked
      vary:
      - Accept-Encoding
      x-content-type-options:
      - nosniff
    status:
      code: 200
      message: OK
- request:
    body: '{"properties": {"roleDefinitionId": "/subscriptions/00000000-0000-0000-0000-000000000000/providers/Microsoft.Authorization/roleDefinitions/acdd72a7-3385-48ef-bd42-f606fba81ae7",
      "principalId": "ada80f8e-cd17-4a09-83dd-8024fd065a59", "principalType": "ServicePrincipal"}}'
    headers:
      Accept:
      - application/json
      Accept-Encoding:
      - gzip, deflate
      CommandName:
      - role assignment create
      Connection:
      - keep-alive
      Content-Length:
      - '270'
      Content-Type:
      - application/json
      Cookie:
      - x-ms-gateway-slice=Production
      ParameterSetName:
      - --assignee --role --scope
      User-Agent:
      - AZURECLI/2.47.0 azsdk-python-azure-mgmt-authorization/3.0.0 Python/3.10.11
        (Linux-5.15.0-1036-azure-x86_64-with-glibc2.31) VSTS_7b238909-6802-4b65-b90d-184bca47f458_build_220_0
    method: PUT
    uri: https://management.azure.com/subscriptions/00000000-0000-0000-0000-000000000000/resourceGroups/cli_test_confidential_disk_encryption_set_000001/providers/Microsoft.KeyVault/vaults/vault-000002/providers/Microsoft.Authorization/roleAssignments/88888888-0000-0000-0000-000000000001?api-version=2022-04-01
  response:
    body:
      string: '{"properties":{"roleDefinitionId":"/subscriptions/00000000-0000-0000-0000-000000000000/providers/Microsoft.Authorization/roleDefinitions/acdd72a7-3385-48ef-bd42-f606fba81ae7","principalId":"ada80f8e-cd17-4a09-83dd-8024fd065a59","principalType":"ServicePrincipal","scope":"/subscriptions/00000000-0000-0000-0000-000000000000/resourceGroups/cli_test_confidential_disk_encryption_set_000001/providers/Microsoft.KeyVault/vaults/vault-000002","condition":null,"conditionVersion":null,"createdOn":"2023-05-25T23:18:00.4880917Z","updatedOn":"2023-05-25T23:18:01.2101035Z","createdBy":null,"updatedBy":"6b30bdc6-696a-46fb-82d7-739c2fb147b7","delegatedManagedIdentityResourceId":null,"description":null},"id":"/subscriptions/00000000-0000-0000-0000-000000000000/resourceGroups/cli_test_confidential_disk_encryption_set_000001/providers/Microsoft.KeyVault/vaults/vault-000002/providers/Microsoft.Authorization/roleAssignments/88888888-0000-0000-0000-000000000001","type":"Microsoft.Authorization/roleAssignments","name":"88888888-0000-0000-0000-000000000001"}'
    headers:
      cache-control:
      - no-cache
      content-length:
      - '1049'
      content-type:
      - application/json; charset=utf-8
      date:
      - Thu, 25 May 2023 23:18:02 GMT
      expires:
      - '-1'
      pragma:
      - no-cache
      strict-transport-security:
      - max-age=31536000; includeSubDomains
      x-content-type-options:
      - nosniff
      x-ms-ratelimit-remaining-subscription-writes:
      - '1195'
    status:
      code: 201
      message: Created
- request:
    body: null
    headers:
      Accept:
      - application/json
      Accept-Encoding:
      - gzip, deflate
      CommandName:
      - disk create
      Connection:
      - keep-alive
      ParameterSetName:
      - -g -n --security-type --hyper-v-generation --secure-vm-disk-encryption-set
        --image-reference
      User-Agent:
      - AZURECLI/2.47.0 azsdk-python-azure-mgmt-resource/22.0.0 Python/3.10.11 (Linux-5.15.0-1036-azure-x86_64-with-glibc2.31)
        VSTS_7b238909-6802-4b65-b90d-184bca47f458_build_220_0
    method: GET
    uri: https://management.azure.com/subscriptions/00000000-0000-0000-0000-000000000000/resourcegroups/cli_test_confidential_disk_encryption_set_000001?api-version=2022-09-01
  response:
    body:
      string: '{"id":"/subscriptions/00000000-0000-0000-0000-000000000000/resourceGroups/cli_test_confidential_disk_encryption_set_000001","name":"cli_test_confidential_disk_encryption_set_000001","type":"Microsoft.Resources/resourceGroups","location":"westus","tags":{"product":"azurecli","cause":"automation","date":"2023-05-25T23:16:26Z"},"properties":{"provisioningState":"Succeeded"}}'
    headers:
      cache-control:
      - no-cache
      content-length:
      - '374'
      content-type:
      - application/json; charset=utf-8
      date:
      - Thu, 25 May 2023 23:18:17 GMT
      expires:
      - '-1'
      pragma:
      - no-cache
      strict-transport-security:
      - max-age=31536000; includeSubDomains
      vary:
      - Accept-Encoding
      x-content-type-options:
      - nosniff
    status:
      code: 200
      message: OK
- request:
    body: null
    headers:
      Accept:
      - application/json
      Accept-Encoding:
      - gzip, deflate
      CommandName:
      - disk create
      Connection:
      - keep-alive
      ParameterSetName:
      - -g -n --security-type --hyper-v-generation --secure-vm-disk-encryption-set
        --image-reference
      User-Agent:
      - AZURECLI/2.47.0 azsdk-python-azure-mgmt-compute/29.1.0 Python/3.10.11 (Linux-5.15.0-1036-azure-x86_64-with-glibc2.31)
        VSTS_7b238909-6802-4b65-b90d-184bca47f458_build_220_0
    method: GET
    uri: https://management.azure.com/subscriptions/00000000-0000-0000-0000-000000000000/providers/Microsoft.Compute/locations/westus/publishers/MicrosoftWindowsServer/artifacttypes/vmimage/offers/windows-cvm/skus/2022-datacenter-cvm/versions?$top=1&$orderby=name%20desc&api-version=2022-11-01
  response:
    body:
      string: "[\r\n  {\r\n    \"location\": \"westus\",\r\n    \"name\": \"20348.469.220106\",\r\n
        \   \"id\": \"/Subscriptions/00000000-0000-0000-0000-000000000000/Providers/Microsoft.Compute/Locations/westus/Publishers/MicrosoftWindowsServer/ArtifactTypes/VMImage/Offers/windows-cvm/Skus/2022-datacenter-cvm/Versions/20348.469.220106\"\r\n
        \ }\r\n]"
    headers:
      cache-control:
      - no-cache
      content-length:
      - '310'
      content-type:
      - application/json; charset=utf-8
      date:
      - Thu, 25 May 2023 23:18:18 GMT
      expires:
      - '-1'
      pragma:
      - no-cache
      server:
      - Microsoft-HTTPAPI/2.0
      - Microsoft-HTTPAPI/2.0
      strict-transport-security:
      - max-age=31536000; includeSubDomains
      transfer-encoding:
      - chunked
      vary:
      - Accept-Encoding
      x-content-type-options:
      - nosniff
      x-ms-ratelimit-remaining-resource:
      - Microsoft.Compute/ListVMImagesVersionsFromLocation3Min;15999,Microsoft.Compute/ListVMImagesVersionsFromLocation30Min;43999
    status:
      code: 200
      message: OK
- request:
    body: null
    headers:
      Accept:
      - application/json
      Accept-Encoding:
      - gzip, deflate
      CommandName:
      - disk create
      Connection:
      - keep-alive
      ParameterSetName:
      - -g -n --security-type --hyper-v-generation --secure-vm-disk-encryption-set
        --image-reference
      User-Agent:
      - AZURECLI/2.47.0 azsdk-python-azure-mgmt-compute/29.1.0 Python/3.10.11 (Linux-5.15.0-1036-azure-x86_64-with-glibc2.31)
        VSTS_7b238909-6802-4b65-b90d-184bca47f458_build_220_0
    method: GET
    uri: https://management.azure.com/subscriptions/00000000-0000-0000-0000-000000000000/providers/Microsoft.Compute/locations/westus/publishers/MicrosoftWindowsServer/artifacttypes/vmimage/offers/windows-cvm/skus/2022-datacenter-cvm/versions/20348.469.220106?api-version=2022-11-01
  response:
    body:
      string: "{\r\n  \"properties\": {\r\n    \"hyperVGeneration\": \"V2\",\r\n    \"architecture\":
        \"x64\",\r\n    \"replicaType\": \"Managed\",\r\n    \"replicaCount\": 10,\r\n
        \   \"disallowed\": {\r\n      \"vmDiskType\": \"Unmanaged\"\r\n    },\r\n
        \   \"automaticOSUpgradeProperties\": {\r\n      \"automaticOSUpgradeSupported\":
        false\r\n    },\r\n    \"imageDeprecationStatus\": {\r\n      \"imageState\":
        \"Active\"\r\n    },\r\n    \"features\": [\r\n      {\r\n        \"name\":
        \"SecurityType\",\r\n        \"value\": \"TrustedLaunchAndConfidentialVmSupported\"\r\n
        \     }\r\n    ],\r\n    \"osDiskImage\": {\r\n      \"operatingSystem\":
        \"Windows\",\r\n      \"sizeInGb\": 16\r\n    },\r\n    \"dataDiskImages\":
        []\r\n  },\r\n  \"location\": \"westus\",\r\n  \"name\": \"20348.469.220106\",\r\n
        \ \"id\": \"/Subscriptions/00000000-0000-0000-0000-000000000000/Providers/Microsoft.Compute/Locations/westus/Publishers/MicrosoftWindowsServer/ArtifactTypes/VMImage/Offers/windows-cvm/Skus/2022-datacenter-cvm/Versions/20348.469.220106\"\r\n}"
    headers:
      cache-control:
      - no-cache
      content-length:
      - '911'
      content-type:
      - application/json; charset=utf-8
      date:
      - Thu, 25 May 2023 23:18:18 GMT
      expires:
      - '-1'
      pragma:
      - no-cache
      server:
      - Microsoft-HTTPAPI/2.0
      - Microsoft-HTTPAPI/2.0
      strict-transport-security:
      - max-age=31536000; includeSubDomains
      transfer-encoding:
      - chunked
      vary:
      - Accept-Encoding
      x-content-type-options:
      - nosniff
      x-ms-ratelimit-remaining-resource:
      - Microsoft.Compute/GetVMImageFromLocation3Min;12999,Microsoft.Compute/GetVMImageFromLocation30Min;73999
    status:
      code: 200
      message: OK
- request:
    body: '{"location": "westus", "tags": {}, "sku": {"name": "Premium_LRS"}, "properties":
      {"hyperVGeneration": "V2", "creationData": {"createOption": "FromImage", "imageReference":
      {"id": "/Subscriptions/00000000-0000-0000-0000-000000000000/Providers/Microsoft.Compute/Locations/westus/Publishers/MicrosoftWindowsServer/ArtifactTypes/VMImage/Offers/windows-cvm/Skus/2022-datacenter-cvm/Versions/20348.469.220106"}},
      "securityProfile": {"securityType": "ConfidentialVM_DiskEncryptedWithCustomerKey",
      "secureVMDiskEncryptionSetId": "/subscriptions/00000000-0000-0000-0000-000000000000/resourceGroups/cli_test_confidential_disk_encryption_set_000001/providers/Microsoft.Compute/diskEncryptionSets/des-000004"}}}'
    headers:
      Accept:
      - application/json
      Accept-Encoding:
      - gzip, deflate
      CommandName:
      - disk create
      Connection:
      - keep-alive
      Content-Length:
      - '699'
      Content-Type:
      - application/json
      ParameterSetName:
      - -g -n --security-type --hyper-v-generation --secure-vm-disk-encryption-set
        --image-reference
      User-Agent:
      - AZURECLI/2.47.0 azsdk-python-azure-mgmt-compute/29.1.0 Python/3.10.11 (Linux-5.15.0-1036-azure-x86_64-with-glibc2.31)
        VSTS_7b238909-6802-4b65-b90d-184bca47f458_build_220_0
    method: PUT
    uri: https://management.azure.com/subscriptions/00000000-0000-0000-0000-000000000000/resourceGroups/cli_test_confidential_disk_encryption_set_000001/providers/Microsoft.Compute/disks/d1-000005?api-version=2022-07-02
  response:
    body:
      string: "{\r\n  \"name\": \"d1-000005\",\r\n  \"id\": \"/subscriptions/00000000-0000-0000-0000-000000000000/resourceGroups/cli_test_confidential_disk_encryption_set_000001/providers/Microsoft.Compute/disks/d1-000005\",\r\n
        \ \"type\": \"Microsoft.Compute/disks\",\r\n  \"location\": \"westus\",\r\n
        \ \"tags\": {},\r\n  \"sku\": {\r\n    \"name\": \"Premium_LRS\"\r\n  },\r\n
        \ \"properties\": {\r\n    \"hyperVGeneration\": \"V2\",\r\n    \"creationData\":
        {\r\n      \"createOption\": \"FromImage\",\r\n      \"imageReference\": {\r\n
        \       \"id\": \"/Subscriptions/00000000-0000-0000-0000-000000000000/Providers/Microsoft.Compute/Locations/westus/Publishers/MicrosoftWindowsServer/ArtifactTypes/VMImage/Offers/windows-cvm/Skus/2022-datacenter-cvm/Versions/20348.469.220106\"\r\n
        \     }\r\n    },\r\n    \"securityProfile\": {\r\n      \"securityType\":
        \"ConfidentialVM_DiskEncryptedWithCustomerKey\",\r\n      \"secureVMDiskEncryptionSetId\":
        \"/subscriptions/00000000-0000-0000-0000-000000000000/resourceGroups/cli_test_confidential_disk_encryption_set_000001/providers/Microsoft.Compute/diskEncryptionSets/des-000004\"\r\n
        \   },\r\n    \"provisioningState\": \"Updating\"\r\n  }\r\n}"
    headers:
      azure-asyncoperation:
      - https://management.azure.com/subscriptions/00000000-0000-0000-0000-000000000000/providers/Microsoft.Compute/locations/westus/DiskOperations/bf417de5-ecfc-49e7-a8e8-9c46126221f1?p=42128af7-4c72-4222-9761-fb0d8e6cebdc&api-version=2022-07-02
      cache-control:
      - no-cache
      content-length:
      - '1076'
      content-type:
      - application/json; charset=utf-8
      date:
      - Thu, 25 May 2023 23:18:20 GMT
      expires:
      - '-1'
      location:
      - https://management.azure.com/subscriptions/00000000-0000-0000-0000-000000000000/providers/Microsoft.Compute/locations/westus/DiskOperations/bf417de5-ecfc-49e7-a8e8-9c46126221f1?p=42128af7-4c72-4222-9761-fb0d8e6cebdc&monitor=true&api-version=2022-07-02
      pragma:
      - no-cache
      server:
      - Microsoft-HTTPAPI/2.0
      - Microsoft-HTTPAPI/2.0
      strict-transport-security:
      - max-age=31536000; includeSubDomains
      x-content-type-options:
      - nosniff
      x-ms-ratelimit-remaining-resource:
      - Microsoft.Compute/CreateUpdateDisks3Min;999,Microsoft.Compute/CreateUpdateDisks30Min;7999
      x-ms-ratelimit-remaining-subscription-writes:
      - '1199'
    status:
      code: 202
      message: Accepted
- request:
    body: null
    headers:
      Accept:
      - '*/*'
      Accept-Encoding:
      - gzip, deflate
      CommandName:
      - disk create
      Connection:
      - keep-alive
      ParameterSetName:
      - -g -n --security-type --hyper-v-generation --secure-vm-disk-encryption-set
        --image-reference
      User-Agent:
      - AZURECLI/2.47.0 azsdk-python-azure-mgmt-compute/29.1.0 Python/3.10.11 (Linux-5.15.0-1036-azure-x86_64-with-glibc2.31)
        VSTS_7b238909-6802-4b65-b90d-184bca47f458_build_220_0
    method: GET
    uri: https://management.azure.com/subscriptions/00000000-0000-0000-0000-000000000000/providers/Microsoft.Compute/locations/westus/DiskOperations/bf417de5-ecfc-49e7-a8e8-9c46126221f1?p=42128af7-4c72-4222-9761-fb0d8e6cebdc&api-version=2022-07-02
  response:
    body:
      string: "{\r\n  \"startTime\": \"2023-05-25T23:18:20.6209663+00:00\",\r\n  \"status\":
        \"InProgress\",\r\n  \"name\": \"bf417de5-ecfc-49e7-a8e8-9c46126221f1\"\r\n}"
    headers:
      cache-control:
      - no-cache
      content-length:
      - '134'
      content-type:
      - application/json; charset=utf-8
      date:
      - Thu, 25 May 2023 23:18:22 GMT
      expires:
      - '-1'
      pragma:
      - no-cache
      server:
      - Microsoft-HTTPAPI/2.0
      - Microsoft-HTTPAPI/2.0
      strict-transport-security:
      - max-age=31536000; includeSubDomains
      transfer-encoding:
      - chunked
      vary:
      - Accept-Encoding
      x-content-type-options:
      - nosniff
      x-ms-ratelimit-remaining-resource:
      - Microsoft.Compute/GetOperation3Min;49995,Microsoft.Compute/GetOperation30Min;399995
    status:
      code: 200
      message: OK
- request:
    body: null
    headers:
      Accept:
      - '*/*'
      Accept-Encoding:
      - gzip, deflate
      CommandName:
      - disk create
      Connection:
      - keep-alive
      ParameterSetName:
      - -g -n --security-type --hyper-v-generation --secure-vm-disk-encryption-set
        --image-reference
      User-Agent:
      - AZURECLI/2.47.0 azsdk-python-azure-mgmt-compute/29.1.0 Python/3.10.11 (Linux-5.15.0-1036-azure-x86_64-with-glibc2.31)
        VSTS_7b238909-6802-4b65-b90d-184bca47f458_build_220_0
    method: GET
    uri: https://management.azure.com/subscriptions/00000000-0000-0000-0000-000000000000/providers/Microsoft.Compute/locations/westus/DiskOperations/bf417de5-ecfc-49e7-a8e8-9c46126221f1?p=42128af7-4c72-4222-9761-fb0d8e6cebdc&api-version=2022-07-02
  response:
    body:
      string: "{\r\n  \"startTime\": \"2023-05-25T23:18:20.6209663+00:00\",\r\n  \"status\":
        \"InProgress\",\r\n  \"name\": \"bf417de5-ecfc-49e7-a8e8-9c46126221f1\"\r\n}"
    headers:
      cache-control:
      - no-cache
      content-length:
      - '134'
      content-type:
      - application/json; charset=utf-8
      date:
      - Thu, 25 May 2023 23:18:32 GMT
      expires:
      - '-1'
      pragma:
      - no-cache
      server:
      - Microsoft-HTTPAPI/2.0
      - Microsoft-HTTPAPI/2.0
      strict-transport-security:
      - max-age=31536000; includeSubDomains
      transfer-encoding:
      - chunked
      vary:
      - Accept-Encoding
      x-content-type-options:
      - nosniff
      x-ms-ratelimit-remaining-resource:
      - Microsoft.Compute/GetOperation3Min;49994,Microsoft.Compute/GetOperation30Min;399993
    status:
      code: 200
      message: OK
- request:
    body: null
    headers:
      Accept:
      - '*/*'
      Accept-Encoding:
      - gzip, deflate
      CommandName:
      - disk create
      Connection:
      - keep-alive
      ParameterSetName:
      - -g -n --security-type --hyper-v-generation --secure-vm-disk-encryption-set
        --image-reference
      User-Agent:
      - AZURECLI/2.47.0 azsdk-python-azure-mgmt-compute/29.1.0 Python/3.10.11 (Linux-5.15.0-1036-azure-x86_64-with-glibc2.31)
        VSTS_7b238909-6802-4b65-b90d-184bca47f458_build_220_0
    method: GET
    uri: https://management.azure.com/subscriptions/00000000-0000-0000-0000-000000000000/providers/Microsoft.Compute/locations/westus/DiskOperations/bf417de5-ecfc-49e7-a8e8-9c46126221f1?p=42128af7-4c72-4222-9761-fb0d8e6cebdc&api-version=2022-07-02
  response:
    body:
      string: "{\r\n  \"startTime\": \"2023-05-25T23:18:20.6209663+00:00\",\r\n  \"status\":
        \"InProgress\",\r\n  \"name\": \"bf417de5-ecfc-49e7-a8e8-9c46126221f1\"\r\n}"
    headers:
      cache-control:
      - no-cache
      content-length:
      - '134'
      content-type:
      - application/json; charset=utf-8
      date:
      - Thu, 25 May 2023 23:19:03 GMT
      expires:
      - '-1'
      pragma:
      - no-cache
      server:
      - Microsoft-HTTPAPI/2.0
      - Microsoft-HTTPAPI/2.0
      strict-transport-security:
      - max-age=31536000; includeSubDomains
      transfer-encoding:
      - chunked
      vary:
      - Accept-Encoding
      x-content-type-options:
      - nosniff
      x-ms-ratelimit-remaining-resource:
      - Microsoft.Compute/GetOperation3Min;49991,Microsoft.Compute/GetOperation30Min;399990
    status:
      code: 200
      message: OK
- request:
    body: null
    headers:
      Accept:
      - '*/*'
      Accept-Encoding:
      - gzip, deflate
      CommandName:
      - disk create
      Connection:
      - keep-alive
      ParameterSetName:
      - -g -n --security-type --hyper-v-generation --secure-vm-disk-encryption-set
        --image-reference
      User-Agent:
      - AZURECLI/2.47.0 azsdk-python-azure-mgmt-compute/29.1.0 Python/3.10.11 (Linux-5.15.0-1036-azure-x86_64-with-glibc2.31)
        VSTS_7b238909-6802-4b65-b90d-184bca47f458_build_220_0
    method: GET
    uri: https://management.azure.com/subscriptions/00000000-0000-0000-0000-000000000000/providers/Microsoft.Compute/locations/westus/DiskOperations/bf417de5-ecfc-49e7-a8e8-9c46126221f1?p=42128af7-4c72-4222-9761-fb0d8e6cebdc&api-version=2022-07-02
  response:
    body:
      string: "{\r\n  \"startTime\": \"2023-05-25T23:18:20.6209663+00:00\",\r\n  \"status\":
        \"InProgress\",\r\n  \"name\": \"bf417de5-ecfc-49e7-a8e8-9c46126221f1\"\r\n}"
    headers:
      cache-control:
      - no-cache
      content-length:
      - '134'
      content-type:
      - application/json; charset=utf-8
      date:
      - Thu, 25 May 2023 23:19:33 GMT
      expires:
      - '-1'
      pragma:
      - no-cache
      server:
      - Microsoft-HTTPAPI/2.0
      - Microsoft-HTTPAPI/2.0
      strict-transport-security:
      - max-age=31536000; includeSubDomains
      transfer-encoding:
      - chunked
      vary:
      - Accept-Encoding
      x-content-type-options:
      - nosniff
      x-ms-ratelimit-remaining-resource:
      - Microsoft.Compute/GetOperation3Min;49988,Microsoft.Compute/GetOperation30Min;399987
    status:
      code: 200
      message: OK
- request:
    body: null
    headers:
      Accept:
      - '*/*'
      Accept-Encoding:
      - gzip, deflate
      CommandName:
      - disk create
      Connection:
      - keep-alive
      ParameterSetName:
      - -g -n --security-type --hyper-v-generation --secure-vm-disk-encryption-set
        --image-reference
      User-Agent:
      - AZURECLI/2.47.0 azsdk-python-azure-mgmt-compute/29.1.0 Python/3.10.11 (Linux-5.15.0-1036-azure-x86_64-with-glibc2.31)
        VSTS_7b238909-6802-4b65-b90d-184bca47f458_build_220_0
    method: GET
    uri: https://management.azure.com/subscriptions/00000000-0000-0000-0000-000000000000/providers/Microsoft.Compute/locations/westus/DiskOperations/bf417de5-ecfc-49e7-a8e8-9c46126221f1?p=42128af7-4c72-4222-9761-fb0d8e6cebdc&api-version=2022-07-02
  response:
    body:
      string: "{\r\n  \"startTime\": \"2023-05-25T23:18:20.6209663+00:00\",\r\n  \"status\":
        \"InProgress\",\r\n  \"name\": \"bf417de5-ecfc-49e7-a8e8-9c46126221f1\"\r\n}"
    headers:
      cache-control:
      - no-cache
      content-length:
      - '134'
      content-type:
      - application/json; charset=utf-8
      date:
      - Thu, 25 May 2023 23:20:03 GMT
      expires:
      - '-1'
      pragma:
      - no-cache
      server:
      - Microsoft-HTTPAPI/2.0
      - Microsoft-HTTPAPI/2.0
      strict-transport-security:
      - max-age=31536000; includeSubDomains
      transfer-encoding:
      - chunked
      vary:
      - Accept-Encoding
      x-content-type-options:
      - nosniff
      x-ms-ratelimit-remaining-resource:
      - Microsoft.Compute/GetOperation3Min;49986,Microsoft.Compute/GetOperation30Min;399984
    status:
      code: 200
      message: OK
- request:
    body: null
    headers:
      Accept:
      - '*/*'
      Accept-Encoding:
      - gzip, deflate
      CommandName:
      - disk create
      Connection:
      - keep-alive
      ParameterSetName:
      - -g -n --security-type --hyper-v-generation --secure-vm-disk-encryption-set
        --image-reference
      User-Agent:
      - AZURECLI/2.47.0 azsdk-python-azure-mgmt-compute/29.1.0 Python/3.10.11 (Linux-5.15.0-1036-azure-x86_64-with-glibc2.31)
        VSTS_7b238909-6802-4b65-b90d-184bca47f458_build_220_0
    method: GET
    uri: https://management.azure.com/subscriptions/00000000-0000-0000-0000-000000000000/providers/Microsoft.Compute/locations/westus/DiskOperations/bf417de5-ecfc-49e7-a8e8-9c46126221f1?p=42128af7-4c72-4222-9761-fb0d8e6cebdc&api-version=2022-07-02
  response:
    body:
      string: "{\r\n  \"startTime\": \"2023-05-25T23:18:20.6209663+00:00\",\r\n  \"status\":
        \"InProgress\",\r\n  \"name\": \"bf417de5-ecfc-49e7-a8e8-9c46126221f1\"\r\n}"
    headers:
      cache-control:
      - no-cache
      content-length:
      - '134'
      content-type:
      - application/json; charset=utf-8
      date:
      - Thu, 25 May 2023 23:20:33 GMT
      expires:
      - '-1'
      pragma:
      - no-cache
      server:
      - Microsoft-HTTPAPI/2.0
      - Microsoft-HTTPAPI/2.0
      strict-transport-security:
      - max-age=31536000; includeSubDomains
      transfer-encoding:
      - chunked
      vary:
      - Accept-Encoding
      x-content-type-options:
      - nosniff
      x-ms-ratelimit-remaining-resource:
      - Microsoft.Compute/GetOperation3Min;49985,Microsoft.Compute/GetOperation30Min;399981
    status:
      code: 200
      message: OK
- request:
    body: null
    headers:
      Accept:
      - '*/*'
      Accept-Encoding:
      - gzip, deflate
      CommandName:
      - disk create
      Connection:
      - keep-alive
      ParameterSetName:
      - -g -n --security-type --hyper-v-generation --secure-vm-disk-encryption-set
        --image-reference
      User-Agent:
      - AZURECLI/2.47.0 azsdk-python-azure-mgmt-compute/29.1.0 Python/3.10.11 (Linux-5.15.0-1036-azure-x86_64-with-glibc2.31)
        VSTS_7b238909-6802-4b65-b90d-184bca47f458_build_220_0
    method: GET
    uri: https://management.azure.com/subscriptions/00000000-0000-0000-0000-000000000000/providers/Microsoft.Compute/locations/westus/DiskOperations/bf417de5-ecfc-49e7-a8e8-9c46126221f1?p=42128af7-4c72-4222-9761-fb0d8e6cebdc&api-version=2022-07-02
  response:
    body:
      string: "{\r\n  \"startTime\": \"2023-05-25T23:18:20.6209663+00:00\",\r\n  \"status\":
        \"InProgress\",\r\n  \"name\": \"bf417de5-ecfc-49e7-a8e8-9c46126221f1\"\r\n}"
    headers:
      cache-control:
      - no-cache
      content-length:
      - '134'
      content-type:
      - application/json; charset=utf-8
      date:
      - Thu, 25 May 2023 23:21:04 GMT
      expires:
      - '-1'
      pragma:
      - no-cache
      server:
      - Microsoft-HTTPAPI/2.0
      - Microsoft-HTTPAPI/2.0
      strict-transport-security:
      - max-age=31536000; includeSubDomains
      transfer-encoding:
      - chunked
      vary:
      - Accept-Encoding
      x-content-type-options:
      - nosniff
      x-ms-ratelimit-remaining-resource:
      - Microsoft.Compute/GetOperation3Min;49984,Microsoft.Compute/GetOperation30Min;399978
    status:
      code: 200
      message: OK
- request:
    body: null
    headers:
      Accept:
      - '*/*'
      Accept-Encoding:
      - gzip, deflate
      CommandName:
      - disk create
      Connection:
      - keep-alive
      ParameterSetName:
      - -g -n --security-type --hyper-v-generation --secure-vm-disk-encryption-set
        --image-reference
      User-Agent:
      - AZURECLI/2.47.0 azsdk-python-azure-mgmt-compute/29.1.0 Python/3.10.11 (Linux-5.15.0-1036-azure-x86_64-with-glibc2.31)
        VSTS_7b238909-6802-4b65-b90d-184bca47f458_build_220_0
    method: GET
    uri: https://management.azure.com/subscriptions/00000000-0000-0000-0000-000000000000/providers/Microsoft.Compute/locations/westus/DiskOperations/bf417de5-ecfc-49e7-a8e8-9c46126221f1?p=42128af7-4c72-4222-9761-fb0d8e6cebdc&api-version=2022-07-02
  response:
    body:
      string: "{\r\n  \"startTime\": \"2023-05-25T23:18:20.6209663+00:00\",\r\n  \"status\":
        \"InProgress\",\r\n  \"name\": \"bf417de5-ecfc-49e7-a8e8-9c46126221f1\"\r\n}"
    headers:
      cache-control:
      - no-cache
      content-length:
      - '134'
      content-type:
      - application/json; charset=utf-8
      date:
      - Thu, 25 May 2023 23:21:34 GMT
      expires:
      - '-1'
      pragma:
      - no-cache
      server:
      - Microsoft-HTTPAPI/2.0
      - Microsoft-HTTPAPI/2.0
      strict-transport-security:
      - max-age=31536000; includeSubDomains
      transfer-encoding:
      - chunked
      vary:
      - Accept-Encoding
      x-content-type-options:
      - nosniff
      x-ms-ratelimit-remaining-resource:
      - Microsoft.Compute/GetOperation3Min;49984,Microsoft.Compute/GetOperation30Min;399975
    status:
      code: 200
      message: OK
- request:
    body: null
    headers:
      Accept:
      - '*/*'
      Accept-Encoding:
      - gzip, deflate
      CommandName:
      - disk create
      Connection:
      - keep-alive
      ParameterSetName:
      - -g -n --security-type --hyper-v-generation --secure-vm-disk-encryption-set
        --image-reference
      User-Agent:
      - AZURECLI/2.47.0 azsdk-python-azure-mgmt-compute/29.1.0 Python/3.10.11 (Linux-5.15.0-1036-azure-x86_64-with-glibc2.31)
        VSTS_7b238909-6802-4b65-b90d-184bca47f458_build_220_0
    method: GET
    uri: https://management.azure.com/subscriptions/00000000-0000-0000-0000-000000000000/providers/Microsoft.Compute/locations/westus/DiskOperations/bf417de5-ecfc-49e7-a8e8-9c46126221f1?p=42128af7-4c72-4222-9761-fb0d8e6cebdc&api-version=2022-07-02
  response:
    body:
      string: "{\r\n  \"startTime\": \"2023-05-25T23:18:20.6209663+00:00\",\r\n  \"status\":
        \"InProgress\",\r\n  \"name\": \"bf417de5-ecfc-49e7-a8e8-9c46126221f1\"\r\n}"
    headers:
      cache-control:
      - no-cache
      content-length:
      - '134'
      content-type:
      - application/json; charset=utf-8
      date:
      - Thu, 25 May 2023 23:22:04 GMT
      expires:
      - '-1'
      pragma:
      - no-cache
      server:
      - Microsoft-HTTPAPI/2.0
      - Microsoft-HTTPAPI/2.0
      strict-transport-security:
      - max-age=31536000; includeSubDomains
      transfer-encoding:
      - chunked
      vary:
      - Accept-Encoding
      x-content-type-options:
      - nosniff
      x-ms-ratelimit-remaining-resource:
      - Microsoft.Compute/GetOperation3Min;49984,Microsoft.Compute/GetOperation30Min;399972
    status:
      code: 200
      message: OK
- request:
    body: null
    headers:
      Accept:
      - '*/*'
      Accept-Encoding:
      - gzip, deflate
      CommandName:
      - disk create
      Connection:
      - keep-alive
      ParameterSetName:
      - -g -n --security-type --hyper-v-generation --secure-vm-disk-encryption-set
        --image-reference
      User-Agent:
      - AZURECLI/2.47.0 azsdk-python-azure-mgmt-compute/29.1.0 Python/3.10.11 (Linux-5.15.0-1036-azure-x86_64-with-glibc2.31)
        VSTS_7b238909-6802-4b65-b90d-184bca47f458_build_220_0
    method: GET
    uri: https://management.azure.com/subscriptions/00000000-0000-0000-0000-000000000000/providers/Microsoft.Compute/locations/westus/DiskOperations/bf417de5-ecfc-49e7-a8e8-9c46126221f1?p=42128af7-4c72-4222-9761-fb0d8e6cebdc&api-version=2022-07-02
  response:
    body:
      string: "{\r\n  \"startTime\": \"2023-05-25T23:18:20.6209663+00:00\",\r\n  \"status\":
        \"InProgress\",\r\n  \"name\": \"bf417de5-ecfc-49e7-a8e8-9c46126221f1\"\r\n}"
    headers:
      cache-control:
      - no-cache
      content-length:
      - '134'
      content-type:
      - application/json; charset=utf-8
      date:
      - Thu, 25 May 2023 23:22:35 GMT
      expires:
      - '-1'
      pragma:
      - no-cache
      server:
      - Microsoft-HTTPAPI/2.0
      - Microsoft-HTTPAPI/2.0
      strict-transport-security:
      - max-age=31536000; includeSubDomains
      transfer-encoding:
      - chunked
      vary:
      - Accept-Encoding
      x-content-type-options:
      - nosniff
      x-ms-ratelimit-remaining-resource:
      - Microsoft.Compute/GetOperation3Min;49984,Microsoft.Compute/GetOperation30Min;399969
    status:
      code: 200
      message: OK
- request:
    body: null
    headers:
      Accept:
      - '*/*'
      Accept-Encoding:
      - gzip, deflate
      CommandName:
      - disk create
      Connection:
      - keep-alive
      ParameterSetName:
      - -g -n --security-type --hyper-v-generation --secure-vm-disk-encryption-set
        --image-reference
      User-Agent:
      - AZURECLI/2.47.0 azsdk-python-azure-mgmt-compute/29.1.0 Python/3.10.11 (Linux-5.15.0-1036-azure-x86_64-with-glibc2.31)
        VSTS_7b238909-6802-4b65-b90d-184bca47f458_build_220_0
    method: GET
    uri: https://management.azure.com/subscriptions/00000000-0000-0000-0000-000000000000/providers/Microsoft.Compute/locations/westus/DiskOperations/bf417de5-ecfc-49e7-a8e8-9c46126221f1?p=42128af7-4c72-4222-9761-fb0d8e6cebdc&api-version=2022-07-02
  response:
    body:
      string: "{\r\n  \"startTime\": \"2023-05-25T23:18:20.6209663+00:00\",\r\n  \"endTime\":
        \"2023-05-25T23:22:37.7186889+00:00\",\r\n  \"status\": \"Succeeded\",\r\n
        \ \"properties\": {\r\n    \"output\": {\"name\":\"d1-000005\",\"id\":\"/subscriptions/00000000-0000-0000-0000-000000000000/resourceGroups/cli_test_confidential_disk_encryption_set_000001/providers/Microsoft.Compute/disks/d1-000005\",\"type\":\"Microsoft.Compute/disks\",\"location\":\"westus\",\"tags\":{},\"sku\":{\"name\":\"Premium_LRS\",\"tier\":\"Premium\"},\"properties\":{\"osType\":\"Windows\",\"hyperVGeneration\":\"V2\",\"supportedCapabilities\":{\"architecture\":\"x64\"},\"creationData\":{\"createOption\":\"FromImage\",\"imageReference\":{\"id\":\"/Subscriptions/00000000-0000-0000-0000-000000000000/Providers/Microsoft.Compute/Locations/westus/Publishers/MicrosoftWindowsServer/ArtifactTypes/VMImage/Offers/windows-cvm/Skus/2022-datacenter-cvm/Versions/20348.469.220106\"}},\"diskSizeGB\":16,\"diskIOPSReadWrite\":120,\"diskMBpsReadWrite\":25,\"encryption\":{\"type\":\"EncryptionAtRestWithPlatformKey\"},\"networkAccessPolicy\":\"AllowAll\",\"securityProfile\":{\"securityType\":\"ConfidentialVM_DiskEncryptedWithCustomerKey\",\"secureVMDiskEncryptionSetId\":\"/subscriptions/00000000-0000-0000-0000-000000000000/resourceGroups/cli_test_confidential_disk_encryption_set_000001/providers/Microsoft.Compute/diskEncryptionSets/des-000004\"},\"publicNetworkAccess\":\"Enabled\",\"timeCreated\":\"2023-05-25T23:18:20.6522635+00:00\",\"provisioningState\":\"Succeeded\",\"diskState\":\"Unattached\",\"diskSizeBytes\":17181966336,\"uniqueId\":\"71bbbea8-baa0-4977-97f1-25c2dff56752\",\"tier\":\"P3\"}}\r\n
        \ },\r\n  \"name\": \"bf417de5-ecfc-49e7-a8e8-9c46126221f1\"\r\n}"
    headers:
      cache-control:
      - no-cache
      content-length:
      - '1587'
      content-type:
      - application/json; charset=utf-8
      date:
      - Thu, 25 May 2023 23:23:05 GMT
      expires:
      - '-1'
      pragma:
      - no-cache
      server:
      - Microsoft-HTTPAPI/2.0
      - Microsoft-HTTPAPI/2.0
      strict-transport-security:
      - max-age=31536000; includeSubDomains
      transfer-encoding:
      - chunked
      vary:
      - Accept-Encoding
      x-content-type-options:
      - nosniff
      x-ms-ratelimit-remaining-resource:
      - Microsoft.Compute/GetOperation3Min;49985,Microsoft.Compute/GetOperation30Min;399967
    status:
      code: 200
      message: OK
- request:
    body: null
    headers:
      Accept:
      - '*/*'
      Accept-Encoding:
      - gzip, deflate
      CommandName:
      - disk create
      Connection:
      - keep-alive
      ParameterSetName:
      - -g -n --security-type --hyper-v-generation --secure-vm-disk-encryption-set
        --image-reference
      User-Agent:
      - AZURECLI/2.47.0 azsdk-python-azure-mgmt-compute/29.1.0 Python/3.10.11 (Linux-5.15.0-1036-azure-x86_64-with-glibc2.31)
        VSTS_7b238909-6802-4b65-b90d-184bca47f458_build_220_0
    method: GET
    uri: https://management.azure.com/subscriptions/00000000-0000-0000-0000-000000000000/resourceGroups/cli_test_confidential_disk_encryption_set_000001/providers/Microsoft.Compute/disks/d1-000005?api-version=2022-07-02
  response:
    body:
      string: "{\r\n  \"name\": \"d1-000005\",\r\n  \"id\": \"/subscriptions/00000000-0000-0000-0000-000000000000/resourceGroups/cli_test_confidential_disk_encryption_set_000001/providers/Microsoft.Compute/disks/d1-000005\",\r\n
        \ \"type\": \"Microsoft.Compute/disks\",\r\n  \"location\": \"westus\",\r\n
        \ \"tags\": {},\r\n  \"sku\": {\r\n    \"name\": \"Premium_LRS\",\r\n    \"tier\":
        \"Premium\"\r\n  },\r\n  \"properties\": {\r\n    \"osType\": \"Windows\",\r\n
        \   \"hyperVGeneration\": \"V2\",\r\n    \"supportedCapabilities\": {\r\n
        \     \"architecture\": \"x64\"\r\n    },\r\n    \"creationData\": {\r\n      \"createOption\":
        \"FromImage\",\r\n      \"imageReference\": {\r\n        \"id\": \"/Subscriptions/00000000-0000-0000-0000-000000000000/Providers/Microsoft.Compute/Locations/westus/Publishers/MicrosoftWindowsServer/ArtifactTypes/VMImage/Offers/windows-cvm/Skus/2022-datacenter-cvm/Versions/20348.469.220106\"\r\n
        \     }\r\n    },\r\n    \"diskSizeGB\": 16,\r\n    \"diskIOPSReadWrite\":
        120,\r\n    \"diskMBpsReadWrite\": 25,\r\n    \"encryption\": {\r\n      \"type\":
        \"EncryptionAtRestWithPlatformKey\"\r\n    },\r\n    \"networkAccessPolicy\":
        \"AllowAll\",\r\n    \"securityProfile\": {\r\n      \"securityType\": \"ConfidentialVM_DiskEncryptedWithCustomerKey\",\r\n
        \     \"secureVMDiskEncryptionSetId\": \"/subscriptions/00000000-0000-0000-0000-000000000000/resourceGroups/cli_test_confidential_disk_encryption_set_000001/providers/Microsoft.Compute/diskEncryptionSets/des-000004\"\r\n
        \   },\r\n    \"publicNetworkAccess\": \"Enabled\",\r\n    \"timeCreated\":
        \"2023-05-25T23:18:20.6522635+00:00\",\r\n    \"provisioningState\": \"Succeeded\",\r\n
        \   \"diskState\": \"Unattached\",\r\n    \"diskSizeBytes\": 17181966336,\r\n
        \   \"uniqueId\": \"71bbbea8-baa0-4977-97f1-25c2dff56752\",\r\n    \"tier\":
        \"P3\"\r\n  }\r\n}"
    headers:
      cache-control:
      - no-cache
      content-length:
      - '1637'
      content-type:
      - application/json; charset=utf-8
      date:
      - Thu, 25 May 2023 23:23:05 GMT
      expires:
      - '-1'
      pragma:
      - no-cache
      server:
      - Microsoft-HTTPAPI/2.0
      - Microsoft-HTTPAPI/2.0
      strict-transport-security:
      - max-age=31536000; includeSubDomains
      transfer-encoding:
      - chunked
      vary:
      - Accept-Encoding
      x-content-type-options:
      - nosniff
      x-ms-ratelimit-remaining-resource:
      - Microsoft.Compute/LowCostGet3Min;14997,Microsoft.Compute/LowCostGet30Min;119986
    status:
      code: 200
      message: OK
- request:
    body: null
    headers:
      Accept:
      - application/json
      Accept-Encoding:
      - gzip, deflate
      CommandName:
      - disk create
      Connection:
      - keep-alive
      ParameterSetName:
      - -g -n --security-type --hyper-v-generation --secure-vm-disk-encryption-set
        --image-reference
      User-Agent:
      - AZURECLI/2.47.0 azsdk-python-azure-mgmt-resource/22.0.0 Python/3.10.11 (Linux-5.15.0-1036-azure-x86_64-with-glibc2.31)
        VSTS_7b238909-6802-4b65-b90d-184bca47f458_build_220_0
    method: GET
    uri: https://management.azure.com/subscriptions/00000000-0000-0000-0000-000000000000/resourcegroups/cli_test_confidential_disk_encryption_set_000001?api-version=2022-09-01
  response:
    body:
      string: '{"id":"/subscriptions/00000000-0000-0000-0000-000000000000/resourceGroups/cli_test_confidential_disk_encryption_set_000001","name":"cli_test_confidential_disk_encryption_set_000001","type":"Microsoft.Resources/resourceGroups","location":"westus","tags":{"product":"azurecli","cause":"automation","date":"2023-05-25T23:16:26Z"},"properties":{"provisioningState":"Succeeded"}}'
    headers:
      cache-control:
      - no-cache
      content-length:
      - '374'
      content-type:
      - application/json; charset=utf-8
      date:
      - Thu, 25 May 2023 23:23:05 GMT
      expires:
      - '-1'
      pragma:
      - no-cache
      strict-transport-security:
      - max-age=31536000; includeSubDomains
      vary:
      - Accept-Encoding
      x-content-type-options:
      - nosniff
    status:
      code: 200
      message: OK
- request:
    body: null
    headers:
      Accept:
      - application/json
      Accept-Encoding:
      - gzip, deflate
      CommandName:
      - disk create
      Connection:
      - keep-alive
      ParameterSetName:
      - -g -n --security-type --hyper-v-generation --secure-vm-disk-encryption-set
        --image-reference
      User-Agent:
      - AZURECLI/2.47.0 azsdk-python-azure-mgmt-compute/29.1.0 Python/3.10.11 (Linux-5.15.0-1036-azure-x86_64-with-glibc2.31)
        VSTS_7b238909-6802-4b65-b90d-184bca47f458_build_220_0
    method: GET
    uri: https://management.azure.com/subscriptions/00000000-0000-0000-0000-000000000000/providers/Microsoft.Compute/locations/westus/publishers/MicrosoftWindowsServer/artifacttypes/vmimage/offers/windows-cvm/skus/2022-datacenter-cvm/versions?$top=1&$orderby=name%20desc&api-version=2022-11-01
  response:
    body:
      string: "[\r\n  {\r\n    \"location\": \"westus\",\r\n    \"name\": \"20348.469.220106\",\r\n
        \   \"id\": \"/Subscriptions/00000000-0000-0000-0000-000000000000/Providers/Microsoft.Compute/Locations/westus/Publishers/MicrosoftWindowsServer/ArtifactTypes/VMImage/Offers/windows-cvm/Skus/2022-datacenter-cvm/Versions/20348.469.220106\"\r\n
        \ }\r\n]"
    headers:
      cache-control:
      - no-cache
      content-length:
      - '310'
      content-type:
      - application/json; charset=utf-8
      date:
      - Thu, 25 May 2023 23:23:05 GMT
      expires:
      - '-1'
      pragma:
      - no-cache
      server:
      - Microsoft-HTTPAPI/2.0
      - Microsoft-HTTPAPI/2.0
      strict-transport-security:
      - max-age=31536000; includeSubDomains
      transfer-encoding:
      - chunked
      vary:
      - Accept-Encoding
      x-content-type-options:
      - nosniff
      x-ms-ratelimit-remaining-resource:
      - Microsoft.Compute/ListVMImagesVersionsFromLocation3Min;15999,Microsoft.Compute/ListVMImagesVersionsFromLocation30Min;43998
    status:
      code: 200
      message: OK
- request:
    body: null
    headers:
      Accept:
      - application/json
      Accept-Encoding:
      - gzip, deflate
      CommandName:
      - disk create
      Connection:
      - keep-alive
      ParameterSetName:
      - -g -n --security-type --hyper-v-generation --secure-vm-disk-encryption-set
        --image-reference
      User-Agent:
      - AZURECLI/2.47.0 azsdk-python-azure-mgmt-compute/29.1.0 Python/3.10.11 (Linux-5.15.0-1036-azure-x86_64-with-glibc2.31)
        VSTS_7b238909-6802-4b65-b90d-184bca47f458_build_220_0
    method: GET
    uri: https://management.azure.com/subscriptions/00000000-0000-0000-0000-000000000000/providers/Microsoft.Compute/locations/westus/publishers/MicrosoftWindowsServer/artifacttypes/vmimage/offers/windows-cvm/skus/2022-datacenter-cvm/versions/20348.469.220106?api-version=2022-11-01
  response:
    body:
      string: "{\r\n  \"properties\": {\r\n    \"hyperVGeneration\": \"V2\",\r\n    \"architecture\":
        \"x64\",\r\n    \"replicaType\": \"Managed\",\r\n    \"replicaCount\": 10,\r\n
        \   \"disallowed\": {\r\n      \"vmDiskType\": \"Unmanaged\"\r\n    },\r\n
        \   \"automaticOSUpgradeProperties\": {\r\n      \"automaticOSUpgradeSupported\":
        false\r\n    },\r\n    \"imageDeprecationStatus\": {\r\n      \"imageState\":
        \"Active\"\r\n    },\r\n    \"features\": [\r\n      {\r\n        \"name\":
        \"SecurityType\",\r\n        \"value\": \"TrustedLaunchAndConfidentialVmSupported\"\r\n
        \     }\r\n    ],\r\n    \"osDiskImage\": {\r\n      \"operatingSystem\":
        \"Windows\",\r\n      \"sizeInGb\": 16\r\n    },\r\n    \"dataDiskImages\":
        []\r\n  },\r\n  \"location\": \"westus\",\r\n  \"name\": \"20348.469.220106\",\r\n
        \ \"id\": \"/Subscriptions/00000000-0000-0000-0000-000000000000/Providers/Microsoft.Compute/Locations/westus/Publishers/MicrosoftWindowsServer/ArtifactTypes/VMImage/Offers/windows-cvm/Skus/2022-datacenter-cvm/Versions/20348.469.220106\"\r\n}"
    headers:
      cache-control:
      - no-cache
      content-length:
      - '911'
      content-type:
      - application/json; charset=utf-8
      date:
      - Thu, 25 May 2023 23:23:05 GMT
      expires:
      - '-1'
      pragma:
      - no-cache
      server:
      - Microsoft-HTTPAPI/2.0
      - Microsoft-HTTPAPI/2.0
      strict-transport-security:
      - max-age=31536000; includeSubDomains
      transfer-encoding:
      - chunked
      vary:
      - Accept-Encoding
      x-content-type-options:
      - nosniff
      x-ms-ratelimit-remaining-resource:
      - Microsoft.Compute/GetVMImageFromLocation3Min;12999,Microsoft.Compute/GetVMImageFromLocation30Min;73997
    status:
      code: 200
      message: OK
- request:
    body: '{"location": "westus", "tags": {}, "sku": {"name": "Premium_LRS"}, "properties":
      {"hyperVGeneration": "V2", "creationData": {"createOption": "FromImage", "imageReference":
      {"id": "/Subscriptions/00000000-0000-0000-0000-000000000000/Providers/Microsoft.Compute/Locations/westus/Publishers/MicrosoftWindowsServer/ArtifactTypes/VMImage/Offers/windows-cvm/Skus/2022-datacenter-cvm/Versions/20348.469.220106"}},
      "securityProfile": {"securityType": "ConfidentialVM_DiskEncryptedWithCustomerKey",
      "secureVMDiskEncryptionSetId": "/subscriptions/00000000-0000-0000-0000-000000000000/resourceGroups/cli_test_confidential_disk_encryption_set_000001/providers/Microsoft.Compute/diskEncryptionSets/des-000004"}}}'
    headers:
      Accept:
      - application/json
      Accept-Encoding:
      - gzip, deflate
      CommandName:
      - disk create
      Connection:
      - keep-alive
      Content-Length:
      - '699'
      Content-Type:
      - application/json
      ParameterSetName:
      - -g -n --security-type --hyper-v-generation --secure-vm-disk-encryption-set
        --image-reference
      User-Agent:
      - AZURECLI/2.47.0 azsdk-python-azure-mgmt-compute/29.1.0 Python/3.10.11 (Linux-5.15.0-1036-azure-x86_64-with-glibc2.31)
        VSTS_7b238909-6802-4b65-b90d-184bca47f458_build_220_0
    method: PUT
    uri: https://management.azure.com/subscriptions/00000000-0000-0000-0000-000000000000/resourceGroups/cli_test_confidential_disk_encryption_set_000001/providers/Microsoft.Compute/disks/d2-000006?api-version=2022-07-02
  response:
    body:
      string: "{\r\n  \"name\": \"d2-000006\",\r\n  \"id\": \"/subscriptions/00000000-0000-0000-0000-000000000000/resourceGroups/cli_test_confidential_disk_encryption_set_000001/providers/Microsoft.Compute/disks/d2-000006\",\r\n
        \ \"type\": \"Microsoft.Compute/disks\",\r\n  \"location\": \"westus\",\r\n
        \ \"tags\": {},\r\n  \"sku\": {\r\n    \"name\": \"Premium_LRS\"\r\n  },\r\n
        \ \"properties\": {\r\n    \"hyperVGeneration\": \"V2\",\r\n    \"creationData\":
        {\r\n      \"createOption\": \"FromImage\",\r\n      \"imageReference\": {\r\n
        \       \"id\": \"/Subscriptions/00000000-0000-0000-0000-000000000000/Providers/Microsoft.Compute/Locations/westus/Publishers/MicrosoftWindowsServer/ArtifactTypes/VMImage/Offers/windows-cvm/Skus/2022-datacenter-cvm/Versions/20348.469.220106\"\r\n
        \     }\r\n    },\r\n    \"securityProfile\": {\r\n      \"securityType\":
        \"ConfidentialVM_DiskEncryptedWithCustomerKey\",\r\n      \"secureVMDiskEncryptionSetId\":
        \"/subscriptions/00000000-0000-0000-0000-000000000000/resourceGroups/cli_test_confidential_disk_encryption_set_000001/providers/Microsoft.Compute/diskEncryptionSets/des-000004\"\r\n
        \   },\r\n    \"provisioningState\": \"Updating\"\r\n  }\r\n}"
    headers:
      azure-asyncoperation:
      - https://management.azure.com/subscriptions/00000000-0000-0000-0000-000000000000/providers/Microsoft.Compute/locations/westus/DiskOperations/12a7bf03-90fc-4839-95ac-4b183641c3d4?p=42128af7-4c72-4222-9761-fb0d8e6cebdc&api-version=2022-07-02
      cache-control:
      - no-cache
      content-length:
      - '1076'
      content-type:
      - application/json; charset=utf-8
      date:
      - Thu, 25 May 2023 23:23:07 GMT
      expires:
      - '-1'
      location:
      - https://management.azure.com/subscriptions/00000000-0000-0000-0000-000000000000/providers/Microsoft.Compute/locations/westus/DiskOperations/12a7bf03-90fc-4839-95ac-4b183641c3d4?p=42128af7-4c72-4222-9761-fb0d8e6cebdc&monitor=true&api-version=2022-07-02
      pragma:
      - no-cache
      server:
      - Microsoft-HTTPAPI/2.0
      - Microsoft-HTTPAPI/2.0
      strict-transport-security:
      - max-age=31536000; includeSubDomains
      x-content-type-options:
      - nosniff
      x-ms-ratelimit-remaining-resource:
      - Microsoft.Compute/CreateUpdateDisks3Min;999,Microsoft.Compute/CreateUpdateDisks30Min;7998
      x-ms-ratelimit-remaining-subscription-writes:
      - '1198'
    status:
      code: 202
      message: Accepted
- request:
    body: null
    headers:
      Accept:
      - '*/*'
      Accept-Encoding:
      - gzip, deflate
      CommandName:
      - disk create
      Connection:
      - keep-alive
      ParameterSetName:
      - -g -n --security-type --hyper-v-generation --secure-vm-disk-encryption-set
        --image-reference
      User-Agent:
      - AZURECLI/2.47.0 azsdk-python-azure-mgmt-compute/29.1.0 Python/3.10.11 (Linux-5.15.0-1036-azure-x86_64-with-glibc2.31)
        VSTS_7b238909-6802-4b65-b90d-184bca47f458_build_220_0
    method: GET
    uri: https://management.azure.com/subscriptions/00000000-0000-0000-0000-000000000000/providers/Microsoft.Compute/locations/westus/DiskOperations/12a7bf03-90fc-4839-95ac-4b183641c3d4?p=42128af7-4c72-4222-9761-fb0d8e6cebdc&api-version=2022-07-02
  response:
    body:
      string: "{\r\n  \"startTime\": \"2023-05-25T23:23:07.7512596+00:00\",\r\n  \"status\":
        \"InProgress\",\r\n  \"name\": \"12a7bf03-90fc-4839-95ac-4b183641c3d4\"\r\n}"
    headers:
      cache-control:
      - no-cache
      content-length:
      - '134'
      content-type:
      - application/json; charset=utf-8
      date:
      - Thu, 25 May 2023 23:23:10 GMT
      expires:
      - '-1'
      pragma:
      - no-cache
      server:
      - Microsoft-HTTPAPI/2.0
      - Microsoft-HTTPAPI/2.0
      strict-transport-security:
      - max-age=31536000; includeSubDomains
      transfer-encoding:
      - chunked
      vary:
      - Accept-Encoding
      x-content-type-options:
      - nosniff
      x-ms-ratelimit-remaining-resource:
      - Microsoft.Compute/GetOperation3Min;49984,Microsoft.Compute/GetOperation30Min;399966
    status:
      code: 200
      message: OK
- request:
    body: null
    headers:
      Accept:
      - '*/*'
      Accept-Encoding:
      - gzip, deflate
      CommandName:
      - disk create
      Connection:
      - keep-alive
      ParameterSetName:
      - -g -n --security-type --hyper-v-generation --secure-vm-disk-encryption-set
        --image-reference
      User-Agent:
      - AZURECLI/2.47.0 azsdk-python-azure-mgmt-compute/29.1.0 Python/3.10.11 (Linux-5.15.0-1036-azure-x86_64-with-glibc2.31)
        VSTS_7b238909-6802-4b65-b90d-184bca47f458_build_220_0
    method: GET
    uri: https://management.azure.com/subscriptions/00000000-0000-0000-0000-000000000000/providers/Microsoft.Compute/locations/westus/DiskOperations/12a7bf03-90fc-4839-95ac-4b183641c3d4?p=42128af7-4c72-4222-9761-fb0d8e6cebdc&api-version=2022-07-02
  response:
    body:
      string: "{\r\n  \"startTime\": \"2023-05-25T23:23:07.7512596+00:00\",\r\n  \"status\":
        \"InProgress\",\r\n  \"name\": \"12a7bf03-90fc-4839-95ac-4b183641c3d4\"\r\n}"
    headers:
      cache-control:
      - no-cache
      content-length:
      - '134'
      content-type:
      - application/json; charset=utf-8
      date:
      - Thu, 25 May 2023 23:23:20 GMT
      expires:
      - '-1'
      pragma:
      - no-cache
      server:
      - Microsoft-HTTPAPI/2.0
      - Microsoft-HTTPAPI/2.0
      strict-transport-security:
      - max-age=31536000; includeSubDomains
      transfer-encoding:
      - chunked
      vary:
      - Accept-Encoding
      x-content-type-options:
      - nosniff
      x-ms-ratelimit-remaining-resource:
      - Microsoft.Compute/GetOperation3Min;49982,Microsoft.Compute/GetOperation30Min;399964
    status:
      code: 200
      message: OK
- request:
    body: null
    headers:
      Accept:
      - '*/*'
      Accept-Encoding:
      - gzip, deflate
      CommandName:
      - disk create
      Connection:
      - keep-alive
      ParameterSetName:
      - -g -n --security-type --hyper-v-generation --secure-vm-disk-encryption-set
        --image-reference
      User-Agent:
      - AZURECLI/2.47.0 azsdk-python-azure-mgmt-compute/29.1.0 Python/3.10.11 (Linux-5.15.0-1036-azure-x86_64-with-glibc2.31)
        VSTS_7b238909-6802-4b65-b90d-184bca47f458_build_220_0
    method: GET
    uri: https://management.azure.com/subscriptions/00000000-0000-0000-0000-000000000000/providers/Microsoft.Compute/locations/westus/DiskOperations/12a7bf03-90fc-4839-95ac-4b183641c3d4?p=42128af7-4c72-4222-9761-fb0d8e6cebdc&api-version=2022-07-02
  response:
    body:
      string: "{\r\n  \"startTime\": \"2023-05-25T23:23:07.7512596+00:00\",\r\n  \"status\":
        \"InProgress\",\r\n  \"name\": \"12a7bf03-90fc-4839-95ac-4b183641c3d4\"\r\n}"
    headers:
      cache-control:
      - no-cache
      content-length:
      - '134'
      content-type:
      - application/json; charset=utf-8
      date:
      - Thu, 25 May 2023 23:23:50 GMT
      expires:
      - '-1'
      pragma:
      - no-cache
      server:
      - Microsoft-HTTPAPI/2.0
      - Microsoft-HTTPAPI/2.0
      strict-transport-security:
      - max-age=31536000; includeSubDomains
      transfer-encoding:
      - chunked
      vary:
      - Accept-Encoding
      x-content-type-options:
      - nosniff
      x-ms-ratelimit-remaining-resource:
      - Microsoft.Compute/GetOperation3Min;49981,Microsoft.Compute/GetOperation30Min;399961
    status:
      code: 200
      message: OK
- request:
    body: null
    headers:
      Accept:
      - '*/*'
      Accept-Encoding:
      - gzip, deflate
      CommandName:
      - disk create
      Connection:
      - keep-alive
      ParameterSetName:
      - -g -n --security-type --hyper-v-generation --secure-vm-disk-encryption-set
        --image-reference
      User-Agent:
      - AZURECLI/2.47.0 azsdk-python-azure-mgmt-compute/29.1.0 Python/3.10.11 (Linux-5.15.0-1036-azure-x86_64-with-glibc2.31)
        VSTS_7b238909-6802-4b65-b90d-184bca47f458_build_220_0
    method: GET
    uri: https://management.azure.com/subscriptions/00000000-0000-0000-0000-000000000000/providers/Microsoft.Compute/locations/westus/DiskOperations/12a7bf03-90fc-4839-95ac-4b183641c3d4?p=42128af7-4c72-4222-9761-fb0d8e6cebdc&api-version=2022-07-02
  response:
    body:
      string: "{\r\n  \"startTime\": \"2023-05-25T23:23:07.7512596+00:00\",\r\n  \"status\":
        \"InProgress\",\r\n  \"name\": \"12a7bf03-90fc-4839-95ac-4b183641c3d4\"\r\n}"
    headers:
      cache-control:
      - no-cache
      content-length:
      - '134'
      content-type:
      - application/json; charset=utf-8
      date:
      - Thu, 25 May 2023 23:24:20 GMT
      expires:
      - '-1'
      pragma:
      - no-cache
      server:
      - Microsoft-HTTPAPI/2.0
      - Microsoft-HTTPAPI/2.0
      strict-transport-security:
      - max-age=31536000; includeSubDomains
      transfer-encoding:
      - chunked
      vary:
      - Accept-Encoding
      x-content-type-options:
      - nosniff
      x-ms-ratelimit-remaining-resource:
      - Microsoft.Compute/GetOperation3Min;49981,Microsoft.Compute/GetOperation30Min;399958
    status:
      code: 200
      message: OK
- request:
    body: null
    headers:
      Accept:
      - '*/*'
      Accept-Encoding:
      - gzip, deflate
      CommandName:
      - disk create
      Connection:
      - keep-alive
      ParameterSetName:
      - -g -n --security-type --hyper-v-generation --secure-vm-disk-encryption-set
        --image-reference
      User-Agent:
      - AZURECLI/2.47.0 azsdk-python-azure-mgmt-compute/29.1.0 Python/3.10.11 (Linux-5.15.0-1036-azure-x86_64-with-glibc2.31)
        VSTS_7b238909-6802-4b65-b90d-184bca47f458_build_220_0
    method: GET
    uri: https://management.azure.com/subscriptions/00000000-0000-0000-0000-000000000000/providers/Microsoft.Compute/locations/westus/DiskOperations/12a7bf03-90fc-4839-95ac-4b183641c3d4?p=42128af7-4c72-4222-9761-fb0d8e6cebdc&api-version=2022-07-02
  response:
    body:
      string: "{\r\n  \"startTime\": \"2023-05-25T23:23:07.7512596+00:00\",\r\n  \"status\":
        \"InProgress\",\r\n  \"name\": \"12a7bf03-90fc-4839-95ac-4b183641c3d4\"\r\n}"
    headers:
      cache-control:
      - no-cache
      content-length:
      - '134'
      content-type:
      - application/json; charset=utf-8
      date:
      - Thu, 25 May 2023 23:24:50 GMT
      expires:
      - '-1'
      pragma:
      - no-cache
      server:
      - Microsoft-HTTPAPI/2.0
      - Microsoft-HTTPAPI/2.0
      strict-transport-security:
      - max-age=31536000; includeSubDomains
      transfer-encoding:
      - chunked
      vary:
      - Accept-Encoding
      x-content-type-options:
      - nosniff
      x-ms-ratelimit-remaining-resource:
      - Microsoft.Compute/GetOperation3Min;49981,Microsoft.Compute/GetOperation30Min;399955
    status:
      code: 200
      message: OK
- request:
    body: null
    headers:
      Accept:
      - '*/*'
      Accept-Encoding:
      - gzip, deflate
      CommandName:
      - disk create
      Connection:
      - keep-alive
      ParameterSetName:
      - -g -n --security-type --hyper-v-generation --secure-vm-disk-encryption-set
        --image-reference
      User-Agent:
      - AZURECLI/2.47.0 azsdk-python-azure-mgmt-compute/29.1.0 Python/3.10.11 (Linux-5.15.0-1036-azure-x86_64-with-glibc2.31)
        VSTS_7b238909-6802-4b65-b90d-184bca47f458_build_220_0
    method: GET
    uri: https://management.azure.com/subscriptions/00000000-0000-0000-0000-000000000000/providers/Microsoft.Compute/locations/westus/DiskOperations/12a7bf03-90fc-4839-95ac-4b183641c3d4?p=42128af7-4c72-4222-9761-fb0d8e6cebdc&api-version=2022-07-02
  response:
    body:
      string: "{\r\n  \"startTime\": \"2023-05-25T23:23:07.7512596+00:00\",\r\n  \"status\":
        \"InProgress\",\r\n  \"name\": \"12a7bf03-90fc-4839-95ac-4b183641c3d4\"\r\n}"
    headers:
      cache-control:
      - no-cache
      content-length:
      - '134'
      content-type:
      - application/json; charset=utf-8
      date:
      - Thu, 25 May 2023 23:25:21 GMT
      expires:
      - '-1'
      pragma:
      - no-cache
      server:
      - Microsoft-HTTPAPI/2.0
      - Microsoft-HTTPAPI/2.0
      strict-transport-security:
      - max-age=31536000; includeSubDomains
      transfer-encoding:
      - chunked
      vary:
      - Accept-Encoding
      x-content-type-options:
      - nosniff
      x-ms-ratelimit-remaining-resource:
      - Microsoft.Compute/GetOperation3Min;49981,Microsoft.Compute/GetOperation30Min;399952
    status:
      code: 200
      message: OK
- request:
    body: null
    headers:
      Accept:
      - '*/*'
      Accept-Encoding:
      - gzip, deflate
      CommandName:
      - disk create
      Connection:
      - keep-alive
      ParameterSetName:
      - -g -n --security-type --hyper-v-generation --secure-vm-disk-encryption-set
        --image-reference
      User-Agent:
      - AZURECLI/2.47.0 azsdk-python-azure-mgmt-compute/29.1.0 Python/3.10.11 (Linux-5.15.0-1036-azure-x86_64-with-glibc2.31)
        VSTS_7b238909-6802-4b65-b90d-184bca47f458_build_220_0
    method: GET
    uri: https://management.azure.com/subscriptions/00000000-0000-0000-0000-000000000000/providers/Microsoft.Compute/locations/westus/DiskOperations/12a7bf03-90fc-4839-95ac-4b183641c3d4?p=42128af7-4c72-4222-9761-fb0d8e6cebdc&api-version=2022-07-02
  response:
    body:
      string: "{\r\n  \"startTime\": \"2023-05-25T23:23:07.7512596+00:00\",\r\n  \"status\":
        \"InProgress\",\r\n  \"name\": \"12a7bf03-90fc-4839-95ac-4b183641c3d4\"\r\n}"
    headers:
      cache-control:
      - no-cache
      content-length:
      - '134'
      content-type:
      - application/json; charset=utf-8
      date:
      - Thu, 25 May 2023 23:25:50 GMT
      expires:
      - '-1'
      pragma:
      - no-cache
      server:
      - Microsoft-HTTPAPI/2.0
      - Microsoft-HTTPAPI/2.0
      strict-transport-security:
      - max-age=31536000; includeSubDomains
      transfer-encoding:
      - chunked
      vary:
      - Accept-Encoding
      x-content-type-options:
      - nosniff
      x-ms-ratelimit-remaining-resource:
      - Microsoft.Compute/GetOperation3Min;49981,Microsoft.Compute/GetOperation30Min;399949
    status:
      code: 200
      message: OK
- request:
    body: null
    headers:
      Accept:
      - '*/*'
      Accept-Encoding:
      - gzip, deflate
      CommandName:
      - disk create
      Connection:
      - keep-alive
      ParameterSetName:
      - -g -n --security-type --hyper-v-generation --secure-vm-disk-encryption-set
        --image-reference
      User-Agent:
      - AZURECLI/2.47.0 azsdk-python-azure-mgmt-compute/29.1.0 Python/3.10.11 (Linux-5.15.0-1036-azure-x86_64-with-glibc2.31)
        VSTS_7b238909-6802-4b65-b90d-184bca47f458_build_220_0
    method: GET
    uri: https://management.azure.com/subscriptions/00000000-0000-0000-0000-000000000000/providers/Microsoft.Compute/locations/westus/DiskOperations/12a7bf03-90fc-4839-95ac-4b183641c3d4?p=42128af7-4c72-4222-9761-fb0d8e6cebdc&api-version=2022-07-02
  response:
    body:
      string: "{\r\n  \"startTime\": \"2023-05-25T23:23:07.7512596+00:00\",\r\n  \"status\":
        \"InProgress\",\r\n  \"name\": \"12a7bf03-90fc-4839-95ac-4b183641c3d4\"\r\n}"
    headers:
      cache-control:
      - no-cache
      content-length:
      - '134'
      content-type:
      - application/json; charset=utf-8
      date:
      - Thu, 25 May 2023 23:26:20 GMT
      expires:
      - '-1'
      pragma:
      - no-cache
      server:
      - Microsoft-HTTPAPI/2.0
      - Microsoft-HTTPAPI/2.0
      strict-transport-security:
      - max-age=31536000; includeSubDomains
      transfer-encoding:
      - chunked
      vary:
      - Accept-Encoding
      x-content-type-options:
      - nosniff
      x-ms-ratelimit-remaining-resource:
      - Microsoft.Compute/GetOperation3Min;49983,Microsoft.Compute/GetOperation30Min;399946
    status:
      code: 200
      message: OK
- request:
    body: null
    headers:
      Accept:
      - '*/*'
      Accept-Encoding:
      - gzip, deflate
      CommandName:
      - disk create
      Connection:
      - keep-alive
      ParameterSetName:
      - -g -n --security-type --hyper-v-generation --secure-vm-disk-encryption-set
        --image-reference
      User-Agent:
      - AZURECLI/2.47.0 azsdk-python-azure-mgmt-compute/29.1.0 Python/3.10.11 (Linux-5.15.0-1036-azure-x86_64-with-glibc2.31)
        VSTS_7b238909-6802-4b65-b90d-184bca47f458_build_220_0
    method: GET
    uri: https://management.azure.com/subscriptions/00000000-0000-0000-0000-000000000000/providers/Microsoft.Compute/locations/westus/DiskOperations/12a7bf03-90fc-4839-95ac-4b183641c3d4?p=42128af7-4c72-4222-9761-fb0d8e6cebdc&api-version=2022-07-02
  response:
    body:
      string: "{\r\n  \"startTime\": \"2023-05-25T23:23:07.7512596+00:00\",\r\n  \"status\":
        \"InProgress\",\r\n  \"name\": \"12a7bf03-90fc-4839-95ac-4b183641c3d4\"\r\n}"
    headers:
      cache-control:
      - no-cache
      content-length:
      - '134'
      content-type:
      - application/json; charset=utf-8
      date:
      - Thu, 25 May 2023 23:26:50 GMT
      expires:
      - '-1'
      pragma:
      - no-cache
      server:
      - Microsoft-HTTPAPI/2.0
      - Microsoft-HTTPAPI/2.0
      strict-transport-security:
      - max-age=31536000; includeSubDomains
      transfer-encoding:
      - chunked
      vary:
      - Accept-Encoding
      x-content-type-options:
      - nosniff
      x-ms-ratelimit-remaining-resource:
      - Microsoft.Compute/GetOperation3Min;49983,Microsoft.Compute/GetOperation30Min;399943
    status:
      code: 200
      message: OK
- request:
    body: null
    headers:
      Accept:
      - '*/*'
      Accept-Encoding:
      - gzip, deflate
      CommandName:
      - disk create
      Connection:
      - keep-alive
      ParameterSetName:
      - -g -n --security-type --hyper-v-generation --secure-vm-disk-encryption-set
        --image-reference
      User-Agent:
      - AZURECLI/2.47.0 azsdk-python-azure-mgmt-compute/29.1.0 Python/3.10.11 (Linux-5.15.0-1036-azure-x86_64-with-glibc2.31)
        VSTS_7b238909-6802-4b65-b90d-184bca47f458_build_220_0
    method: GET
    uri: https://management.azure.com/subscriptions/00000000-0000-0000-0000-000000000000/providers/Microsoft.Compute/locations/westus/DiskOperations/12a7bf03-90fc-4839-95ac-4b183641c3d4?p=42128af7-4c72-4222-9761-fb0d8e6cebdc&api-version=2022-07-02
  response:
    body:
      string: "{\r\n  \"startTime\": \"2023-05-25T23:23:07.7512596+00:00\",\r\n  \"status\":
        \"InProgress\",\r\n  \"name\": \"12a7bf03-90fc-4839-95ac-4b183641c3d4\"\r\n}"
    headers:
      cache-control:
      - no-cache
      content-length:
      - '134'
      content-type:
      - application/json; charset=utf-8
      date:
      - Thu, 25 May 2023 23:27:21 GMT
      expires:
      - '-1'
      pragma:
      - no-cache
      server:
      - Microsoft-HTTPAPI/2.0
      - Microsoft-HTTPAPI/2.0
      strict-transport-security:
      - max-age=31536000; includeSubDomains
      transfer-encoding:
      - chunked
      vary:
      - Accept-Encoding
      x-content-type-options:
      - nosniff
      x-ms-ratelimit-remaining-resource:
      - Microsoft.Compute/GetOperation3Min;49982,Microsoft.Compute/GetOperation30Min;399940
    status:
      code: 200
      message: OK
- request:
    body: null
    headers:
      Accept:
      - '*/*'
      Accept-Encoding:
      - gzip, deflate
      CommandName:
      - disk create
      Connection:
      - keep-alive
      ParameterSetName:
      - -g -n --security-type --hyper-v-generation --secure-vm-disk-encryption-set
        --image-reference
      User-Agent:
      - AZURECLI/2.47.0 azsdk-python-azure-mgmt-compute/29.1.0 Python/3.10.11 (Linux-5.15.0-1036-azure-x86_64-with-glibc2.31)
        VSTS_7b238909-6802-4b65-b90d-184bca47f458_build_220_0
    method: GET
    uri: https://management.azure.com/subscriptions/00000000-0000-0000-0000-000000000000/providers/Microsoft.Compute/locations/westus/DiskOperations/12a7bf03-90fc-4839-95ac-4b183641c3d4?p=42128af7-4c72-4222-9761-fb0d8e6cebdc&api-version=2022-07-02
  response:
    body:
      string: "{\r\n  \"startTime\": \"2023-05-25T23:23:07.7512596+00:00\",\r\n  \"endTime\":
        \"2023-05-25T23:27:42.3126512+00:00\",\r\n  \"status\": \"Succeeded\",\r\n
        \ \"properties\": {\r\n    \"output\": {\"name\":\"d2-000006\",\"id\":\"/subscriptions/00000000-0000-0000-0000-000000000000/resourceGroups/cli_test_confidential_disk_encryption_set_000001/providers/Microsoft.Compute/disks/d2-000006\",\"type\":\"Microsoft.Compute/disks\",\"location\":\"westus\",\"tags\":{},\"sku\":{\"name\":\"Premium_LRS\",\"tier\":\"Premium\"},\"properties\":{\"osType\":\"Windows\",\"hyperVGeneration\":\"V2\",\"supportedCapabilities\":{\"architecture\":\"x64\"},\"creationData\":{\"createOption\":\"FromImage\",\"imageReference\":{\"id\":\"/Subscriptions/00000000-0000-0000-0000-000000000000/Providers/Microsoft.Compute/Locations/westus/Publishers/MicrosoftWindowsServer/ArtifactTypes/VMImage/Offers/windows-cvm/Skus/2022-datacenter-cvm/Versions/20348.469.220106\"}},\"diskSizeGB\":16,\"diskIOPSReadWrite\":120,\"diskMBpsReadWrite\":25,\"encryption\":{\"type\":\"EncryptionAtRestWithPlatformKey\"},\"networkAccessPolicy\":\"AllowAll\",\"securityProfile\":{\"securityType\":\"ConfidentialVM_DiskEncryptedWithCustomerKey\",\"secureVMDiskEncryptionSetId\":\"/subscriptions/00000000-0000-0000-0000-000000000000/resourceGroups/cli_test_confidential_disk_encryption_set_000001/providers/Microsoft.Compute/diskEncryptionSets/des-000004\"},\"publicNetworkAccess\":\"Enabled\",\"timeCreated\":\"2023-05-25T23:23:07.7668961+00:00\",\"provisioningState\":\"Succeeded\",\"diskState\":\"Unattached\",\"diskSizeBytes\":17181966336,\"uniqueId\":\"d97c78bb-b129-4649-ab00-1a098a521196\",\"tier\":\"P3\"}}\r\n
        \ },\r\n  \"name\": \"12a7bf03-90fc-4839-95ac-4b183641c3d4\"\r\n}"
    headers:
      cache-control:
      - no-cache
      content-length:
      - '1587'
      content-type:
      - application/json; charset=utf-8
      date:
      - Thu, 25 May 2023 23:27:51 GMT
      expires:
      - '-1'
      pragma:
      - no-cache
      server:
      - Microsoft-HTTPAPI/2.0
      - Microsoft-HTTPAPI/2.0
      strict-transport-security:
      - max-age=31536000; includeSubDomains
      transfer-encoding:
      - chunked
      vary:
      - Accept-Encoding
      x-content-type-options:
      - nosniff
      x-ms-ratelimit-remaining-resource:
      - Microsoft.Compute/GetOperation3Min;49982,Microsoft.Compute/GetOperation30Min;399937
    status:
      code: 200
      message: OK
- request:
    body: null
    headers:
      Accept:
      - '*/*'
      Accept-Encoding:
      - gzip, deflate
      CommandName:
      - disk create
      Connection:
      - keep-alive
      ParameterSetName:
      - -g -n --security-type --hyper-v-generation --secure-vm-disk-encryption-set
        --image-reference
      User-Agent:
      - AZURECLI/2.47.0 azsdk-python-azure-mgmt-compute/29.1.0 Python/3.10.11 (Linux-5.15.0-1036-azure-x86_64-with-glibc2.31)
        VSTS_7b238909-6802-4b65-b90d-184bca47f458_build_220_0
    method: GET
    uri: https://management.azure.com/subscriptions/00000000-0000-0000-0000-000000000000/resourceGroups/cli_test_confidential_disk_encryption_set_000001/providers/Microsoft.Compute/disks/d2-000006?api-version=2022-07-02
  response:
    body:
      string: "{\r\n  \"name\": \"d2-000006\",\r\n  \"id\": \"/subscriptions/00000000-0000-0000-0000-000000000000/resourceGroups/cli_test_confidential_disk_encryption_set_000001/providers/Microsoft.Compute/disks/d2-000006\",\r\n
        \ \"type\": \"Microsoft.Compute/disks\",\r\n  \"location\": \"westus\",\r\n
        \ \"tags\": {},\r\n  \"sku\": {\r\n    \"name\": \"Premium_LRS\",\r\n    \"tier\":
        \"Premium\"\r\n  },\r\n  \"properties\": {\r\n    \"osType\": \"Windows\",\r\n
        \   \"hyperVGeneration\": \"V2\",\r\n    \"supportedCapabilities\": {\r\n
        \     \"architecture\": \"x64\"\r\n    },\r\n    \"creationData\": {\r\n      \"createOption\":
        \"FromImage\",\r\n      \"imageReference\": {\r\n        \"id\": \"/Subscriptions/00000000-0000-0000-0000-000000000000/Providers/Microsoft.Compute/Locations/westus/Publishers/MicrosoftWindowsServer/ArtifactTypes/VMImage/Offers/windows-cvm/Skus/2022-datacenter-cvm/Versions/20348.469.220106\"\r\n
        \     }\r\n    },\r\n    \"diskSizeGB\": 16,\r\n    \"diskIOPSReadWrite\":
        120,\r\n    \"diskMBpsReadWrite\": 25,\r\n    \"encryption\": {\r\n      \"type\":
        \"EncryptionAtRestWithPlatformKey\"\r\n    },\r\n    \"networkAccessPolicy\":
        \"AllowAll\",\r\n    \"securityProfile\": {\r\n      \"securityType\": \"ConfidentialVM_DiskEncryptedWithCustomerKey\",\r\n
        \     \"secureVMDiskEncryptionSetId\": \"/subscriptions/00000000-0000-0000-0000-000000000000/resourceGroups/cli_test_confidential_disk_encryption_set_000001/providers/Microsoft.Compute/diskEncryptionSets/des-000004\"\r\n
        \   },\r\n    \"publicNetworkAccess\": \"Enabled\",\r\n    \"timeCreated\":
        \"2023-05-25T23:23:07.7668961+00:00\",\r\n    \"provisioningState\": \"Succeeded\",\r\n
        \   \"diskState\": \"Unattached\",\r\n    \"diskSizeBytes\": 17181966336,\r\n
        \   \"uniqueId\": \"d97c78bb-b129-4649-ab00-1a098a521196\",\r\n    \"tier\":
        \"P3\"\r\n  }\r\n}"
    headers:
      cache-control:
      - no-cache
      content-length:
      - '1637'
      content-type:
      - application/json; charset=utf-8
      date:
      - Thu, 25 May 2023 23:27:51 GMT
      expires:
      - '-1'
      pragma:
      - no-cache
      server:
      - Microsoft-HTTPAPI/2.0
      - Microsoft-HTTPAPI/2.0
      strict-transport-security:
      - max-age=31536000; includeSubDomains
      transfer-encoding:
      - chunked
      vary:
      - Accept-Encoding
      x-content-type-options:
      - nosniff
      x-ms-ratelimit-remaining-resource:
      - Microsoft.Compute/LowCostGet3Min;14993,Microsoft.Compute/LowCostGet30Min;119979
    status:
      code: 200
      message: OK
version: 1
