interactions:
- request:
    body: null
    headers:
      Accept:
      - application/json
      Accept-Encoding:
      - gzip, deflate
      CommandName:
      - vmss create
      Connection:
      - keep-alive
      ParameterSetName:
      - -g -n --image --data-disk-sizes-gb --data-disk-iops --data-disk-mbps --ultra-ssd-enabled
        --zone --vm-sku --storage-sku --location --admin-username --lb
      User-Agent:
      - AZURECLI/2.47.0 azsdk-python-azure-mgmt-compute/29.1.0 Python/3.10.11 (Linux-5.15.0-1036-azure-x86_64-with-glibc2.31)
        VSTS_7b238909-6802-4b65-b90d-184bca47f458_build_220_0
    method: GET
    uri: https://management.azure.com/subscriptions/00000000-0000-0000-0000-000000000000/providers/Microsoft.Compute/locations/eastus/publishers/Debian/artifacttypes/vmimage/offers/debian-10/skus/10/versions?$top=1&$orderby=name%20desc&api-version=2022-11-01
  response:
    body:
      string: "[\r\n  {\r\n    \"location\": \"eastus\",\r\n    \"name\": \"0.20230222.1299\",\r\n
        \   \"id\": \"/Subscriptions/00000000-0000-0000-0000-000000000000/Providers/Microsoft.Compute/Locations/eastus/Publishers/Debian/ArtifactTypes/VMImage/Offers/debian-10/Skus/10/Versions/0.20230222.1299\"\r\n
        \ }\r\n]"
    headers:
      cache-control:
      - no-cache
      content-length:
      - '273'
      content-type:
      - application/json; charset=utf-8
      date:
      - Fri, 26 May 2023 00:56:01 GMT
      expires:
      - '-1'
      pragma:
      - no-cache
      server:
      - Microsoft-HTTPAPI/2.0
      - Microsoft-HTTPAPI/2.0
      strict-transport-security:
      - max-age=31536000; includeSubDomains
      transfer-encoding:
      - chunked
      vary:
      - Accept-Encoding
      x-content-type-options:
      - nosniff
      x-ms-ratelimit-remaining-resource:
      - Microsoft.Compute/ListVMImagesVersionsFromLocation3Min;15999,Microsoft.Compute/ListVMImagesVersionsFromLocation30Min;43998
    status:
      code: 200
      message: OK
- request:
    body: null
    headers:
      Accept:
      - application/json
      Accept-Encoding:
      - gzip, deflate
      CommandName:
      - vmss create
      Connection:
      - keep-alive
      ParameterSetName:
      - -g -n --image --data-disk-sizes-gb --data-disk-iops --data-disk-mbps --ultra-ssd-enabled
        --zone --vm-sku --storage-sku --location --admin-username --lb
      User-Agent:
      - AZURECLI/2.47.0 azsdk-python-azure-mgmt-compute/29.1.0 Python/3.10.11 (Linux-5.15.0-1036-azure-x86_64-with-glibc2.31)
        VSTS_7b238909-6802-4b65-b90d-184bca47f458_build_220_0
    method: GET
    uri: https://management.azure.com/subscriptions/00000000-0000-0000-0000-000000000000/providers/Microsoft.Compute/locations/eastus/publishers/Debian/artifacttypes/vmimage/offers/debian-10/skus/10/versions/0.20230222.1299?api-version=2022-11-01
  response:
    body:
      string: "{\r\n  \"properties\": {\r\n    \"hyperVGeneration\": \"V1\",\r\n    \"architecture\":
        \"x64\",\r\n    \"replicaType\": \"Unmanaged\",\r\n    \"disallowed\": {\r\n
        \     \"vmDiskType\": \"None\"\r\n    },\r\n    \"automaticOSUpgradeProperties\":
        {\r\n      \"automaticOSUpgradeSupported\": false\r\n    },\r\n    \"imageDeprecationStatus\":
        {\r\n      \"imageState\": \"Active\"\r\n    },\r\n    \"features\": [\r\n
        \     {\r\n        \"name\": \"IsAcceleratedNetworkSupported\",\r\n        \"value\":
        \"True\"\r\n      },\r\n      {\r\n        \"name\": \"DiskControllerTypes\",\r\n
        \       \"value\": \"SCSI\"\r\n      },\r\n      {\r\n        \"name\": \"IsHibernateSupported\",\r\n
        \       \"value\": \"False\"\r\n      }\r\n    ],\r\n    \"osDiskImage\":
        {\r\n      \"operatingSystem\": \"Linux\",\r\n      \"sizeInGb\": 30,\r\n
        \     \"sizeInBytes\": 32212255232\r\n    },\r\n    \"dataDiskImages\": []\r\n
        \ },\r\n  \"location\": \"eastus\",\r\n  \"name\": \"0.20230222.1299\",\r\n
        \ \"id\": \"/Subscriptions/00000000-0000-0000-0000-000000000000/Providers/Microsoft.Compute/Locations/eastus/Publishers/Debian/ArtifactTypes/VMImage/Offers/debian-10/Skus/10/Versions/0.20230222.1299\"\r\n}"
    headers:
      cache-control:
      - no-cache
      content-length:
      - '1031'
      content-type:
      - application/json; charset=utf-8
      date:
      - Fri, 26 May 2023 00:56:02 GMT
      expires:
      - '-1'
      pragma:
      - no-cache
      server:
      - Microsoft-HTTPAPI/2.0
      - Microsoft-HTTPAPI/2.0
      strict-transport-security:
      - max-age=31536000; includeSubDomains
      transfer-encoding:
      - chunked
      vary:
      - Accept-Encoding
      x-content-type-options:
      - nosniff
      x-ms-ratelimit-remaining-resource:
      - Microsoft.Compute/GetVMImageFromLocation3Min;12999,Microsoft.Compute/GetVMImageFromLocation30Min;73997
    status:
      code: 200
      message: OK
- request:
    body: null
    headers:
      Accept:
      - application/json
      Accept-Encoding:
      - gzip, deflate
      CommandName:
      - vmss create
      Connection:
      - keep-alive
      ParameterSetName:
      - -g -n --image --data-disk-sizes-gb --data-disk-iops --data-disk-mbps --ultra-ssd-enabled
        --zone --vm-sku --storage-sku --location --admin-username --lb
      User-Agent:
      - AZURECLI/2.47.0 (AAZ) azsdk-python-core/1.24.0 Python/3.10.11 (Linux-5.15.0-1036-azure-x86_64-with-glibc2.31)
        VSTS_7b238909-6802-4b65-b90d-184bca47f458_build_220_0
    method: GET
    uri: https://management.azure.com/subscriptions/00000000-0000-0000-0000-000000000000/resourceGroups/cli_test_vmss_create_disk_iops_mbps_000001/providers/Microsoft.Network/virtualNetworks?api-version=2022-01-01
  response:
    body:
      string: '{"value":[]}'
    headers:
      cache-control:
      - no-cache
      content-length:
      - '12'
      content-type:
      - application/json; charset=utf-8
      date:
      - Fri, 26 May 2023 00:56:02 GMT
      expires:
      - '-1'
      pragma:
      - no-cache
      strict-transport-security:
      - max-age=31536000; includeSubDomains
      vary:
      - Accept-Encoding
      x-content-type-options:
      - nosniff
    status:
      code: 200
      message: OK
- request:
    body: null
    headers:
      Accept:
      - application/json
      Accept-Encoding:
      - gzip, deflate
      CommandName:
      - vmss create
      Connection:
      - keep-alive
      ParameterSetName:
      - -g -n --image --data-disk-sizes-gb --data-disk-iops --data-disk-mbps --ultra-ssd-enabled
        --zone --vm-sku --storage-sku --location --admin-username --lb
      User-Agent:
      - AZURECLI/2.47.0 azsdk-python-azure-mgmt-compute/29.1.0 Python/3.10.11 (Linux-5.15.0-1036-azure-x86_64-with-glibc2.31)
        VSTS_7b238909-6802-4b65-b90d-184bca47f458_build_220_0
    method: GET
    uri: https://management.azure.com/subscriptions/00000000-0000-0000-0000-000000000000/providers/Microsoft.Compute/locations/eastus/publishers/Debian/artifacttypes/vmimage/offers/debian-10/skus/10/versions?$top=1&$orderby=name%20desc&api-version=2022-11-01
  response:
    body:
      string: "[\r\n  {\r\n    \"location\": \"eastus\",\r\n    \"name\": \"0.20230222.1299\",\r\n
        \   \"id\": \"/Subscriptions/00000000-0000-0000-0000-000000000000/Providers/Microsoft.Compute/Locations/eastus/Publishers/Debian/ArtifactTypes/VMImage/Offers/debian-10/Skus/10/Versions/0.20230222.1299\"\r\n
        \ }\r\n]"
    headers:
      cache-control:
      - no-cache
      content-length:
      - '273'
      content-type:
      - application/json; charset=utf-8
      date:
      - Fri, 26 May 2023 00:56:02 GMT
      expires:
      - '-1'
      pragma:
      - no-cache
      server:
      - Microsoft-HTTPAPI/2.0
      - Microsoft-HTTPAPI/2.0
      strict-transport-security:
      - max-age=31536000; includeSubDomains
      transfer-encoding:
      - chunked
      vary:
      - Accept-Encoding
      x-content-type-options:
      - nosniff
      x-ms-ratelimit-remaining-resource:
      - Microsoft.Compute/ListVMImagesVersionsFromLocation3Min;15998,Microsoft.Compute/ListVMImagesVersionsFromLocation30Min;43997
    status:
      code: 200
      message: OK
- request:
    body: null
    headers:
      Accept:
      - application/json
      Accept-Encoding:
      - gzip, deflate
      CommandName:
      - vmss create
      Connection:
      - keep-alive
      ParameterSetName:
      - -g -n --image --data-disk-sizes-gb --data-disk-iops --data-disk-mbps --ultra-ssd-enabled
        --zone --vm-sku --storage-sku --location --admin-username --lb
      User-Agent:
      - AZURECLI/2.47.0 azsdk-python-azure-mgmt-compute/29.1.0 Python/3.10.11 (Linux-5.15.0-1036-azure-x86_64-with-glibc2.31)
        VSTS_7b238909-6802-4b65-b90d-184bca47f458_build_220_0
    method: GET
    uri: https://management.azure.com/subscriptions/00000000-0000-0000-0000-000000000000/providers/Microsoft.Compute/locations/eastus/publishers/Debian/artifacttypes/vmimage/offers/debian-10/skus/10/versions/0.20230222.1299?api-version=2022-11-01
  response:
    body:
      string: "{\r\n  \"properties\": {\r\n    \"hyperVGeneration\": \"V1\",\r\n    \"architecture\":
        \"x64\",\r\n    \"replicaType\": \"Unmanaged\",\r\n    \"disallowed\": {\r\n
        \     \"vmDiskType\": \"None\"\r\n    },\r\n    \"automaticOSUpgradeProperties\":
        {\r\n      \"automaticOSUpgradeSupported\": false\r\n    },\r\n    \"imageDeprecationStatus\":
        {\r\n      \"imageState\": \"Active\"\r\n    },\r\n    \"features\": [\r\n
        \     {\r\n        \"name\": \"IsAcceleratedNetworkSupported\",\r\n        \"value\":
        \"True\"\r\n      },\r\n      {\r\n        \"name\": \"DiskControllerTypes\",\r\n
        \       \"value\": \"SCSI\"\r\n      },\r\n      {\r\n        \"name\": \"IsHibernateSupported\",\r\n
        \       \"value\": \"False\"\r\n      }\r\n    ],\r\n    \"osDiskImage\":
        {\r\n      \"operatingSystem\": \"Linux\",\r\n      \"sizeInGb\": 30,\r\n
        \     \"sizeInBytes\": 32212255232\r\n    },\r\n    \"dataDiskImages\": []\r\n
        \ },\r\n  \"location\": \"eastus\",\r\n  \"name\": \"0.20230222.1299\",\r\n
        \ \"id\": \"/Subscriptions/00000000-0000-0000-0000-000000000000/Providers/Microsoft.Compute/Locations/eastus/Publishers/Debian/ArtifactTypes/VMImage/Offers/debian-10/Skus/10/Versions/0.20230222.1299\"\r\n}"
    headers:
      cache-control:
      - no-cache
      content-length:
      - '1031'
      content-type:
      - application/json; charset=utf-8
      date:
      - Fri, 26 May 2023 00:56:02 GMT
      expires:
      - '-1'
      pragma:
      - no-cache
      server:
      - Microsoft-HTTPAPI/2.0
      - Microsoft-HTTPAPI/2.0
      strict-transport-security:
      - max-age=31536000; includeSubDomains
      transfer-encoding:
      - chunked
      vary:
      - Accept-Encoding
      x-content-type-options:
      - nosniff
      x-ms-ratelimit-remaining-resource:
      - Microsoft.Compute/GetVMImageFromLocation3Min;12998,Microsoft.Compute/GetVMImageFromLocation30Min;73996
    status:
      code: 200
      message: OK
- request:
    body: null
    headers:
      Accept:
      - application/json
      Accept-Encoding:
      - gzip, deflate
      CommandName:
      - vmss create
      Connection:
      - keep-alive
      ParameterSetName:
      - -g -n --image --data-disk-sizes-gb --data-disk-iops --data-disk-mbps --ultra-ssd-enabled
        --zone --vm-sku --storage-sku --location --admin-username --lb
      User-Agent:
      - AZURECLI/2.47.0 azsdk-python-azure-mgmt-compute/29.1.0 Python/3.10.11 (Linux-5.15.0-1036-azure-x86_64-with-glibc2.31)
        VSTS_7b238909-6802-4b65-b90d-184bca47f458_build_220_0
    method: GET
    uri: https://management.azure.com/subscriptions/00000000-0000-0000-0000-000000000000/providers/Microsoft.Compute/locations/eastus/publishers/Debian/artifacttypes/vmimage/offers/debian-10/skus/10/versions?$top=1&$orderby=name%20desc&api-version=2022-11-01
  response:
    body:
      string: "[\r\n  {\r\n    \"location\": \"eastus\",\r\n    \"name\": \"0.20230222.1299\",\r\n
        \   \"id\": \"/Subscriptions/00000000-0000-0000-0000-000000000000/Providers/Microsoft.Compute/Locations/eastus/Publishers/Debian/ArtifactTypes/VMImage/Offers/debian-10/Skus/10/Versions/0.20230222.1299\"\r\n
        \ }\r\n]"
    headers:
      cache-control:
      - no-cache
      content-length:
      - '273'
      content-type:
      - application/json; charset=utf-8
      date:
      - Fri, 26 May 2023 00:56:02 GMT
      expires:
      - '-1'
      pragma:
      - no-cache
      server:
      - Microsoft-HTTPAPI/2.0
      - Microsoft-HTTPAPI/2.0
      strict-transport-security:
      - max-age=31536000; includeSubDomains
      transfer-encoding:
      - chunked
      vary:
      - Accept-Encoding
      x-content-type-options:
      - nosniff
      x-ms-ratelimit-remaining-resource:
      - Microsoft.Compute/ListVMImagesVersionsFromLocation3Min;15997,Microsoft.Compute/ListVMImagesVersionsFromLocation30Min;43996
    status:
      code: 200
      message: OK
- request:
    body: null
    headers:
      Accept:
      - application/json
      Accept-Encoding:
      - gzip, deflate
      CommandName:
      - vmss create
      Connection:
      - keep-alive
      ParameterSetName:
      - -g -n --image --data-disk-sizes-gb --data-disk-iops --data-disk-mbps --ultra-ssd-enabled
        --zone --vm-sku --storage-sku --location --admin-username --lb
      User-Agent:
      - AZURECLI/2.47.0 azsdk-python-azure-mgmt-compute/29.1.0 Python/3.10.11 (Linux-5.15.0-1036-azure-x86_64-with-glibc2.31)
        VSTS_7b238909-6802-4b65-b90d-184bca47f458_build_220_0
    method: GET
    uri: https://management.azure.com/subscriptions/00000000-0000-0000-0000-000000000000/providers/Microsoft.Compute/locations/eastus/publishers/Debian/artifacttypes/vmimage/offers/debian-10/skus/10/versions/0.20230222.1299?api-version=2022-11-01
  response:
    body:
      string: "{\r\n  \"properties\": {\r\n    \"hyperVGeneration\": \"V1\",\r\n    \"architecture\":
        \"x64\",\r\n    \"replicaType\": \"Unmanaged\",\r\n    \"disallowed\": {\r\n
        \     \"vmDiskType\": \"None\"\r\n    },\r\n    \"automaticOSUpgradeProperties\":
        {\r\n      \"automaticOSUpgradeSupported\": false\r\n    },\r\n    \"imageDeprecationStatus\":
        {\r\n      \"imageState\": \"Active\"\r\n    },\r\n    \"features\": [\r\n
        \     {\r\n        \"name\": \"IsAcceleratedNetworkSupported\",\r\n        \"value\":
        \"True\"\r\n      },\r\n      {\r\n        \"name\": \"DiskControllerTypes\",\r\n
        \       \"value\": \"SCSI\"\r\n      },\r\n      {\r\n        \"name\": \"IsHibernateSupported\",\r\n
        \       \"value\": \"False\"\r\n      }\r\n    ],\r\n    \"osDiskImage\":
        {\r\n      \"operatingSystem\": \"Linux\",\r\n      \"sizeInGb\": 30,\r\n
        \     \"sizeInBytes\": 32212255232\r\n    },\r\n    \"dataDiskImages\": []\r\n
        \ },\r\n  \"location\": \"eastus\",\r\n  \"name\": \"0.20230222.1299\",\r\n
        \ \"id\": \"/Subscriptions/00000000-0000-0000-0000-000000000000/Providers/Microsoft.Compute/Locations/eastus/Publishers/Debian/ArtifactTypes/VMImage/Offers/debian-10/Skus/10/Versions/0.20230222.1299\"\r\n}"
    headers:
      cache-control:
      - no-cache
      content-length:
      - '1031'
      content-type:
      - application/json; charset=utf-8
      date:
      - Fri, 26 May 2023 00:56:02 GMT
      expires:
      - '-1'
      pragma:
      - no-cache
      server:
      - Microsoft-HTTPAPI/2.0
      - Microsoft-HTTPAPI/2.0
      strict-transport-security:
      - max-age=31536000; includeSubDomains
      transfer-encoding:
      - chunked
      vary:
      - Accept-Encoding
      x-content-type-options:
      - nosniff
      x-ms-ratelimit-remaining-resource:
      - Microsoft.Compute/GetVMImageFromLocation3Min;12997,Microsoft.Compute/GetVMImageFromLocation30Min;73995
    status:
      code: 200
      message: OK
- request:
    body: '{"properties": {"template": {"$schema": "https://schema.management.azure.com/schemas/2015-01-01/deploymentTemplate.json#",
      "contentVersion": "1.0.0.0", "parameters": {}, "variables": {}, "resources":
      [{"name": "vmss1VNET", "type": "Microsoft.Network/virtualNetworks", "location":
      "eastus", "apiVersion": "2015-06-15", "dependsOn": [], "tags": {}, "properties":
      {"addressSpace": {"addressPrefixes": ["10.0.0.0/16"]}, "subnets": [{"name":
      "vmss1Subnet", "properties": {"addressPrefix": "10.0.0.0/24"}}]}}, {"type":
      "Microsoft.Compute/virtualMachineScaleSets", "name": "vmss1", "location": "eastus",
      "tags": {}, "apiVersion": "2022-11-01", "dependsOn": ["Microsoft.Network/virtualNetworks/vmss1VNET"],
      "properties": {"overprovision": true, "upgradePolicy": {"mode": "manual", "rollingUpgradePolicy":
      {}}, "singlePlacementGroup": false, "additionalCapabilities": {"ultraSSDEnabled":
      true}, "virtualMachineProfile": {"storageProfile": {"osDisk": {"createOption":
      "FromImage", "caching": "ReadWrite", "managedDisk": {"storageAccountType": null}},
      "imageReference": {"publisher": "Debian", "offer": "debian-10", "sku": "10",
      "version": "latest"}, "dataDisks": [{"lun": 0, "managedDisk": {"storageAccountType":
      "UltraSSD_LRS"}, "createOption": "empty", "diskSizeGB": 10, "diskIOPSReadWrite":
      555, "diskMBpsReadWrite": 77}, {"lun": 1, "managedDisk": {"storageAccountType":
      "UltraSSD_LRS"}, "createOption": "empty", "diskSizeGB": 10, "diskIOPSReadWrite":
      666, "diskMBpsReadWrite": 88}]}, "osProfile": {"computerNamePrefix": "vmss10733",
      "adminUsername": "azureuser", "linuxConfiguration": {"disablePasswordAuthentication":
      true, "ssh": {"publicKeys": [{"path": "/home/azureuser/.ssh/authorized_keys",
      "keyData": "ssh-rsa AAAAB3NzaC1yc2EAAAADAQABAAABAQCs/i3lxwGxI+YVNYr4amHpKJDysk9+MptNWHI/LO3bjZcWNDz5M8P8kcvN2ihtiUET28dHk199I+9ElkHA7tPBqhziqQ9FUPRLwzYMGvg/Fcp695vQf/Ib4HJOHvuJq6mNZWRhBoj2W2QOKmhpMx+HClEkd5jbg5w8m2mb1LrXc7GPqg2AVhjPXprXp8ti20O3OhQW3Vupme95ETLCCwlWWumcE/LSX3z/xhC94VEAj7SuoV+I9UTpd8qcuz9uXrGhiJjH9iCPjEXV70lg9IlY0/lTuMCpUtO2arVOfH2ek6HBGTWZ9uk4uTaW7PObuy/IHZEFuHV5hpJ9M2UGD3VZ"}]}}},
      "networkProfile": {"networkInterfaceConfigurations": [{"name": "vmss10733Nic",
      "properties": {"ipConfigurations": [{"name": "vmss10733IPConfig", "properties":
      {"subnet": {"id": "/subscriptions/00000000-0000-0000-0000-000000000000/resourceGroups/cli_test_vmss_create_disk_iops_mbps_000001/providers/Microsoft.Network/virtualNetworks/vmss1VNET/subnets/vmss1Subnet"}}}],
      "primary": "true"}}]}}, "orchestrationMode": "Uniform"}, "sku": {"name": "Standard_D2s_v3",
      "capacity": 2}, "zones": ["1"]}], "outputs": {"VMSS": {"type": "object", "value":
      "[reference(resourceId(''Microsoft.Compute/virtualMachineScaleSets'', ''vmss1''),providers(''Microsoft.Compute'',
      ''virtualMachineScaleSets'').apiVersions[0])]"}}}, "parameters": {}, "mode":
      "incremental"}}'
    headers:
      Accept:
      - application/json
      Accept-Encoding:
      - gzip, deflate
      CommandName:
      - vmss create
      Connection:
      - keep-alive
      Content-Length:
      - '2831'
      Content-Type:
      - application/json
      ParameterSetName:
      - -g -n --image --data-disk-sizes-gb --data-disk-iops --data-disk-mbps --ultra-ssd-enabled
        --zone --vm-sku --storage-sku --location --admin-username --lb
      User-Agent:
      - AZURECLI/2.47.0 azsdk-python-azure-mgmt-resource/22.0.0 Python/3.10.11 (Linux-5.15.0-1036-azure-x86_64-with-glibc2.31)
        VSTS_7b238909-6802-4b65-b90d-184bca47f458_build_220_0
    method: PUT
    uri: https://management.azure.com/subscriptions/00000000-0000-0000-0000-000000000000/resourcegroups/cli_test_vmss_create_disk_iops_mbps_000001/providers/Microsoft.Resources/deployments/mock-deployment?api-version=2022-09-01
  response:
    body:
      string: '{"id":"/subscriptions/00000000-0000-0000-0000-000000000000/resourceGroups/cli_test_vmss_create_disk_iops_mbps_000001/providers/Microsoft.Resources/deployments/vmss_deploy_MWUBFZNoMOaB4PO7qXKQBgxVo6J8I7Zm","name":"vmss_deploy_MWUBFZNoMOaB4PO7qXKQBgxVo6J8I7Zm","type":"Microsoft.Resources/deployments","properties":{"templateHash":"15506259043473094063","parameters":{},"mode":"Incremental","provisioningState":"Accepted","timestamp":"2023-05-26T00:56:06.9545131Z","duration":"PT0.0004688S","correlationId":"fea0b0c3-72b2-438f-933c-e15a752262cb","providers":[{"namespace":"Microsoft.Network","resourceTypes":[{"resourceType":"virtualNetworks","locations":["eastus"]}]},{"namespace":"Microsoft.Compute","resourceTypes":[{"resourceType":"virtualMachineScaleSets","locations":["eastus"]}]}],"dependencies":[{"dependsOn":[{"id":"/subscriptions/00000000-0000-0000-0000-000000000000/resourceGroups/cli_test_vmss_create_disk_iops_mbps_000001/providers/Microsoft.Network/virtualNetworks/vmss1VNET","resourceType":"Microsoft.Network/virtualNetworks","resourceName":"vmss1VNET"}],"id":"/subscriptions/00000000-0000-0000-0000-000000000000/resourceGroups/cli_test_vmss_create_disk_iops_mbps_000001/providers/Microsoft.Compute/virtualMachineScaleSets/vmss1","resourceType":"Microsoft.Compute/virtualMachineScaleSets","resourceName":"vmss1"}]}}'
    headers:
      azure-asyncoperation:
      - https://management.azure.com/subscriptions/00000000-0000-0000-0000-000000000000/resourcegroups/cli_test_vmss_create_disk_iops_mbps_000001/providers/Microsoft.Resources/deployments/vmss_deploy_MWUBFZNoMOaB4PO7qXKQBgxVo6J8I7Zm/operationStatuses/08585165443189980911?api-version=2022-09-01
      cache-control:
      - no-cache
      content-length:
      - '1328'
      content-type:
      - application/json; charset=utf-8
      date:
      - Fri, 26 May 2023 00:56:06 GMT
      expires:
      - '-1'
      pragma:
      - no-cache
      strict-transport-security:
      - max-age=31536000; includeSubDomains
      x-content-type-options:
      - nosniff
      x-ms-ratelimit-remaining-subscription-writes:
      - '1197'
    status:
      code: 201
      message: Created
- request:
    body: null
    headers:
      Accept:
      - '*/*'
      Accept-Encoding:
      - gzip, deflate
      CommandName:
      - vmss create
      Connection:
      - keep-alive
      ParameterSetName:
      - -g -n --image --data-disk-sizes-gb --data-disk-iops --data-disk-mbps --ultra-ssd-enabled
        --zone --vm-sku --storage-sku --location --admin-username --lb
      User-Agent:
      - AZURECLI/2.47.0 azsdk-python-azure-mgmt-resource/22.0.0 Python/3.10.11 (Linux-5.15.0-1036-azure-x86_64-with-glibc2.31)
        VSTS_7b238909-6802-4b65-b90d-184bca47f458_build_220_0
    method: GET
    uri: https://management.azure.com/subscriptions/00000000-0000-0000-0000-000000000000/resourcegroups/cli_test_vmss_create_disk_iops_mbps_000001/providers/Microsoft.Resources/deployments/mock-deployment/operationStatuses/08585165443189980911?api-version=2022-09-01
  response:
    body:
      string: '{"status":"Running"}'
    headers:
      cache-control:
      - no-cache
      content-length:
      - '20'
      content-type:
      - application/json; charset=utf-8
      date:
      - Fri, 26 May 2023 00:56:36 GMT
      expires:
      - '-1'
      pragma:
      - no-cache
      strict-transport-security:
      - max-age=31536000; includeSubDomains
      vary:
      - Accept-Encoding
      x-content-type-options:
      - nosniff
    status:
      code: 200
      message: OK
- request:
    body: null
    headers:
      Accept:
      - '*/*'
      Accept-Encoding:
      - gzip, deflate
      CommandName:
      - vmss create
      Connection:
      - keep-alive
      ParameterSetName:
      - -g -n --image --data-disk-sizes-gb --data-disk-iops --data-disk-mbps --ultra-ssd-enabled
        --zone --vm-sku --storage-sku --location --admin-username --lb
      User-Agent:
      - AZURECLI/2.47.0 azsdk-python-azure-mgmt-resource/22.0.0 Python/3.10.11 (Linux-5.15.0-1036-azure-x86_64-with-glibc2.31)
        VSTS_7b238909-6802-4b65-b90d-184bca47f458_build_220_0
    method: GET
    uri: https://management.azure.com/subscriptions/00000000-0000-0000-0000-000000000000/resourcegroups/cli_test_vmss_create_disk_iops_mbps_000001/providers/Microsoft.Resources/deployments/mock-deployment/operationStatuses/08585165443189980911?api-version=2022-09-01
  response:
    body:
      string: '{"status":"Succeeded"}'
    headers:
      cache-control:
      - no-cache
      content-length:
      - '22'
      content-type:
      - application/json; charset=utf-8
      date:
      - Fri, 26 May 2023 00:57:06 GMT
      expires:
      - '-1'
      pragma:
      - no-cache
      strict-transport-security:
      - max-age=31536000; includeSubDomains
      vary:
      - Accept-Encoding
      x-content-type-options:
      - nosniff
    status:
      code: 200
      message: OK
- request:
    body: null
    headers:
      Accept:
      - '*/*'
      Accept-Encoding:
      - gzip, deflate
      CommandName:
      - vmss create
      Connection:
      - keep-alive
      ParameterSetName:
      - -g -n --image --data-disk-sizes-gb --data-disk-iops --data-disk-mbps --ultra-ssd-enabled
        --zone --vm-sku --storage-sku --location --admin-username --lb
      User-Agent:
      - AZURECLI/2.47.0 azsdk-python-azure-mgmt-resource/22.0.0 Python/3.10.11 (Linux-5.15.0-1036-azure-x86_64-with-glibc2.31)
        VSTS_7b238909-6802-4b65-b90d-184bca47f458_build_220_0
    method: GET
    uri: https://management.azure.com/subscriptions/00000000-0000-0000-0000-000000000000/resourcegroups/cli_test_vmss_create_disk_iops_mbps_000001/providers/Microsoft.Resources/deployments/mock-deployment?api-version=2022-09-01
  response:
    body:
      string: '{"id":"/subscriptions/00000000-0000-0000-0000-000000000000/resourceGroups/cli_test_vmss_create_disk_iops_mbps_000001/providers/Microsoft.Resources/deployments/vmss_deploy_MWUBFZNoMOaB4PO7qXKQBgxVo6J8I7Zm","name":"vmss_deploy_MWUBFZNoMOaB4PO7qXKQBgxVo6J8I7Zm","type":"Microsoft.Resources/deployments","properties":{"templateHash":"15506259043473094063","parameters":{},"mode":"Incremental","provisioningState":"Succeeded","timestamp":"2023-05-26T00:56:56.1307698Z","duration":"PT49.1767255S","correlationId":"fea0b0c3-72b2-438f-933c-e15a752262cb","providers":[{"namespace":"Microsoft.Network","resourceTypes":[{"resourceType":"virtualNetworks","locations":["eastus"]}]},{"namespace":"Microsoft.Compute","resourceTypes":[{"resourceType":"virtualMachineScaleSets","locations":["eastus"]}]}],"dependencies":[{"dependsOn":[{"id":"/subscriptions/00000000-0000-0000-0000-000000000000/resourceGroups/cli_test_vmss_create_disk_iops_mbps_000001/providers/Microsoft.Network/virtualNetworks/vmss1VNET","resourceType":"Microsoft.Network/virtualNetworks","resourceName":"vmss1VNET"}],"id":"/subscriptions/00000000-0000-0000-0000-000000000000/resourceGroups/cli_test_vmss_create_disk_iops_mbps_000001/providers/Microsoft.Compute/virtualMachineScaleSets/vmss1","resourceType":"Microsoft.Compute/virtualMachineScaleSets","resourceName":"vmss1"}],"outputs":{"vmss":{"type":"Object","value":{"singlePlacementGroup":false,"orchestrationMode":"Uniform","upgradePolicy":{"mode":"Manual","rollingUpgradePolicy":{"maxBatchInstancePercent":20,"maxUnhealthyInstancePercent":20,"maxUnhealthyUpgradedInstancePercent":20,"pauseTimeBetweenBatches":"PT0S","maxSurge":false,"rollbackFailedInstancesOnPolicyBreach":false}},"virtualMachineProfile":{"osProfile":{"computerNamePrefix":"vmss10733","adminUsername":"azureuser","linuxConfiguration":{"disablePasswordAuthentication":true,"ssh":{"publicKeys":[{"path":"/home/azureuser/.ssh/authorized_keys","keyData":"ssh-rsa
        AAAAB3NzaC1yc2EAAAADAQABAAABAQCs/i3lxwGxI+YVNYr4amHpKJDysk9+MptNWHI/LO3bjZcWNDz5M8P8kcvN2ihtiUET28dHk199I+9ElkHA7tPBqhziqQ9FUPRLwzYMGvg/Fcp695vQf/Ib4HJOHvuJq6mNZWRhBoj2W2QOKmhpMx+HClEkd5jbg5w8m2mb1LrXc7GPqg2AVhjPXprXp8ti20O3OhQW3Vupme95ETLCCwlWWumcE/LSX3z/xhC94VEAj7SuoV+I9UTpd8qcuz9uXrGhiJjH9iCPjEXV70lg9IlY0/lTuMCpUtO2arVOfH2ek6HBGTWZ9uk4uTaW7PObuy/IHZEFuHV5hpJ9M2UGD3VZ"}]},"provisionVMAgent":true,"enableVMAgentPlatformUpdates":false},"secrets":[],"allowExtensionOperations":true,"requireGuestProvisionSignal":true},"storageProfile":{"osDisk":{"osType":"Linux","createOption":"FromImage","caching":"ReadWrite","managedDisk":{"storageAccountType":"Premium_LRS"},"diskSizeGB":30},"imageReference":{"publisher":"Debian","offer":"debian-10","sku":"10","version":"latest"},"dataDisks":[{"lun":0,"diskIOPSReadWrite":555,"diskMBpsReadWrite":77,"createOption":"Empty","caching":"None","managedDisk":{"storageAccountType":"UltraSSD_LRS"},"diskSizeGB":10},{"lun":1,"diskIOPSReadWrite":666,"diskMBpsReadWrite":88,"createOption":"Empty","caching":"None","managedDisk":{"storageAccountType":"UltraSSD_LRS"},"diskSizeGB":10}]},"networkProfile":{"networkInterfaceConfigurations":[{"name":"vmss10733Nic","properties":{"primary":true,"enableAcceleratedNetworking":false,"disableTcpStateTracking":false,"dnsSettings":{"dnsServers":[]},"enableIPForwarding":false,"ipConfigurations":[{"name":"vmss10733IPConfig","properties":{"subnet":{"id":"/subscriptions/00000000-0000-0000-0000-000000000000/resourceGroups/cli_test_vmss_create_disk_iops_mbps_000001/providers/Microsoft.Network/virtualNetworks/vmss1VNET/subnets/vmss1Subnet"},"privateIPAddressVersion":"IPv4"}}]}}]}},"additionalCapabilities":{"ultraSSDEnabled":true},"provisioningState":"Succeeded","overprovision":true,"doNotRunExtensionsOnOverprovisionedVMs":false,"uniqueId":"bba53ee8-3f23-44f7-8602-39ce932a2f6c","platformFaultDomainCount":1,"timeCreated":"2023-05-26T00:56:11.6603859+00:00"}}},"outputResources":[{"id":"/subscriptions/00000000-0000-0000-0000-000000000000/resourceGroups/cli_test_vmss_create_disk_iops_mbps_000001/providers/Microsoft.Compute/virtualMachineScaleSets/vmss1"},{"id":"/subscriptions/00000000-0000-0000-0000-000000000000/resourceGroups/cli_test_vmss_create_disk_iops_mbps_000001/providers/Microsoft.Network/virtualNetworks/vmss1VNET"}]}}'
    headers:
      cache-control:
      - no-cache
      content-length:
      - '4241'
      content-type:
      - application/json; charset=utf-8
      date:
      - Fri, 26 May 2023 00:57:06 GMT
      expires:
      - '-1'
      pragma:
      - no-cache
      strict-transport-security:
      - max-age=31536000; includeSubDomains
      vary:
      - Accept-Encoding
      x-content-type-options:
      - nosniff
    status:
      code: 200
      message: OK
- request:
    body: null
    headers:
      Accept:
      - application/json
      Accept-Encoding:
      - gzip, deflate
      CommandName:
      - vmss update
      Connection:
      - keep-alive
      ParameterSetName:
      - -g -n --set
      User-Agent:
      - AZURECLI/2.47.0 azsdk-python-azure-mgmt-compute/29.1.0 Python/3.10.11 (Linux-5.15.0-1036-azure-x86_64-with-glibc2.31)
        VSTS_7b238909-6802-4b65-b90d-184bca47f458_build_220_0
    method: GET
    uri: https://management.azure.com/subscriptions/00000000-0000-0000-0000-000000000000/resourceGroups/cli_test_vmss_create_disk_iops_mbps_000001/providers/Microsoft.Compute/virtualMachineScaleSets/vmss1?api-version=2022-11-01
  response:
    body:
      string: "{\r\n  \"name\": \"vmss1\",\r\n  \"id\": \"/subscriptions/00000000-0000-0000-0000-000000000000/resourceGroups/cli_test_vmss_create_disk_iops_mbps_000001/providers/Microsoft.Compute/virtualMachineScaleSets/vmss1\",\r\n
        \ \"type\": \"Microsoft.Compute/virtualMachineScaleSets\",\r\n  \"location\":
        \"eastus\",\r\n  \"tags\": {},\r\n  \"sku\": {\r\n    \"name\": \"Standard_D2s_v3\",\r\n
        \   \"tier\": \"Standard\",\r\n    \"capacity\": 2\r\n  },\r\n  \"properties\":
        {\r\n    \"singlePlacementGroup\": false,\r\n    \"orchestrationMode\": \"Uniform\",\r\n
        \   \"upgradePolicy\": {\r\n      \"mode\": \"Manual\",\r\n      \"rollingUpgradePolicy\":
        {\r\n        \"maxBatchInstancePercent\": 20,\r\n        \"maxUnhealthyInstancePercent\":
        20,\r\n        \"maxUnhealthyUpgradedInstancePercent\": 20,\r\n        \"pauseTimeBetweenBatches\":
        \"PT0S\",\r\n        \"maxSurge\": false,\r\n        \"rollbackFailedInstancesOnPolicyBreach\":
        false\r\n      }\r\n    },\r\n    \"virtualMachineProfile\": {\r\n      \"osProfile\":
        {\r\n        \"computerNamePrefix\": \"vmss10733\",\r\n        \"adminUsername\":
        \"azureuser\",\r\n        \"linuxConfiguration\": {\r\n          \"disablePasswordAuthentication\":
        true,\r\n          \"ssh\": {\r\n            \"publicKeys\": [\r\n              {\r\n
        \               \"path\": \"/home/azureuser/.ssh/authorized_keys\",\r\n                \"keyData\":
        \"ssh-rsa AAAAB3NzaC1yc2EAAAADAQABAAABAQCs/i3lxwGxI+YVNYr4amHpKJDysk9+MptNWHI/LO3bjZcWNDz5M8P8kcvN2ihtiUET28dHk199I+9ElkHA7tPBqhziqQ9FUPRLwzYMGvg/Fcp695vQf/Ib4HJOHvuJq6mNZWRhBoj2W2QOKmhpMx+HClEkd5jbg5w8m2mb1LrXc7GPqg2AVhjPXprXp8ti20O3OhQW3Vupme95ETLCCwlWWumcE/LSX3z/xhC94VEAj7SuoV+I9UTpd8qcuz9uXrGhiJjH9iCPjEXV70lg9IlY0/lTuMCpUtO2arVOfH2ek6HBGTWZ9uk4uTaW7PObuy/IHZEFuHV5hpJ9M2UGD3VZ\"\r\n
        \             }\r\n            ]\r\n          },\r\n          \"provisionVMAgent\":
        true,\r\n          \"enableVMAgentPlatformUpdates\": false\r\n        },\r\n
        \       \"secrets\": [],\r\n        \"allowExtensionOperations\": true,\r\n
        \       \"requireGuestProvisionSignal\": true\r\n      },\r\n      \"storageProfile\":
        {\r\n        \"osDisk\": {\r\n          \"osType\": \"Linux\",\r\n          \"createOption\":
        \"FromImage\",\r\n          \"caching\": \"ReadWrite\",\r\n          \"managedDisk\":
        {\r\n            \"storageAccountType\": \"Premium_LRS\"\r\n          },\r\n
        \         \"diskSizeGB\": 30\r\n        },\r\n        \"imageReference\":
        {\r\n          \"publisher\": \"Debian\",\r\n          \"offer\": \"debian-10\",\r\n
        \         \"sku\": \"10\",\r\n          \"version\": \"latest\"\r\n        },\r\n
        \       \"dataDisks\": [\r\n          {\r\n            \"lun\": 0,\r\n            \"diskIOPSReadWrite\":
        555,\r\n            \"diskMBpsReadWrite\": 77,\r\n            \"createOption\":
        \"Empty\",\r\n            \"caching\": \"None\",\r\n            \"managedDisk\":
        {\r\n              \"storageAccountType\": \"UltraSSD_LRS\"\r\n            },\r\n
        \           \"diskSizeGB\": 10\r\n          },\r\n          {\r\n            \"lun\":
        1,\r\n            \"diskIOPSReadWrite\": 666,\r\n            \"diskMBpsReadWrite\":
        88,\r\n            \"createOption\": \"Empty\",\r\n            \"caching\":
        \"None\",\r\n            \"managedDisk\": {\r\n              \"storageAccountType\":
        \"UltraSSD_LRS\"\r\n            },\r\n            \"diskSizeGB\": 10\r\n          }\r\n
        \       ]\r\n      },\r\n      \"networkProfile\": {\"networkInterfaceConfigurations\":[{\"name\":\"vmss10733Nic\",\"properties\":{\"primary\":true,\"enableAcceleratedNetworking\":false,\"disableTcpStateTracking\":false,\"dnsSettings\":{\"dnsServers\":[]},\"enableIPForwarding\":false,\"ipConfigurations\":[{\"name\":\"vmss10733IPConfig\",\"properties\":{\"subnet\":{\"id\":\"/subscriptions/00000000-0000-0000-0000-000000000000/resourceGroups/cli_test_vmss_create_disk_iops_mbps_000001/providers/Microsoft.Network/virtualNetworks/vmss1VNET/subnets/vmss1Subnet\"},\"privateIPAddressVersion\":\"IPv4\"}}]}}]}\r\n
        \   },\r\n    \"additionalCapabilities\": {\r\n      \"ultraSSDEnabled\":
        true\r\n    },\r\n    \"provisioningState\": \"Succeeded\",\r\n    \"overprovision\":
        true,\r\n    \"doNotRunExtensionsOnOverprovisionedVMs\": false,\r\n    \"uniqueId\":
        \"bba53ee8-3f23-44f7-8602-39ce932a2f6c\",\r\n    \"platformFaultDomainCount\":
        1,\r\n    \"timeCreated\": \"2023-05-26T00:56:11.6603859+00:00\"\r\n  },\r\n
        \ \"zones\": [\r\n    \"1\"\r\n  ]\r\n}"
    headers:
      cache-control:
      - no-cache
      content-length:
      - '3945'
      content-type:
      - application/json; charset=utf-8
      date:
      - Fri, 26 May 2023 00:57:07 GMT
      expires:
      - '-1'
      pragma:
      - no-cache
      server:
      - Microsoft-HTTPAPI/2.0
      - Microsoft-HTTPAPI/2.0
      strict-transport-security:
      - max-age=31536000; includeSubDomains
      transfer-encoding:
      - chunked
      vary:
      - Accept-Encoding
      x-content-type-options:
      - nosniff
      x-ms-ratelimit-remaining-resource:
      - Microsoft.Compute/GetVMScaleSet3Min;396,Microsoft.Compute/GetVMScaleSet30Min;2596
    status:
      code: 200
      message: OK
- request:
    body: '{"location": "eastus", "tags": {}, "sku": {"name": "Standard_D2s_v3", "tier":
      "Standard", "capacity": 2}, "zones": ["1"], "properties": {"upgradePolicy":
      {"mode": "Manual", "rollingUpgradePolicy": {"maxBatchInstancePercent": 20, "maxUnhealthyInstancePercent":
      20, "maxUnhealthyUpgradedInstancePercent": 20, "pauseTimeBetweenBatches": "PT0S",
      "rollbackFailedInstancesOnPolicyBreach": false, "maxSurge": false}}, "virtualMachineProfile":
      {"osProfile": {"computerNamePrefix": "vmss10733", "adminUsername": "azureuser",
      "linuxConfiguration": {"disablePasswordAuthentication": true, "ssh": {"publicKeys":
      [{"path": "/home/azureuser/.ssh/authorized_keys", "keyData": "ssh-rsa AAAAB3NzaC1yc2EAAAADAQABAAABAQCs/i3lxwGxI+YVNYr4amHpKJDysk9+MptNWHI/LO3bjZcWNDz5M8P8kcvN2ihtiUET28dHk199I+9ElkHA7tPBqhziqQ9FUPRLwzYMGvg/Fcp695vQf/Ib4HJOHvuJq6mNZWRhBoj2W2QOKmhpMx+HClEkd5jbg5w8m2mb1LrXc7GPqg2AVhjPXprXp8ti20O3OhQW3Vupme95ETLCCwlWWumcE/LSX3z/xhC94VEAj7SuoV+I9UTpd8qcuz9uXrGhiJjH9iCPjEXV70lg9IlY0/lTuMCpUtO2arVOfH2ek6HBGTWZ9uk4uTaW7PObuy/IHZEFuHV5hpJ9M2UGD3VZ"}]},
      "provisionVMAgent": true, "enableVMAgentPlatformUpdates": false}, "secrets":
      [], "allowExtensionOperations": true, "requireGuestProvisionSignal": true},
      "storageProfile": {"osDisk": {"caching": "ReadWrite", "createOption": "FromImage",
      "diskSizeGB": 30, "osType": "Linux", "managedDisk": {"storageAccountType": "Premium_LRS"}},
      "dataDisks": [{"lun": 0, "caching": "None", "createOption": "Empty", "diskSizeGB":
      10, "managedDisk": {"storageAccountType": "UltraSSD_LRS"}, "diskIOPSReadWrite":
      444, "diskMBpsReadWrite": 66}, {"lun": 1, "caching": "None", "createOption":
      "Empty", "diskSizeGB": 10, "managedDisk": {"storageAccountType": "UltraSSD_LRS"},
      "diskIOPSReadWrite": 555, "diskMBpsReadWrite": 77}]}, "networkProfile": {"networkInterfaceConfigurations":
      [{"name": "vmss10733Nic", "properties": {"primary": true, "enableAcceleratedNetworking":
      false, "disableTcpStateTracking": false, "dnsSettings": {"dnsServers": []},
      "ipConfigurations": [{"name": "vmss10733IPConfig", "properties": {"subnet":
      {"id": "/subscriptions/00000000-0000-0000-0000-000000000000/resourceGroups/cli_test_vmss_create_disk_iops_mbps_000001/providers/Microsoft.Network/virtualNetworks/vmss1VNET/subnets/vmss1Subnet"},
      "privateIPAddressVersion": "IPv4"}}], "enableIPForwarding": false}}]}}, "overprovision":
      true, "doNotRunExtensionsOnOverprovisionedVMs": false, "singlePlacementGroup":
      false, "platformFaultDomainCount": 1, "additionalCapabilities": {"ultraSSDEnabled":
      true}, "orchestrationMode": "Uniform"}}'
    headers:
      Accept:
      - application/json
      Accept-Encoding:
      - gzip, deflate
      CommandName:
      - vmss update
      Connection:
      - keep-alive
      Content-Length:
      - '2532'
      Content-Type:
      - application/json
      ParameterSetName:
      - -g -n --set
      User-Agent:
      - AZURECLI/2.47.0 azsdk-python-azure-mgmt-compute/29.1.0 Python/3.10.11 (Linux-5.15.0-1036-azure-x86_64-with-glibc2.31)
        VSTS_7b238909-6802-4b65-b90d-184bca47f458_build_220_0
    method: PUT
    uri: https://management.azure.com/subscriptions/00000000-0000-0000-0000-000000000000/resourceGroups/cli_test_vmss_create_disk_iops_mbps_000001/providers/Microsoft.Compute/virtualMachineScaleSets/vmss1?api-version=2022-11-01
  response:
    body:
      string: "{\r\n  \"name\": \"vmss1\",\r\n  \"id\": \"/subscriptions/00000000-0000-0000-0000-000000000000/resourceGroups/cli_test_vmss_create_disk_iops_mbps_000001/providers/Microsoft.Compute/virtualMachineScaleSets/vmss1\",\r\n
        \ \"type\": \"Microsoft.Compute/virtualMachineScaleSets\",\r\n  \"location\":
        \"eastus\",\r\n  \"tags\": {},\r\n  \"sku\": {\r\n    \"name\": \"Standard_D2s_v3\",\r\n
        \   \"tier\": \"Standard\",\r\n    \"capacity\": 2\r\n  },\r\n  \"properties\":
        {\r\n    \"singlePlacementGroup\": false,\r\n    \"orchestrationMode\": \"Uniform\",\r\n
        \   \"upgradePolicy\": {\r\n      \"mode\": \"Manual\",\r\n      \"rollingUpgradePolicy\":
        {\r\n        \"maxBatchInstancePercent\": 20,\r\n        \"maxUnhealthyInstancePercent\":
        20,\r\n        \"maxUnhealthyUpgradedInstancePercent\": 20,\r\n        \"pauseTimeBetweenBatches\":
        \"PT0S\",\r\n        \"maxSurge\": false,\r\n        \"rollbackFailedInstancesOnPolicyBreach\":
        false\r\n      }\r\n    },\r\n    \"virtualMachineProfile\": {\r\n      \"osProfile\":
        {\r\n        \"computerNamePrefix\": \"vmss10733\",\r\n        \"adminUsername\":
        \"azureuser\",\r\n        \"linuxConfiguration\": {\r\n          \"disablePasswordAuthentication\":
        true,\r\n          \"ssh\": {\r\n            \"publicKeys\": [\r\n              {\r\n
        \               \"path\": \"/home/azureuser/.ssh/authorized_keys\",\r\n                \"keyData\":
        \"ssh-rsa AAAAB3NzaC1yc2EAAAADAQABAAABAQCs/i3lxwGxI+YVNYr4amHpKJDysk9+MptNWHI/LO3bjZcWNDz5M8P8kcvN2ihtiUET28dHk199I+9ElkHA7tPBqhziqQ9FUPRLwzYMGvg/Fcp695vQf/Ib4HJOHvuJq6mNZWRhBoj2W2QOKmhpMx+HClEkd5jbg5w8m2mb1LrXc7GPqg2AVhjPXprXp8ti20O3OhQW3Vupme95ETLCCwlWWumcE/LSX3z/xhC94VEAj7SuoV+I9UTpd8qcuz9uXrGhiJjH9iCPjEXV70lg9IlY0/lTuMCpUtO2arVOfH2ek6HBGTWZ9uk4uTaW7PObuy/IHZEFuHV5hpJ9M2UGD3VZ\"\r\n
        \             }\r\n            ]\r\n          },\r\n          \"provisionVMAgent\":
        true,\r\n          \"enableVMAgentPlatformUpdates\": false\r\n        },\r\n
        \       \"secrets\": [],\r\n        \"allowExtensionOperations\": true,\r\n
        \       \"requireGuestProvisionSignal\": true\r\n      },\r\n      \"storageProfile\":
        {\r\n        \"osDisk\": {\r\n          \"osType\": \"Linux\",\r\n          \"createOption\":
        \"FromImage\",\r\n          \"caching\": \"ReadWrite\",\r\n          \"managedDisk\":
        {\r\n            \"storageAccountType\": \"Premium_LRS\"\r\n          },\r\n
        \         \"diskSizeGB\": 30\r\n        },\r\n        \"imageReference\":
        {\r\n          \"publisher\": \"Debian\",\r\n          \"offer\": \"debian-10\",\r\n
        \         \"sku\": \"10\",\r\n          \"version\": \"latest\"\r\n        },\r\n
        \       \"dataDisks\": [\r\n          {\r\n            \"lun\": 0,\r\n            \"diskIOPSReadWrite\":
        444,\r\n            \"diskMBpsReadWrite\": 66,\r\n            \"createOption\":
        \"Empty\",\r\n            \"caching\": \"None\",\r\n            \"managedDisk\":
        {\r\n              \"storageAccountType\": \"UltraSSD_LRS\"\r\n            },\r\n
        \           \"diskSizeGB\": 10\r\n          },\r\n          {\r\n            \"lun\":
        1,\r\n            \"diskIOPSReadWrite\": 555,\r\n            \"diskMBpsReadWrite\":
        77,\r\n            \"createOption\": \"Empty\",\r\n            \"caching\":
        \"None\",\r\n            \"managedDisk\": {\r\n              \"storageAccountType\":
        \"UltraSSD_LRS\"\r\n            },\r\n            \"diskSizeGB\": 10\r\n          }\r\n
        \       ]\r\n      },\r\n      \"networkProfile\": {\"networkInterfaceConfigurations\":[{\"name\":\"vmss10733Nic\",\"properties\":{\"primary\":true,\"enableAcceleratedNetworking\":false,\"disableTcpStateTracking\":false,\"dnsSettings\":{\"dnsServers\":[]},\"enableIPForwarding\":false,\"ipConfigurations\":[{\"name\":\"vmss10733IPConfig\",\"properties\":{\"subnet\":{\"id\":\"/subscriptions/00000000-0000-0000-0000-000000000000/resourceGroups/cli_test_vmss_create_disk_iops_mbps_000001/providers/Microsoft.Network/virtualNetworks/vmss1VNET/subnets/vmss1Subnet\"},\"privateIPAddressVersion\":\"IPv4\"}}]}}]}\r\n
        \   },\r\n    \"additionalCapabilities\": {\r\n      \"ultraSSDEnabled\":
        true\r\n    },\r\n    \"provisioningState\": \"Updating\",\r\n    \"overprovision\":
        true,\r\n    \"doNotRunExtensionsOnOverprovisionedVMs\": false,\r\n    \"uniqueId\":
        \"bba53ee8-3f23-44f7-8602-39ce932a2f6c\",\r\n    \"platformFaultDomainCount\":
        1,\r\n    \"timeCreated\": \"2023-05-26T00:56:11.6603859+00:00\"\r\n  },\r\n
        \ \"zones\": [\r\n    \"1\"\r\n  ]\r\n}"
    headers:
      azure-asyncnotification:
      - Enabled
      azure-asyncoperation:
      - https://management.azure.com/subscriptions/00000000-0000-0000-0000-000000000000/providers/Microsoft.Compute/locations/eastus/operations/9663c0d5-ca3c-4da4-b30a-178c0ba96233?p=54253b73-cb53-496f-ab42-5e5ee19426f8&api-version=2022-11-01
      cache-control:
      - no-cache
      content-length:
      - '3944'
      content-type:
      - application/json; charset=utf-8
      date:
      - Fri, 26 May 2023 00:57:10 GMT
      expires:
      - '-1'
      pragma:
      - no-cache
      server:
      - Microsoft-HTTPAPI/2.0
      - Microsoft-HTTPAPI/2.0
      strict-transport-security:
      - max-age=31536000; includeSubDomains
      transfer-encoding:
      - chunked
      vary:
      - Accept-Encoding
      x-content-type-options:
      - nosniff
      x-ms-ratelimit-remaining-resource:
      - Microsoft.Compute/CreateVMScaleSet3Min;189,Microsoft.Compute/CreateVMScaleSet30Min;956,Microsoft.Compute/VmssQueuedVMOperations;0
      x-ms-ratelimit-remaining-subscription-writes:
      - '1195'
      x-ms-request-charge:
      - '0'
    status:
      code: 200
      message: OK
- request:
    body: null
    headers:
      Accept:
      - '*/*'
      Accept-Encoding:
      - gzip, deflate
      CommandName:
      - vmss update
      Connection:
      - keep-alive
      ParameterSetName:
      - -g -n --set
      User-Agent:
      - AZURECLI/2.47.0 azsdk-python-azure-mgmt-compute/29.1.0 Python/3.10.11 (Linux-5.15.0-1036-azure-x86_64-with-glibc2.31)
        VSTS_7b238909-6802-4b65-b90d-184bca47f458_build_220_0
    method: GET
    uri: https://management.azure.com/subscriptions/00000000-0000-0000-0000-000000000000/providers/Microsoft.Compute/locations/eastus/operations/9663c0d5-ca3c-4da4-b30a-178c0ba96233?p=54253b73-cb53-496f-ab42-5e5ee19426f8&api-version=2022-11-01
  response:
    body:
      string: "{\r\n  \"startTime\": \"2023-05-26T00:57:10.4101034+00:00\",\r\n  \"status\":
        \"InProgress\",\r\n  \"name\": \"9663c0d5-ca3c-4da4-b30a-178c0ba96233\"\r\n}"
    headers:
      cache-control:
      - no-cache
      content-length:
      - '134'
      content-type:
      - application/json; charset=utf-8
      date:
      - Fri, 26 May 2023 00:57:20 GMT
      expires:
      - '-1'
      pragma:
      - no-cache
      server:
      - Microsoft-HTTPAPI/2.0
      - Microsoft-HTTPAPI/2.0
      strict-transport-security:
      - max-age=31536000; includeSubDomains
      transfer-encoding:
      - chunked
      vary:
      - Accept-Encoding
      x-content-type-options:
      - nosniff
      x-ms-ratelimit-remaining-resource:
      - Microsoft.Compute/GetOperation3Min;14998,Microsoft.Compute/GetOperation30Min;29998
    status:
      code: 200
      message: OK
- request:
    body: null
    headers:
      Accept:
      - '*/*'
      Accept-Encoding:
      - gzip, deflate
      CommandName:
      - vmss update
      Connection:
      - keep-alive
      ParameterSetName:
      - -g -n --set
      User-Agent:
      - AZURECLI/2.47.0 azsdk-python-azure-mgmt-compute/29.1.0 Python/3.10.11 (Linux-5.15.0-1036-azure-x86_64-with-glibc2.31)
        VSTS_7b238909-6802-4b65-b90d-184bca47f458_build_220_0
    method: GET
    uri: https://management.azure.com/subscriptions/00000000-0000-0000-0000-000000000000/providers/Microsoft.Compute/locations/eastus/operations/9663c0d5-ca3c-4da4-b30a-178c0ba96233?p=54253b73-cb53-496f-ab42-5e5ee19426f8&api-version=2022-11-01
  response:
    body:
      string: "{\r\n  \"startTime\": \"2023-05-26T00:57:10.4101034+00:00\",\r\n  \"endTime\":
        \"2023-05-26T00:57:42.1755806+00:00\",\r\n  \"status\": \"Succeeded\",\r\n
        \ \"name\": \"9663c0d5-ca3c-4da4-b30a-178c0ba96233\"\r\n}"
    headers:
      cache-control:
      - no-cache
      content-length:
      - '184'
      content-type:
      - application/json; charset=utf-8
      date:
      - Fri, 26 May 2023 00:57:57 GMT
      expires:
      - '-1'
      pragma:
      - no-cache
      server:
      - Microsoft-HTTPAPI/2.0
      - Microsoft-HTTPAPI/2.0
      strict-transport-security:
      - max-age=31536000; includeSubDomains
      transfer-encoding:
      - chunked
      vary:
      - Accept-Encoding
      x-content-type-options:
      - nosniff
      x-ms-ratelimit-remaining-resource:
      - Microsoft.Compute/GetOperation3Min;14997,Microsoft.Compute/GetOperation30Min;29997
    status:
      code: 200
      message: OK
- request:
    body: null
    headers:
      Accept:
      - '*/*'
      Accept-Encoding:
      - gzip, deflate
      CommandName:
      - vmss update
      Connection:
      - keep-alive
      ParameterSetName:
      - -g -n --set
      User-Agent:
      - AZURECLI/2.47.0 azsdk-python-azure-mgmt-compute/29.1.0 Python/3.10.11 (Linux-5.15.0-1036-azure-x86_64-with-glibc2.31)
        VSTS_7b238909-6802-4b65-b90d-184bca47f458_build_220_0
    method: GET
    uri: https://management.azure.com/subscriptions/00000000-0000-0000-0000-000000000000/resourceGroups/cli_test_vmss_create_disk_iops_mbps_000001/providers/Microsoft.Compute/virtualMachineScaleSets/vmss1?api-version=2022-11-01
  response:
    body:
      string: "{\r\n  \"name\": \"vmss1\",\r\n  \"id\": \"/subscriptions/00000000-0000-0000-0000-000000000000/resourceGroups/cli_test_vmss_create_disk_iops_mbps_000001/providers/Microsoft.Compute/virtualMachineScaleSets/vmss1\",\r\n
        \ \"type\": \"Microsoft.Compute/virtualMachineScaleSets\",\r\n  \"location\":
        \"eastus\",\r\n  \"tags\": {},\r\n  \"sku\": {\r\n    \"name\": \"Standard_D2s_v3\",\r\n
        \   \"tier\": \"Standard\",\r\n    \"capacity\": 2\r\n  },\r\n  \"properties\":
        {\r\n    \"singlePlacementGroup\": false,\r\n    \"orchestrationMode\": \"Uniform\",\r\n
        \   \"upgradePolicy\": {\r\n      \"mode\": \"Manual\",\r\n      \"rollingUpgradePolicy\":
        {\r\n        \"maxBatchInstancePercent\": 20,\r\n        \"maxUnhealthyInstancePercent\":
        20,\r\n        \"maxUnhealthyUpgradedInstancePercent\": 20,\r\n        \"pauseTimeBetweenBatches\":
        \"PT0S\",\r\n        \"maxSurge\": false,\r\n        \"rollbackFailedInstancesOnPolicyBreach\":
        false\r\n      }\r\n    },\r\n    \"virtualMachineProfile\": {\r\n      \"osProfile\":
        {\r\n        \"computerNamePrefix\": \"vmss10733\",\r\n        \"adminUsername\":
        \"azureuser\",\r\n        \"linuxConfiguration\": {\r\n          \"disablePasswordAuthentication\":
        true,\r\n          \"ssh\": {\r\n            \"publicKeys\": [\r\n              {\r\n
        \               \"path\": \"/home/azureuser/.ssh/authorized_keys\",\r\n                \"keyData\":
        \"ssh-rsa AAAAB3NzaC1yc2EAAAADAQABAAABAQCs/i3lxwGxI+YVNYr4amHpKJDysk9+MptNWHI/LO3bjZcWNDz5M8P8kcvN2ihtiUET28dHk199I+9ElkHA7tPBqhziqQ9FUPRLwzYMGvg/Fcp695vQf/Ib4HJOHvuJq6mNZWRhBoj2W2QOKmhpMx+HClEkd5jbg5w8m2mb1LrXc7GPqg2AVhjPXprXp8ti20O3OhQW3Vupme95ETLCCwlWWumcE/LSX3z/xhC94VEAj7SuoV+I9UTpd8qcuz9uXrGhiJjH9iCPjEXV70lg9IlY0/lTuMCpUtO2arVOfH2ek6HBGTWZ9uk4uTaW7PObuy/IHZEFuHV5hpJ9M2UGD3VZ\"\r\n
        \             }\r\n            ]\r\n          },\r\n          \"provisionVMAgent\":
        true,\r\n          \"enableVMAgentPlatformUpdates\": false\r\n        },\r\n
        \       \"secrets\": [],\r\n        \"allowExtensionOperations\": true,\r\n
        \       \"requireGuestProvisionSignal\": true\r\n      },\r\n      \"storageProfile\":
        {\r\n        \"osDisk\": {\r\n          \"osType\": \"Linux\",\r\n          \"createOption\":
        \"FromImage\",\r\n          \"caching\": \"ReadWrite\",\r\n          \"managedDisk\":
        {\r\n            \"storageAccountType\": \"Premium_LRS\"\r\n          },\r\n
        \         \"diskSizeGB\": 30\r\n        },\r\n        \"imageReference\":
        {\r\n          \"publisher\": \"Debian\",\r\n          \"offer\": \"debian-10\",\r\n
        \         \"sku\": \"10\",\r\n          \"version\": \"latest\"\r\n        },\r\n
        \       \"dataDisks\": [\r\n          {\r\n            \"lun\": 0,\r\n            \"diskIOPSReadWrite\":
        444,\r\n            \"diskMBpsReadWrite\": 66,\r\n            \"createOption\":
        \"Empty\",\r\n            \"caching\": \"None\",\r\n            \"managedDisk\":
        {\r\n              \"storageAccountType\": \"UltraSSD_LRS\"\r\n            },\r\n
        \           \"diskSizeGB\": 10\r\n          },\r\n          {\r\n            \"lun\":
        1,\r\n            \"diskIOPSReadWrite\": 555,\r\n            \"diskMBpsReadWrite\":
        77,\r\n            \"createOption\": \"Empty\",\r\n            \"caching\":
        \"None\",\r\n            \"managedDisk\": {\r\n              \"storageAccountType\":
        \"UltraSSD_LRS\"\r\n            },\r\n            \"diskSizeGB\": 10\r\n          }\r\n
        \       ]\r\n      },\r\n      \"networkProfile\": {\"networkInterfaceConfigurations\":[{\"name\":\"vmss10733Nic\",\"properties\":{\"primary\":true,\"enableAcceleratedNetworking\":false,\"disableTcpStateTracking\":false,\"dnsSettings\":{\"dnsServers\":[]},\"enableIPForwarding\":false,\"ipConfigurations\":[{\"name\":\"vmss10733IPConfig\",\"properties\":{\"subnet\":{\"id\":\"/subscriptions/00000000-0000-0000-0000-000000000000/resourceGroups/cli_test_vmss_create_disk_iops_mbps_000001/providers/Microsoft.Network/virtualNetworks/vmss1VNET/subnets/vmss1Subnet\"},\"privateIPAddressVersion\":\"IPv4\"}}]}}]}\r\n
        \   },\r\n    \"additionalCapabilities\": {\r\n      \"ultraSSDEnabled\":
        true\r\n    },\r\n    \"provisioningState\": \"Succeeded\",\r\n    \"overprovision\":
        true,\r\n    \"doNotRunExtensionsOnOverprovisionedVMs\": false,\r\n    \"uniqueId\":
        \"bba53ee8-3f23-44f7-8602-39ce932a2f6c\",\r\n    \"platformFaultDomainCount\":
        1,\r\n    \"timeCreated\": \"2023-05-26T00:56:11.6603859+00:00\"\r\n  },\r\n
        \ \"zones\": [\r\n    \"1\"\r\n  ]\r\n}"
    headers:
      cache-control:
      - no-cache
      content-length:
      - '3945'
      content-type:
      - application/json; charset=utf-8
      date:
      - Fri, 26 May 2023 00:57:57 GMT
      expires:
      - '-1'
      pragma:
      - no-cache
      server:
      - Microsoft-HTTPAPI/2.0
      - Microsoft-HTTPAPI/2.0
      strict-transport-security:
      - max-age=31536000; includeSubDomains
      transfer-encoding:
      - chunked
      vary:
      - Accept-Encoding
      x-content-type-options:
      - nosniff
      x-ms-ratelimit-remaining-resource:
      - Microsoft.Compute/GetVMScaleSet3Min;392,Microsoft.Compute/GetVMScaleSet30Min;2592
    status:
      code: 200
      message: OK
version: 1
