interactions:
- request:
    body: null
    headers:
      Accept:
      - application/json
      Accept-Encoding:
      - gzip, deflate
      CommandName:
      - keyvault create
      Connection:
      - keep-alive
      ParameterSetName:
      - -g -n --enable-purge-protection --enable-soft-delete
      User-Agent:
      - python/3.8.5 (Linux-5.4.0-1023-azure-x86_64-with-glibc2.27) msrest/0.6.18
        msrest_azure/0.6.3 azure-mgmt-resource/10.2.0 Azure-SDK-For-Python AZURECLI/2.11.1
      accept-language:
      - en-US
    method: GET
    uri: https://management.azure.com/subscriptions/00000000-0000-0000-0000-000000000000/resourcegroups/cli_test_disk_encryption_set_disk_update_000001?api-version=2020-06-01
  response:
    body:
      string: '{"id":"/subscriptions/00000000-0000-0000-0000-000000000000/resourceGroups/cli_test_disk_encryption_set_disk_update_000001","name":"cli_test_disk_encryption_set_disk_update_000001","type":"Microsoft.Resources/resourceGroups","location":"westcentralus","tags":{"product":"azurecli","cause":"automation","date":"2020-09-10T02:36:28Z","StorageType":"Standard_LRS","type":"test"},"properties":{"provisioningState":"Succeeded"}}'
    headers:
      cache-control:
      - no-cache
      content-length:
      - '478'
      content-type:
      - application/json; charset=utf-8
      date:
      - Thu, 10 Sep 2020 02:36:30 GMT
      expires:
      - '-1'
      pragma:
      - no-cache
      strict-transport-security:
      - max-age=31536000; includeSubDomains
      vary:
      - Accept-Encoding
      x-content-type-options:
      - nosniff
    status:
      code: 200
      message: OK
- request:
    body: null
    headers:
      Accept:
      - application/json
      Accept-Encoding:
      - gzip, deflate
      Connection:
      - keep-alive
      User-Agent:
      - python/3.8.5 (Linux-5.4.0-1023-azure-x86_64-with-glibc2.27) msrest/0.6.18
        msrest_azure/0.6.3 azure-graphrbac/0.60.0 Azure-SDK-For-Python
      accept-language:
      - en-US
    method: GET
    uri: https://graph.windows.net/00000000-0000-0000-0000-000000000000/me?api-version=1.6
  response:
    body:
      string: '{"odata.metadata":"https://graph.windows.net/00000000-0000-0000-0000-000000000000/$metadata#directoryObjects/@Element","odata.type":"Microsoft.DirectoryServices.User","objectType":"User","objectId":"6d97229a-391f-473a-893f-f0608b592d7b","deletionTimestamp":null,"accountEnabled":true,"ageGroup":null,"assignedLicenses":[],"assignedPlans":[],"city":null,"companyName":null,"consentProvidedForMinor":null,"country":null,"createdDateTime":"2020-08-19T08:27:34Z","creationType":null,"department":null,"dirSyncEnabled":null,"displayName":"rolelivetest","employeeId":null,"facsimileTelephoneNumber":null,"givenName":null,"immutableId":null,"isCompromised":null,"jobTitle":null,"lastDirSyncTime":null,"legalAgeGroupClassification":null,"mail":null,"mailNickname":"rolelivetest","mobile":null,"onPremisesDistinguishedName":null,"onPremisesSecurityIdentifier":null,"otherMails":[],"passwordPolicies":null,"passwordProfile":null,"physicalDeliveryOfficeName":null,"postalCode":null,"preferredLanguage":null,"provisionedPlans":[],"provisioningErrors":[],"proxyAddresses":[],"refreshTokensValidFromDateTime":"2020-08-19T08:31:27Z","showInAddressList":null,"signInNames":[],"sipProxyAddress":null,"state":null,"streetAddress":null,"surname":null,"telephoneNumber":null,"thumbnailPhoto@odata.mediaEditLink":"directoryObjects/6d97229a-391f-473a-893f-f0608b592d7b/Microsoft.DirectoryServices.User/thumbnailPhoto","usageLocation":null,"userIdentities":[],"userPrincipalName":"rolelivetest@azuresdkteam.onmicrosoft.com","userState":null,"userStateChangedOn":null,"userType":"Member"}'
    headers:
      access-control-allow-origin:
      - '*'
      cache-control:
      - no-cache
      content-length:
      - '1564'
      content-type:
      - application/json; odata=minimalmetadata; streaming=true; charset=utf-8
      dataserviceversion:
      - 3.0;
      date:
      - Thu, 10 Sep 2020 02:36:30 GMT
      duration:
      - '669767'
      expires:
      - '-1'
      ocp-aad-diagnostics-server-name:
      - /433KBmGqUXB75YEwsYb0o1HJtZDidsXEjqWdJHFqf4=
      ocp-aad-session-key:
      - bWeDge445GQHf3Bux_SMkrd_QTwbfudmNLpGygz-DgcNY_UCqdGgdPlIu__cWb53vxzn5ETWpIH_d0ka9MF6By0JhSThlFdvGAv1mxijF_La9qx9CKlLIyhmdzgfflDg._AXJi5yMiNRrGJpdPi-hjlrIrFP_f8eFlvgQFwpj_y4
      pragma:
      - no-cache
      request-id:
      - e856f392-c68e-4097-ab11-7d873efce849
      strict-transport-security:
      - max-age=31536000; includeSubDomains
      x-aspnet-version:
      - 4.0.30319
      x-ms-dirapi-data-contract-version:
      - '1.6'
      x-ms-resource-unit:
      - '1'
      x-powered-by:
      - ASP.NET
    status:
      code: 200
      message: OK
- request:
    body: '{"location": "westcentralus", "properties": {"tenantId": "54826b22-38d6-4fb2-bad9-b7b93a3e9c5a",
      "sku": {"family": "A", "name": "standard"}, "accessPolicies": [{"tenantId":
      "54826b22-38d6-4fb2-bad9-b7b93a3e9c5a", "objectId": "6d97229a-391f-473a-893f-f0608b592d7b",
      "permissions": {"keys": ["get", "create", "delete", "list", "update", "import",
      "backup", "restore", "recover"], "secrets": ["get", "list", "set", "delete",
      "backup", "restore", "recover"], "certificates": ["get", "list", "delete", "create",
      "import", "update", "managecontacts", "getissuers", "listissuers", "setissuers",
      "deleteissuers", "manageissuers", "recover"], "storage": ["get", "list", "delete",
      "set", "update", "regeneratekey", "setsas", "listsas", "getsas", "deletesas"]}}],
      "enableSoftDelete": true, "softDeleteRetentionInDays": 90, "enablePurgeProtection":
      true, "networkAcls": {"bypass": "AzureServices", "defaultAction": "Allow", "ipRules":
      [], "virtualNetworkRules": []}}}'
    headers:
      Accept:
      - application/json
      Accept-Encoding:
      - gzip, deflate
      CommandName:
      - keyvault create
      Connection:
      - keep-alive
      Content-Length:
      - '955'
      Content-Type:
      - application/json
      ParameterSetName:
      - -g -n --enable-purge-protection --enable-soft-delete
      User-Agent:
      - AZURECLI/2.11.1 azsdk-python-azure-mgmt-keyvault/7.0.0b2 Python/3.8.5 (Linux-5.4.0-1023-azure-x86_64-with-glibc2.27)
    method: PUT
    uri: https://management.azure.com/subscriptions/00000000-0000-0000-0000-000000000000/resourceGroups/cli_test_disk_encryption_set_disk_update_000001/providers/Microsoft.KeyVault/vaults/vault3-000002?api-version=2019-09-01
  response:
    body:
      string: '{"id":"/subscriptions/00000000-0000-0000-0000-000000000000/resourceGroups/cli_test_disk_encryption_set_disk_update_000001/providers/Microsoft.KeyVault/vaults/vault3-000002","name":"vault3-000002","type":"Microsoft.KeyVault/vaults","location":"westcentralus","tags":{},"properties":{"sku":{"family":"A","name":"standard"},"tenantId":"54826b22-38d6-4fb2-bad9-b7b93a3e9c5a","accessPolicies":[{"tenantId":"54826b22-38d6-4fb2-bad9-b7b93a3e9c5a","objectId":"6d97229a-391f-473a-893f-f0608b592d7b","permissions":{"keys":["get","create","delete","list","update","import","backup","restore","recover"],"secrets":["get","list","set","delete","backup","restore","recover"],"certificates":["get","list","delete","create","import","update","managecontacts","getissuers","listissuers","setissuers","deleteissuers","manageissuers","recover"],"storage":["get","list","delete","set","update","regeneratekey","setsas","listsas","getsas","deletesas"]}}],"enabledForDeployment":false,"enableSoftDelete":true,"softDeleteRetentionInDays":90,"enablePurgeProtection":true,"vaultUri":"https://vault3-000002.vault.azure.net","provisioningState":"RegisteringDns"}}'
    headers:
      cache-control:
      - no-cache
      content-length:
      - '1185'
      content-type:
      - application/json; charset=utf-8
      date:
      - Thu, 10 Sep 2020 02:36:33 GMT
      expires:
      - '-1'
      pragma:
      - no-cache
      server:
      - Microsoft-IIS/10.0
      strict-transport-security:
      - max-age=31536000; includeSubDomains
      transfer-encoding:
      - chunked
      vary:
      - Accept-Encoding
      x-aspnet-version:
      - 4.0.30319
      x-content-type-options:
      - nosniff
      x-ms-keyvault-service-version:
      - 1.1.55.0
      x-ms-ratelimit-remaining-subscription-writes:
      - '1199'
      x-powered-by:
      - ASP.NET
    status:
      code: 200
      message: OK
- request:
    body: null
    headers:
      Accept:
      - '*/*'
      Accept-Encoding:
      - gzip, deflate
      CommandName:
      - keyvault create
      Connection:
      - keep-alive
      ParameterSetName:
      - -g -n --enable-purge-protection --enable-soft-delete
      User-Agent:
      - AZURECLI/2.11.1 azsdk-python-azure-mgmt-keyvault/7.0.0b2 Python/3.8.5 (Linux-5.4.0-1023-azure-x86_64-with-glibc2.27)
    method: GET
    uri: https://management.azure.com/subscriptions/00000000-0000-0000-0000-000000000000/resourceGroups/cli_test_disk_encryption_set_disk_update_000001/providers/Microsoft.KeyVault/vaults/vault3-000002?api-version=2019-09-01
  response:
    body:
      string: '{"id":"/subscriptions/00000000-0000-0000-0000-000000000000/resourceGroups/cli_test_disk_encryption_set_disk_update_000001/providers/Microsoft.KeyVault/vaults/vault3-000002","name":"vault3-000002","type":"Microsoft.KeyVault/vaults","location":"westcentralus","tags":{},"properties":{"sku":{"family":"A","name":"standard"},"tenantId":"54826b22-38d6-4fb2-bad9-b7b93a3e9c5a","accessPolicies":[{"tenantId":"54826b22-38d6-4fb2-bad9-b7b93a3e9c5a","objectId":"6d97229a-391f-473a-893f-f0608b592d7b","permissions":{"keys":["get","create","delete","list","update","import","backup","restore","recover"],"secrets":["get","list","set","delete","backup","restore","recover"],"certificates":["get","list","delete","create","import","update","managecontacts","getissuers","listissuers","setissuers","deleteissuers","manageissuers","recover"],"storage":["get","list","delete","set","update","regeneratekey","setsas","listsas","getsas","deletesas"]}}],"enabledForDeployment":false,"enableSoftDelete":true,"softDeleteRetentionInDays":90,"enablePurgeProtection":true,"vaultUri":"https://vault3-000002.vault.azure.net/","provisioningState":"Succeeded"}}'
    headers:
      cache-control:
      - no-cache
      content-length:
      - '1181'
      content-type:
      - application/json; charset=utf-8
      date:
      - Thu, 10 Sep 2020 02:37:03 GMT
      expires:
      - '-1'
      pragma:
      - no-cache
      server:
      - Microsoft-IIS/10.0
      strict-transport-security:
      - max-age=31536000; includeSubDomains
      transfer-encoding:
      - chunked
      vary:
      - Accept-Encoding
      x-aspnet-version:
      - 4.0.30319
      x-content-type-options:
      - nosniff
      x-ms-keyvault-service-version:
      - 1.1.55.0
      x-powered-by:
      - ASP.NET
    status:
      code: 200
      message: OK
- request:
    body: ''
    headers:
      Accept:
      - application/json
      Accept-Encoding:
      - gzip, deflate
      Connection:
      - keep-alive
      Content-Length:
      - 0
      Content-Type:
      - application/json; charset=utf-8
      User-Agent:
      - python/3.8.5 (Linux-5.4.0-1023-azure-x86_64-with-glibc2.27) msrest/0.6.18
        msrest_azure/0.6.3 azure-keyvault/7.0 Azure-SDK-For-Python
      accept-language:
      - en-US
    method: POST
    uri: https://vault3-000002.vault.azure.net/keys/key-000003/create?api-version=7.0
  response:
    body:
      string: '{"error":{"code":"Unauthorized","message":"Request is missing a Bearer
        or PoP token."}}'
    headers:
      cache-control:
      - no-cache
      content-length:
      - '87'
      content-type:
      - application/json; charset=utf-8
      date:
      - Thu, 10 Sep 2020 02:37:05 GMT
      expires:
      - '-1'
      pragma:
      - no-cache
      strict-transport-security:
      - max-age=31536000;includeSubDomains
      www-authenticate:
      - Bearer authorization="https://login.windows.net/54826b22-38d6-4fb2-bad9-b7b93a3e9c5a",
        resource="https://vault.azure.net"
      x-aspnet-version:
      - 4.0.30319
      x-content-type-options:
      - nosniff
      x-ms-keyvault-network-info:
      - conn_type=Ipv4;addr=13.93.163.40;act_addr_fam=InterNetwork;
      x-ms-keyvault-region:
      - westcentralus
      x-ms-keyvault-service-version:
      - 1.1.60.0
      x-powered-by:
      - ASP.NET
    status:
      code: 401
      message: Unauthorized
- request:
    body: '{"kty": "RSA", "attributes": {"enabled": true}}'
    headers:
      Accept:
      - application/json
      Accept-Encoding:
      - gzip, deflate
      Connection:
      - keep-alive
      Content-Length:
      - '47'
      Content-Type:
      - application/json; charset=utf-8
      User-Agent:
      - python/3.8.5 (Linux-5.4.0-1023-azure-x86_64-with-glibc2.27) msrest/0.6.18
        msrest_azure/0.6.3 azure-keyvault/7.0 Azure-SDK-For-Python
      accept-language:
      - en-US
    method: POST
    uri: https://vault3-000002.vault.azure.net/keys/key-000003/create?api-version=7.0
  response:
    body:
      string: '{"key":{"kid":"https://vault3-000002.vault.azure.net/keys/key-000003/8c2900aaa75b4f26871cf1688642fdbc","kty":"RSA","key_ops":["encrypt","decrypt","sign","verify","wrapKey","unwrapKey"],"n":"m841Ltxb8Np4NxPzCRgxFOif18pGuYsKkNNM6L5w9b7fyXSw8jDzZ20GieqPG6k940GFhryyvOM9sVPOrN5l3zsq3nugOkwhBlYEnhSSCU5Oo76XafHJAs0WRBQsGiB-nEORnKBSGWsXq5VFXWW1dvddCwxtN-trz1zOd5eo_rmrgCzNFdi4ysRUqN8K25yxxzlGn0mnzcl7P-qN3DHaM9jesyAfBrOMCTcslGALTxWVvlHcWsmDjaLV-g1FJmE0fpkuz1PVZ7Ktx8KJ9CXk_xlCkd7SSylkI9n_AvhLlt7VVqM9gYdI17KfJ7UZVDPUcY1aAcddTXWMhF6VIe2ILw","e":"AQAB"},"attributes":{"enabled":true,"created":1599705426,"updated":1599705426,"recoveryLevel":"Recoverable"}}'
    headers:
      cache-control:
      - no-cache
      content-length:
      - '665'
      content-type:
      - application/json; charset=utf-8
      date:
      - Thu, 10 Sep 2020 02:37:05 GMT
      expires:
      - '-1'
      pragma:
      - no-cache
      strict-transport-security:
      - max-age=31536000;includeSubDomains
      x-aspnet-version:
      - 4.0.30319
      x-content-type-options:
      - nosniff
      x-ms-keyvault-network-info:
      - conn_type=Ipv4;addr=13.93.163.40;act_addr_fam=InterNetwork;
      x-ms-keyvault-region:
      - westcentralus
      x-ms-keyvault-service-version:
      - 1.1.60.0
      x-powered-by:
      - ASP.NET
    status:
      code: 200
      message: OK
- request:
    body: null
    headers:
      Accept:
      - application/json
      Accept-Encoding:
      - gzip, deflate
      CommandName:
      - disk-encryption-set create
      Connection:
      - keep-alive
      ParameterSetName:
      - -g -n --key-url --source-vault
      User-Agent:
      - python/3.8.5 (Linux-5.4.0-1023-azure-x86_64-with-glibc2.27) msrest/0.6.18
        msrest_azure/0.6.3 azure-mgmt-resource/10.2.0 Azure-SDK-For-Python AZURECLI/2.11.1
      accept-language:
      - en-US
    method: GET
    uri: https://management.azure.com/subscriptions/00000000-0000-0000-0000-000000000000/resourcegroups/cli_test_disk_encryption_set_disk_update_000001?api-version=2020-06-01
  response:
    body:
      string: '{"id":"/subscriptions/00000000-0000-0000-0000-000000000000/resourceGroups/cli_test_disk_encryption_set_disk_update_000001","name":"cli_test_disk_encryption_set_disk_update_000001","type":"Microsoft.Resources/resourceGroups","location":"westcentralus","tags":{"product":"azurecli","cause":"automation","date":"2020-09-10T02:36:28Z","StorageType":"Standard_LRS","type":"test"},"properties":{"provisioningState":"Succeeded"}}'
    headers:
      cache-control:
      - no-cache
      content-length:
      - '478'
      content-type:
      - application/json; charset=utf-8
      date:
      - Thu, 10 Sep 2020 02:37:06 GMT
      expires:
      - '-1'
      pragma:
      - no-cache
      strict-transport-security:
      - max-age=31536000; includeSubDomains
      vary:
      - Accept-Encoding
      x-content-type-options:
      - nosniff
    status:
      code: 200
      message: OK
- request:
    body: '{"location": "westcentralus", "identity": {"type": "SystemAssigned"}, "properties":
      {"activeKey": {"sourceVault": {"id": "/subscriptions/00000000-0000-0000-0000-000000000000/resourceGroups/cli_test_disk_encryption_set_disk_update_000001/providers/Microsoft.KeyVault/vaults/vault3-000002"},
      "keyUrl": "https://vault3-000002.vault.azure.net/keys/key-000003/8c2900aaa75b4f26871cf1688642fdbc"}}}'
    headers:
      Accept:
      - application/json
      Accept-Encoding:
      - gzip, deflate
      CommandName:
      - disk-encryption-set create
      Connection:
      - keep-alive
      Content-Length:
      - '443'
      Content-Type:
      - application/json; charset=utf-8
      ParameterSetName:
      - -g -n --key-url --source-vault
      User-Agent:
      - python/3.8.5 (Linux-5.4.0-1023-azure-x86_64-with-glibc2.27) msrest/0.6.18
        msrest_azure/0.6.3 azure-mgmt-compute/13.1.0 Azure-SDK-For-Python AZURECLI/2.11.1
      accept-language:
      - en-US
    method: PUT
    uri: https://management.azure.com/subscriptions/00000000-0000-0000-0000-000000000000/resourceGroups/cli_test_disk_encryption_set_disk_update_000001/providers/Microsoft.Compute/diskEncryptionSets/des1-000004?api-version=2020-06-30
  response:
    body:
      string: "{\r\n  \"location\": \"westcentralus\",\r\n  \"identity\": {\r\n  \
        \  \"type\": \"SystemAssigned\"\r\n  },\r\n  \"properties\": {\r\n    \"activeKey\"\
        : {\r\n      \"sourceVault\": {\r\n        \"id\": \"/subscriptions/00000000-0000-0000-0000-000000000000/resourceGroups/cli_test_disk_encryption_set_disk_update_000001/providers/Microsoft.KeyVault/vaults/vault3-000002\"\
        \r\n      },\r\n      \"keyUrl\": \"https://vault3-000002.vault.azure.net/keys/key-000003/8c2900aaa75b4f26871cf1688642fdbc\"\
        \r\n    },\r\n    \"provisioningState\": \"Updating\"\r\n  }\r\n}"
    headers:
      azure-asyncoperation:
      - https://management.azure.com/subscriptions/00000000-0000-0000-0000-000000000000/providers/Microsoft.Compute/locations/westcentralus/DiskOperations/a22f7cdb-4138-412e-8d5d-31225cf6301b?api-version=2020-06-30
      cache-control:
      - no-cache
      content-length:
      - '552'
      content-type:
      - application/json; charset=utf-8
      date:
      - Thu, 10 Sep 2020 02:37:11 GMT
      expires:
      - '-1'
      location:
      - https://management.azure.com/subscriptions/00000000-0000-0000-0000-000000000000/providers/Microsoft.Compute/locations/westcentralus/DiskOperations/a22f7cdb-4138-412e-8d5d-31225cf6301b?monitor=true&api-version=2020-06-30
      pragma:
      - no-cache
      server:
      - Microsoft-HTTPAPI/2.0
      - Microsoft-HTTPAPI/2.0
      strict-transport-security:
      - max-age=31536000; includeSubDomains
      x-content-type-options:
      - nosniff
      x-ms-ratelimit-remaining-resource:
      - Microsoft.Compute/HighCostDiskEncryptionSet3Min;98,Microsoft.Compute/HighCostDiskEncryptionSet30Min;298
      x-ms-ratelimit-remaining-subscription-writes:
      - '1199'
    status:
      code: 202
      message: Accepted
- request:
    body: null
    headers:
      Accept:
      - application/json
      Accept-Encoding:
      - gzip, deflate
      CommandName:
      - disk-encryption-set create
      Connection:
      - keep-alive
      ParameterSetName:
      - -g -n --key-url --source-vault
      User-Agent:
      - python/3.8.5 (Linux-5.4.0-1023-azure-x86_64-with-glibc2.27) msrest/0.6.18
        msrest_azure/0.6.3 azure-mgmt-compute/13.1.0 Azure-SDK-For-Python AZURECLI/2.11.1
    method: GET
    uri: https://management.azure.com/subscriptions/00000000-0000-0000-0000-000000000000/providers/Microsoft.Compute/locations/westcentralus/DiskOperations/a22f7cdb-4138-412e-8d5d-31225cf6301b?api-version=2020-06-30
  response:
    body:
      string: "{\r\n  \"startTime\": \"2020-09-10T02:37:11.7196638+00:00\",\r\n  \"\
        endTime\": \"2020-09-10T02:37:11.7978029+00:00\",\r\n  \"status\": \"Succeeded\"\
        ,\r\n  \"properties\": {\r\n    \"output\": {\"name\":\"des1-000004\",\"id\"\
        :\"/subscriptions/00000000-0000-0000-0000-000000000000/resourceGroups/cli_test_disk_encryption_set_disk_update_000001/providers/Microsoft.Compute/diskEncryptionSets/des1-000004\"\
        ,\"type\":\"Microsoft.Compute/diskEncryptionSets\",\"location\":\"westcentralus\"\
        ,\"identity\":{\"type\":\"SystemAssigned\",\"principalId\":\"33004082-d61f-4855-ac76-27448c22a210\"\
        ,\"tenantId\":\"54826b22-38d6-4fb2-bad9-b7b93a3e9c5a\"},\"properties\":{\"\
        activeKey\":{\"sourceVault\":{\"id\":\"/subscriptions/00000000-0000-0000-0000-000000000000/resourceGroups/cli_test_disk_encryption_set_disk_update_000001/providers/Microsoft.KeyVault/vaults/vault3-000002\"\
        },\"keyUrl\":\"https://vault3-000002.vault.azure.net/keys/key-000003/8c2900aaa75b4f26871cf1688642fdbc\"\
        },\"encryptionType\":\"EncryptionAtRestWithCustomerKey\",\"provisioningState\"\
        :\"Succeeded\"}}\r\n  },\r\n  \"name\": \"a22f7cdb-4138-412e-8d5d-31225cf6301b\"\
        \r\n}"
    headers:
      cache-control:
      - no-cache
      content-length:
      - '1137'
      content-type:
      - application/json; charset=utf-8
      date:
      - Thu, 10 Sep 2020 02:37:42 GMT
      expires:
      - '-1'
      pragma:
      - no-cache
      server:
      - Microsoft-HTTPAPI/2.0
      - Microsoft-HTTPAPI/2.0
      strict-transport-security:
      - max-age=31536000; includeSubDomains
      transfer-encoding:
      - chunked
      vary:
      - Accept-Encoding
      x-content-type-options:
      - nosniff
      x-ms-ratelimit-remaining-resource:
      - Microsoft.Compute/GetOperation3Min;49995,Microsoft.Compute/GetOperation30Min;399995
    status:
      code: 200
      message: OK
- request:
    body: null
    headers:
      Accept:
      - application/json
      Accept-Encoding:
      - gzip, deflate
      CommandName:
      - disk-encryption-set create
      Connection:
      - keep-alive
      ParameterSetName:
      - -g -n --key-url --source-vault
      User-Agent:
      - python/3.8.5 (Linux-5.4.0-1023-azure-x86_64-with-glibc2.27) msrest/0.6.18
        msrest_azure/0.6.3 azure-mgmt-compute/13.1.0 Azure-SDK-For-Python AZURECLI/2.11.1
    method: GET
    uri: https://management.azure.com/subscriptions/00000000-0000-0000-0000-000000000000/resourceGroups/cli_test_disk_encryption_set_disk_update_000001/providers/Microsoft.Compute/diskEncryptionSets/des1-000004?api-version=2020-06-30
  response:
    body:
      string: "{\r\n  \"name\": \"des1-000004\",\r\n  \"id\": \"/subscriptions/00000000-0000-0000-0000-000000000000/resourceGroups/cli_test_disk_encryption_set_disk_update_000001/providers/Microsoft.Compute/diskEncryptionSets/des1-000004\"\
        ,\r\n  \"type\": \"Microsoft.Compute/diskEncryptionSets\",\r\n  \"location\"\
        : \"westcentralus\",\r\n  \"identity\": {\r\n    \"type\": \"SystemAssigned\"\
        ,\r\n    \"principalId\": \"33004082-d61f-4855-ac76-27448c22a210\",\r\n  \
        \  \"tenantId\": \"54826b22-38d6-4fb2-bad9-b7b93a3e9c5a\"\r\n  },\r\n  \"\
        properties\": {\r\n    \"activeKey\": {\r\n      \"sourceVault\": {\r\n  \
        \      \"id\": \"/subscriptions/00000000-0000-0000-0000-000000000000/resourceGroups/cli_test_disk_encryption_set_disk_update_000001/providers/Microsoft.KeyVault/vaults/vault3-000002\"\
        \r\n      },\r\n      \"keyUrl\": \"https://vault3-000002.vault.azure.net/keys/key-000003/8c2900aaa75b4f26871cf1688642fdbc\"\
        \r\n    },\r\n    \"encryptionType\": \"EncryptionAtRestWithCustomerKey\"\
        ,\r\n    \"provisioningState\": \"Succeeded\"\r\n  }\r\n}"
    headers:
      cache-control:
      - no-cache
      content-length:
      - '1037'
      content-type:
      - application/json; charset=utf-8
      date:
      - Thu, 10 Sep 2020 02:37:42 GMT
      expires:
      - '-1'
      pragma:
      - no-cache
      server:
      - Microsoft-HTTPAPI/2.0
      - Microsoft-HTTPAPI/2.0
      strict-transport-security:
      - max-age=31536000; includeSubDomains
      transfer-encoding:
      - chunked
      vary:
      - Accept-Encoding
      x-content-type-options:
      - nosniff
      x-ms-ratelimit-remaining-resource:
      - Microsoft.Compute/LowCostGet3Min;4991,Microsoft.Compute/LowCostGet30Min;39991
    status:
      code: 200
      message: OK
- request:
    body: null
    headers:
      Accept:
      - application/json
      Accept-Encoding:
      - gzip, deflate
      CommandName:
      - disk-encryption-set show
      Connection:
      - keep-alive
      ParameterSetName:
      - -g -n
      User-Agent:
      - python/3.8.5 (Linux-5.4.0-1023-azure-x86_64-with-glibc2.27) msrest/0.6.18
        msrest_azure/0.6.3 azure-mgmt-compute/13.1.0 Azure-SDK-For-Python AZURECLI/2.11.1
      accept-language:
      - en-US
    method: GET
    uri: https://management.azure.com/subscriptions/00000000-0000-0000-0000-000000000000/resourceGroups/cli_test_disk_encryption_set_disk_update_000001/providers/Microsoft.Compute/diskEncryptionSets/des1-000004?api-version=2020-06-30
  response:
    body:
      string: "{\r\n  \"name\": \"des1-000004\",\r\n  \"id\": \"/subscriptions/00000000-0000-0000-0000-000000000000/resourceGroups/cli_test_disk_encryption_set_disk_update_000001/providers/Microsoft.Compute/diskEncryptionSets/des1-000004\"\
        ,\r\n  \"type\": \"Microsoft.Compute/diskEncryptionSets\",\r\n  \"location\"\
        : \"westcentralus\",\r\n  \"identity\": {\r\n    \"type\": \"SystemAssigned\"\
        ,\r\n    \"principalId\": \"33004082-d61f-4855-ac76-27448c22a210\",\r\n  \
        \  \"tenantId\": \"54826b22-38d6-4fb2-bad9-b7b93a3e9c5a\"\r\n  },\r\n  \"\
        properties\": {\r\n    \"activeKey\": {\r\n      \"sourceVault\": {\r\n  \
        \      \"id\": \"/subscriptions/00000000-0000-0000-0000-000000000000/resourceGroups/cli_test_disk_encryption_set_disk_update_000001/providers/Microsoft.KeyVault/vaults/vault3-000002\"\
        \r\n      },\r\n      \"keyUrl\": \"https://vault3-000002.vault.azure.net/keys/key-000003/8c2900aaa75b4f26871cf1688642fdbc\"\
        \r\n    },\r\n    \"encryptionType\": \"EncryptionAtRestWithCustomerKey\"\
        ,\r\n    \"provisioningState\": \"Succeeded\"\r\n  }\r\n}"
    headers:
      cache-control:
      - no-cache
      content-length:
      - '1037'
      content-type:
      - application/json; charset=utf-8
      date:
      - Thu, 10 Sep 2020 02:37:42 GMT
      expires:
      - '-1'
      pragma:
      - no-cache
      server:
      - Microsoft-HTTPAPI/2.0
      - Microsoft-HTTPAPI/2.0
      strict-transport-security:
      - max-age=31536000; includeSubDomains
      transfer-encoding:
      - chunked
      vary:
      - Accept-Encoding
      x-content-type-options:
      - nosniff
      x-ms-ratelimit-remaining-resource:
      - Microsoft.Compute/LowCostGet3Min;4990,Microsoft.Compute/LowCostGet30Min;39990
    status:
      code: 200
      message: OK
- request:
    body: null
    headers:
      Accept:
      - application/json
      Accept-Encoding:
      - gzip, deflate
      CommandName:
      - keyvault set-policy
      Connection:
      - keep-alive
      ParameterSetName:
      - -n --object-id --key-permissions
      User-Agent:
      - AZURECLI/2.11.1 azsdk-python-azure-mgmt-keyvault/7.0.0b2 Python/3.8.5 (Linux-5.4.0-1023-azure-x86_64-with-glibc2.27)
    method: GET
    uri: https://management.azure.com/subscriptions/00000000-0000-0000-0000-000000000000/resources?$filter=resourceType%20eq%20%27Microsoft.KeyVault%2Fvaults%27&api-version=2015-11-01
  response:
    body:
      string: '{"value":[{"id":"/subscriptions/00000000-0000-0000-0000-000000000000/resourceGroups/azps-test-group/providers/Microsoft.KeyVault/vaults/azps-test-kv2","name":"azps-test-kv2","type":"Microsoft.KeyVault/vaults","location":"eastus","tags":{}},{"id":"/subscriptions/00000000-0000-0000-0000-000000000000/resourceGroups/azps-test-group/providers/Microsoft.KeyVault/vaults/azps-test-kv4","name":"azps-test-kv4","type":"Microsoft.KeyVault/vaults","location":"southcentralus","tags":{}},{"id":"/subscriptions/00000000-0000-0000-0000-000000000000/resourceGroups/bim-rg/providers/Microsoft.KeyVault/vaults/bim-kv5","name":"bim-kv5","type":"Microsoft.KeyVault/vaults","location":"eastus2euap","tags":{"k1":"v1"}},{"id":"/subscriptions/00000000-0000-0000-0000-000000000000/resourceGroups/bim-rg/providers/Microsoft.KeyVault/vaults/bimkvtest20200513","name":"bimkvtest20200513","type":"Microsoft.KeyVault/vaults","location":"westus","tags":{}},{"id":"/subscriptions/00000000-0000-0000-0000-000000000000/resourceGroups/bim-rg/providers/Microsoft.KeyVault/vaults/bimtestsd1","name":"bimtestsd1","type":"Microsoft.KeyVault/vaults","location":"westus2","tags":{}},{"id":"/subscriptions/00000000-0000-0000-0000-000000000000/resourceGroups/bim-rg/providers/Microsoft.KeyVault/vaults/dogfood-env-pwd","name":"dogfood-env-pwd","type":"Microsoft.KeyVault/vaults","location":"eastus","tags":{}},{"id":"/subscriptions/00000000-0000-0000-0000-000000000000/resourceGroups/bim_pl_test_rg/providers/Microsoft.KeyVault/vaults/bimkv-nr-test","name":"bimkv-nr-test","type":"Microsoft.KeyVault/vaults","location":"eastus","tags":{}},{"id":"/subscriptions/00000000-0000-0000-0000-000000000000/resourceGroups/bim_pl_test_rg/providers/Microsoft.KeyVault/vaults/bimkv-nr-test2","name":"bimkv-nr-test2","type":"Microsoft.KeyVault/vaults","location":"eastus","tags":{}},{"id":"/subscriptions/00000000-0000-0000-0000-000000000000/resourceGroups/bim_pl_test_rg/providers/Microsoft.KeyVault/vaults/bimkv-nr-test3","name":"bimkv-nr-test3","type":"Microsoft.KeyVault/vaults","location":"eastus","tags":{}},{"id":"/subscriptions/00000000-0000-0000-0000-000000000000/resourceGroups/bim_pl_test_rg/providers/Microsoft.KeyVault/vaults/bimplkv","name":"bimplkv","type":"Microsoft.KeyVault/vaults","location":"eastus","tags":{}},{"id":"/subscriptions/00000000-0000-0000-0000-000000000000/resourceGroups/cli_test_disk_encryption_set_2ncsiy5agu5ige3kbzqmrkh7oqnnycv5h75bnzk2zez6g3/providers/Microsoft.KeyVault/vaults/vault-to6ru476zwf5pv","name":"vault-to6ru476zwf5pv","type":"Microsoft.KeyVault/vaults","location":"westcentralus","tags":{}},{"id":"/subscriptions/00000000-0000-0000-0000-000000000000/resourceGroups/cli_test_disk_encryption_set_disk_update_000001/providers/Microsoft.KeyVault/vaults/vault3-000002","name":"vault3-000002","type":"Microsoft.KeyVault/vaults","location":"westcentralus","tags":{}},{"id":"/subscriptions/00000000-0000-0000-0000-000000000000/resourceGroups/cli_test_disk_encryption_set_snapshot_buyuscrg3bkbympkwcwird2efcjunmfq5tnbz/providers/Microsoft.KeyVault/vaults/vault4-7up7klgtfdwx4","name":"vault4-7up7klgtfdwx4","type":"Microsoft.KeyVault/vaults","location":"westcentralus","tags":{}},{"id":"/subscriptions/00000000-0000-0000-0000-000000000000/resourceGroups/cli_test_disk_encryption_set_update_gnqp7ofdv7sizusbt2dvcuf3yegdkbf3tdbklst/providers/Microsoft.KeyVault/vaults/vault1-nx77kgoiptjqb","name":"vault1-nx77kgoiptjqb","type":"Microsoft.KeyVault/vaults","location":"westcentralus","tags":{}},{"id":"/subscriptions/00000000-0000-0000-0000-000000000000/resourceGroups/cli_test_disk_encryption_set_update_gnqp7ofdv7sizusbt2dvcuf3yegdkbf3tdbklst/providers/Microsoft.KeyVault/vaults/vault2-niqogttmyz6ql","name":"vault2-niqogttmyz6ql","type":"Microsoft.KeyVault/vaults","location":"westcentralus","tags":{}},{"id":"/subscriptions/00000000-0000-0000-0000-000000000000/resourceGroups/feng-cli-rg/providers/Microsoft.KeyVault/vaults/fengkv","name":"fengkv","type":"Microsoft.KeyVault/vaults","location":"eastus","tags":{}},{"id":"/subscriptions/00000000-0000-0000-0000-000000000000/resourceGroups/fytest/providers/Microsoft.KeyVault/vaults/vault1569","name":"vault1569","type":"Microsoft.KeyVault/vaults","location":"centraluseuap","tags":{}},{"id":"/subscriptions/00000000-0000-0000-0000-000000000000/resourceGroups/jlrg1/providers/Microsoft.KeyVault/vaults/jlkv0227","name":"jlkv0227","type":"Microsoft.KeyVault/vaults","location":"southeastasia","tags":{}},{"id":"/subscriptions/00000000-0000-0000-0000-000000000000/resourceGroups/jlrg1/providers/Microsoft.KeyVault/vaults/jlkv0309","name":"jlkv0309","type":"Microsoft.KeyVault/vaults","location":"southeastasia","tags":{}},{"id":"/subscriptions/00000000-0000-0000-0000-000000000000/resourceGroups/yeming/providers/Microsoft.KeyVault/vaults/yeming","name":"yeming","type":"Microsoft.KeyVault/vaults","location":"eastasia","tags":{}},{"id":"/subscriptions/00000000-0000-0000-0000-000000000000/resourceGroups/zhoxing-test/providers/Microsoft.KeyVault/vaults/zhoxingtest9393","name":"zhoxingtest9393","type":"Microsoft.KeyVault/vaults","location":"westus","tags":{"hidden-DevTestLabs-LabUId":"6e279161-d008-42b7-90a1-6801fc4bc4ca","CreatedBy":"DevTestLabs"}},{"id":"/subscriptions/00000000-0000-0000-0000-000000000000/resourceGroups/zhoxing-test/providers/Microsoft.KeyVault/vaults/zhoxingtest9ac53638","name":"zhoxingtest9ac53638","type":"Microsoft.KeyVault/vaults","location":"westus","tags":{"hidden-DevTestLabs-LabUId":"6e279161-d008-42b7-90a1-6801fc4bc4ca","CreatedBy":"DevTestLabs"}},{"id":"/subscriptions/00000000-0000-0000-0000-000000000000/resourceGroups/zuh/providers/Microsoft.KeyVault/vaults/zuhvault","name":"zuhvault","type":"Microsoft.KeyVault/vaults","location":"eastus","tags":{}}]}'
    headers:
      cache-control:
      - no-cache
      content-length:
      - '5772'
      content-type:
      - application/json; charset=utf-8
      date:
      - Thu, 10 Sep 2020 02:37:43 GMT
      expires:
      - '-1'
      pragma:
      - no-cache
      strict-transport-security:
      - max-age=31536000; includeSubDomains
      vary:
      - Accept-Encoding
      x-content-type-options:
      - nosniff
    status:
      code: 200
      message: OK
- request:
    body: null
    headers:
      Accept:
      - application/json
      Accept-Encoding:
      - gzip, deflate
      CommandName:
      - keyvault set-policy
      Connection:
      - keep-alive
      ParameterSetName:
      - -n --object-id --key-permissions
      User-Agent:
      - AZURECLI/2.11.1 azsdk-python-azure-mgmt-keyvault/7.0.0b2 Python/3.8.5 (Linux-5.4.0-1023-azure-x86_64-with-glibc2.27)
    method: GET
    uri: https://management.azure.com/subscriptions/00000000-0000-0000-0000-000000000000/resourceGroups/cli_test_disk_encryption_set_disk_update_000001/providers/Microsoft.KeyVault/vaults/vault3-000002?api-version=2019-09-01
  response:
    body:
      string: '{"id":"/subscriptions/00000000-0000-0000-0000-000000000000/resourceGroups/cli_test_disk_encryption_set_disk_update_000001/providers/Microsoft.KeyVault/vaults/vault3-000002","name":"vault3-000002","type":"Microsoft.KeyVault/vaults","location":"westcentralus","tags":{},"properties":{"sku":{"family":"A","name":"standard"},"tenantId":"54826b22-38d6-4fb2-bad9-b7b93a3e9c5a","accessPolicies":[{"tenantId":"54826b22-38d6-4fb2-bad9-b7b93a3e9c5a","objectId":"6d97229a-391f-473a-893f-f0608b592d7b","permissions":{"keys":["get","create","delete","list","update","import","backup","restore","recover"],"secrets":["get","list","set","delete","backup","restore","recover"],"certificates":["get","list","delete","create","import","update","managecontacts","getissuers","listissuers","setissuers","deleteissuers","manageissuers","recover"],"storage":["get","list","delete","set","update","regeneratekey","setsas","listsas","getsas","deletesas"]}}],"enabledForDeployment":false,"enableSoftDelete":true,"softDeleteRetentionInDays":90,"enablePurgeProtection":true,"vaultUri":"https://vault3-000002.vault.azure.net/","provisioningState":"Succeeded"}}'
    headers:
      cache-control:
      - no-cache
      content-length:
      - '1181'
      content-type:
      - application/json; charset=utf-8
      date:
      - Thu, 10 Sep 2020 02:37:43 GMT
      expires:
      - '-1'
      pragma:
      - no-cache
      server:
      - Microsoft-IIS/10.0
      strict-transport-security:
      - max-age=31536000; includeSubDomains
      transfer-encoding:
      - chunked
      vary:
      - Accept-Encoding
      x-aspnet-version:
      - 4.0.30319
      x-content-type-options:
      - nosniff
      x-ms-keyvault-service-version:
      - 1.1.55.0
      x-powered-by:
      - ASP.NET
    status:
      code: 200
      message: OK
- request:
    body: '{"location": "westcentralus", "tags": {}, "properties": {"tenantId": "54826b22-38d6-4fb2-bad9-b7b93a3e9c5a",
      "sku": {"family": "A", "name": "standard"}, "accessPolicies": [{"tenantId":
      "54826b22-38d6-4fb2-bad9-b7b93a3e9c5a", "objectId": "6d97229a-391f-473a-893f-f0608b592d7b",
      "permissions": {"keys": ["get", "create", "delete", "list", "update", "import",
      "backup", "restore", "recover"], "secrets": ["get", "list", "set", "delete",
      "backup", "restore", "recover"], "certificates": ["get", "list", "delete", "create",
      "import", "update", "managecontacts", "getissuers", "listissuers", "setissuers",
      "deleteissuers", "manageissuers", "recover"], "storage": ["get", "list", "delete",
      "set", "update", "regeneratekey", "setsas", "listsas", "getsas", "deletesas"]}},
      {"tenantId": "54826b22-38d6-4fb2-bad9-b7b93a3e9c5a", "objectId": "33004082-d61f-4855-ac76-27448c22a210",
      "permissions": {"keys": ["wrapKey", "get", "unwrapKey"]}}], "vaultUri": "https://vault3-000002.vault.azure.net/",
      "enabledForDeployment": false, "enableSoftDelete": true, "softDeleteRetentionInDays":
      90, "enablePurgeProtection": true}}'
    headers:
      Accept:
      - application/json
      Accept-Encoding:
      - gzip, deflate
      CommandName:
      - keyvault set-policy
      Connection:
      - keep-alive
      Content-Length:
      - '1111'
      Content-Type:
      - application/json
      ParameterSetName:
      - -n --object-id --key-permissions
      User-Agent:
      - AZURECLI/2.11.1 azsdk-python-azure-mgmt-keyvault/7.0.0b2 Python/3.8.5 (Linux-5.4.0-1023-azure-x86_64-with-glibc2.27)
    method: PUT
    uri: https://management.azure.com/subscriptions/00000000-0000-0000-0000-000000000000/resourceGroups/cli_test_disk_encryption_set_disk_update_000001/providers/Microsoft.KeyVault/vaults/vault3-000002?api-version=2019-09-01
  response:
    body:
      string: '{"id":"/subscriptions/00000000-0000-0000-0000-000000000000/resourceGroups/cli_test_disk_encryption_set_disk_update_000001/providers/Microsoft.KeyVault/vaults/vault3-000002","name":"vault3-000002","type":"Microsoft.KeyVault/vaults","location":"westcentralus","tags":{},"properties":{"sku":{"family":"A","name":"standard"},"tenantId":"54826b22-38d6-4fb2-bad9-b7b93a3e9c5a","accessPolicies":[{"tenantId":"54826b22-38d6-4fb2-bad9-b7b93a3e9c5a","objectId":"6d97229a-391f-473a-893f-f0608b592d7b","permissions":{"keys":["get","create","delete","list","update","import","backup","restore","recover"],"secrets":["get","list","set","delete","backup","restore","recover"],"certificates":["get","list","delete","create","import","update","managecontacts","getissuers","listissuers","setissuers","deleteissuers","manageissuers","recover"],"storage":["get","list","delete","set","update","regeneratekey","setsas","listsas","getsas","deletesas"]}},{"tenantId":"54826b22-38d6-4fb2-bad9-b7b93a3e9c5a","objectId":"33004082-d61f-4855-ac76-27448c22a210","permissions":{"keys":["wrapKey","get","unwrapKey"]}}],"enabledForDeployment":false,"enableSoftDelete":true,"softDeleteRetentionInDays":90,"enablePurgeProtection":true,"vaultUri":"https://vault3-000002.vault.azure.net/","provisioningState":"Succeeded"}}'
    headers:
      cache-control:
      - no-cache
      content-length:
      - '1336'
      content-type:
      - application/json; charset=utf-8
      date:
      - Thu, 10 Sep 2020 02:37:43 GMT
      expires:
      - '-1'
      pragma:
      - no-cache
      server:
      - Microsoft-IIS/10.0
      strict-transport-security:
      - max-age=31536000; includeSubDomains
      transfer-encoding:
      - chunked
      vary:
      - Accept-Encoding
      x-aspnet-version:
      - 4.0.30319
      x-content-type-options:
      - nosniff
      x-ms-keyvault-service-version:
      - 1.1.55.0
      x-ms-ratelimit-remaining-subscription-writes:
      - '1199'
      x-powered-by:
      - ASP.NET
    status:
      code: 200
      message: OK
- request:
    body: null
    headers:
      Accept:
      - application/json
      Accept-Encoding:
      - gzip, deflate
      CommandName:
      - role assignment create
      Connection:
      - keep-alive
      ParameterSetName:
      - --assignee --role --scope
      User-Agent:
      - python/3.8.5 (Linux-5.4.0-1023-azure-x86_64-with-glibc2.27) msrest/0.6.18
        msrest_azure/0.6.3 azure-mgmt-authorization/0.61.0 Azure-SDK-For-Python AZURECLI/2.11.1
      accept-language:
      - en-US
    method: GET
    uri: https://management.azure.com/subscriptions/00000000-0000-0000-0000-000000000000/resourceGroups/cli_test_disk_encryption_set_disk_update_000001/providers/Microsoft.KeyVault/vaults/vault3-000002/providers/Microsoft.Authorization/roleDefinitions?$filter=roleName%20eq%20%27Reader%27&api-version=2018-01-01-preview
  response:
    body:
      string: '{"value":[{"properties":{"roleName":"Reader","type":"BuiltInRole","description":"View
        all resources, but does not allow you to make any changes.","assignableScopes":["/"],"permissions":[{"actions":["*/read"],"notActions":[],"dataActions":[],"notDataActions":[]}],"createdOn":"2015-02-02T21:55:09.8806423Z","updatedOn":"2020-08-14T20:16:04.3791205Z","createdBy":null,"updatedBy":null},"id":"/subscriptions/00000000-0000-0000-0000-000000000000/providers/Microsoft.Authorization/roleDefinitions/acdd72a7-3385-48ef-bd42-f606fba81ae7","type":"Microsoft.Authorization/roleDefinitions","name":"acdd72a7-3385-48ef-bd42-f606fba81ae7"}]}'
    headers:
      cache-control:
      - no-cache
      content-length:
      - '627'
      content-type:
      - application/json; charset=utf-8
      date:
      - Thu, 10 Sep 2020 02:37:59 GMT
      expires:
      - '-1'
      pragma:
      - no-cache
      set-cookie:
      - x-ms-gateway-slice=Production; path=/; secure; samesite=none; httponly
      strict-transport-security:
      - max-age=31536000; includeSubDomains
      transfer-encoding:
      - chunked
      vary:
      - Accept-Encoding
      x-content-type-options:
      - nosniff
    status:
      code: 200
      message: OK
- request:
    body: null
    headers:
      Accept:
      - application/json
      Accept-Encoding:
      - gzip, deflate
      CommandName:
      - role assignment create
      Connection:
      - keep-alive
      ParameterSetName:
      - --assignee --role --scope
      User-Agent:
      - python/3.8.5 (Linux-5.4.0-1023-azure-x86_64-with-glibc2.27) msrest/0.6.18
        msrest_azure/0.6.3 azure-graphrbac/0.60.0 Azure-SDK-For-Python AZURECLI/2.11.1
      accept-language:
      - en-US
    method: GET
    uri: https://graph.windows.net/00000000-0000-0000-0000-000000000000/servicePrincipals?$filter=servicePrincipalNames%2Fany%28c%3Ac%20eq%20%2733004082-d61f-4855-ac76-27448c22a210%27%29&api-version=1.6
  response:
    body:
      string: '{"odata.metadata":"https://graph.windows.net/00000000-0000-0000-0000-000000000000/$metadata#directoryObjects","value":[]}'
    headers:
      access-control-allow-origin:
      - '*'
      cache-control:
      - no-cache
      content-length:
      - '121'
      content-type:
      - application/json; odata=minimalmetadata; streaming=true; charset=utf-8
      dataserviceversion:
      - 3.0;
      date:
      - Thu, 10 Sep 2020 02:37:58 GMT
      duration:
      - '426018'
      expires:
      - '-1'
      ocp-aad-diagnostics-server-name:
      - K6rldxMxky7aVh9vRPlXWYskRYxAISeuZjxkHfljrVA=
      ocp-aad-session-key:
      - eKte8HdrSFwCxP2BblTy9dqau3kxnRlyA5QgxvZofXszKB3xfv5gaE1TZVRTRUMku3pTTXHclfNVhUbUziqBq6mDnJArYEeJr-dMn9Vt0oNOcsKxAbfXxC96vneWRsgn.KqrKOhc2cHIYMfrU45WoZ7zZ8jNVf3Mk-mBal_Zkl3o
      pragma:
      - no-cache
      request-id:
      - 1e854b58-4241-4986-b90a-04a95c3e940b
      strict-transport-security:
      - max-age=31536000; includeSubDomains
      x-aspnet-version:
      - 4.0.30319
      x-ms-dirapi-data-contract-version:
      - '1.6'
      x-ms-resource-unit:
      - '1'
      x-powered-by:
      - ASP.NET
    status:
      code: 200
      message: OK
- request:
    body: '{"objectIds": ["33004082-d61f-4855-ac76-27448c22a210"], "includeDirectoryObjectReferences":
      true}'
    headers:
      Accept:
      - application/json
      Accept-Encoding:
      - gzip, deflate
      CommandName:
      - role assignment create
      Connection:
      - keep-alive
      Content-Length:
      - '97'
      Content-Type:
      - application/json; charset=utf-8
      ParameterSetName:
      - --assignee --role --scope
      User-Agent:
      - python/3.8.5 (Linux-5.4.0-1023-azure-x86_64-with-glibc2.27) msrest/0.6.18
        msrest_azure/0.6.3 azure-graphrbac/0.60.0 Azure-SDK-For-Python AZURECLI/2.11.1
      accept-language:
      - en-US
    method: POST
    uri: https://graph.windows.net/00000000-0000-0000-0000-000000000000/getObjectsByObjectIds?api-version=1.6
  response:
    body:
      string: '{"odata.metadata":"https://graph.windows.net/00000000-0000-0000-0000-000000000000/$metadata#directoryObjects","value":[{"odata.type":"Microsoft.DirectoryServices.ServicePrincipal","objectType":"ServicePrincipal","objectId":"33004082-d61f-4855-ac76-27448c22a210","deletionTimestamp":null,"accountEnabled":true,"addIns":[],"alternativeNames":["isExplicit=False","/subscriptions/00000000-0000-0000-0000-000000000000/resourcegroups/cli_test_disk_encryption_set_disk_update_000001/providers/Microsoft.Compute/diskEncryptionSets/des1-000004"],"appDisplayName":null,"appId":"9003adb6-e0d8-46fd-a642-0cf128d7a991","applicationTemplateId":null,"appOwnerTenantId":null,"appRoleAssignmentRequired":false,"appRoles":[],"displayName":"des1-000004","errorUrl":null,"homepage":null,"informationalUrls":null,"keyCredentials":[{"customKeyIdentifier":"0A4689EDC41C8987FAAF0ECF6656C67DEADE14B0","endDate":"2020-12-09T02:32:00Z","keyId":"b056953d-9da3-4611-9392-179118589de3","startDate":"2020-09-10T02:32:00Z","type":"AsymmetricX509Cert","usage":"Verify","value":null}],"logoutUrl":null,"notificationEmailAddresses":[],"oauth2Permissions":[],"passwordCredentials":[],"preferredSingleSignOnMode":null,"preferredTokenSigningKeyEndDateTime":null,"preferredTokenSigningKeyThumbprint":null,"publisherName":null,"replyUrls":[],"samlMetadataUrl":null,"samlSingleSignOnSettings":null,"servicePrincipalNames":["9003adb6-e0d8-46fd-a642-0cf128d7a991","https://identity.azure.net/nOCynw0J+qEw9ggE7/ye+h38X01Hn5guhuBiK5oKW5s="],"servicePrincipalType":"ManagedIdentity","signInAudience":null,"tags":[],"tokenEncryptionKeyId":null}]}'
    headers:
      access-control-allow-origin:
      - '*'
      cache-control:
      - no-cache
      content-length:
      - '1645'
      content-type:
      - application/json; odata=minimalmetadata; streaming=true; charset=utf-8
      dataserviceversion:
      - 3.0;
      date:
      - Thu, 10 Sep 2020 02:37:59 GMT
      duration:
      - '527900'
      expires:
      - '-1'
      ocp-aad-diagnostics-server-name:
      - uHyVfaWnz1wZ+Kit9M+ndgirzc7H4vyg8f/Bx6SxLLI=
      ocp-aad-session-key:
      - _8CBDn8gjhcA5iShAEu97YiK4Pyx9W3SnUVms5S7wwHZXyPLLrF0rB2oRHRtNXFDSLY38vDjDuZM4StaqzF7euxc9J32zEPQ74E4VnH8o_w-ohDe2dav1eUcGj9fNtn3.-6BECkmRan6tVOhL1uu_R8NdSiaXaTYcadzJo0p1c8s
      pragma:
      - no-cache
      request-id:
      - 2ae8e26a-3187-4c5e-9773-8575fb910b9c
      strict-transport-security:
      - max-age=31536000; includeSubDomains
      x-aspnet-version:
      - 4.0.30319
      x-ms-dirapi-data-contract-version:
      - '1.6'
      x-ms-resource-unit:
      - '3'
      x-powered-by:
      - ASP.NET
    status:
      code: 200
      message: OK
- request:
    body: '{"properties": {"roleDefinitionId": "/subscriptions/00000000-0000-0000-0000-000000000000/providers/Microsoft.Authorization/roleDefinitions/acdd72a7-3385-48ef-bd42-f606fba81ae7",
      "principalId": "33004082-d61f-4855-ac76-27448c22a210"}}'
    headers:
      Accept:
      - application/json
      Accept-Encoding:
      - gzip, deflate
      CommandName:
      - role assignment create
      Connection:
      - keep-alive
      Content-Length:
      - '233'
      Content-Type:
      - application/json; charset=utf-8
      Cookie:
      - x-ms-gateway-slice=Production
      ParameterSetName:
      - --assignee --role --scope
      User-Agent:
      - python/3.8.5 (Linux-5.4.0-1023-azure-x86_64-with-glibc2.27) msrest/0.6.18
        msrest_azure/0.6.3 azure-mgmt-authorization/0.61.0 Azure-SDK-For-Python AZURECLI/2.11.1
      accept-language:
      - en-US
    method: PUT
    uri: https://management.azure.com/subscriptions/00000000-0000-0000-0000-000000000000/resourceGroups/cli_test_disk_encryption_set_disk_update_000001/providers/Microsoft.KeyVault/vaults/vault3-000002/providers/Microsoft.Authorization/roleAssignments/88888888-0000-0000-0000-000000000001?api-version=2020-04-01-preview
  response:
    body:
      string: '{"properties":{"roleDefinitionId":"/subscriptions/00000000-0000-0000-0000-000000000000/providers/Microsoft.Authorization/roleDefinitions/acdd72a7-3385-48ef-bd42-f606fba81ae7","principalId":"33004082-d61f-4855-ac76-27448c22a210","principalType":"ServicePrincipal","scope":"/subscriptions/00000000-0000-0000-0000-000000000000/resourceGroups/cli_test_disk_encryption_set_disk_update_000001/providers/Microsoft.KeyVault/vaults/vault3-000002","condition":null,"conditionVersion":null,"createdOn":"2020-09-10T02:37:59.9681660Z","updatedOn":"2020-09-10T02:37:59.9681660Z","createdBy":null,"updatedBy":"6d97229a-391f-473a-893f-f0608b592d7b","delegatedManagedIdentityResourceId":null,"description":null},"id":"/subscriptions/00000000-0000-0000-0000-000000000000/resourceGroups/cli_test_disk_encryption_set_disk_update_000001/providers/Microsoft.KeyVault/vaults/vault3-000002/providers/Microsoft.Authorization/roleAssignments/88888888-0000-0000-0000-000000000001","type":"Microsoft.Authorization/roleAssignments","name":"88888888-0000-0000-0000-000000000001"}'
    headers:
      cache-control:
      - no-cache
      content-length:
      - '1119'
      content-type:
      - application/json; charset=utf-8
      date:
      - Thu, 10 Sep 2020 02:38:01 GMT
      expires:
      - '-1'
      pragma:
      - no-cache
      set-cookie:
      - x-ms-gateway-slice=Production; path=/; secure; samesite=none; httponly
      strict-transport-security:
      - max-age=31536000; includeSubDomains
      x-content-type-options:
      - nosniff
      x-ms-ratelimit-remaining-subscription-writes:
      - '1199'
    status:
      code: 201
      message: Created
- request:
    body: null
    headers:
      Accept:
      - application/json
      Accept-Encoding:
      - gzip, deflate
      CommandName:
      - disk create
      Connection:
      - keep-alive
      ParameterSetName:
      - -g -n --size-gb
      User-Agent:
      - python/3.8.5 (Linux-5.4.0-1023-azure-x86_64-with-glibc2.27) msrest/0.6.18
        msrest_azure/0.6.3 azure-mgmt-resource/10.2.0 Azure-SDK-For-Python AZURECLI/2.11.1
      accept-language:
      - en-US
    method: GET
    uri: https://management.azure.com/subscriptions/00000000-0000-0000-0000-000000000000/resourcegroups/cli_test_disk_encryption_set_disk_update_000001?api-version=2020-06-01
  response:
    body:
      string: '{"id":"/subscriptions/00000000-0000-0000-0000-000000000000/resourceGroups/cli_test_disk_encryption_set_disk_update_000001","name":"cli_test_disk_encryption_set_disk_update_000001","type":"Microsoft.Resources/resourceGroups","location":"westcentralus","tags":{"product":"azurecli","cause":"automation","date":"2020-09-10T02:36:28Z","StorageType":"Standard_LRS","type":"test"},"properties":{"provisioningState":"Succeeded"}}'
    headers:
      cache-control:
      - no-cache
      content-length:
      - '478'
      content-type:
      - application/json; charset=utf-8
      date:
      - Thu, 10 Sep 2020 02:38:16 GMT
      expires:
      - '-1'
      pragma:
      - no-cache
      strict-transport-security:
      - max-age=31536000; includeSubDomains
      vary:
      - Accept-Encoding
      x-content-type-options:
      - nosniff
    status:
      code: 200
      message: OK
- request:
    body: '{"location": "westcentralus", "tags": {}, "sku": {"name": "Premium_LRS"},
      "properties": {"hyperVGeneration": "V1", "creationData": {"createOption": "Empty"},
      "diskSizeGB": 10}}'
    headers:
      Accept:
      - application/json
      Accept-Encoding:
      - gzip, deflate
      CommandName:
      - disk create
      Connection:
      - keep-alive
      Content-Length:
      - '176'
      Content-Type:
      - application/json; charset=utf-8
      ParameterSetName:
      - -g -n --size-gb
      User-Agent:
      - python/3.8.5 (Linux-5.4.0-1023-azure-x86_64-with-glibc2.27) msrest/0.6.18
        msrest_azure/0.6.3 azure-mgmt-compute/13.1.0 Azure-SDK-For-Python AZURECLI/2.11.1
      accept-language:
      - en-US
    method: PUT
    uri: https://management.azure.com/subscriptions/00000000-0000-0000-0000-000000000000/resourceGroups/cli_test_disk_encryption_set_disk_update_000001/providers/Microsoft.Compute/disks/disk-000005?api-version=2020-06-30
  response:
    body:
      string: "{\r\n  \"name\": \"disk-000005\",\r\n  \"location\": \"westcentralus\"\
        ,\r\n  \"tags\": {},\r\n  \"sku\": {\r\n    \"name\": \"Premium_LRS\"\r\n\
        \  },\r\n  \"properties\": {\r\n    \"hyperVGeneration\": \"V1\",\r\n    \"\
        creationData\": {\r\n      \"createOption\": \"Empty\"\r\n    },\r\n    \"\
        diskSizeGB\": 10,\r\n    \"provisioningState\": \"Updating\",\r\n    \"isArmResource\"\
        : true,\r\n    \"tier\": \"P3\"\r\n  }\r\n}"
    headers:
      azure-asyncoperation:
      - https://management.azure.com/subscriptions/00000000-0000-0000-0000-000000000000/providers/Microsoft.Compute/locations/westcentralus/DiskOperations/859bd38d-71ad-4cd5-8646-562dc1585bc1?api-version=2020-06-30
      cache-control:
      - no-cache
      content-length:
      - '355'
      content-type:
      - application/json; charset=utf-8
      date:
      - Thu, 10 Sep 2020 02:38:18 GMT
      expires:
      - '-1'
      location:
      - https://management.azure.com/subscriptions/00000000-0000-0000-0000-000000000000/providers/Microsoft.Compute/locations/westcentralus/DiskOperations/859bd38d-71ad-4cd5-8646-562dc1585bc1?monitor=true&api-version=2020-06-30
      pragma:
      - no-cache
      server:
      - Microsoft-HTTPAPI/2.0
      - Microsoft-HTTPAPI/2.0
      strict-transport-security:
      - max-age=31536000; includeSubDomains
      x-content-type-options:
      - nosniff
      x-ms-ratelimit-remaining-resource:
      - Microsoft.Compute/CreateUpdateDisks3Min;999,Microsoft.Compute/CreateUpdateDisks30Min;7999
      x-ms-ratelimit-remaining-subscription-writes:
      - '1199'
    status:
      code: 202
      message: Accepted
- request:
    body: null
    headers:
      Accept:
      - application/json
      Accept-Encoding:
      - gzip, deflate
      CommandName:
      - disk create
      Connection:
      - keep-alive
      ParameterSetName:
      - -g -n --size-gb
      User-Agent:
      - python/3.8.5 (Linux-5.4.0-1023-azure-x86_64-with-glibc2.27) msrest/0.6.18
        msrest_azure/0.6.3 azure-mgmt-compute/13.1.0 Azure-SDK-For-Python AZURECLI/2.11.1
    method: GET
    uri: https://management.azure.com/subscriptions/00000000-0000-0000-0000-000000000000/providers/Microsoft.Compute/locations/westcentralus/DiskOperations/859bd38d-71ad-4cd5-8646-562dc1585bc1?api-version=2020-06-30
  response:
    body:
      string: "{\r\n  \"startTime\": \"2020-09-10T02:38:18.2816759+00:00\",\r\n  \"\
        endTime\": \"2020-09-10T02:38:18.4847999+00:00\",\r\n  \"status\": \"Succeeded\"\
        ,\r\n  \"properties\": {\r\n    \"output\": {\r\n  \"name\": \"disk-000005\"\
        ,\r\n  \"id\": \"/subscriptions/00000000-0000-0000-0000-000000000000/resourceGroups/cli_test_disk_encryption_set_disk_update_000001/providers/Microsoft.Compute/disks/disk-000005\"\
        ,\r\n  \"type\": \"Microsoft.Compute/disks\",\r\n  \"location\": \"westcentralus\"\
        ,\r\n  \"tags\": {},\r\n  \"sku\": {\r\n    \"name\": \"Premium_LRS\",\r\n\
        \    \"tier\": \"Premium\"\r\n  },\r\n  \"properties\": {\r\n    \"hyperVGeneration\"\
        : \"V1\",\r\n    \"creationData\": {\r\n      \"createOption\": \"Empty\"\r\
        \n    },\r\n    \"diskSizeGB\": 10,\r\n    \"diskIOPSReadWrite\": 120,\r\n\
        \    \"diskMBpsReadWrite\": 25,\r\n    \"encryption\": {\r\n      \"type\"\
        : \"EncryptionAtRestWithPlatformKey\"\r\n    },\r\n    \"timeCreated\": \"\
        2020-09-10T02:38:18.2816759+00:00\",\r\n    \"provisioningState\": \"Succeeded\"\
        ,\r\n    \"diskState\": \"Unattached\",\r\n    \"diskSizeBytes\": 10737418240,\r\
        \n    \"uniqueId\": \"57c9213a-f1ec-4f7c-b66f-65d65d75235e\",\r\n    \"networkAccessPolicy\"\
        : \"AllowAll\",\r\n    \"tier\": \"P3\"\r\n  }\r\n}\r\n  },\r\n  \"name\"\
        : \"859bd38d-71ad-4cd5-8646-562dc1585bc1\"\r\n}"
    headers:
      cache-control:
      - no-cache
      content-length:
      - '1185'
      content-type:
      - application/json; charset=utf-8
      date:
      - Thu, 10 Sep 2020 02:38:19 GMT
      expires:
      - '-1'
      pragma:
      - no-cache
      server:
      - Microsoft-HTTPAPI/2.0
      - Microsoft-HTTPAPI/2.0
      strict-transport-security:
      - max-age=31536000; includeSubDomains
      transfer-encoding:
      - chunked
      vary:
      - Accept-Encoding
      x-content-type-options:
      - nosniff
      x-ms-ratelimit-remaining-resource:
      - Microsoft.Compute/GetOperation3Min;49987,Microsoft.Compute/GetOperation30Min;399987
    status:
      code: 200
      message: OK
- request:
    body: null
    headers:
      Accept:
      - application/json
      Accept-Encoding:
      - gzip, deflate
      CommandName:
      - disk create
      Connection:
      - keep-alive
      ParameterSetName:
      - -g -n --size-gb
      User-Agent:
      - python/3.8.5 (Linux-5.4.0-1023-azure-x86_64-with-glibc2.27) msrest/0.6.18
        msrest_azure/0.6.3 azure-mgmt-compute/13.1.0 Azure-SDK-For-Python AZURECLI/2.11.1
    method: GET
    uri: https://management.azure.com/subscriptions/00000000-0000-0000-0000-000000000000/resourceGroups/cli_test_disk_encryption_set_disk_update_000001/providers/Microsoft.Compute/disks/disk-000005?api-version=2020-06-30
  response:
    body:
      string: "{\r\n  \"name\": \"disk-000005\",\r\n  \"id\": \"/subscriptions/00000000-0000-0000-0000-000000000000/resourceGroups/cli_test_disk_encryption_set_disk_update_000001/providers/Microsoft.Compute/disks/disk-000005\"\
        ,\r\n  \"type\": \"Microsoft.Compute/disks\",\r\n  \"location\": \"westcentralus\"\
        ,\r\n  \"tags\": {},\r\n  \"sku\": {\r\n    \"name\": \"Premium_LRS\",\r\n\
        \    \"tier\": \"Premium\"\r\n  },\r\n  \"properties\": {\r\n    \"hyperVGeneration\"\
        : \"V1\",\r\n    \"creationData\": {\r\n      \"createOption\": \"Empty\"\r\
        \n    },\r\n    \"diskSizeGB\": 10,\r\n    \"diskIOPSReadWrite\": 120,\r\n\
        \    \"diskMBpsReadWrite\": 25,\r\n    \"encryption\": {\r\n      \"type\"\
        : \"EncryptionAtRestWithPlatformKey\"\r\n    },\r\n    \"timeCreated\": \"\
        2020-09-10T02:38:18.2816759+00:00\",\r\n    \"provisioningState\": \"Succeeded\"\
        ,\r\n    \"diskState\": \"Unattached\",\r\n    \"diskSizeBytes\": 10737418240,\r\
        \n    \"uniqueId\": \"57c9213a-f1ec-4f7c-b66f-65d65d75235e\",\r\n    \"networkAccessPolicy\"\
        : \"AllowAll\",\r\n    \"tier\": \"P3\"\r\n  }\r\n}"
    headers:
      cache-control:
      - no-cache
      content-length:
      - '960'
      content-type:
      - application/json; charset=utf-8
      date:
      - Thu, 10 Sep 2020 02:38:20 GMT
      expires:
      - '-1'
      pragma:
      - no-cache
      server:
      - Microsoft-HTTPAPI/2.0
      - Microsoft-HTTPAPI/2.0
      strict-transport-security:
      - max-age=31536000; includeSubDomains
      transfer-encoding:
      - chunked
      vary:
      - Accept-Encoding
      x-content-type-options:
      - nosniff
      x-ms-ratelimit-remaining-resource:
      - Microsoft.Compute/LowCostGet3Min;4976,Microsoft.Compute/LowCostGet30Min;39976
    status:
      code: 200
      message: OK
- request:
    body: null
    headers:
      Accept:
      - application/json
      Accept-Encoding:
      - gzip, deflate
      CommandName:
      - disk update
      Connection:
      - keep-alive
      ParameterSetName:
      - -g -n --disk-encryption-set --encryption-type
      User-Agent:
      - python/3.8.5 (Linux-5.4.0-1023-azure-x86_64-with-glibc2.27) msrest/0.6.18
        msrest_azure/0.6.3 azure-mgmt-compute/13.1.0 Azure-SDK-For-Python AZURECLI/2.11.1
      accept-language:
      - en-US
    method: GET
    uri: https://management.azure.com/subscriptions/00000000-0000-0000-0000-000000000000/resourceGroups/cli_test_disk_encryption_set_disk_update_000001/providers/Microsoft.Compute/disks/disk-000005?api-version=2020-06-30
  response:
    body:
      string: "{\r\n  \"name\": \"disk-000005\",\r\n  \"id\": \"/subscriptions/00000000-0000-0000-0000-000000000000/resourceGroups/cli_test_disk_encryption_set_disk_update_000001/providers/Microsoft.Compute/disks/disk-000005\"\
        ,\r\n  \"type\": \"Microsoft.Compute/disks\",\r\n  \"location\": \"westcentralus\"\
        ,\r\n  \"tags\": {},\r\n  \"sku\": {\r\n    \"name\": \"Premium_LRS\",\r\n\
        \    \"tier\": \"Premium\"\r\n  },\r\n  \"properties\": {\r\n    \"hyperVGeneration\"\
        : \"V1\",\r\n    \"creationData\": {\r\n      \"createOption\": \"Empty\"\r\
        \n    },\r\n    \"diskSizeGB\": 10,\r\n    \"diskIOPSReadWrite\": 120,\r\n\
        \    \"diskMBpsReadWrite\": 25,\r\n    \"encryption\": {\r\n      \"type\"\
        : \"EncryptionAtRestWithPlatformKey\"\r\n    },\r\n    \"timeCreated\": \"\
        2020-09-10T02:38:18.2816759+00:00\",\r\n    \"provisioningState\": \"Succeeded\"\
        ,\r\n    \"diskState\": \"Unattached\",\r\n    \"diskSizeBytes\": 10737418240,\r\
        \n    \"uniqueId\": \"57c9213a-f1ec-4f7c-b66f-65d65d75235e\",\r\n    \"networkAccessPolicy\"\
        : \"AllowAll\",\r\n    \"tier\": \"P3\"\r\n  }\r\n}"
    headers:
      cache-control:
      - no-cache
      content-length:
      - '960'
      content-type:
      - application/json; charset=utf-8
      date:
      - Thu, 10 Sep 2020 02:38:21 GMT
      expires:
      - '-1'
      pragma:
      - no-cache
      server:
      - Microsoft-HTTPAPI/2.0
      - Microsoft-HTTPAPI/2.0
      strict-transport-security:
      - max-age=31536000; includeSubDomains
      transfer-encoding:
      - chunked
      vary:
      - Accept-Encoding
      x-content-type-options:
      - nosniff
      x-ms-ratelimit-remaining-resource:
      - Microsoft.Compute/LowCostGet3Min;4974,Microsoft.Compute/LowCostGet30Min;39974
    status:
      code: 200
      message: OK
- request:
    body: '{"location": "westcentralus", "tags": {}, "sku": {"name": "Premium_LRS"},
      "properties": {"hyperVGeneration": "V1", "creationData": {"createOption": "Empty"},
      "diskSizeGB": 10, "diskIOPSReadWrite": 120, "diskMBpsReadWrite": 25, "diskState":
      "Unattached", "encryption": {"diskEncryptionSetId": "/subscriptions/00000000-0000-0000-0000-000000000000/resourceGroups/cli_test_disk_encryption_set_disk_update_000001/providers/Microsoft.Compute/diskEncryptionSets/des1-000004",
      "type": "EncryptionAtRestWithCustomerKey"}, "networkAccessPolicy": "AllowAll",
      "tier": "P3"}}'
    headers:
      Accept:
      - application/json
      Accept-Encoding:
      - gzip, deflate
      CommandName:
      - disk update
      Connection:
      - keep-alive
      Content-Length:
      - '599'
      Content-Type:
      - application/json; charset=utf-8
      ParameterSetName:
      - -g -n --disk-encryption-set --encryption-type
      User-Agent:
      - python/3.8.5 (Linux-5.4.0-1023-azure-x86_64-with-glibc2.27) msrest/0.6.18
        msrest_azure/0.6.3 azure-mgmt-compute/13.1.0 Azure-SDK-For-Python AZURECLI/2.11.1
      accept-language:
      - en-US
    method: PUT
    uri: https://management.azure.com/subscriptions/00000000-0000-0000-0000-000000000000/resourceGroups/cli_test_disk_encryption_set_disk_update_000001/providers/Microsoft.Compute/disks/disk-000005?api-version=2020-06-30
  response:
    body:
      string: "{\r\n  \"name\": \"disk-000005\",\r\n  \"location\": \"westcentralus\"\
        ,\r\n  \"tags\": {},\r\n  \"sku\": {\r\n    \"name\": \"Premium_LRS\"\r\n\
        \  },\r\n  \"properties\": {\r\n    \"hyperVGeneration\": \"V1\",\r\n    \"\
        creationData\": {\r\n      \"createOption\": \"Empty\"\r\n    },\r\n    \"\
        diskSizeGB\": 10,\r\n    \"encryption\": {\r\n      \"type\": \"EncryptionAtRestWithCustomerKey\"\
        ,\r\n      \"diskEncryptionSetId\": \"/subscriptions/00000000-0000-0000-0000-000000000000/resourceGroups/cli_test_disk_encryption_set_disk_update_000001/providers/Microsoft.Compute/diskEncryptionSets/des1-000004\"\
        \r\n    },\r\n    \"provisioningState\": \"Updating\",\r\n    \"diskState\"\
        : \"Unattached\",\r\n    \"isArmResource\": true,\r\n    \"networkAccessPolicy\"\
        : \"AllowAll\",\r\n    \"tier\": \"P3\"\r\n  }\r\n}"
    headers:
      azure-asyncoperation:
      - https://management.azure.com/subscriptions/00000000-0000-0000-0000-000000000000/providers/Microsoft.Compute/locations/westcentralus/DiskOperations/b0f1389c-eb2d-489f-bd3d-ad8071b74dd9?api-version=2020-06-30
      cache-control:
      - no-cache
      content-length:
      - '749'
      content-type:
      - application/json; charset=utf-8
      date:
      - Thu, 10 Sep 2020 02:38:22 GMT
      expires:
      - '-1'
      location:
      - https://management.azure.com/subscriptions/00000000-0000-0000-0000-000000000000/providers/Microsoft.Compute/locations/westcentralus/DiskOperations/b0f1389c-eb2d-489f-bd3d-ad8071b74dd9?monitor=true&api-version=2020-06-30
      pragma:
      - no-cache
      server:
      - Microsoft-HTTPAPI/2.0
      - Microsoft-HTTPAPI/2.0
      strict-transport-security:
      - max-age=31536000; includeSubDomains
      x-content-type-options:
      - nosniff
      x-ms-ratelimit-remaining-resource:
      - Microsoft.Compute/CreateUpdateDisks3Min;998,Microsoft.Compute/CreateUpdateDisks30Min;7998
      x-ms-ratelimit-remaining-subscription-writes:
      - '1199'
    status:
      code: 202
      message: Accepted
- request:
    body: null
    headers:
      Accept:
      - application/json
      Accept-Encoding:
      - gzip, deflate
      CommandName:
      - disk update
      Connection:
      - keep-alive
      ParameterSetName:
      - -g -n --disk-encryption-set --encryption-type
      User-Agent:
      - python/3.8.5 (Linux-5.4.0-1023-azure-x86_64-with-glibc2.27) msrest/0.6.18
        msrest_azure/0.6.3 azure-mgmt-compute/13.1.0 Azure-SDK-For-Python AZURECLI/2.11.1
    method: GET
    uri: https://management.azure.com/subscriptions/00000000-0000-0000-0000-000000000000/providers/Microsoft.Compute/locations/westcentralus/DiskOperations/b0f1389c-eb2d-489f-bd3d-ad8071b74dd9?api-version=2020-06-30
  response:
    body:
      string: "{\r\n  \"startTime\": \"2020-09-10T02:38:22.5628588+00:00\",\r\n  \"\
        endTime\": \"2020-09-10T02:38:23.48476+00:00\",\r\n  \"status\": \"Succeeded\"\
        ,\r\n  \"properties\": {\r\n    \"output\": {\r\n  \"name\": \"disk-000005\"\
        ,\r\n  \"id\": \"/subscriptions/00000000-0000-0000-0000-000000000000/resourceGroups/cli_test_disk_encryption_set_disk_update_000001/providers/Microsoft.Compute/disks/disk-000005\"\
        ,\r\n  \"type\": \"Microsoft.Compute/disks\",\r\n  \"location\": \"westcentralus\"\
        ,\r\n  \"tags\": {},\r\n  \"sku\": {\r\n    \"name\": \"Premium_LRS\",\r\n\
        \    \"tier\": \"Premium\"\r\n  },\r\n  \"properties\": {\r\n    \"hyperVGeneration\"\
        : \"V1\",\r\n    \"creationData\": {\r\n      \"createOption\": \"Empty\"\r\
        \n    },\r\n    \"diskSizeGB\": 10,\r\n    \"diskIOPSReadWrite\": 120,\r\n\
        \    \"diskMBpsReadWrite\": 25,\r\n    \"encryption\": {\r\n      \"type\"\
        : \"EncryptionAtRestWithCustomerKey\",\r\n      \"diskEncryptionSetId\": \"\
        /subscriptions/00000000-0000-0000-0000-000000000000/resourceGroups/CLI_TEST_DISK_ENCRYPTION_SET_DISK_UPDATE_6M6HVSQYZMSQ5GPSCRZXL72JR6TRUARW3L/providers/Microsoft.Compute/diskEncryptionSets/des1-000004\"\
        \r\n    },\r\n    \"timeCreated\": \"2020-09-10T02:38:18.2816759+00:00\",\r\
        \n    \"provisioningState\": \"Succeeded\",\r\n    \"diskState\": \"Unattached\"\
        ,\r\n    \"diskSizeBytes\": 10737418240,\r\n    \"uniqueId\": \"57c9213a-f1ec-4f7c-b66f-65d65d75235e\"\
        ,\r\n    \"networkAccessPolicy\": \"AllowAll\",\r\n    \"tier\": \"P3\"\r\n\
        \  }\r\n}\r\n  },\r\n  \"name\": \"b0f1389c-eb2d-489f-bd3d-ad8071b74dd9\"\r\
        \n}"
    headers:
      cache-control:
      - no-cache
      content-length:
      - '1427'
      content-type:
      - application/json; charset=utf-8
      date:
      - Thu, 10 Sep 2020 02:38:24 GMT
      expires:
      - '-1'
      pragma:
      - no-cache
      server:
      - Microsoft-HTTPAPI/2.0
      - Microsoft-HTTPAPI/2.0
      strict-transport-security:
      - max-age=31536000; includeSubDomains
      transfer-encoding:
      - chunked
      vary:
      - Accept-Encoding
      x-content-type-options:
      - nosniff
      x-ms-ratelimit-remaining-resource:
      - Microsoft.Compute/GetOperation3Min;49985,Microsoft.Compute/GetOperation30Min;399985
    status:
      code: 200
      message: OK
- request:
    body: null
    headers:
      Accept:
      - application/json
      Accept-Encoding:
      - gzip, deflate
      CommandName:
      - disk update
      Connection:
      - keep-alive
      ParameterSetName:
      - -g -n --disk-encryption-set --encryption-type
      User-Agent:
      - python/3.8.5 (Linux-5.4.0-1023-azure-x86_64-with-glibc2.27) msrest/0.6.18
        msrest_azure/0.6.3 azure-mgmt-compute/13.1.0 Azure-SDK-For-Python AZURECLI/2.11.1
    method: GET
    uri: https://management.azure.com/subscriptions/00000000-0000-0000-0000-000000000000/resourceGroups/cli_test_disk_encryption_set_disk_update_000001/providers/Microsoft.Compute/disks/disk-000005?api-version=2020-06-30
  response:
    body:
      string: "{\r\n  \"name\": \"disk-000005\",\r\n  \"id\": \"/subscriptions/00000000-0000-0000-0000-000000000000/resourceGroups/cli_test_disk_encryption_set_disk_update_000001/providers/Microsoft.Compute/disks/disk-000005\"\
        ,\r\n  \"type\": \"Microsoft.Compute/disks\",\r\n  \"location\": \"westcentralus\"\
        ,\r\n  \"tags\": {},\r\n  \"sku\": {\r\n    \"name\": \"Premium_LRS\",\r\n\
        \    \"tier\": \"Premium\"\r\n  },\r\n  \"properties\": {\r\n    \"hyperVGeneration\"\
        : \"V1\",\r\n    \"creationData\": {\r\n      \"createOption\": \"Empty\"\r\
        \n    },\r\n    \"diskSizeGB\": 10,\r\n    \"diskIOPSReadWrite\": 120,\r\n\
        \    \"diskMBpsReadWrite\": 25,\r\n    \"encryption\": {\r\n      \"type\"\
        : \"EncryptionAtRestWithCustomerKey\",\r\n      \"diskEncryptionSetId\": \"\
        /subscriptions/00000000-0000-0000-0000-000000000000/resourceGroups/CLI_TEST_DISK_ENCRYPTION_SET_DISK_UPDATE_6M6HVSQYZMSQ5GPSCRZXL72JR6TRUARW3L/providers/Microsoft.Compute/diskEncryptionSets/des1-000004\"\
        \r\n    },\r\n    \"timeCreated\": \"2020-09-10T02:38:18.2816759+00:00\",\r\
        \n    \"provisioningState\": \"Succeeded\",\r\n    \"diskState\": \"Unattached\"\
        ,\r\n    \"diskSizeBytes\": 10737418240,\r\n    \"uniqueId\": \"57c9213a-f1ec-4f7c-b66f-65d65d75235e\"\
        ,\r\n    \"networkAccessPolicy\": \"AllowAll\",\r\n    \"tier\": \"P3\"\r\n\
        \  }\r\n}"
    headers:
      cache-control:
      - no-cache
      content-length:
      - '1204'
      content-type:
      - application/json; charset=utf-8
      date:
      - Thu, 10 Sep 2020 02:38:25 GMT
      expires:
      - '-1'
      pragma:
      - no-cache
      server:
      - Microsoft-HTTPAPI/2.0
      - Microsoft-HTTPAPI/2.0
      strict-transport-security:
      - max-age=31536000; includeSubDomains
      transfer-encoding:
      - chunked
      vary:
      - Accept-Encoding
      x-content-type-options:
      - nosniff
      x-ms-ratelimit-remaining-resource:
      - Microsoft.Compute/LowCostGet3Min;4972,Microsoft.Compute/LowCostGet30Min;39972
    status:
      code: 200
      message: OK
version: 1
