interactions:
- request:
    body: null
    headers:
      Accept:
      - application/json
      Accept-Encoding:
      - gzip, deflate
      CommandName:
      - vm create
      Connection:
      - keep-alive
      ParameterSetName:
      - -g -n --image --use-unmanaged-disk --nsg-rule --generate-ssh-key --admin-username
      User-Agent:
      - AZURECLI/2.39.0 azsdk-python-azure-mgmt-resource/21.1.0b1 Python/3.10.6 (Linux-5.15.0-1017-azure-x86_64-with-glibc2.31)
        VSTS_0fb41ef4-5012-48a9-bf39-4ee3de03ee35_build_4949_0
    method: GET
    uri: https://management.azure.com/subscriptions/00000000-0000-0000-0000-000000000000/resourcegroups/cli_test_gallery_image_version_vhd000001?api-version=2021-04-01
  response:
    body:
      string: '{"id":"/subscriptions/00000000-0000-0000-0000-000000000000/resourceGroups/cli_test_gallery_image_version_vhd000001","name":"cli_test_gallery_image_version_vhd000001","type":"Microsoft.Resources/resourceGroups","location":"westus","tags":{"product":"azurecli","cause":"automation","date":"2022-08-18T08:31:16Z"},"properties":{"provisioningState":"Succeeded"}}'
    headers:
      cache-control:
      - no-cache
      content-length:
      - '358'
      content-type:
      - application/json; charset=utf-8
      date:
      - Thu, 18 Aug 2022 08:31:17 GMT
      expires:
      - '-1'
      pragma:
      - no-cache
      strict-transport-security:
      - max-age=31536000; includeSubDomains
      vary:
      - Accept-Encoding
      x-content-type-options:
      - nosniff
    status:
      code: 200
      message: OK
- request:
    body: null
    headers:
      Accept:
      - '*/*'
      Accept-Encoding:
      - gzip, deflate
      Connection:
      - keep-alive
      User-Agent:
      - python-requests/2.26.0
    method: GET
    uri: https://raw.githubusercontent.com/Azure/azure-rest-api-specs/main/arm-compute/quickstart-templates/aliases.json
  response:
    body:
      string: "{\n  \"$schema\": \"http://schema.management.azure.com/schemas/2015-01-01/deploymentTemplate.json\",\n
        \ \"contentVersion\": \"1.0.0.0\",\n  \"parameters\": {},\n  \"variables\":
        {},\n  \"resources\": [],\n  \"outputs\": {\n    \"aliases\": {\n      \"type\":
        \"object\",\n      \"value\": {\n        \"Linux\": {\n          \"CentOS\":
        {\n            \"publisher\": \"OpenLogic\",\n            \"offer\": \"CentOS\",\n
        \           \"sku\": \"7.5\",\n            \"version\": \"latest\",\n            \"architecture\":
        \"x64\"\n          },\n          \"Debian\": {\n            \"publisher\":
        \"Debian\",\n            \"offer\": \"debian-10\",\n            \"sku\": \"10\",\n
        \           \"version\": \"latest\",\n            \"architecture\": \"x64\"\n
        \         },\n          \"Flatcar\": {\n            \"publisher\": \"kinvolk\",\n
        \           \"offer\": \"flatcar-container-linux-free\",\n            \"sku\":
        \"stable\",\n            \"version\": \"latest\",\n            \"architecture\":
        \"x64\"\n          },\n          \"openSUSE-Leap\": {\n            \"publisher\":
        \"SUSE\",\n            \"offer\": \"opensuse-leap-15-3\",\n            \"sku\":
        \"gen2\",\n            \"version\": \"latest\",\n            \"architecture\":
        \"x64\"\n          },\n          \"RHEL\": {\n            \"publisher\": \"RedHat\",\n
        \           \"offer\": \"RHEL\",\n            \"sku\": \"7-LVM\",\n            \"version\":
        \"latest\",\n            \"architecture\": \"x64\"\n          },\n          \"SLES\":
        {\n            \"publisher\": \"SUSE\",\n            \"offer\": \"sles-15-sp3\",\n
        \           \"sku\": \"gen2\",\n            \"version\": \"latest\",\n            \"architecture\":
        \"x64\"\n          },\n          \"UbuntuLTS\": {\n            \"publisher\":
        \"Canonical\",\n            \"offer\": \"UbuntuServer\",\n            \"sku\":
        \"18.04-LTS\",\n            \"version\": \"latest\",\n            \"architecture\":
        \"x64\"\n          }\n        },\n        \"Windows\": {\n          \"Win2022Datacenter\":
        {\n            \"publisher\": \"MicrosoftWindowsServer\",\n            \"offer\":
        \"WindowsServer\",\n            \"sku\": \"2022-Datacenter\",\n            \"version\":
        \"latest\",\n            \"architecture\": \"x64\"\n          },\n          \"Win2022AzureEditionCore\":
        {\n            \"publisher\": \"MicrosoftWindowsServer\",\n            \"offer\":
        \"WindowsServer\",\n            \"sku\": \"2022-datacenter-azure-edition-core\",\n
        \           \"version\": \"latest\",\n            \"architecture\": \"x64\"\n
        \         },\n          \"Win2019Datacenter\": {\n            \"publisher\":
        \"MicrosoftWindowsServer\",\n            \"offer\": \"WindowsServer\",\n            \"sku\":
        \"2019-Datacenter\",\n            \"version\": \"latest\",\n            \"architecture\":
        \"x64\"\n          },\n          \"Win2016Datacenter\": {\n            \"publisher\":
        \"MicrosoftWindowsServer\",\n            \"offer\": \"WindowsServer\",\n            \"sku\":
        \"2016-Datacenter\",\n            \"version\": \"latest\",\n            \"architecture\":
        \"x64\"\n          },\n          \"Win2012R2Datacenter\": {\n            \"publisher\":
        \"MicrosoftWindowsServer\",\n            \"offer\": \"WindowsServer\",\n            \"sku\":
        \"2012-R2-Datacenter\",\n            \"version\": \"latest\",\n            \"architecture\":
        \"x64\"\n          },\n          \"Win2012Datacenter\": {\n            \"publisher\":
        \"MicrosoftWindowsServer\",\n            \"offer\": \"WindowsServer\",\n            \"sku\":
        \"2012-Datacenter\",\n            \"version\": \"latest\",\n            \"architecture\":
        \"x64\"\n          },\n          \"Win2008R2SP1\": {\n            \"publisher\":
        \"MicrosoftWindowsServer\",\n            \"offer\": \"WindowsServer\",\n            \"sku\":
        \"2008-R2-SP1\",\n            \"version\": \"latest\",\n            \"architecture\":
        \"x64\"\n          }\n        }\n      }\n    }\n  }\n}"
    headers:
      accept-ranges:
      - bytes
      access-control-allow-origin:
      - '*'
      cache-control:
      - max-age=300
      connection:
      - keep-alive
      content-length:
      - '3463'
      content-security-policy:
      - default-src 'none'; style-src 'unsafe-inline'; sandbox
      content-type:
      - text/plain; charset=utf-8
      date:
      - Thu, 18 Aug 2022 08:31:18 GMT
      etag:
      - W/"41b202f4dc5098d126019dc00721a4c5e30df0c5196794514fadc3710ee2a5cb"
      expires:
      - Thu, 18 Aug 2022 08:36:18 GMT
      source-age:
      - '0'
      strict-transport-security:
      - max-age=31536000
      vary:
      - Authorization,Accept-Encoding,Origin
      via:
      - 1.1 varnish
      x-cache:
      - HIT
      x-cache-hits:
      - '1'
      x-content-type-options:
      - nosniff
      x-fastly-request-id:
      - b8bac46b579fb7daefbc96feedae1ec7a285d7ad
      x-frame-options:
      - deny
      x-github-request-id:
      - 50F0:5044:41700:583C9:62FDCF3E
      x-served-by:
      - cache-chi-kigq8000087-CHI
      x-timer:
      - S1660811478.233388,VS0,VE104
      x-xss-protection:
      - 1; mode=block
    status:
      code: 200
      message: OK
- request:
    body: null
    headers:
      Accept:
      - application/json
      Accept-Encoding:
      - gzip, deflate
      CommandName:
      - vm create
      Connection:
      - keep-alive
      ParameterSetName:
      - -g -n --image --use-unmanaged-disk --nsg-rule --generate-ssh-key --admin-username
      User-Agent:
      - AZURECLI/2.39.0 azsdk-python-azure-mgmt-compute/27.1.0 Python/3.10.6 (Linux-5.15.0-1017-azure-x86_64-with-glibc2.31)
        VSTS_0fb41ef4-5012-48a9-bf39-4ee3de03ee35_build_4949_0
    method: GET
    uri: https://management.azure.com/subscriptions/00000000-0000-0000-0000-000000000000/providers/Microsoft.Compute/locations/westus/publishers/OpenLogic/artifacttypes/vmimage/offers/CentOS/skus/7.5/versions?$top=1&$orderby=name%20desc&api-version=2022-03-01
  response:
    body:
      string: "[\r\n  {\r\n    \"location\": \"westus\",\r\n    \"name\": \"7.5.201808150\",\r\n
        \   \"id\": \"/Subscriptions/00000000-0000-0000-0000-000000000000/Providers/Microsoft.Compute/Locations/westus/Publishers/OpenLogic/ArtifactTypes/VMImage/Offers/CentOS/Skus/7.5/Versions/7.5.201808150\"\r\n
        \ }\r\n]"
    headers:
      cache-control:
      - no-cache
      content-length:
      - '270'
      content-type:
      - application/json; charset=utf-8
      date:
      - Thu, 18 Aug 2022 08:31:17 GMT
      expires:
      - '-1'
      pragma:
      - no-cache
      server:
      - Microsoft-HTTPAPI/2.0
      - Microsoft-HTTPAPI/2.0
      strict-transport-security:
      - max-age=31536000; includeSubDomains
      transfer-encoding:
      - chunked
      vary:
      - Accept-Encoding
      x-content-type-options:
      - nosniff
      x-ms-ratelimit-remaining-resource:
      - Microsoft.Compute/ListVMImagesVersionsFromLocation3Min;15999,Microsoft.Compute/ListVMImagesVersionsFromLocation30Min;43995
    status:
      code: 200
      message: OK
- request:
    body: null
    headers:
      Accept:
      - application/json
      Accept-Encoding:
      - gzip, deflate
      CommandName:
      - vm create
      Connection:
      - keep-alive
      ParameterSetName:
      - -g -n --image --use-unmanaged-disk --nsg-rule --generate-ssh-key --admin-username
      User-Agent:
      - AZURECLI/2.39.0 azsdk-python-azure-mgmt-compute/27.1.0 Python/3.10.6 (Linux-5.15.0-1017-azure-x86_64-with-glibc2.31)
        VSTS_0fb41ef4-5012-48a9-bf39-4ee3de03ee35_build_4949_0
    method: GET
    uri: https://management.azure.com/subscriptions/00000000-0000-0000-0000-000000000000/providers/Microsoft.Compute/locations/westus/publishers/OpenLogic/artifacttypes/vmimage/offers/CentOS/skus/7.5/versions/7.5.201808150?api-version=2022-03-01
  response:
    body:
      string: "{\r\n  \"properties\": {\r\n    \"hyperVGeneration\": \"V1\",\r\n    \"architecture\":
        \"x64\",\r\n    \"replicaType\": \"Unmanaged\",\r\n    \"disallowed\": {\r\n
        \     \"vmDiskType\": \"None\"\r\n    },\r\n    \"automaticOSUpgradeProperties\":
        {\r\n      \"automaticOSUpgradeSupported\": true\r\n    },\r\n    \"imageDeprecationStatus\":
        {\r\n      \"imageState\": \"Active\"\r\n    },\r\n    \"osDiskImage\": {\r\n
        \     \"operatingSystem\": \"Linux\",\r\n      \"sizeInGb\": 30,\r\n      \"sizeInBytes\":
        32212255232\r\n    },\r\n    \"dataDiskImages\": []\r\n  },\r\n  \"location\":
        \"westus\",\r\n  \"name\": \"7.5.201808150\",\r\n  \"id\": \"/Subscriptions/00000000-0000-0000-0000-000000000000/Providers/Microsoft.Compute/Locations/westus/Publishers/OpenLogic/ArtifactTypes/VMImage/Offers/CentOS/Skus/7.5/Versions/7.5.201808150\"\r\n}"
    headers:
      cache-control:
      - no-cache
      content-length:
      - '737'
      content-type:
      - application/json; charset=utf-8
      date:
      - Thu, 18 Aug 2022 08:31:19 GMT
      expires:
      - '-1'
      pragma:
      - no-cache
      server:
      - Microsoft-HTTPAPI/2.0
      - Microsoft-HTTPAPI/2.0
      strict-transport-security:
      - max-age=31536000; includeSubDomains
      transfer-encoding:
      - chunked
      vary:
      - Accept-Encoding
      x-content-type-options:
      - nosniff
      x-ms-ratelimit-remaining-resource:
      - Microsoft.Compute/GetVMImageFromLocation3Min;12999,Microsoft.Compute/GetVMImageFromLocation30Min;73998
    status:
      code: 200
      message: OK
- request:
    body: null
    headers:
      Accept:
      - application/json
      Accept-Encoding:
      - gzip, deflate
      CommandName:
      - vm create
      Connection:
      - keep-alive
      ParameterSetName:
      - -g -n --image --use-unmanaged-disk --nsg-rule --generate-ssh-key --admin-username
      User-Agent:
      - AZURECLI/2.39.0 azsdk-python-azure-mgmt-storage/20.1.0 Python/3.10.6 (Linux-5.15.0-1017-azure-x86_64-with-glibc2.31)
        VSTS_0fb41ef4-5012-48a9-bf39-4ee3de03ee35_build_4949_0
    method: GET
    uri: https://management.azure.com/subscriptions/00000000-0000-0000-0000-000000000000/resourceGroups/cli_test_gallery_image_version_vhd000001/providers/Microsoft.Storage/storageAccounts?api-version=2022-05-01
  response:
    body:
      string: '{"value":[]}'
    headers:
      cache-control:
      - no-cache
      content-length:
      - '12'
      content-type:
      - application/json; charset=utf-8
      date:
      - Thu, 18 Aug 2022 08:31:19 GMT
      expires:
      - '-1'
      pragma:
      - no-cache
      strict-transport-security:
      - max-age=31536000; includeSubDomains
      vary:
      - Accept-Encoding
      x-content-type-options:
      - nosniff
    status:
      code: 200
      message: OK
- request:
    body: null
    headers:
      Accept:
      - application/json, text/json
      Accept-Encoding:
      - gzip, deflate
      CommandName:
      - vm create
      Connection:
      - keep-alive
      ParameterSetName:
      - -g -n --image --use-unmanaged-disk --nsg-rule --generate-ssh-key --admin-username
      User-Agent:
      - AZURECLI/2.39.0 azsdk-python-azure-mgmt-network/20.0.0 Python/3.10.6 (Linux-5.15.0-1017-azure-x86_64-with-glibc2.31)
        VSTS_0fb41ef4-5012-48a9-bf39-4ee3de03ee35_build_4949_0
    method: GET
    uri: https://management.azure.com/subscriptions/00000000-0000-0000-0000-000000000000/resourceGroups/cli_test_gallery_image_version_vhd000001/providers/Microsoft.Network/virtualNetworks?api-version=2018-01-01
  response:
    body:
      string: '{"value":[]}'
    headers:
      cache-control:
      - no-cache
      content-length:
      - '12'
      content-type:
      - application/json; charset=utf-8
      date:
      - Thu, 18 Aug 2022 08:31:19 GMT
      expires:
      - '-1'
      pragma:
      - no-cache
      strict-transport-security:
      - max-age=31536000; includeSubDomains
      vary:
      - Accept-Encoding
      x-content-type-options:
      - nosniff
    status:
      code: 200
      message: OK
- request:
    body: '{"properties": {"template": {"$schema": "https://schema.management.azure.com/schemas/2015-01-01/deploymentTemplate.json#",
      "contentVersion": "1.0.0.0", "parameters": {}, "variables": {}, "resources":
      [{"type": "Microsoft.Storage/storageAccounts", "name": "vhdstorage5ea14cddbf574b",
      "apiVersion": "2015-06-15", "location": "westus", "tags": {}, "dependsOn": [],
      "properties": {"accountType": "Premium_LRS"}}, {"name": "vm1VNET", "type": "Microsoft.Network/virtualNetworks",
      "location": "westus", "apiVersion": "2015-06-15", "dependsOn": [], "tags": {},
      "properties": {"addressSpace": {"addressPrefixes": ["10.0.0.0/16"]}, "subnets":
      [{"name": "vm1Subnet", "properties": {"addressPrefix": "10.0.0.0/24"}}]}}, {"type":
      "Microsoft.Network/networkSecurityGroups", "name": "vm1NSG", "apiVersion": "2015-06-15",
      "location": "westus", "tags": {}, "dependsOn": []}, {"apiVersion": "2018-01-01",
      "type": "Microsoft.Network/publicIPAddresses", "name": "vm1PublicIP", "location":
      "westus", "tags": {}, "dependsOn": [], "properties": {"publicIPAllocationMethod":
      null}}, {"apiVersion": "2015-06-15", "type": "Microsoft.Network/networkInterfaces",
      "name": "vm1VMNic", "location": "westus", "tags": {}, "dependsOn": ["Microsoft.Network/virtualNetworks/vm1VNET",
      "Microsoft.Network/networkSecurityGroups/vm1NSG", "Microsoft.Network/publicIpAddresses/vm1PublicIP"],
      "properties": {"ipConfigurations": [{"name": "ipconfigvm1", "properties": {"privateIPAllocationMethod":
      "Dynamic", "subnet": {"id": "/subscriptions/00000000-0000-0000-0000-000000000000/resourceGroups/cli_test_gallery_image_version_vhd000001/providers/Microsoft.Network/virtualNetworks/vm1VNET/subnets/vm1Subnet"},
      "publicIPAddress": {"id": "/subscriptions/00000000-0000-0000-0000-000000000000/resourceGroups/cli_test_gallery_image_version_vhd000001/providers/Microsoft.Network/publicIPAddresses/vm1PublicIP"}}}],
      "networkSecurityGroup": {"id": "/subscriptions/00000000-0000-0000-0000-000000000000/resourceGroups/cli_test_gallery_image_version_vhd000001/providers/Microsoft.Network/networkSecurityGroups/vm1NSG"}}},
      {"apiVersion": "2022-03-01", "type": "Microsoft.Compute/virtualMachines", "name":
      "vm1", "location": "westus", "tags": {}, "dependsOn": ["Microsoft.Storage/storageAccounts/vhdstorage5ea14cddbf574b",
      "Microsoft.Network/networkInterfaces/vm1VMNic"], "properties": {"hardwareProfile":
      {"vmSize": "Standard_DS1_v2"}, "networkProfile": {"networkInterfaces": [{"id":
      "/subscriptions/00000000-0000-0000-0000-000000000000/resourceGroups/cli_test_gallery_image_version_vhd000001/providers/Microsoft.Network/networkInterfaces/vm1VMNic",
      "properties": {"deleteOption": null}}]}, "storageProfile": {"osDisk": {"createOption":
      "fromImage", "name": "osdisk_5ea14cddbf", "caching": "ReadWrite", "vhd": {"uri":
      "https://vhdstorage5ea14cddbf574b.blob.core.windows.net/vhds/osdisk_5ea14cddbf.vhd"}},
      "imageReference": {"publisher": "OpenLogic", "offer": "CentOS", "sku": "7.5",
      "version": "latest"}}, "osProfile": {"computerName": "vm1", "adminUsername":
      "vmtest", "linuxConfiguration": {"disablePasswordAuthentication": true, "ssh":
      {"publicKeys": [{"keyData": "ssh-rsa AAAAB3NzaC1yc2EAAAADAQABAAABAQDzF6DYtje6oFfwE0W4fPAufbsTMLFf+lQnk1cAYYTH207c06+LJhGuKjpgEiIyOajB6EzObCMTW+zfUeopAGezE0Zidt/O+IUndnbPgQBsFO7y7rRrwyz56pZ0f78OIEt+k9IXbNRLFD2xxGwIUYSPmQ1nnnfvFO2T1abmjmchNQ4pFNSySask8DQl8jzRP8mrBV+VIK6i9Xrgu8sZXeVkyPj8Z9Klb9c2bheF4L8tCpxMe7mNYhjTCdsLzeUZ3FdtGtYtVmns7TLVtLmkwZlvPy1O2JBSi8obIOh6d64LSScDUqCbZAE8Cb6+eN7gE23FScLzRxU+/YkAs1OZVHkD",
      "path": "/home/vmtest/.ssh/authorized_keys"}]}}}}}], "outputs": {}}, "parameters":
      {}, "mode": "incremental"}}'
    headers:
      Accept:
      - application/json
      Accept-Encoding:
      - gzip, deflate
      CommandName:
      - vm create
      Connection:
      - keep-alive
      Content-Length:
      - '3603'
      Content-Type:
      - application/json
      ParameterSetName:
      - -g -n --image --use-unmanaged-disk --nsg-rule --generate-ssh-key --admin-username
      User-Agent:
      - AZURECLI/2.39.0 azsdk-python-azure-mgmt-resource/21.1.0b1 Python/3.10.6 (Linux-5.15.0-1017-azure-x86_64-with-glibc2.31)
        VSTS_0fb41ef4-5012-48a9-bf39-4ee3de03ee35_build_4949_0
    method: PUT
    uri: https://management.azure.com/subscriptions/00000000-0000-0000-0000-000000000000/resourcegroups/cli_test_gallery_image_version_vhd000001/providers/Microsoft.Resources/deployments/mock-deployment?api-version=2021-04-01
  response:
    body:
      string: '{"id":"/subscriptions/00000000-0000-0000-0000-000000000000/resourceGroups/cli_test_gallery_image_version_vhd000001/providers/Microsoft.Resources/deployments/vm_deploy_7Z6dXjQjAZcg1APHMWFzpiQoY37PiK55","name":"vm_deploy_7Z6dXjQjAZcg1APHMWFzpiQoY37PiK55","type":"Microsoft.Resources/deployments","properties":{"templateHash":"6885906813331888350","parameters":{},"mode":"Incremental","provisioningState":"Accepted","timestamp":"2022-08-18T08:31:21.9494893Z","duration":"PT0.0005211S","correlationId":"ffdf60ea-f7dd-4a56-a6bc-b080daa250c0","providers":[{"namespace":"Microsoft.Storage","resourceTypes":[{"resourceType":"storageAccounts","locations":["westus"]}]},{"namespace":"Microsoft.Network","resourceTypes":[{"resourceType":"virtualNetworks","locations":["westus"]},{"resourceType":"networkSecurityGroups","locations":["westus"]},{"resourceType":"publicIPAddresses","locations":["westus"]},{"resourceType":"networkInterfaces","locations":["westus"]}]},{"namespace":"Microsoft.Compute","resourceTypes":[{"resourceType":"virtualMachines","locations":["westus"]}]}],"dependencies":[{"dependsOn":[{"id":"/subscriptions/00000000-0000-0000-0000-000000000000/resourceGroups/cli_test_gallery_image_version_vhd000001/providers/Microsoft.Network/virtualNetworks/vm1VNET","resourceType":"Microsoft.Network/virtualNetworks","resourceName":"vm1VNET"},{"id":"/subscriptions/00000000-0000-0000-0000-000000000000/resourceGroups/cli_test_gallery_image_version_vhd000001/providers/Microsoft.Network/networkSecurityGroups/vm1NSG","resourceType":"Microsoft.Network/networkSecurityGroups","resourceName":"vm1NSG"},{"id":"/subscriptions/00000000-0000-0000-0000-000000000000/resourceGroups/cli_test_gallery_image_version_vhd000001/providers/Microsoft.Network/publicIPAddresses/vm1PublicIP","resourceType":"Microsoft.Network/publicIPAddresses","resourceName":"vm1PublicIP"}],"id":"/subscriptions/00000000-0000-0000-0000-000000000000/resourceGroups/cli_test_gallery_image_version_vhd000001/providers/Microsoft.Network/networkInterfaces/vm1VMNic","resourceType":"Microsoft.Network/networkInterfaces","resourceName":"vm1VMNic"},{"dependsOn":[{"id":"/subscriptions/00000000-0000-0000-0000-000000000000/resourceGroups/cli_test_gallery_image_version_vhd000001/providers/Microsoft.Storage/storageAccounts/vhdstorage5ea14cddbf574b","resourceType":"Microsoft.Storage/storageAccounts","resourceName":"vhdstorage5ea14cddbf574b"},{"id":"/subscriptions/00000000-0000-0000-0000-000000000000/resourceGroups/cli_test_gallery_image_version_vhd000001/providers/Microsoft.Network/networkInterfaces/vm1VMNic","resourceType":"Microsoft.Network/networkInterfaces","resourceName":"vm1VMNic"}],"id":"/subscriptions/00000000-0000-0000-0000-000000000000/resourceGroups/cli_test_gallery_image_version_vhd000001/providers/Microsoft.Compute/virtualMachines/vm1","resourceType":"Microsoft.Compute/virtualMachines","resourceName":"vm1"}]}}'
    headers:
      azure-asyncoperation:
      - https://management.azure.com/subscriptions/00000000-0000-0000-0000-000000000000/resourcegroups/cli_test_gallery_image_version_vhd000001/providers/Microsoft.Resources/deployments/vm_deploy_7Z6dXjQjAZcg1APHMWFzpiQoY37PiK55/operationStatuses/08585407954048091275?api-version=2021-04-01
      cache-control:
      - no-cache
      content-length:
      - '2886'
      content-type:
      - application/json; charset=utf-8
      date:
      - Thu, 18 Aug 2022 08:31:22 GMT
      expires:
      - '-1'
      pragma:
      - no-cache
      strict-transport-security:
      - max-age=31536000; includeSubDomains
      x-content-type-options:
      - nosniff
      x-ms-ratelimit-remaining-subscription-writes:
      - '1198'
    status:
      code: 201
      message: Created
- request:
    body: null
    headers:
      Accept:
      - '*/*'
      Accept-Encoding:
      - gzip, deflate
      CommandName:
      - vm create
      Connection:
      - keep-alive
      ParameterSetName:
      - -g -n --image --use-unmanaged-disk --nsg-rule --generate-ssh-key --admin-username
      User-Agent:
      - AZURECLI/2.39.0 azsdk-python-azure-mgmt-resource/21.1.0b1 Python/3.10.6 (Linux-5.15.0-1017-azure-x86_64-with-glibc2.31)
        VSTS_0fb41ef4-5012-48a9-bf39-4ee3de03ee35_build_4949_0
    method: GET
    uri: https://management.azure.com/subscriptions/00000000-0000-0000-0000-000000000000/resourcegroups/cli_test_gallery_image_version_vhd000001/providers/Microsoft.Resources/deployments/mock-deployment/operationStatuses/08585407954048091275?api-version=2021-04-01
  response:
    body:
      string: '{"status":"Running"}'
    headers:
      cache-control:
      - no-cache
      content-length:
      - '20'
      content-type:
      - application/json; charset=utf-8
      date:
      - Thu, 18 Aug 2022 08:31:52 GMT
      expires:
      - '-1'
      pragma:
      - no-cache
      strict-transport-security:
      - max-age=31536000; includeSubDomains
      vary:
      - Accept-Encoding
      x-content-type-options:
      - nosniff
    status:
      code: 200
      message: OK
- request:
    body: null
    headers:
      Accept:
      - '*/*'
      Accept-Encoding:
      - gzip, deflate
      CommandName:
      - vm create
      Connection:
      - keep-alive
      ParameterSetName:
      - -g -n --image --use-unmanaged-disk --nsg-rule --generate-ssh-key --admin-username
      User-Agent:
      - AZURECLI/2.39.0 azsdk-python-azure-mgmt-resource/21.1.0b1 Python/3.10.6 (Linux-5.15.0-1017-azure-x86_64-with-glibc2.31)
        VSTS_0fb41ef4-5012-48a9-bf39-4ee3de03ee35_build_4949_0
    method: GET
    uri: https://management.azure.com/subscriptions/00000000-0000-0000-0000-000000000000/resourcegroups/cli_test_gallery_image_version_vhd000001/providers/Microsoft.Resources/deployments/mock-deployment/operationStatuses/08585407954048091275?api-version=2021-04-01
  response:
    body:
      string: '{"status":"Running"}'
    headers:
      cache-control:
      - no-cache
      content-length:
      - '20'
      content-type:
      - application/json; charset=utf-8
      date:
      - Thu, 18 Aug 2022 08:32:21 GMT
      expires:
      - '-1'
      pragma:
      - no-cache
      strict-transport-security:
      - max-age=31536000; includeSubDomains
      vary:
      - Accept-Encoding
      x-content-type-options:
      - nosniff
    status:
      code: 200
      message: OK
- request:
    body: null
    headers:
      Accept:
      - '*/*'
      Accept-Encoding:
      - gzip, deflate
      CommandName:
      - vm create
      Connection:
      - keep-alive
      ParameterSetName:
      - -g -n --image --use-unmanaged-disk --nsg-rule --generate-ssh-key --admin-username
      User-Agent:
      - AZURECLI/2.39.0 azsdk-python-azure-mgmt-resource/21.1.0b1 Python/3.10.6 (Linux-5.15.0-1017-azure-x86_64-with-glibc2.31)
        VSTS_0fb41ef4-5012-48a9-bf39-4ee3de03ee35_build_4949_0
    method: GET
    uri: https://management.azure.com/subscriptions/00000000-0000-0000-0000-000000000000/resourcegroups/cli_test_gallery_image_version_vhd000001/providers/Microsoft.Resources/deployments/mock-deployment/operationStatuses/08585407954048091275?api-version=2021-04-01
  response:
    body:
      string: '{"status":"Running"}'
    headers:
      cache-control:
      - no-cache
      content-length:
      - '20'
      content-type:
      - application/json; charset=utf-8
      date:
      - Thu, 18 Aug 2022 08:32:52 GMT
      expires:
      - '-1'
      pragma:
      - no-cache
      strict-transport-security:
      - max-age=31536000; includeSubDomains
      vary:
      - Accept-Encoding
      x-content-type-options:
      - nosniff
    status:
      code: 200
      message: OK
- request:
    body: null
    headers:
      Accept:
      - '*/*'
      Accept-Encoding:
      - gzip, deflate
      CommandName:
      - vm create
      Connection:
      - keep-alive
      ParameterSetName:
      - -g -n --image --use-unmanaged-disk --nsg-rule --generate-ssh-key --admin-username
      User-Agent:
      - AZURECLI/2.39.0 azsdk-python-azure-mgmt-resource/21.1.0b1 Python/3.10.6 (Linux-5.15.0-1017-azure-x86_64-with-glibc2.31)
        VSTS_0fb41ef4-5012-48a9-bf39-4ee3de03ee35_build_4949_0
    method: GET
    uri: https://management.azure.com/subscriptions/00000000-0000-0000-0000-000000000000/resourcegroups/cli_test_gallery_image_version_vhd000001/providers/Microsoft.Resources/deployments/mock-deployment/operationStatuses/08585407954048091275?api-version=2021-04-01
  response:
    body:
      string: '{"status":"Succeeded"}'
    headers:
      cache-control:
      - no-cache
      content-length:
      - '22'
      content-type:
      - application/json; charset=utf-8
      date:
      - Thu, 18 Aug 2022 08:33:22 GMT
      expires:
      - '-1'
      pragma:
      - no-cache
      strict-transport-security:
      - max-age=31536000; includeSubDomains
      vary:
      - Accept-Encoding
      x-content-type-options:
      - nosniff
    status:
      code: 200
      message: OK
- request:
    body: null
    headers:
      Accept:
      - '*/*'
      Accept-Encoding:
      - gzip, deflate
      CommandName:
      - vm create
      Connection:
      - keep-alive
      ParameterSetName:
      - -g -n --image --use-unmanaged-disk --nsg-rule --generate-ssh-key --admin-username
      User-Agent:
      - AZURECLI/2.39.0 azsdk-python-azure-mgmt-resource/21.1.0b1 Python/3.10.6 (Linux-5.15.0-1017-azure-x86_64-with-glibc2.31)
        VSTS_0fb41ef4-5012-48a9-bf39-4ee3de03ee35_build_4949_0
    method: GET
    uri: https://management.azure.com/subscriptions/00000000-0000-0000-0000-000000000000/resourcegroups/cli_test_gallery_image_version_vhd000001/providers/Microsoft.Resources/deployments/mock-deployment?api-version=2021-04-01
  response:
    body:
      string: '{"id":"/subscriptions/00000000-0000-0000-0000-000000000000/resourceGroups/cli_test_gallery_image_version_vhd000001/providers/Microsoft.Resources/deployments/vm_deploy_7Z6dXjQjAZcg1APHMWFzpiQoY37PiK55","name":"vm_deploy_7Z6dXjQjAZcg1APHMWFzpiQoY37PiK55","type":"Microsoft.Resources/deployments","properties":{"templateHash":"6885906813331888350","parameters":{},"mode":"Incremental","provisioningState":"Succeeded","timestamp":"2022-08-18T08:32:53.9285951Z","duration":"PT1M31.9796269S","correlationId":"ffdf60ea-f7dd-4a56-a6bc-b080daa250c0","providers":[{"namespace":"Microsoft.Storage","resourceTypes":[{"resourceType":"storageAccounts","locations":["westus"]}]},{"namespace":"Microsoft.Network","resourceTypes":[{"resourceType":"virtualNetworks","locations":["westus"]},{"resourceType":"networkSecurityGroups","locations":["westus"]},{"resourceType":"publicIPAddresses","locations":["westus"]},{"resourceType":"networkInterfaces","locations":["westus"]}]},{"namespace":"Microsoft.Compute","resourceTypes":[{"resourceType":"virtualMachines","locations":["westus"]}]}],"dependencies":[{"dependsOn":[{"id":"/subscriptions/00000000-0000-0000-0000-000000000000/resourceGroups/cli_test_gallery_image_version_vhd000001/providers/Microsoft.Network/virtualNetworks/vm1VNET","resourceType":"Microsoft.Network/virtualNetworks","resourceName":"vm1VNET"},{"id":"/subscriptions/00000000-0000-0000-0000-000000000000/resourceGroups/cli_test_gallery_image_version_vhd000001/providers/Microsoft.Network/networkSecurityGroups/vm1NSG","resourceType":"Microsoft.Network/networkSecurityGroups","resourceName":"vm1NSG"},{"id":"/subscriptions/00000000-0000-0000-0000-000000000000/resourceGroups/cli_test_gallery_image_version_vhd000001/providers/Microsoft.Network/publicIPAddresses/vm1PublicIP","resourceType":"Microsoft.Network/publicIPAddresses","resourceName":"vm1PublicIP"}],"id":"/subscriptions/00000000-0000-0000-0000-000000000000/resourceGroups/cli_test_gallery_image_version_vhd000001/providers/Microsoft.Network/networkInterfaces/vm1VMNic","resourceType":"Microsoft.Network/networkInterfaces","resourceName":"vm1VMNic"},{"dependsOn":[{"id":"/subscriptions/00000000-0000-0000-0000-000000000000/resourceGroups/cli_test_gallery_image_version_vhd000001/providers/Microsoft.Storage/storageAccounts/vhdstorage5ea14cddbf574b","resourceType":"Microsoft.Storage/storageAccounts","resourceName":"vhdstorage5ea14cddbf574b"},{"id":"/subscriptions/00000000-0000-0000-0000-000000000000/resourceGroups/cli_test_gallery_image_version_vhd000001/providers/Microsoft.Network/networkInterfaces/vm1VMNic","resourceType":"Microsoft.Network/networkInterfaces","resourceName":"vm1VMNic"}],"id":"/subscriptions/00000000-0000-0000-0000-000000000000/resourceGroups/cli_test_gallery_image_version_vhd000001/providers/Microsoft.Compute/virtualMachines/vm1","resourceType":"Microsoft.Compute/virtualMachines","resourceName":"vm1"}],"outputs":{},"outputResources":[{"id":"/subscriptions/00000000-0000-0000-0000-000000000000/resourceGroups/cli_test_gallery_image_version_vhd000001/providers/Microsoft.Compute/virtualMachines/vm1"},{"id":"/subscriptions/00000000-0000-0000-0000-000000000000/resourceGroups/cli_test_gallery_image_version_vhd000001/providers/Microsoft.Network/networkInterfaces/vm1VMNic"},{"id":"/subscriptions/00000000-0000-0000-0000-000000000000/resourceGroups/cli_test_gallery_image_version_vhd000001/providers/Microsoft.Network/networkSecurityGroups/vm1NSG"},{"id":"/subscriptions/00000000-0000-0000-0000-000000000000/resourceGroups/cli_test_gallery_image_version_vhd000001/providers/Microsoft.Network/publicIPAddresses/vm1PublicIP"},{"id":"/subscriptions/00000000-0000-0000-0000-000000000000/resourceGroups/cli_test_gallery_image_version_vhd000001/providers/Microsoft.Network/virtualNetworks/vm1VNET"},{"id":"/subscriptions/00000000-0000-0000-0000-000000000000/resourceGroups/cli_test_gallery_image_version_vhd000001/providers/Microsoft.Storage/storageAccounts/vhdstorage5ea14cddbf574b"}]}}'
    headers:
      cache-control:
      - no-cache
      content-length:
      - '3964'
      content-type:
      - application/json; charset=utf-8
      date:
      - Thu, 18 Aug 2022 08:33:22 GMT
      expires:
      - '-1'
      pragma:
      - no-cache
      strict-transport-security:
      - max-age=31536000; includeSubDomains
      vary:
      - Accept-Encoding
      x-content-type-options:
      - nosniff
    status:
      code: 200
      message: OK
- request:
    body: null
    headers:
      Accept:
      - application/json
      Accept-Encoding:
      - gzip, deflate
      CommandName:
      - vm create
      Connection:
      - keep-alive
      ParameterSetName:
      - -g -n --image --use-unmanaged-disk --nsg-rule --generate-ssh-key --admin-username
      User-Agent:
      - AZURECLI/2.39.0 azsdk-python-azure-mgmt-compute/27.1.0 Python/3.10.6 (Linux-5.15.0-1017-azure-x86_64-with-glibc2.31)
        VSTS_0fb41ef4-5012-48a9-bf39-4ee3de03ee35_build_4949_0
    method: GET
    uri: https://management.azure.com/subscriptions/00000000-0000-0000-0000-000000000000/resourceGroups/cli_test_gallery_image_version_vhd000001/providers/Microsoft.Compute/virtualMachines/vm1?$expand=instanceView&api-version=2022-03-01
  response:
    body:
      string: "{\r\n  \"name\": \"vm1\",\r\n  \"id\": \"/subscriptions/00000000-0000-0000-0000-000000000000/resourceGroups/cli_test_gallery_image_version_vhd000001/providers/Microsoft.Compute/virtualMachines/vm1\",\r\n
        \ \"type\": \"Microsoft.Compute/virtualMachines\",\r\n  \"location\": \"westus\",\r\n
        \ \"tags\": {},\r\n  \"properties\": {\r\n    \"vmId\": \"c4f85985-ee45-474d-8ca0-7ce95d2a1735\",\r\n
        \   \"hardwareProfile\": {\r\n      \"vmSize\": \"Standard_DS1_v2\"\r\n    },\r\n
        \   \"storageProfile\": {\r\n      \"imageReference\": {\r\n        \"publisher\":
        \"OpenLogic\",\r\n        \"offer\": \"CentOS\",\r\n        \"sku\": \"7.5\",\r\n
        \       \"version\": \"latest\",\r\n        \"exactVersion\": \"7.5.201808150\"\r\n
        \     },\r\n      \"osDisk\": {\r\n        \"osType\": \"Linux\",\r\n        \"name\":
        \"osdisk_5ea14cddbf\",\r\n        \"createOption\": \"FromImage\",\r\n        \"vhd\":
        {\r\n          \"uri\": \"https://vhdstorage5ea14cddbf574b.blob.core.windows.net/vhds/osdisk_5ea14cddbf.vhd\"\r\n
        \       },\r\n        \"caching\": \"ReadWrite\",\r\n        \"deleteOption\":
        \"Detach\",\r\n        \"diskSizeGB\": 30\r\n      },\r\n      \"dataDisks\":
        []\r\n    },\r\n    \"osProfile\": {\r\n      \"computerName\": \"vm1\",\r\n
        \     \"adminUsername\": \"vmtest\",\r\n      \"linuxConfiguration\": {\r\n
        \       \"disablePasswordAuthentication\": true,\r\n        \"ssh\": {\r\n
        \         \"publicKeys\": [\r\n            {\r\n              \"path\": \"/home/vmtest/.ssh/authorized_keys\",\r\n
        \             \"keyData\": \"ssh-rsa AAAAB3NzaC1yc2EAAAADAQABAAABAQDzF6DYtje6oFfwE0W4fPAufbsTMLFf+lQnk1cAYYTH207c06+LJhGuKjpgEiIyOajB6EzObCMTW+zfUeopAGezE0Zidt/O+IUndnbPgQBsFO7y7rRrwyz56pZ0f78OIEt+k9IXbNRLFD2xxGwIUYSPmQ1nnnfvFO2T1abmjmchNQ4pFNSySask8DQl8jzRP8mrBV+VIK6i9Xrgu8sZXeVkyPj8Z9Klb9c2bheF4L8tCpxMe7mNYhjTCdsLzeUZ3FdtGtYtVmns7TLVtLmkwZlvPy1O2JBSi8obIOh6d64LSScDUqCbZAE8Cb6+eN7gE23FScLzRxU+/YkAs1OZVHkD\"\r\n
        \           }\r\n          ]\r\n        },\r\n        \"provisionVMAgent\":
        true,\r\n        \"patchSettings\": {\r\n          \"patchMode\": \"ImageDefault\",\r\n
        \         \"assessmentMode\": \"ImageDefault\"\r\n        },\r\n        \"enableVMAgentPlatformUpdates\":
        false\r\n      },\r\n      \"secrets\": [],\r\n      \"allowExtensionOperations\":
        true,\r\n      \"requireGuestProvisionSignal\": true\r\n    },\r\n    \"networkProfile\":
        {\"networkInterfaces\":[{\"id\":\"/subscriptions/00000000-0000-0000-0000-000000000000/resourceGroups/cli_test_gallery_image_version_vhd000001/providers/Microsoft.Network/networkInterfaces/vm1VMNic\"}]},\r\n
        \   \"provisioningState\": \"Succeeded\",\r\n    \"instanceView\": {\r\n      \"computerName\":
        \"vm1\",\r\n      \"osName\": \"centos\",\r\n      \"osVersion\": \"7.5.1804\",\r\n
        \     \"vmAgent\": {\r\n        \"vmAgentVersion\": \"2.8.0.9\",\r\n        \"statuses\":
        [\r\n          {\r\n            \"code\": \"ProvisioningState/succeeded\",\r\n
        \           \"level\": \"Info\",\r\n            \"displayStatus\": \"Ready\",\r\n
        \           \"message\": \"Guest Agent is running\",\r\n            \"time\":
        \"2022-08-18T08:32:49+00:00\"\r\n          }\r\n        ],\r\n        \"extensionHandlers\":
        []\r\n      },\r\n      \"disks\": [\r\n        {\r\n          \"name\": \"osdisk_5ea14cddbf\",\r\n
        \         \"statuses\": [\r\n            {\r\n              \"code\": \"ProvisioningState/succeeded\",\r\n
        \             \"level\": \"Info\",\r\n              \"displayStatus\": \"Provisioning
        succeeded\",\r\n              \"time\": \"2022-08-18T08:31:47.9091788+00:00\"\r\n
        \           }\r\n          ]\r\n        }\r\n      ],\r\n      \"hyperVGeneration\":
        \"V1\",\r\n      \"statuses\": [\r\n        {\r\n          \"code\": \"ProvisioningState/succeeded\",\r\n
        \         \"level\": \"Info\",\r\n          \"displayStatus\": \"Provisioning
        succeeded\",\r\n          \"time\": \"2022-08-18T08:32:50.2080953+00:00\"\r\n
        \       },\r\n        {\r\n          \"code\": \"PowerState/running\",\r\n
        \         \"level\": \"Info\",\r\n          \"displayStatus\": \"VM running\"\r\n
        \       }\r\n      ]\r\n    },\r\n    \"timeCreated\": \"2022-08-18T08:31:47.6279051+00:00\"\r\n
        \ }\r\n}"
    headers:
      cache-control:
      - no-cache
      content-length:
      - '3678'
      content-type:
      - application/json; charset=utf-8
      date:
      - Thu, 18 Aug 2022 08:33:23 GMT
      expires:
      - '-1'
      pragma:
      - no-cache
      server:
      - Microsoft-HTTPAPI/2.0
      - Microsoft-HTTPAPI/2.0
      strict-transport-security:
      - max-age=31536000; includeSubDomains
      transfer-encoding:
      - chunked
      vary:
      - Accept-Encoding
      x-content-type-options:
      - nosniff
      x-ms-ratelimit-remaining-resource:
      - Microsoft.Compute/LowCostGet3Min;3971,Microsoft.Compute/LowCostGet30Min;31672
    status:
      code: 200
      message: OK
- request:
    body: null
    headers:
      Accept:
      - application/json, text/json
      Accept-Encoding:
      - gzip, deflate
      CommandName:
      - vm create
      Connection:
      - keep-alive
      ParameterSetName:
      - -g -n --image --use-unmanaged-disk --nsg-rule --generate-ssh-key --admin-username
      User-Agent:
      - AZURECLI/2.39.0 azsdk-python-azure-mgmt-network/20.0.0 Python/3.10.6 (Linux-5.15.0-1017-azure-x86_64-with-glibc2.31)
        VSTS_0fb41ef4-5012-48a9-bf39-4ee3de03ee35_build_4949_0
    method: GET
    uri: https://management.azure.com/subscriptions/00000000-0000-0000-0000-000000000000/resourceGroups/cli_test_gallery_image_version_vhd000001/providers/Microsoft.Network/networkInterfaces/vm1VMNic?api-version=2018-01-01
  response:
    body:
      string: "{\r\n  \"name\": \"vm1VMNic\",\r\n  \"id\": \"/subscriptions/00000000-0000-0000-0000-000000000000/resourceGroups/cli_test_gallery_image_version_vhd000001/providers/Microsoft.Network/networkInterfaces/vm1VMNic\",\r\n
        \ \"etag\": \"W/\\\"c5bdfdde-a2c1-4dc3-823c-180bec2f3628\\\"\",\r\n  \"tags\":
        {},\r\n  \"properties\": {\r\n    \"provisioningState\": \"Succeeded\",\r\n
        \   \"resourceGuid\": \"bccd7c41-ff1a-48e5-87b8-07545bc352f3\",\r\n    \"ipConfigurations\":
        [\r\n      {\r\n        \"name\": \"ipconfigvm1\",\r\n        \"id\": \"/subscriptions/00000000-0000-0000-0000-000000000000/resourceGroups/cli_test_gallery_image_version_vhd000001/providers/Microsoft.Network/networkInterfaces/vm1VMNic/ipConfigurations/ipconfigvm1\",\r\n
        \       \"etag\": \"W/\\\"c5bdfdde-a2c1-4dc3-823c-180bec2f3628\\\"\",\r\n
        \       \"type\": \"Microsoft.Network/networkInterfaces/ipConfigurations\",\r\n
        \       \"properties\": {\r\n          \"provisioningState\": \"Succeeded\",\r\n
        \         \"privateIPAddress\": \"10.0.0.4\",\r\n          \"privateIPAllocationMethod\":
        \"Dynamic\",\r\n          \"publicIPAddress\": {\r\n            \"id\": \"/subscriptions/00000000-0000-0000-0000-000000000000/resourceGroups/cli_test_gallery_image_version_vhd000001/providers/Microsoft.Network/publicIPAddresses/vm1PublicIP\"\r\n
        \         },\r\n          \"subnet\": {\r\n            \"id\": \"/subscriptions/00000000-0000-0000-0000-000000000000/resourceGroups/cli_test_gallery_image_version_vhd000001/providers/Microsoft.Network/virtualNetworks/vm1VNET/subnets/vm1Subnet\"\r\n
        \         },\r\n          \"primary\": true,\r\n          \"privateIPAddressVersion\":
        \"IPv4\"\r\n        }\r\n      }\r\n    ],\r\n    \"dnsSettings\": {\r\n      \"dnsServers\":
        [],\r\n      \"appliedDnsServers\": [],\r\n      \"internalDomainNameSuffix\":
        \"erskrgee1vqe1psuxykmd4hrbc.dx.internal.cloudapp.net\"\r\n    },\r\n    \"macAddress\":
        \"00-0D-3A-59-B5-A8\",\r\n    \"enableIPForwarding\": false,\r\n    \"networkSecurityGroup\":
        {\r\n      \"id\": \"/subscriptions/00000000-0000-0000-0000-000000000000/resourceGroups/cli_test_gallery_image_version_vhd000001/providers/Microsoft.Network/networkSecurityGroups/vm1NSG\"\r\n
        \   },\r\n    \"primary\": true,\r\n    \"virtualMachine\": {\r\n      \"id\":
        \"/subscriptions/00000000-0000-0000-0000-000000000000/resourceGroups/cli_test_gallery_image_version_vhd000001/providers/Microsoft.Compute/virtualMachines/vm1\"\r\n
        \   }\r\n  },\r\n  \"type\": \"Microsoft.Network/networkInterfaces\",\r\n
        \ \"location\": \"westus\"\r\n}"
    headers:
      cache-control:
      - no-cache
      content-length:
      - '2315'
      content-type:
      - application/json; charset=utf-8
      date:
      - Thu, 18 Aug 2022 08:33:23 GMT
      etag:
      - W/"c5bdfdde-a2c1-4dc3-823c-180bec2f3628"
      expires:
      - '-1'
      pragma:
      - no-cache
      server:
      - Microsoft-HTTPAPI/2.0
      - Microsoft-HTTPAPI/2.0
      strict-transport-security:
      - max-age=31536000; includeSubDomains
      transfer-encoding:
      - chunked
      vary:
      - Accept-Encoding
      x-content-type-options:
      - nosniff
      x-ms-arm-service-request-id:
      - 3208a838-da97-4279-a63a-4766d9c96fb5
    status:
      code: 200
      message: OK
- request:
    body: null
    headers:
      Accept:
      - application/json, text/json
      Accept-Encoding:
      - gzip, deflate
      CommandName:
      - vm create
      Connection:
      - keep-alive
      ParameterSetName:
      - -g -n --image --use-unmanaged-disk --nsg-rule --generate-ssh-key --admin-username
      User-Agent:
      - AZURECLI/2.39.0 azsdk-python-azure-mgmt-network/20.0.0 Python/3.10.6 (Linux-5.15.0-1017-azure-x86_64-with-glibc2.31)
        VSTS_0fb41ef4-5012-48a9-bf39-4ee3de03ee35_build_4949_0
    method: GET
    uri: https://management.azure.com/subscriptions/00000000-0000-0000-0000-000000000000/resourceGroups/cli_test_gallery_image_version_vhd000001/providers/Microsoft.Network/publicIPAddresses/vm1PublicIP?api-version=2018-01-01
  response:
    body:
      string: "{\r\n  \"name\": \"vm1PublicIP\",\r\n  \"id\": \"/subscriptions/00000000-0000-0000-0000-000000000000/resourceGroups/cli_test_gallery_image_version_vhd000001/providers/Microsoft.Network/publicIPAddresses/vm1PublicIP\",\r\n
        \ \"etag\": \"W/\\\"f121e7e0-f102-4b34-9ce3-26f7637a7410\\\"\",\r\n  \"location\":
        \"westus\",\r\n  \"tags\": {},\r\n  \"properties\": {\r\n    \"provisioningState\":
        \"Succeeded\",\r\n    \"resourceGuid\": \"dd415544-e172-4b4d-8c83-89e747e1a246\",\r\n
        \   \"ipAddress\": \"20.245.75.207\",\r\n    \"publicIPAddressVersion\": \"IPv4\",\r\n
        \   \"publicIPAllocationMethod\": \"Dynamic\",\r\n    \"idleTimeoutInMinutes\":
        4,\r\n    \"ipTags\": [],\r\n    \"ipConfiguration\": {\r\n      \"id\": \"/subscriptions/00000000-0000-0000-0000-000000000000/resourceGroups/cli_test_gallery_image_version_vhd000001/providers/Microsoft.Network/networkInterfaces/vm1VMNic/ipConfigurations/ipconfigvm1\"\r\n
        \   }\r\n  },\r\n  \"type\": \"Microsoft.Network/publicIPAddresses\",\r\n
        \ \"sku\": {\r\n    \"name\": \"Basic\"\r\n  }\r\n}"
    headers:
      cache-control:
      - no-cache
      content-length:
      - '927'
      content-type:
      - application/json; charset=utf-8
      date:
      - Thu, 18 Aug 2022 08:33:23 GMT
      etag:
      - W/"f121e7e0-f102-4b34-9ce3-26f7637a7410"
      expires:
      - '-1'
      pragma:
      - no-cache
      server:
      - Microsoft-HTTPAPI/2.0
      - Microsoft-HTTPAPI/2.0
      strict-transport-security:
      - max-age=31536000; includeSubDomains
      transfer-encoding:
      - chunked
      vary:
      - Accept-Encoding
      x-content-type-options:
      - nosniff
      x-ms-arm-service-request-id:
      - 8b704096-9f3b-439f-876b-32e3bdfdc186
    status:
      code: 200
      message: OK
- request:
    body: null
    headers:
      Accept:
      - application/json
      Accept-Encoding:
      - gzip, deflate
      CommandName:
      - vm show
      Connection:
      - keep-alive
      ParameterSetName:
      - -g -n
      User-Agent:
      - AZURECLI/2.39.0 azsdk-python-azure-mgmt-compute/27.1.0 Python/3.10.6 (Linux-5.15.0-1017-azure-x86_64-with-glibc2.31)
        VSTS_0fb41ef4-5012-48a9-bf39-4ee3de03ee35_build_4949_0
    method: GET
    uri: https://management.azure.com/subscriptions/00000000-0000-0000-0000-000000000000/resourceGroups/cli_test_gallery_image_version_vhd000001/providers/Microsoft.Compute/virtualMachines/vm1?api-version=2022-03-01
  response:
    body:
      string: "{\r\n  \"name\": \"vm1\",\r\n  \"id\": \"/subscriptions/00000000-0000-0000-0000-000000000000/resourceGroups/cli_test_gallery_image_version_vhd000001/providers/Microsoft.Compute/virtualMachines/vm1\",\r\n
        \ \"type\": \"Microsoft.Compute/virtualMachines\",\r\n  \"location\": \"westus\",\r\n
        \ \"tags\": {},\r\n  \"properties\": {\r\n    \"vmId\": \"c4f85985-ee45-474d-8ca0-7ce95d2a1735\",\r\n
        \   \"hardwareProfile\": {\r\n      \"vmSize\": \"Standard_DS1_v2\"\r\n    },\r\n
        \   \"storageProfile\": {\r\n      \"imageReference\": {\r\n        \"publisher\":
        \"OpenLogic\",\r\n        \"offer\": \"CentOS\",\r\n        \"sku\": \"7.5\",\r\n
        \       \"version\": \"latest\",\r\n        \"exactVersion\": \"7.5.201808150\"\r\n
        \     },\r\n      \"osDisk\": {\r\n        \"osType\": \"Linux\",\r\n        \"name\":
        \"osdisk_5ea14cddbf\",\r\n        \"createOption\": \"FromImage\",\r\n        \"vhd\":
        {\r\n          \"uri\": \"https://vhdstorage5ea14cddbf574b.blob.core.windows.net/vhds/osdisk_5ea14cddbf.vhd\"\r\n
        \       },\r\n        \"caching\": \"ReadWrite\",\r\n        \"deleteOption\":
        \"Detach\",\r\n        \"diskSizeGB\": 30\r\n      },\r\n      \"dataDisks\":
        []\r\n    },\r\n    \"osProfile\": {\r\n      \"computerName\": \"vm1\",\r\n
        \     \"adminUsername\": \"vmtest\",\r\n      \"linuxConfiguration\": {\r\n
        \       \"disablePasswordAuthentication\": true,\r\n        \"ssh\": {\r\n
        \         \"publicKeys\": [\r\n            {\r\n              \"path\": \"/home/vmtest/.ssh/authorized_keys\",\r\n
        \             \"keyData\": \"ssh-rsa AAAAB3NzaC1yc2EAAAADAQABAAABAQDzF6DYtje6oFfwE0W4fPAufbsTMLFf+lQnk1cAYYTH207c06+LJhGuKjpgEiIyOajB6EzObCMTW+zfUeopAGezE0Zidt/O+IUndnbPgQBsFO7y7rRrwyz56pZ0f78OIEt+k9IXbNRLFD2xxGwIUYSPmQ1nnnfvFO2T1abmjmchNQ4pFNSySask8DQl8jzRP8mrBV+VIK6i9Xrgu8sZXeVkyPj8Z9Klb9c2bheF4L8tCpxMe7mNYhjTCdsLzeUZ3FdtGtYtVmns7TLVtLmkwZlvPy1O2JBSi8obIOh6d64LSScDUqCbZAE8Cb6+eN7gE23FScLzRxU+/YkAs1OZVHkD\"\r\n
        \           }\r\n          ]\r\n        },\r\n        \"provisionVMAgent\":
        true,\r\n        \"patchSettings\": {\r\n          \"patchMode\": \"ImageDefault\",\r\n
        \         \"assessmentMode\": \"ImageDefault\"\r\n        },\r\n        \"enableVMAgentPlatformUpdates\":
        false\r\n      },\r\n      \"secrets\": [],\r\n      \"allowExtensionOperations\":
        true,\r\n      \"requireGuestProvisionSignal\": true\r\n    },\r\n    \"networkProfile\":
        {\"networkInterfaces\":[{\"id\":\"/subscriptions/00000000-0000-0000-0000-000000000000/resourceGroups/cli_test_gallery_image_version_vhd000001/providers/Microsoft.Network/networkInterfaces/vm1VMNic\"}]},\r\n
        \   \"provisioningState\": \"Succeeded\",\r\n    \"timeCreated\": \"2022-08-18T08:31:47.6279051+00:00\"\r\n
        \ }\r\n}"
    headers:
      cache-control:
      - no-cache
      content-length:
      - '2410'
      content-type:
      - application/json; charset=utf-8
      date:
      - Thu, 18 Aug 2022 08:33:23 GMT
      expires:
      - '-1'
      pragma:
      - no-cache
      server:
      - Microsoft-HTTPAPI/2.0
      - Microsoft-HTTPAPI/2.0
      strict-transport-security:
      - max-age=31536000; includeSubDomains
      transfer-encoding:
      - chunked
      vary:
      - Accept-Encoding
      x-content-type-options:
      - nosniff
      x-ms-ratelimit-remaining-resource:
      - Microsoft.Compute/LowCostGet3Min;3970,Microsoft.Compute/LowCostGet30Min;31671
    status:
      code: 200
      message: OK
- request:
    body: null
    headers:
      Accept:
      - application/json
      Accept-Encoding:
      - gzip, deflate
      CommandName:
      - sig create
      Connection:
      - keep-alive
      ParameterSetName:
      - -g --gallery-name
      User-Agent:
      - AZURECLI/2.39.0 azsdk-python-azure-mgmt-resource/21.1.0b1 Python/3.10.6 (Linux-5.15.0-1017-azure-x86_64-with-glibc2.31)
        VSTS_0fb41ef4-5012-48a9-bf39-4ee3de03ee35_build_4949_0
    method: GET
    uri: https://management.azure.com/subscriptions/00000000-0000-0000-0000-000000000000/resourcegroups/cli_test_gallery_image_version_vhd000001?api-version=2021-04-01
  response:
    body:
      string: '{"id":"/subscriptions/00000000-0000-0000-0000-000000000000/resourceGroups/cli_test_gallery_image_version_vhd000001","name":"cli_test_gallery_image_version_vhd000001","type":"Microsoft.Resources/resourceGroups","location":"westus","tags":{"product":"azurecli","cause":"automation","date":"2022-08-18T08:31:16Z"},"properties":{"provisioningState":"Succeeded"}}'
    headers:
      cache-control:
      - no-cache
      content-length:
      - '358'
      content-type:
      - application/json; charset=utf-8
      date:
      - Thu, 18 Aug 2022 08:33:24 GMT
      expires:
      - '-1'
      pragma:
      - no-cache
      strict-transport-security:
      - max-age=31536000; includeSubDomains
      vary:
      - Accept-Encoding
      x-content-type-options:
      - nosniff
    status:
      code: 200
      message: OK
- request:
    body: '{"location": "westus", "tags": {}}'
    headers:
      Accept:
      - application/json
      Accept-Encoding:
      - gzip, deflate
      CommandName:
      - sig create
      Connection:
      - keep-alive
      Content-Length:
      - '34'
      Content-Type:
      - application/json
      ParameterSetName:
      - -g --gallery-name
      User-Agent:
      - AZURECLI/2.39.0 azsdk-python-azure-mgmt-compute/27.1.0 Python/3.10.6 (Linux-5.15.0-1017-azure-x86_64-with-glibc2.31)
        VSTS_0fb41ef4-5012-48a9-bf39-4ee3de03ee35_build_4949_0
    method: PUT
    uri: https://management.azure.com/subscriptions/00000000-0000-0000-0000-000000000000/resourceGroups/cli_test_gallery_image_version_vhd000001/providers/Microsoft.Compute/galleries/gallery_000002?api-version=2021-10-01
  response:
    body:
      string: "{\r\n  \"name\": \"gallery_000002\",\r\n  \"id\": \"/subscriptions/00000000-0000-0000-0000-000000000000/resourceGroups/cli_test_gallery_image_version_vhd000001/providers/Microsoft.Compute/galleries/gallery_000002\",\r\n
        \ \"type\": \"Microsoft.Compute/galleries\",\r\n  \"location\": \"westus\",\r\n
        \ \"tags\": {},\r\n  \"properties\": {\r\n    \"identifier\": {\r\n      \"uniqueName\":
        \"0b1f6471-1bf0-4dda-aec3-cb9272f09590-GALLERY_PXVMSV4O7EID\"\r\n    },\r\n
        \   \"provisioningState\": \"Creating\"\r\n  }\r\n}"
    headers:
      azure-asyncoperation:
      - https://management.azure.com/subscriptions/00000000-0000-0000-0000-000000000000/providers/Microsoft.Compute/locations/westus/capsOperations/3f010eeb-d53a-4070-963a-38bf2cc59a52?api-version=2021-10-01
      cache-control:
      - no-cache
      content-length:
      - '459'
      content-type:
      - application/json; charset=utf-8
      date:
      - Thu, 18 Aug 2022 08:33:26 GMT
      expires:
      - '-1'
      pragma:
      - no-cache
      server:
      - Microsoft-HTTPAPI/2.0
      - Microsoft-HTTPAPI/2.0
      strict-transport-security:
      - max-age=31536000; includeSubDomains
      x-content-type-options:
      - nosniff
      x-ms-ratelimit-remaining-resource:
      - Microsoft.Compute/CreateUpdateGallery3Min;49,Microsoft.Compute/CreateUpdateGallery30Min;299
      x-ms-ratelimit-remaining-subscription-writes:
      - '1197'
    status:
      code: 201
      message: Created
- request:
    body: null
    headers:
      Accept:
      - '*/*'
      Accept-Encoding:
      - gzip, deflate
      CommandName:
      - sig create
      Connection:
      - keep-alive
      ParameterSetName:
      - -g --gallery-name
      User-Agent:
      - AZURECLI/2.39.0 azsdk-python-azure-mgmt-compute/27.1.0 Python/3.10.6 (Linux-5.15.0-1017-azure-x86_64-with-glibc2.31)
        VSTS_0fb41ef4-5012-48a9-bf39-4ee3de03ee35_build_4949_0
    method: GET
    uri: https://management.azure.com/subscriptions/00000000-0000-0000-0000-000000000000/providers/Microsoft.Compute/locations/westus/capsOperations/3f010eeb-d53a-4070-963a-38bf2cc59a52?api-version=2021-10-01
  response:
    body:
      string: "{\r\n  \"startTime\": \"2022-08-18T08:33:26.2015227+00:00\",\r\n  \"endTime\":
        \"2022-08-18T08:33:26.4984025+00:00\",\r\n  \"status\": \"Succeeded\",\r\n
        \ \"name\": \"3f010eeb-d53a-4070-963a-38bf2cc59a52\"\r\n}"
    headers:
      cache-control:
      - no-cache
      content-length:
      - '184'
      content-type:
      - application/json; charset=utf-8
      date:
      - Thu, 18 Aug 2022 08:33:55 GMT
      expires:
      - '-1'
      pragma:
      - no-cache
      server:
      - Microsoft-HTTPAPI/2.0
      - Microsoft-HTTPAPI/2.0
      strict-transport-security:
      - max-age=31536000; includeSubDomains
      transfer-encoding:
      - chunked
      vary:
      - Accept-Encoding
      x-content-type-options:
      - nosniff
      x-ms-ratelimit-remaining-resource:
      - Microsoft.Compute/GetOperationStatus3Min;1198,Microsoft.Compute/GetOperationStatus30Min;4198
    status:
      code: 200
      message: OK
- request:
    body: null
    headers:
      Accept:
      - '*/*'
      Accept-Encoding:
      - gzip, deflate
      CommandName:
      - sig create
      Connection:
      - keep-alive
      ParameterSetName:
      - -g --gallery-name
      User-Agent:
      - AZURECLI/2.39.0 azsdk-python-azure-mgmt-compute/27.1.0 Python/3.10.6 (Linux-5.15.0-1017-azure-x86_64-with-glibc2.31)
        VSTS_0fb41ef4-5012-48a9-bf39-4ee3de03ee35_build_4949_0
    method: GET
    uri: https://management.azure.com/subscriptions/00000000-0000-0000-0000-000000000000/resourceGroups/cli_test_gallery_image_version_vhd000001/providers/Microsoft.Compute/galleries/gallery_000002?api-version=2021-10-01
  response:
    body:
      string: "{\r\n  \"name\": \"gallery_000002\",\r\n  \"id\": \"/subscriptions/00000000-0000-0000-0000-000000000000/resourceGroups/cli_test_gallery_image_version_vhd000001/providers/Microsoft.Compute/galleries/gallery_000002\",\r\n
        \ \"type\": \"Microsoft.Compute/galleries\",\r\n  \"location\": \"westus\",\r\n
        \ \"tags\": {},\r\n  \"properties\": {\r\n    \"identifier\": {\r\n      \"uniqueName\":
        \"0b1f6471-1bf0-4dda-aec3-cb9272f09590-GALLERY_PXVMSV4O7EID\"\r\n    },\r\n
        \   \"provisioningState\": \"Succeeded\"\r\n  }\r\n}"
    headers:
      cache-control:
      - no-cache
      content-length:
      - '460'
      content-type:
      - application/json; charset=utf-8
      date:
      - Thu, 18 Aug 2022 08:33:55 GMT
      expires:
      - '-1'
      pragma:
      - no-cache
      server:
      - Microsoft-HTTPAPI/2.0
      - Microsoft-HTTPAPI/2.0
      strict-transport-security:
      - max-age=31536000; includeSubDomains
      transfer-encoding:
      - chunked
      vary:
      - Accept-Encoding
      x-content-type-options:
      - nosniff
      x-ms-ratelimit-remaining-resource:
      - Microsoft.Compute/GetGallery3Min;346,Microsoft.Compute/GetGallery30Min;2496
    status:
      code: 200
      message: OK
- request:
    body: null
    headers:
      Accept:
      - application/json
      Accept-Encoding:
      - gzip, deflate
      CommandName:
      - sig image-definition create
      Connection:
      - keep-alive
      ParameterSetName:
      - -g --gallery-name --gallery-image-definition --os-type -p -f -s
      User-Agent:
      - AZURECLI/2.39.0 azsdk-python-azure-mgmt-resource/21.1.0b1 Python/3.10.6 (Linux-5.15.0-1017-azure-x86_64-with-glibc2.31)
        VSTS_0fb41ef4-5012-48a9-bf39-4ee3de03ee35_build_4949_0
    method: GET
    uri: https://management.azure.com/subscriptions/00000000-0000-0000-0000-000000000000/resourcegroups/cli_test_gallery_image_version_vhd000001?api-version=2021-04-01
  response:
    body:
      string: '{"id":"/subscriptions/00000000-0000-0000-0000-000000000000/resourceGroups/cli_test_gallery_image_version_vhd000001","name":"cli_test_gallery_image_version_vhd000001","type":"Microsoft.Resources/resourceGroups","location":"westus","tags":{"product":"azurecli","cause":"automation","date":"2022-08-18T08:31:16Z"},"properties":{"provisioningState":"Succeeded"}}'
    headers:
      cache-control:
      - no-cache
      content-length:
      - '358'
      content-type:
      - application/json; charset=utf-8
      date:
      - Thu, 18 Aug 2022 08:33:57 GMT
      expires:
      - '-1'
      pragma:
      - no-cache
      strict-transport-security:
      - max-age=31536000; includeSubDomains
      vary:
      - Accept-Encoding
      x-content-type-options:
      - nosniff
    status:
      code: 200
      message: OK
- request:
    body: '{"location": "westus", "tags": {}, "properties": {"osType": "Linux", "osState":
      "Generalized", "hyperVGeneration": "V1", "identifier": {"publisher": "publisher1",
      "offer": "offer1", "sku": "sku1"}, "disallowed": {}}}'
    headers:
      Accept:
      - application/json
      Accept-Encoding:
      - gzip, deflate
      CommandName:
      - sig image-definition create
      Connection:
      - keep-alive
      Content-Length:
      - '216'
      Content-Type:
      - application/json
      ParameterSetName:
      - -g --gallery-name --gallery-image-definition --os-type -p -f -s
      User-Agent:
      - AZURECLI/2.39.0 azsdk-python-azure-mgmt-compute/27.1.0 Python/3.10.6 (Linux-5.15.0-1017-azure-x86_64-with-glibc2.31)
        VSTS_0fb41ef4-5012-48a9-bf39-4ee3de03ee35_build_4949_0
    method: PUT
    uri: https://management.azure.com/subscriptions/00000000-0000-0000-0000-000000000000/resourceGroups/cli_test_gallery_image_version_vhd000001/providers/Microsoft.Compute/galleries/gallery_000002/images/image1?api-version=2021-10-01
  response:
    body:
      string: "{\r\n  \"name\": \"image1\",\r\n  \"id\": \"/subscriptions/00000000-0000-0000-0000-000000000000/resourceGroups/cli_test_gallery_image_version_vhd000001/providers/Microsoft.Compute/galleries/gallery_000002/images/image1\",\r\n
        \ \"type\": \"Microsoft.Compute/galleries/images\",\r\n  \"location\": \"westus\",\r\n
        \ \"tags\": {},\r\n  \"properties\": {\r\n    \"hyperVGeneration\": \"V1\",\r\n
        \   \"architecture\": \"x64\",\r\n    \"osType\": \"Linux\",\r\n    \"osState\":
        \"Generalized\",\r\n    \"identifier\": {\r\n      \"publisher\": \"publisher1\",\r\n
        \     \"offer\": \"offer1\",\r\n      \"sku\": \"sku1\"\r\n    },\r\n    \"provisioningState\":
        \"Creating\"\r\n  }\r\n}"
    headers:
      azure-asyncoperation:
      - https://management.azure.com/subscriptions/00000000-0000-0000-0000-000000000000/providers/Microsoft.Compute/locations/westus/capsOperations/0c2cbf1f-cee2-4da2-9b8e-fa76ad986bcc?api-version=2021-10-01
      cache-control:
      - no-cache
      content-length:
      - '586'
      content-type:
      - application/json; charset=utf-8
      date:
      - Thu, 18 Aug 2022 08:33:58 GMT
      expires:
      - '-1'
      pragma:
      - no-cache
      server:
      - Microsoft-HTTPAPI/2.0
      - Microsoft-HTTPAPI/2.0
      strict-transport-security:
      - max-age=31536000; includeSubDomains
      x-content-type-options:
      - nosniff
      x-ms-ratelimit-remaining-resource:
      - Microsoft.Compute/CreateUpdateGalleryImage3Min;149,Microsoft.Compute/CreateUpdateGalleryImage30Min;749
      x-ms-ratelimit-remaining-subscription-writes:
      - '1188'
    status:
      code: 201
      message: Created
- request:
    body: null
    headers:
      Accept:
      - '*/*'
      Accept-Encoding:
      - gzip, deflate
      CommandName:
      - sig image-definition create
      Connection:
      - keep-alive
      ParameterSetName:
      - -g --gallery-name --gallery-image-definition --os-type -p -f -s
      User-Agent:
      - AZURECLI/2.39.0 azsdk-python-azure-mgmt-compute/27.1.0 Python/3.10.6 (Linux-5.15.0-1017-azure-x86_64-with-glibc2.31)
        VSTS_0fb41ef4-5012-48a9-bf39-4ee3de03ee35_build_4949_0
    method: GET
    uri: https://management.azure.com/subscriptions/00000000-0000-0000-0000-000000000000/providers/Microsoft.Compute/locations/westus/capsOperations/0c2cbf1f-cee2-4da2-9b8e-fa76ad986bcc?api-version=2021-10-01
  response:
    body:
      string: "{\r\n  \"startTime\": \"2022-08-18T08:33:58.6236768+00:00\",\r\n  \"endTime\":
        \"2022-08-18T08:33:58.8580598+00:00\",\r\n  \"status\": \"Succeeded\",\r\n
        \ \"name\": \"0c2cbf1f-cee2-4da2-9b8e-fa76ad986bcc\"\r\n}"
    headers:
      cache-control:
      - no-cache
      content-length:
      - '184'
      content-type:
      - application/json; charset=utf-8
      date:
      - Thu, 18 Aug 2022 08:34:29 GMT
      expires:
      - '-1'
      pragma:
      - no-cache
      server:
      - Microsoft-HTTPAPI/2.0
      - Microsoft-HTTPAPI/2.0
      strict-transport-security:
      - max-age=31536000; includeSubDomains
      transfer-encoding:
      - chunked
      vary:
      - Accept-Encoding
      x-content-type-options:
      - nosniff
      x-ms-ratelimit-remaining-resource:
      - Microsoft.Compute/GetOperationStatus3Min;1196,Microsoft.Compute/GetOperationStatus30Min;4196
    status:
      code: 200
      message: OK
- request:
    body: null
    headers:
      Accept:
      - '*/*'
      Accept-Encoding:
      - gzip, deflate
      CommandName:
      - sig image-definition create
      Connection:
      - keep-alive
      ParameterSetName:
      - -g --gallery-name --gallery-image-definition --os-type -p -f -s
      User-Agent:
      - AZURECLI/2.39.0 azsdk-python-azure-mgmt-compute/27.1.0 Python/3.10.6 (Linux-5.15.0-1017-azure-x86_64-with-glibc2.31)
        VSTS_0fb41ef4-5012-48a9-bf39-4ee3de03ee35_build_4949_0
    method: GET
    uri: https://management.azure.com/subscriptions/00000000-0000-0000-0000-000000000000/resourceGroups/cli_test_gallery_image_version_vhd000001/providers/Microsoft.Compute/galleries/gallery_000002/images/image1?api-version=2021-10-01
  response:
    body:
      string: "{\r\n  \"name\": \"image1\",\r\n  \"id\": \"/subscriptions/00000000-0000-0000-0000-000000000000/resourceGroups/cli_test_gallery_image_version_vhd000001/providers/Microsoft.Compute/galleries/gallery_000002/images/image1\",\r\n
        \ \"type\": \"Microsoft.Compute/galleries/images\",\r\n  \"location\": \"westus\",\r\n
        \ \"tags\": {},\r\n  \"properties\": {\r\n    \"hyperVGeneration\": \"V1\",\r\n
        \   \"architecture\": \"x64\",\r\n    \"osType\": \"Linux\",\r\n    \"osState\":
        \"Generalized\",\r\n    \"identifier\": {\r\n      \"publisher\": \"publisher1\",\r\n
        \     \"offer\": \"offer1\",\r\n      \"sku\": \"sku1\"\r\n    },\r\n    \"provisioningState\":
        \"Succeeded\"\r\n  }\r\n}"
    headers:
      cache-control:
      - no-cache
      content-length:
      - '587'
      content-type:
      - application/json; charset=utf-8
      date:
      - Thu, 18 Aug 2022 08:34:29 GMT
      expires:
      - '-1'
      pragma:
      - no-cache
      server:
      - Microsoft-HTTPAPI/2.0
      - Microsoft-HTTPAPI/2.0
      strict-transport-security:
      - max-age=31536000; includeSubDomains
      transfer-encoding:
      - chunked
      vary:
      - Accept-Encoding
      x-content-type-options:
      - nosniff
      x-ms-ratelimit-remaining-resource:
      - Microsoft.Compute/GetGalleryImage3Min;596,Microsoft.Compute/GetGalleryImage30Min;2996
    status:
      code: 200
      message: OK
- request:
    body: null
    headers:
      Accept:
      - application/json
      Accept-Encoding:
      - gzip, deflate
      CommandName:
      - disk create
      Connection:
      - keep-alive
      ParameterSetName:
      - -g -n --size-gb
      User-Agent:
      - AZURECLI/2.39.0 azsdk-python-azure-mgmt-resource/21.1.0b1 Python/3.10.6 (Linux-5.15.0-1017-azure-x86_64-with-glibc2.31)
        VSTS_0fb41ef4-5012-48a9-bf39-4ee3de03ee35_build_4949_0
    method: GET
    uri: https://management.azure.com/subscriptions/00000000-0000-0000-0000-000000000000/resourcegroups/cli_test_gallery_image_version_vhd000001?api-version=2021-04-01
  response:
    body:
      string: '{"id":"/subscriptions/00000000-0000-0000-0000-000000000000/resourceGroups/cli_test_gallery_image_version_vhd000001","name":"cli_test_gallery_image_version_vhd000001","type":"Microsoft.Resources/resourceGroups","location":"westus","tags":{"product":"azurecli","cause":"automation","date":"2022-08-18T08:31:16Z"},"properties":{"provisioningState":"Succeeded"}}'
    headers:
      cache-control:
      - no-cache
      content-length:
      - '358'
      content-type:
      - application/json; charset=utf-8
      date:
      - Thu, 18 Aug 2022 08:34:29 GMT
      expires:
      - '-1'
      pragma:
      - no-cache
      strict-transport-security:
      - max-age=31536000; includeSubDomains
      vary:
      - Accept-Encoding
      x-content-type-options:
      - nosniff
    status:
      code: 200
      message: OK
- request:
    body: '{"location": "westus", "tags": {}, "sku": {"name": "Premium_LRS"}, "properties":
      {"hyperVGeneration": "V1", "creationData": {"createOption": "Empty"}, "diskSizeGB":
      10}}'
    headers:
      Accept:
      - application/json
      Accept-Encoding:
      - gzip, deflate
      CommandName:
      - disk create
      Connection:
      - keep-alive
      Content-Length:
      - '169'
      Content-Type:
      - application/json
      ParameterSetName:
      - -g -n --size-gb
      User-Agent:
      - AZURECLI/2.39.0 azsdk-python-azure-mgmt-compute/27.1.0 Python/3.10.6 (Linux-5.15.0-1017-azure-x86_64-with-glibc2.31)
        VSTS_0fb41ef4-5012-48a9-bf39-4ee3de03ee35_build_4949_0
    method: PUT
    uri: https://management.azure.com/subscriptions/00000000-0000-0000-0000-000000000000/resourceGroups/cli_test_gallery_image_version_vhd000001/providers/Microsoft.Compute/disks/d1?api-version=2022-03-02
  response:
    body:
      string: "{\r\n  \"name\": \"d1\",\r\n  \"id\": \"/subscriptions/00000000-0000-0000-0000-000000000000/resourceGroups/cli_test_gallery_image_version_vhd000001/providers/Microsoft.Compute/disks/d1\",\r\n
        \ \"location\": \"westus\",\r\n  \"tags\": {},\r\n  \"sku\": {\r\n    \"name\":
        \"Premium_LRS\"\r\n  },\r\n  \"properties\": {\r\n    \"hyperVGeneration\":
        \"V1\",\r\n    \"creationData\": {\r\n      \"createOption\": \"Empty\"\r\n
        \   },\r\n    \"diskSizeGB\": 10,\r\n    \"provisioningState\": \"Updating\",\r\n
        \   \"isArmResource\": true\r\n  }\r\n}"
    headers:
      azure-asyncoperation:
      - https://management.azure.com/subscriptions/00000000-0000-0000-0000-000000000000/providers/Microsoft.Compute/locations/westus/DiskOperations/a14ba8f4-a149-414c-8a1f-2ff79c17a97b?p=42128af7-4c72-4222-9761-fb0d8e6cebdc&api-version=2022-03-02
      cache-control:
      - no-cache
      content-length:
      - '468'
      content-type:
      - application/json; charset=utf-8
      date:
      - Thu, 18 Aug 2022 08:34:30 GMT
      expires:
      - '-1'
      location:
      - https://management.azure.com/subscriptions/00000000-0000-0000-0000-000000000000/providers/Microsoft.Compute/locations/westus/DiskOperations/a14ba8f4-a149-414c-8a1f-2ff79c17a97b?p=42128af7-4c72-4222-9761-fb0d8e6cebdc&monitor=true&api-version=2022-03-02
      pragma:
      - no-cache
      server:
      - Microsoft-HTTPAPI/2.0
      - Microsoft-HTTPAPI/2.0
      strict-transport-security:
      - max-age=31536000; includeSubDomains
      x-content-type-options:
      - nosniff
      x-ms-ratelimit-remaining-resource:
      - Microsoft.Compute/CreateUpdateDisks3Min;999,Microsoft.Compute/CreateUpdateDisks30Min;7997
      x-ms-ratelimit-remaining-subscription-writes:
      - '1197'
    status:
      code: 202
      message: Accepted
- request:
    body: null
    headers:
      Accept:
      - '*/*'
      Accept-Encoding:
      - gzip, deflate
      CommandName:
      - disk create
      Connection:
      - keep-alive
      ParameterSetName:
      - -g -n --size-gb
      User-Agent:
      - AZURECLI/2.39.0 azsdk-python-azure-mgmt-compute/27.1.0 Python/3.10.6 (Linux-5.15.0-1017-azure-x86_64-with-glibc2.31)
        VSTS_0fb41ef4-5012-48a9-bf39-4ee3de03ee35_build_4949_0
    method: GET
    uri: https://management.azure.com/subscriptions/00000000-0000-0000-0000-000000000000/providers/Microsoft.Compute/locations/westus/DiskOperations/a14ba8f4-a149-414c-8a1f-2ff79c17a97b?p=42128af7-4c72-4222-9761-fb0d8e6cebdc&api-version=2022-03-02
  response:
    body:
      string: "{\r\n  \"startTime\": \"2022-08-18T08:34:31.162784+00:00\",\r\n  \"endTime\":
        \"2022-08-18T08:34:31.287786+00:00\",\r\n  \"status\": \"Succeeded\",\r\n
        \ \"properties\": {\r\n    \"output\": {\r\n  \"name\": \"d1\",\r\n  \"id\":
        \"/subscriptions/00000000-0000-0000-0000-000000000000/resourceGroups/cli_test_gallery_image_version_vhd000001/providers/Microsoft.Compute/disks/d1\",\r\n
        \ \"type\": \"Microsoft.Compute/disks\",\r\n  \"location\": \"westus\",\r\n
        \ \"tags\": {},\r\n  \"sku\": {\r\n    \"name\": \"Premium_LRS\",\r\n    \"tier\":
        \"Premium\"\r\n  },\r\n  \"properties\": {\r\n    \"hyperVGeneration\": \"V1\",\r\n
        \   \"creationData\": {\r\n      \"createOption\": \"Empty\"\r\n    },\r\n
        \   \"diskSizeGB\": 10,\r\n    \"diskIOPSReadWrite\": 120,\r\n    \"diskMBpsReadWrite\":
        25,\r\n    \"encryption\": {\r\n      \"type\": \"EncryptionAtRestWithPlatformKey\"\r\n
        \   },\r\n    \"networkAccessPolicy\": \"AllowAll\",\r\n    \"publicNetworkAccess\":
        \"Enabled\",\r\n    \"timeCreated\": \"2022-08-18T08:34:31.162784+00:00\",\r\n
        \   \"provisioningState\": \"Succeeded\",\r\n    \"diskState\": \"Unattached\",\r\n
        \   \"diskSizeBytes\": 10737418240,\r\n    \"uniqueId\": \"92bd7134-1955-4a88-8f9c-d83a888d4ec6\",\r\n
        \   \"tier\": \"P3\"\r\n  }\r\n}\r\n  },\r\n  \"name\": \"a14ba8f4-a149-414c-8a1f-2ff79c17a97b\"\r\n}"
    headers:
      cache-control:
      - no-cache
      content-length:
      - '1143'
      content-type:
      - application/json; charset=utf-8
      date:
      - Thu, 18 Aug 2022 08:34:32 GMT
      expires:
      - '-1'
      pragma:
      - no-cache
      server:
      - Microsoft-HTTPAPI/2.0
      - Microsoft-HTTPAPI/2.0
      strict-transport-security:
      - max-age=31536000; includeSubDomains
      transfer-encoding:
      - chunked
      vary:
      - Accept-Encoding
      x-content-type-options:
      - nosniff
      x-ms-ratelimit-remaining-resource:
      - Microsoft.Compute/GetOperation3Min;49996,Microsoft.Compute/GetOperation30Min;399934
    status:
      code: 200
      message: OK
- request:
    body: null
    headers:
      Accept:
      - '*/*'
      Accept-Encoding:
      - gzip, deflate
      CommandName:
      - disk create
      Connection:
      - keep-alive
      ParameterSetName:
      - -g -n --size-gb
      User-Agent:
      - AZURECLI/2.39.0 azsdk-python-azure-mgmt-compute/27.1.0 Python/3.10.6 (Linux-5.15.0-1017-azure-x86_64-with-glibc2.31)
        VSTS_0fb41ef4-5012-48a9-bf39-4ee3de03ee35_build_4949_0
    method: GET
    uri: https://management.azure.com/subscriptions/00000000-0000-0000-0000-000000000000/resourceGroups/cli_test_gallery_image_version_vhd000001/providers/Microsoft.Compute/disks/d1?api-version=2022-03-02
  response:
    body:
      string: "{\r\n  \"name\": \"d1\",\r\n  \"id\": \"/subscriptions/00000000-0000-0000-0000-000000000000/resourceGroups/cli_test_gallery_image_version_vhd000001/providers/Microsoft.Compute/disks/d1\",\r\n
        \ \"type\": \"Microsoft.Compute/disks\",\r\n  \"location\": \"westus\",\r\n
        \ \"tags\": {},\r\n  \"sku\": {\r\n    \"name\": \"Premium_LRS\",\r\n    \"tier\":
        \"Premium\"\r\n  },\r\n  \"properties\": {\r\n    \"hyperVGeneration\": \"V1\",\r\n
        \   \"creationData\": {\r\n      \"createOption\": \"Empty\"\r\n    },\r\n
        \   \"diskSizeGB\": 10,\r\n    \"diskIOPSReadWrite\": 120,\r\n    \"diskMBpsReadWrite\":
        25,\r\n    \"encryption\": {\r\n      \"type\": \"EncryptionAtRestWithPlatformKey\"\r\n
        \   },\r\n    \"networkAccessPolicy\": \"AllowAll\",\r\n    \"publicNetworkAccess\":
        \"Enabled\",\r\n    \"timeCreated\": \"2022-08-18T08:34:31.162784+00:00\",\r\n
        \   \"provisioningState\": \"Succeeded\",\r\n    \"diskState\": \"Unattached\",\r\n
        \   \"diskSizeBytes\": 10737418240,\r\n    \"uniqueId\": \"92bd7134-1955-4a88-8f9c-d83a888d4ec6\",\r\n
        \   \"tier\": \"P3\"\r\n  }\r\n}"
    headers:
      cache-control:
      - no-cache
      content-length:
      - '920'
      content-type:
      - application/json; charset=utf-8
      date:
      - Thu, 18 Aug 2022 08:34:32 GMT
      expires:
      - '-1'
      pragma:
      - no-cache
      server:
      - Microsoft-HTTPAPI/2.0
      - Microsoft-HTTPAPI/2.0
      strict-transport-security:
      - max-age=31536000; includeSubDomains
      transfer-encoding:
      - chunked
      vary:
      - Accept-Encoding
      x-content-type-options:
      - nosniff
      x-ms-ratelimit-remaining-resource:
      - Microsoft.Compute/LowCostGet3Min;4985,Microsoft.Compute/LowCostGet30Min;39849
    status:
      code: 200
      message: OK
- request:
    body: null
    headers:
      Accept:
      - application/json
      Accept-Encoding:
      - gzip, deflate
      CommandName:
      - disk create
      Connection:
      - keep-alive
      ParameterSetName:
      - -g -n --size-gb
      User-Agent:
      - AZURECLI/2.39.0 azsdk-python-azure-mgmt-resource/21.1.0b1 Python/3.10.6 (Linux-5.15.0-1017-azure-x86_64-with-glibc2.31)
        VSTS_0fb41ef4-5012-48a9-bf39-4ee3de03ee35_build_4949_0
    method: GET
    uri: https://management.azure.com/subscriptions/00000000-0000-0000-0000-000000000000/resourcegroups/cli_test_gallery_image_version_vhd000001?api-version=2021-04-01
  response:
    body:
      string: '{"id":"/subscriptions/00000000-0000-0000-0000-000000000000/resourceGroups/cli_test_gallery_image_version_vhd000001","name":"cli_test_gallery_image_version_vhd000001","type":"Microsoft.Resources/resourceGroups","location":"westus","tags":{"product":"azurecli","cause":"automation","date":"2022-08-18T08:31:16Z"},"properties":{"provisioningState":"Succeeded"}}'
    headers:
      cache-control:
      - no-cache
      content-length:
      - '358'
      content-type:
      - application/json; charset=utf-8
      date:
      - Thu, 18 Aug 2022 08:34:33 GMT
      expires:
      - '-1'
      pragma:
      - no-cache
      strict-transport-security:
      - max-age=31536000; includeSubDomains
      vary:
      - Accept-Encoding
      x-content-type-options:
      - nosniff
    status:
      code: 200
      message: OK
- request:
    body: '{"location": "westus", "tags": {}, "sku": {"name": "Premium_LRS"}, "properties":
      {"hyperVGeneration": "V1", "creationData": {"createOption": "Empty"}, "diskSizeGB":
      10}}'
    headers:
      Accept:
      - application/json
      Accept-Encoding:
      - gzip, deflate
      CommandName:
      - disk create
      Connection:
      - keep-alive
      Content-Length:
      - '169'
      Content-Type:
      - application/json
      ParameterSetName:
      - -g -n --size-gb
      User-Agent:
      - AZURECLI/2.39.0 azsdk-python-azure-mgmt-compute/27.1.0 Python/3.10.6 (Linux-5.15.0-1017-azure-x86_64-with-glibc2.31)
        VSTS_0fb41ef4-5012-48a9-bf39-4ee3de03ee35_build_4949_0
    method: PUT
    uri: https://management.azure.com/subscriptions/00000000-0000-0000-0000-000000000000/resourceGroups/cli_test_gallery_image_version_vhd000001/providers/Microsoft.Compute/disks/d2?api-version=2022-03-02
  response:
    body:
      string: "{\r\n  \"name\": \"d2\",\r\n  \"id\": \"/subscriptions/00000000-0000-0000-0000-000000000000/resourceGroups/cli_test_gallery_image_version_vhd000001/providers/Microsoft.Compute/disks/d2\",\r\n
        \ \"location\": \"westus\",\r\n  \"tags\": {},\r\n  \"sku\": {\r\n    \"name\":
        \"Premium_LRS\"\r\n  },\r\n  \"properties\": {\r\n    \"hyperVGeneration\":
        \"V1\",\r\n    \"creationData\": {\r\n      \"createOption\": \"Empty\"\r\n
        \   },\r\n    \"diskSizeGB\": 10,\r\n    \"provisioningState\": \"Updating\",\r\n
        \   \"isArmResource\": true\r\n  }\r\n}"
    headers:
      azure-asyncoperation:
      - https://management.azure.com/subscriptions/00000000-0000-0000-0000-000000000000/providers/Microsoft.Compute/locations/westus/DiskOperations/33b187db-bc48-438b-a84e-36ed29299c9c?p=42128af7-4c72-4222-9761-fb0d8e6cebdc&api-version=2022-03-02
      cache-control:
      - no-cache
      content-length:
      - '468'
      content-type:
      - application/json; charset=utf-8
      date:
      - Thu, 18 Aug 2022 08:34:35 GMT
      expires:
      - '-1'
      location:
      - https://management.azure.com/subscriptions/00000000-0000-0000-0000-000000000000/providers/Microsoft.Compute/locations/westus/DiskOperations/33b187db-bc48-438b-a84e-36ed29299c9c?p=42128af7-4c72-4222-9761-fb0d8e6cebdc&monitor=true&api-version=2022-03-02
      pragma:
      - no-cache
      server:
      - Microsoft-HTTPAPI/2.0
      - Microsoft-HTTPAPI/2.0
      strict-transport-security:
      - max-age=31536000; includeSubDomains
      x-content-type-options:
      - nosniff
      x-ms-ratelimit-remaining-resource:
      - Microsoft.Compute/CreateUpdateDisks3Min;998,Microsoft.Compute/CreateUpdateDisks30Min;7996
      x-ms-ratelimit-remaining-subscription-writes:
      - '1189'
    status:
      code: 202
      message: Accepted
- request:
    body: null
    headers:
      Accept:
      - '*/*'
      Accept-Encoding:
      - gzip, deflate
      CommandName:
      - disk create
      Connection:
      - keep-alive
      ParameterSetName:
      - -g -n --size-gb
      User-Agent:
      - AZURECLI/2.39.0 azsdk-python-azure-mgmt-compute/27.1.0 Python/3.10.6 (Linux-5.15.0-1017-azure-x86_64-with-glibc2.31)
        VSTS_0fb41ef4-5012-48a9-bf39-4ee3de03ee35_build_4949_0
    method: GET
    uri: https://management.azure.com/subscriptions/00000000-0000-0000-0000-000000000000/providers/Microsoft.Compute/locations/westus/DiskOperations/33b187db-bc48-438b-a84e-36ed29299c9c?p=42128af7-4c72-4222-9761-fb0d8e6cebdc&api-version=2022-03-02
  response:
    body:
      string: "{\r\n  \"startTime\": \"2022-08-18T08:34:35.7410629+00:00\",\r\n  \"endTime\":
        \"2022-08-18T08:34:35.8660985+00:00\",\r\n  \"status\": \"Succeeded\",\r\n
        \ \"properties\": {\r\n    \"output\": {\r\n  \"name\": \"d2\",\r\n  \"id\":
        \"/subscriptions/00000000-0000-0000-0000-000000000000/resourceGroups/cli_test_gallery_image_version_vhd000001/providers/Microsoft.Compute/disks/d2\",\r\n
        \ \"type\": \"Microsoft.Compute/disks\",\r\n  \"location\": \"westus\",\r\n
        \ \"tags\": {},\r\n  \"sku\": {\r\n    \"name\": \"Premium_LRS\",\r\n    \"tier\":
        \"Premium\"\r\n  },\r\n  \"properties\": {\r\n    \"hyperVGeneration\": \"V1\",\r\n
        \   \"creationData\": {\r\n      \"createOption\": \"Empty\"\r\n    },\r\n
        \   \"diskSizeGB\": 10,\r\n    \"diskIOPSReadWrite\": 120,\r\n    \"diskMBpsReadWrite\":
        25,\r\n    \"encryption\": {\r\n      \"type\": \"EncryptionAtRestWithPlatformKey\"\r\n
        \   },\r\n    \"networkAccessPolicy\": \"AllowAll\",\r\n    \"publicNetworkAccess\":
        \"Enabled\",\r\n    \"timeCreated\": \"2022-08-18T08:34:35.7410629+00:00\",\r\n
        \   \"provisioningState\": \"Succeeded\",\r\n    \"diskState\": \"Unattached\",\r\n
        \   \"diskSizeBytes\": 10737418240,\r\n    \"uniqueId\": \"4aab5b18-812f-4c2c-8f28-7cf229214679\",\r\n
        \   \"tier\": \"P3\"\r\n  }\r\n}\r\n  },\r\n  \"name\": \"33b187db-bc48-438b-a84e-36ed29299c9c\"\r\n}"
    headers:
      cache-control:
      - no-cache
      content-length:
      - '1146'
      content-type:
      - application/json; charset=utf-8
      date:
      - Thu, 18 Aug 2022 08:34:37 GMT
      expires:
      - '-1'
      pragma:
      - no-cache
      server:
      - Microsoft-HTTPAPI/2.0
      - Microsoft-HTTPAPI/2.0
      strict-transport-security:
      - max-age=31536000; includeSubDomains
      transfer-encoding:
      - chunked
      vary:
      - Accept-Encoding
      x-content-type-options:
      - nosniff
      x-ms-ratelimit-remaining-resource:
      - Microsoft.Compute/GetOperation3Min;49994,Microsoft.Compute/GetOperation30Min;399932
    status:
      code: 200
      message: OK
- request:
    body: null
    headers:
      Accept:
      - '*/*'
      Accept-Encoding:
      - gzip, deflate
      CommandName:
      - disk create
      Connection:
      - keep-alive
      ParameterSetName:
      - -g -n --size-gb
      User-Agent:
      - AZURECLI/2.39.0 azsdk-python-azure-mgmt-compute/27.1.0 Python/3.10.6 (Linux-5.15.0-1017-azure-x86_64-with-glibc2.31)
        VSTS_0fb41ef4-5012-48a9-bf39-4ee3de03ee35_build_4949_0
    method: GET
    uri: https://management.azure.com/subscriptions/00000000-0000-0000-0000-000000000000/resourceGroups/cli_test_gallery_image_version_vhd000001/providers/Microsoft.Compute/disks/d2?api-version=2022-03-02
  response:
    body:
      string: "{\r\n  \"name\": \"d2\",\r\n  \"id\": \"/subscriptions/00000000-0000-0000-0000-000000000000/resourceGroups/cli_test_gallery_image_version_vhd000001/providers/Microsoft.Compute/disks/d2\",\r\n
        \ \"type\": \"Microsoft.Compute/disks\",\r\n  \"location\": \"westus\",\r\n
        \ \"tags\": {},\r\n  \"sku\": {\r\n    \"name\": \"Premium_LRS\",\r\n    \"tier\":
        \"Premium\"\r\n  },\r\n  \"properties\": {\r\n    \"hyperVGeneration\": \"V1\",\r\n
        \   \"creationData\": {\r\n      \"createOption\": \"Empty\"\r\n    },\r\n
        \   \"diskSizeGB\": 10,\r\n    \"diskIOPSReadWrite\": 120,\r\n    \"diskMBpsReadWrite\":
        25,\r\n    \"encryption\": {\r\n      \"type\": \"EncryptionAtRestWithPlatformKey\"\r\n
        \   },\r\n    \"networkAccessPolicy\": \"AllowAll\",\r\n    \"publicNetworkAccess\":
        \"Enabled\",\r\n    \"timeCreated\": \"2022-08-18T08:34:35.7410629+00:00\",\r\n
        \   \"provisioningState\": \"Succeeded\",\r\n    \"diskState\": \"Unattached\",\r\n
        \   \"diskSizeBytes\": 10737418240,\r\n    \"uniqueId\": \"4aab5b18-812f-4c2c-8f28-7cf229214679\",\r\n
        \   \"tier\": \"P3\"\r\n  }\r\n}"
    headers:
      cache-control:
      - no-cache
      content-length:
      - '921'
      content-type:
      - application/json; charset=utf-8
      date:
      - Thu, 18 Aug 2022 08:34:37 GMT
      expires:
      - '-1'
      pragma:
      - no-cache
      server:
      - Microsoft-HTTPAPI/2.0
      - Microsoft-HTTPAPI/2.0
      strict-transport-security:
      - max-age=31536000; includeSubDomains
      transfer-encoding:
      - chunked
      vary:
      - Accept-Encoding
      x-content-type-options:
      - nosniff
      x-ms-ratelimit-remaining-resource:
      - Microsoft.Compute/LowCostGet3Min;4983,Microsoft.Compute/LowCostGet30Min;39847
    status:
      code: 200
      message: OK
- request:
    body: null
    headers:
      Accept:
      - application/json
      Accept-Encoding:
      - gzip, deflate
      CommandName:
      - snapshot create
      Connection:
      - keep-alive
      ParameterSetName:
      - -g -n --source
      User-Agent:
      - AZURECLI/2.39.0 azsdk-python-azure-mgmt-compute/27.1.0 Python/3.10.6 (Linux-5.15.0-1017-azure-x86_64-with-glibc2.31)
        VSTS_0fb41ef4-5012-48a9-bf39-4ee3de03ee35_build_4949_0
    method: GET
    uri: https://management.azure.com/subscriptions/00000000-0000-0000-0000-000000000000/resourceGroups/cli_test_gallery_image_version_vhd000001/providers/Microsoft.Compute/snapshots/d1?api-version=2021-12-01
  response:
    body:
      string: '{"error":{"code":"ResourceNotFound","message":"The Resource ''Microsoft.Compute/snapshots/d1''
        under resource group ''cli_test_gallery_image_version_vhd000001'' was not
        found. For more details please go to https://aka.ms/ARMResourceNotFoundFix"}}'
    headers:
      cache-control:
      - no-cache
      content-length:
      - '242'
      content-type:
      - application/json; charset=utf-8
      date:
      - Thu, 18 Aug 2022 08:34:38 GMT
      expires:
      - '-1'
      pragma:
      - no-cache
      strict-transport-security:
      - max-age=31536000; includeSubDomains
      x-content-type-options:
      - nosniff
      x-ms-failure-cause:
      - gateway
    status:
      code: 404
      message: Not Found
- request:
    body: null
    headers:
      Accept:
      - application/json
      Accept-Encoding:
      - gzip, deflate
      CommandName:
      - snapshot create
      Connection:
      - keep-alive
      ParameterSetName:
      - -g -n --source
      User-Agent:
      - AZURECLI/2.39.0 azsdk-python-azure-mgmt-compute/27.1.0 Python/3.10.6 (Linux-5.15.0-1017-azure-x86_64-with-glibc2.31)
        VSTS_0fb41ef4-5012-48a9-bf39-4ee3de03ee35_build_4949_0
    method: GET
    uri: https://management.azure.com/subscriptions/00000000-0000-0000-0000-000000000000/resourceGroups/cli_test_gallery_image_version_vhd000001/providers/Microsoft.Compute/disks/d1?api-version=2022-03-02
  response:
    body:
      string: "{\r\n  \"name\": \"d1\",\r\n  \"id\": \"/subscriptions/00000000-0000-0000-0000-000000000000/resourceGroups/cli_test_gallery_image_version_vhd000001/providers/Microsoft.Compute/disks/d1\",\r\n
        \ \"type\": \"Microsoft.Compute/disks\",\r\n  \"location\": \"westus\",\r\n
        \ \"tags\": {},\r\n  \"sku\": {\r\n    \"name\": \"Premium_LRS\",\r\n    \"tier\":
        \"Premium\"\r\n  },\r\n  \"properties\": {\r\n    \"hyperVGeneration\": \"V1\",\r\n
        \   \"creationData\": {\r\n      \"createOption\": \"Empty\"\r\n    },\r\n
        \   \"diskSizeGB\": 10,\r\n    \"diskIOPSReadWrite\": 120,\r\n    \"diskMBpsReadWrite\":
        25,\r\n    \"encryption\": {\r\n      \"type\": \"EncryptionAtRestWithPlatformKey\"\r\n
        \   },\r\n    \"networkAccessPolicy\": \"AllowAll\",\r\n    \"publicNetworkAccess\":
        \"Enabled\",\r\n    \"timeCreated\": \"2022-08-18T08:34:31.162784+00:00\",\r\n
        \   \"provisioningState\": \"Succeeded\",\r\n    \"diskState\": \"Unattached\",\r\n
        \   \"diskSizeBytes\": 10737418240,\r\n    \"uniqueId\": \"92bd7134-1955-4a88-8f9c-d83a888d4ec6\",\r\n
        \   \"tier\": \"P3\"\r\n  }\r\n}"
    headers:
      cache-control:
      - no-cache
      content-length:
      - '920'
      content-type:
      - application/json; charset=utf-8
      date:
      - Thu, 18 Aug 2022 08:34:38 GMT
      expires:
      - '-1'
      pragma:
      - no-cache
      server:
      - Microsoft-HTTPAPI/2.0
      - Microsoft-HTTPAPI/2.0
      strict-transport-security:
      - max-age=31536000; includeSubDomains
      transfer-encoding:
      - chunked
      vary:
      - Accept-Encoding
      x-content-type-options:
      - nosniff
      x-ms-ratelimit-remaining-resource:
      - Microsoft.Compute/LowCostGet3Min;4980,Microsoft.Compute/LowCostGet30Min;39844
    status:
      code: 200
      message: OK
- request:
    body: null
    headers:
      Accept:
      - application/json
      Accept-Encoding:
      - gzip, deflate
      CommandName:
      - snapshot create
      Connection:
      - keep-alive
      ParameterSetName:
      - -g -n --source
      User-Agent:
      - AZURECLI/2.39.0 azsdk-python-azure-mgmt-resource/21.1.0b1 Python/3.10.6 (Linux-5.15.0-1017-azure-x86_64-with-glibc2.31)
        VSTS_0fb41ef4-5012-48a9-bf39-4ee3de03ee35_build_4949_0
    method: GET
    uri: https://management.azure.com/subscriptions/00000000-0000-0000-0000-000000000000/resourcegroups/cli_test_gallery_image_version_vhd000001?api-version=2021-04-01
  response:
    body:
      string: '{"id":"/subscriptions/00000000-0000-0000-0000-000000000000/resourceGroups/cli_test_gallery_image_version_vhd000001","name":"cli_test_gallery_image_version_vhd000001","type":"Microsoft.Resources/resourceGroups","location":"westus","tags":{"product":"azurecli","cause":"automation","date":"2022-08-18T08:31:16Z"},"properties":{"provisioningState":"Succeeded"}}'
    headers:
      cache-control:
      - no-cache
      content-length:
      - '358'
      content-type:
      - application/json; charset=utf-8
      date:
      - Thu, 18 Aug 2022 08:34:38 GMT
      expires:
      - '-1'
      pragma:
      - no-cache
      strict-transport-security:
      - max-age=31536000; includeSubDomains
      vary:
      - Accept-Encoding
      x-content-type-options:
      - nosniff
    status:
      code: 200
      message: OK
- request:
    body: '{"location": "westus", "tags": {}, "sku": {"name": "Standard_LRS"}, "properties":
      {"hyperVGeneration": "V1", "creationData": {"createOption": "Copy", "sourceResourceId":
      "/subscriptions/00000000-0000-0000-0000-000000000000/resourceGroups/cli_test_gallery_image_version_vhd000001/providers/Microsoft.Compute/disks/d1"}}}'
    headers:
      Accept:
      - application/json
      Accept-Encoding:
      - gzip, deflate
      CommandName:
      - snapshot create
      Connection:
      - keep-alive
      Content-Length:
      - '319'
      Content-Type:
      - application/json
      ParameterSetName:
      - -g -n --source
      User-Agent:
      - AZURECLI/2.39.0 azsdk-python-azure-mgmt-compute/27.1.0 Python/3.10.6 (Linux-5.15.0-1017-azure-x86_64-with-glibc2.31)
        VSTS_0fb41ef4-5012-48a9-bf39-4ee3de03ee35_build_4949_0
    method: PUT
    uri: https://management.azure.com/subscriptions/00000000-0000-0000-0000-000000000000/resourceGroups/cli_test_gallery_image_version_vhd000001/providers/Microsoft.Compute/snapshots/s1?api-version=2021-12-01
  response:
    body:
      string: "{\r\n  \"id\": \"/subscriptions/00000000-0000-0000-0000-000000000000/resourceGroups/cli_test_gallery_image_version_vhd000001/providers/Microsoft.Compute/snapshots/s1\",\r\n
        \ \"location\": \"westus\",\r\n  \"tags\": {},\r\n  \"sku\": {\r\n    \"name\":
        \"Standard_LRS\"\r\n  },\r\n  \"properties\": {\r\n    \"hyperVGeneration\":
        \"V1\",\r\n    \"creationData\": {\r\n      \"createOption\": \"Copy\",\r\n
        \     \"sourceResourceId\": \"/subscriptions/00000000-0000-0000-0000-000000000000/resourceGroups/cli_test_gallery_image_version_vhd000001/providers/Microsoft.Compute/disks/d1\",\r\n
        \     \"sourceUniqueId\": \"92bd7134-1955-4a88-8f9c-d83a888d4ec6\"\r\n    },\r\n
        \   \"publicNetworkAccess\": \"Enabled\",\r\n    \"provisioningState\": \"Updating\",\r\n
        \   \"isArmResource\": true\r\n  }\r\n}"
    headers:
      azure-asyncoperation:
      - https://management.azure.com/subscriptions/00000000-0000-0000-0000-000000000000/providers/Microsoft.Compute/locations/westus/DiskOperations/80f87f6c-433a-4e7d-bd56-84a9d482dbee?p=42128af7-4c72-4222-9761-fb0d8e6cebdc&api-version=2021-12-01
      cache-control:
      - no-cache
      content-length:
      - '711'
      content-type:
      - application/json; charset=utf-8
      date:
      - Thu, 18 Aug 2022 08:34:40 GMT
      expires:
      - '-1'
      location:
      - https://management.azure.com/subscriptions/00000000-0000-0000-0000-000000000000/providers/Microsoft.Compute/locations/westus/DiskOperations/80f87f6c-433a-4e7d-bd56-84a9d482dbee?p=42128af7-4c72-4222-9761-fb0d8e6cebdc&monitor=true&api-version=2021-12-01
      pragma:
      - no-cache
      server:
      - Microsoft-HTTPAPI/2.0
      - Microsoft-HTTPAPI/2.0
      strict-transport-security:
      - max-age=31536000; includeSubDomains
      x-content-type-options:
      - nosniff
      x-ms-ratelimit-remaining-resource:
      - Microsoft.Compute/HighCostSnapshotCreateHydrate3Min;999,Microsoft.Compute/HighCostSnapshotCreateHydrate30Min;7999
      x-ms-ratelimit-remaining-subscription-writes:
      - '1193'
    status:
      code: 202
      message: Accepted
- request:
    body: null
    headers:
      Accept:
      - '*/*'
      Accept-Encoding:
      - gzip, deflate
      CommandName:
      - snapshot create
      Connection:
      - keep-alive
      ParameterSetName:
      - -g -n --source
      User-Agent:
      - AZURECLI/2.39.0 azsdk-python-azure-mgmt-compute/27.1.0 Python/3.10.6 (Linux-5.15.0-1017-azure-x86_64-with-glibc2.31)
        VSTS_0fb41ef4-5012-48a9-bf39-4ee3de03ee35_build_4949_0
    method: GET
    uri: https://management.azure.com/subscriptions/00000000-0000-0000-0000-000000000000/providers/Microsoft.Compute/locations/westus/DiskOperations/80f87f6c-433a-4e7d-bd56-84a9d482dbee?p=42128af7-4c72-4222-9761-fb0d8e6cebdc&api-version=2021-12-01
  response:
    body:
      string: "{\r\n  \"startTime\": \"2022-08-18T08:34:41.3663061+00:00\",\r\n  \"endTime\":
        \"2022-08-18T08:34:42.2256943+00:00\",\r\n  \"status\": \"Succeeded\",\r\n
        \ \"properties\": {\r\n    \"output\": {\r\n  \"name\": \"s1\",\r\n  \"id\":
        \"/subscriptions/00000000-0000-0000-0000-000000000000/resourceGroups/cli_test_gallery_image_version_vhd000001/providers/Microsoft.Compute/snapshots/s1\",\r\n
        \ \"type\": \"Microsoft.Compute/snapshots\",\r\n  \"location\": \"westus\",\r\n
        \ \"tags\": {},\r\n  \"sku\": {\r\n    \"name\": \"Standard_LRS\",\r\n    \"tier\":
        \"Standard\"\r\n  },\r\n  \"properties\": {\r\n    \"hyperVGeneration\": \"V1\",\r\n
        \   \"creationData\": {\r\n      \"createOption\": \"Copy\",\r\n      \"sourceResourceId\":
        \"/subscriptions/00000000-0000-0000-0000-000000000000/resourceGroups/cli_test_gallery_image_version_vhd000001/providers/Microsoft.Compute/disks/d1\",\r\n
        \     \"sourceUniqueId\": \"92bd7134-1955-4a88-8f9c-d83a888d4ec6\"\r\n    },\r\n
        \   \"diskSizeGB\": 10,\r\n    \"encryption\": {\r\n      \"type\": \"EncryptionAtRestWithPlatformKey\"\r\n
        \   },\r\n    \"incremental\": false,\r\n    \"networkAccessPolicy\": \"AllowAll\",\r\n
        \   \"publicNetworkAccess\": \"Enabled\",\r\n    \"timeCreated\": \"2022-08-18T08:34:41.3663061+00:00\",\r\n
        \   \"provisioningState\": \"Succeeded\",\r\n    \"diskState\": \"Unattached\",\r\n
        \   \"diskSizeBytes\": 10737418240,\r\n    \"uniqueId\": \"21272e31-1a0d-428a-8a49-e8bf5452b6eb\"\r\n
        \ }\r\n}\r\n  },\r\n  \"name\": \"80f87f6c-433a-4e7d-bd56-84a9d482dbee\"\r\n}"
    headers:
      cache-control:
      - no-cache
      content-length:
      - '1342'
      content-type:
      - application/json; charset=utf-8
      date:
      - Thu, 18 Aug 2022 08:34:43 GMT
      expires:
      - '-1'
      pragma:
      - no-cache
      server:
      - Microsoft-HTTPAPI/2.0
      - Microsoft-HTTPAPI/2.0
      strict-transport-security:
      - max-age=31536000; includeSubDomains
      transfer-encoding:
      - chunked
      vary:
      - Accept-Encoding
      x-content-type-options:
      - nosniff
      x-ms-ratelimit-remaining-resource:
      - Microsoft.Compute/GetOperation3Min;49992,Microsoft.Compute/GetOperation30Min;399930
    status:
      code: 200
      message: OK
- request:
    body: null
    headers:
      Accept:
      - '*/*'
      Accept-Encoding:
      - gzip, deflate
      CommandName:
      - snapshot create
      Connection:
      - keep-alive
      ParameterSetName:
      - -g -n --source
      User-Agent:
      - AZURECLI/2.39.0 azsdk-python-azure-mgmt-compute/27.1.0 Python/3.10.6 (Linux-5.15.0-1017-azure-x86_64-with-glibc2.31)
        VSTS_0fb41ef4-5012-48a9-bf39-4ee3de03ee35_build_4949_0
    method: GET
    uri: https://management.azure.com/subscriptions/00000000-0000-0000-0000-000000000000/resourceGroups/cli_test_gallery_image_version_vhd000001/providers/Microsoft.Compute/snapshots/s1?api-version=2021-12-01
  response:
    body:
      string: "{\r\n  \"name\": \"s1\",\r\n  \"id\": \"/subscriptions/00000000-0000-0000-0000-000000000000/resourceGroups/cli_test_gallery_image_version_vhd000001/providers/Microsoft.Compute/snapshots/s1\",\r\n
        \ \"type\": \"Microsoft.Compute/snapshots\",\r\n  \"location\": \"westus\",\r\n
        \ \"tags\": {},\r\n  \"sku\": {\r\n    \"name\": \"Standard_LRS\",\r\n    \"tier\":
        \"Standard\"\r\n  },\r\n  \"properties\": {\r\n    \"hyperVGeneration\": \"V1\",\r\n
        \   \"creationData\": {\r\n      \"createOption\": \"Copy\",\r\n      \"sourceResourceId\":
        \"/subscriptions/00000000-0000-0000-0000-000000000000/resourceGroups/cli_test_gallery_image_version_vhd000001/providers/Microsoft.Compute/disks/d1\",\r\n
        \     \"sourceUniqueId\": \"92bd7134-1955-4a88-8f9c-d83a888d4ec6\"\r\n    },\r\n
        \   \"diskSizeGB\": 10,\r\n    \"encryption\": {\r\n      \"type\": \"EncryptionAtRestWithPlatformKey\"\r\n
        \   },\r\n    \"incremental\": false,\r\n    \"networkAccessPolicy\": \"AllowAll\",\r\n
        \   \"publicNetworkAccess\": \"Enabled\",\r\n    \"timeCreated\": \"2022-08-18T08:34:41.3663061+00:00\",\r\n
        \   \"provisioningState\": \"Succeeded\",\r\n    \"diskState\": \"Unattached\",\r\n
        \   \"diskSizeBytes\": 10737418240,\r\n    \"uniqueId\": \"21272e31-1a0d-428a-8a49-e8bf5452b6eb\"\r\n
        \ }\r\n}"
    headers:
      cache-control:
      - no-cache
      content-length:
      - '1117'
      content-type:
      - application/json; charset=utf-8
      date:
      - Thu, 18 Aug 2022 08:34:43 GMT
      expires:
      - '-1'
      pragma:
      - no-cache
      server:
      - Microsoft-HTTPAPI/2.0
      - Microsoft-HTTPAPI/2.0
      strict-transport-security:
      - max-age=31536000; includeSubDomains
      transfer-encoding:
      - chunked
      vary:
      - Accept-Encoding
      x-content-type-options:
      - nosniff
      x-ms-ratelimit-remaining-resource:
      - Microsoft.Compute/LowCostGet3Min;4977,Microsoft.Compute/LowCostGet30Min;39841
    status:
      code: 200
      message: OK
- request:
    body: null
    headers:
      Accept:
      - application/json
      Accept-Encoding:
      - gzip, deflate
      CommandName:
      - snapshot create
      Connection:
      - keep-alive
      ParameterSetName:
      - -g -n --source
      User-Agent:
      - AZURECLI/2.39.0 azsdk-python-azure-mgmt-compute/27.1.0 Python/3.10.6 (Linux-5.15.0-1017-azure-x86_64-with-glibc2.31)
        VSTS_0fb41ef4-5012-48a9-bf39-4ee3de03ee35_build_4949_0
    method: GET
    uri: https://management.azure.com/subscriptions/00000000-0000-0000-0000-000000000000/resourceGroups/cli_test_gallery_image_version_vhd000001/providers/Microsoft.Compute/snapshots/d2?api-version=2021-12-01
  response:
    body:
      string: '{"error":{"code":"ResourceNotFound","message":"The Resource ''Microsoft.Compute/snapshots/d2''
        under resource group ''cli_test_gallery_image_version_vhd000001'' was not
        found. For more details please go to https://aka.ms/ARMResourceNotFoundFix"}}'
    headers:
      cache-control:
      - no-cache
      content-length:
      - '242'
      content-type:
      - application/json; charset=utf-8
      date:
      - Thu, 18 Aug 2022 08:34:44 GMT
      expires:
      - '-1'
      pragma:
      - no-cache
      strict-transport-security:
      - max-age=31536000; includeSubDomains
      x-content-type-options:
      - nosniff
      x-ms-failure-cause:
      - gateway
    status:
      code: 404
      message: Not Found
- request:
    body: null
    headers:
      Accept:
      - application/json
      Accept-Encoding:
      - gzip, deflate
      CommandName:
      - snapshot create
      Connection:
      - keep-alive
      ParameterSetName:
      - -g -n --source
      User-Agent:
      - AZURECLI/2.39.0 azsdk-python-azure-mgmt-compute/27.1.0 Python/3.10.6 (Linux-5.15.0-1017-azure-x86_64-with-glibc2.31)
        VSTS_0fb41ef4-5012-48a9-bf39-4ee3de03ee35_build_4949_0
    method: GET
    uri: https://management.azure.com/subscriptions/00000000-0000-0000-0000-000000000000/resourceGroups/cli_test_gallery_image_version_vhd000001/providers/Microsoft.Compute/disks/d2?api-version=2022-03-02
  response:
    body:
      string: "{\r\n  \"name\": \"d2\",\r\n  \"id\": \"/subscriptions/00000000-0000-0000-0000-000000000000/resourceGroups/cli_test_gallery_image_version_vhd000001/providers/Microsoft.Compute/disks/d2\",\r\n
        \ \"type\": \"Microsoft.Compute/disks\",\r\n  \"location\": \"westus\",\r\n
        \ \"tags\": {},\r\n  \"sku\": {\r\n    \"name\": \"Premium_LRS\",\r\n    \"tier\":
        \"Premium\"\r\n  },\r\n  \"properties\": {\r\n    \"hyperVGeneration\": \"V1\",\r\n
        \   \"creationData\": {\r\n      \"createOption\": \"Empty\"\r\n    },\r\n
        \   \"diskSizeGB\": 10,\r\n    \"diskIOPSReadWrite\": 120,\r\n    \"diskMBpsReadWrite\":
        25,\r\n    \"encryption\": {\r\n      \"type\": \"EncryptionAtRestWithPlatformKey\"\r\n
        \   },\r\n    \"networkAccessPolicy\": \"AllowAll\",\r\n    \"publicNetworkAccess\":
        \"Enabled\",\r\n    \"timeCreated\": \"2022-08-18T08:34:35.7410629+00:00\",\r\n
        \   \"provisioningState\": \"Succeeded\",\r\n    \"diskState\": \"Unattached\",\r\n
        \   \"diskSizeBytes\": 10737418240,\r\n    \"uniqueId\": \"4aab5b18-812f-4c2c-8f28-7cf229214679\",\r\n
        \   \"tier\": \"P3\"\r\n  }\r\n}"
    headers:
      cache-control:
      - no-cache
      content-length:
      - '921'
      content-type:
      - application/json; charset=utf-8
      date:
      - Thu, 18 Aug 2022 08:34:44 GMT
      expires:
      - '-1'
      pragma:
      - no-cache
      server:
      - Microsoft-HTTPAPI/2.0
      - Microsoft-HTTPAPI/2.0
      strict-transport-security:
      - max-age=31536000; includeSubDomains
      transfer-encoding:
      - chunked
      vary:
      - Accept-Encoding
      x-content-type-options:
      - nosniff
      x-ms-ratelimit-remaining-resource:
      - Microsoft.Compute/LowCostGet3Min;4976,Microsoft.Compute/LowCostGet30Min;39840
    status:
      code: 200
      message: OK
- request:
    body: null
    headers:
      Accept:
      - application/json
      Accept-Encoding:
      - gzip, deflate
      CommandName:
      - snapshot create
      Connection:
      - keep-alive
      ParameterSetName:
      - -g -n --source
      User-Agent:
      - AZURECLI/2.39.0 azsdk-python-azure-mgmt-resource/21.1.0b1 Python/3.10.6 (Linux-5.15.0-1017-azure-x86_64-with-glibc2.31)
        VSTS_0fb41ef4-5012-48a9-bf39-4ee3de03ee35_build_4949_0
    method: GET
    uri: https://management.azure.com/subscriptions/00000000-0000-0000-0000-000000000000/resourcegroups/cli_test_gallery_image_version_vhd000001?api-version=2021-04-01
  response:
    body:
      string: '{"id":"/subscriptions/00000000-0000-0000-0000-000000000000/resourceGroups/cli_test_gallery_image_version_vhd000001","name":"cli_test_gallery_image_version_vhd000001","type":"Microsoft.Resources/resourceGroups","location":"westus","tags":{"product":"azurecli","cause":"automation","date":"2022-08-18T08:31:16Z"},"properties":{"provisioningState":"Succeeded"}}'
    headers:
      cache-control:
      - no-cache
      content-length:
      - '358'
      content-type:
      - application/json; charset=utf-8
      date:
      - Thu, 18 Aug 2022 08:34:44 GMT
      expires:
      - '-1'
      pragma:
      - no-cache
      strict-transport-security:
      - max-age=31536000; includeSubDomains
      vary:
      - Accept-Encoding
      x-content-type-options:
      - nosniff
    status:
      code: 200
      message: OK
- request:
    body: '{"location": "westus", "tags": {}, "sku": {"name": "Standard_LRS"}, "properties":
      {"hyperVGeneration": "V1", "creationData": {"createOption": "Copy", "sourceResourceId":
      "/subscriptions/00000000-0000-0000-0000-000000000000/resourceGroups/cli_test_gallery_image_version_vhd000001/providers/Microsoft.Compute/disks/d2"}}}'
    headers:
      Accept:
      - application/json
      Accept-Encoding:
      - gzip, deflate
      CommandName:
      - snapshot create
      Connection:
      - keep-alive
      Content-Length:
      - '319'
      Content-Type:
      - application/json
      ParameterSetName:
      - -g -n --source
      User-Agent:
      - AZURECLI/2.39.0 azsdk-python-azure-mgmt-compute/27.1.0 Python/3.10.6 (Linux-5.15.0-1017-azure-x86_64-with-glibc2.31)
        VSTS_0fb41ef4-5012-48a9-bf39-4ee3de03ee35_build_4949_0
    method: PUT
    uri: https://management.azure.com/subscriptions/00000000-0000-0000-0000-000000000000/resourceGroups/cli_test_gallery_image_version_vhd000001/providers/Microsoft.Compute/snapshots/s2?api-version=2021-12-01
  response:
    body:
      string: "{\r\n  \"id\": \"/subscriptions/00000000-0000-0000-0000-000000000000/resourceGroups/cli_test_gallery_image_version_vhd000001/providers/Microsoft.Compute/snapshots/s2\",\r\n
        \ \"location\": \"westus\",\r\n  \"tags\": {},\r\n  \"sku\": {\r\n    \"name\":
        \"Standard_LRS\"\r\n  },\r\n  \"properties\": {\r\n    \"hyperVGeneration\":
        \"V1\",\r\n    \"creationData\": {\r\n      \"createOption\": \"Copy\",\r\n
        \     \"sourceResourceId\": \"/subscriptions/00000000-0000-0000-0000-000000000000/resourceGroups/cli_test_gallery_image_version_vhd000001/providers/Microsoft.Compute/disks/d2\",\r\n
        \     \"sourceUniqueId\": \"4aab5b18-812f-4c2c-8f28-7cf229214679\"\r\n    },\r\n
        \   \"publicNetworkAccess\": \"Enabled\",\r\n    \"provisioningState\": \"Updating\",\r\n
        \   \"isArmResource\": true\r\n  }\r\n}"
    headers:
      azure-asyncoperation:
      - https://management.azure.com/subscriptions/00000000-0000-0000-0000-000000000000/providers/Microsoft.Compute/locations/westus/DiskOperations/300b2c20-10a1-40ed-b820-dc177424fa48?p=42128af7-4c72-4222-9761-fb0d8e6cebdc&api-version=2021-12-01
      cache-control:
      - no-cache
      content-length:
      - '711'
      content-type:
      - application/json; charset=utf-8
      date:
      - Thu, 18 Aug 2022 08:34:45 GMT
      expires:
      - '-1'
      location:
      - https://management.azure.com/subscriptions/00000000-0000-0000-0000-000000000000/providers/Microsoft.Compute/locations/westus/DiskOperations/300b2c20-10a1-40ed-b820-dc177424fa48?p=42128af7-4c72-4222-9761-fb0d8e6cebdc&monitor=true&api-version=2021-12-01
      pragma:
      - no-cache
      server:
      - Microsoft-HTTPAPI/2.0
      - Microsoft-HTTPAPI/2.0
      strict-transport-security:
      - max-age=31536000; includeSubDomains
      x-content-type-options:
      - nosniff
      x-ms-ratelimit-remaining-resource:
      - Microsoft.Compute/HighCostSnapshotCreateHydrate3Min;998,Microsoft.Compute/HighCostSnapshotCreateHydrate30Min;7998
      x-ms-ratelimit-remaining-subscription-writes:
      - '1198'
    status:
      code: 202
      message: Accepted
- request:
    body: null
    headers:
      Accept:
      - '*/*'
      Accept-Encoding:
      - gzip, deflate
      CommandName:
      - snapshot create
      Connection:
      - keep-alive
      ParameterSetName:
      - -g -n --source
      User-Agent:
      - AZURECLI/2.39.0 azsdk-python-azure-mgmt-compute/27.1.0 Python/3.10.6 (Linux-5.15.0-1017-azure-x86_64-with-glibc2.31)
        VSTS_0fb41ef4-5012-48a9-bf39-4ee3de03ee35_build_4949_0
    method: GET
    uri: https://management.azure.com/subscriptions/00000000-0000-0000-0000-000000000000/providers/Microsoft.Compute/locations/westus/DiskOperations/300b2c20-10a1-40ed-b820-dc177424fa48?p=42128af7-4c72-4222-9761-fb0d8e6cebdc&api-version=2021-12-01
  response:
    body:
      string: "{\r\n  \"startTime\": \"2022-08-18T08:34:46.1789938+00:00\",\r\n  \"endTime\":
        \"2022-08-18T08:34:47.0852877+00:00\",\r\n  \"status\": \"Succeeded\",\r\n
        \ \"properties\": {\r\n    \"output\": {\r\n  \"name\": \"s2\",\r\n  \"id\":
        \"/subscriptions/00000000-0000-0000-0000-000000000000/resourceGroups/cli_test_gallery_image_version_vhd000001/providers/Microsoft.Compute/snapshots/s2\",\r\n
        \ \"type\": \"Microsoft.Compute/snapshots\",\r\n  \"location\": \"westus\",\r\n
        \ \"tags\": {},\r\n  \"sku\": {\r\n    \"name\": \"Standard_LRS\",\r\n    \"tier\":
        \"Standard\"\r\n  },\r\n  \"properties\": {\r\n    \"hyperVGeneration\": \"V1\",\r\n
        \   \"creationData\": {\r\n      \"createOption\": \"Copy\",\r\n      \"sourceResourceId\":
        \"/subscriptions/00000000-0000-0000-0000-000000000000/resourceGroups/cli_test_gallery_image_version_vhd000001/providers/Microsoft.Compute/disks/d2\",\r\n
        \     \"sourceUniqueId\": \"4aab5b18-812f-4c2c-8f28-7cf229214679\"\r\n    },\r\n
        \   \"diskSizeGB\": 10,\r\n    \"encryption\": {\r\n      \"type\": \"EncryptionAtRestWithPlatformKey\"\r\n
        \   },\r\n    \"incremental\": false,\r\n    \"networkAccessPolicy\": \"AllowAll\",\r\n
        \   \"publicNetworkAccess\": \"Enabled\",\r\n    \"timeCreated\": \"2022-08-18T08:34:46.1789938+00:00\",\r\n
        \   \"provisioningState\": \"Succeeded\",\r\n    \"diskState\": \"Unattached\",\r\n
        \   \"diskSizeBytes\": 10737418240,\r\n    \"uniqueId\": \"6229c7e5-0eac-4f33-b37e-527f5c7b3b03\"\r\n
        \ }\r\n}\r\n  },\r\n  \"name\": \"300b2c20-10a1-40ed-b820-dc177424fa48\"\r\n}"
    headers:
      cache-control:
      - no-cache
      content-length:
      - '1342'
      content-type:
      - application/json; charset=utf-8
      date:
      - Thu, 18 Aug 2022 08:34:47 GMT
      expires:
      - '-1'
      pragma:
      - no-cache
      server:
      - Microsoft-HTTPAPI/2.0
      - Microsoft-HTTPAPI/2.0
      strict-transport-security:
      - max-age=31536000; includeSubDomains
      transfer-encoding:
      - chunked
      vary:
      - Accept-Encoding
      x-content-type-options:
      - nosniff
      x-ms-ratelimit-remaining-resource:
      - Microsoft.Compute/GetOperation3Min;49990,Microsoft.Compute/GetOperation30Min;399928
    status:
      code: 200
      message: OK
- request:
    body: null
    headers:
      Accept:
      - '*/*'
      Accept-Encoding:
      - gzip, deflate
      CommandName:
      - snapshot create
      Connection:
      - keep-alive
      ParameterSetName:
      - -g -n --source
      User-Agent:
      - AZURECLI/2.39.0 azsdk-python-azure-mgmt-compute/27.1.0 Python/3.10.6 (Linux-5.15.0-1017-azure-x86_64-with-glibc2.31)
        VSTS_0fb41ef4-5012-48a9-bf39-4ee3de03ee35_build_4949_0
    method: GET
    uri: https://management.azure.com/subscriptions/00000000-0000-0000-0000-000000000000/resourceGroups/cli_test_gallery_image_version_vhd000001/providers/Microsoft.Compute/snapshots/s2?api-version=2021-12-01
  response:
    body:
      string: "{\r\n  \"name\": \"s2\",\r\n  \"id\": \"/subscriptions/00000000-0000-0000-0000-000000000000/resourceGroups/cli_test_gallery_image_version_vhd000001/providers/Microsoft.Compute/snapshots/s2\",\r\n
        \ \"type\": \"Microsoft.Compute/snapshots\",\r\n  \"location\": \"westus\",\r\n
        \ \"tags\": {},\r\n  \"sku\": {\r\n    \"name\": \"Standard_LRS\",\r\n    \"tier\":
        \"Standard\"\r\n  },\r\n  \"properties\": {\r\n    \"hyperVGeneration\": \"V1\",\r\n
        \   \"creationData\": {\r\n      \"createOption\": \"Copy\",\r\n      \"sourceResourceId\":
        \"/subscriptions/00000000-0000-0000-0000-000000000000/resourceGroups/cli_test_gallery_image_version_vhd000001/providers/Microsoft.Compute/disks/d2\",\r\n
        \     \"sourceUniqueId\": \"4aab5b18-812f-4c2c-8f28-7cf229214679\"\r\n    },\r\n
        \   \"diskSizeGB\": 10,\r\n    \"encryption\": {\r\n      \"type\": \"EncryptionAtRestWithPlatformKey\"\r\n
        \   },\r\n    \"incremental\": false,\r\n    \"networkAccessPolicy\": \"AllowAll\",\r\n
        \   \"publicNetworkAccess\": \"Enabled\",\r\n    \"timeCreated\": \"2022-08-18T08:34:46.1789938+00:00\",\r\n
        \   \"provisioningState\": \"Succeeded\",\r\n    \"diskState\": \"Unattached\",\r\n
        \   \"diskSizeBytes\": 10737418240,\r\n    \"uniqueId\": \"6229c7e5-0eac-4f33-b37e-527f5c7b3b03\"\r\n
        \ }\r\n}"
    headers:
      cache-control:
      - no-cache
      content-length:
      - '1117'
      content-type:
      - application/json; charset=utf-8
      date:
      - Thu, 18 Aug 2022 08:34:48 GMT
      expires:
      - '-1'
      pragma:
      - no-cache
      server:
      - Microsoft-HTTPAPI/2.0
      - Microsoft-HTTPAPI/2.0
      strict-transport-security:
      - max-age=31536000; includeSubDomains
      transfer-encoding:
      - chunked
      vary:
      - Accept-Encoding
      x-content-type-options:
      - nosniff
      x-ms-ratelimit-remaining-resource:
      - Microsoft.Compute/LowCostGet3Min;4974,Microsoft.Compute/LowCostGet30Min;39838
    status:
      code: 200
      message: OK
- request:
    body: null
    headers:
      Accept:
      - application/json
      Accept-Encoding:
      - gzip, deflate
      CommandName:
      - sig image-version create
      Connection:
      - keep-alive
      ParameterSetName:
      - -g --gallery-name --gallery-image-definition --gallery-image-version --os-snapshot
        --data-snapshot-luns --data-snapshots --data-vhds-luns --data-vhds-sa --data-vhds-uris
      User-Agent:
      - AZURECLI/2.39.0 azsdk-python-azure-mgmt-resource/21.1.0b1 Python/3.10.6 (Linux-5.15.0-1017-azure-x86_64-with-glibc2.31)
        VSTS_0fb41ef4-5012-48a9-bf39-4ee3de03ee35_build_4949_0
    method: GET
    uri: https://management.azure.com/subscriptions/00000000-0000-0000-0000-000000000000/resourcegroups/cli_test_gallery_image_version_vhd000001?api-version=2021-04-01
  response:
    body:
      string: '{"id":"/subscriptions/00000000-0000-0000-0000-000000000000/resourceGroups/cli_test_gallery_image_version_vhd000001","name":"cli_test_gallery_image_version_vhd000001","type":"Microsoft.Resources/resourceGroups","location":"westus","tags":{"product":"azurecli","cause":"automation","date":"2022-08-18T08:31:16Z"},"properties":{"provisioningState":"Succeeded"}}'
    headers:
      cache-control:
      - no-cache
      content-length:
      - '358'
      content-type:
      - application/json; charset=utf-8
      date:
      - Thu, 18 Aug 2022 08:34:48 GMT
      expires:
      - '-1'
      pragma:
      - no-cache
      strict-transport-security:
      - max-age=31536000; includeSubDomains
      vary:
      - Accept-Encoding
      x-content-type-options:
      - nosniff
    status:
      code: 200
      message: OK
- request:
    body: '{"location": "westus", "tags": {}, "properties": {"publishingProfile":
      {"targetRegions": [{"name": "westus"}]}, "storageProfile": {"osDiskImage": {"source":
      {"id": "/subscriptions/00000000-0000-0000-0000-000000000000/resourceGroups/cli_test_gallery_image_version_vhd000001/providers/Microsoft.Compute/snapshots/s1"}},
      "dataDiskImages": [{"source": {"id": "/subscriptions/00000000-0000-0000-0000-000000000000/resourceGroups/cli_test_gallery_image_version_vhd000001/providers/Microsoft.Compute/snapshots/s2"},
      "lun": 0}, {"source": {"id": "/subscriptions/00000000-0000-0000-0000-000000000000/resourceGroups/cli_test_gallery_image_version_vhd000001/providers/Microsoft.Storage/storageAccounts/vhdstorage5ea14cddbf574b",
      "uri": "https://vhdstorage5ea14cddbf574b.blob.core.windows.net/vhds/osdisk_5ea14cddbf.vhd"},
      "lun": 1}]}}}'
    headers:
      Accept:
      - application/json
      Accept-Encoding:
      - gzip, deflate
      CommandName:
      - sig image-version create
      Connection:
      - keep-alive
      Content-Length:
      - '823'
      Content-Type:
      - application/json
      ParameterSetName:
      - -g --gallery-name --gallery-image-definition --gallery-image-version --os-snapshot
        --data-snapshot-luns --data-snapshots --data-vhds-luns --data-vhds-sa --data-vhds-uris
      User-Agent:
      - AZURECLI/2.39.0 azsdk-python-azure-mgmt-compute/27.1.0 Python/3.10.6 (Linux-5.15.0-1017-azure-x86_64-with-glibc2.31)
        VSTS_0fb41ef4-5012-48a9-bf39-4ee3de03ee35_build_4949_0
    method: PUT
    uri: https://management.azure.com/subscriptions/00000000-0000-0000-0000-000000000000/resourceGroups/cli_test_gallery_image_version_vhd000001/providers/Microsoft.Compute/galleries/gallery_000002/images/image1/versions/1.0.0?api-version=2021-10-01
  response:
    body:
      string: "{\r\n  \"name\": \"1.0.0\",\r\n  \"id\": \"/subscriptions/00000000-0000-0000-0000-000000000000/resourceGroups/cli_test_gallery_image_version_vhd000001/providers/Microsoft.Compute/galleries/gallery_000002/images/image1/versions/1.0.0\",\r\n
        \ \"type\": \"Microsoft.Compute/galleries/images/versions\",\r\n  \"location\":
        \"westus\",\r\n  \"tags\": {},\r\n  \"properties\": {\r\n    \"publishingProfile\":
        {\r\n      \"targetRegions\": [\r\n        {\r\n          \"name\": \"West
        US\",\r\n          \"regionalReplicaCount\": 1,\r\n          \"storageAccountType\":
        \"Standard_LRS\"\r\n        }\r\n      ],\r\n      \"replicaCount\": 1,\r\n
        \     \"excludeFromLatest\": false,\r\n      \"publishedDate\": \"2022-08-18T08:34:50.6247006+00:00\",\r\n
        \     \"storageAccountType\": \"Standard_LRS\"\r\n    },\r\n    \"storageProfile\":
        {\r\n      \"osDiskImage\": {\r\n        \"hostCaching\": \"ReadWrite\",\r\n
        \       \"source\": {\r\n          \"id\": \"/subscriptions/00000000-0000-0000-0000-000000000000/resourceGroups/cli_test_gallery_image_version_vhd000001/providers/Microsoft.Compute/snapshots/s1\"\r\n
        \       }\r\n      },\r\n      \"dataDiskImages\": [\r\n        {\r\n          \"lun\":
        0,\r\n          \"hostCaching\": \"ReadOnly\",\r\n          \"source\": {\r\n
        \           \"id\": \"/subscriptions/00000000-0000-0000-0000-000000000000/resourceGroups/cli_test_gallery_image_version_vhd000001/providers/Microsoft.Compute/snapshots/s2\"\r\n
        \         }\r\n        },\r\n        {\r\n          \"lun\": 1,\r\n          \"hostCaching\":
        \"ReadOnly\",\r\n          \"source\": {\r\n            \"uri\": \"https://vhdstorage5ea14cddbf574b.blob.core.windows.net/vhds/osdisk_5ea14cddbf.vhd\",\r\n
        \           \"id\": \"/subscriptions/00000000-0000-0000-0000-000000000000/resourceGroups/cli_test_gallery_image_version_vhd000001/providers/Microsoft.Storage/storageAccounts/vhdstorage5ea14cddbf574b\"\r\n
        \         }\r\n        }\r\n      ]\r\n    },\r\n    \"provisioningState\":
        \"Creating\"\r\n  }\r\n}"
    headers:
      azure-asyncoperation:
      - https://management.azure.com/subscriptions/00000000-0000-0000-0000-000000000000/providers/Microsoft.Compute/locations/westus/capsOperations/02ba999d-e30d-4c2a-9a77-0ee442bc1d8a?api-version=2021-10-01
      cache-control:
      - no-cache
      content-length:
      - '1809'
      content-type:
      - application/json; charset=utf-8
      date:
      - Thu, 18 Aug 2022 08:34:50 GMT
      expires:
      - '-1'
      pragma:
      - no-cache
      server:
      - Microsoft-HTTPAPI/2.0
      - Microsoft-HTTPAPI/2.0
      strict-transport-security:
      - max-age=31536000; includeSubDomains
      x-content-type-options:
      - nosniff
      x-ms-ratelimit-remaining-resource:
      - Microsoft.Compute/CreateUpdateGalleryImageVersion3Min;374,Microsoft.Compute/CreateUpdateGalleryImageVersion30Min;1199
      x-ms-ratelimit-remaining-subscription-writes:
      - '1196'
    status:
      code: 201
      message: Created
- request:
    body: null
    headers:
      Accept:
      - '*/*'
      Accept-Encoding:
      - gzip, deflate
      CommandName:
      - sig image-version create
      Connection:
      - keep-alive
      ParameterSetName:
      - -g --gallery-name --gallery-image-definition --gallery-image-version --os-snapshot
        --data-snapshot-luns --data-snapshots --data-vhds-luns --data-vhds-sa --data-vhds-uris
      User-Agent:
      - AZURECLI/2.39.0 azsdk-python-azure-mgmt-compute/27.1.0 Python/3.10.6 (Linux-5.15.0-1017-azure-x86_64-with-glibc2.31)
        VSTS_0fb41ef4-5012-48a9-bf39-4ee3de03ee35_build_4949_0
    method: GET
    uri: https://management.azure.com/subscriptions/00000000-0000-0000-0000-000000000000/providers/Microsoft.Compute/locations/westus/capsOperations/02ba999d-e30d-4c2a-9a77-0ee442bc1d8a?api-version=2021-10-01
  response:
    body:
      string: "{\r\n  \"startTime\": \"2022-08-18T08:34:50.5309826+00:00\",\r\n  \"status\":
        \"InProgress\",\r\n  \"name\": \"02ba999d-e30d-4c2a-9a77-0ee442bc1d8a\"\r\n}"
    headers:
      cache-control:
      - no-cache
      content-length:
      - '134'
      content-type:
      - application/json; charset=utf-8
      date:
      - Thu, 18 Aug 2022 08:35:51 GMT
      expires:
      - '-1'
      pragma:
      - no-cache
      server:
      - Microsoft-HTTPAPI/2.0
      - Microsoft-HTTPAPI/2.0
      strict-transport-security:
      - max-age=31536000; includeSubDomains
      transfer-encoding:
      - chunked
      vary:
      - Accept-Encoding
      x-content-type-options:
      - nosniff
      x-ms-ratelimit-remaining-resource:
      - Microsoft.Compute/GetOperationStatus3Min;1194,Microsoft.Compute/GetOperationStatus30Min;4194
    status:
      code: 200
      message: OK
- request:
    body: null
    headers:
      Accept:
      - '*/*'
      Accept-Encoding:
      - gzip, deflate
      CommandName:
      - sig image-version create
      Connection:
      - keep-alive
      ParameterSetName:
      - -g --gallery-name --gallery-image-definition --gallery-image-version --os-snapshot
        --data-snapshot-luns --data-snapshots --data-vhds-luns --data-vhds-sa --data-vhds-uris
      User-Agent:
      - AZURECLI/2.39.0 azsdk-python-azure-mgmt-compute/27.1.0 Python/3.10.6 (Linux-5.15.0-1017-azure-x86_64-with-glibc2.31)
        VSTS_0fb41ef4-5012-48a9-bf39-4ee3de03ee35_build_4949_0
    method: GET
    uri: https://management.azure.com/subscriptions/00000000-0000-0000-0000-000000000000/providers/Microsoft.Compute/locations/westus/capsOperations/02ba999d-e30d-4c2a-9a77-0ee442bc1d8a?api-version=2021-10-01
  response:
    body:
      string: "{\r\n  \"startTime\": \"2022-08-18T08:34:50.5309826+00:00\",\r\n  \"status\":
        \"InProgress\",\r\n  \"name\": \"02ba999d-e30d-4c2a-9a77-0ee442bc1d8a\"\r\n}"
    headers:
      cache-control:
      - no-cache
      content-length:
      - '134'
      content-type:
      - application/json; charset=utf-8
      date:
      - Thu, 18 Aug 2022 08:36:51 GMT
      expires:
      - '-1'
      pragma:
      - no-cache
      server:
      - Microsoft-HTTPAPI/2.0
      - Microsoft-HTTPAPI/2.0
      strict-transport-security:
      - max-age=31536000; includeSubDomains
      transfer-encoding:
      - chunked
      vary:
      - Accept-Encoding
      x-content-type-options:
      - nosniff
      x-ms-ratelimit-remaining-resource:
      - Microsoft.Compute/GetOperationStatus3Min;1194,Microsoft.Compute/GetOperationStatus30Min;4192
    status:
      code: 200
      message: OK
- request:
    body: null
    headers:
      Accept:
      - '*/*'
      Accept-Encoding:
      - gzip, deflate
      CommandName:
      - sig image-version create
      Connection:
      - keep-alive
      ParameterSetName:
      - -g --gallery-name --gallery-image-definition --gallery-image-version --os-snapshot
        --data-snapshot-luns --data-snapshots --data-vhds-luns --data-vhds-sa --data-vhds-uris
      User-Agent:
      - AZURECLI/2.39.0 azsdk-python-azure-mgmt-compute/27.1.0 Python/3.10.6 (Linux-5.15.0-1017-azure-x86_64-with-glibc2.31)
        VSTS_0fb41ef4-5012-48a9-bf39-4ee3de03ee35_build_4949_0
    method: GET
    uri: https://management.azure.com/subscriptions/00000000-0000-0000-0000-000000000000/providers/Microsoft.Compute/locations/westus/capsOperations/02ba999d-e30d-4c2a-9a77-0ee442bc1d8a?api-version=2021-10-01
  response:
    body:
      string: "{\r\n  \"startTime\": \"2022-08-18T08:34:50.5309826+00:00\",\r\n  \"status\":
        \"InProgress\",\r\n  \"name\": \"02ba999d-e30d-4c2a-9a77-0ee442bc1d8a\"\r\n}"
    headers:
      cache-control:
      - no-cache
      content-length:
      - '134'
      content-type:
      - application/json; charset=utf-8
      date:
      - Thu, 18 Aug 2022 08:37:51 GMT
      expires:
      - '-1'
      pragma:
      - no-cache
      server:
      - Microsoft-HTTPAPI/2.0
      - Microsoft-HTTPAPI/2.0
      strict-transport-security:
      - max-age=31536000; includeSubDomains
      transfer-encoding:
      - chunked
      vary:
      - Accept-Encoding
      x-content-type-options:
      - nosniff
      x-ms-ratelimit-remaining-resource:
      - Microsoft.Compute/GetOperationStatus3Min;1194,Microsoft.Compute/GetOperationStatus30Min;4190
    status:
      code: 200
      message: OK
- request:
    body: null
    headers:
      Accept:
      - '*/*'
      Accept-Encoding:
      - gzip, deflate
      CommandName:
      - sig image-version create
      Connection:
      - keep-alive
      ParameterSetName:
      - -g --gallery-name --gallery-image-definition --gallery-image-version --os-snapshot
        --data-snapshot-luns --data-snapshots --data-vhds-luns --data-vhds-sa --data-vhds-uris
      User-Agent:
      - AZURECLI/2.39.0 azsdk-python-azure-mgmt-compute/27.1.0 Python/3.10.6 (Linux-5.15.0-1017-azure-x86_64-with-glibc2.31)
        VSTS_0fb41ef4-5012-48a9-bf39-4ee3de03ee35_build_4949_0
    method: GET
    uri: https://management.azure.com/subscriptions/00000000-0000-0000-0000-000000000000/providers/Microsoft.Compute/locations/westus/capsOperations/02ba999d-e30d-4c2a-9a77-0ee442bc1d8a?api-version=2021-10-01
  response:
    body:
      string: "{\r\n  \"startTime\": \"2022-08-18T08:34:50.5309826+00:00\",\r\n  \"status\":
        \"InProgress\",\r\n  \"name\": \"02ba999d-e30d-4c2a-9a77-0ee442bc1d8a\"\r\n}"
    headers:
      cache-control:
      - no-cache
      content-length:
      - '134'
      content-type:
      - application/json; charset=utf-8
      date:
      - Thu, 18 Aug 2022 08:38:51 GMT
      expires:
      - '-1'
      pragma:
      - no-cache
      server:
      - Microsoft-HTTPAPI/2.0
      - Microsoft-HTTPAPI/2.0
      strict-transport-security:
      - max-age=31536000; includeSubDomains
      transfer-encoding:
      - chunked
      vary:
      - Accept-Encoding
      x-content-type-options:
      - nosniff
      x-ms-ratelimit-remaining-resource:
      - Microsoft.Compute/GetOperationStatus3Min;1194,Microsoft.Compute/GetOperationStatus30Min;4188
    status:
      code: 200
      message: OK
- request:
    body: null
    headers:
      Accept:
      - '*/*'
      Accept-Encoding:
      - gzip, deflate
      CommandName:
      - sig image-version create
      Connection:
      - keep-alive
      ParameterSetName:
      - -g --gallery-name --gallery-image-definition --gallery-image-version --os-snapshot
        --data-snapshot-luns --data-snapshots --data-vhds-luns --data-vhds-sa --data-vhds-uris
      User-Agent:
      - AZURECLI/2.39.0 azsdk-python-azure-mgmt-compute/27.1.0 Python/3.10.6 (Linux-5.15.0-1017-azure-x86_64-with-glibc2.31)
        VSTS_0fb41ef4-5012-48a9-bf39-4ee3de03ee35_build_4949_0
    method: GET
    uri: https://management.azure.com/subscriptions/00000000-0000-0000-0000-000000000000/providers/Microsoft.Compute/locations/westus/capsOperations/02ba999d-e30d-4c2a-9a77-0ee442bc1d8a?api-version=2021-10-01
  response:
    body:
      string: "{\r\n  \"startTime\": \"2022-08-18T08:34:50.5309826+00:00\",\r\n  \"status\":
        \"InProgress\",\r\n  \"name\": \"02ba999d-e30d-4c2a-9a77-0ee442bc1d8a\"\r\n}"
    headers:
      cache-control:
      - no-cache
      content-length:
      - '134'
      content-type:
      - application/json; charset=utf-8
      date:
      - Thu, 18 Aug 2022 08:39:52 GMT
      expires:
      - '-1'
      pragma:
      - no-cache
      server:
      - Microsoft-HTTPAPI/2.0
      - Microsoft-HTTPAPI/2.0
      strict-transport-security:
      - max-age=31536000; includeSubDomains
      transfer-encoding:
      - chunked
      vary:
      - Accept-Encoding
      x-content-type-options:
      - nosniff
      x-ms-ratelimit-remaining-resource:
      - Microsoft.Compute/GetOperationStatus3Min;1194,Microsoft.Compute/GetOperationStatus30Min;4186
    status:
      code: 200
      message: OK
- request:
    body: null
    headers:
      Accept:
      - '*/*'
      Accept-Encoding:
      - gzip, deflate
      CommandName:
      - sig image-version create
      Connection:
      - keep-alive
      ParameterSetName:
      - -g --gallery-name --gallery-image-definition --gallery-image-version --os-snapshot
        --data-snapshot-luns --data-snapshots --data-vhds-luns --data-vhds-sa --data-vhds-uris
      User-Agent:
      - AZURECLI/2.39.0 azsdk-python-azure-mgmt-compute/27.1.0 Python/3.10.6 (Linux-5.15.0-1017-azure-x86_64-with-glibc2.31)
        VSTS_0fb41ef4-5012-48a9-bf39-4ee3de03ee35_build_4949_0
    method: GET
    uri: https://management.azure.com/subscriptions/00000000-0000-0000-0000-000000000000/providers/Microsoft.Compute/locations/westus/capsOperations/02ba999d-e30d-4c2a-9a77-0ee442bc1d8a?api-version=2021-10-01
  response:
    body:
      string: "{\r\n  \"startTime\": \"2022-08-18T08:34:50.5309826+00:00\",\r\n  \"status\":
        \"InProgress\",\r\n  \"name\": \"02ba999d-e30d-4c2a-9a77-0ee442bc1d8a\"\r\n}"
    headers:
      cache-control:
      - no-cache
      content-length:
      - '134'
      content-type:
      - application/json; charset=utf-8
      date:
      - Thu, 18 Aug 2022 08:40:52 GMT
      expires:
      - '-1'
      pragma:
      - no-cache
      server:
      - Microsoft-HTTPAPI/2.0
      - Microsoft-HTTPAPI/2.0
      strict-transport-security:
      - max-age=31536000; includeSubDomains
      transfer-encoding:
      - chunked
      vary:
      - Accept-Encoding
      x-content-type-options:
      - nosniff
      x-ms-ratelimit-remaining-resource:
      - Microsoft.Compute/GetOperationStatus3Min;1195,Microsoft.Compute/GetOperationStatus30Min;4185
    status:
      code: 200
      message: OK
- request:
    body: null
    headers:
      Accept:
      - '*/*'
      Accept-Encoding:
      - gzip, deflate
      CommandName:
      - sig image-version create
      Connection:
      - keep-alive
      ParameterSetName:
      - -g --gallery-name --gallery-image-definition --gallery-image-version --os-snapshot
        --data-snapshot-luns --data-snapshots --data-vhds-luns --data-vhds-sa --data-vhds-uris
      User-Agent:
      - AZURECLI/2.39.0 azsdk-python-azure-mgmt-compute/27.1.0 Python/3.10.6 (Linux-5.15.0-1017-azure-x86_64-with-glibc2.31)
        VSTS_0fb41ef4-5012-48a9-bf39-4ee3de03ee35_build_4949_0
    method: GET
    uri: https://management.azure.com/subscriptions/00000000-0000-0000-0000-000000000000/providers/Microsoft.Compute/locations/westus/capsOperations/02ba999d-e30d-4c2a-9a77-0ee442bc1d8a?api-version=2021-10-01
  response:
    body:
      string: "{\r\n  \"startTime\": \"2022-08-18T08:34:50.5309826+00:00\",\r\n  \"endTime\":
        \"2022-08-18T08:41:52.3804538+00:00\",\r\n  \"status\": \"Succeeded\",\r\n
        \ \"name\": \"02ba999d-e30d-4c2a-9a77-0ee442bc1d8a\"\r\n}"
    headers:
      cache-control:
      - no-cache
      content-length:
      - '184'
      content-type:
      - application/json; charset=utf-8
      date:
      - Thu, 18 Aug 2022 08:41:53 GMT
      expires:
      - '-1'
      pragma:
      - no-cache
      server:
      - Microsoft-HTTPAPI/2.0
      - Microsoft-HTTPAPI/2.0
      strict-transport-security:
      - max-age=31536000; includeSubDomains
      transfer-encoding:
      - chunked
      vary:
      - Accept-Encoding
      x-content-type-options:
      - nosniff
      x-ms-ratelimit-remaining-resource:
      - Microsoft.Compute/GetOperationStatus3Min;1195,Microsoft.Compute/GetOperationStatus30Min;4183
    status:
      code: 200
      message: OK
- request:
    body: null
    headers:
      Accept:
      - '*/*'
      Accept-Encoding:
      - gzip, deflate
      CommandName:
      - sig image-version create
      Connection:
      - keep-alive
      ParameterSetName:
      - -g --gallery-name --gallery-image-definition --gallery-image-version --os-snapshot
        --data-snapshot-luns --data-snapshots --data-vhds-luns --data-vhds-sa --data-vhds-uris
      User-Agent:
      - AZURECLI/2.39.0 azsdk-python-azure-mgmt-compute/27.1.0 Python/3.10.6 (Linux-5.15.0-1017-azure-x86_64-with-glibc2.31)
        VSTS_0fb41ef4-5012-48a9-bf39-4ee3de03ee35_build_4949_0
    method: GET
    uri: https://management.azure.com/subscriptions/00000000-0000-0000-0000-000000000000/resourceGroups/cli_test_gallery_image_version_vhd000001/providers/Microsoft.Compute/galleries/gallery_000002/images/image1/versions/1.0.0?api-version=2021-10-01
  response:
    body:
      string: "{\r\n  \"name\": \"1.0.0\",\r\n  \"id\": \"/subscriptions/00000000-0000-0000-0000-000000000000/resourceGroups/cli_test_gallery_image_version_vhd000001/providers/Microsoft.Compute/galleries/gallery_000002/images/image1/versions/1.0.0\",\r\n
        \ \"type\": \"Microsoft.Compute/galleries/images/versions\",\r\n  \"location\":
        \"westus\",\r\n  \"tags\": {},\r\n  \"properties\": {\r\n    \"publishingProfile\":
        {\r\n      \"targetRegions\": [\r\n        {\r\n          \"name\": \"West
        US\",\r\n          \"regionalReplicaCount\": 1,\r\n          \"storageAccountType\":
        \"Standard_LRS\"\r\n        }\r\n      ],\r\n      \"replicaCount\": 1,\r\n
        \     \"excludeFromLatest\": false,\r\n      \"publishedDate\": \"2022-08-18T08:34:50.6247006+00:00\",\r\n
        \     \"storageAccountType\": \"Standard_LRS\"\r\n    },\r\n    \"storageProfile\":
        {\r\n      \"osDiskImage\": {\r\n        \"sizeInGB\": 10,\r\n        \"hostCaching\":
        \"ReadWrite\",\r\n        \"source\": {\r\n          \"id\": \"/subscriptions/00000000-0000-0000-0000-000000000000/resourceGroups/cli_test_gallery_image_version_vhd000001/providers/Microsoft.Compute/snapshots/s1\"\r\n
        \       }\r\n      },\r\n      \"dataDiskImages\": [\r\n        {\r\n          \"lun\":
        0,\r\n          \"sizeInGB\": 10,\r\n          \"hostCaching\": \"ReadOnly\",\r\n
        \         \"source\": {\r\n            \"id\": \"/subscriptions/00000000-0000-0000-0000-000000000000/resourceGroups/cli_test_gallery_image_version_vhd000001/providers/Microsoft.Compute/snapshots/s2\"\r\n
        \         }\r\n        },\r\n        {\r\n          \"lun\": 1,\r\n          \"sizeInGB\":
        30,\r\n          \"hostCaching\": \"ReadOnly\",\r\n          \"source\": {\r\n
        \           \"uri\": \"https://vhdstorage5ea14cddbf574b.blob.core.windows.net/vhds/osdisk_5ea14cddbf.vhd\",\r\n
        \           \"id\": \"/subscriptions/00000000-0000-0000-0000-000000000000/resourceGroups/cli_test_gallery_image_version_vhd000001/providers/Microsoft.Storage/storageAccounts/vhdstorage5ea14cddbf574b\"\r\n
        \         }\r\n        }\r\n      ]\r\n    },\r\n    \"provisioningState\":
        \"Succeeded\"\r\n  }\r\n}"
    headers:
      cache-control:
      - no-cache
      content-length:
      - '1889'
      content-type:
      - application/json; charset=utf-8
      date:
      - Thu, 18 Aug 2022 08:41:53 GMT
      expires:
      - '-1'
      pragma:
      - no-cache
      server:
      - Microsoft-HTTPAPI/2.0
      - Microsoft-HTTPAPI/2.0
      strict-transport-security:
      - max-age=31536000; includeSubDomains
      transfer-encoding:
      - chunked
      vary:
      - Accept-Encoding
      x-content-type-options:
      - nosniff
      x-ms-ratelimit-remaining-resource:
      - Microsoft.Compute/GetGalleryImageVersion3Min;1999,Microsoft.Compute/GetGalleryImageVersion30Min;9997
    status:
      code: 200
      message: OK
version: 1
