interactions:
- request:
    body: null
    headers:
      Accept:
      - application/json
      Accept-Encoding:
      - gzip, deflate
      CommandName:
      - vm create
      Connection:
      - keep-alive
      ParameterSetName:
      - -n -g --image --admin-username
      User-Agent:
      - AZURECLI/2.55.0 azsdk-python-azure-mgmt-resource/23.1.0b2 Python/3.10.11 (Windows-10-10.0.22631-SP0)
    method: GET
    uri: https://management.azure.com/subscriptions/00000000-0000-0000-0000-000000000000/resourcegroups/cli_test_restore_point_collection000001?api-version=2022-09-01
  response:
    body:
      string: '{"id":"/subscriptions/00000000-0000-0000-0000-000000000000/resourceGroups/cli_test_restore_point_collection000001","name":"cli_test_restore_point_collection000001","type":"Microsoft.Resources/resourceGroups","location":"westus","tags":{"product":"azurecli","cause":"automation","test":"test_restore_point_collection","date":"2023-12-19T10:08:58Z","module":"vm"},"properties":{"provisioningState":"Succeeded"}}'
    headers:
      cache-control:
      - no-cache
      content-length:
      - '409'
      content-type:
      - application/json; charset=utf-8
      date:
      - Tue, 19 Dec 2023 10:09:01 GMT
      expires:
      - '-1'
      pragma:
      - no-cache
      strict-transport-security:
      - max-age=31536000; includeSubDomains
      vary:
      - Accept-Encoding
      x-content-type-options:
      - nosniff
    status:
      code: 200
      message: OK
- request:
    body: null
    headers:
      Accept:
      - application/json
      Accept-Encoding:
      - gzip, deflate
      CommandName:
      - vm create
      Connection:
      - keep-alive
      ParameterSetName:
      - -n -g --image --admin-username
      User-Agent:
      - AZURECLI/2.55.0 azsdk-python-azure-mgmt-compute/30.4.0 Python/3.10.11 (Windows-10-10.0.22631-SP0)
    method: GET
    uri: https://management.azure.com/subscriptions/00000000-0000-0000-0000-000000000000/providers/Microsoft.Compute/locations/westus/publishers/Canonical/artifacttypes/vmimage/offers/UbuntuServer/skus/18.04-LTS/versions?$top=1&$orderby=name%20desc&api-version=2023-09-01
  response:
    body:
      string: "[\r\n  {\r\n    \"location\": \"westus\",\r\n    \"name\": \"18.04.202306070\",\r\n
        \   \"id\": \"/Subscriptions/00000000-0000-0000-0000-000000000000/Providers/Microsoft.Compute/Locations/westus/Publishers/Canonical/ArtifactTypes/VMImage/Offers/UbuntuServer/Skus/18.04-LTS/Versions/18.04.202306070\"\r\n
        \ }\r\n]"
    headers:
      cache-control:
      - no-cache
      content-length:
      - '286'
      content-type:
      - application/json; charset=utf-8
      date:
      - Tue, 19 Dec 2023 10:09:02 GMT
      expires:
      - '-1'
      pragma:
      - no-cache
      server:
      - Microsoft-HTTPAPI/2.0
      - Microsoft-HTTPAPI/2.0
      strict-transport-security:
      - max-age=31536000; includeSubDomains
      transfer-encoding:
      - chunked
      vary:
      - Accept-Encoding
      x-content-type-options:
      - nosniff
      x-ms-ratelimit-remaining-resource:
      - Microsoft.Compute/ListVMImagesVersionsFromLocation3Min;15996,Microsoft.Compute/ListVMImagesVersionsFromLocation30Min;43934
    status:
      code: 200
      message: OK
- request:
    body: null
    headers:
      Accept:
      - application/json
      Accept-Encoding:
      - gzip, deflate
      CommandName:
      - vm create
      Connection:
      - keep-alive
      ParameterSetName:
      - -n -g --image --admin-username
      User-Agent:
      - AZURECLI/2.55.0 azsdk-python-azure-mgmt-compute/30.4.0 Python/3.10.11 (Windows-10-10.0.22631-SP0)
    method: GET
    uri: https://management.azure.com/subscriptions/00000000-0000-0000-0000-000000000000/providers/Microsoft.Compute/locations/westus/publishers/Canonical/artifacttypes/vmimage/offers/UbuntuServer/skus/18.04-LTS/versions/18.04.202306070?api-version=2023-09-01
  response:
    body:
      string: "{\r\n  \"properties\": {\r\n    \"hyperVGeneration\": \"V1\",\r\n    \"architecture\":
        \"x64\",\r\n    \"replicaType\": \"Unmanaged\",\r\n    \"disallowed\": {\r\n
        \     \"vmDiskType\": \"None\"\r\n    },\r\n    \"automaticOSUpgradeProperties\":
        {\r\n      \"automaticOSUpgradeSupported\": true\r\n    },\r\n    \"imageDeprecationStatus\":
        {\r\n      \"imageState\": \"Active\"\r\n    },\r\n    \"features\": [\r\n
        \     {\r\n        \"name\": \"IsAcceleratedNetworkSupported\",\r\n        \"value\":
        \"True\"\r\n      },\r\n      {\r\n        \"name\": \"DiskControllerTypes\",\r\n
        \       \"value\": \"SCSI, NVMe\"\r\n      },\r\n      {\r\n        \"name\":
        \"IsHibernateSupported\",\r\n        \"value\": \"True\"\r\n      }\r\n    ],\r\n
        \   \"osDiskImage\": {\r\n      \"operatingSystem\": \"Linux\",\r\n      \"sizeInBytes\":
        32213303808\r\n    },\r\n    \"dataDiskImages\": []\r\n  },\r\n  \"location\":
        \"westus\",\r\n  \"name\": \"18.04.202306070\",\r\n  \"id\": \"/Subscriptions/00000000-0000-0000-0000-000000000000/Providers/Microsoft.Compute/Locations/westus/Publishers/Canonical/ArtifactTypes/VMImage/Offers/UbuntuServer/Skus/18.04-LTS/Versions/18.04.202306070\"\r\n}"
    headers:
      cache-control:
      - no-cache
      content-length:
      - '1025'
      content-type:
      - application/json; charset=utf-8
      date:
      - Tue, 19 Dec 2023 10:09:04 GMT
      expires:
      - '-1'
      pragma:
      - no-cache
      server:
      - Microsoft-HTTPAPI/2.0
      - Microsoft-HTTPAPI/2.0
      strict-transport-security:
      - max-age=31536000; includeSubDomains
      transfer-encoding:
      - chunked
      vary:
      - Accept-Encoding
      x-content-type-options:
      - nosniff
      x-ms-ratelimit-remaining-resource:
      - Microsoft.Compute/GetVMImageFromLocation3Min;12999,Microsoft.Compute/GetVMImageFromLocation30Min;73951
    status:
      code: 200
      message: OK
- request:
    body: null
    headers:
      Accept:
      - application/json
      Accept-Encoding:
      - gzip, deflate
      CommandName:
      - vm create
      Connection:
      - keep-alive
      ParameterSetName:
      - -n -g --image --admin-username
      User-Agent:
      - AZURECLI/2.55.0 (AAZ) azsdk-python-core/1.28.0 Python/3.10.11 (Windows-10-10.0.22631-SP0)
    method: GET
    uri: https://management.azure.com/subscriptions/00000000-0000-0000-0000-000000000000/resourceGroups/cli_test_restore_point_collection000001/providers/Microsoft.Network/virtualNetworks?api-version=2022-01-01
  response:
    body:
      string: '{"value":[]}'
    headers:
      cache-control:
      - no-cache
      content-length:
      - '12'
      content-type:
      - application/json; charset=utf-8
      date:
      - Tue, 19 Dec 2023 10:09:04 GMT
      expires:
      - '-1'
      pragma:
      - no-cache
      strict-transport-security:
      - max-age=31536000; includeSubDomains
      vary:
      - Accept-Encoding
      x-content-type-options:
      - nosniff
    status:
      code: 200
      message: OK
- request:
    body: null
    headers:
      Accept:
      - application/json
      Accept-Encoding:
      - gzip, deflate
      CommandName:
      - vm create
      Connection:
      - keep-alive
      ParameterSetName:
      - -n -g --image --admin-username
      User-Agent:
      - AZURECLI/2.55.0 azsdk-python-azure-mgmt-compute/30.4.0 Python/3.10.11 (Windows-10-10.0.22631-SP0)
    method: GET
    uri: https://management.azure.com/subscriptions/00000000-0000-0000-0000-000000000000/providers/Microsoft.Compute/locations/westus/publishers/Canonical/artifacttypes/vmimage/offers/UbuntuServer/skus/18.04-LTS/versions?$top=1&$orderby=name%20desc&api-version=2023-09-01
  response:
    body:
      string: "[\r\n  {\r\n    \"location\": \"westus\",\r\n    \"name\": \"18.04.202306070\",\r\n
        \   \"id\": \"/Subscriptions/00000000-0000-0000-0000-000000000000/Providers/Microsoft.Compute/Locations/westus/Publishers/Canonical/ArtifactTypes/VMImage/Offers/UbuntuServer/Skus/18.04-LTS/Versions/18.04.202306070\"\r\n
        \ }\r\n]"
    headers:
      cache-control:
      - no-cache
      content-length:
      - '286'
      content-type:
      - application/json; charset=utf-8
      date:
      - Tue, 19 Dec 2023 10:09:05 GMT
      expires:
      - '-1'
      pragma:
      - no-cache
      server:
      - Microsoft-HTTPAPI/2.0
      - Microsoft-HTTPAPI/2.0
      strict-transport-security:
      - max-age=31536000; includeSubDomains
      transfer-encoding:
      - chunked
      vary:
      - Accept-Encoding
      x-content-type-options:
      - nosniff
      x-ms-ratelimit-remaining-resource:
      - Microsoft.Compute/ListVMImagesVersionsFromLocation3Min;15995,Microsoft.Compute/ListVMImagesVersionsFromLocation30Min;43933
    status:
      code: 200
      message: OK
- request:
    body: null
    headers:
      Accept:
      - application/json
      Accept-Encoding:
      - gzip, deflate
      CommandName:
      - vm create
      Connection:
      - keep-alive
      ParameterSetName:
      - -n -g --image --admin-username
      User-Agent:
      - AZURECLI/2.55.0 azsdk-python-azure-mgmt-compute/30.4.0 Python/3.10.11 (Windows-10-10.0.22631-SP0)
    method: GET
    uri: https://management.azure.com/subscriptions/00000000-0000-0000-0000-000000000000/providers/Microsoft.Compute/locations/westus/publishers/Canonical/artifacttypes/vmimage/offers/UbuntuServer/skus/18.04-LTS/versions/18.04.202306070?api-version=2023-09-01
  response:
    body:
      string: "{\r\n  \"properties\": {\r\n    \"hyperVGeneration\": \"V1\",\r\n    \"architecture\":
        \"x64\",\r\n    \"replicaType\": \"Unmanaged\",\r\n    \"disallowed\": {\r\n
        \     \"vmDiskType\": \"None\"\r\n    },\r\n    \"automaticOSUpgradeProperties\":
        {\r\n      \"automaticOSUpgradeSupported\": true\r\n    },\r\n    \"imageDeprecationStatus\":
        {\r\n      \"imageState\": \"Active\"\r\n    },\r\n    \"features\": [\r\n
        \     {\r\n        \"name\": \"IsAcceleratedNetworkSupported\",\r\n        \"value\":
        \"True\"\r\n      },\r\n      {\r\n        \"name\": \"DiskControllerTypes\",\r\n
        \       \"value\": \"SCSI, NVMe\"\r\n      },\r\n      {\r\n        \"name\":
        \"IsHibernateSupported\",\r\n        \"value\": \"True\"\r\n      }\r\n    ],\r\n
        \   \"osDiskImage\": {\r\n      \"operatingSystem\": \"Linux\",\r\n      \"sizeInBytes\":
        32213303808\r\n    },\r\n    \"dataDiskImages\": []\r\n  },\r\n  \"location\":
        \"westus\",\r\n  \"name\": \"18.04.202306070\",\r\n  \"id\": \"/Subscriptions/00000000-0000-0000-0000-000000000000/Providers/Microsoft.Compute/Locations/westus/Publishers/Canonical/ArtifactTypes/VMImage/Offers/UbuntuServer/Skus/18.04-LTS/Versions/18.04.202306070\"\r\n}"
    headers:
      cache-control:
      - no-cache
      content-length:
      - '1025'
      content-type:
      - application/json; charset=utf-8
      date:
      - Tue, 19 Dec 2023 10:09:07 GMT
      expires:
      - '-1'
      pragma:
      - no-cache
      server:
      - Microsoft-HTTPAPI/2.0
      - Microsoft-HTTPAPI/2.0
      strict-transport-security:
      - max-age=31536000; includeSubDomains
      transfer-encoding:
      - chunked
      vary:
      - Accept-Encoding
      x-content-type-options:
      - nosniff
      x-ms-ratelimit-remaining-resource:
      - Microsoft.Compute/GetVMImageFromLocation3Min;12998,Microsoft.Compute/GetVMImageFromLocation30Min;73950
    status:
      code: 200
      message: OK
- request:
    body: null
    headers:
      Accept:
      - application/json
      Accept-Encoding:
      - gzip, deflate
      CommandName:
      - vm create
      Connection:
      - keep-alive
      ParameterSetName:
      - -n -g --image --admin-username
      User-Agent:
      - AZURECLI/2.55.0 azsdk-python-azure-mgmt-compute/30.4.0 Python/3.10.11 (Windows-10-10.0.22631-SP0)
    method: GET
    uri: https://management.azure.com/subscriptions/00000000-0000-0000-0000-000000000000/providers/Microsoft.Compute/locations/westus/publishers/Canonical/artifacttypes/vmimage/offers/UbuntuServer/skus/18.04-LTS/versions?$top=1&$orderby=name%20desc&api-version=2023-09-01
  response:
    body:
      string: "[\r\n  {\r\n    \"location\": \"westus\",\r\n    \"name\": \"18.04.202306070\",\r\n
        \   \"id\": \"/Subscriptions/00000000-0000-0000-0000-000000000000/Providers/Microsoft.Compute/Locations/westus/Publishers/Canonical/ArtifactTypes/VMImage/Offers/UbuntuServer/Skus/18.04-LTS/Versions/18.04.202306070\"\r\n
        \ }\r\n]"
    headers:
      cache-control:
      - no-cache
      content-length:
      - '286'
      content-type:
      - application/json; charset=utf-8
      date:
      - Tue, 19 Dec 2023 10:09:08 GMT
      expires:
      - '-1'
      pragma:
      - no-cache
      server:
      - Microsoft-HTTPAPI/2.0
      - Microsoft-HTTPAPI/2.0
      strict-transport-security:
      - max-age=31536000; includeSubDomains
      transfer-encoding:
      - chunked
      vary:
      - Accept-Encoding
      x-content-type-options:
      - nosniff
      x-ms-ratelimit-remaining-resource:
      - Microsoft.Compute/ListVMImagesVersionsFromLocation3Min;15994,Microsoft.Compute/ListVMImagesVersionsFromLocation30Min;43932
    status:
      code: 200
      message: OK
- request:
    body: null
    headers:
      Accept:
      - application/json
      Accept-Encoding:
      - gzip, deflate
      CommandName:
      - vm create
      Connection:
      - keep-alive
      ParameterSetName:
      - -n -g --image --admin-username
      User-Agent:
      - AZURECLI/2.55.0 azsdk-python-azure-mgmt-compute/30.4.0 Python/3.10.11 (Windows-10-10.0.22631-SP0)
    method: GET
    uri: https://management.azure.com/subscriptions/00000000-0000-0000-0000-000000000000/providers/Microsoft.Compute/locations/westus/publishers/Canonical/artifacttypes/vmimage/offers/UbuntuServer/skus/18.04-LTS/versions/18.04.202306070?api-version=2023-09-01
  response:
    body:
      string: "{\r\n  \"properties\": {\r\n    \"hyperVGeneration\": \"V1\",\r\n    \"architecture\":
        \"x64\",\r\n    \"replicaType\": \"Unmanaged\",\r\n    \"disallowed\": {\r\n
        \     \"vmDiskType\": \"None\"\r\n    },\r\n    \"automaticOSUpgradeProperties\":
        {\r\n      \"automaticOSUpgradeSupported\": true\r\n    },\r\n    \"imageDeprecationStatus\":
        {\r\n      \"imageState\": \"Active\"\r\n    },\r\n    \"features\": [\r\n
        \     {\r\n        \"name\": \"IsAcceleratedNetworkSupported\",\r\n        \"value\":
        \"True\"\r\n      },\r\n      {\r\n        \"name\": \"DiskControllerTypes\",\r\n
        \       \"value\": \"SCSI, NVMe\"\r\n      },\r\n      {\r\n        \"name\":
        \"IsHibernateSupported\",\r\n        \"value\": \"True\"\r\n      }\r\n    ],\r\n
        \   \"osDiskImage\": {\r\n      \"operatingSystem\": \"Linux\",\r\n      \"sizeInBytes\":
        32213303808\r\n    },\r\n    \"dataDiskImages\": []\r\n  },\r\n  \"location\":
        \"westus\",\r\n  \"name\": \"18.04.202306070\",\r\n  \"id\": \"/Subscriptions/00000000-0000-0000-0000-000000000000/Providers/Microsoft.Compute/Locations/westus/Publishers/Canonical/ArtifactTypes/VMImage/Offers/UbuntuServer/Skus/18.04-LTS/Versions/18.04.202306070\"\r\n}"
    headers:
      cache-control:
      - no-cache
      content-length:
      - '1025'
      content-type:
      - application/json; charset=utf-8
      date:
      - Tue, 19 Dec 2023 10:09:10 GMT
      expires:
      - '-1'
      pragma:
      - no-cache
      server:
      - Microsoft-HTTPAPI/2.0
      - Microsoft-HTTPAPI/2.0
      strict-transport-security:
      - max-age=31536000; includeSubDomains
      transfer-encoding:
      - chunked
      vary:
      - Accept-Encoding
      x-content-type-options:
      - nosniff
      x-ms-ratelimit-remaining-resource:
      - Microsoft.Compute/GetVMImageFromLocation3Min;12997,Microsoft.Compute/GetVMImageFromLocation30Min;73949
    status:
      code: 200
      message: OK
- request:
    body: '{"properties": {"template": {"$schema": "https://schema.management.azure.com/schemas/2015-01-01/deploymentTemplate.json#",
      "contentVersion": "1.0.0.0", "parameters": {}, "variables": {}, "resources":
      [{"name": "vm_000003VNET", "type": "Microsoft.Network/virtualNetworks", "location":
      "westus", "apiVersion": "2015-06-15", "dependsOn": [], "tags": {}, "properties":
      {"addressSpace": {"addressPrefixes": ["10.0.0.0/16"]}, "subnets": [{"name":
      "vm_000003Subnet", "properties": {"addressPrefix": "10.0.0.0/24"}}]}}, {"type":
      "Microsoft.Network/networkSecurityGroups", "name": "vm_000003NSG", "apiVersion":
      "2015-06-15", "location": "westus", "tags": {}, "dependsOn": [], "properties":
      {"securityRules": [{"name": "default-allow-ssh", "properties": {"protocol":
      "Tcp", "sourcePortRange": "*", "destinationPortRange": "22", "sourceAddressPrefix":
      "*", "destinationAddressPrefix": "*", "access": "Allow", "priority": 1000, "direction":
      "Inbound"}}]}}, {"apiVersion": "2022-01-01", "type": "Microsoft.Network/publicIPAddresses",
      "name": "vm_000003PublicIP", "location": "westus", "tags": {}, "dependsOn":
      [], "properties": {"publicIPAllocationMethod": "Static"}, "sku": {"name": "Standard"}},
      {"apiVersion": "2015-06-15", "type": "Microsoft.Network/networkInterfaces",
      "name": "vm_000003VMNic", "location": "westus", "tags": {}, "dependsOn": ["Microsoft.Network/virtualNetworks/vm_000003VNET",
      "Microsoft.Network/networkSecurityGroups/vm_000003NSG", "Microsoft.Network/publicIpAddresses/vm_000003PublicIP"],
      "properties": {"ipConfigurations": [{"name": "ipconfigvm_000003", "properties":
      {"privateIPAllocationMethod": "Dynamic", "subnet": {"id": "/subscriptions/00000000-0000-0000-0000-000000000000/resourceGroups/cli_test_restore_point_collection000001/providers/Microsoft.Network/virtualNetworks/vm_000003VNET/subnets/vm_000003Subnet"},
      "publicIPAddress": {"id": "/subscriptions/00000000-0000-0000-0000-000000000000/resourceGroups/cli_test_restore_point_collection000001/providers/Microsoft.Network/publicIPAddresses/vm_000003PublicIP"}}}],
      "networkSecurityGroup": {"id": "/subscriptions/00000000-0000-0000-0000-000000000000/resourceGroups/cli_test_restore_point_collection000001/providers/Microsoft.Network/networkSecurityGroups/vm_000003NSG"}}},
      {"apiVersion": "2023-09-01", "type": "Microsoft.Compute/virtualMachines", "name":
      "vm_000003", "location": "westus", "tags": {}, "dependsOn": ["Microsoft.Network/networkInterfaces/vm_000003VMNic"],
      "properties": {"hardwareProfile": {"vmSize": "Standard_DS1_v2"}, "networkProfile":
      {"networkInterfaces": [{"id": "/subscriptions/00000000-0000-0000-0000-000000000000/resourceGroups/cli_test_restore_point_collection000001/providers/Microsoft.Network/networkInterfaces/vm_000003VMNic",
      "properties": {"deleteOption": null}}]}, "storageProfile": {"osDisk": {"createOption":
      "fromImage", "name": null, "caching": "ReadWrite", "managedDisk": {"storageAccountType":
      null}}, "imageReference": {"publisher": "Canonical", "offer": "UbuntuServer",
      "sku": "18.04-LTS", "version": "latest"}}, "osProfile": {"computerName": "vma3bondslsbkc",
      "adminUsername": "vmtest", "linuxConfiguration": {"disablePasswordAuthentication":
      true, "ssh": {"publicKeys": [{"keyData": "ssh-rsa AAAAB3NzaC1yc2EAAAADAQABAAABAQCey0/ipz0OxUGA6xunJY5HdhvlsyRf2JdpnRaH0UU5KsAiajLq5HifCzJAEpRvWXIIYKSrqNi+hSmKRXiGJaHnK0dm0QO8YvM/Ab+MZUZ0L9VRznMoLsexTgDEC6QidxP5VYxXQwzgvbK1kn1J+7QTmd9JzV4Q83EEIZM5VGp7DwuUzhSuUN4LNJ9TnsCpjZwDIqIIGo9kLRLov+CfPb50o/768pa4W87a7FDJc74gvu/Qh7K05ztWNABlqYk5QsSkLWosN/vCaR+Nlh6EroTUw679G0MLj2WD/P0vLbiy1Xgf2oZ4Q5vLOQfoU2SWNkzzmfpdu3o9+VWNQppUZPyt",
      "path": "/home/vmtest/.ssh/authorized_keys"}]}}}}}], "outputs": {}}, "parameters":
      {}, "mode": "incremental"}}'
    headers:
      Accept:
      - application/json
      Accept-Encoding:
      - gzip, deflate
      CommandName:
      - vm create
      Connection:
      - keep-alive
      Content-Length:
      - '3687'
      Content-Type:
      - application/json
      ParameterSetName:
      - -n -g --image --admin-username
      User-Agent:
      - AZURECLI/2.55.0 azsdk-python-azure-mgmt-resource/23.1.0b2 Python/3.10.11 (Windows-10-10.0.22631-SP0)
    method: PUT
    uri: https://management.azure.com/subscriptions/00000000-0000-0000-0000-000000000000/resourcegroups/cli_test_restore_point_collection000001/providers/Microsoft.Resources/deployments/mock-deployment?api-version=2022-09-01
  response:
    body:
      string: '{"id":"/subscriptions/00000000-0000-0000-0000-000000000000/resourceGroups/cli_test_restore_point_collection000001/providers/Microsoft.Resources/deployments/vm_deploy_BzCEavbH3a5XTuUhs8adVn7Z8hzQNyBy","name":"vm_deploy_BzCEavbH3a5XTuUhs8adVn7Z8hzQNyBy","type":"Microsoft.Resources/deployments","properties":{"templateHash":"188849706006970917","parameters":{},"mode":"Incremental","provisioningState":"Accepted","timestamp":"2023-12-19T10:09:16.7297158Z","duration":"PT0.0000874S","correlationId":"30b0d743-9351-4a17-b6df-a149a74cb880","providers":[{"namespace":"Microsoft.Network","resourceTypes":[{"resourceType":"virtualNetworks","locations":["westus"]},{"resourceType":"networkSecurityGroups","locations":["westus"]},{"resourceType":"publicIPAddresses","locations":["westus"]},{"resourceType":"networkInterfaces","locations":["westus"]}]},{"namespace":"Microsoft.Compute","resourceTypes":[{"resourceType":"virtualMachines","locations":["westus"]}]}],"dependencies":[{"dependsOn":[{"id":"/subscriptions/00000000-0000-0000-0000-000000000000/resourceGroups/cli_test_restore_point_collection000001/providers/Microsoft.Network/virtualNetworks/vm_000003VNET","resourceType":"Microsoft.Network/virtualNetworks","resourceName":"vm_000003VNET"},{"id":"/subscriptions/00000000-0000-0000-0000-000000000000/resourceGroups/cli_test_restore_point_collection000001/providers/Microsoft.Network/networkSecurityGroups/vm_000003NSG","resourceType":"Microsoft.Network/networkSecurityGroups","resourceName":"vm_000003NSG"},{"id":"/subscriptions/00000000-0000-0000-0000-000000000000/resourceGroups/cli_test_restore_point_collection000001/providers/Microsoft.Network/publicIPAddresses/vm_000003PublicIP","resourceType":"Microsoft.Network/publicIPAddresses","resourceName":"vm_000003PublicIP"}],"id":"/subscriptions/00000000-0000-0000-0000-000000000000/resourceGroups/cli_test_restore_point_collection000001/providers/Microsoft.Network/networkInterfaces/vm_000003VMNic","resourceType":"Microsoft.Network/networkInterfaces","resourceName":"vm_000003VMNic"},{"dependsOn":[{"id":"/subscriptions/00000000-0000-0000-0000-000000000000/resourceGroups/cli_test_restore_point_collection000001/providers/Microsoft.Network/networkInterfaces/vm_000003VMNic","resourceType":"Microsoft.Network/networkInterfaces","resourceName":"vm_000003VMNic"}],"id":"/subscriptions/00000000-0000-0000-0000-000000000000/resourceGroups/cli_test_restore_point_collection000001/providers/Microsoft.Compute/virtualMachines/vm_000003","resourceType":"Microsoft.Compute/virtualMachines","resourceName":"vm_000003"}]}}'
    headers:
      azure-asyncoperation:
      - https://management.azure.com/subscriptions/00000000-0000-0000-0000-000000000000/resourcegroups/cli_test_restore_point_collection000001/providers/Microsoft.Resources/deployments/vm_deploy_BzCEavbH3a5XTuUhs8adVn7Z8hzQNyBy/operationStatuses/08584986263314012746?api-version=2022-09-01
      cache-control:
      - no-cache
      content-length:
      - '2561'
      content-type:
      - application/json; charset=utf-8
      date:
      - Tue, 19 Dec 2023 10:09:17 GMT
      expires:
      - '-1'
      pragma:
      - no-cache
      strict-transport-security:
      - max-age=31536000; includeSubDomains
      x-content-type-options:
      - nosniff
      x-ms-ratelimit-remaining-subscription-writes:
      - '1198'
    status:
      code: 201
      message: Created
- request:
    body: null
    headers:
      Accept:
      - '*/*'
      Accept-Encoding:
      - gzip, deflate
      CommandName:
      - vm create
      Connection:
      - keep-alive
      ParameterSetName:
      - -n -g --image --admin-username
      User-Agent:
      - AZURECLI/2.55.0 azsdk-python-azure-mgmt-resource/23.1.0b2 Python/3.10.11 (Windows-10-10.0.22631-SP0)
    method: GET
    uri: https://management.azure.com/subscriptions/00000000-0000-0000-0000-000000000000/resourcegroups/cli_test_restore_point_collection000001/providers/Microsoft.Resources/deployments/mock-deployment/operationStatuses/08584986263314012746?api-version=2022-09-01
  response:
    body:
      string: '{"status":"Running"}'
    headers:
      cache-control:
      - no-cache
      content-length:
      - '20'
      content-type:
      - application/json; charset=utf-8
      date:
      - Tue, 19 Dec 2023 10:09:18 GMT
      expires:
      - '-1'
      pragma:
      - no-cache
      strict-transport-security:
      - max-age=31536000; includeSubDomains
      vary:
      - Accept-Encoding
      x-content-type-options:
      - nosniff
    status:
      code: 200
      message: OK
- request:
    body: null
    headers:
      Accept:
      - '*/*'
      Accept-Encoding:
      - gzip, deflate
      CommandName:
      - vm create
      Connection:
      - keep-alive
      ParameterSetName:
      - -n -g --image --admin-username
      User-Agent:
      - AZURECLI/2.55.0 azsdk-python-azure-mgmt-resource/23.1.0b2 Python/3.10.11 (Windows-10-10.0.22631-SP0)
    method: GET
    uri: https://management.azure.com/subscriptions/00000000-0000-0000-0000-000000000000/resourcegroups/cli_test_restore_point_collection000001/providers/Microsoft.Resources/deployments/mock-deployment/operationStatuses/08584986263314012746?api-version=2022-09-01
  response:
    body:
      string: '{"status":"Running"}'
    headers:
      cache-control:
      - no-cache
      content-length:
      - '20'
      content-type:
      - application/json; charset=utf-8
      date:
      - Tue, 19 Dec 2023 10:09:48 GMT
      expires:
      - '-1'
      pragma:
      - no-cache
      strict-transport-security:
      - max-age=31536000; includeSubDomains
      vary:
      - Accept-Encoding
      x-content-type-options:
      - nosniff
    status:
      code: 200
      message: OK
- request:
    body: null
    headers:
      Accept:
      - '*/*'
      Accept-Encoding:
      - gzip, deflate
      CommandName:
      - vm create
      Connection:
      - keep-alive
      ParameterSetName:
      - -n -g --image --admin-username
      User-Agent:
      - AZURECLI/2.55.0 azsdk-python-azure-mgmt-resource/23.1.0b2 Python/3.10.11 (Windows-10-10.0.22631-SP0)
    method: GET
    uri: https://management.azure.com/subscriptions/00000000-0000-0000-0000-000000000000/resourcegroups/cli_test_restore_point_collection000001/providers/Microsoft.Resources/deployments/mock-deployment/operationStatuses/08584986263314012746?api-version=2022-09-01
  response:
    body:
      string: '{"status":"Succeeded"}'
    headers:
      cache-control:
      - no-cache
      connection:
      - close
      content-length:
      - '22'
      content-type:
      - application/json; charset=utf-8
      date:
      - Tue, 19 Dec 2023 10:10:18 GMT
      expires:
      - '-1'
      pragma:
      - no-cache
      strict-transport-security:
      - max-age=31536000; includeSubDomains
      vary:
      - Accept-Encoding
      x-content-type-options:
      - nosniff
    status:
      code: 200
      message: OK
- request:
    body: null
    headers:
      Accept:
      - '*/*'
      Accept-Encoding:
      - gzip, deflate
      CommandName:
      - vm create
      Connection:
      - keep-alive
      ParameterSetName:
      - -n -g --image --admin-username
      User-Agent:
      - AZURECLI/2.55.0 azsdk-python-azure-mgmt-resource/23.1.0b2 Python/3.10.11 (Windows-10-10.0.22631-SP0)
    method: GET
    uri: https://management.azure.com/subscriptions/00000000-0000-0000-0000-000000000000/resourcegroups/cli_test_restore_point_collection000001/providers/Microsoft.Resources/deployments/mock-deployment?api-version=2022-09-01
  response:
    body:
      string: '{"id":"/subscriptions/00000000-0000-0000-0000-000000000000/resourceGroups/cli_test_restore_point_collection000001/providers/Microsoft.Resources/deployments/vm_deploy_BzCEavbH3a5XTuUhs8adVn7Z8hzQNyBy","name":"vm_deploy_BzCEavbH3a5XTuUhs8adVn7Z8hzQNyBy","type":"Microsoft.Resources/deployments","properties":{"templateHash":"188849706006970917","parameters":{},"mode":"Incremental","provisioningState":"Succeeded","timestamp":"2023-12-19T10:09:55.6907837Z","duration":"PT38.9611553S","correlationId":"30b0d743-9351-4a17-b6df-a149a74cb880","providers":[{"namespace":"Microsoft.Network","resourceTypes":[{"resourceType":"virtualNetworks","locations":["westus"]},{"resourceType":"networkSecurityGroups","locations":["westus"]},{"resourceType":"publicIPAddresses","locations":["westus"]},{"resourceType":"networkInterfaces","locations":["westus"]}]},{"namespace":"Microsoft.Compute","resourceTypes":[{"resourceType":"virtualMachines","locations":["westus"]}]}],"dependencies":[{"dependsOn":[{"id":"/subscriptions/00000000-0000-0000-0000-000000000000/resourceGroups/cli_test_restore_point_collection000001/providers/Microsoft.Network/virtualNetworks/vm_000003VNET","resourceType":"Microsoft.Network/virtualNetworks","resourceName":"vm_000003VNET"},{"id":"/subscriptions/00000000-0000-0000-0000-000000000000/resourceGroups/cli_test_restore_point_collection000001/providers/Microsoft.Network/networkSecurityGroups/vm_000003NSG","resourceType":"Microsoft.Network/networkSecurityGroups","resourceName":"vm_000003NSG"},{"id":"/subscriptions/00000000-0000-0000-0000-000000000000/resourceGroups/cli_test_restore_point_collection000001/providers/Microsoft.Network/publicIPAddresses/vm_000003PublicIP","resourceType":"Microsoft.Network/publicIPAddresses","resourceName":"vm_000003PublicIP"}],"id":"/subscriptions/00000000-0000-0000-0000-000000000000/resourceGroups/cli_test_restore_point_collection000001/providers/Microsoft.Network/networkInterfaces/vm_000003VMNic","resourceType":"Microsoft.Network/networkInterfaces","resourceName":"vm_000003VMNic"},{"dependsOn":[{"id":"/subscriptions/00000000-0000-0000-0000-000000000000/resourceGroups/cli_test_restore_point_collection000001/providers/Microsoft.Network/networkInterfaces/vm_000003VMNic","resourceType":"Microsoft.Network/networkInterfaces","resourceName":"vm_000003VMNic"}],"id":"/subscriptions/00000000-0000-0000-0000-000000000000/resourceGroups/cli_test_restore_point_collection000001/providers/Microsoft.Compute/virtualMachines/vm_000003","resourceType":"Microsoft.Compute/virtualMachines","resourceName":"vm_000003"}],"outputs":{},"outputResources":[{"id":"/subscriptions/00000000-0000-0000-0000-000000000000/resourceGroups/cli_test_restore_point_collection000001/providers/Microsoft.Compute/virtualMachines/vm_000003"},{"id":"/subscriptions/00000000-0000-0000-0000-000000000000/resourceGroups/cli_test_restore_point_collection000001/providers/Microsoft.Network/networkInterfaces/vm_000003VMNic"},{"id":"/subscriptions/00000000-0000-0000-0000-000000000000/resourceGroups/cli_test_restore_point_collection000001/providers/Microsoft.Network/networkSecurityGroups/vm_000003NSG"},{"id":"/subscriptions/00000000-0000-0000-0000-000000000000/resourceGroups/cli_test_restore_point_collection000001/providers/Microsoft.Network/publicIPAddresses/vm_000003PublicIP"},{"id":"/subscriptions/00000000-0000-0000-0000-000000000000/resourceGroups/cli_test_restore_point_collection000001/providers/Microsoft.Network/virtualNetworks/vm_000003VNET"}]}}'
    headers:
      cache-control:
      - no-cache
      content-length:
      - '3476'
      content-type:
      - application/json; charset=utf-8
      date:
      - Tue, 19 Dec 2023 10:10:20 GMT
      expires:
      - '-1'
      pragma:
      - no-cache
      strict-transport-security:
      - max-age=31536000; includeSubDomains
      vary:
      - Accept-Encoding
      x-content-type-options:
      - nosniff
    status:
      code: 200
      message: OK
- request:
    body: null
    headers:
      Accept:
      - application/json
      Accept-Encoding:
      - gzip, deflate
      CommandName:
      - vm create
      Connection:
      - keep-alive
      ParameterSetName:
      - -n -g --image --admin-username
      User-Agent:
      - AZURECLI/2.55.0 azsdk-python-azure-mgmt-compute/30.4.0 Python/3.10.11 (Windows-10-10.0.22631-SP0)
    method: GET
    uri: https://management.azure.com/subscriptions/00000000-0000-0000-0000-000000000000/resourceGroups/cli_test_restore_point_collection000001/providers/Microsoft.Compute/virtualMachines/vm_000003?$expand=instanceView&api-version=2023-09-01
  response:
    body:
      string: "{\r\n  \"name\": \"vm_000003\",\r\n  \"id\": \"/subscriptions/00000000-0000-0000-0000-000000000000/resourceGroups/cli_test_restore_point_collection000001/providers/Microsoft.Compute/virtualMachines/vm_000003\",\r\n
        \ \"type\": \"Microsoft.Compute/virtualMachines\",\r\n  \"location\": \"westus\",\r\n
        \ \"tags\": {},\r\n  \"properties\": {\r\n    \"hardwareProfile\": {\r\n      \"vmSize\":
        \"Standard_DS1_v2\"\r\n    },\r\n    \"provisioningState\": \"Succeeded\",\r\n
        \   \"vmId\": \"824a5fe8-dc3b-4af1-a2e0-8255546b4608\",\r\n    \"storageProfile\":
        {\r\n      \"imageReference\": {\r\n        \"publisher\": \"Canonical\",\r\n
        \       \"offer\": \"UbuntuServer\",\r\n        \"sku\": \"18.04-LTS\",\r\n
        \       \"version\": \"latest\",\r\n        \"exactVersion\": \"18.04.202306070\"\r\n
        \     },\r\n      \"osDisk\": {\r\n        \"osType\": \"Linux\",\r\n        \"name\":
        \"vm_000003_disk1_e73924020a004d13a964035cd2d9dc5a\",\r\n        \"createOption\":
        \"FromImage\",\r\n        \"caching\": \"ReadWrite\",\r\n        \"managedDisk\":
        {\r\n          \"storageAccountType\": \"Premium_LRS\",\r\n          \"id\":
        \"/subscriptions/00000000-0000-0000-0000-000000000000/resourceGroups/cli_test_restore_point_collection000001/providers/Microsoft.Compute/disks/vm_000003_disk1_e73924020a004d13a964035cd2d9dc5a\"\r\n
        \       },\r\n        \"deleteOption\": \"Detach\",\r\n        \"diskSizeGB\":
        30\r\n      },\r\n      \"dataDisks\": []\r\n    },\r\n    \"osProfile\":
        {\r\n      \"computerName\": \"vma3bondslsbkc\",\r\n      \"adminUsername\":
        \"vmtest\",\r\n      \"linuxConfiguration\": {\r\n        \"disablePasswordAuthentication\":
        true,\r\n        \"ssh\": {\r\n          \"publicKeys\": [\r\n            {\r\n
        \             \"path\": \"/home/vmtest/.ssh/authorized_keys\",\r\n              \"keyData\":
        \"ssh-rsa AAAAB3NzaC1yc2EAAAADAQABAAABAQCey0/ipz0OxUGA6xunJY5HdhvlsyRf2JdpnRaH0UU5KsAiajLq5HifCzJAEpRvWXIIYKSrqNi+hSmKRXiGJaHnK0dm0QO8YvM/Ab+MZUZ0L9VRznMoLsexTgDEC6QidxP5VYxXQwzgvbK1kn1J+7QTmd9JzV4Q83EEIZM5VGp7DwuUzhSuUN4LNJ9TnsCpjZwDIqIIGo9kLRLov+CfPb50o/768pa4W87a7FDJc74gvu/Qh7K05ztWNABlqYk5QsSkLWosN/vCaR+Nlh6EroTUw679G0MLj2WD/P0vLbiy1Xgf2oZ4Q5vLOQfoU2SWNkzzmfpdu3o9+VWNQppUZPyt\"\r\n
        \           }\r\n          ]\r\n        },\r\n        \"provisionVMAgent\":
        true,\r\n        \"patchSettings\": {\r\n          \"patchMode\": \"ImageDefault\",\r\n
        \         \"assessmentMode\": \"ImageDefault\"\r\n        },\r\n        \"enableVMAgentPlatformUpdates\":
        false\r\n      },\r\n      \"secrets\": [],\r\n      \"allowExtensionOperations\":
        true,\r\n      \"requireGuestProvisionSignal\": true\r\n    },\r\n    \"networkProfile\":
        {\"networkInterfaces\":[{\"id\":\"/subscriptions/00000000-0000-0000-0000-000000000000/resourceGroups/cli_test_restore_point_collection000001/providers/Microsoft.Network/networkInterfaces/vm_000003VMNic\"}]},\r\n
        \   \"instanceView\": {\r\n      \"vmAgent\": {\r\n        \"vmAgentVersion\":
        \"Unknown\",\r\n        \"statuses\": [\r\n          {\r\n            \"code\":
        \"ProvisioningState/Unavailable\",\r\n            \"level\": \"Warning\",\r\n
        \           \"displayStatus\": \"Not Ready\",\r\n            \"message\":
        \"VM status blob is found but not yet populated.\",\r\n            \"time\":
        \"2023-12-19T10:10:23+00:00\"\r\n          }\r\n        ]\r\n      },\r\n
        \     \"disks\": [\r\n        {\r\n          \"name\": \"vm_000003_disk1_e73924020a004d13a964035cd2d9dc5a\",\r\n
        \         \"statuses\": [\r\n            {\r\n              \"code\": \"ProvisioningState/succeeded\",\r\n
        \             \"level\": \"Info\",\r\n              \"displayStatus\": \"Provisioning
        succeeded\",\r\n              \"time\": \"2023-12-19T10:09:39.4805882+00:00\"\r\n
        \           }\r\n          ]\r\n        }\r\n      ],\r\n      \"hyperVGeneration\":
        \"V1\",\r\n      \"statuses\": [\r\n        {\r\n          \"code\": \"ProvisioningState/succeeded\",\r\n
        \         \"level\": \"Info\",\r\n          \"displayStatus\": \"Provisioning
        succeeded\",\r\n          \"time\": \"2023-12-19T10:09:51.8088485+00:00\"\r\n
        \       },\r\n        {\r\n          \"code\": \"PowerState/running\",\r\n
        \         \"level\": \"Info\",\r\n          \"displayStatus\": \"VM running\"\r\n
        \       }\r\n      ]\r\n    },\r\n    \"timeCreated\": \"2023-12-19T10:09:37.511808+00:00\"\r\n
        \ }\r\n}"
    headers:
      cache-control:
      - no-cache
      content-length:
      - '3853'
      content-type:
      - application/json; charset=utf-8
      date:
      - Tue, 19 Dec 2023 10:10:23 GMT
      expires:
      - '-1'
      pragma:
      - no-cache
      server:
      - Microsoft-HTTPAPI/2.0
      - Microsoft-HTTPAPI/2.0
      strict-transport-security:
      - max-age=31536000; includeSubDomains
      transfer-encoding:
      - chunked
      vary:
      - Accept-Encoding
      x-content-type-options:
      - nosniff
      x-ms-ratelimit-remaining-resource:
      - Microsoft.Compute/LowCostGetSubscriptionMaximum;23983,Microsoft.Compute/LowCostGetResource;32
    status:
      code: 200
      message: ''
- request:
    body: null
    headers:
      Accept:
      - application/json
      Accept-Encoding:
      - gzip, deflate
      CommandName:
      - vm create
      Connection:
      - keep-alive
      ParameterSetName:
      - -n -g --image --admin-username
      User-Agent:
      - AZURECLI/2.55.0 (AAZ) azsdk-python-core/1.28.0 Python/3.10.11 (Windows-10-10.0.22631-SP0)
    method: GET
    uri: https://management.azure.com/subscriptions/00000000-0000-0000-0000-000000000000/resourceGroups/cli_test_restore_point_collection000001/providers/Microsoft.Network/networkInterfaces/vm_000003VMNic?api-version=2022-01-01
  response:
    body:
      string: "{\r\n  \"name\": \"vm_000003VMNic\",\r\n  \"id\": \"/subscriptions/00000000-0000-0000-0000-000000000000/resourceGroups/cli_test_restore_point_collection000001/providers/Microsoft.Network/networkInterfaces/vm_000003VMNic\",\r\n
        \ \"etag\": \"W/\\\"4814b97c-8af2-40ab-9907-7904a2b17784\\\"\",\r\n  \"tags\":
        {},\r\n  \"properties\": {\r\n    \"provisioningState\": \"Succeeded\",\r\n
        \   \"resourceGuid\": \"1d4b0e8a-08ef-4263-ac4f-f84e9e7da127\",\r\n    \"ipConfigurations\":
        [\r\n      {\r\n        \"name\": \"ipconfigvm_000003\",\r\n        \"id\":
        \"/subscriptions/00000000-0000-0000-0000-000000000000/resourceGroups/cli_test_restore_point_collection000001/providers/Microsoft.Network/networkInterfaces/vm_000003VMNic/ipConfigurations/ipconfigvm_000003\",\r\n
        \       \"etag\": \"W/\\\"4814b97c-8af2-40ab-9907-7904a2b17784\\\"\",\r\n
        \       \"type\": \"Microsoft.Network/networkInterfaces/ipConfigurations\",\r\n
        \       \"properties\": {\r\n          \"provisioningState\": \"Succeeded\",\r\n
        \         \"privateIPAddress\": \"10.0.0.4\",\r\n          \"privateIPAllocationMethod\":
        \"Dynamic\",\r\n          \"publicIPAddress\": {\r\n            \"id\": \"/subscriptions/00000000-0000-0000-0000-000000000000/resourceGroups/cli_test_restore_point_collection000001/providers/Microsoft.Network/publicIPAddresses/vm_000003PublicIP\"\r\n
        \         },\r\n          \"subnet\": {\r\n            \"id\": \"/subscriptions/00000000-0000-0000-0000-000000000000/resourceGroups/cli_test_restore_point_collection000001/providers/Microsoft.Network/virtualNetworks/vm_000003VNET/subnets/vm_000003Subnet\"\r\n
        \         },\r\n          \"primary\": true,\r\n          \"privateIPAddressVersion\":
        \"IPv4\"\r\n        }\r\n      }\r\n    ],\r\n    \"dnsSettings\": {\r\n      \"dnsServers\":
        [],\r\n      \"appliedDnsServers\": [],\r\n      \"internalDomainNameSuffix\":
        \"yfej3whatqzenj3e3n2dd4epwb.dx.internal.cloudapp.net\"\r\n    },\r\n    \"macAddress\":
        \"60-45-BD-00-3F-BB\",\r\n    \"vnetEncryptionSupported\": false,\r\n    \"enableIPForwarding\":
        false,\r\n    \"networkSecurityGroup\": {\r\n      \"id\": \"/subscriptions/00000000-0000-0000-0000-000000000000/resourceGroups/cli_test_restore_point_collection000001/providers/Microsoft.Network/networkSecurityGroups/vm_000003NSG\"\r\n
        \   },\r\n    \"primary\": true,\r\n    \"virtualMachine\": {\r\n      \"id\":
        \"/subscriptions/00000000-0000-0000-0000-000000000000/resourceGroups/cli_test_restore_point_collection000001/providers/Microsoft.Compute/virtualMachines/vm_000003\"\r\n
        \   },\r\n    \"hostedWorkloads\": [],\r\n    \"tapConfigurations\": [],\r\n
        \   \"nicType\": \"Standard\",\r\n    \"allowPort25Out\": true,\r\n    \"auxiliaryMode\":
        \"None\"\r\n  },\r\n  \"type\": \"Microsoft.Network/networkInterfaces\",\r\n
        \ \"location\": \"westus\",\r\n  \"kind\": \"Regular\"\r\n}"
    headers:
      cache-control:
      - no-cache
      content-length:
      - '2575'
      content-type:
      - application/json; charset=utf-8
      date:
      - Tue, 19 Dec 2023 10:10:25 GMT
      etag:
      - W/"4814b97c-8af2-40ab-9907-7904a2b17784"
      expires:
      - '-1'
      pragma:
      - no-cache
      server:
      - Microsoft-HTTPAPI/2.0
      - Microsoft-HTTPAPI/2.0
      strict-transport-security:
      - max-age=31536000; includeSubDomains
      transfer-encoding:
      - chunked
      vary:
      - Accept-Encoding
      x-content-type-options:
      - nosniff
      x-ms-arm-service-request-id:
      - c5b8c506-4681-49e6-b472-65be9393a03e
    status:
      code: 200
      message: OK
- request:
    body: null
    headers:
      Accept:
      - application/json
      Accept-Encoding:
      - gzip, deflate
      CommandName:
      - vm create
      Connection:
      - keep-alive
      ParameterSetName:
      - -n -g --image --admin-username
      User-Agent:
      - AZURECLI/2.55.0 (AAZ) azsdk-python-core/1.28.0 Python/3.10.11 (Windows-10-10.0.22631-SP0)
    method: GET
    uri: https://management.azure.com/subscriptions/00000000-0000-0000-0000-000000000000/resourceGroups/cli_test_restore_point_collection000001/providers/Microsoft.Network/publicIPAddresses/vm_000003PublicIP?api-version=2022-01-01
  response:
    body:
      string: "{\r\n  \"name\": \"vm_000003PublicIP\",\r\n  \"id\": \"/subscriptions/00000000-0000-0000-0000-000000000000/resourceGroups/cli_test_restore_point_collection000001/providers/Microsoft.Network/publicIPAddresses/vm_000003PublicIP\",\r\n
        \ \"etag\": \"W/\\\"bb3e7334-0826-482d-837e-32d25c09ee2d\\\"\",\r\n  \"location\":
        \"westus\",\r\n  \"tags\": {},\r\n  \"properties\": {\r\n    \"provisioningState\":
        \"Succeeded\",\r\n    \"resourceGuid\": \"90bdf28d-728a-4d63-a790-757a97a9395f\",\r\n
        \   \"ipAddress\": \"40.78.22.130\",\r\n    \"publicIPAddressVersion\": \"IPv4\",\r\n
        \   \"publicIPAllocationMethod\": \"Static\",\r\n    \"idleTimeoutInMinutes\":
        4,\r\n    \"ipTags\": [],\r\n    \"ipConfiguration\": {\r\n      \"id\": \"/subscriptions/00000000-0000-0000-0000-000000000000/resourceGroups/cli_test_restore_point_collection000001/providers/Microsoft.Network/networkInterfaces/vm_000003VMNic/ipConfigurations/ipconfigvm_000003\"\r\n
        \   }\r\n  },\r\n  \"type\": \"Microsoft.Network/publicIPAddresses\",\r\n
        \ \"sku\": {\r\n    \"name\": \"Standard\",\r\n    \"tier\": \"Regional\"\r\n
        \ }\r\n}"
    headers:
      cache-control:
      - no-cache
      content-length:
      - '975'
      content-type:
      - application/json; charset=utf-8
      date:
      - Tue, 19 Dec 2023 10:10:26 GMT
      etag:
      - W/"bb3e7334-0826-482d-837e-32d25c09ee2d"
      expires:
      - '-1'
      pragma:
      - no-cache
      server:
      - Microsoft-HTTPAPI/2.0
      - Microsoft-HTTPAPI/2.0
      strict-transport-security:
      - max-age=31536000; includeSubDomains
      transfer-encoding:
      - chunked
      vary:
      - Accept-Encoding
      x-content-type-options:
      - nosniff
      x-ms-arm-service-request-id:
      - 460edc70-99ff-48a4-998b-7c335303d16c
    status:
      code: 200
      message: OK
- request:
    body: null
    headers:
      Accept:
      - application/json
      Accept-Encoding:
      - gzip, deflate
      CommandName:
      - restore-point collection create
      Connection:
      - keep-alive
      ParameterSetName:
      - -g --collection-name --source-id
      User-Agent:
      - AZURECLI/2.55.0 azsdk-python-azure-mgmt-resource/23.1.0b2 Python/3.10.11 (Windows-10-10.0.22631-SP0)
    method: GET
    uri: https://management.azure.com/subscriptions/00000000-0000-0000-0000-000000000000/resourcegroups/cli_test_restore_point_collection000001?api-version=2022-09-01
  response:
    body:
      string: '{"id":"/subscriptions/00000000-0000-0000-0000-000000000000/resourceGroups/cli_test_restore_point_collection000001","name":"cli_test_restore_point_collection000001","type":"Microsoft.Resources/resourceGroups","location":"westus","tags":{"product":"azurecli","cause":"automation","test":"test_restore_point_collection","date":"2023-12-19T10:08:58Z","module":"vm"},"properties":{"provisioningState":"Succeeded"}}'
    headers:
      cache-control:
      - no-cache
      content-length:
      - '409'
      content-type:
      - application/json; charset=utf-8
      date:
      - Tue, 19 Dec 2023 10:10:27 GMT
      expires:
      - '-1'
      pragma:
      - no-cache
      strict-transport-security:
      - max-age=31536000; includeSubDomains
      vary:
      - Accept-Encoding
      x-content-type-options:
      - nosniff
    status:
      code: 200
      message: OK
- request:
    body: '{"location": "westus", "properties": {"source": {"id": "/subscriptions/00000000-0000-0000-0000-000000000000/resourceGroups/cli_test_restore_point_collection000001/providers/Microsoft.Compute/virtualMachines/vm_000003"}}}'
    headers:
      Accept:
      - application/json
      Accept-Encoding:
      - gzip, deflate
      CommandName:
      - restore-point collection create
      Connection:
      - keep-alive
      Content-Length:
      - '220'
      Content-Type:
      - application/json
      ParameterSetName:
      - -g --collection-name --source-id
      User-Agent:
      - AZURECLI/2.55.0 azsdk-python-azure-mgmt-compute/30.4.0 Python/3.10.11 (Windows-10-10.0.22631-SP0)
    method: PUT
    uri: https://management.azure.com/subscriptions/00000000-0000-0000-0000-000000000000/resourceGroups/cli_test_restore_point_collection000001/providers/Microsoft.Compute/restorePointCollections/point_000002?api-version=2023-09-01
  response:
    body:
      string: "{\r\n  \"name\": \"point_000002\",\r\n  \"id\": \"/subscriptions/00000000-0000-0000-0000-000000000000/resourceGroups/cli_test_restore_point_collection000001/providers/Microsoft.Compute/restorePointCollections/point_000002\",\r\n
        \ \"type\": \"Microsoft.Compute/restorePointCollections\",\r\n  \"location\":
        \"westus\",\r\n  \"properties\": {\r\n    \"source\": {\r\n      \"location\":
        \"westus\",\r\n      \"id\": \"/subscriptions/00000000-0000-0000-0000-000000000000/resourceGroups/cli_test_restore_point_collection000001/providers/Microsoft.Compute/virtualMachines/vm_000003\"\r\n
        \   },\r\n    \"restorePointCollectionId\": \"fd02c760-aed8-4ff0-9596-0846a240e636\",\r\n
        \   \"provisioningState\": \"Succeeded\"\r\n  }\r\n}"
    headers:
      cache-control:
      - no-cache
      content-length:
      - '661'
      content-type:
      - application/json; charset=utf-8
      date:
      - Tue, 19 Dec 2023 10:10:29 GMT
      expires:
      - '-1'
      pragma:
      - no-cache
      server:
      - Microsoft-HTTPAPI/2.0
      - Microsoft-HTTPAPI/2.0
      strict-transport-security:
      - max-age=31536000; includeSubDomains
      x-content-type-options:
      - nosniff
      x-ms-ratelimit-remaining-resource:
      - Microsoft.Compute/PutRestorePointCollectionResource;14,Microsoft.Compute/PutRestorePointCollectionSubscriptionMaximum;149
      x-ms-ratelimit-remaining-subscription-writes:
      - '1195'
    status:
      code: 201
      message: ''
- request:
    body: '{"tags": {"tag": "test"}}'
    headers:
      Accept:
      - application/json
      Accept-Encoding:
      - gzip, deflate
      CommandName:
      - restore-point collection update
      Connection:
      - keep-alive
      Content-Length:
      - '25'
      Content-Type:
      - application/json
      ParameterSetName:
      - -g --collection-name --tags
      User-Agent:
      - AZURECLI/2.55.0 azsdk-python-azure-mgmt-compute/30.4.0 Python/3.10.11 (Windows-10-10.0.22631-SP0)
    method: PATCH
    uri: https://management.azure.com/subscriptions/00000000-0000-0000-0000-000000000000/resourceGroups/cli_test_restore_point_collection000001/providers/Microsoft.Compute/restorePointCollections/point_000002?api-version=2023-09-01
  response:
    body:
      string: "{\r\n  \"name\": \"point_000002\",\r\n  \"id\": \"/subscriptions/00000000-0000-0000-0000-000000000000/resourceGroups/cli_test_restore_point_collection000001/providers/Microsoft.Compute/restorePointCollections/point_000002\",\r\n
        \ \"type\": \"Microsoft.Compute/restorePointCollections\",\r\n  \"location\":
        \"westus\",\r\n  \"tags\": {\r\n    \"tag\": \"test\"\r\n  },\r\n  \"properties\":
        {\r\n    \"source\": {\r\n      \"location\": \"westus\",\r\n      \"id\":
        \"/subscriptions/00000000-0000-0000-0000-000000000000/resourceGroups/cli_test_restore_point_collection000001/providers/Microsoft.Compute/virtualMachines/vm_000003\"\r\n
        \   },\r\n    \"restorePointCollectionId\": \"fd02c760-aed8-4ff0-9596-0846a240e636\",\r\n
        \   \"provisioningState\": \"Succeeded\"\r\n  }\r\n}"
    headers:
      cache-control:
      - no-cache
      content-length:
      - '699'
      content-type:
      - application/json; charset=utf-8
      date:
      - Tue, 19 Dec 2023 10:10:32 GMT
      expires:
      - '-1'
      pragma:
      - no-cache
      server:
      - Microsoft-HTTPAPI/2.0
      - Microsoft-HTTPAPI/2.0
      strict-transport-security:
      - max-age=31536000; includeSubDomains
      transfer-encoding:
      - chunked
      vary:
      - Accept-Encoding
      x-content-type-options:
      - nosniff
      x-ms-ratelimit-remaining-resource:
      - Microsoft.Compute/UpdateRestorePointCollectionResource;14,Microsoft.Compute/UpdateRestorePointCollectionSubscriptionMaximum;149
      x-ms-ratelimit-remaining-subscription-writes:
      - '1197'
    status:
      code: 200
      message: ''
- request:
    body: null
    headers:
      Accept:
      - application/json
      Accept-Encoding:
      - gzip, deflate
      CommandName:
      - restore-point collection show
      Connection:
      - keep-alive
      ParameterSetName:
      - -g --collection-name
      User-Agent:
      - AZURECLI/2.55.0 azsdk-python-azure-mgmt-compute/30.4.0 Python/3.10.11 (Windows-10-10.0.22631-SP0)
    method: GET
    uri: https://management.azure.com/subscriptions/00000000-0000-0000-0000-000000000000/resourceGroups/cli_test_restore_point_collection000001/providers/Microsoft.Compute/restorePointCollections/point_000002?api-version=2023-09-01
  response:
    body:
      string: "{\r\n  \"name\": \"point_000002\",\r\n  \"id\": \"/subscriptions/00000000-0000-0000-0000-000000000000/resourceGroups/cli_test_restore_point_collection000001/providers/Microsoft.Compute/restorePointCollections/point_000002\",\r\n
        \ \"type\": \"Microsoft.Compute/restorePointCollections\",\r\n  \"location\":
        \"westus\",\r\n  \"tags\": {\r\n    \"tag\": \"test\"\r\n  },\r\n  \"properties\":
        {\r\n    \"source\": {\r\n      \"location\": \"westus\",\r\n      \"id\":
        \"/subscriptions/00000000-0000-0000-0000-000000000000/resourceGroups/cli_test_restore_point_collection000001/providers/Microsoft.Compute/virtualMachines/vm_000003\"\r\n
        \   },\r\n    \"restorePointCollectionId\": \"fd02c760-aed8-4ff0-9596-0846a240e636\",\r\n
        \   \"provisioningState\": \"Succeeded\"\r\n  }\r\n}"
    headers:
      cache-control:
      - no-cache
      content-length:
      - '699'
      content-type:
      - application/json; charset=utf-8
      date:
      - Tue, 19 Dec 2023 10:10:34 GMT
      expires:
      - '-1'
      pragma:
      - no-cache
      server:
      - Microsoft-HTTPAPI/2.0
      - Microsoft-HTTPAPI/2.0
      strict-transport-security:
      - max-age=31536000; includeSubDomains
      transfer-encoding:
      - chunked
      vary:
      - Accept-Encoding
      x-content-type-options:
      - nosniff
      x-ms-ratelimit-remaining-resource:
      - Microsoft.Compute/LowCostGetRestorePointSubscriptionMaximum;599
    status:
      code: 200
      message: ''
- request:
    body: null
    headers:
      Accept:
      - application/json
      Accept-Encoding:
      - gzip, deflate
      CommandName:
      - restore-point collection list
      Connection:
      - keep-alive
      ParameterSetName:
      - -g
      User-Agent:
      - AZURECLI/2.55.0 (AAZ) azsdk-python-core/1.28.0 Python/3.10.11 (Windows-10-10.0.22631-SP0)
    method: GET
    uri: https://management.azure.com/subscriptions/00000000-0000-0000-0000-000000000000/resourceGroups/cli_test_restore_point_collection000001/providers/Microsoft.Compute/restorePointCollections?api-version=2022-11-01
  response:
    body:
      string: "{\r\n  \"value\": [\r\n    {\r\n      \"name\": \"point_000002\",\r\n
        \     \"id\": \"/subscriptions/00000000-0000-0000-0000-000000000000/resourceGroups/cli_test_restore_point_collection000001/providers/Microsoft.Compute/restorePointCollections/point_000002\",\r\n
        \     \"type\": \"Microsoft.Compute/restorePointCollections\",\r\n      \"location\":
        \"westus\",\r\n      \"tags\": {\r\n        \"tag\": \"test\"\r\n      },\r\n
        \     \"properties\": {\r\n        \"source\": {\r\n          \"location\":
        \"westus\",\r\n          \"id\": \"/subscriptions/00000000-0000-0000-0000-000000000000/resourceGroups/cli_test_restore_point_collection000001/providers/Microsoft.Compute/virtualMachines/vm_000003\"\r\n
        \       },\r\n        \"restorePointCollectionId\": \"fd02c760-aed8-4ff0-9596-0846a240e636\",\r\n
        \       \"provisioningState\": \"Succeeded\"\r\n      }\r\n    }\r\n  ]\r\n}"
    headers:
      cache-control:
      - no-cache
      content-length:
      - '792'
      content-type:
      - application/json; charset=utf-8
      date:
      - Tue, 19 Dec 2023 10:10:36 GMT
      expires:
      - '-1'
      pragma:
      - no-cache
      server:
      - Microsoft-HTTPAPI/2.0
      - Microsoft-HTTPAPI/2.0
      strict-transport-security:
      - max-age=31536000; includeSubDomains
      transfer-encoding:
      - chunked
      vary:
      - Accept-Encoding
      x-content-type-options:
      - nosniff
      x-ms-ratelimit-remaining-resource:
      - Microsoft.Compute/HighCostGetRestorePointSubscriptionMaximum;149
    status:
      code: 200
      message: ''
- request:
    body: null
    headers:
      Accept:
      - application/json
      Accept-Encoding:
      - gzip, deflate
      CommandName:
      - restore-point collection list-all
      Connection:
      - keep-alive
      User-Agent:
      - AZURECLI/2.55.0 (AAZ) azsdk-python-core/1.28.0 Python/3.10.11 (Windows-10-10.0.22631-SP0)
    method: GET
    uri: https://management.azure.com/subscriptions/00000000-0000-0000-0000-000000000000/providers/Microsoft.Compute/restorePointCollections?api-version=2022-11-01
  response:
    body:
      string: '{"value":[]}'
    headers:
      cache-control:
      - no-cache
      content-length:
      - '12'
      content-type:
      - application/json; charset=utf-8
      date:
      - Tue, 19 Dec 2023 10:10:36 GMT
      expires:
      - '-1'
      pragma:
      - no-cache
      strict-transport-security:
      - max-age=31536000; includeSubDomains
      vary:
      - Accept-Encoding
      x-content-type-options:
      - nosniff
    status:
      code: 200
      message: OK
- request:
    body: null
    headers:
      Accept:
      - '*/*'
      Accept-Encoding:
      - gzip, deflate
      CommandName:
      - restore-point collection delete
      Connection:
      - keep-alive
      Content-Length:
      - '0'
      ParameterSetName:
      - -g --collection-name -y
      User-Agent:
      - AZURECLI/2.55.0 (AAZ) azsdk-python-core/1.28.0 Python/3.10.11 (Windows-10-10.0.22631-SP0)
    method: DELETE
    uri: https://management.azure.com/subscriptions/00000000-0000-0000-0000-000000000000/resourceGroups/cli_test_restore_point_collection000001/providers/Microsoft.Compute/restorePointCollections/point_000002?api-version=2022-11-01
  response:
    body:
      string: ''
    headers:
      azure-asyncnotification:
      - Enabled
      azure-asyncoperation:
      - https://management.azure.com/subscriptions/00000000-0000-0000-0000-000000000000/providers/Microsoft.Compute/locations/westus/operations/4b552f78-a50d-4c27-b725-3b75a10f5963?p=571046f6-b640-41c1-86f7-f9f044b5adf9&api-version=2022-11-01&t=638385774383609176&c=MIIHHjCCBgagAwIBAgITOgI9LlF5jGEEQe1CmgAEAj0uUTANBgkqhkiG9w0BAQsFADBEMRMwEQYKCZImiZPyLGQBGRYDR0JMMRMwEQYKCZImiZPyLGQBGRYDQU1FMRgwFgYDVQQDEw9BTUUgSU5GUkEgQ0EgMDEwHhcNMjMxMTAxMjE0OTQ5WhcNMjQxMDI2MjE0OTQ5WjBAMT4wPAYDVQQDEzVhc3luY29wZXJhdGlvbnNpZ25pbmdjZXJ0aWZpY2F0ZS5tYW5hZ2VtZW50LmF6dXJlLmNvbTCCASIwDQYJKoZIhvcNAQEBBQADggEPADCCAQoCggEBAMKt_zl2yRFDxIUmqoEA-B7WoRkSqscgwk6CGqDbwEVJS3oTI4Gk-ukQ6El3GQJVthiuwZGw4jwvTDyVWC8mQH2Zni6X1ocTXrNNa6VFJnvzeEn-HpmPATuII8AWtdtUnBvGZGAwgspvH8iZZCiHDowHCWhjVsU6_ipCsmzQeH3oRJI4AwUS_nCVA7U9WPdgIyQp6v5QPzcYCO_zIbNW4y_Cc3phfPEQvPvtSKhuijt68F5WlUY6Ps23ksosYG5VTx7z6skGG9arA5UKUzbbEO8lxzda3OFPZdG7OHe8-VMXxJjtSanZSSbdLgYBRB9m9PGr6voKtML9W5rEukE-lEUCAwEAAaOCBAswggQHMCcGCSsGAQQBgjcVCgQaMBgwCgYIKwYBBQUHAwEwCgYIKwYBBQUHAwIwPQYJKwYBBAGCNxUHBDAwLgYmKwYBBAGCNxUIhpDjDYTVtHiE8Ys-hZvdFs6dEoFggvX2K4Py0SACAWQCAQowggHaBggrBgEFBQcBAQSCAcwwggHIMGYGCCsGAQUFBzAChlpodHRwOi8vY3JsLm1pY3Jvc29mdC5jb20vcGtpaW5mcmEvQ2VydHMvQlkyUEtJSU5UQ0EwMS5BTUUuR0JMX0FNRSUyMElORlJBJTIwQ0ElMjAwMSg0KS5jcnQwVgYIKwYBBQUHMAKGSmh0dHA6Ly9jcmwxLmFtZS5nYmwvYWlhL0JZMlBLSUlOVENBMDEuQU1FLkdCTF9BTUUlMjBJTkZSQSUyMENBJTIwMDEoNCkuY3J0MFYGCCsGAQUFBzAChkpodHRwOi8vY3JsMi5hbWUuZ2JsL2FpYS9CWTJQS0lJTlRDQTAxLkFNRS5HQkxfQU1FJTIwSU5GUkElMjBDQSUyMDAxKDQpLmNydDBWBggrBgEFBQcwAoZKaHR0cDovL2NybDMuYW1lLmdibC9haWEvQlkyUEtJSU5UQ0EwMS5BTUUuR0JMX0FNRSUyMElORlJBJTIwQ0ElMjAwMSg0KS5jcnQwVgYIKwYBBQUHMAKGSmh0dHA6Ly9jcmw0LmFtZS5nYmwvYWlhL0JZMlBLSUlOVENBMDEuQU1FLkdCTF9BTUUlMjBJTkZSQSUyMENBJTIwMDEoNCkuY3J0MB0GA1UdDgQWBBRYUmiD-EjeFFNZByiKICN9p1JofzAOBgNVHQ8BAf8EBAMCBaAwggE1BgNVHR8EggEsMIIBKDCCASSgggEgoIIBHIZCaHR0cDovL2NybC5taWNyb3NvZnQuY29tL3BraWluZnJhL0NSTC9BTUUlMjBJTkZSQSUyMENBJTIwMDEoNCkuY3JshjRodHRwOi8vY3JsMS5hbWUuZ2JsL2NybC9BTUUlMjBJTkZSQSUyMENBJTIwMDEoNCkuY3JshjRodHRwOi8vY3JsMi5hbWUuZ2JsL2NybC9BTUUlMjBJTkZSQSUyMENBJTIwMDEoNCkuY3JshjRodHRwOi8vY3JsMy5hbWUuZ2JsL2NybC9BTUUlMjBJTkZSQSUyMENBJTIwMDEoNCkuY3JshjRodHRwOi8vY3JsNC5hbWUuZ2JsL2NybC9BTUUlMjBJTkZSQSUyMENBJTIwMDEoNCkuY3JsMBcGA1UdIAQQMA4wDAYKKwYBBAGCN3sBATAfBgNVHSMEGDAWgBTl2Ztn_PjsurvwwKidileIud8-YzAdBgNVHSUEFjAUBggrBgEFBQcDAQYIKwYBBQUHAwIwDQYJKoZIhvcNAQELBQADggEBAKRwStAdrsy7tgEfmtXPZXIwgdXOYwSx2Kqzlhq8b6Ptid4V3vhJvDV0WLS7d72KIMUwZiBnfPHhMmsdkLOSpNSZYC23g3QJSBWvoS86Rpkeru5bEyQmv1gucF_MyaFaUXUd4b7xnvCkv-BBNO8m1lvFAowB2odz9esggf82yeOVBx0yEK_NNOK4l36XvRjvIqemSLZOSi1wow_wn_ovhAEPpSSN7UTahPtz7J12vhP1LuZ4Rvn_hNx48ncw445nMBnMVmcuuakaKDC6_sAcs5lg9jq2yHSaIHRw4xcoS5XwvIykGPMUyAD-dXWFih_XFOKh7ea50hObFhghf3Dtvlo&s=EKDMDTU1Jvcf9AKELPK3Gm5M222U_-FkGSjr425q6x1YzrD7aoN7MBZTVECdqPHiGTKqfT-V6tq_BGm9VF103gjHhYGyBcfoZ6McBaVhWRzoir8m6Mq6pUaj85Hby5i576S9tPNoO5MyHxLQV9UPMca44NYYbEriaXTVsIO1SanAwt11rYAYmabn1r9IHHKh4pC6uowfs1rYArpfuu0fFb6W2NEe3-IDSMrD2z0pJjLwD0vAS9nkxamz3gFBt0FliyzXRT3_hP-1Bp8Xo8yBjoboK1C7qpf_oZj-ZIJhmWf0tmUH9sGbyEwO9XCsUmhjL_tk1tFNp_OktRl4V-JfkQ&h=ach7Gonv4JUYGg5COQYYuAauAPPYfnPnTiU7HrLeFyM
      cache-control:
      - no-cache
      content-length:
      - '0'
      date:
      - Tue, 19 Dec 2023 10:10:37 GMT
      expires:
      - '-1'
      location:
      - https://management.azure.com/subscriptions/00000000-0000-0000-0000-000000000000/providers/Microsoft.Compute/locations/westus/operations/4b552f78-a50d-4c27-b725-3b75a10f5963?p=571046f6-b640-41c1-86f7-f9f044b5adf9&monitor=true&api-version=2022-11-01&t=638385774383609176&c=MIIHHjCCBgagAwIBAgITOgI9LlF5jGEEQe1CmgAEAj0uUTANBgkqhkiG9w0BAQsFADBEMRMwEQYKCZImiZPyLGQBGRYDR0JMMRMwEQYKCZImiZPyLGQBGRYDQU1FMRgwFgYDVQQDEw9BTUUgSU5GUkEgQ0EgMDEwHhcNMjMxMTAxMjE0OTQ5WhcNMjQxMDI2MjE0OTQ5WjBAMT4wPAYDVQQDEzVhc3luY29wZXJhdGlvbnNpZ25pbmdjZXJ0aWZpY2F0ZS5tYW5hZ2VtZW50LmF6dXJlLmNvbTCCASIwDQYJKoZIhvcNAQEBBQADggEPADCCAQoCggEBAMKt_zl2yRFDxIUmqoEA-B7WoRkSqscgwk6CGqDbwEVJS3oTI4Gk-ukQ6El3GQJVthiuwZGw4jwvTDyVWC8mQH2Zni6X1ocTXrNNa6VFJnvzeEn-HpmPATuII8AWtdtUnBvGZGAwgspvH8iZZCiHDowHCWhjVsU6_ipCsmzQeH3oRJI4AwUS_nCVA7U9WPdgIyQp6v5QPzcYCO_zIbNW4y_Cc3phfPEQvPvtSKhuijt68F5WlUY6Ps23ksosYG5VTx7z6skGG9arA5UKUzbbEO8lxzda3OFPZdG7OHe8-VMXxJjtSanZSSbdLgYBRB9m9PGr6voKtML9W5rEukE-lEUCAwEAAaOCBAswggQHMCcGCSsGAQQBgjcVCgQaMBgwCgYIKwYBBQUHAwEwCgYIKwYBBQUHAwIwPQYJKwYBBAGCNxUHBDAwLgYmKwYBBAGCNxUIhpDjDYTVtHiE8Ys-hZvdFs6dEoFggvX2K4Py0SACAWQCAQowggHaBggrBgEFBQcBAQSCAcwwggHIMGYGCCsGAQUFBzAChlpodHRwOi8vY3JsLm1pY3Jvc29mdC5jb20vcGtpaW5mcmEvQ2VydHMvQlkyUEtJSU5UQ0EwMS5BTUUuR0JMX0FNRSUyMElORlJBJTIwQ0ElMjAwMSg0KS5jcnQwVgYIKwYBBQUHMAKGSmh0dHA6Ly9jcmwxLmFtZS5nYmwvYWlhL0JZMlBLSUlOVENBMDEuQU1FLkdCTF9BTUUlMjBJTkZSQSUyMENBJTIwMDEoNCkuY3J0MFYGCCsGAQUFBzAChkpodHRwOi8vY3JsMi5hbWUuZ2JsL2FpYS9CWTJQS0lJTlRDQTAxLkFNRS5HQkxfQU1FJTIwSU5GUkElMjBDQSUyMDAxKDQpLmNydDBWBggrBgEFBQcwAoZKaHR0cDovL2NybDMuYW1lLmdibC9haWEvQlkyUEtJSU5UQ0EwMS5BTUUuR0JMX0FNRSUyMElORlJBJTIwQ0ElMjAwMSg0KS5jcnQwVgYIKwYBBQUHMAKGSmh0dHA6Ly9jcmw0LmFtZS5nYmwvYWlhL0JZMlBLSUlOVENBMDEuQU1FLkdCTF9BTUUlMjBJTkZSQSUyMENBJTIwMDEoNCkuY3J0MB0GA1UdDgQWBBRYUmiD-EjeFFNZByiKICN9p1JofzAOBgNVHQ8BAf8EBAMCBaAwggE1BgNVHR8EggEsMIIBKDCCASSgggEgoIIBHIZCaHR0cDovL2NybC5taWNyb3NvZnQuY29tL3BraWluZnJhL0NSTC9BTUUlMjBJTkZSQSUyMENBJTIwMDEoNCkuY3JshjRodHRwOi8vY3JsMS5hbWUuZ2JsL2NybC9BTUUlMjBJTkZSQSUyMENBJTIwMDEoNCkuY3JshjRodHRwOi8vY3JsMi5hbWUuZ2JsL2NybC9BTUUlMjBJTkZSQSUyMENBJTIwMDEoNCkuY3JshjRodHRwOi8vY3JsMy5hbWUuZ2JsL2NybC9BTUUlMjBJTkZSQSUyMENBJTIwMDEoNCkuY3JshjRodHRwOi8vY3JsNC5hbWUuZ2JsL2NybC9BTUUlMjBJTkZSQSUyMENBJTIwMDEoNCkuY3JsMBcGA1UdIAQQMA4wDAYKKwYBBAGCN3sBATAfBgNVHSMEGDAWgBTl2Ztn_PjsurvwwKidileIud8-YzAdBgNVHSUEFjAUBggrBgEFBQcDAQYIKwYBBQUHAwIwDQYJKoZIhvcNAQELBQADggEBAKRwStAdrsy7tgEfmtXPZXIwgdXOYwSx2Kqzlhq8b6Ptid4V3vhJvDV0WLS7d72KIMUwZiBnfPHhMmsdkLOSpNSZYC23g3QJSBWvoS86Rpkeru5bEyQmv1gucF_MyaFaUXUd4b7xnvCkv-BBNO8m1lvFAowB2odz9esggf82yeOVBx0yEK_NNOK4l36XvRjvIqemSLZOSi1wow_wn_ovhAEPpSSN7UTahPtz7J12vhP1LuZ4Rvn_hNx48ncw445nMBnMVmcuuakaKDC6_sAcs5lg9jq2yHSaIHRw4xcoS5XwvIykGPMUyAD-dXWFih_XFOKh7ea50hObFhghf3Dtvlo&s=EKDMDTU1Jvcf9AKELPK3Gm5M222U_-FkGSjr425q6x1YzrD7aoN7MBZTVECdqPHiGTKqfT-V6tq_BGm9VF103gjHhYGyBcfoZ6McBaVhWRzoir8m6Mq6pUaj85Hby5i576S9tPNoO5MyHxLQV9UPMca44NYYbEriaXTVsIO1SanAwt11rYAYmabn1r9IHHKh4pC6uowfs1rYArpfuu0fFb6W2NEe3-IDSMrD2z0pJjLwD0vAS9nkxamz3gFBt0FliyzXRT3_hP-1Bp8Xo8yBjoboK1C7qpf_oZj-ZIJhmWf0tmUH9sGbyEwO9XCsUmhjL_tk1tFNp_OktRl4V-JfkQ&h=ach7Gonv4JUYGg5COQYYuAauAPPYfnPnTiU7HrLeFyM
      pragma:
      - no-cache
      server:
      - Microsoft-HTTPAPI/2.0
      - Microsoft-HTTPAPI/2.0
      strict-transport-security:
      - max-age=31536000; includeSubDomains
      x-content-type-options:
      - nosniff
      x-ms-ratelimit-remaining-resource:
      - Microsoft.Compute/DeleteRestorePointSubscriptionMaximum;359
      x-ms-ratelimit-remaining-subscription-deletes:
      - '14999'
    status:
      code: 202
      message: ''
- request:
    body: null
    headers:
      Accept:
      - '*/*'
      Accept-Encoding:
      - gzip, deflate
      CommandName:
      - restore-point collection delete
      Connection:
      - keep-alive
      ParameterSetName:
      - -g --collection-name -y
      User-Agent:
      - AZURECLI/2.55.0 (AAZ) azsdk-python-core/1.28.0 Python/3.10.11 (Windows-10-10.0.22631-SP0)
    method: GET
    uri: https://management.azure.com/subscriptions/00000000-0000-0000-0000-000000000000/providers/Microsoft.Compute/locations/westus/operations/4b552f78-a50d-4c27-b725-3b75a10f5963?p=571046f6-b640-41c1-86f7-f9f044b5adf9&api-version=2022-11-01&t=638385774383609176&c=MIIHHjCCBgagAwIBAgITOgI9LlF5jGEEQe1CmgAEAj0uUTANBgkqhkiG9w0BAQsFADBEMRMwEQYKCZImiZPyLGQBGRYDR0JMMRMwEQYKCZImiZPyLGQBGRYDQU1FMRgwFgYDVQQDEw9BTUUgSU5GUkEgQ0EgMDEwHhcNMjMxMTAxMjE0OTQ5WhcNMjQxMDI2MjE0OTQ5WjBAMT4wPAYDVQQDEzVhc3luY29wZXJhdGlvbnNpZ25pbmdjZXJ0aWZpY2F0ZS5tYW5hZ2VtZW50LmF6dXJlLmNvbTCCASIwDQYJKoZIhvcNAQEBBQADggEPADCCAQoCggEBAMKt_zl2yRFDxIUmqoEA-B7WoRkSqscgwk6CGqDbwEVJS3oTI4Gk-ukQ6El3GQJVthiuwZGw4jwvTDyVWC8mQH2Zni6X1ocTXrNNa6VFJnvzeEn-HpmPATuII8AWtdtUnBvGZGAwgspvH8iZZCiHDowHCWhjVsU6_ipCsmzQeH3oRJI4AwUS_nCVA7U9WPdgIyQp6v5QPzcYCO_zIbNW4y_Cc3phfPEQvPvtSKhuijt68F5WlUY6Ps23ksosYG5VTx7z6skGG9arA5UKUzbbEO8lxzda3OFPZdG7OHe8-VMXxJjtSanZSSbdLgYBRB9m9PGr6voKtML9W5rEukE-lEUCAwEAAaOCBAswggQHMCcGCSsGAQQBgjcVCgQaMBgwCgYIKwYBBQUHAwEwCgYIKwYBBQUHAwIwPQYJKwYBBAGCNxUHBDAwLgYmKwYBBAGCNxUIhpDjDYTVtHiE8Ys-hZvdFs6dEoFggvX2K4Py0SACAWQCAQowggHaBggrBgEFBQcBAQSCAcwwggHIMGYGCCsGAQUFBzAChlpodHRwOi8vY3JsLm1pY3Jvc29mdC5jb20vcGtpaW5mcmEvQ2VydHMvQlkyUEtJSU5UQ0EwMS5BTUUuR0JMX0FNRSUyMElORlJBJTIwQ0ElMjAwMSg0KS5jcnQwVgYIKwYBBQUHMAKGSmh0dHA6Ly9jcmwxLmFtZS5nYmwvYWlhL0JZMlBLSUlOVENBMDEuQU1FLkdCTF9BTUUlMjBJTkZSQSUyMENBJTIwMDEoNCkuY3J0MFYGCCsGAQUFBzAChkpodHRwOi8vY3JsMi5hbWUuZ2JsL2FpYS9CWTJQS0lJTlRDQTAxLkFNRS5HQkxfQU1FJTIwSU5GUkElMjBDQSUyMDAxKDQpLmNydDBWBggrBgEFBQcwAoZKaHR0cDovL2NybDMuYW1lLmdibC9haWEvQlkyUEtJSU5UQ0EwMS5BTUUuR0JMX0FNRSUyMElORlJBJTIwQ0ElMjAwMSg0KS5jcnQwVgYIKwYBBQUHMAKGSmh0dHA6Ly9jcmw0LmFtZS5nYmwvYWlhL0JZMlBLSUlOVENBMDEuQU1FLkdCTF9BTUUlMjBJTkZSQSUyMENBJTIwMDEoNCkuY3J0MB0GA1UdDgQWBBRYUmiD-EjeFFNZByiKICN9p1JofzAOBgNVHQ8BAf8EBAMCBaAwggE1BgNVHR8EggEsMIIBKDCCASSgggEgoIIBHIZCaHR0cDovL2NybC5taWNyb3NvZnQuY29tL3BraWluZnJhL0NSTC9BTUUlMjBJTkZSQSUyMENBJTIwMDEoNCkuY3JshjRodHRwOi8vY3JsMS5hbWUuZ2JsL2NybC9BTUUlMjBJTkZSQSUyMENBJTIwMDEoNCkuY3JshjRodHRwOi8vY3JsMi5hbWUuZ2JsL2NybC9BTUUlMjBJTkZSQSUyMENBJTIwMDEoNCkuY3JshjRodHRwOi8vY3JsMy5hbWUuZ2JsL2NybC9BTUUlMjBJTkZSQSUyMENBJTIwMDEoNCkuY3JshjRodHRwOi8vY3JsNC5hbWUuZ2JsL2NybC9BTUUlMjBJTkZSQSUyMENBJTIwMDEoNCkuY3JsMBcGA1UdIAQQMA4wDAYKKwYBBAGCN3sBATAfBgNVHSMEGDAWgBTl2Ztn_PjsurvwwKidileIud8-YzAdBgNVHSUEFjAUBggrBgEFBQcDAQYIKwYBBQUHAwIwDQYJKoZIhvcNAQELBQADggEBAKRwStAdrsy7tgEfmtXPZXIwgdXOYwSx2Kqzlhq8b6Ptid4V3vhJvDV0WLS7d72KIMUwZiBnfPHhMmsdkLOSpNSZYC23g3QJSBWvoS86Rpkeru5bEyQmv1gucF_MyaFaUXUd4b7xnvCkv-BBNO8m1lvFAowB2odz9esggf82yeOVBx0yEK_NNOK4l36XvRjvIqemSLZOSi1wow_wn_ovhAEPpSSN7UTahPtz7J12vhP1LuZ4Rvn_hNx48ncw445nMBnMVmcuuakaKDC6_sAcs5lg9jq2yHSaIHRw4xcoS5XwvIykGPMUyAD-dXWFih_XFOKh7ea50hObFhghf3Dtvlo&s=EKDMDTU1Jvcf9AKELPK3Gm5M222U_-FkGSjr425q6x1YzrD7aoN7MBZTVECdqPHiGTKqfT-V6tq_BGm9VF103gjHhYGyBcfoZ6McBaVhWRzoir8m6Mq6pUaj85Hby5i576S9tPNoO5MyHxLQV9UPMca44NYYbEriaXTVsIO1SanAwt11rYAYmabn1r9IHHKh4pC6uowfs1rYArpfuu0fFb6W2NEe3-IDSMrD2z0pJjLwD0vAS9nkxamz3gFBt0FliyzXRT3_hP-1Bp8Xo8yBjoboK1C7qpf_oZj-ZIJhmWf0tmUH9sGbyEwO9XCsUmhjL_tk1tFNp_OktRl4V-JfkQ&h=ach7Gonv4JUYGg5COQYYuAauAPPYfnPnTiU7HrLeFyM
  response:
    body:
      string: "{\r\n  \"startTime\": \"2023-12-19T10:10:38.2156229+00:00\",\r\n  \"endTime\":
        \"2023-12-19T10:10:38.3093868+00:00\",\r\n  \"status\": \"Succeeded\",\r\n
        \ \"name\": \"4b552f78-a50d-4c27-b725-3b75a10f5963\"\r\n}"
    headers:
      cache-control:
      - no-cache
      content-length:
      - '184'
      content-type:
      - application/json; charset=utf-8
      date:
      - Tue, 19 Dec 2023 10:10:38 GMT
      expires:
      - '-1'
      pragma:
      - no-cache
      server:
      - Microsoft-HTTPAPI/2.0
      - Microsoft-HTTPAPI/2.0
      strict-transport-security:
      - max-age=31536000; includeSubDomains
      transfer-encoding:
      - chunked
      vary:
      - Accept-Encoding
      x-content-type-options:
      - nosniff
      x-ms-ratelimit-remaining-resource:
      - Microsoft.Compute/GetOperationResource;44,Microsoft.Compute/GetOperationSubscriptionMaximum;14996
    status:
      code: 200
      message: ''
version: 1
