interactions:
- request:
    body: null
    headers:
      Accept:
      - application/json
      Accept-Encoding:
      - gzip, deflate
      CommandName:
      - vm create
      Connection:
      - keep-alive
      ParameterSetName:
      - -g -n --image --data-disk-sizes-gb --admin-username --generate-ssh-keys --nsg-rule
      User-Agent:
      - AZURECLI/2.27.2 azsdk-python-azure-mgmt-resource/19.0.0 Python/3.8.9 (Windows-10-10.0.19041-SP0)
    method: GET
    uri: https://management.azure.com/subscriptions/00000000-0000-0000-0000-000000000000/resourcegroups/clitest.rg000001?api-version=2021-04-01
  response:
    body:
      string: '{"id":"/subscriptions/00000000-0000-0000-0000-000000000000/resourceGroups/clitest.rg000001","name":"clitest.rg000001","type":"Microsoft.Resources/resourceGroups","location":"westus","tags":{"product":"azurecli","cause":"automation","date":"2021-09-03T09:07:58Z"},"properties":{"provisioningState":"Succeeded"}}'
    headers:
      cache-control:
      - no-cache
      content-length:
      - '428'
      content-type:
      - application/json; charset=utf-8
      date:
      - Fri, 03 Sep 2021 09:07:59 GMT
      expires:
      - '-1'
      pragma:
      - no-cache
      strict-transport-security:
      - max-age=31536000; includeSubDomains
      vary:
      - Accept-Encoding
      x-content-type-options:
      - nosniff
    status:
      code: 200
      message: OK
- request:
    body: null
    headers:
      Accept:
      - '*/*'
      Accept-Encoding:
      - gzip, deflate
      Connection:
      - keep-alive
      User-Agent:
      - python-requests/2.25.1
    method: GET
    uri: https://raw.githubusercontent.com/Azure/azure-rest-api-specs/master/arm-compute/quickstart-templates/aliases.json
  response:
    body:
      string: "{\n  \"$schema\": \"http://schema.management.azure.com/schemas/2015-01-01/deploymentTemplate.json\",\n
        \ \"contentVersion\": \"1.0.0.0\",\n  \"parameters\": {},\n  \"variables\":
        {},\n  \"resources\": [],\n  \"outputs\": {\n    \"aliases\": {\n      \"type\":
        \"object\",\n      \"value\": {\n        \"Linux\": {\n          \"CentOS\":
        {\n            \"publisher\": \"OpenLogic\",\n            \"offer\": \"CentOS\",\n
        \           \"sku\": \"7.5\",\n            \"version\": \"latest\"\n          },\n
        \         \"Debian\": {\n            \"publisher\": \"Debian\",\n            \"offer\":
        \"debian-10\",\n            \"sku\": \"10\",\n            \"version\": \"latest\"\n
        \         },\n          \"Flatcar\": {\n            \"publisher\": \"kinvolk\",\n
        \           \"offer\": \"flatcar-container-linux-free\",\n            \"sku\":
        \"stable\",\n            \"version\": \"latest\"\n          },\n          \"openSUSE-Leap\":
        {\n            \"publisher\": \"SUSE\",\n            \"offer\": \"openSUSE-Leap\",\n
        \           \"sku\": \"42.3\",\n            \"version\": \"latest\"\n          },\n
        \         \"RHEL\": {\n            \"publisher\": \"RedHat\",\n            \"offer\":
        \"RHEL\",\n            \"sku\": \"7-LVM\",\n            \"version\": \"latest\"\n
        \         },\n          \"SLES\": {\n            \"publisher\": \"SUSE\",\n
        \           \"offer\": \"SLES\",\n            \"sku\": \"15\",\n            \"version\":
        \"latest\"\n          },\n          \"UbuntuLTS\": {\n            \"publisher\":
        \"Canonical\",\n            \"offer\": \"UbuntuServer\",\n            \"sku\":
        \"18.04-LTS\",\n            \"version\": \"latest\"\n          }\n        },\n
        \       \"Windows\": {\n          \"Win2019Datacenter\": {\n            \"publisher\":
        \"MicrosoftWindowsServer\",\n            \"offer\": \"WindowsServer\",\n            \"sku\":
        \"2019-Datacenter\",\n            \"version\": \"latest\"\n          },\n
        \         \"Win2016Datacenter\": {\n            \"publisher\": \"MicrosoftWindowsServer\",\n
        \           \"offer\": \"WindowsServer\",\n            \"sku\": \"2016-Datacenter\",\n
        \           \"version\": \"latest\"\n          },\n          \"Win2012R2Datacenter\":
        {\n            \"publisher\": \"MicrosoftWindowsServer\",\n            \"offer\":
        \"WindowsServer\",\n            \"sku\": \"2012-R2-Datacenter\",\n            \"version\":
        \"latest\"\n          },\n          \"Win2012Datacenter\": {\n            \"publisher\":
        \"MicrosoftWindowsServer\",\n            \"offer\": \"WindowsServer\",\n            \"sku\":
        \"2012-Datacenter\",\n            \"version\": \"latest\"\n          },\n
        \         \"Win2008R2SP1\": {\n            \"publisher\": \"MicrosoftWindowsServer\",\n
        \           \"offer\": \"WindowsServer\",\n            \"sku\": \"2008-R2-SP1\",\n
        \           \"version\": \"latest\"\n          }\n        }\n      }\n    }\n
        \ }\n}\n"
    headers:
      accept-ranges:
      - bytes
      access-control-allow-origin:
      - '*'
      cache-control:
      - max-age=300
      connection:
      - keep-alive
      content-length:
      - '2525'
      content-security-policy:
      - default-src 'none'; style-src 'unsafe-inline'; sandbox
      content-type:
      - text/plain; charset=utf-8
      date:
      - Fri, 03 Sep 2021 09:08:00 GMT
      etag:
      - W/"54bceef15b892f2aa7f4c2145a49f1b5e33608722acdbb47933d7b6cbebbd7f4"
      expires:
      - Fri, 03 Sep 2021 09:13:00 GMT
      source-age:
      - '70'
      strict-transport-security:
      - max-age=31536000
      vary:
      - Authorization,Accept-Encoding
      via:
      - 1.1 varnish
      x-cache:
      - HIT
      x-cache-hits:
      - '1'
      x-content-type-options:
      - nosniff
      x-fastly-request-id:
      - 8869acacb532c8f379b2008860fbeb30f9098afa
      x-frame-options:
      - deny
      x-github-request-id:
      - 9374:68D6:5BEC89:744216:6131540B
      x-served-by:
      - cache-qpg1233-QPG
      x-timer:
      - S1630660080.119648,VS0,VE0
      x-xss-protection:
      - 1; mode=block
    status:
      code: 200
      message: OK
- request:
    body: null
    headers:
      Accept:
      - application/json, text/json
      Accept-Encoding:
      - gzip, deflate
      CommandName:
      - vm create
      Connection:
      - keep-alive
      ParameterSetName:
      - -g -n --image --data-disk-sizes-gb --admin-username --generate-ssh-keys --nsg-rule
      User-Agent:
      - AZURECLI/2.27.2 azsdk-python-azure-mgmt-network/19.0.0 Python/3.8.9 (Windows-10-10.0.19041-SP0)
    method: GET
    uri: https://management.azure.com/subscriptions/00000000-0000-0000-0000-000000000000/resourceGroups/clitest.rg000001/providers/Microsoft.Network/virtualNetworks?api-version=2018-01-01
  response:
    body:
      string: '{"value":[]}'
    headers:
      cache-control:
      - no-cache
      content-length:
      - '12'
      content-type:
      - application/json; charset=utf-8
      date:
      - Fri, 03 Sep 2021 09:08:00 GMT
      expires:
      - '-1'
      pragma:
      - no-cache
      strict-transport-security:
      - max-age=31536000; includeSubDomains
      vary:
      - Accept-Encoding
      x-content-type-options:
      - nosniff
    status:
      code: 200
      message: OK
- request:
    body: '{"properties": {"template": {"$schema": "https://schema.management.azure.com/schemas/2015-01-01/deploymentTemplate.json#",
      "contentVersion": "1.0.0.0", "parameters": {}, "variables": {}, "resources":
      [{"name": "vm1VNET", "type": "Microsoft.Network/virtualNetworks", "location":
      "westus", "apiVersion": "2015-06-15", "dependsOn": [], "tags": {}, "properties":
      {"addressSpace": {"addressPrefixes": ["10.0.0.0/16"]}, "subnets": [{"name":
      "vm1Subnet", "properties": {"addressPrefix": "10.0.0.0/24"}}]}}, {"type": "Microsoft.Network/networkSecurityGroups",
      "name": "vm1NSG", "apiVersion": "2015-06-15", "location": "westus", "tags":
      {}, "dependsOn": []}, {"apiVersion": "2018-01-01", "type": "Microsoft.Network/publicIPAddresses",
      "name": "vm1PublicIP", "location": "westus", "tags": {}, "dependsOn": [], "properties":
      {"publicIPAllocationMethod": null}}, {"apiVersion": "2015-06-15", "type": "Microsoft.Network/networkInterfaces",
      "name": "vm1VMNic", "location": "westus", "tags": {}, "dependsOn": ["Microsoft.Network/virtualNetworks/vm1VNET",
      "Microsoft.Network/networkSecurityGroups/vm1NSG", "Microsoft.Network/publicIpAddresses/vm1PublicIP"],
      "properties": {"ipConfigurations": [{"name": "ipconfigvm1", "properties": {"privateIPAllocationMethod":
      "Dynamic", "subnet": {"id": "/subscriptions/00000000-0000-0000-0000-000000000000/resourceGroups/clitest.rg000001/providers/Microsoft.Network/virtualNetworks/vm1VNET/subnets/vm1Subnet"},
      "publicIPAddress": {"id": "/subscriptions/00000000-0000-0000-0000-000000000000/resourceGroups/clitest.rg000001/providers/Microsoft.Network/publicIPAddresses/vm1PublicIP"}}}],
      "networkSecurityGroup": {"id": "/subscriptions/00000000-0000-0000-0000-000000000000/resourceGroups/clitest.rg000001/providers/Microsoft.Network/networkSecurityGroups/vm1NSG"}}},
      {"apiVersion": "2021-07-01", "type": "Microsoft.Compute/virtualMachines", "name":
      "vm1", "location": "westus", "tags": {}, "dependsOn": ["Microsoft.Network/networkInterfaces/vm1VMNic"],
      "properties": {"hardwareProfile": {"vmSize": "Standard_DS1_v2"}, "networkProfile":
      {"networkInterfaces": [{"id": "/subscriptions/00000000-0000-0000-0000-000000000000/resourceGroups/clitest.rg000001/providers/Microsoft.Network/networkInterfaces/vm1VMNic",
      "properties": {"deleteOption": null}}]}, "storageProfile": {"osDisk": {"createOption":
      "fromImage", "name": null, "caching": "ReadWrite", "managedDisk": {"storageAccountType":
      null}}, "imageReference": {"publisher": "Debian", "offer": "debian-10", "sku":
      "10", "version": "latest"}, "dataDisks": [{"lun": 0, "managedDisk": {"storageAccountType":
      null}, "createOption": "empty", "diskSizeGB": 1, "deleteOption": null}, {"lun":
      1, "managedDisk": {"storageAccountType": null}, "createOption": "empty", "diskSizeGB":
      2, "deleteOption": null}]}, "osProfile": {"computerName": "vm1", "adminUsername":
      "cligenerics", "linuxConfiguration": {"disablePasswordAuthentication": true,
      "ssh": {"publicKeys": [{"keyData": "ssh-rsa AAAAB3NzaC1yc2EAAAADAQABAAABAQDL2PtV5sp++a43U/dRJ2Fyjso9qDFNbWEnbYk7mA4CfXy0gvxm65oYVd90JysNmGBF/89hIvCTN3ul4aEIuPkzywozRbdyWiJngSd/7OrNBJzpQQSjsGXwoVNDRAJSzlvuQVUR2vwBHeN2xMIvufSvzO3LGI3xcSIWIYlSvU9urnV+Pefd4T6x/OXgTpE02AgMWOspdZTzg0ZKsSU3sG5nYSNoq+8qrHQSXLbLLdWzz5lYKe8p64fQC/xhXrNa3/Nw5vy8YGsyqGueM/Rj6gCI+ivgBlQg908Aa50yQLvwsMLIKxhgPlj73Am8zm27PS3DKVjkr0nTjbEp/3FzZnyB",
      "path": "/home/cligenerics/.ssh/authorized_keys"}]}}}}}], "outputs": {}}, "parameters":
      {}, "mode": "incremental"}}'
    headers:
      Accept:
      - application/json
      Accept-Encoding:
      - gzip, deflate
      CommandName:
      - vm create
      Connection:
      - keep-alive
      Content-Length:
      - '3668'
      Content-Type:
      - application/json
      ParameterSetName:
      - -g -n --image --data-disk-sizes-gb --admin-username --generate-ssh-keys --nsg-rule
      User-Agent:
      - AZURECLI/2.27.2 azsdk-python-azure-mgmt-resource/19.0.0 Python/3.8.9 (Windows-10-10.0.19041-SP0)
    method: PUT
    uri: https://management.azure.com/subscriptions/00000000-0000-0000-0000-000000000000/resourcegroups/clitest.rg000001/providers/Microsoft.Resources/deployments/mock-deployment?api-version=2021-04-01
  response:
    body:
      string: '{"id":"/subscriptions/00000000-0000-0000-0000-000000000000/resourceGroups/clitest.rg000001/providers/Microsoft.Resources/deployments/vm_deploy_SvsjFvdL0oVI8tm6KGoRuVrtHCNqF8WZ","name":"vm_deploy_SvsjFvdL0oVI8tm6KGoRuVrtHCNqF8WZ","type":"Microsoft.Resources/deployments","properties":{"templateHash":"691543012549116468","parameters":{},"mode":"Incremental","provisioningState":"Accepted","timestamp":"2021-09-03T09:08:03.8640402Z","duration":"PT2.0590112S","correlationId":"e858af9a-b88b-47da-aa6a-bd3b48e0b0bd","providers":[{"namespace":"Microsoft.Network","resourceTypes":[{"resourceType":"virtualNetworks","locations":["westus"]},{"resourceType":"networkSecurityGroups","locations":["westus"]},{"resourceType":"publicIPAddresses","locations":["westus"]},{"resourceType":"networkInterfaces","locations":["westus"]}]},{"namespace":"Microsoft.Compute","resourceTypes":[{"resourceType":"virtualMachines","locations":["westus"]}]}],"dependencies":[{"dependsOn":[{"id":"/subscriptions/00000000-0000-0000-0000-000000000000/resourceGroups/clitest.rg000001/providers/Microsoft.Network/virtualNetworks/vm1VNET","resourceType":"Microsoft.Network/virtualNetworks","resourceName":"vm1VNET"},{"id":"/subscriptions/00000000-0000-0000-0000-000000000000/resourceGroups/clitest.rg000001/providers/Microsoft.Network/networkSecurityGroups/vm1NSG","resourceType":"Microsoft.Network/networkSecurityGroups","resourceName":"vm1NSG"},{"id":"/subscriptions/00000000-0000-0000-0000-000000000000/resourceGroups/clitest.rg000001/providers/Microsoft.Network/publicIPAddresses/vm1PublicIP","resourceType":"Microsoft.Network/publicIPAddresses","resourceName":"vm1PublicIP"}],"id":"/subscriptions/00000000-0000-0000-0000-000000000000/resourceGroups/clitest.rg000001/providers/Microsoft.Network/networkInterfaces/vm1VMNic","resourceType":"Microsoft.Network/networkInterfaces","resourceName":"vm1VMNic"},{"dependsOn":[{"id":"/subscriptions/00000000-0000-0000-0000-000000000000/resourceGroups/clitest.rg000001/providers/Microsoft.Network/networkInterfaces/vm1VMNic","resourceType":"Microsoft.Network/networkInterfaces","resourceName":"vm1VMNic"}],"id":"/subscriptions/00000000-0000-0000-0000-000000000000/resourceGroups/clitest.rg000001/providers/Microsoft.Compute/virtualMachines/vm1","resourceType":"Microsoft.Compute/virtualMachines","resourceName":"vm1"}]}}'
    headers:
      azure-asyncoperation:
      - https://management.azure.com/subscriptions/00000000-0000-0000-0000-000000000000/resourcegroups/clitest.rg000001/providers/Microsoft.Resources/deployments/vm_deploy_SvsjFvdL0oVI8tm6KGoRuVrtHCNqF8WZ/operationStatuses/08585709468036726453?api-version=2021-04-01
      cache-control:
      - no-cache
      content-length:
      - '2741'
      content-type:
      - application/json; charset=utf-8
      date:
      - Fri, 03 Sep 2021 09:08:04 GMT
      expires:
      - '-1'
      pragma:
      - no-cache
      strict-transport-security:
      - max-age=31536000; includeSubDomains
      x-content-type-options:
      - nosniff
      x-ms-ratelimit-remaining-subscription-writes:
      - '1188'
    status:
      code: 201
      message: Created
- request:
    body: null
    headers:
      Accept:
      - '*/*'
      Accept-Encoding:
      - gzip, deflate
      CommandName:
      - vm create
      Connection:
      - keep-alive
      ParameterSetName:
      - -g -n --image --data-disk-sizes-gb --admin-username --generate-ssh-keys --nsg-rule
      User-Agent:
      - AZURECLI/2.27.2 azsdk-python-azure-mgmt-resource/19.0.0 Python/3.8.9 (Windows-10-10.0.19041-SP0)
    method: GET
    uri: https://management.azure.com/subscriptions/00000000-0000-0000-0000-000000000000/resourcegroups/clitest.rg000001/providers/Microsoft.Resources/deployments/mock-deployment/operationStatuses/08585709468036726453?api-version=2021-04-01
  response:
    body:
      string: '{"status":"Running"}'
    headers:
      cache-control:
      - no-cache
      content-length:
      - '20'
      content-type:
      - application/json; charset=utf-8
      date:
      - Fri, 03 Sep 2021 09:08:34 GMT
      expires:
      - '-1'
      pragma:
      - no-cache
      strict-transport-security:
      - max-age=31536000; includeSubDomains
      vary:
      - Accept-Encoding
      x-content-type-options:
      - nosniff
    status:
      code: 200
      message: OK
- request:
    body: null
    headers:
      Accept:
      - '*/*'
      Accept-Encoding:
      - gzip, deflate
      CommandName:
      - vm create
      Connection:
      - keep-alive
      ParameterSetName:
      - -g -n --image --data-disk-sizes-gb --admin-username --generate-ssh-keys --nsg-rule
      User-Agent:
      - AZURECLI/2.27.2 azsdk-python-azure-mgmt-resource/19.0.0 Python/3.8.9 (Windows-10-10.0.19041-SP0)
    method: GET
    uri: https://management.azure.com/subscriptions/00000000-0000-0000-0000-000000000000/resourcegroups/clitest.rg000001/providers/Microsoft.Resources/deployments/mock-deployment/operationStatuses/08585709468036726453?api-version=2021-04-01
  response:
    body:
      string: '{"status":"Succeeded"}'
    headers:
      cache-control:
      - no-cache
      content-length:
      - '22'
      content-type:
      - application/json; charset=utf-8
      date:
      - Fri, 03 Sep 2021 09:09:06 GMT
      expires:
      - '-1'
      pragma:
      - no-cache
      strict-transport-security:
      - max-age=31536000; includeSubDomains
      vary:
      - Accept-Encoding
      x-content-type-options:
      - nosniff
    status:
      code: 200
      message: OK
- request:
    body: null
    headers:
      Accept:
      - '*/*'
      Accept-Encoding:
      - gzip, deflate
      CommandName:
      - vm create
      Connection:
      - keep-alive
      ParameterSetName:
      - -g -n --image --data-disk-sizes-gb --admin-username --generate-ssh-keys --nsg-rule
      User-Agent:
      - AZURECLI/2.27.2 azsdk-python-azure-mgmt-resource/19.0.0 Python/3.8.9 (Windows-10-10.0.19041-SP0)
    method: GET
    uri: https://management.azure.com/subscriptions/00000000-0000-0000-0000-000000000000/resourcegroups/clitest.rg000001/providers/Microsoft.Resources/deployments/mock-deployment?api-version=2021-04-01
  response:
    body:
      string: '{"id":"/subscriptions/00000000-0000-0000-0000-000000000000/resourceGroups/clitest.rg000001/providers/Microsoft.Resources/deployments/vm_deploy_SvsjFvdL0oVI8tm6KGoRuVrtHCNqF8WZ","name":"vm_deploy_SvsjFvdL0oVI8tm6KGoRuVrtHCNqF8WZ","type":"Microsoft.Resources/deployments","properties":{"templateHash":"691543012549116468","parameters":{},"mode":"Incremental","provisioningState":"Succeeded","timestamp":"2021-09-03T09:08:36.7972694Z","duration":"PT34.9922404S","correlationId":"e858af9a-b88b-47da-aa6a-bd3b48e0b0bd","providers":[{"namespace":"Microsoft.Network","resourceTypes":[{"resourceType":"virtualNetworks","locations":["westus"]},{"resourceType":"networkSecurityGroups","locations":["westus"]},{"resourceType":"publicIPAddresses","locations":["westus"]},{"resourceType":"networkInterfaces","locations":["westus"]}]},{"namespace":"Microsoft.Compute","resourceTypes":[{"resourceType":"virtualMachines","locations":["westus"]}]}],"dependencies":[{"dependsOn":[{"id":"/subscriptions/00000000-0000-0000-0000-000000000000/resourceGroups/clitest.rg000001/providers/Microsoft.Network/virtualNetworks/vm1VNET","resourceType":"Microsoft.Network/virtualNetworks","resourceName":"vm1VNET"},{"id":"/subscriptions/00000000-0000-0000-0000-000000000000/resourceGroups/clitest.rg000001/providers/Microsoft.Network/networkSecurityGroups/vm1NSG","resourceType":"Microsoft.Network/networkSecurityGroups","resourceName":"vm1NSG"},{"id":"/subscriptions/00000000-0000-0000-0000-000000000000/resourceGroups/clitest.rg000001/providers/Microsoft.Network/publicIPAddresses/vm1PublicIP","resourceType":"Microsoft.Network/publicIPAddresses","resourceName":"vm1PublicIP"}],"id":"/subscriptions/00000000-0000-0000-0000-000000000000/resourceGroups/clitest.rg000001/providers/Microsoft.Network/networkInterfaces/vm1VMNic","resourceType":"Microsoft.Network/networkInterfaces","resourceName":"vm1VMNic"},{"dependsOn":[{"id":"/subscriptions/00000000-0000-0000-0000-000000000000/resourceGroups/clitest.rg000001/providers/Microsoft.Network/networkInterfaces/vm1VMNic","resourceType":"Microsoft.Network/networkInterfaces","resourceName":"vm1VMNic"}],"id":"/subscriptions/00000000-0000-0000-0000-000000000000/resourceGroups/clitest.rg000001/providers/Microsoft.Compute/virtualMachines/vm1","resourceType":"Microsoft.Compute/virtualMachines","resourceName":"vm1"}],"outputs":{},"outputResources":[{"id":"/subscriptions/00000000-0000-0000-0000-000000000000/resourceGroups/clitest.rg000001/providers/Microsoft.Compute/virtualMachines/vm1"},{"id":"/subscriptions/00000000-0000-0000-0000-000000000000/resourceGroups/clitest.rg000001/providers/Microsoft.Network/networkInterfaces/vm1VMNic"},{"id":"/subscriptions/00000000-0000-0000-0000-000000000000/resourceGroups/clitest.rg000001/providers/Microsoft.Network/networkSecurityGroups/vm1NSG"},{"id":"/subscriptions/00000000-0000-0000-0000-000000000000/resourceGroups/clitest.rg000001/providers/Microsoft.Network/publicIPAddresses/vm1PublicIP"},{"id":"/subscriptions/00000000-0000-0000-0000-000000000000/resourceGroups/clitest.rg000001/providers/Microsoft.Network/virtualNetworks/vm1VNET"}]}}'
    headers:
      cache-control:
      - no-cache
      content-length:
      - '3806'
      content-type:
      - application/json; charset=utf-8
      date:
      - Fri, 03 Sep 2021 09:09:07 GMT
      expires:
      - '-1'
      pragma:
      - no-cache
      strict-transport-security:
      - max-age=31536000; includeSubDomains
      vary:
      - Accept-Encoding
      x-content-type-options:
      - nosniff
    status:
      code: 200
      message: OK
- request:
    body: null
    headers:
      Accept:
      - application/json
      Accept-Encoding:
      - gzip, deflate
      CommandName:
      - vm create
      Connection:
      - keep-alive
      ParameterSetName:
      - -g -n --image --data-disk-sizes-gb --admin-username --generate-ssh-keys --nsg-rule
      User-Agent:
      - AZURECLI/2.27.2 azsdk-python-azure-mgmt-compute/23.0.0 Python/3.8.9 (Windows-10-10.0.19041-SP0)
    method: GET
    uri: https://management.azure.com/subscriptions/00000000-0000-0000-0000-000000000000/resourceGroups/clitest.rg000001/providers/Microsoft.Compute/virtualMachines/vm1?$expand=instanceView&api-version=2021-07-01
  response:
    body:
      string: "{\r\n  \"name\": \"vm1\",\r\n  \"id\": \"/subscriptions/00000000-0000-0000-0000-000000000000/resourceGroups/clitest.rg000001/providers/Microsoft.Compute/virtualMachines/vm1\",\r\n
        \ \"type\": \"Microsoft.Compute/virtualMachines\",\r\n  \"location\": \"westus\",\r\n
        \ \"tags\": {},\r\n  \"properties\": {\r\n    \"vmId\": \"f2c44208-9555-48bf-9749-382c7b430536\",\r\n
        \   \"hardwareProfile\": {\r\n      \"vmSize\": \"Standard_DS1_v2\"\r\n    },\r\n
        \   \"storageProfile\": {\r\n      \"imageReference\": {\r\n        \"publisher\":
        \"Debian\",\r\n        \"offer\": \"debian-10\",\r\n        \"sku\": \"10\",\r\n
        \       \"version\": \"latest\",\r\n        \"exactVersion\": \"0.20210721.710\"\r\n
        \     },\r\n      \"osDisk\": {\r\n        \"osType\": \"Linux\",\r\n        \"name\":
        \"vm1_disk1_3031c31db60d4239959167f113ac7de2\",\r\n        \"createOption\":
        \"FromImage\",\r\n        \"caching\": \"ReadWrite\",\r\n        \"managedDisk\":
        {\r\n          \"storageAccountType\": \"Premium_LRS\",\r\n          \"id\":
        \"/subscriptions/00000000-0000-0000-0000-000000000000/resourceGroups/clitest.rg000001/providers/Microsoft.Compute/disks/vm1_disk1_3031c31db60d4239959167f113ac7de2\"\r\n
        \       },\r\n        \"deleteOption\": \"Detach\",\r\n        \"diskSizeGB\":
        30\r\n      },\r\n      \"dataDisks\": [\r\n        {\r\n          \"lun\":
        0,\r\n          \"name\": \"vm1_disk2_d856d340979d411e97ac3280bae0aeba\",\r\n
        \         \"createOption\": \"Empty\",\r\n          \"caching\": \"None\",\r\n
        \         \"managedDisk\": {\r\n            \"storageAccountType\": \"Premium_LRS\",\r\n
        \           \"id\": \"/subscriptions/00000000-0000-0000-0000-000000000000/resourceGroups/clitest.rg000001/providers/Microsoft.Compute/disks/vm1_disk2_d856d340979d411e97ac3280bae0aeba\"\r\n
        \         },\r\n          \"deleteOption\": \"Detach\",\r\n          \"diskSizeGB\":
        1,\r\n          \"toBeDetached\": false\r\n        },\r\n        {\r\n          \"lun\":
        1,\r\n          \"name\": \"vm1_disk3_cf8c45333f794d3a8b40a53a62e98f7b\",\r\n
        \         \"createOption\": \"Empty\",\r\n          \"caching\": \"None\",\r\n
        \         \"managedDisk\": {\r\n            \"storageAccountType\": \"Premium_LRS\",\r\n
        \           \"id\": \"/subscriptions/00000000-0000-0000-0000-000000000000/resourceGroups/clitest.rg000001/providers/Microsoft.Compute/disks/vm1_disk3_cf8c45333f794d3a8b40a53a62e98f7b\"\r\n
        \         },\r\n          \"deleteOption\": \"Detach\",\r\n          \"diskSizeGB\":
        2,\r\n          \"toBeDetached\": false\r\n        }\r\n      ]\r\n    },\r\n
        \   \"osProfile\": {\r\n      \"computerName\": \"vm1\",\r\n      \"adminUsername\":
        \"cligenerics\",\r\n      \"linuxConfiguration\": {\r\n        \"disablePasswordAuthentication\":
        true,\r\n        \"ssh\": {\r\n          \"publicKeys\": [\r\n            {\r\n
        \             \"path\": \"/home/cligenerics/.ssh/authorized_keys\",\r\n              \"keyData\":
        \"ssh-rsa AAAAB3NzaC1yc2EAAAADAQABAAABAQDL2PtV5sp++a43U/dRJ2Fyjso9qDFNbWEnbYk7mA4CfXy0gvxm65oYVd90JysNmGBF/89hIvCTN3ul4aEIuPkzywozRbdyWiJngSd/7OrNBJzpQQSjsGXwoVNDRAJSzlvuQVUR2vwBHeN2xMIvufSvzO3LGI3xcSIWIYlSvU9urnV+Pefd4T6x/OXgTpE02AgMWOspdZTzg0ZKsSU3sG5nYSNoq+8qrHQSXLbLLdWzz5lYKe8p64fQC/xhXrNa3/Nw5vy8YGsyqGueM/Rj6gCI+ivgBlQg908Aa50yQLvwsMLIKxhgPlj73Am8zm27PS3DKVjkr0nTjbEp/3FzZnyB\"\r\n
        \           }\r\n          ]\r\n        },\r\n        \"provisionVMAgent\":
        true,\r\n        \"patchSettings\": {\r\n          \"patchMode\": \"ImageDefault\",\r\n
        \         \"assessmentMode\": \"ImageDefault\"\r\n        }\r\n      },\r\n
        \     \"secrets\": [],\r\n      \"allowExtensionOperations\": true,\r\n      \"requireGuestProvisionSignal\":
        true\r\n    },\r\n    \"networkProfile\": {\"networkInterfaces\":[{\"id\":\"/subscriptions/00000000-0000-0000-0000-000000000000/resourceGroups/clitest.rg000001/providers/Microsoft.Network/networkInterfaces/vm1VMNic\"}]},\r\n
        \   \"provisioningState\": \"Succeeded\",\r\n    \"instanceView\": {\r\n      \"computerName\":
        \"vm1\",\r\n      \"osName\": \"debian\",\r\n      \"osVersion\": \"10.10\",\r\n
        \     \"vmAgent\": {\r\n        \"vmAgentVersion\": \"2.2.45\",\r\n        \"statuses\":
        [\r\n          {\r\n            \"code\": \"ProvisioningState/succeeded\",\r\n
        \           \"level\": \"Info\",\r\n            \"displayStatus\": \"Ready\",\r\n
        \           \"message\": \"Guest Agent is running\",\r\n            \"time\":
        \"2021-09-03T09:08:46+00:00\"\r\n          }\r\n        ],\r\n        \"extensionHandlers\":
        []\r\n      },\r\n      \"disks\": [\r\n        {\r\n          \"name\": \"vm1_disk1_3031c31db60d4239959167f113ac7de2\",\r\n
        \         \"statuses\": [\r\n            {\r\n              \"code\": \"ProvisioningState/succeeded\",\r\n
        \             \"level\": \"Info\",\r\n              \"displayStatus\": \"Provisioning
        succeeded\",\r\n              \"time\": \"2021-09-03T09:08:27.1181614+00:00\"\r\n
        \           }\r\n          ]\r\n        },\r\n        {\r\n          \"name\":
        \"vm1_disk2_d856d340979d411e97ac3280bae0aeba\",\r\n          \"statuses\":
        [\r\n            {\r\n              \"code\": \"ProvisioningState/succeeded\",\r\n
        \             \"level\": \"Info\",\r\n              \"displayStatus\": \"Provisioning
        succeeded\",\r\n              \"time\": \"2021-09-03T09:08:27.1181614+00:00\"\r\n
        \           }\r\n          ]\r\n        },\r\n        {\r\n          \"name\":
        \"vm1_disk3_cf8c45333f794d3a8b40a53a62e98f7b\",\r\n          \"statuses\":
        [\r\n            {\r\n              \"code\": \"ProvisioningState/succeeded\",\r\n
        \             \"level\": \"Info\",\r\n              \"displayStatus\": \"Provisioning
        succeeded\",\r\n              \"time\": \"2021-09-03T09:08:27.1181614+00:00\"\r\n
        \           }\r\n          ]\r\n        }\r\n      ],\r\n      \"hyperVGeneration\":
        \"V1\",\r\n      \"statuses\": [\r\n        {\r\n          \"code\": \"ProvisioningState/succeeded\",\r\n
        \         \"level\": \"Info\",\r\n          \"displayStatus\": \"Provisioning
        succeeded\",\r\n          \"time\": \"2021-09-03T09:08:36.1966607+00:00\"\r\n
        \       },\r\n        {\r\n          \"code\": \"PowerState/running\",\r\n
        \         \"level\": \"Info\",\r\n          \"displayStatus\": \"VM running\"\r\n
        \       }\r\n      ]\r\n    }\r\n  }\r\n}"
    headers:
      cache-control:
      - no-cache
      content-length:
      - '5829'
      content-type:
      - application/json; charset=utf-8
      date:
      - Fri, 03 Sep 2021 09:09:07 GMT
      expires:
      - '-1'
      pragma:
      - no-cache
      server:
      - Microsoft-HTTPAPI/2.0
      - Microsoft-HTTPAPI/2.0
      strict-transport-security:
      - max-age=31536000; includeSubDomains
      transfer-encoding:
      - chunked
      vary:
      - Accept-Encoding
      x-content-type-options:
      - nosniff
      x-ms-ratelimit-remaining-resource:
      - Microsoft.Compute/LowCostGet3Min;3963,Microsoft.Compute/LowCostGet30Min;31616
    status:
      code: 200
      message: OK
- request:
    body: null
    headers:
      Accept:
      - application/json, text/json
      Accept-Encoding:
      - gzip, deflate
      CommandName:
      - vm create
      Connection:
      - keep-alive
      ParameterSetName:
      - -g -n --image --data-disk-sizes-gb --admin-username --generate-ssh-keys --nsg-rule
      User-Agent:
      - AZURECLI/2.27.2 azsdk-python-azure-mgmt-network/19.0.0 Python/3.8.9 (Windows-10-10.0.19041-SP0)
    method: GET
    uri: https://management.azure.com/subscriptions/00000000-0000-0000-0000-000000000000/resourceGroups/clitest.rg000001/providers/Microsoft.Network/networkInterfaces/vm1VMNic?api-version=2018-01-01
  response:
    body:
      string: "{\r\n  \"name\": \"vm1VMNic\",\r\n  \"id\": \"/subscriptions/00000000-0000-0000-0000-000000000000/resourceGroups/clitest.rg000001/providers/Microsoft.Network/networkInterfaces/vm1VMNic\",\r\n
        \ \"etag\": \"W/\\\"47380bae-8a1a-47a4-aee8-e47c08544798\\\"\",\r\n  \"location\":
        \"westus\",\r\n  \"tags\": {},\r\n  \"properties\": {\r\n    \"provisioningState\":
        \"Succeeded\",\r\n    \"resourceGuid\": \"69e3bfea-2132-4754-9461-038534590f34\",\r\n
        \   \"ipConfigurations\": [\r\n      {\r\n        \"name\": \"ipconfigvm1\",\r\n
        \       \"id\": \"/subscriptions/00000000-0000-0000-0000-000000000000/resourceGroups/clitest.rg000001/providers/Microsoft.Network/networkInterfaces/vm1VMNic/ipConfigurations/ipconfigvm1\",\r\n
        \       \"etag\": \"W/\\\"47380bae-8a1a-47a4-aee8-e47c08544798\\\"\",\r\n
        \       \"type\": \"Microsoft.Network/networkInterfaces/ipConfigurations\",\r\n
        \       \"properties\": {\r\n          \"provisioningState\": \"Succeeded\",\r\n
        \         \"privateIPAddress\": \"10.0.0.4\",\r\n          \"privateIPAllocationMethod\":
        \"Dynamic\",\r\n          \"publicIPAddress\": {\r\n            \"id\": \"/subscriptions/00000000-0000-0000-0000-000000000000/resourceGroups/clitest.rg000001/providers/Microsoft.Network/publicIPAddresses/vm1PublicIP\"\r\n
        \         },\r\n          \"subnet\": {\r\n            \"id\": \"/subscriptions/00000000-0000-0000-0000-000000000000/resourceGroups/clitest.rg000001/providers/Microsoft.Network/virtualNetworks/vm1VNET/subnets/vm1Subnet\"\r\n
        \         },\r\n          \"primary\": true,\r\n          \"privateIPAddressVersion\":
        \"IPv4\"\r\n        }\r\n      }\r\n    ],\r\n    \"dnsSettings\": {\r\n      \"dnsServers\":
        [],\r\n      \"appliedDnsServers\": [],\r\n      \"internalDomainNameSuffix\":
        \"dasr4snxhsaeppzd0li4jontnf.dx.internal.cloudapp.net\"\r\n    },\r\n    \"macAddress\":
        \"00-0D-3A-31-C3-B5\",\r\n    \"enableAcceleratedNetworking\": false,\r\n
        \   \"enableIPForwarding\": false,\r\n    \"networkSecurityGroup\": {\r\n
        \     \"id\": \"/subscriptions/00000000-0000-0000-0000-000000000000/resourceGroups/clitest.rg000001/providers/Microsoft.Network/networkSecurityGroups/vm1NSG\"\r\n
        \   },\r\n    \"primary\": true,\r\n    \"virtualMachine\": {\r\n      \"id\":
        \"/subscriptions/00000000-0000-0000-0000-000000000000/resourceGroups/clitest.rg000001/providers/Microsoft.Compute/virtualMachines/vm1\"\r\n
        \   }\r\n  },\r\n  \"type\": \"Microsoft.Network/networkInterfaces\"\r\n}"
    headers:
      cache-control:
      - no-cache
      content-length:
      - '2568'
      content-type:
      - application/json; charset=utf-8
      date:
      - Fri, 03 Sep 2021 09:09:07 GMT
      etag:
      - W/"47380bae-8a1a-47a4-aee8-e47c08544798"
      expires:
      - '-1'
      pragma:
      - no-cache
      server:
      - Microsoft-HTTPAPI/2.0
      - Microsoft-HTTPAPI/2.0
      strict-transport-security:
      - max-age=31536000; includeSubDomains
      transfer-encoding:
      - chunked
      vary:
      - Accept-Encoding
      x-content-type-options:
      - nosniff
      x-ms-arm-service-request-id:
      - 49816d22-46d7-436c-8e09-fecba355a80e
    status:
      code: 200
      message: OK
- request:
    body: null
    headers:
      Accept:
      - application/json, text/json
      Accept-Encoding:
      - gzip, deflate
      CommandName:
      - vm create
      Connection:
      - keep-alive
      ParameterSetName:
      - -g -n --image --data-disk-sizes-gb --admin-username --generate-ssh-keys --nsg-rule
      User-Agent:
      - AZURECLI/2.27.2 azsdk-python-azure-mgmt-network/19.0.0 Python/3.8.9 (Windows-10-10.0.19041-SP0)
    method: GET
    uri: https://management.azure.com/subscriptions/00000000-0000-0000-0000-000000000000/resourceGroups/clitest.rg000001/providers/Microsoft.Network/publicIPAddresses/vm1PublicIP?api-version=2018-01-01
  response:
    body:
      string: "{\r\n  \"name\": \"vm1PublicIP\",\r\n  \"id\": \"/subscriptions/00000000-0000-0000-0000-000000000000/resourceGroups/clitest.rg000001/providers/Microsoft.Network/publicIPAddresses/vm1PublicIP\",\r\n
        \ \"etag\": \"W/\\\"800be514-41c8-40d9-ba45-5c568daf2033\\\"\",\r\n  \"location\":
        \"westus\",\r\n  \"tags\": {},\r\n  \"properties\": {\r\n    \"provisioningState\":
        \"Succeeded\",\r\n    \"resourceGuid\": \"16227654-a40c-4614-a330-fc66aedc7933\",\r\n
        \   \"ipAddress\": \"13.64.174.84\",\r\n    \"publicIPAddressVersion\": \"IPv4\",\r\n
        \   \"publicIPAllocationMethod\": \"Dynamic\",\r\n    \"idleTimeoutInMinutes\":
        4,\r\n    \"ipTags\": [],\r\n    \"ipConfiguration\": {\r\n      \"id\": \"/subscriptions/00000000-0000-0000-0000-000000000000/resourceGroups/clitest.rg000001/providers/Microsoft.Network/networkInterfaces/vm1VMNic/ipConfigurations/ipconfigvm1\"\r\n
        \   }\r\n  },\r\n  \"type\": \"Microsoft.Network/publicIPAddresses\",\r\n
        \ \"sku\": {\r\n    \"name\": \"Basic\"\r\n  }\r\n}"
    headers:
      cache-control:
      - no-cache
      content-length:
      - '996'
      content-type:
      - application/json; charset=utf-8
      date:
      - Fri, 03 Sep 2021 09:09:07 GMT
      etag:
      - W/"800be514-41c8-40d9-ba45-5c568daf2033"
      expires:
      - '-1'
      pragma:
      - no-cache
      server:
      - Microsoft-HTTPAPI/2.0
      - Microsoft-HTTPAPI/2.0
      strict-transport-security:
      - max-age=31536000; includeSubDomains
      transfer-encoding:
      - chunked
      vary:
      - Accept-Encoding
      x-content-type-options:
      - nosniff
      x-ms-arm-service-request-id:
      - 1234efdb-82e5-424a-9c51-23d980666222
    status:
      code: 200
      message: OK
- request:
    body: null
    headers:
      Accept:
      - application/json
      Accept-Encoding:
      - gzip, deflate
      CommandName:
      - vm update
      Connection:
      - keep-alive
      ParameterSetName:
      - -g -n --set
      User-Agent:
      - AZURECLI/2.27.2 azsdk-python-azure-mgmt-compute/23.0.0 Python/3.8.9 (Windows-10-10.0.19041-SP0)
    method: GET
    uri: https://management.azure.com/subscriptions/00000000-0000-0000-0000-000000000000/resourceGroups/clitest.rg000001/providers/Microsoft.Compute/virtualMachines/vm1?api-version=2021-07-01
  response:
    body:
      string: "{\r\n  \"name\": \"vm1\",\r\n  \"id\": \"/subscriptions/00000000-0000-0000-0000-000000000000/resourceGroups/clitest.rg000001/providers/Microsoft.Compute/virtualMachines/vm1\",\r\n
        \ \"type\": \"Microsoft.Compute/virtualMachines\",\r\n  \"location\": \"westus\",\r\n
        \ \"tags\": {},\r\n  \"properties\": {\r\n    \"vmId\": \"f2c44208-9555-48bf-9749-382c7b430536\",\r\n
        \   \"hardwareProfile\": {\r\n      \"vmSize\": \"Standard_DS1_v2\"\r\n    },\r\n
        \   \"storageProfile\": {\r\n      \"imageReference\": {\r\n        \"publisher\":
        \"Debian\",\r\n        \"offer\": \"debian-10\",\r\n        \"sku\": \"10\",\r\n
        \       \"version\": \"latest\",\r\n        \"exactVersion\": \"0.20210721.710\"\r\n
        \     },\r\n      \"osDisk\": {\r\n        \"osType\": \"Linux\",\r\n        \"name\":
        \"vm1_disk1_3031c31db60d4239959167f113ac7de2\",\r\n        \"createOption\":
        \"FromImage\",\r\n        \"caching\": \"ReadWrite\",\r\n        \"managedDisk\":
        {\r\n          \"storageAccountType\": \"Premium_LRS\",\r\n          \"id\":
        \"/subscriptions/00000000-0000-0000-0000-000000000000/resourceGroups/clitest.rg000001/providers/Microsoft.Compute/disks/vm1_disk1_3031c31db60d4239959167f113ac7de2\"\r\n
        \       },\r\n        \"deleteOption\": \"Detach\",\r\n        \"diskSizeGB\":
        30\r\n      },\r\n      \"dataDisks\": [\r\n        {\r\n          \"lun\":
        0,\r\n          \"name\": \"vm1_disk2_d856d340979d411e97ac3280bae0aeba\",\r\n
        \         \"createOption\": \"Empty\",\r\n          \"caching\": \"None\",\r\n
        \         \"managedDisk\": {\r\n            \"storageAccountType\": \"Premium_LRS\",\r\n
        \           \"id\": \"/subscriptions/00000000-0000-0000-0000-000000000000/resourceGroups/clitest.rg000001/providers/Microsoft.Compute/disks/vm1_disk2_d856d340979d411e97ac3280bae0aeba\"\r\n
        \         },\r\n          \"deleteOption\": \"Detach\",\r\n          \"diskSizeGB\":
        1,\r\n          \"toBeDetached\": false\r\n        },\r\n        {\r\n          \"lun\":
        1,\r\n          \"name\": \"vm1_disk3_cf8c45333f794d3a8b40a53a62e98f7b\",\r\n
        \         \"createOption\": \"Empty\",\r\n          \"caching\": \"None\",\r\n
        \         \"managedDisk\": {\r\n            \"storageAccountType\": \"Premium_LRS\",\r\n
        \           \"id\": \"/subscriptions/00000000-0000-0000-0000-000000000000/resourceGroups/clitest.rg000001/providers/Microsoft.Compute/disks/vm1_disk3_cf8c45333f794d3a8b40a53a62e98f7b\"\r\n
        \         },\r\n          \"deleteOption\": \"Detach\",\r\n          \"diskSizeGB\":
        2,\r\n          \"toBeDetached\": false\r\n        }\r\n      ]\r\n    },\r\n
        \   \"osProfile\": {\r\n      \"computerName\": \"vm1\",\r\n      \"adminUsername\":
        \"cligenerics\",\r\n      \"linuxConfiguration\": {\r\n        \"disablePasswordAuthentication\":
        true,\r\n        \"ssh\": {\r\n          \"publicKeys\": [\r\n            {\r\n
        \             \"path\": \"/home/cligenerics/.ssh/authorized_keys\",\r\n              \"keyData\":
        \"ssh-rsa AAAAB3NzaC1yc2EAAAADAQABAAABAQDL2PtV5sp++a43U/dRJ2Fyjso9qDFNbWEnbYk7mA4CfXy0gvxm65oYVd90JysNmGBF/89hIvCTN3ul4aEIuPkzywozRbdyWiJngSd/7OrNBJzpQQSjsGXwoVNDRAJSzlvuQVUR2vwBHeN2xMIvufSvzO3LGI3xcSIWIYlSvU9urnV+Pefd4T6x/OXgTpE02AgMWOspdZTzg0ZKsSU3sG5nYSNoq+8qrHQSXLbLLdWzz5lYKe8p64fQC/xhXrNa3/Nw5vy8YGsyqGueM/Rj6gCI+ivgBlQg908Aa50yQLvwsMLIKxhgPlj73Am8zm27PS3DKVjkr0nTjbEp/3FzZnyB\"\r\n
        \           }\r\n          ]\r\n        },\r\n        \"provisionVMAgent\":
        true,\r\n        \"patchSettings\": {\r\n          \"patchMode\": \"ImageDefault\",\r\n
        \         \"assessmentMode\": \"ImageDefault\"\r\n        }\r\n      },\r\n
        \     \"secrets\": [],\r\n      \"allowExtensionOperations\": true,\r\n      \"requireGuestProvisionSignal\":
        true\r\n    },\r\n    \"networkProfile\": {\"networkInterfaces\":[{\"id\":\"/subscriptions/00000000-0000-0000-0000-000000000000/resourceGroups/clitest.rg000001/providers/Microsoft.Network/networkInterfaces/vm1VMNic\"}]},\r\n
        \   \"provisioningState\": \"Succeeded\"\r\n  }\r\n}"
    headers:
      cache-control:
      - no-cache
      content-length:
      - '3822'
      content-type:
      - application/json; charset=utf-8
      date:
      - Fri, 03 Sep 2021 09:09:09 GMT
      expires:
      - '-1'
      pragma:
      - no-cache
      server:
      - Microsoft-HTTPAPI/2.0
      - Microsoft-HTTPAPI/2.0
      strict-transport-security:
      - max-age=31536000; includeSubDomains
      transfer-encoding:
      - chunked
      vary:
      - Accept-Encoding
      x-content-type-options:
      - nosniff
      x-ms-ratelimit-remaining-resource:
      - Microsoft.Compute/LowCostGet3Min;3960,Microsoft.Compute/LowCostGet30Min;31613
    status:
      code: 200
      message: OK
- request:
    body: '{"location": "westus", "tags": {}, "identity": {"type": "SystemAssigned"},
      "properties": {"hardwareProfile": {"vmSize": "Standard_DS1_v2"}, "storageProfile":
      {"osDisk": {"osType": "Linux", "name": "vm1_disk1_3031c31db60d4239959167f113ac7de2",
      "caching": "ReadWrite", "createOption": "FromImage", "diskSizeGB": 30, "managedDisk":
      {"id": "/subscriptions/00000000-0000-0000-0000-000000000000/resourceGroups/clitest.rg000001/providers/Microsoft.Compute/disks/vm1_disk1_3031c31db60d4239959167f113ac7de2",
      "storageAccountType": "Premium_LRS"}, "deleteOption": "Detach"}, "dataDisks":
      [{"lun": 0, "name": "vm1_disk2_d856d340979d411e97ac3280bae0aeba", "caching":
      "None", "createOption": "Empty", "diskSizeGB": 1, "managedDisk": {"id": "/subscriptions/00000000-0000-0000-0000-000000000000/resourceGroups/clitest.rg000001/providers/Microsoft.Compute/disks/vm1_disk2_d856d340979d411e97ac3280bae0aeba",
      "storageAccountType": "Premium_LRS"}, "toBeDetached": false, "deleteOption":
      "Detach"}, {"lun": 1, "name": "vm1_disk3_cf8c45333f794d3a8b40a53a62e98f7b",
      "caching": "None", "createOption": "Empty", "diskSizeGB": 2, "managedDisk":
      {"id": "/subscriptions/00000000-0000-0000-0000-000000000000/resourceGroups/clitest.rg000001/providers/Microsoft.Compute/disks/vm1_disk3_cf8c45333f794d3a8b40a53a62e98f7b",
      "storageAccountType": "Premium_LRS"}, "toBeDetached": false, "deleteOption":
      "Detach"}]}, "osProfile": {"computerName": "vm1", "adminUsername": "cligenerics",
      "linuxConfiguration": {"disablePasswordAuthentication": true, "ssh": {"publicKeys":
      [{"path": "/home/cligenerics/.ssh/authorized_keys", "keyData": "ssh-rsa AAAAB3NzaC1yc2EAAAADAQABAAABAQDL2PtV5sp++a43U/dRJ2Fyjso9qDFNbWEnbYk7mA4CfXy0gvxm65oYVd90JysNmGBF/89hIvCTN3ul4aEIuPkzywozRbdyWiJngSd/7OrNBJzpQQSjsGXwoVNDRAJSzlvuQVUR2vwBHeN2xMIvufSvzO3LGI3xcSIWIYlSvU9urnV+Pefd4T6x/OXgTpE02AgMWOspdZTzg0ZKsSU3sG5nYSNoq+8qrHQSXLbLLdWzz5lYKe8p64fQC/xhXrNa3/Nw5vy8YGsyqGueM/Rj6gCI+ivgBlQg908Aa50yQLvwsMLIKxhgPlj73Am8zm27PS3DKVjkr0nTjbEp/3FzZnyB"}]},
      "provisionVMAgent": true, "patchSettings": {"patchMode": "ImageDefault", "assessmentMode":
      "ImageDefault"}}, "secrets": [], "allowExtensionOperations": true, "requireGuestProvisionSignal":
      true}, "networkProfile": {"networkInterfaces": [{"id": "/subscriptions/00000000-0000-0000-0000-000000000000/resourceGroups/clitest.rg000001/providers/Microsoft.Network/networkInterfaces/vm1VMNic"}]}}}'
    headers:
      Accept:
      - application/json
      Accept-Encoding:
      - gzip, deflate
      CommandName:
      - vm update
      Connection:
      - keep-alive
      Content-Length:
      - '2609'
      Content-Type:
      - application/json
      ParameterSetName:
      - -g -n --set
      User-Agent:
      - AZURECLI/2.27.2 azsdk-python-azure-mgmt-compute/23.0.0 Python/3.8.9 (Windows-10-10.0.19041-SP0)
    method: PUT
    uri: https://management.azure.com/subscriptions/00000000-0000-0000-0000-000000000000/resourceGroups/clitest.rg000001/providers/Microsoft.Compute/virtualMachines/vm1?api-version=2021-07-01
  response:
    body:
      string: "{\r\n  \"name\": \"vm1\",\r\n  \"id\": \"/subscriptions/00000000-0000-0000-0000-000000000000/resourceGroups/clitest.rg000001/providers/Microsoft.Compute/virtualMachines/vm1\",\r\n
        \ \"type\": \"Microsoft.Compute/virtualMachines\",\r\n  \"location\": \"westus\",\r\n
        \ \"tags\": {},\r\n  \"identity\": {\r\n    \"type\": \"SystemAssigned\",\r\n
        \   \"principalId\": \"8e8aead3-f145-4dd5-86ca-d3da07e4f15a\",\r\n    \"tenantId\":
        \"54826b22-38d6-4fb2-bad9-b7b93a3e9c5a\"\r\n  },\r\n  \"properties\": {\r\n
        \   \"vmId\": \"f2c44208-9555-48bf-9749-382c7b430536\",\r\n    \"hardwareProfile\":
        {\r\n      \"vmSize\": \"Standard_DS1_v2\"\r\n    },\r\n    \"storageProfile\":
        {\r\n      \"imageReference\": {\r\n        \"publisher\": \"Debian\",\r\n
        \       \"offer\": \"debian-10\",\r\n        \"sku\": \"10\",\r\n        \"version\":
        \"latest\",\r\n        \"exactVersion\": \"0.20210721.710\"\r\n      },\r\n
        \     \"osDisk\": {\r\n        \"osType\": \"Linux\",\r\n        \"name\":
        \"vm1_disk1_3031c31db60d4239959167f113ac7de2\",\r\n        \"createOption\":
        \"FromImage\",\r\n        \"caching\": \"ReadWrite\",\r\n        \"managedDisk\":
        {\r\n          \"storageAccountType\": \"Premium_LRS\",\r\n          \"id\":
        \"/subscriptions/00000000-0000-0000-0000-000000000000/resourceGroups/clitest.rg000001/providers/Microsoft.Compute/disks/vm1_disk1_3031c31db60d4239959167f113ac7de2\"\r\n
        \       },\r\n        \"deleteOption\": \"Detach\",\r\n        \"diskSizeGB\":
        30\r\n      },\r\n      \"dataDisks\": [\r\n        {\r\n          \"lun\":
        0,\r\n          \"name\": \"vm1_disk2_d856d340979d411e97ac3280bae0aeba\",\r\n
        \         \"createOption\": \"Empty\",\r\n          \"caching\": \"None\",\r\n
        \         \"managedDisk\": {\r\n            \"storageAccountType\": \"Premium_LRS\",\r\n
        \           \"id\": \"/subscriptions/00000000-0000-0000-0000-000000000000/resourceGroups/clitest.rg000001/providers/Microsoft.Compute/disks/vm1_disk2_d856d340979d411e97ac3280bae0aeba\"\r\n
        \         },\r\n          \"deleteOption\": \"Detach\",\r\n          \"diskSizeGB\":
        1,\r\n          \"toBeDetached\": false\r\n        },\r\n        {\r\n          \"lun\":
        1,\r\n          \"name\": \"vm1_disk3_cf8c45333f794d3a8b40a53a62e98f7b\",\r\n
        \         \"createOption\": \"Empty\",\r\n          \"caching\": \"None\",\r\n
        \         \"managedDisk\": {\r\n            \"storageAccountType\": \"Premium_LRS\",\r\n
        \           \"id\": \"/subscriptions/00000000-0000-0000-0000-000000000000/resourceGroups/clitest.rg000001/providers/Microsoft.Compute/disks/vm1_disk3_cf8c45333f794d3a8b40a53a62e98f7b\"\r\n
        \         },\r\n          \"deleteOption\": \"Detach\",\r\n          \"diskSizeGB\":
        2,\r\n          \"toBeDetached\": false\r\n        }\r\n      ]\r\n    },\r\n
        \   \"osProfile\": {\r\n      \"computerName\": \"vm1\",\r\n      \"adminUsername\":
        \"cligenerics\",\r\n      \"linuxConfiguration\": {\r\n        \"disablePasswordAuthentication\":
        true,\r\n        \"ssh\": {\r\n          \"publicKeys\": [\r\n            {\r\n
        \             \"path\": \"/home/cligenerics/.ssh/authorized_keys\",\r\n              \"keyData\":
        \"ssh-rsa AAAAB3NzaC1yc2EAAAADAQABAAABAQDL2PtV5sp++a43U/dRJ2Fyjso9qDFNbWEnbYk7mA4CfXy0gvxm65oYVd90JysNmGBF/89hIvCTN3ul4aEIuPkzywozRbdyWiJngSd/7OrNBJzpQQSjsGXwoVNDRAJSzlvuQVUR2vwBHeN2xMIvufSvzO3LGI3xcSIWIYlSvU9urnV+Pefd4T6x/OXgTpE02AgMWOspdZTzg0ZKsSU3sG5nYSNoq+8qrHQSXLbLLdWzz5lYKe8p64fQC/xhXrNa3/Nw5vy8YGsyqGueM/Rj6gCI+ivgBlQg908Aa50yQLvwsMLIKxhgPlj73Am8zm27PS3DKVjkr0nTjbEp/3FzZnyB\"\r\n
        \           }\r\n          ]\r\n        },\r\n        \"provisionVMAgent\":
        true,\r\n        \"patchSettings\": {\r\n          \"patchMode\": \"ImageDefault\",\r\n
        \         \"assessmentMode\": \"ImageDefault\"\r\n        }\r\n      },\r\n
        \     \"secrets\": [],\r\n      \"allowExtensionOperations\": true,\r\n      \"requireGuestProvisionSignal\":
        true\r\n    },\r\n    \"networkProfile\": {\"networkInterfaces\":[{\"id\":\"/subscriptions/00000000-0000-0000-0000-000000000000/resourceGroups/clitest.rg000001/providers/Microsoft.Network/networkInterfaces/vm1VMNic\"}]},\r\n
        \   \"provisioningState\": \"Updating\"\r\n  }\r\n}"
    headers:
      azure-asyncnotification:
      - Enabled
      azure-asyncoperation:
      - https://management.azure.com/subscriptions/00000000-0000-0000-0000-000000000000/providers/Microsoft.Compute/locations/westus/operations/1def1ac9-e9b7-4f3b-b142-3a4f574c54ca?p=571046f6-b640-41c1-86f7-f9f044b5adf9&api-version=2021-07-01
      cache-control:
      - no-cache
      content-length:
      - '3991'
      content-type:
      - application/json; charset=utf-8
      date:
      - Fri, 03 Sep 2021 09:09:16 GMT
      expires:
      - '-1'
      pragma:
      - no-cache
      server:
      - Microsoft-HTTPAPI/2.0
      - Microsoft-HTTPAPI/2.0
      strict-transport-security:
      - max-age=31536000; includeSubDomains
      transfer-encoding:
      - chunked
      vary:
      - Accept-Encoding
      x-content-type-options:
      - nosniff
      x-ms-ratelimit-remaining-resource:
      - Microsoft.Compute/PutVM3Min;231,Microsoft.Compute/PutVM30Min;1145
      x-ms-ratelimit-remaining-subscription-writes:
      - '1190'
    status:
      code: 200
      message: OK
- request:
    body: null
    headers:
      Accept:
      - '*/*'
      Accept-Encoding:
      - gzip, deflate
      CommandName:
      - vm update
      Connection:
      - keep-alive
      ParameterSetName:
      - -g -n --set
      User-Agent:
      - AZURECLI/2.27.2 azsdk-python-azure-mgmt-compute/23.0.0 Python/3.8.9 (Windows-10-10.0.19041-SP0)
    method: GET
    uri: https://management.azure.com/subscriptions/00000000-0000-0000-0000-000000000000/providers/Microsoft.Compute/locations/westus/operations/1def1ac9-e9b7-4f3b-b142-3a4f574c54ca?p=571046f6-b640-41c1-86f7-f9f044b5adf9&api-version=2021-07-01
  response:
    body:
      string: "{\r\n  \"startTime\": \"2021-09-03T09:09:14.0889144+00:00\",\r\n  \"endTime\":
        \"2021-09-03T09:09:18.6204485+00:00\",\r\n  \"status\": \"Succeeded\",\r\n
        \ \"name\": \"1def1ac9-e9b7-4f3b-b142-3a4f574c54ca\"\r\n}"
    headers:
      cache-control:
      - no-cache
      content-length:
      - '184'
      content-type:
      - application/json; charset=utf-8
      date:
      - Fri, 03 Sep 2021 09:09:46 GMT
      expires:
      - '-1'
      pragma:
      - no-cache
      server:
      - Microsoft-HTTPAPI/2.0
      - Microsoft-HTTPAPI/2.0
      strict-transport-security:
      - max-age=31536000; includeSubDomains
      transfer-encoding:
      - chunked
      vary:
      - Accept-Encoding
      x-content-type-options:
      - nosniff
      x-ms-ratelimit-remaining-resource:
      - Microsoft.Compute/GetOperation3Min;14941,Microsoft.Compute/GetOperation30Min;29623
    status:
      code: 200
      message: OK
- request:
    body: null
    headers:
      Accept:
      - '*/*'
      Accept-Encoding:
      - gzip, deflate
      CommandName:
      - vm update
      Connection:
      - keep-alive
      ParameterSetName:
      - -g -n --set
      User-Agent:
      - AZURECLI/2.27.2 azsdk-python-azure-mgmt-compute/23.0.0 Python/3.8.9 (Windows-10-10.0.19041-SP0)
    method: GET
    uri: https://management.azure.com/subscriptions/00000000-0000-0000-0000-000000000000/resourceGroups/clitest.rg000001/providers/Microsoft.Compute/virtualMachines/vm1?api-version=2021-07-01
  response:
    body:
      string: "{\r\n  \"name\": \"vm1\",\r\n  \"id\": \"/subscriptions/00000000-0000-0000-0000-000000000000/resourceGroups/clitest.rg000001/providers/Microsoft.Compute/virtualMachines/vm1\",\r\n
        \ \"type\": \"Microsoft.Compute/virtualMachines\",\r\n  \"location\": \"westus\",\r\n
        \ \"tags\": {},\r\n  \"identity\": {\r\n    \"type\": \"SystemAssigned\",\r\n
        \   \"principalId\": \"8e8aead3-f145-4dd5-86ca-d3da07e4f15a\",\r\n    \"tenantId\":
        \"54826b22-38d6-4fb2-bad9-b7b93a3e9c5a\"\r\n  },\r\n  \"properties\": {\r\n
        \   \"vmId\": \"f2c44208-9555-48bf-9749-382c7b430536\",\r\n    \"hardwareProfile\":
        {\r\n      \"vmSize\": \"Standard_DS1_v2\"\r\n    },\r\n    \"storageProfile\":
        {\r\n      \"imageReference\": {\r\n        \"publisher\": \"Debian\",\r\n
        \       \"offer\": \"debian-10\",\r\n        \"sku\": \"10\",\r\n        \"version\":
        \"latest\",\r\n        \"exactVersion\": \"0.20210721.710\"\r\n      },\r\n
        \     \"osDisk\": {\r\n        \"osType\": \"Linux\",\r\n        \"name\":
        \"vm1_disk1_3031c31db60d4239959167f113ac7de2\",\r\n        \"createOption\":
        \"FromImage\",\r\n        \"caching\": \"ReadWrite\",\r\n        \"managedDisk\":
        {\r\n          \"storageAccountType\": \"Premium_LRS\",\r\n          \"id\":
        \"/subscriptions/00000000-0000-0000-0000-000000000000/resourceGroups/clitest.rg000001/providers/Microsoft.Compute/disks/vm1_disk1_3031c31db60d4239959167f113ac7de2\"\r\n
        \       },\r\n        \"deleteOption\": \"Detach\",\r\n        \"diskSizeGB\":
        30\r\n      },\r\n      \"dataDisks\": [\r\n        {\r\n          \"lun\":
        0,\r\n          \"name\": \"vm1_disk2_d856d340979d411e97ac3280bae0aeba\",\r\n
        \         \"createOption\": \"Empty\",\r\n          \"caching\": \"None\",\r\n
        \         \"managedDisk\": {\r\n            \"storageAccountType\": \"Premium_LRS\",\r\n
        \           \"id\": \"/subscriptions/00000000-0000-0000-0000-000000000000/resourceGroups/clitest.rg000001/providers/Microsoft.Compute/disks/vm1_disk2_d856d340979d411e97ac3280bae0aeba\"\r\n
        \         },\r\n          \"deleteOption\": \"Detach\",\r\n          \"diskSizeGB\":
        1,\r\n          \"toBeDetached\": false\r\n        },\r\n        {\r\n          \"lun\":
        1,\r\n          \"name\": \"vm1_disk3_cf8c45333f794d3a8b40a53a62e98f7b\",\r\n
        \         \"createOption\": \"Empty\",\r\n          \"caching\": \"None\",\r\n
        \         \"managedDisk\": {\r\n            \"storageAccountType\": \"Premium_LRS\",\r\n
        \           \"id\": \"/subscriptions/00000000-0000-0000-0000-000000000000/resourceGroups/clitest.rg000001/providers/Microsoft.Compute/disks/vm1_disk3_cf8c45333f794d3a8b40a53a62e98f7b\"\r\n
        \         },\r\n          \"deleteOption\": \"Detach\",\r\n          \"diskSizeGB\":
        2,\r\n          \"toBeDetached\": false\r\n        }\r\n      ]\r\n    },\r\n
        \   \"osProfile\": {\r\n      \"computerName\": \"vm1\",\r\n      \"adminUsername\":
        \"cligenerics\",\r\n      \"linuxConfiguration\": {\r\n        \"disablePasswordAuthentication\":
        true,\r\n        \"ssh\": {\r\n          \"publicKeys\": [\r\n            {\r\n
        \             \"path\": \"/home/cligenerics/.ssh/authorized_keys\",\r\n              \"keyData\":
        \"ssh-rsa AAAAB3NzaC1yc2EAAAADAQABAAABAQDL2PtV5sp++a43U/dRJ2Fyjso9qDFNbWEnbYk7mA4CfXy0gvxm65oYVd90JysNmGBF/89hIvCTN3ul4aEIuPkzywozRbdyWiJngSd/7OrNBJzpQQSjsGXwoVNDRAJSzlvuQVUR2vwBHeN2xMIvufSvzO3LGI3xcSIWIYlSvU9urnV+Pefd4T6x/OXgTpE02AgMWOspdZTzg0ZKsSU3sG5nYSNoq+8qrHQSXLbLLdWzz5lYKe8p64fQC/xhXrNa3/Nw5vy8YGsyqGueM/Rj6gCI+ivgBlQg908Aa50yQLvwsMLIKxhgPlj73Am8zm27PS3DKVjkr0nTjbEp/3FzZnyB\"\r\n
        \           }\r\n          ]\r\n        },\r\n        \"provisionVMAgent\":
        true,\r\n        \"patchSettings\": {\r\n          \"patchMode\": \"ImageDefault\",\r\n
        \         \"assessmentMode\": \"ImageDefault\"\r\n        }\r\n      },\r\n
        \     \"secrets\": [],\r\n      \"allowExtensionOperations\": true,\r\n      \"requireGuestProvisionSignal\":
        true\r\n    },\r\n    \"networkProfile\": {\"networkInterfaces\":[{\"id\":\"/subscriptions/00000000-0000-0000-0000-000000000000/resourceGroups/clitest.rg000001/providers/Microsoft.Network/networkInterfaces/vm1VMNic\"}]},\r\n
        \   \"provisioningState\": \"Succeeded\"\r\n  }\r\n}"
    headers:
      cache-control:
      - no-cache
      content-length:
      - '3992'
      content-type:
      - application/json; charset=utf-8
      date:
      - Fri, 03 Sep 2021 09:09:47 GMT
      expires:
      - '-1'
      pragma:
      - no-cache
      server:
      - Microsoft-HTTPAPI/2.0
      - Microsoft-HTTPAPI/2.0
      strict-transport-security:
      - max-age=31536000; includeSubDomains
      transfer-encoding:
      - chunked
      vary:
      - Accept-Encoding
      x-content-type-options:
      - nosniff
      x-ms-ratelimit-remaining-resource:
      - Microsoft.Compute/LowCostGet3Min;3957,Microsoft.Compute/LowCostGet30Min;31603
    status:
      code: 200
      message: OK
- request:
    body: null
    headers:
      Accept:
      - application/json
      Accept-Encoding:
      - gzip, deflate
      CommandName:
      - vm update
      Connection:
      - keep-alive
      ParameterSetName:
      - -g -n --set
      User-Agent:
      - AZURECLI/2.27.2 azsdk-python-azure-mgmt-compute/23.0.0 Python/3.8.9 (Windows-10-10.0.19041-SP0)
    method: GET
    uri: https://management.azure.com/subscriptions/00000000-0000-0000-0000-000000000000/resourceGroups/clitest.rg000001/providers/Microsoft.Compute/virtualMachines/vm1?api-version=2021-07-01
  response:
    body:
      string: "{\r\n  \"name\": \"vm1\",\r\n  \"id\": \"/subscriptions/00000000-0000-0000-0000-000000000000/resourceGroups/clitest.rg000001/providers/Microsoft.Compute/virtualMachines/vm1\",\r\n
        \ \"type\": \"Microsoft.Compute/virtualMachines\",\r\n  \"location\": \"westus\",\r\n
        \ \"tags\": {},\r\n  \"identity\": {\r\n    \"type\": \"SystemAssigned\",\r\n
        \   \"principalId\": \"8e8aead3-f145-4dd5-86ca-d3da07e4f15a\",\r\n    \"tenantId\":
        \"54826b22-38d6-4fb2-bad9-b7b93a3e9c5a\"\r\n  },\r\n  \"properties\": {\r\n
        \   \"vmId\": \"f2c44208-9555-48bf-9749-382c7b430536\",\r\n    \"hardwareProfile\":
        {\r\n      \"vmSize\": \"Standard_DS1_v2\"\r\n    },\r\n    \"storageProfile\":
        {\r\n      \"imageReference\": {\r\n        \"publisher\": \"Debian\",\r\n
        \       \"offer\": \"debian-10\",\r\n        \"sku\": \"10\",\r\n        \"version\":
        \"latest\",\r\n        \"exactVersion\": \"0.20210721.710\"\r\n      },\r\n
        \     \"osDisk\": {\r\n        \"osType\": \"Linux\",\r\n        \"name\":
        \"vm1_disk1_3031c31db60d4239959167f113ac7de2\",\r\n        \"createOption\":
        \"FromImage\",\r\n        \"caching\": \"ReadWrite\",\r\n        \"managedDisk\":
        {\r\n          \"storageAccountType\": \"Premium_LRS\",\r\n          \"id\":
        \"/subscriptions/00000000-0000-0000-0000-000000000000/resourceGroups/clitest.rg000001/providers/Microsoft.Compute/disks/vm1_disk1_3031c31db60d4239959167f113ac7de2\"\r\n
        \       },\r\n        \"deleteOption\": \"Detach\",\r\n        \"diskSizeGB\":
        30\r\n      },\r\n      \"dataDisks\": [\r\n        {\r\n          \"lun\":
        0,\r\n          \"name\": \"vm1_disk2_d856d340979d411e97ac3280bae0aeba\",\r\n
        \         \"createOption\": \"Empty\",\r\n          \"caching\": \"None\",\r\n
        \         \"managedDisk\": {\r\n            \"storageAccountType\": \"Premium_LRS\",\r\n
        \           \"id\": \"/subscriptions/00000000-0000-0000-0000-000000000000/resourceGroups/clitest.rg000001/providers/Microsoft.Compute/disks/vm1_disk2_d856d340979d411e97ac3280bae0aeba\"\r\n
        \         },\r\n          \"deleteOption\": \"Detach\",\r\n          \"diskSizeGB\":
        1,\r\n          \"toBeDetached\": false\r\n        },\r\n        {\r\n          \"lun\":
        1,\r\n          \"name\": \"vm1_disk3_cf8c45333f794d3a8b40a53a62e98f7b\",\r\n
        \         \"createOption\": \"Empty\",\r\n          \"caching\": \"None\",\r\n
        \         \"managedDisk\": {\r\n            \"storageAccountType\": \"Premium_LRS\",\r\n
        \           \"id\": \"/subscriptions/00000000-0000-0000-0000-000000000000/resourceGroups/clitest.rg000001/providers/Microsoft.Compute/disks/vm1_disk3_cf8c45333f794d3a8b40a53a62e98f7b\"\r\n
        \         },\r\n          \"deleteOption\": \"Detach\",\r\n          \"diskSizeGB\":
        2,\r\n          \"toBeDetached\": false\r\n        }\r\n      ]\r\n    },\r\n
        \   \"osProfile\": {\r\n      \"computerName\": \"vm1\",\r\n      \"adminUsername\":
        \"cligenerics\",\r\n      \"linuxConfiguration\": {\r\n        \"disablePasswordAuthentication\":
        true,\r\n        \"ssh\": {\r\n          \"publicKeys\": [\r\n            {\r\n
        \             \"path\": \"/home/cligenerics/.ssh/authorized_keys\",\r\n              \"keyData\":
        \"ssh-rsa AAAAB3NzaC1yc2EAAAADAQABAAABAQDL2PtV5sp++a43U/dRJ2Fyjso9qDFNbWEnbYk7mA4CfXy0gvxm65oYVd90JysNmGBF/89hIvCTN3ul4aEIuPkzywozRbdyWiJngSd/7OrNBJzpQQSjsGXwoVNDRAJSzlvuQVUR2vwBHeN2xMIvufSvzO3LGI3xcSIWIYlSvU9urnV+Pefd4T6x/OXgTpE02AgMWOspdZTzg0ZKsSU3sG5nYSNoq+8qrHQSXLbLLdWzz5lYKe8p64fQC/xhXrNa3/Nw5vy8YGsyqGueM/Rj6gCI+ivgBlQg908Aa50yQLvwsMLIKxhgPlj73Am8zm27PS3DKVjkr0nTjbEp/3FzZnyB\"\r\n
        \           }\r\n          ]\r\n        },\r\n        \"provisionVMAgent\":
        true,\r\n        \"patchSettings\": {\r\n          \"patchMode\": \"ImageDefault\",\r\n
        \         \"assessmentMode\": \"ImageDefault\"\r\n        }\r\n      },\r\n
        \     \"secrets\": [],\r\n      \"allowExtensionOperations\": true,\r\n      \"requireGuestProvisionSignal\":
        true\r\n    },\r\n    \"networkProfile\": {\"networkInterfaces\":[{\"id\":\"/subscriptions/00000000-0000-0000-0000-000000000000/resourceGroups/clitest.rg000001/providers/Microsoft.Network/networkInterfaces/vm1VMNic\"}]},\r\n
        \   \"provisioningState\": \"Succeeded\"\r\n  }\r\n}"
    headers:
      cache-control:
      - no-cache
      content-length:
      - '3992'
      content-type:
      - application/json; charset=utf-8
      date:
      - Fri, 03 Sep 2021 09:09:48 GMT
      expires:
      - '-1'
      pragma:
      - no-cache
      server:
      - Microsoft-HTTPAPI/2.0
      - Microsoft-HTTPAPI/2.0
      strict-transport-security:
      - max-age=31536000; includeSubDomains
      transfer-encoding:
      - chunked
      vary:
      - Accept-Encoding
      x-content-type-options:
      - nosniff
      x-ms-ratelimit-remaining-resource:
      - Microsoft.Compute/LowCostGet3Min;3956,Microsoft.Compute/LowCostGet30Min;31602
    status:
      code: 200
      message: OK
- request:
    body: '{"location": "westus", "tags": {}, "identity": {"type": "SystemAssigned"},
      "properties": {"hardwareProfile": {"vmSize": "Standard_DS1_v2"}, "storageProfile":
      {"osDisk": {"osType": "Linux", "name": "vm1_disk1_3031c31db60d4239959167f113ac7de2",
      "caching": "ReadWrite", "createOption": "FromImage", "diskSizeGB": 30, "managedDisk":
      {"id": "/subscriptions/00000000-0000-0000-0000-000000000000/resourceGroups/clitest.rg000001/providers/Microsoft.Compute/disks/vm1_disk1_3031c31db60d4239959167f113ac7de2",
      "storageAccountType": "Premium_LRS"}, "deleteOption": "Detach"}, "dataDisks":
      [{"lun": 0, "name": "vm1_disk2_d856d340979d411e97ac3280bae0aeba", "caching":
      "ReadWrite", "createOption": "Empty", "diskSizeGB": 1, "managedDisk": {"id":
      "/subscriptions/00000000-0000-0000-0000-000000000000/resourceGroups/clitest.rg000001/providers/Microsoft.Compute/disks/vm1_disk2_d856d340979d411e97ac3280bae0aeba",
      "storageAccountType": "Premium_LRS"}, "toBeDetached": false, "deleteOption":
      "Detach"}, {"lun": 1, "name": "vm1_disk3_cf8c45333f794d3a8b40a53a62e98f7b",
      "caching": "None", "createOption": "Empty", "diskSizeGB": 2, "managedDisk":
      {"id": "/subscriptions/00000000-0000-0000-0000-000000000000/resourceGroups/clitest.rg000001/providers/Microsoft.Compute/disks/vm1_disk3_cf8c45333f794d3a8b40a53a62e98f7b",
      "storageAccountType": "Premium_LRS"}, "toBeDetached": false, "deleteOption":
      "Detach"}]}, "osProfile": {"computerName": "vm1", "adminUsername": "cligenerics",
      "linuxConfiguration": {"disablePasswordAuthentication": true, "ssh": {"publicKeys":
      [{"path": "/home/cligenerics/.ssh/authorized_keys", "keyData": "ssh-rsa AAAAB3NzaC1yc2EAAAADAQABAAABAQDL2PtV5sp++a43U/dRJ2Fyjso9qDFNbWEnbYk7mA4CfXy0gvxm65oYVd90JysNmGBF/89hIvCTN3ul4aEIuPkzywozRbdyWiJngSd/7OrNBJzpQQSjsGXwoVNDRAJSzlvuQVUR2vwBHeN2xMIvufSvzO3LGI3xcSIWIYlSvU9urnV+Pefd4T6x/OXgTpE02AgMWOspdZTzg0ZKsSU3sG5nYSNoq+8qrHQSXLbLLdWzz5lYKe8p64fQC/xhXrNa3/Nw5vy8YGsyqGueM/Rj6gCI+ivgBlQg908Aa50yQLvwsMLIKxhgPlj73Am8zm27PS3DKVjkr0nTjbEp/3FzZnyB"}]},
      "provisionVMAgent": true, "patchSettings": {"patchMode": "ImageDefault", "assessmentMode":
      "ImageDefault"}}, "secrets": [], "allowExtensionOperations": true, "requireGuestProvisionSignal":
      true}, "networkProfile": {"networkInterfaces": [{"id": "/subscriptions/00000000-0000-0000-0000-000000000000/resourceGroups/clitest.rg000001/providers/Microsoft.Network/networkInterfaces/vm1VMNic"}]}}}'
    headers:
      Accept:
      - application/json
      Accept-Encoding:
      - gzip, deflate
      CommandName:
      - vm update
      Connection:
      - keep-alive
      Content-Length:
      - '2614'
      Content-Type:
      - application/json
      ParameterSetName:
      - -g -n --set
      User-Agent:
      - AZURECLI/2.27.2 azsdk-python-azure-mgmt-compute/23.0.0 Python/3.8.9 (Windows-10-10.0.19041-SP0)
    method: PUT
    uri: https://management.azure.com/subscriptions/00000000-0000-0000-0000-000000000000/resourceGroups/clitest.rg000001/providers/Microsoft.Compute/virtualMachines/vm1?api-version=2021-07-01
  response:
    body:
      string: "{\r\n  \"name\": \"vm1\",\r\n  \"id\": \"/subscriptions/00000000-0000-0000-0000-000000000000/resourceGroups/clitest.rg000001/providers/Microsoft.Compute/virtualMachines/vm1\",\r\n
        \ \"type\": \"Microsoft.Compute/virtualMachines\",\r\n  \"location\": \"westus\",\r\n
        \ \"tags\": {},\r\n  \"identity\": {\r\n    \"type\": \"SystemAssigned\",\r\n
        \   \"principalId\": \"8e8aead3-f145-4dd5-86ca-d3da07e4f15a\",\r\n    \"tenantId\":
        \"54826b22-38d6-4fb2-bad9-b7b93a3e9c5a\"\r\n  },\r\n  \"properties\": {\r\n
        \   \"vmId\": \"f2c44208-9555-48bf-9749-382c7b430536\",\r\n    \"hardwareProfile\":
        {\r\n      \"vmSize\": \"Standard_DS1_v2\"\r\n    },\r\n    \"storageProfile\":
        {\r\n      \"imageReference\": {\r\n        \"publisher\": \"Debian\",\r\n
        \       \"offer\": \"debian-10\",\r\n        \"sku\": \"10\",\r\n        \"version\":
        \"latest\",\r\n        \"exactVersion\": \"0.20210721.710\"\r\n      },\r\n
        \     \"osDisk\": {\r\n        \"osType\": \"Linux\",\r\n        \"name\":
        \"vm1_disk1_3031c31db60d4239959167f113ac7de2\",\r\n        \"createOption\":
        \"FromImage\",\r\n        \"caching\": \"ReadWrite\",\r\n        \"managedDisk\":
        {\r\n          \"storageAccountType\": \"Premium_LRS\",\r\n          \"id\":
        \"/subscriptions/00000000-0000-0000-0000-000000000000/resourceGroups/clitest.rg000001/providers/Microsoft.Compute/disks/vm1_disk1_3031c31db60d4239959167f113ac7de2\"\r\n
        \       },\r\n        \"deleteOption\": \"Detach\",\r\n        \"diskSizeGB\":
        30\r\n      },\r\n      \"dataDisks\": [\r\n        {\r\n          \"lun\":
        0,\r\n          \"name\": \"vm1_disk2_d856d340979d411e97ac3280bae0aeba\",\r\n
        \         \"createOption\": \"Empty\",\r\n          \"caching\": \"ReadWrite\",\r\n
        \         \"managedDisk\": {\r\n            \"storageAccountType\": \"Premium_LRS\",\r\n
        \           \"id\": \"/subscriptions/00000000-0000-0000-0000-000000000000/resourceGroups/clitest.rg000001/providers/Microsoft.Compute/disks/vm1_disk2_d856d340979d411e97ac3280bae0aeba\"\r\n
        \         },\r\n          \"deleteOption\": \"Detach\",\r\n          \"diskSizeGB\":
        1,\r\n          \"toBeDetached\": false\r\n        },\r\n        {\r\n          \"lun\":
        1,\r\n          \"name\": \"vm1_disk3_cf8c45333f794d3a8b40a53a62e98f7b\",\r\n
        \         \"createOption\": \"Empty\",\r\n          \"caching\": \"None\",\r\n
        \         \"managedDisk\": {\r\n            \"storageAccountType\": \"Premium_LRS\",\r\n
        \           \"id\": \"/subscriptions/00000000-0000-0000-0000-000000000000/resourceGroups/clitest.rg000001/providers/Microsoft.Compute/disks/vm1_disk3_cf8c45333f794d3a8b40a53a62e98f7b\"\r\n
        \         },\r\n          \"deleteOption\": \"Detach\",\r\n          \"diskSizeGB\":
        2,\r\n          \"toBeDetached\": false\r\n        }\r\n      ]\r\n    },\r\n
        \   \"osProfile\": {\r\n      \"computerName\": \"vm1\",\r\n      \"adminUsername\":
        \"cligenerics\",\r\n      \"linuxConfiguration\": {\r\n        \"disablePasswordAuthentication\":
        true,\r\n        \"ssh\": {\r\n          \"publicKeys\": [\r\n            {\r\n
        \             \"path\": \"/home/cligenerics/.ssh/authorized_keys\",\r\n              \"keyData\":
        \"ssh-rsa AAAAB3NzaC1yc2EAAAADAQABAAABAQDL2PtV5sp++a43U/dRJ2Fyjso9qDFNbWEnbYk7mA4CfXy0gvxm65oYVd90JysNmGBF/89hIvCTN3ul4aEIuPkzywozRbdyWiJngSd/7OrNBJzpQQSjsGXwoVNDRAJSzlvuQVUR2vwBHeN2xMIvufSvzO3LGI3xcSIWIYlSvU9urnV+Pefd4T6x/OXgTpE02AgMWOspdZTzg0ZKsSU3sG5nYSNoq+8qrHQSXLbLLdWzz5lYKe8p64fQC/xhXrNa3/Nw5vy8YGsyqGueM/Rj6gCI+ivgBlQg908Aa50yQLvwsMLIKxhgPlj73Am8zm27PS3DKVjkr0nTjbEp/3FzZnyB\"\r\n
        \           }\r\n          ]\r\n        },\r\n        \"provisionVMAgent\":
        true,\r\n        \"patchSettings\": {\r\n          \"patchMode\": \"ImageDefault\",\r\n
        \         \"assessmentMode\": \"ImageDefault\"\r\n        }\r\n      },\r\n
        \     \"secrets\": [],\r\n      \"allowExtensionOperations\": true,\r\n      \"requireGuestProvisionSignal\":
        true\r\n    },\r\n    \"networkProfile\": {\"networkInterfaces\":[{\"id\":\"/subscriptions/00000000-0000-0000-0000-000000000000/resourceGroups/clitest.rg000001/providers/Microsoft.Network/networkInterfaces/vm1VMNic\"}]},\r\n
        \   \"provisioningState\": \"Updating\"\r\n  }\r\n}"
    headers:
      azure-asyncnotification:
      - Enabled
      azure-asyncoperation:
      - https://management.azure.com/subscriptions/00000000-0000-0000-0000-000000000000/providers/Microsoft.Compute/locations/westus/operations/c24eb02c-4f52-40f6-ba58-b7dbcef5a7d4?p=571046f6-b640-41c1-86f7-f9f044b5adf9&api-version=2021-07-01
      cache-control:
      - no-cache
      content-length:
      - '3996'
      content-type:
      - application/json; charset=utf-8
      date:
      - Fri, 03 Sep 2021 09:09:51 GMT
      expires:
      - '-1'
      pragma:
      - no-cache
      server:
      - Microsoft-HTTPAPI/2.0
      - Microsoft-HTTPAPI/2.0
      strict-transport-security:
      - max-age=31536000; includeSubDomains
      transfer-encoding:
      - chunked
      vary:
      - Accept-Encoding
      x-content-type-options:
      - nosniff
      x-ms-ratelimit-remaining-resource:
      - Microsoft.Compute/PutVM3Min;231,Microsoft.Compute/PutVM30Min;1142
      x-ms-ratelimit-remaining-subscription-writes:
      - '1185'
    status:
      code: 200
      message: OK
- request:
    body: null
    headers:
      Accept:
      - '*/*'
      Accept-Encoding:
      - gzip, deflate
      CommandName:
      - vm update
      Connection:
      - keep-alive
      ParameterSetName:
      - -g -n --set
      User-Agent:
      - AZURECLI/2.27.2 azsdk-python-azure-mgmt-compute/23.0.0 Python/3.8.9 (Windows-10-10.0.19041-SP0)
    method: GET
    uri: https://management.azure.com/subscriptions/00000000-0000-0000-0000-000000000000/providers/Microsoft.Compute/locations/westus/operations/c24eb02c-4f52-40f6-ba58-b7dbcef5a7d4?p=571046f6-b640-41c1-86f7-f9f044b5adf9&api-version=2021-07-01
  response:
    body:
      string: "{\r\n  \"startTime\": \"2021-09-03T09:09:50.4499615+00:00\",\r\n  \"endTime\":
        \"2021-09-03T09:09:59.0127927+00:00\",\r\n  \"status\": \"Succeeded\",\r\n
        \ \"name\": \"c24eb02c-4f52-40f6-ba58-b7dbcef5a7d4\"\r\n}"
    headers:
      cache-control:
      - no-cache
      content-length:
      - '184'
      content-type:
      - application/json; charset=utf-8
      date:
      - Fri, 03 Sep 2021 09:10:22 GMT
      expires:
      - '-1'
      pragma:
      - no-cache
      server:
      - Microsoft-HTTPAPI/2.0
      - Microsoft-HTTPAPI/2.0
      strict-transport-security:
      - max-age=31536000; includeSubDomains
      transfer-encoding:
      - chunked
      vary:
      - Accept-Encoding
      x-content-type-options:
      - nosniff
      x-ms-ratelimit-remaining-resource:
      - Microsoft.Compute/GetOperation3Min;14944,Microsoft.Compute/GetOperation30Min;29703
    status:
      code: 200
      message: OK
- request:
    body: null
    headers:
      Accept:
      - '*/*'
      Accept-Encoding:
      - gzip, deflate
      CommandName:
      - vm update
      Connection:
      - keep-alive
      ParameterSetName:
      - -g -n --set
      User-Agent:
      - AZURECLI/2.27.2 azsdk-python-azure-mgmt-compute/23.0.0 Python/3.8.9 (Windows-10-10.0.19041-SP0)
    method: GET
    uri: https://management.azure.com/subscriptions/00000000-0000-0000-0000-000000000000/resourceGroups/clitest.rg000001/providers/Microsoft.Compute/virtualMachines/vm1?api-version=2021-07-01
  response:
    body:
      string: "{\r\n  \"name\": \"vm1\",\r\n  \"id\": \"/subscriptions/00000000-0000-0000-0000-000000000000/resourceGroups/clitest.rg000001/providers/Microsoft.Compute/virtualMachines/vm1\",\r\n
        \ \"type\": \"Microsoft.Compute/virtualMachines\",\r\n  \"location\": \"westus\",\r\n
        \ \"tags\": {},\r\n  \"identity\": {\r\n    \"type\": \"SystemAssigned\",\r\n
        \   \"principalId\": \"8e8aead3-f145-4dd5-86ca-d3da07e4f15a\",\r\n    \"tenantId\":
        \"54826b22-38d6-4fb2-bad9-b7b93a3e9c5a\"\r\n  },\r\n  \"properties\": {\r\n
        \   \"vmId\": \"f2c44208-9555-48bf-9749-382c7b430536\",\r\n    \"hardwareProfile\":
        {\r\n      \"vmSize\": \"Standard_DS1_v2\"\r\n    },\r\n    \"storageProfile\":
        {\r\n      \"imageReference\": {\r\n        \"publisher\": \"Debian\",\r\n
        \       \"offer\": \"debian-10\",\r\n        \"sku\": \"10\",\r\n        \"version\":
        \"latest\",\r\n        \"exactVersion\": \"0.20210721.710\"\r\n      },\r\n
        \     \"osDisk\": {\r\n        \"osType\": \"Linux\",\r\n        \"name\":
        \"vm1_disk1_3031c31db60d4239959167f113ac7de2\",\r\n        \"createOption\":
        \"FromImage\",\r\n        \"caching\": \"ReadWrite\",\r\n        \"managedDisk\":
        {\r\n          \"storageAccountType\": \"Premium_LRS\",\r\n          \"id\":
        \"/subscriptions/00000000-0000-0000-0000-000000000000/resourceGroups/clitest.rg000001/providers/Microsoft.Compute/disks/vm1_disk1_3031c31db60d4239959167f113ac7de2\"\r\n
        \       },\r\n        \"deleteOption\": \"Detach\",\r\n        \"diskSizeGB\":
        30\r\n      },\r\n      \"dataDisks\": [\r\n        {\r\n          \"lun\":
        0,\r\n          \"name\": \"vm1_disk2_d856d340979d411e97ac3280bae0aeba\",\r\n
        \         \"createOption\": \"Empty\",\r\n          \"caching\": \"ReadWrite\",\r\n
        \         \"managedDisk\": {\r\n            \"storageAccountType\": \"Premium_LRS\",\r\n
        \           \"id\": \"/subscriptions/00000000-0000-0000-0000-000000000000/resourceGroups/clitest.rg000001/providers/Microsoft.Compute/disks/vm1_disk2_d856d340979d411e97ac3280bae0aeba\"\r\n
        \         },\r\n          \"deleteOption\": \"Detach\",\r\n          \"diskSizeGB\":
        1,\r\n          \"toBeDetached\": false\r\n        },\r\n        {\r\n          \"lun\":
        1,\r\n          \"name\": \"vm1_disk3_cf8c45333f794d3a8b40a53a62e98f7b\",\r\n
        \         \"createOption\": \"Empty\",\r\n          \"caching\": \"None\",\r\n
        \         \"managedDisk\": {\r\n            \"storageAccountType\": \"Premium_LRS\",\r\n
        \           \"id\": \"/subscriptions/00000000-0000-0000-0000-000000000000/resourceGroups/clitest.rg000001/providers/Microsoft.Compute/disks/vm1_disk3_cf8c45333f794d3a8b40a53a62e98f7b\"\r\n
        \         },\r\n          \"deleteOption\": \"Detach\",\r\n          \"diskSizeGB\":
        2,\r\n          \"toBeDetached\": false\r\n        }\r\n      ]\r\n    },\r\n
        \   \"osProfile\": {\r\n      \"computerName\": \"vm1\",\r\n      \"adminUsername\":
        \"cligenerics\",\r\n      \"linuxConfiguration\": {\r\n        \"disablePasswordAuthentication\":
        true,\r\n        \"ssh\": {\r\n          \"publicKeys\": [\r\n            {\r\n
        \             \"path\": \"/home/cligenerics/.ssh/authorized_keys\",\r\n              \"keyData\":
        \"ssh-rsa AAAAB3NzaC1yc2EAAAADAQABAAABAQDL2PtV5sp++a43U/dRJ2Fyjso9qDFNbWEnbYk7mA4CfXy0gvxm65oYVd90JysNmGBF/89hIvCTN3ul4aEIuPkzywozRbdyWiJngSd/7OrNBJzpQQSjsGXwoVNDRAJSzlvuQVUR2vwBHeN2xMIvufSvzO3LGI3xcSIWIYlSvU9urnV+Pefd4T6x/OXgTpE02AgMWOspdZTzg0ZKsSU3sG5nYSNoq+8qrHQSXLbLLdWzz5lYKe8p64fQC/xhXrNa3/Nw5vy8YGsyqGueM/Rj6gCI+ivgBlQg908Aa50yQLvwsMLIKxhgPlj73Am8zm27PS3DKVjkr0nTjbEp/3FzZnyB\"\r\n
        \           }\r\n          ]\r\n        },\r\n        \"provisionVMAgent\":
        true,\r\n        \"patchSettings\": {\r\n          \"patchMode\": \"ImageDefault\",\r\n
        \         \"assessmentMode\": \"ImageDefault\"\r\n        }\r\n      },\r\n
        \     \"secrets\": [],\r\n      \"allowExtensionOperations\": true,\r\n      \"requireGuestProvisionSignal\":
        true\r\n    },\r\n    \"networkProfile\": {\"networkInterfaces\":[{\"id\":\"/subscriptions/00000000-0000-0000-0000-000000000000/resourceGroups/clitest.rg000001/providers/Microsoft.Network/networkInterfaces/vm1VMNic\"}]},\r\n
        \   \"provisioningState\": \"Succeeded\"\r\n  }\r\n}"
    headers:
      cache-control:
      - no-cache
      content-length:
      - '3997'
      content-type:
      - application/json; charset=utf-8
      date:
      - Fri, 03 Sep 2021 09:10:22 GMT
      expires:
      - '-1'
      pragma:
      - no-cache
      server:
      - Microsoft-HTTPAPI/2.0
      - Microsoft-HTTPAPI/2.0
      strict-transport-security:
      - max-age=31536000; includeSubDomains
      transfer-encoding:
      - chunked
      vary:
      - Accept-Encoding
      x-content-type-options:
      - nosniff
      x-ms-ratelimit-remaining-resource:
      - Microsoft.Compute/LowCostGet3Min;3958,Microsoft.Compute/LowCostGet30Min;31700
    status:
      code: 200
      message: OK
- request:
    body: null
    headers:
      Accept:
      - application/json
      Accept-Encoding:
      - gzip, deflate
      CommandName:
      - vm update
      Connection:
      - keep-alive
      ParameterSetName:
      - -g -n --remove
      User-Agent:
      - AZURECLI/2.27.2 azsdk-python-azure-mgmt-compute/23.0.0 Python/3.8.9 (Windows-10-10.0.19041-SP0)
    method: GET
    uri: https://management.azure.com/subscriptions/00000000-0000-0000-0000-000000000000/resourceGroups/clitest.rg000001/providers/Microsoft.Compute/virtualMachines/vm1?api-version=2021-07-01
  response:
    body:
      string: "{\r\n  \"name\": \"vm1\",\r\n  \"id\": \"/subscriptions/00000000-0000-0000-0000-000000000000/resourceGroups/clitest.rg000001/providers/Microsoft.Compute/virtualMachines/vm1\",\r\n
        \ \"type\": \"Microsoft.Compute/virtualMachines\",\r\n  \"location\": \"westus\",\r\n
        \ \"tags\": {},\r\n  \"identity\": {\r\n    \"type\": \"SystemAssigned\",\r\n
        \   \"principalId\": \"8e8aead3-f145-4dd5-86ca-d3da07e4f15a\",\r\n    \"tenantId\":
        \"54826b22-38d6-4fb2-bad9-b7b93a3e9c5a\"\r\n  },\r\n  \"properties\": {\r\n
        \   \"vmId\": \"f2c44208-9555-48bf-9749-382c7b430536\",\r\n    \"hardwareProfile\":
        {\r\n      \"vmSize\": \"Standard_DS1_v2\"\r\n    },\r\n    \"storageProfile\":
        {\r\n      \"imageReference\": {\r\n        \"publisher\": \"Debian\",\r\n
        \       \"offer\": \"debian-10\",\r\n        \"sku\": \"10\",\r\n        \"version\":
        \"latest\",\r\n        \"exactVersion\": \"0.20210721.710\"\r\n      },\r\n
        \     \"osDisk\": {\r\n        \"osType\": \"Linux\",\r\n        \"name\":
        \"vm1_disk1_3031c31db60d4239959167f113ac7de2\",\r\n        \"createOption\":
        \"FromImage\",\r\n        \"caching\": \"ReadWrite\",\r\n        \"managedDisk\":
        {\r\n          \"storageAccountType\": \"Premium_LRS\",\r\n          \"id\":
        \"/subscriptions/00000000-0000-0000-0000-000000000000/resourceGroups/clitest.rg000001/providers/Microsoft.Compute/disks/vm1_disk1_3031c31db60d4239959167f113ac7de2\"\r\n
        \       },\r\n        \"deleteOption\": \"Detach\",\r\n        \"diskSizeGB\":
        30\r\n      },\r\n      \"dataDisks\": [\r\n        {\r\n          \"lun\":
        0,\r\n          \"name\": \"vm1_disk2_d856d340979d411e97ac3280bae0aeba\",\r\n
        \         \"createOption\": \"Empty\",\r\n          \"caching\": \"ReadWrite\",\r\n
        \         \"managedDisk\": {\r\n            \"storageAccountType\": \"Premium_LRS\",\r\n
        \           \"id\": \"/subscriptions/00000000-0000-0000-0000-000000000000/resourceGroups/clitest.rg000001/providers/Microsoft.Compute/disks/vm1_disk2_d856d340979d411e97ac3280bae0aeba\"\r\n
        \         },\r\n          \"deleteOption\": \"Detach\",\r\n          \"diskSizeGB\":
        1,\r\n          \"toBeDetached\": false\r\n        },\r\n        {\r\n          \"lun\":
        1,\r\n          \"name\": \"vm1_disk3_cf8c45333f794d3a8b40a53a62e98f7b\",\r\n
        \         \"createOption\": \"Empty\",\r\n          \"caching\": \"None\",\r\n
        \         \"managedDisk\": {\r\n            \"storageAccountType\": \"Premium_LRS\",\r\n
        \           \"id\": \"/subscriptions/00000000-0000-0000-0000-000000000000/resourceGroups/clitest.rg000001/providers/Microsoft.Compute/disks/vm1_disk3_cf8c45333f794d3a8b40a53a62e98f7b\"\r\n
        \         },\r\n          \"deleteOption\": \"Detach\",\r\n          \"diskSizeGB\":
        2,\r\n          \"toBeDetached\": false\r\n        }\r\n      ]\r\n    },\r\n
        \   \"osProfile\": {\r\n      \"computerName\": \"vm1\",\r\n      \"adminUsername\":
        \"cligenerics\",\r\n      \"linuxConfiguration\": {\r\n        \"disablePasswordAuthentication\":
        true,\r\n        \"ssh\": {\r\n          \"publicKeys\": [\r\n            {\r\n
        \             \"path\": \"/home/cligenerics/.ssh/authorized_keys\",\r\n              \"keyData\":
        \"ssh-rsa AAAAB3NzaC1yc2EAAAADAQABAAABAQDL2PtV5sp++a43U/dRJ2Fyjso9qDFNbWEnbYk7mA4CfXy0gvxm65oYVd90JysNmGBF/89hIvCTN3ul4aEIuPkzywozRbdyWiJngSd/7OrNBJzpQQSjsGXwoVNDRAJSzlvuQVUR2vwBHeN2xMIvufSvzO3LGI3xcSIWIYlSvU9urnV+Pefd4T6x/OXgTpE02AgMWOspdZTzg0ZKsSU3sG5nYSNoq+8qrHQSXLbLLdWzz5lYKe8p64fQC/xhXrNa3/Nw5vy8YGsyqGueM/Rj6gCI+ivgBlQg908Aa50yQLvwsMLIKxhgPlj73Am8zm27PS3DKVjkr0nTjbEp/3FzZnyB\"\r\n
        \           }\r\n          ]\r\n        },\r\n        \"provisionVMAgent\":
        true,\r\n        \"patchSettings\": {\r\n          \"patchMode\": \"ImageDefault\",\r\n
        \         \"assessmentMode\": \"ImageDefault\"\r\n        }\r\n      },\r\n
        \     \"secrets\": [],\r\n      \"allowExtensionOperations\": true,\r\n      \"requireGuestProvisionSignal\":
        true\r\n    },\r\n    \"networkProfile\": {\"networkInterfaces\":[{\"id\":\"/subscriptions/00000000-0000-0000-0000-000000000000/resourceGroups/clitest.rg000001/providers/Microsoft.Network/networkInterfaces/vm1VMNic\"}]},\r\n
        \   \"provisioningState\": \"Succeeded\"\r\n  }\r\n}"
    headers:
      cache-control:
      - no-cache
      content-length:
      - '3997'
      content-type:
      - application/json; charset=utf-8
      date:
      - Fri, 03 Sep 2021 09:10:23 GMT
      expires:
      - '-1'
      pragma:
      - no-cache
      server:
      - Microsoft-HTTPAPI/2.0
      - Microsoft-HTTPAPI/2.0
      strict-transport-security:
      - max-age=31536000; includeSubDomains
      transfer-encoding:
      - chunked
      vary:
      - Accept-Encoding
      x-content-type-options:
      - nosniff
      x-ms-ratelimit-remaining-resource:
      - Microsoft.Compute/LowCostGet3Min;3957,Microsoft.Compute/LowCostGet30Min;31699
    status:
      code: 200
      message: OK
- request:
    body: '{"location": "westus", "tags": {}, "identity": {"type": "SystemAssigned"},
      "properties": {"hardwareProfile": {"vmSize": "Standard_DS1_v2"}, "storageProfile":
      {"osDisk": {"osType": "Linux", "name": "vm1_disk1_3031c31db60d4239959167f113ac7de2",
      "caching": "ReadWrite", "createOption": "FromImage", "diskSizeGB": 30, "managedDisk":
      {"id": "/subscriptions/00000000-0000-0000-0000-000000000000/resourceGroups/clitest.rg000001/providers/Microsoft.Compute/disks/vm1_disk1_3031c31db60d4239959167f113ac7de2",
      "storageAccountType": "Premium_LRS"}, "deleteOption": "Detach"}, "dataDisks":
      []}, "osProfile": {"computerName": "vm1", "adminUsername": "cligenerics", "linuxConfiguration":
      {"disablePasswordAuthentication": true, "ssh": {"publicKeys": [{"path": "/home/cligenerics/.ssh/authorized_keys",
      "keyData": "ssh-rsa AAAAB3NzaC1yc2EAAAADAQABAAABAQDL2PtV5sp++a43U/dRJ2Fyjso9qDFNbWEnbYk7mA4CfXy0gvxm65oYVd90JysNmGBF/89hIvCTN3ul4aEIuPkzywozRbdyWiJngSd/7OrNBJzpQQSjsGXwoVNDRAJSzlvuQVUR2vwBHeN2xMIvufSvzO3LGI3xcSIWIYlSvU9urnV+Pefd4T6x/OXgTpE02AgMWOspdZTzg0ZKsSU3sG5nYSNoq+8qrHQSXLbLLdWzz5lYKe8p64fQC/xhXrNa3/Nw5vy8YGsyqGueM/Rj6gCI+ivgBlQg908Aa50yQLvwsMLIKxhgPlj73Am8zm27PS3DKVjkr0nTjbEp/3FzZnyB"}]},
      "provisionVMAgent": true, "patchSettings": {"patchMode": "ImageDefault", "assessmentMode":
      "ImageDefault"}}, "secrets": [], "allowExtensionOperations": true, "requireGuestProvisionSignal":
      true}, "networkProfile": {"networkInterfaces": [{"id": "/subscriptions/00000000-0000-0000-0000-000000000000/resourceGroups/clitest.rg000001/providers/Microsoft.Network/networkInterfaces/vm1VMNic"}]}}}'
    headers:
      Accept:
      - application/json
      Accept-Encoding:
      - gzip, deflate
      CommandName:
      - vm update
      Connection:
      - keep-alive
      Content-Length:
      - '1693'
      Content-Type:
      - application/json
      ParameterSetName:
      - -g -n --remove
      User-Agent:
      - AZURECLI/2.27.2 azsdk-python-azure-mgmt-compute/23.0.0 Python/3.8.9 (Windows-10-10.0.19041-SP0)
    method: PUT
    uri: https://management.azure.com/subscriptions/00000000-0000-0000-0000-000000000000/resourceGroups/clitest.rg000001/providers/Microsoft.Compute/virtualMachines/vm1?api-version=2021-07-01
  response:
    body:
      string: "{\r\n  \"name\": \"vm1\",\r\n  \"id\": \"/subscriptions/00000000-0000-0000-0000-000000000000/resourceGroups/clitest.rg000001/providers/Microsoft.Compute/virtualMachines/vm1\",\r\n
        \ \"type\": \"Microsoft.Compute/virtualMachines\",\r\n  \"location\": \"westus\",\r\n
        \ \"tags\": {},\r\n  \"identity\": {\r\n    \"type\": \"SystemAssigned\",\r\n
        \   \"principalId\": \"8e8aead3-f145-4dd5-86ca-d3da07e4f15a\",\r\n    \"tenantId\":
        \"54826b22-38d6-4fb2-bad9-b7b93a3e9c5a\"\r\n  },\r\n  \"properties\": {\r\n
        \   \"vmId\": \"f2c44208-9555-48bf-9749-382c7b430536\",\r\n    \"hardwareProfile\":
        {\r\n      \"vmSize\": \"Standard_DS1_v2\"\r\n    },\r\n    \"storageProfile\":
        {\r\n      \"imageReference\": {\r\n        \"publisher\": \"Debian\",\r\n
        \       \"offer\": \"debian-10\",\r\n        \"sku\": \"10\",\r\n        \"version\":
        \"latest\",\r\n        \"exactVersion\": \"0.20210721.710\"\r\n      },\r\n
        \     \"osDisk\": {\r\n        \"osType\": \"Linux\",\r\n        \"name\":
        \"vm1_disk1_3031c31db60d4239959167f113ac7de2\",\r\n        \"createOption\":
        \"FromImage\",\r\n        \"caching\": \"ReadWrite\",\r\n        \"managedDisk\":
        {\r\n          \"storageAccountType\": \"Premium_LRS\",\r\n          \"id\":
        \"/subscriptions/00000000-0000-0000-0000-000000000000/resourceGroups/clitest.rg000001/providers/Microsoft.Compute/disks/vm1_disk1_3031c31db60d4239959167f113ac7de2\"\r\n
        \       },\r\n        \"deleteOption\": \"Detach\",\r\n        \"diskSizeGB\":
        30\r\n      },\r\n      \"dataDisks\": [\r\n        {\r\n          \"lun\":
        0,\r\n          \"name\": \"vm1_disk2_d856d340979d411e97ac3280bae0aeba\",\r\n
        \         \"createOption\": \"Empty\",\r\n          \"caching\": \"ReadWrite\",\r\n
        \         \"managedDisk\": {\r\n            \"storageAccountType\": \"Premium_LRS\",\r\n
        \           \"id\": \"/subscriptions/00000000-0000-0000-0000-000000000000/resourceGroups/clitest.rg000001/providers/Microsoft.Compute/disks/vm1_disk2_d856d340979d411e97ac3280bae0aeba\"\r\n
        \         },\r\n          \"deleteOption\": \"Detach\",\r\n          \"diskSizeGB\":
        1,\r\n          \"toBeDetached\": true\r\n        },\r\n        {\r\n          \"lun\":
        1,\r\n          \"name\": \"vm1_disk3_cf8c45333f794d3a8b40a53a62e98f7b\",\r\n
        \         \"createOption\": \"Empty\",\r\n          \"caching\": \"None\",\r\n
        \         \"managedDisk\": {\r\n            \"storageAccountType\": \"Premium_LRS\",\r\n
        \           \"id\": \"/subscriptions/00000000-0000-0000-0000-000000000000/resourceGroups/clitest.rg000001/providers/Microsoft.Compute/disks/vm1_disk3_cf8c45333f794d3a8b40a53a62e98f7b\"\r\n
        \         },\r\n          \"deleteOption\": \"Detach\",\r\n          \"diskSizeGB\":
        2,\r\n          \"toBeDetached\": true\r\n        }\r\n      ]\r\n    },\r\n
        \   \"osProfile\": {\r\n      \"computerName\": \"vm1\",\r\n      \"adminUsername\":
        \"cligenerics\",\r\n      \"linuxConfiguration\": {\r\n        \"disablePasswordAuthentication\":
        true,\r\n        \"ssh\": {\r\n          \"publicKeys\": [\r\n            {\r\n
        \             \"path\": \"/home/cligenerics/.ssh/authorized_keys\",\r\n              \"keyData\":
        \"ssh-rsa AAAAB3NzaC1yc2EAAAADAQABAAABAQDL2PtV5sp++a43U/dRJ2Fyjso9qDFNbWEnbYk7mA4CfXy0gvxm65oYVd90JysNmGBF/89hIvCTN3ul4aEIuPkzywozRbdyWiJngSd/7OrNBJzpQQSjsGXwoVNDRAJSzlvuQVUR2vwBHeN2xMIvufSvzO3LGI3xcSIWIYlSvU9urnV+Pefd4T6x/OXgTpE02AgMWOspdZTzg0ZKsSU3sG5nYSNoq+8qrHQSXLbLLdWzz5lYKe8p64fQC/xhXrNa3/Nw5vy8YGsyqGueM/Rj6gCI+ivgBlQg908Aa50yQLvwsMLIKxhgPlj73Am8zm27PS3DKVjkr0nTjbEp/3FzZnyB\"\r\n
        \           }\r\n          ]\r\n        },\r\n        \"provisionVMAgent\":
        true,\r\n        \"patchSettings\": {\r\n          \"patchMode\": \"ImageDefault\",\r\n
        \         \"assessmentMode\": \"ImageDefault\"\r\n        }\r\n      },\r\n
        \     \"secrets\": [],\r\n      \"allowExtensionOperations\": true,\r\n      \"requireGuestProvisionSignal\":
        true\r\n    },\r\n    \"networkProfile\": {\"networkInterfaces\":[{\"id\":\"/subscriptions/00000000-0000-0000-0000-000000000000/resourceGroups/clitest.rg000001/providers/Microsoft.Network/networkInterfaces/vm1VMNic\"}]},\r\n
        \   \"provisioningState\": \"Updating\"\r\n  }\r\n}"
    headers:
      azure-asyncnotification:
      - Enabled
      azure-asyncoperation:
      - https://management.azure.com/subscriptions/00000000-0000-0000-0000-000000000000/providers/Microsoft.Compute/locations/westus/operations/adb30758-d620-499e-8076-63f8b578d1bc?p=571046f6-b640-41c1-86f7-f9f044b5adf9&api-version=2021-07-01
      cache-control:
      - no-cache
      content-length:
      - '3994'
      content-type:
      - application/json; charset=utf-8
      date:
      - Fri, 03 Sep 2021 09:10:27 GMT
      expires:
      - '-1'
      pragma:
      - no-cache
      server:
      - Microsoft-HTTPAPI/2.0
      - Microsoft-HTTPAPI/2.0
      strict-transport-security:
      - max-age=31536000; includeSubDomains
      transfer-encoding:
      - chunked
      vary:
      - Accept-Encoding
      x-content-type-options:
      - nosniff
      x-ms-ratelimit-remaining-resource:
      - Microsoft.Compute/PutVM3Min;231,Microsoft.Compute/PutVM30Min;1156
      x-ms-ratelimit-remaining-subscription-writes:
      - '1174'
    status:
      code: 200
      message: OK
- request:
    body: null
    headers:
      Accept:
      - '*/*'
      Accept-Encoding:
      - gzip, deflate
      CommandName:
      - vm update
      Connection:
      - keep-alive
      ParameterSetName:
      - -g -n --remove
      User-Agent:
      - AZURECLI/2.27.2 azsdk-python-azure-mgmt-compute/23.0.0 Python/3.8.9 (Windows-10-10.0.19041-SP0)
    method: GET
    uri: https://management.azure.com/subscriptions/00000000-0000-0000-0000-000000000000/providers/Microsoft.Compute/locations/westus/operations/adb30758-d620-499e-8076-63f8b578d1bc?p=571046f6-b640-41c1-86f7-f9f044b5adf9&api-version=2021-07-01
  response:
    body:
      string: "{\r\n  \"startTime\": \"2021-09-03T09:10:26.3890326+00:00\",\r\n  \"endTime\":
        \"2021-09-03T09:10:39.6864768+00:00\",\r\n  \"status\": \"Succeeded\",\r\n
        \ \"name\": \"adb30758-d620-499e-8076-63f8b578d1bc\"\r\n}"
    headers:
      cache-control:
      - no-cache
      content-length:
      - '184'
      content-type:
      - application/json; charset=utf-8
      date:
      - Fri, 03 Sep 2021 09:10:57 GMT
      expires:
      - '-1'
      pragma:
      - no-cache
      server:
      - Microsoft-HTTPAPI/2.0
      - Microsoft-HTTPAPI/2.0
      strict-transport-security:
      - max-age=31536000; includeSubDomains
      transfer-encoding:
      - chunked
      vary:
      - Accept-Encoding
      x-content-type-options:
      - nosniff
      x-ms-ratelimit-remaining-resource:
      - Microsoft.Compute/GetOperation3Min;14948,Microsoft.Compute/GetOperation30Min;29692
    status:
      code: 200
      message: OK
- request:
    body: null
    headers:
      Accept:
      - '*/*'
      Accept-Encoding:
      - gzip, deflate
      CommandName:
      - vm update
      Connection:
      - keep-alive
      ParameterSetName:
      - -g -n --remove
      User-Agent:
      - AZURECLI/2.27.2 azsdk-python-azure-mgmt-compute/23.0.0 Python/3.8.9 (Windows-10-10.0.19041-SP0)
    method: GET
    uri: https://management.azure.com/subscriptions/00000000-0000-0000-0000-000000000000/resourceGroups/clitest.rg000001/providers/Microsoft.Compute/virtualMachines/vm1?api-version=2021-07-01
  response:
    body:
      string: "{\r\n  \"name\": \"vm1\",\r\n  \"id\": \"/subscriptions/00000000-0000-0000-0000-000000000000/resourceGroups/clitest.rg000001/providers/Microsoft.Compute/virtualMachines/vm1\",\r\n
        \ \"type\": \"Microsoft.Compute/virtualMachines\",\r\n  \"location\": \"westus\",\r\n
        \ \"tags\": {},\r\n  \"identity\": {\r\n    \"type\": \"SystemAssigned\",\r\n
        \   \"principalId\": \"8e8aead3-f145-4dd5-86ca-d3da07e4f15a\",\r\n    \"tenantId\":
        \"54826b22-38d6-4fb2-bad9-b7b93a3e9c5a\"\r\n  },\r\n  \"properties\": {\r\n
        \   \"vmId\": \"f2c44208-9555-48bf-9749-382c7b430536\",\r\n    \"hardwareProfile\":
        {\r\n      \"vmSize\": \"Standard_DS1_v2\"\r\n    },\r\n    \"storageProfile\":
        {\r\n      \"imageReference\": {\r\n        \"publisher\": \"Debian\",\r\n
        \       \"offer\": \"debian-10\",\r\n        \"sku\": \"10\",\r\n        \"version\":
        \"latest\",\r\n        \"exactVersion\": \"0.20210721.710\"\r\n      },\r\n
        \     \"osDisk\": {\r\n        \"osType\": \"Linux\",\r\n        \"name\":
        \"vm1_disk1_3031c31db60d4239959167f113ac7de2\",\r\n        \"createOption\":
        \"FromImage\",\r\n        \"caching\": \"ReadWrite\",\r\n        \"managedDisk\":
        {\r\n          \"storageAccountType\": \"Premium_LRS\",\r\n          \"id\":
        \"/subscriptions/00000000-0000-0000-0000-000000000000/resourceGroups/clitest.rg000001/providers/Microsoft.Compute/disks/vm1_disk1_3031c31db60d4239959167f113ac7de2\"\r\n
        \       },\r\n        \"deleteOption\": \"Detach\",\r\n        \"diskSizeGB\":
        30\r\n      },\r\n      \"dataDisks\": []\r\n    },\r\n    \"osProfile\":
        {\r\n      \"computerName\": \"vm1\",\r\n      \"adminUsername\": \"cligenerics\",\r\n
        \     \"linuxConfiguration\": {\r\n        \"disablePasswordAuthentication\":
        true,\r\n        \"ssh\": {\r\n          \"publicKeys\": [\r\n            {\r\n
        \             \"path\": \"/home/cligenerics/.ssh/authorized_keys\",\r\n              \"keyData\":
        \"ssh-rsa AAAAB3NzaC1yc2EAAAADAQABAAABAQDL2PtV5sp++a43U/dRJ2Fyjso9qDFNbWEnbYk7mA4CfXy0gvxm65oYVd90JysNmGBF/89hIvCTN3ul4aEIuPkzywozRbdyWiJngSd/7OrNBJzpQQSjsGXwoVNDRAJSzlvuQVUR2vwBHeN2xMIvufSvzO3LGI3xcSIWIYlSvU9urnV+Pefd4T6x/OXgTpE02AgMWOspdZTzg0ZKsSU3sG5nYSNoq+8qrHQSXLbLLdWzz5lYKe8p64fQC/xhXrNa3/Nw5vy8YGsyqGueM/Rj6gCI+ivgBlQg908Aa50yQLvwsMLIKxhgPlj73Am8zm27PS3DKVjkr0nTjbEp/3FzZnyB\"\r\n
        \           }\r\n          ]\r\n        },\r\n        \"provisionVMAgent\":
        true,\r\n        \"patchSettings\": {\r\n          \"patchMode\": \"ImageDefault\",\r\n
        \         \"assessmentMode\": \"ImageDefault\"\r\n        }\r\n      },\r\n
        \     \"secrets\": [],\r\n      \"allowExtensionOperations\": true,\r\n      \"requireGuestProvisionSignal\":
        true\r\n    },\r\n    \"networkProfile\": {\"networkInterfaces\":[{\"id\":\"/subscriptions/00000000-0000-0000-0000-000000000000/resourceGroups/clitest.rg000001/providers/Microsoft.Network/networkInterfaces/vm1VMNic\"}]},\r\n
        \   \"provisioningState\": \"Succeeded\"\r\n  }\r\n}"
    headers:
      cache-control:
      - no-cache
      content-length:
      - '2773'
      content-type:
      - application/json; charset=utf-8
      date:
      - Fri, 03 Sep 2021 09:10:57 GMT
      expires:
      - '-1'
      pragma:
      - no-cache
      server:
      - Microsoft-HTTPAPI/2.0
      - Microsoft-HTTPAPI/2.0
      strict-transport-security:
      - max-age=31536000; includeSubDomains
      transfer-encoding:
      - chunked
      vary:
      - Accept-Encoding
      x-content-type-options:
      - nosniff
      x-ms-ratelimit-remaining-resource:
      - Microsoft.Compute/LowCostGet3Min;3961,Microsoft.Compute/LowCostGet30Min;31694
    status:
      code: 200
      message: OK
version: 1
