interactions:
- request:
    body: null
    headers:
      Accept:
      - application/json
      Accept-Encoding:
      - gzip, deflate
      CommandName:
      - sig create
      Connection:
      - keep-alive
      ParameterSetName:
      - -g --gallery-name
      User-Agent:
      - AZURECLI/2.44.0 azsdk-python-azure-mgmt-resource/22.0.0 Python/3.10.8 (Linux-5.15.0-1023-azure-x86_64-with-glibc2.31)
        VSTS_7b238909-6802-4b65-b90d-184bca47f458_build_220_0
    method: GET
    uri: https://management.azure.com/subscriptions/00000000-0000-0000-0000-000000000000/resourcegroups/clitest.rg000001?api-version=2022-09-01
  response:
    body:
      string: '{"id":"/subscriptions/00000000-0000-0000-0000-000000000000/resourceGroups/clitest.rg000001","name":"clitest.rg000001","type":"Microsoft.Resources/resourceGroups","location":"centraluseuap","tags":{"product":"azurecli","cause":"automation","date":"2023-01-09T17:57:38Z"},"properties":{"provisioningState":"Succeeded"}}'
    headers:
      cache-control:
      - no-cache
      content-length:
      - '317'
      content-type:
      - application/json; charset=utf-8
      date:
      - Mon, 09 Jan 2023 17:58:13 GMT
      expires:
      - '-1'
      pragma:
      - no-cache
      strict-transport-security:
      - max-age=31536000; includeSubDomains
      vary:
      - Accept-Encoding
      x-content-type-options:
      - nosniff
    status:
      code: 200
      message: OK
- request:
    body: '{"location": "centraluseuap", "tags": {}}'
    headers:
      Accept:
      - application/json
      Accept-Encoding:
      - gzip, deflate
      CommandName:
      - sig create
      Connection:
      - keep-alive
      Content-Length:
      - '41'
      Content-Type:
      - application/json
      ParameterSetName:
      - -g --gallery-name
      User-Agent:
      - AZURECLI/2.44.0 azsdk-python-azure-mgmt-compute/29.0.0 Python/3.10.8 (Linux-5.15.0-1023-azure-x86_64-with-glibc2.31)
        VSTS_7b238909-6802-4b65-b90d-184bca47f458_build_220_0
    method: PUT
    uri: https://management.azure.com/subscriptions/00000000-0000-0000-0000-000000000000/resourceGroups/clitest.rg000001/providers/Microsoft.Compute/galleries/gallery_000003?api-version=2021-10-01
  response:
    body:
      string: "{\r\n  \"name\": \"gallery_000003\",\r\n  \"id\": \"/subscriptions/00000000-0000-0000-0000-000000000000/resourceGroups/clitest.rg000001/providers/Microsoft.Compute/galleries/gallery_000003\",\r\n
        \ \"type\": \"Microsoft.Compute/galleries\",\r\n  \"location\": \"centraluseuap\",\r\n
        \ \"tags\": {},\r\n  \"properties\": {\r\n    \"identifier\": {\r\n      \"uniqueName\":
        \"0b1f6471-1bf0-4dda-aec3-cb9272f09590-GALLERY_OI74BYG6LHQL\"\r\n    },\r\n
        \   \"provisioningState\": \"Creating\"\r\n  }\r\n}"
    headers:
      azure-asyncoperation:
      - https://management.azure.com/subscriptions/00000000-0000-0000-0000-000000000000/providers/Microsoft.Compute/locations/CentralUSEUAP/capsOperations/6ba248c9-2644-491b-b337-fa99d0af9ee3?api-version=2021-10-01
      cache-control:
      - no-cache
      content-length:
      - '442'
      content-type:
      - application/json; charset=utf-8
      date:
      - Mon, 09 Jan 2023 17:58:15 GMT
      expires:
      - '-1'
      pragma:
      - no-cache
      server:
      - Microsoft-HTTPAPI/2.0
      - Microsoft-HTTPAPI/2.0
      strict-transport-security:
      - max-age=31536000; includeSubDomains
      x-content-type-options:
      - nosniff
      x-ms-ratelimit-remaining-resource:
      - Microsoft.Compute/CreateUpdateGallery3Min;49,Microsoft.Compute/CreateUpdateGallery30Min;297
      x-ms-ratelimit-remaining-subscription-writes:
      - '1199'
    status:
      code: 201
      message: Created
- request:
    body: null
    headers:
      Accept:
      - '*/*'
      Accept-Encoding:
      - gzip, deflate
      CommandName:
      - sig create
      Connection:
      - keep-alive
      ParameterSetName:
      - -g --gallery-name
      User-Agent:
      - AZURECLI/2.44.0 azsdk-python-azure-mgmt-compute/29.0.0 Python/3.10.8 (Linux-5.15.0-1023-azure-x86_64-with-glibc2.31)
        VSTS_7b238909-6802-4b65-b90d-184bca47f458_build_220_0
    method: GET
    uri: https://management.azure.com/subscriptions/00000000-0000-0000-0000-000000000000/providers/Microsoft.Compute/locations/CentralUSEUAP/capsOperations/6ba248c9-2644-491b-b337-fa99d0af9ee3?api-version=2021-10-01
  response:
    body:
      string: "{\r\n  \"startTime\": \"2023-01-09T17:58:16.0541496+00:00\",\r\n  \"endTime\":
        \"2023-01-09T17:58:16.1635417+00:00\",\r\n  \"status\": \"Succeeded\",\r\n
        \ \"name\": \"6ba248c9-2644-491b-b337-fa99d0af9ee3\"\r\n}"
    headers:
      cache-control:
      - no-cache
      content-length:
      - '184'
      content-type:
      - application/json; charset=utf-8
      date:
      - Mon, 09 Jan 2023 17:58:45 GMT
      expires:
      - '-1'
      pragma:
      - no-cache
      server:
      - Microsoft-HTTPAPI/2.0
      - Microsoft-HTTPAPI/2.0
      strict-transport-security:
      - max-age=31536000; includeSubDomains
      transfer-encoding:
      - chunked
      vary:
      - Accept-Encoding
      x-content-type-options:
      - nosniff
      x-ms-ratelimit-remaining-resource:
      - Microsoft.Compute/GetOperationStatus3Min;1194,Microsoft.Compute/GetOperationStatus30Min;4142
    status:
      code: 200
      message: OK
- request:
    body: null
    headers:
      Accept:
      - '*/*'
      Accept-Encoding:
      - gzip, deflate
      CommandName:
      - sig create
      Connection:
      - keep-alive
      ParameterSetName:
      - -g --gallery-name
      User-Agent:
      - AZURECLI/2.44.0 azsdk-python-azure-mgmt-compute/29.0.0 Python/3.10.8 (Linux-5.15.0-1023-azure-x86_64-with-glibc2.31)
        VSTS_7b238909-6802-4b65-b90d-184bca47f458_build_220_0
    method: GET
    uri: https://management.azure.com/subscriptions/00000000-0000-0000-0000-000000000000/resourceGroups/clitest.rg000001/providers/Microsoft.Compute/galleries/gallery_000003?api-version=2021-10-01
  response:
    body:
      string: "{\r\n  \"name\": \"gallery_000003\",\r\n  \"id\": \"/subscriptions/00000000-0000-0000-0000-000000000000/resourceGroups/clitest.rg000001/providers/Microsoft.Compute/galleries/gallery_000003\",\r\n
        \ \"type\": \"Microsoft.Compute/galleries\",\r\n  \"location\": \"centraluseuap\",\r\n
        \ \"tags\": {},\r\n  \"properties\": {\r\n    \"identifier\": {\r\n      \"uniqueName\":
        \"0b1f6471-1bf0-4dda-aec3-cb9272f09590-GALLERY_OI74BYG6LHQL\"\r\n    },\r\n
        \   \"provisioningState\": \"Succeeded\"\r\n  }\r\n}"
    headers:
      cache-control:
      - no-cache
      content-length:
      - '443'
      content-type:
      - application/json; charset=utf-8
      date:
      - Mon, 09 Jan 2023 17:58:45 GMT
      expires:
      - '-1'
      pragma:
      - no-cache
      server:
      - Microsoft-HTTPAPI/2.0
      - Microsoft-HTTPAPI/2.0
      strict-transport-security:
      - max-age=31536000; includeSubDomains
      transfer-encoding:
      - chunked
      vary:
      - Accept-Encoding
      x-content-type-options:
      - nosniff
      x-ms-ratelimit-remaining-resource:
      - Microsoft.Compute/GetGallery3Min;345,Microsoft.Compute/GetGallery30Min;2436
    status:
      code: 200
      message: OK
- request:
    body: null
    headers:
      Accept:
      - application/json
      Accept-Encoding:
      - gzip, deflate
      CommandName:
      - sig image-definition create
      Connection:
      - keep-alive
      ParameterSetName:
      - -g --gallery-name --gallery-image-definition --os-type -p -f -s --os-state
        --features --hyper-v-generation
      User-Agent:
      - AZURECLI/2.44.0 azsdk-python-azure-mgmt-resource/22.0.0 Python/3.10.8 (Linux-5.15.0-1023-azure-x86_64-with-glibc2.31)
        VSTS_7b238909-6802-4b65-b90d-184bca47f458_build_220_0
    method: GET
    uri: https://management.azure.com/subscriptions/00000000-0000-0000-0000-000000000000/resourcegroups/clitest.rg000001?api-version=2022-09-01
  response:
    body:
      string: '{"id":"/subscriptions/00000000-0000-0000-0000-000000000000/resourceGroups/clitest.rg000001","name":"clitest.rg000001","type":"Microsoft.Resources/resourceGroups","location":"centraluseuap","tags":{"product":"azurecli","cause":"automation","date":"2023-01-09T17:57:38Z"},"properties":{"provisioningState":"Succeeded"}}'
    headers:
      cache-control:
      - no-cache
      content-length:
      - '317'
      content-type:
      - application/json; charset=utf-8
      date:
      - Mon, 09 Jan 2023 17:58:46 GMT
      expires:
      - '-1'
      pragma:
      - no-cache
      strict-transport-security:
      - max-age=31536000; includeSubDomains
      vary:
      - Accept-Encoding
      x-content-type-options:
      - nosniff
    status:
      code: 200
      message: OK
- request:
    body: '{"location": "centraluseuap", "tags": {}, "properties": {"osType": "Windows",
      "osState": "Specialized", "hyperVGeneration": "V2", "identifier": {"publisher":
      "publisher1", "offer": "offer1", "sku": "sku1"}, "disallowed": {}, "features":
      [{"name": "SecurityType", "value": "ConfidentialVm"}]}}'
    headers:
      Accept:
      - application/json
      Accept-Encoding:
      - gzip, deflate
      CommandName:
      - sig image-definition create
      Connection:
      - keep-alive
      Content-Length:
      - '292'
      Content-Type:
      - application/json
      ParameterSetName:
      - -g --gallery-name --gallery-image-definition --os-type -p -f -s --os-state
        --features --hyper-v-generation
      User-Agent:
      - AZURECLI/2.44.0 azsdk-python-azure-mgmt-compute/29.0.0 Python/3.10.8 (Linux-5.15.0-1023-azure-x86_64-with-glibc2.31)
        VSTS_7b238909-6802-4b65-b90d-184bca47f458_build_220_0
    method: PUT
    uri: https://management.azure.com/subscriptions/00000000-0000-0000-0000-000000000000/resourceGroups/clitest.rg000001/providers/Microsoft.Compute/galleries/gallery_000003/images/image1?api-version=2021-10-01
  response:
    body:
      string: "{\r\n  \"name\": \"image1\",\r\n  \"id\": \"/subscriptions/00000000-0000-0000-0000-000000000000/resourceGroups/clitest.rg000001/providers/Microsoft.Compute/galleries/gallery_000003/images/image1\",\r\n
        \ \"type\": \"Microsoft.Compute/galleries/images\",\r\n  \"location\": \"centraluseuap\",\r\n
        \ \"tags\": {},\r\n  \"properties\": {\r\n    \"hyperVGeneration\": \"V2\",\r\n
        \   \"architecture\": \"x64\",\r\n    \"features\": [\r\n      {\r\n        \"name\":
        \"SecurityType\",\r\n        \"value\": \"ConfidentialVM\"\r\n      }\r\n
        \   ],\r\n    \"osType\": \"Windows\",\r\n    \"osState\": \"Specialized\",\r\n
        \   \"identifier\": {\r\n      \"publisher\": \"publisher1\",\r\n      \"offer\":
        \"offer1\",\r\n      \"sku\": \"sku1\"\r\n    },\r\n    \"provisioningState\":
        \"Creating\"\r\n  }\r\n}"
    headers:
      azure-asyncoperation:
      - https://management.azure.com/subscriptions/00000000-0000-0000-0000-000000000000/providers/Microsoft.Compute/locations/CentralUSEUAP/capsOperations/77f5b8e9-684d-4342-ae71-90a411bd4fa4?api-version=2021-10-01
      cache-control:
      - no-cache
      content-length:
      - '684'
      content-type:
      - application/json; charset=utf-8
      date:
      - Mon, 09 Jan 2023 17:58:47 GMT
      expires:
      - '-1'
      pragma:
      - no-cache
      server:
      - Microsoft-HTTPAPI/2.0
      - Microsoft-HTTPAPI/2.0
      strict-transport-security:
      - max-age=31536000; includeSubDomains
      x-content-type-options:
      - nosniff
      x-ms-ratelimit-remaining-resource:
      - Microsoft.Compute/CreateUpdateGalleryImage3Min;149,Microsoft.Compute/CreateUpdateGalleryImage30Min;747
      x-ms-ratelimit-remaining-subscription-writes:
      - '1199'
    status:
      code: 201
      message: Created
- request:
    body: null
    headers:
      Accept:
      - '*/*'
      Accept-Encoding:
      - gzip, deflate
      CommandName:
      - sig image-definition create
      Connection:
      - keep-alive
      ParameterSetName:
      - -g --gallery-name --gallery-image-definition --os-type -p -f -s --os-state
        --features --hyper-v-generation
      User-Agent:
      - AZURECLI/2.44.0 azsdk-python-azure-mgmt-compute/29.0.0 Python/3.10.8 (Linux-5.15.0-1023-azure-x86_64-with-glibc2.31)
        VSTS_7b238909-6802-4b65-b90d-184bca47f458_build_220_0
    method: GET
    uri: https://management.azure.com/subscriptions/00000000-0000-0000-0000-000000000000/providers/Microsoft.Compute/locations/CentralUSEUAP/capsOperations/77f5b8e9-684d-4342-ae71-90a411bd4fa4?api-version=2021-10-01
  response:
    body:
      string: "{\r\n  \"startTime\": \"2023-01-09T17:58:48.3357966+00:00\",\r\n  \"endTime\":
        \"2023-01-09T17:58:48.4138892+00:00\",\r\n  \"status\": \"Succeeded\",\r\n
        \ \"name\": \"77f5b8e9-684d-4342-ae71-90a411bd4fa4\"\r\n}"
    headers:
      cache-control:
      - no-cache
      content-length:
      - '184'
      content-type:
      - application/json; charset=utf-8
      date:
      - Mon, 09 Jan 2023 17:59:17 GMT
      expires:
      - '-1'
      pragma:
      - no-cache
      server:
      - Microsoft-HTTPAPI/2.0
      - Microsoft-HTTPAPI/2.0
      strict-transport-security:
      - max-age=31536000; includeSubDomains
      transfer-encoding:
      - chunked
      vary:
      - Accept-Encoding
      x-content-type-options:
      - nosniff
      x-ms-ratelimit-remaining-resource:
      - Microsoft.Compute/GetOperationStatus3Min;1192,Microsoft.Compute/GetOperationStatus30Min;4140
    status:
      code: 200
      message: OK
- request:
    body: null
    headers:
      Accept:
      - '*/*'
      Accept-Encoding:
      - gzip, deflate
      CommandName:
      - sig image-definition create
      Connection:
      - keep-alive
      ParameterSetName:
      - -g --gallery-name --gallery-image-definition --os-type -p -f -s --os-state
        --features --hyper-v-generation
      User-Agent:
      - AZURECLI/2.44.0 azsdk-python-azure-mgmt-compute/29.0.0 Python/3.10.8 (Linux-5.15.0-1023-azure-x86_64-with-glibc2.31)
        VSTS_7b238909-6802-4b65-b90d-184bca47f458_build_220_0
    method: GET
    uri: https://management.azure.com/subscriptions/00000000-0000-0000-0000-000000000000/resourceGroups/clitest.rg000001/providers/Microsoft.Compute/galleries/gallery_000003/images/image1?api-version=2021-10-01
  response:
    body:
      string: "{\r\n  \"name\": \"image1\",\r\n  \"id\": \"/subscriptions/00000000-0000-0000-0000-000000000000/resourceGroups/clitest.rg000001/providers/Microsoft.Compute/galleries/gallery_000003/images/image1\",\r\n
        \ \"type\": \"Microsoft.Compute/galleries/images\",\r\n  \"location\": \"centraluseuap\",\r\n
        \ \"tags\": {},\r\n  \"properties\": {\r\n    \"hyperVGeneration\": \"V2\",\r\n
        \   \"architecture\": \"x64\",\r\n    \"features\": [\r\n      {\r\n        \"name\":
        \"SecurityType\",\r\n        \"value\": \"ConfidentialVM\"\r\n      }\r\n
        \   ],\r\n    \"osType\": \"Windows\",\r\n    \"osState\": \"Specialized\",\r\n
        \   \"identifier\": {\r\n      \"publisher\": \"publisher1\",\r\n      \"offer\":
        \"offer1\",\r\n      \"sku\": \"sku1\"\r\n    },\r\n    \"provisioningState\":
        \"Succeeded\"\r\n  }\r\n}"
    headers:
      cache-control:
      - no-cache
      content-length:
      - '685'
      content-type:
      - application/json; charset=utf-8
      date:
      - Mon, 09 Jan 2023 17:59:17 GMT
      expires:
      - '-1'
      pragma:
      - no-cache
      server:
      - Microsoft-HTTPAPI/2.0
      - Microsoft-HTTPAPI/2.0
      strict-transport-security:
      - max-age=31536000; includeSubDomains
      transfer-encoding:
      - chunked
      vary:
      - Accept-Encoding
      x-content-type-options:
      - nosniff
      x-ms-ratelimit-remaining-resource:
      - Microsoft.Compute/GetGalleryImage3Min;595,Microsoft.Compute/GetGalleryImage30Min;2971
    status:
      code: 200
      message: OK
- request:
    body: null
    headers:
      Accept:
      - application/json
      Accept-Encoding:
      - gzip, deflate
      CommandName:
      - keyvault show
      Connection:
      - keep-alive
      ParameterSetName:
      - -g -n
      User-Agent:
      - AZURECLI/2.44.0 azsdk-python-azure-mgmt-keyvault/10.1.0 Python/3.10.8 (Linux-5.15.0-1023-azure-x86_64-with-glibc2.31)
        VSTS_7b238909-6802-4b65-b90d-184bca47f458_build_220_0
    method: GET
    uri: https://management.azure.com/subscriptions/00000000-0000-0000-0000-000000000000/resourceGroups/clitest.rg000001/providers/Microsoft.KeyVault/vaults/vault-000002?api-version=2022-07-01
  response:
    body:
      string: '{"id":"/subscriptions/00000000-0000-0000-0000-000000000000/resourceGroups/clitest.rg000001/providers/Microsoft.KeyVault/vaults/vault-000002","name":"vault-000002","type":"Microsoft.KeyVault/vaults","location":"CentralUSEUAP","tags":{},"systemData":{"createdBy":"azureclilivetest@azuresdkteam.onmicrosoft.com","createdByType":"User","createdAt":"2023-01-09T17:57:40.968Z","lastModifiedBy":"azureclilivetest@azuresdkteam.onmicrosoft.com","lastModifiedByType":"User","lastModifiedAt":"2023-01-09T17:57:40.968Z"},"properties":{"sku":{"family":"A","name":"standard"},"tenantId":"54826b22-38d6-4fb2-bad9-b7b93a3e9c5a","accessPolicies":[{"tenantId":"54826b22-38d6-4fb2-bad9-b7b93a3e9c5a","objectId":"6b30bdc6-696a-46fb-82d7-739c2fb147b7","permissions":{"keys":["all"],"secrets":["all"],"certificates":["all"],"storage":["all"]}}],"enabledForDeployment":false,"enableSoftDelete":true,"softDeleteRetentionInDays":7,"enablePurgeProtection":true,"vaultUri":"https://vault-000002.vault.azure.net/","provisioningState":"Succeeded","publicNetworkAccess":"Enabled"}}'
    headers:
      cache-control:
      - no-cache
      content-length:
      - '1051'
      content-type:
      - application/json; charset=utf-8
      date:
      - Mon, 09 Jan 2023 17:59:18 GMT
      expires:
      - '-1'
      pragma:
      - no-cache
      server:
      - Microsoft-IIS/10.0
      strict-transport-security:
      - max-age=31536000; includeSubDomains
      transfer-encoding:
      - chunked
      vary:
      - Accept-Encoding
      x-aspnet-version:
      - 4.0.30319
      x-content-type-options:
      - nosniff
      x-ms-keyvault-service-version:
      - 1.5.606.0
      x-powered-by:
      - ASP.NET
    status:
      code: 200
      message: OK
- request:
    body: null
    headers:
      Accept:
      - application/json
      Accept-Encoding:
      - gzip, deflate
      Connection:
      - keep-alive
      Content-Length:
      - '0'
      Content-Type:
      - application/json
      User-Agent:
      - azsdk-python-keyvault-keys/4.8.0b2 Python/3.10.8 (Linux-5.15.0-1023-azure-x86_64-with-glibc2.31)
        VSTS_7b238909-6802-4b65-b90d-184bca47f458_build_220_0
    method: POST
    uri: https://vault-000002.vault.azure.net/keys/key-000004/create?api-version=7.4-preview.1
  response:
    body:
      string: '{"error":{"code":"Unauthorized","message":"AKV10000: Request is missing
        a Bearer or PoP token."}}'
    headers:
      cache-control:
      - no-cache
      content-length:
      - '97'
      content-type:
      - application/json; charset=utf-8
      date:
      - Mon, 09 Jan 2023 17:59:19 GMT
      expires:
      - '-1'
      pragma:
      - no-cache
      strict-transport-security:
      - max-age=31536000;includeSubDomains
      www-authenticate:
      - Bearer authorization="https://login.microsoftonline.com/54826b22-38d6-4fb2-bad9-b7b93a3e9c5a",
        resource="https://vault.azure.net"
      x-content-type-options:
      - nosniff
      x-ms-keyvault-network-info:
      - conn_type=Ipv4;addr=20.121.20.159;act_addr_fam=InterNetwork;
      x-ms-keyvault-region:
      - CentralUSEUAP
      x-ms-keyvault-service-version:
      - 1.9.632.1
      x-powered-by:
      - ASP.NET
    status:
      code: 401
      message: Unauthorized
- request:
    body: '{"kty": "RSA", "attributes": {"enabled": true}}'
    headers:
      Accept:
      - application/json
      Accept-Encoding:
      - gzip, deflate
      Connection:
      - keep-alive
      Content-Length:
      - '47'
      Content-Type:
      - application/json
      User-Agent:
      - azsdk-python-keyvault-keys/4.8.0b2 Python/3.10.8 (Linux-5.15.0-1023-azure-x86_64-with-glibc2.31)
        VSTS_7b238909-6802-4b65-b90d-184bca47f458_build_220_0
    method: POST
    uri: https://vault-000002.vault.azure.net/keys/key-000004/create?api-version=7.4-preview.1
  response:
    body:
      string: '{"key":{"kid":"https://vault-000002.vault.azure.net/keys/key-000004/04c606223233454aaa30242520b1742e","kty":"RSA","key_ops":["encrypt","decrypt","sign","verify","wrapKey","unwrapKey"],"n":"vcI-9g7ttuUbSCWY1RmZIkS5TIzXf7XuqZMEbVvfwqdyb_bOJxCBKzAz2n3Fm0t-FZOs9iYtfonsF7Itw8RAI4R6RjtAe7RTWCaBVPo0aorwV7Z7vNI4EYEPkQZXl3xcbj--qejeHAGqPU3PNOQKOo75FaoFEaPSOBRQ_0iOmwwIiyL4e0OXEcALp6edPfh0SUcaIRXGnYtU4EBYL-dLRjMwrPi7fgdhDthddiOTYtyP6-f3X0G_wlUTSsXj79xcdew17zK8H8gXp_KLpf-Q0Bqu9cepsamrw_H2P_WCEYzLrCb4JdYlJ7B64_JAFIoJLdefoQxaLkHltMNn3qg9dQ","e":"AQAB"},"attributes":{"enabled":true,"created":1673287160,"updated":1673287160,"recoveryLevel":"CustomizedRecoverable","recoverableDays":7,"exportable":false}}'
    headers:
      cache-control:
      - no-cache
      content-length:
      - '696'
      content-type:
      - application/json; charset=utf-8
      date:
      - Mon, 09 Jan 2023 17:59:19 GMT
      expires:
      - '-1'
      pragma:
      - no-cache
      strict-transport-security:
      - max-age=31536000;includeSubDomains
      x-content-type-options:
      - nosniff
      x-ms-keyvault-network-info:
      - conn_type=Ipv4;addr=20.121.20.159;act_addr_fam=InterNetwork;
      x-ms-keyvault-region:
      - CentralUSEUAP
      x-ms-keyvault-service-version:
      - 1.9.632.1
      x-powered-by:
      - ASP.NET
    status:
      code: 200
      message: OK
- request:
    body: null
    headers:
      Accept:
      - application/json
      Accept-Encoding:
      - gzip, deflate
      CommandName:
      - disk-encryption-set create
      Connection:
      - keep-alive
      ParameterSetName:
      - -g -n --key-url --source-vault
      User-Agent:
      - AZURECLI/2.44.0 azsdk-python-azure-mgmt-resource/22.0.0 Python/3.10.8 (Linux-5.15.0-1023-azure-x86_64-with-glibc2.31)
        VSTS_7b238909-6802-4b65-b90d-184bca47f458_build_220_0
    method: GET
    uri: https://management.azure.com/subscriptions/00000000-0000-0000-0000-000000000000/resourcegroups/clitest.rg000001?api-version=2022-09-01
  response:
    body:
      string: '{"id":"/subscriptions/00000000-0000-0000-0000-000000000000/resourceGroups/clitest.rg000001","name":"clitest.rg000001","type":"Microsoft.Resources/resourceGroups","location":"centraluseuap","tags":{"product":"azurecli","cause":"automation","date":"2023-01-09T17:57:38Z"},"properties":{"provisioningState":"Succeeded"}}'
    headers:
      cache-control:
      - no-cache
      content-length:
      - '317'
      content-type:
      - application/json; charset=utf-8
      date:
      - Mon, 09 Jan 2023 17:59:19 GMT
      expires:
      - '-1'
      pragma:
      - no-cache
      strict-transport-security:
      - max-age=31536000; includeSubDomains
      vary:
      - Accept-Encoding
      x-content-type-options:
      - nosniff
    status:
      code: 200
      message: OK
- request:
    body: '{"location": "centraluseuap", "identity": {"type": "SystemAssigned"}, "properties":
      {"activeKey": {"sourceVault": {"id": "/subscriptions/00000000-0000-0000-0000-000000000000/resourceGroups/clitest.rg000001/providers/Microsoft.KeyVault/vaults/vault-000002"},
      "keyUrl": "https://vault-000002.vault.azure.net/keys/key-000004/04c606223233454aaa30242520b1742e"}}}'
    headers:
      Accept:
      - application/json
      Accept-Encoding:
      - gzip, deflate
      CommandName:
      - disk-encryption-set create
      Connection:
      - keep-alive
      Content-Length:
      - '358'
      Content-Type:
      - application/json
      ParameterSetName:
      - -g -n --key-url --source-vault
      User-Agent:
      - AZURECLI/2.44.0 azsdk-python-azure-mgmt-compute/29.0.0 Python/3.10.8 (Linux-5.15.0-1023-azure-x86_64-with-glibc2.31)
        VSTS_7b238909-6802-4b65-b90d-184bca47f458_build_220_0
    method: PUT
    uri: https://management.azure.com/subscriptions/00000000-0000-0000-0000-000000000000/resourceGroups/clitest.rg000001/providers/Microsoft.Compute/diskEncryptionSets/des1-000007?api-version=2022-03-02
  response:
    body:
      string: "{\r\n  \"location\": \"centraluseuap\",\r\n  \"identity\": {\r\n    \"type\":
        \"SystemAssigned\"\r\n  },\r\n  \"properties\": {\r\n    \"activeKey\": {\r\n
        \     \"sourceVault\": {\r\n        \"id\": \"/subscriptions/00000000-0000-0000-0000-000000000000/resourceGroups/clitest.rg000001/providers/Microsoft.KeyVault/vaults/vault-000002\"\r\n
        \     },\r\n      \"keyUrl\": \"https://vault-000002.vault.azure.net/keys/key-000004/04c606223233454aaa30242520b1742e\"\r\n
        \   },\r\n    \"provisioningState\": \"Updating\"\r\n  }\r\n}"
    headers:
      azure-asyncoperation:
      - https://management.azure.com/subscriptions/00000000-0000-0000-0000-000000000000/providers/Microsoft.Compute/locations/centraluseuap/DiskOperations/15cf0ff8-7ea3-4b94-8052-7b96388c14d2?p=157f1a74-df5f-47b0-a815-476d8af3dce4&api-version=2022-03-02
      cache-control:
      - no-cache
      content-length:
      - '467'
      content-type:
      - application/json; charset=utf-8
      date:
      - Mon, 09 Jan 2023 17:59:22 GMT
      expires:
      - '-1'
      location:
      - https://management.azure.com/subscriptions/00000000-0000-0000-0000-000000000000/providers/Microsoft.Compute/locations/centraluseuap/DiskOperations/15cf0ff8-7ea3-4b94-8052-7b96388c14d2?p=157f1a74-df5f-47b0-a815-476d8af3dce4&monitor=true&api-version=2022-03-02
      pragma:
      - no-cache
      server:
      - Microsoft-HTTPAPI/2.0
      - Microsoft-HTTPAPI/2.0
      strict-transport-security:
      - max-age=31536000; includeSubDomains
      x-content-type-options:
      - nosniff
      x-ms-ratelimit-remaining-resource:
      - Microsoft.Compute/CreateUpdateHighCostDiskEncryptionSet3Min;99,Microsoft.Compute/CreateUpdateHighCostDiskEncryptionSet30Min;299
      x-ms-ratelimit-remaining-subscription-writes:
      - '1198'
    status:
      code: 202
      message: Accepted
- request:
    body: null
    headers:
      Accept:
      - '*/*'
      Accept-Encoding:
      - gzip, deflate
      CommandName:
      - disk-encryption-set create
      Connection:
      - keep-alive
      ParameterSetName:
      - -g -n --key-url --source-vault
      User-Agent:
      - AZURECLI/2.44.0 azsdk-python-azure-mgmt-compute/29.0.0 Python/3.10.8 (Linux-5.15.0-1023-azure-x86_64-with-glibc2.31)
        VSTS_7b238909-6802-4b65-b90d-184bca47f458_build_220_0
    method: GET
    uri: https://management.azure.com/subscriptions/00000000-0000-0000-0000-000000000000/providers/Microsoft.Compute/locations/centraluseuap/DiskOperations/15cf0ff8-7ea3-4b94-8052-7b96388c14d2?p=157f1a74-df5f-47b0-a815-476d8af3dce4&api-version=2022-03-02
  response:
    body:
      string: "{\r\n  \"startTime\": \"2023-01-09T17:59:22.9499697+00:00\",\r\n  \"endTime\":
        \"2023-01-09T17:59:22.9968447+00:00\",\r\n  \"status\": \"Succeeded\",\r\n
        \ \"properties\": {\r\n    \"output\": {\"name\":\"des1-000007\",\"id\":\"/subscriptions/00000000-0000-0000-0000-000000000000/resourceGroups/clitest.rg000001/providers/Microsoft.Compute/diskEncryptionSets/des1-000007\",\"type\":\"Microsoft.Compute/diskEncryptionSets\",\"location\":\"centraluseuap\",\"identity\":{\"type\":\"SystemAssigned\",\"principalId\":\"2a2e84fa-7374-42aa-9b11-fe9042c5dd6b\",\"tenantId\":\"54826b22-38d6-4fb2-bad9-b7b93a3e9c5a\"},\"properties\":{\"activeKey\":{\"sourceVault\":{\"id\":\"/subscriptions/00000000-0000-0000-0000-000000000000/resourceGroups/clitest.rg000001/providers/Microsoft.KeyVault/vaults/vault-000002\"},\"keyUrl\":\"https://vault-000002.vault.azure.net/keys/key-000004/04c606223233454aaa30242520b1742e\"},\"encryptionType\":\"EncryptionAtRestWithCustomerKey\",\"provisioningState\":\"Succeeded\"}}\r\n
        \ },\r\n  \"name\": \"15cf0ff8-7ea3-4b94-8052-7b96388c14d2\"\r\n}"
    headers:
      cache-control:
      - no-cache
      content-length:
      - '975'
      content-type:
      - application/json; charset=utf-8
      date:
      - Mon, 09 Jan 2023 17:59:52 GMT
      expires:
      - '-1'
      pragma:
      - no-cache
      server:
      - Microsoft-HTTPAPI/2.0
      - Microsoft-HTTPAPI/2.0
      strict-transport-security:
      - max-age=31536000; includeSubDomains
      transfer-encoding:
      - chunked
      vary:
      - Accept-Encoding
      x-content-type-options:
      - nosniff
      x-ms-ratelimit-remaining-resource:
      - Microsoft.Compute/GetOperation3Min;49993,Microsoft.Compute/GetOperation30Min;399948
    status:
      code: 200
      message: OK
- request:
    body: null
    headers:
      Accept:
      - '*/*'
      Accept-Encoding:
      - gzip, deflate
      CommandName:
      - disk-encryption-set create
      Connection:
      - keep-alive
      ParameterSetName:
      - -g -n --key-url --source-vault
      User-Agent:
      - AZURECLI/2.44.0 azsdk-python-azure-mgmt-compute/29.0.0 Python/3.10.8 (Linux-5.15.0-1023-azure-x86_64-with-glibc2.31)
        VSTS_7b238909-6802-4b65-b90d-184bca47f458_build_220_0
    method: GET
    uri: https://management.azure.com/subscriptions/00000000-0000-0000-0000-000000000000/resourceGroups/clitest.rg000001/providers/Microsoft.Compute/diskEncryptionSets/des1-000007?api-version=2022-03-02
  response:
    body:
      string: "{\r\n  \"name\": \"des1-000007\",\r\n  \"id\": \"/subscriptions/00000000-0000-0000-0000-000000000000/resourceGroups/clitest.rg000001/providers/Microsoft.Compute/diskEncryptionSets/des1-000007\",\r\n
        \ \"type\": \"Microsoft.Compute/diskEncryptionSets\",\r\n  \"location\": \"centraluseuap\",\r\n
        \ \"identity\": {\r\n    \"type\": \"SystemAssigned\",\r\n    \"principalId\":
        \"2a2e84fa-7374-42aa-9b11-fe9042c5dd6b\",\r\n    \"tenantId\": \"54826b22-38d6-4fb2-bad9-b7b93a3e9c5a\"\r\n
        \ },\r\n  \"properties\": {\r\n    \"activeKey\": {\r\n      \"sourceVault\":
        {\r\n        \"id\": \"/subscriptions/00000000-0000-0000-0000-000000000000/resourceGroups/clitest.rg000001/providers/Microsoft.KeyVault/vaults/vault-000002\"\r\n
        \     },\r\n      \"keyUrl\": \"https://vault-000002.vault.azure.net/keys/key-000004/04c606223233454aaa30242520b1742e\"\r\n
        \   },\r\n    \"encryptionType\": \"EncryptionAtRestWithCustomerKey\",\r\n
        \   \"provisioningState\": \"Succeeded\"\r\n  }\r\n}"
    headers:
      cache-control:
      - no-cache
      content-length:
      - '875'
      content-type:
      - application/json; charset=utf-8
      date:
      - Mon, 09 Jan 2023 17:59:52 GMT
      expires:
      - '-1'
      pragma:
      - no-cache
      server:
      - Microsoft-HTTPAPI/2.0
      - Microsoft-HTTPAPI/2.0
      strict-transport-security:
      - max-age=31536000; includeSubDomains
      transfer-encoding:
      - chunked
      vary:
      - Accept-Encoding
      x-content-type-options:
      - nosniff
      x-ms-ratelimit-remaining-resource:
      - Microsoft.Compute/LowCostGet3Min;14996,Microsoft.Compute/LowCostGet30Min;119985
    status:
      code: 200
      message: OK
- request:
    body: null
    headers:
      Accept:
      - application/json
      Accept-Encoding:
      - gzip, deflate
      CommandName:
      - disk-encryption-set show
      Connection:
      - keep-alive
      ParameterSetName:
      - -g -n
      User-Agent:
      - AZURECLI/2.44.0 azsdk-python-azure-mgmt-compute/29.0.0 Python/3.10.8 (Linux-5.15.0-1023-azure-x86_64-with-glibc2.31)
        VSTS_7b238909-6802-4b65-b90d-184bca47f458_build_220_0
    method: GET
    uri: https://management.azure.com/subscriptions/00000000-0000-0000-0000-000000000000/resourceGroups/clitest.rg000001/providers/Microsoft.Compute/diskEncryptionSets/des1-000007?api-version=2022-03-02
  response:
    body:
      string: "{\r\n  \"name\": \"des1-000007\",\r\n  \"id\": \"/subscriptions/00000000-0000-0000-0000-000000000000/resourceGroups/clitest.rg000001/providers/Microsoft.Compute/diskEncryptionSets/des1-000007\",\r\n
        \ \"type\": \"Microsoft.Compute/diskEncryptionSets\",\r\n  \"location\": \"centraluseuap\",\r\n
        \ \"identity\": {\r\n    \"type\": \"SystemAssigned\",\r\n    \"principalId\":
        \"2a2e84fa-7374-42aa-9b11-fe9042c5dd6b\",\r\n    \"tenantId\": \"54826b22-38d6-4fb2-bad9-b7b93a3e9c5a\"\r\n
        \ },\r\n  \"properties\": {\r\n    \"activeKey\": {\r\n      \"sourceVault\":
        {\r\n        \"id\": \"/subscriptions/00000000-0000-0000-0000-000000000000/resourceGroups/clitest.rg000001/providers/Microsoft.KeyVault/vaults/vault-000002\"\r\n
        \     },\r\n      \"keyUrl\": \"https://vault-000002.vault.azure.net/keys/key-000004/04c606223233454aaa30242520b1742e\"\r\n
        \   },\r\n    \"encryptionType\": \"EncryptionAtRestWithCustomerKey\",\r\n
        \   \"provisioningState\": \"Succeeded\"\r\n  }\r\n}"
    headers:
      cache-control:
      - no-cache
      content-length:
      - '875'
      content-type:
      - application/json; charset=utf-8
      date:
      - Mon, 09 Jan 2023 17:59:53 GMT
      expires:
      - '-1'
      pragma:
      - no-cache
      server:
      - Microsoft-HTTPAPI/2.0
      - Microsoft-HTTPAPI/2.0
      strict-transport-security:
      - max-age=31536000; includeSubDomains
      transfer-encoding:
      - chunked
      vary:
      - Accept-Encoding
      x-content-type-options:
      - nosniff
      x-ms-ratelimit-remaining-resource:
      - Microsoft.Compute/LowCostGet3Min;14995,Microsoft.Compute/LowCostGet30Min;119984
    status:
      code: 200
      message: OK
- request:
    body: null
    headers:
      Accept:
      - application/json
      Accept-Encoding:
      - gzip, deflate
      CommandName:
      - keyvault set-policy
      Connection:
      - keep-alive
      ParameterSetName:
      - -n --object-id --key-permissions
      User-Agent:
      - AZURECLI/2.44.0 azsdk-python-azure-mgmt-keyvault/10.1.0 Python/3.10.8 (Linux-5.15.0-1023-azure-x86_64-with-glibc2.31)
        VSTS_7b238909-6802-4b65-b90d-184bca47f458_build_220_0
    method: GET
    uri: https://management.azure.com/subscriptions/00000000-0000-0000-0000-000000000000/resources?$filter=resourceType%20eq%20%27Microsoft.KeyVault%2Fvaults%27&api-version=2015-11-01
  response:
    body:
      string: '{"value":[{"id":"/subscriptions/00000000-0000-0000-0000-000000000000/resourceGroups/AzurePowerShellLiveTest/providers/Microsoft.KeyVault/vaults/LiveTestServicePrincipal","name":"LiveTestServicePrincipal","type":"Microsoft.KeyVault/vaults","location":"westus","tags":{}},{"id":"/subscriptions/00000000-0000-0000-0000-000000000000/resourceGroups/bez-rg/providers/Microsoft.KeyVault/vaults/bez-kv","name":"bez-kv","type":"Microsoft.KeyVault/vaults","location":"eastus","tags":{}},{"id":"/subscriptions/00000000-0000-0000-0000-000000000000/resourceGroups/bez-rg/providers/Microsoft.KeyVault/vaults/bez-kv1117","name":"bez-kv1117","type":"Microsoft.KeyVault/vaults","location":"eastus","tags":{}},{"id":"/subscriptions/00000000-0000-0000-0000-000000000000/resourceGroups/clitest.rg5hqexikvf2de6u6zqhgzddlkwwyywpmmsdilbesrawh2vmzln3kpoesiy6cneuj2m/providers/Microsoft.KeyVault/vaults/sfrp-cli-kv-exwkqy7nalb2","name":"sfrp-cli-kv-exwkqy7nalb2","type":"Microsoft.KeyVault/vaults","location":"eastasia","tags":{}},{"id":"/subscriptions/00000000-0000-0000-0000-000000000000/resourceGroups/clitest.rg000001/providers/Microsoft.KeyVault/vaults/vault-000002","name":"vault-000002","type":"Microsoft.KeyVault/vaults","location":"centraluseuap","tags":{}},{"id":"/subscriptions/00000000-0000-0000-0000-000000000000/resourceGroups/hang-rg/providers/Microsoft.KeyVault/vaults/hangkey","name":"hangkey","type":"Microsoft.KeyVault/vaults","location":"koreasouth","tags":{"kk":"kk","zz":"kk","--kk":"zz"}},{"id":"/subscriptions/00000000-0000-0000-0000-000000000000/resourceGroups/hang-rg/providers/Microsoft.KeyVault/vaults/similar0327002194","name":"similar0327002194","type":"Microsoft.KeyVault/vaults","location":"eastus2","tags":{}},{"id":"/subscriptions/00000000-0000-0000-0000-000000000000/resourceGroups/yishitest/providers/Microsoft.KeyVault/vaults/ystestkv","name":"ystestkv","type":"Microsoft.KeyVault/vaults","location":"eastus","tags":{}}]}'
    headers:
      cache-control:
      - no-cache
      content-length:
      - '1933'
      content-type:
      - application/json; charset=utf-8
      date:
      - Mon, 09 Jan 2023 17:59:54 GMT
      expires:
      - '-1'
      pragma:
      - no-cache
      strict-transport-security:
      - max-age=31536000; includeSubDomains
      vary:
      - Accept-Encoding
      x-content-type-options:
      - nosniff
    status:
      code: 200
      message: OK
- request:
    body: null
    headers:
      Accept:
      - application/json
      Accept-Encoding:
      - gzip, deflate
      CommandName:
      - keyvault set-policy
      Connection:
      - keep-alive
      ParameterSetName:
      - -n --object-id --key-permissions
      User-Agent:
      - AZURECLI/2.44.0 azsdk-python-azure-mgmt-keyvault/10.1.0 Python/3.10.8 (Linux-5.15.0-1023-azure-x86_64-with-glibc2.31)
        VSTS_7b238909-6802-4b65-b90d-184bca47f458_build_220_0
    method: GET
    uri: https://management.azure.com/subscriptions/00000000-0000-0000-0000-000000000000/resourceGroups/clitest.rg000001/providers/Microsoft.KeyVault/vaults/vault-000002?api-version=2022-07-01
  response:
    body:
      string: '{"id":"/subscriptions/00000000-0000-0000-0000-000000000000/resourceGroups/clitest.rg000001/providers/Microsoft.KeyVault/vaults/vault-000002","name":"vault-000002","type":"Microsoft.KeyVault/vaults","location":"CentralUSEUAP","tags":{},"systemData":{"createdBy":"azureclilivetest@azuresdkteam.onmicrosoft.com","createdByType":"User","createdAt":"2023-01-09T17:57:40.968Z","lastModifiedBy":"azureclilivetest@azuresdkteam.onmicrosoft.com","lastModifiedByType":"User","lastModifiedAt":"2023-01-09T17:57:40.968Z"},"properties":{"sku":{"family":"A","name":"standard"},"tenantId":"54826b22-38d6-4fb2-bad9-b7b93a3e9c5a","accessPolicies":[{"tenantId":"54826b22-38d6-4fb2-bad9-b7b93a3e9c5a","objectId":"6b30bdc6-696a-46fb-82d7-739c2fb147b7","permissions":{"keys":["all"],"secrets":["all"],"certificates":["all"],"storage":["all"]}}],"enabledForDeployment":false,"enableSoftDelete":true,"softDeleteRetentionInDays":7,"enablePurgeProtection":true,"vaultUri":"https://vault-000002.vault.azure.net/","provisioningState":"Succeeded","publicNetworkAccess":"Enabled"}}'
    headers:
      cache-control:
      - no-cache
      content-length:
      - '1051'
      content-type:
      - application/json; charset=utf-8
      date:
      - Mon, 09 Jan 2023 17:59:54 GMT
      expires:
      - '-1'
      pragma:
      - no-cache
      server:
      - Microsoft-IIS/10.0
      strict-transport-security:
      - max-age=31536000; includeSubDomains
      transfer-encoding:
      - chunked
      vary:
      - Accept-Encoding
      x-aspnet-version:
      - 4.0.30319
      x-content-type-options:
      - nosniff
      x-ms-keyvault-service-version:
      - 1.5.606.0
      x-powered-by:
      - ASP.NET
    status:
      code: 200
      message: OK
- request:
    body: '{"location": "CentralUSEUAP", "tags": {}, "properties": {"tenantId": "54826b22-38d6-4fb2-bad9-b7b93a3e9c5a",
      "sku": {"family": "A", "name": "standard"}, "accessPolicies": [{"tenantId":
      "54826b22-38d6-4fb2-bad9-b7b93a3e9c5a", "objectId": "6b30bdc6-696a-46fb-82d7-739c2fb147b7",
      "permissions": {"keys": ["all"], "secrets": ["all"], "certificates": ["all"],
      "storage": ["all"]}}, {"tenantId": "54826b22-38d6-4fb2-bad9-b7b93a3e9c5a", "objectId":
      "2a2e84fa-7374-42aa-9b11-fe9042c5dd6b", "permissions": {"keys": ["get", "unwrapKey",
      "wrapKey"]}}], "vaultUri": "https://vault-000002.vault.azure.net/", "enabledForDeployment":
      false, "enableSoftDelete": true, "softDeleteRetentionInDays": 7, "enablePurgeProtection":
      true, "provisioningState": "Succeeded", "publicNetworkAccess": "Enabled"}}'
    headers:
      Accept:
      - application/json
      Accept-Encoding:
      - gzip, deflate
      CommandName:
      - keyvault set-policy
      Connection:
      - keep-alive
      Content-Length:
      - '783'
      Content-Type:
      - application/json
      ParameterSetName:
      - -n --object-id --key-permissions
      User-Agent:
      - AZURECLI/2.44.0 azsdk-python-azure-mgmt-keyvault/10.1.0 Python/3.10.8 (Linux-5.15.0-1023-azure-x86_64-with-glibc2.31)
        VSTS_7b238909-6802-4b65-b90d-184bca47f458_build_220_0
    method: PUT
    uri: https://management.azure.com/subscriptions/00000000-0000-0000-0000-000000000000/resourceGroups/clitest.rg000001/providers/Microsoft.KeyVault/vaults/vault-000002?api-version=2022-07-01
  response:
    body:
      string: '{"id":"/subscriptions/00000000-0000-0000-0000-000000000000/resourceGroups/clitest.rg000001/providers/Microsoft.KeyVault/vaults/vault-000002","name":"vault-000002","type":"Microsoft.KeyVault/vaults","location":"CentralUSEUAP","tags":{},"systemData":{"createdBy":"azureclilivetest@azuresdkteam.onmicrosoft.com","createdByType":"User","createdAt":"2023-01-09T17:57:40.968Z","lastModifiedBy":"azureclilivetest@azuresdkteam.onmicrosoft.com","lastModifiedByType":"User","lastModifiedAt":"2023-01-09T17:59:55.076Z"},"properties":{"sku":{"family":"A","name":"standard"},"tenantId":"54826b22-38d6-4fb2-bad9-b7b93a3e9c5a","accessPolicies":[{"tenantId":"54826b22-38d6-4fb2-bad9-b7b93a3e9c5a","objectId":"6b30bdc6-696a-46fb-82d7-739c2fb147b7","permissions":{"keys":["all"],"secrets":["all"],"certificates":["all"],"storage":["all"]}},{"tenantId":"54826b22-38d6-4fb2-bad9-b7b93a3e9c5a","objectId":"2a2e84fa-7374-42aa-9b11-fe9042c5dd6b","permissions":{"keys":["get","unwrapKey","wrapKey"]}}],"enabledForDeployment":false,"enableSoftDelete":true,"softDeleteRetentionInDays":7,"enablePurgeProtection":true,"vaultUri":"https://vault-000002.vault.azure.net/","provisioningState":"Succeeded","publicNetworkAccess":"Enabled"}}'
    headers:
      cache-control:
      - no-cache
      content-length:
      - '1206'
      content-type:
      - application/json; charset=utf-8
      date:
      - Mon, 09 Jan 2023 17:59:54 GMT
      expires:
      - '-1'
      pragma:
      - no-cache
      server:
      - Microsoft-IIS/10.0
      strict-transport-security:
      - max-age=31536000; includeSubDomains
      transfer-encoding:
      - chunked
      vary:
      - Accept-Encoding
      x-aspnet-version:
      - 4.0.30319
      x-content-type-options:
      - nosniff
      x-ms-keyvault-service-version:
      - 1.5.606.0
      x-ms-ratelimit-remaining-subscription-writes:
      - '1198'
      x-powered-by:
      - ASP.NET
    status:
      code: 200
      message: OK
- request:
    body: null
    headers:
      Accept:
      - '*/*'
      Accept-Encoding:
      - gzip, deflate
      CommandName:
      - role assignment create
      Connection:
      - keep-alive
      ParameterSetName:
      - --assignee --role --scope
      User-Agent:
      - python/3.10.8 (Linux-5.15.0-1023-azure-x86_64-with-glibc2.31) AZURECLI/2.44.0
        VSTS_7b238909-6802-4b65-b90d-184bca47f458_build_220_0
    method: GET
    uri: https://graph.microsoft.com/v1.0/servicePrincipals?$filter=servicePrincipalNames%2Fany%28c%3Ac%20eq%20%272a2e84fa-7374-42aa-9b11-fe9042c5dd6b%27%29
  response:
    body:
      string: '{"@odata.context":"https://graph.microsoft.com/v1.0/$metadata#servicePrincipals","value":[]}'
    headers:
      cache-control:
      - no-cache
      content-length:
      - '92'
      content-type:
      - application/json;odata.metadata=minimal;odata.streaming=true;IEEE754Compatible=false;charset=utf-8
      date:
      - Mon, 09 Jan 2023 18:00:09 GMT
      odata-version:
      - '4.0'
      request-id:
      - be618e87-529a-4a5e-becd-5454644f52d1
      strict-transport-security:
      - max-age=31536000
      transfer-encoding:
      - chunked
      vary:
      - Accept-Encoding
      x-ms-ags-diagnostic:
      - '{"ServerInfo":{"DataCenter":"East US","Slice":"E","Ring":"5","ScaleUnit":"003","RoleInstance":"BL6PEPF00013FAD"}}'
      x-ms-resource-unit:
      - '1'
    status:
      code: 200
      message: OK
- request:
    body: '{"ids": ["2a2e84fa-7374-42aa-9b11-fe9042c5dd6b"], "types": ["user", "group",
      "servicePrincipal", "directoryObjectPartnerReference"]}'
    headers:
      Accept:
      - '*/*'
      Accept-Encoding:
      - gzip, deflate
      CommandName:
      - role assignment create
      Connection:
      - keep-alive
      Content-Length:
      - '132'
      Content-Type:
      - application/json
      ParameterSetName:
      - --assignee --role --scope
      User-Agent:
      - python/3.10.8 (Linux-5.15.0-1023-azure-x86_64-with-glibc2.31) AZURECLI/2.44.0
        VSTS_7b238909-6802-4b65-b90d-184bca47f458_build_220_0
    method: POST
    uri: https://graph.microsoft.com/v1.0/directoryObjects/getByIds
  response:
    body:
      string: '{"@odata.context":"https://graph.microsoft.com/v1.0/$metadata#directoryObjects","value":[{"@odata.type":"#microsoft.graph.servicePrincipal","id":"2a2e84fa-7374-42aa-9b11-fe9042c5dd6b","deletedDateTime":null,"accountEnabled":true,"alternativeNames":["isExplicit=False","/subscriptions/00000000-0000-0000-0000-000000000000/resourcegroups/clitest.rg000001/providers/Microsoft.Compute/diskEncryptionSets/des1-000007"],"appDisplayName":null,"appDescription":null,"appId":"2899fe93-b247-4f84-9326-fbe39d3b5dec","applicationTemplateId":null,"appOwnerOrganizationId":null,"appRoleAssignmentRequired":false,"createdDateTime":"2023-01-09T17:59:22Z","description":null,"disabledByMicrosoftStatus":null,"displayName":"des1-000007","homepage":null,"loginUrl":null,"logoutUrl":null,"notes":null,"notificationEmailAddresses":[],"preferredSingleSignOnMode":null,"preferredTokenSigningKeyThumbprint":null,"replyUrls":[],"servicePrincipalNames":["2899fe93-b247-4f84-9326-fbe39d3b5dec","https://identity.azure.net/vqQT2xq6OCLgllYINK+dZY5/0pdLqq3Ww4x5oI7ibkg="],"servicePrincipalType":"ManagedIdentity","signInAudience":null,"tags":[],"tokenEncryptionKeyId":null,"info":null,"samlSingleSignOnSettings":null,"addIns":[],"appRoles":[],"keyCredentials":[{"customKeyIdentifier":"D466B827EEF144F21CCF6241DDDBCDA7577C1352","displayName":"CN=2899fe93-b247-4f84-9326-fbe39d3b5dec,
        DC=54826b22-38d6-4fb2-bad9-b7b93a3e9c5a","endDateTime":"2023-04-09T17:54:00Z","key":null,"keyId":"0e32b3e6-6225-4e13-b39b-7b4ef1a27d36","startDateTime":"2023-01-09T17:54:00Z","type":"AsymmetricX509Cert","usage":"Verify"}],"oauth2PermissionScopes":[],"passwordCredentials":[],"resourceSpecificApplicationPermissions":[],"verifiedPublisher":{"displayName":null,"verifiedPublisherId":null,"addedDateTime":null}}]}'
    headers:
      cache-control:
      - no-cache
      content-length:
      - '1763'
      content-type:
      - application/json;odata.metadata=minimal;odata.streaming=true;IEEE754Compatible=false;charset=utf-8
      date:
      - Mon, 09 Jan 2023 18:00:09 GMT
      location:
      - https://graph.microsoft.com
      odata-version:
      - '4.0'
      request-id:
      - 10edd83b-95af-4ea0-962c-b783d7a5931d
      strict-transport-security:
      - max-age=31536000
      transfer-encoding:
      - chunked
      vary:
      - Accept-Encoding
      x-ms-ags-diagnostic:
      - '{"ServerInfo":{"DataCenter":"East US","Slice":"E","Ring":"5","ScaleUnit":"003","RoleInstance":"BL6PEPF00013FB2"}}'
      x-ms-resource-unit:
      - '3'
    status:
      code: 200
      message: OK
- request:
    body: null
    headers:
      Accept:
      - application/json
      Accept-Encoding:
      - gzip, deflate
      CommandName:
      - role assignment create
      Connection:
      - keep-alive
      ParameterSetName:
      - --assignee --role --scope
      User-Agent:
      - python/3.10.8 (Linux-5.15.0-1023-azure-x86_64-with-glibc2.31) msrest/0.7.1
        VSTS_7b238909-6802-4b65-b90d-184bca47f458_build_220_0 msrest_azure/0.6.4 azure-mgmt-authorization/0.61.0
        Azure-SDK-For-Python AZURECLI/2.44.0
      accept-language:
      - en-US
    method: GET
    uri: https://management.azure.com/subscriptions/00000000-0000-0000-0000-000000000000/resourceGroups/clitest.rg000001/providers/Microsoft.KeyVault/vaults/vault-000002/providers/Microsoft.Authorization/roleDefinitions?$filter=roleName%20eq%20%27Reader%27&api-version=2018-01-01-preview
  response:
    body:
      string: '{"value":[{"properties":{"roleName":"Reader","type":"BuiltInRole","description":"View
        all resources, but does not allow you to make any changes.","assignableScopes":["/"],"permissions":[{"actions":["*/read"],"notActions":[],"dataActions":[],"notDataActions":[]}],"createdOn":"2015-02-02T21:55:09.8806423Z","updatedOn":"2021-11-11T20:13:47.8628684Z","createdBy":null,"updatedBy":null},"id":"/subscriptions/00000000-0000-0000-0000-000000000000/providers/Microsoft.Authorization/roleDefinitions/acdd72a7-3385-48ef-bd42-f606fba81ae7","type":"Microsoft.Authorization/roleDefinitions","name":"acdd72a7-3385-48ef-bd42-f606fba81ae7"}]}'
    headers:
      cache-control:
      - no-cache
      content-length:
      - '627'
      content-type:
      - application/json; charset=utf-8
      date:
      - Mon, 09 Jan 2023 18:00:10 GMT
      expires:
      - '-1'
      pragma:
      - no-cache
      set-cookie:
      - x-ms-gateway-slice=Production; path=/; secure; samesite=none; httponly
      strict-transport-security:
      - max-age=31536000; includeSubDomains
      transfer-encoding:
      - chunked
      vary:
      - Accept-Encoding
      x-content-type-options:
      - nosniff
    status:
      code: 200
      message: OK
- request:
    body: '{"properties": {"roleDefinitionId": "/subscriptions/00000000-0000-0000-0000-000000000000/providers/Microsoft.Authorization/roleDefinitions/acdd72a7-3385-48ef-bd42-f606fba81ae7",
      "principalId": "2a2e84fa-7374-42aa-9b11-fe9042c5dd6b", "principalType": "ServicePrincipal"}}'
    headers:
      Accept:
      - application/json
      Accept-Encoding:
      - gzip, deflate
      CommandName:
      - role assignment create
      Connection:
      - keep-alive
      Content-Length:
      - '270'
      Content-Type:
      - application/json; charset=utf-8
      Cookie:
      - x-ms-gateway-slice=Production
      ParameterSetName:
      - --assignee --role --scope
      User-Agent:
      - python/3.10.8 (Linux-5.15.0-1023-azure-x86_64-with-glibc2.31) msrest/0.7.1
        VSTS_7b238909-6802-4b65-b90d-184bca47f458_build_220_0 msrest_azure/0.6.4 azure-mgmt-authorization/0.61.0
        Azure-SDK-For-Python AZURECLI/2.44.0
      accept-language:
      - en-US
    method: PUT
    uri: https://management.azure.com/subscriptions/00000000-0000-0000-0000-000000000000/resourceGroups/clitest.rg000001/providers/Microsoft.KeyVault/vaults/vault-000002/providers/Microsoft.Authorization/roleAssignments/88888888-0000-0000-0000-000000000001?api-version=2020-04-01-preview
  response:
    body:
      string: '{"properties":{"roleDefinitionId":"/subscriptions/00000000-0000-0000-0000-000000000000/providers/Microsoft.Authorization/roleDefinitions/acdd72a7-3385-48ef-bd42-f606fba81ae7","principalId":"2a2e84fa-7374-42aa-9b11-fe9042c5dd6b","principalType":"ServicePrincipal","scope":"/subscriptions/00000000-0000-0000-0000-000000000000/resourceGroups/clitest.rg000001/providers/Microsoft.KeyVault/vaults/vault-000002","condition":null,"conditionVersion":null,"createdOn":"2023-01-09T18:00:11.1720493Z","updatedOn":"2023-01-09T18:00:11.7658579Z","createdBy":null,"updatedBy":"6b30bdc6-696a-46fb-82d7-739c2fb147b7","delegatedManagedIdentityResourceId":null,"description":null},"id":"/subscriptions/00000000-0000-0000-0000-000000000000/resourceGroups/clitest.rg000001/providers/Microsoft.KeyVault/vaults/vault-000002/providers/Microsoft.Authorization/roleAssignments/88888888-0000-0000-0000-000000000001","type":"Microsoft.Authorization/roleAssignments","name":"88888888-0000-0000-0000-000000000001"}'
    headers:
      cache-control:
      - no-cache
      content-length:
      - '985'
      content-type:
      - application/json; charset=utf-8
      date:
      - Mon, 09 Jan 2023 18:00:14 GMT
      expires:
      - '-1'
      pragma:
      - no-cache
      strict-transport-security:
      - max-age=31536000; includeSubDomains
      x-content-type-options:
      - nosniff
      x-ms-ratelimit-remaining-subscription-writes:
      - '1199'
    status:
      code: 201
      message: Created
- request:
    body: null
    headers:
      Accept:
      - application/json
      Accept-Encoding:
      - gzip, deflate
      CommandName:
      - disk create
      Connection:
      - keep-alive
      ParameterSetName:
      - -g -n --image-reference --hyper-v-generation --security-type --disk-encryption-set
      User-Agent:
      - AZURECLI/2.44.0 azsdk-python-azure-mgmt-resource/22.0.0 Python/3.10.8 (Linux-5.15.0-1023-azure-x86_64-with-glibc2.31)
        VSTS_7b238909-6802-4b65-b90d-184bca47f458_build_220_0
    method: GET
    uri: https://management.azure.com/subscriptions/00000000-0000-0000-0000-000000000000/resourcegroups/clitest.rg000001?api-version=2022-09-01
  response:
    body:
      string: '{"id":"/subscriptions/00000000-0000-0000-0000-000000000000/resourceGroups/clitest.rg000001","name":"clitest.rg000001","type":"Microsoft.Resources/resourceGroups","location":"centraluseuap","tags":{"product":"azurecli","cause":"automation","date":"2023-01-09T17:57:38Z"},"properties":{"provisioningState":"Succeeded"}}'
    headers:
      cache-control:
      - no-cache
      content-length:
      - '317'
      content-type:
      - application/json; charset=utf-8
      date:
      - Mon, 09 Jan 2023 18:00:14 GMT
      expires:
      - '-1'
      pragma:
      - no-cache
      strict-transport-security:
      - max-age=31536000; includeSubDomains
      vary:
      - Accept-Encoding
      x-content-type-options:
      - nosniff
    status:
      code: 200
      message: OK
- request:
    body: null
    headers:
      Accept:
      - application/json
      Accept-Encoding:
      - gzip, deflate
      CommandName:
      - disk create
      Connection:
      - keep-alive
      ParameterSetName:
      - -g -n --image-reference --hyper-v-generation --security-type --disk-encryption-set
      User-Agent:
      - AZURECLI/2.44.0 azsdk-python-azure-mgmt-compute/29.0.0 Python/3.10.8 (Linux-5.15.0-1023-azure-x86_64-with-glibc2.31)
        VSTS_7b238909-6802-4b65-b90d-184bca47f458_build_220_0
    method: GET
    uri: https://management.azure.com/subscriptions/00000000-0000-0000-0000-000000000000/providers/Microsoft.Compute/locations/centraluseuap/publishers/MicrosoftWindowsServer/artifacttypes/vmimage/offers/WindowsServer/skus/2022-datacenter-smalldisk-g2/versions?$top=1&$orderby=name%20desc&api-version=2022-08-01
  response:
    body:
      string: "[\r\n  {\r\n    \"location\": \"CentralUSEUAP\",\r\n    \"name\": \"20348.1366.221207\",\r\n
        \   \"id\": \"/Subscriptions/00000000-0000-0000-0000-000000000000/Providers/Microsoft.Compute/Locations/CentralUSEUAP/Publishers/MicrosoftWindowsServer/ArtifactTypes/VMImage/Offers/WindowsServer/Skus/2022-datacenter-smalldisk-g2/Versions/20348.1366.221207\"\r\n
        \ }\r\n]"
    headers:
      cache-control:
      - no-cache
      content-length:
      - '337'
      content-type:
      - application/json; charset=utf-8
      date:
      - Mon, 09 Jan 2023 18:00:14 GMT
      expires:
      - '-1'
      pragma:
      - no-cache
      server:
      - Microsoft-HTTPAPI/2.0
      - Microsoft-HTTPAPI/2.0
      strict-transport-security:
      - max-age=31536000; includeSubDomains
      transfer-encoding:
      - chunked
      vary:
      - Accept-Encoding
      x-content-type-options:
      - nosniff
      x-ms-ratelimit-remaining-resource:
      - Microsoft.Compute/ListVMImagesVersionsFromLocation3Min;15999,Microsoft.Compute/ListVMImagesVersionsFromLocation30Min;43999
    status:
      code: 200
      message: OK
- request:
    body: null
    headers:
      Accept:
      - application/json
      Accept-Encoding:
      - gzip, deflate
      CommandName:
      - disk create
      Connection:
      - keep-alive
      ParameterSetName:
      - -g -n --image-reference --hyper-v-generation --security-type --disk-encryption-set
      User-Agent:
      - AZURECLI/2.44.0 azsdk-python-azure-mgmt-compute/29.0.0 Python/3.10.8 (Linux-5.15.0-1023-azure-x86_64-with-glibc2.31)
        VSTS_7b238909-6802-4b65-b90d-184bca47f458_build_220_0
    method: GET
    uri: https://management.azure.com/subscriptions/00000000-0000-0000-0000-000000000000/providers/Microsoft.Compute/locations/centraluseuap/publishers/MicrosoftWindowsServer/artifacttypes/vmimage/offers/WindowsServer/skus/2022-datacenter-smalldisk-g2/versions/20348.1366.221207?api-version=2022-08-01
  response:
    body:
      string: "{\r\n  \"properties\": {\r\n    \"hyperVGeneration\": \"V2\",\r\n    \"architecture\":
        \"x64\",\r\n    \"replicaType\": \"Managed\",\r\n    \"replicaCount\": 10,\r\n
        \   \"disallowed\": {\r\n      \"vmDiskType\": \"Unmanaged\"\r\n    },\r\n
        \   \"automaticOSUpgradeProperties\": {\r\n      \"automaticOSUpgradeSupported\":
        false\r\n    },\r\n    \"imageDeprecationStatus\": {\r\n      \"imageState\":
        \"Active\"\r\n    },\r\n    \"features\": [\r\n      {\r\n        \"name\":
        \"SecurityType\",\r\n        \"value\": \"TrustedLaunchAndConfidentialVmSupported\"\r\n
        \     },\r\n      {\r\n        \"name\": \"IsAcceleratedNetworkSupported\",\r\n
        \       \"value\": \"True\"\r\n      },\r\n      {\r\n        \"name\": \"DiskControllerTypes\",\r\n
        \       \"value\": \"SCSI, NVMe\"\r\n      },\r\n      {\r\n        \"name\":
        \"IsHibernateSupported\",\r\n        \"value\": \"True\"\r\n      }\r\n    ],\r\n
        \   \"osDiskImage\": {\r\n      \"operatingSystem\": \"Windows\",\r\n      \"sizeInGb\":
        30\r\n    },\r\n    \"dataDiskImages\": []\r\n  },\r\n  \"location\": \"CentralUSEUAP\",\r\n
        \ \"name\": \"20348.1366.221207\",\r\n  \"id\": \"/Subscriptions/00000000-0000-0000-0000-000000000000/Providers/Microsoft.Compute/Locations/CentralUSEUAP/Publishers/MicrosoftWindowsServer/ArtifactTypes/VMImage/Offers/WindowsServer/Skus/2022-datacenter-smalldisk-g2/Versions/20348.1366.221207\"\r\n}"
    headers:
      cache-control:
      - no-cache
      content-length:
      - '1207'
      content-type:
      - application/json; charset=utf-8
      date:
      - Mon, 09 Jan 2023 18:00:15 GMT
      expires:
      - '-1'
      pragma:
      - no-cache
      server:
      - Microsoft-HTTPAPI/2.0
      - Microsoft-HTTPAPI/2.0
      strict-transport-security:
      - max-age=31536000; includeSubDomains
      transfer-encoding:
      - chunked
      vary:
      - Accept-Encoding
      x-content-type-options:
      - nosniff
      x-ms-ratelimit-remaining-resource:
      - Microsoft.Compute/GetVMImageFromLocation3Min;12999,Microsoft.Compute/GetVMImageFromLocation30Min;73999
    status:
      code: 200
      message: OK
- request:
    body: '{"location": "centraluseuap", "tags": {}, "sku": {"name": "Premium_LRS"},
      "properties": {"hyperVGeneration": "V2", "creationData": {"createOption": "FromImage",
      "imageReference": {"id": "/Subscriptions/00000000-0000-0000-0000-000000000000/Providers/Microsoft.Compute/Locations/CentralUSEUAP/Publishers/MicrosoftWindowsServer/ArtifactTypes/VMImage/Offers/WindowsServer/Skus/2022-datacenter-smalldisk-g2/Versions/20348.1366.221207"}},
      "encryption": {"diskEncryptionSetId": "/subscriptions/00000000-0000-0000-0000-000000000000/resourceGroups/clitest.rg000001/providers/Microsoft.Compute/diskEncryptionSets/des1-000007"},
      "securityProfile": {"securityType": "ConfidentialVM_VMGuestStateOnlyEncryptedWithPlatformKey"}}}'
    headers:
      Accept:
      - application/json
      Accept-Encoding:
      - gzip, deflate
      CommandName:
      - disk create
      Connection:
      - keep-alive
      Content-Length:
      - '714'
      Content-Type:
      - application/json
      ParameterSetName:
      - -g -n --image-reference --hyper-v-generation --security-type --disk-encryption-set
      User-Agent:
      - AZURECLI/2.44.0 azsdk-python-azure-mgmt-compute/29.0.0 Python/3.10.8 (Linux-5.15.0-1023-azure-x86_64-with-glibc2.31)
        VSTS_7b238909-6802-4b65-b90d-184bca47f458_build_220_0
    method: PUT
    uri: https://management.azure.com/subscriptions/00000000-0000-0000-0000-000000000000/resourceGroups/clitest.rg000001/providers/Microsoft.Compute/disks/disk000005?api-version=2022-07-02
  response:
    body:
      string: "{\r\n  \"name\": \"disk000005\",\r\n  \"id\": \"/subscriptions/00000000-0000-0000-0000-000000000000/resourceGroups/clitest.rg000001/providers/Microsoft.Compute/disks/disk000005\",\r\n
        \ \"type\": \"Microsoft.Compute/disks\",\r\n  \"location\": \"centraluseuap\",\r\n
        \ \"tags\": {},\r\n  \"sku\": {\r\n    \"name\": \"Premium_LRS\"\r\n  },\r\n
        \ \"properties\": {\r\n    \"hyperVGeneration\": \"V2\",\r\n    \"creationData\":
        {\r\n      \"createOption\": \"FromImage\",\r\n      \"imageReference\": {\r\n
        \       \"id\": \"/Subscriptions/00000000-0000-0000-0000-000000000000/Providers/Microsoft.Compute/Locations/CentralUSEUAP/Publishers/MicrosoftWindowsServer/ArtifactTypes/VMImage/Offers/WindowsServer/Skus/2022-datacenter-smalldisk-g2/Versions/20348.1366.221207\"\r\n
        \     }\r\n    },\r\n    \"encryption\": {\r\n      \"diskEncryptionSetId\":
        \"/subscriptions/00000000-0000-0000-0000-000000000000/resourceGroups/clitest.rg000001/providers/Microsoft.Compute/diskEncryptionSets/des1-000007\"\r\n
        \   },\r\n    \"securityProfile\": {\r\n      \"securityType\": \"ConfidentialVM_VMGuestStateOnlyEncryptedWithPlatformKey\"\r\n
        \   },\r\n    \"provisioningState\": \"Updating\"\r\n  }\r\n}"
    headers:
      azure-asyncoperation:
      - https://management.azure.com/subscriptions/00000000-0000-0000-0000-000000000000/providers/Microsoft.Compute/locations/centraluseuap/DiskOperations/5b361ecd-b5d3-4725-b017-a8ac75de235f?p=157f1a74-df5f-47b0-a815-476d8af3dce4&api-version=2022-07-02
      cache-control:
      - no-cache
      content-length:
      - '1073'
      content-type:
      - application/json; charset=utf-8
      date:
      - Mon, 09 Jan 2023 18:00:17 GMT
      expires:
      - '-1'
      location:
      - https://management.azure.com/subscriptions/00000000-0000-0000-0000-000000000000/providers/Microsoft.Compute/locations/centraluseuap/DiskOperations/5b361ecd-b5d3-4725-b017-a8ac75de235f?p=157f1a74-df5f-47b0-a815-476d8af3dce4&monitor=true&api-version=2022-07-02
      pragma:
      - no-cache
      server:
      - Microsoft-HTTPAPI/2.0
      - Microsoft-HTTPAPI/2.0
      strict-transport-security:
      - max-age=31536000; includeSubDomains
      x-content-type-options:
      - nosniff
      x-ms-ratelimit-remaining-resource:
      - Microsoft.Compute/CreateUpdateDisks3Min;999,Microsoft.Compute/CreateUpdateDisks30Min;7997
      x-ms-ratelimit-remaining-subscription-writes:
      - '1199'
    status:
      code: 202
      message: Accepted
- request:
    body: null
    headers:
      Accept:
      - '*/*'
      Accept-Encoding:
      - gzip, deflate
      CommandName:
      - disk create
      Connection:
      - keep-alive
      ParameterSetName:
      - -g -n --image-reference --hyper-v-generation --security-type --disk-encryption-set
      User-Agent:
      - AZURECLI/2.44.0 azsdk-python-azure-mgmt-compute/29.0.0 Python/3.10.8 (Linux-5.15.0-1023-azure-x86_64-with-glibc2.31)
        VSTS_7b238909-6802-4b65-b90d-184bca47f458_build_220_0
    method: GET
    uri: https://management.azure.com/subscriptions/00000000-0000-0000-0000-000000000000/providers/Microsoft.Compute/locations/centraluseuap/DiskOperations/5b361ecd-b5d3-4725-b017-a8ac75de235f?p=157f1a74-df5f-47b0-a815-476d8af3dce4&api-version=2022-07-02
  response:
    body:
      string: "{\r\n  \"startTime\": \"2023-01-09T18:00:16.7805553+00:00\",\r\n  \"status\":
        \"InProgress\",\r\n  \"name\": \"5b361ecd-b5d3-4725-b017-a8ac75de235f\"\r\n}"
    headers:
      cache-control:
      - no-cache
      content-length:
      - '134'
      content-type:
      - application/json; charset=utf-8
      date:
      - Mon, 09 Jan 2023 18:00:19 GMT
      expires:
      - '-1'
      pragma:
      - no-cache
      server:
      - Microsoft-HTTPAPI/2.0
      - Microsoft-HTTPAPI/2.0
      strict-transport-security:
      - max-age=31536000; includeSubDomains
      transfer-encoding:
      - chunked
      vary:
      - Accept-Encoding
      x-content-type-options:
      - nosniff
      x-ms-ratelimit-remaining-resource:
      - Microsoft.Compute/GetOperation3Min;49992,Microsoft.Compute/GetOperation30Min;399951
    status:
      code: 200
      message: OK
- request:
    body: null
    headers:
      Accept:
      - '*/*'
      Accept-Encoding:
      - gzip, deflate
      CommandName:
      - disk create
      Connection:
      - keep-alive
      ParameterSetName:
      - -g -n --image-reference --hyper-v-generation --security-type --disk-encryption-set
      User-Agent:
      - AZURECLI/2.44.0 azsdk-python-azure-mgmt-compute/29.0.0 Python/3.10.8 (Linux-5.15.0-1023-azure-x86_64-with-glibc2.31)
        VSTS_7b238909-6802-4b65-b90d-184bca47f458_build_220_0
    method: GET
    uri: https://management.azure.com/subscriptions/00000000-0000-0000-0000-000000000000/providers/Microsoft.Compute/locations/centraluseuap/DiskOperations/5b361ecd-b5d3-4725-b017-a8ac75de235f?p=157f1a74-df5f-47b0-a815-476d8af3dce4&api-version=2022-07-02
  response:
    body:
      string: "{\r\n  \"startTime\": \"2023-01-09T18:00:16.7805553+00:00\",\r\n  \"endTime\":
        \"2023-01-09T18:00:25.298273+00:00\",\r\n  \"status\": \"Succeeded\",\r\n
        \ \"properties\": {\r\n    \"output\": {\r\n  \"name\": \"disk000005\",\r\n
        \ \"id\": \"/subscriptions/00000000-0000-0000-0000-000000000000/resourceGroups/clitest.rg000001/providers/Microsoft.Compute/disks/disk000005\",\r\n
        \ \"type\": \"Microsoft.Compute/disks\",\r\n  \"location\": \"centraluseuap\",\r\n
        \ \"tags\": {},\r\n  \"sku\": {\r\n    \"name\": \"Premium_LRS\",\r\n    \"tier\":
        \"Premium\"\r\n  },\r\n  \"properties\": {\r\n    \"osType\": \"Windows\",\r\n
        \   \"hyperVGeneration\": \"V2\",\r\n    \"supportsHibernation\": true,\r\n
        \   \"supportedCapabilities\": {\r\n      \"diskControllerTypes\": \"SCSI,
        NVMe\",\r\n      \"acceleratedNetwork\": true,\r\n      \"architecture\":
        \"x64\"\r\n    },\r\n    \"creationData\": {\r\n      \"createOption\": \"FromImage\",\r\n
        \     \"imageReference\": {\r\n        \"id\": \"/Subscriptions/00000000-0000-0000-0000-000000000000/Providers/Microsoft.Compute/Locations/CentralUSEUAP/Publishers/MicrosoftWindowsServer/ArtifactTypes/VMImage/Offers/WindowsServer/Skus/2022-datacenter-smalldisk-g2/Versions/20348.1366.221207\"\r\n
        \     }\r\n    },\r\n    \"diskSizeGB\": 30,\r\n    \"diskIOPSReadWrite\":
        120,\r\n    \"diskMBpsReadWrite\": 25,\r\n    \"encryption\": {\r\n      \"type\":
        \"EncryptionAtRestWithCustomerKey\",\r\n      \"diskEncryptionSetId\": \"/subscriptions/00000000-0000-0000-0000-000000000000/resourceGroups/CLITEST.RGCDYCF/providers/Microsoft.Compute/diskEncryptionSets/des1-000007\"\r\n
        \   },\r\n    \"networkAccessPolicy\": \"AllowAll\",\r\n    \"securityProfile\":
        {\r\n      \"securityType\": \"ConfidentialVM_VMGuestStateOnlyEncryptedWithPlatformKey\"\r\n
        \   },\r\n    \"publicNetworkAccess\": \"Enabled\",\r\n    \"timeCreated\":
        \"2023-01-09T18:00:17.7962134+00:00\",\r\n    \"provisioningState\": \"Succeeded\",\r\n
        \   \"diskState\": \"Unattached\",\r\n    \"diskSizeBytes\": 32214351872,\r\n
        \   \"uniqueId\": \"2e8c5fca-d478-4b6d-9ac5-26a486910fbc\",\r\n    \"tier\":
        \"P4\"\r\n  }\r\n}\r\n  },\r\n  \"name\": \"5b361ecd-b5d3-4725-b017-a8ac75de235f\"\r\n}"
    headers:
      cache-control:
      - no-cache
      content-length:
      - '1942'
      content-type:
      - application/json; charset=utf-8
      date:
      - Mon, 09 Jan 2023 18:00:29 GMT
      expires:
      - '-1'
      pragma:
      - no-cache
      server:
      - Microsoft-HTTPAPI/2.0
      - Microsoft-HTTPAPI/2.0
      strict-transport-security:
      - max-age=31536000; includeSubDomains
      transfer-encoding:
      - chunked
      vary:
      - Accept-Encoding
      x-content-type-options:
      - nosniff
      x-ms-ratelimit-remaining-resource:
      - Microsoft.Compute/GetOperation3Min;49990,Microsoft.Compute/GetOperation30Min;399949
    status:
      code: 200
      message: OK
- request:
    body: null
    headers:
      Accept:
      - '*/*'
      Accept-Encoding:
      - gzip, deflate
      CommandName:
      - disk create
      Connection:
      - keep-alive
      ParameterSetName:
      - -g -n --image-reference --hyper-v-generation --security-type --disk-encryption-set
      User-Agent:
      - AZURECLI/2.44.0 azsdk-python-azure-mgmt-compute/29.0.0 Python/3.10.8 (Linux-5.15.0-1023-azure-x86_64-with-glibc2.31)
        VSTS_7b238909-6802-4b65-b90d-184bca47f458_build_220_0
    method: GET
    uri: https://management.azure.com/subscriptions/00000000-0000-0000-0000-000000000000/resourceGroups/clitest.rg000001/providers/Microsoft.Compute/disks/disk000005?api-version=2022-07-02
  response:
    body:
      string: "{\r\n  \"name\": \"disk000005\",\r\n  \"id\": \"/subscriptions/00000000-0000-0000-0000-000000000000/resourceGroups/clitest.rg000001/providers/Microsoft.Compute/disks/disk000005\",\r\n
        \ \"type\": \"Microsoft.Compute/disks\",\r\n  \"location\": \"centraluseuap\",\r\n
        \ \"tags\": {},\r\n  \"sku\": {\r\n    \"name\": \"Premium_LRS\",\r\n    \"tier\":
        \"Premium\"\r\n  },\r\n  \"properties\": {\r\n    \"osType\": \"Windows\",\r\n
        \   \"hyperVGeneration\": \"V2\",\r\n    \"supportsHibernation\": true,\r\n
        \   \"supportedCapabilities\": {\r\n      \"diskControllerTypes\": \"SCSI,
        NVMe\",\r\n      \"acceleratedNetwork\": true,\r\n      \"architecture\":
        \"x64\"\r\n    },\r\n    \"creationData\": {\r\n      \"createOption\": \"FromImage\",\r\n
        \     \"imageReference\": {\r\n        \"id\": \"/Subscriptions/00000000-0000-0000-0000-000000000000/Providers/Microsoft.Compute/Locations/CentralUSEUAP/Publishers/MicrosoftWindowsServer/ArtifactTypes/VMImage/Offers/WindowsServer/Skus/2022-datacenter-smalldisk-g2/Versions/20348.1366.221207\"\r\n
        \     }\r\n    },\r\n    \"diskSizeGB\": 30,\r\n    \"diskIOPSReadWrite\":
        120,\r\n    \"diskMBpsReadWrite\": 25,\r\n    \"encryption\": {\r\n      \"type\":
        \"EncryptionAtRestWithCustomerKey\",\r\n      \"diskEncryptionSetId\": \"/subscriptions/00000000-0000-0000-0000-000000000000/resourceGroups/CLITEST.RGCDYCF/providers/Microsoft.Compute/diskEncryptionSets/des1-000007\"\r\n
        \   },\r\n    \"networkAccessPolicy\": \"AllowAll\",\r\n    \"securityProfile\":
        {\r\n      \"securityType\": \"ConfidentialVM_VMGuestStateOnlyEncryptedWithPlatformKey\"\r\n
        \   },\r\n    \"publicNetworkAccess\": \"Enabled\",\r\n    \"timeCreated\":
        \"2023-01-09T18:00:17.7962134+00:00\",\r\n    \"provisioningState\": \"Succeeded\",\r\n
        \   \"diskState\": \"Unattached\",\r\n    \"diskSizeBytes\": 32214351872,\r\n
        \   \"uniqueId\": \"2e8c5fca-d478-4b6d-9ac5-26a486910fbc\",\r\n    \"tier\":
        \"P4\"\r\n  }\r\n}"
    headers:
      cache-control:
      - no-cache
      content-length:
      - '1718'
      content-type:
      - application/json; charset=utf-8
      date:
      - Mon, 09 Jan 2023 18:00:29 GMT
      expires:
      - '-1'
      pragma:
      - no-cache
      server:
      - Microsoft-HTTPAPI/2.0
      - Microsoft-HTTPAPI/2.0
      strict-transport-security:
      - max-age=31536000; includeSubDomains
      transfer-encoding:
      - chunked
      vary:
      - Accept-Encoding
      x-content-type-options:
      - nosniff
      x-ms-ratelimit-remaining-resource:
      - Microsoft.Compute/LowCostGet3Min;14993,Microsoft.Compute/LowCostGet30Min;119984
    status:
      code: 200
      message: OK
- request:
    body: null
    headers:
      Accept:
      - application/json
      Accept-Encoding:
      - gzip, deflate
      CommandName:
      - snapshot create
      Connection:
      - keep-alive
      ParameterSetName:
      - -g -n --source
      User-Agent:
      - AZURECLI/2.44.0 azsdk-python-azure-mgmt-compute/29.0.0 Python/3.10.8 (Linux-5.15.0-1023-azure-x86_64-with-glibc2.31)
        VSTS_7b238909-6802-4b65-b90d-184bca47f458_build_220_0
    method: GET
    uri: https://management.azure.com/subscriptions/00000000-0000-0000-0000-000000000000/resourceGroups/clitest.rg000001/providers/Microsoft.Compute/snapshots/disk000005?api-version=2022-03-02
  response:
    body:
      string: '{"error":{"code":"ResourceNotFound","message":"The Resource ''Microsoft.Compute/snapshots/disk000005''
        under resource group ''clitest.rg000001'' was not found. For more details
        please go to https://aka.ms/ARMResourceNotFoundFix"}}'
    headers:
      cache-control:
      - no-cache
      content-length:
      - '226'
      content-type:
      - application/json; charset=utf-8
      date:
      - Mon, 09 Jan 2023 18:00:30 GMT
      expires:
      - '-1'
      pragma:
      - no-cache
      strict-transport-security:
      - max-age=31536000; includeSubDomains
      x-content-type-options:
      - nosniff
      x-ms-failure-cause:
      - gateway
    status:
      code: 404
      message: Not Found
- request:
    body: null
    headers:
      Accept:
      - application/json
      Accept-Encoding:
      - gzip, deflate
      CommandName:
      - snapshot create
      Connection:
      - keep-alive
      ParameterSetName:
      - -g -n --source
      User-Agent:
      - AZURECLI/2.44.0 azsdk-python-azure-mgmt-compute/29.0.0 Python/3.10.8 (Linux-5.15.0-1023-azure-x86_64-with-glibc2.31)
        VSTS_7b238909-6802-4b65-b90d-184bca47f458_build_220_0
    method: GET
    uri: https://management.azure.com/subscriptions/00000000-0000-0000-0000-000000000000/resourceGroups/clitest.rg000001/providers/Microsoft.Compute/disks/disk000005?api-version=2022-07-02
  response:
    body:
      string: "{\r\n  \"name\": \"disk000005\",\r\n  \"id\": \"/subscriptions/00000000-0000-0000-0000-000000000000/resourceGroups/clitest.rg000001/providers/Microsoft.Compute/disks/disk000005\",\r\n
        \ \"type\": \"Microsoft.Compute/disks\",\r\n  \"location\": \"centraluseuap\",\r\n
        \ \"tags\": {},\r\n  \"sku\": {\r\n    \"name\": \"Premium_LRS\",\r\n    \"tier\":
        \"Premium\"\r\n  },\r\n  \"properties\": {\r\n    \"osType\": \"Windows\",\r\n
        \   \"hyperVGeneration\": \"V2\",\r\n    \"supportsHibernation\": true,\r\n
        \   \"supportedCapabilities\": {\r\n      \"diskControllerTypes\": \"SCSI,
        NVMe\",\r\n      \"acceleratedNetwork\": true,\r\n      \"architecture\":
        \"x64\"\r\n    },\r\n    \"creationData\": {\r\n      \"createOption\": \"FromImage\",\r\n
        \     \"imageReference\": {\r\n        \"id\": \"/Subscriptions/00000000-0000-0000-0000-000000000000/Providers/Microsoft.Compute/Locations/CentralUSEUAP/Publishers/MicrosoftWindowsServer/ArtifactTypes/VMImage/Offers/WindowsServer/Skus/2022-datacenter-smalldisk-g2/Versions/20348.1366.221207\"\r\n
        \     }\r\n    },\r\n    \"diskSizeGB\": 30,\r\n    \"diskIOPSReadWrite\":
        120,\r\n    \"diskMBpsReadWrite\": 25,\r\n    \"encryption\": {\r\n      \"type\":
        \"EncryptionAtRestWithCustomerKey\",\r\n      \"diskEncryptionSetId\": \"/subscriptions/00000000-0000-0000-0000-000000000000/resourceGroups/CLITEST.RGCDYCF/providers/Microsoft.Compute/diskEncryptionSets/des1-000007\"\r\n
        \   },\r\n    \"networkAccessPolicy\": \"AllowAll\",\r\n    \"securityProfile\":
        {\r\n      \"securityType\": \"ConfidentialVM_VMGuestStateOnlyEncryptedWithPlatformKey\"\r\n
        \   },\r\n    \"publicNetworkAccess\": \"Enabled\",\r\n    \"timeCreated\":
        \"2023-01-09T18:00:17.7962134+00:00\",\r\n    \"provisioningState\": \"Succeeded\",\r\n
        \   \"diskState\": \"Unattached\",\r\n    \"diskSizeBytes\": 32214351872,\r\n
        \   \"uniqueId\": \"2e8c5fca-d478-4b6d-9ac5-26a486910fbc\",\r\n    \"tier\":
        \"P4\"\r\n  }\r\n}"
    headers:
      cache-control:
      - no-cache
      content-length:
      - '1718'
      content-type:
      - application/json; charset=utf-8
      date:
      - Mon, 09 Jan 2023 18:00:30 GMT
      expires:
      - '-1'
      pragma:
      - no-cache
      server:
      - Microsoft-HTTPAPI/2.0
      - Microsoft-HTTPAPI/2.0
      strict-transport-security:
      - max-age=31536000; includeSubDomains
      transfer-encoding:
      - chunked
      vary:
      - Accept-Encoding
      x-content-type-options:
      - nosniff
      x-ms-ratelimit-remaining-resource:
      - Microsoft.Compute/LowCostGet3Min;14992,Microsoft.Compute/LowCostGet30Min;119983
    status:
      code: 200
      message: OK
- request:
    body: null
    headers:
      Accept:
      - application/json
      Accept-Encoding:
      - gzip, deflate
      CommandName:
      - snapshot create
      Connection:
      - keep-alive
      ParameterSetName:
      - -g -n --source
      User-Agent:
      - AZURECLI/2.44.0 azsdk-python-azure-mgmt-resource/22.0.0 Python/3.10.8 (Linux-5.15.0-1023-azure-x86_64-with-glibc2.31)
        VSTS_7b238909-6802-4b65-b90d-184bca47f458_build_220_0
    method: GET
    uri: https://management.azure.com/subscriptions/00000000-0000-0000-0000-000000000000/resourcegroups/clitest.rg000001?api-version=2022-09-01
  response:
    body:
      string: '{"id":"/subscriptions/00000000-0000-0000-0000-000000000000/resourceGroups/clitest.rg000001","name":"clitest.rg000001","type":"Microsoft.Resources/resourceGroups","location":"centraluseuap","tags":{"product":"azurecli","cause":"automation","date":"2023-01-09T17:57:38Z"},"properties":{"provisioningState":"Succeeded"}}'
    headers:
      cache-control:
      - no-cache
      content-length:
      - '317'
      content-type:
      - application/json; charset=utf-8
      date:
      - Mon, 09 Jan 2023 18:00:30 GMT
      expires:
      - '-1'
      pragma:
      - no-cache
      strict-transport-security:
      - max-age=31536000; includeSubDomains
      vary:
      - Accept-Encoding
      x-content-type-options:
      - nosniff
    status:
      code: 200
      message: OK
- request:
    body: '{"location": "centraluseuap", "tags": {}, "sku": {"name": "Standard_LRS"},
      "properties": {"hyperVGeneration": "V1", "creationData": {"createOption": "Copy",
      "sourceResourceId": "/subscriptions/00000000-0000-0000-0000-000000000000/resourceGroups/clitest.rg000001/providers/Microsoft.Compute/disks/disk000005"}}}'
    headers:
      Accept:
      - application/json
      Accept-Encoding:
      - gzip, deflate
      CommandName:
      - snapshot create
      Connection:
      - keep-alive
      Content-Length:
      - '310'
      Content-Type:
      - application/json
      ParameterSetName:
      - -g -n --source
      User-Agent:
      - AZURECLI/2.44.0 azsdk-python-azure-mgmt-compute/29.0.0 Python/3.10.8 (Linux-5.15.0-1023-azure-x86_64-with-glibc2.31)
        VSTS_7b238909-6802-4b65-b90d-184bca47f458_build_220_0
    method: PUT
    uri: https://management.azure.com/subscriptions/00000000-0000-0000-0000-000000000000/resourceGroups/clitest.rg000001/providers/Microsoft.Compute/snapshots/snp000006?api-version=2022-03-02
  response:
    body:
      string: "{\r\n  \"id\": \"/subscriptions/00000000-0000-0000-0000-000000000000/resourceGroups/clitest.rg000001/providers/Microsoft.Compute/snapshots/snp000006\",\r\n
        \ \"type\": \"Microsoft.Compute/snapshots\",\r\n  \"location\": \"centraluseuap\",\r\n
        \ \"tags\": {},\r\n  \"sku\": {\r\n    \"name\": \"Standard_LRS\"\r\n  },\r\n
        \ \"properties\": {\r\n    \"hyperVGeneration\": \"V1\",\r\n    \"creationData\":
        {\r\n      \"createOption\": \"Copy\",\r\n      \"sourceResourceId\": \"/subscriptions/00000000-0000-0000-0000-000000000000/resourceGroups/clitest.rg000001/providers/Microsoft.Compute/disks/disk000005\"\r\n
        \   },\r\n    \"provisioningState\": \"Updating\"\r\n  }\r\n}"
    headers:
      azure-asyncoperation:
      - https://management.azure.com/subscriptions/00000000-0000-0000-0000-000000000000/providers/Microsoft.Compute/locations/centraluseuap/DiskOperations/50967e55-7fce-41a3-9094-96917514e0c0?p=157f1a74-df5f-47b0-a815-476d8af3dce4&api-version=2022-03-02
      cache-control:
      - no-cache
      content-length:
      - '595'
      content-type:
      - application/json; charset=utf-8
      date:
      - Mon, 09 Jan 2023 18:00:32 GMT
      expires:
      - '-1'
      location:
      - https://management.azure.com/subscriptions/00000000-0000-0000-0000-000000000000/providers/Microsoft.Compute/locations/centraluseuap/DiskOperations/50967e55-7fce-41a3-9094-96917514e0c0?p=157f1a74-df5f-47b0-a815-476d8af3dce4&monitor=true&api-version=2022-03-02
      pragma:
      - no-cache
      server:
      - Microsoft-HTTPAPI/2.0
      - Microsoft-HTTPAPI/2.0
      strict-transport-security:
      - max-age=31536000; includeSubDomains
      x-content-type-options:
      - nosniff
      x-ms-ratelimit-remaining-resource:
      - Microsoft.Compute/HighCostSnapshotCreateHydrate3Min;999,Microsoft.Compute/HighCostSnapshotCreateHydrate30Min;7997
      x-ms-ratelimit-remaining-subscription-writes:
      - '1199'
    status:
      code: 202
      message: Accepted
- request:
    body: null
    headers:
      Accept:
      - '*/*'
      Accept-Encoding:
      - gzip, deflate
      CommandName:
      - snapshot create
      Connection:
      - keep-alive
      ParameterSetName:
      - -g -n --source
      User-Agent:
      - AZURECLI/2.44.0 azsdk-python-azure-mgmt-compute/29.0.0 Python/3.10.8 (Linux-5.15.0-1023-azure-x86_64-with-glibc2.31)
        VSTS_7b238909-6802-4b65-b90d-184bca47f458_build_220_0
    method: GET
    uri: https://management.azure.com/subscriptions/00000000-0000-0000-0000-000000000000/providers/Microsoft.Compute/locations/centraluseuap/DiskOperations/50967e55-7fce-41a3-9094-96917514e0c0?p=157f1a74-df5f-47b0-a815-476d8af3dce4&api-version=2022-03-02
  response:
    body:
      string: "{\r\n  \"startTime\": \"2023-01-09T18:00:32.3376874+00:00\",\r\n  \"status\":
        \"InProgress\",\r\n  \"name\": \"50967e55-7fce-41a3-9094-96917514e0c0\"\r\n}"
    headers:
      cache-control:
      - no-cache
      content-length:
      - '134'
      content-type:
      - application/json; charset=utf-8
      date:
      - Mon, 09 Jan 2023 18:00:34 GMT
      expires:
      - '-1'
      pragma:
      - no-cache
      server:
      - Microsoft-HTTPAPI/2.0
      - Microsoft-HTTPAPI/2.0
      strict-transport-security:
      - max-age=31536000; includeSubDomains
      transfer-encoding:
      - chunked
      vary:
      - Accept-Encoding
      x-content-type-options:
      - nosniff
      x-ms-ratelimit-remaining-resource:
      - Microsoft.Compute/GetOperation3Min;49989,Microsoft.Compute/GetOperation30Min;399948
    status:
      code: 200
      message: OK
- request:
    body: null
    headers:
      Accept:
      - '*/*'
      Accept-Encoding:
      - gzip, deflate
      CommandName:
      - snapshot create
      Connection:
      - keep-alive
      ParameterSetName:
      - -g -n --source
      User-Agent:
      - AZURECLI/2.44.0 azsdk-python-azure-mgmt-compute/29.0.0 Python/3.10.8 (Linux-5.15.0-1023-azure-x86_64-with-glibc2.31)
        VSTS_7b238909-6802-4b65-b90d-184bca47f458_build_220_0
    method: GET
    uri: https://management.azure.com/subscriptions/00000000-0000-0000-0000-000000000000/providers/Microsoft.Compute/locations/centraluseuap/DiskOperations/50967e55-7fce-41a3-9094-96917514e0c0?p=157f1a74-df5f-47b0-a815-476d8af3dce4&api-version=2022-03-02
  response:
    body:
      string: "{\r\n  \"startTime\": \"2023-01-09T18:00:32.3376874+00:00\",\r\n  \"endTime\":
        \"2023-01-09T18:00:35.2030395+00:00\",\r\n  \"status\": \"Succeeded\",\r\n
        \ \"properties\": {\r\n    \"output\": {\"name\":\"snp000006\",\"id\":\"/subscriptions/00000000-0000-0000-0000-000000000000/resourceGroups/clitest.rg000001/providers/Microsoft.Compute/snapshots/snp000006\",\"type\":\"Microsoft.Compute/snapshots\",\"location\":\"centraluseuap\",\"tags\":{},\"sku\":{\"name\":\"Standard_LRS\",\"tier\":\"Standard\"},\"properties\":{\"osType\":\"Windows\",\"hyperVGeneration\":\"V1\",\"supportsHibernation\":true,\"supportedCapabilities\":{\"diskControllerTypes\":\"SCSI,
        NVMe\",\"acceleratedNetwork\":true,\"architecture\":\"x64\"},\"creationData\":{\"createOption\":\"Copy\",\"sourceResourceId\":\"/subscriptions/00000000-0000-0000-0000-000000000000/resourceGroups/clitest.rg000001/providers/Microsoft.Compute/disks/disk000005\",\"sourceUniqueId\":\"2e8c5fca-d478-4b6d-9ac5-26a486910fbc\"},\"diskSizeGB\":30,\"encryption\":{\"type\":\"EncryptionAtRestWithCustomerKey\",\"diskEncryptionSetId\":\"/subscriptions/00000000-0000-0000-0000-000000000000/resourceGroups/CLITEST.RGCDYCF/providers/Microsoft.Compute/diskEncryptionSets/des1-000007\"},\"incremental\":false,\"networkAccessPolicy\":\"AllowAll\",\"securityProfile\":{\"securityType\":\"ConfidentialVM_VMGuestStateOnlyEncryptedWithPlatformKey\"},\"publicNetworkAccess\":\"Enabled\",\"timeCreated\":\"2023-01-09T18:00:32.4158306+00:00\",\"provisioningState\":\"Succeeded\",\"diskState\":\"Unattached\",\"diskSizeBytes\":32214351872,\"uniqueId\":\"3b34767a-66a7-497d-b480-35a8bf8987b5\"}}\r\n
        \ },\r\n  \"name\": \"50967e55-7fce-41a3-9094-96917514e0c0\"\r\n}"
    headers:
      cache-control:
      - no-cache
      content-length:
      - '1545'
      content-type:
      - application/json; charset=utf-8
      date:
      - Mon, 09 Jan 2023 18:00:44 GMT
      expires:
      - '-1'
      pragma:
      - no-cache
      server:
      - Microsoft-HTTPAPI/2.0
      - Microsoft-HTTPAPI/2.0
      strict-transport-security:
      - max-age=31536000; includeSubDomains
      transfer-encoding:
      - chunked
      vary:
      - Accept-Encoding
      x-content-type-options:
      - nosniff
      x-ms-ratelimit-remaining-resource:
      - Microsoft.Compute/GetOperation3Min;49986,Microsoft.Compute/GetOperation30Min;399945
    status:
      code: 200
      message: OK
- request:
    body: null
    headers:
      Accept:
      - '*/*'
      Accept-Encoding:
      - gzip, deflate
      CommandName:
      - snapshot create
      Connection:
      - keep-alive
      ParameterSetName:
      - -g -n --source
      User-Agent:
      - AZURECLI/2.44.0 azsdk-python-azure-mgmt-compute/29.0.0 Python/3.10.8 (Linux-5.15.0-1023-azure-x86_64-with-glibc2.31)
        VSTS_7b238909-6802-4b65-b90d-184bca47f458_build_220_0
    method: GET
    uri: https://management.azure.com/subscriptions/00000000-0000-0000-0000-000000000000/resourceGroups/clitest.rg000001/providers/Microsoft.Compute/snapshots/snp000006?api-version=2022-03-02
  response:
    body:
      string: "{\r\n  \"name\": \"snp000006\",\r\n  \"id\": \"/subscriptions/00000000-0000-0000-0000-000000000000/resourceGroups/clitest.rg000001/providers/Microsoft.Compute/snapshots/snp000006\",\r\n
        \ \"type\": \"Microsoft.Compute/snapshots\",\r\n  \"location\": \"centraluseuap\",\r\n
        \ \"tags\": {},\r\n  \"sku\": {\r\n    \"name\": \"Standard_LRS\",\r\n    \"tier\":
        \"Standard\"\r\n  },\r\n  \"properties\": {\r\n    \"osType\": \"Windows\",\r\n
        \   \"hyperVGeneration\": \"V1\",\r\n    \"supportsHibernation\": true,\r\n
        \   \"supportedCapabilities\": {\r\n      \"diskControllerTypes\": \"SCSI,
        NVMe\",\r\n      \"acceleratedNetwork\": true,\r\n      \"architecture\":
        \"x64\"\r\n    },\r\n    \"creationData\": {\r\n      \"createOption\": \"Copy\",\r\n
        \     \"sourceResourceId\": \"/subscriptions/00000000-0000-0000-0000-000000000000/resourceGroups/clitest.rg000001/providers/Microsoft.Compute/disks/disk000005\",\r\n
        \     \"sourceUniqueId\": \"2e8c5fca-d478-4b6d-9ac5-26a486910fbc\"\r\n    },\r\n
        \   \"diskSizeGB\": 30,\r\n    \"encryption\": {\r\n      \"type\": \"EncryptionAtRestWithCustomerKey\",\r\n
        \     \"diskEncryptionSetId\": \"/subscriptions/00000000-0000-0000-0000-000000000000/resourceGroups/CLITEST.RGCDYCF/providers/Microsoft.Compute/diskEncryptionSets/des1-000007\"\r\n
        \   },\r\n    \"incremental\": false,\r\n    \"networkAccessPolicy\": \"AllowAll\",\r\n
        \   \"securityProfile\": {\r\n      \"securityType\": \"ConfidentialVM_VMGuestStateOnlyEncryptedWithPlatformKey\"\r\n
        \   },\r\n    \"publicNetworkAccess\": \"Enabled\",\r\n    \"timeCreated\":
        \"2023-01-09T18:00:32.4158306+00:00\",\r\n    \"provisioningState\": \"Succeeded\",\r\n
        \   \"diskState\": \"Unattached\",\r\n    \"diskSizeBytes\": 32214351872,\r\n
        \   \"uniqueId\": \"3b34767a-66a7-497d-b480-35a8bf8987b5\"\r\n  }\r\n}"
    headers:
      cache-control:
      - no-cache
      content-length:
      - '1596'
      content-type:
      - application/json; charset=utf-8
      date:
      - Mon, 09 Jan 2023 18:00:44 GMT
      expires:
      - '-1'
      pragma:
      - no-cache
      server:
      - Microsoft-HTTPAPI/2.0
      - Microsoft-HTTPAPI/2.0
      strict-transport-security:
      - max-age=31536000; includeSubDomains
      transfer-encoding:
      - chunked
      vary:
      - Accept-Encoding
      x-content-type-options:
      - nosniff
      x-ms-ratelimit-remaining-resource:
      - Microsoft.Compute/LowCostGet3Min;14987,Microsoft.Compute/LowCostGet30Min;119978
    status:
      code: 200
      message: OK
- request:
    body: null
    headers:
      Accept:
      - application/json
      Accept-Encoding:
      - gzip, deflate
      CommandName:
      - sig image-version create
      Connection:
      - keep-alive
      ParameterSetName:
      - -g --gallery-name --gallery-image-definition --gallery-image-version --target-regions
        --target-region-encryption --target-region-cvm-encryption --os-snapshot --replica-count
      User-Agent:
      - AZURECLI/2.44.0 azsdk-python-azure-mgmt-resource/22.0.0 Python/3.10.8 (Linux-5.15.0-1023-azure-x86_64-with-glibc2.31)
        VSTS_7b238909-6802-4b65-b90d-184bca47f458_build_220_0
    method: GET
    uri: https://management.azure.com/subscriptions/00000000-0000-0000-0000-000000000000/resourcegroups/clitest.rg000001?api-version=2022-09-01
  response:
    body:
      string: '{"id":"/subscriptions/00000000-0000-0000-0000-000000000000/resourceGroups/clitest.rg000001","name":"clitest.rg000001","type":"Microsoft.Resources/resourceGroups","location":"centraluseuap","tags":{"product":"azurecli","cause":"automation","date":"2023-01-09T17:57:38Z"},"properties":{"provisioningState":"Succeeded"}}'
    headers:
      cache-control:
      - no-cache
      content-length:
      - '317'
      content-type:
      - application/json; charset=utf-8
      date:
      - Mon, 09 Jan 2023 18:00:45 GMT
      expires:
      - '-1'
      pragma:
      - no-cache
      strict-transport-security:
      - max-age=31536000; includeSubDomains
      vary:
      - Accept-Encoding
      x-content-type-options:
      - nosniff
    status:
      code: 200
      message: OK
- request:
    body: '{"location": "centraluseuap", "tags": {}, "properties": {"publishingProfile":
      {"targetRegions": [{"name": "CentralUSEUAP", "regionalReplicaCount": 1, "encryption":
      {"osDiskImage": {"diskEncryptionSetId": "/subscriptions/00000000-0000-0000-0000-000000000000/resourceGroups/clitest.rg000001/providers/Microsoft.Compute/diskEncryptionSets/des1-000007",
      "securityProfile": {"confidentialVMEncryptionType": "EncryptedVMGuestStateOnlyWithPmk"}},
      "dataDiskImages": [{"diskEncryptionSetId": "/subscriptions/00000000-0000-0000-0000-000000000000/resourceGroups/clitest.rg000001/providers/Microsoft.Compute/diskEncryptionSets/des1-000007",
      "lun": 0}]}}], "replicaCount": 1}, "storageProfile": {"osDiskImage": {"source":
      {"id": "/subscriptions/00000000-0000-0000-0000-000000000000/resourceGroups/clitest.rg000001/providers/Microsoft.Compute/snapshots/snp000006"}}}}}'
    headers:
      Accept:
      - application/json
      Accept-Encoding:
      - gzip, deflate
      CommandName:
      - sig image-version create
      Connection:
      - keep-alive
      Content-Length:
      - '854'
      Content-Type:
      - application/json
      ParameterSetName:
      - -g --gallery-name --gallery-image-definition --gallery-image-version --target-regions
        --target-region-encryption --target-region-cvm-encryption --os-snapshot --replica-count
      User-Agent:
      - AZURECLI/2.44.0 azsdk-python-azure-mgmt-compute/29.0.0 Python/3.10.8 (Linux-5.15.0-1023-azure-x86_64-with-glibc2.31)
        VSTS_7b238909-6802-4b65-b90d-184bca47f458_build_220_0
    method: PUT
    uri: https://management.azure.com/subscriptions/00000000-0000-0000-0000-000000000000/resourceGroups/clitest.rg000001/providers/Microsoft.Compute/galleries/gallery_000003/images/image1/versions/1.1.1?api-version=2022-03-03
  response:
    body:
      string: "{\r\n  \"name\": \"1.1.1\",\r\n  \"id\": \"/subscriptions/00000000-0000-0000-0000-000000000000/resourceGroups/clitest.rg000001/providers/Microsoft.Compute/galleries/gallery_000003/images/image1/versions/1.1.1\",\r\n
        \ \"type\": \"Microsoft.Compute/galleries/images/versions\",\r\n  \"location\":
        \"centraluseuap\",\r\n  \"tags\": {},\r\n  \"properties\": {\r\n    \"publishingProfile\":
        {\r\n      \"targetRegions\": [\r\n        {\r\n          \"name\": \"Central
        US EUAP\",\r\n          \"regionalReplicaCount\": 1,\r\n          \"storageAccountType\":
        \"Standard_LRS\",\r\n          \"encryption\": {\r\n            \"osDiskImage\":
        {\r\n              \"securityProfile\": {\r\n                \"confidentialVMEncryptionType\":
        \"EncryptedVMGuestStateOnlyWithPmk\"\r\n              },\r\n              \"diskEncryptionSetId\":
        \"/subscriptions/00000000-0000-0000-0000-000000000000/resourceGroups/clitest.rg000001/providers/Microsoft.Compute/diskEncryptionSets/des1-000007\"\r\n
        \           },\r\n            \"dataDiskImages\": [\r\n              {\r\n
        \               \"lun\": 0,\r\n                \"diskEncryptionSetId\": \"/subscriptions/00000000-0000-0000-0000-000000000000/resourceGroups/clitest.rg000001/providers/Microsoft.Compute/diskEncryptionSets/des1-000007\"\r\n
        \             }\r\n            ]\r\n          }\r\n        }\r\n      ],\r\n
        \     \"replicaCount\": 1,\r\n      \"excludeFromLatest\": false,\r\n      \"publishedDate\":
        \"2023-01-09T18:00:46.6647592+00:00\",\r\n      \"storageAccountType\": \"Standard_LRS\"\r\n
        \   },\r\n    \"storageProfile\": {\r\n      \"osDiskImage\": {\r\n        \"hostCaching\":
        \"ReadWrite\",\r\n        \"source\": {\r\n          \"id\": \"/subscriptions/00000000-0000-0000-0000-000000000000/resourceGroups/clitest.rg000001/providers/Microsoft.Compute/snapshots/snp000006\"\r\n
        \       }\r\n      }\r\n    },\r\n    \"safetyProfile\": {\r\n      \"reportedForPolicyViolation\":
        false,\r\n      \"allowDeletionOfReplicatedLocations\": false\r\n    },\r\n
        \   \"provisioningState\": \"Creating\"\r\n  }\r\n}"
    headers:
      azure-asyncoperation:
      - https://management.azure.com/subscriptions/00000000-0000-0000-0000-000000000000/providers/Microsoft.Compute/locations/CentralUSEUAP/capsOperations/db250334-05de-402e-857c-2827b9173078?api-version=2022-03-03
      cache-control:
      - no-cache
      content-length:
      - '1867'
      content-type:
      - application/json; charset=utf-8
      date:
      - Mon, 09 Jan 2023 18:00:47 GMT
      expires:
      - '-1'
      pragma:
      - no-cache
      server:
      - Microsoft-HTTPAPI/2.0
      - Microsoft-HTTPAPI/2.0
      strict-transport-security:
      - max-age=31536000; includeSubDomains
      x-content-type-options:
      - nosniff
      x-ms-ratelimit-remaining-resource:
      - Microsoft.Compute/CreateUpdateGalleryImageVersion3Min;374,Microsoft.Compute/CreateUpdateGalleryImageVersion30Min;1197
      x-ms-ratelimit-remaining-subscription-writes:
      - '1199'
    status:
      code: 201
      message: Created
- request:
    body: null
    headers:
      Accept:
      - '*/*'
      Accept-Encoding:
      - gzip, deflate
      CommandName:
      - sig image-version create
      Connection:
      - keep-alive
      ParameterSetName:
      - -g --gallery-name --gallery-image-definition --gallery-image-version --target-regions
        --target-region-encryption --target-region-cvm-encryption --os-snapshot --replica-count
      User-Agent:
      - AZURECLI/2.44.0 azsdk-python-azure-mgmt-compute/29.0.0 Python/3.10.8 (Linux-5.15.0-1023-azure-x86_64-with-glibc2.31)
        VSTS_7b238909-6802-4b65-b90d-184bca47f458_build_220_0
    method: GET
    uri: https://management.azure.com/subscriptions/00000000-0000-0000-0000-000000000000/providers/Microsoft.Compute/locations/CentralUSEUAP/capsOperations/db250334-05de-402e-857c-2827b9173078?api-version=2022-03-03
  response:
    body:
      string: "{\r\n  \"startTime\": \"2023-01-09T18:00:46.6647592+00:00\",\r\n  \"status\":
        \"InProgress\",\r\n  \"name\": \"db250334-05de-402e-857c-2827b9173078\"\r\n}"
    headers:
      cache-control:
      - no-cache
      content-length:
      - '134'
      content-type:
      - application/json; charset=utf-8
      date:
      - Mon, 09 Jan 2023 18:01:47 GMT
      expires:
      - '-1'
      pragma:
      - no-cache
      server:
      - Microsoft-HTTPAPI/2.0
      - Microsoft-HTTPAPI/2.0
      strict-transport-security:
      - max-age=31536000; includeSubDomains
      transfer-encoding:
      - chunked
      vary:
      - Accept-Encoding
      x-content-type-options:
      - nosniff
      x-ms-ratelimit-remaining-resource:
      - Microsoft.Compute/GetOperationStatus3Min;1193,Microsoft.Compute/GetOperationStatus30Min;4142
    status:
      code: 200
      message: OK
- request:
    body: null
    headers:
      Accept:
      - '*/*'
      Accept-Encoding:
      - gzip, deflate
      CommandName:
      - sig image-version create
      Connection:
      - keep-alive
      ParameterSetName:
      - -g --gallery-name --gallery-image-definition --gallery-image-version --target-regions
        --target-region-encryption --target-region-cvm-encryption --os-snapshot --replica-count
      User-Agent:
      - AZURECLI/2.44.0 azsdk-python-azure-mgmt-compute/29.0.0 Python/3.10.8 (Linux-5.15.0-1023-azure-x86_64-with-glibc2.31)
        VSTS_7b238909-6802-4b65-b90d-184bca47f458_build_220_0
    method: GET
    uri: https://management.azure.com/subscriptions/00000000-0000-0000-0000-000000000000/providers/Microsoft.Compute/locations/CentralUSEUAP/capsOperations/db250334-05de-402e-857c-2827b9173078?api-version=2022-03-03
  response:
    body:
      string: "{\r\n  \"startTime\": \"2023-01-09T18:00:46.6647592+00:00\",\r\n  \"status\":
        \"InProgress\",\r\n  \"name\": \"db250334-05de-402e-857c-2827b9173078\"\r\n}"
    headers:
      cache-control:
      - no-cache
      content-length:
      - '134'
      content-type:
      - application/json; charset=utf-8
      date:
      - Mon, 09 Jan 2023 18:02:46 GMT
      expires:
      - '-1'
      pragma:
      - no-cache
      server:
      - Microsoft-HTTPAPI/2.0
      - Microsoft-HTTPAPI/2.0
      strict-transport-security:
      - max-age=31536000; includeSubDomains
      transfer-encoding:
      - chunked
      vary:
      - Accept-Encoding
      x-content-type-options:
      - nosniff
      x-ms-ratelimit-remaining-resource:
      - Microsoft.Compute/GetOperationStatus3Min;1193,Microsoft.Compute/GetOperationStatus30Min;4139
    status:
      code: 200
      message: OK
- request:
    body: null
    headers:
      Accept:
      - '*/*'
      Accept-Encoding:
      - gzip, deflate
      CommandName:
      - sig image-version create
      Connection:
      - keep-alive
      ParameterSetName:
      - -g --gallery-name --gallery-image-definition --gallery-image-version --target-regions
        --target-region-encryption --target-region-cvm-encryption --os-snapshot --replica-count
      User-Agent:
      - AZURECLI/2.44.0 azsdk-python-azure-mgmt-compute/29.0.0 Python/3.10.8 (Linux-5.15.0-1023-azure-x86_64-with-glibc2.31)
        VSTS_7b238909-6802-4b65-b90d-184bca47f458_build_220_0
    method: GET
    uri: https://management.azure.com/subscriptions/00000000-0000-0000-0000-000000000000/providers/Microsoft.Compute/locations/CentralUSEUAP/capsOperations/db250334-05de-402e-857c-2827b9173078?api-version=2022-03-03
  response:
    body:
      string: "{\r\n  \"startTime\": \"2023-01-09T18:00:46.6647592+00:00\",\r\n  \"status\":
        \"InProgress\",\r\n  \"name\": \"db250334-05de-402e-857c-2827b9173078\"\r\n}"
    headers:
      cache-control:
      - no-cache
      content-length:
      - '134'
      content-type:
      - application/json; charset=utf-8
      date:
      - Mon, 09 Jan 2023 18:03:47 GMT
      expires:
      - '-1'
      pragma:
      - no-cache
      server:
      - Microsoft-HTTPAPI/2.0
      - Microsoft-HTTPAPI/2.0
      strict-transport-security:
      - max-age=31536000; includeSubDomains
      transfer-encoding:
      - chunked
      vary:
      - Accept-Encoding
      x-content-type-options:
      - nosniff
      x-ms-ratelimit-remaining-resource:
      - Microsoft.Compute/GetOperationStatus3Min;1192,Microsoft.Compute/GetOperationStatus30Min;4137
    status:
      code: 200
      message: OK
- request:
    body: null
    headers:
      Accept:
      - '*/*'
      Accept-Encoding:
      - gzip, deflate
      CommandName:
      - sig image-version create
      Connection:
      - keep-alive
      ParameterSetName:
      - -g --gallery-name --gallery-image-definition --gallery-image-version --target-regions
        --target-region-encryption --target-region-cvm-encryption --os-snapshot --replica-count
      User-Agent:
      - AZURECLI/2.44.0 azsdk-python-azure-mgmt-compute/29.0.0 Python/3.10.8 (Linux-5.15.0-1023-azure-x86_64-with-glibc2.31)
        VSTS_7b238909-6802-4b65-b90d-184bca47f458_build_220_0
    method: GET
    uri: https://management.azure.com/subscriptions/00000000-0000-0000-0000-000000000000/providers/Microsoft.Compute/locations/CentralUSEUAP/capsOperations/db250334-05de-402e-857c-2827b9173078?api-version=2022-03-03
  response:
    body:
      string: "{\r\n  \"startTime\": \"2023-01-09T18:00:46.6647592+00:00\",\r\n  \"status\":
        \"InProgress\",\r\n  \"name\": \"db250334-05de-402e-857c-2827b9173078\"\r\n}"
    headers:
      cache-control:
      - no-cache
      content-length:
      - '134'
      content-type:
      - application/json; charset=utf-8
      date:
      - Mon, 09 Jan 2023 18:04:47 GMT
      expires:
      - '-1'
      pragma:
      - no-cache
      server:
      - Microsoft-HTTPAPI/2.0
      - Microsoft-HTTPAPI/2.0
      strict-transport-security:
      - max-age=31536000; includeSubDomains
      transfer-encoding:
      - chunked
      vary:
      - Accept-Encoding
      x-content-type-options:
      - nosniff
      x-ms-ratelimit-remaining-resource:
      - Microsoft.Compute/GetOperationStatus3Min;1195,Microsoft.Compute/GetOperationStatus30Min;4136
    status:
      code: 200
      message: OK
- request:
    body: null
    headers:
      Accept:
      - '*/*'
      Accept-Encoding:
      - gzip, deflate
      CommandName:
      - sig image-version create
      Connection:
      - keep-alive
      ParameterSetName:
      - -g --gallery-name --gallery-image-definition --gallery-image-version --target-regions
        --target-region-encryption --target-region-cvm-encryption --os-snapshot --replica-count
      User-Agent:
      - AZURECLI/2.44.0 azsdk-python-azure-mgmt-compute/29.0.0 Python/3.10.8 (Linux-5.15.0-1023-azure-x86_64-with-glibc2.31)
        VSTS_7b238909-6802-4b65-b90d-184bca47f458_build_220_0
    method: GET
    uri: https://management.azure.com/subscriptions/00000000-0000-0000-0000-000000000000/providers/Microsoft.Compute/locations/CentralUSEUAP/capsOperations/db250334-05de-402e-857c-2827b9173078?api-version=2022-03-03
  response:
    body:
      string: "{\r\n  \"startTime\": \"2023-01-09T18:00:46.6647592+00:00\",\r\n  \"status\":
        \"InProgress\",\r\n  \"name\": \"db250334-05de-402e-857c-2827b9173078\"\r\n}"
    headers:
      cache-control:
      - no-cache
      content-length:
      - '134'
      content-type:
      - application/json; charset=utf-8
      date:
      - Mon, 09 Jan 2023 18:05:48 GMT
      expires:
      - '-1'
      pragma:
      - no-cache
      server:
      - Microsoft-HTTPAPI/2.0
      - Microsoft-HTTPAPI/2.0
      strict-transport-security:
      - max-age=31536000; includeSubDomains
      transfer-encoding:
      - chunked
      vary:
      - Accept-Encoding
      x-content-type-options:
      - nosniff
      x-ms-ratelimit-remaining-resource:
      - Microsoft.Compute/GetOperationStatus3Min;1195,Microsoft.Compute/GetOperationStatus30Min;4144
    status:
      code: 200
      message: OK
- request:
    body: null
    headers:
      Accept:
      - '*/*'
      Accept-Encoding:
      - gzip, deflate
      CommandName:
      - sig image-version create
      Connection:
      - keep-alive
      ParameterSetName:
      - -g --gallery-name --gallery-image-definition --gallery-image-version --target-regions
        --target-region-encryption --target-region-cvm-encryption --os-snapshot --replica-count
      User-Agent:
      - AZURECLI/2.44.0 azsdk-python-azure-mgmt-compute/29.0.0 Python/3.10.8 (Linux-5.15.0-1023-azure-x86_64-with-glibc2.31)
        VSTS_7b238909-6802-4b65-b90d-184bca47f458_build_220_0
    method: GET
    uri: https://management.azure.com/subscriptions/00000000-0000-0000-0000-000000000000/providers/Microsoft.Compute/locations/CentralUSEUAP/capsOperations/db250334-05de-402e-857c-2827b9173078?api-version=2022-03-03
  response:
    body:
      string: "{\r\n  \"startTime\": \"2023-01-09T18:00:46.6647592+00:00\",\r\n  \"status\":
        \"InProgress\",\r\n  \"name\": \"db250334-05de-402e-857c-2827b9173078\"\r\n}"
    headers:
      cache-control:
      - no-cache
      content-length:
      - '134'
      content-type:
      - application/json; charset=utf-8
      date:
      - Mon, 09 Jan 2023 18:06:48 GMT
      expires:
      - '-1'
      pragma:
      - no-cache
      server:
      - Microsoft-HTTPAPI/2.0
      - Microsoft-HTTPAPI/2.0
      strict-transport-security:
      - max-age=31536000; includeSubDomains
      transfer-encoding:
      - chunked
      vary:
      - Accept-Encoding
      x-content-type-options:
      - nosniff
      x-ms-ratelimit-remaining-resource:
      - Microsoft.Compute/GetOperationStatus3Min;1195,Microsoft.Compute/GetOperationStatus30Min;4142
    status:
      code: 200
      message: OK
- request:
    body: null
    headers:
      Accept:
      - '*/*'
      Accept-Encoding:
      - gzip, deflate
      CommandName:
      - sig image-version create
      Connection:
      - keep-alive
      ParameterSetName:
      - -g --gallery-name --gallery-image-definition --gallery-image-version --target-regions
        --target-region-encryption --target-region-cvm-encryption --os-snapshot --replica-count
      User-Agent:
      - AZURECLI/2.44.0 azsdk-python-azure-mgmt-compute/29.0.0 Python/3.10.8 (Linux-5.15.0-1023-azure-x86_64-with-glibc2.31)
        VSTS_7b238909-6802-4b65-b90d-184bca47f458_build_220_0
    method: GET
    uri: https://management.azure.com/subscriptions/00000000-0000-0000-0000-000000000000/providers/Microsoft.Compute/locations/CentralUSEUAP/capsOperations/db250334-05de-402e-857c-2827b9173078?api-version=2022-03-03
  response:
    body:
      string: "{\r\n  \"startTime\": \"2023-01-09T18:00:46.6647592+00:00\",\r\n  \"status\":
        \"InProgress\",\r\n  \"name\": \"db250334-05de-402e-857c-2827b9173078\"\r\n}"
    headers:
      cache-control:
      - no-cache
      content-length:
      - '134'
      content-type:
      - application/json; charset=utf-8
      date:
      - Mon, 09 Jan 2023 18:07:48 GMT
      expires:
      - '-1'
      pragma:
      - no-cache
      server:
      - Microsoft-HTTPAPI/2.0
      - Microsoft-HTTPAPI/2.0
      strict-transport-security:
      - max-age=31536000; includeSubDomains
      transfer-encoding:
      - chunked
      vary:
      - Accept-Encoding
      x-content-type-options:
      - nosniff
      x-ms-ratelimit-remaining-resource:
      - Microsoft.Compute/GetOperationStatus3Min;1195,Microsoft.Compute/GetOperationStatus30Min;4140
    status:
      code: 200
      message: OK
- request:
    body: null
    headers:
      Accept:
      - '*/*'
      Accept-Encoding:
      - gzip, deflate
      CommandName:
      - sig image-version create
      Connection:
      - keep-alive
      ParameterSetName:
      - -g --gallery-name --gallery-image-definition --gallery-image-version --target-regions
        --target-region-encryption --target-region-cvm-encryption --os-snapshot --replica-count
      User-Agent:
      - AZURECLI/2.44.0 azsdk-python-azure-mgmt-compute/29.0.0 Python/3.10.8 (Linux-5.15.0-1023-azure-x86_64-with-glibc2.31)
        VSTS_7b238909-6802-4b65-b90d-184bca47f458_build_220_0
    method: GET
    uri: https://management.azure.com/subscriptions/00000000-0000-0000-0000-000000000000/providers/Microsoft.Compute/locations/CentralUSEUAP/capsOperations/db250334-05de-402e-857c-2827b9173078?api-version=2022-03-03
  response:
    body:
      string: "{\r\n  \"startTime\": \"2023-01-09T18:00:46.6647592+00:00\",\r\n  \"status\":
        \"InProgress\",\r\n  \"name\": \"db250334-05de-402e-857c-2827b9173078\"\r\n}"
    headers:
      cache-control:
      - no-cache
      content-length:
      - '134'
      content-type:
      - application/json; charset=utf-8
      date:
      - Mon, 09 Jan 2023 18:08:48 GMT
      expires:
      - '-1'
      pragma:
      - no-cache
      server:
      - Microsoft-HTTPAPI/2.0
      - Microsoft-HTTPAPI/2.0
      strict-transport-security:
      - max-age=31536000; includeSubDomains
      transfer-encoding:
      - chunked
      vary:
      - Accept-Encoding
      x-content-type-options:
      - nosniff
      x-ms-ratelimit-remaining-resource:
      - Microsoft.Compute/GetOperationStatus3Min;1195,Microsoft.Compute/GetOperationStatus30Min;4138
    status:
      code: 200
      message: OK
- request:
    body: null
    headers:
      Accept:
      - '*/*'
      Accept-Encoding:
      - gzip, deflate
      CommandName:
      - sig image-version create
      Connection:
      - keep-alive
      ParameterSetName:
      - -g --gallery-name --gallery-image-definition --gallery-image-version --target-regions
        --target-region-encryption --target-region-cvm-encryption --os-snapshot --replica-count
      User-Agent:
      - AZURECLI/2.44.0 azsdk-python-azure-mgmt-compute/29.0.0 Python/3.10.8 (Linux-5.15.0-1023-azure-x86_64-with-glibc2.31)
        VSTS_7b238909-6802-4b65-b90d-184bca47f458_build_220_0
    method: GET
    uri: https://management.azure.com/subscriptions/00000000-0000-0000-0000-000000000000/providers/Microsoft.Compute/locations/CentralUSEUAP/capsOperations/db250334-05de-402e-857c-2827b9173078?api-version=2022-03-03
  response:
    body:
      string: "{\r\n  \"startTime\": \"2023-01-09T18:00:46.6647592+00:00\",\r\n  \"endTime\":
        \"2023-01-09T18:09:25.0749887+00:00\",\r\n  \"status\": \"Succeeded\",\r\n
        \ \"name\": \"db250334-05de-402e-857c-2827b9173078\"\r\n}"
    headers:
      cache-control:
      - no-cache
      content-length:
      - '184'
      content-type:
      - application/json; charset=utf-8
      date:
      - Mon, 09 Jan 2023 18:09:48 GMT
      expires:
      - '-1'
      pragma:
      - no-cache
      server:
      - Microsoft-HTTPAPI/2.0
      - Microsoft-HTTPAPI/2.0
      strict-transport-security:
      - max-age=31536000; includeSubDomains
      transfer-encoding:
      - chunked
      vary:
      - Accept-Encoding
      x-content-type-options:
      - nosniff
      x-ms-ratelimit-remaining-resource:
      - Microsoft.Compute/GetOperationStatus3Min;1195,Microsoft.Compute/GetOperationStatus30Min;4136
    status:
      code: 200
      message: OK
- request:
    body: null
    headers:
      Accept:
      - '*/*'
      Accept-Encoding:
      - gzip, deflate
      CommandName:
      - sig image-version create
      Connection:
      - keep-alive
      ParameterSetName:
      - -g --gallery-name --gallery-image-definition --gallery-image-version --target-regions
        --target-region-encryption --target-region-cvm-encryption --os-snapshot --replica-count
      User-Agent:
      - AZURECLI/2.44.0 azsdk-python-azure-mgmt-compute/29.0.0 Python/3.10.8 (Linux-5.15.0-1023-azure-x86_64-with-glibc2.31)
        VSTS_7b238909-6802-4b65-b90d-184bca47f458_build_220_0
    method: GET
    uri: https://management.azure.com/subscriptions/00000000-0000-0000-0000-000000000000/resourceGroups/clitest.rg000001/providers/Microsoft.Compute/galleries/gallery_000003/images/image1/versions/1.1.1?api-version=2022-03-03
  response:
    body:
      string: "{\r\n  \"name\": \"1.1.1\",\r\n  \"id\": \"/subscriptions/00000000-0000-0000-0000-000000000000/resourceGroups/clitest.rg000001/providers/Microsoft.Compute/galleries/gallery_000003/images/image1/versions/1.1.1\",\r\n
        \ \"type\": \"Microsoft.Compute/galleries/images/versions\",\r\n  \"location\":
        \"centraluseuap\",\r\n  \"tags\": {},\r\n  \"properties\": {\r\n    \"publishingProfile\":
        {\r\n      \"targetRegions\": [\r\n        {\r\n          \"name\": \"Central
        US EUAP\",\r\n          \"regionalReplicaCount\": 1,\r\n          \"storageAccountType\":
        \"Standard_LRS\",\r\n          \"encryption\": {\r\n            \"osDiskImage\":
        {\r\n              \"securityProfile\": {\r\n                \"confidentialVMEncryptionType\":
        \"EncryptedVMGuestStateOnlyWithPmk\"\r\n              },\r\n              \"diskEncryptionSetId\":
        \"/subscriptions/00000000-0000-0000-0000-000000000000/resourceGroups/clitest.rg000001/providers/Microsoft.Compute/diskEncryptionSets/des1-000007\"\r\n
        \           },\r\n            \"dataDiskImages\": [\r\n              {\r\n
        \               \"lun\": 0,\r\n                \"diskEncryptionSetId\": \"/subscriptions/00000000-0000-0000-0000-000000000000/resourceGroups/clitest.rg000001/providers/Microsoft.Compute/diskEncryptionSets/des1-000007\"\r\n
        \             }\r\n            ]\r\n          }\r\n        }\r\n      ],\r\n
        \     \"replicaCount\": 1,\r\n      \"excludeFromLatest\": false,\r\n      \"publishedDate\":
        \"2023-01-09T18:00:46.6647592+00:00\",\r\n      \"storageAccountType\": \"Standard_LRS\"\r\n
        \   },\r\n    \"storageProfile\": {\r\n      \"osDiskImage\": {\r\n        \"sizeInGB\":
        30,\r\n        \"hostCaching\": \"ReadWrite\",\r\n        \"source\": {\r\n
        \         \"id\": \"/subscriptions/00000000-0000-0000-0000-000000000000/resourceGroups/clitest.rg000001/providers/Microsoft.Compute/snapshots/snp000006\"\r\n
        \       }\r\n      }\r\n    },\r\n    \"safetyProfile\": {\r\n      \"reportedForPolicyViolation\":
        false,\r\n      \"allowDeletionOfReplicatedLocations\": false\r\n    },\r\n
        \   \"provisioningState\": \"Succeeded\"\r\n  }\r\n}"
    headers:
      cache-control:
      - no-cache
      content-length:
      - '1893'
      content-type:
      - application/json; charset=utf-8
      date:
      - Mon, 09 Jan 2023 18:09:48 GMT
      expires:
      - '-1'
      pragma:
      - no-cache
      server:
      - Microsoft-HTTPAPI/2.0
      - Microsoft-HTTPAPI/2.0
      strict-transport-security:
      - max-age=31536000; includeSubDomains
      transfer-encoding:
      - chunked
      vary:
      - Accept-Encoding
      x-content-type-options:
      - nosniff
      x-ms-ratelimit-remaining-resource:
      - Microsoft.Compute/GetGalleryImageVersion3Min;1999,Microsoft.Compute/GetGalleryImageVersion30Min;9973
    status:
      code: 200
      message: OK
- request:
    body: null
    headers:
      Accept:
      - application/json
      Accept-Encoding:
      - gzip, deflate
      CommandName:
      - sig image-version delete
      Connection:
      - keep-alive
      Content-Length:
      - '0'
      ParameterSetName:
      - -g --gallery-name --gallery-image-definition --gallery-image-version
      User-Agent:
      - AZURECLI/2.44.0 azsdk-python-azure-mgmt-compute/29.0.0 Python/3.10.8 (Linux-5.15.0-1023-azure-x86_64-with-glibc2.31)
        VSTS_7b238909-6802-4b65-b90d-184bca47f458_build_220_0
    method: DELETE
    uri: https://management.azure.com/subscriptions/00000000-0000-0000-0000-000000000000/resourceGroups/clitest.rg000001/providers/Microsoft.Compute/galleries/gallery_000003/images/image1/versions/1.1.1?api-version=2022-03-03
  response:
    body:
      string: ''
    headers:
      azure-asyncoperation:
      - https://management.azure.com/subscriptions/00000000-0000-0000-0000-000000000000/providers/Microsoft.Compute/locations/CentralUSEUAP/capsOperations/be695395-452e-4116-aa43-b08e7954eb35?api-version=2022-03-03
      cache-control:
      - no-cache
      content-length:
      - '0'
      date:
      - Mon, 09 Jan 2023 18:09:50 GMT
      expires:
      - '-1'
      location:
      - https://management.azure.com/subscriptions/00000000-0000-0000-0000-000000000000/providers/Microsoft.Compute/locations/CentralUSEUAP/capsOperations/be695395-452e-4116-aa43-b08e7954eb35?monitor=true&api-version=2022-03-03
      pragma:
      - no-cache
      server:
      - Microsoft-HTTPAPI/2.0
      - Microsoft-HTTPAPI/2.0
      strict-transport-security:
      - max-age=31536000; includeSubDomains
      x-content-type-options:
      - nosniff
      x-ms-ratelimit-remaining-resource:
      - Microsoft.Compute/DeleteGalleryImageVersion3Min;149,Microsoft.Compute/DeleteGalleryImageVersion30Min;997
      x-ms-ratelimit-remaining-subscription-deletes:
      - '14998'
    status:
      code: 202
      message: Accepted
- request:
    body: null
    headers:
      Accept:
      - '*/*'
      Accept-Encoding:
      - gzip, deflate
      CommandName:
      - sig image-version delete
      Connection:
      - keep-alive
      ParameterSetName:
      - -g --gallery-name --gallery-image-definition --gallery-image-version
      User-Agent:
      - AZURECLI/2.44.0 azsdk-python-azure-mgmt-compute/29.0.0 Python/3.10.8 (Linux-5.15.0-1023-azure-x86_64-with-glibc2.31)
        VSTS_7b238909-6802-4b65-b90d-184bca47f458_build_220_0
    method: GET
    uri: https://management.azure.com/subscriptions/00000000-0000-0000-0000-000000000000/providers/Microsoft.Compute/locations/CentralUSEUAP/capsOperations/be695395-452e-4116-aa43-b08e7954eb35?api-version=2022-03-03
  response:
    body:
      string: "{\r\n  \"startTime\": \"2023-01-09T18:09:50.7938936+00:00\",\r\n  \"status\":
        \"InProgress\",\r\n  \"name\": \"be695395-452e-4116-aa43-b08e7954eb35\"\r\n}"
    headers:
      cache-control:
      - no-cache
      content-length:
      - '134'
      content-type:
      - application/json; charset=utf-8
      date:
      - Mon, 09 Jan 2023 18:10:50 GMT
      expires:
      - '-1'
      pragma:
      - no-cache
      server:
      - Microsoft-HTTPAPI/2.0
      - Microsoft-HTTPAPI/2.0
      strict-transport-security:
      - max-age=31536000; includeSubDomains
      x-content-type-options:
      - nosniff
      x-ms-ratelimit-remaining-resource:
      - Microsoft.Compute/GetOperationStatus3Min;1195,Microsoft.Compute/GetOperationStatus30Min;4148
    status:
      code: 200
      message: OK
- request:
    body: null
    headers:
      Accept:
      - '*/*'
      Accept-Encoding:
      - gzip, deflate
      CommandName:
      - sig image-version delete
      Connection:
      - keep-alive
      ParameterSetName:
      - -g --gallery-name --gallery-image-definition --gallery-image-version
      User-Agent:
      - AZURECLI/2.44.0 azsdk-python-azure-mgmt-compute/29.0.0 Python/3.10.8 (Linux-5.15.0-1023-azure-x86_64-with-glibc2.31)
        VSTS_7b238909-6802-4b65-b90d-184bca47f458_build_220_0
    method: GET
    uri: https://management.azure.com/subscriptions/00000000-0000-0000-0000-000000000000/providers/Microsoft.Compute/locations/CentralUSEUAP/capsOperations/be695395-452e-4116-aa43-b08e7954eb35?api-version=2022-03-03
  response:
    body:
      string: "{\r\n  \"startTime\": \"2023-01-09T18:09:50.7938936+00:00\",\r\n  \"endTime\":
        \"2023-01-09T18:11:20.9668578+00:00\",\r\n  \"status\": \"Succeeded\",\r\n
        \ \"name\": \"be695395-452e-4116-aa43-b08e7954eb35\"\r\n}"
    headers:
      cache-control:
      - no-cache
      content-length:
      - '184'
      content-type:
      - application/json; charset=utf-8
      date:
      - Mon, 09 Jan 2023 18:11:51 GMT
      expires:
      - '-1'
      pragma:
      - no-cache
      server:
      - Microsoft-HTTPAPI/2.0
      - Microsoft-HTTPAPI/2.0
      strict-transport-security:
      - max-age=31536000; includeSubDomains
      x-content-type-options:
      - nosniff
      x-ms-ratelimit-remaining-resource:
      - Microsoft.Compute/GetOperationStatus3Min;1195,Microsoft.Compute/GetOperationStatus30Min;4146
    status:
      code: 200
      message: OK
- request:
    body: null
    headers:
      Accept:
      - application/json
      Accept-Encoding:
      - gzip, deflate
      CommandName:
      - sig image-definition delete
      Connection:
      - keep-alive
      Content-Length:
      - '0'
      ParameterSetName:
      - -g --gallery-name --gallery-image-definition
      User-Agent:
      - AZURECLI/2.44.0 azsdk-python-azure-mgmt-compute/29.0.0 Python/3.10.8 (Linux-5.15.0-1023-azure-x86_64-with-glibc2.31)
        VSTS_7b238909-6802-4b65-b90d-184bca47f458_build_220_0
    method: DELETE
    uri: https://management.azure.com/subscriptions/00000000-0000-0000-0000-000000000000/resourceGroups/clitest.rg000001/providers/Microsoft.Compute/galleries/gallery_000003/images/image1?api-version=2021-10-01
  response:
    body:
      string: ''
    headers:
      azure-asyncoperation:
      - https://management.azure.com/subscriptions/00000000-0000-0000-0000-000000000000/providers/Microsoft.Compute/locations/CentralUSEUAP/capsOperations/7cc69812-035f-4d8d-ba63-41366d6f7209?api-version=2021-10-01
      cache-control:
      - no-cache
      content-length:
      - '0'
      date:
      - Mon, 09 Jan 2023 18:12:52 GMT
      expires:
      - '-1'
      location:
      - https://management.azure.com/subscriptions/00000000-0000-0000-0000-000000000000/providers/Microsoft.Compute/locations/CentralUSEUAP/capsOperations/7cc69812-035f-4d8d-ba63-41366d6f7209?monitor=true&api-version=2021-10-01
      pragma:
      - no-cache
      server:
      - Microsoft-HTTPAPI/2.0
      - Microsoft-HTTPAPI/2.0
      strict-transport-security:
      - max-age=31536000; includeSubDomains
      x-content-type-options:
      - nosniff
      x-ms-ratelimit-remaining-resource:
      - Microsoft.Compute/DeleteGalleryImage3Min;49,Microsoft.Compute/DeleteGalleryImage30Min;297
      x-ms-ratelimit-remaining-subscription-deletes:
      - '14999'
    status:
      code: 202
      message: Accepted
- request:
    body: null
    headers:
      Accept:
      - '*/*'
      Accept-Encoding:
      - gzip, deflate
      CommandName:
      - sig image-definition delete
      Connection:
      - keep-alive
      ParameterSetName:
      - -g --gallery-name --gallery-image-definition
      User-Agent:
      - AZURECLI/2.44.0 azsdk-python-azure-mgmt-compute/29.0.0 Python/3.10.8 (Linux-5.15.0-1023-azure-x86_64-with-glibc2.31)
        VSTS_7b238909-6802-4b65-b90d-184bca47f458_build_220_0
    method: GET
    uri: https://management.azure.com/subscriptions/00000000-0000-0000-0000-000000000000/providers/Microsoft.Compute/locations/CentralUSEUAP/capsOperations/7cc69812-035f-4d8d-ba63-41366d6f7209?api-version=2021-10-01
  response:
    body:
      string: "{\r\n  \"startTime\": \"2023-01-09T18:12:52.6090432+00:00\",\r\n  \"endTime\":
        \"2023-01-09T18:12:52.7330951+00:00\",\r\n  \"status\": \"Succeeded\",\r\n
        \ \"name\": \"7cc69812-035f-4d8d-ba63-41366d6f7209\"\r\n}"
    headers:
      cache-control:
      - no-cache
      content-length:
      - '184'
      content-type:
      - application/json; charset=utf-8
      date:
      - Mon, 09 Jan 2023 18:13:21 GMT
      expires:
      - '-1'
      pragma:
      - no-cache
      server:
      - Microsoft-HTTPAPI/2.0
      - Microsoft-HTTPAPI/2.0
      strict-transport-security:
      - max-age=31536000; includeSubDomains
      transfer-encoding:
      - chunked
      vary:
      - Accept-Encoding
      x-content-type-options:
      - nosniff
      x-ms-ratelimit-remaining-resource:
      - Microsoft.Compute/GetOperationStatus3Min;1194,Microsoft.Compute/GetOperationStatus30Min;4143
    status:
      code: 200
      message: OK
- request:
    body: null
    headers:
      Accept:
      - application/json
      Accept-Encoding:
      - gzip, deflate
      CommandName:
      - sig delete
      Connection:
      - keep-alive
      Content-Length:
      - '0'
      ParameterSetName:
      - -g --gallery-name
      User-Agent:
      - AZURECLI/2.44.0 azsdk-python-azure-mgmt-compute/29.0.0 Python/3.10.8 (Linux-5.15.0-1023-azure-x86_64-with-glibc2.31)
        VSTS_7b238909-6802-4b65-b90d-184bca47f458_build_220_0
    method: DELETE
    uri: https://management.azure.com/subscriptions/00000000-0000-0000-0000-000000000000/resourceGroups/clitest.rg000001/providers/Microsoft.Compute/galleries/gallery_000003?api-version=2021-10-01
  response:
    body:
      string: ''
    headers:
      azure-asyncoperation:
      - https://management.azure.com/subscriptions/00000000-0000-0000-0000-000000000000/providers/Microsoft.Compute/locations/CentralUSEUAP/capsOperations/27cabb93-a73a-4373-a2f7-8a929b0309b4?api-version=2021-10-01
      cache-control:
      - no-cache
      content-length:
      - '0'
      date:
      - Mon, 09 Jan 2023 18:13:23 GMT
      expires:
      - '-1'
      location:
      - https://management.azure.com/subscriptions/00000000-0000-0000-0000-000000000000/providers/Microsoft.Compute/locations/CentralUSEUAP/capsOperations/27cabb93-a73a-4373-a2f7-8a929b0309b4?monitor=true&api-version=2021-10-01
      pragma:
      - no-cache
      server:
      - Microsoft-HTTPAPI/2.0
      - Microsoft-HTTPAPI/2.0
      strict-transport-security:
      - max-age=31536000; includeSubDomains
      x-content-type-options:
      - nosniff
      x-ms-ratelimit-remaining-resource:
      - Microsoft.Compute/DeleteGallery3Min;49,Microsoft.Compute/DeleteGallery30Min;297
      x-ms-ratelimit-remaining-subscription-deletes:
      - '14999'
    status:
      code: 202
      message: Accepted
- request:
    body: null
    headers:
      Accept:
      - '*/*'
      Accept-Encoding:
      - gzip, deflate
      CommandName:
      - sig delete
      Connection:
      - keep-alive
      ParameterSetName:
      - -g --gallery-name
      User-Agent:
      - AZURECLI/2.44.0 azsdk-python-azure-mgmt-compute/29.0.0 Python/3.10.8 (Linux-5.15.0-1023-azure-x86_64-with-glibc2.31)
        VSTS_7b238909-6802-4b65-b90d-184bca47f458_build_220_0
    method: GET
    uri: https://management.azure.com/subscriptions/00000000-0000-0000-0000-000000000000/providers/Microsoft.Compute/locations/CentralUSEUAP/capsOperations/27cabb93-a73a-4373-a2f7-8a929b0309b4?api-version=2021-10-01
  response:
    body:
      string: "{\r\n  \"startTime\": \"2023-01-09T18:13:24.1239306+00:00\",\r\n  \"endTime\":
        \"2023-01-09T18:13:24.2177094+00:00\",\r\n  \"status\": \"Succeeded\",\r\n
        \ \"name\": \"27cabb93-a73a-4373-a2f7-8a929b0309b4\"\r\n}"
    headers:
      cache-control:
      - no-cache
      content-length:
      - '184'
      content-type:
      - application/json; charset=utf-8
      date:
      - Mon, 09 Jan 2023 18:13:53 GMT
      expires:
      - '-1'
      pragma:
      - no-cache
      server:
      - Microsoft-HTTPAPI/2.0
      - Microsoft-HTTPAPI/2.0
      strict-transport-security:
      - max-age=31536000; includeSubDomains
      transfer-encoding:
      - chunked
      vary:
      - Accept-Encoding
      x-content-type-options:
      - nosniff
      x-ms-ratelimit-remaining-resource:
      - Microsoft.Compute/GetOperationStatus3Min;1194,Microsoft.Compute/GetOperationStatus30Min;4141
    status:
      code: 200
      message: OK
version: 1
