interactions:
- request:
    body: null
    headers:
      Accept:
      - application/json
      Accept-Encoding:
      - gzip, deflate
      CommandName:
      - vm create
      Connection:
      - keep-alive
      ParameterSetName:
      - -g -n --image --data-disk-sizes-gb --admin-username --generate-ssh-keys --nsg-rule
      User-Agent:
      - AZURECLI/2.45.0 azsdk-python-azure-mgmt-resource/22.0.0 Python/3.10.9 (Linux-5.15.0-1031-azure-x86_64-with-glibc2.31)
        VSTS_7b238909-6802-4b65-b90d-184bca47f458_build_220_0
    method: GET
    uri: https://management.azure.com/subscriptions/00000000-0000-0000-0000-000000000000/resourcegroups/clitest.rg000001?api-version=2022-09-01
  response:
    body:
      string: '{"id":"/subscriptions/00000000-0000-0000-0000-000000000000/resourceGroups/clitest.rg000001","name":"clitest.rg000001","type":"Microsoft.Resources/resourceGroups","location":"westus","tags":{"product":"azurecli","cause":"automation","date":"2023-02-07T20:50:32Z"},"properties":{"provisioningState":"Succeeded"}}'
    headers:
      cache-control:
      - no-cache
      content-length:
      - '310'
      content-type:
      - application/json; charset=utf-8
      date:
      - Tue, 07 Feb 2023 20:50:33 GMT
      expires:
      - '-1'
      pragma:
      - no-cache
      strict-transport-security:
      - max-age=31536000; includeSubDomains
      vary:
      - Accept-Encoding
      x-content-type-options:
      - nosniff
    status:
      code: 200
      message: OK
- request:
    body: null
    headers:
      Accept:
      - '*/*'
      Accept-Encoding:
      - gzip, deflate
      Connection:
      - keep-alive
      User-Agent:
      - python-requests/2.26.0
    method: GET
    uri: https://raw.githubusercontent.com/Azure/azure-rest-api-specs/main/arm-compute/quickstart-templates/aliases.json
  response:
    body:
      string: "{\n  \"$schema\": \"http://schema.management.azure.com/schemas/2015-01-01/deploymentTemplate.json\",\n
        \ \"contentVersion\": \"1.0.0.0\",\n  \"parameters\": {},\n  \"variables\":
        {},\n  \"resources\": [],\n  \"outputs\": {\n    \"aliases\": {\n      \"type\":
        \"object\",\n      \"value\": {\n        \"Linux\": {\n          \"CentOS\":
        {\n            \"publisher\": \"OpenLogic\",\n            \"offer\": \"CentOS\",\n
        \           \"sku\": \"7.5\",\n            \"version\": \"latest\",\n            \"architecture\":
        \"x64\"\n          },\n          \"Debian\": {\n            \"publisher\":
        \"Debian\",\n            \"offer\": \"debian-10\",\n            \"sku\": \"10\",\n
        \           \"version\": \"latest\",\n            \"architecture\": \"x64\"\n
        \         },\n          \"Flatcar\": {\n            \"publisher\": \"kinvolk\",\n
        \           \"offer\": \"flatcar-container-linux-free\",\n            \"sku\":
        \"stable\",\n            \"version\": \"latest\",\n            \"architecture\":
        \"x64\"\n          },\n          \"openSUSE-Leap\": {\n            \"publisher\":
        \"SUSE\",\n            \"offer\": \"opensuse-leap-15-3\",\n            \"sku\":
        \"gen2\",\n            \"version\": \"latest\",\n            \"architecture\":
        \"x64\"\n          },\n          \"RHEL\": {\n            \"publisher\": \"RedHat\",\n
        \           \"offer\": \"RHEL\",\n            \"sku\": \"7-LVM\",\n            \"version\":
        \"latest\",\n            \"architecture\": \"x64\"\n          },\n          \"SLES\":
        {\n            \"publisher\": \"SUSE\",\n            \"offer\": \"sles-15-sp3\",\n
        \           \"sku\": \"gen2\",\n            \"version\": \"latest\",\n            \"architecture\":
        \"x64\"\n          },\n          \"UbuntuLTS\": {\n            \"publisher\":
        \"Canonical\",\n            \"offer\": \"UbuntuServer\",\n            \"sku\":
        \"18.04-LTS\",\n            \"version\": \"latest\",\n            \"architecture\":
        \"x64\"\n          }\n        },\n        \"Windows\": {\n          \"Win2022Datacenter\":
        {\n            \"publisher\": \"MicrosoftWindowsServer\",\n            \"offer\":
        \"WindowsServer\",\n            \"sku\": \"2022-Datacenter\",\n            \"version\":
        \"latest\",\n            \"architecture\": \"x64\"\n          },\n          \"Win2022AzureEditionCore\":
        {\n            \"publisher\": \"MicrosoftWindowsServer\",\n            \"offer\":
        \"WindowsServer\",\n            \"sku\": \"2022-datacenter-azure-edition-core\",\n
        \           \"version\": \"latest\",\n            \"architecture\": \"x64\"\n
        \         },\n          \"Win2019Datacenter\": {\n            \"publisher\":
        \"MicrosoftWindowsServer\",\n            \"offer\": \"WindowsServer\",\n            \"sku\":
        \"2019-Datacenter\",\n            \"version\": \"latest\",\n            \"architecture\":
        \"x64\"\n          },\n          \"Win2016Datacenter\": {\n            \"publisher\":
        \"MicrosoftWindowsServer\",\n            \"offer\": \"WindowsServer\",\n            \"sku\":
        \"2016-Datacenter\",\n            \"version\": \"latest\",\n            \"architecture\":
        \"x64\"\n          },\n          \"Win2012R2Datacenter\": {\n            \"publisher\":
        \"MicrosoftWindowsServer\",\n            \"offer\": \"WindowsServer\",\n            \"sku\":
        \"2012-R2-Datacenter\",\n            \"version\": \"latest\",\n            \"architecture\":
        \"x64\"\n          },\n          \"Win2012Datacenter\": {\n            \"publisher\":
        \"MicrosoftWindowsServer\",\n            \"offer\": \"WindowsServer\",\n            \"sku\":
        \"2012-Datacenter\",\n            \"version\": \"latest\",\n            \"architecture\":
        \"x64\"\n          },\n          \"Win2008R2SP1\": {\n            \"publisher\":
        \"MicrosoftWindowsServer\",\n            \"offer\": \"WindowsServer\",\n            \"sku\":
        \"2008-R2-SP1\",\n            \"version\": \"latest\",\n            \"architecture\":
        \"x64\"\n          }\n        }\n      }\n    }\n  }\n}"
    headers:
      accept-ranges:
      - bytes
      access-control-allow-origin:
      - '*'
      cache-control:
      - max-age=300
      connection:
      - keep-alive
      content-length:
      - '3463'
      content-security-policy:
      - default-src 'none'; style-src 'unsafe-inline'; sandbox
      content-type:
      - text/plain; charset=utf-8
      date:
      - Tue, 07 Feb 2023 20:50:34 GMT
      etag:
      - W/"41b202f4dc5098d126019dc00721a4c5e30df0c5196794514fadc3710ee2a5cb"
      expires:
      - Tue, 07 Feb 2023 20:55:34 GMT
      source-age:
      - '5052'
      strict-transport-security:
      - max-age=31536000
      vary:
      - Authorization,Accept-Encoding,Origin
      via:
      - 1.1 varnish
      x-cache:
      - HIT
      x-cache-hits:
      - '1'
      x-content-type-options:
      - nosniff
      x-fastly-request-id:
      - 37d86dbb3959005470c4c63b76cebfb1a50978b5
      x-frame-options:
      - deny
      x-github-request-id:
      - F582:5927:7F3E6:1658E1:63E25FD2
      x-served-by:
      - cache-iad-kiad7000123-IAD
      x-timer:
      - S1675803034.208921,VS0,VE6
      x-xss-protection:
      - 1; mode=block
    status:
      code: 200
      message: OK
- request:
    body: null
    headers:
      Accept:
      - application/json
      Accept-Encoding:
      - gzip, deflate
      CommandName:
      - vm create
      Connection:
      - keep-alive
      ParameterSetName:
      - -g -n --image --data-disk-sizes-gb --admin-username --generate-ssh-keys --nsg-rule
      User-Agent:
      - AZURECLI/2.45.0 azsdk-python-azure-mgmt-compute/29.1.0 Python/3.10.9 (Linux-5.15.0-1031-azure-x86_64-with-glibc2.31)
        VSTS_7b238909-6802-4b65-b90d-184bca47f458_build_220_0
    method: GET
    uri: https://management.azure.com/subscriptions/00000000-0000-0000-0000-000000000000/providers/Microsoft.Compute/locations/westus/publishers/Debian/artifacttypes/vmimage/offers/debian-10/skus/10/versions?$top=1&$orderby=name%20desc&api-version=2022-11-01
  response:
    body:
      string: "[\r\n  {\r\n    \"location\": \"westus\",\r\n    \"name\": \"0.20221224.1239\",\r\n
        \   \"id\": \"/Subscriptions/00000000-0000-0000-0000-000000000000/Providers/Microsoft.Compute/Locations/westus/Publishers/Debian/ArtifactTypes/VMImage/Offers/debian-10/Skus/10/Versions/0.20221224.1239\"\r\n
        \ }\r\n]"
    headers:
      cache-control:
      - no-cache
      content-length:
      - '273'
      content-type:
      - application/json; charset=utf-8
      date:
      - Tue, 07 Feb 2023 20:50:34 GMT
      expires:
      - '-1'
      pragma:
      - no-cache
      server:
      - Microsoft-HTTPAPI/2.0
      - Microsoft-HTTPAPI/2.0
      strict-transport-security:
      - max-age=31536000; includeSubDomains
      transfer-encoding:
      - chunked
      vary:
      - Accept-Encoding
      x-content-type-options:
      - nosniff
      x-ms-ratelimit-remaining-resource:
      - Microsoft.Compute/ListVMImagesVersionsFromLocation3Min;15999,Microsoft.Compute/ListVMImagesVersionsFromLocation30Min;43999
    status:
      code: 200
      message: OK
- request:
    body: null
    headers:
      Accept:
      - application/json
      Accept-Encoding:
      - gzip, deflate
      CommandName:
      - vm create
      Connection:
      - keep-alive
      ParameterSetName:
      - -g -n --image --data-disk-sizes-gb --admin-username --generate-ssh-keys --nsg-rule
      User-Agent:
      - AZURECLI/2.45.0 azsdk-python-azure-mgmt-compute/29.1.0 Python/3.10.9 (Linux-5.15.0-1031-azure-x86_64-with-glibc2.31)
        VSTS_7b238909-6802-4b65-b90d-184bca47f458_build_220_0
    method: GET
    uri: https://management.azure.com/subscriptions/00000000-0000-0000-0000-000000000000/providers/Microsoft.Compute/locations/westus/publishers/Debian/artifacttypes/vmimage/offers/debian-10/skus/10/versions/0.20221224.1239?api-version=2022-11-01
  response:
    body:
      string: "{\r\n  \"properties\": {\r\n    \"hyperVGeneration\": \"V1\",\r\n    \"architecture\":
        \"x64\",\r\n    \"replicaType\": \"Unmanaged\",\r\n    \"disallowed\": {\r\n
        \     \"vmDiskType\": \"None\"\r\n    },\r\n    \"automaticOSUpgradeProperties\":
        {\r\n      \"automaticOSUpgradeSupported\": false\r\n    },\r\n    \"imageDeprecationStatus\":
        {\r\n      \"imageState\": \"Active\"\r\n    },\r\n    \"features\": [\r\n
        \     {\r\n        \"name\": \"IsAcceleratedNetworkSupported\",\r\n        \"value\":
        \"True\"\r\n      },\r\n      {\r\n        \"name\": \"DiskControllerTypes\",\r\n
        \       \"value\": \"SCSI\"\r\n      },\r\n      {\r\n        \"name\": \"IsHibernateSupported\",\r\n
        \       \"value\": \"False\"\r\n      }\r\n    ],\r\n    \"osDiskImage\":
        {\r\n      \"operatingSystem\": \"Linux\",\r\n      \"sizeInGb\": 30,\r\n
        \     \"sizeInBytes\": 32212255232\r\n    },\r\n    \"dataDiskImages\": []\r\n
        \ },\r\n  \"location\": \"westus\",\r\n  \"name\": \"0.20221224.1239\",\r\n
        \ \"id\": \"/Subscriptions/00000000-0000-0000-0000-000000000000/Providers/Microsoft.Compute/Locations/westus/Publishers/Debian/ArtifactTypes/VMImage/Offers/debian-10/Skus/10/Versions/0.20221224.1239\"\r\n}"
    headers:
      cache-control:
      - no-cache
      content-length:
      - '1031'
      content-type:
      - application/json; charset=utf-8
      date:
      - Tue, 07 Feb 2023 20:50:34 GMT
      expires:
      - '-1'
      pragma:
      - no-cache
      server:
      - Microsoft-HTTPAPI/2.0
      - Microsoft-HTTPAPI/2.0
      strict-transport-security:
      - max-age=31536000; includeSubDomains
      transfer-encoding:
      - chunked
      vary:
      - Accept-Encoding
      x-content-type-options:
      - nosniff
      x-ms-ratelimit-remaining-resource:
      - Microsoft.Compute/GetVMImageFromLocation3Min;12999,Microsoft.Compute/GetVMImageFromLocation30Min;73999
    status:
      code: 200
      message: OK
- request:
    body: null
    headers:
      Accept:
      - application/json
      Accept-Encoding:
      - gzip, deflate
      CommandName:
      - vm create
      Connection:
      - keep-alive
      ParameterSetName:
      - -g -n --image --data-disk-sizes-gb --admin-username --generate-ssh-keys --nsg-rule
      User-Agent:
      - AZURECLI/2.45.0 azsdk-python-azure-mgmt-network/21.0.1 Python/3.10.9 (Linux-5.15.0-1031-azure-x86_64-with-glibc2.31)
        VSTS_7b238909-6802-4b65-b90d-184bca47f458_build_220_0
    method: GET
    uri: https://management.azure.com/subscriptions/00000000-0000-0000-0000-000000000000/resourceGroups/clitest.rg000001/providers/Microsoft.Network/virtualNetworks?api-version=2022-01-01
  response:
    body:
      string: '{"value":[]}'
    headers:
      cache-control:
      - no-cache
      content-length:
      - '12'
      content-type:
      - application/json; charset=utf-8
      date:
      - Tue, 07 Feb 2023 20:50:34 GMT
      expires:
      - '-1'
      pragma:
      - no-cache
      strict-transport-security:
      - max-age=31536000; includeSubDomains
      vary:
      - Accept-Encoding
      x-content-type-options:
      - nosniff
    status:
      code: 200
      message: OK
- request:
    body: null
    headers:
      Accept:
      - '*/*'
      Accept-Encoding:
      - gzip, deflate
      Connection:
      - keep-alive
      User-Agent:
      - python-requests/2.26.0
    method: GET
    uri: https://raw.githubusercontent.com/Azure/azure-rest-api-specs/main/arm-compute/quickstart-templates/aliases.json
  response:
    body:
      string: "{\n  \"$schema\": \"http://schema.management.azure.com/schemas/2015-01-01/deploymentTemplate.json\",\n
        \ \"contentVersion\": \"1.0.0.0\",\n  \"parameters\": {},\n  \"variables\":
        {},\n  \"resources\": [],\n  \"outputs\": {\n    \"aliases\": {\n      \"type\":
        \"object\",\n      \"value\": {\n        \"Linux\": {\n          \"CentOS\":
        {\n            \"publisher\": \"OpenLogic\",\n            \"offer\": \"CentOS\",\n
        \           \"sku\": \"7.5\",\n            \"version\": \"latest\",\n            \"architecture\":
        \"x64\"\n          },\n          \"Debian\": {\n            \"publisher\":
        \"Debian\",\n            \"offer\": \"debian-10\",\n            \"sku\": \"10\",\n
        \           \"version\": \"latest\",\n            \"architecture\": \"x64\"\n
        \         },\n          \"Flatcar\": {\n            \"publisher\": \"kinvolk\",\n
        \           \"offer\": \"flatcar-container-linux-free\",\n            \"sku\":
        \"stable\",\n            \"version\": \"latest\",\n            \"architecture\":
        \"x64\"\n          },\n          \"openSUSE-Leap\": {\n            \"publisher\":
        \"SUSE\",\n            \"offer\": \"opensuse-leap-15-3\",\n            \"sku\":
        \"gen2\",\n            \"version\": \"latest\",\n            \"architecture\":
        \"x64\"\n          },\n          \"RHEL\": {\n            \"publisher\": \"RedHat\",\n
        \           \"offer\": \"RHEL\",\n            \"sku\": \"7-LVM\",\n            \"version\":
        \"latest\",\n            \"architecture\": \"x64\"\n          },\n          \"SLES\":
        {\n            \"publisher\": \"SUSE\",\n            \"offer\": \"sles-15-sp3\",\n
        \           \"sku\": \"gen2\",\n            \"version\": \"latest\",\n            \"architecture\":
        \"x64\"\n          },\n          \"UbuntuLTS\": {\n            \"publisher\":
        \"Canonical\",\n            \"offer\": \"UbuntuServer\",\n            \"sku\":
        \"18.04-LTS\",\n            \"version\": \"latest\",\n            \"architecture\":
        \"x64\"\n          }\n        },\n        \"Windows\": {\n          \"Win2022Datacenter\":
        {\n            \"publisher\": \"MicrosoftWindowsServer\",\n            \"offer\":
        \"WindowsServer\",\n            \"sku\": \"2022-Datacenter\",\n            \"version\":
        \"latest\",\n            \"architecture\": \"x64\"\n          },\n          \"Win2022AzureEditionCore\":
        {\n            \"publisher\": \"MicrosoftWindowsServer\",\n            \"offer\":
        \"WindowsServer\",\n            \"sku\": \"2022-datacenter-azure-edition-core\",\n
        \           \"version\": \"latest\",\n            \"architecture\": \"x64\"\n
        \         },\n          \"Win2019Datacenter\": {\n            \"publisher\":
        \"MicrosoftWindowsServer\",\n            \"offer\": \"WindowsServer\",\n            \"sku\":
        \"2019-Datacenter\",\n            \"version\": \"latest\",\n            \"architecture\":
        \"x64\"\n          },\n          \"Win2016Datacenter\": {\n            \"publisher\":
        \"MicrosoftWindowsServer\",\n            \"offer\": \"WindowsServer\",\n            \"sku\":
        \"2016-Datacenter\",\n            \"version\": \"latest\",\n            \"architecture\":
        \"x64\"\n          },\n          \"Win2012R2Datacenter\": {\n            \"publisher\":
        \"MicrosoftWindowsServer\",\n            \"offer\": \"WindowsServer\",\n            \"sku\":
        \"2012-R2-Datacenter\",\n            \"version\": \"latest\",\n            \"architecture\":
        \"x64\"\n          },\n          \"Win2012Datacenter\": {\n            \"publisher\":
        \"MicrosoftWindowsServer\",\n            \"offer\": \"WindowsServer\",\n            \"sku\":
        \"2012-Datacenter\",\n            \"version\": \"latest\",\n            \"architecture\":
        \"x64\"\n          },\n          \"Win2008R2SP1\": {\n            \"publisher\":
        \"MicrosoftWindowsServer\",\n            \"offer\": \"WindowsServer\",\n            \"sku\":
        \"2008-R2-SP1\",\n            \"version\": \"latest\",\n            \"architecture\":
        \"x64\"\n          }\n        }\n      }\n    }\n  }\n}"
    headers:
      accept-ranges:
      - bytes
      access-control-allow-origin:
      - '*'
      cache-control:
      - max-age=300
      connection:
      - keep-alive
      content-length:
      - '3463'
      content-security-policy:
      - default-src 'none'; style-src 'unsafe-inline'; sandbox
      content-type:
      - text/plain; charset=utf-8
      date:
      - Tue, 07 Feb 2023 20:50:35 GMT
      etag:
      - W/"41b202f4dc5098d126019dc00721a4c5e30df0c5196794514fadc3710ee2a5cb"
      expires:
      - Tue, 07 Feb 2023 20:55:35 GMT
      source-age:
      - '5053'
      strict-transport-security:
      - max-age=31536000
      vary:
      - Authorization,Accept-Encoding,Origin
      via:
      - 1.1 varnish
      x-cache:
      - HIT
      x-cache-hits:
      - '1'
      x-content-type-options:
      - nosniff
      x-fastly-request-id:
      - f88cc2400a0234f09b94727e4c55b384a6198111
      x-frame-options:
      - deny
      x-github-request-id:
      - F582:5927:7F3E6:1658E1:63E25FD2
      x-served-by:
      - cache-iad-kiad7000095-IAD
      x-timer:
      - S1675803035.272049,VS0,VE1
      x-xss-protection:
      - 1; mode=block
    status:
      code: 200
      message: OK
- request:
    body: null
    headers:
      Accept:
      - application/json
      Accept-Encoding:
      - gzip, deflate
      CommandName:
      - vm create
      Connection:
      - keep-alive
      ParameterSetName:
      - -g -n --image --data-disk-sizes-gb --admin-username --generate-ssh-keys --nsg-rule
      User-Agent:
      - AZURECLI/2.45.0 azsdk-python-azure-mgmt-compute/29.1.0 Python/3.10.9 (Linux-5.15.0-1031-azure-x86_64-with-glibc2.31)
        VSTS_7b238909-6802-4b65-b90d-184bca47f458_build_220_0
    method: GET
    uri: https://management.azure.com/subscriptions/00000000-0000-0000-0000-000000000000/providers/Microsoft.Compute/locations/westus/publishers/Debian/artifacttypes/vmimage/offers/debian-10/skus/10/versions?$top=1&$orderby=name%20desc&api-version=2022-11-01
  response:
    body:
      string: "[\r\n  {\r\n    \"location\": \"westus\",\r\n    \"name\": \"0.20221224.1239\",\r\n
        \   \"id\": \"/Subscriptions/00000000-0000-0000-0000-000000000000/Providers/Microsoft.Compute/Locations/westus/Publishers/Debian/ArtifactTypes/VMImage/Offers/debian-10/Skus/10/Versions/0.20221224.1239\"\r\n
        \ }\r\n]"
    headers:
      cache-control:
      - no-cache
      content-length:
      - '273'
      content-type:
      - application/json; charset=utf-8
      date:
      - Tue, 07 Feb 2023 20:50:34 GMT
      expires:
      - '-1'
      pragma:
      - no-cache
      server:
      - Microsoft-HTTPAPI/2.0
      - Microsoft-HTTPAPI/2.0
      strict-transport-security:
      - max-age=31536000; includeSubDomains
      transfer-encoding:
      - chunked
      vary:
      - Accept-Encoding
      x-content-type-options:
      - nosniff
      x-ms-ratelimit-remaining-resource:
      - Microsoft.Compute/ListVMImagesVersionsFromLocation3Min;15998,Microsoft.Compute/ListVMImagesVersionsFromLocation30Min;43998
    status:
      code: 200
      message: OK
- request:
    body: null
    headers:
      Accept:
      - application/json
      Accept-Encoding:
      - gzip, deflate
      CommandName:
      - vm create
      Connection:
      - keep-alive
      ParameterSetName:
      - -g -n --image --data-disk-sizes-gb --admin-username --generate-ssh-keys --nsg-rule
      User-Agent:
      - AZURECLI/2.45.0 azsdk-python-azure-mgmt-compute/29.1.0 Python/3.10.9 (Linux-5.15.0-1031-azure-x86_64-with-glibc2.31)
        VSTS_7b238909-6802-4b65-b90d-184bca47f458_build_220_0
    method: GET
    uri: https://management.azure.com/subscriptions/00000000-0000-0000-0000-000000000000/providers/Microsoft.Compute/locations/westus/publishers/Debian/artifacttypes/vmimage/offers/debian-10/skus/10/versions/0.20221224.1239?api-version=2022-11-01
  response:
    body:
      string: "{\r\n  \"properties\": {\r\n    \"hyperVGeneration\": \"V1\",\r\n    \"architecture\":
        \"x64\",\r\n    \"replicaType\": \"Unmanaged\",\r\n    \"disallowed\": {\r\n
        \     \"vmDiskType\": \"None\"\r\n    },\r\n    \"automaticOSUpgradeProperties\":
        {\r\n      \"automaticOSUpgradeSupported\": false\r\n    },\r\n    \"imageDeprecationStatus\":
        {\r\n      \"imageState\": \"Active\"\r\n    },\r\n    \"features\": [\r\n
        \     {\r\n        \"name\": \"IsAcceleratedNetworkSupported\",\r\n        \"value\":
        \"True\"\r\n      },\r\n      {\r\n        \"name\": \"DiskControllerTypes\",\r\n
        \       \"value\": \"SCSI\"\r\n      },\r\n      {\r\n        \"name\": \"IsHibernateSupported\",\r\n
        \       \"value\": \"False\"\r\n      }\r\n    ],\r\n    \"osDiskImage\":
        {\r\n      \"operatingSystem\": \"Linux\",\r\n      \"sizeInGb\": 30,\r\n
        \     \"sizeInBytes\": 32212255232\r\n    },\r\n    \"dataDiskImages\": []\r\n
        \ },\r\n  \"location\": \"westus\",\r\n  \"name\": \"0.20221224.1239\",\r\n
        \ \"id\": \"/Subscriptions/00000000-0000-0000-0000-000000000000/Providers/Microsoft.Compute/Locations/westus/Publishers/Debian/ArtifactTypes/VMImage/Offers/debian-10/Skus/10/Versions/0.20221224.1239\"\r\n}"
    headers:
      cache-control:
      - no-cache
      content-length:
      - '1031'
      content-type:
      - application/json; charset=utf-8
      date:
      - Tue, 07 Feb 2023 20:50:35 GMT
      expires:
      - '-1'
      pragma:
      - no-cache
      server:
      - Microsoft-HTTPAPI/2.0
      - Microsoft-HTTPAPI/2.0
      strict-transport-security:
      - max-age=31536000; includeSubDomains
      x-content-type-options:
      - nosniff
      x-ms-ratelimit-remaining-resource:
      - Microsoft.Compute/GetVMImageFromLocation3Min;12998,Microsoft.Compute/GetVMImageFromLocation30Min;73998
    status:
      code: 200
      message: OK
- request:
    body: null
    headers:
      Accept:
      - application/json
      Accept-Encoding:
      - gzip, deflate
      CommandName:
      - vm create
      Connection:
      - keep-alive
      ParameterSetName:
      - -g -n --image --data-disk-sizes-gb --admin-username --generate-ssh-keys --nsg-rule
      User-Agent:
      - AZURECLI/2.45.0 azsdk-python-azure-mgmt-compute/29.1.0 Python/3.10.9 (Linux-5.15.0-1031-azure-x86_64-with-glibc2.31)
        VSTS_7b238909-6802-4b65-b90d-184bca47f458_build_220_0
    method: GET
    uri: https://management.azure.com/subscriptions/00000000-0000-0000-0000-000000000000/providers/Microsoft.Compute/locations/westus/publishers/Debian/artifacttypes/vmimage/offers/debian-10/skus/10/versions?$top=1&$orderby=name%20desc&api-version=2022-11-01
  response:
    body:
      string: "[\r\n  {\r\n    \"location\": \"westus\",\r\n    \"name\": \"0.20221224.1239\",\r\n
        \   \"id\": \"/Subscriptions/00000000-0000-0000-0000-000000000000/Providers/Microsoft.Compute/Locations/westus/Publishers/Debian/ArtifactTypes/VMImage/Offers/debian-10/Skus/10/Versions/0.20221224.1239\"\r\n
        \ }\r\n]"
    headers:
      cache-control:
      - no-cache
      content-length:
      - '273'
      content-type:
      - application/json; charset=utf-8
      date:
      - Tue, 07 Feb 2023 20:50:35 GMT
      expires:
      - '-1'
      pragma:
      - no-cache
      server:
      - Microsoft-HTTPAPI/2.0
      - Microsoft-HTTPAPI/2.0
      strict-transport-security:
      - max-age=31536000; includeSubDomains
      transfer-encoding:
      - chunked
      vary:
      - Accept-Encoding
      x-content-type-options:
      - nosniff
      x-ms-ratelimit-remaining-resource:
      - Microsoft.Compute/ListVMImagesVersionsFromLocation3Min;15997,Microsoft.Compute/ListVMImagesVersionsFromLocation30Min;43997
    status:
      code: 200
      message: OK
- request:
    body: null
    headers:
      Accept:
      - application/json
      Accept-Encoding:
      - gzip, deflate
      CommandName:
      - vm create
      Connection:
      - keep-alive
      ParameterSetName:
      - -g -n --image --data-disk-sizes-gb --admin-username --generate-ssh-keys --nsg-rule
      User-Agent:
      - AZURECLI/2.45.0 azsdk-python-azure-mgmt-compute/29.1.0 Python/3.10.9 (Linux-5.15.0-1031-azure-x86_64-with-glibc2.31)
        VSTS_7b238909-6802-4b65-b90d-184bca47f458_build_220_0
    method: GET
    uri: https://management.azure.com/subscriptions/00000000-0000-0000-0000-000000000000/providers/Microsoft.Compute/locations/westus/publishers/Debian/artifacttypes/vmimage/offers/debian-10/skus/10/versions/0.20221224.1239?api-version=2022-11-01
  response:
    body:
      string: "{\r\n  \"properties\": {\r\n    \"hyperVGeneration\": \"V1\",\r\n    \"architecture\":
        \"x64\",\r\n    \"replicaType\": \"Unmanaged\",\r\n    \"disallowed\": {\r\n
        \     \"vmDiskType\": \"None\"\r\n    },\r\n    \"automaticOSUpgradeProperties\":
        {\r\n      \"automaticOSUpgradeSupported\": false\r\n    },\r\n    \"imageDeprecationStatus\":
        {\r\n      \"imageState\": \"Active\"\r\n    },\r\n    \"features\": [\r\n
        \     {\r\n        \"name\": \"IsAcceleratedNetworkSupported\",\r\n        \"value\":
        \"True\"\r\n      },\r\n      {\r\n        \"name\": \"DiskControllerTypes\",\r\n
        \       \"value\": \"SCSI\"\r\n      },\r\n      {\r\n        \"name\": \"IsHibernateSupported\",\r\n
        \       \"value\": \"False\"\r\n      }\r\n    ],\r\n    \"osDiskImage\":
        {\r\n      \"operatingSystem\": \"Linux\",\r\n      \"sizeInGb\": 30,\r\n
        \     \"sizeInBytes\": 32212255232\r\n    },\r\n    \"dataDiskImages\": []\r\n
        \ },\r\n  \"location\": \"westus\",\r\n  \"name\": \"0.20221224.1239\",\r\n
        \ \"id\": \"/Subscriptions/00000000-0000-0000-0000-000000000000/Providers/Microsoft.Compute/Locations/westus/Publishers/Debian/ArtifactTypes/VMImage/Offers/debian-10/Skus/10/Versions/0.20221224.1239\"\r\n}"
    headers:
      cache-control:
      - no-cache
      content-length:
      - '1031'
      content-type:
      - application/json; charset=utf-8
      date:
      - Tue, 07 Feb 2023 20:50:47 GMT
      expires:
      - '-1'
      pragma:
      - no-cache
      server:
      - Microsoft-HTTPAPI/2.0
      - Microsoft-HTTPAPI/2.0
      strict-transport-security:
      - max-age=31536000; includeSubDomains
      x-content-type-options:
      - nosniff
      x-ms-ratelimit-remaining-resource:
      - Microsoft.Compute/GetVMImageFromLocation3Min;12997,Microsoft.Compute/GetVMImageFromLocation30Min;73997
    status:
      code: 200
      message: OK
- request:
    body: '{"properties": {"template": {"$schema": "https://schema.management.azure.com/schemas/2015-01-01/deploymentTemplate.json#",
      "contentVersion": "1.0.0.0", "parameters": {}, "variables": {}, "resources":
      [{"name": "vm1VNET", "type": "Microsoft.Network/virtualNetworks", "location":
      "westus", "apiVersion": "2015-06-15", "dependsOn": [], "tags": {}, "properties":
      {"addressSpace": {"addressPrefixes": ["10.0.0.0/16"]}, "subnets": [{"name":
      "vm1Subnet", "properties": {"addressPrefix": "10.0.0.0/24"}}]}}, {"type": "Microsoft.Network/networkSecurityGroups",
      "name": "vm1NSG", "apiVersion": "2015-06-15", "location": "westus", "tags":
      {}, "dependsOn": []}, {"apiVersion": "2022-01-01", "type": "Microsoft.Network/publicIPAddresses",
      "name": "vm1PublicIP", "location": "westus", "tags": {}, "dependsOn": [], "properties":
      {"publicIPAllocationMethod": null}}, {"apiVersion": "2015-06-15", "type": "Microsoft.Network/networkInterfaces",
      "name": "vm1VMNic", "location": "westus", "tags": {}, "dependsOn": ["Microsoft.Network/virtualNetworks/vm1VNET",
      "Microsoft.Network/networkSecurityGroups/vm1NSG", "Microsoft.Network/publicIpAddresses/vm1PublicIP"],
      "properties": {"ipConfigurations": [{"name": "ipconfigvm1", "properties": {"privateIPAllocationMethod":
      "Dynamic", "subnet": {"id": "/subscriptions/00000000-0000-0000-0000-000000000000/resourceGroups/clitest.rg000001/providers/Microsoft.Network/virtualNetworks/vm1VNET/subnets/vm1Subnet"},
      "publicIPAddress": {"id": "/subscriptions/00000000-0000-0000-0000-000000000000/resourceGroups/clitest.rg000001/providers/Microsoft.Network/publicIPAddresses/vm1PublicIP"}}}],
      "networkSecurityGroup": {"id": "/subscriptions/00000000-0000-0000-0000-000000000000/resourceGroups/clitest.rg000001/providers/Microsoft.Network/networkSecurityGroups/vm1NSG"}}},
      {"apiVersion": "2022-11-01", "type": "Microsoft.Compute/virtualMachines", "name":
      "vm1", "location": "westus", "tags": {}, "dependsOn": ["Microsoft.Network/networkInterfaces/vm1VMNic"],
      "properties": {"hardwareProfile": {"vmSize": "Standard_DS1_v2"}, "networkProfile":
      {"networkInterfaces": [{"id": "/subscriptions/00000000-0000-0000-0000-000000000000/resourceGroups/clitest.rg000001/providers/Microsoft.Network/networkInterfaces/vm1VMNic",
      "properties": {"deleteOption": null}}]}, "storageProfile": {"osDisk": {"createOption":
      "fromImage", "name": null, "caching": "ReadWrite", "managedDisk": {"storageAccountType":
      null}}, "imageReference": {"publisher": "Debian", "offer": "debian-10", "sku":
      "10", "version": "latest"}, "dataDisks": [{"lun": 0, "managedDisk": {"storageAccountType":
      null}, "createOption": "empty", "diskSizeGB": 1}, {"lun": 1, "managedDisk":
      {"storageAccountType": null}, "createOption": "empty", "diskSizeGB": 2}]}, "osProfile":
      {"computerName": "vm1", "adminUsername": "cligenerics", "linuxConfiguration":
      {"disablePasswordAuthentication": true, "ssh": {"publicKeys": [{"keyData": "ssh-rsa
      AAAAB3NzaC1yc2EAAAADAQABAAABAQC4XoWCh+y4HlRI5f574eGdF1ml+AmTESxbubZRE6qEY8AcwG9itQTaFSau7aiLDn4OinfyFxBgyMOUVHhaF0fNJGYC6HLH6ixi1VVE/uqbUsI5vE9M8bvZLefTh8aXd4bVZWDp+wBxguqBnrPmCAuQrS62jMlotLV0gEz4J9ng+tnpA9bu619gbw++HUHMTLGAAXlbPs79JS9WiCujOQASoUHzS0VnzLbfIetJilfw5dgOZrRiGbeYmxWbbF7O9oZ+vswAQxKv5LRe/if7WobGodnl1+f30JiEEZHSrLVvjmc4JVVEWJoHFmYEpbWzCRm6is0GpqJwkS5iLt4P3+uz",
      "path": "/home/cligenerics/.ssh/authorized_keys"}]}}}}}], "outputs": {}}, "parameters":
      {}, "mode": "incremental"}}'
    headers:
      Accept:
      - application/json
      Accept-Encoding:
      - gzip, deflate
      CommandName:
      - vm create
      Connection:
      - keep-alive
      Content-Length:
      - '3388'
      Content-Type:
      - application/json
      ParameterSetName:
      - -g -n --image --data-disk-sizes-gb --admin-username --generate-ssh-keys --nsg-rule
      User-Agent:
      - AZURECLI/2.45.0 azsdk-python-azure-mgmt-resource/22.0.0 Python/3.10.9 (Linux-5.15.0-1031-azure-x86_64-with-glibc2.31)
        VSTS_7b238909-6802-4b65-b90d-184bca47f458_build_220_0
    method: PUT
    uri: https://management.azure.com/subscriptions/00000000-0000-0000-0000-000000000000/resourcegroups/clitest.rg000001/providers/Microsoft.Resources/deployments/mock-deployment?api-version=2022-09-01
  response:
    body:
      string: '{"id":"/subscriptions/00000000-0000-0000-0000-000000000000/resourceGroups/clitest.rg000001/providers/Microsoft.Resources/deployments/vm_deploy_zSYjFiOcgYuPNhRZYpg9YUJb2vnnVZrB","name":"vm_deploy_zSYjFiOcgYuPNhRZYpg9YUJb2vnnVZrB","type":"Microsoft.Resources/deployments","properties":{"templateHash":"9228800298395669456","parameters":{},"mode":"Incremental","provisioningState":"Accepted","timestamp":"2023-02-07T20:50:50.5967771Z","duration":"PT0.0008484S","correlationId":"e0525fc7-0996-4f1a-a730-ed6ce20768b7","providers":[{"namespace":"Microsoft.Network","resourceTypes":[{"resourceType":"virtualNetworks","locations":["westus"]},{"resourceType":"networkSecurityGroups","locations":["westus"]},{"resourceType":"publicIPAddresses","locations":["westus"]},{"resourceType":"networkInterfaces","locations":["westus"]}]},{"namespace":"Microsoft.Compute","resourceTypes":[{"resourceType":"virtualMachines","locations":["westus"]}]}],"dependencies":[{"dependsOn":[{"id":"/subscriptions/00000000-0000-0000-0000-000000000000/resourceGroups/clitest.rg000001/providers/Microsoft.Network/virtualNetworks/vm1VNET","resourceType":"Microsoft.Network/virtualNetworks","resourceName":"vm1VNET"},{"id":"/subscriptions/00000000-0000-0000-0000-000000000000/resourceGroups/clitest.rg000001/providers/Microsoft.Network/networkSecurityGroups/vm1NSG","resourceType":"Microsoft.Network/networkSecurityGroups","resourceName":"vm1NSG"},{"id":"/subscriptions/00000000-0000-0000-0000-000000000000/resourceGroups/clitest.rg000001/providers/Microsoft.Network/publicIPAddresses/vm1PublicIP","resourceType":"Microsoft.Network/publicIPAddresses","resourceName":"vm1PublicIP"}],"id":"/subscriptions/00000000-0000-0000-0000-000000000000/resourceGroups/clitest.rg000001/providers/Microsoft.Network/networkInterfaces/vm1VMNic","resourceType":"Microsoft.Network/networkInterfaces","resourceName":"vm1VMNic"},{"dependsOn":[{"id":"/subscriptions/00000000-0000-0000-0000-000000000000/resourceGroups/clitest.rg000001/providers/Microsoft.Network/networkInterfaces/vm1VMNic","resourceType":"Microsoft.Network/networkInterfaces","resourceName":"vm1VMNic"}],"id":"/subscriptions/00000000-0000-0000-0000-000000000000/resourceGroups/clitest.rg000001/providers/Microsoft.Compute/virtualMachines/vm1","resourceType":"Microsoft.Compute/virtualMachines","resourceName":"vm1"}]}}'
    headers:
      azure-asyncoperation:
      - https://management.azure.com/subscriptions/00000000-0000-0000-0000-000000000000/resourcegroups/clitest.rg000001/providers/Microsoft.Resources/deployments/vm_deploy_zSYjFiOcgYuPNhRZYpg9YUJb2vnnVZrB/operationStatuses/08585258038362234683?api-version=2022-09-01
      cache-control:
      - no-cache
      content-length:
      - '2329'
      content-type:
      - application/json; charset=utf-8
      date:
      - Tue, 07 Feb 2023 20:50:50 GMT
      expires:
      - '-1'
      pragma:
      - no-cache
      strict-transport-security:
      - max-age=31536000; includeSubDomains
      x-content-type-options:
      - nosniff
      x-ms-ratelimit-remaining-subscription-writes:
      - '1199'
    status:
      code: 201
      message: Created
- request:
    body: null
    headers:
      Accept:
      - '*/*'
      Accept-Encoding:
      - gzip, deflate
      CommandName:
      - vm create
      Connection:
      - keep-alive
      ParameterSetName:
      - -g -n --image --data-disk-sizes-gb --admin-username --generate-ssh-keys --nsg-rule
      User-Agent:
      - AZURECLI/2.45.0 azsdk-python-azure-mgmt-resource/22.0.0 Python/3.10.9 (Linux-5.15.0-1031-azure-x86_64-with-glibc2.31)
        VSTS_7b238909-6802-4b65-b90d-184bca47f458_build_220_0
    method: GET
    uri: https://management.azure.com/subscriptions/00000000-0000-0000-0000-000000000000/resourcegroups/clitest.rg000001/providers/Microsoft.Resources/deployments/mock-deployment/operationStatuses/08585258038362234683?api-version=2022-09-01
  response:
    body:
      string: '{"status":"Succeeded"}'
    headers:
      cache-control:
      - no-cache
      content-length:
      - '22'
      content-type:
      - application/json; charset=utf-8
      date:
      - Tue, 07 Feb 2023 20:51:20 GMT
      expires:
      - '-1'
      pragma:
      - no-cache
      strict-transport-security:
      - max-age=31536000; includeSubDomains
      vary:
      - Accept-Encoding
      x-content-type-options:
      - nosniff
    status:
      code: 200
      message: OK
- request:
    body: null
    headers:
      Accept:
      - '*/*'
      Accept-Encoding:
      - gzip, deflate
      CommandName:
      - vm create
      Connection:
      - keep-alive
      ParameterSetName:
      - -g -n --image --data-disk-sizes-gb --admin-username --generate-ssh-keys --nsg-rule
      User-Agent:
      - AZURECLI/2.45.0 azsdk-python-azure-mgmt-resource/22.0.0 Python/3.10.9 (Linux-5.15.0-1031-azure-x86_64-with-glibc2.31)
        VSTS_7b238909-6802-4b65-b90d-184bca47f458_build_220_0
    method: GET
    uri: https://management.azure.com/subscriptions/00000000-0000-0000-0000-000000000000/resourcegroups/clitest.rg000001/providers/Microsoft.Resources/deployments/mock-deployment?api-version=2022-09-01
  response:
    body:
      string: '{"id":"/subscriptions/00000000-0000-0000-0000-000000000000/resourceGroups/clitest.rg000001/providers/Microsoft.Resources/deployments/vm_deploy_zSYjFiOcgYuPNhRZYpg9YUJb2vnnVZrB","name":"vm_deploy_zSYjFiOcgYuPNhRZYpg9YUJb2vnnVZrB","type":"Microsoft.Resources/deployments","properties":{"templateHash":"9228800298395669456","parameters":{},"mode":"Incremental","provisioningState":"Succeeded","timestamp":"2023-02-07T20:51:18.1753549Z","duration":"PT27.5794262S","correlationId":"e0525fc7-0996-4f1a-a730-ed6ce20768b7","providers":[{"namespace":"Microsoft.Network","resourceTypes":[{"resourceType":"virtualNetworks","locations":["westus"]},{"resourceType":"networkSecurityGroups","locations":["westus"]},{"resourceType":"publicIPAddresses","locations":["westus"]},{"resourceType":"networkInterfaces","locations":["westus"]}]},{"namespace":"Microsoft.Compute","resourceTypes":[{"resourceType":"virtualMachines","locations":["westus"]}]}],"dependencies":[{"dependsOn":[{"id":"/subscriptions/00000000-0000-0000-0000-000000000000/resourceGroups/clitest.rg000001/providers/Microsoft.Network/virtualNetworks/vm1VNET","resourceType":"Microsoft.Network/virtualNetworks","resourceName":"vm1VNET"},{"id":"/subscriptions/00000000-0000-0000-0000-000000000000/resourceGroups/clitest.rg000001/providers/Microsoft.Network/networkSecurityGroups/vm1NSG","resourceType":"Microsoft.Network/networkSecurityGroups","resourceName":"vm1NSG"},{"id":"/subscriptions/00000000-0000-0000-0000-000000000000/resourceGroups/clitest.rg000001/providers/Microsoft.Network/publicIPAddresses/vm1PublicIP","resourceType":"Microsoft.Network/publicIPAddresses","resourceName":"vm1PublicIP"}],"id":"/subscriptions/00000000-0000-0000-0000-000000000000/resourceGroups/clitest.rg000001/providers/Microsoft.Network/networkInterfaces/vm1VMNic","resourceType":"Microsoft.Network/networkInterfaces","resourceName":"vm1VMNic"},{"dependsOn":[{"id":"/subscriptions/00000000-0000-0000-0000-000000000000/resourceGroups/clitest.rg000001/providers/Microsoft.Network/networkInterfaces/vm1VMNic","resourceType":"Microsoft.Network/networkInterfaces","resourceName":"vm1VMNic"}],"id":"/subscriptions/00000000-0000-0000-0000-000000000000/resourceGroups/clitest.rg000001/providers/Microsoft.Compute/virtualMachines/vm1","resourceType":"Microsoft.Compute/virtualMachines","resourceName":"vm1"}],"outputs":{},"outputResources":[{"id":"/subscriptions/00000000-0000-0000-0000-000000000000/resourceGroups/clitest.rg000001/providers/Microsoft.Compute/virtualMachines/vm1"},{"id":"/subscriptions/00000000-0000-0000-0000-000000000000/resourceGroups/clitest.rg000001/providers/Microsoft.Network/networkInterfaces/vm1VMNic"},{"id":"/subscriptions/00000000-0000-0000-0000-000000000000/resourceGroups/clitest.rg000001/providers/Microsoft.Network/networkSecurityGroups/vm1NSG"},{"id":"/subscriptions/00000000-0000-0000-0000-000000000000/resourceGroups/clitest.rg000001/providers/Microsoft.Network/publicIPAddresses/vm1PublicIP"},{"id":"/subscriptions/00000000-0000-0000-0000-000000000000/resourceGroups/clitest.rg000001/providers/Microsoft.Network/virtualNetworks/vm1VNET"}]}}'
    headers:
      cache-control:
      - no-cache
      content-length:
      - '3099'
      content-type:
      - application/json; charset=utf-8
      date:
      - Tue, 07 Feb 2023 20:51:21 GMT
      expires:
      - '-1'
      pragma:
      - no-cache
      strict-transport-security:
      - max-age=31536000; includeSubDomains
      vary:
      - Accept-Encoding
      x-content-type-options:
      - nosniff
    status:
      code: 200
      message: OK
- request:
    body: null
    headers:
      Accept:
      - application/json
      Accept-Encoding:
      - gzip, deflate
      CommandName:
      - vm create
      Connection:
      - keep-alive
      ParameterSetName:
      - -g -n --image --data-disk-sizes-gb --admin-username --generate-ssh-keys --nsg-rule
      User-Agent:
      - AZURECLI/2.45.0 azsdk-python-azure-mgmt-compute/29.1.0 Python/3.10.9 (Linux-5.15.0-1031-azure-x86_64-with-glibc2.31)
        VSTS_7b238909-6802-4b65-b90d-184bca47f458_build_220_0
    method: GET
    uri: https://management.azure.com/subscriptions/00000000-0000-0000-0000-000000000000/resourceGroups/clitest.rg000001/providers/Microsoft.Compute/virtualMachines/vm1?$expand=instanceView&api-version=2022-11-01
  response:
    body:
      string: "{\r\n  \"name\": \"vm1\",\r\n  \"id\": \"/subscriptions/00000000-0000-0000-0000-000000000000/resourceGroups/clitest.rg000001/providers/Microsoft.Compute/virtualMachines/vm1\",\r\n
        \ \"type\": \"Microsoft.Compute/virtualMachines\",\r\n  \"location\": \"westus\",\r\n
        \ \"tags\": {},\r\n  \"properties\": {\r\n    \"vmId\": \"f09a86b4-a6c1-475b-8cf0-ae7b3780f20d\",\r\n
        \   \"hardwareProfile\": {\r\n      \"vmSize\": \"Standard_DS1_v2\"\r\n    },\r\n
        \   \"storageProfile\": {\r\n      \"imageReference\": {\r\n        \"publisher\":
        \"Debian\",\r\n        \"offer\": \"debian-10\",\r\n        \"sku\": \"10\",\r\n
        \       \"version\": \"latest\",\r\n        \"exactVersion\": \"0.20221224.1239\"\r\n
        \     },\r\n      \"osDisk\": {\r\n        \"osType\": \"Linux\",\r\n        \"name\":
        \"vm1_disk1_0b32225c9a1a4c109e07131e0d41d3fa\",\r\n        \"createOption\":
        \"FromImage\",\r\n        \"caching\": \"ReadWrite\",\r\n        \"managedDisk\":
        {\r\n          \"storageAccountType\": \"Premium_LRS\",\r\n          \"id\":
        \"/subscriptions/00000000-0000-0000-0000-000000000000/resourceGroups/clitest.rg000001/providers/Microsoft.Compute/disks/vm1_disk1_0b32225c9a1a4c109e07131e0d41d3fa\"\r\n
        \       },\r\n        \"deleteOption\": \"Detach\",\r\n        \"diskSizeGB\":
        30\r\n      },\r\n      \"dataDisks\": [\r\n        {\r\n          \"lun\":
        0,\r\n          \"name\": \"vm1_disk2_3cdebc946d6d474ea237a195304db69d\",\r\n
        \         \"createOption\": \"Empty\",\r\n          \"caching\": \"None\",\r\n
        \         \"managedDisk\": {\r\n            \"storageAccountType\": \"Premium_LRS\",\r\n
        \           \"id\": \"/subscriptions/00000000-0000-0000-0000-000000000000/resourceGroups/clitest.rg000001/providers/Microsoft.Compute/disks/vm1_disk2_3cdebc946d6d474ea237a195304db69d\"\r\n
        \         },\r\n          \"deleteOption\": \"Detach\",\r\n          \"diskSizeGB\":
        1,\r\n          \"toBeDetached\": false\r\n        },\r\n        {\r\n          \"lun\":
        1,\r\n          \"name\": \"vm1_disk3_27500b98f93e46b5b7b10cceafb26c80\",\r\n
        \         \"createOption\": \"Empty\",\r\n          \"caching\": \"None\",\r\n
        \         \"managedDisk\": {\r\n            \"storageAccountType\": \"Premium_LRS\",\r\n
        \           \"id\": \"/subscriptions/00000000-0000-0000-0000-000000000000/resourceGroups/clitest.rg000001/providers/Microsoft.Compute/disks/vm1_disk3_27500b98f93e46b5b7b10cceafb26c80\"\r\n
        \         },\r\n          \"deleteOption\": \"Detach\",\r\n          \"diskSizeGB\":
        2,\r\n          \"toBeDetached\": false\r\n        }\r\n      ]\r\n    },\r\n
        \   \"osProfile\": {\r\n      \"computerName\": \"vm1\",\r\n      \"adminUsername\":
        \"cligenerics\",\r\n      \"linuxConfiguration\": {\r\n        \"disablePasswordAuthentication\":
        true,\r\n        \"ssh\": {\r\n          \"publicKeys\": [\r\n            {\r\n
        \             \"path\": \"/home/cligenerics/.ssh/authorized_keys\",\r\n              \"keyData\":
        \"ssh-rsa AAAAB3NzaC1yc2EAAAADAQABAAABAQC4XoWCh+y4HlRI5f574eGdF1ml+AmTESxbubZRE6qEY8AcwG9itQTaFSau7aiLDn4OinfyFxBgyMOUVHhaF0fNJGYC6HLH6ixi1VVE/uqbUsI5vE9M8bvZLefTh8aXd4bVZWDp+wBxguqBnrPmCAuQrS62jMlotLV0gEz4J9ng+tnpA9bu619gbw++HUHMTLGAAXlbPs79JS9WiCujOQASoUHzS0VnzLbfIetJilfw5dgOZrRiGbeYmxWbbF7O9oZ+vswAQxKv5LRe/if7WobGodnl1+f30JiEEZHSrLVvjmc4JVVEWJoHFmYEpbWzCRm6is0GpqJwkS5iLt4P3+uz\"\r\n
        \           }\r\n          ]\r\n        },\r\n        \"provisionVMAgent\":
        true,\r\n        \"patchSettings\": {\r\n          \"patchMode\": \"ImageDefault\",\r\n
        \         \"assessmentMode\": \"ImageDefault\"\r\n        },\r\n        \"enableVMAgentPlatformUpdates\":
        false\r\n      },\r\n      \"secrets\": [],\r\n      \"allowExtensionOperations\":
        true,\r\n      \"requireGuestProvisionSignal\": true\r\n    },\r\n    \"networkProfile\":
        {\"networkInterfaces\":[{\"id\":\"/subscriptions/00000000-0000-0000-0000-000000000000/resourceGroups/clitest.rg000001/providers/Microsoft.Network/networkInterfaces/vm1VMNic\"}]},\r\n
        \   \"provisioningState\": \"Succeeded\",\r\n    \"instanceView\": {\r\n      \"computerName\":
        \"vm1\",\r\n      \"osName\": \"debian\",\r\n      \"osVersion\": \"10.13\",\r\n
        \     \"vmAgent\": {\r\n        \"vmAgentVersion\": \"2.2.45\",\r\n        \"statuses\":
        [\r\n          {\r\n            \"code\": \"ProvisioningState/succeeded\",\r\n
        \           \"level\": \"Info\",\r\n            \"displayStatus\": \"Ready\",\r\n
        \           \"message\": \"Guest Agent is running\",\r\n            \"time\":
        \"2023-02-07T20:51:19+00:00\"\r\n          }\r\n        ],\r\n        \"extensionHandlers\":
        []\r\n      },\r\n      \"disks\": [\r\n        {\r\n          \"name\": \"vm1_disk1_0b32225c9a1a4c109e07131e0d41d3fa\",\r\n
        \         \"statuses\": [\r\n            {\r\n              \"code\": \"ProvisioningState/succeeded\",\r\n
        \             \"level\": \"Info\",\r\n              \"displayStatus\": \"Provisioning
        succeeded\",\r\n              \"time\": \"2023-02-07T20:51:01.5207094+00:00\"\r\n
        \           }\r\n          ]\r\n        },\r\n        {\r\n          \"name\":
        \"vm1_disk2_3cdebc946d6d474ea237a195304db69d\",\r\n          \"statuses\":
        [\r\n            {\r\n              \"code\": \"ProvisioningState/succeeded\",\r\n
        \             \"level\": \"Info\",\r\n              \"displayStatus\": \"Provisioning
        succeeded\",\r\n              \"time\": \"2023-02-07T20:51:01.5207094+00:00\"\r\n
        \           }\r\n          ]\r\n        },\r\n        {\r\n          \"name\":
        \"vm1_disk3_27500b98f93e46b5b7b10cceafb26c80\",\r\n          \"statuses\":
        [\r\n            {\r\n              \"code\": \"ProvisioningState/succeeded\",\r\n
        \             \"level\": \"Info\",\r\n              \"displayStatus\": \"Provisioning
        succeeded\",\r\n              \"time\": \"2023-02-07T20:51:01.5207094+00:00\"\r\n
        \           }\r\n          ]\r\n        }\r\n      ],\r\n      \"hyperVGeneration\":
        \"V1\",\r\n      \"statuses\": [\r\n        {\r\n          \"code\": \"ProvisioningState/succeeded\",\r\n
        \         \"level\": \"Info\",\r\n          \"displayStatus\": \"Provisioning
        succeeded\",\r\n          \"time\": \"2023-02-07T20:51:14.8958918+00:00\"\r\n
        \       },\r\n        {\r\n          \"code\": \"PowerState/running\",\r\n
        \         \"level\": \"Info\",\r\n          \"displayStatus\": \"VM running\"\r\n
        \       }\r\n      ]\r\n    },\r\n    \"timeCreated\": \"2023-02-07T20:51:00.1300227+00:00\"\r\n
        \ }\r\n}"
    headers:
      cache-control:
      - no-cache
      content-length:
      - '5640'
      content-type:
      - application/json; charset=utf-8
      date:
      - Tue, 07 Feb 2023 20:51:21 GMT
      expires:
      - '-1'
      pragma:
      - no-cache
      server:
      - Microsoft-HTTPAPI/2.0
      - Microsoft-HTTPAPI/2.0
      strict-transport-security:
      - max-age=31536000; includeSubDomains
      transfer-encoding:
      - chunked
      vary:
      - Accept-Encoding
      x-content-type-options:
      - nosniff
      x-ms-ratelimit-remaining-resource:
      - Microsoft.Compute/LowCostGet3Min;3974,Microsoft.Compute/LowCostGet30Min;31902
    status:
      code: 200
      message: OK
- request:
    body: null
    headers:
      Accept:
      - application/json
      Accept-Encoding:
      - gzip, deflate
      CommandName:
      - vm create
      Connection:
      - keep-alive
      ParameterSetName:
      - -g -n --image --data-disk-sizes-gb --admin-username --generate-ssh-keys --nsg-rule
      User-Agent:
      - AZURECLI/2.45.0 azsdk-python-azure-mgmt-network/21.0.1 Python/3.10.9 (Linux-5.15.0-1031-azure-x86_64-with-glibc2.31)
        VSTS_7b238909-6802-4b65-b90d-184bca47f458_build_220_0
    method: GET
    uri: https://management.azure.com/subscriptions/00000000-0000-0000-0000-000000000000/resourceGroups/clitest.rg000001/providers/Microsoft.Network/networkInterfaces/vm1VMNic?api-version=2022-01-01
  response:
    body:
      string: "{\r\n  \"name\": \"vm1VMNic\",\r\n  \"id\": \"/subscriptions/00000000-0000-0000-0000-000000000000/resourceGroups/clitest.rg000001/providers/Microsoft.Network/networkInterfaces/vm1VMNic\",\r\n
        \ \"etag\": \"W/\\\"2a91e3ee-e286-46c7-bb21-730e41ff7102\\\"\",\r\n  \"tags\":
        {},\r\n  \"properties\": {\r\n    \"provisioningState\": \"Succeeded\",\r\n
        \   \"resourceGuid\": \"db096a93-c56c-493d-a0cc-d47d031d21de\",\r\n    \"ipConfigurations\":
        [\r\n      {\r\n        \"name\": \"ipconfigvm1\",\r\n        \"id\": \"/subscriptions/00000000-0000-0000-0000-000000000000/resourceGroups/clitest.rg000001/providers/Microsoft.Network/networkInterfaces/vm1VMNic/ipConfigurations/ipconfigvm1\",\r\n
        \       \"etag\": \"W/\\\"2a91e3ee-e286-46c7-bb21-730e41ff7102\\\"\",\r\n
        \       \"type\": \"Microsoft.Network/networkInterfaces/ipConfigurations\",\r\n
        \       \"properties\": {\r\n          \"provisioningState\": \"Succeeded\",\r\n
        \         \"privateIPAddress\": \"10.0.0.4\",\r\n          \"privateIPAllocationMethod\":
        \"Dynamic\",\r\n          \"publicIPAddress\": {\r\n            \"id\": \"/subscriptions/00000000-0000-0000-0000-000000000000/resourceGroups/clitest.rg000001/providers/Microsoft.Network/publicIPAddresses/vm1PublicIP\"\r\n
        \         },\r\n          \"subnet\": {\r\n            \"id\": \"/subscriptions/00000000-0000-0000-0000-000000000000/resourceGroups/clitest.rg000001/providers/Microsoft.Network/virtualNetworks/vm1VNET/subnets/vm1Subnet\"\r\n
        \         },\r\n          \"primary\": true,\r\n          \"privateIPAddressVersion\":
        \"IPv4\"\r\n        }\r\n      }\r\n    ],\r\n    \"dnsSettings\": {\r\n      \"dnsServers\":
        [],\r\n      \"appliedDnsServers\": [],\r\n      \"internalDomainNameSuffix\":
        \"hlx2s5321aoefd4hkv1rms15ld.dx.internal.cloudapp.net\"\r\n    },\r\n    \"macAddress\":
        \"00-22-48-0A-C1-55\",\r\n    \"vnetEncryptionSupported\": false,\r\n    \"enableIPForwarding\":
        false,\r\n    \"networkSecurityGroup\": {\r\n      \"id\": \"/subscriptions/00000000-0000-0000-0000-000000000000/resourceGroups/clitest.rg000001/providers/Microsoft.Network/networkSecurityGroups/vm1NSG\"\r\n
        \   },\r\n    \"primary\": true,\r\n    \"virtualMachine\": {\r\n      \"id\":
        \"/subscriptions/00000000-0000-0000-0000-000000000000/resourceGroups/clitest.rg000001/providers/Microsoft.Compute/virtualMachines/vm1\"\r\n
        \   },\r\n    \"hostedWorkloads\": [],\r\n    \"tapConfigurations\": [],\r\n
        \   \"nicType\": \"Standard\",\r\n    \"allowPort25Out\": true\r\n  },\r\n
        \ \"type\": \"Microsoft.Network/networkInterfaces\",\r\n  \"location\": \"westus\",\r\n
        \ \"kind\": \"Regular\"\r\n}"
    headers:
      cache-control:
      - no-cache
      content-length:
      - '2347'
      content-type:
      - application/json; charset=utf-8
      date:
      - Tue, 07 Feb 2023 20:51:22 GMT
      etag:
      - W/"2a91e3ee-e286-46c7-bb21-730e41ff7102"
      expires:
      - '-1'
      pragma:
      - no-cache
      server:
      - Microsoft-HTTPAPI/2.0
      - Microsoft-HTTPAPI/2.0
      strict-transport-security:
      - max-age=31536000; includeSubDomains
      transfer-encoding:
      - chunked
      vary:
      - Accept-Encoding
      x-content-type-options:
      - nosniff
      x-ms-arm-service-request-id:
      - b6749edc-737a-47a8-9b9b-28b62da0fa96
    status:
      code: 200
      message: OK
- request:
    body: null
    headers:
      Accept:
      - application/json
      Accept-Encoding:
      - gzip, deflate
      CommandName:
      - vm create
      Connection:
      - keep-alive
      ParameterSetName:
      - -g -n --image --data-disk-sizes-gb --admin-username --generate-ssh-keys --nsg-rule
      User-Agent:
      - AZURECLI/2.45.0 azsdk-python-azure-mgmt-network/21.0.1 Python/3.10.9 (Linux-5.15.0-1031-azure-x86_64-with-glibc2.31)
        VSTS_7b238909-6802-4b65-b90d-184bca47f458_build_220_0
    method: GET
    uri: https://management.azure.com/subscriptions/00000000-0000-0000-0000-000000000000/resourceGroups/clitest.rg000001/providers/Microsoft.Network/publicIPAddresses/vm1PublicIP?api-version=2022-01-01
  response:
    body:
      string: "{\r\n  \"name\": \"vm1PublicIP\",\r\n  \"id\": \"/subscriptions/00000000-0000-0000-0000-000000000000/resourceGroups/clitest.rg000001/providers/Microsoft.Network/publicIPAddresses/vm1PublicIP\",\r\n
        \ \"etag\": \"W/\\\"4260980e-1af2-48d3-9388-a5ee1757b716\\\"\",\r\n  \"location\":
        \"westus\",\r\n  \"tags\": {},\r\n  \"properties\": {\r\n    \"provisioningState\":
        \"Succeeded\",\r\n    \"resourceGuid\": \"2ddfd1d7-1e51-4e88-a2dd-f1878cd1da41\",\r\n
        \   \"ipAddress\": \"20.66.42.91\",\r\n    \"publicIPAddressVersion\": \"IPv4\",\r\n
        \   \"publicIPAllocationMethod\": \"Dynamic\",\r\n    \"idleTimeoutInMinutes\":
        4,\r\n    \"ipTags\": [],\r\n    \"ipConfiguration\": {\r\n      \"id\": \"/subscriptions/00000000-0000-0000-0000-000000000000/resourceGroups/clitest.rg000001/providers/Microsoft.Network/networkInterfaces/vm1VMNic/ipConfigurations/ipconfigvm1\"\r\n
        \   }\r\n  },\r\n  \"type\": \"Microsoft.Network/publicIPAddresses\",\r\n
        \ \"sku\": {\r\n    \"name\": \"Basic\",\r\n    \"tier\": \"Regional\"\r\n
        \ }\r\n}"
    headers:
      cache-control:
      - no-cache
      content-length:
      - '902'
      content-type:
      - application/json; charset=utf-8
      date:
      - Tue, 07 Feb 2023 20:51:22 GMT
      etag:
      - W/"4260980e-1af2-48d3-9388-a5ee1757b716"
      expires:
      - '-1'
      pragma:
      - no-cache
      server:
      - Microsoft-HTTPAPI/2.0
      - Microsoft-HTTPAPI/2.0
      strict-transport-security:
      - max-age=31536000; includeSubDomains
      transfer-encoding:
      - chunked
      vary:
      - Accept-Encoding
      x-content-type-options:
      - nosniff
      x-ms-arm-service-request-id:
      - a0cd1b1c-f648-4bd0-adbd-997074eb7a68
    status:
      code: 200
      message: OK
- request:
    body: null
    headers:
      Accept:
      - application/json
      Accept-Encoding:
      - gzip, deflate
      CommandName:
      - vm update
      Connection:
      - keep-alive
      ParameterSetName:
      - -g -n --set
      User-Agent:
      - AZURECLI/2.45.0 azsdk-python-azure-mgmt-compute/29.1.0 Python/3.10.9 (Linux-5.15.0-1031-azure-x86_64-with-glibc2.31)
        VSTS_7b238909-6802-4b65-b90d-184bca47f458_build_220_0
    method: GET
    uri: https://management.azure.com/subscriptions/00000000-0000-0000-0000-000000000000/resourceGroups/clitest.rg000001/providers/Microsoft.Compute/virtualMachines/vm1?api-version=2022-11-01
  response:
    body:
      string: "{\r\n  \"name\": \"vm1\",\r\n  \"id\": \"/subscriptions/00000000-0000-0000-0000-000000000000/resourceGroups/clitest.rg000001/providers/Microsoft.Compute/virtualMachines/vm1\",\r\n
        \ \"type\": \"Microsoft.Compute/virtualMachines\",\r\n  \"location\": \"westus\",\r\n
        \ \"tags\": {},\r\n  \"properties\": {\r\n    \"vmId\": \"f09a86b4-a6c1-475b-8cf0-ae7b3780f20d\",\r\n
        \   \"hardwareProfile\": {\r\n      \"vmSize\": \"Standard_DS1_v2\"\r\n    },\r\n
        \   \"storageProfile\": {\r\n      \"imageReference\": {\r\n        \"publisher\":
        \"Debian\",\r\n        \"offer\": \"debian-10\",\r\n        \"sku\": \"10\",\r\n
        \       \"version\": \"latest\",\r\n        \"exactVersion\": \"0.20221224.1239\"\r\n
        \     },\r\n      \"osDisk\": {\r\n        \"osType\": \"Linux\",\r\n        \"name\":
        \"vm1_disk1_0b32225c9a1a4c109e07131e0d41d3fa\",\r\n        \"createOption\":
        \"FromImage\",\r\n        \"caching\": \"ReadWrite\",\r\n        \"managedDisk\":
        {\r\n          \"storageAccountType\": \"Premium_LRS\",\r\n          \"id\":
        \"/subscriptions/00000000-0000-0000-0000-000000000000/resourceGroups/clitest.rg000001/providers/Microsoft.Compute/disks/vm1_disk1_0b32225c9a1a4c109e07131e0d41d3fa\"\r\n
        \       },\r\n        \"deleteOption\": \"Detach\",\r\n        \"diskSizeGB\":
        30\r\n      },\r\n      \"dataDisks\": [\r\n        {\r\n          \"lun\":
        0,\r\n          \"name\": \"vm1_disk2_3cdebc946d6d474ea237a195304db69d\",\r\n
        \         \"createOption\": \"Empty\",\r\n          \"caching\": \"None\",\r\n
        \         \"managedDisk\": {\r\n            \"storageAccountType\": \"Premium_LRS\",\r\n
        \           \"id\": \"/subscriptions/00000000-0000-0000-0000-000000000000/resourceGroups/clitest.rg000001/providers/Microsoft.Compute/disks/vm1_disk2_3cdebc946d6d474ea237a195304db69d\"\r\n
        \         },\r\n          \"deleteOption\": \"Detach\",\r\n          \"diskSizeGB\":
        1,\r\n          \"toBeDetached\": false\r\n        },\r\n        {\r\n          \"lun\":
        1,\r\n          \"name\": \"vm1_disk3_27500b98f93e46b5b7b10cceafb26c80\",\r\n
        \         \"createOption\": \"Empty\",\r\n          \"caching\": \"None\",\r\n
        \         \"managedDisk\": {\r\n            \"storageAccountType\": \"Premium_LRS\",\r\n
        \           \"id\": \"/subscriptions/00000000-0000-0000-0000-000000000000/resourceGroups/clitest.rg000001/providers/Microsoft.Compute/disks/vm1_disk3_27500b98f93e46b5b7b10cceafb26c80\"\r\n
        \         },\r\n          \"deleteOption\": \"Detach\",\r\n          \"diskSizeGB\":
        2,\r\n          \"toBeDetached\": false\r\n        }\r\n      ]\r\n    },\r\n
        \   \"osProfile\": {\r\n      \"computerName\": \"vm1\",\r\n      \"adminUsername\":
        \"cligenerics\",\r\n      \"linuxConfiguration\": {\r\n        \"disablePasswordAuthentication\":
        true,\r\n        \"ssh\": {\r\n          \"publicKeys\": [\r\n            {\r\n
        \             \"path\": \"/home/cligenerics/.ssh/authorized_keys\",\r\n              \"keyData\":
        \"ssh-rsa AAAAB3NzaC1yc2EAAAADAQABAAABAQC4XoWCh+y4HlRI5f574eGdF1ml+AmTESxbubZRE6qEY8AcwG9itQTaFSau7aiLDn4OinfyFxBgyMOUVHhaF0fNJGYC6HLH6ixi1VVE/uqbUsI5vE9M8bvZLefTh8aXd4bVZWDp+wBxguqBnrPmCAuQrS62jMlotLV0gEz4J9ng+tnpA9bu619gbw++HUHMTLGAAXlbPs79JS9WiCujOQASoUHzS0VnzLbfIetJilfw5dgOZrRiGbeYmxWbbF7O9oZ+vswAQxKv5LRe/if7WobGodnl1+f30JiEEZHSrLVvjmc4JVVEWJoHFmYEpbWzCRm6is0GpqJwkS5iLt4P3+uz\"\r\n
        \           }\r\n          ]\r\n        },\r\n        \"provisionVMAgent\":
        true,\r\n        \"patchSettings\": {\r\n          \"patchMode\": \"ImageDefault\",\r\n
        \         \"assessmentMode\": \"ImageDefault\"\r\n        },\r\n        \"enableVMAgentPlatformUpdates\":
        false\r\n      },\r\n      \"secrets\": [],\r\n      \"allowExtensionOperations\":
        true,\r\n      \"requireGuestProvisionSignal\": true\r\n    },\r\n    \"networkProfile\":
        {\"networkInterfaces\":[{\"id\":\"/subscriptions/00000000-0000-0000-0000-000000000000/resourceGroups/clitest.rg000001/providers/Microsoft.Network/networkInterfaces/vm1VMNic\"}]},\r\n
        \   \"provisioningState\": \"Succeeded\",\r\n    \"timeCreated\": \"2023-02-07T20:51:00.1300227+00:00\"\r\n
        \ }\r\n}"
    headers:
      cache-control:
      - no-cache
      content-length:
      - '3633'
      content-type:
      - application/json; charset=utf-8
      date:
      - Tue, 07 Feb 2023 20:51:22 GMT
      expires:
      - '-1'
      pragma:
      - no-cache
      server:
      - Microsoft-HTTPAPI/2.0
      - Microsoft-HTTPAPI/2.0
      strict-transport-security:
      - max-age=31536000; includeSubDomains
      transfer-encoding:
      - chunked
      vary:
      - Accept-Encoding
      x-content-type-options:
      - nosniff
      x-ms-ratelimit-remaining-resource:
      - Microsoft.Compute/LowCostGet3Min;3973,Microsoft.Compute/LowCostGet30Min;31901
    status:
      code: 200
      message: OK
- request:
    body: '{"location": "westus", "tags": {}, "identity": {"type": "SystemAssigned"},
      "properties": {"hardwareProfile": {"vmSize": "Standard_DS1_v2"}, "storageProfile":
      {"osDisk": {"osType": "Linux", "name": "vm1_disk1_0b32225c9a1a4c109e07131e0d41d3fa",
      "caching": "ReadWrite", "createOption": "FromImage", "diskSizeGB": 30, "managedDisk":
      {"id": "/subscriptions/00000000-0000-0000-0000-000000000000/resourceGroups/clitest.rg000001/providers/Microsoft.Compute/disks/vm1_disk1_0b32225c9a1a4c109e07131e0d41d3fa",
      "storageAccountType": "Premium_LRS"}, "deleteOption": "Detach"}, "dataDisks":
      [{"lun": 0, "name": "vm1_disk2_3cdebc946d6d474ea237a195304db69d", "caching":
      "None", "createOption": "Empty", "diskSizeGB": 1, "managedDisk": {"id": "/subscriptions/00000000-0000-0000-0000-000000000000/resourceGroups/clitest.rg000001/providers/Microsoft.Compute/disks/vm1_disk2_3cdebc946d6d474ea237a195304db69d",
      "storageAccountType": "Premium_LRS"}, "toBeDetached": false, "deleteOption":
      "Detach"}, {"lun": 1, "name": "vm1_disk3_27500b98f93e46b5b7b10cceafb26c80",
      "caching": "None", "createOption": "Empty", "diskSizeGB": 2, "managedDisk":
      {"id": "/subscriptions/00000000-0000-0000-0000-000000000000/resourceGroups/clitest.rg000001/providers/Microsoft.Compute/disks/vm1_disk3_27500b98f93e46b5b7b10cceafb26c80",
      "storageAccountType": "Premium_LRS"}, "toBeDetached": false, "deleteOption":
      "Detach"}]}, "osProfile": {"computerName": "vm1", "adminUsername": "cligenerics",
      "linuxConfiguration": {"disablePasswordAuthentication": true, "ssh": {"publicKeys":
      [{"path": "/home/cligenerics/.ssh/authorized_keys", "keyData": "ssh-rsa AAAAB3NzaC1yc2EAAAADAQABAAABAQC4XoWCh+y4HlRI5f574eGdF1ml+AmTESxbubZRE6qEY8AcwG9itQTaFSau7aiLDn4OinfyFxBgyMOUVHhaF0fNJGYC6HLH6ixi1VVE/uqbUsI5vE9M8bvZLefTh8aXd4bVZWDp+wBxguqBnrPmCAuQrS62jMlotLV0gEz4J9ng+tnpA9bu619gbw++HUHMTLGAAXlbPs79JS9WiCujOQASoUHzS0VnzLbfIetJilfw5dgOZrRiGbeYmxWbbF7O9oZ+vswAQxKv5LRe/if7WobGodnl1+f30JiEEZHSrLVvjmc4JVVEWJoHFmYEpbWzCRm6is0GpqJwkS5iLt4P3+uz"}]},
      "provisionVMAgent": true, "patchSettings": {"patchMode": "ImageDefault", "assessmentMode":
      "ImageDefault"}, "enableVMAgentPlatformUpdates": false}, "secrets": [], "allowExtensionOperations":
      true, "requireGuestProvisionSignal": true}, "networkProfile": {"networkInterfaces":
      [{"id": "/subscriptions/00000000-0000-0000-0000-000000000000/resourceGroups/clitest.rg000001/providers/Microsoft.Network/networkInterfaces/vm1VMNic"}]}}}'
    headers:
      Accept:
      - application/json
      Accept-Encoding:
      - gzip, deflate
      CommandName:
      - vm update
      Connection:
      - keep-alive
      Content-Length:
      - '2412'
      Content-Type:
      - application/json
      ParameterSetName:
      - -g -n --set
      User-Agent:
      - AZURECLI/2.45.0 azsdk-python-azure-mgmt-compute/29.1.0 Python/3.10.9 (Linux-5.15.0-1031-azure-x86_64-with-glibc2.31)
        VSTS_7b238909-6802-4b65-b90d-184bca47f458_build_220_0
    method: PUT
    uri: https://management.azure.com/subscriptions/00000000-0000-0000-0000-000000000000/resourceGroups/clitest.rg000001/providers/Microsoft.Compute/virtualMachines/vm1?api-version=2022-11-01
  response:
    body:
      string: "{\r\n  \"name\": \"vm1\",\r\n  \"id\": \"/subscriptions/00000000-0000-0000-0000-000000000000/resourceGroups/clitest.rg000001/providers/Microsoft.Compute/virtualMachines/vm1\",\r\n
        \ \"type\": \"Microsoft.Compute/virtualMachines\",\r\n  \"location\": \"westus\",\r\n
        \ \"tags\": {},\r\n  \"identity\": {\r\n    \"type\": \"SystemAssigned\",\r\n
        \   \"principalId\": \"d7f5858e-535d-4d7f-b5b7-a12e9f56bb23\",\r\n    \"tenantId\":
        \"54826b22-38d6-4fb2-bad9-b7b93a3e9c5a\"\r\n  },\r\n  \"properties\": {\r\n
        \   \"vmId\": \"f09a86b4-a6c1-475b-8cf0-ae7b3780f20d\",\r\n    \"hardwareProfile\":
        {\r\n      \"vmSize\": \"Standard_DS1_v2\"\r\n    },\r\n    \"storageProfile\":
        {\r\n      \"imageReference\": {\r\n        \"publisher\": \"Debian\",\r\n
        \       \"offer\": \"debian-10\",\r\n        \"sku\": \"10\",\r\n        \"version\":
        \"latest\",\r\n        \"exactVersion\": \"0.20221224.1239\"\r\n      },\r\n
        \     \"osDisk\": {\r\n        \"osType\": \"Linux\",\r\n        \"name\":
        \"vm1_disk1_0b32225c9a1a4c109e07131e0d41d3fa\",\r\n        \"createOption\":
        \"FromImage\",\r\n        \"caching\": \"ReadWrite\",\r\n        \"managedDisk\":
        {\r\n          \"storageAccountType\": \"Premium_LRS\",\r\n          \"id\":
        \"/subscriptions/00000000-0000-0000-0000-000000000000/resourceGroups/clitest.rg000001/providers/Microsoft.Compute/disks/vm1_disk1_0b32225c9a1a4c109e07131e0d41d3fa\"\r\n
        \       },\r\n        \"deleteOption\": \"Detach\",\r\n        \"diskSizeGB\":
        30\r\n      },\r\n      \"dataDisks\": [\r\n        {\r\n          \"lun\":
        0,\r\n          \"name\": \"vm1_disk2_3cdebc946d6d474ea237a195304db69d\",\r\n
        \         \"createOption\": \"Empty\",\r\n          \"caching\": \"None\",\r\n
        \         \"managedDisk\": {\r\n            \"storageAccountType\": \"Premium_LRS\",\r\n
        \           \"id\": \"/subscriptions/00000000-0000-0000-0000-000000000000/resourceGroups/clitest.rg000001/providers/Microsoft.Compute/disks/vm1_disk2_3cdebc946d6d474ea237a195304db69d\"\r\n
        \         },\r\n          \"deleteOption\": \"Detach\",\r\n          \"diskSizeGB\":
        1,\r\n          \"toBeDetached\": false\r\n        },\r\n        {\r\n          \"lun\":
        1,\r\n          \"name\": \"vm1_disk3_27500b98f93e46b5b7b10cceafb26c80\",\r\n
        \         \"createOption\": \"Empty\",\r\n          \"caching\": \"None\",\r\n
        \         \"managedDisk\": {\r\n            \"storageAccountType\": \"Premium_LRS\",\r\n
        \           \"id\": \"/subscriptions/00000000-0000-0000-0000-000000000000/resourceGroups/clitest.rg000001/providers/Microsoft.Compute/disks/vm1_disk3_27500b98f93e46b5b7b10cceafb26c80\"\r\n
        \         },\r\n          \"deleteOption\": \"Detach\",\r\n          \"diskSizeGB\":
        2,\r\n          \"toBeDetached\": false\r\n        }\r\n      ]\r\n    },\r\n
        \   \"osProfile\": {\r\n      \"computerName\": \"vm1\",\r\n      \"adminUsername\":
        \"cligenerics\",\r\n      \"linuxConfiguration\": {\r\n        \"disablePasswordAuthentication\":
        true,\r\n        \"ssh\": {\r\n          \"publicKeys\": [\r\n            {\r\n
        \             \"path\": \"/home/cligenerics/.ssh/authorized_keys\",\r\n              \"keyData\":
        \"ssh-rsa AAAAB3NzaC1yc2EAAAADAQABAAABAQC4XoWCh+y4HlRI5f574eGdF1ml+AmTESxbubZRE6qEY8AcwG9itQTaFSau7aiLDn4OinfyFxBgyMOUVHhaF0fNJGYC6HLH6ixi1VVE/uqbUsI5vE9M8bvZLefTh8aXd4bVZWDp+wBxguqBnrPmCAuQrS62jMlotLV0gEz4J9ng+tnpA9bu619gbw++HUHMTLGAAXlbPs79JS9WiCujOQASoUHzS0VnzLbfIetJilfw5dgOZrRiGbeYmxWbbF7O9oZ+vswAQxKv5LRe/if7WobGodnl1+f30JiEEZHSrLVvjmc4JVVEWJoHFmYEpbWzCRm6is0GpqJwkS5iLt4P3+uz\"\r\n
        \           }\r\n          ]\r\n        },\r\n        \"provisionVMAgent\":
        true,\r\n        \"patchSettings\": {\r\n          \"patchMode\": \"ImageDefault\",\r\n
        \         \"assessmentMode\": \"ImageDefault\"\r\n        },\r\n        \"enableVMAgentPlatformUpdates\":
        false\r\n      },\r\n      \"secrets\": [],\r\n      \"allowExtensionOperations\":
        true,\r\n      \"requireGuestProvisionSignal\": true\r\n    },\r\n    \"networkProfile\":
        {\"networkInterfaces\":[{\"id\":\"/subscriptions/00000000-0000-0000-0000-000000000000/resourceGroups/clitest.rg000001/providers/Microsoft.Network/networkInterfaces/vm1VMNic\"}]},\r\n
        \   \"provisioningState\": \"Updating\",\r\n    \"timeCreated\": \"2023-02-07T20:51:00.1300227+00:00\"\r\n
        \ }\r\n}"
    headers:
      azure-asyncnotification:
      - Enabled
      azure-asyncoperation:
      - https://management.azure.com/subscriptions/00000000-0000-0000-0000-000000000000/providers/Microsoft.Compute/locations/westus/operations/a59d0868-0ac6-43ef-af24-e231684c4bb6?p=571046f6-b640-41c1-86f7-f9f044b5adf9&api-version=2022-11-01
      cache-control:
      - no-cache
      content-length:
      - '3802'
      content-type:
      - application/json; charset=utf-8
      date:
      - Tue, 07 Feb 2023 20:51:26 GMT
      expires:
      - '-1'
      pragma:
      - no-cache
      server:
      - Microsoft-HTTPAPI/2.0
      - Microsoft-HTTPAPI/2.0
      strict-transport-security:
      - max-age=31536000; includeSubDomains
      transfer-encoding:
      - chunked
      vary:
      - Accept-Encoding
      x-content-type-options:
      - nosniff
      x-ms-ratelimit-remaining-resource:
      - Microsoft.Compute/PutVM3Min;237,Microsoft.Compute/PutVM30Min;1188
      x-ms-ratelimit-remaining-subscription-writes:
      - '1198'
    status:
      code: 200
      message: OK
- request:
    body: null
    headers:
      Accept:
      - '*/*'
      Accept-Encoding:
      - gzip, deflate
      CommandName:
      - vm update
      Connection:
      - keep-alive
      ParameterSetName:
      - -g -n --set
      User-Agent:
      - AZURECLI/2.45.0 azsdk-python-azure-mgmt-compute/29.1.0 Python/3.10.9 (Linux-5.15.0-1031-azure-x86_64-with-glibc2.31)
        VSTS_7b238909-6802-4b65-b90d-184bca47f458_build_220_0
    method: GET
    uri: https://management.azure.com/subscriptions/00000000-0000-0000-0000-000000000000/providers/Microsoft.Compute/locations/westus/operations/a59d0868-0ac6-43ef-af24-e231684c4bb6?p=571046f6-b640-41c1-86f7-f9f044b5adf9&api-version=2022-11-01
  response:
    body:
      string: "{\r\n  \"startTime\": \"2023-02-07T20:51:24.9272204+00:00\",\r\n  \"endTime\":
        \"2023-02-07T20:51:30.1929227+00:00\",\r\n  \"status\": \"Succeeded\",\r\n
        \ \"name\": \"a59d0868-0ac6-43ef-af24-e231684c4bb6\"\r\n}"
    headers:
      cache-control:
      - no-cache
      content-length:
      - '184'
      content-type:
      - application/json; charset=utf-8
      date:
      - Tue, 07 Feb 2023 20:51:55 GMT
      expires:
      - '-1'
      pragma:
      - no-cache
      server:
      - Microsoft-HTTPAPI/2.0
      - Microsoft-HTTPAPI/2.0
      strict-transport-security:
      - max-age=31536000; includeSubDomains
      transfer-encoding:
      - chunked
      vary:
      - Accept-Encoding
      x-content-type-options:
      - nosniff
      x-ms-ratelimit-remaining-resource:
      - Microsoft.Compute/GetOperation3Min;14986,Microsoft.Compute/GetOperation30Min;29887
    status:
      code: 200
      message: OK
- request:
    body: null
    headers:
      Accept:
      - '*/*'
      Accept-Encoding:
      - gzip, deflate
      CommandName:
      - vm update
      Connection:
      - keep-alive
      ParameterSetName:
      - -g -n --set
      User-Agent:
      - AZURECLI/2.45.0 azsdk-python-azure-mgmt-compute/29.1.0 Python/3.10.9 (Linux-5.15.0-1031-azure-x86_64-with-glibc2.31)
        VSTS_7b238909-6802-4b65-b90d-184bca47f458_build_220_0
    method: GET
    uri: https://management.azure.com/subscriptions/00000000-0000-0000-0000-000000000000/resourceGroups/clitest.rg000001/providers/Microsoft.Compute/virtualMachines/vm1?api-version=2022-11-01
  response:
    body:
      string: "{\r\n  \"name\": \"vm1\",\r\n  \"id\": \"/subscriptions/00000000-0000-0000-0000-000000000000/resourceGroups/clitest.rg000001/providers/Microsoft.Compute/virtualMachines/vm1\",\r\n
        \ \"type\": \"Microsoft.Compute/virtualMachines\",\r\n  \"location\": \"westus\",\r\n
        \ \"tags\": {},\r\n  \"identity\": {\r\n    \"type\": \"SystemAssigned\",\r\n
        \   \"principalId\": \"d7f5858e-535d-4d7f-b5b7-a12e9f56bb23\",\r\n    \"tenantId\":
        \"54826b22-38d6-4fb2-bad9-b7b93a3e9c5a\"\r\n  },\r\n  \"properties\": {\r\n
        \   \"vmId\": \"f09a86b4-a6c1-475b-8cf0-ae7b3780f20d\",\r\n    \"hardwareProfile\":
        {\r\n      \"vmSize\": \"Standard_DS1_v2\"\r\n    },\r\n    \"storageProfile\":
        {\r\n      \"imageReference\": {\r\n        \"publisher\": \"Debian\",\r\n
        \       \"offer\": \"debian-10\",\r\n        \"sku\": \"10\",\r\n        \"version\":
        \"latest\",\r\n        \"exactVersion\": \"0.20221224.1239\"\r\n      },\r\n
        \     \"osDisk\": {\r\n        \"osType\": \"Linux\",\r\n        \"name\":
        \"vm1_disk1_0b32225c9a1a4c109e07131e0d41d3fa\",\r\n        \"createOption\":
        \"FromImage\",\r\n        \"caching\": \"ReadWrite\",\r\n        \"managedDisk\":
        {\r\n          \"storageAccountType\": \"Premium_LRS\",\r\n          \"id\":
        \"/subscriptions/00000000-0000-0000-0000-000000000000/resourceGroups/clitest.rg000001/providers/Microsoft.Compute/disks/vm1_disk1_0b32225c9a1a4c109e07131e0d41d3fa\"\r\n
        \       },\r\n        \"deleteOption\": \"Detach\",\r\n        \"diskSizeGB\":
        30\r\n      },\r\n      \"dataDisks\": [\r\n        {\r\n          \"lun\":
        0,\r\n          \"name\": \"vm1_disk2_3cdebc946d6d474ea237a195304db69d\",\r\n
        \         \"createOption\": \"Empty\",\r\n          \"caching\": \"None\",\r\n
        \         \"managedDisk\": {\r\n            \"storageAccountType\": \"Premium_LRS\",\r\n
        \           \"id\": \"/subscriptions/00000000-0000-0000-0000-000000000000/resourceGroups/clitest.rg000001/providers/Microsoft.Compute/disks/vm1_disk2_3cdebc946d6d474ea237a195304db69d\"\r\n
        \         },\r\n          \"deleteOption\": \"Detach\",\r\n          \"diskSizeGB\":
        1,\r\n          \"toBeDetached\": false\r\n        },\r\n        {\r\n          \"lun\":
        1,\r\n          \"name\": \"vm1_disk3_27500b98f93e46b5b7b10cceafb26c80\",\r\n
        \         \"createOption\": \"Empty\",\r\n          \"caching\": \"None\",\r\n
        \         \"managedDisk\": {\r\n            \"storageAccountType\": \"Premium_LRS\",\r\n
        \           \"id\": \"/subscriptions/00000000-0000-0000-0000-000000000000/resourceGroups/clitest.rg000001/providers/Microsoft.Compute/disks/vm1_disk3_27500b98f93e46b5b7b10cceafb26c80\"\r\n
        \         },\r\n          \"deleteOption\": \"Detach\",\r\n          \"diskSizeGB\":
        2,\r\n          \"toBeDetached\": false\r\n        }\r\n      ]\r\n    },\r\n
        \   \"osProfile\": {\r\n      \"computerName\": \"vm1\",\r\n      \"adminUsername\":
        \"cligenerics\",\r\n      \"linuxConfiguration\": {\r\n        \"disablePasswordAuthentication\":
        true,\r\n        \"ssh\": {\r\n          \"publicKeys\": [\r\n            {\r\n
        \             \"path\": \"/home/cligenerics/.ssh/authorized_keys\",\r\n              \"keyData\":
        \"ssh-rsa AAAAB3NzaC1yc2EAAAADAQABAAABAQC4XoWCh+y4HlRI5f574eGdF1ml+AmTESxbubZRE6qEY8AcwG9itQTaFSau7aiLDn4OinfyFxBgyMOUVHhaF0fNJGYC6HLH6ixi1VVE/uqbUsI5vE9M8bvZLefTh8aXd4bVZWDp+wBxguqBnrPmCAuQrS62jMlotLV0gEz4J9ng+tnpA9bu619gbw++HUHMTLGAAXlbPs79JS9WiCujOQASoUHzS0VnzLbfIetJilfw5dgOZrRiGbeYmxWbbF7O9oZ+vswAQxKv5LRe/if7WobGodnl1+f30JiEEZHSrLVvjmc4JVVEWJoHFmYEpbWzCRm6is0GpqJwkS5iLt4P3+uz\"\r\n
        \           }\r\n          ]\r\n        },\r\n        \"provisionVMAgent\":
        true,\r\n        \"patchSettings\": {\r\n          \"patchMode\": \"ImageDefault\",\r\n
        \         \"assessmentMode\": \"ImageDefault\"\r\n        },\r\n        \"enableVMAgentPlatformUpdates\":
        false\r\n      },\r\n      \"secrets\": [],\r\n      \"allowExtensionOperations\":
        true,\r\n      \"requireGuestProvisionSignal\": true\r\n    },\r\n    \"networkProfile\":
        {\"networkInterfaces\":[{\"id\":\"/subscriptions/00000000-0000-0000-0000-000000000000/resourceGroups/clitest.rg000001/providers/Microsoft.Network/networkInterfaces/vm1VMNic\"}]},\r\n
        \   \"provisioningState\": \"Succeeded\",\r\n    \"timeCreated\": \"2023-02-07T20:51:00.1300227+00:00\"\r\n
        \ }\r\n}"
    headers:
      cache-control:
      - no-cache
      content-length:
      - '3803'
      content-type:
      - application/json; charset=utf-8
      date:
      - Tue, 07 Feb 2023 20:51:56 GMT
      expires:
      - '-1'
      pragma:
      - no-cache
      server:
      - Microsoft-HTTPAPI/2.0
      - Microsoft-HTTPAPI/2.0
      strict-transport-security:
      - max-age=31536000; includeSubDomains
      transfer-encoding:
      - chunked
      vary:
      - Accept-Encoding
      x-content-type-options:
      - nosniff
      x-ms-ratelimit-remaining-resource:
      - Microsoft.Compute/LowCostGet3Min;3974,Microsoft.Compute/LowCostGet30Min;31898
    status:
      code: 200
      message: OK
- request:
    body: null
    headers:
      Accept:
      - application/json
      Accept-Encoding:
      - gzip, deflate
      CommandName:
      - vm update
      Connection:
      - keep-alive
      ParameterSetName:
      - -g -n --set
      User-Agent:
      - AZURECLI/2.45.0 azsdk-python-azure-mgmt-compute/29.1.0 Python/3.10.9 (Linux-5.15.0-1031-azure-x86_64-with-glibc2.31)
        VSTS_7b238909-6802-4b65-b90d-184bca47f458_build_220_0
    method: GET
    uri: https://management.azure.com/subscriptions/00000000-0000-0000-0000-000000000000/resourceGroups/clitest.rg000001/providers/Microsoft.Compute/virtualMachines/vm1?api-version=2022-11-01
  response:
    body:
      string: "{\r\n  \"name\": \"vm1\",\r\n  \"id\": \"/subscriptions/00000000-0000-0000-0000-000000000000/resourceGroups/clitest.rg000001/providers/Microsoft.Compute/virtualMachines/vm1\",\r\n
        \ \"type\": \"Microsoft.Compute/virtualMachines\",\r\n  \"location\": \"westus\",\r\n
        \ \"tags\": {},\r\n  \"identity\": {\r\n    \"type\": \"SystemAssigned\",\r\n
        \   \"principalId\": \"d7f5858e-535d-4d7f-b5b7-a12e9f56bb23\",\r\n    \"tenantId\":
        \"54826b22-38d6-4fb2-bad9-b7b93a3e9c5a\"\r\n  },\r\n  \"properties\": {\r\n
        \   \"vmId\": \"f09a86b4-a6c1-475b-8cf0-ae7b3780f20d\",\r\n    \"hardwareProfile\":
        {\r\n      \"vmSize\": \"Standard_DS1_v2\"\r\n    },\r\n    \"storageProfile\":
        {\r\n      \"imageReference\": {\r\n        \"publisher\": \"Debian\",\r\n
        \       \"offer\": \"debian-10\",\r\n        \"sku\": \"10\",\r\n        \"version\":
        \"latest\",\r\n        \"exactVersion\": \"0.20221224.1239\"\r\n      },\r\n
        \     \"osDisk\": {\r\n        \"osType\": \"Linux\",\r\n        \"name\":
        \"vm1_disk1_0b32225c9a1a4c109e07131e0d41d3fa\",\r\n        \"createOption\":
        \"FromImage\",\r\n        \"caching\": \"ReadWrite\",\r\n        \"managedDisk\":
        {\r\n          \"storageAccountType\": \"Premium_LRS\",\r\n          \"id\":
        \"/subscriptions/00000000-0000-0000-0000-000000000000/resourceGroups/clitest.rg000001/providers/Microsoft.Compute/disks/vm1_disk1_0b32225c9a1a4c109e07131e0d41d3fa\"\r\n
        \       },\r\n        \"deleteOption\": \"Detach\",\r\n        \"diskSizeGB\":
        30\r\n      },\r\n      \"dataDisks\": [\r\n        {\r\n          \"lun\":
        0,\r\n          \"name\": \"vm1_disk2_3cdebc946d6d474ea237a195304db69d\",\r\n
        \         \"createOption\": \"Empty\",\r\n          \"caching\": \"None\",\r\n
        \         \"managedDisk\": {\r\n            \"storageAccountType\": \"Premium_LRS\",\r\n
        \           \"id\": \"/subscriptions/00000000-0000-0000-0000-000000000000/resourceGroups/clitest.rg000001/providers/Microsoft.Compute/disks/vm1_disk2_3cdebc946d6d474ea237a195304db69d\"\r\n
        \         },\r\n          \"deleteOption\": \"Detach\",\r\n          \"diskSizeGB\":
        1,\r\n          \"toBeDetached\": false\r\n        },\r\n        {\r\n          \"lun\":
        1,\r\n          \"name\": \"vm1_disk3_27500b98f93e46b5b7b10cceafb26c80\",\r\n
        \         \"createOption\": \"Empty\",\r\n          \"caching\": \"None\",\r\n
        \         \"managedDisk\": {\r\n            \"storageAccountType\": \"Premium_LRS\",\r\n
        \           \"id\": \"/subscriptions/00000000-0000-0000-0000-000000000000/resourceGroups/clitest.rg000001/providers/Microsoft.Compute/disks/vm1_disk3_27500b98f93e46b5b7b10cceafb26c80\"\r\n
        \         },\r\n          \"deleteOption\": \"Detach\",\r\n          \"diskSizeGB\":
        2,\r\n          \"toBeDetached\": false\r\n        }\r\n      ]\r\n    },\r\n
        \   \"osProfile\": {\r\n      \"computerName\": \"vm1\",\r\n      \"adminUsername\":
        \"cligenerics\",\r\n      \"linuxConfiguration\": {\r\n        \"disablePasswordAuthentication\":
        true,\r\n        \"ssh\": {\r\n          \"publicKeys\": [\r\n            {\r\n
        \             \"path\": \"/home/cligenerics/.ssh/authorized_keys\",\r\n              \"keyData\":
        \"ssh-rsa AAAAB3NzaC1yc2EAAAADAQABAAABAQC4XoWCh+y4HlRI5f574eGdF1ml+AmTESxbubZRE6qEY8AcwG9itQTaFSau7aiLDn4OinfyFxBgyMOUVHhaF0fNJGYC6HLH6ixi1VVE/uqbUsI5vE9M8bvZLefTh8aXd4bVZWDp+wBxguqBnrPmCAuQrS62jMlotLV0gEz4J9ng+tnpA9bu619gbw++HUHMTLGAAXlbPs79JS9WiCujOQASoUHzS0VnzLbfIetJilfw5dgOZrRiGbeYmxWbbF7O9oZ+vswAQxKv5LRe/if7WobGodnl1+f30JiEEZHSrLVvjmc4JVVEWJoHFmYEpbWzCRm6is0GpqJwkS5iLt4P3+uz\"\r\n
        \           }\r\n          ]\r\n        },\r\n        \"provisionVMAgent\":
        true,\r\n        \"patchSettings\": {\r\n          \"patchMode\": \"ImageDefault\",\r\n
        \         \"assessmentMode\": \"ImageDefault\"\r\n        },\r\n        \"enableVMAgentPlatformUpdates\":
        false\r\n      },\r\n      \"secrets\": [],\r\n      \"allowExtensionOperations\":
        true,\r\n      \"requireGuestProvisionSignal\": true\r\n    },\r\n    \"networkProfile\":
        {\"networkInterfaces\":[{\"id\":\"/subscriptions/00000000-0000-0000-0000-000000000000/resourceGroups/clitest.rg000001/providers/Microsoft.Network/networkInterfaces/vm1VMNic\"}]},\r\n
        \   \"provisioningState\": \"Succeeded\",\r\n    \"timeCreated\": \"2023-02-07T20:51:00.1300227+00:00\"\r\n
        \ }\r\n}"
    headers:
      cache-control:
      - no-cache
      content-length:
      - '3803'
      content-type:
      - application/json; charset=utf-8
      date:
      - Tue, 07 Feb 2023 20:51:56 GMT
      expires:
      - '-1'
      pragma:
      - no-cache
      server:
      - Microsoft-HTTPAPI/2.0
      - Microsoft-HTTPAPI/2.0
      strict-transport-security:
      - max-age=31536000; includeSubDomains
      x-content-type-options:
      - nosniff
      x-ms-ratelimit-remaining-resource:
      - Microsoft.Compute/LowCostGet3Min;3973,Microsoft.Compute/LowCostGet30Min;31897
    status:
      code: 200
      message: OK
- request:
    body: '{"location": "westus", "tags": {}, "identity": {"type": "SystemAssigned"},
      "properties": {"hardwareProfile": {"vmSize": "Standard_DS1_v2"}, "storageProfile":
      {"osDisk": {"osType": "Linux", "name": "vm1_disk1_0b32225c9a1a4c109e07131e0d41d3fa",
      "caching": "ReadWrite", "createOption": "FromImage", "diskSizeGB": 30, "managedDisk":
      {"id": "/subscriptions/00000000-0000-0000-0000-000000000000/resourceGroups/clitest.rg000001/providers/Microsoft.Compute/disks/vm1_disk1_0b32225c9a1a4c109e07131e0d41d3fa",
      "storageAccountType": "Premium_LRS"}, "deleteOption": "Detach"}, "dataDisks":
      [{"lun": 0, "name": "vm1_disk2_3cdebc946d6d474ea237a195304db69d", "caching":
      "ReadWrite", "createOption": "Empty", "diskSizeGB": 1, "managedDisk": {"id":
      "/subscriptions/00000000-0000-0000-0000-000000000000/resourceGroups/clitest.rg000001/providers/Microsoft.Compute/disks/vm1_disk2_3cdebc946d6d474ea237a195304db69d",
      "storageAccountType": "Premium_LRS"}, "toBeDetached": false, "deleteOption":
      "Detach"}, {"lun": 1, "name": "vm1_disk3_27500b98f93e46b5b7b10cceafb26c80",
      "caching": "None", "createOption": "Empty", "diskSizeGB": 2, "managedDisk":
      {"id": "/subscriptions/00000000-0000-0000-0000-000000000000/resourceGroups/clitest.rg000001/providers/Microsoft.Compute/disks/vm1_disk3_27500b98f93e46b5b7b10cceafb26c80",
      "storageAccountType": "Premium_LRS"}, "toBeDetached": false, "deleteOption":
      "Detach"}]}, "osProfile": {"computerName": "vm1", "adminUsername": "cligenerics",
      "linuxConfiguration": {"disablePasswordAuthentication": true, "ssh": {"publicKeys":
      [{"path": "/home/cligenerics/.ssh/authorized_keys", "keyData": "ssh-rsa AAAAB3NzaC1yc2EAAAADAQABAAABAQC4XoWCh+y4HlRI5f574eGdF1ml+AmTESxbubZRE6qEY8AcwG9itQTaFSau7aiLDn4OinfyFxBgyMOUVHhaF0fNJGYC6HLH6ixi1VVE/uqbUsI5vE9M8bvZLefTh8aXd4bVZWDp+wBxguqBnrPmCAuQrS62jMlotLV0gEz4J9ng+tnpA9bu619gbw++HUHMTLGAAXlbPs79JS9WiCujOQASoUHzS0VnzLbfIetJilfw5dgOZrRiGbeYmxWbbF7O9oZ+vswAQxKv5LRe/if7WobGodnl1+f30JiEEZHSrLVvjmc4JVVEWJoHFmYEpbWzCRm6is0GpqJwkS5iLt4P3+uz"}]},
      "provisionVMAgent": true, "patchSettings": {"patchMode": "ImageDefault", "assessmentMode":
      "ImageDefault"}, "enableVMAgentPlatformUpdates": false}, "secrets": [], "allowExtensionOperations":
      true, "requireGuestProvisionSignal": true}, "networkProfile": {"networkInterfaces":
      [{"id": "/subscriptions/00000000-0000-0000-0000-000000000000/resourceGroups/clitest.rg000001/providers/Microsoft.Network/networkInterfaces/vm1VMNic"}]}}}'
    headers:
      Accept:
      - application/json
      Accept-Encoding:
      - gzip, deflate
      CommandName:
      - vm update
      Connection:
      - keep-alive
      Content-Length:
      - '2417'
      Content-Type:
      - application/json
      ParameterSetName:
      - -g -n --set
      User-Agent:
      - AZURECLI/2.45.0 azsdk-python-azure-mgmt-compute/29.1.0 Python/3.10.9 (Linux-5.15.0-1031-azure-x86_64-with-glibc2.31)
        VSTS_7b238909-6802-4b65-b90d-184bca47f458_build_220_0
    method: PUT
    uri: https://management.azure.com/subscriptions/00000000-0000-0000-0000-000000000000/resourceGroups/clitest.rg000001/providers/Microsoft.Compute/virtualMachines/vm1?api-version=2022-11-01
  response:
    body:
      string: "{\r\n  \"name\": \"vm1\",\r\n  \"id\": \"/subscriptions/00000000-0000-0000-0000-000000000000/resourceGroups/clitest.rg000001/providers/Microsoft.Compute/virtualMachines/vm1\",\r\n
        \ \"type\": \"Microsoft.Compute/virtualMachines\",\r\n  \"location\": \"westus\",\r\n
        \ \"tags\": {},\r\n  \"identity\": {\r\n    \"type\": \"SystemAssigned\",\r\n
        \   \"principalId\": \"d7f5858e-535d-4d7f-b5b7-a12e9f56bb23\",\r\n    \"tenantId\":
        \"54826b22-38d6-4fb2-bad9-b7b93a3e9c5a\"\r\n  },\r\n  \"properties\": {\r\n
        \   \"vmId\": \"f09a86b4-a6c1-475b-8cf0-ae7b3780f20d\",\r\n    \"hardwareProfile\":
        {\r\n      \"vmSize\": \"Standard_DS1_v2\"\r\n    },\r\n    \"storageProfile\":
        {\r\n      \"imageReference\": {\r\n        \"publisher\": \"Debian\",\r\n
        \       \"offer\": \"debian-10\",\r\n        \"sku\": \"10\",\r\n        \"version\":
        \"latest\",\r\n        \"exactVersion\": \"0.20221224.1239\"\r\n      },\r\n
        \     \"osDisk\": {\r\n        \"osType\": \"Linux\",\r\n        \"name\":
        \"vm1_disk1_0b32225c9a1a4c109e07131e0d41d3fa\",\r\n        \"createOption\":
        \"FromImage\",\r\n        \"caching\": \"ReadWrite\",\r\n        \"managedDisk\":
        {\r\n          \"storageAccountType\": \"Premium_LRS\",\r\n          \"id\":
        \"/subscriptions/00000000-0000-0000-0000-000000000000/resourceGroups/clitest.rg000001/providers/Microsoft.Compute/disks/vm1_disk1_0b32225c9a1a4c109e07131e0d41d3fa\"\r\n
        \       },\r\n        \"deleteOption\": \"Detach\",\r\n        \"diskSizeGB\":
        30\r\n      },\r\n      \"dataDisks\": [\r\n        {\r\n          \"lun\":
        0,\r\n          \"name\": \"vm1_disk2_3cdebc946d6d474ea237a195304db69d\",\r\n
        \         \"createOption\": \"Empty\",\r\n          \"caching\": \"ReadWrite\",\r\n
        \         \"managedDisk\": {\r\n            \"storageAccountType\": \"Premium_LRS\",\r\n
        \           \"id\": \"/subscriptions/00000000-0000-0000-0000-000000000000/resourceGroups/clitest.rg000001/providers/Microsoft.Compute/disks/vm1_disk2_3cdebc946d6d474ea237a195304db69d\"\r\n
        \         },\r\n          \"deleteOption\": \"Detach\",\r\n          \"diskSizeGB\":
        1,\r\n          \"toBeDetached\": false\r\n        },\r\n        {\r\n          \"lun\":
        1,\r\n          \"name\": \"vm1_disk3_27500b98f93e46b5b7b10cceafb26c80\",\r\n
        \         \"createOption\": \"Empty\",\r\n          \"caching\": \"None\",\r\n
        \         \"managedDisk\": {\r\n            \"storageAccountType\": \"Premium_LRS\",\r\n
        \           \"id\": \"/subscriptions/00000000-0000-0000-0000-000000000000/resourceGroups/clitest.rg000001/providers/Microsoft.Compute/disks/vm1_disk3_27500b98f93e46b5b7b10cceafb26c80\"\r\n
        \         },\r\n          \"deleteOption\": \"Detach\",\r\n          \"diskSizeGB\":
        2,\r\n          \"toBeDetached\": false\r\n        }\r\n      ]\r\n    },\r\n
        \   \"osProfile\": {\r\n      \"computerName\": \"vm1\",\r\n      \"adminUsername\":
        \"cligenerics\",\r\n      \"linuxConfiguration\": {\r\n        \"disablePasswordAuthentication\":
        true,\r\n        \"ssh\": {\r\n          \"publicKeys\": [\r\n            {\r\n
        \             \"path\": \"/home/cligenerics/.ssh/authorized_keys\",\r\n              \"keyData\":
        \"ssh-rsa AAAAB3NzaC1yc2EAAAADAQABAAABAQC4XoWCh+y4HlRI5f574eGdF1ml+AmTESxbubZRE6qEY8AcwG9itQTaFSau7aiLDn4OinfyFxBgyMOUVHhaF0fNJGYC6HLH6ixi1VVE/uqbUsI5vE9M8bvZLefTh8aXd4bVZWDp+wBxguqBnrPmCAuQrS62jMlotLV0gEz4J9ng+tnpA9bu619gbw++HUHMTLGAAXlbPs79JS9WiCujOQASoUHzS0VnzLbfIetJilfw5dgOZrRiGbeYmxWbbF7O9oZ+vswAQxKv5LRe/if7WobGodnl1+f30JiEEZHSrLVvjmc4JVVEWJoHFmYEpbWzCRm6is0GpqJwkS5iLt4P3+uz\"\r\n
        \           }\r\n          ]\r\n        },\r\n        \"provisionVMAgent\":
        true,\r\n        \"patchSettings\": {\r\n          \"patchMode\": \"ImageDefault\",\r\n
        \         \"assessmentMode\": \"ImageDefault\"\r\n        },\r\n        \"enableVMAgentPlatformUpdates\":
        false\r\n      },\r\n      \"secrets\": [],\r\n      \"allowExtensionOperations\":
        true,\r\n      \"requireGuestProvisionSignal\": true\r\n    },\r\n    \"networkProfile\":
        {\"networkInterfaces\":[{\"id\":\"/subscriptions/00000000-0000-0000-0000-000000000000/resourceGroups/clitest.rg000001/providers/Microsoft.Network/networkInterfaces/vm1VMNic\"}]},\r\n
        \   \"provisioningState\": \"Updating\",\r\n    \"timeCreated\": \"2023-02-07T20:51:00.1300227+00:00\"\r\n
        \ }\r\n}"
    headers:
      azure-asyncnotification:
      - Enabled
      azure-asyncoperation:
      - https://management.azure.com/subscriptions/00000000-0000-0000-0000-000000000000/providers/Microsoft.Compute/locations/westus/operations/66f5678b-7d2b-4d30-bd20-8ecec54e6597?p=571046f6-b640-41c1-86f7-f9f044b5adf9&api-version=2022-11-01
      cache-control:
      - no-cache
      content-length:
      - '3807'
      content-type:
      - application/json; charset=utf-8
      date:
      - Tue, 07 Feb 2023 20:52:01 GMT
      expires:
      - '-1'
      pragma:
      - no-cache
      server:
      - Microsoft-HTTPAPI/2.0
      - Microsoft-HTTPAPI/2.0
      strict-transport-security:
      - max-age=31536000; includeSubDomains
      x-content-type-options:
      - nosniff
      x-ms-ratelimit-remaining-resource:
      - Microsoft.Compute/PutVM3Min;236,Microsoft.Compute/PutVM30Min;1187
      x-ms-ratelimit-remaining-subscription-writes:
      - '1196'
    status:
      code: 200
      message: OK
- request:
    body: null
    headers:
      Accept:
      - '*/*'
      Accept-Encoding:
      - gzip, deflate
      CommandName:
      - vm update
      Connection:
      - keep-alive
      ParameterSetName:
      - -g -n --set
      User-Agent:
      - AZURECLI/2.45.0 azsdk-python-azure-mgmt-compute/29.1.0 Python/3.10.9 (Linux-5.15.0-1031-azure-x86_64-with-glibc2.31)
        VSTS_7b238909-6802-4b65-b90d-184bca47f458_build_220_0
    method: GET
    uri: https://management.azure.com/subscriptions/00000000-0000-0000-0000-000000000000/providers/Microsoft.Compute/locations/westus/operations/66f5678b-7d2b-4d30-bd20-8ecec54e6597?p=571046f6-b640-41c1-86f7-f9f044b5adf9&api-version=2022-11-01
  response:
    body:
      string: "{\r\n  \"startTime\": \"2023-02-07T20:51:58.8964822+00:00\",\r\n  \"endTime\":
        \"2023-02-07T20:52:04.724774+00:00\",\r\n  \"status\": \"Succeeded\",\r\n
        \ \"name\": \"66f5678b-7d2b-4d30-bd20-8ecec54e6597\"\r\n}"
    headers:
      cache-control:
      - no-cache
      content-length:
      - '183'
      content-type:
      - application/json; charset=utf-8
      date:
      - Tue, 07 Feb 2023 20:52:31 GMT
      expires:
      - '-1'
      pragma:
      - no-cache
      server:
      - Microsoft-HTTPAPI/2.0
      - Microsoft-HTTPAPI/2.0
      strict-transport-security:
      - max-age=31536000; includeSubDomains
      x-content-type-options:
      - nosniff
      x-ms-ratelimit-remaining-resource:
      - Microsoft.Compute/GetOperation3Min;14991,Microsoft.Compute/GetOperation30Min;29885
    status:
      code: 200
      message: OK
- request:
    body: null
    headers:
      Accept:
      - '*/*'
      Accept-Encoding:
      - gzip, deflate
      CommandName:
      - vm update
      Connection:
      - keep-alive
      ParameterSetName:
      - -g -n --set
      User-Agent:
      - AZURECLI/2.45.0 azsdk-python-azure-mgmt-compute/29.1.0 Python/3.10.9 (Linux-5.15.0-1031-azure-x86_64-with-glibc2.31)
        VSTS_7b238909-6802-4b65-b90d-184bca47f458_build_220_0
    method: GET
    uri: https://management.azure.com/subscriptions/00000000-0000-0000-0000-000000000000/resourceGroups/clitest.rg000001/providers/Microsoft.Compute/virtualMachines/vm1?api-version=2022-11-01
  response:
    body:
      string: "{\r\n  \"name\": \"vm1\",\r\n  \"id\": \"/subscriptions/00000000-0000-0000-0000-000000000000/resourceGroups/clitest.rg000001/providers/Microsoft.Compute/virtualMachines/vm1\",\r\n
        \ \"type\": \"Microsoft.Compute/virtualMachines\",\r\n  \"location\": \"westus\",\r\n
        \ \"tags\": {},\r\n  \"identity\": {\r\n    \"type\": \"SystemAssigned\",\r\n
        \   \"principalId\": \"d7f5858e-535d-4d7f-b5b7-a12e9f56bb23\",\r\n    \"tenantId\":
        \"54826b22-38d6-4fb2-bad9-b7b93a3e9c5a\"\r\n  },\r\n  \"properties\": {\r\n
        \   \"vmId\": \"f09a86b4-a6c1-475b-8cf0-ae7b3780f20d\",\r\n    \"hardwareProfile\":
        {\r\n      \"vmSize\": \"Standard_DS1_v2\"\r\n    },\r\n    \"storageProfile\":
        {\r\n      \"imageReference\": {\r\n        \"publisher\": \"Debian\",\r\n
        \       \"offer\": \"debian-10\",\r\n        \"sku\": \"10\",\r\n        \"version\":
        \"latest\",\r\n        \"exactVersion\": \"0.20221224.1239\"\r\n      },\r\n
        \     \"osDisk\": {\r\n        \"osType\": \"Linux\",\r\n        \"name\":
        \"vm1_disk1_0b32225c9a1a4c109e07131e0d41d3fa\",\r\n        \"createOption\":
        \"FromImage\",\r\n        \"caching\": \"ReadWrite\",\r\n        \"managedDisk\":
        {\r\n          \"storageAccountType\": \"Premium_LRS\",\r\n          \"id\":
        \"/subscriptions/00000000-0000-0000-0000-000000000000/resourceGroups/clitest.rg000001/providers/Microsoft.Compute/disks/vm1_disk1_0b32225c9a1a4c109e07131e0d41d3fa\"\r\n
        \       },\r\n        \"deleteOption\": \"Detach\",\r\n        \"diskSizeGB\":
        30\r\n      },\r\n      \"dataDisks\": [\r\n        {\r\n          \"lun\":
        0,\r\n          \"name\": \"vm1_disk2_3cdebc946d6d474ea237a195304db69d\",\r\n
        \         \"createOption\": \"Empty\",\r\n          \"caching\": \"ReadWrite\",\r\n
        \         \"managedDisk\": {\r\n            \"storageAccountType\": \"Premium_LRS\",\r\n
        \           \"id\": \"/subscriptions/00000000-0000-0000-0000-000000000000/resourceGroups/clitest.rg000001/providers/Microsoft.Compute/disks/vm1_disk2_3cdebc946d6d474ea237a195304db69d\"\r\n
        \         },\r\n          \"deleteOption\": \"Detach\",\r\n          \"diskSizeGB\":
        1,\r\n          \"toBeDetached\": false\r\n        },\r\n        {\r\n          \"lun\":
        1,\r\n          \"name\": \"vm1_disk3_27500b98f93e46b5b7b10cceafb26c80\",\r\n
        \         \"createOption\": \"Empty\",\r\n          \"caching\": \"None\",\r\n
        \         \"managedDisk\": {\r\n            \"storageAccountType\": \"Premium_LRS\",\r\n
        \           \"id\": \"/subscriptions/00000000-0000-0000-0000-000000000000/resourceGroups/clitest.rg000001/providers/Microsoft.Compute/disks/vm1_disk3_27500b98f93e46b5b7b10cceafb26c80\"\r\n
        \         },\r\n          \"deleteOption\": \"Detach\",\r\n          \"diskSizeGB\":
        2,\r\n          \"toBeDetached\": false\r\n        }\r\n      ]\r\n    },\r\n
        \   \"osProfile\": {\r\n      \"computerName\": \"vm1\",\r\n      \"adminUsername\":
        \"cligenerics\",\r\n      \"linuxConfiguration\": {\r\n        \"disablePasswordAuthentication\":
        true,\r\n        \"ssh\": {\r\n          \"publicKeys\": [\r\n            {\r\n
        \             \"path\": \"/home/cligenerics/.ssh/authorized_keys\",\r\n              \"keyData\":
        \"ssh-rsa AAAAB3NzaC1yc2EAAAADAQABAAABAQC4XoWCh+y4HlRI5f574eGdF1ml+AmTESxbubZRE6qEY8AcwG9itQTaFSau7aiLDn4OinfyFxBgyMOUVHhaF0fNJGYC6HLH6ixi1VVE/uqbUsI5vE9M8bvZLefTh8aXd4bVZWDp+wBxguqBnrPmCAuQrS62jMlotLV0gEz4J9ng+tnpA9bu619gbw++HUHMTLGAAXlbPs79JS9WiCujOQASoUHzS0VnzLbfIetJilfw5dgOZrRiGbeYmxWbbF7O9oZ+vswAQxKv5LRe/if7WobGodnl1+f30JiEEZHSrLVvjmc4JVVEWJoHFmYEpbWzCRm6is0GpqJwkS5iLt4P3+uz\"\r\n
        \           }\r\n          ]\r\n        },\r\n        \"provisionVMAgent\":
        true,\r\n        \"patchSettings\": {\r\n          \"patchMode\": \"ImageDefault\",\r\n
        \         \"assessmentMode\": \"ImageDefault\"\r\n        },\r\n        \"enableVMAgentPlatformUpdates\":
        false\r\n      },\r\n      \"secrets\": [],\r\n      \"allowExtensionOperations\":
        true,\r\n      \"requireGuestProvisionSignal\": true\r\n    },\r\n    \"networkProfile\":
        {\"networkInterfaces\":[{\"id\":\"/subscriptions/00000000-0000-0000-0000-000000000000/resourceGroups/clitest.rg000001/providers/Microsoft.Network/networkInterfaces/vm1VMNic\"}]},\r\n
        \   \"provisioningState\": \"Succeeded\",\r\n    \"timeCreated\": \"2023-02-07T20:51:00.1300227+00:00\"\r\n
        \ }\r\n}"
    headers:
      cache-control:
      - no-cache
      content-length:
      - '3808'
      content-type:
      - application/json; charset=utf-8
      date:
      - Tue, 07 Feb 2023 20:52:31 GMT
      expires:
      - '-1'
      pragma:
      - no-cache
      server:
      - Microsoft-HTTPAPI/2.0
      - Microsoft-HTTPAPI/2.0
      strict-transport-security:
      - max-age=31536000; includeSubDomains
      x-content-type-options:
      - nosniff
      x-ms-ratelimit-remaining-resource:
      - Microsoft.Compute/LowCostGet3Min;3981,Microsoft.Compute/LowCostGet30Min;31894
    status:
      code: 200
      message: OK
- request:
    body: null
    headers:
      Accept:
      - application/json
      Accept-Encoding:
      - gzip, deflate
      CommandName:
      - vm update
      Connection:
      - keep-alive
      ParameterSetName:
      - -g -n --remove
      User-Agent:
      - AZURECLI/2.45.0 azsdk-python-azure-mgmt-compute/29.1.0 Python/3.10.9 (Linux-5.15.0-1031-azure-x86_64-with-glibc2.31)
        VSTS_7b238909-6802-4b65-b90d-184bca47f458_build_220_0
    method: GET
    uri: https://management.azure.com/subscriptions/00000000-0000-0000-0000-000000000000/resourceGroups/clitest.rg000001/providers/Microsoft.Compute/virtualMachines/vm1?api-version=2022-11-01
  response:
    body:
      string: "{\r\n  \"name\": \"vm1\",\r\n  \"id\": \"/subscriptions/00000000-0000-0000-0000-000000000000/resourceGroups/clitest.rg000001/providers/Microsoft.Compute/virtualMachines/vm1\",\r\n
        \ \"type\": \"Microsoft.Compute/virtualMachines\",\r\n  \"location\": \"westus\",\r\n
        \ \"tags\": {},\r\n  \"identity\": {\r\n    \"type\": \"SystemAssigned\",\r\n
        \   \"principalId\": \"d7f5858e-535d-4d7f-b5b7-a12e9f56bb23\",\r\n    \"tenantId\":
        \"54826b22-38d6-4fb2-bad9-b7b93a3e9c5a\"\r\n  },\r\n  \"properties\": {\r\n
        \   \"vmId\": \"f09a86b4-a6c1-475b-8cf0-ae7b3780f20d\",\r\n    \"hardwareProfile\":
        {\r\n      \"vmSize\": \"Standard_DS1_v2\"\r\n    },\r\n    \"storageProfile\":
        {\r\n      \"imageReference\": {\r\n        \"publisher\": \"Debian\",\r\n
        \       \"offer\": \"debian-10\",\r\n        \"sku\": \"10\",\r\n        \"version\":
        \"latest\",\r\n        \"exactVersion\": \"0.20221224.1239\"\r\n      },\r\n
        \     \"osDisk\": {\r\n        \"osType\": \"Linux\",\r\n        \"name\":
        \"vm1_disk1_0b32225c9a1a4c109e07131e0d41d3fa\",\r\n        \"createOption\":
        \"FromImage\",\r\n        \"caching\": \"ReadWrite\",\r\n        \"managedDisk\":
        {\r\n          \"storageAccountType\": \"Premium_LRS\",\r\n          \"id\":
        \"/subscriptions/00000000-0000-0000-0000-000000000000/resourceGroups/clitest.rg000001/providers/Microsoft.Compute/disks/vm1_disk1_0b32225c9a1a4c109e07131e0d41d3fa\"\r\n
        \       },\r\n        \"deleteOption\": \"Detach\",\r\n        \"diskSizeGB\":
        30\r\n      },\r\n      \"dataDisks\": [\r\n        {\r\n          \"lun\":
        0,\r\n          \"name\": \"vm1_disk2_3cdebc946d6d474ea237a195304db69d\",\r\n
        \         \"createOption\": \"Empty\",\r\n          \"caching\": \"ReadWrite\",\r\n
        \         \"managedDisk\": {\r\n            \"storageAccountType\": \"Premium_LRS\",\r\n
        \           \"id\": \"/subscriptions/00000000-0000-0000-0000-000000000000/resourceGroups/clitest.rg000001/providers/Microsoft.Compute/disks/vm1_disk2_3cdebc946d6d474ea237a195304db69d\"\r\n
        \         },\r\n          \"deleteOption\": \"Detach\",\r\n          \"diskSizeGB\":
        1,\r\n          \"toBeDetached\": false\r\n        },\r\n        {\r\n          \"lun\":
        1,\r\n          \"name\": \"vm1_disk3_27500b98f93e46b5b7b10cceafb26c80\",\r\n
        \         \"createOption\": \"Empty\",\r\n          \"caching\": \"None\",\r\n
        \         \"managedDisk\": {\r\n            \"storageAccountType\": \"Premium_LRS\",\r\n
        \           \"id\": \"/subscriptions/00000000-0000-0000-0000-000000000000/resourceGroups/clitest.rg000001/providers/Microsoft.Compute/disks/vm1_disk3_27500b98f93e46b5b7b10cceafb26c80\"\r\n
        \         },\r\n          \"deleteOption\": \"Detach\",\r\n          \"diskSizeGB\":
        2,\r\n          \"toBeDetached\": false\r\n        }\r\n      ]\r\n    },\r\n
        \   \"osProfile\": {\r\n      \"computerName\": \"vm1\",\r\n      \"adminUsername\":
        \"cligenerics\",\r\n      \"linuxConfiguration\": {\r\n        \"disablePasswordAuthentication\":
        true,\r\n        \"ssh\": {\r\n          \"publicKeys\": [\r\n            {\r\n
        \             \"path\": \"/home/cligenerics/.ssh/authorized_keys\",\r\n              \"keyData\":
        \"ssh-rsa AAAAB3NzaC1yc2EAAAADAQABAAABAQC4XoWCh+y4HlRI5f574eGdF1ml+AmTESxbubZRE6qEY8AcwG9itQTaFSau7aiLDn4OinfyFxBgyMOUVHhaF0fNJGYC6HLH6ixi1VVE/uqbUsI5vE9M8bvZLefTh8aXd4bVZWDp+wBxguqBnrPmCAuQrS62jMlotLV0gEz4J9ng+tnpA9bu619gbw++HUHMTLGAAXlbPs79JS9WiCujOQASoUHzS0VnzLbfIetJilfw5dgOZrRiGbeYmxWbbF7O9oZ+vswAQxKv5LRe/if7WobGodnl1+f30JiEEZHSrLVvjmc4JVVEWJoHFmYEpbWzCRm6is0GpqJwkS5iLt4P3+uz\"\r\n
        \           }\r\n          ]\r\n        },\r\n        \"provisionVMAgent\":
        true,\r\n        \"patchSettings\": {\r\n          \"patchMode\": \"ImageDefault\",\r\n
        \         \"assessmentMode\": \"ImageDefault\"\r\n        },\r\n        \"enableVMAgentPlatformUpdates\":
        false\r\n      },\r\n      \"secrets\": [],\r\n      \"allowExtensionOperations\":
        true,\r\n      \"requireGuestProvisionSignal\": true\r\n    },\r\n    \"networkProfile\":
        {\"networkInterfaces\":[{\"id\":\"/subscriptions/00000000-0000-0000-0000-000000000000/resourceGroups/clitest.rg000001/providers/Microsoft.Network/networkInterfaces/vm1VMNic\"}]},\r\n
        \   \"provisioningState\": \"Succeeded\",\r\n    \"timeCreated\": \"2023-02-07T20:51:00.1300227+00:00\"\r\n
        \ }\r\n}"
    headers:
      cache-control:
      - no-cache
      content-length:
      - '3808'
      content-type:
      - application/json; charset=utf-8
      date:
      - Tue, 07 Feb 2023 20:52:31 GMT
      expires:
      - '-1'
      pragma:
      - no-cache
      server:
      - Microsoft-HTTPAPI/2.0
      - Microsoft-HTTPAPI/2.0
      strict-transport-security:
      - max-age=31536000; includeSubDomains
      transfer-encoding:
      - chunked
      vary:
      - Accept-Encoding
      x-content-type-options:
      - nosniff
      x-ms-ratelimit-remaining-resource:
      - Microsoft.Compute/LowCostGet3Min;3980,Microsoft.Compute/LowCostGet30Min;31893
    status:
      code: 200
      message: OK
- request:
    body: '{"location": "westus", "tags": {}, "identity": {"type": "SystemAssigned"},
      "properties": {"hardwareProfile": {"vmSize": "Standard_DS1_v2"}, "storageProfile":
      {"osDisk": {"osType": "Linux", "name": "vm1_disk1_0b32225c9a1a4c109e07131e0d41d3fa",
      "caching": "ReadWrite", "createOption": "FromImage", "diskSizeGB": 30, "managedDisk":
      {"id": "/subscriptions/00000000-0000-0000-0000-000000000000/resourceGroups/clitest.rg000001/providers/Microsoft.Compute/disks/vm1_disk1_0b32225c9a1a4c109e07131e0d41d3fa",
      "storageAccountType": "Premium_LRS"}, "deleteOption": "Detach"}, "dataDisks":
      []}, "osProfile": {"computerName": "vm1", "adminUsername": "cligenerics", "linuxConfiguration":
      {"disablePasswordAuthentication": true, "ssh": {"publicKeys": [{"path": "/home/cligenerics/.ssh/authorized_keys",
      "keyData": "ssh-rsa AAAAB3NzaC1yc2EAAAADAQABAAABAQC4XoWCh+y4HlRI5f574eGdF1ml+AmTESxbubZRE6qEY8AcwG9itQTaFSau7aiLDn4OinfyFxBgyMOUVHhaF0fNJGYC6HLH6ixi1VVE/uqbUsI5vE9M8bvZLefTh8aXd4bVZWDp+wBxguqBnrPmCAuQrS62jMlotLV0gEz4J9ng+tnpA9bu619gbw++HUHMTLGAAXlbPs79JS9WiCujOQASoUHzS0VnzLbfIetJilfw5dgOZrRiGbeYmxWbbF7O9oZ+vswAQxKv5LRe/if7WobGodnl1+f30JiEEZHSrLVvjmc4JVVEWJoHFmYEpbWzCRm6is0GpqJwkS5iLt4P3+uz"}]},
      "provisionVMAgent": true, "patchSettings": {"patchMode": "ImageDefault", "assessmentMode":
      "ImageDefault"}, "enableVMAgentPlatformUpdates": false}, "secrets": [], "allowExtensionOperations":
      true, "requireGuestProvisionSignal": true}, "networkProfile": {"networkInterfaces":
      [{"id": "/subscriptions/00000000-0000-0000-0000-000000000000/resourceGroups/clitest.rg000001/providers/Microsoft.Network/networkInterfaces/vm1VMNic"}]}}}'
    headers:
      Accept:
      - application/json
      Accept-Encoding:
      - gzip, deflate
      CommandName:
      - vm update
      Connection:
      - keep-alive
      Content-Length:
      - '1614'
      Content-Type:
      - application/json
      ParameterSetName:
      - -g -n --remove
      User-Agent:
      - AZURECLI/2.45.0 azsdk-python-azure-mgmt-compute/29.1.0 Python/3.10.9 (Linux-5.15.0-1031-azure-x86_64-with-glibc2.31)
        VSTS_7b238909-6802-4b65-b90d-184bca47f458_build_220_0
    method: PUT
    uri: https://management.azure.com/subscriptions/00000000-0000-0000-0000-000000000000/resourceGroups/clitest.rg000001/providers/Microsoft.Compute/virtualMachines/vm1?api-version=2022-11-01
  response:
    body:
      string: "{\r\n  \"name\": \"vm1\",\r\n  \"id\": \"/subscriptions/00000000-0000-0000-0000-000000000000/resourceGroups/clitest.rg000001/providers/Microsoft.Compute/virtualMachines/vm1\",\r\n
        \ \"type\": \"Microsoft.Compute/virtualMachines\",\r\n  \"location\": \"westus\",\r\n
        \ \"tags\": {},\r\n  \"identity\": {\r\n    \"type\": \"SystemAssigned\",\r\n
        \   \"principalId\": \"d7f5858e-535d-4d7f-b5b7-a12e9f56bb23\",\r\n    \"tenantId\":
        \"54826b22-38d6-4fb2-bad9-b7b93a3e9c5a\"\r\n  },\r\n  \"properties\": {\r\n
        \   \"vmId\": \"f09a86b4-a6c1-475b-8cf0-ae7b3780f20d\",\r\n    \"hardwareProfile\":
        {\r\n      \"vmSize\": \"Standard_DS1_v2\"\r\n    },\r\n    \"storageProfile\":
        {\r\n      \"imageReference\": {\r\n        \"publisher\": \"Debian\",\r\n
        \       \"offer\": \"debian-10\",\r\n        \"sku\": \"10\",\r\n        \"version\":
        \"latest\",\r\n        \"exactVersion\": \"0.20221224.1239\"\r\n      },\r\n
        \     \"osDisk\": {\r\n        \"osType\": \"Linux\",\r\n        \"name\":
        \"vm1_disk1_0b32225c9a1a4c109e07131e0d41d3fa\",\r\n        \"createOption\":
        \"FromImage\",\r\n        \"caching\": \"ReadWrite\",\r\n        \"managedDisk\":
        {\r\n          \"storageAccountType\": \"Premium_LRS\",\r\n          \"id\":
        \"/subscriptions/00000000-0000-0000-0000-000000000000/resourceGroups/clitest.rg000001/providers/Microsoft.Compute/disks/vm1_disk1_0b32225c9a1a4c109e07131e0d41d3fa\"\r\n
        \       },\r\n        \"deleteOption\": \"Detach\",\r\n        \"diskSizeGB\":
        30\r\n      },\r\n      \"dataDisks\": [\r\n        {\r\n          \"lun\":
        0,\r\n          \"name\": \"vm1_disk2_3cdebc946d6d474ea237a195304db69d\",\r\n
        \         \"createOption\": \"Empty\",\r\n          \"caching\": \"ReadWrite\",\r\n
        \         \"managedDisk\": {\r\n            \"storageAccountType\": \"Premium_LRS\",\r\n
        \           \"id\": \"/subscriptions/00000000-0000-0000-0000-000000000000/resourceGroups/clitest.rg000001/providers/Microsoft.Compute/disks/vm1_disk2_3cdebc946d6d474ea237a195304db69d\"\r\n
        \         },\r\n          \"deleteOption\": \"Detach\",\r\n          \"diskSizeGB\":
        1,\r\n          \"toBeDetached\": true\r\n        },\r\n        {\r\n          \"lun\":
        1,\r\n          \"name\": \"vm1_disk3_27500b98f93e46b5b7b10cceafb26c80\",\r\n
        \         \"createOption\": \"Empty\",\r\n          \"caching\": \"None\",\r\n
        \         \"managedDisk\": {\r\n            \"storageAccountType\": \"Premium_LRS\",\r\n
        \           \"id\": \"/subscriptions/00000000-0000-0000-0000-000000000000/resourceGroups/clitest.rg000001/providers/Microsoft.Compute/disks/vm1_disk3_27500b98f93e46b5b7b10cceafb26c80\"\r\n
        \         },\r\n          \"deleteOption\": \"Detach\",\r\n          \"diskSizeGB\":
        2,\r\n          \"toBeDetached\": true\r\n        }\r\n      ]\r\n    },\r\n
        \   \"osProfile\": {\r\n      \"computerName\": \"vm1\",\r\n      \"adminUsername\":
        \"cligenerics\",\r\n      \"linuxConfiguration\": {\r\n        \"disablePasswordAuthentication\":
        true,\r\n        \"ssh\": {\r\n          \"publicKeys\": [\r\n            {\r\n
        \             \"path\": \"/home/cligenerics/.ssh/authorized_keys\",\r\n              \"keyData\":
        \"ssh-rsa AAAAB3NzaC1yc2EAAAADAQABAAABAQC4XoWCh+y4HlRI5f574eGdF1ml+AmTESxbubZRE6qEY8AcwG9itQTaFSau7aiLDn4OinfyFxBgyMOUVHhaF0fNJGYC6HLH6ixi1VVE/uqbUsI5vE9M8bvZLefTh8aXd4bVZWDp+wBxguqBnrPmCAuQrS62jMlotLV0gEz4J9ng+tnpA9bu619gbw++HUHMTLGAAXlbPs79JS9WiCujOQASoUHzS0VnzLbfIetJilfw5dgOZrRiGbeYmxWbbF7O9oZ+vswAQxKv5LRe/if7WobGodnl1+f30JiEEZHSrLVvjmc4JVVEWJoHFmYEpbWzCRm6is0GpqJwkS5iLt4P3+uz\"\r\n
        \           }\r\n          ]\r\n        },\r\n        \"provisionVMAgent\":
        true,\r\n        \"patchSettings\": {\r\n          \"patchMode\": \"ImageDefault\",\r\n
        \         \"assessmentMode\": \"ImageDefault\"\r\n        },\r\n        \"enableVMAgentPlatformUpdates\":
        false\r\n      },\r\n      \"secrets\": [],\r\n      \"allowExtensionOperations\":
        true,\r\n      \"requireGuestProvisionSignal\": true\r\n    },\r\n    \"networkProfile\":
        {\"networkInterfaces\":[{\"id\":\"/subscriptions/00000000-0000-0000-0000-000000000000/resourceGroups/clitest.rg000001/providers/Microsoft.Network/networkInterfaces/vm1VMNic\"}]},\r\n
        \   \"provisioningState\": \"Updating\",\r\n    \"timeCreated\": \"2023-02-07T20:51:00.1300227+00:00\"\r\n
        \ }\r\n}"
    headers:
      azure-asyncnotification:
      - Enabled
      azure-asyncoperation:
      - https://management.azure.com/subscriptions/00000000-0000-0000-0000-000000000000/providers/Microsoft.Compute/locations/westus/operations/7da6deb3-392d-494f-8241-820a62a8c64a?p=571046f6-b640-41c1-86f7-f9f044b5adf9&api-version=2022-11-01
      cache-control:
      - no-cache
      content-length:
      - '3805'
      content-type:
      - application/json; charset=utf-8
      date:
      - Tue, 07 Feb 2023 20:52:32 GMT
      expires:
      - '-1'
      pragma:
      - no-cache
      server:
      - Microsoft-HTTPAPI/2.0
      - Microsoft-HTTPAPI/2.0
      strict-transport-security:
      - max-age=31536000; includeSubDomains
      x-content-type-options:
      - nosniff
      x-ms-ratelimit-remaining-resource:
      - Microsoft.Compute/PutVM3Min;236,Microsoft.Compute/PutVM30Min;1186
      x-ms-ratelimit-remaining-subscription-writes:
      - '1198'
    status:
      code: 200
      message: OK
- request:
    body: null
    headers:
      Accept:
      - '*/*'
      Accept-Encoding:
      - gzip, deflate
      CommandName:
      - vm update
      Connection:
      - keep-alive
      ParameterSetName:
      - -g -n --remove
      User-Agent:
      - AZURECLI/2.45.0 azsdk-python-azure-mgmt-compute/29.1.0 Python/3.10.9 (Linux-5.15.0-1031-azure-x86_64-with-glibc2.31)
        VSTS_7b238909-6802-4b65-b90d-184bca47f458_build_220_0
    method: GET
    uri: https://management.azure.com/subscriptions/00000000-0000-0000-0000-000000000000/providers/Microsoft.Compute/locations/westus/operations/7da6deb3-392d-494f-8241-820a62a8c64a?p=571046f6-b640-41c1-86f7-f9f044b5adf9&api-version=2022-11-01
  response:
    body:
      string: "{\r\n  \"startTime\": \"2023-02-07T20:52:33.0063625+00:00\",\r\n  \"endTime\":
        \"2023-02-07T20:52:46.6159491+00:00\",\r\n  \"status\": \"Succeeded\",\r\n
        \ \"name\": \"7da6deb3-392d-494f-8241-820a62a8c64a\"\r\n}"
    headers:
      cache-control:
      - no-cache
      content-length:
      - '184'
      content-type:
      - application/json; charset=utf-8
      date:
      - Tue, 07 Feb 2023 20:53:03 GMT
      expires:
      - '-1'
      pragma:
      - no-cache
      server:
      - Microsoft-HTTPAPI/2.0
      - Microsoft-HTTPAPI/2.0
      strict-transport-security:
      - max-age=31536000; includeSubDomains
      x-content-type-options:
      - nosniff
      x-ms-ratelimit-remaining-resource:
      - Microsoft.Compute/GetOperation3Min;14991,Microsoft.Compute/GetOperation30Min;29883
    status:
      code: 200
      message: OK
- request:
    body: null
    headers:
      Accept:
      - '*/*'
      Accept-Encoding:
      - gzip, deflate
      CommandName:
      - vm update
      Connection:
      - keep-alive
      ParameterSetName:
      - -g -n --remove
      User-Agent:
      - AZURECLI/2.45.0 azsdk-python-azure-mgmt-compute/29.1.0 Python/3.10.9 (Linux-5.15.0-1031-azure-x86_64-with-glibc2.31)
        VSTS_7b238909-6802-4b65-b90d-184bca47f458_build_220_0
    method: GET
    uri: https://management.azure.com/subscriptions/00000000-0000-0000-0000-000000000000/resourceGroups/clitest.rg000001/providers/Microsoft.Compute/virtualMachines/vm1?api-version=2022-11-01
  response:
    body:
      string: "{\r\n  \"name\": \"vm1\",\r\n  \"id\": \"/subscriptions/00000000-0000-0000-0000-000000000000/resourceGroups/clitest.rg000001/providers/Microsoft.Compute/virtualMachines/vm1\",\r\n
        \ \"type\": \"Microsoft.Compute/virtualMachines\",\r\n  \"location\": \"westus\",\r\n
        \ \"tags\": {},\r\n  \"identity\": {\r\n    \"type\": \"SystemAssigned\",\r\n
        \   \"principalId\": \"d7f5858e-535d-4d7f-b5b7-a12e9f56bb23\",\r\n    \"tenantId\":
        \"54826b22-38d6-4fb2-bad9-b7b93a3e9c5a\"\r\n  },\r\n  \"properties\": {\r\n
        \   \"vmId\": \"f09a86b4-a6c1-475b-8cf0-ae7b3780f20d\",\r\n    \"hardwareProfile\":
        {\r\n      \"vmSize\": \"Standard_DS1_v2\"\r\n    },\r\n    \"storageProfile\":
        {\r\n      \"imageReference\": {\r\n        \"publisher\": \"Debian\",\r\n
        \       \"offer\": \"debian-10\",\r\n        \"sku\": \"10\",\r\n        \"version\":
        \"latest\",\r\n        \"exactVersion\": \"0.20221224.1239\"\r\n      },\r\n
        \     \"osDisk\": {\r\n        \"osType\": \"Linux\",\r\n        \"name\":
        \"vm1_disk1_0b32225c9a1a4c109e07131e0d41d3fa\",\r\n        \"createOption\":
        \"FromImage\",\r\n        \"caching\": \"ReadWrite\",\r\n        \"managedDisk\":
        {\r\n          \"storageAccountType\": \"Premium_LRS\",\r\n          \"id\":
        \"/subscriptions/00000000-0000-0000-0000-000000000000/resourceGroups/clitest.rg000001/providers/Microsoft.Compute/disks/vm1_disk1_0b32225c9a1a4c109e07131e0d41d3fa\"\r\n
        \       },\r\n        \"deleteOption\": \"Detach\",\r\n        \"diskSizeGB\":
        30\r\n      },\r\n      \"dataDisks\": []\r\n    },\r\n    \"osProfile\":
        {\r\n      \"computerName\": \"vm1\",\r\n      \"adminUsername\": \"cligenerics\",\r\n
        \     \"linuxConfiguration\": {\r\n        \"disablePasswordAuthentication\":
        true,\r\n        \"ssh\": {\r\n          \"publicKeys\": [\r\n            {\r\n
        \             \"path\": \"/home/cligenerics/.ssh/authorized_keys\",\r\n              \"keyData\":
        \"ssh-rsa AAAAB3NzaC1yc2EAAAADAQABAAABAQC4XoWCh+y4HlRI5f574eGdF1ml+AmTESxbubZRE6qEY8AcwG9itQTaFSau7aiLDn4OinfyFxBgyMOUVHhaF0fNJGYC6HLH6ixi1VVE/uqbUsI5vE9M8bvZLefTh8aXd4bVZWDp+wBxguqBnrPmCAuQrS62jMlotLV0gEz4J9ng+tnpA9bu619gbw++HUHMTLGAAXlbPs79JS9WiCujOQASoUHzS0VnzLbfIetJilfw5dgOZrRiGbeYmxWbbF7O9oZ+vswAQxKv5LRe/if7WobGodnl1+f30JiEEZHSrLVvjmc4JVVEWJoHFmYEpbWzCRm6is0GpqJwkS5iLt4P3+uz\"\r\n
        \           }\r\n          ]\r\n        },\r\n        \"provisionVMAgent\":
        true,\r\n        \"patchSettings\": {\r\n          \"patchMode\": \"ImageDefault\",\r\n
        \         \"assessmentMode\": \"ImageDefault\"\r\n        },\r\n        \"enableVMAgentPlatformUpdates\":
        false\r\n      },\r\n      \"secrets\": [],\r\n      \"allowExtensionOperations\":
        true,\r\n      \"requireGuestProvisionSignal\": true\r\n    },\r\n    \"networkProfile\":
        {\"networkInterfaces\":[{\"id\":\"/subscriptions/00000000-0000-0000-0000-000000000000/resourceGroups/clitest.rg000001/providers/Microsoft.Network/networkInterfaces/vm1VMNic\"}]},\r\n
        \   \"provisioningState\": \"Succeeded\",\r\n    \"timeCreated\": \"2023-02-07T20:51:00.1300227+00:00\"\r\n
        \ }\r\n}"
    headers:
      cache-control:
      - no-cache
      content-length:
      - '2702'
      content-type:
      - application/json; charset=utf-8
      date:
      - Tue, 07 Feb 2023 20:53:03 GMT
      expires:
      - '-1'
      pragma:
      - no-cache
      server:
      - Microsoft-HTTPAPI/2.0
      - Microsoft-HTTPAPI/2.0
      strict-transport-security:
      - max-age=31536000; includeSubDomains
      x-content-type-options:
      - nosniff
      x-ms-ratelimit-remaining-resource:
      - Microsoft.Compute/LowCostGet3Min;3981,Microsoft.Compute/LowCostGet30Min;31890
    status:
      code: 200
      message: OK
version: 1
