interactions:
- request:
    body: null
    headers:
      Accept:
      - application/json
      Accept-Encoding:
      - gzip, deflate
      CommandName:
      - capacity reservation group create
      Connection:
      - keep-alive
      ParameterSetName:
      - -n -g --tags --zones
      User-Agent:
      - AZURECLI/2.44.1 azsdk-python-azure-mgmt-resource/21.1.0b1 Python/3.10.9 (Windows-10-10.0.22621-SP0)
    method: GET
    uri: https://management.azure.com/subscriptions/00000000-0000-0000-0000-000000000000/resourcegroups/cli_test_capacity_reservation_list_delete000001?api-version=2021-04-01
  response:
    body:
      string: '{"id":"/subscriptions/00000000-0000-0000-0000-000000000000/resourceGroups/cli_test_capacity_reservation_list_delete000001","name":"cli_test_capacity_reservation_list_delete000001","type":"Microsoft.Resources/resourceGroups","location":"centraluseuap","tags":{"product":"azurecli","cause":"automation","date":"2023-01-28T04:16:25Z"},"properties":{"provisioningState":"Succeeded"}}'
    headers:
      cache-control:
      - no-cache
      content-length:
      - '379'
      content-type:
      - application/json; charset=utf-8
      date:
      - Sat, 28 Jan 2023 04:16:33 GMT
      expires:
      - '-1'
      pragma:
      - no-cache
      strict-transport-security:
      - max-age=31536000; includeSubDomains
      vary:
      - Accept-Encoding
      x-content-type-options:
      - nosniff
    status:
      code: 200
      message: OK
- request:
    body: '{"location": "centraluseuap", "tags": {"key": "val"}, "zones": ["1", "2"]}'
    headers:
      Accept:
      - application/json
      Accept-Encoding:
      - gzip, deflate
      CommandName:
      - capacity reservation group create
      Connection:
      - keep-alive
      Content-Length:
      - '74'
      Content-Type:
      - application/json
      ParameterSetName:
      - -n -g --tags --zones
      User-Agent:
      - AZURECLI/2.44.1 azsdk-python-azure-mgmt-compute/29.1.0 Python/3.10.9 (Windows-10-10.0.22621-SP0)
    method: PUT
    uri: https://management.azure.com/subscriptions/00000000-0000-0000-0000-000000000000/resourceGroups/cli_test_capacity_reservation_list_delete000001/providers/Microsoft.Compute/capacityReservationGroups/cli_reservation_group_000002?api-version=2022-11-01
  response:
    body:
      string: "{\r\n  \"name\": \"cli_reservation_group_000002\",\r\n  \"id\": \"\
        /subscriptions/00000000-0000-0000-0000-000000000000/resourceGroups/CLI_TEST_CAPACITY_RESERVATION_LIST_DELETER72RHM4KJPKLC6DO4F4ELHAZFUFKF5H33O/providers/Microsoft.Compute/capacityReservationGroups/cli_reservation_group_000002\"\
        ,\r\n  \"type\": \"Microsoft.Compute/capacityReservationGroups\",\r\n  \"\
        location\": \"centraluseuap\",\r\n  \"tags\": {\r\n    \"key\": \"val\"\r\n\
        \  },\r\n  \"zones\": [\r\n    \"1\",\r\n    \"2\"\r\n  ]\r\n}"
    headers:
      cache-control:
      - no-cache
      content-length:
      - '450'
      content-type:
      - application/json; charset=utf-8
      date:
      - Sat, 28 Jan 2023 04:16:38 GMT
      expires:
      - '-1'
      pragma:
      - no-cache
      server:
      - Microsoft-HTTPAPI/2.0
      - Microsoft-HTTPAPI/2.0
      strict-transport-security:
      - max-age=31536000; includeSubDomains
      x-content-type-options:
      - nosniff
      x-ms-ratelimit-remaining-resource:
      - Microsoft.Compute/PutDeleteCapacityReservation3Min;119,Microsoft.Compute/PutDeleteCapacityReservation30Min;599
      x-ms-ratelimit-remaining-subscription-writes:
      - '1197'
    status:
      code: 201
      message: Created
- request:
    body: null
    headers:
      Accept:
      - application/json
      Accept-Encoding:
      - gzip, deflate
      CommandName:
      - capacity reservation create
      Connection:
      - keep-alive
      ParameterSetName:
      - -c -n -g --sku --capacity --zone --tags
      User-Agent:
      - AZURECLI/2.44.1 azsdk-python-azure-mgmt-resource/21.1.0b1 Python/3.10.9 (Windows-10-10.0.22621-SP0)
    method: GET
    uri: https://management.azure.com/subscriptions/00000000-0000-0000-0000-000000000000/resourcegroups/cli_test_capacity_reservation_list_delete000001?api-version=2021-04-01
  response:
    body:
      string: '{"id":"/subscriptions/00000000-0000-0000-0000-000000000000/resourceGroups/cli_test_capacity_reservation_list_delete000001","name":"cli_test_capacity_reservation_list_delete000001","type":"Microsoft.Resources/resourceGroups","location":"centraluseuap","tags":{"product":"azurecli","cause":"automation","date":"2023-01-28T04:16:25Z"},"properties":{"provisioningState":"Succeeded"}}'
    headers:
      cache-control:
      - no-cache
      content-length:
      - '379'
      content-type:
      - application/json; charset=utf-8
      date:
      - Sat, 28 Jan 2023 04:16:38 GMT
      expires:
      - '-1'
      pragma:
      - no-cache
      strict-transport-security:
      - max-age=31536000; includeSubDomains
      vary:
      - Accept-Encoding
      x-content-type-options:
      - nosniff
    status:
      code: 200
      message: OK
- request:
    body: '{"location": "centraluseuap", "tags": {"key": "val"}, "sku": {"name": "Standard_DS1_v2",
      "capacity": 5}, "zones": ["1"]}'
    headers:
      Accept:
      - application/json
      Accept-Encoding:
      - gzip, deflate
      CommandName:
      - capacity reservation create
      Connection:
      - keep-alive
      Content-Length:
      - '120'
      Content-Type:
      - application/json
      ParameterSetName:
      - -c -n -g --sku --capacity --zone --tags
      User-Agent:
      - AZURECLI/2.44.1 azsdk-python-azure-mgmt-compute/29.1.0 Python/3.10.9 (Windows-10-10.0.22621-SP0)
    method: PUT
    uri: https://management.azure.com/subscriptions/00000000-0000-0000-0000-000000000000/resourceGroups/cli_test_capacity_reservation_list_delete000001/providers/Microsoft.Compute/capacityReservationGroups/cli_reservation_group_000002/capacityReservations/cli_reservation_name_000003?api-version=2022-11-01
  response:
    body:
      string: "{\r\n  \"name\": \"cli_reservation_name_000003\",\r\n  \"id\": \"/subscriptions/00000000-0000-0000-0000-000000000000/resourceGroups/cli_test_capacity_reservation_list_delete000001/providers/Microsoft.Compute/capacityReservationGroups/cli_reservation_group_000002/capacityReservations/cli_reservation_name_000003\"\
        ,\r\n  \"type\": \"Microsoft.Compute/capacityReservationGroups/capacityReservations\"\
        ,\r\n  \"location\": \"centraluseuap\",\r\n  \"tags\": {\r\n    \"key\": \"\
        val\"\r\n  },\r\n  \"sku\": {\r\n    \"name\": \"Standard_DS1_v2\",\r\n  \
        \  \"capacity\": 5\r\n  },\r\n  \"zones\": [\r\n    \"1\"\r\n  ],\r\n  \"\
        properties\": {\r\n    \"platformFaultDomainCount\": 3,\r\n    \"reservationId\"\
        : \"393e4631-f0d9-4372-95ce-358f2db8d5d2\",\r\n    \"provisioningState\":\
        \ \"Creating\",\r\n    \"timeCreated\": \"2023-01-28T04:16:44.1378388+00:00\"\
        \r\n  }\r\n}"
    headers:
      azure-asyncnotification:
      - Enabled
      azure-asyncoperation:
      - https://management.azure.com/subscriptions/00000000-0000-0000-0000-000000000000/providers/Microsoft.Compute/locations/CentralUSEUAP/operations/3d8754ac-d10e-4a51-a1bd-7e08b232b7a4?p=2745cc42-2cf3-41b7-830c-129b79fbec46&api-version=2022-11-01
      cache-control:
      - no-cache
      content-length:
      - '767'
      content-type:
      - application/json; charset=utf-8
      date:
      - Sat, 28 Jan 2023 04:16:45 GMT
      expires:
      - '-1'
      pragma:
      - no-cache
      server:
      - Microsoft-HTTPAPI/2.0
      - Microsoft-HTTPAPI/2.0
      strict-transport-security:
      - max-age=31536000; includeSubDomains
      x-content-type-options:
      - nosniff
      x-ms-ratelimit-remaining-resource:
      - Microsoft.Compute/PutDeleteCapacityReservation3Min;118,Microsoft.Compute/PutDeleteCapacityReservation30Min;598
      x-ms-ratelimit-remaining-subscription-writes:
      - '1199'
    status:
      code: 201
      message: Created
- request:
    body: null
    headers:
      Accept:
      - '*/*'
      Accept-Encoding:
      - gzip, deflate
      CommandName:
      - capacity reservation create
      Connection:
      - keep-alive
      ParameterSetName:
      - -c -n -g --sku --capacity --zone --tags
      User-Agent:
      - AZURECLI/2.44.1 azsdk-python-azure-mgmt-compute/29.1.0 Python/3.10.9 (Windows-10-10.0.22621-SP0)
    method: GET
    uri: https://management.azure.com/subscriptions/00000000-0000-0000-0000-000000000000/providers/Microsoft.Compute/locations/CentralUSEUAP/operations/3d8754ac-d10e-4a51-a1bd-7e08b232b7a4?p=2745cc42-2cf3-41b7-830c-129b79fbec46&api-version=2022-11-01
  response:
    body:
      string: "{\r\n  \"startTime\": \"2023-01-28T04:16:44.1065428+00:00\",\r\n  \"\
        endTime\": \"2023-01-28T04:16:44.481572+00:00\",\r\n  \"status\": \"Succeeded\"\
        ,\r\n  \"name\": \"3d8754ac-d10e-4a51-a1bd-7e08b232b7a4\"\r\n}"
    headers:
      cache-control:
      - no-cache
      content-length:
      - '183'
      content-type:
      - application/json; charset=utf-8
      date:
      - Sat, 28 Jan 2023 04:17:15 GMT
      expires:
      - '-1'
      pragma:
      - no-cache
      server:
      - Microsoft-HTTPAPI/2.0
      - Microsoft-HTTPAPI/2.0
      strict-transport-security:
      - max-age=31536000; includeSubDomains
      transfer-encoding:
      - chunked
      vary:
      - Accept-Encoding
      x-content-type-options:
      - nosniff
      x-ms-ratelimit-remaining-resource:
      - Microsoft.Compute/GetOperation3Min;14996,Microsoft.Compute/GetOperation30Min;29962
    status:
      code: 200
      message: OK
- request:
    body: null
    headers:
      Accept:
      - '*/*'
      Accept-Encoding:
      - gzip, deflate
      CommandName:
      - capacity reservation create
      Connection:
      - keep-alive
      ParameterSetName:
      - -c -n -g --sku --capacity --zone --tags
      User-Agent:
      - AZURECLI/2.44.1 azsdk-python-azure-mgmt-compute/29.1.0 Python/3.10.9 (Windows-10-10.0.22621-SP0)
    method: GET
    uri: https://management.azure.com/subscriptions/00000000-0000-0000-0000-000000000000/resourceGroups/cli_test_capacity_reservation_list_delete000001/providers/Microsoft.Compute/capacityReservationGroups/cli_reservation_group_000002/capacityReservations/cli_reservation_name_000003?api-version=2022-11-01
  response:
    body:
      string: "{\r\n  \"name\": \"cli_reservation_name_000003\",\r\n  \"id\": \"/subscriptions/00000000-0000-0000-0000-000000000000/resourceGroups/cli_test_capacity_reservation_list_delete000001/providers/Microsoft.Compute/capacityReservationGroups/cli_reservation_group_000002/capacityReservations/cli_reservation_name_000003\"\
        ,\r\n  \"type\": \"Microsoft.Compute/capacityReservationGroups/capacityReservations\"\
        ,\r\n  \"location\": \"centraluseuap\",\r\n  \"tags\": {\r\n    \"key\": \"\
        val\"\r\n  },\r\n  \"sku\": {\r\n    \"name\": \"Standard_DS1_v2\",\r\n  \
        \  \"capacity\": 5\r\n  },\r\n  \"zones\": [\r\n    \"1\"\r\n  ],\r\n  \"\
        properties\": {\r\n    \"platformFaultDomainCount\": 3,\r\n    \"reservationId\"\
        : \"393e4631-f0d9-4372-95ce-358f2db8d5d2\",\r\n    \"provisioningTime\": \"\
        2023-01-28T04:16:44.4034733+00:00\",\r\n    \"provisioningState\": \"Succeeded\"\
        ,\r\n    \"timeCreated\": \"2023-01-28T04:16:44.1378388+00:00\"\r\n  }\r\n\
        }"
    headers:
      cache-control:
      - no-cache
      content-length:
      - '830'
      content-type:
      - application/json; charset=utf-8
      date:
      - Sat, 28 Jan 2023 04:17:16 GMT
      expires:
      - '-1'
      pragma:
      - no-cache
      server:
      - Microsoft-HTTPAPI/2.0
      - Microsoft-HTTPAPI/2.0
      strict-transport-security:
      - max-age=31536000; includeSubDomains
      transfer-encoding:
      - chunked
      vary:
      - Accept-Encoding
      x-content-type-options:
      - nosniff
      x-ms-ratelimit-remaining-resource:
      - Microsoft.Compute/GetCapacityReservation3Min;248,Microsoft.Compute/GetCapacityReservation30Min;998
    status:
      code: 200
      message: OK
- request:
    body: null
    headers:
      Accept:
      - application/json
      Accept-Encoding:
      - gzip, deflate
      CommandName:
      - capacity reservation list
      Connection:
      - keep-alive
      ParameterSetName:
      - -c -g --query
      User-Agent:
      - AZURECLI/2.44.1 (AAZ) azsdk-python-core/1.24.0 Python/3.10.9 (Windows-10-10.0.22621-SP0)
    method: GET
    uri: https://management.azure.com/subscriptions/00000000-0000-0000-0000-000000000000/resourceGroups/cli_test_capacity_reservation_list_delete000001/providers/Microsoft.Compute/capacityReservationGroups/cli_reservation_group_000002/capacityReservations?api-version=2022-08-01
  response:
    body:
      string: "{\r\n  \"value\": [\r\n    {\r\n      \"name\": \"cli_reservation_name_000003\"\
        ,\r\n      \"id\": \"/subscriptions/00000000-0000-0000-0000-000000000000/resourceGroups/CLI_TEST_CAPACITY_RESERVATION_LIST_DELETER72RHM4KJPKLC6DO4F4ELHAZFUFKF5H33O/providers/Microsoft.Compute/capacityReservationGroups/cli_reservation_group_000002/capacityReservations/cli_reservation_name_000003\"\
        ,\r\n      \"type\": \"Microsoft.Compute/capacityReservationGroups/capacityReservations\"\
        ,\r\n      \"location\": \"centraluseuap\",\r\n      \"tags\": {\r\n     \
        \   \"key\": \"val\"\r\n      },\r\n      \"sku\": {\r\n        \"name\":\
        \ \"Standard_DS1_v2\",\r\n        \"capacity\": 5\r\n      },\r\n      \"\
        zones\": [\r\n        \"1\"\r\n      ],\r\n      \"properties\": {\r\n   \
        \     \"platformFaultDomainCount\": 3,\r\n        \"reservationId\": \"393e4631-f0d9-4372-95ce-358f2db8d5d2\"\
        ,\r\n        \"provisioningTime\": \"2023-01-28T04:16:44.4034733+00:00\",\r\
        \n        \"provisioningState\": \"Succeeded\",\r\n        \"timeCreated\"\
        : \"2023-01-28T04:16:44.1378388+00:00\"\r\n      }\r\n    }\r\n  ]\r\n}"
    headers:
      cache-control:
      - no-cache
      content-length:
      - '975'
      content-type:
      - application/json; charset=utf-8
      date:
      - Sat, 28 Jan 2023 04:17:18 GMT
      expires:
      - '-1'
      pragma:
      - no-cache
      server:
      - Microsoft-HTTPAPI/2.0
      - Microsoft-HTTPAPI/2.0
      strict-transport-security:
      - max-age=31536000; includeSubDomains
      transfer-encoding:
      - chunked
      vary:
      - Accept-Encoding
      x-content-type-options:
      - nosniff
      x-ms-ratelimit-remaining-resource:
      - Microsoft.Compute/GetCapacityReservation3Min;247,Microsoft.Compute/GetCapacityReservation30Min;997
    status:
      code: 200
      message: OK
- request:
    body: null
    headers:
      Accept:
      - '*/*'
      Accept-Encoding:
      - gzip, deflate
      CommandName:
      - capacity reservation delete
      Connection:
      - keep-alive
      Content-Length:
      - '0'
      ParameterSetName:
      - -c -n -g --yes
      User-Agent:
      - AZURECLI/2.44.1 (AAZ) azsdk-python-core/1.24.0 Python/3.10.9 (Windows-10-10.0.22621-SP0)
    method: DELETE
    uri: https://management.azure.com/subscriptions/00000000-0000-0000-0000-000000000000/resourceGroups/cli_test_capacity_reservation_list_delete000001/providers/Microsoft.Compute/capacityReservationGroups/cli_reservation_group_000002/capacityReservations/cli_reservation_name_000003?api-version=2022-08-01
  response:
    body:
      string: ''
    headers:
      azure-asyncnotification:
      - Enabled
      azure-asyncoperation:
      - https://management.azure.com/subscriptions/00000000-0000-0000-0000-000000000000/providers/Microsoft.Compute/locations/CentralUSEUAP/operations/a5db292f-1ad2-4a41-85d5-bf64131a7eda?p=2745cc42-2cf3-41b7-830c-129b79fbec46&api-version=2022-08-01
      cache-control:
      - no-cache
      content-length:
      - '0'
      date:
      - Sat, 28 Jan 2023 04:17:20 GMT
      expires:
      - '-1'
      location:
      - https://management.azure.com/subscriptions/00000000-0000-0000-0000-000000000000/providers/Microsoft.Compute/locations/CentralUSEUAP/operations/a5db292f-1ad2-4a41-85d5-bf64131a7eda?p=2745cc42-2cf3-41b7-830c-129b79fbec46&monitor=true&api-version=2022-08-01
      pragma:
      - no-cache
      server:
      - Microsoft-HTTPAPI/2.0
      - Microsoft-HTTPAPI/2.0
      strict-transport-security:
      - max-age=31536000; includeSubDomains
      x-content-type-options:
      - nosniff
      x-ms-ratelimit-remaining-resource:
      - Microsoft.Compute/PutDeleteCapacityReservation3Min;117,Microsoft.Compute/PutDeleteCapacityReservation30Min;597
      x-ms-ratelimit-remaining-subscription-deletes:
      - '14998'
    status:
      code: 202
      message: Accepted
- request:
    body: null
    headers:
      Accept:
      - '*/*'
      Accept-Encoding:
      - gzip, deflate
      CommandName:
      - capacity reservation delete
      Connection:
      - keep-alive
      ParameterSetName:
      - -c -n -g --yes
      User-Agent:
      - AZURECLI/2.44.1 (AAZ) azsdk-python-core/1.24.0 Python/3.10.9 (Windows-10-10.0.22621-SP0)
    method: GET
    uri: https://management.azure.com/subscriptions/00000000-0000-0000-0000-000000000000/providers/Microsoft.Compute/locations/CentralUSEUAP/operations/a5db292f-1ad2-4a41-85d5-bf64131a7eda?p=2745cc42-2cf3-41b7-830c-129b79fbec46&api-version=2022-08-01
  response:
    body:
      string: "{\r\n  \"startTime\": \"2023-01-28T04:17:20.4349618+00:00\",\r\n  \"\
        endTime\": \"2023-01-28T04:17:20.559993+00:00\",\r\n  \"status\": \"Succeeded\"\
        ,\r\n  \"name\": \"a5db292f-1ad2-4a41-85d5-bf64131a7eda\"\r\n}"
    headers:
      cache-control:
      - no-cache
      content-length:
      - '183'
      content-type:
      - application/json; charset=utf-8
      date:
      - Sat, 28 Jan 2023 04:17:50 GMT
      expires:
      - '-1'
      pragma:
      - no-cache
      server:
      - Microsoft-HTTPAPI/2.0
      - Microsoft-HTTPAPI/2.0
      strict-transport-security:
      - max-age=31536000; includeSubDomains
      transfer-encoding:
      - chunked
      vary:
      - Accept-Encoding
      x-content-type-options:
      - nosniff
      x-ms-ratelimit-remaining-resource:
      - Microsoft.Compute/GetOperation3Min;14995,Microsoft.Compute/GetOperation30Min;29961
    status:
      code: 200
      message: OK
- request:
    body: null
    headers:
      Accept:
      - '*/*'
      Accept-Encoding:
      - gzip, deflate
      CommandName:
      - capacity reservation group delete
      Connection:
      - keep-alive
      Content-Length:
      - '0'
      ParameterSetName:
      - -n -g --yes
      User-Agent:
      - AZURECLI/2.44.1 (AAZ) azsdk-python-core/1.24.0 Python/3.10.9 (Windows-10-10.0.22621-SP0)
    method: DELETE
    uri: https://management.azure.com/subscriptions/00000000-0000-0000-0000-000000000000/resourceGroups/cli_test_capacity_reservation_list_delete000001/providers/Microsoft.Compute/capacityReservationGroups/cli_reservation_group_000002?api-version=2022-08-01
  response:
    body:
      string: ''
    headers:
      cache-control:
      - no-cache
      content-length:
      - '0'
      date:
      - Sat, 28 Jan 2023 04:17:55 GMT
      expires:
      - '-1'
      pragma:
      - no-cache
      server:
      - Microsoft-HTTPAPI/2.0
      - Microsoft-HTTPAPI/2.0
      strict-transport-security:
      - max-age=31536000; includeSubDomains
      x-content-type-options:
      - nosniff
      x-ms-ratelimit-remaining-resource:
      - Microsoft.Compute/PutDeleteCapacityReservation3Min;116,Microsoft.Compute/PutDeleteCapacityReservation30Min;596
      x-ms-ratelimit-remaining-subscription-deletes:
      - '14999'
    status:
      code: 200
      message: OK
version: 1
