interactions:
- request:
    body: null
    headers:
      Accept:
      - application/json
      Accept-Encoding:
      - gzip, deflate
      CommandName:
      - vm create
      Connection:
      - keep-alive
      ParameterSetName:
      - -g -n --image --security-type --enable-secure-boot --enable-vtpm --admin-username
        --admin-password --nsg-rule --disable-integrity-monitoring
      User-Agent:
      - AZURECLI/2.36.0 azsdk-python-azure-mgmt-resource/20.0.0 Python/3.8.10 (Windows-10-10.0.22000-SP0)
    method: GET
    uri: https://management.azure.com/subscriptions/00000000-0000-0000-0000-000000000000/resourcegroups/cli_test_vm_trusted_launch_000001?api-version=2021-04-01
  response:
    body:
      string: '{"id":"/subscriptions/00000000-0000-0000-0000-000000000000/resourceGroups/cli_test_vm_trusted_launch_000001","name":"cli_test_vm_trusted_launch_000001","type":"Microsoft.Resources/resourceGroups","location":"southcentralus","tags":{"product":"azurecli","cause":"automation","date":"2022-05-18T12:25:47Z"},"properties":{"provisioningState":"Succeeded"}}'
    headers:
      cache-control:
      - no-cache
      content-length:
      - '352'
      content-type:
      - application/json; charset=utf-8
      date:
      - Wed, 18 May 2022 12:25:52 GMT
      expires:
      - '-1'
      pragma:
      - no-cache
      strict-transport-security:
      - max-age=31536000; includeSubDomains
      vary:
      - Accept-Encoding
      x-content-type-options:
      - nosniff
    status:
      code: 200
      message: OK
- request:
    body: null
    headers:
      Accept:
      - application/json
      Accept-Encoding:
      - gzip, deflate
      CommandName:
      - vm create
      Connection:
      - keep-alive
      ParameterSetName:
      - -g -n --image --security-type --enable-secure-boot --enable-vtpm --admin-username
        --admin-password --nsg-rule --disable-integrity-monitoring
      User-Agent:
      - AZURECLI/2.36.0 azsdk-python-azure-mgmt-compute/27.0.0 Python/3.8.10 (Windows-10-10.0.22000-SP0)
    method: GET
    uri: https://management.azure.com/subscriptions/00000000-0000-0000-0000-000000000000/providers/Microsoft.Compute/locations/southcentralus/publishers/canonical/artifacttypes/vmimage/offers/0001-com-ubuntu-server-focal/skus/20_04-lts-gen2/versions?$top=1&$orderby=name%20desc&api-version=2022-03-01
  response:
    body:
      string: "[\r\n  {\r\n    \"location\": \"southcentralus\",\r\n    \"name\":
        \"20.04.202205100\",\r\n    \"id\": \"/Subscriptions/00000000-0000-0000-0000-000000000000/Providers/Microsoft.Compute/Locations/southcentralus/Publishers/canonical/ArtifactTypes/VMImage/Offers/0001-com-ubuntu-server-focal/Skus/20_04-lts-gen2/Versions/20.04.202205100\"\r\n
        \ }\r\n]"
    headers:
      cache-control:
      - no-cache
      content-length:
      - '323'
      content-type:
      - application/json; charset=utf-8
      date:
      - Wed, 18 May 2022 12:25:53 GMT
      expires:
      - '-1'
      pragma:
      - no-cache
      server:
      - Microsoft-HTTPAPI/2.0
      - Microsoft-HTTPAPI/2.0
      strict-transport-security:
      - max-age=31536000; includeSubDomains
      transfer-encoding:
      - chunked
      vary:
      - Accept-Encoding
      x-content-type-options:
      - nosniff
      x-ms-ratelimit-remaining-resource:
      - Microsoft.Compute/ListVMImagesVersionsFromLocation3Min;15996,Microsoft.Compute/ListVMImagesVersionsFromLocation30Min;43996
    status:
      code: 200
      message: OK
- request:
    body: null
    headers:
      Accept:
      - application/json
      Accept-Encoding:
      - gzip, deflate
      CommandName:
      - vm create
      Connection:
      - keep-alive
      ParameterSetName:
      - -g -n --image --security-type --enable-secure-boot --enable-vtpm --admin-username
        --admin-password --nsg-rule --disable-integrity-monitoring
      User-Agent:
      - AZURECLI/2.36.0 azsdk-python-azure-mgmt-compute/27.0.0 Python/3.8.10 (Windows-10-10.0.22000-SP0)
    method: GET
    uri: https://management.azure.com/subscriptions/00000000-0000-0000-0000-000000000000/providers/Microsoft.Compute/locations/southcentralus/publishers/canonical/artifacttypes/vmimage/offers/0001-com-ubuntu-server-focal/skus/20_04-lts-gen2/versions/20.04.202205100?api-version=2022-03-01
  response:
    body:
      string: "{\r\n  \"properties\": {\r\n    \"hyperVGeneration\": \"V2\",\r\n    \"architecture\":
        \"x64\",\r\n    \"replicaType\": \"Managed\",\r\n    \"replicaCount\": 10,\r\n
        \   \"disallowed\": {\r\n      \"vmDiskType\": \"Unmanaged\"\r\n    },\r\n
        \   \"automaticOSUpgradeProperties\": {\r\n      \"automaticOSUpgradeSupported\":
        false\r\n    },\r\n    \"imageDeprecationStatus\": {\r\n      \"imageState\":
        \"Active\"\r\n    },\r\n    \"features\": [\r\n      {\r\n        \"name\":
        \"SecurityType\",\r\n        \"value\": \"TrustedLaunchSupported\"\r\n      },\r\n
        \     {\r\n        \"name\": \"IsAcceleratedNetworkSupported\",\r\n        \"value\":
        \"True\"\r\n      },\r\n      {\r\n        \"name\": \"DiskControllerTypes\",\r\n
        \       \"value\": \"SCSI\"\r\n      },\r\n      {\r\n        \"name\": \"IsHibernateSupported\",\r\n
        \       \"value\": \"False\"\r\n      }\r\n    ],\r\n    \"osDiskImage\":
        {\r\n      \"operatingSystem\": \"Linux\",\r\n      \"sizeInGb\": 30\r\n    },\r\n
        \   \"dataDiskImages\": []\r\n  },\r\n  \"location\": \"southcentralus\",\r\n
        \ \"name\": \"20.04.202205100\",\r\n  \"id\": \"/Subscriptions/00000000-0000-0000-0000-000000000000/Providers/Microsoft.Compute/Locations/southcentralus/Publishers/canonical/ArtifactTypes/VMImage/Offers/0001-com-ubuntu-server-focal/Skus/20_04-lts-gen2/Versions/20.04.202205100\"\r\n}"
    headers:
      cache-control:
      - no-cache
      content-length:
      - '1169'
      content-type:
      - application/json; charset=utf-8
      date:
      - Wed, 18 May 2022 12:25:56 GMT
      expires:
      - '-1'
      pragma:
      - no-cache
      server:
      - Microsoft-HTTPAPI/2.0
      - Microsoft-HTTPAPI/2.0
      strict-transport-security:
      - max-age=31536000; includeSubDomains
      transfer-encoding:
      - chunked
      vary:
      - Accept-Encoding
      x-content-type-options:
      - nosniff
      x-ms-ratelimit-remaining-resource:
      - Microsoft.Compute/GetVMImageFromLocation3Min;12997,Microsoft.Compute/GetVMImageFromLocation30Min;73997
    status:
      code: 200
      message: OK
- request:
    body: null
    headers:
      Accept:
      - application/json, text/json
      Accept-Encoding:
      - gzip, deflate
      CommandName:
      - vm create
      Connection:
      - keep-alive
      ParameterSetName:
      - -g -n --image --security-type --enable-secure-boot --enable-vtpm --admin-username
        --admin-password --nsg-rule --disable-integrity-monitoring
      User-Agent:
      - AZURECLI/2.36.0 azsdk-python-azure-mgmt-network/19.3.0 Python/3.8.10 (Windows-10-10.0.22000-SP0)
    method: GET
    uri: https://management.azure.com/subscriptions/00000000-0000-0000-0000-000000000000/resourceGroups/cli_test_vm_trusted_launch_000001/providers/Microsoft.Network/virtualNetworks?api-version=2018-01-01
  response:
    body:
      string: '{"value":[]}'
    headers:
      cache-control:
      - no-cache
      content-length:
      - '12'
      content-type:
      - application/json; charset=utf-8
      date:
      - Wed, 18 May 2022 12:25:58 GMT
      expires:
      - '-1'
      pragma:
      - no-cache
      strict-transport-security:
      - max-age=31536000; includeSubDomains
      vary:
      - Accept-Encoding
      x-content-type-options:
      - nosniff
    status:
      code: 200
      message: OK
- request:
    body: '{"properties": {"template": {"$schema": "https://schema.management.azure.com/schemas/2015-01-01/deploymentTemplate.json#",
      "contentVersion": "1.0.0.0", "parameters": {"adminPassword": {"type": "securestring",
      "metadata": {"description": "Secure adminPassword"}}}, "variables": {}, "resources":
      [{"name": "vmVNET", "type": "Microsoft.Network/virtualNetworks", "location":
      "southcentralus", "apiVersion": "2015-06-15", "dependsOn": [], "tags": {}, "properties":
      {"addressSpace": {"addressPrefixes": ["10.0.0.0/16"]}, "subnets": [{"name":
      "vmSubnet", "properties": {"addressPrefix": "10.0.0.0/24"}}]}}, {"type": "Microsoft.Network/networkSecurityGroups",
      "name": "vmNSG", "apiVersion": "2015-06-15", "location": "southcentralus", "tags":
      {}, "dependsOn": []}, {"apiVersion": "2018-01-01", "type": "Microsoft.Network/publicIPAddresses",
      "name": "vmPublicIP", "location": "southcentralus", "tags": {}, "dependsOn":
      [], "properties": {"publicIPAllocationMethod": null}}, {"apiVersion": "2015-06-15",
      "type": "Microsoft.Network/networkInterfaces", "name": "vmVMNic", "location":
      "southcentralus", "tags": {}, "dependsOn": ["Microsoft.Network/virtualNetworks/vmVNET",
      "Microsoft.Network/networkSecurityGroups/vmNSG", "Microsoft.Network/publicIpAddresses/vmPublicIP"],
      "properties": {"ipConfigurations": [{"name": "ipconfigvm", "properties": {"privateIPAllocationMethod":
      "Dynamic", "subnet": {"id": "/subscriptions/00000000-0000-0000-0000-000000000000/resourceGroups/cli_test_vm_trusted_launch_000001/providers/Microsoft.Network/virtualNetworks/vmVNET/subnets/vmSubnet"},
      "publicIPAddress": {"id": "/subscriptions/00000000-0000-0000-0000-000000000000/resourceGroups/cli_test_vm_trusted_launch_000001/providers/Microsoft.Network/publicIPAddresses/vmPublicIP"}}}],
      "networkSecurityGroup": {"id": "/subscriptions/00000000-0000-0000-0000-000000000000/resourceGroups/cli_test_vm_trusted_launch_000001/providers/Microsoft.Network/networkSecurityGroups/vmNSG"}}},
      {"apiVersion": "2022-03-01", "type": "Microsoft.Compute/virtualMachines", "name":
      "vm", "location": "southcentralus", "tags": {}, "dependsOn": ["Microsoft.Network/networkInterfaces/vmVMNic"],
      "properties": {"hardwareProfile": {"vmSize": "Standard_DS1_v2"}, "networkProfile":
      {"networkInterfaces": [{"id": "/subscriptions/00000000-0000-0000-0000-000000000000/resourceGroups/cli_test_vm_trusted_launch_000001/providers/Microsoft.Network/networkInterfaces/vmVMNic",
      "properties": {"deleteOption": null}}]}, "storageProfile": {"osDisk": {"createOption":
      "fromImage", "name": null, "caching": "ReadWrite", "managedDisk": {"storageAccountType":
      null}}, "imageReference": {"publisher": "canonical", "offer": "0001-com-ubuntu-server-focal",
      "sku": "20_04-lts-gen2", "version": "latest"}}, "osProfile": {"computerName":
      "vm", "adminUsername": "azureuser", "adminPassword": "[parameters(''adminPassword'')]"},
      "securityProfile": {"securityType": "TrustedLaunch", "uefiSettings": {"secureBootEnabled":
      true, "vTpmEnabled": true}}}}], "outputs": {}}, "parameters": {"adminPassword":
      {"value": "testPassword0"}}, "mode": "incremental"}}'
    headers:
      Accept:
      - application/json
      Accept-Encoding:
      - gzip, deflate
      CommandName:
      - vm create
      Connection:
      - keep-alive
      Content-Length:
      - '3070'
      Content-Type:
      - application/json
      ParameterSetName:
      - -g -n --image --security-type --enable-secure-boot --enable-vtpm --admin-username
        --admin-password --nsg-rule --disable-integrity-monitoring
      User-Agent:
      - AZURECLI/2.36.0 azsdk-python-azure-mgmt-resource/20.0.0 Python/3.8.10 (Windows-10-10.0.22000-SP0)
    method: PUT
    uri: https://management.azure.com/subscriptions/00000000-0000-0000-0000-000000000000/resourcegroups/cli_test_vm_trusted_launch_000001/providers/Microsoft.Resources/deployments/mock-deployment?api-version=2021-04-01
  response:
    body:
      string: '{"id":"/subscriptions/00000000-0000-0000-0000-000000000000/resourceGroups/cli_test_vm_trusted_launch_000001/providers/Microsoft.Resources/deployments/vm_deploy_RRCFC2Jq618lyGQMTRIm1tXNxZ7EdOj0","name":"vm_deploy_RRCFC2Jq618lyGQMTRIm1tXNxZ7EdOj0","type":"Microsoft.Resources/deployments","properties":{"templateHash":"9125075895871194992","parameters":{"adminPassword":{"type":"SecureString"}},"mode":"Incremental","provisioningState":"Accepted","timestamp":"2022-05-18T12:26:04.5283584Z","duration":"PT0.0005298S","correlationId":"51143cfb-87f9-4762-83a8-d257a5bc1f89","providers":[{"namespace":"Microsoft.Network","resourceTypes":[{"resourceType":"virtualNetworks","locations":["southcentralus"]},{"resourceType":"networkSecurityGroups","locations":["southcentralus"]},{"resourceType":"publicIPAddresses","locations":["southcentralus"]},{"resourceType":"networkInterfaces","locations":["southcentralus"]}]},{"namespace":"Microsoft.Compute","resourceTypes":[{"resourceType":"virtualMachines","locations":["southcentralus"]}]}],"dependencies":[{"dependsOn":[{"id":"/subscriptions/00000000-0000-0000-0000-000000000000/resourceGroups/cli_test_vm_trusted_launch_000001/providers/Microsoft.Network/virtualNetworks/vmVNET","resourceType":"Microsoft.Network/virtualNetworks","resourceName":"vmVNET"},{"id":"/subscriptions/00000000-0000-0000-0000-000000000000/resourceGroups/cli_test_vm_trusted_launch_000001/providers/Microsoft.Network/networkSecurityGroups/vmNSG","resourceType":"Microsoft.Network/networkSecurityGroups","resourceName":"vmNSG"},{"id":"/subscriptions/00000000-0000-0000-0000-000000000000/resourceGroups/cli_test_vm_trusted_launch_000001/providers/Microsoft.Network/publicIPAddresses/vmPublicIP","resourceType":"Microsoft.Network/publicIPAddresses","resourceName":"vmPublicIP"}],"id":"/subscriptions/00000000-0000-0000-0000-000000000000/resourceGroups/cli_test_vm_trusted_launch_000001/providers/Microsoft.Network/networkInterfaces/vmVMNic","resourceType":"Microsoft.Network/networkInterfaces","resourceName":"vmVMNic"},{"dependsOn":[{"id":"/subscriptions/00000000-0000-0000-0000-000000000000/resourceGroups/cli_test_vm_trusted_launch_000001/providers/Microsoft.Network/networkInterfaces/vmVMNic","resourceType":"Microsoft.Network/networkInterfaces","resourceName":"vmVMNic"}],"id":"/subscriptions/00000000-0000-0000-0000-000000000000/resourceGroups/cli_test_vm_trusted_launch_000001/providers/Microsoft.Compute/virtualMachines/vm","resourceType":"Microsoft.Compute/virtualMachines","resourceName":"vm"}]}}'
    headers:
      azure-asyncoperation:
      - https://management.azure.com/subscriptions/00000000-0000-0000-0000-000000000000/resourcegroups/cli_test_vm_trusted_launch_000001/providers/Microsoft.Resources/deployments/vm_deploy_RRCFC2Jq618lyGQMTRIm1tXNxZ7EdOj0/operationStatuses/08585487301235824362?api-version=2021-04-01
      cache-control:
      - no-cache
      content-length:
      - '2515'
      content-type:
      - application/json; charset=utf-8
      date:
      - Wed, 18 May 2022 12:26:05 GMT
      expires:
      - '-1'
      pragma:
      - no-cache
      strict-transport-security:
      - max-age=31536000; includeSubDomains
      x-content-type-options:
      - nosniff
      x-ms-ratelimit-remaining-subscription-writes:
      - '1186'
    status:
      code: 201
      message: Created
- request:
    body: null
    headers:
      Accept:
      - '*/*'
      Accept-Encoding:
      - gzip, deflate
      CommandName:
      - vm create
      Connection:
      - keep-alive
      ParameterSetName:
      - -g -n --image --security-type --enable-secure-boot --enable-vtpm --admin-username
        --admin-password --nsg-rule --disable-integrity-monitoring
      User-Agent:
      - AZURECLI/2.36.0 azsdk-python-azure-mgmt-resource/20.0.0 Python/3.8.10 (Windows-10-10.0.22000-SP0)
    method: GET
    uri: https://management.azure.com/subscriptions/00000000-0000-0000-0000-000000000000/resourcegroups/cli_test_vm_trusted_launch_000001/providers/Microsoft.Resources/deployments/mock-deployment/operationStatuses/08585487301235824362?api-version=2021-04-01
  response:
    body:
      string: '{"status":"Running"}'
    headers:
      cache-control:
      - no-cache
      content-length:
      - '20'
      content-type:
      - application/json; charset=utf-8
      date:
      - Wed, 18 May 2022 12:26:35 GMT
      expires:
      - '-1'
      pragma:
      - no-cache
      strict-transport-security:
      - max-age=31536000; includeSubDomains
      vary:
      - Accept-Encoding
      x-content-type-options:
      - nosniff
    status:
      code: 200
      message: OK
- request:
    body: null
    headers:
      Accept:
      - '*/*'
      Accept-Encoding:
      - gzip, deflate
      CommandName:
      - vm create
      Connection:
      - keep-alive
      ParameterSetName:
      - -g -n --image --security-type --enable-secure-boot --enable-vtpm --admin-username
        --admin-password --nsg-rule --disable-integrity-monitoring
      User-Agent:
      - AZURECLI/2.36.0 azsdk-python-azure-mgmt-resource/20.0.0 Python/3.8.10 (Windows-10-10.0.22000-SP0)
    method: GET
    uri: https://management.azure.com/subscriptions/00000000-0000-0000-0000-000000000000/resourcegroups/cli_test_vm_trusted_launch_000001/providers/Microsoft.Resources/deployments/mock-deployment/operationStatuses/08585487301235824362?api-version=2021-04-01
  response:
    body:
      string: '{"status":"Running"}'
    headers:
      cache-control:
      - no-cache
      content-length:
      - '20'
      content-type:
      - application/json; charset=utf-8
      date:
      - Wed, 18 May 2022 12:27:05 GMT
      expires:
      - '-1'
      pragma:
      - no-cache
      strict-transport-security:
      - max-age=31536000; includeSubDomains
      vary:
      - Accept-Encoding
      x-content-type-options:
      - nosniff
    status:
      code: 200
      message: OK
- request:
    body: null
    headers:
      Accept:
      - '*/*'
      Accept-Encoding:
      - gzip, deflate
      CommandName:
      - vm create
      Connection:
      - keep-alive
      ParameterSetName:
      - -g -n --image --security-type --enable-secure-boot --enable-vtpm --admin-username
        --admin-password --nsg-rule --disable-integrity-monitoring
      User-Agent:
      - AZURECLI/2.36.0 azsdk-python-azure-mgmt-resource/20.0.0 Python/3.8.10 (Windows-10-10.0.22000-SP0)
    method: GET
    uri: https://management.azure.com/subscriptions/00000000-0000-0000-0000-000000000000/resourcegroups/cli_test_vm_trusted_launch_000001/providers/Microsoft.Resources/deployments/mock-deployment/operationStatuses/08585487301235824362?api-version=2021-04-01
  response:
    body:
      string: '{"status":"Succeeded"}'
    headers:
      cache-control:
      - no-cache
      content-length:
      - '22'
      content-type:
      - application/json; charset=utf-8
      date:
      - Wed, 18 May 2022 12:27:36 GMT
      expires:
      - '-1'
      pragma:
      - no-cache
      strict-transport-security:
      - max-age=31536000; includeSubDomains
      vary:
      - Accept-Encoding
      x-content-type-options:
      - nosniff
    status:
      code: 200
      message: OK
- request:
    body: null
    headers:
      Accept:
      - '*/*'
      Accept-Encoding:
      - gzip, deflate
      CommandName:
      - vm create
      Connection:
      - keep-alive
      ParameterSetName:
      - -g -n --image --security-type --enable-secure-boot --enable-vtpm --admin-username
        --admin-password --nsg-rule --disable-integrity-monitoring
      User-Agent:
      - AZURECLI/2.36.0 azsdk-python-azure-mgmt-resource/20.0.0 Python/3.8.10 (Windows-10-10.0.22000-SP0)
    method: GET
    uri: https://management.azure.com/subscriptions/00000000-0000-0000-0000-000000000000/resourcegroups/cli_test_vm_trusted_launch_000001/providers/Microsoft.Resources/deployments/mock-deployment?api-version=2021-04-01
  response:
    body:
      string: '{"id":"/subscriptions/00000000-0000-0000-0000-000000000000/resourceGroups/cli_test_vm_trusted_launch_000001/providers/Microsoft.Resources/deployments/vm_deploy_RRCFC2Jq618lyGQMTRIm1tXNxZ7EdOj0","name":"vm_deploy_RRCFC2Jq618lyGQMTRIm1tXNxZ7EdOj0","type":"Microsoft.Resources/deployments","properties":{"templateHash":"9125075895871194992","parameters":{"adminPassword":{"type":"SecureString"}},"mode":"Incremental","provisioningState":"Succeeded","timestamp":"2022-05-18T12:27:29.3011735Z","duration":"PT1M24.7733449S","correlationId":"51143cfb-87f9-4762-83a8-d257a5bc1f89","providers":[{"namespace":"Microsoft.Network","resourceTypes":[{"resourceType":"virtualNetworks","locations":["southcentralus"]},{"resourceType":"networkSecurityGroups","locations":["southcentralus"]},{"resourceType":"publicIPAddresses","locations":["southcentralus"]},{"resourceType":"networkInterfaces","locations":["southcentralus"]}]},{"namespace":"Microsoft.Compute","resourceTypes":[{"resourceType":"virtualMachines","locations":["southcentralus"]}]}],"dependencies":[{"dependsOn":[{"id":"/subscriptions/00000000-0000-0000-0000-000000000000/resourceGroups/cli_test_vm_trusted_launch_000001/providers/Microsoft.Network/virtualNetworks/vmVNET","resourceType":"Microsoft.Network/virtualNetworks","resourceName":"vmVNET"},{"id":"/subscriptions/00000000-0000-0000-0000-000000000000/resourceGroups/cli_test_vm_trusted_launch_000001/providers/Microsoft.Network/networkSecurityGroups/vmNSG","resourceType":"Microsoft.Network/networkSecurityGroups","resourceName":"vmNSG"},{"id":"/subscriptions/00000000-0000-0000-0000-000000000000/resourceGroups/cli_test_vm_trusted_launch_000001/providers/Microsoft.Network/publicIPAddresses/vmPublicIP","resourceType":"Microsoft.Network/publicIPAddresses","resourceName":"vmPublicIP"}],"id":"/subscriptions/00000000-0000-0000-0000-000000000000/resourceGroups/cli_test_vm_trusted_launch_000001/providers/Microsoft.Network/networkInterfaces/vmVMNic","resourceType":"Microsoft.Network/networkInterfaces","resourceName":"vmVMNic"},{"dependsOn":[{"id":"/subscriptions/00000000-0000-0000-0000-000000000000/resourceGroups/cli_test_vm_trusted_launch_000001/providers/Microsoft.Network/networkInterfaces/vmVMNic","resourceType":"Microsoft.Network/networkInterfaces","resourceName":"vmVMNic"}],"id":"/subscriptions/00000000-0000-0000-0000-000000000000/resourceGroups/cli_test_vm_trusted_launch_000001/providers/Microsoft.Compute/virtualMachines/vm","resourceType":"Microsoft.Compute/virtualMachines","resourceName":"vm"}],"outputs":{},"outputResources":[{"id":"/subscriptions/00000000-0000-0000-0000-000000000000/resourceGroups/cli_test_vm_trusted_launch_000001/providers/Microsoft.Compute/virtualMachines/vm"},{"id":"/subscriptions/00000000-0000-0000-0000-000000000000/resourceGroups/cli_test_vm_trusted_launch_000001/providers/Microsoft.Network/networkInterfaces/vmVMNic"},{"id":"/subscriptions/00000000-0000-0000-0000-000000000000/resourceGroups/cli_test_vm_trusted_launch_000001/providers/Microsoft.Network/networkSecurityGroups/vmNSG"},{"id":"/subscriptions/00000000-0000-0000-0000-000000000000/resourceGroups/cli_test_vm_trusted_launch_000001/providers/Microsoft.Network/publicIPAddresses/vmPublicIP"},{"id":"/subscriptions/00000000-0000-0000-0000-000000000000/resourceGroups/cli_test_vm_trusted_launch_000001/providers/Microsoft.Network/virtualNetworks/vmVNET"}]}}'
    headers:
      cache-control:
      - no-cache
      content-length:
      - '3367'
      content-type:
      - application/json; charset=utf-8
      date:
      - Wed, 18 May 2022 12:27:36 GMT
      expires:
      - '-1'
      pragma:
      - no-cache
      strict-transport-security:
      - max-age=31536000; includeSubDomains
      vary:
      - Accept-Encoding
      x-content-type-options:
      - nosniff
    status:
      code: 200
      message: OK
- request:
    body: null
    headers:
      Accept:
      - application/json
      Accept-Encoding:
      - gzip, deflate
      CommandName:
      - vm create
      Connection:
      - keep-alive
      ParameterSetName:
      - -g -n --image --security-type --enable-secure-boot --enable-vtpm --admin-username
        --admin-password --nsg-rule --disable-integrity-monitoring
      User-Agent:
      - AZURECLI/2.36.0 azsdk-python-azure-mgmt-compute/27.0.0 Python/3.8.10 (Windows-10-10.0.22000-SP0)
    method: GET
    uri: https://management.azure.com/subscriptions/00000000-0000-0000-0000-000000000000/resourceGroups/cli_test_vm_trusted_launch_000001/providers/Microsoft.Compute/virtualMachines/vm?$expand=instanceView&api-version=2022-03-01
  response:
    body:
      string: "{\r\n  \"name\": \"vm\",\r\n  \"id\": \"/subscriptions/00000000-0000-0000-0000-000000000000/resourceGroups/cli_test_vm_trusted_launch_000001/providers/Microsoft.Compute/virtualMachines/vm\",\r\n
        \ \"type\": \"Microsoft.Compute/virtualMachines\",\r\n  \"location\": \"southcentralus\",\r\n
        \ \"tags\": {},\r\n  \"properties\": {\r\n    \"vmId\": \"4e85f930-1fae-4d1d-a713-83ab4dbf01ac\",\r\n
        \   \"hardwareProfile\": {\r\n      \"vmSize\": \"Standard_DS1_v2\"\r\n    },\r\n
        \   \"storageProfile\": {\r\n      \"imageReference\": {\r\n        \"publisher\":
        \"canonical\",\r\n        \"offer\": \"0001-com-ubuntu-server-focal\",\r\n
        \       \"sku\": \"20_04-lts-gen2\",\r\n        \"version\": \"latest\",\r\n
        \       \"exactVersion\": \"20.04.202205100\"\r\n      },\r\n      \"osDisk\":
        {\r\n        \"osType\": \"Linux\",\r\n        \"name\": \"vm_OsDisk_1_406a2df6280e4aa2a3f55e4b90c04e93\",\r\n
        \       \"createOption\": \"FromImage\",\r\n        \"caching\": \"ReadWrite\",\r\n
        \       \"managedDisk\": {\r\n          \"storageAccountType\": \"Premium_LRS\",\r\n
        \         \"id\": \"/subscriptions/00000000-0000-0000-0000-000000000000/resourceGroups/cli_test_vm_trusted_launch_000001/providers/Microsoft.Compute/disks/vm_OsDisk_1_406a2df6280e4aa2a3f55e4b90c04e93\"\r\n
        \       },\r\n        \"deleteOption\": \"Detach\",\r\n        \"diskSizeGB\":
        30\r\n      },\r\n      \"dataDisks\": []\r\n    },\r\n    \"osProfile\":
        {\r\n      \"computerName\": \"vm\",\r\n      \"adminUsername\": \"azureuser\",\r\n
        \     \"linuxConfiguration\": {\r\n        \"disablePasswordAuthentication\":
        false,\r\n        \"provisionVMAgent\": true,\r\n        \"patchSettings\":
        {\r\n          \"patchMode\": \"ImageDefault\",\r\n          \"assessmentMode\":
        \"ImageDefault\"\r\n        },\r\n        \"enableVMAgentPlatformUpdates\":
        false\r\n      },\r\n      \"secrets\": [],\r\n      \"allowExtensionOperations\":
        true,\r\n      \"requireGuestProvisionSignal\": true\r\n    },\r\n    \"securityProfile\":
        {\r\n      \"uefiSettings\": {\r\n        \"secureBootEnabled\": true,\r\n
        \       \"vTpmEnabled\": true\r\n      },\r\n      \"securityType\": \"TrustedLaunch\"\r\n
        \   },\r\n    \"networkProfile\": {\"networkInterfaces\":[{\"id\":\"/subscriptions/00000000-0000-0000-0000-000000000000/resourceGroups/cli_test_vm_trusted_launch_000001/providers/Microsoft.Network/networkInterfaces/vmVMNic\"}]},\r\n
        \   \"provisioningState\": \"Succeeded\",\r\n    \"instanceView\": {\r\n      \"vmAgent\":
        {\r\n        \"vmAgentVersion\": \"Unknown\",\r\n        \"statuses\": [\r\n
        \         {\r\n            \"code\": \"ProvisioningState/Unavailable\",\r\n
        \           \"level\": \"Warning\",\r\n            \"displayStatus\": \"Not
        Ready\",\r\n            \"message\": \"VM status blob is found but not yet
        populated.\",\r\n            \"time\": \"2022-05-18T12:27:38+00:00\"\r\n          }\r\n
        \       ]\r\n      },\r\n      \"disks\": [\r\n        {\r\n          \"name\":
        \"vm_OsDisk_1_406a2df6280e4aa2a3f55e4b90c04e93\",\r\n          \"statuses\":
        [\r\n            {\r\n              \"code\": \"ProvisioningState/succeeded\",\r\n
        \             \"level\": \"Info\",\r\n              \"displayStatus\": \"Provisioning
        succeeded\",\r\n              \"time\": \"2022-05-18T12:26:34.2008027+00:00\"\r\n
        \           }\r\n          ]\r\n        }\r\n      ],\r\n      \"hyperVGeneration\":
        \"V2\",\r\n      \"statuses\": [\r\n        {\r\n          \"code\": \"ProvisioningState/succeeded\",\r\n
        \         \"level\": \"Info\",\r\n          \"displayStatus\": \"Provisioning
        succeeded\",\r\n          \"time\": \"2022-05-18T12:27:26.1107981+00:00\"\r\n
        \       },\r\n        {\r\n          \"code\": \"PowerState/running\",\r\n
        \         \"level\": \"Info\",\r\n          \"displayStatus\": \"VM running\"\r\n
        \       }\r\n      ]\r\n    },\r\n    \"timeCreated\": \"2022-05-18T12:26:29.8880682+00:00\"\r\n
        \ }\r\n}"
    headers:
      cache-control:
      - no-cache
      content-length:
      - '3428'
      content-type:
      - application/json; charset=utf-8
      date:
      - Wed, 18 May 2022 12:27:38 GMT
      expires:
      - '-1'
      pragma:
      - no-cache
      server:
      - Microsoft-HTTPAPI/2.0
      - Microsoft-HTTPAPI/2.0
      strict-transport-security:
      - max-age=31536000; includeSubDomains
      transfer-encoding:
      - chunked
      vary:
      - Accept-Encoding
      x-content-type-options:
      - nosniff
      x-ms-ratelimit-remaining-resource:
      - Microsoft.Compute/LowCostGet3Min;3997,Microsoft.Compute/LowCostGet30Min;31997
    status:
      code: 200
      message: OK
- request:
    body: null
    headers:
      Accept:
      - application/json, text/json
      Accept-Encoding:
      - gzip, deflate
      CommandName:
      - vm create
      Connection:
      - keep-alive
      ParameterSetName:
      - -g -n --image --security-type --enable-secure-boot --enable-vtpm --admin-username
        --admin-password --nsg-rule --disable-integrity-monitoring
      User-Agent:
      - AZURECLI/2.36.0 azsdk-python-azure-mgmt-network/19.3.0 Python/3.8.10 (Windows-10-10.0.22000-SP0)
    method: GET
    uri: https://management.azure.com/subscriptions/00000000-0000-0000-0000-000000000000/resourceGroups/cli_test_vm_trusted_launch_000001/providers/Microsoft.Network/networkInterfaces/vmVMNic?api-version=2018-01-01
  response:
    body:
      string: "{\r\n  \"name\": \"vmVMNic\",\r\n  \"id\": \"/subscriptions/00000000-0000-0000-0000-000000000000/resourceGroups/cli_test_vm_trusted_launch_000001/providers/Microsoft.Network/networkInterfaces/vmVMNic\",\r\n
        \ \"etag\": \"W/\\\"4ec66af0-59f5-4ea1-aeb1-656f5505f02c\\\"\",\r\n  \"location\":
        \"southcentralus\",\r\n  \"tags\": {},\r\n  \"properties\": {\r\n    \"provisioningState\":
        \"Succeeded\",\r\n    \"resourceGuid\": \"8e925a16-bb45-4852-bca9-636bc45c20cb\",\r\n
        \   \"ipConfigurations\": [\r\n      {\r\n        \"name\": \"ipconfigvm\",\r\n
        \       \"id\": \"/subscriptions/00000000-0000-0000-0000-000000000000/resourceGroups/cli_test_vm_trusted_launch_000001/providers/Microsoft.Network/networkInterfaces/vmVMNic/ipConfigurations/ipconfigvm\",\r\n
        \       \"etag\": \"W/\\\"4ec66af0-59f5-4ea1-aeb1-656f5505f02c\\\"\",\r\n
        \       \"type\": \"Microsoft.Network/networkInterfaces/ipConfigurations\",\r\n
        \       \"properties\": {\r\n          \"provisioningState\": \"Succeeded\",\r\n
        \         \"privateIPAddress\": \"10.0.0.4\",\r\n          \"privateIPAllocationMethod\":
        \"Dynamic\",\r\n          \"publicIPAddress\": {\r\n            \"id\": \"/subscriptions/00000000-0000-0000-0000-000000000000/resourceGroups/cli_test_vm_trusted_launch_000001/providers/Microsoft.Network/publicIPAddresses/vmPublicIP\"\r\n
        \         },\r\n          \"subnet\": {\r\n            \"id\": \"/subscriptions/00000000-0000-0000-0000-000000000000/resourceGroups/cli_test_vm_trusted_launch_000001/providers/Microsoft.Network/virtualNetworks/vmVNET/subnets/vmSubnet\"\r\n
        \         },\r\n          \"primary\": true,\r\n          \"privateIPAddressVersion\":
        \"IPv4\"\r\n        }\r\n      }\r\n    ],\r\n    \"dnsSettings\": {\r\n      \"dnsServers\":
        [],\r\n      \"appliedDnsServers\": [],\r\n      \"internalDomainNameSuffix\":
        \"zrde2qln5asufdhwj3q4om3e4h.jx.internal.cloudapp.net\"\r\n    },\r\n    \"macAddress\":
        \"00-0D-3A-5E-01-AB\",\r\n    \"enableAcceleratedNetworking\": false,\r\n
        \   \"enableIPForwarding\": false,\r\n    \"networkSecurityGroup\": {\r\n
        \     \"id\": \"/subscriptions/00000000-0000-0000-0000-000000000000/resourceGroups/cli_test_vm_trusted_launch_000001/providers/Microsoft.Network/networkSecurityGroups/vmNSG\"\r\n
        \   },\r\n    \"primary\": true,\r\n    \"virtualMachine\": {\r\n      \"id\":
        \"/subscriptions/00000000-0000-0000-0000-000000000000/resourceGroups/cli_test_vm_trusted_launch_000001/providers/Microsoft.Compute/virtualMachines/vm\"\r\n
        \   }\r\n  },\r\n  \"type\": \"Microsoft.Network/networkInterfaces\"\r\n}"
    headers:
      cache-control:
      - no-cache
      content-length:
      - '2314'
      content-type:
      - application/json; charset=utf-8
      date:
      - Wed, 18 May 2022 12:27:39 GMT
      etag:
      - W/"4ec66af0-59f5-4ea1-aeb1-656f5505f02c"
      expires:
      - '-1'
      pragma:
      - no-cache
      server:
      - Microsoft-HTTPAPI/2.0
      - Microsoft-HTTPAPI/2.0
      strict-transport-security:
      - max-age=31536000; includeSubDomains
      transfer-encoding:
      - chunked
      vary:
      - Accept-Encoding
      x-content-type-options:
      - nosniff
      x-ms-arm-service-request-id:
      - fd8fe1bc-a905-489e-93f9-2bde5e953148
    status:
      code: 200
      message: OK
- request:
    body: null
    headers:
      Accept:
      - application/json, text/json
      Accept-Encoding:
      - gzip, deflate
      CommandName:
      - vm create
      Connection:
      - keep-alive
      ParameterSetName:
      - -g -n --image --security-type --enable-secure-boot --enable-vtpm --admin-username
        --admin-password --nsg-rule --disable-integrity-monitoring
      User-Agent:
      - AZURECLI/2.36.0 azsdk-python-azure-mgmt-network/19.3.0 Python/3.8.10 (Windows-10-10.0.22000-SP0)
    method: GET
    uri: https://management.azure.com/subscriptions/00000000-0000-0000-0000-000000000000/resourceGroups/cli_test_vm_trusted_launch_000001/providers/Microsoft.Network/publicIPAddresses/vmPublicIP?api-version=2018-01-01
  response:
    body:
      string: "{\r\n  \"name\": \"vmPublicIP\",\r\n  \"id\": \"/subscriptions/00000000-0000-0000-0000-000000000000/resourceGroups/cli_test_vm_trusted_launch_000001/providers/Microsoft.Network/publicIPAddresses/vmPublicIP\",\r\n
        \ \"etag\": \"W/\\\"224f315c-b376-4b3f-bee5-fb1475ca3eb3\\\"\",\r\n  \"location\":
        \"southcentralus\",\r\n  \"tags\": {},\r\n  \"properties\": {\r\n    \"provisioningState\":
        \"Succeeded\",\r\n    \"resourceGuid\": \"a1d6f4a9-3fb9-4892-8abb-f6f4326fbc5c\",\r\n
        \   \"ipAddress\": \"20.236.135.226\",\r\n    \"publicIPAddressVersion\":
        \"IPv4\",\r\n    \"publicIPAllocationMethod\": \"Dynamic\",\r\n    \"idleTimeoutInMinutes\":
        4,\r\n    \"ipTags\": [],\r\n    \"ipConfiguration\": {\r\n      \"id\": \"/subscriptions/00000000-0000-0000-0000-000000000000/resourceGroups/cli_test_vm_trusted_launch_000001/providers/Microsoft.Network/networkInterfaces/vmVMNic/ipConfigurations/ipconfigvm\"\r\n
        \   }\r\n  },\r\n  \"type\": \"Microsoft.Network/publicIPAddresses\",\r\n
        \ \"sku\": {\r\n    \"name\": \"Basic\"\r\n  }\r\n}"
    headers:
      cache-control:
      - no-cache
      content-length:
      - '918'
      content-type:
      - application/json; charset=utf-8
      date:
      - Wed, 18 May 2022 12:27:39 GMT
      etag:
      - W/"224f315c-b376-4b3f-bee5-fb1475ca3eb3"
      expires:
      - '-1'
      pragma:
      - no-cache
      server:
      - Microsoft-HTTPAPI/2.0
      - Microsoft-HTTPAPI/2.0
      strict-transport-security:
      - max-age=31536000; includeSubDomains
      transfer-encoding:
      - chunked
      vary:
      - Accept-Encoding
      x-content-type-options:
      - nosniff
      x-ms-arm-service-request-id:
      - 374ee7f1-042b-45a1-a930-885cb1224489
    status:
      code: 200
      message: OK
- request:
    body: null
    headers:
      Accept:
      - application/json
      Accept-Encoding:
      - gzip, deflate
      CommandName:
      - vm show
      Connection:
      - keep-alive
      ParameterSetName:
      - -g -n
      User-Agent:
      - AZURECLI/2.36.0 azsdk-python-azure-mgmt-compute/27.0.0 Python/3.8.10 (Windows-10-10.0.22000-SP0)
    method: GET
    uri: https://management.azure.com/subscriptions/00000000-0000-0000-0000-000000000000/resourceGroups/cli_test_vm_trusted_launch_000001/providers/Microsoft.Compute/virtualMachines/vm?api-version=2022-03-01
  response:
    body:
      string: "{\r\n  \"name\": \"vm\",\r\n  \"id\": \"/subscriptions/00000000-0000-0000-0000-000000000000/resourceGroups/cli_test_vm_trusted_launch_000001/providers/Microsoft.Compute/virtualMachines/vm\",\r\n
        \ \"type\": \"Microsoft.Compute/virtualMachines\",\r\n  \"location\": \"southcentralus\",\r\n
        \ \"tags\": {},\r\n  \"properties\": {\r\n    \"vmId\": \"4e85f930-1fae-4d1d-a713-83ab4dbf01ac\",\r\n
        \   \"hardwareProfile\": {\r\n      \"vmSize\": \"Standard_DS1_v2\"\r\n    },\r\n
        \   \"storageProfile\": {\r\n      \"imageReference\": {\r\n        \"publisher\":
        \"canonical\",\r\n        \"offer\": \"0001-com-ubuntu-server-focal\",\r\n
        \       \"sku\": \"20_04-lts-gen2\",\r\n        \"version\": \"latest\",\r\n
        \       \"exactVersion\": \"20.04.202205100\"\r\n      },\r\n      \"osDisk\":
        {\r\n        \"osType\": \"Linux\",\r\n        \"name\": \"vm_OsDisk_1_406a2df6280e4aa2a3f55e4b90c04e93\",\r\n
        \       \"createOption\": \"FromImage\",\r\n        \"caching\": \"ReadWrite\",\r\n
        \       \"managedDisk\": {\r\n          \"storageAccountType\": \"Premium_LRS\",\r\n
        \         \"id\": \"/subscriptions/00000000-0000-0000-0000-000000000000/resourceGroups/cli_test_vm_trusted_launch_000001/providers/Microsoft.Compute/disks/vm_OsDisk_1_406a2df6280e4aa2a3f55e4b90c04e93\"\r\n
        \       },\r\n        \"deleteOption\": \"Detach\",\r\n        \"diskSizeGB\":
        30\r\n      },\r\n      \"dataDisks\": []\r\n    },\r\n    \"osProfile\":
        {\r\n      \"computerName\": \"vm\",\r\n      \"adminUsername\": \"azureuser\",\r\n
        \     \"linuxConfiguration\": {\r\n        \"disablePasswordAuthentication\":
        false,\r\n        \"provisionVMAgent\": true,\r\n        \"patchSettings\":
        {\r\n          \"patchMode\": \"ImageDefault\",\r\n          \"assessmentMode\":
        \"ImageDefault\"\r\n        },\r\n        \"enableVMAgentPlatformUpdates\":
        false\r\n      },\r\n      \"secrets\": [],\r\n      \"allowExtensionOperations\":
        true,\r\n      \"requireGuestProvisionSignal\": true\r\n    },\r\n    \"securityProfile\":
        {\r\n      \"uefiSettings\": {\r\n        \"secureBootEnabled\": true,\r\n
        \       \"vTpmEnabled\": true\r\n      },\r\n      \"securityType\": \"TrustedLaunch\"\r\n
        \   },\r\n    \"networkProfile\": {\"networkInterfaces\":[{\"id\":\"/subscriptions/00000000-0000-0000-0000-000000000000/resourceGroups/cli_test_vm_trusted_launch_000001/providers/Microsoft.Network/networkInterfaces/vmVMNic\"}]},\r\n
        \   \"provisioningState\": \"Succeeded\",\r\n    \"timeCreated\": \"2022-05-18T12:26:29.8880682+00:00\"\r\n
        \ }\r\n}"
    headers:
      cache-control:
      - no-cache
      content-length:
      - '2223'
      content-type:
      - application/json; charset=utf-8
      date:
      - Wed, 18 May 2022 12:27:46 GMT
      expires:
      - '-1'
      pragma:
      - no-cache
      server:
      - Microsoft-HTTPAPI/2.0
      - Microsoft-HTTPAPI/2.0
      strict-transport-security:
      - max-age=31536000; includeSubDomains
      transfer-encoding:
      - chunked
      vary:
      - Accept-Encoding
      x-content-type-options:
      - nosniff
      x-ms-ratelimit-remaining-resource:
      - Microsoft.Compute/LowCostGet3Min;3996,Microsoft.Compute/LowCostGet30Min;31996
    status:
      code: 200
      message: OK
version: 1
