interactions:
- request:
    body: null
    headers:
      Accept:
      - application/json
      Accept-Encoding:
      - gzip, deflate
      CommandName:
      - sig create
      Connection:
      - keep-alive
      ParameterSetName:
      - -g --gallery-name
      User-Agent:
      - python/3.7.4 (Windows-10-10.0.18362-SP0) msrest/0.6.10 msrest_azure/0.6.3
        azure-mgmt-resource/8.0.1 Azure-SDK-For-Python AZURECLI/2.3.1
      accept-language:
      - en-US
    method: GET
    uri: https://management.azure.com/subscriptions/00000000-0000-0000-0000-000000000000/resourcegroups/cli_test_test_specialized_image_000001?api-version=2019-07-01
  response:
    body:
      string: '{"id":"/subscriptions/00000000-0000-0000-0000-000000000000/resourceGroups/cli_test_test_specialized_image_000001","name":"cli_test_test_specialized_image_000001","type":"Microsoft.Resources/resourceGroups","location":"westus","tags":{"product":"azurecli","cause":"automation","date":"2020-04-15T08:35:03Z","StorageType":"Standard_LRS","type":"test"},"properties":{"provisioningState":"Succeeded"}}'
    headers:
      cache-control:
      - no-cache
      content-length:
      - '471'
      content-type:
      - application/json; charset=utf-8
      date:
      - Wed, 15 Apr 2020 08:35:12 GMT
      expires:
      - '-1'
      pragma:
      - no-cache
      strict-transport-security:
      - max-age=31536000; includeSubDomains
      vary:
      - Accept-Encoding
      x-content-type-options:
      - nosniff
    status:
      code: 200
      message: OK
- request:
    body: '{"location": "westus", "tags": {}}'
    headers:
      Accept:
      - application/json
      Accept-Encoding:
      - gzip, deflate
      CommandName:
      - sig create
      Connection:
      - keep-alive
      Content-Length:
      - '34'
      Content-Type:
      - application/json; charset=utf-8
      ParameterSetName:
      - -g --gallery-name
      User-Agent:
      - python/3.7.4 (Windows-10-10.0.18362-SP0) msrest/0.6.10 msrest_azure/0.6.3
        azure-mgmt-compute/12.0.0 Azure-SDK-For-Python AZURECLI/2.3.1
      accept-language:
      - en-US
    method: PUT
    uri: https://management.azure.com/subscriptions/00000000-0000-0000-0000-000000000000/resourceGroups/cli_test_test_specialized_image_000001/providers/Microsoft.Compute/galleries/gallery_000002?api-version=2019-12-01
  response:
    body:
      string: "{\r\n  \"name\": \"gallery_000002\",\r\n  \"id\": \"/subscriptions/00000000-0000-0000-0000-000000000000/resourceGroups/cli_test_test_specialized_image_000001/providers/Microsoft.Compute/galleries/gallery_000002\",\r\n
        \ \"type\": \"Microsoft.Compute/galleries\",\r\n  \"location\": \"westus\",\r\n
        \ \"tags\": {},\r\n  \"properties\": {\r\n    \"identifier\": {\r\n      \"uniqueName\":
        \"0b1f6471-1bf0-4dda-aec3-cb9272f09590-GALLERY_X4E6SVQB5DWT\"\r\n    },\r\n
        \   \"provisioningState\": \"Creating\"\r\n  }\r\n}"
    headers:
      azure-asyncoperation:
      - https://management.azure.com/subscriptions/00000000-0000-0000-0000-000000000000/providers/Microsoft.Compute/locations/westus/capsOperations/53e1aa19-0c9a-4552-90a5-6543a2f340c4?api-version=2019-12-01
      cache-control:
      - no-cache
      content-length:
      - '506'
      content-type:
      - application/json; charset=utf-8
      date:
      - Wed, 15 Apr 2020 08:35:19 GMT
      expires:
      - '-1'
      pragma:
      - no-cache
      server:
      - Microsoft-HTTPAPI/2.0
      - Microsoft-HTTPAPI/2.0
      strict-transport-security:
      - max-age=31536000; includeSubDomains
      x-content-type-options:
      - nosniff
      x-ms-ratelimit-remaining-resource:
      - Microsoft.Compute/CreateUpdateGallery3Min;49,Microsoft.Compute/CreateUpdateGallery30Min;299
      x-ms-ratelimit-remaining-subscription-writes:
      - '1199'
    status:
      code: 201
      message: Created
- request:
    body: null
    headers:
      Accept:
      - application/json
      Accept-Encoding:
      - gzip, deflate
      CommandName:
      - sig create
      Connection:
      - keep-alive
      ParameterSetName:
      - -g --gallery-name
      User-Agent:
      - python/3.7.4 (Windows-10-10.0.18362-SP0) msrest/0.6.10 msrest_azure/0.6.3
        azure-mgmt-compute/12.0.0 Azure-SDK-For-Python AZURECLI/2.3.1
    method: GET
    uri: https://management.azure.com/subscriptions/00000000-0000-0000-0000-000000000000/providers/Microsoft.Compute/locations/westus/capsOperations/53e1aa19-0c9a-4552-90a5-6543a2f340c4?api-version=2019-12-01
  response:
    body:
      string: "{\r\n  \"startTime\": \"2020-04-15T08:35:17.9731758+00:00\",\r\n  \"endTime\":
        \"2020-04-15T08:35:18.2700465+00:00\",\r\n  \"status\": \"Succeeded\",\r\n
        \ \"name\": \"53e1aa19-0c9a-4552-90a5-6543a2f340c4\"\r\n}"
    headers:
      cache-control:
      - no-cache
      content-length:
      - '184'
      content-type:
      - application/json; charset=utf-8
      date:
      - Wed, 15 Apr 2020 08:35:49 GMT
      expires:
      - '-1'
      pragma:
      - no-cache
      server:
      - Microsoft-HTTPAPI/2.0
      - Microsoft-HTTPAPI/2.0
      strict-transport-security:
      - max-age=31536000; includeSubDomains
      transfer-encoding:
      - chunked
      vary:
      - Accept-Encoding
      x-content-type-options:
      - nosniff
      x-ms-ratelimit-remaining-resource:
      - Microsoft.Compute/GetOperationStatus3Min;1198,Microsoft.Compute/GetOperationStatus30Min;2398
    status:
      code: 200
      message: OK
- request:
    body: null
    headers:
      Accept:
      - application/json
      Accept-Encoding:
      - gzip, deflate
      CommandName:
      - sig create
      Connection:
      - keep-alive
      ParameterSetName:
      - -g --gallery-name
      User-Agent:
      - python/3.7.4 (Windows-10-10.0.18362-SP0) msrest/0.6.10 msrest_azure/0.6.3
        azure-mgmt-compute/12.0.0 Azure-SDK-For-Python AZURECLI/2.3.1
    method: GET
    uri: https://management.azure.com/subscriptions/00000000-0000-0000-0000-000000000000/resourceGroups/cli_test_test_specialized_image_000001/providers/Microsoft.Compute/galleries/gallery_000002?api-version=2019-12-01
  response:
    body:
      string: "{\r\n  \"name\": \"gallery_000002\",\r\n  \"id\": \"/subscriptions/00000000-0000-0000-0000-000000000000/resourceGroups/cli_test_test_specialized_image_000001/providers/Microsoft.Compute/galleries/gallery_000002\",\r\n
        \ \"type\": \"Microsoft.Compute/galleries\",\r\n  \"location\": \"westus\",\r\n
        \ \"tags\": {},\r\n  \"properties\": {\r\n    \"identifier\": {\r\n      \"uniqueName\":
        \"0b1f6471-1bf0-4dda-aec3-cb9272f09590-GALLERY_X4E6SVQB5DWT\"\r\n    },\r\n
        \   \"provisioningState\": \"Succeeded\"\r\n  }\r\n}"
    headers:
      cache-control:
      - no-cache
      content-length:
      - '507'
      content-type:
      - application/json; charset=utf-8
      date:
      - Wed, 15 Apr 2020 08:35:50 GMT
      expires:
      - '-1'
      pragma:
      - no-cache
      server:
      - Microsoft-HTTPAPI/2.0
      - Microsoft-HTTPAPI/2.0
      strict-transport-security:
      - max-age=31536000; includeSubDomains
      transfer-encoding:
      - chunked
      vary:
      - Accept-Encoding
      x-content-type-options:
      - nosniff
      x-ms-ratelimit-remaining-resource:
      - Microsoft.Compute/GetGallery3Min;297,Microsoft.Compute/GetGallery30Min;1997
    status:
      code: 200
      message: OK
- request:
    body: null
    headers:
      Accept:
      - application/json
      Accept-Encoding:
      - gzip, deflate
      CommandName:
      - sig image-definition create
      Connection:
      - keep-alive
      ParameterSetName:
      - -g --gallery-name --gallery-image-definition --os-type --os-state -p -f -s
      User-Agent:
      - python/3.7.4 (Windows-10-10.0.18362-SP0) msrest/0.6.10 msrest_azure/0.6.3
        azure-mgmt-resource/8.0.1 Azure-SDK-For-Python AZURECLI/2.3.1
      accept-language:
      - en-US
    method: GET
    uri: https://management.azure.com/subscriptions/00000000-0000-0000-0000-000000000000/resourcegroups/cli_test_test_specialized_image_000001?api-version=2019-07-01
  response:
    body:
      string: '{"id":"/subscriptions/00000000-0000-0000-0000-000000000000/resourceGroups/cli_test_test_specialized_image_000001","name":"cli_test_test_specialized_image_000001","type":"Microsoft.Resources/resourceGroups","location":"westus","tags":{"product":"azurecli","cause":"automation","date":"2020-04-15T08:35:03Z","StorageType":"Standard_LRS","type":"test"},"properties":{"provisioningState":"Succeeded"}}'
    headers:
      cache-control:
      - no-cache
      content-length:
      - '471'
      content-type:
      - application/json; charset=utf-8
      date:
      - Wed, 15 Apr 2020 08:35:51 GMT
      expires:
      - '-1'
      pragma:
      - no-cache
      strict-transport-security:
      - max-age=31536000; includeSubDomains
      vary:
      - Accept-Encoding
      x-content-type-options:
      - nosniff
    status:
      code: 200
      message: OK
- request:
    body: '{"location": "westus", "tags": {}, "properties": {"osType": "Linux", "osState":
      "Specialized", "hyperVGeneration": "V1", "identifier": {"publisher": "publisher1",
      "offer": "offer1", "sku": "sku1"}, "disallowed": {}}}'
    headers:
      Accept:
      - application/json
      Accept-Encoding:
      - gzip, deflate
      CommandName:
      - sig image-definition create
      Connection:
      - keep-alive
      Content-Length:
      - '216'
      Content-Type:
      - application/json; charset=utf-8
      ParameterSetName:
      - -g --gallery-name --gallery-image-definition --os-type --os-state -p -f -s
      User-Agent:
      - python/3.7.4 (Windows-10-10.0.18362-SP0) msrest/0.6.10 msrest_azure/0.6.3
        azure-mgmt-compute/12.0.0 Azure-SDK-For-Python AZURECLI/2.3.1
      accept-language:
      - en-US
    method: PUT
    uri: https://management.azure.com/subscriptions/00000000-0000-0000-0000-000000000000/resourceGroups/cli_test_test_specialized_image_000001/providers/Microsoft.Compute/galleries/gallery_000002/images/image1?api-version=2019-12-01
  response:
    body:
      string: "{\r\n  \"name\": \"image1\",\r\n  \"id\": \"/subscriptions/00000000-0000-0000-0000-000000000000/resourceGroups/cli_test_test_specialized_image_000001/providers/Microsoft.Compute/galleries/gallery_000002/images/image1\",\r\n
        \ \"type\": \"Microsoft.Compute/galleries/images\",\r\n  \"location\": \"westus\",\r\n
        \ \"tags\": {},\r\n  \"properties\": {\r\n    \"hyperVGeneration\": \"V1\",\r\n
        \   \"osType\": \"Linux\",\r\n    \"osState\": \"Specialized\",\r\n    \"identifier\":
        {\r\n      \"publisher\": \"publisher1\",\r\n      \"offer\": \"offer1\",\r\n
        \     \"sku\": \"sku1\"\r\n    },\r\n    \"provisioningState\": \"Creating\"\r\n
        \ }\r\n}"
    headers:
      azure-asyncoperation:
      - https://management.azure.com/subscriptions/00000000-0000-0000-0000-000000000000/providers/Microsoft.Compute/locations/westus/capsOperations/63ea279c-2319-448c-a167-e3063df08181?api-version=2019-12-01
      cache-control:
      - no-cache
      content-length:
      - '599'
      content-type:
      - application/json; charset=utf-8
      date:
      - Wed, 15 Apr 2020 08:35:58 GMT
      expires:
      - '-1'
      pragma:
      - no-cache
      server:
      - Microsoft-HTTPAPI/2.0
      - Microsoft-HTTPAPI/2.0
      strict-transport-security:
      - max-age=31536000; includeSubDomains
      x-content-type-options:
      - nosniff
      x-ms-ratelimit-remaining-resource:
      - Microsoft.Compute/CreateUpdateGalleryImage3Min;149,Microsoft.Compute/CreateUpdateGalleryImage30Min;749
      x-ms-ratelimit-remaining-subscription-writes:
      - '1199'
    status:
      code: 201
      message: Created
- request:
    body: null
    headers:
      Accept:
      - application/json
      Accept-Encoding:
      - gzip, deflate
      CommandName:
      - sig image-definition create
      Connection:
      - keep-alive
      ParameterSetName:
      - -g --gallery-name --gallery-image-definition --os-type --os-state -p -f -s
      User-Agent:
      - python/3.7.4 (Windows-10-10.0.18362-SP0) msrest/0.6.10 msrest_azure/0.6.3
        azure-mgmt-compute/12.0.0 Azure-SDK-For-Python AZURECLI/2.3.1
    method: GET
    uri: https://management.azure.com/subscriptions/00000000-0000-0000-0000-000000000000/providers/Microsoft.Compute/locations/westus/capsOperations/63ea279c-2319-448c-a167-e3063df08181?api-version=2019-12-01
  response:
    body:
      string: "{\r\n  \"startTime\": \"2020-04-15T08:35:57.1713943+00:00\",\r\n  \"endTime\":
        \"2020-04-15T08:35:57.2964214+00:00\",\r\n  \"status\": \"Succeeded\",\r\n
        \ \"name\": \"63ea279c-2319-448c-a167-e3063df08181\"\r\n}"
    headers:
      cache-control:
      - no-cache
      content-length:
      - '184'
      content-type:
      - application/json; charset=utf-8
      date:
      - Wed, 15 Apr 2020 08:36:29 GMT
      expires:
      - '-1'
      pragma:
      - no-cache
      server:
      - Microsoft-HTTPAPI/2.0
      - Microsoft-HTTPAPI/2.0
      strict-transport-security:
      - max-age=31536000; includeSubDomains
      transfer-encoding:
      - chunked
      vary:
      - Accept-Encoding
      x-content-type-options:
      - nosniff
      x-ms-ratelimit-remaining-resource:
      - Microsoft.Compute/GetOperationStatus3Min;1196,Microsoft.Compute/GetOperationStatus30Min;2396
    status:
      code: 200
      message: OK
- request:
    body: null
    headers:
      Accept:
      - application/json
      Accept-Encoding:
      - gzip, deflate
      CommandName:
      - sig image-definition create
      Connection:
      - keep-alive
      ParameterSetName:
      - -g --gallery-name --gallery-image-definition --os-type --os-state -p -f -s
      User-Agent:
      - python/3.7.4 (Windows-10-10.0.18362-SP0) msrest/0.6.10 msrest_azure/0.6.3
        azure-mgmt-compute/12.0.0 Azure-SDK-For-Python AZURECLI/2.3.1
    method: GET
    uri: https://management.azure.com/subscriptions/00000000-0000-0000-0000-000000000000/resourceGroups/cli_test_test_specialized_image_000001/providers/Microsoft.Compute/galleries/gallery_000002/images/image1?api-version=2019-12-01
  response:
    body:
      string: "{\r\n  \"name\": \"image1\",\r\n  \"id\": \"/subscriptions/00000000-0000-0000-0000-000000000000/resourceGroups/cli_test_test_specialized_image_000001/providers/Microsoft.Compute/galleries/gallery_000002/images/image1\",\r\n
        \ \"type\": \"Microsoft.Compute/galleries/images\",\r\n  \"location\": \"westus\",\r\n
        \ \"tags\": {},\r\n  \"properties\": {\r\n    \"hyperVGeneration\": \"V1\",\r\n
        \   \"osType\": \"Linux\",\r\n    \"osState\": \"Specialized\",\r\n    \"identifier\":
        {\r\n      \"publisher\": \"publisher1\",\r\n      \"offer\": \"offer1\",\r\n
        \     \"sku\": \"sku1\"\r\n    },\r\n    \"provisioningState\": \"Succeeded\"\r\n
        \ }\r\n}"
    headers:
      cache-control:
      - no-cache
      content-length:
      - '600'
      content-type:
      - application/json; charset=utf-8
      date:
      - Wed, 15 Apr 2020 08:36:30 GMT
      expires:
      - '-1'
      pragma:
      - no-cache
      server:
      - Microsoft-HTTPAPI/2.0
      - Microsoft-HTTPAPI/2.0
      strict-transport-security:
      - max-age=31536000; includeSubDomains
      transfer-encoding:
      - chunked
      vary:
      - Accept-Encoding
      x-content-type-options:
      - nosniff
      x-ms-ratelimit-remaining-resource:
      - Microsoft.Compute/GetGalleryImage3Min;296,Microsoft.Compute/GetGalleryImage30Min;1996
    status:
      code: 200
      message: OK
- request:
    body: null
    headers:
      Accept:
      - application/json
      Accept-Encoding:
      - gzip, deflate
      CommandName:
      - vm create
      Connection:
      - keep-alive
      ParameterSetName:
      - -g -n --image --nsg-rule
      User-Agent:
      - python/3.7.4 (Windows-10-10.0.18362-SP0) msrest/0.6.10 msrest_azure/0.6.3
        azure-mgmt-resource/8.0.1 Azure-SDK-For-Python AZURECLI/2.3.1
      accept-language:
      - en-US
    method: GET
    uri: https://management.azure.com/subscriptions/00000000-0000-0000-0000-000000000000/resourcegroups/cli_test_test_specialized_image_000001?api-version=2019-07-01
  response:
    body:
      string: '{"id":"/subscriptions/00000000-0000-0000-0000-000000000000/resourceGroups/cli_test_test_specialized_image_000001","name":"cli_test_test_specialized_image_000001","type":"Microsoft.Resources/resourceGroups","location":"westus","tags":{"product":"azurecli","cause":"automation","date":"2020-04-15T08:35:03Z","StorageType":"Standard_LRS","type":"test"},"properties":{"provisioningState":"Succeeded"}}'
    headers:
      cache-control:
      - no-cache
      content-length:
      - '471'
      content-type:
      - application/json; charset=utf-8
      date:
      - Wed, 15 Apr 2020 08:36:31 GMT
      expires:
      - '-1'
      pragma:
      - no-cache
      strict-transport-security:
      - max-age=31536000; includeSubDomains
      vary:
      - Accept-Encoding
      x-content-type-options:
      - nosniff
    status:
      code: 200
      message: OK
- request:
    body: null
    headers:
      Accept:
      - '*/*'
      Accept-Encoding:
      - gzip, deflate
      Connection:
      - keep-alive
      User-Agent:
      - python-requests/2.22.0
    method: GET
    uri: https://raw.githubusercontent.com/Azure/azure-rest-api-specs/master/arm-compute/quickstart-templates/aliases.json
  response:
    body:
      string: "{\n  \"$schema\": \"http://schema.management.azure.com/schemas/2015-01-01/deploymentTemplate.json\",\n
        \ \"contentVersion\": \"1.0.0.0\",\n  \"parameters\": {},\n  \"variables\":
        {},\n  \"resources\": [],\n  \"outputs\": {\n    \"aliases\": {\n      \"type\":
        \"object\",\n      \"value\": {\n        \"Linux\": {\n          \"CentOS\":
        {\n            \"publisher\": \"OpenLogic\",\n            \"offer\": \"CentOS\",\n
        \           \"sku\": \"7.5\",\n            \"version\": \"latest\"\n          },\n
        \         \"CoreOS\": {\n            \"publisher\": \"CoreOS\",\n            \"offer\":
        \"CoreOS\",\n            \"sku\": \"Stable\",\n            \"version\": \"latest\"\n
        \         },\n          \"Debian\": {\n            \"publisher\": \"Debian\",\n
        \           \"offer\": \"debian-10\",\n            \"sku\": \"10\",\n            \"version\":
        \"latest\"\n          },\n          \"openSUSE-Leap\": {\n            \"publisher\":
        \"SUSE\",\n            \"offer\": \"openSUSE-Leap\",\n            \"sku\":
        \"42.3\",\n            \"version\": \"latest\"\n          },\n          \"RHEL\":
        {\n            \"publisher\": \"RedHat\",\n            \"offer\": \"RHEL\",\n
        \           \"sku\": \"7-LVM\",\n            \"version\": \"latest\"\n          },\n
        \         \"SLES\": {\n            \"publisher\": \"SUSE\",\n            \"offer\":
        \"SLES\",\n            \"sku\": \"15\",\n            \"version\": \"latest\"\n
        \         },\n          \"UbuntuLTS\": {\n            \"publisher\": \"Canonical\",\n
        \           \"offer\": \"UbuntuServer\",\n            \"sku\": \"18.04-LTS\",\n
        \           \"version\": \"latest\"\n          }\n        },\n        \"Windows\":
        {\n          \"Win2019Datacenter\": {\n            \"publisher\": \"MicrosoftWindowsServer\",\n
        \           \"offer\": \"WindowsServer\",\n            \"sku\": \"2019-Datacenter\",\n
        \           \"version\": \"latest\"\n          },\n          \"Win2016Datacenter\":
        {\n            \"publisher\": \"MicrosoftWindowsServer\",\n            \"offer\":
        \"WindowsServer\",\n            \"sku\": \"2016-Datacenter\",\n            \"version\":
        \"latest\"\n          },\n          \"Win2012R2Datacenter\": {\n            \"publisher\":
        \"MicrosoftWindowsServer\",\n            \"offer\": \"WindowsServer\",\n            \"sku\":
        \"2012-R2-Datacenter\",\n            \"version\": \"latest\"\n          },\n
        \         \"Win2012Datacenter\": {\n            \"publisher\": \"MicrosoftWindowsServer\",\n
        \           \"offer\": \"WindowsServer\",\n            \"sku\": \"2012-Datacenter\",\n
        \           \"version\": \"latest\"\n          },\n          \"Win2008R2SP1\":
        {\n            \"publisher\": \"MicrosoftWindowsServer\",\n            \"offer\":
        \"WindowsServer\",\n            \"sku\": \"2008-R2-SP1\",\n            \"version\":
        \"latest\"\n          }\n        }\n      }\n    }\n  }\n}\n"
    headers:
      accept-ranges:
      - bytes
      access-control-allow-origin:
      - '*'
      cache-control:
      - max-age=300
      connection:
      - keep-alive
      content-length:
      - '2501'
      content-security-policy:
      - default-src 'none'; style-src 'unsafe-inline'; sandbox
      content-type:
      - text/plain; charset=utf-8
      date:
      - Wed, 15 Apr 2020 08:36:32 GMT
      etag:
      - W/"540044b4084c3c314537f1baa1770f248628b2bc9ba0328f1004c33862e049da"
      expires:
      - Wed, 15 Apr 2020 08:41:32 GMT
      source-age:
      - '199'
      strict-transport-security:
      - max-age=31536000
      vary:
      - Authorization,Accept-Encoding
      via:
      - 1.1 varnish (Varnish/6.0)
      - 1.1 varnish
      x-cache:
      - HFM, HIT
      x-cache-hits:
      - 0, 1
      x-content-type-options:
      - nosniff
      x-fastly-request-id:
      - 556ba1862513825ab16293e090549a53bb603ed2
      x-frame-options:
      - deny
      x-github-request-id:
      - 5150:2ECC:1E8E6:26650:5E96C224
      x-served-by:
      - cache-sin18021-SIN
      x-timer:
      - S1586939792.241240,VS0,VE1
      x-xss-protection:
      - 1; mode=block
    status:
      code: 200
      message: OK
- request:
    body: null
    headers:
      Accept:
      - application/json
      Accept-Encoding:
      - gzip, deflate
      CommandName:
      - vm create
      Connection:
      - keep-alive
      ParameterSetName:
      - -g -n --image --nsg-rule
      User-Agent:
      - python/3.7.4 (Windows-10-10.0.18362-SP0) msrest/0.6.10 msrest_azure/0.6.3
        azure-mgmt-network/10.0.0 Azure-SDK-For-Python AZURECLI/2.3.1
      accept-language:
      - en-US
    method: GET
    uri: https://management.azure.com/subscriptions/00000000-0000-0000-0000-000000000000/resourceGroups/cli_test_test_specialized_image_000001/providers/Microsoft.Network/virtualNetworks?api-version=2018-01-01
  response:
    body:
      string: '{"value":[]}'
    headers:
      cache-control:
      - no-cache
      content-length:
      - '12'
      content-type:
      - application/json; charset=utf-8
      date:
      - Wed, 15 Apr 2020 08:36:31 GMT
      expires:
      - '-1'
      pragma:
      - no-cache
      strict-transport-security:
      - max-age=31536000; includeSubDomains
      vary:
      - Accept-Encoding
      x-content-type-options:
      - nosniff
    status:
      code: 200
      message: OK
- request:
    body: 'b''{"properties": {"template": {"$schema": "https://schema.management.azure.com/schemas/2015-01-01/deploymentTemplate.json#",
      "contentVersion": "1.0.0.0", "parameters": {}, "variables": {}, "resources":
      [{"name": "vm1VNET", "type": "Microsoft.Network/virtualNetworks", "location":
      "westus", "apiVersion": "2015-06-15", "dependsOn": [], "tags": {}, "properties":
      {"addressSpace": {"addressPrefixes": ["10.0.0.0/16"]}, "subnets": [{"name":
      "vm1Subnet", "properties": {"addressPrefix": "10.0.0.0/24"}}]}}, {"type": "Microsoft.Network/networkSecurityGroups",
      "name": "vm1NSG", "apiVersion": "2015-06-15", "location": "westus", "tags":
      {}, "dependsOn": []}, {"apiVersion": "2018-01-01", "type": "Microsoft.Network/publicIPAddresses",
      "name": "vm1PublicIP", "location": "westus", "tags": {}, "dependsOn": [], "properties":
      {"publicIPAllocationMethod": null}}, {"apiVersion": "2015-06-15", "type": "Microsoft.Network/networkInterfaces",
      "name": "vm1VMNic", "location": "westus", "tags": {}, "dependsOn": ["Microsoft.Network/virtualNetworks/vm1VNET",
      "Microsoft.Network/networkSecurityGroups/vm1NSG", "Microsoft.Network/publicIpAddresses/vm1PublicIP"],
      "properties": {"ipConfigurations": [{"name": "ipconfigvm1", "properties": {"privateIPAllocationMethod":
      "Dynamic", "subnet": {"id": "/subscriptions/00000000-0000-0000-0000-000000000000/resourceGroups/cli_test_test_specialized_image_000001/providers/Microsoft.Network/virtualNetworks/vm1VNET/subnets/vm1Subnet"},
      "publicIPAddress": {"id": "/subscriptions/00000000-0000-0000-0000-000000000000/resourceGroups/cli_test_test_specialized_image_000001/providers/Microsoft.Network/publicIPAddresses/vm1PublicIP"}}}],
      "networkSecurityGroup": {"id": "/subscriptions/00000000-0000-0000-0000-000000000000/resourceGroups/cli_test_test_specialized_image_000001/providers/Microsoft.Network/networkSecurityGroups/vm1NSG"}}},
      {"apiVersion": "2019-07-01", "type": "Microsoft.Compute/virtualMachines", "name":
      "vm1", "location": "westus", "tags": {}, "dependsOn": ["Microsoft.Network/networkInterfaces/vm1VMNic"],
      "properties": {"hardwareProfile": {"vmSize": "Standard_DS1_v2"}, "networkProfile":
      {"networkInterfaces": [{"id": "/subscriptions/00000000-0000-0000-0000-000000000000/resourceGroups/cli_test_test_specialized_image_000001/providers/Microsoft.Network/networkInterfaces/vm1VMNic"}]},
      "storageProfile": {"osDisk": {"createOption": "fromImage", "name": null, "caching":
      "ReadWrite", "managedDisk": {"storageAccountType": null}}, "imageReference":
      {"publisher": "Canonical", "offer": "UbuntuServer", "sku": "18.04-LTS", "version":
      "latest"}}, "osProfile": {"computerName": "vm1", "adminUsername": "fey", "linuxConfiguration":
      {"disablePasswordAuthentication": true, "ssh": {"publicKeys": [{"keyData": "ssh-rsa
      AAAAB3NzaC1yc2EAAAADAQABAAABAQDmzXeK++L20uMK/Ug5wpjnWWyMlHoecEOxyHueHc1gPDj8qgLChiHt1OWJ1sDjiqBJ+hEEwZLjN8lCmUvWzzrl20d7M/BVp1ejulE/zr999kWuY3m5+FpAkbbxeO9LWoafwOir9dPzIOjDGdPWKbgHr3SerOHAuvVdXJDhWHtW5lB/MEnrxi48Pz/8k1lD1YccUAI6zDgKVJPBEk9fWMW8H0hKYsRXmlxdtg2npBQK7kbmcB2NJPEhTVgxVPqSaBVAt2lOCC/QQvAXcoD0lJGujp1IVYqSUarS5RnrYEDZ9Q6EKduWrP0GFkFkF8YzpFe+BRFaV8bLJrvZN43vgzRj
      fey@DESKTOP-ARGPJS4\\n", "path": "/home/fey/.ssh/authorized_keys"}]}}}}}], "outputs":
      {}}, "parameters": {}, "mode": "Incremental"}}'''
    headers:
      Accept:
      - application/json
      Accept-Encoding:
      - gzip, deflate
      CommandName:
      - vm create
      Connection:
      - keep-alive
      Content-Length:
      - '3392'
      Content-Type:
      - application/json; charset=utf-8
      ParameterSetName:
      - -g -n --image --nsg-rule
      User-Agent:
      - python/3.7.4 (Windows-10-10.0.18362-SP0) msrest/0.6.10 msrest_azure/0.6.3
        azure-mgmt-resource/8.0.1 Azure-SDK-For-Python AZURECLI/2.3.1
      accept-language:
      - en-US
    method: PUT
    uri: https://management.azure.com/subscriptions/00000000-0000-0000-0000-000000000000/resourcegroups/cli_test_test_specialized_image_000001/providers/Microsoft.Resources/deployments/mock-deployment?api-version=2019-07-01
  response:
    body:
      string: '{"id":"/subscriptions/00000000-0000-0000-0000-000000000000/resourceGroups/cli_test_test_specialized_image_000001/providers/Microsoft.Resources/deployments/vm_deploy_B6uE5uzbClradRJS73gC0E2kI5cFNgEQ","name":"vm_deploy_B6uE5uzbClradRJS73gC0E2kI5cFNgEQ","type":"Microsoft.Resources/deployments","properties":{"templateHash":"11680078826914892879","parameters":{},"mode":"Incremental","provisioningState":"Accepted","timestamp":"2020-04-15T08:36:38.3667462Z","duration":"PT4.0620891S","correlationId":"b5af72e3-ab67-45cc-9961-9c24aad119f1","providers":[{"namespace":"Microsoft.Network","resourceTypes":[{"resourceType":"virtualNetworks","locations":["westus"]},{"resourceType":"networkSecurityGroups","locations":["westus"]},{"resourceType":"publicIPAddresses","locations":["westus"]},{"resourceType":"networkInterfaces","locations":["westus"]}]},{"namespace":"Microsoft.Compute","resourceTypes":[{"resourceType":"virtualMachines","locations":["westus"]}]}],"dependencies":[{"dependsOn":[{"id":"/subscriptions/00000000-0000-0000-0000-000000000000/resourceGroups/cli_test_test_specialized_image_000001/providers/Microsoft.Network/virtualNetworks/vm1VNET","resourceType":"Microsoft.Network/virtualNetworks","resourceName":"vm1VNET"},{"id":"/subscriptions/00000000-0000-0000-0000-000000000000/resourceGroups/cli_test_test_specialized_image_000001/providers/Microsoft.Network/networkSecurityGroups/vm1NSG","resourceType":"Microsoft.Network/networkSecurityGroups","resourceName":"vm1NSG"},{"id":"/subscriptions/00000000-0000-0000-0000-000000000000/resourceGroups/cli_test_test_specialized_image_000001/providers/Microsoft.Network/publicIPAddresses/vm1PublicIP","resourceType":"Microsoft.Network/publicIPAddresses","resourceName":"vm1PublicIP"}],"id":"/subscriptions/00000000-0000-0000-0000-000000000000/resourceGroups/cli_test_test_specialized_image_000001/providers/Microsoft.Network/networkInterfaces/vm1VMNic","resourceType":"Microsoft.Network/networkInterfaces","resourceName":"vm1VMNic"},{"dependsOn":[{"id":"/subscriptions/00000000-0000-0000-0000-000000000000/resourceGroups/cli_test_test_specialized_image_000001/providers/Microsoft.Network/networkInterfaces/vm1VMNic","resourceType":"Microsoft.Network/networkInterfaces","resourceName":"vm1VMNic"}],"id":"/subscriptions/00000000-0000-0000-0000-000000000000/resourceGroups/cli_test_test_specialized_image_000001/providers/Microsoft.Compute/virtualMachines/vm1","resourceType":"Microsoft.Compute/virtualMachines","resourceName":"vm1"}]}}'
    headers:
      azure-asyncoperation:
      - https://management.azure.com/subscriptions/00000000-0000-0000-0000-000000000000/resourcegroups/cli_test_test_specialized_image_000001/providers/Microsoft.Resources/deployments/vm_deploy_B6uE5uzbClradRJS73gC0E2kI5cFNgEQ/operationStatuses/08586146670911729733?api-version=2019-07-01
      cache-control:
      - no-cache
      content-length:
      - '2743'
      content-type:
      - application/json; charset=utf-8
      date:
      - Wed, 15 Apr 2020 08:36:39 GMT
      expires:
      - '-1'
      pragma:
      - no-cache
      strict-transport-security:
      - max-age=31536000; includeSubDomains
      x-content-type-options:
      - nosniff
      x-ms-ratelimit-remaining-subscription-writes:
      - '1199'
    status:
      code: 201
      message: Created
- request:
    body: null
    headers:
      Accept:
      - application/json
      Accept-Encoding:
      - gzip, deflate
      CommandName:
      - vm create
      Connection:
      - keep-alive
      ParameterSetName:
      - -g -n --image --nsg-rule
      User-Agent:
      - python/3.7.4 (Windows-10-10.0.18362-SP0) msrest/0.6.10 msrest_azure/0.6.3
        azure-mgmt-resource/8.0.1 Azure-SDK-For-Python AZURECLI/2.3.1
    method: GET
    uri: https://management.azure.com/subscriptions/00000000-0000-0000-0000-000000000000/resourcegroups/cli_test_test_specialized_image_000001/providers/Microsoft.Resources/deployments/mock-deployment/operationStatuses/08586146670911729733?api-version=2019-07-01
  response:
    body:
      string: '{"status":"Running"}'
    headers:
      cache-control:
      - no-cache
      content-length:
      - '20'
      content-type:
      - application/json; charset=utf-8
      date:
      - Wed, 15 Apr 2020 08:37:09 GMT
      expires:
      - '-1'
      pragma:
      - no-cache
      strict-transport-security:
      - max-age=31536000; includeSubDomains
      vary:
      - Accept-Encoding
      x-content-type-options:
      - nosniff
    status:
      code: 200
      message: OK
- request:
    body: null
    headers:
      Accept:
      - application/json
      Accept-Encoding:
      - gzip, deflate
      CommandName:
      - vm create
      Connection:
      - keep-alive
      ParameterSetName:
      - -g -n --image --nsg-rule
      User-Agent:
      - python/3.7.4 (Windows-10-10.0.18362-SP0) msrest/0.6.10 msrest_azure/0.6.3
        azure-mgmt-resource/8.0.1 Azure-SDK-For-Python AZURECLI/2.3.1
    method: GET
    uri: https://management.azure.com/subscriptions/00000000-0000-0000-0000-000000000000/resourcegroups/cli_test_test_specialized_image_000001/providers/Microsoft.Resources/deployments/mock-deployment/operationStatuses/08586146670911729733?api-version=2019-07-01
  response:
    body:
      string: '{"status":"Running"}'
    headers:
      cache-control:
      - no-cache
      content-length:
      - '20'
      content-type:
      - application/json; charset=utf-8
      date:
      - Wed, 15 Apr 2020 08:37:40 GMT
      expires:
      - '-1'
      pragma:
      - no-cache
      strict-transport-security:
      - max-age=31536000; includeSubDomains
      vary:
      - Accept-Encoding
      x-content-type-options:
      - nosniff
    status:
      code: 200
      message: OK
- request:
    body: null
    headers:
      Accept:
      - application/json
      Accept-Encoding:
      - gzip, deflate
      CommandName:
      - vm create
      Connection:
      - keep-alive
      ParameterSetName:
      - -g -n --image --nsg-rule
      User-Agent:
      - python/3.7.4 (Windows-10-10.0.18362-SP0) msrest/0.6.10 msrest_azure/0.6.3
        azure-mgmt-resource/8.0.1 Azure-SDK-For-Python AZURECLI/2.3.1
    method: GET
    uri: https://management.azure.com/subscriptions/00000000-0000-0000-0000-000000000000/resourcegroups/cli_test_test_specialized_image_000001/providers/Microsoft.Resources/deployments/mock-deployment/operationStatuses/08586146670911729733?api-version=2019-07-01
  response:
    body:
      string: '{"status":"Succeeded"}'
    headers:
      cache-control:
      - no-cache
      content-length:
      - '22'
      content-type:
      - application/json; charset=utf-8
      date:
      - Wed, 15 Apr 2020 08:38:11 GMT
      expires:
      - '-1'
      pragma:
      - no-cache
      strict-transport-security:
      - max-age=31536000; includeSubDomains
      vary:
      - Accept-Encoding
      x-content-type-options:
      - nosniff
    status:
      code: 200
      message: OK
- request:
    body: null
    headers:
      Accept:
      - application/json
      Accept-Encoding:
      - gzip, deflate
      CommandName:
      - vm create
      Connection:
      - keep-alive
      ParameterSetName:
      - -g -n --image --nsg-rule
      User-Agent:
      - python/3.7.4 (Windows-10-10.0.18362-SP0) msrest/0.6.10 msrest_azure/0.6.3
        azure-mgmt-resource/8.0.1 Azure-SDK-For-Python AZURECLI/2.3.1
    method: GET
    uri: https://management.azure.com/subscriptions/00000000-0000-0000-0000-000000000000/resourcegroups/cli_test_test_specialized_image_000001/providers/Microsoft.Resources/deployments/mock-deployment?api-version=2019-07-01
  response:
    body:
      string: '{"id":"/subscriptions/00000000-0000-0000-0000-000000000000/resourceGroups/cli_test_test_specialized_image_000001/providers/Microsoft.Resources/deployments/vm_deploy_B6uE5uzbClradRJS73gC0E2kI5cFNgEQ","name":"vm_deploy_B6uE5uzbClradRJS73gC0E2kI5cFNgEQ","type":"Microsoft.Resources/deployments","properties":{"templateHash":"11680078826914892879","parameters":{},"mode":"Incremental","provisioningState":"Succeeded","timestamp":"2020-04-15T08:37:41.519398Z","duration":"PT1M7.2147409S","correlationId":"b5af72e3-ab67-45cc-9961-9c24aad119f1","providers":[{"namespace":"Microsoft.Network","resourceTypes":[{"resourceType":"virtualNetworks","locations":["westus"]},{"resourceType":"networkSecurityGroups","locations":["westus"]},{"resourceType":"publicIPAddresses","locations":["westus"]},{"resourceType":"networkInterfaces","locations":["westus"]}]},{"namespace":"Microsoft.Compute","resourceTypes":[{"resourceType":"virtualMachines","locations":["westus"]}]}],"dependencies":[{"dependsOn":[{"id":"/subscriptions/00000000-0000-0000-0000-000000000000/resourceGroups/cli_test_test_specialized_image_000001/providers/Microsoft.Network/virtualNetworks/vm1VNET","resourceType":"Microsoft.Network/virtualNetworks","resourceName":"vm1VNET"},{"id":"/subscriptions/00000000-0000-0000-0000-000000000000/resourceGroups/cli_test_test_specialized_image_000001/providers/Microsoft.Network/networkSecurityGroups/vm1NSG","resourceType":"Microsoft.Network/networkSecurityGroups","resourceName":"vm1NSG"},{"id":"/subscriptions/00000000-0000-0000-0000-000000000000/resourceGroups/cli_test_test_specialized_image_000001/providers/Microsoft.Network/publicIPAddresses/vm1PublicIP","resourceType":"Microsoft.Network/publicIPAddresses","resourceName":"vm1PublicIP"}],"id":"/subscriptions/00000000-0000-0000-0000-000000000000/resourceGroups/cli_test_test_specialized_image_000001/providers/Microsoft.Network/networkInterfaces/vm1VMNic","resourceType":"Microsoft.Network/networkInterfaces","resourceName":"vm1VMNic"},{"dependsOn":[{"id":"/subscriptions/00000000-0000-0000-0000-000000000000/resourceGroups/cli_test_test_specialized_image_000001/providers/Microsoft.Network/networkInterfaces/vm1VMNic","resourceType":"Microsoft.Network/networkInterfaces","resourceName":"vm1VMNic"}],"id":"/subscriptions/00000000-0000-0000-0000-000000000000/resourceGroups/cli_test_test_specialized_image_000001/providers/Microsoft.Compute/virtualMachines/vm1","resourceType":"Microsoft.Compute/virtualMachines","resourceName":"vm1"}],"outputs":{},"outputResources":[{"id":"/subscriptions/00000000-0000-0000-0000-000000000000/resourceGroups/cli_test_test_specialized_image_000001/providers/Microsoft.Compute/virtualMachines/vm1"},{"id":"/subscriptions/00000000-0000-0000-0000-000000000000/resourceGroups/cli_test_test_specialized_image_000001/providers/Microsoft.Network/networkInterfaces/vm1VMNic"},{"id":"/subscriptions/00000000-0000-0000-0000-000000000000/resourceGroups/cli_test_test_specialized_image_000001/providers/Microsoft.Network/networkSecurityGroups/vm1NSG"},{"id":"/subscriptions/00000000-0000-0000-0000-000000000000/resourceGroups/cli_test_test_specialized_image_000001/providers/Microsoft.Network/publicIPAddresses/vm1PublicIP"},{"id":"/subscriptions/00000000-0000-0000-0000-000000000000/resourceGroups/cli_test_test_specialized_image_000001/providers/Microsoft.Network/virtualNetworks/vm1VNET"}]}}'
    headers:
      cache-control:
      - no-cache
      content-length:
      - '3808'
      content-type:
      - application/json; charset=utf-8
      date:
      - Wed, 15 Apr 2020 08:38:11 GMT
      expires:
      - '-1'
      pragma:
      - no-cache
      strict-transport-security:
      - max-age=31536000; includeSubDomains
      vary:
      - Accept-Encoding
      x-content-type-options:
      - nosniff
    status:
      code: 200
      message: OK
- request:
    body: null
    headers:
      Accept:
      - application/json
      Accept-Encoding:
      - gzip, deflate
      CommandName:
      - vm create
      Connection:
      - keep-alive
      ParameterSetName:
      - -g -n --image --nsg-rule
      User-Agent:
      - python/3.7.4 (Windows-10-10.0.18362-SP0) msrest/0.6.10 msrest_azure/0.6.3
        azure-mgmt-compute/12.0.0 Azure-SDK-For-Python AZURECLI/2.3.1
      accept-language:
      - en-US
    method: GET
    uri: https://management.azure.com/subscriptions/00000000-0000-0000-0000-000000000000/resourceGroups/cli_test_test_specialized_image_000001/providers/Microsoft.Compute/virtualMachines/vm1?$expand=instanceView&api-version=2019-07-01
  response:
    body:
      string: "{\r\n  \"name\": \"vm1\",\r\n  \"id\": \"/subscriptions/00000000-0000-0000-0000-000000000000/resourceGroups/cli_test_test_specialized_image_000001/providers/Microsoft.Compute/virtualMachines/vm1\",\r\n
        \ \"type\": \"Microsoft.Compute/virtualMachines\",\r\n  \"location\": \"westus\",\r\n
        \ \"tags\": {},\r\n  \"properties\": {\r\n    \"vmId\": \"e7d4a9f4-6cfe-404f-9246-029348722ac4\",\r\n
        \   \"hardwareProfile\": {\r\n      \"vmSize\": \"Standard_DS1_v2\"\r\n    },\r\n
        \   \"storageProfile\": {\r\n      \"imageReference\": {\r\n        \"publisher\":
        \"Canonical\",\r\n        \"offer\": \"UbuntuServer\",\r\n        \"sku\":
        \"18.04-LTS\",\r\n        \"version\": \"latest\",\r\n        \"exactVersion\":
        \"18.04.202003250\"\r\n      },\r\n      \"osDisk\": {\r\n        \"osType\":
        \"Linux\",\r\n        \"name\": \"vm1_disk1_fc40462cbccc446d96a38506d90d2471\",\r\n
        \       \"createOption\": \"FromImage\",\r\n        \"caching\": \"ReadWrite\",\r\n
        \       \"managedDisk\": {\r\n          \"storageAccountType\": \"Premium_LRS\",\r\n
        \         \"id\": \"/subscriptions/00000000-0000-0000-0000-000000000000/resourceGroups/CLI_TEST_TEST_SPECIALIZED_IMAGE_LT7CXDDNSHZJJSPF36WHUTG6PYSYYAHFLGUMIUKD7RU/providers/Microsoft.Compute/disks/vm1_disk1_fc40462cbccc446d96a38506d90d2471\"\r\n
        \       },\r\n        \"diskSizeGB\": 30\r\n      },\r\n      \"dataDisks\":
        []\r\n    },\r\n    \"osProfile\": {\r\n      \"computerName\": \"vm1\",\r\n
        \     \"adminUsername\": \"fey\",\r\n      \"linuxConfiguration\": {\r\n        \"disablePasswordAuthentication\":
        true,\r\n        \"ssh\": {\r\n          \"publicKeys\": [\r\n            {\r\n
        \             \"path\": \"/home/fey/.ssh/authorized_keys\",\r\n              \"keyData\":
        \"ssh-rsa AAAAB3NzaC1yc2EAAAADAQABAAABAQDmzXeK++L20uMK/Ug5wpjnWWyMlHoecEOxyHueHc1gPDj8qgLChiHt1OWJ1sDjiqBJ+hEEwZLjN8lCmUvWzzrl20d7M/BVp1ejulE/zr999kWuY3m5+FpAkbbxeO9LWoafwOir9dPzIOjDGdPWKbgHr3SerOHAuvVdXJDhWHtW5lB/MEnrxi48Pz/8k1lD1YccUAI6zDgKVJPBEk9fWMW8H0hKYsRXmlxdtg2npBQK7kbmcB2NJPEhTVgxVPqSaBVAt2lOCC/QQvAXcoD0lJGujp1IVYqSUarS5RnrYEDZ9Q6EKduWrP0GFkFkF8YzpFe+BRFaV8bLJrvZN43vgzRj
        fey@DESKTOP-ARGPJS4\\n\"\r\n            }\r\n          ]\r\n        },\r\n
        \       \"provisionVMAgent\": true\r\n      },\r\n      \"secrets\": [],\r\n
        \     \"allowExtensionOperations\": true,\r\n      \"requireGuestProvisionSignal\":
        true\r\n    },\r\n    \"networkProfile\": {\"networkInterfaces\":[{\"id\":\"/subscriptions/00000000-0000-0000-0000-000000000000/resourceGroups/cli_test_test_specialized_image_000001/providers/Microsoft.Network/networkInterfaces/vm1VMNic\"}]},\r\n
        \   \"provisioningState\": \"Succeeded\",\r\n    \"instanceView\": {\r\n      \"computerName\":
        \"vm1\",\r\n      \"osName\": \"ubuntu\",\r\n      \"osVersion\": \"18.04\",\r\n
        \     \"vmAgent\": {\r\n        \"vmAgentVersion\": \"2.2.46\",\r\n        \"statuses\":
        [\r\n          {\r\n            \"code\": \"ProvisioningState/succeeded\",\r\n
        \           \"level\": \"Info\",\r\n            \"displayStatus\": \"Ready\",\r\n
        \           \"message\": \"Guest Agent is running\",\r\n            \"time\":
        \"2020-04-15T08:38:11+00:00\"\r\n          }\r\n        ],\r\n        \"extensionHandlers\":
        []\r\n      },\r\n      \"disks\": [\r\n        {\r\n          \"name\": \"vm1_disk1_fc40462cbccc446d96a38506d90d2471\",\r\n
        \         \"statuses\": [\r\n            {\r\n              \"code\": \"ProvisioningState/succeeded\",\r\n
        \             \"level\": \"Info\",\r\n              \"displayStatus\": \"Provisioning
        succeeded\",\r\n              \"time\": \"2020-04-15T08:37:24.5978361+00:00\"\r\n
        \           }\r\n          ]\r\n        }\r\n      ],\r\n      \"hyperVGeneration\":
        \"V1\",\r\n      \"statuses\": [\r\n        {\r\n          \"code\": \"ProvisioningState/succeeded\",\r\n
        \         \"level\": \"Info\",\r\n          \"displayStatus\": \"Provisioning
        succeeded\",\r\n          \"time\": \"2020-04-15T08:37:40.1604287+00:00\"\r\n
        \       },\r\n        {\r\n          \"code\": \"PowerState/running\",\r\n
        \         \"level\": \"Info\",\r\n          \"displayStatus\": \"VM running\"\r\n
        \       }\r\n      ]\r\n    }\r\n  }\r\n}"
    headers:
      cache-control:
      - no-cache
      content-length:
      - '3753'
      content-type:
      - application/json; charset=utf-8
      date:
      - Wed, 15 Apr 2020 08:38:12 GMT
      expires:
      - '-1'
      pragma:
      - no-cache
      server:
      - Microsoft-HTTPAPI/2.0
      - Microsoft-HTTPAPI/2.0
      strict-transport-security:
      - max-age=31536000; includeSubDomains
      transfer-encoding:
      - chunked
      vary:
      - Accept-Encoding
      x-content-type-options:
      - nosniff
      x-ms-ratelimit-remaining-resource:
      - Microsoft.Compute/LowCostGet3Min;3997,Microsoft.Compute/LowCostGet30Min;31997
    status:
      code: 200
      message: OK
- request:
    body: null
    headers:
      Accept:
      - application/json
      Accept-Encoding:
      - gzip, deflate
      CommandName:
      - vm create
      Connection:
      - keep-alive
      ParameterSetName:
      - -g -n --image --nsg-rule
      User-Agent:
      - python/3.7.4 (Windows-10-10.0.18362-SP0) msrest/0.6.10 msrest_azure/0.6.3
        azure-mgmt-network/10.0.0 Azure-SDK-For-Python AZURECLI/2.3.1
      accept-language:
      - en-US
    method: GET
    uri: https://management.azure.com/subscriptions/00000000-0000-0000-0000-000000000000/resourceGroups/cli_test_test_specialized_image_000001/providers/Microsoft.Network/networkInterfaces/vm1VMNic?api-version=2018-01-01
  response:
    body:
      string: "{\r\n  \"name\": \"vm1VMNic\",\r\n  \"id\": \"/subscriptions/00000000-0000-0000-0000-000000000000/resourceGroups/cli_test_test_specialized_image_000001/providers/Microsoft.Network/networkInterfaces/vm1VMNic\",\r\n
        \ \"etag\": \"W/\\\"fea1cc8b-8bdc-4284-b955-90123883bb8c\\\"\",\r\n  \"location\":
        \"westus\",\r\n  \"tags\": {},\r\n  \"properties\": {\r\n    \"provisioningState\":
        \"Succeeded\",\r\n    \"resourceGuid\": \"c79aad2d-0dd6-49a4-b8e9-cd7d32984a2b\",\r\n
        \   \"ipConfigurations\": [\r\n      {\r\n        \"name\": \"ipconfigvm1\",\r\n
        \       \"id\": \"/subscriptions/00000000-0000-0000-0000-000000000000/resourceGroups/cli_test_test_specialized_image_000001/providers/Microsoft.Network/networkInterfaces/vm1VMNic/ipConfigurations/ipconfigvm1\",\r\n
        \       \"etag\": \"W/\\\"fea1cc8b-8bdc-4284-b955-90123883bb8c\\\"\",\r\n
        \       \"type\": \"Microsoft.Network/networkInterfaces/ipConfigurations\",\r\n
        \       \"properties\": {\r\n          \"provisioningState\": \"Succeeded\",\r\n
        \         \"privateIPAddress\": \"10.0.0.4\",\r\n          \"privateIPAllocationMethod\":
        \"Dynamic\",\r\n          \"publicIPAddress\": {\r\n            \"id\": \"/subscriptions/00000000-0000-0000-0000-000000000000/resourceGroups/cli_test_test_specialized_image_000001/providers/Microsoft.Network/publicIPAddresses/vm1PublicIP\"\r\n
        \         },\r\n          \"subnet\": {\r\n            \"id\": \"/subscriptions/00000000-0000-0000-0000-000000000000/resourceGroups/cli_test_test_specialized_image_000001/providers/Microsoft.Network/virtualNetworks/vm1VNET/subnets/vm1Subnet\"\r\n
        \         },\r\n          \"primary\": true,\r\n          \"privateIPAddressVersion\":
        \"IPv4\"\r\n        }\r\n      }\r\n    ],\r\n    \"dnsSettings\": {\r\n      \"dnsServers\":
        [],\r\n      \"appliedDnsServers\": [],\r\n      \"internalDomainNameSuffix\":
        \"q4gw4p5r0wyujaap5byv14psmd.dx.internal.cloudapp.net\"\r\n    },\r\n    \"macAddress\":
        \"00-0D-3A-34-AA-D0\",\r\n    \"enableAcceleratedNetworking\": false,\r\n
        \   \"enableIPForwarding\": false,\r\n    \"networkSecurityGroup\": {\r\n
        \     \"id\": \"/subscriptions/00000000-0000-0000-0000-000000000000/resourceGroups/cli_test_test_specialized_image_000001/providers/Microsoft.Network/networkSecurityGroups/vm1NSG\"\r\n
        \   },\r\n    \"primary\": true,\r\n    \"virtualMachine\": {\r\n      \"id\":
        \"/subscriptions/00000000-0000-0000-0000-000000000000/resourceGroups/cli_test_test_specialized_image_000001/providers/Microsoft.Compute/virtualMachines/vm1\"\r\n
        \   }\r\n  },\r\n  \"type\": \"Microsoft.Network/networkInterfaces\"\r\n}"
    headers:
      cache-control:
      - no-cache
      content-length:
      - '2568'
      content-type:
      - application/json; charset=utf-8
      date:
      - Wed, 15 Apr 2020 08:38:13 GMT
      etag:
      - W/"fea1cc8b-8bdc-4284-b955-90123883bb8c"
      expires:
      - '-1'
      pragma:
      - no-cache
      server:
      - Microsoft-HTTPAPI/2.0
      - Microsoft-HTTPAPI/2.0
      strict-transport-security:
      - max-age=31536000; includeSubDomains
      transfer-encoding:
      - chunked
      vary:
      - Accept-Encoding
      x-content-type-options:
      - nosniff
      x-ms-arm-service-request-id:
      - b374c078-a549-46db-9d2e-b5e2e140f6b9
    status:
      code: 200
      message: OK
- request:
    body: null
    headers:
      Accept:
      - application/json
      Accept-Encoding:
      - gzip, deflate
      CommandName:
      - vm create
      Connection:
      - keep-alive
      ParameterSetName:
      - -g -n --image --nsg-rule
      User-Agent:
      - python/3.7.4 (Windows-10-10.0.18362-SP0) msrest/0.6.10 msrest_azure/0.6.3
        azure-mgmt-network/10.0.0 Azure-SDK-For-Python AZURECLI/2.3.1
      accept-language:
      - en-US
    method: GET
    uri: https://management.azure.com/subscriptions/00000000-0000-0000-0000-000000000000/resourceGroups/cli_test_test_specialized_image_000001/providers/Microsoft.Network/publicIPAddresses/vm1PublicIP?api-version=2018-01-01
  response:
    body:
      string: "{\r\n  \"name\": \"vm1PublicIP\",\r\n  \"id\": \"/subscriptions/00000000-0000-0000-0000-000000000000/resourceGroups/cli_test_test_specialized_image_000001/providers/Microsoft.Network/publicIPAddresses/vm1PublicIP\",\r\n
        \ \"etag\": \"W/\\\"d6a8ad33-d2c0-4acc-af0d-8c2392c7beff\\\"\",\r\n  \"location\":
        \"westus\",\r\n  \"tags\": {},\r\n  \"properties\": {\r\n    \"provisioningState\":
        \"Succeeded\",\r\n    \"resourceGuid\": \"d92cbc5d-ebb1-457d-9bab-606ec13ac85c\",\r\n
        \   \"ipAddress\": \"40.83.166.71\",\r\n    \"publicIPAddressVersion\": \"IPv4\",\r\n
        \   \"publicIPAllocationMethod\": \"Dynamic\",\r\n    \"idleTimeoutInMinutes\":
        4,\r\n    \"ipTags\": [],\r\n    \"ipConfiguration\": {\r\n      \"id\": \"/subscriptions/00000000-0000-0000-0000-000000000000/resourceGroups/cli_test_test_specialized_image_000001/providers/Microsoft.Network/networkInterfaces/vm1VMNic/ipConfigurations/ipconfigvm1\"\r\n
        \   }\r\n  },\r\n  \"type\": \"Microsoft.Network/publicIPAddresses\",\r\n
        \ \"sku\": {\r\n    \"name\": \"Basic\"\r\n  }\r\n}"
    headers:
      cache-control:
      - no-cache
      content-length:
      - '996'
      content-type:
      - application/json; charset=utf-8
      date:
      - Wed, 15 Apr 2020 08:38:13 GMT
      etag:
      - W/"d6a8ad33-d2c0-4acc-af0d-8c2392c7beff"
      expires:
      - '-1'
      pragma:
      - no-cache
      server:
      - Microsoft-HTTPAPI/2.0
      - Microsoft-HTTPAPI/2.0
      strict-transport-security:
      - max-age=31536000; includeSubDomains
      transfer-encoding:
      - chunked
      vary:
      - Accept-Encoding
      x-content-type-options:
      - nosniff
      x-ms-arm-service-request-id:
      - bd3229d8-3927-45c6-a8f5-e820adf81175
    status:
      code: 200
      message: OK
- request:
    body: null
    headers:
      Accept:
      - application/json
      Accept-Encoding:
      - gzip, deflate
      CommandName:
      - vm show
      Connection:
      - keep-alive
      ParameterSetName:
      - -g -n
      User-Agent:
      - python/3.7.4 (Windows-10-10.0.18362-SP0) msrest/0.6.10 msrest_azure/0.6.3
        azure-mgmt-compute/12.0.0 Azure-SDK-For-Python AZURECLI/2.3.1
      accept-language:
      - en-US
    method: GET
    uri: https://management.azure.com/subscriptions/00000000-0000-0000-0000-000000000000/resourceGroups/cli_test_test_specialized_image_000001/providers/Microsoft.Compute/virtualMachines/vm1?api-version=2019-07-01
  response:
    body:
      string: "{\r\n  \"name\": \"vm1\",\r\n  \"id\": \"/subscriptions/00000000-0000-0000-0000-000000000000/resourceGroups/cli_test_test_specialized_image_000001/providers/Microsoft.Compute/virtualMachines/vm1\",\r\n
        \ \"type\": \"Microsoft.Compute/virtualMachines\",\r\n  \"location\": \"westus\",\r\n
        \ \"tags\": {},\r\n  \"properties\": {\r\n    \"vmId\": \"e7d4a9f4-6cfe-404f-9246-029348722ac4\",\r\n
        \   \"hardwareProfile\": {\r\n      \"vmSize\": \"Standard_DS1_v2\"\r\n    },\r\n
        \   \"storageProfile\": {\r\n      \"imageReference\": {\r\n        \"publisher\":
        \"Canonical\",\r\n        \"offer\": \"UbuntuServer\",\r\n        \"sku\":
        \"18.04-LTS\",\r\n        \"version\": \"latest\",\r\n        \"exactVersion\":
        \"18.04.202003250\"\r\n      },\r\n      \"osDisk\": {\r\n        \"osType\":
        \"Linux\",\r\n        \"name\": \"vm1_disk1_fc40462cbccc446d96a38506d90d2471\",\r\n
        \       \"createOption\": \"FromImage\",\r\n        \"caching\": \"ReadWrite\",\r\n
        \       \"managedDisk\": {\r\n          \"storageAccountType\": \"Premium_LRS\",\r\n
        \         \"id\": \"/subscriptions/00000000-0000-0000-0000-000000000000/resourceGroups/CLI_TEST_TEST_SPECIALIZED_IMAGE_LT7CXDDNSHZJJSPF36WHUTG6PYSYYAHFLGUMIUKD7RU/providers/Microsoft.Compute/disks/vm1_disk1_fc40462cbccc446d96a38506d90d2471\"\r\n
        \       },\r\n        \"diskSizeGB\": 30\r\n      },\r\n      \"dataDisks\":
        []\r\n    },\r\n    \"osProfile\": {\r\n      \"computerName\": \"vm1\",\r\n
        \     \"adminUsername\": \"fey\",\r\n      \"linuxConfiguration\": {\r\n        \"disablePasswordAuthentication\":
        true,\r\n        \"ssh\": {\r\n          \"publicKeys\": [\r\n            {\r\n
        \             \"path\": \"/home/fey/.ssh/authorized_keys\",\r\n              \"keyData\":
        \"ssh-rsa AAAAB3NzaC1yc2EAAAADAQABAAABAQDmzXeK++L20uMK/Ug5wpjnWWyMlHoecEOxyHueHc1gPDj8qgLChiHt1OWJ1sDjiqBJ+hEEwZLjN8lCmUvWzzrl20d7M/BVp1ejulE/zr999kWuY3m5+FpAkbbxeO9LWoafwOir9dPzIOjDGdPWKbgHr3SerOHAuvVdXJDhWHtW5lB/MEnrxi48Pz/8k1lD1YccUAI6zDgKVJPBEk9fWMW8H0hKYsRXmlxdtg2npBQK7kbmcB2NJPEhTVgxVPqSaBVAt2lOCC/QQvAXcoD0lJGujp1IVYqSUarS5RnrYEDZ9Q6EKduWrP0GFkFkF8YzpFe+BRFaV8bLJrvZN43vgzRj
        fey@DESKTOP-ARGPJS4\\n\"\r\n            }\r\n          ]\r\n        },\r\n
        \       \"provisionVMAgent\": true\r\n      },\r\n      \"secrets\": [],\r\n
        \     \"allowExtensionOperations\": true,\r\n      \"requireGuestProvisionSignal\":
        true\r\n    },\r\n    \"networkProfile\": {\"networkInterfaces\":[{\"id\":\"/subscriptions/00000000-0000-0000-0000-000000000000/resourceGroups/cli_test_test_specialized_image_000001/providers/Microsoft.Network/networkInterfaces/vm1VMNic\"}]},\r\n
        \   \"provisioningState\": \"Succeeded\"\r\n  }\r\n}"
    headers:
      cache-control:
      - no-cache
      content-length:
      - '2464'
      content-type:
      - application/json; charset=utf-8
      date:
      - Wed, 15 Apr 2020 08:38:14 GMT
      expires:
      - '-1'
      pragma:
      - no-cache
      server:
      - Microsoft-HTTPAPI/2.0
      - Microsoft-HTTPAPI/2.0
      strict-transport-security:
      - max-age=31536000; includeSubDomains
      transfer-encoding:
      - chunked
      vary:
      - Accept-Encoding
      x-content-type-options:
      - nosniff
      x-ms-ratelimit-remaining-resource:
      - Microsoft.Compute/LowCostGet3Min;3996,Microsoft.Compute/LowCostGet30Min;31996
    status:
      code: 200
      message: OK
- request:
    body: null
    headers:
      Accept:
      - application/json
      Accept-Encoding:
      - gzip, deflate
      CommandName:
      - snapshot create
      Connection:
      - keep-alive
      ParameterSetName:
      - -g -n --source
      User-Agent:
      - python/3.7.4 (Windows-10-10.0.18362-SP0) msrest/0.6.10 msrest_azure/0.6.3
        azure-mgmt-compute/12.0.0 Azure-SDK-For-Python AZURECLI/2.3.1
      accept-language:
      - en-US
    method: GET
    uri: https://management.azure.com/subscriptions/00000000-0000-0000-0000-000000000000/resourceGroups/cli_test_test_specialized_image_000001/providers/Microsoft.Compute/snapshots/vm1_disk1_fc40462cbccc446d96a38506d90d2471?api-version=2019-07-01
  response:
    body:
      string: '{"error":{"code":"ResourceNotFound","message":"The Resource ''Microsoft.Compute/snapshots/vm1_disk1_fc40462cbccc446d96a38506d90d2471''
        under resource group ''cli_test_test_specialized_image_000001'' was not found."}}'
    headers:
      cache-control:
      - no-cache
      content-length:
      - '249'
      content-type:
      - application/json; charset=utf-8
      date:
      - Wed, 15 Apr 2020 08:38:15 GMT
      expires:
      - '-1'
      pragma:
      - no-cache
      strict-transport-security:
      - max-age=31536000; includeSubDomains
      x-content-type-options:
      - nosniff
      x-ms-failure-cause:
      - gateway
    status:
      code: 404
      message: Not Found
- request:
    body: null
    headers:
      Accept:
      - application/json
      Accept-Encoding:
      - gzip, deflate
      CommandName:
      - snapshot create
      Connection:
      - keep-alive
      ParameterSetName:
      - -g -n --source
      User-Agent:
      - python/3.7.4 (Windows-10-10.0.18362-SP0) msrest/0.6.10 msrest_azure/0.6.3
        azure-mgmt-compute/12.0.0 Azure-SDK-For-Python AZURECLI/2.3.1
      accept-language:
      - en-US
    method: GET
    uri: https://management.azure.com/subscriptions/00000000-0000-0000-0000-000000000000/resourceGroups/cli_test_test_specialized_image_000001/providers/Microsoft.Compute/disks/vm1_disk1_fc40462cbccc446d96a38506d90d2471?api-version=2019-11-01
  response:
    body:
      string: "{\r\n  \"name\": \"vm1_disk1_fc40462cbccc446d96a38506d90d2471\",\r\n
        \ \"id\": \"/subscriptions/00000000-0000-0000-0000-000000000000/resourceGroups/cli_test_test_specialized_image_000001/providers/Microsoft.Compute/disks/vm1_disk1_fc40462cbccc446d96a38506d90d2471\",\r\n
        \ \"type\": \"Microsoft.Compute/disks\",\r\n  \"location\": \"westus\",\r\n
        \ \"tags\": {},\r\n  \"managedBy\": \"/subscriptions/00000000-0000-0000-0000-000000000000/resourceGroups/cli_test_test_specialized_image_000001/providers/Microsoft.Compute/virtualMachines/vm1\",\r\n
        \ \"sku\": {\r\n    \"name\": \"Premium_LRS\",\r\n    \"tier\": \"Premium\"\r\n
        \ },\r\n  \"properties\": {\r\n    \"osType\": \"Linux\",\r\n    \"hyperVGeneration\":
        \"V1\",\r\n    \"creationData\": {\r\n      \"createOption\": \"FromImage\",\r\n
        \     \"imageReference\": {\r\n        \"id\": \"/Subscriptions/00000000-0000-0000-0000-000000000000/Providers/Microsoft.Compute/Locations/westus/Publishers/canonical/ArtifactTypes/VMImage/Offers/ubuntuserver/Skus/18.04-lts/Versions/18.04.202003250\"\r\n
        \     }\r\n    },\r\n    \"diskSizeGB\": 30,\r\n    \"diskIOPSReadWrite\":
        120,\r\n    \"diskMBpsReadWrite\": 25,\r\n    \"encryption\": {\r\n      \"type\":
        \"EncryptionAtRestWithPlatformKey\"\r\n    },\r\n    \"timeCreated\": \"2020-04-15T08:37:21.2298078+00:00\",\r\n
        \   \"provisioningState\": \"Succeeded\",\r\n    \"diskState\": \"Attached\",\r\n
        \   \"diskSizeBytes\": 32213303296,\r\n    \"uniqueId\": \"fc40462c-bccc-446d-96a3-8506d90d2471\"\r\n
        \ }\r\n}"
    headers:
      cache-control:
      - no-cache
      content-length:
      - '1428'
      content-type:
      - application/json; charset=utf-8
      date:
      - Wed, 15 Apr 2020 08:38:15 GMT
      expires:
      - '-1'
      pragma:
      - no-cache
      server:
      - Microsoft-HTTPAPI/2.0
      - Microsoft-HTTPAPI/2.0
      strict-transport-security:
      - max-age=31536000; includeSubDomains
      transfer-encoding:
      - chunked
      vary:
      - Accept-Encoding
      x-content-type-options:
      - nosniff
      x-ms-ratelimit-remaining-resource:
      - Microsoft.Compute/LowCostGet3Min;4998,Microsoft.Compute/LowCostGet30Min;39998
    status:
      code: 200
      message: OK
- request:
    body: null
    headers:
      Accept:
      - application/json
      Accept-Encoding:
      - gzip, deflate
      CommandName:
      - snapshot create
      Connection:
      - keep-alive
      ParameterSetName:
      - -g -n --source
      User-Agent:
      - python/3.7.4 (Windows-10-10.0.18362-SP0) msrest/0.6.10 msrest_azure/0.6.3
        azure-mgmt-resource/8.0.1 Azure-SDK-For-Python AZURECLI/2.3.1
      accept-language:
      - en-US
    method: GET
    uri: https://management.azure.com/subscriptions/00000000-0000-0000-0000-000000000000/resourcegroups/cli_test_test_specialized_image_000001?api-version=2019-07-01
  response:
    body:
      string: '{"id":"/subscriptions/00000000-0000-0000-0000-000000000000/resourceGroups/cli_test_test_specialized_image_000001","name":"cli_test_test_specialized_image_000001","type":"Microsoft.Resources/resourceGroups","location":"westus","tags":{"product":"azurecli","cause":"automation","date":"2020-04-15T08:35:03Z","StorageType":"Standard_LRS","type":"test"},"properties":{"provisioningState":"Succeeded"}}'
    headers:
      cache-control:
      - no-cache
      content-length:
      - '471'
      content-type:
      - application/json; charset=utf-8
      date:
      - Wed, 15 Apr 2020 08:38:16 GMT
      expires:
      - '-1'
      pragma:
      - no-cache
      strict-transport-security:
      - max-age=31536000; includeSubDomains
      vary:
      - Accept-Encoding
      x-content-type-options:
      - nosniff
    status:
      code: 200
      message: OK
- request:
    body: 'b''{"location": "westus", "tags": {}, "sku": {"name": "Standard_LRS"},
      "properties": {"hyperVGeneration": "V1", "creationData": {"createOption": "Copy",
      "sourceResourceId": "/subscriptions/00000000-0000-0000-0000-000000000000/resourceGroups/cli_test_test_specialized_image_000001/providers/Microsoft.Compute/disks/vm1_disk1_fc40462cbccc446d96a38506d90d2471"}}}'''
    headers:
      Accept:
      - application/json
      Accept-Encoding:
      - gzip, deflate
      CommandName:
      - snapshot create
      Connection:
      - keep-alive
      Content-Length:
      - '394'
      Content-Type:
      - application/json; charset=utf-8
      ParameterSetName:
      - -g -n --source
      User-Agent:
      - python/3.7.4 (Windows-10-10.0.18362-SP0) msrest/0.6.10 msrest_azure/0.6.3
        azure-mgmt-compute/12.0.0 Azure-SDK-For-Python AZURECLI/2.3.1
      accept-language:
      - en-US
    method: PUT
    uri: https://management.azure.com/subscriptions/00000000-0000-0000-0000-000000000000/resourceGroups/cli_test_test_specialized_image_000001/providers/Microsoft.Compute/snapshots/s1?api-version=2019-07-01
  response:
    body:
      string: "{\r\n  \"location\": \"westus\",\r\n  \"tags\": {},\r\n  \"sku\": {\r\n
        \   \"name\": \"Standard_LRS\"\r\n  },\r\n  \"properties\": {\r\n    \"osType\":
        \"Linux\",\r\n    \"hyperVGeneration\": \"V1\",\r\n    \"creationData\": {\r\n
        \     \"createOption\": \"Copy\",\r\n      \"sourceResourceId\": \"/subscriptions/00000000-0000-0000-0000-000000000000/resourceGroups/cli_test_test_specialized_image_000001/providers/Microsoft.Compute/disks/vm1_disk1_fc40462cbccc446d96a38506d90d2471\",\r\n
        \     \"sourceUniqueId\": \"fc40462c-bccc-446d-96a3-8506d90d2471\"\r\n    },\r\n
        \   \"provisioningState\": \"Updating\",\r\n    \"isArmResource\": true\r\n
        \ }\r\n}"
    headers:
      azure-asyncoperation:
      - https://management.azure.com/subscriptions/00000000-0000-0000-0000-000000000000/providers/Microsoft.Compute/locations/westus/DiskOperations/2d3d1a6f-7d19-4e77-b44e-6eb96b2f73f6?api-version=2019-07-01
      cache-control:
      - no-cache
      content-length:
      - '610'
      content-type:
      - application/json; charset=utf-8
      date:
      - Wed, 15 Apr 2020 08:38:20 GMT
      expires:
      - '-1'
      location:
      - https://management.azure.com/subscriptions/00000000-0000-0000-0000-000000000000/providers/Microsoft.Compute/locations/westus/DiskOperations/2d3d1a6f-7d19-4e77-b44e-6eb96b2f73f6?monitor=true&api-version=2019-07-01
      pragma:
      - no-cache
      server:
      - Microsoft-HTTPAPI/2.0
      - Microsoft-HTTPAPI/2.0
      strict-transport-security:
      - max-age=31536000; includeSubDomains
      x-content-type-options:
      - nosniff
      x-ms-ratelimit-remaining-resource:
      - Microsoft.Compute/HighCostSnapshotCreateHydrate3Min;239,Microsoft.Compute/HighCostSnapshotCreateHydrate30Min;1919
      x-ms-ratelimit-remaining-subscription-writes:
      - '1199'
    status:
      code: 202
      message: Accepted
- request:
    body: null
    headers:
      Accept:
      - application/json
      Accept-Encoding:
      - gzip, deflate
      CommandName:
      - snapshot create
      Connection:
      - keep-alive
      ParameterSetName:
      - -g -n --source
      User-Agent:
      - python/3.7.4 (Windows-10-10.0.18362-SP0) msrest/0.6.10 msrest_azure/0.6.3
        azure-mgmt-compute/12.0.0 Azure-SDK-For-Python AZURECLI/2.3.1
    method: GET
    uri: https://management.azure.com/subscriptions/00000000-0000-0000-0000-000000000000/providers/Microsoft.Compute/locations/westus/DiskOperations/2d3d1a6f-7d19-4e77-b44e-6eb96b2f73f6?api-version=2019-07-01
  response:
    body:
      string: "{\r\n  \"startTime\": \"2020-04-15T08:38:20.9830389+00:00\",\r\n  \"endTime\":
        \"2020-04-15T08:38:21.6549006+00:00\",\r\n  \"status\": \"Succeeded\",\r\n
        \ \"properties\": {\r\n    \"output\": {\r\n  \"name\": \"s1\",\r\n  \"id\":
        \"/subscriptions/00000000-0000-0000-0000-000000000000/resourceGroups/cli_test_test_specialized_image_000001/providers/Microsoft.Compute/snapshots/s1\",\r\n
        \ \"type\": \"Microsoft.Compute/snapshots\",\r\n  \"location\": \"westus\",\r\n
        \ \"tags\": {},\r\n  \"sku\": {\r\n    \"name\": \"Standard_LRS\",\r\n    \"tier\":
        \"Standard\"\r\n  },\r\n  \"properties\": {\r\n    \"osType\": \"Linux\",\r\n
        \   \"hyperVGeneration\": \"V1\",\r\n    \"creationData\": {\r\n      \"createOption\":
        \"Copy\",\r\n      \"sourceResourceId\": \"/subscriptions/00000000-0000-0000-0000-000000000000/resourceGroups/cli_test_test_specialized_image_000001/providers/Microsoft.Compute/disks/vm1_disk1_fc40462cbccc446d96a38506d90d2471\",\r\n
        \     \"sourceUniqueId\": \"fc40462c-bccc-446d-96a3-8506d90d2471\"\r\n    },\r\n
        \   \"diskSizeGB\": 30,\r\n    \"encryption\": {\r\n      \"type\": \"EncryptionAtRestWithPlatformKey\"\r\n
        \   },\r\n    \"incremental\": false,\r\n    \"timeCreated\": \"2020-04-15T08:38:20.9830389+00:00\",\r\n
        \   \"provisioningState\": \"Succeeded\",\r\n    \"diskState\": \"Unattached\",\r\n
        \   \"diskSizeBytes\": 32213303296,\r\n    \"uniqueId\": \"4a8339fe-67ca-42ac-a0db-795c8dd079b3\"\r\n
        \ }\r\n}\r\n  },\r\n  \"name\": \"2d3d1a6f-7d19-4e77-b44e-6eb96b2f73f6\"\r\n}"
    headers:
      cache-control:
      - no-cache
      content-length:
      - '1397'
      content-type:
      - application/json; charset=utf-8
      date:
      - Wed, 15 Apr 2020 08:38:24 GMT
      expires:
      - '-1'
      pragma:
      - no-cache
      server:
      - Microsoft-HTTPAPI/2.0
      - Microsoft-HTTPAPI/2.0
      strict-transport-security:
      - max-age=31536000; includeSubDomains
      transfer-encoding:
      - chunked
      vary:
      - Accept-Encoding
      x-content-type-options:
      - nosniff
      x-ms-ratelimit-remaining-resource:
      - Microsoft.Compute/GetOperation3Min;49999,Microsoft.Compute/GetOperation30Min;399999
    status:
      code: 200
      message: OK
- request:
    body: null
    headers:
      Accept:
      - application/json
      Accept-Encoding:
      - gzip, deflate
      CommandName:
      - snapshot create
      Connection:
      - keep-alive
      ParameterSetName:
      - -g -n --source
      User-Agent:
      - python/3.7.4 (Windows-10-10.0.18362-SP0) msrest/0.6.10 msrest_azure/0.6.3
        azure-mgmt-compute/12.0.0 Azure-SDK-For-Python AZURECLI/2.3.1
    method: GET
    uri: https://management.azure.com/subscriptions/00000000-0000-0000-0000-000000000000/resourceGroups/cli_test_test_specialized_image_000001/providers/Microsoft.Compute/snapshots/s1?api-version=2019-07-01
  response:
    body:
      string: "{\r\n  \"name\": \"s1\",\r\n  \"id\": \"/subscriptions/00000000-0000-0000-0000-000000000000/resourceGroups/cli_test_test_specialized_image_000001/providers/Microsoft.Compute/snapshots/s1\",\r\n
        \ \"type\": \"Microsoft.Compute/snapshots\",\r\n  \"location\": \"westus\",\r\n
        \ \"tags\": {},\r\n  \"sku\": {\r\n    \"name\": \"Standard_LRS\",\r\n    \"tier\":
        \"Standard\"\r\n  },\r\n  \"properties\": {\r\n    \"osType\": \"Linux\",\r\n
        \   \"hyperVGeneration\": \"V1\",\r\n    \"creationData\": {\r\n      \"createOption\":
        \"Copy\",\r\n      \"sourceResourceId\": \"/subscriptions/00000000-0000-0000-0000-000000000000/resourceGroups/cli_test_test_specialized_image_000001/providers/Microsoft.Compute/disks/vm1_disk1_fc40462cbccc446d96a38506d90d2471\",\r\n
        \     \"sourceUniqueId\": \"fc40462c-bccc-446d-96a3-8506d90d2471\"\r\n    },\r\n
        \   \"diskSizeGB\": 30,\r\n    \"encryption\": {\r\n      \"type\": \"EncryptionAtRestWithPlatformKey\"\r\n
        \   },\r\n    \"incremental\": false,\r\n    \"timeCreated\": \"2020-04-15T08:38:20.9830389+00:00\",\r\n
        \   \"provisioningState\": \"Succeeded\",\r\n    \"diskState\": \"Unattached\",\r\n
        \   \"diskSizeBytes\": 32213303296,\r\n    \"uniqueId\": \"4a8339fe-67ca-42ac-a0db-795c8dd079b3\"\r\n
        \ }\r\n}"
    headers:
      cache-control:
      - no-cache
      content-length:
      - '1172'
      content-type:
      - application/json; charset=utf-8
      date:
      - Wed, 15 Apr 2020 08:38:24 GMT
      expires:
      - '-1'
      pragma:
      - no-cache
      server:
      - Microsoft-HTTPAPI/2.0
      - Microsoft-HTTPAPI/2.0
      strict-transport-security:
      - max-age=31536000; includeSubDomains
      transfer-encoding:
      - chunked
      vary:
      - Accept-Encoding
      x-content-type-options:
      - nosniff
      x-ms-ratelimit-remaining-resource:
      - Microsoft.Compute/LowCostGet3Min;4997,Microsoft.Compute/LowCostGet30Min;39997
    status:
      code: 200
      message: OK
- request:
    body: null
    headers:
      Accept:
      - application/json
      Accept-Encoding:
      - gzip, deflate
      CommandName:
      - sig image-version create
      Connection:
      - keep-alive
      ParameterSetName:
      - -g --gallery-name --gallery-image-definition --gallery-image-version --os-snapshot
      User-Agent:
      - python/3.7.4 (Windows-10-10.0.18362-SP0) msrest/0.6.10 msrest_azure/0.6.3
        azure-mgmt-resource/8.0.1 Azure-SDK-For-Python AZURECLI/2.3.1
      accept-language:
      - en-US
    method: GET
    uri: https://management.azure.com/subscriptions/00000000-0000-0000-0000-000000000000/resourcegroups/cli_test_test_specialized_image_000001?api-version=2019-07-01
  response:
    body:
      string: '{"id":"/subscriptions/00000000-0000-0000-0000-000000000000/resourceGroups/cli_test_test_specialized_image_000001","name":"cli_test_test_specialized_image_000001","type":"Microsoft.Resources/resourceGroups","location":"westus","tags":{"product":"azurecli","cause":"automation","date":"2020-04-15T08:35:03Z","StorageType":"Standard_LRS","type":"test"},"properties":{"provisioningState":"Succeeded"}}'
    headers:
      cache-control:
      - no-cache
      content-length:
      - '471'
      content-type:
      - application/json; charset=utf-8
      date:
      - Wed, 15 Apr 2020 08:38:25 GMT
      expires:
      - '-1'
      pragma:
      - no-cache
      strict-transport-security:
      - max-age=31536000; includeSubDomains
      vary:
      - Accept-Encoding
      x-content-type-options:
      - nosniff
    status:
      code: 200
      message: OK
- request:
    body: 'b''{"location": "westus", "tags": {}, "properties": {"publishingProfile":
      {"targetRegions": [{"name": "westus"}]}, "storageProfile": {"osDiskImage": {"source":
      {"id": "/subscriptions/00000000-0000-0000-0000-000000000000/resourceGroups/cli_test_test_specialized_image_000001/providers/Microsoft.Compute/snapshots/s1"}}}}}'''
    headers:
      Accept:
      - application/json
      Accept-Encoding:
      - gzip, deflate
      CommandName:
      - sig image-version create
      Connection:
      - keep-alive
      Content-Length:
      - '354'
      Content-Type:
      - application/json; charset=utf-8
      ParameterSetName:
      - -g --gallery-name --gallery-image-definition --gallery-image-version --os-snapshot
      User-Agent:
      - python/3.7.4 (Windows-10-10.0.18362-SP0) msrest/0.6.10 msrest_azure/0.6.3
        azure-mgmt-compute/12.0.0 Azure-SDK-For-Python AZURECLI/2.3.1
      accept-language:
      - en-US
    method: PUT
    uri: https://management.azure.com/subscriptions/00000000-0000-0000-0000-000000000000/resourceGroups/cli_test_test_specialized_image_000001/providers/Microsoft.Compute/galleries/gallery_000002/images/image1/versions/1.0.0?api-version=2019-12-01
  response:
    body:
      string: "{\r\n  \"name\": \"1.0.0\",\r\n  \"id\": \"/subscriptions/00000000-0000-0000-0000-000000000000/resourceGroups/cli_test_test_specialized_image_000001/providers/Microsoft.Compute/galleries/gallery_000002/images/image1/versions/1.0.0\",\r\n
        \ \"type\": \"Microsoft.Compute/galleries/images/versions\",\r\n  \"location\":
        \"westus\",\r\n  \"tags\": {},\r\n  \"properties\": {\r\n    \"publishingProfile\":
        {\r\n      \"targetRegions\": [\r\n        {\r\n          \"name\": \"West
        US\",\r\n          \"regionalReplicaCount\": 1,\r\n          \"storageAccountType\":
        \"Standard_LRS\"\r\n        }\r\n      ],\r\n      \"replicaCount\": 1,\r\n
        \     \"excludeFromLatest\": false,\r\n      \"publishedDate\": \"2020-04-15T08:38:30.6611608+00:00\",\r\n
        \     \"storageAccountType\": \"Standard_LRS\"\r\n    },\r\n    \"storageProfile\":
        {\r\n      \"osDiskImage\": {\r\n        \"hostCaching\": \"ReadWrite\",\r\n
        \       \"source\": {\r\n          \"id\": \"/subscriptions/00000000-0000-0000-0000-000000000000/resourceGroups/cli_test_test_specialized_image_000001/providers/Microsoft.Compute/snapshots/s1\"\r\n
        \       }\r\n      }\r\n    },\r\n    \"provisioningState\": \"Creating\"\r\n
        \ }\r\n}"
    headers:
      azure-asyncoperation:
      - https://management.azure.com/subscriptions/00000000-0000-0000-0000-000000000000/providers/Microsoft.Compute/locations/westus/capsOperations/3ef9ea13-5ac5-4fa7-89a2-7ec6fa6be9b2?api-version=2019-12-01
      cache-control:
      - no-cache
      content-length:
      - '1140'
      content-type:
      - application/json; charset=utf-8
      date:
      - Wed, 15 Apr 2020 08:38:31 GMT
      expires:
      - '-1'
      pragma:
      - no-cache
      server:
      - Microsoft-HTTPAPI/2.0
      - Microsoft-HTTPAPI/2.0
      strict-transport-security:
      - max-age=31536000; includeSubDomains
      x-content-type-options:
      - nosniff
      x-ms-ratelimit-remaining-resource:
      - Microsoft.Compute/CreateUpdateGalleryImageVersion3Min;299,Microsoft.Compute/CreateUpdateGalleryImageVersion30Min;999
      x-ms-ratelimit-remaining-subscription-writes:
      - '1199'
    status:
      code: 201
      message: Created
- request:
    body: null
    headers:
      Accept:
      - application/json
      Accept-Encoding:
      - gzip, deflate
      CommandName:
      - sig image-version create
      Connection:
      - keep-alive
      ParameterSetName:
      - -g --gallery-name --gallery-image-definition --gallery-image-version --os-snapshot
      User-Agent:
      - python/3.7.4 (Windows-10-10.0.18362-SP0) msrest/0.6.10 msrest_azure/0.6.3
        azure-mgmt-compute/12.0.0 Azure-SDK-For-Python AZURECLI/2.3.1
    method: GET
    uri: https://management.azure.com/subscriptions/00000000-0000-0000-0000-000000000000/providers/Microsoft.Compute/locations/westus/capsOperations/3ef9ea13-5ac5-4fa7-89a2-7ec6fa6be9b2?api-version=2019-12-01
  response:
    body:
      string: "{\r\n  \"startTime\": \"2020-04-15T08:38:30.6611608+00:00\",\r\n  \"status\":
        \"InProgress\",\r\n  \"name\": \"3ef9ea13-5ac5-4fa7-89a2-7ec6fa6be9b2\"\r\n}"
    headers:
      cache-control:
      - no-cache
      content-length:
      - '134'
      content-type:
      - application/json; charset=utf-8
      date:
      - Wed, 15 Apr 2020 08:39:02 GMT
      expires:
      - '-1'
      pragma:
      - no-cache
      server:
      - Microsoft-HTTPAPI/2.0
      - Microsoft-HTTPAPI/2.0
      strict-transport-security:
      - max-age=31536000; includeSubDomains
      transfer-encoding:
      - chunked
      vary:
      - Accept-Encoding
      x-content-type-options:
      - nosniff
      x-ms-ratelimit-remaining-resource:
      - Microsoft.Compute/GetOperationStatus3Min;1198,Microsoft.Compute/GetOperationStatus30Min;2394
    status:
      code: 200
      message: OK
- request:
    body: null
    headers:
      Accept:
      - application/json
      Accept-Encoding:
      - gzip, deflate
      CommandName:
      - sig image-version create
      Connection:
      - keep-alive
      ParameterSetName:
      - -g --gallery-name --gallery-image-definition --gallery-image-version --os-snapshot
      User-Agent:
      - python/3.7.4 (Windows-10-10.0.18362-SP0) msrest/0.6.10 msrest_azure/0.6.3
        azure-mgmt-compute/12.0.0 Azure-SDK-For-Python AZURECLI/2.3.1
    method: GET
    uri: https://management.azure.com/subscriptions/00000000-0000-0000-0000-000000000000/providers/Microsoft.Compute/locations/westus/capsOperations/3ef9ea13-5ac5-4fa7-89a2-7ec6fa6be9b2?api-version=2019-12-01
  response:
    body:
      string: "{\r\n  \"startTime\": \"2020-04-15T08:38:30.6611608+00:00\",\r\n  \"status\":
        \"InProgress\",\r\n  \"name\": \"3ef9ea13-5ac5-4fa7-89a2-7ec6fa6be9b2\"\r\n}"
    headers:
      cache-control:
      - no-cache
      content-length:
      - '134'
      content-type:
      - application/json; charset=utf-8
      date:
      - Wed, 15 Apr 2020 08:39:32 GMT
      expires:
      - '-1'
      pragma:
      - no-cache
      server:
      - Microsoft-HTTPAPI/2.0
      - Microsoft-HTTPAPI/2.0
      strict-transport-security:
      - max-age=31536000; includeSubDomains
      transfer-encoding:
      - chunked
      vary:
      - Accept-Encoding
      x-content-type-options:
      - nosniff
      x-ms-ratelimit-remaining-resource:
      - Microsoft.Compute/GetOperationStatus3Min;1195,Microsoft.Compute/GetOperationStatus30Min;2391
    status:
      code: 200
      message: OK
- request:
    body: null
    headers:
      Accept:
      - application/json
      Accept-Encoding:
      - gzip, deflate
      CommandName:
      - sig image-version create
      Connection:
      - keep-alive
      ParameterSetName:
      - -g --gallery-name --gallery-image-definition --gallery-image-version --os-snapshot
      User-Agent:
      - python/3.7.4 (Windows-10-10.0.18362-SP0) msrest/0.6.10 msrest_azure/0.6.3
        azure-mgmt-compute/12.0.0 Azure-SDK-For-Python AZURECLI/2.3.1
    method: GET
    uri: https://management.azure.com/subscriptions/00000000-0000-0000-0000-000000000000/providers/Microsoft.Compute/locations/westus/capsOperations/3ef9ea13-5ac5-4fa7-89a2-7ec6fa6be9b2?api-version=2019-12-01
  response:
    body:
      string: "{\r\n  \"startTime\": \"2020-04-15T08:38:30.6611608+00:00\",\r\n  \"status\":
        \"InProgress\",\r\n  \"name\": \"3ef9ea13-5ac5-4fa7-89a2-7ec6fa6be9b2\"\r\n}"
    headers:
      cache-control:
      - no-cache
      content-length:
      - '134'
      content-type:
      - application/json; charset=utf-8
      date:
      - Wed, 15 Apr 2020 08:40:03 GMT
      expires:
      - '-1'
      pragma:
      - no-cache
      server:
      - Microsoft-HTTPAPI/2.0
      - Microsoft-HTTPAPI/2.0
      strict-transport-security:
      - max-age=31536000; includeSubDomains
      transfer-encoding:
      - chunked
      vary:
      - Accept-Encoding
      x-content-type-options:
      - nosniff
      x-ms-ratelimit-remaining-resource:
      - Microsoft.Compute/GetOperationStatus3Min;1192,Microsoft.Compute/GetOperationStatus30Min;2388
    status:
      code: 200
      message: OK
- request:
    body: null
    headers:
      Accept:
      - application/json
      Accept-Encoding:
      - gzip, deflate
      CommandName:
      - sig image-version create
      Connection:
      - keep-alive
      ParameterSetName:
      - -g --gallery-name --gallery-image-definition --gallery-image-version --os-snapshot
      User-Agent:
      - python/3.7.4 (Windows-10-10.0.18362-SP0) msrest/0.6.10 msrest_azure/0.6.3
        azure-mgmt-compute/12.0.0 Azure-SDK-For-Python AZURECLI/2.3.1
    method: GET
    uri: https://management.azure.com/subscriptions/00000000-0000-0000-0000-000000000000/providers/Microsoft.Compute/locations/westus/capsOperations/3ef9ea13-5ac5-4fa7-89a2-7ec6fa6be9b2?api-version=2019-12-01
  response:
    body:
      string: "{\r\n  \"startTime\": \"2020-04-15T08:38:30.6611608+00:00\",\r\n  \"status\":
        \"InProgress\",\r\n  \"name\": \"3ef9ea13-5ac5-4fa7-89a2-7ec6fa6be9b2\"\r\n}"
    headers:
      cache-control:
      - no-cache
      content-length:
      - '134'
      content-type:
      - application/json; charset=utf-8
      date:
      - Wed, 15 Apr 2020 08:40:33 GMT
      expires:
      - '-1'
      pragma:
      - no-cache
      server:
      - Microsoft-HTTPAPI/2.0
      - Microsoft-HTTPAPI/2.0
      strict-transport-security:
      - max-age=31536000; includeSubDomains
      transfer-encoding:
      - chunked
      vary:
      - Accept-Encoding
      x-content-type-options:
      - nosniff
      x-ms-ratelimit-remaining-resource:
      - Microsoft.Compute/GetOperationStatus3Min;1189,Microsoft.Compute/GetOperationStatus30Min;2385
    status:
      code: 200
      message: OK
- request:
    body: null
    headers:
      Accept:
      - application/json
      Accept-Encoding:
      - gzip, deflate
      CommandName:
      - sig image-version create
      Connection:
      - keep-alive
      ParameterSetName:
      - -g --gallery-name --gallery-image-definition --gallery-image-version --os-snapshot
      User-Agent:
      - python/3.7.4 (Windows-10-10.0.18362-SP0) msrest/0.6.10 msrest_azure/0.6.3
        azure-mgmt-compute/12.0.0 Azure-SDK-For-Python AZURECLI/2.3.1
    method: GET
    uri: https://management.azure.com/subscriptions/00000000-0000-0000-0000-000000000000/providers/Microsoft.Compute/locations/westus/capsOperations/3ef9ea13-5ac5-4fa7-89a2-7ec6fa6be9b2?api-version=2019-12-01
  response:
    body:
      string: "{\r\n  \"startTime\": \"2020-04-15T08:38:30.6611608+00:00\",\r\n  \"status\":
        \"InProgress\",\r\n  \"name\": \"3ef9ea13-5ac5-4fa7-89a2-7ec6fa6be9b2\"\r\n}"
    headers:
      cache-control:
      - no-cache
      content-length:
      - '134'
      content-type:
      - application/json; charset=utf-8
      date:
      - Wed, 15 Apr 2020 08:41:03 GMT
      expires:
      - '-1'
      pragma:
      - no-cache
      server:
      - Microsoft-HTTPAPI/2.0
      - Microsoft-HTTPAPI/2.0
      strict-transport-security:
      - max-age=31536000; includeSubDomains
      transfer-encoding:
      - chunked
      vary:
      - Accept-Encoding
      x-content-type-options:
      - nosniff
      x-ms-ratelimit-remaining-resource:
      - Microsoft.Compute/GetOperationStatus3Min;1186,Microsoft.Compute/GetOperationStatus30Min;2382
    status:
      code: 200
      message: OK
- request:
    body: null
    headers:
      Accept:
      - application/json
      Accept-Encoding:
      - gzip, deflate
      CommandName:
      - sig image-version create
      Connection:
      - keep-alive
      ParameterSetName:
      - -g --gallery-name --gallery-image-definition --gallery-image-version --os-snapshot
      User-Agent:
      - python/3.7.4 (Windows-10-10.0.18362-SP0) msrest/0.6.10 msrest_azure/0.6.3
        azure-mgmt-compute/12.0.0 Azure-SDK-For-Python AZURECLI/2.3.1
    method: GET
    uri: https://management.azure.com/subscriptions/00000000-0000-0000-0000-000000000000/providers/Microsoft.Compute/locations/westus/capsOperations/3ef9ea13-5ac5-4fa7-89a2-7ec6fa6be9b2?api-version=2019-12-01
  response:
    body:
      string: "{\r\n  \"startTime\": \"2020-04-15T08:38:30.6611608+00:00\",\r\n  \"status\":
        \"InProgress\",\r\n  \"name\": \"3ef9ea13-5ac5-4fa7-89a2-7ec6fa6be9b2\"\r\n}"
    headers:
      cache-control:
      - no-cache
      content-length:
      - '134'
      content-type:
      - application/json; charset=utf-8
      date:
      - Wed, 15 Apr 2020 08:41:34 GMT
      expires:
      - '-1'
      pragma:
      - no-cache
      server:
      - Microsoft-HTTPAPI/2.0
      - Microsoft-HTTPAPI/2.0
      strict-transport-security:
      - max-age=31536000; includeSubDomains
      transfer-encoding:
      - chunked
      vary:
      - Accept-Encoding
      x-content-type-options:
      - nosniff
      x-ms-ratelimit-remaining-resource:
      - Microsoft.Compute/GetOperationStatus3Min;1185,Microsoft.Compute/GetOperationStatus30Min;2380
    status:
      code: 200
      message: OK
- request:
    body: null
    headers:
      Accept:
      - application/json
      Accept-Encoding:
      - gzip, deflate
      CommandName:
      - sig image-version create
      Connection:
      - keep-alive
      ParameterSetName:
      - -g --gallery-name --gallery-image-definition --gallery-image-version --os-snapshot
      User-Agent:
      - python/3.7.4 (Windows-10-10.0.18362-SP0) msrest/0.6.10 msrest_azure/0.6.3
        azure-mgmt-compute/12.0.0 Azure-SDK-For-Python AZURECLI/2.3.1
    method: GET
    uri: https://management.azure.com/subscriptions/00000000-0000-0000-0000-000000000000/providers/Microsoft.Compute/locations/westus/capsOperations/3ef9ea13-5ac5-4fa7-89a2-7ec6fa6be9b2?api-version=2019-12-01
  response:
    body:
      string: "{\r\n  \"startTime\": \"2020-04-15T08:38:30.6611608+00:00\",\r\n  \"status\":
        \"InProgress\",\r\n  \"name\": \"3ef9ea13-5ac5-4fa7-89a2-7ec6fa6be9b2\"\r\n}"
    headers:
      cache-control:
      - no-cache
      content-length:
      - '134'
      content-type:
      - application/json; charset=utf-8
      date:
      - Wed, 15 Apr 2020 08:42:04 GMT
      expires:
      - '-1'
      pragma:
      - no-cache
      server:
      - Microsoft-HTTPAPI/2.0
      - Microsoft-HTTPAPI/2.0
      strict-transport-security:
      - max-age=31536000; includeSubDomains
      transfer-encoding:
      - chunked
      vary:
      - Accept-Encoding
      x-content-type-options:
      - nosniff
      x-ms-ratelimit-remaining-resource:
      - Microsoft.Compute/GetOperationStatus3Min;1185,Microsoft.Compute/GetOperationStatus30Min;2377
    status:
      code: 200
      message: OK
- request:
    body: null
    headers:
      Accept:
      - application/json
      Accept-Encoding:
      - gzip, deflate
      CommandName:
      - sig image-version create
      Connection:
      - keep-alive
      ParameterSetName:
      - -g --gallery-name --gallery-image-definition --gallery-image-version --os-snapshot
      User-Agent:
      - python/3.7.4 (Windows-10-10.0.18362-SP0) msrest/0.6.10 msrest_azure/0.6.3
        azure-mgmt-compute/12.0.0 Azure-SDK-For-Python AZURECLI/2.3.1
    method: GET
    uri: https://management.azure.com/subscriptions/00000000-0000-0000-0000-000000000000/providers/Microsoft.Compute/locations/westus/capsOperations/3ef9ea13-5ac5-4fa7-89a2-7ec6fa6be9b2?api-version=2019-12-01
  response:
    body:
      string: "{\r\n  \"startTime\": \"2020-04-15T08:38:30.6611608+00:00\",\r\n  \"status\":
        \"InProgress\",\r\n  \"name\": \"3ef9ea13-5ac5-4fa7-89a2-7ec6fa6be9b2\"\r\n}"
    headers:
      cache-control:
      - no-cache
      content-length:
      - '134'
      content-type:
      - application/json; charset=utf-8
      date:
      - Wed, 15 Apr 2020 08:42:34 GMT
      expires:
      - '-1'
      pragma:
      - no-cache
      server:
      - Microsoft-HTTPAPI/2.0
      - Microsoft-HTTPAPI/2.0
      strict-transport-security:
      - max-age=31536000; includeSubDomains
      transfer-encoding:
      - chunked
      vary:
      - Accept-Encoding
      x-content-type-options:
      - nosniff
      x-ms-ratelimit-remaining-resource:
      - Microsoft.Compute/GetOperationStatus3Min;1185,Microsoft.Compute/GetOperationStatus30Min;2374
    status:
      code: 200
      message: OK
- request:
    body: null
    headers:
      Accept:
      - application/json
      Accept-Encoding:
      - gzip, deflate
      CommandName:
      - sig image-version create
      Connection:
      - keep-alive
      ParameterSetName:
      - -g --gallery-name --gallery-image-definition --gallery-image-version --os-snapshot
      User-Agent:
      - python/3.7.4 (Windows-10-10.0.18362-SP0) msrest/0.6.10 msrest_azure/0.6.3
        azure-mgmt-compute/12.0.0 Azure-SDK-For-Python AZURECLI/2.3.1
    method: GET
    uri: https://management.azure.com/subscriptions/00000000-0000-0000-0000-000000000000/providers/Microsoft.Compute/locations/westus/capsOperations/3ef9ea13-5ac5-4fa7-89a2-7ec6fa6be9b2?api-version=2019-12-01
  response:
    body:
      string: "{\r\n  \"startTime\": \"2020-04-15T08:38:30.6611608+00:00\",\r\n  \"status\":
        \"InProgress\",\r\n  \"name\": \"3ef9ea13-5ac5-4fa7-89a2-7ec6fa6be9b2\"\r\n}"
    headers:
      cache-control:
      - no-cache
      content-length:
      - '134'
      content-type:
      - application/json; charset=utf-8
      date:
      - Wed, 15 Apr 2020 08:43:06 GMT
      expires:
      - '-1'
      pragma:
      - no-cache
      server:
      - Microsoft-HTTPAPI/2.0
      - Microsoft-HTTPAPI/2.0
      strict-transport-security:
      - max-age=31536000; includeSubDomains
      transfer-encoding:
      - chunked
      vary:
      - Accept-Encoding
      x-content-type-options:
      - nosniff
      x-ms-ratelimit-remaining-resource:
      - Microsoft.Compute/GetOperationStatus3Min;1185,Microsoft.Compute/GetOperationStatus30Min;2371
    status:
      code: 200
      message: OK
- request:
    body: null
    headers:
      Accept:
      - application/json
      Accept-Encoding:
      - gzip, deflate
      CommandName:
      - sig image-version create
      Connection:
      - keep-alive
      ParameterSetName:
      - -g --gallery-name --gallery-image-definition --gallery-image-version --os-snapshot
      User-Agent:
      - python/3.7.4 (Windows-10-10.0.18362-SP0) msrest/0.6.10 msrest_azure/0.6.3
        azure-mgmt-compute/12.0.0 Azure-SDK-For-Python AZURECLI/2.3.1
    method: GET
    uri: https://management.azure.com/subscriptions/00000000-0000-0000-0000-000000000000/providers/Microsoft.Compute/locations/westus/capsOperations/3ef9ea13-5ac5-4fa7-89a2-7ec6fa6be9b2?api-version=2019-12-01
  response:
    body:
      string: "{\r\n  \"startTime\": \"2020-04-15T08:38:30.6611608+00:00\",\r\n  \"status\":
        \"InProgress\",\r\n  \"name\": \"3ef9ea13-5ac5-4fa7-89a2-7ec6fa6be9b2\"\r\n}"
    headers:
      cache-control:
      - no-cache
      content-length:
      - '134'
      content-type:
      - application/json; charset=utf-8
      date:
      - Wed, 15 Apr 2020 08:43:36 GMT
      expires:
      - '-1'
      pragma:
      - no-cache
      server:
      - Microsoft-HTTPAPI/2.0
      - Microsoft-HTTPAPI/2.0
      strict-transport-security:
      - max-age=31536000; includeSubDomains
      transfer-encoding:
      - chunked
      vary:
      - Accept-Encoding
      x-content-type-options:
      - nosniff
      x-ms-ratelimit-remaining-resource:
      - Microsoft.Compute/GetOperationStatus3Min;1184,Microsoft.Compute/GetOperationStatus30Min;2368
    status:
      code: 200
      message: OK
- request:
    body: null
    headers:
      Accept:
      - application/json
      Accept-Encoding:
      - gzip, deflate
      CommandName:
      - sig image-version create
      Connection:
      - keep-alive
      ParameterSetName:
      - -g --gallery-name --gallery-image-definition --gallery-image-version --os-snapshot
      User-Agent:
      - python/3.7.4 (Windows-10-10.0.18362-SP0) msrest/0.6.10 msrest_azure/0.6.3
        azure-mgmt-compute/12.0.0 Azure-SDK-For-Python AZURECLI/2.3.1
    method: GET
    uri: https://management.azure.com/subscriptions/00000000-0000-0000-0000-000000000000/providers/Microsoft.Compute/locations/westus/capsOperations/3ef9ea13-5ac5-4fa7-89a2-7ec6fa6be9b2?api-version=2019-12-01
  response:
    body:
      string: "{\r\n  \"startTime\": \"2020-04-15T08:38:30.6611608+00:00\",\r\n  \"status\":
        \"InProgress\",\r\n  \"name\": \"3ef9ea13-5ac5-4fa7-89a2-7ec6fa6be9b2\"\r\n}"
    headers:
      cache-control:
      - no-cache
      content-length:
      - '134'
      content-type:
      - application/json; charset=utf-8
      date:
      - Wed, 15 Apr 2020 08:44:06 GMT
      expires:
      - '-1'
      pragma:
      - no-cache
      server:
      - Microsoft-HTTPAPI/2.0
      - Microsoft-HTTPAPI/2.0
      strict-transport-security:
      - max-age=31536000; includeSubDomains
      transfer-encoding:
      - chunked
      vary:
      - Accept-Encoding
      x-content-type-options:
      - nosniff
      x-ms-ratelimit-remaining-resource:
      - Microsoft.Compute/GetOperationStatus3Min;1184,Microsoft.Compute/GetOperationStatus30Min;2365
    status:
      code: 200
      message: OK
- request:
    body: null
    headers:
      Accept:
      - application/json
      Accept-Encoding:
      - gzip, deflate
      CommandName:
      - sig image-version create
      Connection:
      - keep-alive
      ParameterSetName:
      - -g --gallery-name --gallery-image-definition --gallery-image-version --os-snapshot
      User-Agent:
      - python/3.7.4 (Windows-10-10.0.18362-SP0) msrest/0.6.10 msrest_azure/0.6.3
        azure-mgmt-compute/12.0.0 Azure-SDK-For-Python AZURECLI/2.3.1
    method: GET
    uri: https://management.azure.com/subscriptions/00000000-0000-0000-0000-000000000000/providers/Microsoft.Compute/locations/westus/capsOperations/3ef9ea13-5ac5-4fa7-89a2-7ec6fa6be9b2?api-version=2019-12-01
  response:
    body:
      string: "{\r\n  \"startTime\": \"2020-04-15T08:38:30.6611608+00:00\",\r\n  \"status\":
        \"InProgress\",\r\n  \"name\": \"3ef9ea13-5ac5-4fa7-89a2-7ec6fa6be9b2\"\r\n}"
    headers:
      cache-control:
      - no-cache
      content-length:
      - '134'
      content-type:
      - application/json; charset=utf-8
      date:
      - Wed, 15 Apr 2020 08:44:37 GMT
      expires:
      - '-1'
      pragma:
      - no-cache
      server:
      - Microsoft-HTTPAPI/2.0
      - Microsoft-HTTPAPI/2.0
      strict-transport-security:
      - max-age=31536000; includeSubDomains
      transfer-encoding:
      - chunked
      vary:
      - Accept-Encoding
      x-content-type-options:
      - nosniff
      x-ms-ratelimit-remaining-resource:
      - Microsoft.Compute/GetOperationStatus3Min;1184,Microsoft.Compute/GetOperationStatus30Min;2362
    status:
      code: 200
      message: OK
- request:
    body: null
    headers:
      Accept:
      - application/json
      Accept-Encoding:
      - gzip, deflate
      CommandName:
      - sig image-version create
      Connection:
      - keep-alive
      ParameterSetName:
      - -g --gallery-name --gallery-image-definition --gallery-image-version --os-snapshot
      User-Agent:
      - python/3.7.4 (Windows-10-10.0.18362-SP0) msrest/0.6.10 msrest_azure/0.6.3
        azure-mgmt-compute/12.0.0 Azure-SDK-For-Python AZURECLI/2.3.1
    method: GET
    uri: https://management.azure.com/subscriptions/00000000-0000-0000-0000-000000000000/providers/Microsoft.Compute/locations/westus/capsOperations/3ef9ea13-5ac5-4fa7-89a2-7ec6fa6be9b2?api-version=2019-12-01
  response:
    body:
      string: "{\r\n  \"startTime\": \"2020-04-15T08:38:30.6611608+00:00\",\r\n  \"status\":
        \"InProgress\",\r\n  \"name\": \"3ef9ea13-5ac5-4fa7-89a2-7ec6fa6be9b2\"\r\n}"
    headers:
      cache-control:
      - no-cache
      content-length:
      - '134'
      content-type:
      - application/json; charset=utf-8
      date:
      - Wed, 15 Apr 2020 08:45:07 GMT
      expires:
      - '-1'
      pragma:
      - no-cache
      server:
      - Microsoft-HTTPAPI/2.0
      - Microsoft-HTTPAPI/2.0
      strict-transport-security:
      - max-age=31536000; includeSubDomains
      transfer-encoding:
      - chunked
      vary:
      - Accept-Encoding
      x-content-type-options:
      - nosniff
      x-ms-ratelimit-remaining-resource:
      - Microsoft.Compute/GetOperationStatus3Min;1184,Microsoft.Compute/GetOperationStatus30Min;2359
    status:
      code: 200
      message: OK
- request:
    body: null
    headers:
      Accept:
      - application/json
      Accept-Encoding:
      - gzip, deflate
      CommandName:
      - sig image-version create
      Connection:
      - keep-alive
      ParameterSetName:
      - -g --gallery-name --gallery-image-definition --gallery-image-version --os-snapshot
      User-Agent:
      - python/3.7.4 (Windows-10-10.0.18362-SP0) msrest/0.6.10 msrest_azure/0.6.3
        azure-mgmt-compute/12.0.0 Azure-SDK-For-Python AZURECLI/2.3.1
    method: GET
    uri: https://management.azure.com/subscriptions/00000000-0000-0000-0000-000000000000/providers/Microsoft.Compute/locations/westus/capsOperations/3ef9ea13-5ac5-4fa7-89a2-7ec6fa6be9b2?api-version=2019-12-01
  response:
    body:
      string: "{\r\n  \"startTime\": \"2020-04-15T08:38:30.6611608+00:00\",\r\n  \"endTime\":
        \"2020-04-15T08:45:31.0229285+00:00\",\r\n  \"status\": \"Succeeded\",\r\n
        \ \"name\": \"3ef9ea13-5ac5-4fa7-89a2-7ec6fa6be9b2\"\r\n}"
    headers:
      cache-control:
      - no-cache
      content-length:
      - '184'
      content-type:
      - application/json; charset=utf-8
      date:
      - Wed, 15 Apr 2020 08:45:37 GMT
      expires:
      - '-1'
      pragma:
      - no-cache
      server:
      - Microsoft-HTTPAPI/2.0
      - Microsoft-HTTPAPI/2.0
      strict-transport-security:
      - max-age=31536000; includeSubDomains
      transfer-encoding:
      - chunked
      vary:
      - Accept-Encoding
      x-content-type-options:
      - nosniff
      x-ms-ratelimit-remaining-resource:
      - Microsoft.Compute/GetOperationStatus3Min;1185,Microsoft.Compute/GetOperationStatus30Min;2357
    status:
      code: 200
      message: OK
- request:
    body: null
    headers:
      Accept:
      - application/json
      Accept-Encoding:
      - gzip, deflate
      CommandName:
      - sig image-version create
      Connection:
      - keep-alive
      ParameterSetName:
      - -g --gallery-name --gallery-image-definition --gallery-image-version --os-snapshot
      User-Agent:
      - python/3.7.4 (Windows-10-10.0.18362-SP0) msrest/0.6.10 msrest_azure/0.6.3
        azure-mgmt-compute/12.0.0 Azure-SDK-For-Python AZURECLI/2.3.1
    method: GET
    uri: https://management.azure.com/subscriptions/00000000-0000-0000-0000-000000000000/resourceGroups/cli_test_test_specialized_image_000001/providers/Microsoft.Compute/galleries/gallery_000002/images/image1/versions/1.0.0?api-version=2019-12-01
  response:
    body:
      string: "{\r\n  \"name\": \"1.0.0\",\r\n  \"id\": \"/subscriptions/00000000-0000-0000-0000-000000000000/resourceGroups/cli_test_test_specialized_image_000001/providers/Microsoft.Compute/galleries/gallery_000002/images/image1/versions/1.0.0\",\r\n
        \ \"type\": \"Microsoft.Compute/galleries/images/versions\",\r\n  \"location\":
        \"westus\",\r\n  \"tags\": {},\r\n  \"properties\": {\r\n    \"publishingProfile\":
        {\r\n      \"targetRegions\": [\r\n        {\r\n          \"name\": \"West
        US\",\r\n          \"regionalReplicaCount\": 1,\r\n          \"storageAccountType\":
        \"Standard_LRS\"\r\n        }\r\n      ],\r\n      \"replicaCount\": 1,\r\n
        \     \"excludeFromLatest\": false,\r\n      \"publishedDate\": \"2020-04-15T08:38:30.6611608+00:00\",\r\n
        \     \"storageAccountType\": \"Standard_LRS\"\r\n    },\r\n    \"storageProfile\":
        {\r\n      \"osDiskImage\": {\r\n        \"sizeInGB\": 30,\r\n        \"hostCaching\":
        \"ReadWrite\",\r\n        \"source\": {\r\n          \"id\": \"/subscriptions/00000000-0000-0000-0000-000000000000/resourceGroups/cli_test_test_specialized_image_000001/providers/Microsoft.Compute/snapshots/s1\"\r\n
        \       }\r\n      }\r\n    },\r\n    \"provisioningState\": \"Succeeded\"\r\n
        \ }\r\n}"
    headers:
      cache-control:
      - no-cache
      content-length:
      - '1166'
      content-type:
      - application/json; charset=utf-8
      date:
      - Wed, 15 Apr 2020 08:45:38 GMT
      expires:
      - '-1'
      pragma:
      - no-cache
      server:
      - Microsoft-HTTPAPI/2.0
      - Microsoft-HTTPAPI/2.0
      strict-transport-security:
      - max-age=31536000; includeSubDomains
      transfer-encoding:
      - chunked
      vary:
      - Accept-Encoding
      x-content-type-options:
      - nosniff
      x-ms-ratelimit-remaining-resource:
      - Microsoft.Compute/GetGalleryImageVersion3Min;1999,Microsoft.Compute/GetGalleryImageVersion30Min;9997
    status:
      code: 200
      message: OK
- request:
    body: null
    headers:
      Accept:
      - application/json
      Accept-Encoding:
      - gzip, deflate
      CommandName:
      - vm create
      Connection:
      - keep-alive
      ParameterSetName:
      - -g -n --image --specialized --nsg-rule
      User-Agent:
      - python/3.7.4 (Windows-10-10.0.18362-SP0) msrest/0.6.10 msrest_azure/0.6.3
        azure-mgmt-resource/8.0.1 Azure-SDK-For-Python AZURECLI/2.3.1
      accept-language:
      - en-US
    method: GET
    uri: https://management.azure.com/subscriptions/00000000-0000-0000-0000-000000000000/resourcegroups/cli_test_test_specialized_image_000001?api-version=2019-07-01
  response:
    body:
      string: '{"id":"/subscriptions/00000000-0000-0000-0000-000000000000/resourceGroups/cli_test_test_specialized_image_000001","name":"cli_test_test_specialized_image_000001","type":"Microsoft.Resources/resourceGroups","location":"westus","tags":{"product":"azurecli","cause":"automation","date":"2020-04-15T08:35:03Z","StorageType":"Standard_LRS","type":"test"},"properties":{"provisioningState":"Succeeded"}}'
    headers:
      cache-control:
      - no-cache
      content-length:
      - '471'
      content-type:
      - application/json; charset=utf-8
      date:
      - Wed, 15 Apr 2020 08:45:39 GMT
      expires:
      - '-1'
      pragma:
      - no-cache
      strict-transport-security:
      - max-age=31536000; includeSubDomains
      vary:
      - Accept-Encoding
      x-content-type-options:
      - nosniff
    status:
      code: 200
      message: OK
- request:
    body: null
    headers:
      Accept:
      - application/json
      Accept-Encoding:
      - gzip, deflate
      CommandName:
      - vm create
      Connection:
      - keep-alive
      ParameterSetName:
      - -g -n --image --specialized --nsg-rule
      User-Agent:
      - python/3.7.4 (Windows-10-10.0.18362-SP0) msrest/0.6.10 msrest_azure/0.6.3
        azure-mgmt-compute/12.0.0 Azure-SDK-For-Python AZURECLI/2.3.1
      accept-language:
      - en-US
    method: GET
    uri: https://management.azure.com/subscriptions/00000000-0000-0000-0000-000000000000/resourceGroups/cli_test_test_specialized_image_000001/providers/Microsoft.Compute/galleries/gallery_000002/images/image1?api-version=2019-12-01
  response:
    body:
      string: "{\r\n  \"name\": \"image1\",\r\n  \"id\": \"/subscriptions/00000000-0000-0000-0000-000000000000/resourceGroups/cli_test_test_specialized_image_000001/providers/Microsoft.Compute/galleries/gallery_000002/images/image1\",\r\n
        \ \"type\": \"Microsoft.Compute/galleries/images\",\r\n  \"location\": \"westus\",\r\n
        \ \"tags\": {},\r\n  \"properties\": {\r\n    \"hyperVGeneration\": \"V1\",\r\n
        \   \"osType\": \"Linux\",\r\n    \"osState\": \"Specialized\",\r\n    \"identifier\":
        {\r\n      \"publisher\": \"publisher1\",\r\n      \"offer\": \"offer1\",\r\n
        \     \"sku\": \"sku1\"\r\n    },\r\n    \"provisioningState\": \"Succeeded\"\r\n
        \ }\r\n}"
    headers:
      cache-control:
      - no-cache
      content-length:
      - '600'
      content-type:
      - application/json; charset=utf-8
      date:
      - Wed, 15 Apr 2020 08:45:41 GMT
      expires:
      - '-1'
      pragma:
      - no-cache
      server:
      - Microsoft-HTTPAPI/2.0
      - Microsoft-HTTPAPI/2.0
      strict-transport-security:
      - max-age=31536000; includeSubDomains
      transfer-encoding:
      - chunked
      vary:
      - Accept-Encoding
      x-content-type-options:
      - nosniff
      x-ms-ratelimit-remaining-resource:
      - Microsoft.Compute/GetGalleryImage3Min;299,Microsoft.Compute/GetGalleryImage30Min;1994
    status:
      code: 200
      message: OK
- request:
    body: null
    headers:
      Accept:
      - application/json
      Accept-Encoding:
      - gzip, deflate
      CommandName:
      - vm create
      Connection:
      - keep-alive
      ParameterSetName:
      - -g -n --image --specialized --nsg-rule
      User-Agent:
      - python/3.7.4 (Windows-10-10.0.18362-SP0) msrest/0.6.10 msrest_azure/0.6.3
        azure-mgmt-compute/12.0.0 Azure-SDK-For-Python AZURECLI/2.3.1
      accept-language:
      - en-US
    method: GET
    uri: https://management.azure.com/subscriptions/00000000-0000-0000-0000-000000000000/resourceGroups/cli_test_test_specialized_image_000001/providers/Microsoft.Compute/galleries/gallery_000002/images/image1/versions/1.0.0?api-version=2019-12-01
  response:
    body:
      string: "{\r\n  \"name\": \"1.0.0\",\r\n  \"id\": \"/subscriptions/00000000-0000-0000-0000-000000000000/resourceGroups/cli_test_test_specialized_image_000001/providers/Microsoft.Compute/galleries/gallery_000002/images/image1/versions/1.0.0\",\r\n
        \ \"type\": \"Microsoft.Compute/galleries/images/versions\",\r\n  \"location\":
        \"westus\",\r\n  \"tags\": {},\r\n  \"properties\": {\r\n    \"publishingProfile\":
        {\r\n      \"targetRegions\": [\r\n        {\r\n          \"name\": \"West
        US\",\r\n          \"regionalReplicaCount\": 1,\r\n          \"storageAccountType\":
        \"Standard_LRS\"\r\n        }\r\n      ],\r\n      \"replicaCount\": 1,\r\n
        \     \"excludeFromLatest\": false,\r\n      \"publishedDate\": \"2020-04-15T08:38:30.6611608+00:00\",\r\n
        \     \"storageAccountType\": \"Standard_LRS\"\r\n    },\r\n    \"storageProfile\":
        {\r\n      \"osDiskImage\": {\r\n        \"sizeInGB\": 30,\r\n        \"hostCaching\":
        \"ReadWrite\",\r\n        \"source\": {\r\n          \"id\": \"/subscriptions/00000000-0000-0000-0000-000000000000/resourceGroups/cli_test_test_specialized_image_000001/providers/Microsoft.Compute/snapshots/s1\"\r\n
        \       }\r\n      }\r\n    },\r\n    \"provisioningState\": \"Succeeded\"\r\n
        \ }\r\n}"
    headers:
      cache-control:
      - no-cache
      content-length:
      - '1166'
      content-type:
      - application/json; charset=utf-8
      date:
      - Wed, 15 Apr 2020 08:45:41 GMT
      expires:
      - '-1'
      pragma:
      - no-cache
      server:
      - Microsoft-HTTPAPI/2.0
      - Microsoft-HTTPAPI/2.0
      strict-transport-security:
      - max-age=31536000; includeSubDomains
      transfer-encoding:
      - chunked
      vary:
      - Accept-Encoding
      x-content-type-options:
      - nosniff
      x-ms-ratelimit-remaining-resource:
      - Microsoft.Compute/GetGalleryImageVersion3Min;1997,Microsoft.Compute/GetGalleryImageVersion30Min;9995
    status:
      code: 200
      message: OK
- request:
    body: null
    headers:
      Accept:
      - application/json
      Accept-Encoding:
      - gzip, deflate
      CommandName:
      - vm create
      Connection:
      - keep-alive
      ParameterSetName:
      - -g -n --image --specialized --nsg-rule
      User-Agent:
      - python/3.7.4 (Windows-10-10.0.18362-SP0) msrest/0.6.10 msrest_azure/0.6.3
        azure-mgmt-network/10.0.0 Azure-SDK-For-Python AZURECLI/2.3.1
      accept-language:
      - en-US
    method: GET
    uri: https://management.azure.com/subscriptions/00000000-0000-0000-0000-000000000000/resourceGroups/cli_test_test_specialized_image_000001/providers/Microsoft.Network/virtualNetworks?api-version=2018-01-01
  response:
    body:
      string: "{\r\n  \"value\": [\r\n    {\r\n      \"name\": \"vm1VNET\",\r\n      \"id\":
        \"/subscriptions/00000000-0000-0000-0000-000000000000/resourceGroups/cli_test_test_specialized_image_000001/providers/Microsoft.Network/virtualNetworks/vm1VNET\",\r\n
        \     \"etag\": \"W/\\\"f4fcd6e2-58fd-4e93-bebe-de6cd4e940fc\\\"\",\r\n      \"type\":
        \"Microsoft.Network/virtualNetworks\",\r\n      \"location\": \"westus\",\r\n
        \     \"tags\": {},\r\n      \"properties\": {\r\n        \"provisioningState\":
        \"Succeeded\",\r\n        \"resourceGuid\": \"3f6f8d87-d5f1-44b1-800f-f8715df9f263\",\r\n
        \       \"addressSpace\": {\r\n          \"addressPrefixes\": [\r\n            \"10.0.0.0/16\"\r\n
        \         ]\r\n        },\r\n        \"subnets\": [\r\n          {\r\n            \"name\":
        \"vm1Subnet\",\r\n            \"id\": \"/subscriptions/00000000-0000-0000-0000-000000000000/resourceGroups/cli_test_test_specialized_image_000001/providers/Microsoft.Network/virtualNetworks/vm1VNET/subnets/vm1Subnet\",\r\n
        \           \"etag\": \"W/\\\"f4fcd6e2-58fd-4e93-bebe-de6cd4e940fc\\\"\",\r\n
        \           \"properties\": {\r\n              \"provisioningState\": \"Succeeded\",\r\n
        \             \"addressPrefix\": \"10.0.0.0/24\",\r\n              \"ipConfigurations\":
        [\r\n                {\r\n                  \"id\": \"/subscriptions/00000000-0000-0000-0000-000000000000/resourceGroups/cli_test_test_specialized_image_000001/providers/Microsoft.Network/networkInterfaces/vm1VMNic/ipConfigurations/ipconfigvm1\"\r\n
        \               }\r\n              ]\r\n            },\r\n            \"type\":
        \"Microsoft.Network/virtualNetworks/subnets\"\r\n          }\r\n        ],\r\n
        \       \"virtualNetworkPeerings\": [],\r\n        \"enableDdosProtection\":
        false,\r\n        \"enableVmProtection\": false\r\n      }\r\n    }\r\n  ]\r\n}"
    headers:
      cache-control:
      - no-cache
      content-length:
      - '1750'
      content-type:
      - application/json; charset=utf-8
      date:
      - Wed, 15 Apr 2020 08:45:43 GMT
      expires:
      - '-1'
      pragma:
      - no-cache
      server:
      - Microsoft-HTTPAPI/2.0
      - Microsoft-HTTPAPI/2.0
      strict-transport-security:
      - max-age=31536000; includeSubDomains
      transfer-encoding:
      - chunked
      vary:
      - Accept-Encoding
      x-content-type-options:
      - nosniff
      x-ms-arm-service-request-id:
      - 37696168-b9a3-431d-bd47-2b096aaae1a6
    status:
      code: 200
      message: OK
- request:
    body: 'b''{"properties": {"template": {"$schema": "https://schema.management.azure.com/schemas/2015-01-01/deploymentTemplate.json#",
      "contentVersion": "1.0.0.0", "parameters": {}, "variables": {}, "resources":
      [{"type": "Microsoft.Network/networkSecurityGroups", "name": "vm2NSG", "apiVersion":
      "2015-06-15", "location": "westus", "tags": {}, "dependsOn": []}, {"apiVersion":
      "2018-01-01", "type": "Microsoft.Network/publicIPAddresses", "name": "vm2PublicIP",
      "location": "westus", "tags": {}, "dependsOn": [], "properties": {"publicIPAllocationMethod":
      null}}, {"apiVersion": "2015-06-15", "type": "Microsoft.Network/networkInterfaces",
      "name": "vm2VMNic", "location": "westus", "tags": {}, "dependsOn": ["Microsoft.Network/networkSecurityGroups/vm2NSG",
      "Microsoft.Network/publicIpAddresses/vm2PublicIP"], "properties": {"ipConfigurations":
      [{"name": "ipconfigvm2", "properties": {"privateIPAllocationMethod": "Dynamic",
      "subnet": {"id": "/subscriptions/00000000-0000-0000-0000-000000000000/resourceGroups/cli_test_test_specialized_image_000001/providers/Microsoft.Network/virtualNetworks/vm1VNET/subnets/vm1Subnet"},
      "publicIPAddress": {"id": "/subscriptions/00000000-0000-0000-0000-000000000000/resourceGroups/cli_test_test_specialized_image_000001/providers/Microsoft.Network/publicIPAddresses/vm2PublicIP"}}}],
      "networkSecurityGroup": {"id": "/subscriptions/00000000-0000-0000-0000-000000000000/resourceGroups/cli_test_test_specialized_image_000001/providers/Microsoft.Network/networkSecurityGroups/vm2NSG"}}},
      {"apiVersion": "2019-07-01", "type": "Microsoft.Compute/virtualMachines", "name":
      "vm2", "location": "westus", "tags": {}, "dependsOn": ["Microsoft.Network/networkInterfaces/vm2VMNic"],
      "properties": {"hardwareProfile": {"vmSize": "Standard_DS1_v2"}, "networkProfile":
      {"networkInterfaces": [{"id": "/subscriptions/00000000-0000-0000-0000-000000000000/resourceGroups/cli_test_test_specialized_image_000001/providers/Microsoft.Network/networkInterfaces/vm2VMNic"}]},
      "storageProfile": {"osDisk": {"createOption": "fromImage", "name": null, "caching":
      "ReadWrite", "managedDisk": {"storageAccountType": null}}, "imageReference":
      {"id": "/subscriptions/00000000-0000-0000-0000-000000000000/resourceGroups/cli_test_test_specialized_image_000001/providers/Microsoft.Compute/galleries/gallery_000002/images/image1/versions/1.0.0"}}}}],
      "outputs": {}}, "parameters": {}, "mode": "Incremental"}}'''
    headers:
      Accept:
      - application/json
      Accept-Encoding:
      - gzip, deflate
      CommandName:
      - vm create
      Connection:
      - keep-alive
      Content-Length:
      - '2585'
      Content-Type:
      - application/json; charset=utf-8
      ParameterSetName:
      - -g -n --image --specialized --nsg-rule
      User-Agent:
      - python/3.7.4 (Windows-10-10.0.18362-SP0) msrest/0.6.10 msrest_azure/0.6.3
        azure-mgmt-resource/8.0.1 Azure-SDK-For-Python AZURECLI/2.3.1
      accept-language:
      - en-US
    method: PUT
    uri: https://management.azure.com/subscriptions/00000000-0000-0000-0000-000000000000/resourcegroups/cli_test_test_specialized_image_000001/providers/Microsoft.Resources/deployments/mock-deployment?api-version=2019-07-01
  response:
    body:
      string: '{"id":"/subscriptions/00000000-0000-0000-0000-000000000000/resourceGroups/cli_test_test_specialized_image_000001/providers/Microsoft.Resources/deployments/vm_deploy_oPDGpJiZoxVmSt8Nrh271nssspGLY0l0","name":"vm_deploy_oPDGpJiZoxVmSt8Nrh271nssspGLY0l0","type":"Microsoft.Resources/deployments","properties":{"templateHash":"11296397535557584443","parameters":{},"mode":"Incremental","provisioningState":"Accepted","timestamp":"2020-04-15T08:45:45.9735314Z","duration":"PT1.6413939S","correlationId":"1146f733-9230-4089-95b8-d9749a588c8b","providers":[{"namespace":"Microsoft.Network","resourceTypes":[{"resourceType":"networkSecurityGroups","locations":["westus"]},{"resourceType":"publicIPAddresses","locations":["westus"]},{"resourceType":"networkInterfaces","locations":["westus"]}]},{"namespace":"Microsoft.Compute","resourceTypes":[{"resourceType":"virtualMachines","locations":["westus"]}]}],"dependencies":[{"dependsOn":[{"id":"/subscriptions/00000000-0000-0000-0000-000000000000/resourceGroups/cli_test_test_specialized_image_000001/providers/Microsoft.Network/networkSecurityGroups/vm2NSG","resourceType":"Microsoft.Network/networkSecurityGroups","resourceName":"vm2NSG"},{"id":"/subscriptions/00000000-0000-0000-0000-000000000000/resourceGroups/cli_test_test_specialized_image_000001/providers/Microsoft.Network/publicIPAddresses/vm2PublicIP","resourceType":"Microsoft.Network/publicIPAddresses","resourceName":"vm2PublicIP"}],"id":"/subscriptions/00000000-0000-0000-0000-000000000000/resourceGroups/cli_test_test_specialized_image_000001/providers/Microsoft.Network/networkInterfaces/vm2VMNic","resourceType":"Microsoft.Network/networkInterfaces","resourceName":"vm2VMNic"},{"dependsOn":[{"id":"/subscriptions/00000000-0000-0000-0000-000000000000/resourceGroups/cli_test_test_specialized_image_000001/providers/Microsoft.Network/networkInterfaces/vm2VMNic","resourceType":"Microsoft.Network/networkInterfaces","resourceName":"vm2VMNic"}],"id":"/subscriptions/00000000-0000-0000-0000-000000000000/resourceGroups/cli_test_test_specialized_image_000001/providers/Microsoft.Compute/virtualMachines/vm2","resourceType":"Microsoft.Compute/virtualMachines","resourceName":"vm2"}]}}'
    headers:
      azure-asyncoperation:
      - https://management.azure.com/subscriptions/00000000-0000-0000-0000-000000000000/resourcegroups/cli_test_test_specialized_image_000001/providers/Microsoft.Resources/deployments/vm_deploy_oPDGpJiZoxVmSt8Nrh271nssspGLY0l0/operationStatuses/08586146665411454899?api-version=2019-07-01
      cache-control:
      - no-cache
      content-length:
      - '2405'
      content-type:
      - application/json; charset=utf-8
      date:
      - Wed, 15 Apr 2020 08:45:51 GMT
      expires:
      - '-1'
      pragma:
      - no-cache
      strict-transport-security:
      - max-age=31536000; includeSubDomains
      x-content-type-options:
      - nosniff
      x-ms-ratelimit-remaining-subscription-writes:
      - '1199'
    status:
      code: 201
      message: Created
- request:
    body: null
    headers:
      Accept:
      - application/json
      Accept-Encoding:
      - gzip, deflate
      CommandName:
      - vm create
      Connection:
      - keep-alive
      ParameterSetName:
      - -g -n --image --specialized --nsg-rule
      User-Agent:
      - python/3.7.4 (Windows-10-10.0.18362-SP0) msrest/0.6.10 msrest_azure/0.6.3
        azure-mgmt-resource/8.0.1 Azure-SDK-For-Python AZURECLI/2.3.1
    method: GET
    uri: https://management.azure.com/subscriptions/00000000-0000-0000-0000-000000000000/resourcegroups/cli_test_test_specialized_image_000001/providers/Microsoft.Resources/deployments/mock-deployment/operationStatuses/08586146665411454899?api-version=2019-07-01
  response:
    body:
      string: '{"status":"Running"}'
    headers:
      cache-control:
      - no-cache
      content-length:
      - '20'
      content-type:
      - application/json; charset=utf-8
      date:
      - Wed, 15 Apr 2020 08:46:22 GMT
      expires:
      - '-1'
      pragma:
      - no-cache
      strict-transport-security:
      - max-age=31536000; includeSubDomains
      vary:
      - Accept-Encoding
      x-content-type-options:
      - nosniff
    status:
      code: 200
      message: OK
- request:
    body: null
    headers:
      Accept:
      - application/json
      Accept-Encoding:
      - gzip, deflate
      CommandName:
      - vm create
      Connection:
      - keep-alive
      ParameterSetName:
      - -g -n --image --specialized --nsg-rule
      User-Agent:
      - python/3.7.4 (Windows-10-10.0.18362-SP0) msrest/0.6.10 msrest_azure/0.6.3
        azure-mgmt-resource/8.0.1 Azure-SDK-For-Python AZURECLI/2.3.1
    method: GET
    uri: https://management.azure.com/subscriptions/00000000-0000-0000-0000-000000000000/resourcegroups/cli_test_test_specialized_image_000001/providers/Microsoft.Resources/deployments/mock-deployment/operationStatuses/08586146665411454899?api-version=2019-07-01
  response:
    body:
      string: '{"status":"Running"}'
    headers:
      cache-control:
      - no-cache
      content-length:
      - '20'
      content-type:
      - application/json; charset=utf-8
      date:
      - Wed, 15 Apr 2020 08:46:53 GMT
      expires:
      - '-1'
      pragma:
      - no-cache
      strict-transport-security:
      - max-age=31536000; includeSubDomains
      vary:
      - Accept-Encoding
      x-content-type-options:
      - nosniff
    status:
      code: 200
      message: OK
- request:
    body: null
    headers:
      Accept:
      - application/json
      Accept-Encoding:
      - gzip, deflate
      CommandName:
      - vm create
      Connection:
      - keep-alive
      ParameterSetName:
      - -g -n --image --specialized --nsg-rule
      User-Agent:
      - python/3.7.4 (Windows-10-10.0.18362-SP0) msrest/0.6.10 msrest_azure/0.6.3
        azure-mgmt-resource/8.0.1 Azure-SDK-For-Python AZURECLI/2.3.1
    method: GET
    uri: https://management.azure.com/subscriptions/00000000-0000-0000-0000-000000000000/resourcegroups/cli_test_test_specialized_image_000001/providers/Microsoft.Resources/deployments/mock-deployment/operationStatuses/08586146665411454899?api-version=2019-07-01
  response:
    body:
      string: '{"status":"Succeeded"}'
    headers:
      cache-control:
      - no-cache
      content-length:
      - '22'
      content-type:
      - application/json; charset=utf-8
      date:
      - Wed, 15 Apr 2020 08:47:23 GMT
      expires:
      - '-1'
      pragma:
      - no-cache
      strict-transport-security:
      - max-age=31536000; includeSubDomains
      vary:
      - Accept-Encoding
      x-content-type-options:
      - nosniff
    status:
      code: 200
      message: OK
- request:
    body: null
    headers:
      Accept:
      - application/json
      Accept-Encoding:
      - gzip, deflate
      CommandName:
      - vm create
      Connection:
      - keep-alive
      ParameterSetName:
      - -g -n --image --specialized --nsg-rule
      User-Agent:
      - python/3.7.4 (Windows-10-10.0.18362-SP0) msrest/0.6.10 msrest_azure/0.6.3
        azure-mgmt-resource/8.0.1 Azure-SDK-For-Python AZURECLI/2.3.1
    method: GET
    uri: https://management.azure.com/subscriptions/00000000-0000-0000-0000-000000000000/resourcegroups/cli_test_test_specialized_image_000001/providers/Microsoft.Resources/deployments/mock-deployment?api-version=2019-07-01
  response:
    body:
      string: '{"id":"/subscriptions/00000000-0000-0000-0000-000000000000/resourceGroups/cli_test_test_specialized_image_000001/providers/Microsoft.Resources/deployments/vm_deploy_oPDGpJiZoxVmSt8Nrh271nssspGLY0l0","name":"vm_deploy_oPDGpJiZoxVmSt8Nrh271nssspGLY0l0","type":"Microsoft.Resources/deployments","properties":{"templateHash":"11296397535557584443","parameters":{},"mode":"Incremental","provisioningState":"Succeeded","timestamp":"2020-04-15T08:46:58.186562Z","duration":"PT1M13.8544245S","correlationId":"1146f733-9230-4089-95b8-d9749a588c8b","providers":[{"namespace":"Microsoft.Network","resourceTypes":[{"resourceType":"networkSecurityGroups","locations":["westus"]},{"resourceType":"publicIPAddresses","locations":["westus"]},{"resourceType":"networkInterfaces","locations":["westus"]}]},{"namespace":"Microsoft.Compute","resourceTypes":[{"resourceType":"virtualMachines","locations":["westus"]}]}],"dependencies":[{"dependsOn":[{"id":"/subscriptions/00000000-0000-0000-0000-000000000000/resourceGroups/cli_test_test_specialized_image_000001/providers/Microsoft.Network/networkSecurityGroups/vm2NSG","resourceType":"Microsoft.Network/networkSecurityGroups","resourceName":"vm2NSG"},{"id":"/subscriptions/00000000-0000-0000-0000-000000000000/resourceGroups/cli_test_test_specialized_image_000001/providers/Microsoft.Network/publicIPAddresses/vm2PublicIP","resourceType":"Microsoft.Network/publicIPAddresses","resourceName":"vm2PublicIP"}],"id":"/subscriptions/00000000-0000-0000-0000-000000000000/resourceGroups/cli_test_test_specialized_image_000001/providers/Microsoft.Network/networkInterfaces/vm2VMNic","resourceType":"Microsoft.Network/networkInterfaces","resourceName":"vm2VMNic"},{"dependsOn":[{"id":"/subscriptions/00000000-0000-0000-0000-000000000000/resourceGroups/cli_test_test_specialized_image_000001/providers/Microsoft.Network/networkInterfaces/vm2VMNic","resourceType":"Microsoft.Network/networkInterfaces","resourceName":"vm2VMNic"}],"id":"/subscriptions/00000000-0000-0000-0000-000000000000/resourceGroups/cli_test_test_specialized_image_000001/providers/Microsoft.Compute/virtualMachines/vm2","resourceType":"Microsoft.Compute/virtualMachines","resourceName":"vm2"}],"outputs":{},"outputResources":[{"id":"/subscriptions/00000000-0000-0000-0000-000000000000/resourceGroups/cli_test_test_specialized_image_000001/providers/Microsoft.Compute/virtualMachines/vm2"},{"id":"/subscriptions/00000000-0000-0000-0000-000000000000/resourceGroups/cli_test_test_specialized_image_000001/providers/Microsoft.Network/networkInterfaces/vm2VMNic"},{"id":"/subscriptions/00000000-0000-0000-0000-000000000000/resourceGroups/cli_test_test_specialized_image_000001/providers/Microsoft.Network/networkSecurityGroups/vm2NSG"},{"id":"/subscriptions/00000000-0000-0000-0000-000000000000/resourceGroups/cli_test_test_specialized_image_000001/providers/Microsoft.Network/publicIPAddresses/vm2PublicIP"}]}}'
    headers:
      cache-control:
      - no-cache
      content-length:
      - '3267'
      content-type:
      - application/json; charset=utf-8
      date:
      - Wed, 15 Apr 2020 08:47:23 GMT
      expires:
      - '-1'
      pragma:
      - no-cache
      strict-transport-security:
      - max-age=31536000; includeSubDomains
      vary:
      - Accept-Encoding
      x-content-type-options:
      - nosniff
    status:
      code: 200
      message: OK
- request:
    body: null
    headers:
      Accept:
      - application/json
      Accept-Encoding:
      - gzip, deflate
      CommandName:
      - vm create
      Connection:
      - keep-alive
      ParameterSetName:
      - -g -n --image --specialized --nsg-rule
      User-Agent:
      - python/3.7.4 (Windows-10-10.0.18362-SP0) msrest/0.6.10 msrest_azure/0.6.3
        azure-mgmt-compute/12.0.0 Azure-SDK-For-Python AZURECLI/2.3.1
      accept-language:
      - en-US
    method: GET
    uri: https://management.azure.com/subscriptions/00000000-0000-0000-0000-000000000000/resourceGroups/cli_test_test_specialized_image_000001/providers/Microsoft.Compute/virtualMachines/vm2?$expand=instanceView&api-version=2019-07-01
  response:
    body:
      string: "{\r\n  \"name\": \"vm2\",\r\n  \"id\": \"/subscriptions/00000000-0000-0000-0000-000000000000/resourceGroups/cli_test_test_specialized_image_000001/providers/Microsoft.Compute/virtualMachines/vm2\",\r\n
        \ \"type\": \"Microsoft.Compute/virtualMachines\",\r\n  \"location\": \"westus\",\r\n
        \ \"tags\": {},\r\n  \"properties\": {\r\n    \"vmId\": \"ef7d9efd-8a2c-4770-88b9-c75a1f0ab8c2\",\r\n
        \   \"hardwareProfile\": {\r\n      \"vmSize\": \"Standard_DS1_v2\"\r\n    },\r\n
        \   \"storageProfile\": {\r\n      \"imageReference\": {\r\n        \"id\":
        \"/subscriptions/00000000-0000-0000-0000-000000000000/resourceGroups/cli_test_test_specialized_image_000001/providers/Microsoft.Compute/galleries/gallery_000002/images/image1/versions/1.0.0\",\r\n
        \       \"exactVersion\": \"1.0.0\"\r\n      },\r\n      \"osDisk\": {\r\n
        \       \"osType\": \"Linux\",\r\n        \"name\": \"vm2_OsDisk_1_76b52f03a117448b896b597936b7811f\",\r\n
        \       \"createOption\": \"FromImage\",\r\n        \"caching\": \"ReadWrite\",\r\n
        \       \"managedDisk\": {\r\n          \"storageAccountType\": \"Premium_LRS\",\r\n
        \         \"id\": \"/subscriptions/00000000-0000-0000-0000-000000000000/resourceGroups/CLI_TEST_TEST_SPECIALIZED_IMAGE_LT7CXDDNSHZJJSPF36WHUTG6PYSYYAHFLGUMIUKD7RU/providers/Microsoft.Compute/disks/vm2_OsDisk_1_76b52f03a117448b896b597936b7811f\"\r\n
        \       },\r\n        \"diskSizeGB\": 30\r\n      },\r\n      \"dataDisks\":
        []\r\n    },\r\n    \"networkProfile\": {\"networkInterfaces\":[{\"id\":\"/subscriptions/00000000-0000-0000-0000-000000000000/resourceGroups/cli_test_test_specialized_image_000001/providers/Microsoft.Network/networkInterfaces/vm2VMNic\"}]},\r\n
        \   \"provisioningState\": \"Succeeded\",\r\n    \"instanceView\": {\r\n      \"vmAgent\":
        {\r\n        \"vmAgentVersion\": \"Unknown\",\r\n        \"statuses\": [\r\n
        \         {\r\n            \"code\": \"ProvisioningState/Unavailable\",\r\n
        \           \"level\": \"Warning\",\r\n            \"displayStatus\": \"Not
        Ready\",\r\n            \"message\": \"VM status blob is found but not yet
        populated.\",\r\n            \"time\": \"2020-04-15T08:47:26+00:00\"\r\n          }\r\n
        \       ]\r\n      },\r\n      \"disks\": [\r\n        {\r\n          \"name\":
        \"vm2_OsDisk_1_76b52f03a117448b896b597936b7811f\",\r\n          \"statuses\":
        [\r\n            {\r\n              \"code\": \"ProvisioningState/succeeded\",\r\n
        \             \"level\": \"Info\",\r\n              \"displayStatus\": \"Provisioning
        succeeded\",\r\n              \"time\": \"2020-04-15T08:46:43.3043257+00:00\"\r\n
        \           }\r\n          ]\r\n        }\r\n      ],\r\n      \"hyperVGeneration\":
        \"V1\",\r\n      \"statuses\": [\r\n        {\r\n          \"code\": \"OSState/specialized\",\r\n
        \         \"level\": \"Info\",\r\n          \"displayStatus\": \"VM specialized\"\r\n
        \       },\r\n        {\r\n          \"code\": \"ProvisioningState/succeeded\",\r\n
        \         \"level\": \"Info\",\r\n          \"displayStatus\": \"Provisioning
        succeeded\",\r\n          \"time\": \"2020-04-15T08:46:56.4919088+00:00\"\r\n
        \       },\r\n        {\r\n          \"code\": \"PowerState/running\",\r\n
        \         \"level\": \"Info\",\r\n          \"displayStatus\": \"VM running\"\r\n
        \       }\r\n      ]\r\n    }\r\n  }\r\n}"
    headers:
      cache-control:
      - no-cache
      content-length:
      - '3019'
      content-type:
      - application/json; charset=utf-8
      date:
      - Wed, 15 Apr 2020 08:47:25 GMT
      expires:
      - '-1'
      pragma:
      - no-cache
      server:
      - Microsoft-HTTPAPI/2.0
      - Microsoft-HTTPAPI/2.0
      strict-transport-security:
      - max-age=31536000; includeSubDomains
      transfer-encoding:
      - chunked
      vary:
      - Accept-Encoding
      x-content-type-options:
      - nosniff
      x-ms-ratelimit-remaining-resource:
      - Microsoft.Compute/LowCostGet3Min;3995,Microsoft.Compute/LowCostGet30Min;31991
    status:
      code: 200
      message: OK
- request:
    body: null
    headers:
      Accept:
      - application/json
      Accept-Encoding:
      - gzip, deflate
      CommandName:
      - vm create
      Connection:
      - keep-alive
      ParameterSetName:
      - -g -n --image --specialized --nsg-rule
      User-Agent:
      - python/3.7.4 (Windows-10-10.0.18362-SP0) msrest/0.6.10 msrest_azure/0.6.3
        azure-mgmt-network/10.0.0 Azure-SDK-For-Python AZURECLI/2.3.1
      accept-language:
      - en-US
    method: GET
    uri: https://management.azure.com/subscriptions/00000000-0000-0000-0000-000000000000/resourceGroups/cli_test_test_specialized_image_000001/providers/Microsoft.Network/networkInterfaces/vm2VMNic?api-version=2018-01-01
  response:
    body:
      string: "{\r\n  \"name\": \"vm2VMNic\",\r\n  \"id\": \"/subscriptions/00000000-0000-0000-0000-000000000000/resourceGroups/cli_test_test_specialized_image_000001/providers/Microsoft.Network/networkInterfaces/vm2VMNic\",\r\n
        \ \"etag\": \"W/\\\"0e68f7d2-cd5a-427d-9995-e22522ef8017\\\"\",\r\n  \"location\":
        \"westus\",\r\n  \"tags\": {},\r\n  \"properties\": {\r\n    \"provisioningState\":
        \"Succeeded\",\r\n    \"resourceGuid\": \"c28fa8c5-4397-45e7-9c30-5d6ec34965fd\",\r\n
        \   \"ipConfigurations\": [\r\n      {\r\n        \"name\": \"ipconfigvm2\",\r\n
        \       \"id\": \"/subscriptions/00000000-0000-0000-0000-000000000000/resourceGroups/cli_test_test_specialized_image_000001/providers/Microsoft.Network/networkInterfaces/vm2VMNic/ipConfigurations/ipconfigvm2\",\r\n
        \       \"etag\": \"W/\\\"0e68f7d2-cd5a-427d-9995-e22522ef8017\\\"\",\r\n
        \       \"type\": \"Microsoft.Network/networkInterfaces/ipConfigurations\",\r\n
        \       \"properties\": {\r\n          \"provisioningState\": \"Succeeded\",\r\n
        \         \"privateIPAddress\": \"10.0.0.5\",\r\n          \"privateIPAllocationMethod\":
        \"Dynamic\",\r\n          \"publicIPAddress\": {\r\n            \"id\": \"/subscriptions/00000000-0000-0000-0000-000000000000/resourceGroups/cli_test_test_specialized_image_000001/providers/Microsoft.Network/publicIPAddresses/vm2PublicIP\"\r\n
        \         },\r\n          \"subnet\": {\r\n            \"id\": \"/subscriptions/00000000-0000-0000-0000-000000000000/resourceGroups/cli_test_test_specialized_image_000001/providers/Microsoft.Network/virtualNetworks/vm1VNET/subnets/vm1Subnet\"\r\n
        \         },\r\n          \"primary\": true,\r\n          \"privateIPAddressVersion\":
        \"IPv4\"\r\n        }\r\n      }\r\n    ],\r\n    \"dnsSettings\": {\r\n      \"dnsServers\":
        [],\r\n      \"appliedDnsServers\": [],\r\n      \"internalDomainNameSuffix\":
        \"q4gw4p5r0wyujaap5byv14psmd.dx.internal.cloudapp.net\"\r\n    },\r\n    \"macAddress\":
        \"00-0D-3A-30-66-E3\",\r\n    \"enableAcceleratedNetworking\": false,\r\n
        \   \"enableIPForwarding\": false,\r\n    \"networkSecurityGroup\": {\r\n
        \     \"id\": \"/subscriptions/00000000-0000-0000-0000-000000000000/resourceGroups/cli_test_test_specialized_image_000001/providers/Microsoft.Network/networkSecurityGroups/vm2NSG\"\r\n
        \   },\r\n    \"primary\": true,\r\n    \"virtualMachine\": {\r\n      \"id\":
        \"/subscriptions/00000000-0000-0000-0000-000000000000/resourceGroups/cli_test_test_specialized_image_000001/providers/Microsoft.Compute/virtualMachines/vm2\"\r\n
        \   }\r\n  },\r\n  \"type\": \"Microsoft.Network/networkInterfaces\"\r\n}"
    headers:
      cache-control:
      - no-cache
      content-length:
      - '2568'
      content-type:
      - application/json; charset=utf-8
      date:
      - Wed, 15 Apr 2020 08:47:26 GMT
      etag:
      - W/"0e68f7d2-cd5a-427d-9995-e22522ef8017"
      expires:
      - '-1'
      pragma:
      - no-cache
      server:
      - Microsoft-HTTPAPI/2.0
      - Microsoft-HTTPAPI/2.0
      strict-transport-security:
      - max-age=31536000; includeSubDomains
      transfer-encoding:
      - chunked
      vary:
      - Accept-Encoding
      x-content-type-options:
      - nosniff
      x-ms-arm-service-request-id:
      - 5b3364d7-972c-4d70-86ac-0f46c356e839
    status:
      code: 200
      message: OK
- request:
    body: null
    headers:
      Accept:
      - application/json
      Accept-Encoding:
      - gzip, deflate
      CommandName:
      - vm create
      Connection:
      - keep-alive
      ParameterSetName:
      - -g -n --image --specialized --nsg-rule
      User-Agent:
      - python/3.7.4 (Windows-10-10.0.18362-SP0) msrest/0.6.10 msrest_azure/0.6.3
        azure-mgmt-network/10.0.0 Azure-SDK-For-Python AZURECLI/2.3.1
      accept-language:
      - en-US
    method: GET
    uri: https://management.azure.com/subscriptions/00000000-0000-0000-0000-000000000000/resourceGroups/cli_test_test_specialized_image_000001/providers/Microsoft.Network/publicIPAddresses/vm2PublicIP?api-version=2018-01-01
  response:
    body:
      string: "{\r\n  \"name\": \"vm2PublicIP\",\r\n  \"id\": \"/subscriptions/00000000-0000-0000-0000-000000000000/resourceGroups/cli_test_test_specialized_image_000001/providers/Microsoft.Network/publicIPAddresses/vm2PublicIP\",\r\n
        \ \"etag\": \"W/\\\"6a565133-1149-4544-9003-cc03303cb6d6\\\"\",\r\n  \"location\":
        \"westus\",\r\n  \"tags\": {},\r\n  \"properties\": {\r\n    \"provisioningState\":
        \"Succeeded\",\r\n    \"resourceGuid\": \"5581776d-17c5-482f-9339-d852271f006a\",\r\n
        \   \"ipAddress\": \"40.112.183.92\",\r\n    \"publicIPAddressVersion\": \"IPv4\",\r\n
        \   \"publicIPAllocationMethod\": \"Dynamic\",\r\n    \"idleTimeoutInMinutes\":
        4,\r\n    \"ipTags\": [],\r\n    \"ipConfiguration\": {\r\n      \"id\": \"/subscriptions/00000000-0000-0000-0000-000000000000/resourceGroups/cli_test_test_specialized_image_000001/providers/Microsoft.Network/networkInterfaces/vm2VMNic/ipConfigurations/ipconfigvm2\"\r\n
        \   }\r\n  },\r\n  \"type\": \"Microsoft.Network/publicIPAddresses\",\r\n
        \ \"sku\": {\r\n    \"name\": \"Basic\"\r\n  }\r\n}"
    headers:
      cache-control:
      - no-cache
      content-length:
      - '997'
      content-type:
      - application/json; charset=utf-8
      date:
      - Wed, 15 Apr 2020 08:47:26 GMT
      etag:
      - W/"6a565133-1149-4544-9003-cc03303cb6d6"
      expires:
      - '-1'
      pragma:
      - no-cache
      server:
      - Microsoft-HTTPAPI/2.0
      - Microsoft-HTTPAPI/2.0
      strict-transport-security:
      - max-age=31536000; includeSubDomains
      transfer-encoding:
      - chunked
      vary:
      - Accept-Encoding
      x-content-type-options:
      - nosniff
      x-ms-arm-service-request-id:
      - 183a02a8-15c4-4de9-850e-542fa355db97
    status:
      code: 200
      message: OK
- request:
    body: null
    headers:
      Accept:
      - application/json
      Accept-Encoding:
      - gzip, deflate
      CommandName:
      - vmss create
      Connection:
      - keep-alive
      ParameterSetName:
      - -g -n --image --specialized
      User-Agent:
      - python/3.7.4 (Windows-10-10.0.18362-SP0) msrest/0.6.10 msrest_azure/0.6.3
        azure-mgmt-resource/8.0.1 Azure-SDK-For-Python AZURECLI/2.3.1
      accept-language:
      - en-US
    method: GET
    uri: https://management.azure.com/subscriptions/00000000-0000-0000-0000-000000000000/resourcegroups/cli_test_test_specialized_image_000001?api-version=2019-07-01
  response:
    body:
      string: '{"id":"/subscriptions/00000000-0000-0000-0000-000000000000/resourceGroups/cli_test_test_specialized_image_000001","name":"cli_test_test_specialized_image_000001","type":"Microsoft.Resources/resourceGroups","location":"westus","tags":{"product":"azurecli","cause":"automation","date":"2020-04-15T08:35:03Z","StorageType":"Standard_LRS","type":"test"},"properties":{"provisioningState":"Succeeded"}}'
    headers:
      cache-control:
      - no-cache
      content-length:
      - '471'
      content-type:
      - application/json; charset=utf-8
      date:
      - Wed, 15 Apr 2020 08:47:27 GMT
      expires:
      - '-1'
      pragma:
      - no-cache
      strict-transport-security:
      - max-age=31536000; includeSubDomains
      vary:
      - Accept-Encoding
      x-content-type-options:
      - nosniff
    status:
      code: 200
      message: OK
- request:
    body: null
    headers:
      Accept:
      - application/json
      Accept-Encoding:
      - gzip, deflate
      CommandName:
      - vmss create
      Connection:
      - keep-alive
      ParameterSetName:
      - -g -n --image --specialized
      User-Agent:
      - python/3.7.4 (Windows-10-10.0.18362-SP0) msrest/0.6.10 msrest_azure/0.6.3
        azure-mgmt-compute/12.0.0 Azure-SDK-For-Python AZURECLI/2.3.1
      accept-language:
      - en-US
    method: GET
    uri: https://management.azure.com/subscriptions/00000000-0000-0000-0000-000000000000/resourceGroups/cli_test_test_specialized_image_000001/providers/Microsoft.Compute/galleries/gallery_000002/images/image1?api-version=2019-12-01
  response:
    body:
      string: "{\r\n  \"name\": \"image1\",\r\n  \"id\": \"/subscriptions/00000000-0000-0000-0000-000000000000/resourceGroups/cli_test_test_specialized_image_000001/providers/Microsoft.Compute/galleries/gallery_000002/images/image1\",\r\n
        \ \"type\": \"Microsoft.Compute/galleries/images\",\r\n  \"location\": \"westus\",\r\n
        \ \"tags\": {},\r\n  \"properties\": {\r\n    \"hyperVGeneration\": \"V1\",\r\n
        \   \"osType\": \"Linux\",\r\n    \"osState\": \"Specialized\",\r\n    \"identifier\":
        {\r\n      \"publisher\": \"publisher1\",\r\n      \"offer\": \"offer1\",\r\n
        \     \"sku\": \"sku1\"\r\n    },\r\n    \"provisioningState\": \"Succeeded\"\r\n
        \ }\r\n}"
    headers:
      cache-control:
      - no-cache
      content-length:
      - '600'
      content-type:
      - application/json; charset=utf-8
      date:
      - Wed, 15 Apr 2020 08:47:28 GMT
      expires:
      - '-1'
      pragma:
      - no-cache
      server:
      - Microsoft-HTTPAPI/2.0
      - Microsoft-HTTPAPI/2.0
      strict-transport-security:
      - max-age=31536000; includeSubDomains
      transfer-encoding:
      - chunked
      vary:
      - Accept-Encoding
      x-content-type-options:
      - nosniff
      x-ms-ratelimit-remaining-resource:
      - Microsoft.Compute/GetGalleryImage3Min;294,Microsoft.Compute/GetGalleryImage30Min;1989
    status:
      code: 200
      message: OK
- request:
    body: null
    headers:
      Accept:
      - application/json
      Accept-Encoding:
      - gzip, deflate
      CommandName:
      - vmss create
      Connection:
      - keep-alive
      ParameterSetName:
      - -g -n --image --specialized
      User-Agent:
      - python/3.7.4 (Windows-10-10.0.18362-SP0) msrest/0.6.10 msrest_azure/0.6.3
        azure-mgmt-compute/12.0.0 Azure-SDK-For-Python AZURECLI/2.3.1
      accept-language:
      - en-US
    method: GET
    uri: https://management.azure.com/subscriptions/00000000-0000-0000-0000-000000000000/resourceGroups/cli_test_test_specialized_image_000001/providers/Microsoft.Compute/galleries/gallery_000002/images/image1/versions/1.0.0?api-version=2019-12-01
  response:
    body:
      string: "{\r\n  \"name\": \"1.0.0\",\r\n  \"id\": \"/subscriptions/00000000-0000-0000-0000-000000000000/resourceGroups/cli_test_test_specialized_image_000001/providers/Microsoft.Compute/galleries/gallery_000002/images/image1/versions/1.0.0\",\r\n
        \ \"type\": \"Microsoft.Compute/galleries/images/versions\",\r\n  \"location\":
        \"westus\",\r\n  \"tags\": {},\r\n  \"properties\": {\r\n    \"publishingProfile\":
        {\r\n      \"targetRegions\": [\r\n        {\r\n          \"name\": \"West
        US\",\r\n          \"regionalReplicaCount\": 1,\r\n          \"storageAccountType\":
        \"Standard_LRS\"\r\n        }\r\n      ],\r\n      \"replicaCount\": 1,\r\n
        \     \"excludeFromLatest\": false,\r\n      \"publishedDate\": \"2020-04-15T08:38:30.6611608+00:00\",\r\n
        \     \"storageAccountType\": \"Standard_LRS\"\r\n    },\r\n    \"storageProfile\":
        {\r\n      \"osDiskImage\": {\r\n        \"sizeInGB\": 30,\r\n        \"hostCaching\":
        \"ReadWrite\",\r\n        \"source\": {\r\n          \"id\": \"/subscriptions/00000000-0000-0000-0000-000000000000/resourceGroups/cli_test_test_specialized_image_000001/providers/Microsoft.Compute/snapshots/s1\"\r\n
        \       }\r\n      }\r\n    },\r\n    \"provisioningState\": \"Succeeded\"\r\n
        \ }\r\n}"
    headers:
      cache-control:
      - no-cache
      content-length:
      - '1166'
      content-type:
      - application/json; charset=utf-8
      date:
      - Wed, 15 Apr 2020 08:47:29 GMT
      expires:
      - '-1'
      pragma:
      - no-cache
      server:
      - Microsoft-HTTPAPI/2.0
      - Microsoft-HTTPAPI/2.0
      strict-transport-security:
      - max-age=31536000; includeSubDomains
      transfer-encoding:
      - chunked
      vary:
      - Accept-Encoding
      x-content-type-options:
      - nosniff
      x-ms-ratelimit-remaining-resource:
      - Microsoft.Compute/GetGalleryImageVersion3Min;1995,Microsoft.Compute/GetGalleryImageVersion30Min;9993
    status:
      code: 200
      message: OK
- request:
    body: null
    headers:
      Accept:
      - application/json
      Accept-Encoding:
      - gzip, deflate
      CommandName:
      - vmss create
      Connection:
      - keep-alive
      ParameterSetName:
      - -g -n --image --specialized
      User-Agent:
      - python/3.7.4 (Windows-10-10.0.18362-SP0) msrest/0.6.10 msrest_azure/0.6.3
        azure-mgmt-network/10.0.0 Azure-SDK-For-Python AZURECLI/2.3.1
      accept-language:
      - en-US
    method: GET
    uri: https://management.azure.com/subscriptions/00000000-0000-0000-0000-000000000000/resourceGroups/cli_test_test_specialized_image_000001/providers/Microsoft.Network/virtualNetworks?api-version=2018-01-01
  response:
    body:
      string: "{\r\n  \"value\": [\r\n    {\r\n      \"name\": \"vm1VNET\",\r\n      \"id\":
        \"/subscriptions/00000000-0000-0000-0000-000000000000/resourceGroups/cli_test_test_specialized_image_000001/providers/Microsoft.Network/virtualNetworks/vm1VNET\",\r\n
        \     \"etag\": \"W/\\\"b94f16d9-817c-42ec-a2a4-fb4b1df836e3\\\"\",\r\n      \"type\":
        \"Microsoft.Network/virtualNetworks\",\r\n      \"location\": \"westus\",\r\n
        \     \"tags\": {},\r\n      \"properties\": {\r\n        \"provisioningState\":
        \"Succeeded\",\r\n        \"resourceGuid\": \"3f6f8d87-d5f1-44b1-800f-f8715df9f263\",\r\n
        \       \"addressSpace\": {\r\n          \"addressPrefixes\": [\r\n            \"10.0.0.0/16\"\r\n
        \         ]\r\n        },\r\n        \"subnets\": [\r\n          {\r\n            \"name\":
        \"vm1Subnet\",\r\n            \"id\": \"/subscriptions/00000000-0000-0000-0000-000000000000/resourceGroups/cli_test_test_specialized_image_000001/providers/Microsoft.Network/virtualNetworks/vm1VNET/subnets/vm1Subnet\",\r\n
        \           \"etag\": \"W/\\\"b94f16d9-817c-42ec-a2a4-fb4b1df836e3\\\"\",\r\n
        \           \"properties\": {\r\n              \"provisioningState\": \"Succeeded\",\r\n
        \             \"addressPrefix\": \"10.0.0.0/24\",\r\n              \"ipConfigurations\":
        [\r\n                {\r\n                  \"id\": \"/subscriptions/00000000-0000-0000-0000-000000000000/resourceGroups/cli_test_test_specialized_image_000001/providers/Microsoft.Network/networkInterfaces/vm1VMNic/ipConfigurations/ipconfigvm1\"\r\n
        \               },\r\n                {\r\n                  \"id\": \"/subscriptions/00000000-0000-0000-0000-000000000000/resourceGroups/cli_test_test_specialized_image_000001/providers/Microsoft.Network/networkInterfaces/vm2VMNic/ipConfigurations/ipconfigvm2\"\r\n
        \               }\r\n              ]\r\n            },\r\n            \"type\":
        \"Microsoft.Network/virtualNetworks/subnets\"\r\n          }\r\n        ],\r\n
        \       \"virtualNetworkPeerings\": [],\r\n        \"enableDdosProtection\":
        false,\r\n        \"enableVmProtection\": false\r\n      }\r\n    }\r\n  ]\r\n}"
    headers:
      cache-control:
      - no-cache
      content-length:
      - '2043'
      content-type:
      - application/json; charset=utf-8
      date:
      - Wed, 15 Apr 2020 08:47:29 GMT
      expires:
      - '-1'
      pragma:
      - no-cache
      server:
      - Microsoft-HTTPAPI/2.0
      - Microsoft-HTTPAPI/2.0
      strict-transport-security:
      - max-age=31536000; includeSubDomains
      transfer-encoding:
      - chunked
      vary:
      - Accept-Encoding
      x-content-type-options:
      - nosniff
      x-ms-arm-service-request-id:
      - 19d9d2f8-8700-4c46-a258-66901d5725d0
    status:
      code: 200
      message: OK
- request:
    body: 'b''{"properties": {"template": {"$schema": "https://schema.management.azure.com/schemas/2015-01-01/deploymentTemplate.json#",
      "contentVersion": "1.0.0.0", "parameters": {}, "variables": {}, "resources":
      [{"apiVersion": "2018-01-01", "type": "Microsoft.Network/publicIPAddresses",
      "name": "vmss1LBPublicIP", "location": "westus", "tags": {}, "dependsOn": [],
      "properties": {"publicIPAllocationMethod": "Dynamic"}}, {"type": "Microsoft.Network/loadBalancers",
      "name": "vmss1LB", "location": "westus", "tags": {}, "apiVersion": "2018-01-01",
      "dependsOn": ["Microsoft.Network/publicIpAddresses/vmss1LBPublicIP"], "properties":
      {"backendAddressPools": [{"name": "vmss1LBBEPool"}], "inboundNatPools": [{"name":
      "vmss1LBNatPool", "properties": {"frontendIPConfiguration": {"id": "[concat(resourceId(\''Microsoft.Network/loadBalancers\'',
      \''vmss1LB\''), \''/frontendIPConfigurations/\'', \''loadBalancerFrontEnd\'')]"},
      "protocol": "tcp", "frontendPortRangeStart": "50000", "frontendPortRangeEnd":
      "50119", "backendPort": 22}}], "frontendIPConfigurations": [{"name": "loadBalancerFrontEnd",
      "properties": {"publicIPAddress": {"id": "/subscriptions/00000000-0000-0000-0000-000000000000/resourceGroups/cli_test_test_specialized_image_000001/providers/Microsoft.Network/publicIPAddresses/vmss1LBPublicIP"}}}]}},
      {"type": "Microsoft.Compute/virtualMachineScaleSets", "name": "vmss1", "location":
      "westus", "tags": {}, "apiVersion": "2019-12-01", "dependsOn": ["Microsoft.Network/loadBalancers/vmss1LB"],
      "sku": {"name": "Standard_DS1_v2", "capacity": 2}, "properties": {"overprovision":
      true, "upgradePolicy": {"mode": "manual"}, "virtualMachineProfile": {"storageProfile":
      {"osDisk": {"createOption": "FromImage", "caching": "ReadWrite", "managedDisk":
      {"storageAccountType": null}}, "imageReference": {"id": "/subscriptions/00000000-0000-0000-0000-000000000000/resourceGroups/cli_test_test_specialized_image_000001/providers/Microsoft.Compute/galleries/gallery_000002/images/image1/versions/1.0.0"}},
      "networkProfile": {"networkInterfaceConfigurations": [{"name": "vmss18a20Nic",
      "properties": {"primary": "true", "ipConfigurations": [{"name": "vmss18a20IPConfig",
      "properties": {"subnet": {"id": "/subscriptions/00000000-0000-0000-0000-000000000000/resourceGroups/cli_test_test_specialized_image_000001/providers/Microsoft.Network/virtualNetworks/vm1VNET/subnets/vm1Subnet"},
      "loadBalancerBackendAddressPools": [{"id": "/subscriptions/00000000-0000-0000-0000-000000000000/resourceGroups/cli_test_test_specialized_image_000001/providers/Microsoft.Network/loadBalancers/vmss1LB/backendAddressPools/vmss1LBBEPool"}],
      "loadBalancerInboundNatPools": [{"id": "/subscriptions/00000000-0000-0000-0000-000000000000/resourceGroups/cli_test_test_specialized_image_000001/providers/Microsoft.Network/loadBalancers/vmss1LB/inboundNatPools/vmss1LBNatPool"}]}}]}}]}},
      "singlePlacementGroup": null}}], "outputs": {"VMSS": {"type": "object", "value":
      "[reference(resourceId(\''Microsoft.Compute/virtualMachineScaleSets\'', \''vmss1\''),providers(\''Microsoft.Compute\'',
      \''virtualMachineScaleSets\'').apiVersions[0])]"}}}, "parameters": {}, "mode":
      "Incremental"}}'''
    headers:
      Accept:
      - application/json
      Accept-Encoding:
      - gzip, deflate
      CommandName:
      - vmss create
      Connection:
      - keep-alive
      Content-Length:
      - '3296'
      Content-Type:
      - application/json; charset=utf-8
      ParameterSetName:
      - -g -n --image --specialized
      User-Agent:
      - python/3.7.4 (Windows-10-10.0.18362-SP0) msrest/0.6.10 msrest_azure/0.6.3
        azure-mgmt-resource/8.0.1 Azure-SDK-For-Python AZURECLI/2.3.1
      accept-language:
      - en-US
    method: PUT
    uri: https://management.azure.com/subscriptions/00000000-0000-0000-0000-000000000000/resourcegroups/cli_test_test_specialized_image_000001/providers/Microsoft.Resources/deployments/mock-deployment?api-version=2019-07-01
  response:
    body:
      string: '{"id":"/subscriptions/00000000-0000-0000-0000-000000000000/resourceGroups/cli_test_test_specialized_image_000001/providers/Microsoft.Resources/deployments/vmss_deploy_aX2TMwCBKHsyXDOsKfRX10C0nlCKPLJt","name":"vmss_deploy_aX2TMwCBKHsyXDOsKfRX10C0nlCKPLJt","type":"Microsoft.Resources/deployments","properties":{"templateHash":"4997764852464140568","parameters":{},"mode":"Incremental","provisioningState":"Accepted","timestamp":"2020-04-15T08:47:35.4754506Z","duration":"PT2.8955807S","correlationId":"bbbf1ebc-3323-4a55-b080-969dcb6b379a","providers":[{"namespace":"Microsoft.Network","resourceTypes":[{"resourceType":"publicIPAddresses","locations":["westus"]},{"resourceType":"loadBalancers","locations":["westus"]}]},{"namespace":"Microsoft.Compute","resourceTypes":[{"resourceType":"virtualMachineScaleSets","locations":["westus"]}]}],"dependencies":[{"dependsOn":[{"id":"/subscriptions/00000000-0000-0000-0000-000000000000/resourceGroups/cli_test_test_specialized_image_000001/providers/Microsoft.Network/publicIPAddresses/vmss1LBPublicIP","resourceType":"Microsoft.Network/publicIPAddresses","resourceName":"vmss1LBPublicIP"}],"id":"/subscriptions/00000000-0000-0000-0000-000000000000/resourceGroups/cli_test_test_specialized_image_000001/providers/Microsoft.Network/loadBalancers/vmss1LB","resourceType":"Microsoft.Network/loadBalancers","resourceName":"vmss1LB"},{"dependsOn":[{"id":"/subscriptions/00000000-0000-0000-0000-000000000000/resourceGroups/cli_test_test_specialized_image_000001/providers/Microsoft.Network/loadBalancers/vmss1LB","resourceType":"Microsoft.Network/loadBalancers","resourceName":"vmss1LB"}],"id":"/subscriptions/00000000-0000-0000-0000-000000000000/resourceGroups/cli_test_test_specialized_image_000001/providers/Microsoft.Compute/virtualMachineScaleSets/vmss1","resourceType":"Microsoft.Compute/virtualMachineScaleSets","resourceName":"vmss1"}]}}'
    headers:
      azure-asyncoperation:
      - https://management.azure.com/subscriptions/00000000-0000-0000-0000-000000000000/resourcegroups/cli_test_test_specialized_image_000001/providers/Microsoft.Resources/deployments/vmss_deploy_aX2TMwCBKHsyXDOsKfRX10C0nlCKPLJt/operationStatuses/08586146664328977541?api-version=2019-07-01
      cache-control:
      - no-cache
      content-length:
      - '2066'
      content-type:
      - application/json; charset=utf-8
      date:
      - Wed, 15 Apr 2020 08:47:37 GMT
      expires:
      - '-1'
      pragma:
      - no-cache
      strict-transport-security:
      - max-age=31536000; includeSubDomains
      x-content-type-options:
      - nosniff
      x-ms-ratelimit-remaining-subscription-writes:
      - '1198'
    status:
      code: 201
      message: Created
- request:
    body: null
    headers:
      Accept:
      - application/json
      Accept-Encoding:
      - gzip, deflate
      CommandName:
      - vmss create
      Connection:
      - keep-alive
      ParameterSetName:
      - -g -n --image --specialized
      User-Agent:
      - python/3.7.4 (Windows-10-10.0.18362-SP0) msrest/0.6.10 msrest_azure/0.6.3
        azure-mgmt-resource/8.0.1 Azure-SDK-For-Python AZURECLI/2.3.1
    method: GET
    uri: https://management.azure.com/subscriptions/00000000-0000-0000-0000-000000000000/resourcegroups/cli_test_test_specialized_image_000001/providers/Microsoft.Resources/deployments/mock-deployment/operationStatuses/08586146664328977541?api-version=2019-07-01
  response:
    body:
      string: '{"status":"Running"}'
    headers:
      cache-control:
      - no-cache
      content-length:
      - '20'
      content-type:
      - application/json; charset=utf-8
      date:
      - Wed, 15 Apr 2020 08:48:41 GMT
      expires:
      - '-1'
      pragma:
      - no-cache
      strict-transport-security:
      - max-age=31536000; includeSubDomains
      vary:
      - Accept-Encoding
      x-content-type-options:
      - nosniff
    status:
      code: 200
      message: OK
- request:
    body: null
    headers:
      Accept:
      - application/json
      Accept-Encoding:
      - gzip, deflate
      CommandName:
      - vmss create
      Connection:
      - keep-alive
      ParameterSetName:
      - -g -n --image --specialized
      User-Agent:
      - python/3.7.4 (Windows-10-10.0.18362-SP0) msrest/0.6.10 msrest_azure/0.6.3
        azure-mgmt-resource/8.0.1 Azure-SDK-For-Python AZURECLI/2.3.1
    method: GET
    uri: https://management.azure.com/subscriptions/00000000-0000-0000-0000-000000000000/resourcegroups/cli_test_test_specialized_image_000001/providers/Microsoft.Resources/deployments/mock-deployment/operationStatuses/08586146664328977541?api-version=2019-07-01
  response:
    body:
      string: '{"status":"Running"}'
    headers:
      cache-control:
      - no-cache
      content-length:
      - '20'
      content-type:
      - application/json; charset=utf-8
      date:
      - Wed, 15 Apr 2020 08:49:12 GMT
      expires:
      - '-1'
      pragma:
      - no-cache
      strict-transport-security:
      - max-age=31536000; includeSubDomains
      vary:
      - Accept-Encoding
      x-content-type-options:
      - nosniff
    status:
      code: 200
      message: OK
- request:
    body: null
    headers:
      Accept:
      - application/json
      Accept-Encoding:
      - gzip, deflate
      CommandName:
      - vmss create
      Connection:
      - keep-alive
      ParameterSetName:
      - -g -n --image --specialized
      User-Agent:
      - python/3.7.4 (Windows-10-10.0.18362-SP0) msrest/0.6.10 msrest_azure/0.6.3
        azure-mgmt-resource/8.0.1 Azure-SDK-For-Python AZURECLI/2.3.1
    method: GET
    uri: https://management.azure.com/subscriptions/00000000-0000-0000-0000-000000000000/resourcegroups/cli_test_test_specialized_image_000001/providers/Microsoft.Resources/deployments/mock-deployment/operationStatuses/08586146664328977541?api-version=2019-07-01
  response:
    body:
      string: '{"status":"Running"}'
    headers:
      cache-control:
      - no-cache
      content-length:
      - '20'
      content-type:
      - application/json; charset=utf-8
      date:
      - Wed, 15 Apr 2020 08:49:43 GMT
      expires:
      - '-1'
      pragma:
      - no-cache
      strict-transport-security:
      - max-age=31536000; includeSubDomains
      vary:
      - Accept-Encoding
      x-content-type-options:
      - nosniff
    status:
      code: 200
      message: OK
- request:
    body: null
    headers:
      Accept:
      - application/json
      Accept-Encoding:
      - gzip, deflate
      CommandName:
      - vmss create
      Connection:
      - keep-alive
      ParameterSetName:
      - -g -n --image --specialized
      User-Agent:
      - python/3.7.4 (Windows-10-10.0.18362-SP0) msrest/0.6.10 msrest_azure/0.6.3
        azure-mgmt-resource/8.0.1 Azure-SDK-For-Python AZURECLI/2.3.1
    method: GET
    uri: https://management.azure.com/subscriptions/00000000-0000-0000-0000-000000000000/resourcegroups/cli_test_test_specialized_image_000001/providers/Microsoft.Resources/deployments/mock-deployment/operationStatuses/08586146664328977541?api-version=2019-07-01
  response:
    body:
      string: '{"status":"Running"}'
    headers:
      cache-control:
      - no-cache
      content-length:
      - '20'
      content-type:
      - application/json; charset=utf-8
      date:
      - Wed, 15 Apr 2020 08:50:13 GMT
      expires:
      - '-1'
      pragma:
      - no-cache
      strict-transport-security:
      - max-age=31536000; includeSubDomains
      vary:
      - Accept-Encoding
      x-content-type-options:
      - nosniff
    status:
      code: 200
      message: OK
- request:
    body: null
    headers:
      Accept:
      - application/json
      Accept-Encoding:
      - gzip, deflate
      CommandName:
      - vmss create
      Connection:
      - keep-alive
      ParameterSetName:
      - -g -n --image --specialized
      User-Agent:
      - python/3.7.4 (Windows-10-10.0.18362-SP0) msrest/0.6.10 msrest_azure/0.6.3
        azure-mgmt-resource/8.0.1 Azure-SDK-For-Python AZURECLI/2.3.1
    method: GET
    uri: https://management.azure.com/subscriptions/00000000-0000-0000-0000-000000000000/resourcegroups/cli_test_test_specialized_image_000001/providers/Microsoft.Resources/deployments/mock-deployment/operationStatuses/08586146664328977541?api-version=2019-07-01
  response:
    body:
      string: '{"status":"Succeeded"}'
    headers:
      cache-control:
      - no-cache
      content-length:
      - '22'
      content-type:
      - application/json; charset=utf-8
      date:
      - Wed, 15 Apr 2020 08:50:43 GMT
      expires:
      - '-1'
      pragma:
      - no-cache
      strict-transport-security:
      - max-age=31536000; includeSubDomains
      vary:
      - Accept-Encoding
      x-content-type-options:
      - nosniff
    status:
      code: 200
      message: OK
- request:
    body: null
    headers:
      Accept:
      - application/json
      Accept-Encoding:
      - gzip, deflate
      CommandName:
      - vmss create
      Connection:
      - keep-alive
      ParameterSetName:
      - -g -n --image --specialized
      User-Agent:
      - python/3.7.4 (Windows-10-10.0.18362-SP0) msrest/0.6.10 msrest_azure/0.6.3
        azure-mgmt-resource/8.0.1 Azure-SDK-For-Python AZURECLI/2.3.1
    method: GET
    uri: https://management.azure.com/subscriptions/00000000-0000-0000-0000-000000000000/resourcegroups/cli_test_test_specialized_image_000001/providers/Microsoft.Resources/deployments/mock-deployment?api-version=2019-07-01
  response:
    body:
      string: '{"id":"/subscriptions/00000000-0000-0000-0000-000000000000/resourceGroups/cli_test_test_specialized_image_000001/providers/Microsoft.Resources/deployments/vmss_deploy_aX2TMwCBKHsyXDOsKfRX10C0nlCKPLJt","name":"vmss_deploy_aX2TMwCBKHsyXDOsKfRX10C0nlCKPLJt","type":"Microsoft.Resources/deployments","properties":{"templateHash":"4997764852464140568","parameters":{},"mode":"Incremental","provisioningState":"Succeeded","timestamp":"2020-04-15T08:50:31.3918767Z","duration":"PT2M58.8120068S","correlationId":"bbbf1ebc-3323-4a55-b080-969dcb6b379a","providers":[{"namespace":"Microsoft.Network","resourceTypes":[{"resourceType":"publicIPAddresses","locations":["westus"]},{"resourceType":"loadBalancers","locations":["westus"]}]},{"namespace":"Microsoft.Compute","resourceTypes":[{"resourceType":"virtualMachineScaleSets","locations":["westus"]}]}],"dependencies":[{"dependsOn":[{"id":"/subscriptions/00000000-0000-0000-0000-000000000000/resourceGroups/cli_test_test_specialized_image_000001/providers/Microsoft.Network/publicIPAddresses/vmss1LBPublicIP","resourceType":"Microsoft.Network/publicIPAddresses","resourceName":"vmss1LBPublicIP"}],"id":"/subscriptions/00000000-0000-0000-0000-000000000000/resourceGroups/cli_test_test_specialized_image_000001/providers/Microsoft.Network/loadBalancers/vmss1LB","resourceType":"Microsoft.Network/loadBalancers","resourceName":"vmss1LB"},{"dependsOn":[{"id":"/subscriptions/00000000-0000-0000-0000-000000000000/resourceGroups/cli_test_test_specialized_image_000001/providers/Microsoft.Network/loadBalancers/vmss1LB","resourceType":"Microsoft.Network/loadBalancers","resourceName":"vmss1LB"}],"id":"/subscriptions/00000000-0000-0000-0000-000000000000/resourceGroups/cli_test_test_specialized_image_000001/providers/Microsoft.Compute/virtualMachineScaleSets/vmss1","resourceType":"Microsoft.Compute/virtualMachineScaleSets","resourceName":"vmss1"}],"outputs":{"vmss":{"type":"Object","value":{"singlePlacementGroup":true,"upgradePolicy":{"mode":"Manual"},"virtualMachineProfile":{"storageProfile":{"osDisk":{"createOption":"FromImage","caching":"ReadWrite","managedDisk":{"storageAccountType":"Premium_LRS"},"diskSizeGB":30},"imageReference":{"id":"/subscriptions/00000000-0000-0000-0000-000000000000/resourceGroups/cli_test_test_specialized_image_000001/providers/Microsoft.Compute/galleries/gallery_000002/images/image1/versions/1.0.0"}},"networkProfile":{"networkInterfaceConfigurations":[{"name":"vmss18a20Nic","properties":{"primary":true,"enableAcceleratedNetworking":false,"dnsSettings":{"dnsServers":[]},"enableIPForwarding":false,"ipConfigurations":[{"name":"vmss18a20IPConfig","properties":{"subnet":{"id":"/subscriptions/00000000-0000-0000-0000-000000000000/resourceGroups/cli_test_test_specialized_image_000001/providers/Microsoft.Network/virtualNetworks/vm1VNET/subnets/vm1Subnet"},"privateIPAddressVersion":"IPv4","loadBalancerBackendAddressPools":[{"id":"/subscriptions/00000000-0000-0000-0000-000000000000/resourceGroups/cli_test_test_specialized_image_000001/providers/Microsoft.Network/loadBalancers/vmss1LB/backendAddressPools/vmss1LBBEPool"}],"loadBalancerInboundNatPools":[{"id":"/subscriptions/00000000-0000-0000-0000-000000000000/resourceGroups/cli_test_test_specialized_image_000001/providers/Microsoft.Network/loadBalancers/vmss1LB/inboundNatPools/vmss1LBNatPool"}]}}]}}]}},"provisioningState":"Succeeded","overprovision":true,"doNotRunExtensionsOnOverprovisionedVMs":false,"uniqueId":"185707c2-0d5c-4dc9-86cc-d49735ebc235"}}},"outputResources":[{"id":"/subscriptions/00000000-0000-0000-0000-000000000000/resourceGroups/cli_test_test_specialized_image_000001/providers/Microsoft.Compute/virtualMachineScaleSets/vmss1"},{"id":"/subscriptions/00000000-0000-0000-0000-000000000000/resourceGroups/cli_test_test_specialized_image_000001/providers/Microsoft.Network/loadBalancers/vmss1LB"},{"id":"/subscriptions/00000000-0000-0000-0000-000000000000/resourceGroups/cli_test_test_specialized_image_000001/providers/Microsoft.Network/publicIPAddresses/vmss1LBPublicIP"}]}}'
    headers:
      cache-control:
      - no-cache
      content-length:
      - '4473'
      content-type:
      - application/json; charset=utf-8
      date:
      - Wed, 15 Apr 2020 08:50:44 GMT
      expires:
      - '-1'
      pragma:
      - no-cache
      strict-transport-security:
      - max-age=31536000; includeSubDomains
      vary:
      - Accept-Encoding
      x-content-type-options:
      - nosniff
    status:
      code: 200
      message: OK
- request:
    body: null
    headers:
      Accept:
      - application/json
      Accept-Encoding:
      - gzip, deflate
      CommandName:
      - vm create
      Connection:
      - keep-alive
      ParameterSetName:
      - -g -n --specialized
      User-Agent:
      - python/3.7.4 (Windows-10-10.0.18362-SP0) msrest/0.6.10 msrest_azure/0.6.3
        azure-mgmt-resource/8.0.1 Azure-SDK-For-Python AZURECLI/2.3.1
      accept-language:
      - en-US
    method: GET
    uri: https://management.azure.com/subscriptions/00000000-0000-0000-0000-000000000000/resourcegroups/cli_test_test_specialized_image_000001?api-version=2019-07-01
  response:
    body:
      string: '{"id":"/subscriptions/00000000-0000-0000-0000-000000000000/resourceGroups/cli_test_test_specialized_image_000001","name":"cli_test_test_specialized_image_000001","type":"Microsoft.Resources/resourceGroups","location":"westus","tags":{"product":"azurecli","cause":"automation","date":"2020-04-15T08:35:03Z","StorageType":"Standard_LRS","type":"test"},"properties":{"provisioningState":"Succeeded"}}'
    headers:
      cache-control:
      - no-cache
      content-length:
      - '471'
      content-type:
      - application/json; charset=utf-8
      date:
      - Wed, 15 Apr 2020 08:50:45 GMT
      expires:
      - '-1'
      pragma:
      - no-cache
      strict-transport-security:
      - max-age=31536000; includeSubDomains
      vary:
      - Accept-Encoding
      x-content-type-options:
      - nosniff
    status:
      code: 200
      message: OK
- request:
    body: null
    headers:
      Accept:
      - application/json
      Accept-Encoding:
      - gzip, deflate
      CommandName:
      - vmss create
      Connection:
      - keep-alive
      ParameterSetName:
      - -g -n --specialized
      User-Agent:
      - python/3.7.4 (Windows-10-10.0.18362-SP0) msrest/0.6.10 msrest_azure/0.6.3
        azure-mgmt-resource/8.0.1 Azure-SDK-For-Python AZURECLI/2.3.1
      accept-language:
      - en-US
    method: GET
    uri: https://management.azure.com/subscriptions/00000000-0000-0000-0000-000000000000/resourcegroups/cli_test_test_specialized_image_000001?api-version=2019-07-01
  response:
    body:
      string: '{"id":"/subscriptions/00000000-0000-0000-0000-000000000000/resourceGroups/cli_test_test_specialized_image_000001","name":"cli_test_test_specialized_image_000001","type":"Microsoft.Resources/resourceGroups","location":"westus","tags":{"product":"azurecli","cause":"automation","date":"2020-04-15T08:35:03Z","StorageType":"Standard_LRS","type":"test"},"properties":{"provisioningState":"Succeeded"}}'
    headers:
      cache-control:
      - no-cache
      content-length:
      - '471'
      content-type:
      - application/json; charset=utf-8
      date:
      - Wed, 15 Apr 2020 08:50:47 GMT
      expires:
      - '-1'
      pragma:
      - no-cache
      strict-transport-security:
      - max-age=31536000; includeSubDomains
      vary:
      - Accept-Encoding
      x-content-type-options:
      - nosniff
    status:
      code: 200
      message: OK
version: 1
