interactions:
- request:
    body: '{"location": "westus2", "tags": {}, "properties": {"addressSpace": {"addressPrefixes":
      ["10.0.0.0/16"]}, "dhcpOptions": {}, "subnets": [{"name": "mysubnet", "properties":
      {"addressPrefix": "10.0.0.0/24"}}]}}'
    headers:
      Accept:
      - application/json
      Accept-Encoding:
      - gzip, deflate
      CommandName:
      - network vnet create
      Connection:
      - keep-alive
      Content-Length:
      - '207'
      Content-Type:
      - application/json
      ParameterSetName:
      - -g -n --subnet-name
      User-Agent:
      - AZURECLI/2.16.0 azsdk-python-azure-mgmt-network/17.0.0 Python/3.8.6 (Windows-10-10.0.19041-SP0)
    method: PUT
    uri: https://management.azure.com/subscriptions/00000000-0000-0000-0000-000000000000/resourceGroups/cli_test_multi_nic_vm000001/providers/Microsoft.Network/virtualNetworks/myvnet?api-version=2020-07-01
  response:
    body:
      string: "{\r\n  \"name\": \"myvnet\",\r\n  \"id\": \"/subscriptions/00000000-0000-0000-0000-000000000000/resourceGroups/cli_test_multi_nic_vm000001/providers/Microsoft.Network/virtualNetworks/myvnet\",\r\n
        \ \"etag\": \"W/\\\"73a160cf-7d56-48c7-ad66-a334ed83db8d\\\"\",\r\n  \"type\":
        \"Microsoft.Network/virtualNetworks\",\r\n  \"location\": \"westus2\",\r\n
        \ \"tags\": {},\r\n  \"properties\": {\r\n    \"provisioningState\": \"Updating\",\r\n
        \   \"resourceGuid\": \"c73ca506-a896-4490-b6d3-c897d582e4e1\",\r\n    \"addressSpace\":
        {\r\n      \"addressPrefixes\": [\r\n        \"10.0.0.0/16\"\r\n      ]\r\n
        \   },\r\n    \"dhcpOptions\": {\r\n      \"dnsServers\": []\r\n    },\r\n
        \   \"subnets\": [\r\n      {\r\n        \"name\": \"mysubnet\",\r\n        \"id\":
        \"/subscriptions/00000000-0000-0000-0000-000000000000/resourceGroups/cli_test_multi_nic_vm000001/providers/Microsoft.Network/virtualNetworks/myvnet/subnets/mysubnet\",\r\n
        \       \"etag\": \"W/\\\"73a160cf-7d56-48c7-ad66-a334ed83db8d\\\"\",\r\n
        \       \"properties\": {\r\n          \"provisioningState\": \"Updating\",\r\n
        \         \"addressPrefix\": \"10.0.0.0/24\",\r\n          \"delegations\":
        [],\r\n          \"privateEndpointNetworkPolicies\": \"Enabled\",\r\n          \"privateLinkServiceNetworkPolicies\":
        \"Enabled\"\r\n        },\r\n        \"type\": \"Microsoft.Network/virtualNetworks/subnets\"\r\n
        \     }\r\n    ],\r\n    \"virtualNetworkPeerings\": [],\r\n    \"enableDdosProtection\":
        false,\r\n    \"enableVmProtection\": false\r\n  }\r\n}"
    headers:
      azure-asyncnotification:
      - Enabled
      azure-asyncoperation:
      - https://management.azure.com/subscriptions/00000000-0000-0000-0000-000000000000/providers/Microsoft.Network/locations/westus2/operations/70dad316-9527-4240-958a-773cf8081361?api-version=2020-07-01
      cache-control:
      - no-cache
      content-length:
      - '1443'
      content-type:
      - application/json; charset=utf-8
      date:
      - Mon, 21 Dec 2020 22:44:43 GMT
      expires:
      - '-1'
      pragma:
      - no-cache
      server:
      - Microsoft-HTTPAPI/2.0
      - Microsoft-HTTPAPI/2.0
      strict-transport-security:
      - max-age=31536000; includeSubDomains
      x-content-type-options:
      - nosniff
      x-ms-arm-service-request-id:
      - d3bedd10-4484-42fc-a58b-b34b9b5bbc8c
      x-ms-ratelimit-remaining-subscription-writes:
      - '1199'
    status:
      code: 201
      message: Created
- request:
    body: null
    headers:
      Accept:
      - '*/*'
      Accept-Encoding:
      - gzip, deflate
      CommandName:
      - network vnet create
      Connection:
      - keep-alive
      ParameterSetName:
      - -g -n --subnet-name
      User-Agent:
      - AZURECLI/2.16.0 azsdk-python-azure-mgmt-network/17.0.0 Python/3.8.6 (Windows-10-10.0.19041-SP0)
    method: GET
    uri: https://management.azure.com/subscriptions/00000000-0000-0000-0000-000000000000/providers/Microsoft.Network/locations/westus2/operations/70dad316-9527-4240-958a-773cf8081361?api-version=2020-07-01
  response:
    body:
      string: "{\r\n  \"status\": \"Succeeded\"\r\n}"
    headers:
      cache-control:
      - no-cache
      content-length:
      - '29'
      content-type:
      - application/json; charset=utf-8
      date:
      - Mon, 21 Dec 2020 22:44:46 GMT
      expires:
      - '-1'
      pragma:
      - no-cache
      server:
      - Microsoft-HTTPAPI/2.0
      - Microsoft-HTTPAPI/2.0
      strict-transport-security:
      - max-age=31536000; includeSubDomains
      transfer-encoding:
      - chunked
      vary:
      - Accept-Encoding
      x-content-type-options:
      - nosniff
      x-ms-arm-service-request-id:
      - a15d57b4-46a2-45a6-8b45-14666cc3e6a0
    status:
      code: 200
      message: OK
- request:
    body: null
    headers:
      Accept:
      - '*/*'
      Accept-Encoding:
      - gzip, deflate
      CommandName:
      - network vnet create
      Connection:
      - keep-alive
      ParameterSetName:
      - -g -n --subnet-name
      User-Agent:
      - AZURECLI/2.16.0 azsdk-python-azure-mgmt-network/17.0.0 Python/3.8.6 (Windows-10-10.0.19041-SP0)
    method: GET
    uri: https://management.azure.com/subscriptions/00000000-0000-0000-0000-000000000000/resourceGroups/cli_test_multi_nic_vm000001/providers/Microsoft.Network/virtualNetworks/myvnet?api-version=2020-07-01
  response:
    body:
      string: "{\r\n  \"name\": \"myvnet\",\r\n  \"id\": \"/subscriptions/00000000-0000-0000-0000-000000000000/resourceGroups/cli_test_multi_nic_vm000001/providers/Microsoft.Network/virtualNetworks/myvnet\",\r\n
        \ \"etag\": \"W/\\\"80ab4b09-2a8c-4526-92fd-42bd8e4bf977\\\"\",\r\n  \"type\":
        \"Microsoft.Network/virtualNetworks\",\r\n  \"location\": \"westus2\",\r\n
        \ \"tags\": {},\r\n  \"properties\": {\r\n    \"provisioningState\": \"Succeeded\",\r\n
        \   \"resourceGuid\": \"c73ca506-a896-4490-b6d3-c897d582e4e1\",\r\n    \"addressSpace\":
        {\r\n      \"addressPrefixes\": [\r\n        \"10.0.0.0/16\"\r\n      ]\r\n
        \   },\r\n    \"dhcpOptions\": {\r\n      \"dnsServers\": []\r\n    },\r\n
        \   \"subnets\": [\r\n      {\r\n        \"name\": \"mysubnet\",\r\n        \"id\":
        \"/subscriptions/00000000-0000-0000-0000-000000000000/resourceGroups/cli_test_multi_nic_vm000001/providers/Microsoft.Network/virtualNetworks/myvnet/subnets/mysubnet\",\r\n
        \       \"etag\": \"W/\\\"80ab4b09-2a8c-4526-92fd-42bd8e4bf977\\\"\",\r\n
        \       \"properties\": {\r\n          \"provisioningState\": \"Succeeded\",\r\n
        \         \"addressPrefix\": \"10.0.0.0/24\",\r\n          \"delegations\":
        [],\r\n          \"privateEndpointNetworkPolicies\": \"Enabled\",\r\n          \"privateLinkServiceNetworkPolicies\":
        \"Enabled\"\r\n        },\r\n        \"type\": \"Microsoft.Network/virtualNetworks/subnets\"\r\n
        \     }\r\n    ],\r\n    \"virtualNetworkPeerings\": [],\r\n    \"enableDdosProtection\":
        false,\r\n    \"enableVmProtection\": false\r\n  }\r\n}"
    headers:
      cache-control:
      - no-cache
      content-length:
      - '1445'
      content-type:
      - application/json; charset=utf-8
      date:
      - Mon, 21 Dec 2020 22:44:47 GMT
      etag:
      - W/"80ab4b09-2a8c-4526-92fd-42bd8e4bf977"
      expires:
      - '-1'
      pragma:
      - no-cache
      server:
      - Microsoft-HTTPAPI/2.0
      - Microsoft-HTTPAPI/2.0
      strict-transport-security:
      - max-age=31536000; includeSubDomains
      transfer-encoding:
      - chunked
      vary:
      - Accept-Encoding
      x-content-type-options:
      - nosniff
      x-ms-arm-service-request-id:
      - 2d9d78df-e0c4-4f09-960f-347ed549e165
    status:
      code: 200
      message: OK
- request:
    body: '{"location": "westus2", "properties": {"ipConfigurations": [{"name": "ipconfig1",
      "properties": {"privateIPAllocationMethod": "Dynamic", "privateIPAddressVersion":
      "IPv4", "subnet": {"id": "/subscriptions/00000000-0000-0000-0000-000000000000/resourceGroups/cli_test_multi_nic_vm000001/providers/Microsoft.Network/virtualNetworks/myvnet/subnets/mysubnet"}}}],
      "dnsSettings": {"dnsServers": []}, "enableIPForwarding": false}}'
    headers:
      Accept:
      - application/json
      Accept-Encoding:
      - gzip, deflate
      CommandName:
      - network nic create
      Connection:
      - keep-alive
      Content-Length:
      - '471'
      Content-Type:
      - application/json
      ParameterSetName:
      - -g -n --subnet --vnet-name
      User-Agent:
      - AZURECLI/2.16.0 azsdk-python-azure-mgmt-network/17.0.0 Python/3.8.6 (Windows-10-10.0.19041-SP0)
    method: PUT
    uri: https://management.azure.com/subscriptions/00000000-0000-0000-0000-000000000000/resourceGroups/cli_test_multi_nic_vm000001/providers/Microsoft.Network/networkInterfaces/nic1?api-version=2020-07-01
  response:
    body:
      string: "{\r\n  \"name\": \"nic1\",\r\n  \"id\": \"/subscriptions/00000000-0000-0000-0000-000000000000/resourceGroups/cli_test_multi_nic_vm000001/providers/Microsoft.Network/networkInterfaces/nic1\",\r\n
        \ \"etag\": \"W/\\\"aa2c99cb-03fb-494a-a9dd-c0284b8c24c0\\\"\",\r\n  \"location\":
        \"westus2\",\r\n  \"properties\": {\r\n    \"provisioningState\": \"Succeeded\",\r\n
        \   \"resourceGuid\": \"378199ce-3e70-4978-b309-42056902e8cf\",\r\n    \"ipConfigurations\":
        [\r\n      {\r\n        \"name\": \"ipconfig1\",\r\n        \"id\": \"/subscriptions/00000000-0000-0000-0000-000000000000/resourceGroups/cli_test_multi_nic_vm000001/providers/Microsoft.Network/networkInterfaces/nic1/ipConfigurations/ipconfig1\",\r\n
        \       \"etag\": \"W/\\\"aa2c99cb-03fb-494a-a9dd-c0284b8c24c0\\\"\",\r\n
        \       \"type\": \"Microsoft.Network/networkInterfaces/ipConfigurations\",\r\n
        \       \"properties\": {\r\n          \"provisioningState\": \"Succeeded\",\r\n
        \         \"privateIPAddress\": \"10.0.0.4\",\r\n          \"privateIPAllocationMethod\":
        \"Dynamic\",\r\n          \"subnet\": {\r\n            \"id\": \"/subscriptions/00000000-0000-0000-0000-000000000000/resourceGroups/cli_test_multi_nic_vm000001/providers/Microsoft.Network/virtualNetworks/myvnet/subnets/mysubnet\"\r\n
        \         },\r\n          \"primary\": true,\r\n          \"privateIPAddressVersion\":
        \"IPv4\"\r\n        }\r\n      }\r\n    ],\r\n    \"dnsSettings\": {\r\n      \"dnsServers\":
        [],\r\n      \"appliedDnsServers\": [],\r\n      \"internalDomainNameSuffix\":
        \"a0stzr2wvciejnwtzcl3laxe2b.xx.internal.cloudapp.net\"\r\n    },\r\n    \"enableAcceleratedNetworking\":
        false,\r\n    \"enableIPForwarding\": false,\r\n    \"hostedWorkloads\": [],\r\n
        \   \"tapConfigurations\": [],\r\n    \"nicType\": \"Standard\"\r\n  },\r\n
        \ \"type\": \"Microsoft.Network/networkInterfaces\"\r\n}"
    headers:
      azure-asyncnotification:
      - Enabled
      azure-asyncoperation:
      - https://management.azure.com/subscriptions/00000000-0000-0000-0000-000000000000/providers/Microsoft.Network/locations/westus2/operations/8fe2874a-a58a-41a3-b33b-2c014d9d5f9d?api-version=2020-07-01
      cache-control:
      - no-cache
      content-length:
      - '1799'
      content-type:
      - application/json; charset=utf-8
      date:
      - Mon, 21 Dec 2020 22:44:49 GMT
      expires:
      - '-1'
      pragma:
      - no-cache
      server:
      - Microsoft-HTTPAPI/2.0
      - Microsoft-HTTPAPI/2.0
      strict-transport-security:
      - max-age=31536000; includeSubDomains
      x-content-type-options:
      - nosniff
      x-ms-arm-service-request-id:
      - 3e29f847-fe79-470f-a0b8-2dfe708f630c
      x-ms-ratelimit-remaining-subscription-writes:
      - '1199'
    status:
      code: 201
      message: Created
- request:
    body: null
    headers:
      Accept:
      - '*/*'
      Accept-Encoding:
      - gzip, deflate
      CommandName:
      - network nic create
      Connection:
      - keep-alive
      ParameterSetName:
      - -g -n --subnet --vnet-name
      User-Agent:
      - AZURECLI/2.16.0 azsdk-python-azure-mgmt-network/17.0.0 Python/3.8.6 (Windows-10-10.0.19041-SP0)
    method: GET
    uri: https://management.azure.com/subscriptions/00000000-0000-0000-0000-000000000000/providers/Microsoft.Network/locations/westus2/operations/8fe2874a-a58a-41a3-b33b-2c014d9d5f9d?api-version=2020-07-01
  response:
    body:
      string: "{\r\n  \"status\": \"Succeeded\"\r\n}"
    headers:
      cache-control:
      - no-cache
      content-length:
      - '29'
      content-type:
      - application/json; charset=utf-8
      date:
      - Mon, 21 Dec 2020 22:45:19 GMT
      expires:
      - '-1'
      pragma:
      - no-cache
      server:
      - Microsoft-HTTPAPI/2.0
      - Microsoft-HTTPAPI/2.0
      strict-transport-security:
      - max-age=31536000; includeSubDomains
      transfer-encoding:
      - chunked
      vary:
      - Accept-Encoding
      x-content-type-options:
      - nosniff
      x-ms-arm-service-request-id:
      - f8cd4fd8-4252-4251-97a0-852f3583169f
    status:
      code: 200
      message: OK
- request:
    body: null
    headers:
      Accept:
      - '*/*'
      Accept-Encoding:
      - gzip, deflate
      CommandName:
      - network nic create
      Connection:
      - keep-alive
      ParameterSetName:
      - -g -n --subnet --vnet-name
      User-Agent:
      - AZURECLI/2.16.0 azsdk-python-azure-mgmt-network/17.0.0 Python/3.8.6 (Windows-10-10.0.19041-SP0)
    method: GET
    uri: https://management.azure.com/subscriptions/00000000-0000-0000-0000-000000000000/resourceGroups/cli_test_multi_nic_vm000001/providers/Microsoft.Network/networkInterfaces/nic1?api-version=2020-07-01
  response:
    body:
      string: "{\r\n  \"name\": \"nic1\",\r\n  \"id\": \"/subscriptions/00000000-0000-0000-0000-000000000000/resourceGroups/cli_test_multi_nic_vm000001/providers/Microsoft.Network/networkInterfaces/nic1\",\r\n
        \ \"etag\": \"W/\\\"aa2c99cb-03fb-494a-a9dd-c0284b8c24c0\\\"\",\r\n  \"location\":
        \"westus2\",\r\n  \"properties\": {\r\n    \"provisioningState\": \"Succeeded\",\r\n
        \   \"resourceGuid\": \"378199ce-3e70-4978-b309-42056902e8cf\",\r\n    \"ipConfigurations\":
        [\r\n      {\r\n        \"name\": \"ipconfig1\",\r\n        \"id\": \"/subscriptions/00000000-0000-0000-0000-000000000000/resourceGroups/cli_test_multi_nic_vm000001/providers/Microsoft.Network/networkInterfaces/nic1/ipConfigurations/ipconfig1\",\r\n
        \       \"etag\": \"W/\\\"aa2c99cb-03fb-494a-a9dd-c0284b8c24c0\\\"\",\r\n
        \       \"type\": \"Microsoft.Network/networkInterfaces/ipConfigurations\",\r\n
        \       \"properties\": {\r\n          \"provisioningState\": \"Succeeded\",\r\n
        \         \"privateIPAddress\": \"10.0.0.4\",\r\n          \"privateIPAllocationMethod\":
        \"Dynamic\",\r\n          \"subnet\": {\r\n            \"id\": \"/subscriptions/00000000-0000-0000-0000-000000000000/resourceGroups/cli_test_multi_nic_vm000001/providers/Microsoft.Network/virtualNetworks/myvnet/subnets/mysubnet\"\r\n
        \         },\r\n          \"primary\": true,\r\n          \"privateIPAddressVersion\":
        \"IPv4\"\r\n        }\r\n      }\r\n    ],\r\n    \"dnsSettings\": {\r\n      \"dnsServers\":
        [],\r\n      \"appliedDnsServers\": [],\r\n      \"internalDomainNameSuffix\":
        \"a0stzr2wvciejnwtzcl3laxe2b.xx.internal.cloudapp.net\"\r\n    },\r\n    \"enableAcceleratedNetworking\":
        false,\r\n    \"enableIPForwarding\": false,\r\n    \"hostedWorkloads\": [],\r\n
        \   \"tapConfigurations\": [],\r\n    \"nicType\": \"Standard\"\r\n  },\r\n
        \ \"type\": \"Microsoft.Network/networkInterfaces\"\r\n}"
    headers:
      cache-control:
      - no-cache
      content-length:
      - '1799'
      content-type:
      - application/json; charset=utf-8
      date:
      - Mon, 21 Dec 2020 22:45:19 GMT
      etag:
      - W/"aa2c99cb-03fb-494a-a9dd-c0284b8c24c0"
      expires:
      - '-1'
      pragma:
      - no-cache
      server:
      - Microsoft-HTTPAPI/2.0
      - Microsoft-HTTPAPI/2.0
      strict-transport-security:
      - max-age=31536000; includeSubDomains
      transfer-encoding:
      - chunked
      vary:
      - Accept-Encoding
      x-content-type-options:
      - nosniff
      x-ms-arm-service-request-id:
      - 243ea54c-bab2-478e-b3b7-e75a284d8a40
    status:
      code: 200
      message: OK
- request:
    body: '{"location": "westus2", "properties": {"ipConfigurations": [{"name": "ipconfig1",
      "properties": {"privateIPAllocationMethod": "Dynamic", "privateIPAddressVersion":
      "IPv4", "subnet": {"id": "/subscriptions/00000000-0000-0000-0000-000000000000/resourceGroups/cli_test_multi_nic_vm000001/providers/Microsoft.Network/virtualNetworks/myvnet/subnets/mysubnet"}}}],
      "dnsSettings": {"dnsServers": []}, "enableIPForwarding": false}}'
    headers:
      Accept:
      - application/json
      Accept-Encoding:
      - gzip, deflate
      CommandName:
      - network nic create
      Connection:
      - keep-alive
      Content-Length:
      - '471'
      Content-Type:
      - application/json
      ParameterSetName:
      - -g -n --subnet --vnet-name
      User-Agent:
      - AZURECLI/2.16.0 azsdk-python-azure-mgmt-network/17.0.0 Python/3.8.6 (Windows-10-10.0.19041-SP0)
    method: PUT
    uri: https://management.azure.com/subscriptions/00000000-0000-0000-0000-000000000000/resourceGroups/cli_test_multi_nic_vm000001/providers/Microsoft.Network/networkInterfaces/nic2?api-version=2020-07-01
  response:
    body:
      string: "{\r\n  \"name\": \"nic2\",\r\n  \"id\": \"/subscriptions/00000000-0000-0000-0000-000000000000/resourceGroups/cli_test_multi_nic_vm000001/providers/Microsoft.Network/networkInterfaces/nic2\",\r\n
        \ \"etag\": \"W/\\\"4308bfe0-c25b-4848-9549-ea2e0ff4450f\\\"\",\r\n  \"location\":
        \"westus2\",\r\n  \"properties\": {\r\n    \"provisioningState\": \"Succeeded\",\r\n
        \   \"resourceGuid\": \"f1687d88-efa9-49d5-94f4-c496f81ea7ef\",\r\n    \"ipConfigurations\":
        [\r\n      {\r\n        \"name\": \"ipconfig1\",\r\n        \"id\": \"/subscriptions/00000000-0000-0000-0000-000000000000/resourceGroups/cli_test_multi_nic_vm000001/providers/Microsoft.Network/networkInterfaces/nic2/ipConfigurations/ipconfig1\",\r\n
        \       \"etag\": \"W/\\\"4308bfe0-c25b-4848-9549-ea2e0ff4450f\\\"\",\r\n
        \       \"type\": \"Microsoft.Network/networkInterfaces/ipConfigurations\",\r\n
        \       \"properties\": {\r\n          \"provisioningState\": \"Succeeded\",\r\n
        \         \"privateIPAddress\": \"10.0.0.5\",\r\n          \"privateIPAllocationMethod\":
        \"Dynamic\",\r\n          \"subnet\": {\r\n            \"id\": \"/subscriptions/00000000-0000-0000-0000-000000000000/resourceGroups/cli_test_multi_nic_vm000001/providers/Microsoft.Network/virtualNetworks/myvnet/subnets/mysubnet\"\r\n
        \         },\r\n          \"primary\": true,\r\n          \"privateIPAddressVersion\":
        \"IPv4\"\r\n        }\r\n      }\r\n    ],\r\n    \"dnsSettings\": {\r\n      \"dnsServers\":
        [],\r\n      \"appliedDnsServers\": [],\r\n      \"internalDomainNameSuffix\":
        \"a0stzr2wvciejnwtzcl3laxe2b.xx.internal.cloudapp.net\"\r\n    },\r\n    \"enableAcceleratedNetworking\":
        false,\r\n    \"enableIPForwarding\": false,\r\n    \"hostedWorkloads\": [],\r\n
        \   \"tapConfigurations\": [],\r\n    \"nicType\": \"Standard\"\r\n  },\r\n
        \ \"type\": \"Microsoft.Network/networkInterfaces\"\r\n}"
    headers:
      azure-asyncnotification:
      - Enabled
      azure-asyncoperation:
      - https://management.azure.com/subscriptions/00000000-0000-0000-0000-000000000000/providers/Microsoft.Network/locations/westus2/operations/5624495e-f7a2-4c0d-b8e3-e3f418c40181?api-version=2020-07-01
      cache-control:
      - no-cache
      content-length:
      - '1799'
      content-type:
      - application/json; charset=utf-8
      date:
      - Mon, 21 Dec 2020 22:45:21 GMT
      expires:
      - '-1'
      pragma:
      - no-cache
      server:
      - Microsoft-HTTPAPI/2.0
      - Microsoft-HTTPAPI/2.0
      strict-transport-security:
      - max-age=31536000; includeSubDomains
      x-content-type-options:
      - nosniff
      x-ms-arm-service-request-id:
      - 2acc4b8d-de9f-4679-a881-da37829750ca
      x-ms-ratelimit-remaining-subscription-writes:
      - '1199'
    status:
      code: 201
      message: Created
- request:
    body: null
    headers:
      Accept:
      - '*/*'
      Accept-Encoding:
      - gzip, deflate
      CommandName:
      - network nic create
      Connection:
      - keep-alive
      ParameterSetName:
      - -g -n --subnet --vnet-name
      User-Agent:
      - AZURECLI/2.16.0 azsdk-python-azure-mgmt-network/17.0.0 Python/3.8.6 (Windows-10-10.0.19041-SP0)
    method: GET
    uri: https://management.azure.com/subscriptions/00000000-0000-0000-0000-000000000000/providers/Microsoft.Network/locations/westus2/operations/5624495e-f7a2-4c0d-b8e3-e3f418c40181?api-version=2020-07-01
  response:
    body:
      string: "{\r\n  \"status\": \"Succeeded\"\r\n}"
    headers:
      cache-control:
      - no-cache
      content-length:
      - '29'
      content-type:
      - application/json; charset=utf-8
      date:
      - Mon, 21 Dec 2020 22:45:52 GMT
      expires:
      - '-1'
      pragma:
      - no-cache
      server:
      - Microsoft-HTTPAPI/2.0
      - Microsoft-HTTPAPI/2.0
      strict-transport-security:
      - max-age=31536000; includeSubDomains
      transfer-encoding:
      - chunked
      vary:
      - Accept-Encoding
      x-content-type-options:
      - nosniff
      x-ms-arm-service-request-id:
      - 88923491-bd71-4df6-ac46-3b5b7d314374
    status:
      code: 200
      message: OK
- request:
    body: null
    headers:
      Accept:
      - '*/*'
      Accept-Encoding:
      - gzip, deflate
      CommandName:
      - network nic create
      Connection:
      - keep-alive
      ParameterSetName:
      - -g -n --subnet --vnet-name
      User-Agent:
      - AZURECLI/2.16.0 azsdk-python-azure-mgmt-network/17.0.0 Python/3.8.6 (Windows-10-10.0.19041-SP0)
    method: GET
    uri: https://management.azure.com/subscriptions/00000000-0000-0000-0000-000000000000/resourceGroups/cli_test_multi_nic_vm000001/providers/Microsoft.Network/networkInterfaces/nic2?api-version=2020-07-01
  response:
    body:
      string: "{\r\n  \"name\": \"nic2\",\r\n  \"id\": \"/subscriptions/00000000-0000-0000-0000-000000000000/resourceGroups/cli_test_multi_nic_vm000001/providers/Microsoft.Network/networkInterfaces/nic2\",\r\n
        \ \"etag\": \"W/\\\"4308bfe0-c25b-4848-9549-ea2e0ff4450f\\\"\",\r\n  \"location\":
        \"westus2\",\r\n  \"properties\": {\r\n    \"provisioningState\": \"Succeeded\",\r\n
        \   \"resourceGuid\": \"f1687d88-efa9-49d5-94f4-c496f81ea7ef\",\r\n    \"ipConfigurations\":
        [\r\n      {\r\n        \"name\": \"ipconfig1\",\r\n        \"id\": \"/subscriptions/00000000-0000-0000-0000-000000000000/resourceGroups/cli_test_multi_nic_vm000001/providers/Microsoft.Network/networkInterfaces/nic2/ipConfigurations/ipconfig1\",\r\n
        \       \"etag\": \"W/\\\"4308bfe0-c25b-4848-9549-ea2e0ff4450f\\\"\",\r\n
        \       \"type\": \"Microsoft.Network/networkInterfaces/ipConfigurations\",\r\n
        \       \"properties\": {\r\n          \"provisioningState\": \"Succeeded\",\r\n
        \         \"privateIPAddress\": \"10.0.0.5\",\r\n          \"privateIPAllocationMethod\":
        \"Dynamic\",\r\n          \"subnet\": {\r\n            \"id\": \"/subscriptions/00000000-0000-0000-0000-000000000000/resourceGroups/cli_test_multi_nic_vm000001/providers/Microsoft.Network/virtualNetworks/myvnet/subnets/mysubnet\"\r\n
        \         },\r\n          \"primary\": true,\r\n          \"privateIPAddressVersion\":
        \"IPv4\"\r\n        }\r\n      }\r\n    ],\r\n    \"dnsSettings\": {\r\n      \"dnsServers\":
        [],\r\n      \"appliedDnsServers\": [],\r\n      \"internalDomainNameSuffix\":
        \"a0stzr2wvciejnwtzcl3laxe2b.xx.internal.cloudapp.net\"\r\n    },\r\n    \"enableAcceleratedNetworking\":
        false,\r\n    \"enableIPForwarding\": false,\r\n    \"hostedWorkloads\": [],\r\n
        \   \"tapConfigurations\": [],\r\n    \"nicType\": \"Standard\"\r\n  },\r\n
        \ \"type\": \"Microsoft.Network/networkInterfaces\"\r\n}"
    headers:
      cache-control:
      - no-cache
      content-length:
      - '1799'
      content-type:
      - application/json; charset=utf-8
      date:
      - Mon, 21 Dec 2020 22:45:52 GMT
      etag:
      - W/"4308bfe0-c25b-4848-9549-ea2e0ff4450f"
      expires:
      - '-1'
      pragma:
      - no-cache
      server:
      - Microsoft-HTTPAPI/2.0
      - Microsoft-HTTPAPI/2.0
      strict-transport-security:
      - max-age=31536000; includeSubDomains
      transfer-encoding:
      - chunked
      vary:
      - Accept-Encoding
      x-content-type-options:
      - nosniff
      x-ms-arm-service-request-id:
      - e9649051-882a-46d5-b3dc-23996ede2f3c
    status:
      code: 200
      message: OK
- request:
    body: '{"location": "westus2", "properties": {"ipConfigurations": [{"name": "ipconfig1",
      "properties": {"privateIPAllocationMethod": "Dynamic", "privateIPAddressVersion":
      "IPv4", "subnet": {"id": "/subscriptions/00000000-0000-0000-0000-000000000000/resourceGroups/cli_test_multi_nic_vm000001/providers/Microsoft.Network/virtualNetworks/myvnet/subnets/mysubnet"}}}],
      "dnsSettings": {"dnsServers": []}, "enableIPForwarding": false}}'
    headers:
      Accept:
      - application/json
      Accept-Encoding:
      - gzip, deflate
      CommandName:
      - network nic create
      Connection:
      - keep-alive
      Content-Length:
      - '471'
      Content-Type:
      - application/json
      ParameterSetName:
      - -g -n --subnet --vnet-name
      User-Agent:
      - AZURECLI/2.16.0 azsdk-python-azure-mgmt-network/17.0.0 Python/3.8.6 (Windows-10-10.0.19041-SP0)
    method: PUT
    uri: https://management.azure.com/subscriptions/00000000-0000-0000-0000-000000000000/resourceGroups/cli_test_multi_nic_vm000001/providers/Microsoft.Network/networkInterfaces/nic3?api-version=2020-07-01
  response:
    body:
      string: "{\r\n  \"name\": \"nic3\",\r\n  \"id\": \"/subscriptions/00000000-0000-0000-0000-000000000000/resourceGroups/cli_test_multi_nic_vm000001/providers/Microsoft.Network/networkInterfaces/nic3\",\r\n
        \ \"etag\": \"W/\\\"618c1430-c4ad-4715-af4b-df665413d81e\\\"\",\r\n  \"location\":
        \"westus2\",\r\n  \"properties\": {\r\n    \"provisioningState\": \"Succeeded\",\r\n
        \   \"resourceGuid\": \"12a431db-091c-4d93-9d91-4c4e6732ee43\",\r\n    \"ipConfigurations\":
        [\r\n      {\r\n        \"name\": \"ipconfig1\",\r\n        \"id\": \"/subscriptions/00000000-0000-0000-0000-000000000000/resourceGroups/cli_test_multi_nic_vm000001/providers/Microsoft.Network/networkInterfaces/nic3/ipConfigurations/ipconfig1\",\r\n
        \       \"etag\": \"W/\\\"618c1430-c4ad-4715-af4b-df665413d81e\\\"\",\r\n
        \       \"type\": \"Microsoft.Network/networkInterfaces/ipConfigurations\",\r\n
        \       \"properties\": {\r\n          \"provisioningState\": \"Succeeded\",\r\n
        \         \"privateIPAddress\": \"10.0.0.6\",\r\n          \"privateIPAllocationMethod\":
        \"Dynamic\",\r\n          \"subnet\": {\r\n            \"id\": \"/subscriptions/00000000-0000-0000-0000-000000000000/resourceGroups/cli_test_multi_nic_vm000001/providers/Microsoft.Network/virtualNetworks/myvnet/subnets/mysubnet\"\r\n
        \         },\r\n          \"primary\": true,\r\n          \"privateIPAddressVersion\":
        \"IPv4\"\r\n        }\r\n      }\r\n    ],\r\n    \"dnsSettings\": {\r\n      \"dnsServers\":
        [],\r\n      \"appliedDnsServers\": [],\r\n      \"internalDomainNameSuffix\":
        \"a0stzr2wvciejnwtzcl3laxe2b.xx.internal.cloudapp.net\"\r\n    },\r\n    \"enableAcceleratedNetworking\":
        false,\r\n    \"enableIPForwarding\": false,\r\n    \"hostedWorkloads\": [],\r\n
        \   \"tapConfigurations\": [],\r\n    \"nicType\": \"Standard\"\r\n  },\r\n
        \ \"type\": \"Microsoft.Network/networkInterfaces\"\r\n}"
    headers:
      azure-asyncnotification:
      - Enabled
      azure-asyncoperation:
      - https://management.azure.com/subscriptions/00000000-0000-0000-0000-000000000000/providers/Microsoft.Network/locations/westus2/operations/6877168d-2a1e-4ca6-b2ca-9989b016be92?api-version=2020-07-01
      cache-control:
      - no-cache
      content-length:
      - '1799'
      content-type:
      - application/json; charset=utf-8
      date:
      - Mon, 21 Dec 2020 22:45:54 GMT
      expires:
      - '-1'
      pragma:
      - no-cache
      server:
      - Microsoft-HTTPAPI/2.0
      - Microsoft-HTTPAPI/2.0
      strict-transport-security:
      - max-age=31536000; includeSubDomains
      x-content-type-options:
      - nosniff
      x-ms-arm-service-request-id:
      - 60947535-97eb-48ef-9c6a-73b24fb45fb0
      x-ms-ratelimit-remaining-subscription-writes:
      - '1198'
    status:
      code: 201
      message: Created
- request:
    body: null
    headers:
      Accept:
      - '*/*'
      Accept-Encoding:
      - gzip, deflate
      CommandName:
      - network nic create
      Connection:
      - keep-alive
      ParameterSetName:
      - -g -n --subnet --vnet-name
      User-Agent:
      - AZURECLI/2.16.0 azsdk-python-azure-mgmt-network/17.0.0 Python/3.8.6 (Windows-10-10.0.19041-SP0)
    method: GET
    uri: https://management.azure.com/subscriptions/00000000-0000-0000-0000-000000000000/providers/Microsoft.Network/locations/westus2/operations/6877168d-2a1e-4ca6-b2ca-9989b016be92?api-version=2020-07-01
  response:
    body:
      string: "{\r\n  \"status\": \"Succeeded\"\r\n}"
    headers:
      cache-control:
      - no-cache
      content-length:
      - '29'
      content-type:
      - application/json; charset=utf-8
      date:
      - Mon, 21 Dec 2020 22:46:24 GMT
      expires:
      - '-1'
      pragma:
      - no-cache
      server:
      - Microsoft-HTTPAPI/2.0
      - Microsoft-HTTPAPI/2.0
      strict-transport-security:
      - max-age=31536000; includeSubDomains
      transfer-encoding:
      - chunked
      vary:
      - Accept-Encoding
      x-content-type-options:
      - nosniff
      x-ms-arm-service-request-id:
      - d42b7054-0676-4c5d-8dd0-c77f5359c6ee
    status:
      code: 200
      message: OK
- request:
    body: null
    headers:
      Accept:
      - '*/*'
      Accept-Encoding:
      - gzip, deflate
      CommandName:
      - network nic create
      Connection:
      - keep-alive
      ParameterSetName:
      - -g -n --subnet --vnet-name
      User-Agent:
      - AZURECLI/2.16.0 azsdk-python-azure-mgmt-network/17.0.0 Python/3.8.6 (Windows-10-10.0.19041-SP0)
    method: GET
    uri: https://management.azure.com/subscriptions/00000000-0000-0000-0000-000000000000/resourceGroups/cli_test_multi_nic_vm000001/providers/Microsoft.Network/networkInterfaces/nic3?api-version=2020-07-01
  response:
    body:
      string: "{\r\n  \"name\": \"nic3\",\r\n  \"id\": \"/subscriptions/00000000-0000-0000-0000-000000000000/resourceGroups/cli_test_multi_nic_vm000001/providers/Microsoft.Network/networkInterfaces/nic3\",\r\n
        \ \"etag\": \"W/\\\"618c1430-c4ad-4715-af4b-df665413d81e\\\"\",\r\n  \"location\":
        \"westus2\",\r\n  \"properties\": {\r\n    \"provisioningState\": \"Succeeded\",\r\n
        \   \"resourceGuid\": \"12a431db-091c-4d93-9d91-4c4e6732ee43\",\r\n    \"ipConfigurations\":
        [\r\n      {\r\n        \"name\": \"ipconfig1\",\r\n        \"id\": \"/subscriptions/00000000-0000-0000-0000-000000000000/resourceGroups/cli_test_multi_nic_vm000001/providers/Microsoft.Network/networkInterfaces/nic3/ipConfigurations/ipconfig1\",\r\n
        \       \"etag\": \"W/\\\"618c1430-c4ad-4715-af4b-df665413d81e\\\"\",\r\n
        \       \"type\": \"Microsoft.Network/networkInterfaces/ipConfigurations\",\r\n
        \       \"properties\": {\r\n          \"provisioningState\": \"Succeeded\",\r\n
        \         \"privateIPAddress\": \"10.0.0.6\",\r\n          \"privateIPAllocationMethod\":
        \"Dynamic\",\r\n          \"subnet\": {\r\n            \"id\": \"/subscriptions/00000000-0000-0000-0000-000000000000/resourceGroups/cli_test_multi_nic_vm000001/providers/Microsoft.Network/virtualNetworks/myvnet/subnets/mysubnet\"\r\n
        \         },\r\n          \"primary\": true,\r\n          \"privateIPAddressVersion\":
        \"IPv4\"\r\n        }\r\n      }\r\n    ],\r\n    \"dnsSettings\": {\r\n      \"dnsServers\":
        [],\r\n      \"appliedDnsServers\": [],\r\n      \"internalDomainNameSuffix\":
        \"a0stzr2wvciejnwtzcl3laxe2b.xx.internal.cloudapp.net\"\r\n    },\r\n    \"enableAcceleratedNetworking\":
        false,\r\n    \"enableIPForwarding\": false,\r\n    \"hostedWorkloads\": [],\r\n
        \   \"tapConfigurations\": [],\r\n    \"nicType\": \"Standard\"\r\n  },\r\n
        \ \"type\": \"Microsoft.Network/networkInterfaces\"\r\n}"
    headers:
      cache-control:
      - no-cache
      content-length:
      - '1799'
      content-type:
      - application/json; charset=utf-8
      date:
      - Mon, 21 Dec 2020 22:46:24 GMT
      etag:
      - W/"618c1430-c4ad-4715-af4b-df665413d81e"
      expires:
      - '-1'
      pragma:
      - no-cache
      server:
      - Microsoft-HTTPAPI/2.0
      - Microsoft-HTTPAPI/2.0
      strict-transport-security:
      - max-age=31536000; includeSubDomains
      transfer-encoding:
      - chunked
      vary:
      - Accept-Encoding
      x-content-type-options:
      - nosniff
      x-ms-arm-service-request-id:
      - d20f061e-4a27-4c8b-b110-140b139e899e
    status:
      code: 200
      message: OK
- request:
    body: '{"location": "westus2", "properties": {"ipConfigurations": [{"name": "ipconfig1",
      "properties": {"privateIPAllocationMethod": "Dynamic", "privateIPAddressVersion":
      "IPv4", "subnet": {"id": "/subscriptions/00000000-0000-0000-0000-000000000000/resourceGroups/cli_test_multi_nic_vm000001/providers/Microsoft.Network/virtualNetworks/myvnet/subnets/mysubnet"}}}],
      "dnsSettings": {"dnsServers": []}, "enableIPForwarding": false}}'
    headers:
      Accept:
      - application/json
      Accept-Encoding:
      - gzip, deflate
      CommandName:
      - network nic create
      Connection:
      - keep-alive
      Content-Length:
      - '471'
      Content-Type:
      - application/json
      ParameterSetName:
      - -g -n --subnet --vnet-name
      User-Agent:
      - AZURECLI/2.16.0 azsdk-python-azure-mgmt-network/17.0.0 Python/3.8.6 (Windows-10-10.0.19041-SP0)
    method: PUT
    uri: https://management.azure.com/subscriptions/00000000-0000-0000-0000-000000000000/resourceGroups/cli_test_multi_nic_vm000001/providers/Microsoft.Network/networkInterfaces/nic4?api-version=2020-07-01
  response:
    body:
      string: "{\r\n  \"name\": \"nic4\",\r\n  \"id\": \"/subscriptions/00000000-0000-0000-0000-000000000000/resourceGroups/cli_test_multi_nic_vm000001/providers/Microsoft.Network/networkInterfaces/nic4\",\r\n
        \ \"etag\": \"W/\\\"4f6366bd-ddfc-41e8-865f-7f93cb68f128\\\"\",\r\n  \"location\":
        \"westus2\",\r\n  \"properties\": {\r\n    \"provisioningState\": \"Succeeded\",\r\n
        \   \"resourceGuid\": \"8d584f96-ff2e-4219-8a38-078020e2a5b4\",\r\n    \"ipConfigurations\":
        [\r\n      {\r\n        \"name\": \"ipconfig1\",\r\n        \"id\": \"/subscriptions/00000000-0000-0000-0000-000000000000/resourceGroups/cli_test_multi_nic_vm000001/providers/Microsoft.Network/networkInterfaces/nic4/ipConfigurations/ipconfig1\",\r\n
        \       \"etag\": \"W/\\\"4f6366bd-ddfc-41e8-865f-7f93cb68f128\\\"\",\r\n
        \       \"type\": \"Microsoft.Network/networkInterfaces/ipConfigurations\",\r\n
        \       \"properties\": {\r\n          \"provisioningState\": \"Succeeded\",\r\n
        \         \"privateIPAddress\": \"10.0.0.7\",\r\n          \"privateIPAllocationMethod\":
        \"Dynamic\",\r\n          \"subnet\": {\r\n            \"id\": \"/subscriptions/00000000-0000-0000-0000-000000000000/resourceGroups/cli_test_multi_nic_vm000001/providers/Microsoft.Network/virtualNetworks/myvnet/subnets/mysubnet\"\r\n
        \         },\r\n          \"primary\": true,\r\n          \"privateIPAddressVersion\":
        \"IPv4\"\r\n        }\r\n      }\r\n    ],\r\n    \"dnsSettings\": {\r\n      \"dnsServers\":
        [],\r\n      \"appliedDnsServers\": [],\r\n      \"internalDomainNameSuffix\":
        \"a0stzr2wvciejnwtzcl3laxe2b.xx.internal.cloudapp.net\"\r\n    },\r\n    \"enableAcceleratedNetworking\":
        false,\r\n    \"enableIPForwarding\": false,\r\n    \"hostedWorkloads\": [],\r\n
        \   \"tapConfigurations\": [],\r\n    \"nicType\": \"Standard\"\r\n  },\r\n
        \ \"type\": \"Microsoft.Network/networkInterfaces\"\r\n}"
    headers:
      azure-asyncnotification:
      - Enabled
      azure-asyncoperation:
      - https://management.azure.com/subscriptions/00000000-0000-0000-0000-000000000000/providers/Microsoft.Network/locations/westus2/operations/79a2ac53-ecbd-4917-a634-0d97511f2bed?api-version=2020-07-01
      cache-control:
      - no-cache
      content-length:
      - '1799'
      content-type:
      - application/json; charset=utf-8
      date:
      - Mon, 21 Dec 2020 22:46:26 GMT
      expires:
      - '-1'
      pragma:
      - no-cache
      server:
      - Microsoft-HTTPAPI/2.0
      - Microsoft-HTTPAPI/2.0
      strict-transport-security:
      - max-age=31536000; includeSubDomains
      x-content-type-options:
      - nosniff
      x-ms-arm-service-request-id:
      - d585bc24-eae7-4cfe-b432-5bfe4f41fefe
      x-ms-ratelimit-remaining-subscription-writes:
      - '1198'
    status:
      code: 201
      message: Created
- request:
    body: null
    headers:
      Accept:
      - '*/*'
      Accept-Encoding:
      - gzip, deflate
      CommandName:
      - network nic create
      Connection:
      - keep-alive
      ParameterSetName:
      - -g -n --subnet --vnet-name
      User-Agent:
      - AZURECLI/2.16.0 azsdk-python-azure-mgmt-network/17.0.0 Python/3.8.6 (Windows-10-10.0.19041-SP0)
    method: GET
    uri: https://management.azure.com/subscriptions/00000000-0000-0000-0000-000000000000/providers/Microsoft.Network/locations/westus2/operations/79a2ac53-ecbd-4917-a634-0d97511f2bed?api-version=2020-07-01
  response:
    body:
      string: "{\r\n  \"status\": \"Succeeded\"\r\n}"
    headers:
      cache-control:
      - no-cache
      content-length:
      - '29'
      content-type:
      - application/json; charset=utf-8
      date:
      - Mon, 21 Dec 2020 22:46:57 GMT
      expires:
      - '-1'
      pragma:
      - no-cache
      server:
      - Microsoft-HTTPAPI/2.0
      - Microsoft-HTTPAPI/2.0
      strict-transport-security:
      - max-age=31536000; includeSubDomains
      transfer-encoding:
      - chunked
      vary:
      - Accept-Encoding
      x-content-type-options:
      - nosniff
      x-ms-arm-service-request-id:
      - 0bec1fe8-0e34-4f01-ac80-04ac9a02c83e
    status:
      code: 200
      message: OK
- request:
    body: null
    headers:
      Accept:
      - '*/*'
      Accept-Encoding:
      - gzip, deflate
      CommandName:
      - network nic create
      Connection:
      - keep-alive
      ParameterSetName:
      - -g -n --subnet --vnet-name
      User-Agent:
      - AZURECLI/2.16.0 azsdk-python-azure-mgmt-network/17.0.0 Python/3.8.6 (Windows-10-10.0.19041-SP0)
    method: GET
    uri: https://management.azure.com/subscriptions/00000000-0000-0000-0000-000000000000/resourceGroups/cli_test_multi_nic_vm000001/providers/Microsoft.Network/networkInterfaces/nic4?api-version=2020-07-01
  response:
    body:
      string: "{\r\n  \"name\": \"nic4\",\r\n  \"id\": \"/subscriptions/00000000-0000-0000-0000-000000000000/resourceGroups/cli_test_multi_nic_vm000001/providers/Microsoft.Network/networkInterfaces/nic4\",\r\n
        \ \"etag\": \"W/\\\"4f6366bd-ddfc-41e8-865f-7f93cb68f128\\\"\",\r\n  \"location\":
        \"westus2\",\r\n  \"properties\": {\r\n    \"provisioningState\": \"Succeeded\",\r\n
        \   \"resourceGuid\": \"8d584f96-ff2e-4219-8a38-078020e2a5b4\",\r\n    \"ipConfigurations\":
        [\r\n      {\r\n        \"name\": \"ipconfig1\",\r\n        \"id\": \"/subscriptions/00000000-0000-0000-0000-000000000000/resourceGroups/cli_test_multi_nic_vm000001/providers/Microsoft.Network/networkInterfaces/nic4/ipConfigurations/ipconfig1\",\r\n
        \       \"etag\": \"W/\\\"4f6366bd-ddfc-41e8-865f-7f93cb68f128\\\"\",\r\n
        \       \"type\": \"Microsoft.Network/networkInterfaces/ipConfigurations\",\r\n
        \       \"properties\": {\r\n          \"provisioningState\": \"Succeeded\",\r\n
        \         \"privateIPAddress\": \"10.0.0.7\",\r\n          \"privateIPAllocationMethod\":
        \"Dynamic\",\r\n          \"subnet\": {\r\n            \"id\": \"/subscriptions/00000000-0000-0000-0000-000000000000/resourceGroups/cli_test_multi_nic_vm000001/providers/Microsoft.Network/virtualNetworks/myvnet/subnets/mysubnet\"\r\n
        \         },\r\n          \"primary\": true,\r\n          \"privateIPAddressVersion\":
        \"IPv4\"\r\n        }\r\n      }\r\n    ],\r\n    \"dnsSettings\": {\r\n      \"dnsServers\":
        [],\r\n      \"appliedDnsServers\": [],\r\n      \"internalDomainNameSuffix\":
        \"a0stzr2wvciejnwtzcl3laxe2b.xx.internal.cloudapp.net\"\r\n    },\r\n    \"enableAcceleratedNetworking\":
        false,\r\n    \"enableIPForwarding\": false,\r\n    \"hostedWorkloads\": [],\r\n
        \   \"tapConfigurations\": [],\r\n    \"nicType\": \"Standard\"\r\n  },\r\n
        \ \"type\": \"Microsoft.Network/networkInterfaces\"\r\n}"
    headers:
      cache-control:
      - no-cache
      content-length:
      - '1799'
      content-type:
      - application/json; charset=utf-8
      date:
      - Mon, 21 Dec 2020 22:46:57 GMT
      etag:
      - W/"4f6366bd-ddfc-41e8-865f-7f93cb68f128"
      expires:
      - '-1'
      pragma:
      - no-cache
      server:
      - Microsoft-HTTPAPI/2.0
      - Microsoft-HTTPAPI/2.0
      strict-transport-security:
      - max-age=31536000; includeSubDomains
      transfer-encoding:
      - chunked
      vary:
      - Accept-Encoding
      x-content-type-options:
      - nosniff
      x-ms-arm-service-request-id:
      - 9390eea8-c36e-46a3-910b-8c474ed3eff3
    status:
      code: 200
      message: OK
- request:
    body: null
    headers:
      Accept:
      - '*/*'
      Accept-Encoding:
      - gzip, deflate
      Connection:
      - keep-alive
      User-Agent:
      - python-requests/2.22.0
    method: GET
    uri: https://raw.githubusercontent.com/Azure/azure-rest-api-specs/master/arm-compute/quickstart-templates/aliases.json
  response:
    body:
      string: "{\n  \"$schema\": \"http://schema.management.azure.com/schemas/2015-01-01/deploymentTemplate.json\",\n
        \ \"contentVersion\": \"1.0.0.0\",\n  \"parameters\": {},\n  \"variables\":
        {},\n  \"resources\": [],\n  \"outputs\": {\n    \"aliases\": {\n      \"type\":
        \"object\",\n      \"value\": {\n        \"Linux\": {\n          \"CentOS\":
        {\n            \"publisher\": \"OpenLogic\",\n            \"offer\": \"CentOS\",\n
        \           \"sku\": \"7.5\",\n            \"version\": \"latest\"\n          },\n
        \         \"CoreOS\": {\n            \"publisher\": \"CoreOS\",\n            \"offer\":
        \"CoreOS\",\n            \"sku\": \"Stable\",\n            \"version\": \"latest\"\n
        \         },\n          \"Debian\": {\n            \"publisher\": \"Debian\",\n
        \           \"offer\": \"debian-10\",\n            \"sku\": \"10\",\n            \"version\":
        \"latest\"\n          },\n          \"openSUSE-Leap\": {\n            \"publisher\":
        \"SUSE\",\n            \"offer\": \"openSUSE-Leap\",\n            \"sku\":
        \"42.3\",\n            \"version\": \"latest\"\n          },\n          \"RHEL\":
        {\n            \"publisher\": \"RedHat\",\n            \"offer\": \"RHEL\",\n
        \           \"sku\": \"7-LVM\",\n            \"version\": \"latest\"\n          },\n
        \         \"SLES\": {\n            \"publisher\": \"SUSE\",\n            \"offer\":
        \"SLES\",\n            \"sku\": \"15\",\n            \"version\": \"latest\"\n
        \         },\n          \"UbuntuLTS\": {\n            \"publisher\": \"Canonical\",\n
        \           \"offer\": \"UbuntuServer\",\n            \"sku\": \"18.04-LTS\",\n
        \           \"version\": \"latest\"\n          }\n        },\n        \"Windows\":
        {\n          \"Win2019Datacenter\": {\n            \"publisher\": \"MicrosoftWindowsServer\",\n
        \           \"offer\": \"WindowsServer\",\n            \"sku\": \"2019-Datacenter\",\n
        \           \"version\": \"latest\"\n          },\n          \"Win2016Datacenter\":
        {\n            \"publisher\": \"MicrosoftWindowsServer\",\n            \"offer\":
        \"WindowsServer\",\n            \"sku\": \"2016-Datacenter\",\n            \"version\":
        \"latest\"\n          },\n          \"Win2012R2Datacenter\": {\n            \"publisher\":
        \"MicrosoftWindowsServer\",\n            \"offer\": \"WindowsServer\",\n            \"sku\":
        \"2012-R2-Datacenter\",\n            \"version\": \"latest\"\n          },\n
        \         \"Win2012Datacenter\": {\n            \"publisher\": \"MicrosoftWindowsServer\",\n
        \           \"offer\": \"WindowsServer\",\n            \"sku\": \"2012-Datacenter\",\n
        \           \"version\": \"latest\"\n          },\n          \"Win2008R2SP1\":
        {\n            \"publisher\": \"MicrosoftWindowsServer\",\n            \"offer\":
        \"WindowsServer\",\n            \"sku\": \"2008-R2-SP1\",\n            \"version\":
        \"latest\"\n          }\n        }\n      }\n    }\n  }\n}\n"
    headers:
      accept-ranges:
      - bytes
      access-control-allow-origin:
      - '*'
      cache-control:
      - max-age=300
      connection:
      - keep-alive
      content-length:
      - '2501'
      content-security-policy:
      - default-src 'none'; style-src 'unsafe-inline'; sandbox
      content-type:
      - text/plain; charset=utf-8
      date:
      - Mon, 21 Dec 2020 22:46:58 GMT
      etag:
      - W/"540044b4084c3c314537f1baa1770f248628b2bc9ba0328f1004c33862e049da"
      expires:
      - Mon, 21 Dec 2020 22:51:58 GMT
      source-age:
      - '0'
      strict-transport-security:
      - max-age=31536000
      vary:
      - Authorization,Accept-Encoding
      via:
      - 1.1 varnish (Varnish/6.0), 1.1 varnish
      x-cache:
      - HIT, HIT
      x-cache-hits:
      - 1, 1
      x-content-type-options:
      - nosniff
      x-fastly-request-id:
      - d070adf5a6395f2e6ee957d7814d75d1d9129eef
      x-frame-options:
      - deny
      x-github-request-id:
      - F674:4F30:251B2D:2A5BD7:5FE0F4BF
      x-served-by:
      - cache-mia11379-MIA
      x-timer:
      - S1608590818.870944,VS0,VE152
      x-xss-protection:
      - 1; mode=block
    status:
      code: 200
      message: OK
- request:
    body: '{"properties": {"template": {"$schema": "https://schema.management.azure.com/schemas/2015-01-01/deploymentTemplate.json#",
      "contentVersion": "1.0.0.0", "parameters": {}, "variables": {}, "resources":
      [{"apiVersion": "2020-06-01", "type": "Microsoft.Compute/virtualMachines", "name":
      "multinicvm1", "location": "westus2", "tags": {}, "dependsOn": [], "properties":
      {"hardwareProfile": {"vmSize": "Standard_DS3_v2"}, "networkProfile": {"networkInterfaces":
      [{"id": "/subscriptions/00000000-0000-0000-0000-000000000000/resourceGroups/cli_test_multi_nic_vm000001/providers/Microsoft.Network/networkInterfaces/nic1",
      "properties": {"primary": true}}, {"id": "/subscriptions/00000000-0000-0000-0000-000000000000/resourceGroups/cli_test_multi_nic_vm000001/providers/Microsoft.Network/networkInterfaces/nic2",
      "properties": {"primary": false}}, {"id": "/subscriptions/00000000-0000-0000-0000-000000000000/resourceGroups/cli_test_multi_nic_vm000001/providers/Microsoft.Network/networkInterfaces/nic3",
      "properties": {"primary": false}}, {"id": "/subscriptions/00000000-0000-0000-0000-000000000000/resourceGroups/cli_test_multi_nic_vm000001/providers/Microsoft.Network/networkInterfaces/nic4",
      "properties": {"primary": false}}]}, "storageProfile": {"osDisk": {"createOption":
      "fromImage", "name": null, "caching": "ReadWrite", "managedDisk": {"storageAccountType":
      null}}, "imageReference": {"publisher": "Canonical", "offer": "UbuntuServer",
      "sku": "18.04-LTS", "version": "latest"}}, "osProfile": {"computerName": "multinicvm1",
      "adminUsername": "user11", "linuxConfiguration": {"disablePasswordAuthentication":
      true, "ssh": {"publicKeys": [{"keyData": "ssh-rsa AAAAB3NzaC1yc2EAAAADAQABAAACAQCbIg1guRHbI0lV11wWDt1r2cUdcNd27CJsg+SfgC7miZeubtwUhbsPdhMQsfDyhOWHq1+ZL0M+nJZV63d/1dhmhtgyOqejUwrPlzKhydsbrsdUor+JmNJDdW01v7BXHyuymT8G4s09jCasNOwiufbP/qp72ruu0bIA1nySsvlf9pCQAuFkAnVnf/rFhUlOkhtRpwcq8SUNY2zRHR/EKb/4NWY1JzR4sa3q2fWIJdrrX0DvLoa5g9bIEd4Df79ba7v+yiUBOS0zT2ll+z4g9izHK3EO5d8hL4jYxcjKs+wcslSYRWrascfscLgMlMGh0CdKeNTDjHpGPncaf3Z+FwwwjWeuiNBxv7bJo13/8B/098KlVDl4GZqsoBCEjPyJfV6hO0y/LkRGkk7oHWKgeWAfKtfLItRp00eZ4fcJNK9kCaSMmEugoZWcI7NGbZXzqFWqbpRI7NcDP9+WIQ+i9U5vqWsqd/zng4kbuAJ6UuKqIzB0upYrLShfQE3SAck8oaLhJqqq56VfDuASNpJKidV+zq27HfSBmbXnkR/5AK337dc3MXKJypoK/QPMLKUAP5XLPbs+NddJQV7EZXd29DLgp+fRIg3edpKdO7ZErWhv7d+3Kws+e1Y+ypmR2WIVSwVyBEUfgv2C8Ts9gnTF4pNcEY/S2aBicz5Ew2+jdyGNQQ==
      test@example.com\n", "path": "/home/user11/.ssh/authorized_keys"}]}}}}}], "outputs":
      {}}, "parameters": {}, "mode": "Incremental"}}'
    headers:
      Accept:
      - application/json
      Accept-Encoding:
      - gzip, deflate
      CommandName:
      - vm create
      Connection:
      - keep-alive
      Content-Length:
      - '2695'
      Content-Type:
      - application/json; charset=utf-8
      ParameterSetName:
      - -g -n --image --nics --admin-username --size --ssh-key-value
      User-Agent:
      - python/3.8.6 (Windows-10-10.0.19041-SP0) msrest/0.6.18 msrest_azure/0.6.3
        azure-mgmt-resource/12.0.0 Azure-SDK-For-Python AZURECLI/2.16.0
      accept-language:
      - en-US
    method: PUT
    uri: https://management.azure.com/subscriptions/00000000-0000-0000-0000-000000000000/resourcegroups/cli_test_multi_nic_vm000001/providers/Microsoft.Resources/deployments/mock-deployment?api-version=2020-10-01
  response:
    body:
      string: '{"id":"/subscriptions/00000000-0000-0000-0000-000000000000/resourceGroups/cli_test_multi_nic_vm000001/providers/Microsoft.Resources/deployments/vm_deploy_2CZnKOFINUKZMF4bZcDmaYWHgyX2Up11","name":"vm_deploy_2CZnKOFINUKZMF4bZcDmaYWHgyX2Up11","type":"Microsoft.Resources/deployments","properties":{"templateHash":"438861139564584574","parameters":{},"mode":"Incremental","provisioningState":"Accepted","timestamp":"2020-12-21T22:46:59.4102329Z","duration":"PT0.6156315S","correlationId":"bd160238-e0d8-443b-b2ea-bf676bdd340f","providers":[{"namespace":"Microsoft.Compute","resourceTypes":[{"resourceType":"virtualMachines","locations":["westus2"]}]}],"dependencies":[]}}'
    headers:
      azure-asyncoperation:
      - https://management.azure.com/subscriptions/00000000-0000-0000-0000-000000000000/resourcegroups/cli_test_multi_nic_vm000001/providers/Microsoft.Resources/deployments/vm_deploy_2CZnKOFINUKZMF4bZcDmaYWHgyX2Up11/operationStatuses/08585930160666830111?api-version=2020-10-01
      cache-control:
      - no-cache
      content-length:
      - '715'
      content-type:
      - application/json; charset=utf-8
      date:
      - Mon, 21 Dec 2020 22:46:59 GMT
      expires:
      - '-1'
      pragma:
      - no-cache
      strict-transport-security:
      - max-age=31536000; includeSubDomains
      x-content-type-options:
      - nosniff
      x-ms-ratelimit-remaining-subscription-writes:
      - '1198'
    status:
      code: 201
      message: Created
- request:
    body: null
    headers:
      Accept:
      - application/json
      Accept-Encoding:
      - gzip, deflate
      CommandName:
      - vm create
      Connection:
      - keep-alive
      ParameterSetName:
      - -g -n --image --nics --admin-username --size --ssh-key-value
      User-Agent:
      - python/3.8.6 (Windows-10-10.0.19041-SP0) msrest/0.6.18 msrest_azure/0.6.3
        azure-mgmt-resource/12.0.0 Azure-SDK-For-Python AZURECLI/2.16.0
    method: GET
    uri: https://management.azure.com/subscriptions/00000000-0000-0000-0000-000000000000/resourcegroups/cli_test_multi_nic_vm000001/providers/Microsoft.Resources/deployments/mock-deployment/operationStatuses/08585930160666830111?api-version=2020-10-01
  response:
    body:
      string: '{"status":"Running"}'
    headers:
      cache-control:
      - no-cache
      content-length:
      - '20'
      content-type:
      - application/json; charset=utf-8
      date:
      - Mon, 21 Dec 2020 22:47:29 GMT
      expires:
      - '-1'
      pragma:
      - no-cache
      strict-transport-security:
      - max-age=31536000; includeSubDomains
      vary:
      - Accept-Encoding
      x-content-type-options:
      - nosniff
    status:
      code: 200
      message: OK
- request:
    body: null
    headers:
      Accept:
      - application/json
      Accept-Encoding:
      - gzip, deflate
      CommandName:
      - vm create
      Connection:
      - keep-alive
      ParameterSetName:
      - -g -n --image --nics --admin-username --size --ssh-key-value
      User-Agent:
      - python/3.8.6 (Windows-10-10.0.19041-SP0) msrest/0.6.18 msrest_azure/0.6.3
        azure-mgmt-resource/12.0.0 Azure-SDK-For-Python AZURECLI/2.16.0
    method: GET
    uri: https://management.azure.com/subscriptions/00000000-0000-0000-0000-000000000000/resourcegroups/cli_test_multi_nic_vm000001/providers/Microsoft.Resources/deployments/mock-deployment/operationStatuses/08585930160666830111?api-version=2020-10-01
  response:
    body:
      string: '{"status":"Succeeded"}'
    headers:
      cache-control:
      - no-cache
      content-length:
      - '22'
      content-type:
      - application/json; charset=utf-8
      date:
      - Mon, 21 Dec 2020 22:48:00 GMT
      expires:
      - '-1'
      pragma:
      - no-cache
      strict-transport-security:
      - max-age=31536000; includeSubDomains
      vary:
      - Accept-Encoding
      x-content-type-options:
      - nosniff
    status:
      code: 200
      message: OK
- request:
    body: null
    headers:
      Accept:
      - application/json
      Accept-Encoding:
      - gzip, deflate
      CommandName:
      - vm create
      Connection:
      - keep-alive
      ParameterSetName:
      - -g -n --image --nics --admin-username --size --ssh-key-value
      User-Agent:
      - python/3.8.6 (Windows-10-10.0.19041-SP0) msrest/0.6.18 msrest_azure/0.6.3
        azure-mgmt-resource/12.0.0 Azure-SDK-For-Python AZURECLI/2.16.0
    method: GET
    uri: https://management.azure.com/subscriptions/00000000-0000-0000-0000-000000000000/resourcegroups/cli_test_multi_nic_vm000001/providers/Microsoft.Resources/deployments/mock-deployment?api-version=2020-10-01
  response:
    body:
      string: '{"id":"/subscriptions/00000000-0000-0000-0000-000000000000/resourceGroups/cli_test_multi_nic_vm000001/providers/Microsoft.Resources/deployments/vm_deploy_2CZnKOFINUKZMF4bZcDmaYWHgyX2Up11","name":"vm_deploy_2CZnKOFINUKZMF4bZcDmaYWHgyX2Up11","type":"Microsoft.Resources/deployments","properties":{"templateHash":"438861139564584574","parameters":{},"mode":"Incremental","provisioningState":"Succeeded","timestamp":"2020-12-21T22:47:44.9165322Z","duration":"PT46.1219308S","correlationId":"bd160238-e0d8-443b-b2ea-bf676bdd340f","providers":[{"namespace":"Microsoft.Compute","resourceTypes":[{"resourceType":"virtualMachines","locations":["westus2"]}]}],"dependencies":[],"outputs":{},"outputResources":[{"id":"/subscriptions/00000000-0000-0000-0000-000000000000/resourceGroups/cli_test_multi_nic_vm000001/providers/Microsoft.Compute/virtualMachines/multinicvm1"}]}}'
    headers:
      cache-control:
      - no-cache
      content-length:
      - '958'
      content-type:
      - application/json; charset=utf-8
      date:
      - Mon, 21 Dec 2020 22:48:00 GMT
      expires:
      - '-1'
      pragma:
      - no-cache
      strict-transport-security:
      - max-age=31536000; includeSubDomains
      vary:
      - Accept-Encoding
      x-content-type-options:
      - nosniff
    status:
      code: 200
      message: OK
- request:
    body: null
    headers:
      Accept:
      - application/json
      Accept-Encoding:
      - gzip, deflate
      CommandName:
      - vm create
      Connection:
      - keep-alive
      ParameterSetName:
      - -g -n --image --nics --admin-username --size --ssh-key-value
      User-Agent:
      - AZURECLI/2.16.0 azsdk-python-azure-mgmt-compute/18.0.0 Python/3.8.6 (Windows-10-10.0.19041-SP0)
    method: GET
    uri: https://management.azure.com/subscriptions/00000000-0000-0000-0000-000000000000/resourceGroups/cli_test_multi_nic_vm000001/providers/Microsoft.Compute/virtualMachines/multinicvm1?$expand=instanceView&api-version=2020-06-01
  response:
    body:
      string: "{\r\n  \"name\": \"multinicvm1\",\r\n  \"id\": \"/subscriptions/00000000-0000-0000-0000-000000000000/resourceGroups/cli_test_multi_nic_vm000001/providers/Microsoft.Compute/virtualMachines/multinicvm1\",\r\n
        \ \"type\": \"Microsoft.Compute/virtualMachines\",\r\n  \"location\": \"westus2\",\r\n
        \ \"tags\": {},\r\n  \"properties\": {\r\n    \"vmId\": \"73234d6e-1665-4fe2-874c-4ece94bfb6b0\",\r\n
        \   \"hardwareProfile\": {\r\n      \"vmSize\": \"Standard_DS3_v2\"\r\n    },\r\n
        \   \"storageProfile\": {\r\n      \"imageReference\": {\r\n        \"publisher\":
        \"Canonical\",\r\n        \"offer\": \"UbuntuServer\",\r\n        \"sku\":
        \"18.04-LTS\",\r\n        \"version\": \"latest\",\r\n        \"exactVersion\":
        \"18.04.202012111\"\r\n      },\r\n      \"osDisk\": {\r\n        \"osType\":
        \"Linux\",\r\n        \"name\": \"multinicvm1_OsDisk_1_c1add2006f9b44afbf8e31a136bf6c70\",\r\n
        \       \"createOption\": \"FromImage\",\r\n        \"caching\": \"ReadWrite\",\r\n
        \       \"managedDisk\": {\r\n          \"storageAccountType\": \"Premium_LRS\",\r\n
        \         \"id\": \"/subscriptions/00000000-0000-0000-0000-000000000000/resourceGroups/cli_test_multi_nic_vm000001/providers/Microsoft.Compute/disks/multinicvm1_OsDisk_1_c1add2006f9b44afbf8e31a136bf6c70\"\r\n
        \       },\r\n        \"diskSizeGB\": 30\r\n      },\r\n      \"dataDisks\":
        []\r\n    },\r\n    \"osProfile\": {\r\n      \"computerName\": \"multinicvm1\",\r\n
        \     \"adminUsername\": \"user11\",\r\n      \"linuxConfiguration\": {\r\n
        \       \"disablePasswordAuthentication\": true,\r\n        \"ssh\": {\r\n
        \         \"publicKeys\": [\r\n            {\r\n              \"path\": \"/home/user11/.ssh/authorized_keys\",\r\n
        \             \"keyData\": \"ssh-rsa AAAAB3NzaC1yc2EAAAADAQABAAACAQCbIg1guRHbI0lV11wWDt1r2cUdcNd27CJsg+SfgC7miZeubtwUhbsPdhMQsfDyhOWHq1+ZL0M+nJZV63d/1dhmhtgyOqejUwrPlzKhydsbrsdUor+JmNJDdW01v7BXHyuymT8G4s09jCasNOwiufbP/qp72ruu0bIA1nySsvlf9pCQAuFkAnVnf/rFhUlOkhtRpwcq8SUNY2zRHR/EKb/4NWY1JzR4sa3q2fWIJdrrX0DvLoa5g9bIEd4Df79ba7v+yiUBOS0zT2ll+z4g9izHK3EO5d8hL4jYxcjKs+wcslSYRWrascfscLgMlMGh0CdKeNTDjHpGPncaf3Z+FwwwjWeuiNBxv7bJo13/8B/098KlVDl4GZqsoBCEjPyJfV6hO0y/LkRGkk7oHWKgeWAfKtfLItRp00eZ4fcJNK9kCaSMmEugoZWcI7NGbZXzqFWqbpRI7NcDP9+WIQ+i9U5vqWsqd/zng4kbuAJ6UuKqIzB0upYrLShfQE3SAck8oaLhJqqq56VfDuASNpJKidV+zq27HfSBmbXnkR/5AK337dc3MXKJypoK/QPMLKUAP5XLPbs+NddJQV7EZXd29DLgp+fRIg3edpKdO7ZErWhv7d+3Kws+e1Y+ypmR2WIVSwVyBEUfgv2C8Ts9gnTF4pNcEY/S2aBicz5Ew2+jdyGNQQ==
        test@example.com\\n\"\r\n            }\r\n          ]\r\n        },\r\n        \"provisionVMAgent\":
        true,\r\n        \"patchSettings\": {\r\n          \"patchMode\": \"ImageDefault\"\r\n
        \       }\r\n      },\r\n      \"secrets\": [],\r\n      \"allowExtensionOperations\":
        true,\r\n      \"requireGuestProvisionSignal\": true\r\n    },\r\n    \"networkProfile\":
        {\"networkInterfaces\":[{\"id\":\"/subscriptions/00000000-0000-0000-0000-000000000000/resourceGroups/cli_test_multi_nic_vm000001/providers/Microsoft.Network/networkInterfaces/nic1\",\"properties\":{\"primary\":true}},{\"id\":\"/subscriptions/00000000-0000-0000-0000-000000000000/resourceGroups/cli_test_multi_nic_vm000001/providers/Microsoft.Network/networkInterfaces/nic2\",\"properties\":{\"primary\":false}},{\"id\":\"/subscriptions/00000000-0000-0000-0000-000000000000/resourceGroups/cli_test_multi_nic_vm000001/providers/Microsoft.Network/networkInterfaces/nic3\",\"properties\":{\"primary\":false}},{\"id\":\"/subscriptions/00000000-0000-0000-0000-000000000000/resourceGroups/cli_test_multi_nic_vm000001/providers/Microsoft.Network/networkInterfaces/nic4\",\"properties\":{\"primary\":false}}]},\r\n
        \   \"provisioningState\": \"Succeeded\",\r\n    \"instanceView\": {\r\n      \"computerName\":
        \"multinicvm1\",\r\n      \"osName\": \"ubuntu\",\r\n      \"osVersion\":
        \"18.04\",\r\n      \"vmAgent\": {\r\n        \"vmAgentVersion\": \"2.2.52\",\r\n
        \       \"statuses\": [\r\n          {\r\n            \"code\": \"ProvisioningState/succeeded\",\r\n
        \           \"level\": \"Info\",\r\n            \"displayStatus\": \"Ready\",\r\n
        \           \"message\": \"Guest Agent is running\",\r\n            \"time\":
        \"2020-12-21T22:48:01+00:00\"\r\n          }\r\n        ],\r\n        \"extensionHandlers\":
        []\r\n      },\r\n      \"disks\": [\r\n        {\r\n          \"name\": \"multinicvm1_OsDisk_1_c1add2006f9b44afbf8e31a136bf6c70\",\r\n
        \         \"statuses\": [\r\n            {\r\n              \"code\": \"ProvisioningState/succeeded\",\r\n
        \             \"level\": \"Info\",\r\n              \"displayStatus\": \"Provisioning
        succeeded\",\r\n              \"time\": \"2020-12-21T22:47:08.8927899+00:00\"\r\n
        \           }\r\n          ]\r\n        }\r\n      ],\r\n      \"hyperVGeneration\":
        \"V1\",\r\n      \"statuses\": [\r\n        {\r\n          \"code\": \"ProvisioningState/succeeded\",\r\n
        \         \"level\": \"Info\",\r\n          \"displayStatus\": \"Provisioning
        succeeded\",\r\n          \"time\": \"2020-12-21T22:47:43.0796328+00:00\"\r\n
        \       },\r\n        {\r\n          \"code\": \"PowerState/running\",\r\n
        \         \"level\": \"Info\",\r\n          \"displayStatus\": \"VM running\"\r\n
        \       }\r\n      ]\r\n    }\r\n  }\r\n}"
    headers:
      cache-control:
      - no-cache
      content-length:
      - '4973'
      content-type:
      - application/json; charset=utf-8
      date:
      - Mon, 21 Dec 2020 22:48:01 GMT
      expires:
      - '-1'
      pragma:
      - no-cache
      server:
      - Microsoft-HTTPAPI/2.0
      - Microsoft-HTTPAPI/2.0
      strict-transport-security:
      - max-age=31536000; includeSubDomains
      transfer-encoding:
      - chunked
      vary:
      - Accept-Encoding
      x-content-type-options:
      - nosniff
      x-ms-ratelimit-remaining-resource:
      - Microsoft.Compute/LowCostGet3Min;3997,Microsoft.Compute/LowCostGet30Min;31950
    status:
      code: 200
      message: OK
- request:
    body: null
    headers:
      Accept:
      - application/json, text/json
      Accept-Encoding:
      - gzip, deflate
      CommandName:
      - vm create
      Connection:
      - keep-alive
      ParameterSetName:
      - -g -n --image --nics --admin-username --size --ssh-key-value
      User-Agent:
      - AZURECLI/2.16.0 azsdk-python-azure-mgmt-network/17.0.0 Python/3.8.6 (Windows-10-10.0.19041-SP0)
    method: GET
    uri: https://management.azure.com/subscriptions/00000000-0000-0000-0000-000000000000/resourceGroups/cli_test_multi_nic_vm000001/providers/Microsoft.Network/networkInterfaces/nic1?api-version=2018-01-01
  response:
    body:
      string: "{\r\n  \"name\": \"nic1\",\r\n  \"id\": \"/subscriptions/00000000-0000-0000-0000-000000000000/resourceGroups/cli_test_multi_nic_vm000001/providers/Microsoft.Network/networkInterfaces/nic1\",\r\n
        \ \"etag\": \"W/\\\"86e589a6-0dd8-4131-879b-2014f9135e1f\\\"\",\r\n  \"location\":
        \"westus2\",\r\n  \"properties\": {\r\n    \"provisioningState\": \"Succeeded\",\r\n
        \   \"resourceGuid\": \"378199ce-3e70-4978-b309-42056902e8cf\",\r\n    \"ipConfigurations\":
        [\r\n      {\r\n        \"name\": \"ipconfig1\",\r\n        \"id\": \"/subscriptions/00000000-0000-0000-0000-000000000000/resourceGroups/cli_test_multi_nic_vm000001/providers/Microsoft.Network/networkInterfaces/nic1/ipConfigurations/ipconfig1\",\r\n
        \       \"etag\": \"W/\\\"86e589a6-0dd8-4131-879b-2014f9135e1f\\\"\",\r\n
        \       \"type\": \"Microsoft.Network/networkInterfaces/ipConfigurations\",\r\n
        \       \"properties\": {\r\n          \"provisioningState\": \"Succeeded\",\r\n
        \         \"privateIPAddress\": \"10.0.0.4\",\r\n          \"privateIPAllocationMethod\":
        \"Dynamic\",\r\n          \"subnet\": {\r\n            \"id\": \"/subscriptions/00000000-0000-0000-0000-000000000000/resourceGroups/cli_test_multi_nic_vm000001/providers/Microsoft.Network/virtualNetworks/myvnet/subnets/mysubnet\"\r\n
        \         },\r\n          \"primary\": true,\r\n          \"privateIPAddressVersion\":
        \"IPv4\"\r\n        }\r\n      }\r\n    ],\r\n    \"dnsSettings\": {\r\n      \"dnsServers\":
        [],\r\n      \"appliedDnsServers\": [],\r\n      \"internalDomainNameSuffix\":
        \"a0stzr2wvciejnwtzcl3laxe2b.xx.internal.cloudapp.net\"\r\n    },\r\n    \"macAddress\":
        \"00-0D-3A-6C-D2-2F\",\r\n    \"enableAcceleratedNetworking\": false,\r\n
        \   \"enableIPForwarding\": false,\r\n    \"primary\": true,\r\n    \"virtualMachine\":
        {\r\n      \"id\": \"/subscriptions/00000000-0000-0000-0000-000000000000/resourceGroups/cli_test_multi_nic_vm000001/providers/Microsoft.Compute/virtualMachines/multinicvm1\"\r\n
        \   }\r\n  },\r\n  \"type\": \"Microsoft.Network/networkInterfaces\"\r\n}"
    headers:
      cache-control:
      - no-cache
      content-length:
      - '2022'
      content-type:
      - application/json; charset=utf-8
      date:
      - Mon, 21 Dec 2020 22:48:02 GMT
      etag:
      - W/"86e589a6-0dd8-4131-879b-2014f9135e1f"
      expires:
      - '-1'
      pragma:
      - no-cache
      server:
      - Microsoft-HTTPAPI/2.0
      - Microsoft-HTTPAPI/2.0
      strict-transport-security:
      - max-age=31536000; includeSubDomains
      transfer-encoding:
      - chunked
      vary:
      - Accept-Encoding
      x-content-type-options:
      - nosniff
      x-ms-arm-service-request-id:
      - 9dee720e-8e68-4eb2-81fe-e8ff703317b7
    status:
      code: 200
      message: OK
- request:
    body: null
    headers:
      Accept:
      - application/json, text/json
      Accept-Encoding:
      - gzip, deflate
      CommandName:
      - vm create
      Connection:
      - keep-alive
      ParameterSetName:
      - -g -n --image --nics --admin-username --size --ssh-key-value
      User-Agent:
      - AZURECLI/2.16.0 azsdk-python-azure-mgmt-network/17.0.0 Python/3.8.6 (Windows-10-10.0.19041-SP0)
    method: GET
    uri: https://management.azure.com/subscriptions/00000000-0000-0000-0000-000000000000/resourceGroups/cli_test_multi_nic_vm000001/providers/Microsoft.Network/networkInterfaces/nic2?api-version=2018-01-01
  response:
    body:
      string: "{\r\n  \"name\": \"nic2\",\r\n  \"id\": \"/subscriptions/00000000-0000-0000-0000-000000000000/resourceGroups/cli_test_multi_nic_vm000001/providers/Microsoft.Network/networkInterfaces/nic2\",\r\n
        \ \"etag\": \"W/\\\"16053b99-fb32-488d-8b1a-81b9139bf3da\\\"\",\r\n  \"location\":
        \"westus2\",\r\n  \"properties\": {\r\n    \"provisioningState\": \"Succeeded\",\r\n
        \   \"resourceGuid\": \"f1687d88-efa9-49d5-94f4-c496f81ea7ef\",\r\n    \"ipConfigurations\":
        [\r\n      {\r\n        \"name\": \"ipconfig1\",\r\n        \"id\": \"/subscriptions/00000000-0000-0000-0000-000000000000/resourceGroups/cli_test_multi_nic_vm000001/providers/Microsoft.Network/networkInterfaces/nic2/ipConfigurations/ipconfig1\",\r\n
        \       \"etag\": \"W/\\\"16053b99-fb32-488d-8b1a-81b9139bf3da\\\"\",\r\n
        \       \"type\": \"Microsoft.Network/networkInterfaces/ipConfigurations\",\r\n
        \       \"properties\": {\r\n          \"provisioningState\": \"Succeeded\",\r\n
        \         \"privateIPAddress\": \"10.0.0.5\",\r\n          \"privateIPAllocationMethod\":
        \"Dynamic\",\r\n          \"subnet\": {\r\n            \"id\": \"/subscriptions/00000000-0000-0000-0000-000000000000/resourceGroups/cli_test_multi_nic_vm000001/providers/Microsoft.Network/virtualNetworks/myvnet/subnets/mysubnet\"\r\n
        \         },\r\n          \"primary\": true,\r\n          \"privateIPAddressVersion\":
        \"IPv4\"\r\n        }\r\n      }\r\n    ],\r\n    \"dnsSettings\": {\r\n      \"dnsServers\":
        [],\r\n      \"appliedDnsServers\": [],\r\n      \"internalDomainNameSuffix\":
        \"a0stzr2wvciejnwtzcl3laxe2b.xx.internal.cloudapp.net\"\r\n    },\r\n    \"macAddress\":
        \"00-0D-3A-6C-D2-43\",\r\n    \"enableAcceleratedNetworking\": false,\r\n
        \   \"enableIPForwarding\": false,\r\n    \"primary\": false,\r\n    \"virtualMachine\":
        {\r\n      \"id\": \"/subscriptions/00000000-0000-0000-0000-000000000000/resourceGroups/cli_test_multi_nic_vm000001/providers/Microsoft.Compute/virtualMachines/multinicvm1\"\r\n
        \   }\r\n  },\r\n  \"type\": \"Microsoft.Network/networkInterfaces\"\r\n}"
    headers:
      cache-control:
      - no-cache
      content-length:
      - '2023'
      content-type:
      - application/json; charset=utf-8
      date:
      - Mon, 21 Dec 2020 22:48:02 GMT
      etag:
      - W/"16053b99-fb32-488d-8b1a-81b9139bf3da"
      expires:
      - '-1'
      pragma:
      - no-cache
      server:
      - Microsoft-HTTPAPI/2.0
      - Microsoft-HTTPAPI/2.0
      strict-transport-security:
      - max-age=31536000; includeSubDomains
      transfer-encoding:
      - chunked
      vary:
      - Accept-Encoding
      x-content-type-options:
      - nosniff
      x-ms-arm-service-request-id:
      - 5260d1bc-46bf-4e32-8a1e-d876bcc33358
    status:
      code: 200
      message: OK
- request:
    body: null
    headers:
      Accept:
      - application/json, text/json
      Accept-Encoding:
      - gzip, deflate
      CommandName:
      - vm create
      Connection:
      - keep-alive
      ParameterSetName:
      - -g -n --image --nics --admin-username --size --ssh-key-value
      User-Agent:
      - AZURECLI/2.16.0 azsdk-python-azure-mgmt-network/17.0.0 Python/3.8.6 (Windows-10-10.0.19041-SP0)
    method: GET
    uri: https://management.azure.com/subscriptions/00000000-0000-0000-0000-000000000000/resourceGroups/cli_test_multi_nic_vm000001/providers/Microsoft.Network/networkInterfaces/nic3?api-version=2018-01-01
  response:
    body:
      string: "{\r\n  \"name\": \"nic3\",\r\n  \"id\": \"/subscriptions/00000000-0000-0000-0000-000000000000/resourceGroups/cli_test_multi_nic_vm000001/providers/Microsoft.Network/networkInterfaces/nic3\",\r\n
        \ \"etag\": \"W/\\\"770c7968-e31c-4a12-a601-046b24b81012\\\"\",\r\n  \"location\":
        \"westus2\",\r\n  \"properties\": {\r\n    \"provisioningState\": \"Succeeded\",\r\n
        \   \"resourceGuid\": \"12a431db-091c-4d93-9d91-4c4e6732ee43\",\r\n    \"ipConfigurations\":
        [\r\n      {\r\n        \"name\": \"ipconfig1\",\r\n        \"id\": \"/subscriptions/00000000-0000-0000-0000-000000000000/resourceGroups/cli_test_multi_nic_vm000001/providers/Microsoft.Network/networkInterfaces/nic3/ipConfigurations/ipconfig1\",\r\n
        \       \"etag\": \"W/\\\"770c7968-e31c-4a12-a601-046b24b81012\\\"\",\r\n
        \       \"type\": \"Microsoft.Network/networkInterfaces/ipConfigurations\",\r\n
        \       \"properties\": {\r\n          \"provisioningState\": \"Succeeded\",\r\n
        \         \"privateIPAddress\": \"10.0.0.6\",\r\n          \"privateIPAllocationMethod\":
        \"Dynamic\",\r\n          \"subnet\": {\r\n            \"id\": \"/subscriptions/00000000-0000-0000-0000-000000000000/resourceGroups/cli_test_multi_nic_vm000001/providers/Microsoft.Network/virtualNetworks/myvnet/subnets/mysubnet\"\r\n
        \         },\r\n          \"primary\": true,\r\n          \"privateIPAddressVersion\":
        \"IPv4\"\r\n        }\r\n      }\r\n    ],\r\n    \"dnsSettings\": {\r\n      \"dnsServers\":
        [],\r\n      \"appliedDnsServers\": [],\r\n      \"internalDomainNameSuffix\":
        \"a0stzr2wvciejnwtzcl3laxe2b.xx.internal.cloudapp.net\"\r\n    },\r\n    \"macAddress\":
        \"00-0D-3A-6D-59-1B\",\r\n    \"enableAcceleratedNetworking\": false,\r\n
        \   \"enableIPForwarding\": false,\r\n    \"primary\": false,\r\n    \"virtualMachine\":
        {\r\n      \"id\": \"/subscriptions/00000000-0000-0000-0000-000000000000/resourceGroups/cli_test_multi_nic_vm000001/providers/Microsoft.Compute/virtualMachines/multinicvm1\"\r\n
        \   }\r\n  },\r\n  \"type\": \"Microsoft.Network/networkInterfaces\"\r\n}"
    headers:
      cache-control:
      - no-cache
      content-length:
      - '2023'
      content-type:
      - application/json; charset=utf-8
      date:
      - Mon, 21 Dec 2020 22:48:02 GMT
      etag:
      - W/"770c7968-e31c-4a12-a601-046b24b81012"
      expires:
      - '-1'
      pragma:
      - no-cache
      server:
      - Microsoft-HTTPAPI/2.0
      - Microsoft-HTTPAPI/2.0
      strict-transport-security:
      - max-age=31536000; includeSubDomains
      transfer-encoding:
      - chunked
      vary:
      - Accept-Encoding
      x-content-type-options:
      - nosniff
      x-ms-arm-service-request-id:
      - 78cfc058-8918-498d-a1d5-29b55344ab7b
    status:
      code: 200
      message: OK
- request:
    body: null
    headers:
      Accept:
      - application/json, text/json
      Accept-Encoding:
      - gzip, deflate
      CommandName:
      - vm create
      Connection:
      - keep-alive
      ParameterSetName:
      - -g -n --image --nics --admin-username --size --ssh-key-value
      User-Agent:
      - AZURECLI/2.16.0 azsdk-python-azure-mgmt-network/17.0.0 Python/3.8.6 (Windows-10-10.0.19041-SP0)
    method: GET
    uri: https://management.azure.com/subscriptions/00000000-0000-0000-0000-000000000000/resourceGroups/cli_test_multi_nic_vm000001/providers/Microsoft.Network/networkInterfaces/nic4?api-version=2018-01-01
  response:
    body:
      string: "{\r\n  \"name\": \"nic4\",\r\n  \"id\": \"/subscriptions/00000000-0000-0000-0000-000000000000/resourceGroups/cli_test_multi_nic_vm000001/providers/Microsoft.Network/networkInterfaces/nic4\",\r\n
        \ \"etag\": \"W/\\\"90af0429-f164-4aca-acf4-7735a355ff11\\\"\",\r\n  \"location\":
        \"westus2\",\r\n  \"properties\": {\r\n    \"provisioningState\": \"Succeeded\",\r\n
        \   \"resourceGuid\": \"8d584f96-ff2e-4219-8a38-078020e2a5b4\",\r\n    \"ipConfigurations\":
        [\r\n      {\r\n        \"name\": \"ipconfig1\",\r\n        \"id\": \"/subscriptions/00000000-0000-0000-0000-000000000000/resourceGroups/cli_test_multi_nic_vm000001/providers/Microsoft.Network/networkInterfaces/nic4/ipConfigurations/ipconfig1\",\r\n
        \       \"etag\": \"W/\\\"90af0429-f164-4aca-acf4-7735a355ff11\\\"\",\r\n
        \       \"type\": \"Microsoft.Network/networkInterfaces/ipConfigurations\",\r\n
        \       \"properties\": {\r\n          \"provisioningState\": \"Succeeded\",\r\n
        \         \"privateIPAddress\": \"10.0.0.7\",\r\n          \"privateIPAllocationMethod\":
        \"Dynamic\",\r\n          \"subnet\": {\r\n            \"id\": \"/subscriptions/00000000-0000-0000-0000-000000000000/resourceGroups/cli_test_multi_nic_vm000001/providers/Microsoft.Network/virtualNetworks/myvnet/subnets/mysubnet\"\r\n
        \         },\r\n          \"primary\": true,\r\n          \"privateIPAddressVersion\":
        \"IPv4\"\r\n        }\r\n      }\r\n    ],\r\n    \"dnsSettings\": {\r\n      \"dnsServers\":
        [],\r\n      \"appliedDnsServers\": [],\r\n      \"internalDomainNameSuffix\":
        \"a0stzr2wvciejnwtzcl3laxe2b.xx.internal.cloudapp.net\"\r\n    },\r\n    \"macAddress\":
        \"00-0D-3A-6D-5D-9F\",\r\n    \"enableAcceleratedNetworking\": false,\r\n
        \   \"enableIPForwarding\": false,\r\n    \"primary\": false,\r\n    \"virtualMachine\":
        {\r\n      \"id\": \"/subscriptions/00000000-0000-0000-0000-000000000000/resourceGroups/cli_test_multi_nic_vm000001/providers/Microsoft.Compute/virtualMachines/multinicvm1\"\r\n
        \   }\r\n  },\r\n  \"type\": \"Microsoft.Network/networkInterfaces\"\r\n}"
    headers:
      cache-control:
      - no-cache
      content-length:
      - '2023'
      content-type:
      - application/json; charset=utf-8
      date:
      - Mon, 21 Dec 2020 22:48:02 GMT
      etag:
      - W/"90af0429-f164-4aca-acf4-7735a355ff11"
      expires:
      - '-1'
      pragma:
      - no-cache
      server:
      - Microsoft-HTTPAPI/2.0
      - Microsoft-HTTPAPI/2.0
      strict-transport-security:
      - max-age=31536000; includeSubDomains
      transfer-encoding:
      - chunked
      vary:
      - Accept-Encoding
      x-content-type-options:
      - nosniff
      x-ms-arm-service-request-id:
      - 2f0420cf-d4da-45c2-a73c-a4db5696418d
    status:
      code: 200
      message: OK
- request:
    body: null
    headers:
      Accept:
      - application/json
      Accept-Encoding:
      - gzip, deflate
      CommandName:
      - vm show
      Connection:
      - keep-alive
      ParameterSetName:
      - -g -n
      User-Agent:
      - AZURECLI/2.16.0 azsdk-python-azure-mgmt-compute/18.0.0 Python/3.8.6 (Windows-10-10.0.19041-SP0)
    method: GET
    uri: https://management.azure.com/subscriptions/00000000-0000-0000-0000-000000000000/resourceGroups/cli_test_multi_nic_vm000001/providers/Microsoft.Compute/virtualMachines/multinicvm1?api-version=2020-06-01
  response:
    body:
      string: "{\r\n  \"name\": \"multinicvm1\",\r\n  \"id\": \"/subscriptions/00000000-0000-0000-0000-000000000000/resourceGroups/cli_test_multi_nic_vm000001/providers/Microsoft.Compute/virtualMachines/multinicvm1\",\r\n
        \ \"type\": \"Microsoft.Compute/virtualMachines\",\r\n  \"location\": \"westus2\",\r\n
        \ \"tags\": {},\r\n  \"properties\": {\r\n    \"vmId\": \"73234d6e-1665-4fe2-874c-4ece94bfb6b0\",\r\n
        \   \"hardwareProfile\": {\r\n      \"vmSize\": \"Standard_DS3_v2\"\r\n    },\r\n
        \   \"storageProfile\": {\r\n      \"imageReference\": {\r\n        \"publisher\":
        \"Canonical\",\r\n        \"offer\": \"UbuntuServer\",\r\n        \"sku\":
        \"18.04-LTS\",\r\n        \"version\": \"latest\",\r\n        \"exactVersion\":
        \"18.04.202012111\"\r\n      },\r\n      \"osDisk\": {\r\n        \"osType\":
        \"Linux\",\r\n        \"name\": \"multinicvm1_OsDisk_1_c1add2006f9b44afbf8e31a136bf6c70\",\r\n
        \       \"createOption\": \"FromImage\",\r\n        \"caching\": \"ReadWrite\",\r\n
        \       \"managedDisk\": {\r\n          \"storageAccountType\": \"Premium_LRS\",\r\n
        \         \"id\": \"/subscriptions/00000000-0000-0000-0000-000000000000/resourceGroups/cli_test_multi_nic_vm000001/providers/Microsoft.Compute/disks/multinicvm1_OsDisk_1_c1add2006f9b44afbf8e31a136bf6c70\"\r\n
        \       },\r\n        \"diskSizeGB\": 30\r\n      },\r\n      \"dataDisks\":
        []\r\n    },\r\n    \"osProfile\": {\r\n      \"computerName\": \"multinicvm1\",\r\n
        \     \"adminUsername\": \"user11\",\r\n      \"linuxConfiguration\": {\r\n
        \       \"disablePasswordAuthentication\": true,\r\n        \"ssh\": {\r\n
        \         \"publicKeys\": [\r\n            {\r\n              \"path\": \"/home/user11/.ssh/authorized_keys\",\r\n
        \             \"keyData\": \"ssh-rsa AAAAB3NzaC1yc2EAAAADAQABAAACAQCbIg1guRHbI0lV11wWDt1r2cUdcNd27CJsg+SfgC7miZeubtwUhbsPdhMQsfDyhOWHq1+ZL0M+nJZV63d/1dhmhtgyOqejUwrPlzKhydsbrsdUor+JmNJDdW01v7BXHyuymT8G4s09jCasNOwiufbP/qp72ruu0bIA1nySsvlf9pCQAuFkAnVnf/rFhUlOkhtRpwcq8SUNY2zRHR/EKb/4NWY1JzR4sa3q2fWIJdrrX0DvLoa5g9bIEd4Df79ba7v+yiUBOS0zT2ll+z4g9izHK3EO5d8hL4jYxcjKs+wcslSYRWrascfscLgMlMGh0CdKeNTDjHpGPncaf3Z+FwwwjWeuiNBxv7bJo13/8B/098KlVDl4GZqsoBCEjPyJfV6hO0y/LkRGkk7oHWKgeWAfKtfLItRp00eZ4fcJNK9kCaSMmEugoZWcI7NGbZXzqFWqbpRI7NcDP9+WIQ+i9U5vqWsqd/zng4kbuAJ6UuKqIzB0upYrLShfQE3SAck8oaLhJqqq56VfDuASNpJKidV+zq27HfSBmbXnkR/5AK337dc3MXKJypoK/QPMLKUAP5XLPbs+NddJQV7EZXd29DLgp+fRIg3edpKdO7ZErWhv7d+3Kws+e1Y+ypmR2WIVSwVyBEUfgv2C8Ts9gnTF4pNcEY/S2aBicz5Ew2+jdyGNQQ==
        test@example.com\\n\"\r\n            }\r\n          ]\r\n        },\r\n        \"provisionVMAgent\":
        true,\r\n        \"patchSettings\": {\r\n          \"patchMode\": \"ImageDefault\"\r\n
        \       }\r\n      },\r\n      \"secrets\": [],\r\n      \"allowExtensionOperations\":
        true,\r\n      \"requireGuestProvisionSignal\": true\r\n    },\r\n    \"networkProfile\":
        {\"networkInterfaces\":[{\"id\":\"/subscriptions/00000000-0000-0000-0000-000000000000/resourceGroups/cli_test_multi_nic_vm000001/providers/Microsoft.Network/networkInterfaces/nic1\",\"properties\":{\"primary\":true}},{\"id\":\"/subscriptions/00000000-0000-0000-0000-000000000000/resourceGroups/cli_test_multi_nic_vm000001/providers/Microsoft.Network/networkInterfaces/nic2\",\"properties\":{\"primary\":false}},{\"id\":\"/subscriptions/00000000-0000-0000-0000-000000000000/resourceGroups/cli_test_multi_nic_vm000001/providers/Microsoft.Network/networkInterfaces/nic3\",\"properties\":{\"primary\":false}},{\"id\":\"/subscriptions/00000000-0000-0000-0000-000000000000/resourceGroups/cli_test_multi_nic_vm000001/providers/Microsoft.Network/networkInterfaces/nic4\",\"properties\":{\"primary\":false}}]},\r\n
        \   \"provisioningState\": \"Succeeded\"\r\n  }\r\n}"
    headers:
      cache-control:
      - no-cache
      content-length:
      - '3665'
      content-type:
      - application/json; charset=utf-8
      date:
      - Mon, 21 Dec 2020 22:48:02 GMT
      expires:
      - '-1'
      pragma:
      - no-cache
      server:
      - Microsoft-HTTPAPI/2.0
      - Microsoft-HTTPAPI/2.0
      strict-transport-security:
      - max-age=31536000; includeSubDomains
      transfer-encoding:
      - chunked
      vary:
      - Accept-Encoding
      x-content-type-options:
      - nosniff
      x-ms-ratelimit-remaining-resource:
      - Microsoft.Compute/LowCostGet3Min;3996,Microsoft.Compute/LowCostGet30Min;31949
    status:
      code: 200
      message: OK
- request:
    body: null
    headers:
      Accept:
      - '*/*'
      Accept-Encoding:
      - gzip, deflate
      CommandName:
      - vm deallocate
      Connection:
      - keep-alive
      Content-Length:
      - '0'
      ParameterSetName:
      - -g -n
      User-Agent:
      - AZURECLI/2.16.0 azsdk-python-azure-mgmt-compute/18.0.0 Python/3.8.6 (Windows-10-10.0.19041-SP0)
    method: POST
    uri: https://management.azure.com/subscriptions/00000000-0000-0000-0000-000000000000/resourceGroups/cli_test_multi_nic_vm000001/providers/Microsoft.Compute/virtualMachines/multinicvm1/deallocate?api-version=2020-06-01
  response:
    body:
      string: ''
    headers:
      azure-asyncoperation:
      - https://management.azure.com/subscriptions/00000000-0000-0000-0000-000000000000/providers/Microsoft.Compute/locations/westus2/operations/c32a16f4-c774-447a-a63a-e5b0a0d286e2?api-version=2020-06-01
      cache-control:
      - no-cache
      content-length:
      - '0'
      date:
      - Mon, 21 Dec 2020 22:48:03 GMT
      expires:
      - '-1'
      location:
      - https://management.azure.com/subscriptions/00000000-0000-0000-0000-000000000000/providers/Microsoft.Compute/locations/westus2/operations/c32a16f4-c774-447a-a63a-e5b0a0d286e2?monitor=true&api-version=2020-06-01
      pragma:
      - no-cache
      server:
      - Microsoft-HTTPAPI/2.0
      - Microsoft-HTTPAPI/2.0
      strict-transport-security:
      - max-age=31536000; includeSubDomains
      x-content-type-options:
      - nosniff
      x-ms-ratelimit-remaining-resource:
      - Microsoft.Compute/DeleteVM3Min;239,Microsoft.Compute/DeleteVM30Min;1196
      x-ms-ratelimit-remaining-subscription-writes:
      - '1199'
    status:
      code: 202
      message: Accepted
- request:
    body: null
    headers:
      Accept:
      - '*/*'
      Accept-Encoding:
      - gzip, deflate
      CommandName:
      - vm deallocate
      Connection:
      - keep-alive
      ParameterSetName:
      - -g -n
      User-Agent:
      - AZURECLI/2.16.0 azsdk-python-azure-mgmt-compute/18.0.0 Python/3.8.6 (Windows-10-10.0.19041-SP0)
    method: GET
    uri: https://management.azure.com/subscriptions/00000000-0000-0000-0000-000000000000/providers/Microsoft.Compute/locations/westus2/operations/c32a16f4-c774-447a-a63a-e5b0a0d286e2?api-version=2020-06-01
  response:
    body:
      string: "{\r\n  \"startTime\": \"2020-12-21T22:48:03.7045913+00:00\",\r\n  \"status\":
        \"InProgress\",\r\n  \"name\": \"c32a16f4-c774-447a-a63a-e5b0a0d286e2\"\r\n}"
    headers:
      cache-control:
      - no-cache
      content-length:
      - '134'
      content-type:
      - application/json; charset=utf-8
      date:
      - Mon, 21 Dec 2020 22:48:13 GMT
      expires:
      - '-1'
      pragma:
      - no-cache
      server:
      - Microsoft-HTTPAPI/2.0
      - Microsoft-HTTPAPI/2.0
      strict-transport-security:
      - max-age=31536000; includeSubDomains
      transfer-encoding:
      - chunked
      vary:
      - Accept-Encoding
      x-content-type-options:
      - nosniff
      x-ms-ratelimit-remaining-resource:
      - Microsoft.Compute/GetOperation3Min;14996,Microsoft.Compute/GetOperation30Min;29992
    status:
      code: 200
      message: OK
- request:
    body: null
    headers:
      Accept:
      - '*/*'
      Accept-Encoding:
      - gzip, deflate
      CommandName:
      - vm deallocate
      Connection:
      - keep-alive
      ParameterSetName:
      - -g -n
      User-Agent:
      - AZURECLI/2.16.0 azsdk-python-azure-mgmt-compute/18.0.0 Python/3.8.6 (Windows-10-10.0.19041-SP0)
    method: GET
    uri: https://management.azure.com/subscriptions/00000000-0000-0000-0000-000000000000/providers/Microsoft.Compute/locations/westus2/operations/c32a16f4-c774-447a-a63a-e5b0a0d286e2?api-version=2020-06-01
  response:
    body:
      string: "{\r\n  \"startTime\": \"2020-12-21T22:48:03.7045913+00:00\",\r\n  \"status\":
        \"InProgress\",\r\n  \"name\": \"c32a16f4-c774-447a-a63a-e5b0a0d286e2\"\r\n}"
    headers:
      cache-control:
      - no-cache
      content-length:
      - '134'
      content-type:
      - application/json; charset=utf-8
      date:
      - Mon, 21 Dec 2020 22:48:43 GMT
      expires:
      - '-1'
      pragma:
      - no-cache
      server:
      - Microsoft-HTTPAPI/2.0
      - Microsoft-HTTPAPI/2.0
      strict-transport-security:
      - max-age=31536000; includeSubDomains
      transfer-encoding:
      - chunked
      vary:
      - Accept-Encoding
      x-content-type-options:
      - nosniff
      x-ms-ratelimit-remaining-resource:
      - Microsoft.Compute/GetOperation3Min;14995,Microsoft.Compute/GetOperation30Min;29991
    status:
      code: 200
      message: OK
- request:
    body: null
    headers:
      Accept:
      - '*/*'
      Accept-Encoding:
      - gzip, deflate
      CommandName:
      - vm deallocate
      Connection:
      - keep-alive
      ParameterSetName:
      - -g -n
      User-Agent:
      - AZURECLI/2.16.0 azsdk-python-azure-mgmt-compute/18.0.0 Python/3.8.6 (Windows-10-10.0.19041-SP0)
    method: GET
    uri: https://management.azure.com/subscriptions/00000000-0000-0000-0000-000000000000/providers/Microsoft.Compute/locations/westus2/operations/c32a16f4-c774-447a-a63a-e5b0a0d286e2?api-version=2020-06-01
  response:
    body:
      string: "{\r\n  \"startTime\": \"2020-12-21T22:48:03.7045913+00:00\",\r\n  \"endTime\":
        \"2020-12-21T22:48:44.7352448+00:00\",\r\n  \"status\": \"Succeeded\",\r\n
        \ \"name\": \"c32a16f4-c774-447a-a63a-e5b0a0d286e2\"\r\n}"
    headers:
      cache-control:
      - no-cache
      content-length:
      - '184'
      content-type:
      - application/json; charset=utf-8
      date:
      - Mon, 21 Dec 2020 22:49:13 GMT
      expires:
      - '-1'
      pragma:
      - no-cache
      server:
      - Microsoft-HTTPAPI/2.0
      - Microsoft-HTTPAPI/2.0
      strict-transport-security:
      - max-age=31536000; includeSubDomains
      transfer-encoding:
      - chunked
      vary:
      - Accept-Encoding
      x-content-type-options:
      - nosniff
      x-ms-ratelimit-remaining-resource:
      - Microsoft.Compute/GetOperation3Min;14993,Microsoft.Compute/GetOperation30Min;29989
    status:
      code: 200
      message: OK
- request:
    body: null
    headers:
      Accept:
      - '*/*'
      Accept-Encoding:
      - gzip, deflate
      CommandName:
      - vm deallocate
      Connection:
      - keep-alive
      ParameterSetName:
      - -g -n
      User-Agent:
      - AZURECLI/2.16.0 azsdk-python-azure-mgmt-compute/18.0.0 Python/3.8.6 (Windows-10-10.0.19041-SP0)
    method: GET
    uri: https://management.azure.com/subscriptions/00000000-0000-0000-0000-000000000000/providers/Microsoft.Compute/locations/westus2/operations/c32a16f4-c774-447a-a63a-e5b0a0d286e2?monitor=true&api-version=2020-06-01
  response:
    body:
      string: ''
    headers:
      cache-control:
      - no-cache
      content-length:
      - '0'
      date:
      - Mon, 21 Dec 2020 22:49:13 GMT
      expires:
      - '-1'
      pragma:
      - no-cache
      server:
      - Microsoft-HTTPAPI/2.0
      - Microsoft-HTTPAPI/2.0
      strict-transport-security:
      - max-age=31536000; includeSubDomains
      x-content-type-options:
      - nosniff
      x-ms-ratelimit-remaining-resource:
      - Microsoft.Compute/GetOperation3Min;14992,Microsoft.Compute/GetOperation30Min;29988
    status:
      code: 200
      message: OK
- request:
    body: null
    headers:
      Accept:
      - application/json
      Accept-Encoding:
      - gzip, deflate
      CommandName:
      - vm nic list
      Connection:
      - keep-alive
      ParameterSetName:
      - -g --vm-name
      User-Agent:
      - AZURECLI/2.16.0 azsdk-python-azure-mgmt-compute/18.0.0 Python/3.8.6 (Windows-10-10.0.19041-SP0)
    method: GET
    uri: https://management.azure.com/subscriptions/00000000-0000-0000-0000-000000000000/resourceGroups/cli_test_multi_nic_vm000001/providers/Microsoft.Compute/virtualMachines/multinicvm1?api-version=2020-06-01
  response:
    body:
      string: "{\r\n  \"name\": \"multinicvm1\",\r\n  \"id\": \"/subscriptions/00000000-0000-0000-0000-000000000000/resourceGroups/cli_test_multi_nic_vm000001/providers/Microsoft.Compute/virtualMachines/multinicvm1\",\r\n
        \ \"type\": \"Microsoft.Compute/virtualMachines\",\r\n  \"location\": \"westus2\",\r\n
        \ \"tags\": {},\r\n  \"properties\": {\r\n    \"vmId\": \"73234d6e-1665-4fe2-874c-4ece94bfb6b0\",\r\n
        \   \"hardwareProfile\": {\r\n      \"vmSize\": \"Standard_DS3_v2\"\r\n    },\r\n
        \   \"storageProfile\": {\r\n      \"imageReference\": {\r\n        \"publisher\":
        \"Canonical\",\r\n        \"offer\": \"UbuntuServer\",\r\n        \"sku\":
        \"18.04-LTS\",\r\n        \"version\": \"latest\",\r\n        \"exactVersion\":
        \"18.04.202012111\"\r\n      },\r\n      \"osDisk\": {\r\n        \"osType\":
        \"Linux\",\r\n        \"name\": \"multinicvm1_OsDisk_1_c1add2006f9b44afbf8e31a136bf6c70\",\r\n
        \       \"createOption\": \"FromImage\",\r\n        \"caching\": \"ReadWrite\",\r\n
        \       \"managedDisk\": {\r\n          \"id\": \"/subscriptions/00000000-0000-0000-0000-000000000000/resourceGroups/cli_test_multi_nic_vm000001/providers/Microsoft.Compute/disks/multinicvm1_OsDisk_1_c1add2006f9b44afbf8e31a136bf6c70\"\r\n
        \       }\r\n      },\r\n      \"dataDisks\": []\r\n    },\r\n    \"osProfile\":
        {\r\n      \"computerName\": \"multinicvm1\",\r\n      \"adminUsername\":
        \"user11\",\r\n      \"linuxConfiguration\": {\r\n        \"disablePasswordAuthentication\":
        true,\r\n        \"ssh\": {\r\n          \"publicKeys\": [\r\n            {\r\n
        \             \"path\": \"/home/user11/.ssh/authorized_keys\",\r\n              \"keyData\":
        \"ssh-rsa AAAAB3NzaC1yc2EAAAADAQABAAACAQCbIg1guRHbI0lV11wWDt1r2cUdcNd27CJsg+SfgC7miZeubtwUhbsPdhMQsfDyhOWHq1+ZL0M+nJZV63d/1dhmhtgyOqejUwrPlzKhydsbrsdUor+JmNJDdW01v7BXHyuymT8G4s09jCasNOwiufbP/qp72ruu0bIA1nySsvlf9pCQAuFkAnVnf/rFhUlOkhtRpwcq8SUNY2zRHR/EKb/4NWY1JzR4sa3q2fWIJdrrX0DvLoa5g9bIEd4Df79ba7v+yiUBOS0zT2ll+z4g9izHK3EO5d8hL4jYxcjKs+wcslSYRWrascfscLgMlMGh0CdKeNTDjHpGPncaf3Z+FwwwjWeuiNBxv7bJo13/8B/098KlVDl4GZqsoBCEjPyJfV6hO0y/LkRGkk7oHWKgeWAfKtfLItRp00eZ4fcJNK9kCaSMmEugoZWcI7NGbZXzqFWqbpRI7NcDP9+WIQ+i9U5vqWsqd/zng4kbuAJ6UuKqIzB0upYrLShfQE3SAck8oaLhJqqq56VfDuASNpJKidV+zq27HfSBmbXnkR/5AK337dc3MXKJypoK/QPMLKUAP5XLPbs+NddJQV7EZXd29DLgp+fRIg3edpKdO7ZErWhv7d+3Kws+e1Y+ypmR2WIVSwVyBEUfgv2C8Ts9gnTF4pNcEY/S2aBicz5Ew2+jdyGNQQ==
        test@example.com\\n\"\r\n            }\r\n          ]\r\n        },\r\n        \"provisionVMAgent\":
        true,\r\n        \"patchSettings\": {\r\n          \"patchMode\": \"ImageDefault\"\r\n
        \       }\r\n      },\r\n      \"secrets\": [],\r\n      \"allowExtensionOperations\":
        true,\r\n      \"requireGuestProvisionSignal\": true\r\n    },\r\n    \"networkProfile\":
        {\"networkInterfaces\":[{\"id\":\"/subscriptions/00000000-0000-0000-0000-000000000000/resourceGroups/cli_test_multi_nic_vm000001/providers/Microsoft.Network/networkInterfaces/nic1\",\"properties\":{\"primary\":true}},{\"id\":\"/subscriptions/00000000-0000-0000-0000-000000000000/resourceGroups/cli_test_multi_nic_vm000001/providers/Microsoft.Network/networkInterfaces/nic2\",\"properties\":{\"primary\":false}},{\"id\":\"/subscriptions/00000000-0000-0000-0000-000000000000/resourceGroups/cli_test_multi_nic_vm000001/providers/Microsoft.Network/networkInterfaces/nic3\",\"properties\":{\"primary\":false}},{\"id\":\"/subscriptions/00000000-0000-0000-0000-000000000000/resourceGroups/cli_test_multi_nic_vm000001/providers/Microsoft.Network/networkInterfaces/nic4\",\"properties\":{\"primary\":false}}]},\r\n
        \   \"provisioningState\": \"Succeeded\"\r\n  }\r\n}"
    headers:
      cache-control:
      - no-cache
      content-length:
      - '3590'
      content-type:
      - application/json; charset=utf-8
      date:
      - Mon, 21 Dec 2020 22:49:15 GMT
      expires:
      - '-1'
      pragma:
      - no-cache
      server:
      - Microsoft-HTTPAPI/2.0
      - Microsoft-HTTPAPI/2.0
      strict-transport-security:
      - max-age=31536000; includeSubDomains
      transfer-encoding:
      - chunked
      vary:
      - Accept-Encoding
      x-content-type-options:
      - nosniff
      x-ms-ratelimit-remaining-resource:
      - Microsoft.Compute/LowCostGet3Min;3994,Microsoft.Compute/LowCostGet30Min;31947
    status:
      code: 200
      message: OK
- request:
    body: null
    headers:
      Accept:
      - application/json
      Accept-Encoding:
      - gzip, deflate
      CommandName:
      - vm nic show
      Connection:
      - keep-alive
      ParameterSetName:
      - -g --vm-name --nic
      User-Agent:
      - AZURECLI/2.16.0 azsdk-python-azure-mgmt-compute/18.0.0 Python/3.8.6 (Windows-10-10.0.19041-SP0)
    method: GET
    uri: https://management.azure.com/subscriptions/00000000-0000-0000-0000-000000000000/resourceGroups/cli_test_multi_nic_vm000001/providers/Microsoft.Compute/virtualMachines/multinicvm1?api-version=2020-06-01
  response:
    body:
      string: "{\r\n  \"name\": \"multinicvm1\",\r\n  \"id\": \"/subscriptions/00000000-0000-0000-0000-000000000000/resourceGroups/cli_test_multi_nic_vm000001/providers/Microsoft.Compute/virtualMachines/multinicvm1\",\r\n
        \ \"type\": \"Microsoft.Compute/virtualMachines\",\r\n  \"location\": \"westus2\",\r\n
        \ \"tags\": {},\r\n  \"properties\": {\r\n    \"vmId\": \"73234d6e-1665-4fe2-874c-4ece94bfb6b0\",\r\n
        \   \"hardwareProfile\": {\r\n      \"vmSize\": \"Standard_DS3_v2\"\r\n    },\r\n
        \   \"storageProfile\": {\r\n      \"imageReference\": {\r\n        \"publisher\":
        \"Canonical\",\r\n        \"offer\": \"UbuntuServer\",\r\n        \"sku\":
        \"18.04-LTS\",\r\n        \"version\": \"latest\",\r\n        \"exactVersion\":
        \"18.04.202012111\"\r\n      },\r\n      \"osDisk\": {\r\n        \"osType\":
        \"Linux\",\r\n        \"name\": \"multinicvm1_OsDisk_1_c1add2006f9b44afbf8e31a136bf6c70\",\r\n
        \       \"createOption\": \"FromImage\",\r\n        \"caching\": \"ReadWrite\",\r\n
        \       \"managedDisk\": {\r\n          \"id\": \"/subscriptions/00000000-0000-0000-0000-000000000000/resourceGroups/cli_test_multi_nic_vm000001/providers/Microsoft.Compute/disks/multinicvm1_OsDisk_1_c1add2006f9b44afbf8e31a136bf6c70\"\r\n
        \       }\r\n      },\r\n      \"dataDisks\": []\r\n    },\r\n    \"osProfile\":
        {\r\n      \"computerName\": \"multinicvm1\",\r\n      \"adminUsername\":
        \"user11\",\r\n      \"linuxConfiguration\": {\r\n        \"disablePasswordAuthentication\":
        true,\r\n        \"ssh\": {\r\n          \"publicKeys\": [\r\n            {\r\n
        \             \"path\": \"/home/user11/.ssh/authorized_keys\",\r\n              \"keyData\":
        \"ssh-rsa AAAAB3NzaC1yc2EAAAADAQABAAACAQCbIg1guRHbI0lV11wWDt1r2cUdcNd27CJsg+SfgC7miZeubtwUhbsPdhMQsfDyhOWHq1+ZL0M+nJZV63d/1dhmhtgyOqejUwrPlzKhydsbrsdUor+JmNJDdW01v7BXHyuymT8G4s09jCasNOwiufbP/qp72ruu0bIA1nySsvlf9pCQAuFkAnVnf/rFhUlOkhtRpwcq8SUNY2zRHR/EKb/4NWY1JzR4sa3q2fWIJdrrX0DvLoa5g9bIEd4Df79ba7v+yiUBOS0zT2ll+z4g9izHK3EO5d8hL4jYxcjKs+wcslSYRWrascfscLgMlMGh0CdKeNTDjHpGPncaf3Z+FwwwjWeuiNBxv7bJo13/8B/098KlVDl4GZqsoBCEjPyJfV6hO0y/LkRGkk7oHWKgeWAfKtfLItRp00eZ4fcJNK9kCaSMmEugoZWcI7NGbZXzqFWqbpRI7NcDP9+WIQ+i9U5vqWsqd/zng4kbuAJ6UuKqIzB0upYrLShfQE3SAck8oaLhJqqq56VfDuASNpJKidV+zq27HfSBmbXnkR/5AK337dc3MXKJypoK/QPMLKUAP5XLPbs+NddJQV7EZXd29DLgp+fRIg3edpKdO7ZErWhv7d+3Kws+e1Y+ypmR2WIVSwVyBEUfgv2C8Ts9gnTF4pNcEY/S2aBicz5Ew2+jdyGNQQ==
        test@example.com\\n\"\r\n            }\r\n          ]\r\n        },\r\n        \"provisionVMAgent\":
        true,\r\n        \"patchSettings\": {\r\n          \"patchMode\": \"ImageDefault\"\r\n
        \       }\r\n      },\r\n      \"secrets\": [],\r\n      \"allowExtensionOperations\":
        true,\r\n      \"requireGuestProvisionSignal\": true\r\n    },\r\n    \"networkProfile\":
        {\"networkInterfaces\":[{\"id\":\"/subscriptions/00000000-0000-0000-0000-000000000000/resourceGroups/cli_test_multi_nic_vm000001/providers/Microsoft.Network/networkInterfaces/nic1\",\"properties\":{\"primary\":true}},{\"id\":\"/subscriptions/00000000-0000-0000-0000-000000000000/resourceGroups/cli_test_multi_nic_vm000001/providers/Microsoft.Network/networkInterfaces/nic2\",\"properties\":{\"primary\":false}},{\"id\":\"/subscriptions/00000000-0000-0000-0000-000000000000/resourceGroups/cli_test_multi_nic_vm000001/providers/Microsoft.Network/networkInterfaces/nic3\",\"properties\":{\"primary\":false}},{\"id\":\"/subscriptions/00000000-0000-0000-0000-000000000000/resourceGroups/cli_test_multi_nic_vm000001/providers/Microsoft.Network/networkInterfaces/nic4\",\"properties\":{\"primary\":false}}]},\r\n
        \   \"provisioningState\": \"Succeeded\"\r\n  }\r\n}"
    headers:
      cache-control:
      - no-cache
      content-length:
      - '3590'
      content-type:
      - application/json; charset=utf-8
      date:
      - Mon, 21 Dec 2020 22:49:15 GMT
      expires:
      - '-1'
      pragma:
      - no-cache
      server:
      - Microsoft-HTTPAPI/2.0
      - Microsoft-HTTPAPI/2.0
      strict-transport-security:
      - max-age=31536000; includeSubDomains
      transfer-encoding:
      - chunked
      vary:
      - Accept-Encoding
      x-content-type-options:
      - nosniff
      x-ms-ratelimit-remaining-resource:
      - Microsoft.Compute/LowCostGet3Min;3993,Microsoft.Compute/LowCostGet30Min;31946
    status:
      code: 200
      message: OK
- request:
    body: null
    headers:
      Accept:
      - application/json
      Accept-Encoding:
      - gzip, deflate
      CommandName:
      - vm nic show
      Connection:
      - keep-alive
      ParameterSetName:
      - -g --vm-name --nic
      User-Agent:
      - AZURECLI/2.16.0 azsdk-python-azure-mgmt-network/17.0.0 Python/3.8.6 (Windows-10-10.0.19041-SP0)
    method: GET
    uri: https://management.azure.com/subscriptions/00000000-0000-0000-0000-000000000000/resourceGroups/cli_test_multi_nic_vm000001/providers/Microsoft.Network/networkInterfaces/nic1?api-version=2020-07-01
  response:
    body:
      string: "{\r\n  \"name\": \"nic1\",\r\n  \"id\": \"/subscriptions/00000000-0000-0000-0000-000000000000/resourceGroups/cli_test_multi_nic_vm000001/providers/Microsoft.Network/networkInterfaces/nic1\",\r\n
        \ \"etag\": \"W/\\\"7e9cc59a-f35b-4263-9cec-70f979974642\\\"\",\r\n  \"location\":
        \"westus2\",\r\n  \"properties\": {\r\n    \"provisioningState\": \"Succeeded\",\r\n
        \   \"resourceGuid\": \"378199ce-3e70-4978-b309-42056902e8cf\",\r\n    \"ipConfigurations\":
        [\r\n      {\r\n        \"name\": \"ipconfig1\",\r\n        \"id\": \"/subscriptions/00000000-0000-0000-0000-000000000000/resourceGroups/cli_test_multi_nic_vm000001/providers/Microsoft.Network/networkInterfaces/nic1/ipConfigurations/ipconfig1\",\r\n
        \       \"etag\": \"W/\\\"7e9cc59a-f35b-4263-9cec-70f979974642\\\"\",\r\n
        \       \"type\": \"Microsoft.Network/networkInterfaces/ipConfigurations\",\r\n
        \       \"properties\": {\r\n          \"provisioningState\": \"Succeeded\",\r\n
        \         \"privateIPAddress\": \"10.0.0.4\",\r\n          \"privateIPAllocationMethod\":
        \"Dynamic\",\r\n          \"subnet\": {\r\n            \"id\": \"/subscriptions/00000000-0000-0000-0000-000000000000/resourceGroups/cli_test_multi_nic_vm000001/providers/Microsoft.Network/virtualNetworks/myvnet/subnets/mysubnet\"\r\n
        \         },\r\n          \"primary\": true,\r\n          \"privateIPAddressVersion\":
        \"IPv4\"\r\n        }\r\n      }\r\n    ],\r\n    \"dnsSettings\": {\r\n      \"dnsServers\":
        [],\r\n      \"appliedDnsServers\": []\r\n    },\r\n    \"macAddress\": \"00-0D-3A-6C-D2-2F\",\r\n
        \   \"enableAcceleratedNetworking\": false,\r\n    \"enableIPForwarding\":
        false,\r\n    \"primary\": true,\r\n    \"virtualMachine\": {\r\n      \"id\":
        \"/subscriptions/00000000-0000-0000-0000-000000000000/resourceGroups/cli_test_multi_nic_vm000001/providers/Microsoft.Compute/virtualMachines/multinicvm1\"\r\n
        \   },\r\n    \"hostedWorkloads\": [],\r\n    \"tapConfigurations\": [],\r\n
        \   \"nicType\": \"Standard\"\r\n  },\r\n  \"type\": \"Microsoft.Network/networkInterfaces\"\r\n}"
    headers:
      cache-control:
      - no-cache
      content-length:
      - '2018'
      content-type:
      - application/json; charset=utf-8
      date:
      - Mon, 21 Dec 2020 22:49:16 GMT
      etag:
      - W/"7e9cc59a-f35b-4263-9cec-70f979974642"
      expires:
      - '-1'
      pragma:
      - no-cache
      server:
      - Microsoft-HTTPAPI/2.0
      - Microsoft-HTTPAPI/2.0
      strict-transport-security:
      - max-age=31536000; includeSubDomains
      transfer-encoding:
      - chunked
      vary:
      - Accept-Encoding
      x-content-type-options:
      - nosniff
      x-ms-arm-service-request-id:
      - 0784d928-33f8-42b0-8b32-170912b11ed0
    status:
      code: 200
      message: OK
- request:
    body: null
    headers:
      Accept:
      - application/json
      Accept-Encoding:
      - gzip, deflate
      CommandName:
      - vm nic remove
      Connection:
      - keep-alive
      ParameterSetName:
      - -g --vm-name --nics --primary-nic
      User-Agent:
      - AZURECLI/2.16.0 azsdk-python-azure-mgmt-compute/18.0.0 Python/3.8.6 (Windows-10-10.0.19041-SP0)
    method: GET
    uri: https://management.azure.com/subscriptions/00000000-0000-0000-0000-000000000000/resourceGroups/cli_test_multi_nic_vm000001/providers/Microsoft.Compute/virtualMachines/multinicvm1?$expand=instanceView&api-version=2020-06-01
  response:
    body:
      string: "{\r\n  \"name\": \"multinicvm1\",\r\n  \"id\": \"/subscriptions/00000000-0000-0000-0000-000000000000/resourceGroups/cli_test_multi_nic_vm000001/providers/Microsoft.Compute/virtualMachines/multinicvm1\",\r\n
        \ \"type\": \"Microsoft.Compute/virtualMachines\",\r\n  \"location\": \"westus2\",\r\n
        \ \"tags\": {},\r\n  \"properties\": {\r\n    \"vmId\": \"73234d6e-1665-4fe2-874c-4ece94bfb6b0\",\r\n
        \   \"hardwareProfile\": {\r\n      \"vmSize\": \"Standard_DS3_v2\"\r\n    },\r\n
        \   \"storageProfile\": {\r\n      \"imageReference\": {\r\n        \"publisher\":
        \"Canonical\",\r\n        \"offer\": \"UbuntuServer\",\r\n        \"sku\":
        \"18.04-LTS\",\r\n        \"version\": \"latest\",\r\n        \"exactVersion\":
        \"18.04.202012111\"\r\n      },\r\n      \"osDisk\": {\r\n        \"osType\":
        \"Linux\",\r\n        \"name\": \"multinicvm1_OsDisk_1_c1add2006f9b44afbf8e31a136bf6c70\",\r\n
        \       \"createOption\": \"FromImage\",\r\n        \"caching\": \"ReadWrite\",\r\n
        \       \"managedDisk\": {\r\n          \"id\": \"/subscriptions/00000000-0000-0000-0000-000000000000/resourceGroups/cli_test_multi_nic_vm000001/providers/Microsoft.Compute/disks/multinicvm1_OsDisk_1_c1add2006f9b44afbf8e31a136bf6c70\"\r\n
        \       }\r\n      },\r\n      \"dataDisks\": []\r\n    },\r\n    \"osProfile\":
        {\r\n      \"computerName\": \"multinicvm1\",\r\n      \"adminUsername\":
        \"user11\",\r\n      \"linuxConfiguration\": {\r\n        \"disablePasswordAuthentication\":
        true,\r\n        \"ssh\": {\r\n          \"publicKeys\": [\r\n            {\r\n
        \             \"path\": \"/home/user11/.ssh/authorized_keys\",\r\n              \"keyData\":
        \"ssh-rsa AAAAB3NzaC1yc2EAAAADAQABAAACAQCbIg1guRHbI0lV11wWDt1r2cUdcNd27CJsg+SfgC7miZeubtwUhbsPdhMQsfDyhOWHq1+ZL0M+nJZV63d/1dhmhtgyOqejUwrPlzKhydsbrsdUor+JmNJDdW01v7BXHyuymT8G4s09jCasNOwiufbP/qp72ruu0bIA1nySsvlf9pCQAuFkAnVnf/rFhUlOkhtRpwcq8SUNY2zRHR/EKb/4NWY1JzR4sa3q2fWIJdrrX0DvLoa5g9bIEd4Df79ba7v+yiUBOS0zT2ll+z4g9izHK3EO5d8hL4jYxcjKs+wcslSYRWrascfscLgMlMGh0CdKeNTDjHpGPncaf3Z+FwwwjWeuiNBxv7bJo13/8B/098KlVDl4GZqsoBCEjPyJfV6hO0y/LkRGkk7oHWKgeWAfKtfLItRp00eZ4fcJNK9kCaSMmEugoZWcI7NGbZXzqFWqbpRI7NcDP9+WIQ+i9U5vqWsqd/zng4kbuAJ6UuKqIzB0upYrLShfQE3SAck8oaLhJqqq56VfDuASNpJKidV+zq27HfSBmbXnkR/5AK337dc3MXKJypoK/QPMLKUAP5XLPbs+NddJQV7EZXd29DLgp+fRIg3edpKdO7ZErWhv7d+3Kws+e1Y+ypmR2WIVSwVyBEUfgv2C8Ts9gnTF4pNcEY/S2aBicz5Ew2+jdyGNQQ==
        test@example.com\\n\"\r\n            }\r\n          ]\r\n        },\r\n        \"provisionVMAgent\":
        true,\r\n        \"patchSettings\": {\r\n          \"patchMode\": \"ImageDefault\"\r\n
        \       }\r\n      },\r\n      \"secrets\": [],\r\n      \"allowExtensionOperations\":
        true,\r\n      \"requireGuestProvisionSignal\": true\r\n    },\r\n    \"networkProfile\":
        {\"networkInterfaces\":[{\"id\":\"/subscriptions/00000000-0000-0000-0000-000000000000/resourceGroups/cli_test_multi_nic_vm000001/providers/Microsoft.Network/networkInterfaces/nic1\",\"properties\":{\"primary\":true}},{\"id\":\"/subscriptions/00000000-0000-0000-0000-000000000000/resourceGroups/cli_test_multi_nic_vm000001/providers/Microsoft.Network/networkInterfaces/nic2\",\"properties\":{\"primary\":false}},{\"id\":\"/subscriptions/00000000-0000-0000-0000-000000000000/resourceGroups/cli_test_multi_nic_vm000001/providers/Microsoft.Network/networkInterfaces/nic3\",\"properties\":{\"primary\":false}},{\"id\":\"/subscriptions/00000000-0000-0000-0000-000000000000/resourceGroups/cli_test_multi_nic_vm000001/providers/Microsoft.Network/networkInterfaces/nic4\",\"properties\":{\"primary\":false}}]},\r\n
        \   \"provisioningState\": \"Succeeded\",\r\n    \"instanceView\": {\r\n      \"disks\":
        [\r\n        {\r\n          \"name\": \"multinicvm1_OsDisk_1_c1add2006f9b44afbf8e31a136bf6c70\",\r\n
        \         \"statuses\": [\r\n            {\r\n              \"code\": \"ProvisioningState/succeeded\",\r\n
        \             \"level\": \"Info\",\r\n              \"displayStatus\": \"Provisioning
        succeeded\",\r\n              \"time\": \"2020-12-21T22:48:42.6103197+00:00\"\r\n
        \           }\r\n          ]\r\n        }\r\n      ],\r\n      \"hyperVGeneration\":
        \"V1\",\r\n      \"statuses\": [\r\n        {\r\n          \"code\": \"ProvisioningState/succeeded\",\r\n
        \         \"level\": \"Info\",\r\n          \"displayStatus\": \"Provisioning
        succeeded\",\r\n          \"time\": \"2020-12-21T22:48:42.6415647+00:00\"\r\n
        \       },\r\n        {\r\n          \"code\": \"PowerState/deallocated\",\r\n
        \         \"level\": \"Info\",\r\n          \"displayStatus\": \"VM deallocated\"\r\n
        \       }\r\n      ]\r\n    }\r\n  }\r\n}"
    headers:
      cache-control:
      - no-cache
      content-length:
      - '4431'
      content-type:
      - application/json; charset=utf-8
      date:
      - Mon, 21 Dec 2020 22:49:17 GMT
      expires:
      - '-1'
      pragma:
      - no-cache
      server:
      - Microsoft-HTTPAPI/2.0
      - Microsoft-HTTPAPI/2.0
      strict-transport-security:
      - max-age=31536000; includeSubDomains
      transfer-encoding:
      - chunked
      vary:
      - Accept-Encoding
      x-content-type-options:
      - nosniff
      x-ms-ratelimit-remaining-resource:
      - Microsoft.Compute/LowCostGet3Min;3992,Microsoft.Compute/LowCostGet30Min;31945
    status:
      code: 200
      message: OK
- request:
    body: null
    headers:
      Accept:
      - application/json
      Accept-Encoding:
      - gzip, deflate
      CommandName:
      - vm nic remove
      Connection:
      - keep-alive
      ParameterSetName:
      - -g --vm-name --nics --primary-nic
      User-Agent:
      - AZURECLI/2.16.0 azsdk-python-azure-mgmt-network/17.0.0 Python/3.8.6 (Windows-10-10.0.19041-SP0)
    method: GET
    uri: https://management.azure.com/subscriptions/00000000-0000-0000-0000-000000000000/resourceGroups/cli_test_multi_nic_vm000001/providers/Microsoft.Network/networkInterfaces/nic4?api-version=2020-07-01
  response:
    body:
      string: "{\r\n  \"name\": \"nic4\",\r\n  \"id\": \"/subscriptions/00000000-0000-0000-0000-000000000000/resourceGroups/cli_test_multi_nic_vm000001/providers/Microsoft.Network/networkInterfaces/nic4\",\r\n
        \ \"etag\": \"W/\\\"75185b86-b78d-4ca9-a933-3ede42fddfdf\\\"\",\r\n  \"location\":
        \"westus2\",\r\n  \"properties\": {\r\n    \"provisioningState\": \"Succeeded\",\r\n
        \   \"resourceGuid\": \"8d584f96-ff2e-4219-8a38-078020e2a5b4\",\r\n    \"ipConfigurations\":
        [\r\n      {\r\n        \"name\": \"ipconfig1\",\r\n        \"id\": \"/subscriptions/00000000-0000-0000-0000-000000000000/resourceGroups/cli_test_multi_nic_vm000001/providers/Microsoft.Network/networkInterfaces/nic4/ipConfigurations/ipconfig1\",\r\n
        \       \"etag\": \"W/\\\"75185b86-b78d-4ca9-a933-3ede42fddfdf\\\"\",\r\n
        \       \"type\": \"Microsoft.Network/networkInterfaces/ipConfigurations\",\r\n
        \       \"properties\": {\r\n          \"provisioningState\": \"Succeeded\",\r\n
        \         \"privateIPAddress\": \"10.0.0.7\",\r\n          \"privateIPAllocationMethod\":
        \"Dynamic\",\r\n          \"subnet\": {\r\n            \"id\": \"/subscriptions/00000000-0000-0000-0000-000000000000/resourceGroups/cli_test_multi_nic_vm000001/providers/Microsoft.Network/virtualNetworks/myvnet/subnets/mysubnet\"\r\n
        \         },\r\n          \"primary\": true,\r\n          \"privateIPAddressVersion\":
        \"IPv4\"\r\n        }\r\n      }\r\n    ],\r\n    \"dnsSettings\": {\r\n      \"dnsServers\":
        [],\r\n      \"appliedDnsServers\": []\r\n    },\r\n    \"macAddress\": \"00-0D-3A-6D-5D-9F\",\r\n
        \   \"enableAcceleratedNetworking\": false,\r\n    \"enableIPForwarding\":
        false,\r\n    \"primary\": false,\r\n    \"virtualMachine\": {\r\n      \"id\":
        \"/subscriptions/00000000-0000-0000-0000-000000000000/resourceGroups/cli_test_multi_nic_vm000001/providers/Microsoft.Compute/virtualMachines/multinicvm1\"\r\n
        \   },\r\n    \"hostedWorkloads\": [],\r\n    \"tapConfigurations\": [],\r\n
        \   \"nicType\": \"Standard\"\r\n  },\r\n  \"type\": \"Microsoft.Network/networkInterfaces\"\r\n}"
    headers:
      cache-control:
      - no-cache
      content-length:
      - '2019'
      content-type:
      - application/json; charset=utf-8
      date:
      - Mon, 21 Dec 2020 22:49:17 GMT
      etag:
      - W/"75185b86-b78d-4ca9-a933-3ede42fddfdf"
      expires:
      - '-1'
      pragma:
      - no-cache
      server:
      - Microsoft-HTTPAPI/2.0
      - Microsoft-HTTPAPI/2.0
      strict-transport-security:
      - max-age=31536000; includeSubDomains
      transfer-encoding:
      - chunked
      vary:
      - Accept-Encoding
      x-content-type-options:
      - nosniff
      x-ms-arm-service-request-id:
      - 7e6ff814-a5d1-4c70-8a93-54dfdf63597e
    status:
      code: 200
      message: OK
- request:
    body: '{"location": "westus2", "tags": {}, "properties": {"hardwareProfile": {"vmSize":
      "Standard_DS3_v2"}, "storageProfile": {"osDisk": {"osType": "Linux", "name":
      "multinicvm1_OsDisk_1_c1add2006f9b44afbf8e31a136bf6c70", "caching": "ReadWrite",
      "createOption": "FromImage", "managedDisk": {"id": "/subscriptions/00000000-0000-0000-0000-000000000000/resourceGroups/cli_test_multi_nic_vm000001/providers/Microsoft.Compute/disks/multinicvm1_OsDisk_1_c1add2006f9b44afbf8e31a136bf6c70"}},
      "dataDisks": []}, "osProfile": {"computerName": "multinicvm1", "adminUsername":
      "user11", "linuxConfiguration": {"disablePasswordAuthentication": true, "ssh":
      {"publicKeys": [{"path": "/home/user11/.ssh/authorized_keys", "keyData": "ssh-rsa
      AAAAB3NzaC1yc2EAAAADAQABAAACAQCbIg1guRHbI0lV11wWDt1r2cUdcNd27CJsg+SfgC7miZeubtwUhbsPdhMQsfDyhOWHq1+ZL0M+nJZV63d/1dhmhtgyOqejUwrPlzKhydsbrsdUor+JmNJDdW01v7BXHyuymT8G4s09jCasNOwiufbP/qp72ruu0bIA1nySsvlf9pCQAuFkAnVnf/rFhUlOkhtRpwcq8SUNY2zRHR/EKb/4NWY1JzR4sa3q2fWIJdrrX0DvLoa5g9bIEd4Df79ba7v+yiUBOS0zT2ll+z4g9izHK3EO5d8hL4jYxcjKs+wcslSYRWrascfscLgMlMGh0CdKeNTDjHpGPncaf3Z+FwwwjWeuiNBxv7bJo13/8B/098KlVDl4GZqsoBCEjPyJfV6hO0y/LkRGkk7oHWKgeWAfKtfLItRp00eZ4fcJNK9kCaSMmEugoZWcI7NGbZXzqFWqbpRI7NcDP9+WIQ+i9U5vqWsqd/zng4kbuAJ6UuKqIzB0upYrLShfQE3SAck8oaLhJqqq56VfDuASNpJKidV+zq27HfSBmbXnkR/5AK337dc3MXKJypoK/QPMLKUAP5XLPbs+NddJQV7EZXd29DLgp+fRIg3edpKdO7ZErWhv7d+3Kws+e1Y+ypmR2WIVSwVyBEUfgv2C8Ts9gnTF4pNcEY/S2aBicz5Ew2+jdyGNQQ==
      test@example.com\n"}]}, "provisionVMAgent": true}, "secrets": [], "allowExtensionOperations":
      true, "requireGuestProvisionSignal": true}, "networkProfile": {"networkInterfaces":
      [{"id": "/subscriptions/00000000-0000-0000-0000-000000000000/resourceGroups/cli_test_multi_nic_vm000001/providers/Microsoft.Network/networkInterfaces/nic1",
      "properties": {"primary": true}}, {"id": "/subscriptions/00000000-0000-0000-0000-000000000000/resourceGroups/cli_test_multi_nic_vm000001/providers/Microsoft.Network/networkInterfaces/nic2",
      "properties": {"primary": false}}, {"id": "/subscriptions/00000000-0000-0000-0000-000000000000/resourceGroups/cli_test_multi_nic_vm000001/providers/Microsoft.Network/networkInterfaces/nic3",
      "properties": {"primary": false}}]}}}'
    headers:
      Accept:
      - application/json
      Accept-Encoding:
      - gzip, deflate
      CommandName:
      - vm nic remove
      Connection:
      - keep-alive
      Content-Length:
      - '2381'
      Content-Type:
      - application/json
      ParameterSetName:
      - -g --vm-name --nics --primary-nic
      User-Agent:
      - AZURECLI/2.16.0 azsdk-python-azure-mgmt-compute/18.0.0 Python/3.8.6 (Windows-10-10.0.19041-SP0)
    method: PUT
    uri: https://management.azure.com/subscriptions/00000000-0000-0000-0000-000000000000/resourceGroups/cli_test_multi_nic_vm000001/providers/Microsoft.Compute/virtualMachines/multinicvm1?api-version=2020-06-01
  response:
    body:
      string: "{\r\n  \"name\": \"multinicvm1\",\r\n  \"id\": \"/subscriptions/00000000-0000-0000-0000-000000000000/resourceGroups/cli_test_multi_nic_vm000001/providers/Microsoft.Compute/virtualMachines/multinicvm1\",\r\n
        \ \"type\": \"Microsoft.Compute/virtualMachines\",\r\n  \"location\": \"westus2\",\r\n
        \ \"tags\": {},\r\n  \"properties\": {\r\n    \"vmId\": \"73234d6e-1665-4fe2-874c-4ece94bfb6b0\",\r\n
        \   \"hardwareProfile\": {\r\n      \"vmSize\": \"Standard_DS3_v2\"\r\n    },\r\n
        \   \"storageProfile\": {\r\n      \"imageReference\": {\r\n        \"publisher\":
        \"Canonical\",\r\n        \"offer\": \"UbuntuServer\",\r\n        \"sku\":
        \"18.04-LTS\",\r\n        \"version\": \"latest\",\r\n        \"exactVersion\":
        \"18.04.202012111\"\r\n      },\r\n      \"osDisk\": {\r\n        \"osType\":
        \"Linux\",\r\n        \"name\": \"multinicvm1_OsDisk_1_c1add2006f9b44afbf8e31a136bf6c70\",\r\n
        \       \"createOption\": \"FromImage\",\r\n        \"caching\": \"ReadWrite\",\r\n
        \       \"managedDisk\": {\r\n          \"id\": \"/subscriptions/00000000-0000-0000-0000-000000000000/resourceGroups/cli_test_multi_nic_vm000001/providers/Microsoft.Compute/disks/multinicvm1_OsDisk_1_c1add2006f9b44afbf8e31a136bf6c70\"\r\n
        \       }\r\n      },\r\n      \"dataDisks\": []\r\n    },\r\n    \"osProfile\":
        {\r\n      \"computerName\": \"multinicvm1\",\r\n      \"adminUsername\":
        \"user11\",\r\n      \"linuxConfiguration\": {\r\n        \"disablePasswordAuthentication\":
        true,\r\n        \"ssh\": {\r\n          \"publicKeys\": [\r\n            {\r\n
        \             \"path\": \"/home/user11/.ssh/authorized_keys\",\r\n              \"keyData\":
        \"ssh-rsa AAAAB3NzaC1yc2EAAAADAQABAAACAQCbIg1guRHbI0lV11wWDt1r2cUdcNd27CJsg+SfgC7miZeubtwUhbsPdhMQsfDyhOWHq1+ZL0M+nJZV63d/1dhmhtgyOqejUwrPlzKhydsbrsdUor+JmNJDdW01v7BXHyuymT8G4s09jCasNOwiufbP/qp72ruu0bIA1nySsvlf9pCQAuFkAnVnf/rFhUlOkhtRpwcq8SUNY2zRHR/EKb/4NWY1JzR4sa3q2fWIJdrrX0DvLoa5g9bIEd4Df79ba7v+yiUBOS0zT2ll+z4g9izHK3EO5d8hL4jYxcjKs+wcslSYRWrascfscLgMlMGh0CdKeNTDjHpGPncaf3Z+FwwwjWeuiNBxv7bJo13/8B/098KlVDl4GZqsoBCEjPyJfV6hO0y/LkRGkk7oHWKgeWAfKtfLItRp00eZ4fcJNK9kCaSMmEugoZWcI7NGbZXzqFWqbpRI7NcDP9+WIQ+i9U5vqWsqd/zng4kbuAJ6UuKqIzB0upYrLShfQE3SAck8oaLhJqqq56VfDuASNpJKidV+zq27HfSBmbXnkR/5AK337dc3MXKJypoK/QPMLKUAP5XLPbs+NddJQV7EZXd29DLgp+fRIg3edpKdO7ZErWhv7d+3Kws+e1Y+ypmR2WIVSwVyBEUfgv2C8Ts9gnTF4pNcEY/S2aBicz5Ew2+jdyGNQQ==
        test@example.com\\n\"\r\n            }\r\n          ]\r\n        },\r\n        \"provisionVMAgent\":
        true,\r\n        \"patchSettings\": {\r\n          \"patchMode\": \"ImageDefault\"\r\n
        \       }\r\n      },\r\n      \"secrets\": [],\r\n      \"allowExtensionOperations\":
        true,\r\n      \"requireGuestProvisionSignal\": true\r\n    },\r\n    \"networkProfile\":
        {\"networkInterfaces\":[{\"id\":\"/subscriptions/00000000-0000-0000-0000-000000000000/resourceGroups/cli_test_multi_nic_vm000001/providers/Microsoft.Network/networkInterfaces/nic1\",\"properties\":{\"primary\":true}},{\"id\":\"/subscriptions/00000000-0000-0000-0000-000000000000/resourceGroups/cli_test_multi_nic_vm000001/providers/Microsoft.Network/networkInterfaces/nic2\",\"properties\":{\"primary\":false}},{\"id\":\"/subscriptions/00000000-0000-0000-0000-000000000000/resourceGroups/cli_test_multi_nic_vm000001/providers/Microsoft.Network/networkInterfaces/nic3\",\"properties\":{\"primary\":false}}]},\r\n
        \   \"provisioningState\": \"Updating\"\r\n  }\r\n}"
    headers:
      azure-asyncnotification:
      - Enabled
      azure-asyncoperation:
      - https://management.azure.com/subscriptions/00000000-0000-0000-0000-000000000000/providers/Microsoft.Compute/locations/westus2/operations/4f89045f-03ee-409c-9568-1852399e232a?api-version=2020-06-01
      cache-control:
      - no-cache
      content-length:
      - '3355'
      content-type:
      - application/json; charset=utf-8
      date:
      - Mon, 21 Dec 2020 22:49:18 GMT
      expires:
      - '-1'
      pragma:
      - no-cache
      server:
      - Microsoft-HTTPAPI/2.0
      - Microsoft-HTTPAPI/2.0
      strict-transport-security:
      - max-age=31536000; includeSubDomains
      transfer-encoding:
      - chunked
      vary:
      - Accept-Encoding
      x-content-type-options:
      - nosniff
      x-ms-ratelimit-remaining-resource:
      - Microsoft.Compute/PutVM3Min;238,Microsoft.Compute/PutVM30Min;1194
      x-ms-ratelimit-remaining-subscription-writes:
      - '1199'
    status:
      code: 200
      message: OK
- request:
    body: null
    headers:
      Accept:
      - '*/*'
      Accept-Encoding:
      - gzip, deflate
      CommandName:
      - vm nic remove
      Connection:
      - keep-alive
      ParameterSetName:
      - -g --vm-name --nics --primary-nic
      User-Agent:
      - AZURECLI/2.16.0 azsdk-python-azure-mgmt-compute/18.0.0 Python/3.8.6 (Windows-10-10.0.19041-SP0)
    method: GET
    uri: https://management.azure.com/subscriptions/00000000-0000-0000-0000-000000000000/providers/Microsoft.Compute/locations/westus2/operations/4f89045f-03ee-409c-9568-1852399e232a?api-version=2020-06-01
  response:
    body:
      string: "{\r\n  \"startTime\": \"2020-12-21T22:49:19.0785316+00:00\",\r\n  \"endTime\":
        \"2020-12-21T22:49:19.7816518+00:00\",\r\n  \"status\": \"Succeeded\",\r\n
        \ \"name\": \"4f89045f-03ee-409c-9568-1852399e232a\"\r\n}"
    headers:
      cache-control:
      - no-cache
      content-length:
      - '184'
      content-type:
      - application/json; charset=utf-8
      date:
      - Mon, 21 Dec 2020 22:49:49 GMT
      expires:
      - '-1'
      pragma:
      - no-cache
      server:
      - Microsoft-HTTPAPI/2.0
      - Microsoft-HTTPAPI/2.0
      strict-transport-security:
      - max-age=31536000; includeSubDomains
      transfer-encoding:
      - chunked
      vary:
      - Accept-Encoding
      x-content-type-options:
      - nosniff
      x-ms-ratelimit-remaining-resource:
      - Microsoft.Compute/GetOperation3Min;14990,Microsoft.Compute/GetOperation30Min;29986
    status:
      code: 200
      message: OK
- request:
    body: null
    headers:
      Accept:
      - '*/*'
      Accept-Encoding:
      - gzip, deflate
      CommandName:
      - vm nic remove
      Connection:
      - keep-alive
      ParameterSetName:
      - -g --vm-name --nics --primary-nic
      User-Agent:
      - AZURECLI/2.16.0 azsdk-python-azure-mgmt-compute/18.0.0 Python/3.8.6 (Windows-10-10.0.19041-SP0)
    method: GET
    uri: https://management.azure.com/subscriptions/00000000-0000-0000-0000-000000000000/resourceGroups/cli_test_multi_nic_vm000001/providers/Microsoft.Compute/virtualMachines/multinicvm1?api-version=2020-06-01
  response:
    body:
      string: "{\r\n  \"name\": \"multinicvm1\",\r\n  \"id\": \"/subscriptions/00000000-0000-0000-0000-000000000000/resourceGroups/cli_test_multi_nic_vm000001/providers/Microsoft.Compute/virtualMachines/multinicvm1\",\r\n
        \ \"type\": \"Microsoft.Compute/virtualMachines\",\r\n  \"location\": \"westus2\",\r\n
        \ \"tags\": {},\r\n  \"properties\": {\r\n    \"vmId\": \"73234d6e-1665-4fe2-874c-4ece94bfb6b0\",\r\n
        \   \"hardwareProfile\": {\r\n      \"vmSize\": \"Standard_DS3_v2\"\r\n    },\r\n
        \   \"storageProfile\": {\r\n      \"imageReference\": {\r\n        \"publisher\":
        \"Canonical\",\r\n        \"offer\": \"UbuntuServer\",\r\n        \"sku\":
        \"18.04-LTS\",\r\n        \"version\": \"latest\",\r\n        \"exactVersion\":
        \"18.04.202012111\"\r\n      },\r\n      \"osDisk\": {\r\n        \"osType\":
        \"Linux\",\r\n        \"name\": \"multinicvm1_OsDisk_1_c1add2006f9b44afbf8e31a136bf6c70\",\r\n
        \       \"createOption\": \"FromImage\",\r\n        \"caching\": \"ReadWrite\",\r\n
        \       \"managedDisk\": {\r\n          \"id\": \"/subscriptions/00000000-0000-0000-0000-000000000000/resourceGroups/cli_test_multi_nic_vm000001/providers/Microsoft.Compute/disks/multinicvm1_OsDisk_1_c1add2006f9b44afbf8e31a136bf6c70\"\r\n
        \       }\r\n      },\r\n      \"dataDisks\": []\r\n    },\r\n    \"osProfile\":
        {\r\n      \"computerName\": \"multinicvm1\",\r\n      \"adminUsername\":
        \"user11\",\r\n      \"linuxConfiguration\": {\r\n        \"disablePasswordAuthentication\":
        true,\r\n        \"ssh\": {\r\n          \"publicKeys\": [\r\n            {\r\n
        \             \"path\": \"/home/user11/.ssh/authorized_keys\",\r\n              \"keyData\":
        \"ssh-rsa AAAAB3NzaC1yc2EAAAADAQABAAACAQCbIg1guRHbI0lV11wWDt1r2cUdcNd27CJsg+SfgC7miZeubtwUhbsPdhMQsfDyhOWHq1+ZL0M+nJZV63d/1dhmhtgyOqejUwrPlzKhydsbrsdUor+JmNJDdW01v7BXHyuymT8G4s09jCasNOwiufbP/qp72ruu0bIA1nySsvlf9pCQAuFkAnVnf/rFhUlOkhtRpwcq8SUNY2zRHR/EKb/4NWY1JzR4sa3q2fWIJdrrX0DvLoa5g9bIEd4Df79ba7v+yiUBOS0zT2ll+z4g9izHK3EO5d8hL4jYxcjKs+wcslSYRWrascfscLgMlMGh0CdKeNTDjHpGPncaf3Z+FwwwjWeuiNBxv7bJo13/8B/098KlVDl4GZqsoBCEjPyJfV6hO0y/LkRGkk7oHWKgeWAfKtfLItRp00eZ4fcJNK9kCaSMmEugoZWcI7NGbZXzqFWqbpRI7NcDP9+WIQ+i9U5vqWsqd/zng4kbuAJ6UuKqIzB0upYrLShfQE3SAck8oaLhJqqq56VfDuASNpJKidV+zq27HfSBmbXnkR/5AK337dc3MXKJypoK/QPMLKUAP5XLPbs+NddJQV7EZXd29DLgp+fRIg3edpKdO7ZErWhv7d+3Kws+e1Y+ypmR2WIVSwVyBEUfgv2C8Ts9gnTF4pNcEY/S2aBicz5Ew2+jdyGNQQ==
        test@example.com\\n\"\r\n            }\r\n          ]\r\n        },\r\n        \"provisionVMAgent\":
        true,\r\n        \"patchSettings\": {\r\n          \"patchMode\": \"ImageDefault\"\r\n
        \       }\r\n      },\r\n      \"secrets\": [],\r\n      \"allowExtensionOperations\":
        true,\r\n      \"requireGuestProvisionSignal\": true\r\n    },\r\n    \"networkProfile\":
        {\"networkInterfaces\":[{\"id\":\"/subscriptions/00000000-0000-0000-0000-000000000000/resourceGroups/cli_test_multi_nic_vm000001/providers/Microsoft.Network/networkInterfaces/nic1\",\"properties\":{\"primary\":true}},{\"id\":\"/subscriptions/00000000-0000-0000-0000-000000000000/resourceGroups/cli_test_multi_nic_vm000001/providers/Microsoft.Network/networkInterfaces/nic2\",\"properties\":{\"primary\":false}},{\"id\":\"/subscriptions/00000000-0000-0000-0000-000000000000/resourceGroups/cli_test_multi_nic_vm000001/providers/Microsoft.Network/networkInterfaces/nic3\",\"properties\":{\"primary\":false}}]},\r\n
        \   \"provisioningState\": \"Succeeded\"\r\n  }\r\n}"
    headers:
      cache-control:
      - no-cache
      content-length:
      - '3356'
      content-type:
      - application/json; charset=utf-8
      date:
      - Mon, 21 Dec 2020 22:49:49 GMT
      expires:
      - '-1'
      pragma:
      - no-cache
      server:
      - Microsoft-HTTPAPI/2.0
      - Microsoft-HTTPAPI/2.0
      strict-transport-security:
      - max-age=31536000; includeSubDomains
      transfer-encoding:
      - chunked
      vary:
      - Accept-Encoding
      x-content-type-options:
      - nosniff
      x-ms-ratelimit-remaining-resource:
      - Microsoft.Compute/LowCostGet3Min;3989,Microsoft.Compute/LowCostGet30Min;31942
    status:
      code: 200
      message: OK
- request:
    body: null
    headers:
      Accept:
      - application/json
      Accept-Encoding:
      - gzip, deflate
      CommandName:
      - vm nic add
      Connection:
      - keep-alive
      ParameterSetName:
      - -g --vm-name --nics
      User-Agent:
      - AZURECLI/2.16.0 azsdk-python-azure-mgmt-compute/18.0.0 Python/3.8.6 (Windows-10-10.0.19041-SP0)
    method: GET
    uri: https://management.azure.com/subscriptions/00000000-0000-0000-0000-000000000000/resourceGroups/cli_test_multi_nic_vm000001/providers/Microsoft.Compute/virtualMachines/multinicvm1?$expand=instanceView&api-version=2020-06-01
  response:
    body:
      string: "{\r\n  \"name\": \"multinicvm1\",\r\n  \"id\": \"/subscriptions/00000000-0000-0000-0000-000000000000/resourceGroups/cli_test_multi_nic_vm000001/providers/Microsoft.Compute/virtualMachines/multinicvm1\",\r\n
        \ \"type\": \"Microsoft.Compute/virtualMachines\",\r\n  \"location\": \"westus2\",\r\n
        \ \"tags\": {},\r\n  \"properties\": {\r\n    \"vmId\": \"73234d6e-1665-4fe2-874c-4ece94bfb6b0\",\r\n
        \   \"hardwareProfile\": {\r\n      \"vmSize\": \"Standard_DS3_v2\"\r\n    },\r\n
        \   \"storageProfile\": {\r\n      \"imageReference\": {\r\n        \"publisher\":
        \"Canonical\",\r\n        \"offer\": \"UbuntuServer\",\r\n        \"sku\":
        \"18.04-LTS\",\r\n        \"version\": \"latest\",\r\n        \"exactVersion\":
        \"18.04.202012111\"\r\n      },\r\n      \"osDisk\": {\r\n        \"osType\":
        \"Linux\",\r\n        \"name\": \"multinicvm1_OsDisk_1_c1add2006f9b44afbf8e31a136bf6c70\",\r\n
        \       \"createOption\": \"FromImage\",\r\n        \"caching\": \"ReadWrite\",\r\n
        \       \"managedDisk\": {\r\n          \"id\": \"/subscriptions/00000000-0000-0000-0000-000000000000/resourceGroups/cli_test_multi_nic_vm000001/providers/Microsoft.Compute/disks/multinicvm1_OsDisk_1_c1add2006f9b44afbf8e31a136bf6c70\"\r\n
        \       }\r\n      },\r\n      \"dataDisks\": []\r\n    },\r\n    \"osProfile\":
        {\r\n      \"computerName\": \"multinicvm1\",\r\n      \"adminUsername\":
        \"user11\",\r\n      \"linuxConfiguration\": {\r\n        \"disablePasswordAuthentication\":
        true,\r\n        \"ssh\": {\r\n          \"publicKeys\": [\r\n            {\r\n
        \             \"path\": \"/home/user11/.ssh/authorized_keys\",\r\n              \"keyData\":
        \"ssh-rsa AAAAB3NzaC1yc2EAAAADAQABAAACAQCbIg1guRHbI0lV11wWDt1r2cUdcNd27CJsg+SfgC7miZeubtwUhbsPdhMQsfDyhOWHq1+ZL0M+nJZV63d/1dhmhtgyOqejUwrPlzKhydsbrsdUor+JmNJDdW01v7BXHyuymT8G4s09jCasNOwiufbP/qp72ruu0bIA1nySsvlf9pCQAuFkAnVnf/rFhUlOkhtRpwcq8SUNY2zRHR/EKb/4NWY1JzR4sa3q2fWIJdrrX0DvLoa5g9bIEd4Df79ba7v+yiUBOS0zT2ll+z4g9izHK3EO5d8hL4jYxcjKs+wcslSYRWrascfscLgMlMGh0CdKeNTDjHpGPncaf3Z+FwwwjWeuiNBxv7bJo13/8B/098KlVDl4GZqsoBCEjPyJfV6hO0y/LkRGkk7oHWKgeWAfKtfLItRp00eZ4fcJNK9kCaSMmEugoZWcI7NGbZXzqFWqbpRI7NcDP9+WIQ+i9U5vqWsqd/zng4kbuAJ6UuKqIzB0upYrLShfQE3SAck8oaLhJqqq56VfDuASNpJKidV+zq27HfSBmbXnkR/5AK337dc3MXKJypoK/QPMLKUAP5XLPbs+NddJQV7EZXd29DLgp+fRIg3edpKdO7ZErWhv7d+3Kws+e1Y+ypmR2WIVSwVyBEUfgv2C8Ts9gnTF4pNcEY/S2aBicz5Ew2+jdyGNQQ==
        test@example.com\\n\"\r\n            }\r\n          ]\r\n        },\r\n        \"provisionVMAgent\":
        true,\r\n        \"patchSettings\": {\r\n          \"patchMode\": \"ImageDefault\"\r\n
        \       }\r\n      },\r\n      \"secrets\": [],\r\n      \"allowExtensionOperations\":
        true,\r\n      \"requireGuestProvisionSignal\": true\r\n    },\r\n    \"networkProfile\":
        {\"networkInterfaces\":[{\"id\":\"/subscriptions/00000000-0000-0000-0000-000000000000/resourceGroups/cli_test_multi_nic_vm000001/providers/Microsoft.Network/networkInterfaces/nic1\",\"properties\":{\"primary\":true}},{\"id\":\"/subscriptions/00000000-0000-0000-0000-000000000000/resourceGroups/cli_test_multi_nic_vm000001/providers/Microsoft.Network/networkInterfaces/nic2\",\"properties\":{\"primary\":false}},{\"id\":\"/subscriptions/00000000-0000-0000-0000-000000000000/resourceGroups/cli_test_multi_nic_vm000001/providers/Microsoft.Network/networkInterfaces/nic3\",\"properties\":{\"primary\":false}}]},\r\n
        \   \"provisioningState\": \"Succeeded\",\r\n    \"instanceView\": {\r\n      \"disks\":
        [\r\n        {\r\n          \"name\": \"multinicvm1_OsDisk_1_c1add2006f9b44afbf8e31a136bf6c70\",\r\n
        \         \"statuses\": [\r\n            {\r\n              \"code\": \"ProvisioningState/succeeded\",\r\n
        \             \"level\": \"Info\",\r\n              \"displayStatus\": \"Provisioning
        succeeded\",\r\n              \"time\": \"2020-12-21T22:49:19.7503978+00:00\"\r\n
        \           }\r\n          ]\r\n        }\r\n      ],\r\n      \"hyperVGeneration\":
        \"V1\",\r\n      \"statuses\": [\r\n        {\r\n          \"code\": \"ProvisioningState/succeeded\",\r\n
        \         \"level\": \"Info\",\r\n          \"displayStatus\": \"Provisioning
        succeeded\",\r\n          \"time\": \"2020-12-21T22:49:19.7660201+00:00\"\r\n
        \       },\r\n        {\r\n          \"code\": \"PowerState/deallocated\",\r\n
        \         \"level\": \"Info\",\r\n          \"displayStatus\": \"VM deallocated\"\r\n
        \       }\r\n      ]\r\n    }\r\n  }\r\n}"
    headers:
      cache-control:
      - no-cache
      content-length:
      - '4197'
      content-type:
      - application/json; charset=utf-8
      date:
      - Mon, 21 Dec 2020 22:49:51 GMT
      expires:
      - '-1'
      pragma:
      - no-cache
      server:
      - Microsoft-HTTPAPI/2.0
      - Microsoft-HTTPAPI/2.0
      strict-transport-security:
      - max-age=31536000; includeSubDomains
      transfer-encoding:
      - chunked
      vary:
      - Accept-Encoding
      x-content-type-options:
      - nosniff
      x-ms-ratelimit-remaining-resource:
      - Microsoft.Compute/LowCostGet3Min;3988,Microsoft.Compute/LowCostGet30Min;31941
    status:
      code: 200
      message: OK
- request:
    body: null
    headers:
      Accept:
      - application/json
      Accept-Encoding:
      - gzip, deflate
      CommandName:
      - vm nic add
      Connection:
      - keep-alive
      ParameterSetName:
      - -g --vm-name --nics
      User-Agent:
      - AZURECLI/2.16.0 azsdk-python-azure-mgmt-network/17.0.0 Python/3.8.6 (Windows-10-10.0.19041-SP0)
    method: GET
    uri: https://management.azure.com/subscriptions/00000000-0000-0000-0000-000000000000/resourceGroups/cli_test_multi_nic_vm000001/providers/Microsoft.Network/networkInterfaces/nic4?api-version=2020-07-01
  response:
    body:
      string: "{\r\n  \"name\": \"nic4\",\r\n  \"id\": \"/subscriptions/00000000-0000-0000-0000-000000000000/resourceGroups/cli_test_multi_nic_vm000001/providers/Microsoft.Network/networkInterfaces/nic4\",\r\n
        \ \"etag\": \"W/\\\"a95b2089-0ec2-46f7-bbfb-9a9758800c8f\\\"\",\r\n  \"location\":
        \"westus2\",\r\n  \"properties\": {\r\n    \"provisioningState\": \"Succeeded\",\r\n
        \   \"resourceGuid\": \"8d584f96-ff2e-4219-8a38-078020e2a5b4\",\r\n    \"ipConfigurations\":
        [\r\n      {\r\n        \"name\": \"ipconfig1\",\r\n        \"id\": \"/subscriptions/00000000-0000-0000-0000-000000000000/resourceGroups/cli_test_multi_nic_vm000001/providers/Microsoft.Network/networkInterfaces/nic4/ipConfigurations/ipconfig1\",\r\n
        \       \"etag\": \"W/\\\"a95b2089-0ec2-46f7-bbfb-9a9758800c8f\\\"\",\r\n
        \       \"type\": \"Microsoft.Network/networkInterfaces/ipConfigurations\",\r\n
        \       \"properties\": {\r\n          \"provisioningState\": \"Succeeded\",\r\n
        \         \"privateIPAddress\": \"10.0.0.7\",\r\n          \"privateIPAllocationMethod\":
        \"Dynamic\",\r\n          \"subnet\": {\r\n            \"id\": \"/subscriptions/00000000-0000-0000-0000-000000000000/resourceGroups/cli_test_multi_nic_vm000001/providers/Microsoft.Network/virtualNetworks/myvnet/subnets/mysubnet\"\r\n
        \         },\r\n          \"primary\": true,\r\n          \"privateIPAddressVersion\":
        \"IPv4\"\r\n        }\r\n      }\r\n    ],\r\n    \"dnsSettings\": {\r\n      \"dnsServers\":
        [],\r\n      \"appliedDnsServers\": []\r\n    },\r\n    \"macAddress\": \"00-0D-3A-6D-5D-9F\",\r\n
        \   \"enableAcceleratedNetworking\": false,\r\n    \"enableIPForwarding\":
        false,\r\n    \"hostedWorkloads\": [],\r\n    \"tapConfigurations\": [],\r\n
        \   \"nicType\": \"Standard\"\r\n  },\r\n  \"type\": \"Microsoft.Network/networkInterfaces\"\r\n}"
    headers:
      cache-control:
      - no-cache
      content-length:
      - '1749'
      content-type:
      - application/json; charset=utf-8
      date:
      - Mon, 21 Dec 2020 22:49:52 GMT
      etag:
      - W/"a95b2089-0ec2-46f7-bbfb-9a9758800c8f"
      expires:
      - '-1'
      pragma:
      - no-cache
      server:
      - Microsoft-HTTPAPI/2.0
      - Microsoft-HTTPAPI/2.0
      strict-transport-security:
      - max-age=31536000; includeSubDomains
      transfer-encoding:
      - chunked
      vary:
      - Accept-Encoding
      x-content-type-options:
      - nosniff
      x-ms-arm-service-request-id:
      - b9fbbdf8-f3a5-46a6-bde7-0e63b3ff2233
    status:
      code: 200
      message: OK
- request:
    body: '{"location": "westus2", "tags": {}, "properties": {"hardwareProfile": {"vmSize":
      "Standard_DS3_v2"}, "storageProfile": {"osDisk": {"osType": "Linux", "name":
      "multinicvm1_OsDisk_1_c1add2006f9b44afbf8e31a136bf6c70", "caching": "ReadWrite",
      "createOption": "FromImage", "managedDisk": {"id": "/subscriptions/00000000-0000-0000-0000-000000000000/resourceGroups/cli_test_multi_nic_vm000001/providers/Microsoft.Compute/disks/multinicvm1_OsDisk_1_c1add2006f9b44afbf8e31a136bf6c70"}},
      "dataDisks": []}, "osProfile": {"computerName": "multinicvm1", "adminUsername":
      "user11", "linuxConfiguration": {"disablePasswordAuthentication": true, "ssh":
      {"publicKeys": [{"path": "/home/user11/.ssh/authorized_keys", "keyData": "ssh-rsa
      AAAAB3NzaC1yc2EAAAADAQABAAACAQCbIg1guRHbI0lV11wWDt1r2cUdcNd27CJsg+SfgC7miZeubtwUhbsPdhMQsfDyhOWHq1+ZL0M+nJZV63d/1dhmhtgyOqejUwrPlzKhydsbrsdUor+JmNJDdW01v7BXHyuymT8G4s09jCasNOwiufbP/qp72ruu0bIA1nySsvlf9pCQAuFkAnVnf/rFhUlOkhtRpwcq8SUNY2zRHR/EKb/4NWY1JzR4sa3q2fWIJdrrX0DvLoa5g9bIEd4Df79ba7v+yiUBOS0zT2ll+z4g9izHK3EO5d8hL4jYxcjKs+wcslSYRWrascfscLgMlMGh0CdKeNTDjHpGPncaf3Z+FwwwjWeuiNBxv7bJo13/8B/098KlVDl4GZqsoBCEjPyJfV6hO0y/LkRGkk7oHWKgeWAfKtfLItRp00eZ4fcJNK9kCaSMmEugoZWcI7NGbZXzqFWqbpRI7NcDP9+WIQ+i9U5vqWsqd/zng4kbuAJ6UuKqIzB0upYrLShfQE3SAck8oaLhJqqq56VfDuASNpJKidV+zq27HfSBmbXnkR/5AK337dc3MXKJypoK/QPMLKUAP5XLPbs+NddJQV7EZXd29DLgp+fRIg3edpKdO7ZErWhv7d+3Kws+e1Y+ypmR2WIVSwVyBEUfgv2C8Ts9gnTF4pNcEY/S2aBicz5Ew2+jdyGNQQ==
      test@example.com\n"}]}, "provisionVMAgent": true}, "secrets": [], "allowExtensionOperations":
      true, "requireGuestProvisionSignal": true}, "networkProfile": {"networkInterfaces":
      [{"id": "/subscriptions/00000000-0000-0000-0000-000000000000/resourceGroups/cli_test_multi_nic_vm000001/providers/Microsoft.Network/networkInterfaces/nic1",
      "properties": {"primary": true}}, {"id": "/subscriptions/00000000-0000-0000-0000-000000000000/resourceGroups/cli_test_multi_nic_vm000001/providers/Microsoft.Network/networkInterfaces/nic2",
      "properties": {"primary": false}}, {"id": "/subscriptions/00000000-0000-0000-0000-000000000000/resourceGroups/cli_test_multi_nic_vm000001/providers/Microsoft.Network/networkInterfaces/nic3",
      "properties": {"primary": false}}, {"id": "/subscriptions/00000000-0000-0000-0000-000000000000/resourceGroups/cli_test_multi_nic_vm000001/providers/Microsoft.Network/networkInterfaces/nic4",
      "properties": {"primary": false}}]}}}'
    headers:
      Accept:
      - application/json
      Accept-Encoding:
      - gzip, deflate
      CommandName:
      - vm nic add
      Connection:
      - keep-alive
      Content-Length:
      - '2620'
      Content-Type:
      - application/json
      ParameterSetName:
      - -g --vm-name --nics
      User-Agent:
      - AZURECLI/2.16.0 azsdk-python-azure-mgmt-compute/18.0.0 Python/3.8.6 (Windows-10-10.0.19041-SP0)
    method: PUT
    uri: https://management.azure.com/subscriptions/00000000-0000-0000-0000-000000000000/resourceGroups/cli_test_multi_nic_vm000001/providers/Microsoft.Compute/virtualMachines/multinicvm1?api-version=2020-06-01
  response:
    body:
      string: "{\r\n  \"name\": \"multinicvm1\",\r\n  \"id\": \"/subscriptions/00000000-0000-0000-0000-000000000000/resourceGroups/cli_test_multi_nic_vm000001/providers/Microsoft.Compute/virtualMachines/multinicvm1\",\r\n
        \ \"type\": \"Microsoft.Compute/virtualMachines\",\r\n  \"location\": \"westus2\",\r\n
        \ \"tags\": {},\r\n  \"properties\": {\r\n    \"vmId\": \"73234d6e-1665-4fe2-874c-4ece94bfb6b0\",\r\n
        \   \"hardwareProfile\": {\r\n      \"vmSize\": \"Standard_DS3_v2\"\r\n    },\r\n
        \   \"storageProfile\": {\r\n      \"imageReference\": {\r\n        \"publisher\":
        \"Canonical\",\r\n        \"offer\": \"UbuntuServer\",\r\n        \"sku\":
        \"18.04-LTS\",\r\n        \"version\": \"latest\",\r\n        \"exactVersion\":
        \"18.04.202012111\"\r\n      },\r\n      \"osDisk\": {\r\n        \"osType\":
        \"Linux\",\r\n        \"name\": \"multinicvm1_OsDisk_1_c1add2006f9b44afbf8e31a136bf6c70\",\r\n
        \       \"createOption\": \"FromImage\",\r\n        \"caching\": \"ReadWrite\",\r\n
        \       \"managedDisk\": {\r\n          \"id\": \"/subscriptions/00000000-0000-0000-0000-000000000000/resourceGroups/cli_test_multi_nic_vm000001/providers/Microsoft.Compute/disks/multinicvm1_OsDisk_1_c1add2006f9b44afbf8e31a136bf6c70\"\r\n
        \       }\r\n      },\r\n      \"dataDisks\": []\r\n    },\r\n    \"osProfile\":
        {\r\n      \"computerName\": \"multinicvm1\",\r\n      \"adminUsername\":
        \"user11\",\r\n      \"linuxConfiguration\": {\r\n        \"disablePasswordAuthentication\":
        true,\r\n        \"ssh\": {\r\n          \"publicKeys\": [\r\n            {\r\n
        \             \"path\": \"/home/user11/.ssh/authorized_keys\",\r\n              \"keyData\":
        \"ssh-rsa AAAAB3NzaC1yc2EAAAADAQABAAACAQCbIg1guRHbI0lV11wWDt1r2cUdcNd27CJsg+SfgC7miZeubtwUhbsPdhMQsfDyhOWHq1+ZL0M+nJZV63d/1dhmhtgyOqejUwrPlzKhydsbrsdUor+JmNJDdW01v7BXHyuymT8G4s09jCasNOwiufbP/qp72ruu0bIA1nySsvlf9pCQAuFkAnVnf/rFhUlOkhtRpwcq8SUNY2zRHR/EKb/4NWY1JzR4sa3q2fWIJdrrX0DvLoa5g9bIEd4Df79ba7v+yiUBOS0zT2ll+z4g9izHK3EO5d8hL4jYxcjKs+wcslSYRWrascfscLgMlMGh0CdKeNTDjHpGPncaf3Z+FwwwjWeuiNBxv7bJo13/8B/098KlVDl4GZqsoBCEjPyJfV6hO0y/LkRGkk7oHWKgeWAfKtfLItRp00eZ4fcJNK9kCaSMmEugoZWcI7NGbZXzqFWqbpRI7NcDP9+WIQ+i9U5vqWsqd/zng4kbuAJ6UuKqIzB0upYrLShfQE3SAck8oaLhJqqq56VfDuASNpJKidV+zq27HfSBmbXnkR/5AK337dc3MXKJypoK/QPMLKUAP5XLPbs+NddJQV7EZXd29DLgp+fRIg3edpKdO7ZErWhv7d+3Kws+e1Y+ypmR2WIVSwVyBEUfgv2C8Ts9gnTF4pNcEY/S2aBicz5Ew2+jdyGNQQ==
        test@example.com\\n\"\r\n            }\r\n          ]\r\n        },\r\n        \"provisionVMAgent\":
        true,\r\n        \"patchSettings\": {\r\n          \"patchMode\": \"ImageDefault\"\r\n
        \       }\r\n      },\r\n      \"secrets\": [],\r\n      \"allowExtensionOperations\":
        true,\r\n      \"requireGuestProvisionSignal\": true\r\n    },\r\n    \"networkProfile\":
        {\"networkInterfaces\":[{\"id\":\"/subscriptions/00000000-0000-0000-0000-000000000000/resourceGroups/cli_test_multi_nic_vm000001/providers/Microsoft.Network/networkInterfaces/nic1\",\"properties\":{\"primary\":true}},{\"id\":\"/subscriptions/00000000-0000-0000-0000-000000000000/resourceGroups/cli_test_multi_nic_vm000001/providers/Microsoft.Network/networkInterfaces/nic2\",\"properties\":{\"primary\":false}},{\"id\":\"/subscriptions/00000000-0000-0000-0000-000000000000/resourceGroups/cli_test_multi_nic_vm000001/providers/Microsoft.Network/networkInterfaces/nic3\",\"properties\":{\"primary\":false}},{\"id\":\"/subscriptions/00000000-0000-0000-0000-000000000000/resourceGroups/cli_test_multi_nic_vm000001/providers/Microsoft.Network/networkInterfaces/nic4\",\"properties\":{\"primary\":false}}]},\r\n
        \   \"provisioningState\": \"Updating\"\r\n  }\r\n}"
    headers:
      azure-asyncnotification:
      - Enabled
      azure-asyncoperation:
      - https://management.azure.com/subscriptions/00000000-0000-0000-0000-000000000000/providers/Microsoft.Compute/locations/westus2/operations/8cba5f3b-d3a6-470b-8eba-e923d6dbafc5?api-version=2020-06-01
      cache-control:
      - no-cache
      content-length:
      - '3589'
      content-type:
      - application/json; charset=utf-8
      date:
      - Mon, 21 Dec 2020 22:49:53 GMT
      expires:
      - '-1'
      pragma:
      - no-cache
      server:
      - Microsoft-HTTPAPI/2.0
      - Microsoft-HTTPAPI/2.0
      strict-transport-security:
      - max-age=31536000; includeSubDomains
      transfer-encoding:
      - chunked
      vary:
      - Accept-Encoding
      x-content-type-options:
      - nosniff
      x-ms-ratelimit-remaining-resource:
      - Microsoft.Compute/PutVM3Min;237,Microsoft.Compute/PutVM30Min;1193
      x-ms-ratelimit-remaining-subscription-writes:
      - '1198'
    status:
      code: 200
      message: OK
- request:
    body: null
    headers:
      Accept:
      - '*/*'
      Accept-Encoding:
      - gzip, deflate
      CommandName:
      - vm nic add
      Connection:
      - keep-alive
      ParameterSetName:
      - -g --vm-name --nics
      User-Agent:
      - AZURECLI/2.16.0 azsdk-python-azure-mgmt-compute/18.0.0 Python/3.8.6 (Windows-10-10.0.19041-SP0)
    method: GET
    uri: https://management.azure.com/subscriptions/00000000-0000-0000-0000-000000000000/providers/Microsoft.Compute/locations/westus2/operations/8cba5f3b-d3a6-470b-8eba-e923d6dbafc5?api-version=2020-06-01
  response:
    body:
      string: "{\r\n  \"startTime\": \"2020-12-21T22:49:53.1718145+00:00\",\r\n  \"endTime\":
        \"2020-12-21T22:49:53.8905382+00:00\",\r\n  \"status\": \"Succeeded\",\r\n
        \ \"name\": \"8cba5f3b-d3a6-470b-8eba-e923d6dbafc5\"\r\n}"
    headers:
      cache-control:
      - no-cache
      content-length:
      - '184'
      content-type:
      - application/json; charset=utf-8
      date:
      - Mon, 21 Dec 2020 22:50:23 GMT
      expires:
      - '-1'
      pragma:
      - no-cache
      server:
      - Microsoft-HTTPAPI/2.0
      - Microsoft-HTTPAPI/2.0
      strict-transport-security:
      - max-age=31536000; includeSubDomains
      transfer-encoding:
      - chunked
      vary:
      - Accept-Encoding
      x-content-type-options:
      - nosniff
      x-ms-ratelimit-remaining-resource:
      - Microsoft.Compute/GetOperation3Min;14988,Microsoft.Compute/GetOperation30Min;29988
    status:
      code: 200
      message: OK
- request:
    body: null
    headers:
      Accept:
      - '*/*'
      Accept-Encoding:
      - gzip, deflate
      CommandName:
      - vm nic add
      Connection:
      - keep-alive
      ParameterSetName:
      - -g --vm-name --nics
      User-Agent:
      - AZURECLI/2.16.0 azsdk-python-azure-mgmt-compute/18.0.0 Python/3.8.6 (Windows-10-10.0.19041-SP0)
    method: GET
    uri: https://management.azure.com/subscriptions/00000000-0000-0000-0000-000000000000/resourceGroups/cli_test_multi_nic_vm000001/providers/Microsoft.Compute/virtualMachines/multinicvm1?api-version=2020-06-01
  response:
    body:
      string: "{\r\n  \"name\": \"multinicvm1\",\r\n  \"id\": \"/subscriptions/00000000-0000-0000-0000-000000000000/resourceGroups/cli_test_multi_nic_vm000001/providers/Microsoft.Compute/virtualMachines/multinicvm1\",\r\n
        \ \"type\": \"Microsoft.Compute/virtualMachines\",\r\n  \"location\": \"westus2\",\r\n
        \ \"tags\": {},\r\n  \"properties\": {\r\n    \"vmId\": \"73234d6e-1665-4fe2-874c-4ece94bfb6b0\",\r\n
        \   \"hardwareProfile\": {\r\n      \"vmSize\": \"Standard_DS3_v2\"\r\n    },\r\n
        \   \"storageProfile\": {\r\n      \"imageReference\": {\r\n        \"publisher\":
        \"Canonical\",\r\n        \"offer\": \"UbuntuServer\",\r\n        \"sku\":
        \"18.04-LTS\",\r\n        \"version\": \"latest\",\r\n        \"exactVersion\":
        \"18.04.202012111\"\r\n      },\r\n      \"osDisk\": {\r\n        \"osType\":
        \"Linux\",\r\n        \"name\": \"multinicvm1_OsDisk_1_c1add2006f9b44afbf8e31a136bf6c70\",\r\n
        \       \"createOption\": \"FromImage\",\r\n        \"caching\": \"ReadWrite\",\r\n
        \       \"managedDisk\": {\r\n          \"id\": \"/subscriptions/00000000-0000-0000-0000-000000000000/resourceGroups/cli_test_multi_nic_vm000001/providers/Microsoft.Compute/disks/multinicvm1_OsDisk_1_c1add2006f9b44afbf8e31a136bf6c70\"\r\n
        \       }\r\n      },\r\n      \"dataDisks\": []\r\n    },\r\n    \"osProfile\":
        {\r\n      \"computerName\": \"multinicvm1\",\r\n      \"adminUsername\":
        \"user11\",\r\n      \"linuxConfiguration\": {\r\n        \"disablePasswordAuthentication\":
        true,\r\n        \"ssh\": {\r\n          \"publicKeys\": [\r\n            {\r\n
        \             \"path\": \"/home/user11/.ssh/authorized_keys\",\r\n              \"keyData\":
        \"ssh-rsa AAAAB3NzaC1yc2EAAAADAQABAAACAQCbIg1guRHbI0lV11wWDt1r2cUdcNd27CJsg+SfgC7miZeubtwUhbsPdhMQsfDyhOWHq1+ZL0M+nJZV63d/1dhmhtgyOqejUwrPlzKhydsbrsdUor+JmNJDdW01v7BXHyuymT8G4s09jCasNOwiufbP/qp72ruu0bIA1nySsvlf9pCQAuFkAnVnf/rFhUlOkhtRpwcq8SUNY2zRHR/EKb/4NWY1JzR4sa3q2fWIJdrrX0DvLoa5g9bIEd4Df79ba7v+yiUBOS0zT2ll+z4g9izHK3EO5d8hL4jYxcjKs+wcslSYRWrascfscLgMlMGh0CdKeNTDjHpGPncaf3Z+FwwwjWeuiNBxv7bJo13/8B/098KlVDl4GZqsoBCEjPyJfV6hO0y/LkRGkk7oHWKgeWAfKtfLItRp00eZ4fcJNK9kCaSMmEugoZWcI7NGbZXzqFWqbpRI7NcDP9+WIQ+i9U5vqWsqd/zng4kbuAJ6UuKqIzB0upYrLShfQE3SAck8oaLhJqqq56VfDuASNpJKidV+zq27HfSBmbXnkR/5AK337dc3MXKJypoK/QPMLKUAP5XLPbs+NddJQV7EZXd29DLgp+fRIg3edpKdO7ZErWhv7d+3Kws+e1Y+ypmR2WIVSwVyBEUfgv2C8Ts9gnTF4pNcEY/S2aBicz5Ew2+jdyGNQQ==
        test@example.com\\n\"\r\n            }\r\n          ]\r\n        },\r\n        \"provisionVMAgent\":
        true,\r\n        \"patchSettings\": {\r\n          \"patchMode\": \"ImageDefault\"\r\n
        \       }\r\n      },\r\n      \"secrets\": [],\r\n      \"allowExtensionOperations\":
        true,\r\n      \"requireGuestProvisionSignal\": true\r\n    },\r\n    \"networkProfile\":
        {\"networkInterfaces\":[{\"id\":\"/subscriptions/00000000-0000-0000-0000-000000000000/resourceGroups/cli_test_multi_nic_vm000001/providers/Microsoft.Network/networkInterfaces/nic1\",\"properties\":{\"primary\":true}},{\"id\":\"/subscriptions/00000000-0000-0000-0000-000000000000/resourceGroups/cli_test_multi_nic_vm000001/providers/Microsoft.Network/networkInterfaces/nic2\",\"properties\":{\"primary\":false}},{\"id\":\"/subscriptions/00000000-0000-0000-0000-000000000000/resourceGroups/cli_test_multi_nic_vm000001/providers/Microsoft.Network/networkInterfaces/nic3\",\"properties\":{\"primary\":false}},{\"id\":\"/subscriptions/00000000-0000-0000-0000-000000000000/resourceGroups/cli_test_multi_nic_vm000001/providers/Microsoft.Network/networkInterfaces/nic4\",\"properties\":{\"primary\":false}}]},\r\n
        \   \"provisioningState\": \"Succeeded\"\r\n  }\r\n}"
    headers:
      cache-control:
      - no-cache
      content-length:
      - '3590'
      content-type:
      - application/json; charset=utf-8
      date:
      - Mon, 21 Dec 2020 22:50:23 GMT
      expires:
      - '-1'
      pragma:
      - no-cache
      server:
      - Microsoft-HTTPAPI/2.0
      - Microsoft-HTTPAPI/2.0
      strict-transport-security:
      - max-age=31536000; includeSubDomains
      transfer-encoding:
      - chunked
      vary:
      - Accept-Encoding
      x-content-type-options:
      - nosniff
      x-ms-ratelimit-remaining-resource:
      - Microsoft.Compute/LowCostGet3Min;3985,Microsoft.Compute/LowCostGet30Min;31965
    status:
      code: 200
      message: OK
- request:
    body: null
    headers:
      Accept:
      - application/json
      Accept-Encoding:
      - gzip, deflate
      CommandName:
      - vm nic set
      Connection:
      - keep-alive
      ParameterSetName:
      - -g --vm-name --nics --primary-nic
      User-Agent:
      - AZURECLI/2.16.0 azsdk-python-azure-mgmt-compute/18.0.0 Python/3.8.6 (Windows-10-10.0.19041-SP0)
    method: GET
    uri: https://management.azure.com/subscriptions/00000000-0000-0000-0000-000000000000/resourceGroups/cli_test_multi_nic_vm000001/providers/Microsoft.Compute/virtualMachines/multinicvm1?$expand=instanceView&api-version=2020-06-01
  response:
    body:
      string: "{\r\n  \"name\": \"multinicvm1\",\r\n  \"id\": \"/subscriptions/00000000-0000-0000-0000-000000000000/resourceGroups/cli_test_multi_nic_vm000001/providers/Microsoft.Compute/virtualMachines/multinicvm1\",\r\n
        \ \"type\": \"Microsoft.Compute/virtualMachines\",\r\n  \"location\": \"westus2\",\r\n
        \ \"tags\": {},\r\n  \"properties\": {\r\n    \"vmId\": \"73234d6e-1665-4fe2-874c-4ece94bfb6b0\",\r\n
        \   \"hardwareProfile\": {\r\n      \"vmSize\": \"Standard_DS3_v2\"\r\n    },\r\n
        \   \"storageProfile\": {\r\n      \"imageReference\": {\r\n        \"publisher\":
        \"Canonical\",\r\n        \"offer\": \"UbuntuServer\",\r\n        \"sku\":
        \"18.04-LTS\",\r\n        \"version\": \"latest\",\r\n        \"exactVersion\":
        \"18.04.202012111\"\r\n      },\r\n      \"osDisk\": {\r\n        \"osType\":
        \"Linux\",\r\n        \"name\": \"multinicvm1_OsDisk_1_c1add2006f9b44afbf8e31a136bf6c70\",\r\n
        \       \"createOption\": \"FromImage\",\r\n        \"caching\": \"ReadWrite\",\r\n
        \       \"managedDisk\": {\r\n          \"id\": \"/subscriptions/00000000-0000-0000-0000-000000000000/resourceGroups/cli_test_multi_nic_vm000001/providers/Microsoft.Compute/disks/multinicvm1_OsDisk_1_c1add2006f9b44afbf8e31a136bf6c70\"\r\n
        \       }\r\n      },\r\n      \"dataDisks\": []\r\n    },\r\n    \"osProfile\":
        {\r\n      \"computerName\": \"multinicvm1\",\r\n      \"adminUsername\":
        \"user11\",\r\n      \"linuxConfiguration\": {\r\n        \"disablePasswordAuthentication\":
        true,\r\n        \"ssh\": {\r\n          \"publicKeys\": [\r\n            {\r\n
        \             \"path\": \"/home/user11/.ssh/authorized_keys\",\r\n              \"keyData\":
        \"ssh-rsa AAAAB3NzaC1yc2EAAAADAQABAAACAQCbIg1guRHbI0lV11wWDt1r2cUdcNd27CJsg+SfgC7miZeubtwUhbsPdhMQsfDyhOWHq1+ZL0M+nJZV63d/1dhmhtgyOqejUwrPlzKhydsbrsdUor+JmNJDdW01v7BXHyuymT8G4s09jCasNOwiufbP/qp72ruu0bIA1nySsvlf9pCQAuFkAnVnf/rFhUlOkhtRpwcq8SUNY2zRHR/EKb/4NWY1JzR4sa3q2fWIJdrrX0DvLoa5g9bIEd4Df79ba7v+yiUBOS0zT2ll+z4g9izHK3EO5d8hL4jYxcjKs+wcslSYRWrascfscLgMlMGh0CdKeNTDjHpGPncaf3Z+FwwwjWeuiNBxv7bJo13/8B/098KlVDl4GZqsoBCEjPyJfV6hO0y/LkRGkk7oHWKgeWAfKtfLItRp00eZ4fcJNK9kCaSMmEugoZWcI7NGbZXzqFWqbpRI7NcDP9+WIQ+i9U5vqWsqd/zng4kbuAJ6UuKqIzB0upYrLShfQE3SAck8oaLhJqqq56VfDuASNpJKidV+zq27HfSBmbXnkR/5AK337dc3MXKJypoK/QPMLKUAP5XLPbs+NddJQV7EZXd29DLgp+fRIg3edpKdO7ZErWhv7d+3Kws+e1Y+ypmR2WIVSwVyBEUfgv2C8Ts9gnTF4pNcEY/S2aBicz5Ew2+jdyGNQQ==
        test@example.com\\n\"\r\n            }\r\n          ]\r\n        },\r\n        \"provisionVMAgent\":
        true,\r\n        \"patchSettings\": {\r\n          \"patchMode\": \"ImageDefault\"\r\n
        \       }\r\n      },\r\n      \"secrets\": [],\r\n      \"allowExtensionOperations\":
        true,\r\n      \"requireGuestProvisionSignal\": true\r\n    },\r\n    \"networkProfile\":
        {\"networkInterfaces\":[{\"id\":\"/subscriptions/00000000-0000-0000-0000-000000000000/resourceGroups/cli_test_multi_nic_vm000001/providers/Microsoft.Network/networkInterfaces/nic1\",\"properties\":{\"primary\":true}},{\"id\":\"/subscriptions/00000000-0000-0000-0000-000000000000/resourceGroups/cli_test_multi_nic_vm000001/providers/Microsoft.Network/networkInterfaces/nic2\",\"properties\":{\"primary\":false}},{\"id\":\"/subscriptions/00000000-0000-0000-0000-000000000000/resourceGroups/cli_test_multi_nic_vm000001/providers/Microsoft.Network/networkInterfaces/nic3\",\"properties\":{\"primary\":false}},{\"id\":\"/subscriptions/00000000-0000-0000-0000-000000000000/resourceGroups/cli_test_multi_nic_vm000001/providers/Microsoft.Network/networkInterfaces/nic4\",\"properties\":{\"primary\":false}}]},\r\n
        \   \"provisioningState\": \"Succeeded\",\r\n    \"instanceView\": {\r\n      \"disks\":
        [\r\n        {\r\n          \"name\": \"multinicvm1_OsDisk_1_c1add2006f9b44afbf8e31a136bf6c70\",\r\n
        \         \"statuses\": [\r\n            {\r\n              \"code\": \"ProvisioningState/succeeded\",\r\n
        \             \"level\": \"Info\",\r\n              \"displayStatus\": \"Provisioning
        succeeded\",\r\n              \"time\": \"2020-12-21T22:49:53.8593071+00:00\"\r\n
        \           }\r\n          ]\r\n        }\r\n      ],\r\n      \"hyperVGeneration\":
        \"V1\",\r\n      \"statuses\": [\r\n        {\r\n          \"code\": \"ProvisioningState/succeeded\",\r\n
        \         \"level\": \"Info\",\r\n          \"displayStatus\": \"Provisioning
        succeeded\",\r\n          \"time\": \"2020-12-21T22:49:53.8749346+00:00\"\r\n
        \       },\r\n        {\r\n          \"code\": \"PowerState/deallocated\",\r\n
        \         \"level\": \"Info\",\r\n          \"displayStatus\": \"VM deallocated\"\r\n
        \       }\r\n      ]\r\n    }\r\n  }\r\n}"
    headers:
      cache-control:
      - no-cache
      content-length:
      - '4431'
      content-type:
      - application/json; charset=utf-8
      date:
      - Mon, 21 Dec 2020 22:50:25 GMT
      expires:
      - '-1'
      pragma:
      - no-cache
      server:
      - Microsoft-HTTPAPI/2.0
      - Microsoft-HTTPAPI/2.0
      strict-transport-security:
      - max-age=31536000; includeSubDomains
      transfer-encoding:
      - chunked
      vary:
      - Accept-Encoding
      x-content-type-options:
      - nosniff
      x-ms-ratelimit-remaining-resource:
      - Microsoft.Compute/LowCostGet3Min;3984,Microsoft.Compute/LowCostGet30Min;31964
    status:
      code: 200
      message: OK
- request:
    body: null
    headers:
      Accept:
      - application/json
      Accept-Encoding:
      - gzip, deflate
      CommandName:
      - vm nic set
      Connection:
      - keep-alive
      ParameterSetName:
      - -g --vm-name --nics --primary-nic
      User-Agent:
      - AZURECLI/2.16.0 azsdk-python-azure-mgmt-network/17.0.0 Python/3.8.6 (Windows-10-10.0.19041-SP0)
    method: GET
    uri: https://management.azure.com/subscriptions/00000000-0000-0000-0000-000000000000/resourceGroups/cli_test_multi_nic_vm000001/providers/Microsoft.Network/networkInterfaces/nic1?api-version=2020-07-01
  response:
    body:
      string: "{\r\n  \"name\": \"nic1\",\r\n  \"id\": \"/subscriptions/00000000-0000-0000-0000-000000000000/resourceGroups/cli_test_multi_nic_vm000001/providers/Microsoft.Network/networkInterfaces/nic1\",\r\n
        \ \"etag\": \"W/\\\"3044ddeb-5012-4c90-a080-79aee218f4fb\\\"\",\r\n  \"location\":
        \"westus2\",\r\n  \"properties\": {\r\n    \"provisioningState\": \"Succeeded\",\r\n
        \   \"resourceGuid\": \"378199ce-3e70-4978-b309-42056902e8cf\",\r\n    \"ipConfigurations\":
        [\r\n      {\r\n        \"name\": \"ipconfig1\",\r\n        \"id\": \"/subscriptions/00000000-0000-0000-0000-000000000000/resourceGroups/cli_test_multi_nic_vm000001/providers/Microsoft.Network/networkInterfaces/nic1/ipConfigurations/ipconfig1\",\r\n
        \       \"etag\": \"W/\\\"3044ddeb-5012-4c90-a080-79aee218f4fb\\\"\",\r\n
        \       \"type\": \"Microsoft.Network/networkInterfaces/ipConfigurations\",\r\n
        \       \"properties\": {\r\n          \"provisioningState\": \"Succeeded\",\r\n
        \         \"privateIPAddress\": \"10.0.0.4\",\r\n          \"privateIPAllocationMethod\":
        \"Dynamic\",\r\n          \"subnet\": {\r\n            \"id\": \"/subscriptions/00000000-0000-0000-0000-000000000000/resourceGroups/cli_test_multi_nic_vm000001/providers/Microsoft.Network/virtualNetworks/myvnet/subnets/mysubnet\"\r\n
        \         },\r\n          \"primary\": true,\r\n          \"privateIPAddressVersion\":
        \"IPv4\"\r\n        }\r\n      }\r\n    ],\r\n    \"dnsSettings\": {\r\n      \"dnsServers\":
        [],\r\n      \"appliedDnsServers\": []\r\n    },\r\n    \"macAddress\": \"00-0D-3A-6C-D2-2F\",\r\n
        \   \"enableAcceleratedNetworking\": false,\r\n    \"enableIPForwarding\":
        false,\r\n    \"primary\": true,\r\n    \"virtualMachine\": {\r\n      \"id\":
        \"/subscriptions/00000000-0000-0000-0000-000000000000/resourceGroups/cli_test_multi_nic_vm000001/providers/Microsoft.Compute/virtualMachines/multinicvm1\"\r\n
        \   },\r\n    \"hostedWorkloads\": [],\r\n    \"tapConfigurations\": [],\r\n
        \   \"nicType\": \"Standard\"\r\n  },\r\n  \"type\": \"Microsoft.Network/networkInterfaces\"\r\n}"
    headers:
      cache-control:
      - no-cache
      content-length:
      - '2018'
      content-type:
      - application/json; charset=utf-8
      date:
      - Mon, 21 Dec 2020 22:50:25 GMT
      etag:
      - W/"3044ddeb-5012-4c90-a080-79aee218f4fb"
      expires:
      - '-1'
      pragma:
      - no-cache
      server:
      - Microsoft-HTTPAPI/2.0
      - Microsoft-HTTPAPI/2.0
      strict-transport-security:
      - max-age=31536000; includeSubDomains
      transfer-encoding:
      - chunked
      vary:
      - Accept-Encoding
      x-content-type-options:
      - nosniff
      x-ms-arm-service-request-id:
      - 08b61ff7-a16d-4305-b2fb-2a0252ddba26
    status:
      code: 200
      message: OK
- request:
    body: null
    headers:
      Accept:
      - application/json
      Accept-Encoding:
      - gzip, deflate
      CommandName:
      - vm nic set
      Connection:
      - keep-alive
      ParameterSetName:
      - -g --vm-name --nics --primary-nic
      User-Agent:
      - AZURECLI/2.16.0 azsdk-python-azure-mgmt-network/17.0.0 Python/3.8.6 (Windows-10-10.0.19041-SP0)
    method: GET
    uri: https://management.azure.com/subscriptions/00000000-0000-0000-0000-000000000000/resourceGroups/cli_test_multi_nic_vm000001/providers/Microsoft.Network/networkInterfaces/nic2?api-version=2020-07-01
  response:
    body:
      string: "{\r\n  \"name\": \"nic2\",\r\n  \"id\": \"/subscriptions/00000000-0000-0000-0000-000000000000/resourceGroups/cli_test_multi_nic_vm000001/providers/Microsoft.Network/networkInterfaces/nic2\",\r\n
        \ \"etag\": \"W/\\\"7763dbe8-9576-48b5-b56b-cb10c4e22593\\\"\",\r\n  \"location\":
        \"westus2\",\r\n  \"properties\": {\r\n    \"provisioningState\": \"Succeeded\",\r\n
        \   \"resourceGuid\": \"f1687d88-efa9-49d5-94f4-c496f81ea7ef\",\r\n    \"ipConfigurations\":
        [\r\n      {\r\n        \"name\": \"ipconfig1\",\r\n        \"id\": \"/subscriptions/00000000-0000-0000-0000-000000000000/resourceGroups/cli_test_multi_nic_vm000001/providers/Microsoft.Network/networkInterfaces/nic2/ipConfigurations/ipconfig1\",\r\n
        \       \"etag\": \"W/\\\"7763dbe8-9576-48b5-b56b-cb10c4e22593\\\"\",\r\n
        \       \"type\": \"Microsoft.Network/networkInterfaces/ipConfigurations\",\r\n
        \       \"properties\": {\r\n          \"provisioningState\": \"Succeeded\",\r\n
        \         \"privateIPAddress\": \"10.0.0.5\",\r\n          \"privateIPAllocationMethod\":
        \"Dynamic\",\r\n          \"subnet\": {\r\n            \"id\": \"/subscriptions/00000000-0000-0000-0000-000000000000/resourceGroups/cli_test_multi_nic_vm000001/providers/Microsoft.Network/virtualNetworks/myvnet/subnets/mysubnet\"\r\n
        \         },\r\n          \"primary\": true,\r\n          \"privateIPAddressVersion\":
        \"IPv4\"\r\n        }\r\n      }\r\n    ],\r\n    \"dnsSettings\": {\r\n      \"dnsServers\":
        [],\r\n      \"appliedDnsServers\": []\r\n    },\r\n    \"macAddress\": \"00-0D-3A-6C-D2-43\",\r\n
        \   \"enableAcceleratedNetworking\": false,\r\n    \"enableIPForwarding\":
        false,\r\n    \"primary\": false,\r\n    \"virtualMachine\": {\r\n      \"id\":
        \"/subscriptions/00000000-0000-0000-0000-000000000000/resourceGroups/cli_test_multi_nic_vm000001/providers/Microsoft.Compute/virtualMachines/multinicvm1\"\r\n
        \   },\r\n    \"hostedWorkloads\": [],\r\n    \"tapConfigurations\": [],\r\n
        \   \"nicType\": \"Standard\"\r\n  },\r\n  \"type\": \"Microsoft.Network/networkInterfaces\"\r\n}"
    headers:
      cache-control:
      - no-cache
      content-length:
      - '2019'
      content-type:
      - application/json; charset=utf-8
      date:
      - Mon, 21 Dec 2020 22:50:25 GMT
      etag:
      - W/"7763dbe8-9576-48b5-b56b-cb10c4e22593"
      expires:
      - '-1'
      pragma:
      - no-cache
      server:
      - Microsoft-HTTPAPI/2.0
      - Microsoft-HTTPAPI/2.0
      strict-transport-security:
      - max-age=31536000; includeSubDomains
      transfer-encoding:
      - chunked
      vary:
      - Accept-Encoding
      x-content-type-options:
      - nosniff
      x-ms-arm-service-request-id:
      - 358d9219-88c8-4f30-b33c-6f0f6f7a726b
    status:
      code: 200
      message: OK
- request:
    body: '{"location": "westus2", "tags": {}, "properties": {"hardwareProfile": {"vmSize":
      "Standard_DS3_v2"}, "storageProfile": {"osDisk": {"osType": "Linux", "name":
      "multinicvm1_OsDisk_1_c1add2006f9b44afbf8e31a136bf6c70", "caching": "ReadWrite",
      "createOption": "FromImage", "managedDisk": {"id": "/subscriptions/00000000-0000-0000-0000-000000000000/resourceGroups/cli_test_multi_nic_vm000001/providers/Microsoft.Compute/disks/multinicvm1_OsDisk_1_c1add2006f9b44afbf8e31a136bf6c70"}},
      "dataDisks": []}, "osProfile": {"computerName": "multinicvm1", "adminUsername":
      "user11", "linuxConfiguration": {"disablePasswordAuthentication": true, "ssh":
      {"publicKeys": [{"path": "/home/user11/.ssh/authorized_keys", "keyData": "ssh-rsa
      AAAAB3NzaC1yc2EAAAADAQABAAACAQCbIg1guRHbI0lV11wWDt1r2cUdcNd27CJsg+SfgC7miZeubtwUhbsPdhMQsfDyhOWHq1+ZL0M+nJZV63d/1dhmhtgyOqejUwrPlzKhydsbrsdUor+JmNJDdW01v7BXHyuymT8G4s09jCasNOwiufbP/qp72ruu0bIA1nySsvlf9pCQAuFkAnVnf/rFhUlOkhtRpwcq8SUNY2zRHR/EKb/4NWY1JzR4sa3q2fWIJdrrX0DvLoa5g9bIEd4Df79ba7v+yiUBOS0zT2ll+z4g9izHK3EO5d8hL4jYxcjKs+wcslSYRWrascfscLgMlMGh0CdKeNTDjHpGPncaf3Z+FwwwjWeuiNBxv7bJo13/8B/098KlVDl4GZqsoBCEjPyJfV6hO0y/LkRGkk7oHWKgeWAfKtfLItRp00eZ4fcJNK9kCaSMmEugoZWcI7NGbZXzqFWqbpRI7NcDP9+WIQ+i9U5vqWsqd/zng4kbuAJ6UuKqIzB0upYrLShfQE3SAck8oaLhJqqq56VfDuASNpJKidV+zq27HfSBmbXnkR/5AK337dc3MXKJypoK/QPMLKUAP5XLPbs+NddJQV7EZXd29DLgp+fRIg3edpKdO7ZErWhv7d+3Kws+e1Y+ypmR2WIVSwVyBEUfgv2C8Ts9gnTF4pNcEY/S2aBicz5Ew2+jdyGNQQ==
      test@example.com\n"}]}, "provisionVMAgent": true}, "secrets": [], "allowExtensionOperations":
      true, "requireGuestProvisionSignal": true}, "networkProfile": {"networkInterfaces":
      [{"id": "/subscriptions/00000000-0000-0000-0000-000000000000/resourceGroups/cli_test_multi_nic_vm000001/providers/Microsoft.Network/networkInterfaces/nic1",
      "properties": {"primary": false}}, {"id": "/subscriptions/00000000-0000-0000-0000-000000000000/resourceGroups/cli_test_multi_nic_vm000001/providers/Microsoft.Network/networkInterfaces/nic2",
      "properties": {"primary": true}}]}}}'
    headers:
      Accept:
      - application/json
      Accept-Encoding:
      - gzip, deflate
      CommandName:
      - vm nic set
      Connection:
      - keep-alive
      Content-Length:
      - '2142'
      Content-Type:
      - application/json
      ParameterSetName:
      - -g --vm-name --nics --primary-nic
      User-Agent:
      - AZURECLI/2.16.0 azsdk-python-azure-mgmt-compute/18.0.0 Python/3.8.6 (Windows-10-10.0.19041-SP0)
    method: PUT
    uri: https://management.azure.com/subscriptions/00000000-0000-0000-0000-000000000000/resourceGroups/cli_test_multi_nic_vm000001/providers/Microsoft.Compute/virtualMachines/multinicvm1?api-version=2020-06-01
  response:
    body:
      string: "{\r\n  \"name\": \"multinicvm1\",\r\n  \"id\": \"/subscriptions/00000000-0000-0000-0000-000000000000/resourceGroups/cli_test_multi_nic_vm000001/providers/Microsoft.Compute/virtualMachines/multinicvm1\",\r\n
        \ \"type\": \"Microsoft.Compute/virtualMachines\",\r\n  \"location\": \"westus2\",\r\n
        \ \"tags\": {},\r\n  \"properties\": {\r\n    \"vmId\": \"73234d6e-1665-4fe2-874c-4ece94bfb6b0\",\r\n
        \   \"hardwareProfile\": {\r\n      \"vmSize\": \"Standard_DS3_v2\"\r\n    },\r\n
        \   \"storageProfile\": {\r\n      \"imageReference\": {\r\n        \"publisher\":
        \"Canonical\",\r\n        \"offer\": \"UbuntuServer\",\r\n        \"sku\":
        \"18.04-LTS\",\r\n        \"version\": \"latest\",\r\n        \"exactVersion\":
        \"18.04.202012111\"\r\n      },\r\n      \"osDisk\": {\r\n        \"osType\":
        \"Linux\",\r\n        \"name\": \"multinicvm1_OsDisk_1_c1add2006f9b44afbf8e31a136bf6c70\",\r\n
        \       \"createOption\": \"FromImage\",\r\n        \"caching\": \"ReadWrite\",\r\n
        \       \"managedDisk\": {\r\n          \"id\": \"/subscriptions/00000000-0000-0000-0000-000000000000/resourceGroups/cli_test_multi_nic_vm000001/providers/Microsoft.Compute/disks/multinicvm1_OsDisk_1_c1add2006f9b44afbf8e31a136bf6c70\"\r\n
        \       }\r\n      },\r\n      \"dataDisks\": []\r\n    },\r\n    \"osProfile\":
        {\r\n      \"computerName\": \"multinicvm1\",\r\n      \"adminUsername\":
        \"user11\",\r\n      \"linuxConfiguration\": {\r\n        \"disablePasswordAuthentication\":
        true,\r\n        \"ssh\": {\r\n          \"publicKeys\": [\r\n            {\r\n
        \             \"path\": \"/home/user11/.ssh/authorized_keys\",\r\n              \"keyData\":
        \"ssh-rsa AAAAB3NzaC1yc2EAAAADAQABAAACAQCbIg1guRHbI0lV11wWDt1r2cUdcNd27CJsg+SfgC7miZeubtwUhbsPdhMQsfDyhOWHq1+ZL0M+nJZV63d/1dhmhtgyOqejUwrPlzKhydsbrsdUor+JmNJDdW01v7BXHyuymT8G4s09jCasNOwiufbP/qp72ruu0bIA1nySsvlf9pCQAuFkAnVnf/rFhUlOkhtRpwcq8SUNY2zRHR/EKb/4NWY1JzR4sa3q2fWIJdrrX0DvLoa5g9bIEd4Df79ba7v+yiUBOS0zT2ll+z4g9izHK3EO5d8hL4jYxcjKs+wcslSYRWrascfscLgMlMGh0CdKeNTDjHpGPncaf3Z+FwwwjWeuiNBxv7bJo13/8B/098KlVDl4GZqsoBCEjPyJfV6hO0y/LkRGkk7oHWKgeWAfKtfLItRp00eZ4fcJNK9kCaSMmEugoZWcI7NGbZXzqFWqbpRI7NcDP9+WIQ+i9U5vqWsqd/zng4kbuAJ6UuKqIzB0upYrLShfQE3SAck8oaLhJqqq56VfDuASNpJKidV+zq27HfSBmbXnkR/5AK337dc3MXKJypoK/QPMLKUAP5XLPbs+NddJQV7EZXd29DLgp+fRIg3edpKdO7ZErWhv7d+3Kws+e1Y+ypmR2WIVSwVyBEUfgv2C8Ts9gnTF4pNcEY/S2aBicz5Ew2+jdyGNQQ==
        test@example.com\\n\"\r\n            }\r\n          ]\r\n        },\r\n        \"provisionVMAgent\":
        true,\r\n        \"patchSettings\": {\r\n          \"patchMode\": \"ImageDefault\"\r\n
        \       }\r\n      },\r\n      \"secrets\": [],\r\n      \"allowExtensionOperations\":
        true,\r\n      \"requireGuestProvisionSignal\": true\r\n    },\r\n    \"networkProfile\":
        {\"networkInterfaces\":[{\"id\":\"/subscriptions/00000000-0000-0000-0000-000000000000/resourceGroups/cli_test_multi_nic_vm000001/providers/Microsoft.Network/networkInterfaces/nic1\",\"properties\":{\"primary\":false}},{\"id\":\"/subscriptions/00000000-0000-0000-0000-000000000000/resourceGroups/cli_test_multi_nic_vm000001/providers/Microsoft.Network/networkInterfaces/nic2\",\"properties\":{\"primary\":true}}]},\r\n
        \   \"provisioningState\": \"Updating\"\r\n  }\r\n}"
    headers:
      azure-asyncnotification:
      - Enabled
      azure-asyncoperation:
      - https://management.azure.com/subscriptions/00000000-0000-0000-0000-000000000000/providers/Microsoft.Compute/locations/westus2/operations/97ceab15-585b-4cc9-bd60-c978b4a2fa48?api-version=2020-06-01
      cache-control:
      - no-cache
      content-length:
      - '3121'
      content-type:
      - application/json; charset=utf-8
      date:
      - Mon, 21 Dec 2020 22:50:27 GMT
      expires:
      - '-1'
      pragma:
      - no-cache
      server:
      - Microsoft-HTTPAPI/2.0
      - Microsoft-HTTPAPI/2.0
      strict-transport-security:
      - max-age=31536000; includeSubDomains
      transfer-encoding:
      - chunked
      vary:
      - Accept-Encoding
      x-content-type-options:
      - nosniff
      x-ms-ratelimit-remaining-resource:
      - Microsoft.Compute/PutVM3Min;237,Microsoft.Compute/PutVM30Min;1195
      x-ms-ratelimit-remaining-subscription-writes:
      - '1198'
    status:
      code: 200
      message: OK
- request:
    body: null
    headers:
      Accept:
      - '*/*'
      Accept-Encoding:
      - gzip, deflate
      CommandName:
      - vm nic set
      Connection:
      - keep-alive
      ParameterSetName:
      - -g --vm-name --nics --primary-nic
      User-Agent:
      - AZURECLI/2.16.0 azsdk-python-azure-mgmt-compute/18.0.0 Python/3.8.6 (Windows-10-10.0.19041-SP0)
    method: GET
    uri: https://management.azure.com/subscriptions/00000000-0000-0000-0000-000000000000/providers/Microsoft.Compute/locations/westus2/operations/97ceab15-585b-4cc9-bd60-c978b4a2fa48?api-version=2020-06-01
  response:
    body:
      string: "{\r\n  \"startTime\": \"2020-12-21T22:50:27.061999+00:00\",\r\n  \"endTime\":
        \"2020-12-21T22:50:27.812014+00:00\",\r\n  \"status\": \"Succeeded\",\r\n
        \ \"name\": \"97ceab15-585b-4cc9-bd60-c978b4a2fa48\"\r\n}"
    headers:
      cache-control:
      - no-cache
      content-length:
      - '182'
      content-type:
      - application/json; charset=utf-8
      date:
      - Mon, 21 Dec 2020 22:50:57 GMT
      expires:
      - '-1'
      pragma:
      - no-cache
      server:
      - Microsoft-HTTPAPI/2.0
      - Microsoft-HTTPAPI/2.0
      strict-transport-security:
      - max-age=31536000; includeSubDomains
      transfer-encoding:
      - chunked
      vary:
      - Accept-Encoding
      x-content-type-options:
      - nosniff
      x-ms-ratelimit-remaining-resource:
      - Microsoft.Compute/GetOperation3Min;14988,Microsoft.Compute/GetOperation30Min;29986
    status:
      code: 200
      message: OK
- request:
    body: null
    headers:
      Accept:
      - '*/*'
      Accept-Encoding:
      - gzip, deflate
      CommandName:
      - vm nic set
      Connection:
      - keep-alive
      ParameterSetName:
      - -g --vm-name --nics --primary-nic
      User-Agent:
      - AZURECLI/2.16.0 azsdk-python-azure-mgmt-compute/18.0.0 Python/3.8.6 (Windows-10-10.0.19041-SP0)
    method: GET
    uri: https://management.azure.com/subscriptions/00000000-0000-0000-0000-000000000000/resourceGroups/cli_test_multi_nic_vm000001/providers/Microsoft.Compute/virtualMachines/multinicvm1?api-version=2020-06-01
  response:
    body:
      string: "{\r\n  \"name\": \"multinicvm1\",\r\n  \"id\": \"/subscriptions/00000000-0000-0000-0000-000000000000/resourceGroups/cli_test_multi_nic_vm000001/providers/Microsoft.Compute/virtualMachines/multinicvm1\",\r\n
        \ \"type\": \"Microsoft.Compute/virtualMachines\",\r\n  \"location\": \"westus2\",\r\n
        \ \"tags\": {},\r\n  \"properties\": {\r\n    \"vmId\": \"73234d6e-1665-4fe2-874c-4ece94bfb6b0\",\r\n
        \   \"hardwareProfile\": {\r\n      \"vmSize\": \"Standard_DS3_v2\"\r\n    },\r\n
        \   \"storageProfile\": {\r\n      \"imageReference\": {\r\n        \"publisher\":
        \"Canonical\",\r\n        \"offer\": \"UbuntuServer\",\r\n        \"sku\":
        \"18.04-LTS\",\r\n        \"version\": \"latest\",\r\n        \"exactVersion\":
        \"18.04.202012111\"\r\n      },\r\n      \"osDisk\": {\r\n        \"osType\":
        \"Linux\",\r\n        \"name\": \"multinicvm1_OsDisk_1_c1add2006f9b44afbf8e31a136bf6c70\",\r\n
        \       \"createOption\": \"FromImage\",\r\n        \"caching\": \"ReadWrite\",\r\n
        \       \"managedDisk\": {\r\n          \"id\": \"/subscriptions/00000000-0000-0000-0000-000000000000/resourceGroups/cli_test_multi_nic_vm000001/providers/Microsoft.Compute/disks/multinicvm1_OsDisk_1_c1add2006f9b44afbf8e31a136bf6c70\"\r\n
        \       }\r\n      },\r\n      \"dataDisks\": []\r\n    },\r\n    \"osProfile\":
        {\r\n      \"computerName\": \"multinicvm1\",\r\n      \"adminUsername\":
        \"user11\",\r\n      \"linuxConfiguration\": {\r\n        \"disablePasswordAuthentication\":
        true,\r\n        \"ssh\": {\r\n          \"publicKeys\": [\r\n            {\r\n
        \             \"path\": \"/home/user11/.ssh/authorized_keys\",\r\n              \"keyData\":
        \"ssh-rsa AAAAB3NzaC1yc2EAAAADAQABAAACAQCbIg1guRHbI0lV11wWDt1r2cUdcNd27CJsg+SfgC7miZeubtwUhbsPdhMQsfDyhOWHq1+ZL0M+nJZV63d/1dhmhtgyOqejUwrPlzKhydsbrsdUor+JmNJDdW01v7BXHyuymT8G4s09jCasNOwiufbP/qp72ruu0bIA1nySsvlf9pCQAuFkAnVnf/rFhUlOkhtRpwcq8SUNY2zRHR/EKb/4NWY1JzR4sa3q2fWIJdrrX0DvLoa5g9bIEd4Df79ba7v+yiUBOS0zT2ll+z4g9izHK3EO5d8hL4jYxcjKs+wcslSYRWrascfscLgMlMGh0CdKeNTDjHpGPncaf3Z+FwwwjWeuiNBxv7bJo13/8B/098KlVDl4GZqsoBCEjPyJfV6hO0y/LkRGkk7oHWKgeWAfKtfLItRp00eZ4fcJNK9kCaSMmEugoZWcI7NGbZXzqFWqbpRI7NcDP9+WIQ+i9U5vqWsqd/zng4kbuAJ6UuKqIzB0upYrLShfQE3SAck8oaLhJqqq56VfDuASNpJKidV+zq27HfSBmbXnkR/5AK337dc3MXKJypoK/QPMLKUAP5XLPbs+NddJQV7EZXd29DLgp+fRIg3edpKdO7ZErWhv7d+3Kws+e1Y+ypmR2WIVSwVyBEUfgv2C8Ts9gnTF4pNcEY/S2aBicz5Ew2+jdyGNQQ==
        test@example.com\\n\"\r\n            }\r\n          ]\r\n        },\r\n        \"provisionVMAgent\":
        true,\r\n        \"patchSettings\": {\r\n          \"patchMode\": \"ImageDefault\"\r\n
        \       }\r\n      },\r\n      \"secrets\": [],\r\n      \"allowExtensionOperations\":
        true,\r\n      \"requireGuestProvisionSignal\": true\r\n    },\r\n    \"networkProfile\":
        {\"networkInterfaces\":[{\"id\":\"/subscriptions/00000000-0000-0000-0000-000000000000/resourceGroups/cli_test_multi_nic_vm000001/providers/Microsoft.Network/networkInterfaces/nic1\",\"properties\":{\"primary\":false}},{\"id\":\"/subscriptions/00000000-0000-0000-0000-000000000000/resourceGroups/cli_test_multi_nic_vm000001/providers/Microsoft.Network/networkInterfaces/nic2\",\"properties\":{\"primary\":true}}]},\r\n
        \   \"provisioningState\": \"Succeeded\"\r\n  }\r\n}"
    headers:
      cache-control:
      - no-cache
      content-length:
      - '3122'
      content-type:
      - application/json; charset=utf-8
      date:
      - Mon, 21 Dec 2020 22:50:57 GMT
      expires:
      - '-1'
      pragma:
      - no-cache
      server:
      - Microsoft-HTTPAPI/2.0
      - Microsoft-HTTPAPI/2.0
      strict-transport-security:
      - max-age=31536000; includeSubDomains
      transfer-encoding:
      - chunked
      vary:
      - Accept-Encoding
      x-content-type-options:
      - nosniff
      x-ms-ratelimit-remaining-resource:
      - Microsoft.Compute/LowCostGet3Min;3983,Microsoft.Compute/LowCostGet30Min;31961
    status:
      code: 200
      message: OK
version: 1
