interactions:
- request:
    body: null
    headers:
      Accept:
      - application/json
      Accept-Encoding:
      - gzip, deflate
      CommandName:
      - vm create
      Connection:
      - keep-alive
      ParameterSetName:
      - -g -n --image --use-unmanaged-disk --admin-username --admin-password --authentication-type
        --nsg-rule
      User-Agent:
      - AZURECLI/2.30.0 azsdk-python-azure-mgmt-resource/19.0.0 Python/3.9.5 (Windows-10-10.0.19043-SP0)
    method: GET
    uri: https://management.azure.com/subscriptions/00000000-0000-0000-0000-000000000000/resourcegroups/cli_test_vm_custom_image_conflict000001?api-version=2021-04-01
  response:
    body:
      string: '{"id":"/subscriptions/00000000-0000-0000-0000-000000000000/resourceGroups/cli_test_vm_custom_image_conflict000001","name":"cli_test_vm_custom_image_conflict000001","type":"Microsoft.Resources/resourceGroups","location":"westus","tags":{"product":"azurecli","cause":"automation","date":"2021-11-15T11:41:13Z"},"properties":{"provisioningState":"Succeeded"}}'
    headers:
      cache-control:
      - no-cache
      content-length:
      - '428'
      content-type:
      - application/json; charset=utf-8
      date:
      - Mon, 15 Nov 2021 11:41:18 GMT
      expires:
      - '-1'
      pragma:
      - no-cache
      strict-transport-security:
      - max-age=31536000; includeSubDomains
      vary:
      - Accept-Encoding
      x-content-type-options:
      - nosniff
    status:
      code: 200
      message: OK
- request:
    body: null
    headers:
      Accept:
      - '*/*'
      Accept-Encoding:
      - gzip, deflate
      Connection:
      - keep-alive
      User-Agent:
      - python-requests/2.25.1
    method: GET
    uri: https://raw.githubusercontent.com/Azure/azure-rest-api-specs/master/arm-compute/quickstart-templates/aliases.json
  response:
    body:
      string: "{\n  \"$schema\": \"http://schema.management.azure.com/schemas/2015-01-01/deploymentTemplate.json\",\n
        \ \"contentVersion\": \"1.0.0.0\",\n  \"parameters\": {},\n  \"variables\":
        {},\n  \"resources\": [],\n  \"outputs\": {\n    \"aliases\": {\n      \"type\":
        \"object\",\n      \"value\": {\n        \"Linux\": {\n          \"CentOS\":
        {\n            \"publisher\": \"OpenLogic\",\n            \"offer\": \"CentOS\",\n
        \           \"sku\": \"7.5\",\n            \"version\": \"latest\"\n          },\n
        \         \"Debian\": {\n            \"publisher\": \"Debian\",\n            \"offer\":
        \"debian-10\",\n            \"sku\": \"10\",\n            \"version\": \"latest\"\n
        \         },\n          \"Flatcar\": {\n            \"publisher\": \"kinvolk\",\n
        \           \"offer\": \"flatcar-container-linux-free\",\n            \"sku\":
        \"stable\",\n            \"version\": \"latest\"\n          },\n          \"openSUSE-Leap\":
        {\n            \"publisher\": \"SUSE\",\n            \"offer\": \"openSUSE-Leap\",\n
        \           \"sku\": \"42.3\",\n            \"version\": \"latest\"\n          },\n
        \         \"RHEL\": {\n            \"publisher\": \"RedHat\",\n            \"offer\":
        \"RHEL\",\n            \"sku\": \"7-LVM\",\n            \"version\": \"latest\"\n
        \         },\n          \"SLES\": {\n            \"publisher\": \"SUSE\",\n
        \           \"offer\": \"SLES\",\n            \"sku\": \"15\",\n            \"version\":
        \"latest\"\n          },\n          \"UbuntuLTS\": {\n            \"publisher\":
        \"Canonical\",\n            \"offer\": \"UbuntuServer\",\n            \"sku\":
        \"18.04-LTS\",\n            \"version\": \"latest\"\n          }\n        },\n
        \       \"Windows\": {\n          \"Win2019Datacenter\": {\n            \"publisher\":
        \"MicrosoftWindowsServer\",\n            \"offer\": \"WindowsServer\",\n            \"sku\":
        \"2019-Datacenter\",\n            \"version\": \"latest\"\n          },\n
        \         \"Win2016Datacenter\": {\n            \"publisher\": \"MicrosoftWindowsServer\",\n
        \           \"offer\": \"WindowsServer\",\n            \"sku\": \"2016-Datacenter\",\n
        \           \"version\": \"latest\"\n          },\n          \"Win2012R2Datacenter\":
        {\n            \"publisher\": \"MicrosoftWindowsServer\",\n            \"offer\":
        \"WindowsServer\",\n            \"sku\": \"2012-R2-Datacenter\",\n            \"version\":
        \"latest\"\n          },\n          \"Win2012Datacenter\": {\n            \"publisher\":
        \"MicrosoftWindowsServer\",\n            \"offer\": \"WindowsServer\",\n            \"sku\":
        \"2012-Datacenter\",\n            \"version\": \"latest\"\n          },\n
        \         \"Win2008R2SP1\": {\n            \"publisher\": \"MicrosoftWindowsServer\",\n
        \           \"offer\": \"WindowsServer\",\n            \"sku\": \"2008-R2-SP1\",\n
        \           \"version\": \"latest\"\n          }\n        }\n      }\n    }\n
        \ }\n}\n"
    headers:
      accept-ranges:
      - bytes
      access-control-allow-origin:
      - '*'
      cache-control:
      - max-age=300
      connection:
      - keep-alive
      content-length:
      - '2525'
      content-security-policy:
      - default-src 'none'; style-src 'unsafe-inline'; sandbox
      content-type:
      - text/plain; charset=utf-8
      date:
      - Mon, 15 Nov 2021 11:41:19 GMT
      etag:
      - W/"54bceef15b892f2aa7f4c2145a49f1b5e33608722acdbb47933d7b6cbebbd7f4"
      expires:
      - Mon, 15 Nov 2021 11:46:19 GMT
      source-age:
      - '222'
      strict-transport-security:
      - max-age=31536000
      vary:
      - Authorization,Accept-Encoding,Origin
      via:
      - 1.1 varnish
      x-cache:
      - HIT
      x-cache-hits:
      - '1'
      x-content-type-options:
      - nosniff
      x-fastly-request-id:
      - 33a84a0beada71d44f470ef2c7dc26d949d73850
      x-frame-options:
      - deny
      x-github-request-id:
      - A35A:385E:134090:1AC51A:6191232D
      x-served-by:
      - cache-qpg1253-QPG
      x-timer:
      - S1636976479.316934,VS0,VE1
      x-xss-protection:
      - 1; mode=block
    status:
      code: 200
      message: OK
- request:
    body: null
    headers:
      Accept:
      - application/json
      Accept-Encoding:
      - gzip, deflate
      CommandName:
      - vm create
      Connection:
      - keep-alive
      ParameterSetName:
      - -g -n --image --use-unmanaged-disk --admin-username --admin-password --authentication-type
        --nsg-rule
      User-Agent:
      - AZURECLI/2.30.0 azsdk-python-azure-mgmt-storage/19.0.0 Python/3.9.5 (Windows-10-10.0.19043-SP0)
    method: GET
    uri: https://management.azure.com/subscriptions/00000000-0000-0000-0000-000000000000/resourceGroups/cli_test_vm_custom_image_conflict000001/providers/Microsoft.Storage/storageAccounts?api-version=2021-06-01
  response:
    body:
      string: '{"value":[]}'
    headers:
      cache-control:
      - no-cache
      content-length:
      - '12'
      content-type:
      - application/json; charset=utf-8
      date:
      - Mon, 15 Nov 2021 11:41:20 GMT
      expires:
      - '-1'
      pragma:
      - no-cache
      strict-transport-security:
      - max-age=31536000; includeSubDomains
      vary:
      - Accept-Encoding
      x-content-type-options:
      - nosniff
    status:
      code: 200
      message: OK
- request:
    body: null
    headers:
      Accept:
      - application/json, text/json
      Accept-Encoding:
      - gzip, deflate
      CommandName:
      - vm create
      Connection:
      - keep-alive
      ParameterSetName:
      - -g -n --image --use-unmanaged-disk --admin-username --admin-password --authentication-type
        --nsg-rule
      User-Agent:
      - AZURECLI/2.30.0 azsdk-python-azure-mgmt-network/19.3.0 Python/3.9.5 (Windows-10-10.0.19043-SP0)
    method: GET
    uri: https://management.azure.com/subscriptions/00000000-0000-0000-0000-000000000000/resourceGroups/cli_test_vm_custom_image_conflict000001/providers/Microsoft.Network/virtualNetworks?api-version=2018-01-01
  response:
    body:
      string: '{"value":[]}'
    headers:
      cache-control:
      - no-cache
      content-length:
      - '12'
      content-type:
      - application/json; charset=utf-8
      date:
      - Mon, 15 Nov 2021 11:41:21 GMT
      expires:
      - '-1'
      pragma:
      - no-cache
      strict-transport-security:
      - max-age=31536000; includeSubDomains
      vary:
      - Accept-Encoding
      x-content-type-options:
      - nosniff
    status:
      code: 200
      message: OK
- request:
    body: '{"properties": {"template": {"$schema": "https://schema.management.azure.com/schemas/2015-01-01/deploymentTemplate.json#",
      "contentVersion": "1.0.0.0", "parameters": {"adminPassword": {"type": "securestring",
      "metadata": {"description": "Secure adminPassword"}}}, "variables": {}, "resources":
      [{"type": "Microsoft.Storage/storageAccounts", "name": "vhdstorage879547b07835cf",
      "apiVersion": "2015-06-15", "location": "westus", "tags": {}, "dependsOn": [],
      "properties": {"accountType": "Premium_LRS"}}, {"name": "test-vmVNET", "type":
      "Microsoft.Network/virtualNetworks", "location": "westus", "apiVersion": "2015-06-15",
      "dependsOn": [], "tags": {}, "properties": {"addressSpace": {"addressPrefixes":
      ["10.0.0.0/16"]}, "subnets": [{"name": "test-vmSubnet", "properties": {"addressPrefix":
      "10.0.0.0/24"}}]}}, {"type": "Microsoft.Network/networkSecurityGroups", "name":
      "test-vmNSG", "apiVersion": "2015-06-15", "location": "westus", "tags": {},
      "dependsOn": []}, {"apiVersion": "2018-01-01", "type": "Microsoft.Network/publicIPAddresses",
      "name": "test-vmPublicIP", "location": "westus", "tags": {}, "dependsOn": [],
      "properties": {"publicIPAllocationMethod": null}}, {"apiVersion": "2015-06-15",
      "type": "Microsoft.Network/networkInterfaces", "name": "test-vmVMNic", "location":
      "westus", "tags": {}, "dependsOn": ["Microsoft.Network/virtualNetworks/test-vmVNET",
      "Microsoft.Network/networkSecurityGroups/test-vmNSG", "Microsoft.Network/publicIpAddresses/test-vmPublicIP"],
      "properties": {"ipConfigurations": [{"name": "ipconfigtest-vm", "properties":
      {"privateIPAllocationMethod": "Dynamic", "subnet": {"id": "/subscriptions/00000000-0000-0000-0000-000000000000/resourceGroups/cli_test_vm_custom_image_conflict000001/providers/Microsoft.Network/virtualNetworks/test-vmVNET/subnets/test-vmSubnet"},
      "publicIPAddress": {"id": "/subscriptions/00000000-0000-0000-0000-000000000000/resourceGroups/cli_test_vm_custom_image_conflict000001/providers/Microsoft.Network/publicIPAddresses/test-vmPublicIP"}}}],
      "networkSecurityGroup": {"id": "/subscriptions/00000000-0000-0000-0000-000000000000/resourceGroups/cli_test_vm_custom_image_conflict000001/providers/Microsoft.Network/networkSecurityGroups/test-vmNSG"}}},
      {"apiVersion": "2021-07-01", "type": "Microsoft.Compute/virtualMachines", "name":
      "test-vm", "location": "westus", "tags": {}, "dependsOn": ["Microsoft.Storage/storageAccounts/vhdstorage879547b07835cf",
      "Microsoft.Network/networkInterfaces/test-vmVMNic"], "properties": {"hardwareProfile":
      {"vmSize": "Standard_DS1_v2"}, "networkProfile": {"networkInterfaces": [{"id":
      "/subscriptions/00000000-0000-0000-0000-000000000000/resourceGroups/cli_test_vm_custom_image_conflict000001/providers/Microsoft.Network/networkInterfaces/test-vmVMNic",
      "properties": {"deleteOption": null}}]}, "storageProfile": {"osDisk": {"createOption":
      "fromImage", "name": "osdisk_879547b078", "caching": "ReadWrite", "vhd": {"uri":
      "https://vhdstorage879547b07835cf.blob.core.windows.net/vhds/osdisk_879547b078.vhd"}},
      "imageReference": {"publisher": "Debian", "offer": "debian-10", "sku": "10",
      "version": "latest"}}, "osProfile": {"computerName": "test-vm", "adminUsername":
      "ubuntu", "adminPassword": "[parameters(''adminPassword'')]"}, "additionalCapabilities":
      {}}}], "outputs": {}}, "parameters": {"adminPassword": {"value": "testPassword0"}},
      "mode": "incremental"}}'
    headers:
      Accept:
      - application/json
      Accept-Encoding:
      - gzip, deflate
      CommandName:
      - vm create
      Connection:
      - keep-alive
      Content-Length:
      - '3497'
      Content-Type:
      - application/json
      ParameterSetName:
      - -g -n --image --use-unmanaged-disk --admin-username --admin-password --authentication-type
        --nsg-rule
      User-Agent:
      - AZURECLI/2.30.0 azsdk-python-azure-mgmt-resource/19.0.0 Python/3.9.5 (Windows-10-10.0.19043-SP0)
    method: PUT
    uri: https://management.azure.com/subscriptions/00000000-0000-0000-0000-000000000000/resourcegroups/cli_test_vm_custom_image_conflict000001/providers/Microsoft.Resources/deployments/mock-deployment?api-version=2021-04-01
  response:
    body:
      string: '{"id":"/subscriptions/00000000-0000-0000-0000-000000000000/resourceGroups/cli_test_vm_custom_image_conflict000001/providers/Microsoft.Resources/deployments/vm_deploy_Fqs3M22AoNZyYmiV1T95oKXxLXADDlfW","name":"vm_deploy_Fqs3M22AoNZyYmiV1T95oKXxLXADDlfW","type":"Microsoft.Resources/deployments","properties":{"templateHash":"9172152324035137439","parameters":{"adminPassword":{"type":"SecureString"}},"mode":"Incremental","provisioningState":"Accepted","timestamp":"2021-11-15T11:41:28.1288323Z","duration":"PT2.4584548S","correlationId":"9175f841-4219-4a52-8a8b-3f7650e9b849","providers":[{"namespace":"Microsoft.Storage","resourceTypes":[{"resourceType":"storageAccounts","locations":["westus"]}]},{"namespace":"Microsoft.Network","resourceTypes":[{"resourceType":"virtualNetworks","locations":["westus"]},{"resourceType":"networkSecurityGroups","locations":["westus"]},{"resourceType":"publicIPAddresses","locations":["westus"]},{"resourceType":"networkInterfaces","locations":["westus"]}]},{"namespace":"Microsoft.Compute","resourceTypes":[{"resourceType":"virtualMachines","locations":["westus"]}]}],"dependencies":[{"dependsOn":[{"id":"/subscriptions/00000000-0000-0000-0000-000000000000/resourceGroups/cli_test_vm_custom_image_conflict000001/providers/Microsoft.Network/virtualNetworks/test-vmVNET","resourceType":"Microsoft.Network/virtualNetworks","resourceName":"test-vmVNET"},{"id":"/subscriptions/00000000-0000-0000-0000-000000000000/resourceGroups/cli_test_vm_custom_image_conflict000001/providers/Microsoft.Network/networkSecurityGroups/test-vmNSG","resourceType":"Microsoft.Network/networkSecurityGroups","resourceName":"test-vmNSG"},{"id":"/subscriptions/00000000-0000-0000-0000-000000000000/resourceGroups/cli_test_vm_custom_image_conflict000001/providers/Microsoft.Network/publicIPAddresses/test-vmPublicIP","resourceType":"Microsoft.Network/publicIPAddresses","resourceName":"test-vmPublicIP"}],"id":"/subscriptions/00000000-0000-0000-0000-000000000000/resourceGroups/cli_test_vm_custom_image_conflict000001/providers/Microsoft.Network/networkInterfaces/test-vmVMNic","resourceType":"Microsoft.Network/networkInterfaces","resourceName":"test-vmVMNic"},{"dependsOn":[{"id":"/subscriptions/00000000-0000-0000-0000-000000000000/resourceGroups/cli_test_vm_custom_image_conflict000001/providers/Microsoft.Storage/storageAccounts/vhdstorage879547b07835cf","resourceType":"Microsoft.Storage/storageAccounts","resourceName":"vhdstorage879547b07835cf"},{"id":"/subscriptions/00000000-0000-0000-0000-000000000000/resourceGroups/cli_test_vm_custom_image_conflict000001/providers/Microsoft.Network/networkInterfaces/test-vmVMNic","resourceType":"Microsoft.Network/networkInterfaces","resourceName":"test-vmVMNic"}],"id":"/subscriptions/00000000-0000-0000-0000-000000000000/resourceGroups/cli_test_vm_custom_image_conflict000001/providers/Microsoft.Compute/virtualMachines/test-vm","resourceType":"Microsoft.Compute/virtualMachines","resourceName":"test-vm"}]}}'
    headers:
      azure-asyncoperation:
      - https://management.azure.com/subscriptions/00000000-0000-0000-0000-000000000000/resourcegroups/cli_test_vm_custom_image_conflict000001/providers/Microsoft.Resources/deployments/vm_deploy_Fqs3M22AoNZyYmiV1T95oKXxLXADDlfW/operationStatuses/08585646303998072697?api-version=2021-04-01
      cache-control:
      - no-cache
      content-length:
      - '3253'
      content-type:
      - application/json; charset=utf-8
      date:
      - Mon, 15 Nov 2021 11:41:28 GMT
      expires:
      - '-1'
      pragma:
      - no-cache
      strict-transport-security:
      - max-age=31536000; includeSubDomains
      x-content-type-options:
      - nosniff
      x-ms-ratelimit-remaining-subscription-writes:
      - '1199'
    status:
      code: 201
      message: Created
- request:
    body: null
    headers:
      Accept:
      - '*/*'
      Accept-Encoding:
      - gzip, deflate
      CommandName:
      - vm create
      Connection:
      - keep-alive
      ParameterSetName:
      - -g -n --image --use-unmanaged-disk --admin-username --admin-password --authentication-type
        --nsg-rule
      User-Agent:
      - AZURECLI/2.30.0 azsdk-python-azure-mgmt-resource/19.0.0 Python/3.9.5 (Windows-10-10.0.19043-SP0)
    method: GET
    uri: https://management.azure.com/subscriptions/00000000-0000-0000-0000-000000000000/resourcegroups/cli_test_vm_custom_image_conflict000001/providers/Microsoft.Resources/deployments/mock-deployment/operationStatuses/08585646303998072697?api-version=2021-04-01
  response:
    body:
      string: '{"status":"Running"}'
    headers:
      cache-control:
      - no-cache
      content-length:
      - '20'
      content-type:
      - application/json; charset=utf-8
      date:
      - Mon, 15 Nov 2021 11:41:59 GMT
      expires:
      - '-1'
      pragma:
      - no-cache
      strict-transport-security:
      - max-age=31536000; includeSubDomains
      vary:
      - Accept-Encoding
      x-content-type-options:
      - nosniff
    status:
      code: 200
      message: OK
- request:
    body: null
    headers:
      Accept:
      - '*/*'
      Accept-Encoding:
      - gzip, deflate
      CommandName:
      - vm create
      Connection:
      - keep-alive
      ParameterSetName:
      - -g -n --image --use-unmanaged-disk --admin-username --admin-password --authentication-type
        --nsg-rule
      User-Agent:
      - AZURECLI/2.30.0 azsdk-python-azure-mgmt-resource/19.0.0 Python/3.9.5 (Windows-10-10.0.19043-SP0)
    method: GET
    uri: https://management.azure.com/subscriptions/00000000-0000-0000-0000-000000000000/resourcegroups/cli_test_vm_custom_image_conflict000001/providers/Microsoft.Resources/deployments/mock-deployment/operationStatuses/08585646303998072697?api-version=2021-04-01
  response:
    body:
      string: '{"status":"Running"}'
    headers:
      cache-control:
      - no-cache
      content-length:
      - '20'
      content-type:
      - application/json; charset=utf-8
      date:
      - Mon, 15 Nov 2021 11:42:30 GMT
      expires:
      - '-1'
      pragma:
      - no-cache
      strict-transport-security:
      - max-age=31536000; includeSubDomains
      vary:
      - Accept-Encoding
      x-content-type-options:
      - nosniff
    status:
      code: 200
      message: OK
- request:
    body: null
    headers:
      Accept:
      - '*/*'
      Accept-Encoding:
      - gzip, deflate
      CommandName:
      - vm create
      Connection:
      - keep-alive
      ParameterSetName:
      - -g -n --image --use-unmanaged-disk --admin-username --admin-password --authentication-type
        --nsg-rule
      User-Agent:
      - AZURECLI/2.30.0 azsdk-python-azure-mgmt-resource/19.0.0 Python/3.9.5 (Windows-10-10.0.19043-SP0)
    method: GET
    uri: https://management.azure.com/subscriptions/00000000-0000-0000-0000-000000000000/resourcegroups/cli_test_vm_custom_image_conflict000001/providers/Microsoft.Resources/deployments/mock-deployment/operationStatuses/08585646303998072697?api-version=2021-04-01
  response:
    body:
      string: '{"status":"Succeeded"}'
    headers:
      cache-control:
      - no-cache
      content-length:
      - '22'
      content-type:
      - application/json; charset=utf-8
      date:
      - Mon, 15 Nov 2021 11:43:00 GMT
      expires:
      - '-1'
      pragma:
      - no-cache
      strict-transport-security:
      - max-age=31536000; includeSubDomains
      vary:
      - Accept-Encoding
      x-content-type-options:
      - nosniff
    status:
      code: 200
      message: OK
- request:
    body: null
    headers:
      Accept:
      - '*/*'
      Accept-Encoding:
      - gzip, deflate
      CommandName:
      - vm create
      Connection:
      - keep-alive
      ParameterSetName:
      - -g -n --image --use-unmanaged-disk --admin-username --admin-password --authentication-type
        --nsg-rule
      User-Agent:
      - AZURECLI/2.30.0 azsdk-python-azure-mgmt-resource/19.0.0 Python/3.9.5 (Windows-10-10.0.19043-SP0)
    method: GET
    uri: https://management.azure.com/subscriptions/00000000-0000-0000-0000-000000000000/resourcegroups/cli_test_vm_custom_image_conflict000001/providers/Microsoft.Resources/deployments/mock-deployment?api-version=2021-04-01
  response:
    body:
      string: '{"id":"/subscriptions/00000000-0000-0000-0000-000000000000/resourceGroups/cli_test_vm_custom_image_conflict000001/providers/Microsoft.Resources/deployments/vm_deploy_Fqs3M22AoNZyYmiV1T95oKXxLXADDlfW","name":"vm_deploy_Fqs3M22AoNZyYmiV1T95oKXxLXADDlfW","type":"Microsoft.Resources/deployments","properties":{"templateHash":"9172152324035137439","parameters":{"adminPassword":{"type":"SecureString"}},"mode":"Incremental","provisioningState":"Succeeded","timestamp":"2021-11-15T11:42:42.7808104Z","duration":"PT1M17.1104329S","correlationId":"9175f841-4219-4a52-8a8b-3f7650e9b849","providers":[{"namespace":"Microsoft.Storage","resourceTypes":[{"resourceType":"storageAccounts","locations":["westus"]}]},{"namespace":"Microsoft.Network","resourceTypes":[{"resourceType":"virtualNetworks","locations":["westus"]},{"resourceType":"networkSecurityGroups","locations":["westus"]},{"resourceType":"publicIPAddresses","locations":["westus"]},{"resourceType":"networkInterfaces","locations":["westus"]}]},{"namespace":"Microsoft.Compute","resourceTypes":[{"resourceType":"virtualMachines","locations":["westus"]}]}],"dependencies":[{"dependsOn":[{"id":"/subscriptions/00000000-0000-0000-0000-000000000000/resourceGroups/cli_test_vm_custom_image_conflict000001/providers/Microsoft.Network/virtualNetworks/test-vmVNET","resourceType":"Microsoft.Network/virtualNetworks","resourceName":"test-vmVNET"},{"id":"/subscriptions/00000000-0000-0000-0000-000000000000/resourceGroups/cli_test_vm_custom_image_conflict000001/providers/Microsoft.Network/networkSecurityGroups/test-vmNSG","resourceType":"Microsoft.Network/networkSecurityGroups","resourceName":"test-vmNSG"},{"id":"/subscriptions/00000000-0000-0000-0000-000000000000/resourceGroups/cli_test_vm_custom_image_conflict000001/providers/Microsoft.Network/publicIPAddresses/test-vmPublicIP","resourceType":"Microsoft.Network/publicIPAddresses","resourceName":"test-vmPublicIP"}],"id":"/subscriptions/00000000-0000-0000-0000-000000000000/resourceGroups/cli_test_vm_custom_image_conflict000001/providers/Microsoft.Network/networkInterfaces/test-vmVMNic","resourceType":"Microsoft.Network/networkInterfaces","resourceName":"test-vmVMNic"},{"dependsOn":[{"id":"/subscriptions/00000000-0000-0000-0000-000000000000/resourceGroups/cli_test_vm_custom_image_conflict000001/providers/Microsoft.Storage/storageAccounts/vhdstorage879547b07835cf","resourceType":"Microsoft.Storage/storageAccounts","resourceName":"vhdstorage879547b07835cf"},{"id":"/subscriptions/00000000-0000-0000-0000-000000000000/resourceGroups/cli_test_vm_custom_image_conflict000001/providers/Microsoft.Network/networkInterfaces/test-vmVMNic","resourceType":"Microsoft.Network/networkInterfaces","resourceName":"test-vmVMNic"}],"id":"/subscriptions/00000000-0000-0000-0000-000000000000/resourceGroups/cli_test_vm_custom_image_conflict000001/providers/Microsoft.Compute/virtualMachines/test-vm","resourceType":"Microsoft.Compute/virtualMachines","resourceName":"test-vm"}],"outputs":{},"outputResources":[{"id":"/subscriptions/00000000-0000-0000-0000-000000000000/resourceGroups/cli_test_vm_custom_image_conflict000001/providers/Microsoft.Compute/virtualMachines/test-vm"},{"id":"/subscriptions/00000000-0000-0000-0000-000000000000/resourceGroups/cli_test_vm_custom_image_conflict000001/providers/Microsoft.Network/networkInterfaces/test-vmVMNic"},{"id":"/subscriptions/00000000-0000-0000-0000-000000000000/resourceGroups/cli_test_vm_custom_image_conflict000001/providers/Microsoft.Network/networkSecurityGroups/test-vmNSG"},{"id":"/subscriptions/00000000-0000-0000-0000-000000000000/resourceGroups/cli_test_vm_custom_image_conflict000001/providers/Microsoft.Network/publicIPAddresses/test-vmPublicIP"},{"id":"/subscriptions/00000000-0000-0000-0000-000000000000/resourceGroups/cli_test_vm_custom_image_conflict000001/providers/Microsoft.Network/virtualNetworks/test-vmVNET"},{"id":"/subscriptions/00000000-0000-0000-0000-000000000000/resourceGroups/cli_test_vm_custom_image_conflict000001/providers/Microsoft.Storage/storageAccounts/vhdstorage879547b07835cf"}]}}'
    headers:
      cache-control:
      - no-cache
      content-length:
      - '4561'
      content-type:
      - application/json; charset=utf-8
      date:
      - Mon, 15 Nov 2021 11:43:00 GMT
      expires:
      - '-1'
      pragma:
      - no-cache
      strict-transport-security:
      - max-age=31536000; includeSubDomains
      vary:
      - Accept-Encoding
      x-content-type-options:
      - nosniff
    status:
      code: 200
      message: OK
- request:
    body: null
    headers:
      Accept:
      - application/json
      Accept-Encoding:
      - gzip, deflate
      CommandName:
      - vm create
      Connection:
      - keep-alive
      ParameterSetName:
      - -g -n --image --use-unmanaged-disk --admin-username --admin-password --authentication-type
        --nsg-rule
      User-Agent:
      - AZURECLI/2.30.0 azsdk-python-azure-mgmt-compute/23.1.0 Python/3.9.5 (Windows-10-10.0.19043-SP0)
    method: GET
    uri: https://management.azure.com/subscriptions/00000000-0000-0000-0000-000000000000/resourceGroups/cli_test_vm_custom_image_conflict000001/providers/Microsoft.Compute/virtualMachines/test-vm?$expand=instanceView&api-version=2021-07-01
  response:
    body:
      string: "{\r\n  \"name\": \"test-vm\",\r\n  \"id\": \"/subscriptions/00000000-0000-0000-0000-000000000000/resourceGroups/cli_test_vm_custom_image_conflict000001/providers/Microsoft.Compute/virtualMachines/test-vm\",\r\n
        \ \"type\": \"Microsoft.Compute/virtualMachines\",\r\n  \"location\": \"westus\",\r\n
        \ \"tags\": {},\r\n  \"properties\": {\r\n    \"vmId\": \"f1945fa6-1edd-4f18-b67a-7c171be1bb38\",\r\n
        \   \"hardwareProfile\": {\r\n      \"vmSize\": \"Standard_DS1_v2\"\r\n    },\r\n
        \   \"storageProfile\": {\r\n      \"imageReference\": {\r\n        \"publisher\":
        \"Debian\",\r\n        \"offer\": \"debian-10\",\r\n        \"sku\": \"10\",\r\n
        \       \"version\": \"latest\",\r\n        \"exactVersion\": \"0.20211011.792\"\r\n
        \     },\r\n      \"osDisk\": {\r\n        \"osType\": \"Linux\",\r\n        \"name\":
        \"osdisk_879547b078\",\r\n        \"createOption\": \"FromImage\",\r\n        \"vhd\":
        {\r\n          \"uri\": \"https://vhdstorage879547b07835cf.blob.core.windows.net/vhds/osdisk_879547b078.vhd\"\r\n
        \       },\r\n        \"caching\": \"ReadWrite\",\r\n        \"deleteOption\":
        \"Detach\",\r\n        \"diskSizeGB\": 30\r\n      },\r\n      \"dataDisks\":
        []\r\n    },\r\n    \"osProfile\": {\r\n      \"computerName\": \"test-vm\",\r\n
        \     \"adminUsername\": \"ubuntu\",\r\n      \"linuxConfiguration\": {\r\n
        \       \"disablePasswordAuthentication\": false,\r\n        \"provisionVMAgent\":
        true,\r\n        \"patchSettings\": {\r\n          \"patchMode\": \"ImageDefault\",\r\n
        \         \"assessmentMode\": \"ImageDefault\"\r\n        }\r\n      },\r\n
        \     \"secrets\": [],\r\n      \"allowExtensionOperations\": true,\r\n      \"requireGuestProvisionSignal\":
        true\r\n    },\r\n    \"networkProfile\": {\"networkInterfaces\":[{\"id\":\"/subscriptions/00000000-0000-0000-0000-000000000000/resourceGroups/cli_test_vm_custom_image_conflict000001/providers/Microsoft.Network/networkInterfaces/test-vmVMNic\"}]},\r\n
        \   \"provisioningState\": \"Succeeded\",\r\n    \"instanceView\": {\r\n      \"computerName\":
        \"test-vm\",\r\n      \"osName\": \"debian\",\r\n      \"osVersion\": \"10.11\",\r\n
        \     \"vmAgent\": {\r\n        \"vmAgentVersion\": \"2.2.45\",\r\n        \"statuses\":
        [\r\n          {\r\n            \"code\": \"ProvisioningState/succeeded\",\r\n
        \           \"level\": \"Info\",\r\n            \"displayStatus\": \"Ready\",\r\n
        \           \"message\": \"Guest Agent is running\",\r\n            \"time\":
        \"2021-11-15T11:42:43+00:00\"\r\n          }\r\n        ],\r\n        \"extensionHandlers\":
        []\r\n      },\r\n      \"disks\": [\r\n        {\r\n          \"name\": \"osdisk_879547b078\",\r\n
        \         \"statuses\": [\r\n            {\r\n              \"code\": \"ProvisioningState/succeeded\",\r\n
        \             \"level\": \"Info\",\r\n              \"displayStatus\": \"Provisioning
        succeeded\",\r\n              \"time\": \"2021-11-15T11:42:16.8688873+00:00\"\r\n
        \           }\r\n          ]\r\n        }\r\n      ],\r\n      \"hyperVGeneration\":
        \"V1\",\r\n      \"statuses\": [\r\n        {\r\n          \"code\": \"ProvisioningState/succeeded\",\r\n
        \         \"level\": \"Info\",\r\n          \"displayStatus\": \"Provisioning
        succeeded\",\r\n          \"time\": \"2021-11-15T11:42:42.1825169+00:00\"\r\n
        \       },\r\n        {\r\n          \"code\": \"PowerState/running\",\r\n
        \         \"level\": \"Info\",\r\n          \"displayStatus\": \"VM running\"\r\n
        \       }\r\n      ]\r\n    }\r\n  }\r\n}"
    headers:
      cache-control:
      - no-cache
      content-length:
      - '3091'
      content-type:
      - application/json; charset=utf-8
      date:
      - Mon, 15 Nov 2021 11:43:03 GMT
      expires:
      - '-1'
      pragma:
      - no-cache
      server:
      - Microsoft-HTTPAPI/2.0
      - Microsoft-HTTPAPI/2.0
      strict-transport-security:
      - max-age=31536000; includeSubDomains
      transfer-encoding:
      - chunked
      vary:
      - Accept-Encoding
      x-content-type-options:
      - nosniff
      x-ms-ratelimit-remaining-resource:
      - Microsoft.Compute/LowCostGet3Min;3995,Microsoft.Compute/LowCostGet30Min;31995
    status:
      code: 200
      message: OK
- request:
    body: null
    headers:
      Accept:
      - application/json, text/json
      Accept-Encoding:
      - gzip, deflate
      CommandName:
      - vm create
      Connection:
      - keep-alive
      ParameterSetName:
      - -g -n --image --use-unmanaged-disk --admin-username --admin-password --authentication-type
        --nsg-rule
      User-Agent:
      - AZURECLI/2.30.0 azsdk-python-azure-mgmt-network/19.3.0 Python/3.9.5 (Windows-10-10.0.19043-SP0)
    method: GET
    uri: https://management.azure.com/subscriptions/00000000-0000-0000-0000-000000000000/resourceGroups/cli_test_vm_custom_image_conflict000001/providers/Microsoft.Network/networkInterfaces/test-vmVMNic?api-version=2018-01-01
  response:
    body:
      string: "{\r\n  \"name\": \"test-vmVMNic\",\r\n  \"id\": \"/subscriptions/00000000-0000-0000-0000-000000000000/resourceGroups/cli_test_vm_custom_image_conflict000001/providers/Microsoft.Network/networkInterfaces/test-vmVMNic\",\r\n
        \ \"etag\": \"W/\\\"79885ee8-8a0b-4edc-b528-3cc12c80b18e\\\"\",\r\n  \"location\":
        \"westus\",\r\n  \"tags\": {},\r\n  \"properties\": {\r\n    \"provisioningState\":
        \"Succeeded\",\r\n    \"resourceGuid\": \"ef9bb1cc-c12d-4199-be87-8d42d53027b9\",\r\n
        \   \"ipConfigurations\": [\r\n      {\r\n        \"name\": \"ipconfigtest-vm\",\r\n
        \       \"id\": \"/subscriptions/00000000-0000-0000-0000-000000000000/resourceGroups/cli_test_vm_custom_image_conflict000001/providers/Microsoft.Network/networkInterfaces/test-vmVMNic/ipConfigurations/ipconfigtest-vm\",\r\n
        \       \"etag\": \"W/\\\"79885ee8-8a0b-4edc-b528-3cc12c80b18e\\\"\",\r\n
        \       \"type\": \"Microsoft.Network/networkInterfaces/ipConfigurations\",\r\n
        \       \"properties\": {\r\n          \"provisioningState\": \"Succeeded\",\r\n
        \         \"privateIPAddress\": \"10.0.0.4\",\r\n          \"privateIPAllocationMethod\":
        \"Dynamic\",\r\n          \"publicIPAddress\": {\r\n            \"id\": \"/subscriptions/00000000-0000-0000-0000-000000000000/resourceGroups/cli_test_vm_custom_image_conflict000001/providers/Microsoft.Network/publicIPAddresses/test-vmPublicIP\"\r\n
        \         },\r\n          \"subnet\": {\r\n            \"id\": \"/subscriptions/00000000-0000-0000-0000-000000000000/resourceGroups/cli_test_vm_custom_image_conflict000001/providers/Microsoft.Network/virtualNetworks/test-vmVNET/subnets/test-vmSubnet\"\r\n
        \         },\r\n          \"primary\": true,\r\n          \"privateIPAddressVersion\":
        \"IPv4\"\r\n        }\r\n      }\r\n    ],\r\n    \"dnsSettings\": {\r\n      \"dnsServers\":
        [],\r\n      \"appliedDnsServers\": [],\r\n      \"internalDomainNameSuffix\":
        \"gxwd3vsemn4ehcdna2n2wph2vb.dx.internal.cloudapp.net\"\r\n    },\r\n    \"macAddress\":
        \"00-22-48-09-80-26\",\r\n    \"enableAcceleratedNetworking\": false,\r\n
        \   \"enableIPForwarding\": false,\r\n    \"networkSecurityGroup\": {\r\n
        \     \"id\": \"/subscriptions/00000000-0000-0000-0000-000000000000/resourceGroups/cli_test_vm_custom_image_conflict000001/providers/Microsoft.Network/networkSecurityGroups/test-vmNSG\"\r\n
        \   },\r\n    \"primary\": true,\r\n    \"virtualMachine\": {\r\n      \"id\":
        \"/subscriptions/00000000-0000-0000-0000-000000000000/resourceGroups/cli_test_vm_custom_image_conflict000001/providers/Microsoft.Compute/virtualMachines/test-vm\"\r\n
        \   }\r\n  },\r\n  \"type\": \"Microsoft.Network/networkInterfaces\"\r\n}"
    headers:
      cache-control:
      - no-cache
      content-length:
      - '2608'
      content-type:
      - application/json; charset=utf-8
      date:
      - Mon, 15 Nov 2021 11:43:04 GMT
      etag:
      - W/"79885ee8-8a0b-4edc-b528-3cc12c80b18e"
      expires:
      - '-1'
      pragma:
      - no-cache
      server:
      - Microsoft-HTTPAPI/2.0
      - Microsoft-HTTPAPI/2.0
      strict-transport-security:
      - max-age=31536000; includeSubDomains
      transfer-encoding:
      - chunked
      vary:
      - Accept-Encoding
      x-content-type-options:
      - nosniff
      x-ms-arm-service-request-id:
      - d922891f-4924-4184-818e-07ac8d48175d
    status:
      code: 200
      message: OK
- request:
    body: null
    headers:
      Accept:
      - application/json, text/json
      Accept-Encoding:
      - gzip, deflate
      CommandName:
      - vm create
      Connection:
      - keep-alive
      ParameterSetName:
      - -g -n --image --use-unmanaged-disk --admin-username --admin-password --authentication-type
        --nsg-rule
      User-Agent:
      - AZURECLI/2.30.0 azsdk-python-azure-mgmt-network/19.3.0 Python/3.9.5 (Windows-10-10.0.19043-SP0)
    method: GET
    uri: https://management.azure.com/subscriptions/00000000-0000-0000-0000-000000000000/resourceGroups/cli_test_vm_custom_image_conflict000001/providers/Microsoft.Network/publicIPAddresses/test-vmPublicIP?api-version=2018-01-01
  response:
    body:
      string: "{\r\n  \"name\": \"test-vmPublicIP\",\r\n  \"id\": \"/subscriptions/00000000-0000-0000-0000-000000000000/resourceGroups/cli_test_vm_custom_image_conflict000001/providers/Microsoft.Network/publicIPAddresses/test-vmPublicIP\",\r\n
        \ \"etag\": \"W/\\\"7cf92531-c9a9-4c6f-9dda-cab31bfa1e84\\\"\",\r\n  \"location\":
        \"westus\",\r\n  \"tags\": {},\r\n  \"properties\": {\r\n    \"provisioningState\":
        \"Succeeded\",\r\n    \"resourceGuid\": \"0e26062f-c47b-4411-8908-cedce5dfc280\",\r\n
        \   \"ipAddress\": \"40.78.42.91\",\r\n    \"publicIPAddressVersion\": \"IPv4\",\r\n
        \   \"publicIPAllocationMethod\": \"Dynamic\",\r\n    \"idleTimeoutInMinutes\":
        4,\r\n    \"ipTags\": [],\r\n    \"ipConfiguration\": {\r\n      \"id\": \"/subscriptions/00000000-0000-0000-0000-000000000000/resourceGroups/cli_test_vm_custom_image_conflict000001/providers/Microsoft.Network/networkInterfaces/test-vmVMNic/ipConfigurations/ipconfigtest-vm\"\r\n
        \   }\r\n  },\r\n  \"type\": \"Microsoft.Network/publicIPAddresses\",\r\n
        \ \"sku\": {\r\n    \"name\": \"Basic\"\r\n  }\r\n}"
    headers:
      cache-control:
      - no-cache
      content-length:
      - '1011'
      content-type:
      - application/json; charset=utf-8
      date:
      - Mon, 15 Nov 2021 11:43:04 GMT
      etag:
      - W/"7cf92531-c9a9-4c6f-9dda-cab31bfa1e84"
      expires:
      - '-1'
      pragma:
      - no-cache
      server:
      - Microsoft-HTTPAPI/2.0
      - Microsoft-HTTPAPI/2.0
      strict-transport-security:
      - max-age=31536000; includeSubDomains
      transfer-encoding:
      - chunked
      vary:
      - Accept-Encoding
      x-content-type-options:
      - nosniff
      x-ms-arm-service-request-id:
      - 03e869af-9b95-4e6c-a042-a62c1871ce16
    status:
      code: 200
      message: OK
- request:
    body: null
    headers:
      Accept:
      - application/json
      Accept-Encoding:
      - gzip, deflate
      CommandName:
      - vm show
      Connection:
      - keep-alive
      ParameterSetName:
      - -g -n
      User-Agent:
      - AZURECLI/2.30.0 azsdk-python-azure-mgmt-compute/23.1.0 Python/3.9.5 (Windows-10-10.0.19043-SP0)
    method: GET
    uri: https://management.azure.com/subscriptions/00000000-0000-0000-0000-000000000000/resourceGroups/cli_test_vm_custom_image_conflict000001/providers/Microsoft.Compute/virtualMachines/test-vm?api-version=2021-07-01
  response:
    body:
      string: "{\r\n  \"name\": \"test-vm\",\r\n  \"id\": \"/subscriptions/00000000-0000-0000-0000-000000000000/resourceGroups/cli_test_vm_custom_image_conflict000001/providers/Microsoft.Compute/virtualMachines/test-vm\",\r\n
        \ \"type\": \"Microsoft.Compute/virtualMachines\",\r\n  \"location\": \"westus\",\r\n
        \ \"tags\": {},\r\n  \"properties\": {\r\n    \"vmId\": \"f1945fa6-1edd-4f18-b67a-7c171be1bb38\",\r\n
        \   \"hardwareProfile\": {\r\n      \"vmSize\": \"Standard_DS1_v2\"\r\n    },\r\n
        \   \"storageProfile\": {\r\n      \"imageReference\": {\r\n        \"publisher\":
        \"Debian\",\r\n        \"offer\": \"debian-10\",\r\n        \"sku\": \"10\",\r\n
        \       \"version\": \"latest\",\r\n        \"exactVersion\": \"0.20211011.792\"\r\n
        \     },\r\n      \"osDisk\": {\r\n        \"osType\": \"Linux\",\r\n        \"name\":
        \"osdisk_879547b078\",\r\n        \"createOption\": \"FromImage\",\r\n        \"vhd\":
        {\r\n          \"uri\": \"https://vhdstorage879547b07835cf.blob.core.windows.net/vhds/osdisk_879547b078.vhd\"\r\n
        \       },\r\n        \"caching\": \"ReadWrite\",\r\n        \"deleteOption\":
        \"Detach\",\r\n        \"diskSizeGB\": 30\r\n      },\r\n      \"dataDisks\":
        []\r\n    },\r\n    \"osProfile\": {\r\n      \"computerName\": \"test-vm\",\r\n
        \     \"adminUsername\": \"ubuntu\",\r\n      \"linuxConfiguration\": {\r\n
        \       \"disablePasswordAuthentication\": false,\r\n        \"provisionVMAgent\":
        true,\r\n        \"patchSettings\": {\r\n          \"patchMode\": \"ImageDefault\",\r\n
        \         \"assessmentMode\": \"ImageDefault\"\r\n        }\r\n      },\r\n
        \     \"secrets\": [],\r\n      \"allowExtensionOperations\": true,\r\n      \"requireGuestProvisionSignal\":
        true\r\n    },\r\n    \"networkProfile\": {\"networkInterfaces\":[{\"id\":\"/subscriptions/00000000-0000-0000-0000-000000000000/resourceGroups/cli_test_vm_custom_image_conflict000001/providers/Microsoft.Network/networkInterfaces/test-vmVMNic\"}]},\r\n
        \   \"provisioningState\": \"Succeeded\"\r\n  }\r\n}"
    headers:
      cache-control:
      - no-cache
      content-length:
      - '1823'
      content-type:
      - application/json; charset=utf-8
      date:
      - Mon, 15 Nov 2021 11:43:06 GMT
      expires:
      - '-1'
      pragma:
      - no-cache
      server:
      - Microsoft-HTTPAPI/2.0
      - Microsoft-HTTPAPI/2.0
      strict-transport-security:
      - max-age=31536000; includeSubDomains
      transfer-encoding:
      - chunked
      vary:
      - Accept-Encoding
      x-content-type-options:
      - nosniff
      x-ms-ratelimit-remaining-resource:
      - Microsoft.Compute/LowCostGet3Min;3993,Microsoft.Compute/LowCostGet30Min;31993
    status:
      code: 200
      message: OK
- request:
    body: null
    headers:
      Accept:
      - '*/*'
      Accept-Encoding:
      - gzip, deflate
      CommandName:
      - vm stop
      Connection:
      - keep-alive
      Content-Length:
      - '0'
      ParameterSetName:
      - -g -n
      User-Agent:
      - AZURECLI/2.30.0 azsdk-python-azure-mgmt-compute/23.1.0 Python/3.9.5 (Windows-10-10.0.19043-SP0)
    method: POST
    uri: https://management.azure.com/subscriptions/00000000-0000-0000-0000-000000000000/resourceGroups/cli_test_vm_custom_image_conflict000001/providers/Microsoft.Compute/virtualMachines/test-vm/powerOff?skipShutdown=false&api-version=2021-07-01
  response:
    body:
      string: ''
    headers:
      azure-asyncoperation:
      - https://management.azure.com/subscriptions/00000000-0000-0000-0000-000000000000/providers/Microsoft.Compute/locations/westus/operations/ba5cbf08-74c8-495d-ae92-af6d3b81d51d?p=571046f6-b640-41c1-86f7-f9f044b5adf9&api-version=2021-07-01
      cache-control:
      - no-cache
      content-length:
      - '0'
      date:
      - Mon, 15 Nov 2021 11:43:08 GMT
      expires:
      - '-1'
      location:
      - https://management.azure.com/subscriptions/00000000-0000-0000-0000-000000000000/providers/Microsoft.Compute/locations/westus/operations/ba5cbf08-74c8-495d-ae92-af6d3b81d51d?p=571046f6-b640-41c1-86f7-f9f044b5adf9&monitor=true&api-version=2021-07-01
      pragma:
      - no-cache
      server:
      - Microsoft-HTTPAPI/2.0
      - Microsoft-HTTPAPI/2.0
      strict-transport-security:
      - max-age=31536000; includeSubDomains
      x-content-type-options:
      - nosniff
      x-ms-ratelimit-remaining-resource:
      - Microsoft.Compute/UpdateVM3Min;239,Microsoft.Compute/UpdateVM30Min;1199
      x-ms-ratelimit-remaining-subscription-writes:
      - '1199'
    status:
      code: 202
      message: Accepted
- request:
    body: null
    headers:
      Accept:
      - '*/*'
      Accept-Encoding:
      - gzip, deflate
      CommandName:
      - vm stop
      Connection:
      - keep-alive
      ParameterSetName:
      - -g -n
      User-Agent:
      - AZURECLI/2.30.0 azsdk-python-azure-mgmt-compute/23.1.0 Python/3.9.5 (Windows-10-10.0.19043-SP0)
    method: GET
    uri: https://management.azure.com/subscriptions/00000000-0000-0000-0000-000000000000/providers/Microsoft.Compute/locations/westus/operations/ba5cbf08-74c8-495d-ae92-af6d3b81d51d?p=571046f6-b640-41c1-86f7-f9f044b5adf9&api-version=2021-07-01
  response:
    body:
      string: "{\r\n  \"startTime\": \"2021-11-15T11:43:08.5899145+00:00\",\r\n  \"endTime\":
        \"2021-11-15T11:43:14.777695+00:00\",\r\n  \"status\": \"Succeeded\",\r\n
        \ \"name\": \"ba5cbf08-74c8-495d-ae92-af6d3b81d51d\"\r\n}"
    headers:
      cache-control:
      - no-cache
      content-length:
      - '183'
      content-type:
      - application/json; charset=utf-8
      date:
      - Mon, 15 Nov 2021 11:43:38 GMT
      expires:
      - '-1'
      pragma:
      - no-cache
      server:
      - Microsoft-HTTPAPI/2.0
      - Microsoft-HTTPAPI/2.0
      strict-transport-security:
      - max-age=31536000; includeSubDomains
      transfer-encoding:
      - chunked
      vary:
      - Accept-Encoding
      x-content-type-options:
      - nosniff
      x-ms-ratelimit-remaining-resource:
      - Microsoft.Compute/GetOperation3Min;14993,Microsoft.Compute/GetOperation30Min;29993
    status:
      code: 200
      message: OK
- request:
    body: null
    headers:
      Accept:
      - '*/*'
      Accept-Encoding:
      - gzip, deflate
      CommandName:
      - vm stop
      Connection:
      - keep-alive
      ParameterSetName:
      - -g -n
      User-Agent:
      - AZURECLI/2.30.0 azsdk-python-azure-mgmt-compute/23.1.0 Python/3.9.5 (Windows-10-10.0.19043-SP0)
    method: GET
    uri: https://management.azure.com/subscriptions/00000000-0000-0000-0000-000000000000/providers/Microsoft.Compute/locations/westus/operations/ba5cbf08-74c8-495d-ae92-af6d3b81d51d?p=571046f6-b640-41c1-86f7-f9f044b5adf9&monitor=true&api-version=2021-07-01
  response:
    body:
      string: ''
    headers:
      cache-control:
      - no-cache
      content-length:
      - '0'
      date:
      - Mon, 15 Nov 2021 11:43:39 GMT
      expires:
      - '-1'
      pragma:
      - no-cache
      server:
      - Microsoft-HTTPAPI/2.0
      - Microsoft-HTTPAPI/2.0
      strict-transport-security:
      - max-age=31536000; includeSubDomains
      x-content-type-options:
      - nosniff
      x-ms-ratelimit-remaining-resource:
      - Microsoft.Compute/GetOperation3Min;14992,Microsoft.Compute/GetOperation30Min;29992
    status:
      code: 200
      message: OK
- request:
    body: null
    headers:
      Accept:
      - application/json
      Accept-Encoding:
      - gzip, deflate
      CommandName:
      - disk create
      Connection:
      - keep-alive
      ParameterSetName:
      - -g -n --source --os-type
      User-Agent:
      - AZURECLI/2.30.0 azsdk-python-azure-mgmt-resource/19.0.0 Python/3.9.5 (Windows-10-10.0.19043-SP0)
    method: GET
    uri: https://management.azure.com/subscriptions/00000000-0000-0000-0000-000000000000/resourcegroups/cli_test_vm_custom_image_conflict000001?api-version=2021-04-01
  response:
    body:
      string: '{"id":"/subscriptions/00000000-0000-0000-0000-000000000000/resourceGroups/cli_test_vm_custom_image_conflict000001","name":"cli_test_vm_custom_image_conflict000001","type":"Microsoft.Resources/resourceGroups","location":"westus","tags":{"product":"azurecli","cause":"automation","date":"2021-11-15T11:41:13Z"},"properties":{"provisioningState":"Succeeded"}}'
    headers:
      cache-control:
      - no-cache
      content-length:
      - '428'
      content-type:
      - application/json; charset=utf-8
      date:
      - Mon, 15 Nov 2021 11:43:40 GMT
      expires:
      - '-1'
      pragma:
      - no-cache
      strict-transport-security:
      - max-age=31536000; includeSubDomains
      vary:
      - Accept-Encoding
      x-content-type-options:
      - nosniff
    status:
      code: 200
      message: OK
- request:
    body: '{"location": "westus", "tags": {}, "sku": {"name": "Premium_LRS"}, "properties":
      {"osType": "Linux", "hyperVGeneration": "V1", "creationData": {"createOption":
      "Import", "storageAccountId": "/subscriptions/00000000-0000-0000-0000-000000000000/resourceGroups/cli_test_vm_custom_image_conflict000001/providers/Microsoft.Storage/storageAccounts/vhdstorage879547b07835cf",
      "sourceUri": "https://vhdstorage879547b07835cf.blob.core.windows.net/vhds/osdisk_879547b078.vhd"}}}'
    headers:
      Accept:
      - application/json
      Accept-Encoding:
      - gzip, deflate
      CommandName:
      - disk create
      Connection:
      - keep-alive
      Content-Length:
      - '504'
      Content-Type:
      - application/json
      ParameterSetName:
      - -g -n --source --os-type
      User-Agent:
      - AZURECLI/2.30.0 azsdk-python-azure-mgmt-compute/23.1.0 Python/3.9.5 (Windows-10-10.0.19043-SP0)
    method: PUT
    uri: https://management.azure.com/subscriptions/00000000-0000-0000-0000-000000000000/resourceGroups/cli_test_vm_custom_image_conflict000001/providers/Microsoft.Compute/disks/test-vm?api-version=2021-04-01
  response:
    body:
      string: "{\r\n  \"name\": \"test-vm\",\r\n  \"location\": \"westus\",\r\n  \"tags\":
        {},\r\n  \"sku\": {\r\n    \"name\": \"Premium_LRS\"\r\n  },\r\n  \"properties\":
        {\r\n    \"osType\": \"Linux\",\r\n    \"hyperVGeneration\": \"V1\",\r\n    \"creationData\":
        {\r\n      \"createOption\": \"Import\",\r\n      \"storageAccountId\": \"/subscriptions/00000000-0000-0000-0000-000000000000/resourceGroups/cli_test_vm_custom_image_conflict000001/providers/Microsoft.Storage/storageAccounts/vhdstorage879547b07835cf\",\r\n
        \     \"sourceUri\": \"https://vhdstorage879547b07835cf.blob.core.windows.net/vhds/osdisk_879547b078.vhd\"\r\n
        \   },\r\n    \"provisioningState\": \"Updating\",\r\n    \"diskSizeBytes\":
        32212254720,\r\n    \"isArmResource\": true\r\n  }\r\n}"
    headers:
      azure-asyncoperation:
      - https://management.azure.com/subscriptions/00000000-0000-0000-0000-000000000000/providers/Microsoft.Compute/locations/westus/DiskOperations/e510c4a1-b150-427b-8029-2c63fc92a43c?p=42128af7-4c72-4222-9761-fb0d8e6cebdc&api-version=2021-04-01
      cache-control:
      - no-cache
      content-length:
      - '700'
      content-type:
      - application/json; charset=utf-8
      date:
      - Mon, 15 Nov 2021 11:43:45 GMT
      expires:
      - '-1'
      location:
      - https://management.azure.com/subscriptions/00000000-0000-0000-0000-000000000000/providers/Microsoft.Compute/locations/westus/DiskOperations/e510c4a1-b150-427b-8029-2c63fc92a43c?p=42128af7-4c72-4222-9761-fb0d8e6cebdc&monitor=true&api-version=2021-04-01
      pragma:
      - no-cache
      server:
      - Microsoft-HTTPAPI/2.0
      - Microsoft-HTTPAPI/2.0
      strict-transport-security:
      - max-age=31536000; includeSubDomains
      x-content-type-options:
      - nosniff
      x-ms-ratelimit-remaining-resource:
      - Microsoft.Compute/CreateUpdateDisks3Min;999,Microsoft.Compute/CreateUpdateDisks30Min;7999
      x-ms-ratelimit-remaining-subscription-writes:
      - '1198'
    status:
      code: 202
      message: Accepted
- request:
    body: null
    headers:
      Accept:
      - '*/*'
      Accept-Encoding:
      - gzip, deflate
      CommandName:
      - disk create
      Connection:
      - keep-alive
      ParameterSetName:
      - -g -n --source --os-type
      User-Agent:
      - AZURECLI/2.30.0 azsdk-python-azure-mgmt-compute/23.1.0 Python/3.9.5 (Windows-10-10.0.19043-SP0)
    method: GET
    uri: https://management.azure.com/subscriptions/00000000-0000-0000-0000-000000000000/providers/Microsoft.Compute/locations/westus/DiskOperations/e510c4a1-b150-427b-8029-2c63fc92a43c?p=42128af7-4c72-4222-9761-fb0d8e6cebdc&api-version=2021-04-01
  response:
    body:
      string: "{\r\n  \"startTime\": \"2021-11-15T11:43:45.0785758+00:00\",\r\n  \"endTime\":
        \"2021-11-15T11:43:45.9846638+00:00\",\r\n  \"status\": \"Succeeded\",\r\n
        \ \"properties\": {\r\n    \"output\": {\r\n  \"name\": \"test-vm\",\r\n  \"id\":
        \"/subscriptions/00000000-0000-0000-0000-000000000000/resourceGroups/cli_test_vm_custom_image_conflict000001/providers/Microsoft.Compute/disks/test-vm\",\r\n
        \ \"type\": \"Microsoft.Compute/disks\",\r\n  \"location\": \"westus\",\r\n
        \ \"tags\": {},\r\n  \"sku\": {\r\n    \"name\": \"Premium_LRS\",\r\n    \"tier\":
        \"Premium\"\r\n  },\r\n  \"properties\": {\r\n    \"osType\": \"Linux\",\r\n
        \   \"hyperVGeneration\": \"V1\",\r\n    \"creationData\": {\r\n      \"createOption\":
        \"Import\",\r\n      \"storageAccountId\": \"/subscriptions/00000000-0000-0000-0000-000000000000/resourceGroups/cli_test_vm_custom_image_conflict000001/providers/Microsoft.Storage/storageAccounts/vhdstorage879547b07835cf\",\r\n
        \     \"sourceUri\": \"https://vhdstorage879547b07835cf.blob.core.windows.net/vhds/osdisk_879547b078.vhd\"\r\n
        \   },\r\n    \"diskSizeGB\": 30,\r\n    \"diskIOPSReadWrite\": 120,\r\n    \"diskMBpsReadWrite\":
        25,\r\n    \"encryption\": {\r\n      \"type\": \"EncryptionAtRestWithPlatformKey\"\r\n
        \   },\r\n    \"networkAccessPolicy\": \"AllowAll\",\r\n    \"publicNetworkAccess\":
        \"Enabled\",\r\n    \"timeCreated\": \"2021-11-15T11:43:45.1721755+00:00\",\r\n
        \   \"provisioningState\": \"Succeeded\",\r\n    \"diskState\": \"Unattached\",\r\n
        \   \"diskSizeBytes\": 32212254720,\r\n    \"uniqueId\": \"721501ae-aca5-43b8-a321-5e6e914de06f\",\r\n
        \   \"tier\": \"P4\"\r\n  }\r\n}\r\n  },\r\n  \"name\": \"e510c4a1-b150-427b-8029-2c63fc92a43c\"\r\n}"
    headers:
      cache-control:
      - no-cache
      content-length:
      - '1563'
      content-type:
      - application/json; charset=utf-8
      date:
      - Mon, 15 Nov 2021 11:43:47 GMT
      expires:
      - '-1'
      pragma:
      - no-cache
      server:
      - Microsoft-HTTPAPI/2.0
      - Microsoft-HTTPAPI/2.0
      strict-transport-security:
      - max-age=31536000; includeSubDomains
      transfer-encoding:
      - chunked
      vary:
      - Accept-Encoding
      x-content-type-options:
      - nosniff
      x-ms-ratelimit-remaining-resource:
      - Microsoft.Compute/GetOperation3Min;49999,Microsoft.Compute/GetOperation30Min;399999
    status:
      code: 200
      message: OK
- request:
    body: null
    headers:
      Accept:
      - '*/*'
      Accept-Encoding:
      - gzip, deflate
      CommandName:
      - disk create
      Connection:
      - keep-alive
      ParameterSetName:
      - -g -n --source --os-type
      User-Agent:
      - AZURECLI/2.30.0 azsdk-python-azure-mgmt-compute/23.1.0 Python/3.9.5 (Windows-10-10.0.19043-SP0)
    method: GET
    uri: https://management.azure.com/subscriptions/00000000-0000-0000-0000-000000000000/resourceGroups/cli_test_vm_custom_image_conflict000001/providers/Microsoft.Compute/disks/test-vm?api-version=2021-04-01
  response:
    body:
      string: "{\r\n  \"name\": \"test-vm\",\r\n  \"id\": \"/subscriptions/00000000-0000-0000-0000-000000000000/resourceGroups/cli_test_vm_custom_image_conflict000001/providers/Microsoft.Compute/disks/test-vm\",\r\n
        \ \"type\": \"Microsoft.Compute/disks\",\r\n  \"location\": \"westus\",\r\n
        \ \"tags\": {},\r\n  \"sku\": {\r\n    \"name\": \"Premium_LRS\",\r\n    \"tier\":
        \"Premium\"\r\n  },\r\n  \"properties\": {\r\n    \"osType\": \"Linux\",\r\n
        \   \"hyperVGeneration\": \"V1\",\r\n    \"creationData\": {\r\n      \"createOption\":
        \"Import\",\r\n      \"storageAccountId\": \"/subscriptions/00000000-0000-0000-0000-000000000000/resourceGroups/cli_test_vm_custom_image_conflict000001/providers/Microsoft.Storage/storageAccounts/vhdstorage879547b07835cf\",\r\n
        \     \"sourceUri\": \"https://vhdstorage879547b07835cf.blob.core.windows.net/vhds/osdisk_879547b078.vhd\"\r\n
        \   },\r\n    \"diskSizeGB\": 30,\r\n    \"diskIOPSReadWrite\": 120,\r\n    \"diskMBpsReadWrite\":
        25,\r\n    \"encryption\": {\r\n      \"type\": \"EncryptionAtRestWithPlatformKey\"\r\n
        \   },\r\n    \"networkAccessPolicy\": \"AllowAll\",\r\n    \"publicNetworkAccess\":
        \"Enabled\",\r\n    \"timeCreated\": \"2021-11-15T11:43:45.1721755+00:00\",\r\n
        \   \"provisioningState\": \"Succeeded\",\r\n    \"diskState\": \"Unattached\",\r\n
        \   \"diskSizeBytes\": 32212254720,\r\n    \"uniqueId\": \"721501ae-aca5-43b8-a321-5e6e914de06f\",\r\n
        \   \"tier\": \"P4\"\r\n  }\r\n}"
    headers:
      cache-control:
      - no-cache
      content-length:
      - '1338'
      content-type:
      - application/json; charset=utf-8
      date:
      - Mon, 15 Nov 2021 11:43:47 GMT
      expires:
      - '-1'
      pragma:
      - no-cache
      server:
      - Microsoft-HTTPAPI/2.0
      - Microsoft-HTTPAPI/2.0
      strict-transport-security:
      - max-age=31536000; includeSubDomains
      transfer-encoding:
      - chunked
      vary:
      - Accept-Encoding
      x-content-type-options:
      - nosniff
      x-ms-ratelimit-remaining-resource:
      - Microsoft.Compute/LowCostGet3Min;4999,Microsoft.Compute/LowCostGet30Min;39999
    status:
      code: 200
      message: OK
- request:
    body: null
    headers:
      Accept:
      - '*/*'
      Accept-Encoding:
      - gzip, deflate
      CommandName:
      - vm deallocate
      Connection:
      - keep-alive
      Content-Length:
      - '0'
      ParameterSetName:
      - -g -n
      User-Agent:
      - AZURECLI/2.30.0 azsdk-python-azure-mgmt-compute/23.1.0 Python/3.9.5 (Windows-10-10.0.19043-SP0)
    method: POST
    uri: https://management.azure.com/subscriptions/00000000-0000-0000-0000-000000000000/resourceGroups/cli_test_vm_custom_image_conflict000001/providers/Microsoft.Compute/virtualMachines/test-vm/deallocate?api-version=2021-07-01
  response:
    body:
      string: ''
    headers:
      azure-asyncoperation:
      - https://management.azure.com/subscriptions/00000000-0000-0000-0000-000000000000/providers/Microsoft.Compute/locations/westus/operations/1c34256f-8f42-4384-8e38-cc33dab98aff?p=571046f6-b640-41c1-86f7-f9f044b5adf9&api-version=2021-07-01
      cache-control:
      - no-cache
      content-length:
      - '0'
      date:
      - Mon, 15 Nov 2021 11:43:49 GMT
      expires:
      - '-1'
      location:
      - https://management.azure.com/subscriptions/00000000-0000-0000-0000-000000000000/providers/Microsoft.Compute/locations/westus/operations/1c34256f-8f42-4384-8e38-cc33dab98aff?p=571046f6-b640-41c1-86f7-f9f044b5adf9&monitor=true&api-version=2021-07-01
      pragma:
      - no-cache
      server:
      - Microsoft-HTTPAPI/2.0
      - Microsoft-HTTPAPI/2.0
      strict-transport-security:
      - max-age=31536000; includeSubDomains
      x-content-type-options:
      - nosniff
      x-ms-ratelimit-remaining-resource:
      - Microsoft.Compute/DeleteVM3Min;239,Microsoft.Compute/DeleteVM30Min;1199
      x-ms-ratelimit-remaining-subscription-writes:
      - '1199'
    status:
      code: 202
      message: Accepted
- request:
    body: null
    headers:
      Accept:
      - '*/*'
      Accept-Encoding:
      - gzip, deflate
      CommandName:
      - vm deallocate
      Connection:
      - keep-alive
      ParameterSetName:
      - -g -n
      User-Agent:
      - AZURECLI/2.30.0 azsdk-python-azure-mgmt-compute/23.1.0 Python/3.9.5 (Windows-10-10.0.19043-SP0)
    method: GET
    uri: https://management.azure.com/subscriptions/00000000-0000-0000-0000-000000000000/providers/Microsoft.Compute/locations/westus/operations/1c34256f-8f42-4384-8e38-cc33dab98aff?p=571046f6-b640-41c1-86f7-f9f044b5adf9&api-version=2021-07-01
  response:
    body:
      string: "{\r\n  \"startTime\": \"2021-11-15T11:43:49.7167087+00:00\",\r\n  \"status\":
        \"InProgress\",\r\n  \"name\": \"1c34256f-8f42-4384-8e38-cc33dab98aff\"\r\n}"
    headers:
      cache-control:
      - no-cache
      content-length:
      - '134'
      content-type:
      - application/json; charset=utf-8
      date:
      - Mon, 15 Nov 2021 11:43:59 GMT
      expires:
      - '-1'
      pragma:
      - no-cache
      server:
      - Microsoft-HTTPAPI/2.0
      - Microsoft-HTTPAPI/2.0
      strict-transport-security:
      - max-age=31536000; includeSubDomains
      transfer-encoding:
      - chunked
      vary:
      - Accept-Encoding
      x-content-type-options:
      - nosniff
      x-ms-ratelimit-remaining-resource:
      - Microsoft.Compute/GetOperation3Min;14989,Microsoft.Compute/GetOperation30Min;29989
    status:
      code: 200
      message: OK
- request:
    body: null
    headers:
      Accept:
      - '*/*'
      Accept-Encoding:
      - gzip, deflate
      CommandName:
      - vm deallocate
      Connection:
      - keep-alive
      ParameterSetName:
      - -g -n
      User-Agent:
      - AZURECLI/2.30.0 azsdk-python-azure-mgmt-compute/23.1.0 Python/3.9.5 (Windows-10-10.0.19043-SP0)
    method: GET
    uri: https://management.azure.com/subscriptions/00000000-0000-0000-0000-000000000000/providers/Microsoft.Compute/locations/westus/operations/1c34256f-8f42-4384-8e38-cc33dab98aff?p=571046f6-b640-41c1-86f7-f9f044b5adf9&api-version=2021-07-01
  response:
    body:
      string: "{\r\n  \"startTime\": \"2021-11-15T11:43:49.7167087+00:00\",\r\n  \"endTime\":
        \"2021-11-15T11:44:15.9521328+00:00\",\r\n  \"status\": \"Succeeded\",\r\n
        \ \"name\": \"1c34256f-8f42-4384-8e38-cc33dab98aff\"\r\n}"
    headers:
      cache-control:
      - no-cache
      content-length:
      - '184'
      content-type:
      - application/json; charset=utf-8
      date:
      - Mon, 15 Nov 2021 11:44:36 GMT
      expires:
      - '-1'
      pragma:
      - no-cache
      server:
      - Microsoft-HTTPAPI/2.0
      - Microsoft-HTTPAPI/2.0
      strict-transport-security:
      - max-age=31536000; includeSubDomains
      transfer-encoding:
      - chunked
      vary:
      - Accept-Encoding
      x-content-type-options:
      - nosniff
      x-ms-ratelimit-remaining-resource:
      - Microsoft.Compute/GetOperation3Min;14986,Microsoft.Compute/GetOperation30Min;29986
    status:
      code: 200
      message: OK
- request:
    body: null
    headers:
      Accept:
      - '*/*'
      Accept-Encoding:
      - gzip, deflate
      CommandName:
      - vm deallocate
      Connection:
      - keep-alive
      ParameterSetName:
      - -g -n
      User-Agent:
      - AZURECLI/2.30.0 azsdk-python-azure-mgmt-compute/23.1.0 Python/3.9.5 (Windows-10-10.0.19043-SP0)
    method: GET
    uri: https://management.azure.com/subscriptions/00000000-0000-0000-0000-000000000000/providers/Microsoft.Compute/locations/westus/operations/1c34256f-8f42-4384-8e38-cc33dab98aff?p=571046f6-b640-41c1-86f7-f9f044b5adf9&monitor=true&api-version=2021-07-01
  response:
    body:
      string: ''
    headers:
      cache-control:
      - no-cache
      content-length:
      - '0'
      date:
      - Mon, 15 Nov 2021 11:44:36 GMT
      expires:
      - '-1'
      pragma:
      - no-cache
      server:
      - Microsoft-HTTPAPI/2.0
      - Microsoft-HTTPAPI/2.0
      strict-transport-security:
      - max-age=31536000; includeSubDomains
      x-content-type-options:
      - nosniff
      x-ms-ratelimit-remaining-resource:
      - Microsoft.Compute/GetOperation3Min;14985,Microsoft.Compute/GetOperation30Min;29985
    status:
      code: 200
      message: OK
- request:
    body: null
    headers:
      Accept:
      - '*/*'
      Accept-Encoding:
      - gzip, deflate
      CommandName:
      - vm generalize
      Connection:
      - keep-alive
      Content-Length:
      - '0'
      ParameterSetName:
      - -g -n
      User-Agent:
      - AZURECLI/2.30.0 azsdk-python-azure-mgmt-compute/23.1.0 Python/3.9.5 (Windows-10-10.0.19043-SP0)
    method: POST
    uri: https://management.azure.com/subscriptions/00000000-0000-0000-0000-000000000000/resourceGroups/cli_test_vm_custom_image_conflict000001/providers/Microsoft.Compute/virtualMachines/test-vm/generalize?api-version=2021-07-01
  response:
    body:
      string: ''
    headers:
      cache-control:
      - no-cache
      content-length:
      - '0'
      date:
      - Mon, 15 Nov 2021 11:44:37 GMT
      expires:
      - '-1'
      pragma:
      - no-cache
      server:
      - Microsoft-HTTPAPI/2.0
      - Microsoft-HTTPAPI/2.0
      strict-transport-security:
      - max-age=31536000; includeSubDomains
      x-content-type-options:
      - nosniff
      x-ms-ratelimit-remaining-resource:
      - Microsoft.Compute/UpdateVM3Min;237,Microsoft.Compute/UpdateVM30Min;1197
      x-ms-ratelimit-remaining-subscription-writes:
      - '1199'
    status:
      code: 200
      message: OK
- request:
    body: null
    headers:
      Accept:
      - application/json
      Accept-Encoding:
      - gzip, deflate
      CommandName:
      - image create
      Connection:
      - keep-alive
      ParameterSetName:
      - -g -n --source
      User-Agent:
      - AZURECLI/2.30.0 azsdk-python-azure-mgmt-compute/23.1.0 Python/3.9.5 (Windows-10-10.0.19043-SP0)
    method: GET
    uri: https://management.azure.com/subscriptions/00000000-0000-0000-0000-000000000000/resourceGroups/cli_test_vm_custom_image_conflict000001/providers/Microsoft.Compute/virtualMachines/test-vm?api-version=2021-07-01
  response:
    body:
      string: "{\r\n  \"name\": \"test-vm\",\r\n  \"id\": \"/subscriptions/00000000-0000-0000-0000-000000000000/resourceGroups/cli_test_vm_custom_image_conflict000001/providers/Microsoft.Compute/virtualMachines/test-vm\",\r\n
        \ \"type\": \"Microsoft.Compute/virtualMachines\",\r\n  \"location\": \"westus\",\r\n
        \ \"tags\": {},\r\n  \"properties\": {\r\n    \"vmId\": \"f1945fa6-1edd-4f18-b67a-7c171be1bb38\",\r\n
        \   \"hardwareProfile\": {\r\n      \"vmSize\": \"Standard_DS1_v2\"\r\n    },\r\n
        \   \"storageProfile\": {\r\n      \"imageReference\": {\r\n        \"publisher\":
        \"Debian\",\r\n        \"offer\": \"debian-10\",\r\n        \"sku\": \"10\",\r\n
        \       \"version\": \"latest\",\r\n        \"exactVersion\": \"0.20211011.792\"\r\n
        \     },\r\n      \"osDisk\": {\r\n        \"osType\": \"Linux\",\r\n        \"name\":
        \"osdisk_879547b078\",\r\n        \"createOption\": \"FromImage\",\r\n        \"vhd\":
        {\r\n          \"uri\": \"https://vhdstorage879547b07835cf.blob.core.windows.net/vhds/osdisk_879547b078.vhd\"\r\n
        \       },\r\n        \"caching\": \"ReadWrite\",\r\n        \"deleteOption\":
        \"Detach\",\r\n        \"diskSizeGB\": 30\r\n      },\r\n      \"dataDisks\":
        []\r\n    },\r\n    \"osProfile\": {\r\n      \"computerName\": \"test-vm\",\r\n
        \     \"adminUsername\": \"ubuntu\",\r\n      \"linuxConfiguration\": {\r\n
        \       \"disablePasswordAuthentication\": false,\r\n        \"provisionVMAgent\":
        true,\r\n        \"patchSettings\": {\r\n          \"patchMode\": \"ImageDefault\",\r\n
        \         \"assessmentMode\": \"ImageDefault\"\r\n        }\r\n      },\r\n
        \     \"secrets\": [],\r\n      \"allowExtensionOperations\": true,\r\n      \"requireGuestProvisionSignal\":
        true\r\n    },\r\n    \"networkProfile\": {\"networkInterfaces\":[{\"id\":\"/subscriptions/00000000-0000-0000-0000-000000000000/resourceGroups/cli_test_vm_custom_image_conflict000001/providers/Microsoft.Network/networkInterfaces/test-vmVMNic\"}]},\r\n
        \   \"provisioningState\": \"Succeeded\"\r\n  }\r\n}"
    headers:
      cache-control:
      - no-cache
      content-length:
      - '1823'
      content-type:
      - application/json; charset=utf-8
      date:
      - Mon, 15 Nov 2021 11:44:39 GMT
      expires:
      - '-1'
      pragma:
      - no-cache
      server:
      - Microsoft-HTTPAPI/2.0
      - Microsoft-HTTPAPI/2.0
      strict-transport-security:
      - max-age=31536000; includeSubDomains
      transfer-encoding:
      - chunked
      vary:
      - Accept-Encoding
      x-content-type-options:
      - nosniff
      x-ms-ratelimit-remaining-resource:
      - Microsoft.Compute/LowCostGet3Min;3991,Microsoft.Compute/LowCostGet30Min;31991
    status:
      code: 200
      message: OK
- request:
    body: null
    headers:
      Accept:
      - application/json
      Accept-Encoding:
      - gzip, deflate
      CommandName:
      - image create
      Connection:
      - keep-alive
      ParameterSetName:
      - -g -n --source
      User-Agent:
      - AZURECLI/2.30.0 azsdk-python-azure-mgmt-resource/19.0.0 Python/3.9.5 (Windows-10-10.0.19043-SP0)
    method: GET
    uri: https://management.azure.com/subscriptions/00000000-0000-0000-0000-000000000000/resourcegroups/cli_test_vm_custom_image_conflict000001?api-version=2021-04-01
  response:
    body:
      string: '{"id":"/subscriptions/00000000-0000-0000-0000-000000000000/resourceGroups/cli_test_vm_custom_image_conflict000001","name":"cli_test_vm_custom_image_conflict000001","type":"Microsoft.Resources/resourceGroups","location":"westus","tags":{"product":"azurecli","cause":"automation","date":"2021-11-15T11:41:13Z"},"properties":{"provisioningState":"Succeeded"}}'
    headers:
      cache-control:
      - no-cache
      content-length:
      - '428'
      content-type:
      - application/json; charset=utf-8
      date:
      - Mon, 15 Nov 2021 11:44:40 GMT
      expires:
      - '-1'
      pragma:
      - no-cache
      strict-transport-security:
      - max-age=31536000; includeSubDomains
      vary:
      - Accept-Encoding
      x-content-type-options:
      - nosniff
    status:
      code: 200
      message: OK
- request:
    body: '{"location": "westus", "tags": {}, "properties": {"sourceVirtualMachine":
      {"id": "/subscriptions/00000000-0000-0000-0000-000000000000/resourceGroups/cli_test_vm_custom_image_conflict000001/providers/Microsoft.Compute/virtualMachines/test-vm"},
      "hyperVGeneration": "V1"}}'
    headers:
      Accept:
      - application/json
      Accept-Encoding:
      - gzip, deflate
      CommandName:
      - image create
      Connection:
      - keep-alive
      Content-Length:
      - '306'
      Content-Type:
      - application/json
      ParameterSetName:
      - -g -n --source
      User-Agent:
      - AZURECLI/2.30.0 azsdk-python-azure-mgmt-compute/23.1.0 Python/3.9.5 (Windows-10-10.0.19043-SP0)
    method: PUT
    uri: https://management.azure.com/subscriptions/00000000-0000-0000-0000-000000000000/resourceGroups/cli_test_vm_custom_image_conflict000001/providers/Microsoft.Compute/images/img-from-vm?api-version=2021-07-01
  response:
    body:
      string: "{\r\n  \"name\": \"img-from-vm\",\r\n  \"id\": \"/subscriptions/00000000-0000-0000-0000-000000000000/resourceGroups/cli_test_vm_custom_image_conflict000001/providers/Microsoft.Compute/images/img-from-vm\",\r\n
        \ \"type\": \"Microsoft.Compute/images\",\r\n  \"location\": \"westus\",\r\n
        \ \"tags\": {},\r\n  \"properties\": {\r\n    \"sourceVirtualMachine\": {\r\n
        \     \"id\": \"/subscriptions/00000000-0000-0000-0000-000000000000/resourceGroups/cli_test_vm_custom_image_conflict000001/providers/Microsoft.Compute/virtualMachines/test-vm\"\r\n
        \   },\r\n    \"storageProfile\": {\r\n      \"osDisk\": {\r\n        \"osType\":
        \"Linux\",\r\n        \"osState\": \"Generalized\",\r\n        \"diskSizeGB\":
        30,\r\n        \"blobUri\": \"https://vhdstorage879547b07835cf.blob.core.windows.net/vhds/osdisk_879547b078.vhd\",\r\n
        \       \"caching\": \"ReadWrite\",\r\n        \"storageAccountType\": \"Standard_LRS\"\r\n
        \     },\r\n      \"dataDisks\": []\r\n    },\r\n    \"provisioningState\":
        \"Creating\",\r\n    \"hyperVGeneration\": \"V1\"\r\n  }\r\n}"
    headers:
      azure-asyncnotification:
      - Enabled
      azure-asyncoperation:
      - https://management.azure.com/subscriptions/00000000-0000-0000-0000-000000000000/providers/Microsoft.Compute/locations/westus/operations/69a25a9c-6cf0-4857-95a8-3ad0a97bc34d?p=571046f6-b640-41c1-86f7-f9f044b5adf9&api-version=2021-07-01
      cache-control:
      - no-cache
      content-length:
      - '1011'
      content-type:
      - application/json; charset=utf-8
      date:
      - Mon, 15 Nov 2021 11:44:51 GMT
      expires:
      - '-1'
      pragma:
      - no-cache
      server:
      - Microsoft-HTTPAPI/2.0
      - Microsoft-HTTPAPI/2.0
      strict-transport-security:
      - max-age=31536000; includeSubDomains
      x-content-type-options:
      - nosniff
      x-ms-ratelimit-remaining-resource:
      - Microsoft.Compute/CreateImages3Min;39,Microsoft.Compute/CreateImages30Min;199
      x-ms-ratelimit-remaining-subscription-writes:
      - '1198'
    status:
      code: 201
      message: Created
- request:
    body: null
    headers:
      Accept:
      - '*/*'
      Accept-Encoding:
      - gzip, deflate
      CommandName:
      - image create
      Connection:
      - keep-alive
      ParameterSetName:
      - -g -n --source
      User-Agent:
      - AZURECLI/2.30.0 azsdk-python-azure-mgmt-compute/23.1.0 Python/3.9.5 (Windows-10-10.0.19043-SP0)
    method: GET
    uri: https://management.azure.com/subscriptions/00000000-0000-0000-0000-000000000000/providers/Microsoft.Compute/locations/westus/operations/69a25a9c-6cf0-4857-95a8-3ad0a97bc34d?p=571046f6-b640-41c1-86f7-f9f044b5adf9&api-version=2021-07-01
  response:
    body:
      string: "{\r\n  \"startTime\": \"2021-11-15T11:44:45.7501371+00:00\",\r\n  \"endTime\":
        \"2021-11-15T11:44:55.8911753+00:00\",\r\n  \"status\": \"Succeeded\",\r\n
        \ \"name\": \"69a25a9c-6cf0-4857-95a8-3ad0a97bc34d\"\r\n}"
    headers:
      cache-control:
      - no-cache
      content-length:
      - '184'
      content-type:
      - application/json; charset=utf-8
      date:
      - Mon, 15 Nov 2021 11:45:21 GMT
      expires:
      - '-1'
      pragma:
      - no-cache
      server:
      - Microsoft-HTTPAPI/2.0
      - Microsoft-HTTPAPI/2.0
      strict-transport-security:
      - max-age=31536000; includeSubDomains
      transfer-encoding:
      - chunked
      vary:
      - Accept-Encoding
      x-content-type-options:
      - nosniff
      x-ms-ratelimit-remaining-resource:
      - Microsoft.Compute/GetOperation3Min;14981,Microsoft.Compute/GetOperation30Min;29981
    status:
      code: 200
      message: OK
- request:
    body: null
    headers:
      Accept:
      - '*/*'
      Accept-Encoding:
      - gzip, deflate
      CommandName:
      - image create
      Connection:
      - keep-alive
      ParameterSetName:
      - -g -n --source
      User-Agent:
      - AZURECLI/2.30.0 azsdk-python-azure-mgmt-compute/23.1.0 Python/3.9.5 (Windows-10-10.0.19043-SP0)
    method: GET
    uri: https://management.azure.com/subscriptions/00000000-0000-0000-0000-000000000000/resourceGroups/cli_test_vm_custom_image_conflict000001/providers/Microsoft.Compute/images/img-from-vm?api-version=2021-07-01
  response:
    body:
      string: "{\r\n  \"name\": \"img-from-vm\",\r\n  \"id\": \"/subscriptions/00000000-0000-0000-0000-000000000000/resourceGroups/cli_test_vm_custom_image_conflict000001/providers/Microsoft.Compute/images/img-from-vm\",\r\n
        \ \"type\": \"Microsoft.Compute/images\",\r\n  \"location\": \"westus\",\r\n
        \ \"tags\": {},\r\n  \"properties\": {\r\n    \"sourceVirtualMachine\": {\r\n
        \     \"id\": \"/subscriptions/00000000-0000-0000-0000-000000000000/resourceGroups/cli_test_vm_custom_image_conflict000001/providers/Microsoft.Compute/virtualMachines/test-vm\"\r\n
        \   },\r\n    \"storageProfile\": {\r\n      \"osDisk\": {\r\n        \"osType\":
        \"Linux\",\r\n        \"osState\": \"Generalized\",\r\n        \"diskSizeGB\":
        30,\r\n        \"blobUri\": \"https://vhdstorage879547b07835cf.blob.core.windows.net/vhds/osdisk_879547b078.vhd\",\r\n
        \       \"caching\": \"ReadWrite\",\r\n        \"storageAccountType\": \"Standard_LRS\"\r\n
        \     },\r\n      \"dataDisks\": []\r\n    },\r\n    \"provisioningState\":
        \"Succeeded\",\r\n    \"hyperVGeneration\": \"V1\"\r\n  }\r\n}"
    headers:
      cache-control:
      - no-cache
      content-length:
      - '1012'
      content-type:
      - application/json; charset=utf-8
      date:
      - Mon, 15 Nov 2021 11:45:21 GMT
      expires:
      - '-1'
      pragma:
      - no-cache
      server:
      - Microsoft-HTTPAPI/2.0
      - Microsoft-HTTPAPI/2.0
      strict-transport-security:
      - max-age=31536000; includeSubDomains
      transfer-encoding:
      - chunked
      vary:
      - Accept-Encoding
      x-content-type-options:
      - nosniff
      x-ms-ratelimit-remaining-resource:
      - Microsoft.Compute/GetImages3Min;358,Microsoft.Compute/GetImages30Min;1798
    status:
      code: 200
      message: OK
- request:
    body: null
    headers:
      Accept:
      - application/json
      Accept-Encoding:
      - gzip, deflate
      CommandName:
      - image create
      Connection:
      - keep-alive
      ParameterSetName:
      - -g -n --source
      User-Agent:
      - AZURECLI/2.30.0 azsdk-python-azure-mgmt-compute/23.1.0 Python/3.9.5 (Windows-10-10.0.19043-SP0)
    method: GET
    uri: https://management.azure.com/subscriptions/00000000-0000-0000-0000-000000000000/resourceGroups/cli_test_vm_custom_image_conflict000001/providers/Microsoft.Compute/virtualMachines/test-vm?api-version=2021-07-01
  response:
    body:
      string: "{\r\n  \"name\": \"test-vm\",\r\n  \"id\": \"/subscriptions/00000000-0000-0000-0000-000000000000/resourceGroups/cli_test_vm_custom_image_conflict000001/providers/Microsoft.Compute/virtualMachines/test-vm\",\r\n
        \ \"type\": \"Microsoft.Compute/virtualMachines\",\r\n  \"location\": \"westus\",\r\n
        \ \"tags\": {},\r\n  \"properties\": {\r\n    \"vmId\": \"f1945fa6-1edd-4f18-b67a-7c171be1bb38\",\r\n
        \   \"hardwareProfile\": {\r\n      \"vmSize\": \"Standard_DS1_v2\"\r\n    },\r\n
        \   \"storageProfile\": {\r\n      \"imageReference\": {\r\n        \"publisher\":
        \"Debian\",\r\n        \"offer\": \"debian-10\",\r\n        \"sku\": \"10\",\r\n
        \       \"version\": \"latest\",\r\n        \"exactVersion\": \"0.20211011.792\"\r\n
        \     },\r\n      \"osDisk\": {\r\n        \"osType\": \"Linux\",\r\n        \"name\":
        \"osdisk_879547b078\",\r\n        \"createOption\": \"FromImage\",\r\n        \"vhd\":
        {\r\n          \"uri\": \"https://vhdstorage879547b07835cf.blob.core.windows.net/vhds/osdisk_879547b078.vhd\"\r\n
        \       },\r\n        \"caching\": \"ReadWrite\",\r\n        \"deleteOption\":
        \"Detach\",\r\n        \"diskSizeGB\": 30\r\n      },\r\n      \"dataDisks\":
        []\r\n    },\r\n    \"osProfile\": {\r\n      \"computerName\": \"test-vm\",\r\n
        \     \"adminUsername\": \"ubuntu\",\r\n      \"linuxConfiguration\": {\r\n
        \       \"disablePasswordAuthentication\": false,\r\n        \"provisionVMAgent\":
        true,\r\n        \"patchSettings\": {\r\n          \"patchMode\": \"ImageDefault\",\r\n
        \         \"assessmentMode\": \"ImageDefault\"\r\n        }\r\n      },\r\n
        \     \"secrets\": [],\r\n      \"allowExtensionOperations\": true,\r\n      \"requireGuestProvisionSignal\":
        true\r\n    },\r\n    \"networkProfile\": {\"networkInterfaces\":[{\"id\":\"/subscriptions/00000000-0000-0000-0000-000000000000/resourceGroups/cli_test_vm_custom_image_conflict000001/providers/Microsoft.Network/networkInterfaces/test-vmVMNic\"}]},\r\n
        \   \"provisioningState\": \"Succeeded\"\r\n  }\r\n}"
    headers:
      cache-control:
      - no-cache
      content-length:
      - '1823'
      content-type:
      - application/json; charset=utf-8
      date:
      - Mon, 15 Nov 2021 11:45:23 GMT
      expires:
      - '-1'
      pragma:
      - no-cache
      server:
      - Microsoft-HTTPAPI/2.0
      - Microsoft-HTTPAPI/2.0
      strict-transport-security:
      - max-age=31536000; includeSubDomains
      transfer-encoding:
      - chunked
      vary:
      - Accept-Encoding
      x-content-type-options:
      - nosniff
      x-ms-ratelimit-remaining-resource:
      - Microsoft.Compute/LowCostGet3Min;3987,Microsoft.Compute/LowCostGet30Min;31987
    status:
      code: 200
      message: OK
- request:
    body: null
    headers:
      Accept:
      - application/json
      Accept-Encoding:
      - gzip, deflate
      CommandName:
      - image create
      Connection:
      - keep-alive
      ParameterSetName:
      - -g -n --source
      User-Agent:
      - AZURECLI/2.30.0 azsdk-python-azure-mgmt-resource/19.0.0 Python/3.9.5 (Windows-10-10.0.19043-SP0)
    method: GET
    uri: https://management.azure.com/subscriptions/00000000-0000-0000-0000-000000000000/resourcegroups/cli_test_vm_custom_image_conflict000001?api-version=2021-04-01
  response:
    body:
      string: '{"id":"/subscriptions/00000000-0000-0000-0000-000000000000/resourceGroups/cli_test_vm_custom_image_conflict000001","name":"cli_test_vm_custom_image_conflict000001","type":"Microsoft.Resources/resourceGroups","location":"westus","tags":{"product":"azurecli","cause":"automation","date":"2021-11-15T11:41:13Z"},"properties":{"provisioningState":"Succeeded"}}'
    headers:
      cache-control:
      - no-cache
      content-length:
      - '428'
      content-type:
      - application/json; charset=utf-8
      date:
      - Mon, 15 Nov 2021 11:45:24 GMT
      expires:
      - '-1'
      pragma:
      - no-cache
      strict-transport-security:
      - max-age=31536000; includeSubDomains
      vary:
      - Accept-Encoding
      x-content-type-options:
      - nosniff
    status:
      code: 200
      message: OK
- request:
    body: '{"location": "westus", "tags": {}, "properties": {"sourceVirtualMachine":
      {"id": "/subscriptions/00000000-0000-0000-0000-000000000000/resourceGroups/cli_test_vm_custom_image_conflict000001/providers/Microsoft.Compute/virtualMachines/test-vm"},
      "hyperVGeneration": "V1"}}'
    headers:
      Accept:
      - application/json
      Accept-Encoding:
      - gzip, deflate
      CommandName:
      - image create
      Connection:
      - keep-alive
      Content-Length:
      - '306'
      Content-Type:
      - application/json
      ParameterSetName:
      - -g -n --source
      User-Agent:
      - AZURECLI/2.30.0 azsdk-python-azure-mgmt-compute/23.1.0 Python/3.9.5 (Windows-10-10.0.19043-SP0)
    method: PUT
    uri: https://management.azure.com/subscriptions/00000000-0000-0000-0000-000000000000/resourceGroups/cli_test_vm_custom_image_conflict000001/providers/Microsoft.Compute/images/img-from-vm-id?api-version=2021-07-01
  response:
    body:
      string: "{\r\n  \"name\": \"img-from-vm-id\",\r\n  \"id\": \"/subscriptions/00000000-0000-0000-0000-000000000000/resourceGroups/cli_test_vm_custom_image_conflict000001/providers/Microsoft.Compute/images/img-from-vm-id\",\r\n
        \ \"type\": \"Microsoft.Compute/images\",\r\n  \"location\": \"westus\",\r\n
        \ \"tags\": {},\r\n  \"properties\": {\r\n    \"sourceVirtualMachine\": {\r\n
        \     \"id\": \"/subscriptions/00000000-0000-0000-0000-000000000000/resourceGroups/cli_test_vm_custom_image_conflict000001/providers/Microsoft.Compute/virtualMachines/test-vm\"\r\n
        \   },\r\n    \"storageProfile\": {\r\n      \"osDisk\": {\r\n        \"osType\":
        \"Linux\",\r\n        \"osState\": \"Generalized\",\r\n        \"diskSizeGB\":
        30,\r\n        \"blobUri\": \"https://vhdstorage879547b07835cf.blob.core.windows.net/vhds/osdisk_879547b078.vhd\",\r\n
        \       \"caching\": \"ReadWrite\",\r\n        \"storageAccountType\": \"Standard_LRS\"\r\n
        \     },\r\n      \"dataDisks\": []\r\n    },\r\n    \"provisioningState\":
        \"Creating\",\r\n    \"hyperVGeneration\": \"V1\"\r\n  }\r\n}"
    headers:
      azure-asyncnotification:
      - Enabled
      azure-asyncoperation:
      - https://management.azure.com/subscriptions/00000000-0000-0000-0000-000000000000/providers/Microsoft.Compute/locations/westus/operations/ff42bf02-f905-4ca4-bff8-506cc9596235?p=571046f6-b640-41c1-86f7-f9f044b5adf9&api-version=2021-07-01
      cache-control:
      - no-cache
      content-length:
      - '1017'
      content-type:
      - application/json; charset=utf-8
      date:
      - Mon, 15 Nov 2021 11:45:34 GMT
      expires:
      - '-1'
      pragma:
      - no-cache
      server:
      - Microsoft-HTTPAPI/2.0
      - Microsoft-HTTPAPI/2.0
      strict-transport-security:
      - max-age=31536000; includeSubDomains
      x-content-type-options:
      - nosniff
      x-ms-ratelimit-remaining-resource:
      - Microsoft.Compute/CreateImages3Min;37,Microsoft.Compute/CreateImages30Min;197
      x-ms-ratelimit-remaining-subscription-writes:
      - '1198'
    status:
      code: 201
      message: Created
- request:
    body: null
    headers:
      Accept:
      - '*/*'
      Accept-Encoding:
      - gzip, deflate
      CommandName:
      - image create
      Connection:
      - keep-alive
      ParameterSetName:
      - -g -n --source
      User-Agent:
      - AZURECLI/2.30.0 azsdk-python-azure-mgmt-compute/23.1.0 Python/3.9.5 (Windows-10-10.0.19043-SP0)
    method: GET
    uri: https://management.azure.com/subscriptions/00000000-0000-0000-0000-000000000000/providers/Microsoft.Compute/locations/westus/operations/ff42bf02-f905-4ca4-bff8-506cc9596235?p=571046f6-b640-41c1-86f7-f9f044b5adf9&api-version=2021-07-01
  response:
    body:
      string: "{\r\n  \"startTime\": \"2021-11-15T11:45:28.5955456+00:00\",\r\n  \"endTime\":
        \"2021-11-15T11:45:38.7053089+00:00\",\r\n  \"status\": \"Succeeded\",\r\n
        \ \"name\": \"ff42bf02-f905-4ca4-bff8-506cc9596235\"\r\n}"
    headers:
      cache-control:
      - no-cache
      content-length:
      - '184'
      content-type:
      - application/json; charset=utf-8
      date:
      - Mon, 15 Nov 2021 11:46:04 GMT
      expires:
      - '-1'
      pragma:
      - no-cache
      server:
      - Microsoft-HTTPAPI/2.0
      - Microsoft-HTTPAPI/2.0
      strict-transport-security:
      - max-age=31536000; includeSubDomains
      transfer-encoding:
      - chunked
      vary:
      - Accept-Encoding
      x-content-type-options:
      - nosniff
      x-ms-ratelimit-remaining-resource:
      - Microsoft.Compute/GetOperation3Min;14982,Microsoft.Compute/GetOperation30Min;29977
    status:
      code: 200
      message: OK
- request:
    body: null
    headers:
      Accept:
      - '*/*'
      Accept-Encoding:
      - gzip, deflate
      CommandName:
      - image create
      Connection:
      - keep-alive
      ParameterSetName:
      - -g -n --source
      User-Agent:
      - AZURECLI/2.30.0 azsdk-python-azure-mgmt-compute/23.1.0 Python/3.9.5 (Windows-10-10.0.19043-SP0)
    method: GET
    uri: https://management.azure.com/subscriptions/00000000-0000-0000-0000-000000000000/resourceGroups/cli_test_vm_custom_image_conflict000001/providers/Microsoft.Compute/images/img-from-vm-id?api-version=2021-07-01
  response:
    body:
      string: "{\r\n  \"name\": \"img-from-vm-id\",\r\n  \"id\": \"/subscriptions/00000000-0000-0000-0000-000000000000/resourceGroups/cli_test_vm_custom_image_conflict000001/providers/Microsoft.Compute/images/img-from-vm-id\",\r\n
        \ \"type\": \"Microsoft.Compute/images\",\r\n  \"location\": \"westus\",\r\n
        \ \"tags\": {},\r\n  \"properties\": {\r\n    \"sourceVirtualMachine\": {\r\n
        \     \"id\": \"/subscriptions/00000000-0000-0000-0000-000000000000/resourceGroups/cli_test_vm_custom_image_conflict000001/providers/Microsoft.Compute/virtualMachines/test-vm\"\r\n
        \   },\r\n    \"storageProfile\": {\r\n      \"osDisk\": {\r\n        \"osType\":
        \"Linux\",\r\n        \"osState\": \"Generalized\",\r\n        \"diskSizeGB\":
        30,\r\n        \"blobUri\": \"https://vhdstorage879547b07835cf.blob.core.windows.net/vhds/osdisk_879547b078.vhd\",\r\n
        \       \"caching\": \"ReadWrite\",\r\n        \"storageAccountType\": \"Standard_LRS\"\r\n
        \     },\r\n      \"dataDisks\": []\r\n    },\r\n    \"provisioningState\":
        \"Succeeded\",\r\n    \"hyperVGeneration\": \"V1\"\r\n  }\r\n}"
    headers:
      cache-control:
      - no-cache
      content-length:
      - '1018'
      content-type:
      - application/json; charset=utf-8
      date:
      - Mon, 15 Nov 2021 11:46:04 GMT
      expires:
      - '-1'
      pragma:
      - no-cache
      server:
      - Microsoft-HTTPAPI/2.0
      - Microsoft-HTTPAPI/2.0
      strict-transport-security:
      - max-age=31536000; includeSubDomains
      transfer-encoding:
      - chunked
      vary:
      - Accept-Encoding
      x-content-type-options:
      - nosniff
      x-ms-ratelimit-remaining-resource:
      - Microsoft.Compute/GetImages3Min;354,Microsoft.Compute/GetImages30Min;1794
    status:
      code: 200
      message: OK
- request:
    body: null
    headers:
      Accept:
      - application/json
      Accept-Encoding:
      - gzip, deflate
      CommandName:
      - image create
      Connection:
      - keep-alive
      ParameterSetName:
      - -g -n --source --os-type --hyper-v-generation
      User-Agent:
      - AZURECLI/2.30.0 azsdk-python-azure-mgmt-resource/19.0.0 Python/3.9.5 (Windows-10-10.0.19043-SP0)
    method: GET
    uri: https://management.azure.com/subscriptions/00000000-0000-0000-0000-000000000000/resourcegroups/cli_test_vm_custom_image_conflict000001?api-version=2021-04-01
  response:
    body:
      string: '{"id":"/subscriptions/00000000-0000-0000-0000-000000000000/resourceGroups/cli_test_vm_custom_image_conflict000001","name":"cli_test_vm_custom_image_conflict000001","type":"Microsoft.Resources/resourceGroups","location":"westus","tags":{"product":"azurecli","cause":"automation","date":"2021-11-15T11:41:13Z"},"properties":{"provisioningState":"Succeeded"}}'
    headers:
      cache-control:
      - no-cache
      content-length:
      - '428'
      content-type:
      - application/json; charset=utf-8
      date:
      - Mon, 15 Nov 2021 11:46:05 GMT
      expires:
      - '-1'
      pragma:
      - no-cache
      strict-transport-security:
      - max-age=31536000; includeSubDomains
      vary:
      - Accept-Encoding
      x-content-type-options:
      - nosniff
    status:
      code: 200
      message: OK
- request:
    body: '{"location": "westus", "tags": {}, "properties": {"storageProfile": {"osDisk":
      {"managedDisk": {"id": "/subscriptions/00000000-0000-0000-0000-000000000000/resourceGroups/cli_test_vm_custom_image_conflict000001/providers/Microsoft.Compute/disks/test-vm"},
      "osType": "Linux", "osState": "Generalized"}, "dataDisks": []}, "hyperVGeneration":
      "V1"}}'
    headers:
      Accept:
      - application/json
      Accept-Encoding:
      - gzip, deflate
      CommandName:
      - image create
      Connection:
      - keep-alive
      Content-Length:
      - '381'
      Content-Type:
      - application/json
      ParameterSetName:
      - -g -n --source --os-type --hyper-v-generation
      User-Agent:
      - AZURECLI/2.30.0 azsdk-python-azure-mgmt-compute/23.1.0 Python/3.9.5 (Windows-10-10.0.19043-SP0)
    method: PUT
    uri: https://management.azure.com/subscriptions/00000000-0000-0000-0000-000000000000/resourceGroups/cli_test_vm_custom_image_conflict000001/providers/Microsoft.Compute/images/img-from-disk-id?api-version=2021-07-01
  response:
    body:
      string: "{\r\n  \"name\": \"img-from-disk-id\",\r\n  \"id\": \"/subscriptions/00000000-0000-0000-0000-000000000000/resourceGroups/cli_test_vm_custom_image_conflict000001/providers/Microsoft.Compute/images/img-from-disk-id\",\r\n
        \ \"type\": \"Microsoft.Compute/images\",\r\n  \"location\": \"westus\",\r\n
        \ \"tags\": {},\r\n  \"properties\": {\r\n    \"storageProfile\": {\r\n      \"osDisk\":
        {\r\n        \"osType\": \"Linux\",\r\n        \"osState\": \"Generalized\",\r\n
        \       \"managedDisk\": {\r\n          \"id\": \"/subscriptions/00000000-0000-0000-0000-000000000000/resourceGroups/cli_test_vm_custom_image_conflict000001/providers/Microsoft.Compute/disks/test-vm\"\r\n
        \       },\r\n        \"caching\": \"None\",\r\n        \"storageAccountType\":
        \"Standard_LRS\"\r\n      },\r\n      \"dataDisks\": []\r\n    },\r\n    \"provisioningState\":
        \"Creating\",\r\n    \"hyperVGeneration\": \"V1\"\r\n  }\r\n}"
    headers:
      azure-asyncnotification:
      - Enabled
      azure-asyncoperation:
      - https://management.azure.com/subscriptions/00000000-0000-0000-0000-000000000000/providers/Microsoft.Compute/locations/westus/operations/faec2717-4fe4-4667-827a-9352b49d84c9?p=571046f6-b640-41c1-86f7-f9f044b5adf9&api-version=2021-07-01
      cache-control:
      - no-cache
      content-length:
      - '877'
      content-type:
      - application/json; charset=utf-8
      date:
      - Mon, 15 Nov 2021 11:46:12 GMT
      expires:
      - '-1'
      pragma:
      - no-cache
      server:
      - Microsoft-HTTPAPI/2.0
      - Microsoft-HTTPAPI/2.0
      strict-transport-security:
      - max-age=31536000; includeSubDomains
      x-content-type-options:
      - nosniff
      x-ms-ratelimit-remaining-resource:
      - Microsoft.Compute/CreateImages3Min;35,Microsoft.Compute/CreateImages30Min;195
      x-ms-ratelimit-remaining-subscription-writes:
      - '1199'
    status:
      code: 201
      message: Created
- request:
    body: null
    headers:
      Accept:
      - '*/*'
      Accept-Encoding:
      - gzip, deflate
      CommandName:
      - image create
      Connection:
      - keep-alive
      ParameterSetName:
      - -g -n --source --os-type --hyper-v-generation
      User-Agent:
      - AZURECLI/2.30.0 azsdk-python-azure-mgmt-compute/23.1.0 Python/3.9.5 (Windows-10-10.0.19043-SP0)
    method: GET
    uri: https://management.azure.com/subscriptions/00000000-0000-0000-0000-000000000000/providers/Microsoft.Compute/locations/westus/operations/faec2717-4fe4-4667-827a-9352b49d84c9?p=571046f6-b640-41c1-86f7-f9f044b5adf9&api-version=2021-07-01
  response:
    body:
      string: "{\r\n  \"startTime\": \"2021-11-15T11:46:11.7222811+00:00\",\r\n  \"endTime\":
        \"2021-11-15T11:46:16.816224+00:00\",\r\n  \"status\": \"Succeeded\",\r\n
        \ \"name\": \"faec2717-4fe4-4667-827a-9352b49d84c9\"\r\n}"
    headers:
      cache-control:
      - no-cache
      content-length:
      - '183'
      content-type:
      - application/json; charset=utf-8
      date:
      - Mon, 15 Nov 2021 11:46:42 GMT
      expires:
      - '-1'
      pragma:
      - no-cache
      server:
      - Microsoft-HTTPAPI/2.0
      - Microsoft-HTTPAPI/2.0
      strict-transport-security:
      - max-age=31536000; includeSubDomains
      transfer-encoding:
      - chunked
      vary:
      - Accept-Encoding
      x-content-type-options:
      - nosniff
      x-ms-ratelimit-remaining-resource:
      - Microsoft.Compute/GetOperation3Min;14981,Microsoft.Compute/GetOperation30Min;29971
    status:
      code: 200
      message: OK
- request:
    body: null
    headers:
      Accept:
      - '*/*'
      Accept-Encoding:
      - gzip, deflate
      CommandName:
      - image create
      Connection:
      - keep-alive
      ParameterSetName:
      - -g -n --source --os-type --hyper-v-generation
      User-Agent:
      - AZURECLI/2.30.0 azsdk-python-azure-mgmt-compute/23.1.0 Python/3.9.5 (Windows-10-10.0.19043-SP0)
    method: GET
    uri: https://management.azure.com/subscriptions/00000000-0000-0000-0000-000000000000/resourceGroups/cli_test_vm_custom_image_conflict000001/providers/Microsoft.Compute/images/img-from-disk-id?api-version=2021-07-01
  response:
    body:
      string: "{\r\n  \"name\": \"img-from-disk-id\",\r\n  \"id\": \"/subscriptions/00000000-0000-0000-0000-000000000000/resourceGroups/cli_test_vm_custom_image_conflict000001/providers/Microsoft.Compute/images/img-from-disk-id\",\r\n
        \ \"type\": \"Microsoft.Compute/images\",\r\n  \"location\": \"westus\",\r\n
        \ \"tags\": {},\r\n  \"properties\": {\r\n    \"storageProfile\": {\r\n      \"osDisk\":
        {\r\n        \"osType\": \"Linux\",\r\n        \"osState\": \"Generalized\",\r\n
        \       \"diskSizeGB\": 30,\r\n        \"managedDisk\": {\r\n          \"id\":
        \"/subscriptions/00000000-0000-0000-0000-000000000000/resourceGroups/cli_test_vm_custom_image_conflict000001/providers/Microsoft.Compute/disks/test-vm\"\r\n
        \       },\r\n        \"caching\": \"None\",\r\n        \"storageAccountType\":
        \"Standard_LRS\"\r\n      },\r\n      \"dataDisks\": []\r\n    },\r\n    \"provisioningState\":
        \"Succeeded\",\r\n    \"hyperVGeneration\": \"V1\"\r\n  }\r\n}"
    headers:
      cache-control:
      - no-cache
      content-length:
      - '905'
      content-type:
      - application/json; charset=utf-8
      date:
      - Mon, 15 Nov 2021 11:46:43 GMT
      expires:
      - '-1'
      pragma:
      - no-cache
      server:
      - Microsoft-HTTPAPI/2.0
      - Microsoft-HTTPAPI/2.0
      strict-transport-security:
      - max-age=31536000; includeSubDomains
      transfer-encoding:
      - chunked
      vary:
      - Accept-Encoding
      x-content-type-options:
      - nosniff
      x-ms-ratelimit-remaining-resource:
      - Microsoft.Compute/GetImages3Min;350,Microsoft.Compute/GetImages30Min;1790
    status:
      code: 200
      message: OK
version: 1
