interactions:
- request:
    body: null
    headers:
      Accept:
      - '*/*'
      Accept-Encoding:
      - gzip, deflate
      Connection:
      - keep-alive
      User-Agent:
      - python-requests/2.31.0
    method: GET
    uri: https://raw.githubusercontent.com/Azure/azure-rest-api-specs/main/arm-compute/quickstart-templates/aliases.json
  response:
    body:
      string: "{\n  \"$schema\": \"http://schema.management.azure.com/schemas/2015-01-01/deploymentTemplate.json\"\
        ,\n  \"contentVersion\": \"1.0.0.0\",\n  \"parameters\": {},\n  \"variables\"\
        : {},\n  \"resources\": [],\n  \"outputs\": {\n    \"aliases\": {\n      \"\
        type\": \"object\",\n      \"value\": {\n        \"Linux\": {\n          \"\
        CentOS85Gen2\": {\n            \"publisher\":  \"OpenLogic\",\n          \
        \  \"offer\":  \"CentOS\",\n            \"sku\":  \"8_5-gen2\",\n        \
        \    \"version\":  \"latest\",\n            \"architecture\": \"x64\"\n  \
        \        },\n          \"Debian11\":  {\n            \"publisher\":  \"Debian\"\
        ,\n            \"offer\":  \"debian-11\",\n            \"sku\":  \"11-backports-gen2\"\
        ,\n            \"version\":  \"latest\",\n            \"architecture\": \"\
        x64\"\n          },\n          \"FlatcarLinuxFreeGen2\":  {\n            \"\
        publisher\":  \"kinvolk\",\n            \"offer\":  \"flatcar-container-linux-free\"\
        ,\n            \"sku\":  \"stable-gen2\",\n            \"version\":  \"latest\"\
        ,\n            \"architecture\": \"x64\"\n          },\n          \"OpenSuseLeap154Gen2\"\
        :  {\n            \"publisher\":  \"SUSE\",\n            \"offer\":  \"openSUSE-leap-15-4\"\
        ,\n            \"sku\":  \"gen2\",\n            \"version\":  \"latest\",\n\
        \            \"architecture\": \"x64\"\n          },\n          \"RHELRaw8LVMGen2\"\
        :  {\n            \"publisher\":  \"RedHat\",\n            \"offer\":  \"\
        RHEL\",\n            \"sku\":  \"8-lvm-gen2\",\n            \"version\": \
        \ \"latest\",\n            \"architecture\": \"x64\"\n          },\n     \
        \     \"SuseSles15SP3\": {\n            \"publisher\": \"SUSE\",\n       \
        \     \"offer\": \"sles-15-sp3\",\n            \"sku\": \"gen2\",\n      \
        \      \"version\": \"latest\",\n            \"architecture\": \"x64\"\n \
        \         },\n          \"Ubuntu2204\":  {\n            \"publisher\":  \"\
        Canonical\",\n            \"offer\":  \"0001-com-ubuntu-server-jammy\",\n\
        \            \"sku\":  \"22_04-lts-gen2\",\n            \"version\":  \"latest\"\
        ,\n            \"architecture\": \"x64\"\n          }\n        },\n      \
        \  \"Windows\": {\n          \"Win2022Datacenter\": {\n            \"publisher\"\
        : \"MicrosoftWindowsServer\",\n            \"offer\": \"WindowsServer\",\n\
        \            \"sku\": \"2022-datacenter-g2\",\n            \"version\": \"\
        latest\",\n            \"architecture\": \"x64\"\n          },\n         \
        \ \"Win2022AzureEditionCore\": {\n            \"publisher\": \"MicrosoftWindowsServer\"\
        ,\n            \"offer\": \"WindowsServer\",\n            \"sku\": \"2022-datacenter-azure-edition-core\"\
        ,\n            \"version\": \"latest\",\n            \"architecture\": \"\
        x64\"\n          },\n          \"Win2019Datacenter\": {\n            \"publisher\"\
        : \"MicrosoftWindowsServer\",\n            \"offer\": \"WindowsServer\",\n\
        \            \"sku\": \"2019-datacenter-gensecond\",\n            \"version\"\
        : \"latest\",\n            \"architecture\": \"x64\"\n          },\n     \
        \     \"Win2016Datacenter\": {\n            \"publisher\": \"MicrosoftWindowsServer\"\
        ,\n            \"offer\": \"WindowsServer\",\n            \"sku\": \"2016-datacenter-gensecond\"\
        ,\n            \"version\": \"latest\",\n            \"architecture\": \"\
        x64\"\n          },\n          \"Win2012R2Datacenter\": {\n            \"\
        publisher\": \"MicrosoftWindowsServer\",\n            \"offer\": \"WindowsServer\"\
        ,\n            \"sku\": \"2012-R2-Datacenter\",\n            \"version\":\
        \ \"latest\",\n            \"architecture\": \"x64\"\n          },\n     \
        \     \"Win2012Datacenter\": {\n            \"publisher\": \"MicrosoftWindowsServer\"\
        ,\n            \"offer\": \"WindowsServer\",\n            \"sku\": \"2012-Datacenter\"\
        ,\n            \"version\": \"latest\",\n            \"architecture\": \"\
        x64\"\n          },\n          \"Win2008R2SP1\": {\n            \"publisher\"\
        : \"MicrosoftWindowsServer\",\n            \"offer\": \"WindowsServer\",\n\
        \            \"sku\": \"2008-R2-SP1\",\n            \"version\": \"latest\"\
        ,\n            \"architecture\": \"x64\"\n          }\n        }\n      }\n\
        \    }\n  }\n}\n"
    headers:
      accept-ranges:
      - bytes
      access-control-allow-origin:
      - '*'
      cache-control:
      - max-age=300
      connection:
      - keep-alive
      content-length:
      - '3615'
      content-security-policy:
      - default-src 'none'; style-src 'unsafe-inline'; sandbox
      content-type:
      - text/plain; charset=utf-8
      cross-origin-resource-policy:
      - cross-origin
      date:
      - Wed, 24 Apr 2024 05:47:09 GMT
      etag:
      - W/"9fee27d398b0211e374a0f0e8e79c9b3a0342cfa43466b26b8548409639c8c17"
      expires:
      - Wed, 24 Apr 2024 05:52:09 GMT
      source-age:
      - '237'
      strict-transport-security:
      - max-age=31536000
      vary:
      - Authorization,Accept-Encoding,Origin
      via:
      - 1.1 varnish
      x-cache:
      - HIT
      x-cache-hits:
      - '1'
      x-content-type-options:
      - nosniff
      x-fastly-request-id:
      - c5b53f6ca5dc47e40951a3464c7594716c9ae0af
      x-frame-options:
      - deny
      x-github-request-id:
      - 1FDA:332C6:62DFCC:76831B:66287D7A
      x-served-by:
      - cache-itm1220055-ITM
      x-timer:
      - S1713937630.865471,VS0,VE1
      x-xss-protection:
      - 1; mode=block
    status:
      code: 200
      message: OK
- request:
    body: null
    headers:
      Accept:
      - application/json
      Accept-Encoding:
      - gzip, deflate
      CommandName:
      - vmss create
      Connection:
      - keep-alive
      ParameterSetName:
      - -l -g -n --authentication-type --admin-username --admin-password --image
      User-Agent:
      - AZURECLI/2.59.0 azsdk-python-core/1.30.1 Python/3.10.11 (Windows-10-10.0.22631-SP0)
    method: GET
    uri: https://management.azure.com/subscriptions/00000000-0000-0000-0000-000000000000/providers/Microsoft.Compute/locations/eastus/publishers/MicrosoftWindowsServer/artifacttypes/vmimage/offers/WindowsServer/skus/2012-R2-Datacenter/versions?$top=1&$orderby=name%20desc&api-version=2024-03-01
  response:
    body:
      string: "[\r\n  {\r\n    \"location\": \"eastus\",\r\n    \"name\": \"9600.21620.231004\"\
        ,\r\n    \"id\": \"/Subscriptions/00000000-0000-0000-0000-000000000000/Providers/Microsoft.Compute/Locations/eastus/Publishers/MicrosoftWindowsServer/ArtifactTypes/VMImage/Offers/WindowsServer/Skus/2012-R2-Datacenter/Versions/9600.21620.231004\"\
        \r\n  }\r\n]"
    headers:
      cache-control:
      - no-cache
      content-length:
      - '313'
      content-type:
      - application/json; charset=utf-8
      date:
      - Wed, 24 Apr 2024 05:47:10 GMT
      expires:
      - '-1'
      pragma:
      - no-cache
      strict-transport-security:
      - max-age=31536000; includeSubDomains
      x-cache:
      - CONFIG_NOCACHE
      x-content-type-options:
      - nosniff
      x-ms-ratelimit-remaining-resource:
      - Microsoft.Compute/ListVMImagesVersionsFromLocation3Min;15995,Microsoft.Compute/ListVMImagesVersionsFromLocation30Min;43984
      x-msedge-ref:
      - 'Ref A: 6EC79A244EEC4DCA89A99A20F5155282 Ref B: MAA201060514009 Ref C: 2024-04-24T05:47:10Z'
    status:
      code: 200
      message: OK
- request:
    body: null
    headers:
      Accept:
      - application/json
      Accept-Encoding:
      - gzip, deflate
      CommandName:
      - vmss create
      Connection:
      - keep-alive
      ParameterSetName:
      - -l -g -n --authentication-type --admin-username --admin-password --image
      User-Agent:
      - AZURECLI/2.59.0 azsdk-python-core/1.30.1 Python/3.10.11 (Windows-10-10.0.22631-SP0)
    method: GET
    uri: https://management.azure.com/subscriptions/00000000-0000-0000-0000-000000000000/providers/Microsoft.Compute/locations/eastus/publishers/MicrosoftWindowsServer/artifacttypes/vmimage/offers/WindowsServer/skus/2012-R2-Datacenter/versions/9600.21620.231004?api-version=2024-03-01
  response:
    body:
      string: "{\r\n  \"properties\": {\r\n    \"hyperVGeneration\": \"V1\",\r\n \
        \   \"architecture\": \"x64\",\r\n    \"replicaType\": \"Unmanaged\",\r\n\
        \    \"disallowed\": {\r\n      \"vmDiskType\": \"None\"\r\n    },\r\n   \
        \ \"automaticOSUpgradeProperties\": {\r\n      \"automaticOSUpgradeSupported\"\
        : true\r\n    },\r\n    \"imageDeprecationStatus\": {\r\n      \"imageState\"\
        : \"ScheduledForDeprecation\",\r\n      \"scheduledDeprecationTime\": \"2024-06-14T00:00:00+00:00\"\
        ,\r\n      \"alternativeOption\": {\r\n        \"type\": \"Plan\",\r\n   \
        \     \"value\": \"2022-datacenter-azure-edition\"\r\n      }\r\n    },\r\n\
        \    \"features\": [\r\n      {\r\n        \"name\": \"IsAcceleratedNetworkSupported\"\
        ,\r\n        \"value\": \"True\"\r\n      },\r\n      {\r\n        \"name\"\
        : \"DiskControllerTypes\",\r\n        \"value\": \"SCSI\"\r\n      },\r\n\
        \      {\r\n        \"name\": \"IsHibernateSupported\",\r\n        \"value\"\
        : \"False\"\r\n      }\r\n    ],\r\n    \"osDiskImage\": {\r\n      \"operatingSystem\"\
        : \"Windows\",\r\n      \"sizeInBytes\": 136367309312\r\n    },\r\n    \"\
        dataDiskImages\": []\r\n  },\r\n  \"location\": \"eastus\",\r\n  \"name\"\
        : \"9600.21620.231004\",\r\n  \"id\": \"/Subscriptions/00000000-0000-0000-0000-000000000000/Providers/Microsoft.Compute/Locations/eastus/Publishers/MicrosoftWindowsServer/ArtifactTypes/VMImage/Offers/WindowsServer/Skus/2012-R2-Datacenter/Versions/9600.21620.231004\"\
        \r\n}"
    headers:
      cache-control:
      - no-cache
      content-length:
      - '1246'
      content-type:
      - application/json; charset=utf-8
      date:
      - Wed, 24 Apr 2024 05:47:11 GMT
      expires:
      - '-1'
      pragma:
      - no-cache
      strict-transport-security:
      - max-age=31536000; includeSubDomains
      x-cache:
      - CONFIG_NOCACHE
      x-content-type-options:
      - nosniff
      x-ms-ratelimit-remaining-resource:
      - Microsoft.Compute/GetVMImageFromLocation3Min;12997,Microsoft.Compute/GetVMImageFromLocation30Min;73986
      x-msedge-ref:
      - 'Ref A: 6C90ECBC71E84DCE914A9CACCE5DCC79 Ref B: MAA201060515021 Ref C: 2024-04-24T05:47:11Z'
    status:
      code: 200
      message: OK
- request:
    body: null
    headers:
      Accept:
      - application/json
      Accept-Encoding:
      - gzip, deflate
      CommandName:
      - vmss create
      Connection:
      - keep-alive
      ParameterSetName:
      - -l -g -n --authentication-type --admin-username --admin-password --image
      User-Agent:
      - AZURECLI/2.59.0 azsdk-python-core/1.30.1 Python/3.10.11 (Windows-10-10.0.22631-SP0)
    method: GET
    uri: https://management.azure.com/subscriptions/00000000-0000-0000-0000-000000000000/resourceGroups/clitest.rg000001/providers/Microsoft.Network/virtualNetworks?api-version=2022-01-01
  response:
    body:
      string: '{"value":[]}'
    headers:
      cache-control:
      - no-cache
      content-length:
      - '12'
      content-type:
      - application/json; charset=utf-8
      date:
      - Wed, 24 Apr 2024 05:47:12 GMT
      expires:
      - '-1'
      pragma:
      - no-cache
      strict-transport-security:
      - max-age=31536000; includeSubDomains
      x-cache:
      - CONFIG_NOCACHE
      x-content-type-options:
      - nosniff
      x-msedge-ref:
      - 'Ref A: 1D063F930CEF4BB8A9863F1ABF78CA7B Ref B: MAA201060514019 Ref C: 2024-04-24T05:47:12Z'
    status:
      code: 200
      message: OK
- request:
    body: '{"properties": {"template": {"$schema": "https://schema.management.azure.com/schemas/2015-01-01/deploymentTemplate.json#",
      "contentVersion": "1.0.0.0", "parameters": {"adminPassword": {"type": "securestring",
      "metadata": {"description": "Secure adminPassword"}}}, "variables": {}, "resources":
      [{"name": "vmss1VNET", "type": "Microsoft.Network/virtualNetworks", "location":
      "eastus", "apiVersion": "2015-06-15", "dependsOn": [], "tags": {}, "properties":
      {"addressSpace": {"addressPrefixes": ["10.0.0.0/16"]}, "subnets": [{"name":
      "vmss1Subnet", "properties": {"addressPrefix": "10.0.0.0/24"}}]}}, {"apiVersion":
      "2022-01-01", "type": "Microsoft.Network/publicIPAddresses", "name": "vmss1LBPublicIP",
      "location": "eastus", "tags": {}, "dependsOn": [], "properties": {"publicIPAllocationMethod":
      "Static"}, "sku": {"name": "Standard"}}, {"type": "Microsoft.Network/loadBalancers",
      "name": "vmss1LB", "location": "eastus", "tags": {}, "apiVersion": "2022-01-01",
      "dependsOn": ["Microsoft.Network/virtualNetworks/vmss1VNET", "Microsoft.Network/publicIpAddresses/vmss1LBPublicIP"],
      "properties": {"backendAddressPools": [{"name": "vmss1LBBEPool"}], "frontendIPConfigurations":
      [{"name": "loadBalancerFrontEnd", "properties": {"publicIPAddress": {"id": "/subscriptions/00000000-0000-0000-0000-000000000000/resourceGroups/clitest.rg000001/providers/Microsoft.Network/publicIPAddresses/vmss1LBPublicIP"}}}],
      "loadBalancingRules": [{"name": "LBRule", "properties": {"frontendIPConfiguration":
      {"id": "[concat(resourceId(''Microsoft.Network/loadBalancers'', ''vmss1LB''),
      ''/frontendIPConfigurations/'', ''loadBalancerFrontEnd'')]"}, "backendAddressPool":
      {"id": "[concat(resourceId(''Microsoft.Network/loadBalancers'', ''vmss1LB''),
      ''/backendAddressPools/'', ''vmss1LBBEPool'')]"}, "protocol": "tcp", "frontendPort":
      80, "backendPort": 80, "enableFloatingIP": false, "idleTimeoutInMinutes": 5}}]},
      "sku": {"name": "Standard"}}, {"type": "Microsoft.Network/networkSecurityGroups",
      "name": "vmss1NSG", "apiVersion": "2015-06-15", "location": "eastus", "tags":
      {}, "dependsOn": [], "properties": {"securityRules": [{"name": "default-allow-ssh",
      "properties": {"protocol": "Tcp", "sourcePortRange": "*", "destinationPortRange":
      "22", "sourceAddressPrefix": "*", "destinationAddressPrefix": "*", "access":
      "Allow", "priority": 1000, "direction": "Inbound"}}]}}, {"type": "Microsoft.Network/loadBalancers/inboundNatRules",
      "apiVersion": "2022-01-01", "name": "vmss1LB/NatRule", "location": "eastus",
      "properties": {"frontendIPConfiguration": {"id": "[concat(resourceId(''Microsoft.Network/loadBalancers'',
      ''vmss1LB''), ''/frontendIPConfigurations/'', ''loadBalancerFrontEnd'')]"},
      "backendAddressPool": {"id": "[concat(resourceId(''Microsoft.Network/loadBalancers'',
      ''vmss1LB''), ''/backendAddressPools/'', ''vmss1LBBEPool'')]"}, "backendPort":
      3389, "frontendPortRangeStart": "50000", "frontendPortRangeEnd": "50119", "protocol":
      "tcp", "idleTimeoutInMinutes": 5}, "dependsOn": ["[concat(''Microsoft.Network/loadBalancers/'',
      ''vmss1LB'')]"]}, {"type": "Microsoft.Compute/virtualMachineScaleSets", "name":
      "vmss1", "location": "eastus", "tags": {}, "apiVersion": "2024-03-01", "dependsOn":
      ["Microsoft.Network/virtualNetworks/vmss1VNET", "Microsoft.Network/loadBalancers/vmss1LB",
      "Microsoft.Network/networkSecurityGroups/vmss1NSG"], "properties": {"singlePlacementGroup":
      null, "platformFaultDomainCount": 1, "virtualMachineProfile": {"storageProfile":
      {"osDisk": {"createOption": "FromImage", "caching": "ReadWrite", "managedDisk":
      {"storageAccountType": null}}, "imageReference": {"publisher": "MicrosoftWindowsServer",
      "offer": "WindowsServer", "sku": "2012-R2-Datacenter", "version": "latest"}},
      "osProfile": {"computerNamePrefix": "vmss1", "adminUsername": "admin123", "adminPassword":
      "[parameters(''adminPassword'')]"}, "networkProfile": {"networkInterfaceConfigurations":
      [{"name": "vmss1535cNic", "properties": {"ipConfigurations": [{"name": "vmss1535cIPConfig",
      "properties": {"subnet": {"id": "/subscriptions/00000000-0000-0000-0000-000000000000/resourceGroups/clitest.rg000001/providers/Microsoft.Network/virtualNetworks/vmss1VNET/subnets/vmss1Subnet"},
      "loadBalancerBackendAddressPools": [{"id": "/subscriptions/00000000-0000-0000-0000-000000000000/resourceGroups/clitest.rg000001/providers/Microsoft.Network/loadBalancers/vmss1LB/backendAddressPools/vmss1LBBEPool"}]}}],
      "networkSecurityGroup": {"id": "[resourceId(''Microsoft.Network/networkSecurityGroups'',
      ''vmss1NSG'')]"}, "primary": "true"}}], "networkApiVersion": "2020-11-01"}},
      "orchestrationMode": "Flexible"}, "sku": {"name": "Standard_DS1_v2", "capacity":
      2}}], "outputs": {"VMSS": {"type": "object", "value": "[reference(resourceId(''Microsoft.Compute/virtualMachineScaleSets'',
      ''vmss1''),providers(''Microsoft.Compute'', ''virtualMachineScaleSets'').apiVersions[0])]"}}},
      "parameters": {"adminPassword": {"value": "PasswordPassword1!"}}, "mode": "incremental"}}'
    headers:
      Accept:
      - application/json
      Accept-Encoding:
      - gzip, deflate
      CommandName:
      - vmss create
      Connection:
      - keep-alive
      Content-Length:
      - '4881'
      Content-Type:
      - application/json
      ParameterSetName:
      - -l -g -n --authentication-type --admin-username --admin-password --image
      User-Agent:
      - AZURECLI/2.59.0 azsdk-python-core/1.30.1 Python/3.10.11 (Windows-10-10.0.22631-SP0)
    method: PUT
    uri: https://management.azure.com/subscriptions/00000000-0000-0000-0000-000000000000/resourcegroups/clitest.rg000001/providers/Microsoft.Resources/deployments/mock-deployment?api-version=2022-09-01
  response:
    body:
      string: '{"id":"/subscriptions/00000000-0000-0000-0000-000000000000/resourceGroups/clitest.rg000001/providers/Microsoft.Resources/deployments/vmss_deploy_wzUxlIgup5JQU3agHVg2ToweReJdTFvq","name":"vmss_deploy_wzUxlIgup5JQU3agHVg2ToweReJdTFvq","type":"Microsoft.Resources/deployments","properties":{"templateHash":"6904061615038250915","parameters":{"adminPassword":{"type":"SecureString"}},"mode":"Incremental","provisioningState":"Accepted","timestamp":"2024-04-24T05:47:22.1656828Z","duration":"PT0.000908S","correlationId":"e8e74034-e3bb-475b-a69e-28654fb25f01","providers":[{"namespace":"Microsoft.Network","resourceTypes":[{"resourceType":"virtualNetworks","locations":["eastus"]},{"resourceType":"publicIPAddresses","locations":["eastus"]},{"resourceType":"loadBalancers","locations":["eastus"]},{"resourceType":"networkSecurityGroups","locations":["eastus"]},{"resourceType":"loadBalancers/inboundNatRules","locations":["eastus"]}]},{"namespace":"Microsoft.Compute","resourceTypes":[{"resourceType":"virtualMachineScaleSets","locations":["eastus"]}]}],"dependencies":[{"dependsOn":[{"id":"/subscriptions/00000000-0000-0000-0000-000000000000/resourceGroups/clitest.rg000001/providers/Microsoft.Network/virtualNetworks/vmss1VNET","resourceType":"Microsoft.Network/virtualNetworks","resourceName":"vmss1VNET"},{"id":"/subscriptions/00000000-0000-0000-0000-000000000000/resourceGroups/clitest.rg000001/providers/Microsoft.Network/publicIPAddresses/vmss1LBPublicIP","resourceType":"Microsoft.Network/publicIPAddresses","resourceName":"vmss1LBPublicIP"}],"id":"/subscriptions/00000000-0000-0000-0000-000000000000/resourceGroups/clitest.rg000001/providers/Microsoft.Network/loadBalancers/vmss1LB","resourceType":"Microsoft.Network/loadBalancers","resourceName":"vmss1LB"},{"dependsOn":[{"id":"/subscriptions/00000000-0000-0000-0000-000000000000/resourceGroups/clitest.rg000001/providers/Microsoft.Network/loadBalancers/vmss1LB","resourceType":"Microsoft.Network/loadBalancers","resourceName":"vmss1LB"}],"id":"/subscriptions/00000000-0000-0000-0000-000000000000/resourceGroups/clitest.rg000001/providers/Microsoft.Network/loadBalancers/vmss1LB/inboundNatRules/NatRule","resourceType":"Microsoft.Network/loadBalancers/inboundNatRules","resourceName":"vmss1LB/NatRule"},{"dependsOn":[{"id":"/subscriptions/00000000-0000-0000-0000-000000000000/resourceGroups/clitest.rg000001/providers/Microsoft.Network/virtualNetworks/vmss1VNET","resourceType":"Microsoft.Network/virtualNetworks","resourceName":"vmss1VNET"},{"id":"/subscriptions/00000000-0000-0000-0000-000000000000/resourceGroups/clitest.rg000001/providers/Microsoft.Network/loadBalancers/vmss1LB","resourceType":"Microsoft.Network/loadBalancers","resourceName":"vmss1LB"},{"id":"/subscriptions/00000000-0000-0000-0000-000000000000/resourceGroups/clitest.rg000001/providers/Microsoft.Network/networkSecurityGroups/vmss1NSG","resourceType":"Microsoft.Network/networkSecurityGroups","resourceName":"vmss1NSG"}],"id":"/subscriptions/00000000-0000-0000-0000-000000000000/resourceGroups/clitest.rg000001/providers/Microsoft.Compute/virtualMachineScaleSets/vmss1","resourceType":"Microsoft.Compute/virtualMachineScaleSets","resourceName":"vmss1"}]}}'
    headers:
      azure-asyncoperation:
      - https://management.azure.com/subscriptions/00000000-0000-0000-0000-000000000000/resourcegroups/clitest.rg000001/providers/Microsoft.Resources/deployments/vmss_deploy_wzUxlIgup5JQU3agHVg2ToweReJdTFvq/operationStatuses/08584876692467544487?api-version=2022-09-01
      cache-control:
      - no-cache
      content-length:
      - '3184'
      content-type:
      - application/json; charset=utf-8
      date:
      - Wed, 24 Apr 2024 05:47:24 GMT
      expires:
      - '-1'
      pragma:
      - no-cache
      strict-transport-security:
      - max-age=31536000; includeSubDomains
      x-cache:
      - CONFIG_NOCACHE
      x-content-type-options:
      - nosniff
      x-ms-ratelimit-remaining-subscription-writes:
      - '1196'
      x-msedge-ref:
      - 'Ref A: 74330281DBCB496B8208EA5CDFDEA57F Ref B: MAA201060516027 Ref C: 2024-04-24T05:47:12Z'
    status:
      code: 201
      message: Created
- request:
    body: null
    headers:
      Accept:
      - '*/*'
      Accept-Encoding:
      - gzip, deflate
      CommandName:
      - vmss create
      Connection:
      - keep-alive
      ParameterSetName:
      - -l -g -n --authentication-type --admin-username --admin-password --image
      User-Agent:
      - AZURECLI/2.59.0 azsdk-python-core/1.30.1 Python/3.10.11 (Windows-10-10.0.22631-SP0)
    method: GET
    uri: https://management.azure.com/subscriptions/00000000-0000-0000-0000-000000000000/resourcegroups/clitest.rg000001/providers/Microsoft.Resources/deployments/mock-deployment/operationStatuses/08584876692467544487?api-version=2022-09-01
  response:
    body:
      string: '{"status":"Running"}'
    headers:
      cache-control:
      - no-cache
      content-length:
      - '20'
      content-type:
      - application/json; charset=utf-8
      date:
      - Wed, 24 Apr 2024 05:47:26 GMT
      expires:
      - '-1'
      pragma:
      - no-cache
      strict-transport-security:
      - max-age=31536000; includeSubDomains
      x-cache:
      - CONFIG_NOCACHE
      x-content-type-options:
      - nosniff
      x-msedge-ref:
      - 'Ref A: 27576A9D6AA54BFABB36A0EC1CC5BC9B Ref B: MAA201060516037 Ref C: 2024-04-24T05:47:25Z'
    status:
      code: 200
      message: OK
- request:
    body: null
    headers:
      Accept:
      - '*/*'
      Accept-Encoding:
      - gzip, deflate
      CommandName:
      - vmss create
      Connection:
      - keep-alive
      ParameterSetName:
      - -l -g -n --authentication-type --admin-username --admin-password --image
      User-Agent:
      - AZURECLI/2.59.0 azsdk-python-core/1.30.1 Python/3.10.11 (Windows-10-10.0.22631-SP0)
    method: GET
    uri: https://management.azure.com/subscriptions/00000000-0000-0000-0000-000000000000/resourcegroups/clitest.rg000001/providers/Microsoft.Resources/deployments/mock-deployment/operationStatuses/08584876692467544487?api-version=2022-09-01
  response:
    body:
      string: '{"status":"Running"}'
    headers:
      cache-control:
      - no-cache
      content-length:
      - '20'
      content-type:
      - application/json; charset=utf-8
      date:
      - Wed, 24 Apr 2024 05:47:58 GMT
      expires:
      - '-1'
      pragma:
      - no-cache
      strict-transport-security:
      - max-age=31536000; includeSubDomains
      x-cache:
      - CONFIG_NOCACHE
      x-content-type-options:
      - nosniff
      x-msedge-ref:
      - 'Ref A: 3732670143B049BAB4B71274B3374083 Ref B: MAA201060514049 Ref C: 2024-04-24T05:47:57Z'
    status:
      code: 200
      message: OK
- request:
    body: null
    headers:
      Accept:
      - '*/*'
      Accept-Encoding:
      - gzip, deflate
      CommandName:
      - vmss create
      Connection:
      - keep-alive
      ParameterSetName:
      - -l -g -n --authentication-type --admin-username --admin-password --image
      User-Agent:
      - AZURECLI/2.59.0 azsdk-python-core/1.30.1 Python/3.10.11 (Windows-10-10.0.22631-SP0)
    method: GET
    uri: https://management.azure.com/subscriptions/00000000-0000-0000-0000-000000000000/resourcegroups/clitest.rg000001/providers/Microsoft.Resources/deployments/mock-deployment/operationStatuses/08584876692467544487?api-version=2022-09-01
  response:
    body:
      string: '{"status":"Running"}'
    headers:
      cache-control:
      - no-cache
      content-length:
      - '20'
      content-type:
      - application/json; charset=utf-8
      date:
      - Wed, 24 Apr 2024 05:48:30 GMT
      expires:
      - '-1'
      pragma:
      - no-cache
      strict-transport-security:
      - max-age=31536000; includeSubDomains
      x-cache:
      - CONFIG_NOCACHE
      x-content-type-options:
      - nosniff
      x-msedge-ref:
      - 'Ref A: A7BC228599C5416898673D9FC8C3DCB4 Ref B: MAA201060513009 Ref C: 2024-04-24T05:48:29Z'
    status:
      code: 200
      message: OK
- request:
    body: null
    headers:
      Accept:
      - '*/*'
      Accept-Encoding:
      - gzip, deflate
      CommandName:
      - vmss create
      Connection:
      - keep-alive
      ParameterSetName:
      - -l -g -n --authentication-type --admin-username --admin-password --image
      User-Agent:
      - AZURECLI/2.59.0 azsdk-python-core/1.30.1 Python/3.10.11 (Windows-10-10.0.22631-SP0)
    method: GET
    uri: https://management.azure.com/subscriptions/00000000-0000-0000-0000-000000000000/resourcegroups/clitest.rg000001/providers/Microsoft.Resources/deployments/mock-deployment/operationStatuses/08584876692467544487?api-version=2022-09-01
  response:
    body:
      string: '{"status":"Running"}'
    headers:
      cache-control:
      - no-cache
      content-length:
      - '20'
      content-type:
      - application/json; charset=utf-8
      date:
      - Wed, 24 Apr 2024 05:49:03 GMT
      expires:
      - '-1'
      pragma:
      - no-cache
      strict-transport-security:
      - max-age=31536000; includeSubDomains
      x-cache:
      - CONFIG_NOCACHE
      x-content-type-options:
      - nosniff
      x-msedge-ref:
      - 'Ref A: C6416706510943A6A20476C382ADAC20 Ref B: MAA201060515053 Ref C: 2024-04-24T05:49:02Z'
    status:
      code: 200
      message: OK
- request:
    body: null
    headers:
      Accept:
      - '*/*'
      Accept-Encoding:
      - gzip, deflate
      CommandName:
      - vmss create
      Connection:
      - keep-alive
      ParameterSetName:
      - -l -g -n --authentication-type --admin-username --admin-password --image
      User-Agent:
      - AZURECLI/2.59.0 azsdk-python-core/1.30.1 Python/3.10.11 (Windows-10-10.0.22631-SP0)
    method: GET
    uri: https://management.azure.com/subscriptions/00000000-0000-0000-0000-000000000000/resourcegroups/clitest.rg000001/providers/Microsoft.Resources/deployments/mock-deployment/operationStatuses/08584876692467544487?api-version=2022-09-01
  response:
    body:
      string: '{"status":"Succeeded"}'
    headers:
      cache-control:
      - no-cache
      content-length:
      - '22'
      content-type:
      - application/json; charset=utf-8
      date:
      - Wed, 24 Apr 2024 05:49:35 GMT
      expires:
      - '-1'
      pragma:
      - no-cache
      strict-transport-security:
      - max-age=31536000; includeSubDomains
      x-cache:
      - CONFIG_NOCACHE
      x-content-type-options:
      - nosniff
      x-msedge-ref:
      - 'Ref A: 845D3F36B1E7419CB86DB65352E0B223 Ref B: MAA201060514037 Ref C: 2024-04-24T05:49:34Z'
    status:
      code: 200
      message: OK
- request:
    body: null
    headers:
      Accept:
      - '*/*'
      Accept-Encoding:
      - gzip, deflate
      CommandName:
      - vmss create
      Connection:
      - keep-alive
      ParameterSetName:
      - -l -g -n --authentication-type --admin-username --admin-password --image
      User-Agent:
      - AZURECLI/2.59.0 azsdk-python-core/1.30.1 Python/3.10.11 (Windows-10-10.0.22631-SP0)
    method: GET
    uri: https://management.azure.com/subscriptions/00000000-0000-0000-0000-000000000000/resourcegroups/clitest.rg000001/providers/Microsoft.Resources/deployments/mock-deployment?api-version=2022-09-01
  response:
    body:
      string: '{"id":"/subscriptions/00000000-0000-0000-0000-000000000000/resourceGroups/clitest.rg000001/providers/Microsoft.Resources/deployments/vmss_deploy_wzUxlIgup5JQU3agHVg2ToweReJdTFvq","name":"vmss_deploy_wzUxlIgup5JQU3agHVg2ToweReJdTFvq","type":"Microsoft.Resources/deployments","properties":{"templateHash":"6904061615038250915","parameters":{"adminPassword":{"type":"SecureString"}},"mode":"Incremental","provisioningState":"Succeeded","timestamp":"2024-04-24T05:49:17.8650963Z","duration":"PT1M55.7003215S","correlationId":"e8e74034-e3bb-475b-a69e-28654fb25f01","providers":[{"namespace":"Microsoft.Network","resourceTypes":[{"resourceType":"virtualNetworks","locations":["eastus"]},{"resourceType":"publicIPAddresses","locations":["eastus"]},{"resourceType":"loadBalancers","locations":["eastus"]},{"resourceType":"networkSecurityGroups","locations":["eastus"]},{"resourceType":"loadBalancers/inboundNatRules","locations":["eastus"]}]},{"namespace":"Microsoft.Compute","resourceTypes":[{"resourceType":"virtualMachineScaleSets","locations":["eastus"]}]}],"dependencies":[{"dependsOn":[{"id":"/subscriptions/00000000-0000-0000-0000-000000000000/resourceGroups/clitest.rg000001/providers/Microsoft.Network/virtualNetworks/vmss1VNET","resourceType":"Microsoft.Network/virtualNetworks","resourceName":"vmss1VNET"},{"id":"/subscriptions/00000000-0000-0000-0000-000000000000/resourceGroups/clitest.rg000001/providers/Microsoft.Network/publicIPAddresses/vmss1LBPublicIP","resourceType":"Microsoft.Network/publicIPAddresses","resourceName":"vmss1LBPublicIP"}],"id":"/subscriptions/00000000-0000-0000-0000-000000000000/resourceGroups/clitest.rg000001/providers/Microsoft.Network/loadBalancers/vmss1LB","resourceType":"Microsoft.Network/loadBalancers","resourceName":"vmss1LB"},{"dependsOn":[{"id":"/subscriptions/00000000-0000-0000-0000-000000000000/resourceGroups/clitest.rg000001/providers/Microsoft.Network/loadBalancers/vmss1LB","resourceType":"Microsoft.Network/loadBalancers","resourceName":"vmss1LB"}],"id":"/subscriptions/00000000-0000-0000-0000-000000000000/resourceGroups/clitest.rg000001/providers/Microsoft.Network/loadBalancers/vmss1LB/inboundNatRules/NatRule","resourceType":"Microsoft.Network/loadBalancers/inboundNatRules","resourceName":"vmss1LB/NatRule"},{"dependsOn":[{"id":"/subscriptions/00000000-0000-0000-0000-000000000000/resourceGroups/clitest.rg000001/providers/Microsoft.Network/virtualNetworks/vmss1VNET","resourceType":"Microsoft.Network/virtualNetworks","resourceName":"vmss1VNET"},{"id":"/subscriptions/00000000-0000-0000-0000-000000000000/resourceGroups/clitest.rg000001/providers/Microsoft.Network/loadBalancers/vmss1LB","resourceType":"Microsoft.Network/loadBalancers","resourceName":"vmss1LB"},{"id":"/subscriptions/00000000-0000-0000-0000-000000000000/resourceGroups/clitest.rg000001/providers/Microsoft.Network/networkSecurityGroups/vmss1NSG","resourceType":"Microsoft.Network/networkSecurityGroups","resourceName":"vmss1NSG"}],"id":"/subscriptions/00000000-0000-0000-0000-000000000000/resourceGroups/clitest.rg000001/providers/Microsoft.Compute/virtualMachineScaleSets/vmss1","resourceType":"Microsoft.Compute/virtualMachineScaleSets","resourceName":"vmss1"}],"outputs":{"vmss":{"type":"Object","value":{"singlePlacementGroup":false,"orchestrationMode":"Flexible","upgradePolicy":{"mode":"Manual"},"virtualMachineProfile":{"osProfile":{"computerNamePrefix":"vmss1","adminUsername":"admin123","windowsConfiguration":{"provisionVMAgent":true,"enableAutomaticUpdates":true,"patchSettings":{"patchMode":"AutomaticByOS","assessmentMode":"ImageDefault"},"enableVMAgentPlatformUpdates":false},"secrets":[],"allowExtensionOperations":true,"requireGuestProvisionSignal":true},"storageProfile":{"osDisk":{"osType":"Windows","createOption":"FromImage","caching":"ReadWrite","managedDisk":{"storageAccountType":"Premium_LRS"},"deleteOption":"Delete","diskSizeGB":127},"imageReference":{"publisher":"MicrosoftWindowsServer","offer":"WindowsServer","sku":"2012-R2-Datacenter","version":"latest"}},"networkProfile":{"networkApiVersion":"2020-11-01","networkInterfaceConfigurations":[{"name":"vmss1535cNic","properties":{"primary":true,"disableTcpStateTracking":false,"enableIPForwarding":false,"auxiliaryMode":"None","auxiliarySku":"None","deleteOption":"Delete","ipConfigurations":[{"name":"vmss1535cIPConfig","properties":{"privateIPAddressVersion":"IPv4","subnet":{"id":"/subscriptions/00000000-0000-0000-0000-000000000000/resourceGroups/clitest.rg000001/providers/Microsoft.Network/virtualNetworks/vmss1VNET/subnets/vmss1Subnet"},"applicationSecurityGroups":[],"loadBalancerBackendAddressPools":[{"id":"/subscriptions/00000000-0000-0000-0000-000000000000/resourceGroups/clitest.rg000001/providers/Microsoft.Network/loadBalancers/vmss1LB/backendAddressPools/vmss1LBBEPool"}],"applicationGatewayBackendAddressPools":[]}}],"networkSecurityGroup":{"id":"/subscriptions/00000000-0000-0000-0000-000000000000/resourceGroups/clitest.rg000001/providers/Microsoft.Network/networkSecurityGroups/vmss1NSG"},"dnsSettings":{"dnsServers":[]}}}]},"timeCreated":"2024-04-24T05:47:45.4327467+00:00"},"provisioningState":"Succeeded","uniqueId":"61dcc16f-ae32-4293-a7df-d2371e80c2cc","platformFaultDomainCount":1,"constrainedMaximumCapacity":false,"timeCreated":"2024-04-24T05:47:45.4327467+00:00"}}},"outputResources":[{"id":"/subscriptions/00000000-0000-0000-0000-000000000000/resourceGroups/clitest.rg000001/providers/Microsoft.Compute/virtualMachineScaleSets/vmss1"},{"id":"/subscriptions/00000000-0000-0000-0000-000000000000/resourceGroups/clitest.rg000001/providers/Microsoft.Network/loadBalancers/vmss1LB"},{"id":"/subscriptions/00000000-0000-0000-0000-000000000000/resourceGroups/clitest.rg000001/providers/Microsoft.Network/loadBalancers/vmss1LB/inboundNatRules/NatRule"},{"id":"/subscriptions/00000000-0000-0000-0000-000000000000/resourceGroups/clitest.rg000001/providers/Microsoft.Network/networkSecurityGroups/vmss1NSG"},{"id":"/subscriptions/00000000-0000-0000-0000-000000000000/resourceGroups/clitest.rg000001/providers/Microsoft.Network/publicIPAddresses/vmss1LBPublicIP"},{"id":"/subscriptions/00000000-0000-0000-0000-000000000000/resourceGroups/clitest.rg000001/providers/Microsoft.Network/virtualNetworks/vmss1VNET"}]}}'
    headers:
      cache-control:
      - no-cache
      content-length:
      - '6234'
      content-type:
      - application/json; charset=utf-8
      date:
      - Wed, 24 Apr 2024 05:49:38 GMT
      expires:
      - '-1'
      pragma:
      - no-cache
      strict-transport-security:
      - max-age=31536000; includeSubDomains
      x-cache:
      - CONFIG_NOCACHE
      x-content-type-options:
      - nosniff
      x-msedge-ref:
      - 'Ref A: 1A71814CDA98453EAC481F468DA69AD7 Ref B: MAA201060514049 Ref C: 2024-04-24T05:49:36Z'
    status:
      code: 200
      message: OK
- request:
    body: null
    headers:
      Accept:
      - application/json
      Accept-Encoding:
      - gzip, deflate
      CommandName:
      - vmss application set
      Connection:
      - keep-alive
      ParameterSetName:
      - -g -n --app-version-ids --app-config-overrides
      User-Agent:
      - AZURECLI/2.59.0 azsdk-python-core/1.30.1 Python/3.10.11 (Windows-10-10.0.22631-SP0)
    method: GET
    uri: https://management.azure.com/subscriptions/00000000-0000-0000-0000-000000000000/resourceGroups/clitest.rg000001/providers/Microsoft.Compute/virtualMachineScaleSets/vmss1?api-version=2024-03-01
  response:
    body:
      string: "{\r\n  \"name\": \"vmss1\",\r\n  \"id\": \"/subscriptions/00000000-0000-0000-0000-000000000000/resourceGroups/clitest.rg000001/providers/Microsoft.Compute/virtualMachineScaleSets/vmss1\"\
        ,\r\n  \"type\": \"Microsoft.Compute/virtualMachineScaleSets\",\r\n  \"location\"\
        : \"eastus\",\r\n  \"tags\": {},\r\n  \"sku\": {\r\n    \"name\": \"Standard_DS1_v2\"\
        ,\r\n    \"tier\": \"Standard\",\r\n    \"capacity\": 2\r\n  },\r\n  \"properties\"\
        : {\r\n    \"singlePlacementGroup\": false,\r\n    \"orchestrationMode\":\
        \ \"Flexible\",\r\n    \"upgradePolicy\": {\r\n      \"mode\": \"Manual\"\r\
        \n    },\r\n    \"virtualMachineProfile\": {\r\n      \"osProfile\": {\r\n\
        \        \"computerNamePrefix\": \"vmss1\",\r\n        \"adminUsername\":\
        \ \"admin123\",\r\n        \"windowsConfiguration\": {\r\n          \"provisionVMAgent\"\
        : true,\r\n          \"enableAutomaticUpdates\": true,\r\n          \"patchSettings\"\
        : {\r\n            \"patchMode\": \"AutomaticByOS\",\r\n            \"assessmentMode\"\
        : \"ImageDefault\"\r\n          },\r\n          \"enableVMAgentPlatformUpdates\"\
        : false\r\n        },\r\n        \"secrets\": [],\r\n        \"allowExtensionOperations\"\
        : true,\r\n        \"requireGuestProvisionSignal\": true\r\n      },\r\n \
        \     \"storageProfile\": {\r\n        \"osDisk\": {\r\n          \"osType\"\
        : \"Windows\",\r\n          \"createOption\": \"FromImage\",\r\n         \
        \ \"caching\": \"ReadWrite\",\r\n          \"managedDisk\": {\r\n        \
        \    \"storageAccountType\": \"Premium_LRS\"\r\n          },\r\n         \
        \ \"deleteOption\": \"Delete\",\r\n          \"diskSizeGB\": 127\r\n     \
        \   },\r\n        \"imageReference\": {\r\n          \"publisher\": \"MicrosoftWindowsServer\"\
        ,\r\n          \"offer\": \"WindowsServer\",\r\n          \"sku\": \"2012-R2-Datacenter\"\
        ,\r\n          \"version\": \"latest\"\r\n        }\r\n      },\r\n      \"\
        networkProfile\": {\"networkApiVersion\":\"2020-11-01\",\"networkInterfaceConfigurations\"\
        :[{\"name\":\"vmss1535cNic\",\"properties\":{\"primary\":true,\"disableTcpStateTracking\"\
        :false,\"enableIPForwarding\":false,\"auxiliaryMode\":\"None\",\"auxiliarySku\"\
        :\"None\",\"deleteOption\":\"Delete\",\"ipConfigurations\":[{\"name\":\"vmss1535cIPConfig\"\
        ,\"properties\":{\"privateIPAddressVersion\":\"IPv4\",\"subnet\":{\"id\":\"\
        /subscriptions/00000000-0000-0000-0000-000000000000/resourceGroups/clitest.rg000001/providers/Microsoft.Network/virtualNetworks/vmss1VNET/subnets/vmss1Subnet\"\
        },\"applicationSecurityGroups\":[],\"loadBalancerBackendAddressPools\":[{\"\
        id\":\"/subscriptions/00000000-0000-0000-0000-000000000000/resourceGroups/clitest.rg000001/providers/Microsoft.Network/loadBalancers/vmss1LB/backendAddressPools/vmss1LBBEPool\"\
        }],\"applicationGatewayBackendAddressPools\":[]}}],\"networkSecurityGroup\"\
        :{\"id\":\"/subscriptions/00000000-0000-0000-0000-000000000000/resourceGroups/clitest.rg000001/providers/Microsoft.Network/networkSecurityGroups/vmss1NSG\"\
        },\"dnsSettings\":{\"dnsServers\":[]}}}]},\r\n      \"timeCreated\": \"2024-04-24T05:47:45.4327467+00:00\"\
        \r\n    },\r\n    \"provisioningState\": \"Succeeded\",\r\n    \"uniqueId\"\
        : \"61dcc16f-ae32-4293-a7df-d2371e80c2cc\",\r\n    \"platformFaultDomainCount\"\
        : 1,\r\n    \"constrainedMaximumCapacity\": false,\r\n    \"timeCreated\"\
        : \"2024-04-24T05:47:45.4327467+00:00\"\r\n  }\r\n}"
    headers:
      cache-control:
      - no-cache
      content-length:
      - '2959'
      content-type:
      - application/json; charset=utf-8
      date:
      - Wed, 24 Apr 2024 05:49:39 GMT
      expires:
      - '-1'
      pragma:
      - no-cache
      strict-transport-security:
      - max-age=31536000; includeSubDomains
      x-cache:
      - CONFIG_NOCACHE
      x-content-type-options:
      - nosniff
      x-ms-ratelimit-remaining-resource:
      - Microsoft.Compute/GetVMScaleSetSubscriptionMaximum;2385,Microsoft.Compute/GetVMScaleSetResource;31
      x-msedge-ref:
      - 'Ref A: 3C1BB6BBBEF14BB28BB8984DA556CFEE Ref B: MAA201060514037 Ref C: 2024-04-24T05:49:39Z'
    status:
      code: 200
      message: ''
- request:
    body: '{"location": "eastus", "tags": {}, "sku": {"name": "Standard_DS1_v2", "tier":
      "Standard", "capacity": 2}, "properties": {"upgradePolicy": {"mode": "Manual"},
      "virtualMachineProfile": {"osProfile": {"computerNamePrefix": "vmss1", "adminUsername":
      "admin123", "windowsConfiguration": {"provisionVMAgent": true, "enableAutomaticUpdates":
      true, "patchSettings": {"patchMode": "AutomaticByOS", "assessmentMode": "ImageDefault"},
      "enableVMAgentPlatformUpdates": false}, "secrets": [], "allowExtensionOperations":
      true, "requireGuestProvisionSignal": true}, "storageProfile": {"imageReference":
      {"publisher": "MicrosoftWindowsServer", "offer": "WindowsServer", "sku": "2012-R2-Datacenter",
      "version": "latest"}, "osDisk": {"caching": "ReadWrite", "createOption": "FromImage",
      "diskSizeGB": 127, "osType": "Windows", "managedDisk": {"storageAccountType":
      "Premium_LRS"}, "deleteOption": "Delete"}}, "networkProfile": {"networkInterfaceConfigurations":
      [{"name": "vmss1535cNic", "properties": {"primary": true, "disableTcpStateTracking":
      false, "networkSecurityGroup": {"id": "/subscriptions/00000000-0000-0000-0000-000000000000/resourceGroups/clitest.rg000001/providers/Microsoft.Network/networkSecurityGroups/vmss1NSG"},
      "dnsSettings": {"dnsServers": []}, "ipConfigurations": [{"name": "vmss1535cIPConfig",
      "properties": {"subnet": {"id": "/subscriptions/00000000-0000-0000-0000-000000000000/resourceGroups/clitest.rg000001/providers/Microsoft.Network/virtualNetworks/vmss1VNET/subnets/vmss1Subnet"},
      "privateIPAddressVersion": "IPv4", "applicationGatewayBackendAddressPools":
      [], "applicationSecurityGroups": [], "loadBalancerBackendAddressPools": [{"id":
      "/subscriptions/00000000-0000-0000-0000-000000000000/resourceGroups/clitest.rg000001/providers/Microsoft.Network/loadBalancers/vmss1LB/backendAddressPools/vmss1LBBEPool"}]}}],
      "enableIPForwarding": false, "deleteOption": "Delete", "auxiliaryMode": "None",
      "auxiliarySku": "None"}}], "networkApiVersion": "2020-11-01"}, "applicationProfile":
      {"galleryApplications": [{"packageReferenceId": "/subscriptions/00000000-0000-0000-0000-000000000000/resourceGroups/galleryappaccount/providers/Microsoft.Compute/galleries/MyGallery/applications/MyFirstApp/versions/1.0.0",
      "configurationReference": "null"}, {"packageReferenceId": "/subscriptions/00000000-0000-0000-0000-000000000000/resourceGroups/galleryappaccount/providers/Microsoft.Compute/galleries/MyGallery/applications/MySecondApp/versions/1.0.1",
      "configurationReference": "https://galleryappaccount.blob.core.windows.net/gallerytest/MyAppConfig"}]}},
      "singlePlacementGroup": false, "platformFaultDomainCount": 1, "orchestrationMode":
      "Flexible", "constrainedMaximumCapacity": false}}'
    headers:
      Accept:
      - application/json
      Accept-Encoding:
      - gzip, deflate
      CommandName:
      - vmss application set
      Connection:
      - keep-alive
      Content-Length:
      - '2685'
      Content-Type:
      - application/json
      ParameterSetName:
      - -g -n --app-version-ids --app-config-overrides
      User-Agent:
      - AZURECLI/2.59.0 azsdk-python-core/1.30.1 Python/3.10.11 (Windows-10-10.0.22631-SP0)
    method: PUT
    uri: https://management.azure.com/subscriptions/00000000-0000-0000-0000-000000000000/resourceGroups/clitest.rg000001/providers/Microsoft.Compute/virtualMachineScaleSets/vmss1?api-version=2024-03-01
  response:
    body:
      string: "{\r\n  \"name\": \"vmss1\",\r\n  \"id\": \"/subscriptions/00000000-0000-0000-0000-000000000000/resourceGroups/clitest.rg000001/providers/Microsoft.Compute/virtualMachineScaleSets/vmss1\"\
        ,\r\n  \"type\": \"Microsoft.Compute/virtualMachineScaleSets\",\r\n  \"location\"\
        : \"eastus\",\r\n  \"tags\": {},\r\n  \"sku\": {\r\n    \"name\": \"Standard_DS1_v2\"\
        ,\r\n    \"tier\": \"Standard\",\r\n    \"capacity\": 2\r\n  },\r\n  \"properties\"\
        : {\r\n    \"singlePlacementGroup\": false,\r\n    \"orchestrationMode\":\
        \ \"Flexible\",\r\n    \"upgradePolicy\": {\r\n      \"mode\": \"Manual\"\r\
        \n    },\r\n    \"virtualMachineProfile\": {\r\n      \"osProfile\": {\r\n\
        \        \"computerNamePrefix\": \"vmss1\",\r\n        \"adminUsername\":\
        \ \"admin123\",\r\n        \"windowsConfiguration\": {\r\n          \"provisionVMAgent\"\
        : true,\r\n          \"enableAutomaticUpdates\": true,\r\n          \"patchSettings\"\
        : {\r\n            \"patchMode\": \"AutomaticByOS\",\r\n            \"assessmentMode\"\
        : \"ImageDefault\"\r\n          },\r\n          \"enableVMAgentPlatformUpdates\"\
        : false\r\n        },\r\n        \"secrets\": [],\r\n        \"allowExtensionOperations\"\
        : true,\r\n        \"requireGuestProvisionSignal\": true\r\n      },\r\n \
        \     \"storageProfile\": {\r\n        \"osDisk\": {\r\n          \"osType\"\
        : \"Windows\",\r\n          \"createOption\": \"FromImage\",\r\n         \
        \ \"caching\": \"ReadWrite\",\r\n          \"managedDisk\": {\r\n        \
        \    \"storageAccountType\": \"Premium_LRS\"\r\n          },\r\n         \
        \ \"deleteOption\": \"Delete\",\r\n          \"diskSizeGB\": 127\r\n     \
        \   },\r\n        \"imageReference\": {\r\n          \"publisher\": \"MicrosoftWindowsServer\"\
        ,\r\n          \"offer\": \"WindowsServer\",\r\n          \"sku\": \"2012-R2-Datacenter\"\
        ,\r\n          \"version\": \"latest\"\r\n        }\r\n      },\r\n      \"\
        applicationProfile\": {\r\n        \"galleryApplications\": [\r\n        \
        \  {\r\n            \"manuallyManaged\": false,\r\n            \"packageReferenceId\"\
        : \"/subscriptions/00000000-0000-0000-0000-000000000000/resourceGroups/galleryappaccount/providers/Microsoft.Compute/galleries/MyGallery/applications/MyFirstApp/versions/1.0.0\"\
        ,\r\n            \"configurationReference\": \"null\",\r\n            \"treatFailureAsDeploymentFailure\"\
        : false,\r\n            \"enableAutomaticUpgrade\": false\r\n          },\r\
        \n          {\r\n            \"manuallyManaged\": false,\r\n            \"\
        packageReferenceId\": \"/subscriptions/00000000-0000-0000-0000-000000000000/resourceGroups/galleryappaccount/providers/Microsoft.Compute/galleries/MyGallery/applications/MySecondApp/versions/1.0.1\"\
        ,\r\n            \"configurationReference\": \"https://galleryappaccount.blob.core.windows.net/gallerytest/MyAppConfig\"\
        ,\r\n            \"treatFailureAsDeploymentFailure\": false,\r\n         \
        \   \"enableAutomaticUpgrade\": false\r\n          }\r\n        ]\r\n    \
        \  },\r\n      \"networkProfile\": {\"networkApiVersion\":\"2020-11-01\",\"\
        networkInterfaceConfigurations\":[{\"name\":\"vmss1535cNic\",\"properties\"\
        :{\"primary\":true,\"disableTcpStateTracking\":false,\"enableIPForwarding\"\
        :false,\"auxiliaryMode\":\"None\",\"auxiliarySku\":\"None\",\"deleteOption\"\
        :\"Delete\",\"ipConfigurations\":[{\"name\":\"vmss1535cIPConfig\",\"properties\"\
        :{\"privateIPAddressVersion\":\"IPv4\",\"subnet\":{\"id\":\"/subscriptions/00000000-0000-0000-0000-000000000000/resourceGroups/clitest.rg000001/providers/Microsoft.Network/virtualNetworks/vmss1VNET/subnets/vmss1Subnet\"\
        },\"applicationSecurityGroups\":[],\"loadBalancerBackendAddressPools\":[{\"\
        id\":\"/subscriptions/00000000-0000-0000-0000-000000000000/resourceGroups/clitest.rg000001/providers/Microsoft.Network/loadBalancers/vmss1LB/backendAddressPools/vmss1LBBEPool\"\
        }],\"applicationGatewayBackendAddressPools\":[]}}],\"networkSecurityGroup\"\
        :{\"id\":\"/subscriptions/00000000-0000-0000-0000-000000000000/resourceGroups/clitest.rg000001/providers/Microsoft.Network/networkSecurityGroups/vmss1NSG\"\
        },\"dnsSettings\":{\"dnsServers\":[]}}}]},\r\n      \"extensionProfile\":\
        \ {\r\n        \"extensions\": [\r\n          {\r\n            \"name\": \"\
        VMAppExtension\",\r\n            \"properties\": {\r\n              \"autoUpgradeMinorVersion\"\
        : true,\r\n              \"publisher\": \"Microsoft.CPlat.Core\",\r\n    \
        \          \"type\": \"VMApplicationManagerWindows\",\r\n              \"\
        typeHandlerVersion\": \"1.0\",\r\n              \"settings\": {}\r\n     \
        \       }\r\n          }\r\n        ]\r\n      },\r\n      \"timeCreated\"\
        : \"2024-04-24T05:49:47.9161127+00:00\"\r\n    },\r\n    \"provisioningState\"\
        : \"Updating\",\r\n    \"uniqueId\": \"61dcc16f-ae32-4293-a7df-d2371e80c2cc\"\
        ,\r\n    \"platformFaultDomainCount\": 1,\r\n    \"constrainedMaximumCapacity\"\
        : false,\r\n    \"timeCreated\": \"2024-04-24T05:47:45.4327467+00:00\"\r\n\
        \  }\r\n}"
    headers:
      azure-asyncnotification:
      - Enabled
      azure-asyncoperation:
      - https://management.azure.com/subscriptions/00000000-0000-0000-0000-000000000000/providers/Microsoft.Compute/locations/eastus/operations/2cbffee0-e069-4db1-9d0b-b44a78807259?p=54253b73-cb53-496f-ab42-5e5ee19426f8&api-version=2024-03-01&t=638495345883297165&c=MIIHADCCBeigAwIBAgITfARk1TE_ZglsTRafPwAABGTVMTANBgkqhkiG9w0BAQsFADBEMRMwEQYKCZImiZPyLGQBGRYDR0JMMRMwEQYKCZImiZPyLGQBGRYDQU1FMRgwFgYDVQQDEw9BTUUgSW5mcmEgQ0EgMDUwHhcNMjQwMTMwMTUwODE5WhcNMjUwMTI0MTUwODE5WjBAMT4wPAYDVQQDEzVhc3luY29wZXJhdGlvbnNpZ25pbmdjZXJ0aWZpY2F0ZS5tYW5hZ2VtZW50LmF6dXJlLmNvbTCCASIwDQYJKoZIhvcNAQEBBQADggEPADCCAQoCggEBAK902W8oGHqHsYxfQcAXt6Ljumrh6DLgGihvCAJqh_U0j8R4Jupt1lXUnhMY-cA7JAT9q7SEoTZskdrko1uzzlaykxYQUacRB8irTYwbgK6DCIqWuOd2G-W2g3eWAyxRb-Dffjnsz-vBsjd1fyP0MvIXDSDMzp2oK65BSxTbBiStV3YxtKZ3eONvKga4d77iEw0zAZHIFkt0PSHzHO7kk-b_trhadwDxPYnjrQOGmouEj7HuNoC8H7-vKZvgbeplfrHtJO9vq0TOUUqIGlT236cbPe62XQNJRim_aa3chEFUmacjUnjEZtgJjup_tDQ0iV_Oe0ZqRBBGzpjoK23Wch0CAwEAAaOCA-0wggPpMCcGCSsGAQQBgjcVCgQaMBgwCgYIKwYBBQUHAwEwCgYIKwYBBQUHAwIwPQYJKwYBBAGCNxUHBDAwLgYmKwYBBAGCNxUIhpDjDYTVtHiE8Ys-hZvdFs6dEoFggvX2K4Py0SACAWQCAQowggHLBggrBgEFBQcBAQSCAb0wggG5MGMGCCsGAQUFBzAChldodHRwOi8vY3JsLm1pY3Jvc29mdC5jb20vcGtpaW5mcmEvQ2VydHMvQ08xUEtJSU5UQ0EwMS5BTUUuR0JMX0FNRSUyMEluZnJhJTIwQ0ElMjAwNS5jcnQwUwYIKwYBBQUHMAKGR2h0dHA6Ly9jcmwxLmFtZS5nYmwvYWlhL0NPMVBLSUlOVENBMDEuQU1FLkdCTF9BTUUlMjBJbmZyYSUyMENBJTIwMDUuY3J0MFMGCCsGAQUFBzAChkdodHRwOi8vY3JsMi5hbWUuZ2JsL2FpYS9DTzFQS0lJTlRDQTAxLkFNRS5HQkxfQU1FJTIwSW5mcmElMjBDQSUyMDA1LmNydDBTBggrBgEFBQcwAoZHaHR0cDovL2NybDMuYW1lLmdibC9haWEvQ08xUEtJSU5UQ0EwMS5BTUUuR0JMX0FNRSUyMEluZnJhJTIwQ0ElMjAwNS5jcnQwUwYIKwYBBQUHMAKGR2h0dHA6Ly9jcmw0LmFtZS5nYmwvYWlhL0NPMVBLSUlOVENBMDEuQU1FLkdCTF9BTUUlMjBJbmZyYSUyMENBJTIwMDUuY3J0MB0GA1UdDgQWBBSnxeoeDA6bR-Af5MXqnvahGPcbyTAOBgNVHQ8BAf8EBAMCBaAwggEmBgNVHR8EggEdMIIBGTCCARWgggERoIIBDYY_aHR0cDovL2NybC5taWNyb3NvZnQuY29tL3BraWluZnJhL0NSTC9BTUUlMjBJbmZyYSUyMENBJTIwMDUuY3JshjFodHRwOi8vY3JsMS5hbWUuZ2JsL2NybC9BTUUlMjBJbmZyYSUyMENBJTIwMDUuY3JshjFodHRwOi8vY3JsMi5hbWUuZ2JsL2NybC9BTUUlMjBJbmZyYSUyMENBJTIwMDUuY3JshjFodHRwOi8vY3JsMy5hbWUuZ2JsL2NybC9BTUUlMjBJbmZyYSUyMENBJTIwMDUuY3JshjFodHRwOi8vY3JsNC5hbWUuZ2JsL2NybC9BTUUlMjBJbmZyYSUyMENBJTIwMDUuY3JsMBcGA1UdIAQQMA4wDAYKKwYBBAGCN3sBATAfBgNVHSMEGDAWgBR61hmFKHlscXYeYPjzS--iBUIWHTAdBgNVHSUEFjAUBggrBgEFBQcDAQYIKwYBBQUHAwIwDQYJKoZIhvcNAQELBQADggEBAGj6QqaLOPa3RZUHMPeeSymifn86nh52yaIojZbdHUiE_o0iWzV-2ZRZOxE2IgkOrAeMYXIUhMoqV7XxTwfpi6zGwrzIeuTWMbNjgzbIZGIMJCbUyNbvEkGqxvBpcwzATT8KQYU2-J2iL5slKYZIACN6THLJn5BI6dAecS1X4PJ5vNAgI8qlsYmnafZSCIrWLUQQUsZeLUaxy3t-hozvyfVe-B-nktPdgNv3-iCsI0AtlvezwfFcJXQHQeNByXg5oxXPIe02On7O1u8swvMta16Va5_kDzD80TS3LYzVk2nzUVxEqPaGhpA-vs_ttjm7hDhYk80OIsQ_YZd286sA58Q&s=npuU_pmTJLWm1-yt-CTKgo1LLL4RXqPSocxgO3rMMeUi6F1CFdas4pyXe1hu2k_YEGebxjyBoMtRd4FeIoojLm9RuHW3kUhu4BzMc4TcycnFtB65CbAlmNQTdHweQQPbXGlsFGM1K3rRFLeo0eR1NqcF1TNET4HOEAZosp6QDvC5PgTnofMy-n2MAfVdN21avusZ0hnWnyP9V8_y7sQmHp9Iow_3VPt3qgzpemxnd_q8DMJx3FIkI01eJ_v6uOXbtDT0x5MTVbTwTqIW2Y9QviqqEwMy_PKZ_MC-Ng0xLb8ItTviN1eyD90wA2OWvyknKlXOgNCWAbYXwOAsWJImtQ&h=VseMM4kEiPqte92pbRCJYBz4BDhPJjBUpq54g2MVqGE
      cache-control:
      - no-cache
      content-length:
      - '4369'
      content-type:
      - application/json; charset=utf-8
      date:
      - Wed, 24 Apr 2024 05:49:47 GMT
      expires:
      - '-1'
      pragma:
      - no-cache
      strict-transport-security:
      - max-age=31536000; includeSubDomains
      x-cache:
      - CONFIG_NOCACHE
      x-content-type-options:
      - nosniff
      x-ms-ratelimit-remaining-resource:
      - Microsoft.Compute/CreateVMScaleSetSubscriptionMaximum;374,Microsoft.Compute/CreateVMScaleSetResource;11
      x-ms-ratelimit-remaining-subscription-writes:
      - '1192'
      x-msedge-ref:
      - 'Ref A: 2FC4E2BC61F74FCCA7980E976B44AAB6 Ref B: MAA201060514009 Ref C: 2024-04-24T05:49:40Z'
    status:
      code: 200
      message: ''
- request:
    body: null
    headers:
      Accept:
      - '*/*'
      Accept-Encoding:
      - gzip, deflate
      CommandName:
      - vmss application set
      Connection:
      - keep-alive
      ParameterSetName:
      - -g -n --app-version-ids --app-config-overrides
      User-Agent:
      - AZURECLI/2.59.0 azsdk-python-core/1.30.1 Python/3.10.11 (Windows-10-10.0.22631-SP0)
    method: GET
    uri: https://management.azure.com/subscriptions/00000000-0000-0000-0000-000000000000/providers/Microsoft.Compute/locations/eastus/operations/2cbffee0-e069-4db1-9d0b-b44a78807259?p=54253b73-cb53-496f-ab42-5e5ee19426f8&api-version=2024-03-01&t=638495345883297165&c=MIIHADCCBeigAwIBAgITfARk1TE_ZglsTRafPwAABGTVMTANBgkqhkiG9w0BAQsFADBEMRMwEQYKCZImiZPyLGQBGRYDR0JMMRMwEQYKCZImiZPyLGQBGRYDQU1FMRgwFgYDVQQDEw9BTUUgSW5mcmEgQ0EgMDUwHhcNMjQwMTMwMTUwODE5WhcNMjUwMTI0MTUwODE5WjBAMT4wPAYDVQQDEzVhc3luY29wZXJhdGlvbnNpZ25pbmdjZXJ0aWZpY2F0ZS5tYW5hZ2VtZW50LmF6dXJlLmNvbTCCASIwDQYJKoZIhvcNAQEBBQADggEPADCCAQoCggEBAK902W8oGHqHsYxfQcAXt6Ljumrh6DLgGihvCAJqh_U0j8R4Jupt1lXUnhMY-cA7JAT9q7SEoTZskdrko1uzzlaykxYQUacRB8irTYwbgK6DCIqWuOd2G-W2g3eWAyxRb-Dffjnsz-vBsjd1fyP0MvIXDSDMzp2oK65BSxTbBiStV3YxtKZ3eONvKga4d77iEw0zAZHIFkt0PSHzHO7kk-b_trhadwDxPYnjrQOGmouEj7HuNoC8H7-vKZvgbeplfrHtJO9vq0TOUUqIGlT236cbPe62XQNJRim_aa3chEFUmacjUnjEZtgJjup_tDQ0iV_Oe0ZqRBBGzpjoK23Wch0CAwEAAaOCA-0wggPpMCcGCSsGAQQBgjcVCgQaMBgwCgYIKwYBBQUHAwEwCgYIKwYBBQUHAwIwPQYJKwYBBAGCNxUHBDAwLgYmKwYBBAGCNxUIhpDjDYTVtHiE8Ys-hZvdFs6dEoFggvX2K4Py0SACAWQCAQowggHLBggrBgEFBQcBAQSCAb0wggG5MGMGCCsGAQUFBzAChldodHRwOi8vY3JsLm1pY3Jvc29mdC5jb20vcGtpaW5mcmEvQ2VydHMvQ08xUEtJSU5UQ0EwMS5BTUUuR0JMX0FNRSUyMEluZnJhJTIwQ0ElMjAwNS5jcnQwUwYIKwYBBQUHMAKGR2h0dHA6Ly9jcmwxLmFtZS5nYmwvYWlhL0NPMVBLSUlOVENBMDEuQU1FLkdCTF9BTUUlMjBJbmZyYSUyMENBJTIwMDUuY3J0MFMGCCsGAQUFBzAChkdodHRwOi8vY3JsMi5hbWUuZ2JsL2FpYS9DTzFQS0lJTlRDQTAxLkFNRS5HQkxfQU1FJTIwSW5mcmElMjBDQSUyMDA1LmNydDBTBggrBgEFBQcwAoZHaHR0cDovL2NybDMuYW1lLmdibC9haWEvQ08xUEtJSU5UQ0EwMS5BTUUuR0JMX0FNRSUyMEluZnJhJTIwQ0ElMjAwNS5jcnQwUwYIKwYBBQUHMAKGR2h0dHA6Ly9jcmw0LmFtZS5nYmwvYWlhL0NPMVBLSUlOVENBMDEuQU1FLkdCTF9BTUUlMjBJbmZyYSUyMENBJTIwMDUuY3J0MB0GA1UdDgQWBBSnxeoeDA6bR-Af5MXqnvahGPcbyTAOBgNVHQ8BAf8EBAMCBaAwggEmBgNVHR8EggEdMIIBGTCCARWgggERoIIBDYY_aHR0cDovL2NybC5taWNyb3NvZnQuY29tL3BraWluZnJhL0NSTC9BTUUlMjBJbmZyYSUyMENBJTIwMDUuY3JshjFodHRwOi8vY3JsMS5hbWUuZ2JsL2NybC9BTUUlMjBJbmZyYSUyMENBJTIwMDUuY3JshjFodHRwOi8vY3JsMi5hbWUuZ2JsL2NybC9BTUUlMjBJbmZyYSUyMENBJTIwMDUuY3JshjFodHRwOi8vY3JsMy5hbWUuZ2JsL2NybC9BTUUlMjBJbmZyYSUyMENBJTIwMDUuY3JshjFodHRwOi8vY3JsNC5hbWUuZ2JsL2NybC9BTUUlMjBJbmZyYSUyMENBJTIwMDUuY3JsMBcGA1UdIAQQMA4wDAYKKwYBBAGCN3sBATAfBgNVHSMEGDAWgBR61hmFKHlscXYeYPjzS--iBUIWHTAdBgNVHSUEFjAUBggrBgEFBQcDAQYIKwYBBQUHAwIwDQYJKoZIhvcNAQELBQADggEBAGj6QqaLOPa3RZUHMPeeSymifn86nh52yaIojZbdHUiE_o0iWzV-2ZRZOxE2IgkOrAeMYXIUhMoqV7XxTwfpi6zGwrzIeuTWMbNjgzbIZGIMJCbUyNbvEkGqxvBpcwzATT8KQYU2-J2iL5slKYZIACN6THLJn5BI6dAecS1X4PJ5vNAgI8qlsYmnafZSCIrWLUQQUsZeLUaxy3t-hozvyfVe-B-nktPdgNv3-iCsI0AtlvezwfFcJXQHQeNByXg5oxXPIe02On7O1u8swvMta16Va5_kDzD80TS3LYzVk2nzUVxEqPaGhpA-vs_ttjm7hDhYk80OIsQ_YZd286sA58Q&s=npuU_pmTJLWm1-yt-CTKgo1LLL4RXqPSocxgO3rMMeUi6F1CFdas4pyXe1hu2k_YEGebxjyBoMtRd4FeIoojLm9RuHW3kUhu4BzMc4TcycnFtB65CbAlmNQTdHweQQPbXGlsFGM1K3rRFLeo0eR1NqcF1TNET4HOEAZosp6QDvC5PgTnofMy-n2MAfVdN21avusZ0hnWnyP9V8_y7sQmHp9Iow_3VPt3qgzpemxnd_q8DMJx3FIkI01eJ_v6uOXbtDT0x5MTVbTwTqIW2Y9QviqqEwMy_PKZ_MC-Ng0xLb8ItTviN1eyD90wA2OWvyknKlXOgNCWAbYXwOAsWJImtQ&h=VseMM4kEiPqte92pbRCJYBz4BDhPJjBUpq54g2MVqGE
  response:
    body:
      string: "{\r\n  \"startTime\": \"2024-04-24T05:49:47.9004853+00:00\",\r\n  \"\
        endTime\": \"2024-04-24T05:49:47.9629848+00:00\",\r\n  \"status\": \"Succeeded\"\
        ,\r\n  \"name\": \"2cbffee0-e069-4db1-9d0b-b44a78807259\"\r\n}"
    headers:
      cache-control:
      - no-cache
      content-length:
      - '184'
      content-type:
      - application/json; charset=utf-8
      date:
      - Wed, 24 Apr 2024 05:49:49 GMT
      expires:
      - '-1'
      pragma:
      - no-cache
      strict-transport-security:
      - max-age=31536000; includeSubDomains
      x-cache:
      - CONFIG_NOCACHE
      x-content-type-options:
      - nosniff
      x-ms-ratelimit-remaining-resource:
      - Microsoft.Compute/GetOperationResource;44,Microsoft.Compute/GetOperationSubscriptionMaximum;14999
      x-msedge-ref:
      - 'Ref A: A4793D7FDE1B479C980FFC3E685B4927 Ref B: MAA201060513011 Ref C: 2024-04-24T05:49:49Z'
    status:
      code: 200
      message: ''
- request:
    body: null
    headers:
      Accept:
      - '*/*'
      Accept-Encoding:
      - gzip, deflate
      CommandName:
      - vmss application set
      Connection:
      - keep-alive
      ParameterSetName:
      - -g -n --app-version-ids --app-config-overrides
      User-Agent:
      - AZURECLI/2.59.0 azsdk-python-core/1.30.1 Python/3.10.11 (Windows-10-10.0.22631-SP0)
    method: GET
    uri: https://management.azure.com/subscriptions/00000000-0000-0000-0000-000000000000/resourceGroups/clitest.rg000001/providers/Microsoft.Compute/virtualMachineScaleSets/vmss1?api-version=2024-03-01
  response:
    body:
      string: "{\r\n  \"name\": \"vmss1\",\r\n  \"id\": \"/subscriptions/00000000-0000-0000-0000-000000000000/resourceGroups/clitest.rg000001/providers/Microsoft.Compute/virtualMachineScaleSets/vmss1\"\
        ,\r\n  \"type\": \"Microsoft.Compute/virtualMachineScaleSets\",\r\n  \"location\"\
        : \"eastus\",\r\n  \"tags\": {},\r\n  \"sku\": {\r\n    \"name\": \"Standard_DS1_v2\"\
        ,\r\n    \"tier\": \"Standard\",\r\n    \"capacity\": 2\r\n  },\r\n  \"properties\"\
        : {\r\n    \"singlePlacementGroup\": false,\r\n    \"orchestrationMode\":\
        \ \"Flexible\",\r\n    \"upgradePolicy\": {\r\n      \"mode\": \"Manual\"\r\
        \n    },\r\n    \"virtualMachineProfile\": {\r\n      \"osProfile\": {\r\n\
        \        \"computerNamePrefix\": \"vmss1\",\r\n        \"adminUsername\":\
        \ \"admin123\",\r\n        \"windowsConfiguration\": {\r\n          \"provisionVMAgent\"\
        : true,\r\n          \"enableAutomaticUpdates\": true,\r\n          \"patchSettings\"\
        : {\r\n            \"patchMode\": \"AutomaticByOS\",\r\n            \"assessmentMode\"\
        : \"ImageDefault\"\r\n          },\r\n          \"enableVMAgentPlatformUpdates\"\
        : false\r\n        },\r\n        \"secrets\": [],\r\n        \"allowExtensionOperations\"\
        : true,\r\n        \"requireGuestProvisionSignal\": true\r\n      },\r\n \
        \     \"storageProfile\": {\r\n        \"osDisk\": {\r\n          \"osType\"\
        : \"Windows\",\r\n          \"createOption\": \"FromImage\",\r\n         \
        \ \"caching\": \"ReadWrite\",\r\n          \"managedDisk\": {\r\n        \
        \    \"storageAccountType\": \"Premium_LRS\"\r\n          },\r\n         \
        \ \"deleteOption\": \"Delete\",\r\n          \"diskSizeGB\": 127\r\n     \
        \   },\r\n        \"imageReference\": {\r\n          \"publisher\": \"MicrosoftWindowsServer\"\
        ,\r\n          \"offer\": \"WindowsServer\",\r\n          \"sku\": \"2012-R2-Datacenter\"\
        ,\r\n          \"version\": \"latest\"\r\n        }\r\n      },\r\n      \"\
        applicationProfile\": {\r\n        \"galleryApplications\": [\r\n        \
        \  {\r\n            \"manuallyManaged\": false,\r\n            \"packageReferenceId\"\
        : \"/subscriptions/00000000-0000-0000-0000-000000000000/resourceGroups/galleryappaccount/providers/Microsoft.Compute/galleries/MyGallery/applications/MyFirstApp/versions/1.0.0\"\
        ,\r\n            \"configurationReference\": \"null\",\r\n            \"treatFailureAsDeploymentFailure\"\
        : false,\r\n            \"enableAutomaticUpgrade\": false\r\n          },\r\
        \n          {\r\n            \"manuallyManaged\": false,\r\n            \"\
        packageReferenceId\": \"/subscriptions/00000000-0000-0000-0000-000000000000/resourceGroups/galleryappaccount/providers/Microsoft.Compute/galleries/MyGallery/applications/MySecondApp/versions/1.0.1\"\
        ,\r\n            \"configurationReference\": \"https://galleryappaccount.blob.core.windows.net/gallerytest/MyAppConfig\"\
        ,\r\n            \"treatFailureAsDeploymentFailure\": false,\r\n         \
        \   \"enableAutomaticUpgrade\": false\r\n          }\r\n        ]\r\n    \
        \  },\r\n      \"networkProfile\": {\"networkApiVersion\":\"2020-11-01\",\"\
        networkInterfaceConfigurations\":[{\"name\":\"vmss1535cNic\",\"properties\"\
        :{\"primary\":true,\"disableTcpStateTracking\":false,\"enableIPForwarding\"\
        :false,\"auxiliaryMode\":\"None\",\"auxiliarySku\":\"None\",\"deleteOption\"\
        :\"Delete\",\"ipConfigurations\":[{\"name\":\"vmss1535cIPConfig\",\"properties\"\
        :{\"privateIPAddressVersion\":\"IPv4\",\"subnet\":{\"id\":\"/subscriptions/00000000-0000-0000-0000-000000000000/resourceGroups/clitest.rg000001/providers/Microsoft.Network/virtualNetworks/vmss1VNET/subnets/vmss1Subnet\"\
        },\"applicationSecurityGroups\":[],\"loadBalancerBackendAddressPools\":[{\"\
        id\":\"/subscriptions/00000000-0000-0000-0000-000000000000/resourceGroups/clitest.rg000001/providers/Microsoft.Network/loadBalancers/vmss1LB/backendAddressPools/vmss1LBBEPool\"\
        }],\"applicationGatewayBackendAddressPools\":[]}}],\"networkSecurityGroup\"\
        :{\"id\":\"/subscriptions/00000000-0000-0000-0000-000000000000/resourceGroups/clitest.rg000001/providers/Microsoft.Network/networkSecurityGroups/vmss1NSG\"\
        },\"dnsSettings\":{\"dnsServers\":[]}}}]},\r\n      \"extensionProfile\":\
        \ {\r\n        \"extensions\": [\r\n          {\r\n            \"name\": \"\
        VMAppExtension\",\r\n            \"properties\": {\r\n              \"autoUpgradeMinorVersion\"\
        : true,\r\n              \"publisher\": \"Microsoft.CPlat.Core\",\r\n    \
        \          \"type\": \"VMApplicationManagerWindows\",\r\n              \"\
        typeHandlerVersion\": \"1.0\",\r\n              \"settings\": {}\r\n     \
        \       }\r\n          }\r\n        ]\r\n      },\r\n      \"timeCreated\"\
        : \"2024-04-24T05:49:47.9161127+00:00\"\r\n    },\r\n    \"provisioningState\"\
        : \"Succeeded\",\r\n    \"uniqueId\": \"61dcc16f-ae32-4293-a7df-d2371e80c2cc\"\
        ,\r\n    \"platformFaultDomainCount\": 1,\r\n    \"constrainedMaximumCapacity\"\
        : false,\r\n    \"timeCreated\": \"2024-04-24T05:47:45.4327467+00:00\"\r\n\
        \  }\r\n}"
    headers:
      cache-control:
      - no-cache
      content-length:
      - '4370'
      content-type:
      - application/json; charset=utf-8
      date:
      - Wed, 24 Apr 2024 05:49:50 GMT
      expires:
      - '-1'
      pragma:
      - no-cache
      strict-transport-security:
      - max-age=31536000; includeSubDomains
      x-cache:
      - CONFIG_NOCACHE
      x-content-type-options:
      - nosniff
      x-ms-ratelimit-remaining-resource:
      - Microsoft.Compute/GetVMScaleSetSubscriptionMaximum;2398,Microsoft.Compute/GetVMScaleSetResource;28
      x-msedge-ref:
      - 'Ref A: 75D62641AA924C3FBBFBB89E7B6A3A81 Ref B: MAA201060513021 Ref C: 2024-04-24T05:49:49Z'
    status:
      code: 200
      message: ''
- request:
    body: null
    headers:
      Accept:
      - application/json
      Accept-Encoding:
      - gzip, deflate
      CommandName:
      - vmss application set
      Connection:
      - keep-alive
      ParameterSetName:
      - -g -n --app-version-ids --treat-deployment-as-failure
      User-Agent:
      - AZURECLI/2.59.0 azsdk-python-core/1.30.1 Python/3.10.11 (Windows-10-10.0.22631-SP0)
    method: GET
    uri: https://management.azure.com/subscriptions/00000000-0000-0000-0000-000000000000/resourceGroups/clitest.rg000001/providers/Microsoft.Compute/virtualMachineScaleSets/vmss1?api-version=2024-03-01
  response:
    body:
      string: "{\r\n  \"name\": \"vmss1\",\r\n  \"id\": \"/subscriptions/00000000-0000-0000-0000-000000000000/resourceGroups/clitest.rg000001/providers/Microsoft.Compute/virtualMachineScaleSets/vmss1\"\
        ,\r\n  \"type\": \"Microsoft.Compute/virtualMachineScaleSets\",\r\n  \"location\"\
        : \"eastus\",\r\n  \"tags\": {},\r\n  \"sku\": {\r\n    \"name\": \"Standard_DS1_v2\"\
        ,\r\n    \"tier\": \"Standard\",\r\n    \"capacity\": 2\r\n  },\r\n  \"properties\"\
        : {\r\n    \"singlePlacementGroup\": false,\r\n    \"orchestrationMode\":\
        \ \"Flexible\",\r\n    \"upgradePolicy\": {\r\n      \"mode\": \"Manual\"\r\
        \n    },\r\n    \"virtualMachineProfile\": {\r\n      \"osProfile\": {\r\n\
        \        \"computerNamePrefix\": \"vmss1\",\r\n        \"adminUsername\":\
        \ \"admin123\",\r\n        \"windowsConfiguration\": {\r\n          \"provisionVMAgent\"\
        : true,\r\n          \"enableAutomaticUpdates\": true,\r\n          \"patchSettings\"\
        : {\r\n            \"patchMode\": \"AutomaticByOS\",\r\n            \"assessmentMode\"\
        : \"ImageDefault\"\r\n          },\r\n          \"enableVMAgentPlatformUpdates\"\
        : false\r\n        },\r\n        \"secrets\": [],\r\n        \"allowExtensionOperations\"\
        : true,\r\n        \"requireGuestProvisionSignal\": true\r\n      },\r\n \
        \     \"storageProfile\": {\r\n        \"osDisk\": {\r\n          \"osType\"\
        : \"Windows\",\r\n          \"createOption\": \"FromImage\",\r\n         \
        \ \"caching\": \"ReadWrite\",\r\n          \"managedDisk\": {\r\n        \
        \    \"storageAccountType\": \"Premium_LRS\"\r\n          },\r\n         \
        \ \"deleteOption\": \"Delete\",\r\n          \"diskSizeGB\": 127\r\n     \
        \   },\r\n        \"imageReference\": {\r\n          \"publisher\": \"MicrosoftWindowsServer\"\
        ,\r\n          \"offer\": \"WindowsServer\",\r\n          \"sku\": \"2012-R2-Datacenter\"\
        ,\r\n          \"version\": \"latest\"\r\n        }\r\n      },\r\n      \"\
        applicationProfile\": {\r\n        \"galleryApplications\": [\r\n        \
        \  {\r\n            \"manuallyManaged\": false,\r\n            \"packageReferenceId\"\
        : \"/subscriptions/00000000-0000-0000-0000-000000000000/resourceGroups/galleryappaccount/providers/Microsoft.Compute/galleries/MyGallery/applications/MyFirstApp/versions/1.0.0\"\
        ,\r\n            \"configurationReference\": \"null\",\r\n            \"treatFailureAsDeploymentFailure\"\
        : false,\r\n            \"enableAutomaticUpgrade\": false\r\n          },\r\
        \n          {\r\n            \"manuallyManaged\": false,\r\n            \"\
        packageReferenceId\": \"/subscriptions/00000000-0000-0000-0000-000000000000/resourceGroups/galleryappaccount/providers/Microsoft.Compute/galleries/MyGallery/applications/MySecondApp/versions/1.0.1\"\
        ,\r\n            \"configurationReference\": \"https://galleryappaccount.blob.core.windows.net/gallerytest/MyAppConfig\"\
        ,\r\n            \"treatFailureAsDeploymentFailure\": false,\r\n         \
        \   \"enableAutomaticUpgrade\": false\r\n          }\r\n        ]\r\n    \
        \  },\r\n      \"networkProfile\": {\"networkApiVersion\":\"2020-11-01\",\"\
        networkInterfaceConfigurations\":[{\"name\":\"vmss1535cNic\",\"properties\"\
        :{\"primary\":true,\"disableTcpStateTracking\":false,\"enableIPForwarding\"\
        :false,\"auxiliaryMode\":\"None\",\"auxiliarySku\":\"None\",\"deleteOption\"\
        :\"Delete\",\"ipConfigurations\":[{\"name\":\"vmss1535cIPConfig\",\"properties\"\
        :{\"privateIPAddressVersion\":\"IPv4\",\"subnet\":{\"id\":\"/subscriptions/00000000-0000-0000-0000-000000000000/resourceGroups/clitest.rg000001/providers/Microsoft.Network/virtualNetworks/vmss1VNET/subnets/vmss1Subnet\"\
        },\"applicationSecurityGroups\":[],\"loadBalancerBackendAddressPools\":[{\"\
        id\":\"/subscriptions/00000000-0000-0000-0000-000000000000/resourceGroups/clitest.rg000001/providers/Microsoft.Network/loadBalancers/vmss1LB/backendAddressPools/vmss1LBBEPool\"\
        }],\"applicationGatewayBackendAddressPools\":[]}}],\"networkSecurityGroup\"\
        :{\"id\":\"/subscriptions/00000000-0000-0000-0000-000000000000/resourceGroups/clitest.rg000001/providers/Microsoft.Network/networkSecurityGroups/vmss1NSG\"\
        },\"dnsSettings\":{\"dnsServers\":[]}}}]},\r\n      \"extensionProfile\":\
        \ {\r\n        \"extensions\": [\r\n          {\r\n            \"name\": \"\
        VMAppExtension\",\r\n            \"properties\": {\r\n              \"autoUpgradeMinorVersion\"\
        : true,\r\n              \"publisher\": \"Microsoft.CPlat.Core\",\r\n    \
        \          \"type\": \"VMApplicationManagerWindows\",\r\n              \"\
        typeHandlerVersion\": \"1.0\",\r\n              \"settings\": {}\r\n     \
        \       }\r\n          }\r\n        ]\r\n      },\r\n      \"timeCreated\"\
        : \"2024-04-24T05:49:47.9161127+00:00\"\r\n    },\r\n    \"provisioningState\"\
        : \"Succeeded\",\r\n    \"uniqueId\": \"61dcc16f-ae32-4293-a7df-d2371e80c2cc\"\
        ,\r\n    \"platformFaultDomainCount\": 1,\r\n    \"constrainedMaximumCapacity\"\
        : false,\r\n    \"timeCreated\": \"2024-04-24T05:47:45.4327467+00:00\"\r\n\
        \  }\r\n}"
    headers:
      cache-control:
      - no-cache
      content-length:
      - '4370'
      content-type:
      - application/json; charset=utf-8
      date:
      - Wed, 24 Apr 2024 05:49:52 GMT
      expires:
      - '-1'
      pragma:
      - no-cache
      strict-transport-security:
      - max-age=31536000; includeSubDomains
      x-cache:
      - CONFIG_NOCACHE
      x-content-type-options:
      - nosniff
      x-ms-ratelimit-remaining-resource:
      - Microsoft.Compute/GetVMScaleSetSubscriptionMaximum;2397,Microsoft.Compute/GetVMScaleSetResource;27
      x-msedge-ref:
      - 'Ref A: D7214EE56B564CB0BD0FF962C3312AA0 Ref B: MAA201060513049 Ref C: 2024-04-24T05:49:51Z'
    status:
      code: 200
      message: ''
- request:
    body: '{"location": "eastus", "tags": {}, "sku": {"name": "Standard_DS1_v2", "tier":
      "Standard", "capacity": 2}, "properties": {"upgradePolicy": {"mode": "Manual"},
      "virtualMachineProfile": {"osProfile": {"computerNamePrefix": "vmss1", "adminUsername":
      "admin123", "windowsConfiguration": {"provisionVMAgent": true, "enableAutomaticUpdates":
      true, "patchSettings": {"patchMode": "AutomaticByOS", "assessmentMode": "ImageDefault"},
      "enableVMAgentPlatformUpdates": false}, "secrets": [], "allowExtensionOperations":
      true, "requireGuestProvisionSignal": true}, "storageProfile": {"imageReference":
      {"publisher": "MicrosoftWindowsServer", "offer": "WindowsServer", "sku": "2012-R2-Datacenter",
      "version": "latest"}, "osDisk": {"caching": "ReadWrite", "createOption": "FromImage",
      "diskSizeGB": 127, "osType": "Windows", "managedDisk": {"storageAccountType":
      "Premium_LRS"}, "deleteOption": "Delete"}}, "networkProfile": {"networkInterfaceConfigurations":
      [{"name": "vmss1535cNic", "properties": {"primary": true, "disableTcpStateTracking":
      false, "networkSecurityGroup": {"id": "/subscriptions/00000000-0000-0000-0000-000000000000/resourceGroups/clitest.rg000001/providers/Microsoft.Network/networkSecurityGroups/vmss1NSG"},
      "dnsSettings": {"dnsServers": []}, "ipConfigurations": [{"name": "vmss1535cIPConfig",
      "properties": {"subnet": {"id": "/subscriptions/00000000-0000-0000-0000-000000000000/resourceGroups/clitest.rg000001/providers/Microsoft.Network/virtualNetworks/vmss1VNET/subnets/vmss1Subnet"},
      "privateIPAddressVersion": "IPv4", "applicationGatewayBackendAddressPools":
      [], "applicationSecurityGroups": [], "loadBalancerBackendAddressPools": [{"id":
      "/subscriptions/00000000-0000-0000-0000-000000000000/resourceGroups/clitest.rg000001/providers/Microsoft.Network/loadBalancers/vmss1LB/backendAddressPools/vmss1LBBEPool"}]}}],
      "enableIPForwarding": false, "deleteOption": "Delete", "auxiliaryMode": "None",
      "auxiliarySku": "None"}}], "networkApiVersion": "2020-11-01"}, "extensionProfile":
      {"extensions": [{"name": "VMAppExtension", "properties": {"publisher": "Microsoft.CPlat.Core",
      "type": "VMApplicationManagerWindows", "typeHandlerVersion": "1.0", "autoUpgradeMinorVersion":
      true, "settings": {}}}]}, "applicationProfile": {"galleryApplications": [{"packageReferenceId":
      "/subscriptions/00000000-0000-0000-0000-000000000000/resourceGroups/galleryappaccount/providers/Microsoft.Compute/galleries/MyGallery/applications/MyFirstApp/versions/1.0.0",
      "treatFailureAsDeploymentFailure": true}, {"packageReferenceId": "/subscriptions/00000000-0000-0000-0000-000000000000/resourceGroups/galleryappaccount/providers/Microsoft.Compute/galleries/MyGallery/applications/MySecondApp/versions/1.0.1",
      "treatFailureAsDeploymentFailure": false}]}}, "singlePlacementGroup": false,
      "platformFaultDomainCount": 1, "orchestrationMode": "Flexible", "constrainedMaximumCapacity":
      false}}'
    headers:
      Accept:
      - application/json
      Accept-Encoding:
      - gzip, deflate
      CommandName:
      - vmss application set
      Connection:
      - keep-alive
      Content-Length:
      - '2869'
      Content-Type:
      - application/json
      ParameterSetName:
      - -g -n --app-version-ids --treat-deployment-as-failure
      User-Agent:
      - AZURECLI/2.59.0 azsdk-python-core/1.30.1 Python/3.10.11 (Windows-10-10.0.22631-SP0)
    method: PUT
    uri: https://management.azure.com/subscriptions/00000000-0000-0000-0000-000000000000/resourceGroups/clitest.rg000001/providers/Microsoft.Compute/virtualMachineScaleSets/vmss1?api-version=2024-03-01
  response:
    body:
      string: "{\r\n  \"name\": \"vmss1\",\r\n  \"id\": \"/subscriptions/00000000-0000-0000-0000-000000000000/resourceGroups/clitest.rg000001/providers/Microsoft.Compute/virtualMachineScaleSets/vmss1\"\
        ,\r\n  \"type\": \"Microsoft.Compute/virtualMachineScaleSets\",\r\n  \"location\"\
        : \"eastus\",\r\n  \"tags\": {},\r\n  \"sku\": {\r\n    \"name\": \"Standard_DS1_v2\"\
        ,\r\n    \"tier\": \"Standard\",\r\n    \"capacity\": 2\r\n  },\r\n  \"properties\"\
        : {\r\n    \"singlePlacementGroup\": false,\r\n    \"orchestrationMode\":\
        \ \"Flexible\",\r\n    \"upgradePolicy\": {\r\n      \"mode\": \"Manual\"\r\
        \n    },\r\n    \"virtualMachineProfile\": {\r\n      \"osProfile\": {\r\n\
        \        \"computerNamePrefix\": \"vmss1\",\r\n        \"adminUsername\":\
        \ \"admin123\",\r\n        \"windowsConfiguration\": {\r\n          \"provisionVMAgent\"\
        : true,\r\n          \"enableAutomaticUpdates\": true,\r\n          \"patchSettings\"\
        : {\r\n            \"patchMode\": \"AutomaticByOS\",\r\n            \"assessmentMode\"\
        : \"ImageDefault\"\r\n          },\r\n          \"enableVMAgentPlatformUpdates\"\
        : false\r\n        },\r\n        \"secrets\": [],\r\n        \"allowExtensionOperations\"\
        : true,\r\n        \"requireGuestProvisionSignal\": true\r\n      },\r\n \
        \     \"storageProfile\": {\r\n        \"osDisk\": {\r\n          \"osType\"\
        : \"Windows\",\r\n          \"createOption\": \"FromImage\",\r\n         \
        \ \"caching\": \"ReadWrite\",\r\n          \"managedDisk\": {\r\n        \
        \    \"storageAccountType\": \"Premium_LRS\"\r\n          },\r\n         \
        \ \"deleteOption\": \"Delete\",\r\n          \"diskSizeGB\": 127\r\n     \
        \   },\r\n        \"imageReference\": {\r\n          \"publisher\": \"MicrosoftWindowsServer\"\
        ,\r\n          \"offer\": \"WindowsServer\",\r\n          \"sku\": \"2012-R2-Datacenter\"\
        ,\r\n          \"version\": \"latest\"\r\n        }\r\n      },\r\n      \"\
        applicationProfile\": {\r\n        \"galleryApplications\": [\r\n        \
        \  {\r\n            \"manuallyManaged\": false,\r\n            \"packageReferenceId\"\
        : \"/subscriptions/00000000-0000-0000-0000-000000000000/resourceGroups/galleryappaccount/providers/Microsoft.Compute/galleries/MyGallery/applications/MyFirstApp/versions/1.0.0\"\
        ,\r\n            \"configurationReference\": \"null\",\r\n            \"treatFailureAsDeploymentFailure\"\
        : true,\r\n            \"enableAutomaticUpgrade\": false\r\n          },\r\
        \n          {\r\n            \"manuallyManaged\": false,\r\n            \"\
        packageReferenceId\": \"/subscriptions/00000000-0000-0000-0000-000000000000/resourceGroups/galleryappaccount/providers/Microsoft.Compute/galleries/MyGallery/applications/MySecondApp/versions/1.0.1\"\
        ,\r\n            \"configurationReference\": \"https://galleryappaccount.blob.core.windows.net/gallerytest/MyAppConfig\"\
        ,\r\n            \"treatFailureAsDeploymentFailure\": false,\r\n         \
        \   \"enableAutomaticUpgrade\": false\r\n          }\r\n        ]\r\n    \
        \  },\r\n      \"networkProfile\": {\"networkApiVersion\":\"2020-11-01\",\"\
        networkInterfaceConfigurations\":[{\"name\":\"vmss1535cNic\",\"properties\"\
        :{\"primary\":true,\"disableTcpStateTracking\":false,\"enableIPForwarding\"\
        :false,\"auxiliaryMode\":\"None\",\"auxiliarySku\":\"None\",\"deleteOption\"\
        :\"Delete\",\"ipConfigurations\":[{\"name\":\"vmss1535cIPConfig\",\"properties\"\
        :{\"privateIPAddressVersion\":\"IPv4\",\"subnet\":{\"id\":\"/subscriptions/00000000-0000-0000-0000-000000000000/resourceGroups/clitest.rg000001/providers/Microsoft.Network/virtualNetworks/vmss1VNET/subnets/vmss1Subnet\"\
        },\"applicationSecurityGroups\":[],\"loadBalancerBackendAddressPools\":[{\"\
        id\":\"/subscriptions/00000000-0000-0000-0000-000000000000/resourceGroups/clitest.rg000001/providers/Microsoft.Network/loadBalancers/vmss1LB/backendAddressPools/vmss1LBBEPool\"\
        }],\"applicationGatewayBackendAddressPools\":[]}}],\"networkSecurityGroup\"\
        :{\"id\":\"/subscriptions/00000000-0000-0000-0000-000000000000/resourceGroups/clitest.rg000001/providers/Microsoft.Network/networkSecurityGroups/vmss1NSG\"\
        },\"dnsSettings\":{\"dnsServers\":[]}}}]},\r\n      \"extensionProfile\":\
        \ {\r\n        \"extensions\": [\r\n          {\r\n            \"name\": \"\
        VMAppExtension\",\r\n            \"properties\": {\r\n              \"autoUpgradeMinorVersion\"\
        : true,\r\n              \"publisher\": \"Microsoft.CPlat.Core\",\r\n    \
        \          \"type\": \"VMApplicationManagerWindows\",\r\n              \"\
        typeHandlerVersion\": \"1.0\",\r\n              \"settings\": {}\r\n     \
        \       }\r\n          }\r\n        ]\r\n      },\r\n      \"timeCreated\"\
        : \"2024-04-24T05:50:00.1503872+00:00\"\r\n    },\r\n    \"provisioningState\"\
        : \"Updating\",\r\n    \"uniqueId\": \"61dcc16f-ae32-4293-a7df-d2371e80c2cc\"\
        ,\r\n    \"platformFaultDomainCount\": 1,\r\n    \"constrainedMaximumCapacity\"\
        : false,\r\n    \"timeCreated\": \"2024-04-24T05:47:45.4327467+00:00\"\r\n\
        \  }\r\n}"
    headers:
      azure-asyncnotification:
      - Enabled
      azure-asyncoperation:
      - https://management.azure.com/subscriptions/00000000-0000-0000-0000-000000000000/providers/Microsoft.Compute/locations/eastus/operations/82c0052c-6b8e-48b8-bb17-06b0e841ca65?p=54253b73-cb53-496f-ab42-5e5ee19426f8&api-version=2024-03-01&t=638495346005948953&c=MIIHADCCBeigAwIBAgITfARk1TE_ZglsTRafPwAABGTVMTANBgkqhkiG9w0BAQsFADBEMRMwEQYKCZImiZPyLGQBGRYDR0JMMRMwEQYKCZImiZPyLGQBGRYDQU1FMRgwFgYDVQQDEw9BTUUgSW5mcmEgQ0EgMDUwHhcNMjQwMTMwMTUwODE5WhcNMjUwMTI0MTUwODE5WjBAMT4wPAYDVQQDEzVhc3luY29wZXJhdGlvbnNpZ25pbmdjZXJ0aWZpY2F0ZS5tYW5hZ2VtZW50LmF6dXJlLmNvbTCCASIwDQYJKoZIhvcNAQEBBQADggEPADCCAQoCggEBAK902W8oGHqHsYxfQcAXt6Ljumrh6DLgGihvCAJqh_U0j8R4Jupt1lXUnhMY-cA7JAT9q7SEoTZskdrko1uzzlaykxYQUacRB8irTYwbgK6DCIqWuOd2G-W2g3eWAyxRb-Dffjnsz-vBsjd1fyP0MvIXDSDMzp2oK65BSxTbBiStV3YxtKZ3eONvKga4d77iEw0zAZHIFkt0PSHzHO7kk-b_trhadwDxPYnjrQOGmouEj7HuNoC8H7-vKZvgbeplfrHtJO9vq0TOUUqIGlT236cbPe62XQNJRim_aa3chEFUmacjUnjEZtgJjup_tDQ0iV_Oe0ZqRBBGzpjoK23Wch0CAwEAAaOCA-0wggPpMCcGCSsGAQQBgjcVCgQaMBgwCgYIKwYBBQUHAwEwCgYIKwYBBQUHAwIwPQYJKwYBBAGCNxUHBDAwLgYmKwYBBAGCNxUIhpDjDYTVtHiE8Ys-hZvdFs6dEoFggvX2K4Py0SACAWQCAQowggHLBggrBgEFBQcBAQSCAb0wggG5MGMGCCsGAQUFBzAChldodHRwOi8vY3JsLm1pY3Jvc29mdC5jb20vcGtpaW5mcmEvQ2VydHMvQ08xUEtJSU5UQ0EwMS5BTUUuR0JMX0FNRSUyMEluZnJhJTIwQ0ElMjAwNS5jcnQwUwYIKwYBBQUHMAKGR2h0dHA6Ly9jcmwxLmFtZS5nYmwvYWlhL0NPMVBLSUlOVENBMDEuQU1FLkdCTF9BTUUlMjBJbmZyYSUyMENBJTIwMDUuY3J0MFMGCCsGAQUFBzAChkdodHRwOi8vY3JsMi5hbWUuZ2JsL2FpYS9DTzFQS0lJTlRDQTAxLkFNRS5HQkxfQU1FJTIwSW5mcmElMjBDQSUyMDA1LmNydDBTBggrBgEFBQcwAoZHaHR0cDovL2NybDMuYW1lLmdibC9haWEvQ08xUEtJSU5UQ0EwMS5BTUUuR0JMX0FNRSUyMEluZnJhJTIwQ0ElMjAwNS5jcnQwUwYIKwYBBQUHMAKGR2h0dHA6Ly9jcmw0LmFtZS5nYmwvYWlhL0NPMVBLSUlOVENBMDEuQU1FLkdCTF9BTUUlMjBJbmZyYSUyMENBJTIwMDUuY3J0MB0GA1UdDgQWBBSnxeoeDA6bR-Af5MXqnvahGPcbyTAOBgNVHQ8BAf8EBAMCBaAwggEmBgNVHR8EggEdMIIBGTCCARWgggERoIIBDYY_aHR0cDovL2NybC5taWNyb3NvZnQuY29tL3BraWluZnJhL0NSTC9BTUUlMjBJbmZyYSUyMENBJTIwMDUuY3JshjFodHRwOi8vY3JsMS5hbWUuZ2JsL2NybC9BTUUlMjBJbmZyYSUyMENBJTIwMDUuY3JshjFodHRwOi8vY3JsMi5hbWUuZ2JsL2NybC9BTUUlMjBJbmZyYSUyMENBJTIwMDUuY3JshjFodHRwOi8vY3JsMy5hbWUuZ2JsL2NybC9BTUUlMjBJbmZyYSUyMENBJTIwMDUuY3JshjFodHRwOi8vY3JsNC5hbWUuZ2JsL2NybC9BTUUlMjBJbmZyYSUyMENBJTIwMDUuY3JsMBcGA1UdIAQQMA4wDAYKKwYBBAGCN3sBATAfBgNVHSMEGDAWgBR61hmFKHlscXYeYPjzS--iBUIWHTAdBgNVHSUEFjAUBggrBgEFBQcDAQYIKwYBBQUHAwIwDQYJKoZIhvcNAQELBQADggEBAGj6QqaLOPa3RZUHMPeeSymifn86nh52yaIojZbdHUiE_o0iWzV-2ZRZOxE2IgkOrAeMYXIUhMoqV7XxTwfpi6zGwrzIeuTWMbNjgzbIZGIMJCbUyNbvEkGqxvBpcwzATT8KQYU2-J2iL5slKYZIACN6THLJn5BI6dAecS1X4PJ5vNAgI8qlsYmnafZSCIrWLUQQUsZeLUaxy3t-hozvyfVe-B-nktPdgNv3-iCsI0AtlvezwfFcJXQHQeNByXg5oxXPIe02On7O1u8swvMta16Va5_kDzD80TS3LYzVk2nzUVxEqPaGhpA-vs_ttjm7hDhYk80OIsQ_YZd286sA58Q&s=qfLQOLcsIUonxuDgLSNl1i2JIdoBHpef_rt1Tk4e-zkpjTwnaM0TMlydFibEtF5YfbBHdQvrr-8zVsdWS4GHwvSVN1TnhalkaeqjxsmzntW6DGwBDblUvEPM5gfhfzLCUeUP9EpMml2bfgYWpCyGxwne26Jxy-It2POsMbSzDlms-HvYdcAj3JJ6c2r3aL2JPJcGHrABf__5lsZHNtNuNA_OPG4kKCcae8gidd4_OgfE-opFaX-KekquQ3gZEpobaIa-t4mvt1hhPpJhBLAyQrm7MmI8GdfLqlWCmPKtrryVu2CzBI-NesYTbueI60kqfx2r5Xb9u6JWBfiFcBahhQ&h=we-XvEtGV0DesR2yHq0gv61j_uRi5416J_eKABq4O3Q
      cache-control:
      - no-cache
      content-length:
      - '4368'
      content-type:
      - application/json; charset=utf-8
      date:
      - Wed, 24 Apr 2024 05:50:01 GMT
      expires:
      - '-1'
      pragma:
      - no-cache
      strict-transport-security:
      - max-age=31536000; includeSubDomains
      x-cache:
      - CONFIG_NOCACHE
      x-content-type-options:
      - nosniff
      x-ms-ratelimit-remaining-resource:
      - Microsoft.Compute/CreateVMScaleSetSubscriptionMaximum;372,Microsoft.Compute/CreateVMScaleSetResource;10
      x-ms-ratelimit-remaining-subscription-writes:
      - '1194'
      x-msedge-ref:
      - 'Ref A: 69B6B8BDA2F14A1D9CF8CFF9D2093CF6 Ref B: MAA201060516049 Ref C: 2024-04-24T05:49:52Z'
    status:
      code: 200
      message: ''
- request:
    body: null
    headers:
      Accept:
      - '*/*'
      Accept-Encoding:
      - gzip, deflate
      CommandName:
      - vmss application set
      Connection:
      - keep-alive
      ParameterSetName:
      - -g -n --app-version-ids --treat-deployment-as-failure
      User-Agent:
      - AZURECLI/2.59.0 azsdk-python-core/1.30.1 Python/3.10.11 (Windows-10-10.0.22631-SP0)
    method: GET
    uri: https://management.azure.com/subscriptions/00000000-0000-0000-0000-000000000000/providers/Microsoft.Compute/locations/eastus/operations/82c0052c-6b8e-48b8-bb17-06b0e841ca65?p=54253b73-cb53-496f-ab42-5e5ee19426f8&api-version=2024-03-01&t=638495346005948953&c=MIIHADCCBeigAwIBAgITfARk1TE_ZglsTRafPwAABGTVMTANBgkqhkiG9w0BAQsFADBEMRMwEQYKCZImiZPyLGQBGRYDR0JMMRMwEQYKCZImiZPyLGQBGRYDQU1FMRgwFgYDVQQDEw9BTUUgSW5mcmEgQ0EgMDUwHhcNMjQwMTMwMTUwODE5WhcNMjUwMTI0MTUwODE5WjBAMT4wPAYDVQQDEzVhc3luY29wZXJhdGlvbnNpZ25pbmdjZXJ0aWZpY2F0ZS5tYW5hZ2VtZW50LmF6dXJlLmNvbTCCASIwDQYJKoZIhvcNAQEBBQADggEPADCCAQoCggEBAK902W8oGHqHsYxfQcAXt6Ljumrh6DLgGihvCAJqh_U0j8R4Jupt1lXUnhMY-cA7JAT9q7SEoTZskdrko1uzzlaykxYQUacRB8irTYwbgK6DCIqWuOd2G-W2g3eWAyxRb-Dffjnsz-vBsjd1fyP0MvIXDSDMzp2oK65BSxTbBiStV3YxtKZ3eONvKga4d77iEw0zAZHIFkt0PSHzHO7kk-b_trhadwDxPYnjrQOGmouEj7HuNoC8H7-vKZvgbeplfrHtJO9vq0TOUUqIGlT236cbPe62XQNJRim_aa3chEFUmacjUnjEZtgJjup_tDQ0iV_Oe0ZqRBBGzpjoK23Wch0CAwEAAaOCA-0wggPpMCcGCSsGAQQBgjcVCgQaMBgwCgYIKwYBBQUHAwEwCgYIKwYBBQUHAwIwPQYJKwYBBAGCNxUHBDAwLgYmKwYBBAGCNxUIhpDjDYTVtHiE8Ys-hZvdFs6dEoFggvX2K4Py0SACAWQCAQowggHLBggrBgEFBQcBAQSCAb0wggG5MGMGCCsGAQUFBzAChldodHRwOi8vY3JsLm1pY3Jvc29mdC5jb20vcGtpaW5mcmEvQ2VydHMvQ08xUEtJSU5UQ0EwMS5BTUUuR0JMX0FNRSUyMEluZnJhJTIwQ0ElMjAwNS5jcnQwUwYIKwYBBQUHMAKGR2h0dHA6Ly9jcmwxLmFtZS5nYmwvYWlhL0NPMVBLSUlOVENBMDEuQU1FLkdCTF9BTUUlMjBJbmZyYSUyMENBJTIwMDUuY3J0MFMGCCsGAQUFBzAChkdodHRwOi8vY3JsMi5hbWUuZ2JsL2FpYS9DTzFQS0lJTlRDQTAxLkFNRS5HQkxfQU1FJTIwSW5mcmElMjBDQSUyMDA1LmNydDBTBggrBgEFBQcwAoZHaHR0cDovL2NybDMuYW1lLmdibC9haWEvQ08xUEtJSU5UQ0EwMS5BTUUuR0JMX0FNRSUyMEluZnJhJTIwQ0ElMjAwNS5jcnQwUwYIKwYBBQUHMAKGR2h0dHA6Ly9jcmw0LmFtZS5nYmwvYWlhL0NPMVBLSUlOVENBMDEuQU1FLkdCTF9BTUUlMjBJbmZyYSUyMENBJTIwMDUuY3J0MB0GA1UdDgQWBBSnxeoeDA6bR-Af5MXqnvahGPcbyTAOBgNVHQ8BAf8EBAMCBaAwggEmBgNVHR8EggEdMIIBGTCCARWgggERoIIBDYY_aHR0cDovL2NybC5taWNyb3NvZnQuY29tL3BraWluZnJhL0NSTC9BTUUlMjBJbmZyYSUyMENBJTIwMDUuY3JshjFodHRwOi8vY3JsMS5hbWUuZ2JsL2NybC9BTUUlMjBJbmZyYSUyMENBJTIwMDUuY3JshjFodHRwOi8vY3JsMi5hbWUuZ2JsL2NybC9BTUUlMjBJbmZyYSUyMENBJTIwMDUuY3JshjFodHRwOi8vY3JsMy5hbWUuZ2JsL2NybC9BTUUlMjBJbmZyYSUyMENBJTIwMDUuY3JshjFodHRwOi8vY3JsNC5hbWUuZ2JsL2NybC9BTUUlMjBJbmZyYSUyMENBJTIwMDUuY3JsMBcGA1UdIAQQMA4wDAYKKwYBBAGCN3sBATAfBgNVHSMEGDAWgBR61hmFKHlscXYeYPjzS--iBUIWHTAdBgNVHSUEFjAUBggrBgEFBQcDAQYIKwYBBQUHAwIwDQYJKoZIhvcNAQELBQADggEBAGj6QqaLOPa3RZUHMPeeSymifn86nh52yaIojZbdHUiE_o0iWzV-2ZRZOxE2IgkOrAeMYXIUhMoqV7XxTwfpi6zGwrzIeuTWMbNjgzbIZGIMJCbUyNbvEkGqxvBpcwzATT8KQYU2-J2iL5slKYZIACN6THLJn5BI6dAecS1X4PJ5vNAgI8qlsYmnafZSCIrWLUQQUsZeLUaxy3t-hozvyfVe-B-nktPdgNv3-iCsI0AtlvezwfFcJXQHQeNByXg5oxXPIe02On7O1u8swvMta16Va5_kDzD80TS3LYzVk2nzUVxEqPaGhpA-vs_ttjm7hDhYk80OIsQ_YZd286sA58Q&s=qfLQOLcsIUonxuDgLSNl1i2JIdoBHpef_rt1Tk4e-zkpjTwnaM0TMlydFibEtF5YfbBHdQvrr-8zVsdWS4GHwvSVN1TnhalkaeqjxsmzntW6DGwBDblUvEPM5gfhfzLCUeUP9EpMml2bfgYWpCyGxwne26Jxy-It2POsMbSzDlms-HvYdcAj3JJ6c2r3aL2JPJcGHrABf__5lsZHNtNuNA_OPG4kKCcae8gidd4_OgfE-opFaX-KekquQ3gZEpobaIa-t4mvt1hhPpJhBLAyQrm7MmI8GdfLqlWCmPKtrryVu2CzBI-NesYTbueI60kqfx2r5Xb9u6JWBfiFcBahhQ&h=we-XvEtGV0DesR2yHq0gv61j_uRi5416J_eKABq4O3Q
  response:
    body:
      string: "{\r\n  \"startTime\": \"2024-04-24T05:50:00.1347602+00:00\",\r\n  \"\
        endTime\": \"2024-04-24T05:50:00.2128864+00:00\",\r\n  \"status\": \"Succeeded\"\
        ,\r\n  \"name\": \"82c0052c-6b8e-48b8-bb17-06b0e841ca65\"\r\n}"
    headers:
      cache-control:
      - no-cache
      content-length:
      - '184'
      content-type:
      - application/json; charset=utf-8
      date:
      - Wed, 24 Apr 2024 05:50:02 GMT
      expires:
      - '-1'
      pragma:
      - no-cache
      strict-transport-security:
      - max-age=31536000; includeSubDomains
      x-cache:
      - CONFIG_NOCACHE
      x-content-type-options:
      - nosniff
      x-ms-ratelimit-remaining-resource:
      - Microsoft.Compute/GetOperationResource;44,Microsoft.Compute/GetOperationSubscriptionMaximum;14980
      x-msedge-ref:
      - 'Ref A: 9BA72E105CC74016921497EA89C6BAF0 Ref B: MAA201060516045 Ref C: 2024-04-24T05:50:01Z'
    status:
      code: 200
      message: ''
- request:
    body: null
    headers:
      Accept:
      - '*/*'
      Accept-Encoding:
      - gzip, deflate
      CommandName:
      - vmss application set
      Connection:
      - keep-alive
      ParameterSetName:
      - -g -n --app-version-ids --treat-deployment-as-failure
      User-Agent:
      - AZURECLI/2.59.0 azsdk-python-core/1.30.1 Python/3.10.11 (Windows-10-10.0.22631-SP0)
    method: GET
    uri: https://management.azure.com/subscriptions/00000000-0000-0000-0000-000000000000/resourceGroups/clitest.rg000001/providers/Microsoft.Compute/virtualMachineScaleSets/vmss1?api-version=2024-03-01
  response:
    body:
      string: "{\r\n  \"name\": \"vmss1\",\r\n  \"id\": \"/subscriptions/00000000-0000-0000-0000-000000000000/resourceGroups/clitest.rg000001/providers/Microsoft.Compute/virtualMachineScaleSets/vmss1\"\
        ,\r\n  \"type\": \"Microsoft.Compute/virtualMachineScaleSets\",\r\n  \"location\"\
        : \"eastus\",\r\n  \"tags\": {},\r\n  \"sku\": {\r\n    \"name\": \"Standard_DS1_v2\"\
        ,\r\n    \"tier\": \"Standard\",\r\n    \"capacity\": 2\r\n  },\r\n  \"properties\"\
        : {\r\n    \"singlePlacementGroup\": false,\r\n    \"orchestrationMode\":\
        \ \"Flexible\",\r\n    \"upgradePolicy\": {\r\n      \"mode\": \"Manual\"\r\
        \n    },\r\n    \"virtualMachineProfile\": {\r\n      \"osProfile\": {\r\n\
        \        \"computerNamePrefix\": \"vmss1\",\r\n        \"adminUsername\":\
        \ \"admin123\",\r\n        \"windowsConfiguration\": {\r\n          \"provisionVMAgent\"\
        : true,\r\n          \"enableAutomaticUpdates\": true,\r\n          \"patchSettings\"\
        : {\r\n            \"patchMode\": \"AutomaticByOS\",\r\n            \"assessmentMode\"\
        : \"ImageDefault\"\r\n          },\r\n          \"enableVMAgentPlatformUpdates\"\
        : false\r\n        },\r\n        \"secrets\": [],\r\n        \"allowExtensionOperations\"\
        : true,\r\n        \"requireGuestProvisionSignal\": true\r\n      },\r\n \
        \     \"storageProfile\": {\r\n        \"osDisk\": {\r\n          \"osType\"\
        : \"Windows\",\r\n          \"createOption\": \"FromImage\",\r\n         \
        \ \"caching\": \"ReadWrite\",\r\n          \"managedDisk\": {\r\n        \
        \    \"storageAccountType\": \"Premium_LRS\"\r\n          },\r\n         \
        \ \"deleteOption\": \"Delete\",\r\n          \"diskSizeGB\": 127\r\n     \
        \   },\r\n        \"imageReference\": {\r\n          \"publisher\": \"MicrosoftWindowsServer\"\
        ,\r\n          \"offer\": \"WindowsServer\",\r\n          \"sku\": \"2012-R2-Datacenter\"\
        ,\r\n          \"version\": \"latest\"\r\n        }\r\n      },\r\n      \"\
        applicationProfile\": {\r\n        \"galleryApplications\": [\r\n        \
        \  {\r\n            \"manuallyManaged\": false,\r\n            \"packageReferenceId\"\
        : \"/subscriptions/00000000-0000-0000-0000-000000000000/resourceGroups/galleryappaccount/providers/Microsoft.Compute/galleries/MyGallery/applications/MyFirstApp/versions/1.0.0\"\
        ,\r\n            \"configurationReference\": \"null\",\r\n            \"treatFailureAsDeploymentFailure\"\
        : true,\r\n            \"enableAutomaticUpgrade\": false\r\n          },\r\
        \n          {\r\n            \"manuallyManaged\": false,\r\n            \"\
        packageReferenceId\": \"/subscriptions/00000000-0000-0000-0000-000000000000/resourceGroups/galleryappaccount/providers/Microsoft.Compute/galleries/MyGallery/applications/MySecondApp/versions/1.0.1\"\
        ,\r\n            \"configurationReference\": \"https://galleryappaccount.blob.core.windows.net/gallerytest/MyAppConfig\"\
        ,\r\n            \"treatFailureAsDeploymentFailure\": false,\r\n         \
        \   \"enableAutomaticUpgrade\": false\r\n          }\r\n        ]\r\n    \
        \  },\r\n      \"networkProfile\": {\"networkApiVersion\":\"2020-11-01\",\"\
        networkInterfaceConfigurations\":[{\"name\":\"vmss1535cNic\",\"properties\"\
        :{\"primary\":true,\"disableTcpStateTracking\":false,\"enableIPForwarding\"\
        :false,\"auxiliaryMode\":\"None\",\"auxiliarySku\":\"None\",\"deleteOption\"\
        :\"Delete\",\"ipConfigurations\":[{\"name\":\"vmss1535cIPConfig\",\"properties\"\
        :{\"privateIPAddressVersion\":\"IPv4\",\"subnet\":{\"id\":\"/subscriptions/00000000-0000-0000-0000-000000000000/resourceGroups/clitest.rg000001/providers/Microsoft.Network/virtualNetworks/vmss1VNET/subnets/vmss1Subnet\"\
        },\"applicationSecurityGroups\":[],\"loadBalancerBackendAddressPools\":[{\"\
        id\":\"/subscriptions/00000000-0000-0000-0000-000000000000/resourceGroups/clitest.rg000001/providers/Microsoft.Network/loadBalancers/vmss1LB/backendAddressPools/vmss1LBBEPool\"\
        }],\"applicationGatewayBackendAddressPools\":[]}}],\"networkSecurityGroup\"\
        :{\"id\":\"/subscriptions/00000000-0000-0000-0000-000000000000/resourceGroups/clitest.rg000001/providers/Microsoft.Network/networkSecurityGroups/vmss1NSG\"\
        },\"dnsSettings\":{\"dnsServers\":[]}}}]},\r\n      \"extensionProfile\":\
        \ {\r\n        \"extensions\": [\r\n          {\r\n            \"name\": \"\
        VMAppExtension\",\r\n            \"properties\": {\r\n              \"autoUpgradeMinorVersion\"\
        : true,\r\n              \"publisher\": \"Microsoft.CPlat.Core\",\r\n    \
        \          \"type\": \"VMApplicationManagerWindows\",\r\n              \"\
        typeHandlerVersion\": \"1.0\",\r\n              \"settings\": {}\r\n     \
        \       }\r\n          }\r\n        ]\r\n      },\r\n      \"timeCreated\"\
        : \"2024-04-24T05:50:00.1503872+00:00\"\r\n    },\r\n    \"provisioningState\"\
        : \"Succeeded\",\r\n    \"uniqueId\": \"61dcc16f-ae32-4293-a7df-d2371e80c2cc\"\
        ,\r\n    \"platformFaultDomainCount\": 1,\r\n    \"constrainedMaximumCapacity\"\
        : false,\r\n    \"timeCreated\": \"2024-04-24T05:47:45.4327467+00:00\"\r\n\
        \  }\r\n}"
    headers:
      cache-control:
      - no-cache
      content-length:
      - '4369'
      content-type:
      - application/json; charset=utf-8
      date:
      - Wed, 24 Apr 2024 05:50:03 GMT
      expires:
      - '-1'
      pragma:
      - no-cache
      strict-transport-security:
      - max-age=31536000; includeSubDomains
      x-cache:
      - CONFIG_NOCACHE
      x-content-type-options:
      - nosniff
      x-ms-ratelimit-remaining-resource:
      - Microsoft.Compute/GetVMScaleSetSubscriptionMaximum;2392,Microsoft.Compute/GetVMScaleSetResource;24
      x-msedge-ref:
      - 'Ref A: 0CA4564764A44BE8B24E30D7F6CC0EDE Ref B: MAA201060515031 Ref C: 2024-04-24T05:50:03Z'
    status:
      code: 200
      message: ''
- request:
    body: null
    headers:
      Accept:
      - application/json
      Accept-Encoding:
      - gzip, deflate
      CommandName:
      - vmss application list
      Connection:
      - keep-alive
      ParameterSetName:
      - -g --name
      User-Agent:
      - AZURECLI/2.59.0 azsdk-python-core/1.30.1 Python/3.10.11 (Windows-10-10.0.22631-SP0)
    method: GET
    uri: https://management.azure.com/subscriptions/00000000-0000-0000-0000-000000000000/resourceGroups/clitest.rg000001/providers/Microsoft.Compute/virtualMachineScaleSets/vmss1?api-version=2024-03-01
  response:
    body:
      string: "{\r\n  \"name\": \"vmss1\",\r\n  \"id\": \"/subscriptions/00000000-0000-0000-0000-000000000000/resourceGroups/clitest.rg000001/providers/Microsoft.Compute/virtualMachineScaleSets/vmss1\"\
        ,\r\n  \"type\": \"Microsoft.Compute/virtualMachineScaleSets\",\r\n  \"location\"\
        : \"eastus\",\r\n  \"tags\": {},\r\n  \"sku\": {\r\n    \"name\": \"Standard_DS1_v2\"\
        ,\r\n    \"tier\": \"Standard\",\r\n    \"capacity\": 2\r\n  },\r\n  \"properties\"\
        : {\r\n    \"singlePlacementGroup\": false,\r\n    \"orchestrationMode\":\
        \ \"Flexible\",\r\n    \"upgradePolicy\": {\r\n      \"mode\": \"Manual\"\r\
        \n    },\r\n    \"virtualMachineProfile\": {\r\n      \"osProfile\": {\r\n\
        \        \"computerNamePrefix\": \"vmss1\",\r\n        \"adminUsername\":\
        \ \"admin123\",\r\n        \"windowsConfiguration\": {\r\n          \"provisionVMAgent\"\
        : true,\r\n          \"enableAutomaticUpdates\": true,\r\n          \"patchSettings\"\
        : {\r\n            \"patchMode\": \"AutomaticByOS\",\r\n            \"assessmentMode\"\
        : \"ImageDefault\"\r\n          },\r\n          \"enableVMAgentPlatformUpdates\"\
        : false\r\n        },\r\n        \"secrets\": [],\r\n        \"allowExtensionOperations\"\
        : true,\r\n        \"requireGuestProvisionSignal\": true\r\n      },\r\n \
        \     \"storageProfile\": {\r\n        \"osDisk\": {\r\n          \"osType\"\
        : \"Windows\",\r\n          \"createOption\": \"FromImage\",\r\n         \
        \ \"caching\": \"ReadWrite\",\r\n          \"managedDisk\": {\r\n        \
        \    \"storageAccountType\": \"Premium_LRS\"\r\n          },\r\n         \
        \ \"deleteOption\": \"Delete\",\r\n          \"diskSizeGB\": 127\r\n     \
        \   },\r\n        \"imageReference\": {\r\n          \"publisher\": \"MicrosoftWindowsServer\"\
        ,\r\n          \"offer\": \"WindowsServer\",\r\n          \"sku\": \"2012-R2-Datacenter\"\
        ,\r\n          \"version\": \"latest\"\r\n        }\r\n      },\r\n      \"\
        applicationProfile\": {\r\n        \"galleryApplications\": [\r\n        \
        \  {\r\n            \"manuallyManaged\": false,\r\n            \"packageReferenceId\"\
        : \"/subscriptions/00000000-0000-0000-0000-000000000000/resourceGroups/galleryappaccount/providers/Microsoft.Compute/galleries/MyGallery/applications/MyFirstApp/versions/1.0.0\"\
        ,\r\n            \"configurationReference\": \"null\",\r\n            \"treatFailureAsDeploymentFailure\"\
        : true,\r\n            \"enableAutomaticUpgrade\": false\r\n          },\r\
        \n          {\r\n            \"manuallyManaged\": false,\r\n            \"\
        packageReferenceId\": \"/subscriptions/00000000-0000-0000-0000-000000000000/resourceGroups/galleryappaccount/providers/Microsoft.Compute/galleries/MyGallery/applications/MySecondApp/versions/1.0.1\"\
        ,\r\n            \"configurationReference\": \"https://galleryappaccount.blob.core.windows.net/gallerytest/MyAppConfig\"\
        ,\r\n            \"treatFailureAsDeploymentFailure\": false,\r\n         \
        \   \"enableAutomaticUpgrade\": false\r\n          }\r\n        ]\r\n    \
        \  },\r\n      \"networkProfile\": {\"networkApiVersion\":\"2020-11-01\",\"\
        networkInterfaceConfigurations\":[{\"name\":\"vmss1535cNic\",\"properties\"\
        :{\"primary\":true,\"disableTcpStateTracking\":false,\"enableIPForwarding\"\
        :false,\"auxiliaryMode\":\"None\",\"auxiliarySku\":\"None\",\"deleteOption\"\
        :\"Delete\",\"ipConfigurations\":[{\"name\":\"vmss1535cIPConfig\",\"properties\"\
        :{\"privateIPAddressVersion\":\"IPv4\",\"subnet\":{\"id\":\"/subscriptions/00000000-0000-0000-0000-000000000000/resourceGroups/clitest.rg000001/providers/Microsoft.Network/virtualNetworks/vmss1VNET/subnets/vmss1Subnet\"\
        },\"applicationSecurityGroups\":[],\"loadBalancerBackendAddressPools\":[{\"\
        id\":\"/subscriptions/00000000-0000-0000-0000-000000000000/resourceGroups/clitest.rg000001/providers/Microsoft.Network/loadBalancers/vmss1LB/backendAddressPools/vmss1LBBEPool\"\
        }],\"applicationGatewayBackendAddressPools\":[]}}],\"networkSecurityGroup\"\
        :{\"id\":\"/subscriptions/00000000-0000-0000-0000-000000000000/resourceGroups/clitest.rg000001/providers/Microsoft.Network/networkSecurityGroups/vmss1NSG\"\
        },\"dnsSettings\":{\"dnsServers\":[]}}}]},\r\n      \"extensionProfile\":\
        \ {\r\n        \"extensions\": [\r\n          {\r\n            \"name\": \"\
        VMAppExtension\",\r\n            \"properties\": {\r\n              \"autoUpgradeMinorVersion\"\
        : true,\r\n              \"publisher\": \"Microsoft.CPlat.Core\",\r\n    \
        \          \"type\": \"VMApplicationManagerWindows\",\r\n              \"\
        typeHandlerVersion\": \"1.0\",\r\n              \"settings\": {}\r\n     \
        \       }\r\n          }\r\n        ]\r\n      },\r\n      \"timeCreated\"\
        : \"2024-04-24T05:50:00.1503872+00:00\"\r\n    },\r\n    \"provisioningState\"\
        : \"Succeeded\",\r\n    \"uniqueId\": \"61dcc16f-ae32-4293-a7df-d2371e80c2cc\"\
        ,\r\n    \"platformFaultDomainCount\": 1,\r\n    \"constrainedMaximumCapacity\"\
        : false,\r\n    \"timeCreated\": \"2024-04-24T05:47:45.4327467+00:00\"\r\n\
        \  }\r\n}"
    headers:
      cache-control:
      - no-cache
      content-length:
      - '4369'
      content-type:
      - application/json; charset=utf-8
      date:
      - Wed, 24 Apr 2024 05:50:05 GMT
      expires:
      - '-1'
      pragma:
      - no-cache
      strict-transport-security:
      - max-age=31536000; includeSubDomains
      x-cache:
      - CONFIG_NOCACHE
      x-content-type-options:
      - nosniff
      x-ms-ratelimit-remaining-resource:
      - Microsoft.Compute/GetVMScaleSetSubscriptionMaximum;2389,Microsoft.Compute/GetVMScaleSetResource;22
      x-msedge-ref:
      - 'Ref A: 9115A9B2835F4F5087327DB4FE6E746C Ref B: MAA201060514029 Ref C: 2024-04-24T05:50:04Z'
    status:
      code: 200
      message: ''
version: 1
