interactions:
- request:
    body: null
    headers:
      Accept:
      - application/json
      Accept-Encoding:
      - gzip, deflate
      CommandName:
      - vm host group create
      Connection:
      - keep-alive
      ParameterSetName:
      - -n -c -g --tags
      User-Agent:
      - python/3.8.2 (Windows-10-10.0.18362-SP0) msrest/0.6.11 msrest_azure/0.6.3
        azure-mgmt-resource/8.0.1 Azure-SDK-For-Python AZURECLI/2.2.0
      accept-language:
      - en-US
    method: GET
    uri: https://management.azure.com/subscriptions/00000000-0000-0000-0000-000000000000/resourcegroups/cli_test_dedicated_host_000001?api-version=2019-07-01
  response:
    body:
      string: '{"id":"/subscriptions/00000000-0000-0000-0000-000000000000/resourceGroups/cli_test_dedicated_host_000001","name":"cli_test_dedicated_host_000001","type":"Microsoft.Resources/resourceGroups","location":"westeurope","tags":{"product":"azurecli","cause":"automation","date":"2020-03-26T13:46:08Z","StorageType":"Standard_LRS","type":"test"},"properties":{"provisioningState":"Succeeded"}}'
    headers:
      cache-control:
      - no-cache
      content-length:
      - '475'
      content-type:
      - application/json; charset=utf-8
      date:
      - Thu, 26 Mar 2020 13:46:12 GMT
      expires:
      - '-1'
      pragma:
      - no-cache
      strict-transport-security:
      - max-age=31536000; includeSubDomains
      vary:
      - Accept-Encoding
      x-content-type-options:
      - nosniff
    status:
      code: 200
      message: OK
- request:
    body: '{"location": "westeurope", "tags": {"foo": "bar"}, "properties": {"platformFaultDomainCount":
      3}}'
    headers:
      Accept:
      - application/json
      Accept-Encoding:
      - gzip, deflate
      CommandName:
      - vm host group create
      Connection:
      - keep-alive
      Content-Length:
      - '97'
      Content-Type:
      - application/json; charset=utf-8
      ParameterSetName:
      - -n -c -g --tags
      User-Agent:
      - python/3.8.2 (Windows-10-10.0.18362-SP0) msrest/0.6.11 msrest_azure/0.6.3
        azure-mgmt-compute/12.0.0 Azure-SDK-For-Python AZURECLI/2.2.0
      accept-language:
      - en-US
    method: PUT
    uri: https://management.azure.com/subscriptions/00000000-0000-0000-0000-000000000000/resourceGroups/cli_test_dedicated_host_000001/providers/Microsoft.Compute/hostGroups/my-host-group?api-version=2019-07-01
  response:
    body:
      string: "{\r\n  \"name\": \"my-host-group\",\r\n  \"id\": \"/subscriptions/00000000-0000-0000-0000-000000000000/resourceGroups/CLI_TEST_DEDICATED_HOST_NBLGVXAFI6KOE3JD5CR2PAQA4GBZMI53QXA5NSF5QYFSM3XUHQZ/providers/Microsoft.Compute/hostGroups/my-host-group\",\r\n
        \ \"location\": \"westeurope\",\r\n  \"tags\": {\r\n    \"foo\": \"bar\"\r\n
        \ },\r\n  \"properties\": {\r\n    \"platformFaultDomainCount\": 3\r\n  }\r\n}"
    headers:
      cache-control:
      - no-cache
      content-length:
      - '365'
      content-type:
      - application/json; charset=utf-8
      date:
      - Thu, 26 Mar 2020 13:46:17 GMT
      expires:
      - '-1'
      pragma:
      - no-cache
      server:
      - Microsoft-HTTPAPI/2.0
      - Microsoft-HTTPAPI/2.0
      strict-transport-security:
      - max-age=31536000; includeSubDomains
      x-content-type-options:
      - nosniff
      x-ms-ratelimit-remaining-resource:
      - Microsoft.Compute/PutDeleteDedicatedHost3Min;119,Microsoft.Compute/PutDeleteDedicatedHost30Min;594
      x-ms-ratelimit-remaining-subscription-writes:
      - '1169'
    status:
      code: 201
      message: Created
- request:
    body: null
    headers:
      Accept:
      - application/json
      Accept-Encoding:
      - gzip, deflate
      CommandName:
      - vm host create
      Connection:
      - keep-alive
      ParameterSetName:
      - -n --host-group -d -g --sku --auto-replace --tags
      User-Agent:
      - python/3.8.2 (Windows-10-10.0.18362-SP0) msrest/0.6.11 msrest_azure/0.6.3
        azure-mgmt-resource/8.0.1 Azure-SDK-For-Python AZURECLI/2.2.0
      accept-language:
      - en-US
    method: GET
    uri: https://management.azure.com/subscriptions/00000000-0000-0000-0000-000000000000/resourcegroups/cli_test_dedicated_host_000001?api-version=2019-07-01
  response:
    body:
      string: '{"id":"/subscriptions/00000000-0000-0000-0000-000000000000/resourceGroups/cli_test_dedicated_host_000001","name":"cli_test_dedicated_host_000001","type":"Microsoft.Resources/resourceGroups","location":"westeurope","tags":{"product":"azurecli","cause":"automation","date":"2020-03-26T13:46:08Z","StorageType":"Standard_LRS","type":"test"},"properties":{"provisioningState":"Succeeded"}}'
    headers:
      cache-control:
      - no-cache
      content-length:
      - '475'
      content-type:
      - application/json; charset=utf-8
      date:
      - Thu, 26 Mar 2020 13:46:18 GMT
      expires:
      - '-1'
      pragma:
      - no-cache
      strict-transport-security:
      - max-age=31536000; includeSubDomains
      vary:
      - Accept-Encoding
      x-content-type-options:
      - nosniff
    status:
      code: 200
      message: OK
- request:
    body: '{"location": "westeurope", "tags": {"bar": "baz"}, "properties": {"platformFaultDomain":
      2, "autoReplaceOnFailure": false}, "sku": {"name": "DSv3-Type1"}}'
    headers:
      Accept:
      - application/json
      Accept-Encoding:
      - gzip, deflate
      CommandName:
      - vm host create
      Connection:
      - keep-alive
      Content-Length:
      - '154'
      Content-Type:
      - application/json; charset=utf-8
      ParameterSetName:
      - -n --host-group -d -g --sku --auto-replace --tags
      User-Agent:
      - python/3.8.2 (Windows-10-10.0.18362-SP0) msrest/0.6.11 msrest_azure/0.6.3
        azure-mgmt-compute/12.0.0 Azure-SDK-For-Python AZURECLI/2.2.0
      accept-language:
      - en-US
    method: PUT
    uri: https://management.azure.com/subscriptions/00000000-0000-0000-0000-000000000000/resourceGroups/cli_test_dedicated_host_000001/providers/Microsoft.Compute/hostGroups/my-host-group/hosts/my-host?api-version=2019-07-01
  response:
    body:
      string: "{\r\n  \"name\": \"my-host\",\r\n  \"id\": \"/subscriptions/00000000-0000-0000-0000-000000000000/resourceGroups/cli_test_dedicated_host_000001/providers/Microsoft.Compute/hostGroups/my-host-group/hosts/my-host\",\r\n
        \ \"location\": \"westeurope\",\r\n  \"tags\": {\r\n    \"bar\": \"baz\"\r\n
        \ },\r\n  \"sku\": {\r\n    \"name\": \"DSv3-Type1\"\r\n  },\r\n  \"properties\":
        {\r\n    \"platformFaultDomain\": 2,\r\n    \"autoReplaceOnFailure\": false,\r\n
        \   \"hostId\": \"98fd18b4-c2c3-472a-81e8-905c3b9b559a\",\r\n    \"provisioningState\":
        \"Creating\"\r\n  }\r\n}"
    headers:
      azure-asyncnotification:
      - Enabled
      azure-asyncoperation:
      - https://management.azure.com/subscriptions/00000000-0000-0000-0000-000000000000/providers/Microsoft.Compute/locations/westeurope/operations/9c1bc3cc-cf53-442e-814c-5d13f85a9400?api-version=2019-07-01
      cache-control:
      - no-cache
      content-length:
      - '541'
      content-type:
      - application/json; charset=utf-8
      date:
      - Thu, 26 Mar 2020 13:46:24 GMT
      expires:
      - '-1'
      pragma:
      - no-cache
      server:
      - Microsoft-HTTPAPI/2.0
      - Microsoft-HTTPAPI/2.0
      strict-transport-security:
      - max-age=31536000; includeSubDomains
      x-content-type-options:
      - nosniff
      x-ms-ratelimit-remaining-resource:
      - Microsoft.Compute/PutDeleteDedicatedHost3Min;118,Microsoft.Compute/PutDeleteDedicatedHost30Min;593
      x-ms-ratelimit-remaining-subscription-writes:
      - '1162'
    status:
      code: 201
      message: Created
- request:
    body: null
    headers:
      Accept:
      - application/json
      Accept-Encoding:
      - gzip, deflate
      CommandName:
      - vm host create
      Connection:
      - keep-alive
      ParameterSetName:
      - -n --host-group -d -g --sku --auto-replace --tags
      User-Agent:
      - python/3.8.2 (Windows-10-10.0.18362-SP0) msrest/0.6.11 msrest_azure/0.6.3
        azure-mgmt-compute/12.0.0 Azure-SDK-For-Python AZURECLI/2.2.0
    method: GET
    uri: https://management.azure.com/subscriptions/00000000-0000-0000-0000-000000000000/providers/Microsoft.Compute/locations/westeurope/operations/9c1bc3cc-cf53-442e-814c-5d13f85a9400?api-version=2019-07-01
  response:
    body:
      string: "{\r\n  \"startTime\": \"2020-03-26T13:46:24.4783528+00:00\",\r\n  \"endTime\":
        \"2020-03-26T13:46:24.8064996+00:00\",\r\n  \"status\": \"Succeeded\",\r\n
        \ \"name\": \"9c1bc3cc-cf53-442e-814c-5d13f85a9400\"\r\n}"
    headers:
      cache-control:
      - no-cache
      content-length:
      - '184'
      content-type:
      - application/json; charset=utf-8
      date:
      - Thu, 26 Mar 2020 13:46:55 GMT
      expires:
      - '-1'
      pragma:
      - no-cache
      server:
      - Microsoft-HTTPAPI/2.0
      - Microsoft-HTTPAPI/2.0
      strict-transport-security:
      - max-age=31536000; includeSubDomains
      transfer-encoding:
      - chunked
      vary:
      - Accept-Encoding
      x-content-type-options:
      - nosniff
      x-ms-ratelimit-remaining-resource:
      - Microsoft.Compute/GetOperation3Min;14998,Microsoft.Compute/GetOperation30Min;29994
    status:
      code: 200
      message: OK
- request:
    body: null
    headers:
      Accept:
      - application/json
      Accept-Encoding:
      - gzip, deflate
      CommandName:
      - vm host create
      Connection:
      - keep-alive
      ParameterSetName:
      - -n --host-group -d -g --sku --auto-replace --tags
      User-Agent:
      - python/3.8.2 (Windows-10-10.0.18362-SP0) msrest/0.6.11 msrest_azure/0.6.3
        azure-mgmt-compute/12.0.0 Azure-SDK-For-Python AZURECLI/2.2.0
    method: GET
    uri: https://management.azure.com/subscriptions/00000000-0000-0000-0000-000000000000/resourceGroups/cli_test_dedicated_host_000001/providers/Microsoft.Compute/hostGroups/my-host-group/hosts/my-host?api-version=2019-07-01
  response:
    body:
      string: "{\r\n  \"name\": \"my-host\",\r\n  \"id\": \"/subscriptions/00000000-0000-0000-0000-000000000000/resourceGroups/cli_test_dedicated_host_000001/providers/Microsoft.Compute/hostGroups/my-host-group/hosts/my-host\",\r\n
        \ \"location\": \"westeurope\",\r\n  \"tags\": {\r\n    \"bar\": \"baz\"\r\n
        \ },\r\n  \"sku\": {\r\n    \"name\": \"DSv3-Type1\"\r\n  },\r\n  \"properties\":
        {\r\n    \"platformFaultDomain\": 2,\r\n    \"autoReplaceOnFailure\": false,\r\n
        \   \"hostId\": \"98fd18b4-c2c3-472a-81e8-905c3b9b559a\",\r\n    \"virtualMachines\":
        [],\r\n    \"provisioningTime\": \"2020-03-26T13:46:24.5721047+00:00\",\r\n
        \   \"provisioningState\": \"Succeeded\"\r\n  }\r\n}"
    headers:
      cache-control:
      - no-cache
      content-length:
      - '632'
      content-type:
      - application/json; charset=utf-8
      date:
      - Thu, 26 Mar 2020 13:46:55 GMT
      expires:
      - '-1'
      pragma:
      - no-cache
      server:
      - Microsoft-HTTPAPI/2.0
      - Microsoft-HTTPAPI/2.0
      strict-transport-security:
      - max-age=31536000; includeSubDomains
      transfer-encoding:
      - chunked
      vary:
      - Accept-Encoding
      x-content-type-options:
      - nosniff
      x-ms-ratelimit-remaining-resource:
      - Microsoft.Compute/GetDedicatedHost3Min;248,Microsoft.Compute/GetDedicatedHost30Min;994
    status:
      code: 200
      message: OK
- request:
    body: null
    headers:
      Accept:
      - application/json
      Accept-Encoding:
      - gzip, deflate
      CommandName:
      - vm create
      Connection:
      - keep-alive
      ParameterSetName:
      - -n --image -g --size --host-group --host --generate-ssh-keys
      User-Agent:
      - python/3.8.2 (Windows-10-10.0.18362-SP0) msrest/0.6.11 msrest_azure/0.6.3
        azure-mgmt-resource/8.0.1 Azure-SDK-For-Python AZURECLI/2.2.0
      accept-language:
      - en-US
    method: GET
    uri: https://management.azure.com/subscriptions/00000000-0000-0000-0000-000000000000/resourcegroups/cli_test_dedicated_host_000001?api-version=2019-07-01
  response:
    body:
      string: '{"id":"/subscriptions/00000000-0000-0000-0000-000000000000/resourceGroups/cli_test_dedicated_host_000001","name":"cli_test_dedicated_host_000001","type":"Microsoft.Resources/resourceGroups","location":"westeurope","tags":{"product":"azurecli","cause":"automation","date":"2020-03-26T13:46:08Z","StorageType":"Standard_LRS","type":"test"},"properties":{"provisioningState":"Succeeded"}}'
    headers:
      cache-control:
      - no-cache
      content-length:
      - '475'
      content-type:
      - application/json; charset=utf-8
      date:
      - Thu, 26 Mar 2020 13:46:57 GMT
      expires:
      - '-1'
      pragma:
      - no-cache
      strict-transport-security:
      - max-age=31536000; includeSubDomains
      vary:
      - Accept-Encoding
      x-content-type-options:
      - nosniff
    status:
      code: 200
      message: OK
- request:
    body: null
    headers:
      Accept:
      - '*/*'
      Accept-Encoding:
      - gzip, deflate
      Connection:
      - keep-alive
      User-Agent:
      - python-requests/2.23.0
    method: GET
    uri: https://raw.githubusercontent.com/Azure/azure-rest-api-specs/master/arm-compute/quickstart-templates/aliases.json
  response:
    body:
      string: "{\n  \"$schema\": \"http://schema.management.azure.com/schemas/2015-01-01/deploymentTemplate.json\",\n
        \ \"contentVersion\": \"1.0.0.0\",\n  \"parameters\": {},\n  \"variables\":
        {},\n  \"resources\": [],\n  \"outputs\": {\n    \"aliases\": {\n      \"type\":
        \"object\",\n      \"value\": {\n        \"Linux\": {\n          \"CentOS\":
        {\n            \"publisher\": \"OpenLogic\",\n            \"offer\": \"CentOS\",\n
        \           \"sku\": \"7.5\",\n            \"version\": \"latest\"\n          },\n
        \         \"CoreOS\": {\n            \"publisher\": \"CoreOS\",\n            \"offer\":
        \"CoreOS\",\n            \"sku\": \"Stable\",\n            \"version\": \"latest\"\n
        \         },\n          \"Debian\": {\n            \"publisher\": \"Debian\",\n
        \           \"offer\": \"debian-10\",\n            \"sku\": \"10\",\n            \"version\":
        \"latest\"\n          },\n          \"openSUSE-Leap\": {\n            \"publisher\":
        \"SUSE\",\n            \"offer\": \"openSUSE-Leap\",\n            \"sku\":
        \"42.3\",\n            \"version\": \"latest\"\n          },\n          \"RHEL\":
        {\n            \"publisher\": \"RedHat\",\n            \"offer\": \"RHEL\",\n
        \           \"sku\": \"7-LVM\",\n            \"version\": \"latest\"\n          },\n
        \         \"SLES\": {\n            \"publisher\": \"SUSE\",\n            \"offer\":
        \"SLES\",\n            \"sku\": \"15\",\n            \"version\": \"latest\"\n
        \         },\n          \"UbuntuLTS\": {\n            \"publisher\": \"Canonical\",\n
        \           \"offer\": \"UbuntuServer\",\n            \"sku\": \"18.04-LTS\",\n
        \           \"version\": \"latest\"\n          }\n        },\n        \"Windows\":
        {\n          \"Win2019Datacenter\": {\n            \"publisher\": \"MicrosoftWindowsServer\",\n
        \           \"offer\": \"WindowsServer\",\n            \"sku\": \"2019-Datacenter\",\n
        \           \"version\": \"latest\"\n          },\n          \"Win2016Datacenter\":
        {\n            \"publisher\": \"MicrosoftWindowsServer\",\n            \"offer\":
        \"WindowsServer\",\n            \"sku\": \"2016-Datacenter\",\n            \"version\":
        \"latest\"\n          },\n          \"Win2012R2Datacenter\": {\n            \"publisher\":
        \"MicrosoftWindowsServer\",\n            \"offer\": \"WindowsServer\",\n            \"sku\":
        \"2012-R2-Datacenter\",\n            \"version\": \"latest\"\n          },\n
        \         \"Win2012Datacenter\": {\n            \"publisher\": \"MicrosoftWindowsServer\",\n
        \           \"offer\": \"WindowsServer\",\n            \"sku\": \"2012-Datacenter\",\n
        \           \"version\": \"latest\"\n          },\n          \"Win2008R2SP1\":
        {\n            \"publisher\": \"MicrosoftWindowsServer\",\n            \"offer\":
        \"WindowsServer\",\n            \"sku\": \"2008-R2-SP1\",\n            \"version\":
        \"latest\"\n          }\n        }\n      }\n    }\n  }\n}\n"
    headers:
      accept-ranges:
      - bytes
      access-control-allow-origin:
      - '*'
      cache-control:
      - max-age=300
      connection:
      - keep-alive
      content-length:
      - '2501'
      content-security-policy:
      - default-src 'none'; style-src 'unsafe-inline'; sandbox
      content-type:
      - text/plain; charset=utf-8
      date:
      - Thu, 26 Mar 2020 13:46:58 GMT
      etag:
      - W/"540044b4084c3c314537f1baa1770f248628b2bc9ba0328f1004c33862e049da"
      expires:
      - Thu, 26 Mar 2020 13:51:58 GMT
      source-age:
      - '252'
      strict-transport-security:
      - max-age=31536000
      vary:
      - Authorization,Accept-Encoding
      via:
      - 1.1 varnish (Varnish/6.0)
      - 1.1 varnish
      x-cache:
      - HFM, HIT
      x-cache-hits:
      - 0, 1
      x-content-type-options:
      - nosniff
      x-fastly-request-id:
      - a5cad14bf1ab9f34568d6883d46a2c1f15517c01
      x-frame-options:
      - deny
      x-geo-block-list:
      - ''
      x-github-request-id:
      - ED28:579B:80342:8E81B:5E7CACD0
      x-served-by:
      - cache-sin18034-SIN
      x-timer:
      - S1585230418.453839,VS0,VE238
      x-xss-protection:
      - 1; mode=block
    status:
      code: 200
      message: OK
- request:
    body: null
    headers:
      Accept:
      - application/json
      Accept-Encoding:
      - gzip, deflate
      CommandName:
      - vm create
      Connection:
      - keep-alive
      ParameterSetName:
      - -n --image -g --size --host-group --host --generate-ssh-keys
      User-Agent:
      - python/3.8.2 (Windows-10-10.0.18362-SP0) msrest/0.6.11 msrest_azure/0.6.3
        azure-mgmt-network/10.0.0 Azure-SDK-For-Python AZURECLI/2.2.0
      accept-language:
      - en-US
    method: GET
    uri: https://management.azure.com/subscriptions/00000000-0000-0000-0000-000000000000/resourceGroups/cli_test_dedicated_host_000001/providers/Microsoft.Network/virtualNetworks?api-version=2018-01-01
  response:
    body:
      string: '{"value":[]}'
    headers:
      cache-control:
      - no-cache
      content-length:
      - '12'
      content-type:
      - application/json; charset=utf-8
      date:
      - Thu, 26 Mar 2020 13:46:58 GMT
      expires:
      - '-1'
      pragma:
      - no-cache
      strict-transport-security:
      - max-age=31536000; includeSubDomains
      vary:
      - Accept-Encoding
      x-content-type-options:
      - nosniff
    status:
      code: 200
      message: OK
- request:
    body: null
    headers:
      Accept:
      - application/json
      Accept-Encoding:
      - gzip, deflate
      CommandName:
      - vm create
      Connection:
      - keep-alive
      ParameterSetName:
      - -n --image -g --size --host-group --host --generate-ssh-keys
      User-Agent:
      - python/3.8.2 (Windows-10-10.0.18362-SP0) msrest/0.6.11 msrest_azure/0.6.3
        azure-mgmt-compute/12.0.0 Azure-SDK-For-Python AZURECLI/2.2.0
      accept-language:
      - en-US
    method: GET
    uri: https://management.azure.com/subscriptions/00000000-0000-0000-0000-000000000000/providers/Microsoft.Compute/locations/westeurope/vmSizes?api-version=2019-07-01
  response:
    body:
      string: "{\r\n  \"value\": [\r\n    {\r\n      \"name\": \"Standard_B1ls\",\r\n
        \     \"numberOfCores\": 1,\r\n      \"osDiskSizeInMB\": 1047552,\r\n      \"resourceDiskSizeInMB\":
        4096,\r\n      \"memoryInMB\": 512,\r\n      \"maxDataDiskCount\": 2\r\n    },\r\n
        \   {\r\n      \"name\": \"Standard_B1ms\",\r\n      \"numberOfCores\": 1,\r\n
        \     \"osDiskSizeInMB\": 1047552,\r\n      \"resourceDiskSizeInMB\": 4096,\r\n
        \     \"memoryInMB\": 2048,\r\n      \"maxDataDiskCount\": 2\r\n    },\r\n
        \   {\r\n      \"name\": \"Standard_B1s\",\r\n      \"numberOfCores\": 1,\r\n
        \     \"osDiskSizeInMB\": 1047552,\r\n      \"resourceDiskSizeInMB\": 4096,\r\n
        \     \"memoryInMB\": 1024,\r\n      \"maxDataDiskCount\": 2\r\n    },\r\n
        \   {\r\n      \"name\": \"Standard_B2ms\",\r\n      \"numberOfCores\": 2,\r\n
        \     \"osDiskSizeInMB\": 1047552,\r\n      \"resourceDiskSizeInMB\": 16384,\r\n
        \     \"memoryInMB\": 8192,\r\n      \"maxDataDiskCount\": 4\r\n    },\r\n
        \   {\r\n      \"name\": \"Standard_B2s\",\r\n      \"numberOfCores\": 2,\r\n
        \     \"osDiskSizeInMB\": 1047552,\r\n      \"resourceDiskSizeInMB\": 8192,\r\n
        \     \"memoryInMB\": 4096,\r\n      \"maxDataDiskCount\": 4\r\n    },\r\n
        \   {\r\n      \"name\": \"Standard_B4ms\",\r\n      \"numberOfCores\": 4,\r\n
        \     \"osDiskSizeInMB\": 1047552,\r\n      \"resourceDiskSizeInMB\": 32768,\r\n
        \     \"memoryInMB\": 16384,\r\n      \"maxDataDiskCount\": 8\r\n    },\r\n
        \   {\r\n      \"name\": \"Standard_B8ms\",\r\n      \"numberOfCores\": 8,\r\n
        \     \"osDiskSizeInMB\": 1047552,\r\n      \"resourceDiskSizeInMB\": 65536,\r\n
        \     \"memoryInMB\": 32768,\r\n      \"maxDataDiskCount\": 16\r\n    },\r\n
        \   {\r\n      \"name\": \"Standard_B12ms\",\r\n      \"numberOfCores\": 12,\r\n
        \     \"osDiskSizeInMB\": 1047552,\r\n      \"resourceDiskSizeInMB\": 98304,\r\n
        \     \"memoryInMB\": 49152,\r\n      \"maxDataDiskCount\": 16\r\n    },\r\n
        \   {\r\n      \"name\": \"Standard_B16ms\",\r\n      \"numberOfCores\": 16,\r\n
        \     \"osDiskSizeInMB\": 1047552,\r\n      \"resourceDiskSizeInMB\": 131072,\r\n
        \     \"memoryInMB\": 65536,\r\n      \"maxDataDiskCount\": 32\r\n    },\r\n
        \   {\r\n      \"name\": \"Standard_B20ms\",\r\n      \"numberOfCores\": 20,\r\n
        \     \"osDiskSizeInMB\": 1047552,\r\n      \"resourceDiskSizeInMB\": 163840,\r\n
        \     \"memoryInMB\": 81920,\r\n      \"maxDataDiskCount\": 32\r\n    },\r\n
        \   {\r\n      \"name\": \"Standard_D1_v2\",\r\n      \"numberOfCores\": 1,\r\n
        \     \"osDiskSizeInMB\": 1047552,\r\n      \"resourceDiskSizeInMB\": 51200,\r\n
        \     \"memoryInMB\": 3584,\r\n      \"maxDataDiskCount\": 4\r\n    },\r\n
        \   {\r\n      \"name\": \"Standard_D2_v2\",\r\n      \"numberOfCores\": 2,\r\n
        \     \"osDiskSizeInMB\": 1047552,\r\n      \"resourceDiskSizeInMB\": 102400,\r\n
        \     \"memoryInMB\": 7168,\r\n      \"maxDataDiskCount\": 8\r\n    },\r\n
        \   {\r\n      \"name\": \"Standard_D3_v2\",\r\n      \"numberOfCores\": 4,\r\n
        \     \"osDiskSizeInMB\": 1047552,\r\n      \"resourceDiskSizeInMB\": 204800,\r\n
        \     \"memoryInMB\": 14336,\r\n      \"maxDataDiskCount\": 16\r\n    },\r\n
        \   {\r\n      \"name\": \"Standard_D4_v2\",\r\n      \"numberOfCores\": 8,\r\n
        \     \"osDiskSizeInMB\": 1047552,\r\n      \"resourceDiskSizeInMB\": 409600,\r\n
        \     \"memoryInMB\": 28672,\r\n      \"maxDataDiskCount\": 32\r\n    },\r\n
        \   {\r\n      \"name\": \"Standard_D5_v2\",\r\n      \"numberOfCores\": 16,\r\n
        \     \"osDiskSizeInMB\": 1047552,\r\n      \"resourceDiskSizeInMB\": 819200,\r\n
        \     \"memoryInMB\": 57344,\r\n      \"maxDataDiskCount\": 64\r\n    },\r\n
        \   {\r\n      \"name\": \"Standard_D11_v2\",\r\n      \"numberOfCores\":
        2,\r\n      \"osDiskSizeInMB\": 1047552,\r\n      \"resourceDiskSizeInMB\":
        102400,\r\n      \"memoryInMB\": 14336,\r\n      \"maxDataDiskCount\": 8\r\n
        \   },\r\n    {\r\n      \"name\": \"Standard_D12_v2\",\r\n      \"numberOfCores\":
        4,\r\n      \"osDiskSizeInMB\": 1047552,\r\n      \"resourceDiskSizeInMB\":
        204800,\r\n      \"memoryInMB\": 28672,\r\n      \"maxDataDiskCount\": 16\r\n
        \   },\r\n    {\r\n      \"name\": \"Standard_D13_v2\",\r\n      \"numberOfCores\":
        8,\r\n      \"osDiskSizeInMB\": 1047552,\r\n      \"resourceDiskSizeInMB\":
        409600,\r\n      \"memoryInMB\": 57344,\r\n      \"maxDataDiskCount\": 32\r\n
        \   },\r\n    {\r\n      \"name\": \"Standard_D14_v2\",\r\n      \"numberOfCores\":
        16,\r\n      \"osDiskSizeInMB\": 1047552,\r\n      \"resourceDiskSizeInMB\":
        819200,\r\n      \"memoryInMB\": 114688,\r\n      \"maxDataDiskCount\": 64\r\n
        \   },\r\n    {\r\n      \"name\": \"Standard_D2_v2_Promo\",\r\n      \"numberOfCores\":
        2,\r\n      \"osDiskSizeInMB\": 1047552,\r\n      \"resourceDiskSizeInMB\":
        102400,\r\n      \"memoryInMB\": 7168,\r\n      \"maxDataDiskCount\": 8\r\n
        \   },\r\n    {\r\n      \"name\": \"Standard_D3_v2_Promo\",\r\n      \"numberOfCores\":
        4,\r\n      \"osDiskSizeInMB\": 1047552,\r\n      \"resourceDiskSizeInMB\":
        204800,\r\n      \"memoryInMB\": 14336,\r\n      \"maxDataDiskCount\": 16\r\n
        \   },\r\n    {\r\n      \"name\": \"Standard_D4_v2_Promo\",\r\n      \"numberOfCores\":
        8,\r\n      \"osDiskSizeInMB\": 1047552,\r\n      \"resourceDiskSizeInMB\":
        409600,\r\n      \"memoryInMB\": 28672,\r\n      \"maxDataDiskCount\": 32\r\n
        \   },\r\n    {\r\n      \"name\": \"Standard_D5_v2_Promo\",\r\n      \"numberOfCores\":
        16,\r\n      \"osDiskSizeInMB\": 1047552,\r\n      \"resourceDiskSizeInMB\":
        819200,\r\n      \"memoryInMB\": 57344,\r\n      \"maxDataDiskCount\": 64\r\n
        \   },\r\n    {\r\n      \"name\": \"Standard_D11_v2_Promo\",\r\n      \"numberOfCores\":
        2,\r\n      \"osDiskSizeInMB\": 1047552,\r\n      \"resourceDiskSizeInMB\":
        102400,\r\n      \"memoryInMB\": 14336,\r\n      \"maxDataDiskCount\": 8\r\n
        \   },\r\n    {\r\n      \"name\": \"Standard_D12_v2_Promo\",\r\n      \"numberOfCores\":
        4,\r\n      \"osDiskSizeInMB\": 1047552,\r\n      \"resourceDiskSizeInMB\":
        204800,\r\n      \"memoryInMB\": 28672,\r\n      \"maxDataDiskCount\": 16\r\n
        \   },\r\n    {\r\n      \"name\": \"Standard_D13_v2_Promo\",\r\n      \"numberOfCores\":
        8,\r\n      \"osDiskSizeInMB\": 1047552,\r\n      \"resourceDiskSizeInMB\":
        409600,\r\n      \"memoryInMB\": 57344,\r\n      \"maxDataDiskCount\": 32\r\n
        \   },\r\n    {\r\n      \"name\": \"Standard_D14_v2_Promo\",\r\n      \"numberOfCores\":
        16,\r\n      \"osDiskSizeInMB\": 1047552,\r\n      \"resourceDiskSizeInMB\":
        819200,\r\n      \"memoryInMB\": 114688,\r\n      \"maxDataDiskCount\": 64\r\n
        \   },\r\n    {\r\n      \"name\": \"Standard_F1\",\r\n      \"numberOfCores\":
        1,\r\n      \"osDiskSizeInMB\": 1047552,\r\n      \"resourceDiskSizeInMB\":
        16384,\r\n      \"memoryInMB\": 2048,\r\n      \"maxDataDiskCount\": 4\r\n
        \   },\r\n    {\r\n      \"name\": \"Standard_F2\",\r\n      \"numberOfCores\":
        2,\r\n      \"osDiskSizeInMB\": 1047552,\r\n      \"resourceDiskSizeInMB\":
        32768,\r\n      \"memoryInMB\": 4096,\r\n      \"maxDataDiskCount\": 8\r\n
        \   },\r\n    {\r\n      \"name\": \"Standard_F4\",\r\n      \"numberOfCores\":
        4,\r\n      \"osDiskSizeInMB\": 1047552,\r\n      \"resourceDiskSizeInMB\":
        65536,\r\n      \"memoryInMB\": 8192,\r\n      \"maxDataDiskCount\": 16\r\n
        \   },\r\n    {\r\n      \"name\": \"Standard_F8\",\r\n      \"numberOfCores\":
        8,\r\n      \"osDiskSizeInMB\": 1047552,\r\n      \"resourceDiskSizeInMB\":
        131072,\r\n      \"memoryInMB\": 16384,\r\n      \"maxDataDiskCount\": 32\r\n
        \   },\r\n    {\r\n      \"name\": \"Standard_F16\",\r\n      \"numberOfCores\":
        16,\r\n      \"osDiskSizeInMB\": 1047552,\r\n      \"resourceDiskSizeInMB\":
        262144,\r\n      \"memoryInMB\": 32768,\r\n      \"maxDataDiskCount\": 64\r\n
        \   },\r\n    {\r\n      \"name\": \"Standard_DS1_v2\",\r\n      \"numberOfCores\":
        1,\r\n      \"osDiskSizeInMB\": 1047552,\r\n      \"resourceDiskSizeInMB\":
        7168,\r\n      \"memoryInMB\": 3584,\r\n      \"maxDataDiskCount\": 4\r\n
        \   },\r\n    {\r\n      \"name\": \"Standard_DS2_v2\",\r\n      \"numberOfCores\":
        2,\r\n      \"osDiskSizeInMB\": 1047552,\r\n      \"resourceDiskSizeInMB\":
        14336,\r\n      \"memoryInMB\": 7168,\r\n      \"maxDataDiskCount\": 8\r\n
        \   },\r\n    {\r\n      \"name\": \"Standard_DS3_v2\",\r\n      \"numberOfCores\":
        4,\r\n      \"osDiskSizeInMB\": 1047552,\r\n      \"resourceDiskSizeInMB\":
        28672,\r\n      \"memoryInMB\": 14336,\r\n      \"maxDataDiskCount\": 16\r\n
        \   },\r\n    {\r\n      \"name\": \"Standard_DS4_v2\",\r\n      \"numberOfCores\":
        8,\r\n      \"osDiskSizeInMB\": 1047552,\r\n      \"resourceDiskSizeInMB\":
        57344,\r\n      \"memoryInMB\": 28672,\r\n      \"maxDataDiskCount\": 32\r\n
        \   },\r\n    {\r\n      \"name\": \"Standard_DS5_v2\",\r\n      \"numberOfCores\":
        16,\r\n      \"osDiskSizeInMB\": 1047552,\r\n      \"resourceDiskSizeInMB\":
        114688,\r\n      \"memoryInMB\": 57344,\r\n      \"maxDataDiskCount\": 64\r\n
        \   },\r\n    {\r\n      \"name\": \"Standard_DS11-1_v2\",\r\n      \"numberOfCores\":
        2,\r\n      \"osDiskSizeInMB\": 1047552,\r\n      \"resourceDiskSizeInMB\":
        28672,\r\n      \"memoryInMB\": 14336,\r\n      \"maxDataDiskCount\": 8\r\n
        \   },\r\n    {\r\n      \"name\": \"Standard_DS11_v2\",\r\n      \"numberOfCores\":
        2,\r\n      \"osDiskSizeInMB\": 1047552,\r\n      \"resourceDiskSizeInMB\":
        28672,\r\n      \"memoryInMB\": 14336,\r\n      \"maxDataDiskCount\": 8\r\n
        \   },\r\n    {\r\n      \"name\": \"Standard_DS12-1_v2\",\r\n      \"numberOfCores\":
        4,\r\n      \"osDiskSizeInMB\": 1047552,\r\n      \"resourceDiskSizeInMB\":
        57344,\r\n      \"memoryInMB\": 28672,\r\n      \"maxDataDiskCount\": 16\r\n
        \   },\r\n    {\r\n      \"name\": \"Standard_DS12-2_v2\",\r\n      \"numberOfCores\":
        4,\r\n      \"osDiskSizeInMB\": 1047552,\r\n      \"resourceDiskSizeInMB\":
        57344,\r\n      \"memoryInMB\": 28672,\r\n      \"maxDataDiskCount\": 16\r\n
        \   },\r\n    {\r\n      \"name\": \"Standard_DS12_v2\",\r\n      \"numberOfCores\":
        4,\r\n      \"osDiskSizeInMB\": 1047552,\r\n      \"resourceDiskSizeInMB\":
        57344,\r\n      \"memoryInMB\": 28672,\r\n      \"maxDataDiskCount\": 16\r\n
        \   },\r\n    {\r\n      \"name\": \"Standard_DS13-2_v2\",\r\n      \"numberOfCores\":
        8,\r\n      \"osDiskSizeInMB\": 1047552,\r\n      \"resourceDiskSizeInMB\":
        114688,\r\n      \"memoryInMB\": 57344,\r\n      \"maxDataDiskCount\": 32\r\n
        \   },\r\n    {\r\n      \"name\": \"Standard_DS13-4_v2\",\r\n      \"numberOfCores\":
        8,\r\n      \"osDiskSizeInMB\": 1047552,\r\n      \"resourceDiskSizeInMB\":
        114688,\r\n      \"memoryInMB\": 57344,\r\n      \"maxDataDiskCount\": 32\r\n
        \   },\r\n    {\r\n      \"name\": \"Standard_DS13_v2\",\r\n      \"numberOfCores\":
        8,\r\n      \"osDiskSizeInMB\": 1047552,\r\n      \"resourceDiskSizeInMB\":
        114688,\r\n      \"memoryInMB\": 57344,\r\n      \"maxDataDiskCount\": 32\r\n
        \   },\r\n    {\r\n      \"name\": \"Standard_DS14-4_v2\",\r\n      \"numberOfCores\":
        16,\r\n      \"osDiskSizeInMB\": 1047552,\r\n      \"resourceDiskSizeInMB\":
        229376,\r\n      \"memoryInMB\": 114688,\r\n      \"maxDataDiskCount\": 64\r\n
        \   },\r\n    {\r\n      \"name\": \"Standard_DS14-8_v2\",\r\n      \"numberOfCores\":
        16,\r\n      \"osDiskSizeInMB\": 1047552,\r\n      \"resourceDiskSizeInMB\":
        229376,\r\n      \"memoryInMB\": 114688,\r\n      \"maxDataDiskCount\": 64\r\n
        \   },\r\n    {\r\n      \"name\": \"Standard_DS14_v2\",\r\n      \"numberOfCores\":
        16,\r\n      \"osDiskSizeInMB\": 1047552,\r\n      \"resourceDiskSizeInMB\":
        229376,\r\n      \"memoryInMB\": 114688,\r\n      \"maxDataDiskCount\": 64\r\n
        \   },\r\n    {\r\n      \"name\": \"Standard_DS2_v2_Promo\",\r\n      \"numberOfCores\":
        2,\r\n      \"osDiskSizeInMB\": 1047552,\r\n      \"resourceDiskSizeInMB\":
        14336,\r\n      \"memoryInMB\": 7168,\r\n      \"maxDataDiskCount\": 8\r\n
        \   },\r\n    {\r\n      \"name\": \"Standard_DS3_v2_Promo\",\r\n      \"numberOfCores\":
        4,\r\n      \"osDiskSizeInMB\": 1047552,\r\n      \"resourceDiskSizeInMB\":
        28672,\r\n      \"memoryInMB\": 14336,\r\n      \"maxDataDiskCount\": 16\r\n
        \   },\r\n    {\r\n      \"name\": \"Standard_DS4_v2_Promo\",\r\n      \"numberOfCores\":
        8,\r\n      \"osDiskSizeInMB\": 1047552,\r\n      \"resourceDiskSizeInMB\":
        57344,\r\n      \"memoryInMB\": 28672,\r\n      \"maxDataDiskCount\": 32\r\n
        \   },\r\n    {\r\n      \"name\": \"Standard_DS5_v2_Promo\",\r\n      \"numberOfCores\":
        16,\r\n      \"osDiskSizeInMB\": 1047552,\r\n      \"resourceDiskSizeInMB\":
        114688,\r\n      \"memoryInMB\": 57344,\r\n      \"maxDataDiskCount\": 64\r\n
        \   },\r\n    {\r\n      \"name\": \"Standard_DS11_v2_Promo\",\r\n      \"numberOfCores\":
        2,\r\n      \"osDiskSizeInMB\": 1047552,\r\n      \"resourceDiskSizeInMB\":
        28672,\r\n      \"memoryInMB\": 14336,\r\n      \"maxDataDiskCount\": 8\r\n
        \   },\r\n    {\r\n      \"name\": \"Standard_DS12_v2_Promo\",\r\n      \"numberOfCores\":
        4,\r\n      \"osDiskSizeInMB\": 1047552,\r\n      \"resourceDiskSizeInMB\":
        57344,\r\n      \"memoryInMB\": 28672,\r\n      \"maxDataDiskCount\": 16\r\n
        \   },\r\n    {\r\n      \"name\": \"Standard_DS13_v2_Promo\",\r\n      \"numberOfCores\":
        8,\r\n      \"osDiskSizeInMB\": 1047552,\r\n      \"resourceDiskSizeInMB\":
        114688,\r\n      \"memoryInMB\": 57344,\r\n      \"maxDataDiskCount\": 32\r\n
        \   },\r\n    {\r\n      \"name\": \"Standard_DS14_v2_Promo\",\r\n      \"numberOfCores\":
        16,\r\n      \"osDiskSizeInMB\": 1047552,\r\n      \"resourceDiskSizeInMB\":
        229376,\r\n      \"memoryInMB\": 114688,\r\n      \"maxDataDiskCount\": 64\r\n
        \   },\r\n    {\r\n      \"name\": \"Standard_F1s\",\r\n      \"numberOfCores\":
        1,\r\n      \"osDiskSizeInMB\": 1047552,\r\n      \"resourceDiskSizeInMB\":
        4096,\r\n      \"memoryInMB\": 2048,\r\n      \"maxDataDiskCount\": 4\r\n
        \   },\r\n    {\r\n      \"name\": \"Standard_F2s\",\r\n      \"numberOfCores\":
        2,\r\n      \"osDiskSizeInMB\": 1047552,\r\n      \"resourceDiskSizeInMB\":
        8192,\r\n      \"memoryInMB\": 4096,\r\n      \"maxDataDiskCount\": 8\r\n
        \   },\r\n    {\r\n      \"name\": \"Standard_F4s\",\r\n      \"numberOfCores\":
        4,\r\n      \"osDiskSizeInMB\": 1047552,\r\n      \"resourceDiskSizeInMB\":
        16384,\r\n      \"memoryInMB\": 8192,\r\n      \"maxDataDiskCount\": 16\r\n
        \   },\r\n    {\r\n      \"name\": \"Standard_F8s\",\r\n      \"numberOfCores\":
        8,\r\n      \"osDiskSizeInMB\": 1047552,\r\n      \"resourceDiskSizeInMB\":
        32768,\r\n      \"memoryInMB\": 16384,\r\n      \"maxDataDiskCount\": 32\r\n
        \   },\r\n    {\r\n      \"name\": \"Standard_F16s\",\r\n      \"numberOfCores\":
        16,\r\n      \"osDiskSizeInMB\": 1047552,\r\n      \"resourceDiskSizeInMB\":
        65536,\r\n      \"memoryInMB\": 32768,\r\n      \"maxDataDiskCount\": 64\r\n
        \   },\r\n    {\r\n      \"name\": \"Standard_A1_v2\",\r\n      \"numberOfCores\":
        1,\r\n      \"osDiskSizeInMB\": 1047552,\r\n      \"resourceDiskSizeInMB\":
        10240,\r\n      \"memoryInMB\": 2048,\r\n      \"maxDataDiskCount\": 2\r\n
        \   },\r\n    {\r\n      \"name\": \"Standard_A2m_v2\",\r\n      \"numberOfCores\":
        2,\r\n      \"osDiskSizeInMB\": 1047552,\r\n      \"resourceDiskSizeInMB\":
        20480,\r\n      \"memoryInMB\": 16384,\r\n      \"maxDataDiskCount\": 4\r\n
        \   },\r\n    {\r\n      \"name\": \"Standard_A2_v2\",\r\n      \"numberOfCores\":
        2,\r\n      \"osDiskSizeInMB\": 1047552,\r\n      \"resourceDiskSizeInMB\":
        20480,\r\n      \"memoryInMB\": 4096,\r\n      \"maxDataDiskCount\": 4\r\n
        \   },\r\n    {\r\n      \"name\": \"Standard_A4m_v2\",\r\n      \"numberOfCores\":
        4,\r\n      \"osDiskSizeInMB\": 1047552,\r\n      \"resourceDiskSizeInMB\":
        40960,\r\n      \"memoryInMB\": 32768,\r\n      \"maxDataDiskCount\": 8\r\n
        \   },\r\n    {\r\n      \"name\": \"Standard_A4_v2\",\r\n      \"numberOfCores\":
        4,\r\n      \"osDiskSizeInMB\": 1047552,\r\n      \"resourceDiskSizeInMB\":
        40960,\r\n      \"memoryInMB\": 8192,\r\n      \"maxDataDiskCount\": 8\r\n
        \   },\r\n    {\r\n      \"name\": \"Standard_A8m_v2\",\r\n      \"numberOfCores\":
        8,\r\n      \"osDiskSizeInMB\": 1047552,\r\n      \"resourceDiskSizeInMB\":
        81920,\r\n      \"memoryInMB\": 65536,\r\n      \"maxDataDiskCount\": 16\r\n
        \   },\r\n    {\r\n      \"name\": \"Standard_A8_v2\",\r\n      \"numberOfCores\":
        8,\r\n      \"osDiskSizeInMB\": 1047552,\r\n      \"resourceDiskSizeInMB\":
        81920,\r\n      \"memoryInMB\": 16384,\r\n      \"maxDataDiskCount\": 16\r\n
        \   },\r\n    {\r\n      \"name\": \"Standard_D2_v3\",\r\n      \"numberOfCores\":
        2,\r\n      \"osDiskSizeInMB\": 1047552,\r\n      \"resourceDiskSizeInMB\":
        51200,\r\n      \"memoryInMB\": 8192,\r\n      \"maxDataDiskCount\": 4\r\n
        \   },\r\n    {\r\n      \"name\": \"Standard_D4_v3\",\r\n      \"numberOfCores\":
        4,\r\n      \"osDiskSizeInMB\": 1047552,\r\n      \"resourceDiskSizeInMB\":
        102400,\r\n      \"memoryInMB\": 16384,\r\n      \"maxDataDiskCount\": 8\r\n
        \   },\r\n    {\r\n      \"name\": \"Standard_D8_v3\",\r\n      \"numberOfCores\":
        8,\r\n      \"osDiskSizeInMB\": 1047552,\r\n      \"resourceDiskSizeInMB\":
        204800,\r\n      \"memoryInMB\": 32768,\r\n      \"maxDataDiskCount\": 16\r\n
        \   },\r\n    {\r\n      \"name\": \"Standard_D16_v3\",\r\n      \"numberOfCores\":
        16,\r\n      \"osDiskSizeInMB\": 1047552,\r\n      \"resourceDiskSizeInMB\":
        409600,\r\n      \"memoryInMB\": 65536,\r\n      \"maxDataDiskCount\": 32\r\n
        \   },\r\n    {\r\n      \"name\": \"Standard_D32_v3\",\r\n      \"numberOfCores\":
        32,\r\n      \"osDiskSizeInMB\": 1047552,\r\n      \"resourceDiskSizeInMB\":
        819200,\r\n      \"memoryInMB\": 131072,\r\n      \"maxDataDiskCount\": 32\r\n
        \   },\r\n    {\r\n      \"name\": \"Standard_D48_v3\",\r\n      \"numberOfCores\":
        48,\r\n      \"osDiskSizeInMB\": 1047552,\r\n      \"resourceDiskSizeInMB\":
        1228800,\r\n      \"memoryInMB\": 196608,\r\n      \"maxDataDiskCount\": 32\r\n
        \   },\r\n    {\r\n      \"name\": \"Standard_D64_v3\",\r\n      \"numberOfCores\":
        64,\r\n      \"osDiskSizeInMB\": 1047552,\r\n      \"resourceDiskSizeInMB\":
        1638400,\r\n      \"memoryInMB\": 262144,\r\n      \"maxDataDiskCount\": 32\r\n
        \   },\r\n    {\r\n      \"name\": \"Standard_D2s_v3\",\r\n      \"numberOfCores\":
        2,\r\n      \"osDiskSizeInMB\": 1047552,\r\n      \"resourceDiskSizeInMB\":
        16384,\r\n      \"memoryInMB\": 8192,\r\n      \"maxDataDiskCount\": 4\r\n
        \   },\r\n    {\r\n      \"name\": \"Standard_D4s_v3\",\r\n      \"numberOfCores\":
        4,\r\n      \"osDiskSizeInMB\": 1047552,\r\n      \"resourceDiskSizeInMB\":
        32768,\r\n      \"memoryInMB\": 16384,\r\n      \"maxDataDiskCount\": 8\r\n
        \   },\r\n    {\r\n      \"name\": \"Standard_D8s_v3\",\r\n      \"numberOfCores\":
        8,\r\n      \"osDiskSizeInMB\": 1047552,\r\n      \"resourceDiskSizeInMB\":
        65536,\r\n      \"memoryInMB\": 32768,\r\n      \"maxDataDiskCount\": 16\r\n
        \   },\r\n    {\r\n      \"name\": \"Standard_D16s_v3\",\r\n      \"numberOfCores\":
        16,\r\n      \"osDiskSizeInMB\": 1047552,\r\n      \"resourceDiskSizeInMB\":
        131072,\r\n      \"memoryInMB\": 65536,\r\n      \"maxDataDiskCount\": 32\r\n
        \   },\r\n    {\r\n      \"name\": \"Standard_D32s_v3\",\r\n      \"numberOfCores\":
        32,\r\n      \"osDiskSizeInMB\": 1047552,\r\n      \"resourceDiskSizeInMB\":
        262144,\r\n      \"memoryInMB\": 131072,\r\n      \"maxDataDiskCount\": 32\r\n
        \   },\r\n    {\r\n      \"name\": \"Standard_D48s_v3\",\r\n      \"numberOfCores\":
        48,\r\n      \"osDiskSizeInMB\": 1047552,\r\n      \"resourceDiskSizeInMB\":
        393216,\r\n      \"memoryInMB\": 196608,\r\n      \"maxDataDiskCount\": 32\r\n
        \   },\r\n    {\r\n      \"name\": \"Standard_D64s_v3\",\r\n      \"numberOfCores\":
        64,\r\n      \"osDiskSizeInMB\": 1047552,\r\n      \"resourceDiskSizeInMB\":
        524288,\r\n      \"memoryInMB\": 262144,\r\n      \"maxDataDiskCount\": 32\r\n
        \   },\r\n    {\r\n      \"name\": \"Standard_E2_v3\",\r\n      \"numberOfCores\":
        2,\r\n      \"osDiskSizeInMB\": 1047552,\r\n      \"resourceDiskSizeInMB\":
        51200,\r\n      \"memoryInMB\": 16384,\r\n      \"maxDataDiskCount\": 4\r\n
        \   },\r\n    {\r\n      \"name\": \"Standard_E4_v3\",\r\n      \"numberOfCores\":
        4,\r\n      \"osDiskSizeInMB\": 1047552,\r\n      \"resourceDiskSizeInMB\":
        102400,\r\n      \"memoryInMB\": 32768,\r\n      \"maxDataDiskCount\": 8\r\n
        \   },\r\n    {\r\n      \"name\": \"Standard_E8_v3\",\r\n      \"numberOfCores\":
        8,\r\n      \"osDiskSizeInMB\": 1047552,\r\n      \"resourceDiskSizeInMB\":
        204800,\r\n      \"memoryInMB\": 65536,\r\n      \"maxDataDiskCount\": 16\r\n
        \   },\r\n    {\r\n      \"name\": \"Standard_E16_v3\",\r\n      \"numberOfCores\":
        16,\r\n      \"osDiskSizeInMB\": 1047552,\r\n      \"resourceDiskSizeInMB\":
        409600,\r\n      \"memoryInMB\": 131072,\r\n      \"maxDataDiskCount\": 32\r\n
        \   },\r\n    {\r\n      \"name\": \"Standard_E20_v3\",\r\n      \"numberOfCores\":
        20,\r\n      \"osDiskSizeInMB\": 1047552,\r\n      \"resourceDiskSizeInMB\":
        512000,\r\n      \"memoryInMB\": 163840,\r\n      \"maxDataDiskCount\": 32\r\n
        \   },\r\n    {\r\n      \"name\": \"Standard_E32_v3\",\r\n      \"numberOfCores\":
        32,\r\n      \"osDiskSizeInMB\": 1047552,\r\n      \"resourceDiskSizeInMB\":
        819200,\r\n      \"memoryInMB\": 262144,\r\n      \"maxDataDiskCount\": 32\r\n
        \   },\r\n    {\r\n      \"name\": \"Standard_E2s_v3\",\r\n      \"numberOfCores\":
        2,\r\n      \"osDiskSizeInMB\": 1047552,\r\n      \"resourceDiskSizeInMB\":
        32768,\r\n      \"memoryInMB\": 16384,\r\n      \"maxDataDiskCount\": 4\r\n
        \   },\r\n    {\r\n      \"name\": \"Standard_E4-2s_v3\",\r\n      \"numberOfCores\":
        4,\r\n      \"osDiskSizeInMB\": 1047552,\r\n      \"resourceDiskSizeInMB\":
        65536,\r\n      \"memoryInMB\": 32768,\r\n      \"maxDataDiskCount\": 8\r\n
        \   },\r\n    {\r\n      \"name\": \"Standard_E4s_v3\",\r\n      \"numberOfCores\":
        4,\r\n      \"osDiskSizeInMB\": 1047552,\r\n      \"resourceDiskSizeInMB\":
        65536,\r\n      \"memoryInMB\": 32768,\r\n      \"maxDataDiskCount\": 8\r\n
        \   },\r\n    {\r\n      \"name\": \"Standard_E8-2s_v3\",\r\n      \"numberOfCores\":
        8,\r\n      \"osDiskSizeInMB\": 1047552,\r\n      \"resourceDiskSizeInMB\":
        131072,\r\n      \"memoryInMB\": 65536,\r\n      \"maxDataDiskCount\": 16\r\n
        \   },\r\n    {\r\n      \"name\": \"Standard_E8-4s_v3\",\r\n      \"numberOfCores\":
        8,\r\n      \"osDiskSizeInMB\": 1047552,\r\n      \"resourceDiskSizeInMB\":
        131072,\r\n      \"memoryInMB\": 65536,\r\n      \"maxDataDiskCount\": 16\r\n
        \   },\r\n    {\r\n      \"name\": \"Standard_E8s_v3\",\r\n      \"numberOfCores\":
        8,\r\n      \"osDiskSizeInMB\": 1047552,\r\n      \"resourceDiskSizeInMB\":
        131072,\r\n      \"memoryInMB\": 65536,\r\n      \"maxDataDiskCount\": 16\r\n
        \   },\r\n    {\r\n      \"name\": \"Standard_E16-4s_v3\",\r\n      \"numberOfCores\":
        16,\r\n      \"osDiskSizeInMB\": 1047552,\r\n      \"resourceDiskSizeInMB\":
        262144,\r\n      \"memoryInMB\": 131072,\r\n      \"maxDataDiskCount\": 32\r\n
        \   },\r\n    {\r\n      \"name\": \"Standard_E16-8s_v3\",\r\n      \"numberOfCores\":
        16,\r\n      \"osDiskSizeInMB\": 1047552,\r\n      \"resourceDiskSizeInMB\":
        262144,\r\n      \"memoryInMB\": 131072,\r\n      \"maxDataDiskCount\": 32\r\n
        \   },\r\n    {\r\n      \"name\": \"Standard_E16s_v3\",\r\n      \"numberOfCores\":
        16,\r\n      \"osDiskSizeInMB\": 1047552,\r\n      \"resourceDiskSizeInMB\":
        262144,\r\n      \"memoryInMB\": 131072,\r\n      \"maxDataDiskCount\": 32\r\n
        \   },\r\n    {\r\n      \"name\": \"Standard_E20s_v3\",\r\n      \"numberOfCores\":
        20,\r\n      \"osDiskSizeInMB\": 1047552,\r\n      \"resourceDiskSizeInMB\":
        327680,\r\n      \"memoryInMB\": 163840,\r\n      \"maxDataDiskCount\": 32\r\n
        \   },\r\n    {\r\n      \"name\": \"Standard_E32-8s_v3\",\r\n      \"numberOfCores\":
        32,\r\n      \"osDiskSizeInMB\": 1047552,\r\n      \"resourceDiskSizeInMB\":
        524288,\r\n      \"memoryInMB\": 262144,\r\n      \"maxDataDiskCount\": 32\r\n
        \   },\r\n    {\r\n      \"name\": \"Standard_E32-16s_v3\",\r\n      \"numberOfCores\":
        32,\r\n      \"osDiskSizeInMB\": 1047552,\r\n      \"resourceDiskSizeInMB\":
        524288,\r\n      \"memoryInMB\": 262144,\r\n      \"maxDataDiskCount\": 32\r\n
        \   },\r\n    {\r\n      \"name\": \"Standard_E32s_v3\",\r\n      \"numberOfCores\":
        32,\r\n      \"osDiskSizeInMB\": 1047552,\r\n      \"resourceDiskSizeInMB\":
        524288,\r\n      \"memoryInMB\": 262144,\r\n      \"maxDataDiskCount\": 32\r\n
        \   },\r\n    {\r\n      \"name\": \"Standard_M8-2ms\",\r\n      \"numberOfCores\":
        8,\r\n      \"osDiskSizeInMB\": 1047552,\r\n      \"resourceDiskSizeInMB\":
        256000,\r\n      \"memoryInMB\": 224000,\r\n      \"maxDataDiskCount\": 8\r\n
        \   },\r\n    {\r\n      \"name\": \"Standard_M8-4ms\",\r\n      \"numberOfCores\":
        8,\r\n      \"osDiskSizeInMB\": 1047552,\r\n      \"resourceDiskSizeInMB\":
        256000,\r\n      \"memoryInMB\": 224000,\r\n      \"maxDataDiskCount\": 8\r\n
        \   },\r\n    {\r\n      \"name\": \"Standard_M8ms\",\r\n      \"numberOfCores\":
        8,\r\n      \"osDiskSizeInMB\": 1047552,\r\n      \"resourceDiskSizeInMB\":
        256000,\r\n      \"memoryInMB\": 224000,\r\n      \"maxDataDiskCount\": 8\r\n
        \   },\r\n    {\r\n      \"name\": \"Standard_M16-4ms\",\r\n      \"numberOfCores\":
        16,\r\n      \"osDiskSizeInMB\": 1047552,\r\n      \"resourceDiskSizeInMB\":
        512000,\r\n      \"memoryInMB\": 448000,\r\n      \"maxDataDiskCount\": 16\r\n
        \   },\r\n    {\r\n      \"name\": \"Standard_M16-8ms\",\r\n      \"numberOfCores\":
        16,\r\n      \"osDiskSizeInMB\": 1047552,\r\n      \"resourceDiskSizeInMB\":
        512000,\r\n      \"memoryInMB\": 448000,\r\n      \"maxDataDiskCount\": 16\r\n
        \   },\r\n    {\r\n      \"name\": \"Standard_M16ms\",\r\n      \"numberOfCores\":
        16,\r\n      \"osDiskSizeInMB\": 1047552,\r\n      \"resourceDiskSizeInMB\":
        512000,\r\n      \"memoryInMB\": 448000,\r\n      \"maxDataDiskCount\": 16\r\n
        \   },\r\n    {\r\n      \"name\": \"Standard_M32-8ms\",\r\n      \"numberOfCores\":
        32,\r\n      \"osDiskSizeInMB\": 1047552,\r\n      \"resourceDiskSizeInMB\":
        1024000,\r\n      \"memoryInMB\": 896000,\r\n      \"maxDataDiskCount\": 32\r\n
        \   },\r\n    {\r\n      \"name\": \"Standard_M32-16ms\",\r\n      \"numberOfCores\":
        32,\r\n      \"osDiskSizeInMB\": 1047552,\r\n      \"resourceDiskSizeInMB\":
        1024000,\r\n      \"memoryInMB\": 896000,\r\n      \"maxDataDiskCount\": 32\r\n
        \   },\r\n    {\r\n      \"name\": \"Standard_M32ls\",\r\n      \"numberOfCores\":
        32,\r\n      \"osDiskSizeInMB\": 1047552,\r\n      \"resourceDiskSizeInMB\":
        1024000,\r\n      \"memoryInMB\": 262144,\r\n      \"maxDataDiskCount\": 32\r\n
        \   },\r\n    {\r\n      \"name\": \"Standard_M32ms\",\r\n      \"numberOfCores\":
        32,\r\n      \"osDiskSizeInMB\": 1047552,\r\n      \"resourceDiskSizeInMB\":
        1024000,\r\n      \"memoryInMB\": 896000,\r\n      \"maxDataDiskCount\": 32\r\n
        \   },\r\n    {\r\n      \"name\": \"Standard_M32ts\",\r\n      \"numberOfCores\":
        32,\r\n      \"osDiskSizeInMB\": 1047552,\r\n      \"resourceDiskSizeInMB\":
        1024000,\r\n      \"memoryInMB\": 196608,\r\n      \"maxDataDiskCount\": 32\r\n
        \   },\r\n    {\r\n      \"name\": \"Standard_M64-16ms\",\r\n      \"numberOfCores\":
        64,\r\n      \"osDiskSizeInMB\": 1047552,\r\n      \"resourceDiskSizeInMB\":
        2048000,\r\n      \"memoryInMB\": 1792000,\r\n      \"maxDataDiskCount\":
        64\r\n    },\r\n    {\r\n      \"name\": \"Standard_M64-32ms\",\r\n      \"numberOfCores\":
        64,\r\n      \"osDiskSizeInMB\": 1047552,\r\n      \"resourceDiskSizeInMB\":
        2048000,\r\n      \"memoryInMB\": 1792000,\r\n      \"maxDataDiskCount\":
        64\r\n    },\r\n    {\r\n      \"name\": \"Standard_M64ls\",\r\n      \"numberOfCores\":
        64,\r\n      \"osDiskSizeInMB\": 1047552,\r\n      \"resourceDiskSizeInMB\":
        2048000,\r\n      \"memoryInMB\": 524288,\r\n      \"maxDataDiskCount\": 64\r\n
        \   },\r\n    {\r\n      \"name\": \"Standard_M64ms\",\r\n      \"numberOfCores\":
        64,\r\n      \"osDiskSizeInMB\": 1047552,\r\n      \"resourceDiskSizeInMB\":
        2048000,\r\n      \"memoryInMB\": 1792000,\r\n      \"maxDataDiskCount\":
        64\r\n    },\r\n    {\r\n      \"name\": \"Standard_M64s\",\r\n      \"numberOfCores\":
        64,\r\n      \"osDiskSizeInMB\": 1047552,\r\n      \"resourceDiskSizeInMB\":
        2048000,\r\n      \"memoryInMB\": 1024000,\r\n      \"maxDataDiskCount\":
        64\r\n    },\r\n    {\r\n      \"name\": \"Standard_M128-32ms\",\r\n      \"numberOfCores\":
        128,\r\n      \"osDiskSizeInMB\": 1047552,\r\n      \"resourceDiskSizeInMB\":
        4096000,\r\n      \"memoryInMB\": 3891200,\r\n      \"maxDataDiskCount\":
        64\r\n    },\r\n    {\r\n      \"name\": \"Standard_M128-64ms\",\r\n      \"numberOfCores\":
        128,\r\n      \"osDiskSizeInMB\": 1047552,\r\n      \"resourceDiskSizeInMB\":
        4096000,\r\n      \"memoryInMB\": 3891200,\r\n      \"maxDataDiskCount\":
        64\r\n    },\r\n    {\r\n      \"name\": \"Standard_M128ms\",\r\n      \"numberOfCores\":
        128,\r\n      \"osDiskSizeInMB\": 1047552,\r\n      \"resourceDiskSizeInMB\":
        4096000,\r\n      \"memoryInMB\": 3891200,\r\n      \"maxDataDiskCount\":
        64\r\n    },\r\n    {\r\n      \"name\": \"Standard_M128s\",\r\n      \"numberOfCores\":
        128,\r\n      \"osDiskSizeInMB\": 1047552,\r\n      \"resourceDiskSizeInMB\":
        4096000,\r\n      \"memoryInMB\": 2048000,\r\n      \"maxDataDiskCount\":
        64\r\n    },\r\n    {\r\n      \"name\": \"Standard_M64\",\r\n      \"numberOfCores\":
        64,\r\n      \"osDiskSizeInMB\": 1047552,\r\n      \"resourceDiskSizeInMB\":
        8192000,\r\n      \"memoryInMB\": 1024000,\r\n      \"maxDataDiskCount\":
        64\r\n    },\r\n    {\r\n      \"name\": \"Standard_M64m\",\r\n      \"numberOfCores\":
        64,\r\n      \"osDiskSizeInMB\": 1047552,\r\n      \"resourceDiskSizeInMB\":
        8192000,\r\n      \"memoryInMB\": 1792000,\r\n      \"maxDataDiskCount\":
        64\r\n    },\r\n    {\r\n      \"name\": \"Standard_M128\",\r\n      \"numberOfCores\":
        128,\r\n      \"osDiskSizeInMB\": 1047552,\r\n      \"resourceDiskSizeInMB\":
        16384000,\r\n      \"memoryInMB\": 2048000,\r\n      \"maxDataDiskCount\":
        64\r\n    },\r\n    {\r\n      \"name\": \"Standard_M128m\",\r\n      \"numberOfCores\":
        128,\r\n      \"osDiskSizeInMB\": 1047552,\r\n      \"resourceDiskSizeInMB\":
        16384000,\r\n      \"memoryInMB\": 3891200,\r\n      \"maxDataDiskCount\":
        64\r\n    },\r\n    {\r\n      \"name\": \"Standard_A0\",\r\n      \"numberOfCores\":
        1,\r\n      \"osDiskSizeInMB\": 1047552,\r\n      \"resourceDiskSizeInMB\":
        20480,\r\n      \"memoryInMB\": 768,\r\n      \"maxDataDiskCount\": 1\r\n
        \   },\r\n    {\r\n      \"name\": \"Standard_A1\",\r\n      \"numberOfCores\":
        1,\r\n      \"osDiskSizeInMB\": 1047552,\r\n      \"resourceDiskSizeInMB\":
        71680,\r\n      \"memoryInMB\": 1792,\r\n      \"maxDataDiskCount\": 2\r\n
        \   },\r\n    {\r\n      \"name\": \"Standard_A2\",\r\n      \"numberOfCores\":
        2,\r\n      \"osDiskSizeInMB\": 1047552,\r\n      \"resourceDiskSizeInMB\":
        138240,\r\n      \"memoryInMB\": 3584,\r\n      \"maxDataDiskCount\": 4\r\n
        \   },\r\n    {\r\n      \"name\": \"Standard_A3\",\r\n      \"numberOfCores\":
        4,\r\n      \"osDiskSizeInMB\": 1047552,\r\n      \"resourceDiskSizeInMB\":
        291840,\r\n      \"memoryInMB\": 7168,\r\n      \"maxDataDiskCount\": 8\r\n
        \   },\r\n    {\r\n      \"name\": \"Standard_A5\",\r\n      \"numberOfCores\":
        2,\r\n      \"osDiskSizeInMB\": 1047552,\r\n      \"resourceDiskSizeInMB\":
        138240,\r\n      \"memoryInMB\": 14336,\r\n      \"maxDataDiskCount\": 4\r\n
        \   },\r\n    {\r\n      \"name\": \"Standard_A4\",\r\n      \"numberOfCores\":
        8,\r\n      \"osDiskSizeInMB\": 1047552,\r\n      \"resourceDiskSizeInMB\":
        619520,\r\n      \"memoryInMB\": 14336,\r\n      \"maxDataDiskCount\": 16\r\n
        \   },\r\n    {\r\n      \"name\": \"Standard_A6\",\r\n      \"numberOfCores\":
        4,\r\n      \"osDiskSizeInMB\": 1047552,\r\n      \"resourceDiskSizeInMB\":
        291840,\r\n      \"memoryInMB\": 28672,\r\n      \"maxDataDiskCount\": 8\r\n
        \   },\r\n    {\r\n      \"name\": \"Standard_A7\",\r\n      \"numberOfCores\":
        8,\r\n      \"osDiskSizeInMB\": 1047552,\r\n      \"resourceDiskSizeInMB\":
        619520,\r\n      \"memoryInMB\": 57344,\r\n      \"maxDataDiskCount\": 16\r\n
        \   },\r\n    {\r\n      \"name\": \"Basic_A0\",\r\n      \"numberOfCores\":
        1,\r\n      \"osDiskSizeInMB\": 1047552,\r\n      \"resourceDiskSizeInMB\":
        20480,\r\n      \"memoryInMB\": 768,\r\n      \"maxDataDiskCount\": 1\r\n
        \   },\r\n    {\r\n      \"name\": \"Basic_A1\",\r\n      \"numberOfCores\":
        1,\r\n      \"osDiskSizeInMB\": 1047552,\r\n      \"resourceDiskSizeInMB\":
        40960,\r\n      \"memoryInMB\": 1792,\r\n      \"maxDataDiskCount\": 2\r\n
        \   },\r\n    {\r\n      \"name\": \"Basic_A2\",\r\n      \"numberOfCores\":
        2,\r\n      \"osDiskSizeInMB\": 1047552,\r\n      \"resourceDiskSizeInMB\":
        61440,\r\n      \"memoryInMB\": 3584,\r\n      \"maxDataDiskCount\": 4\r\n
        \   },\r\n    {\r\n      \"name\": \"Basic_A3\",\r\n      \"numberOfCores\":
        4,\r\n      \"osDiskSizeInMB\": 1047552,\r\n      \"resourceDiskSizeInMB\":
        122880,\r\n      \"memoryInMB\": 7168,\r\n      \"maxDataDiskCount\": 8\r\n
        \   },\r\n    {\r\n      \"name\": \"Basic_A4\",\r\n      \"numberOfCores\":
        8,\r\n      \"osDiskSizeInMB\": 1047552,\r\n      \"resourceDiskSizeInMB\":
        245760,\r\n      \"memoryInMB\": 14336,\r\n      \"maxDataDiskCount\": 16\r\n
        \   },\r\n    {\r\n      \"name\": \"Standard_D1\",\r\n      \"numberOfCores\":
        1,\r\n      \"osDiskSizeInMB\": 1047552,\r\n      \"resourceDiskSizeInMB\":
        51200,\r\n      \"memoryInMB\": 3584,\r\n      \"maxDataDiskCount\": 4\r\n
        \   },\r\n    {\r\n      \"name\": \"Standard_D2\",\r\n      \"numberOfCores\":
        2,\r\n      \"osDiskSizeInMB\": 1047552,\r\n      \"resourceDiskSizeInMB\":
        102400,\r\n      \"memoryInMB\": 7168,\r\n      \"maxDataDiskCount\": 8\r\n
        \   },\r\n    {\r\n      \"name\": \"Standard_D3\",\r\n      \"numberOfCores\":
        4,\r\n      \"osDiskSizeInMB\": 1047552,\r\n      \"resourceDiskSizeInMB\":
        204800,\r\n      \"memoryInMB\": 14336,\r\n      \"maxDataDiskCount\": 16\r\n
        \   },\r\n    {\r\n      \"name\": \"Standard_D4\",\r\n      \"numberOfCores\":
        8,\r\n      \"osDiskSizeInMB\": 1047552,\r\n      \"resourceDiskSizeInMB\":
        409600,\r\n      \"memoryInMB\": 28672,\r\n      \"maxDataDiskCount\": 32\r\n
        \   },\r\n    {\r\n      \"name\": \"Standard_D11\",\r\n      \"numberOfCores\":
        2,\r\n      \"osDiskSizeInMB\": 1047552,\r\n      \"resourceDiskSizeInMB\":
        102400,\r\n      \"memoryInMB\": 14336,\r\n      \"maxDataDiskCount\": 8\r\n
        \   },\r\n    {\r\n      \"name\": \"Standard_D12\",\r\n      \"numberOfCores\":
        4,\r\n      \"osDiskSizeInMB\": 1047552,\r\n      \"resourceDiskSizeInMB\":
        204800,\r\n      \"memoryInMB\": 28672,\r\n      \"maxDataDiskCount\": 16\r\n
        \   },\r\n    {\r\n      \"name\": \"Standard_D13\",\r\n      \"numberOfCores\":
        8,\r\n      \"osDiskSizeInMB\": 1047552,\r\n      \"resourceDiskSizeInMB\":
        409600,\r\n      \"memoryInMB\": 57344,\r\n      \"maxDataDiskCount\": 32\r\n
        \   },\r\n    {\r\n      \"name\": \"Standard_D14\",\r\n      \"numberOfCores\":
        16,\r\n      \"osDiskSizeInMB\": 1047552,\r\n      \"resourceDiskSizeInMB\":
        819200,\r\n      \"memoryInMB\": 114688,\r\n      \"maxDataDiskCount\": 64\r\n
        \   },\r\n    {\r\n      \"name\": \"Standard_DS1\",\r\n      \"numberOfCores\":
        1,\r\n      \"osDiskSizeInMB\": 1047552,\r\n      \"resourceDiskSizeInMB\":
        7168,\r\n      \"memoryInMB\": 3584,\r\n      \"maxDataDiskCount\": 4\r\n
        \   },\r\n    {\r\n      \"name\": \"Standard_DS2\",\r\n      \"numberOfCores\":
        2,\r\n      \"osDiskSizeInMB\": 1047552,\r\n      \"resourceDiskSizeInMB\":
        14336,\r\n      \"memoryInMB\": 7168,\r\n      \"maxDataDiskCount\": 8\r\n
        \   },\r\n    {\r\n      \"name\": \"Standard_DS3\",\r\n      \"numberOfCores\":
        4,\r\n      \"osDiskSizeInMB\": 1047552,\r\n      \"resourceDiskSizeInMB\":
        28672,\r\n      \"memoryInMB\": 14336,\r\n      \"maxDataDiskCount\": 16\r\n
        \   },\r\n    {\r\n      \"name\": \"Standard_DS4\",\r\n      \"numberOfCores\":
        8,\r\n      \"osDiskSizeInMB\": 1047552,\r\n      \"resourceDiskSizeInMB\":
        57344,\r\n      \"memoryInMB\": 28672,\r\n      \"maxDataDiskCount\": 32\r\n
        \   },\r\n    {\r\n      \"name\": \"Standard_DS11\",\r\n      \"numberOfCores\":
        2,\r\n      \"osDiskSizeInMB\": 1047552,\r\n      \"resourceDiskSizeInMB\":
        28672,\r\n      \"memoryInMB\": 14336,\r\n      \"maxDataDiskCount\": 8\r\n
        \   },\r\n    {\r\n      \"name\": \"Standard_DS12\",\r\n      \"numberOfCores\":
        4,\r\n      \"osDiskSizeInMB\": 1047552,\r\n      \"resourceDiskSizeInMB\":
        57344,\r\n      \"memoryInMB\": 28672,\r\n      \"maxDataDiskCount\": 16\r\n
        \   },\r\n    {\r\n      \"name\": \"Standard_DS13\",\r\n      \"numberOfCores\":
        8,\r\n      \"osDiskSizeInMB\": 1047552,\r\n      \"resourceDiskSizeInMB\":
        114688,\r\n      \"memoryInMB\": 57344,\r\n      \"maxDataDiskCount\": 32\r\n
        \   },\r\n    {\r\n      \"name\": \"Standard_DS14\",\r\n      \"numberOfCores\":
        16,\r\n      \"osDiskSizeInMB\": 1047552,\r\n      \"resourceDiskSizeInMB\":
        229376,\r\n      \"memoryInMB\": 114688,\r\n      \"maxDataDiskCount\": 64\r\n
        \   },\r\n    {\r\n      \"name\": \"Standard_PB6s\",\r\n      \"numberOfCores\":
        6,\r\n      \"osDiskSizeInMB\": 1047552,\r\n      \"resourceDiskSizeInMB\":
        344064,\r\n      \"memoryInMB\": 114688,\r\n      \"maxDataDiskCount\": 12\r\n
        \   },\r\n    {\r\n      \"name\": \"Standard_D15_v2\",\r\n      \"numberOfCores\":
        20,\r\n      \"osDiskSizeInMB\": 1047552,\r\n      \"resourceDiskSizeInMB\":
        1024000,\r\n      \"memoryInMB\": 143360,\r\n      \"maxDataDiskCount\": 64\r\n
        \   },\r\n    {\r\n      \"name\": \"Standard_DS15_v2\",\r\n      \"numberOfCores\":
        20,\r\n      \"osDiskSizeInMB\": 1047552,\r\n      \"resourceDiskSizeInMB\":
        286720,\r\n      \"memoryInMB\": 143360,\r\n      \"maxDataDiskCount\": 64\r\n
        \   },\r\n    {\r\n      \"name\": \"Standard_E48_v3\",\r\n      \"numberOfCores\":
        48,\r\n      \"osDiskSizeInMB\": 1047552,\r\n      \"resourceDiskSizeInMB\":
        1228800,\r\n      \"memoryInMB\": 393216,\r\n      \"maxDataDiskCount\": 32\r\n
        \   },\r\n    {\r\n      \"name\": \"Standard_E64i_v3\",\r\n      \"numberOfCores\":
        64,\r\n      \"osDiskSizeInMB\": 1047552,\r\n      \"resourceDiskSizeInMB\":
        1638400,\r\n      \"memoryInMB\": 442368,\r\n      \"maxDataDiskCount\": 32\r\n
        \   },\r\n    {\r\n      \"name\": \"Standard_E64_v3\",\r\n      \"numberOfCores\":
        64,\r\n      \"osDiskSizeInMB\": 1047552,\r\n      \"resourceDiskSizeInMB\":
        1638400,\r\n      \"memoryInMB\": 442368,\r\n      \"maxDataDiskCount\": 32\r\n
        \   },\r\n    {\r\n      \"name\": \"Standard_E48s_v3\",\r\n      \"numberOfCores\":
        48,\r\n      \"osDiskSizeInMB\": 1047552,\r\n      \"resourceDiskSizeInMB\":
        786432,\r\n      \"memoryInMB\": 393216,\r\n      \"maxDataDiskCount\": 32\r\n
        \   },\r\n    {\r\n      \"name\": \"Standard_E64-16s_v3\",\r\n      \"numberOfCores\":
        64,\r\n      \"osDiskSizeInMB\": 1047552,\r\n      \"resourceDiskSizeInMB\":
        884736,\r\n      \"memoryInMB\": 442368,\r\n      \"maxDataDiskCount\": 32\r\n
        \   },\r\n    {\r\n      \"name\": \"Standard_E64-32s_v3\",\r\n      \"numberOfCores\":
        64,\r\n      \"osDiskSizeInMB\": 1047552,\r\n      \"resourceDiskSizeInMB\":
        884736,\r\n      \"memoryInMB\": 442368,\r\n      \"maxDataDiskCount\": 32\r\n
        \   },\r\n    {\r\n      \"name\": \"Standard_E64is_v3\",\r\n      \"numberOfCores\":
        64,\r\n      \"osDiskSizeInMB\": 1047552,\r\n      \"resourceDiskSizeInMB\":
        884736,\r\n      \"memoryInMB\": 442368,\r\n      \"maxDataDiskCount\": 32\r\n
        \   },\r\n    {\r\n      \"name\": \"Standard_E64s_v3\",\r\n      \"numberOfCores\":
        64,\r\n      \"osDiskSizeInMB\": 1047552,\r\n      \"resourceDiskSizeInMB\":
        884736,\r\n      \"memoryInMB\": 442368,\r\n      \"maxDataDiskCount\": 32\r\n
        \   },\r\n    {\r\n      \"name\": \"Standard_HB60rs\",\r\n      \"numberOfCores\":
        60,\r\n      \"osDiskSizeInMB\": 1047552,\r\n      \"resourceDiskSizeInMB\":
        716800,\r\n      \"memoryInMB\": 228881,\r\n      \"maxDataDiskCount\": 4\r\n
        \   },\r\n    {\r\n      \"name\": \"Standard_NV6\",\r\n      \"numberOfCores\":
        6,\r\n      \"osDiskSizeInMB\": 1047552,\r\n      \"resourceDiskSizeInMB\":
        389120,\r\n      \"memoryInMB\": 57344,\r\n      \"maxDataDiskCount\": 24\r\n
        \   },\r\n    {\r\n      \"name\": \"Standard_NV12\",\r\n      \"numberOfCores\":
        12,\r\n      \"osDiskSizeInMB\": 1047552,\r\n      \"resourceDiskSizeInMB\":
        696320,\r\n      \"memoryInMB\": 114688,\r\n      \"maxDataDiskCount\": 48\r\n
        \   },\r\n    {\r\n      \"name\": \"Standard_NV24\",\r\n      \"numberOfCores\":
        24,\r\n      \"osDiskSizeInMB\": 1047552,\r\n      \"resourceDiskSizeInMB\":
        1474560,\r\n      \"memoryInMB\": 229376,\r\n      \"maxDataDiskCount\": 64\r\n
        \   },\r\n    {\r\n      \"name\": \"Standard_NV6_Promo\",\r\n      \"numberOfCores\":
        6,\r\n      \"osDiskSizeInMB\": 1047552,\r\n      \"resourceDiskSizeInMB\":
        389120,\r\n      \"memoryInMB\": 57344,\r\n      \"maxDataDiskCount\": 24\r\n
        \   },\r\n    {\r\n      \"name\": \"Standard_NV12_Promo\",\r\n      \"numberOfCores\":
        12,\r\n      \"osDiskSizeInMB\": 1047552,\r\n      \"resourceDiskSizeInMB\":
        696320,\r\n      \"memoryInMB\": 114688,\r\n      \"maxDataDiskCount\": 48\r\n
        \   },\r\n    {\r\n      \"name\": \"Standard_NV24_Promo\",\r\n      \"numberOfCores\":
        24,\r\n      \"osDiskSizeInMB\": 1047552,\r\n      \"resourceDiskSizeInMB\":
        1474560,\r\n      \"memoryInMB\": 229376,\r\n      \"maxDataDiskCount\": 64\r\n
        \   },\r\n    {\r\n      \"name\": \"Standard_F2s_v2\",\r\n      \"numberOfCores\":
        2,\r\n      \"osDiskSizeInMB\": 1047552,\r\n      \"resourceDiskSizeInMB\":
        16384,\r\n      \"memoryInMB\": 4096,\r\n      \"maxDataDiskCount\": 4\r\n
        \   },\r\n    {\r\n      \"name\": \"Standard_F4s_v2\",\r\n      \"numberOfCores\":
        4,\r\n      \"osDiskSizeInMB\": 1047552,\r\n      \"resourceDiskSizeInMB\":
        32768,\r\n      \"memoryInMB\": 8192,\r\n      \"maxDataDiskCount\": 8\r\n
        \   },\r\n    {\r\n      \"name\": \"Standard_F8s_v2\",\r\n      \"numberOfCores\":
        8,\r\n      \"osDiskSizeInMB\": 1047552,\r\n      \"resourceDiskSizeInMB\":
        65536,\r\n      \"memoryInMB\": 16384,\r\n      \"maxDataDiskCount\": 16\r\n
        \   },\r\n    {\r\n      \"name\": \"Standard_F16s_v2\",\r\n      \"numberOfCores\":
        16,\r\n      \"osDiskSizeInMB\": 1047552,\r\n      \"resourceDiskSizeInMB\":
        131072,\r\n      \"memoryInMB\": 32768,\r\n      \"maxDataDiskCount\": 32\r\n
        \   },\r\n    {\r\n      \"name\": \"Standard_F32s_v2\",\r\n      \"numberOfCores\":
        32,\r\n      \"osDiskSizeInMB\": 1047552,\r\n      \"resourceDiskSizeInMB\":
        262144,\r\n      \"memoryInMB\": 65536,\r\n      \"maxDataDiskCount\": 32\r\n
        \   },\r\n    {\r\n      \"name\": \"Standard_F48s_v2\",\r\n      \"numberOfCores\":
        48,\r\n      \"osDiskSizeInMB\": 1047552,\r\n      \"resourceDiskSizeInMB\":
        393216,\r\n      \"memoryInMB\": 98304,\r\n      \"maxDataDiskCount\": 32\r\n
        \   },\r\n    {\r\n      \"name\": \"Standard_F64s_v2\",\r\n      \"numberOfCores\":
        64,\r\n      \"osDiskSizeInMB\": 1047552,\r\n      \"resourceDiskSizeInMB\":
        524288,\r\n      \"memoryInMB\": 131072,\r\n      \"maxDataDiskCount\": 32\r\n
        \   },\r\n    {\r\n      \"name\": \"Standard_F72s_v2\",\r\n      \"numberOfCores\":
        72,\r\n      \"osDiskSizeInMB\": 1047552,\r\n      \"resourceDiskSizeInMB\":
        589824,\r\n      \"memoryInMB\": 147456,\r\n      \"maxDataDiskCount\": 32\r\n
        \   },\r\n    {\r\n      \"name\": \"Standard_L8s_v2\",\r\n      \"numberOfCores\":
        8,\r\n      \"osDiskSizeInMB\": 1047552,\r\n      \"resourceDiskSizeInMB\":
        1830912,\r\n      \"memoryInMB\": 65536,\r\n      \"maxDataDiskCount\": 16\r\n
        \   },\r\n    {\r\n      \"name\": \"Standard_L16s_v2\",\r\n      \"numberOfCores\":
        16,\r\n      \"osDiskSizeInMB\": 1047552,\r\n      \"resourceDiskSizeInMB\":
        3661824,\r\n      \"memoryInMB\": 131072,\r\n      \"maxDataDiskCount\": 32\r\n
        \   },\r\n    {\r\n      \"name\": \"Standard_L32s_v2\",\r\n      \"numberOfCores\":
        32,\r\n      \"osDiskSizeInMB\": 1047552,\r\n      \"resourceDiskSizeInMB\":
        7323648,\r\n      \"memoryInMB\": 262144,\r\n      \"maxDataDiskCount\": 32\r\n
        \   },\r\n    {\r\n      \"name\": \"Standard_L48s_v2\",\r\n      \"numberOfCores\":
        48,\r\n      \"osDiskSizeInMB\": 1047552,\r\n      \"resourceDiskSizeInMB\":
        10985472,\r\n      \"memoryInMB\": 393216,\r\n      \"maxDataDiskCount\":
        32\r\n    },\r\n    {\r\n      \"name\": \"Standard_L64s_v2\",\r\n      \"numberOfCores\":
        64,\r\n      \"osDiskSizeInMB\": 1047552,\r\n      \"resourceDiskSizeInMB\":
        14647296,\r\n      \"memoryInMB\": 524288,\r\n      \"maxDataDiskCount\":
        32\r\n    },\r\n    {\r\n      \"name\": \"Standard_L80s_v2\",\r\n      \"numberOfCores\":
        80,\r\n      \"osDiskSizeInMB\": 1047552,\r\n      \"resourceDiskSizeInMB\":
        18309120,\r\n      \"memoryInMB\": 655360,\r\n      \"maxDataDiskCount\":
        32\r\n    },\r\n    {\r\n      \"name\": \"Standard_HB120rs_v2\",\r\n      \"numberOfCores\":
        120,\r\n      \"osDiskSizeInMB\": 1047552,\r\n      \"resourceDiskSizeInMB\":
        960000,\r\n      \"memoryInMB\": 480000,\r\n      \"maxDataDiskCount\": 8\r\n
        \   },\r\n    {\r\n      \"name\": \"Standard_NC6s_v3\",\r\n      \"numberOfCores\":
        6,\r\n      \"osDiskSizeInMB\": 1047552,\r\n      \"resourceDiskSizeInMB\":
        344064,\r\n      \"memoryInMB\": 114688,\r\n      \"maxDataDiskCount\": 12\r\n
        \   },\r\n    {\r\n      \"name\": \"Standard_NC12s_v3\",\r\n      \"numberOfCores\":
        12,\r\n      \"osDiskSizeInMB\": 1047552,\r\n      \"resourceDiskSizeInMB\":
        688128,\r\n      \"memoryInMB\": 229376,\r\n      \"maxDataDiskCount\": 24\r\n
        \   },\r\n    {\r\n      \"name\": \"Standard_NC24rs_v3\",\r\n      \"numberOfCores\":
        24,\r\n      \"osDiskSizeInMB\": 1047552,\r\n      \"resourceDiskSizeInMB\":
        1376256,\r\n      \"memoryInMB\": 458752,\r\n      \"maxDataDiskCount\": 32\r\n
        \   },\r\n    {\r\n      \"name\": \"Standard_NC24s_v3\",\r\n      \"numberOfCores\":
        24,\r\n      \"osDiskSizeInMB\": 1047552,\r\n      \"resourceDiskSizeInMB\":
        1376256,\r\n      \"memoryInMB\": 458752,\r\n      \"maxDataDiskCount\": 32\r\n
        \   },\r\n    {\r\n      \"name\": \"Standard_G1\",\r\n      \"numberOfCores\":
        2,\r\n      \"osDiskSizeInMB\": 1047552,\r\n      \"resourceDiskSizeInMB\":
        393216,\r\n      \"memoryInMB\": 28672,\r\n      \"maxDataDiskCount\": 8\r\n
        \   },\r\n    {\r\n      \"name\": \"Standard_G2\",\r\n      \"numberOfCores\":
        4,\r\n      \"osDiskSizeInMB\": 1047552,\r\n      \"resourceDiskSizeInMB\":
        786432,\r\n      \"memoryInMB\": 57344,\r\n      \"maxDataDiskCount\": 16\r\n
        \   },\r\n    {\r\n      \"name\": \"Standard_G3\",\r\n      \"numberOfCores\":
        8,\r\n      \"osDiskSizeInMB\": 1047552,\r\n      \"resourceDiskSizeInMB\":
        1572864,\r\n      \"memoryInMB\": 114688,\r\n      \"maxDataDiskCount\": 32\r\n
        \   },\r\n    {\r\n      \"name\": \"Standard_G4\",\r\n      \"numberOfCores\":
        16,\r\n      \"osDiskSizeInMB\": 1047552,\r\n      \"resourceDiskSizeInMB\":
        3145728,\r\n      \"memoryInMB\": 229376,\r\n      \"maxDataDiskCount\": 64\r\n
        \   },\r\n    {\r\n      \"name\": \"Standard_G5\",\r\n      \"numberOfCores\":
        32,\r\n      \"osDiskSizeInMB\": 1047552,\r\n      \"resourceDiskSizeInMB\":
        6291456,\r\n      \"memoryInMB\": 458752,\r\n      \"maxDataDiskCount\": 64\r\n
        \   },\r\n    {\r\n      \"name\": \"Standard_GS1\",\r\n      \"numberOfCores\":
        2,\r\n      \"osDiskSizeInMB\": 1047552,\r\n      \"resourceDiskSizeInMB\":
        57344,\r\n      \"memoryInMB\": 28672,\r\n      \"maxDataDiskCount\": 8\r\n
        \   },\r\n    {\r\n      \"name\": \"Standard_GS2\",\r\n      \"numberOfCores\":
        4,\r\n      \"osDiskSizeInMB\": 1047552,\r\n      \"resourceDiskSizeInMB\":
        114688,\r\n      \"memoryInMB\": 57344,\r\n      \"maxDataDiskCount\": 16\r\n
        \   },\r\n    {\r\n      \"name\": \"Standard_GS3\",\r\n      \"numberOfCores\":
        8,\r\n      \"osDiskSizeInMB\": 1047552,\r\n      \"resourceDiskSizeInMB\":
        229376,\r\n      \"memoryInMB\": 114688,\r\n      \"maxDataDiskCount\": 32\r\n
        \   },\r\n    {\r\n      \"name\": \"Standard_GS4\",\r\n      \"numberOfCores\":
        16,\r\n      \"osDiskSizeInMB\": 1047552,\r\n      \"resourceDiskSizeInMB\":
        458752,\r\n      \"memoryInMB\": 229376,\r\n      \"maxDataDiskCount\": 64\r\n
        \   },\r\n    {\r\n      \"name\": \"Standard_GS4-4\",\r\n      \"numberOfCores\":
        16,\r\n      \"osDiskSizeInMB\": 1047552,\r\n      \"resourceDiskSizeInMB\":
        458752,\r\n      \"memoryInMB\": 229376,\r\n      \"maxDataDiskCount\": 64\r\n
        \   },\r\n    {\r\n      \"name\": \"Standard_GS4-8\",\r\n      \"numberOfCores\":
        16,\r\n      \"osDiskSizeInMB\": 1047552,\r\n      \"resourceDiskSizeInMB\":
        458752,\r\n      \"memoryInMB\": 229376,\r\n      \"maxDataDiskCount\": 64\r\n
        \   },\r\n    {\r\n      \"name\": \"Standard_GS5\",\r\n      \"numberOfCores\":
        32,\r\n      \"osDiskSizeInMB\": 1047552,\r\n      \"resourceDiskSizeInMB\":
        917504,\r\n      \"memoryInMB\": 458752,\r\n      \"maxDataDiskCount\": 64\r\n
        \   },\r\n    {\r\n      \"name\": \"Standard_GS5-8\",\r\n      \"numberOfCores\":
        32,\r\n      \"osDiskSizeInMB\": 1047552,\r\n      \"resourceDiskSizeInMB\":
        917504,\r\n      \"memoryInMB\": 458752,\r\n      \"maxDataDiskCount\": 64\r\n
        \   },\r\n    {\r\n      \"name\": \"Standard_GS5-16\",\r\n      \"numberOfCores\":
        32,\r\n      \"osDiskSizeInMB\": 1047552,\r\n      \"resourceDiskSizeInMB\":
        917504,\r\n      \"memoryInMB\": 458752,\r\n      \"maxDataDiskCount\": 64\r\n
        \   },\r\n    {\r\n      \"name\": \"Standard_L4s\",\r\n      \"numberOfCores\":
        4,\r\n      \"osDiskSizeInMB\": 1047552,\r\n      \"resourceDiskSizeInMB\":
        694272,\r\n      \"memoryInMB\": 32768,\r\n      \"maxDataDiskCount\": 16\r\n
        \   },\r\n    {\r\n      \"name\": \"Standard_L8s\",\r\n      \"numberOfCores\":
        8,\r\n      \"osDiskSizeInMB\": 1047552,\r\n      \"resourceDiskSizeInMB\":
        1421312,\r\n      \"memoryInMB\": 65536,\r\n      \"maxDataDiskCount\": 32\r\n
        \   },\r\n    {\r\n      \"name\": \"Standard_L16s\",\r\n      \"numberOfCores\":
        16,\r\n      \"osDiskSizeInMB\": 1047552,\r\n      \"resourceDiskSizeInMB\":
        2874368,\r\n      \"memoryInMB\": 131072,\r\n      \"maxDataDiskCount\": 64\r\n
        \   },\r\n    {\r\n      \"name\": \"Standard_L32s\",\r\n      \"numberOfCores\":
        32,\r\n      \"osDiskSizeInMB\": 1047552,\r\n      \"resourceDiskSizeInMB\":
        5765120,\r\n      \"memoryInMB\": 262144,\r\n      \"maxDataDiskCount\": 64\r\n
        \   },\r\n    {\r\n      \"name\": \"Standard_NC6\",\r\n      \"numberOfCores\":
        6,\r\n      \"osDiskSizeInMB\": 1047552,\r\n      \"resourceDiskSizeInMB\":
        389120,\r\n      \"memoryInMB\": 57344,\r\n      \"maxDataDiskCount\": 24\r\n
        \   },\r\n    {\r\n      \"name\": \"Standard_NC12\",\r\n      \"numberOfCores\":
        12,\r\n      \"osDiskSizeInMB\": 1047552,\r\n      \"resourceDiskSizeInMB\":
        696320,\r\n      \"memoryInMB\": 114688,\r\n      \"maxDataDiskCount\": 48\r\n
        \   },\r\n    {\r\n      \"name\": \"Standard_NC24\",\r\n      \"numberOfCores\":
        24,\r\n      \"osDiskSizeInMB\": 1047552,\r\n      \"resourceDiskSizeInMB\":
        1474560,\r\n      \"memoryInMB\": 229376,\r\n      \"maxDataDiskCount\": 64\r\n
        \   },\r\n    {\r\n      \"name\": \"Standard_NC24r\",\r\n      \"numberOfCores\":
        24,\r\n      \"osDiskSizeInMB\": 1047552,\r\n      \"resourceDiskSizeInMB\":
        1474560,\r\n      \"memoryInMB\": 229376,\r\n      \"maxDataDiskCount\": 64\r\n
        \   },\r\n    {\r\n      \"name\": \"Standard_NC6_Promo\",\r\n      \"numberOfCores\":
        6,\r\n      \"osDiskSizeInMB\": 1047552,\r\n      \"resourceDiskSizeInMB\":
        389120,\r\n      \"memoryInMB\": 57344,\r\n      \"maxDataDiskCount\": 24\r\n
        \   },\r\n    {\r\n      \"name\": \"Standard_NC12_Promo\",\r\n      \"numberOfCores\":
        12,\r\n      \"osDiskSizeInMB\": 1047552,\r\n      \"resourceDiskSizeInMB\":
        696320,\r\n      \"memoryInMB\": 114688,\r\n      \"maxDataDiskCount\": 48\r\n
        \   },\r\n    {\r\n      \"name\": \"Standard_NC24_Promo\",\r\n      \"numberOfCores\":
        24,\r\n      \"osDiskSizeInMB\": 1047552,\r\n      \"resourceDiskSizeInMB\":
        1474560,\r\n      \"memoryInMB\": 229376,\r\n      \"maxDataDiskCount\": 64\r\n
        \   },\r\n    {\r\n      \"name\": \"Standard_NC24r_Promo\",\r\n      \"numberOfCores\":
        24,\r\n      \"osDiskSizeInMB\": 1047552,\r\n      \"resourceDiskSizeInMB\":
        1474560,\r\n      \"memoryInMB\": 229376,\r\n      \"maxDataDiskCount\": 64\r\n
        \   },\r\n    {\r\n      \"name\": \"Standard_H8\",\r\n      \"numberOfCores\":
        8,\r\n      \"osDiskSizeInMB\": 1047552,\r\n      \"resourceDiskSizeInMB\":
        1024000,\r\n      \"memoryInMB\": 57344,\r\n      \"maxDataDiskCount\": 32\r\n
        \   },\r\n    {\r\n      \"name\": \"Standard_H8_Promo\",\r\n      \"numberOfCores\":
        8,\r\n      \"osDiskSizeInMB\": 1047552,\r\n      \"resourceDiskSizeInMB\":
        1024000,\r\n      \"memoryInMB\": 57344,\r\n      \"maxDataDiskCount\": 32\r\n
        \   },\r\n    {\r\n      \"name\": \"Standard_H16\",\r\n      \"numberOfCores\":
        16,\r\n      \"osDiskSizeInMB\": 1047552,\r\n      \"resourceDiskSizeInMB\":
        2048000,\r\n      \"memoryInMB\": 114688,\r\n      \"maxDataDiskCount\": 64\r\n
        \   },\r\n    {\r\n      \"name\": \"Standard_H16_Promo\",\r\n      \"numberOfCores\":
        16,\r\n      \"osDiskSizeInMB\": 1047552,\r\n      \"resourceDiskSizeInMB\":
        2048000,\r\n      \"memoryInMB\": 114688,\r\n      \"maxDataDiskCount\": 64\r\n
        \   },\r\n    {\r\n      \"name\": \"Standard_H8m\",\r\n      \"numberOfCores\":
        8,\r\n      \"osDiskSizeInMB\": 1047552,\r\n      \"resourceDiskSizeInMB\":
        1024000,\r\n      \"memoryInMB\": 114688,\r\n      \"maxDataDiskCount\": 32\r\n
        \   },\r\n    {\r\n      \"name\": \"Standard_H8m_Promo\",\r\n      \"numberOfCores\":
        8,\r\n      \"osDiskSizeInMB\": 1047552,\r\n      \"resourceDiskSizeInMB\":
        1024000,\r\n      \"memoryInMB\": 114688,\r\n      \"maxDataDiskCount\": 32\r\n
        \   },\r\n    {\r\n      \"name\": \"Standard_H16m\",\r\n      \"numberOfCores\":
        16,\r\n      \"osDiskSizeInMB\": 1047552,\r\n      \"resourceDiskSizeInMB\":
        2048000,\r\n      \"memoryInMB\": 229376,\r\n      \"maxDataDiskCount\": 64\r\n
        \   },\r\n    {\r\n      \"name\": \"Standard_H16m_Promo\",\r\n      \"numberOfCores\":
        16,\r\n      \"osDiskSizeInMB\": 1047552,\r\n      \"resourceDiskSizeInMB\":
        2048000,\r\n      \"memoryInMB\": 229376,\r\n      \"maxDataDiskCount\": 64\r\n
        \   },\r\n    {\r\n      \"name\": \"Standard_H16r\",\r\n      \"numberOfCores\":
        16,\r\n      \"osDiskSizeInMB\": 1047552,\r\n      \"resourceDiskSizeInMB\":
        2048000,\r\n      \"memoryInMB\": 114688,\r\n      \"maxDataDiskCount\": 64\r\n
        \   },\r\n    {\r\n      \"name\": \"Standard_H16r_Promo\",\r\n      \"numberOfCores\":
        16,\r\n      \"osDiskSizeInMB\": 1047552,\r\n      \"resourceDiskSizeInMB\":
        2048000,\r\n      \"memoryInMB\": 114688,\r\n      \"maxDataDiskCount\": 64\r\n
        \   },\r\n    {\r\n      \"name\": \"Standard_H16mr\",\r\n      \"numberOfCores\":
        16,\r\n      \"osDiskSizeInMB\": 1047552,\r\n      \"resourceDiskSizeInMB\":
        2048000,\r\n      \"memoryInMB\": 229376,\r\n      \"maxDataDiskCount\": 64\r\n
        \   },\r\n    {\r\n      \"name\": \"Standard_H16mr_Promo\",\r\n      \"numberOfCores\":
        16,\r\n      \"osDiskSizeInMB\": 1047552,\r\n      \"resourceDiskSizeInMB\":
        2048000,\r\n      \"memoryInMB\": 229376,\r\n      \"maxDataDiskCount\": 64\r\n
        \   },\r\n    {\r\n      \"name\": \"Standard_ND6s\",\r\n      \"numberOfCores\":
        6,\r\n      \"osDiskSizeInMB\": 1047552,\r\n      \"resourceDiskSizeInMB\":
        344064,\r\n      \"memoryInMB\": 114688,\r\n      \"maxDataDiskCount\": 12\r\n
        \   },\r\n    {\r\n      \"name\": \"Standard_ND12s\",\r\n      \"numberOfCores\":
        12,\r\n      \"osDiskSizeInMB\": 1047552,\r\n      \"resourceDiskSizeInMB\":
        688128,\r\n      \"memoryInMB\": 229376,\r\n      \"maxDataDiskCount\": 24\r\n
        \   },\r\n    {\r\n      \"name\": \"Standard_ND24rs\",\r\n      \"numberOfCores\":
        24,\r\n      \"osDiskSizeInMB\": 1047552,\r\n      \"resourceDiskSizeInMB\":
        1376256,\r\n      \"memoryInMB\": 458752,\r\n      \"maxDataDiskCount\": 32\r\n
        \   },\r\n    {\r\n      \"name\": \"Standard_ND24s\",\r\n      \"numberOfCores\":
        24,\r\n      \"osDiskSizeInMB\": 1047552,\r\n      \"resourceDiskSizeInMB\":
        1376256,\r\n      \"memoryInMB\": 458752,\r\n      \"maxDataDiskCount\": 32\r\n
        \   },\r\n    {\r\n      \"name\": \"Standard_NC6s_v2\",\r\n      \"numberOfCores\":
        6,\r\n      \"osDiskSizeInMB\": 1047552,\r\n      \"resourceDiskSizeInMB\":
        344064,\r\n      \"memoryInMB\": 114688,\r\n      \"maxDataDiskCount\": 12\r\n
        \   },\r\n    {\r\n      \"name\": \"Standard_NC12s_v2\",\r\n      \"numberOfCores\":
        12,\r\n      \"osDiskSizeInMB\": 1047552,\r\n      \"resourceDiskSizeInMB\":
        688128,\r\n      \"memoryInMB\": 229376,\r\n      \"maxDataDiskCount\": 24\r\n
        \   },\r\n    {\r\n      \"name\": \"Standard_NC24rs_v2\",\r\n      \"numberOfCores\":
        24,\r\n      \"osDiskSizeInMB\": 1047552,\r\n      \"resourceDiskSizeInMB\":
        1376256,\r\n      \"memoryInMB\": 458752,\r\n      \"maxDataDiskCount\": 32\r\n
        \   },\r\n    {\r\n      \"name\": \"Standard_NC24s_v2\",\r\n      \"numberOfCores\":
        24,\r\n      \"osDiskSizeInMB\": 1047552,\r\n      \"resourceDiskSizeInMB\":
        1376256,\r\n      \"memoryInMB\": 458752,\r\n      \"maxDataDiskCount\": 32\r\n
        \   },\r\n    {\r\n      \"name\": \"Standard_ND40rs_v2\",\r\n      \"numberOfCores\":
        40,\r\n      \"osDiskSizeInMB\": 1047552,\r\n      \"resourceDiskSizeInMB\":
        2969600,\r\n      \"memoryInMB\": 688128,\r\n      \"maxDataDiskCount\": 8\r\n
        \   },\r\n    {\r\n      \"name\": \"Standard_M208ms_v2\",\r\n      \"numberOfCores\":
        208,\r\n      \"osDiskSizeInMB\": 1047552,\r\n      \"resourceDiskSizeInMB\":
        4194304,\r\n      \"memoryInMB\": 5836800,\r\n      \"maxDataDiskCount\":
        64\r\n    },\r\n    {\r\n      \"name\": \"Standard_M208s_v2\",\r\n      \"numberOfCores\":
        208,\r\n      \"osDiskSizeInMB\": 1047552,\r\n      \"resourceDiskSizeInMB\":
        4194304,\r\n      \"memoryInMB\": 2918400,\r\n      \"maxDataDiskCount\":
        64\r\n    },\r\n    {\r\n      \"name\": \"Standard_M416s_v2\",\r\n      \"numberOfCores\":
        416,\r\n      \"osDiskSizeInMB\": 1047552,\r\n      \"resourceDiskSizeInMB\":
        8388608,\r\n      \"memoryInMB\": 5836800,\r\n      \"maxDataDiskCount\":
        64\r\n    },\r\n    {\r\n      \"name\": \"Standard_M416ms_v2\",\r\n      \"numberOfCores\":
        416,\r\n      \"osDiskSizeInMB\": 1047552,\r\n      \"resourceDiskSizeInMB\":
        8388608,\r\n      \"memoryInMB\": 11673600,\r\n      \"maxDataDiskCount\":
        64\r\n    },\r\n    {\r\n      \"name\": \"Standard_HC44rs\",\r\n      \"numberOfCores\":
        44,\r\n      \"osDiskSizeInMB\": 1047552,\r\n      \"resourceDiskSizeInMB\":
        716800,\r\n      \"memoryInMB\": 335693,\r\n      \"maxDataDiskCount\": 4\r\n
        \   },\r\n    {\r\n      \"name\": \"Standard_NV4as_v4\",\r\n      \"numberOfCores\":
        4,\r\n      \"osDiskSizeInMB\": 1047552,\r\n      \"resourceDiskSizeInMB\":
        90112,\r\n      \"memoryInMB\": 14336,\r\n      \"maxDataDiskCount\": 8\r\n
        \   },\r\n    {\r\n      \"name\": \"Standard_NV8as_v4\",\r\n      \"numberOfCores\":
        8,\r\n      \"osDiskSizeInMB\": 1047552,\r\n      \"resourceDiskSizeInMB\":
        180224,\r\n      \"memoryInMB\": 28672,\r\n      \"maxDataDiskCount\": 16\r\n
        \   },\r\n    {\r\n      \"name\": \"Standard_NV16as_v4\",\r\n      \"numberOfCores\":
        16,\r\n      \"osDiskSizeInMB\": 1047552,\r\n      \"resourceDiskSizeInMB\":
        360448,\r\n      \"memoryInMB\": 57344,\r\n      \"maxDataDiskCount\": 32\r\n
        \   },\r\n    {\r\n      \"name\": \"Standard_NV32as_v4\",\r\n      \"numberOfCores\":
        32,\r\n      \"osDiskSizeInMB\": 1047552,\r\n      \"resourceDiskSizeInMB\":
        720896,\r\n      \"memoryInMB\": 114688,\r\n      \"maxDataDiskCount\": 32\r\n
        \   },\r\n    {\r\n      \"name\": \"Standard_DC2s\",\r\n      \"numberOfCores\":
        2,\r\n      \"osDiskSizeInMB\": 1047552,\r\n      \"resourceDiskSizeInMB\":
        102400,\r\n      \"memoryInMB\": 8192,\r\n      \"maxDataDiskCount\": 2\r\n
        \   },\r\n    {\r\n      \"name\": \"Standard_DC4s\",\r\n      \"numberOfCores\":
        4,\r\n      \"osDiskSizeInMB\": 1047552,\r\n      \"resourceDiskSizeInMB\":
        204800,\r\n      \"memoryInMB\": 16384,\r\n      \"maxDataDiskCount\": 4\r\n
        \   },\r\n    {\r\n      \"name\": \"Standard_NP10s\",\r\n      \"numberOfCores\":
        10,\r\n      \"osDiskSizeInMB\": 1047552,\r\n      \"resourceDiskSizeInMB\":
        753664,\r\n      \"memoryInMB\": 172032,\r\n      \"maxDataDiskCount\": 8\r\n
        \   },\r\n    {\r\n      \"name\": \"Standard_NP20s\",\r\n      \"numberOfCores\":
        20,\r\n      \"osDiskSizeInMB\": 1047552,\r\n      \"resourceDiskSizeInMB\":
        1509376,\r\n      \"memoryInMB\": 344064,\r\n      \"maxDataDiskCount\": 16\r\n
        \   },\r\n    {\r\n      \"name\": \"Standard_NP40s\",\r\n      \"numberOfCores\":
        40,\r\n      \"osDiskSizeInMB\": 1047552,\r\n      \"resourceDiskSizeInMB\":
        3018752,\r\n      \"memoryInMB\": 688128,\r\n      \"maxDataDiskCount\": 32\r\n
        \   },\r\n    {\r\n      \"name\": \"Standard_D2a_v4\",\r\n      \"numberOfCores\":
        2,\r\n      \"osDiskSizeInMB\": 1047552,\r\n      \"resourceDiskSizeInMB\":
        51200,\r\n      \"memoryInMB\": 8192,\r\n      \"maxDataDiskCount\": 4\r\n
        \   },\r\n    {\r\n      \"name\": \"Standard_D4a_v4\",\r\n      \"numberOfCores\":
        4,\r\n      \"osDiskSizeInMB\": 1047552,\r\n      \"resourceDiskSizeInMB\":
        102400,\r\n      \"memoryInMB\": 16384,\r\n      \"maxDataDiskCount\": 8\r\n
        \   },\r\n    {\r\n      \"name\": \"Standard_D8a_v4\",\r\n      \"numberOfCores\":
        8,\r\n      \"osDiskSizeInMB\": 1047552,\r\n      \"resourceDiskSizeInMB\":
        204800,\r\n      \"memoryInMB\": 32768,\r\n      \"maxDataDiskCount\": 16\r\n
        \   },\r\n    {\r\n      \"name\": \"Standard_D16a_v4\",\r\n      \"numberOfCores\":
        16,\r\n      \"osDiskSizeInMB\": 1047552,\r\n      \"resourceDiskSizeInMB\":
        409600,\r\n      \"memoryInMB\": 65536,\r\n      \"maxDataDiskCount\": 32\r\n
        \   },\r\n    {\r\n      \"name\": \"Standard_D32a_v4\",\r\n      \"numberOfCores\":
        32,\r\n      \"osDiskSizeInMB\": 1047552,\r\n      \"resourceDiskSizeInMB\":
        819200,\r\n      \"memoryInMB\": 131072,\r\n      \"maxDataDiskCount\": 32\r\n
        \   },\r\n    {\r\n      \"name\": \"Standard_D2as_v4\",\r\n      \"numberOfCores\":
        2,\r\n      \"osDiskSizeInMB\": 1047552,\r\n      \"resourceDiskSizeInMB\":
        16384,\r\n      \"memoryInMB\": 8192,\r\n      \"maxDataDiskCount\": 4\r\n
        \   },\r\n    {\r\n      \"name\": \"Standard_D4as_v4\",\r\n      \"numberOfCores\":
        4,\r\n      \"osDiskSizeInMB\": 1047552,\r\n      \"resourceDiskSizeInMB\":
        32768,\r\n      \"memoryInMB\": 16384,\r\n      \"maxDataDiskCount\": 8\r\n
        \   },\r\n    {\r\n      \"name\": \"Standard_D8as_v4\",\r\n      \"numberOfCores\":
        8,\r\n      \"osDiskSizeInMB\": 1047552,\r\n      \"resourceDiskSizeInMB\":
        65536,\r\n      \"memoryInMB\": 32768,\r\n      \"maxDataDiskCount\": 16\r\n
        \   },\r\n    {\r\n      \"name\": \"Standard_D16as_v4\",\r\n      \"numberOfCores\":
        16,\r\n      \"osDiskSizeInMB\": 1047552,\r\n      \"resourceDiskSizeInMB\":
        131072,\r\n      \"memoryInMB\": 65536,\r\n      \"maxDataDiskCount\": 32\r\n
        \   },\r\n    {\r\n      \"name\": \"Standard_D32as_v4\",\r\n      \"numberOfCores\":
        32,\r\n      \"osDiskSizeInMB\": 1047552,\r\n      \"resourceDiskSizeInMB\":
        262144,\r\n      \"memoryInMB\": 131072,\r\n      \"maxDataDiskCount\": 32\r\n
        \   },\r\n    {\r\n      \"name\": \"Standard_E2a_v4\",\r\n      \"numberOfCores\":
        2,\r\n      \"osDiskSizeInMB\": 1047552,\r\n      \"resourceDiskSizeInMB\":
        51200,\r\n      \"memoryInMB\": 16384,\r\n      \"maxDataDiskCount\": 4\r\n
        \   },\r\n    {\r\n      \"name\": \"Standard_E4a_v4\",\r\n      \"numberOfCores\":
        4,\r\n      \"osDiskSizeInMB\": 1047552,\r\n      \"resourceDiskSizeInMB\":
        102400,\r\n      \"memoryInMB\": 32768,\r\n      \"maxDataDiskCount\": 8\r\n
        \   },\r\n    {\r\n      \"name\": \"Standard_E8a_v4\",\r\n      \"numberOfCores\":
        8,\r\n      \"osDiskSizeInMB\": 1047552,\r\n      \"resourceDiskSizeInMB\":
        204800,\r\n      \"memoryInMB\": 65536,\r\n      \"maxDataDiskCount\": 16\r\n
        \   },\r\n    {\r\n      \"name\": \"Standard_E16a_v4\",\r\n      \"numberOfCores\":
        16,\r\n      \"osDiskSizeInMB\": 1047552,\r\n      \"resourceDiskSizeInMB\":
        409600,\r\n      \"memoryInMB\": 131072,\r\n      \"maxDataDiskCount\": 32\r\n
        \   },\r\n    {\r\n      \"name\": \"Standard_E20a_v4\",\r\n      \"numberOfCores\":
        20,\r\n      \"osDiskSizeInMB\": 1047552,\r\n      \"resourceDiskSizeInMB\":
        512000,\r\n      \"memoryInMB\": 163840,\r\n      \"maxDataDiskCount\": 32\r\n
        \   },\r\n    {\r\n      \"name\": \"Standard_E32a_v4\",\r\n      \"numberOfCores\":
        32,\r\n      \"osDiskSizeInMB\": 1047552,\r\n      \"resourceDiskSizeInMB\":
        819200,\r\n      \"memoryInMB\": 262144,\r\n      \"maxDataDiskCount\": 32\r\n
        \   },\r\n    {\r\n      \"name\": \"Standard_E2as_v4\",\r\n      \"numberOfCores\":
        2,\r\n      \"osDiskSizeInMB\": 1047552,\r\n      \"resourceDiskSizeInMB\":
        32768,\r\n      \"memoryInMB\": 16384,\r\n      \"maxDataDiskCount\": 4\r\n
        \   },\r\n    {\r\n      \"name\": \"Standard_E4as_v4\",\r\n      \"numberOfCores\":
        4,\r\n      \"osDiskSizeInMB\": 1047552,\r\n      \"resourceDiskSizeInMB\":
        65536,\r\n      \"memoryInMB\": 32768,\r\n      \"maxDataDiskCount\": 8\r\n
        \   },\r\n    {\r\n      \"name\": \"Standard_E8as_v4\",\r\n      \"numberOfCores\":
        8,\r\n      \"osDiskSizeInMB\": 1047552,\r\n      \"resourceDiskSizeInMB\":
        131072,\r\n      \"memoryInMB\": 65536,\r\n      \"maxDataDiskCount\": 16\r\n
        \   },\r\n    {\r\n      \"name\": \"Standard_E16as_v4\",\r\n      \"numberOfCores\":
        16,\r\n      \"osDiskSizeInMB\": 1047552,\r\n      \"resourceDiskSizeInMB\":
        262144,\r\n      \"memoryInMB\": 131072,\r\n      \"maxDataDiskCount\": 32\r\n
        \   },\r\n    {\r\n      \"name\": \"Standard_E20as_v4\",\r\n      \"numberOfCores\":
        20,\r\n      \"osDiskSizeInMB\": 1047552,\r\n      \"resourceDiskSizeInMB\":
        327680,\r\n      \"memoryInMB\": 163840,\r\n      \"maxDataDiskCount\": 32\r\n
        \   },\r\n    {\r\n      \"name\": \"Standard_E32as_v4\",\r\n      \"numberOfCores\":
        32,\r\n      \"osDiskSizeInMB\": 1047552,\r\n      \"resourceDiskSizeInMB\":
        524288,\r\n      \"memoryInMB\": 262144,\r\n      \"maxDataDiskCount\": 32\r\n
        \   },\r\n    {\r\n      \"name\": \"Standard_E48as_v4\",\r\n      \"numberOfCores\":
        48,\r\n      \"osDiskSizeInMB\": 1047552,\r\n      \"resourceDiskSizeInMB\":
        786432,\r\n      \"memoryInMB\": 393216,\r\n      \"maxDataDiskCount\": 32\r\n
        \   },\r\n    {\r\n      \"name\": \"Standard_E64as_v4\",\r\n      \"numberOfCores\":
        64,\r\n      \"osDiskSizeInMB\": 1047552,\r\n      \"resourceDiskSizeInMB\":
        884736,\r\n      \"memoryInMB\": 442368,\r\n      \"maxDataDiskCount\": 32\r\n
        \   },\r\n    {\r\n      \"name\": \"Standard_E96as_v4\",\r\n      \"numberOfCores\":
        96,\r\n      \"osDiskSizeInMB\": 1047552,\r\n      \"resourceDiskSizeInMB\":
        1376256,\r\n      \"memoryInMB\": 688128,\r\n      \"maxDataDiskCount\": 32\r\n
        \   },\r\n    {\r\n      \"name\": \"Standard_NV6s_v2\",\r\n      \"numberOfCores\":
        6,\r\n      \"osDiskSizeInMB\": 1047552,\r\n      \"resourceDiskSizeInMB\":
        344064,\r\n      \"memoryInMB\": 114688,\r\n      \"maxDataDiskCount\": 12\r\n
        \   },\r\n    {\r\n      \"name\": \"Standard_NV12s_v2\",\r\n      \"numberOfCores\":
        12,\r\n      \"osDiskSizeInMB\": 1047552,\r\n      \"resourceDiskSizeInMB\":
        688128,\r\n      \"memoryInMB\": 229376,\r\n      \"maxDataDiskCount\": 24\r\n
        \   },\r\n    {\r\n      \"name\": \"Standard_NV24s_v2\",\r\n      \"numberOfCores\":
        24,\r\n      \"osDiskSizeInMB\": 1047552,\r\n      \"resourceDiskSizeInMB\":
        1376256,\r\n      \"memoryInMB\": 458752,\r\n      \"maxDataDiskCount\": 32\r\n
        \   },\r\n    {\r\n      \"name\": \"Standard_NV12s_v3\",\r\n      \"numberOfCores\":
        12,\r\n      \"osDiskSizeInMB\": 1047552,\r\n      \"resourceDiskSizeInMB\":
        344064,\r\n      \"memoryInMB\": 114688,\r\n      \"maxDataDiskCount\": 12\r\n
        \   },\r\n    {\r\n      \"name\": \"Standard_NV24s_v3\",\r\n      \"numberOfCores\":
        24,\r\n      \"osDiskSizeInMB\": 1047552,\r\n      \"resourceDiskSizeInMB\":
        688128,\r\n      \"memoryInMB\": 229376,\r\n      \"maxDataDiskCount\": 24\r\n
        \   },\r\n    {\r\n      \"name\": \"Standard_NV48s_v3\",\r\n      \"numberOfCores\":
        48,\r\n      \"osDiskSizeInMB\": 1047552,\r\n      \"resourceDiskSizeInMB\":
        1376256,\r\n      \"memoryInMB\": 458752,\r\n      \"maxDataDiskCount\": 32\r\n
        \   },\r\n    {\r\n      \"name\": \"Standard_A8\",\r\n      \"numberOfCores\":
        8,\r\n      \"osDiskSizeInMB\": 1047552,\r\n      \"resourceDiskSizeInMB\":
        391168,\r\n      \"memoryInMB\": 57344,\r\n      \"maxDataDiskCount\": 32\r\n
        \   },\r\n    {\r\n      \"name\": \"Standard_A9\",\r\n      \"numberOfCores\":
        16,\r\n      \"osDiskSizeInMB\": 1047552,\r\n      \"resourceDiskSizeInMB\":
        391168,\r\n      \"memoryInMB\": 114688,\r\n      \"maxDataDiskCount\": 64\r\n
        \   },\r\n    {\r\n      \"name\": \"Standard_A10\",\r\n      \"numberOfCores\":
        8,\r\n      \"osDiskSizeInMB\": 1047552,\r\n      \"resourceDiskSizeInMB\":
        391168,\r\n      \"memoryInMB\": 57344,\r\n      \"maxDataDiskCount\": 32\r\n
        \   },\r\n    {\r\n      \"name\": \"Standard_A11\",\r\n      \"numberOfCores\":
        16,\r\n      \"osDiskSizeInMB\": 1047552,\r\n      \"resourceDiskSizeInMB\":
        391168,\r\n      \"memoryInMB\": 114688,\r\n      \"maxDataDiskCount\": 64\r\n
        \   }\r\n  ]\r\n}"
    headers:
      cache-control:
      - no-cache
      content-length:
      - '59636'
      content-type:
      - application/json; charset=utf-8
      date:
      - Thu, 26 Mar 2020 13:47:00 GMT
      expires:
      - '-1'
      pragma:
      - no-cache
      server:
      - Microsoft-HTTPAPI/2.0
      - Microsoft-HTTPAPI/2.0
      strict-transport-security:
      - max-age=31536000; includeSubDomains
      transfer-encoding:
      - chunked
      vary:
      - Accept-Encoding
      x-content-type-options:
      - nosniff
      x-ms-ratelimit-remaining-resource:
      - Microsoft.Compute/GetSubscriptionInfo3Min;419
    status:
      code: 200
      message: OK
- request:
    body: null
    headers:
      Accept:
      - application/json
      Accept-Encoding:
      - gzip, deflate
      CommandName:
      - vm create
      Connection:
      - keep-alive
      ParameterSetName:
      - -n --image -g --size --host-group --host --generate-ssh-keys
      User-Agent:
      - python/3.8.2 (Windows-10-10.0.18362-SP0) msrest/0.6.11 msrest_azure/0.6.3
        azure-mgmt-resource/8.0.1 Azure-SDK-For-Python AZURECLI/2.2.0
      accept-language:
      - en-US
    method: GET
    uri: https://management.azure.com/subscriptions/00000000-0000-0000-0000-000000000000/providers/Microsoft.Compute?api-version=2019-07-01
  response:
    body:
      string: '{"id":"/subscriptions/00000000-0000-0000-0000-000000000000/providers/Microsoft.Compute","namespace":"Microsoft.Compute","authorizations":[{"applicationId":"60e6cd67-9c8c-4951-9b3c-23c25a2169af","roleDefinitionId":"e4770acb-272e-4dc8-87f3-12f44a612224"},{"applicationId":"a303894e-f1d8-4a37-bf10-67aa654a0596","roleDefinitionId":"903ac751-8ad5-4e5a-bfc2-5e49f450a241"},{"applicationId":"a8b6bf88-1d1a-4626-b040-9a729ea93c65","roleDefinitionId":"45c8267c-80ba-4b96-9a43-115b8f49fccd"},{"applicationId":"184909ca-69f1-4368-a6a7-c558ee6eb0bd","roleDefinitionId":"45c8267c-80ba-4b96-9a43-115b8f49fccd"},{"applicationId":"5e5e43d4-54da-4211-86a4-c6e7f3715801","roleDefinitionId":"ffcd6e5b-8772-457d-bb17-89703c03428f"},{"applicationId":"ce6ff14a-7fdc-4685-bbe0-f6afdfcfa8e0","roleDefinitionId":"cb17cddc-dbac-4ae0-ae79-8db34eddfca0"},{"applicationId":"372140e0-b3b7-4226-8ef9-d57986796201","roleDefinitionId":"cb17cddc-dbac-4ae0-ae79-8db34eddfca0"},{"applicationId":"b9a92e36-2cf8-4f4e-bcb3-9d99e00e14ab","roleDefinitionId":"6efa92ca-56b6-40af-a468-5e3d2b5232f0"}],"resourceTypes":[{"resourceType":"availabilitySets","locations":["East
        US","East US 2","West US","Central US","North Central US","South Central US","North
        Europe","West Europe","East Asia","Southeast Asia","Japan East","Japan West","Australia
        East","Australia Southeast","Australia Central","Brazil South","South India","Central
        India","West India","Canada Central","Canada East","West US 2","West Central
        US","UK South","UK West","Korea Central","Korea South","France Central","South
        Africa North","UAE North","Switzerland North","Germany West Central","Norway
        East","East US 2 EUAP","Central US EUAP"],"apiVersions":["2019-12-01","2019-07-01","2019-03-01","2018-10-01","2018-06-01","2018-04-01","2017-12-01","2017-03-30","2016-08-30","2016-04-30-preview","2016-03-30","2015-06-15","2015-05-01-preview"],"defaultApiVersion":"2018-06-01","apiProfiles":[{"profileVersion":"2017-03-09-profile","apiVersion":"2016-03-30"},{"profileVersion":"2018-03-01-hybrid","apiVersion":"2017-03-30"},{"profileVersion":"2018-06-01-profile","apiVersion":"2017-12-01"}],"capabilities":"CrossResourceGroupResourceMove,
        CrossSubscriptionResourceMove, SupportsTags, SupportsLocation"},{"resourceType":"virtualMachines","locations":["East
        US","East US 2","West US","Central US","North Central US","South Central US","North
        Europe","West Europe","East Asia","Southeast Asia","Japan East","Japan West","Australia
        East","Australia Southeast","Australia Central","Brazil South","South India","Central
        India","West India","Canada Central","Canada East","West US 2","West Central
        US","UK South","UK West","Korea Central","Korea South","France Central","South
        Africa North","UAE North","Switzerland North","Germany West Central","Norway
        East","East US 2 EUAP","Central US EUAP"],"apiVersions":["2019-12-01","2019-07-01","2019-03-01","2018-10-01","2018-06-01","2018-04-01","2017-12-01","2017-03-30","2016-08-30","2016-04-30-preview","2016-03-30","2015-06-15","2015-05-01-preview"],"defaultApiVersion":"2018-06-01","apiProfiles":[{"profileVersion":"2017-03-09-profile","apiVersion":"2016-03-30"},{"profileVersion":"2018-03-01-hybrid","apiVersion":"2017-03-30"},{"profileVersion":"2018-06-01-profile","apiVersion":"2017-12-01"}],"zoneMappings":[{"location":"East
        US 2","zones":["2","3","1"]},{"location":"Central US","zones":["2","3","1"]},{"location":"West
        Europe","zones":["2","3","1"]},{"location":"East US 2 EUAP","zones":["1","2","3"]},{"location":"Central
        US EUAP","zones":["1","2"]},{"location":"France Central","zones":["2","3","1"]},{"location":"Southeast
        Asia","zones":["2","3","1"]},{"location":"West US 2","zones":["2","3","1"]},{"location":"North
        Europe","zones":["2","3","1"]},{"location":"East US","zones":["2","3","1"]},{"location":"UK
        South","zones":["2","3","1"]},{"location":"Japan East","zones":["2","3","1"]},{"location":"Australia
        East","zones":[]},{"location":"South Africa North","zones":[]},{"location":"South
        Central US","zones":[]},{"location":"Canada Central","zones":[]}],"capabilities":"CrossResourceGroupResourceMove,
        CrossSubscriptionResourceMove, SystemAssignedResourceIdentity, SupportsTags,
        SupportsLocation"},{"resourceType":"virtualMachines/extensions","locations":["East
        US","East US 2","West US","Central US","North Central US","South Central US","North
        Europe","West Europe","East Asia","Southeast Asia","Japan East","Japan West","Australia
        East","Australia Southeast","Australia Central","Brazil South","South India","Central
        India","West India","Canada Central","Canada East","West US 2","West Central
        US","UK South","UK West","Korea Central","Korea South","France Central","South
        Africa North","UAE North","Switzerland North","Germany West Central","Norway
        East","East US 2 EUAP","Central US EUAP"],"apiVersions":["2019-12-01","2019-07-01","2019-03-01","2018-10-01","2018-06-01","2018-04-01","2017-12-01","2017-03-30","2016-08-30","2016-04-30-preview","2016-03-30","2015-06-15","2015-05-01-preview"],"defaultApiVersion":"2018-06-01","apiProfiles":[{"profileVersion":"2017-03-09-profile","apiVersion":"2016-03-30"},{"profileVersion":"2018-03-01-hybrid","apiVersion":"2017-03-30"},{"profileVersion":"2018-06-01-profile","apiVersion":"2017-12-01"}],"capabilities":"CrossResourceGroupResourceMove,
        CrossSubscriptionResourceMove, SupportsTags, SupportsLocation"},{"resourceType":"virtualMachineScaleSets","locations":["East
        US","East US 2","West US","Central US","North Central US","South Central US","North
        Europe","West Europe","East Asia","Southeast Asia","Japan East","Japan West","Australia
        East","Australia Southeast","Australia Central","Brazil South","South India","Central
        India","West India","Canada Central","Canada East","West US 2","West Central
        US","UK South","UK West","Korea Central","Korea South","France Central","South
        Africa North","UAE North","Switzerland North","Germany West Central","Norway
        East","East US 2 EUAP","Central US EUAP"],"apiVersions":["2019-12-01","2019-07-01","2019-03-01","2018-10-01","2018-06-01","2018-04-01","2017-12-01","2017-10-30-preview","2017-03-30","2016-08-30","2016-04-30-preview","2016-03-30","2015-06-15","2015-05-01-preview"],"defaultApiVersion":"2018-06-01","apiProfiles":[{"profileVersion":"2017-03-09-profile","apiVersion":"2016-03-30"},{"profileVersion":"2018-03-01-hybrid","apiVersion":"2017-03-30"},{"profileVersion":"2018-06-01-profile","apiVersion":"2017-12-01"}],"zoneMappings":[{"location":"East
        US 2","zones":["2","3","1"]},{"location":"Central US","zones":["2","3","1"]},{"location":"West
        Europe","zones":["2","3","1"]},{"location":"East US 2 EUAP","zones":["1","2","3"]},{"location":"Central
        US EUAP","zones":["1","2"]},{"location":"France Central","zones":["2","3","1"]},{"location":"Southeast
        Asia","zones":["2","3","1"]},{"location":"West US 2","zones":["2","3","1"]},{"location":"North
        Europe","zones":["2","3","1"]},{"location":"East US","zones":["2","3","1"]},{"location":"UK
        South","zones":["2","3","1"]},{"location":"Japan East","zones":["2","3","1"]},{"location":"Australia
        East","zones":[]},{"location":"South Africa North","zones":[]},{"location":"South
        Central US","zones":[]},{"location":"Canada Central","zones":[]}],"capabilities":"CrossResourceGroupResourceMove,
        CrossSubscriptionResourceMove, SystemAssignedResourceIdentity, SupportsTags,
        SupportsLocation"},{"resourceType":"virtualMachineScaleSets/extensions","locations":["East
        US","East US 2","West US","Central US","North Central US","South Central US","North
        Europe","West Europe","East Asia","Southeast Asia","Japan East","Japan West","Australia
        East","Australia Southeast","Australia Central","Brazil South","South India","Central
        India","West India","Canada Central","Canada East","West US 2","West Central
        US","UK South","UK West","Korea Central","Korea South","France Central","South
        Africa North","UAE North","Switzerland North","Germany West Central","Norway
        East","East US 2 EUAP","Central US EUAP"],"apiVersions":["2019-12-01","2019-07-01","2019-03-01","2018-10-01","2018-06-01","2018-04-01","2017-12-01","2017-10-30-preview","2017-03-30","2016-08-30","2016-04-30-preview","2016-03-30","2015-06-15","2015-05-01-preview"],"defaultApiVersion":"2015-06-15","apiProfiles":[{"profileVersion":"2017-03-09-profile","apiVersion":"2016-03-30"},{"profileVersion":"2018-03-01-hybrid","apiVersion":"2017-03-30"},{"profileVersion":"2018-06-01-profile","apiVersion":"2017-12-01"}],"capabilities":"None"},{"resourceType":"virtualMachineScaleSets/virtualMachines","locations":["East
        US","East US 2","West US","Central US","North Central US","South Central US","North
        Europe","West Europe","East Asia","Southeast Asia","Japan East","Japan West","Australia
        East","Australia Southeast","Australia Central","Brazil South","South India","Central
        India","West India","Canada Central","Canada East","West US 2","West Central
        US","UK South","UK West","Korea Central","Korea South","France Central","South
        Africa North","UAE North","Switzerland North","Germany West Central","Norway
        East","East US 2 EUAP","Central US EUAP"],"apiVersions":["2019-12-01","2019-07-01","2019-03-01","2018-10-01","2018-06-01","2018-04-01","2017-12-01","2017-10-30-preview","2017-03-30","2016-08-30","2016-04-30-preview","2016-03-30","2015-06-15","2015-05-01-preview"],"defaultApiVersion":"2018-06-01","apiProfiles":[{"profileVersion":"2017-03-09-profile","apiVersion":"2016-03-30"},{"profileVersion":"2018-03-01-hybrid","apiVersion":"2017-03-30"},{"profileVersion":"2018-06-01-profile","apiVersion":"2017-12-01"}],"capabilities":"None"},{"resourceType":"virtualMachineScaleSets/networkInterfaces","locations":["East
        US","East US 2","West US","Central US","North Central US","South Central US","North
        Europe","West Europe","East Asia","Southeast Asia","Japan East","Japan West","Australia
        East","Australia Southeast","Australia Central","Brazil South","South India","Central
        India","West India","Canada Central","Canada East","West US 2","West Central
        US","UK South","UK West","Korea Central","Korea South","France Central","South
        Africa North","UAE North","Switzerland North","Germany West Central","Norway
        East","East US 2 EUAP","Central US EUAP"],"apiVersions":["2019-12-01","2019-07-01","2019-03-01","2018-10-01","2018-06-01","2018-04-01","2017-12-01","2017-03-30","2016-09-01","2016-08-01","2016-07-01","2016-06-01","2016-04-30-preview","2016-03-30","2015-06-15","2015-05-01-preview"],"apiProfiles":[{"profileVersion":"2017-03-09-profile","apiVersion":"2016-03-30"},{"profileVersion":"2018-03-01-hybrid","apiVersion":"2017-03-30"},{"profileVersion":"2018-06-01-profile","apiVersion":"2017-12-01"}],"capabilities":"None"},{"resourceType":"virtualMachineScaleSets/virtualMachines/networkInterfaces","locations":["East
        US","East US 2","West US","Central US","North Central US","South Central US","North
        Europe","West Europe","East Asia","Southeast Asia","Japan East","Japan West","Australia
        East","Australia Southeast","Australia Central","Brazil South","South India","Central
        India","West India","Canada Central","Canada East","West US 2","West Central
        US","UK South","UK West","Korea Central","Korea South","France Central","South
        Africa North","UAE North","Switzerland North","Germany West Central","Norway
        East","East US 2 EUAP","Central US EUAP"],"apiVersions":["2019-12-01","2019-07-01","2019-03-01","2018-10-01","2018-06-01","2018-04-01","2017-12-01","2017-03-30","2016-09-01","2016-08-01","2016-07-01","2016-06-01","2016-04-30-preview","2016-03-30","2015-06-15","2015-05-01-preview"],"apiProfiles":[{"profileVersion":"2017-03-09-profile","apiVersion":"2016-03-30"},{"profileVersion":"2018-03-01-hybrid","apiVersion":"2017-03-30"},{"profileVersion":"2018-06-01-profile","apiVersion":"2017-12-01"}],"capabilities":"None"},{"resourceType":"virtualMachineScaleSets/publicIPAddresses","locations":["East
        US","East US 2","West US","Central US","North Central US","South Central US","North
        Europe","West Europe","East Asia","Southeast Asia","Japan East","Japan West","Australia
        East","Australia Southeast","Australia Central","Brazil South","South India","Central
        India","West India","Canada Central","Canada East","West US 2","West Central
        US","UK South","UK West","Korea Central","Korea South","France Central","South
        Africa North","UAE North","Switzerland North","Germany West Central","Norway
        East","East US 2 EUAP","Central US EUAP"],"apiVersions":["2019-12-01","2019-07-01","2019-03-01","2018-10-01","2018-06-01","2018-04-01","2017-12-01","2017-03-30"],"apiProfiles":[{"profileVersion":"2018-03-01-hybrid","apiVersion":"2017-03-30"},{"profileVersion":"2018-06-01-profile","apiVersion":"2017-12-01"}],"capabilities":"None"},{"resourceType":"locations","locations":[],"apiVersions":["2019-12-01","2019-07-01","2019-03-01","2018-10-01","2018-06-01","2018-04-01","2017-12-01","2017-03-30","2016-08-30","2016-04-30-preview","2016-03-30","2015-06-15","2015-05-01-preview"],"capabilities":"None"},{"resourceType":"locations/operations","locations":["East
        US","East US 2","West US","Central US","North Central US","South Central US","North
        Europe","West Europe","East Asia","Southeast Asia","Japan East","Japan West","Australia
        East","Australia Southeast","Australia Central","Brazil South","South India","Central
        India","West India","Canada Central","Canada East","West US 2","West Central
        US","UK South","UK West","Korea Central","Korea South","France Central","South
        Africa North","UAE North","Switzerland North","Germany West Central","Norway
        East","East US 2 EUAP","Central US EUAP"],"apiVersions":["2019-12-01","2019-07-01","2019-03-01","2018-10-01","2018-06-01","2018-04-01","2017-12-01","2017-10-30-preview","2017-03-30","2016-08-30","2016-04-30-preview","2016-03-30","2015-06-15","2015-05-01-preview"],"apiProfiles":[{"profileVersion":"2017-03-09-profile","apiVersion":"2016-03-30"},{"profileVersion":"2018-03-01-hybrid","apiVersion":"2017-03-30"},{"profileVersion":"2018-06-01-profile","apiVersion":"2017-12-01"}],"capabilities":"None"},{"resourceType":"locations/vmSizes","locations":["East
        US","East US 2","West US","Central US","North Central US","South Central US","North
        Europe","West Europe","East Asia","Southeast Asia","Japan East","Japan West","Australia
        East","Australia Southeast","Australia Central","Brazil South","South India","Central
        India","West India","Canada Central","Canada East","West US 2","West Central
        US","UK South","UK West","Korea Central","Korea South","France Central","South
        Africa North","UAE North","Switzerland North","Germany West Central","Norway
        East","East US 2 EUAP","Central US EUAP"],"apiVersions":["2019-12-01","2019-07-01","2019-03-01","2018-10-01","2018-06-01","2018-04-01","2017-12-01","2017-03-30","2016-08-30","2016-04-30-preview","2016-03-30","2015-06-15","2015-05-01-preview"],"apiProfiles":[{"profileVersion":"2017-03-09-profile","apiVersion":"2016-03-30"},{"profileVersion":"2018-03-01-hybrid","apiVersion":"2017-03-30"},{"profileVersion":"2018-06-01-profile","apiVersion":"2017-12-01"}],"capabilities":"None"},{"resourceType":"locations/runCommands","locations":["East
        US","East US 2","West US","Central US","North Central US","South Central US","North
        Europe","West Europe","East Asia","Southeast Asia","Japan East","Japan West","Australia
        East","Australia Southeast","Australia Central","Brazil South","South India","Central
        India","West India","Canada Central","Canada East","West US 2","West Central
        US","UK South","UK West","Korea Central","Korea South","France Central","South
        Africa North","UAE North","Switzerland North","Germany West Central","Norway
        East","East US 2 EUAP","Central US EUAP"],"apiVersions":["2019-12-01","2019-07-01","2019-03-01","2018-10-01","2018-06-01","2018-04-01","2017-12-01","2017-03-30"],"apiProfiles":[{"profileVersion":"2018-03-01-hybrid","apiVersion":"2017-03-30"},{"profileVersion":"2018-06-01-profile","apiVersion":"2017-12-01"}],"capabilities":"None"},{"resourceType":"locations/usages","locations":["East
        US","East US 2","West US","Central US","North Central US","South Central US","North
        Europe","West Europe","East Asia","Southeast Asia","Japan East","Japan West","Australia
        East","Australia Southeast","Australia Central","Brazil South","South India","Central
        India","West India","Canada Central","Canada East","West US 2","West Central
        US","UK South","UK West","Korea Central","Korea South","France Central","South
        Africa North","UAE North","Switzerland North","Germany West Central","Norway
        East","East US 2 EUAP","Central US EUAP"],"apiVersions":["2019-12-01","2019-07-01","2019-03-01","2018-10-01","2018-06-01","2018-04-01","2017-12-01","2017-03-30","2016-08-30","2016-04-30-preview","2016-03-30","2015-06-15","2015-05-01-preview"],"apiProfiles":[{"profileVersion":"2017-03-09-profile","apiVersion":"2016-03-30"},{"profileVersion":"2018-03-01-hybrid","apiVersion":"2017-03-30"},{"profileVersion":"2018-06-01-profile","apiVersion":"2017-12-01"}],"capabilities":"None"},{"resourceType":"locations/virtualMachines","locations":["East
        US","East US 2","West US","Central US","North Central US","South Central US","North
        Europe","West Europe","East Asia","Southeast Asia","Japan East","Japan West","Australia
        East","Australia Southeast","Australia Central","Brazil South","South India","Central
        India","West India","Canada Central","Canada East","West US 2","West Central
        US","UK South","UK West","Korea Central","Korea South","France Central","South
        Africa North","UAE North","Switzerland North","Germany West Central","Norway
        East","East US 2 EUAP","Central US EUAP"],"apiVersions":["2019-12-01","2019-07-01","2019-03-01","2018-10-01","2018-06-01","2018-04-01","2017-12-01","2017-03-30","2016-08-30"],"defaultApiVersion":"2018-06-01","apiProfiles":[{"profileVersion":"2018-03-01-hybrid","apiVersion":"2017-03-30"},{"profileVersion":"2018-06-01-profile","apiVersion":"2017-12-01"}],"capabilities":"None"},{"resourceType":"locations/publishers","locations":["East
        US","East US 2","West US","Central US","North Central US","South Central US","North
        Europe","West Europe","East Asia","Southeast Asia","Japan East","Japan West","Australia
        East","Australia Southeast","Australia Central","Brazil South","South India","Central
        India","West India","Canada Central","Canada East","West US 2","West Central
        US","UK South","UK West","Korea Central","Korea South","France Central","South
        Africa North","UAE North","Switzerland North","Germany West Central","Norway
        East","East US 2 EUAP","Central US EUAP"],"apiVersions":["2019-12-01","2019-07-01","2019-03-01","2018-10-01","2018-06-01","2018-04-01","2017-12-01","2017-03-30","2016-08-30","2016-04-30-preview","2016-03-30","2015-06-15","2015-05-01-preview"],"apiProfiles":[{"profileVersion":"2017-03-09-profile","apiVersion":"2016-03-30"},{"profileVersion":"2018-03-01-hybrid","apiVersion":"2017-03-30"},{"profileVersion":"2018-06-01-profile","apiVersion":"2017-12-01"}],"capabilities":"None"},{"resourceType":"operations","locations":["East
        US","East US 2","West US","Central US","North Central US","South Central US","North
        Europe","West Europe","East Asia","Southeast Asia","Japan East","Japan West","Australia
        East","Australia Southeast","Australia Central","Brazil South","South India","Central
        India","West India","Canada Central","Canada East","West US 2","West Central
        US","UK South","UK West","Korea Central","Korea South","France Central","South
        Africa North","UAE North","Switzerland North","Germany West Central","Norway
        East","East US 2 EUAP","Central US EUAP"],"apiVersions":["2019-12-01","2019-07-01","2019-03-01","2018-10-01","2018-06-01","2018-04-01","2017-12-01","2017-03-30","2016-08-30","2016-03-30","2015-06-15","2015-05-01-preview"],"capabilities":"None"},{"resourceType":"restorePointCollections","locations":["Southeast
        Asia","East US 2","Central US","West Europe","East US","North Central US","South
        Central US","West US","North Europe","East Asia","Brazil South","West US 2","West
        Central US","UK West","UK South","Japan East","Japan West","Canada Central","Canada
        East","Central India","South India","Australia East","Australia Southeast","Korea
        Central","Korea South","West India","France Central","South Africa North","UAE
        North","Australia Central","Switzerland North","Germany West Central","Norway
        East","East US 2 EUAP","Central US EUAP"],"apiVersions":["2019-12-01","2019-07-01","2019-03-01","2018-10-01","2018-06-01","2018-04-01","2017-12-01","2017-03-30"],"defaultApiVersion":"2018-06-01","capabilities":"SupportsTags,
        SupportsLocation"},{"resourceType":"restorePointCollections/restorePoints","locations":["Southeast
        Asia","East US 2","Central US","West Europe","East US","North Central US","South
        Central US","West US","North Europe","East Asia","Brazil South","West US 2","West
        Central US","UK West","UK South","Japan East","Japan West","Canada Central","Canada
        East","Central India","South India","Australia East","Australia Southeast","Korea
        Central","Korea South","West India","France Central","South Africa North","UAE
        North","Australia Central","Switzerland North","Germany West Central","Norway
        East","East US 2 EUAP","Central US EUAP"],"apiVersions":["2019-12-01","2019-07-01","2019-03-01","2018-10-01","2018-06-01","2018-04-01","2017-12-01","2017-03-30"],"capabilities":"None"},{"resourceType":"proximityPlacementGroups","locations":["East
        US","East US 2","West US","Central US","North Central US","South Central US","North
        Europe","West Europe","East Asia","Southeast Asia","Japan East","Japan West","Australia
        East","Australia Southeast","Australia Central","Brazil South","South India","Central
        India","West India","Canada Central","Canada East","West US 2","West Central
        US","UK South","UK West","Korea Central","Korea South","France Central","South
        Africa North","UAE North","Switzerland North","Germany West Central","Norway
        East","East US 2 EUAP","Central US EUAP"],"apiVersions":["2019-12-01","2019-07-01","2019-03-01","2018-10-01","2018-06-01","2018-04-01"],"defaultApiVersion":"2018-06-01","capabilities":"CrossResourceGroupResourceMove,
        CrossSubscriptionResourceMove, SupportsTags, SupportsLocation"},{"resourceType":"sshPublicKeys","locations":["East
        US","East US 2","West US","Central US","North Central US","South Central US","North
        Europe","West Europe","East Asia","Southeast Asia","Japan East","Japan West","Australia
        East","Australia Southeast","Australia Central","Brazil South","South India","Central
        India","West India","Canada Central","Canada East","West US 2","West Central
        US","UK South","UK West","Korea Central","Korea South","France Central","South
        Africa North","UAE North","Switzerland North","Germany West Central","Norway
        East","East US 2 EUAP","Central US EUAP"],"apiVersions":["2019-12-01"],"defaultApiVersion":"2019-12-01","capabilities":"SupportsTags,
        SupportsLocation"},{"resourceType":"virtualMachines/metricDefinitions","locations":["East
        US","East US 2","West US","Central US","North Central US","South Central US","North
        Europe","West Europe","East Asia","Southeast Asia","Japan East","Japan West","Australia
        East","Australia Southeast","Australia Central","Brazil South","South India","Central
        India","West India","Canada Central","Canada East","West US 2","West Central
        US","UK South","UK West","Korea Central","Korea South","France Central","South
        Africa North","UAE North","Switzerland North","Germany West Central","Norway
        East","East US 2 EUAP","Central US EUAP"],"apiVersions":["2014-04-01"],"capabilities":"None"},{"resourceType":"sharedVMImages","locations":["West
        Central US","South Central US","East US 2","Southeast Asia","West Europe","West
        US","East US","Canada Central","North Europe","North Central US","Brazil South","UK
        West","West India","East Asia","Australia East","Japan East","Korea South","West
        US 2","Canada East","UK South","Central India","South India","Australia Southeast","Japan
        West","Korea Central","France Central","Central US","Australia Central","East
        US 2 EUAP","Central US EUAP"],"apiVersions":["2017-10-15-preview"],"defaultApiVersion":"2017-10-15-preview","capabilities":"SupportsTags,
        SupportsLocation"},{"resourceType":"sharedVMImages/versions","locations":["West
        Central US","South Central US","East US 2","Southeast Asia","West Europe","West
        US","East US","Canada Central","North Europe","North Central US","Brazil South","UK
        West","West India","East Asia","Australia East","Japan East","Korea South","West
        US 2","Canada East","UK South","Central India","South India","Australia Southeast","Japan
        West","Korea Central","France Central","Central US","Australia Central","East
        US 2 EUAP","Central US EUAP"],"apiVersions":["2017-10-15-preview"],"defaultApiVersion":"2017-10-15-preview","capabilities":"SupportsTags,
        SupportsLocation"},{"resourceType":"locations/artifactPublishers","locations":["West
        Central US","South Central US","East US 2","Southeast Asia","West Europe","West
        US","East US","Canada Central","North Europe","North Central US","Brazil South","UK
        West","West India","East Asia","Australia East","Japan East","Korea South","West
        US 2","Canada East","UK South","Central India","South India","Australia Southeast","Japan
        West","Korea Central","France Central","Central US","Australia Central","East
        US 2 EUAP","Central US EUAP"],"apiVersions":["2017-10-15-preview"],"capabilities":"None"},{"resourceType":"locations/capsoperations","locations":["West
        Central US","South Central US","East US 2","Southeast Asia","West Europe","West
        US","East US","Canada Central","North Europe","North Central US","Brazil South","UK
        West","West India","East Asia","Australia East","Japan East","Korea South","West
        US 2","Canada East","UK South","Central India","South India","Australia Southeast","Japan
        West","Korea Central","France Central","Central US","Australia Central","South
        Africa North","UAE North","Switzerland North","Germany West Central","Norway
        East","East US 2 EUAP","Central US EUAP"],"apiVersions":["2019-12-01","2019-07-01","2019-03-01","2018-06-01","2017-10-15-preview"],"capabilities":"None"},{"resourceType":"galleries","locations":["West
        Central US","South Central US","East US 2","Southeast Asia","West Europe","West
        US","East US","Canada Central","North Europe","North Central US","Brazil South","UK
        West","West India","East Asia","Australia East","Japan East","Korea South","West
        US 2","Canada East","UK South","Central India","South India","Australia Southeast","Japan
        West","Korea Central","France Central","Central US","Australia Central","South
        Africa North","UAE North","Switzerland North","Germany West Central","Norway
        East","East US 2 EUAP","Central US EUAP"],"apiVersions":["2019-12-01","2019-07-01","2019-03-01","2018-06-01"],"defaultApiVersion":"2018-06-01","capabilities":"SupportsTags,
        SupportsLocation"},{"resourceType":"galleries/images","locations":["West Central
        US","South Central US","East US 2","Southeast Asia","West Europe","West US","East
        US","Canada Central","North Europe","North Central US","Brazil South","UK
        West","West India","East Asia","Australia East","Japan East","Korea South","West
        US 2","Canada East","UK South","Central India","South India","Australia Southeast","Japan
        West","Korea Central","France Central","Central US","Australia Central","South
        Africa North","UAE North","Switzerland North","Germany West Central","Norway
        East","East US 2 EUAP","Central US EUAP"],"apiVersions":["2019-12-01","2019-07-01","2019-03-01","2018-06-01"],"defaultApiVersion":"2018-06-01","capabilities":"SupportsTags,
        SupportsLocation"},{"resourceType":"galleries/images/versions","locations":["West
        Central US","South Central US","East US 2","Southeast Asia","West Europe","West
        US","East US","Canada Central","North Europe","North Central US","Brazil South","UK
        West","West India","East Asia","Australia East","Japan East","Korea South","West
        US 2","Canada East","UK South","Central India","South India","Australia Southeast","Japan
        West","Korea Central","France Central","Central US","Australia Central","South
        Africa North","UAE North","Switzerland North","Germany West Central","Norway
        East","East US 2 EUAP","Central US EUAP"],"apiVersions":["2019-12-01","2019-07-01","2019-03-01","2018-06-01"],"defaultApiVersion":"2018-06-01","capabilities":"SupportsTags,
        SupportsLocation"},{"resourceType":"disks","locations":["Southeast Asia","East
        US 2","Central US","West Europe","East US","North Central US","South Central
        US","West US","North Europe","East Asia","Brazil South","West US 2","West
        Central US","UK West","UK South","Japan East","Japan West","Canada Central","Canada
        East","Central India","South India","Australia East","Australia Southeast","Korea
        Central","Korea South","West India","France Central","South Africa North","UAE
        North","Australia Central","Switzerland North","Germany West Central","Norway
        East","East US 2 EUAP","Central US EUAP"],"apiVersions":["2019-11-01","2019-07-01","2019-03-01","2018-09-30","2018-06-01","2018-04-01","2017-03-30","2016-04-30-preview"],"defaultApiVersion":"2018-06-01","apiProfiles":[{"profileVersion":"2018-03-01-hybrid","apiVersion":"2017-03-30"},{"profileVersion":"2018-06-01-profile","apiVersion":"2018-04-01"}],"zoneMappings":[{"location":"East
        US 2","zones":["2","3","1"]},{"location":"Central US","zones":["2","3","1"]},{"location":"West
        Europe","zones":["2","3","1"]},{"location":"East US 2 EUAP","zones":["1","2","3"]},{"location":"Central
        US EUAP","zones":["1","2"]},{"location":"France Central","zones":["2","3","1"]},{"location":"Southeast
        Asia","zones":["2","3","1"]},{"location":"West US 2","zones":["2","3","1"]},{"location":"North
        Europe","zones":["2","3","1"]},{"location":"East US","zones":["2","3","1"]},{"location":"UK
        South","zones":["2","3","1"]},{"location":"Japan East","zones":["2","3","1"]},{"location":"Australia
        East","zones":[]},{"location":"South Africa North","zones":[]},{"location":"South
        Central US","zones":[]},{"location":"Canada Central","zones":[]}],"capabilities":"CrossResourceGroupResourceMove,
        CrossSubscriptionResourceMove, SupportsTags, SupportsLocation"},{"resourceType":"snapshots","locations":["Southeast
        Asia","East US 2","Central US","West Europe","East US","North Central US","South
        Central US","West US","North Europe","East Asia","Brazil South","West US 2","West
        Central US","UK West","UK South","Japan East","Japan West","Canada Central","Canada
        East","Central India","South India","Australia East","Australia Southeast","Korea
        Central","Korea South","West India","France Central","South Africa North","UAE
        North","Australia Central","Switzerland North","Germany West Central","Norway
        East","East US 2 EUAP","Central US EUAP"],"apiVersions":["2019-11-01","2019-07-01","2019-03-01","2018-09-30","2018-06-01","2018-04-01","2017-03-30","2016-04-30-preview"],"defaultApiVersion":"2018-06-01","apiProfiles":[{"profileVersion":"2018-03-01-hybrid","apiVersion":"2017-03-30"},{"profileVersion":"2018-06-01-profile","apiVersion":"2018-04-01"}],"capabilities":"CrossResourceGroupResourceMove,
        CrossSubscriptionResourceMove, SupportsTags, SupportsLocation"},{"resourceType":"locations/diskoperations","locations":["Southeast
        Asia","East US 2","Central US","West Europe","East US","North Central US","South
        Central US","West US","North Europe","East Asia","Brazil South","West US 2","West
        Central US","UK West","UK South","Japan East","Japan West","Canada Central","Canada
        East","Central India","South India","Australia East","Australia Southeast","Korea
        Central","Korea South","West India","France Central","South Africa North","UAE
        North","Australia Central","Switzerland North","Germany West Central","Norway
        East","East US 2 EUAP","Central US EUAP"],"apiVersions":["2019-11-01","2019-07-01","2019-03-01","2018-09-30","2018-06-01","2018-04-01","2017-03-30","2016-04-30-preview"],"apiProfiles":[{"profileVersion":"2018-03-01-hybrid","apiVersion":"2017-03-30"},{"profileVersion":"2018-06-01-profile","apiVersion":"2018-04-01"}],"capabilities":"None"},{"resourceType":"diskEncryptionSets","locations":["Southeast
        Asia","East US 2","Central US","West Europe","East US","North Central US","South
        Central US","West US","North Europe","East Asia","Brazil South","West US 2","West
        Central US","UK West","UK South","Japan East","Japan West","Canada Central","Canada
        East","Central India","South India","Australia East","Australia Southeast","Korea
        Central","Korea South","West India","France Central","South Africa North","UAE
        North","Australia Central","Switzerland North","Germany West Central","Norway
        East","East US 2 EUAP","Central US EUAP"],"apiVersions":["2019-11-01","2019-07-01"],"defaultApiVersion":"2019-07-01","capabilities":"SystemAssignedResourceIdentity,
        SupportsTags, SupportsLocation"},{"resourceType":"locations/vsmoperations","locations":["East
        US","West Central US","South Central US","North Europe","Australia East","Central
        US","North Central US","Southeast Asia","West US","East US 2","West Europe","West
        India","Australia Central","Australia Central 2","UK West","Brazil South","East
        Asia","South India","Australia Southeast","France South","West US 2","Japan
        West","France Central","Central India","Korea South","Korea Central","Japan
        East","Canada East","Canada Central","South Africa North","UAE North","South
        Africa West","Switzerland North","Germany West Central","Norway East","East
        US 2 EUAP","Central US EUAP"],"apiVersions":["2019-07-01","2019-03-01","2018-10-01","2018-06-01","2018-04-01","2017-12-01","2017-03-30","2016-08-30","2016-04-30-preview","2016-03-30","2015-06-15","2015-05-01-preview"],"apiProfiles":[{"profileVersion":"2017-03-09-profile","apiVersion":"2016-03-30"},{"profileVersion":"2018-03-01-hybrid","apiVersion":"2017-03-30"},{"profileVersion":"2018-06-01-profile","apiVersion":"2017-12-01"}],"capabilities":"None"},{"resourceType":"images","locations":["Southeast
        Asia","East US 2","Central US","West Europe","East US","North Central US","South
        Central US","West US","North Europe","East Asia","Brazil South","West US 2","West
        Central US","UK West","UK South","Japan East","Japan West","Canada Central","Canada
        East","Central India","South India","Australia East","Australia Southeast","Korea
        Central","Korea South","West India","France Central","South Africa North","UAE
        North","Australia Central","Switzerland North","Germany West Central","Norway
        East","East US 2 EUAP","Central US EUAP"],"apiVersions":["2019-12-01","2019-07-01","2019-03-01","2018-10-01","2018-06-01","2018-04-01","2017-12-01","2017-03-30","2016-08-30","2016-04-30-preview"],"defaultApiVersion":"2018-06-01","apiProfiles":[{"profileVersion":"2018-03-01-hybrid","apiVersion":"2017-03-30"},{"profileVersion":"2018-06-01-profile","apiVersion":"2018-04-01"}],"capabilities":"CrossResourceGroupResourceMove,
        CrossSubscriptionResourceMove, SupportsTags, SupportsLocation"},{"resourceType":"locations/logAnalytics","locations":["East
        US","East US 2","West US","Central US","North Central US","South Central US","North
        Europe","West Europe","East Asia","Southeast Asia","Japan East","Japan West","Australia
        East","Australia Southeast","Australia Central","Brazil South","South India","Central
        India","West India","Canada Central","Canada East","West US 2","West Central
        US","UK South","UK West","Korea Central","Korea South","France Central","South
        Africa North","UAE North","Switzerland North","Germany West Central","Norway
        East","East US 2 EUAP","Central US EUAP"],"apiVersions":["2019-12-01","2019-07-01","2019-03-01","2018-10-01","2018-06-01","2018-04-01","2017-12-01"],"capabilities":"None"},{"resourceType":"hostGroups","locations":["Central
        US","East US 2","West Europe","Southeast Asia","France Central","North Europe","West
        US 2","East US","UK South","Japan East","Japan West","East Asia","North Central
        US","South Central US","Canada East","Korea Central","Brazil South","UK West","Canada
        Central","West US","West Central US","Central India","South India","Australia
        Southeast","Korea South","West India","South Africa North","UAE North","Australia
        Central","Switzerland North","Germany West Central","Norway East","East US
        2 EUAP","Central US EUAP"],"apiVersions":["2019-12-01","2019-07-01","2019-03-01","2018-10-01"],"defaultApiVersion":"2018-10-01","zoneMappings":[{"location":"East
        US 2","zones":["2","3","1"]},{"location":"Central US","zones":["2","3","1"]},{"location":"West
        Europe","zones":["2","3","1"]},{"location":"East US 2 EUAP","zones":["1","2","3"]},{"location":"Central
        US EUAP","zones":["1","2"]},{"location":"France Central","zones":["2","3","1"]},{"location":"Southeast
        Asia","zones":["2","3","1"]},{"location":"West US 2","zones":["2","3","1"]},{"location":"North
        Europe","zones":["2","3","1"]},{"location":"East US","zones":["2","3","1"]},{"location":"UK
        South","zones":["2","3","1"]},{"location":"Japan East","zones":["2","3","1"]},{"location":"South
        Africa North","zones":[]},{"location":"South Central US","zones":[]},{"location":"Canada
        Central","zones":[]}],"capabilities":"SupportsTags, SupportsLocation"},{"resourceType":"hostGroups/hosts","locations":["Central
        US","East US 2","West Europe","Southeast Asia","France Central","North Europe","West
        US 2","East US","UK South","Japan East","Japan West","East Asia","North Central
        US","South Central US","Canada East","Korea Central","Brazil South","UK West","Canada
        Central","West US","West Central US","Central India","South India","Australia
        Southeast","Korea South","West India","South Africa North","UAE North","Australia
        Central","Switzerland North","Germany West Central","Norway East","East US
        2 EUAP","Central US EUAP"],"apiVersions":["2019-12-01","2019-07-01","2019-03-01","2018-10-01"],"defaultApiVersion":"2018-10-01","capabilities":"SupportsTags,
        SupportsLocation"},{"resourceType":"sharedVMExtensions","locations":["East
        US 2 EUAP","Central US EUAP"],"apiVersions":["2019-12-01"],"defaultApiVersion":"2019-12-01","capabilities":"SupportsTags,
        SupportsLocation"},{"resourceType":"sharedVMExtensions/versions","locations":["East
        US 2 EUAP","Central US EUAP"],"apiVersions":["2019-12-01"],"defaultApiVersion":"2019-12-01","capabilities":"SupportsTags,
        SupportsLocation"}],"registrationState":"Registered","registrationPolicy":"RegistrationRequired"}'
    headers:
      cache-control:
      - no-cache
      content-length:
      - '37923'
      content-type:
      - application/json; charset=utf-8
      date:
      - Thu, 26 Mar 2020 13:47:00 GMT
      expires:
      - '-1'
      pragma:
      - no-cache
      strict-transport-security:
      - max-age=31536000; includeSubDomains
      vary:
      - Accept-Encoding
      x-content-type-options:
      - nosniff
    status:
      code: 200
      message: OK
- request:
    body: null
    headers:
      Accept:
      - application/json
      Accept-Encoding:
      - gzip, deflate
      CommandName:
      - vm create
      Connection:
      - keep-alive
      ParameterSetName:
      - -n --image -g --size --host-group --host --generate-ssh-keys
      User-Agent:
      - python/3.8.2 (Windows-10-10.0.18362-SP0) msrest/0.6.11 msrest_azure/0.6.3
        azure-mgmt-resource/8.0.1 Azure-SDK-For-Python AZURECLI/2.2.0
      accept-language:
      - en-US
    method: GET
    uri: https://management.azure.com/subscriptions/00000000-0000-0000-0000-000000000000/resourcegroups/cli_test_dedicated_host_000001/providers/Microsoft.Compute/hostGroups/my-host-group/hosts/my-host?api-version=2019-12-01
  response:
    body:
      string: "{\r\n  \"name\": \"my-host\",\r\n  \"id\": \"/subscriptions/00000000-0000-0000-0000-000000000000/resourceGroups/cli_test_dedicated_host_000001/providers/Microsoft.Compute/hostGroups/my-host-group/hosts/my-host\",\r\n
        \ \"location\": \"westeurope\",\r\n  \"tags\": {\r\n    \"bar\": \"baz\"\r\n
        \ },\r\n  \"sku\": {\r\n    \"name\": \"DSv3-Type1\"\r\n  },\r\n  \"properties\":
        {\r\n    \"platformFaultDomain\": 2,\r\n    \"autoReplaceOnFailure\": false,\r\n
        \   \"hostId\": \"98fd18b4-c2c3-472a-81e8-905c3b9b559a\",\r\n    \"virtualMachines\":
        [],\r\n    \"provisioningTime\": \"2020-03-26T13:46:24.5721047+00:00\",\r\n
        \   \"provisioningState\": \"Succeeded\"\r\n  }\r\n}"
    headers:
      cache-control:
      - no-cache
      content-length:
      - '632'
      content-type:
      - application/json; charset=utf-8
      date:
      - Thu, 26 Mar 2020 13:47:00 GMT
      expires:
      - '-1'
      pragma:
      - no-cache
      server:
      - Microsoft-HTTPAPI/2.0
      - Microsoft-HTTPAPI/2.0
      strict-transport-security:
      - max-age=31536000; includeSubDomains
      transfer-encoding:
      - chunked
      vary:
      - Accept-Encoding
      x-content-type-options:
      - nosniff
      x-ms-ratelimit-remaining-resource:
      - Microsoft.Compute/GetDedicatedHost3Min;247,Microsoft.Compute/GetDedicatedHost30Min;993
    status:
      code: 200
      message: OK
- request:
    body: 'b''{"properties": {"template": {"$schema": "https://schema.management.azure.com/schemas/2015-01-01/deploymentTemplate.json#",
      "contentVersion": "1.0.0.0", "parameters": {}, "variables": {}, "resources":
      [{"name": "ded-host-vmVNET", "type": "Microsoft.Network/virtualNetworks", "location":
      "westeurope", "apiVersion": "2015-06-15", "dependsOn": [], "tags": {}, "properties":
      {"addressSpace": {"addressPrefixes": ["10.0.0.0/16"]}, "subnets": [{"name":
      "ded-host-vmSubnet", "properties": {"addressPrefix": "10.0.0.0/24"}}]}}, {"type":
      "Microsoft.Network/networkSecurityGroups", "name": "ded-host-vmNSG", "apiVersion":
      "2015-06-15", "location": "westeurope", "tags": {}, "dependsOn": [], "properties":
      {"securityRules": [{"name": "default-allow-ssh", "properties": {"protocol":
      "Tcp", "sourcePortRange": "*", "destinationPortRange": "22", "sourceAddressPrefix":
      "*", "destinationAddressPrefix": "*", "access": "Allow", "priority": 1000, "direction":
      "Inbound"}}]}}, {"apiVersion": "2018-01-01", "type": "Microsoft.Network/publicIPAddresses",
      "name": "ded-host-vmPublicIP", "location": "westeurope", "tags": {}, "dependsOn":
      [], "properties": {"publicIPAllocationMethod": null}}, {"apiVersion": "2015-06-15",
      "type": "Microsoft.Network/networkInterfaces", "name": "ded-host-vmVMNic", "location":
      "westeurope", "tags": {}, "dependsOn": ["Microsoft.Network/virtualNetworks/ded-host-vmVNET",
      "Microsoft.Network/networkSecurityGroups/ded-host-vmNSG", "Microsoft.Network/publicIpAddresses/ded-host-vmPublicIP"],
      "properties": {"ipConfigurations": [{"name": "ipconfigded-host-vm", "properties":
      {"privateIPAllocationMethod": "Dynamic", "subnet": {"id": "/subscriptions/00000000-0000-0000-0000-000000000000/resourceGroups/cli_test_dedicated_host_000001/providers/Microsoft.Network/virtualNetworks/ded-host-vmVNET/subnets/ded-host-vmSubnet"},
      "publicIPAddress": {"id": "/subscriptions/00000000-0000-0000-0000-000000000000/resourceGroups/cli_test_dedicated_host_000001/providers/Microsoft.Network/publicIPAddresses/ded-host-vmPublicIP"}}}],
      "networkSecurityGroup": {"id": "/subscriptions/00000000-0000-0000-0000-000000000000/resourceGroups/cli_test_dedicated_host_000001/providers/Microsoft.Network/networkSecurityGroups/ded-host-vmNSG"}}},
      {"apiVersion": "2019-07-01", "type": "Microsoft.Compute/virtualMachines", "name":
      "ded-host-vm", "location": "westeurope", "tags": {}, "dependsOn": ["Microsoft.Network/networkInterfaces/ded-host-vmVMNic"],
      "properties": {"hardwareProfile": {"vmSize": "Standard_D4s_v3"}, "networkProfile":
      {"networkInterfaces": [{"id": "/subscriptions/00000000-0000-0000-0000-000000000000/resourceGroups/cli_test_dedicated_host_000001/providers/Microsoft.Network/networkInterfaces/ded-host-vmVMNic"}]},
      "storageProfile": {"osDisk": {"createOption": "fromImage", "name": null, "caching":
      "ReadWrite", "managedDisk": {"storageAccountType": null}}, "imageReference":
      {"publisher": "Debian", "offer": "debian-10", "sku": "10", "version": "latest"}},
      "osProfile": {"computerName": "ded-host-vm", "adminUsername": "xiaojxu", "linuxConfiguration":
      {"disablePasswordAuthentication": true, "ssh": {"publicKeys": [{"keyData": "ssh-rsa
      AAAAB3NzaC1yc2EAAAADAQABAAABAQDVTn+0I6HALmT+kJ8KHBnO4+OmJL/6oxY0JE23IKt1HxRaRyHyw62dKImehgsrbiPpkGWPYrS05W6+L5o3wHsV0Pml8Ve6BasVcaviPgGj7EtcB3dPjn7NjmwZNFiS+uexEOOpR7iDH9BexQIgRQHP+Crr5ZKDSw8IgUpmVCzLEOJsCIc8+bAQq9mFSBT3pp79H37J4xS8Po1BLq4n3H49OyTmhwpct6QONb0IXXsh5f0XTbkc/0Bzpye4pNNQCkro6AK+NgJ5ObZdK6C/MCPaFIeBfw5htZQqriLuYbj/VSjjbFK+bThI9ibkWZOdF3WFJcCivqve3eUjXYQqKq2d
      fareast\\\\xiaojxu@DESKTOP-8OVQDD7\\n", "path": "/home/xiaojxu/.ssh/authorized_keys"}]}}},
      "host": {"id": "/subscriptions/00000000-0000-0000-0000-000000000000/resourceGroups/cli_test_dedicated_host_000001/providers/Microsoft.Compute/hostGroups/my-host-group/hosts/my-host"}}}],
      "outputs": {}}, "parameters": {}, "mode": "Incremental"}}'''
    headers:
      Accept:
      - application/json
      Accept-Encoding:
      - gzip, deflate
      CommandName:
      - vm create
      Connection:
      - keep-alive
      Content-Length:
      - '4062'
      Content-Type:
      - application/json; charset=utf-8
      ParameterSetName:
      - -n --image -g --size --host-group --host --generate-ssh-keys
      User-Agent:
      - python/3.8.2 (Windows-10-10.0.18362-SP0) msrest/0.6.11 msrest_azure/0.6.3
        azure-mgmt-resource/8.0.1 Azure-SDK-For-Python AZURECLI/2.2.0
      accept-language:
      - en-US
    method: PUT
    uri: https://management.azure.com/subscriptions/00000000-0000-0000-0000-000000000000/resourcegroups/cli_test_dedicated_host_000001/providers/Microsoft.Resources/deployments/mock-deployment?api-version=2019-07-01
  response:
    body:
      string: '{"id":"/subscriptions/00000000-0000-0000-0000-000000000000/resourceGroups/cli_test_dedicated_host_000001/providers/Microsoft.Resources/deployments/vm_deploy_p7HbMR7PqPIBltUGq0rDRSGgprS8oGAk","name":"vm_deploy_p7HbMR7PqPIBltUGq0rDRSGgprS8oGAk","type":"Microsoft.Resources/deployments","properties":{"templateHash":"8607843737137459064","parameters":{},"mode":"Incremental","provisioningState":"Accepted","timestamp":"2020-03-26T13:47:05.5774397Z","duration":"PT2.6486263S","correlationId":"789800a8-5f51-4e56-be87-0244ba2c2a96","providers":[{"namespace":"Microsoft.Network","resourceTypes":[{"resourceType":"virtualNetworks","locations":["westeurope"]},{"resourceType":"networkSecurityGroups","locations":["westeurope"]},{"resourceType":"publicIPAddresses","locations":["westeurope"]},{"resourceType":"networkInterfaces","locations":["westeurope"]}]},{"namespace":"Microsoft.Compute","resourceTypes":[{"resourceType":"virtualMachines","locations":["westeurope"]}]}],"dependencies":[{"dependsOn":[{"id":"/subscriptions/00000000-0000-0000-0000-000000000000/resourceGroups/cli_test_dedicated_host_000001/providers/Microsoft.Network/virtualNetworks/ded-host-vmVNET","resourceType":"Microsoft.Network/virtualNetworks","resourceName":"ded-host-vmVNET"},{"id":"/subscriptions/00000000-0000-0000-0000-000000000000/resourceGroups/cli_test_dedicated_host_000001/providers/Microsoft.Network/networkSecurityGroups/ded-host-vmNSG","resourceType":"Microsoft.Network/networkSecurityGroups","resourceName":"ded-host-vmNSG"},{"id":"/subscriptions/00000000-0000-0000-0000-000000000000/resourceGroups/cli_test_dedicated_host_000001/providers/Microsoft.Network/publicIPAddresses/ded-host-vmPublicIP","resourceType":"Microsoft.Network/publicIPAddresses","resourceName":"ded-host-vmPublicIP"}],"id":"/subscriptions/00000000-0000-0000-0000-000000000000/resourceGroups/cli_test_dedicated_host_000001/providers/Microsoft.Network/networkInterfaces/ded-host-vmVMNic","resourceType":"Microsoft.Network/networkInterfaces","resourceName":"ded-host-vmVMNic"},{"dependsOn":[{"id":"/subscriptions/00000000-0000-0000-0000-000000000000/resourceGroups/cli_test_dedicated_host_000001/providers/Microsoft.Network/networkInterfaces/ded-host-vmVMNic","resourceType":"Microsoft.Network/networkInterfaces","resourceName":"ded-host-vmVMNic"}],"id":"/subscriptions/00000000-0000-0000-0000-000000000000/resourceGroups/cli_test_dedicated_host_000001/providers/Microsoft.Compute/virtualMachines/ded-host-vm","resourceType":"Microsoft.Compute/virtualMachines","resourceName":"ded-host-vm"}]}}'
    headers:
      azure-asyncoperation:
      - https://management.azure.com/subscriptions/00000000-0000-0000-0000-000000000000/resourcegroups/cli_test_dedicated_host_000001/providers/Microsoft.Resources/deployments/vm_deploy_p7HbMR7PqPIBltUGq0rDRSGgprS8oGAk/operationStatuses/08586163764625488158?api-version=2019-07-01
      cache-control:
      - no-cache
      content-length:
      - '2858'
      content-type:
      - application/json; charset=utf-8
      date:
      - Thu, 26 Mar 2020 13:47:05 GMT
      expires:
      - '-1'
      pragma:
      - no-cache
      strict-transport-security:
      - max-age=31536000; includeSubDomains
      x-content-type-options:
      - nosniff
      x-ms-ratelimit-remaining-subscription-writes:
      - '1166'
    status:
      code: 201
      message: Created
- request:
    body: null
    headers:
      Accept:
      - application/json
      Accept-Encoding:
      - gzip, deflate
      CommandName:
      - vm create
      Connection:
      - keep-alive
      ParameterSetName:
      - -n --image -g --size --host-group --host --generate-ssh-keys
      User-Agent:
      - python/3.8.2 (Windows-10-10.0.18362-SP0) msrest/0.6.11 msrest_azure/0.6.3
        azure-mgmt-resource/8.0.1 Azure-SDK-For-Python AZURECLI/2.2.0
    method: GET
    uri: https://management.azure.com/subscriptions/00000000-0000-0000-0000-000000000000/resourcegroups/cli_test_dedicated_host_000001/providers/Microsoft.Resources/deployments/mock-deployment/operationStatuses/08586163764625488158?api-version=2019-07-01
  response:
    body:
      string: '{"status":"Running"}'
    headers:
      cache-control:
      - no-cache
      content-length:
      - '20'
      content-type:
      - application/json; charset=utf-8
      date:
      - Thu, 26 Mar 2020 13:47:37 GMT
      expires:
      - '-1'
      pragma:
      - no-cache
      strict-transport-security:
      - max-age=31536000; includeSubDomains
      vary:
      - Accept-Encoding
      x-content-type-options:
      - nosniff
    status:
      code: 200
      message: OK
- request:
    body: null
    headers:
      Accept:
      - application/json
      Accept-Encoding:
      - gzip, deflate
      CommandName:
      - vm create
      Connection:
      - keep-alive
      ParameterSetName:
      - -n --image -g --size --host-group --host --generate-ssh-keys
      User-Agent:
      - python/3.8.2 (Windows-10-10.0.18362-SP0) msrest/0.6.11 msrest_azure/0.6.3
        azure-mgmt-resource/8.0.1 Azure-SDK-For-Python AZURECLI/2.2.0
    method: GET
    uri: https://management.azure.com/subscriptions/00000000-0000-0000-0000-000000000000/resourcegroups/cli_test_dedicated_host_000001/providers/Microsoft.Resources/deployments/mock-deployment/operationStatuses/08586163764625488158?api-version=2019-07-01
  response:
    body:
      string: '{"status":"Running"}'
    headers:
      cache-control:
      - no-cache
      content-length:
      - '20'
      content-type:
      - application/json; charset=utf-8
      date:
      - Thu, 26 Mar 2020 13:48:07 GMT
      expires:
      - '-1'
      pragma:
      - no-cache
      strict-transport-security:
      - max-age=31536000; includeSubDomains
      vary:
      - Accept-Encoding
      x-content-type-options:
      - nosniff
    status:
      code: 200
      message: OK
- request:
    body: null
    headers:
      Accept:
      - application/json
      Accept-Encoding:
      - gzip, deflate
      CommandName:
      - vm create
      Connection:
      - keep-alive
      ParameterSetName:
      - -n --image -g --size --host-group --host --generate-ssh-keys
      User-Agent:
      - python/3.8.2 (Windows-10-10.0.18362-SP0) msrest/0.6.11 msrest_azure/0.6.3
        azure-mgmt-resource/8.0.1 Azure-SDK-For-Python AZURECLI/2.2.0
    method: GET
    uri: https://management.azure.com/subscriptions/00000000-0000-0000-0000-000000000000/resourcegroups/cli_test_dedicated_host_000001/providers/Microsoft.Resources/deployments/mock-deployment/operationStatuses/08586163764625488158?api-version=2019-07-01
  response:
    body:
      string: '{"status":"Running"}'
    headers:
      cache-control:
      - no-cache
      content-length:
      - '20'
      content-type:
      - application/json; charset=utf-8
      date:
      - Thu, 26 Mar 2020 13:48:37 GMT
      expires:
      - '-1'
      pragma:
      - no-cache
      strict-transport-security:
      - max-age=31536000; includeSubDomains
      vary:
      - Accept-Encoding
      x-content-type-options:
      - nosniff
    status:
      code: 200
      message: OK
- request:
    body: null
    headers:
      Accept:
      - application/json
      Accept-Encoding:
      - gzip, deflate
      CommandName:
      - vm create
      Connection:
      - keep-alive
      ParameterSetName:
      - -n --image -g --size --host-group --host --generate-ssh-keys
      User-Agent:
      - python/3.8.2 (Windows-10-10.0.18362-SP0) msrest/0.6.11 msrest_azure/0.6.3
        azure-mgmt-resource/8.0.1 Azure-SDK-For-Python AZURECLI/2.2.0
    method: GET
    uri: https://management.azure.com/subscriptions/00000000-0000-0000-0000-000000000000/resourcegroups/cli_test_dedicated_host_000001/providers/Microsoft.Resources/deployments/mock-deployment/operationStatuses/08586163764625488158?api-version=2019-07-01
  response:
    body:
      string: '{"status":"Running"}'
    headers:
      cache-control:
      - no-cache
      content-length:
      - '20'
      content-type:
      - application/json; charset=utf-8
      date:
      - Thu, 26 Mar 2020 13:49:07 GMT
      expires:
      - '-1'
      pragma:
      - no-cache
      strict-transport-security:
      - max-age=31536000; includeSubDomains
      vary:
      - Accept-Encoding
      x-content-type-options:
      - nosniff
    status:
      code: 200
      message: OK
- request:
    body: null
    headers:
      Accept:
      - application/json
      Accept-Encoding:
      - gzip, deflate
      CommandName:
      - vm create
      Connection:
      - keep-alive
      ParameterSetName:
      - -n --image -g --size --host-group --host --generate-ssh-keys
      User-Agent:
      - python/3.8.2 (Windows-10-10.0.18362-SP0) msrest/0.6.11 msrest_azure/0.6.3
        azure-mgmt-resource/8.0.1 Azure-SDK-For-Python AZURECLI/2.2.0
    method: GET
    uri: https://management.azure.com/subscriptions/00000000-0000-0000-0000-000000000000/resourcegroups/cli_test_dedicated_host_000001/providers/Microsoft.Resources/deployments/mock-deployment/operationStatuses/08586163764625488158?api-version=2019-07-01
  response:
    body:
      string: '{"status":"Succeeded"}'
    headers:
      cache-control:
      - no-cache
      content-length:
      - '22'
      content-type:
      - application/json; charset=utf-8
      date:
      - Thu, 26 Mar 2020 13:49:38 GMT
      expires:
      - '-1'
      pragma:
      - no-cache
      strict-transport-security:
      - max-age=31536000; includeSubDomains
      vary:
      - Accept-Encoding
      x-content-type-options:
      - nosniff
    status:
      code: 200
      message: OK
- request:
    body: null
    headers:
      Accept:
      - application/json
      Accept-Encoding:
      - gzip, deflate
      CommandName:
      - vm create
      Connection:
      - keep-alive
      ParameterSetName:
      - -n --image -g --size --host-group --host --generate-ssh-keys
      User-Agent:
      - python/3.8.2 (Windows-10-10.0.18362-SP0) msrest/0.6.11 msrest_azure/0.6.3
        azure-mgmt-resource/8.0.1 Azure-SDK-For-Python AZURECLI/2.2.0
    method: GET
    uri: https://management.azure.com/subscriptions/00000000-0000-0000-0000-000000000000/resourcegroups/cli_test_dedicated_host_000001/providers/Microsoft.Resources/deployments/mock-deployment?api-version=2019-07-01
  response:
    body:
      string: '{"id":"/subscriptions/00000000-0000-0000-0000-000000000000/resourceGroups/cli_test_dedicated_host_000001/providers/Microsoft.Resources/deployments/vm_deploy_p7HbMR7PqPIBltUGq0rDRSGgprS8oGAk","name":"vm_deploy_p7HbMR7PqPIBltUGq0rDRSGgprS8oGAk","type":"Microsoft.Resources/deployments","properties":{"templateHash":"8607843737137459064","parameters":{},"mode":"Incremental","provisioningState":"Succeeded","timestamp":"2020-03-26T13:49:20.8345935Z","duration":"PT2M17.9057801S","correlationId":"789800a8-5f51-4e56-be87-0244ba2c2a96","providers":[{"namespace":"Microsoft.Network","resourceTypes":[{"resourceType":"virtualNetworks","locations":["westeurope"]},{"resourceType":"networkSecurityGroups","locations":["westeurope"]},{"resourceType":"publicIPAddresses","locations":["westeurope"]},{"resourceType":"networkInterfaces","locations":["westeurope"]}]},{"namespace":"Microsoft.Compute","resourceTypes":[{"resourceType":"virtualMachines","locations":["westeurope"]}]}],"dependencies":[{"dependsOn":[{"id":"/subscriptions/00000000-0000-0000-0000-000000000000/resourceGroups/cli_test_dedicated_host_000001/providers/Microsoft.Network/virtualNetworks/ded-host-vmVNET","resourceType":"Microsoft.Network/virtualNetworks","resourceName":"ded-host-vmVNET"},{"id":"/subscriptions/00000000-0000-0000-0000-000000000000/resourceGroups/cli_test_dedicated_host_000001/providers/Microsoft.Network/networkSecurityGroups/ded-host-vmNSG","resourceType":"Microsoft.Network/networkSecurityGroups","resourceName":"ded-host-vmNSG"},{"id":"/subscriptions/00000000-0000-0000-0000-000000000000/resourceGroups/cli_test_dedicated_host_000001/providers/Microsoft.Network/publicIPAddresses/ded-host-vmPublicIP","resourceType":"Microsoft.Network/publicIPAddresses","resourceName":"ded-host-vmPublicIP"}],"id":"/subscriptions/00000000-0000-0000-0000-000000000000/resourceGroups/cli_test_dedicated_host_000001/providers/Microsoft.Network/networkInterfaces/ded-host-vmVMNic","resourceType":"Microsoft.Network/networkInterfaces","resourceName":"ded-host-vmVMNic"},{"dependsOn":[{"id":"/subscriptions/00000000-0000-0000-0000-000000000000/resourceGroups/cli_test_dedicated_host_000001/providers/Microsoft.Network/networkInterfaces/ded-host-vmVMNic","resourceType":"Microsoft.Network/networkInterfaces","resourceName":"ded-host-vmVMNic"}],"id":"/subscriptions/00000000-0000-0000-0000-000000000000/resourceGroups/cli_test_dedicated_host_000001/providers/Microsoft.Compute/virtualMachines/ded-host-vm","resourceType":"Microsoft.Compute/virtualMachines","resourceName":"ded-host-vm"}],"outputs":{},"outputResources":[{"id":"/subscriptions/00000000-0000-0000-0000-000000000000/resourceGroups/cli_test_dedicated_host_000001/providers/Microsoft.Compute/virtualMachines/ded-host-vm"},{"id":"/subscriptions/00000000-0000-0000-0000-000000000000/resourceGroups/cli_test_dedicated_host_000001/providers/Microsoft.Network/networkInterfaces/ded-host-vmVMNic"},{"id":"/subscriptions/00000000-0000-0000-0000-000000000000/resourceGroups/cli_test_dedicated_host_000001/providers/Microsoft.Network/networkSecurityGroups/ded-host-vmNSG"},{"id":"/subscriptions/00000000-0000-0000-0000-000000000000/resourceGroups/cli_test_dedicated_host_000001/providers/Microsoft.Network/publicIPAddresses/ded-host-vmPublicIP"},{"id":"/subscriptions/00000000-0000-0000-0000-000000000000/resourceGroups/cli_test_dedicated_host_000001/providers/Microsoft.Network/virtualNetworks/ded-host-vmVNET"}]}}'
    headers:
      cache-control:
      - no-cache
      content-length:
      - '3965'
      content-type:
      - application/json; charset=utf-8
      date:
      - Thu, 26 Mar 2020 13:49:39 GMT
      expires:
      - '-1'
      pragma:
      - no-cache
      strict-transport-security:
      - max-age=31536000; includeSubDomains
      vary:
      - Accept-Encoding
      x-content-type-options:
      - nosniff
    status:
      code: 200
      message: OK
- request:
    body: null
    headers:
      Accept:
      - application/json
      Accept-Encoding:
      - gzip, deflate
      CommandName:
      - vm create
      Connection:
      - keep-alive
      ParameterSetName:
      - -n --image -g --size --host-group --host --generate-ssh-keys
      User-Agent:
      - python/3.8.2 (Windows-10-10.0.18362-SP0) msrest/0.6.11 msrest_azure/0.6.3
        azure-mgmt-compute/12.0.0 Azure-SDK-For-Python AZURECLI/2.2.0
      accept-language:
      - en-US
    method: GET
    uri: https://management.azure.com/subscriptions/00000000-0000-0000-0000-000000000000/resourceGroups/cli_test_dedicated_host_000001/providers/Microsoft.Compute/virtualMachines/ded-host-vm?$expand=instanceView&api-version=2019-07-01
  response:
    body:
      string: "{\r\n  \"name\": \"ded-host-vm\",\r\n  \"id\": \"/subscriptions/00000000-0000-0000-0000-000000000000/resourceGroups/cli_test_dedicated_host_000001/providers/Microsoft.Compute/virtualMachines/ded-host-vm\",\r\n
        \ \"type\": \"Microsoft.Compute/virtualMachines\",\r\n  \"location\": \"westeurope\",\r\n
        \ \"tags\": {},\r\n  \"properties\": {\r\n    \"vmId\": \"651853c6-6404-4ac0-af54-39e2da8557a1\",\r\n
        \   \"host\": {\r\n      \"id\": \"/subscriptions/00000000-0000-0000-0000-000000000000/resourceGroups/CLI_TEST_DEDICATED_HOST_NBLGVXAFI6KOE3JD5CR2PAQA4GBZMI53QXA5NSF5QYFSM3XUHQZ/providers/Microsoft.Compute/hostGroups/my-host-group/hosts/my-host\"\r\n
        \   },\r\n    \"hardwareProfile\": {\r\n      \"vmSize\": \"Standard_D4s_v3\"\r\n
        \   },\r\n    \"storageProfile\": {\r\n      \"imageReference\": {\r\n        \"publisher\":
        \"Debian\",\r\n        \"offer\": \"debian-10\",\r\n        \"sku\": \"10\",\r\n
        \       \"version\": \"latest\",\r\n        \"exactVersion\": \"0.20200210.166\"\r\n
        \     },\r\n      \"osDisk\": {\r\n        \"osType\": \"Linux\",\r\n        \"name\":
        \"ded-host-vm_OsDisk_1_da080ef63f2b4a799939657717aa8088\",\r\n        \"createOption\":
        \"FromImage\",\r\n        \"caching\": \"ReadWrite\",\r\n        \"managedDisk\":
        {\r\n          \"storageAccountType\": \"Premium_LRS\",\r\n          \"id\":
        \"/subscriptions/00000000-0000-0000-0000-000000000000/resourceGroups/CLI_TEST_DEDICATED_HOST_NBLGVXAFI6KOE3JD5CR2PAQA4GBZMI53QXA5NSF5QYFSM3XUHQZ/providers/Microsoft.Compute/disks/ded-host-vm_OsDisk_1_da080ef63f2b4a799939657717aa8088\"\r\n
        \       },\r\n        \"diskSizeGB\": 30\r\n      },\r\n      \"dataDisks\":
        []\r\n    },\r\n    \"osProfile\": {\r\n      \"computerName\": \"ded-host-vm\",\r\n
        \     \"adminUsername\": \"xiaojxu\",\r\n      \"linuxConfiguration\": {\r\n
        \       \"disablePasswordAuthentication\": true,\r\n        \"ssh\": {\r\n
        \         \"publicKeys\": [\r\n            {\r\n              \"path\": \"/home/xiaojxu/.ssh/authorized_keys\",\r\n
        \             \"keyData\": \"ssh-rsa AAAAB3NzaC1yc2EAAAADAQABAAABAQDVTn+0I6HALmT+kJ8KHBnO4+OmJL/6oxY0JE23IKt1HxRaRyHyw62dKImehgsrbiPpkGWPYrS05W6+L5o3wHsV0Pml8Ve6BasVcaviPgGj7EtcB3dPjn7NjmwZNFiS+uexEOOpR7iDH9BexQIgRQHP+Crr5ZKDSw8IgUpmVCzLEOJsCIc8+bAQq9mFSBT3pp79H37J4xS8Po1BLq4n3H49OyTmhwpct6QONb0IXXsh5f0XTbkc/0Bzpye4pNNQCkro6AK+NgJ5ObZdK6C/MCPaFIeBfw5htZQqriLuYbj/VSjjbFK+bThI9ibkWZOdF3WFJcCivqve3eUjXYQqKq2d
        fareast\\\\xiaojxu@DESKTOP-8OVQDD7\\n\"\r\n            }\r\n          ]\r\n
        \       },\r\n        \"provisionVMAgent\": true\r\n      },\r\n      \"secrets\":
        [],\r\n      \"allowExtensionOperations\": true,\r\n      \"requireGuestProvisionSignal\":
        true\r\n    },\r\n    \"networkProfile\": {\"networkInterfaces\":[{\"id\":\"/subscriptions/00000000-0000-0000-0000-000000000000/resourceGroups/cli_test_dedicated_host_000001/providers/Microsoft.Network/networkInterfaces/ded-host-vmVMNic\"}]},\r\n
        \   \"provisioningState\": \"Succeeded\",\r\n    \"instanceView\": {\r\n      \"platformFaultDomain\":
        2,\r\n      \"computerName\": \"ded-host-vm\",\r\n      \"osName\": \"debian\",\r\n
        \     \"osVersion\": \"10.3\",\r\n      \"vmAgent\": {\r\n        \"vmAgentVersion\":
        \"2.2.34\",\r\n        \"statuses\": [\r\n          {\r\n            \"code\":
        \"ProvisioningState/succeeded\",\r\n            \"level\": \"Info\",\r\n            \"displayStatus\":
        \"Ready\",\r\n            \"message\": \"Guest Agent is running\",\r\n            \"time\":
        \"2020-03-26T13:49:38+00:00\"\r\n          }\r\n        ],\r\n        \"extensionHandlers\":
        []\r\n      },\r\n      \"disks\": [\r\n        {\r\n          \"name\": \"ded-host-vm_OsDisk_1_da080ef63f2b4a799939657717aa8088\",\r\n
        \         \"statuses\": [\r\n            {\r\n              \"code\": \"ProvisioningState/succeeded\",\r\n
        \             \"level\": \"Info\",\r\n              \"displayStatus\": \"Provisioning
        succeeded\",\r\n              \"time\": \"2020-03-26T13:47:55.1348684+00:00\"\r\n
        \           }\r\n          ]\r\n        }\r\n      ],\r\n      \"hyperVGeneration\":
        \"V1\",\r\n      \"statuses\": [\r\n        {\r\n          \"code\": \"ProvisioningState/succeeded\",\r\n
        \         \"level\": \"Info\",\r\n          \"displayStatus\": \"Provisioning
        succeeded\",\r\n          \"time\": \"2020-03-26T13:49:16.5254968+00:00\"\r\n
        \       },\r\n        {\r\n          \"code\": \"PowerState/running\",\r\n
        \         \"level\": \"Info\",\r\n          \"displayStatus\": \"VM running\"\r\n
        \       }\r\n      ]\r\n    }\r\n  }\r\n}"
    headers:
      cache-control:
      - no-cache
      content-length:
      - '4117'
      content-type:
      - application/json; charset=utf-8
      date:
      - Thu, 26 Mar 2020 13:49:40 GMT
      expires:
      - '-1'
      pragma:
      - no-cache
      server:
      - Microsoft-HTTPAPI/2.0
      - Microsoft-HTTPAPI/2.0
      strict-transport-security:
      - max-age=31536000; includeSubDomains
      transfer-encoding:
      - chunked
      vary:
      - Accept-Encoding
      x-content-type-options:
      - nosniff
      x-ms-ratelimit-remaining-resource:
      - Microsoft.Compute/LowCostGet3Min;3997,Microsoft.Compute/LowCostGet30Min;31997
    status:
      code: 200
      message: OK
- request:
    body: null
    headers:
      Accept:
      - application/json
      Accept-Encoding:
      - gzip, deflate
      CommandName:
      - vm create
      Connection:
      - keep-alive
      ParameterSetName:
      - -n --image -g --size --host-group --host --generate-ssh-keys
      User-Agent:
      - python/3.8.2 (Windows-10-10.0.18362-SP0) msrest/0.6.11 msrest_azure/0.6.3
        azure-mgmt-network/10.0.0 Azure-SDK-For-Python AZURECLI/2.2.0
      accept-language:
      - en-US
    method: GET
    uri: https://management.azure.com/subscriptions/00000000-0000-0000-0000-000000000000/resourceGroups/cli_test_dedicated_host_000001/providers/Microsoft.Network/networkInterfaces/ded-host-vmVMNic?api-version=2018-01-01
  response:
    body:
      string: "{\r\n  \"name\": \"ded-host-vmVMNic\",\r\n  \"id\": \"/subscriptions/00000000-0000-0000-0000-000000000000/resourceGroups/cli_test_dedicated_host_000001/providers/Microsoft.Network/networkInterfaces/ded-host-vmVMNic\",\r\n
        \ \"etag\": \"W/\\\"05d2b5b5-6bc6-41db-ac15-2240ff719ff5\\\"\",\r\n  \"location\":
        \"westeurope\",\r\n  \"tags\": {},\r\n  \"properties\": {\r\n    \"provisioningState\":
        \"Succeeded\",\r\n    \"resourceGuid\": \"ad7bde20-6b68-4968-8cf3-a577e34f57aa\",\r\n
        \   \"ipConfigurations\": [\r\n      {\r\n        \"name\": \"ipconfigded-host-vm\",\r\n
        \       \"id\": \"/subscriptions/00000000-0000-0000-0000-000000000000/resourceGroups/cli_test_dedicated_host_000001/providers/Microsoft.Network/networkInterfaces/ded-host-vmVMNic/ipConfigurations/ipconfigded-host-vm\",\r\n
        \       \"etag\": \"W/\\\"05d2b5b5-6bc6-41db-ac15-2240ff719ff5\\\"\",\r\n
        \       \"type\": \"Microsoft.Network/networkInterfaces/ipConfigurations\",\r\n
        \       \"properties\": {\r\n          \"provisioningState\": \"Succeeded\",\r\n
        \         \"privateIPAddress\": \"10.0.0.4\",\r\n          \"privateIPAllocationMethod\":
        \"Dynamic\",\r\n          \"publicIPAddress\": {\r\n            \"id\": \"/subscriptions/00000000-0000-0000-0000-000000000000/resourceGroups/cli_test_dedicated_host_000001/providers/Microsoft.Network/publicIPAddresses/ded-host-vmPublicIP\"\r\n
        \         },\r\n          \"subnet\": {\r\n            \"id\": \"/subscriptions/00000000-0000-0000-0000-000000000000/resourceGroups/cli_test_dedicated_host_000001/providers/Microsoft.Network/virtualNetworks/ded-host-vmVNET/subnets/ded-host-vmSubnet\"\r\n
        \         },\r\n          \"primary\": true,\r\n          \"privateIPAddressVersion\":
        \"IPv4\"\r\n        }\r\n      }\r\n    ],\r\n    \"dnsSettings\": {\r\n      \"dnsServers\":
        [],\r\n      \"appliedDnsServers\": [],\r\n      \"internalDomainNameSuffix\":
        \"dpdpyh5uhasebfcdheqn5mgcde.ax.internal.cloudapp.net\"\r\n    },\r\n    \"macAddress\":
        \"00-0D-3A-3A-6B-BA\",\r\n    \"enableAcceleratedNetworking\": false,\r\n
        \   \"enableIPForwarding\": false,\r\n    \"networkSecurityGroup\": {\r\n
        \     \"id\": \"/subscriptions/00000000-0000-0000-0000-000000000000/resourceGroups/cli_test_dedicated_host_000001/providers/Microsoft.Network/networkSecurityGroups/ded-host-vmNSG\"\r\n
        \   },\r\n    \"primary\": true,\r\n    \"virtualMachine\": {\r\n      \"id\":
        \"/subscriptions/00000000-0000-0000-0000-000000000000/resourceGroups/cli_test_dedicated_host_000001/providers/Microsoft.Compute/virtualMachines/ded-host-vm\"\r\n
        \   }\r\n  },\r\n  \"type\": \"Microsoft.Network/networkInterfaces\"\r\n}"
    headers:
      cache-control:
      - no-cache
      content-length:
      - '2652'
      content-type:
      - application/json; charset=utf-8
      date:
      - Thu, 26 Mar 2020 13:49:40 GMT
      etag:
      - W/"05d2b5b5-6bc6-41db-ac15-2240ff719ff5"
      expires:
      - '-1'
      pragma:
      - no-cache
      server:
      - Microsoft-HTTPAPI/2.0
      - Microsoft-HTTPAPI/2.0
      strict-transport-security:
      - max-age=31536000; includeSubDomains
      transfer-encoding:
      - chunked
      vary:
      - Accept-Encoding
      x-content-type-options:
      - nosniff
      x-ms-arm-service-request-id:
      - 56c36d40-1772-47a0-aa48-faf99d247b61
    status:
      code: 200
      message: OK
- request:
    body: null
    headers:
      Accept:
      - application/json
      Accept-Encoding:
      - gzip, deflate
      CommandName:
      - vm create
      Connection:
      - keep-alive
      ParameterSetName:
      - -n --image -g --size --host-group --host --generate-ssh-keys
      User-Agent:
      - python/3.8.2 (Windows-10-10.0.18362-SP0) msrest/0.6.11 msrest_azure/0.6.3
        azure-mgmt-network/10.0.0 Azure-SDK-For-Python AZURECLI/2.2.0
      accept-language:
      - en-US
    method: GET
    uri: https://management.azure.com/subscriptions/00000000-0000-0000-0000-000000000000/resourceGroups/cli_test_dedicated_host_000001/providers/Microsoft.Network/publicIPAddresses/ded-host-vmPublicIP?api-version=2018-01-01
  response:
    body:
      string: "{\r\n  \"name\": \"ded-host-vmPublicIP\",\r\n  \"id\": \"/subscriptions/00000000-0000-0000-0000-000000000000/resourceGroups/cli_test_dedicated_host_000001/providers/Microsoft.Network/publicIPAddresses/ded-host-vmPublicIP\",\r\n
        \ \"etag\": \"W/\\\"33ac981f-28cc-4d2c-bb8c-8499a651106d\\\"\",\r\n  \"location\":
        \"westeurope\",\r\n  \"tags\": {},\r\n  \"properties\": {\r\n    \"provisioningState\":
        \"Succeeded\",\r\n    \"resourceGuid\": \"b2ff9289-7d85-46bf-b002-e49ac0e2f03a\",\r\n
        \   \"ipAddress\": \"52.233.235.63\",\r\n    \"publicIPAddressVersion\": \"IPv4\",\r\n
        \   \"publicIPAllocationMethod\": \"Dynamic\",\r\n    \"idleTimeoutInMinutes\":
        4,\r\n    \"ipTags\": [],\r\n    \"ipConfiguration\": {\r\n      \"id\": \"/subscriptions/00000000-0000-0000-0000-000000000000/resourceGroups/cli_test_dedicated_host_000001/providers/Microsoft.Network/networkInterfaces/ded-host-vmVMNic/ipConfigurations/ipconfigded-host-vm\"\r\n
        \   }\r\n  },\r\n  \"type\": \"Microsoft.Network/publicIPAddresses\",\r\n
        \ \"sku\": {\r\n    \"name\": \"Basic\"\r\n  }\r\n}"
    headers:
      cache-control:
      - no-cache
      content-length:
      - '1033'
      content-type:
      - application/json; charset=utf-8
      date:
      - Thu, 26 Mar 2020 13:49:40 GMT
      etag:
      - W/"33ac981f-28cc-4d2c-bb8c-8499a651106d"
      expires:
      - '-1'
      pragma:
      - no-cache
      server:
      - Microsoft-HTTPAPI/2.0
      - Microsoft-HTTPAPI/2.0
      strict-transport-security:
      - max-age=31536000; includeSubDomains
      transfer-encoding:
      - chunked
      vary:
      - Accept-Encoding
      x-content-type-options:
      - nosniff
      x-ms-arm-service-request-id:
      - e75f4568-73ca-4eb2-a03e-334e89678a4e
    status:
      code: 200
      message: OK
- request:
    body: null
    headers:
      Accept:
      - application/json
      Accept-Encoding:
      - gzip, deflate
      CommandName:
      - vm show
      Connection:
      - keep-alive
      ParameterSetName:
      - -n -g
      User-Agent:
      - python/3.8.2 (Windows-10-10.0.18362-SP0) msrest/0.6.11 msrest_azure/0.6.3
        azure-mgmt-compute/12.0.0 Azure-SDK-For-Python AZURECLI/2.2.0
      accept-language:
      - en-US
    method: GET
    uri: https://management.azure.com/subscriptions/00000000-0000-0000-0000-000000000000/resourceGroups/cli_test_dedicated_host_000001/providers/Microsoft.Compute/virtualMachines/ded-host-vm?api-version=2019-07-01
  response:
    body:
      string: "{\r\n  \"name\": \"ded-host-vm\",\r\n  \"id\": \"/subscriptions/00000000-0000-0000-0000-000000000000/resourceGroups/cli_test_dedicated_host_000001/providers/Microsoft.Compute/virtualMachines/ded-host-vm\",\r\n
        \ \"type\": \"Microsoft.Compute/virtualMachines\",\r\n  \"location\": \"westeurope\",\r\n
        \ \"tags\": {},\r\n  \"properties\": {\r\n    \"vmId\": \"651853c6-6404-4ac0-af54-39e2da8557a1\",\r\n
        \   \"host\": {\r\n      \"id\": \"/subscriptions/00000000-0000-0000-0000-000000000000/resourceGroups/CLI_TEST_DEDICATED_HOST_NBLGVXAFI6KOE3JD5CR2PAQA4GBZMI53QXA5NSF5QYFSM3XUHQZ/providers/Microsoft.Compute/hostGroups/my-host-group/hosts/my-host\"\r\n
        \   },\r\n    \"hardwareProfile\": {\r\n      \"vmSize\": \"Standard_D4s_v3\"\r\n
        \   },\r\n    \"storageProfile\": {\r\n      \"imageReference\": {\r\n        \"publisher\":
        \"Debian\",\r\n        \"offer\": \"debian-10\",\r\n        \"sku\": \"10\",\r\n
        \       \"version\": \"latest\",\r\n        \"exactVersion\": \"0.20200210.166\"\r\n
        \     },\r\n      \"osDisk\": {\r\n        \"osType\": \"Linux\",\r\n        \"name\":
        \"ded-host-vm_OsDisk_1_da080ef63f2b4a799939657717aa8088\",\r\n        \"createOption\":
        \"FromImage\",\r\n        \"caching\": \"ReadWrite\",\r\n        \"managedDisk\":
        {\r\n          \"storageAccountType\": \"Premium_LRS\",\r\n          \"id\":
        \"/subscriptions/00000000-0000-0000-0000-000000000000/resourceGroups/CLI_TEST_DEDICATED_HOST_NBLGVXAFI6KOE3JD5CR2PAQA4GBZMI53QXA5NSF5QYFSM3XUHQZ/providers/Microsoft.Compute/disks/ded-host-vm_OsDisk_1_da080ef63f2b4a799939657717aa8088\"\r\n
        \       },\r\n        \"diskSizeGB\": 30\r\n      },\r\n      \"dataDisks\":
        []\r\n    },\r\n    \"osProfile\": {\r\n      \"computerName\": \"ded-host-vm\",\r\n
        \     \"adminUsername\": \"xiaojxu\",\r\n      \"linuxConfiguration\": {\r\n
        \       \"disablePasswordAuthentication\": true,\r\n        \"ssh\": {\r\n
        \         \"publicKeys\": [\r\n            {\r\n              \"path\": \"/home/xiaojxu/.ssh/authorized_keys\",\r\n
        \             \"keyData\": \"ssh-rsa AAAAB3NzaC1yc2EAAAADAQABAAABAQDVTn+0I6HALmT+kJ8KHBnO4+OmJL/6oxY0JE23IKt1HxRaRyHyw62dKImehgsrbiPpkGWPYrS05W6+L5o3wHsV0Pml8Ve6BasVcaviPgGj7EtcB3dPjn7NjmwZNFiS+uexEOOpR7iDH9BexQIgRQHP+Crr5ZKDSw8IgUpmVCzLEOJsCIc8+bAQq9mFSBT3pp79H37J4xS8Po1BLq4n3H49OyTmhwpct6QONb0IXXsh5f0XTbkc/0Bzpye4pNNQCkro6AK+NgJ5ObZdK6C/MCPaFIeBfw5htZQqriLuYbj/VSjjbFK+bThI9ibkWZOdF3WFJcCivqve3eUjXYQqKq2d
        fareast\\\\xiaojxu@DESKTOP-8OVQDD7\\n\"\r\n            }\r\n          ]\r\n
        \       },\r\n        \"provisionVMAgent\": true\r\n      },\r\n      \"secrets\":
        [],\r\n      \"allowExtensionOperations\": true,\r\n      \"requireGuestProvisionSignal\":
        true\r\n    },\r\n    \"networkProfile\": {\"networkInterfaces\":[{\"id\":\"/subscriptions/00000000-0000-0000-0000-000000000000/resourceGroups/cli_test_dedicated_host_000001/providers/Microsoft.Network/networkInterfaces/ded-host-vmVMNic\"}]},\r\n
        \   \"provisioningState\": \"Succeeded\"\r\n  }\r\n}"
    headers:
      cache-control:
      - no-cache
      content-length:
      - '2777'
      content-type:
      - application/json; charset=utf-8
      date:
      - Thu, 26 Mar 2020 13:49:41 GMT
      expires:
      - '-1'
      pragma:
      - no-cache
      server:
      - Microsoft-HTTPAPI/2.0
      - Microsoft-HTTPAPI/2.0
      strict-transport-security:
      - max-age=31536000; includeSubDomains
      transfer-encoding:
      - chunked
      vary:
      - Accept-Encoding
      x-content-type-options:
      - nosniff
      x-ms-ratelimit-remaining-resource:
      - Microsoft.Compute/LowCostGet3Min;3996,Microsoft.Compute/LowCostGet30Min;31996
    status:
      code: 200
      message: OK
- request:
    body: null
    headers:
      Accept:
      - application/json
      Accept-Encoding:
      - gzip, deflate
      CommandName:
      - vm host show
      Connection:
      - keep-alive
      ParameterSetName:
      - --name --host-group -g
      User-Agent:
      - python/3.8.2 (Windows-10-10.0.18362-SP0) msrest/0.6.11 msrest_azure/0.6.3
        azure-mgmt-compute/12.0.0 Azure-SDK-For-Python AZURECLI/2.2.0
      accept-language:
      - en-US
    method: GET
    uri: https://management.azure.com/subscriptions/00000000-0000-0000-0000-000000000000/resourceGroups/cli_test_dedicated_host_000001/providers/Microsoft.Compute/hostGroups/my-host-group/hosts/my-host?api-version=2019-07-01
  response:
    body:
      string: "{\r\n  \"name\": \"my-host\",\r\n  \"id\": \"/subscriptions/00000000-0000-0000-0000-000000000000/resourceGroups/cli_test_dedicated_host_000001/providers/Microsoft.Compute/hostGroups/my-host-group/hosts/my-host\",\r\n
        \ \"location\": \"westeurope\",\r\n  \"tags\": {\r\n    \"bar\": \"baz\"\r\n
        \ },\r\n  \"sku\": {\r\n    \"name\": \"DSv3-Type1\"\r\n  },\r\n  \"properties\":
        {\r\n    \"platformFaultDomain\": 2,\r\n    \"autoReplaceOnFailure\": false,\r\n
        \   \"hostId\": \"98fd18b4-c2c3-472a-81e8-905c3b9b559a\",\r\n    \"virtualMachines\":
        [\r\n      {\r\n        \"id\": \"/subscriptions/00000000-0000-0000-0000-000000000000/resourceGroups/CLI_TEST_DEDICATED_HOST_NBLGVXAFI6KOE3JD5CR2PAQA4GBZMI53QXA5NSF5QYFSM3XUHQZ/providers/Microsoft.Compute/virtualMachines/DED-HOST-VM\"\r\n
        \     }\r\n    ],\r\n    \"provisioningTime\": \"2020-03-26T13:46:24.5721047+00:00\",\r\n
        \   \"provisioningState\": \"Succeeded\"\r\n  }\r\n}"
    headers:
      cache-control:
      - no-cache
      content-length:
      - '872'
      content-type:
      - application/json; charset=utf-8
      date:
      - Thu, 26 Mar 2020 13:49:42 GMT
      expires:
      - '-1'
      pragma:
      - no-cache
      server:
      - Microsoft-HTTPAPI/2.0
      - Microsoft-HTTPAPI/2.0
      strict-transport-security:
      - max-age=31536000; includeSubDomains
      transfer-encoding:
      - chunked
      vary:
      - Accept-Encoding
      x-content-type-options:
      - nosniff
      x-ms-ratelimit-remaining-resource:
      - Microsoft.Compute/GetDedicatedHost3Min;248,Microsoft.Compute/GetDedicatedHost30Min;992
    status:
      code: 200
      message: OK
- request:
    body: null
    headers:
      Accept:
      - application/json
      Accept-Encoding:
      - gzip, deflate
      CommandName:
      - vm host group show
      Connection:
      - keep-alive
      ParameterSetName:
      - --name -g
      User-Agent:
      - python/3.8.2 (Windows-10-10.0.18362-SP0) msrest/0.6.11 msrest_azure/0.6.3
        azure-mgmt-compute/12.0.0 Azure-SDK-For-Python AZURECLI/2.2.0
      accept-language:
      - en-US
    method: GET
    uri: https://management.azure.com/subscriptions/00000000-0000-0000-0000-000000000000/resourceGroups/cli_test_dedicated_host_000001/providers/Microsoft.Compute/hostGroups/my-host-group?api-version=2019-07-01
  response:
    body:
      string: "{\r\n  \"name\": \"my-host-group\",\r\n  \"id\": \"/subscriptions/00000000-0000-0000-0000-000000000000/resourceGroups/CLI_TEST_DEDICATED_HOST_NBLGVXAFI6KOE3JD5CR2PAQA4GBZMI53QXA5NSF5QYFSM3XUHQZ/providers/Microsoft.Compute/hostGroups/my-host-group\",\r\n
        \ \"location\": \"westeurope\",\r\n  \"tags\": {\r\n    \"foo\": \"bar\"\r\n
        \ },\r\n  \"properties\": {\r\n    \"platformFaultDomainCount\": 3,\r\n    \"hosts\":
        [\r\n      {\r\n        \"id\": \"/subscriptions/00000000-0000-0000-0000-000000000000/resourceGroups/CLI_TEST_DEDICATED_HOST_NBLGVXAFI6KOE3JD5CR2PAQA4GBZMI53QXA5NSF5QYFSM3XUHQZ/providers/Microsoft.Compute/hostGroups/MY-HOST-GROUP/hosts/MY-HOST\"\r\n
        \     }\r\n    ]\r\n  }\r\n}"
    headers:
      cache-control:
      - no-cache
      content-length:
      - '634'
      content-type:
      - application/json; charset=utf-8
      date:
      - Thu, 26 Mar 2020 13:49:43 GMT
      expires:
      - '-1'
      pragma:
      - no-cache
      server:
      - Microsoft-HTTPAPI/2.0
      - Microsoft-HTTPAPI/2.0
      strict-transport-security:
      - max-age=31536000; includeSubDomains
      transfer-encoding:
      - chunked
      vary:
      - Accept-Encoding
      x-content-type-options:
      - nosniff
      x-ms-ratelimit-remaining-resource:
      - Microsoft.Compute/GetDedicatedHost30Min;991
    status:
      code: 200
      message: OK
- request:
    body: null
    headers:
      Accept:
      - application/json
      Accept-Encoding:
      - gzip, deflate
      CommandName:
      - vm delete
      Connection:
      - keep-alive
      Content-Length:
      - '0'
      ParameterSetName:
      - --name -g --yes
      User-Agent:
      - python/3.8.2 (Windows-10-10.0.18362-SP0) msrest/0.6.11 msrest_azure/0.6.3
        azure-mgmt-compute/12.0.0 Azure-SDK-For-Python AZURECLI/2.2.0
      accept-language:
      - en-US
    method: DELETE
    uri: https://management.azure.com/subscriptions/00000000-0000-0000-0000-000000000000/resourceGroups/cli_test_dedicated_host_000001/providers/Microsoft.Compute/virtualMachines/ded-host-vm?api-version=2019-07-01
  response:
    body:
      string: ''
    headers:
      azure-asyncnotification:
      - Enabled
      azure-asyncoperation:
      - https://management.azure.com/subscriptions/00000000-0000-0000-0000-000000000000/providers/Microsoft.Compute/locations/westeurope/operations/f00ebdd0-52b7-4f70-b15d-da0a42fabb66?api-version=2019-07-01
      cache-control:
      - no-cache
      content-length:
      - '0'
      date:
      - Thu, 26 Mar 2020 13:49:44 GMT
      expires:
      - '-1'
      location:
      - https://management.azure.com/subscriptions/00000000-0000-0000-0000-000000000000/providers/Microsoft.Compute/locations/westeurope/operations/f00ebdd0-52b7-4f70-b15d-da0a42fabb66?monitor=true&api-version=2019-07-01
      pragma:
      - no-cache
      server:
      - Microsoft-HTTPAPI/2.0
      - Microsoft-HTTPAPI/2.0
      strict-transport-security:
      - max-age=31536000; includeSubDomains
      x-content-type-options:
      - nosniff
      x-ms-ratelimit-remaining-resource:
      - Microsoft.Compute/DeleteVM3Min;239,Microsoft.Compute/DeleteVM30Min;1199
      x-ms-ratelimit-remaining-subscription-deletes:
      - '14988'
    status:
      code: 202
      message: Accepted
- request:
    body: null
    headers:
      Accept:
      - application/json
      Accept-Encoding:
      - gzip, deflate
      CommandName:
      - vm delete
      Connection:
      - keep-alive
      ParameterSetName:
      - --name -g --yes
      User-Agent:
      - python/3.8.2 (Windows-10-10.0.18362-SP0) msrest/0.6.11 msrest_azure/0.6.3
        azure-mgmt-compute/12.0.0 Azure-SDK-For-Python AZURECLI/2.2.0
    method: GET
    uri: https://management.azure.com/subscriptions/00000000-0000-0000-0000-000000000000/providers/Microsoft.Compute/locations/westeurope/operations/f00ebdd0-52b7-4f70-b15d-da0a42fabb66?api-version=2019-07-01
  response:
    body:
      string: "{\r\n  \"startTime\": \"2020-03-26T13:49:45.1036472+00:00\",\r\n  \"status\":
        \"InProgress\",\r\n  \"name\": \"f00ebdd0-52b7-4f70-b15d-da0a42fabb66\"\r\n}"
    headers:
      cache-control:
      - no-cache
      content-length:
      - '134'
      content-type:
      - application/json; charset=utf-8
      date:
      - Thu, 26 Mar 2020 13:49:55 GMT
      expires:
      - '-1'
      pragma:
      - no-cache
      server:
      - Microsoft-HTTPAPI/2.0
      - Microsoft-HTTPAPI/2.0
      strict-transport-security:
      - max-age=31536000; includeSubDomains
      transfer-encoding:
      - chunked
      vary:
      - Accept-Encoding
      x-content-type-options:
      - nosniff
      x-ms-ratelimit-remaining-resource:
      - Microsoft.Compute/GetOperation3Min;14997,Microsoft.Compute/GetOperation30Min;29991
    status:
      code: 200
      message: OK
- request:
    body: null
    headers:
      Accept:
      - application/json
      Accept-Encoding:
      - gzip, deflate
      CommandName:
      - vm delete
      Connection:
      - keep-alive
      ParameterSetName:
      - --name -g --yes
      User-Agent:
      - python/3.8.2 (Windows-10-10.0.18362-SP0) msrest/0.6.11 msrest_azure/0.6.3
        azure-mgmt-compute/12.0.0 Azure-SDK-For-Python AZURECLI/2.2.0
    method: GET
    uri: https://management.azure.com/subscriptions/00000000-0000-0000-0000-000000000000/providers/Microsoft.Compute/locations/westeurope/operations/f00ebdd0-52b7-4f70-b15d-da0a42fabb66?api-version=2019-07-01
  response:
    body:
      string: "{\r\n  \"startTime\": \"2020-03-26T13:49:45.1036472+00:00\",\r\n  \"status\":
        \"InProgress\",\r\n  \"name\": \"f00ebdd0-52b7-4f70-b15d-da0a42fabb66\"\r\n}"
    headers:
      cache-control:
      - no-cache
      content-length:
      - '134'
      content-type:
      - application/json; charset=utf-8
      date:
      - Thu, 26 Mar 2020 13:50:25 GMT
      expires:
      - '-1'
      pragma:
      - no-cache
      server:
      - Microsoft-HTTPAPI/2.0
      - Microsoft-HTTPAPI/2.0
      strict-transport-security:
      - max-age=31536000; includeSubDomains
      transfer-encoding:
      - chunked
      vary:
      - Accept-Encoding
      x-content-type-options:
      - nosniff
      x-ms-ratelimit-remaining-resource:
      - Microsoft.Compute/GetOperation3Min;14996,Microsoft.Compute/GetOperation30Min;29990
    status:
      code: 200
      message: OK
- request:
    body: null
    headers:
      Accept:
      - application/json
      Accept-Encoding:
      - gzip, deflate
      CommandName:
      - vm delete
      Connection:
      - keep-alive
      ParameterSetName:
      - --name -g --yes
      User-Agent:
      - python/3.8.2 (Windows-10-10.0.18362-SP0) msrest/0.6.11 msrest_azure/0.6.3
        azure-mgmt-compute/12.0.0 Azure-SDK-For-Python AZURECLI/2.2.0
    method: GET
    uri: https://management.azure.com/subscriptions/00000000-0000-0000-0000-000000000000/providers/Microsoft.Compute/locations/westeurope/operations/f00ebdd0-52b7-4f70-b15d-da0a42fabb66?api-version=2019-07-01
  response:
    body:
      string: "{\r\n  \"startTime\": \"2020-03-26T13:49:45.1036472+00:00\",\r\n  \"status\":
        \"InProgress\",\r\n  \"name\": \"f00ebdd0-52b7-4f70-b15d-da0a42fabb66\"\r\n}"
    headers:
      cache-control:
      - no-cache
      content-length:
      - '134'
      content-type:
      - application/json; charset=utf-8
      date:
      - Thu, 26 Mar 2020 13:50:56 GMT
      expires:
      - '-1'
      pragma:
      - no-cache
      server:
      - Microsoft-HTTPAPI/2.0
      - Microsoft-HTTPAPI/2.0
      strict-transport-security:
      - max-age=31536000; includeSubDomains
      transfer-encoding:
      - chunked
      vary:
      - Accept-Encoding
      x-content-type-options:
      - nosniff
      x-ms-ratelimit-remaining-resource:
      - Microsoft.Compute/GetOperation3Min;14995,Microsoft.Compute/GetOperation30Min;29989
    status:
      code: 200
      message: OK
- request:
    body: null
    headers:
      Accept:
      - application/json
      Accept-Encoding:
      - gzip, deflate
      CommandName:
      - vm delete
      Connection:
      - keep-alive
      ParameterSetName:
      - --name -g --yes
      User-Agent:
      - python/3.8.2 (Windows-10-10.0.18362-SP0) msrest/0.6.11 msrest_azure/0.6.3
        azure-mgmt-compute/12.0.0 Azure-SDK-For-Python AZURECLI/2.2.0
    method: GET
    uri: https://management.azure.com/subscriptions/00000000-0000-0000-0000-000000000000/providers/Microsoft.Compute/locations/westeurope/operations/f00ebdd0-52b7-4f70-b15d-da0a42fabb66?api-version=2019-07-01
  response:
    body:
      string: "{\r\n  \"startTime\": \"2020-03-26T13:49:45.1036472+00:00\",\r\n  \"status\":
        \"InProgress\",\r\n  \"name\": \"f00ebdd0-52b7-4f70-b15d-da0a42fabb66\"\r\n}"
    headers:
      cache-control:
      - no-cache
      content-length:
      - '134'
      content-type:
      - application/json; charset=utf-8
      date:
      - Thu, 26 Mar 2020 13:51:26 GMT
      expires:
      - '-1'
      pragma:
      - no-cache
      server:
      - Microsoft-HTTPAPI/2.0
      - Microsoft-HTTPAPI/2.0
      strict-transport-security:
      - max-age=31536000; includeSubDomains
      transfer-encoding:
      - chunked
      vary:
      - Accept-Encoding
      x-content-type-options:
      - nosniff
      x-ms-ratelimit-remaining-resource:
      - Microsoft.Compute/GetOperation3Min;14994,Microsoft.Compute/GetOperation30Min;29988
    status:
      code: 200
      message: OK
- request:
    body: null
    headers:
      Accept:
      - application/json
      Accept-Encoding:
      - gzip, deflate
      CommandName:
      - vm delete
      Connection:
      - keep-alive
      ParameterSetName:
      - --name -g --yes
      User-Agent:
      - python/3.8.2 (Windows-10-10.0.18362-SP0) msrest/0.6.11 msrest_azure/0.6.3
        azure-mgmt-compute/12.0.0 Azure-SDK-For-Python AZURECLI/2.2.0
    method: GET
    uri: https://management.azure.com/subscriptions/00000000-0000-0000-0000-000000000000/providers/Microsoft.Compute/locations/westeurope/operations/f00ebdd0-52b7-4f70-b15d-da0a42fabb66?api-version=2019-07-01
  response:
    body:
      string: "{\r\n  \"startTime\": \"2020-03-26T13:49:45.1036472+00:00\",\r\n  \"status\":
        \"InProgress\",\r\n  \"name\": \"f00ebdd0-52b7-4f70-b15d-da0a42fabb66\"\r\n}"
    headers:
      cache-control:
      - no-cache
      content-length:
      - '134'
      content-type:
      - application/json; charset=utf-8
      date:
      - Thu, 26 Mar 2020 13:51:56 GMT
      expires:
      - '-1'
      pragma:
      - no-cache
      server:
      - Microsoft-HTTPAPI/2.0
      - Microsoft-HTTPAPI/2.0
      strict-transport-security:
      - max-age=31536000; includeSubDomains
      transfer-encoding:
      - chunked
      vary:
      - Accept-Encoding
      x-content-type-options:
      - nosniff
      x-ms-ratelimit-remaining-resource:
      - Microsoft.Compute/GetOperation3Min;14992,Microsoft.Compute/GetOperation30Min;29986
    status:
      code: 200
      message: OK
- request:
    body: null
    headers:
      Accept:
      - application/json
      Accept-Encoding:
      - gzip, deflate
      CommandName:
      - vm delete
      Connection:
      - keep-alive
      ParameterSetName:
      - --name -g --yes
      User-Agent:
      - python/3.8.2 (Windows-10-10.0.18362-SP0) msrest/0.6.11 msrest_azure/0.6.3
        azure-mgmt-compute/12.0.0 Azure-SDK-For-Python AZURECLI/2.2.0
    method: GET
    uri: https://management.azure.com/subscriptions/00000000-0000-0000-0000-000000000000/providers/Microsoft.Compute/locations/westeurope/operations/f00ebdd0-52b7-4f70-b15d-da0a42fabb66?api-version=2019-07-01
  response:
    body:
      string: "{\r\n  \"startTime\": \"2020-03-26T13:49:45.1036472+00:00\",\r\n  \"endTime\":
        \"2020-03-26T13:52:26.5724207+00:00\",\r\n  \"status\": \"Succeeded\",\r\n
        \ \"name\": \"f00ebdd0-52b7-4f70-b15d-da0a42fabb66\"\r\n}"
    headers:
      cache-control:
      - no-cache
      content-length:
      - '184'
      content-type:
      - application/json; charset=utf-8
      date:
      - Thu, 26 Mar 2020 13:52:27 GMT
      expires:
      - '-1'
      pragma:
      - no-cache
      server:
      - Microsoft-HTTPAPI/2.0
      - Microsoft-HTTPAPI/2.0
      strict-transport-security:
      - max-age=31536000; includeSubDomains
      transfer-encoding:
      - chunked
      vary:
      - Accept-Encoding
      x-content-type-options:
      - nosniff
      x-ms-ratelimit-remaining-resource:
      - Microsoft.Compute/GetOperation3Min;14993,Microsoft.Compute/GetOperation30Min;29985
    status:
      code: 200
      message: OK
- request:
    body: null
    headers:
      Accept:
      - application/json
      Accept-Encoding:
      - gzip, deflate
      CommandName:
      - vm host delete
      Connection:
      - keep-alive
      Content-Length:
      - '0'
      ParameterSetName:
      - --name --host-group -g --yes
      User-Agent:
      - python/3.8.2 (Windows-10-10.0.18362-SP0) msrest/0.6.11 msrest_azure/0.6.3
        azure-mgmt-compute/12.0.0 Azure-SDK-For-Python AZURECLI/2.2.0
      accept-language:
      - en-US
    method: DELETE
    uri: https://management.azure.com/subscriptions/00000000-0000-0000-0000-000000000000/resourceGroups/cli_test_dedicated_host_000001/providers/Microsoft.Compute/hostGroups/my-host-group/hosts/my-host?api-version=2019-07-01
  response:
    body:
      string: ''
    headers:
      azure-asyncnotification:
      - Enabled
      azure-asyncoperation:
      - https://management.azure.com/subscriptions/00000000-0000-0000-0000-000000000000/providers/Microsoft.Compute/locations/westeurope/operations/8409810d-a155-4b43-a5a4-6271c0751754?api-version=2019-07-01
      cache-control:
      - no-cache
      content-length:
      - '0'
      date:
      - Thu, 26 Mar 2020 13:52:29 GMT
      expires:
      - '-1'
      location:
      - https://management.azure.com/subscriptions/00000000-0000-0000-0000-000000000000/providers/Microsoft.Compute/locations/westeurope/operations/8409810d-a155-4b43-a5a4-6271c0751754?monitor=true&api-version=2019-07-01
      pragma:
      - no-cache
      server:
      - Microsoft-HTTPAPI/2.0
      - Microsoft-HTTPAPI/2.0
      strict-transport-security:
      - max-age=31536000; includeSubDomains
      x-content-type-options:
      - nosniff
      x-ms-ratelimit-remaining-resource:
      - Microsoft.Compute/PutDeleteDedicatedHost3Min;119,Microsoft.Compute/PutDeleteDedicatedHost30Min;594
      x-ms-ratelimit-remaining-subscription-deletes:
      - '14992'
    status:
      code: 202
      message: Accepted
- request:
    body: null
    headers:
      Accept:
      - application/json
      Accept-Encoding:
      - gzip, deflate
      CommandName:
      - vm host delete
      Connection:
      - keep-alive
      ParameterSetName:
      - --name --host-group -g --yes
      User-Agent:
      - python/3.8.2 (Windows-10-10.0.18362-SP0) msrest/0.6.11 msrest_azure/0.6.3
        azure-mgmt-compute/12.0.0 Azure-SDK-For-Python AZURECLI/2.2.0
    method: GET
    uri: https://management.azure.com/subscriptions/00000000-0000-0000-0000-000000000000/providers/Microsoft.Compute/locations/westeurope/operations/8409810d-a155-4b43-a5a4-6271c0751754?api-version=2019-07-01
  response:
    body:
      string: "{\r\n  \"startTime\": \"2020-03-26T13:52:29.3380529+00:00\",\r\n  \"endTime\":
        \"2020-03-26T13:52:29.4005897+00:00\",\r\n  \"status\": \"Succeeded\",\r\n
        \ \"name\": \"8409810d-a155-4b43-a5a4-6271c0751754\"\r\n}"
    headers:
      cache-control:
      - no-cache
      content-length:
      - '184'
      content-type:
      - application/json; charset=utf-8
      date:
      - Thu, 26 Mar 2020 13:52:59 GMT
      expires:
      - '-1'
      pragma:
      - no-cache
      server:
      - Microsoft-HTTPAPI/2.0
      - Microsoft-HTTPAPI/2.0
      strict-transport-security:
      - max-age=31536000; includeSubDomains
      transfer-encoding:
      - chunked
      vary:
      - Accept-Encoding
      x-content-type-options:
      - nosniff
      x-ms-ratelimit-remaining-resource:
      - Microsoft.Compute/GetOperation3Min;14991,Microsoft.Compute/GetOperation30Min;29982
    status:
      code: 200
      message: OK
- request:
    body: null
    headers:
      Accept:
      - application/json
      Accept-Encoding:
      - gzip, deflate
      CommandName:
      - vm host group delete
      Connection:
      - keep-alive
      Content-Length:
      - '0'
      ParameterSetName:
      - --name -g --yes
      User-Agent:
      - python/3.8.2 (Windows-10-10.0.18362-SP0) msrest/0.6.11 msrest_azure/0.6.3
        azure-mgmt-compute/12.0.0 Azure-SDK-For-Python AZURECLI/2.2.0
      accept-language:
      - en-US
    method: DELETE
    uri: https://management.azure.com/subscriptions/00000000-0000-0000-0000-000000000000/resourceGroups/cli_test_dedicated_host_000001/providers/Microsoft.Compute/hostGroups/my-host-group?api-version=2019-07-01
  response:
    body:
      string: ''
    headers:
      cache-control:
      - no-cache
      content-length:
      - '0'
      date:
      - Thu, 26 Mar 2020 13:53:05 GMT
      expires:
      - '-1'
      pragma:
      - no-cache
      server:
      - Microsoft-HTTPAPI/2.0
      - Microsoft-HTTPAPI/2.0
      strict-transport-security:
      - max-age=31536000; includeSubDomains
      x-content-type-options:
      - nosniff
      x-ms-ratelimit-remaining-resource:
      - Microsoft.Compute/PutDeleteDedicatedHost3Min;118,Microsoft.Compute/PutDeleteDedicatedHost30Min;593
      x-ms-ratelimit-remaining-subscription-deletes:
      - '14990'
    status:
      code: 200
      message: OK
version: 1
