interactions:
- request:
    body: null
    headers:
      Accept:
      - application/json
      Accept-Encoding:
      - gzip, deflate
      CommandName:
      - disk create
      Connection:
      - keep-alive
      ParameterSetName:
      - -g -n --size-gb --data-access-auth-mode
      User-Agent:
      - AZURECLI/2.43.0 azsdk-python-azure-mgmt-resource/21.1.0b1 Python/3.10.9 (Windows-10-10.0.22621-SP0)
    method: GET
    uri: https://management.azure.com/subscriptions/00000000-0000-0000-0000-000000000000/resourcegroups/cli_test_disk_data_access_auth_mode_000001?api-version=2021-04-01
  response:
    body:
      string: '{"id":"/subscriptions/00000000-0000-0000-0000-000000000000/resourceGroups/cli_test_disk_data_access_auth_mode_000001","name":"cli_test_disk_data_access_auth_mode_000001","type":"Microsoft.Resources/resourceGroups","location":"eastus2euap","tags":{"product":"azurecli","cause":"automation","date":"2022-12-16T02:50:14Z"},"properties":{"provisioningState":"Succeeded"}}'
    headers:
      cache-control:
      - no-cache
      content-length:
      - '367'
      content-type:
      - application/json; charset=utf-8
      date:
      - Fri, 16 Dec 2022 02:50:17 GMT
      expires:
      - '-1'
      pragma:
      - no-cache
      strict-transport-security:
      - max-age=31536000; includeSubDomains
      vary:
      - Accept-Encoding
      x-content-type-options:
      - nosniff
    status:
      code: 200
      message: OK
- request:
    body: '{"location": "eastus2euap", "tags": {}, "sku": {"name": "Premium_LRS"},
      "properties": {"hyperVGeneration": "V1", "creationData": {"createOption": "Empty"},
      "diskSizeGB": 10, "dataAccessAuthMode": "AzureActiveDirectory"}}'
    headers:
      Accept:
      - application/json
      Accept-Encoding:
      - gzip, deflate
      CommandName:
      - disk create
      Connection:
      - keep-alive
      Content-Length:
      - '220'
      Content-Type:
      - application/json
      ParameterSetName:
      - -g -n --size-gb --data-access-auth-mode
      User-Agent:
      - AZURECLI/2.43.0 azsdk-python-azure-mgmt-compute/29.0.0 Python/3.10.9 (Windows-10-10.0.22621-SP0)
    method: PUT
    uri: https://management.azure.com/subscriptions/00000000-0000-0000-0000-000000000000/resourceGroups/cli_test_disk_data_access_auth_mode_000001/providers/Microsoft.Compute/disks/disk-000002?api-version=2022-07-02
  response:
    body:
      string: "{\r\n  \"name\": \"disk-000002\",\r\n  \"id\": \"/subscriptions/00000000-0000-0000-0000-000000000000/resourceGroups/cli_test_disk_data_access_auth_mode_000001/providers/Microsoft.Compute/disks/disk-000002\"\
        ,\r\n  \"type\": \"Microsoft.Compute/disks\",\r\n  \"location\": \"eastus2euap\"\
        ,\r\n  \"tags\": {},\r\n  \"sku\": {\r\n    \"name\": \"Premium_LRS\"\r\n\
        \  },\r\n  \"properties\": {\r\n    \"hyperVGeneration\": \"V1\",\r\n    \"\
        creationData\": {\r\n      \"createOption\": \"Empty\"\r\n    },\r\n    \"\
        diskSizeGB\": 10,\r\n    \"dataAccessAuthMode\": \"AzureActiveDirectory\"\
        ,\r\n    \"provisioningState\": \"Updating\"\r\n  }\r\n}"
    headers:
      azure-asyncoperation:
      - https://management.azure.com/subscriptions/00000000-0000-0000-0000-000000000000/providers/Microsoft.Compute/locations/eastus2euap/DiskOperations/76923398-7ad6-41e4-a286-1e3f5b137bf7?p=88376d82-510f-4098-9fed-60d0fb8eb079&api-version=2022-07-02
      cache-control:
      - no-cache
      content-length:
      - '554'
      content-type:
      - application/json; charset=utf-8
      date:
      - Fri, 16 Dec 2022 02:50:22 GMT
      expires:
      - '-1'
      location:
      - https://management.azure.com/subscriptions/00000000-0000-0000-0000-000000000000/providers/Microsoft.Compute/locations/eastus2euap/DiskOperations/76923398-7ad6-41e4-a286-1e3f5b137bf7?p=88376d82-510f-4098-9fed-60d0fb8eb079&monitor=true&api-version=2022-07-02
      pragma:
      - no-cache
      server:
      - Microsoft-HTTPAPI/2.0
      - Microsoft-HTTPAPI/2.0
      strict-transport-security:
      - max-age=31536000; includeSubDomains
      x-content-type-options:
      - nosniff
      x-ms-ratelimit-remaining-resource:
      - Microsoft.Compute/CreateUpdateDisks3Min;999,Microsoft.Compute/CreateUpdateDisks30Min;7998
      x-ms-ratelimit-remaining-subscription-writes:
      - '1197'
    status:
      code: 202
      message: Accepted
- request:
    body: null
    headers:
      Accept:
      - '*/*'
      Accept-Encoding:
      - gzip, deflate
      CommandName:
      - disk create
      Connection:
      - keep-alive
      ParameterSetName:
      - -g -n --size-gb --data-access-auth-mode
      User-Agent:
      - AZURECLI/2.43.0 azsdk-python-azure-mgmt-compute/29.0.0 Python/3.10.9 (Windows-10-10.0.22621-SP0)
    method: GET
    uri: https://management.azure.com/subscriptions/00000000-0000-0000-0000-000000000000/providers/Microsoft.Compute/locations/eastus2euap/DiskOperations/76923398-7ad6-41e4-a286-1e3f5b137bf7?p=88376d82-510f-4098-9fed-60d0fb8eb079&api-version=2022-07-02
  response:
    body:
      string: "{\r\n  \"startTime\": \"2022-12-16T02:50:23.0121245+00:00\",\r\n  \"\
        endTime\": \"2022-12-16T02:50:23.1371824+00:00\",\r\n  \"status\": \"Succeeded\"\
        ,\r\n  \"properties\": {\r\n    \"output\": {\r\n  \"name\": \"disk-000002\"\
        ,\r\n  \"id\": \"/subscriptions/00000000-0000-0000-0000-000000000000/resourceGroups/cli_test_disk_data_access_auth_mode_000001/providers/Microsoft.Compute/disks/disk-000002\"\
        ,\r\n  \"type\": \"Microsoft.Compute/disks\",\r\n  \"location\": \"eastus2euap\"\
        ,\r\n  \"tags\": {},\r\n  \"sku\": {\r\n    \"name\": \"Premium_LRS\",\r\n\
        \    \"tier\": \"Premium\"\r\n  },\r\n  \"properties\": {\r\n    \"hyperVGeneration\"\
        : \"V1\",\r\n    \"creationData\": {\r\n      \"createOption\": \"Empty\"\r\
        \n    },\r\n    \"diskSizeGB\": 10,\r\n    \"diskIOPSReadWrite\": 120,\r\n\
        \    \"diskMBpsReadWrite\": 25,\r\n    \"encryption\": {\r\n      \"type\"\
        : \"EncryptionAtRestWithPlatformKey\"\r\n    },\r\n    \"networkAccessPolicy\"\
        : \"AllowAll\",\r\n    \"publicNetworkAccess\": \"Enabled\",\r\n    \"dataAccessAuthMode\"\
        : \"AzureActiveDirectory\",\r\n    \"timeCreated\": \"2022-12-16T02:50:23.0121245+00:00\"\
        ,\r\n    \"provisioningState\": \"Succeeded\",\r\n    \"diskState\": \"Unattached\"\
        ,\r\n    \"diskSizeBytes\": 10737418240,\r\n    \"uniqueId\": \"19a630a1-1198-4d74-a39c-120265082141\"\
        ,\r\n    \"tier\": \"P3\"\r\n  }\r\n}\r\n  },\r\n  \"name\": \"76923398-7ad6-41e4-a286-1e3f5b137bf7\"\
        \r\n}"
    headers:
      cache-control:
      - no-cache
      content-length:
      - '1222'
      content-type:
      - application/json; charset=utf-8
      date:
      - Fri, 16 Dec 2022 02:50:25 GMT
      expires:
      - '-1'
      pragma:
      - no-cache
      server:
      - Microsoft-HTTPAPI/2.0
      - Microsoft-HTTPAPI/2.0
      strict-transport-security:
      - max-age=31536000; includeSubDomains
      transfer-encoding:
      - chunked
      vary:
      - Accept-Encoding
      x-content-type-options:
      - nosniff
      x-ms-ratelimit-remaining-resource:
      - Microsoft.Compute/GetOperation3Min;49999,Microsoft.Compute/GetOperation30Min;399963
    status:
      code: 200
      message: OK
- request:
    body: null
    headers:
      Accept:
      - '*/*'
      Accept-Encoding:
      - gzip, deflate
      CommandName:
      - disk create
      Connection:
      - keep-alive
      ParameterSetName:
      - -g -n --size-gb --data-access-auth-mode
      User-Agent:
      - AZURECLI/2.43.0 azsdk-python-azure-mgmt-compute/29.0.0 Python/3.10.9 (Windows-10-10.0.22621-SP0)
    method: GET
    uri: https://management.azure.com/subscriptions/00000000-0000-0000-0000-000000000000/resourceGroups/cli_test_disk_data_access_auth_mode_000001/providers/Microsoft.Compute/disks/disk-000002?api-version=2022-07-02
  response:
    body:
      string: "{\r\n  \"name\": \"disk-000002\",\r\n  \"id\": \"/subscriptions/00000000-0000-0000-0000-000000000000/resourceGroups/cli_test_disk_data_access_auth_mode_000001/providers/Microsoft.Compute/disks/disk-000002\"\
        ,\r\n  \"type\": \"Microsoft.Compute/disks\",\r\n  \"location\": \"eastus2euap\"\
        ,\r\n  \"tags\": {},\r\n  \"sku\": {\r\n    \"name\": \"Premium_LRS\",\r\n\
        \    \"tier\": \"Premium\"\r\n  },\r\n  \"properties\": {\r\n    \"hyperVGeneration\"\
        : \"V1\",\r\n    \"creationData\": {\r\n      \"createOption\": \"Empty\"\r\
        \n    },\r\n    \"diskSizeGB\": 10,\r\n    \"diskIOPSReadWrite\": 120,\r\n\
        \    \"diskMBpsReadWrite\": 25,\r\n    \"encryption\": {\r\n      \"type\"\
        : \"EncryptionAtRestWithPlatformKey\"\r\n    },\r\n    \"networkAccessPolicy\"\
        : \"AllowAll\",\r\n    \"publicNetworkAccess\": \"Enabled\",\r\n    \"dataAccessAuthMode\"\
        : \"AzureActiveDirectory\",\r\n    \"timeCreated\": \"2022-12-16T02:50:23.0121245+00:00\"\
        ,\r\n    \"provisioningState\": \"Succeeded\",\r\n    \"diskState\": \"Unattached\"\
        ,\r\n    \"diskSizeBytes\": 10737418240,\r\n    \"uniqueId\": \"19a630a1-1198-4d74-a39c-120265082141\"\
        ,\r\n    \"tier\": \"P3\"\r\n  }\r\n}"
    headers:
      cache-control:
      - no-cache
      content-length:
      - '997'
      content-type:
      - application/json; charset=utf-8
      date:
      - Fri, 16 Dec 2022 02:50:25 GMT
      expires:
      - '-1'
      pragma:
      - no-cache
      server:
      - Microsoft-HTTPAPI/2.0
      - Microsoft-HTTPAPI/2.0
      strict-transport-security:
      - max-age=31536000; includeSubDomains
      transfer-encoding:
      - chunked
      vary:
      - Accept-Encoding
      x-content-type-options:
      - nosniff
      x-ms-ratelimit-remaining-resource:
      - Microsoft.Compute/LowCostGet3Min;14993,Microsoft.Compute/LowCostGet30Min;119904
    status:
      code: 200
      message: OK
- request:
    body: null
    headers:
      Accept:
      - application/json
      Accept-Encoding:
      - gzip, deflate
      CommandName:
      - disk create
      Connection:
      - keep-alive
      ParameterSetName:
      - -g -n --size-gb --data-access-auth-mode
      User-Agent:
      - AZURECLI/2.43.0 azsdk-python-azure-mgmt-resource/21.1.0b1 Python/3.10.9 (Windows-10-10.0.22621-SP0)
    method: GET
    uri: https://management.azure.com/subscriptions/00000000-0000-0000-0000-000000000000/resourcegroups/cli_test_disk_data_access_auth_mode_000001?api-version=2021-04-01
  response:
    body:
      string: '{"id":"/subscriptions/00000000-0000-0000-0000-000000000000/resourceGroups/cli_test_disk_data_access_auth_mode_000001","name":"cli_test_disk_data_access_auth_mode_000001","type":"Microsoft.Resources/resourceGroups","location":"eastus2euap","tags":{"product":"azurecli","cause":"automation","date":"2022-12-16T02:50:14Z"},"properties":{"provisioningState":"Succeeded"}}'
    headers:
      cache-control:
      - no-cache
      content-length:
      - '367'
      content-type:
      - application/json; charset=utf-8
      date:
      - Fri, 16 Dec 2022 02:50:26 GMT
      expires:
      - '-1'
      pragma:
      - no-cache
      strict-transport-security:
      - max-age=31536000; includeSubDomains
      vary:
      - Accept-Encoding
      x-content-type-options:
      - nosniff
    status:
      code: 200
      message: OK
- request:
    body: '{"location": "eastus2euap", "tags": {}, "sku": {"name": "Premium_LRS"},
      "properties": {"hyperVGeneration": "V1", "creationData": {"createOption": "Empty"},
      "diskSizeGB": 10, "dataAccessAuthMode": "None"}}'
    headers:
      Accept:
      - application/json
      Accept-Encoding:
      - gzip, deflate
      CommandName:
      - disk create
      Connection:
      - keep-alive
      Content-Length:
      - '204'
      Content-Type:
      - application/json
      ParameterSetName:
      - -g -n --size-gb --data-access-auth-mode
      User-Agent:
      - AZURECLI/2.43.0 azsdk-python-azure-mgmt-compute/29.0.0 Python/3.10.9 (Windows-10-10.0.22621-SP0)
    method: PUT
    uri: https://management.azure.com/subscriptions/00000000-0000-0000-0000-000000000000/resourceGroups/cli_test_disk_data_access_auth_mode_000001/providers/Microsoft.Compute/disks/disk-000003?api-version=2022-07-02
  response:
    body:
      string: "{\r\n  \"name\": \"disk-000003\",\r\n  \"id\": \"/subscriptions/00000000-0000-0000-0000-000000000000/resourceGroups/cli_test_disk_data_access_auth_mode_000001/providers/Microsoft.Compute/disks/disk-000003\"\
        ,\r\n  \"type\": \"Microsoft.Compute/disks\",\r\n  \"location\": \"eastus2euap\"\
        ,\r\n  \"tags\": {},\r\n  \"sku\": {\r\n    \"name\": \"Premium_LRS\"\r\n\
        \  },\r\n  \"properties\": {\r\n    \"hyperVGeneration\": \"V1\",\r\n    \"\
        creationData\": {\r\n      \"createOption\": \"Empty\"\r\n    },\r\n    \"\
        diskSizeGB\": 10,\r\n    \"dataAccessAuthMode\": \"None\",\r\n    \"provisioningState\"\
        : \"Updating\"\r\n  }\r\n}"
    headers:
      azure-asyncoperation:
      - https://management.azure.com/subscriptions/00000000-0000-0000-0000-000000000000/providers/Microsoft.Compute/locations/eastus2euap/DiskOperations/1cc3028c-813d-4ba3-a987-71a3339078b0?p=88376d82-510f-4098-9fed-60d0fb8eb079&api-version=2022-07-02
      cache-control:
      - no-cache
      content-length:
      - '538'
      content-type:
      - application/json; charset=utf-8
      date:
      - Fri, 16 Dec 2022 02:50:35 GMT
      expires:
      - '-1'
      location:
      - https://management.azure.com/subscriptions/00000000-0000-0000-0000-000000000000/providers/Microsoft.Compute/locations/eastus2euap/DiskOperations/1cc3028c-813d-4ba3-a987-71a3339078b0?p=88376d82-510f-4098-9fed-60d0fb8eb079&monitor=true&api-version=2022-07-02
      pragma:
      - no-cache
      server:
      - Microsoft-HTTPAPI/2.0
      - Microsoft-HTTPAPI/2.0
      strict-transport-security:
      - max-age=31536000; includeSubDomains
      x-content-type-options:
      - nosniff
      x-ms-ratelimit-remaining-resource:
      - Microsoft.Compute/CreateUpdateDisks3Min;998,Microsoft.Compute/CreateUpdateDisks30Min;7997
      x-ms-ratelimit-remaining-subscription-writes:
      - '1196'
    status:
      code: 202
      message: Accepted
- request:
    body: null
    headers:
      Accept:
      - '*/*'
      Accept-Encoding:
      - gzip, deflate
      CommandName:
      - disk create
      Connection:
      - keep-alive
      ParameterSetName:
      - -g -n --size-gb --data-access-auth-mode
      User-Agent:
      - AZURECLI/2.43.0 azsdk-python-azure-mgmt-compute/29.0.0 Python/3.10.9 (Windows-10-10.0.22621-SP0)
    method: GET
    uri: https://management.azure.com/subscriptions/00000000-0000-0000-0000-000000000000/providers/Microsoft.Compute/locations/eastus2euap/DiskOperations/1cc3028c-813d-4ba3-a987-71a3339078b0?p=88376d82-510f-4098-9fed-60d0fb8eb079&api-version=2022-07-02
  response:
    body:
      string: "{\r\n  \"startTime\": \"2022-12-16T02:50:35.8876131+00:00\",\r\n  \"\
        endTime\": \"2022-12-16T02:50:35.9969898+00:00\",\r\n  \"status\": \"Succeeded\"\
        ,\r\n  \"properties\": {\r\n    \"output\": {\r\n  \"name\": \"disk-000003\"\
        ,\r\n  \"id\": \"/subscriptions/00000000-0000-0000-0000-000000000000/resourceGroups/cli_test_disk_data_access_auth_mode_000001/providers/Microsoft.Compute/disks/disk-000003\"\
        ,\r\n  \"type\": \"Microsoft.Compute/disks\",\r\n  \"location\": \"eastus2euap\"\
        ,\r\n  \"tags\": {},\r\n  \"sku\": {\r\n    \"name\": \"Premium_LRS\",\r\n\
        \    \"tier\": \"Premium\"\r\n  },\r\n  \"properties\": {\r\n    \"hyperVGeneration\"\
        : \"V1\",\r\n    \"creationData\": {\r\n      \"createOption\": \"Empty\"\r\
        \n    },\r\n    \"diskSizeGB\": 10,\r\n    \"diskIOPSReadWrite\": 120,\r\n\
        \    \"diskMBpsReadWrite\": 25,\r\n    \"encryption\": {\r\n      \"type\"\
        : \"EncryptionAtRestWithPlatformKey\"\r\n    },\r\n    \"networkAccessPolicy\"\
        : \"AllowAll\",\r\n    \"publicNetworkAccess\": \"Enabled\",\r\n    \"dataAccessAuthMode\"\
        : \"None\",\r\n    \"timeCreated\": \"2022-12-16T02:50:35.9032196+00:00\"\
        ,\r\n    \"provisioningState\": \"Succeeded\",\r\n    \"diskState\": \"Unattached\"\
        ,\r\n    \"diskSizeBytes\": 10737418240,\r\n    \"uniqueId\": \"9cad93c7-1de2-4035-923d-5513d6a0d401\"\
        ,\r\n    \"tier\": \"P3\"\r\n  }\r\n}\r\n  },\r\n  \"name\": \"1cc3028c-813d-4ba3-a987-71a3339078b0\"\
        \r\n}"
    headers:
      cache-control:
      - no-cache
      content-length:
      - '1206'
      content-type:
      - application/json; charset=utf-8
      date:
      - Fri, 16 Dec 2022 02:50:38 GMT
      expires:
      - '-1'
      pragma:
      - no-cache
      server:
      - Microsoft-HTTPAPI/2.0
      - Microsoft-HTTPAPI/2.0
      strict-transport-security:
      - max-age=31536000; includeSubDomains
      transfer-encoding:
      - chunked
      vary:
      - Accept-Encoding
      x-content-type-options:
      - nosniff
      x-ms-ratelimit-remaining-resource:
      - Microsoft.Compute/GetOperation3Min;49997,Microsoft.Compute/GetOperation30Min;399961
    status:
      code: 200
      message: OK
- request:
    body: null
    headers:
      Accept:
      - '*/*'
      Accept-Encoding:
      - gzip, deflate
      CommandName:
      - disk create
      Connection:
      - keep-alive
      ParameterSetName:
      - -g -n --size-gb --data-access-auth-mode
      User-Agent:
      - AZURECLI/2.43.0 azsdk-python-azure-mgmt-compute/29.0.0 Python/3.10.9 (Windows-10-10.0.22621-SP0)
    method: GET
    uri: https://management.azure.com/subscriptions/00000000-0000-0000-0000-000000000000/resourceGroups/cli_test_disk_data_access_auth_mode_000001/providers/Microsoft.Compute/disks/disk-000003?api-version=2022-07-02
  response:
    body:
      string: "{\r\n  \"name\": \"disk-000003\",\r\n  \"id\": \"/subscriptions/00000000-0000-0000-0000-000000000000/resourceGroups/cli_test_disk_data_access_auth_mode_000001/providers/Microsoft.Compute/disks/disk-000003\"\
        ,\r\n  \"type\": \"Microsoft.Compute/disks\",\r\n  \"location\": \"eastus2euap\"\
        ,\r\n  \"tags\": {},\r\n  \"sku\": {\r\n    \"name\": \"Premium_LRS\",\r\n\
        \    \"tier\": \"Premium\"\r\n  },\r\n  \"properties\": {\r\n    \"hyperVGeneration\"\
        : \"V1\",\r\n    \"creationData\": {\r\n      \"createOption\": \"Empty\"\r\
        \n    },\r\n    \"diskSizeGB\": 10,\r\n    \"diskIOPSReadWrite\": 120,\r\n\
        \    \"diskMBpsReadWrite\": 25,\r\n    \"encryption\": {\r\n      \"type\"\
        : \"EncryptionAtRestWithPlatformKey\"\r\n    },\r\n    \"networkAccessPolicy\"\
        : \"AllowAll\",\r\n    \"publicNetworkAccess\": \"Enabled\",\r\n    \"dataAccessAuthMode\"\
        : \"None\",\r\n    \"timeCreated\": \"2022-12-16T02:50:35.9032196+00:00\"\
        ,\r\n    \"provisioningState\": \"Succeeded\",\r\n    \"diskState\": \"Unattached\"\
        ,\r\n    \"diskSizeBytes\": 10737418240,\r\n    \"uniqueId\": \"9cad93c7-1de2-4035-923d-5513d6a0d401\"\
        ,\r\n    \"tier\": \"P3\"\r\n  }\r\n}"
    headers:
      cache-control:
      - no-cache
      content-length:
      - '981'
      content-type:
      - application/json; charset=utf-8
      date:
      - Fri, 16 Dec 2022 02:50:38 GMT
      expires:
      - '-1'
      pragma:
      - no-cache
      server:
      - Microsoft-HTTPAPI/2.0
      - Microsoft-HTTPAPI/2.0
      strict-transport-security:
      - max-age=31536000; includeSubDomains
      transfer-encoding:
      - chunked
      vary:
      - Accept-Encoding
      x-content-type-options:
      - nosniff
      x-ms-ratelimit-remaining-resource:
      - Microsoft.Compute/LowCostGet3Min;14990,Microsoft.Compute/LowCostGet30Min;119901
    status:
      code: 200
      message: OK
version: 1
