interactions:
- request:
    body: null
    headers:
      Accept:
      - application/json
      Accept-Encoding:
      - gzip, deflate
      CommandName:
      - identity create
      Connection:
      - keep-alive
      ParameterSetName:
      - -g -n
      User-Agent:
      - AZURECLI/2.51.0 azsdk-python-azure-mgmt-resource/23.1.0b2 Python/3.10.12 (Linux-5.10.102.1-microsoft-standard-WSL2-x86_64-with-glibc2.35)
    method: GET
    uri: https://management.azure.com/subscriptions/00000000-0000-0000-0000-000000000000/resourcegroups/img_tmpl_managed000001?api-version=2022-09-01
  response:
    body:
      string: '{"id":"/subscriptions/00000000-0000-0000-0000-000000000000/resourceGroups/img_tmpl_managed000001","name":"img_tmpl_managed000001","type":"Microsoft.Resources/resourceGroups","location":"westus","tags":{"product":"azurecli","cause":"automation","test":"test_image_build_managed_image","date":"2023-08-23T12:48:06Z","module":"vm"},"properties":{"provisioningState":"Succeeded"}}'
    headers:
      cache-control:
      - no-cache
      content-length:
      - '376'
      content-type:
      - application/json; charset=utf-8
      date:
      - Wed, 23 Aug 2023 12:48:09 GMT
      expires:
      - '-1'
      pragma:
      - no-cache
      strict-transport-security:
      - max-age=31536000; includeSubDomains
      vary:
      - Accept-Encoding
      x-content-type-options:
      - nosniff
    status:
      code: 200
      message: OK
- request:
    body: '{"location": "westus"}'
    headers:
      Accept:
      - application/json
      Accept-Encoding:
      - gzip, deflate
      CommandName:
      - identity create
      Connection:
      - keep-alive
      Content-Length:
      - '22'
      Content-Type:
      - application/json
      ParameterSetName:
      - -g -n
      User-Agent:
      - AZURECLI/2.51.0 azsdk-python-azure-mgmt-msi/7.0.0 Python/3.10.12 (Linux-5.10.102.1-microsoft-standard-WSL2-x86_64-with-glibc2.35)
    method: PUT
    uri: https://management.azure.com/subscriptions/00000000-0000-0000-0000-000000000000/resourceGroups/img_tmpl_managed000001/providers/Microsoft.ManagedIdentity/userAssignedIdentities/ide1?api-version=2023-01-31
  response:
    body:
      string: '{"location":"westus","tags":{},"id":"/subscriptions/00000000-0000-0000-0000-000000000000/resourcegroups/img_tmpl_managed000001/providers/Microsoft.ManagedIdentity/userAssignedIdentities/ide1","name":"ide1","type":"Microsoft.ManagedIdentity/userAssignedIdentities","properties":{"tenantId":"54826b22-38d6-4fb2-bad9-b7b93a3e9c5a","principalId":"3f475d89-65cd-4f30-a8ba-f7c11bf4cf0e","clientId":"ff2f6ae8-66d1-44bc-9dbc-0ceb9803178f"}}'
    headers:
      cache-control:
      - no-cache
      content-length:
      - '432'
      content-type:
      - application/json; charset=utf-8
      date:
      - Wed, 23 Aug 2023 12:48:16 GMT
      expires:
      - '-1'
      location:
      - /subscriptions/00000000-0000-0000-0000-000000000000/resourcegroups/img_tmpl_managed000001/providers/Microsoft.ManagedIdentity/userAssignedIdentities/ide1
      pragma:
      - no-cache
      strict-transport-security:
      - max-age=31536000; includeSubDomains
      x-content-type-options:
      - nosniff
      x-ms-ratelimit-remaining-subscription-writes:
      - '1197'
    status:
      code: 201
      message: Created
- request:
    body: null
    headers:
      Accept:
      - '*/*'
      Accept-Encoding:
      - gzip, deflate
      CommandName:
      - role assignment create
      Connection:
      - keep-alive
      ParameterSetName:
      - --assignee --role --scope
      User-Agent:
      - python/3.10.12 (Linux-5.10.102.1-microsoft-standard-WSL2-x86_64-with-glibc2.35)
        AZURECLI/2.51.0
    method: GET
    uri: https://graph.microsoft.com/v1.0/servicePrincipals?$filter=servicePrincipalNames%2Fany%28c%3Ac%20eq%20%27ff2f6ae8-66d1-44bc-9dbc-0ceb9803178f%27%29
  response:
    body:
      string: '{"@odata.context":"https://graph.microsoft.com/v1.0/$metadata#servicePrincipals","value":[{"id":"3f475d89-65cd-4f30-a8ba-f7c11bf4cf0e","deletedDateTime":null,"accountEnabled":true,"alternativeNames":["isExplicit=True","/subscriptions/00000000-0000-0000-0000-000000000000/resourcegroups/img_tmpl_managed000001/providers/Microsoft.ManagedIdentity/userAssignedIdentities/ide1"],"appDisplayName":null,"appDescription":null,"appId":"ff2f6ae8-66d1-44bc-9dbc-0ceb9803178f","applicationTemplateId":null,"appOwnerOrganizationId":null,"appRoleAssignmentRequired":false,"createdDateTime":"2023-08-23T12:48:16Z","description":null,"disabledByMicrosoftStatus":null,"displayName":"ide1","homepage":null,"loginUrl":null,"logoutUrl":null,"notes":null,"notificationEmailAddresses":[],"preferredSingleSignOnMode":null,"preferredTokenSigningKeyThumbprint":null,"replyUrls":[],"servicePrincipalNames":["ff2f6ae8-66d1-44bc-9dbc-0ceb9803178f","https://identity.azure.net/AYLlhQcz5eWUF+16QT5H11Xndhf9y25VQlj6irNGRXE="],"servicePrincipalType":"ManagedIdentity","signInAudience":null,"tags":[],"tokenEncryptionKeyId":null,"info":null,"samlSingleSignOnSettings":null,"addIns":[],"appRoles":[],"keyCredentials":[{"customKeyIdentifier":"970F9C6FFB7CE14A70B991B7A196E17BF1A0393F","displayName":"CN=ff2f6ae8-66d1-44bc-9dbc-0ceb9803178f,
        DC=54826b22-38d6-4fb2-bad9-b7b93a3e9c5a","endDateTime":"2023-11-21T12:43:00Z","key":null,"keyId":"401c55a6-fe6c-4801-95c1-f97f488ed304","startDateTime":"2023-08-23T12:43:00Z","type":"AsymmetricX509Cert","usage":"Verify"}],"oauth2PermissionScopes":[],"passwordCredentials":[],"resourceSpecificApplicationPermissions":[],"verifiedPublisher":{"displayName":null,"verifiedPublisherId":null,"addedDateTime":null}}]}'
    headers:
      cache-control:
      - no-cache
      content-length:
      - '1717'
      content-type:
      - application/json;odata.metadata=minimal;odata.streaming=true;IEEE754Compatible=false;charset=utf-8
      date:
      - Wed, 23 Aug 2023 12:49:02 GMT
      odata-version:
      - '4.0'
      request-id:
      - 736b7e47-c7fe-47c0-a521-074e17117bba
      strict-transport-security:
      - max-age=31536000
      transfer-encoding:
      - chunked
      vary:
      - Accept-Encoding
      x-ms-ags-diagnostic:
      - '{"ServerInfo":{"DataCenter":"Southeast Asia","Slice":"E","Ring":"5","ScaleUnit":"000","RoleInstance":"SI1PEPF0000657B"}}'
      x-ms-resource-unit:
      - '1'
    status:
      code: 200
      message: OK
- request:
    body: null
    headers:
      Accept:
      - application/json
      Accept-Encoding:
      - gzip, deflate
      CommandName:
      - role assignment create
      Connection:
      - keep-alive
      ParameterSetName:
      - --assignee --role --scope
      User-Agent:
      - AZURECLI/2.51.0 azsdk-python-azure-mgmt-authorization/4.0.0 Python/3.10.12
        (Linux-5.10.102.1-microsoft-standard-WSL2-x86_64-with-glibc2.35)
    method: GET
    uri: https://management.azure.com/subscriptions/00000000-0000-0000-0000-000000000000/resourceGroups/img_tmpl_managed000001/providers/Microsoft.Authorization/roleDefinitions?$filter=roleName%20eq%20%27Contributor%27&api-version=2022-05-01-preview
  response:
    body:
      string: '{"value":[{"properties":{"roleName":"Contributor","type":"BuiltInRole","description":"Grants
        full access to manage all resources, but does not allow you to assign roles
        in Azure RBAC, manage assignments in Azure Blueprints, or share image galleries.","assignableScopes":["/"],"permissions":[{"actions":["*"],"notActions":["Microsoft.Authorization/*/Delete","Microsoft.Authorization/*/Write","Microsoft.Authorization/elevateAccess/Action","Microsoft.Blueprint/blueprintAssignments/write","Microsoft.Blueprint/blueprintAssignments/delete","Microsoft.Compute/galleries/share/action","Microsoft.Purview/consents/write","Microsoft.Purview/consents/delete"],"dataActions":[],"notDataActions":[]}],"createdOn":"2015-02-02T21:55:09.8806423Z","updatedOn":"2023-07-07T20:27:50.9966612Z","createdBy":null,"updatedBy":null},"id":"/subscriptions/00000000-0000-0000-0000-000000000000/providers/Microsoft.Authorization/roleDefinitions/b24988ac-6180-42a0-ab88-20f7382dd24c","type":"Microsoft.Authorization/roleDefinitions","name":"b24988ac-6180-42a0-ab88-20f7382dd24c"}]}'
    headers:
      cache-control:
      - no-cache
      content-length:
      - '1055'
      content-type:
      - application/json; charset=utf-8
      date:
      - Wed, 23 Aug 2023 12:49:02 GMT
      expires:
      - '-1'
      pragma:
      - no-cache
      set-cookie:
      - x-ms-gateway-slice=Production; path=/; secure; samesite=none; httponly
      strict-transport-security:
      - max-age=31536000; includeSubDomains
      transfer-encoding:
      - chunked
      vary:
      - Accept-Encoding
      x-content-type-options:
      - nosniff
    status:
      code: 200
      message: OK
- request:
    body: '{"properties": {"roleDefinitionId": "/subscriptions/00000000-0000-0000-0000-000000000000/providers/Microsoft.Authorization/roleDefinitions/b24988ac-6180-42a0-ab88-20f7382dd24c",
      "principalId": "3f475d89-65cd-4f30-a8ba-f7c11bf4cf0e", "principalType": "ServicePrincipal"}}'
    headers:
      Accept:
      - application/json
      Accept-Encoding:
      - gzip, deflate
      CommandName:
      - role assignment create
      Connection:
      - keep-alive
      Content-Length:
      - '270'
      Content-Type:
      - application/json
      Cookie:
      - x-ms-gateway-slice=Production
      ParameterSetName:
      - --assignee --role --scope
      User-Agent:
      - AZURECLI/2.51.0 azsdk-python-azure-mgmt-authorization/4.0.0 Python/3.10.12
        (Linux-5.10.102.1-microsoft-standard-WSL2-x86_64-with-glibc2.35)
    method: PUT
    uri: https://management.azure.com/subscriptions/00000000-0000-0000-0000-000000000000/resourceGroups/img_tmpl_managed000001/providers/Microsoft.Authorization/roleAssignments/88888888-0000-0000-0000-000000000001?api-version=2022-04-01
  response:
    body:
      string: '{"properties":{"roleDefinitionId":"/subscriptions/00000000-0000-0000-0000-000000000000/providers/Microsoft.Authorization/roleDefinitions/b24988ac-6180-42a0-ab88-20f7382dd24c","principalId":"3f475d89-65cd-4f30-a8ba-f7c11bf4cf0e","principalType":"ServicePrincipal","scope":"/subscriptions/00000000-0000-0000-0000-000000000000/resourceGroups/img_tmpl_managed000001","condition":null,"conditionVersion":null,"createdOn":"2023-08-23T12:49:03.7464299Z","updatedOn":"2023-08-23T12:49:05.0054411Z","createdBy":null,"updatedBy":"6d97229a-391f-473a-893f-f0608b592d7b","delegatedManagedIdentityResourceId":null,"description":null},"id":"/subscriptions/00000000-0000-0000-0000-000000000000/resourceGroups/img_tmpl_managed000001/providers/Microsoft.Authorization/roleAssignments/88888888-0000-0000-0000-000000000001","type":"Microsoft.Authorization/roleAssignments","name":"88888888-0000-0000-0000-000000000001"}'
    headers:
      cache-control:
      - no-cache
      content-length:
      - '899'
      content-type:
      - application/json; charset=utf-8
      date:
      - Wed, 23 Aug 2023 12:49:06 GMT
      expires:
      - '-1'
      pragma:
      - no-cache
      strict-transport-security:
      - max-age=31536000; includeSubDomains
      x-content-type-options:
      - nosniff
      x-ms-ratelimit-remaining-subscription-writes:
      - '1198'
    status:
      code: 201
      message: Created
- request:
    body: null
    headers:
      Accept:
      - application/json
      Accept-Encoding:
      - gzip, deflate
      CommandName:
      - image builder create
      Connection:
      - keep-alive
      ParameterSetName:
      - -n -g --image-source --managed-image-destinations --scripts --identity
      User-Agent:
      - AZURECLI/2.51.0 azsdk-python-azure-mgmt-resource/23.1.0b2 Python/3.10.12 (Linux-5.10.102.1-microsoft-standard-WSL2-x86_64-with-glibc2.35)
    method: GET
    uri: https://management.azure.com/subscriptions/00000000-0000-0000-0000-000000000000/resourcegroups/img_tmpl_managed000001?api-version=2022-09-01
  response:
    body:
      string: '{"id":"/subscriptions/00000000-0000-0000-0000-000000000000/resourceGroups/img_tmpl_managed000001","name":"img_tmpl_managed000001","type":"Microsoft.Resources/resourceGroups","location":"westus","tags":{"product":"azurecli","cause":"automation","test":"test_image_build_managed_image","date":"2023-08-23T12:48:06Z","module":"vm"},"properties":{"provisioningState":"Succeeded"}}'
    headers:
      cache-control:
      - no-cache
      content-length:
      - '376'
      content-type:
      - application/json; charset=utf-8
      date:
      - Wed, 23 Aug 2023 12:49:07 GMT
      expires:
      - '-1'
      pragma:
      - no-cache
      strict-transport-security:
      - max-age=31536000; includeSubDomains
      vary:
      - Accept-Encoding
      x-content-type-options:
      - nosniff
    status:
      code: 200
      message: OK
- request:
    body: null
    headers:
      Accept:
      - application/json
      Accept-Encoding:
      - gzip, deflate
      CommandName:
      - image builder create
      Connection:
      - keep-alive
      ParameterSetName:
      - -n -g --image-source --managed-image-destinations --scripts --identity
      User-Agent:
      - AZURECLI/2.51.0 azsdk-python-azure-mgmt-resource/23.1.0b2 Python/3.10.12 (Linux-5.10.102.1-microsoft-standard-WSL2-x86_64-with-glibc2.35)
    method: GET
    uri: https://management.azure.com/subscriptions/00000000-0000-0000-0000-000000000000/locations?api-version=2019-11-01
  response:
    body:
      string: "{\"value\":[{\"id\":\"/subscriptions/00000000-0000-0000-0000-000000000000/locations/eastus\",\"name\":\"eastus\",\"displayName\":\"East
        US\",\"regionalDisplayName\":\"(US) East US\",\"metadata\":{\"regionType\":\"Physical\",\"regionCategory\":\"Recommended\",\"geographyGroup\":\"US\",\"longitude\":\"-79.8164\",\"latitude\":\"37.3719\",\"physicalLocation\":\"Virginia\",\"pairedRegion\":[{\"name\":\"westus\",\"id\":\"/subscriptions/00000000-0000-0000-0000-000000000000/locations/westus\"}]}},{\"id\":\"/subscriptions/00000000-0000-0000-0000-000000000000/locations/eastus2\",\"name\":\"eastus2\",\"displayName\":\"East
        US 2\",\"regionalDisplayName\":\"(US) East US 2\",\"metadata\":{\"regionType\":\"Physical\",\"regionCategory\":\"Recommended\",\"geographyGroup\":\"US\",\"longitude\":\"-78.3889\",\"latitude\":\"36.6681\",\"physicalLocation\":\"Virginia\",\"pairedRegion\":[{\"name\":\"centralus\",\"id\":\"/subscriptions/00000000-0000-0000-0000-000000000000/locations/centralus\"}]}},{\"id\":\"/subscriptions/00000000-0000-0000-0000-000000000000/locations/southcentralus\",\"name\":\"southcentralus\",\"displayName\":\"South
        Central US\",\"regionalDisplayName\":\"(US) South Central US\",\"metadata\":{\"regionType\":\"Physical\",\"regionCategory\":\"Recommended\",\"geographyGroup\":\"US\",\"longitude\":\"-98.5\",\"latitude\":\"29.4167\",\"physicalLocation\":\"Texas\",\"pairedRegion\":[{\"name\":\"northcentralus\",\"id\":\"/subscriptions/00000000-0000-0000-0000-000000000000/locations/northcentralus\"}]}},{\"id\":\"/subscriptions/00000000-0000-0000-0000-000000000000/locations/westus2\",\"name\":\"westus2\",\"displayName\":\"West
        US 2\",\"regionalDisplayName\":\"(US) West US 2\",\"metadata\":{\"regionType\":\"Physical\",\"regionCategory\":\"Recommended\",\"geographyGroup\":\"US\",\"longitude\":\"-119.852\",\"latitude\":\"47.233\",\"physicalLocation\":\"Washington\",\"pairedRegion\":[{\"name\":\"westcentralus\",\"id\":\"/subscriptions/00000000-0000-0000-0000-000000000000/locations/westcentralus\"}]}},{\"id\":\"/subscriptions/00000000-0000-0000-0000-000000000000/locations/westus3\",\"name\":\"westus3\",\"displayName\":\"West
        US 3\",\"regionalDisplayName\":\"(US) West US 3\",\"metadata\":{\"regionType\":\"Physical\",\"regionCategory\":\"Recommended\",\"geographyGroup\":\"US\",\"longitude\":\"-112.074036\",\"latitude\":\"33.448376\",\"physicalLocation\":\"Phoenix\",\"pairedRegion\":[{\"name\":\"eastus\",\"id\":\"/subscriptions/00000000-0000-0000-0000-000000000000/locations/eastus\"}]}},{\"id\":\"/subscriptions/00000000-0000-0000-0000-000000000000/locations/australiaeast\",\"name\":\"australiaeast\",\"displayName\":\"Australia
        East\",\"regionalDisplayName\":\"(Asia Pacific) Australia East\",\"metadata\":{\"regionType\":\"Physical\",\"regionCategory\":\"Recommended\",\"geographyGroup\":\"Asia
        Pacific\",\"longitude\":\"151.2094\",\"latitude\":\"-33.86\",\"physicalLocation\":\"New
        South Wales\",\"pairedRegion\":[{\"name\":\"australiasoutheast\",\"id\":\"/subscriptions/00000000-0000-0000-0000-000000000000/locations/australiasoutheast\"}]}},{\"id\":\"/subscriptions/00000000-0000-0000-0000-000000000000/locations/southeastasia\",\"name\":\"southeastasia\",\"displayName\":\"Southeast
        Asia\",\"regionalDisplayName\":\"(Asia Pacific) Southeast Asia\",\"metadata\":{\"regionType\":\"Physical\",\"regionCategory\":\"Recommended\",\"geographyGroup\":\"Asia
        Pacific\",\"longitude\":\"103.833\",\"latitude\":\"1.283\",\"physicalLocation\":\"Singapore\",\"pairedRegion\":[{\"name\":\"eastasia\",\"id\":\"/subscriptions/00000000-0000-0000-0000-000000000000/locations/eastasia\"}]}},{\"id\":\"/subscriptions/00000000-0000-0000-0000-000000000000/locations/northeurope\",\"name\":\"northeurope\",\"displayName\":\"North
        Europe\",\"regionalDisplayName\":\"(Europe) North Europe\",\"metadata\":{\"regionType\":\"Physical\",\"regionCategory\":\"Recommended\",\"geographyGroup\":\"Europe\",\"longitude\":\"-6.2597\",\"latitude\":\"53.3478\",\"physicalLocation\":\"Ireland\",\"pairedRegion\":[{\"name\":\"westeurope\",\"id\":\"/subscriptions/00000000-0000-0000-0000-000000000000/locations/westeurope\"}]}},{\"id\":\"/subscriptions/00000000-0000-0000-0000-000000000000/locations/swedencentral\",\"name\":\"swedencentral\",\"displayName\":\"Sweden
        Central\",\"regionalDisplayName\":\"(Europe) Sweden Central\",\"metadata\":{\"regionType\":\"Physical\",\"regionCategory\":\"Recommended\",\"geographyGroup\":\"Europe\",\"longitude\":\"17.14127\",\"latitude\":\"60.67488\",\"physicalLocation\":\"G\xE4vle\",\"pairedRegion\":[{\"name\":\"swedensouth\",\"id\":\"/subscriptions/00000000-0000-0000-0000-000000000000/locations/swedensouth\"}]}},{\"id\":\"/subscriptions/00000000-0000-0000-0000-000000000000/locations/uksouth\",\"name\":\"uksouth\",\"displayName\":\"UK
        South\",\"regionalDisplayName\":\"(Europe) UK South\",\"metadata\":{\"regionType\":\"Physical\",\"regionCategory\":\"Recommended\",\"geographyGroup\":\"Europe\",\"longitude\":\"-0.799\",\"latitude\":\"50.941\",\"physicalLocation\":\"London\",\"pairedRegion\":[{\"name\":\"ukwest\",\"id\":\"/subscriptions/00000000-0000-0000-0000-000000000000/locations/ukwest\"}]}},{\"id\":\"/subscriptions/00000000-0000-0000-0000-000000000000/locations/westeurope\",\"name\":\"westeurope\",\"displayName\":\"West
        Europe\",\"regionalDisplayName\":\"(Europe) West Europe\",\"metadata\":{\"regionType\":\"Physical\",\"regionCategory\":\"Recommended\",\"geographyGroup\":\"Europe\",\"longitude\":\"4.9\",\"latitude\":\"52.3667\",\"physicalLocation\":\"Netherlands\",\"pairedRegion\":[{\"name\":\"northeurope\",\"id\":\"/subscriptions/00000000-0000-0000-0000-000000000000/locations/northeurope\"}]}},{\"id\":\"/subscriptions/00000000-0000-0000-0000-000000000000/locations/centralus\",\"name\":\"centralus\",\"displayName\":\"Central
        US\",\"regionalDisplayName\":\"(US) Central US\",\"metadata\":{\"regionType\":\"Physical\",\"regionCategory\":\"Recommended\",\"geographyGroup\":\"US\",\"longitude\":\"-93.6208\",\"latitude\":\"41.5908\",\"physicalLocation\":\"Iowa\",\"pairedRegion\":[{\"name\":\"eastus2\",\"id\":\"/subscriptions/00000000-0000-0000-0000-000000000000/locations/eastus2\"}]}},{\"id\":\"/subscriptions/00000000-0000-0000-0000-000000000000/locations/southafricanorth\",\"name\":\"southafricanorth\",\"displayName\":\"South
        Africa North\",\"regionalDisplayName\":\"(Africa) South Africa North\",\"metadata\":{\"regionType\":\"Physical\",\"regionCategory\":\"Recommended\",\"geographyGroup\":\"Africa\",\"longitude\":\"28.21837\",\"latitude\":\"-25.73134\",\"physicalLocation\":\"Johannesburg\",\"pairedRegion\":[{\"name\":\"southafricawest\",\"id\":\"/subscriptions/00000000-0000-0000-0000-000000000000/locations/southafricawest\"}]}},{\"id\":\"/subscriptions/00000000-0000-0000-0000-000000000000/locations/centralindia\",\"name\":\"centralindia\",\"displayName\":\"Central
        India\",\"regionalDisplayName\":\"(Asia Pacific) Central India\",\"metadata\":{\"regionType\":\"Physical\",\"regionCategory\":\"Recommended\",\"geographyGroup\":\"Asia
        Pacific\",\"longitude\":\"73.9197\",\"latitude\":\"18.5822\",\"physicalLocation\":\"Pune\",\"pairedRegion\":[{\"name\":\"southindia\",\"id\":\"/subscriptions/00000000-0000-0000-0000-000000000000/locations/southindia\"}]}},{\"id\":\"/subscriptions/00000000-0000-0000-0000-000000000000/locations/eastasia\",\"name\":\"eastasia\",\"displayName\":\"East
        Asia\",\"regionalDisplayName\":\"(Asia Pacific) East Asia\",\"metadata\":{\"regionType\":\"Physical\",\"regionCategory\":\"Recommended\",\"geographyGroup\":\"Asia
        Pacific\",\"longitude\":\"114.188\",\"latitude\":\"22.267\",\"physicalLocation\":\"Hong
        Kong\",\"pairedRegion\":[{\"name\":\"southeastasia\",\"id\":\"/subscriptions/00000000-0000-0000-0000-000000000000/locations/southeastasia\"}]}},{\"id\":\"/subscriptions/00000000-0000-0000-0000-000000000000/locations/japaneast\",\"name\":\"japaneast\",\"displayName\":\"Japan
        East\",\"regionalDisplayName\":\"(Asia Pacific) Japan East\",\"metadata\":{\"regionType\":\"Physical\",\"regionCategory\":\"Recommended\",\"geographyGroup\":\"Asia
        Pacific\",\"longitude\":\"139.77\",\"latitude\":\"35.68\",\"physicalLocation\":\"Tokyo,
        Saitama\",\"pairedRegion\":[{\"name\":\"japanwest\",\"id\":\"/subscriptions/00000000-0000-0000-0000-000000000000/locations/japanwest\"}]}},{\"id\":\"/subscriptions/00000000-0000-0000-0000-000000000000/locations/koreacentral\",\"name\":\"koreacentral\",\"displayName\":\"Korea
        Central\",\"regionalDisplayName\":\"(Asia Pacific) Korea Central\",\"metadata\":{\"regionType\":\"Physical\",\"regionCategory\":\"Recommended\",\"geographyGroup\":\"Asia
        Pacific\",\"longitude\":\"126.978\",\"latitude\":\"37.5665\",\"physicalLocation\":\"Seoul\",\"pairedRegion\":[{\"name\":\"koreasouth\",\"id\":\"/subscriptions/00000000-0000-0000-0000-000000000000/locations/koreasouth\"}]}},{\"id\":\"/subscriptions/00000000-0000-0000-0000-000000000000/locations/canadacentral\",\"name\":\"canadacentral\",\"displayName\":\"Canada
        Central\",\"regionalDisplayName\":\"(Canada) Canada Central\",\"metadata\":{\"regionType\":\"Physical\",\"regionCategory\":\"Recommended\",\"geographyGroup\":\"Canada\",\"longitude\":\"-79.383\",\"latitude\":\"43.653\",\"physicalLocation\":\"Toronto\",\"pairedRegion\":[{\"name\":\"canadaeast\",\"id\":\"/subscriptions/00000000-0000-0000-0000-000000000000/locations/canadaeast\"}]}},{\"id\":\"/subscriptions/00000000-0000-0000-0000-000000000000/locations/francecentral\",\"name\":\"francecentral\",\"displayName\":\"France
        Central\",\"regionalDisplayName\":\"(Europe) France Central\",\"metadata\":{\"regionType\":\"Physical\",\"regionCategory\":\"Recommended\",\"geographyGroup\":\"Europe\",\"longitude\":\"2.373\",\"latitude\":\"46.3772\",\"physicalLocation\":\"Paris\",\"pairedRegion\":[{\"name\":\"francesouth\",\"id\":\"/subscriptions/00000000-0000-0000-0000-000000000000/locations/francesouth\"}]}},{\"id\":\"/subscriptions/00000000-0000-0000-0000-000000000000/locations/germanywestcentral\",\"name\":\"germanywestcentral\",\"displayName\":\"Germany
        West Central\",\"regionalDisplayName\":\"(Europe) Germany West Central\",\"metadata\":{\"regionType\":\"Physical\",\"regionCategory\":\"Recommended\",\"geographyGroup\":\"Europe\",\"longitude\":\"8.682127\",\"latitude\":\"50.110924\",\"physicalLocation\":\"Frankfurt\",\"pairedRegion\":[{\"name\":\"germanynorth\",\"id\":\"/subscriptions/00000000-0000-0000-0000-000000000000/locations/germanynorth\"}]}},{\"id\":\"/subscriptions/00000000-0000-0000-0000-000000000000/locations/norwayeast\",\"name\":\"norwayeast\",\"displayName\":\"Norway
        East\",\"regionalDisplayName\":\"(Europe) Norway East\",\"metadata\":{\"regionType\":\"Physical\",\"regionCategory\":\"Recommended\",\"geographyGroup\":\"Europe\",\"longitude\":\"10.752245\",\"latitude\":\"59.913868\",\"physicalLocation\":\"Norway\",\"pairedRegion\":[{\"name\":\"norwaywest\",\"id\":\"/subscriptions/00000000-0000-0000-0000-000000000000/locations/norwaywest\"}]}},{\"id\":\"/subscriptions/00000000-0000-0000-0000-000000000000/locations/polandcentral\",\"name\":\"polandcentral\",\"displayName\":\"Poland
        Central\",\"regionalDisplayName\":\"(Europe) Poland Central\",\"metadata\":{\"regionType\":\"Physical\",\"regionCategory\":\"Recommended\",\"geographyGroup\":\"Europe\",\"longitude\":\"21.01666\",\"latitude\":\"52.23334\",\"physicalLocation\":\"Warsaw\",\"pairedRegion\":[]}},{\"id\":\"/subscriptions/00000000-0000-0000-0000-000000000000/locations/switzerlandnorth\",\"name\":\"switzerlandnorth\",\"displayName\":\"Switzerland
        North\",\"regionalDisplayName\":\"(Europe) Switzerland North\",\"metadata\":{\"regionType\":\"Physical\",\"regionCategory\":\"Recommended\",\"geographyGroup\":\"Europe\",\"longitude\":\"8.564572\",\"latitude\":\"47.451542\",\"physicalLocation\":\"Zurich\",\"pairedRegion\":[{\"name\":\"switzerlandwest\",\"id\":\"/subscriptions/00000000-0000-0000-0000-000000000000/locations/switzerlandwest\"}]}},{\"id\":\"/subscriptions/00000000-0000-0000-0000-000000000000/locations/uaenorth\",\"name\":\"uaenorth\",\"displayName\":\"UAE
        North\",\"regionalDisplayName\":\"(Middle East) UAE North\",\"metadata\":{\"regionType\":\"Physical\",\"regionCategory\":\"Recommended\",\"geographyGroup\":\"Middle
        East\",\"longitude\":\"55.316666\",\"latitude\":\"25.266666\",\"physicalLocation\":\"Dubai\",\"pairedRegion\":[{\"name\":\"uaecentral\",\"id\":\"/subscriptions/00000000-0000-0000-0000-000000000000/locations/uaecentral\"}]}},{\"id\":\"/subscriptions/00000000-0000-0000-0000-000000000000/locations/brazilsouth\",\"name\":\"brazilsouth\",\"displayName\":\"Brazil
        South\",\"regionalDisplayName\":\"(South America) Brazil South\",\"metadata\":{\"regionType\":\"Physical\",\"regionCategory\":\"Recommended\",\"geographyGroup\":\"South
        America\",\"longitude\":\"-46.633\",\"latitude\":\"-23.55\",\"physicalLocation\":\"Sao
        Paulo State\",\"pairedRegion\":[{\"name\":\"southcentralus\",\"id\":\"/subscriptions/00000000-0000-0000-0000-000000000000/locations/southcentralus\"}]}},{\"id\":\"/subscriptions/00000000-0000-0000-0000-000000000000/locations/centraluseuap\",\"name\":\"centraluseuap\",\"displayName\":\"Central
        US EUAP\",\"regionalDisplayName\":\"(US) Central US EUAP\",\"metadata\":{\"regionType\":\"Physical\",\"regionCategory\":\"Recommended\",\"geographyGroup\":\"US\",\"longitude\":\"-93.6208\",\"latitude\":\"41.5908\",\"physicalLocation\":\"\",\"pairedRegion\":[{\"name\":\"eastus2euap\",\"id\":\"/subscriptions/00000000-0000-0000-0000-000000000000/locations/eastus2euap\"}]}},{\"id\":\"/subscriptions/00000000-0000-0000-0000-000000000000/locations/qatarcentral\",\"name\":\"qatarcentral\",\"displayName\":\"Qatar
        Central\",\"regionalDisplayName\":\"(Middle East) Qatar Central\",\"metadata\":{\"regionType\":\"Physical\",\"regionCategory\":\"Recommended\",\"geographyGroup\":\"Middle
        East\",\"longitude\":\"51.439327\",\"latitude\":\"25.551462\",\"physicalLocation\":\"Doha\",\"pairedRegion\":[]}},{\"id\":\"/subscriptions/00000000-0000-0000-0000-000000000000/locations/centralusstage\",\"name\":\"centralusstage\",\"displayName\":\"Central
        US (Stage)\",\"regionalDisplayName\":\"(US) Central US (Stage)\",\"metadata\":{\"regionType\":\"Logical\",\"regionCategory\":\"Other\",\"geographyGroup\":\"US\"}},{\"id\":\"/subscriptions/00000000-0000-0000-0000-000000000000/locations/eastusstage\",\"name\":\"eastusstage\",\"displayName\":\"East
        US (Stage)\",\"regionalDisplayName\":\"(US) East US (Stage)\",\"metadata\":{\"regionType\":\"Logical\",\"regionCategory\":\"Other\",\"geographyGroup\":\"US\"}},{\"id\":\"/subscriptions/00000000-0000-0000-0000-000000000000/locations/eastus2stage\",\"name\":\"eastus2stage\",\"displayName\":\"East
        US 2 (Stage)\",\"regionalDisplayName\":\"(US) East US 2 (Stage)\",\"metadata\":{\"regionType\":\"Logical\",\"regionCategory\":\"Other\",\"geographyGroup\":\"US\"}},{\"id\":\"/subscriptions/00000000-0000-0000-0000-000000000000/locations/northcentralusstage\",\"name\":\"northcentralusstage\",\"displayName\":\"North
        Central US (Stage)\",\"regionalDisplayName\":\"(US) North Central US (Stage)\",\"metadata\":{\"regionType\":\"Logical\",\"regionCategory\":\"Other\",\"geographyGroup\":\"US\"}},{\"id\":\"/subscriptions/00000000-0000-0000-0000-000000000000/locations/southcentralusstage\",\"name\":\"southcentralusstage\",\"displayName\":\"South
        Central US (Stage)\",\"regionalDisplayName\":\"(US) South Central US (Stage)\",\"metadata\":{\"regionType\":\"Logical\",\"regionCategory\":\"Other\",\"geographyGroup\":\"US\"}},{\"id\":\"/subscriptions/00000000-0000-0000-0000-000000000000/locations/westusstage\",\"name\":\"westusstage\",\"displayName\":\"West
        US (Stage)\",\"regionalDisplayName\":\"(US) West US (Stage)\",\"metadata\":{\"regionType\":\"Logical\",\"regionCategory\":\"Other\",\"geographyGroup\":\"US\"}},{\"id\":\"/subscriptions/00000000-0000-0000-0000-000000000000/locations/westus2stage\",\"name\":\"westus2stage\",\"displayName\":\"West
        US 2 (Stage)\",\"regionalDisplayName\":\"(US) West US 2 (Stage)\",\"metadata\":{\"regionType\":\"Logical\",\"regionCategory\":\"Other\",\"geographyGroup\":\"US\"}},{\"id\":\"/subscriptions/00000000-0000-0000-0000-000000000000/locations/asia\",\"name\":\"asia\",\"displayName\":\"Asia\",\"regionalDisplayName\":\"Asia\",\"metadata\":{\"regionType\":\"Logical\",\"regionCategory\":\"Other\"}},{\"id\":\"/subscriptions/00000000-0000-0000-0000-000000000000/locations/asiapacific\",\"name\":\"asiapacific\",\"displayName\":\"Asia
        Pacific\",\"regionalDisplayName\":\"Asia Pacific\",\"metadata\":{\"regionType\":\"Logical\",\"regionCategory\":\"Other\"}},{\"id\":\"/subscriptions/00000000-0000-0000-0000-000000000000/locations/australia\",\"name\":\"australia\",\"displayName\":\"Australia\",\"regionalDisplayName\":\"Australia\",\"metadata\":{\"regionType\":\"Logical\",\"regionCategory\":\"Other\"}},{\"id\":\"/subscriptions/00000000-0000-0000-0000-000000000000/locations/brazil\",\"name\":\"brazil\",\"displayName\":\"Brazil\",\"regionalDisplayName\":\"Brazil\",\"metadata\":{\"regionType\":\"Logical\",\"regionCategory\":\"Other\"}},{\"id\":\"/subscriptions/00000000-0000-0000-0000-000000000000/locations/canada\",\"name\":\"canada\",\"displayName\":\"Canada\",\"regionalDisplayName\":\"Canada\",\"metadata\":{\"regionType\":\"Logical\",\"regionCategory\":\"Other\"}},{\"id\":\"/subscriptions/00000000-0000-0000-0000-000000000000/locations/europe\",\"name\":\"europe\",\"displayName\":\"Europe\",\"regionalDisplayName\":\"Europe\",\"metadata\":{\"regionType\":\"Logical\",\"regionCategory\":\"Other\"}},{\"id\":\"/subscriptions/00000000-0000-0000-0000-000000000000/locations/france\",\"name\":\"france\",\"displayName\":\"France\",\"regionalDisplayName\":\"France\",\"metadata\":{\"regionType\":\"Logical\",\"regionCategory\":\"Other\"}},{\"id\":\"/subscriptions/00000000-0000-0000-0000-000000000000/locations/germany\",\"name\":\"germany\",\"displayName\":\"Germany\",\"regionalDisplayName\":\"Germany\",\"metadata\":{\"regionType\":\"Logical\",\"regionCategory\":\"Other\"}},{\"id\":\"/subscriptions/00000000-0000-0000-0000-000000000000/locations/global\",\"name\":\"global\",\"displayName\":\"Global\",\"regionalDisplayName\":\"Global\",\"metadata\":{\"regionType\":\"Logical\",\"regionCategory\":\"Other\"}},{\"id\":\"/subscriptions/00000000-0000-0000-0000-000000000000/locations/india\",\"name\":\"india\",\"displayName\":\"India\",\"regionalDisplayName\":\"India\",\"metadata\":{\"regionType\":\"Logical\",\"regionCategory\":\"Other\"}},{\"id\":\"/subscriptions/00000000-0000-0000-0000-000000000000/locations/japan\",\"name\":\"japan\",\"displayName\":\"Japan\",\"regionalDisplayName\":\"Japan\",\"metadata\":{\"regionType\":\"Logical\",\"regionCategory\":\"Other\"}},{\"id\":\"/subscriptions/00000000-0000-0000-0000-000000000000/locations/korea\",\"name\":\"korea\",\"displayName\":\"Korea\",\"regionalDisplayName\":\"Korea\",\"metadata\":{\"regionType\":\"Logical\",\"regionCategory\":\"Other\"}},{\"id\":\"/subscriptions/00000000-0000-0000-0000-000000000000/locations/norway\",\"name\":\"norway\",\"displayName\":\"Norway\",\"regionalDisplayName\":\"Norway\",\"metadata\":{\"regionType\":\"Logical\",\"regionCategory\":\"Other\"}},{\"id\":\"/subscriptions/00000000-0000-0000-0000-000000000000/locations/singapore\",\"name\":\"singapore\",\"displayName\":\"Singapore\",\"regionalDisplayName\":\"Singapore\",\"metadata\":{\"regionType\":\"Logical\",\"regionCategory\":\"Other\"}},{\"id\":\"/subscriptions/00000000-0000-0000-0000-000000000000/locations/southafrica\",\"name\":\"southafrica\",\"displayName\":\"South
        Africa\",\"regionalDisplayName\":\"South Africa\",\"metadata\":{\"regionType\":\"Logical\",\"regionCategory\":\"Other\"}},{\"id\":\"/subscriptions/00000000-0000-0000-0000-000000000000/locations/switzerland\",\"name\":\"switzerland\",\"displayName\":\"Switzerland\",\"regionalDisplayName\":\"Switzerland\",\"metadata\":{\"regionType\":\"Logical\",\"regionCategory\":\"Other\"}},{\"id\":\"/subscriptions/00000000-0000-0000-0000-000000000000/locations/uae\",\"name\":\"uae\",\"displayName\":\"United
        Arab Emirates\",\"regionalDisplayName\":\"United Arab Emirates\",\"metadata\":{\"regionType\":\"Logical\",\"regionCategory\":\"Other\"}},{\"id\":\"/subscriptions/00000000-0000-0000-0000-000000000000/locations/uk\",\"name\":\"uk\",\"displayName\":\"United
        Kingdom\",\"regionalDisplayName\":\"United Kingdom\",\"metadata\":{\"regionType\":\"Logical\",\"regionCategory\":\"Other\"}},{\"id\":\"/subscriptions/00000000-0000-0000-0000-000000000000/locations/unitedstates\",\"name\":\"unitedstates\",\"displayName\":\"United
        States\",\"regionalDisplayName\":\"United States\",\"metadata\":{\"regionType\":\"Logical\",\"regionCategory\":\"Other\"}},{\"id\":\"/subscriptions/00000000-0000-0000-0000-000000000000/locations/unitedstateseuap\",\"name\":\"unitedstateseuap\",\"displayName\":\"United
        States EUAP\",\"regionalDisplayName\":\"United States EUAP\",\"metadata\":{\"regionType\":\"Logical\",\"regionCategory\":\"Other\"}},{\"id\":\"/subscriptions/00000000-0000-0000-0000-000000000000/locations/eastasiastage\",\"name\":\"eastasiastage\",\"displayName\":\"East
        Asia (Stage)\",\"regionalDisplayName\":\"(Asia Pacific) East Asia (Stage)\",\"metadata\":{\"regionType\":\"Logical\",\"regionCategory\":\"Other\",\"geographyGroup\":\"Asia
        Pacific\"}},{\"id\":\"/subscriptions/00000000-0000-0000-0000-000000000000/locations/southeastasiastage\",\"name\":\"southeastasiastage\",\"displayName\":\"Southeast
        Asia (Stage)\",\"regionalDisplayName\":\"(Asia Pacific) Southeast Asia (Stage)\",\"metadata\":{\"regionType\":\"Logical\",\"regionCategory\":\"Other\",\"geographyGroup\":\"Asia
        Pacific\"}},{\"id\":\"/subscriptions/00000000-0000-0000-0000-000000000000/locations/brazilus\",\"name\":\"brazilus\",\"displayName\":\"Brazil
        US\",\"regionalDisplayName\":\"(South America) Brazil US\",\"metadata\":{\"regionType\":\"Physical\",\"regionCategory\":\"Other\",\"geographyGroup\":\"South
        America\",\"longitude\":\"0\",\"latitude\":\"0\",\"physicalLocation\":\"\",\"pairedRegion\":[{\"name\":\"brazilsoutheast\",\"id\":\"/subscriptions/00000000-0000-0000-0000-000000000000/locations/brazilsoutheast\"}]}},{\"id\":\"/subscriptions/00000000-0000-0000-0000-000000000000/locations/eastusstg\",\"name\":\"eastusstg\",\"displayName\":\"East
        US STG\",\"regionalDisplayName\":\"(US) East US STG\",\"metadata\":{\"regionType\":\"Physical\",\"regionCategory\":\"Other\",\"geographyGroup\":\"US\",\"longitude\":\"-79.8164\",\"latitude\":\"37.3719\",\"physicalLocation\":\"Virginia\",\"pairedRegion\":[{\"name\":\"southcentralusstg\",\"id\":\"/subscriptions/00000000-0000-0000-0000-000000000000/locations/southcentralusstg\"}]}},{\"id\":\"/subscriptions/00000000-0000-0000-0000-000000000000/locations/northcentralus\",\"name\":\"northcentralus\",\"displayName\":\"North
        Central US\",\"regionalDisplayName\":\"(US) North Central US\",\"metadata\":{\"regionType\":\"Physical\",\"regionCategory\":\"Other\",\"geographyGroup\":\"US\",\"longitude\":\"-87.6278\",\"latitude\":\"41.8819\",\"physicalLocation\":\"Illinois\",\"pairedRegion\":[{\"name\":\"southcentralus\",\"id\":\"/subscriptions/00000000-0000-0000-0000-000000000000/locations/southcentralus\"}]}},{\"id\":\"/subscriptions/00000000-0000-0000-0000-000000000000/locations/westus\",\"name\":\"westus\",\"displayName\":\"West
        US\",\"regionalDisplayName\":\"(US) West US\",\"metadata\":{\"regionType\":\"Physical\",\"regionCategory\":\"Other\",\"geographyGroup\":\"US\",\"longitude\":\"-122.417\",\"latitude\":\"37.783\",\"physicalLocation\":\"California\",\"pairedRegion\":[{\"name\":\"eastus\",\"id\":\"/subscriptions/00000000-0000-0000-0000-000000000000/locations/eastus\"}]}},{\"id\":\"/subscriptions/00000000-0000-0000-0000-000000000000/locations/jioindiawest\",\"name\":\"jioindiawest\",\"displayName\":\"Jio
        India West\",\"regionalDisplayName\":\"(Asia Pacific) Jio India West\",\"metadata\":{\"regionType\":\"Physical\",\"regionCategory\":\"Other\",\"geographyGroup\":\"Asia
        Pacific\",\"longitude\":\"70.05773\",\"latitude\":\"22.470701\",\"physicalLocation\":\"Jamnagar\",\"pairedRegion\":[{\"name\":\"jioindiacentral\",\"id\":\"/subscriptions/00000000-0000-0000-0000-000000000000/locations/jioindiacentral\"}]}},{\"id\":\"/subscriptions/00000000-0000-0000-0000-000000000000/locations/eastus2euap\",\"name\":\"eastus2euap\",\"displayName\":\"East
        US 2 EUAP\",\"regionalDisplayName\":\"(US) East US 2 EUAP\",\"metadata\":{\"regionType\":\"Physical\",\"regionCategory\":\"Other\",\"geographyGroup\":\"US\",\"longitude\":\"-78.3889\",\"latitude\":\"36.6681\",\"physicalLocation\":\"\",\"pairedRegion\":[{\"name\":\"centraluseuap\",\"id\":\"/subscriptions/00000000-0000-0000-0000-000000000000/locations/centraluseuap\"}]}},{\"id\":\"/subscriptions/00000000-0000-0000-0000-000000000000/locations/southcentralusstg\",\"name\":\"southcentralusstg\",\"displayName\":\"South
        Central US STG\",\"regionalDisplayName\":\"(US) South Central US STG\",\"metadata\":{\"regionType\":\"Physical\",\"regionCategory\":\"Other\",\"geographyGroup\":\"US\",\"longitude\":\"-98.5\",\"latitude\":\"29.4167\",\"physicalLocation\":\"Texas\",\"pairedRegion\":[{\"name\":\"eastusstg\",\"id\":\"/subscriptions/00000000-0000-0000-0000-000000000000/locations/eastusstg\"}]}},{\"id\":\"/subscriptions/00000000-0000-0000-0000-000000000000/locations/westcentralus\",\"name\":\"westcentralus\",\"displayName\":\"West
        Central US\",\"regionalDisplayName\":\"(US) West Central US\",\"metadata\":{\"regionType\":\"Physical\",\"regionCategory\":\"Other\",\"geographyGroup\":\"US\",\"longitude\":\"-110.234\",\"latitude\":\"40.89\",\"physicalLocation\":\"Wyoming\",\"pairedRegion\":[{\"name\":\"westus2\",\"id\":\"/subscriptions/00000000-0000-0000-0000-000000000000/locations/westus2\"}]}},{\"id\":\"/subscriptions/00000000-0000-0000-0000-000000000000/locations/southafricawest\",\"name\":\"southafricawest\",\"displayName\":\"South
        Africa West\",\"regionalDisplayName\":\"(Africa) South Africa West\",\"metadata\":{\"regionType\":\"Physical\",\"regionCategory\":\"Other\",\"geographyGroup\":\"Africa\",\"longitude\":\"18.843266\",\"latitude\":\"-34.075691\",\"physicalLocation\":\"Cape
        Town\",\"pairedRegion\":[{\"name\":\"southafricanorth\",\"id\":\"/subscriptions/00000000-0000-0000-0000-000000000000/locations/southafricanorth\"}]}},{\"id\":\"/subscriptions/00000000-0000-0000-0000-000000000000/locations/australiacentral\",\"name\":\"australiacentral\",\"displayName\":\"Australia
        Central\",\"regionalDisplayName\":\"(Asia Pacific) Australia Central\",\"metadata\":{\"regionType\":\"Physical\",\"regionCategory\":\"Other\",\"geographyGroup\":\"Asia
        Pacific\",\"longitude\":\"149.1244\",\"latitude\":\"-35.3075\",\"physicalLocation\":\"Canberra\",\"pairedRegion\":[{\"name\":\"australiacentral2\",\"id\":\"/subscriptions/00000000-0000-0000-0000-000000000000/locations/australiacentral2\"}]}},{\"id\":\"/subscriptions/00000000-0000-0000-0000-000000000000/locations/australiacentral2\",\"name\":\"australiacentral2\",\"displayName\":\"Australia
        Central 2\",\"regionalDisplayName\":\"(Asia Pacific) Australia Central 2\",\"metadata\":{\"regionType\":\"Physical\",\"regionCategory\":\"Other\",\"geographyGroup\":\"Asia
        Pacific\",\"longitude\":\"149.1244\",\"latitude\":\"-35.3075\",\"physicalLocation\":\"Canberra\",\"pairedRegion\":[{\"name\":\"australiacentral\",\"id\":\"/subscriptions/00000000-0000-0000-0000-000000000000/locations/australiacentral\"}]}},{\"id\":\"/subscriptions/00000000-0000-0000-0000-000000000000/locations/australiasoutheast\",\"name\":\"australiasoutheast\",\"displayName\":\"Australia
        Southeast\",\"regionalDisplayName\":\"(Asia Pacific) Australia Southeast\",\"metadata\":{\"regionType\":\"Physical\",\"regionCategory\":\"Other\",\"geographyGroup\":\"Asia
        Pacific\",\"longitude\":\"144.9631\",\"latitude\":\"-37.8136\",\"physicalLocation\":\"Victoria\",\"pairedRegion\":[{\"name\":\"australiaeast\",\"id\":\"/subscriptions/00000000-0000-0000-0000-000000000000/locations/australiaeast\"}]}},{\"id\":\"/subscriptions/00000000-0000-0000-0000-000000000000/locations/japanwest\",\"name\":\"japanwest\",\"displayName\":\"Japan
        West\",\"regionalDisplayName\":\"(Asia Pacific) Japan West\",\"metadata\":{\"regionType\":\"Physical\",\"regionCategory\":\"Other\",\"geographyGroup\":\"Asia
        Pacific\",\"longitude\":\"135.5022\",\"latitude\":\"34.6939\",\"physicalLocation\":\"Osaka\",\"pairedRegion\":[{\"name\":\"japaneast\",\"id\":\"/subscriptions/00000000-0000-0000-0000-000000000000/locations/japaneast\"}]}},{\"id\":\"/subscriptions/00000000-0000-0000-0000-000000000000/locations/jioindiacentral\",\"name\":\"jioindiacentral\",\"displayName\":\"Jio
        India Central\",\"regionalDisplayName\":\"(Asia Pacific) Jio India Central\",\"metadata\":{\"regionType\":\"Physical\",\"regionCategory\":\"Other\",\"geographyGroup\":\"Asia
        Pacific\",\"longitude\":\"79.08886\",\"latitude\":\"21.146633\",\"physicalLocation\":\"Nagpur\",\"pairedRegion\":[{\"name\":\"jioindiawest\",\"id\":\"/subscriptions/00000000-0000-0000-0000-000000000000/locations/jioindiawest\"}]}},{\"id\":\"/subscriptions/00000000-0000-0000-0000-000000000000/locations/koreasouth\",\"name\":\"koreasouth\",\"displayName\":\"Korea
        South\",\"regionalDisplayName\":\"(Asia Pacific) Korea South\",\"metadata\":{\"regionType\":\"Physical\",\"regionCategory\":\"Other\",\"geographyGroup\":\"Asia
        Pacific\",\"longitude\":\"129.0756\",\"latitude\":\"35.1796\",\"physicalLocation\":\"Busan\",\"pairedRegion\":[{\"name\":\"koreacentral\",\"id\":\"/subscriptions/00000000-0000-0000-0000-000000000000/locations/koreacentral\"}]}},{\"id\":\"/subscriptions/00000000-0000-0000-0000-000000000000/locations/southindia\",\"name\":\"southindia\",\"displayName\":\"South
        India\",\"regionalDisplayName\":\"(Asia Pacific) South India\",\"metadata\":{\"regionType\":\"Physical\",\"regionCategory\":\"Other\",\"geographyGroup\":\"Asia
        Pacific\",\"longitude\":\"80.1636\",\"latitude\":\"12.9822\",\"physicalLocation\":\"Chennai\",\"pairedRegion\":[{\"name\":\"centralindia\",\"id\":\"/subscriptions/00000000-0000-0000-0000-000000000000/locations/centralindia\"}]}},{\"id\":\"/subscriptions/00000000-0000-0000-0000-000000000000/locations/westindia\",\"name\":\"westindia\",\"displayName\":\"West
        India\",\"regionalDisplayName\":\"(Asia Pacific) West India\",\"metadata\":{\"regionType\":\"Physical\",\"regionCategory\":\"Other\",\"geographyGroup\":\"Asia
        Pacific\",\"longitude\":\"72.868\",\"latitude\":\"19.088\",\"physicalLocation\":\"Mumbai\",\"pairedRegion\":[{\"name\":\"southindia\",\"id\":\"/subscriptions/00000000-0000-0000-0000-000000000000/locations/southindia\"}]}},{\"id\":\"/subscriptions/00000000-0000-0000-0000-000000000000/locations/canadaeast\",\"name\":\"canadaeast\",\"displayName\":\"Canada
        East\",\"regionalDisplayName\":\"(Canada) Canada East\",\"metadata\":{\"regionType\":\"Physical\",\"regionCategory\":\"Other\",\"geographyGroup\":\"Canada\",\"longitude\":\"-71.217\",\"latitude\":\"46.817\",\"physicalLocation\":\"Quebec\",\"pairedRegion\":[{\"name\":\"canadacentral\",\"id\":\"/subscriptions/00000000-0000-0000-0000-000000000000/locations/canadacentral\"}]}},{\"id\":\"/subscriptions/00000000-0000-0000-0000-000000000000/locations/francesouth\",\"name\":\"francesouth\",\"displayName\":\"France
        South\",\"regionalDisplayName\":\"(Europe) France South\",\"metadata\":{\"regionType\":\"Physical\",\"regionCategory\":\"Other\",\"geographyGroup\":\"Europe\",\"longitude\":\"2.1972\",\"latitude\":\"43.8345\",\"physicalLocation\":\"Marseille\",\"pairedRegion\":[{\"name\":\"francecentral\",\"id\":\"/subscriptions/00000000-0000-0000-0000-000000000000/locations/francecentral\"}]}},{\"id\":\"/subscriptions/00000000-0000-0000-0000-000000000000/locations/germanynorth\",\"name\":\"germanynorth\",\"displayName\":\"Germany
        North\",\"regionalDisplayName\":\"(Europe) Germany North\",\"metadata\":{\"regionType\":\"Physical\",\"regionCategory\":\"Other\",\"geographyGroup\":\"Europe\",\"longitude\":\"8.806422\",\"latitude\":\"53.073635\",\"physicalLocation\":\"Berlin\",\"pairedRegion\":[{\"name\":\"germanywestcentral\",\"id\":\"/subscriptions/00000000-0000-0000-0000-000000000000/locations/germanywestcentral\"}]}},{\"id\":\"/subscriptions/00000000-0000-0000-0000-000000000000/locations/norwaywest\",\"name\":\"norwaywest\",\"displayName\":\"Norway
        West\",\"regionalDisplayName\":\"(Europe) Norway West\",\"metadata\":{\"regionType\":\"Physical\",\"regionCategory\":\"Other\",\"geographyGroup\":\"Europe\",\"longitude\":\"5.733107\",\"latitude\":\"58.969975\",\"physicalLocation\":\"Norway\",\"pairedRegion\":[{\"name\":\"norwayeast\",\"id\":\"/subscriptions/00000000-0000-0000-0000-000000000000/locations/norwayeast\"}]}},{\"id\":\"/subscriptions/00000000-0000-0000-0000-000000000000/locations/switzerlandwest\",\"name\":\"switzerlandwest\",\"displayName\":\"Switzerland
        West\",\"regionalDisplayName\":\"(Europe) Switzerland West\",\"metadata\":{\"regionType\":\"Physical\",\"regionCategory\":\"Other\",\"geographyGroup\":\"Europe\",\"longitude\":\"6.143158\",\"latitude\":\"46.204391\",\"physicalLocation\":\"Geneva\",\"pairedRegion\":[{\"name\":\"switzerlandnorth\",\"id\":\"/subscriptions/00000000-0000-0000-0000-000000000000/locations/switzerlandnorth\"}]}},{\"id\":\"/subscriptions/00000000-0000-0000-0000-000000000000/locations/ukwest\",\"name\":\"ukwest\",\"displayName\":\"UK
        West\",\"regionalDisplayName\":\"(Europe) UK West\",\"metadata\":{\"regionType\":\"Physical\",\"regionCategory\":\"Other\",\"geographyGroup\":\"Europe\",\"longitude\":\"-3.084\",\"latitude\":\"53.427\",\"physicalLocation\":\"Cardiff\",\"pairedRegion\":[{\"name\":\"uksouth\",\"id\":\"/subscriptions/00000000-0000-0000-0000-000000000000/locations/uksouth\"}]}},{\"id\":\"/subscriptions/00000000-0000-0000-0000-000000000000/locations/uaecentral\",\"name\":\"uaecentral\",\"displayName\":\"UAE
        Central\",\"regionalDisplayName\":\"(Middle East) UAE Central\",\"metadata\":{\"regionType\":\"Physical\",\"regionCategory\":\"Other\",\"geographyGroup\":\"Middle
        East\",\"longitude\":\"54.366669\",\"latitude\":\"24.466667\",\"physicalLocation\":\"Abu
        Dhabi\",\"pairedRegion\":[{\"name\":\"uaenorth\",\"id\":\"/subscriptions/00000000-0000-0000-0000-000000000000/locations/uaenorth\"}]}},{\"id\":\"/subscriptions/00000000-0000-0000-0000-000000000000/locations/brazilsoutheast\",\"name\":\"brazilsoutheast\",\"displayName\":\"Brazil
        Southeast\",\"regionalDisplayName\":\"(South America) Brazil Southeast\",\"metadata\":{\"regionType\":\"Physical\",\"regionCategory\":\"Other\",\"geographyGroup\":\"South
        America\",\"longitude\":\"-43.2075\",\"latitude\":\"-22.90278\",\"physicalLocation\":\"Rio\",\"pairedRegion\":[{\"name\":\"brazilsouth\",\"id\":\"/subscriptions/00000000-0000-0000-0000-000000000000/locations/brazilsouth\"}]}}]}"
    headers:
      cache-control:
      - no-cache
      content-length:
      - '31163'
      content-type:
      - application/json; charset=utf-8
      date:
      - Wed, 23 Aug 2023 12:49:10 GMT
      expires:
      - '-1'
      pragma:
      - no-cache
      strict-transport-security:
      - max-age=31536000; includeSubDomains
      vary:
      - Accept-Encoding
      x-content-type-options:
      - nosniff
    status:
      code: 200
      message: OK
- request:
    body: '{"tags": {}, "location": "westus", "identity": {"type": "UserAssigned",
      "userAssignedIdentities": {"/subscriptions/00000000-0000-0000-0000-000000000000/resourceGroups/img_tmpl_managed000001/providers/Microsoft.ManagedIdentity/userAssignedIdentities/ide1":
      {}}}, "properties": {"source": {"type": "PlatformImage", "publisher": "Canonical",
      "offer": "UbuntuServer", "sku": "18.04-LTS", "version": "18.04.201808140"},
      "customize": [{"type": "Shell", "name": "customizeScript.sh", "scriptUri": "https://raw.githubusercontent.com/danielsollondon/azvmimagebuilder/master/quickquickstarts/customizeScript.sh",
      "sha256Checksum": ""}], "distribute": [{"type": "ManagedImage", "runOutputName":
      "img_1", "imageId": "/subscriptions/00000000-0000-0000-0000-000000000000/resourceGroups/img_tmpl_managed000001/providers/Microsoft.Compute/images/img_1",
      "location": "westus"}], "vmProfile": {}}}'
    headers:
      Accept:
      - application/json
      Accept-Encoding:
      - gzip, deflate
      CommandName:
      - image builder create
      Connection:
      - keep-alive
      Content-Length:
      - '879'
      Content-Type:
      - application/json
      ParameterSetName:
      - -n -g --image-source --managed-image-destinations --scripts --identity
      User-Agent:
      - AZURECLI/2.51.0 azsdk-python-mgmt-imagebuilder/1.2.0 Python/3.10.12 (Linux-5.10.102.1-microsoft-standard-WSL2-x86_64-with-glibc2.35)
    method: PUT
    uri: https://management.azure.com/subscriptions/00000000-0000-0000-0000-000000000000/resourceGroups/img_tmpl_managed000001/providers/Microsoft.VirtualMachineImages/imageTemplates/template01?api-version=2022-07-01
  response:
    body:
      string: "{\n \"properties\": {\n  \"source\": {\n   \"exactVersion\": \"18.04.201808140\",\n
        \  \"offer\": \"UbuntuServer\",\n   \"publisher\": \"Canonical\",\n   \"sku\":
        \"18.04-LTS\",\n   \"type\": \"PlatformImage\",\n   \"version\": \"18.04.201808140\"\n
        \ },\n  \"customize\": [\n   {\n    \"name\": \"customizeScript.sh\",\n    \"scriptUri\":
        \"https://raw.githubusercontent.com/danielsollondon/azvmimagebuilder/master/quickquickstarts/customizeScript.sh\",\n
        \   \"type\": \"Shell\"\n   }\n  ],\n  \"distribute\": [\n   {\n    \"artifactTags\":
        {},\n    \"imageId\": \"/subscriptions/00000000-0000-0000-0000-000000000000/resourceGroups/img_tmpl_managed000001/providers/Microsoft.Compute/images/img_1\",\n
        \   \"location\": \"westus\",\n    \"runOutputName\": \"img_1\",\n    \"type\":
        \"ManagedImage\"\n   }\n  ],\n  \"provisioningState\": \"Creating\",\n  \"buildTimeoutInMinutes\":
        0,\n  \"vmProfile\": {\n   \"vmSize\": \"\",\n   \"osDiskSizeGB\": 0\n  },\n
        \ \"stagingResourceGroup\": \"\",\n  \"exactStagingResourceGroup\": \"\"\n
        },\n \"identity\": {\n  \"type\": \"UserAssigned\",\n  \"userAssignedIdentities\":
        {\n   \"/subscriptions/00000000-0000-0000-0000-000000000000/resourceGroups/img_tmpl_managed000001/providers/Microsoft.ManagedIdentity/userAssignedIdentities/ide1\":
        {}\n  }\n },\n \"tags\": {},\n \"location\": \"westus\",\n \"id\": \"/subscriptions/00000000-0000-0000-0000-000000000000/resourcegroups/img_tmpl_managed000001/providers/Microsoft.VirtualMachineImages/imageTemplates/template01\",\n
        \"name\": \"template01\",\n \"type\": \"Microsoft.VirtualMachineImages/imageTemplates\"\n}"
    headers:
      azure-asyncoperation:
      - https://management.azure.com/subscriptions/00000000-0000-0000-0000-000000000000/providers/Microsoft.VirtualMachineImages/locations/westus/operations/2c00a293-7179-48b3-a2a8-78292f2aa3af?api-version=2022-07-01
      cache-control:
      - no-cache
      content-length:
      - '1440'
      content-type:
      - application/json
      date:
      - Wed, 23 Aug 2023 12:49:17 GMT
      expires:
      - '-1'
      pragma:
      - no-cache
      server:
      - nginx
      strict-transport-security:
      - max-age=31536000; includeSubDomains
      x-content-type-options:
      - nosniff
      x-ms-ratelimit-remaining-subscription-writes:
      - '1199'
    status:
      code: 201
      message: Created
- request:
    body: null
    headers:
      Accept:
      - '*/*'
      Accept-Encoding:
      - gzip, deflate
      CommandName:
      - image builder create
      Connection:
      - keep-alive
      ParameterSetName:
      - -n -g --image-source --managed-image-destinations --scripts --identity
      User-Agent:
      - AZURECLI/2.51.0 azsdk-python-mgmt-imagebuilder/1.2.0 Python/3.10.12 (Linux-5.10.102.1-microsoft-standard-WSL2-x86_64-with-glibc2.35)
    method: GET
    uri: https://management.azure.com/subscriptions/00000000-0000-0000-0000-000000000000/providers/Microsoft.VirtualMachineImages/locations/westus/operations/2c00a293-7179-48b3-a2a8-78292f2aa3af?api-version=2022-07-01
  response:
    body:
      string: "{\n \"name\": \"2C00A293-7179-48B3-A2A8-78292F2AA3AF\",\n \"status\":
        \"InProgress\",\n \"startTime\": \"2023-08-23T12:49:16.649521Z\"\n}"
    headers:
      cache-control:
      - no-cache
      content-length:
      - '121'
      content-type:
      - application/json
      date:
      - Wed, 23 Aug 2023 12:49:17 GMT
      expires:
      - '-1'
      pragma:
      - no-cache
      server:
      - nginx
      strict-transport-security:
      - max-age=31536000; includeSubDomains
      transfer-encoding:
      - chunked
      vary:
      - Accept-Encoding
      x-content-type-options:
      - nosniff
    status:
      code: 200
      message: OK
- request:
    body: null
    headers:
      Accept:
      - '*/*'
      Accept-Encoding:
      - gzip, deflate
      CommandName:
      - image builder create
      Connection:
      - keep-alive
      ParameterSetName:
      - -n -g --image-source --managed-image-destinations --scripts --identity
      User-Agent:
      - AZURECLI/2.51.0 azsdk-python-mgmt-imagebuilder/1.2.0 Python/3.10.12 (Linux-5.10.102.1-microsoft-standard-WSL2-x86_64-with-glibc2.35)
    method: GET
    uri: https://management.azure.com/subscriptions/00000000-0000-0000-0000-000000000000/providers/Microsoft.VirtualMachineImages/locations/westus/operations/2c00a293-7179-48b3-a2a8-78292f2aa3af?api-version=2022-07-01
  response:
    body:
      string: "{\n \"name\": \"2C00A293-7179-48B3-A2A8-78292F2AA3AF\",\n \"status\":
        \"Succeeded\",\n \"startTime\": \"2023-08-23T12:49:16.649521Z\",\n \"endTime\":
        \"2023-08-23T12:49:48.0851917Z\"\n}"
    headers:
      cache-control:
      - no-cache
      content-length:
      - '164'
      content-type:
      - application/json
      date:
      - Wed, 23 Aug 2023 12:49:48 GMT
      expires:
      - '-1'
      pragma:
      - no-cache
      server:
      - nginx
      strict-transport-security:
      - max-age=31536000; includeSubDomains
      transfer-encoding:
      - chunked
      vary:
      - Accept-Encoding
      x-content-type-options:
      - nosniff
    status:
      code: 200
      message: OK
- request:
    body: null
    headers:
      Accept:
      - '*/*'
      Accept-Encoding:
      - gzip, deflate
      CommandName:
      - image builder create
      Connection:
      - keep-alive
      ParameterSetName:
      - -n -g --image-source --managed-image-destinations --scripts --identity
      User-Agent:
      - AZURECLI/2.51.0 azsdk-python-mgmt-imagebuilder/1.2.0 Python/3.10.12 (Linux-5.10.102.1-microsoft-standard-WSL2-x86_64-with-glibc2.35)
    method: GET
    uri: https://management.azure.com/subscriptions/00000000-0000-0000-0000-000000000000/resourceGroups/img_tmpl_managed000001/providers/Microsoft.VirtualMachineImages/imageTemplates/template01?api-version=2022-07-01
  response:
    body:
      string: "{\n \"properties\": {\n  \"source\": {\n   \"exactVersion\": \"18.04.201808140\",\n
        \  \"offer\": \"UbuntuServer\",\n   \"publisher\": \"Canonical\",\n   \"sku\":
        \"18.04-LTS\",\n   \"type\": \"PlatformImage\",\n   \"version\": \"18.04.201808140\"\n
        \ },\n  \"customize\": [\n   {\n    \"name\": \"customizeScript.sh\",\n    \"scriptUri\":
        \"https://raw.githubusercontent.com/danielsollondon/azvmimagebuilder/master/quickquickstarts/customizeScript.sh\",\n
        \   \"sha256Checksum\": \"2c6ff6902a4a52deee69e8db26d0036a53388651008aaf31795bb20dabd21fd8\",\n
        \   \"type\": \"Shell\"\n   }\n  ],\n  \"distribute\": [\n   {\n    \"artifactTags\":
        {},\n    \"imageId\": \"/subscriptions/00000000-0000-0000-0000-000000000000/resourceGroups/img_tmpl_managed000001/providers/Microsoft.Compute/images/img_1\",\n
        \   \"location\": \"westus\",\n    \"runOutputName\": \"img_1\",\n    \"type\":
        \"ManagedImage\"\n   }\n  ],\n  \"provisioningState\": \"Succeeded\",\n  \"buildTimeoutInMinutes\":
        0,\n  \"vmProfile\": {\n   \"vmSize\": \"\",\n   \"osDiskSizeGB\": 0\n  },\n
        \ \"stagingResourceGroup\": \"\",\n  \"exactStagingResourceGroup\": \"/subscriptions/00000000-0000-0000-0000-000000000000/resourceGroups/IT_img_tmpl_managedan2itp6hkhfql7ipr3zwpvf7_b248dd65-ad6a-4887-bac7-c93e19abdd20\"\n
        },\n \"identity\": {\n  \"type\": \"UserAssigned\",\n  \"userAssignedIdentities\":
        {\n   \"/subscriptions/00000000-0000-0000-0000-000000000000/resourceGroups/img_tmpl_managed000001/providers/Microsoft.ManagedIdentity/userAssignedIdentities/ide1\":
        {\n    \"principalId\": \"3f475d89-65cd-4f30-a8ba-f7c11bf4cf0e\",\n    \"clientId\":
        \"ff2f6ae8-66d1-44bc-9dbc-0ceb9803178f\"\n   }\n  }\n },\n \"tags\": {},\n
        \"location\": \"westus\",\n \"id\": \"/subscriptions/00000000-0000-0000-0000-000000000000/resourcegroups/img_tmpl_managed000001/providers/Microsoft.VirtualMachineImages/imageTemplates/template01\",\n
        \"name\": \"template01\",\n \"type\": \"Microsoft.VirtualMachineImages/imageTemplates\"\n}"
    headers:
      cache-control:
      - no-cache
      content-length:
      - '1796'
      content-type:
      - application/json
      date:
      - Wed, 23 Aug 2023 12:49:49 GMT
      expires:
      - '-1'
      pragma:
      - no-cache
      server:
      - nginx
      strict-transport-security:
      - max-age=31536000; includeSubDomains
      transfer-encoding:
      - chunked
      vary:
      - Accept-Encoding
      x-content-type-options:
      - nosniff
    status:
      code: 200
      message: OK
- request:
    body: null
    headers:
      Accept:
      - application/json
      Accept-Encoding:
      - gzip, deflate
      CommandName:
      - image builder run
      Connection:
      - keep-alive
      Content-Length:
      - '0'
      ParameterSetName:
      - -n -g
      User-Agent:
      - AZURECLI/2.51.0 azsdk-python-mgmt-imagebuilder/1.2.0 Python/3.10.12 (Linux-5.10.102.1-microsoft-standard-WSL2-x86_64-with-glibc2.35)
    method: POST
    uri: https://management.azure.com/subscriptions/00000000-0000-0000-0000-000000000000/resourceGroups/img_tmpl_managed000001/providers/Microsoft.VirtualMachineImages/imageTemplates/template01/run?api-version=2022-07-01
  response:
    body:
      string: ''
    headers:
      azure-asyncoperation:
      - https://management.azure.com/subscriptions/00000000-0000-0000-0000-000000000000/providers/Microsoft.VirtualMachineImages/locations/westus/operations/e44fd2f7-f232-471a-9ba3-c45294207ef3?api-version=2022-07-01
      cache-control:
      - no-cache
      content-length:
      - '0'
      date:
      - Wed, 23 Aug 2023 12:49:52 GMT
      expires:
      - '-1'
      location:
      - https://management.azure.com/subscriptions/00000000-0000-0000-0000-000000000000/providers/Microsoft.VirtualMachineImages/locations/westus/operations/e44fd2f7-f232-471a-9ba3-c45294207ef3?api-version=2022-07-01
      pragma:
      - no-cache
      server:
      - nginx
      strict-transport-security:
      - max-age=31536000; includeSubDomains
      x-content-type-options:
      - nosniff
      x-ms-ratelimit-remaining-subscription-writes:
      - '1198'
    status:
      code: 202
      message: Accepted
- request:
    body: null
    headers:
      Accept:
      - '*/*'
      Accept-Encoding:
      - gzip, deflate
      CommandName:
      - image builder run
      Connection:
      - keep-alive
      ParameterSetName:
      - -n -g
      User-Agent:
      - AZURECLI/2.51.0 azsdk-python-mgmt-imagebuilder/1.2.0 Python/3.10.12 (Linux-5.10.102.1-microsoft-standard-WSL2-x86_64-with-glibc2.35)
    method: GET
    uri: https://management.azure.com/subscriptions/00000000-0000-0000-0000-000000000000/providers/Microsoft.VirtualMachineImages/locations/westus/operations/e44fd2f7-f232-471a-9ba3-c45294207ef3?api-version=2022-07-01
  response:
    body:
      string: "{\n \"name\": \"E44FD2F7-F232-471A-9BA3-C45294207EF3\",\n \"status\":
        \"InProgress\",\n \"startTime\": \"2023-08-23T12:49:52.8693676Z\"\n}"
    headers:
      cache-control:
      - no-cache
      content-length:
      - '122'
      content-type:
      - application/json
      date:
      - Wed, 23 Aug 2023 12:49:53 GMT
      expires:
      - '-1'
      pragma:
      - no-cache
      server:
      - nginx
      strict-transport-security:
      - max-age=31536000; includeSubDomains
      transfer-encoding:
      - chunked
      vary:
      - Accept-Encoding
      x-content-type-options:
      - nosniff
    status:
      code: 200
      message: OK
- request:
    body: null
    headers:
      Accept:
      - '*/*'
      Accept-Encoding:
      - gzip, deflate
      CommandName:
      - image builder run
      Connection:
      - keep-alive
      ParameterSetName:
      - -n -g
      User-Agent:
      - AZURECLI/2.51.0 azsdk-python-mgmt-imagebuilder/1.2.0 Python/3.10.12 (Linux-5.10.102.1-microsoft-standard-WSL2-x86_64-with-glibc2.35)
    method: GET
    uri: https://management.azure.com/subscriptions/00000000-0000-0000-0000-000000000000/providers/Microsoft.VirtualMachineImages/locations/westus/operations/e44fd2f7-f232-471a-9ba3-c45294207ef3?api-version=2022-07-01
  response:
    body:
      string: "{\n \"name\": \"E44FD2F7-F232-471A-9BA3-C45294207EF3\",\n \"status\":
        \"InProgress\",\n \"startTime\": \"2023-08-23T12:49:52.8693676Z\"\n}"
    headers:
      cache-control:
      - no-cache
      content-length:
      - '122'
      content-type:
      - application/json
      date:
      - Wed, 23 Aug 2023 12:50:23 GMT
      expires:
      - '-1'
      pragma:
      - no-cache
      server:
      - nginx
      strict-transport-security:
      - max-age=31536000; includeSubDomains
      transfer-encoding:
      - chunked
      vary:
      - Accept-Encoding
      x-content-type-options:
      - nosniff
    status:
      code: 200
      message: OK
- request:
    body: null
    headers:
      Accept:
      - '*/*'
      Accept-Encoding:
      - gzip, deflate
      CommandName:
      - image builder run
      Connection:
      - keep-alive
      ParameterSetName:
      - -n -g
      User-Agent:
      - AZURECLI/2.51.0 azsdk-python-mgmt-imagebuilder/1.2.0 Python/3.10.12 (Linux-5.10.102.1-microsoft-standard-WSL2-x86_64-with-glibc2.35)
    method: GET
    uri: https://management.azure.com/subscriptions/00000000-0000-0000-0000-000000000000/providers/Microsoft.VirtualMachineImages/locations/westus/operations/e44fd2f7-f232-471a-9ba3-c45294207ef3?api-version=2022-07-01
  response:
    body:
      string: "{\n \"name\": \"E44FD2F7-F232-471A-9BA3-C45294207EF3\",\n \"status\":
        \"InProgress\",\n \"startTime\": \"2023-08-23T12:49:52.8693676Z\"\n}"
    headers:
      cache-control:
      - no-cache
      content-length:
      - '122'
      content-type:
      - application/json
      date:
      - Wed, 23 Aug 2023 12:50:55 GMT
      expires:
      - '-1'
      pragma:
      - no-cache
      server:
      - nginx
      strict-transport-security:
      - max-age=31536000; includeSubDomains
      transfer-encoding:
      - chunked
      vary:
      - Accept-Encoding
      x-content-type-options:
      - nosniff
    status:
      code: 200
      message: OK
- request:
    body: null
    headers:
      Accept:
      - '*/*'
      Accept-Encoding:
      - gzip, deflate
      CommandName:
      - image builder run
      Connection:
      - keep-alive
      ParameterSetName:
      - -n -g
      User-Agent:
      - AZURECLI/2.51.0 azsdk-python-mgmt-imagebuilder/1.2.0 Python/3.10.12 (Linux-5.10.102.1-microsoft-standard-WSL2-x86_64-with-glibc2.35)
    method: GET
    uri: https://management.azure.com/subscriptions/00000000-0000-0000-0000-000000000000/providers/Microsoft.VirtualMachineImages/locations/westus/operations/e44fd2f7-f232-471a-9ba3-c45294207ef3?api-version=2022-07-01
  response:
    body:
      string: "{\n \"name\": \"E44FD2F7-F232-471A-9BA3-C45294207EF3\",\n \"status\":
        \"InProgress\",\n \"startTime\": \"2023-08-23T12:49:52.8693676Z\"\n}"
    headers:
      cache-control:
      - no-cache
      content-length:
      - '122'
      content-type:
      - application/json
      date:
      - Wed, 23 Aug 2023 12:51:25 GMT
      expires:
      - '-1'
      pragma:
      - no-cache
      server:
      - nginx
      strict-transport-security:
      - max-age=31536000; includeSubDomains
      transfer-encoding:
      - chunked
      vary:
      - Accept-Encoding
      x-content-type-options:
      - nosniff
    status:
      code: 200
      message: OK
- request:
    body: null
    headers:
      Accept:
      - '*/*'
      Accept-Encoding:
      - gzip, deflate
      CommandName:
      - image builder run
      Connection:
      - keep-alive
      ParameterSetName:
      - -n -g
      User-Agent:
      - AZURECLI/2.51.0 azsdk-python-mgmt-imagebuilder/1.2.0 Python/3.10.12 (Linux-5.10.102.1-microsoft-standard-WSL2-x86_64-with-glibc2.35)
    method: GET
    uri: https://management.azure.com/subscriptions/00000000-0000-0000-0000-000000000000/providers/Microsoft.VirtualMachineImages/locations/westus/operations/e44fd2f7-f232-471a-9ba3-c45294207ef3?api-version=2022-07-01
  response:
    body:
      string: "{\n \"name\": \"E44FD2F7-F232-471A-9BA3-C45294207EF3\",\n \"status\":
        \"InProgress\",\n \"startTime\": \"2023-08-23T12:49:52.8693676Z\"\n}"
    headers:
      cache-control:
      - no-cache
      content-length:
      - '122'
      content-type:
      - application/json
      date:
      - Wed, 23 Aug 2023 12:51:55 GMT
      expires:
      - '-1'
      pragma:
      - no-cache
      server:
      - nginx
      strict-transport-security:
      - max-age=31536000; includeSubDomains
      transfer-encoding:
      - chunked
      vary:
      - Accept-Encoding
      x-content-type-options:
      - nosniff
    status:
      code: 200
      message: OK
- request:
    body: null
    headers:
      Accept:
      - '*/*'
      Accept-Encoding:
      - gzip, deflate
      CommandName:
      - image builder run
      Connection:
      - keep-alive
      ParameterSetName:
      - -n -g
      User-Agent:
      - AZURECLI/2.51.0 azsdk-python-mgmt-imagebuilder/1.2.0 Python/3.10.12 (Linux-5.10.102.1-microsoft-standard-WSL2-x86_64-with-glibc2.35)
    method: GET
    uri: https://management.azure.com/subscriptions/00000000-0000-0000-0000-000000000000/providers/Microsoft.VirtualMachineImages/locations/westus/operations/e44fd2f7-f232-471a-9ba3-c45294207ef3?api-version=2022-07-01
  response:
    body:
      string: "{\n \"name\": \"E44FD2F7-F232-471A-9BA3-C45294207EF3\",\n \"status\":
        \"InProgress\",\n \"startTime\": \"2023-08-23T12:49:52.8693676Z\"\n}"
    headers:
      cache-control:
      - no-cache
      content-length:
      - '122'
      content-type:
      - application/json
      date:
      - Wed, 23 Aug 2023 12:52:26 GMT
      expires:
      - '-1'
      pragma:
      - no-cache
      server:
      - nginx
      strict-transport-security:
      - max-age=31536000; includeSubDomains
      transfer-encoding:
      - chunked
      vary:
      - Accept-Encoding
      x-content-type-options:
      - nosniff
    status:
      code: 200
      message: OK
- request:
    body: null
    headers:
      Accept:
      - '*/*'
      Accept-Encoding:
      - gzip, deflate
      CommandName:
      - image builder run
      Connection:
      - keep-alive
      ParameterSetName:
      - -n -g
      User-Agent:
      - AZURECLI/2.51.0 azsdk-python-mgmt-imagebuilder/1.2.0 Python/3.10.12 (Linux-5.10.102.1-microsoft-standard-WSL2-x86_64-with-glibc2.35)
    method: GET
    uri: https://management.azure.com/subscriptions/00000000-0000-0000-0000-000000000000/providers/Microsoft.VirtualMachineImages/locations/westus/operations/e44fd2f7-f232-471a-9ba3-c45294207ef3?api-version=2022-07-01
  response:
    body:
      string: "{\n \"name\": \"E44FD2F7-F232-471A-9BA3-C45294207EF3\",\n \"status\":
        \"InProgress\",\n \"startTime\": \"2023-08-23T12:49:52.8693676Z\"\n}"
    headers:
      cache-control:
      - no-cache
      content-length:
      - '122'
      content-type:
      - application/json
      date:
      - Wed, 23 Aug 2023 12:52:57 GMT
      expires:
      - '-1'
      pragma:
      - no-cache
      server:
      - nginx
      strict-transport-security:
      - max-age=31536000; includeSubDomains
      transfer-encoding:
      - chunked
      vary:
      - Accept-Encoding
      x-content-type-options:
      - nosniff
    status:
      code: 200
      message: OK
- request:
    body: null
    headers:
      Accept:
      - '*/*'
      Accept-Encoding:
      - gzip, deflate
      CommandName:
      - image builder run
      Connection:
      - keep-alive
      ParameterSetName:
      - -n -g
      User-Agent:
      - AZURECLI/2.51.0 azsdk-python-mgmt-imagebuilder/1.2.0 Python/3.10.12 (Linux-5.10.102.1-microsoft-standard-WSL2-x86_64-with-glibc2.35)
    method: GET
    uri: https://management.azure.com/subscriptions/00000000-0000-0000-0000-000000000000/providers/Microsoft.VirtualMachineImages/locations/westus/operations/e44fd2f7-f232-471a-9ba3-c45294207ef3?api-version=2022-07-01
  response:
    body:
      string: "{\n \"name\": \"E44FD2F7-F232-471A-9BA3-C45294207EF3\",\n \"status\":
        \"InProgress\",\n \"startTime\": \"2023-08-23T12:49:52.8693676Z\"\n}"
    headers:
      cache-control:
      - no-cache
      content-length:
      - '122'
      content-type:
      - application/json
      date:
      - Wed, 23 Aug 2023 12:53:27 GMT
      expires:
      - '-1'
      pragma:
      - no-cache
      server:
      - nginx
      strict-transport-security:
      - max-age=31536000; includeSubDomains
      transfer-encoding:
      - chunked
      vary:
      - Accept-Encoding
      x-content-type-options:
      - nosniff
    status:
      code: 200
      message: OK
- request:
    body: null
    headers:
      Accept:
      - '*/*'
      Accept-Encoding:
      - gzip, deflate
      CommandName:
      - image builder run
      Connection:
      - keep-alive
      ParameterSetName:
      - -n -g
      User-Agent:
      - AZURECLI/2.51.0 azsdk-python-mgmt-imagebuilder/1.2.0 Python/3.10.12 (Linux-5.10.102.1-microsoft-standard-WSL2-x86_64-with-glibc2.35)
    method: GET
    uri: https://management.azure.com/subscriptions/00000000-0000-0000-0000-000000000000/providers/Microsoft.VirtualMachineImages/locations/westus/operations/e44fd2f7-f232-471a-9ba3-c45294207ef3?api-version=2022-07-01
  response:
    body:
      string: "{\n \"name\": \"E44FD2F7-F232-471A-9BA3-C45294207EF3\",\n \"status\":
        \"InProgress\",\n \"startTime\": \"2023-08-23T12:49:52.8693676Z\"\n}"
    headers:
      cache-control:
      - no-cache
      content-length:
      - '122'
      content-type:
      - application/json
      date:
      - Wed, 23 Aug 2023 12:53:58 GMT
      expires:
      - '-1'
      pragma:
      - no-cache
      server:
      - nginx
      strict-transport-security:
      - max-age=31536000; includeSubDomains
      transfer-encoding:
      - chunked
      vary:
      - Accept-Encoding
      x-content-type-options:
      - nosniff
    status:
      code: 200
      message: OK
- request:
    body: null
    headers:
      Accept:
      - '*/*'
      Accept-Encoding:
      - gzip, deflate
      CommandName:
      - image builder run
      Connection:
      - keep-alive
      ParameterSetName:
      - -n -g
      User-Agent:
      - AZURECLI/2.51.0 azsdk-python-mgmt-imagebuilder/1.2.0 Python/3.10.12 (Linux-5.10.102.1-microsoft-standard-WSL2-x86_64-with-glibc2.35)
    method: GET
    uri: https://management.azure.com/subscriptions/00000000-0000-0000-0000-000000000000/providers/Microsoft.VirtualMachineImages/locations/westus/operations/e44fd2f7-f232-471a-9ba3-c45294207ef3?api-version=2022-07-01
  response:
    body:
      string: "{\n \"name\": \"E44FD2F7-F232-471A-9BA3-C45294207EF3\",\n \"status\":
        \"InProgress\",\n \"startTime\": \"2023-08-23T12:49:52.8693676Z\"\n}"
    headers:
      cache-control:
      - no-cache
      content-length:
      - '122'
      content-type:
      - application/json
      date:
      - Wed, 23 Aug 2023 12:54:28 GMT
      expires:
      - '-1'
      pragma:
      - no-cache
      server:
      - nginx
      strict-transport-security:
      - max-age=31536000; includeSubDomains
      transfer-encoding:
      - chunked
      vary:
      - Accept-Encoding
      x-content-type-options:
      - nosniff
    status:
      code: 200
      message: OK
- request:
    body: null
    headers:
      Accept:
      - '*/*'
      Accept-Encoding:
      - gzip, deflate
      CommandName:
      - image builder run
      Connection:
      - keep-alive
      ParameterSetName:
      - -n -g
      User-Agent:
      - AZURECLI/2.51.0 azsdk-python-mgmt-imagebuilder/1.2.0 Python/3.10.12 (Linux-5.10.102.1-microsoft-standard-WSL2-x86_64-with-glibc2.35)
    method: GET
    uri: https://management.azure.com/subscriptions/00000000-0000-0000-0000-000000000000/providers/Microsoft.VirtualMachineImages/locations/westus/operations/e44fd2f7-f232-471a-9ba3-c45294207ef3?api-version=2022-07-01
  response:
    body:
      string: "{\n \"name\": \"E44FD2F7-F232-471A-9BA3-C45294207EF3\",\n \"status\":
        \"InProgress\",\n \"startTime\": \"2023-08-23T12:49:52.8693676Z\"\n}"
    headers:
      cache-control:
      - no-cache
      content-length:
      - '122'
      content-type:
      - application/json
      date:
      - Wed, 23 Aug 2023 12:54:59 GMT
      expires:
      - '-1'
      pragma:
      - no-cache
      server:
      - nginx
      strict-transport-security:
      - max-age=31536000; includeSubDomains
      transfer-encoding:
      - chunked
      vary:
      - Accept-Encoding
      x-content-type-options:
      - nosniff
    status:
      code: 200
      message: OK
- request:
    body: null
    headers:
      Accept:
      - '*/*'
      Accept-Encoding:
      - gzip, deflate
      CommandName:
      - image builder run
      Connection:
      - keep-alive
      ParameterSetName:
      - -n -g
      User-Agent:
      - AZURECLI/2.51.0 azsdk-python-mgmt-imagebuilder/1.2.0 Python/3.10.12 (Linux-5.10.102.1-microsoft-standard-WSL2-x86_64-with-glibc2.35)
    method: GET
    uri: https://management.azure.com/subscriptions/00000000-0000-0000-0000-000000000000/providers/Microsoft.VirtualMachineImages/locations/westus/operations/e44fd2f7-f232-471a-9ba3-c45294207ef3?api-version=2022-07-01
  response:
    body:
      string: "{\n \"name\": \"E44FD2F7-F232-471A-9BA3-C45294207EF3\",\n \"status\":
        \"InProgress\",\n \"startTime\": \"2023-08-23T12:49:52.8693676Z\"\n}"
    headers:
      cache-control:
      - no-cache
      content-length:
      - '122'
      content-type:
      - application/json
      date:
      - Wed, 23 Aug 2023 12:55:29 GMT
      expires:
      - '-1'
      pragma:
      - no-cache
      server:
      - nginx
      strict-transport-security:
      - max-age=31536000; includeSubDomains
      transfer-encoding:
      - chunked
      vary:
      - Accept-Encoding
      x-content-type-options:
      - nosniff
    status:
      code: 200
      message: OK
- request:
    body: null
    headers:
      Accept:
      - '*/*'
      Accept-Encoding:
      - gzip, deflate
      CommandName:
      - image builder run
      Connection:
      - keep-alive
      ParameterSetName:
      - -n -g
      User-Agent:
      - AZURECLI/2.51.0 azsdk-python-mgmt-imagebuilder/1.2.0 Python/3.10.12 (Linux-5.10.102.1-microsoft-standard-WSL2-x86_64-with-glibc2.35)
    method: GET
    uri: https://management.azure.com/subscriptions/00000000-0000-0000-0000-000000000000/providers/Microsoft.VirtualMachineImages/locations/westus/operations/e44fd2f7-f232-471a-9ba3-c45294207ef3?api-version=2022-07-01
  response:
    body:
      string: "{\n \"name\": \"E44FD2F7-F232-471A-9BA3-C45294207EF3\",\n \"status\":
        \"InProgress\",\n \"startTime\": \"2023-08-23T12:49:52.8693676Z\"\n}"
    headers:
      cache-control:
      - no-cache
      content-length:
      - '122'
      content-type:
      - application/json
      date:
      - Wed, 23 Aug 2023 12:56:00 GMT
      expires:
      - '-1'
      pragma:
      - no-cache
      server:
      - nginx
      strict-transport-security:
      - max-age=31536000; includeSubDomains
      transfer-encoding:
      - chunked
      vary:
      - Accept-Encoding
      x-content-type-options:
      - nosniff
    status:
      code: 200
      message: OK
- request:
    body: null
    headers:
      Accept:
      - '*/*'
      Accept-Encoding:
      - gzip, deflate
      CommandName:
      - image builder run
      Connection:
      - keep-alive
      ParameterSetName:
      - -n -g
      User-Agent:
      - AZURECLI/2.51.0 azsdk-python-mgmt-imagebuilder/1.2.0 Python/3.10.12 (Linux-5.10.102.1-microsoft-standard-WSL2-x86_64-with-glibc2.35)
    method: GET
    uri: https://management.azure.com/subscriptions/00000000-0000-0000-0000-000000000000/providers/Microsoft.VirtualMachineImages/locations/westus/operations/e44fd2f7-f232-471a-9ba3-c45294207ef3?api-version=2022-07-01
  response:
    body:
      string: "{\n \"name\": \"E44FD2F7-F232-471A-9BA3-C45294207EF3\",\n \"status\":
        \"InProgress\",\n \"startTime\": \"2023-08-23T12:49:52.8693676Z\"\n}"
    headers:
      cache-control:
      - no-cache
      content-length:
      - '122'
      content-type:
      - application/json
      date:
      - Wed, 23 Aug 2023 12:56:31 GMT
      expires:
      - '-1'
      pragma:
      - no-cache
      server:
      - nginx
      strict-transport-security:
      - max-age=31536000; includeSubDomains
      transfer-encoding:
      - chunked
      vary:
      - Accept-Encoding
      x-content-type-options:
      - nosniff
    status:
      code: 200
      message: OK
- request:
    body: null
    headers:
      Accept:
      - '*/*'
      Accept-Encoding:
      - gzip, deflate
      CommandName:
      - image builder run
      Connection:
      - keep-alive
      ParameterSetName:
      - -n -g
      User-Agent:
      - AZURECLI/2.51.0 azsdk-python-mgmt-imagebuilder/1.2.0 Python/3.10.12 (Linux-5.10.102.1-microsoft-standard-WSL2-x86_64-with-glibc2.35)
    method: GET
    uri: https://management.azure.com/subscriptions/00000000-0000-0000-0000-000000000000/providers/Microsoft.VirtualMachineImages/locations/westus/operations/e44fd2f7-f232-471a-9ba3-c45294207ef3?api-version=2022-07-01
  response:
    body:
      string: "{\n \"name\": \"E44FD2F7-F232-471A-9BA3-C45294207EF3\",\n \"status\":
        \"InProgress\",\n \"startTime\": \"2023-08-23T12:49:52.8693676Z\"\n}"
    headers:
      cache-control:
      - no-cache
      content-length:
      - '122'
      content-type:
      - application/json
      date:
      - Wed, 23 Aug 2023 12:57:02 GMT
      expires:
      - '-1'
      pragma:
      - no-cache
      server:
      - nginx
      strict-transport-security:
      - max-age=31536000; includeSubDomains
      transfer-encoding:
      - chunked
      vary:
      - Accept-Encoding
      x-content-type-options:
      - nosniff
    status:
      code: 200
      message: OK
- request:
    body: null
    headers:
      Accept:
      - '*/*'
      Accept-Encoding:
      - gzip, deflate
      CommandName:
      - image builder run
      Connection:
      - keep-alive
      ParameterSetName:
      - -n -g
      User-Agent:
      - AZURECLI/2.51.0 azsdk-python-mgmt-imagebuilder/1.2.0 Python/3.10.12 (Linux-5.10.102.1-microsoft-standard-WSL2-x86_64-with-glibc2.35)
    method: GET
    uri: https://management.azure.com/subscriptions/00000000-0000-0000-0000-000000000000/providers/Microsoft.VirtualMachineImages/locations/westus/operations/e44fd2f7-f232-471a-9ba3-c45294207ef3?api-version=2022-07-01
  response:
    body:
      string: "{\n \"name\": \"E44FD2F7-F232-471A-9BA3-C45294207EF3\",\n \"status\":
        \"InProgress\",\n \"startTime\": \"2023-08-23T12:49:52.8693676Z\"\n}"
    headers:
      cache-control:
      - no-cache
      content-length:
      - '122'
      content-type:
      - application/json
      date:
      - Wed, 23 Aug 2023 12:57:33 GMT
      expires:
      - '-1'
      pragma:
      - no-cache
      server:
      - nginx
      strict-transport-security:
      - max-age=31536000; includeSubDomains
      transfer-encoding:
      - chunked
      vary:
      - Accept-Encoding
      x-content-type-options:
      - nosniff
    status:
      code: 200
      message: OK
- request:
    body: null
    headers:
      Accept:
      - '*/*'
      Accept-Encoding:
      - gzip, deflate
      CommandName:
      - image builder run
      Connection:
      - keep-alive
      ParameterSetName:
      - -n -g
      User-Agent:
      - AZURECLI/2.51.0 azsdk-python-mgmt-imagebuilder/1.2.0 Python/3.10.12 (Linux-5.10.102.1-microsoft-standard-WSL2-x86_64-with-glibc2.35)
    method: GET
    uri: https://management.azure.com/subscriptions/00000000-0000-0000-0000-000000000000/providers/Microsoft.VirtualMachineImages/locations/westus/operations/e44fd2f7-f232-471a-9ba3-c45294207ef3?api-version=2022-07-01
  response:
    body:
      string: "{\n \"name\": \"E44FD2F7-F232-471A-9BA3-C45294207EF3\",\n \"status\":
        \"InProgress\",\n \"startTime\": \"2023-08-23T12:49:52.8693676Z\"\n}"
    headers:
      cache-control:
      - no-cache
      content-length:
      - '122'
      content-type:
      - application/json
      date:
      - Wed, 23 Aug 2023 12:58:04 GMT
      expires:
      - '-1'
      pragma:
      - no-cache
      server:
      - nginx
      strict-transport-security:
      - max-age=31536000; includeSubDomains
      transfer-encoding:
      - chunked
      vary:
      - Accept-Encoding
      x-content-type-options:
      - nosniff
    status:
      code: 200
      message: OK
- request:
    body: null
    headers:
      Accept:
      - '*/*'
      Accept-Encoding:
      - gzip, deflate
      CommandName:
      - image builder run
      Connection:
      - keep-alive
      ParameterSetName:
      - -n -g
      User-Agent:
      - AZURECLI/2.51.0 azsdk-python-mgmt-imagebuilder/1.2.0 Python/3.10.12 (Linux-5.10.102.1-microsoft-standard-WSL2-x86_64-with-glibc2.35)
    method: GET
    uri: https://management.azure.com/subscriptions/00000000-0000-0000-0000-000000000000/providers/Microsoft.VirtualMachineImages/locations/westus/operations/e44fd2f7-f232-471a-9ba3-c45294207ef3?api-version=2022-07-01
  response:
    body:
      string: "{\n \"name\": \"E44FD2F7-F232-471A-9BA3-C45294207EF3\",\n \"status\":
        \"InProgress\",\n \"startTime\": \"2023-08-23T12:49:52.8693676Z\"\n}"
    headers:
      cache-control:
      - no-cache
      content-length:
      - '122'
      content-type:
      - application/json
      date:
      - Wed, 23 Aug 2023 12:58:34 GMT
      expires:
      - '-1'
      pragma:
      - no-cache
      server:
      - nginx
      strict-transport-security:
      - max-age=31536000; includeSubDomains
      transfer-encoding:
      - chunked
      vary:
      - Accept-Encoding
      x-content-type-options:
      - nosniff
    status:
      code: 200
      message: OK
- request:
    body: null
    headers:
      Accept:
      - '*/*'
      Accept-Encoding:
      - gzip, deflate
      CommandName:
      - image builder run
      Connection:
      - keep-alive
      ParameterSetName:
      - -n -g
      User-Agent:
      - AZURECLI/2.51.0 azsdk-python-mgmt-imagebuilder/1.2.0 Python/3.10.12 (Linux-5.10.102.1-microsoft-standard-WSL2-x86_64-with-glibc2.35)
    method: GET
    uri: https://management.azure.com/subscriptions/00000000-0000-0000-0000-000000000000/providers/Microsoft.VirtualMachineImages/locations/westus/operations/e44fd2f7-f232-471a-9ba3-c45294207ef3?api-version=2022-07-01
  response:
    body:
      string: "{\n \"name\": \"E44FD2F7-F232-471A-9BA3-C45294207EF3\",\n \"status\":
        \"InProgress\",\n \"startTime\": \"2023-08-23T12:49:52.8693676Z\"\n}"
    headers:
      cache-control:
      - no-cache
      content-length:
      - '122'
      content-type:
      - application/json
      date:
      - Wed, 23 Aug 2023 12:59:05 GMT
      expires:
      - '-1'
      pragma:
      - no-cache
      server:
      - nginx
      strict-transport-security:
      - max-age=31536000; includeSubDomains
      transfer-encoding:
      - chunked
      vary:
      - Accept-Encoding
      x-content-type-options:
      - nosniff
    status:
      code: 200
      message: OK
- request:
    body: null
    headers:
      Accept:
      - '*/*'
      Accept-Encoding:
      - gzip, deflate
      CommandName:
      - image builder run
      Connection:
      - keep-alive
      ParameterSetName:
      - -n -g
      User-Agent:
      - AZURECLI/2.51.0 azsdk-python-mgmt-imagebuilder/1.2.0 Python/3.10.12 (Linux-5.10.102.1-microsoft-standard-WSL2-x86_64-with-glibc2.35)
    method: GET
    uri: https://management.azure.com/subscriptions/00000000-0000-0000-0000-000000000000/providers/Microsoft.VirtualMachineImages/locations/westus/operations/e44fd2f7-f232-471a-9ba3-c45294207ef3?api-version=2022-07-01
  response:
    body:
      string: "{\n \"name\": \"E44FD2F7-F232-471A-9BA3-C45294207EF3\",\n \"status\":
        \"InProgress\",\n \"startTime\": \"2023-08-23T12:49:52.8693676Z\"\n}"
    headers:
      cache-control:
      - no-cache
      content-length:
      - '122'
      content-type:
      - application/json
      date:
      - Wed, 23 Aug 2023 12:59:36 GMT
      expires:
      - '-1'
      pragma:
      - no-cache
      server:
      - nginx
      strict-transport-security:
      - max-age=31536000; includeSubDomains
      transfer-encoding:
      - chunked
      vary:
      - Accept-Encoding
      x-content-type-options:
      - nosniff
    status:
      code: 200
      message: OK
- request:
    body: null
    headers:
      Accept:
      - '*/*'
      Accept-Encoding:
      - gzip, deflate
      CommandName:
      - image builder run
      Connection:
      - keep-alive
      ParameterSetName:
      - -n -g
      User-Agent:
      - AZURECLI/2.51.0 azsdk-python-mgmt-imagebuilder/1.2.0 Python/3.10.12 (Linux-5.10.102.1-microsoft-standard-WSL2-x86_64-with-glibc2.35)
    method: GET
    uri: https://management.azure.com/subscriptions/00000000-0000-0000-0000-000000000000/providers/Microsoft.VirtualMachineImages/locations/westus/operations/e44fd2f7-f232-471a-9ba3-c45294207ef3?api-version=2022-07-01
  response:
    body:
      string: "{\n \"name\": \"E44FD2F7-F232-471A-9BA3-C45294207EF3\",\n \"status\":
        \"Succeeded\",\n \"startTime\": \"2023-08-23T12:49:52.8693676Z\",\n \"endTime\":
        \"2023-08-23T12:59:46.0666045Z\"\n}"
    headers:
      cache-control:
      - no-cache
      content-length:
      - '165'
      content-type:
      - application/json
      date:
      - Wed, 23 Aug 2023 13:00:06 GMT
      expires:
      - '-1'
      pragma:
      - no-cache
      server:
      - nginx
      strict-transport-security:
      - max-age=31536000; includeSubDomains
      transfer-encoding:
      - chunked
      vary:
      - Accept-Encoding
      x-content-type-options:
      - nosniff
    status:
      code: 200
      message: OK
- request:
    body: null
    headers:
      Accept:
      - application/json
      Accept-Encoding:
      - gzip, deflate
      CommandName:
      - image builder show-runs
      Connection:
      - keep-alive
      ParameterSetName:
      - -n -g --output-name
      User-Agent:
      - AZURECLI/2.51.0 azsdk-python-mgmt-imagebuilder/1.2.0 Python/3.10.12 (Linux-5.10.102.1-microsoft-standard-WSL2-x86_64-with-glibc2.35)
    method: GET
    uri: https://management.azure.com/subscriptions/00000000-0000-0000-0000-000000000000/resourceGroups/img_tmpl_managed000001/providers/Microsoft.VirtualMachineImages/imageTemplates/template01/runOutputs/img_1?api-version=2022-07-01
  response:
    body:
      string: "{\n \"properties\": {\n  \"artifactId\": \"/subscriptions/00000000-0000-0000-0000-000000000000/resourceGroups/img_tmpl_managed000001/providers/Microsoft.Compute/images/img_1\",\n
        \ \"provisioningState\": \"Succeeded\"\n },\n \"id\": \"/subscriptions/00000000-0000-0000-0000-000000000000/resourcegroups/img_tmpl_managed000001/providers/Microsoft.VirtualMachineImages/imageTemplates/template01/runOutputs/img_1\",\n
        \"name\": \"img_1\",\n \"type\": \"Microsoft.VirtualMachineImages/imageTemplates/runOutputs\"\n}"
    headers:
      cache-control:
      - no-cache
      content-length:
      - '479'
      content-type:
      - application/json
      date:
      - Wed, 23 Aug 2023 13:00:09 GMT
      expires:
      - '-1'
      pragma:
      - no-cache
      server:
      - nginx
      strict-transport-security:
      - max-age=31536000; includeSubDomains
      transfer-encoding:
      - chunked
      vary:
      - Accept-Encoding
      x-content-type-options:
      - nosniff
    status:
      code: 200
      message: OK
- request:
    body: null
    headers:
      Accept:
      - application/json
      Accept-Encoding:
      - gzip, deflate
      CommandName:
      - vm create
      Connection:
      - keep-alive
      ParameterSetName:
      - --name -g --image --generate-ssh-keys --admin-username
      User-Agent:
      - AZURECLI/2.51.0 azsdk-python-azure-mgmt-resource/23.1.0b2 Python/3.10.12 (Linux-5.10.102.1-microsoft-standard-WSL2-x86_64-with-glibc2.35)
    method: GET
    uri: https://management.azure.com/subscriptions/00000000-0000-0000-0000-000000000000/resourcegroups/img_tmpl_managed000001?api-version=2022-09-01
  response:
    body:
      string: '{"id":"/subscriptions/00000000-0000-0000-0000-000000000000/resourceGroups/img_tmpl_managed000001","name":"img_tmpl_managed000001","type":"Microsoft.Resources/resourceGroups","location":"westus","tags":{"product":"azurecli","cause":"automation","test":"test_image_build_managed_image","date":"2023-08-23T12:48:06Z","module":"vm"},"properties":{"provisioningState":"Succeeded"}}'
    headers:
      cache-control:
      - no-cache
      content-length:
      - '376'
      content-type:
      - application/json; charset=utf-8
      date:
      - Wed, 23 Aug 2023 13:00:08 GMT
      expires:
      - '-1'
      pragma:
      - no-cache
      strict-transport-security:
      - max-age=31536000; includeSubDomains
      vary:
      - Accept-Encoding
      x-content-type-options:
      - nosniff
    status:
      code: 200
      message: OK
- request:
    body: null
    headers:
      Accept:
      - application/json
      Accept-Encoding:
      - gzip, deflate
      CommandName:
      - vm create
      Connection:
      - keep-alive
      ParameterSetName:
      - --name -g --image --generate-ssh-keys --admin-username
      User-Agent:
      - AZURECLI/2.51.0 azsdk-python-azure-mgmt-compute/30.0.0 Python/3.10.12 (Linux-5.10.102.1-microsoft-standard-WSL2-x86_64-with-glibc2.35)
    method: GET
    uri: https://management.azure.com/subscriptions/00000000-0000-0000-0000-000000000000/resourceGroups/img_tmpl_managed000001/providers/Microsoft.Compute/images/img_1?api-version=2022-11-01
  response:
    body:
      string: "{\r\n  \"name\": \"img_1\",\r\n  \"id\": \"/subscriptions/00000000-0000-0000-0000-000000000000/resourceGroups/img_tmpl_managed000001/providers/Microsoft.Compute/images/img_1\",\r\n
        \ \"type\": \"Microsoft.Compute/images\",\r\n  \"location\": \"westus\",\r\n
        \ \"tags\": {\r\n    \"VMImageBuilderSource\": \"PlatformImage Canonical::UbuntuServer::18.04-LTS::18.04.201808140\"\r\n
        \ },\r\n  \"properties\": {\r\n    \"storageProfile\": {\r\n      \"osDisk\":
        {\r\n        \"osType\": \"Linux\",\r\n        \"osState\": \"Generalized\",\r\n
        \       \"diskSizeGB\": 30,\r\n        \"blobUri\": \"https://iq0pvvi39h406mwl9c3l46v9.blob.core.windows.net/vhds/a5fd6646-99cf-4912-89a9-c449f7307449.vhd\",\r\n
        \       \"caching\": \"None\",\r\n        \"storageAccountType\": \"Standard_LRS\"\r\n
        \     },\r\n      \"dataDisks\": []\r\n    },\r\n    \"provisioningState\":
        \"Succeeded\",\r\n    \"hyperVGeneration\": \"V1\"\r\n  }\r\n}"
    headers:
      cache-control:
      - no-cache
      content-length:
      - '813'
      content-type:
      - application/json; charset=utf-8
      date:
      - Wed, 23 Aug 2023 13:00:10 GMT
      expires:
      - '-1'
      pragma:
      - no-cache
      server:
      - Microsoft-HTTPAPI/2.0
      - Microsoft-HTTPAPI/2.0
      strict-transport-security:
      - max-age=31536000; includeSubDomains
      transfer-encoding:
      - chunked
      vary:
      - Accept-Encoding
      x-content-type-options:
      - nosniff
      x-ms-ratelimit-remaining-resource:
      - Microsoft.Compute/GetImages3Min;356,Microsoft.Compute/GetImages30Min;1796
    status:
      code: 200
      message: OK
- request:
    body: null
    headers:
      Accept:
      - application/json
      Accept-Encoding:
      - gzip, deflate
      CommandName:
      - vm create
      Connection:
      - keep-alive
      ParameterSetName:
      - --name -g --image --generate-ssh-keys --admin-username
      User-Agent:
      - AZURECLI/2.51.0 (AAZ) azsdk-python-core/1.26.0 Python/3.10.12 (Linux-5.10.102.1-microsoft-standard-WSL2-x86_64-with-glibc2.35)
    method: GET
    uri: https://management.azure.com/subscriptions/00000000-0000-0000-0000-000000000000/resourceGroups/img_tmpl_managed000001/providers/Microsoft.Network/virtualNetworks?api-version=2022-01-01
  response:
    body:
      string: '{"value":[]}'
    headers:
      cache-control:
      - no-cache
      content-length:
      - '12'
      content-type:
      - application/json; charset=utf-8
      date:
      - Wed, 23 Aug 2023 13:00:11 GMT
      expires:
      - '-1'
      pragma:
      - no-cache
      strict-transport-security:
      - max-age=31536000; includeSubDomains
      vary:
      - Accept-Encoding
      x-content-type-options:
      - nosniff
    status:
      code: 200
      message: OK
- request:
    body: '{"properties": {"template": {"$schema": "https://schema.management.azure.com/schemas/2015-01-01/deploymentTemplate.json#",
      "contentVersion": "1.0.0.0", "parameters": {}, "variables": {}, "resources":
      [{"name": "testvmVNET", "type": "Microsoft.Network/virtualNetworks", "location":
      "westus", "apiVersion": "2015-06-15", "dependsOn": [], "tags": {}, "properties":
      {"addressSpace": {"addressPrefixes": ["10.0.0.0/16"]}, "subnets": [{"name":
      "testvmSubnet", "properties": {"addressPrefix": "10.0.0.0/24"}}]}}, {"type":
      "Microsoft.Network/networkSecurityGroups", "name": "testvmNSG", "apiVersion":
      "2015-06-15", "location": "westus", "tags": {}, "dependsOn": [], "properties":
      {"securityRules": [{"name": "default-allow-ssh", "properties": {"protocol":
      "Tcp", "sourcePortRange": "*", "destinationPortRange": "22", "sourceAddressPrefix":
      "*", "destinationAddressPrefix": "*", "access": "Allow", "priority": 1000, "direction":
      "Inbound"}}]}}, {"apiVersion": "2022-01-01", "type": "Microsoft.Network/publicIPAddresses",
      "name": "testvmPublicIP", "location": "westus", "tags": {}, "dependsOn": [],
      "properties": {"publicIPAllocationMethod": null}}, {"apiVersion": "2015-06-15",
      "type": "Microsoft.Network/networkInterfaces", "name": "testvmVMNic", "location":
      "westus", "tags": {}, "dependsOn": ["Microsoft.Network/virtualNetworks/testvmVNET",
      "Microsoft.Network/networkSecurityGroups/testvmNSG", "Microsoft.Network/publicIpAddresses/testvmPublicIP"],
      "properties": {"ipConfigurations": [{"name": "ipconfigtestvm", "properties":
      {"privateIPAllocationMethod": "Dynamic", "subnet": {"id": "/subscriptions/00000000-0000-0000-0000-000000000000/resourceGroups/img_tmpl_managed000001/providers/Microsoft.Network/virtualNetworks/testvmVNET/subnets/testvmSubnet"},
      "publicIPAddress": {"id": "/subscriptions/00000000-0000-0000-0000-000000000000/resourceGroups/img_tmpl_managed000001/providers/Microsoft.Network/publicIPAddresses/testvmPublicIP"}}}],
      "networkSecurityGroup": {"id": "/subscriptions/00000000-0000-0000-0000-000000000000/resourceGroups/img_tmpl_managed000001/providers/Microsoft.Network/networkSecurityGroups/testvmNSG"}}},
      {"apiVersion": "2022-11-01", "type": "Microsoft.Compute/virtualMachines", "name":
      "testvm", "location": "westus", "tags": {}, "dependsOn": ["Microsoft.Network/networkInterfaces/testvmVMNic"],
      "properties": {"hardwareProfile": {"vmSize": "Standard_DS1_v2"}, "networkProfile":
      {"networkInterfaces": [{"id": "/subscriptions/00000000-0000-0000-0000-000000000000/resourceGroups/img_tmpl_managed000001/providers/Microsoft.Network/networkInterfaces/testvmVMNic",
      "properties": {"deleteOption": null}}]}, "storageProfile": {"osDisk": {"createOption":
      "fromImage", "name": null, "caching": "ReadWrite", "managedDisk": {"storageAccountType":
      null}}, "imageReference": {"id": "/subscriptions/00000000-0000-0000-0000-000000000000/resourceGroups/img_tmpl_managed000001/providers/Microsoft.Compute/images/img_1"}},
      "osProfile": {"computerName": "testvm", "adminUsername": "azureuser", "linuxConfiguration":
      {"disablePasswordAuthentication": true, "ssh": {"publicKeys": [{"keyData": "ssh-rsa
      AAAAB3NzaC1yc2EAAAADAQABAAABAQDB307ZCd4kRS4vLl0ed6Fn2Tb4FXZLJEyp4gu2Pquy6whZQODn2l5UTnRZ8JXxnOZmZhtJzlnxZUj+pzfutqNZ9OWslqqUbC6O32gQETh0+f3D0qFb8gZ/JI+f31/IuNQdk9PRpPvFOMPyq7csGTQCBUDc81fF26cLtxOwFA7961WWQG9Ndt47x0COcHpwe3iV/5XYmkGZ334M0UZTDmptqaCLHnWmktqRXKmDEtkIspFgKf+bF69y1vBE2FYC3DXSQFYx2UWIw0v2H1u3PiNZgLpoYXSHFGkxrs95YvGSoT83S7TQVWUxPlHqJVN9wW49PwDqs+iVLqVpXqSyue7V",
      "path": "/home/azureuser/.ssh/authorized_keys"}]}}}}}], "outputs": {}}, "parameters":
      {}, "mode": "incremental"}}'
    headers:
      Accept:
      - application/json
      Accept-Encoding:
      - gzip, deflate
      CommandName:
      - vm create
      Connection:
      - keep-alive
      Content-Length:
      - '3584'
      Content-Type:
      - application/json
      ParameterSetName:
      - --name -g --image --generate-ssh-keys --admin-username
      User-Agent:
      - AZURECLI/2.51.0 azsdk-python-azure-mgmt-resource/23.1.0b2 Python/3.10.12 (Linux-5.10.102.1-microsoft-standard-WSL2-x86_64-with-glibc2.35)
    method: PUT
    uri: https://management.azure.com/subscriptions/00000000-0000-0000-0000-000000000000/resourcegroups/img_tmpl_managed000001/providers/Microsoft.Resources/deployments/mock-deployment?api-version=2022-09-01
  response:
    body:
      string: '{"id":"/subscriptions/00000000-0000-0000-0000-000000000000/resourceGroups/img_tmpl_managed000001/providers/Microsoft.Resources/deployments/vm_deploy_kpf8cOBYrnM40VGXS7HYg2ai3umAfCBx","name":"vm_deploy_kpf8cOBYrnM40VGXS7HYg2ai3umAfCBx","type":"Microsoft.Resources/deployments","properties":{"templateHash":"6286064764260268794","parameters":{},"mode":"Incremental","provisioningState":"Accepted","timestamp":"2023-08-23T13:00:18.9983647Z","duration":"PT0.0001049S","correlationId":"4dcb0f0e-d5ca-4ea6-a4b6-3d982ec82a38","providers":[{"namespace":"Microsoft.Network","resourceTypes":[{"resourceType":"virtualNetworks","locations":["westus"]},{"resourceType":"networkSecurityGroups","locations":["westus"]},{"resourceType":"publicIPAddresses","locations":["westus"]},{"resourceType":"networkInterfaces","locations":["westus"]}]},{"namespace":"Microsoft.Compute","resourceTypes":[{"resourceType":"virtualMachines","locations":["westus"]}]}],"dependencies":[{"dependsOn":[{"id":"/subscriptions/00000000-0000-0000-0000-000000000000/resourceGroups/img_tmpl_managed000001/providers/Microsoft.Network/virtualNetworks/testvmVNET","resourceType":"Microsoft.Network/virtualNetworks","resourceName":"testvmVNET"},{"id":"/subscriptions/00000000-0000-0000-0000-000000000000/resourceGroups/img_tmpl_managed000001/providers/Microsoft.Network/networkSecurityGroups/testvmNSG","resourceType":"Microsoft.Network/networkSecurityGroups","resourceName":"testvmNSG"},{"id":"/subscriptions/00000000-0000-0000-0000-000000000000/resourceGroups/img_tmpl_managed000001/providers/Microsoft.Network/publicIPAddresses/testvmPublicIP","resourceType":"Microsoft.Network/publicIPAddresses","resourceName":"testvmPublicIP"}],"id":"/subscriptions/00000000-0000-0000-0000-000000000000/resourceGroups/img_tmpl_managed000001/providers/Microsoft.Network/networkInterfaces/testvmVMNic","resourceType":"Microsoft.Network/networkInterfaces","resourceName":"testvmVMNic"},{"dependsOn":[{"id":"/subscriptions/00000000-0000-0000-0000-000000000000/resourceGroups/img_tmpl_managed000001/providers/Microsoft.Network/networkInterfaces/testvmVMNic","resourceType":"Microsoft.Network/networkInterfaces","resourceName":"testvmVMNic"}],"id":"/subscriptions/00000000-0000-0000-0000-000000000000/resourceGroups/img_tmpl_managed000001/providers/Microsoft.Compute/virtualMachines/testvm","resourceType":"Microsoft.Compute/virtualMachines","resourceName":"testvm"}]}}'
    headers:
      azure-asyncoperation:
      - https://management.azure.com/subscriptions/00000000-0000-0000-0000-000000000000/resourcegroups/img_tmpl_managed000001/providers/Microsoft.Resources/deployments/vm_deploy_kpf8cOBYrnM40VGXS7HYg2ai3umAfCBx/operationStatuses/08585088112694715029?api-version=2022-09-01
      cache-control:
      - no-cache
      content-length:
      - '2407'
      content-type:
      - application/json; charset=utf-8
      date:
      - Wed, 23 Aug 2023 13:00:19 GMT
      expires:
      - '-1'
      pragma:
      - no-cache
      strict-transport-security:
      - max-age=31536000; includeSubDomains
      x-content-type-options:
      - nosniff
      x-ms-ratelimit-remaining-subscription-writes:
      - '1196'
    status:
      code: 201
      message: Created
- request:
    body: null
    headers:
      Accept:
      - '*/*'
      Accept-Encoding:
      - gzip, deflate
      CommandName:
      - vm create
      Connection:
      - keep-alive
      ParameterSetName:
      - --name -g --image --generate-ssh-keys --admin-username
      User-Agent:
      - AZURECLI/2.51.0 azsdk-python-azure-mgmt-resource/23.1.0b2 Python/3.10.12 (Linux-5.10.102.1-microsoft-standard-WSL2-x86_64-with-glibc2.35)
    method: GET
    uri: https://management.azure.com/subscriptions/00000000-0000-0000-0000-000000000000/resourcegroups/img_tmpl_managed000001/providers/Microsoft.Resources/deployments/mock-deployment/operationStatuses/08585088112694715029?api-version=2022-09-01
  response:
    body:
      string: '{"status":"Running"}'
    headers:
      cache-control:
      - no-cache
      content-length:
      - '20'
      content-type:
      - application/json; charset=utf-8
      date:
      - Wed, 23 Aug 2023 13:00:20 GMT
      expires:
      - '-1'
      pragma:
      - no-cache
      strict-transport-security:
      - max-age=31536000; includeSubDomains
      vary:
      - Accept-Encoding
      x-content-type-options:
      - nosniff
    status:
      code: 200
      message: OK
- request:
    body: null
    headers:
      Accept:
      - '*/*'
      Accept-Encoding:
      - gzip, deflate
      CommandName:
      - vm create
      Connection:
      - keep-alive
      ParameterSetName:
      - --name -g --image --generate-ssh-keys --admin-username
      User-Agent:
      - AZURECLI/2.51.0 azsdk-python-azure-mgmt-resource/23.1.0b2 Python/3.10.12 (Linux-5.10.102.1-microsoft-standard-WSL2-x86_64-with-glibc2.35)
    method: GET
    uri: https://management.azure.com/subscriptions/00000000-0000-0000-0000-000000000000/resourcegroups/img_tmpl_managed000001/providers/Microsoft.Resources/deployments/mock-deployment/operationStatuses/08585088112694715029?api-version=2022-09-01
  response:
    body:
      string: '{"status":"Running"}'
    headers:
      cache-control:
      - no-cache
      content-length:
      - '20'
      content-type:
      - application/json; charset=utf-8
      date:
      - Wed, 23 Aug 2023 13:00:50 GMT
      expires:
      - '-1'
      pragma:
      - no-cache
      strict-transport-security:
      - max-age=31536000; includeSubDomains
      vary:
      - Accept-Encoding
      x-content-type-options:
      - nosniff
    status:
      code: 200
      message: OK
- request:
    body: null
    headers:
      Accept:
      - '*/*'
      Accept-Encoding:
      - gzip, deflate
      CommandName:
      - vm create
      Connection:
      - keep-alive
      ParameterSetName:
      - --name -g --image --generate-ssh-keys --admin-username
      User-Agent:
      - AZURECLI/2.51.0 azsdk-python-azure-mgmt-resource/23.1.0b2 Python/3.10.12 (Linux-5.10.102.1-microsoft-standard-WSL2-x86_64-with-glibc2.35)
    method: GET
    uri: https://management.azure.com/subscriptions/00000000-0000-0000-0000-000000000000/resourcegroups/img_tmpl_managed000001/providers/Microsoft.Resources/deployments/mock-deployment/operationStatuses/08585088112694715029?api-version=2022-09-01
  response:
    body:
      string: '{"status":"Running"}'
    headers:
      cache-control:
      - no-cache
      content-length:
      - '20'
      content-type:
      - application/json; charset=utf-8
      date:
      - Wed, 23 Aug 2023 13:01:21 GMT
      expires:
      - '-1'
      pragma:
      - no-cache
      strict-transport-security:
      - max-age=31536000; includeSubDomains
      vary:
      - Accept-Encoding
      x-content-type-options:
      - nosniff
    status:
      code: 200
      message: OK
- request:
    body: null
    headers:
      Accept:
      - '*/*'
      Accept-Encoding:
      - gzip, deflate
      CommandName:
      - vm create
      Connection:
      - keep-alive
      ParameterSetName:
      - --name -g --image --generate-ssh-keys --admin-username
      User-Agent:
      - AZURECLI/2.51.0 azsdk-python-azure-mgmt-resource/23.1.0b2 Python/3.10.12 (Linux-5.10.102.1-microsoft-standard-WSL2-x86_64-with-glibc2.35)
    method: GET
    uri: https://management.azure.com/subscriptions/00000000-0000-0000-0000-000000000000/resourcegroups/img_tmpl_managed000001/providers/Microsoft.Resources/deployments/mock-deployment/operationStatuses/08585088112694715029?api-version=2022-09-01
  response:
    body:
      string: '{"status":"Running"}'
    headers:
      cache-control:
      - no-cache
      content-length:
      - '20'
      content-type:
      - application/json; charset=utf-8
      date:
      - Wed, 23 Aug 2023 13:01:51 GMT
      expires:
      - '-1'
      pragma:
      - no-cache
      strict-transport-security:
      - max-age=31536000; includeSubDomains
      vary:
      - Accept-Encoding
      x-content-type-options:
      - nosniff
    status:
      code: 200
      message: OK
- request:
    body: null
    headers:
      Accept:
      - '*/*'
      Accept-Encoding:
      - gzip, deflate
      CommandName:
      - vm create
      Connection:
      - keep-alive
      ParameterSetName:
      - --name -g --image --generate-ssh-keys --admin-username
      User-Agent:
      - AZURECLI/2.51.0 azsdk-python-azure-mgmt-resource/23.1.0b2 Python/3.10.12 (Linux-5.10.102.1-microsoft-standard-WSL2-x86_64-with-glibc2.35)
    method: GET
    uri: https://management.azure.com/subscriptions/00000000-0000-0000-0000-000000000000/resourcegroups/img_tmpl_managed000001/providers/Microsoft.Resources/deployments/mock-deployment/operationStatuses/08585088112694715029?api-version=2022-09-01
  response:
    body:
      string: '{"status":"Succeeded"}'
    headers:
      cache-control:
      - no-cache
      content-length:
      - '22'
      content-type:
      - application/json; charset=utf-8
      date:
      - Wed, 23 Aug 2023 13:02:22 GMT
      expires:
      - '-1'
      pragma:
      - no-cache
      strict-transport-security:
      - max-age=31536000; includeSubDomains
      vary:
      - Accept-Encoding
      x-content-type-options:
      - nosniff
    status:
      code: 200
      message: OK
- request:
    body: null
    headers:
      Accept:
      - '*/*'
      Accept-Encoding:
      - gzip, deflate
      CommandName:
      - vm create
      Connection:
      - keep-alive
      ParameterSetName:
      - --name -g --image --generate-ssh-keys --admin-username
      User-Agent:
      - AZURECLI/2.51.0 azsdk-python-azure-mgmt-resource/23.1.0b2 Python/3.10.12 (Linux-5.10.102.1-microsoft-standard-WSL2-x86_64-with-glibc2.35)
    method: GET
    uri: https://management.azure.com/subscriptions/00000000-0000-0000-0000-000000000000/resourcegroups/img_tmpl_managed000001/providers/Microsoft.Resources/deployments/mock-deployment?api-version=2022-09-01
  response:
    body:
      string: '{"id":"/subscriptions/00000000-0000-0000-0000-000000000000/resourceGroups/img_tmpl_managed000001/providers/Microsoft.Resources/deployments/vm_deploy_kpf8cOBYrnM40VGXS7HYg2ai3umAfCBx","name":"vm_deploy_kpf8cOBYrnM40VGXS7HYg2ai3umAfCBx","type":"Microsoft.Resources/deployments","properties":{"templateHash":"6286064764260268794","parameters":{},"mode":"Incremental","provisioningState":"Succeeded","timestamp":"2023-08-23T13:01:52.5948856Z","duration":"PT1M33.5966258S","correlationId":"4dcb0f0e-d5ca-4ea6-a4b6-3d982ec82a38","providers":[{"namespace":"Microsoft.Network","resourceTypes":[{"resourceType":"virtualNetworks","locations":["westus"]},{"resourceType":"networkSecurityGroups","locations":["westus"]},{"resourceType":"publicIPAddresses","locations":["westus"]},{"resourceType":"networkInterfaces","locations":["westus"]}]},{"namespace":"Microsoft.Compute","resourceTypes":[{"resourceType":"virtualMachines","locations":["westus"]}]}],"dependencies":[{"dependsOn":[{"id":"/subscriptions/00000000-0000-0000-0000-000000000000/resourceGroups/img_tmpl_managed000001/providers/Microsoft.Network/virtualNetworks/testvmVNET","resourceType":"Microsoft.Network/virtualNetworks","resourceName":"testvmVNET"},{"id":"/subscriptions/00000000-0000-0000-0000-000000000000/resourceGroups/img_tmpl_managed000001/providers/Microsoft.Network/networkSecurityGroups/testvmNSG","resourceType":"Microsoft.Network/networkSecurityGroups","resourceName":"testvmNSG"},{"id":"/subscriptions/00000000-0000-0000-0000-000000000000/resourceGroups/img_tmpl_managed000001/providers/Microsoft.Network/publicIPAddresses/testvmPublicIP","resourceType":"Microsoft.Network/publicIPAddresses","resourceName":"testvmPublicIP"}],"id":"/subscriptions/00000000-0000-0000-0000-000000000000/resourceGroups/img_tmpl_managed000001/providers/Microsoft.Network/networkInterfaces/testvmVMNic","resourceType":"Microsoft.Network/networkInterfaces","resourceName":"testvmVMNic"},{"dependsOn":[{"id":"/subscriptions/00000000-0000-0000-0000-000000000000/resourceGroups/img_tmpl_managed000001/providers/Microsoft.Network/networkInterfaces/testvmVMNic","resourceType":"Microsoft.Network/networkInterfaces","resourceName":"testvmVMNic"}],"id":"/subscriptions/00000000-0000-0000-0000-000000000000/resourceGroups/img_tmpl_managed000001/providers/Microsoft.Compute/virtualMachines/testvm","resourceType":"Microsoft.Compute/virtualMachines","resourceName":"testvm"}],"outputs":{},"outputResources":[{"id":"/subscriptions/00000000-0000-0000-0000-000000000000/resourceGroups/img_tmpl_managed000001/providers/Microsoft.Compute/virtualMachines/testvm"},{"id":"/subscriptions/00000000-0000-0000-0000-000000000000/resourceGroups/img_tmpl_managed000001/providers/Microsoft.Network/networkInterfaces/testvmVMNic"},{"id":"/subscriptions/00000000-0000-0000-0000-000000000000/resourceGroups/img_tmpl_managed000001/providers/Microsoft.Network/networkSecurityGroups/testvmNSG"},{"id":"/subscriptions/00000000-0000-0000-0000-000000000000/resourceGroups/img_tmpl_managed000001/providers/Microsoft.Network/publicIPAddresses/testvmPublicIP"},{"id":"/subscriptions/00000000-0000-0000-0000-000000000000/resourceGroups/img_tmpl_managed000001/providers/Microsoft.Network/virtualNetworks/testvmVNET"}]}}'
    headers:
      cache-control:
      - no-cache
      content-length:
      - '3224'
      content-type:
      - application/json; charset=utf-8
      date:
      - Wed, 23 Aug 2023 13:02:22 GMT
      expires:
      - '-1'
      pragma:
      - no-cache
      strict-transport-security:
      - max-age=31536000; includeSubDomains
      vary:
      - Accept-Encoding
      x-content-type-options:
      - nosniff
    status:
      code: 200
      message: OK
- request:
    body: null
    headers:
      Accept:
      - application/json
      Accept-Encoding:
      - gzip, deflate
      CommandName:
      - vm create
      Connection:
      - keep-alive
      ParameterSetName:
      - --name -g --image --generate-ssh-keys --admin-username
      User-Agent:
      - AZURECLI/2.51.0 azsdk-python-azure-mgmt-compute/30.0.0 Python/3.10.12 (Linux-5.10.102.1-microsoft-standard-WSL2-x86_64-with-glibc2.35)
    method: GET
    uri: https://management.azure.com/subscriptions/00000000-0000-0000-0000-000000000000/resourceGroups/img_tmpl_managed000001/providers/Microsoft.Compute/virtualMachines/testvm?$expand=instanceView&api-version=2022-11-01
  response:
    body:
      string: "{\r\n  \"name\": \"testvm\",\r\n  \"id\": \"/subscriptions/00000000-0000-0000-0000-000000000000/resourceGroups/img_tmpl_managed000001/providers/Microsoft.Compute/virtualMachines/testvm\",\r\n
        \ \"type\": \"Microsoft.Compute/virtualMachines\",\r\n  \"location\": \"westus\",\r\n
        \ \"tags\": {},\r\n  \"properties\": {\r\n    \"vmId\": \"bd2c7e4c-cda7-40b1-933d-f2c9822db3a6\",\r\n
        \   \"hardwareProfile\": {\r\n      \"vmSize\": \"Standard_DS1_v2\"\r\n    },\r\n
        \   \"storageProfile\": {\r\n      \"imageReference\": {\r\n        \"id\":
        \"/subscriptions/00000000-0000-0000-0000-000000000000/resourceGroups/img_tmpl_managed000001/providers/Microsoft.Compute/images/img_1\"\r\n
        \     },\r\n      \"osDisk\": {\r\n        \"osType\": \"Linux\",\r\n        \"name\":
        \"testvm_disk1_75438788189549a19700aaf6a3b87ba1\",\r\n        \"createOption\":
        \"FromImage\",\r\n        \"caching\": \"ReadWrite\",\r\n        \"managedDisk\":
        {\r\n          \"storageAccountType\": \"Standard_LRS\",\r\n          \"id\":
        \"/subscriptions/00000000-0000-0000-0000-000000000000/resourceGroups/img_tmpl_managed000001/providers/Microsoft.Compute/disks/testvm_disk1_75438788189549a19700aaf6a3b87ba1\"\r\n
        \       },\r\n        \"deleteOption\": \"Detach\",\r\n        \"diskSizeGB\":
        30\r\n      },\r\n      \"dataDisks\": []\r\n    },\r\n    \"osProfile\":
        {\r\n      \"computerName\": \"testvm\",\r\n      \"adminUsername\": \"azureuser\",\r\n
        \     \"linuxConfiguration\": {\r\n        \"disablePasswordAuthentication\":
        true,\r\n        \"ssh\": {\r\n          \"publicKeys\": [\r\n            {\r\n
        \             \"path\": \"/home/azureuser/.ssh/authorized_keys\",\r\n              \"keyData\":
        \"ssh-rsa AAAAB3NzaC1yc2EAAAADAQABAAABAQDB307ZCd4kRS4vLl0ed6Fn2Tb4FXZLJEyp4gu2Pquy6whZQODn2l5UTnRZ8JXxnOZmZhtJzlnxZUj+pzfutqNZ9OWslqqUbC6O32gQETh0+f3D0qFb8gZ/JI+f31/IuNQdk9PRpPvFOMPyq7csGTQCBUDc81fF26cLtxOwFA7961WWQG9Ndt47x0COcHpwe3iV/5XYmkGZ334M0UZTDmptqaCLHnWmktqRXKmDEtkIspFgKf+bF69y1vBE2FYC3DXSQFYx2UWIw0v2H1u3PiNZgLpoYXSHFGkxrs95YvGSoT83S7TQVWUxPlHqJVN9wW49PwDqs+iVLqVpXqSyue7V\"\r\n
        \           }\r\n          ]\r\n        },\r\n        \"provisionVMAgent\":
        true,\r\n        \"patchSettings\": {\r\n          \"patchMode\": \"ImageDefault\",\r\n
        \         \"assessmentMode\": \"ImageDefault\"\r\n        },\r\n        \"enableVMAgentPlatformUpdates\":
        false\r\n      },\r\n      \"secrets\": [],\r\n      \"allowExtensionOperations\":
        true,\r\n      \"requireGuestProvisionSignal\": true\r\n    },\r\n    \"networkProfile\":
        {\"networkInterfaces\":[{\"id\":\"/subscriptions/00000000-0000-0000-0000-000000000000/resourceGroups/img_tmpl_managed000001/providers/Microsoft.Network/networkInterfaces/testvmVMNic\"}]},\r\n
        \   \"provisioningState\": \"Succeeded\",\r\n    \"instanceView\": {\r\n      \"vmAgent\":
        {\r\n        \"vmAgentVersion\": \"Unknown\",\r\n        \"statuses\": [\r\n
        \         {\r\n            \"code\": \"ProvisioningState/Unavailable\",\r\n
        \           \"level\": \"Warning\",\r\n            \"displayStatus\": \"Not
        Ready\",\r\n            \"message\": \"VM status blob is found but not yet
        populated.\",\r\n            \"time\": \"2023-08-23T13:02:23+00:00\"\r\n          }\r\n
        \       ]\r\n      },\r\n      \"disks\": [\r\n        {\r\n          \"name\":
        \"testvm_disk1_75438788189549a19700aaf6a3b87ba1\",\r\n          \"statuses\":
        [\r\n            {\r\n              \"code\": \"ProvisioningState/succeeded\",\r\n
        \             \"level\": \"Info\",\r\n              \"displayStatus\": \"Provisioning
        succeeded\",\r\n              \"time\": \"2023-08-23T13:00:43.8709275+00:00\"\r\n
        \           }\r\n          ]\r\n        }\r\n      ],\r\n      \"hyperVGeneration\":
        \"V1\",\r\n      \"statuses\": [\r\n        {\r\n          \"code\": \"ProvisioningState/succeeded\",\r\n
        \         \"level\": \"Info\",\r\n          \"displayStatus\": \"Provisioning
        succeeded\",\r\n          \"time\": \"2023-08-23T13:01:48.4657598+00:00\"\r\n
        \       },\r\n        {\r\n          \"code\": \"PowerState/running\",\r\n
        \         \"level\": \"Info\",\r\n          \"displayStatus\": \"VM running\"\r\n
        \       }\r\n      ]\r\n    },\r\n    \"timeCreated\": \"2023-08-23T13:00:41.6677177+00:00\"\r\n
        \ }\r\n}"
    headers:
      cache-control:
      - no-cache
      content-length:
      - '3761'
      content-type:
      - application/json; charset=utf-8
      date:
      - Wed, 23 Aug 2023 13:02:23 GMT
      expires:
      - '-1'
      pragma:
      - no-cache
      server:
      - Microsoft-HTTPAPI/2.0
      - Microsoft-HTTPAPI/2.0
      strict-transport-security:
      - max-age=31536000; includeSubDomains
      transfer-encoding:
      - chunked
      vary:
      - Accept-Encoding
      x-content-type-options:
      - nosniff
      x-ms-ratelimit-remaining-resource:
      - Microsoft.Compute/LowCostGet3Min;3996,Microsoft.Compute/LowCostGet30Min;31988
    status:
      code: 200
      message: OK
- request:
    body: null
    headers:
      Accept:
      - application/json
      Accept-Encoding:
      - gzip, deflate
      CommandName:
      - vm create
      Connection:
      - keep-alive
      ParameterSetName:
      - --name -g --image --generate-ssh-keys --admin-username
      User-Agent:
      - AZURECLI/2.51.0 (AAZ) azsdk-python-core/1.26.0 Python/3.10.12 (Linux-5.10.102.1-microsoft-standard-WSL2-x86_64-with-glibc2.35)
    method: GET
    uri: https://management.azure.com/subscriptions/00000000-0000-0000-0000-000000000000/resourceGroups/img_tmpl_managed000001/providers/Microsoft.Network/networkInterfaces/testvmVMNic?api-version=2022-01-01
  response:
    body:
      string: "{\r\n  \"name\": \"testvmVMNic\",\r\n  \"id\": \"/subscriptions/00000000-0000-0000-0000-000000000000/resourceGroups/img_tmpl_managed000001/providers/Microsoft.Network/networkInterfaces/testvmVMNic\",\r\n
        \ \"etag\": \"W/\\\"27352bda-cfaa-4162-9721-7f727cc1d256\\\"\",\r\n  \"tags\":
        {},\r\n  \"properties\": {\r\n    \"provisioningState\": \"Succeeded\",\r\n
        \   \"resourceGuid\": \"b87c1a40-ea23-4e86-a2d9-823f45185f58\",\r\n    \"ipConfigurations\":
        [\r\n      {\r\n        \"name\": \"ipconfigtestvm\",\r\n        \"id\": \"/subscriptions/00000000-0000-0000-0000-000000000000/resourceGroups/img_tmpl_managed000001/providers/Microsoft.Network/networkInterfaces/testvmVMNic/ipConfigurations/ipconfigtestvm\",\r\n
        \       \"etag\": \"W/\\\"27352bda-cfaa-4162-9721-7f727cc1d256\\\"\",\r\n
        \       \"type\": \"Microsoft.Network/networkInterfaces/ipConfigurations\",\r\n
        \       \"properties\": {\r\n          \"provisioningState\": \"Succeeded\",\r\n
        \         \"privateIPAddress\": \"10.0.0.4\",\r\n          \"privateIPAllocationMethod\":
        \"Dynamic\",\r\n          \"publicIPAddress\": {\r\n            \"id\": \"/subscriptions/00000000-0000-0000-0000-000000000000/resourceGroups/img_tmpl_managed000001/providers/Microsoft.Network/publicIPAddresses/testvmPublicIP\"\r\n
        \         },\r\n          \"subnet\": {\r\n            \"id\": \"/subscriptions/00000000-0000-0000-0000-000000000000/resourceGroups/img_tmpl_managed000001/providers/Microsoft.Network/virtualNetworks/testvmVNET/subnets/testvmSubnet\"\r\n
        \         },\r\n          \"primary\": true,\r\n          \"privateIPAddressVersion\":
        \"IPv4\"\r\n        }\r\n      }\r\n    ],\r\n    \"dnsSettings\": {\r\n      \"dnsServers\":
        [],\r\n      \"appliedDnsServers\": [],\r\n      \"internalDomainNameSuffix\":
        \"4z2bgyfkbe0ejnwkpzraxxlj2a.dx.internal.cloudapp.net\"\r\n    },\r\n    \"macAddress\":
        \"00-22-48-03-BD-E5\",\r\n    \"vnetEncryptionSupported\": false,\r\n    \"enableIPForwarding\":
        false,\r\n    \"networkSecurityGroup\": {\r\n      \"id\": \"/subscriptions/00000000-0000-0000-0000-000000000000/resourceGroups/img_tmpl_managed000001/providers/Microsoft.Network/networkSecurityGroups/testvmNSG\"\r\n
        \   },\r\n    \"primary\": true,\r\n    \"virtualMachine\": {\r\n      \"id\":
        \"/subscriptions/00000000-0000-0000-0000-000000000000/resourceGroups/img_tmpl_managed000001/providers/Microsoft.Compute/virtualMachines/testvm\"\r\n
        \   },\r\n    \"hostedWorkloads\": [],\r\n    \"tapConfigurations\": [],\r\n
        \   \"nicType\": \"Standard\",\r\n    \"allowPort25Out\": true,\r\n    \"auxiliaryMode\":
        \"None\"\r\n  },\r\n  \"type\": \"Microsoft.Network/networkInterfaces\",\r\n
        \ \"location\": \"westus\",\r\n  \"kind\": \"Regular\"\r\n}"
    headers:
      cache-control:
      - no-cache
      content-length:
      - '2443'
      content-type:
      - application/json; charset=utf-8
      date:
      - Wed, 23 Aug 2023 13:02:24 GMT
      etag:
      - W/"27352bda-cfaa-4162-9721-7f727cc1d256"
      expires:
      - '-1'
      pragma:
      - no-cache
      server:
      - Microsoft-HTTPAPI/2.0
      - Microsoft-HTTPAPI/2.0
      strict-transport-security:
      - max-age=31536000; includeSubDomains
      x-content-type-options:
      - nosniff
      x-ms-arm-service-request-id:
      - d203e54b-25aa-4e39-90b5-875e9c13042f
    status:
      code: 200
      message: OK
- request:
    body: null
    headers:
      Accept:
      - application/json
      Accept-Encoding:
      - gzip, deflate
      CommandName:
      - vm create
      Connection:
      - keep-alive
      ParameterSetName:
      - --name -g --image --generate-ssh-keys --admin-username
      User-Agent:
      - AZURECLI/2.51.0 (AAZ) azsdk-python-core/1.26.0 Python/3.10.12 (Linux-5.10.102.1-microsoft-standard-WSL2-x86_64-with-glibc2.35)
    method: GET
    uri: https://management.azure.com/subscriptions/00000000-0000-0000-0000-000000000000/resourceGroups/img_tmpl_managed000001/providers/Microsoft.Network/publicIPAddresses/testvmPublicIP?api-version=2022-01-01
  response:
    body:
      string: "{\r\n  \"name\": \"testvmPublicIP\",\r\n  \"id\": \"/subscriptions/00000000-0000-0000-0000-000000000000/resourceGroups/img_tmpl_managed000001/providers/Microsoft.Network/publicIPAddresses/testvmPublicIP\",\r\n
        \ \"etag\": \"W/\\\"9d56b9eb-889e-4c12-93e2-d82136ec8d1f\\\"\",\r\n  \"location\":
        \"westus\",\r\n  \"tags\": {},\r\n  \"properties\": {\r\n    \"provisioningState\":
        \"Succeeded\",\r\n    \"resourceGuid\": \"57b22b5f-a2eb-45c4-818b-79d110f12316\",\r\n
        \   \"ipAddress\": \"20.245.76.148\",\r\n    \"publicIPAddressVersion\": \"IPv4\",\r\n
        \   \"publicIPAllocationMethod\": \"Dynamic\",\r\n    \"idleTimeoutInMinutes\":
        4,\r\n    \"ipTags\": [],\r\n    \"ipConfiguration\": {\r\n      \"id\": \"/subscriptions/00000000-0000-0000-0000-000000000000/resourceGroups/img_tmpl_managed000001/providers/Microsoft.Network/networkInterfaces/testvmVMNic/ipConfigurations/ipconfigtestvm\"\r\n
        \   }\r\n  },\r\n  \"type\": \"Microsoft.Network/publicIPAddresses\",\r\n
        \ \"sku\": {\r\n    \"name\": \"Basic\",\r\n    \"tier\": \"Regional\"\r\n
        \ }\r\n}"
    headers:
      cache-control:
      - no-cache
      content-length:
      - '928'
      content-type:
      - application/json; charset=utf-8
      date:
      - Wed, 23 Aug 2023 13:02:26 GMT
      etag:
      - W/"9d56b9eb-889e-4c12-93e2-d82136ec8d1f"
      expires:
      - '-1'
      pragma:
      - no-cache
      server:
      - Microsoft-HTTPAPI/2.0
      - Microsoft-HTTPAPI/2.0
      strict-transport-security:
      - max-age=31536000; includeSubDomains
      transfer-encoding:
      - chunked
      vary:
      - Accept-Encoding
      x-content-type-options:
      - nosniff
      x-ms-arm-service-request-id:
      - a711b648-26d5-4001-be0c-3e12331d0cd9
    status:
      code: 200
      message: OK
- request:
    body: null
    headers:
      Accept:
      - application/json
      Accept-Encoding:
      - gzip, deflate
      CommandName:
      - vm show
      Connection:
      - keep-alive
      ParameterSetName:
      - -n -g
      User-Agent:
      - AZURECLI/2.51.0 azsdk-python-azure-mgmt-compute/30.0.0 Python/3.10.12 (Linux-5.10.102.1-microsoft-standard-WSL2-x86_64-with-glibc2.35)
    method: GET
    uri: https://management.azure.com/subscriptions/00000000-0000-0000-0000-000000000000/resourceGroups/img_tmpl_managed000001/providers/Microsoft.Compute/virtualMachines/testvm?api-version=2022-11-01
  response:
    body:
      string: "{\r\n  \"name\": \"testvm\",\r\n  \"id\": \"/subscriptions/00000000-0000-0000-0000-000000000000/resourceGroups/img_tmpl_managed000001/providers/Microsoft.Compute/virtualMachines/testvm\",\r\n
        \ \"type\": \"Microsoft.Compute/virtualMachines\",\r\n  \"location\": \"westus\",\r\n
        \ \"tags\": {},\r\n  \"properties\": {\r\n    \"vmId\": \"bd2c7e4c-cda7-40b1-933d-f2c9822db3a6\",\r\n
        \   \"hardwareProfile\": {\r\n      \"vmSize\": \"Standard_DS1_v2\"\r\n    },\r\n
        \   \"storageProfile\": {\r\n      \"imageReference\": {\r\n        \"id\":
        \"/subscriptions/00000000-0000-0000-0000-000000000000/resourceGroups/img_tmpl_managed000001/providers/Microsoft.Compute/images/img_1\"\r\n
        \     },\r\n      \"osDisk\": {\r\n        \"osType\": \"Linux\",\r\n        \"name\":
        \"testvm_disk1_75438788189549a19700aaf6a3b87ba1\",\r\n        \"createOption\":
        \"FromImage\",\r\n        \"caching\": \"ReadWrite\",\r\n        \"managedDisk\":
        {\r\n          \"storageAccountType\": \"Standard_LRS\",\r\n          \"id\":
        \"/subscriptions/00000000-0000-0000-0000-000000000000/resourceGroups/img_tmpl_managed000001/providers/Microsoft.Compute/disks/testvm_disk1_75438788189549a19700aaf6a3b87ba1\"\r\n
        \       },\r\n        \"deleteOption\": \"Detach\",\r\n        \"diskSizeGB\":
        30\r\n      },\r\n      \"dataDisks\": []\r\n    },\r\n    \"osProfile\":
        {\r\n      \"computerName\": \"testvm\",\r\n      \"adminUsername\": \"azureuser\",\r\n
        \     \"linuxConfiguration\": {\r\n        \"disablePasswordAuthentication\":
        true,\r\n        \"ssh\": {\r\n          \"publicKeys\": [\r\n            {\r\n
        \             \"path\": \"/home/azureuser/.ssh/authorized_keys\",\r\n              \"keyData\":
        \"ssh-rsa AAAAB3NzaC1yc2EAAAADAQABAAABAQDB307ZCd4kRS4vLl0ed6Fn2Tb4FXZLJEyp4gu2Pquy6whZQODn2l5UTnRZ8JXxnOZmZhtJzlnxZUj+pzfutqNZ9OWslqqUbC6O32gQETh0+f3D0qFb8gZ/JI+f31/IuNQdk9PRpPvFOMPyq7csGTQCBUDc81fF26cLtxOwFA7961WWQG9Ndt47x0COcHpwe3iV/5XYmkGZ334M0UZTDmptqaCLHnWmktqRXKmDEtkIspFgKf+bF69y1vBE2FYC3DXSQFYx2UWIw0v2H1u3PiNZgLpoYXSHFGkxrs95YvGSoT83S7TQVWUxPlHqJVN9wW49PwDqs+iVLqVpXqSyue7V\"\r\n
        \           }\r\n          ]\r\n        },\r\n        \"provisionVMAgent\":
        true,\r\n        \"patchSettings\": {\r\n          \"patchMode\": \"ImageDefault\",\r\n
        \         \"assessmentMode\": \"ImageDefault\"\r\n        },\r\n        \"enableVMAgentPlatformUpdates\":
        false\r\n      },\r\n      \"secrets\": [],\r\n      \"allowExtensionOperations\":
        true,\r\n      \"requireGuestProvisionSignal\": true\r\n    },\r\n    \"networkProfile\":
        {\"networkInterfaces\":[{\"id\":\"/subscriptions/00000000-0000-0000-0000-000000000000/resourceGroups/img_tmpl_managed000001/providers/Microsoft.Network/networkInterfaces/testvmVMNic\"}]},\r\n
        \   \"provisioningState\": \"Succeeded\",\r\n    \"timeCreated\": \"2023-08-23T13:00:41.6677177+00:00\"\r\n
        \ }\r\n}"
    headers:
      cache-control:
      - no-cache
      content-length:
      - '2555'
      content-type:
      - application/json; charset=utf-8
      date:
      - Wed, 23 Aug 2023 13:02:27 GMT
      expires:
      - '-1'
      pragma:
      - no-cache
      server:
      - Microsoft-HTTPAPI/2.0
      - Microsoft-HTTPAPI/2.0
      strict-transport-security:
      - max-age=31536000; includeSubDomains
      transfer-encoding:
      - chunked
      vary:
      - Accept-Encoding
      x-content-type-options:
      - nosniff
      x-ms-ratelimit-remaining-resource:
      - Microsoft.Compute/LowCostGet3Min;3995,Microsoft.Compute/LowCostGet30Min;31987
    status:
      code: 200
      message: OK
- request:
    body: null
    headers:
      Accept:
      - application/json
      Accept-Encoding:
      - gzip, deflate
      CommandName:
      - image builder create
      Connection:
      - keep-alive
      ParameterSetName:
      - -n -g --image-source --managed-image-destinations --scripts --identity
      User-Agent:
      - AZURECLI/2.51.0 azsdk-python-azure-mgmt-resource/23.1.0b2 Python/3.10.12 (Linux-5.10.102.1-microsoft-standard-WSL2-x86_64-with-glibc2.35)
    method: GET
    uri: https://management.azure.com/subscriptions/00000000-0000-0000-0000-000000000000/resourcegroups/img_tmpl_managed000001?api-version=2022-09-01
  response:
    body:
      string: '{"id":"/subscriptions/00000000-0000-0000-0000-000000000000/resourceGroups/img_tmpl_managed000001","name":"img_tmpl_managed000001","type":"Microsoft.Resources/resourceGroups","location":"westus","tags":{"product":"azurecli","cause":"automation","test":"test_image_build_managed_image","date":"2023-08-23T12:48:06Z","module":"vm"},"properties":{"provisioningState":"Succeeded"}}'
    headers:
      cache-control:
      - no-cache
      content-length:
      - '376'
      content-type:
      - application/json; charset=utf-8
      date:
      - Wed, 23 Aug 2023 13:02:26 GMT
      expires:
      - '-1'
      pragma:
      - no-cache
      strict-transport-security:
      - max-age=31536000; includeSubDomains
      vary:
      - Accept-Encoding
      x-content-type-options:
      - nosniff
    status:
      code: 200
      message: OK
- request:
    body: null
    headers:
      Accept:
      - application/json
      Accept-Encoding:
      - gzip, deflate
      CommandName:
      - image builder create
      Connection:
      - keep-alive
      ParameterSetName:
      - -n -g --image-source --managed-image-destinations --scripts --identity
      User-Agent:
      - AZURECLI/2.51.0 azsdk-python-azure-mgmt-resource/23.1.0b2 Python/3.10.12 (Linux-5.10.102.1-microsoft-standard-WSL2-x86_64-with-glibc2.35)
    method: GET
    uri: https://management.azure.com/subscriptions/00000000-0000-0000-0000-000000000000/locations?api-version=2019-11-01
  response:
    body:
      string: "{\"value\":[{\"id\":\"/subscriptions/00000000-0000-0000-0000-000000000000/locations/eastus\",\"name\":\"eastus\",\"displayName\":\"East
        US\",\"regionalDisplayName\":\"(US) East US\",\"metadata\":{\"regionType\":\"Physical\",\"regionCategory\":\"Recommended\",\"geographyGroup\":\"US\",\"longitude\":\"-79.8164\",\"latitude\":\"37.3719\",\"physicalLocation\":\"Virginia\",\"pairedRegion\":[{\"name\":\"westus\",\"id\":\"/subscriptions/00000000-0000-0000-0000-000000000000/locations/westus\"}]}},{\"id\":\"/subscriptions/00000000-0000-0000-0000-000000000000/locations/eastus2\",\"name\":\"eastus2\",\"displayName\":\"East
        US 2\",\"regionalDisplayName\":\"(US) East US 2\",\"metadata\":{\"regionType\":\"Physical\",\"regionCategory\":\"Recommended\",\"geographyGroup\":\"US\",\"longitude\":\"-78.3889\",\"latitude\":\"36.6681\",\"physicalLocation\":\"Virginia\",\"pairedRegion\":[{\"name\":\"centralus\",\"id\":\"/subscriptions/00000000-0000-0000-0000-000000000000/locations/centralus\"}]}},{\"id\":\"/subscriptions/00000000-0000-0000-0000-000000000000/locations/southcentralus\",\"name\":\"southcentralus\",\"displayName\":\"South
        Central US\",\"regionalDisplayName\":\"(US) South Central US\",\"metadata\":{\"regionType\":\"Physical\",\"regionCategory\":\"Recommended\",\"geographyGroup\":\"US\",\"longitude\":\"-98.5\",\"latitude\":\"29.4167\",\"physicalLocation\":\"Texas\",\"pairedRegion\":[{\"name\":\"northcentralus\",\"id\":\"/subscriptions/00000000-0000-0000-0000-000000000000/locations/northcentralus\"}]}},{\"id\":\"/subscriptions/00000000-0000-0000-0000-000000000000/locations/westus2\",\"name\":\"westus2\",\"displayName\":\"West
        US 2\",\"regionalDisplayName\":\"(US) West US 2\",\"metadata\":{\"regionType\":\"Physical\",\"regionCategory\":\"Recommended\",\"geographyGroup\":\"US\",\"longitude\":\"-119.852\",\"latitude\":\"47.233\",\"physicalLocation\":\"Washington\",\"pairedRegion\":[{\"name\":\"westcentralus\",\"id\":\"/subscriptions/00000000-0000-0000-0000-000000000000/locations/westcentralus\"}]}},{\"id\":\"/subscriptions/00000000-0000-0000-0000-000000000000/locations/westus3\",\"name\":\"westus3\",\"displayName\":\"West
        US 3\",\"regionalDisplayName\":\"(US) West US 3\",\"metadata\":{\"regionType\":\"Physical\",\"regionCategory\":\"Recommended\",\"geographyGroup\":\"US\",\"longitude\":\"-112.074036\",\"latitude\":\"33.448376\",\"physicalLocation\":\"Phoenix\",\"pairedRegion\":[{\"name\":\"eastus\",\"id\":\"/subscriptions/00000000-0000-0000-0000-000000000000/locations/eastus\"}]}},{\"id\":\"/subscriptions/00000000-0000-0000-0000-000000000000/locations/australiaeast\",\"name\":\"australiaeast\",\"displayName\":\"Australia
        East\",\"regionalDisplayName\":\"(Asia Pacific) Australia East\",\"metadata\":{\"regionType\":\"Physical\",\"regionCategory\":\"Recommended\",\"geographyGroup\":\"Asia
        Pacific\",\"longitude\":\"151.2094\",\"latitude\":\"-33.86\",\"physicalLocation\":\"New
        South Wales\",\"pairedRegion\":[{\"name\":\"australiasoutheast\",\"id\":\"/subscriptions/00000000-0000-0000-0000-000000000000/locations/australiasoutheast\"}]}},{\"id\":\"/subscriptions/00000000-0000-0000-0000-000000000000/locations/southeastasia\",\"name\":\"southeastasia\",\"displayName\":\"Southeast
        Asia\",\"regionalDisplayName\":\"(Asia Pacific) Southeast Asia\",\"metadata\":{\"regionType\":\"Physical\",\"regionCategory\":\"Recommended\",\"geographyGroup\":\"Asia
        Pacific\",\"longitude\":\"103.833\",\"latitude\":\"1.283\",\"physicalLocation\":\"Singapore\",\"pairedRegion\":[{\"name\":\"eastasia\",\"id\":\"/subscriptions/00000000-0000-0000-0000-000000000000/locations/eastasia\"}]}},{\"id\":\"/subscriptions/00000000-0000-0000-0000-000000000000/locations/northeurope\",\"name\":\"northeurope\",\"displayName\":\"North
        Europe\",\"regionalDisplayName\":\"(Europe) North Europe\",\"metadata\":{\"regionType\":\"Physical\",\"regionCategory\":\"Recommended\",\"geographyGroup\":\"Europe\",\"longitude\":\"-6.2597\",\"latitude\":\"53.3478\",\"physicalLocation\":\"Ireland\",\"pairedRegion\":[{\"name\":\"westeurope\",\"id\":\"/subscriptions/00000000-0000-0000-0000-000000000000/locations/westeurope\"}]}},{\"id\":\"/subscriptions/00000000-0000-0000-0000-000000000000/locations/swedencentral\",\"name\":\"swedencentral\",\"displayName\":\"Sweden
        Central\",\"regionalDisplayName\":\"(Europe) Sweden Central\",\"metadata\":{\"regionType\":\"Physical\",\"regionCategory\":\"Recommended\",\"geographyGroup\":\"Europe\",\"longitude\":\"17.14127\",\"latitude\":\"60.67488\",\"physicalLocation\":\"G\xE4vle\",\"pairedRegion\":[{\"name\":\"swedensouth\",\"id\":\"/subscriptions/00000000-0000-0000-0000-000000000000/locations/swedensouth\"}]}},{\"id\":\"/subscriptions/00000000-0000-0000-0000-000000000000/locations/uksouth\",\"name\":\"uksouth\",\"displayName\":\"UK
        South\",\"regionalDisplayName\":\"(Europe) UK South\",\"metadata\":{\"regionType\":\"Physical\",\"regionCategory\":\"Recommended\",\"geographyGroup\":\"Europe\",\"longitude\":\"-0.799\",\"latitude\":\"50.941\",\"physicalLocation\":\"London\",\"pairedRegion\":[{\"name\":\"ukwest\",\"id\":\"/subscriptions/00000000-0000-0000-0000-000000000000/locations/ukwest\"}]}},{\"id\":\"/subscriptions/00000000-0000-0000-0000-000000000000/locations/westeurope\",\"name\":\"westeurope\",\"displayName\":\"West
        Europe\",\"regionalDisplayName\":\"(Europe) West Europe\",\"metadata\":{\"regionType\":\"Physical\",\"regionCategory\":\"Recommended\",\"geographyGroup\":\"Europe\",\"longitude\":\"4.9\",\"latitude\":\"52.3667\",\"physicalLocation\":\"Netherlands\",\"pairedRegion\":[{\"name\":\"northeurope\",\"id\":\"/subscriptions/00000000-0000-0000-0000-000000000000/locations/northeurope\"}]}},{\"id\":\"/subscriptions/00000000-0000-0000-0000-000000000000/locations/centralus\",\"name\":\"centralus\",\"displayName\":\"Central
        US\",\"regionalDisplayName\":\"(US) Central US\",\"metadata\":{\"regionType\":\"Physical\",\"regionCategory\":\"Recommended\",\"geographyGroup\":\"US\",\"longitude\":\"-93.6208\",\"latitude\":\"41.5908\",\"physicalLocation\":\"Iowa\",\"pairedRegion\":[{\"name\":\"eastus2\",\"id\":\"/subscriptions/00000000-0000-0000-0000-000000000000/locations/eastus2\"}]}},{\"id\":\"/subscriptions/00000000-0000-0000-0000-000000000000/locations/southafricanorth\",\"name\":\"southafricanorth\",\"displayName\":\"South
        Africa North\",\"regionalDisplayName\":\"(Africa) South Africa North\",\"metadata\":{\"regionType\":\"Physical\",\"regionCategory\":\"Recommended\",\"geographyGroup\":\"Africa\",\"longitude\":\"28.21837\",\"latitude\":\"-25.73134\",\"physicalLocation\":\"Johannesburg\",\"pairedRegion\":[{\"name\":\"southafricawest\",\"id\":\"/subscriptions/00000000-0000-0000-0000-000000000000/locations/southafricawest\"}]}},{\"id\":\"/subscriptions/00000000-0000-0000-0000-000000000000/locations/centralindia\",\"name\":\"centralindia\",\"displayName\":\"Central
        India\",\"regionalDisplayName\":\"(Asia Pacific) Central India\",\"metadata\":{\"regionType\":\"Physical\",\"regionCategory\":\"Recommended\",\"geographyGroup\":\"Asia
        Pacific\",\"longitude\":\"73.9197\",\"latitude\":\"18.5822\",\"physicalLocation\":\"Pune\",\"pairedRegion\":[{\"name\":\"southindia\",\"id\":\"/subscriptions/00000000-0000-0000-0000-000000000000/locations/southindia\"}]}},{\"id\":\"/subscriptions/00000000-0000-0000-0000-000000000000/locations/eastasia\",\"name\":\"eastasia\",\"displayName\":\"East
        Asia\",\"regionalDisplayName\":\"(Asia Pacific) East Asia\",\"metadata\":{\"regionType\":\"Physical\",\"regionCategory\":\"Recommended\",\"geographyGroup\":\"Asia
        Pacific\",\"longitude\":\"114.188\",\"latitude\":\"22.267\",\"physicalLocation\":\"Hong
        Kong\",\"pairedRegion\":[{\"name\":\"southeastasia\",\"id\":\"/subscriptions/00000000-0000-0000-0000-000000000000/locations/southeastasia\"}]}},{\"id\":\"/subscriptions/00000000-0000-0000-0000-000000000000/locations/japaneast\",\"name\":\"japaneast\",\"displayName\":\"Japan
        East\",\"regionalDisplayName\":\"(Asia Pacific) Japan East\",\"metadata\":{\"regionType\":\"Physical\",\"regionCategory\":\"Recommended\",\"geographyGroup\":\"Asia
        Pacific\",\"longitude\":\"139.77\",\"latitude\":\"35.68\",\"physicalLocation\":\"Tokyo,
        Saitama\",\"pairedRegion\":[{\"name\":\"japanwest\",\"id\":\"/subscriptions/00000000-0000-0000-0000-000000000000/locations/japanwest\"}]}},{\"id\":\"/subscriptions/00000000-0000-0000-0000-000000000000/locations/koreacentral\",\"name\":\"koreacentral\",\"displayName\":\"Korea
        Central\",\"regionalDisplayName\":\"(Asia Pacific) Korea Central\",\"metadata\":{\"regionType\":\"Physical\",\"regionCategory\":\"Recommended\",\"geographyGroup\":\"Asia
        Pacific\",\"longitude\":\"126.978\",\"latitude\":\"37.5665\",\"physicalLocation\":\"Seoul\",\"pairedRegion\":[{\"name\":\"koreasouth\",\"id\":\"/subscriptions/00000000-0000-0000-0000-000000000000/locations/koreasouth\"}]}},{\"id\":\"/subscriptions/00000000-0000-0000-0000-000000000000/locations/canadacentral\",\"name\":\"canadacentral\",\"displayName\":\"Canada
        Central\",\"regionalDisplayName\":\"(Canada) Canada Central\",\"metadata\":{\"regionType\":\"Physical\",\"regionCategory\":\"Recommended\",\"geographyGroup\":\"Canada\",\"longitude\":\"-79.383\",\"latitude\":\"43.653\",\"physicalLocation\":\"Toronto\",\"pairedRegion\":[{\"name\":\"canadaeast\",\"id\":\"/subscriptions/00000000-0000-0000-0000-000000000000/locations/canadaeast\"}]}},{\"id\":\"/subscriptions/00000000-0000-0000-0000-000000000000/locations/francecentral\",\"name\":\"francecentral\",\"displayName\":\"France
        Central\",\"regionalDisplayName\":\"(Europe) France Central\",\"metadata\":{\"regionType\":\"Physical\",\"regionCategory\":\"Recommended\",\"geographyGroup\":\"Europe\",\"longitude\":\"2.373\",\"latitude\":\"46.3772\",\"physicalLocation\":\"Paris\",\"pairedRegion\":[{\"name\":\"francesouth\",\"id\":\"/subscriptions/00000000-0000-0000-0000-000000000000/locations/francesouth\"}]}},{\"id\":\"/subscriptions/00000000-0000-0000-0000-000000000000/locations/germanywestcentral\",\"name\":\"germanywestcentral\",\"displayName\":\"Germany
        West Central\",\"regionalDisplayName\":\"(Europe) Germany West Central\",\"metadata\":{\"regionType\":\"Physical\",\"regionCategory\":\"Recommended\",\"geographyGroup\":\"Europe\",\"longitude\":\"8.682127\",\"latitude\":\"50.110924\",\"physicalLocation\":\"Frankfurt\",\"pairedRegion\":[{\"name\":\"germanynorth\",\"id\":\"/subscriptions/00000000-0000-0000-0000-000000000000/locations/germanynorth\"}]}},{\"id\":\"/subscriptions/00000000-0000-0000-0000-000000000000/locations/norwayeast\",\"name\":\"norwayeast\",\"displayName\":\"Norway
        East\",\"regionalDisplayName\":\"(Europe) Norway East\",\"metadata\":{\"regionType\":\"Physical\",\"regionCategory\":\"Recommended\",\"geographyGroup\":\"Europe\",\"longitude\":\"10.752245\",\"latitude\":\"59.913868\",\"physicalLocation\":\"Norway\",\"pairedRegion\":[{\"name\":\"norwaywest\",\"id\":\"/subscriptions/00000000-0000-0000-0000-000000000000/locations/norwaywest\"}]}},{\"id\":\"/subscriptions/00000000-0000-0000-0000-000000000000/locations/polandcentral\",\"name\":\"polandcentral\",\"displayName\":\"Poland
        Central\",\"regionalDisplayName\":\"(Europe) Poland Central\",\"metadata\":{\"regionType\":\"Physical\",\"regionCategory\":\"Recommended\",\"geographyGroup\":\"Europe\",\"longitude\":\"21.01666\",\"latitude\":\"52.23334\",\"physicalLocation\":\"Warsaw\",\"pairedRegion\":[]}},{\"id\":\"/subscriptions/00000000-0000-0000-0000-000000000000/locations/switzerlandnorth\",\"name\":\"switzerlandnorth\",\"displayName\":\"Switzerland
        North\",\"regionalDisplayName\":\"(Europe) Switzerland North\",\"metadata\":{\"regionType\":\"Physical\",\"regionCategory\":\"Recommended\",\"geographyGroup\":\"Europe\",\"longitude\":\"8.564572\",\"latitude\":\"47.451542\",\"physicalLocation\":\"Zurich\",\"pairedRegion\":[{\"name\":\"switzerlandwest\",\"id\":\"/subscriptions/00000000-0000-0000-0000-000000000000/locations/switzerlandwest\"}]}},{\"id\":\"/subscriptions/00000000-0000-0000-0000-000000000000/locations/uaenorth\",\"name\":\"uaenorth\",\"displayName\":\"UAE
        North\",\"regionalDisplayName\":\"(Middle East) UAE North\",\"metadata\":{\"regionType\":\"Physical\",\"regionCategory\":\"Recommended\",\"geographyGroup\":\"Middle
        East\",\"longitude\":\"55.316666\",\"latitude\":\"25.266666\",\"physicalLocation\":\"Dubai\",\"pairedRegion\":[{\"name\":\"uaecentral\",\"id\":\"/subscriptions/00000000-0000-0000-0000-000000000000/locations/uaecentral\"}]}},{\"id\":\"/subscriptions/00000000-0000-0000-0000-000000000000/locations/brazilsouth\",\"name\":\"brazilsouth\",\"displayName\":\"Brazil
        South\",\"regionalDisplayName\":\"(South America) Brazil South\",\"metadata\":{\"regionType\":\"Physical\",\"regionCategory\":\"Recommended\",\"geographyGroup\":\"South
        America\",\"longitude\":\"-46.633\",\"latitude\":\"-23.55\",\"physicalLocation\":\"Sao
        Paulo State\",\"pairedRegion\":[{\"name\":\"southcentralus\",\"id\":\"/subscriptions/00000000-0000-0000-0000-000000000000/locations/southcentralus\"}]}},{\"id\":\"/subscriptions/00000000-0000-0000-0000-000000000000/locations/centraluseuap\",\"name\":\"centraluseuap\",\"displayName\":\"Central
        US EUAP\",\"regionalDisplayName\":\"(US) Central US EUAP\",\"metadata\":{\"regionType\":\"Physical\",\"regionCategory\":\"Recommended\",\"geographyGroup\":\"US\",\"longitude\":\"-93.6208\",\"latitude\":\"41.5908\",\"physicalLocation\":\"\",\"pairedRegion\":[{\"name\":\"eastus2euap\",\"id\":\"/subscriptions/00000000-0000-0000-0000-000000000000/locations/eastus2euap\"}]}},{\"id\":\"/subscriptions/00000000-0000-0000-0000-000000000000/locations/qatarcentral\",\"name\":\"qatarcentral\",\"displayName\":\"Qatar
        Central\",\"regionalDisplayName\":\"(Middle East) Qatar Central\",\"metadata\":{\"regionType\":\"Physical\",\"regionCategory\":\"Recommended\",\"geographyGroup\":\"Middle
        East\",\"longitude\":\"51.439327\",\"latitude\":\"25.551462\",\"physicalLocation\":\"Doha\",\"pairedRegion\":[]}},{\"id\":\"/subscriptions/00000000-0000-0000-0000-000000000000/locations/centralusstage\",\"name\":\"centralusstage\",\"displayName\":\"Central
        US (Stage)\",\"regionalDisplayName\":\"(US) Central US (Stage)\",\"metadata\":{\"regionType\":\"Logical\",\"regionCategory\":\"Other\",\"geographyGroup\":\"US\"}},{\"id\":\"/subscriptions/00000000-0000-0000-0000-000000000000/locations/eastusstage\",\"name\":\"eastusstage\",\"displayName\":\"East
        US (Stage)\",\"regionalDisplayName\":\"(US) East US (Stage)\",\"metadata\":{\"regionType\":\"Logical\",\"regionCategory\":\"Other\",\"geographyGroup\":\"US\"}},{\"id\":\"/subscriptions/00000000-0000-0000-0000-000000000000/locations/eastus2stage\",\"name\":\"eastus2stage\",\"displayName\":\"East
        US 2 (Stage)\",\"regionalDisplayName\":\"(US) East US 2 (Stage)\",\"metadata\":{\"regionType\":\"Logical\",\"regionCategory\":\"Other\",\"geographyGroup\":\"US\"}},{\"id\":\"/subscriptions/00000000-0000-0000-0000-000000000000/locations/northcentralusstage\",\"name\":\"northcentralusstage\",\"displayName\":\"North
        Central US (Stage)\",\"regionalDisplayName\":\"(US) North Central US (Stage)\",\"metadata\":{\"regionType\":\"Logical\",\"regionCategory\":\"Other\",\"geographyGroup\":\"US\"}},{\"id\":\"/subscriptions/00000000-0000-0000-0000-000000000000/locations/southcentralusstage\",\"name\":\"southcentralusstage\",\"displayName\":\"South
        Central US (Stage)\",\"regionalDisplayName\":\"(US) South Central US (Stage)\",\"metadata\":{\"regionType\":\"Logical\",\"regionCategory\":\"Other\",\"geographyGroup\":\"US\"}},{\"id\":\"/subscriptions/00000000-0000-0000-0000-000000000000/locations/westusstage\",\"name\":\"westusstage\",\"displayName\":\"West
        US (Stage)\",\"regionalDisplayName\":\"(US) West US (Stage)\",\"metadata\":{\"regionType\":\"Logical\",\"regionCategory\":\"Other\",\"geographyGroup\":\"US\"}},{\"id\":\"/subscriptions/00000000-0000-0000-0000-000000000000/locations/westus2stage\",\"name\":\"westus2stage\",\"displayName\":\"West
        US 2 (Stage)\",\"regionalDisplayName\":\"(US) West US 2 (Stage)\",\"metadata\":{\"regionType\":\"Logical\",\"regionCategory\":\"Other\",\"geographyGroup\":\"US\"}},{\"id\":\"/subscriptions/00000000-0000-0000-0000-000000000000/locations/asia\",\"name\":\"asia\",\"displayName\":\"Asia\",\"regionalDisplayName\":\"Asia\",\"metadata\":{\"regionType\":\"Logical\",\"regionCategory\":\"Other\"}},{\"id\":\"/subscriptions/00000000-0000-0000-0000-000000000000/locations/asiapacific\",\"name\":\"asiapacific\",\"displayName\":\"Asia
        Pacific\",\"regionalDisplayName\":\"Asia Pacific\",\"metadata\":{\"regionType\":\"Logical\",\"regionCategory\":\"Other\"}},{\"id\":\"/subscriptions/00000000-0000-0000-0000-000000000000/locations/australia\",\"name\":\"australia\",\"displayName\":\"Australia\",\"regionalDisplayName\":\"Australia\",\"metadata\":{\"regionType\":\"Logical\",\"regionCategory\":\"Other\"}},{\"id\":\"/subscriptions/00000000-0000-0000-0000-000000000000/locations/brazil\",\"name\":\"brazil\",\"displayName\":\"Brazil\",\"regionalDisplayName\":\"Brazil\",\"metadata\":{\"regionType\":\"Logical\",\"regionCategory\":\"Other\"}},{\"id\":\"/subscriptions/00000000-0000-0000-0000-000000000000/locations/canada\",\"name\":\"canada\",\"displayName\":\"Canada\",\"regionalDisplayName\":\"Canada\",\"metadata\":{\"regionType\":\"Logical\",\"regionCategory\":\"Other\"}},{\"id\":\"/subscriptions/00000000-0000-0000-0000-000000000000/locations/europe\",\"name\":\"europe\",\"displayName\":\"Europe\",\"regionalDisplayName\":\"Europe\",\"metadata\":{\"regionType\":\"Logical\",\"regionCategory\":\"Other\"}},{\"id\":\"/subscriptions/00000000-0000-0000-0000-000000000000/locations/france\",\"name\":\"france\",\"displayName\":\"France\",\"regionalDisplayName\":\"France\",\"metadata\":{\"regionType\":\"Logical\",\"regionCategory\":\"Other\"}},{\"id\":\"/subscriptions/00000000-0000-0000-0000-000000000000/locations/germany\",\"name\":\"germany\",\"displayName\":\"Germany\",\"regionalDisplayName\":\"Germany\",\"metadata\":{\"regionType\":\"Logical\",\"regionCategory\":\"Other\"}},{\"id\":\"/subscriptions/00000000-0000-0000-0000-000000000000/locations/global\",\"name\":\"global\",\"displayName\":\"Global\",\"regionalDisplayName\":\"Global\",\"metadata\":{\"regionType\":\"Logical\",\"regionCategory\":\"Other\"}},{\"id\":\"/subscriptions/00000000-0000-0000-0000-000000000000/locations/india\",\"name\":\"india\",\"displayName\":\"India\",\"regionalDisplayName\":\"India\",\"metadata\":{\"regionType\":\"Logical\",\"regionCategory\":\"Other\"}},{\"id\":\"/subscriptions/00000000-0000-0000-0000-000000000000/locations/japan\",\"name\":\"japan\",\"displayName\":\"Japan\",\"regionalDisplayName\":\"Japan\",\"metadata\":{\"regionType\":\"Logical\",\"regionCategory\":\"Other\"}},{\"id\":\"/subscriptions/00000000-0000-0000-0000-000000000000/locations/korea\",\"name\":\"korea\",\"displayName\":\"Korea\",\"regionalDisplayName\":\"Korea\",\"metadata\":{\"regionType\":\"Logical\",\"regionCategory\":\"Other\"}},{\"id\":\"/subscriptions/00000000-0000-0000-0000-000000000000/locations/norway\",\"name\":\"norway\",\"displayName\":\"Norway\",\"regionalDisplayName\":\"Norway\",\"metadata\":{\"regionType\":\"Logical\",\"regionCategory\":\"Other\"}},{\"id\":\"/subscriptions/00000000-0000-0000-0000-000000000000/locations/singapore\",\"name\":\"singapore\",\"displayName\":\"Singapore\",\"regionalDisplayName\":\"Singapore\",\"metadata\":{\"regionType\":\"Logical\",\"regionCategory\":\"Other\"}},{\"id\":\"/subscriptions/00000000-0000-0000-0000-000000000000/locations/southafrica\",\"name\":\"southafrica\",\"displayName\":\"South
        Africa\",\"regionalDisplayName\":\"South Africa\",\"metadata\":{\"regionType\":\"Logical\",\"regionCategory\":\"Other\"}},{\"id\":\"/subscriptions/00000000-0000-0000-0000-000000000000/locations/switzerland\",\"name\":\"switzerland\",\"displayName\":\"Switzerland\",\"regionalDisplayName\":\"Switzerland\",\"metadata\":{\"regionType\":\"Logical\",\"regionCategory\":\"Other\"}},{\"id\":\"/subscriptions/00000000-0000-0000-0000-000000000000/locations/uae\",\"name\":\"uae\",\"displayName\":\"United
        Arab Emirates\",\"regionalDisplayName\":\"United Arab Emirates\",\"metadata\":{\"regionType\":\"Logical\",\"regionCategory\":\"Other\"}},{\"id\":\"/subscriptions/00000000-0000-0000-0000-000000000000/locations/uk\",\"name\":\"uk\",\"displayName\":\"United
        Kingdom\",\"regionalDisplayName\":\"United Kingdom\",\"metadata\":{\"regionType\":\"Logical\",\"regionCategory\":\"Other\"}},{\"id\":\"/subscriptions/00000000-0000-0000-0000-000000000000/locations/unitedstates\",\"name\":\"unitedstates\",\"displayName\":\"United
        States\",\"regionalDisplayName\":\"United States\",\"metadata\":{\"regionType\":\"Logical\",\"regionCategory\":\"Other\"}},{\"id\":\"/subscriptions/00000000-0000-0000-0000-000000000000/locations/unitedstateseuap\",\"name\":\"unitedstateseuap\",\"displayName\":\"United
        States EUAP\",\"regionalDisplayName\":\"United States EUAP\",\"metadata\":{\"regionType\":\"Logical\",\"regionCategory\":\"Other\"}},{\"id\":\"/subscriptions/00000000-0000-0000-0000-000000000000/locations/eastasiastage\",\"name\":\"eastasiastage\",\"displayName\":\"East
        Asia (Stage)\",\"regionalDisplayName\":\"(Asia Pacific) East Asia (Stage)\",\"metadata\":{\"regionType\":\"Logical\",\"regionCategory\":\"Other\",\"geographyGroup\":\"Asia
        Pacific\"}},{\"id\":\"/subscriptions/00000000-0000-0000-0000-000000000000/locations/southeastasiastage\",\"name\":\"southeastasiastage\",\"displayName\":\"Southeast
        Asia (Stage)\",\"regionalDisplayName\":\"(Asia Pacific) Southeast Asia (Stage)\",\"metadata\":{\"regionType\":\"Logical\",\"regionCategory\":\"Other\",\"geographyGroup\":\"Asia
        Pacific\"}},{\"id\":\"/subscriptions/00000000-0000-0000-0000-000000000000/locations/brazilus\",\"name\":\"brazilus\",\"displayName\":\"Brazil
        US\",\"regionalDisplayName\":\"(South America) Brazil US\",\"metadata\":{\"regionType\":\"Physical\",\"regionCategory\":\"Other\",\"geographyGroup\":\"South
        America\",\"longitude\":\"0\",\"latitude\":\"0\",\"physicalLocation\":\"\",\"pairedRegion\":[{\"name\":\"brazilsoutheast\",\"id\":\"/subscriptions/00000000-0000-0000-0000-000000000000/locations/brazilsoutheast\"}]}},{\"id\":\"/subscriptions/00000000-0000-0000-0000-000000000000/locations/eastusstg\",\"name\":\"eastusstg\",\"displayName\":\"East
        US STG\",\"regionalDisplayName\":\"(US) East US STG\",\"metadata\":{\"regionType\":\"Physical\",\"regionCategory\":\"Other\",\"geographyGroup\":\"US\",\"longitude\":\"-79.8164\",\"latitude\":\"37.3719\",\"physicalLocation\":\"Virginia\",\"pairedRegion\":[{\"name\":\"southcentralusstg\",\"id\":\"/subscriptions/00000000-0000-0000-0000-000000000000/locations/southcentralusstg\"}]}},{\"id\":\"/subscriptions/00000000-0000-0000-0000-000000000000/locations/northcentralus\",\"name\":\"northcentralus\",\"displayName\":\"North
        Central US\",\"regionalDisplayName\":\"(US) North Central US\",\"metadata\":{\"regionType\":\"Physical\",\"regionCategory\":\"Other\",\"geographyGroup\":\"US\",\"longitude\":\"-87.6278\",\"latitude\":\"41.8819\",\"physicalLocation\":\"Illinois\",\"pairedRegion\":[{\"name\":\"southcentralus\",\"id\":\"/subscriptions/00000000-0000-0000-0000-000000000000/locations/southcentralus\"}]}},{\"id\":\"/subscriptions/00000000-0000-0000-0000-000000000000/locations/westus\",\"name\":\"westus\",\"displayName\":\"West
        US\",\"regionalDisplayName\":\"(US) West US\",\"metadata\":{\"regionType\":\"Physical\",\"regionCategory\":\"Other\",\"geographyGroup\":\"US\",\"longitude\":\"-122.417\",\"latitude\":\"37.783\",\"physicalLocation\":\"California\",\"pairedRegion\":[{\"name\":\"eastus\",\"id\":\"/subscriptions/00000000-0000-0000-0000-000000000000/locations/eastus\"}]}},{\"id\":\"/subscriptions/00000000-0000-0000-0000-000000000000/locations/jioindiawest\",\"name\":\"jioindiawest\",\"displayName\":\"Jio
        India West\",\"regionalDisplayName\":\"(Asia Pacific) Jio India West\",\"metadata\":{\"regionType\":\"Physical\",\"regionCategory\":\"Other\",\"geographyGroup\":\"Asia
        Pacific\",\"longitude\":\"70.05773\",\"latitude\":\"22.470701\",\"physicalLocation\":\"Jamnagar\",\"pairedRegion\":[{\"name\":\"jioindiacentral\",\"id\":\"/subscriptions/00000000-0000-0000-0000-000000000000/locations/jioindiacentral\"}]}},{\"id\":\"/subscriptions/00000000-0000-0000-0000-000000000000/locations/eastus2euap\",\"name\":\"eastus2euap\",\"displayName\":\"East
        US 2 EUAP\",\"regionalDisplayName\":\"(US) East US 2 EUAP\",\"metadata\":{\"regionType\":\"Physical\",\"regionCategory\":\"Other\",\"geographyGroup\":\"US\",\"longitude\":\"-78.3889\",\"latitude\":\"36.6681\",\"physicalLocation\":\"\",\"pairedRegion\":[{\"name\":\"centraluseuap\",\"id\":\"/subscriptions/00000000-0000-0000-0000-000000000000/locations/centraluseuap\"}]}},{\"id\":\"/subscriptions/00000000-0000-0000-0000-000000000000/locations/southcentralusstg\",\"name\":\"southcentralusstg\",\"displayName\":\"South
        Central US STG\",\"regionalDisplayName\":\"(US) South Central US STG\",\"metadata\":{\"regionType\":\"Physical\",\"regionCategory\":\"Other\",\"geographyGroup\":\"US\",\"longitude\":\"-98.5\",\"latitude\":\"29.4167\",\"physicalLocation\":\"Texas\",\"pairedRegion\":[{\"name\":\"eastusstg\",\"id\":\"/subscriptions/00000000-0000-0000-0000-000000000000/locations/eastusstg\"}]}},{\"id\":\"/subscriptions/00000000-0000-0000-0000-000000000000/locations/westcentralus\",\"name\":\"westcentralus\",\"displayName\":\"West
        Central US\",\"regionalDisplayName\":\"(US) West Central US\",\"metadata\":{\"regionType\":\"Physical\",\"regionCategory\":\"Other\",\"geographyGroup\":\"US\",\"longitude\":\"-110.234\",\"latitude\":\"40.89\",\"physicalLocation\":\"Wyoming\",\"pairedRegion\":[{\"name\":\"westus2\",\"id\":\"/subscriptions/00000000-0000-0000-0000-000000000000/locations/westus2\"}]}},{\"id\":\"/subscriptions/00000000-0000-0000-0000-000000000000/locations/southafricawest\",\"name\":\"southafricawest\",\"displayName\":\"South
        Africa West\",\"regionalDisplayName\":\"(Africa) South Africa West\",\"metadata\":{\"regionType\":\"Physical\",\"regionCategory\":\"Other\",\"geographyGroup\":\"Africa\",\"longitude\":\"18.843266\",\"latitude\":\"-34.075691\",\"physicalLocation\":\"Cape
        Town\",\"pairedRegion\":[{\"name\":\"southafricanorth\",\"id\":\"/subscriptions/00000000-0000-0000-0000-000000000000/locations/southafricanorth\"}]}},{\"id\":\"/subscriptions/00000000-0000-0000-0000-000000000000/locations/australiacentral\",\"name\":\"australiacentral\",\"displayName\":\"Australia
        Central\",\"regionalDisplayName\":\"(Asia Pacific) Australia Central\",\"metadata\":{\"regionType\":\"Physical\",\"regionCategory\":\"Other\",\"geographyGroup\":\"Asia
        Pacific\",\"longitude\":\"149.1244\",\"latitude\":\"-35.3075\",\"physicalLocation\":\"Canberra\",\"pairedRegion\":[{\"name\":\"australiacentral2\",\"id\":\"/subscriptions/00000000-0000-0000-0000-000000000000/locations/australiacentral2\"}]}},{\"id\":\"/subscriptions/00000000-0000-0000-0000-000000000000/locations/australiacentral2\",\"name\":\"australiacentral2\",\"displayName\":\"Australia
        Central 2\",\"regionalDisplayName\":\"(Asia Pacific) Australia Central 2\",\"metadata\":{\"regionType\":\"Physical\",\"regionCategory\":\"Other\",\"geographyGroup\":\"Asia
        Pacific\",\"longitude\":\"149.1244\",\"latitude\":\"-35.3075\",\"physicalLocation\":\"Canberra\",\"pairedRegion\":[{\"name\":\"australiacentral\",\"id\":\"/subscriptions/00000000-0000-0000-0000-000000000000/locations/australiacentral\"}]}},{\"id\":\"/subscriptions/00000000-0000-0000-0000-000000000000/locations/australiasoutheast\",\"name\":\"australiasoutheast\",\"displayName\":\"Australia
        Southeast\",\"regionalDisplayName\":\"(Asia Pacific) Australia Southeast\",\"metadata\":{\"regionType\":\"Physical\",\"regionCategory\":\"Other\",\"geographyGroup\":\"Asia
        Pacific\",\"longitude\":\"144.9631\",\"latitude\":\"-37.8136\",\"physicalLocation\":\"Victoria\",\"pairedRegion\":[{\"name\":\"australiaeast\",\"id\":\"/subscriptions/00000000-0000-0000-0000-000000000000/locations/australiaeast\"}]}},{\"id\":\"/subscriptions/00000000-0000-0000-0000-000000000000/locations/japanwest\",\"name\":\"japanwest\",\"displayName\":\"Japan
        West\",\"regionalDisplayName\":\"(Asia Pacific) Japan West\",\"metadata\":{\"regionType\":\"Physical\",\"regionCategory\":\"Other\",\"geographyGroup\":\"Asia
        Pacific\",\"longitude\":\"135.5022\",\"latitude\":\"34.6939\",\"physicalLocation\":\"Osaka\",\"pairedRegion\":[{\"name\":\"japaneast\",\"id\":\"/subscriptions/00000000-0000-0000-0000-000000000000/locations/japaneast\"}]}},{\"id\":\"/subscriptions/00000000-0000-0000-0000-000000000000/locations/jioindiacentral\",\"name\":\"jioindiacentral\",\"displayName\":\"Jio
        India Central\",\"regionalDisplayName\":\"(Asia Pacific) Jio India Central\",\"metadata\":{\"regionType\":\"Physical\",\"regionCategory\":\"Other\",\"geographyGroup\":\"Asia
        Pacific\",\"longitude\":\"79.08886\",\"latitude\":\"21.146633\",\"physicalLocation\":\"Nagpur\",\"pairedRegion\":[{\"name\":\"jioindiawest\",\"id\":\"/subscriptions/00000000-0000-0000-0000-000000000000/locations/jioindiawest\"}]}},{\"id\":\"/subscriptions/00000000-0000-0000-0000-000000000000/locations/koreasouth\",\"name\":\"koreasouth\",\"displayName\":\"Korea
        South\",\"regionalDisplayName\":\"(Asia Pacific) Korea South\",\"metadata\":{\"regionType\":\"Physical\",\"regionCategory\":\"Other\",\"geographyGroup\":\"Asia
        Pacific\",\"longitude\":\"129.0756\",\"latitude\":\"35.1796\",\"physicalLocation\":\"Busan\",\"pairedRegion\":[{\"name\":\"koreacentral\",\"id\":\"/subscriptions/00000000-0000-0000-0000-000000000000/locations/koreacentral\"}]}},{\"id\":\"/subscriptions/00000000-0000-0000-0000-000000000000/locations/southindia\",\"name\":\"southindia\",\"displayName\":\"South
        India\",\"regionalDisplayName\":\"(Asia Pacific) South India\",\"metadata\":{\"regionType\":\"Physical\",\"regionCategory\":\"Other\",\"geographyGroup\":\"Asia
        Pacific\",\"longitude\":\"80.1636\",\"latitude\":\"12.9822\",\"physicalLocation\":\"Chennai\",\"pairedRegion\":[{\"name\":\"centralindia\",\"id\":\"/subscriptions/00000000-0000-0000-0000-000000000000/locations/centralindia\"}]}},{\"id\":\"/subscriptions/00000000-0000-0000-0000-000000000000/locations/westindia\",\"name\":\"westindia\",\"displayName\":\"West
        India\",\"regionalDisplayName\":\"(Asia Pacific) West India\",\"metadata\":{\"regionType\":\"Physical\",\"regionCategory\":\"Other\",\"geographyGroup\":\"Asia
        Pacific\",\"longitude\":\"72.868\",\"latitude\":\"19.088\",\"physicalLocation\":\"Mumbai\",\"pairedRegion\":[{\"name\":\"southindia\",\"id\":\"/subscriptions/00000000-0000-0000-0000-000000000000/locations/southindia\"}]}},{\"id\":\"/subscriptions/00000000-0000-0000-0000-000000000000/locations/canadaeast\",\"name\":\"canadaeast\",\"displayName\":\"Canada
        East\",\"regionalDisplayName\":\"(Canada) Canada East\",\"metadata\":{\"regionType\":\"Physical\",\"regionCategory\":\"Other\",\"geographyGroup\":\"Canada\",\"longitude\":\"-71.217\",\"latitude\":\"46.817\",\"physicalLocation\":\"Quebec\",\"pairedRegion\":[{\"name\":\"canadacentral\",\"id\":\"/subscriptions/00000000-0000-0000-0000-000000000000/locations/canadacentral\"}]}},{\"id\":\"/subscriptions/00000000-0000-0000-0000-000000000000/locations/francesouth\",\"name\":\"francesouth\",\"displayName\":\"France
        South\",\"regionalDisplayName\":\"(Europe) France South\",\"metadata\":{\"regionType\":\"Physical\",\"regionCategory\":\"Other\",\"geographyGroup\":\"Europe\",\"longitude\":\"2.1972\",\"latitude\":\"43.8345\",\"physicalLocation\":\"Marseille\",\"pairedRegion\":[{\"name\":\"francecentral\",\"id\":\"/subscriptions/00000000-0000-0000-0000-000000000000/locations/francecentral\"}]}},{\"id\":\"/subscriptions/00000000-0000-0000-0000-000000000000/locations/germanynorth\",\"name\":\"germanynorth\",\"displayName\":\"Germany
        North\",\"regionalDisplayName\":\"(Europe) Germany North\",\"metadata\":{\"regionType\":\"Physical\",\"regionCategory\":\"Other\",\"geographyGroup\":\"Europe\",\"longitude\":\"8.806422\",\"latitude\":\"53.073635\",\"physicalLocation\":\"Berlin\",\"pairedRegion\":[{\"name\":\"germanywestcentral\",\"id\":\"/subscriptions/00000000-0000-0000-0000-000000000000/locations/germanywestcentral\"}]}},{\"id\":\"/subscriptions/00000000-0000-0000-0000-000000000000/locations/norwaywest\",\"name\":\"norwaywest\",\"displayName\":\"Norway
        West\",\"regionalDisplayName\":\"(Europe) Norway West\",\"metadata\":{\"regionType\":\"Physical\",\"regionCategory\":\"Other\",\"geographyGroup\":\"Europe\",\"longitude\":\"5.733107\",\"latitude\":\"58.969975\",\"physicalLocation\":\"Norway\",\"pairedRegion\":[{\"name\":\"norwayeast\",\"id\":\"/subscriptions/00000000-0000-0000-0000-000000000000/locations/norwayeast\"}]}},{\"id\":\"/subscriptions/00000000-0000-0000-0000-000000000000/locations/switzerlandwest\",\"name\":\"switzerlandwest\",\"displayName\":\"Switzerland
        West\",\"regionalDisplayName\":\"(Europe) Switzerland West\",\"metadata\":{\"regionType\":\"Physical\",\"regionCategory\":\"Other\",\"geographyGroup\":\"Europe\",\"longitude\":\"6.143158\",\"latitude\":\"46.204391\",\"physicalLocation\":\"Geneva\",\"pairedRegion\":[{\"name\":\"switzerlandnorth\",\"id\":\"/subscriptions/00000000-0000-0000-0000-000000000000/locations/switzerlandnorth\"}]}},{\"id\":\"/subscriptions/00000000-0000-0000-0000-000000000000/locations/ukwest\",\"name\":\"ukwest\",\"displayName\":\"UK
        West\",\"regionalDisplayName\":\"(Europe) UK West\",\"metadata\":{\"regionType\":\"Physical\",\"regionCategory\":\"Other\",\"geographyGroup\":\"Europe\",\"longitude\":\"-3.084\",\"latitude\":\"53.427\",\"physicalLocation\":\"Cardiff\",\"pairedRegion\":[{\"name\":\"uksouth\",\"id\":\"/subscriptions/00000000-0000-0000-0000-000000000000/locations/uksouth\"}]}},{\"id\":\"/subscriptions/00000000-0000-0000-0000-000000000000/locations/uaecentral\",\"name\":\"uaecentral\",\"displayName\":\"UAE
        Central\",\"regionalDisplayName\":\"(Middle East) UAE Central\",\"metadata\":{\"regionType\":\"Physical\",\"regionCategory\":\"Other\",\"geographyGroup\":\"Middle
        East\",\"longitude\":\"54.366669\",\"latitude\":\"24.466667\",\"physicalLocation\":\"Abu
        Dhabi\",\"pairedRegion\":[{\"name\":\"uaenorth\",\"id\":\"/subscriptions/00000000-0000-0000-0000-000000000000/locations/uaenorth\"}]}},{\"id\":\"/subscriptions/00000000-0000-0000-0000-000000000000/locations/brazilsoutheast\",\"name\":\"brazilsoutheast\",\"displayName\":\"Brazil
        Southeast\",\"regionalDisplayName\":\"(South America) Brazil Southeast\",\"metadata\":{\"regionType\":\"Physical\",\"regionCategory\":\"Other\",\"geographyGroup\":\"South
        America\",\"longitude\":\"-43.2075\",\"latitude\":\"-22.90278\",\"physicalLocation\":\"Rio\",\"pairedRegion\":[{\"name\":\"brazilsouth\",\"id\":\"/subscriptions/00000000-0000-0000-0000-000000000000/locations/brazilsouth\"}]}}]}"
    headers:
      cache-control:
      - no-cache
      content-length:
      - '31163'
      content-type:
      - application/json; charset=utf-8
      date:
      - Wed, 23 Aug 2023 13:02:28 GMT
      expires:
      - '-1'
      pragma:
      - no-cache
      strict-transport-security:
      - max-age=31536000; includeSubDomains
      vary:
      - Accept-Encoding
      x-content-type-options:
      - nosniff
    status:
      code: 200
      message: OK
- request:
    body: '{"tags": {}, "location": "westus", "identity": {"type": "UserAssigned",
      "userAssignedIdentities": {"/subscriptions/00000000-0000-0000-0000-000000000000/resourceGroups/img_tmpl_managed000001/providers/Microsoft.ManagedIdentity/userAssignedIdentities/ide1":
      {}}}, "properties": {"source": {"type": "ManagedImage", "imageId": "/subscriptions/00000000-0000-0000-0000-000000000000/resourceGroups/img_tmpl_managed000001/providers/Microsoft.Compute/images/img_1"},
      "customize": [{"type": "Shell", "name": "customizeScript.sh", "scriptUri": "https://raw.githubusercontent.com/danielsollondon/azvmimagebuilder/master/quickquickstarts/customizeScript.sh",
      "sha256Checksum": ""}], "distribute": [{"type": "ManagedImage", "runOutputName":
      "img_2", "imageId": "/subscriptions/00000000-0000-0000-0000-000000000000/resourceGroups/img_tmpl_managed000001/providers/Microsoft.Compute/images/img_2",
      "location": "westus"}], "vmProfile": {}}}'
    headers:
      Accept:
      - application/json
      Accept-Encoding:
      - gzip, deflate
      CommandName:
      - image builder create
      Connection:
      - keep-alive
      Content-Length:
      - '922'
      Content-Type:
      - application/json
      ParameterSetName:
      - -n -g --image-source --managed-image-destinations --scripts --identity
      User-Agent:
      - AZURECLI/2.51.0 azsdk-python-mgmt-imagebuilder/1.2.0 Python/3.10.12 (Linux-5.10.102.1-microsoft-standard-WSL2-x86_64-with-glibc2.35)
    method: PUT
    uri: https://management.azure.com/subscriptions/00000000-0000-0000-0000-000000000000/resourceGroups/img_tmpl_managed000001/providers/Microsoft.VirtualMachineImages/imageTemplates/template02?api-version=2022-07-01
  response:
    body:
      string: "{\n \"properties\": {\n  \"source\": {\n   \"imageId\": \"/subscriptions/00000000-0000-0000-0000-000000000000/resourceGroups/img_tmpl_managed000001/providers/Microsoft.Compute/images/img_1\",\n
        \  \"type\": \"ManagedImage\"\n  },\n  \"customize\": [\n   {\n    \"name\":
        \"customizeScript.sh\",\n    \"scriptUri\": \"https://raw.githubusercontent.com/danielsollondon/azvmimagebuilder/master/quickquickstarts/customizeScript.sh\",\n
        \   \"type\": \"Shell\"\n   }\n  ],\n  \"distribute\": [\n   {\n    \"artifactTags\":
        {},\n    \"imageId\": \"/subscriptions/00000000-0000-0000-0000-000000000000/resourceGroups/img_tmpl_managed000001/providers/Microsoft.Compute/images/img_2\",\n
        \   \"location\": \"westus\",\n    \"runOutputName\": \"img_2\",\n    \"type\":
        \"ManagedImage\"\n   }\n  ],\n  \"provisioningState\": \"Creating\",\n  \"buildTimeoutInMinutes\":
        0,\n  \"vmProfile\": {\n   \"vmSize\": \"\",\n   \"osDiskSizeGB\": 0\n  },\n
        \ \"stagingResourceGroup\": \"\",\n  \"exactStagingResourceGroup\": \"\"\n
        },\n \"identity\": {\n  \"type\": \"UserAssigned\",\n  \"userAssignedIdentities\":
        {\n   \"/subscriptions/00000000-0000-0000-0000-000000000000/resourceGroups/img_tmpl_managed000001/providers/Microsoft.ManagedIdentity/userAssignedIdentities/ide1\":
        {}\n  }\n },\n \"tags\": {},\n \"location\": \"westus\",\n \"id\": \"/subscriptions/00000000-0000-0000-0000-000000000000/resourcegroups/img_tmpl_managed000001/providers/Microsoft.VirtualMachineImages/imageTemplates/template02\",\n
        \"name\": \"template02\",\n \"type\": \"Microsoft.VirtualMachineImages/imageTemplates\"\n}"
    headers:
      azure-asyncoperation:
      - https://management.azure.com/subscriptions/00000000-0000-0000-0000-000000000000/providers/Microsoft.VirtualMachineImages/locations/westus/operations/4e3f8565-24d2-4b3e-ae0e-819114b67130?api-version=2022-07-01
      cache-control:
      - no-cache
      content-length:
      - '1436'
      content-type:
      - application/json
      date:
      - Wed, 23 Aug 2023 13:02:36 GMT
      expires:
      - '-1'
      pragma:
      - no-cache
      server:
      - nginx
      strict-transport-security:
      - max-age=31536000; includeSubDomains
      x-content-type-options:
      - nosniff
      x-ms-ratelimit-remaining-subscription-writes:
      - '1197'
    status:
      code: 201
      message: Created
- request:
    body: null
    headers:
      Accept:
      - '*/*'
      Accept-Encoding:
      - gzip, deflate
      CommandName:
      - image builder create
      Connection:
      - keep-alive
      ParameterSetName:
      - -n -g --image-source --managed-image-destinations --scripts --identity
      User-Agent:
      - AZURECLI/2.51.0 azsdk-python-mgmt-imagebuilder/1.2.0 Python/3.10.12 (Linux-5.10.102.1-microsoft-standard-WSL2-x86_64-with-glibc2.35)
    method: GET
    uri: https://management.azure.com/subscriptions/00000000-0000-0000-0000-000000000000/providers/Microsoft.VirtualMachineImages/locations/westus/operations/4e3f8565-24d2-4b3e-ae0e-819114b67130?api-version=2022-07-01
  response:
    body:
      string: "{\n \"name\": \"4E3F8565-24D2-4B3E-AE0E-819114B67130\",\n \"status\":
        \"InProgress\",\n \"startTime\": \"2023-08-23T13:02:35.3290628Z\"\n}"
    headers:
      cache-control:
      - no-cache
      content-length:
      - '122'
      content-type:
      - application/json
      date:
      - Wed, 23 Aug 2023 13:02:36 GMT
      expires:
      - '-1'
      pragma:
      - no-cache
      server:
      - nginx
      strict-transport-security:
      - max-age=31536000; includeSubDomains
      transfer-encoding:
      - chunked
      vary:
      - Accept-Encoding
      x-content-type-options:
      - nosniff
    status:
      code: 200
      message: OK
- request:
    body: null
    headers:
      Accept:
      - '*/*'
      Accept-Encoding:
      - gzip, deflate
      CommandName:
      - image builder create
      Connection:
      - keep-alive
      ParameterSetName:
      - -n -g --image-source --managed-image-destinations --scripts --identity
      User-Agent:
      - AZURECLI/2.51.0 azsdk-python-mgmt-imagebuilder/1.2.0 Python/3.10.12 (Linux-5.10.102.1-microsoft-standard-WSL2-x86_64-with-glibc2.35)
    method: GET
    uri: https://management.azure.com/subscriptions/00000000-0000-0000-0000-000000000000/providers/Microsoft.VirtualMachineImages/locations/westus/operations/4e3f8565-24d2-4b3e-ae0e-819114b67130?api-version=2022-07-01
  response:
    body:
      string: "{\n \"name\": \"4E3F8565-24D2-4B3E-AE0E-819114B67130\",\n \"status\":
        \"Succeeded\",\n \"startTime\": \"2023-08-23T13:02:35.3290628Z\",\n \"endTime\":
        \"2023-08-23T13:03:06.738507Z\"\n}"
    headers:
      cache-control:
      - no-cache
      content-length:
      - '164'
      content-type:
      - application/json
      date:
      - Wed, 23 Aug 2023 13:03:07 GMT
      expires:
      - '-1'
      pragma:
      - no-cache
      server:
      - nginx
      strict-transport-security:
      - max-age=31536000; includeSubDomains
      transfer-encoding:
      - chunked
      vary:
      - Accept-Encoding
      x-content-type-options:
      - nosniff
    status:
      code: 200
      message: OK
- request:
    body: null
    headers:
      Accept:
      - '*/*'
      Accept-Encoding:
      - gzip, deflate
      CommandName:
      - image builder create
      Connection:
      - keep-alive
      ParameterSetName:
      - -n -g --image-source --managed-image-destinations --scripts --identity
      User-Agent:
      - AZURECLI/2.51.0 azsdk-python-mgmt-imagebuilder/1.2.0 Python/3.10.12 (Linux-5.10.102.1-microsoft-standard-WSL2-x86_64-with-glibc2.35)
    method: GET
    uri: https://management.azure.com/subscriptions/00000000-0000-0000-0000-000000000000/resourceGroups/img_tmpl_managed000001/providers/Microsoft.VirtualMachineImages/imageTemplates/template02?api-version=2022-07-01
  response:
    body:
      string: "{\n \"properties\": {\n  \"source\": {\n   \"imageId\": \"/subscriptions/00000000-0000-0000-0000-000000000000/resourceGroups/img_tmpl_managed000001/providers/Microsoft.Compute/images/img_1\",\n
        \  \"type\": \"ManagedImage\"\n  },\n  \"customize\": [\n   {\n    \"name\":
        \"customizeScript.sh\",\n    \"scriptUri\": \"https://raw.githubusercontent.com/danielsollondon/azvmimagebuilder/master/quickquickstarts/customizeScript.sh\",\n
        \   \"sha256Checksum\": \"2c6ff6902a4a52deee69e8db26d0036a53388651008aaf31795bb20dabd21fd8\",\n
        \   \"type\": \"Shell\"\n   }\n  ],\n  \"distribute\": [\n   {\n    \"artifactTags\":
        {},\n    \"imageId\": \"/subscriptions/00000000-0000-0000-0000-000000000000/resourceGroups/img_tmpl_managed000001/providers/Microsoft.Compute/images/img_2\",\n
        \   \"location\": \"westus\",\n    \"runOutputName\": \"img_2\",\n    \"type\":
        \"ManagedImage\"\n   }\n  ],\n  \"provisioningState\": \"Succeeded\",\n  \"buildTimeoutInMinutes\":
        0,\n  \"vmProfile\": {\n   \"vmSize\": \"\",\n   \"osDiskSizeGB\": 0\n  },\n
        \ \"stagingResourceGroup\": \"\",\n  \"exactStagingResourceGroup\": \"/subscriptions/00000000-0000-0000-0000-000000000000/resourceGroups/IT_img_tmpl_managedan2itp6hkhfql7ipr3zwpvf7_c9e600d9-c1e8-4d53-a58e-2fe452feb1e6\"\n
        },\n \"identity\": {\n  \"type\": \"UserAssigned\",\n  \"userAssignedIdentities\":
        {\n   \"/subscriptions/00000000-0000-0000-0000-000000000000/resourceGroups/img_tmpl_managed000001/providers/Microsoft.ManagedIdentity/userAssignedIdentities/ide1\":
        {\n    \"principalId\": \"3f475d89-65cd-4f30-a8ba-f7c11bf4cf0e\",\n    \"clientId\":
        \"ff2f6ae8-66d1-44bc-9dbc-0ceb9803178f\"\n   }\n  }\n },\n \"tags\": {},\n
        \"location\": \"westus\",\n \"id\": \"/subscriptions/00000000-0000-0000-0000-000000000000/resourcegroups/img_tmpl_managed000001/providers/Microsoft.VirtualMachineImages/imageTemplates/template02\",\n
        \"name\": \"template02\",\n \"type\": \"Microsoft.VirtualMachineImages/imageTemplates\"\n}"
    headers:
      cache-control:
      - no-cache
      content-length:
      - '1792'
      content-type:
      - application/json
      date:
      - Wed, 23 Aug 2023 13:03:07 GMT
      expires:
      - '-1'
      pragma:
      - no-cache
      server:
      - nginx
      strict-transport-security:
      - max-age=31536000; includeSubDomains
      transfer-encoding:
      - chunked
      vary:
      - Accept-Encoding
      x-content-type-options:
      - nosniff
    status:
      code: 200
      message: OK
version: 1
