interactions:
- request:
    body: null
    headers:
      Accept:
      - application/json
      Accept-Encoding:
      - gzip, deflate
      CommandName:
      - network lb create
      Connection:
      - keep-alive
      ParameterSetName:
      - -g -n
      User-Agent:
      - AZURECLI/2.53.0 azsdk-python-azure-mgmt-resource/23.1.0b2 Python/3.10.13 (Linux-5.15.0-1046-azure-x86_64-with-glibc2.31)
        VSTS_7b238909-6802-4b65-b90d-184bca47f458_build_220_0
    method: GET
    uri: https://management.azure.com/subscriptions/00000000-0000-0000-0000-000000000000/resourcegroups/cli_test_vmss_set_orchestration_service_state_000001?api-version=2022-09-01
  response:
    body:
      string: '{"id":"/subscriptions/00000000-0000-0000-0000-000000000000/resourceGroups/cli_test_vmss_set_orchestration_service_state_000001","name":"cli_test_vmss_set_orchestration_service_state_000001","type":"Microsoft.Resources/resourceGroups","location":"westus","tags":{"product":"azurecli","cause":"automation","test":"test_vmss_set_orchestration_service_state","date":"2023-09-26T14:00:24Z","module":"vm"},"properties":{"provisioningState":"Succeeded"}}'
    headers:
      cache-control:
      - no-cache
      content-length:
      - '447'
      content-type:
      - application/json; charset=utf-8
      date:
      - Tue, 26 Sep 2023 14:00:25 GMT
      expires:
      - '-1'
      pragma:
      - no-cache
      strict-transport-security:
      - max-age=31536000; includeSubDomains
      vary:
      - Accept-Encoding
      x-content-type-options:
      - nosniff
    status:
      code: 200
      message: OK
- request:
    body: null
    headers:
      Accept:
      - application/json
      Accept-Encoding:
      - gzip, deflate
      CommandName:
      - network lb create
      Connection:
      - keep-alive
      ParameterSetName:
      - -g -n
      User-Agent:
      - AZURECLI/2.53.0 azsdk-python-azure-mgmt-resource/23.1.0b2 Python/3.10.13 (Linux-5.15.0-1046-azure-x86_64-with-glibc2.31)
        VSTS_7b238909-6802-4b65-b90d-184bca47f458_build_220_0
    method: GET
    uri: https://management.azure.com/subscriptions/00000000-0000-0000-0000-000000000000/resources?$filter=resourceGroup%20eq%20%27cli_test_vmss_set_orchestration_service_state_000001%27%20and%20name%20eq%20%27None%27%20and%20resourceType%20eq%20%27Microsoft.Network%2FpublicIPAddresses%27&api-version=2022-09-01
  response:
    body:
      string: '{"value":[]}'
    headers:
      cache-control:
      - no-cache
      content-length:
      - '12'
      content-type:
      - application/json; charset=utf-8
      date:
      - Tue, 26 Sep 2023 14:00:26 GMT
      expires:
      - '-1'
      pragma:
      - no-cache
      strict-transport-security:
      - max-age=31536000; includeSubDomains
      vary:
      - Accept-Encoding
      x-content-type-options:
      - nosniff
    status:
      code: 200
      message: OK
- request:
    body: '{"properties": {"template": {"$schema": "https://schema.management.azure.com/schemas/2015-01-01/deploymentTemplate.json#",
      "contentVersion": "1.0.0.0", "parameters": {}, "variables": {}, "resources":
      [{"apiVersion": "2022-05-01", "type": "Microsoft.Network/publicIPAddresses",
      "name": "PublicIPlb1", "location": "westus", "tags": {}, "dependsOn": [], "properties":
      {"publicIPAllocationMethod": "Dynamic"}, "sku": {"name": "Basic"}}, {"type":
      "Microsoft.Network/loadBalancers", "name": "lb1", "location": "westus", "tags":
      {}, "apiVersion": "2022-05-01", "dependsOn": ["Microsoft.Network/publicIpAddresses/PublicIPlb1"],
      "properties": {"backendAddressPools": [{"name": "lb1bepool"}], "frontendIPConfigurations":
      [{"name": "LoadBalancerFrontEnd", "properties": {"publicIPAddress": {"id": "/subscriptions/00000000-0000-0000-0000-000000000000/resourceGroups/cli_test_vmss_set_orchestration_service_state_000001/providers/Microsoft.Network/publicIPAddresses/PublicIPlb1"},
      "privateIPAddressVersion": "IPv4"}}]}, "sku": {"name": "Basic"}}], "outputs":
      {"loadBalancer": {"type": "object", "value": "[reference(''lb1'')]"}}}, "parameters":
      {}, "mode": "incremental"}}'
    headers:
      Accept:
      - application/json
      Accept-Encoding:
      - gzip, deflate
      CommandName:
      - network lb create
      Connection:
      - keep-alive
      Content-Length:
      - '1157'
      Content-Type:
      - application/json
      ParameterSetName:
      - -g -n
      User-Agent:
      - AZURECLI/2.53.0 azsdk-python-azure-mgmt-resource/23.1.0b2 Python/3.10.13 (Linux-5.15.0-1046-azure-x86_64-with-glibc2.31)
        VSTS_7b238909-6802-4b65-b90d-184bca47f458_build_220_0
    method: PUT
    uri: https://management.azure.com/subscriptions/00000000-0000-0000-0000-000000000000/resourcegroups/cli_test_vmss_set_orchestration_service_state_000001/providers/Microsoft.Resources/deployments/mock-deployment?api-version=2022-09-01
  response:
    body:
      string: '{"id":"/subscriptions/00000000-0000-0000-0000-000000000000/resourceGroups/cli_test_vmss_set_orchestration_service_state_000001/providers/Microsoft.Resources/deployments/lb_deploy_Q1pw0si9xDOgqElk2zaff9ejYFK3mu5b","name":"lb_deploy_Q1pw0si9xDOgqElk2zaff9ejYFK3mu5b","type":"Microsoft.Resources/deployments","properties":{"templateHash":"9069765831235987236","parameters":{},"mode":"Incremental","provisioningState":"Accepted","timestamp":"2023-09-26T14:00:29.374687Z","duration":"PT0.0001248S","correlationId":"fb8c2f28-9dc8-4b50-8a98-c2c05ff07079","providers":[{"namespace":"Microsoft.Network","resourceTypes":[{"resourceType":"publicIPAddresses","locations":["westus"]},{"resourceType":"loadBalancers","locations":["westus"]}]}],"dependencies":[{"dependsOn":[{"id":"/subscriptions/00000000-0000-0000-0000-000000000000/resourceGroups/cli_test_vmss_set_orchestration_service_state_000001/providers/Microsoft.Network/publicIPAddresses/PublicIPlb1","resourceType":"Microsoft.Network/publicIPAddresses","resourceName":"PublicIPlb1"}],"id":"/subscriptions/00000000-0000-0000-0000-000000000000/resourceGroups/cli_test_vmss_set_orchestration_service_state_000001/providers/Microsoft.Network/loadBalancers/lb1","resourceType":"Microsoft.Network/loadBalancers","resourceName":"lb1"}]}}'
    headers:
      azure-asyncoperation:
      - https://management.azure.com/subscriptions/00000000-0000-0000-0000-000000000000/resourcegroups/cli_test_vmss_set_orchestration_service_state_000001/providers/Microsoft.Resources/deployments/lb_deploy_Q1pw0si9xDOgqElk2zaff9ejYFK3mu5b/operationStatuses/08585058700573161900?api-version=2022-09-01
      cache-control:
      - no-cache
      content-length:
      - '1276'
      content-type:
      - application/json; charset=utf-8
      date:
      - Tue, 26 Sep 2023 14:00:28 GMT
      expires:
      - '-1'
      pragma:
      - no-cache
      strict-transport-security:
      - max-age=31536000; includeSubDomains
      x-content-type-options:
      - nosniff
      x-ms-ratelimit-remaining-subscription-writes:
      - '1198'
    status:
      code: 201
      message: Created
- request:
    body: null
    headers:
      Accept:
      - '*/*'
      Accept-Encoding:
      - gzip, deflate
      CommandName:
      - network lb create
      Connection:
      - keep-alive
      ParameterSetName:
      - -g -n
      User-Agent:
      - AZURECLI/2.53.0 azsdk-python-azure-mgmt-resource/23.1.0b2 Python/3.10.13 (Linux-5.15.0-1046-azure-x86_64-with-glibc2.31)
        VSTS_7b238909-6802-4b65-b90d-184bca47f458_build_220_0
    method: GET
    uri: https://management.azure.com/subscriptions/00000000-0000-0000-0000-000000000000/resourcegroups/cli_test_vmss_set_orchestration_service_state_000001/providers/Microsoft.Resources/deployments/mock-deployment/operationStatuses/08585058700573161900?api-version=2022-09-01
  response:
    body:
      string: '{"status":"Accepted"}'
    headers:
      cache-control:
      - no-cache
      content-length:
      - '21'
      content-type:
      - application/json; charset=utf-8
      date:
      - Tue, 26 Sep 2023 14:00:28 GMT
      expires:
      - '-1'
      pragma:
      - no-cache
      strict-transport-security:
      - max-age=31536000; includeSubDomains
      vary:
      - Accept-Encoding
      x-content-type-options:
      - nosniff
    status:
      code: 200
      message: OK
- request:
    body: null
    headers:
      Accept:
      - '*/*'
      Accept-Encoding:
      - gzip, deflate
      CommandName:
      - network lb create
      Connection:
      - keep-alive
      ParameterSetName:
      - -g -n
      User-Agent:
      - AZURECLI/2.53.0 azsdk-python-azure-mgmt-resource/23.1.0b2 Python/3.10.13 (Linux-5.15.0-1046-azure-x86_64-with-glibc2.31)
        VSTS_7b238909-6802-4b65-b90d-184bca47f458_build_220_0
    method: GET
    uri: https://management.azure.com/subscriptions/00000000-0000-0000-0000-000000000000/resourcegroups/cli_test_vmss_set_orchestration_service_state_000001/providers/Microsoft.Resources/deployments/mock-deployment/operationStatuses/08585058700573161900?api-version=2022-09-01
  response:
    body:
      string: '{"status":"Succeeded"}'
    headers:
      cache-control:
      - no-cache
      connection:
      - close
      content-length:
      - '22'
      content-type:
      - application/json; charset=utf-8
      date:
      - Tue, 26 Sep 2023 14:00:59 GMT
      expires:
      - '-1'
      pragma:
      - no-cache
      strict-transport-security:
      - max-age=31536000; includeSubDomains
      vary:
      - Accept-Encoding
      x-content-type-options:
      - nosniff
    status:
      code: 200
      message: OK
- request:
    body: null
    headers:
      Accept:
      - '*/*'
      Accept-Encoding:
      - gzip, deflate
      CommandName:
      - network lb create
      Connection:
      - keep-alive
      ParameterSetName:
      - -g -n
      User-Agent:
      - AZURECLI/2.53.0 azsdk-python-azure-mgmt-resource/23.1.0b2 Python/3.10.13 (Linux-5.15.0-1046-azure-x86_64-with-glibc2.31)
        VSTS_7b238909-6802-4b65-b90d-184bca47f458_build_220_0
    method: GET
    uri: https://management.azure.com/subscriptions/00000000-0000-0000-0000-000000000000/resourcegroups/cli_test_vmss_set_orchestration_service_state_000001/providers/Microsoft.Resources/deployments/mock-deployment?api-version=2022-09-01
  response:
    body:
      string: '{"id":"/subscriptions/00000000-0000-0000-0000-000000000000/resourceGroups/cli_test_vmss_set_orchestration_service_state_000001/providers/Microsoft.Resources/deployments/lb_deploy_Q1pw0si9xDOgqElk2zaff9ejYFK3mu5b","name":"lb_deploy_Q1pw0si9xDOgqElk2zaff9ejYFK3mu5b","type":"Microsoft.Resources/deployments","properties":{"templateHash":"9069765831235987236","parameters":{},"mode":"Incremental","provisioningState":"Succeeded","timestamp":"2023-09-26T14:00:34.7659386Z","duration":"PT5.3913764S","correlationId":"fb8c2f28-9dc8-4b50-8a98-c2c05ff07079","providers":[{"namespace":"Microsoft.Network","resourceTypes":[{"resourceType":"publicIPAddresses","locations":["westus"]},{"resourceType":"loadBalancers","locations":["westus"]}]}],"dependencies":[{"dependsOn":[{"id":"/subscriptions/00000000-0000-0000-0000-000000000000/resourceGroups/cli_test_vmss_set_orchestration_service_state_000001/providers/Microsoft.Network/publicIPAddresses/PublicIPlb1","resourceType":"Microsoft.Network/publicIPAddresses","resourceName":"PublicIPlb1"}],"id":"/subscriptions/00000000-0000-0000-0000-000000000000/resourceGroups/cli_test_vmss_set_orchestration_service_state_000001/providers/Microsoft.Network/loadBalancers/lb1","resourceType":"Microsoft.Network/loadBalancers","resourceName":"lb1"}],"outputs":{"loadBalancer":{"type":"Object","value":{"provisioningState":"Succeeded","resourceGuid":"39ad4698-75eb-4420-990a-d3d942e1198c","frontendIPConfigurations":[{"name":"LoadBalancerFrontEnd","id":"/subscriptions/00000000-0000-0000-0000-000000000000/resourceGroups/cli_test_vmss_set_orchestration_service_state_000001/providers/Microsoft.Network/loadBalancers/lb1/frontendIPConfigurations/LoadBalancerFrontEnd","etag":"W/\"98ce5e4f-f330-46d7-8fb7-83dc74c239dc\"","type":"Microsoft.Network/loadBalancers/frontendIPConfigurations","properties":{"provisioningState":"Succeeded","privateIPAllocationMethod":"Dynamic","publicIPAddress":{"id":"/subscriptions/00000000-0000-0000-0000-000000000000/resourceGroups/cli_test_vmss_set_orchestration_service_state_000001/providers/Microsoft.Network/publicIPAddresses/PublicIPlb1"}}}],"backendAddressPools":[{"name":"lb1bepool","id":"/subscriptions/00000000-0000-0000-0000-000000000000/resourceGroups/cli_test_vmss_set_orchestration_service_state_000001/providers/Microsoft.Network/loadBalancers/lb1/backendAddressPools/lb1bepool","etag":"W/\"98ce5e4f-f330-46d7-8fb7-83dc74c239dc\"","properties":{"provisioningState":"Succeeded"},"type":"Microsoft.Network/loadBalancers/backendAddressPools"}],"loadBalancingRules":[],"probes":[],"inboundNatRules":[],"inboundNatPools":[]}}},"outputResources":[{"id":"/subscriptions/00000000-0000-0000-0000-000000000000/resourceGroups/cli_test_vmss_set_orchestration_service_state_000001/providers/Microsoft.Network/loadBalancers/lb1"},{"id":"/subscriptions/00000000-0000-0000-0000-000000000000/resourceGroups/cli_test_vmss_set_orchestration_service_state_000001/providers/Microsoft.Network/publicIPAddresses/PublicIPlb1"}]}}'
    headers:
      cache-control:
      - no-cache
      content-length:
      - '2975'
      content-type:
      - application/json; charset=utf-8
      date:
      - Tue, 26 Sep 2023 14:01:00 GMT
      expires:
      - '-1'
      pragma:
      - no-cache
      strict-transport-security:
      - max-age=31536000; includeSubDomains
      vary:
      - Accept-Encoding
      x-content-type-options:
      - nosniff
    status:
      code: 200
      message: OK
- request:
    body: null
    headers:
      Accept:
      - application/json
      Accept-Encoding:
      - gzip, deflate
      CommandName:
      - network lb probe create
      Connection:
      - keep-alive
      ParameterSetName:
      - -g --lb-name -n --protocol --port
      User-Agent:
      - AZURECLI/2.53.0 (AAZ) azsdk-python-core/1.26.0 Python/3.10.13 (Linux-5.15.0-1046-azure-x86_64-with-glibc2.31)
        VSTS_7b238909-6802-4b65-b90d-184bca47f458_build_220_0
    method: GET
    uri: https://management.azure.com/subscriptions/00000000-0000-0000-0000-000000000000/resourceGroups/cli_test_vmss_set_orchestration_service_state_000001/providers/Microsoft.Network/loadBalancers/lb1?api-version=2022-05-01
  response:
    body:
      string: "{\r\n  \"name\": \"lb1\",\r\n  \"id\": \"/subscriptions/00000000-0000-0000-0000-000000000000/resourceGroups/cli_test_vmss_set_orchestration_service_state_000001/providers/Microsoft.Network/loadBalancers/lb1\",\r\n
        \ \"etag\": \"W/\\\"98ce5e4f-f330-46d7-8fb7-83dc74c239dc\\\"\",\r\n  \"type\":
        \"Microsoft.Network/loadBalancers\",\r\n  \"location\": \"westus\",\r\n  \"tags\":
        {},\r\n  \"properties\": {\r\n    \"provisioningState\": \"Succeeded\",\r\n
        \   \"resourceGuid\": \"39ad4698-75eb-4420-990a-d3d942e1198c\",\r\n    \"frontendIPConfigurations\":
        [\r\n      {\r\n        \"name\": \"LoadBalancerFrontEnd\",\r\n        \"id\":
        \"/subscriptions/00000000-0000-0000-0000-000000000000/resourceGroups/cli_test_vmss_set_orchestration_service_state_000001/providers/Microsoft.Network/loadBalancers/lb1/frontendIPConfigurations/LoadBalancerFrontEnd\",\r\n
        \       \"etag\": \"W/\\\"98ce5e4f-f330-46d7-8fb7-83dc74c239dc\\\"\",\r\n
        \       \"type\": \"Microsoft.Network/loadBalancers/frontendIPConfigurations\",\r\n
        \       \"properties\": {\r\n          \"provisioningState\": \"Succeeded\",\r\n
        \         \"privateIPAllocationMethod\": \"Dynamic\",\r\n          \"publicIPAddress\":
        {\r\n            \"id\": \"/subscriptions/00000000-0000-0000-0000-000000000000/resourceGroups/cli_test_vmss_set_orchestration_service_state_000001/providers/Microsoft.Network/publicIPAddresses/PublicIPlb1\"\r\n
        \         }\r\n        }\r\n      }\r\n    ],\r\n    \"backendAddressPools\":
        [\r\n      {\r\n        \"name\": \"lb1bepool\",\r\n        \"id\": \"/subscriptions/00000000-0000-0000-0000-000000000000/resourceGroups/cli_test_vmss_set_orchestration_service_state_000001/providers/Microsoft.Network/loadBalancers/lb1/backendAddressPools/lb1bepool\",\r\n
        \       \"etag\": \"W/\\\"98ce5e4f-f330-46d7-8fb7-83dc74c239dc\\\"\",\r\n
        \       \"properties\": {\r\n          \"provisioningState\": \"Succeeded\"\r\n
        \       },\r\n        \"type\": \"Microsoft.Network/loadBalancers/backendAddressPools\"\r\n
        \     }\r\n    ],\r\n    \"loadBalancingRules\": [],\r\n    \"probes\": [],\r\n
        \   \"inboundNatRules\": [],\r\n    \"inboundNatPools\": []\r\n  },\r\n  \"sku\":
        {\r\n    \"name\": \"Basic\",\r\n    \"tier\": \"Regional\"\r\n  }\r\n}"
    headers:
      cache-control:
      - no-cache
      content-length:
      - '1999'
      content-type:
      - application/json; charset=utf-8
      date:
      - Tue, 26 Sep 2023 14:01:00 GMT
      etag:
      - W/"98ce5e4f-f330-46d7-8fb7-83dc74c239dc"
      expires:
      - '-1'
      pragma:
      - no-cache
      server:
      - Microsoft-HTTPAPI/2.0
      - Microsoft-HTTPAPI/2.0
      strict-transport-security:
      - max-age=31536000; includeSubDomains
      transfer-encoding:
      - chunked
      vary:
      - Accept-Encoding
      x-content-type-options:
      - nosniff
      x-ms-arm-service-request-id:
      - a60689dd-8e82-4f02-9f4c-b658b339a23c
    status:
      code: 200
      message: ''
- request:
    body: '{"id": "/subscriptions/00000000-0000-0000-0000-000000000000/resourceGroups/cli_test_vmss_set_orchestration_service_state_000001/providers/Microsoft.Network/loadBalancers/lb1",
      "location": "westus", "properties": {"backendAddressPools": [{"id": "/subscriptions/00000000-0000-0000-0000-000000000000/resourceGroups/cli_test_vmss_set_orchestration_service_state_000001/providers/Microsoft.Network/loadBalancers/lb1/backendAddressPools/lb1bepool",
      "name": "lb1bepool", "properties": {}}], "frontendIPConfigurations": [{"id":
      "/subscriptions/00000000-0000-0000-0000-000000000000/resourceGroups/cli_test_vmss_set_orchestration_service_state_000001/providers/Microsoft.Network/loadBalancers/lb1/frontendIPConfigurations/LoadBalancerFrontEnd",
      "name": "LoadBalancerFrontEnd", "properties": {"privateIPAllocationMethod":
      "Dynamic", "publicIPAddress": {"id": "/subscriptions/00000000-0000-0000-0000-000000000000/resourceGroups/cli_test_vmss_set_orchestration_service_state_000001/providers/Microsoft.Network/publicIPAddresses/PublicIPlb1"}}}],
      "inboundNatPools": [], "inboundNatRules": [], "loadBalancingRules": [], "probes":
      [{"name": "probe", "properties": {"port": 80, "protocol": "Tcp"}}]}, "sku":
      {"name": "Basic", "tier": "Regional"}, "tags": {}}'
    headers:
      Accept:
      - application/json
      Accept-Encoding:
      - gzip, deflate
      CommandName:
      - network lb probe create
      Connection:
      - keep-alive
      Content-Length:
      - '1241'
      Content-Type:
      - application/json
      ParameterSetName:
      - -g --lb-name -n --protocol --port
      User-Agent:
      - AZURECLI/2.53.0 (AAZ) azsdk-python-core/1.26.0 Python/3.10.13 (Linux-5.15.0-1046-azure-x86_64-with-glibc2.31)
        VSTS_7b238909-6802-4b65-b90d-184bca47f458_build_220_0
    method: PUT
    uri: https://management.azure.com/subscriptions/00000000-0000-0000-0000-000000000000/resourceGroups/cli_test_vmss_set_orchestration_service_state_000001/providers/Microsoft.Network/loadBalancers/lb1?api-version=2022-05-01
  response:
    body:
      string: "{\r\n  \"name\": \"lb1\",\r\n  \"id\": \"/subscriptions/00000000-0000-0000-0000-000000000000/resourceGroups/cli_test_vmss_set_orchestration_service_state_000001/providers/Microsoft.Network/loadBalancers/lb1\",\r\n
        \ \"etag\": \"W/\\\"d49bc3f1-2331-438d-9958-c4f807399f33\\\"\",\r\n  \"type\":
        \"Microsoft.Network/loadBalancers\",\r\n  \"location\": \"westus\",\r\n  \"tags\":
        {},\r\n  \"properties\": {\r\n    \"provisioningState\": \"Succeeded\",\r\n
        \   \"resourceGuid\": \"39ad4698-75eb-4420-990a-d3d942e1198c\",\r\n    \"frontendIPConfigurations\":
        [\r\n      {\r\n        \"name\": \"LoadBalancerFrontEnd\",\r\n        \"id\":
        \"/subscriptions/00000000-0000-0000-0000-000000000000/resourceGroups/cli_test_vmss_set_orchestration_service_state_000001/providers/Microsoft.Network/loadBalancers/lb1/frontendIPConfigurations/LoadBalancerFrontEnd\",\r\n
        \       \"etag\": \"W/\\\"d49bc3f1-2331-438d-9958-c4f807399f33\\\"\",\r\n
        \       \"type\": \"Microsoft.Network/loadBalancers/frontendIPConfigurations\",\r\n
        \       \"properties\": {\r\n          \"provisioningState\": \"Succeeded\",\r\n
        \         \"privateIPAllocationMethod\": \"Dynamic\",\r\n          \"publicIPAddress\":
        {\r\n            \"id\": \"/subscriptions/00000000-0000-0000-0000-000000000000/resourceGroups/cli_test_vmss_set_orchestration_service_state_000001/providers/Microsoft.Network/publicIPAddresses/PublicIPlb1\"\r\n
        \         }\r\n        }\r\n      }\r\n    ],\r\n    \"backendAddressPools\":
        [\r\n      {\r\n        \"name\": \"lb1bepool\",\r\n        \"id\": \"/subscriptions/00000000-0000-0000-0000-000000000000/resourceGroups/cli_test_vmss_set_orchestration_service_state_000001/providers/Microsoft.Network/loadBalancers/lb1/backendAddressPools/lb1bepool\",\r\n
        \       \"etag\": \"W/\\\"d49bc3f1-2331-438d-9958-c4f807399f33\\\"\",\r\n
        \       \"properties\": {\r\n          \"provisioningState\": \"Succeeded\"\r\n
        \       },\r\n        \"type\": \"Microsoft.Network/loadBalancers/backendAddressPools\"\r\n
        \     }\r\n    ],\r\n    \"loadBalancingRules\": [],\r\n    \"probes\": [\r\n
        \     {\r\n        \"name\": \"probe\",\r\n        \"id\": \"/subscriptions/00000000-0000-0000-0000-000000000000/resourceGroups/cli_test_vmss_set_orchestration_service_state_000001/providers/Microsoft.Network/loadBalancers/lb1/probes/probe\",\r\n
        \       \"etag\": \"W/\\\"d49bc3f1-2331-438d-9958-c4f807399f33\\\"\",\r\n
        \       \"properties\": {\r\n          \"provisioningState\": \"Succeeded\",\r\n
        \         \"protocol\": \"Tcp\",\r\n          \"port\": 80,\r\n          \"intervalInSeconds\":
        15,\r\n          \"numberOfProbes\": 2,\r\n          \"probeThreshold\": 1\r\n
        \       },\r\n        \"type\": \"Microsoft.Network/loadBalancers/probes\"\r\n
        \     }\r\n    ],\r\n    \"inboundNatRules\": [],\r\n    \"inboundNatPools\":
        []\r\n  },\r\n  \"sku\": {\r\n    \"name\": \"Basic\",\r\n    \"tier\": \"Regional\"\r\n
        \ }\r\n}"
    headers:
      azure-asyncnotification:
      - Enabled
      azure-asyncoperation:
      - https://management.azure.com/subscriptions/00000000-0000-0000-0000-000000000000/providers/Microsoft.Network/locations/westus/operations/daddc66a-f09f-466b-9628-752515de1373?api-version=2022-05-01
      cache-control:
      - no-cache
      content-length:
      - '2601'
      content-type:
      - application/json; charset=utf-8
      date:
      - Tue, 26 Sep 2023 14:01:03 GMT
      expires:
      - '-1'
      pragma:
      - no-cache
      server:
      - Microsoft-HTTPAPI/2.0
      - Microsoft-HTTPAPI/2.0
      strict-transport-security:
      - max-age=31536000; includeSubDomains
      transfer-encoding:
      - chunked
      vary:
      - Accept-Encoding
      x-content-type-options:
      - nosniff
      x-ms-arm-service-request-id:
      - 02ab9673-3a4b-4ff4-aac0-9ca666bc7141
      x-ms-ratelimit-remaining-subscription-writes:
      - '1198'
    status:
      code: 200
      message: ''
- request:
    body: null
    headers:
      Accept:
      - '*/*'
      Accept-Encoding:
      - gzip, deflate
      CommandName:
      - network lb probe create
      Connection:
      - keep-alive
      ParameterSetName:
      - -g --lb-name -n --protocol --port
      User-Agent:
      - AZURECLI/2.53.0 (AAZ) azsdk-python-core/1.26.0 Python/3.10.13 (Linux-5.15.0-1046-azure-x86_64-with-glibc2.31)
        VSTS_7b238909-6802-4b65-b90d-184bca47f458_build_220_0
    method: GET
    uri: https://management.azure.com/subscriptions/00000000-0000-0000-0000-000000000000/providers/Microsoft.Network/locations/westus/operations/daddc66a-f09f-466b-9628-752515de1373?api-version=2022-05-01
  response:
    body:
      string: "{\r\n  \"status\": \"Succeeded\"\r\n}"
    headers:
      cache-control:
      - no-cache
      content-length:
      - '29'
      content-type:
      - application/json; charset=utf-8
      date:
      - Tue, 26 Sep 2023 14:01:03 GMT
      expires:
      - '-1'
      pragma:
      - no-cache
      server:
      - Microsoft-HTTPAPI/2.0
      - Microsoft-HTTPAPI/2.0
      strict-transport-security:
      - max-age=31536000; includeSubDomains
      transfer-encoding:
      - chunked
      vary:
      - Accept-Encoding
      x-content-type-options:
      - nosniff
      x-ms-arm-service-request-id:
      - f660a1d6-c921-4f6c-b528-5aee37e7b004
    status:
      code: 200
      message: ''
- request:
    body: null
    headers:
      Accept:
      - '*/*'
      Accept-Encoding:
      - gzip, deflate
      CommandName:
      - network lb probe create
      Connection:
      - keep-alive
      ParameterSetName:
      - -g --lb-name -n --protocol --port
      User-Agent:
      - AZURECLI/2.53.0 (AAZ) azsdk-python-core/1.26.0 Python/3.10.13 (Linux-5.15.0-1046-azure-x86_64-with-glibc2.31)
        VSTS_7b238909-6802-4b65-b90d-184bca47f458_build_220_0
    method: GET
    uri: https://management.azure.com/subscriptions/00000000-0000-0000-0000-000000000000/resourceGroups/cli_test_vmss_set_orchestration_service_state_000001/providers/Microsoft.Network/loadBalancers/lb1?api-version=2022-05-01
  response:
    body:
      string: "{\r\n  \"name\": \"lb1\",\r\n  \"id\": \"/subscriptions/00000000-0000-0000-0000-000000000000/resourceGroups/cli_test_vmss_set_orchestration_service_state_000001/providers/Microsoft.Network/loadBalancers/lb1\",\r\n
        \ \"etag\": \"W/\\\"d49bc3f1-2331-438d-9958-c4f807399f33\\\"\",\r\n  \"type\":
        \"Microsoft.Network/loadBalancers\",\r\n  \"location\": \"westus\",\r\n  \"tags\":
        {},\r\n  \"properties\": {\r\n    \"provisioningState\": \"Succeeded\",\r\n
        \   \"resourceGuid\": \"39ad4698-75eb-4420-990a-d3d942e1198c\",\r\n    \"frontendIPConfigurations\":
        [\r\n      {\r\n        \"name\": \"LoadBalancerFrontEnd\",\r\n        \"id\":
        \"/subscriptions/00000000-0000-0000-0000-000000000000/resourceGroups/cli_test_vmss_set_orchestration_service_state_000001/providers/Microsoft.Network/loadBalancers/lb1/frontendIPConfigurations/LoadBalancerFrontEnd\",\r\n
        \       \"etag\": \"W/\\\"d49bc3f1-2331-438d-9958-c4f807399f33\\\"\",\r\n
        \       \"type\": \"Microsoft.Network/loadBalancers/frontendIPConfigurations\",\r\n
        \       \"properties\": {\r\n          \"provisioningState\": \"Succeeded\",\r\n
        \         \"privateIPAllocationMethod\": \"Dynamic\",\r\n          \"publicIPAddress\":
        {\r\n            \"id\": \"/subscriptions/00000000-0000-0000-0000-000000000000/resourceGroups/cli_test_vmss_set_orchestration_service_state_000001/providers/Microsoft.Network/publicIPAddresses/PublicIPlb1\"\r\n
        \         }\r\n        }\r\n      }\r\n    ],\r\n    \"backendAddressPools\":
        [\r\n      {\r\n        \"name\": \"lb1bepool\",\r\n        \"id\": \"/subscriptions/00000000-0000-0000-0000-000000000000/resourceGroups/cli_test_vmss_set_orchestration_service_state_000001/providers/Microsoft.Network/loadBalancers/lb1/backendAddressPools/lb1bepool\",\r\n
        \       \"etag\": \"W/\\\"d49bc3f1-2331-438d-9958-c4f807399f33\\\"\",\r\n
        \       \"properties\": {\r\n          \"provisioningState\": \"Succeeded\"\r\n
        \       },\r\n        \"type\": \"Microsoft.Network/loadBalancers/backendAddressPools\"\r\n
        \     }\r\n    ],\r\n    \"loadBalancingRules\": [],\r\n    \"probes\": [\r\n
        \     {\r\n        \"name\": \"probe\",\r\n        \"id\": \"/subscriptions/00000000-0000-0000-0000-000000000000/resourceGroups/cli_test_vmss_set_orchestration_service_state_000001/providers/Microsoft.Network/loadBalancers/lb1/probes/probe\",\r\n
        \       \"etag\": \"W/\\\"d49bc3f1-2331-438d-9958-c4f807399f33\\\"\",\r\n
        \       \"properties\": {\r\n          \"provisioningState\": \"Succeeded\",\r\n
        \         \"protocol\": \"Tcp\",\r\n          \"port\": 80,\r\n          \"intervalInSeconds\":
        15,\r\n          \"numberOfProbes\": 2,\r\n          \"probeThreshold\": 1\r\n
        \       },\r\n        \"type\": \"Microsoft.Network/loadBalancers/probes\"\r\n
        \     }\r\n    ],\r\n    \"inboundNatRules\": [],\r\n    \"inboundNatPools\":
        []\r\n  },\r\n  \"sku\": {\r\n    \"name\": \"Basic\",\r\n    \"tier\": \"Regional\"\r\n
        \ }\r\n}"
    headers:
      cache-control:
      - no-cache
      content-length:
      - '2601'
      content-type:
      - application/json; charset=utf-8
      date:
      - Tue, 26 Sep 2023 14:01:03 GMT
      etag:
      - W/"d49bc3f1-2331-438d-9958-c4f807399f33"
      expires:
      - '-1'
      pragma:
      - no-cache
      server:
      - Microsoft-HTTPAPI/2.0
      - Microsoft-HTTPAPI/2.0
      strict-transport-security:
      - max-age=31536000; includeSubDomains
      transfer-encoding:
      - chunked
      vary:
      - Accept-Encoding
      x-content-type-options:
      - nosniff
      x-ms-arm-service-request-id:
      - 2f167d48-6124-4876-999f-843d4951dc17
    status:
      code: 200
      message: ''
- request:
    body: null
    headers:
      Accept:
      - application/json
      Accept-Encoding:
      - gzip, deflate
      CommandName:
      - network lb rule create
      Connection:
      - keep-alive
      ParameterSetName:
      - -g --lb-name -n --probe-name --protocol --frontend-port --backend-port
      User-Agent:
      - AZURECLI/2.53.0 (AAZ) azsdk-python-core/1.26.0 Python/3.10.13 (Linux-5.15.0-1046-azure-x86_64-with-glibc2.31)
        VSTS_7b238909-6802-4b65-b90d-184bca47f458_build_220_0
    method: GET
    uri: https://management.azure.com/subscriptions/00000000-0000-0000-0000-000000000000/resourceGroups/cli_test_vmss_set_orchestration_service_state_000001/providers/Microsoft.Network/loadBalancers/lb1?api-version=2022-05-01
  response:
    body:
      string: "{\r\n  \"name\": \"lb1\",\r\n  \"id\": \"/subscriptions/00000000-0000-0000-0000-000000000000/resourceGroups/cli_test_vmss_set_orchestration_service_state_000001/providers/Microsoft.Network/loadBalancers/lb1\",\r\n
        \ \"etag\": \"W/\\\"d49bc3f1-2331-438d-9958-c4f807399f33\\\"\",\r\n  \"type\":
        \"Microsoft.Network/loadBalancers\",\r\n  \"location\": \"westus\",\r\n  \"tags\":
        {},\r\n  \"properties\": {\r\n    \"provisioningState\": \"Succeeded\",\r\n
        \   \"resourceGuid\": \"39ad4698-75eb-4420-990a-d3d942e1198c\",\r\n    \"frontendIPConfigurations\":
        [\r\n      {\r\n        \"name\": \"LoadBalancerFrontEnd\",\r\n        \"id\":
        \"/subscriptions/00000000-0000-0000-0000-000000000000/resourceGroups/cli_test_vmss_set_orchestration_service_state_000001/providers/Microsoft.Network/loadBalancers/lb1/frontendIPConfigurations/LoadBalancerFrontEnd\",\r\n
        \       \"etag\": \"W/\\\"d49bc3f1-2331-438d-9958-c4f807399f33\\\"\",\r\n
        \       \"type\": \"Microsoft.Network/loadBalancers/frontendIPConfigurations\",\r\n
        \       \"properties\": {\r\n          \"provisioningState\": \"Succeeded\",\r\n
        \         \"privateIPAllocationMethod\": \"Dynamic\",\r\n          \"publicIPAddress\":
        {\r\n            \"id\": \"/subscriptions/00000000-0000-0000-0000-000000000000/resourceGroups/cli_test_vmss_set_orchestration_service_state_000001/providers/Microsoft.Network/publicIPAddresses/PublicIPlb1\"\r\n
        \         }\r\n        }\r\n      }\r\n    ],\r\n    \"backendAddressPools\":
        [\r\n      {\r\n        \"name\": \"lb1bepool\",\r\n        \"id\": \"/subscriptions/00000000-0000-0000-0000-000000000000/resourceGroups/cli_test_vmss_set_orchestration_service_state_000001/providers/Microsoft.Network/loadBalancers/lb1/backendAddressPools/lb1bepool\",\r\n
        \       \"etag\": \"W/\\\"d49bc3f1-2331-438d-9958-c4f807399f33\\\"\",\r\n
        \       \"properties\": {\r\n          \"provisioningState\": \"Succeeded\"\r\n
        \       },\r\n        \"type\": \"Microsoft.Network/loadBalancers/backendAddressPools\"\r\n
        \     }\r\n    ],\r\n    \"loadBalancingRules\": [],\r\n    \"probes\": [\r\n
        \     {\r\n        \"name\": \"probe\",\r\n        \"id\": \"/subscriptions/00000000-0000-0000-0000-000000000000/resourceGroups/cli_test_vmss_set_orchestration_service_state_000001/providers/Microsoft.Network/loadBalancers/lb1/probes/probe\",\r\n
        \       \"etag\": \"W/\\\"d49bc3f1-2331-438d-9958-c4f807399f33\\\"\",\r\n
        \       \"properties\": {\r\n          \"provisioningState\": \"Succeeded\",\r\n
        \         \"protocol\": \"Tcp\",\r\n          \"port\": 80,\r\n          \"intervalInSeconds\":
        15,\r\n          \"numberOfProbes\": 2,\r\n          \"probeThreshold\": 1\r\n
        \       },\r\n        \"type\": \"Microsoft.Network/loadBalancers/probes\"\r\n
        \     }\r\n    ],\r\n    \"inboundNatRules\": [],\r\n    \"inboundNatPools\":
        []\r\n  },\r\n  \"sku\": {\r\n    \"name\": \"Basic\",\r\n    \"tier\": \"Regional\"\r\n
        \ }\r\n}"
    headers:
      cache-control:
      - no-cache
      content-length:
      - '2601'
      content-type:
      - application/json; charset=utf-8
      date:
      - Tue, 26 Sep 2023 14:01:04 GMT
      etag:
      - W/"d49bc3f1-2331-438d-9958-c4f807399f33"
      expires:
      - '-1'
      pragma:
      - no-cache
      server:
      - Microsoft-HTTPAPI/2.0
      - Microsoft-HTTPAPI/2.0
      strict-transport-security:
      - max-age=31536000; includeSubDomains
      transfer-encoding:
      - chunked
      vary:
      - Accept-Encoding
      x-content-type-options:
      - nosniff
      x-ms-arm-service-request-id:
      - d45101cb-26c3-4397-80d1-ccee470a5302
    status:
      code: 200
      message: OK
- request:
    body: '{"id": "/subscriptions/00000000-0000-0000-0000-000000000000/resourceGroups/cli_test_vmss_set_orchestration_service_state_000001/providers/Microsoft.Network/loadBalancers/lb1",
      "location": "westus", "properties": {"backendAddressPools": [{"id": "/subscriptions/00000000-0000-0000-0000-000000000000/resourceGroups/cli_test_vmss_set_orchestration_service_state_000001/providers/Microsoft.Network/loadBalancers/lb1/backendAddressPools/lb1bepool",
      "name": "lb1bepool", "properties": {}}], "frontendIPConfigurations": [{"id":
      "/subscriptions/00000000-0000-0000-0000-000000000000/resourceGroups/cli_test_vmss_set_orchestration_service_state_000001/providers/Microsoft.Network/loadBalancers/lb1/frontendIPConfigurations/LoadBalancerFrontEnd",
      "name": "LoadBalancerFrontEnd", "properties": {"privateIPAllocationMethod":
      "Dynamic", "publicIPAddress": {"id": "/subscriptions/00000000-0000-0000-0000-000000000000/resourceGroups/cli_test_vmss_set_orchestration_service_state_000001/providers/Microsoft.Network/publicIPAddresses/PublicIPlb1"}}}],
      "inboundNatPools": [], "inboundNatRules": [], "loadBalancingRules": [{"name":
      "lbrule", "properties": {"backendAddressPools": [{"id": "/subscriptions/00000000-0000-0000-0000-000000000000/resourceGroups/cli_test_vmss_set_orchestration_service_state_000001/providers/Microsoft.Network/loadBalancers/lb1/backendAddressPools/lb1bepool"}],
      "backendPort": 80, "frontendIPConfiguration": {"id": "/subscriptions/00000000-0000-0000-0000-000000000000/resourceGroups/cli_test_vmss_set_orchestration_service_state_000001/providers/Microsoft.Network/loadBalancers/lb1/frontendIPConfigurations/LoadBalancerFrontEnd"},
      "frontendPort": 80, "loadDistribution": "Default", "probe": {"id": "/subscriptions/00000000-0000-0000-0000-000000000000/resourceGroups/cli_test_vmss_set_orchestration_service_state_000001/providers/Microsoft.Network/loadBalancers/lb1/probes/probe"},
      "protocol": "Tcp"}}], "probes": [{"id": "/subscriptions/00000000-0000-0000-0000-000000000000/resourceGroups/cli_test_vmss_set_orchestration_service_state_000001/providers/Microsoft.Network/loadBalancers/lb1/probes/probe",
      "name": "probe", "properties": {"intervalInSeconds": 15, "numberOfProbes": 2,
      "port": 80, "probeThreshold": 1, "protocol": "Tcp"}}]}, "sku": {"name": "Basic",
      "tier": "Regional"}, "tags": {}}'
    headers:
      Accept:
      - application/json
      Accept-Encoding:
      - gzip, deflate
      CommandName:
      - network lb rule create
      Connection:
      - keep-alive
      Content-Length:
      - '2300'
      Content-Type:
      - application/json
      ParameterSetName:
      - -g --lb-name -n --probe-name --protocol --frontend-port --backend-port
      User-Agent:
      - AZURECLI/2.53.0 (AAZ) azsdk-python-core/1.26.0 Python/3.10.13 (Linux-5.15.0-1046-azure-x86_64-with-glibc2.31)
        VSTS_7b238909-6802-4b65-b90d-184bca47f458_build_220_0
    method: PUT
    uri: https://management.azure.com/subscriptions/00000000-0000-0000-0000-000000000000/resourceGroups/cli_test_vmss_set_orchestration_service_state_000001/providers/Microsoft.Network/loadBalancers/lb1?api-version=2022-05-01
  response:
    body:
      string: "{\r\n  \"name\": \"lb1\",\r\n  \"id\": \"/subscriptions/00000000-0000-0000-0000-000000000000/resourceGroups/cli_test_vmss_set_orchestration_service_state_000001/providers/Microsoft.Network/loadBalancers/lb1\",\r\n
        \ \"etag\": \"W/\\\"3389d3c5-3279-4be1-bcc8-0ea4aab78d6b\\\"\",\r\n  \"type\":
        \"Microsoft.Network/loadBalancers\",\r\n  \"location\": \"westus\",\r\n  \"tags\":
        {},\r\n  \"properties\": {\r\n    \"provisioningState\": \"Succeeded\",\r\n
        \   \"resourceGuid\": \"39ad4698-75eb-4420-990a-d3d942e1198c\",\r\n    \"frontendIPConfigurations\":
        [\r\n      {\r\n        \"name\": \"LoadBalancerFrontEnd\",\r\n        \"id\":
        \"/subscriptions/00000000-0000-0000-0000-000000000000/resourceGroups/cli_test_vmss_set_orchestration_service_state_000001/providers/Microsoft.Network/loadBalancers/lb1/frontendIPConfigurations/LoadBalancerFrontEnd\",\r\n
        \       \"etag\": \"W/\\\"3389d3c5-3279-4be1-bcc8-0ea4aab78d6b\\\"\",\r\n
        \       \"type\": \"Microsoft.Network/loadBalancers/frontendIPConfigurations\",\r\n
        \       \"properties\": {\r\n          \"provisioningState\": \"Succeeded\",\r\n
        \         \"privateIPAllocationMethod\": \"Dynamic\",\r\n          \"publicIPAddress\":
        {\r\n            \"id\": \"/subscriptions/00000000-0000-0000-0000-000000000000/resourceGroups/cli_test_vmss_set_orchestration_service_state_000001/providers/Microsoft.Network/publicIPAddresses/PublicIPlb1\"\r\n
        \         },\r\n          \"loadBalancingRules\": [\r\n            {\r\n              \"id\":
        \"/subscriptions/00000000-0000-0000-0000-000000000000/resourceGroups/cli_test_vmss_set_orchestration_service_state_000001/providers/Microsoft.Network/loadBalancers/lb1/loadBalancingRules/lbrule\"\r\n
        \           }\r\n          ]\r\n        }\r\n      }\r\n    ],\r\n    \"backendAddressPools\":
        [\r\n      {\r\n        \"name\": \"lb1bepool\",\r\n        \"id\": \"/subscriptions/00000000-0000-0000-0000-000000000000/resourceGroups/cli_test_vmss_set_orchestration_service_state_000001/providers/Microsoft.Network/loadBalancers/lb1/backendAddressPools/lb1bepool\",\r\n
        \       \"etag\": \"W/\\\"3389d3c5-3279-4be1-bcc8-0ea4aab78d6b\\\"\",\r\n
        \       \"properties\": {\r\n          \"provisioningState\": \"Succeeded\",\r\n
        \         \"loadBalancingRules\": [\r\n            {\r\n              \"id\":
        \"/subscriptions/00000000-0000-0000-0000-000000000000/resourceGroups/cli_test_vmss_set_orchestration_service_state_000001/providers/Microsoft.Network/loadBalancers/lb1/loadBalancingRules/lbrule\"\r\n
        \           }\r\n          ]\r\n        },\r\n        \"type\": \"Microsoft.Network/loadBalancers/backendAddressPools\"\r\n
        \     }\r\n    ],\r\n    \"loadBalancingRules\": [\r\n      {\r\n        \"name\":
        \"lbrule\",\r\n        \"id\": \"/subscriptions/00000000-0000-0000-0000-000000000000/resourceGroups/cli_test_vmss_set_orchestration_service_state_000001/providers/Microsoft.Network/loadBalancers/lb1/loadBalancingRules/lbrule\",\r\n
        \       \"etag\": \"W/\\\"3389d3c5-3279-4be1-bcc8-0ea4aab78d6b\\\"\",\r\n
        \       \"type\": \"Microsoft.Network/loadBalancers/loadBalancingRules\",\r\n
        \       \"properties\": {\r\n          \"provisioningState\": \"Succeeded\",\r\n
        \         \"frontendIPConfiguration\": {\r\n            \"id\": \"/subscriptions/00000000-0000-0000-0000-000000000000/resourceGroups/cli_test_vmss_set_orchestration_service_state_000001/providers/Microsoft.Network/loadBalancers/lb1/frontendIPConfigurations/LoadBalancerFrontEnd\"\r\n
        \         },\r\n          \"frontendPort\": 80,\r\n          \"backendPort\":
        80,\r\n          \"enableFloatingIP\": false,\r\n          \"idleTimeoutInMinutes\":
        4,\r\n          \"protocol\": \"Tcp\",\r\n          \"enableDestinationServiceEndpoint\":
        false,\r\n          \"enableTcpReset\": false,\r\n          \"allowBackendPortConflict\":
        false,\r\n          \"loadDistribution\": \"Default\",\r\n          \"backendAddressPool\":
        {\r\n            \"id\": \"/subscriptions/00000000-0000-0000-0000-000000000000/resourceGroups/cli_test_vmss_set_orchestration_service_state_000001/providers/Microsoft.Network/loadBalancers/lb1/backendAddressPools/lb1bepool\"\r\n
        \         },\r\n          \"backendAddressPools\": [\r\n            {\r\n
        \             \"id\": \"/subscriptions/00000000-0000-0000-0000-000000000000/resourceGroups/cli_test_vmss_set_orchestration_service_state_000001/providers/Microsoft.Network/loadBalancers/lb1/backendAddressPools/lb1bepool\"\r\n
        \           }\r\n          ],\r\n          \"probe\": {\r\n            \"id\":
        \"/subscriptions/00000000-0000-0000-0000-000000000000/resourceGroups/cli_test_vmss_set_orchestration_service_state_000001/providers/Microsoft.Network/loadBalancers/lb1/probes/probe\"\r\n
        \         }\r\n        }\r\n      }\r\n    ],\r\n    \"probes\": [\r\n      {\r\n
        \       \"name\": \"probe\",\r\n        \"id\": \"/subscriptions/00000000-0000-0000-0000-000000000000/resourceGroups/cli_test_vmss_set_orchestration_service_state_000001/providers/Microsoft.Network/loadBalancers/lb1/probes/probe\",\r\n
        \       \"etag\": \"W/\\\"3389d3c5-3279-4be1-bcc8-0ea4aab78d6b\\\"\",\r\n
        \       \"properties\": {\r\n          \"provisioningState\": \"Succeeded\",\r\n
        \         \"protocol\": \"Tcp\",\r\n          \"port\": 80,\r\n          \"intervalInSeconds\":
        15,\r\n          \"numberOfProbes\": 2,\r\n          \"probeThreshold\": 1,\r\n
        \         \"loadBalancingRules\": [\r\n            {\r\n              \"id\":
        \"/subscriptions/00000000-0000-0000-0000-000000000000/resourceGroups/cli_test_vmss_set_orchestration_service_state_000001/providers/Microsoft.Network/loadBalancers/lb1/loadBalancingRules/lbrule\"\r\n
        \           }\r\n          ]\r\n        },\r\n        \"type\": \"Microsoft.Network/loadBalancers/probes\"\r\n
        \     }\r\n    ],\r\n    \"inboundNatRules\": [],\r\n    \"inboundNatPools\":
        []\r\n  },\r\n  \"sku\": {\r\n    \"name\": \"Basic\",\r\n    \"tier\": \"Regional\"\r\n
        \ }\r\n}"
    headers:
      azure-asyncnotification:
      - Enabled
      azure-asyncoperation:
      - https://management.azure.com/subscriptions/00000000-0000-0000-0000-000000000000/providers/Microsoft.Network/locations/westus/operations/b7caf2d2-bdb5-471b-9cc8-2b1e27e4ec22?api-version=2022-05-01
      cache-control:
      - no-cache
      content-length:
      - '5391'
      content-type:
      - application/json; charset=utf-8
      date:
      - Tue, 26 Sep 2023 14:01:08 GMT
      expires:
      - '-1'
      pragma:
      - no-cache
      server:
      - Microsoft-HTTPAPI/2.0
      - Microsoft-HTTPAPI/2.0
      strict-transport-security:
      - max-age=31536000; includeSubDomains
      transfer-encoding:
      - chunked
      vary:
      - Accept-Encoding
      x-content-type-options:
      - nosniff
      x-ms-arm-service-request-id:
      - 8f678dff-8f13-4ee4-b06c-d6190b01b493
      x-ms-ratelimit-remaining-subscription-writes:
      - '1198'
    status:
      code: 200
      message: OK
- request:
    body: null
    headers:
      Accept:
      - '*/*'
      Accept-Encoding:
      - gzip, deflate
      CommandName:
      - network lb rule create
      Connection:
      - keep-alive
      ParameterSetName:
      - -g --lb-name -n --probe-name --protocol --frontend-port --backend-port
      User-Agent:
      - AZURECLI/2.53.0 (AAZ) azsdk-python-core/1.26.0 Python/3.10.13 (Linux-5.15.0-1046-azure-x86_64-with-glibc2.31)
        VSTS_7b238909-6802-4b65-b90d-184bca47f458_build_220_0
    method: GET
    uri: https://management.azure.com/subscriptions/00000000-0000-0000-0000-000000000000/providers/Microsoft.Network/locations/westus/operations/b7caf2d2-bdb5-471b-9cc8-2b1e27e4ec22?api-version=2022-05-01
  response:
    body:
      string: "{\r\n  \"status\": \"Succeeded\"\r\n}"
    headers:
      cache-control:
      - no-cache
      content-length:
      - '29'
      content-type:
      - application/json; charset=utf-8
      date:
      - Tue, 26 Sep 2023 14:01:08 GMT
      expires:
      - '-1'
      pragma:
      - no-cache
      server:
      - Microsoft-HTTPAPI/2.0
      - Microsoft-HTTPAPI/2.0
      strict-transport-security:
      - max-age=31536000; includeSubDomains
      transfer-encoding:
      - chunked
      vary:
      - Accept-Encoding
      x-content-type-options:
      - nosniff
      x-ms-arm-service-request-id:
      - aa04a1ac-1886-4cbe-aba0-293c3106f3fa
    status:
      code: 200
      message: OK
- request:
    body: null
    headers:
      Accept:
      - '*/*'
      Accept-Encoding:
      - gzip, deflate
      CommandName:
      - network lb rule create
      Connection:
      - keep-alive
      ParameterSetName:
      - -g --lb-name -n --probe-name --protocol --frontend-port --backend-port
      User-Agent:
      - AZURECLI/2.53.0 (AAZ) azsdk-python-core/1.26.0 Python/3.10.13 (Linux-5.15.0-1046-azure-x86_64-with-glibc2.31)
        VSTS_7b238909-6802-4b65-b90d-184bca47f458_build_220_0
    method: GET
    uri: https://management.azure.com/subscriptions/00000000-0000-0000-0000-000000000000/resourceGroups/cli_test_vmss_set_orchestration_service_state_000001/providers/Microsoft.Network/loadBalancers/lb1?api-version=2022-05-01
  response:
    body:
      string: "{\r\n  \"name\": \"lb1\",\r\n  \"id\": \"/subscriptions/00000000-0000-0000-0000-000000000000/resourceGroups/cli_test_vmss_set_orchestration_service_state_000001/providers/Microsoft.Network/loadBalancers/lb1\",\r\n
        \ \"etag\": \"W/\\\"3389d3c5-3279-4be1-bcc8-0ea4aab78d6b\\\"\",\r\n  \"type\":
        \"Microsoft.Network/loadBalancers\",\r\n  \"location\": \"westus\",\r\n  \"tags\":
        {},\r\n  \"properties\": {\r\n    \"provisioningState\": \"Succeeded\",\r\n
        \   \"resourceGuid\": \"39ad4698-75eb-4420-990a-d3d942e1198c\",\r\n    \"frontendIPConfigurations\":
        [\r\n      {\r\n        \"name\": \"LoadBalancerFrontEnd\",\r\n        \"id\":
        \"/subscriptions/00000000-0000-0000-0000-000000000000/resourceGroups/cli_test_vmss_set_orchestration_service_state_000001/providers/Microsoft.Network/loadBalancers/lb1/frontendIPConfigurations/LoadBalancerFrontEnd\",\r\n
        \       \"etag\": \"W/\\\"3389d3c5-3279-4be1-bcc8-0ea4aab78d6b\\\"\",\r\n
        \       \"type\": \"Microsoft.Network/loadBalancers/frontendIPConfigurations\",\r\n
        \       \"properties\": {\r\n          \"provisioningState\": \"Succeeded\",\r\n
        \         \"privateIPAllocationMethod\": \"Dynamic\",\r\n          \"publicIPAddress\":
        {\r\n            \"id\": \"/subscriptions/00000000-0000-0000-0000-000000000000/resourceGroups/cli_test_vmss_set_orchestration_service_state_000001/providers/Microsoft.Network/publicIPAddresses/PublicIPlb1\"\r\n
        \         },\r\n          \"loadBalancingRules\": [\r\n            {\r\n              \"id\":
        \"/subscriptions/00000000-0000-0000-0000-000000000000/resourceGroups/cli_test_vmss_set_orchestration_service_state_000001/providers/Microsoft.Network/loadBalancers/lb1/loadBalancingRules/lbrule\"\r\n
        \           }\r\n          ]\r\n        }\r\n      }\r\n    ],\r\n    \"backendAddressPools\":
        [\r\n      {\r\n        \"name\": \"lb1bepool\",\r\n        \"id\": \"/subscriptions/00000000-0000-0000-0000-000000000000/resourceGroups/cli_test_vmss_set_orchestration_service_state_000001/providers/Microsoft.Network/loadBalancers/lb1/backendAddressPools/lb1bepool\",\r\n
        \       \"etag\": \"W/\\\"3389d3c5-3279-4be1-bcc8-0ea4aab78d6b\\\"\",\r\n
        \       \"properties\": {\r\n          \"provisioningState\": \"Succeeded\",\r\n
        \         \"loadBalancingRules\": [\r\n            {\r\n              \"id\":
        \"/subscriptions/00000000-0000-0000-0000-000000000000/resourceGroups/cli_test_vmss_set_orchestration_service_state_000001/providers/Microsoft.Network/loadBalancers/lb1/loadBalancingRules/lbrule\"\r\n
        \           }\r\n          ]\r\n        },\r\n        \"type\": \"Microsoft.Network/loadBalancers/backendAddressPools\"\r\n
        \     }\r\n    ],\r\n    \"loadBalancingRules\": [\r\n      {\r\n        \"name\":
        \"lbrule\",\r\n        \"id\": \"/subscriptions/00000000-0000-0000-0000-000000000000/resourceGroups/cli_test_vmss_set_orchestration_service_state_000001/providers/Microsoft.Network/loadBalancers/lb1/loadBalancingRules/lbrule\",\r\n
        \       \"etag\": \"W/\\\"3389d3c5-3279-4be1-bcc8-0ea4aab78d6b\\\"\",\r\n
        \       \"type\": \"Microsoft.Network/loadBalancers/loadBalancingRules\",\r\n
        \       \"properties\": {\r\n          \"provisioningState\": \"Succeeded\",\r\n
        \         \"frontendIPConfiguration\": {\r\n            \"id\": \"/subscriptions/00000000-0000-0000-0000-000000000000/resourceGroups/cli_test_vmss_set_orchestration_service_state_000001/providers/Microsoft.Network/loadBalancers/lb1/frontendIPConfigurations/LoadBalancerFrontEnd\"\r\n
        \         },\r\n          \"frontendPort\": 80,\r\n          \"backendPort\":
        80,\r\n          \"enableFloatingIP\": false,\r\n          \"idleTimeoutInMinutes\":
        4,\r\n          \"protocol\": \"Tcp\",\r\n          \"enableDestinationServiceEndpoint\":
        false,\r\n          \"enableTcpReset\": false,\r\n          \"allowBackendPortConflict\":
        false,\r\n          \"loadDistribution\": \"Default\",\r\n          \"backendAddressPool\":
        {\r\n            \"id\": \"/subscriptions/00000000-0000-0000-0000-000000000000/resourceGroups/cli_test_vmss_set_orchestration_service_state_000001/providers/Microsoft.Network/loadBalancers/lb1/backendAddressPools/lb1bepool\"\r\n
        \         },\r\n          \"backendAddressPools\": [\r\n            {\r\n
        \             \"id\": \"/subscriptions/00000000-0000-0000-0000-000000000000/resourceGroups/cli_test_vmss_set_orchestration_service_state_000001/providers/Microsoft.Network/loadBalancers/lb1/backendAddressPools/lb1bepool\"\r\n
        \           }\r\n          ],\r\n          \"probe\": {\r\n            \"id\":
        \"/subscriptions/00000000-0000-0000-0000-000000000000/resourceGroups/cli_test_vmss_set_orchestration_service_state_000001/providers/Microsoft.Network/loadBalancers/lb1/probes/probe\"\r\n
        \         }\r\n        }\r\n      }\r\n    ],\r\n    \"probes\": [\r\n      {\r\n
        \       \"name\": \"probe\",\r\n        \"id\": \"/subscriptions/00000000-0000-0000-0000-000000000000/resourceGroups/cli_test_vmss_set_orchestration_service_state_000001/providers/Microsoft.Network/loadBalancers/lb1/probes/probe\",\r\n
        \       \"etag\": \"W/\\\"3389d3c5-3279-4be1-bcc8-0ea4aab78d6b\\\"\",\r\n
        \       \"properties\": {\r\n          \"provisioningState\": \"Succeeded\",\r\n
        \         \"protocol\": \"Tcp\",\r\n          \"port\": 80,\r\n          \"intervalInSeconds\":
        15,\r\n          \"numberOfProbes\": 2,\r\n          \"probeThreshold\": 1,\r\n
        \         \"loadBalancingRules\": [\r\n            {\r\n              \"id\":
        \"/subscriptions/00000000-0000-0000-0000-000000000000/resourceGroups/cli_test_vmss_set_orchestration_service_state_000001/providers/Microsoft.Network/loadBalancers/lb1/loadBalancingRules/lbrule\"\r\n
        \           }\r\n          ]\r\n        },\r\n        \"type\": \"Microsoft.Network/loadBalancers/probes\"\r\n
        \     }\r\n    ],\r\n    \"inboundNatRules\": [],\r\n    \"inboundNatPools\":
        []\r\n  },\r\n  \"sku\": {\r\n    \"name\": \"Basic\",\r\n    \"tier\": \"Regional\"\r\n
        \ }\r\n}"
    headers:
      cache-control:
      - no-cache
      content-length:
      - '5391'
      content-type:
      - application/json; charset=utf-8
      date:
      - Tue, 26 Sep 2023 14:01:08 GMT
      etag:
      - W/"3389d3c5-3279-4be1-bcc8-0ea4aab78d6b"
      expires:
      - '-1'
      pragma:
      - no-cache
      server:
      - Microsoft-HTTPAPI/2.0
      - Microsoft-HTTPAPI/2.0
      strict-transport-security:
      - max-age=31536000; includeSubDomains
      transfer-encoding:
      - chunked
      vary:
      - Accept-Encoding
      x-content-type-options:
      - nosniff
      x-ms-arm-service-request-id:
      - 02cd09ff-efba-4e37-a1ec-6bfb35b175d4
    status:
      code: 200
      message: OK
- request:
    body: null
    headers:
      Accept:
      - application/json
      Accept-Encoding:
      - gzip, deflate
      CommandName:
      - vmss create
      Connection:
      - keep-alive
      ParameterSetName:
      - -g -n --image --load-balancer --health-probe --automatic-repairs-grace-period
        --admin-username
      User-Agent:
      - AZURECLI/2.53.0 azsdk-python-azure-mgmt-resource/23.1.0b2 Python/3.10.13 (Linux-5.15.0-1046-azure-x86_64-with-glibc2.31)
        VSTS_7b238909-6802-4b65-b90d-184bca47f458_build_220_0
    method: GET
    uri: https://management.azure.com/subscriptions/00000000-0000-0000-0000-000000000000/resourcegroups/cli_test_vmss_set_orchestration_service_state_000001?api-version=2022-09-01
  response:
    body:
      string: '{"id":"/subscriptions/00000000-0000-0000-0000-000000000000/resourceGroups/cli_test_vmss_set_orchestration_service_state_000001","name":"cli_test_vmss_set_orchestration_service_state_000001","type":"Microsoft.Resources/resourceGroups","location":"westus","tags":{"product":"azurecli","cause":"automation","test":"test_vmss_set_orchestration_service_state","date":"2023-09-26T14:00:24Z","module":"vm"},"properties":{"provisioningState":"Succeeded"}}'
    headers:
      cache-control:
      - no-cache
      content-length:
      - '447'
      content-type:
      - application/json; charset=utf-8
      date:
      - Tue, 26 Sep 2023 14:01:08 GMT
      expires:
      - '-1'
      pragma:
      - no-cache
      strict-transport-security:
      - max-age=31536000; includeSubDomains
      vary:
      - Accept-Encoding
      x-content-type-options:
      - nosniff
    status:
      code: 200
      message: OK
- request:
    body: null
    headers:
      Accept:
      - application/json
      Accept-Encoding:
      - gzip, deflate
      CommandName:
      - vmss create
      Connection:
      - keep-alive
      ParameterSetName:
      - -g -n --image --load-balancer --health-probe --automatic-repairs-grace-period
        --admin-username
      User-Agent:
      - AZURECLI/2.53.0 azsdk-python-azure-mgmt-compute/30.2.0 Python/3.10.13 (Linux-5.15.0-1046-azure-x86_64-with-glibc2.31)
        VSTS_7b238909-6802-4b65-b90d-184bca47f458_build_220_0
    method: GET
    uri: https://management.azure.com/subscriptions/00000000-0000-0000-0000-000000000000/providers/Microsoft.Compute/locations/westus/publishers/Canonical/artifacttypes/vmimage/offers/UbuntuServer/skus/18.04-LTS/versions?$top=1&$orderby=name%20desc&api-version=2022-11-01
  response:
    body:
      string: "[\r\n  {\r\n    \"location\": \"westus\",\r\n    \"name\": \"18.04.202306070\",\r\n
        \   \"id\": \"/Subscriptions/00000000-0000-0000-0000-000000000000/Providers/Microsoft.Compute/Locations/westus/Publishers/Canonical/ArtifactTypes/VMImage/Offers/UbuntuServer/Skus/18.04-LTS/Versions/18.04.202306070\"\r\n
        \ }\r\n]"
    headers:
      cache-control:
      - no-cache
      content-length:
      - '286'
      content-type:
      - application/json; charset=utf-8
      date:
      - Tue, 26 Sep 2023 14:01:09 GMT
      expires:
      - '-1'
      pragma:
      - no-cache
      server:
      - Microsoft-HTTPAPI/2.0
      - Microsoft-HTTPAPI/2.0
      strict-transport-security:
      - max-age=31536000; includeSubDomains
      x-content-type-options:
      - nosniff
      x-ms-ratelimit-remaining-resource:
      - Microsoft.Compute/ListVMImagesVersionsFromLocation3Min;15997,Microsoft.Compute/ListVMImagesVersionsFromLocation30Min;43979
    status:
      code: 200
      message: OK
- request:
    body: null
    headers:
      Accept:
      - application/json
      Accept-Encoding:
      - gzip, deflate
      CommandName:
      - vmss create
      Connection:
      - keep-alive
      ParameterSetName:
      - -g -n --image --load-balancer --health-probe --automatic-repairs-grace-period
        --admin-username
      User-Agent:
      - AZURECLI/2.53.0 azsdk-python-azure-mgmt-compute/30.2.0 Python/3.10.13 (Linux-5.15.0-1046-azure-x86_64-with-glibc2.31)
        VSTS_7b238909-6802-4b65-b90d-184bca47f458_build_220_0
    method: GET
    uri: https://management.azure.com/subscriptions/00000000-0000-0000-0000-000000000000/providers/Microsoft.Compute/locations/westus/publishers/Canonical/artifacttypes/vmimage/offers/UbuntuServer/skus/18.04-LTS/versions/18.04.202306070?api-version=2022-11-01
  response:
    body:
      string: "{\r\n  \"properties\": {\r\n    \"hyperVGeneration\": \"V1\",\r\n    \"architecture\":
        \"x64\",\r\n    \"replicaType\": \"Unmanaged\",\r\n    \"disallowed\": {\r\n
        \     \"vmDiskType\": \"None\"\r\n    },\r\n    \"automaticOSUpgradeProperties\":
        {\r\n      \"automaticOSUpgradeSupported\": true\r\n    },\r\n    \"imageDeprecationStatus\":
        {\r\n      \"imageState\": \"Active\"\r\n    },\r\n    \"features\": [\r\n
        \     {\r\n        \"name\": \"IsAcceleratedNetworkSupported\",\r\n        \"value\":
        \"True\"\r\n      },\r\n      {\r\n        \"name\": \"DiskControllerTypes\",\r\n
        \       \"value\": \"SCSI, NVMe\"\r\n      },\r\n      {\r\n        \"name\":
        \"IsHibernateSupported\",\r\n        \"value\": \"True\"\r\n      }\r\n    ],\r\n
        \   \"osDiskImage\": {\r\n      \"operatingSystem\": \"Linux\",\r\n      \"sizeInBytes\":
        32213303808\r\n    },\r\n    \"dataDiskImages\": []\r\n  },\r\n  \"location\":
        \"westus\",\r\n  \"name\": \"18.04.202306070\",\r\n  \"id\": \"/Subscriptions/00000000-0000-0000-0000-000000000000/Providers/Microsoft.Compute/Locations/westus/Publishers/Canonical/ArtifactTypes/VMImage/Offers/UbuntuServer/Skus/18.04-LTS/Versions/18.04.202306070\"\r\n}"
    headers:
      cache-control:
      - no-cache
      content-length:
      - '1025'
      content-type:
      - application/json; charset=utf-8
      date:
      - Tue, 26 Sep 2023 14:01:10 GMT
      expires:
      - '-1'
      pragma:
      - no-cache
      server:
      - Microsoft-HTTPAPI/2.0
      - Microsoft-HTTPAPI/2.0
      strict-transport-security:
      - max-age=31536000; includeSubDomains
      transfer-encoding:
      - chunked
      vary:
      - Accept-Encoding
      x-content-type-options:
      - nosniff
      x-ms-ratelimit-remaining-resource:
      - Microsoft.Compute/GetVMImageFromLocation3Min;12999,Microsoft.Compute/GetVMImageFromLocation30Min;73985
    status:
      code: 200
      message: OK
- request:
    body: null
    headers:
      Accept:
      - application/json
      Accept-Encoding:
      - gzip, deflate
      CommandName:
      - vmss create
      Connection:
      - keep-alive
      ParameterSetName:
      - -g -n --image --load-balancer --health-probe --automatic-repairs-grace-period
        --admin-username
      User-Agent:
      - AZURECLI/2.53.0 (AAZ) azsdk-python-core/1.26.0 Python/3.10.13 (Linux-5.15.0-1046-azure-x86_64-with-glibc2.31)
        VSTS_7b238909-6802-4b65-b90d-184bca47f458_build_220_0
    method: GET
    uri: https://management.azure.com/subscriptions/00000000-0000-0000-0000-000000000000/resourceGroups/cli_test_vmss_set_orchestration_service_state_000001/providers/Microsoft.Network/virtualNetworks?api-version=2022-01-01
  response:
    body:
      string: '{"value":[]}'
    headers:
      cache-control:
      - no-cache
      content-length:
      - '12'
      content-type:
      - application/json; charset=utf-8
      date:
      - Tue, 26 Sep 2023 14:01:10 GMT
      expires:
      - '-1'
      pragma:
      - no-cache
      strict-transport-security:
      - max-age=31536000; includeSubDomains
      vary:
      - Accept-Encoding
      x-content-type-options:
      - nosniff
    status:
      code: 200
      message: OK
- request:
    body: null
    headers:
      Accept:
      - application/json
      Accept-Encoding:
      - gzip, deflate
      CommandName:
      - vmss create
      Connection:
      - keep-alive
      ParameterSetName:
      - -g -n --image --load-balancer --health-probe --automatic-repairs-grace-period
        --admin-username
      User-Agent:
      - AZURECLI/2.53.0 (AAZ) azsdk-python-core/1.26.0 Python/3.10.13 (Linux-5.15.0-1046-azure-x86_64-with-glibc2.31)
        VSTS_7b238909-6802-4b65-b90d-184bca47f458_build_220_0
    method: GET
    uri: https://management.azure.com/subscriptions/00000000-0000-0000-0000-000000000000/resourceGroups/cli_test_vmss_set_orchestration_service_state_000001/providers/Microsoft.Network/loadBalancers/lb1?api-version=2022-01-01
  response:
    body:
      string: "{\r\n  \"name\": \"lb1\",\r\n  \"id\": \"/subscriptions/00000000-0000-0000-0000-000000000000/resourceGroups/cli_test_vmss_set_orchestration_service_state_000001/providers/Microsoft.Network/loadBalancers/lb1\",\r\n
        \ \"etag\": \"W/\\\"3389d3c5-3279-4be1-bcc8-0ea4aab78d6b\\\"\",\r\n  \"type\":
        \"Microsoft.Network/loadBalancers\",\r\n  \"location\": \"westus\",\r\n  \"tags\":
        {},\r\n  \"properties\": {\r\n    \"provisioningState\": \"Succeeded\",\r\n
        \   \"resourceGuid\": \"39ad4698-75eb-4420-990a-d3d942e1198c\",\r\n    \"frontendIPConfigurations\":
        [\r\n      {\r\n        \"name\": \"LoadBalancerFrontEnd\",\r\n        \"id\":
        \"/subscriptions/00000000-0000-0000-0000-000000000000/resourceGroups/cli_test_vmss_set_orchestration_service_state_000001/providers/Microsoft.Network/loadBalancers/lb1/frontendIPConfigurations/LoadBalancerFrontEnd\",\r\n
        \       \"etag\": \"W/\\\"3389d3c5-3279-4be1-bcc8-0ea4aab78d6b\\\"\",\r\n
        \       \"type\": \"Microsoft.Network/loadBalancers/frontendIPConfigurations\",\r\n
        \       \"properties\": {\r\n          \"provisioningState\": \"Succeeded\",\r\n
        \         \"privateIPAllocationMethod\": \"Dynamic\",\r\n          \"publicIPAddress\":
        {\r\n            \"id\": \"/subscriptions/00000000-0000-0000-0000-000000000000/resourceGroups/cli_test_vmss_set_orchestration_service_state_000001/providers/Microsoft.Network/publicIPAddresses/PublicIPlb1\"\r\n
        \         },\r\n          \"loadBalancingRules\": [\r\n            {\r\n              \"id\":
        \"/subscriptions/00000000-0000-0000-0000-000000000000/resourceGroups/cli_test_vmss_set_orchestration_service_state_000001/providers/Microsoft.Network/loadBalancers/lb1/loadBalancingRules/lbrule\"\r\n
        \           }\r\n          ]\r\n        }\r\n      }\r\n    ],\r\n    \"backendAddressPools\":
        [\r\n      {\r\n        \"name\": \"lb1bepool\",\r\n        \"id\": \"/subscriptions/00000000-0000-0000-0000-000000000000/resourceGroups/cli_test_vmss_set_orchestration_service_state_000001/providers/Microsoft.Network/loadBalancers/lb1/backendAddressPools/lb1bepool\",\r\n
        \       \"etag\": \"W/\\\"3389d3c5-3279-4be1-bcc8-0ea4aab78d6b\\\"\",\r\n
        \       \"properties\": {\r\n          \"provisioningState\": \"Succeeded\",\r\n
        \         \"loadBalancingRules\": [\r\n            {\r\n              \"id\":
        \"/subscriptions/00000000-0000-0000-0000-000000000000/resourceGroups/cli_test_vmss_set_orchestration_service_state_000001/providers/Microsoft.Network/loadBalancers/lb1/loadBalancingRules/lbrule\"\r\n
        \           }\r\n          ]\r\n        },\r\n        \"type\": \"Microsoft.Network/loadBalancers/backendAddressPools\"\r\n
        \     }\r\n    ],\r\n    \"loadBalancingRules\": [\r\n      {\r\n        \"name\":
        \"lbrule\",\r\n        \"id\": \"/subscriptions/00000000-0000-0000-0000-000000000000/resourceGroups/cli_test_vmss_set_orchestration_service_state_000001/providers/Microsoft.Network/loadBalancers/lb1/loadBalancingRules/lbrule\",\r\n
        \       \"etag\": \"W/\\\"3389d3c5-3279-4be1-bcc8-0ea4aab78d6b\\\"\",\r\n
        \       \"type\": \"Microsoft.Network/loadBalancers/loadBalancingRules\",\r\n
        \       \"properties\": {\r\n          \"provisioningState\": \"Succeeded\",\r\n
        \         \"frontendIPConfiguration\": {\r\n            \"id\": \"/subscriptions/00000000-0000-0000-0000-000000000000/resourceGroups/cli_test_vmss_set_orchestration_service_state_000001/providers/Microsoft.Network/loadBalancers/lb1/frontendIPConfigurations/LoadBalancerFrontEnd\"\r\n
        \         },\r\n          \"frontendPort\": 80,\r\n          \"backendPort\":
        80,\r\n          \"enableFloatingIP\": false,\r\n          \"idleTimeoutInMinutes\":
        4,\r\n          \"protocol\": \"Tcp\",\r\n          \"enableDestinationServiceEndpoint\":
        false,\r\n          \"enableTcpReset\": false,\r\n          \"allowBackendPortConflict\":
        false,\r\n          \"loadDistribution\": \"Default\",\r\n          \"backendAddressPool\":
        {\r\n            \"id\": \"/subscriptions/00000000-0000-0000-0000-000000000000/resourceGroups/cli_test_vmss_set_orchestration_service_state_000001/providers/Microsoft.Network/loadBalancers/lb1/backendAddressPools/lb1bepool\"\r\n
        \         },\r\n          \"backendAddressPools\": [\r\n            {\r\n
        \             \"id\": \"/subscriptions/00000000-0000-0000-0000-000000000000/resourceGroups/cli_test_vmss_set_orchestration_service_state_000001/providers/Microsoft.Network/loadBalancers/lb1/backendAddressPools/lb1bepool\"\r\n
        \           }\r\n          ],\r\n          \"probe\": {\r\n            \"id\":
        \"/subscriptions/00000000-0000-0000-0000-000000000000/resourceGroups/cli_test_vmss_set_orchestration_service_state_000001/providers/Microsoft.Network/loadBalancers/lb1/probes/probe\"\r\n
        \         }\r\n        }\r\n      }\r\n    ],\r\n    \"probes\": [\r\n      {\r\n
        \       \"name\": \"probe\",\r\n        \"id\": \"/subscriptions/00000000-0000-0000-0000-000000000000/resourceGroups/cli_test_vmss_set_orchestration_service_state_000001/providers/Microsoft.Network/loadBalancers/lb1/probes/probe\",\r\n
        \       \"etag\": \"W/\\\"3389d3c5-3279-4be1-bcc8-0ea4aab78d6b\\\"\",\r\n
        \       \"properties\": {\r\n          \"provisioningState\": \"Succeeded\",\r\n
        \         \"protocol\": \"Tcp\",\r\n          \"port\": 80,\r\n          \"intervalInSeconds\":
        15,\r\n          \"numberOfProbes\": 2,\r\n          \"probeThreshold\": 1,\r\n
        \         \"loadBalancingRules\": [\r\n            {\r\n              \"id\":
        \"/subscriptions/00000000-0000-0000-0000-000000000000/resourceGroups/cli_test_vmss_set_orchestration_service_state_000001/providers/Microsoft.Network/loadBalancers/lb1/loadBalancingRules/lbrule\"\r\n
        \           }\r\n          ]\r\n        },\r\n        \"type\": \"Microsoft.Network/loadBalancers/probes\"\r\n
        \     }\r\n    ],\r\n    \"inboundNatRules\": [],\r\n    \"inboundNatPools\":
        []\r\n  },\r\n  \"sku\": {\r\n    \"name\": \"Basic\",\r\n    \"tier\": \"Regional\"\r\n
        \ }\r\n}"
    headers:
      cache-control:
      - no-cache
      content-length:
      - '5391'
      content-type:
      - application/json; charset=utf-8
      date:
      - Tue, 26 Sep 2023 14:01:10 GMT
      etag:
      - W/"3389d3c5-3279-4be1-bcc8-0ea4aab78d6b"
      expires:
      - '-1'
      pragma:
      - no-cache
      server:
      - Microsoft-HTTPAPI/2.0
      - Microsoft-HTTPAPI/2.0
      strict-transport-security:
      - max-age=31536000; includeSubDomains
      transfer-encoding:
      - chunked
      vary:
      - Accept-Encoding
      x-content-type-options:
      - nosniff
      x-ms-arm-service-request-id:
      - ad76c41c-4065-4552-8356-8676826fd213
    status:
      code: 200
      message: ''
- request:
    body: null
    headers:
      Accept:
      - application/json
      Accept-Encoding:
      - gzip, deflate
      CommandName:
      - vmss create
      Connection:
      - keep-alive
      ParameterSetName:
      - -g -n --image --load-balancer --health-probe --automatic-repairs-grace-period
        --admin-username
      User-Agent:
      - AZURECLI/2.53.0 (AAZ) azsdk-python-core/1.26.0 Python/3.10.13 (Linux-5.15.0-1046-azure-x86_64-with-glibc2.31)
        VSTS_7b238909-6802-4b65-b90d-184bca47f458_build_220_0
    method: GET
    uri: https://management.azure.com/subscriptions/00000000-0000-0000-0000-000000000000/resourceGroups/cli_test_vmss_set_orchestration_service_state_000001/providers/Microsoft.Network/loadBalancers/lb1?api-version=2022-01-01
  response:
    body:
      string: "{\r\n  \"name\": \"lb1\",\r\n  \"id\": \"/subscriptions/00000000-0000-0000-0000-000000000000/resourceGroups/cli_test_vmss_set_orchestration_service_state_000001/providers/Microsoft.Network/loadBalancers/lb1\",\r\n
        \ \"etag\": \"W/\\\"3389d3c5-3279-4be1-bcc8-0ea4aab78d6b\\\"\",\r\n  \"type\":
        \"Microsoft.Network/loadBalancers\",\r\n  \"location\": \"westus\",\r\n  \"tags\":
        {},\r\n  \"properties\": {\r\n    \"provisioningState\": \"Succeeded\",\r\n
        \   \"resourceGuid\": \"39ad4698-75eb-4420-990a-d3d942e1198c\",\r\n    \"frontendIPConfigurations\":
        [\r\n      {\r\n        \"name\": \"LoadBalancerFrontEnd\",\r\n        \"id\":
        \"/subscriptions/00000000-0000-0000-0000-000000000000/resourceGroups/cli_test_vmss_set_orchestration_service_state_000001/providers/Microsoft.Network/loadBalancers/lb1/frontendIPConfigurations/LoadBalancerFrontEnd\",\r\n
        \       \"etag\": \"W/\\\"3389d3c5-3279-4be1-bcc8-0ea4aab78d6b\\\"\",\r\n
        \       \"type\": \"Microsoft.Network/loadBalancers/frontendIPConfigurations\",\r\n
        \       \"properties\": {\r\n          \"provisioningState\": \"Succeeded\",\r\n
        \         \"privateIPAllocationMethod\": \"Dynamic\",\r\n          \"publicIPAddress\":
        {\r\n            \"id\": \"/subscriptions/00000000-0000-0000-0000-000000000000/resourceGroups/cli_test_vmss_set_orchestration_service_state_000001/providers/Microsoft.Network/publicIPAddresses/PublicIPlb1\"\r\n
        \         },\r\n          \"loadBalancingRules\": [\r\n            {\r\n              \"id\":
        \"/subscriptions/00000000-0000-0000-0000-000000000000/resourceGroups/cli_test_vmss_set_orchestration_service_state_000001/providers/Microsoft.Network/loadBalancers/lb1/loadBalancingRules/lbrule\"\r\n
        \           }\r\n          ]\r\n        }\r\n      }\r\n    ],\r\n    \"backendAddressPools\":
        [\r\n      {\r\n        \"name\": \"lb1bepool\",\r\n        \"id\": \"/subscriptions/00000000-0000-0000-0000-000000000000/resourceGroups/cli_test_vmss_set_orchestration_service_state_000001/providers/Microsoft.Network/loadBalancers/lb1/backendAddressPools/lb1bepool\",\r\n
        \       \"etag\": \"W/\\\"3389d3c5-3279-4be1-bcc8-0ea4aab78d6b\\\"\",\r\n
        \       \"properties\": {\r\n          \"provisioningState\": \"Succeeded\",\r\n
        \         \"loadBalancingRules\": [\r\n            {\r\n              \"id\":
        \"/subscriptions/00000000-0000-0000-0000-000000000000/resourceGroups/cli_test_vmss_set_orchestration_service_state_000001/providers/Microsoft.Network/loadBalancers/lb1/loadBalancingRules/lbrule\"\r\n
        \           }\r\n          ]\r\n        },\r\n        \"type\": \"Microsoft.Network/loadBalancers/backendAddressPools\"\r\n
        \     }\r\n    ],\r\n    \"loadBalancingRules\": [\r\n      {\r\n        \"name\":
        \"lbrule\",\r\n        \"id\": \"/subscriptions/00000000-0000-0000-0000-000000000000/resourceGroups/cli_test_vmss_set_orchestration_service_state_000001/providers/Microsoft.Network/loadBalancers/lb1/loadBalancingRules/lbrule\",\r\n
        \       \"etag\": \"W/\\\"3389d3c5-3279-4be1-bcc8-0ea4aab78d6b\\\"\",\r\n
        \       \"type\": \"Microsoft.Network/loadBalancers/loadBalancingRules\",\r\n
        \       \"properties\": {\r\n          \"provisioningState\": \"Succeeded\",\r\n
        \         \"frontendIPConfiguration\": {\r\n            \"id\": \"/subscriptions/00000000-0000-0000-0000-000000000000/resourceGroups/cli_test_vmss_set_orchestration_service_state_000001/providers/Microsoft.Network/loadBalancers/lb1/frontendIPConfigurations/LoadBalancerFrontEnd\"\r\n
        \         },\r\n          \"frontendPort\": 80,\r\n          \"backendPort\":
        80,\r\n          \"enableFloatingIP\": false,\r\n          \"idleTimeoutInMinutes\":
        4,\r\n          \"protocol\": \"Tcp\",\r\n          \"enableDestinationServiceEndpoint\":
        false,\r\n          \"enableTcpReset\": false,\r\n          \"allowBackendPortConflict\":
        false,\r\n          \"loadDistribution\": \"Default\",\r\n          \"backendAddressPool\":
        {\r\n            \"id\": \"/subscriptions/00000000-0000-0000-0000-000000000000/resourceGroups/cli_test_vmss_set_orchestration_service_state_000001/providers/Microsoft.Network/loadBalancers/lb1/backendAddressPools/lb1bepool\"\r\n
        \         },\r\n          \"backendAddressPools\": [\r\n            {\r\n
        \             \"id\": \"/subscriptions/00000000-0000-0000-0000-000000000000/resourceGroups/cli_test_vmss_set_orchestration_service_state_000001/providers/Microsoft.Network/loadBalancers/lb1/backendAddressPools/lb1bepool\"\r\n
        \           }\r\n          ],\r\n          \"probe\": {\r\n            \"id\":
        \"/subscriptions/00000000-0000-0000-0000-000000000000/resourceGroups/cli_test_vmss_set_orchestration_service_state_000001/providers/Microsoft.Network/loadBalancers/lb1/probes/probe\"\r\n
        \         }\r\n        }\r\n      }\r\n    ],\r\n    \"probes\": [\r\n      {\r\n
        \       \"name\": \"probe\",\r\n        \"id\": \"/subscriptions/00000000-0000-0000-0000-000000000000/resourceGroups/cli_test_vmss_set_orchestration_service_state_000001/providers/Microsoft.Network/loadBalancers/lb1/probes/probe\",\r\n
        \       \"etag\": \"W/\\\"3389d3c5-3279-4be1-bcc8-0ea4aab78d6b\\\"\",\r\n
        \       \"properties\": {\r\n          \"provisioningState\": \"Succeeded\",\r\n
        \         \"protocol\": \"Tcp\",\r\n          \"port\": 80,\r\n          \"intervalInSeconds\":
        15,\r\n          \"numberOfProbes\": 2,\r\n          \"probeThreshold\": 1,\r\n
        \         \"loadBalancingRules\": [\r\n            {\r\n              \"id\":
        \"/subscriptions/00000000-0000-0000-0000-000000000000/resourceGroups/cli_test_vmss_set_orchestration_service_state_000001/providers/Microsoft.Network/loadBalancers/lb1/loadBalancingRules/lbrule\"\r\n
        \           }\r\n          ]\r\n        },\r\n        \"type\": \"Microsoft.Network/loadBalancers/probes\"\r\n
        \     }\r\n    ],\r\n    \"inboundNatRules\": [],\r\n    \"inboundNatPools\":
        []\r\n  },\r\n  \"sku\": {\r\n    \"name\": \"Basic\",\r\n    \"tier\": \"Regional\"\r\n
        \ }\r\n}"
    headers:
      cache-control:
      - no-cache
      content-length:
      - '5391'
      content-type:
      - application/json; charset=utf-8
      date:
      - Tue, 26 Sep 2023 14:01:11 GMT
      etag:
      - W/"3389d3c5-3279-4be1-bcc8-0ea4aab78d6b"
      expires:
      - '-1'
      pragma:
      - no-cache
      server:
      - Microsoft-HTTPAPI/2.0
      - Microsoft-HTTPAPI/2.0
      strict-transport-security:
      - max-age=31536000; includeSubDomains
      transfer-encoding:
      - chunked
      vary:
      - Accept-Encoding
      x-content-type-options:
      - nosniff
      x-ms-arm-service-request-id:
      - cacb9042-17d5-4099-b051-0ff8430e6b49
    status:
      code: 200
      message: OK
- request:
    body: null
    headers:
      Accept:
      - application/json
      Accept-Encoding:
      - gzip, deflate
      CommandName:
      - vmss create
      Connection:
      - keep-alive
      ParameterSetName:
      - -g -n --image --load-balancer --health-probe --automatic-repairs-grace-period
        --admin-username
      User-Agent:
      - AZURECLI/2.53.0 azsdk-python-azure-mgmt-compute/30.2.0 Python/3.10.13 (Linux-5.15.0-1046-azure-x86_64-with-glibc2.31)
        VSTS_7b238909-6802-4b65-b90d-184bca47f458_build_220_0
    method: GET
    uri: https://management.azure.com/subscriptions/00000000-0000-0000-0000-000000000000/providers/Microsoft.Compute/locations/westus/publishers/Canonical/artifacttypes/vmimage/offers/UbuntuServer/skus/18.04-LTS/versions?$top=1&$orderby=name%20desc&api-version=2022-11-01
  response:
    body:
      string: "[\r\n  {\r\n    \"location\": \"westus\",\r\n    \"name\": \"18.04.202306070\",\r\n
        \   \"id\": \"/Subscriptions/00000000-0000-0000-0000-000000000000/Providers/Microsoft.Compute/Locations/westus/Publishers/Canonical/ArtifactTypes/VMImage/Offers/UbuntuServer/Skus/18.04-LTS/Versions/18.04.202306070\"\r\n
        \ }\r\n]"
    headers:
      cache-control:
      - no-cache
      content-length:
      - '286'
      content-type:
      - application/json; charset=utf-8
      date:
      - Tue, 26 Sep 2023 14:01:12 GMT
      expires:
      - '-1'
      pragma:
      - no-cache
      server:
      - Microsoft-HTTPAPI/2.0
      - Microsoft-HTTPAPI/2.0
      strict-transport-security:
      - max-age=31536000; includeSubDomains
      x-content-type-options:
      - nosniff
      x-ms-ratelimit-remaining-resource:
      - Microsoft.Compute/ListVMImagesVersionsFromLocation3Min;15996,Microsoft.Compute/ListVMImagesVersionsFromLocation30Min;43978
    status:
      code: 200
      message: OK
- request:
    body: null
    headers:
      Accept:
      - application/json
      Accept-Encoding:
      - gzip, deflate
      CommandName:
      - vmss create
      Connection:
      - keep-alive
      ParameterSetName:
      - -g -n --image --load-balancer --health-probe --automatic-repairs-grace-period
        --admin-username
      User-Agent:
      - AZURECLI/2.53.0 azsdk-python-azure-mgmt-compute/30.2.0 Python/3.10.13 (Linux-5.15.0-1046-azure-x86_64-with-glibc2.31)
        VSTS_7b238909-6802-4b65-b90d-184bca47f458_build_220_0
    method: GET
    uri: https://management.azure.com/subscriptions/00000000-0000-0000-0000-000000000000/providers/Microsoft.Compute/locations/westus/publishers/Canonical/artifacttypes/vmimage/offers/UbuntuServer/skus/18.04-LTS/versions/18.04.202306070?api-version=2022-11-01
  response:
    body:
      string: "{\r\n  \"properties\": {\r\n    \"hyperVGeneration\": \"V1\",\r\n    \"architecture\":
        \"x64\",\r\n    \"replicaType\": \"Unmanaged\",\r\n    \"disallowed\": {\r\n
        \     \"vmDiskType\": \"None\"\r\n    },\r\n    \"automaticOSUpgradeProperties\":
        {\r\n      \"automaticOSUpgradeSupported\": true\r\n    },\r\n    \"imageDeprecationStatus\":
        {\r\n      \"imageState\": \"Active\"\r\n    },\r\n    \"features\": [\r\n
        \     {\r\n        \"name\": \"IsAcceleratedNetworkSupported\",\r\n        \"value\":
        \"True\"\r\n      },\r\n      {\r\n        \"name\": \"DiskControllerTypes\",\r\n
        \       \"value\": \"SCSI, NVMe\"\r\n      },\r\n      {\r\n        \"name\":
        \"IsHibernateSupported\",\r\n        \"value\": \"True\"\r\n      }\r\n    ],\r\n
        \   \"osDiskImage\": {\r\n      \"operatingSystem\": \"Linux\",\r\n      \"sizeInBytes\":
        32213303808\r\n    },\r\n    \"dataDiskImages\": []\r\n  },\r\n  \"location\":
        \"westus\",\r\n  \"name\": \"18.04.202306070\",\r\n  \"id\": \"/Subscriptions/00000000-0000-0000-0000-000000000000/Providers/Microsoft.Compute/Locations/westus/Publishers/Canonical/ArtifactTypes/VMImage/Offers/UbuntuServer/Skus/18.04-LTS/Versions/18.04.202306070\"\r\n}"
    headers:
      cache-control:
      - no-cache
      content-length:
      - '1025'
      content-type:
      - application/json; charset=utf-8
      date:
      - Tue, 26 Sep 2023 14:01:12 GMT
      expires:
      - '-1'
      pragma:
      - no-cache
      server:
      - Microsoft-HTTPAPI/2.0
      - Microsoft-HTTPAPI/2.0
      strict-transport-security:
      - max-age=31536000; includeSubDomains
      x-content-type-options:
      - nosniff
      x-ms-ratelimit-remaining-resource:
      - Microsoft.Compute/GetVMImageFromLocation3Min;12998,Microsoft.Compute/GetVMImageFromLocation30Min;73984
    status:
      code: 200
      message: OK
- request:
    body: null
    headers:
      Accept:
      - application/json
      Accept-Encoding:
      - gzip, deflate
      CommandName:
      - vmss create
      Connection:
      - keep-alive
      ParameterSetName:
      - -g -n --image --load-balancer --health-probe --automatic-repairs-grace-period
        --admin-username
      User-Agent:
      - AZURECLI/2.53.0 azsdk-python-azure-mgmt-compute/30.2.0 Python/3.10.13 (Linux-5.15.0-1046-azure-x86_64-with-glibc2.31)
        VSTS_7b238909-6802-4b65-b90d-184bca47f458_build_220_0
    method: GET
    uri: https://management.azure.com/subscriptions/00000000-0000-0000-0000-000000000000/providers/Microsoft.Compute/locations/westus/publishers/Canonical/artifacttypes/vmimage/offers/UbuntuServer/skus/18.04-LTS/versions?$top=1&$orderby=name%20desc&api-version=2022-11-01
  response:
    body:
      string: "[\r\n  {\r\n    \"location\": \"westus\",\r\n    \"name\": \"18.04.202306070\",\r\n
        \   \"id\": \"/Subscriptions/00000000-0000-0000-0000-000000000000/Providers/Microsoft.Compute/Locations/westus/Publishers/Canonical/ArtifactTypes/VMImage/Offers/UbuntuServer/Skus/18.04-LTS/Versions/18.04.202306070\"\r\n
        \ }\r\n]"
    headers:
      cache-control:
      - no-cache
      content-length:
      - '286'
      content-type:
      - application/json; charset=utf-8
      date:
      - Tue, 26 Sep 2023 14:01:12 GMT
      expires:
      - '-1'
      pragma:
      - no-cache
      server:
      - Microsoft-HTTPAPI/2.0
      - Microsoft-HTTPAPI/2.0
      strict-transport-security:
      - max-age=31536000; includeSubDomains
      transfer-encoding:
      - chunked
      vary:
      - Accept-Encoding
      x-content-type-options:
      - nosniff
      x-ms-ratelimit-remaining-resource:
      - Microsoft.Compute/ListVMImagesVersionsFromLocation3Min;15995,Microsoft.Compute/ListVMImagesVersionsFromLocation30Min;43977
    status:
      code: 200
      message: OK
- request:
    body: null
    headers:
      Accept:
      - application/json
      Accept-Encoding:
      - gzip, deflate
      CommandName:
      - vmss create
      Connection:
      - keep-alive
      ParameterSetName:
      - -g -n --image --load-balancer --health-probe --automatic-repairs-grace-period
        --admin-username
      User-Agent:
      - AZURECLI/2.53.0 azsdk-python-azure-mgmt-compute/30.2.0 Python/3.10.13 (Linux-5.15.0-1046-azure-x86_64-with-glibc2.31)
        VSTS_7b238909-6802-4b65-b90d-184bca47f458_build_220_0
    method: GET
    uri: https://management.azure.com/subscriptions/00000000-0000-0000-0000-000000000000/providers/Microsoft.Compute/locations/westus/publishers/Canonical/artifacttypes/vmimage/offers/UbuntuServer/skus/18.04-LTS/versions/18.04.202306070?api-version=2022-11-01
  response:
    body:
      string: "{\r\n  \"properties\": {\r\n    \"hyperVGeneration\": \"V1\",\r\n    \"architecture\":
        \"x64\",\r\n    \"replicaType\": \"Unmanaged\",\r\n    \"disallowed\": {\r\n
        \     \"vmDiskType\": \"None\"\r\n    },\r\n    \"automaticOSUpgradeProperties\":
        {\r\n      \"automaticOSUpgradeSupported\": true\r\n    },\r\n    \"imageDeprecationStatus\":
        {\r\n      \"imageState\": \"Active\"\r\n    },\r\n    \"features\": [\r\n
        \     {\r\n        \"name\": \"IsAcceleratedNetworkSupported\",\r\n        \"value\":
        \"True\"\r\n      },\r\n      {\r\n        \"name\": \"DiskControllerTypes\",\r\n
        \       \"value\": \"SCSI, NVMe\"\r\n      },\r\n      {\r\n        \"name\":
        \"IsHibernateSupported\",\r\n        \"value\": \"True\"\r\n      }\r\n    ],\r\n
        \   \"osDiskImage\": {\r\n      \"operatingSystem\": \"Linux\",\r\n      \"sizeInBytes\":
        32213303808\r\n    },\r\n    \"dataDiskImages\": []\r\n  },\r\n  \"location\":
        \"westus\",\r\n  \"name\": \"18.04.202306070\",\r\n  \"id\": \"/Subscriptions/00000000-0000-0000-0000-000000000000/Providers/Microsoft.Compute/Locations/westus/Publishers/Canonical/ArtifactTypes/VMImage/Offers/UbuntuServer/Skus/18.04-LTS/Versions/18.04.202306070\"\r\n}"
    headers:
      cache-control:
      - no-cache
      content-length:
      - '1025'
      content-type:
      - application/json; charset=utf-8
      date:
      - Tue, 26 Sep 2023 14:01:13 GMT
      expires:
      - '-1'
      pragma:
      - no-cache
      server:
      - Microsoft-HTTPAPI/2.0
      - Microsoft-HTTPAPI/2.0
      strict-transport-security:
      - max-age=31536000; includeSubDomains
      x-content-type-options:
      - nosniff
      x-ms-ratelimit-remaining-resource:
      - Microsoft.Compute/GetVMImageFromLocation3Min;12997,Microsoft.Compute/GetVMImageFromLocation30Min;73983
    status:
      code: 200
      message: OK
- request:
    body: '{"properties": {"template": {"$schema": "https://schema.management.azure.com/schemas/2015-01-01/deploymentTemplate.json#",
      "contentVersion": "1.0.0.0", "parameters": {}, "variables": {}, "resources":
      [{"name": "vmss1VNET", "type": "Microsoft.Network/virtualNetworks", "location":
      "westus", "apiVersion": "2015-06-15", "dependsOn": [], "tags": {}, "properties":
      {"addressSpace": {"addressPrefixes": ["10.0.0.0/16"]}, "subnets": [{"name":
      "vmss1Subnet", "properties": {"addressPrefix": "10.0.0.0/24"}}]}}, {"type":
      "Microsoft.Compute/virtualMachineScaleSets", "name": "vmss1", "location": "westus",
      "tags": {}, "apiVersion": "2023-07-01", "dependsOn": ["Microsoft.Network/virtualNetworks/vmss1VNET"],
      "properties": {"overprovision": true, "upgradePolicy": {"mode": "manual", "rollingUpgradePolicy":
      {}}, "singlePlacementGroup": null, "automaticRepairsPolicy": {"enabled": "true",
      "gracePeriod": "PT30M", "repairAction": "Replace"}, "virtualMachineProfile":
      {"storageProfile": {"osDisk": {"createOption": "FromImage", "caching": "ReadWrite",
      "managedDisk": {"storageAccountType": null}}, "imageReference": {"publisher":
      "Canonical", "offer": "UbuntuServer", "sku": "18.04-LTS", "version": "latest"}},
      "osProfile": {"computerNamePrefix": "vmss1753a", "adminUsername": "azureuser",
      "linuxConfiguration": {"disablePasswordAuthentication": true, "ssh": {"publicKeys":
      [{"path": "/home/azureuser/.ssh/authorized_keys", "keyData": "ssh-rsa AAAAB3NzaC1yc2EAAAADAQABAAABAQC9oct+HU9mLDTVXiGJaxm6yvnUvwDeVZvGnW1+n3sOaUGLgTg2bk0/BemUjEWPt4WVeGXdTq+CzLNMMtzU1M0uSe5zaaAqlJUHiUt2zSwab+GNdiRf7Y5hIZKZkoTAgEH6R4NONHHE7eIN+7TpZIDXkb199cE9EGoAKPjfHd8+4svfXVAOV4mx9rQsKIUQ7tjhip6kkP+2FqWHrIYlOPDYxs30fKauYVn07GYRplNbAOvWnsIm6ghnYpNmoDOxQhQ0rCA0WhtOLVejn2/0WjI72wA9d3EoNnrR4n78aT3Fq6Qa248Uxk6eXKGAK8KpJ5ZGQT3sroJ/HQCSRP/rVdUh"}]}}},
      "networkProfile": {"networkInterfaceConfigurations": [{"name": "vmss1753aNic",
      "properties": {"ipConfigurations": [{"name": "vmss1753aIPConfig", "properties":
      {"subnet": {"id": "/subscriptions/00000000-0000-0000-0000-000000000000/resourceGroups/cli_test_vmss_set_orchestration_service_state_000001/providers/Microsoft.Network/virtualNetworks/vmss1VNET/subnets/vmss1Subnet"},
      "loadBalancerBackendAddressPools": [{"id": "/subscriptions/00000000-0000-0000-0000-000000000000/resourceGroups/cli_test_vmss_set_orchestration_service_state_000001/providers/Microsoft.Network/loadBalancers/lb1/backendAddressPools/lb1bepool"}]}}],
      "primary": "true"}}], "healthProbe": {"id": "/subscriptions/00000000-0000-0000-0000-000000000000/resourceGroups/cli_test_vmss_set_orchestration_service_state_000001/providers/Microsoft.Network/loadBalancers/lb1/probes/probe"}}},
      "orchestrationMode": "Uniform"}, "sku": {"name": "Standard_DS1_v2", "capacity":
      2}}], "outputs": {"VMSS": {"type": "object", "value": "[reference(resourceId(''Microsoft.Compute/virtualMachineScaleSets'',
      ''vmss1''),providers(''Microsoft.Compute'', ''virtualMachineScaleSets'').apiVersions[0])]"}}},
      "parameters": {}, "mode": "incremental"}}'
    headers:
      Accept:
      - application/json
      Accept-Encoding:
      - gzip, deflate
      CommandName:
      - vmss create
      Connection:
      - keep-alive
      Content-Length:
      - '2994'
      Content-Type:
      - application/json
      ParameterSetName:
      - -g -n --image --load-balancer --health-probe --automatic-repairs-grace-period
        --admin-username
      User-Agent:
      - AZURECLI/2.53.0 azsdk-python-azure-mgmt-resource/23.1.0b2 Python/3.10.13 (Linux-5.15.0-1046-azure-x86_64-with-glibc2.31)
        VSTS_7b238909-6802-4b65-b90d-184bca47f458_build_220_0
    method: PUT
    uri: https://management.azure.com/subscriptions/00000000-0000-0000-0000-000000000000/resourcegroups/cli_test_vmss_set_orchestration_service_state_000001/providers/Microsoft.Resources/deployments/mock-deployment?api-version=2022-09-01
  response:
    body:
      string: '{"id":"/subscriptions/00000000-0000-0000-0000-000000000000/resourceGroups/cli_test_vmss_set_orchestration_service_state_000001/providers/Microsoft.Resources/deployments/vmss_deploy_P5ysyezOPNUf2jqtXStRODKhRzQFgL5d","name":"vmss_deploy_P5ysyezOPNUf2jqtXStRODKhRzQFgL5d","type":"Microsoft.Resources/deployments","properties":{"templateHash":"8910577685633717967","parameters":{},"mode":"Incremental","provisioningState":"Accepted","timestamp":"2023-09-26T14:01:19.2942844Z","duration":"PT0.0003672S","correlationId":"aadec619-7c45-41c8-8507-cc17caebbf65","providers":[{"namespace":"Microsoft.Network","resourceTypes":[{"resourceType":"virtualNetworks","locations":["westus"]}]},{"namespace":"Microsoft.Compute","resourceTypes":[{"resourceType":"virtualMachineScaleSets","locations":["westus"]}]}],"dependencies":[{"dependsOn":[{"id":"/subscriptions/00000000-0000-0000-0000-000000000000/resourceGroups/cli_test_vmss_set_orchestration_service_state_000001/providers/Microsoft.Network/virtualNetworks/vmss1VNET","resourceType":"Microsoft.Network/virtualNetworks","resourceName":"vmss1VNET"}],"id":"/subscriptions/00000000-0000-0000-0000-000000000000/resourceGroups/cli_test_vmss_set_orchestration_service_state_000001/providers/Microsoft.Compute/virtualMachineScaleSets/vmss1","resourceType":"Microsoft.Compute/virtualMachineScaleSets","resourceName":"vmss1"}]}}'
    headers:
      azure-asyncoperation:
      - https://management.azure.com/subscriptions/00000000-0000-0000-0000-000000000000/resourcegroups/cli_test_vmss_set_orchestration_service_state_000001/providers/Microsoft.Resources/deployments/vmss_deploy_P5ysyezOPNUf2jqtXStRODKhRzQFgL5d/operationStatuses/08585058700075804125?api-version=2022-09-01
      cache-control:
      - no-cache
      content-length:
      - '1357'
      content-type:
      - application/json; charset=utf-8
      date:
      - Tue, 26 Sep 2023 14:01:19 GMT
      expires:
      - '-1'
      pragma:
      - no-cache
      strict-transport-security:
      - max-age=31536000; includeSubDomains
      x-content-type-options:
      - nosniff
      x-ms-ratelimit-remaining-subscription-writes:
      - '1199'
    status:
      code: 201
      message: Created
- request:
    body: null
    headers:
      Accept:
      - '*/*'
      Accept-Encoding:
      - gzip, deflate
      CommandName:
      - vmss create
      Connection:
      - keep-alive
      ParameterSetName:
      - -g -n --image --load-balancer --health-probe --automatic-repairs-grace-period
        --admin-username
      User-Agent:
      - AZURECLI/2.53.0 azsdk-python-azure-mgmt-resource/23.1.0b2 Python/3.10.13 (Linux-5.15.0-1046-azure-x86_64-with-glibc2.31)
        VSTS_7b238909-6802-4b65-b90d-184bca47f458_build_220_0
    method: GET
    uri: https://management.azure.com/subscriptions/00000000-0000-0000-0000-000000000000/resourcegroups/cli_test_vmss_set_orchestration_service_state_000001/providers/Microsoft.Resources/deployments/mock-deployment/operationStatuses/08585058700075804125?api-version=2022-09-01
  response:
    body:
      string: '{"status":"Accepted"}'
    headers:
      cache-control:
      - no-cache
      content-length:
      - '21'
      content-type:
      - application/json; charset=utf-8
      date:
      - Tue, 26 Sep 2023 14:01:20 GMT
      expires:
      - '-1'
      pragma:
      - no-cache
      strict-transport-security:
      - max-age=31536000; includeSubDomains
      x-content-type-options:
      - nosniff
    status:
      code: 200
      message: OK
- request:
    body: null
    headers:
      Accept:
      - '*/*'
      Accept-Encoding:
      - gzip, deflate
      CommandName:
      - vmss create
      Connection:
      - keep-alive
      ParameterSetName:
      - -g -n --image --load-balancer --health-probe --automatic-repairs-grace-period
        --admin-username
      User-Agent:
      - AZURECLI/2.53.0 azsdk-python-azure-mgmt-resource/23.1.0b2 Python/3.10.13 (Linux-5.15.0-1046-azure-x86_64-with-glibc2.31)
        VSTS_7b238909-6802-4b65-b90d-184bca47f458_build_220_0
    method: GET
    uri: https://management.azure.com/subscriptions/00000000-0000-0000-0000-000000000000/resourcegroups/cli_test_vmss_set_orchestration_service_state_000001/providers/Microsoft.Resources/deployments/mock-deployment/operationStatuses/08585058700075804125?api-version=2022-09-01
  response:
    body:
      string: '{"status":"Running"}'
    headers:
      cache-control:
      - no-cache
      content-length:
      - '20'
      content-type:
      - application/json; charset=utf-8
      date:
      - Tue, 26 Sep 2023 14:01:50 GMT
      expires:
      - '-1'
      pragma:
      - no-cache
      strict-transport-security:
      - max-age=31536000; includeSubDomains
      x-content-type-options:
      - nosniff
    status:
      code: 200
      message: OK
- request:
    body: null
    headers:
      Accept:
      - '*/*'
      Accept-Encoding:
      - gzip, deflate
      CommandName:
      - vmss create
      Connection:
      - keep-alive
      ParameterSetName:
      - -g -n --image --load-balancer --health-probe --automatic-repairs-grace-period
        --admin-username
      User-Agent:
      - AZURECLI/2.53.0 azsdk-python-azure-mgmt-resource/23.1.0b2 Python/3.10.13 (Linux-5.15.0-1046-azure-x86_64-with-glibc2.31)
        VSTS_7b238909-6802-4b65-b90d-184bca47f458_build_220_0
    method: GET
    uri: https://management.azure.com/subscriptions/00000000-0000-0000-0000-000000000000/resourcegroups/cli_test_vmss_set_orchestration_service_state_000001/providers/Microsoft.Resources/deployments/mock-deployment/operationStatuses/08585058700075804125?api-version=2022-09-01
  response:
    body:
      string: '{"status":"Succeeded"}'
    headers:
      cache-control:
      - no-cache
      content-length:
      - '22'
      content-type:
      - application/json; charset=utf-8
      date:
      - Tue, 26 Sep 2023 14:02:21 GMT
      expires:
      - '-1'
      pragma:
      - no-cache
      strict-transport-security:
      - max-age=31536000; includeSubDomains
      x-content-type-options:
      - nosniff
    status:
      code: 200
      message: OK
- request:
    body: null
    headers:
      Accept:
      - '*/*'
      Accept-Encoding:
      - gzip, deflate
      CommandName:
      - vmss create
      Connection:
      - keep-alive
      ParameterSetName:
      - -g -n --image --load-balancer --health-probe --automatic-repairs-grace-period
        --admin-username
      User-Agent:
      - AZURECLI/2.53.0 azsdk-python-azure-mgmt-resource/23.1.0b2 Python/3.10.13 (Linux-5.15.0-1046-azure-x86_64-with-glibc2.31)
        VSTS_7b238909-6802-4b65-b90d-184bca47f458_build_220_0
    method: GET
    uri: https://management.azure.com/subscriptions/00000000-0000-0000-0000-000000000000/resourcegroups/cli_test_vmss_set_orchestration_service_state_000001/providers/Microsoft.Resources/deployments/mock-deployment?api-version=2022-09-01
  response:
    body:
      string: '{"id":"/subscriptions/00000000-0000-0000-0000-000000000000/resourceGroups/cli_test_vmss_set_orchestration_service_state_000001/providers/Microsoft.Resources/deployments/vmss_deploy_P5ysyezOPNUf2jqtXStRODKhRzQFgL5d","name":"vmss_deploy_P5ysyezOPNUf2jqtXStRODKhRzQFgL5d","type":"Microsoft.Resources/deployments","properties":{"templateHash":"8910577685633717967","parameters":{},"mode":"Incremental","provisioningState":"Succeeded","timestamp":"2023-09-26T14:02:05.0855318Z","duration":"PT45.7916146S","correlationId":"aadec619-7c45-41c8-8507-cc17caebbf65","providers":[{"namespace":"Microsoft.Network","resourceTypes":[{"resourceType":"virtualNetworks","locations":["westus"]}]},{"namespace":"Microsoft.Compute","resourceTypes":[{"resourceType":"virtualMachineScaleSets","locations":["westus"]}]}],"dependencies":[{"dependsOn":[{"id":"/subscriptions/00000000-0000-0000-0000-000000000000/resourceGroups/cli_test_vmss_set_orchestration_service_state_000001/providers/Microsoft.Network/virtualNetworks/vmss1VNET","resourceType":"Microsoft.Network/virtualNetworks","resourceName":"vmss1VNET"}],"id":"/subscriptions/00000000-0000-0000-0000-000000000000/resourceGroups/cli_test_vmss_set_orchestration_service_state_000001/providers/Microsoft.Compute/virtualMachineScaleSets/vmss1","resourceType":"Microsoft.Compute/virtualMachineScaleSets","resourceName":"vmss1"}],"outputs":{"vmss":{"type":"Object","value":{"singlePlacementGroup":true,"orchestrationMode":"Uniform","upgradePolicy":{"mode":"Manual","rollingUpgradePolicy":{"maxBatchInstancePercent":20,"maxUnhealthyInstancePercent":20,"maxUnhealthyUpgradedInstancePercent":20,"pauseTimeBetweenBatches":"PT0S","maxSurge":false,"rollbackFailedInstancesOnPolicyBreach":false}},"virtualMachineProfile":{"osProfile":{"computerNamePrefix":"vmss1753a","adminUsername":"azureuser","linuxConfiguration":{"disablePasswordAuthentication":true,"ssh":{"publicKeys":[{"path":"/home/azureuser/.ssh/authorized_keys","keyData":"ssh-rsa
        AAAAB3NzaC1yc2EAAAADAQABAAABAQC9oct+HU9mLDTVXiGJaxm6yvnUvwDeVZvGnW1+n3sOaUGLgTg2bk0/BemUjEWPt4WVeGXdTq+CzLNMMtzU1M0uSe5zaaAqlJUHiUt2zSwab+GNdiRf7Y5hIZKZkoTAgEH6R4NONHHE7eIN+7TpZIDXkb199cE9EGoAKPjfHd8+4svfXVAOV4mx9rQsKIUQ7tjhip6kkP+2FqWHrIYlOPDYxs30fKauYVn07GYRplNbAOvWnsIm6ghnYpNmoDOxQhQ0rCA0WhtOLVejn2/0WjI72wA9d3EoNnrR4n78aT3Fq6Qa248Uxk6eXKGAK8KpJ5ZGQT3sroJ/HQCSRP/rVdUh"}]},"provisionVMAgent":true,"enableVMAgentPlatformUpdates":false},"secrets":[],"allowExtensionOperations":true,"requireGuestProvisionSignal":true},"storageProfile":{"osDisk":{"osType":"Linux","createOption":"FromImage","caching":"ReadWrite","managedDisk":{"storageAccountType":"Premium_LRS"},"diskSizeGB":30},"imageReference":{"publisher":"Canonical","offer":"UbuntuServer","sku":"18.04-LTS","version":"latest"}},"networkProfile":{"healthProbe":{"id":"/subscriptions/00000000-0000-0000-0000-000000000000/resourceGroups/cli_test_vmss_set_orchestration_service_state_000001/providers/Microsoft.Network/loadBalancers/lb1/probes/probe"},"networkInterfaceConfigurations":[{"name":"vmss1753aNic","properties":{"primary":true,"disableTcpStateTracking":false,"dnsSettings":{"dnsServers":[]},"enableIPForwarding":false,"ipConfigurations":[{"name":"vmss1753aIPConfig","properties":{"subnet":{"id":"/subscriptions/00000000-0000-0000-0000-000000000000/resourceGroups/cli_test_vmss_set_orchestration_service_state_000001/providers/Microsoft.Network/virtualNetworks/vmss1VNET/subnets/vmss1Subnet"},"privateIPAddressVersion":"IPv4","loadBalancerBackendAddressPools":[{"id":"/subscriptions/00000000-0000-0000-0000-000000000000/resourceGroups/cli_test_vmss_set_orchestration_service_state_000001/providers/Microsoft.Network/loadBalancers/lb1/backendAddressPools/lb1bepool"}]}}]}}]}},"provisioningState":"Succeeded","overprovision":true,"doNotRunExtensionsOnOverprovisionedVMs":false,"uniqueId":"32301aa5-ad7a-4904-bcc0-66d7c7e6cc5e","automaticRepairsPolicy":{"enabled":true,"gracePeriod":"PT30M","repairAction":"Replace"},"timeCreated":"2023-09-26T14:01:28.6451103+00:00"}}},"outputResources":[{"id":"/subscriptions/00000000-0000-0000-0000-000000000000/resourceGroups/cli_test_vmss_set_orchestration_service_state_000001/providers/Microsoft.Compute/virtualMachineScaleSets/vmss1"},{"id":"/subscriptions/00000000-0000-0000-0000-000000000000/resourceGroups/cli_test_vmss_set_orchestration_service_state_000001/providers/Microsoft.Network/virtualNetworks/vmss1VNET"}]}}'
    headers:
      cache-control:
      - no-cache
      content-length:
      - '4385'
      content-type:
      - application/json; charset=utf-8
      date:
      - Tue, 26 Sep 2023 14:02:21 GMT
      expires:
      - '-1'
      pragma:
      - no-cache
      strict-transport-security:
      - max-age=31536000; includeSubDomains
      x-content-type-options:
      - nosniff
    status:
      code: 200
      message: OK
- request:
    body: '{"serviceName": "AutomaticRepairs", "action": "Resume"}'
    headers:
      Accept:
      - application/json
      Accept-Encoding:
      - gzip, deflate
      CommandName:
      - vmss set-orchestration-service-state
      Connection:
      - keep-alive
      Content-Length:
      - '55'
      Content-Type:
      - application/json
      ParameterSetName:
      - -g -n --service-name --action
      User-Agent:
      - AZURECLI/2.53.0 azsdk-python-azure-mgmt-compute/30.2.0 Python/3.10.13 (Linux-5.15.0-1046-azure-x86_64-with-glibc2.31)
        VSTS_7b238909-6802-4b65-b90d-184bca47f458_build_220_0
    method: POST
    uri: https://management.azure.com/subscriptions/00000000-0000-0000-0000-000000000000/resourceGroups/cli_test_vmss_set_orchestration_service_state_000001/providers/Microsoft.Compute/virtualMachineScaleSets/vmss1/setOrchestrationServiceState?api-version=2023-07-01
  response:
    body:
      string: ''
    headers:
      azure-asyncnotification:
      - Enabled
      azure-asyncoperation:
      - https://management.azure.com/subscriptions/00000000-0000-0000-0000-000000000000/providers/Microsoft.Compute/locations/westus/operations/df18d876-7dd3-46a7-8462-55fa66a0a31a?p=571046f6-b640-41c1-86f7-f9f044b5adf9&api-version=2023-07-01
      cache-control:
      - no-cache
      content-length:
      - '0'
      date:
      - Tue, 26 Sep 2023 14:02:21 GMT
      expires:
      - '-1'
      location:
      - https://management.azure.com/subscriptions/00000000-0000-0000-0000-000000000000/providers/Microsoft.Compute/locations/westus/operations/df18d876-7dd3-46a7-8462-55fa66a0a31a?p=571046f6-b640-41c1-86f7-f9f044b5adf9&monitor=true&api-version=2023-07-01
      pragma:
      - no-cache
      server:
      - Microsoft-HTTPAPI/2.0
      - Microsoft-HTTPAPI/2.0
      strict-transport-security:
      - max-age=31536000; includeSubDomains
      x-content-type-options:
      - nosniff
      x-ms-ratelimit-remaining-resource:
      - Microsoft.Compute/VMScaleSetActions3Min;238,Microsoft.Compute/VMScaleSetActions30Min;1197,Microsoft.Compute/VmssQueuedVMOperations;0
      x-ms-ratelimit-remaining-subscription-writes:
      - '1199'
      x-ms-request-charge:
      - '0'
    status:
      code: 202
      message: Accepted
- request:
    body: null
    headers:
      Accept:
      - '*/*'
      Accept-Encoding:
      - gzip, deflate
      CommandName:
      - vmss set-orchestration-service-state
      Connection:
      - keep-alive
      ParameterSetName:
      - -g -n --service-name --action
      User-Agent:
      - AZURECLI/2.53.0 azsdk-python-azure-mgmt-compute/30.2.0 Python/3.10.13 (Linux-5.15.0-1046-azure-x86_64-with-glibc2.31)
        VSTS_7b238909-6802-4b65-b90d-184bca47f458_build_220_0
    method: GET
    uri: https://management.azure.com/subscriptions/00000000-0000-0000-0000-000000000000/providers/Microsoft.Compute/locations/westus/operations/df18d876-7dd3-46a7-8462-55fa66a0a31a?p=571046f6-b640-41c1-86f7-f9f044b5adf9&api-version=2023-07-01
  response:
    body:
      string: "{\r\n  \"startTime\": \"2023-09-26T14:02:22.614374+00:00\",\r\n  \"status\":
        \"InProgress\",\r\n  \"name\": \"df18d876-7dd3-46a7-8462-55fa66a0a31a\"\r\n}"
    headers:
      cache-control:
      - no-cache
      content-length:
      - '133'
      content-type:
      - application/json; charset=utf-8
      date:
      - Tue, 26 Sep 2023 14:02:22 GMT
      expires:
      - '-1'
      pragma:
      - no-cache
      server:
      - Microsoft-HTTPAPI/2.0
      - Microsoft-HTTPAPI/2.0
      strict-transport-security:
      - max-age=31536000; includeSubDomains
      transfer-encoding:
      - chunked
      vary:
      - Accept-Encoding
      x-content-type-options:
      - nosniff
      x-ms-ratelimit-remaining-resource:
      - Microsoft.Compute/GetOperation3Min;14987,Microsoft.Compute/GetOperation30Min;29942
    status:
      code: 200
      message: OK
- request:
    body: null
    headers:
      Accept:
      - '*/*'
      Accept-Encoding:
      - gzip, deflate
      CommandName:
      - vmss set-orchestration-service-state
      Connection:
      - keep-alive
      ParameterSetName:
      - -g -n --service-name --action
      User-Agent:
      - AZURECLI/2.53.0 azsdk-python-azure-mgmt-compute/30.2.0 Python/3.10.13 (Linux-5.15.0-1046-azure-x86_64-with-glibc2.31)
        VSTS_7b238909-6802-4b65-b90d-184bca47f458_build_220_0
    method: GET
    uri: https://management.azure.com/subscriptions/00000000-0000-0000-0000-000000000000/providers/Microsoft.Compute/locations/westus/operations/df18d876-7dd3-46a7-8462-55fa66a0a31a?p=571046f6-b640-41c1-86f7-f9f044b5adf9&api-version=2023-07-01
  response:
    body:
      string: "{\r\n  \"startTime\": \"2023-09-26T14:02:22.614374+00:00\",\r\n  \"endTime\":
        \"2023-09-26T14:02:49.6458825+00:00\",\r\n  \"status\": \"Succeeded\",\r\n
        \ \"name\": \"df18d876-7dd3-46a7-8462-55fa66a0a31a\"\r\n}"
    headers:
      cache-control:
      - no-cache
      content-length:
      - '183'
      content-type:
      - application/json; charset=utf-8
      date:
      - Tue, 26 Sep 2023 14:02:51 GMT
      expires:
      - '-1'
      pragma:
      - no-cache
      server:
      - Microsoft-HTTPAPI/2.0
      - Microsoft-HTTPAPI/2.0
      strict-transport-security:
      - max-age=31536000; includeSubDomains
      transfer-encoding:
      - chunked
      vary:
      - Accept-Encoding
      x-content-type-options:
      - nosniff
      x-ms-ratelimit-remaining-resource:
      - Microsoft.Compute/GetOperation3Min;14988,Microsoft.Compute/GetOperation30Min;29939
    status:
      code: 200
      message: OK
- request:
    body: null
    headers:
      Accept:
      - '*/*'
      Accept-Encoding:
      - gzip, deflate
      CommandName:
      - vmss set-orchestration-service-state
      Connection:
      - keep-alive
      ParameterSetName:
      - -g -n --service-name --action
      User-Agent:
      - AZURECLI/2.53.0 azsdk-python-azure-mgmt-compute/30.2.0 Python/3.10.13 (Linux-5.15.0-1046-azure-x86_64-with-glibc2.31)
        VSTS_7b238909-6802-4b65-b90d-184bca47f458_build_220_0
    method: GET
    uri: https://management.azure.com/subscriptions/00000000-0000-0000-0000-000000000000/providers/Microsoft.Compute/locations/westus/operations/df18d876-7dd3-46a7-8462-55fa66a0a31a?p=571046f6-b640-41c1-86f7-f9f044b5adf9&monitor=true&api-version=2023-07-01
  response:
    body:
      string: ''
    headers:
      cache-control:
      - no-cache
      content-length:
      - '0'
      date:
      - Tue, 26 Sep 2023 14:02:52 GMT
      expires:
      - '-1'
      pragma:
      - no-cache
      server:
      - Microsoft-HTTPAPI/2.0
      - Microsoft-HTTPAPI/2.0
      strict-transport-security:
      - max-age=31536000; includeSubDomains
      x-content-type-options:
      - nosniff
      x-ms-ratelimit-remaining-resource:
      - Microsoft.Compute/GetOperation3Min;14987,Microsoft.Compute/GetOperation30Min;29938
    status:
      code: 200
      message: OK
- request:
    body: '{"serviceName": "AutomaticRepairs", "action": "Suspend"}'
    headers:
      Accept:
      - application/json
      Accept-Encoding:
      - gzip, deflate
      CommandName:
      - vmss set-orchestration-service-state
      Connection:
      - keep-alive
      Content-Length:
      - '56'
      Content-Type:
      - application/json
      ParameterSetName:
      - -g -n --service-name --action
      User-Agent:
      - AZURECLI/2.53.0 azsdk-python-azure-mgmt-compute/30.2.0 Python/3.10.13 (Linux-5.15.0-1046-azure-x86_64-with-glibc2.31)
        VSTS_7b238909-6802-4b65-b90d-184bca47f458_build_220_0
    method: POST
    uri: https://management.azure.com/subscriptions/00000000-0000-0000-0000-000000000000/resourceGroups/cli_test_vmss_set_orchestration_service_state_000001/providers/Microsoft.Compute/virtualMachineScaleSets/vmss1/setOrchestrationServiceState?api-version=2023-07-01
  response:
    body:
      string: ''
    headers:
      azure-asyncnotification:
      - Enabled
      azure-asyncoperation:
      - https://management.azure.com/subscriptions/00000000-0000-0000-0000-000000000000/providers/Microsoft.Compute/locations/westus/operations/b2db36a6-5309-4d52-9bd1-11eea378ba73?p=571046f6-b640-41c1-86f7-f9f044b5adf9&api-version=2023-07-01
      cache-control:
      - no-cache
      content-length:
      - '0'
      date:
      - Tue, 26 Sep 2023 14:02:53 GMT
      expires:
      - '-1'
      location:
      - https://management.azure.com/subscriptions/00000000-0000-0000-0000-000000000000/providers/Microsoft.Compute/locations/westus/operations/b2db36a6-5309-4d52-9bd1-11eea378ba73?p=571046f6-b640-41c1-86f7-f9f044b5adf9&monitor=true&api-version=2023-07-01
      pragma:
      - no-cache
      server:
      - Microsoft-HTTPAPI/2.0
      - Microsoft-HTTPAPI/2.0
      strict-transport-security:
      - max-age=31536000; includeSubDomains
      x-content-type-options:
      - nosniff
      x-ms-ratelimit-remaining-resource:
      - Microsoft.Compute/VMScaleSetActions3Min;238,Microsoft.Compute/VMScaleSetActions30Min;1196,Microsoft.Compute/VmssQueuedVMOperations;0
      x-ms-ratelimit-remaining-subscription-writes:
      - '1198'
      x-ms-request-charge:
      - '0'
    status:
      code: 202
      message: Accepted
- request:
    body: null
    headers:
      Accept:
      - '*/*'
      Accept-Encoding:
      - gzip, deflate
      CommandName:
      - vmss set-orchestration-service-state
      Connection:
      - keep-alive
      ParameterSetName:
      - -g -n --service-name --action
      User-Agent:
      - AZURECLI/2.53.0 azsdk-python-azure-mgmt-compute/30.2.0 Python/3.10.13 (Linux-5.15.0-1046-azure-x86_64-with-glibc2.31)
        VSTS_7b238909-6802-4b65-b90d-184bca47f458_build_220_0
    method: GET
    uri: https://management.azure.com/subscriptions/00000000-0000-0000-0000-000000000000/providers/Microsoft.Compute/locations/westus/operations/b2db36a6-5309-4d52-9bd1-11eea378ba73?p=571046f6-b640-41c1-86f7-f9f044b5adf9&api-version=2023-07-01
  response:
    body:
      string: "{\r\n  \"startTime\": \"2023-09-26T14:02:53.5365464+00:00\",\r\n  \"status\":
        \"InProgress\",\r\n  \"name\": \"b2db36a6-5309-4d52-9bd1-11eea378ba73\"\r\n}"
    headers:
      cache-control:
      - no-cache
      content-length:
      - '134'
      content-type:
      - application/json; charset=utf-8
      date:
      - Tue, 26 Sep 2023 14:02:53 GMT
      expires:
      - '-1'
      pragma:
      - no-cache
      server:
      - Microsoft-HTTPAPI/2.0
      - Microsoft-HTTPAPI/2.0
      strict-transport-security:
      - max-age=31536000; includeSubDomains
      transfer-encoding:
      - chunked
      vary:
      - Accept-Encoding
      x-content-type-options:
      - nosniff
      x-ms-ratelimit-remaining-resource:
      - Microsoft.Compute/GetOperation3Min;14986,Microsoft.Compute/GetOperation30Min;29937
    status:
      code: 200
      message: OK
- request:
    body: null
    headers:
      Accept:
      - '*/*'
      Accept-Encoding:
      - gzip, deflate
      CommandName:
      - vmss set-orchestration-service-state
      Connection:
      - keep-alive
      ParameterSetName:
      - -g -n --service-name --action
      User-Agent:
      - AZURECLI/2.53.0 azsdk-python-azure-mgmt-compute/30.2.0 Python/3.10.13 (Linux-5.15.0-1046-azure-x86_64-with-glibc2.31)
        VSTS_7b238909-6802-4b65-b90d-184bca47f458_build_220_0
    method: GET
    uri: https://management.azure.com/subscriptions/00000000-0000-0000-0000-000000000000/providers/Microsoft.Compute/locations/westus/operations/b2db36a6-5309-4d52-9bd1-11eea378ba73?p=571046f6-b640-41c1-86f7-f9f044b5adf9&api-version=2023-07-01
  response:
    body:
      string: "{\r\n  \"startTime\": \"2023-09-26T14:02:53.5365464+00:00\",\r\n  \"endTime\":
        \"2023-09-26T14:02:53.6928497+00:00\",\r\n  \"status\": \"Succeeded\",\r\n
        \ \"name\": \"b2db36a6-5309-4d52-9bd1-11eea378ba73\"\r\n}"
    headers:
      cache-control:
      - no-cache
      content-length:
      - '184'
      content-type:
      - application/json; charset=utf-8
      date:
      - Tue, 26 Sep 2023 14:03:23 GMT
      expires:
      - '-1'
      pragma:
      - no-cache
      server:
      - Microsoft-HTTPAPI/2.0
      - Microsoft-HTTPAPI/2.0
      strict-transport-security:
      - max-age=31536000; includeSubDomains
      transfer-encoding:
      - chunked
      vary:
      - Accept-Encoding
      x-content-type-options:
      - nosniff
      x-ms-ratelimit-remaining-resource:
      - Microsoft.Compute/GetOperation3Min;14987,Microsoft.Compute/GetOperation30Min;29935
    status:
      code: 200
      message: OK
- request:
    body: null
    headers:
      Accept:
      - '*/*'
      Accept-Encoding:
      - gzip, deflate
      CommandName:
      - vmss set-orchestration-service-state
      Connection:
      - keep-alive
      ParameterSetName:
      - -g -n --service-name --action
      User-Agent:
      - AZURECLI/2.53.0 azsdk-python-azure-mgmt-compute/30.2.0 Python/3.10.13 (Linux-5.15.0-1046-azure-x86_64-with-glibc2.31)
        VSTS_7b238909-6802-4b65-b90d-184bca47f458_build_220_0
    method: GET
    uri: https://management.azure.com/subscriptions/00000000-0000-0000-0000-000000000000/providers/Microsoft.Compute/locations/westus/operations/b2db36a6-5309-4d52-9bd1-11eea378ba73?p=571046f6-b640-41c1-86f7-f9f044b5adf9&monitor=true&api-version=2023-07-01
  response:
    body:
      string: ''
    headers:
      cache-control:
      - no-cache
      content-length:
      - '0'
      date:
      - Tue, 26 Sep 2023 14:03:23 GMT
      expires:
      - '-1'
      pragma:
      - no-cache
      server:
      - Microsoft-HTTPAPI/2.0
      - Microsoft-HTTPAPI/2.0
      strict-transport-security:
      - max-age=31536000; includeSubDomains
      x-content-type-options:
      - nosniff
      x-ms-ratelimit-remaining-resource:
      - Microsoft.Compute/GetOperation3Min;14986,Microsoft.Compute/GetOperation30Min;29934
    status:
      code: 200
      message: OK
- request:
    body: null
    headers:
      Accept:
      - application/json
      Accept-Encoding:
      - gzip, deflate
      CommandName:
      - vmss get-instance-view
      Connection:
      - keep-alive
      ParameterSetName:
      - -g -n
      User-Agent:
      - AZURECLI/2.53.0 azsdk-python-azure-mgmt-compute/30.2.0 Python/3.10.13 (Linux-5.15.0-1046-azure-x86_64-with-glibc2.31)
        VSTS_7b238909-6802-4b65-b90d-184bca47f458_build_220_0
    method: GET
    uri: https://management.azure.com/subscriptions/00000000-0000-0000-0000-000000000000/resourceGroups/cli_test_vmss_set_orchestration_service_state_000001/providers/Microsoft.Compute/virtualMachineScaleSets/vmss1/instanceView?api-version=2023-07-01
  response:
    body:
      string: "{\r\n  \"virtualMachine\": {\r\n    \"statusesSummary\": [\r\n      {\r\n
        \       \"code\": \"ProvisioningState/succeeded\",\r\n        \"count\": 2\r\n
        \     }\r\n    ]\r\n  },\r\n  \"orchestrationServices\": [\r\n    {\r\n      \"serviceName\":
        \"AutomaticRepairs\",\r\n      \"serviceState\": \"Suspended\"\r\n    }\r\n
        \ ],\r\n  \"statuses\": [\r\n    {\r\n      \"code\": \"ProvisioningState/succeeded\",\r\n
        \     \"level\": \"Info\",\r\n      \"displayStatus\": \"Provisioning succeeded\",\r\n
        \     \"time\": \"2023-09-26T14:02:53.6302977+00:00\"\r\n    }\r\n  ]\r\n}"
    headers:
      cache-control:
      - no-cache
      content-length:
      - '486'
      content-type:
      - application/json; charset=utf-8
      date:
      - Tue, 26 Sep 2023 14:03:24 GMT
      expires:
      - '-1'
      pragma:
      - no-cache
      server:
      - Microsoft-HTTPAPI/2.0
      - Microsoft-HTTPAPI/2.0
      strict-transport-security:
      - max-age=31536000; includeSubDomains
      transfer-encoding:
      - chunked
      vary:
      - Accept-Encoding
      x-content-type-options:
      - nosniff
      x-ms-ratelimit-remaining-resource:
      - Microsoft.Compute/HighCostGetVMScaleSet3Min;179,Microsoft.Compute/HighCostGetVMScaleSet30Min;892
    status:
      code: 200
      message: OK
version: 1
