interactions:
- request:
    body: null
    headers:
      Accept:
      - application/json
      Accept-Encoding:
      - gzip, deflate
      CommandName:
      - vm host group create
      Connection:
      - keep-alive
      ParameterSetName:
      - -n -c -g
      User-Agent:
      - AZURECLI/2.47.0 azsdk-python-azure-mgmt-resource/22.0.0 Python/3.10.11 (Linux-5.15.0-1036-azure-x86_64-with-glibc2.31)
        VSTS_7b238909-6802-4b65-b90d-184bca47f458_build_220_0
    method: GET
    uri: https://management.azure.com/subscriptions/00000000-0000-0000-0000-000000000000/resourcegroups/cli_test_vm_host_management_000001?api-version=2022-09-01
  response:
    body:
      string: '{"id":"/subscriptions/00000000-0000-0000-0000-000000000000/resourceGroups/cli_test_vm_host_management_000001","name":"cli_test_vm_host_management_000001","type":"Microsoft.Resources/resourceGroups","location":"westus","tags":{"product":"azurecli","cause":"automation","date":"2023-05-25T23:03:42Z"},"properties":{"provisioningState":"Succeeded"}}'
    headers:
      cache-control:
      - no-cache
      content-length:
      - '346'
      content-type:
      - application/json; charset=utf-8
      date:
      - Thu, 25 May 2023 23:03:43 GMT
      expires:
      - '-1'
      pragma:
      - no-cache
      strict-transport-security:
      - max-age=31536000; includeSubDomains
      vary:
      - Accept-Encoding
      x-content-type-options:
      - nosniff
    status:
      code: 200
      message: OK
- request:
    body: '{"location": "westus", "properties": {"platformFaultDomainCount": 3}}'
    headers:
      Accept:
      - application/json
      Accept-Encoding:
      - gzip, deflate
      CommandName:
      - vm host group create
      Connection:
      - keep-alive
      Content-Length:
      - '69'
      Content-Type:
      - application/json
      ParameterSetName:
      - -n -c -g
      User-Agent:
      - AZURECLI/2.47.0 azsdk-python-azure-mgmt-compute/29.1.0 Python/3.10.11 (Linux-5.15.0-1036-azure-x86_64-with-glibc2.31)
        VSTS_7b238909-6802-4b65-b90d-184bca47f458_build_220_0
    method: PUT
    uri: https://management.azure.com/subscriptions/00000000-0000-0000-0000-000000000000/resourceGroups/cli_test_vm_host_management_000001/providers/Microsoft.Compute/hostGroups/my-host-group?api-version=2023-09-01
  response:
    body:
      string: "{\r\n  \"name\": \"my-host-group\",\r\n  \"id\": \"/subscriptions/00000000-0000-0000-0000-000000000000/resourceGroups/CLI_TEST_VM_HOST_MANAGEMENT_VSK5JJTFLJXLNBF6EJOQUDHOHV3DYR2RSXARMIO3BG3CNEL/providers/Microsoft.Compute/hostGroups/my-host-group\",\r\n
        \ \"type\": \"Microsoft.Compute/hostGroups\",\r\n  \"location\": \"westus\",\r\n
        \ \"properties\": {\r\n    \"platformFaultDomainCount\": 3,\r\n    \"supportAutomaticPlacement\":
        false\r\n  }\r\n}"
    headers:
      cache-control:
      - no-cache
      content-length:
      - '408'
      content-type:
      - application/json; charset=utf-8
      date:
      - Thu, 25 May 2023 23:03:45 GMT
      expires:
      - '-1'
      pragma:
      - no-cache
      server:
      - Microsoft-HTTPAPI/2.0
      - Microsoft-HTTPAPI/2.0
      strict-transport-security:
      - max-age=31536000; includeSubDomains
      x-content-type-options:
      - nosniff
      x-ms-ratelimit-remaining-resource:
      - Microsoft.Compute/PutDeleteDedicatedHost3Min;119,Microsoft.Compute/PutDeleteDedicatedHost30Min;599
      x-ms-ratelimit-remaining-subscription-writes:
      - '1199'
    status:
      code: 201
      message: Created
- request:
    body: null
    headers:
      Accept:
      - application/json
      Accept-Encoding:
      - gzip, deflate
      CommandName:
      - vm host group list
      Connection:
      - keep-alive
      ParameterSetName:
      - -g
      User-Agent:
      - AZURECLI/2.47.0 (AAZ) azsdk-python-core/1.24.0 Python/3.10.11 (Linux-5.15.0-1036-azure-x86_64-with-glibc2.31)
        VSTS_7b238909-6802-4b65-b90d-184bca47f458_build_220_0
    method: GET
    uri: https://management.azure.com/subscriptions/00000000-0000-0000-0000-000000000000/resourceGroups/cli_test_vm_host_management_000001/providers/Microsoft.Compute/hostGroups?api-version=2019-03-01
  response:
    body:
      string: "{\r\n  \"value\": [\r\n    {\r\n      \"name\": \"my-host-group\",\r\n
        \     \"id\": \"/subscriptions/00000000-0000-0000-0000-000000000000/resourceGroups/CLI_TEST_VM_HOST_MANAGEMENT_VSK5JJTFLJXLNBF6EJOQUDHOHV3DYR2RSXARMIO3BG3CNEL/providers/Microsoft.Compute/hostGroups/my-host-group\",\r\n
        \     \"type\": \"Microsoft.Compute/hostGroups\",\r\n      \"location\": \"westus\",\r\n
        \     \"properties\": {\r\n        \"platformFaultDomainCount\": 3\r\n      }\r\n
        \   }\r\n  ]\r\n}"
    headers:
      cache-control:
      - no-cache
      content-length:
      - '428'
      content-type:
      - application/json; charset=utf-8
      date:
      - Thu, 25 May 2023 23:03:45 GMT
      expires:
      - '-1'
      pragma:
      - no-cache
      server:
      - Microsoft-HTTPAPI/2.0
      - Microsoft-HTTPAPI/2.0
      strict-transport-security:
      - max-age=31536000; includeSubDomains
      x-content-type-options:
      - nosniff
      x-ms-ratelimit-remaining-resource:
      - Microsoft.Compute/GetDedicatedHost3Min;249
    status:
      code: 200
      message: OK
- request:
    body: null
    headers:
      Accept:
      - application/json
      Accept-Encoding:
      - gzip, deflate
      CommandName:
      - vm host create
      Connection:
      - keep-alive
      ParameterSetName:
      - -n --host-group -d -g --sku
      User-Agent:
      - AZURECLI/2.47.0 azsdk-python-azure-mgmt-resource/22.0.0 Python/3.10.11 (Linux-5.15.0-1036-azure-x86_64-with-glibc2.31)
        VSTS_7b238909-6802-4b65-b90d-184bca47f458_build_220_0
    method: GET
    uri: https://management.azure.com/subscriptions/00000000-0000-0000-0000-000000000000/resourcegroups/cli_test_vm_host_management_000001?api-version=2022-09-01
  response:
    body:
      string: '{"id":"/subscriptions/00000000-0000-0000-0000-000000000000/resourceGroups/cli_test_vm_host_management_000001","name":"cli_test_vm_host_management_000001","type":"Microsoft.Resources/resourceGroups","location":"westus","tags":{"product":"azurecli","cause":"automation","date":"2023-05-25T23:03:42Z"},"properties":{"provisioningState":"Succeeded"}}'
    headers:
      cache-control:
      - no-cache
      content-length:
      - '346'
      content-type:
      - application/json; charset=utf-8
      date:
      - Thu, 25 May 2023 23:03:46 GMT
      expires:
      - '-1'
      pragma:
      - no-cache
      strict-transport-security:
      - max-age=31536000; includeSubDomains
      vary:
      - Accept-Encoding
      x-content-type-options:
      - nosniff
    status:
      code: 200
      message: OK
- request:
    body: '{"location": "westus", "sku": {"name": "DSv3-Type1"}, "properties": {"platformFaultDomain":
      2}}'
    headers:
      Accept:
      - application/json
      Accept-Encoding:
      - gzip, deflate
      CommandName:
      - vm host create
      Connection:
      - keep-alive
      Content-Length:
      - '95'
      Content-Type:
      - application/json
      ParameterSetName:
      - -n --host-group -d -g --sku
      User-Agent:
      - AZURECLI/2.47.0 azsdk-python-azure-mgmt-compute/29.1.0 Python/3.10.11 (Linux-5.15.0-1036-azure-x86_64-with-glibc2.31)
        VSTS_7b238909-6802-4b65-b90d-184bca47f458_build_220_0
    method: PUT
    uri: https://management.azure.com/subscriptions/00000000-0000-0000-0000-000000000000/resourceGroups/cli_test_vm_host_management_000001/providers/Microsoft.Compute/hostGroups/my-host-group/hosts/my-host?api-version=2023-09-01
  response:
    body:
      string: "{\r\n  \"name\": \"my-host\",\r\n  \"id\": \"/subscriptions/00000000-0000-0000-0000-000000000000/resourceGroups/cli_test_vm_host_management_000001/providers/Microsoft.Compute/hostGroups/my-host-group/hosts/my-host\",\r\n
        \ \"type\": \"Microsoft.Compute/hostGroups/hosts\",\r\n  \"location\": \"westus\",\r\n
        \ \"sku\": {\r\n    \"name\": \"DSv3-Type1\"\r\n  },\r\n  \"properties\":
        {\r\n    \"platformFaultDomain\": 2,\r\n    \"autoReplaceOnFailure\": true,\r\n
        \   \"hostId\": \"6d6cbc99-3866-4077-a0c2-e6561d64b989\",\r\n    \"provisioningState\":
        \"Creating\",\r\n    \"timeCreated\": \"2023-05-25T23:03:47.8470658+00:00\"\r\n
        \ }\r\n}"
    headers:
      azure-asyncnotification:
      - Enabled
      azure-asyncoperation:
      - https://management.azure.com/subscriptions/00000000-0000-0000-0000-000000000000/providers/Microsoft.Compute/locations/westus/operations/7bdcf430-81d6-4fdf-ad56-7adf8d956e85?p=571046f6-b640-41c1-86f7-f9f044b5adf9&api-version=2023-09-01
      cache-control:
      - no-cache
      content-length:
      - '564'
      content-type:
      - application/json; charset=utf-8
      date:
      - Thu, 25 May 2023 23:03:48 GMT
      expires:
      - '-1'
      pragma:
      - no-cache
      server:
      - Microsoft-HTTPAPI/2.0
      - Microsoft-HTTPAPI/2.0
      strict-transport-security:
      - max-age=31536000; includeSubDomains
      x-content-type-options:
      - nosniff
      x-ms-ratelimit-remaining-resource:
      - Microsoft.Compute/PutDeleteDedicatedHost3Min;118,Microsoft.Compute/PutDeleteDedicatedHost30Min;598
      x-ms-ratelimit-remaining-subscription-writes:
      - '1199'
    status:
      code: 201
      message: Created
- request:
    body: null
    headers:
      Accept:
      - '*/*'
      Accept-Encoding:
      - gzip, deflate
      CommandName:
      - vm host create
      Connection:
      - keep-alive
      ParameterSetName:
      - -n --host-group -d -g --sku
      User-Agent:
      - AZURECLI/2.47.0 azsdk-python-azure-mgmt-compute/29.1.0 Python/3.10.11 (Linux-5.15.0-1036-azure-x86_64-with-glibc2.31)
        VSTS_7b238909-6802-4b65-b90d-184bca47f458_build_220_0
    method: GET
    uri: https://management.azure.com/subscriptions/00000000-0000-0000-0000-000000000000/providers/Microsoft.Compute/locations/westus/operations/7bdcf430-81d6-4fdf-ad56-7adf8d956e85?p=571046f6-b640-41c1-86f7-f9f044b5adf9&api-version=2023-09-01
  response:
    body:
      string: "{\r\n  \"startTime\": \"2023-05-25T23:03:47.7376851+00:00\",\r\n  \"endTime\":
        \"2023-05-25T23:03:48.7846726+00:00\",\r\n  \"status\": \"Succeeded\",\r\n
        \ \"name\": \"7bdcf430-81d6-4fdf-ad56-7adf8d956e85\"\r\n}"
    headers:
      cache-control:
      - no-cache
      content-length:
      - '184'
      content-type:
      - application/json; charset=utf-8
      date:
      - Thu, 25 May 2023 23:04:18 GMT
      expires:
      - '-1'
      pragma:
      - no-cache
      server:
      - Microsoft-HTTPAPI/2.0
      - Microsoft-HTTPAPI/2.0
      strict-transport-security:
      - max-age=31536000; includeSubDomains
      transfer-encoding:
      - chunked
      vary:
      - Accept-Encoding
      x-content-type-options:
      - nosniff
      x-ms-ratelimit-remaining-resource:
      - Microsoft.Compute/GetOperation3Min;14999,Microsoft.Compute/GetOperation30Min;29999
    status:
      code: 200
      message: OK
- request:
    body: null
    headers:
      Accept:
      - '*/*'
      Accept-Encoding:
      - gzip, deflate
      CommandName:
      - vm host create
      Connection:
      - keep-alive
      ParameterSetName:
      - -n --host-group -d -g --sku
      User-Agent:
      - AZURECLI/2.47.0 azsdk-python-azure-mgmt-compute/29.1.0 Python/3.10.11 (Linux-5.15.0-1036-azure-x86_64-with-glibc2.31)
        VSTS_7b238909-6802-4b65-b90d-184bca47f458_build_220_0
    method: GET
    uri: https://management.azure.com/subscriptions/00000000-0000-0000-0000-000000000000/resourceGroups/cli_test_vm_host_management_000001/providers/Microsoft.Compute/hostGroups/my-host-group/hosts/my-host?api-version=2023-09-01
  response:
    body:
      string: "{\r\n  \"name\": \"my-host\",\r\n  \"id\": \"/subscriptions/00000000-0000-0000-0000-000000000000/resourceGroups/cli_test_vm_host_management_000001/providers/Microsoft.Compute/hostGroups/my-host-group/hosts/my-host\",\r\n
        \ \"type\": \"Microsoft.Compute/hostGroups/hosts\",\r\n  \"location\": \"westus\",\r\n
        \ \"sku\": {\r\n    \"name\": \"DSv3-Type1\"\r\n  },\r\n  \"properties\":
        {\r\n    \"platformFaultDomain\": 2,\r\n    \"autoReplaceOnFailure\": true,\r\n
        \   \"hostId\": \"6d6cbc99-3866-4077-a0c2-e6561d64b989\",\r\n    \"virtualMachines\":
        [],\r\n    \"provisioningTime\": \"2023-05-25T23:03:48.3627401+00:00\",\r\n
        \   \"provisioningState\": \"Succeeded\",\r\n    \"timeCreated\": \"2023-05-25T23:03:47.8470658+00:00\"\r\n
        \ }\r\n}"
    headers:
      cache-control:
      - no-cache
      content-length:
      - '655'
      content-type:
      - application/json; charset=utf-8
      date:
      - Thu, 25 May 2023 23:04:18 GMT
      expires:
      - '-1'
      pragma:
      - no-cache
      server:
      - Microsoft-HTTPAPI/2.0
      - Microsoft-HTTPAPI/2.0
      strict-transport-security:
      - max-age=31536000; includeSubDomains
      transfer-encoding:
      - chunked
      vary:
      - Accept-Encoding
      x-content-type-options:
      - nosniff
      x-ms-ratelimit-remaining-resource:
      - Microsoft.Compute/GetDedicatedHost3Min;247,Microsoft.Compute/GetDedicatedHost30Min;998
    status:
      code: 200
      message: OK
- request:
    body: null
    headers:
      Accept:
      - application/json
      Accept-Encoding:
      - gzip, deflate
      CommandName:
      - vm host list
      Connection:
      - keep-alive
      ParameterSetName:
      - --host-group -g
      User-Agent:
      - AZURECLI/2.47.0 (AAZ) azsdk-python-core/1.24.0 Python/3.10.11 (Linux-5.15.0-1036-azure-x86_64-with-glibc2.31)
        VSTS_7b238909-6802-4b65-b90d-184bca47f458_build_220_0
    method: GET
    uri: https://management.azure.com/subscriptions/00000000-0000-0000-0000-000000000000/resourceGroups/cli_test_vm_host_management_000001/providers/Microsoft.Compute/hostGroups/my-host-group/hosts?api-version=2022-11-01
  response:
    body:
      string: "{\r\n  \"value\": [\r\n    {\r\n      \"name\": \"my-host\",\r\n      \"id\":
        \"/subscriptions/00000000-0000-0000-0000-000000000000/resourceGroups/CLI_TEST_VM_HOST_MANAGEMENT_VSK5JJTFLJXLNBF6EJOQUDHOHV3DYR2RSXARMIO3BG3CNEL/providers/Microsoft.Compute/hostGroups/my-host-group/hosts/my-host\",\r\n
        \     \"type\": \"Microsoft.Compute/hostGroups/hosts\",\r\n      \"location\":
        \"westus\",\r\n      \"sku\": {\r\n        \"name\": \"DSv3-Type1\"\r\n      },\r\n
        \     \"properties\": {\r\n        \"platformFaultDomain\": 2,\r\n        \"autoReplaceOnFailure\":
        true,\r\n        \"hostId\": \"6d6cbc99-3866-4077-a0c2-e6561d64b989\",\r\n
        \       \"virtualMachines\": [],\r\n        \"provisioningTime\": \"2023-05-25T23:03:48.3627401+00:00\",\r\n
        \       \"provisioningState\": \"Succeeded\",\r\n        \"timeCreated\":
        \"2023-05-25T23:03:47.8470658+00:00\"\r\n      }\r\n    }\r\n  ]\r\n}"
    headers:
      cache-control:
      - no-cache
      content-length:
      - '793'
      content-type:
      - application/json; charset=utf-8
      date:
      - Thu, 25 May 2023 23:04:18 GMT
      expires:
      - '-1'
      pragma:
      - no-cache
      server:
      - Microsoft-HTTPAPI/2.0
      - Microsoft-HTTPAPI/2.0
      strict-transport-security:
      - max-age=31536000; includeSubDomains
      transfer-encoding:
      - chunked
      vary:
      - Accept-Encoding
      x-content-type-options:
      - nosniff
      x-ms-ratelimit-remaining-resource:
      - Microsoft.Compute/GetDedicatedHost3Min;246,Microsoft.Compute/GetDedicatedHost30Min;997
    status:
      code: 200
      message: OK
- request:
    body: null
    headers:
      Accept:
      - application/json
      Accept-Encoding:
      - gzip, deflate
      CommandName:
      - vm host group update
      Connection:
      - keep-alive
      ParameterSetName:
      - -n -g --set
      User-Agent:
      - AZURECLI/2.47.0 azsdk-python-azure-mgmt-compute/29.1.0 Python/3.10.11 (Linux-5.15.0-1036-azure-x86_64-with-glibc2.31)
        VSTS_7b238909-6802-4b65-b90d-184bca47f458_build_220_0
    method: GET
    uri: https://management.azure.com/subscriptions/00000000-0000-0000-0000-000000000000/resourceGroups/cli_test_vm_host_management_000001/providers/Microsoft.Compute/hostGroups/my-host-group?api-version=2023-09-01
  response:
    body:
      string: "{\r\n  \"name\": \"my-host-group\",\r\n  \"id\": \"/subscriptions/00000000-0000-0000-0000-000000000000/resourceGroups/CLI_TEST_VM_HOST_MANAGEMENT_VSK5JJTFLJXLNBF6EJOQUDHOHV3DYR2RSXARMIO3BG3CNEL/providers/Microsoft.Compute/hostGroups/my-host-group\",\r\n
        \ \"type\": \"Microsoft.Compute/hostGroups\",\r\n  \"location\": \"westus\",\r\n
        \ \"properties\": {\r\n    \"platformFaultDomainCount\": 3,\r\n    \"hosts\":
        [\r\n      {\r\n        \"id\": \"/subscriptions/00000000-0000-0000-0000-000000000000/resourceGroups/CLI_TEST_VM_HOST_MANAGEMENT_VSK5JJTFLJXLNBF6EJOQUDHOHV3DYR2RSXARMIO3BG3CNEL/providers/Microsoft.Compute/hostGroups/MY-HOST-GROUP/hosts/MY-HOST\"\r\n
        \     }\r\n    ],\r\n    \"supportAutomaticPlacement\": false\r\n  }\r\n}"
    headers:
      cache-control:
      - no-cache
      content-length:
      - '677'
      content-type:
      - application/json; charset=utf-8
      date:
      - Thu, 25 May 2023 23:04:19 GMT
      expires:
      - '-1'
      pragma:
      - no-cache
      server:
      - Microsoft-HTTPAPI/2.0
      - Microsoft-HTTPAPI/2.0
      strict-transport-security:
      - max-age=31536000; includeSubDomains
      transfer-encoding:
      - chunked
      vary:
      - Accept-Encoding
      x-content-type-options:
      - nosniff
      x-ms-ratelimit-remaining-resource:
      - Microsoft.Compute/GetDedicatedHost30Min;996
    status:
      code: 200
      message: OK
- request:
    body: '{"location": "westus", "tags": {"foo": "bar"}, "properties": {"platformFaultDomainCount":
      3, "supportAutomaticPlacement": false}}'
    headers:
      Accept:
      - application/json
      Accept-Encoding:
      - gzip, deflate
      CommandName:
      - vm host group update
      Connection:
      - keep-alive
      Content-Length:
      - '129'
      Content-Type:
      - application/json
      ParameterSetName:
      - -n -g --set
      User-Agent:
      - AZURECLI/2.47.0 azsdk-python-azure-mgmt-compute/29.1.0 Python/3.10.11 (Linux-5.15.0-1036-azure-x86_64-with-glibc2.31)
        VSTS_7b238909-6802-4b65-b90d-184bca47f458_build_220_0
    method: PUT
    uri: https://management.azure.com/subscriptions/00000000-0000-0000-0000-000000000000/resourceGroups/cli_test_vm_host_management_000001/providers/Microsoft.Compute/hostGroups/my-host-group?api-version=2023-09-01
  response:
    body:
      string: "{\r\n  \"name\": \"my-host-group\",\r\n  \"id\": \"/subscriptions/00000000-0000-0000-0000-000000000000/resourceGroups/CLI_TEST_VM_HOST_MANAGEMENT_VSK5JJTFLJXLNBF6EJOQUDHOHV3DYR2RSXARMIO3BG3CNEL/providers/Microsoft.Compute/hostGroups/my-host-group\",\r\n
        \ \"type\": \"Microsoft.Compute/hostGroups\",\r\n  \"location\": \"westus\",\r\n
        \ \"tags\": {\r\n    \"foo\": \"bar\"\r\n  },\r\n  \"properties\": {\r\n    \"platformFaultDomainCount\":
        3,\r\n    \"supportAutomaticPlacement\": false\r\n  }\r\n}"
    headers:
      cache-control:
      - no-cache
      content-length:
      - '445'
      content-type:
      - application/json; charset=utf-8
      date:
      - Thu, 25 May 2023 23:04:20 GMT
      expires:
      - '-1'
      pragma:
      - no-cache
      server:
      - Microsoft-HTTPAPI/2.0
      - Microsoft-HTTPAPI/2.0
      strict-transport-security:
      - max-age=31536000; includeSubDomains
      transfer-encoding:
      - chunked
      vary:
      - Accept-Encoding
      x-content-type-options:
      - nosniff
      x-ms-ratelimit-remaining-resource:
      - Microsoft.Compute/PutDeleteDedicatedHost3Min;117,Microsoft.Compute/PutDeleteDedicatedHost30Min;597
      x-ms-ratelimit-remaining-subscription-writes:
      - '1199'
    status:
      code: 200
      message: OK
- request:
    body: null
    headers:
      Accept:
      - application/json
      Accept-Encoding:
      - gzip, deflate
      CommandName:
      - vm host update
      Connection:
      - keep-alive
      ParameterSetName:
      - -n --host-group -g --set
      User-Agent:
      - AZURECLI/2.47.0 azsdk-python-azure-mgmt-compute/29.1.0 Python/3.10.11 (Linux-5.15.0-1036-azure-x86_64-with-glibc2.31)
        VSTS_7b238909-6802-4b65-b90d-184bca47f458_build_220_0
    method: GET
    uri: https://management.azure.com/subscriptions/00000000-0000-0000-0000-000000000000/resourceGroups/cli_test_vm_host_management_000001/providers/Microsoft.Compute/hostGroups/my-host-group/hosts/my-host?api-version=2023-09-01
  response:
    body:
      string: "{\r\n  \"name\": \"my-host\",\r\n  \"id\": \"/subscriptions/00000000-0000-0000-0000-000000000000/resourceGroups/cli_test_vm_host_management_000001/providers/Microsoft.Compute/hostGroups/my-host-group/hosts/my-host\",\r\n
        \ \"type\": \"Microsoft.Compute/hostGroups/hosts\",\r\n  \"location\": \"westus\",\r\n
        \ \"sku\": {\r\n    \"name\": \"DSv3-Type1\"\r\n  },\r\n  \"properties\":
        {\r\n    \"platformFaultDomain\": 2,\r\n    \"autoReplaceOnFailure\": true,\r\n
        \   \"hostId\": \"6d6cbc99-3866-4077-a0c2-e6561d64b989\",\r\n    \"virtualMachines\":
        [],\r\n    \"provisioningTime\": \"2023-05-25T23:03:48.3627401+00:00\",\r\n
        \   \"provisioningState\": \"Succeeded\",\r\n    \"timeCreated\": \"2023-05-25T23:03:47.8470658+00:00\"\r\n
        \ }\r\n}"
    headers:
      cache-control:
      - no-cache
      content-length:
      - '655'
      content-type:
      - application/json; charset=utf-8
      date:
      - Thu, 25 May 2023 23:04:20 GMT
      expires:
      - '-1'
      pragma:
      - no-cache
      server:
      - Microsoft-HTTPAPI/2.0
      - Microsoft-HTTPAPI/2.0
      strict-transport-security:
      - max-age=31536000; includeSubDomains
      transfer-encoding:
      - chunked
      vary:
      - Accept-Encoding
      x-content-type-options:
      - nosniff
      x-ms-ratelimit-remaining-resource:
      - Microsoft.Compute/GetDedicatedHost3Min;245,Microsoft.Compute/GetDedicatedHost30Min;995
    status:
      code: 200
      message: OK
- request:
    body: '{"location": "westus", "tags": {"foo": "bar"}, "sku": {"name": "DSv3-Type1"},
      "properties": {"platformFaultDomain": 2, "autoReplaceOnFailure": true}}'
    headers:
      Accept:
      - application/json
      Accept-Encoding:
      - gzip, deflate
      CommandName:
      - vm host update
      Connection:
      - keep-alive
      Content-Length:
      - '149'
      Content-Type:
      - application/json
      ParameterSetName:
      - -n --host-group -g --set
      User-Agent:
      - AZURECLI/2.47.0 azsdk-python-azure-mgmt-compute/29.1.0 Python/3.10.11 (Linux-5.15.0-1036-azure-x86_64-with-glibc2.31)
        VSTS_7b238909-6802-4b65-b90d-184bca47f458_build_220_0
    method: PUT
    uri: https://management.azure.com/subscriptions/00000000-0000-0000-0000-000000000000/resourceGroups/cli_test_vm_host_management_000001/providers/Microsoft.Compute/hostGroups/my-host-group/hosts/my-host?api-version=2023-09-01
  response:
    body:
      string: "{\r\n  \"name\": \"my-host\",\r\n  \"id\": \"/subscriptions/00000000-0000-0000-0000-000000000000/resourceGroups/cli_test_vm_host_management_000001/providers/Microsoft.Compute/hostGroups/my-host-group/hosts/my-host\",\r\n
        \ \"type\": \"Microsoft.Compute/hostGroups/hosts\",\r\n  \"location\": \"westus\",\r\n
        \ \"tags\": {\r\n    \"foo\": \"bar\"\r\n  },\r\n  \"sku\": {\r\n    \"name\":
        \"DSv3-Type1\"\r\n  },\r\n  \"properties\": {\r\n    \"platformFaultDomain\":
        2,\r\n    \"autoReplaceOnFailure\": true,\r\n    \"hostId\": \"6d6cbc99-3866-4077-a0c2-e6561d64b989\",\r\n
        \   \"provisioningTime\": \"2023-05-25T23:03:48.3627401+00:00\",\r\n    \"provisioningState\":
        \"Updating\",\r\n    \"timeCreated\": \"2023-05-25T23:03:47.8470658+00:00\"\r\n
        \ }\r\n}"
    headers:
      azure-asyncnotification:
      - Enabled
      azure-asyncoperation:
      - https://management.azure.com/subscriptions/00000000-0000-0000-0000-000000000000/providers/Microsoft.Compute/locations/westus/operations/3c40b1a2-a93e-493b-8a9f-bd500aa5b73a?p=571046f6-b640-41c1-86f7-f9f044b5adf9&api-version=2023-09-01
      cache-control:
      - no-cache
      content-length:
      - '663'
      content-type:
      - application/json; charset=utf-8
      date:
      - Thu, 25 May 2023 23:04:21 GMT
      expires:
      - '-1'
      pragma:
      - no-cache
      server:
      - Microsoft-HTTPAPI/2.0
      - Microsoft-HTTPAPI/2.0
      strict-transport-security:
      - max-age=31536000; includeSubDomains
      transfer-encoding:
      - chunked
      vary:
      - Accept-Encoding
      x-content-type-options:
      - nosniff
      x-ms-ratelimit-remaining-resource:
      - Microsoft.Compute/PutDeleteDedicatedHost3Min;116,Microsoft.Compute/PutDeleteDedicatedHost30Min;596
      x-ms-ratelimit-remaining-subscription-writes:
      - '1198'
    status:
      code: 200
      message: OK
- request:
    body: null
    headers:
      Accept:
      - '*/*'
      Accept-Encoding:
      - gzip, deflate
      CommandName:
      - vm host update
      Connection:
      - keep-alive
      ParameterSetName:
      - -n --host-group -g --set
      User-Agent:
      - AZURECLI/2.47.0 azsdk-python-azure-mgmt-compute/29.1.0 Python/3.10.11 (Linux-5.15.0-1036-azure-x86_64-with-glibc2.31)
        VSTS_7b238909-6802-4b65-b90d-184bca47f458_build_220_0
    method: GET
    uri: https://management.azure.com/subscriptions/00000000-0000-0000-0000-000000000000/providers/Microsoft.Compute/locations/westus/operations/3c40b1a2-a93e-493b-8a9f-bd500aa5b73a?p=571046f6-b640-41c1-86f7-f9f044b5adf9&api-version=2023-09-01
  response:
    body:
      string: "{\r\n  \"startTime\": \"2023-05-25T23:04:21.4567648+00:00\",\r\n  \"endTime\":
        \"2023-05-25T23:04:21.5036264+00:00\",\r\n  \"status\": \"Succeeded\",\r\n
        \ \"name\": \"3c40b1a2-a93e-493b-8a9f-bd500aa5b73a\"\r\n}"
    headers:
      cache-control:
      - no-cache
      content-length:
      - '184'
      content-type:
      - application/json; charset=utf-8
      date:
      - Thu, 25 May 2023 23:04:51 GMT
      expires:
      - '-1'
      pragma:
      - no-cache
      server:
      - Microsoft-HTTPAPI/2.0
      - Microsoft-HTTPAPI/2.0
      strict-transport-security:
      - max-age=31536000; includeSubDomains
      transfer-encoding:
      - chunked
      vary:
      - Accept-Encoding
      x-content-type-options:
      - nosniff
      x-ms-ratelimit-remaining-resource:
      - Microsoft.Compute/GetOperation3Min;14998,Microsoft.Compute/GetOperation30Min;29998
    status:
      code: 200
      message: OK
- request:
    body: null
    headers:
      Accept:
      - '*/*'
      Accept-Encoding:
      - gzip, deflate
      CommandName:
      - vm host update
      Connection:
      - keep-alive
      ParameterSetName:
      - -n --host-group -g --set
      User-Agent:
      - AZURECLI/2.47.0 azsdk-python-azure-mgmt-compute/29.1.0 Python/3.10.11 (Linux-5.15.0-1036-azure-x86_64-with-glibc2.31)
        VSTS_7b238909-6802-4b65-b90d-184bca47f458_build_220_0
    method: GET
    uri: https://management.azure.com/subscriptions/00000000-0000-0000-0000-000000000000/resourceGroups/cli_test_vm_host_management_000001/providers/Microsoft.Compute/hostGroups/my-host-group/hosts/my-host?api-version=2023-09-01
  response:
    body:
      string: "{\r\n  \"name\": \"my-host\",\r\n  \"id\": \"/subscriptions/00000000-0000-0000-0000-000000000000/resourceGroups/cli_test_vm_host_management_000001/providers/Microsoft.Compute/hostGroups/my-host-group/hosts/my-host\",\r\n
        \ \"type\": \"Microsoft.Compute/hostGroups/hosts\",\r\n  \"location\": \"westus\",\r\n
        \ \"tags\": {\r\n    \"foo\": \"bar\"\r\n  },\r\n  \"sku\": {\r\n    \"name\":
        \"DSv3-Type1\"\r\n  },\r\n  \"properties\": {\r\n    \"platformFaultDomain\":
        2,\r\n    \"autoReplaceOnFailure\": true,\r\n    \"hostId\": \"6d6cbc99-3866-4077-a0c2-e6561d64b989\",\r\n
        \   \"virtualMachines\": [],\r\n    \"provisioningTime\": \"2023-05-25T23:03:48.3627401+00:00\",\r\n
        \   \"provisioningState\": \"Succeeded\",\r\n    \"timeCreated\": \"2023-05-25T23:03:47.8470658+00:00\"\r\n
        \ }\r\n}"
    headers:
      cache-control:
      - no-cache
      content-length:
      - '692'
      content-type:
      - application/json; charset=utf-8
      date:
      - Thu, 25 May 2023 23:04:51 GMT
      expires:
      - '-1'
      pragma:
      - no-cache
      server:
      - Microsoft-HTTPAPI/2.0
      - Microsoft-HTTPAPI/2.0
      strict-transport-security:
      - max-age=31536000; includeSubDomains
      transfer-encoding:
      - chunked
      vary:
      - Accept-Encoding
      x-content-type-options:
      - nosniff
      x-ms-ratelimit-remaining-resource:
      - Microsoft.Compute/GetDedicatedHost3Min;243,Microsoft.Compute/GetDedicatedHost30Min;993
    status:
      code: 200
      message: OK
- request:
    body: null
    headers:
      Accept:
      - '*/*'
      Accept-Encoding:
      - gzip, deflate
      CommandName:
      - vm host delete
      Connection:
      - keep-alive
      Content-Length:
      - '0'
      ParameterSetName:
      - -n --host-group -g --yes
      User-Agent:
      - AZURECLI/2.47.0 (AAZ) azsdk-python-core/1.24.0 Python/3.10.11 (Linux-5.15.0-1036-azure-x86_64-with-glibc2.31)
        VSTS_7b238909-6802-4b65-b90d-184bca47f458_build_220_0
    method: DELETE
    uri: https://management.azure.com/subscriptions/00000000-0000-0000-0000-000000000000/resourceGroups/cli_test_vm_host_management_000001/providers/Microsoft.Compute/hostGroups/my-host-group/hosts/my-host?api-version=2022-11-01
  response:
    body:
      string: ''
    headers:
      azure-asyncnotification:
      - Enabled
      azure-asyncoperation:
      - https://management.azure.com/subscriptions/00000000-0000-0000-0000-000000000000/providers/Microsoft.Compute/locations/westus/operations/2b7662d0-8698-4b7f-9563-72dddd680efb?p=571046f6-b640-41c1-86f7-f9f044b5adf9&api-version=2023-09-01
      cache-control:
      - no-cache
      content-length:
      - '0'
      date:
      - Thu, 25 May 2023 23:04:52 GMT
      expires:
      - '-1'
      location:
      - https://management.azure.com/subscriptions/00000000-0000-0000-0000-000000000000/providers/Microsoft.Compute/locations/westus/operations/2b7662d0-8698-4b7f-9563-72dddd680efb?p=571046f6-b640-41c1-86f7-f9f044b5adf9&monitor=true&api-version=2023-09-01
      pragma:
      - no-cache
      server:
      - Microsoft-HTTPAPI/2.0
      - Microsoft-HTTPAPI/2.0
      strict-transport-security:
      - max-age=31536000; includeSubDomains
      x-content-type-options:
      - nosniff
      x-ms-ratelimit-remaining-resource:
      - Microsoft.Compute/PutDeleteDedicatedHost3Min;115,Microsoft.Compute/PutDeleteDedicatedHost30Min;595
      x-ms-ratelimit-remaining-subscription-deletes:
      - '14998'
    status:
      code: 202
      message: Accepted
- request:
    body: null
    headers:
      Accept:
      - '*/*'
      Accept-Encoding:
      - gzip, deflate
      CommandName:
      - vm host delete
      Connection:
      - keep-alive
      ParameterSetName:
      - -n --host-group -g --yes
      User-Agent:
      - AZURECLI/2.47.0 (AAZ) azsdk-python-core/1.24.0 Python/3.10.11 (Linux-5.15.0-1036-azure-x86_64-with-glibc2.31)
        VSTS_7b238909-6802-4b65-b90d-184bca47f458_build_220_0
    method: GET
    uri: https://management.azure.com/subscriptions/00000000-0000-0000-0000-000000000000/providers/Microsoft.Compute/locations/westus/operations/2b7662d0-8698-4b7f-9563-72dddd680efb?p=571046f6-b640-41c1-86f7-f9f044b5adf9&api-version=2023-09-01
  response:
    body:
      string: "{\r\n  \"startTime\": \"2023-05-25T23:04:52.9883002+00:00\",\r\n  \"endTime\":
        \"2023-05-25T23:04:53.1289708+00:00\",\r\n  \"status\": \"Succeeded\",\r\n
        \ \"name\": \"2b7662d0-8698-4b7f-9563-72dddd680efb\"\r\n}"
    headers:
      cache-control:
      - no-cache
      content-length:
      - '184'
      content-type:
      - application/json; charset=utf-8
      date:
      - Thu, 25 May 2023 23:05:22 GMT
      expires:
      - '-1'
      pragma:
      - no-cache
      server:
      - Microsoft-HTTPAPI/2.0
      - Microsoft-HTTPAPI/2.0
      strict-transport-security:
      - max-age=31536000; includeSubDomains
      transfer-encoding:
      - chunked
      vary:
      - Accept-Encoding
      x-content-type-options:
      - nosniff
      x-ms-ratelimit-remaining-resource:
      - Microsoft.Compute/GetOperation3Min;14997,Microsoft.Compute/GetOperation30Min;29997
    status:
      code: 200
      message: OK
- request:
    body: null
    headers:
      Accept:
      - '*/*'
      Accept-Encoding:
      - gzip, deflate
      CommandName:
      - vm host group delete
      Connection:
      - keep-alive
      Content-Length:
      - '0'
      ParameterSetName:
      - -n -g --yes
      User-Agent:
      - AZURECLI/2.47.0 (AAZ) azsdk-python-core/1.24.0 Python/3.10.11 (Linux-5.15.0-1036-azure-x86_64-with-glibc2.31)
        VSTS_7b238909-6802-4b65-b90d-184bca47f458_build_220_0
    method: DELETE
    uri: https://management.azure.com/subscriptions/00000000-0000-0000-0000-000000000000/resourceGroups/cli_test_vm_host_management_000001/providers/Microsoft.Compute/hostGroups/my-host-group?api-version=2019-03-01
  response:
    body:
      string: ''
    headers:
      cache-control:
      - no-cache
      content-length:
      - '0'
      date:
      - Thu, 25 May 2023 23:05:24 GMT
      expires:
      - '-1'
      pragma:
      - no-cache
      server:
      - Microsoft-HTTPAPI/2.0
      - Microsoft-HTTPAPI/2.0
      strict-transport-security:
      - max-age=31536000; includeSubDomains
      x-content-type-options:
      - nosniff
      x-ms-ratelimit-remaining-resource:
      - Microsoft.Compute/PutDeleteDedicatedHost3Min;114,Microsoft.Compute/PutDeleteDedicatedHost30Min;594
      x-ms-ratelimit-remaining-subscription-deletes:
      - '14998'
    status:
      code: 200
      message: OK
version: 1
