interactions:
- request:
    body: null
    headers:
      Accept:
      - application/json
      Accept-Encoding:
      - gzip, deflate
      CommandName:
      - identity create
      Connection:
      - keep-alive
      ParameterSetName:
      - -g -n
      User-Agent:
      - AZURECLI/2.45.0 azsdk-python-azure-mgmt-resource/21.1.0b1 Python/3.10.6 (Linux-5.10.102.1-microsoft-standard-WSL2-x86_64-with-glibc2.35)
    method: GET
    uri: https://management.azure.com/subscriptions/00000000-0000-0000-0000-000000000000/resourcegroups/img_tmpl_identity_000001?api-version=2021-04-01
  response:
    body:
      string: '{"id":"/subscriptions/00000000-0000-0000-0000-000000000000/resourceGroups/img_tmpl_identity_000001","name":"img_tmpl_identity_000001","type":"Microsoft.Resources/resourceGroups","location":"westus","tags":{"product":"azurecli","cause":"automation","date":"2023-02-16T09:43:48Z"},"properties":{"provisioningState":"Succeeded"}}'
    headers:
      cache-control:
      - no-cache
      content-length:
      - '326'
      content-type:
      - application/json; charset=utf-8
      date:
      - Thu, 16 Feb 2023 09:43:50 GMT
      expires:
      - '-1'
      pragma:
      - no-cache
      strict-transport-security:
      - max-age=31536000; includeSubDomains
      vary:
      - Accept-Encoding
      x-content-type-options:
      - nosniff
    status:
      code: 200
      message: OK
- request:
    body: '{"location": "westus"}'
    headers:
      Accept:
      - application/json
      Accept-Encoding:
      - gzip, deflate
      CommandName:
      - identity create
      Connection:
      - keep-alive
      Content-Length:
      - '22'
      Content-Type:
      - application/json
      ParameterSetName:
      - -g -n
      User-Agent:
      - AZURECLI/2.45.0 azsdk-python-azure-mgmt-msi/7.0.0 Python/3.10.6 (Linux-5.10.102.1-microsoft-standard-WSL2-x86_64-with-glibc2.35)
    method: PUT
    uri: https://management.azure.com/subscriptions/00000000-0000-0000-0000-000000000000/resourceGroups/img_tmpl_identity_000001/providers/Microsoft.ManagedIdentity/userAssignedIdentities/ide1?api-version=2023-01-31
  response:
    body:
      string: '{"id":"/subscriptions/00000000-0000-0000-0000-000000000000/resourcegroups/img_tmpl_identity_000001/providers/Microsoft.ManagedIdentity/userAssignedIdentities/ide1","name":"ide1","type":"Microsoft.ManagedIdentity/userAssignedIdentities","location":"westus","tags":{},"properties":{"tenantId":"54826b22-38d6-4fb2-bad9-b7b93a3e9c5a","principalId":"0ae9c5cb-b741-4ae8-9349-274be1b68a1a","clientId":"10ff9d12-1e6a-466f-94a2-08635b22f6d8"}}'
    headers:
      cache-control:
      - no-cache
      content-length:
      - '434'
      content-type:
      - application/json; charset=utf-8
      date:
      - Thu, 16 Feb 2023 09:43:56 GMT
      expires:
      - '-1'
      location:
      - /subscriptions/00000000-0000-0000-0000-000000000000/resourcegroups/img_tmpl_identity_000001/providers/Microsoft.ManagedIdentity/userAssignedIdentities/ide1
      pragma:
      - no-cache
      strict-transport-security:
      - max-age=31536000; includeSubDomains
      x-content-type-options:
      - nosniff
      x-ms-ratelimit-remaining-subscription-writes:
      - '1197'
    status:
      code: 201
      message: Created
- request:
    body: null
    headers:
      Accept:
      - '*/*'
      Accept-Encoding:
      - gzip, deflate
      CommandName:
      - role assignment create
      Connection:
      - keep-alive
      ParameterSetName:
      - --assignee --role --scope
      User-Agent:
      - python/3.10.6 (Linux-5.10.102.1-microsoft-standard-WSL2-x86_64-with-glibc2.35)
        AZURECLI/2.45.0
    method: GET
    uri: https://graph.microsoft.com/v1.0/servicePrincipals?$filter=servicePrincipalNames%2Fany%28c%3Ac%20eq%20%2710ff9d12-1e6a-466f-94a2-08635b22f6d8%27%29
  response:
    body:
      string: '{"@odata.context":"https://graph.microsoft.com/v1.0/$metadata#servicePrincipals","value":[{"id":"0ae9c5cb-b741-4ae8-9349-274be1b68a1a","deletedDateTime":null,"accountEnabled":true,"alternativeNames":["isExplicit=True","/subscriptions/00000000-0000-0000-0000-000000000000/resourcegroups/img_tmpl_identity_000001/providers/Microsoft.ManagedIdentity/userAssignedIdentities/ide1"],"appDisplayName":null,"appDescription":null,"appId":"10ff9d12-1e6a-466f-94a2-08635b22f6d8","applicationTemplateId":null,"appOwnerOrganizationId":null,"appRoleAssignmentRequired":false,"createdDateTime":"2023-02-16T09:43:55Z","description":null,"disabledByMicrosoftStatus":null,"displayName":"ide1","homepage":null,"loginUrl":null,"logoutUrl":null,"notes":null,"notificationEmailAddresses":[],"preferredSingleSignOnMode":null,"preferredTokenSigningKeyThumbprint":null,"replyUrls":[],"servicePrincipalNames":["10ff9d12-1e6a-466f-94a2-08635b22f6d8","https://identity.azure.net/AGJLHzfHpJYILwDGPyaZVvx2tFwLJy9+I5vF5jE+KRU="],"servicePrincipalType":"ManagedIdentity","signInAudience":null,"tags":[],"tokenEncryptionKeyId":null,"info":null,"samlSingleSignOnSettings":null,"addIns":[],"appRoles":[],"keyCredentials":[{"customKeyIdentifier":"569D1B7D16C8C7BF425A930FEB0E71299123A1CC","displayName":"CN=10ff9d12-1e6a-466f-94a2-08635b22f6d8,
        DC=54826b22-38d6-4fb2-bad9-b7b93a3e9c5a","endDateTime":"2023-05-17T09:38:00Z","key":null,"keyId":"76fa391f-ce0a-4ed1-a39b-28502b7a6787","startDateTime":"2023-02-16T09:38:00Z","type":"AsymmetricX509Cert","usage":"Verify"}],"oauth2PermissionScopes":[],"passwordCredentials":[],"resourceSpecificApplicationPermissions":[],"verifiedPublisher":{"displayName":null,"verifiedPublisherId":null,"addedDateTime":null}}]}'
    headers:
      cache-control:
      - no-cache
      content-length:
      - '1719'
      content-type:
      - application/json;odata.metadata=minimal;odata.streaming=true;IEEE754Compatible=false;charset=utf-8
      date:
      - Thu, 16 Feb 2023 09:44:41 GMT
      odata-version:
      - '4.0'
      request-id:
      - 8b5cdf0f-335c-49c6-90ec-c678fd239103
      strict-transport-security:
      - max-age=31536000
      transfer-encoding:
      - chunked
      vary:
      - Accept-Encoding
      x-ms-ags-diagnostic:
      - '{"ServerInfo":{"DataCenter":"Southeast Asia","Slice":"E","Ring":"5","ScaleUnit":"000","RoleInstance":"SI1PEPF0000C81C"}}'
      x-ms-resource-unit:
      - '1'
    status:
      code: 200
      message: OK
- request:
    body: null
    headers:
      Accept:
      - application/json
      Accept-Encoding:
      - gzip, deflate
      CommandName:
      - role assignment create
      Connection:
      - keep-alive
      ParameterSetName:
      - --assignee --role --scope
      User-Agent:
      - AZURECLI/2.45.0 azsdk-python-azure-mgmt-authorization/3.0.0 Python/3.10.6
        (Linux-5.10.102.1-microsoft-standard-WSL2-x86_64-with-glibc2.35)
    method: GET
    uri: https://management.azure.com/subscriptions/00000000-0000-0000-0000-000000000000/resourceGroups/img_tmpl_identity_000001/providers/Microsoft.Authorization/roleDefinitions?$filter=roleName%20eq%20%27Contributor%27&api-version=2022-04-01
  response:
    body:
      string: '{"value":[{"properties":{"roleName":"Contributor","type":"BuiltInRole","description":"Grants
        full access to manage all resources, but does not allow you to assign roles
        in Azure RBAC, manage assignments in Azure Blueprints, or share image galleries.","assignableScopes":["/"],"permissions":[{"actions":["*"],"notActions":["Microsoft.Authorization/*/Delete","Microsoft.Authorization/*/Write","Microsoft.Authorization/elevateAccess/Action","Microsoft.Blueprint/blueprintAssignments/write","Microsoft.Blueprint/blueprintAssignments/delete","Microsoft.Compute/galleries/share/action"],"dataActions":[],"notDataActions":[]}],"createdOn":"2015-02-02T21:55:09.8806423Z","updatedOn":"2021-11-11T20:13:28.6061853Z","createdBy":null,"updatedBy":null},"id":"/subscriptions/00000000-0000-0000-0000-000000000000/providers/Microsoft.Authorization/roleDefinitions/b24988ac-6180-42a0-ab88-20f7382dd24c","type":"Microsoft.Authorization/roleDefinitions","name":"b24988ac-6180-42a0-ab88-20f7382dd24c"}]}'
    headers:
      cache-control:
      - no-cache
      content-length:
      - '984'
      content-type:
      - application/json; charset=utf-8
      date:
      - Thu, 16 Feb 2023 09:44:42 GMT
      expires:
      - '-1'
      pragma:
      - no-cache
      set-cookie:
      - x-ms-gateway-slice=Production; path=/; secure; samesite=none; httponly
      strict-transport-security:
      - max-age=31536000; includeSubDomains
      transfer-encoding:
      - chunked
      vary:
      - Accept-Encoding
      x-content-type-options:
      - nosniff
    status:
      code: 200
      message: OK
- request:
    body: '{"properties": {"roleDefinitionId": "/subscriptions/00000000-0000-0000-0000-000000000000/providers/Microsoft.Authorization/roleDefinitions/b24988ac-6180-42a0-ab88-20f7382dd24c",
      "principalId": "0ae9c5cb-b741-4ae8-9349-274be1b68a1a", "principalType": "ServicePrincipal"}}'
    headers:
      Accept:
      - application/json
      Accept-Encoding:
      - gzip, deflate
      CommandName:
      - role assignment create
      Connection:
      - keep-alive
      Content-Length:
      - '270'
      Content-Type:
      - application/json
      Cookie:
      - x-ms-gateway-slice=Production
      ParameterSetName:
      - --assignee --role --scope
      User-Agent:
      - AZURECLI/2.45.0 azsdk-python-azure-mgmt-authorization/3.0.0 Python/3.10.6
        (Linux-5.10.102.1-microsoft-standard-WSL2-x86_64-with-glibc2.35)
    method: PUT
    uri: https://management.azure.com/subscriptions/00000000-0000-0000-0000-000000000000/resourceGroups/img_tmpl_identity_000001/providers/Microsoft.Authorization/roleAssignments/88888888-0000-0000-0000-000000000001?api-version=2022-04-01
  response:
    body:
      string: '{"properties":{"roleDefinitionId":"/subscriptions/00000000-0000-0000-0000-000000000000/providers/Microsoft.Authorization/roleDefinitions/b24988ac-6180-42a0-ab88-20f7382dd24c","principalId":"0ae9c5cb-b741-4ae8-9349-274be1b68a1a","principalType":"ServicePrincipal","scope":"/subscriptions/00000000-0000-0000-0000-000000000000/resourceGroups/img_tmpl_identity_000001","condition":null,"conditionVersion":null,"createdOn":"2023-02-16T09:44:43.1101804Z","updatedOn":"2023-02-16T09:44:43.6983813Z","createdBy":null,"updatedBy":"6d97229a-391f-473a-893f-f0608b592d7b","delegatedManagedIdentityResourceId":null,"description":null},"id":"/subscriptions/00000000-0000-0000-0000-000000000000/resourceGroups/img_tmpl_identity_000001/providers/Microsoft.Authorization/roleAssignments/88888888-0000-0000-0000-000000000001","type":"Microsoft.Authorization/roleAssignments","name":"88888888-0000-0000-0000-000000000001"}'
    headers:
      cache-control:
      - no-cache
      content-length:
      - '903'
      content-type:
      - application/json; charset=utf-8
      date:
      - Thu, 16 Feb 2023 09:44:45 GMT
      expires:
      - '-1'
      pragma:
      - no-cache
      strict-transport-security:
      - max-age=31536000; includeSubDomains
      x-content-type-options:
      - nosniff
      x-ms-ratelimit-remaining-subscription-writes:
      - '1199'
    status:
      code: 201
      message: Created
- request:
    body: null
    headers:
      Accept:
      - application/json
      Accept-Encoding:
      - gzip, deflate
      CommandName:
      - sig create
      Connection:
      - keep-alive
      ParameterSetName:
      - -g --gallery-name
      User-Agent:
      - AZURECLI/2.45.0 azsdk-python-azure-mgmt-resource/21.1.0b1 Python/3.10.6 (Linux-5.10.102.1-microsoft-standard-WSL2-x86_64-with-glibc2.35)
    method: GET
    uri: https://management.azure.com/subscriptions/00000000-0000-0000-0000-000000000000/resourcegroups/img_tmpl_identity_000001?api-version=2021-04-01
  response:
    body:
      string: '{"id":"/subscriptions/00000000-0000-0000-0000-000000000000/resourceGroups/img_tmpl_identity_000001","name":"img_tmpl_identity_000001","type":"Microsoft.Resources/resourceGroups","location":"westus","tags":{"product":"azurecli","cause":"automation","date":"2023-02-16T09:43:48Z"},"properties":{"provisioningState":"Succeeded"}}'
    headers:
      cache-control:
      - no-cache
      content-length:
      - '326'
      content-type:
      - application/json; charset=utf-8
      date:
      - Thu, 16 Feb 2023 09:44:46 GMT
      expires:
      - '-1'
      pragma:
      - no-cache
      strict-transport-security:
      - max-age=31536000; includeSubDomains
      vary:
      - Accept-Encoding
      x-content-type-options:
      - nosniff
    status:
      code: 200
      message: OK
- request:
    body: '{"location": "westus", "tags": {}}'
    headers:
      Accept:
      - application/json
      Accept-Encoding:
      - gzip, deflate
      CommandName:
      - sig create
      Connection:
      - keep-alive
      Content-Length:
      - '34'
      Content-Type:
      - application/json
      ParameterSetName:
      - -g --gallery-name
      User-Agent:
      - AZURECLI/2.45.0 azsdk-python-azure-mgmt-compute/29.1.0 Python/3.10.6 (Linux-5.10.102.1-microsoft-standard-WSL2-x86_64-with-glibc2.35)
    method: PUT
    uri: https://management.azure.com/subscriptions/00000000-0000-0000-0000-000000000000/resourceGroups/img_tmpl_identity_000001/providers/Microsoft.Compute/galleries/sig_000003?api-version=2021-10-01
  response:
    body:
      string: "{\r\n  \"name\": \"sig_000003\",\r\n  \"id\": \"/subscriptions/00000000-0000-0000-0000-000000000000/resourceGroups/img_tmpl_identity_000001/providers/Microsoft.Compute/galleries/sig_000003\",\r\n
        \ \"type\": \"Microsoft.Compute/galleries\",\r\n  \"location\": \"westus\",\r\n
        \ \"tags\": {},\r\n  \"properties\": {\r\n    \"identifier\": {\r\n      \"uniqueName\":
        \"0b1f6471-1bf0-4dda-aec3-cb9272f09590-SIG_XRKR7F\"\r\n    },\r\n    \"provisioningState\":
        \"Creating\"\r\n  }\r\n}"
    headers:
      azure-asyncoperation:
      - https://management.azure.com/subscriptions/00000000-0000-0000-0000-000000000000/providers/Microsoft.Compute/locations/westus/capsOperations/d87319ca-2189-4206-ad3c-67873d8d5fbd?api-version=2021-10-01
      cache-control:
      - no-cache
      content-length:
      - '425'
      content-type:
      - application/json; charset=utf-8
      date:
      - Thu, 16 Feb 2023 09:44:51 GMT
      expires:
      - '-1'
      pragma:
      - no-cache
      server:
      - Microsoft-HTTPAPI/2.0
      - Microsoft-HTTPAPI/2.0
      strict-transport-security:
      - max-age=31536000; includeSubDomains
      x-content-type-options:
      - nosniff
      x-ms-ratelimit-remaining-resource:
      - Microsoft.Compute/CreateUpdateGallery3Min;48,Microsoft.Compute/CreateUpdateGallery30Min;298
      x-ms-ratelimit-remaining-subscription-writes:
      - '1199'
    status:
      code: 201
      message: Created
- request:
    body: null
    headers:
      Accept:
      - '*/*'
      Accept-Encoding:
      - gzip, deflate
      CommandName:
      - sig create
      Connection:
      - keep-alive
      ParameterSetName:
      - -g --gallery-name
      User-Agent:
      - AZURECLI/2.45.0 azsdk-python-azure-mgmt-compute/29.1.0 Python/3.10.6 (Linux-5.10.102.1-microsoft-standard-WSL2-x86_64-with-glibc2.35)
    method: GET
    uri: https://management.azure.com/subscriptions/00000000-0000-0000-0000-000000000000/providers/Microsoft.Compute/locations/westus/capsOperations/d87319ca-2189-4206-ad3c-67873d8d5fbd?api-version=2021-10-01
  response:
    body:
      string: "{\r\n  \"startTime\": \"2023-02-16T09:44:50.77053+00:00\",\r\n  \"endTime\":
        \"2023-02-16T09:44:50.8642811+00:00\",\r\n  \"status\": \"Succeeded\",\r\n
        \ \"name\": \"d87319ca-2189-4206-ad3c-67873d8d5fbd\"\r\n}"
    headers:
      cache-control:
      - no-cache
      content-length:
      - '182'
      content-type:
      - application/json; charset=utf-8
      date:
      - Thu, 16 Feb 2023 09:45:22 GMT
      expires:
      - '-1'
      pragma:
      - no-cache
      server:
      - Microsoft-HTTPAPI/2.0
      - Microsoft-HTTPAPI/2.0
      strict-transport-security:
      - max-age=31536000; includeSubDomains
      transfer-encoding:
      - chunked
      vary:
      - Accept-Encoding
      x-content-type-options:
      - nosniff
      x-ms-ratelimit-remaining-resource:
      - Microsoft.Compute/GetOperationStatus3Min;1196,Microsoft.Compute/GetOperationStatus30Min;4196
    status:
      code: 200
      message: OK
- request:
    body: null
    headers:
      Accept:
      - '*/*'
      Accept-Encoding:
      - gzip, deflate
      CommandName:
      - sig create
      Connection:
      - keep-alive
      ParameterSetName:
      - -g --gallery-name
      User-Agent:
      - AZURECLI/2.45.0 azsdk-python-azure-mgmt-compute/29.1.0 Python/3.10.6 (Linux-5.10.102.1-microsoft-standard-WSL2-x86_64-with-glibc2.35)
    method: GET
    uri: https://management.azure.com/subscriptions/00000000-0000-0000-0000-000000000000/resourceGroups/img_tmpl_identity_000001/providers/Microsoft.Compute/galleries/sig_000003?api-version=2021-10-01
  response:
    body:
      string: "{\r\n  \"name\": \"sig_000003\",\r\n  \"id\": \"/subscriptions/00000000-0000-0000-0000-000000000000/resourceGroups/img_tmpl_identity_000001/providers/Microsoft.Compute/galleries/sig_000003\",\r\n
        \ \"type\": \"Microsoft.Compute/galleries\",\r\n  \"location\": \"westus\",\r\n
        \ \"tags\": {},\r\n  \"properties\": {\r\n    \"identifier\": {\r\n      \"uniqueName\":
        \"0b1f6471-1bf0-4dda-aec3-cb9272f09590-SIG_XRKR7F\"\r\n    },\r\n    \"provisioningState\":
        \"Succeeded\"\r\n  }\r\n}"
    headers:
      cache-control:
      - no-cache
      content-length:
      - '426'
      content-type:
      - application/json; charset=utf-8
      date:
      - Thu, 16 Feb 2023 09:45:22 GMT
      expires:
      - '-1'
      pragma:
      - no-cache
      server:
      - Microsoft-HTTPAPI/2.0
      - Microsoft-HTTPAPI/2.0
      strict-transport-security:
      - max-age=31536000; includeSubDomains
      transfer-encoding:
      - chunked
      vary:
      - Accept-Encoding
      x-content-type-options:
      - nosniff
      x-ms-ratelimit-remaining-resource:
      - Microsoft.Compute/GetGallery3Min;342,Microsoft.Compute/GetGallery30Min;2492
    status:
      code: 200
      message: OK
- request:
    body: null
    headers:
      Accept:
      - application/json
      Accept-Encoding:
      - gzip, deflate
      CommandName:
      - sig image-definition create
      Connection:
      - keep-alive
      ParameterSetName:
      - -g --gallery-name --gallery-image-definition --os-type -p -f -s
      User-Agent:
      - AZURECLI/2.45.0 azsdk-python-azure-mgmt-resource/21.1.0b1 Python/3.10.6 (Linux-5.10.102.1-microsoft-standard-WSL2-x86_64-with-glibc2.35)
    method: GET
    uri: https://management.azure.com/subscriptions/00000000-0000-0000-0000-000000000000/resourcegroups/img_tmpl_identity_000001?api-version=2021-04-01
  response:
    body:
      string: '{"id":"/subscriptions/00000000-0000-0000-0000-000000000000/resourceGroups/img_tmpl_identity_000001","name":"img_tmpl_identity_000001","type":"Microsoft.Resources/resourceGroups","location":"westus","tags":{"product":"azurecli","cause":"automation","date":"2023-02-16T09:43:48Z"},"properties":{"provisioningState":"Succeeded"}}'
    headers:
      cache-control:
      - no-cache
      content-length:
      - '326'
      content-type:
      - application/json; charset=utf-8
      date:
      - Thu, 16 Feb 2023 09:45:23 GMT
      expires:
      - '-1'
      pragma:
      - no-cache
      strict-transport-security:
      - max-age=31536000; includeSubDomains
      vary:
      - Accept-Encoding
      x-content-type-options:
      - nosniff
    status:
      code: 200
      message: OK
- request:
    body: '{"location": "westus", "tags": {}, "properties": {"osType": "Linux", "osState":
      "Generalized", "hyperVGeneration": "V1", "identifier": {"publisher": "publisher1",
      "offer": "offer1", "sku": "sku1"}, "disallowed": {}}}'
    headers:
      Accept:
      - application/json
      Accept-Encoding:
      - gzip, deflate
      CommandName:
      - sig image-definition create
      Connection:
      - keep-alive
      Content-Length:
      - '216'
      Content-Type:
      - application/json
      ParameterSetName:
      - -g --gallery-name --gallery-image-definition --os-type -p -f -s
      User-Agent:
      - AZURECLI/2.45.0 azsdk-python-azure-mgmt-compute/29.1.0 Python/3.10.6 (Linux-5.10.102.1-microsoft-standard-WSL2-x86_64-with-glibc2.35)
    method: PUT
    uri: https://management.azure.com/subscriptions/00000000-0000-0000-0000-000000000000/resourceGroups/img_tmpl_identity_000001/providers/Microsoft.Compute/galleries/sig_000003/images/image1?api-version=2021-10-01
  response:
    body:
      string: "{\r\n  \"name\": \"image1\",\r\n  \"id\": \"/subscriptions/00000000-0000-0000-0000-000000000000/resourceGroups/img_tmpl_identity_000001/providers/Microsoft.Compute/galleries/sig_000003/images/image1\",\r\n
        \ \"type\": \"Microsoft.Compute/galleries/images\",\r\n  \"location\": \"westus\",\r\n
        \ \"tags\": {},\r\n  \"properties\": {\r\n    \"hyperVGeneration\": \"V1\",\r\n
        \   \"architecture\": \"x64\",\r\n    \"osType\": \"Linux\",\r\n    \"osState\":
        \"Generalized\",\r\n    \"identifier\": {\r\n      \"publisher\": \"publisher1\",\r\n
        \     \"offer\": \"offer1\",\r\n      \"sku\": \"sku1\"\r\n    },\r\n    \"provisioningState\":
        \"Creating\"\r\n  }\r\n}"
    headers:
      azure-asyncoperation:
      - https://management.azure.com/subscriptions/00000000-0000-0000-0000-000000000000/providers/Microsoft.Compute/locations/westus/capsOperations/d539ee59-f43d-4805-a3c6-1f9035ab8918?api-version=2021-10-01
      cache-control:
      - no-cache
      content-length:
      - '566'
      content-type:
      - application/json; charset=utf-8
      date:
      - Thu, 16 Feb 2023 09:45:27 GMT
      expires:
      - '-1'
      pragma:
      - no-cache
      server:
      - Microsoft-HTTPAPI/2.0
      - Microsoft-HTTPAPI/2.0
      strict-transport-security:
      - max-age=31536000; includeSubDomains
      x-content-type-options:
      - nosniff
      x-ms-ratelimit-remaining-resource:
      - Microsoft.Compute/CreateUpdateGalleryImage3Min;149,Microsoft.Compute/CreateUpdateGalleryImage30Min;749
      x-ms-ratelimit-remaining-subscription-writes:
      - '1199'
    status:
      code: 201
      message: Created
- request:
    body: null
    headers:
      Accept:
      - '*/*'
      Accept-Encoding:
      - gzip, deflate
      CommandName:
      - sig image-definition create
      Connection:
      - keep-alive
      ParameterSetName:
      - -g --gallery-name --gallery-image-definition --os-type -p -f -s
      User-Agent:
      - AZURECLI/2.45.0 azsdk-python-azure-mgmt-compute/29.1.0 Python/3.10.6 (Linux-5.10.102.1-microsoft-standard-WSL2-x86_64-with-glibc2.35)
    method: GET
    uri: https://management.azure.com/subscriptions/00000000-0000-0000-0000-000000000000/providers/Microsoft.Compute/locations/westus/capsOperations/d539ee59-f43d-4805-a3c6-1f9035ab8918?api-version=2021-10-01
  response:
    body:
      string: "{\r\n  \"startTime\": \"2023-02-16T09:45:26.8646883+00:00\",\r\n  \"endTime\":
        \"2023-02-16T09:45:26.9428127+00:00\",\r\n  \"status\": \"Succeeded\",\r\n
        \ \"name\": \"d539ee59-f43d-4805-a3c6-1f9035ab8918\"\r\n}"
    headers:
      cache-control:
      - no-cache
      content-length:
      - '184'
      content-type:
      - application/json; charset=utf-8
      date:
      - Thu, 16 Feb 2023 09:45:58 GMT
      expires:
      - '-1'
      pragma:
      - no-cache
      server:
      - Microsoft-HTTPAPI/2.0
      - Microsoft-HTTPAPI/2.0
      strict-transport-security:
      - max-age=31536000; includeSubDomains
      transfer-encoding:
      - chunked
      vary:
      - Accept-Encoding
      x-content-type-options:
      - nosniff
      x-ms-ratelimit-remaining-resource:
      - Microsoft.Compute/GetOperationStatus3Min;1193,Microsoft.Compute/GetOperationStatus30Min;4193
    status:
      code: 200
      message: OK
- request:
    body: null
    headers:
      Accept:
      - '*/*'
      Accept-Encoding:
      - gzip, deflate
      CommandName:
      - sig image-definition create
      Connection:
      - keep-alive
      ParameterSetName:
      - -g --gallery-name --gallery-image-definition --os-type -p -f -s
      User-Agent:
      - AZURECLI/2.45.0 azsdk-python-azure-mgmt-compute/29.1.0 Python/3.10.6 (Linux-5.10.102.1-microsoft-standard-WSL2-x86_64-with-glibc2.35)
    method: GET
    uri: https://management.azure.com/subscriptions/00000000-0000-0000-0000-000000000000/resourceGroups/img_tmpl_identity_000001/providers/Microsoft.Compute/galleries/sig_000003/images/image1?api-version=2021-10-01
  response:
    body:
      string: "{\r\n  \"name\": \"image1\",\r\n  \"id\": \"/subscriptions/00000000-0000-0000-0000-000000000000/resourceGroups/img_tmpl_identity_000001/providers/Microsoft.Compute/galleries/sig_000003/images/image1\",\r\n
        \ \"type\": \"Microsoft.Compute/galleries/images\",\r\n  \"location\": \"westus\",\r\n
        \ \"tags\": {},\r\n  \"properties\": {\r\n    \"hyperVGeneration\": \"V1\",\r\n
        \   \"architecture\": \"x64\",\r\n    \"osType\": \"Linux\",\r\n    \"osState\":
        \"Generalized\",\r\n    \"identifier\": {\r\n      \"publisher\": \"publisher1\",\r\n
        \     \"offer\": \"offer1\",\r\n      \"sku\": \"sku1\"\r\n    },\r\n    \"provisioningState\":
        \"Succeeded\"\r\n  }\r\n}"
    headers:
      cache-control:
      - no-cache
      content-length:
      - '567'
      content-type:
      - application/json; charset=utf-8
      date:
      - Thu, 16 Feb 2023 09:45:58 GMT
      expires:
      - '-1'
      pragma:
      - no-cache
      server:
      - Microsoft-HTTPAPI/2.0
      - Microsoft-HTTPAPI/2.0
      strict-transport-security:
      - max-age=31536000; includeSubDomains
      transfer-encoding:
      - chunked
      vary:
      - Accept-Encoding
      x-content-type-options:
      - nosniff
      x-ms-ratelimit-remaining-resource:
      - Microsoft.Compute/GetGalleryImage3Min;593,Microsoft.Compute/GetGalleryImage30Min;2993
    status:
      code: 200
      message: OK
- request:
    body: null
    headers:
      Accept:
      - application/json
      Accept-Encoding:
      - gzip, deflate
      CommandName:
      - image builder create
      Connection:
      - keep-alive
      ParameterSetName:
      - -n -g --scripts --image-source --identity --defer
      User-Agent:
      - AZURECLI/2.45.0 azsdk-python-azure-mgmt-resource/21.1.0b1 Python/3.10.6 (Linux-5.10.102.1-microsoft-standard-WSL2-x86_64-with-glibc2.35)
    method: GET
    uri: https://management.azure.com/subscriptions/00000000-0000-0000-0000-000000000000/resourcegroups/img_tmpl_identity_000001?api-version=2021-04-01
  response:
    body:
      string: '{"id":"/subscriptions/00000000-0000-0000-0000-000000000000/resourceGroups/img_tmpl_identity_000001","name":"img_tmpl_identity_000001","type":"Microsoft.Resources/resourceGroups","location":"westus","tags":{"product":"azurecli","cause":"automation","date":"2023-02-16T09:43:48Z"},"properties":{"provisioningState":"Succeeded"}}'
    headers:
      cache-control:
      - no-cache
      content-length:
      - '326'
      content-type:
      - application/json; charset=utf-8
      date:
      - Thu, 16 Feb 2023 09:45:58 GMT
      expires:
      - '-1'
      pragma:
      - no-cache
      strict-transport-security:
      - max-age=31536000; includeSubDomains
      vary:
      - Accept-Encoding
      x-content-type-options:
      - nosniff
    status:
      code: 200
      message: OK
- request:
    body: null
    headers:
      Accept:
      - application/json
      Accept-Encoding:
      - gzip, deflate
      CommandName:
      - image builder create
      Connection:
      - keep-alive
      ParameterSetName:
      - -n -g --scripts --image-source --identity --defer
      User-Agent:
      - AZURECLI/2.45.0 azsdk-python-azure-mgmt-resource/21.1.0b1 Python/3.10.6 (Linux-5.10.102.1-microsoft-standard-WSL2-x86_64-with-glibc2.35)
    method: GET
    uri: https://management.azure.com/subscriptions/00000000-0000-0000-0000-000000000000/locations?api-version=2019-11-01
  response:
    body:
      string: "{\"value\":[{\"id\":\"/subscriptions/00000000-0000-0000-0000-000000000000/locations/eastus\",\"name\":\"eastus\",\"displayName\":\"East
        US\",\"regionalDisplayName\":\"(US) East US\",\"metadata\":{\"regionType\":\"Physical\",\"regionCategory\":\"Recommended\",\"geographyGroup\":\"US\",\"longitude\":\"-79.8164\",\"latitude\":\"37.3719\",\"physicalLocation\":\"Virginia\",\"pairedRegion\":[{\"name\":\"westus\",\"id\":\"/subscriptions/00000000-0000-0000-0000-000000000000/locations/westus\"}]}},{\"id\":\"/subscriptions/00000000-0000-0000-0000-000000000000/locations/eastus2\",\"name\":\"eastus2\",\"displayName\":\"East
        US 2\",\"regionalDisplayName\":\"(US) East US 2\",\"metadata\":{\"regionType\":\"Physical\",\"regionCategory\":\"Recommended\",\"geographyGroup\":\"US\",\"longitude\":\"-78.3889\",\"latitude\":\"36.6681\",\"physicalLocation\":\"Virginia\",\"pairedRegion\":[{\"name\":\"centralus\",\"id\":\"/subscriptions/00000000-0000-0000-0000-000000000000/locations/centralus\"}]}},{\"id\":\"/subscriptions/00000000-0000-0000-0000-000000000000/locations/southcentralus\",\"name\":\"southcentralus\",\"displayName\":\"South
        Central US\",\"regionalDisplayName\":\"(US) South Central US\",\"metadata\":{\"regionType\":\"Physical\",\"regionCategory\":\"Recommended\",\"geographyGroup\":\"US\",\"longitude\":\"-98.5\",\"latitude\":\"29.4167\",\"physicalLocation\":\"Texas\",\"pairedRegion\":[{\"name\":\"northcentralus\",\"id\":\"/subscriptions/00000000-0000-0000-0000-000000000000/locations/northcentralus\"}]}},{\"id\":\"/subscriptions/00000000-0000-0000-0000-000000000000/locations/westus2\",\"name\":\"westus2\",\"displayName\":\"West
        US 2\",\"regionalDisplayName\":\"(US) West US 2\",\"metadata\":{\"regionType\":\"Physical\",\"regionCategory\":\"Recommended\",\"geographyGroup\":\"US\",\"longitude\":\"-119.852\",\"latitude\":\"47.233\",\"physicalLocation\":\"Washington\",\"pairedRegion\":[{\"name\":\"westcentralus\",\"id\":\"/subscriptions/00000000-0000-0000-0000-000000000000/locations/westcentralus\"}]}},{\"id\":\"/subscriptions/00000000-0000-0000-0000-000000000000/locations/westus3\",\"name\":\"westus3\",\"displayName\":\"West
        US 3\",\"regionalDisplayName\":\"(US) West US 3\",\"metadata\":{\"regionType\":\"Physical\",\"regionCategory\":\"Recommended\",\"geographyGroup\":\"US\",\"longitude\":\"-112.074036\",\"latitude\":\"33.448376\",\"physicalLocation\":\"Phoenix\",\"pairedRegion\":[{\"name\":\"eastus\",\"id\":\"/subscriptions/00000000-0000-0000-0000-000000000000/locations/eastus\"}]}},{\"id\":\"/subscriptions/00000000-0000-0000-0000-000000000000/locations/australiaeast\",\"name\":\"australiaeast\",\"displayName\":\"Australia
        East\",\"regionalDisplayName\":\"(Asia Pacific) Australia East\",\"metadata\":{\"regionType\":\"Physical\",\"regionCategory\":\"Recommended\",\"geographyGroup\":\"Asia
        Pacific\",\"longitude\":\"151.2094\",\"latitude\":\"-33.86\",\"physicalLocation\":\"New
        South Wales\",\"pairedRegion\":[{\"name\":\"australiasoutheast\",\"id\":\"/subscriptions/00000000-0000-0000-0000-000000000000/locations/australiasoutheast\"}]}},{\"id\":\"/subscriptions/00000000-0000-0000-0000-000000000000/locations/southeastasia\",\"name\":\"southeastasia\",\"displayName\":\"Southeast
        Asia\",\"regionalDisplayName\":\"(Asia Pacific) Southeast Asia\",\"metadata\":{\"regionType\":\"Physical\",\"regionCategory\":\"Recommended\",\"geographyGroup\":\"Asia
        Pacific\",\"longitude\":\"103.833\",\"latitude\":\"1.283\",\"physicalLocation\":\"Singapore\",\"pairedRegion\":[{\"name\":\"eastasia\",\"id\":\"/subscriptions/00000000-0000-0000-0000-000000000000/locations/eastasia\"}]}},{\"id\":\"/subscriptions/00000000-0000-0000-0000-000000000000/locations/northeurope\",\"name\":\"northeurope\",\"displayName\":\"North
        Europe\",\"regionalDisplayName\":\"(Europe) North Europe\",\"metadata\":{\"regionType\":\"Physical\",\"regionCategory\":\"Recommended\",\"geographyGroup\":\"Europe\",\"longitude\":\"-6.2597\",\"latitude\":\"53.3478\",\"physicalLocation\":\"Ireland\",\"pairedRegion\":[{\"name\":\"westeurope\",\"id\":\"/subscriptions/00000000-0000-0000-0000-000000000000/locations/westeurope\"}]}},{\"id\":\"/subscriptions/00000000-0000-0000-0000-000000000000/locations/swedencentral\",\"name\":\"swedencentral\",\"displayName\":\"Sweden
        Central\",\"regionalDisplayName\":\"(Europe) Sweden Central\",\"metadata\":{\"regionType\":\"Physical\",\"regionCategory\":\"Recommended\",\"geographyGroup\":\"Europe\",\"longitude\":\"17.14127\",\"latitude\":\"60.67488\",\"physicalLocation\":\"G\xE4vle\",\"pairedRegion\":[{\"name\":\"swedensouth\",\"id\":\"/subscriptions/00000000-0000-0000-0000-000000000000/locations/swedensouth\"}]}},{\"id\":\"/subscriptions/00000000-0000-0000-0000-000000000000/locations/uksouth\",\"name\":\"uksouth\",\"displayName\":\"UK
        South\",\"regionalDisplayName\":\"(Europe) UK South\",\"metadata\":{\"regionType\":\"Physical\",\"regionCategory\":\"Recommended\",\"geographyGroup\":\"Europe\",\"longitude\":\"-0.799\",\"latitude\":\"50.941\",\"physicalLocation\":\"London\",\"pairedRegion\":[{\"name\":\"ukwest\",\"id\":\"/subscriptions/00000000-0000-0000-0000-000000000000/locations/ukwest\"}]}},{\"id\":\"/subscriptions/00000000-0000-0000-0000-000000000000/locations/westeurope\",\"name\":\"westeurope\",\"displayName\":\"West
        Europe\",\"regionalDisplayName\":\"(Europe) West Europe\",\"metadata\":{\"regionType\":\"Physical\",\"regionCategory\":\"Recommended\",\"geographyGroup\":\"Europe\",\"longitude\":\"4.9\",\"latitude\":\"52.3667\",\"physicalLocation\":\"Netherlands\",\"pairedRegion\":[{\"name\":\"northeurope\",\"id\":\"/subscriptions/00000000-0000-0000-0000-000000000000/locations/northeurope\"}]}},{\"id\":\"/subscriptions/00000000-0000-0000-0000-000000000000/locations/centralus\",\"name\":\"centralus\",\"displayName\":\"Central
        US\",\"regionalDisplayName\":\"(US) Central US\",\"metadata\":{\"regionType\":\"Physical\",\"regionCategory\":\"Recommended\",\"geographyGroup\":\"US\",\"longitude\":\"-93.6208\",\"latitude\":\"41.5908\",\"physicalLocation\":\"Iowa\",\"pairedRegion\":[{\"name\":\"eastus2\",\"id\":\"/subscriptions/00000000-0000-0000-0000-000000000000/locations/eastus2\"}]}},{\"id\":\"/subscriptions/00000000-0000-0000-0000-000000000000/locations/southafricanorth\",\"name\":\"southafricanorth\",\"displayName\":\"South
        Africa North\",\"regionalDisplayName\":\"(Africa) South Africa North\",\"metadata\":{\"regionType\":\"Physical\",\"regionCategory\":\"Recommended\",\"geographyGroup\":\"Africa\",\"longitude\":\"28.218370\",\"latitude\":\"-25.731340\",\"physicalLocation\":\"Johannesburg\",\"pairedRegion\":[{\"name\":\"southafricawest\",\"id\":\"/subscriptions/00000000-0000-0000-0000-000000000000/locations/southafricawest\"}]}},{\"id\":\"/subscriptions/00000000-0000-0000-0000-000000000000/locations/centralindia\",\"name\":\"centralindia\",\"displayName\":\"Central
        India\",\"regionalDisplayName\":\"(Asia Pacific) Central India\",\"metadata\":{\"regionType\":\"Physical\",\"regionCategory\":\"Recommended\",\"geographyGroup\":\"Asia
        Pacific\",\"longitude\":\"73.9197\",\"latitude\":\"18.5822\",\"physicalLocation\":\"Pune\",\"pairedRegion\":[{\"name\":\"southindia\",\"id\":\"/subscriptions/00000000-0000-0000-0000-000000000000/locations/southindia\"}]}},{\"id\":\"/subscriptions/00000000-0000-0000-0000-000000000000/locations/eastasia\",\"name\":\"eastasia\",\"displayName\":\"East
        Asia\",\"regionalDisplayName\":\"(Asia Pacific) East Asia\",\"metadata\":{\"regionType\":\"Physical\",\"regionCategory\":\"Recommended\",\"geographyGroup\":\"Asia
        Pacific\",\"longitude\":\"114.188\",\"latitude\":\"22.267\",\"physicalLocation\":\"Hong
        Kong\",\"pairedRegion\":[{\"name\":\"southeastasia\",\"id\":\"/subscriptions/00000000-0000-0000-0000-000000000000/locations/southeastasia\"}]}},{\"id\":\"/subscriptions/00000000-0000-0000-0000-000000000000/locations/japaneast\",\"name\":\"japaneast\",\"displayName\":\"Japan
        East\",\"regionalDisplayName\":\"(Asia Pacific) Japan East\",\"metadata\":{\"regionType\":\"Physical\",\"regionCategory\":\"Recommended\",\"geographyGroup\":\"Asia
        Pacific\",\"longitude\":\"139.77\",\"latitude\":\"35.68\",\"physicalLocation\":\"Tokyo,
        Saitama\",\"pairedRegion\":[{\"name\":\"japanwest\",\"id\":\"/subscriptions/00000000-0000-0000-0000-000000000000/locations/japanwest\"}]}},{\"id\":\"/subscriptions/00000000-0000-0000-0000-000000000000/locations/koreacentral\",\"name\":\"koreacentral\",\"displayName\":\"Korea
        Central\",\"regionalDisplayName\":\"(Asia Pacific) Korea Central\",\"metadata\":{\"regionType\":\"Physical\",\"regionCategory\":\"Recommended\",\"geographyGroup\":\"Asia
        Pacific\",\"longitude\":\"126.9780\",\"latitude\":\"37.5665\",\"physicalLocation\":\"Seoul\",\"pairedRegion\":[{\"name\":\"koreasouth\",\"id\":\"/subscriptions/00000000-0000-0000-0000-000000000000/locations/koreasouth\"}]}},{\"id\":\"/subscriptions/00000000-0000-0000-0000-000000000000/locations/canadacentral\",\"name\":\"canadacentral\",\"displayName\":\"Canada
        Central\",\"regionalDisplayName\":\"(Canada) Canada Central\",\"metadata\":{\"regionType\":\"Physical\",\"regionCategory\":\"Recommended\",\"geographyGroup\":\"Canada\",\"longitude\":\"-79.383\",\"latitude\":\"43.653\",\"physicalLocation\":\"Toronto\",\"pairedRegion\":[{\"name\":\"canadaeast\",\"id\":\"/subscriptions/00000000-0000-0000-0000-000000000000/locations/canadaeast\"}]}},{\"id\":\"/subscriptions/00000000-0000-0000-0000-000000000000/locations/francecentral\",\"name\":\"francecentral\",\"displayName\":\"France
        Central\",\"regionalDisplayName\":\"(Europe) France Central\",\"metadata\":{\"regionType\":\"Physical\",\"regionCategory\":\"Recommended\",\"geographyGroup\":\"Europe\",\"longitude\":\"2.3730\",\"latitude\":\"46.3772\",\"physicalLocation\":\"Paris\",\"pairedRegion\":[{\"name\":\"francesouth\",\"id\":\"/subscriptions/00000000-0000-0000-0000-000000000000/locations/francesouth\"}]}},{\"id\":\"/subscriptions/00000000-0000-0000-0000-000000000000/locations/germanywestcentral\",\"name\":\"germanywestcentral\",\"displayName\":\"Germany
        West Central\",\"regionalDisplayName\":\"(Europe) Germany West Central\",\"metadata\":{\"regionType\":\"Physical\",\"regionCategory\":\"Recommended\",\"geographyGroup\":\"Europe\",\"longitude\":\"8.682127\",\"latitude\":\"50.110924\",\"physicalLocation\":\"Frankfurt\",\"pairedRegion\":[{\"name\":\"germanynorth\",\"id\":\"/subscriptions/00000000-0000-0000-0000-000000000000/locations/germanynorth\"}]}},{\"id\":\"/subscriptions/00000000-0000-0000-0000-000000000000/locations/norwayeast\",\"name\":\"norwayeast\",\"displayName\":\"Norway
        East\",\"regionalDisplayName\":\"(Europe) Norway East\",\"metadata\":{\"regionType\":\"Physical\",\"regionCategory\":\"Recommended\",\"geographyGroup\":\"Europe\",\"longitude\":\"10.752245\",\"latitude\":\"59.913868\",\"physicalLocation\":\"Norway\",\"pairedRegion\":[{\"name\":\"norwaywest\",\"id\":\"/subscriptions/00000000-0000-0000-0000-000000000000/locations/norwaywest\"}]}},{\"id\":\"/subscriptions/00000000-0000-0000-0000-000000000000/locations/switzerlandnorth\",\"name\":\"switzerlandnorth\",\"displayName\":\"Switzerland
        North\",\"regionalDisplayName\":\"(Europe) Switzerland North\",\"metadata\":{\"regionType\":\"Physical\",\"regionCategory\":\"Recommended\",\"geographyGroup\":\"Europe\",\"longitude\":\"8.564572\",\"latitude\":\"47.451542\",\"physicalLocation\":\"Zurich\",\"pairedRegion\":[{\"name\":\"switzerlandwest\",\"id\":\"/subscriptions/00000000-0000-0000-0000-000000000000/locations/switzerlandwest\"}]}},{\"id\":\"/subscriptions/00000000-0000-0000-0000-000000000000/locations/uaenorth\",\"name\":\"uaenorth\",\"displayName\":\"UAE
        North\",\"regionalDisplayName\":\"(Middle East) UAE North\",\"metadata\":{\"regionType\":\"Physical\",\"regionCategory\":\"Recommended\",\"geographyGroup\":\"Middle
        East\",\"longitude\":\"55.316666\",\"latitude\":\"25.266666\",\"physicalLocation\":\"Dubai\",\"pairedRegion\":[{\"name\":\"uaecentral\",\"id\":\"/subscriptions/00000000-0000-0000-0000-000000000000/locations/uaecentral\"}]}},{\"id\":\"/subscriptions/00000000-0000-0000-0000-000000000000/locations/brazilsouth\",\"name\":\"brazilsouth\",\"displayName\":\"Brazil
        South\",\"regionalDisplayName\":\"(South America) Brazil South\",\"metadata\":{\"regionType\":\"Physical\",\"regionCategory\":\"Recommended\",\"geographyGroup\":\"South
        America\",\"longitude\":\"-46.633\",\"latitude\":\"-23.55\",\"physicalLocation\":\"Sao
        Paulo State\",\"pairedRegion\":[{\"name\":\"southcentralus\",\"id\":\"/subscriptions/00000000-0000-0000-0000-000000000000/locations/southcentralus\"}]}},{\"id\":\"/subscriptions/00000000-0000-0000-0000-000000000000/locations/eastus2euap\",\"name\":\"eastus2euap\",\"displayName\":\"East
        US 2 EUAP\",\"regionalDisplayName\":\"(US) East US 2 EUAP\",\"metadata\":{\"regionType\":\"Physical\",\"regionCategory\":\"Recommended\",\"geographyGroup\":\"US\",\"longitude\":\"-78.3889\",\"latitude\":\"36.6681\",\"pairedRegion\":[{\"name\":\"centraluseuap\",\"id\":\"/subscriptions/00000000-0000-0000-0000-000000000000/locations/centraluseuap\"}]}},{\"id\":\"/subscriptions/00000000-0000-0000-0000-000000000000/locations/qatarcentral\",\"name\":\"qatarcentral\",\"displayName\":\"Qatar
        Central\",\"regionalDisplayName\":\"(Middle East) Qatar Central\",\"metadata\":{\"regionType\":\"Physical\",\"regionCategory\":\"Recommended\",\"geographyGroup\":\"Middle
        East\",\"longitude\":\"51.439327\",\"latitude\":\"25.551462\",\"physicalLocation\":\"Doha\",\"pairedRegion\":[]}},{\"id\":\"/subscriptions/00000000-0000-0000-0000-000000000000/locations/centralusstage\",\"name\":\"centralusstage\",\"displayName\":\"Central
        US (Stage)\",\"regionalDisplayName\":\"(US) Central US (Stage)\",\"metadata\":{\"regionType\":\"Logical\",\"regionCategory\":\"Other\",\"geographyGroup\":\"US\"}},{\"id\":\"/subscriptions/00000000-0000-0000-0000-000000000000/locations/eastusstage\",\"name\":\"eastusstage\",\"displayName\":\"East
        US (Stage)\",\"regionalDisplayName\":\"(US) East US (Stage)\",\"metadata\":{\"regionType\":\"Logical\",\"regionCategory\":\"Other\",\"geographyGroup\":\"US\"}},{\"id\":\"/subscriptions/00000000-0000-0000-0000-000000000000/locations/eastus2stage\",\"name\":\"eastus2stage\",\"displayName\":\"East
        US 2 (Stage)\",\"regionalDisplayName\":\"(US) East US 2 (Stage)\",\"metadata\":{\"regionType\":\"Logical\",\"regionCategory\":\"Other\",\"geographyGroup\":\"US\"}},{\"id\":\"/subscriptions/00000000-0000-0000-0000-000000000000/locations/northcentralusstage\",\"name\":\"northcentralusstage\",\"displayName\":\"North
        Central US (Stage)\",\"regionalDisplayName\":\"(US) North Central US (Stage)\",\"metadata\":{\"regionType\":\"Logical\",\"regionCategory\":\"Other\",\"geographyGroup\":\"US\"}},{\"id\":\"/subscriptions/00000000-0000-0000-0000-000000000000/locations/southcentralusstage\",\"name\":\"southcentralusstage\",\"displayName\":\"South
        Central US (Stage)\",\"regionalDisplayName\":\"(US) South Central US (Stage)\",\"metadata\":{\"regionType\":\"Logical\",\"regionCategory\":\"Other\",\"geographyGroup\":\"US\"}},{\"id\":\"/subscriptions/00000000-0000-0000-0000-000000000000/locations/westusstage\",\"name\":\"westusstage\",\"displayName\":\"West
        US (Stage)\",\"regionalDisplayName\":\"(US) West US (Stage)\",\"metadata\":{\"regionType\":\"Logical\",\"regionCategory\":\"Other\",\"geographyGroup\":\"US\"}},{\"id\":\"/subscriptions/00000000-0000-0000-0000-000000000000/locations/westus2stage\",\"name\":\"westus2stage\",\"displayName\":\"West
        US 2 (Stage)\",\"regionalDisplayName\":\"(US) West US 2 (Stage)\",\"metadata\":{\"regionType\":\"Logical\",\"regionCategory\":\"Other\",\"geographyGroup\":\"US\"}},{\"id\":\"/subscriptions/00000000-0000-0000-0000-000000000000/locations/asia\",\"name\":\"asia\",\"displayName\":\"Asia\",\"regionalDisplayName\":\"Asia\",\"metadata\":{\"regionType\":\"Logical\",\"regionCategory\":\"Other\"}},{\"id\":\"/subscriptions/00000000-0000-0000-0000-000000000000/locations/asiapacific\",\"name\":\"asiapacific\",\"displayName\":\"Asia
        Pacific\",\"regionalDisplayName\":\"Asia Pacific\",\"metadata\":{\"regionType\":\"Logical\",\"regionCategory\":\"Other\"}},{\"id\":\"/subscriptions/00000000-0000-0000-0000-000000000000/locations/australia\",\"name\":\"australia\",\"displayName\":\"Australia\",\"regionalDisplayName\":\"Australia\",\"metadata\":{\"regionType\":\"Logical\",\"regionCategory\":\"Other\"}},{\"id\":\"/subscriptions/00000000-0000-0000-0000-000000000000/locations/brazil\",\"name\":\"brazil\",\"displayName\":\"Brazil\",\"regionalDisplayName\":\"Brazil\",\"metadata\":{\"regionType\":\"Logical\",\"regionCategory\":\"Other\"}},{\"id\":\"/subscriptions/00000000-0000-0000-0000-000000000000/locations/canada\",\"name\":\"canada\",\"displayName\":\"Canada\",\"regionalDisplayName\":\"Canada\",\"metadata\":{\"regionType\":\"Logical\",\"regionCategory\":\"Other\"}},{\"id\":\"/subscriptions/00000000-0000-0000-0000-000000000000/locations/europe\",\"name\":\"europe\",\"displayName\":\"Europe\",\"regionalDisplayName\":\"Europe\",\"metadata\":{\"regionType\":\"Logical\",\"regionCategory\":\"Other\"}},{\"id\":\"/subscriptions/00000000-0000-0000-0000-000000000000/locations/france\",\"name\":\"france\",\"displayName\":\"France\",\"regionalDisplayName\":\"France\",\"metadata\":{\"regionType\":\"Logical\",\"regionCategory\":\"Other\"}},{\"id\":\"/subscriptions/00000000-0000-0000-0000-000000000000/locations/germany\",\"name\":\"germany\",\"displayName\":\"Germany\",\"regionalDisplayName\":\"Germany\",\"metadata\":{\"regionType\":\"Logical\",\"regionCategory\":\"Other\"}},{\"id\":\"/subscriptions/00000000-0000-0000-0000-000000000000/locations/global\",\"name\":\"global\",\"displayName\":\"Global\",\"regionalDisplayName\":\"Global\",\"metadata\":{\"regionType\":\"Logical\",\"regionCategory\":\"Other\"}},{\"id\":\"/subscriptions/00000000-0000-0000-0000-000000000000/locations/india\",\"name\":\"india\",\"displayName\":\"India\",\"regionalDisplayName\":\"India\",\"metadata\":{\"regionType\":\"Logical\",\"regionCategory\":\"Other\"}},{\"id\":\"/subscriptions/00000000-0000-0000-0000-000000000000/locations/japan\",\"name\":\"japan\",\"displayName\":\"Japan\",\"regionalDisplayName\":\"Japan\",\"metadata\":{\"regionType\":\"Logical\",\"regionCategory\":\"Other\"}},{\"id\":\"/subscriptions/00000000-0000-0000-0000-000000000000/locations/korea\",\"name\":\"korea\",\"displayName\":\"Korea\",\"regionalDisplayName\":\"Korea\",\"metadata\":{\"regionType\":\"Logical\",\"regionCategory\":\"Other\"}},{\"id\":\"/subscriptions/00000000-0000-0000-0000-000000000000/locations/norway\",\"name\":\"norway\",\"displayName\":\"Norway\",\"regionalDisplayName\":\"Norway\",\"metadata\":{\"regionType\":\"Logical\",\"regionCategory\":\"Other\"}},{\"id\":\"/subscriptions/00000000-0000-0000-0000-000000000000/locations/singapore\",\"name\":\"singapore\",\"displayName\":\"Singapore\",\"regionalDisplayName\":\"Singapore\",\"metadata\":{\"regionType\":\"Logical\",\"regionCategory\":\"Other\"}},{\"id\":\"/subscriptions/00000000-0000-0000-0000-000000000000/locations/southafrica\",\"name\":\"southafrica\",\"displayName\":\"South
        Africa\",\"regionalDisplayName\":\"South Africa\",\"metadata\":{\"regionType\":\"Logical\",\"regionCategory\":\"Other\"}},{\"id\":\"/subscriptions/00000000-0000-0000-0000-000000000000/locations/switzerland\",\"name\":\"switzerland\",\"displayName\":\"Switzerland\",\"regionalDisplayName\":\"Switzerland\",\"metadata\":{\"regionType\":\"Logical\",\"regionCategory\":\"Other\"}},{\"id\":\"/subscriptions/00000000-0000-0000-0000-000000000000/locations/uae\",\"name\":\"uae\",\"displayName\":\"United
        Arab Emirates\",\"regionalDisplayName\":\"United Arab Emirates\",\"metadata\":{\"regionType\":\"Logical\",\"regionCategory\":\"Other\"}},{\"id\":\"/subscriptions/00000000-0000-0000-0000-000000000000/locations/uk\",\"name\":\"uk\",\"displayName\":\"United
        Kingdom\",\"regionalDisplayName\":\"United Kingdom\",\"metadata\":{\"regionType\":\"Logical\",\"regionCategory\":\"Other\"}},{\"id\":\"/subscriptions/00000000-0000-0000-0000-000000000000/locations/unitedstates\",\"name\":\"unitedstates\",\"displayName\":\"United
        States\",\"regionalDisplayName\":\"United States\",\"metadata\":{\"regionType\":\"Logical\",\"regionCategory\":\"Other\"}},{\"id\":\"/subscriptions/00000000-0000-0000-0000-000000000000/locations/unitedstateseuap\",\"name\":\"unitedstateseuap\",\"displayName\":\"United
        States EUAP\",\"regionalDisplayName\":\"United States EUAP\",\"metadata\":{\"regionType\":\"Logical\",\"regionCategory\":\"Other\"}},{\"id\":\"/subscriptions/00000000-0000-0000-0000-000000000000/locations/eastasiastage\",\"name\":\"eastasiastage\",\"displayName\":\"East
        Asia (Stage)\",\"regionalDisplayName\":\"(Asia Pacific) East Asia (Stage)\",\"metadata\":{\"regionType\":\"Logical\",\"regionCategory\":\"Other\",\"geographyGroup\":\"Asia
        Pacific\"}},{\"id\":\"/subscriptions/00000000-0000-0000-0000-000000000000/locations/southeastasiastage\",\"name\":\"southeastasiastage\",\"displayName\":\"Southeast
        Asia (Stage)\",\"regionalDisplayName\":\"(Asia Pacific) Southeast Asia (Stage)\",\"metadata\":{\"regionType\":\"Logical\",\"regionCategory\":\"Other\",\"geographyGroup\":\"Asia
        Pacific\"}},{\"id\":\"/subscriptions/00000000-0000-0000-0000-000000000000/locations/eastusstg\",\"name\":\"eastusstg\",\"displayName\":\"East
        US STG\",\"regionalDisplayName\":\"(US) East US STG\",\"metadata\":{\"regionType\":\"Physical\",\"regionCategory\":\"Other\",\"geographyGroup\":\"US\",\"longitude\":\"-79.8164\",\"latitude\":\"37.3719\",\"physicalLocation\":\"Virginia\",\"pairedRegion\":[{\"name\":\"southcentralusstg\",\"id\":\"/subscriptions/00000000-0000-0000-0000-000000000000/locations/southcentralusstg\"}]}},{\"id\":\"/subscriptions/00000000-0000-0000-0000-000000000000/locations/southcentralusstg\",\"name\":\"southcentralusstg\",\"displayName\":\"South
        Central US STG\",\"regionalDisplayName\":\"(US) South Central US STG\",\"metadata\":{\"regionType\":\"Physical\",\"regionCategory\":\"Other\",\"geographyGroup\":\"US\",\"longitude\":\"-98.5\",\"latitude\":\"29.4167\",\"physicalLocation\":\"Texas\",\"pairedRegion\":[{\"name\":\"eastusstg\",\"id\":\"/subscriptions/00000000-0000-0000-0000-000000000000/locations/eastusstg\"}]}},{\"id\":\"/subscriptions/00000000-0000-0000-0000-000000000000/locations/northcentralus\",\"name\":\"northcentralus\",\"displayName\":\"North
        Central US\",\"regionalDisplayName\":\"(US) North Central US\",\"metadata\":{\"regionType\":\"Physical\",\"regionCategory\":\"Other\",\"geographyGroup\":\"US\",\"longitude\":\"-87.6278\",\"latitude\":\"41.8819\",\"physicalLocation\":\"Illinois\",\"pairedRegion\":[{\"name\":\"southcentralus\",\"id\":\"/subscriptions/00000000-0000-0000-0000-000000000000/locations/southcentralus\"}]}},{\"id\":\"/subscriptions/00000000-0000-0000-0000-000000000000/locations/westus\",\"name\":\"westus\",\"displayName\":\"West
        US\",\"regionalDisplayName\":\"(US) West US\",\"metadata\":{\"regionType\":\"Physical\",\"regionCategory\":\"Other\",\"geographyGroup\":\"US\",\"longitude\":\"-122.417\",\"latitude\":\"37.783\",\"physicalLocation\":\"California\",\"pairedRegion\":[{\"name\":\"eastus\",\"id\":\"/subscriptions/00000000-0000-0000-0000-000000000000/locations/eastus\"}]}},{\"id\":\"/subscriptions/00000000-0000-0000-0000-000000000000/locations/jioindiawest\",\"name\":\"jioindiawest\",\"displayName\":\"Jio
        India West\",\"regionalDisplayName\":\"(Asia Pacific) Jio India West\",\"metadata\":{\"regionType\":\"Physical\",\"regionCategory\":\"Other\",\"geographyGroup\":\"Asia
        Pacific\",\"longitude\":\"70.05773\",\"latitude\":\"22.470701\",\"physicalLocation\":\"Jamnagar\",\"pairedRegion\":[{\"name\":\"jioindiacentral\",\"id\":\"/subscriptions/00000000-0000-0000-0000-000000000000/locations/jioindiacentral\"}]}},{\"id\":\"/subscriptions/00000000-0000-0000-0000-000000000000/locations/taiwannorth\",\"name\":\"taiwannorth\",\"displayName\":\"Taiwan
        North\",\"regionalDisplayName\":\"(Asia Pacific) Taiwan North\",\"metadata\":{\"regionType\":\"Physical\",\"regionCategory\":\"Other\",\"geographyGroup\":\"Asia
        Pacific\",\"longitude\":\"121.3662962\",\"latitude\":\"25.0174719\",\"physicalLocation\":\"Taiwan
        North\",\"pairedRegion\":[{\"name\":\"taiwannw\",\"id\":\"/subscriptions/00000000-0000-0000-0000-000000000000/locations/taiwannw\"}]}},{\"id\":\"/subscriptions/00000000-0000-0000-0000-000000000000/locations/centraluseuap\",\"name\":\"centraluseuap\",\"displayName\":\"Central
        US EUAP\",\"regionalDisplayName\":\"(US) Central US EUAP\",\"metadata\":{\"regionType\":\"Physical\",\"regionCategory\":\"Other\",\"geographyGroup\":\"US\",\"longitude\":\"-93.6208\",\"latitude\":\"41.5908\",\"pairedRegion\":[{\"name\":\"eastus2euap\",\"id\":\"/subscriptions/00000000-0000-0000-0000-000000000000/locations/eastus2euap\"}]}},{\"id\":\"/subscriptions/00000000-0000-0000-0000-000000000000/locations/westcentralus\",\"name\":\"westcentralus\",\"displayName\":\"West
        Central US\",\"regionalDisplayName\":\"(US) West Central US\",\"metadata\":{\"regionType\":\"Physical\",\"regionCategory\":\"Other\",\"geographyGroup\":\"US\",\"longitude\":\"-110.234\",\"latitude\":\"40.890\",\"physicalLocation\":\"Wyoming\",\"pairedRegion\":[{\"name\":\"westus2\",\"id\":\"/subscriptions/00000000-0000-0000-0000-000000000000/locations/westus2\"}]}},{\"id\":\"/subscriptions/00000000-0000-0000-0000-000000000000/locations/southafricawest\",\"name\":\"southafricawest\",\"displayName\":\"South
        Africa West\",\"regionalDisplayName\":\"(Africa) South Africa West\",\"metadata\":{\"regionType\":\"Physical\",\"regionCategory\":\"Other\",\"geographyGroup\":\"Africa\",\"longitude\":\"18.843266\",\"latitude\":\"-34.075691\",\"physicalLocation\":\"Cape
        Town\",\"pairedRegion\":[{\"name\":\"southafricanorth\",\"id\":\"/subscriptions/00000000-0000-0000-0000-000000000000/locations/southafricanorth\"}]}},{\"id\":\"/subscriptions/00000000-0000-0000-0000-000000000000/locations/australiacentral\",\"name\":\"australiacentral\",\"displayName\":\"Australia
        Central\",\"regionalDisplayName\":\"(Asia Pacific) Australia Central\",\"metadata\":{\"regionType\":\"Physical\",\"regionCategory\":\"Other\",\"geographyGroup\":\"Asia
        Pacific\",\"longitude\":\"149.1244\",\"latitude\":\"-35.3075\",\"physicalLocation\":\"Canberra\",\"pairedRegion\":[{\"name\":\"australiacentral\",\"id\":\"/subscriptions/00000000-0000-0000-0000-000000000000/locations/australiacentral\"}]}},{\"id\":\"/subscriptions/00000000-0000-0000-0000-000000000000/locations/australiacentral2\",\"name\":\"australiacentral2\",\"displayName\":\"Australia
        Central 2\",\"regionalDisplayName\":\"(Asia Pacific) Australia Central 2\",\"metadata\":{\"regionType\":\"Physical\",\"regionCategory\":\"Other\",\"geographyGroup\":\"Asia
        Pacific\",\"longitude\":\"149.1244\",\"latitude\":\"-35.3075\",\"physicalLocation\":\"Canberra\",\"pairedRegion\":[{\"name\":\"australiacentral2\",\"id\":\"/subscriptions/00000000-0000-0000-0000-000000000000/locations/australiacentral2\"}]}},{\"id\":\"/subscriptions/00000000-0000-0000-0000-000000000000/locations/australiasoutheast\",\"name\":\"australiasoutheast\",\"displayName\":\"Australia
        Southeast\",\"regionalDisplayName\":\"(Asia Pacific) Australia Southeast\",\"metadata\":{\"regionType\":\"Physical\",\"regionCategory\":\"Other\",\"geographyGroup\":\"Asia
        Pacific\",\"longitude\":\"144.9631\",\"latitude\":\"-37.8136\",\"physicalLocation\":\"Victoria\",\"pairedRegion\":[{\"name\":\"australiaeast\",\"id\":\"/subscriptions/00000000-0000-0000-0000-000000000000/locations/australiaeast\"}]}},{\"id\":\"/subscriptions/00000000-0000-0000-0000-000000000000/locations/japanwest\",\"name\":\"japanwest\",\"displayName\":\"Japan
        West\",\"regionalDisplayName\":\"(Asia Pacific) Japan West\",\"metadata\":{\"regionType\":\"Physical\",\"regionCategory\":\"Other\",\"geographyGroup\":\"Asia
        Pacific\",\"longitude\":\"135.5022\",\"latitude\":\"34.6939\",\"physicalLocation\":\"Osaka\",\"pairedRegion\":[{\"name\":\"japaneast\",\"id\":\"/subscriptions/00000000-0000-0000-0000-000000000000/locations/japaneast\"}]}},{\"id\":\"/subscriptions/00000000-0000-0000-0000-000000000000/locations/jioindiacentral\",\"name\":\"jioindiacentral\",\"displayName\":\"Jio
        India Central\",\"regionalDisplayName\":\"(Asia Pacific) Jio India Central\",\"metadata\":{\"regionType\":\"Physical\",\"regionCategory\":\"Other\",\"geographyGroup\":\"Asia
        Pacific\",\"longitude\":\"79.08886\",\"latitude\":\"21.146633\",\"physicalLocation\":\"Nagpur\",\"pairedRegion\":[{\"name\":\"jioindiawest\",\"id\":\"/subscriptions/00000000-0000-0000-0000-000000000000/locations/jioindiawest\"}]}},{\"id\":\"/subscriptions/00000000-0000-0000-0000-000000000000/locations/koreasouth\",\"name\":\"koreasouth\",\"displayName\":\"Korea
        South\",\"regionalDisplayName\":\"(Asia Pacific) Korea South\",\"metadata\":{\"regionType\":\"Physical\",\"regionCategory\":\"Other\",\"geographyGroup\":\"Asia
        Pacific\",\"longitude\":\"129.0756\",\"latitude\":\"35.1796\",\"physicalLocation\":\"Busan\",\"pairedRegion\":[{\"name\":\"koreacentral\",\"id\":\"/subscriptions/00000000-0000-0000-0000-000000000000/locations/koreacentral\"}]}},{\"id\":\"/subscriptions/00000000-0000-0000-0000-000000000000/locations/southindia\",\"name\":\"southindia\",\"displayName\":\"South
        India\",\"regionalDisplayName\":\"(Asia Pacific) South India\",\"metadata\":{\"regionType\":\"Physical\",\"regionCategory\":\"Other\",\"geographyGroup\":\"Asia
        Pacific\",\"longitude\":\"80.1636\",\"latitude\":\"12.9822\",\"physicalLocation\":\"Chennai\",\"pairedRegion\":[{\"name\":\"centralindia\",\"id\":\"/subscriptions/00000000-0000-0000-0000-000000000000/locations/centralindia\"}]}},{\"id\":\"/subscriptions/00000000-0000-0000-0000-000000000000/locations/taiwannorthwest\",\"name\":\"taiwannorthwest\",\"displayName\":\"Taiwan
        Northwest\",\"regionalDisplayName\":\"(Asia Pacific) Taiwan Northwest\",\"metadata\":{\"regionType\":\"Physical\",\"regionCategory\":\"Other\",\"geographyGroup\":\"Asia
        Pacific\",\"longitude\":\"120.921008\",\"latitude\":\"24.7848456\",\"physicalLocation\":\"Taiwan
        Northwest\",\"pairedRegion\":[{\"name\":\"taiwann\",\"id\":\"/subscriptions/00000000-0000-0000-0000-000000000000/locations/taiwann\"}]}},{\"id\":\"/subscriptions/00000000-0000-0000-0000-000000000000/locations/westindia\",\"name\":\"westindia\",\"displayName\":\"West
        India\",\"regionalDisplayName\":\"(Asia Pacific) West India\",\"metadata\":{\"regionType\":\"Physical\",\"regionCategory\":\"Other\",\"geographyGroup\":\"Asia
        Pacific\",\"longitude\":\"72.868\",\"latitude\":\"19.088\",\"physicalLocation\":\"Mumbai\",\"pairedRegion\":[{\"name\":\"southindia\",\"id\":\"/subscriptions/00000000-0000-0000-0000-000000000000/locations/southindia\"}]}},{\"id\":\"/subscriptions/00000000-0000-0000-0000-000000000000/locations/canadaeast\",\"name\":\"canadaeast\",\"displayName\":\"Canada
        East\",\"regionalDisplayName\":\"(Canada) Canada East\",\"metadata\":{\"regionType\":\"Physical\",\"regionCategory\":\"Other\",\"geographyGroup\":\"Canada\",\"longitude\":\"-71.217\",\"latitude\":\"46.817\",\"physicalLocation\":\"Quebec\",\"pairedRegion\":[{\"name\":\"canadacentral\",\"id\":\"/subscriptions/00000000-0000-0000-0000-000000000000/locations/canadacentral\"}]}},{\"id\":\"/subscriptions/00000000-0000-0000-0000-000000000000/locations/francesouth\",\"name\":\"francesouth\",\"displayName\":\"France
        South\",\"regionalDisplayName\":\"(Europe) France South\",\"metadata\":{\"regionType\":\"Physical\",\"regionCategory\":\"Other\",\"geographyGroup\":\"Europe\",\"longitude\":\"2.1972\",\"latitude\":\"43.8345\",\"physicalLocation\":\"Marseille\",\"pairedRegion\":[{\"name\":\"francecentral\",\"id\":\"/subscriptions/00000000-0000-0000-0000-000000000000/locations/francecentral\"}]}},{\"id\":\"/subscriptions/00000000-0000-0000-0000-000000000000/locations/germanynorth\",\"name\":\"germanynorth\",\"displayName\":\"Germany
        North\",\"regionalDisplayName\":\"(Europe) Germany North\",\"metadata\":{\"regionType\":\"Physical\",\"regionCategory\":\"Other\",\"geographyGroup\":\"Europe\",\"longitude\":\"8.806422\",\"latitude\":\"53.073635\",\"physicalLocation\":\"Berlin\",\"pairedRegion\":[{\"name\":\"germanywestcentral\",\"id\":\"/subscriptions/00000000-0000-0000-0000-000000000000/locations/germanywestcentral\"}]}},{\"id\":\"/subscriptions/00000000-0000-0000-0000-000000000000/locations/norwaywest\",\"name\":\"norwaywest\",\"displayName\":\"Norway
        West\",\"regionalDisplayName\":\"(Europe) Norway West\",\"metadata\":{\"regionType\":\"Physical\",\"regionCategory\":\"Other\",\"geographyGroup\":\"Europe\",\"longitude\":\"5.733107\",\"latitude\":\"58.969975\",\"physicalLocation\":\"Norway\",\"pairedRegion\":[{\"name\":\"norwayeast\",\"id\":\"/subscriptions/00000000-0000-0000-0000-000000000000/locations/norwayeast\"}]}},{\"id\":\"/subscriptions/00000000-0000-0000-0000-000000000000/locations/swedensouth\",\"name\":\"swedensouth\",\"displayName\":\"Sweden
        South\",\"regionalDisplayName\":\"(Europe) Sweden South\",\"metadata\":{\"regionType\":\"Physical\",\"regionCategory\":\"Other\",\"geographyGroup\":\"Europe\",\"longitude\":\"13.0007\",\"latitude\":\"55.6059\",\"physicalLocation\":\"Malmo\",\"pairedRegion\":[{\"name\":\"swedencentral\",\"id\":\"/subscriptions/00000000-0000-0000-0000-000000000000/locations/swedencentral\"}]}},{\"id\":\"/subscriptions/00000000-0000-0000-0000-000000000000/locations/switzerlandwest\",\"name\":\"switzerlandwest\",\"displayName\":\"Switzerland
        West\",\"regionalDisplayName\":\"(Europe) Switzerland West\",\"metadata\":{\"regionType\":\"Physical\",\"regionCategory\":\"Other\",\"geographyGroup\":\"Europe\",\"longitude\":\"6.143158\",\"latitude\":\"46.204391\",\"physicalLocation\":\"Geneva\",\"pairedRegion\":[{\"name\":\"switzerlandnorth\",\"id\":\"/subscriptions/00000000-0000-0000-0000-000000000000/locations/switzerlandnorth\"}]}},{\"id\":\"/subscriptions/00000000-0000-0000-0000-000000000000/locations/ukwest\",\"name\":\"ukwest\",\"displayName\":\"UK
        West\",\"regionalDisplayName\":\"(Europe) UK West\",\"metadata\":{\"regionType\":\"Physical\",\"regionCategory\":\"Other\",\"geographyGroup\":\"Europe\",\"longitude\":\"-3.084\",\"latitude\":\"53.427\",\"physicalLocation\":\"Cardiff\",\"pairedRegion\":[{\"name\":\"uksouth\",\"id\":\"/subscriptions/00000000-0000-0000-0000-000000000000/locations/uksouth\"}]}},{\"id\":\"/subscriptions/00000000-0000-0000-0000-000000000000/locations/uaecentral\",\"name\":\"uaecentral\",\"displayName\":\"UAE
        Central\",\"regionalDisplayName\":\"(Middle East) UAE Central\",\"metadata\":{\"regionType\":\"Physical\",\"regionCategory\":\"Other\",\"geographyGroup\":\"Middle
        East\",\"longitude\":\"54.366669\",\"latitude\":\"24.466667\",\"physicalLocation\":\"Abu
        Dhabi\",\"pairedRegion\":[{\"name\":\"uaenorth\",\"id\":\"/subscriptions/00000000-0000-0000-0000-000000000000/locations/uaenorth\"}]}},{\"id\":\"/subscriptions/00000000-0000-0000-0000-000000000000/locations/brazilsoutheast\",\"name\":\"brazilsoutheast\",\"displayName\":\"Brazil
        Southeast\",\"regionalDisplayName\":\"(South America) Brazil Southeast\",\"metadata\":{\"regionType\":\"Physical\",\"regionCategory\":\"Other\",\"geographyGroup\":\"South
        America\",\"longitude\":\"-43.2075\",\"latitude\":\"-22.90278\",\"physicalLocation\":\"Rio\",\"pairedRegion\":[{\"name\":\"brazilsouth\",\"id\":\"/subscriptions/00000000-0000-0000-0000-000000000000/locations/brazilsouth\"}]}},{\"id\":\"/subscriptions/00000000-0000-0000-0000-000000000000/locations/polandcentral\",\"name\":\"polandcentral\",\"displayName\":\"Poland
        Central\",\"regionalDisplayName\":\"(Europe) Poland Central\",\"metadata\":{\"regionType\":\"Physical\",\"regionCategory\":\"Other\",\"geographyGroup\":\"Europe\",\"longitude\":\"21.01666\",\"latitude\":\"52.23334\",\"physicalLocation\":\"Warsaw\",\"pairedRegion\":[]}},{\"id\":\"/subscriptions/00000000-0000-0000-0000-000000000000/locations/israelcentral\",\"name\":\"israelcentral\",\"displayName\":\"Israel
        Central\",\"regionalDisplayName\":\"(Middle East) Israel Central\",\"metadata\":{\"regionType\":\"Physical\",\"regionCategory\":\"Other\",\"geographyGroup\":\"Middle
        East\",\"longitude\":\"33.4506633\",\"latitude\":\"31.2655698\",\"physicalLocation\":\"Israel\",\"pairedRegion\":[{\"name\":\"swedencentral\",\"id\":\"/subscriptions/00000000-0000-0000-0000-000000000000/locations/swedencentral\"}]}}]}"
    headers:
      cache-control:
      - no-cache
      content-length:
      - '32589'
      content-type:
      - application/json; charset=utf-8
      date:
      - Thu, 16 Feb 2023 09:46:01 GMT
      expires:
      - '-1'
      pragma:
      - no-cache
      strict-transport-security:
      - max-age=31536000; includeSubDomains
      vary:
      - Accept-Encoding
      x-content-type-options:
      - nosniff
    status:
      code: 200
      message: OK
- request:
    body: null
    headers:
      Accept:
      - application/json
      Accept-Encoding:
      - gzip, deflate
      CommandName:
      - image builder output add
      Connection:
      - keep-alive
      ParameterSetName:
      - -n -g --gallery-name --gallery-image-definition --gallery-replication-regions
        --defer
      User-Agent:
      - AZURECLI/2.45.0 azsdk-python-azure-mgmt-resource/21.1.0b1 Python/3.10.6 (Linux-5.10.102.1-microsoft-standard-WSL2-x86_64-with-glibc2.35)
    method: GET
    uri: https://management.azure.com/subscriptions/00000000-0000-0000-0000-000000000000/locations?api-version=2019-11-01
  response:
    body:
      string: "{\"value\":[{\"id\":\"/subscriptions/00000000-0000-0000-0000-000000000000/locations/eastus\",\"name\":\"eastus\",\"displayName\":\"East
        US\",\"regionalDisplayName\":\"(US) East US\",\"metadata\":{\"regionType\":\"Physical\",\"regionCategory\":\"Recommended\",\"geographyGroup\":\"US\",\"longitude\":\"-79.8164\",\"latitude\":\"37.3719\",\"physicalLocation\":\"Virginia\",\"pairedRegion\":[{\"name\":\"westus\",\"id\":\"/subscriptions/00000000-0000-0000-0000-000000000000/locations/westus\"}]}},{\"id\":\"/subscriptions/00000000-0000-0000-0000-000000000000/locations/eastus2\",\"name\":\"eastus2\",\"displayName\":\"East
        US 2\",\"regionalDisplayName\":\"(US) East US 2\",\"metadata\":{\"regionType\":\"Physical\",\"regionCategory\":\"Recommended\",\"geographyGroup\":\"US\",\"longitude\":\"-78.3889\",\"latitude\":\"36.6681\",\"physicalLocation\":\"Virginia\",\"pairedRegion\":[{\"name\":\"centralus\",\"id\":\"/subscriptions/00000000-0000-0000-0000-000000000000/locations/centralus\"}]}},{\"id\":\"/subscriptions/00000000-0000-0000-0000-000000000000/locations/southcentralus\",\"name\":\"southcentralus\",\"displayName\":\"South
        Central US\",\"regionalDisplayName\":\"(US) South Central US\",\"metadata\":{\"regionType\":\"Physical\",\"regionCategory\":\"Recommended\",\"geographyGroup\":\"US\",\"longitude\":\"-98.5\",\"latitude\":\"29.4167\",\"physicalLocation\":\"Texas\",\"pairedRegion\":[{\"name\":\"northcentralus\",\"id\":\"/subscriptions/00000000-0000-0000-0000-000000000000/locations/northcentralus\"}]}},{\"id\":\"/subscriptions/00000000-0000-0000-0000-000000000000/locations/westus2\",\"name\":\"westus2\",\"displayName\":\"West
        US 2\",\"regionalDisplayName\":\"(US) West US 2\",\"metadata\":{\"regionType\":\"Physical\",\"regionCategory\":\"Recommended\",\"geographyGroup\":\"US\",\"longitude\":\"-119.852\",\"latitude\":\"47.233\",\"physicalLocation\":\"Washington\",\"pairedRegion\":[{\"name\":\"westcentralus\",\"id\":\"/subscriptions/00000000-0000-0000-0000-000000000000/locations/westcentralus\"}]}},{\"id\":\"/subscriptions/00000000-0000-0000-0000-000000000000/locations/westus3\",\"name\":\"westus3\",\"displayName\":\"West
        US 3\",\"regionalDisplayName\":\"(US) West US 3\",\"metadata\":{\"regionType\":\"Physical\",\"regionCategory\":\"Recommended\",\"geographyGroup\":\"US\",\"longitude\":\"-112.074036\",\"latitude\":\"33.448376\",\"physicalLocation\":\"Phoenix\",\"pairedRegion\":[{\"name\":\"eastus\",\"id\":\"/subscriptions/00000000-0000-0000-0000-000000000000/locations/eastus\"}]}},{\"id\":\"/subscriptions/00000000-0000-0000-0000-000000000000/locations/australiaeast\",\"name\":\"australiaeast\",\"displayName\":\"Australia
        East\",\"regionalDisplayName\":\"(Asia Pacific) Australia East\",\"metadata\":{\"regionType\":\"Physical\",\"regionCategory\":\"Recommended\",\"geographyGroup\":\"Asia
        Pacific\",\"longitude\":\"151.2094\",\"latitude\":\"-33.86\",\"physicalLocation\":\"New
        South Wales\",\"pairedRegion\":[{\"name\":\"australiasoutheast\",\"id\":\"/subscriptions/00000000-0000-0000-0000-000000000000/locations/australiasoutheast\"}]}},{\"id\":\"/subscriptions/00000000-0000-0000-0000-000000000000/locations/southeastasia\",\"name\":\"southeastasia\",\"displayName\":\"Southeast
        Asia\",\"regionalDisplayName\":\"(Asia Pacific) Southeast Asia\",\"metadata\":{\"regionType\":\"Physical\",\"regionCategory\":\"Recommended\",\"geographyGroup\":\"Asia
        Pacific\",\"longitude\":\"103.833\",\"latitude\":\"1.283\",\"physicalLocation\":\"Singapore\",\"pairedRegion\":[{\"name\":\"eastasia\",\"id\":\"/subscriptions/00000000-0000-0000-0000-000000000000/locations/eastasia\"}]}},{\"id\":\"/subscriptions/00000000-0000-0000-0000-000000000000/locations/northeurope\",\"name\":\"northeurope\",\"displayName\":\"North
        Europe\",\"regionalDisplayName\":\"(Europe) North Europe\",\"metadata\":{\"regionType\":\"Physical\",\"regionCategory\":\"Recommended\",\"geographyGroup\":\"Europe\",\"longitude\":\"-6.2597\",\"latitude\":\"53.3478\",\"physicalLocation\":\"Ireland\",\"pairedRegion\":[{\"name\":\"westeurope\",\"id\":\"/subscriptions/00000000-0000-0000-0000-000000000000/locations/westeurope\"}]}},{\"id\":\"/subscriptions/00000000-0000-0000-0000-000000000000/locations/swedencentral\",\"name\":\"swedencentral\",\"displayName\":\"Sweden
        Central\",\"regionalDisplayName\":\"(Europe) Sweden Central\",\"metadata\":{\"regionType\":\"Physical\",\"regionCategory\":\"Recommended\",\"geographyGroup\":\"Europe\",\"longitude\":\"17.14127\",\"latitude\":\"60.67488\",\"physicalLocation\":\"G\xE4vle\",\"pairedRegion\":[{\"name\":\"swedensouth\",\"id\":\"/subscriptions/00000000-0000-0000-0000-000000000000/locations/swedensouth\"}]}},{\"id\":\"/subscriptions/00000000-0000-0000-0000-000000000000/locations/uksouth\",\"name\":\"uksouth\",\"displayName\":\"UK
        South\",\"regionalDisplayName\":\"(Europe) UK South\",\"metadata\":{\"regionType\":\"Physical\",\"regionCategory\":\"Recommended\",\"geographyGroup\":\"Europe\",\"longitude\":\"-0.799\",\"latitude\":\"50.941\",\"physicalLocation\":\"London\",\"pairedRegion\":[{\"name\":\"ukwest\",\"id\":\"/subscriptions/00000000-0000-0000-0000-000000000000/locations/ukwest\"}]}},{\"id\":\"/subscriptions/00000000-0000-0000-0000-000000000000/locations/westeurope\",\"name\":\"westeurope\",\"displayName\":\"West
        Europe\",\"regionalDisplayName\":\"(Europe) West Europe\",\"metadata\":{\"regionType\":\"Physical\",\"regionCategory\":\"Recommended\",\"geographyGroup\":\"Europe\",\"longitude\":\"4.9\",\"latitude\":\"52.3667\",\"physicalLocation\":\"Netherlands\",\"pairedRegion\":[{\"name\":\"northeurope\",\"id\":\"/subscriptions/00000000-0000-0000-0000-000000000000/locations/northeurope\"}]}},{\"id\":\"/subscriptions/00000000-0000-0000-0000-000000000000/locations/centralus\",\"name\":\"centralus\",\"displayName\":\"Central
        US\",\"regionalDisplayName\":\"(US) Central US\",\"metadata\":{\"regionType\":\"Physical\",\"regionCategory\":\"Recommended\",\"geographyGroup\":\"US\",\"longitude\":\"-93.6208\",\"latitude\":\"41.5908\",\"physicalLocation\":\"Iowa\",\"pairedRegion\":[{\"name\":\"eastus2\",\"id\":\"/subscriptions/00000000-0000-0000-0000-000000000000/locations/eastus2\"}]}},{\"id\":\"/subscriptions/00000000-0000-0000-0000-000000000000/locations/southafricanorth\",\"name\":\"southafricanorth\",\"displayName\":\"South
        Africa North\",\"regionalDisplayName\":\"(Africa) South Africa North\",\"metadata\":{\"regionType\":\"Physical\",\"regionCategory\":\"Recommended\",\"geographyGroup\":\"Africa\",\"longitude\":\"28.218370\",\"latitude\":\"-25.731340\",\"physicalLocation\":\"Johannesburg\",\"pairedRegion\":[{\"name\":\"southafricawest\",\"id\":\"/subscriptions/00000000-0000-0000-0000-000000000000/locations/southafricawest\"}]}},{\"id\":\"/subscriptions/00000000-0000-0000-0000-000000000000/locations/centralindia\",\"name\":\"centralindia\",\"displayName\":\"Central
        India\",\"regionalDisplayName\":\"(Asia Pacific) Central India\",\"metadata\":{\"regionType\":\"Physical\",\"regionCategory\":\"Recommended\",\"geographyGroup\":\"Asia
        Pacific\",\"longitude\":\"73.9197\",\"latitude\":\"18.5822\",\"physicalLocation\":\"Pune\",\"pairedRegion\":[{\"name\":\"southindia\",\"id\":\"/subscriptions/00000000-0000-0000-0000-000000000000/locations/southindia\"}]}},{\"id\":\"/subscriptions/00000000-0000-0000-0000-000000000000/locations/eastasia\",\"name\":\"eastasia\",\"displayName\":\"East
        Asia\",\"regionalDisplayName\":\"(Asia Pacific) East Asia\",\"metadata\":{\"regionType\":\"Physical\",\"regionCategory\":\"Recommended\",\"geographyGroup\":\"Asia
        Pacific\",\"longitude\":\"114.188\",\"latitude\":\"22.267\",\"physicalLocation\":\"Hong
        Kong\",\"pairedRegion\":[{\"name\":\"southeastasia\",\"id\":\"/subscriptions/00000000-0000-0000-0000-000000000000/locations/southeastasia\"}]}},{\"id\":\"/subscriptions/00000000-0000-0000-0000-000000000000/locations/japaneast\",\"name\":\"japaneast\",\"displayName\":\"Japan
        East\",\"regionalDisplayName\":\"(Asia Pacific) Japan East\",\"metadata\":{\"regionType\":\"Physical\",\"regionCategory\":\"Recommended\",\"geographyGroup\":\"Asia
        Pacific\",\"longitude\":\"139.77\",\"latitude\":\"35.68\",\"physicalLocation\":\"Tokyo,
        Saitama\",\"pairedRegion\":[{\"name\":\"japanwest\",\"id\":\"/subscriptions/00000000-0000-0000-0000-000000000000/locations/japanwest\"}]}},{\"id\":\"/subscriptions/00000000-0000-0000-0000-000000000000/locations/koreacentral\",\"name\":\"koreacentral\",\"displayName\":\"Korea
        Central\",\"regionalDisplayName\":\"(Asia Pacific) Korea Central\",\"metadata\":{\"regionType\":\"Physical\",\"regionCategory\":\"Recommended\",\"geographyGroup\":\"Asia
        Pacific\",\"longitude\":\"126.9780\",\"latitude\":\"37.5665\",\"physicalLocation\":\"Seoul\",\"pairedRegion\":[{\"name\":\"koreasouth\",\"id\":\"/subscriptions/00000000-0000-0000-0000-000000000000/locations/koreasouth\"}]}},{\"id\":\"/subscriptions/00000000-0000-0000-0000-000000000000/locations/canadacentral\",\"name\":\"canadacentral\",\"displayName\":\"Canada
        Central\",\"regionalDisplayName\":\"(Canada) Canada Central\",\"metadata\":{\"regionType\":\"Physical\",\"regionCategory\":\"Recommended\",\"geographyGroup\":\"Canada\",\"longitude\":\"-79.383\",\"latitude\":\"43.653\",\"physicalLocation\":\"Toronto\",\"pairedRegion\":[{\"name\":\"canadaeast\",\"id\":\"/subscriptions/00000000-0000-0000-0000-000000000000/locations/canadaeast\"}]}},{\"id\":\"/subscriptions/00000000-0000-0000-0000-000000000000/locations/francecentral\",\"name\":\"francecentral\",\"displayName\":\"France
        Central\",\"regionalDisplayName\":\"(Europe) France Central\",\"metadata\":{\"regionType\":\"Physical\",\"regionCategory\":\"Recommended\",\"geographyGroup\":\"Europe\",\"longitude\":\"2.3730\",\"latitude\":\"46.3772\",\"physicalLocation\":\"Paris\",\"pairedRegion\":[{\"name\":\"francesouth\",\"id\":\"/subscriptions/00000000-0000-0000-0000-000000000000/locations/francesouth\"}]}},{\"id\":\"/subscriptions/00000000-0000-0000-0000-000000000000/locations/germanywestcentral\",\"name\":\"germanywestcentral\",\"displayName\":\"Germany
        West Central\",\"regionalDisplayName\":\"(Europe) Germany West Central\",\"metadata\":{\"regionType\":\"Physical\",\"regionCategory\":\"Recommended\",\"geographyGroup\":\"Europe\",\"longitude\":\"8.682127\",\"latitude\":\"50.110924\",\"physicalLocation\":\"Frankfurt\",\"pairedRegion\":[{\"name\":\"germanynorth\",\"id\":\"/subscriptions/00000000-0000-0000-0000-000000000000/locations/germanynorth\"}]}},{\"id\":\"/subscriptions/00000000-0000-0000-0000-000000000000/locations/norwayeast\",\"name\":\"norwayeast\",\"displayName\":\"Norway
        East\",\"regionalDisplayName\":\"(Europe) Norway East\",\"metadata\":{\"regionType\":\"Physical\",\"regionCategory\":\"Recommended\",\"geographyGroup\":\"Europe\",\"longitude\":\"10.752245\",\"latitude\":\"59.913868\",\"physicalLocation\":\"Norway\",\"pairedRegion\":[{\"name\":\"norwaywest\",\"id\":\"/subscriptions/00000000-0000-0000-0000-000000000000/locations/norwaywest\"}]}},{\"id\":\"/subscriptions/00000000-0000-0000-0000-000000000000/locations/switzerlandnorth\",\"name\":\"switzerlandnorth\",\"displayName\":\"Switzerland
        North\",\"regionalDisplayName\":\"(Europe) Switzerland North\",\"metadata\":{\"regionType\":\"Physical\",\"regionCategory\":\"Recommended\",\"geographyGroup\":\"Europe\",\"longitude\":\"8.564572\",\"latitude\":\"47.451542\",\"physicalLocation\":\"Zurich\",\"pairedRegion\":[{\"name\":\"switzerlandwest\",\"id\":\"/subscriptions/00000000-0000-0000-0000-000000000000/locations/switzerlandwest\"}]}},{\"id\":\"/subscriptions/00000000-0000-0000-0000-000000000000/locations/uaenorth\",\"name\":\"uaenorth\",\"displayName\":\"UAE
        North\",\"regionalDisplayName\":\"(Middle East) UAE North\",\"metadata\":{\"regionType\":\"Physical\",\"regionCategory\":\"Recommended\",\"geographyGroup\":\"Middle
        East\",\"longitude\":\"55.316666\",\"latitude\":\"25.266666\",\"physicalLocation\":\"Dubai\",\"pairedRegion\":[{\"name\":\"uaecentral\",\"id\":\"/subscriptions/00000000-0000-0000-0000-000000000000/locations/uaecentral\"}]}},{\"id\":\"/subscriptions/00000000-0000-0000-0000-000000000000/locations/brazilsouth\",\"name\":\"brazilsouth\",\"displayName\":\"Brazil
        South\",\"regionalDisplayName\":\"(South America) Brazil South\",\"metadata\":{\"regionType\":\"Physical\",\"regionCategory\":\"Recommended\",\"geographyGroup\":\"South
        America\",\"longitude\":\"-46.633\",\"latitude\":\"-23.55\",\"physicalLocation\":\"Sao
        Paulo State\",\"pairedRegion\":[{\"name\":\"southcentralus\",\"id\":\"/subscriptions/00000000-0000-0000-0000-000000000000/locations/southcentralus\"}]}},{\"id\":\"/subscriptions/00000000-0000-0000-0000-000000000000/locations/eastus2euap\",\"name\":\"eastus2euap\",\"displayName\":\"East
        US 2 EUAP\",\"regionalDisplayName\":\"(US) East US 2 EUAP\",\"metadata\":{\"regionType\":\"Physical\",\"regionCategory\":\"Recommended\",\"geographyGroup\":\"US\",\"longitude\":\"-78.3889\",\"latitude\":\"36.6681\",\"pairedRegion\":[{\"name\":\"centraluseuap\",\"id\":\"/subscriptions/00000000-0000-0000-0000-000000000000/locations/centraluseuap\"}]}},{\"id\":\"/subscriptions/00000000-0000-0000-0000-000000000000/locations/qatarcentral\",\"name\":\"qatarcentral\",\"displayName\":\"Qatar
        Central\",\"regionalDisplayName\":\"(Middle East) Qatar Central\",\"metadata\":{\"regionType\":\"Physical\",\"regionCategory\":\"Recommended\",\"geographyGroup\":\"Middle
        East\",\"longitude\":\"51.439327\",\"latitude\":\"25.551462\",\"physicalLocation\":\"Doha\",\"pairedRegion\":[]}},{\"id\":\"/subscriptions/00000000-0000-0000-0000-000000000000/locations/centralusstage\",\"name\":\"centralusstage\",\"displayName\":\"Central
        US (Stage)\",\"regionalDisplayName\":\"(US) Central US (Stage)\",\"metadata\":{\"regionType\":\"Logical\",\"regionCategory\":\"Other\",\"geographyGroup\":\"US\"}},{\"id\":\"/subscriptions/00000000-0000-0000-0000-000000000000/locations/eastusstage\",\"name\":\"eastusstage\",\"displayName\":\"East
        US (Stage)\",\"regionalDisplayName\":\"(US) East US (Stage)\",\"metadata\":{\"regionType\":\"Logical\",\"regionCategory\":\"Other\",\"geographyGroup\":\"US\"}},{\"id\":\"/subscriptions/00000000-0000-0000-0000-000000000000/locations/eastus2stage\",\"name\":\"eastus2stage\",\"displayName\":\"East
        US 2 (Stage)\",\"regionalDisplayName\":\"(US) East US 2 (Stage)\",\"metadata\":{\"regionType\":\"Logical\",\"regionCategory\":\"Other\",\"geographyGroup\":\"US\"}},{\"id\":\"/subscriptions/00000000-0000-0000-0000-000000000000/locations/northcentralusstage\",\"name\":\"northcentralusstage\",\"displayName\":\"North
        Central US (Stage)\",\"regionalDisplayName\":\"(US) North Central US (Stage)\",\"metadata\":{\"regionType\":\"Logical\",\"regionCategory\":\"Other\",\"geographyGroup\":\"US\"}},{\"id\":\"/subscriptions/00000000-0000-0000-0000-000000000000/locations/southcentralusstage\",\"name\":\"southcentralusstage\",\"displayName\":\"South
        Central US (Stage)\",\"regionalDisplayName\":\"(US) South Central US (Stage)\",\"metadata\":{\"regionType\":\"Logical\",\"regionCategory\":\"Other\",\"geographyGroup\":\"US\"}},{\"id\":\"/subscriptions/00000000-0000-0000-0000-000000000000/locations/westusstage\",\"name\":\"westusstage\",\"displayName\":\"West
        US (Stage)\",\"regionalDisplayName\":\"(US) West US (Stage)\",\"metadata\":{\"regionType\":\"Logical\",\"regionCategory\":\"Other\",\"geographyGroup\":\"US\"}},{\"id\":\"/subscriptions/00000000-0000-0000-0000-000000000000/locations/westus2stage\",\"name\":\"westus2stage\",\"displayName\":\"West
        US 2 (Stage)\",\"regionalDisplayName\":\"(US) West US 2 (Stage)\",\"metadata\":{\"regionType\":\"Logical\",\"regionCategory\":\"Other\",\"geographyGroup\":\"US\"}},{\"id\":\"/subscriptions/00000000-0000-0000-0000-000000000000/locations/asia\",\"name\":\"asia\",\"displayName\":\"Asia\",\"regionalDisplayName\":\"Asia\",\"metadata\":{\"regionType\":\"Logical\",\"regionCategory\":\"Other\"}},{\"id\":\"/subscriptions/00000000-0000-0000-0000-000000000000/locations/asiapacific\",\"name\":\"asiapacific\",\"displayName\":\"Asia
        Pacific\",\"regionalDisplayName\":\"Asia Pacific\",\"metadata\":{\"regionType\":\"Logical\",\"regionCategory\":\"Other\"}},{\"id\":\"/subscriptions/00000000-0000-0000-0000-000000000000/locations/australia\",\"name\":\"australia\",\"displayName\":\"Australia\",\"regionalDisplayName\":\"Australia\",\"metadata\":{\"regionType\":\"Logical\",\"regionCategory\":\"Other\"}},{\"id\":\"/subscriptions/00000000-0000-0000-0000-000000000000/locations/brazil\",\"name\":\"brazil\",\"displayName\":\"Brazil\",\"regionalDisplayName\":\"Brazil\",\"metadata\":{\"regionType\":\"Logical\",\"regionCategory\":\"Other\"}},{\"id\":\"/subscriptions/00000000-0000-0000-0000-000000000000/locations/canada\",\"name\":\"canada\",\"displayName\":\"Canada\",\"regionalDisplayName\":\"Canada\",\"metadata\":{\"regionType\":\"Logical\",\"regionCategory\":\"Other\"}},{\"id\":\"/subscriptions/00000000-0000-0000-0000-000000000000/locations/europe\",\"name\":\"europe\",\"displayName\":\"Europe\",\"regionalDisplayName\":\"Europe\",\"metadata\":{\"regionType\":\"Logical\",\"regionCategory\":\"Other\"}},{\"id\":\"/subscriptions/00000000-0000-0000-0000-000000000000/locations/france\",\"name\":\"france\",\"displayName\":\"France\",\"regionalDisplayName\":\"France\",\"metadata\":{\"regionType\":\"Logical\",\"regionCategory\":\"Other\"}},{\"id\":\"/subscriptions/00000000-0000-0000-0000-000000000000/locations/germany\",\"name\":\"germany\",\"displayName\":\"Germany\",\"regionalDisplayName\":\"Germany\",\"metadata\":{\"regionType\":\"Logical\",\"regionCategory\":\"Other\"}},{\"id\":\"/subscriptions/00000000-0000-0000-0000-000000000000/locations/global\",\"name\":\"global\",\"displayName\":\"Global\",\"regionalDisplayName\":\"Global\",\"metadata\":{\"regionType\":\"Logical\",\"regionCategory\":\"Other\"}},{\"id\":\"/subscriptions/00000000-0000-0000-0000-000000000000/locations/india\",\"name\":\"india\",\"displayName\":\"India\",\"regionalDisplayName\":\"India\",\"metadata\":{\"regionType\":\"Logical\",\"regionCategory\":\"Other\"}},{\"id\":\"/subscriptions/00000000-0000-0000-0000-000000000000/locations/japan\",\"name\":\"japan\",\"displayName\":\"Japan\",\"regionalDisplayName\":\"Japan\",\"metadata\":{\"regionType\":\"Logical\",\"regionCategory\":\"Other\"}},{\"id\":\"/subscriptions/00000000-0000-0000-0000-000000000000/locations/korea\",\"name\":\"korea\",\"displayName\":\"Korea\",\"regionalDisplayName\":\"Korea\",\"metadata\":{\"regionType\":\"Logical\",\"regionCategory\":\"Other\"}},{\"id\":\"/subscriptions/00000000-0000-0000-0000-000000000000/locations/norway\",\"name\":\"norway\",\"displayName\":\"Norway\",\"regionalDisplayName\":\"Norway\",\"metadata\":{\"regionType\":\"Logical\",\"regionCategory\":\"Other\"}},{\"id\":\"/subscriptions/00000000-0000-0000-0000-000000000000/locations/singapore\",\"name\":\"singapore\",\"displayName\":\"Singapore\",\"regionalDisplayName\":\"Singapore\",\"metadata\":{\"regionType\":\"Logical\",\"regionCategory\":\"Other\"}},{\"id\":\"/subscriptions/00000000-0000-0000-0000-000000000000/locations/southafrica\",\"name\":\"southafrica\",\"displayName\":\"South
        Africa\",\"regionalDisplayName\":\"South Africa\",\"metadata\":{\"regionType\":\"Logical\",\"regionCategory\":\"Other\"}},{\"id\":\"/subscriptions/00000000-0000-0000-0000-000000000000/locations/switzerland\",\"name\":\"switzerland\",\"displayName\":\"Switzerland\",\"regionalDisplayName\":\"Switzerland\",\"metadata\":{\"regionType\":\"Logical\",\"regionCategory\":\"Other\"}},{\"id\":\"/subscriptions/00000000-0000-0000-0000-000000000000/locations/uae\",\"name\":\"uae\",\"displayName\":\"United
        Arab Emirates\",\"regionalDisplayName\":\"United Arab Emirates\",\"metadata\":{\"regionType\":\"Logical\",\"regionCategory\":\"Other\"}},{\"id\":\"/subscriptions/00000000-0000-0000-0000-000000000000/locations/uk\",\"name\":\"uk\",\"displayName\":\"United
        Kingdom\",\"regionalDisplayName\":\"United Kingdom\",\"metadata\":{\"regionType\":\"Logical\",\"regionCategory\":\"Other\"}},{\"id\":\"/subscriptions/00000000-0000-0000-0000-000000000000/locations/unitedstates\",\"name\":\"unitedstates\",\"displayName\":\"United
        States\",\"regionalDisplayName\":\"United States\",\"metadata\":{\"regionType\":\"Logical\",\"regionCategory\":\"Other\"}},{\"id\":\"/subscriptions/00000000-0000-0000-0000-000000000000/locations/unitedstateseuap\",\"name\":\"unitedstateseuap\",\"displayName\":\"United
        States EUAP\",\"regionalDisplayName\":\"United States EUAP\",\"metadata\":{\"regionType\":\"Logical\",\"regionCategory\":\"Other\"}},{\"id\":\"/subscriptions/00000000-0000-0000-0000-000000000000/locations/eastasiastage\",\"name\":\"eastasiastage\",\"displayName\":\"East
        Asia (Stage)\",\"regionalDisplayName\":\"(Asia Pacific) East Asia (Stage)\",\"metadata\":{\"regionType\":\"Logical\",\"regionCategory\":\"Other\",\"geographyGroup\":\"Asia
        Pacific\"}},{\"id\":\"/subscriptions/00000000-0000-0000-0000-000000000000/locations/southeastasiastage\",\"name\":\"southeastasiastage\",\"displayName\":\"Southeast
        Asia (Stage)\",\"regionalDisplayName\":\"(Asia Pacific) Southeast Asia (Stage)\",\"metadata\":{\"regionType\":\"Logical\",\"regionCategory\":\"Other\",\"geographyGroup\":\"Asia
        Pacific\"}},{\"id\":\"/subscriptions/00000000-0000-0000-0000-000000000000/locations/eastusstg\",\"name\":\"eastusstg\",\"displayName\":\"East
        US STG\",\"regionalDisplayName\":\"(US) East US STG\",\"metadata\":{\"regionType\":\"Physical\",\"regionCategory\":\"Other\",\"geographyGroup\":\"US\",\"longitude\":\"-79.8164\",\"latitude\":\"37.3719\",\"physicalLocation\":\"Virginia\",\"pairedRegion\":[{\"name\":\"southcentralusstg\",\"id\":\"/subscriptions/00000000-0000-0000-0000-000000000000/locations/southcentralusstg\"}]}},{\"id\":\"/subscriptions/00000000-0000-0000-0000-000000000000/locations/southcentralusstg\",\"name\":\"southcentralusstg\",\"displayName\":\"South
        Central US STG\",\"regionalDisplayName\":\"(US) South Central US STG\",\"metadata\":{\"regionType\":\"Physical\",\"regionCategory\":\"Other\",\"geographyGroup\":\"US\",\"longitude\":\"-98.5\",\"latitude\":\"29.4167\",\"physicalLocation\":\"Texas\",\"pairedRegion\":[{\"name\":\"eastusstg\",\"id\":\"/subscriptions/00000000-0000-0000-0000-000000000000/locations/eastusstg\"}]}},{\"id\":\"/subscriptions/00000000-0000-0000-0000-000000000000/locations/northcentralus\",\"name\":\"northcentralus\",\"displayName\":\"North
        Central US\",\"regionalDisplayName\":\"(US) North Central US\",\"metadata\":{\"regionType\":\"Physical\",\"regionCategory\":\"Other\",\"geographyGroup\":\"US\",\"longitude\":\"-87.6278\",\"latitude\":\"41.8819\",\"physicalLocation\":\"Illinois\",\"pairedRegion\":[{\"name\":\"southcentralus\",\"id\":\"/subscriptions/00000000-0000-0000-0000-000000000000/locations/southcentralus\"}]}},{\"id\":\"/subscriptions/00000000-0000-0000-0000-000000000000/locations/westus\",\"name\":\"westus\",\"displayName\":\"West
        US\",\"regionalDisplayName\":\"(US) West US\",\"metadata\":{\"regionType\":\"Physical\",\"regionCategory\":\"Other\",\"geographyGroup\":\"US\",\"longitude\":\"-122.417\",\"latitude\":\"37.783\",\"physicalLocation\":\"California\",\"pairedRegion\":[{\"name\":\"eastus\",\"id\":\"/subscriptions/00000000-0000-0000-0000-000000000000/locations/eastus\"}]}},{\"id\":\"/subscriptions/00000000-0000-0000-0000-000000000000/locations/jioindiawest\",\"name\":\"jioindiawest\",\"displayName\":\"Jio
        India West\",\"regionalDisplayName\":\"(Asia Pacific) Jio India West\",\"metadata\":{\"regionType\":\"Physical\",\"regionCategory\":\"Other\",\"geographyGroup\":\"Asia
        Pacific\",\"longitude\":\"70.05773\",\"latitude\":\"22.470701\",\"physicalLocation\":\"Jamnagar\",\"pairedRegion\":[{\"name\":\"jioindiacentral\",\"id\":\"/subscriptions/00000000-0000-0000-0000-000000000000/locations/jioindiacentral\"}]}},{\"id\":\"/subscriptions/00000000-0000-0000-0000-000000000000/locations/taiwannorth\",\"name\":\"taiwannorth\",\"displayName\":\"Taiwan
        North\",\"regionalDisplayName\":\"(Asia Pacific) Taiwan North\",\"metadata\":{\"regionType\":\"Physical\",\"regionCategory\":\"Other\",\"geographyGroup\":\"Asia
        Pacific\",\"longitude\":\"121.3662962\",\"latitude\":\"25.0174719\",\"physicalLocation\":\"Taiwan
        North\",\"pairedRegion\":[{\"name\":\"taiwannw\",\"id\":\"/subscriptions/00000000-0000-0000-0000-000000000000/locations/taiwannw\"}]}},{\"id\":\"/subscriptions/00000000-0000-0000-0000-000000000000/locations/centraluseuap\",\"name\":\"centraluseuap\",\"displayName\":\"Central
        US EUAP\",\"regionalDisplayName\":\"(US) Central US EUAP\",\"metadata\":{\"regionType\":\"Physical\",\"regionCategory\":\"Other\",\"geographyGroup\":\"US\",\"longitude\":\"-93.6208\",\"latitude\":\"41.5908\",\"pairedRegion\":[{\"name\":\"eastus2euap\",\"id\":\"/subscriptions/00000000-0000-0000-0000-000000000000/locations/eastus2euap\"}]}},{\"id\":\"/subscriptions/00000000-0000-0000-0000-000000000000/locations/westcentralus\",\"name\":\"westcentralus\",\"displayName\":\"West
        Central US\",\"regionalDisplayName\":\"(US) West Central US\",\"metadata\":{\"regionType\":\"Physical\",\"regionCategory\":\"Other\",\"geographyGroup\":\"US\",\"longitude\":\"-110.234\",\"latitude\":\"40.890\",\"physicalLocation\":\"Wyoming\",\"pairedRegion\":[{\"name\":\"westus2\",\"id\":\"/subscriptions/00000000-0000-0000-0000-000000000000/locations/westus2\"}]}},{\"id\":\"/subscriptions/00000000-0000-0000-0000-000000000000/locations/southafricawest\",\"name\":\"southafricawest\",\"displayName\":\"South
        Africa West\",\"regionalDisplayName\":\"(Africa) South Africa West\",\"metadata\":{\"regionType\":\"Physical\",\"regionCategory\":\"Other\",\"geographyGroup\":\"Africa\",\"longitude\":\"18.843266\",\"latitude\":\"-34.075691\",\"physicalLocation\":\"Cape
        Town\",\"pairedRegion\":[{\"name\":\"southafricanorth\",\"id\":\"/subscriptions/00000000-0000-0000-0000-000000000000/locations/southafricanorth\"}]}},{\"id\":\"/subscriptions/00000000-0000-0000-0000-000000000000/locations/australiacentral\",\"name\":\"australiacentral\",\"displayName\":\"Australia
        Central\",\"regionalDisplayName\":\"(Asia Pacific) Australia Central\",\"metadata\":{\"regionType\":\"Physical\",\"regionCategory\":\"Other\",\"geographyGroup\":\"Asia
        Pacific\",\"longitude\":\"149.1244\",\"latitude\":\"-35.3075\",\"physicalLocation\":\"Canberra\",\"pairedRegion\":[{\"name\":\"australiacentral\",\"id\":\"/subscriptions/00000000-0000-0000-0000-000000000000/locations/australiacentral\"}]}},{\"id\":\"/subscriptions/00000000-0000-0000-0000-000000000000/locations/australiacentral2\",\"name\":\"australiacentral2\",\"displayName\":\"Australia
        Central 2\",\"regionalDisplayName\":\"(Asia Pacific) Australia Central 2\",\"metadata\":{\"regionType\":\"Physical\",\"regionCategory\":\"Other\",\"geographyGroup\":\"Asia
        Pacific\",\"longitude\":\"149.1244\",\"latitude\":\"-35.3075\",\"physicalLocation\":\"Canberra\",\"pairedRegion\":[{\"name\":\"australiacentral2\",\"id\":\"/subscriptions/00000000-0000-0000-0000-000000000000/locations/australiacentral2\"}]}},{\"id\":\"/subscriptions/00000000-0000-0000-0000-000000000000/locations/australiasoutheast\",\"name\":\"australiasoutheast\",\"displayName\":\"Australia
        Southeast\",\"regionalDisplayName\":\"(Asia Pacific) Australia Southeast\",\"metadata\":{\"regionType\":\"Physical\",\"regionCategory\":\"Other\",\"geographyGroup\":\"Asia
        Pacific\",\"longitude\":\"144.9631\",\"latitude\":\"-37.8136\",\"physicalLocation\":\"Victoria\",\"pairedRegion\":[{\"name\":\"australiaeast\",\"id\":\"/subscriptions/00000000-0000-0000-0000-000000000000/locations/australiaeast\"}]}},{\"id\":\"/subscriptions/00000000-0000-0000-0000-000000000000/locations/japanwest\",\"name\":\"japanwest\",\"displayName\":\"Japan
        West\",\"regionalDisplayName\":\"(Asia Pacific) Japan West\",\"metadata\":{\"regionType\":\"Physical\",\"regionCategory\":\"Other\",\"geographyGroup\":\"Asia
        Pacific\",\"longitude\":\"135.5022\",\"latitude\":\"34.6939\",\"physicalLocation\":\"Osaka\",\"pairedRegion\":[{\"name\":\"japaneast\",\"id\":\"/subscriptions/00000000-0000-0000-0000-000000000000/locations/japaneast\"}]}},{\"id\":\"/subscriptions/00000000-0000-0000-0000-000000000000/locations/jioindiacentral\",\"name\":\"jioindiacentral\",\"displayName\":\"Jio
        India Central\",\"regionalDisplayName\":\"(Asia Pacific) Jio India Central\",\"metadata\":{\"regionType\":\"Physical\",\"regionCategory\":\"Other\",\"geographyGroup\":\"Asia
        Pacific\",\"longitude\":\"79.08886\",\"latitude\":\"21.146633\",\"physicalLocation\":\"Nagpur\",\"pairedRegion\":[{\"name\":\"jioindiawest\",\"id\":\"/subscriptions/00000000-0000-0000-0000-000000000000/locations/jioindiawest\"}]}},{\"id\":\"/subscriptions/00000000-0000-0000-0000-000000000000/locations/koreasouth\",\"name\":\"koreasouth\",\"displayName\":\"Korea
        South\",\"regionalDisplayName\":\"(Asia Pacific) Korea South\",\"metadata\":{\"regionType\":\"Physical\",\"regionCategory\":\"Other\",\"geographyGroup\":\"Asia
        Pacific\",\"longitude\":\"129.0756\",\"latitude\":\"35.1796\",\"physicalLocation\":\"Busan\",\"pairedRegion\":[{\"name\":\"koreacentral\",\"id\":\"/subscriptions/00000000-0000-0000-0000-000000000000/locations/koreacentral\"}]}},{\"id\":\"/subscriptions/00000000-0000-0000-0000-000000000000/locations/southindia\",\"name\":\"southindia\",\"displayName\":\"South
        India\",\"regionalDisplayName\":\"(Asia Pacific) South India\",\"metadata\":{\"regionType\":\"Physical\",\"regionCategory\":\"Other\",\"geographyGroup\":\"Asia
        Pacific\",\"longitude\":\"80.1636\",\"latitude\":\"12.9822\",\"physicalLocation\":\"Chennai\",\"pairedRegion\":[{\"name\":\"centralindia\",\"id\":\"/subscriptions/00000000-0000-0000-0000-000000000000/locations/centralindia\"}]}},{\"id\":\"/subscriptions/00000000-0000-0000-0000-000000000000/locations/taiwannorthwest\",\"name\":\"taiwannorthwest\",\"displayName\":\"Taiwan
        Northwest\",\"regionalDisplayName\":\"(Asia Pacific) Taiwan Northwest\",\"metadata\":{\"regionType\":\"Physical\",\"regionCategory\":\"Other\",\"geographyGroup\":\"Asia
        Pacific\",\"longitude\":\"120.921008\",\"latitude\":\"24.7848456\",\"physicalLocation\":\"Taiwan
        Northwest\",\"pairedRegion\":[{\"name\":\"taiwann\",\"id\":\"/subscriptions/00000000-0000-0000-0000-000000000000/locations/taiwann\"}]}},{\"id\":\"/subscriptions/00000000-0000-0000-0000-000000000000/locations/westindia\",\"name\":\"westindia\",\"displayName\":\"West
        India\",\"regionalDisplayName\":\"(Asia Pacific) West India\",\"metadata\":{\"regionType\":\"Physical\",\"regionCategory\":\"Other\",\"geographyGroup\":\"Asia
        Pacific\",\"longitude\":\"72.868\",\"latitude\":\"19.088\",\"physicalLocation\":\"Mumbai\",\"pairedRegion\":[{\"name\":\"southindia\",\"id\":\"/subscriptions/00000000-0000-0000-0000-000000000000/locations/southindia\"}]}},{\"id\":\"/subscriptions/00000000-0000-0000-0000-000000000000/locations/canadaeast\",\"name\":\"canadaeast\",\"displayName\":\"Canada
        East\",\"regionalDisplayName\":\"(Canada) Canada East\",\"metadata\":{\"regionType\":\"Physical\",\"regionCategory\":\"Other\",\"geographyGroup\":\"Canada\",\"longitude\":\"-71.217\",\"latitude\":\"46.817\",\"physicalLocation\":\"Quebec\",\"pairedRegion\":[{\"name\":\"canadacentral\",\"id\":\"/subscriptions/00000000-0000-0000-0000-000000000000/locations/canadacentral\"}]}},{\"id\":\"/subscriptions/00000000-0000-0000-0000-000000000000/locations/francesouth\",\"name\":\"francesouth\",\"displayName\":\"France
        South\",\"regionalDisplayName\":\"(Europe) France South\",\"metadata\":{\"regionType\":\"Physical\",\"regionCategory\":\"Other\",\"geographyGroup\":\"Europe\",\"longitude\":\"2.1972\",\"latitude\":\"43.8345\",\"physicalLocation\":\"Marseille\",\"pairedRegion\":[{\"name\":\"francecentral\",\"id\":\"/subscriptions/00000000-0000-0000-0000-000000000000/locations/francecentral\"}]}},{\"id\":\"/subscriptions/00000000-0000-0000-0000-000000000000/locations/germanynorth\",\"name\":\"germanynorth\",\"displayName\":\"Germany
        North\",\"regionalDisplayName\":\"(Europe) Germany North\",\"metadata\":{\"regionType\":\"Physical\",\"regionCategory\":\"Other\",\"geographyGroup\":\"Europe\",\"longitude\":\"8.806422\",\"latitude\":\"53.073635\",\"physicalLocation\":\"Berlin\",\"pairedRegion\":[{\"name\":\"germanywestcentral\",\"id\":\"/subscriptions/00000000-0000-0000-0000-000000000000/locations/germanywestcentral\"}]}},{\"id\":\"/subscriptions/00000000-0000-0000-0000-000000000000/locations/norwaywest\",\"name\":\"norwaywest\",\"displayName\":\"Norway
        West\",\"regionalDisplayName\":\"(Europe) Norway West\",\"metadata\":{\"regionType\":\"Physical\",\"regionCategory\":\"Other\",\"geographyGroup\":\"Europe\",\"longitude\":\"5.733107\",\"latitude\":\"58.969975\",\"physicalLocation\":\"Norway\",\"pairedRegion\":[{\"name\":\"norwayeast\",\"id\":\"/subscriptions/00000000-0000-0000-0000-000000000000/locations/norwayeast\"}]}},{\"id\":\"/subscriptions/00000000-0000-0000-0000-000000000000/locations/swedensouth\",\"name\":\"swedensouth\",\"displayName\":\"Sweden
        South\",\"regionalDisplayName\":\"(Europe) Sweden South\",\"metadata\":{\"regionType\":\"Physical\",\"regionCategory\":\"Other\",\"geographyGroup\":\"Europe\",\"longitude\":\"13.0007\",\"latitude\":\"55.6059\",\"physicalLocation\":\"Malmo\",\"pairedRegion\":[{\"name\":\"swedencentral\",\"id\":\"/subscriptions/00000000-0000-0000-0000-000000000000/locations/swedencentral\"}]}},{\"id\":\"/subscriptions/00000000-0000-0000-0000-000000000000/locations/switzerlandwest\",\"name\":\"switzerlandwest\",\"displayName\":\"Switzerland
        West\",\"regionalDisplayName\":\"(Europe) Switzerland West\",\"metadata\":{\"regionType\":\"Physical\",\"regionCategory\":\"Other\",\"geographyGroup\":\"Europe\",\"longitude\":\"6.143158\",\"latitude\":\"46.204391\",\"physicalLocation\":\"Geneva\",\"pairedRegion\":[{\"name\":\"switzerlandnorth\",\"id\":\"/subscriptions/00000000-0000-0000-0000-000000000000/locations/switzerlandnorth\"}]}},{\"id\":\"/subscriptions/00000000-0000-0000-0000-000000000000/locations/ukwest\",\"name\":\"ukwest\",\"displayName\":\"UK
        West\",\"regionalDisplayName\":\"(Europe) UK West\",\"metadata\":{\"regionType\":\"Physical\",\"regionCategory\":\"Other\",\"geographyGroup\":\"Europe\",\"longitude\":\"-3.084\",\"latitude\":\"53.427\",\"physicalLocation\":\"Cardiff\",\"pairedRegion\":[{\"name\":\"uksouth\",\"id\":\"/subscriptions/00000000-0000-0000-0000-000000000000/locations/uksouth\"}]}},{\"id\":\"/subscriptions/00000000-0000-0000-0000-000000000000/locations/uaecentral\",\"name\":\"uaecentral\",\"displayName\":\"UAE
        Central\",\"regionalDisplayName\":\"(Middle East) UAE Central\",\"metadata\":{\"regionType\":\"Physical\",\"regionCategory\":\"Other\",\"geographyGroup\":\"Middle
        East\",\"longitude\":\"54.366669\",\"latitude\":\"24.466667\",\"physicalLocation\":\"Abu
        Dhabi\",\"pairedRegion\":[{\"name\":\"uaenorth\",\"id\":\"/subscriptions/00000000-0000-0000-0000-000000000000/locations/uaenorth\"}]}},{\"id\":\"/subscriptions/00000000-0000-0000-0000-000000000000/locations/brazilsoutheast\",\"name\":\"brazilsoutheast\",\"displayName\":\"Brazil
        Southeast\",\"regionalDisplayName\":\"(South America) Brazil Southeast\",\"metadata\":{\"regionType\":\"Physical\",\"regionCategory\":\"Other\",\"geographyGroup\":\"South
        America\",\"longitude\":\"-43.2075\",\"latitude\":\"-22.90278\",\"physicalLocation\":\"Rio\",\"pairedRegion\":[{\"name\":\"brazilsouth\",\"id\":\"/subscriptions/00000000-0000-0000-0000-000000000000/locations/brazilsouth\"}]}},{\"id\":\"/subscriptions/00000000-0000-0000-0000-000000000000/locations/polandcentral\",\"name\":\"polandcentral\",\"displayName\":\"Poland
        Central\",\"regionalDisplayName\":\"(Europe) Poland Central\",\"metadata\":{\"regionType\":\"Physical\",\"regionCategory\":\"Other\",\"geographyGroup\":\"Europe\",\"longitude\":\"21.01666\",\"latitude\":\"52.23334\",\"physicalLocation\":\"Warsaw\",\"pairedRegion\":[]}},{\"id\":\"/subscriptions/00000000-0000-0000-0000-000000000000/locations/israelcentral\",\"name\":\"israelcentral\",\"displayName\":\"Israel
        Central\",\"regionalDisplayName\":\"(Middle East) Israel Central\",\"metadata\":{\"regionType\":\"Physical\",\"regionCategory\":\"Other\",\"geographyGroup\":\"Middle
        East\",\"longitude\":\"33.4506633\",\"latitude\":\"31.2655698\",\"physicalLocation\":\"Israel\",\"pairedRegion\":[{\"name\":\"swedencentral\",\"id\":\"/subscriptions/00000000-0000-0000-0000-000000000000/locations/swedencentral\"}]}}]}"
    headers:
      cache-control:
      - no-cache
      content-length:
      - '32589'
      content-type:
      - application/json; charset=utf-8
      date:
      - Thu, 16 Feb 2023 09:46:02 GMT
      expires:
      - '-1'
      pragma:
      - no-cache
      strict-transport-security:
      - max-age=31536000; includeSubDomains
      vary:
      - Accept-Encoding
      x-content-type-options:
      - nosniff
    status:
      code: 200
      message: OK
- request:
    body: '{"tags": {}, "location": "westus", "identity": {"type": "UserAssigned",
      "userAssignedIdentities": {"/subscriptions/00000000-0000-0000-0000-000000000000/resourceGroups/img_tmpl_identity_000001/providers/Microsoft.ManagedIdentity/userAssignedIdentities/ide1":
      {}}}, "properties": {"source": {"type": "PlatformImage", "publisher": "Canonical",
      "offer": "UbuntuServer", "sku": "18.04-LTS", "version": "18.04.201808140"},
      "customize": [{"type": "Shell", "name": "customizeScript.sh", "scriptUri": "https://raw.githubusercontent.com/danielsollondon/azvmimagebuilder/master/quickquickstarts/customizeScript.sh",
      "sha256Checksum": ""}], "distribute": [{"type": "SharedImage", "runOutputName":
      "image1", "artifactTags": {}, "galleryImageId": "/subscriptions/00000000-0000-0000-0000-000000000000/resourceGroups/img_tmpl_identity_000001/providers/Microsoft.Compute/galleries/sig_000003/images/image1",
      "replicationRegions": ["westus"], "excludeFromLatest": false}], "vmProfile":
      {}}}'
    headers:
      Accept:
      - application/json
      Accept-Encoding:
      - gzip, deflate
      CommandName:
      - image builder update
      Connection:
      - keep-alive
      Content-Length:
      - '972'
      Content-Type:
      - application/json
      ParameterSetName:
      - -n -g
      User-Agent:
      - AZURECLI/2.45.0 azsdk-python-mgmt-imagebuilder/1.1.0 Python/3.10.6 (Linux-5.10.102.1-microsoft-standard-WSL2-x86_64-with-glibc2.35)
    method: PUT
    uri: https://management.azure.com/subscriptions/00000000-0000-0000-0000-000000000000/resourceGroups/img_tmpl_identity_000001/providers/Microsoft.VirtualMachineImages/imageTemplates/template01?api-version=2022-02-14
  response:
    body:
      string: "{\n \"properties\": {\n  \"source\": {\n   \"exactVersion\": \"18.04.201808140\",\n
        \  \"offer\": \"UbuntuServer\",\n   \"publisher\": \"Canonical\",\n   \"sku\":
        \"18.04-LTS\",\n   \"type\": \"PlatformImage\",\n   \"version\": \"18.04.201808140\"\n
        \ },\n  \"customize\": [\n   {\n    \"name\": \"customizeScript.sh\",\n    \"scriptUri\":
        \"https://raw.githubusercontent.com/danielsollondon/azvmimagebuilder/master/quickquickstarts/customizeScript.sh\",\n
        \   \"type\": \"Shell\"\n   }\n  ],\n  \"distribute\": [\n   {\n    \"artifactTags\":
        {},\n    \"excludeFromLatest\": false,\n    \"galleryImageId\": \"/subscriptions/00000000-0000-0000-0000-000000000000/resourceGroups/img_tmpl_identity_000001/providers/Microsoft.Compute/galleries/sig_000003/images/image1\",\n
        \   \"replicationRegions\": [\n     \"westus\"\n    ],\n    \"runOutputName\":
        \"image1\",\n    \"type\": \"SharedImage\"\n   }\n  ],\n  \"provisioningState\":
        \"Creating\",\n  \"buildTimeoutInMinutes\": 0,\n  \"vmProfile\": {\n   \"vmSize\":
        \"\",\n   \"osDiskSizeGB\": 0\n  },\n  \"stagingResourceGroup\": \"\",\n  \"exactStagingResourceGroup\":
        \"\"\n },\n \"identity\": {\n  \"type\": \"UserAssigned\",\n  \"userAssignedIdentities\":
        {\n   \"/subscriptions/00000000-0000-0000-0000-000000000000/resourceGroups/img_tmpl_identity_000001/providers/Microsoft.ManagedIdentity/userAssignedIdentities/ide1\":
        {}\n  }\n },\n \"tags\": {},\n \"location\": \"westus\",\n \"id\": \"/subscriptions/00000000-0000-0000-0000-000000000000/resourcegroups/img_tmpl_identity_000001/providers/Microsoft.VirtualMachineImages/imageTemplates/template01\",\n
        \"name\": \"template01\",\n \"type\": \"Microsoft.VirtualMachineImages/imageTemplates\"\n}"
    headers:
      azure-asyncoperation:
      - https://management.azure.com/subscriptions/00000000-0000-0000-0000-000000000000/providers/Microsoft.VirtualMachineImages/locations/westus/operations/3a2797b7-dd2a-4b37-ae6a-73c293a64ea2?api-version=2022-02-14
      cache-control:
      - no-cache
      content-length:
      - '1530'
      content-type:
      - application/json
      date:
      - Thu, 16 Feb 2023 09:46:10 GMT
      expires:
      - '-1'
      pragma:
      - no-cache
      server:
      - nginx
      strict-transport-security:
      - max-age=31536000; includeSubDomains
      x-content-type-options:
      - nosniff
      x-ms-ratelimit-remaining-subscription-writes:
      - '1199'
    status:
      code: 201
      message: Created
- request:
    body: null
    headers:
      Accept:
      - '*/*'
      Accept-Encoding:
      - gzip, deflate
      CommandName:
      - image builder update
      Connection:
      - keep-alive
      ParameterSetName:
      - -n -g
      User-Agent:
      - AZURECLI/2.45.0 azsdk-python-mgmt-imagebuilder/1.1.0 Python/3.10.6 (Linux-5.10.102.1-microsoft-standard-WSL2-x86_64-with-glibc2.35)
    method: GET
    uri: https://management.azure.com/subscriptions/00000000-0000-0000-0000-000000000000/providers/Microsoft.VirtualMachineImages/locations/westus/operations/3a2797b7-dd2a-4b37-ae6a-73c293a64ea2?api-version=2022-02-14
  response:
    body:
      string: "{\n \"name\": \"3A2797B7-DD2A-4B37-AE6A-73C293A64EA2\",\n \"status\":
        \"InProgress\",\n \"startTime\": \"2023-02-16T09:46:09.1046746Z\"\n}"
    headers:
      cache-control:
      - no-cache
      content-length:
      - '122'
      content-type:
      - application/json
      date:
      - Thu, 16 Feb 2023 09:46:40 GMT
      expires:
      - '-1'
      pragma:
      - no-cache
      server:
      - nginx
      strict-transport-security:
      - max-age=31536000; includeSubDomains
      transfer-encoding:
      - chunked
      vary:
      - Accept-Encoding
      x-content-type-options:
      - nosniff
    status:
      code: 200
      message: OK
- request:
    body: null
    headers:
      Accept:
      - '*/*'
      Accept-Encoding:
      - gzip, deflate
      CommandName:
      - image builder update
      Connection:
      - keep-alive
      ParameterSetName:
      - -n -g
      User-Agent:
      - AZURECLI/2.45.0 azsdk-python-mgmt-imagebuilder/1.1.0 Python/3.10.6 (Linux-5.10.102.1-microsoft-standard-WSL2-x86_64-with-glibc2.35)
    method: GET
    uri: https://management.azure.com/subscriptions/00000000-0000-0000-0000-000000000000/providers/Microsoft.VirtualMachineImages/locations/westus/operations/3a2797b7-dd2a-4b37-ae6a-73c293a64ea2?api-version=2022-02-14
  response:
    body:
      string: "{\n \"name\": \"3A2797B7-DD2A-4B37-AE6A-73C293A64EA2\",\n \"status\":
        \"Succeeded\",\n \"startTime\": \"2023-02-16T09:46:09.1046746Z\",\n \"endTime\":
        \"2023-02-16T09:46:42.3299033Z\"\n}"
    headers:
      cache-control:
      - no-cache
      content-length:
      - '165'
      content-type:
      - application/json
      date:
      - Thu, 16 Feb 2023 09:47:11 GMT
      expires:
      - '-1'
      pragma:
      - no-cache
      server:
      - nginx
      strict-transport-security:
      - max-age=31536000; includeSubDomains
      transfer-encoding:
      - chunked
      vary:
      - Accept-Encoding
      x-content-type-options:
      - nosniff
    status:
      code: 200
      message: OK
- request:
    body: null
    headers:
      Accept:
      - '*/*'
      Accept-Encoding:
      - gzip, deflate
      CommandName:
      - image builder update
      Connection:
      - keep-alive
      ParameterSetName:
      - -n -g
      User-Agent:
      - AZURECLI/2.45.0 azsdk-python-mgmt-imagebuilder/1.1.0 Python/3.10.6 (Linux-5.10.102.1-microsoft-standard-WSL2-x86_64-with-glibc2.35)
    method: GET
    uri: https://management.azure.com/subscriptions/00000000-0000-0000-0000-000000000000/resourceGroups/img_tmpl_identity_000001/providers/Microsoft.VirtualMachineImages/imageTemplates/template01?api-version=2022-02-14
  response:
    body:
      string: "{\n \"properties\": {\n  \"source\": {\n   \"exactVersion\": \"18.04.201808140\",\n
        \  \"offer\": \"UbuntuServer\",\n   \"publisher\": \"Canonical\",\n   \"sku\":
        \"18.04-LTS\",\n   \"type\": \"PlatformImage\",\n   \"version\": \"18.04.201808140\"\n
        \ },\n  \"customize\": [\n   {\n    \"name\": \"customizeScript.sh\",\n    \"scriptUri\":
        \"https://raw.githubusercontent.com/danielsollondon/azvmimagebuilder/master/quickquickstarts/customizeScript.sh\",\n
        \   \"sha256Checksum\": \"2c6ff6902a4a52deee69e8db26d0036a53388651008aaf31795bb20dabd21fd8\",\n
        \   \"type\": \"Shell\"\n   }\n  ],\n  \"distribute\": [\n   {\n    \"artifactTags\":
        {},\n    \"excludeFromLatest\": false,\n    \"galleryImageId\": \"/subscriptions/00000000-0000-0000-0000-000000000000/resourceGroups/img_tmpl_identity_000001/providers/Microsoft.Compute/galleries/sig_000003/images/image1\",\n
        \   \"replicationRegions\": [\n     \"westus\"\n    ],\n    \"runOutputName\":
        \"image1\",\n    \"type\": \"SharedImage\"\n   }\n  ],\n  \"provisioningState\":
        \"Succeeded\",\n  \"buildTimeoutInMinutes\": 0,\n  \"vmProfile\": {\n   \"vmSize\":
        \"\",\n   \"osDiskSizeGB\": 0\n  },\n  \"stagingResourceGroup\": \"\",\n  \"exactStagingResourceGroup\":
        \"/subscriptions/00000000-0000-0000-0000-000000000000/resourceGroups/IT_img_tmpl_identity_cvoosb3im635crfe6ngcps_ee291606-0df5-41ba-9aa4-5fc48e82f329\"\n
        },\n \"identity\": {\n  \"type\": \"UserAssigned\",\n  \"userAssignedIdentities\":
        {\n   \"/subscriptions/00000000-0000-0000-0000-000000000000/resourceGroups/img_tmpl_identity_000001/providers/Microsoft.ManagedIdentity/userAssignedIdentities/ide1\":
        {\n    \"principalId\": \"0ae9c5cb-b741-4ae8-9349-274be1b68a1a\",\n    \"clientId\":
        \"10ff9d12-1e6a-466f-94a2-08635b22f6d8\"\n   }\n  }\n },\n \"tags\": {},\n
        \"location\": \"westus\",\n \"id\": \"/subscriptions/00000000-0000-0000-0000-000000000000/resourcegroups/img_tmpl_identity_000001/providers/Microsoft.VirtualMachineImages/imageTemplates/template01\",\n
        \"name\": \"template01\",\n \"type\": \"Microsoft.VirtualMachineImages/imageTemplates\"\n}"
    headers:
      cache-control:
      - no-cache
      content-length:
      - '1886'
      content-type:
      - application/json
      date:
      - Thu, 16 Feb 2023 09:47:11 GMT
      expires:
      - '-1'
      pragma:
      - no-cache
      server:
      - nginx
      strict-transport-security:
      - max-age=31536000; includeSubDomains
      transfer-encoding:
      - chunked
      vary:
      - Accept-Encoding
      x-content-type-options:
      - nosniff
    status:
      code: 200
      message: OK
- request:
    body: null
    headers:
      Accept:
      - application/json
      Accept-Encoding:
      - gzip, deflate
      CommandName:
      - identity show
      Connection:
      - keep-alive
      ParameterSetName:
      - -n -g
      User-Agent:
      - AZURECLI/2.45.0 azsdk-python-azure-mgmt-msi/7.0.0 Python/3.10.6 (Linux-5.10.102.1-microsoft-standard-WSL2-x86_64-with-glibc2.35)
    method: GET
    uri: https://management.azure.com/subscriptions/00000000-0000-0000-0000-000000000000/resourceGroups/img_tmpl_identity_000001/providers/Microsoft.ManagedIdentity/userAssignedIdentities/ide1?api-version=2023-01-31
  response:
    body:
      string: '{"id":"/subscriptions/00000000-0000-0000-0000-000000000000/resourcegroups/img_tmpl_identity_000001/providers/Microsoft.ManagedIdentity/userAssignedIdentities/ide1","name":"ide1","type":"Microsoft.ManagedIdentity/userAssignedIdentities","location":"westus","tags":{},"properties":{"tenantId":"54826b22-38d6-4fb2-bad9-b7b93a3e9c5a","principalId":"0ae9c5cb-b741-4ae8-9349-274be1b68a1a","clientId":"10ff9d12-1e6a-466f-94a2-08635b22f6d8"}}'
    headers:
      cache-control:
      - no-cache
      content-length:
      - '434'
      content-type:
      - application/json; charset=utf-8
      date:
      - Thu, 16 Feb 2023 09:47:12 GMT
      expires:
      - '-1'
      pragma:
      - no-cache
      strict-transport-security:
      - max-age=31536000; includeSubDomains
      transfer-encoding:
      - chunked
      vary:
      - Accept-Encoding
      x-content-type-options:
      - nosniff
    status:
      code: 200
      message: OK
- request:
    body: null
    headers:
      Accept:
      - application/json
      Accept-Encoding:
      - gzip, deflate
      CommandName:
      - image builder identity remove
      Connection:
      - keep-alive
      ParameterSetName:
      - -n -g --user-assigned --yes
      User-Agent:
      - AZURECLI/2.45.0 azsdk-python-mgmt-imagebuilder/1.1.0 Python/3.10.6 (Linux-5.10.102.1-microsoft-standard-WSL2-x86_64-with-glibc2.35)
    method: GET
    uri: https://management.azure.com/subscriptions/00000000-0000-0000-0000-000000000000/resourceGroups/img_tmpl_identity_000001/providers/Microsoft.VirtualMachineImages/imageTemplates/template01?api-version=2022-02-14
  response:
    body:
      string: "{\n \"properties\": {\n  \"source\": {\n   \"exactVersion\": \"18.04.201808140\",\n
        \  \"offer\": \"UbuntuServer\",\n   \"publisher\": \"Canonical\",\n   \"sku\":
        \"18.04-LTS\",\n   \"type\": \"PlatformImage\",\n   \"version\": \"18.04.201808140\"\n
        \ },\n  \"customize\": [\n   {\n    \"name\": \"customizeScript.sh\",\n    \"scriptUri\":
        \"https://raw.githubusercontent.com/danielsollondon/azvmimagebuilder/master/quickquickstarts/customizeScript.sh\",\n
        \   \"sha256Checksum\": \"2c6ff6902a4a52deee69e8db26d0036a53388651008aaf31795bb20dabd21fd8\",\n
        \   \"type\": \"Shell\"\n   }\n  ],\n  \"distribute\": [\n   {\n    \"artifactTags\":
        {},\n    \"excludeFromLatest\": false,\n    \"galleryImageId\": \"/subscriptions/00000000-0000-0000-0000-000000000000/resourceGroups/img_tmpl_identity_000001/providers/Microsoft.Compute/galleries/sig_000003/images/image1\",\n
        \   \"replicationRegions\": [\n     \"westus\"\n    ],\n    \"runOutputName\":
        \"image1\",\n    \"type\": \"SharedImage\"\n   }\n  ],\n  \"provisioningState\":
        \"Succeeded\",\n  \"buildTimeoutInMinutes\": 0,\n  \"vmProfile\": {\n   \"vmSize\":
        \"\",\n   \"osDiskSizeGB\": 0\n  },\n  \"stagingResourceGroup\": \"\",\n  \"exactStagingResourceGroup\":
        \"/subscriptions/00000000-0000-0000-0000-000000000000/resourceGroups/IT_img_tmpl_identity_cvoosb3im635crfe6ngcps_ee291606-0df5-41ba-9aa4-5fc48e82f329\"\n
        },\n \"identity\": {\n  \"type\": \"UserAssigned\",\n  \"userAssignedIdentities\":
        {\n   \"/subscriptions/00000000-0000-0000-0000-000000000000/resourceGroups/img_tmpl_identity_000001/providers/Microsoft.ManagedIdentity/userAssignedIdentities/ide1\":
        {\n    \"principalId\": \"0ae9c5cb-b741-4ae8-9349-274be1b68a1a\",\n    \"clientId\":
        \"10ff9d12-1e6a-466f-94a2-08635b22f6d8\"\n   }\n  }\n },\n \"tags\": {},\n
        \"location\": \"westus\",\n \"id\": \"/subscriptions/00000000-0000-0000-0000-000000000000/resourcegroups/img_tmpl_identity_000001/providers/Microsoft.VirtualMachineImages/imageTemplates/template01\",\n
        \"name\": \"template01\",\n \"type\": \"Microsoft.VirtualMachineImages/imageTemplates\"\n}"
    headers:
      cache-control:
      - no-cache
      content-length:
      - '1886'
      content-type:
      - application/json
      date:
      - Thu, 16 Feb 2023 09:47:14 GMT
      expires:
      - '-1'
      pragma:
      - no-cache
      server:
      - nginx
      strict-transport-security:
      - max-age=31536000; includeSubDomains
      transfer-encoding:
      - chunked
      vary:
      - Accept-Encoding
      x-content-type-options:
      - nosniff
    status:
      code: 200
      message: OK
- request:
    body: '{"identity": {"type": "None"}}'
    headers:
      Accept:
      - application/json
      Accept-Encoding:
      - gzip, deflate
      CommandName:
      - image builder identity remove
      Connection:
      - keep-alive
      Content-Length:
      - '30'
      Content-Type:
      - application/json
      ParameterSetName:
      - -n -g --user-assigned --yes
      User-Agent:
      - AZURECLI/2.45.0 azsdk-python-mgmt-imagebuilder/1.1.0 Python/3.10.6 (Linux-5.10.102.1-microsoft-standard-WSL2-x86_64-with-glibc2.35)
    method: PATCH
    uri: https://management.azure.com/subscriptions/00000000-0000-0000-0000-000000000000/resourceGroups/img_tmpl_identity_000001/providers/Microsoft.VirtualMachineImages/imageTemplates/template01?api-version=2022-02-14
  response:
    body:
      string: ''
    headers:
      azure-asyncoperation:
      - https://management.azure.com/subscriptions/00000000-0000-0000-0000-000000000000/providers/Microsoft.VirtualMachineImages/locations/westus/operations/155f82ed-fe50-40a7-97ad-78e2dd4a57f0?api-version=2022-02-14
      cache-control:
      - no-cache
      content-length:
      - '0'
      date:
      - Thu, 16 Feb 2023 09:47:17 GMT
      expires:
      - '-1'
      location:
      - https://management.azure.com/subscriptions/00000000-0000-0000-0000-000000000000/providers/Microsoft.VirtualMachineImages/locations/westus/operations/155f82ed-fe50-40a7-97ad-78e2dd4a57f0?api-version=2022-02-14
      pragma:
      - no-cache
      server:
      - nginx
      strict-transport-security:
      - max-age=31536000; includeSubDomains
      x-content-type-options:
      - nosniff
      x-ms-ratelimit-remaining-subscription-writes:
      - '1198'
    status:
      code: 202
      message: Accepted
- request:
    body: null
    headers:
      Accept:
      - '*/*'
      Accept-Encoding:
      - gzip, deflate
      CommandName:
      - image builder identity remove
      Connection:
      - keep-alive
      ParameterSetName:
      - -n -g --user-assigned --yes
      User-Agent:
      - AZURECLI/2.45.0 azsdk-python-mgmt-imagebuilder/1.1.0 Python/3.10.6 (Linux-5.10.102.1-microsoft-standard-WSL2-x86_64-with-glibc2.35)
    method: GET
    uri: https://management.azure.com/subscriptions/00000000-0000-0000-0000-000000000000/providers/Microsoft.VirtualMachineImages/locations/westus/operations/155f82ed-fe50-40a7-97ad-78e2dd4a57f0?api-version=2022-02-14
  response:
    body:
      string: "{\n \"name\": \"155F82ED-FE50-40A7-97AD-78E2DD4A57F0\",\n \"status\":
        \"Succeeded\",\n \"startTime\": \"2023-02-16T09:47:17.2773188Z\",\n \"endTime\":
        \"2023-02-16T09:47:19.9109862Z\"\n}"
    headers:
      cache-control:
      - no-cache
      content-length:
      - '165'
      content-type:
      - application/json
      date:
      - Thu, 16 Feb 2023 09:47:47 GMT
      expires:
      - '-1'
      pragma:
      - no-cache
      server:
      - nginx
      strict-transport-security:
      - max-age=31536000; includeSubDomains
      transfer-encoding:
      - chunked
      vary:
      - Accept-Encoding
      x-content-type-options:
      - nosniff
    status:
      code: 200
      message: OK
- request:
    body: null
    headers:
      Accept:
      - '*/*'
      Accept-Encoding:
      - gzip, deflate
      CommandName:
      - image builder identity remove
      Connection:
      - keep-alive
      ParameterSetName:
      - -n -g --user-assigned --yes
      User-Agent:
      - AZURECLI/2.45.0 azsdk-python-mgmt-imagebuilder/1.1.0 Python/3.10.6 (Linux-5.10.102.1-microsoft-standard-WSL2-x86_64-with-glibc2.35)
    method: GET
    uri: https://management.azure.com/subscriptions/00000000-0000-0000-0000-000000000000/resourceGroups/img_tmpl_identity_000001/providers/Microsoft.VirtualMachineImages/imageTemplates/template01?api-version=2022-02-14
  response:
    body:
      string: "{\n \"properties\": {\n  \"source\": {\n   \"exactVersion\": \"18.04.201808140\",\n
        \  \"offer\": \"UbuntuServer\",\n   \"publisher\": \"Canonical\",\n   \"sku\":
        \"18.04-LTS\",\n   \"type\": \"PlatformImage\",\n   \"version\": \"18.04.201808140\"\n
        \ },\n  \"customize\": [\n   {\n    \"name\": \"customizeScript.sh\",\n    \"scriptUri\":
        \"https://raw.githubusercontent.com/danielsollondon/azvmimagebuilder/master/quickquickstarts/customizeScript.sh\",\n
        \   \"sha256Checksum\": \"2c6ff6902a4a52deee69e8db26d0036a53388651008aaf31795bb20dabd21fd8\",\n
        \   \"type\": \"Shell\"\n   }\n  ],\n  \"distribute\": [\n   {\n    \"artifactTags\":
        {},\n    \"excludeFromLatest\": false,\n    \"galleryImageId\": \"/subscriptions/00000000-0000-0000-0000-000000000000/resourceGroups/img_tmpl_identity_000001/providers/Microsoft.Compute/galleries/sig_000003/images/image1\",\n
        \   \"replicationRegions\": [\n     \"westus\"\n    ],\n    \"runOutputName\":
        \"image1\",\n    \"type\": \"SharedImage\"\n   }\n  ],\n  \"provisioningState\":
        \"Succeeded\",\n  \"buildTimeoutInMinutes\": 0,\n  \"vmProfile\": {\n   \"vmSize\":
        \"\",\n   \"osDiskSizeGB\": 0\n  },\n  \"stagingResourceGroup\": \"\",\n  \"exactStagingResourceGroup\":
        \"/subscriptions/00000000-0000-0000-0000-000000000000/resourceGroups/IT_img_tmpl_identity_cvoosb3im635crfe6ngcps_ee291606-0df5-41ba-9aa4-5fc48e82f329\"\n
        },\n \"identity\": {\n  \"type\": \"None\"\n },\n \"tags\": {},\n \"location\":
        \"westus\",\n \"id\": \"/subscriptions/00000000-0000-0000-0000-000000000000/resourcegroups/img_tmpl_identity_000001/providers/Microsoft.VirtualMachineImages/imageTemplates/template01\",\n
        \"name\": \"template01\",\n \"type\": \"Microsoft.VirtualMachineImages/imageTemplates\"\n}"
    headers:
      cache-control:
      - no-cache
      content-length:
      - '1560'
      content-type:
      - application/json
      date:
      - Thu, 16 Feb 2023 09:47:48 GMT
      expires:
      - '-1'
      pragma:
      - no-cache
      server:
      - nginx
      strict-transport-security:
      - max-age=31536000; includeSubDomains
      transfer-encoding:
      - chunked
      vary:
      - Accept-Encoding
      x-content-type-options:
      - nosniff
    status:
      code: 200
      message: OK
- request:
    body: null
    headers:
      Accept:
      - application/json
      Accept-Encoding:
      - gzip, deflate
      CommandName:
      - image builder identity assign
      Connection:
      - keep-alive
      ParameterSetName:
      - -n -g --user-assigned
      User-Agent:
      - AZURECLI/2.45.0 azsdk-python-mgmt-imagebuilder/1.1.0 Python/3.10.6 (Linux-5.10.102.1-microsoft-standard-WSL2-x86_64-with-glibc2.35)
    method: GET
    uri: https://management.azure.com/subscriptions/00000000-0000-0000-0000-000000000000/resourceGroups/img_tmpl_identity_000001/providers/Microsoft.VirtualMachineImages/imageTemplates/template01?api-version=2022-02-14
  response:
    body:
      string: "{\n \"properties\": {\n  \"source\": {\n   \"exactVersion\": \"18.04.201808140\",\n
        \  \"offer\": \"UbuntuServer\",\n   \"publisher\": \"Canonical\",\n   \"sku\":
        \"18.04-LTS\",\n   \"type\": \"PlatformImage\",\n   \"version\": \"18.04.201808140\"\n
        \ },\n  \"customize\": [\n   {\n    \"name\": \"customizeScript.sh\",\n    \"scriptUri\":
        \"https://raw.githubusercontent.com/danielsollondon/azvmimagebuilder/master/quickquickstarts/customizeScript.sh\",\n
        \   \"sha256Checksum\": \"2c6ff6902a4a52deee69e8db26d0036a53388651008aaf31795bb20dabd21fd8\",\n
        \   \"type\": \"Shell\"\n   }\n  ],\n  \"distribute\": [\n   {\n    \"artifactTags\":
        {},\n    \"excludeFromLatest\": false,\n    \"galleryImageId\": \"/subscriptions/00000000-0000-0000-0000-000000000000/resourceGroups/img_tmpl_identity_000001/providers/Microsoft.Compute/galleries/sig_000003/images/image1\",\n
        \   \"replicationRegions\": [\n     \"westus\"\n    ],\n    \"runOutputName\":
        \"image1\",\n    \"type\": \"SharedImage\"\n   }\n  ],\n  \"provisioningState\":
        \"Succeeded\",\n  \"buildTimeoutInMinutes\": 0,\n  \"vmProfile\": {\n   \"vmSize\":
        \"\",\n   \"osDiskSizeGB\": 0\n  },\n  \"stagingResourceGroup\": \"\",\n  \"exactStagingResourceGroup\":
        \"/subscriptions/00000000-0000-0000-0000-000000000000/resourceGroups/IT_img_tmpl_identity_cvoosb3im635crfe6ngcps_ee291606-0df5-41ba-9aa4-5fc48e82f329\"\n
        },\n \"identity\": {\n  \"type\": \"None\"\n },\n \"tags\": {},\n \"location\":
        \"westus\",\n \"id\": \"/subscriptions/00000000-0000-0000-0000-000000000000/resourcegroups/img_tmpl_identity_000001/providers/Microsoft.VirtualMachineImages/imageTemplates/template01\",\n
        \"name\": \"template01\",\n \"type\": \"Microsoft.VirtualMachineImages/imageTemplates\"\n}"
    headers:
      cache-control:
      - no-cache
      content-length:
      - '1560'
      content-type:
      - application/json
      date:
      - Thu, 16 Feb 2023 09:47:50 GMT
      expires:
      - '-1'
      pragma:
      - no-cache
      server:
      - nginx
      strict-transport-security:
      - max-age=31536000; includeSubDomains
      transfer-encoding:
      - chunked
      vary:
      - Accept-Encoding
      x-content-type-options:
      - nosniff
    status:
      code: 200
      message: OK
- request:
    body: '{"identity": {"type": "UserAssigned", "userAssignedIdentities": {"/subscriptions/00000000-0000-0000-0000-000000000000/resourcegroups/img_tmpl_identity_000001/providers/microsoft.managedidentity/userassignedidentities/ide1":
      {}}}}'
    headers:
      Accept:
      - application/json
      Accept-Encoding:
      - gzip, deflate
      CommandName:
      - image builder identity assign
      Connection:
      - keep-alive
      Content-Length:
      - '229'
      Content-Type:
      - application/json
      ParameterSetName:
      - -n -g --user-assigned
      User-Agent:
      - AZURECLI/2.45.0 azsdk-python-mgmt-imagebuilder/1.1.0 Python/3.10.6 (Linux-5.10.102.1-microsoft-standard-WSL2-x86_64-with-glibc2.35)
    method: PATCH
    uri: https://management.azure.com/subscriptions/00000000-0000-0000-0000-000000000000/resourceGroups/img_tmpl_identity_000001/providers/Microsoft.VirtualMachineImages/imageTemplates/template01?api-version=2022-02-14
  response:
    body:
      string: ''
    headers:
      azure-asyncoperation:
      - https://management.azure.com/subscriptions/00000000-0000-0000-0000-000000000000/providers/Microsoft.VirtualMachineImages/locations/westus/operations/78296163-61c6-4b04-b0bd-91d494659e89?api-version=2022-02-14
      cache-control:
      - no-cache
      content-length:
      - '0'
      date:
      - Thu, 16 Feb 2023 09:47:54 GMT
      expires:
      - '-1'
      location:
      - https://management.azure.com/subscriptions/00000000-0000-0000-0000-000000000000/providers/Microsoft.VirtualMachineImages/locations/westus/operations/78296163-61c6-4b04-b0bd-91d494659e89?api-version=2022-02-14
      pragma:
      - no-cache
      server:
      - nginx
      strict-transport-security:
      - max-age=31536000; includeSubDomains
      x-content-type-options:
      - nosniff
      x-ms-ratelimit-remaining-subscription-writes:
      - '1199'
    status:
      code: 202
      message: Accepted
- request:
    body: null
    headers:
      Accept:
      - '*/*'
      Accept-Encoding:
      - gzip, deflate
      CommandName:
      - image builder identity assign
      Connection:
      - keep-alive
      ParameterSetName:
      - -n -g --user-assigned
      User-Agent:
      - AZURECLI/2.45.0 azsdk-python-mgmt-imagebuilder/1.1.0 Python/3.10.6 (Linux-5.10.102.1-microsoft-standard-WSL2-x86_64-with-glibc2.35)
    method: GET
    uri: https://management.azure.com/subscriptions/00000000-0000-0000-0000-000000000000/providers/Microsoft.VirtualMachineImages/locations/westus/operations/78296163-61c6-4b04-b0bd-91d494659e89?api-version=2022-02-14
  response:
    body:
      string: "{\n \"name\": \"78296163-61C6-4B04-B0BD-91D494659E89\",\n \"status\":
        \"Succeeded\",\n \"startTime\": \"2023-02-16T09:47:54.2308672Z\",\n \"endTime\":
        \"2023-02-16T09:47:56.499236Z\"\n}"
    headers:
      cache-control:
      - no-cache
      content-length:
      - '164'
      content-type:
      - application/json
      date:
      - Thu, 16 Feb 2023 09:48:24 GMT
      expires:
      - '-1'
      pragma:
      - no-cache
      server:
      - nginx
      strict-transport-security:
      - max-age=31536000; includeSubDomains
      transfer-encoding:
      - chunked
      vary:
      - Accept-Encoding
      x-content-type-options:
      - nosniff
    status:
      code: 200
      message: OK
- request:
    body: null
    headers:
      Accept:
      - '*/*'
      Accept-Encoding:
      - gzip, deflate
      CommandName:
      - image builder identity assign
      Connection:
      - keep-alive
      ParameterSetName:
      - -n -g --user-assigned
      User-Agent:
      - AZURECLI/2.45.0 azsdk-python-mgmt-imagebuilder/1.1.0 Python/3.10.6 (Linux-5.10.102.1-microsoft-standard-WSL2-x86_64-with-glibc2.35)
    method: GET
    uri: https://management.azure.com/subscriptions/00000000-0000-0000-0000-000000000000/resourceGroups/img_tmpl_identity_000001/providers/Microsoft.VirtualMachineImages/imageTemplates/template01?api-version=2022-02-14
  response:
    body:
      string: "{\n \"properties\": {\n  \"source\": {\n   \"exactVersion\": \"18.04.201808140\",\n
        \  \"offer\": \"UbuntuServer\",\n   \"publisher\": \"Canonical\",\n   \"sku\":
        \"18.04-LTS\",\n   \"type\": \"PlatformImage\",\n   \"version\": \"18.04.201808140\"\n
        \ },\n  \"customize\": [\n   {\n    \"name\": \"customizeScript.sh\",\n    \"scriptUri\":
        \"https://raw.githubusercontent.com/danielsollondon/azvmimagebuilder/master/quickquickstarts/customizeScript.sh\",\n
        \   \"sha256Checksum\": \"2c6ff6902a4a52deee69e8db26d0036a53388651008aaf31795bb20dabd21fd8\",\n
        \   \"type\": \"Shell\"\n   }\n  ],\n  \"distribute\": [\n   {\n    \"artifactTags\":
        {},\n    \"excludeFromLatest\": false,\n    \"galleryImageId\": \"/subscriptions/00000000-0000-0000-0000-000000000000/resourceGroups/img_tmpl_identity_000001/providers/Microsoft.Compute/galleries/sig_000003/images/image1\",\n
        \   \"replicationRegions\": [\n     \"westus\"\n    ],\n    \"runOutputName\":
        \"image1\",\n    \"type\": \"SharedImage\"\n   }\n  ],\n  \"provisioningState\":
        \"Succeeded\",\n  \"buildTimeoutInMinutes\": 0,\n  \"vmProfile\": {\n   \"vmSize\":
        \"\",\n   \"osDiskSizeGB\": 0\n  },\n  \"stagingResourceGroup\": \"\",\n  \"exactStagingResourceGroup\":
        \"/subscriptions/00000000-0000-0000-0000-000000000000/resourceGroups/IT_img_tmpl_identity_cvoosb3im635crfe6ngcps_ee291606-0df5-41ba-9aa4-5fc48e82f329\"\n
        },\n \"identity\": {\n  \"type\": \"UserAssigned\",\n  \"userAssignedIdentities\":
        {\n   \"/subscriptions/00000000-0000-0000-0000-000000000000/resourcegroups/img_tmpl_identity_000001/providers/microsoft.managedidentity/userassignedidentities/ide1\":
        {\n    \"principalId\": \"0ae9c5cb-b741-4ae8-9349-274be1b68a1a\",\n    \"clientId\":
        \"10ff9d12-1e6a-466f-94a2-08635b22f6d8\"\n   }\n  }\n },\n \"tags\": {},\n
        \"location\": \"westus\",\n \"id\": \"/subscriptions/00000000-0000-0000-0000-000000000000/resourcegroups/img_tmpl_identity_000001/providers/Microsoft.VirtualMachineImages/imageTemplates/template01\",\n
        \"name\": \"template01\",\n \"type\": \"Microsoft.VirtualMachineImages/imageTemplates\"\n}"
    headers:
      cache-control:
      - no-cache
      content-length:
      - '1886'
      content-type:
      - application/json
      date:
      - Thu, 16 Feb 2023 09:48:25 GMT
      expires:
      - '-1'
      pragma:
      - no-cache
      server:
      - nginx
      strict-transport-security:
      - max-age=31536000; includeSubDomains
      transfer-encoding:
      - chunked
      vary:
      - Accept-Encoding
      x-content-type-options:
      - nosniff
    status:
      code: 200
      message: OK
- request:
    body: null
    headers:
      Accept:
      - application/json
      Accept-Encoding:
      - gzip, deflate
      CommandName:
      - image builder identity show
      Connection:
      - keep-alive
      ParameterSetName:
      - -n -g
      User-Agent:
      - AZURECLI/2.45.0 azsdk-python-mgmt-imagebuilder/1.1.0 Python/3.10.6 (Linux-5.10.102.1-microsoft-standard-WSL2-x86_64-with-glibc2.35)
    method: GET
    uri: https://management.azure.com/subscriptions/00000000-0000-0000-0000-000000000000/resourceGroups/img_tmpl_identity_000001/providers/Microsoft.VirtualMachineImages/imageTemplates/template01?api-version=2022-02-14
  response:
    body:
      string: "{\n \"properties\": {\n  \"source\": {\n   \"exactVersion\": \"18.04.201808140\",\n
        \  \"offer\": \"UbuntuServer\",\n   \"publisher\": \"Canonical\",\n   \"sku\":
        \"18.04-LTS\",\n   \"type\": \"PlatformImage\",\n   \"version\": \"18.04.201808140\"\n
        \ },\n  \"customize\": [\n   {\n    \"name\": \"customizeScript.sh\",\n    \"scriptUri\":
        \"https://raw.githubusercontent.com/danielsollondon/azvmimagebuilder/master/quickquickstarts/customizeScript.sh\",\n
        \   \"sha256Checksum\": \"2c6ff6902a4a52deee69e8db26d0036a53388651008aaf31795bb20dabd21fd8\",\n
        \   \"type\": \"Shell\"\n   }\n  ],\n  \"distribute\": [\n   {\n    \"artifactTags\":
        {},\n    \"excludeFromLatest\": false,\n    \"galleryImageId\": \"/subscriptions/00000000-0000-0000-0000-000000000000/resourceGroups/img_tmpl_identity_000001/providers/Microsoft.Compute/galleries/sig_000003/images/image1\",\n
        \   \"replicationRegions\": [\n     \"westus\"\n    ],\n    \"runOutputName\":
        \"image1\",\n    \"type\": \"SharedImage\"\n   }\n  ],\n  \"provisioningState\":
        \"Succeeded\",\n  \"buildTimeoutInMinutes\": 0,\n  \"vmProfile\": {\n   \"vmSize\":
        \"\",\n   \"osDiskSizeGB\": 0\n  },\n  \"stagingResourceGroup\": \"\",\n  \"exactStagingResourceGroup\":
        \"/subscriptions/00000000-0000-0000-0000-000000000000/resourceGroups/IT_img_tmpl_identity_cvoosb3im635crfe6ngcps_ee291606-0df5-41ba-9aa4-5fc48e82f329\"\n
        },\n \"identity\": {\n  \"type\": \"UserAssigned\",\n  \"userAssignedIdentities\":
        {\n   \"/subscriptions/00000000-0000-0000-0000-000000000000/resourcegroups/img_tmpl_identity_000001/providers/microsoft.managedidentity/userassignedidentities/ide1\":
        {\n    \"principalId\": \"0ae9c5cb-b741-4ae8-9349-274be1b68a1a\",\n    \"clientId\":
        \"10ff9d12-1e6a-466f-94a2-08635b22f6d8\"\n   }\n  }\n },\n \"tags\": {},\n
        \"location\": \"westus\",\n \"id\": \"/subscriptions/00000000-0000-0000-0000-000000000000/resourcegroups/img_tmpl_identity_000001/providers/Microsoft.VirtualMachineImages/imageTemplates/template01\",\n
        \"name\": \"template01\",\n \"type\": \"Microsoft.VirtualMachineImages/imageTemplates\"\n}"
    headers:
      cache-control:
      - no-cache
      content-length:
      - '1886'
      content-type:
      - application/json
      date:
      - Thu, 16 Feb 2023 09:48:28 GMT
      expires:
      - '-1'
      pragma:
      - no-cache
      server:
      - nginx
      strict-transport-security:
      - max-age=31536000; includeSubDomains
      transfer-encoding:
      - chunked
      vary:
      - Accept-Encoding
      x-content-type-options:
      - nosniff
    status:
      code: 200
      message: OK
- request:
    body: null
    headers:
      Accept:
      - application/json
      Accept-Encoding:
      - gzip, deflate
      CommandName:
      - image builder identity remove
      Connection:
      - keep-alive
      ParameterSetName:
      - -n -g --user-assigned --yes
      User-Agent:
      - AZURECLI/2.45.0 azsdk-python-mgmt-imagebuilder/1.1.0 Python/3.10.6 (Linux-5.10.102.1-microsoft-standard-WSL2-x86_64-with-glibc2.35)
    method: GET
    uri: https://management.azure.com/subscriptions/00000000-0000-0000-0000-000000000000/resourceGroups/img_tmpl_identity_000001/providers/Microsoft.VirtualMachineImages/imageTemplates/template01?api-version=2022-02-14
  response:
    body:
      string: "{\n \"properties\": {\n  \"source\": {\n   \"exactVersion\": \"18.04.201808140\",\n
        \  \"offer\": \"UbuntuServer\",\n   \"publisher\": \"Canonical\",\n   \"sku\":
        \"18.04-LTS\",\n   \"type\": \"PlatformImage\",\n   \"version\": \"18.04.201808140\"\n
        \ },\n  \"customize\": [\n   {\n    \"name\": \"customizeScript.sh\",\n    \"scriptUri\":
        \"https://raw.githubusercontent.com/danielsollondon/azvmimagebuilder/master/quickquickstarts/customizeScript.sh\",\n
        \   \"sha256Checksum\": \"2c6ff6902a4a52deee69e8db26d0036a53388651008aaf31795bb20dabd21fd8\",\n
        \   \"type\": \"Shell\"\n   }\n  ],\n  \"distribute\": [\n   {\n    \"artifactTags\":
        {},\n    \"excludeFromLatest\": false,\n    \"galleryImageId\": \"/subscriptions/00000000-0000-0000-0000-000000000000/resourceGroups/img_tmpl_identity_000001/providers/Microsoft.Compute/galleries/sig_000003/images/image1\",\n
        \   \"replicationRegions\": [\n     \"westus\"\n    ],\n    \"runOutputName\":
        \"image1\",\n    \"type\": \"SharedImage\"\n   }\n  ],\n  \"provisioningState\":
        \"Succeeded\",\n  \"buildTimeoutInMinutes\": 0,\n  \"vmProfile\": {\n   \"vmSize\":
        \"\",\n   \"osDiskSizeGB\": 0\n  },\n  \"stagingResourceGroup\": \"\",\n  \"exactStagingResourceGroup\":
        \"/subscriptions/00000000-0000-0000-0000-000000000000/resourceGroups/IT_img_tmpl_identity_cvoosb3im635crfe6ngcps_ee291606-0df5-41ba-9aa4-5fc48e82f329\"\n
        },\n \"identity\": {\n  \"type\": \"UserAssigned\",\n  \"userAssignedIdentities\":
        {\n   \"/subscriptions/00000000-0000-0000-0000-000000000000/resourcegroups/img_tmpl_identity_000001/providers/microsoft.managedidentity/userassignedidentities/ide1\":
        {\n    \"principalId\": \"0ae9c5cb-b741-4ae8-9349-274be1b68a1a\",\n    \"clientId\":
        \"10ff9d12-1e6a-466f-94a2-08635b22f6d8\"\n   }\n  }\n },\n \"tags\": {},\n
        \"location\": \"westus\",\n \"id\": \"/subscriptions/00000000-0000-0000-0000-000000000000/resourcegroups/img_tmpl_identity_000001/providers/Microsoft.VirtualMachineImages/imageTemplates/template01\",\n
        \"name\": \"template01\",\n \"type\": \"Microsoft.VirtualMachineImages/imageTemplates\"\n}"
    headers:
      cache-control:
      - no-cache
      content-length:
      - '1886'
      content-type:
      - application/json
      date:
      - Thu, 16 Feb 2023 09:48:29 GMT
      expires:
      - '-1'
      pragma:
      - no-cache
      server:
      - nginx
      strict-transport-security:
      - max-age=31536000; includeSubDomains
      transfer-encoding:
      - chunked
      vary:
      - Accept-Encoding
      x-content-type-options:
      - nosniff
    status:
      code: 200
      message: OK
- request:
    body: '{"identity": {"type": "None"}}'
    headers:
      Accept:
      - application/json
      Accept-Encoding:
      - gzip, deflate
      CommandName:
      - image builder identity remove
      Connection:
      - keep-alive
      Content-Length:
      - '30'
      Content-Type:
      - application/json
      ParameterSetName:
      - -n -g --user-assigned --yes
      User-Agent:
      - AZURECLI/2.45.0 azsdk-python-mgmt-imagebuilder/1.1.0 Python/3.10.6 (Linux-5.10.102.1-microsoft-standard-WSL2-x86_64-with-glibc2.35)
    method: PATCH
    uri: https://management.azure.com/subscriptions/00000000-0000-0000-0000-000000000000/resourceGroups/img_tmpl_identity_000001/providers/Microsoft.VirtualMachineImages/imageTemplates/template01?api-version=2022-02-14
  response:
    body:
      string: ''
    headers:
      azure-asyncoperation:
      - https://management.azure.com/subscriptions/00000000-0000-0000-0000-000000000000/providers/Microsoft.VirtualMachineImages/locations/westus/operations/d717c77a-f34c-4053-8eb7-c9cf1e6be9b5?api-version=2022-02-14
      cache-control:
      - no-cache
      content-length:
      - '0'
      date:
      - Thu, 16 Feb 2023 09:48:32 GMT
      expires:
      - '-1'
      location:
      - https://management.azure.com/subscriptions/00000000-0000-0000-0000-000000000000/providers/Microsoft.VirtualMachineImages/locations/westus/operations/d717c77a-f34c-4053-8eb7-c9cf1e6be9b5?api-version=2022-02-14
      pragma:
      - no-cache
      server:
      - nginx
      strict-transport-security:
      - max-age=31536000; includeSubDomains
      x-content-type-options:
      - nosniff
      x-ms-ratelimit-remaining-subscription-writes:
      - '1198'
    status:
      code: 202
      message: Accepted
- request:
    body: null
    headers:
      Accept:
      - '*/*'
      Accept-Encoding:
      - gzip, deflate
      CommandName:
      - image builder identity remove
      Connection:
      - keep-alive
      ParameterSetName:
      - -n -g --user-assigned --yes
      User-Agent:
      - AZURECLI/2.45.0 azsdk-python-mgmt-imagebuilder/1.1.0 Python/3.10.6 (Linux-5.10.102.1-microsoft-standard-WSL2-x86_64-with-glibc2.35)
    method: GET
    uri: https://management.azure.com/subscriptions/00000000-0000-0000-0000-000000000000/providers/Microsoft.VirtualMachineImages/locations/westus/operations/d717c77a-f34c-4053-8eb7-c9cf1e6be9b5?api-version=2022-02-14
  response:
    body:
      string: "{\n \"name\": \"D717C77A-F34C-4053-8EB7-C9CF1E6BE9B5\",\n \"status\":
        \"Succeeded\",\n \"startTime\": \"2023-02-16T09:48:31.9656574Z\",\n \"endTime\":
        \"2023-02-16T09:48:33.1618916Z\"\n}"
    headers:
      cache-control:
      - no-cache
      content-length:
      - '165'
      content-type:
      - application/json
      date:
      - Thu, 16 Feb 2023 09:49:02 GMT
      expires:
      - '-1'
      pragma:
      - no-cache
      server:
      - nginx
      strict-transport-security:
      - max-age=31536000; includeSubDomains
      transfer-encoding:
      - chunked
      vary:
      - Accept-Encoding
      x-content-type-options:
      - nosniff
    status:
      code: 200
      message: OK
- request:
    body: null
    headers:
      Accept:
      - '*/*'
      Accept-Encoding:
      - gzip, deflate
      CommandName:
      - image builder identity remove
      Connection:
      - keep-alive
      ParameterSetName:
      - -n -g --user-assigned --yes
      User-Agent:
      - AZURECLI/2.45.0 azsdk-python-mgmt-imagebuilder/1.1.0 Python/3.10.6 (Linux-5.10.102.1-microsoft-standard-WSL2-x86_64-with-glibc2.35)
    method: GET
    uri: https://management.azure.com/subscriptions/00000000-0000-0000-0000-000000000000/resourceGroups/img_tmpl_identity_000001/providers/Microsoft.VirtualMachineImages/imageTemplates/template01?api-version=2022-02-14
  response:
    body:
      string: "{\n \"properties\": {\n  \"source\": {\n   \"exactVersion\": \"18.04.201808140\",\n
        \  \"offer\": \"UbuntuServer\",\n   \"publisher\": \"Canonical\",\n   \"sku\":
        \"18.04-LTS\",\n   \"type\": \"PlatformImage\",\n   \"version\": \"18.04.201808140\"\n
        \ },\n  \"customize\": [\n   {\n    \"name\": \"customizeScript.sh\",\n    \"scriptUri\":
        \"https://raw.githubusercontent.com/danielsollondon/azvmimagebuilder/master/quickquickstarts/customizeScript.sh\",\n
        \   \"sha256Checksum\": \"2c6ff6902a4a52deee69e8db26d0036a53388651008aaf31795bb20dabd21fd8\",\n
        \   \"type\": \"Shell\"\n   }\n  ],\n  \"distribute\": [\n   {\n    \"artifactTags\":
        {},\n    \"excludeFromLatest\": false,\n    \"galleryImageId\": \"/subscriptions/00000000-0000-0000-0000-000000000000/resourceGroups/img_tmpl_identity_000001/providers/Microsoft.Compute/galleries/sig_000003/images/image1\",\n
        \   \"replicationRegions\": [\n     \"westus\"\n    ],\n    \"runOutputName\":
        \"image1\",\n    \"type\": \"SharedImage\"\n   }\n  ],\n  \"provisioningState\":
        \"Succeeded\",\n  \"buildTimeoutInMinutes\": 0,\n  \"vmProfile\": {\n   \"vmSize\":
        \"\",\n   \"osDiskSizeGB\": 0\n  },\n  \"stagingResourceGroup\": \"\",\n  \"exactStagingResourceGroup\":
        \"/subscriptions/00000000-0000-0000-0000-000000000000/resourceGroups/IT_img_tmpl_identity_cvoosb3im635crfe6ngcps_ee291606-0df5-41ba-9aa4-5fc48e82f329\"\n
        },\n \"identity\": {\n  \"type\": \"None\"\n },\n \"tags\": {},\n \"location\":
        \"westus\",\n \"id\": \"/subscriptions/00000000-0000-0000-0000-000000000000/resourcegroups/img_tmpl_identity_000001/providers/Microsoft.VirtualMachineImages/imageTemplates/template01\",\n
        \"name\": \"template01\",\n \"type\": \"Microsoft.VirtualMachineImages/imageTemplates\"\n}"
    headers:
      cache-control:
      - no-cache
      content-length:
      - '1560'
      content-type:
      - application/json
      date:
      - Thu, 16 Feb 2023 09:49:03 GMT
      expires:
      - '-1'
      pragma:
      - no-cache
      server:
      - nginx
      strict-transport-security:
      - max-age=31536000; includeSubDomains
      transfer-encoding:
      - chunked
      vary:
      - Accept-Encoding
      x-content-type-options:
      - nosniff
    status:
      code: 200
      message: OK
- request:
    body: null
    headers:
      Accept:
      - application/json
      Accept-Encoding:
      - gzip, deflate
      CommandName:
      - image builder identity show
      Connection:
      - keep-alive
      ParameterSetName:
      - -n -g
      User-Agent:
      - AZURECLI/2.45.0 azsdk-python-mgmt-imagebuilder/1.1.0 Python/3.10.6 (Linux-5.10.102.1-microsoft-standard-WSL2-x86_64-with-glibc2.35)
    method: GET
    uri: https://management.azure.com/subscriptions/00000000-0000-0000-0000-000000000000/resourceGroups/img_tmpl_identity_000001/providers/Microsoft.VirtualMachineImages/imageTemplates/template01?api-version=2022-02-14
  response:
    body:
      string: "{\n \"properties\": {\n  \"source\": {\n   \"exactVersion\": \"18.04.201808140\",\n
        \  \"offer\": \"UbuntuServer\",\n   \"publisher\": \"Canonical\",\n   \"sku\":
        \"18.04-LTS\",\n   \"type\": \"PlatformImage\",\n   \"version\": \"18.04.201808140\"\n
        \ },\n  \"customize\": [\n   {\n    \"name\": \"customizeScript.sh\",\n    \"scriptUri\":
        \"https://raw.githubusercontent.com/danielsollondon/azvmimagebuilder/master/quickquickstarts/customizeScript.sh\",\n
        \   \"sha256Checksum\": \"2c6ff6902a4a52deee69e8db26d0036a53388651008aaf31795bb20dabd21fd8\",\n
        \   \"type\": \"Shell\"\n   }\n  ],\n  \"distribute\": [\n   {\n    \"artifactTags\":
        {},\n    \"excludeFromLatest\": false,\n    \"galleryImageId\": \"/subscriptions/00000000-0000-0000-0000-000000000000/resourceGroups/img_tmpl_identity_000001/providers/Microsoft.Compute/galleries/sig_000003/images/image1\",\n
        \   \"replicationRegions\": [\n     \"westus\"\n    ],\n    \"runOutputName\":
        \"image1\",\n    \"type\": \"SharedImage\"\n   }\n  ],\n  \"provisioningState\":
        \"Succeeded\",\n  \"buildTimeoutInMinutes\": 0,\n  \"vmProfile\": {\n   \"vmSize\":
        \"\",\n   \"osDiskSizeGB\": 0\n  },\n  \"stagingResourceGroup\": \"\",\n  \"exactStagingResourceGroup\":
        \"/subscriptions/00000000-0000-0000-0000-000000000000/resourceGroups/IT_img_tmpl_identity_cvoosb3im635crfe6ngcps_ee291606-0df5-41ba-9aa4-5fc48e82f329\"\n
        },\n \"identity\": {\n  \"type\": \"None\"\n },\n \"tags\": {},\n \"location\":
        \"westus\",\n \"id\": \"/subscriptions/00000000-0000-0000-0000-000000000000/resourcegroups/img_tmpl_identity_000001/providers/Microsoft.VirtualMachineImages/imageTemplates/template01\",\n
        \"name\": \"template01\",\n \"type\": \"Microsoft.VirtualMachineImages/imageTemplates\"\n}"
    headers:
      cache-control:
      - no-cache
      content-length:
      - '1560'
      content-type:
      - application/json
      date:
      - Thu, 16 Feb 2023 09:49:06 GMT
      expires:
      - '-1'
      pragma:
      - no-cache
      server:
      - nginx
      strict-transport-security:
      - max-age=31536000; includeSubDomains
      transfer-encoding:
      - chunked
      vary:
      - Accept-Encoding
      x-content-type-options:
      - nosniff
    status:
      code: 200
      message: OK
version: 1
