interactions:
- request:
    body: null
    headers:
      Accept:
      - application/json
      Accept-Encoding:
      - gzip, deflate
      CommandName:
      - vmss create
      Connection:
      - keep-alive
      ParameterSetName:
      - --image --admin-password -g -n --instance-count --generate-ssh-keys --admin-username
        --max-batch-instance-percent --max-unhealthy-instance-percent --max-unhealthy-upgraded-instance-percent
        --pause-time-between-batches --prioritize-unhealthy-instances --orchestration-mode
      User-Agent:
      - AZURECLI/2.59.0 azsdk-python-core/1.30.1 Python/3.10.11 (Windows-10-10.0.22631-SP0)
    method: GET
    uri: https://management.azure.com/subscriptions/00000000-0000-0000-0000-000000000000/resourcegroups/cli_test_vmss_create_with_policy_setting000001?api-version=2022-09-01
  response:
    body:
      string: '{"id":"/subscriptions/00000000-0000-0000-0000-000000000000/resourceGroups/cli_test_vmss_create_with_policy_setting000001","name":"cli_test_vmss_create_with_policy_setting000001","type":"Microsoft.Resources/resourceGroups","location":"westus","tags":{"product":"azurecli","cause":"automation","test":"test_vmss_create_with_policy_setting","date":"2024-04-24T04:14:42Z","module":"vm"},"properties":{"provisioningState":"Succeeded"}}'
    headers:
      cache-control:
      - no-cache
      content-length:
      - '430'
      content-type:
      - application/json; charset=utf-8
      date:
      - Wed, 24 Apr 2024 04:14:45 GMT
      expires:
      - '-1'
      pragma:
      - no-cache
      strict-transport-security:
      - max-age=31536000; includeSubDomains
      x-cache:
      - CONFIG_NOCACHE
      x-content-type-options:
      - nosniff
      x-msedge-ref:
      - 'Ref A: 41434FEC5B9B418DB4F41F526F7D633C Ref B: MAA201060513037 Ref C: 2024-04-24T04:14:46Z'
    status:
      code: 200
      message: OK
- request:
    body: null
    headers:
      Accept:
      - application/json
      Accept-Encoding:
      - gzip, deflate
      CommandName:
      - vmss create
      Connection:
      - keep-alive
      ParameterSetName:
      - --image --admin-password -g -n --instance-count --generate-ssh-keys --admin-username
        --max-batch-instance-percent --max-unhealthy-instance-percent --max-unhealthy-upgraded-instance-percent
        --pause-time-between-batches --prioritize-unhealthy-instances --orchestration-mode
      User-Agent:
      - AZURECLI/2.59.0 azsdk-python-core/1.30.1 Python/3.10.11 (Windows-10-10.0.22631-SP0)
    method: GET
    uri: https://management.azure.com/subscriptions/00000000-0000-0000-0000-000000000000/providers/Microsoft.Compute/locations/westus/publishers/Debian/artifacttypes/vmimage/offers/debian-10/skus/10/versions?$top=1&$orderby=name%20desc&api-version=2024-03-01
  response:
    body:
      string: "[\r\n  {\r\n    \"location\": \"westus\",\r\n    \"name\": \"0.20240204.1647\"\
        ,\r\n    \"id\": \"/Subscriptions/00000000-0000-0000-0000-000000000000/Providers/Microsoft.Compute/Locations/westus/Publishers/Debian/ArtifactTypes/VMImage/Offers/debian-10/Skus/10/Versions/0.20240204.1647\"\
        \r\n  }\r\n]"
    headers:
      cache-control:
      - no-cache
      content-length:
      - '273'
      content-type:
      - application/json; charset=utf-8
      date:
      - Wed, 24 Apr 2024 04:14:46 GMT
      expires:
      - '-1'
      pragma:
      - no-cache
      strict-transport-security:
      - max-age=31536000; includeSubDomains
      x-cache:
      - CONFIG_NOCACHE
      x-content-type-options:
      - nosniff
      x-ms-ratelimit-remaining-resource:
      - Microsoft.Compute/ListVMImagesVersionsFromLocation3Min;15982,Microsoft.Compute/ListVMImagesVersionsFromLocation30Min;43938
      x-msedge-ref:
      - 'Ref A: 1150B359ED8F4D91B643851BC87C3CC7 Ref B: MAA201060514031 Ref C: 2024-04-24T04:14:46Z'
    status:
      code: 200
      message: OK
- request:
    body: null
    headers:
      Accept:
      - application/json
      Accept-Encoding:
      - gzip, deflate
      CommandName:
      - vmss create
      Connection:
      - keep-alive
      ParameterSetName:
      - --image --admin-password -g -n --instance-count --generate-ssh-keys --admin-username
        --max-batch-instance-percent --max-unhealthy-instance-percent --max-unhealthy-upgraded-instance-percent
        --pause-time-between-batches --prioritize-unhealthy-instances --orchestration-mode
      User-Agent:
      - AZURECLI/2.59.0 azsdk-python-core/1.30.1 Python/3.10.11 (Windows-10-10.0.22631-SP0)
    method: GET
    uri: https://management.azure.com/subscriptions/00000000-0000-0000-0000-000000000000/providers/Microsoft.Compute/locations/westus/publishers/Debian/artifacttypes/vmimage/offers/debian-10/skus/10/versions/0.20240204.1647?api-version=2024-03-01
  response:
    body:
      string: "{\r\n  \"properties\": {\r\n    \"hyperVGeneration\": \"V1\",\r\n \
        \   \"architecture\": \"x64\",\r\n    \"replicaType\": \"Unmanaged\",\r\n\
        \    \"disallowed\": {\r\n      \"vmDiskType\": \"None\"\r\n    },\r\n   \
        \ \"automaticOSUpgradeProperties\": {\r\n      \"automaticOSUpgradeSupported\"\
        : false\r\n    },\r\n    \"imageDeprecationStatus\": {\r\n      \"imageState\"\
        : \"Active\"\r\n    },\r\n    \"features\": [\r\n      {\r\n        \"name\"\
        : \"IsAcceleratedNetworkSupported\",\r\n        \"value\": \"True\"\r\n  \
        \    },\r\n      {\r\n        \"name\": \"DiskControllerTypes\",\r\n     \
        \   \"value\": \"SCSI\"\r\n      },\r\n      {\r\n        \"name\": \"IsHibernateSupported\"\
        ,\r\n        \"value\": \"False\"\r\n      }\r\n    ],\r\n    \"osDiskImage\"\
        : {\r\n      \"operatingSystem\": \"Linux\",\r\n      \"sizeInBytes\": 32212255232\r\
        \n    },\r\n    \"dataDiskImages\": []\r\n  },\r\n  \"location\": \"westus\"\
        ,\r\n  \"name\": \"0.20240204.1647\",\r\n  \"id\": \"/Subscriptions/00000000-0000-0000-0000-000000000000/Providers/Microsoft.Compute/Locations/westus/Publishers/Debian/ArtifactTypes/VMImage/Offers/debian-10/Skus/10/Versions/0.20240204.1647\"\
        \r\n}"
    headers:
      cache-control:
      - no-cache
      content-length:
      - '1008'
      content-type:
      - application/json; charset=utf-8
      date:
      - Wed, 24 Apr 2024 04:14:47 GMT
      expires:
      - '-1'
      pragma:
      - no-cache
      strict-transport-security:
      - max-age=31536000; includeSubDomains
      x-cache:
      - CONFIG_NOCACHE
      x-content-type-options:
      - nosniff
      x-ms-ratelimit-remaining-resource:
      - Microsoft.Compute/GetVMImageFromLocation3Min;12990,Microsoft.Compute/GetVMImageFromLocation30Min;73957
      x-msedge-ref:
      - 'Ref A: 30299451E61A4919A08BCF2648A99FA3 Ref B: MAA201060515039 Ref C: 2024-04-24T04:14:47Z'
    status:
      code: 200
      message: OK
- request:
    body: null
    headers:
      Accept:
      - application/json
      Accept-Encoding:
      - gzip, deflate
      CommandName:
      - vmss create
      Connection:
      - keep-alive
      ParameterSetName:
      - --image --admin-password -g -n --instance-count --generate-ssh-keys --admin-username
        --max-batch-instance-percent --max-unhealthy-instance-percent --max-unhealthy-upgraded-instance-percent
        --pause-time-between-batches --prioritize-unhealthy-instances --orchestration-mode
      User-Agent:
      - AZURECLI/2.59.0 azsdk-python-core/1.30.1 Python/3.10.11 (Windows-10-10.0.22631-SP0)
    method: GET
    uri: https://management.azure.com/subscriptions/00000000-0000-0000-0000-000000000000/resourceGroups/cli_test_vmss_create_with_policy_setting000001/providers/Microsoft.Network/virtualNetworks?api-version=2022-01-01
  response:
    body:
      string: '{"value":[]}'
    headers:
      cache-control:
      - no-cache
      content-length:
      - '12'
      content-type:
      - application/json; charset=utf-8
      date:
      - Wed, 24 Apr 2024 04:14:48 GMT
      expires:
      - '-1'
      pragma:
      - no-cache
      strict-transport-security:
      - max-age=31536000; includeSubDomains
      x-cache:
      - CONFIG_NOCACHE
      x-content-type-options:
      - nosniff
      x-msedge-ref:
      - 'Ref A: 6F234C35F72B4A38B8B02A53EBEB500E Ref B: MAA201060516039 Ref C: 2024-04-24T04:14:48Z'
    status:
      code: 200
      message: OK
- request:
    body: null
    headers:
      Accept:
      - application/json
      Accept-Encoding:
      - gzip, deflate
      CommandName:
      - vmss create
      Connection:
      - keep-alive
      ParameterSetName:
      - --image --admin-password -g -n --instance-count --generate-ssh-keys --admin-username
        --max-batch-instance-percent --max-unhealthy-instance-percent --max-unhealthy-upgraded-instance-percent
        --pause-time-between-batches --prioritize-unhealthy-instances --orchestration-mode
      User-Agent:
      - AZURECLI/2.59.0 azsdk-python-core/1.30.1 Python/3.10.11 (Windows-10-10.0.22631-SP0)
    method: GET
    uri: https://management.azure.com/subscriptions/00000000-0000-0000-0000-000000000000/providers/Microsoft.Compute/locations/westus/publishers/Debian/artifacttypes/vmimage/offers/debian-10/skus/10/versions?$top=1&$orderby=name%20desc&api-version=2024-03-01
  response:
    body:
      string: "[\r\n  {\r\n    \"location\": \"westus\",\r\n    \"name\": \"0.20240204.1647\"\
        ,\r\n    \"id\": \"/Subscriptions/00000000-0000-0000-0000-000000000000/Providers/Microsoft.Compute/Locations/westus/Publishers/Debian/ArtifactTypes/VMImage/Offers/debian-10/Skus/10/Versions/0.20240204.1647\"\
        \r\n  }\r\n]"
    headers:
      cache-control:
      - no-cache
      content-length:
      - '273'
      content-type:
      - application/json; charset=utf-8
      date:
      - Wed, 24 Apr 2024 04:14:49 GMT
      expires:
      - '-1'
      pragma:
      - no-cache
      strict-transport-security:
      - max-age=31536000; includeSubDomains
      x-cache:
      - CONFIG_NOCACHE
      x-content-type-options:
      - nosniff
      x-ms-ratelimit-remaining-resource:
      - Microsoft.Compute/ListVMImagesVersionsFromLocation3Min;15981,Microsoft.Compute/ListVMImagesVersionsFromLocation30Min;43937
      x-msedge-ref:
      - 'Ref A: 16A6B3E83406459E980E4C82AB4B66AB Ref B: MAA201060515039 Ref C: 2024-04-24T04:14:49Z'
    status:
      code: 200
      message: OK
- request:
    body: null
    headers:
      Accept:
      - application/json
      Accept-Encoding:
      - gzip, deflate
      CommandName:
      - vmss create
      Connection:
      - keep-alive
      ParameterSetName:
      - --image --admin-password -g -n --instance-count --generate-ssh-keys --admin-username
        --max-batch-instance-percent --max-unhealthy-instance-percent --max-unhealthy-upgraded-instance-percent
        --pause-time-between-batches --prioritize-unhealthy-instances --orchestration-mode
      User-Agent:
      - AZURECLI/2.59.0 azsdk-python-core/1.30.1 Python/3.10.11 (Windows-10-10.0.22631-SP0)
    method: GET
    uri: https://management.azure.com/subscriptions/00000000-0000-0000-0000-000000000000/providers/Microsoft.Compute/locations/westus/publishers/Debian/artifacttypes/vmimage/offers/debian-10/skus/10/versions/0.20240204.1647?api-version=2024-03-01
  response:
    body:
      string: "{\r\n  \"properties\": {\r\n    \"hyperVGeneration\": \"V1\",\r\n \
        \   \"architecture\": \"x64\",\r\n    \"replicaType\": \"Unmanaged\",\r\n\
        \    \"disallowed\": {\r\n      \"vmDiskType\": \"None\"\r\n    },\r\n   \
        \ \"automaticOSUpgradeProperties\": {\r\n      \"automaticOSUpgradeSupported\"\
        : false\r\n    },\r\n    \"imageDeprecationStatus\": {\r\n      \"imageState\"\
        : \"Active\"\r\n    },\r\n    \"features\": [\r\n      {\r\n        \"name\"\
        : \"IsAcceleratedNetworkSupported\",\r\n        \"value\": \"True\"\r\n  \
        \    },\r\n      {\r\n        \"name\": \"DiskControllerTypes\",\r\n     \
        \   \"value\": \"SCSI\"\r\n      },\r\n      {\r\n        \"name\": \"IsHibernateSupported\"\
        ,\r\n        \"value\": \"False\"\r\n      }\r\n    ],\r\n    \"osDiskImage\"\
        : {\r\n      \"operatingSystem\": \"Linux\",\r\n      \"sizeInBytes\": 32212255232\r\
        \n    },\r\n    \"dataDiskImages\": []\r\n  },\r\n  \"location\": \"westus\"\
        ,\r\n  \"name\": \"0.20240204.1647\",\r\n  \"id\": \"/Subscriptions/00000000-0000-0000-0000-000000000000/Providers/Microsoft.Compute/Locations/westus/Publishers/Debian/ArtifactTypes/VMImage/Offers/debian-10/Skus/10/Versions/0.20240204.1647\"\
        \r\n}"
    headers:
      cache-control:
      - no-cache
      content-length:
      - '1008'
      content-type:
      - application/json; charset=utf-8
      date:
      - Wed, 24 Apr 2024 04:14:51 GMT
      expires:
      - '-1'
      pragma:
      - no-cache
      strict-transport-security:
      - max-age=31536000; includeSubDomains
      x-cache:
      - CONFIG_NOCACHE
      x-content-type-options:
      - nosniff
      x-ms-ratelimit-remaining-resource:
      - Microsoft.Compute/GetVMImageFromLocation3Min;12989,Microsoft.Compute/GetVMImageFromLocation30Min;73956
      x-msedge-ref:
      - 'Ref A: FF0E5E74F5784150807C2D44D3571492 Ref B: MAA201060513051 Ref C: 2024-04-24T04:14:50Z'
    status:
      code: 200
      message: OK
- request:
    body: null
    headers:
      Accept:
      - application/json
      Accept-Encoding:
      - gzip, deflate
      CommandName:
      - vmss create
      Connection:
      - keep-alive
      ParameterSetName:
      - --image --admin-password -g -n --instance-count --generate-ssh-keys --admin-username
        --max-batch-instance-percent --max-unhealthy-instance-percent --max-unhealthy-upgraded-instance-percent
        --pause-time-between-batches --prioritize-unhealthy-instances --orchestration-mode
      User-Agent:
      - AZURECLI/2.59.0 azsdk-python-core/1.30.1 Python/3.10.11 (Windows-10-10.0.22631-SP0)
    method: GET
    uri: https://management.azure.com/subscriptions/00000000-0000-0000-0000-000000000000/providers/Microsoft.Compute/locations/westus/publishers/Debian/artifacttypes/vmimage/offers/debian-10/skus/10/versions?$top=1&$orderby=name%20desc&api-version=2024-03-01
  response:
    body:
      string: "[\r\n  {\r\n    \"location\": \"westus\",\r\n    \"name\": \"0.20240204.1647\"\
        ,\r\n    \"id\": \"/Subscriptions/00000000-0000-0000-0000-000000000000/Providers/Microsoft.Compute/Locations/westus/Publishers/Debian/ArtifactTypes/VMImage/Offers/debian-10/Skus/10/Versions/0.20240204.1647\"\
        \r\n  }\r\n]"
    headers:
      cache-control:
      - no-cache
      content-length:
      - '273'
      content-type:
      - application/json; charset=utf-8
      date:
      - Wed, 24 Apr 2024 04:14:51 GMT
      expires:
      - '-1'
      pragma:
      - no-cache
      strict-transport-security:
      - max-age=31536000; includeSubDomains
      x-cache:
      - CONFIG_NOCACHE
      x-content-type-options:
      - nosniff
      x-ms-ratelimit-remaining-resource:
      - Microsoft.Compute/ListVMImagesVersionsFromLocation3Min;15980,Microsoft.Compute/ListVMImagesVersionsFromLocation30Min;43936
      x-msedge-ref:
      - 'Ref A: FCDE9EF257BB4629931F2D5C15A18EBA Ref B: MAA201060513021 Ref C: 2024-04-24T04:14:51Z'
    status:
      code: 200
      message: OK
- request:
    body: null
    headers:
      Accept:
      - application/json
      Accept-Encoding:
      - gzip, deflate
      CommandName:
      - vmss create
      Connection:
      - keep-alive
      ParameterSetName:
      - --image --admin-password -g -n --instance-count --generate-ssh-keys --admin-username
        --max-batch-instance-percent --max-unhealthy-instance-percent --max-unhealthy-upgraded-instance-percent
        --pause-time-between-batches --prioritize-unhealthy-instances --orchestration-mode
      User-Agent:
      - AZURECLI/2.59.0 azsdk-python-core/1.30.1 Python/3.10.11 (Windows-10-10.0.22631-SP0)
    method: GET
    uri: https://management.azure.com/subscriptions/00000000-0000-0000-0000-000000000000/providers/Microsoft.Compute/locations/westus/publishers/Debian/artifacttypes/vmimage/offers/debian-10/skus/10/versions/0.20240204.1647?api-version=2024-03-01
  response:
    body:
      string: "{\r\n  \"properties\": {\r\n    \"hyperVGeneration\": \"V1\",\r\n \
        \   \"architecture\": \"x64\",\r\n    \"replicaType\": \"Unmanaged\",\r\n\
        \    \"disallowed\": {\r\n      \"vmDiskType\": \"None\"\r\n    },\r\n   \
        \ \"automaticOSUpgradeProperties\": {\r\n      \"automaticOSUpgradeSupported\"\
        : false\r\n    },\r\n    \"imageDeprecationStatus\": {\r\n      \"imageState\"\
        : \"Active\"\r\n    },\r\n    \"features\": [\r\n      {\r\n        \"name\"\
        : \"IsAcceleratedNetworkSupported\",\r\n        \"value\": \"True\"\r\n  \
        \    },\r\n      {\r\n        \"name\": \"DiskControllerTypes\",\r\n     \
        \   \"value\": \"SCSI\"\r\n      },\r\n      {\r\n        \"name\": \"IsHibernateSupported\"\
        ,\r\n        \"value\": \"False\"\r\n      }\r\n    ],\r\n    \"osDiskImage\"\
        : {\r\n      \"operatingSystem\": \"Linux\",\r\n      \"sizeInBytes\": 32212255232\r\
        \n    },\r\n    \"dataDiskImages\": []\r\n  },\r\n  \"location\": \"westus\"\
        ,\r\n  \"name\": \"0.20240204.1647\",\r\n  \"id\": \"/Subscriptions/00000000-0000-0000-0000-000000000000/Providers/Microsoft.Compute/Locations/westus/Publishers/Debian/ArtifactTypes/VMImage/Offers/debian-10/Skus/10/Versions/0.20240204.1647\"\
        \r\n}"
    headers:
      cache-control:
      - no-cache
      content-length:
      - '1008'
      content-type:
      - application/json; charset=utf-8
      date:
      - Wed, 24 Apr 2024 04:14:53 GMT
      expires:
      - '-1'
      pragma:
      - no-cache
      strict-transport-security:
      - max-age=31536000; includeSubDomains
      x-cache:
      - CONFIG_NOCACHE
      x-content-type-options:
      - nosniff
      x-ms-ratelimit-remaining-resource:
      - Microsoft.Compute/GetVMImageFromLocation3Min;12988,Microsoft.Compute/GetVMImageFromLocation30Min;73955
      x-msedge-ref:
      - 'Ref A: 134F8B3D71CE4002B0BDE1CC3F41EB55 Ref B: MAA201060514045 Ref C: 2024-04-24T04:14:53Z'
    status:
      code: 200
      message: OK
- request:
    body: '{"properties": {"template": {"$schema": "https://schema.management.azure.com/schemas/2015-01-01/deploymentTemplate.json#",
      "contentVersion": "1.0.0.0", "parameters": {"adminPassword": {"type": "securestring",
      "metadata": {"description": "Secure adminPassword"}}}, "variables": {}, "resources":
      [{"name": "vrfvmssVNET", "type": "Microsoft.Network/virtualNetworks", "location":
      "westus", "apiVersion": "2015-06-15", "dependsOn": [], "tags": {}, "properties":
      {"addressSpace": {"addressPrefixes": ["10.0.0.0/16"]}, "subnets": [{"name":
      "vrfvmssSubnet", "properties": {"addressPrefix": "10.0.0.0/24"}}]}}, {"apiVersion":
      "2022-01-01", "type": "Microsoft.Network/publicIPAddresses", "name": "vrfvmssLBPublicIP",
      "location": "westus", "tags": {}, "dependsOn": [], "properties": {"publicIPAllocationMethod":
      "Static"}, "sku": {"name": "Standard"}}, {"type": "Microsoft.Network/loadBalancers",
      "name": "vrfvmssLB", "location": "westus", "tags": {}, "apiVersion": "2022-01-01",
      "dependsOn": ["Microsoft.Network/virtualNetworks/vrfvmssVNET", "Microsoft.Network/publicIpAddresses/vrfvmssLBPublicIP"],
      "properties": {"backendAddressPools": [{"name": "vrfvmssLBBEPool"}], "frontendIPConfigurations":
      [{"name": "loadBalancerFrontEnd", "properties": {"publicIPAddress": {"id": "/subscriptions/00000000-0000-0000-0000-000000000000/resourceGroups/cli_test_vmss_create_with_policy_setting000001/providers/Microsoft.Network/publicIPAddresses/vrfvmssLBPublicIP"}}}],
      "loadBalancingRules": [{"name": "LBRule", "properties": {"frontendIPConfiguration":
      {"id": "[concat(resourceId(''Microsoft.Network/loadBalancers'', ''vrfvmssLB''),
      ''/frontendIPConfigurations/'', ''loadBalancerFrontEnd'')]"}, "backendAddressPool":
      {"id": "[concat(resourceId(''Microsoft.Network/loadBalancers'', ''vrfvmssLB''),
      ''/backendAddressPools/'', ''vrfvmssLBBEPool'')]"}, "protocol": "tcp", "frontendPort":
      80, "backendPort": 80, "enableFloatingIP": false, "idleTimeoutInMinutes": 5}}]},
      "sku": {"name": "Standard"}}, {"type": "Microsoft.Network/networkSecurityGroups",
      "name": "vrfvmssNSG", "apiVersion": "2015-06-15", "location": "westus", "tags":
      {}, "dependsOn": [], "properties": {"securityRules": [{"name": "default-allow-ssh",
      "properties": {"protocol": "Tcp", "sourcePortRange": "*", "destinationPortRange":
      "22", "sourceAddressPrefix": "*", "destinationAddressPrefix": "*", "access":
      "Allow", "priority": 1000, "direction": "Inbound"}}]}}, {"type": "Microsoft.Network/loadBalancers/inboundNatRules",
      "apiVersion": "2022-01-01", "name": "vrfvmssLB/NatRule", "location": "westus",
      "properties": {"frontendIPConfiguration": {"id": "[concat(resourceId(''Microsoft.Network/loadBalancers'',
      ''vrfvmssLB''), ''/frontendIPConfigurations/'', ''loadBalancerFrontEnd'')]"},
      "backendAddressPool": {"id": "[concat(resourceId(''Microsoft.Network/loadBalancers'',
      ''vrfvmssLB''), ''/backendAddressPools/'', ''vrfvmssLBBEPool'')]"}, "backendPort":
      22, "frontendPortRangeStart": "50000", "frontendPortRangeEnd": "50119", "protocol":
      "tcp", "idleTimeoutInMinutes": 5}, "dependsOn": ["[concat(''Microsoft.Network/loadBalancers/'',
      ''vrfvmssLB'')]"]}, {"type": "Microsoft.Compute/virtualMachineScaleSets", "name":
      "vrfvmss", "location": "westus", "tags": {}, "apiVersion": "2024-03-01", "dependsOn":
      ["Microsoft.Network/virtualNetworks/vrfvmssVNET", "Microsoft.Network/loadBalancers/vrfvmssLB",
      "Microsoft.Network/networkSecurityGroups/vrfvmssNSG"], "properties": {"overprovision":
      true, "upgradePolicy": {"mode": "manual", "rollingUpgradePolicy": {"maxBatchInstancePercent":
      40, "maxUnhealthyInstancePercent": 40, "maxUnhealthyUpgradedInstancePercent":
      40, "pauseTimeBetweenBatches": "PT1S", "prioritizeUnhealthyInstances": true},
      "automaticOSUpgradePolicy": {}}, "singlePlacementGroup": null, "virtualMachineProfile":
      {"storageProfile": {"osDisk": {"createOption": "FromImage", "caching": "ReadWrite",
      "managedDisk": {"storageAccountType": null}}, "imageReference": {"publisher":
      "Debian", "offer": "debian-10", "sku": "10", "version": "latest"}}, "osProfile":
      {"computerNamePrefix": "vrfvmc848", "adminUsername": "myadmin", "adminPassword":
      "[parameters(''adminPassword'')]"}, "networkProfile": {"networkInterfaceConfigurations":
      [{"name": "vrfvmc848Nic", "properties": {"ipConfigurations": [{"name": "vrfvmc848IPConfig",
      "properties": {"subnet": {"id": "/subscriptions/00000000-0000-0000-0000-000000000000/resourceGroups/cli_test_vmss_create_with_policy_setting000001/providers/Microsoft.Network/virtualNetworks/vrfvmssVNET/subnets/vrfvmssSubnet"},
      "loadBalancerBackendAddressPools": [{"id": "/subscriptions/00000000-0000-0000-0000-000000000000/resourceGroups/cli_test_vmss_create_with_policy_setting000001/providers/Microsoft.Network/loadBalancers/vrfvmssLB/backendAddressPools/vrfvmssLBBEPool"}]}}],
      "networkSecurityGroup": {"id": "[resourceId(''Microsoft.Network/networkSecurityGroups'',
      ''vrfvmssNSG'')]"}, "primary": "true"}}]}}, "orchestrationMode": "Uniform"},
      "sku": {"name": "Standard_DS1_v2", "capacity": 1}}], "outputs": {"VMSS": {"type":
      "object", "value": "[reference(resourceId(''Microsoft.Compute/virtualMachineScaleSets'',
      ''vrfvmss''),providers(''Microsoft.Compute'', ''virtualMachineScaleSets'').apiVersions[0])]"}}},
      "parameters": {"adminPassword": {"value": "testPassword0"}}, "mode": "incremental"}}'
    headers:
      Accept:
      - application/json
      Accept-Encoding:
      - gzip, deflate
      CommandName:
      - vmss create
      Connection:
      - keep-alive
      Content-Length:
      - '5218'
      Content-Type:
      - application/json
      ParameterSetName:
      - --image --admin-password -g -n --instance-count --generate-ssh-keys --admin-username
        --max-batch-instance-percent --max-unhealthy-instance-percent --max-unhealthy-upgraded-instance-percent
        --pause-time-between-batches --prioritize-unhealthy-instances --orchestration-mode
      User-Agent:
      - AZURECLI/2.59.0 azsdk-python-core/1.30.1 Python/3.10.11 (Windows-10-10.0.22631-SP0)
    method: PUT
    uri: https://management.azure.com/subscriptions/00000000-0000-0000-0000-000000000000/resourcegroups/cli_test_vmss_create_with_policy_setting000001/providers/Microsoft.Resources/deployments/mock-deployment?api-version=2022-09-01
  response:
    body:
      string: '{"id":"/subscriptions/00000000-0000-0000-0000-000000000000/resourceGroups/cli_test_vmss_create_with_policy_setting000001/providers/Microsoft.Resources/deployments/vmss_deploy_x7673Y2qCTL41QZ03Ge1cbqJgTy64VDU","name":"vmss_deploy_x7673Y2qCTL41QZ03Ge1cbqJgTy64VDU","type":"Microsoft.Resources/deployments","properties":{"templateHash":"2069811527010799541","parameters":{"adminPassword":{"type":"SecureString"}},"mode":"Incremental","provisioningState":"Accepted","timestamp":"2024-04-24T04:15:03.3434647Z","duration":"PT0.0001742S","correlationId":"e7ccf3cf-59c6-4dff-b876-24f46af59da4","providers":[{"namespace":"Microsoft.Network","resourceTypes":[{"resourceType":"virtualNetworks","locations":["westus"]},{"resourceType":"publicIPAddresses","locations":["westus"]},{"resourceType":"loadBalancers","locations":["westus"]},{"resourceType":"networkSecurityGroups","locations":["westus"]},{"resourceType":"loadBalancers/inboundNatRules","locations":["westus"]}]},{"namespace":"Microsoft.Compute","resourceTypes":[{"resourceType":"virtualMachineScaleSets","locations":["westus"]}]}],"dependencies":[{"dependsOn":[{"id":"/subscriptions/00000000-0000-0000-0000-000000000000/resourceGroups/cli_test_vmss_create_with_policy_setting000001/providers/Microsoft.Network/virtualNetworks/vrfvmssVNET","resourceType":"Microsoft.Network/virtualNetworks","resourceName":"vrfvmssVNET"},{"id":"/subscriptions/00000000-0000-0000-0000-000000000000/resourceGroups/cli_test_vmss_create_with_policy_setting000001/providers/Microsoft.Network/publicIPAddresses/vrfvmssLBPublicIP","resourceType":"Microsoft.Network/publicIPAddresses","resourceName":"vrfvmssLBPublicIP"}],"id":"/subscriptions/00000000-0000-0000-0000-000000000000/resourceGroups/cli_test_vmss_create_with_policy_setting000001/providers/Microsoft.Network/loadBalancers/vrfvmssLB","resourceType":"Microsoft.Network/loadBalancers","resourceName":"vrfvmssLB"},{"dependsOn":[{"id":"/subscriptions/00000000-0000-0000-0000-000000000000/resourceGroups/cli_test_vmss_create_with_policy_setting000001/providers/Microsoft.Network/loadBalancers/vrfvmssLB","resourceType":"Microsoft.Network/loadBalancers","resourceName":"vrfvmssLB"}],"id":"/subscriptions/00000000-0000-0000-0000-000000000000/resourceGroups/cli_test_vmss_create_with_policy_setting000001/providers/Microsoft.Network/loadBalancers/vrfvmssLB/inboundNatRules/NatRule","resourceType":"Microsoft.Network/loadBalancers/inboundNatRules","resourceName":"vrfvmssLB/NatRule"},{"dependsOn":[{"id":"/subscriptions/00000000-0000-0000-0000-000000000000/resourceGroups/cli_test_vmss_create_with_policy_setting000001/providers/Microsoft.Network/virtualNetworks/vrfvmssVNET","resourceType":"Microsoft.Network/virtualNetworks","resourceName":"vrfvmssVNET"},{"id":"/subscriptions/00000000-0000-0000-0000-000000000000/resourceGroups/cli_test_vmss_create_with_policy_setting000001/providers/Microsoft.Network/loadBalancers/vrfvmssLB","resourceType":"Microsoft.Network/loadBalancers","resourceName":"vrfvmssLB"},{"id":"/subscriptions/00000000-0000-0000-0000-000000000000/resourceGroups/cli_test_vmss_create_with_policy_setting000001/providers/Microsoft.Network/networkSecurityGroups/vrfvmssNSG","resourceType":"Microsoft.Network/networkSecurityGroups","resourceName":"vrfvmssNSG"}],"id":"/subscriptions/00000000-0000-0000-0000-000000000000/resourceGroups/cli_test_vmss_create_with_policy_setting000001/providers/Microsoft.Compute/virtualMachineScaleSets/vrfvmss","resourceType":"Microsoft.Compute/virtualMachineScaleSets","resourceName":"vrfvmss"}]}}'
    headers:
      azure-asyncoperation:
      - https://management.azure.com/subscriptions/00000000-0000-0000-0000-000000000000/resourcegroups/cli_test_vmss_create_with_policy_setting000001/providers/Microsoft.Resources/deployments/vmss_deploy_x7673Y2qCTL41QZ03Ge1cbqJgTy64VDU/operationStatuses/08584876747857021163?api-version=2022-09-01
      cache-control:
      - no-cache
      content-length:
      - '3521'
      content-type:
      - application/json; charset=utf-8
      date:
      - Wed, 24 Apr 2024 04:15:05 GMT
      expires:
      - '-1'
      pragma:
      - no-cache
      strict-transport-security:
      - max-age=31536000; includeSubDomains
      x-cache:
      - CONFIG_NOCACHE
      x-content-type-options:
      - nosniff
      x-ms-ratelimit-remaining-subscription-writes:
      - '1198'
      x-msedge-ref:
      - 'Ref A: 0B834690A4F342A0A0258CEE49485615 Ref B: MAA201060513021 Ref C: 2024-04-24T04:14:54Z'
    status:
      code: 201
      message: Created
- request:
    body: null
    headers:
      Accept:
      - '*/*'
      Accept-Encoding:
      - gzip, deflate
      CommandName:
      - vmss create
      Connection:
      - keep-alive
      ParameterSetName:
      - --image --admin-password -g -n --instance-count --generate-ssh-keys --admin-username
        --max-batch-instance-percent --max-unhealthy-instance-percent --max-unhealthy-upgraded-instance-percent
        --pause-time-between-batches --prioritize-unhealthy-instances --orchestration-mode
      User-Agent:
      - AZURECLI/2.59.0 azsdk-python-core/1.30.1 Python/3.10.11 (Windows-10-10.0.22631-SP0)
    method: GET
    uri: https://management.azure.com/subscriptions/00000000-0000-0000-0000-000000000000/resourcegroups/cli_test_vmss_create_with_policy_setting000001/providers/Microsoft.Resources/deployments/mock-deployment/operationStatuses/08584876747857021163?api-version=2022-09-01
  response:
    body:
      string: '{"status":"Running"}'
    headers:
      cache-control:
      - no-cache
      content-length:
      - '20'
      content-type:
      - application/json; charset=utf-8
      date:
      - Wed, 24 Apr 2024 04:15:07 GMT
      expires:
      - '-1'
      pragma:
      - no-cache
      strict-transport-security:
      - max-age=31536000; includeSubDomains
      x-cache:
      - CONFIG_NOCACHE
      x-content-type-options:
      - nosniff
      x-msedge-ref:
      - 'Ref A: B9DCF330C36F4C149ABC60A57314B19F Ref B: MAA201060513019 Ref C: 2024-04-24T04:15:06Z'
    status:
      code: 200
      message: OK
- request:
    body: null
    headers:
      Accept:
      - '*/*'
      Accept-Encoding:
      - gzip, deflate
      CommandName:
      - vmss create
      Connection:
      - keep-alive
      ParameterSetName:
      - --image --admin-password -g -n --instance-count --generate-ssh-keys --admin-username
        --max-batch-instance-percent --max-unhealthy-instance-percent --max-unhealthy-upgraded-instance-percent
        --pause-time-between-batches --prioritize-unhealthy-instances --orchestration-mode
      User-Agent:
      - AZURECLI/2.59.0 azsdk-python-core/1.30.1 Python/3.10.11 (Windows-10-10.0.22631-SP0)
    method: GET
    uri: https://management.azure.com/subscriptions/00000000-0000-0000-0000-000000000000/resourcegroups/cli_test_vmss_create_with_policy_setting000001/providers/Microsoft.Resources/deployments/mock-deployment/operationStatuses/08584876747857021163?api-version=2022-09-01
  response:
    body:
      string: '{"status":"Running"}'
    headers:
      cache-control:
      - no-cache
      content-length:
      - '20'
      content-type:
      - application/json; charset=utf-8
      date:
      - Wed, 24 Apr 2024 04:15:39 GMT
      expires:
      - '-1'
      pragma:
      - no-cache
      strict-transport-security:
      - max-age=31536000; includeSubDomains
      x-cache:
      - CONFIG_NOCACHE
      x-content-type-options:
      - nosniff
      x-msedge-ref:
      - 'Ref A: 3807516E30F247DEB9791D626AA50049 Ref B: MAA201060515027 Ref C: 2024-04-24T04:15:38Z'
    status:
      code: 200
      message: OK
- request:
    body: null
    headers:
      Accept:
      - '*/*'
      Accept-Encoding:
      - gzip, deflate
      CommandName:
      - vmss create
      Connection:
      - keep-alive
      ParameterSetName:
      - --image --admin-password -g -n --instance-count --generate-ssh-keys --admin-username
        --max-batch-instance-percent --max-unhealthy-instance-percent --max-unhealthy-upgraded-instance-percent
        --pause-time-between-batches --prioritize-unhealthy-instances --orchestration-mode
      User-Agent:
      - AZURECLI/2.59.0 azsdk-python-core/1.30.1 Python/3.10.11 (Windows-10-10.0.22631-SP0)
    method: GET
    uri: https://management.azure.com/subscriptions/00000000-0000-0000-0000-000000000000/resourcegroups/cli_test_vmss_create_with_policy_setting000001/providers/Microsoft.Resources/deployments/mock-deployment/operationStatuses/08584876747857021163?api-version=2022-09-01
  response:
    body:
      string: '{"status":"Running"}'
    headers:
      cache-control:
      - no-cache
      content-length:
      - '20'
      content-type:
      - application/json; charset=utf-8
      date:
      - Wed, 24 Apr 2024 04:16:11 GMT
      expires:
      - '-1'
      pragma:
      - no-cache
      strict-transport-security:
      - max-age=31536000; includeSubDomains
      x-cache:
      - CONFIG_NOCACHE
      x-content-type-options:
      - nosniff
      x-msedge-ref:
      - 'Ref A: 47869C3F741349CFB10603873EEFB85E Ref B: MAA201060515021 Ref C: 2024-04-24T04:16:10Z'
    status:
      code: 200
      message: OK
- request:
    body: null
    headers:
      Accept:
      - '*/*'
      Accept-Encoding:
      - gzip, deflate
      CommandName:
      - vmss create
      Connection:
      - keep-alive
      ParameterSetName:
      - --image --admin-password -g -n --instance-count --generate-ssh-keys --admin-username
        --max-batch-instance-percent --max-unhealthy-instance-percent --max-unhealthy-upgraded-instance-percent
        --pause-time-between-batches --prioritize-unhealthy-instances --orchestration-mode
      User-Agent:
      - AZURECLI/2.59.0 azsdk-python-core/1.30.1 Python/3.10.11 (Windows-10-10.0.22631-SP0)
    method: GET
    uri: https://management.azure.com/subscriptions/00000000-0000-0000-0000-000000000000/resourcegroups/cli_test_vmss_create_with_policy_setting000001/providers/Microsoft.Resources/deployments/mock-deployment/operationStatuses/08584876747857021163?api-version=2022-09-01
  response:
    body:
      string: '{"status":"Running"}'
    headers:
      cache-control:
      - no-cache
      content-length:
      - '20'
      content-type:
      - application/json; charset=utf-8
      date:
      - Wed, 24 Apr 2024 04:16:44 GMT
      expires:
      - '-1'
      pragma:
      - no-cache
      strict-transport-security:
      - max-age=31536000; includeSubDomains
      x-cache:
      - CONFIG_NOCACHE
      x-content-type-options:
      - nosniff
      x-msedge-ref:
      - 'Ref A: 476D7E03091B4B2B84FC5C741A778920 Ref B: MAA201060515031 Ref C: 2024-04-24T04:16:43Z'
    status:
      code: 200
      message: OK
- request:
    body: null
    headers:
      Accept:
      - '*/*'
      Accept-Encoding:
      - gzip, deflate
      CommandName:
      - vmss create
      Connection:
      - keep-alive
      ParameterSetName:
      - --image --admin-password -g -n --instance-count --generate-ssh-keys --admin-username
        --max-batch-instance-percent --max-unhealthy-instance-percent --max-unhealthy-upgraded-instance-percent
        --pause-time-between-batches --prioritize-unhealthy-instances --orchestration-mode
      User-Agent:
      - AZURECLI/2.59.0 azsdk-python-core/1.30.1 Python/3.10.11 (Windows-10-10.0.22631-SP0)
    method: GET
    uri: https://management.azure.com/subscriptions/00000000-0000-0000-0000-000000000000/resourcegroups/cli_test_vmss_create_with_policy_setting000001/providers/Microsoft.Resources/deployments/mock-deployment/operationStatuses/08584876747857021163?api-version=2022-09-01
  response:
    body:
      string: '{"status":"Succeeded"}'
    headers:
      cache-control:
      - no-cache
      content-length:
      - '22'
      content-type:
      - application/json; charset=utf-8
      date:
      - Wed, 24 Apr 2024 04:17:16 GMT
      expires:
      - '-1'
      pragma:
      - no-cache
      strict-transport-security:
      - max-age=31536000; includeSubDomains
      x-cache:
      - CONFIG_NOCACHE
      x-content-type-options:
      - nosniff
      x-msedge-ref:
      - 'Ref A: 5499ED5F56D143DB8FFBDCB4557FD247 Ref B: MAA201060513049 Ref C: 2024-04-24T04:17:15Z'
    status:
      code: 200
      message: OK
- request:
    body: null
    headers:
      Accept:
      - '*/*'
      Accept-Encoding:
      - gzip, deflate
      CommandName:
      - vmss create
      Connection:
      - keep-alive
      ParameterSetName:
      - --image --admin-password -g -n --instance-count --generate-ssh-keys --admin-username
        --max-batch-instance-percent --max-unhealthy-instance-percent --max-unhealthy-upgraded-instance-percent
        --pause-time-between-batches --prioritize-unhealthy-instances --orchestration-mode
      User-Agent:
      - AZURECLI/2.59.0 azsdk-python-core/1.30.1 Python/3.10.11 (Windows-10-10.0.22631-SP0)
    method: GET
    uri: https://management.azure.com/subscriptions/00000000-0000-0000-0000-000000000000/resourcegroups/cli_test_vmss_create_with_policy_setting000001/providers/Microsoft.Resources/deployments/mock-deployment?api-version=2022-09-01
  response:
    body:
      string: '{"id":"/subscriptions/00000000-0000-0000-0000-000000000000/resourceGroups/cli_test_vmss_create_with_policy_setting000001/providers/Microsoft.Resources/deployments/vmss_deploy_x7673Y2qCTL41QZ03Ge1cbqJgTy64VDU","name":"vmss_deploy_x7673Y2qCTL41QZ03Ge1cbqJgTy64VDU","type":"Microsoft.Resources/deployments","properties":{"templateHash":"2069811527010799541","parameters":{"adminPassword":{"type":"SecureString"}},"mode":"Incremental","provisioningState":"Succeeded","timestamp":"2024-04-24T04:17:00.5979438Z","duration":"PT1M57.2546533S","correlationId":"e7ccf3cf-59c6-4dff-b876-24f46af59da4","providers":[{"namespace":"Microsoft.Network","resourceTypes":[{"resourceType":"virtualNetworks","locations":["westus"]},{"resourceType":"publicIPAddresses","locations":["westus"]},{"resourceType":"loadBalancers","locations":["westus"]},{"resourceType":"networkSecurityGroups","locations":["westus"]},{"resourceType":"loadBalancers/inboundNatRules","locations":["westus"]}]},{"namespace":"Microsoft.Compute","resourceTypes":[{"resourceType":"virtualMachineScaleSets","locations":["westus"]}]}],"dependencies":[{"dependsOn":[{"id":"/subscriptions/00000000-0000-0000-0000-000000000000/resourceGroups/cli_test_vmss_create_with_policy_setting000001/providers/Microsoft.Network/virtualNetworks/vrfvmssVNET","resourceType":"Microsoft.Network/virtualNetworks","resourceName":"vrfvmssVNET"},{"id":"/subscriptions/00000000-0000-0000-0000-000000000000/resourceGroups/cli_test_vmss_create_with_policy_setting000001/providers/Microsoft.Network/publicIPAddresses/vrfvmssLBPublicIP","resourceType":"Microsoft.Network/publicIPAddresses","resourceName":"vrfvmssLBPublicIP"}],"id":"/subscriptions/00000000-0000-0000-0000-000000000000/resourceGroups/cli_test_vmss_create_with_policy_setting000001/providers/Microsoft.Network/loadBalancers/vrfvmssLB","resourceType":"Microsoft.Network/loadBalancers","resourceName":"vrfvmssLB"},{"dependsOn":[{"id":"/subscriptions/00000000-0000-0000-0000-000000000000/resourceGroups/cli_test_vmss_create_with_policy_setting000001/providers/Microsoft.Network/loadBalancers/vrfvmssLB","resourceType":"Microsoft.Network/loadBalancers","resourceName":"vrfvmssLB"}],"id":"/subscriptions/00000000-0000-0000-0000-000000000000/resourceGroups/cli_test_vmss_create_with_policy_setting000001/providers/Microsoft.Network/loadBalancers/vrfvmssLB/inboundNatRules/NatRule","resourceType":"Microsoft.Network/loadBalancers/inboundNatRules","resourceName":"vrfvmssLB/NatRule"},{"dependsOn":[{"id":"/subscriptions/00000000-0000-0000-0000-000000000000/resourceGroups/cli_test_vmss_create_with_policy_setting000001/providers/Microsoft.Network/virtualNetworks/vrfvmssVNET","resourceType":"Microsoft.Network/virtualNetworks","resourceName":"vrfvmssVNET"},{"id":"/subscriptions/00000000-0000-0000-0000-000000000000/resourceGroups/cli_test_vmss_create_with_policy_setting000001/providers/Microsoft.Network/loadBalancers/vrfvmssLB","resourceType":"Microsoft.Network/loadBalancers","resourceName":"vrfvmssLB"},{"id":"/subscriptions/00000000-0000-0000-0000-000000000000/resourceGroups/cli_test_vmss_create_with_policy_setting000001/providers/Microsoft.Network/networkSecurityGroups/vrfvmssNSG","resourceType":"Microsoft.Network/networkSecurityGroups","resourceName":"vrfvmssNSG"}],"id":"/subscriptions/00000000-0000-0000-0000-000000000000/resourceGroups/cli_test_vmss_create_with_policy_setting000001/providers/Microsoft.Compute/virtualMachineScaleSets/vrfvmss","resourceType":"Microsoft.Compute/virtualMachineScaleSets","resourceName":"vrfvmss"}],"outputs":{"vmss":{"type":"Object","value":{"singlePlacementGroup":true,"orchestrationMode":"Uniform","upgradePolicy":{"mode":"Manual","rollingUpgradePolicy":{"maxBatchInstancePercent":40,"maxUnhealthyInstancePercent":40,"maxUnhealthyUpgradedInstancePercent":40,"pauseTimeBetweenBatches":"PT1S","prioritizeUnhealthyInstances":true,"maxSurge":false,"rollbackFailedInstancesOnPolicyBreach":false},"automaticOSUpgradePolicy":{"enableAutomaticOSUpgrade":false,"useRollingUpgradePolicy":false,"disableAutomaticRollback":false}},"virtualMachineProfile":{"osProfile":{"computerNamePrefix":"vrfvmc848","adminUsername":"myadmin","linuxConfiguration":{"disablePasswordAuthentication":false,"provisionVMAgent":true,"enableVMAgentPlatformUpdates":false},"secrets":[],"allowExtensionOperations":true,"requireGuestProvisionSignal":true},"storageProfile":{"osDisk":{"osType":"Linux","createOption":"FromImage","caching":"ReadWrite","managedDisk":{"storageAccountType":"Premium_LRS"},"diskSizeGB":30},"imageReference":{"publisher":"Debian","offer":"debian-10","sku":"10","version":"latest"}},"networkProfile":{"networkInterfaceConfigurations":[{"name":"vrfvmc848Nic","properties":{"primary":true,"disableTcpStateTracking":false,"networkSecurityGroup":{"id":"/subscriptions/00000000-0000-0000-0000-000000000000/resourceGroups/cli_test_vmss_create_with_policy_setting000001/providers/Microsoft.Network/networkSecurityGroups/vrfvmssNSG"},"dnsSettings":{"dnsServers":[]},"enableIPForwarding":false,"ipConfigurations":[{"name":"vrfvmc848IPConfig","properties":{"subnet":{"id":"/subscriptions/00000000-0000-0000-0000-000000000000/resourceGroups/cli_test_vmss_create_with_policy_setting000001/providers/Microsoft.Network/virtualNetworks/vrfvmssVNET/subnets/vrfvmssSubnet"},"privateIPAddressVersion":"IPv4","loadBalancerBackendAddressPools":[{"id":"/subscriptions/00000000-0000-0000-0000-000000000000/resourceGroups/cli_test_vmss_create_with_policy_setting000001/providers/Microsoft.Network/loadBalancers/vrfvmssLB/backendAddressPools/vrfvmssLBBEPool"}]}}]}}]},"timeCreated":"2024-04-24T04:15:24.7188239+00:00"},"provisioningState":"Succeeded","overprovision":true,"doNotRunExtensionsOnOverprovisionedVMs":false,"uniqueId":"4173f237-e853-49f6-b1c1-1cdd29d0fb0b","platformFaultDomainCount":5,"timeCreated":"2024-04-24T04:15:24.7188239+00:00"}}},"outputResources":[{"id":"/subscriptions/00000000-0000-0000-0000-000000000000/resourceGroups/cli_test_vmss_create_with_policy_setting000001/providers/Microsoft.Compute/virtualMachineScaleSets/vrfvmss"},{"id":"/subscriptions/00000000-0000-0000-0000-000000000000/resourceGroups/cli_test_vmss_create_with_policy_setting000001/providers/Microsoft.Network/loadBalancers/vrfvmssLB"},{"id":"/subscriptions/00000000-0000-0000-0000-000000000000/resourceGroups/cli_test_vmss_create_with_policy_setting000001/providers/Microsoft.Network/loadBalancers/vrfvmssLB/inboundNatRules/NatRule"},{"id":"/subscriptions/00000000-0000-0000-0000-000000000000/resourceGroups/cli_test_vmss_create_with_policy_setting000001/providers/Microsoft.Network/networkSecurityGroups/vrfvmssNSG"},{"id":"/subscriptions/00000000-0000-0000-0000-000000000000/resourceGroups/cli_test_vmss_create_with_policy_setting000001/providers/Microsoft.Network/publicIPAddresses/vrfvmssLBPublicIP"},{"id":"/subscriptions/00000000-0000-0000-0000-000000000000/resourceGroups/cli_test_vmss_create_with_policy_setting000001/providers/Microsoft.Network/virtualNetworks/vrfvmssVNET"}]}}'
    headers:
      cache-control:
      - no-cache
      content-length:
      - '6972'
      content-type:
      - application/json; charset=utf-8
      date:
      - Wed, 24 Apr 2024 04:17:18 GMT
      expires:
      - '-1'
      pragma:
      - no-cache
      strict-transport-security:
      - max-age=31536000; includeSubDomains
      x-cache:
      - CONFIG_NOCACHE
      x-content-type-options:
      - nosniff
      x-msedge-ref:
      - 'Ref A: 28D05CB7650A4047AA0464EAF3C56BB9 Ref B: MAA201060514037 Ref C: 2024-04-24T04:17:17Z'
    status:
      code: 200
      message: OK
- request:
    body: null
    headers:
      Accept:
      - application/json
      Accept-Encoding:
      - gzip, deflate
      CommandName:
      - vmss show
      Connection:
      - keep-alive
      ParameterSetName:
      - -g -n
      User-Agent:
      - AZURECLI/2.59.0 azsdk-python-core/1.30.1 Python/3.10.11 (Windows-10-10.0.22631-SP0)
    method: GET
    uri: https://management.azure.com/subscriptions/00000000-0000-0000-0000-000000000000/resourceGroups/cli_test_vmss_create_with_policy_setting000001/providers/Microsoft.Compute/virtualMachineScaleSets/vrfvmss?api-version=2024-03-01
  response:
    body:
      string: "{\r\n  \"name\": \"vrfvmss\",\r\n  \"id\": \"/subscriptions/00000000-0000-0000-0000-000000000000/resourceGroups/cli_test_vmss_create_with_policy_setting000001/providers/Microsoft.Compute/virtualMachineScaleSets/vrfvmss\"\
        ,\r\n  \"type\": \"Microsoft.Compute/virtualMachineScaleSets\",\r\n  \"location\"\
        : \"westus\",\r\n  \"tags\": {},\r\n  \"sku\": {\r\n    \"name\": \"Standard_DS1_v2\"\
        ,\r\n    \"tier\": \"Standard\",\r\n    \"capacity\": 1\r\n  },\r\n  \"properties\"\
        : {\r\n    \"singlePlacementGroup\": true,\r\n    \"orchestrationMode\": \"\
        Uniform\",\r\n    \"upgradePolicy\": {\r\n      \"mode\": \"Manual\",\r\n\
        \      \"rollingUpgradePolicy\": {\r\n        \"maxBatchInstancePercent\"\
        : 40,\r\n        \"maxUnhealthyInstancePercent\": 40,\r\n        \"maxUnhealthyUpgradedInstancePercent\"\
        : 40,\r\n        \"pauseTimeBetweenBatches\": \"PT1S\",\r\n        \"prioritizeUnhealthyInstances\"\
        : true,\r\n        \"maxSurge\": false,\r\n        \"rollbackFailedInstancesOnPolicyBreach\"\
        : false\r\n      },\r\n      \"automaticOSUpgradePolicy\": {\r\n        \"\
        enableAutomaticOSUpgrade\": false,\r\n        \"useRollingUpgradePolicy\"\
        : false,\r\n        \"disableAutomaticRollback\": false\r\n      }\r\n   \
        \ },\r\n    \"virtualMachineProfile\": {\r\n      \"osProfile\": {\r\n   \
        \     \"computerNamePrefix\": \"vrfvmc848\",\r\n        \"adminUsername\"\
        : \"myadmin\",\r\n        \"linuxConfiguration\": {\r\n          \"disablePasswordAuthentication\"\
        : false,\r\n          \"provisionVMAgent\": true,\r\n          \"enableVMAgentPlatformUpdates\"\
        : false\r\n        },\r\n        \"secrets\": [],\r\n        \"allowExtensionOperations\"\
        : true,\r\n        \"requireGuestProvisionSignal\": true\r\n      },\r\n \
        \     \"storageProfile\": {\r\n        \"osDisk\": {\r\n          \"osType\"\
        : \"Linux\",\r\n          \"createOption\": \"FromImage\",\r\n          \"\
        caching\": \"ReadWrite\",\r\n          \"managedDisk\": {\r\n            \"\
        storageAccountType\": \"Premium_LRS\"\r\n          },\r\n          \"diskSizeGB\"\
        : 30\r\n        },\r\n        \"imageReference\": {\r\n          \"publisher\"\
        : \"Debian\",\r\n          \"offer\": \"debian-10\",\r\n          \"sku\"\
        : \"10\",\r\n          \"version\": \"latest\"\r\n        }\r\n      },\r\n\
        \      \"networkProfile\": {\"networkInterfaceConfigurations\":[{\"name\"\
        :\"vrfvmc848Nic\",\"properties\":{\"primary\":true,\"disableTcpStateTracking\"\
        :false,\"networkSecurityGroup\":{\"id\":\"/subscriptions/00000000-0000-0000-0000-000000000000/resourceGroups/cli_test_vmss_create_with_policy_setting000001/providers/Microsoft.Network/networkSecurityGroups/vrfvmssNSG\"\
        },\"dnsSettings\":{\"dnsServers\":[]},\"enableIPForwarding\":false,\"ipConfigurations\"\
        :[{\"name\":\"vrfvmc848IPConfig\",\"properties\":{\"subnet\":{\"id\":\"/subscriptions/00000000-0000-0000-0000-000000000000/resourceGroups/cli_test_vmss_create_with_policy_setting000001/providers/Microsoft.Network/virtualNetworks/vrfvmssVNET/subnets/vrfvmssSubnet\"\
        },\"privateIPAddressVersion\":\"IPv4\",\"loadBalancerBackendAddressPools\"\
        :[{\"id\":\"/subscriptions/00000000-0000-0000-0000-000000000000/resourceGroups/cli_test_vmss_create_with_policy_setting000001/providers/Microsoft.Network/loadBalancers/vrfvmssLB/backendAddressPools/vrfvmssLBBEPool\"\
        }]}}]}}]},\r\n      \"timeCreated\": \"2024-04-24T04:15:24.7188239+00:00\"\
        \r\n    },\r\n    \"provisioningState\": \"Succeeded\",\r\n    \"overprovision\"\
        : true,\r\n    \"doNotRunExtensionsOnOverprovisionedVMs\": false,\r\n    \"\
        uniqueId\": \"4173f237-e853-49f6-b1c1-1cdd29d0fb0b\",\r\n    \"platformFaultDomainCount\"\
        : 5,\r\n    \"timeCreated\": \"2024-04-24T04:15:24.7188239+00:00\"\r\n  }\r\
        \n}"
    headers:
      cache-control:
      - no-cache
      content-length:
      - '3286'
      content-type:
      - application/json; charset=utf-8
      date:
      - Wed, 24 Apr 2024 04:17:19 GMT
      expires:
      - '-1'
      pragma:
      - no-cache
      strict-transport-security:
      - max-age=31536000; includeSubDomains
      x-cache:
      - CONFIG_NOCACHE
      x-content-type-options:
      - nosniff
      x-ms-ratelimit-remaining-resource:
      - Microsoft.Compute/GetVMScaleSetSubscriptionMaximum;2376,Microsoft.Compute/GetVMScaleSetResource;31
      x-msedge-ref:
      - 'Ref A: 7B5DCAABF5014764A0170CC285F02ABD Ref B: MAA201060515023 Ref C: 2024-04-24T04:17:20Z'
    status:
      code: 200
      message: ''
version: 1
