interactions:
- request:
    body: null
    headers:
      Accept:
      - application/json
      Accept-Encoding:
      - gzip, deflate
      CommandName:
      - vmss create
      Connection:
      - keep-alive
      ParameterSetName:
      - -n -g --image --admin-username --ssh-key-value --user-data
      User-Agent:
      - AZURECLI/2.45.0 azsdk-python-azure-mgmt-resource/22.0.0 Python/3.10.9 (Windows-10-10.0.22621-SP0)
    method: GET
    uri: https://management.azure.com/subscriptions/00000000-0000-0000-0000-000000000000/resourcegroups/cli_test_vmss_create_user_data000001?api-version=2022-09-01
  response:
    body:
      string: '{"id":"/subscriptions/00000000-0000-0000-0000-000000000000/resourceGroups/cli_test_vmss_create_user_data000001","name":"cli_test_vmss_create_user_data000001","type":"Microsoft.Resources/resourceGroups","location":"westus","tags":{"product":"azurecli","cause":"automation","date":"2023-02-17T02:00:30Z"},"properties":{"provisioningState":"Succeeded"}}'
    headers:
      cache-control:
      - no-cache
      content-length:
      - '350'
      content-type:
      - application/json; charset=utf-8
      date:
      - Fri, 17 Feb 2023 02:00:32 GMT
      expires:
      - '-1'
      pragma:
      - no-cache
      strict-transport-security:
      - max-age=31536000; includeSubDomains
      vary:
      - Accept-Encoding
      x-content-type-options:
      - nosniff
    status:
      code: 200
      message: OK
- request:
    body: null
    headers:
      Accept:
      - '*/*'
      Accept-Encoding:
      - gzip, deflate
      Connection:
      - keep-alive
      User-Agent:
      - python-requests/2.26.0
    method: GET
    uri: https://raw.githubusercontent.com/Azure/azure-rest-api-specs/main/arm-compute/quickstart-templates/aliases.json
  response:
    body:
      string: "{\n  \"$schema\": \"http://schema.management.azure.com/schemas/2015-01-01/deploymentTemplate.json\"\
        ,\n  \"contentVersion\": \"1.0.0.0\",\n  \"parameters\": {},\n  \"variables\"\
        : {},\n  \"resources\": [],\n  \"outputs\": {\n    \"aliases\": {\n      \"\
        type\": \"object\",\n      \"value\": {\n        \"Linux\": {\n          \"\
        CentOS\": {\n            \"publisher\": \"OpenLogic\",\n            \"offer\"\
        : \"CentOS\",\n            \"sku\": \"7.5\",\n            \"version\": \"\
        latest\",\n            \"architecture\": \"x64\"\n          },\n         \
        \ \"Debian\": {\n            \"publisher\": \"Debian\",\n            \"offer\"\
        : \"debian-10\",\n            \"sku\": \"10\",\n            \"version\": \"\
        latest\",\n            \"architecture\": \"x64\"\n          },\n         \
        \ \"Flatcar\": {\n            \"publisher\": \"kinvolk\",\n            \"\
        offer\": \"flatcar-container-linux-free\",\n            \"sku\": \"stable\"\
        ,\n            \"version\": \"latest\",\n            \"architecture\": \"\
        x64\"\n          },\n          \"openSUSE-Leap\": {\n            \"publisher\"\
        : \"SUSE\",\n            \"offer\": \"opensuse-leap-15-3\",\n            \"\
        sku\": \"gen2\",\n            \"version\": \"latest\",\n            \"architecture\"\
        : \"x64\"\n          },\n          \"RHEL\": {\n            \"publisher\"\
        : \"RedHat\",\n            \"offer\": \"RHEL\",\n            \"sku\": \"7-LVM\"\
        ,\n            \"version\": \"latest\",\n            \"architecture\": \"\
        x64\"\n          },\n          \"SLES\": {\n            \"publisher\": \"\
        SUSE\",\n            \"offer\": \"sles-15-sp3\",\n            \"sku\": \"\
        gen2\",\n            \"version\": \"latest\",\n            \"architecture\"\
        : \"x64\"\n          },\n          \"UbuntuLTS\": {\n            \"publisher\"\
        : \"Canonical\",\n            \"offer\": \"UbuntuServer\",\n            \"\
        sku\": \"18.04-LTS\",\n            \"version\": \"latest\",\n            \"\
        architecture\": \"x64\"\n          }\n        },\n        \"Windows\": {\n\
        \          \"Win2022Datacenter\": {\n            \"publisher\": \"MicrosoftWindowsServer\"\
        ,\n            \"offer\": \"WindowsServer\",\n            \"sku\": \"2022-Datacenter\"\
        ,\n            \"version\": \"latest\",\n            \"architecture\": \"\
        x64\"\n          },\n          \"Win2022AzureEditionCore\": {\n          \
        \  \"publisher\": \"MicrosoftWindowsServer\",\n            \"offer\": \"WindowsServer\"\
        ,\n            \"sku\": \"2022-datacenter-azure-edition-core\",\n        \
        \    \"version\": \"latest\",\n            \"architecture\": \"x64\"\n   \
        \       },\n          \"Win2019Datacenter\": {\n            \"publisher\"\
        : \"MicrosoftWindowsServer\",\n            \"offer\": \"WindowsServer\",\n\
        \            \"sku\": \"2019-Datacenter\",\n            \"version\": \"latest\"\
        ,\n            \"architecture\": \"x64\"\n          },\n          \"Win2016Datacenter\"\
        : {\n            \"publisher\": \"MicrosoftWindowsServer\",\n            \"\
        offer\": \"WindowsServer\",\n            \"sku\": \"2016-Datacenter\",\n \
        \           \"version\": \"latest\",\n            \"architecture\": \"x64\"\
        \n          },\n          \"Win2012R2Datacenter\": {\n            \"publisher\"\
        : \"MicrosoftWindowsServer\",\n            \"offer\": \"WindowsServer\",\n\
        \            \"sku\": \"2012-R2-Datacenter\",\n            \"version\": \"\
        latest\",\n            \"architecture\": \"x64\"\n          },\n         \
        \ \"Win2012Datacenter\": {\n            \"publisher\": \"MicrosoftWindowsServer\"\
        ,\n            \"offer\": \"WindowsServer\",\n            \"sku\": \"2012-Datacenter\"\
        ,\n            \"version\": \"latest\",\n            \"architecture\": \"\
        x64\"\n          },\n          \"Win2008R2SP1\": {\n            \"publisher\"\
        : \"MicrosoftWindowsServer\",\n            \"offer\": \"WindowsServer\",\n\
        \            \"sku\": \"2008-R2-SP1\",\n            \"version\": \"latest\"\
        ,\n            \"architecture\": \"x64\"\n          }\n        }\n      }\n\
        \    }\n  }\n}"
    headers:
      accept-ranges:
      - bytes
      access-control-allow-origin:
      - '*'
      cache-control:
      - max-age=300
      connection:
      - keep-alive
      content-length:
      - '3463'
      content-security-policy:
      - default-src 'none'; style-src 'unsafe-inline'; sandbox
      content-type:
      - text/plain; charset=utf-8
      date:
      - Fri, 17 Feb 2023 02:00:33 GMT
      etag:
      - W/"41b202f4dc5098d126019dc00721a4c5e30df0c5196794514fadc3710ee2a5cb"
      expires:
      - Fri, 17 Feb 2023 02:05:33 GMT
      source-age:
      - '0'
      strict-transport-security:
      - max-age=31536000
      vary:
      - Authorization,Accept-Encoding,Origin
      via:
      - 1.1 varnish
      x-cache:
      - HIT
      x-cache-hits:
      - '1'
      x-content-type-options:
      - nosniff
      x-fastly-request-id:
      - 87fc0b0e28ee7888687e317118664c9c08a430ee
      x-frame-options:
      - deny
      x-github-request-id:
      - 523C:6DCF:80C5E:C29DF:63E2283D
      x-served-by:
      - cache-qpg1233-QPG
      x-timer:
      - S1676599233.094644,VS0,VE289
      x-xss-protection:
      - 1; mode=block
    status:
      code: 200
      message: OK
- request:
    body: null
    headers:
      Accept:
      - application/json
      Accept-Encoding:
      - gzip, deflate
      CommandName:
      - vmss create
      Connection:
      - keep-alive
      ParameterSetName:
      - -n -g --image --admin-username --ssh-key-value --user-data
      User-Agent:
      - AZURECLI/2.45.0 azsdk-python-azure-mgmt-compute/29.1.0 Python/3.10.9 (Windows-10-10.0.22621-SP0)
    method: GET
    uri: https://management.azure.com/subscriptions/00000000-0000-0000-0000-000000000000/providers/Microsoft.Compute/locations/westus/publishers/Debian/artifacttypes/vmimage/offers/debian-10/skus/10/versions?$top=1&$orderby=name%20desc&api-version=2022-11-01
  response:
    body:
      string: "[\r\n  {\r\n    \"location\": \"westus\",\r\n    \"name\": \"0.20221224.1239\"\
        ,\r\n    \"id\": \"/Subscriptions/00000000-0000-0000-0000-000000000000/Providers/Microsoft.Compute/Locations/westus/Publishers/Debian/ArtifactTypes/VMImage/Offers/debian-10/Skus/10/Versions/0.20221224.1239\"\
        \r\n  }\r\n]"
    headers:
      cache-control:
      - no-cache
      content-length:
      - '273'
      content-type:
      - application/json; charset=utf-8
      date:
      - Fri, 17 Feb 2023 02:00:34 GMT
      expires:
      - '-1'
      pragma:
      - no-cache
      server:
      - Microsoft-HTTPAPI/2.0
      - Microsoft-HTTPAPI/2.0
      strict-transport-security:
      - max-age=31536000; includeSubDomains
      transfer-encoding:
      - chunked
      vary:
      - Accept-Encoding
      x-content-type-options:
      - nosniff
      x-ms-ratelimit-remaining-resource:
      - Microsoft.Compute/ListVMImagesVersionsFromLocation3Min;15972,Microsoft.Compute/ListVMImagesVersionsFromLocation30Min;43863
    status:
      code: 200
      message: OK
- request:
    body: null
    headers:
      Accept:
      - application/json
      Accept-Encoding:
      - gzip, deflate
      CommandName:
      - vmss create
      Connection:
      - keep-alive
      ParameterSetName:
      - -n -g --image --admin-username --ssh-key-value --user-data
      User-Agent:
      - AZURECLI/2.45.0 azsdk-python-azure-mgmt-compute/29.1.0 Python/3.10.9 (Windows-10-10.0.22621-SP0)
    method: GET
    uri: https://management.azure.com/subscriptions/00000000-0000-0000-0000-000000000000/providers/Microsoft.Compute/locations/westus/publishers/Debian/artifacttypes/vmimage/offers/debian-10/skus/10/versions/0.20221224.1239?api-version=2022-11-01
  response:
    body:
      string: "{\r\n  \"properties\": {\r\n    \"hyperVGeneration\": \"V1\",\r\n \
        \   \"architecture\": \"x64\",\r\n    \"replicaType\": \"Unmanaged\",\r\n\
        \    \"disallowed\": {\r\n      \"vmDiskType\": \"None\"\r\n    },\r\n   \
        \ \"automaticOSUpgradeProperties\": {\r\n      \"automaticOSUpgradeSupported\"\
        : false\r\n    },\r\n    \"imageDeprecationStatus\": {\r\n      \"imageState\"\
        : \"Active\"\r\n    },\r\n    \"features\": [\r\n      {\r\n        \"name\"\
        : \"IsAcceleratedNetworkSupported\",\r\n        \"value\": \"True\"\r\n  \
        \    },\r\n      {\r\n        \"name\": \"DiskControllerTypes\",\r\n     \
        \   \"value\": \"SCSI\"\r\n      },\r\n      {\r\n        \"name\": \"IsHibernateSupported\"\
        ,\r\n        \"value\": \"False\"\r\n      }\r\n    ],\r\n    \"osDiskImage\"\
        : {\r\n      \"operatingSystem\": \"Linux\",\r\n      \"sizeInGb\": 30,\r\n\
        \      \"sizeInBytes\": 32212255232\r\n    },\r\n    \"dataDiskImages\": []\r\
        \n  },\r\n  \"location\": \"westus\",\r\n  \"name\": \"0.20221224.1239\",\r\
        \n  \"id\": \"/Subscriptions/00000000-0000-0000-0000-000000000000/Providers/Microsoft.Compute/Locations/westus/Publishers/Debian/ArtifactTypes/VMImage/Offers/debian-10/Skus/10/Versions/0.20221224.1239\"\
        \r\n}"
    headers:
      cache-control:
      - no-cache
      content-length:
      - '1031'
      content-type:
      - application/json; charset=utf-8
      date:
      - Fri, 17 Feb 2023 02:00:35 GMT
      expires:
      - '-1'
      pragma:
      - no-cache
      server:
      - Microsoft-HTTPAPI/2.0
      - Microsoft-HTTPAPI/2.0
      strict-transport-security:
      - max-age=31536000; includeSubDomains
      transfer-encoding:
      - chunked
      vary:
      - Accept-Encoding
      x-content-type-options:
      - nosniff
      x-ms-ratelimit-remaining-resource:
      - Microsoft.Compute/GetVMImageFromLocation3Min;12983,Microsoft.Compute/GetVMImageFromLocation30Min;73897
    status:
      code: 200
      message: OK
- request:
    body: null
    headers:
      Accept:
      - application/json
      Accept-Encoding:
      - gzip, deflate
      CommandName:
      - vmss create
      Connection:
      - keep-alive
      ParameterSetName:
      - -n -g --image --admin-username --ssh-key-value --user-data
      User-Agent:
      - AZURECLI/2.45.0 azsdk-python-azure-mgmt-network/21.0.1 Python/3.10.9 (Windows-10-10.0.22621-SP0)
    method: GET
    uri: https://management.azure.com/subscriptions/00000000-0000-0000-0000-000000000000/resourceGroups/cli_test_vmss_create_user_data000001/providers/Microsoft.Network/virtualNetworks?api-version=2022-01-01
  response:
    body:
      string: '{"value":[]}'
    headers:
      cache-control:
      - no-cache
      content-length:
      - '12'
      content-type:
      - application/json; charset=utf-8
      date:
      - Fri, 17 Feb 2023 02:00:36 GMT
      expires:
      - '-1'
      pragma:
      - no-cache
      strict-transport-security:
      - max-age=31536000; includeSubDomains
      vary:
      - Accept-Encoding
      x-content-type-options:
      - nosniff
    status:
      code: 200
      message: OK
- request:
    body: null
    headers:
      Accept:
      - '*/*'
      Accept-Encoding:
      - gzip, deflate
      Connection:
      - keep-alive
      User-Agent:
      - python-requests/2.26.0
    method: GET
    uri: https://raw.githubusercontent.com/Azure/azure-rest-api-specs/main/arm-compute/quickstart-templates/aliases.json
  response:
    body:
      string: "{\n  \"$schema\": \"http://schema.management.azure.com/schemas/2015-01-01/deploymentTemplate.json\"\
        ,\n  \"contentVersion\": \"1.0.0.0\",\n  \"parameters\": {},\n  \"variables\"\
        : {},\n  \"resources\": [],\n  \"outputs\": {\n    \"aliases\": {\n      \"\
        type\": \"object\",\n      \"value\": {\n        \"Linux\": {\n          \"\
        CentOS\": {\n            \"publisher\": \"OpenLogic\",\n            \"offer\"\
        : \"CentOS\",\n            \"sku\": \"7.5\",\n            \"version\": \"\
        latest\",\n            \"architecture\": \"x64\"\n          },\n         \
        \ \"Debian\": {\n            \"publisher\": \"Debian\",\n            \"offer\"\
        : \"debian-10\",\n            \"sku\": \"10\",\n            \"version\": \"\
        latest\",\n            \"architecture\": \"x64\"\n          },\n         \
        \ \"Flatcar\": {\n            \"publisher\": \"kinvolk\",\n            \"\
        offer\": \"flatcar-container-linux-free\",\n            \"sku\": \"stable\"\
        ,\n            \"version\": \"latest\",\n            \"architecture\": \"\
        x64\"\n          },\n          \"openSUSE-Leap\": {\n            \"publisher\"\
        : \"SUSE\",\n            \"offer\": \"opensuse-leap-15-3\",\n            \"\
        sku\": \"gen2\",\n            \"version\": \"latest\",\n            \"architecture\"\
        : \"x64\"\n          },\n          \"RHEL\": {\n            \"publisher\"\
        : \"RedHat\",\n            \"offer\": \"RHEL\",\n            \"sku\": \"7-LVM\"\
        ,\n            \"version\": \"latest\",\n            \"architecture\": \"\
        x64\"\n          },\n          \"SLES\": {\n            \"publisher\": \"\
        SUSE\",\n            \"offer\": \"sles-15-sp3\",\n            \"sku\": \"\
        gen2\",\n            \"version\": \"latest\",\n            \"architecture\"\
        : \"x64\"\n          },\n          \"UbuntuLTS\": {\n            \"publisher\"\
        : \"Canonical\",\n            \"offer\": \"UbuntuServer\",\n            \"\
        sku\": \"18.04-LTS\",\n            \"version\": \"latest\",\n            \"\
        architecture\": \"x64\"\n          }\n        },\n        \"Windows\": {\n\
        \          \"Win2022Datacenter\": {\n            \"publisher\": \"MicrosoftWindowsServer\"\
        ,\n            \"offer\": \"WindowsServer\",\n            \"sku\": \"2022-Datacenter\"\
        ,\n            \"version\": \"latest\",\n            \"architecture\": \"\
        x64\"\n          },\n          \"Win2022AzureEditionCore\": {\n          \
        \  \"publisher\": \"MicrosoftWindowsServer\",\n            \"offer\": \"WindowsServer\"\
        ,\n            \"sku\": \"2022-datacenter-azure-edition-core\",\n        \
        \    \"version\": \"latest\",\n            \"architecture\": \"x64\"\n   \
        \       },\n          \"Win2019Datacenter\": {\n            \"publisher\"\
        : \"MicrosoftWindowsServer\",\n            \"offer\": \"WindowsServer\",\n\
        \            \"sku\": \"2019-Datacenter\",\n            \"version\": \"latest\"\
        ,\n            \"architecture\": \"x64\"\n          },\n          \"Win2016Datacenter\"\
        : {\n            \"publisher\": \"MicrosoftWindowsServer\",\n            \"\
        offer\": \"WindowsServer\",\n            \"sku\": \"2016-Datacenter\",\n \
        \           \"version\": \"latest\",\n            \"architecture\": \"x64\"\
        \n          },\n          \"Win2012R2Datacenter\": {\n            \"publisher\"\
        : \"MicrosoftWindowsServer\",\n            \"offer\": \"WindowsServer\",\n\
        \            \"sku\": \"2012-R2-Datacenter\",\n            \"version\": \"\
        latest\",\n            \"architecture\": \"x64\"\n          },\n         \
        \ \"Win2012Datacenter\": {\n            \"publisher\": \"MicrosoftWindowsServer\"\
        ,\n            \"offer\": \"WindowsServer\",\n            \"sku\": \"2012-Datacenter\"\
        ,\n            \"version\": \"latest\",\n            \"architecture\": \"\
        x64\"\n          },\n          \"Win2008R2SP1\": {\n            \"publisher\"\
        : \"MicrosoftWindowsServer\",\n            \"offer\": \"WindowsServer\",\n\
        \            \"sku\": \"2008-R2-SP1\",\n            \"version\": \"latest\"\
        ,\n            \"architecture\": \"x64\"\n          }\n        }\n      }\n\
        \    }\n  }\n}"
    headers:
      accept-ranges:
      - bytes
      access-control-allow-origin:
      - '*'
      cache-control:
      - max-age=300
      connection:
      - keep-alive
      content-length:
      - '3463'
      content-security-policy:
      - default-src 'none'; style-src 'unsafe-inline'; sandbox
      content-type:
      - text/plain; charset=utf-8
      date:
      - Fri, 17 Feb 2023 02:00:37 GMT
      etag:
      - W/"41b202f4dc5098d126019dc00721a4c5e30df0c5196794514fadc3710ee2a5cb"
      expires:
      - Fri, 17 Feb 2023 02:05:37 GMT
      source-age:
      - '4'
      strict-transport-security:
      - max-age=31536000
      vary:
      - Authorization,Accept-Encoding,Origin
      via:
      - 1.1 varnish
      x-cache:
      - HIT
      x-cache-hits:
      - '1'
      x-content-type-options:
      - nosniff
      x-fastly-request-id:
      - 3e3a312d8376664dd933ccee52f8cd28f7829c06
      x-frame-options:
      - deny
      x-github-request-id:
      - 523C:6DCF:80C5E:C29DF:63E2283D
      x-served-by:
      - cache-qpg1253-QPG
      x-timer:
      - S1676599237.064499,VS0,VE1
      x-xss-protection:
      - 1; mode=block
    status:
      code: 200
      message: OK
- request:
    body: null
    headers:
      Accept:
      - application/json
      Accept-Encoding:
      - gzip, deflate
      CommandName:
      - vmss create
      Connection:
      - keep-alive
      ParameterSetName:
      - -n -g --image --admin-username --ssh-key-value --user-data
      User-Agent:
      - AZURECLI/2.45.0 azsdk-python-azure-mgmt-compute/29.1.0 Python/3.10.9 (Windows-10-10.0.22621-SP0)
    method: GET
    uri: https://management.azure.com/subscriptions/00000000-0000-0000-0000-000000000000/providers/Microsoft.Compute/locations/westus/publishers/Debian/artifacttypes/vmimage/offers/debian-10/skus/10/versions?$top=1&$orderby=name%20desc&api-version=2022-11-01
  response:
    body:
      string: "[\r\n  {\r\n    \"location\": \"westus\",\r\n    \"name\": \"0.20221224.1239\"\
        ,\r\n    \"id\": \"/Subscriptions/00000000-0000-0000-0000-000000000000/Providers/Microsoft.Compute/Locations/westus/Publishers/Debian/ArtifactTypes/VMImage/Offers/debian-10/Skus/10/Versions/0.20221224.1239\"\
        \r\n  }\r\n]"
    headers:
      cache-control:
      - no-cache
      content-length:
      - '273'
      content-type:
      - application/json; charset=utf-8
      date:
      - Fri, 17 Feb 2023 02:00:37 GMT
      expires:
      - '-1'
      pragma:
      - no-cache
      server:
      - Microsoft-HTTPAPI/2.0
      - Microsoft-HTTPAPI/2.0
      strict-transport-security:
      - max-age=31536000; includeSubDomains
      transfer-encoding:
      - chunked
      vary:
      - Accept-Encoding
      x-content-type-options:
      - nosniff
      x-ms-ratelimit-remaining-resource:
      - Microsoft.Compute/ListVMImagesVersionsFromLocation3Min;15971,Microsoft.Compute/ListVMImagesVersionsFromLocation30Min;43862
    status:
      code: 200
      message: OK
- request:
    body: null
    headers:
      Accept:
      - application/json
      Accept-Encoding:
      - gzip, deflate
      CommandName:
      - vmss create
      Connection:
      - keep-alive
      ParameterSetName:
      - -n -g --image --admin-username --ssh-key-value --user-data
      User-Agent:
      - AZURECLI/2.45.0 azsdk-python-azure-mgmt-compute/29.1.0 Python/3.10.9 (Windows-10-10.0.22621-SP0)
    method: GET
    uri: https://management.azure.com/subscriptions/00000000-0000-0000-0000-000000000000/providers/Microsoft.Compute/locations/westus/publishers/Debian/artifacttypes/vmimage/offers/debian-10/skus/10/versions/0.20221224.1239?api-version=2022-11-01
  response:
    body:
      string: "{\r\n  \"properties\": {\r\n    \"hyperVGeneration\": \"V1\",\r\n \
        \   \"architecture\": \"x64\",\r\n    \"replicaType\": \"Unmanaged\",\r\n\
        \    \"disallowed\": {\r\n      \"vmDiskType\": \"None\"\r\n    },\r\n   \
        \ \"automaticOSUpgradeProperties\": {\r\n      \"automaticOSUpgradeSupported\"\
        : false\r\n    },\r\n    \"imageDeprecationStatus\": {\r\n      \"imageState\"\
        : \"Active\"\r\n    },\r\n    \"features\": [\r\n      {\r\n        \"name\"\
        : \"IsAcceleratedNetworkSupported\",\r\n        \"value\": \"True\"\r\n  \
        \    },\r\n      {\r\n        \"name\": \"DiskControllerTypes\",\r\n     \
        \   \"value\": \"SCSI\"\r\n      },\r\n      {\r\n        \"name\": \"IsHibernateSupported\"\
        ,\r\n        \"value\": \"False\"\r\n      }\r\n    ],\r\n    \"osDiskImage\"\
        : {\r\n      \"operatingSystem\": \"Linux\",\r\n      \"sizeInGb\": 30,\r\n\
        \      \"sizeInBytes\": 32212255232\r\n    },\r\n    \"dataDiskImages\": []\r\
        \n  },\r\n  \"location\": \"westus\",\r\n  \"name\": \"0.20221224.1239\",\r\
        \n  \"id\": \"/Subscriptions/00000000-0000-0000-0000-000000000000/Providers/Microsoft.Compute/Locations/westus/Publishers/Debian/ArtifactTypes/VMImage/Offers/debian-10/Skus/10/Versions/0.20221224.1239\"\
        \r\n}"
    headers:
      cache-control:
      - no-cache
      content-length:
      - '1031'
      content-type:
      - application/json; charset=utf-8
      date:
      - Fri, 17 Feb 2023 02:00:40 GMT
      expires:
      - '-1'
      pragma:
      - no-cache
      server:
      - Microsoft-HTTPAPI/2.0
      - Microsoft-HTTPAPI/2.0
      strict-transport-security:
      - max-age=31536000; includeSubDomains
      transfer-encoding:
      - chunked
      vary:
      - Accept-Encoding
      x-content-type-options:
      - nosniff
      x-ms-ratelimit-remaining-resource:
      - Microsoft.Compute/GetVMImageFromLocation3Min;12982,Microsoft.Compute/GetVMImageFromLocation30Min;73896
    status:
      code: 200
      message: OK
- request:
    body: null
    headers:
      Accept:
      - application/json
      Accept-Encoding:
      - gzip, deflate
      CommandName:
      - vmss create
      Connection:
      - keep-alive
      ParameterSetName:
      - -n -g --image --admin-username --ssh-key-value --user-data
      User-Agent:
      - AZURECLI/2.45.0 azsdk-python-azure-mgmt-compute/29.1.0 Python/3.10.9 (Windows-10-10.0.22621-SP0)
    method: GET
    uri: https://management.azure.com/subscriptions/00000000-0000-0000-0000-000000000000/providers/Microsoft.Compute/locations/westus/publishers/Debian/artifacttypes/vmimage/offers/debian-10/skus/10/versions?$top=1&$orderby=name%20desc&api-version=2022-11-01
  response:
    body:
      string: "[\r\n  {\r\n    \"location\": \"westus\",\r\n    \"name\": \"0.20221224.1239\"\
        ,\r\n    \"id\": \"/Subscriptions/00000000-0000-0000-0000-000000000000/Providers/Microsoft.Compute/Locations/westus/Publishers/Debian/ArtifactTypes/VMImage/Offers/debian-10/Skus/10/Versions/0.20221224.1239\"\
        \r\n  }\r\n]"
    headers:
      cache-control:
      - no-cache
      content-length:
      - '273'
      content-type:
      - application/json; charset=utf-8
      date:
      - Fri, 17 Feb 2023 02:00:41 GMT
      expires:
      - '-1'
      pragma:
      - no-cache
      server:
      - Microsoft-HTTPAPI/2.0
      - Microsoft-HTTPAPI/2.0
      strict-transport-security:
      - max-age=31536000; includeSubDomains
      transfer-encoding:
      - chunked
      vary:
      - Accept-Encoding
      x-content-type-options:
      - nosniff
      x-ms-ratelimit-remaining-resource:
      - Microsoft.Compute/ListVMImagesVersionsFromLocation3Min;15969,Microsoft.Compute/ListVMImagesVersionsFromLocation30Min;43860
    status:
      code: 200
      message: OK
- request:
    body: null
    headers:
      Accept:
      - application/json
      Accept-Encoding:
      - gzip, deflate
      CommandName:
      - vmss create
      Connection:
      - keep-alive
      ParameterSetName:
      - -n -g --image --admin-username --ssh-key-value --user-data
      User-Agent:
      - AZURECLI/2.45.0 azsdk-python-azure-mgmt-compute/29.1.0 Python/3.10.9 (Windows-10-10.0.22621-SP0)
    method: GET
    uri: https://management.azure.com/subscriptions/00000000-0000-0000-0000-000000000000/providers/Microsoft.Compute/locations/westus/publishers/Debian/artifacttypes/vmimage/offers/debian-10/skus/10/versions/0.20221224.1239?api-version=2022-11-01
  response:
    body:
      string: "{\r\n  \"properties\": {\r\n    \"hyperVGeneration\": \"V1\",\r\n \
        \   \"architecture\": \"x64\",\r\n    \"replicaType\": \"Unmanaged\",\r\n\
        \    \"disallowed\": {\r\n      \"vmDiskType\": \"None\"\r\n    },\r\n   \
        \ \"automaticOSUpgradeProperties\": {\r\n      \"automaticOSUpgradeSupported\"\
        : false\r\n    },\r\n    \"imageDeprecationStatus\": {\r\n      \"imageState\"\
        : \"Active\"\r\n    },\r\n    \"features\": [\r\n      {\r\n        \"name\"\
        : \"IsAcceleratedNetworkSupported\",\r\n        \"value\": \"True\"\r\n  \
        \    },\r\n      {\r\n        \"name\": \"DiskControllerTypes\",\r\n     \
        \   \"value\": \"SCSI\"\r\n      },\r\n      {\r\n        \"name\": \"IsHibernateSupported\"\
        ,\r\n        \"value\": \"False\"\r\n      }\r\n    ],\r\n    \"osDiskImage\"\
        : {\r\n      \"operatingSystem\": \"Linux\",\r\n      \"sizeInGb\": 30,\r\n\
        \      \"sizeInBytes\": 32212255232\r\n    },\r\n    \"dataDiskImages\": []\r\
        \n  },\r\n  \"location\": \"westus\",\r\n  \"name\": \"0.20221224.1239\",\r\
        \n  \"id\": \"/Subscriptions/00000000-0000-0000-0000-000000000000/Providers/Microsoft.Compute/Locations/westus/Publishers/Debian/ArtifactTypes/VMImage/Offers/debian-10/Skus/10/Versions/0.20221224.1239\"\
        \r\n}"
    headers:
      cache-control:
      - no-cache
      content-length:
      - '1031'
      content-type:
      - application/json; charset=utf-8
      date:
      - Fri, 17 Feb 2023 02:00:43 GMT
      expires:
      - '-1'
      pragma:
      - no-cache
      server:
      - Microsoft-HTTPAPI/2.0
      - Microsoft-HTTPAPI/2.0
      strict-transport-security:
      - max-age=31536000; includeSubDomains
      transfer-encoding:
      - chunked
      vary:
      - Accept-Encoding
      x-content-type-options:
      - nosniff
      x-ms-ratelimit-remaining-resource:
      - Microsoft.Compute/GetVMImageFromLocation3Min;12980,Microsoft.Compute/GetVMImageFromLocation30Min;73894
    status:
      code: 200
      message: OK
- request:
    body: '{"properties": {"template": {"$schema": "https://schema.management.azure.com/schemas/2015-01-01/deploymentTemplate.json#",
      "contentVersion": "1.0.0.0", "parameters": {}, "variables": {}, "resources":
      [{"name": "vmss-custom-dataVNET", "type": "Microsoft.Network/virtualNetworks",
      "location": "westus", "apiVersion": "2015-06-15", "dependsOn": [], "tags": {},
      "properties": {"addressSpace": {"addressPrefixes": ["10.0.0.0/16"]}, "subnets":
      [{"name": "vmss-custom-dataSubnet", "properties": {"addressPrefix": "10.0.0.0/24"}}]}},
      {"apiVersion": "2022-01-01", "type": "Microsoft.Network/publicIPAddresses",
      "name": "vmss-custom-dataLBPublicIP", "location": "westus", "tags": {}, "dependsOn":
      [], "properties": {"publicIPAllocationMethod": "Dynamic"}}, {"type": "Microsoft.Network/loadBalancers",
      "name": "vmss-custom-dataLB", "location": "westus", "tags": {}, "apiVersion":
      "2022-01-01", "dependsOn": ["Microsoft.Network/virtualNetworks/vmss-custom-dataVNET",
      "Microsoft.Network/publicIpAddresses/vmss-custom-dataLBPublicIP"], "properties":
      {"backendAddressPools": [{"name": "vmss-custom-dataLBBEPool"}], "frontendIPConfigurations":
      [{"name": "loadBalancerFrontEnd", "properties": {"publicIPAddress": {"id": "/subscriptions/00000000-0000-0000-0000-000000000000/resourceGroups/cli_test_vmss_create_user_data000001/providers/Microsoft.Network/publicIPAddresses/vmss-custom-dataLBPublicIP"}}}],
      "inboundNatPools": [{"name": "vmss-custom-dataLBNatPool", "properties": {"frontendIPConfiguration":
      {"id": "[concat(resourceId(''Microsoft.Network/loadBalancers'', ''vmss-custom-dataLB''),
      ''/frontendIPConfigurations/'', ''loadBalancerFrontEnd'')]"}, "protocol": "tcp",
      "frontendPortRangeStart": "50000", "frontendPortRangeEnd": "50119", "backendPort":
      22}}]}}, {"type": "Microsoft.Compute/virtualMachineScaleSets", "name": "vmss-custom-data",
      "location": "westus", "tags": {}, "apiVersion": "2022-11-01", "dependsOn": ["Microsoft.Network/virtualNetworks/vmss-custom-dataVNET",
      "Microsoft.Network/loadBalancers/vmss-custom-dataLB"], "properties": {"overprovision":
      true, "upgradePolicy": {"mode": "manual", "rollingUpgradePolicy": {}}, "singlePlacementGroup":
      null, "virtualMachineProfile": {"storageProfile": {"osDisk": {"createOption":
      "FromImage", "caching": "ReadWrite", "managedDisk": {"storageAccountType": null}},
      "imageReference": {"publisher": "Debian", "offer": "debian-10", "sku": "10",
      "version": "latest"}}, "osProfile": {"computerNamePrefix": "vmssce4aa", "adminUsername":
      "deploy", "linuxConfiguration": {"disablePasswordAuthentication": true, "ssh":
      {"publicKeys": [{"path": "/home/deploy/.ssh/authorized_keys", "keyData": "ssh-rsa
      AAAAB3NzaC1yc2EAAAADAQABAAACAQCbIg1guRHbI0lV11wWDt1r2cUdcNd27CJsg+SfgC7miZeubtwUhbsPdhMQsfDyhOWHq1+ZL0M+nJZV63d/1dhmhtgyOqejUwrPlzKhydsbrsdUor+JmNJDdW01v7BXHyuymT8G4s09jCasNOwiufbP/qp72ruu0bIA1nySsvlf9pCQAuFkAnVnf/rFhUlOkhtRpwcq8SUNY2zRHR/EKb/4NWY1JzR4sa3q2fWIJdrrX0DvLoa5g9bIEd4Df79ba7v+yiUBOS0zT2ll+z4g9izHK3EO5d8hL4jYxcjKs+wcslSYRWrascfscLgMlMGh0CdKeNTDjHpGPncaf3Z+FwwwjWeuiNBxv7bJo13/8B/098KlVDl4GZqsoBCEjPyJfV6hO0y/LkRGkk7oHWKgeWAfKtfLItRp00eZ4fcJNK9kCaSMmEugoZWcI7NGbZXzqFWqbpRI7NcDP9+WIQ+i9U5vqWsqd/zng4kbuAJ6UuKqIzB0upYrLShfQE3SAck8oaLhJqqq56VfDuASNpJKidV+zq27HfSBmbXnkR/5AK337dc3MXKJypoK/QPMLKUAP5XLPbs+NddJQV7EZXd29DLgp+fRIg3edpKdO7ZErWhv7d+3Kws+e1Y+ypmR2WIVSwVyBEUfgv2C8Ts9gnTF4pNcEY/S2aBicz5Ew2+jdyGNQQ==
      test@example.com\n"}]}}}, "userData": "I2Nsb3VkLWNvbmZpZwpob3N0bmFtZTogbXlWTWhvc3RuYW1l",
      "networkProfile": {"networkInterfaceConfigurations": [{"name": "vmssce4aaNic",
      "properties": {"ipConfigurations": [{"name": "vmssce4aaIPConfig", "properties":
      {"subnet": {"id": "/subscriptions/00000000-0000-0000-0000-000000000000/resourceGroups/cli_test_vmss_create_user_data000001/providers/Microsoft.Network/virtualNetworks/vmss-custom-dataVNET/subnets/vmss-custom-dataSubnet"},
      "loadBalancerBackendAddressPools": [{"id": "/subscriptions/00000000-0000-0000-0000-000000000000/resourceGroups/cli_test_vmss_create_user_data000001/providers/Microsoft.Network/loadBalancers/vmss-custom-dataLB/backendAddressPools/vmss-custom-dataLBBEPool"}],
      "loadBalancerInboundNatPools": [{"id": "/subscriptions/00000000-0000-0000-0000-000000000000/resourceGroups/cli_test_vmss_create_user_data000001/providers/Microsoft.Network/loadBalancers/vmss-custom-dataLB/inboundNatPools/vmss-custom-dataLBNatPool"}]}}],
      "primary": "true"}}]}}, "orchestrationMode": "Uniform"}, "sku": {"name": "Standard_DS1_v2",
      "capacity": 2}}], "outputs": {"VMSS": {"type": "object", "value": "[reference(resourceId(''Microsoft.Compute/virtualMachineScaleSets'',
      ''vmss-custom-data''),providers(''Microsoft.Compute'', ''virtualMachineScaleSets'').apiVersions[0])]"}}},
      "parameters": {}, "mode": "incremental"}}'
    headers:
      Accept:
      - application/json
      Accept-Encoding:
      - gzip, deflate
      CommandName:
      - vmss create
      Connection:
      - keep-alive
      Content-Length:
      - '4694'
      Content-Type:
      - application/json
      ParameterSetName:
      - -n -g --image --admin-username --ssh-key-value --user-data
      User-Agent:
      - AZURECLI/2.45.0 azsdk-python-azure-mgmt-resource/22.0.0 Python/3.10.9 (Windows-10-10.0.22621-SP0)
    method: PUT
    uri: https://management.azure.com/subscriptions/00000000-0000-0000-0000-000000000000/resourcegroups/cli_test_vmss_create_user_data000001/providers/Microsoft.Resources/deployments/mock-deployment?api-version=2022-09-01
  response:
    body:
      string: '{"id":"/subscriptions/00000000-0000-0000-0000-000000000000/resourceGroups/cli_test_vmss_create_user_data000001/providers/Microsoft.Resources/deployments/vmss_deploy_dKJhWTSauWnlYfS8nVYlhSehZUbdkqhB","name":"vmss_deploy_dKJhWTSauWnlYfS8nVYlhSehZUbdkqhB","type":"Microsoft.Resources/deployments","properties":{"templateHash":"1475046421094212278","parameters":{},"mode":"Incremental","provisioningState":"Accepted","timestamp":"2023-02-17T02:00:50.2098448Z","duration":"PT0.0007915S","correlationId":"af699d61-c09a-47c3-9fe1-1a770a16fea5","providers":[{"namespace":"Microsoft.Network","resourceTypes":[{"resourceType":"virtualNetworks","locations":["westus"]},{"resourceType":"publicIPAddresses","locations":["westus"]},{"resourceType":"loadBalancers","locations":["westus"]}]},{"namespace":"Microsoft.Compute","resourceTypes":[{"resourceType":"virtualMachineScaleSets","locations":["westus"]}]}],"dependencies":[{"dependsOn":[{"id":"/subscriptions/00000000-0000-0000-0000-000000000000/resourceGroups/cli_test_vmss_create_user_data000001/providers/Microsoft.Network/virtualNetworks/vmss-custom-dataVNET","resourceType":"Microsoft.Network/virtualNetworks","resourceName":"vmss-custom-dataVNET"},{"id":"/subscriptions/00000000-0000-0000-0000-000000000000/resourceGroups/cli_test_vmss_create_user_data000001/providers/Microsoft.Network/publicIPAddresses/vmss-custom-dataLBPublicIP","resourceType":"Microsoft.Network/publicIPAddresses","resourceName":"vmss-custom-dataLBPublicIP"}],"id":"/subscriptions/00000000-0000-0000-0000-000000000000/resourceGroups/cli_test_vmss_create_user_data000001/providers/Microsoft.Network/loadBalancers/vmss-custom-dataLB","resourceType":"Microsoft.Network/loadBalancers","resourceName":"vmss-custom-dataLB"},{"dependsOn":[{"id":"/subscriptions/00000000-0000-0000-0000-000000000000/resourceGroups/cli_test_vmss_create_user_data000001/providers/Microsoft.Network/virtualNetworks/vmss-custom-dataVNET","resourceType":"Microsoft.Network/virtualNetworks","resourceName":"vmss-custom-dataVNET"},{"id":"/subscriptions/00000000-0000-0000-0000-000000000000/resourceGroups/cli_test_vmss_create_user_data000001/providers/Microsoft.Network/loadBalancers/vmss-custom-dataLB","resourceType":"Microsoft.Network/loadBalancers","resourceName":"vmss-custom-dataLB"}],"id":"/subscriptions/00000000-0000-0000-0000-000000000000/resourceGroups/cli_test_vmss_create_user_data000001/providers/Microsoft.Compute/virtualMachineScaleSets/vmss-custom-data","resourceType":"Microsoft.Compute/virtualMachineScaleSets","resourceName":"vmss-custom-data"}]}}'
    headers:
      azure-asyncoperation:
      - https://management.azure.com/subscriptions/00000000-0000-0000-0000-000000000000/resourcegroups/cli_test_vmss_create_user_data000001/providers/Microsoft.Resources/deployments/vmss_deploy_dKJhWTSauWnlYfS8nVYlhSehZUbdkqhB/operationStatuses/08585250076381589742?api-version=2022-09-01
      cache-control:
      - no-cache
      content-length:
      - '2551'
      content-type:
      - application/json; charset=utf-8
      date:
      - Fri, 17 Feb 2023 02:00:51 GMT
      expires:
      - '-1'
      pragma:
      - no-cache
      strict-transport-security:
      - max-age=31536000; includeSubDomains
      x-content-type-options:
      - nosniff
      x-ms-ratelimit-remaining-subscription-writes:
      - '1196'
    status:
      code: 201
      message: Created
- request:
    body: null
    headers:
      Accept:
      - '*/*'
      Accept-Encoding:
      - gzip, deflate
      CommandName:
      - vmss create
      Connection:
      - keep-alive
      ParameterSetName:
      - -n -g --image --admin-username --ssh-key-value --user-data
      User-Agent:
      - AZURECLI/2.45.0 azsdk-python-azure-mgmt-resource/22.0.0 Python/3.10.9 (Windows-10-10.0.22621-SP0)
    method: GET
    uri: https://management.azure.com/subscriptions/00000000-0000-0000-0000-000000000000/resourcegroups/cli_test_vmss_create_user_data000001/providers/Microsoft.Resources/deployments/mock-deployment/operationStatuses/08585250076381589742?api-version=2022-09-01
  response:
    body:
      string: '{"status":"Running"}'
    headers:
      cache-control:
      - no-cache
      content-length:
      - '20'
      content-type:
      - application/json; charset=utf-8
      date:
      - Fri, 17 Feb 2023 02:01:21 GMT
      expires:
      - '-1'
      pragma:
      - no-cache
      strict-transport-security:
      - max-age=31536000; includeSubDomains
      vary:
      - Accept-Encoding
      x-content-type-options:
      - nosniff
    status:
      code: 200
      message: OK
- request:
    body: null
    headers:
      Accept:
      - '*/*'
      Accept-Encoding:
      - gzip, deflate
      CommandName:
      - vmss create
      Connection:
      - keep-alive
      ParameterSetName:
      - -n -g --image --admin-username --ssh-key-value --user-data
      User-Agent:
      - AZURECLI/2.45.0 azsdk-python-azure-mgmt-resource/22.0.0 Python/3.10.9 (Windows-10-10.0.22621-SP0)
    method: GET
    uri: https://management.azure.com/subscriptions/00000000-0000-0000-0000-000000000000/resourcegroups/cli_test_vmss_create_user_data000001/providers/Microsoft.Resources/deployments/mock-deployment/operationStatuses/08585250076381589742?api-version=2022-09-01
  response:
    body:
      string: '{"status":"Running"}'
    headers:
      cache-control:
      - no-cache
      content-length:
      - '20'
      content-type:
      - application/json; charset=utf-8
      date:
      - Fri, 17 Feb 2023 02:01:53 GMT
      expires:
      - '-1'
      pragma:
      - no-cache
      strict-transport-security:
      - max-age=31536000; includeSubDomains
      vary:
      - Accept-Encoding
      x-content-type-options:
      - nosniff
    status:
      code: 200
      message: OK
- request:
    body: null
    headers:
      Accept:
      - '*/*'
      Accept-Encoding:
      - gzip, deflate
      CommandName:
      - vmss create
      Connection:
      - keep-alive
      ParameterSetName:
      - -n -g --image --admin-username --ssh-key-value --user-data
      User-Agent:
      - AZURECLI/2.45.0 azsdk-python-azure-mgmt-resource/22.0.0 Python/3.10.9 (Windows-10-10.0.22621-SP0)
    method: GET
    uri: https://management.azure.com/subscriptions/00000000-0000-0000-0000-000000000000/resourcegroups/cli_test_vmss_create_user_data000001/providers/Microsoft.Resources/deployments/mock-deployment/operationStatuses/08585250076381589742?api-version=2022-09-01
  response:
    body:
      string: '{"status":"Succeeded"}'
    headers:
      cache-control:
      - no-cache
      content-length:
      - '22'
      content-type:
      - application/json; charset=utf-8
      date:
      - Fri, 17 Feb 2023 02:02:23 GMT
      expires:
      - '-1'
      pragma:
      - no-cache
      strict-transport-security:
      - max-age=31536000; includeSubDomains
      vary:
      - Accept-Encoding
      x-content-type-options:
      - nosniff
    status:
      code: 200
      message: OK
- request:
    body: null
    headers:
      Accept:
      - '*/*'
      Accept-Encoding:
      - gzip, deflate
      CommandName:
      - vmss create
      Connection:
      - keep-alive
      ParameterSetName:
      - -n -g --image --admin-username --ssh-key-value --user-data
      User-Agent:
      - AZURECLI/2.45.0 azsdk-python-azure-mgmt-resource/22.0.0 Python/3.10.9 (Windows-10-10.0.22621-SP0)
    method: GET
    uri: https://management.azure.com/subscriptions/00000000-0000-0000-0000-000000000000/resourcegroups/cli_test_vmss_create_user_data000001/providers/Microsoft.Resources/deployments/mock-deployment?api-version=2022-09-01
  response:
    body:
      string: '{"id":"/subscriptions/00000000-0000-0000-0000-000000000000/resourceGroups/cli_test_vmss_create_user_data000001/providers/Microsoft.Resources/deployments/vmss_deploy_dKJhWTSauWnlYfS8nVYlhSehZUbdkqhB","name":"vmss_deploy_dKJhWTSauWnlYfS8nVYlhSehZUbdkqhB","type":"Microsoft.Resources/deployments","properties":{"templateHash":"1475046421094212278","parameters":{},"mode":"Incremental","provisioningState":"Succeeded","timestamp":"2023-02-17T02:01:58.2494892Z","duration":"PT1M8.0404359S","correlationId":"af699d61-c09a-47c3-9fe1-1a770a16fea5","providers":[{"namespace":"Microsoft.Network","resourceTypes":[{"resourceType":"virtualNetworks","locations":["westus"]},{"resourceType":"publicIPAddresses","locations":["westus"]},{"resourceType":"loadBalancers","locations":["westus"]}]},{"namespace":"Microsoft.Compute","resourceTypes":[{"resourceType":"virtualMachineScaleSets","locations":["westus"]}]}],"dependencies":[{"dependsOn":[{"id":"/subscriptions/00000000-0000-0000-0000-000000000000/resourceGroups/cli_test_vmss_create_user_data000001/providers/Microsoft.Network/virtualNetworks/vmss-custom-dataVNET","resourceType":"Microsoft.Network/virtualNetworks","resourceName":"vmss-custom-dataVNET"},{"id":"/subscriptions/00000000-0000-0000-0000-000000000000/resourceGroups/cli_test_vmss_create_user_data000001/providers/Microsoft.Network/publicIPAddresses/vmss-custom-dataLBPublicIP","resourceType":"Microsoft.Network/publicIPAddresses","resourceName":"vmss-custom-dataLBPublicIP"}],"id":"/subscriptions/00000000-0000-0000-0000-000000000000/resourceGroups/cli_test_vmss_create_user_data000001/providers/Microsoft.Network/loadBalancers/vmss-custom-dataLB","resourceType":"Microsoft.Network/loadBalancers","resourceName":"vmss-custom-dataLB"},{"dependsOn":[{"id":"/subscriptions/00000000-0000-0000-0000-000000000000/resourceGroups/cli_test_vmss_create_user_data000001/providers/Microsoft.Network/virtualNetworks/vmss-custom-dataVNET","resourceType":"Microsoft.Network/virtualNetworks","resourceName":"vmss-custom-dataVNET"},{"id":"/subscriptions/00000000-0000-0000-0000-000000000000/resourceGroups/cli_test_vmss_create_user_data000001/providers/Microsoft.Network/loadBalancers/vmss-custom-dataLB","resourceType":"Microsoft.Network/loadBalancers","resourceName":"vmss-custom-dataLB"}],"id":"/subscriptions/00000000-0000-0000-0000-000000000000/resourceGroups/cli_test_vmss_create_user_data000001/providers/Microsoft.Compute/virtualMachineScaleSets/vmss-custom-data","resourceType":"Microsoft.Compute/virtualMachineScaleSets","resourceName":"vmss-custom-data"}],"outputs":{"vmss":{"type":"Object","value":{"singlePlacementGroup":true,"orchestrationMode":"Uniform","upgradePolicy":{"mode":"Manual","rollingUpgradePolicy":{"maxBatchInstancePercent":20,"maxUnhealthyInstancePercent":20,"maxUnhealthyUpgradedInstancePercent":20,"pauseTimeBetweenBatches":"PT0S","maxSurge":false,"rollbackFailedInstancesOnPolicyBreach":false}},"virtualMachineProfile":{"osProfile":{"computerNamePrefix":"vmssce4aa","adminUsername":"deploy","linuxConfiguration":{"disablePasswordAuthentication":true,"ssh":{"publicKeys":[{"path":"/home/deploy/.ssh/authorized_keys","keyData":"ssh-rsa
        AAAAB3NzaC1yc2EAAAADAQABAAACAQCbIg1guRHbI0lV11wWDt1r2cUdcNd27CJsg+SfgC7miZeubtwUhbsPdhMQsfDyhOWHq1+ZL0M+nJZV63d/1dhmhtgyOqejUwrPlzKhydsbrsdUor+JmNJDdW01v7BXHyuymT8G4s09jCasNOwiufbP/qp72ruu0bIA1nySsvlf9pCQAuFkAnVnf/rFhUlOkhtRpwcq8SUNY2zRHR/EKb/4NWY1JzR4sa3q2fWIJdrrX0DvLoa5g9bIEd4Df79ba7v+yiUBOS0zT2ll+z4g9izHK3EO5d8hL4jYxcjKs+wcslSYRWrascfscLgMlMGh0CdKeNTDjHpGPncaf3Z+FwwwjWeuiNBxv7bJo13/8B/098KlVDl4GZqsoBCEjPyJfV6hO0y/LkRGkk7oHWKgeWAfKtfLItRp00eZ4fcJNK9kCaSMmEugoZWcI7NGbZXzqFWqbpRI7NcDP9+WIQ+i9U5vqWsqd/zng4kbuAJ6UuKqIzB0upYrLShfQE3SAck8oaLhJqqq56VfDuASNpJKidV+zq27HfSBmbXnkR/5AK337dc3MXKJypoK/QPMLKUAP5XLPbs+NddJQV7EZXd29DLgp+fRIg3edpKdO7ZErWhv7d+3Kws+e1Y+ypmR2WIVSwVyBEUfgv2C8Ts9gnTF4pNcEY/S2aBicz5Ew2+jdyGNQQ==
        test@example.com\n"}]},"provisionVMAgent":true,"enableVMAgentPlatformUpdates":false},"secrets":[],"allowExtensionOperations":true,"requireGuestProvisionSignal":true},"storageProfile":{"osDisk":{"osType":"Linux","createOption":"FromImage","caching":"ReadWrite","managedDisk":{"storageAccountType":"Premium_LRS"},"diskSizeGB":30},"imageReference":{"publisher":"Debian","offer":"debian-10","sku":"10","version":"latest"}},"networkProfile":{"networkInterfaceConfigurations":[{"name":"vmssce4aaNic","properties":{"primary":true,"disableTcpStateTracking":false,"dnsSettings":{"dnsServers":[]},"enableIPForwarding":false,"ipConfigurations":[{"name":"vmssce4aaIPConfig","properties":{"subnet":{"id":"/subscriptions/00000000-0000-0000-0000-000000000000/resourceGroups/cli_test_vmss_create_user_data000001/providers/Microsoft.Network/virtualNetworks/vmss-custom-dataVNET/subnets/vmss-custom-dataSubnet"},"privateIPAddressVersion":"IPv4","loadBalancerBackendAddressPools":[{"id":"/subscriptions/00000000-0000-0000-0000-000000000000/resourceGroups/cli_test_vmss_create_user_data000001/providers/Microsoft.Network/loadBalancers/vmss-custom-dataLB/backendAddressPools/vmss-custom-dataLBBEPool"}],"loadBalancerInboundNatPools":[{"id":"/subscriptions/00000000-0000-0000-0000-000000000000/resourceGroups/cli_test_vmss_create_user_data000001/providers/Microsoft.Network/loadBalancers/vmss-custom-dataLB/inboundNatPools/vmss-custom-dataLBNatPool"}]}}]}}]}},"provisioningState":"Succeeded","overprovision":true,"doNotRunExtensionsOnOverprovisionedVMs":false,"uniqueId":"195ebebc-e38b-4943-9fed-bafbd4117c23","timeCreated":"2023-02-17T02:01:12.4968248+00:00"}}},"outputResources":[{"id":"/subscriptions/00000000-0000-0000-0000-000000000000/resourceGroups/cli_test_vmss_create_user_data000001/providers/Microsoft.Compute/virtualMachineScaleSets/vmss-custom-data"},{"id":"/subscriptions/00000000-0000-0000-0000-000000000000/resourceGroups/cli_test_vmss_create_user_data000001/providers/Microsoft.Network/loadBalancers/vmss-custom-dataLB"},{"id":"/subscriptions/00000000-0000-0000-0000-000000000000/resourceGroups/cli_test_vmss_create_user_data000001/providers/Microsoft.Network/publicIPAddresses/vmss-custom-dataLBPublicIP"},{"id":"/subscriptions/00000000-0000-0000-0000-000000000000/resourceGroups/cli_test_vmss_create_user_data000001/providers/Microsoft.Network/virtualNetworks/vmss-custom-dataVNET"}]}}'
    headers:
      cache-control:
      - no-cache
      content-length:
      - '6251'
      content-type:
      - application/json; charset=utf-8
      date:
      - Fri, 17 Feb 2023 02:02:23 GMT
      expires:
      - '-1'
      pragma:
      - no-cache
      strict-transport-security:
      - max-age=31536000; includeSubDomains
      vary:
      - Accept-Encoding
      x-content-type-options:
      - nosniff
    status:
      code: 200
      message: OK
- request:
    body: null
    headers:
      Accept:
      - application/json
      Accept-Encoding:
      - gzip, deflate
      CommandName:
      - vmss show
      Connection:
      - keep-alive
      ParameterSetName:
      - -n -g --include-user-data
      User-Agent:
      - AZURECLI/2.45.0 azsdk-python-azure-mgmt-compute/29.1.0 Python/3.10.9 (Windows-10-10.0.22621-SP0)
    method: GET
    uri: https://management.azure.com/subscriptions/00000000-0000-0000-0000-000000000000/resourceGroups/cli_test_vmss_create_user_data000001/providers/Microsoft.Compute/virtualMachineScaleSets/vmss-custom-data?api-version=2022-11-01&$expand=userData
  response:
    body:
      string: "{\r\n  \"name\": \"vmss-custom-data\",\r\n  \"id\": \"/subscriptions/00000000-0000-0000-0000-000000000000/resourceGroups/cli_test_vmss_create_user_data000001/providers/Microsoft.Compute/virtualMachineScaleSets/vmss-custom-data\"\
        ,\r\n  \"type\": \"Microsoft.Compute/virtualMachineScaleSets\",\r\n  \"location\"\
        : \"westus\",\r\n  \"tags\": {},\r\n  \"sku\": {\r\n    \"name\": \"Standard_DS1_v2\"\
        ,\r\n    \"tier\": \"Standard\",\r\n    \"capacity\": 2\r\n  },\r\n  \"properties\"\
        : {\r\n    \"singlePlacementGroup\": true,\r\n    \"orchestrationMode\": \"\
        Uniform\",\r\n    \"upgradePolicy\": {\r\n      \"mode\": \"Manual\",\r\n\
        \      \"rollingUpgradePolicy\": {\r\n        \"maxBatchInstancePercent\"\
        : 20,\r\n        \"maxUnhealthyInstancePercent\": 20,\r\n        \"maxUnhealthyUpgradedInstancePercent\"\
        : 20,\r\n        \"pauseTimeBetweenBatches\": \"PT0S\",\r\n        \"maxSurge\"\
        : false,\r\n        \"rollbackFailedInstancesOnPolicyBreach\": false\r\n \
        \     }\r\n    },\r\n    \"virtualMachineProfile\": {\r\n      \"userData\"\
        : \"I2Nsb3VkLWNvbmZpZwpob3N0bmFtZTogbXlWTWhvc3RuYW1l\",\r\n      \"osProfile\"\
        : {\r\n        \"computerNamePrefix\": \"vmssce4aa\",\r\n        \"adminUsername\"\
        : \"deploy\",\r\n        \"linuxConfiguration\": {\r\n          \"disablePasswordAuthentication\"\
        : true,\r\n          \"ssh\": {\r\n            \"publicKeys\": [\r\n     \
        \         {\r\n                \"path\": \"/home/deploy/.ssh/authorized_keys\"\
        ,\r\n                \"keyData\": \"ssh-rsa AAAAB3NzaC1yc2EAAAADAQABAAACAQCbIg1guRHbI0lV11wWDt1r2cUdcNd27CJsg+SfgC7miZeubtwUhbsPdhMQsfDyhOWHq1+ZL0M+nJZV63d/1dhmhtgyOqejUwrPlzKhydsbrsdUor+JmNJDdW01v7BXHyuymT8G4s09jCasNOwiufbP/qp72ruu0bIA1nySsvlf9pCQAuFkAnVnf/rFhUlOkhtRpwcq8SUNY2zRHR/EKb/4NWY1JzR4sa3q2fWIJdrrX0DvLoa5g9bIEd4Df79ba7v+yiUBOS0zT2ll+z4g9izHK3EO5d8hL4jYxcjKs+wcslSYRWrascfscLgMlMGh0CdKeNTDjHpGPncaf3Z+FwwwjWeuiNBxv7bJo13/8B/098KlVDl4GZqsoBCEjPyJfV6hO0y/LkRGkk7oHWKgeWAfKtfLItRp00eZ4fcJNK9kCaSMmEugoZWcI7NGbZXzqFWqbpRI7NcDP9+WIQ+i9U5vqWsqd/zng4kbuAJ6UuKqIzB0upYrLShfQE3SAck8oaLhJqqq56VfDuASNpJKidV+zq27HfSBmbXnkR/5AK337dc3MXKJypoK/QPMLKUAP5XLPbs+NddJQV7EZXd29DLgp+fRIg3edpKdO7ZErWhv7d+3Kws+e1Y+ypmR2WIVSwVyBEUfgv2C8Ts9gnTF4pNcEY/S2aBicz5Ew2+jdyGNQQ==\
        \ test@example.com\\n\"\r\n              }\r\n            ]\r\n          },\r\
        \n          \"provisionVMAgent\": true,\r\n          \"enableVMAgentPlatformUpdates\"\
        : false\r\n        },\r\n        \"secrets\": [],\r\n        \"allowExtensionOperations\"\
        : true,\r\n        \"requireGuestProvisionSignal\": true\r\n      },\r\n \
        \     \"storageProfile\": {\r\n        \"osDisk\": {\r\n          \"osType\"\
        : \"Linux\",\r\n          \"createOption\": \"FromImage\",\r\n          \"\
        caching\": \"ReadWrite\",\r\n          \"managedDisk\": {\r\n            \"\
        storageAccountType\": \"Premium_LRS\"\r\n          },\r\n          \"diskSizeGB\"\
        : 30\r\n        },\r\n        \"imageReference\": {\r\n          \"publisher\"\
        : \"Debian\",\r\n          \"offer\": \"debian-10\",\r\n          \"sku\"\
        : \"10\",\r\n          \"version\": \"latest\"\r\n        }\r\n      },\r\n\
        \      \"networkProfile\": {\"networkInterfaceConfigurations\":[{\"name\"\
        :\"vmssce4aaNic\",\"properties\":{\"primary\":true,\"disableTcpStateTracking\"\
        :false,\"dnsSettings\":{\"dnsServers\":[]},\"enableIPForwarding\":false,\"\
        ipConfigurations\":[{\"name\":\"vmssce4aaIPConfig\",\"properties\":{\"subnet\"\
        :{\"id\":\"/subscriptions/00000000-0000-0000-0000-000000000000/resourceGroups/cli_test_vmss_create_user_data000001/providers/Microsoft.Network/virtualNetworks/vmss-custom-dataVNET/subnets/vmss-custom-dataSubnet\"\
        },\"privateIPAddressVersion\":\"IPv4\",\"loadBalancerBackendAddressPools\"\
        :[{\"id\":\"/subscriptions/00000000-0000-0000-0000-000000000000/resourceGroups/cli_test_vmss_create_user_data000001/providers/Microsoft.Network/loadBalancers/vmss-custom-dataLB/backendAddressPools/vmss-custom-dataLBBEPool\"\
        }],\"loadBalancerInboundNatPools\":[{\"id\":\"/subscriptions/00000000-0000-0000-0000-000000000000/resourceGroups/cli_test_vmss_create_user_data000001/providers/Microsoft.Network/loadBalancers/vmss-custom-dataLB/inboundNatPools/vmss-custom-dataLBNatPool\"\
        }]}}]}}]}\r\n    },\r\n    \"provisioningState\": \"Succeeded\",\r\n    \"\
        overprovision\": true,\r\n    \"doNotRunExtensionsOnOverprovisionedVMs\":\
        \ false,\r\n    \"uniqueId\": \"195ebebc-e38b-4943-9fed-bafbd4117c23\",\r\n\
        \    \"timeCreated\": \"2023-02-17T02:01:12.4968248+00:00\"\r\n  }\r\n}"
    headers:
      cache-control:
      - no-cache
      content-length:
      - '4049'
      content-type:
      - application/json; charset=utf-8
      date:
      - Fri, 17 Feb 2023 02:02:25 GMT
      expires:
      - '-1'
      pragma:
      - no-cache
      server:
      - Microsoft-HTTPAPI/2.0
      - Microsoft-HTTPAPI/2.0
      strict-transport-security:
      - max-age=31536000; includeSubDomains
      transfer-encoding:
      - chunked
      vary:
      - Accept-Encoding
      x-content-type-options:
      - nosniff
      x-ms-ratelimit-remaining-resource:
      - Microsoft.Compute/GetVMScaleSet3Min;314,Microsoft.Compute/GetVMScaleSet30Min;2198
    status:
      code: 200
      message: OK
- request:
    body: null
    headers:
      Accept:
      - application/json
      Accept-Encoding:
      - gzip, deflate
      CommandName:
      - vmss show
      Connection:
      - keep-alive
      ParameterSetName:
      - -n -g
      User-Agent:
      - AZURECLI/2.45.0 azsdk-python-azure-mgmt-compute/29.1.0 Python/3.10.9 (Windows-10-10.0.22621-SP0)
    method: GET
    uri: https://management.azure.com/subscriptions/00000000-0000-0000-0000-000000000000/resourceGroups/cli_test_vmss_create_user_data000001/providers/Microsoft.Compute/virtualMachineScaleSets/vmss-custom-data?api-version=2022-11-01
  response:
    body:
      string: "{\r\n  \"name\": \"vmss-custom-data\",\r\n  \"id\": \"/subscriptions/00000000-0000-0000-0000-000000000000/resourceGroups/cli_test_vmss_create_user_data000001/providers/Microsoft.Compute/virtualMachineScaleSets/vmss-custom-data\"\
        ,\r\n  \"type\": \"Microsoft.Compute/virtualMachineScaleSets\",\r\n  \"location\"\
        : \"westus\",\r\n  \"tags\": {},\r\n  \"sku\": {\r\n    \"name\": \"Standard_DS1_v2\"\
        ,\r\n    \"tier\": \"Standard\",\r\n    \"capacity\": 2\r\n  },\r\n  \"properties\"\
        : {\r\n    \"singlePlacementGroup\": true,\r\n    \"orchestrationMode\": \"\
        Uniform\",\r\n    \"upgradePolicy\": {\r\n      \"mode\": \"Manual\",\r\n\
        \      \"rollingUpgradePolicy\": {\r\n        \"maxBatchInstancePercent\"\
        : 20,\r\n        \"maxUnhealthyInstancePercent\": 20,\r\n        \"maxUnhealthyUpgradedInstancePercent\"\
        : 20,\r\n        \"pauseTimeBetweenBatches\": \"PT0S\",\r\n        \"maxSurge\"\
        : false,\r\n        \"rollbackFailedInstancesOnPolicyBreach\": false\r\n \
        \     }\r\n    },\r\n    \"virtualMachineProfile\": {\r\n      \"osProfile\"\
        : {\r\n        \"computerNamePrefix\": \"vmssce4aa\",\r\n        \"adminUsername\"\
        : \"deploy\",\r\n        \"linuxConfiguration\": {\r\n          \"disablePasswordAuthentication\"\
        : true,\r\n          \"ssh\": {\r\n            \"publicKeys\": [\r\n     \
        \         {\r\n                \"path\": \"/home/deploy/.ssh/authorized_keys\"\
        ,\r\n                \"keyData\": \"ssh-rsa AAAAB3NzaC1yc2EAAAADAQABAAACAQCbIg1guRHbI0lV11wWDt1r2cUdcNd27CJsg+SfgC7miZeubtwUhbsPdhMQsfDyhOWHq1+ZL0M+nJZV63d/1dhmhtgyOqejUwrPlzKhydsbrsdUor+JmNJDdW01v7BXHyuymT8G4s09jCasNOwiufbP/qp72ruu0bIA1nySsvlf9pCQAuFkAnVnf/rFhUlOkhtRpwcq8SUNY2zRHR/EKb/4NWY1JzR4sa3q2fWIJdrrX0DvLoa5g9bIEd4Df79ba7v+yiUBOS0zT2ll+z4g9izHK3EO5d8hL4jYxcjKs+wcslSYRWrascfscLgMlMGh0CdKeNTDjHpGPncaf3Z+FwwwjWeuiNBxv7bJo13/8B/098KlVDl4GZqsoBCEjPyJfV6hO0y/LkRGkk7oHWKgeWAfKtfLItRp00eZ4fcJNK9kCaSMmEugoZWcI7NGbZXzqFWqbpRI7NcDP9+WIQ+i9U5vqWsqd/zng4kbuAJ6UuKqIzB0upYrLShfQE3SAck8oaLhJqqq56VfDuASNpJKidV+zq27HfSBmbXnkR/5AK337dc3MXKJypoK/QPMLKUAP5XLPbs+NddJQV7EZXd29DLgp+fRIg3edpKdO7ZErWhv7d+3Kws+e1Y+ypmR2WIVSwVyBEUfgv2C8Ts9gnTF4pNcEY/S2aBicz5Ew2+jdyGNQQ==\
        \ test@example.com\\n\"\r\n              }\r\n            ]\r\n          },\r\
        \n          \"provisionVMAgent\": true,\r\n          \"enableVMAgentPlatformUpdates\"\
        : false\r\n        },\r\n        \"secrets\": [],\r\n        \"allowExtensionOperations\"\
        : true,\r\n        \"requireGuestProvisionSignal\": true\r\n      },\r\n \
        \     \"storageProfile\": {\r\n        \"osDisk\": {\r\n          \"osType\"\
        : \"Linux\",\r\n          \"createOption\": \"FromImage\",\r\n          \"\
        caching\": \"ReadWrite\",\r\n          \"managedDisk\": {\r\n            \"\
        storageAccountType\": \"Premium_LRS\"\r\n          },\r\n          \"diskSizeGB\"\
        : 30\r\n        },\r\n        \"imageReference\": {\r\n          \"publisher\"\
        : \"Debian\",\r\n          \"offer\": \"debian-10\",\r\n          \"sku\"\
        : \"10\",\r\n          \"version\": \"latest\"\r\n        }\r\n      },\r\n\
        \      \"networkProfile\": {\"networkInterfaceConfigurations\":[{\"name\"\
        :\"vmssce4aaNic\",\"properties\":{\"primary\":true,\"disableTcpStateTracking\"\
        :false,\"dnsSettings\":{\"dnsServers\":[]},\"enableIPForwarding\":false,\"\
        ipConfigurations\":[{\"name\":\"vmssce4aaIPConfig\",\"properties\":{\"subnet\"\
        :{\"id\":\"/subscriptions/00000000-0000-0000-0000-000000000000/resourceGroups/cli_test_vmss_create_user_data000001/providers/Microsoft.Network/virtualNetworks/vmss-custom-dataVNET/subnets/vmss-custom-dataSubnet\"\
        },\"privateIPAddressVersion\":\"IPv4\",\"loadBalancerBackendAddressPools\"\
        :[{\"id\":\"/subscriptions/00000000-0000-0000-0000-000000000000/resourceGroups/cli_test_vmss_create_user_data000001/providers/Microsoft.Network/loadBalancers/vmss-custom-dataLB/backendAddressPools/vmss-custom-dataLBBEPool\"\
        }],\"loadBalancerInboundNatPools\":[{\"id\":\"/subscriptions/00000000-0000-0000-0000-000000000000/resourceGroups/cli_test_vmss_create_user_data000001/providers/Microsoft.Network/loadBalancers/vmss-custom-dataLB/inboundNatPools/vmss-custom-dataLBNatPool\"\
        }]}}]}}]}\r\n    },\r\n    \"provisioningState\": \"Succeeded\",\r\n    \"\
        overprovision\": true,\r\n    \"doNotRunExtensionsOnOverprovisionedVMs\":\
        \ false,\r\n    \"uniqueId\": \"195ebebc-e38b-4943-9fed-bafbd4117c23\",\r\n\
        \    \"timeCreated\": \"2023-02-17T02:01:12.4968248+00:00\"\r\n  }\r\n}"
    headers:
      cache-control:
      - no-cache
      content-length:
      - '3978'
      content-type:
      - application/json; charset=utf-8
      date:
      - Fri, 17 Feb 2023 02:02:26 GMT
      expires:
      - '-1'
      pragma:
      - no-cache
      server:
      - Microsoft-HTTPAPI/2.0
      - Microsoft-HTTPAPI/2.0
      strict-transport-security:
      - max-age=31536000; includeSubDomains
      transfer-encoding:
      - chunked
      vary:
      - Accept-Encoding
      x-content-type-options:
      - nosniff
      x-ms-ratelimit-remaining-resource:
      - Microsoft.Compute/GetVMScaleSet3Min;313,Microsoft.Compute/GetVMScaleSet30Min;2197
    status:
      code: 200
      message: OK
- request:
    body: null
    headers:
      Accept:
      - application/json
      Accept-Encoding:
      - gzip, deflate
      CommandName:
      - vmss list-instances
      Connection:
      - keep-alive
      ParameterSetName:
      - -g -n --query
      User-Agent:
      - AZURECLI/2.45.0 azsdk-python-azure-mgmt-compute/29.1.0 Python/3.10.9 (Windows-10-10.0.22621-SP0)
    method: GET
    uri: https://management.azure.com/subscriptions/00000000-0000-0000-0000-000000000000/resourceGroups/cli_test_vmss_create_user_data000001/providers/Microsoft.Compute/virtualMachineScaleSets/vmss-custom-data/virtualMachines?api-version=2022-11-01
  response:
    body:
      string: "{\r\n  \"value\": [\r\n    {\r\n      \"name\": \"vmss-custom-data_2\"\
        ,\r\n      \"id\": \"/subscriptions/00000000-0000-0000-0000-000000000000/resourceGroups/cli_test_vmss_create_user_data000001/providers/Microsoft.Compute/virtualMachineScaleSets/vmss-custom-data/virtualMachines/2\"\
        ,\r\n      \"type\": \"Microsoft.Compute/virtualMachineScaleSets/virtualMachines\"\
        ,\r\n      \"location\": \"westus\",\r\n      \"tags\": {},\r\n      \"instanceId\"\
        : \"2\",\r\n      \"sku\": {\r\n        \"name\": \"Standard_DS1_v2\",\r\n\
        \        \"tier\": \"Standard\"\r\n      },\r\n      \"properties\": {\r\n\
        \        \"latestModelApplied\": true,\r\n        \"modelDefinitionApplied\"\
        : \"VirtualMachineScaleSet\",\r\n        \"networkProfileConfiguration\":\
        \ {\"networkInterfaceConfigurations\":[{\"name\":\"vmssce4aaNic\",\"properties\"\
        :{\"primary\":true,\"disableTcpStateTracking\":false,\"dnsSettings\":{\"dnsServers\"\
        :[]},\"enableIPForwarding\":false,\"ipConfigurations\":[{\"name\":\"vmssce4aaIPConfig\"\
        ,\"properties\":{\"subnet\":{\"id\":\"/subscriptions/00000000-0000-0000-0000-000000000000/resourceGroups/cli_test_vmss_create_user_data000001/providers/Microsoft.Network/virtualNetworks/vmss-custom-dataVNET/subnets/vmss-custom-dataSubnet\"\
        },\"privateIPAddressVersion\":\"IPv4\",\"loadBalancerBackendAddressPools\"\
        :[{\"id\":\"/subscriptions/00000000-0000-0000-0000-000000000000/resourceGroups/cli_test_vmss_create_user_data000001/providers/Microsoft.Network/loadBalancers/vmss-custom-dataLB/backendAddressPools/vmss-custom-dataLBBEPool\"\
        }],\"loadBalancerInboundNatPools\":[{\"id\":\"/subscriptions/00000000-0000-0000-0000-000000000000/resourceGroups/cli_test_vmss_create_user_data000001/providers/Microsoft.Network/loadBalancers/vmss-custom-dataLB/inboundNatPools/vmss-custom-dataLBNatPool\"\
        }]}}]}}]},\r\n        \"vmId\": \"dd34ac9e-5426-4518-8ffd-307fa03e224e\",\r\
        \n        \"hardwareProfile\": {\r\n          \"vmSize\": \"Standard_DS1_v2\"\
        \r\n        },\r\n        \"storageProfile\": {\r\n          \"imageReference\"\
        : {\r\n            \"publisher\": \"Debian\",\r\n            \"offer\": \"\
        debian-10\",\r\n            \"sku\": \"10\",\r\n            \"version\": \"\
        latest\",\r\n            \"exactVersion\": \"0.20221224.1239\"\r\n       \
        \   },\r\n          \"osDisk\": {\r\n            \"osType\": \"Linux\",\r\n\
        \            \"name\": \"vmss-custom-data_vmss-custom-data_2_OsDisk_1_a63e18419c724ffe8454994c0dc1a858\"\
        ,\r\n            \"createOption\": \"FromImage\",\r\n            \"caching\"\
        : \"ReadWrite\",\r\n            \"managedDisk\": {\r\n              \"storageAccountType\"\
        : \"Premium_LRS\",\r\n              \"id\": \"/subscriptions/00000000-0000-0000-0000-000000000000/resourceGroups/cli_test_vmss_create_user_data000001/providers/Microsoft.Compute/disks/vmss-custom-data_vmss-custom-data_2_OsDisk_1_a63e18419c724ffe8454994c0dc1a858\"\
        \r\n            },\r\n            \"diskSizeGB\": 30\r\n          },\r\n \
        \         \"dataDisks\": []\r\n        },\r\n        \"osProfile\": {\r\n\
        \          \"computerName\": \"vmssce4aa000002\",\r\n          \"adminUsername\"\
        : \"deploy\",\r\n          \"linuxConfiguration\": {\r\n            \"disablePasswordAuthentication\"\
        : true,\r\n            \"ssh\": {\r\n              \"publicKeys\": [\r\n \
        \               {\r\n                  \"path\": \"/home/deploy/.ssh/authorized_keys\"\
        ,\r\n                  \"keyData\": \"ssh-rsa AAAAB3NzaC1yc2EAAAADAQABAAACAQCbIg1guRHbI0lV11wWDt1r2cUdcNd27CJsg+SfgC7miZeubtwUhbsPdhMQsfDyhOWHq1+ZL0M+nJZV63d/1dhmhtgyOqejUwrPlzKhydsbrsdUor+JmNJDdW01v7BXHyuymT8G4s09jCasNOwiufbP/qp72ruu0bIA1nySsvlf9pCQAuFkAnVnf/rFhUlOkhtRpwcq8SUNY2zRHR/EKb/4NWY1JzR4sa3q2fWIJdrrX0DvLoa5g9bIEd4Df79ba7v+yiUBOS0zT2ll+z4g9izHK3EO5d8hL4jYxcjKs+wcslSYRWrascfscLgMlMGh0CdKeNTDjHpGPncaf3Z+FwwwjWeuiNBxv7bJo13/8B/098KlVDl4GZqsoBCEjPyJfV6hO0y/LkRGkk7oHWKgeWAfKtfLItRp00eZ4fcJNK9kCaSMmEugoZWcI7NGbZXzqFWqbpRI7NcDP9+WIQ+i9U5vqWsqd/zng4kbuAJ6UuKqIzB0upYrLShfQE3SAck8oaLhJqqq56VfDuASNpJKidV+zq27HfSBmbXnkR/5AK337dc3MXKJypoK/QPMLKUAP5XLPbs+NddJQV7EZXd29DLgp+fRIg3edpKdO7ZErWhv7d+3Kws+e1Y+ypmR2WIVSwVyBEUfgv2C8Ts9gnTF4pNcEY/S2aBicz5Ew2+jdyGNQQ==\
        \ test@example.com\\n\"\r\n                }\r\n              ]\r\n      \
        \      },\r\n            \"provisionVMAgent\": true,\r\n            \"enableVMAgentPlatformUpdates\"\
        : false\r\n          },\r\n          \"secrets\": [],\r\n          \"allowExtensionOperations\"\
        : true,\r\n          \"requireGuestProvisionSignal\": true\r\n        },\r\
        \n        \"networkProfile\": {\"networkInterfaces\":[{\"id\":\"/subscriptions/00000000-0000-0000-0000-000000000000/resourceGroups/cli_test_vmss_create_user_data000001/providers/Microsoft.Compute/virtualMachineScaleSets/vmss-custom-data/virtualMachines/2/networkInterfaces/vmssce4aaNic\"\
        }]},\r\n        \"provisioningState\": \"Succeeded\",\r\n        \"timeCreated\"\
        : \"2023-02-17T02:01:12.5437352+00:00\"\r\n      }\r\n    },\r\n    {\r\n\
        \      \"name\": \"vmss-custom-data_3\",\r\n      \"id\": \"/subscriptions/00000000-0000-0000-0000-000000000000/resourceGroups/cli_test_vmss_create_user_data000001/providers/Microsoft.Compute/virtualMachineScaleSets/vmss-custom-data/virtualMachines/3\"\
        ,\r\n      \"type\": \"Microsoft.Compute/virtualMachineScaleSets/virtualMachines\"\
        ,\r\n      \"location\": \"westus\",\r\n      \"tags\": {},\r\n      \"instanceId\"\
        : \"3\",\r\n      \"sku\": {\r\n        \"name\": \"Standard_DS1_v2\",\r\n\
        \        \"tier\": \"Standard\"\r\n      },\r\n      \"properties\": {\r\n\
        \        \"latestModelApplied\": true,\r\n        \"modelDefinitionApplied\"\
        : \"VirtualMachineScaleSet\",\r\n        \"networkProfileConfiguration\":\
        \ {\"networkInterfaceConfigurations\":[{\"name\":\"vmssce4aaNic\",\"properties\"\
        :{\"primary\":true,\"disableTcpStateTracking\":false,\"dnsSettings\":{\"dnsServers\"\
        :[]},\"enableIPForwarding\":false,\"ipConfigurations\":[{\"name\":\"vmssce4aaIPConfig\"\
        ,\"properties\":{\"subnet\":{\"id\":\"/subscriptions/00000000-0000-0000-0000-000000000000/resourceGroups/cli_test_vmss_create_user_data000001/providers/Microsoft.Network/virtualNetworks/vmss-custom-dataVNET/subnets/vmss-custom-dataSubnet\"\
        },\"privateIPAddressVersion\":\"IPv4\",\"loadBalancerBackendAddressPools\"\
        :[{\"id\":\"/subscriptions/00000000-0000-0000-0000-000000000000/resourceGroups/cli_test_vmss_create_user_data000001/providers/Microsoft.Network/loadBalancers/vmss-custom-dataLB/backendAddressPools/vmss-custom-dataLBBEPool\"\
        }],\"loadBalancerInboundNatPools\":[{\"id\":\"/subscriptions/00000000-0000-0000-0000-000000000000/resourceGroups/cli_test_vmss_create_user_data000001/providers/Microsoft.Network/loadBalancers/vmss-custom-dataLB/inboundNatPools/vmss-custom-dataLBNatPool\"\
        }]}}]}}]},\r\n        \"vmId\": \"f9b2cc46-fedf-4c57-9e69-be8a71444a46\",\r\
        \n        \"hardwareProfile\": {\r\n          \"vmSize\": \"Standard_DS1_v2\"\
        \r\n        },\r\n        \"storageProfile\": {\r\n          \"imageReference\"\
        : {\r\n            \"publisher\": \"Debian\",\r\n            \"offer\": \"\
        debian-10\",\r\n            \"sku\": \"10\",\r\n            \"version\": \"\
        latest\",\r\n            \"exactVersion\": \"0.20221224.1239\"\r\n       \
        \   },\r\n          \"osDisk\": {\r\n            \"osType\": \"Linux\",\r\n\
        \            \"name\": \"vmss-custom-data_vmss-custom-data_3_OsDisk_1_b687dc7d25d44e869a0832e5931609fa\"\
        ,\r\n            \"createOption\": \"FromImage\",\r\n            \"caching\"\
        : \"ReadWrite\",\r\n            \"managedDisk\": {\r\n              \"storageAccountType\"\
        : \"Premium_LRS\",\r\n              \"id\": \"/subscriptions/00000000-0000-0000-0000-000000000000/resourceGroups/cli_test_vmss_create_user_data000001/providers/Microsoft.Compute/disks/vmss-custom-data_vmss-custom-data_3_OsDisk_1_b687dc7d25d44e869a0832e5931609fa\"\
        \r\n            },\r\n            \"diskSizeGB\": 30\r\n          },\r\n \
        \         \"dataDisks\": []\r\n        },\r\n        \"osProfile\": {\r\n\
        \          \"computerName\": \"vmssce4aa000003\",\r\n          \"adminUsername\"\
        : \"deploy\",\r\n          \"linuxConfiguration\": {\r\n            \"disablePasswordAuthentication\"\
        : true,\r\n            \"ssh\": {\r\n              \"publicKeys\": [\r\n \
        \               {\r\n                  \"path\": \"/home/deploy/.ssh/authorized_keys\"\
        ,\r\n                  \"keyData\": \"ssh-rsa AAAAB3NzaC1yc2EAAAADAQABAAACAQCbIg1guRHbI0lV11wWDt1r2cUdcNd27CJsg+SfgC7miZeubtwUhbsPdhMQsfDyhOWHq1+ZL0M+nJZV63d/1dhmhtgyOqejUwrPlzKhydsbrsdUor+JmNJDdW01v7BXHyuymT8G4s09jCasNOwiufbP/qp72ruu0bIA1nySsvlf9pCQAuFkAnVnf/rFhUlOkhtRpwcq8SUNY2zRHR/EKb/4NWY1JzR4sa3q2fWIJdrrX0DvLoa5g9bIEd4Df79ba7v+yiUBOS0zT2ll+z4g9izHK3EO5d8hL4jYxcjKs+wcslSYRWrascfscLgMlMGh0CdKeNTDjHpGPncaf3Z+FwwwjWeuiNBxv7bJo13/8B/098KlVDl4GZqsoBCEjPyJfV6hO0y/LkRGkk7oHWKgeWAfKtfLItRp00eZ4fcJNK9kCaSMmEugoZWcI7NGbZXzqFWqbpRI7NcDP9+WIQ+i9U5vqWsqd/zng4kbuAJ6UuKqIzB0upYrLShfQE3SAck8oaLhJqqq56VfDuASNpJKidV+zq27HfSBmbXnkR/5AK337dc3MXKJypoK/QPMLKUAP5XLPbs+NddJQV7EZXd29DLgp+fRIg3edpKdO7ZErWhv7d+3Kws+e1Y+ypmR2WIVSwVyBEUfgv2C8Ts9gnTF4pNcEY/S2aBicz5Ew2+jdyGNQQ==\
        \ test@example.com\\n\"\r\n                }\r\n              ]\r\n      \
        \      },\r\n            \"provisionVMAgent\": true,\r\n            \"enableVMAgentPlatformUpdates\"\
        : false\r\n          },\r\n          \"secrets\": [],\r\n          \"allowExtensionOperations\"\
        : true,\r\n          \"requireGuestProvisionSignal\": true\r\n        },\r\
        \n        \"networkProfile\": {\"networkInterfaces\":[{\"id\":\"/subscriptions/00000000-0000-0000-0000-000000000000/resourceGroups/cli_test_vmss_create_user_data000001/providers/Microsoft.Compute/virtualMachineScaleSets/vmss-custom-data/virtualMachines/3/networkInterfaces/vmssce4aaNic\"\
        }]},\r\n        \"provisioningState\": \"Succeeded\",\r\n        \"timeCreated\"\
        : \"2023-02-17T02:01:12.5437352+00:00\"\r\n      }\r\n    }\r\n  ]\r\n}"
    headers:
      cache-control:
      - no-cache
      content-length:
      - '9014'
      content-type:
      - application/json; charset=utf-8
      date:
      - Fri, 17 Feb 2023 02:02:30 GMT
      expires:
      - '-1'
      pragma:
      - no-cache
      server:
      - Microsoft-HTTPAPI/2.0
      - Microsoft-HTTPAPI/2.0
      strict-transport-security:
      - max-age=31536000; includeSubDomains
      transfer-encoding:
      - chunked
      vary:
      - Accept-Encoding
      x-content-type-options:
      - nosniff
      x-ms-ratelimit-remaining-resource:
      - Microsoft.Compute/HighCostGetVMScaleSet3Min;192,Microsoft.Compute/HighCostGetVMScaleSet30Min;955,Microsoft.Compute/VMScaleSetVMViews3Min;4989
      x-ms-request-charge:
      - '4'
    status:
      code: 200
      message: OK
- request:
    body: null
    headers:
      Accept:
      - application/json
      Accept-Encoding:
      - gzip, deflate
      CommandName:
      - vmss show
      Connection:
      - keep-alive
      ParameterSetName:
      - -g -n --instance-id --include-user-data
      User-Agent:
      - AZURECLI/2.45.0 azsdk-python-azure-mgmt-compute/29.1.0 Python/3.10.9 (Windows-10-10.0.22621-SP0)
    method: GET
    uri: https://management.azure.com/subscriptions/00000000-0000-0000-0000-000000000000/resourceGroups/cli_test_vmss_create_user_data000001/providers/Microsoft.Compute/virtualMachineScaleSets/vmss-custom-data/virtualMachines/2?$expand=userData&api-version=2022-11-01
  response:
    body:
      string: "{\r\n  \"name\": \"vmss-custom-data_2\",\r\n  \"id\": \"/subscriptions/00000000-0000-0000-0000-000000000000/resourceGroups/cli_test_vmss_create_user_data000001/providers/Microsoft.Compute/virtualMachineScaleSets/vmss-custom-data/virtualMachines/2\"\
        ,\r\n  \"type\": \"Microsoft.Compute/virtualMachineScaleSets/virtualMachines\"\
        ,\r\n  \"location\": \"westus\",\r\n  \"tags\": {},\r\n  \"instanceId\": \"\
        2\",\r\n  \"sku\": {\r\n    \"name\": \"Standard_DS1_v2\",\r\n    \"tier\"\
        : \"Standard\"\r\n  },\r\n  \"properties\": {\r\n    \"latestModelApplied\"\
        : true,\r\n    \"modelDefinitionApplied\": \"VirtualMachineScaleSet\",\r\n\
        \    \"networkProfileConfiguration\": {\"networkInterfaceConfigurations\"\
        :[{\"name\":\"vmssce4aaNic\",\"properties\":{\"primary\":true,\"disableTcpStateTracking\"\
        :false,\"dnsSettings\":{\"dnsServers\":[]},\"enableIPForwarding\":false,\"\
        ipConfigurations\":[{\"name\":\"vmssce4aaIPConfig\",\"properties\":{\"subnet\"\
        :{\"id\":\"/subscriptions/00000000-0000-0000-0000-000000000000/resourceGroups/cli_test_vmss_create_user_data000001/providers/Microsoft.Network/virtualNetworks/vmss-custom-dataVNET/subnets/vmss-custom-dataSubnet\"\
        },\"privateIPAddressVersion\":\"IPv4\",\"loadBalancerBackendAddressPools\"\
        :[{\"id\":\"/subscriptions/00000000-0000-0000-0000-000000000000/resourceGroups/cli_test_vmss_create_user_data000001/providers/Microsoft.Network/loadBalancers/vmss-custom-dataLB/backendAddressPools/vmss-custom-dataLBBEPool\"\
        }],\"loadBalancerInboundNatPools\":[{\"id\":\"/subscriptions/00000000-0000-0000-0000-000000000000/resourceGroups/cli_test_vmss_create_user_data000001/providers/Microsoft.Network/loadBalancers/vmss-custom-dataLB/inboundNatPools/vmss-custom-dataLBNatPool\"\
        }]}}]}}]},\r\n    \"vmId\": \"dd34ac9e-5426-4518-8ffd-307fa03e224e\",\r\n\
        \    \"hardwareProfile\": {\r\n      \"vmSize\": \"Standard_DS1_v2\"\r\n \
        \   },\r\n    \"storageProfile\": {\r\n      \"imageReference\": {\r\n   \
        \     \"publisher\": \"Debian\",\r\n        \"offer\": \"debian-10\",\r\n\
        \        \"sku\": \"10\",\r\n        \"version\": \"latest\",\r\n        \"\
        exactVersion\": \"0.20221224.1239\"\r\n      },\r\n      \"osDisk\": {\r\n\
        \        \"osType\": \"Linux\",\r\n        \"name\": \"vmss-custom-data_vmss-custom-data_2_OsDisk_1_a63e18419c724ffe8454994c0dc1a858\"\
        ,\r\n        \"createOption\": \"FromImage\",\r\n        \"caching\": \"ReadWrite\"\
        ,\r\n        \"managedDisk\": {\r\n          \"storageAccountType\": \"Premium_LRS\"\
        ,\r\n          \"id\": \"/subscriptions/00000000-0000-0000-0000-000000000000/resourceGroups/cli_test_vmss_create_user_data000001/providers/Microsoft.Compute/disks/vmss-custom-data_vmss-custom-data_2_OsDisk_1_a63e18419c724ffe8454994c0dc1a858\"\
        \r\n        },\r\n        \"diskSizeGB\": 30\r\n      },\r\n      \"dataDisks\"\
        : []\r\n    },\r\n    \"osProfile\": {\r\n      \"computerName\": \"vmssce4aa000002\"\
        ,\r\n      \"adminUsername\": \"deploy\",\r\n      \"linuxConfiguration\"\
        : {\r\n        \"disablePasswordAuthentication\": true,\r\n        \"ssh\"\
        : {\r\n          \"publicKeys\": [\r\n            {\r\n              \"path\"\
        : \"/home/deploy/.ssh/authorized_keys\",\r\n              \"keyData\": \"\
        ssh-rsa AAAAB3NzaC1yc2EAAAADAQABAAACAQCbIg1guRHbI0lV11wWDt1r2cUdcNd27CJsg+SfgC7miZeubtwUhbsPdhMQsfDyhOWHq1+ZL0M+nJZV63d/1dhmhtgyOqejUwrPlzKhydsbrsdUor+JmNJDdW01v7BXHyuymT8G4s09jCasNOwiufbP/qp72ruu0bIA1nySsvlf9pCQAuFkAnVnf/rFhUlOkhtRpwcq8SUNY2zRHR/EKb/4NWY1JzR4sa3q2fWIJdrrX0DvLoa5g9bIEd4Df79ba7v+yiUBOS0zT2ll+z4g9izHK3EO5d8hL4jYxcjKs+wcslSYRWrascfscLgMlMGh0CdKeNTDjHpGPncaf3Z+FwwwjWeuiNBxv7bJo13/8B/098KlVDl4GZqsoBCEjPyJfV6hO0y/LkRGkk7oHWKgeWAfKtfLItRp00eZ4fcJNK9kCaSMmEugoZWcI7NGbZXzqFWqbpRI7NcDP9+WIQ+i9U5vqWsqd/zng4kbuAJ6UuKqIzB0upYrLShfQE3SAck8oaLhJqqq56VfDuASNpJKidV+zq27HfSBmbXnkR/5AK337dc3MXKJypoK/QPMLKUAP5XLPbs+NddJQV7EZXd29DLgp+fRIg3edpKdO7ZErWhv7d+3Kws+e1Y+ypmR2WIVSwVyBEUfgv2C8Ts9gnTF4pNcEY/S2aBicz5Ew2+jdyGNQQ==\
        \ test@example.com\\n\"\r\n            }\r\n          ]\r\n        },\r\n\
        \        \"provisionVMAgent\": true,\r\n        \"enableVMAgentPlatformUpdates\"\
        : false\r\n      },\r\n      \"secrets\": [],\r\n      \"allowExtensionOperations\"\
        : true,\r\n      \"requireGuestProvisionSignal\": true\r\n    },\r\n    \"\
        userData\": \"I2Nsb3VkLWNvbmZpZwpob3N0bmFtZTogbXlWTWhvc3RuYW1l\",\r\n    \"\
        networkProfile\": {\"networkInterfaces\":[{\"id\":\"/subscriptions/00000000-0000-0000-0000-000000000000/resourceGroups/cli_test_vmss_create_user_data000001/providers/Microsoft.Compute/virtualMachineScaleSets/vmss-custom-data/virtualMachines/2/networkInterfaces/vmssce4aaNic\"\
        }]},\r\n    \"provisioningState\": \"Succeeded\",\r\n    \"timeCreated\":\
        \ \"2023-02-17T02:01:12.5437352+00:00\"\r\n  }\r\n}"
    headers:
      cache-control:
      - no-cache
      content-length:
      - '4302'
      content-type:
      - application/json; charset=utf-8
      date:
      - Fri, 17 Feb 2023 02:02:31 GMT
      expires:
      - '-1'
      pragma:
      - no-cache
      server:
      - Microsoft-HTTPAPI/2.0
      - Microsoft-HTTPAPI/2.0
      strict-transport-security:
      - max-age=31536000; includeSubDomains
      transfer-encoding:
      - chunked
      vary:
      - Accept-Encoding
      x-content-type-options:
      - nosniff
      x-ms-ratelimit-remaining-resource:
      - Microsoft.Compute/GetVMScaleSetVM3Min;990,Microsoft.Compute/GetVMScaleSetVM30Min;4964,Microsoft.Compute/VMScaleSetVMViews3Min;4984
      x-ms-request-charge:
      - '1'
    status:
      code: 200
      message: OK
- request:
    body: null
    headers:
      Accept:
      - application/json
      Accept-Encoding:
      - gzip, deflate
      CommandName:
      - vmss show
      Connection:
      - keep-alive
      ParameterSetName:
      - -g -n --instance-id
      User-Agent:
      - AZURECLI/2.45.0 azsdk-python-azure-mgmt-compute/29.1.0 Python/3.10.9 (Windows-10-10.0.22621-SP0)
    method: GET
    uri: https://management.azure.com/subscriptions/00000000-0000-0000-0000-000000000000/resourceGroups/cli_test_vmss_create_user_data000001/providers/Microsoft.Compute/virtualMachineScaleSets/vmss-custom-data/virtualMachines/2?api-version=2022-11-01
  response:
    body:
      string: "{\r\n  \"name\": \"vmss-custom-data_2\",\r\n  \"id\": \"/subscriptions/00000000-0000-0000-0000-000000000000/resourceGroups/cli_test_vmss_create_user_data000001/providers/Microsoft.Compute/virtualMachineScaleSets/vmss-custom-data/virtualMachines/2\"\
        ,\r\n  \"type\": \"Microsoft.Compute/virtualMachineScaleSets/virtualMachines\"\
        ,\r\n  \"location\": \"westus\",\r\n  \"tags\": {},\r\n  \"instanceId\": \"\
        2\",\r\n  \"sku\": {\r\n    \"name\": \"Standard_DS1_v2\",\r\n    \"tier\"\
        : \"Standard\"\r\n  },\r\n  \"properties\": {\r\n    \"latestModelApplied\"\
        : true,\r\n    \"modelDefinitionApplied\": \"VirtualMachineScaleSet\",\r\n\
        \    \"networkProfileConfiguration\": {\"networkInterfaceConfigurations\"\
        :[{\"name\":\"vmssce4aaNic\",\"properties\":{\"primary\":true,\"disableTcpStateTracking\"\
        :false,\"dnsSettings\":{\"dnsServers\":[]},\"enableIPForwarding\":false,\"\
        ipConfigurations\":[{\"name\":\"vmssce4aaIPConfig\",\"properties\":{\"subnet\"\
        :{\"id\":\"/subscriptions/00000000-0000-0000-0000-000000000000/resourceGroups/cli_test_vmss_create_user_data000001/providers/Microsoft.Network/virtualNetworks/vmss-custom-dataVNET/subnets/vmss-custom-dataSubnet\"\
        },\"privateIPAddressVersion\":\"IPv4\",\"loadBalancerBackendAddressPools\"\
        :[{\"id\":\"/subscriptions/00000000-0000-0000-0000-000000000000/resourceGroups/cli_test_vmss_create_user_data000001/providers/Microsoft.Network/loadBalancers/vmss-custom-dataLB/backendAddressPools/vmss-custom-dataLBBEPool\"\
        }],\"loadBalancerInboundNatPools\":[{\"id\":\"/subscriptions/00000000-0000-0000-0000-000000000000/resourceGroups/cli_test_vmss_create_user_data000001/providers/Microsoft.Network/loadBalancers/vmss-custom-dataLB/inboundNatPools/vmss-custom-dataLBNatPool\"\
        }]}}]}}]},\r\n    \"vmId\": \"dd34ac9e-5426-4518-8ffd-307fa03e224e\",\r\n\
        \    \"hardwareProfile\": {\r\n      \"vmSize\": \"Standard_DS1_v2\"\r\n \
        \   },\r\n    \"storageProfile\": {\r\n      \"imageReference\": {\r\n   \
        \     \"publisher\": \"Debian\",\r\n        \"offer\": \"debian-10\",\r\n\
        \        \"sku\": \"10\",\r\n        \"version\": \"latest\",\r\n        \"\
        exactVersion\": \"0.20221224.1239\"\r\n      },\r\n      \"osDisk\": {\r\n\
        \        \"osType\": \"Linux\",\r\n        \"name\": \"vmss-custom-data_vmss-custom-data_2_OsDisk_1_a63e18419c724ffe8454994c0dc1a858\"\
        ,\r\n        \"createOption\": \"FromImage\",\r\n        \"caching\": \"ReadWrite\"\
        ,\r\n        \"managedDisk\": {\r\n          \"storageAccountType\": \"Premium_LRS\"\
        ,\r\n          \"id\": \"/subscriptions/00000000-0000-0000-0000-000000000000/resourceGroups/cli_test_vmss_create_user_data000001/providers/Microsoft.Compute/disks/vmss-custom-data_vmss-custom-data_2_OsDisk_1_a63e18419c724ffe8454994c0dc1a858\"\
        \r\n        },\r\n        \"diskSizeGB\": 30\r\n      },\r\n      \"dataDisks\"\
        : []\r\n    },\r\n    \"osProfile\": {\r\n      \"computerName\": \"vmssce4aa000002\"\
        ,\r\n      \"adminUsername\": \"deploy\",\r\n      \"linuxConfiguration\"\
        : {\r\n        \"disablePasswordAuthentication\": true,\r\n        \"ssh\"\
        : {\r\n          \"publicKeys\": [\r\n            {\r\n              \"path\"\
        : \"/home/deploy/.ssh/authorized_keys\",\r\n              \"keyData\": \"\
        ssh-rsa AAAAB3NzaC1yc2EAAAADAQABAAACAQCbIg1guRHbI0lV11wWDt1r2cUdcNd27CJsg+SfgC7miZeubtwUhbsPdhMQsfDyhOWHq1+ZL0M+nJZV63d/1dhmhtgyOqejUwrPlzKhydsbrsdUor+JmNJDdW01v7BXHyuymT8G4s09jCasNOwiufbP/qp72ruu0bIA1nySsvlf9pCQAuFkAnVnf/rFhUlOkhtRpwcq8SUNY2zRHR/EKb/4NWY1JzR4sa3q2fWIJdrrX0DvLoa5g9bIEd4Df79ba7v+yiUBOS0zT2ll+z4g9izHK3EO5d8hL4jYxcjKs+wcslSYRWrascfscLgMlMGh0CdKeNTDjHpGPncaf3Z+FwwwjWeuiNBxv7bJo13/8B/098KlVDl4GZqsoBCEjPyJfV6hO0y/LkRGkk7oHWKgeWAfKtfLItRp00eZ4fcJNK9kCaSMmEugoZWcI7NGbZXzqFWqbpRI7NcDP9+WIQ+i9U5vqWsqd/zng4kbuAJ6UuKqIzB0upYrLShfQE3SAck8oaLhJqqq56VfDuASNpJKidV+zq27HfSBmbXnkR/5AK337dc3MXKJypoK/QPMLKUAP5XLPbs+NddJQV7EZXd29DLgp+fRIg3edpKdO7ZErWhv7d+3Kws+e1Y+ypmR2WIVSwVyBEUfgv2C8Ts9gnTF4pNcEY/S2aBicz5Ew2+jdyGNQQ==\
        \ test@example.com\\n\"\r\n            }\r\n          ]\r\n        },\r\n\
        \        \"provisionVMAgent\": true,\r\n        \"enableVMAgentPlatformUpdates\"\
        : false\r\n      },\r\n      \"secrets\": [],\r\n      \"allowExtensionOperations\"\
        : true,\r\n      \"requireGuestProvisionSignal\": true\r\n    },\r\n    \"\
        networkProfile\": {\"networkInterfaces\":[{\"id\":\"/subscriptions/00000000-0000-0000-0000-000000000000/resourceGroups/cli_test_vmss_create_user_data000001/providers/Microsoft.Compute/virtualMachineScaleSets/vmss-custom-data/virtualMachines/2/networkInterfaces/vmssce4aaNic\"\
        }]},\r\n    \"provisioningState\": \"Succeeded\",\r\n    \"timeCreated\":\
        \ \"2023-02-17T02:01:12.5437352+00:00\"\r\n  }\r\n}"
    headers:
      cache-control:
      - no-cache
      content-length:
      - '4233'
      content-type:
      - application/json; charset=utf-8
      date:
      - Fri, 17 Feb 2023 02:02:33 GMT
      expires:
      - '-1'
      pragma:
      - no-cache
      server:
      - Microsoft-HTTPAPI/2.0
      - Microsoft-HTTPAPI/2.0
      strict-transport-security:
      - max-age=31536000; includeSubDomains
      x-content-type-options:
      - nosniff
      x-ms-ratelimit-remaining-resource:
      - Microsoft.Compute/GetVMScaleSetVM3Min;989,Microsoft.Compute/GetVMScaleSetVM30Min;4963,Microsoft.Compute/VMScaleSetVMViews3Min;4983
      x-ms-request-charge:
      - '1'
    status:
      code: 200
      message: OK
- request:
    body: null
    headers:
      Accept:
      - application/json
      Accept-Encoding:
      - gzip, deflate
      CommandName:
      - vmss update
      Connection:
      - keep-alive
      ParameterSetName:
      - -g -n --user-data
      User-Agent:
      - AZURECLI/2.45.0 azsdk-python-azure-mgmt-compute/29.1.0 Python/3.10.9 (Windows-10-10.0.22621-SP0)
    method: GET
    uri: https://management.azure.com/subscriptions/00000000-0000-0000-0000-000000000000/resourceGroups/cli_test_vmss_create_user_data000001/providers/Microsoft.Compute/virtualMachineScaleSets/vmss-custom-data?api-version=2022-11-01
  response:
    body:
      string: "{\r\n  \"name\": \"vmss-custom-data\",\r\n  \"id\": \"/subscriptions/00000000-0000-0000-0000-000000000000/resourceGroups/cli_test_vmss_create_user_data000001/providers/Microsoft.Compute/virtualMachineScaleSets/vmss-custom-data\"\
        ,\r\n  \"type\": \"Microsoft.Compute/virtualMachineScaleSets\",\r\n  \"location\"\
        : \"westus\",\r\n  \"tags\": {},\r\n  \"sku\": {\r\n    \"name\": \"Standard_DS1_v2\"\
        ,\r\n    \"tier\": \"Standard\",\r\n    \"capacity\": 2\r\n  },\r\n  \"properties\"\
        : {\r\n    \"singlePlacementGroup\": true,\r\n    \"orchestrationMode\": \"\
        Uniform\",\r\n    \"upgradePolicy\": {\r\n      \"mode\": \"Manual\",\r\n\
        \      \"rollingUpgradePolicy\": {\r\n        \"maxBatchInstancePercent\"\
        : 20,\r\n        \"maxUnhealthyInstancePercent\": 20,\r\n        \"maxUnhealthyUpgradedInstancePercent\"\
        : 20,\r\n        \"pauseTimeBetweenBatches\": \"PT0S\",\r\n        \"maxSurge\"\
        : false,\r\n        \"rollbackFailedInstancesOnPolicyBreach\": false\r\n \
        \     }\r\n    },\r\n    \"virtualMachineProfile\": {\r\n      \"osProfile\"\
        : {\r\n        \"computerNamePrefix\": \"vmssce4aa\",\r\n        \"adminUsername\"\
        : \"deploy\",\r\n        \"linuxConfiguration\": {\r\n          \"disablePasswordAuthentication\"\
        : true,\r\n          \"ssh\": {\r\n            \"publicKeys\": [\r\n     \
        \         {\r\n                \"path\": \"/home/deploy/.ssh/authorized_keys\"\
        ,\r\n                \"keyData\": \"ssh-rsa AAAAB3NzaC1yc2EAAAADAQABAAACAQCbIg1guRHbI0lV11wWDt1r2cUdcNd27CJsg+SfgC7miZeubtwUhbsPdhMQsfDyhOWHq1+ZL0M+nJZV63d/1dhmhtgyOqejUwrPlzKhydsbrsdUor+JmNJDdW01v7BXHyuymT8G4s09jCasNOwiufbP/qp72ruu0bIA1nySsvlf9pCQAuFkAnVnf/rFhUlOkhtRpwcq8SUNY2zRHR/EKb/4NWY1JzR4sa3q2fWIJdrrX0DvLoa5g9bIEd4Df79ba7v+yiUBOS0zT2ll+z4g9izHK3EO5d8hL4jYxcjKs+wcslSYRWrascfscLgMlMGh0CdKeNTDjHpGPncaf3Z+FwwwjWeuiNBxv7bJo13/8B/098KlVDl4GZqsoBCEjPyJfV6hO0y/LkRGkk7oHWKgeWAfKtfLItRp00eZ4fcJNK9kCaSMmEugoZWcI7NGbZXzqFWqbpRI7NcDP9+WIQ+i9U5vqWsqd/zng4kbuAJ6UuKqIzB0upYrLShfQE3SAck8oaLhJqqq56VfDuASNpJKidV+zq27HfSBmbXnkR/5AK337dc3MXKJypoK/QPMLKUAP5XLPbs+NddJQV7EZXd29DLgp+fRIg3edpKdO7ZErWhv7d+3Kws+e1Y+ypmR2WIVSwVyBEUfgv2C8Ts9gnTF4pNcEY/S2aBicz5Ew2+jdyGNQQ==\
        \ test@example.com\\n\"\r\n              }\r\n            ]\r\n          },\r\
        \n          \"provisionVMAgent\": true,\r\n          \"enableVMAgentPlatformUpdates\"\
        : false\r\n        },\r\n        \"secrets\": [],\r\n        \"allowExtensionOperations\"\
        : true,\r\n        \"requireGuestProvisionSignal\": true\r\n      },\r\n \
        \     \"storageProfile\": {\r\n        \"osDisk\": {\r\n          \"osType\"\
        : \"Linux\",\r\n          \"createOption\": \"FromImage\",\r\n          \"\
        caching\": \"ReadWrite\",\r\n          \"managedDisk\": {\r\n            \"\
        storageAccountType\": \"Premium_LRS\"\r\n          },\r\n          \"diskSizeGB\"\
        : 30\r\n        },\r\n        \"imageReference\": {\r\n          \"publisher\"\
        : \"Debian\",\r\n          \"offer\": \"debian-10\",\r\n          \"sku\"\
        : \"10\",\r\n          \"version\": \"latest\"\r\n        }\r\n      },\r\n\
        \      \"networkProfile\": {\"networkInterfaceConfigurations\":[{\"name\"\
        :\"vmssce4aaNic\",\"properties\":{\"primary\":true,\"disableTcpStateTracking\"\
        :false,\"dnsSettings\":{\"dnsServers\":[]},\"enableIPForwarding\":false,\"\
        ipConfigurations\":[{\"name\":\"vmssce4aaIPConfig\",\"properties\":{\"subnet\"\
        :{\"id\":\"/subscriptions/00000000-0000-0000-0000-000000000000/resourceGroups/cli_test_vmss_create_user_data000001/providers/Microsoft.Network/virtualNetworks/vmss-custom-dataVNET/subnets/vmss-custom-dataSubnet\"\
        },\"privateIPAddressVersion\":\"IPv4\",\"loadBalancerBackendAddressPools\"\
        :[{\"id\":\"/subscriptions/00000000-0000-0000-0000-000000000000/resourceGroups/cli_test_vmss_create_user_data000001/providers/Microsoft.Network/loadBalancers/vmss-custom-dataLB/backendAddressPools/vmss-custom-dataLBBEPool\"\
        }],\"loadBalancerInboundNatPools\":[{\"id\":\"/subscriptions/00000000-0000-0000-0000-000000000000/resourceGroups/cli_test_vmss_create_user_data000001/providers/Microsoft.Network/loadBalancers/vmss-custom-dataLB/inboundNatPools/vmss-custom-dataLBNatPool\"\
        }]}}]}}]}\r\n    },\r\n    \"provisioningState\": \"Succeeded\",\r\n    \"\
        overprovision\": true,\r\n    \"doNotRunExtensionsOnOverprovisionedVMs\":\
        \ false,\r\n    \"uniqueId\": \"195ebebc-e38b-4943-9fed-bafbd4117c23\",\r\n\
        \    \"timeCreated\": \"2023-02-17T02:01:12.4968248+00:00\"\r\n  }\r\n}"
    headers:
      cache-control:
      - no-cache
      content-length:
      - '3978'
      content-type:
      - application/json; charset=utf-8
      date:
      - Fri, 17 Feb 2023 02:02:48 GMT
      expires:
      - '-1'
      pragma:
      - no-cache
      server:
      - Microsoft-HTTPAPI/2.0
      - Microsoft-HTTPAPI/2.0
      strict-transport-security:
      - max-age=31536000; includeSubDomains
      x-content-type-options:
      - nosniff
      x-ms-ratelimit-remaining-resource:
      - Microsoft.Compute/GetVMScaleSet3Min;306,Microsoft.Compute/GetVMScaleSet30Min;2178
    status:
      code: 200
      message: OK
- request:
    body: '{"location": "westus", "tags": {}, "sku": {"name": "Standard_DS1_v2", "tier":
      "Standard", "capacity": 2}, "properties": {"upgradePolicy": {"mode": "Manual",
      "rollingUpgradePolicy": {"maxBatchInstancePercent": 20, "maxUnhealthyInstancePercent":
      20, "maxUnhealthyUpgradedInstancePercent": 20, "pauseTimeBetweenBatches": "PT0S",
      "rollbackFailedInstancesOnPolicyBreach": false, "maxSurge": false}}, "virtualMachineProfile":
      {"osProfile": {"computerNamePrefix": "vmssce4aa", "adminUsername": "deploy",
      "linuxConfiguration": {"disablePasswordAuthentication": true, "ssh": {"publicKeys":
      [{"path": "/home/deploy/.ssh/authorized_keys", "keyData": "ssh-rsa AAAAB3NzaC1yc2EAAAADAQABAAACAQCbIg1guRHbI0lV11wWDt1r2cUdcNd27CJsg+SfgC7miZeubtwUhbsPdhMQsfDyhOWHq1+ZL0M+nJZV63d/1dhmhtgyOqejUwrPlzKhydsbrsdUor+JmNJDdW01v7BXHyuymT8G4s09jCasNOwiufbP/qp72ruu0bIA1nySsvlf9pCQAuFkAnVnf/rFhUlOkhtRpwcq8SUNY2zRHR/EKb/4NWY1JzR4sa3q2fWIJdrrX0DvLoa5g9bIEd4Df79ba7v+yiUBOS0zT2ll+z4g9izHK3EO5d8hL4jYxcjKs+wcslSYRWrascfscLgMlMGh0CdKeNTDjHpGPncaf3Z+FwwwjWeuiNBxv7bJo13/8B/098KlVDl4GZqsoBCEjPyJfV6hO0y/LkRGkk7oHWKgeWAfKtfLItRp00eZ4fcJNK9kCaSMmEugoZWcI7NGbZXzqFWqbpRI7NcDP9+WIQ+i9U5vqWsqd/zng4kbuAJ6UuKqIzB0upYrLShfQE3SAck8oaLhJqqq56VfDuASNpJKidV+zq27HfSBmbXnkR/5AK337dc3MXKJypoK/QPMLKUAP5XLPbs+NddJQV7EZXd29DLgp+fRIg3edpKdO7ZErWhv7d+3Kws+e1Y+ypmR2WIVSwVyBEUfgv2C8Ts9gnTF4pNcEY/S2aBicz5Ew2+jdyGNQQ==
      test@example.com\n"}]}, "provisionVMAgent": true, "enableVMAgentPlatformUpdates":
      false}, "secrets": [], "allowExtensionOperations": true, "requireGuestProvisionSignal":
      true}, "storageProfile": {"osDisk": {"caching": "ReadWrite", "createOption":
      "FromImage", "diskSizeGB": 30, "osType": "Linux", "managedDisk": {"storageAccountType":
      "Premium_LRS"}}}, "networkProfile": {"networkInterfaceConfigurations": [{"name":
      "vmssce4aaNic", "properties": {"primary": true, "disableTcpStateTracking": false,
      "dnsSettings": {"dnsServers": []}, "ipConfigurations": [{"name": "vmssce4aaIPConfig",
      "properties": {"subnet": {"id": "/subscriptions/00000000-0000-0000-0000-000000000000/resourceGroups/cli_test_vmss_create_user_data000001/providers/Microsoft.Network/virtualNetworks/vmss-custom-dataVNET/subnets/vmss-custom-dataSubnet"},
      "privateIPAddressVersion": "IPv4", "loadBalancerBackendAddressPools": [{"id":
      "/subscriptions/00000000-0000-0000-0000-000000000000/resourceGroups/cli_test_vmss_create_user_data000001/providers/Microsoft.Network/loadBalancers/vmss-custom-dataLB/backendAddressPools/vmss-custom-dataLBBEPool"}],
      "loadBalancerInboundNatPools": [{"id": "/subscriptions/00000000-0000-0000-0000-000000000000/resourceGroups/cli_test_vmss_create_user_data000001/providers/Microsoft.Network/loadBalancers/vmss-custom-dataLB/inboundNatPools/vmss-custom-dataLBNatPool"}]}}],
      "enableIPForwarding": false}}]}, "userData": "I2Nsb3VkLWNvbmZpZ1xuaG9zdG5hbWU6IG15Vk1ob3N0bmFtZTEyMw=="},
      "overprovision": true, "doNotRunExtensionsOnOverprovisionedVMs": false, "singlePlacementGroup":
      true, "orchestrationMode": "Uniform"}}'
    headers:
      Accept:
      - application/json
      Accept-Encoding:
      - gzip, deflate
      CommandName:
      - vmss update
      Connection:
      - keep-alive
      Content-Length:
      - '2972'
      Content-Type:
      - application/json
      ParameterSetName:
      - -g -n --user-data
      User-Agent:
      - AZURECLI/2.45.0 azsdk-python-azure-mgmt-compute/29.1.0 Python/3.10.9 (Windows-10-10.0.22621-SP0)
    method: PUT
    uri: https://management.azure.com/subscriptions/00000000-0000-0000-0000-000000000000/resourceGroups/cli_test_vmss_create_user_data000001/providers/Microsoft.Compute/virtualMachineScaleSets/vmss-custom-data?api-version=2022-11-01
  response:
    body:
      string: "{\r\n  \"name\": \"vmss-custom-data\",\r\n  \"id\": \"/subscriptions/00000000-0000-0000-0000-000000000000/resourceGroups/cli_test_vmss_create_user_data000001/providers/Microsoft.Compute/virtualMachineScaleSets/vmss-custom-data\"\
        ,\r\n  \"type\": \"Microsoft.Compute/virtualMachineScaleSets\",\r\n  \"location\"\
        : \"westus\",\r\n  \"tags\": {},\r\n  \"sku\": {\r\n    \"name\": \"Standard_DS1_v2\"\
        ,\r\n    \"tier\": \"Standard\",\r\n    \"capacity\": 2\r\n  },\r\n  \"properties\"\
        : {\r\n    \"singlePlacementGroup\": true,\r\n    \"orchestrationMode\": \"\
        Uniform\",\r\n    \"upgradePolicy\": {\r\n      \"mode\": \"Manual\",\r\n\
        \      \"rollingUpgradePolicy\": {\r\n        \"maxBatchInstancePercent\"\
        : 20,\r\n        \"maxUnhealthyInstancePercent\": 20,\r\n        \"maxUnhealthyUpgradedInstancePercent\"\
        : 20,\r\n        \"pauseTimeBetweenBatches\": \"PT0S\",\r\n        \"maxSurge\"\
        : false,\r\n        \"rollbackFailedInstancesOnPolicyBreach\": false\r\n \
        \     }\r\n    },\r\n    \"virtualMachineProfile\": {\r\n      \"osProfile\"\
        : {\r\n        \"computerNamePrefix\": \"vmssce4aa\",\r\n        \"adminUsername\"\
        : \"deploy\",\r\n        \"linuxConfiguration\": {\r\n          \"disablePasswordAuthentication\"\
        : true,\r\n          \"ssh\": {\r\n            \"publicKeys\": [\r\n     \
        \         {\r\n                \"path\": \"/home/deploy/.ssh/authorized_keys\"\
        ,\r\n                \"keyData\": \"ssh-rsa AAAAB3NzaC1yc2EAAAADAQABAAACAQCbIg1guRHbI0lV11wWDt1r2cUdcNd27CJsg+SfgC7miZeubtwUhbsPdhMQsfDyhOWHq1+ZL0M+nJZV63d/1dhmhtgyOqejUwrPlzKhydsbrsdUor+JmNJDdW01v7BXHyuymT8G4s09jCasNOwiufbP/qp72ruu0bIA1nySsvlf9pCQAuFkAnVnf/rFhUlOkhtRpwcq8SUNY2zRHR/EKb/4NWY1JzR4sa3q2fWIJdrrX0DvLoa5g9bIEd4Df79ba7v+yiUBOS0zT2ll+z4g9izHK3EO5d8hL4jYxcjKs+wcslSYRWrascfscLgMlMGh0CdKeNTDjHpGPncaf3Z+FwwwjWeuiNBxv7bJo13/8B/098KlVDl4GZqsoBCEjPyJfV6hO0y/LkRGkk7oHWKgeWAfKtfLItRp00eZ4fcJNK9kCaSMmEugoZWcI7NGbZXzqFWqbpRI7NcDP9+WIQ+i9U5vqWsqd/zng4kbuAJ6UuKqIzB0upYrLShfQE3SAck8oaLhJqqq56VfDuASNpJKidV+zq27HfSBmbXnkR/5AK337dc3MXKJypoK/QPMLKUAP5XLPbs+NddJQV7EZXd29DLgp+fRIg3edpKdO7ZErWhv7d+3Kws+e1Y+ypmR2WIVSwVyBEUfgv2C8Ts9gnTF4pNcEY/S2aBicz5Ew2+jdyGNQQ==\
        \ test@example.com\\n\"\r\n              }\r\n            ]\r\n          },\r\
        \n          \"provisionVMAgent\": true,\r\n          \"enableVMAgentPlatformUpdates\"\
        : false\r\n        },\r\n        \"secrets\": [],\r\n        \"allowExtensionOperations\"\
        : true,\r\n        \"requireGuestProvisionSignal\": true\r\n      },\r\n \
        \     \"storageProfile\": {\r\n        \"osDisk\": {\r\n          \"osType\"\
        : \"Linux\",\r\n          \"createOption\": \"FromImage\",\r\n          \"\
        caching\": \"ReadWrite\",\r\n          \"managedDisk\": {\r\n            \"\
        storageAccountType\": \"Premium_LRS\"\r\n          },\r\n          \"diskSizeGB\"\
        : 30\r\n        },\r\n        \"imageReference\": {\r\n          \"publisher\"\
        : \"Debian\",\r\n          \"offer\": \"debian-10\",\r\n          \"sku\"\
        : \"10\",\r\n          \"version\": \"latest\"\r\n        }\r\n      },\r\n\
        \      \"networkProfile\": {\"networkInterfaceConfigurations\":[{\"name\"\
        :\"vmssce4aaNic\",\"properties\":{\"primary\":true,\"disableTcpStateTracking\"\
        :false,\"dnsSettings\":{\"dnsServers\":[]},\"enableIPForwarding\":false,\"\
        ipConfigurations\":[{\"name\":\"vmssce4aaIPConfig\",\"properties\":{\"subnet\"\
        :{\"id\":\"/subscriptions/00000000-0000-0000-0000-000000000000/resourceGroups/cli_test_vmss_create_user_data000001/providers/Microsoft.Network/virtualNetworks/vmss-custom-dataVNET/subnets/vmss-custom-dataSubnet\"\
        },\"privateIPAddressVersion\":\"IPv4\",\"loadBalancerBackendAddressPools\"\
        :[{\"id\":\"/subscriptions/00000000-0000-0000-0000-000000000000/resourceGroups/cli_test_vmss_create_user_data000001/providers/Microsoft.Network/loadBalancers/vmss-custom-dataLB/backendAddressPools/vmss-custom-dataLBBEPool\"\
        }],\"loadBalancerInboundNatPools\":[{\"id\":\"/subscriptions/00000000-0000-0000-0000-000000000000/resourceGroups/cli_test_vmss_create_user_data000001/providers/Microsoft.Network/loadBalancers/vmss-custom-dataLB/inboundNatPools/vmss-custom-dataLBNatPool\"\
        }]}}]}}]}\r\n    },\r\n    \"provisioningState\": \"Updating\",\r\n    \"\
        overprovision\": true,\r\n    \"doNotRunExtensionsOnOverprovisionedVMs\":\
        \ false,\r\n    \"uniqueId\": \"195ebebc-e38b-4943-9fed-bafbd4117c23\",\r\n\
        \    \"timeCreated\": \"2023-02-17T02:01:12.4968248+00:00\"\r\n  }\r\n}"
    headers:
      azure-asyncnotification:
      - Enabled
      azure-asyncoperation:
      - https://management.azure.com/subscriptions/00000000-0000-0000-0000-000000000000/providers/Microsoft.Compute/locations/westus/operations/1f846458-4c83-4095-83be-7c12a5053b96?p=571046f6-b640-41c1-86f7-f9f044b5adf9&api-version=2022-11-01
      cache-control:
      - no-cache
      content-length:
      - '3977'
      content-type:
      - application/json; charset=utf-8
      date:
      - Fri, 17 Feb 2023 02:02:56 GMT
      expires:
      - '-1'
      pragma:
      - no-cache
      server:
      - Microsoft-HTTPAPI/2.0
      - Microsoft-HTTPAPI/2.0
      strict-transport-security:
      - max-age=31536000; includeSubDomains
      transfer-encoding:
      - chunked
      vary:
      - Accept-Encoding
      x-content-type-options:
      - nosniff
      x-ms-ratelimit-remaining-resource:
      - Microsoft.Compute/CreateVMScaleSet3Min;49,Microsoft.Compute/CreateVMScaleSet30Min;243,Microsoft.Compute/VmssQueuedVMOperations;0
      x-ms-ratelimit-remaining-subscription-writes:
      - '1196'
      x-ms-request-charge:
      - '0'
    status:
      code: 200
      message: OK
- request:
    body: null
    headers:
      Accept:
      - '*/*'
      Accept-Encoding:
      - gzip, deflate
      CommandName:
      - vmss update
      Connection:
      - keep-alive
      ParameterSetName:
      - -g -n --user-data
      User-Agent:
      - AZURECLI/2.45.0 azsdk-python-azure-mgmt-compute/29.1.0 Python/3.10.9 (Windows-10-10.0.22621-SP0)
    method: GET
    uri: https://management.azure.com/subscriptions/00000000-0000-0000-0000-000000000000/providers/Microsoft.Compute/locations/westus/operations/1f846458-4c83-4095-83be-7c12a5053b96?p=571046f6-b640-41c1-86f7-f9f044b5adf9&api-version=2022-11-01
  response:
    body:
      string: "{\r\n  \"startTime\": \"2023-02-17T02:02:55.3575905+00:00\",\r\n  \"\
        status\": \"InProgress\",\r\n  \"name\": \"1f846458-4c83-4095-83be-7c12a5053b96\"\
        \r\n}"
    headers:
      cache-control:
      - no-cache
      content-length:
      - '134'
      content-type:
      - application/json; charset=utf-8
      date:
      - Fri, 17 Feb 2023 02:03:07 GMT
      expires:
      - '-1'
      pragma:
      - no-cache
      server:
      - Microsoft-HTTPAPI/2.0
      - Microsoft-HTTPAPI/2.0
      strict-transport-security:
      - max-age=31536000; includeSubDomains
      transfer-encoding:
      - chunked
      vary:
      - Accept-Encoding
      x-content-type-options:
      - nosniff
      x-ms-ratelimit-remaining-resource:
      - Microsoft.Compute/GetOperation3Min;14894,Microsoft.Compute/GetOperation30Min;29161
    status:
      code: 200
      message: OK
- request:
    body: null
    headers:
      Accept:
      - '*/*'
      Accept-Encoding:
      - gzip, deflate
      CommandName:
      - vmss update
      Connection:
      - keep-alive
      ParameterSetName:
      - -g -n --user-data
      User-Agent:
      - AZURECLI/2.45.0 azsdk-python-azure-mgmt-compute/29.1.0 Python/3.10.9 (Windows-10-10.0.22621-SP0)
    method: GET
    uri: https://management.azure.com/subscriptions/00000000-0000-0000-0000-000000000000/providers/Microsoft.Compute/locations/westus/operations/1f846458-4c83-4095-83be-7c12a5053b96?p=571046f6-b640-41c1-86f7-f9f044b5adf9&api-version=2022-11-01
  response:
    body:
      string: "{\r\n  \"startTime\": \"2023-02-17T02:02:55.3575905+00:00\",\r\n  \"\
        endTime\": \"2023-02-17T02:03:13.5453704+00:00\",\r\n  \"status\": \"Succeeded\"\
        ,\r\n  \"name\": \"1f846458-4c83-4095-83be-7c12a5053b96\"\r\n}"
    headers:
      cache-control:
      - no-cache
      content-length:
      - '184'
      content-type:
      - application/json; charset=utf-8
      date:
      - Fri, 17 Feb 2023 02:03:45 GMT
      expires:
      - '-1'
      pragma:
      - no-cache
      server:
      - Microsoft-HTTPAPI/2.0
      - Microsoft-HTTPAPI/2.0
      strict-transport-security:
      - max-age=31536000; includeSubDomains
      transfer-encoding:
      - chunked
      vary:
      - Accept-Encoding
      x-content-type-options:
      - nosniff
      x-ms-ratelimit-remaining-resource:
      - Microsoft.Compute/GetOperation3Min;14876,Microsoft.Compute/GetOperation30Min;29127
    status:
      code: 200
      message: OK
- request:
    body: null
    headers:
      Accept:
      - '*/*'
      Accept-Encoding:
      - gzip, deflate
      CommandName:
      - vmss update
      Connection:
      - keep-alive
      ParameterSetName:
      - -g -n --user-data
      User-Agent:
      - AZURECLI/2.45.0 azsdk-python-azure-mgmt-compute/29.1.0 Python/3.10.9 (Windows-10-10.0.22621-SP0)
    method: GET
    uri: https://management.azure.com/subscriptions/00000000-0000-0000-0000-000000000000/resourceGroups/cli_test_vmss_create_user_data000001/providers/Microsoft.Compute/virtualMachineScaleSets/vmss-custom-data?api-version=2022-11-01
  response:
    body:
      string: "{\r\n  \"name\": \"vmss-custom-data\",\r\n  \"id\": \"/subscriptions/00000000-0000-0000-0000-000000000000/resourceGroups/cli_test_vmss_create_user_data000001/providers/Microsoft.Compute/virtualMachineScaleSets/vmss-custom-data\"\
        ,\r\n  \"type\": \"Microsoft.Compute/virtualMachineScaleSets\",\r\n  \"location\"\
        : \"westus\",\r\n  \"tags\": {},\r\n  \"sku\": {\r\n    \"name\": \"Standard_DS1_v2\"\
        ,\r\n    \"tier\": \"Standard\",\r\n    \"capacity\": 2\r\n  },\r\n  \"properties\"\
        : {\r\n    \"singlePlacementGroup\": true,\r\n    \"orchestrationMode\": \"\
        Uniform\",\r\n    \"upgradePolicy\": {\r\n      \"mode\": \"Manual\",\r\n\
        \      \"rollingUpgradePolicy\": {\r\n        \"maxBatchInstancePercent\"\
        : 20,\r\n        \"maxUnhealthyInstancePercent\": 20,\r\n        \"maxUnhealthyUpgradedInstancePercent\"\
        : 20,\r\n        \"pauseTimeBetweenBatches\": \"PT0S\",\r\n        \"maxSurge\"\
        : false,\r\n        \"rollbackFailedInstancesOnPolicyBreach\": false\r\n \
        \     }\r\n    },\r\n    \"virtualMachineProfile\": {\r\n      \"osProfile\"\
        : {\r\n        \"computerNamePrefix\": \"vmssce4aa\",\r\n        \"adminUsername\"\
        : \"deploy\",\r\n        \"linuxConfiguration\": {\r\n          \"disablePasswordAuthentication\"\
        : true,\r\n          \"ssh\": {\r\n            \"publicKeys\": [\r\n     \
        \         {\r\n                \"path\": \"/home/deploy/.ssh/authorized_keys\"\
        ,\r\n                \"keyData\": \"ssh-rsa AAAAB3NzaC1yc2EAAAADAQABAAACAQCbIg1guRHbI0lV11wWDt1r2cUdcNd27CJsg+SfgC7miZeubtwUhbsPdhMQsfDyhOWHq1+ZL0M+nJZV63d/1dhmhtgyOqejUwrPlzKhydsbrsdUor+JmNJDdW01v7BXHyuymT8G4s09jCasNOwiufbP/qp72ruu0bIA1nySsvlf9pCQAuFkAnVnf/rFhUlOkhtRpwcq8SUNY2zRHR/EKb/4NWY1JzR4sa3q2fWIJdrrX0DvLoa5g9bIEd4Df79ba7v+yiUBOS0zT2ll+z4g9izHK3EO5d8hL4jYxcjKs+wcslSYRWrascfscLgMlMGh0CdKeNTDjHpGPncaf3Z+FwwwjWeuiNBxv7bJo13/8B/098KlVDl4GZqsoBCEjPyJfV6hO0y/LkRGkk7oHWKgeWAfKtfLItRp00eZ4fcJNK9kCaSMmEugoZWcI7NGbZXzqFWqbpRI7NcDP9+WIQ+i9U5vqWsqd/zng4kbuAJ6UuKqIzB0upYrLShfQE3SAck8oaLhJqqq56VfDuASNpJKidV+zq27HfSBmbXnkR/5AK337dc3MXKJypoK/QPMLKUAP5XLPbs+NddJQV7EZXd29DLgp+fRIg3edpKdO7ZErWhv7d+3Kws+e1Y+ypmR2WIVSwVyBEUfgv2C8Ts9gnTF4pNcEY/S2aBicz5Ew2+jdyGNQQ==\
        \ test@example.com\\n\"\r\n              }\r\n            ]\r\n          },\r\
        \n          \"provisionVMAgent\": true,\r\n          \"enableVMAgentPlatformUpdates\"\
        : false\r\n        },\r\n        \"secrets\": [],\r\n        \"allowExtensionOperations\"\
        : true,\r\n        \"requireGuestProvisionSignal\": true\r\n      },\r\n \
        \     \"storageProfile\": {\r\n        \"osDisk\": {\r\n          \"osType\"\
        : \"Linux\",\r\n          \"createOption\": \"FromImage\",\r\n          \"\
        caching\": \"ReadWrite\",\r\n          \"managedDisk\": {\r\n            \"\
        storageAccountType\": \"Premium_LRS\"\r\n          },\r\n          \"diskSizeGB\"\
        : 30\r\n        },\r\n        \"imageReference\": {\r\n          \"publisher\"\
        : \"Debian\",\r\n          \"offer\": \"debian-10\",\r\n          \"sku\"\
        : \"10\",\r\n          \"version\": \"latest\"\r\n        }\r\n      },\r\n\
        \      \"networkProfile\": {\"networkInterfaceConfigurations\":[{\"name\"\
        :\"vmssce4aaNic\",\"properties\":{\"primary\":true,\"disableTcpStateTracking\"\
        :false,\"dnsSettings\":{\"dnsServers\":[]},\"enableIPForwarding\":false,\"\
        ipConfigurations\":[{\"name\":\"vmssce4aaIPConfig\",\"properties\":{\"subnet\"\
        :{\"id\":\"/subscriptions/00000000-0000-0000-0000-000000000000/resourceGroups/cli_test_vmss_create_user_data000001/providers/Microsoft.Network/virtualNetworks/vmss-custom-dataVNET/subnets/vmss-custom-dataSubnet\"\
        },\"privateIPAddressVersion\":\"IPv4\",\"loadBalancerBackendAddressPools\"\
        :[{\"id\":\"/subscriptions/00000000-0000-0000-0000-000000000000/resourceGroups/cli_test_vmss_create_user_data000001/providers/Microsoft.Network/loadBalancers/vmss-custom-dataLB/backendAddressPools/vmss-custom-dataLBBEPool\"\
        }],\"loadBalancerInboundNatPools\":[{\"id\":\"/subscriptions/00000000-0000-0000-0000-000000000000/resourceGroups/cli_test_vmss_create_user_data000001/providers/Microsoft.Network/loadBalancers/vmss-custom-dataLB/inboundNatPools/vmss-custom-dataLBNatPool\"\
        }]}}]}}]}\r\n    },\r\n    \"provisioningState\": \"Succeeded\",\r\n    \"\
        overprovision\": true,\r\n    \"doNotRunExtensionsOnOverprovisionedVMs\":\
        \ false,\r\n    \"uniqueId\": \"195ebebc-e38b-4943-9fed-bafbd4117c23\",\r\n\
        \    \"timeCreated\": \"2023-02-17T02:01:12.4968248+00:00\"\r\n  }\r\n}"
    headers:
      cache-control:
      - no-cache
      content-length:
      - '3978'
      content-type:
      - application/json; charset=utf-8
      date:
      - Fri, 17 Feb 2023 02:03:46 GMT
      expires:
      - '-1'
      pragma:
      - no-cache
      server:
      - Microsoft-HTTPAPI/2.0
      - Microsoft-HTTPAPI/2.0
      strict-transport-security:
      - max-age=31536000; includeSubDomains
      transfer-encoding:
      - chunked
      vary:
      - Accept-Encoding
      x-content-type-options:
      - nosniff
      x-ms-ratelimit-remaining-resource:
      - Microsoft.Compute/GetVMScaleSet3Min;305,Microsoft.Compute/GetVMScaleSet30Min;2148
    status:
      code: 200
      message: OK
- request:
    body: null
    headers:
      Accept:
      - application/json
      Accept-Encoding:
      - gzip, deflate
      CommandName:
      - vmss show
      Connection:
      - keep-alive
      ParameterSetName:
      - -n -g --include-user-data
      User-Agent:
      - AZURECLI/2.45.0 azsdk-python-azure-mgmt-compute/29.1.0 Python/3.10.9 (Windows-10-10.0.22621-SP0)
    method: GET
    uri: https://management.azure.com/subscriptions/00000000-0000-0000-0000-000000000000/resourceGroups/cli_test_vmss_create_user_data000001/providers/Microsoft.Compute/virtualMachineScaleSets/vmss-custom-data?api-version=2022-11-01&$expand=userData
  response:
    body:
      string: "{\r\n  \"name\": \"vmss-custom-data\",\r\n  \"id\": \"/subscriptions/00000000-0000-0000-0000-000000000000/resourceGroups/cli_test_vmss_create_user_data000001/providers/Microsoft.Compute/virtualMachineScaleSets/vmss-custom-data\"\
        ,\r\n  \"type\": \"Microsoft.Compute/virtualMachineScaleSets\",\r\n  \"location\"\
        : \"westus\",\r\n  \"tags\": {},\r\n  \"sku\": {\r\n    \"name\": \"Standard_DS1_v2\"\
        ,\r\n    \"tier\": \"Standard\",\r\n    \"capacity\": 2\r\n  },\r\n  \"properties\"\
        : {\r\n    \"singlePlacementGroup\": true,\r\n    \"orchestrationMode\": \"\
        Uniform\",\r\n    \"upgradePolicy\": {\r\n      \"mode\": \"Manual\",\r\n\
        \      \"rollingUpgradePolicy\": {\r\n        \"maxBatchInstancePercent\"\
        : 20,\r\n        \"maxUnhealthyInstancePercent\": 20,\r\n        \"maxUnhealthyUpgradedInstancePercent\"\
        : 20,\r\n        \"pauseTimeBetweenBatches\": \"PT0S\",\r\n        \"maxSurge\"\
        : false,\r\n        \"rollbackFailedInstancesOnPolicyBreach\": false\r\n \
        \     }\r\n    },\r\n    \"virtualMachineProfile\": {\r\n      \"userData\"\
        : \"I2Nsb3VkLWNvbmZpZ1xuaG9zdG5hbWU6IG15Vk1ob3N0bmFtZTEyMw==\",\r\n      \"\
        osProfile\": {\r\n        \"computerNamePrefix\": \"vmssce4aa\",\r\n     \
        \   \"adminUsername\": \"deploy\",\r\n        \"linuxConfiguration\": {\r\n\
        \          \"disablePasswordAuthentication\": true,\r\n          \"ssh\":\
        \ {\r\n            \"publicKeys\": [\r\n              {\r\n              \
        \  \"path\": \"/home/deploy/.ssh/authorized_keys\",\r\n                \"\
        keyData\": \"ssh-rsa AAAAB3NzaC1yc2EAAAADAQABAAACAQCbIg1guRHbI0lV11wWDt1r2cUdcNd27CJsg+SfgC7miZeubtwUhbsPdhMQsfDyhOWHq1+ZL0M+nJZV63d/1dhmhtgyOqejUwrPlzKhydsbrsdUor+JmNJDdW01v7BXHyuymT8G4s09jCasNOwiufbP/qp72ruu0bIA1nySsvlf9pCQAuFkAnVnf/rFhUlOkhtRpwcq8SUNY2zRHR/EKb/4NWY1JzR4sa3q2fWIJdrrX0DvLoa5g9bIEd4Df79ba7v+yiUBOS0zT2ll+z4g9izHK3EO5d8hL4jYxcjKs+wcslSYRWrascfscLgMlMGh0CdKeNTDjHpGPncaf3Z+FwwwjWeuiNBxv7bJo13/8B/098KlVDl4GZqsoBCEjPyJfV6hO0y/LkRGkk7oHWKgeWAfKtfLItRp00eZ4fcJNK9kCaSMmEugoZWcI7NGbZXzqFWqbpRI7NcDP9+WIQ+i9U5vqWsqd/zng4kbuAJ6UuKqIzB0upYrLShfQE3SAck8oaLhJqqq56VfDuASNpJKidV+zq27HfSBmbXnkR/5AK337dc3MXKJypoK/QPMLKUAP5XLPbs+NddJQV7EZXd29DLgp+fRIg3edpKdO7ZErWhv7d+3Kws+e1Y+ypmR2WIVSwVyBEUfgv2C8Ts9gnTF4pNcEY/S2aBicz5Ew2+jdyGNQQ==\
        \ test@example.com\\n\"\r\n              }\r\n            ]\r\n          },\r\
        \n          \"provisionVMAgent\": true,\r\n          \"enableVMAgentPlatformUpdates\"\
        : false\r\n        },\r\n        \"secrets\": [],\r\n        \"allowExtensionOperations\"\
        : true,\r\n        \"requireGuestProvisionSignal\": true\r\n      },\r\n \
        \     \"storageProfile\": {\r\n        \"osDisk\": {\r\n          \"osType\"\
        : \"Linux\",\r\n          \"createOption\": \"FromImage\",\r\n          \"\
        caching\": \"ReadWrite\",\r\n          \"managedDisk\": {\r\n            \"\
        storageAccountType\": \"Premium_LRS\"\r\n          },\r\n          \"diskSizeGB\"\
        : 30\r\n        },\r\n        \"imageReference\": {\r\n          \"publisher\"\
        : \"Debian\",\r\n          \"offer\": \"debian-10\",\r\n          \"sku\"\
        : \"10\",\r\n          \"version\": \"latest\"\r\n        }\r\n      },\r\n\
        \      \"networkProfile\": {\"networkInterfaceConfigurations\":[{\"name\"\
        :\"vmssce4aaNic\",\"properties\":{\"primary\":true,\"disableTcpStateTracking\"\
        :false,\"dnsSettings\":{\"dnsServers\":[]},\"enableIPForwarding\":false,\"\
        ipConfigurations\":[{\"name\":\"vmssce4aaIPConfig\",\"properties\":{\"subnet\"\
        :{\"id\":\"/subscriptions/00000000-0000-0000-0000-000000000000/resourceGroups/cli_test_vmss_create_user_data000001/providers/Microsoft.Network/virtualNetworks/vmss-custom-dataVNET/subnets/vmss-custom-dataSubnet\"\
        },\"privateIPAddressVersion\":\"IPv4\",\"loadBalancerBackendAddressPools\"\
        :[{\"id\":\"/subscriptions/00000000-0000-0000-0000-000000000000/resourceGroups/cli_test_vmss_create_user_data000001/providers/Microsoft.Network/loadBalancers/vmss-custom-dataLB/backendAddressPools/vmss-custom-dataLBBEPool\"\
        }],\"loadBalancerInboundNatPools\":[{\"id\":\"/subscriptions/00000000-0000-0000-0000-000000000000/resourceGroups/cli_test_vmss_create_user_data000001/providers/Microsoft.Network/loadBalancers/vmss-custom-dataLB/inboundNatPools/vmss-custom-dataLBNatPool\"\
        }]}}]}}]}\r\n    },\r\n    \"provisioningState\": \"Succeeded\",\r\n    \"\
        overprovision\": true,\r\n    \"doNotRunExtensionsOnOverprovisionedVMs\":\
        \ false,\r\n    \"uniqueId\": \"195ebebc-e38b-4943-9fed-bafbd4117c23\",\r\n\
        \    \"timeCreated\": \"2023-02-17T02:01:12.4968248+00:00\"\r\n  }\r\n}"
    headers:
      cache-control:
      - no-cache
      content-length:
      - '4057'
      content-type:
      - application/json; charset=utf-8
      date:
      - Fri, 17 Feb 2023 02:03:47 GMT
      expires:
      - '-1'
      pragma:
      - no-cache
      server:
      - Microsoft-HTTPAPI/2.0
      - Microsoft-HTTPAPI/2.0
      strict-transport-security:
      - max-age=31536000; includeSubDomains
      transfer-encoding:
      - chunked
      vary:
      - Accept-Encoding
      x-content-type-options:
      - nosniff
      x-ms-ratelimit-remaining-resource:
      - Microsoft.Compute/GetVMScaleSet3Min;304,Microsoft.Compute/GetVMScaleSet30Min;2147
    status:
      code: 200
      message: OK
- request:
    body: null
    headers:
      Accept:
      - application/json
      Accept-Encoding:
      - gzip, deflate
      CommandName:
      - vmss update
      Connection:
      - keep-alive
      ParameterSetName:
      - -g -n --instance-id --user-data
      User-Agent:
      - AZURECLI/2.45.0 azsdk-python-azure-mgmt-compute/29.1.0 Python/3.10.9 (Windows-10-10.0.22621-SP0)
    method: GET
    uri: https://management.azure.com/subscriptions/00000000-0000-0000-0000-000000000000/resourceGroups/cli_test_vmss_create_user_data000001/providers/Microsoft.Compute/virtualMachineScaleSets/vmss-custom-data/virtualMachines/2?api-version=2022-11-01
  response:
    body:
      string: "{\r\n  \"name\": \"vmss-custom-data_2\",\r\n  \"id\": \"/subscriptions/00000000-0000-0000-0000-000000000000/resourceGroups/cli_test_vmss_create_user_data000001/providers/Microsoft.Compute/virtualMachineScaleSets/vmss-custom-data/virtualMachines/2\"\
        ,\r\n  \"type\": \"Microsoft.Compute/virtualMachineScaleSets/virtualMachines\"\
        ,\r\n  \"location\": \"westus\",\r\n  \"tags\": {},\r\n  \"instanceId\": \"\
        2\",\r\n  \"sku\": {\r\n    \"name\": \"Standard_DS1_v2\",\r\n    \"tier\"\
        : \"Standard\"\r\n  },\r\n  \"properties\": {\r\n    \"latestModelApplied\"\
        : false,\r\n    \"modelDefinitionApplied\": \"VirtualMachineScaleSet\",\r\n\
        \    \"networkProfileConfiguration\": {\"networkInterfaceConfigurations\"\
        :[{\"name\":\"vmssce4aaNic\",\"properties\":{\"primary\":true,\"disableTcpStateTracking\"\
        :false,\"dnsSettings\":{\"dnsServers\":[]},\"enableIPForwarding\":false,\"\
        ipConfigurations\":[{\"name\":\"vmssce4aaIPConfig\",\"properties\":{\"subnet\"\
        :{\"id\":\"/subscriptions/00000000-0000-0000-0000-000000000000/resourceGroups/cli_test_vmss_create_user_data000001/providers/Microsoft.Network/virtualNetworks/vmss-custom-dataVNET/subnets/vmss-custom-dataSubnet\"\
        },\"privateIPAddressVersion\":\"IPv4\",\"loadBalancerBackendAddressPools\"\
        :[{\"id\":\"/subscriptions/00000000-0000-0000-0000-000000000000/resourceGroups/cli_test_vmss_create_user_data000001/providers/Microsoft.Network/loadBalancers/vmss-custom-dataLB/backendAddressPools/vmss-custom-dataLBBEPool\"\
        }],\"loadBalancerInboundNatPools\":[{\"id\":\"/subscriptions/00000000-0000-0000-0000-000000000000/resourceGroups/cli_test_vmss_create_user_data000001/providers/Microsoft.Network/loadBalancers/vmss-custom-dataLB/inboundNatPools/vmss-custom-dataLBNatPool\"\
        }]}}]}}]},\r\n    \"vmId\": \"dd34ac9e-5426-4518-8ffd-307fa03e224e\",\r\n\
        \    \"hardwareProfile\": {\r\n      \"vmSize\": \"Standard_DS1_v2\"\r\n \
        \   },\r\n    \"storageProfile\": {\r\n      \"imageReference\": {\r\n   \
        \     \"publisher\": \"Debian\",\r\n        \"offer\": \"debian-10\",\r\n\
        \        \"sku\": \"10\",\r\n        \"version\": \"latest\",\r\n        \"\
        exactVersion\": \"0.20221224.1239\"\r\n      },\r\n      \"osDisk\": {\r\n\
        \        \"osType\": \"Linux\",\r\n        \"name\": \"vmss-custom-data_vmss-custom-data_2_OsDisk_1_a63e18419c724ffe8454994c0dc1a858\"\
        ,\r\n        \"createOption\": \"FromImage\",\r\n        \"caching\": \"ReadWrite\"\
        ,\r\n        \"managedDisk\": {\r\n          \"storageAccountType\": \"Premium_LRS\"\
        ,\r\n          \"id\": \"/subscriptions/00000000-0000-0000-0000-000000000000/resourceGroups/cli_test_vmss_create_user_data000001/providers/Microsoft.Compute/disks/vmss-custom-data_vmss-custom-data_2_OsDisk_1_a63e18419c724ffe8454994c0dc1a858\"\
        \r\n        },\r\n        \"diskSizeGB\": 30\r\n      },\r\n      \"dataDisks\"\
        : []\r\n    },\r\n    \"osProfile\": {\r\n      \"computerName\": \"vmssce4aa000002\"\
        ,\r\n      \"adminUsername\": \"deploy\",\r\n      \"linuxConfiguration\"\
        : {\r\n        \"disablePasswordAuthentication\": true,\r\n        \"ssh\"\
        : {\r\n          \"publicKeys\": [\r\n            {\r\n              \"path\"\
        : \"/home/deploy/.ssh/authorized_keys\",\r\n              \"keyData\": \"\
        ssh-rsa AAAAB3NzaC1yc2EAAAADAQABAAACAQCbIg1guRHbI0lV11wWDt1r2cUdcNd27CJsg+SfgC7miZeubtwUhbsPdhMQsfDyhOWHq1+ZL0M+nJZV63d/1dhmhtgyOqejUwrPlzKhydsbrsdUor+JmNJDdW01v7BXHyuymT8G4s09jCasNOwiufbP/qp72ruu0bIA1nySsvlf9pCQAuFkAnVnf/rFhUlOkhtRpwcq8SUNY2zRHR/EKb/4NWY1JzR4sa3q2fWIJdrrX0DvLoa5g9bIEd4Df79ba7v+yiUBOS0zT2ll+z4g9izHK3EO5d8hL4jYxcjKs+wcslSYRWrascfscLgMlMGh0CdKeNTDjHpGPncaf3Z+FwwwjWeuiNBxv7bJo13/8B/098KlVDl4GZqsoBCEjPyJfV6hO0y/LkRGkk7oHWKgeWAfKtfLItRp00eZ4fcJNK9kCaSMmEugoZWcI7NGbZXzqFWqbpRI7NcDP9+WIQ+i9U5vqWsqd/zng4kbuAJ6UuKqIzB0upYrLShfQE3SAck8oaLhJqqq56VfDuASNpJKidV+zq27HfSBmbXnkR/5AK337dc3MXKJypoK/QPMLKUAP5XLPbs+NddJQV7EZXd29DLgp+fRIg3edpKdO7ZErWhv7d+3Kws+e1Y+ypmR2WIVSwVyBEUfgv2C8Ts9gnTF4pNcEY/S2aBicz5Ew2+jdyGNQQ==\
        \ test@example.com\\n\"\r\n            }\r\n          ]\r\n        },\r\n\
        \        \"provisionVMAgent\": true,\r\n        \"enableVMAgentPlatformUpdates\"\
        : false\r\n      },\r\n      \"secrets\": [],\r\n      \"allowExtensionOperations\"\
        : true,\r\n      \"requireGuestProvisionSignal\": true\r\n    },\r\n    \"\
        networkProfile\": {\"networkInterfaces\":[{\"id\":\"/subscriptions/00000000-0000-0000-0000-000000000000/resourceGroups/cli_test_vmss_create_user_data000001/providers/Microsoft.Compute/virtualMachineScaleSets/vmss-custom-data/virtualMachines/2/networkInterfaces/vmssce4aaNic\"\
        }]},\r\n    \"provisioningState\": \"Succeeded\",\r\n    \"timeCreated\":\
        \ \"2023-02-17T02:01:12.5437352+00:00\"\r\n  }\r\n}"
    headers:
      cache-control:
      - no-cache
      content-length:
      - '4234'
      content-type:
      - application/json; charset=utf-8
      date:
      - Fri, 17 Feb 2023 02:03:49 GMT
      expires:
      - '-1'
      pragma:
      - no-cache
      server:
      - Microsoft-HTTPAPI/2.0
      - Microsoft-HTTPAPI/2.0
      strict-transport-security:
      - max-age=31536000; includeSubDomains
      x-content-type-options:
      - nosniff
      x-ms-ratelimit-remaining-resource:
      - Microsoft.Compute/GetVMScaleSetVM3Min;990,Microsoft.Compute/GetVMScaleSetVM30Min;4958,Microsoft.Compute/VMScaleSetVMViews3Min;4983
      x-ms-request-charge:
      - '1'
    status:
      code: 200
      message: OK
- request:
    body: '{"location": "westus", "tags": {}, "properties": {"hardwareProfile": {"vmSize":
      "Standard_DS1_v2"}, "storageProfile": {"osDisk": {"osType": "Linux", "name":
      "vmss-custom-data_vmss-custom-data_2_OsDisk_1_a63e18419c724ffe8454994c0dc1a858",
      "caching": "ReadWrite", "createOption": "FromImage", "diskSizeGB": 30, "managedDisk":
      {"id": "/subscriptions/00000000-0000-0000-0000-000000000000/resourceGroups/cli_test_vmss_create_user_data000001/providers/Microsoft.Compute/disks/vmss-custom-data_vmss-custom-data_2_OsDisk_1_a63e18419c724ffe8454994c0dc1a858",
      "storageAccountType": "Premium_LRS"}}, "dataDisks": []}, "osProfile": {"computerName":
      "vmssce4aa000002", "adminUsername": "deploy", "linuxConfiguration": {"disablePasswordAuthentication":
      true, "ssh": {"publicKeys": [{"path": "/home/deploy/.ssh/authorized_keys", "keyData":
      "ssh-rsa AAAAB3NzaC1yc2EAAAADAQABAAACAQCbIg1guRHbI0lV11wWDt1r2cUdcNd27CJsg+SfgC7miZeubtwUhbsPdhMQsfDyhOWHq1+ZL0M+nJZV63d/1dhmhtgyOqejUwrPlzKhydsbrsdUor+JmNJDdW01v7BXHyuymT8G4s09jCasNOwiufbP/qp72ruu0bIA1nySsvlf9pCQAuFkAnVnf/rFhUlOkhtRpwcq8SUNY2zRHR/EKb/4NWY1JzR4sa3q2fWIJdrrX0DvLoa5g9bIEd4Df79ba7v+yiUBOS0zT2ll+z4g9izHK3EO5d8hL4jYxcjKs+wcslSYRWrascfscLgMlMGh0CdKeNTDjHpGPncaf3Z+FwwwjWeuiNBxv7bJo13/8B/098KlVDl4GZqsoBCEjPyJfV6hO0y/LkRGkk7oHWKgeWAfKtfLItRp00eZ4fcJNK9kCaSMmEugoZWcI7NGbZXzqFWqbpRI7NcDP9+WIQ+i9U5vqWsqd/zng4kbuAJ6UuKqIzB0upYrLShfQE3SAck8oaLhJqqq56VfDuASNpJKidV+zq27HfSBmbXnkR/5AK337dc3MXKJypoK/QPMLKUAP5XLPbs+NddJQV7EZXd29DLgp+fRIg3edpKdO7ZErWhv7d+3Kws+e1Y+ypmR2WIVSwVyBEUfgv2C8Ts9gnTF4pNcEY/S2aBicz5Ew2+jdyGNQQ==
      test@example.com\n"}]}, "provisionVMAgent": true, "enableVMAgentPlatformUpdates":
      false}, "secrets": [], "allowExtensionOperations": true, "requireGuestProvisionSignal":
      true}, "networkProfile": {"networkInterfaces": [{"id": "/subscriptions/00000000-0000-0000-0000-000000000000/resourceGroups/cli_test_vmss_create_user_data000001/providers/Microsoft.Compute/virtualMachineScaleSets/vmss-custom-data/virtualMachines/2/networkInterfaces/vmssce4aaNic"}]},
      "networkProfileConfiguration": {"networkInterfaceConfigurations": [{"name":
      "vmssce4aaNic", "properties": {"primary": true, "disableTcpStateTracking": false,
      "dnsSettings": {"dnsServers": []}, "ipConfigurations": [{"name": "vmssce4aaIPConfig",
      "properties": {"subnet": {"id": "/subscriptions/00000000-0000-0000-0000-000000000000/resourceGroups/cli_test_vmss_create_user_data000001/providers/Microsoft.Network/virtualNetworks/vmss-custom-dataVNET/subnets/vmss-custom-dataSubnet"},
      "privateIPAddressVersion": "IPv4", "loadBalancerBackendAddressPools": [{"id":
      "/subscriptions/00000000-0000-0000-0000-000000000000/resourceGroups/cli_test_vmss_create_user_data000001/providers/Microsoft.Network/loadBalancers/vmss-custom-dataLB/backendAddressPools/vmss-custom-dataLBBEPool"}],
      "loadBalancerInboundNatPools": [{"id": "/subscriptions/00000000-0000-0000-0000-000000000000/resourceGroups/cli_test_vmss_create_user_data000001/providers/Microsoft.Network/loadBalancers/vmss-custom-dataLB/inboundNatPools/vmss-custom-dataLBNatPool"}]}}],
      "enableIPForwarding": false}}]}, "protectionPolicy": {}, "userData": "dXNlcl9kYXRh"}}'
    headers:
      Accept:
      - application/json
      Accept-Encoding:
      - gzip, deflate
      CommandName:
      - vmss update
      Connection:
      - keep-alive
      Content-Length:
      - '3116'
      Content-Type:
      - application/json
      ParameterSetName:
      - -g -n --instance-id --user-data
      User-Agent:
      - AZURECLI/2.45.0 azsdk-python-azure-mgmt-compute/29.1.0 Python/3.10.9 (Windows-10-10.0.22621-SP0)
    method: PUT
    uri: https://management.azure.com/subscriptions/00000000-0000-0000-0000-000000000000/resourceGroups/cli_test_vmss_create_user_data000001/providers/Microsoft.Compute/virtualMachineScaleSets/vmss-custom-data/virtualMachines/2?api-version=2022-11-01
  response:
    body:
      string: "{\r\n  \"name\": \"vmss-custom-data_2\",\r\n  \"id\": \"/subscriptions/00000000-0000-0000-0000-000000000000/resourceGroups/cli_test_vmss_create_user_data000001/providers/Microsoft.Compute/virtualMachineScaleSets/vmss-custom-data/virtualMachines/2\"\
        ,\r\n  \"type\": \"Microsoft.Compute/virtualMachineScaleSets/virtualMachines\"\
        ,\r\n  \"location\": \"westus\",\r\n  \"tags\": {},\r\n  \"instanceId\": \"\
        2\",\r\n  \"sku\": {\r\n    \"name\": \"Standard_DS1_v2\",\r\n    \"tier\"\
        : \"Standard\"\r\n  },\r\n  \"properties\": {\r\n    \"latestModelApplied\"\
        : false,\r\n    \"modelDefinitionApplied\": \"VirtualMachineScaleSet\",\r\n\
        \    \"networkProfileConfiguration\": {\"networkInterfaceConfigurations\"\
        :[{\"name\":\"vmssce4aaNic\",\"properties\":{\"primary\":true,\"disableTcpStateTracking\"\
        :false,\"dnsSettings\":{\"dnsServers\":[]},\"enableIPForwarding\":false,\"\
        ipConfigurations\":[{\"name\":\"vmssce4aaIPConfig\",\"properties\":{\"subnet\"\
        :{\"id\":\"/subscriptions/00000000-0000-0000-0000-000000000000/resourceGroups/cli_test_vmss_create_user_data000001/providers/Microsoft.Network/virtualNetworks/vmss-custom-dataVNET/subnets/vmss-custom-dataSubnet\"\
        },\"privateIPAddressVersion\":\"IPv4\",\"loadBalancerBackendAddressPools\"\
        :[{\"id\":\"/subscriptions/00000000-0000-0000-0000-000000000000/resourceGroups/cli_test_vmss_create_user_data000001/providers/Microsoft.Network/loadBalancers/vmss-custom-dataLB/backendAddressPools/vmss-custom-dataLBBEPool\"\
        }],\"loadBalancerInboundNatPools\":[{\"id\":\"/subscriptions/00000000-0000-0000-0000-000000000000/resourceGroups/cli_test_vmss_create_user_data000001/providers/Microsoft.Network/loadBalancers/vmss-custom-dataLB/inboundNatPools/vmss-custom-dataLBNatPool\"\
        }]}}]}}]},\r\n    \"vmId\": \"dd34ac9e-5426-4518-8ffd-307fa03e224e\",\r\n\
        \    \"hardwareProfile\": {\r\n      \"vmSize\": \"Standard_DS1_v2\"\r\n \
        \   },\r\n    \"storageProfile\": {\r\n      \"imageReference\": {\r\n   \
        \     \"publisher\": \"Debian\",\r\n        \"offer\": \"debian-10\",\r\n\
        \        \"sku\": \"10\",\r\n        \"version\": \"latest\",\r\n        \"\
        exactVersion\": \"0.20221224.1239\"\r\n      },\r\n      \"osDisk\": {\r\n\
        \        \"osType\": \"Linux\",\r\n        \"name\": \"vmss-custom-data_vmss-custom-data_2_OsDisk_1_a63e18419c724ffe8454994c0dc1a858\"\
        ,\r\n        \"createOption\": \"FromImage\",\r\n        \"caching\": \"ReadWrite\"\
        ,\r\n        \"managedDisk\": {\r\n          \"storageAccountType\": \"Premium_LRS\"\
        ,\r\n          \"id\": \"/subscriptions/00000000-0000-0000-0000-000000000000/resourceGroups/cli_test_vmss_create_user_data000001/providers/Microsoft.Compute/disks/vmss-custom-data_vmss-custom-data_2_OsDisk_1_a63e18419c724ffe8454994c0dc1a858\"\
        \r\n        },\r\n        \"diskSizeGB\": 30\r\n      },\r\n      \"dataDisks\"\
        : []\r\n    },\r\n    \"osProfile\": {\r\n      \"computerName\": \"vmssce4aa000002\"\
        ,\r\n      \"adminUsername\": \"deploy\",\r\n      \"linuxConfiguration\"\
        : {\r\n        \"disablePasswordAuthentication\": true,\r\n        \"ssh\"\
        : {\r\n          \"publicKeys\": [\r\n            {\r\n              \"path\"\
        : \"/home/deploy/.ssh/authorized_keys\",\r\n              \"keyData\": \"\
        ssh-rsa AAAAB3NzaC1yc2EAAAADAQABAAACAQCbIg1guRHbI0lV11wWDt1r2cUdcNd27CJsg+SfgC7miZeubtwUhbsPdhMQsfDyhOWHq1+ZL0M+nJZV63d/1dhmhtgyOqejUwrPlzKhydsbrsdUor+JmNJDdW01v7BXHyuymT8G4s09jCasNOwiufbP/qp72ruu0bIA1nySsvlf9pCQAuFkAnVnf/rFhUlOkhtRpwcq8SUNY2zRHR/EKb/4NWY1JzR4sa3q2fWIJdrrX0DvLoa5g9bIEd4Df79ba7v+yiUBOS0zT2ll+z4g9izHK3EO5d8hL4jYxcjKs+wcslSYRWrascfscLgMlMGh0CdKeNTDjHpGPncaf3Z+FwwwjWeuiNBxv7bJo13/8B/098KlVDl4GZqsoBCEjPyJfV6hO0y/LkRGkk7oHWKgeWAfKtfLItRp00eZ4fcJNK9kCaSMmEugoZWcI7NGbZXzqFWqbpRI7NcDP9+WIQ+i9U5vqWsqd/zng4kbuAJ6UuKqIzB0upYrLShfQE3SAck8oaLhJqqq56VfDuASNpJKidV+zq27HfSBmbXnkR/5AK337dc3MXKJypoK/QPMLKUAP5XLPbs+NddJQV7EZXd29DLgp+fRIg3edpKdO7ZErWhv7d+3Kws+e1Y+ypmR2WIVSwVyBEUfgv2C8Ts9gnTF4pNcEY/S2aBicz5Ew2+jdyGNQQ==\
        \ test@example.com\\n\"\r\n            }\r\n          ]\r\n        },\r\n\
        \        \"provisionVMAgent\": true,\r\n        \"enableVMAgentPlatformUpdates\"\
        : false\r\n      },\r\n      \"secrets\": [],\r\n      \"allowExtensionOperations\"\
        : true,\r\n      \"requireGuestProvisionSignal\": true\r\n    },\r\n    \"\
        networkProfile\": {\"networkInterfaces\":[{\"id\":\"/subscriptions/00000000-0000-0000-0000-000000000000/resourceGroups/cli_test_vmss_create_user_data000001/providers/Microsoft.Compute/virtualMachineScaleSets/vmss-custom-data/virtualMachines/2/networkInterfaces/vmssce4aaNic\"\
        }]},\r\n    \"provisioningState\": \"Updating\",\r\n    \"timeCreated\": \"\
        2023-02-17T02:01:12.5437352+00:00\"\r\n  }\r\n}"
    headers:
      azure-asyncnotification:
      - Enabled
      azure-asyncoperation:
      - https://management.azure.com/subscriptions/00000000-0000-0000-0000-000000000000/providers/Microsoft.Compute/locations/westus/operations/048b9dae-8b99-4d5c-8617-3c4b78cc04cc?p=571046f6-b640-41c1-86f7-f9f044b5adf9&api-version=2022-11-01
      cache-control:
      - no-cache
      content-length:
      - '4233'
      content-type:
      - application/json; charset=utf-8
      date:
      - Fri, 17 Feb 2023 02:03:52 GMT
      expires:
      - '-1'
      pragma:
      - no-cache
      server:
      - Microsoft-HTTPAPI/2.0
      - Microsoft-HTTPAPI/2.0
      strict-transport-security:
      - max-age=31536000; includeSubDomains
      transfer-encoding:
      - chunked
      vary:
      - Accept-Encoding
      x-content-type-options:
      - nosniff
      x-ms-ratelimit-remaining-resource:
      - Microsoft.Compute/VMScaleSetActions3Min;235,Microsoft.Compute/VMScaleSetActions30Min;1177,Microsoft.Compute/VmssQueuedVMOperations;0
      x-ms-ratelimit-remaining-subscription-writes:
      - '1195'
      x-ms-request-charge:
      - '0'
    status:
      code: 200
      message: OK
- request:
    body: null
    headers:
      Accept:
      - '*/*'
      Accept-Encoding:
      - gzip, deflate
      CommandName:
      - vmss update
      Connection:
      - keep-alive
      ParameterSetName:
      - -g -n --instance-id --user-data
      User-Agent:
      - AZURECLI/2.45.0 azsdk-python-azure-mgmt-compute/29.1.0 Python/3.10.9 (Windows-10-10.0.22621-SP0)
    method: GET
    uri: https://management.azure.com/subscriptions/00000000-0000-0000-0000-000000000000/providers/Microsoft.Compute/locations/westus/operations/048b9dae-8b99-4d5c-8617-3c4b78cc04cc?p=571046f6-b640-41c1-86f7-f9f044b5adf9&api-version=2022-11-01
  response:
    body:
      string: "{\r\n  \"startTime\": \"2023-02-17T02:03:50.7957505+00:00\",\r\n  \"\
        endTime\": \"2023-02-17T02:03:50.9363933+00:00\",\r\n  \"status\": \"Succeeded\"\
        ,\r\n  \"name\": \"048b9dae-8b99-4d5c-8617-3c4b78cc04cc\"\r\n}"
    headers:
      cache-control:
      - no-cache
      content-length:
      - '184'
      content-type:
      - application/json; charset=utf-8
      date:
      - Fri, 17 Feb 2023 02:04:22 GMT
      expires:
      - '-1'
      pragma:
      - no-cache
      server:
      - Microsoft-HTTPAPI/2.0
      - Microsoft-HTTPAPI/2.0
      strict-transport-security:
      - max-age=31536000; includeSubDomains
      transfer-encoding:
      - chunked
      vary:
      - Accept-Encoding
      x-content-type-options:
      - nosniff
      x-ms-ratelimit-remaining-resource:
      - Microsoft.Compute/GetOperation3Min;14878,Microsoft.Compute/GetOperation30Min;29110
    status:
      code: 200
      message: OK
- request:
    body: null
    headers:
      Accept:
      - '*/*'
      Accept-Encoding:
      - gzip, deflate
      CommandName:
      - vmss update
      Connection:
      - keep-alive
      ParameterSetName:
      - -g -n --instance-id --user-data
      User-Agent:
      - AZURECLI/2.45.0 azsdk-python-azure-mgmt-compute/29.1.0 Python/3.10.9 (Windows-10-10.0.22621-SP0)
    method: GET
    uri: https://management.azure.com/subscriptions/00000000-0000-0000-0000-000000000000/resourceGroups/cli_test_vmss_create_user_data000001/providers/Microsoft.Compute/virtualMachineScaleSets/vmss-custom-data/virtualMachines/2?api-version=2022-11-01
  response:
    body:
      string: "{\r\n  \"name\": \"vmss-custom-data_2\",\r\n  \"id\": \"/subscriptions/00000000-0000-0000-0000-000000000000/resourceGroups/cli_test_vmss_create_user_data000001/providers/Microsoft.Compute/virtualMachineScaleSets/vmss-custom-data/virtualMachines/2\"\
        ,\r\n  \"type\": \"Microsoft.Compute/virtualMachineScaleSets/virtualMachines\"\
        ,\r\n  \"location\": \"westus\",\r\n  \"tags\": {},\r\n  \"instanceId\": \"\
        2\",\r\n  \"sku\": {\r\n    \"name\": \"Standard_DS1_v2\",\r\n    \"tier\"\
        : \"Standard\"\r\n  },\r\n  \"properties\": {\r\n    \"latestModelApplied\"\
        : false,\r\n    \"modelDefinitionApplied\": \"VirtualMachineScaleSet\",\r\n\
        \    \"networkProfileConfiguration\": {\"networkInterfaceConfigurations\"\
        :[{\"name\":\"vmssce4aaNic\",\"properties\":{\"primary\":true,\"disableTcpStateTracking\"\
        :false,\"dnsSettings\":{\"dnsServers\":[]},\"enableIPForwarding\":false,\"\
        ipConfigurations\":[{\"name\":\"vmssce4aaIPConfig\",\"properties\":{\"subnet\"\
        :{\"id\":\"/subscriptions/00000000-0000-0000-0000-000000000000/resourceGroups/cli_test_vmss_create_user_data000001/providers/Microsoft.Network/virtualNetworks/vmss-custom-dataVNET/subnets/vmss-custom-dataSubnet\"\
        },\"privateIPAddressVersion\":\"IPv4\",\"loadBalancerBackendAddressPools\"\
        :[{\"id\":\"/subscriptions/00000000-0000-0000-0000-000000000000/resourceGroups/cli_test_vmss_create_user_data000001/providers/Microsoft.Network/loadBalancers/vmss-custom-dataLB/backendAddressPools/vmss-custom-dataLBBEPool\"\
        }],\"loadBalancerInboundNatPools\":[{\"id\":\"/subscriptions/00000000-0000-0000-0000-000000000000/resourceGroups/cli_test_vmss_create_user_data000001/providers/Microsoft.Network/loadBalancers/vmss-custom-dataLB/inboundNatPools/vmss-custom-dataLBNatPool\"\
        }]}}]}}]},\r\n    \"vmId\": \"dd34ac9e-5426-4518-8ffd-307fa03e224e\",\r\n\
        \    \"hardwareProfile\": {\r\n      \"vmSize\": \"Standard_DS1_v2\"\r\n \
        \   },\r\n    \"storageProfile\": {\r\n      \"imageReference\": {\r\n   \
        \     \"publisher\": \"Debian\",\r\n        \"offer\": \"debian-10\",\r\n\
        \        \"sku\": \"10\",\r\n        \"version\": \"latest\",\r\n        \"\
        exactVersion\": \"0.20221224.1239\"\r\n      },\r\n      \"osDisk\": {\r\n\
        \        \"osType\": \"Linux\",\r\n        \"name\": \"vmss-custom-data_vmss-custom-data_2_OsDisk_1_a63e18419c724ffe8454994c0dc1a858\"\
        ,\r\n        \"createOption\": \"FromImage\",\r\n        \"caching\": \"ReadWrite\"\
        ,\r\n        \"managedDisk\": {\r\n          \"storageAccountType\": \"Premium_LRS\"\
        ,\r\n          \"id\": \"/subscriptions/00000000-0000-0000-0000-000000000000/resourceGroups/cli_test_vmss_create_user_data000001/providers/Microsoft.Compute/disks/vmss-custom-data_vmss-custom-data_2_OsDisk_1_a63e18419c724ffe8454994c0dc1a858\"\
        \r\n        },\r\n        \"diskSizeGB\": 30\r\n      },\r\n      \"dataDisks\"\
        : []\r\n    },\r\n    \"osProfile\": {\r\n      \"computerName\": \"vmssce4aa000002\"\
        ,\r\n      \"adminUsername\": \"deploy\",\r\n      \"linuxConfiguration\"\
        : {\r\n        \"disablePasswordAuthentication\": true,\r\n        \"ssh\"\
        : {\r\n          \"publicKeys\": [\r\n            {\r\n              \"path\"\
        : \"/home/deploy/.ssh/authorized_keys\",\r\n              \"keyData\": \"\
        ssh-rsa AAAAB3NzaC1yc2EAAAADAQABAAACAQCbIg1guRHbI0lV11wWDt1r2cUdcNd27CJsg+SfgC7miZeubtwUhbsPdhMQsfDyhOWHq1+ZL0M+nJZV63d/1dhmhtgyOqejUwrPlzKhydsbrsdUor+JmNJDdW01v7BXHyuymT8G4s09jCasNOwiufbP/qp72ruu0bIA1nySsvlf9pCQAuFkAnVnf/rFhUlOkhtRpwcq8SUNY2zRHR/EKb/4NWY1JzR4sa3q2fWIJdrrX0DvLoa5g9bIEd4Df79ba7v+yiUBOS0zT2ll+z4g9izHK3EO5d8hL4jYxcjKs+wcslSYRWrascfscLgMlMGh0CdKeNTDjHpGPncaf3Z+FwwwjWeuiNBxv7bJo13/8B/098KlVDl4GZqsoBCEjPyJfV6hO0y/LkRGkk7oHWKgeWAfKtfLItRp00eZ4fcJNK9kCaSMmEugoZWcI7NGbZXzqFWqbpRI7NcDP9+WIQ+i9U5vqWsqd/zng4kbuAJ6UuKqIzB0upYrLShfQE3SAck8oaLhJqqq56VfDuASNpJKidV+zq27HfSBmbXnkR/5AK337dc3MXKJypoK/QPMLKUAP5XLPbs+NddJQV7EZXd29DLgp+fRIg3edpKdO7ZErWhv7d+3Kws+e1Y+ypmR2WIVSwVyBEUfgv2C8Ts9gnTF4pNcEY/S2aBicz5Ew2+jdyGNQQ==\
        \ test@example.com\\n\"\r\n            }\r\n          ]\r\n        },\r\n\
        \        \"provisionVMAgent\": true,\r\n        \"enableVMAgentPlatformUpdates\"\
        : false\r\n      },\r\n      \"secrets\": [],\r\n      \"allowExtensionOperations\"\
        : true,\r\n      \"requireGuestProvisionSignal\": true\r\n    },\r\n    \"\
        networkProfile\": {\"networkInterfaces\":[{\"id\":\"/subscriptions/00000000-0000-0000-0000-000000000000/resourceGroups/cli_test_vmss_create_user_data000001/providers/Microsoft.Compute/virtualMachineScaleSets/vmss-custom-data/virtualMachines/2/networkInterfaces/vmssce4aaNic\"\
        }]},\r\n    \"provisioningState\": \"Succeeded\",\r\n    \"timeCreated\":\
        \ \"2023-02-17T02:01:12.5437352+00:00\"\r\n  }\r\n}"
    headers:
      cache-control:
      - no-cache
      content-length:
      - '4234'
      content-type:
      - application/json; charset=utf-8
      date:
      - Fri, 17 Feb 2023 02:04:23 GMT
      expires:
      - '-1'
      pragma:
      - no-cache
      server:
      - Microsoft-HTTPAPI/2.0
      - Microsoft-HTTPAPI/2.0
      strict-transport-security:
      - max-age=31536000; includeSubDomains
      transfer-encoding:
      - chunked
      vary:
      - Accept-Encoding
      x-content-type-options:
      - nosniff
      x-ms-ratelimit-remaining-resource:
      - Microsoft.Compute/GetVMScaleSetVM3Min;990,Microsoft.Compute/GetVMScaleSetVM30Min;4957,Microsoft.Compute/VMScaleSetVMViews3Min;4982
      x-ms-request-charge:
      - '1'
    status:
      code: 200
      message: OK
- request:
    body: null
    headers:
      Accept:
      - application/json
      Accept-Encoding:
      - gzip, deflate
      CommandName:
      - vmss show
      Connection:
      - keep-alive
      ParameterSetName:
      - -g -n --instance-id --include-user-data
      User-Agent:
      - AZURECLI/2.45.0 azsdk-python-azure-mgmt-compute/29.1.0 Python/3.10.9 (Windows-10-10.0.22621-SP0)
    method: GET
    uri: https://management.azure.com/subscriptions/00000000-0000-0000-0000-000000000000/resourceGroups/cli_test_vmss_create_user_data000001/providers/Microsoft.Compute/virtualMachineScaleSets/vmss-custom-data/virtualMachines/2?$expand=userData&api-version=2022-11-01
  response:
    body:
      string: "{\r\n  \"name\": \"vmss-custom-data_2\",\r\n  \"id\": \"/subscriptions/00000000-0000-0000-0000-000000000000/resourceGroups/cli_test_vmss_create_user_data000001/providers/Microsoft.Compute/virtualMachineScaleSets/vmss-custom-data/virtualMachines/2\"\
        ,\r\n  \"type\": \"Microsoft.Compute/virtualMachineScaleSets/virtualMachines\"\
        ,\r\n  \"location\": \"westus\",\r\n  \"tags\": {},\r\n  \"instanceId\": \"\
        2\",\r\n  \"sku\": {\r\n    \"name\": \"Standard_DS1_v2\",\r\n    \"tier\"\
        : \"Standard\"\r\n  },\r\n  \"properties\": {\r\n    \"latestModelApplied\"\
        : false,\r\n    \"modelDefinitionApplied\": \"VirtualMachineScaleSet\",\r\n\
        \    \"networkProfileConfiguration\": {\"networkInterfaceConfigurations\"\
        :[{\"name\":\"vmssce4aaNic\",\"properties\":{\"primary\":true,\"disableTcpStateTracking\"\
        :false,\"dnsSettings\":{\"dnsServers\":[]},\"enableIPForwarding\":false,\"\
        ipConfigurations\":[{\"name\":\"vmssce4aaIPConfig\",\"properties\":{\"subnet\"\
        :{\"id\":\"/subscriptions/00000000-0000-0000-0000-000000000000/resourceGroups/cli_test_vmss_create_user_data000001/providers/Microsoft.Network/virtualNetworks/vmss-custom-dataVNET/subnets/vmss-custom-dataSubnet\"\
        },\"privateIPAddressVersion\":\"IPv4\",\"loadBalancerBackendAddressPools\"\
        :[{\"id\":\"/subscriptions/00000000-0000-0000-0000-000000000000/resourceGroups/cli_test_vmss_create_user_data000001/providers/Microsoft.Network/loadBalancers/vmss-custom-dataLB/backendAddressPools/vmss-custom-dataLBBEPool\"\
        }],\"loadBalancerInboundNatPools\":[{\"id\":\"/subscriptions/00000000-0000-0000-0000-000000000000/resourceGroups/cli_test_vmss_create_user_data000001/providers/Microsoft.Network/loadBalancers/vmss-custom-dataLB/inboundNatPools/vmss-custom-dataLBNatPool\"\
        }]}}]}}]},\r\n    \"vmId\": \"dd34ac9e-5426-4518-8ffd-307fa03e224e\",\r\n\
        \    \"hardwareProfile\": {\r\n      \"vmSize\": \"Standard_DS1_v2\"\r\n \
        \   },\r\n    \"storageProfile\": {\r\n      \"imageReference\": {\r\n   \
        \     \"publisher\": \"Debian\",\r\n        \"offer\": \"debian-10\",\r\n\
        \        \"sku\": \"10\",\r\n        \"version\": \"latest\",\r\n        \"\
        exactVersion\": \"0.20221224.1239\"\r\n      },\r\n      \"osDisk\": {\r\n\
        \        \"osType\": \"Linux\",\r\n        \"name\": \"vmss-custom-data_vmss-custom-data_2_OsDisk_1_a63e18419c724ffe8454994c0dc1a858\"\
        ,\r\n        \"createOption\": \"FromImage\",\r\n        \"caching\": \"ReadWrite\"\
        ,\r\n        \"managedDisk\": {\r\n          \"storageAccountType\": \"Premium_LRS\"\
        ,\r\n          \"id\": \"/subscriptions/00000000-0000-0000-0000-000000000000/resourceGroups/cli_test_vmss_create_user_data000001/providers/Microsoft.Compute/disks/vmss-custom-data_vmss-custom-data_2_OsDisk_1_a63e18419c724ffe8454994c0dc1a858\"\
        \r\n        },\r\n        \"diskSizeGB\": 30\r\n      },\r\n      \"dataDisks\"\
        : []\r\n    },\r\n    \"osProfile\": {\r\n      \"computerName\": \"vmssce4aa000002\"\
        ,\r\n      \"adminUsername\": \"deploy\",\r\n      \"linuxConfiguration\"\
        : {\r\n        \"disablePasswordAuthentication\": true,\r\n        \"ssh\"\
        : {\r\n          \"publicKeys\": [\r\n            {\r\n              \"path\"\
        : \"/home/deploy/.ssh/authorized_keys\",\r\n              \"keyData\": \"\
        ssh-rsa AAAAB3NzaC1yc2EAAAADAQABAAACAQCbIg1guRHbI0lV11wWDt1r2cUdcNd27CJsg+SfgC7miZeubtwUhbsPdhMQsfDyhOWHq1+ZL0M+nJZV63d/1dhmhtgyOqejUwrPlzKhydsbrsdUor+JmNJDdW01v7BXHyuymT8G4s09jCasNOwiufbP/qp72ruu0bIA1nySsvlf9pCQAuFkAnVnf/rFhUlOkhtRpwcq8SUNY2zRHR/EKb/4NWY1JzR4sa3q2fWIJdrrX0DvLoa5g9bIEd4Df79ba7v+yiUBOS0zT2ll+z4g9izHK3EO5d8hL4jYxcjKs+wcslSYRWrascfscLgMlMGh0CdKeNTDjHpGPncaf3Z+FwwwjWeuiNBxv7bJo13/8B/098KlVDl4GZqsoBCEjPyJfV6hO0y/LkRGkk7oHWKgeWAfKtfLItRp00eZ4fcJNK9kCaSMmEugoZWcI7NGbZXzqFWqbpRI7NcDP9+WIQ+i9U5vqWsqd/zng4kbuAJ6UuKqIzB0upYrLShfQE3SAck8oaLhJqqq56VfDuASNpJKidV+zq27HfSBmbXnkR/5AK337dc3MXKJypoK/QPMLKUAP5XLPbs+NddJQV7EZXd29DLgp+fRIg3edpKdO7ZErWhv7d+3Kws+e1Y+ypmR2WIVSwVyBEUfgv2C8Ts9gnTF4pNcEY/S2aBicz5Ew2+jdyGNQQ==\
        \ test@example.com\\n\"\r\n            }\r\n          ]\r\n        },\r\n\
        \        \"provisionVMAgent\": true,\r\n        \"enableVMAgentPlatformUpdates\"\
        : false\r\n      },\r\n      \"secrets\": [],\r\n      \"allowExtensionOperations\"\
        : true,\r\n      \"requireGuestProvisionSignal\": true\r\n    },\r\n    \"\
        userData\": \"I2Nsb3VkLWNvbmZpZwpob3N0bmFtZTogbXlWTWhvc3RuYW1l\",\r\n    \"\
        networkProfile\": {\"networkInterfaces\":[{\"id\":\"/subscriptions/00000000-0000-0000-0000-000000000000/resourceGroups/cli_test_vmss_create_user_data000001/providers/Microsoft.Compute/virtualMachineScaleSets/vmss-custom-data/virtualMachines/2/networkInterfaces/vmssce4aaNic\"\
        }]},\r\n    \"provisioningState\": \"Succeeded\",\r\n    \"timeCreated\":\
        \ \"2023-02-17T02:01:12.5437352+00:00\"\r\n  }\r\n}"
    headers:
      cache-control:
      - no-cache
      content-length:
      - '4303'
      content-type:
      - application/json; charset=utf-8
      date:
      - Fri, 17 Feb 2023 02:04:26 GMT
      expires:
      - '-1'
      pragma:
      - no-cache
      server:
      - Microsoft-HTTPAPI/2.0
      - Microsoft-HTTPAPI/2.0
      strict-transport-security:
      - max-age=31536000; includeSubDomains
      transfer-encoding:
      - chunked
      vary:
      - Accept-Encoding
      x-content-type-options:
      - nosniff
      x-ms-ratelimit-remaining-resource:
      - Microsoft.Compute/GetVMScaleSetVM3Min;989,Microsoft.Compute/GetVMScaleSetVM30Min;4956,Microsoft.Compute/VMScaleSetVMViews3Min;4981
      x-ms-request-charge:
      - '1'
    status:
      code: 200
      message: OK
- request:
    body: null
    headers:
      Accept:
      - application/json
      Accept-Encoding:
      - gzip, deflate
      CommandName:
      - vmss update
      Connection:
      - keep-alive
      ParameterSetName:
      - -g -n --user-data
      User-Agent:
      - AZURECLI/2.45.0 azsdk-python-azure-mgmt-compute/29.1.0 Python/3.10.9 (Windows-10-10.0.22621-SP0)
    method: GET
    uri: https://management.azure.com/subscriptions/00000000-0000-0000-0000-000000000000/resourceGroups/cli_test_vmss_create_user_data000001/providers/Microsoft.Compute/virtualMachineScaleSets/vmss-custom-data?api-version=2022-11-01
  response:
    body:
      string: "{\r\n  \"name\": \"vmss-custom-data\",\r\n  \"id\": \"/subscriptions/00000000-0000-0000-0000-000000000000/resourceGroups/cli_test_vmss_create_user_data000001/providers/Microsoft.Compute/virtualMachineScaleSets/vmss-custom-data\"\
        ,\r\n  \"type\": \"Microsoft.Compute/virtualMachineScaleSets\",\r\n  \"location\"\
        : \"westus\",\r\n  \"tags\": {},\r\n  \"sku\": {\r\n    \"name\": \"Standard_DS1_v2\"\
        ,\r\n    \"tier\": \"Standard\",\r\n    \"capacity\": 2\r\n  },\r\n  \"properties\"\
        : {\r\n    \"singlePlacementGroup\": true,\r\n    \"orchestrationMode\": \"\
        Uniform\",\r\n    \"upgradePolicy\": {\r\n      \"mode\": \"Manual\",\r\n\
        \      \"rollingUpgradePolicy\": {\r\n        \"maxBatchInstancePercent\"\
        : 20,\r\n        \"maxUnhealthyInstancePercent\": 20,\r\n        \"maxUnhealthyUpgradedInstancePercent\"\
        : 20,\r\n        \"pauseTimeBetweenBatches\": \"PT0S\",\r\n        \"maxSurge\"\
        : false,\r\n        \"rollbackFailedInstancesOnPolicyBreach\": false\r\n \
        \     }\r\n    },\r\n    \"virtualMachineProfile\": {\r\n      \"osProfile\"\
        : {\r\n        \"computerNamePrefix\": \"vmssce4aa\",\r\n        \"adminUsername\"\
        : \"deploy\",\r\n        \"linuxConfiguration\": {\r\n          \"disablePasswordAuthentication\"\
        : true,\r\n          \"ssh\": {\r\n            \"publicKeys\": [\r\n     \
        \         {\r\n                \"path\": \"/home/deploy/.ssh/authorized_keys\"\
        ,\r\n                \"keyData\": \"ssh-rsa AAAAB3NzaC1yc2EAAAADAQABAAACAQCbIg1guRHbI0lV11wWDt1r2cUdcNd27CJsg+SfgC7miZeubtwUhbsPdhMQsfDyhOWHq1+ZL0M+nJZV63d/1dhmhtgyOqejUwrPlzKhydsbrsdUor+JmNJDdW01v7BXHyuymT8G4s09jCasNOwiufbP/qp72ruu0bIA1nySsvlf9pCQAuFkAnVnf/rFhUlOkhtRpwcq8SUNY2zRHR/EKb/4NWY1JzR4sa3q2fWIJdrrX0DvLoa5g9bIEd4Df79ba7v+yiUBOS0zT2ll+z4g9izHK3EO5d8hL4jYxcjKs+wcslSYRWrascfscLgMlMGh0CdKeNTDjHpGPncaf3Z+FwwwjWeuiNBxv7bJo13/8B/098KlVDl4GZqsoBCEjPyJfV6hO0y/LkRGkk7oHWKgeWAfKtfLItRp00eZ4fcJNK9kCaSMmEugoZWcI7NGbZXzqFWqbpRI7NcDP9+WIQ+i9U5vqWsqd/zng4kbuAJ6UuKqIzB0upYrLShfQE3SAck8oaLhJqqq56VfDuASNpJKidV+zq27HfSBmbXnkR/5AK337dc3MXKJypoK/QPMLKUAP5XLPbs+NddJQV7EZXd29DLgp+fRIg3edpKdO7ZErWhv7d+3Kws+e1Y+ypmR2WIVSwVyBEUfgv2C8Ts9gnTF4pNcEY/S2aBicz5Ew2+jdyGNQQ==\
        \ test@example.com\\n\"\r\n              }\r\n            ]\r\n          },\r\
        \n          \"provisionVMAgent\": true,\r\n          \"enableVMAgentPlatformUpdates\"\
        : false\r\n        },\r\n        \"secrets\": [],\r\n        \"allowExtensionOperations\"\
        : true,\r\n        \"requireGuestProvisionSignal\": true\r\n      },\r\n \
        \     \"storageProfile\": {\r\n        \"osDisk\": {\r\n          \"osType\"\
        : \"Linux\",\r\n          \"createOption\": \"FromImage\",\r\n          \"\
        caching\": \"ReadWrite\",\r\n          \"managedDisk\": {\r\n            \"\
        storageAccountType\": \"Premium_LRS\"\r\n          },\r\n          \"diskSizeGB\"\
        : 30\r\n        },\r\n        \"imageReference\": {\r\n          \"publisher\"\
        : \"Debian\",\r\n          \"offer\": \"debian-10\",\r\n          \"sku\"\
        : \"10\",\r\n          \"version\": \"latest\"\r\n        }\r\n      },\r\n\
        \      \"networkProfile\": {\"networkInterfaceConfigurations\":[{\"name\"\
        :\"vmssce4aaNic\",\"properties\":{\"primary\":true,\"disableTcpStateTracking\"\
        :false,\"dnsSettings\":{\"dnsServers\":[]},\"enableIPForwarding\":false,\"\
        ipConfigurations\":[{\"name\":\"vmssce4aaIPConfig\",\"properties\":{\"subnet\"\
        :{\"id\":\"/subscriptions/00000000-0000-0000-0000-000000000000/resourceGroups/cli_test_vmss_create_user_data000001/providers/Microsoft.Network/virtualNetworks/vmss-custom-dataVNET/subnets/vmss-custom-dataSubnet\"\
        },\"privateIPAddressVersion\":\"IPv4\",\"loadBalancerBackendAddressPools\"\
        :[{\"id\":\"/subscriptions/00000000-0000-0000-0000-000000000000/resourceGroups/cli_test_vmss_create_user_data000001/providers/Microsoft.Network/loadBalancers/vmss-custom-dataLB/backendAddressPools/vmss-custom-dataLBBEPool\"\
        }],\"loadBalancerInboundNatPools\":[{\"id\":\"/subscriptions/00000000-0000-0000-0000-000000000000/resourceGroups/cli_test_vmss_create_user_data000001/providers/Microsoft.Network/loadBalancers/vmss-custom-dataLB/inboundNatPools/vmss-custom-dataLBNatPool\"\
        }]}}]}}]}\r\n    },\r\n    \"provisioningState\": \"Succeeded\",\r\n    \"\
        overprovision\": true,\r\n    \"doNotRunExtensionsOnOverprovisionedVMs\":\
        \ false,\r\n    \"uniqueId\": \"195ebebc-e38b-4943-9fed-bafbd4117c23\",\r\n\
        \    \"timeCreated\": \"2023-02-17T02:01:12.4968248+00:00\"\r\n  }\r\n}"
    headers:
      cache-control:
      - no-cache
      content-length:
      - '3978'
      content-type:
      - application/json; charset=utf-8
      date:
      - Fri, 17 Feb 2023 02:04:28 GMT
      expires:
      - '-1'
      pragma:
      - no-cache
      server:
      - Microsoft-HTTPAPI/2.0
      - Microsoft-HTTPAPI/2.0
      strict-transport-security:
      - max-age=31536000; includeSubDomains
      transfer-encoding:
      - chunked
      vary:
      - Accept-Encoding
      x-content-type-options:
      - nosniff
      x-ms-ratelimit-remaining-resource:
      - Microsoft.Compute/GetVMScaleSet3Min;308,Microsoft.Compute/GetVMScaleSet30Min;2133
    status:
      code: 200
      message: OK
- request:
    body: '{"location": "westus", "tags": {}, "sku": {"name": "Standard_DS1_v2", "tier":
      "Standard", "capacity": 2}, "properties": {"upgradePolicy": {"mode": "Manual",
      "rollingUpgradePolicy": {"maxBatchInstancePercent": 20, "maxUnhealthyInstancePercent":
      20, "maxUnhealthyUpgradedInstancePercent": 20, "pauseTimeBetweenBatches": "PT0S",
      "rollbackFailedInstancesOnPolicyBreach": false, "maxSurge": false}}, "virtualMachineProfile":
      {"osProfile": {"computerNamePrefix": "vmssce4aa", "adminUsername": "deploy",
      "linuxConfiguration": {"disablePasswordAuthentication": true, "ssh": {"publicKeys":
      [{"path": "/home/deploy/.ssh/authorized_keys", "keyData": "ssh-rsa AAAAB3NzaC1yc2EAAAADAQABAAACAQCbIg1guRHbI0lV11wWDt1r2cUdcNd27CJsg+SfgC7miZeubtwUhbsPdhMQsfDyhOWHq1+ZL0M+nJZV63d/1dhmhtgyOqejUwrPlzKhydsbrsdUor+JmNJDdW01v7BXHyuymT8G4s09jCasNOwiufbP/qp72ruu0bIA1nySsvlf9pCQAuFkAnVnf/rFhUlOkhtRpwcq8SUNY2zRHR/EKb/4NWY1JzR4sa3q2fWIJdrrX0DvLoa5g9bIEd4Df79ba7v+yiUBOS0zT2ll+z4g9izHK3EO5d8hL4jYxcjKs+wcslSYRWrascfscLgMlMGh0CdKeNTDjHpGPncaf3Z+FwwwjWeuiNBxv7bJo13/8B/098KlVDl4GZqsoBCEjPyJfV6hO0y/LkRGkk7oHWKgeWAfKtfLItRp00eZ4fcJNK9kCaSMmEugoZWcI7NGbZXzqFWqbpRI7NcDP9+WIQ+i9U5vqWsqd/zng4kbuAJ6UuKqIzB0upYrLShfQE3SAck8oaLhJqqq56VfDuASNpJKidV+zq27HfSBmbXnkR/5AK337dc3MXKJypoK/QPMLKUAP5XLPbs+NddJQV7EZXd29DLgp+fRIg3edpKdO7ZErWhv7d+3Kws+e1Y+ypmR2WIVSwVyBEUfgv2C8Ts9gnTF4pNcEY/S2aBicz5Ew2+jdyGNQQ==
      test@example.com\n"}]}, "provisionVMAgent": true, "enableVMAgentPlatformUpdates":
      false}, "secrets": [], "allowExtensionOperations": true, "requireGuestProvisionSignal":
      true}, "storageProfile": {"osDisk": {"caching": "ReadWrite", "createOption":
      "FromImage", "diskSizeGB": 30, "osType": "Linux", "managedDisk": {"storageAccountType":
      "Premium_LRS"}}}, "networkProfile": {"networkInterfaceConfigurations": [{"name":
      "vmssce4aaNic", "properties": {"primary": true, "disableTcpStateTracking": false,
      "dnsSettings": {"dnsServers": []}, "ipConfigurations": [{"name": "vmssce4aaIPConfig",
      "properties": {"subnet": {"id": "/subscriptions/00000000-0000-0000-0000-000000000000/resourceGroups/cli_test_vmss_create_user_data000001/providers/Microsoft.Network/virtualNetworks/vmss-custom-dataVNET/subnets/vmss-custom-dataSubnet"},
      "privateIPAddressVersion": "IPv4", "loadBalancerBackendAddressPools": [{"id":
      "/subscriptions/00000000-0000-0000-0000-000000000000/resourceGroups/cli_test_vmss_create_user_data000001/providers/Microsoft.Network/loadBalancers/vmss-custom-dataLB/backendAddressPools/vmss-custom-dataLBBEPool"}],
      "loadBalancerInboundNatPools": [{"id": "/subscriptions/00000000-0000-0000-0000-000000000000/resourceGroups/cli_test_vmss_create_user_data000001/providers/Microsoft.Network/loadBalancers/vmss-custom-dataLB/inboundNatPools/vmss-custom-dataLBNatPool"}]}}],
      "enableIPForwarding": false}}]}, "userData": ""}, "overprovision": true, "doNotRunExtensionsOnOverprovisionedVMs":
      false, "singlePlacementGroup": true, "orchestrationMode": "Uniform"}}'
    headers:
      Accept:
      - application/json
      Accept-Encoding:
      - gzip, deflate
      CommandName:
      - vmss update
      Connection:
      - keep-alive
      Content-Length:
      - '2916'
      Content-Type:
      - application/json
      ParameterSetName:
      - -g -n --user-data
      User-Agent:
      - AZURECLI/2.45.0 azsdk-python-azure-mgmt-compute/29.1.0 Python/3.10.9 (Windows-10-10.0.22621-SP0)
    method: PUT
    uri: https://management.azure.com/subscriptions/00000000-0000-0000-0000-000000000000/resourceGroups/cli_test_vmss_create_user_data000001/providers/Microsoft.Compute/virtualMachineScaleSets/vmss-custom-data?api-version=2022-11-01
  response:
    body:
      string: "{\r\n  \"name\": \"vmss-custom-data\",\r\n  \"id\": \"/subscriptions/00000000-0000-0000-0000-000000000000/resourceGroups/cli_test_vmss_create_user_data000001/providers/Microsoft.Compute/virtualMachineScaleSets/vmss-custom-data\"\
        ,\r\n  \"type\": \"Microsoft.Compute/virtualMachineScaleSets\",\r\n  \"location\"\
        : \"westus\",\r\n  \"tags\": {},\r\n  \"sku\": {\r\n    \"name\": \"Standard_DS1_v2\"\
        ,\r\n    \"tier\": \"Standard\",\r\n    \"capacity\": 2\r\n  },\r\n  \"properties\"\
        : {\r\n    \"singlePlacementGroup\": true,\r\n    \"orchestrationMode\": \"\
        Uniform\",\r\n    \"upgradePolicy\": {\r\n      \"mode\": \"Manual\",\r\n\
        \      \"rollingUpgradePolicy\": {\r\n        \"maxBatchInstancePercent\"\
        : 20,\r\n        \"maxUnhealthyInstancePercent\": 20,\r\n        \"maxUnhealthyUpgradedInstancePercent\"\
        : 20,\r\n        \"pauseTimeBetweenBatches\": \"PT0S\",\r\n        \"maxSurge\"\
        : false,\r\n        \"rollbackFailedInstancesOnPolicyBreach\": false\r\n \
        \     }\r\n    },\r\n    \"virtualMachineProfile\": {\r\n      \"osProfile\"\
        : {\r\n        \"computerNamePrefix\": \"vmssce4aa\",\r\n        \"adminUsername\"\
        : \"deploy\",\r\n        \"linuxConfiguration\": {\r\n          \"disablePasswordAuthentication\"\
        : true,\r\n          \"ssh\": {\r\n            \"publicKeys\": [\r\n     \
        \         {\r\n                \"path\": \"/home/deploy/.ssh/authorized_keys\"\
        ,\r\n                \"keyData\": \"ssh-rsa AAAAB3NzaC1yc2EAAAADAQABAAACAQCbIg1guRHbI0lV11wWDt1r2cUdcNd27CJsg+SfgC7miZeubtwUhbsPdhMQsfDyhOWHq1+ZL0M+nJZV63d/1dhmhtgyOqejUwrPlzKhydsbrsdUor+JmNJDdW01v7BXHyuymT8G4s09jCasNOwiufbP/qp72ruu0bIA1nySsvlf9pCQAuFkAnVnf/rFhUlOkhtRpwcq8SUNY2zRHR/EKb/4NWY1JzR4sa3q2fWIJdrrX0DvLoa5g9bIEd4Df79ba7v+yiUBOS0zT2ll+z4g9izHK3EO5d8hL4jYxcjKs+wcslSYRWrascfscLgMlMGh0CdKeNTDjHpGPncaf3Z+FwwwjWeuiNBxv7bJo13/8B/098KlVDl4GZqsoBCEjPyJfV6hO0y/LkRGkk7oHWKgeWAfKtfLItRp00eZ4fcJNK9kCaSMmEugoZWcI7NGbZXzqFWqbpRI7NcDP9+WIQ+i9U5vqWsqd/zng4kbuAJ6UuKqIzB0upYrLShfQE3SAck8oaLhJqqq56VfDuASNpJKidV+zq27HfSBmbXnkR/5AK337dc3MXKJypoK/QPMLKUAP5XLPbs+NddJQV7EZXd29DLgp+fRIg3edpKdO7ZErWhv7d+3Kws+e1Y+ypmR2WIVSwVyBEUfgv2C8Ts9gnTF4pNcEY/S2aBicz5Ew2+jdyGNQQ==\
        \ test@example.com\\n\"\r\n              }\r\n            ]\r\n          },\r\
        \n          \"provisionVMAgent\": true,\r\n          \"enableVMAgentPlatformUpdates\"\
        : false\r\n        },\r\n        \"secrets\": [],\r\n        \"allowExtensionOperations\"\
        : true,\r\n        \"requireGuestProvisionSignal\": true\r\n      },\r\n \
        \     \"storageProfile\": {\r\n        \"osDisk\": {\r\n          \"osType\"\
        : \"Linux\",\r\n          \"createOption\": \"FromImage\",\r\n          \"\
        caching\": \"ReadWrite\",\r\n          \"managedDisk\": {\r\n            \"\
        storageAccountType\": \"Premium_LRS\"\r\n          },\r\n          \"diskSizeGB\"\
        : 30\r\n        },\r\n        \"imageReference\": {\r\n          \"publisher\"\
        : \"Debian\",\r\n          \"offer\": \"debian-10\",\r\n          \"sku\"\
        : \"10\",\r\n          \"version\": \"latest\"\r\n        }\r\n      },\r\n\
        \      \"networkProfile\": {\"networkInterfaceConfigurations\":[{\"name\"\
        :\"vmssce4aaNic\",\"properties\":{\"primary\":true,\"disableTcpStateTracking\"\
        :false,\"dnsSettings\":{\"dnsServers\":[]},\"enableIPForwarding\":false,\"\
        ipConfigurations\":[{\"name\":\"vmssce4aaIPConfig\",\"properties\":{\"subnet\"\
        :{\"id\":\"/subscriptions/00000000-0000-0000-0000-000000000000/resourceGroups/cli_test_vmss_create_user_data000001/providers/Microsoft.Network/virtualNetworks/vmss-custom-dataVNET/subnets/vmss-custom-dataSubnet\"\
        },\"privateIPAddressVersion\":\"IPv4\",\"loadBalancerBackendAddressPools\"\
        :[{\"id\":\"/subscriptions/00000000-0000-0000-0000-000000000000/resourceGroups/cli_test_vmss_create_user_data000001/providers/Microsoft.Network/loadBalancers/vmss-custom-dataLB/backendAddressPools/vmss-custom-dataLBBEPool\"\
        }],\"loadBalancerInboundNatPools\":[{\"id\":\"/subscriptions/00000000-0000-0000-0000-000000000000/resourceGroups/cli_test_vmss_create_user_data000001/providers/Microsoft.Network/loadBalancers/vmss-custom-dataLB/inboundNatPools/vmss-custom-dataLBNatPool\"\
        }]}}]}}]}\r\n    },\r\n    \"provisioningState\": \"Updating\",\r\n    \"\
        overprovision\": true,\r\n    \"doNotRunExtensionsOnOverprovisionedVMs\":\
        \ false,\r\n    \"uniqueId\": \"195ebebc-e38b-4943-9fed-bafbd4117c23\",\r\n\
        \    \"timeCreated\": \"2023-02-17T02:01:12.4968248+00:00\"\r\n  }\r\n}"
    headers:
      azure-asyncnotification:
      - Enabled
      azure-asyncoperation:
      - https://management.azure.com/subscriptions/00000000-0000-0000-0000-000000000000/providers/Microsoft.Compute/locations/westus/operations/11d16514-20d6-46a9-a0dd-c2eabf967fe3?p=571046f6-b640-41c1-86f7-f9f044b5adf9&api-version=2022-11-01
      cache-control:
      - no-cache
      content-length:
      - '3977'
      content-type:
      - application/json; charset=utf-8
      date:
      - Fri, 17 Feb 2023 02:04:36 GMT
      expires:
      - '-1'
      pragma:
      - no-cache
      server:
      - Microsoft-HTTPAPI/2.0
      - Microsoft-HTTPAPI/2.0
      strict-transport-security:
      - max-age=31536000; includeSubDomains
      transfer-encoding:
      - chunked
      vary:
      - Accept-Encoding
      x-content-type-options:
      - nosniff
      x-ms-ratelimit-remaining-resource:
      - Microsoft.Compute/CreateVMScaleSet3Min;51,Microsoft.Compute/CreateVMScaleSet30Min;237,Microsoft.Compute/VmssQueuedVMOperations;0
      x-ms-ratelimit-remaining-subscription-writes:
      - '1197'
      x-ms-request-charge:
      - '0'
    status:
      code: 200
      message: OK
- request:
    body: null
    headers:
      Accept:
      - '*/*'
      Accept-Encoding:
      - gzip, deflate
      CommandName:
      - vmss update
      Connection:
      - keep-alive
      ParameterSetName:
      - -g -n --user-data
      User-Agent:
      - AZURECLI/2.45.0 azsdk-python-azure-mgmt-compute/29.1.0 Python/3.10.9 (Windows-10-10.0.22621-SP0)
    method: GET
    uri: https://management.azure.com/subscriptions/00000000-0000-0000-0000-000000000000/providers/Microsoft.Compute/locations/westus/operations/11d16514-20d6-46a9-a0dd-c2eabf967fe3?p=571046f6-b640-41c1-86f7-f9f044b5adf9&api-version=2022-11-01
  response:
    body:
      string: "{\r\n  \"startTime\": \"2023-02-17T02:04:34.4367688+00:00\",\r\n  \"\
        endTime\": \"2023-02-17T02:04:34.5461423+00:00\",\r\n  \"status\": \"Succeeded\"\
        ,\r\n  \"name\": \"11d16514-20d6-46a9-a0dd-c2eabf967fe3\"\r\n}"
    headers:
      cache-control:
      - no-cache
      content-length:
      - '184'
      content-type:
      - application/json; charset=utf-8
      date:
      - Fri, 17 Feb 2023 02:04:46 GMT
      expires:
      - '-1'
      pragma:
      - no-cache
      server:
      - Microsoft-HTTPAPI/2.0
      - Microsoft-HTTPAPI/2.0
      strict-transport-security:
      - max-age=31536000; includeSubDomains
      transfer-encoding:
      - chunked
      vary:
      - Accept-Encoding
      x-content-type-options:
      - nosniff
      x-ms-ratelimit-remaining-resource:
      - Microsoft.Compute/GetOperation3Min;14889,Microsoft.Compute/GetOperation30Min;29094
    status:
      code: 200
      message: OK
- request:
    body: null
    headers:
      Accept:
      - '*/*'
      Accept-Encoding:
      - gzip, deflate
      CommandName:
      - vmss update
      Connection:
      - keep-alive
      ParameterSetName:
      - -g -n --user-data
      User-Agent:
      - AZURECLI/2.45.0 azsdk-python-azure-mgmt-compute/29.1.0 Python/3.10.9 (Windows-10-10.0.22621-SP0)
    method: GET
    uri: https://management.azure.com/subscriptions/00000000-0000-0000-0000-000000000000/resourceGroups/cli_test_vmss_create_user_data000001/providers/Microsoft.Compute/virtualMachineScaleSets/vmss-custom-data?api-version=2022-11-01
  response:
    body:
      string: "{\r\n  \"name\": \"vmss-custom-data\",\r\n  \"id\": \"/subscriptions/00000000-0000-0000-0000-000000000000/resourceGroups/cli_test_vmss_create_user_data000001/providers/Microsoft.Compute/virtualMachineScaleSets/vmss-custom-data\"\
        ,\r\n  \"type\": \"Microsoft.Compute/virtualMachineScaleSets\",\r\n  \"location\"\
        : \"westus\",\r\n  \"tags\": {},\r\n  \"sku\": {\r\n    \"name\": \"Standard_DS1_v2\"\
        ,\r\n    \"tier\": \"Standard\",\r\n    \"capacity\": 2\r\n  },\r\n  \"properties\"\
        : {\r\n    \"singlePlacementGroup\": true,\r\n    \"orchestrationMode\": \"\
        Uniform\",\r\n    \"upgradePolicy\": {\r\n      \"mode\": \"Manual\",\r\n\
        \      \"rollingUpgradePolicy\": {\r\n        \"maxBatchInstancePercent\"\
        : 20,\r\n        \"maxUnhealthyInstancePercent\": 20,\r\n        \"maxUnhealthyUpgradedInstancePercent\"\
        : 20,\r\n        \"pauseTimeBetweenBatches\": \"PT0S\",\r\n        \"maxSurge\"\
        : false,\r\n        \"rollbackFailedInstancesOnPolicyBreach\": false\r\n \
        \     }\r\n    },\r\n    \"virtualMachineProfile\": {\r\n      \"osProfile\"\
        : {\r\n        \"computerNamePrefix\": \"vmssce4aa\",\r\n        \"adminUsername\"\
        : \"deploy\",\r\n        \"linuxConfiguration\": {\r\n          \"disablePasswordAuthentication\"\
        : true,\r\n          \"ssh\": {\r\n            \"publicKeys\": [\r\n     \
        \         {\r\n                \"path\": \"/home/deploy/.ssh/authorized_keys\"\
        ,\r\n                \"keyData\": \"ssh-rsa AAAAB3NzaC1yc2EAAAADAQABAAACAQCbIg1guRHbI0lV11wWDt1r2cUdcNd27CJsg+SfgC7miZeubtwUhbsPdhMQsfDyhOWHq1+ZL0M+nJZV63d/1dhmhtgyOqejUwrPlzKhydsbrsdUor+JmNJDdW01v7BXHyuymT8G4s09jCasNOwiufbP/qp72ruu0bIA1nySsvlf9pCQAuFkAnVnf/rFhUlOkhtRpwcq8SUNY2zRHR/EKb/4NWY1JzR4sa3q2fWIJdrrX0DvLoa5g9bIEd4Df79ba7v+yiUBOS0zT2ll+z4g9izHK3EO5d8hL4jYxcjKs+wcslSYRWrascfscLgMlMGh0CdKeNTDjHpGPncaf3Z+FwwwjWeuiNBxv7bJo13/8B/098KlVDl4GZqsoBCEjPyJfV6hO0y/LkRGkk7oHWKgeWAfKtfLItRp00eZ4fcJNK9kCaSMmEugoZWcI7NGbZXzqFWqbpRI7NcDP9+WIQ+i9U5vqWsqd/zng4kbuAJ6UuKqIzB0upYrLShfQE3SAck8oaLhJqqq56VfDuASNpJKidV+zq27HfSBmbXnkR/5AK337dc3MXKJypoK/QPMLKUAP5XLPbs+NddJQV7EZXd29DLgp+fRIg3edpKdO7ZErWhv7d+3Kws+e1Y+ypmR2WIVSwVyBEUfgv2C8Ts9gnTF4pNcEY/S2aBicz5Ew2+jdyGNQQ==\
        \ test@example.com\\n\"\r\n              }\r\n            ]\r\n          },\r\
        \n          \"provisionVMAgent\": true,\r\n          \"enableVMAgentPlatformUpdates\"\
        : false\r\n        },\r\n        \"secrets\": [],\r\n        \"allowExtensionOperations\"\
        : true,\r\n        \"requireGuestProvisionSignal\": true\r\n      },\r\n \
        \     \"storageProfile\": {\r\n        \"osDisk\": {\r\n          \"osType\"\
        : \"Linux\",\r\n          \"createOption\": \"FromImage\",\r\n          \"\
        caching\": \"ReadWrite\",\r\n          \"managedDisk\": {\r\n            \"\
        storageAccountType\": \"Premium_LRS\"\r\n          },\r\n          \"diskSizeGB\"\
        : 30\r\n        },\r\n        \"imageReference\": {\r\n          \"publisher\"\
        : \"Debian\",\r\n          \"offer\": \"debian-10\",\r\n          \"sku\"\
        : \"10\",\r\n          \"version\": \"latest\"\r\n        }\r\n      },\r\n\
        \      \"networkProfile\": {\"networkInterfaceConfigurations\":[{\"name\"\
        :\"vmssce4aaNic\",\"properties\":{\"primary\":true,\"disableTcpStateTracking\"\
        :false,\"dnsSettings\":{\"dnsServers\":[]},\"enableIPForwarding\":false,\"\
        ipConfigurations\":[{\"name\":\"vmssce4aaIPConfig\",\"properties\":{\"subnet\"\
        :{\"id\":\"/subscriptions/00000000-0000-0000-0000-000000000000/resourceGroups/cli_test_vmss_create_user_data000001/providers/Microsoft.Network/virtualNetworks/vmss-custom-dataVNET/subnets/vmss-custom-dataSubnet\"\
        },\"privateIPAddressVersion\":\"IPv4\",\"loadBalancerBackendAddressPools\"\
        :[{\"id\":\"/subscriptions/00000000-0000-0000-0000-000000000000/resourceGroups/cli_test_vmss_create_user_data000001/providers/Microsoft.Network/loadBalancers/vmss-custom-dataLB/backendAddressPools/vmss-custom-dataLBBEPool\"\
        }],\"loadBalancerInboundNatPools\":[{\"id\":\"/subscriptions/00000000-0000-0000-0000-000000000000/resourceGroups/cli_test_vmss_create_user_data000001/providers/Microsoft.Network/loadBalancers/vmss-custom-dataLB/inboundNatPools/vmss-custom-dataLBNatPool\"\
        }]}}]}}]}\r\n    },\r\n    \"provisioningState\": \"Succeeded\",\r\n    \"\
        overprovision\": true,\r\n    \"doNotRunExtensionsOnOverprovisionedVMs\":\
        \ false,\r\n    \"uniqueId\": \"195ebebc-e38b-4943-9fed-bafbd4117c23\",\r\n\
        \    \"timeCreated\": \"2023-02-17T02:01:12.4968248+00:00\"\r\n  }\r\n}"
    headers:
      cache-control:
      - no-cache
      content-length:
      - '3978'
      content-type:
      - application/json; charset=utf-8
      date:
      - Fri, 17 Feb 2023 02:04:47 GMT
      expires:
      - '-1'
      pragma:
      - no-cache
      server:
      - Microsoft-HTTPAPI/2.0
      - Microsoft-HTTPAPI/2.0
      strict-transport-security:
      - max-age=31536000; includeSubDomains
      transfer-encoding:
      - chunked
      vary:
      - Accept-Encoding
      x-content-type-options:
      - nosniff
      x-ms-ratelimit-remaining-resource:
      - Microsoft.Compute/GetVMScaleSet3Min;301,Microsoft.Compute/GetVMScaleSet30Min;2114
    status:
      code: 200
      message: OK
- request:
    body: null
    headers:
      Accept:
      - application/json
      Accept-Encoding:
      - gzip, deflate
      CommandName:
      - vmss show
      Connection:
      - keep-alive
      ParameterSetName:
      - -n -g --include-user-data
      User-Agent:
      - AZURECLI/2.45.0 azsdk-python-azure-mgmt-compute/29.1.0 Python/3.10.9 (Windows-10-10.0.22621-SP0)
    method: GET
    uri: https://management.azure.com/subscriptions/00000000-0000-0000-0000-000000000000/resourceGroups/cli_test_vmss_create_user_data000001/providers/Microsoft.Compute/virtualMachineScaleSets/vmss-custom-data?api-version=2022-11-01&$expand=userData
  response:
    body:
      string: "{\r\n  \"name\": \"vmss-custom-data\",\r\n  \"id\": \"/subscriptions/00000000-0000-0000-0000-000000000000/resourceGroups/cli_test_vmss_create_user_data000001/providers/Microsoft.Compute/virtualMachineScaleSets/vmss-custom-data\"\
        ,\r\n  \"type\": \"Microsoft.Compute/virtualMachineScaleSets\",\r\n  \"location\"\
        : \"westus\",\r\n  \"tags\": {},\r\n  \"sku\": {\r\n    \"name\": \"Standard_DS1_v2\"\
        ,\r\n    \"tier\": \"Standard\",\r\n    \"capacity\": 2\r\n  },\r\n  \"properties\"\
        : {\r\n    \"singlePlacementGroup\": true,\r\n    \"orchestrationMode\": \"\
        Uniform\",\r\n    \"upgradePolicy\": {\r\n      \"mode\": \"Manual\",\r\n\
        \      \"rollingUpgradePolicy\": {\r\n        \"maxBatchInstancePercent\"\
        : 20,\r\n        \"maxUnhealthyInstancePercent\": 20,\r\n        \"maxUnhealthyUpgradedInstancePercent\"\
        : 20,\r\n        \"pauseTimeBetweenBatches\": \"PT0S\",\r\n        \"maxSurge\"\
        : false,\r\n        \"rollbackFailedInstancesOnPolicyBreach\": false\r\n \
        \     }\r\n    },\r\n    \"virtualMachineProfile\": {\r\n      \"osProfile\"\
        : {\r\n        \"computerNamePrefix\": \"vmssce4aa\",\r\n        \"adminUsername\"\
        : \"deploy\",\r\n        \"linuxConfiguration\": {\r\n          \"disablePasswordAuthentication\"\
        : true,\r\n          \"ssh\": {\r\n            \"publicKeys\": [\r\n     \
        \         {\r\n                \"path\": \"/home/deploy/.ssh/authorized_keys\"\
        ,\r\n                \"keyData\": \"ssh-rsa AAAAB3NzaC1yc2EAAAADAQABAAACAQCbIg1guRHbI0lV11wWDt1r2cUdcNd27CJsg+SfgC7miZeubtwUhbsPdhMQsfDyhOWHq1+ZL0M+nJZV63d/1dhmhtgyOqejUwrPlzKhydsbrsdUor+JmNJDdW01v7BXHyuymT8G4s09jCasNOwiufbP/qp72ruu0bIA1nySsvlf9pCQAuFkAnVnf/rFhUlOkhtRpwcq8SUNY2zRHR/EKb/4NWY1JzR4sa3q2fWIJdrrX0DvLoa5g9bIEd4Df79ba7v+yiUBOS0zT2ll+z4g9izHK3EO5d8hL4jYxcjKs+wcslSYRWrascfscLgMlMGh0CdKeNTDjHpGPncaf3Z+FwwwjWeuiNBxv7bJo13/8B/098KlVDl4GZqsoBCEjPyJfV6hO0y/LkRGkk7oHWKgeWAfKtfLItRp00eZ4fcJNK9kCaSMmEugoZWcI7NGbZXzqFWqbpRI7NcDP9+WIQ+i9U5vqWsqd/zng4kbuAJ6UuKqIzB0upYrLShfQE3SAck8oaLhJqqq56VfDuASNpJKidV+zq27HfSBmbXnkR/5AK337dc3MXKJypoK/QPMLKUAP5XLPbs+NddJQV7EZXd29DLgp+fRIg3edpKdO7ZErWhv7d+3Kws+e1Y+ypmR2WIVSwVyBEUfgv2C8Ts9gnTF4pNcEY/S2aBicz5Ew2+jdyGNQQ==\
        \ test@example.com\\n\"\r\n              }\r\n            ]\r\n          },\r\
        \n          \"provisionVMAgent\": true,\r\n          \"enableVMAgentPlatformUpdates\"\
        : false\r\n        },\r\n        \"secrets\": [],\r\n        \"allowExtensionOperations\"\
        : true,\r\n        \"requireGuestProvisionSignal\": true\r\n      },\r\n \
        \     \"storageProfile\": {\r\n        \"osDisk\": {\r\n          \"osType\"\
        : \"Linux\",\r\n          \"createOption\": \"FromImage\",\r\n          \"\
        caching\": \"ReadWrite\",\r\n          \"managedDisk\": {\r\n            \"\
        storageAccountType\": \"Premium_LRS\"\r\n          },\r\n          \"diskSizeGB\"\
        : 30\r\n        },\r\n        \"imageReference\": {\r\n          \"publisher\"\
        : \"Debian\",\r\n          \"offer\": \"debian-10\",\r\n          \"sku\"\
        : \"10\",\r\n          \"version\": \"latest\"\r\n        }\r\n      },\r\n\
        \      \"networkProfile\": {\"networkInterfaceConfigurations\":[{\"name\"\
        :\"vmssce4aaNic\",\"properties\":{\"primary\":true,\"disableTcpStateTracking\"\
        :false,\"dnsSettings\":{\"dnsServers\":[]},\"enableIPForwarding\":false,\"\
        ipConfigurations\":[{\"name\":\"vmssce4aaIPConfig\",\"properties\":{\"subnet\"\
        :{\"id\":\"/subscriptions/00000000-0000-0000-0000-000000000000/resourceGroups/cli_test_vmss_create_user_data000001/providers/Microsoft.Network/virtualNetworks/vmss-custom-dataVNET/subnets/vmss-custom-dataSubnet\"\
        },\"privateIPAddressVersion\":\"IPv4\",\"loadBalancerBackendAddressPools\"\
        :[{\"id\":\"/subscriptions/00000000-0000-0000-0000-000000000000/resourceGroups/cli_test_vmss_create_user_data000001/providers/Microsoft.Network/loadBalancers/vmss-custom-dataLB/backendAddressPools/vmss-custom-dataLBBEPool\"\
        }],\"loadBalancerInboundNatPools\":[{\"id\":\"/subscriptions/00000000-0000-0000-0000-000000000000/resourceGroups/cli_test_vmss_create_user_data000001/providers/Microsoft.Network/loadBalancers/vmss-custom-dataLB/inboundNatPools/vmss-custom-dataLBNatPool\"\
        }]}}]}}]}\r\n    },\r\n    \"provisioningState\": \"Succeeded\",\r\n    \"\
        overprovision\": true,\r\n    \"doNotRunExtensionsOnOverprovisionedVMs\":\
        \ false,\r\n    \"uniqueId\": \"195ebebc-e38b-4943-9fed-bafbd4117c23\",\r\n\
        \    \"timeCreated\": \"2023-02-17T02:01:12.4968248+00:00\"\r\n  }\r\n}"
    headers:
      cache-control:
      - no-cache
      content-length:
      - '3978'
      content-type:
      - application/json; charset=utf-8
      date:
      - Fri, 17 Feb 2023 02:04:49 GMT
      expires:
      - '-1'
      pragma:
      - no-cache
      server:
      - Microsoft-HTTPAPI/2.0
      - Microsoft-HTTPAPI/2.0
      strict-transport-security:
      - max-age=31536000; includeSubDomains
      x-content-type-options:
      - nosniff
      x-ms-ratelimit-remaining-resource:
      - Microsoft.Compute/GetVMScaleSet3Min;298,Microsoft.Compute/GetVMScaleSet30Min;2111
    status:
      code: 200
      message: OK
version: 1
