interactions:
- request:
    body: null
    headers:
      Accept:
      - '*/*'
      Accept-Encoding:
      - gzip, deflate
      Connection:
      - keep-alive
      User-Agent:
      - python-requests/2.26.0
    method: GET
    uri: https://raw.githubusercontent.com/Azure/azure-rest-api-specs/main/arm-compute/quickstart-templates/aliases.json
  response:
    body:
      string: "{\n  \"$schema\": \"http://schema.management.azure.com/schemas/2015-01-01/deploymentTemplate.json\",\n
        \ \"contentVersion\": \"1.0.0.0\",\n  \"parameters\": {},\n  \"variables\":
        {},\n  \"resources\": [],\n  \"outputs\": {\n    \"aliases\": {\n      \"type\":
        \"object\",\n      \"value\": {\n        \"Linux\": {\n          \"CentOS\":
        {\n            \"publisher\": \"OpenLogic\",\n            \"offer\": \"CentOS\",\n
        \           \"sku\": \"7.5\",\n            \"version\": \"latest\",\n            \"architecture\":
        \"x64\"\n          },\n          \"Debian\": {\n            \"publisher\":
        \"Debian\",\n            \"offer\": \"debian-10\",\n            \"sku\": \"10\",\n
        \           \"version\": \"latest\",\n            \"architecture\": \"x64\"\n
        \         },\n          \"Flatcar\": {\n            \"publisher\": \"kinvolk\",\n
        \           \"offer\": \"flatcar-container-linux-free\",\n            \"sku\":
        \"stable\",\n            \"version\": \"latest\",\n            \"architecture\":
        \"x64\"\n          },\n          \"openSUSE-Leap\": {\n            \"publisher\":
        \"SUSE\",\n            \"offer\": \"opensuse-leap-15-3\",\n            \"sku\":
        \"gen2\",\n            \"version\": \"latest\",\n            \"architecture\":
        \"x64\"\n          },\n          \"RHEL\": {\n            \"publisher\": \"RedHat\",\n
        \           \"offer\": \"RHEL\",\n            \"sku\": \"7-LVM\",\n            \"version\":
        \"latest\",\n            \"architecture\": \"x64\"\n          },\n          \"SLES\":
        {\n            \"publisher\": \"SUSE\",\n            \"offer\": \"sles-15-sp3\",\n
        \           \"sku\": \"gen2\",\n            \"version\": \"latest\",\n            \"architecture\":
        \"x64\"\n          },\n          \"UbuntuLTS\": {\n            \"publisher\":
        \"Canonical\",\n            \"offer\": \"UbuntuServer\",\n            \"sku\":
        \"18.04-LTS\",\n            \"version\": \"latest\",\n            \"architecture\":
        \"x64\"\n          }\n        },\n        \"Windows\": {\n          \"Win2022Datacenter\":
        {\n            \"publisher\": \"MicrosoftWindowsServer\",\n            \"offer\":
        \"WindowsServer\",\n            \"sku\": \"2022-Datacenter\",\n            \"version\":
        \"latest\",\n            \"architecture\": \"x64\"\n          },\n          \"Win2022AzureEditionCore\":
        {\n            \"publisher\": \"MicrosoftWindowsServer\",\n            \"offer\":
        \"WindowsServer\",\n            \"sku\": \"2022-datacenter-azure-edition-core\",\n
        \           \"version\": \"latest\",\n            \"architecture\": \"x64\"\n
        \         },\n          \"Win2019Datacenter\": {\n            \"publisher\":
        \"MicrosoftWindowsServer\",\n            \"offer\": \"WindowsServer\",\n            \"sku\":
        \"2019-Datacenter\",\n            \"version\": \"latest\",\n            \"architecture\":
        \"x64\"\n          },\n          \"Win2016Datacenter\": {\n            \"publisher\":
        \"MicrosoftWindowsServer\",\n            \"offer\": \"WindowsServer\",\n            \"sku\":
        \"2016-Datacenter\",\n            \"version\": \"latest\",\n            \"architecture\":
        \"x64\"\n          },\n          \"Win2012R2Datacenter\": {\n            \"publisher\":
        \"MicrosoftWindowsServer\",\n            \"offer\": \"WindowsServer\",\n            \"sku\":
        \"2012-R2-Datacenter\",\n            \"version\": \"latest\",\n            \"architecture\":
        \"x64\"\n          },\n          \"Win2012Datacenter\": {\n            \"publisher\":
        \"MicrosoftWindowsServer\",\n            \"offer\": \"WindowsServer\",\n            \"sku\":
        \"2012-Datacenter\",\n            \"version\": \"latest\",\n            \"architecture\":
        \"x64\"\n          },\n          \"Win2008R2SP1\": {\n            \"publisher\":
        \"MicrosoftWindowsServer\",\n            \"offer\": \"WindowsServer\",\n            \"sku\":
        \"2008-R2-SP1\",\n            \"version\": \"latest\",\n            \"architecture\":
        \"x64\"\n          }\n        }\n      }\n    }\n  }\n}"
    headers:
      accept-ranges:
      - bytes
      access-control-allow-origin:
      - '*'
      cache-control:
      - max-age=300
      connection:
      - keep-alive
      content-length:
      - '3463'
      content-security-policy:
      - default-src 'none'; style-src 'unsafe-inline'; sandbox
      content-type:
      - text/plain; charset=utf-8
      date:
      - Thu, 17 Nov 2022 10:39:19 GMT
      etag:
      - W/"41b202f4dc5098d126019dc00721a4c5e30df0c5196794514fadc3710ee2a5cb"
      expires:
      - Thu, 17 Nov 2022 10:44:19 GMT
      source-age:
      - '284'
      strict-transport-security:
      - max-age=31536000
      vary:
      - Authorization,Accept-Encoding,Origin
      via:
      - 1.1 varnish
      x-cache:
      - HIT
      x-cache-hits:
      - '1'
      x-content-type-options:
      - nosniff
      x-fastly-request-id:
      - dc6f13575b2b3bcea1d4efa711d6c5f35ad575d3
      x-frame-options:
      - deny
      x-github-request-id:
      - BA92:1DD8:1B521E:2E4C32:6375CBCE
      x-served-by:
      - cache-iad-kiad7000031-IAD
      x-timer:
      - S1668681560.534663,VS0,VE1
      x-xss-protection:
      - 1; mode=block
    status:
      code: 200
      message: OK
- request:
    body: null
    headers:
      Accept:
      - application/json
      Accept-Encoding:
      - gzip, deflate
      CommandName:
      - vm create
      Connection:
      - keep-alive
      ParameterSetName:
      - -g --location -n --admin-username --image --admin-password --authentication-type
        --use-unmanaged-disk --nsg-rule
      User-Agent:
      - AZURECLI/2.42.0 azsdk-python-azure-mgmt-compute/29.0.0 Python/3.10.8 (Linux-5.15.0-1022-azure-x86_64-with-glibc2.31)
        VSTS_7b238909-6802-4b65-b90d-184bca47f458_build_220_0
    method: GET
    uri: https://management.azure.com/subscriptions/00000000-0000-0000-0000-000000000000/providers/Microsoft.Compute/locations/westus/publishers/Canonical/artifacttypes/vmimage/offers/UbuntuServer/skus/18.04-LTS/versions?$top=1&$orderby=name%20desc&api-version=2022-08-01
  response:
    body:
      string: "[\r\n  {\r\n    \"location\": \"westus\",\r\n    \"name\": \"18.04.202210180\",\r\n
        \   \"id\": \"/Subscriptions/00000000-0000-0000-0000-000000000000/Providers/Microsoft.Compute/Locations/westus/Publishers/Canonical/ArtifactTypes/VMImage/Offers/UbuntuServer/Skus/18.04-LTS/Versions/18.04.202210180\"\r\n
        \ }\r\n]"
    headers:
      cache-control:
      - no-cache
      content-length:
      - '286'
      content-type:
      - application/json; charset=utf-8
      date:
      - Thu, 17 Nov 2022 10:39:19 GMT
      expires:
      - '-1'
      pragma:
      - no-cache
      server:
      - Microsoft-HTTPAPI/2.0
      - Microsoft-HTTPAPI/2.0
      strict-transport-security:
      - max-age=31536000; includeSubDomains
      transfer-encoding:
      - chunked
      vary:
      - Accept-Encoding
      x-content-type-options:
      - nosniff
      x-ms-ratelimit-remaining-resource:
      - Microsoft.Compute/ListVMImagesVersionsFromLocation3Min;15999,Microsoft.Compute/ListVMImagesVersionsFromLocation30Min;43989
    status:
      code: 200
      message: OK
- request:
    body: null
    headers:
      Accept:
      - application/json
      Accept-Encoding:
      - gzip, deflate
      CommandName:
      - vm create
      Connection:
      - keep-alive
      ParameterSetName:
      - -g --location -n --admin-username --image --admin-password --authentication-type
        --use-unmanaged-disk --nsg-rule
      User-Agent:
      - AZURECLI/2.42.0 azsdk-python-azure-mgmt-compute/29.0.0 Python/3.10.8 (Linux-5.15.0-1022-azure-x86_64-with-glibc2.31)
        VSTS_7b238909-6802-4b65-b90d-184bca47f458_build_220_0
    method: GET
    uri: https://management.azure.com/subscriptions/00000000-0000-0000-0000-000000000000/providers/Microsoft.Compute/locations/westus/publishers/Canonical/artifacttypes/vmimage/offers/UbuntuServer/skus/18.04-LTS/versions/18.04.202210180?api-version=2022-08-01
  response:
    body:
      string: "{\r\n  \"properties\": {\r\n    \"hyperVGeneration\": \"V1\",\r\n    \"architecture\":
        \"x64\",\r\n    \"replicaType\": \"Unmanaged\",\r\n    \"disallowed\": {\r\n
        \     \"vmDiskType\": \"None\"\r\n    },\r\n    \"automaticOSUpgradeProperties\":
        {\r\n      \"automaticOSUpgradeSupported\": true\r\n    },\r\n    \"imageDeprecationStatus\":
        {\r\n      \"imageState\": \"Active\"\r\n    },\r\n    \"features\": [\r\n
        \     {\r\n        \"name\": \"IsAcceleratedNetworkSupported\",\r\n        \"value\":
        \"True\"\r\n      },\r\n      {\r\n        \"name\": \"DiskControllerTypes\",\r\n
        \       \"value\": \"SCSI, NVMe\"\r\n      },\r\n      {\r\n        \"name\":
        \"IsHibernateSupported\",\r\n        \"value\": \"True\"\r\n      }\r\n    ],\r\n
        \   \"osDiskImage\": {\r\n      \"operatingSystem\": \"Linux\",\r\n      \"sizeInGb\":
        31,\r\n      \"sizeInBytes\": 32213303808\r\n    },\r\n    \"dataDiskImages\":
        []\r\n  },\r\n  \"location\": \"westus\",\r\n  \"name\": \"18.04.202210180\",\r\n
        \ \"id\": \"/Subscriptions/00000000-0000-0000-0000-000000000000/Providers/Microsoft.Compute/Locations/westus/Publishers/Canonical/ArtifactTypes/VMImage/Offers/UbuntuServer/Skus/18.04-LTS/Versions/18.04.202210180\"\r\n}"
    headers:
      cache-control:
      - no-cache
      content-length:
      - '1048'
      content-type:
      - application/json; charset=utf-8
      date:
      - Thu, 17 Nov 2022 10:39:20 GMT
      expires:
      - '-1'
      pragma:
      - no-cache
      server:
      - Microsoft-HTTPAPI/2.0
      - Microsoft-HTTPAPI/2.0
      strict-transport-security:
      - max-age=31536000; includeSubDomains
      x-content-type-options:
      - nosniff
      x-ms-ratelimit-remaining-resource:
      - Microsoft.Compute/GetVMImageFromLocation3Min;12999,Microsoft.Compute/GetVMImageFromLocation30Min;73994
    status:
      code: 200
      message: OK
- request:
    body: null
    headers:
      Accept:
      - application/json
      Accept-Encoding:
      - gzip, deflate
      CommandName:
      - vm create
      Connection:
      - keep-alive
      ParameterSetName:
      - -g --location -n --admin-username --image --admin-password --authentication-type
        --use-unmanaged-disk --nsg-rule
      User-Agent:
      - AZURECLI/2.42.0 azsdk-python-azure-mgmt-storage/21.0.0 Python/3.10.8 (Linux-5.15.0-1022-azure-x86_64-with-glibc2.31)
        VSTS_7b238909-6802-4b65-b90d-184bca47f458_build_220_0
    method: GET
    uri: https://management.azure.com/subscriptions/00000000-0000-0000-0000-000000000000/resourceGroups/cli-test-disk000001/providers/Microsoft.Storage/storageAccounts?api-version=2022-09-01
  response:
    body:
      string: '{"value":[]}'
    headers:
      cache-control:
      - no-cache
      content-length:
      - '12'
      content-type:
      - application/json; charset=utf-8
      date:
      - Thu, 17 Nov 2022 10:39:20 GMT
      expires:
      - '-1'
      pragma:
      - no-cache
      strict-transport-security:
      - max-age=31536000; includeSubDomains
      vary:
      - Accept-Encoding
      x-content-type-options:
      - nosniff
    status:
      code: 200
      message: OK
- request:
    body: null
    headers:
      Accept:
      - application/json
      Accept-Encoding:
      - gzip, deflate
      CommandName:
      - vm create
      Connection:
      - keep-alive
      ParameterSetName:
      - -g --location -n --admin-username --image --admin-password --authentication-type
        --use-unmanaged-disk --nsg-rule
      User-Agent:
      - AZURECLI/2.42.0 azsdk-python-azure-mgmt-network/21.0.1 Python/3.10.8 (Linux-5.15.0-1022-azure-x86_64-with-glibc2.31)
        VSTS_7b238909-6802-4b65-b90d-184bca47f458_build_220_0
    method: GET
    uri: https://management.azure.com/subscriptions/00000000-0000-0000-0000-000000000000/resourceGroups/cli-test-disk000001/providers/Microsoft.Network/virtualNetworks?api-version=2022-01-01
  response:
    body:
      string: '{"value":[]}'
    headers:
      cache-control:
      - no-cache
      content-length:
      - '12'
      content-type:
      - application/json; charset=utf-8
      date:
      - Thu, 17 Nov 2022 10:39:21 GMT
      expires:
      - '-1'
      pragma:
      - no-cache
      strict-transport-security:
      - max-age=31536000; includeSubDomains
      vary:
      - Accept-Encoding
      x-content-type-options:
      - nosniff
    status:
      code: 200
      message: OK
- request:
    body: '{"properties": {"template": {"$schema": "https://schema.management.azure.com/schemas/2015-01-01/deploymentTemplate.json#",
      "contentVersion": "1.0.0.0", "parameters": {"adminPassword": {"type": "securestring",
      "metadata": {"description": "Secure adminPassword"}}}, "variables": {}, "resources":
      [{"type": "Microsoft.Storage/storageAccounts", "name": "vhdstoragea58cc50b9e77c3",
      "apiVersion": "2015-06-15", "location": "westus", "tags": {}, "dependsOn": [],
      "properties": {"accountType": "Premium_LRS"}}, {"name": "vm-datadisk-testVNET",
      "type": "Microsoft.Network/virtualNetworks", "location": "westus", "apiVersion":
      "2015-06-15", "dependsOn": [], "tags": {}, "properties": {"addressSpace": {"addressPrefixes":
      ["10.0.0.0/16"]}, "subnets": [{"name": "vm-datadisk-testSubnet", "properties":
      {"addressPrefix": "10.0.0.0/24"}}]}}, {"type": "Microsoft.Network/networkSecurityGroups",
      "name": "vm-datadisk-testNSG", "apiVersion": "2015-06-15", "location": "westus",
      "tags": {}, "dependsOn": []}, {"apiVersion": "2022-01-01", "type": "Microsoft.Network/publicIPAddresses",
      "name": "vm-datadisk-testPublicIP", "location": "westus", "tags": {}, "dependsOn":
      [], "properties": {"publicIPAllocationMethod": null}}, {"apiVersion": "2015-06-15",
      "type": "Microsoft.Network/networkInterfaces", "name": "vm-datadisk-testVMNic",
      "location": "westus", "tags": {}, "dependsOn": ["Microsoft.Network/virtualNetworks/vm-datadisk-testVNET",
      "Microsoft.Network/networkSecurityGroups/vm-datadisk-testNSG", "Microsoft.Network/publicIpAddresses/vm-datadisk-testPublicIP"],
      "properties": {"ipConfigurations": [{"name": "ipconfigvm-datadisk-test", "properties":
      {"privateIPAllocationMethod": "Dynamic", "subnet": {"id": "/subscriptions/00000000-0000-0000-0000-000000000000/resourceGroups/cli-test-disk000001/providers/Microsoft.Network/virtualNetworks/vm-datadisk-testVNET/subnets/vm-datadisk-testSubnet"},
      "publicIPAddress": {"id": "/subscriptions/00000000-0000-0000-0000-000000000000/resourceGroups/cli-test-disk000001/providers/Microsoft.Network/publicIPAddresses/vm-datadisk-testPublicIP"}}}],
      "networkSecurityGroup": {"id": "/subscriptions/00000000-0000-0000-0000-000000000000/resourceGroups/cli-test-disk000001/providers/Microsoft.Network/networkSecurityGroups/vm-datadisk-testNSG"}}},
      {"apiVersion": "2022-08-01", "type": "Microsoft.Compute/virtualMachines", "name":
      "vm-datadisk-test", "location": "westus", "tags": {}, "dependsOn": ["Microsoft.Storage/storageAccounts/vhdstoragea58cc50b9e77c3",
      "Microsoft.Network/networkInterfaces/vm-datadisk-testVMNic"], "properties":
      {"hardwareProfile": {"vmSize": "Standard_DS1_v2"}, "networkProfile": {"networkInterfaces":
      [{"id": "/subscriptions/00000000-0000-0000-0000-000000000000/resourceGroups/cli-test-disk000001/providers/Microsoft.Network/networkInterfaces/vm-datadisk-testVMNic",
      "properties": {"deleteOption": null}}]}, "storageProfile": {"osDisk": {"createOption":
      "fromImage", "name": "osdisk_a58cc50b9e", "caching": "ReadWrite", "vhd": {"uri":
      "https://vhdstoragea58cc50b9e77c3.blob.core.windows.net/vhds/osdisk_a58cc50b9e.vhd"}},
      "imageReference": {"publisher": "Canonical", "offer": "UbuntuServer", "sku":
      "18.04-LTS", "version": "latest"}}, "osProfile": {"computerName": "vm-datadisk-test",
      "adminUsername": "ubuntu", "adminPassword": "[parameters(''adminPassword'')]"}}}],
      "outputs": {}}, "parameters": {"adminPassword": {"value": "testPassword0"}},
      "mode": "incremental"}}'
    headers:
      Accept:
      - application/json
      Accept-Encoding:
      - gzip, deflate
      CommandName:
      - vm create
      Connection:
      - keep-alive
      Content-Length:
      - '3409'
      Content-Type:
      - application/json
      ParameterSetName:
      - -g --location -n --admin-username --image --admin-password --authentication-type
        --use-unmanaged-disk --nsg-rule
      User-Agent:
      - AZURECLI/2.42.0 azsdk-python-azure-mgmt-resource/21.1.0b1 Python/3.10.8 (Linux-5.15.0-1022-azure-x86_64-with-glibc2.31)
        VSTS_7b238909-6802-4b65-b90d-184bca47f458_build_220_0
    method: PUT
    uri: https://management.azure.com/subscriptions/00000000-0000-0000-0000-000000000000/resourcegroups/cli-test-disk000001/providers/Microsoft.Resources/deployments/mock-deployment?api-version=2021-04-01
  response:
    body:
      string: '{"id":"/subscriptions/00000000-0000-0000-0000-000000000000/resourceGroups/cli-test-disk000001/providers/Microsoft.Resources/deployments/vm_deploy_wiIuQbXVQvqmiMy8ILfRHHoQcqA4BoZN","name":"vm_deploy_wiIuQbXVQvqmiMy8ILfRHHoQcqA4BoZN","type":"Microsoft.Resources/deployments","properties":{"templateHash":"7852169642406990824","parameters":{"adminPassword":{"type":"SecureString"}},"mode":"Incremental","provisioningState":"Accepted","timestamp":"2022-11-17T10:39:24.1852662Z","duration":"PT0.0001307S","correlationId":"94ff1523-1b56-4c4c-b6a8-de5d3d0d0f91","providers":[{"namespace":"Microsoft.Storage","resourceTypes":[{"resourceType":"storageAccounts","locations":["westus"]}]},{"namespace":"Microsoft.Network","resourceTypes":[{"resourceType":"virtualNetworks","locations":["westus"]},{"resourceType":"networkSecurityGroups","locations":["westus"]},{"resourceType":"publicIPAddresses","locations":["westus"]},{"resourceType":"networkInterfaces","locations":["westus"]}]},{"namespace":"Microsoft.Compute","resourceTypes":[{"resourceType":"virtualMachines","locations":["westus"]}]}],"dependencies":[{"dependsOn":[{"id":"/subscriptions/00000000-0000-0000-0000-000000000000/resourceGroups/cli-test-disk000001/providers/Microsoft.Network/virtualNetworks/vm-datadisk-testVNET","resourceType":"Microsoft.Network/virtualNetworks","resourceName":"vm-datadisk-testVNET"},{"id":"/subscriptions/00000000-0000-0000-0000-000000000000/resourceGroups/cli-test-disk000001/providers/Microsoft.Network/networkSecurityGroups/vm-datadisk-testNSG","resourceType":"Microsoft.Network/networkSecurityGroups","resourceName":"vm-datadisk-testNSG"},{"id":"/subscriptions/00000000-0000-0000-0000-000000000000/resourceGroups/cli-test-disk000001/providers/Microsoft.Network/publicIPAddresses/vm-datadisk-testPublicIP","resourceType":"Microsoft.Network/publicIPAddresses","resourceName":"vm-datadisk-testPublicIP"}],"id":"/subscriptions/00000000-0000-0000-0000-000000000000/resourceGroups/cli-test-disk000001/providers/Microsoft.Network/networkInterfaces/vm-datadisk-testVMNic","resourceType":"Microsoft.Network/networkInterfaces","resourceName":"vm-datadisk-testVMNic"},{"dependsOn":[{"id":"/subscriptions/00000000-0000-0000-0000-000000000000/resourceGroups/cli-test-disk000001/providers/Microsoft.Storage/storageAccounts/vhdstoragea58cc50b9e77c3","resourceType":"Microsoft.Storage/storageAccounts","resourceName":"vhdstoragea58cc50b9e77c3"},{"id":"/subscriptions/00000000-0000-0000-0000-000000000000/resourceGroups/cli-test-disk000001/providers/Microsoft.Network/networkInterfaces/vm-datadisk-testVMNic","resourceType":"Microsoft.Network/networkInterfaces","resourceName":"vm-datadisk-testVMNic"}],"id":"/subscriptions/00000000-0000-0000-0000-000000000000/resourceGroups/cli-test-disk000001/providers/Microsoft.Compute/virtualMachines/vm-datadisk-test","resourceType":"Microsoft.Compute/virtualMachines","resourceName":"vm-datadisk-test"}]}}'
    headers:
      azure-asyncoperation:
      - https://management.azure.com/subscriptions/00000000-0000-0000-0000-000000000000/resourcegroups/cli-test-disk000001/providers/Microsoft.Resources/deployments/vm_deploy_wiIuQbXVQvqmiMy8ILfRHHoQcqA4BoZN/operationStatuses/08585329253228318439?api-version=2021-04-01
      cache-control:
      - no-cache
      content-length:
      - '2913'
      content-type:
      - application/json; charset=utf-8
      date:
      - Thu, 17 Nov 2022 10:39:23 GMT
      expires:
      - '-1'
      pragma:
      - no-cache
      strict-transport-security:
      - max-age=31536000; includeSubDomains
      x-content-type-options:
      - nosniff
      x-ms-ratelimit-remaining-subscription-writes:
      - '1196'
    status:
      code: 201
      message: Created
- request:
    body: null
    headers:
      Accept:
      - '*/*'
      Accept-Encoding:
      - gzip, deflate
      CommandName:
      - vm create
      Connection:
      - keep-alive
      ParameterSetName:
      - -g --location -n --admin-username --image --admin-password --authentication-type
        --use-unmanaged-disk --nsg-rule
      User-Agent:
      - AZURECLI/2.42.0 azsdk-python-azure-mgmt-resource/21.1.0b1 Python/3.10.8 (Linux-5.15.0-1022-azure-x86_64-with-glibc2.31)
        VSTS_7b238909-6802-4b65-b90d-184bca47f458_build_220_0
    method: GET
    uri: https://management.azure.com/subscriptions/00000000-0000-0000-0000-000000000000/resourcegroups/cli-test-disk000001/providers/Microsoft.Resources/deployments/mock-deployment/operationStatuses/08585329253228318439?api-version=2021-04-01
  response:
    body:
      string: '{"status":"Running"}'
    headers:
      cache-control:
      - no-cache
      content-length:
      - '20'
      content-type:
      - application/json; charset=utf-8
      date:
      - Thu, 17 Nov 2022 10:39:54 GMT
      expires:
      - '-1'
      pragma:
      - no-cache
      strict-transport-security:
      - max-age=31536000; includeSubDomains
      x-content-type-options:
      - nosniff
    status:
      code: 200
      message: OK
- request:
    body: null
    headers:
      Accept:
      - '*/*'
      Accept-Encoding:
      - gzip, deflate
      CommandName:
      - vm create
      Connection:
      - keep-alive
      ParameterSetName:
      - -g --location -n --admin-username --image --admin-password --authentication-type
        --use-unmanaged-disk --nsg-rule
      User-Agent:
      - AZURECLI/2.42.0 azsdk-python-azure-mgmt-resource/21.1.0b1 Python/3.10.8 (Linux-5.15.0-1022-azure-x86_64-with-glibc2.31)
        VSTS_7b238909-6802-4b65-b90d-184bca47f458_build_220_0
    method: GET
    uri: https://management.azure.com/subscriptions/00000000-0000-0000-0000-000000000000/resourcegroups/cli-test-disk000001/providers/Microsoft.Resources/deployments/mock-deployment/operationStatuses/08585329253228318439?api-version=2021-04-01
  response:
    body:
      string: '{"status":"Running"}'
    headers:
      cache-control:
      - no-cache
      content-length:
      - '20'
      content-type:
      - application/json; charset=utf-8
      date:
      - Thu, 17 Nov 2022 10:40:24 GMT
      expires:
      - '-1'
      pragma:
      - no-cache
      strict-transport-security:
      - max-age=31536000; includeSubDomains
      x-content-type-options:
      - nosniff
    status:
      code: 200
      message: OK
- request:
    body: null
    headers:
      Accept:
      - '*/*'
      Accept-Encoding:
      - gzip, deflate
      CommandName:
      - vm create
      Connection:
      - keep-alive
      ParameterSetName:
      - -g --location -n --admin-username --image --admin-password --authentication-type
        --use-unmanaged-disk --nsg-rule
      User-Agent:
      - AZURECLI/2.42.0 azsdk-python-azure-mgmt-resource/21.1.0b1 Python/3.10.8 (Linux-5.15.0-1022-azure-x86_64-with-glibc2.31)
        VSTS_7b238909-6802-4b65-b90d-184bca47f458_build_220_0
    method: GET
    uri: https://management.azure.com/subscriptions/00000000-0000-0000-0000-000000000000/resourcegroups/cli-test-disk000001/providers/Microsoft.Resources/deployments/mock-deployment/operationStatuses/08585329253228318439?api-version=2021-04-01
  response:
    body:
      string: '{"status":"Succeeded"}'
    headers:
      cache-control:
      - no-cache
      content-length:
      - '22'
      content-type:
      - application/json; charset=utf-8
      date:
      - Thu, 17 Nov 2022 10:40:54 GMT
      expires:
      - '-1'
      pragma:
      - no-cache
      strict-transport-security:
      - max-age=31536000; includeSubDomains
      x-content-type-options:
      - nosniff
    status:
      code: 200
      message: OK
- request:
    body: null
    headers:
      Accept:
      - '*/*'
      Accept-Encoding:
      - gzip, deflate
      CommandName:
      - vm create
      Connection:
      - keep-alive
      ParameterSetName:
      - -g --location -n --admin-username --image --admin-password --authentication-type
        --use-unmanaged-disk --nsg-rule
      User-Agent:
      - AZURECLI/2.42.0 azsdk-python-azure-mgmt-resource/21.1.0b1 Python/3.10.8 (Linux-5.15.0-1022-azure-x86_64-with-glibc2.31)
        VSTS_7b238909-6802-4b65-b90d-184bca47f458_build_220_0
    method: GET
    uri: https://management.azure.com/subscriptions/00000000-0000-0000-0000-000000000000/resourcegroups/cli-test-disk000001/providers/Microsoft.Resources/deployments/mock-deployment?api-version=2021-04-01
  response:
    body:
      string: '{"id":"/subscriptions/00000000-0000-0000-0000-000000000000/resourceGroups/cli-test-disk000001/providers/Microsoft.Resources/deployments/vm_deploy_wiIuQbXVQvqmiMy8ILfRHHoQcqA4BoZN","name":"vm_deploy_wiIuQbXVQvqmiMy8ILfRHHoQcqA4BoZN","type":"Microsoft.Resources/deployments","properties":{"templateHash":"7852169642406990824","parameters":{"adminPassword":{"type":"SecureString"}},"mode":"Incremental","provisioningState":"Succeeded","timestamp":"2022-11-17T10:40:29.1576333Z","duration":"PT1M4.9724978S","correlationId":"94ff1523-1b56-4c4c-b6a8-de5d3d0d0f91","providers":[{"namespace":"Microsoft.Storage","resourceTypes":[{"resourceType":"storageAccounts","locations":["westus"]}]},{"namespace":"Microsoft.Network","resourceTypes":[{"resourceType":"virtualNetworks","locations":["westus"]},{"resourceType":"networkSecurityGroups","locations":["westus"]},{"resourceType":"publicIPAddresses","locations":["westus"]},{"resourceType":"networkInterfaces","locations":["westus"]}]},{"namespace":"Microsoft.Compute","resourceTypes":[{"resourceType":"virtualMachines","locations":["westus"]}]}],"dependencies":[{"dependsOn":[{"id":"/subscriptions/00000000-0000-0000-0000-000000000000/resourceGroups/cli-test-disk000001/providers/Microsoft.Network/virtualNetworks/vm-datadisk-testVNET","resourceType":"Microsoft.Network/virtualNetworks","resourceName":"vm-datadisk-testVNET"},{"id":"/subscriptions/00000000-0000-0000-0000-000000000000/resourceGroups/cli-test-disk000001/providers/Microsoft.Network/networkSecurityGroups/vm-datadisk-testNSG","resourceType":"Microsoft.Network/networkSecurityGroups","resourceName":"vm-datadisk-testNSG"},{"id":"/subscriptions/00000000-0000-0000-0000-000000000000/resourceGroups/cli-test-disk000001/providers/Microsoft.Network/publicIPAddresses/vm-datadisk-testPublicIP","resourceType":"Microsoft.Network/publicIPAddresses","resourceName":"vm-datadisk-testPublicIP"}],"id":"/subscriptions/00000000-0000-0000-0000-000000000000/resourceGroups/cli-test-disk000001/providers/Microsoft.Network/networkInterfaces/vm-datadisk-testVMNic","resourceType":"Microsoft.Network/networkInterfaces","resourceName":"vm-datadisk-testVMNic"},{"dependsOn":[{"id":"/subscriptions/00000000-0000-0000-0000-000000000000/resourceGroups/cli-test-disk000001/providers/Microsoft.Storage/storageAccounts/vhdstoragea58cc50b9e77c3","resourceType":"Microsoft.Storage/storageAccounts","resourceName":"vhdstoragea58cc50b9e77c3"},{"id":"/subscriptions/00000000-0000-0000-0000-000000000000/resourceGroups/cli-test-disk000001/providers/Microsoft.Network/networkInterfaces/vm-datadisk-testVMNic","resourceType":"Microsoft.Network/networkInterfaces","resourceName":"vm-datadisk-testVMNic"}],"id":"/subscriptions/00000000-0000-0000-0000-000000000000/resourceGroups/cli-test-disk000001/providers/Microsoft.Compute/virtualMachines/vm-datadisk-test","resourceType":"Microsoft.Compute/virtualMachines","resourceName":"vm-datadisk-test"}],"outputs":{},"outputResources":[{"id":"/subscriptions/00000000-0000-0000-0000-000000000000/resourceGroups/cli-test-disk000001/providers/Microsoft.Compute/virtualMachines/vm-datadisk-test"},{"id":"/subscriptions/00000000-0000-0000-0000-000000000000/resourceGroups/cli-test-disk000001/providers/Microsoft.Network/networkInterfaces/vm-datadisk-testVMNic"},{"id":"/subscriptions/00000000-0000-0000-0000-000000000000/resourceGroups/cli-test-disk000001/providers/Microsoft.Network/networkSecurityGroups/vm-datadisk-testNSG"},{"id":"/subscriptions/00000000-0000-0000-0000-000000000000/resourceGroups/cli-test-disk000001/providers/Microsoft.Network/publicIPAddresses/vm-datadisk-testPublicIP"},{"id":"/subscriptions/00000000-0000-0000-0000-000000000000/resourceGroups/cli-test-disk000001/providers/Microsoft.Network/virtualNetworks/vm-datadisk-testVNET"},{"id":"/subscriptions/00000000-0000-0000-0000-000000000000/resourceGroups/cli-test-disk000001/providers/Microsoft.Storage/storageAccounts/vhdstoragea58cc50b9e77c3"}]}}'
    headers:
      cache-control:
      - no-cache
      content-length:
      - '3929'
      content-type:
      - application/json; charset=utf-8
      date:
      - Thu, 17 Nov 2022 10:40:55 GMT
      expires:
      - '-1'
      pragma:
      - no-cache
      strict-transport-security:
      - max-age=31536000; includeSubDomains
      x-content-type-options:
      - nosniff
    status:
      code: 200
      message: OK
- request:
    body: null
    headers:
      Accept:
      - application/json
      Accept-Encoding:
      - gzip, deflate
      CommandName:
      - vm create
      Connection:
      - keep-alive
      ParameterSetName:
      - -g --location -n --admin-username --image --admin-password --authentication-type
        --use-unmanaged-disk --nsg-rule
      User-Agent:
      - AZURECLI/2.42.0 azsdk-python-azure-mgmt-compute/29.0.0 Python/3.10.8 (Linux-5.15.0-1022-azure-x86_64-with-glibc2.31)
        VSTS_7b238909-6802-4b65-b90d-184bca47f458_build_220_0
    method: GET
    uri: https://management.azure.com/subscriptions/00000000-0000-0000-0000-000000000000/resourceGroups/cli-test-disk000001/providers/Microsoft.Compute/virtualMachines/vm-datadisk-test?$expand=instanceView&api-version=2022-08-01
  response:
    body:
      string: "{\r\n  \"name\": \"vm-datadisk-test\",\r\n  \"id\": \"/subscriptions/00000000-0000-0000-0000-000000000000/resourceGroups/cli-test-disk000001/providers/Microsoft.Compute/virtualMachines/vm-datadisk-test\",\r\n
        \ \"type\": \"Microsoft.Compute/virtualMachines\",\r\n  \"location\": \"westus\",\r\n
        \ \"tags\": {},\r\n  \"properties\": {\r\n    \"vmId\": \"0ff53af4-65fc-46b2-b1cb-a4c58de748ad\",\r\n
        \   \"hardwareProfile\": {\r\n      \"vmSize\": \"Standard_DS1_v2\"\r\n    },\r\n
        \   \"storageProfile\": {\r\n      \"imageReference\": {\r\n        \"publisher\":
        \"Canonical\",\r\n        \"offer\": \"UbuntuServer\",\r\n        \"sku\":
        \"18.04-LTS\",\r\n        \"version\": \"latest\",\r\n        \"exactVersion\":
        \"18.04.202210180\"\r\n      },\r\n      \"osDisk\": {\r\n        \"osType\":
        \"Linux\",\r\n        \"name\": \"osdisk_a58cc50b9e\",\r\n        \"createOption\":
        \"FromImage\",\r\n        \"vhd\": {\r\n          \"uri\": \"https://vhdstoragea58cc50b9e77c3.blob.core.windows.net/vhds/osdisk_a58cc50b9e.vhd\"\r\n
        \       },\r\n        \"caching\": \"ReadWrite\",\r\n        \"deleteOption\":
        \"Detach\",\r\n        \"diskSizeGB\": 30\r\n      },\r\n      \"dataDisks\":
        []\r\n    },\r\n    \"osProfile\": {\r\n      \"computerName\": \"vm-datadisk-test\",\r\n
        \     \"adminUsername\": \"ubuntu\",\r\n      \"linuxConfiguration\": {\r\n
        \       \"disablePasswordAuthentication\": false,\r\n        \"provisionVMAgent\":
        true,\r\n        \"patchSettings\": {\r\n          \"patchMode\": \"ImageDefault\",\r\n
        \         \"assessmentMode\": \"ImageDefault\"\r\n        },\r\n        \"enableVMAgentPlatformUpdates\":
        false\r\n      },\r\n      \"secrets\": [],\r\n      \"allowExtensionOperations\":
        true,\r\n      \"requireGuestProvisionSignal\": true\r\n    },\r\n    \"networkProfile\":
        {\"networkInterfaces\":[{\"id\":\"/subscriptions/00000000-0000-0000-0000-000000000000/resourceGroups/cli-test-disk000001/providers/Microsoft.Network/networkInterfaces/vm-datadisk-testVMNic\"}]},\r\n
        \   \"provisioningState\": \"Succeeded\",\r\n    \"instanceView\": {\r\n      \"computerName\":
        \"vm-datadisk-test\",\r\n      \"osName\": \"ubuntu\",\r\n      \"osVersion\":
        \"18.04\",\r\n      \"vmAgent\": {\r\n        \"vmAgentVersion\": \"2.8.0.11\",\r\n
        \       \"statuses\": [\r\n          {\r\n            \"code\": \"ProvisioningState/succeeded\",\r\n
        \           \"level\": \"Info\",\r\n            \"displayStatus\": \"Ready\",\r\n
        \           \"message\": \"Guest Agent is running\",\r\n            \"time\":
        \"2022-11-17T10:40:35+00:00\"\r\n          }\r\n        ],\r\n        \"extensionHandlers\":
        []\r\n      },\r\n      \"disks\": [\r\n        {\r\n          \"name\": \"osdisk_a58cc50b9e\",\r\n
        \         \"statuses\": [\r\n            {\r\n              \"code\": \"ProvisioningState/succeeded\",\r\n
        \             \"level\": \"Info\",\r\n              \"displayStatus\": \"Provisioning
        succeeded\",\r\n              \"time\": \"2022-11-17T10:39:50.487663+00:00\"\r\n
        \           }\r\n          ]\r\n        }\r\n      ],\r\n      \"hyperVGeneration\":
        \"V1\",\r\n      \"statuses\": [\r\n        {\r\n          \"code\": \"ProvisioningState/succeeded\",\r\n
        \         \"level\": \"Info\",\r\n          \"displayStatus\": \"Provisioning
        succeeded\",\r\n          \"time\": \"2022-11-17T10:40:25.5034001+00:00\"\r\n
        \       },\r\n        {\r\n          \"code\": \"PowerState/running\",\r\n
        \         \"level\": \"Info\",\r\n          \"displayStatus\": \"VM running\"\r\n
        \       }\r\n      ]\r\n    },\r\n    \"timeCreated\": \"2022-11-17T10:39:49.9720377+00:00\"\r\n
        \ }\r\n}"
    headers:
      cache-control:
      - no-cache
      content-length:
      - '3144'
      content-type:
      - application/json; charset=utf-8
      date:
      - Thu, 17 Nov 2022 10:40:55 GMT
      expires:
      - '-1'
      pragma:
      - no-cache
      server:
      - Microsoft-HTTPAPI/2.0
      - Microsoft-HTTPAPI/2.0
      strict-transport-security:
      - max-age=31536000; includeSubDomains
      transfer-encoding:
      - chunked
      vary:
      - Accept-Encoding
      x-content-type-options:
      - nosniff
      x-ms-ratelimit-remaining-resource:
      - Microsoft.Compute/LowCostGet3Min;3974,Microsoft.Compute/LowCostGet30Min;31896
    status:
      code: 200
      message: OK
- request:
    body: null
    headers:
      Accept:
      - application/json
      Accept-Encoding:
      - gzip, deflate
      CommandName:
      - vm create
      Connection:
      - keep-alive
      ParameterSetName:
      - -g --location -n --admin-username --image --admin-password --authentication-type
        --use-unmanaged-disk --nsg-rule
      User-Agent:
      - AZURECLI/2.42.0 azsdk-python-azure-mgmt-network/21.0.1 Python/3.10.8 (Linux-5.15.0-1022-azure-x86_64-with-glibc2.31)
        VSTS_7b238909-6802-4b65-b90d-184bca47f458_build_220_0
    method: GET
    uri: https://management.azure.com/subscriptions/00000000-0000-0000-0000-000000000000/resourceGroups/cli-test-disk000001/providers/Microsoft.Network/networkInterfaces/vm-datadisk-testVMNic?api-version=2022-01-01
  response:
    body:
      string: "{\r\n  \"name\": \"vm-datadisk-testVMNic\",\r\n  \"id\": \"/subscriptions/00000000-0000-0000-0000-000000000000/resourceGroups/cli-test-disk000001/providers/Microsoft.Network/networkInterfaces/vm-datadisk-testVMNic\",\r\n
        \ \"etag\": \"W/\\\"90c7ba90-115a-4cb8-8c17-8d240bac3c1e\\\"\",\r\n  \"tags\":
        {},\r\n  \"properties\": {\r\n    \"provisioningState\": \"Succeeded\",\r\n
        \   \"resourceGuid\": \"6e155c1e-9e74-41b9-9422-36ccefab9c51\",\r\n    \"ipConfigurations\":
        [\r\n      {\r\n        \"name\": \"ipconfigvm-datadisk-test\",\r\n        \"id\":
        \"/subscriptions/00000000-0000-0000-0000-000000000000/resourceGroups/cli-test-disk000001/providers/Microsoft.Network/networkInterfaces/vm-datadisk-testVMNic/ipConfigurations/ipconfigvm-datadisk-test\",\r\n
        \       \"etag\": \"W/\\\"90c7ba90-115a-4cb8-8c17-8d240bac3c1e\\\"\",\r\n
        \       \"type\": \"Microsoft.Network/networkInterfaces/ipConfigurations\",\r\n
        \       \"properties\": {\r\n          \"provisioningState\": \"Succeeded\",\r\n
        \         \"privateIPAddress\": \"10.0.0.4\",\r\n          \"privateIPAllocationMethod\":
        \"Dynamic\",\r\n          \"publicIPAddress\": {\r\n            \"id\": \"/subscriptions/00000000-0000-0000-0000-000000000000/resourceGroups/cli-test-disk000001/providers/Microsoft.Network/publicIPAddresses/vm-datadisk-testPublicIP\"\r\n
        \         },\r\n          \"subnet\": {\r\n            \"id\": \"/subscriptions/00000000-0000-0000-0000-000000000000/resourceGroups/cli-test-disk000001/providers/Microsoft.Network/virtualNetworks/vm-datadisk-testVNET/subnets/vm-datadisk-testSubnet\"\r\n
        \         },\r\n          \"primary\": true,\r\n          \"privateIPAddressVersion\":
        \"IPv4\"\r\n        }\r\n      }\r\n    ],\r\n    \"dnsSettings\": {\r\n      \"dnsServers\":
        [],\r\n      \"appliedDnsServers\": [],\r\n      \"internalDomainNameSuffix\":
        \"gpr0ujel2ibuvn3gvgl12z5sob.dx.internal.cloudapp.net\"\r\n    },\r\n    \"macAddress\":
        \"60-45-BD-02-BA-AC\",\r\n    \"vnetEncryptionSupported\": false,\r\n    \"enableIPForwarding\":
        false,\r\n    \"networkSecurityGroup\": {\r\n      \"id\": \"/subscriptions/00000000-0000-0000-0000-000000000000/resourceGroups/cli-test-disk000001/providers/Microsoft.Network/networkSecurityGroups/vm-datadisk-testNSG\"\r\n
        \   },\r\n    \"primary\": true,\r\n    \"virtualMachine\": {\r\n      \"id\":
        \"/subscriptions/00000000-0000-0000-0000-000000000000/resourceGroups/cli-test-disk000001/providers/Microsoft.Compute/virtualMachines/vm-datadisk-test\"\r\n
        \   },\r\n    \"hostedWorkloads\": [],\r\n    \"tapConfigurations\": [],\r\n
        \   \"nicType\": \"Standard\",\r\n    \"allowPort25Out\": true\r\n  },\r\n
        \ \"type\": \"Microsoft.Network/networkInterfaces\",\r\n  \"location\": \"westus\",\r\n
        \ \"kind\": \"Regular\"\r\n}"
    headers:
      cache-control:
      - no-cache
      content-length:
      - '2495'
      content-type:
      - application/json; charset=utf-8
      date:
      - Thu, 17 Nov 2022 10:40:56 GMT
      etag:
      - W/"90c7ba90-115a-4cb8-8c17-8d240bac3c1e"
      expires:
      - '-1'
      pragma:
      - no-cache
      server:
      - Microsoft-HTTPAPI/2.0
      - Microsoft-HTTPAPI/2.0
      strict-transport-security:
      - max-age=31536000; includeSubDomains
      transfer-encoding:
      - chunked
      vary:
      - Accept-Encoding
      x-content-type-options:
      - nosniff
      x-ms-arm-service-request-id:
      - e955c498-a5f6-4831-9ac8-018923c46c25
    status:
      code: 200
      message: OK
- request:
    body: null
    headers:
      Accept:
      - application/json
      Accept-Encoding:
      - gzip, deflate
      CommandName:
      - vm create
      Connection:
      - keep-alive
      ParameterSetName:
      - -g --location -n --admin-username --image --admin-password --authentication-type
        --use-unmanaged-disk --nsg-rule
      User-Agent:
      - AZURECLI/2.42.0 azsdk-python-azure-mgmt-network/21.0.1 Python/3.10.8 (Linux-5.15.0-1022-azure-x86_64-with-glibc2.31)
        VSTS_7b238909-6802-4b65-b90d-184bca47f458_build_220_0
    method: GET
    uri: https://management.azure.com/subscriptions/00000000-0000-0000-0000-000000000000/resourceGroups/cli-test-disk000001/providers/Microsoft.Network/publicIPAddresses/vm-datadisk-testPublicIP?api-version=2022-01-01
  response:
    body:
      string: "{\r\n  \"name\": \"vm-datadisk-testPublicIP\",\r\n  \"id\": \"/subscriptions/00000000-0000-0000-0000-000000000000/resourceGroups/cli-test-disk000001/providers/Microsoft.Network/publicIPAddresses/vm-datadisk-testPublicIP\",\r\n
        \ \"etag\": \"W/\\\"0a04d3fc-b685-4a93-a0e8-4e8695beb281\\\"\",\r\n  \"location\":
        \"westus\",\r\n  \"tags\": {},\r\n  \"properties\": {\r\n    \"provisioningState\":
        \"Succeeded\",\r\n    \"resourceGuid\": \"8d4183ee-2cc9-40f3-9127-14f21d3a6148\",\r\n
        \   \"ipAddress\": \"20.237.180.175\",\r\n    \"publicIPAddressVersion\":
        \"IPv4\",\r\n    \"publicIPAllocationMethod\": \"Dynamic\",\r\n    \"idleTimeoutInMinutes\":
        4,\r\n    \"ipTags\": [],\r\n    \"ipConfiguration\": {\r\n      \"id\": \"/subscriptions/00000000-0000-0000-0000-000000000000/resourceGroups/cli-test-disk000001/providers/Microsoft.Network/networkInterfaces/vm-datadisk-testVMNic/ipConfigurations/ipconfigvm-datadisk-test\"\r\n
        \   }\r\n  },\r\n  \"type\": \"Microsoft.Network/publicIPAddresses\",\r\n
        \ \"sku\": {\r\n    \"name\": \"Basic\",\r\n    \"tier\": \"Regional\"\r\n
        \ }\r\n}"
    headers:
      cache-control:
      - no-cache
      content-length:
      - '963'
      content-type:
      - application/json; charset=utf-8
      date:
      - Thu, 17 Nov 2022 10:40:56 GMT
      etag:
      - W/"0a04d3fc-b685-4a93-a0e8-4e8695beb281"
      expires:
      - '-1'
      pragma:
      - no-cache
      server:
      - Microsoft-HTTPAPI/2.0
      - Microsoft-HTTPAPI/2.0
      strict-transport-security:
      - max-age=31536000; includeSubDomains
      transfer-encoding:
      - chunked
      vary:
      - Accept-Encoding
      x-content-type-options:
      - nosniff
      x-ms-arm-service-request-id:
      - b91ded2b-b4d3-462c-ab04-f9631d8952e1
    status:
      code: 200
      message: OK
- request:
    body: null
    headers:
      Accept:
      - application/json
      Accept-Encoding:
      - gzip, deflate
      CommandName:
      - vm show
      Connection:
      - keep-alive
      ParameterSetName:
      - -g -n
      User-Agent:
      - AZURECLI/2.42.0 azsdk-python-azure-mgmt-compute/29.0.0 Python/3.10.8 (Linux-5.15.0-1022-azure-x86_64-with-glibc2.31)
        VSTS_7b238909-6802-4b65-b90d-184bca47f458_build_220_0
    method: GET
    uri: https://management.azure.com/subscriptions/00000000-0000-0000-0000-000000000000/resourceGroups/cli-test-disk000001/providers/Microsoft.Compute/virtualMachines/vm-datadisk-test?api-version=2022-08-01
  response:
    body:
      string: "{\r\n  \"name\": \"vm-datadisk-test\",\r\n  \"id\": \"/subscriptions/00000000-0000-0000-0000-000000000000/resourceGroups/cli-test-disk000001/providers/Microsoft.Compute/virtualMachines/vm-datadisk-test\",\r\n
        \ \"type\": \"Microsoft.Compute/virtualMachines\",\r\n  \"location\": \"westus\",\r\n
        \ \"tags\": {},\r\n  \"properties\": {\r\n    \"vmId\": \"0ff53af4-65fc-46b2-b1cb-a4c58de748ad\",\r\n
        \   \"hardwareProfile\": {\r\n      \"vmSize\": \"Standard_DS1_v2\"\r\n    },\r\n
        \   \"storageProfile\": {\r\n      \"imageReference\": {\r\n        \"publisher\":
        \"Canonical\",\r\n        \"offer\": \"UbuntuServer\",\r\n        \"sku\":
        \"18.04-LTS\",\r\n        \"version\": \"latest\",\r\n        \"exactVersion\":
        \"18.04.202210180\"\r\n      },\r\n      \"osDisk\": {\r\n        \"osType\":
        \"Linux\",\r\n        \"name\": \"osdisk_a58cc50b9e\",\r\n        \"createOption\":
        \"FromImage\",\r\n        \"vhd\": {\r\n          \"uri\": \"https://vhdstoragea58cc50b9e77c3.blob.core.windows.net/vhds/osdisk_a58cc50b9e.vhd\"\r\n
        \       },\r\n        \"caching\": \"ReadWrite\",\r\n        \"deleteOption\":
        \"Detach\",\r\n        \"diskSizeGB\": 30\r\n      },\r\n      \"dataDisks\":
        []\r\n    },\r\n    \"osProfile\": {\r\n      \"computerName\": \"vm-datadisk-test\",\r\n
        \     \"adminUsername\": \"ubuntu\",\r\n      \"linuxConfiguration\": {\r\n
        \       \"disablePasswordAuthentication\": false,\r\n        \"provisionVMAgent\":
        true,\r\n        \"patchSettings\": {\r\n          \"patchMode\": \"ImageDefault\",\r\n
        \         \"assessmentMode\": \"ImageDefault\"\r\n        },\r\n        \"enableVMAgentPlatformUpdates\":
        false\r\n      },\r\n      \"secrets\": [],\r\n      \"allowExtensionOperations\":
        true,\r\n      \"requireGuestProvisionSignal\": true\r\n    },\r\n    \"networkProfile\":
        {\"networkInterfaces\":[{\"id\":\"/subscriptions/00000000-0000-0000-0000-000000000000/resourceGroups/cli-test-disk000001/providers/Microsoft.Network/networkInterfaces/vm-datadisk-testVMNic\"}]},\r\n
        \   \"provisioningState\": \"Succeeded\",\r\n    \"timeCreated\": \"2022-11-17T10:39:49.9720377+00:00\"\r\n
        \ }\r\n}"
    headers:
      cache-control:
      - no-cache
      content-length:
      - '1866'
      content-type:
      - application/json; charset=utf-8
      date:
      - Thu, 17 Nov 2022 10:40:56 GMT
      expires:
      - '-1'
      pragma:
      - no-cache
      server:
      - Microsoft-HTTPAPI/2.0
      - Microsoft-HTTPAPI/2.0
      strict-transport-security:
      - max-age=31536000; includeSubDomains
      transfer-encoding:
      - chunked
      vary:
      - Accept-Encoding
      x-content-type-options:
      - nosniff
      x-ms-ratelimit-remaining-resource:
      - Microsoft.Compute/LowCostGet3Min;3970,Microsoft.Compute/LowCostGet30Min;31892
    status:
      code: 200
      message: OK
- request:
    body: null
    headers:
      Accept:
      - application/json
      Accept-Encoding:
      - gzip, deflate
      CommandName:
      - vm unmanaged-disk attach
      Connection:
      - keep-alive
      ParameterSetName:
      - -g --vm-name -n --vhd --new --caching --size-gb --lun
      User-Agent:
      - AZURECLI/2.42.0 azsdk-python-azure-mgmt-compute/29.0.0 Python/3.10.8 (Linux-5.15.0-1022-azure-x86_64-with-glibc2.31)
        VSTS_7b238909-6802-4b65-b90d-184bca47f458_build_220_0
    method: GET
    uri: https://management.azure.com/subscriptions/00000000-0000-0000-0000-000000000000/resourceGroups/cli-test-disk000001/providers/Microsoft.Compute/virtualMachines/vm-datadisk-test?api-version=2022-08-01
  response:
    body:
      string: "{\r\n  \"name\": \"vm-datadisk-test\",\r\n  \"id\": \"/subscriptions/00000000-0000-0000-0000-000000000000/resourceGroups/cli-test-disk000001/providers/Microsoft.Compute/virtualMachines/vm-datadisk-test\",\r\n
        \ \"type\": \"Microsoft.Compute/virtualMachines\",\r\n  \"location\": \"westus\",\r\n
        \ \"tags\": {},\r\n  \"properties\": {\r\n    \"vmId\": \"0ff53af4-65fc-46b2-b1cb-a4c58de748ad\",\r\n
        \   \"hardwareProfile\": {\r\n      \"vmSize\": \"Standard_DS1_v2\"\r\n    },\r\n
        \   \"storageProfile\": {\r\n      \"imageReference\": {\r\n        \"publisher\":
        \"Canonical\",\r\n        \"offer\": \"UbuntuServer\",\r\n        \"sku\":
        \"18.04-LTS\",\r\n        \"version\": \"latest\",\r\n        \"exactVersion\":
        \"18.04.202210180\"\r\n      },\r\n      \"osDisk\": {\r\n        \"osType\":
        \"Linux\",\r\n        \"name\": \"osdisk_a58cc50b9e\",\r\n        \"createOption\":
        \"FromImage\",\r\n        \"vhd\": {\r\n          \"uri\": \"https://vhdstoragea58cc50b9e77c3.blob.core.windows.net/vhds/osdisk_a58cc50b9e.vhd\"\r\n
        \       },\r\n        \"caching\": \"ReadWrite\",\r\n        \"deleteOption\":
        \"Detach\",\r\n        \"diskSizeGB\": 30\r\n      },\r\n      \"dataDisks\":
        []\r\n    },\r\n    \"osProfile\": {\r\n      \"computerName\": \"vm-datadisk-test\",\r\n
        \     \"adminUsername\": \"ubuntu\",\r\n      \"linuxConfiguration\": {\r\n
        \       \"disablePasswordAuthentication\": false,\r\n        \"provisionVMAgent\":
        true,\r\n        \"patchSettings\": {\r\n          \"patchMode\": \"ImageDefault\",\r\n
        \         \"assessmentMode\": \"ImageDefault\"\r\n        },\r\n        \"enableVMAgentPlatformUpdates\":
        false\r\n      },\r\n      \"secrets\": [],\r\n      \"allowExtensionOperations\":
        true,\r\n      \"requireGuestProvisionSignal\": true\r\n    },\r\n    \"networkProfile\":
        {\"networkInterfaces\":[{\"id\":\"/subscriptions/00000000-0000-0000-0000-000000000000/resourceGroups/cli-test-disk000001/providers/Microsoft.Network/networkInterfaces/vm-datadisk-testVMNic\"}]},\r\n
        \   \"provisioningState\": \"Succeeded\",\r\n    \"timeCreated\": \"2022-11-17T10:39:49.9720377+00:00\"\r\n
        \ }\r\n}"
    headers:
      cache-control:
      - no-cache
      content-length:
      - '1866'
      content-type:
      - application/json; charset=utf-8
      date:
      - Thu, 17 Nov 2022 10:40:57 GMT
      expires:
      - '-1'
      pragma:
      - no-cache
      server:
      - Microsoft-HTTPAPI/2.0
      - Microsoft-HTTPAPI/2.0
      strict-transport-security:
      - max-age=31536000; includeSubDomains
      transfer-encoding:
      - chunked
      vary:
      - Accept-Encoding
      x-content-type-options:
      - nosniff
      x-ms-ratelimit-remaining-resource:
      - Microsoft.Compute/LowCostGet3Min;3969,Microsoft.Compute/LowCostGet30Min;31891
    status:
      code: 200
      message: OK
- request:
    body: '{"location": "westus", "tags": {}, "properties": {"hardwareProfile": {"vmSize":
      "Standard_DS1_v2"}, "storageProfile": {"osDisk": {"osType": "Linux", "name":
      "osdisk_a58cc50b9e", "vhd": {"uri": "https://vhdstoragea58cc50b9e77c3.blob.core.windows.net/vhds/osdisk_a58cc50b9e.vhd"},
      "caching": "ReadWrite", "createOption": "FromImage", "diskSizeGB": 30, "deleteOption":
      "Detach"}, "dataDisks": [{"lun": 1, "name": "d7", "vhd": {"uri": "https://vhdstoragea58cc50b9e77c3.blob.core.windows.net/vhds/d7.vhd"},
      "caching": "ReadWrite", "createOption": "Empty", "diskSizeGB": 8}]}, "osProfile":
      {"computerName": "vm-datadisk-test", "adminUsername": "ubuntu", "linuxConfiguration":
      {"disablePasswordAuthentication": false, "provisionVMAgent": true, "patchSettings":
      {"patchMode": "ImageDefault", "assessmentMode": "ImageDefault"}, "enableVMAgentPlatformUpdates":
      false}, "secrets": [], "allowExtensionOperations": true, "requireGuestProvisionSignal":
      true}, "networkProfile": {"networkInterfaces": [{"id": "/subscriptions/00000000-0000-0000-0000-000000000000/resourceGroups/cli-test-disk000001/providers/Microsoft.Network/networkInterfaces/vm-datadisk-testVMNic"}]}}}'
    headers:
      Accept:
      - application/json
      Accept-Encoding:
      - gzip, deflate
      CommandName:
      - vm unmanaged-disk attach
      Connection:
      - keep-alive
      Content-Length:
      - '1155'
      Content-Type:
      - application/json
      ParameterSetName:
      - -g --vm-name -n --vhd --new --caching --size-gb --lun
      User-Agent:
      - AZURECLI/2.42.0 azsdk-python-azure-mgmt-compute/29.0.0 Python/3.10.8 (Linux-5.15.0-1022-azure-x86_64-with-glibc2.31)
        VSTS_7b238909-6802-4b65-b90d-184bca47f458_build_220_0
    method: PUT
    uri: https://management.azure.com/subscriptions/00000000-0000-0000-0000-000000000000/resourceGroups/cli-test-disk000001/providers/Microsoft.Compute/virtualMachines/vm-datadisk-test?api-version=2022-08-01
  response:
    body:
      string: "{\r\n  \"name\": \"vm-datadisk-test\",\r\n  \"id\": \"/subscriptions/00000000-0000-0000-0000-000000000000/resourceGroups/cli-test-disk000001/providers/Microsoft.Compute/virtualMachines/vm-datadisk-test\",\r\n
        \ \"type\": \"Microsoft.Compute/virtualMachines\",\r\n  \"location\": \"westus\",\r\n
        \ \"tags\": {},\r\n  \"properties\": {\r\n    \"vmId\": \"0ff53af4-65fc-46b2-b1cb-a4c58de748ad\",\r\n
        \   \"hardwareProfile\": {\r\n      \"vmSize\": \"Standard_DS1_v2\"\r\n    },\r\n
        \   \"storageProfile\": {\r\n      \"imageReference\": {\r\n        \"publisher\":
        \"Canonical\",\r\n        \"offer\": \"UbuntuServer\",\r\n        \"sku\":
        \"18.04-LTS\",\r\n        \"version\": \"latest\",\r\n        \"exactVersion\":
        \"18.04.202210180\"\r\n      },\r\n      \"osDisk\": {\r\n        \"osType\":
        \"Linux\",\r\n        \"name\": \"osdisk_a58cc50b9e\",\r\n        \"createOption\":
        \"FromImage\",\r\n        \"vhd\": {\r\n          \"uri\": \"https://vhdstoragea58cc50b9e77c3.blob.core.windows.net/vhds/osdisk_a58cc50b9e.vhd\"\r\n
        \       },\r\n        \"caching\": \"ReadWrite\",\r\n        \"deleteOption\":
        \"Detach\",\r\n        \"diskSizeGB\": 30\r\n      },\r\n      \"dataDisks\":
        [\r\n        {\r\n          \"lun\": 1,\r\n          \"name\": \"d7\",\r\n
        \         \"createOption\": \"Empty\",\r\n          \"vhd\": {\r\n            \"uri\":
        \"https://vhdstoragea58cc50b9e77c3.blob.core.windows.net/vhds/d7.vhd\"\r\n
        \         },\r\n          \"caching\": \"ReadWrite\",\r\n          \"deleteOption\":
        \"Detach\",\r\n          \"diskSizeGB\": 8,\r\n          \"toBeDetached\":
        false\r\n        }\r\n      ]\r\n    },\r\n    \"osProfile\": {\r\n      \"computerName\":
        \"vm-datadisk-test\",\r\n      \"adminUsername\": \"ubuntu\",\r\n      \"linuxConfiguration\":
        {\r\n        \"disablePasswordAuthentication\": false,\r\n        \"provisionVMAgent\":
        true,\r\n        \"patchSettings\": {\r\n          \"patchMode\": \"ImageDefault\",\r\n
        \         \"assessmentMode\": \"ImageDefault\"\r\n        },\r\n        \"enableVMAgentPlatformUpdates\":
        false\r\n      },\r\n      \"secrets\": [],\r\n      \"allowExtensionOperations\":
        true,\r\n      \"requireGuestProvisionSignal\": true\r\n    },\r\n    \"networkProfile\":
        {\"networkInterfaces\":[{\"id\":\"/subscriptions/00000000-0000-0000-0000-000000000000/resourceGroups/cli-test-disk000001/providers/Microsoft.Network/networkInterfaces/vm-datadisk-testVMNic\"}]},\r\n
        \   \"provisioningState\": \"Updating\",\r\n    \"timeCreated\": \"2022-11-17T10:39:49.9720377+00:00\"\r\n
        \ }\r\n}"
    headers:
      azure-asyncnotification:
      - Enabled
      azure-asyncoperation:
      - https://management.azure.com/subscriptions/00000000-0000-0000-0000-000000000000/providers/Microsoft.Compute/locations/westus/operations/a71a11db-802e-4cd0-9287-3bc44cac8b9d?p=571046f6-b640-41c1-86f7-f9f044b5adf9&api-version=2022-08-01
      cache-control:
      - no-cache
      content-length:
      - '2233'
      content-type:
      - application/json; charset=utf-8
      date:
      - Thu, 17 Nov 2022 10:40:58 GMT
      expires:
      - '-1'
      pragma:
      - no-cache
      server:
      - Microsoft-HTTPAPI/2.0
      - Microsoft-HTTPAPI/2.0
      strict-transport-security:
      - max-age=31536000; includeSubDomains
      transfer-encoding:
      - chunked
      vary:
      - Accept-Encoding
      x-content-type-options:
      - nosniff
      x-ms-ratelimit-remaining-resource:
      - Microsoft.Compute/PutVM3Min;237,Microsoft.Compute/PutVM30Min;1188
      x-ms-ratelimit-remaining-subscription-writes:
      - '1197'
    status:
      code: 200
      message: OK
- request:
    body: null
    headers:
      Accept:
      - '*/*'
      Accept-Encoding:
      - gzip, deflate
      CommandName:
      - vm unmanaged-disk attach
      Connection:
      - keep-alive
      ParameterSetName:
      - -g --vm-name -n --vhd --new --caching --size-gb --lun
      User-Agent:
      - AZURECLI/2.42.0 azsdk-python-azure-mgmt-compute/29.0.0 Python/3.10.8 (Linux-5.15.0-1022-azure-x86_64-with-glibc2.31)
        VSTS_7b238909-6802-4b65-b90d-184bca47f458_build_220_0
    method: GET
    uri: https://management.azure.com/subscriptions/00000000-0000-0000-0000-000000000000/providers/Microsoft.Compute/locations/westus/operations/a71a11db-802e-4cd0-9287-3bc44cac8b9d?p=571046f6-b640-41c1-86f7-f9f044b5adf9&api-version=2022-08-01
  response:
    body:
      string: "{\r\n  \"startTime\": \"2022-11-17T10:40:58.3003525+00:00\",\r\n  \"endTime\":
        \"2022-11-17T10:41:05.1597386+00:00\",\r\n  \"status\": \"Succeeded\",\r\n
        \ \"name\": \"a71a11db-802e-4cd0-9287-3bc44cac8b9d\"\r\n}"
    headers:
      cache-control:
      - no-cache
      content-length:
      - '184'
      content-type:
      - application/json; charset=utf-8
      date:
      - Thu, 17 Nov 2022 10:41:29 GMT
      expires:
      - '-1'
      pragma:
      - no-cache
      server:
      - Microsoft-HTTPAPI/2.0
      - Microsoft-HTTPAPI/2.0
      strict-transport-security:
      - max-age=31536000; includeSubDomains
      transfer-encoding:
      - chunked
      vary:
      - Accept-Encoding
      x-content-type-options:
      - nosniff
      x-ms-ratelimit-remaining-resource:
      - Microsoft.Compute/GetOperation3Min;14624,Microsoft.Compute/GetOperation30Min;29584
    status:
      code: 200
      message: OK
- request:
    body: null
    headers:
      Accept:
      - '*/*'
      Accept-Encoding:
      - gzip, deflate
      CommandName:
      - vm unmanaged-disk attach
      Connection:
      - keep-alive
      ParameterSetName:
      - -g --vm-name -n --vhd --new --caching --size-gb --lun
      User-Agent:
      - AZURECLI/2.42.0 azsdk-python-azure-mgmt-compute/29.0.0 Python/3.10.8 (Linux-5.15.0-1022-azure-x86_64-with-glibc2.31)
        VSTS_7b238909-6802-4b65-b90d-184bca47f458_build_220_0
    method: GET
    uri: https://management.azure.com/subscriptions/00000000-0000-0000-0000-000000000000/resourceGroups/cli-test-disk000001/providers/Microsoft.Compute/virtualMachines/vm-datadisk-test?api-version=2022-08-01
  response:
    body:
      string: "{\r\n  \"name\": \"vm-datadisk-test\",\r\n  \"id\": \"/subscriptions/00000000-0000-0000-0000-000000000000/resourceGroups/cli-test-disk000001/providers/Microsoft.Compute/virtualMachines/vm-datadisk-test\",\r\n
        \ \"type\": \"Microsoft.Compute/virtualMachines\",\r\n  \"location\": \"westus\",\r\n
        \ \"tags\": {},\r\n  \"properties\": {\r\n    \"vmId\": \"0ff53af4-65fc-46b2-b1cb-a4c58de748ad\",\r\n
        \   \"hardwareProfile\": {\r\n      \"vmSize\": \"Standard_DS1_v2\"\r\n    },\r\n
        \   \"storageProfile\": {\r\n      \"imageReference\": {\r\n        \"publisher\":
        \"Canonical\",\r\n        \"offer\": \"UbuntuServer\",\r\n        \"sku\":
        \"18.04-LTS\",\r\n        \"version\": \"latest\",\r\n        \"exactVersion\":
        \"18.04.202210180\"\r\n      },\r\n      \"osDisk\": {\r\n        \"osType\":
        \"Linux\",\r\n        \"name\": \"osdisk_a58cc50b9e\",\r\n        \"createOption\":
        \"FromImage\",\r\n        \"vhd\": {\r\n          \"uri\": \"https://vhdstoragea58cc50b9e77c3.blob.core.windows.net/vhds/osdisk_a58cc50b9e.vhd\"\r\n
        \       },\r\n        \"caching\": \"ReadWrite\",\r\n        \"deleteOption\":
        \"Detach\",\r\n        \"diskSizeGB\": 30\r\n      },\r\n      \"dataDisks\":
        [\r\n        {\r\n          \"lun\": 1,\r\n          \"name\": \"d7\",\r\n
        \         \"createOption\": \"Empty\",\r\n          \"vhd\": {\r\n            \"uri\":
        \"https://vhdstoragea58cc50b9e77c3.blob.core.windows.net/vhds/d7.vhd\"\r\n
        \         },\r\n          \"caching\": \"ReadWrite\",\r\n          \"deleteOption\":
        \"Detach\",\r\n          \"diskSizeGB\": 8,\r\n          \"toBeDetached\":
        false\r\n        }\r\n      ]\r\n    },\r\n    \"osProfile\": {\r\n      \"computerName\":
        \"vm-datadisk-test\",\r\n      \"adminUsername\": \"ubuntu\",\r\n      \"linuxConfiguration\":
        {\r\n        \"disablePasswordAuthentication\": false,\r\n        \"provisionVMAgent\":
        true,\r\n        \"patchSettings\": {\r\n          \"patchMode\": \"ImageDefault\",\r\n
        \         \"assessmentMode\": \"ImageDefault\"\r\n        },\r\n        \"enableVMAgentPlatformUpdates\":
        false\r\n      },\r\n      \"secrets\": [],\r\n      \"allowExtensionOperations\":
        true,\r\n      \"requireGuestProvisionSignal\": true\r\n    },\r\n    \"networkProfile\":
        {\"networkInterfaces\":[{\"id\":\"/subscriptions/00000000-0000-0000-0000-000000000000/resourceGroups/cli-test-disk000001/providers/Microsoft.Network/networkInterfaces/vm-datadisk-testVMNic\"}]},\r\n
        \   \"provisioningState\": \"Succeeded\",\r\n    \"timeCreated\": \"2022-11-17T10:39:49.9720377+00:00\"\r\n
        \ }\r\n}"
    headers:
      cache-control:
      - no-cache
      content-length:
      - '2234'
      content-type:
      - application/json; charset=utf-8
      date:
      - Thu, 17 Nov 2022 10:41:29 GMT
      expires:
      - '-1'
      pragma:
      - no-cache
      server:
      - Microsoft-HTTPAPI/2.0
      - Microsoft-HTTPAPI/2.0
      strict-transport-security:
      - max-age=31536000; includeSubDomains
      transfer-encoding:
      - chunked
      vary:
      - Accept-Encoding
      x-content-type-options:
      - nosniff
      x-ms-ratelimit-remaining-resource:
      - Microsoft.Compute/LowCostGet3Min;3968,Microsoft.Compute/LowCostGet30Min;31886
    status:
      code: 200
      message: OK
- request:
    body: null
    headers:
      Accept:
      - application/json
      Accept-Encoding:
      - gzip, deflate
      CommandName:
      - vm show
      Connection:
      - keep-alive
      ParameterSetName:
      - -g -n
      User-Agent:
      - AZURECLI/2.42.0 azsdk-python-azure-mgmt-compute/29.0.0 Python/3.10.8 (Linux-5.15.0-1022-azure-x86_64-with-glibc2.31)
        VSTS_7b238909-6802-4b65-b90d-184bca47f458_build_220_0
    method: GET
    uri: https://management.azure.com/subscriptions/00000000-0000-0000-0000-000000000000/resourceGroups/cli-test-disk000001/providers/Microsoft.Compute/virtualMachines/vm-datadisk-test?api-version=2022-08-01
  response:
    body:
      string: "{\r\n  \"name\": \"vm-datadisk-test\",\r\n  \"id\": \"/subscriptions/00000000-0000-0000-0000-000000000000/resourceGroups/cli-test-disk000001/providers/Microsoft.Compute/virtualMachines/vm-datadisk-test\",\r\n
        \ \"type\": \"Microsoft.Compute/virtualMachines\",\r\n  \"location\": \"westus\",\r\n
        \ \"tags\": {},\r\n  \"properties\": {\r\n    \"vmId\": \"0ff53af4-65fc-46b2-b1cb-a4c58de748ad\",\r\n
        \   \"hardwareProfile\": {\r\n      \"vmSize\": \"Standard_DS1_v2\"\r\n    },\r\n
        \   \"storageProfile\": {\r\n      \"imageReference\": {\r\n        \"publisher\":
        \"Canonical\",\r\n        \"offer\": \"UbuntuServer\",\r\n        \"sku\":
        \"18.04-LTS\",\r\n        \"version\": \"latest\",\r\n        \"exactVersion\":
        \"18.04.202210180\"\r\n      },\r\n      \"osDisk\": {\r\n        \"osType\":
        \"Linux\",\r\n        \"name\": \"osdisk_a58cc50b9e\",\r\n        \"createOption\":
        \"FromImage\",\r\n        \"vhd\": {\r\n          \"uri\": \"https://vhdstoragea58cc50b9e77c3.blob.core.windows.net/vhds/osdisk_a58cc50b9e.vhd\"\r\n
        \       },\r\n        \"caching\": \"ReadWrite\",\r\n        \"deleteOption\":
        \"Detach\",\r\n        \"diskSizeGB\": 30\r\n      },\r\n      \"dataDisks\":
        [\r\n        {\r\n          \"lun\": 1,\r\n          \"name\": \"d7\",\r\n
        \         \"createOption\": \"Empty\",\r\n          \"vhd\": {\r\n            \"uri\":
        \"https://vhdstoragea58cc50b9e77c3.blob.core.windows.net/vhds/d7.vhd\"\r\n
        \         },\r\n          \"caching\": \"ReadWrite\",\r\n          \"deleteOption\":
        \"Detach\",\r\n          \"diskSizeGB\": 8,\r\n          \"toBeDetached\":
        false\r\n        }\r\n      ]\r\n    },\r\n    \"osProfile\": {\r\n      \"computerName\":
        \"vm-datadisk-test\",\r\n      \"adminUsername\": \"ubuntu\",\r\n      \"linuxConfiguration\":
        {\r\n        \"disablePasswordAuthentication\": false,\r\n        \"provisionVMAgent\":
        true,\r\n        \"patchSettings\": {\r\n          \"patchMode\": \"ImageDefault\",\r\n
        \         \"assessmentMode\": \"ImageDefault\"\r\n        },\r\n        \"enableVMAgentPlatformUpdates\":
        false\r\n      },\r\n      \"secrets\": [],\r\n      \"allowExtensionOperations\":
        true,\r\n      \"requireGuestProvisionSignal\": true\r\n    },\r\n    \"networkProfile\":
        {\"networkInterfaces\":[{\"id\":\"/subscriptions/00000000-0000-0000-0000-000000000000/resourceGroups/cli-test-disk000001/providers/Microsoft.Network/networkInterfaces/vm-datadisk-testVMNic\"}]},\r\n
        \   \"provisioningState\": \"Succeeded\",\r\n    \"timeCreated\": \"2022-11-17T10:39:49.9720377+00:00\"\r\n
        \ }\r\n}"
    headers:
      cache-control:
      - no-cache
      content-length:
      - '2234'
      content-type:
      - application/json; charset=utf-8
      date:
      - Thu, 17 Nov 2022 10:41:29 GMT
      expires:
      - '-1'
      pragma:
      - no-cache
      server:
      - Microsoft-HTTPAPI/2.0
      - Microsoft-HTTPAPI/2.0
      strict-transport-security:
      - max-age=31536000; includeSubDomains
      x-content-type-options:
      - nosniff
      x-ms-ratelimit-remaining-resource:
      - Microsoft.Compute/LowCostGet3Min;3972,Microsoft.Compute/LowCostGet30Min;31885
    status:
      code: 200
      message: OK
- request:
    body: null
    headers:
      Accept:
      - application/json
      Accept-Encoding:
      - gzip, deflate
      CommandName:
      - vm unmanaged-disk detach
      Connection:
      - keep-alive
      ParameterSetName:
      - -g --vm-name -n
      User-Agent:
      - AZURECLI/2.42.0 azsdk-python-azure-mgmt-compute/29.0.0 Python/3.10.8 (Linux-5.15.0-1022-azure-x86_64-with-glibc2.31)
        VSTS_7b238909-6802-4b65-b90d-184bca47f458_build_220_0
    method: GET
    uri: https://management.azure.com/subscriptions/00000000-0000-0000-0000-000000000000/resourceGroups/cli-test-disk000001/providers/Microsoft.Compute/virtualMachines/vm-datadisk-test?api-version=2022-08-01
  response:
    body:
      string: "{\r\n  \"name\": \"vm-datadisk-test\",\r\n  \"id\": \"/subscriptions/00000000-0000-0000-0000-000000000000/resourceGroups/cli-test-disk000001/providers/Microsoft.Compute/virtualMachines/vm-datadisk-test\",\r\n
        \ \"type\": \"Microsoft.Compute/virtualMachines\",\r\n  \"location\": \"westus\",\r\n
        \ \"tags\": {},\r\n  \"properties\": {\r\n    \"vmId\": \"0ff53af4-65fc-46b2-b1cb-a4c58de748ad\",\r\n
        \   \"hardwareProfile\": {\r\n      \"vmSize\": \"Standard_DS1_v2\"\r\n    },\r\n
        \   \"storageProfile\": {\r\n      \"imageReference\": {\r\n        \"publisher\":
        \"Canonical\",\r\n        \"offer\": \"UbuntuServer\",\r\n        \"sku\":
        \"18.04-LTS\",\r\n        \"version\": \"latest\",\r\n        \"exactVersion\":
        \"18.04.202210180\"\r\n      },\r\n      \"osDisk\": {\r\n        \"osType\":
        \"Linux\",\r\n        \"name\": \"osdisk_a58cc50b9e\",\r\n        \"createOption\":
        \"FromImage\",\r\n        \"vhd\": {\r\n          \"uri\": \"https://vhdstoragea58cc50b9e77c3.blob.core.windows.net/vhds/osdisk_a58cc50b9e.vhd\"\r\n
        \       },\r\n        \"caching\": \"ReadWrite\",\r\n        \"deleteOption\":
        \"Detach\",\r\n        \"diskSizeGB\": 30\r\n      },\r\n      \"dataDisks\":
        [\r\n        {\r\n          \"lun\": 1,\r\n          \"name\": \"d7\",\r\n
        \         \"createOption\": \"Empty\",\r\n          \"vhd\": {\r\n            \"uri\":
        \"https://vhdstoragea58cc50b9e77c3.blob.core.windows.net/vhds/d7.vhd\"\r\n
        \         },\r\n          \"caching\": \"ReadWrite\",\r\n          \"deleteOption\":
        \"Detach\",\r\n          \"diskSizeGB\": 8,\r\n          \"toBeDetached\":
        false\r\n        }\r\n      ]\r\n    },\r\n    \"osProfile\": {\r\n      \"computerName\":
        \"vm-datadisk-test\",\r\n      \"adminUsername\": \"ubuntu\",\r\n      \"linuxConfiguration\":
        {\r\n        \"disablePasswordAuthentication\": false,\r\n        \"provisionVMAgent\":
        true,\r\n        \"patchSettings\": {\r\n          \"patchMode\": \"ImageDefault\",\r\n
        \         \"assessmentMode\": \"ImageDefault\"\r\n        },\r\n        \"enableVMAgentPlatformUpdates\":
        false\r\n      },\r\n      \"secrets\": [],\r\n      \"allowExtensionOperations\":
        true,\r\n      \"requireGuestProvisionSignal\": true\r\n    },\r\n    \"networkProfile\":
        {\"networkInterfaces\":[{\"id\":\"/subscriptions/00000000-0000-0000-0000-000000000000/resourceGroups/cli-test-disk000001/providers/Microsoft.Network/networkInterfaces/vm-datadisk-testVMNic\"}]},\r\n
        \   \"provisioningState\": \"Succeeded\",\r\n    \"timeCreated\": \"2022-11-17T10:39:49.9720377+00:00\"\r\n
        \ }\r\n}"
    headers:
      cache-control:
      - no-cache
      content-length:
      - '2234'
      content-type:
      - application/json; charset=utf-8
      date:
      - Thu, 17 Nov 2022 10:41:29 GMT
      expires:
      - '-1'
      pragma:
      - no-cache
      server:
      - Microsoft-HTTPAPI/2.0
      - Microsoft-HTTPAPI/2.0
      strict-transport-security:
      - max-age=31536000; includeSubDomains
      transfer-encoding:
      - chunked
      vary:
      - Accept-Encoding
      x-content-type-options:
      - nosniff
      x-ms-ratelimit-remaining-resource:
      - Microsoft.Compute/LowCostGet3Min;3971,Microsoft.Compute/LowCostGet30Min;31884
    status:
      code: 200
      message: OK
- request:
    body: '{"location": "westus", "tags": {}, "properties": {"hardwareProfile": {"vmSize":
      "Standard_DS1_v2"}, "storageProfile": {"osDisk": {"osType": "Linux", "name":
      "osdisk_a58cc50b9e", "vhd": {"uri": "https://vhdstoragea58cc50b9e77c3.blob.core.windows.net/vhds/osdisk_a58cc50b9e.vhd"},
      "caching": "ReadWrite", "createOption": "FromImage", "diskSizeGB": 30, "deleteOption":
      "Detach"}, "dataDisks": []}, "osProfile": {"computerName": "vm-datadisk-test",
      "adminUsername": "ubuntu", "linuxConfiguration": {"disablePasswordAuthentication":
      false, "provisionVMAgent": true, "patchSettings": {"patchMode": "ImageDefault",
      "assessmentMode": "ImageDefault"}, "enableVMAgentPlatformUpdates": false}, "secrets":
      [], "allowExtensionOperations": true, "requireGuestProvisionSignal": true},
      "networkProfile": {"networkInterfaces": [{"id": "/subscriptions/00000000-0000-0000-0000-000000000000/resourceGroups/cli-test-disk000001/providers/Microsoft.Network/networkInterfaces/vm-datadisk-testVMNic"}]}}}'
    headers:
      Accept:
      - application/json
      Accept-Encoding:
      - gzip, deflate
      CommandName:
      - vm unmanaged-disk detach
      Connection:
      - keep-alive
      Content-Length:
      - '979'
      Content-Type:
      - application/json
      ParameterSetName:
      - -g --vm-name -n
      User-Agent:
      - AZURECLI/2.42.0 azsdk-python-azure-mgmt-compute/29.0.0 Python/3.10.8 (Linux-5.15.0-1022-azure-x86_64-with-glibc2.31)
        VSTS_7b238909-6802-4b65-b90d-184bca47f458_build_220_0
    method: PUT
    uri: https://management.azure.com/subscriptions/00000000-0000-0000-0000-000000000000/resourceGroups/cli-test-disk000001/providers/Microsoft.Compute/virtualMachines/vm-datadisk-test?api-version=2022-08-01
  response:
    body:
      string: "{\r\n  \"name\": \"vm-datadisk-test\",\r\n  \"id\": \"/subscriptions/00000000-0000-0000-0000-000000000000/resourceGroups/cli-test-disk000001/providers/Microsoft.Compute/virtualMachines/vm-datadisk-test\",\r\n
        \ \"type\": \"Microsoft.Compute/virtualMachines\",\r\n  \"location\": \"westus\",\r\n
        \ \"tags\": {},\r\n  \"properties\": {\r\n    \"vmId\": \"0ff53af4-65fc-46b2-b1cb-a4c58de748ad\",\r\n
        \   \"hardwareProfile\": {\r\n      \"vmSize\": \"Standard_DS1_v2\"\r\n    },\r\n
        \   \"storageProfile\": {\r\n      \"imageReference\": {\r\n        \"publisher\":
        \"Canonical\",\r\n        \"offer\": \"UbuntuServer\",\r\n        \"sku\":
        \"18.04-LTS\",\r\n        \"version\": \"latest\",\r\n        \"exactVersion\":
        \"18.04.202210180\"\r\n      },\r\n      \"osDisk\": {\r\n        \"osType\":
        \"Linux\",\r\n        \"name\": \"osdisk_a58cc50b9e\",\r\n        \"createOption\":
        \"FromImage\",\r\n        \"vhd\": {\r\n          \"uri\": \"https://vhdstoragea58cc50b9e77c3.blob.core.windows.net/vhds/osdisk_a58cc50b9e.vhd\"\r\n
        \       },\r\n        \"caching\": \"ReadWrite\",\r\n        \"deleteOption\":
        \"Detach\",\r\n        \"diskSizeGB\": 30\r\n      },\r\n      \"dataDisks\":
        [\r\n        {\r\n          \"lun\": 1,\r\n          \"name\": \"d7\",\r\n
        \         \"createOption\": \"Empty\",\r\n          \"vhd\": {\r\n            \"uri\":
        \"https://vhdstoragea58cc50b9e77c3.blob.core.windows.net/vhds/d7.vhd\"\r\n
        \         },\r\n          \"caching\": \"ReadWrite\",\r\n          \"deleteOption\":
        \"Detach\",\r\n          \"diskSizeGB\": 8,\r\n          \"toBeDetached\":
        true\r\n        }\r\n      ]\r\n    },\r\n    \"osProfile\": {\r\n      \"computerName\":
        \"vm-datadisk-test\",\r\n      \"adminUsername\": \"ubuntu\",\r\n      \"linuxConfiguration\":
        {\r\n        \"disablePasswordAuthentication\": false,\r\n        \"provisionVMAgent\":
        true,\r\n        \"patchSettings\": {\r\n          \"patchMode\": \"ImageDefault\",\r\n
        \         \"assessmentMode\": \"ImageDefault\"\r\n        },\r\n        \"enableVMAgentPlatformUpdates\":
        false\r\n      },\r\n      \"secrets\": [],\r\n      \"allowExtensionOperations\":
        true,\r\n      \"requireGuestProvisionSignal\": true\r\n    },\r\n    \"networkProfile\":
        {\"networkInterfaces\":[{\"id\":\"/subscriptions/00000000-0000-0000-0000-000000000000/resourceGroups/cli-test-disk000001/providers/Microsoft.Network/networkInterfaces/vm-datadisk-testVMNic\"}]},\r\n
        \   \"provisioningState\": \"Updating\",\r\n    \"timeCreated\": \"2022-11-17T10:39:49.9720377+00:00\"\r\n
        \ }\r\n}"
    headers:
      azure-asyncnotification:
      - Enabled
      azure-asyncoperation:
      - https://management.azure.com/subscriptions/00000000-0000-0000-0000-000000000000/providers/Microsoft.Compute/locations/westus/operations/a3b96e1d-591b-46b9-8f64-d3015908e27f?p=571046f6-b640-41c1-86f7-f9f044b5adf9&api-version=2022-08-01
      cache-control:
      - no-cache
      content-length:
      - '2232'
      content-type:
      - application/json; charset=utf-8
      date:
      - Thu, 17 Nov 2022 10:41:32 GMT
      expires:
      - '-1'
      pragma:
      - no-cache
      server:
      - Microsoft-HTTPAPI/2.0
      - Microsoft-HTTPAPI/2.0
      strict-transport-security:
      - max-age=31536000; includeSubDomains
      x-content-type-options:
      - nosniff
      x-ms-ratelimit-remaining-resource:
      - Microsoft.Compute/PutVM3Min;236,Microsoft.Compute/PutVM30Min;1187
      x-ms-ratelimit-remaining-subscription-writes:
      - '1197'
    status:
      code: 200
      message: OK
- request:
    body: null
    headers:
      Accept:
      - '*/*'
      Accept-Encoding:
      - gzip, deflate
      CommandName:
      - vm unmanaged-disk detach
      Connection:
      - keep-alive
      ParameterSetName:
      - -g --vm-name -n
      User-Agent:
      - AZURECLI/2.42.0 azsdk-python-azure-mgmt-compute/29.0.0 Python/3.10.8 (Linux-5.15.0-1022-azure-x86_64-with-glibc2.31)
        VSTS_7b238909-6802-4b65-b90d-184bca47f458_build_220_0
    method: GET
    uri: https://management.azure.com/subscriptions/00000000-0000-0000-0000-000000000000/providers/Microsoft.Compute/locations/westus/operations/a3b96e1d-591b-46b9-8f64-d3015908e27f?p=571046f6-b640-41c1-86f7-f9f044b5adf9&api-version=2022-08-01
  response:
    body:
      string: "{\r\n  \"startTime\": \"2022-11-17T10:41:31.8629258+00:00\",\r\n  \"endTime\":
        \"2022-11-17T10:41:46.8473482+00:00\",\r\n  \"status\": \"Succeeded\",\r\n
        \ \"name\": \"a3b96e1d-591b-46b9-8f64-d3015908e27f\"\r\n}"
    headers:
      cache-control:
      - no-cache
      content-length:
      - '184'
      content-type:
      - application/json; charset=utf-8
      date:
      - Thu, 17 Nov 2022 10:42:03 GMT
      expires:
      - '-1'
      pragma:
      - no-cache
      server:
      - Microsoft-HTTPAPI/2.0
      - Microsoft-HTTPAPI/2.0
      strict-transport-security:
      - max-age=31536000; includeSubDomains
      x-content-type-options:
      - nosniff
      x-ms-ratelimit-remaining-resource:
      - Microsoft.Compute/GetOperation3Min;14607,Microsoft.Compute/GetOperation30Min;29500
    status:
      code: 200
      message: OK
- request:
    body: null
    headers:
      Accept:
      - '*/*'
      Accept-Encoding:
      - gzip, deflate
      CommandName:
      - vm unmanaged-disk detach
      Connection:
      - keep-alive
      ParameterSetName:
      - -g --vm-name -n
      User-Agent:
      - AZURECLI/2.42.0 azsdk-python-azure-mgmt-compute/29.0.0 Python/3.10.8 (Linux-5.15.0-1022-azure-x86_64-with-glibc2.31)
        VSTS_7b238909-6802-4b65-b90d-184bca47f458_build_220_0
    method: GET
    uri: https://management.azure.com/subscriptions/00000000-0000-0000-0000-000000000000/resourceGroups/cli-test-disk000001/providers/Microsoft.Compute/virtualMachines/vm-datadisk-test?api-version=2022-08-01
  response:
    body:
      string: "{\r\n  \"name\": \"vm-datadisk-test\",\r\n  \"id\": \"/subscriptions/00000000-0000-0000-0000-000000000000/resourceGroups/cli-test-disk000001/providers/Microsoft.Compute/virtualMachines/vm-datadisk-test\",\r\n
        \ \"type\": \"Microsoft.Compute/virtualMachines\",\r\n  \"location\": \"westus\",\r\n
        \ \"tags\": {},\r\n  \"properties\": {\r\n    \"vmId\": \"0ff53af4-65fc-46b2-b1cb-a4c58de748ad\",\r\n
        \   \"hardwareProfile\": {\r\n      \"vmSize\": \"Standard_DS1_v2\"\r\n    },\r\n
        \   \"storageProfile\": {\r\n      \"imageReference\": {\r\n        \"publisher\":
        \"Canonical\",\r\n        \"offer\": \"UbuntuServer\",\r\n        \"sku\":
        \"18.04-LTS\",\r\n        \"version\": \"latest\",\r\n        \"exactVersion\":
        \"18.04.202210180\"\r\n      },\r\n      \"osDisk\": {\r\n        \"osType\":
        \"Linux\",\r\n        \"name\": \"osdisk_a58cc50b9e\",\r\n        \"createOption\":
        \"FromImage\",\r\n        \"vhd\": {\r\n          \"uri\": \"https://vhdstoragea58cc50b9e77c3.blob.core.windows.net/vhds/osdisk_a58cc50b9e.vhd\"\r\n
        \       },\r\n        \"caching\": \"ReadWrite\",\r\n        \"deleteOption\":
        \"Detach\",\r\n        \"diskSizeGB\": 30\r\n      },\r\n      \"dataDisks\":
        []\r\n    },\r\n    \"osProfile\": {\r\n      \"computerName\": \"vm-datadisk-test\",\r\n
        \     \"adminUsername\": \"ubuntu\",\r\n      \"linuxConfiguration\": {\r\n
        \       \"disablePasswordAuthentication\": false,\r\n        \"provisionVMAgent\":
        true,\r\n        \"patchSettings\": {\r\n          \"patchMode\": \"ImageDefault\",\r\n
        \         \"assessmentMode\": \"ImageDefault\"\r\n        },\r\n        \"enableVMAgentPlatformUpdates\":
        false\r\n      },\r\n      \"secrets\": [],\r\n      \"allowExtensionOperations\":
        true,\r\n      \"requireGuestProvisionSignal\": true\r\n    },\r\n    \"networkProfile\":
        {\"networkInterfaces\":[{\"id\":\"/subscriptions/00000000-0000-0000-0000-000000000000/resourceGroups/cli-test-disk000001/providers/Microsoft.Network/networkInterfaces/vm-datadisk-testVMNic\"}]},\r\n
        \   \"provisioningState\": \"Succeeded\",\r\n    \"timeCreated\": \"2022-11-17T10:39:49.9720377+00:00\"\r\n
        \ }\r\n}"
    headers:
      cache-control:
      - no-cache
      content-length:
      - '1866'
      content-type:
      - application/json; charset=utf-8
      date:
      - Thu, 17 Nov 2022 10:42:03 GMT
      expires:
      - '-1'
      pragma:
      - no-cache
      server:
      - Microsoft-HTTPAPI/2.0
      - Microsoft-HTTPAPI/2.0
      strict-transport-security:
      - max-age=31536000; includeSubDomains
      x-content-type-options:
      - nosniff
      x-ms-ratelimit-remaining-resource:
      - Microsoft.Compute/LowCostGet3Min;3970,Microsoft.Compute/LowCostGet30Min;31879
    status:
      code: 200
      message: OK
- request:
    body: null
    headers:
      Accept:
      - application/json
      Accept-Encoding:
      - gzip, deflate
      CommandName:
      - vm show
      Connection:
      - keep-alive
      ParameterSetName:
      - -g -n
      User-Agent:
      - AZURECLI/2.42.0 azsdk-python-azure-mgmt-compute/29.0.0 Python/3.10.8 (Linux-5.15.0-1022-azure-x86_64-with-glibc2.31)
        VSTS_7b238909-6802-4b65-b90d-184bca47f458_build_220_0
    method: GET
    uri: https://management.azure.com/subscriptions/00000000-0000-0000-0000-000000000000/resourceGroups/cli-test-disk000001/providers/Microsoft.Compute/virtualMachines/vm-datadisk-test?api-version=2022-08-01
  response:
    body:
      string: "{\r\n  \"name\": \"vm-datadisk-test\",\r\n  \"id\": \"/subscriptions/00000000-0000-0000-0000-000000000000/resourceGroups/cli-test-disk000001/providers/Microsoft.Compute/virtualMachines/vm-datadisk-test\",\r\n
        \ \"type\": \"Microsoft.Compute/virtualMachines\",\r\n  \"location\": \"westus\",\r\n
        \ \"tags\": {},\r\n  \"properties\": {\r\n    \"vmId\": \"0ff53af4-65fc-46b2-b1cb-a4c58de748ad\",\r\n
        \   \"hardwareProfile\": {\r\n      \"vmSize\": \"Standard_DS1_v2\"\r\n    },\r\n
        \   \"storageProfile\": {\r\n      \"imageReference\": {\r\n        \"publisher\":
        \"Canonical\",\r\n        \"offer\": \"UbuntuServer\",\r\n        \"sku\":
        \"18.04-LTS\",\r\n        \"version\": \"latest\",\r\n        \"exactVersion\":
        \"18.04.202210180\"\r\n      },\r\n      \"osDisk\": {\r\n        \"osType\":
        \"Linux\",\r\n        \"name\": \"osdisk_a58cc50b9e\",\r\n        \"createOption\":
        \"FromImage\",\r\n        \"vhd\": {\r\n          \"uri\": \"https://vhdstoragea58cc50b9e77c3.blob.core.windows.net/vhds/osdisk_a58cc50b9e.vhd\"\r\n
        \       },\r\n        \"caching\": \"ReadWrite\",\r\n        \"deleteOption\":
        \"Detach\",\r\n        \"diskSizeGB\": 30\r\n      },\r\n      \"dataDisks\":
        []\r\n    },\r\n    \"osProfile\": {\r\n      \"computerName\": \"vm-datadisk-test\",\r\n
        \     \"adminUsername\": \"ubuntu\",\r\n      \"linuxConfiguration\": {\r\n
        \       \"disablePasswordAuthentication\": false,\r\n        \"provisionVMAgent\":
        true,\r\n        \"patchSettings\": {\r\n          \"patchMode\": \"ImageDefault\",\r\n
        \         \"assessmentMode\": \"ImageDefault\"\r\n        },\r\n        \"enableVMAgentPlatformUpdates\":
        false\r\n      },\r\n      \"secrets\": [],\r\n      \"allowExtensionOperations\":
        true,\r\n      \"requireGuestProvisionSignal\": true\r\n    },\r\n    \"networkProfile\":
        {\"networkInterfaces\":[{\"id\":\"/subscriptions/00000000-0000-0000-0000-000000000000/resourceGroups/cli-test-disk000001/providers/Microsoft.Network/networkInterfaces/vm-datadisk-testVMNic\"}]},\r\n
        \   \"provisioningState\": \"Succeeded\",\r\n    \"timeCreated\": \"2022-11-17T10:39:49.9720377+00:00\"\r\n
        \ }\r\n}"
    headers:
      cache-control:
      - no-cache
      content-length:
      - '1866'
      content-type:
      - application/json; charset=utf-8
      date:
      - Thu, 17 Nov 2022 10:42:03 GMT
      expires:
      - '-1'
      pragma:
      - no-cache
      server:
      - Microsoft-HTTPAPI/2.0
      - Microsoft-HTTPAPI/2.0
      strict-transport-security:
      - max-age=31536000; includeSubDomains
      transfer-encoding:
      - chunked
      vary:
      - Accept-Encoding
      x-content-type-options:
      - nosniff
      x-ms-ratelimit-remaining-resource:
      - Microsoft.Compute/LowCostGet3Min;3969,Microsoft.Compute/LowCostGet30Min;31878
    status:
      code: 200
      message: OK
- request:
    body: null
    headers:
      Accept:
      - application/json
      Accept-Encoding:
      - gzip, deflate
      CommandName:
      - vm unmanaged-disk attach
      Connection:
      - keep-alive
      ParameterSetName:
      - -g --vm-name -n --vhd --caching
      User-Agent:
      - AZURECLI/2.42.0 azsdk-python-azure-mgmt-compute/29.0.0 Python/3.10.8 (Linux-5.15.0-1022-azure-x86_64-with-glibc2.31)
        VSTS_7b238909-6802-4b65-b90d-184bca47f458_build_220_0
    method: GET
    uri: https://management.azure.com/subscriptions/00000000-0000-0000-0000-000000000000/resourceGroups/cli-test-disk000001/providers/Microsoft.Compute/virtualMachines/vm-datadisk-test?api-version=2022-08-01
  response:
    body:
      string: "{\r\n  \"name\": \"vm-datadisk-test\",\r\n  \"id\": \"/subscriptions/00000000-0000-0000-0000-000000000000/resourceGroups/cli-test-disk000001/providers/Microsoft.Compute/virtualMachines/vm-datadisk-test\",\r\n
        \ \"type\": \"Microsoft.Compute/virtualMachines\",\r\n  \"location\": \"westus\",\r\n
        \ \"tags\": {},\r\n  \"properties\": {\r\n    \"vmId\": \"0ff53af4-65fc-46b2-b1cb-a4c58de748ad\",\r\n
        \   \"hardwareProfile\": {\r\n      \"vmSize\": \"Standard_DS1_v2\"\r\n    },\r\n
        \   \"storageProfile\": {\r\n      \"imageReference\": {\r\n        \"publisher\":
        \"Canonical\",\r\n        \"offer\": \"UbuntuServer\",\r\n        \"sku\":
        \"18.04-LTS\",\r\n        \"version\": \"latest\",\r\n        \"exactVersion\":
        \"18.04.202210180\"\r\n      },\r\n      \"osDisk\": {\r\n        \"osType\":
        \"Linux\",\r\n        \"name\": \"osdisk_a58cc50b9e\",\r\n        \"createOption\":
        \"FromImage\",\r\n        \"vhd\": {\r\n          \"uri\": \"https://vhdstoragea58cc50b9e77c3.blob.core.windows.net/vhds/osdisk_a58cc50b9e.vhd\"\r\n
        \       },\r\n        \"caching\": \"ReadWrite\",\r\n        \"deleteOption\":
        \"Detach\",\r\n        \"diskSizeGB\": 30\r\n      },\r\n      \"dataDisks\":
        []\r\n    },\r\n    \"osProfile\": {\r\n      \"computerName\": \"vm-datadisk-test\",\r\n
        \     \"adminUsername\": \"ubuntu\",\r\n      \"linuxConfiguration\": {\r\n
        \       \"disablePasswordAuthentication\": false,\r\n        \"provisionVMAgent\":
        true,\r\n        \"patchSettings\": {\r\n          \"patchMode\": \"ImageDefault\",\r\n
        \         \"assessmentMode\": \"ImageDefault\"\r\n        },\r\n        \"enableVMAgentPlatformUpdates\":
        false\r\n      },\r\n      \"secrets\": [],\r\n      \"allowExtensionOperations\":
        true,\r\n      \"requireGuestProvisionSignal\": true\r\n    },\r\n    \"networkProfile\":
        {\"networkInterfaces\":[{\"id\":\"/subscriptions/00000000-0000-0000-0000-000000000000/resourceGroups/cli-test-disk000001/providers/Microsoft.Network/networkInterfaces/vm-datadisk-testVMNic\"}]},\r\n
        \   \"provisioningState\": \"Succeeded\",\r\n    \"timeCreated\": \"2022-11-17T10:39:49.9720377+00:00\"\r\n
        \ }\r\n}"
    headers:
      cache-control:
      - no-cache
      content-length:
      - '1866'
      content-type:
      - application/json; charset=utf-8
      date:
      - Thu, 17 Nov 2022 10:42:03 GMT
      expires:
      - '-1'
      pragma:
      - no-cache
      server:
      - Microsoft-HTTPAPI/2.0
      - Microsoft-HTTPAPI/2.0
      strict-transport-security:
      - max-age=31536000; includeSubDomains
      x-content-type-options:
      - nosniff
      x-ms-ratelimit-remaining-resource:
      - Microsoft.Compute/LowCostGet3Min;3968,Microsoft.Compute/LowCostGet30Min;31877
    status:
      code: 200
      message: OK
- request:
    body: '{"location": "westus", "tags": {}, "properties": {"hardwareProfile": {"vmSize":
      "Standard_DS1_v2"}, "storageProfile": {"osDisk": {"osType": "Linux", "name":
      "osdisk_a58cc50b9e", "vhd": {"uri": "https://vhdstoragea58cc50b9e77c3.blob.core.windows.net/vhds/osdisk_a58cc50b9e.vhd"},
      "caching": "ReadWrite", "createOption": "FromImage", "diskSizeGB": 30, "deleteOption":
      "Detach"}, "dataDisks": [{"lun": 0, "name": "d7", "vhd": {"uri": "https://vhdstoragea58cc50b9e77c3.blob.core.windows.net/vhds/d7.vhd"},
      "caching": "ReadOnly", "createOption": "Attach"}]}, "osProfile": {"computerName":
      "vm-datadisk-test", "adminUsername": "ubuntu", "linuxConfiguration": {"disablePasswordAuthentication":
      false, "provisionVMAgent": true, "patchSettings": {"patchMode": "ImageDefault",
      "assessmentMode": "ImageDefault"}, "enableVMAgentPlatformUpdates": false}, "secrets":
      [], "allowExtensionOperations": true, "requireGuestProvisionSignal": true},
      "networkProfile": {"networkInterfaces": [{"id": "/subscriptions/00000000-0000-0000-0000-000000000000/resourceGroups/cli-test-disk000001/providers/Microsoft.Network/networkInterfaces/vm-datadisk-testVMNic"}]}}}'
    headers:
      Accept:
      - application/json
      Accept-Encoding:
      - gzip, deflate
      CommandName:
      - vm unmanaged-disk attach
      Connection:
      - keep-alive
      Content-Length:
      - '1138'
      Content-Type:
      - application/json
      ParameterSetName:
      - -g --vm-name -n --vhd --caching
      User-Agent:
      - AZURECLI/2.42.0 azsdk-python-azure-mgmt-compute/29.0.0 Python/3.10.8 (Linux-5.15.0-1022-azure-x86_64-with-glibc2.31)
        VSTS_7b238909-6802-4b65-b90d-184bca47f458_build_220_0
    method: PUT
    uri: https://management.azure.com/subscriptions/00000000-0000-0000-0000-000000000000/resourceGroups/cli-test-disk000001/providers/Microsoft.Compute/virtualMachines/vm-datadisk-test?api-version=2022-08-01
  response:
    body:
      string: "{\r\n  \"name\": \"vm-datadisk-test\",\r\n  \"id\": \"/subscriptions/00000000-0000-0000-0000-000000000000/resourceGroups/cli-test-disk000001/providers/Microsoft.Compute/virtualMachines/vm-datadisk-test\",\r\n
        \ \"type\": \"Microsoft.Compute/virtualMachines\",\r\n  \"location\": \"westus\",\r\n
        \ \"tags\": {},\r\n  \"properties\": {\r\n    \"vmId\": \"0ff53af4-65fc-46b2-b1cb-a4c58de748ad\",\r\n
        \   \"hardwareProfile\": {\r\n      \"vmSize\": \"Standard_DS1_v2\"\r\n    },\r\n
        \   \"storageProfile\": {\r\n      \"imageReference\": {\r\n        \"publisher\":
        \"Canonical\",\r\n        \"offer\": \"UbuntuServer\",\r\n        \"sku\":
        \"18.04-LTS\",\r\n        \"version\": \"latest\",\r\n        \"exactVersion\":
        \"18.04.202210180\"\r\n      },\r\n      \"osDisk\": {\r\n        \"osType\":
        \"Linux\",\r\n        \"name\": \"osdisk_a58cc50b9e\",\r\n        \"createOption\":
        \"FromImage\",\r\n        \"vhd\": {\r\n          \"uri\": \"https://vhdstoragea58cc50b9e77c3.blob.core.windows.net/vhds/osdisk_a58cc50b9e.vhd\"\r\n
        \       },\r\n        \"caching\": \"ReadWrite\",\r\n        \"deleteOption\":
        \"Detach\",\r\n        \"diskSizeGB\": 30\r\n      },\r\n      \"dataDisks\":
        [\r\n        {\r\n          \"lun\": 0,\r\n          \"name\": \"d7\",\r\n
        \         \"createOption\": \"Attach\",\r\n          \"vhd\": {\r\n            \"uri\":
        \"https://vhdstoragea58cc50b9e77c3.blob.core.windows.net/vhds/d7.vhd\"\r\n
        \         },\r\n          \"caching\": \"ReadOnly\",\r\n          \"deleteOption\":
        \"Detach\",\r\n          \"toBeDetached\": false\r\n        }\r\n      ]\r\n
        \   },\r\n    \"osProfile\": {\r\n      \"computerName\": \"vm-datadisk-test\",\r\n
        \     \"adminUsername\": \"ubuntu\",\r\n      \"linuxConfiguration\": {\r\n
        \       \"disablePasswordAuthentication\": false,\r\n        \"provisionVMAgent\":
        true,\r\n        \"patchSettings\": {\r\n          \"patchMode\": \"ImageDefault\",\r\n
        \         \"assessmentMode\": \"ImageDefault\"\r\n        },\r\n        \"enableVMAgentPlatformUpdates\":
        false\r\n      },\r\n      \"secrets\": [],\r\n      \"allowExtensionOperations\":
        true,\r\n      \"requireGuestProvisionSignal\": true\r\n    },\r\n    \"networkProfile\":
        {\"networkInterfaces\":[{\"id\":\"/subscriptions/00000000-0000-0000-0000-000000000000/resourceGroups/cli-test-disk000001/providers/Microsoft.Network/networkInterfaces/vm-datadisk-testVMNic\"}]},\r\n
        \   \"provisioningState\": \"Updating\",\r\n    \"timeCreated\": \"2022-11-17T10:39:49.9720377+00:00\"\r\n
        \ }\r\n}"
    headers:
      azure-asyncnotification:
      - Enabled
      azure-asyncoperation:
      - https://management.azure.com/subscriptions/00000000-0000-0000-0000-000000000000/providers/Microsoft.Compute/locations/westus/operations/d6ae9117-ac4b-4ce5-b97d-ccab7e8dd689?p=571046f6-b640-41c1-86f7-f9f044b5adf9&api-version=2022-08-01
      cache-control:
      - no-cache
      content-length:
      - '2205'
      content-type:
      - application/json; charset=utf-8
      date:
      - Thu, 17 Nov 2022 10:42:05 GMT
      expires:
      - '-1'
      pragma:
      - no-cache
      server:
      - Microsoft-HTTPAPI/2.0
      - Microsoft-HTTPAPI/2.0
      strict-transport-security:
      - max-age=31536000; includeSubDomains
      transfer-encoding:
      - chunked
      vary:
      - Accept-Encoding
      x-content-type-options:
      - nosniff
      x-ms-ratelimit-remaining-resource:
      - Microsoft.Compute/PutVM3Min;236,Microsoft.Compute/PutVM30Min;1186
      x-ms-ratelimit-remaining-subscription-writes:
      - '1199'
    status:
      code: 200
      message: OK
- request:
    body: null
    headers:
      Accept:
      - '*/*'
      Accept-Encoding:
      - gzip, deflate
      CommandName:
      - vm unmanaged-disk attach
      Connection:
      - keep-alive
      ParameterSetName:
      - -g --vm-name -n --vhd --caching
      User-Agent:
      - AZURECLI/2.42.0 azsdk-python-azure-mgmt-compute/29.0.0 Python/3.10.8 (Linux-5.15.0-1022-azure-x86_64-with-glibc2.31)
        VSTS_7b238909-6802-4b65-b90d-184bca47f458_build_220_0
    method: GET
    uri: https://management.azure.com/subscriptions/00000000-0000-0000-0000-000000000000/providers/Microsoft.Compute/locations/westus/operations/d6ae9117-ac4b-4ce5-b97d-ccab7e8dd689?p=571046f6-b640-41c1-86f7-f9f044b5adf9&api-version=2022-08-01
  response:
    body:
      string: "{\r\n  \"startTime\": \"2022-11-17T10:42:05.1442822+00:00\",\r\n  \"endTime\":
        \"2022-11-17T10:42:14.0505513+00:00\",\r\n  \"status\": \"Succeeded\",\r\n
        \ \"name\": \"d6ae9117-ac4b-4ce5-b97d-ccab7e8dd689\"\r\n}"
    headers:
      cache-control:
      - no-cache
      content-length:
      - '184'
      content-type:
      - application/json; charset=utf-8
      date:
      - Thu, 17 Nov 2022 10:42:35 GMT
      expires:
      - '-1'
      pragma:
      - no-cache
      server:
      - Microsoft-HTTPAPI/2.0
      - Microsoft-HTTPAPI/2.0
      strict-transport-security:
      - max-age=31536000; includeSubDomains
      transfer-encoding:
      - chunked
      vary:
      - Accept-Encoding
      x-content-type-options:
      - nosniff
      x-ms-ratelimit-remaining-resource:
      - Microsoft.Compute/GetOperation3Min;14599,Microsoft.Compute/GetOperation30Min;29417
    status:
      code: 200
      message: OK
- request:
    body: null
    headers:
      Accept:
      - '*/*'
      Accept-Encoding:
      - gzip, deflate
      CommandName:
      - vm unmanaged-disk attach
      Connection:
      - keep-alive
      ParameterSetName:
      - -g --vm-name -n --vhd --caching
      User-Agent:
      - AZURECLI/2.42.0 azsdk-python-azure-mgmt-compute/29.0.0 Python/3.10.8 (Linux-5.15.0-1022-azure-x86_64-with-glibc2.31)
        VSTS_7b238909-6802-4b65-b90d-184bca47f458_build_220_0
    method: GET
    uri: https://management.azure.com/subscriptions/00000000-0000-0000-0000-000000000000/resourceGroups/cli-test-disk000001/providers/Microsoft.Compute/virtualMachines/vm-datadisk-test?api-version=2022-08-01
  response:
    body:
      string: "{\r\n  \"name\": \"vm-datadisk-test\",\r\n  \"id\": \"/subscriptions/00000000-0000-0000-0000-000000000000/resourceGroups/cli-test-disk000001/providers/Microsoft.Compute/virtualMachines/vm-datadisk-test\",\r\n
        \ \"type\": \"Microsoft.Compute/virtualMachines\",\r\n  \"location\": \"westus\",\r\n
        \ \"tags\": {},\r\n  \"properties\": {\r\n    \"vmId\": \"0ff53af4-65fc-46b2-b1cb-a4c58de748ad\",\r\n
        \   \"hardwareProfile\": {\r\n      \"vmSize\": \"Standard_DS1_v2\"\r\n    },\r\n
        \   \"storageProfile\": {\r\n      \"imageReference\": {\r\n        \"publisher\":
        \"Canonical\",\r\n        \"offer\": \"UbuntuServer\",\r\n        \"sku\":
        \"18.04-LTS\",\r\n        \"version\": \"latest\",\r\n        \"exactVersion\":
        \"18.04.202210180\"\r\n      },\r\n      \"osDisk\": {\r\n        \"osType\":
        \"Linux\",\r\n        \"name\": \"osdisk_a58cc50b9e\",\r\n        \"createOption\":
        \"FromImage\",\r\n        \"vhd\": {\r\n          \"uri\": \"https://vhdstoragea58cc50b9e77c3.blob.core.windows.net/vhds/osdisk_a58cc50b9e.vhd\"\r\n
        \       },\r\n        \"caching\": \"ReadWrite\",\r\n        \"deleteOption\":
        \"Detach\",\r\n        \"diskSizeGB\": 30\r\n      },\r\n      \"dataDisks\":
        [\r\n        {\r\n          \"lun\": 0,\r\n          \"name\": \"d7\",\r\n
        \         \"createOption\": \"Attach\",\r\n          \"vhd\": {\r\n            \"uri\":
        \"https://vhdstoragea58cc50b9e77c3.blob.core.windows.net/vhds/d7.vhd\"\r\n
        \         },\r\n          \"caching\": \"ReadOnly\",\r\n          \"deleteOption\":
        \"Detach\",\r\n          \"diskSizeGB\": 8,\r\n          \"toBeDetached\":
        false\r\n        }\r\n      ]\r\n    },\r\n    \"osProfile\": {\r\n      \"computerName\":
        \"vm-datadisk-test\",\r\n      \"adminUsername\": \"ubuntu\",\r\n      \"linuxConfiguration\":
        {\r\n        \"disablePasswordAuthentication\": false,\r\n        \"provisionVMAgent\":
        true,\r\n        \"patchSettings\": {\r\n          \"patchMode\": \"ImageDefault\",\r\n
        \         \"assessmentMode\": \"ImageDefault\"\r\n        },\r\n        \"enableVMAgentPlatformUpdates\":
        false\r\n      },\r\n      \"secrets\": [],\r\n      \"allowExtensionOperations\":
        true,\r\n      \"requireGuestProvisionSignal\": true\r\n    },\r\n    \"networkProfile\":
        {\"networkInterfaces\":[{\"id\":\"/subscriptions/00000000-0000-0000-0000-000000000000/resourceGroups/cli-test-disk000001/providers/Microsoft.Network/networkInterfaces/vm-datadisk-testVMNic\"}]},\r\n
        \   \"provisioningState\": \"Succeeded\",\r\n    \"timeCreated\": \"2022-11-17T10:39:49.9720377+00:00\"\r\n
        \ }\r\n}"
    headers:
      cache-control:
      - no-cache
      content-length:
      - '2234'
      content-type:
      - application/json; charset=utf-8
      date:
      - Thu, 17 Nov 2022 10:42:36 GMT
      expires:
      - '-1'
      pragma:
      - no-cache
      server:
      - Microsoft-HTTPAPI/2.0
      - Microsoft-HTTPAPI/2.0
      strict-transport-security:
      - max-age=31536000; includeSubDomains
      transfer-encoding:
      - chunked
      vary:
      - Accept-Encoding
      x-content-type-options:
      - nosniff
      x-ms-ratelimit-remaining-resource:
      - Microsoft.Compute/LowCostGet3Min;3964,Microsoft.Compute/LowCostGet30Min;31870
    status:
      code: 200
      message: OK
version: 1
