interactions:
- request:
    body: null
    headers:
      Accept:
      - application/json
      Accept-Encoding:
      - gzip, deflate
      CommandName:
      - vm create
      Connection:
      - keep-alive
      ParameterSetName:
      - -g -n --admin-username --admin-password --image --storage-sku --data-disk-sizes-gb
      User-Agent:
      - python/3.7.4 (Windows-10-10.0.18362-SP0) msrest/0.6.10 msrest_azure/0.6.2
        azure-mgmt-resource/4.0.0 Azure-SDK-For-Python AZURECLI/2.0.75
      accept-language:
      - en-US
    method: GET
    uri: https://management.azure.com/subscriptions/00000000-0000-0000-0000-000000000000/resourcegroups/cli-test-stdssdk000001?api-version=2019-07-01
  response:
    body:
      string: '{"id":"/subscriptions/00000000-0000-0000-0000-000000000000/resourceGroups/cli-test-stdssdk000001","name":"cli-test-stdssdk000001","type":"Microsoft.Resources/resourceGroups","location":"eastus2","tags":{"product":"azurecli","cause":"automation","date":"2019-11-01T08:17:02Z"},"properties":{"provisioningState":"Succeeded"}}'
    headers:
      cache-control:
      - no-cache
      content-length:
      - '429'
      content-type:
      - application/json; charset=utf-8
      date:
      - Fri, 01 Nov 2019 08:17:07 GMT
      expires:
      - '-1'
      pragma:
      - no-cache
      strict-transport-security:
      - max-age=31536000; includeSubDomains
      vary:
      - Accept-Encoding
      x-content-type-options:
      - nosniff
    status:
      code: 200
      message: OK
- request:
    body: null
    headers:
      Accept:
      - '*/*'
      Accept-Encoding:
      - gzip, deflate
      Connection:
      - keep-alive
      User-Agent:
      - python-requests/2.22.0
    method: GET
    uri: https://raw.githubusercontent.com/Azure/azure-rest-api-specs/master/arm-compute/quickstart-templates/aliases.json
  response:
    body:
      string: "{\n  \"$schema\": \"http://schema.management.azure.com/schemas/2015-01-01/deploymentTemplate.json\",\n
        \ \"contentVersion\": \"1.0.0.0\",\n  \"parameters\": {},\n  \"variables\":
        {},\n  \"resources\": [],\n  \"outputs\": {\n    \"aliases\": {\n      \"type\":
        \"object\",\n      \"value\": {\n        \"Linux\": {\n          \"CentOS\":
        {\n            \"publisher\": \"OpenLogic\",\n            \"offer\": \"CentOS\",\n
        \           \"sku\": \"7.5\",\n            \"version\": \"latest\"\n          },\n
        \         \"CoreOS\": {\n            \"publisher\": \"CoreOS\",\n            \"offer\":
        \"CoreOS\",\n            \"sku\": \"Stable\",\n            \"version\": \"latest\"\n
        \         },\n          \"Debian\": {\n            \"publisher\": \"Debian\",\n
        \           \"offer\": \"debian-10\",\n            \"sku\": \"10\",\n            \"version\":
        \"latest\"\n          },\n          \"openSUSE-Leap\": {\n            \"publisher\":
        \"SUSE\",\n            \"offer\": \"openSUSE-Leap\",\n            \"sku\":
        \"42.3\",\n            \"version\": \"latest\"\n          },\n          \"RHEL\":
        {\n            \"publisher\": \"RedHat\",\n            \"offer\": \"RHEL\",\n
        \           \"sku\": \"7-LVM\",\n            \"version\": \"latest\"\n          },\n
        \         \"SLES\": {\n            \"publisher\": \"SUSE\",\n            \"offer\":
        \"SLES\",\n            \"sku\": \"15\",\n            \"version\": \"latest\"\n
        \         },\n          \"UbuntuLTS\": {\n            \"publisher\": \"Canonical\",\n
        \           \"offer\": \"UbuntuServer\",\n            \"sku\": \"18.04-LTS\",\n
        \           \"version\": \"latest\"\n          }\n        },\n        \"Windows\":
        {\n          \"Win2019Datacenter\": {\n            \"publisher\": \"MicrosoftWindowsServer\",\n
        \           \"offer\": \"WindowsServer\",\n            \"sku\": \"2019-Datacenter\",\n
        \           \"version\": \"latest\"\n          },\n          \"Win2016Datacenter\":
        {\n            \"publisher\": \"MicrosoftWindowsServer\",\n            \"offer\":
        \"WindowsServer\",\n            \"sku\": \"2016-Datacenter\",\n            \"version\":
        \"latest\"\n          },\n          \"Win2012R2Datacenter\": {\n            \"publisher\":
        \"MicrosoftWindowsServer\",\n            \"offer\": \"WindowsServer\",\n            \"sku\":
        \"2012-R2-Datacenter\",\n            \"version\": \"latest\"\n          },\n
        \         \"Win2012Datacenter\": {\n            \"publisher\": \"MicrosoftWindowsServer\",\n
        \           \"offer\": \"WindowsServer\",\n            \"sku\": \"2012-Datacenter\",\n
        \           \"version\": \"latest\"\n          },\n          \"Win2008R2SP1\":
        {\n            \"publisher\": \"MicrosoftWindowsServer\",\n            \"offer\":
        \"WindowsServer\",\n            \"sku\": \"2008-R2-SP1\",\n            \"version\":
        \"latest\"\n          }\n        }\n      }\n    }\n  }\n}\n"
    headers:
      accept-ranges:
      - bytes
      access-control-allow-origin:
      - '*'
      cache-control:
      - max-age=300
      connection:
      - keep-alive
      content-length:
      - '2501'
      content-security-policy:
      - default-src 'none'; style-src 'unsafe-inline'; sandbox
      content-type:
      - text/plain; charset=utf-8
      date:
      - Fri, 01 Nov 2019 08:17:08 GMT
      etag:
      - W/"540044b4084c3c314537f1baa1770f248628b2bc9ba0328f1004c33862e049da"
      expires:
      - Fri, 01 Nov 2019 08:22:08 GMT
      source-age:
      - '217'
      strict-transport-security:
      - max-age=31536000
      vary:
      - Authorization,Accept-Encoding, Accept-Encoding
      via:
      - 1.1 varnish
      x-cache:
      - HIT
      x-cache-hits:
      - '2'
      x-content-type-options:
      - nosniff
      x-fastly-request-id:
      - bb7aa8971faca3ca6e0da916c2fad627df81777e
      x-frame-options:
      - deny
      x-geo-block-list:
      - ''
      x-github-request-id:
      - 15F4:044C:21D788:244C2E:5DBBE92B
      x-served-by:
      - cache-sin18051-SIN
      x-timer:
      - S1572596229.525775,VS0,VE0
      x-xss-protection:
      - 1; mode=block
    status:
      code: 200
      message: OK
- request:
    body: null
    headers:
      Accept:
      - application/json
      Accept-Encoding:
      - gzip, deflate
      CommandName:
      - vm create
      Connection:
      - keep-alive
      ParameterSetName:
      - -g -n --admin-username --admin-password --image --storage-sku --data-disk-sizes-gb
      User-Agent:
      - python/3.7.4 (Windows-10-10.0.18362-SP0) msrest/0.6.10 msrest_azure/0.6.2
        azure-mgmt-network/7.0.0 Azure-SDK-For-Python AZURECLI/2.0.75
      accept-language:
      - en-US
    method: GET
    uri: https://management.azure.com/subscriptions/00000000-0000-0000-0000-000000000000/resourceGroups/cli-test-stdssdk000001/providers/Microsoft.Network/virtualNetworks?api-version=2018-01-01
  response:
    body:
      string: '{"value":[]}'
    headers:
      cache-control:
      - no-cache
      content-length:
      - '12'
      content-type:
      - application/json; charset=utf-8
      date:
      - Fri, 01 Nov 2019 08:17:08 GMT
      expires:
      - '-1'
      pragma:
      - no-cache
      strict-transport-security:
      - max-age=31536000; includeSubDomains
      vary:
      - Accept-Encoding
      x-content-type-options:
      - nosniff
    status:
      code: 200
      message: OK
- request:
    body: 'b''{"properties": {"template": {"$schema": "https://schema.management.azure.com/schemas/2015-01-01/deploymentTemplate.json#",
      "contentVersion": "1.0.0.0", "parameters": {"adminPassword": {"type": "securestring",
      "metadata": {"description": "Secure adminPassword"}}}, "variables": {}, "resources":
      [{"name": "vm-storage-sku-testVNET", "type": "Microsoft.Network/virtualNetworks",
      "location": "eastus2", "apiVersion": "2015-06-15", "dependsOn": [], "tags":
      {}, "properties": {"addressSpace": {"addressPrefixes": ["10.0.0.0/16"]}, "subnets":
      [{"name": "vm-storage-sku-testSubnet", "properties": {"addressPrefix": "10.0.0.0/24"}}]}},
      {"type": "Microsoft.Network/networkSecurityGroups", "name": "vm-storage-sku-testNSG",
      "apiVersion": "2015-06-15", "location": "eastus2", "tags": {}, "dependsOn":
      [], "properties": {"securityRules": [{"name": "default-allow-ssh", "properties":
      {"protocol": "Tcp", "sourcePortRange": "*", "destinationPortRange": "22", "sourceAddressPrefix":
      "*", "destinationAddressPrefix": "*", "access": "Allow", "priority": 1000, "direction":
      "Inbound"}}]}}, {"apiVersion": "2018-01-01", "type": "Microsoft.Network/publicIPAddresses",
      "name": "vm-storage-sku-testPublicIP", "location": "eastus2", "tags": {}, "dependsOn":
      [], "properties": {"publicIPAllocationMethod": null}}, {"apiVersion": "2015-06-15",
      "type": "Microsoft.Network/networkInterfaces", "name": "vm-storage-sku-testVMNic",
      "location": "eastus2", "tags": {}, "dependsOn": ["Microsoft.Network/virtualNetworks/vm-storage-sku-testVNET",
      "Microsoft.Network/networkSecurityGroups/vm-storage-sku-testNSG", "Microsoft.Network/publicIpAddresses/vm-storage-sku-testPublicIP"],
      "properties": {"ipConfigurations": [{"name": "ipconfigvm-storage-sku-test",
      "properties": {"privateIPAllocationMethod": "Dynamic", "subnet": {"id": "/subscriptions/00000000-0000-0000-0000-000000000000/resourceGroups/cli-test-stdssdk000001/providers/Microsoft.Network/virtualNetworks/vm-storage-sku-testVNET/subnets/vm-storage-sku-testSubnet"},
      "publicIPAddress": {"id": "/subscriptions/00000000-0000-0000-0000-000000000000/resourceGroups/cli-test-stdssdk000001/providers/Microsoft.Network/publicIPAddresses/vm-storage-sku-testPublicIP"}}}],
      "networkSecurityGroup": {"id": "/subscriptions/00000000-0000-0000-0000-000000000000/resourceGroups/cli-test-stdssdk000001/providers/Microsoft.Network/networkSecurityGroups/vm-storage-sku-testNSG"}}},
      {"apiVersion": "2019-07-01", "type": "Microsoft.Compute/virtualMachines", "name":
      "vm-storage-sku-test", "location": "eastus2", "tags": {}, "dependsOn": ["Microsoft.Network/networkInterfaces/vm-storage-sku-testVMNic"],
      "properties": {"hardwareProfile": {"vmSize": "Standard_DS1_v2"}, "networkProfile":
      {"networkInterfaces": [{"id": "/subscriptions/00000000-0000-0000-0000-000000000000/resourceGroups/cli-test-stdssdk000001/providers/Microsoft.Network/networkInterfaces/vm-storage-sku-testVMNic"}]},
      "storageProfile": {"osDisk": {"createOption": "fromImage", "name": null, "caching":
      "ReadWrite", "managedDisk": {"storageAccountType": "StandardSSD_LRS"}}, "imageReference":
      {"publisher": "Debian", "offer": "debian-10", "sku": "10", "version": "latest"},
      "dataDisks": [{"lun": 0, "managedDisk": {"storageAccountType": "StandardSSD_LRS"},
      "createOption": "empty", "diskSizeGB": 1}]}, "osProfile": {"computerName": "vm-storage-sku-test",
      "adminUsername": "admin123", "adminPassword": "[parameters(\''adminPassword\'')]"}}}],
      "outputs": {}}, "parameters": {"adminPassword": {"value": "testPassword0"}},
      "mode": "Incremental"}}'''
    headers:
      Accept:
      - application/json
      Accept-Encoding:
      - gzip, deflate
      CommandName:
      - vm create
      Connection:
      - keep-alive
      Content-Length:
      - '3716'
      Content-Type:
      - application/json; charset=utf-8
      ParameterSetName:
      - -g -n --admin-username --admin-password --image --storage-sku --data-disk-sizes-gb
      User-Agent:
      - python/3.7.4 (Windows-10-10.0.18362-SP0) msrest/0.6.10 msrest_azure/0.6.2
        azure-mgmt-resource/4.0.0 Azure-SDK-For-Python AZURECLI/2.0.75
      accept-language:
      - en-US
    method: PUT
    uri: https://management.azure.com/subscriptions/00000000-0000-0000-0000-000000000000/resourcegroups/cli-test-stdssdk000001/providers/Microsoft.Resources/deployments/mock-deployment?api-version=2019-07-01
  response:
    body:
      string: '{"id":"/subscriptions/00000000-0000-0000-0000-000000000000/resourceGroups/cli-test-stdssdk000001/providers/Microsoft.Resources/deployments/vm_deploy_ImcEKgYSF0Yn9tCiWYRZ64Bj7JPT9rFF","name":"vm_deploy_ImcEKgYSF0Yn9tCiWYRZ64Bj7JPT9rFF","type":"Microsoft.Resources/deployments","properties":{"templateHash":"5742233942261372586","parameters":{"adminPassword":{"type":"SecureString"}},"mode":"Incremental","provisioningState":"Accepted","timestamp":"2019-11-01T08:17:14.1302619Z","duration":"PT3.9002495S","correlationId":"1d2dd32b-0bda-4ac0-ae97-e786e3b3d666","providers":[{"namespace":"Microsoft.Network","resourceTypes":[{"resourceType":"virtualNetworks","locations":["eastus2"]},{"resourceType":"networkSecurityGroups","locations":["eastus2"]},{"resourceType":"publicIPAddresses","locations":["eastus2"]},{"resourceType":"networkInterfaces","locations":["eastus2"]}]},{"namespace":"Microsoft.Compute","resourceTypes":[{"resourceType":"virtualMachines","locations":["eastus2"]}]}],"dependencies":[{"dependsOn":[{"id":"/subscriptions/00000000-0000-0000-0000-000000000000/resourceGroups/cli-test-stdssdk000001/providers/Microsoft.Network/virtualNetworks/vm-storage-sku-testVNET","resourceType":"Microsoft.Network/virtualNetworks","resourceName":"vm-storage-sku-testVNET"},{"id":"/subscriptions/00000000-0000-0000-0000-000000000000/resourceGroups/cli-test-stdssdk000001/providers/Microsoft.Network/networkSecurityGroups/vm-storage-sku-testNSG","resourceType":"Microsoft.Network/networkSecurityGroups","resourceName":"vm-storage-sku-testNSG"},{"id":"/subscriptions/00000000-0000-0000-0000-000000000000/resourceGroups/cli-test-stdssdk000001/providers/Microsoft.Network/publicIPAddresses/vm-storage-sku-testPublicIP","resourceType":"Microsoft.Network/publicIPAddresses","resourceName":"vm-storage-sku-testPublicIP"}],"id":"/subscriptions/00000000-0000-0000-0000-000000000000/resourceGroups/cli-test-stdssdk000001/providers/Microsoft.Network/networkInterfaces/vm-storage-sku-testVMNic","resourceType":"Microsoft.Network/networkInterfaces","resourceName":"vm-storage-sku-testVMNic"},{"dependsOn":[{"id":"/subscriptions/00000000-0000-0000-0000-000000000000/resourceGroups/cli-test-stdssdk000001/providers/Microsoft.Network/networkInterfaces/vm-storage-sku-testVMNic","resourceType":"Microsoft.Network/networkInterfaces","resourceName":"vm-storage-sku-testVMNic"}],"id":"/subscriptions/00000000-0000-0000-0000-000000000000/resourceGroups/cli-test-stdssdk000001/providers/Microsoft.Compute/virtualMachines/vm-storage-sku-test","resourceType":"Microsoft.Compute/virtualMachines","resourceName":"vm-storage-sku-test"}]}}'
    headers:
      azure-asyncoperation:
      - https://management.azure.com/subscriptions/00000000-0000-0000-0000-000000000000/resourcegroups/cli-test-stdssdk000001/providers/Microsoft.Resources/deployments/vm_deploy_ImcEKgYSF0Yn9tCiWYRZ64Bj7JPT9rFF/operationStatuses/08586290106552476179?api-version=2019-07-01
      cache-control:
      - no-cache
      content-length:
      - '2978'
      content-type:
      - application/json; charset=utf-8
      date:
      - Fri, 01 Nov 2019 08:17:14 GMT
      expires:
      - '-1'
      pragma:
      - no-cache
      strict-transport-security:
      - max-age=31536000; includeSubDomains
      x-content-type-options:
      - nosniff
      x-ms-ratelimit-remaining-subscription-writes:
      - '1191'
    status:
      code: 201
      message: Created
- request:
    body: null
    headers:
      Accept:
      - application/json
      Accept-Encoding:
      - gzip, deflate
      CommandName:
      - vm create
      Connection:
      - keep-alive
      ParameterSetName:
      - -g -n --admin-username --admin-password --image --storage-sku --data-disk-sizes-gb
      User-Agent:
      - python/3.7.4 (Windows-10-10.0.18362-SP0) msrest/0.6.10 msrest_azure/0.6.2
        azure-mgmt-resource/4.0.0 Azure-SDK-For-Python AZURECLI/2.0.75
    method: GET
    uri: https://management.azure.com/subscriptions/00000000-0000-0000-0000-000000000000/resourcegroups/cli-test-stdssdk000001/providers/Microsoft.Resources/deployments/mock-deployment/operationStatuses/08586290106552476179?api-version=2019-07-01
  response:
    body:
      string: '{"status":"Running"}'
    headers:
      cache-control:
      - no-cache
      content-length:
      - '20'
      content-type:
      - application/json; charset=utf-8
      date:
      - Fri, 01 Nov 2019 08:17:45 GMT
      expires:
      - '-1'
      pragma:
      - no-cache
      strict-transport-security:
      - max-age=31536000; includeSubDomains
      vary:
      - Accept-Encoding
      x-content-type-options:
      - nosniff
    status:
      code: 200
      message: OK
- request:
    body: null
    headers:
      Accept:
      - application/json
      Accept-Encoding:
      - gzip, deflate
      CommandName:
      - vm create
      Connection:
      - keep-alive
      ParameterSetName:
      - -g -n --admin-username --admin-password --image --storage-sku --data-disk-sizes-gb
      User-Agent:
      - python/3.7.4 (Windows-10-10.0.18362-SP0) msrest/0.6.10 msrest_azure/0.6.2
        azure-mgmt-resource/4.0.0 Azure-SDK-For-Python AZURECLI/2.0.75
    method: GET
    uri: https://management.azure.com/subscriptions/00000000-0000-0000-0000-000000000000/resourcegroups/cli-test-stdssdk000001/providers/Microsoft.Resources/deployments/mock-deployment/operationStatuses/08586290106552476179?api-version=2019-07-01
  response:
    body:
      string: '{"status":"Running"}'
    headers:
      cache-control:
      - no-cache
      content-length:
      - '20'
      content-type:
      - application/json; charset=utf-8
      date:
      - Fri, 01 Nov 2019 08:18:17 GMT
      expires:
      - '-1'
      pragma:
      - no-cache
      strict-transport-security:
      - max-age=31536000; includeSubDomains
      vary:
      - Accept-Encoding
      x-content-type-options:
      - nosniff
    status:
      code: 200
      message: OK
- request:
    body: null
    headers:
      Accept:
      - application/json
      Accept-Encoding:
      - gzip, deflate
      CommandName:
      - vm create
      Connection:
      - keep-alive
      ParameterSetName:
      - -g -n --admin-username --admin-password --image --storage-sku --data-disk-sizes-gb
      User-Agent:
      - python/3.7.4 (Windows-10-10.0.18362-SP0) msrest/0.6.10 msrest_azure/0.6.2
        azure-mgmt-resource/4.0.0 Azure-SDK-For-Python AZURECLI/2.0.75
    method: GET
    uri: https://management.azure.com/subscriptions/00000000-0000-0000-0000-000000000000/resourcegroups/cli-test-stdssdk000001/providers/Microsoft.Resources/deployments/mock-deployment/operationStatuses/08586290106552476179?api-version=2019-07-01
  response:
    body:
      string: '{"status":"Succeeded"}'
    headers:
      cache-control:
      - no-cache
      content-length:
      - '22'
      content-type:
      - application/json; charset=utf-8
      date:
      - Fri, 01 Nov 2019 08:18:47 GMT
      expires:
      - '-1'
      pragma:
      - no-cache
      strict-transport-security:
      - max-age=31536000; includeSubDomains
      vary:
      - Accept-Encoding
      x-content-type-options:
      - nosniff
    status:
      code: 200
      message: OK
- request:
    body: null
    headers:
      Accept:
      - application/json
      Accept-Encoding:
      - gzip, deflate
      CommandName:
      - vm create
      Connection:
      - keep-alive
      ParameterSetName:
      - -g -n --admin-username --admin-password --image --storage-sku --data-disk-sizes-gb
      User-Agent:
      - python/3.7.4 (Windows-10-10.0.18362-SP0) msrest/0.6.10 msrest_azure/0.6.2
        azure-mgmt-resource/4.0.0 Azure-SDK-For-Python AZURECLI/2.0.75
    method: GET
    uri: https://management.azure.com/subscriptions/00000000-0000-0000-0000-000000000000/resourcegroups/cli-test-stdssdk000001/providers/Microsoft.Resources/deployments/mock-deployment?api-version=2019-07-01
  response:
    body:
      string: '{"id":"/subscriptions/00000000-0000-0000-0000-000000000000/resourceGroups/cli-test-stdssdk000001/providers/Microsoft.Resources/deployments/vm_deploy_ImcEKgYSF0Yn9tCiWYRZ64Bj7JPT9rFF","name":"vm_deploy_ImcEKgYSF0Yn9tCiWYRZ64Bj7JPT9rFF","type":"Microsoft.Resources/deployments","properties":{"templateHash":"5742233942261372586","parameters":{"adminPassword":{"type":"SecureString"}},"mode":"Incremental","provisioningState":"Succeeded","timestamp":"2019-11-01T08:18:24.0040437Z","duration":"PT1M13.7740313S","correlationId":"1d2dd32b-0bda-4ac0-ae97-e786e3b3d666","providers":[{"namespace":"Microsoft.Network","resourceTypes":[{"resourceType":"virtualNetworks","locations":["eastus2"]},{"resourceType":"networkSecurityGroups","locations":["eastus2"]},{"resourceType":"publicIPAddresses","locations":["eastus2"]},{"resourceType":"networkInterfaces","locations":["eastus2"]}]},{"namespace":"Microsoft.Compute","resourceTypes":[{"resourceType":"virtualMachines","locations":["eastus2"]}]}],"dependencies":[{"dependsOn":[{"id":"/subscriptions/00000000-0000-0000-0000-000000000000/resourceGroups/cli-test-stdssdk000001/providers/Microsoft.Network/virtualNetworks/vm-storage-sku-testVNET","resourceType":"Microsoft.Network/virtualNetworks","resourceName":"vm-storage-sku-testVNET"},{"id":"/subscriptions/00000000-0000-0000-0000-000000000000/resourceGroups/cli-test-stdssdk000001/providers/Microsoft.Network/networkSecurityGroups/vm-storage-sku-testNSG","resourceType":"Microsoft.Network/networkSecurityGroups","resourceName":"vm-storage-sku-testNSG"},{"id":"/subscriptions/00000000-0000-0000-0000-000000000000/resourceGroups/cli-test-stdssdk000001/providers/Microsoft.Network/publicIPAddresses/vm-storage-sku-testPublicIP","resourceType":"Microsoft.Network/publicIPAddresses","resourceName":"vm-storage-sku-testPublicIP"}],"id":"/subscriptions/00000000-0000-0000-0000-000000000000/resourceGroups/cli-test-stdssdk000001/providers/Microsoft.Network/networkInterfaces/vm-storage-sku-testVMNic","resourceType":"Microsoft.Network/networkInterfaces","resourceName":"vm-storage-sku-testVMNic"},{"dependsOn":[{"id":"/subscriptions/00000000-0000-0000-0000-000000000000/resourceGroups/cli-test-stdssdk000001/providers/Microsoft.Network/networkInterfaces/vm-storage-sku-testVMNic","resourceType":"Microsoft.Network/networkInterfaces","resourceName":"vm-storage-sku-testVMNic"}],"id":"/subscriptions/00000000-0000-0000-0000-000000000000/resourceGroups/cli-test-stdssdk000001/providers/Microsoft.Compute/virtualMachines/vm-storage-sku-test","resourceType":"Microsoft.Compute/virtualMachines","resourceName":"vm-storage-sku-test"}],"outputs":{},"outputResources":[{"id":"/subscriptions/00000000-0000-0000-0000-000000000000/resourceGroups/cli-test-stdssdk000001/providers/Microsoft.Compute/virtualMachines/vm-storage-sku-test"},{"id":"/subscriptions/00000000-0000-0000-0000-000000000000/resourceGroups/cli-test-stdssdk000001/providers/Microsoft.Network/networkInterfaces/vm-storage-sku-testVMNic"},{"id":"/subscriptions/00000000-0000-0000-0000-000000000000/resourceGroups/cli-test-stdssdk000001/providers/Microsoft.Network/networkSecurityGroups/vm-storage-sku-testNSG"},{"id":"/subscriptions/00000000-0000-0000-0000-000000000000/resourceGroups/cli-test-stdssdk000001/providers/Microsoft.Network/publicIPAddresses/vm-storage-sku-testPublicIP"},{"id":"/subscriptions/00000000-0000-0000-0000-000000000000/resourceGroups/cli-test-stdssdk000001/providers/Microsoft.Network/virtualNetworks/vm-storage-sku-testVNET"}]}}'
    headers:
      cache-control:
      - no-cache
      content-length:
      - '4125'
      content-type:
      - application/json; charset=utf-8
      date:
      - Fri, 01 Nov 2019 08:18:48 GMT
      expires:
      - '-1'
      pragma:
      - no-cache
      strict-transport-security:
      - max-age=31536000; includeSubDomains
      vary:
      - Accept-Encoding
      x-content-type-options:
      - nosniff
    status:
      code: 200
      message: OK
- request:
    body: null
    headers:
      Accept:
      - application/json
      Accept-Encoding:
      - gzip, deflate
      CommandName:
      - vm create
      Connection:
      - keep-alive
      ParameterSetName:
      - -g -n --admin-username --admin-password --image --storage-sku --data-disk-sizes-gb
      User-Agent:
      - python/3.7.4 (Windows-10-10.0.18362-SP0) msrest/0.6.10 msrest_azure/0.6.2
        azure-mgmt-compute/9.0.0 Azure-SDK-For-Python AZURECLI/2.0.75
      accept-language:
      - en-US
    method: GET
    uri: https://management.azure.com/subscriptions/00000000-0000-0000-0000-000000000000/resourceGroups/cli-test-stdssdk000001/providers/Microsoft.Compute/virtualMachines/vm-storage-sku-test?$expand=instanceView&api-version=2019-07-01
  response:
    body:
      string: "{\r\n  \"name\": \"vm-storage-sku-test\",\r\n  \"id\": \"/subscriptions/00000000-0000-0000-0000-000000000000/resourceGroups/cli-test-stdssdk000001/providers/Microsoft.Compute/virtualMachines/vm-storage-sku-test\",\r\n
        \ \"type\": \"Microsoft.Compute/virtualMachines\",\r\n  \"location\": \"eastus2\",\r\n
        \ \"tags\": {},\r\n  \"properties\": {\r\n    \"vmId\": \"e0fc27df-1c34-46c3-8fa5-8f0b35e3aa2b\",\r\n
        \   \"hardwareProfile\": {\r\n      \"vmSize\": \"Standard_DS1_v2\"\r\n    },\r\n
        \   \"storageProfile\": {\r\n      \"imageReference\": {\r\n        \"publisher\":
        \"Debian\",\r\n        \"offer\": \"debian-10\",\r\n        \"sku\": \"10\",\r\n
        \       \"version\": \"latest\",\r\n        \"exactVersion\": \"0.20191015.47\"\r\n
        \     },\r\n      \"osDisk\": {\r\n        \"osType\": \"Linux\",\r\n        \"name\":
        \"vm-storage-sku-test_OsDisk_1_ca6706852aa940cfb47bcca37b14daa4\",\r\n        \"createOption\":
        \"FromImage\",\r\n        \"caching\": \"ReadWrite\",\r\n        \"managedDisk\":
        {\r\n          \"storageAccountType\": \"StandardSSD_LRS\",\r\n          \"id\":
        \"/subscriptions/00000000-0000-0000-0000-000000000000/resourceGroups/cli-test-stdssdk000001/providers/Microsoft.Compute/disks/vm-storage-sku-test_OsDisk_1_ca6706852aa940cfb47bcca37b14daa4\"\r\n
        \       },\r\n        \"diskSizeGB\": 30\r\n      },\r\n      \"dataDisks\":
        [\r\n        {\r\n          \"lun\": 0,\r\n          \"name\": \"vm-storage-sku-test_disk2_be9acfe8562c46fea56f703f1e32b017\",\r\n
        \         \"createOption\": \"Empty\",\r\n          \"caching\": \"None\",\r\n
        \         \"managedDisk\": {\r\n            \"storageAccountType\": \"StandardSSD_LRS\",\r\n
        \           \"id\": \"/subscriptions/00000000-0000-0000-0000-000000000000/resourceGroups/cli-test-stdssdk000001/providers/Microsoft.Compute/disks/vm-storage-sku-test_disk2_be9acfe8562c46fea56f703f1e32b017\"\r\n
        \         },\r\n          \"diskSizeGB\": 1,\r\n          \"toBeDetached\":
        false\r\n        }\r\n      ]\r\n    },\r\n    \"osProfile\": {\r\n      \"computerName\":
        \"vm-storage-sku-test\",\r\n      \"adminUsername\": \"admin123\",\r\n      \"linuxConfiguration\":
        {\r\n        \"disablePasswordAuthentication\": false,\r\n        \"provisionVMAgent\":
        true\r\n      },\r\n      \"secrets\": [],\r\n      \"allowExtensionOperations\":
        true,\r\n      \"requireGuestProvisionSignal\": true\r\n    },\r\n    \"networkProfile\":
        {\"networkInterfaces\":[{\"id\":\"/subscriptions/00000000-0000-0000-0000-000000000000/resourceGroups/cli-test-stdssdk000001/providers/Microsoft.Network/networkInterfaces/vm-storage-sku-testVMNic\"}]},\r\n
        \   \"provisioningState\": \"Succeeded\",\r\n    \"instanceView\": {\r\n      \"computerName\":
        \"vm-storage-sku-test\",\r\n      \"osName\": \"debian\",\r\n      \"osVersion\":
        \"10.1\",\r\n      \"vmAgent\": {\r\n        \"vmAgentVersion\": \"2.2.34\",\r\n
        \       \"statuses\": [\r\n          {\r\n            \"code\": \"ProvisioningState/succeeded\",\r\n
        \           \"level\": \"Info\",\r\n            \"displayStatus\": \"Ready\",\r\n
        \           \"message\": \"Guest Agent is running\",\r\n            \"time\":
        \"2019-11-01T08:18:47+00:00\"\r\n          }\r\n        ],\r\n        \"extensionHandlers\":
        []\r\n      },\r\n      \"disks\": [\r\n        {\r\n          \"name\": \"vm-storage-sku-test_OsDisk_1_ca6706852aa940cfb47bcca37b14daa4\",\r\n
        \         \"statuses\": [\r\n            {\r\n              \"code\": \"ProvisioningState/succeeded\",\r\n
        \             \"level\": \"Info\",\r\n              \"displayStatus\": \"Provisioning
        succeeded\",\r\n              \"time\": \"2019-11-01T08:17:37.3633416+00:00\"\r\n
        \           }\r\n          ]\r\n        },\r\n        {\r\n          \"name\":
        \"vm-storage-sku-test_disk2_be9acfe8562c46fea56f703f1e32b017\",\r\n          \"statuses\":
        [\r\n            {\r\n              \"code\": \"ProvisioningState/succeeded\",\r\n
        \             \"level\": \"Info\",\r\n              \"displayStatus\": \"Provisioning
        succeeded\",\r\n              \"time\": \"2019-11-01T08:17:37.3633416+00:00\"\r\n
        \           }\r\n          ]\r\n        }\r\n      ],\r\n      \"hyperVGeneration\":
        \"V1\",\r\n      \"statuses\": [\r\n        {\r\n          \"code\": \"ProvisioningState/succeeded\",\r\n
        \         \"level\": \"Info\",\r\n          \"displayStatus\": \"Provisioning
        succeeded\",\r\n          \"time\": \"2019-11-01T08:18:23.2381087+00:00\"\r\n
        \       },\r\n        {\r\n          \"code\": \"PowerState/running\",\r\n
        \         \"level\": \"Info\",\r\n          \"displayStatus\": \"VM running\"\r\n
        \       }\r\n      ]\r\n    }\r\n  }\r\n}"
    headers:
      cache-control:
      - no-cache
      content-length:
      - '4284'
      content-type:
      - application/json; charset=utf-8
      date:
      - Fri, 01 Nov 2019 08:18:49 GMT
      expires:
      - '-1'
      pragma:
      - no-cache
      server:
      - Microsoft-HTTPAPI/2.0
      - Microsoft-HTTPAPI/2.0
      strict-transport-security:
      - max-age=31536000; includeSubDomains
      transfer-encoding:
      - chunked
      vary:
      - Accept-Encoding
      x-content-type-options:
      - nosniff
      x-ms-ratelimit-remaining-resource:
      - Microsoft.Compute/LowCostGet3Min;3994,Microsoft.Compute/LowCostGet30Min;31994
    status:
      code: 200
      message: OK
- request:
    body: null
    headers:
      Accept:
      - application/json
      Accept-Encoding:
      - gzip, deflate
      CommandName:
      - vm create
      Connection:
      - keep-alive
      ParameterSetName:
      - -g -n --admin-username --admin-password --image --storage-sku --data-disk-sizes-gb
      User-Agent:
      - python/3.7.4 (Windows-10-10.0.18362-SP0) msrest/0.6.10 msrest_azure/0.6.2
        azure-mgmt-network/7.0.0 Azure-SDK-For-Python AZURECLI/2.0.75
      accept-language:
      - en-US
    method: GET
    uri: https://management.azure.com/subscriptions/00000000-0000-0000-0000-000000000000/resourceGroups/cli-test-stdssdk000001/providers/Microsoft.Network/networkInterfaces/vm-storage-sku-testVMNic?api-version=2018-01-01
  response:
    body:
      string: "{\r\n  \"name\": \"vm-storage-sku-testVMNic\",\r\n  \"id\": \"/subscriptions/00000000-0000-0000-0000-000000000000/resourceGroups/cli-test-stdssdk000001/providers/Microsoft.Network/networkInterfaces/vm-storage-sku-testVMNic\",\r\n
        \ \"etag\": \"W/\\\"aaccd583-8c9e-44b5-a095-3c37d6bff4f2\\\"\",\r\n  \"location\":
        \"eastus2\",\r\n  \"tags\": {},\r\n  \"properties\": {\r\n    \"provisioningState\":
        \"Succeeded\",\r\n    \"resourceGuid\": \"c15d006a-5cfd-4829-be81-bd2a5c86f5ea\",\r\n
        \   \"ipConfigurations\": [\r\n      {\r\n        \"name\": \"ipconfigvm-storage-sku-test\",\r\n
        \       \"id\": \"/subscriptions/00000000-0000-0000-0000-000000000000/resourceGroups/cli-test-stdssdk000001/providers/Microsoft.Network/networkInterfaces/vm-storage-sku-testVMNic/ipConfigurations/ipconfigvm-storage-sku-test\",\r\n
        \       \"etag\": \"W/\\\"aaccd583-8c9e-44b5-a095-3c37d6bff4f2\\\"\",\r\n
        \       \"type\": \"Microsoft.Network/networkInterfaces/ipConfigurations\",\r\n
        \       \"properties\": {\r\n          \"provisioningState\": \"Succeeded\",\r\n
        \         \"privateIPAddress\": \"10.0.0.4\",\r\n          \"privateIPAllocationMethod\":
        \"Dynamic\",\r\n          \"publicIPAddress\": {\r\n            \"id\": \"/subscriptions/00000000-0000-0000-0000-000000000000/resourceGroups/cli-test-stdssdk000001/providers/Microsoft.Network/publicIPAddresses/vm-storage-sku-testPublicIP\"\r\n
        \         },\r\n          \"subnet\": {\r\n            \"id\": \"/subscriptions/00000000-0000-0000-0000-000000000000/resourceGroups/cli-test-stdssdk000001/providers/Microsoft.Network/virtualNetworks/vm-storage-sku-testVNET/subnets/vm-storage-sku-testSubnet\"\r\n
        \         },\r\n          \"primary\": true,\r\n          \"privateIPAddressVersion\":
        \"IPv4\"\r\n        }\r\n      }\r\n    ],\r\n    \"dnsSettings\": {\r\n      \"dnsServers\":
        [],\r\n      \"appliedDnsServers\": [],\r\n      \"internalDomainNameSuffix\":
        \"udc1c5w5ccxutgphhiu1mp2zue.cx.internal.cloudapp.net\"\r\n    },\r\n    \"macAddress\":
        \"00-0D-3A-0D-C1-7E\",\r\n    \"enableAcceleratedNetworking\": false,\r\n
        \   \"enableIPForwarding\": false,\r\n    \"networkSecurityGroup\": {\r\n
        \     \"id\": \"/subscriptions/00000000-0000-0000-0000-000000000000/resourceGroups/cli-test-stdssdk000001/providers/Microsoft.Network/networkSecurityGroups/vm-storage-sku-testNSG\"\r\n
        \   },\r\n    \"primary\": true,\r\n    \"virtualMachine\": {\r\n      \"id\":
        \"/subscriptions/00000000-0000-0000-0000-000000000000/resourceGroups/cli-test-stdssdk000001/providers/Microsoft.Compute/virtualMachines/vm-storage-sku-test\"\r\n
        \   }\r\n  },\r\n  \"type\": \"Microsoft.Network/networkInterfaces\"\r\n}"
    headers:
      cache-control:
      - no-cache
      content-length:
      - '2729'
      content-type:
      - application/json; charset=utf-8
      date:
      - Fri, 01 Nov 2019 08:18:50 GMT
      etag:
      - W/"aaccd583-8c9e-44b5-a095-3c37d6bff4f2"
      expires:
      - '-1'
      pragma:
      - no-cache
      server:
      - Microsoft-HTTPAPI/2.0
      - Microsoft-HTTPAPI/2.0
      strict-transport-security:
      - max-age=31536000; includeSubDomains
      transfer-encoding:
      - chunked
      vary:
      - Accept-Encoding
      x-content-type-options:
      - nosniff
      x-ms-arm-service-request-id:
      - 28a227f1-2d54-4fa5-bac8-98f4e37c438e
    status:
      code: 200
      message: OK
- request:
    body: null
    headers:
      Accept:
      - application/json
      Accept-Encoding:
      - gzip, deflate
      CommandName:
      - vm create
      Connection:
      - keep-alive
      ParameterSetName:
      - -g -n --admin-username --admin-password --image --storage-sku --data-disk-sizes-gb
      User-Agent:
      - python/3.7.4 (Windows-10-10.0.18362-SP0) msrest/0.6.10 msrest_azure/0.6.2
        azure-mgmt-network/7.0.0 Azure-SDK-For-Python AZURECLI/2.0.75
      accept-language:
      - en-US
    method: GET
    uri: https://management.azure.com/subscriptions/00000000-0000-0000-0000-000000000000/resourceGroups/cli-test-stdssdk000001/providers/Microsoft.Network/publicIPAddresses/vm-storage-sku-testPublicIP?api-version=2018-01-01
  response:
    body:
      string: "{\r\n  \"name\": \"vm-storage-sku-testPublicIP\",\r\n  \"id\": \"/subscriptions/00000000-0000-0000-0000-000000000000/resourceGroups/cli-test-stdssdk000001/providers/Microsoft.Network/publicIPAddresses/vm-storage-sku-testPublicIP\",\r\n
        \ \"etag\": \"W/\\\"14213235-8f5a-42a7-a8d3-e743e8f69787\\\"\",\r\n  \"location\":
        \"eastus2\",\r\n  \"tags\": {},\r\n  \"properties\": {\r\n    \"provisioningState\":
        \"Succeeded\",\r\n    \"resourceGuid\": \"15f0aeb6-e2c0-450b-bdc8-25f176da2357\",\r\n
        \   \"ipAddress\": \"20.190.231.110\",\r\n    \"publicIPAddressVersion\":
        \"IPv4\",\r\n    \"publicIPAllocationMethod\": \"Dynamic\",\r\n    \"idleTimeoutInMinutes\":
        4,\r\n    \"ipTags\": [],\r\n    \"ipConfiguration\": {\r\n      \"id\": \"/subscriptions/00000000-0000-0000-0000-000000000000/resourceGroups/cli-test-stdssdk000001/providers/Microsoft.Network/networkInterfaces/vm-storage-sku-testVMNic/ipConfigurations/ipconfigvm-storage-sku-test\"\r\n
        \   }\r\n  },\r\n  \"type\": \"Microsoft.Network/publicIPAddresses\",\r\n
        \ \"sku\": {\r\n    \"name\": \"Basic\"\r\n  }\r\n}"
    headers:
      cache-control:
      - no-cache
      content-length:
      - '1063'
      content-type:
      - application/json; charset=utf-8
      date:
      - Fri, 01 Nov 2019 08:18:51 GMT
      etag:
      - W/"14213235-8f5a-42a7-a8d3-e743e8f69787"
      expires:
      - '-1'
      pragma:
      - no-cache
      server:
      - Microsoft-HTTPAPI/2.0
      - Microsoft-HTTPAPI/2.0
      strict-transport-security:
      - max-age=31536000; includeSubDomains
      transfer-encoding:
      - chunked
      vary:
      - Accept-Encoding
      x-content-type-options:
      - nosniff
      x-ms-arm-service-request-id:
      - 3285b432-c6b4-40fb-a6f3-f25129592a1e
    status:
      code: 200
      message: OK
- request:
    body: null
    headers:
      Accept:
      - application/json
      Accept-Encoding:
      - gzip, deflate
      CommandName:
      - vm disk attach
      Connection:
      - keep-alive
      ParameterSetName:
      - -g --vm-name --name --new --size-gb --sku
      User-Agent:
      - python/3.7.4 (Windows-10-10.0.18362-SP0) msrest/0.6.10 msrest_azure/0.6.2
        azure-mgmt-compute/9.0.0 Azure-SDK-For-Python AZURECLI/2.0.75
      accept-language:
      - en-US
    method: GET
    uri: https://management.azure.com/subscriptions/00000000-0000-0000-0000-000000000000/resourceGroups/cli-test-stdssdk000001/providers/Microsoft.Compute/virtualMachines/vm-storage-sku-test?api-version=2019-07-01
  response:
    body:
      string: "{\r\n  \"name\": \"vm-storage-sku-test\",\r\n  \"id\": \"/subscriptions/00000000-0000-0000-0000-000000000000/resourceGroups/cli-test-stdssdk000001/providers/Microsoft.Compute/virtualMachines/vm-storage-sku-test\",\r\n
        \ \"type\": \"Microsoft.Compute/virtualMachines\",\r\n  \"location\": \"eastus2\",\r\n
        \ \"tags\": {},\r\n  \"properties\": {\r\n    \"vmId\": \"e0fc27df-1c34-46c3-8fa5-8f0b35e3aa2b\",\r\n
        \   \"hardwareProfile\": {\r\n      \"vmSize\": \"Standard_DS1_v2\"\r\n    },\r\n
        \   \"storageProfile\": {\r\n      \"imageReference\": {\r\n        \"publisher\":
        \"Debian\",\r\n        \"offer\": \"debian-10\",\r\n        \"sku\": \"10\",\r\n
        \       \"version\": \"latest\",\r\n        \"exactVersion\": \"0.20191015.47\"\r\n
        \     },\r\n      \"osDisk\": {\r\n        \"osType\": \"Linux\",\r\n        \"name\":
        \"vm-storage-sku-test_OsDisk_1_ca6706852aa940cfb47bcca37b14daa4\",\r\n        \"createOption\":
        \"FromImage\",\r\n        \"caching\": \"ReadWrite\",\r\n        \"managedDisk\":
        {\r\n          \"storageAccountType\": \"StandardSSD_LRS\",\r\n          \"id\":
        \"/subscriptions/00000000-0000-0000-0000-000000000000/resourceGroups/cli-test-stdssdk000001/providers/Microsoft.Compute/disks/vm-storage-sku-test_OsDisk_1_ca6706852aa940cfb47bcca37b14daa4\"\r\n
        \       },\r\n        \"diskSizeGB\": 30\r\n      },\r\n      \"dataDisks\":
        [\r\n        {\r\n          \"lun\": 0,\r\n          \"name\": \"vm-storage-sku-test_disk2_be9acfe8562c46fea56f703f1e32b017\",\r\n
        \         \"createOption\": \"Empty\",\r\n          \"caching\": \"None\",\r\n
        \         \"managedDisk\": {\r\n            \"storageAccountType\": \"StandardSSD_LRS\",\r\n
        \           \"id\": \"/subscriptions/00000000-0000-0000-0000-000000000000/resourceGroups/cli-test-stdssdk000001/providers/Microsoft.Compute/disks/vm-storage-sku-test_disk2_be9acfe8562c46fea56f703f1e32b017\"\r\n
        \         },\r\n          \"diskSizeGB\": 1,\r\n          \"toBeDetached\":
        false\r\n        }\r\n      ]\r\n    },\r\n    \"osProfile\": {\r\n      \"computerName\":
        \"vm-storage-sku-test\",\r\n      \"adminUsername\": \"admin123\",\r\n      \"linuxConfiguration\":
        {\r\n        \"disablePasswordAuthentication\": false,\r\n        \"provisionVMAgent\":
        true\r\n      },\r\n      \"secrets\": [],\r\n      \"allowExtensionOperations\":
        true,\r\n      \"requireGuestProvisionSignal\": true\r\n    },\r\n    \"networkProfile\":
        {\"networkInterfaces\":[{\"id\":\"/subscriptions/00000000-0000-0000-0000-000000000000/resourceGroups/cli-test-stdssdk000001/providers/Microsoft.Network/networkInterfaces/vm-storage-sku-testVMNic\"}]},\r\n
        \   \"provisioningState\": \"Succeeded\"\r\n  }\r\n}"
    headers:
      cache-control:
      - no-cache
      content-length:
      - '2586'
      content-type:
      - application/json; charset=utf-8
      date:
      - Fri, 01 Nov 2019 08:18:52 GMT
      expires:
      - '-1'
      pragma:
      - no-cache
      server:
      - Microsoft-HTTPAPI/2.0
      - Microsoft-HTTPAPI/2.0
      strict-transport-security:
      - max-age=31536000; includeSubDomains
      transfer-encoding:
      - chunked
      vary:
      - Accept-Encoding
      x-content-type-options:
      - nosniff
      x-ms-ratelimit-remaining-resource:
      - Microsoft.Compute/LowCostGet3Min;3993,Microsoft.Compute/LowCostGet30Min;31993
    status:
      code: 200
      message: OK
- request:
    body: 'b''{"location": "eastus2", "tags": {}, "properties": {"hardwareProfile":
      {"vmSize": "Standard_DS1_v2"}, "storageProfile": {"imageReference": {"publisher":
      "Debian", "offer": "debian-10", "sku": "10", "version": "latest"}, "osDisk":
      {"osType": "Linux", "name": "vm-storage-sku-test_OsDisk_1_ca6706852aa940cfb47bcca37b14daa4",
      "caching": "ReadWrite", "createOption": "FromImage", "diskSizeGB": 30, "managedDisk":
      {"id": "/subscriptions/00000000-0000-0000-0000-000000000000/resourceGroups/cli-test-stdssdk000001/providers/Microsoft.Compute/disks/vm-storage-sku-test_OsDisk_1_ca6706852aa940cfb47bcca37b14daa4",
      "storageAccountType": "StandardSSD_LRS"}}, "dataDisks": [{"lun": 0, "name":
      "vm-storage-sku-test_disk2_be9acfe8562c46fea56f703f1e32b017", "caching": "None",
      "createOption": "Empty", "diskSizeGB": 1, "managedDisk": {"id": "/subscriptions/00000000-0000-0000-0000-000000000000/resourceGroups/cli-test-stdssdk000001/providers/Microsoft.Compute/disks/vm-storage-sku-test_disk2_be9acfe8562c46fea56f703f1e32b017",
      "storageAccountType": "StandardSSD_LRS"}, "toBeDetached": false}, {"lun": 1,
      "name": "d1", "createOption": "Empty", "diskSizeGB": 1, "managedDisk": {"storageAccountType":
      "Premium_LRS"}}]}, "osProfile": {"computerName": "vm-storage-sku-test", "adminUsername":
      "admin123", "linuxConfiguration": {"disablePasswordAuthentication": false, "provisionVMAgent":
      true}, "secrets": [], "allowExtensionOperations": true, "requireGuestProvisionSignal":
      true}, "networkProfile": {"networkInterfaces": [{"id": "/subscriptions/00000000-0000-0000-0000-000000000000/resourceGroups/cli-test-stdssdk000001/providers/Microsoft.Network/networkInterfaces/vm-storage-sku-testVMNic"}]}}}'''
    headers:
      Accept:
      - application/json
      Accept-Encoding:
      - gzip, deflate
      CommandName:
      - vm disk attach
      Connection:
      - keep-alive
      Content-Length:
      - '1834'
      Content-Type:
      - application/json; charset=utf-8
      ParameterSetName:
      - -g --vm-name --name --new --size-gb --sku
      User-Agent:
      - python/3.7.4 (Windows-10-10.0.18362-SP0) msrest/0.6.10 msrest_azure/0.6.2
        azure-mgmt-compute/9.0.0 Azure-SDK-For-Python AZURECLI/2.0.75
      accept-language:
      - en-US
    method: PUT
    uri: https://management.azure.com/subscriptions/00000000-0000-0000-0000-000000000000/resourceGroups/cli-test-stdssdk000001/providers/Microsoft.Compute/virtualMachines/vm-storage-sku-test?api-version=2019-07-01
  response:
    body:
      string: "{\r\n  \"name\": \"vm-storage-sku-test\",\r\n  \"id\": \"/subscriptions/00000000-0000-0000-0000-000000000000/resourceGroups/cli-test-stdssdk000001/providers/Microsoft.Compute/virtualMachines/vm-storage-sku-test\",\r\n
        \ \"type\": \"Microsoft.Compute/virtualMachines\",\r\n  \"location\": \"eastus2\",\r\n
        \ \"tags\": {},\r\n  \"properties\": {\r\n    \"vmId\": \"e0fc27df-1c34-46c3-8fa5-8f0b35e3aa2b\",\r\n
        \   \"hardwareProfile\": {\r\n      \"vmSize\": \"Standard_DS1_v2\"\r\n    },\r\n
        \   \"storageProfile\": {\r\n      \"imageReference\": {\r\n        \"publisher\":
        \"Debian\",\r\n        \"offer\": \"debian-10\",\r\n        \"sku\": \"10\",\r\n
        \       \"version\": \"latest\",\r\n        \"exactVersion\": \"0.20191015.47\"\r\n
        \     },\r\n      \"osDisk\": {\r\n        \"osType\": \"Linux\",\r\n        \"name\":
        \"vm-storage-sku-test_OsDisk_1_ca6706852aa940cfb47bcca37b14daa4\",\r\n        \"createOption\":
        \"FromImage\",\r\n        \"caching\": \"ReadWrite\",\r\n        \"managedDisk\":
        {\r\n          \"storageAccountType\": \"StandardSSD_LRS\",\r\n          \"id\":
        \"/subscriptions/00000000-0000-0000-0000-000000000000/resourceGroups/cli-test-stdssdk000001/providers/Microsoft.Compute/disks/vm-storage-sku-test_OsDisk_1_ca6706852aa940cfb47bcca37b14daa4\"\r\n
        \       },\r\n        \"diskSizeGB\": 30\r\n      },\r\n      \"dataDisks\":
        [\r\n        {\r\n          \"lun\": 0,\r\n          \"name\": \"vm-storage-sku-test_disk2_be9acfe8562c46fea56f703f1e32b017\",\r\n
        \         \"createOption\": \"Empty\",\r\n          \"caching\": \"None\",\r\n
        \         \"managedDisk\": {\r\n            \"storageAccountType\": \"StandardSSD_LRS\",\r\n
        \           \"id\": \"/subscriptions/00000000-0000-0000-0000-000000000000/resourceGroups/cli-test-stdssdk000001/providers/Microsoft.Compute/disks/vm-storage-sku-test_disk2_be9acfe8562c46fea56f703f1e32b017\"\r\n
        \         },\r\n          \"diskSizeGB\": 1,\r\n          \"toBeDetached\":
        false\r\n        },\r\n        {\r\n          \"lun\": 1,\r\n          \"name\":
        \"d1\",\r\n          \"createOption\": \"Empty\",\r\n          \"caching\":
        \"None\",\r\n          \"managedDisk\": {\r\n            \"storageAccountType\":
        \"Premium_LRS\"\r\n          },\r\n          \"diskSizeGB\": 1,\r\n          \"toBeDetached\":
        false\r\n        }\r\n      ]\r\n    },\r\n    \"osProfile\": {\r\n      \"computerName\":
        \"vm-storage-sku-test\",\r\n      \"adminUsername\": \"admin123\",\r\n      \"linuxConfiguration\":
        {\r\n        \"disablePasswordAuthentication\": false,\r\n        \"provisionVMAgent\":
        true\r\n      },\r\n      \"secrets\": [],\r\n      \"allowExtensionOperations\":
        true,\r\n      \"requireGuestProvisionSignal\": true\r\n    },\r\n    \"networkProfile\":
        {\"networkInterfaces\":[{\"id\":\"/subscriptions/00000000-0000-0000-0000-000000000000/resourceGroups/cli-test-stdssdk000001/providers/Microsoft.Network/networkInterfaces/vm-storage-sku-testVMNic\"}]},\r\n
        \   \"provisioningState\": \"Updating\"\r\n  }\r\n}"
    headers:
      azure-asyncnotification:
      - Enabled
      azure-asyncoperation:
      - https://management.azure.com/subscriptions/00000000-0000-0000-0000-000000000000/providers/Microsoft.Compute/locations/eastus2/operations/2f30555b-5e1b-42d5-a0fc-20541d5b6d91?api-version=2019-07-01
      cache-control:
      - no-cache
      content-length:
      - '2872'
      content-type:
      - application/json; charset=utf-8
      date:
      - Fri, 01 Nov 2019 08:18:58 GMT
      expires:
      - '-1'
      pragma:
      - no-cache
      server:
      - Microsoft-HTTPAPI/2.0
      - Microsoft-HTTPAPI/2.0
      strict-transport-security:
      - max-age=31536000; includeSubDomains
      transfer-encoding:
      - chunked
      vary:
      - Accept-Encoding
      x-content-type-options:
      - nosniff
      x-ms-ratelimit-remaining-resource:
      - Microsoft.Compute/PutVM3Min;720,Microsoft.Compute/PutVM30Min;3612
      x-ms-ratelimit-remaining-subscription-writes:
      - '1189'
    status:
      code: 200
      message: OK
- request:
    body: null
    headers:
      Accept:
      - application/json
      Accept-Encoding:
      - gzip, deflate
      CommandName:
      - vm disk attach
      Connection:
      - keep-alive
      ParameterSetName:
      - -g --vm-name --name --new --size-gb --sku
      User-Agent:
      - python/3.7.4 (Windows-10-10.0.18362-SP0) msrest/0.6.10 msrest_azure/0.6.2
        azure-mgmt-compute/9.0.0 Azure-SDK-For-Python AZURECLI/2.0.75
    method: GET
    uri: https://management.azure.com/subscriptions/00000000-0000-0000-0000-000000000000/providers/Microsoft.Compute/locations/eastus2/operations/2f30555b-5e1b-42d5-a0fc-20541d5b6d91?api-version=2019-07-01
  response:
    body:
      string: "{\r\n  \"startTime\": \"2019-11-01T08:18:57.3323511+00:00\",\r\n  \"endTime\":
        \"2019-11-01T08:19:04.5510506+00:00\",\r\n  \"status\": \"Succeeded\",\r\n
        \ \"name\": \"2f30555b-5e1b-42d5-a0fc-20541d5b6d91\"\r\n}"
    headers:
      cache-control:
      - no-cache
      content-length:
      - '184'
      content-type:
      - application/json; charset=utf-8
      date:
      - Fri, 01 Nov 2019 08:19:29 GMT
      expires:
      - '-1'
      pragma:
      - no-cache
      server:
      - Microsoft-HTTPAPI/2.0
      - Microsoft-HTTPAPI/2.0
      strict-transport-security:
      - max-age=31536000; includeSubDomains
      transfer-encoding:
      - chunked
      vary:
      - Accept-Encoding
      x-content-type-options:
      - nosniff
      x-ms-ratelimit-remaining-resource:
      - Microsoft.Compute/GetOperation3Min;14988,Microsoft.Compute/GetOperation30Min;29984
    status:
      code: 200
      message: OK
- request:
    body: null
    headers:
      Accept:
      - application/json
      Accept-Encoding:
      - gzip, deflate
      CommandName:
      - vm disk attach
      Connection:
      - keep-alive
      ParameterSetName:
      - -g --vm-name --name --new --size-gb --sku
      User-Agent:
      - python/3.7.4 (Windows-10-10.0.18362-SP0) msrest/0.6.10 msrest_azure/0.6.2
        azure-mgmt-compute/9.0.0 Azure-SDK-For-Python AZURECLI/2.0.75
    method: GET
    uri: https://management.azure.com/subscriptions/00000000-0000-0000-0000-000000000000/resourceGroups/cli-test-stdssdk000001/providers/Microsoft.Compute/virtualMachines/vm-storage-sku-test?api-version=2019-07-01
  response:
    body:
      string: "{\r\n  \"name\": \"vm-storage-sku-test\",\r\n  \"id\": \"/subscriptions/00000000-0000-0000-0000-000000000000/resourceGroups/cli-test-stdssdk000001/providers/Microsoft.Compute/virtualMachines/vm-storage-sku-test\",\r\n
        \ \"type\": \"Microsoft.Compute/virtualMachines\",\r\n  \"location\": \"eastus2\",\r\n
        \ \"tags\": {},\r\n  \"properties\": {\r\n    \"vmId\": \"e0fc27df-1c34-46c3-8fa5-8f0b35e3aa2b\",\r\n
        \   \"hardwareProfile\": {\r\n      \"vmSize\": \"Standard_DS1_v2\"\r\n    },\r\n
        \   \"storageProfile\": {\r\n      \"imageReference\": {\r\n        \"publisher\":
        \"Debian\",\r\n        \"offer\": \"debian-10\",\r\n        \"sku\": \"10\",\r\n
        \       \"version\": \"latest\",\r\n        \"exactVersion\": \"0.20191015.47\"\r\n
        \     },\r\n      \"osDisk\": {\r\n        \"osType\": \"Linux\",\r\n        \"name\":
        \"vm-storage-sku-test_OsDisk_1_ca6706852aa940cfb47bcca37b14daa4\",\r\n        \"createOption\":
        \"FromImage\",\r\n        \"caching\": \"ReadWrite\",\r\n        \"managedDisk\":
        {\r\n          \"storageAccountType\": \"StandardSSD_LRS\",\r\n          \"id\":
        \"/subscriptions/00000000-0000-0000-0000-000000000000/resourceGroups/cli-test-stdssdk000001/providers/Microsoft.Compute/disks/vm-storage-sku-test_OsDisk_1_ca6706852aa940cfb47bcca37b14daa4\"\r\n
        \       },\r\n        \"diskSizeGB\": 30\r\n      },\r\n      \"dataDisks\":
        [\r\n        {\r\n          \"lun\": 0,\r\n          \"name\": \"vm-storage-sku-test_disk2_be9acfe8562c46fea56f703f1e32b017\",\r\n
        \         \"createOption\": \"Empty\",\r\n          \"caching\": \"None\",\r\n
        \         \"managedDisk\": {\r\n            \"storageAccountType\": \"StandardSSD_LRS\",\r\n
        \           \"id\": \"/subscriptions/00000000-0000-0000-0000-000000000000/resourceGroups/cli-test-stdssdk000001/providers/Microsoft.Compute/disks/vm-storage-sku-test_disk2_be9acfe8562c46fea56f703f1e32b017\"\r\n
        \         },\r\n          \"diskSizeGB\": 1,\r\n          \"toBeDetached\":
        false\r\n        },\r\n        {\r\n          \"lun\": 1,\r\n          \"name\":
        \"d1\",\r\n          \"createOption\": \"Empty\",\r\n          \"caching\":
        \"None\",\r\n          \"managedDisk\": {\r\n            \"storageAccountType\":
        \"Premium_LRS\",\r\n            \"id\": \"/subscriptions/00000000-0000-0000-0000-000000000000/resourceGroups/cli-test-stdssdk000001/providers/Microsoft.Compute/disks/d1\"\r\n
        \         },\r\n          \"diskSizeGB\": 1,\r\n          \"toBeDetached\":
        false\r\n        }\r\n      ]\r\n    },\r\n    \"osProfile\": {\r\n      \"computerName\":
        \"vm-storage-sku-test\",\r\n      \"adminUsername\": \"admin123\",\r\n      \"linuxConfiguration\":
        {\r\n        \"disablePasswordAuthentication\": false,\r\n        \"provisionVMAgent\":
        true\r\n      },\r\n      \"secrets\": [],\r\n      \"allowExtensionOperations\":
        true,\r\n      \"requireGuestProvisionSignal\": true\r\n    },\r\n    \"networkProfile\":
        {\"networkInterfaces\":[{\"id\":\"/subscriptions/00000000-0000-0000-0000-000000000000/resourceGroups/cli-test-stdssdk000001/providers/Microsoft.Network/networkInterfaces/vm-storage-sku-testVMNic\"}]},\r\n
        \   \"provisioningState\": \"Succeeded\"\r\n  }\r\n}"
    headers:
      cache-control:
      - no-cache
      content-length:
      - '3075'
      content-type:
      - application/json; charset=utf-8
      date:
      - Fri, 01 Nov 2019 08:19:29 GMT
      expires:
      - '-1'
      pragma:
      - no-cache
      server:
      - Microsoft-HTTPAPI/2.0
      - Microsoft-HTTPAPI/2.0
      strict-transport-security:
      - max-age=31536000; includeSubDomains
      transfer-encoding:
      - chunked
      vary:
      - Accept-Encoding
      x-content-type-options:
      - nosniff
      x-ms-ratelimit-remaining-resource:
      - Microsoft.Compute/LowCostGet3Min;3989,Microsoft.Compute/LowCostGet30Min;31989
    status:
      code: 200
      message: OK
- request:
    body: null
    headers:
      Accept:
      - application/json
      Accept-Encoding:
      - gzip, deflate
      CommandName:
      - vm disk attach
      Connection:
      - keep-alive
      ParameterSetName:
      - -g --vm-name --name --new --size-gb --sku
      User-Agent:
      - python/3.7.4 (Windows-10-10.0.18362-SP0) msrest/0.6.10 msrest_azure/0.6.2
        azure-mgmt-compute/9.0.0 Azure-SDK-For-Python AZURECLI/2.0.75
      accept-language:
      - en-US
    method: GET
    uri: https://management.azure.com/subscriptions/00000000-0000-0000-0000-000000000000/resourceGroups/cli-test-stdssdk000001/providers/Microsoft.Compute/virtualMachines/vm-storage-sku-test?api-version=2019-07-01
  response:
    body:
      string: "{\r\n  \"name\": \"vm-storage-sku-test\",\r\n  \"id\": \"/subscriptions/00000000-0000-0000-0000-000000000000/resourceGroups/cli-test-stdssdk000001/providers/Microsoft.Compute/virtualMachines/vm-storage-sku-test\",\r\n
        \ \"type\": \"Microsoft.Compute/virtualMachines\",\r\n  \"location\": \"eastus2\",\r\n
        \ \"tags\": {},\r\n  \"properties\": {\r\n    \"vmId\": \"e0fc27df-1c34-46c3-8fa5-8f0b35e3aa2b\",\r\n
        \   \"hardwareProfile\": {\r\n      \"vmSize\": \"Standard_DS1_v2\"\r\n    },\r\n
        \   \"storageProfile\": {\r\n      \"imageReference\": {\r\n        \"publisher\":
        \"Debian\",\r\n        \"offer\": \"debian-10\",\r\n        \"sku\": \"10\",\r\n
        \       \"version\": \"latest\",\r\n        \"exactVersion\": \"0.20191015.47\"\r\n
        \     },\r\n      \"osDisk\": {\r\n        \"osType\": \"Linux\",\r\n        \"name\":
        \"vm-storage-sku-test_OsDisk_1_ca6706852aa940cfb47bcca37b14daa4\",\r\n        \"createOption\":
        \"FromImage\",\r\n        \"caching\": \"ReadWrite\",\r\n        \"managedDisk\":
        {\r\n          \"storageAccountType\": \"StandardSSD_LRS\",\r\n          \"id\":
        \"/subscriptions/00000000-0000-0000-0000-000000000000/resourceGroups/cli-test-stdssdk000001/providers/Microsoft.Compute/disks/vm-storage-sku-test_OsDisk_1_ca6706852aa940cfb47bcca37b14daa4\"\r\n
        \       },\r\n        \"diskSizeGB\": 30\r\n      },\r\n      \"dataDisks\":
        [\r\n        {\r\n          \"lun\": 0,\r\n          \"name\": \"vm-storage-sku-test_disk2_be9acfe8562c46fea56f703f1e32b017\",\r\n
        \         \"createOption\": \"Empty\",\r\n          \"caching\": \"None\",\r\n
        \         \"managedDisk\": {\r\n            \"storageAccountType\": \"StandardSSD_LRS\",\r\n
        \           \"id\": \"/subscriptions/00000000-0000-0000-0000-000000000000/resourceGroups/cli-test-stdssdk000001/providers/Microsoft.Compute/disks/vm-storage-sku-test_disk2_be9acfe8562c46fea56f703f1e32b017\"\r\n
        \         },\r\n          \"diskSizeGB\": 1,\r\n          \"toBeDetached\":
        false\r\n        },\r\n        {\r\n          \"lun\": 1,\r\n          \"name\":
        \"d1\",\r\n          \"createOption\": \"Empty\",\r\n          \"caching\":
        \"None\",\r\n          \"managedDisk\": {\r\n            \"storageAccountType\":
        \"Premium_LRS\",\r\n            \"id\": \"/subscriptions/00000000-0000-0000-0000-000000000000/resourceGroups/cli-test-stdssdk000001/providers/Microsoft.Compute/disks/d1\"\r\n
        \         },\r\n          \"diskSizeGB\": 1,\r\n          \"toBeDetached\":
        false\r\n        }\r\n      ]\r\n    },\r\n    \"osProfile\": {\r\n      \"computerName\":
        \"vm-storage-sku-test\",\r\n      \"adminUsername\": \"admin123\",\r\n      \"linuxConfiguration\":
        {\r\n        \"disablePasswordAuthentication\": false,\r\n        \"provisionVMAgent\":
        true\r\n      },\r\n      \"secrets\": [],\r\n      \"allowExtensionOperations\":
        true,\r\n      \"requireGuestProvisionSignal\": true\r\n    },\r\n    \"networkProfile\":
        {\"networkInterfaces\":[{\"id\":\"/subscriptions/00000000-0000-0000-0000-000000000000/resourceGroups/cli-test-stdssdk000001/providers/Microsoft.Network/networkInterfaces/vm-storage-sku-testVMNic\"}]},\r\n
        \   \"provisioningState\": \"Succeeded\"\r\n  }\r\n}"
    headers:
      cache-control:
      - no-cache
      content-length:
      - '3075'
      content-type:
      - application/json; charset=utf-8
      date:
      - Fri, 01 Nov 2019 08:19:31 GMT
      expires:
      - '-1'
      pragma:
      - no-cache
      server:
      - Microsoft-HTTPAPI/2.0
      - Microsoft-HTTPAPI/2.0
      strict-transport-security:
      - max-age=31536000; includeSubDomains
      transfer-encoding:
      - chunked
      vary:
      - Accept-Encoding
      x-content-type-options:
      - nosniff
      x-ms-ratelimit-remaining-resource:
      - Microsoft.Compute/LowCostGet3Min;3988,Microsoft.Compute/LowCostGet30Min;31988
    status:
      code: 200
      message: OK
- request:
    body: 'b''{"location": "eastus2", "tags": {}, "properties": {"hardwareProfile":
      {"vmSize": "Standard_DS1_v2"}, "storageProfile": {"imageReference": {"publisher":
      "Debian", "offer": "debian-10", "sku": "10", "version": "latest"}, "osDisk":
      {"osType": "Linux", "name": "vm-storage-sku-test_OsDisk_1_ca6706852aa940cfb47bcca37b14daa4",
      "caching": "ReadWrite", "createOption": "FromImage", "diskSizeGB": 30, "managedDisk":
      {"id": "/subscriptions/00000000-0000-0000-0000-000000000000/resourceGroups/cli-test-stdssdk000001/providers/Microsoft.Compute/disks/vm-storage-sku-test_OsDisk_1_ca6706852aa940cfb47bcca37b14daa4",
      "storageAccountType": "StandardSSD_LRS"}}, "dataDisks": [{"lun": 0, "name":
      "vm-storage-sku-test_disk2_be9acfe8562c46fea56f703f1e32b017", "caching": "None",
      "createOption": "Empty", "diskSizeGB": 1, "managedDisk": {"id": "/subscriptions/00000000-0000-0000-0000-000000000000/resourceGroups/cli-test-stdssdk000001/providers/Microsoft.Compute/disks/vm-storage-sku-test_disk2_be9acfe8562c46fea56f703f1e32b017",
      "storageAccountType": "StandardSSD_LRS"}, "toBeDetached": false}, {"lun": 1,
      "name": "d1", "caching": "None", "createOption": "Empty", "diskSizeGB": 1, "managedDisk":
      {"id": "/subscriptions/00000000-0000-0000-0000-000000000000/resourceGroups/cli-test-stdssdk000001/providers/Microsoft.Compute/disks/d1",
      "storageAccountType": "Premium_LRS"}, "toBeDetached": false}, {"lun": 2, "name":
      "d2", "createOption": "Empty", "diskSizeGB": 2, "managedDisk": {"storageAccountType":
      "StandardSSD_LRS"}}]}, "osProfile": {"computerName": "vm-storage-sku-test",
      "adminUsername": "admin123", "linuxConfiguration": {"disablePasswordAuthentication":
      false, "provisionVMAgent": true}, "secrets": [], "allowExtensionOperations":
      true, "requireGuestProvisionSignal": true}, "networkProfile": {"networkInterfaces":
      [{"id": "/subscriptions/00000000-0000-0000-0000-000000000000/resourceGroups/cli-test-stdssdk000001/providers/Microsoft.Network/networkInterfaces/vm-storage-sku-testVMNic"}]}}}'''
    headers:
      Accept:
      - application/json
      Accept-Encoding:
      - gzip, deflate
      CommandName:
      - vm disk attach
      Connection:
      - keep-alive
      Content-Length:
      - '2191'
      Content-Type:
      - application/json; charset=utf-8
      ParameterSetName:
      - -g --vm-name --name --new --size-gb --sku
      User-Agent:
      - python/3.7.4 (Windows-10-10.0.18362-SP0) msrest/0.6.10 msrest_azure/0.6.2
        azure-mgmt-compute/9.0.0 Azure-SDK-For-Python AZURECLI/2.0.75
      accept-language:
      - en-US
    method: PUT
    uri: https://management.azure.com/subscriptions/00000000-0000-0000-0000-000000000000/resourceGroups/cli-test-stdssdk000001/providers/Microsoft.Compute/virtualMachines/vm-storage-sku-test?api-version=2019-07-01
  response:
    body:
      string: "{\r\n  \"name\": \"vm-storage-sku-test\",\r\n  \"id\": \"/subscriptions/00000000-0000-0000-0000-000000000000/resourceGroups/cli-test-stdssdk000001/providers/Microsoft.Compute/virtualMachines/vm-storage-sku-test\",\r\n
        \ \"type\": \"Microsoft.Compute/virtualMachines\",\r\n  \"location\": \"eastus2\",\r\n
        \ \"tags\": {},\r\n  \"properties\": {\r\n    \"vmId\": \"e0fc27df-1c34-46c3-8fa5-8f0b35e3aa2b\",\r\n
        \   \"hardwareProfile\": {\r\n      \"vmSize\": \"Standard_DS1_v2\"\r\n    },\r\n
        \   \"storageProfile\": {\r\n      \"imageReference\": {\r\n        \"publisher\":
        \"Debian\",\r\n        \"offer\": \"debian-10\",\r\n        \"sku\": \"10\",\r\n
        \       \"version\": \"latest\",\r\n        \"exactVersion\": \"0.20191015.47\"\r\n
        \     },\r\n      \"osDisk\": {\r\n        \"osType\": \"Linux\",\r\n        \"name\":
        \"vm-storage-sku-test_OsDisk_1_ca6706852aa940cfb47bcca37b14daa4\",\r\n        \"createOption\":
        \"FromImage\",\r\n        \"caching\": \"ReadWrite\",\r\n        \"managedDisk\":
        {\r\n          \"storageAccountType\": \"StandardSSD_LRS\",\r\n          \"id\":
        \"/subscriptions/00000000-0000-0000-0000-000000000000/resourceGroups/cli-test-stdssdk000001/providers/Microsoft.Compute/disks/vm-storage-sku-test_OsDisk_1_ca6706852aa940cfb47bcca37b14daa4\"\r\n
        \       },\r\n        \"diskSizeGB\": 30\r\n      },\r\n      \"dataDisks\":
        [\r\n        {\r\n          \"lun\": 0,\r\n          \"name\": \"vm-storage-sku-test_disk2_be9acfe8562c46fea56f703f1e32b017\",\r\n
        \         \"createOption\": \"Empty\",\r\n          \"caching\": \"None\",\r\n
        \         \"managedDisk\": {\r\n            \"storageAccountType\": \"StandardSSD_LRS\",\r\n
        \           \"id\": \"/subscriptions/00000000-0000-0000-0000-000000000000/resourceGroups/cli-test-stdssdk000001/providers/Microsoft.Compute/disks/vm-storage-sku-test_disk2_be9acfe8562c46fea56f703f1e32b017\"\r\n
        \         },\r\n          \"diskSizeGB\": 1,\r\n          \"toBeDetached\":
        false\r\n        },\r\n        {\r\n          \"lun\": 1,\r\n          \"name\":
        \"d1\",\r\n          \"createOption\": \"Empty\",\r\n          \"caching\":
        \"None\",\r\n          \"managedDisk\": {\r\n            \"storageAccountType\":
        \"Premium_LRS\",\r\n            \"id\": \"/subscriptions/00000000-0000-0000-0000-000000000000/resourceGroups/cli-test-stdssdk000001/providers/Microsoft.Compute/disks/d1\"\r\n
        \         },\r\n          \"diskSizeGB\": 1,\r\n          \"toBeDetached\":
        false\r\n        },\r\n        {\r\n          \"lun\": 2,\r\n          \"name\":
        \"d2\",\r\n          \"createOption\": \"Empty\",\r\n          \"caching\":
        \"None\",\r\n          \"managedDisk\": {\r\n            \"storageAccountType\":
        \"StandardSSD_LRS\"\r\n          },\r\n          \"diskSizeGB\": 2,\r\n          \"toBeDetached\":
        false\r\n        }\r\n      ]\r\n    },\r\n    \"osProfile\": {\r\n      \"computerName\":
        \"vm-storage-sku-test\",\r\n      \"adminUsername\": \"admin123\",\r\n      \"linuxConfiguration\":
        {\r\n        \"disablePasswordAuthentication\": false,\r\n        \"provisionVMAgent\":
        true\r\n      },\r\n      \"secrets\": [],\r\n      \"allowExtensionOperations\":
        true,\r\n      \"requireGuestProvisionSignal\": true\r\n    },\r\n    \"networkProfile\":
        {\"networkInterfaces\":[{\"id\":\"/subscriptions/00000000-0000-0000-0000-000000000000/resourceGroups/cli-test-stdssdk000001/providers/Microsoft.Network/networkInterfaces/vm-storage-sku-testVMNic\"}]},\r\n
        \   \"provisioningState\": \"Updating\"\r\n  }\r\n}"
    headers:
      azure-asyncnotification:
      - Enabled
      azure-asyncoperation:
      - https://management.azure.com/subscriptions/00000000-0000-0000-0000-000000000000/providers/Microsoft.Compute/locations/eastus2/operations/128aec2f-6562-4dc9-800c-59f4180f0f1c?api-version=2019-07-01
      cache-control:
      - no-cache
      content-length:
      - '3365'
      content-type:
      - application/json; charset=utf-8
      date:
      - Fri, 01 Nov 2019 08:19:35 GMT
      expires:
      - '-1'
      pragma:
      - no-cache
      server:
      - Microsoft-HTTPAPI/2.0
      - Microsoft-HTTPAPI/2.0
      strict-transport-security:
      - max-age=31536000; includeSubDomains
      transfer-encoding:
      - chunked
      vary:
      - Accept-Encoding
      x-content-type-options:
      - nosniff
      x-ms-ratelimit-remaining-resource:
      - Microsoft.Compute/PutVM3Min;719,Microsoft.Compute/PutVM30Min;3610
      x-ms-ratelimit-remaining-subscription-writes:
      - '1185'
    status:
      code: 200
      message: OK
- request:
    body: null
    headers:
      Accept:
      - application/json
      Accept-Encoding:
      - gzip, deflate
      CommandName:
      - vm disk attach
      Connection:
      - keep-alive
      ParameterSetName:
      - -g --vm-name --name --new --size-gb --sku
      User-Agent:
      - python/3.7.4 (Windows-10-10.0.18362-SP0) msrest/0.6.10 msrest_azure/0.6.2
        azure-mgmt-compute/9.0.0 Azure-SDK-For-Python AZURECLI/2.0.75
    method: GET
    uri: https://management.azure.com/subscriptions/00000000-0000-0000-0000-000000000000/providers/Microsoft.Compute/locations/eastus2/operations/128aec2f-6562-4dc9-800c-59f4180f0f1c?api-version=2019-07-01
  response:
    body:
      string: "{\r\n  \"startTime\": \"2019-11-01T08:19:33.9884427+00:00\",\r\n  \"endTime\":
        \"2019-11-01T08:19:40.9884325+00:00\",\r\n  \"status\": \"Succeeded\",\r\n
        \ \"name\": \"128aec2f-6562-4dc9-800c-59f4180f0f1c\"\r\n}"
    headers:
      cache-control:
      - no-cache
      content-length:
      - '184'
      content-type:
      - application/json; charset=utf-8
      date:
      - Fri, 01 Nov 2019 08:20:06 GMT
      expires:
      - '-1'
      pragma:
      - no-cache
      server:
      - Microsoft-HTTPAPI/2.0
      - Microsoft-HTTPAPI/2.0
      strict-transport-security:
      - max-age=31536000; includeSubDomains
      transfer-encoding:
      - chunked
      vary:
      - Accept-Encoding
      x-content-type-options:
      - nosniff
      x-ms-ratelimit-remaining-resource:
      - Microsoft.Compute/GetOperation3Min;14985,Microsoft.Compute/GetOperation30Min;29981
    status:
      code: 200
      message: OK
- request:
    body: null
    headers:
      Accept:
      - application/json
      Accept-Encoding:
      - gzip, deflate
      CommandName:
      - vm disk attach
      Connection:
      - keep-alive
      ParameterSetName:
      - -g --vm-name --name --new --size-gb --sku
      User-Agent:
      - python/3.7.4 (Windows-10-10.0.18362-SP0) msrest/0.6.10 msrest_azure/0.6.2
        azure-mgmt-compute/9.0.0 Azure-SDK-For-Python AZURECLI/2.0.75
    method: GET
    uri: https://management.azure.com/subscriptions/00000000-0000-0000-0000-000000000000/resourceGroups/cli-test-stdssdk000001/providers/Microsoft.Compute/virtualMachines/vm-storage-sku-test?api-version=2019-07-01
  response:
    body:
      string: "{\r\n  \"name\": \"vm-storage-sku-test\",\r\n  \"id\": \"/subscriptions/00000000-0000-0000-0000-000000000000/resourceGroups/cli-test-stdssdk000001/providers/Microsoft.Compute/virtualMachines/vm-storage-sku-test\",\r\n
        \ \"type\": \"Microsoft.Compute/virtualMachines\",\r\n  \"location\": \"eastus2\",\r\n
        \ \"tags\": {},\r\n  \"properties\": {\r\n    \"vmId\": \"e0fc27df-1c34-46c3-8fa5-8f0b35e3aa2b\",\r\n
        \   \"hardwareProfile\": {\r\n      \"vmSize\": \"Standard_DS1_v2\"\r\n    },\r\n
        \   \"storageProfile\": {\r\n      \"imageReference\": {\r\n        \"publisher\":
        \"Debian\",\r\n        \"offer\": \"debian-10\",\r\n        \"sku\": \"10\",\r\n
        \       \"version\": \"latest\",\r\n        \"exactVersion\": \"0.20191015.47\"\r\n
        \     },\r\n      \"osDisk\": {\r\n        \"osType\": \"Linux\",\r\n        \"name\":
        \"vm-storage-sku-test_OsDisk_1_ca6706852aa940cfb47bcca37b14daa4\",\r\n        \"createOption\":
        \"FromImage\",\r\n        \"caching\": \"ReadWrite\",\r\n        \"managedDisk\":
        {\r\n          \"storageAccountType\": \"StandardSSD_LRS\",\r\n          \"id\":
        \"/subscriptions/00000000-0000-0000-0000-000000000000/resourceGroups/cli-test-stdssdk000001/providers/Microsoft.Compute/disks/vm-storage-sku-test_OsDisk_1_ca6706852aa940cfb47bcca37b14daa4\"\r\n
        \       },\r\n        \"diskSizeGB\": 30\r\n      },\r\n      \"dataDisks\":
        [\r\n        {\r\n          \"lun\": 0,\r\n          \"name\": \"vm-storage-sku-test_disk2_be9acfe8562c46fea56f703f1e32b017\",\r\n
        \         \"createOption\": \"Empty\",\r\n          \"caching\": \"None\",\r\n
        \         \"managedDisk\": {\r\n            \"storageAccountType\": \"StandardSSD_LRS\",\r\n
        \           \"id\": \"/subscriptions/00000000-0000-0000-0000-000000000000/resourceGroups/cli-test-stdssdk000001/providers/Microsoft.Compute/disks/vm-storage-sku-test_disk2_be9acfe8562c46fea56f703f1e32b017\"\r\n
        \         },\r\n          \"diskSizeGB\": 1,\r\n          \"toBeDetached\":
        false\r\n        },\r\n        {\r\n          \"lun\": 1,\r\n          \"name\":
        \"d1\",\r\n          \"createOption\": \"Empty\",\r\n          \"caching\":
        \"None\",\r\n          \"managedDisk\": {\r\n            \"storageAccountType\":
        \"Premium_LRS\",\r\n            \"id\": \"/subscriptions/00000000-0000-0000-0000-000000000000/resourceGroups/cli-test-stdssdk000001/providers/Microsoft.Compute/disks/d1\"\r\n
        \         },\r\n          \"diskSizeGB\": 1,\r\n          \"toBeDetached\":
        false\r\n        },\r\n        {\r\n          \"lun\": 2,\r\n          \"name\":
        \"d2\",\r\n          \"createOption\": \"Empty\",\r\n          \"caching\":
        \"None\",\r\n          \"managedDisk\": {\r\n            \"storageAccountType\":
        \"StandardSSD_LRS\",\r\n            \"id\": \"/subscriptions/00000000-0000-0000-0000-000000000000/resourceGroups/cli-test-stdssdk000001/providers/Microsoft.Compute/disks/d2\"\r\n
        \         },\r\n          \"diskSizeGB\": 2,\r\n          \"toBeDetached\":
        false\r\n        }\r\n      ]\r\n    },\r\n    \"osProfile\": {\r\n      \"computerName\":
        \"vm-storage-sku-test\",\r\n      \"adminUsername\": \"admin123\",\r\n      \"linuxConfiguration\":
        {\r\n        \"disablePasswordAuthentication\": false,\r\n        \"provisionVMAgent\":
        true\r\n      },\r\n      \"secrets\": [],\r\n      \"allowExtensionOperations\":
        true,\r\n      \"requireGuestProvisionSignal\": true\r\n    },\r\n    \"networkProfile\":
        {\"networkInterfaces\":[{\"id\":\"/subscriptions/00000000-0000-0000-0000-000000000000/resourceGroups/cli-test-stdssdk000001/providers/Microsoft.Network/networkInterfaces/vm-storage-sku-testVMNic\"}]},\r\n
        \   \"provisioningState\": \"Succeeded\"\r\n  }\r\n}"
    headers:
      cache-control:
      - no-cache
      content-length:
      - '3568'
      content-type:
      - application/json; charset=utf-8
      date:
      - Fri, 01 Nov 2019 08:20:06 GMT
      expires:
      - '-1'
      pragma:
      - no-cache
      server:
      - Microsoft-HTTPAPI/2.0
      - Microsoft-HTTPAPI/2.0
      strict-transport-security:
      - max-age=31536000; includeSubDomains
      transfer-encoding:
      - chunked
      vary:
      - Accept-Encoding
      x-content-type-options:
      - nosniff
      x-ms-ratelimit-remaining-resource:
      - Microsoft.Compute/LowCostGet3Min;3985,Microsoft.Compute/LowCostGet30Min;31985
    status:
      code: 200
      message: OK
- request:
    body: null
    headers:
      Accept:
      - application/json
      Accept-Encoding:
      - gzip, deflate
      CommandName:
      - disk create
      Connection:
      - keep-alive
      ParameterSetName:
      - -g -n --size-gb --sku
      User-Agent:
      - python/3.7.4 (Windows-10-10.0.18362-SP0) msrest/0.6.10 msrest_azure/0.6.2
        azure-mgmt-resource/4.0.0 Azure-SDK-For-Python AZURECLI/2.0.75
      accept-language:
      - en-US
    method: GET
    uri: https://management.azure.com/subscriptions/00000000-0000-0000-0000-000000000000/resourcegroups/cli-test-stdssdk000001?api-version=2019-07-01
  response:
    body:
      string: '{"id":"/subscriptions/00000000-0000-0000-0000-000000000000/resourceGroups/cli-test-stdssdk000001","name":"cli-test-stdssdk000001","type":"Microsoft.Resources/resourceGroups","location":"eastus2","tags":{"product":"azurecli","cause":"automation","date":"2019-11-01T08:17:02Z"},"properties":{"provisioningState":"Succeeded"}}'
    headers:
      cache-control:
      - no-cache
      content-length:
      - '429'
      content-type:
      - application/json; charset=utf-8
      date:
      - Fri, 01 Nov 2019 08:20:08 GMT
      expires:
      - '-1'
      pragma:
      - no-cache
      strict-transport-security:
      - max-age=31536000; includeSubDomains
      vary:
      - Accept-Encoding
      x-content-type-options:
      - nosniff
    status:
      code: 200
      message: OK
- request:
    body: '{"location": "eastus2", "tags": {}, "sku": {"name": "StandardSSD_LRS"},
      "properties": {"hyperVGeneration": "V1", "creationData": {"createOption": "Empty"},
      "diskSizeGB": 4}}'
    headers:
      Accept:
      - application/json
      Accept-Encoding:
      - gzip, deflate
      CommandName:
      - disk create
      Connection:
      - keep-alive
      Content-Length:
      - '173'
      Content-Type:
      - application/json; charset=utf-8
      ParameterSetName:
      - -g -n --size-gb --sku
      User-Agent:
      - python/3.7.4 (Windows-10-10.0.18362-SP0) msrest/0.6.10 msrest_azure/0.6.2
        azure-mgmt-compute/9.0.0 Azure-SDK-For-Python AZURECLI/2.0.75
      accept-language:
      - en-US
    method: PUT
    uri: https://management.azure.com/subscriptions/00000000-0000-0000-0000-000000000000/resourceGroups/cli-test-stdssdk000001/providers/Microsoft.Compute/disks/d3?api-version=2019-03-01
  response:
    body:
      string: "{\r\n  \"name\": \"d3\",\r\n  \"location\": \"eastus2\",\r\n  \"tags\":
        {},\r\n  \"sku\": {\r\n    \"name\": \"StandardSSD_LRS\"\r\n  },\r\n  \"properties\":
        {\r\n    \"hyperVGeneration\": \"V1\",\r\n    \"creationData\": {\r\n      \"createOption\":
        \"Empty\"\r\n    },\r\n    \"diskSizeGB\": 4,\r\n    \"provisioningState\":
        \"Updating\",\r\n    \"isArmResource\": true\r\n  }\r\n}"
    headers:
      azure-asyncoperation:
      - https://management.azure.com/subscriptions/00000000-0000-0000-0000-000000000000/providers/Microsoft.Compute/locations/eastus2/DiskOperations/b2f22cea-edce-4038-92d9-c6a7da71c216?api-version=2019-03-01
      cache-control:
      - no-cache
      content-length:
      - '315'
      content-type:
      - application/json; charset=utf-8
      date:
      - Fri, 01 Nov 2019 08:20:12 GMT
      expires:
      - '-1'
      location:
      - https://management.azure.com/subscriptions/00000000-0000-0000-0000-000000000000/providers/Microsoft.Compute/locations/eastus2/DiskOperations/b2f22cea-edce-4038-92d9-c6a7da71c216?monitor=true&api-version=2019-03-01
      pragma:
      - no-cache
      server:
      - Microsoft-HTTPAPI/2.0
      - Microsoft-HTTPAPI/2.0
      strict-transport-security:
      - max-age=31536000; includeSubDomains
      x-content-type-options:
      - nosniff
      x-ms-ratelimit-remaining-resource:
      - Microsoft.Compute/CreateUpdateDisks3Min;999,Microsoft.Compute/CreateUpdateDisks30Min;7997
      x-ms-ratelimit-remaining-subscription-writes:
      - '1185'
    status:
      code: 202
      message: Accepted
- request:
    body: null
    headers:
      Accept:
      - application/json
      Accept-Encoding:
      - gzip, deflate
      CommandName:
      - disk create
      Connection:
      - keep-alive
      ParameterSetName:
      - -g -n --size-gb --sku
      User-Agent:
      - python/3.7.4 (Windows-10-10.0.18362-SP0) msrest/0.6.10 msrest_azure/0.6.2
        azure-mgmt-compute/9.0.0 Azure-SDK-For-Python AZURECLI/2.0.75
    method: GET
    uri: https://management.azure.com/subscriptions/00000000-0000-0000-0000-000000000000/providers/Microsoft.Compute/locations/eastus2/DiskOperations/b2f22cea-edce-4038-92d9-c6a7da71c216?api-version=2019-03-01
  response:
    body:
      string: "{\r\n  \"startTime\": \"2019-11-01T08:20:12.7418348+00:00\",\r\n  \"endTime\":
        \"2019-11-01T08:20:12.8512064+00:00\",\r\n  \"status\": \"Succeeded\",\r\n
        \ \"properties\": {\r\n    \"output\": {\r\n  \"name\": \"d3\",\r\n  \"id\":
        \"/subscriptions/00000000-0000-0000-0000-000000000000/resourceGroups/cli-test-stdssdk000001/providers/Microsoft.Compute/disks/d3\",\r\n
        \ \"type\": \"Microsoft.Compute/disks\",\r\n  \"location\": \"eastus2\",\r\n
        \ \"tags\": {},\r\n  \"sku\": {\r\n    \"name\": \"StandardSSD_LRS\",\r\n
        \   \"tier\": \"Standard\"\r\n  },\r\n  \"properties\": {\r\n    \"hyperVGeneration\":
        \"V1\",\r\n    \"creationData\": {\r\n      \"createOption\": \"Empty\"\r\n
        \   },\r\n    \"diskSizeGB\": 4,\r\n    \"diskIOPSReadWrite\": 120,\r\n    \"diskMBpsReadWrite\":
        25,\r\n    \"timeCreated\": \"2019-11-01T08:20:12.7418348+00:00\",\r\n    \"provisioningState\":
        \"Succeeded\",\r\n    \"diskState\": \"Unattached\",\r\n    \"diskSizeBytes\":
        4294967296,\r\n    \"uniqueId\": \"5a553d12-a901-40a0-9306-ccce3c21fd28\"\r\n
        \ }\r\n}\r\n  },\r\n  \"name\": \"b2f22cea-edce-4038-92d9-c6a7da71c216\"\r\n}"
    headers:
      cache-control:
      - no-cache
      content-length:
      - '1009'
      content-type:
      - application/json; charset=utf-8
      date:
      - Fri, 01 Nov 2019 08:20:15 GMT
      expires:
      - '-1'
      pragma:
      - no-cache
      server:
      - Microsoft-HTTPAPI/2.0
      - Microsoft-HTTPAPI/2.0
      strict-transport-security:
      - max-age=31536000; includeSubDomains
      transfer-encoding:
      - chunked
      vary:
      - Accept-Encoding
      x-content-type-options:
      - nosniff
      x-ms-ratelimit-remaining-resource:
      - Microsoft.Compute/GetOperation3Min;49999,Microsoft.Compute/GetOperation30Min;399974
    status:
      code: 200
      message: OK
- request:
    body: null
    headers:
      Accept:
      - application/json
      Accept-Encoding:
      - gzip, deflate
      CommandName:
      - disk create
      Connection:
      - keep-alive
      ParameterSetName:
      - -g -n --size-gb --sku
      User-Agent:
      - python/3.7.4 (Windows-10-10.0.18362-SP0) msrest/0.6.10 msrest_azure/0.6.2
        azure-mgmt-compute/9.0.0 Azure-SDK-For-Python AZURECLI/2.0.75
    method: GET
    uri: https://management.azure.com/subscriptions/00000000-0000-0000-0000-000000000000/resourceGroups/cli-test-stdssdk000001/providers/Microsoft.Compute/disks/d3?api-version=2019-03-01
  response:
    body:
      string: "{\r\n  \"name\": \"d3\",\r\n  \"id\": \"/subscriptions/00000000-0000-0000-0000-000000000000/resourceGroups/cli-test-stdssdk000001/providers/Microsoft.Compute/disks/d3\",\r\n
        \ \"type\": \"Microsoft.Compute/disks\",\r\n  \"location\": \"eastus2\",\r\n
        \ \"tags\": {},\r\n  \"sku\": {\r\n    \"name\": \"StandardSSD_LRS\",\r\n
        \   \"tier\": \"Standard\"\r\n  },\r\n  \"properties\": {\r\n    \"hyperVGeneration\":
        \"V1\",\r\n    \"creationData\": {\r\n      \"createOption\": \"Empty\"\r\n
        \   },\r\n    \"diskSizeGB\": 4,\r\n    \"diskIOPSReadWrite\": 120,\r\n    \"diskMBpsReadWrite\":
        25,\r\n    \"timeCreated\": \"2019-11-01T08:20:12.7418348+00:00\",\r\n    \"provisioningState\":
        \"Succeeded\",\r\n    \"diskState\": \"Unattached\",\r\n    \"diskSizeBytes\":
        4294967296,\r\n    \"uniqueId\": \"5a553d12-a901-40a0-9306-ccce3c21fd28\"\r\n
        \ }\r\n}"
    headers:
      cache-control:
      - no-cache
      content-length:
      - '784'
      content-type:
      - application/json; charset=utf-8
      date:
      - Fri, 01 Nov 2019 08:20:15 GMT
      expires:
      - '-1'
      pragma:
      - no-cache
      server:
      - Microsoft-HTTPAPI/2.0
      - Microsoft-HTTPAPI/2.0
      strict-transport-security:
      - max-age=31536000; includeSubDomains
      transfer-encoding:
      - chunked
      vary:
      - Accept-Encoding
      x-content-type-options:
      - nosniff
      x-ms-ratelimit-remaining-resource:
      - Microsoft.Compute/LowCostGet3Min;4991,Microsoft.Compute/LowCostGet30Min;39981
    status:
      code: 200
      message: OK
- request:
    body: null
    headers:
      Accept:
      - application/json
      Accept-Encoding:
      - gzip, deflate
      CommandName:
      - vm disk attach
      Connection:
      - keep-alive
      ParameterSetName:
      - -g --vm-name --name
      User-Agent:
      - python/3.7.4 (Windows-10-10.0.18362-SP0) msrest/0.6.10 msrest_azure/0.6.2
        azure-mgmt-compute/9.0.0 Azure-SDK-For-Python AZURECLI/2.0.75
      accept-language:
      - en-US
    method: GET
    uri: https://management.azure.com/subscriptions/00000000-0000-0000-0000-000000000000/resourceGroups/cli-test-stdssdk000001/providers/Microsoft.Compute/virtualMachines/vm-storage-sku-test?api-version=2019-07-01
  response:
    body:
      string: "{\r\n  \"name\": \"vm-storage-sku-test\",\r\n  \"id\": \"/subscriptions/00000000-0000-0000-0000-000000000000/resourceGroups/cli-test-stdssdk000001/providers/Microsoft.Compute/virtualMachines/vm-storage-sku-test\",\r\n
        \ \"type\": \"Microsoft.Compute/virtualMachines\",\r\n  \"location\": \"eastus2\",\r\n
        \ \"tags\": {},\r\n  \"properties\": {\r\n    \"vmId\": \"e0fc27df-1c34-46c3-8fa5-8f0b35e3aa2b\",\r\n
        \   \"hardwareProfile\": {\r\n      \"vmSize\": \"Standard_DS1_v2\"\r\n    },\r\n
        \   \"storageProfile\": {\r\n      \"imageReference\": {\r\n        \"publisher\":
        \"Debian\",\r\n        \"offer\": \"debian-10\",\r\n        \"sku\": \"10\",\r\n
        \       \"version\": \"latest\",\r\n        \"exactVersion\": \"0.20191015.47\"\r\n
        \     },\r\n      \"osDisk\": {\r\n        \"osType\": \"Linux\",\r\n        \"name\":
        \"vm-storage-sku-test_OsDisk_1_ca6706852aa940cfb47bcca37b14daa4\",\r\n        \"createOption\":
        \"FromImage\",\r\n        \"caching\": \"ReadWrite\",\r\n        \"managedDisk\":
        {\r\n          \"storageAccountType\": \"StandardSSD_LRS\",\r\n          \"id\":
        \"/subscriptions/00000000-0000-0000-0000-000000000000/resourceGroups/cli-test-stdssdk000001/providers/Microsoft.Compute/disks/vm-storage-sku-test_OsDisk_1_ca6706852aa940cfb47bcca37b14daa4\"\r\n
        \       },\r\n        \"diskSizeGB\": 30\r\n      },\r\n      \"dataDisks\":
        [\r\n        {\r\n          \"lun\": 0,\r\n          \"name\": \"vm-storage-sku-test_disk2_be9acfe8562c46fea56f703f1e32b017\",\r\n
        \         \"createOption\": \"Empty\",\r\n          \"caching\": \"None\",\r\n
        \         \"managedDisk\": {\r\n            \"storageAccountType\": \"StandardSSD_LRS\",\r\n
        \           \"id\": \"/subscriptions/00000000-0000-0000-0000-000000000000/resourceGroups/cli-test-stdssdk000001/providers/Microsoft.Compute/disks/vm-storage-sku-test_disk2_be9acfe8562c46fea56f703f1e32b017\"\r\n
        \         },\r\n          \"diskSizeGB\": 1,\r\n          \"toBeDetached\":
        false\r\n        },\r\n        {\r\n          \"lun\": 1,\r\n          \"name\":
        \"d1\",\r\n          \"createOption\": \"Empty\",\r\n          \"caching\":
        \"None\",\r\n          \"managedDisk\": {\r\n            \"storageAccountType\":
        \"Premium_LRS\",\r\n            \"id\": \"/subscriptions/00000000-0000-0000-0000-000000000000/resourceGroups/cli-test-stdssdk000001/providers/Microsoft.Compute/disks/d1\"\r\n
        \         },\r\n          \"diskSizeGB\": 1,\r\n          \"toBeDetached\":
        false\r\n        },\r\n        {\r\n          \"lun\": 2,\r\n          \"name\":
        \"d2\",\r\n          \"createOption\": \"Empty\",\r\n          \"caching\":
        \"None\",\r\n          \"managedDisk\": {\r\n            \"storageAccountType\":
        \"StandardSSD_LRS\",\r\n            \"id\": \"/subscriptions/00000000-0000-0000-0000-000000000000/resourceGroups/cli-test-stdssdk000001/providers/Microsoft.Compute/disks/d2\"\r\n
        \         },\r\n          \"diskSizeGB\": 2,\r\n          \"toBeDetached\":
        false\r\n        }\r\n      ]\r\n    },\r\n    \"osProfile\": {\r\n      \"computerName\":
        \"vm-storage-sku-test\",\r\n      \"adminUsername\": \"admin123\",\r\n      \"linuxConfiguration\":
        {\r\n        \"disablePasswordAuthentication\": false,\r\n        \"provisionVMAgent\":
        true\r\n      },\r\n      \"secrets\": [],\r\n      \"allowExtensionOperations\":
        true,\r\n      \"requireGuestProvisionSignal\": true\r\n    },\r\n    \"networkProfile\":
        {\"networkInterfaces\":[{\"id\":\"/subscriptions/00000000-0000-0000-0000-000000000000/resourceGroups/cli-test-stdssdk000001/providers/Microsoft.Network/networkInterfaces/vm-storage-sku-testVMNic\"}]},\r\n
        \   \"provisioningState\": \"Succeeded\"\r\n  }\r\n}"
    headers:
      cache-control:
      - no-cache
      content-length:
      - '3568'
      content-type:
      - application/json; charset=utf-8
      date:
      - Fri, 01 Nov 2019 08:20:18 GMT
      expires:
      - '-1'
      pragma:
      - no-cache
      server:
      - Microsoft-HTTPAPI/2.0
      - Microsoft-HTTPAPI/2.0
      strict-transport-security:
      - max-age=31536000; includeSubDomains
      transfer-encoding:
      - chunked
      vary:
      - Accept-Encoding
      x-content-type-options:
      - nosniff
      x-ms-ratelimit-remaining-resource:
      - Microsoft.Compute/LowCostGet3Min;3984,Microsoft.Compute/LowCostGet30Min;31984
    status:
      code: 200
      message: OK
- request:
    body: 'b''{"location": "eastus2", "tags": {}, "properties": {"hardwareProfile":
      {"vmSize": "Standard_DS1_v2"}, "storageProfile": {"imageReference": {"publisher":
      "Debian", "offer": "debian-10", "sku": "10", "version": "latest"}, "osDisk":
      {"osType": "Linux", "name": "vm-storage-sku-test_OsDisk_1_ca6706852aa940cfb47bcca37b14daa4",
      "caching": "ReadWrite", "createOption": "FromImage", "diskSizeGB": 30, "managedDisk":
      {"id": "/subscriptions/00000000-0000-0000-0000-000000000000/resourceGroups/cli-test-stdssdk000001/providers/Microsoft.Compute/disks/vm-storage-sku-test_OsDisk_1_ca6706852aa940cfb47bcca37b14daa4",
      "storageAccountType": "StandardSSD_LRS"}}, "dataDisks": [{"lun": 0, "name":
      "vm-storage-sku-test_disk2_be9acfe8562c46fea56f703f1e32b017", "caching": "None",
      "createOption": "Empty", "diskSizeGB": 1, "managedDisk": {"id": "/subscriptions/00000000-0000-0000-0000-000000000000/resourceGroups/cli-test-stdssdk000001/providers/Microsoft.Compute/disks/vm-storage-sku-test_disk2_be9acfe8562c46fea56f703f1e32b017",
      "storageAccountType": "StandardSSD_LRS"}, "toBeDetached": false}, {"lun": 1,
      "name": "d1", "caching": "None", "createOption": "Empty", "diskSizeGB": 1, "managedDisk":
      {"id": "/subscriptions/00000000-0000-0000-0000-000000000000/resourceGroups/cli-test-stdssdk000001/providers/Microsoft.Compute/disks/d1",
      "storageAccountType": "Premium_LRS"}, "toBeDetached": false}, {"lun": 2, "name":
      "d2", "caching": "None", "createOption": "Empty", "diskSizeGB": 2, "managedDisk":
      {"id": "/subscriptions/00000000-0000-0000-0000-000000000000/resourceGroups/cli-test-stdssdk000001/providers/Microsoft.Compute/disks/d2",
      "storageAccountType": "StandardSSD_LRS"}, "toBeDetached": false}, {"lun": 3,
      "createOption": "Attach", "managedDisk": {"id": "/subscriptions/00000000-0000-0000-0000-000000000000/resourceGroups/cli-test-stdssdk000001/providers/Microsoft.Compute/disks/d3"}}]},
      "osProfile": {"computerName": "vm-storage-sku-test", "adminUsername": "admin123",
      "linuxConfiguration": {"disablePasswordAuthentication": false, "provisionVMAgent":
      true}, "secrets": [], "allowExtensionOperations": true, "requireGuestProvisionSignal":
      true}, "networkProfile": {"networkInterfaces": [{"id": "/subscriptions/00000000-0000-0000-0000-000000000000/resourceGroups/cli-test-stdssdk000001/providers/Microsoft.Network/networkInterfaces/vm-storage-sku-testVMNic"}]}}}'''
    headers:
      Accept:
      - application/json
      Accept-Encoding:
      - gzip, deflate
      CommandName:
      - vm disk attach
      Connection:
      - keep-alive
      Content-Length:
      - '2666'
      Content-Type:
      - application/json; charset=utf-8
      ParameterSetName:
      - -g --vm-name --name
      User-Agent:
      - python/3.7.4 (Windows-10-10.0.18362-SP0) msrest/0.6.10 msrest_azure/0.6.2
        azure-mgmt-compute/9.0.0 Azure-SDK-For-Python AZURECLI/2.0.75
      accept-language:
      - en-US
    method: PUT
    uri: https://management.azure.com/subscriptions/00000000-0000-0000-0000-000000000000/resourceGroups/cli-test-stdssdk000001/providers/Microsoft.Compute/virtualMachines/vm-storage-sku-test?api-version=2019-07-01
  response:
    body:
      string: "{\r\n  \"name\": \"vm-storage-sku-test\",\r\n  \"id\": \"/subscriptions/00000000-0000-0000-0000-000000000000/resourceGroups/cli-test-stdssdk000001/providers/Microsoft.Compute/virtualMachines/vm-storage-sku-test\",\r\n
        \ \"type\": \"Microsoft.Compute/virtualMachines\",\r\n  \"location\": \"eastus2\",\r\n
        \ \"tags\": {},\r\n  \"properties\": {\r\n    \"vmId\": \"e0fc27df-1c34-46c3-8fa5-8f0b35e3aa2b\",\r\n
        \   \"hardwareProfile\": {\r\n      \"vmSize\": \"Standard_DS1_v2\"\r\n    },\r\n
        \   \"storageProfile\": {\r\n      \"imageReference\": {\r\n        \"publisher\":
        \"Debian\",\r\n        \"offer\": \"debian-10\",\r\n        \"sku\": \"10\",\r\n
        \       \"version\": \"latest\",\r\n        \"exactVersion\": \"0.20191015.47\"\r\n
        \     },\r\n      \"osDisk\": {\r\n        \"osType\": \"Linux\",\r\n        \"name\":
        \"vm-storage-sku-test_OsDisk_1_ca6706852aa940cfb47bcca37b14daa4\",\r\n        \"createOption\":
        \"FromImage\",\r\n        \"caching\": \"ReadWrite\",\r\n        \"managedDisk\":
        {\r\n          \"storageAccountType\": \"StandardSSD_LRS\",\r\n          \"id\":
        \"/subscriptions/00000000-0000-0000-0000-000000000000/resourceGroups/cli-test-stdssdk000001/providers/Microsoft.Compute/disks/vm-storage-sku-test_OsDisk_1_ca6706852aa940cfb47bcca37b14daa4\"\r\n
        \       },\r\n        \"diskSizeGB\": 30\r\n      },\r\n      \"dataDisks\":
        [\r\n        {\r\n          \"lun\": 0,\r\n          \"name\": \"vm-storage-sku-test_disk2_be9acfe8562c46fea56f703f1e32b017\",\r\n
        \         \"createOption\": \"Empty\",\r\n          \"caching\": \"None\",\r\n
        \         \"managedDisk\": {\r\n            \"storageAccountType\": \"StandardSSD_LRS\",\r\n
        \           \"id\": \"/subscriptions/00000000-0000-0000-0000-000000000000/resourceGroups/cli-test-stdssdk000001/providers/Microsoft.Compute/disks/vm-storage-sku-test_disk2_be9acfe8562c46fea56f703f1e32b017\"\r\n
        \         },\r\n          \"diskSizeGB\": 1,\r\n          \"toBeDetached\":
        false\r\n        },\r\n        {\r\n          \"lun\": 1,\r\n          \"name\":
        \"d1\",\r\n          \"createOption\": \"Empty\",\r\n          \"caching\":
        \"None\",\r\n          \"managedDisk\": {\r\n            \"storageAccountType\":
        \"Premium_LRS\",\r\n            \"id\": \"/subscriptions/00000000-0000-0000-0000-000000000000/resourceGroups/cli-test-stdssdk000001/providers/Microsoft.Compute/disks/d1\"\r\n
        \         },\r\n          \"diskSizeGB\": 1,\r\n          \"toBeDetached\":
        false\r\n        },\r\n        {\r\n          \"lun\": 2,\r\n          \"name\":
        \"d2\",\r\n          \"createOption\": \"Empty\",\r\n          \"caching\":
        \"None\",\r\n          \"managedDisk\": {\r\n            \"storageAccountType\":
        \"StandardSSD_LRS\",\r\n            \"id\": \"/subscriptions/00000000-0000-0000-0000-000000000000/resourceGroups/cli-test-stdssdk000001/providers/Microsoft.Compute/disks/d2\"\r\n
        \         },\r\n          \"diskSizeGB\": 2,\r\n          \"toBeDetached\":
        false\r\n        },\r\n        {\r\n          \"lun\": 3,\r\n          \"name\":
        \"d3\",\r\n          \"createOption\": \"Attach\",\r\n          \"caching\":
        \"None\",\r\n          \"managedDisk\": {\r\n            \"storageAccountType\":
        \"StandardSSD_LRS\",\r\n            \"id\": \"/subscriptions/00000000-0000-0000-0000-000000000000/resourceGroups/cli-test-stdssdk000001/providers/Microsoft.Compute/disks/d3\"\r\n
        \         },\r\n          \"diskSizeGB\": 4,\r\n          \"toBeDetached\":
        false\r\n        }\r\n      ]\r\n    },\r\n    \"osProfile\": {\r\n      \"computerName\":
        \"vm-storage-sku-test\",\r\n      \"adminUsername\": \"admin123\",\r\n      \"linuxConfiguration\":
        {\r\n        \"disablePasswordAuthentication\": false,\r\n        \"provisionVMAgent\":
        true\r\n      },\r\n      \"secrets\": [],\r\n      \"allowExtensionOperations\":
        true,\r\n      \"requireGuestProvisionSignal\": true\r\n    },\r\n    \"networkProfile\":
        {\"networkInterfaces\":[{\"id\":\"/subscriptions/00000000-0000-0000-0000-000000000000/resourceGroups/cli-test-stdssdk000001/providers/Microsoft.Network/networkInterfaces/vm-storage-sku-testVMNic\"}]},\r\n
        \   \"provisioningState\": \"Updating\"\r\n  }\r\n}"
    headers:
      azure-asyncnotification:
      - Enabled
      azure-asyncoperation:
      - https://management.azure.com/subscriptions/00000000-0000-0000-0000-000000000000/providers/Microsoft.Compute/locations/eastus2/operations/96d207fc-9bcf-4fc8-b295-b5b3e731cdf0?api-version=2019-07-01
      cache-control:
      - no-cache
      content-length:
      - '4061'
      content-type:
      - application/json; charset=utf-8
      date:
      - Fri, 01 Nov 2019 08:20:21 GMT
      expires:
      - '-1'
      pragma:
      - no-cache
      server:
      - Microsoft-HTTPAPI/2.0
      - Microsoft-HTTPAPI/2.0
      strict-transport-security:
      - max-age=31536000; includeSubDomains
      transfer-encoding:
      - chunked
      vary:
      - Accept-Encoding
      x-content-type-options:
      - nosniff
      x-ms-ratelimit-remaining-resource:
      - Microsoft.Compute/PutVM3Min;718,Microsoft.Compute/PutVM30Min;3609
      x-ms-ratelimit-remaining-subscription-writes:
      - '1187'
    status:
      code: 200
      message: OK
- request:
    body: null
    headers:
      Accept:
      - application/json
      Accept-Encoding:
      - gzip, deflate
      CommandName:
      - vm disk attach
      Connection:
      - keep-alive
      ParameterSetName:
      - -g --vm-name --name
      User-Agent:
      - python/3.7.4 (Windows-10-10.0.18362-SP0) msrest/0.6.10 msrest_azure/0.6.2
        azure-mgmt-compute/9.0.0 Azure-SDK-For-Python AZURECLI/2.0.75
    method: GET
    uri: https://management.azure.com/subscriptions/00000000-0000-0000-0000-000000000000/providers/Microsoft.Compute/locations/eastus2/operations/96d207fc-9bcf-4fc8-b295-b5b3e731cdf0?api-version=2019-07-01
  response:
    body:
      string: "{\r\n  \"startTime\": \"2019-11-01T08:20:20.1913467+00:00\",\r\n  \"endTime\":
        \"2019-11-01T08:20:28.566292+00:00\",\r\n  \"status\": \"Succeeded\",\r\n
        \ \"name\": \"96d207fc-9bcf-4fc8-b295-b5b3e731cdf0\"\r\n}"
    headers:
      cache-control:
      - no-cache
      content-length:
      - '183'
      content-type:
      - application/json; charset=utf-8
      date:
      - Fri, 01 Nov 2019 08:20:52 GMT
      expires:
      - '-1'
      pragma:
      - no-cache
      server:
      - Microsoft-HTTPAPI/2.0
      - Microsoft-HTTPAPI/2.0
      strict-transport-security:
      - max-age=31536000; includeSubDomains
      transfer-encoding:
      - chunked
      vary:
      - Accept-Encoding
      x-content-type-options:
      - nosniff
      x-ms-ratelimit-remaining-resource:
      - Microsoft.Compute/GetOperation3Min;14985,Microsoft.Compute/GetOperation30Min;29979
    status:
      code: 200
      message: OK
- request:
    body: null
    headers:
      Accept:
      - application/json
      Accept-Encoding:
      - gzip, deflate
      CommandName:
      - vm disk attach
      Connection:
      - keep-alive
      ParameterSetName:
      - -g --vm-name --name
      User-Agent:
      - python/3.7.4 (Windows-10-10.0.18362-SP0) msrest/0.6.10 msrest_azure/0.6.2
        azure-mgmt-compute/9.0.0 Azure-SDK-For-Python AZURECLI/2.0.75
    method: GET
    uri: https://management.azure.com/subscriptions/00000000-0000-0000-0000-000000000000/resourceGroups/cli-test-stdssdk000001/providers/Microsoft.Compute/virtualMachines/vm-storage-sku-test?api-version=2019-07-01
  response:
    body:
      string: "{\r\n  \"name\": \"vm-storage-sku-test\",\r\n  \"id\": \"/subscriptions/00000000-0000-0000-0000-000000000000/resourceGroups/cli-test-stdssdk000001/providers/Microsoft.Compute/virtualMachines/vm-storage-sku-test\",\r\n
        \ \"type\": \"Microsoft.Compute/virtualMachines\",\r\n  \"location\": \"eastus2\",\r\n
        \ \"tags\": {},\r\n  \"properties\": {\r\n    \"vmId\": \"e0fc27df-1c34-46c3-8fa5-8f0b35e3aa2b\",\r\n
        \   \"hardwareProfile\": {\r\n      \"vmSize\": \"Standard_DS1_v2\"\r\n    },\r\n
        \   \"storageProfile\": {\r\n      \"imageReference\": {\r\n        \"publisher\":
        \"Debian\",\r\n        \"offer\": \"debian-10\",\r\n        \"sku\": \"10\",\r\n
        \       \"version\": \"latest\",\r\n        \"exactVersion\": \"0.20191015.47\"\r\n
        \     },\r\n      \"osDisk\": {\r\n        \"osType\": \"Linux\",\r\n        \"name\":
        \"vm-storage-sku-test_OsDisk_1_ca6706852aa940cfb47bcca37b14daa4\",\r\n        \"createOption\":
        \"FromImage\",\r\n        \"caching\": \"ReadWrite\",\r\n        \"managedDisk\":
        {\r\n          \"storageAccountType\": \"StandardSSD_LRS\",\r\n          \"id\":
        \"/subscriptions/00000000-0000-0000-0000-000000000000/resourceGroups/cli-test-stdssdk000001/providers/Microsoft.Compute/disks/vm-storage-sku-test_OsDisk_1_ca6706852aa940cfb47bcca37b14daa4\"\r\n
        \       },\r\n        \"diskSizeGB\": 30\r\n      },\r\n      \"dataDisks\":
        [\r\n        {\r\n          \"lun\": 0,\r\n          \"name\": \"vm-storage-sku-test_disk2_be9acfe8562c46fea56f703f1e32b017\",\r\n
        \         \"createOption\": \"Empty\",\r\n          \"caching\": \"None\",\r\n
        \         \"managedDisk\": {\r\n            \"storageAccountType\": \"StandardSSD_LRS\",\r\n
        \           \"id\": \"/subscriptions/00000000-0000-0000-0000-000000000000/resourceGroups/cli-test-stdssdk000001/providers/Microsoft.Compute/disks/vm-storage-sku-test_disk2_be9acfe8562c46fea56f703f1e32b017\"\r\n
        \         },\r\n          \"diskSizeGB\": 1,\r\n          \"toBeDetached\":
        false\r\n        },\r\n        {\r\n          \"lun\": 1,\r\n          \"name\":
        \"d1\",\r\n          \"createOption\": \"Empty\",\r\n          \"caching\":
        \"None\",\r\n          \"managedDisk\": {\r\n            \"storageAccountType\":
        \"Premium_LRS\",\r\n            \"id\": \"/subscriptions/00000000-0000-0000-0000-000000000000/resourceGroups/cli-test-stdssdk000001/providers/Microsoft.Compute/disks/d1\"\r\n
        \         },\r\n          \"diskSizeGB\": 1,\r\n          \"toBeDetached\":
        false\r\n        },\r\n        {\r\n          \"lun\": 2,\r\n          \"name\":
        \"d2\",\r\n          \"createOption\": \"Empty\",\r\n          \"caching\":
        \"None\",\r\n          \"managedDisk\": {\r\n            \"storageAccountType\":
        \"StandardSSD_LRS\",\r\n            \"id\": \"/subscriptions/00000000-0000-0000-0000-000000000000/resourceGroups/cli-test-stdssdk000001/providers/Microsoft.Compute/disks/d2\"\r\n
        \         },\r\n          \"diskSizeGB\": 2,\r\n          \"toBeDetached\":
        false\r\n        },\r\n        {\r\n          \"lun\": 3,\r\n          \"name\":
        \"d3\",\r\n          \"createOption\": \"Attach\",\r\n          \"caching\":
        \"None\",\r\n          \"managedDisk\": {\r\n            \"storageAccountType\":
        \"StandardSSD_LRS\",\r\n            \"id\": \"/subscriptions/00000000-0000-0000-0000-000000000000/resourceGroups/cli-test-stdssdk000001/providers/Microsoft.Compute/disks/d3\"\r\n
        \         },\r\n          \"diskSizeGB\": 4,\r\n          \"toBeDetached\":
        false\r\n        }\r\n      ]\r\n    },\r\n    \"osProfile\": {\r\n      \"computerName\":
        \"vm-storage-sku-test\",\r\n      \"adminUsername\": \"admin123\",\r\n      \"linuxConfiguration\":
        {\r\n        \"disablePasswordAuthentication\": false,\r\n        \"provisionVMAgent\":
        true\r\n      },\r\n      \"secrets\": [],\r\n      \"allowExtensionOperations\":
        true,\r\n      \"requireGuestProvisionSignal\": true\r\n    },\r\n    \"networkProfile\":
        {\"networkInterfaces\":[{\"id\":\"/subscriptions/00000000-0000-0000-0000-000000000000/resourceGroups/cli-test-stdssdk000001/providers/Microsoft.Network/networkInterfaces/vm-storage-sku-testVMNic\"}]},\r\n
        \   \"provisioningState\": \"Succeeded\"\r\n  }\r\n}"
    headers:
      cache-control:
      - no-cache
      content-length:
      - '4062'
      content-type:
      - application/json; charset=utf-8
      date:
      - Fri, 01 Nov 2019 08:20:52 GMT
      expires:
      - '-1'
      pragma:
      - no-cache
      server:
      - Microsoft-HTTPAPI/2.0
      - Microsoft-HTTPAPI/2.0
      strict-transport-security:
      - max-age=31536000; includeSubDomains
      transfer-encoding:
      - chunked
      vary:
      - Accept-Encoding
      x-content-type-options:
      - nosniff
      x-ms-ratelimit-remaining-resource:
      - Microsoft.Compute/LowCostGet3Min;3984,Microsoft.Compute/LowCostGet30Min;31982
    status:
      code: 200
      message: OK
- request:
    body: null
    headers:
      Accept:
      - application/json
      Accept-Encoding:
      - gzip, deflate
      CommandName:
      - vm show
      Connection:
      - keep-alive
      ParameterSetName:
      - -g -n
      User-Agent:
      - python/3.7.4 (Windows-10-10.0.18362-SP0) msrest/0.6.10 msrest_azure/0.6.2
        azure-mgmt-compute/9.0.0 Azure-SDK-For-Python AZURECLI/2.0.75
      accept-language:
      - en-US
    method: GET
    uri: https://management.azure.com/subscriptions/00000000-0000-0000-0000-000000000000/resourceGroups/cli-test-stdssdk000001/providers/Microsoft.Compute/virtualMachines/vm-storage-sku-test?api-version=2019-07-01
  response:
    body:
      string: "{\r\n  \"name\": \"vm-storage-sku-test\",\r\n  \"id\": \"/subscriptions/00000000-0000-0000-0000-000000000000/resourceGroups/cli-test-stdssdk000001/providers/Microsoft.Compute/virtualMachines/vm-storage-sku-test\",\r\n
        \ \"type\": \"Microsoft.Compute/virtualMachines\",\r\n  \"location\": \"eastus2\",\r\n
        \ \"tags\": {},\r\n  \"properties\": {\r\n    \"vmId\": \"e0fc27df-1c34-46c3-8fa5-8f0b35e3aa2b\",\r\n
        \   \"hardwareProfile\": {\r\n      \"vmSize\": \"Standard_DS1_v2\"\r\n    },\r\n
        \   \"storageProfile\": {\r\n      \"imageReference\": {\r\n        \"publisher\":
        \"Debian\",\r\n        \"offer\": \"debian-10\",\r\n        \"sku\": \"10\",\r\n
        \       \"version\": \"latest\",\r\n        \"exactVersion\": \"0.20191015.47\"\r\n
        \     },\r\n      \"osDisk\": {\r\n        \"osType\": \"Linux\",\r\n        \"name\":
        \"vm-storage-sku-test_OsDisk_1_ca6706852aa940cfb47bcca37b14daa4\",\r\n        \"createOption\":
        \"FromImage\",\r\n        \"caching\": \"ReadWrite\",\r\n        \"managedDisk\":
        {\r\n          \"storageAccountType\": \"StandardSSD_LRS\",\r\n          \"id\":
        \"/subscriptions/00000000-0000-0000-0000-000000000000/resourceGroups/cli-test-stdssdk000001/providers/Microsoft.Compute/disks/vm-storage-sku-test_OsDisk_1_ca6706852aa940cfb47bcca37b14daa4\"\r\n
        \       },\r\n        \"diskSizeGB\": 30\r\n      },\r\n      \"dataDisks\":
        [\r\n        {\r\n          \"lun\": 0,\r\n          \"name\": \"vm-storage-sku-test_disk2_be9acfe8562c46fea56f703f1e32b017\",\r\n
        \         \"createOption\": \"Empty\",\r\n          \"caching\": \"None\",\r\n
        \         \"managedDisk\": {\r\n            \"storageAccountType\": \"StandardSSD_LRS\",\r\n
        \           \"id\": \"/subscriptions/00000000-0000-0000-0000-000000000000/resourceGroups/cli-test-stdssdk000001/providers/Microsoft.Compute/disks/vm-storage-sku-test_disk2_be9acfe8562c46fea56f703f1e32b017\"\r\n
        \         },\r\n          \"diskSizeGB\": 1,\r\n          \"toBeDetached\":
        false\r\n        },\r\n        {\r\n          \"lun\": 1,\r\n          \"name\":
        \"d1\",\r\n          \"createOption\": \"Empty\",\r\n          \"caching\":
        \"None\",\r\n          \"managedDisk\": {\r\n            \"storageAccountType\":
        \"Premium_LRS\",\r\n            \"id\": \"/subscriptions/00000000-0000-0000-0000-000000000000/resourceGroups/cli-test-stdssdk000001/providers/Microsoft.Compute/disks/d1\"\r\n
        \         },\r\n          \"diskSizeGB\": 1,\r\n          \"toBeDetached\":
        false\r\n        },\r\n        {\r\n          \"lun\": 2,\r\n          \"name\":
        \"d2\",\r\n          \"createOption\": \"Empty\",\r\n          \"caching\":
        \"None\",\r\n          \"managedDisk\": {\r\n            \"storageAccountType\":
        \"StandardSSD_LRS\",\r\n            \"id\": \"/subscriptions/00000000-0000-0000-0000-000000000000/resourceGroups/cli-test-stdssdk000001/providers/Microsoft.Compute/disks/d2\"\r\n
        \         },\r\n          \"diskSizeGB\": 2,\r\n          \"toBeDetached\":
        false\r\n        },\r\n        {\r\n          \"lun\": 3,\r\n          \"name\":
        \"d3\",\r\n          \"createOption\": \"Attach\",\r\n          \"caching\":
        \"None\",\r\n          \"managedDisk\": {\r\n            \"storageAccountType\":
        \"StandardSSD_LRS\",\r\n            \"id\": \"/subscriptions/00000000-0000-0000-0000-000000000000/resourceGroups/cli-test-stdssdk000001/providers/Microsoft.Compute/disks/d3\"\r\n
        \         },\r\n          \"diskSizeGB\": 4,\r\n          \"toBeDetached\":
        false\r\n        }\r\n      ]\r\n    },\r\n    \"osProfile\": {\r\n      \"computerName\":
        \"vm-storage-sku-test\",\r\n      \"adminUsername\": \"admin123\",\r\n      \"linuxConfiguration\":
        {\r\n        \"disablePasswordAuthentication\": false,\r\n        \"provisionVMAgent\":
        true\r\n      },\r\n      \"secrets\": [],\r\n      \"allowExtensionOperations\":
        true,\r\n      \"requireGuestProvisionSignal\": true\r\n    },\r\n    \"networkProfile\":
        {\"networkInterfaces\":[{\"id\":\"/subscriptions/00000000-0000-0000-0000-000000000000/resourceGroups/cli-test-stdssdk000001/providers/Microsoft.Network/networkInterfaces/vm-storage-sku-testVMNic\"}]},\r\n
        \   \"provisioningState\": \"Succeeded\"\r\n  }\r\n}"
    headers:
      cache-control:
      - no-cache
      content-length:
      - '4062'
      content-type:
      - application/json; charset=utf-8
      date:
      - Fri, 01 Nov 2019 08:20:54 GMT
      expires:
      - '-1'
      pragma:
      - no-cache
      server:
      - Microsoft-HTTPAPI/2.0
      - Microsoft-HTTPAPI/2.0
      strict-transport-security:
      - max-age=31536000; includeSubDomains
      transfer-encoding:
      - chunked
      vary:
      - Accept-Encoding
      x-content-type-options:
      - nosniff
      x-ms-ratelimit-remaining-resource:
      - Microsoft.Compute/LowCostGet3Min;3983,Microsoft.Compute/LowCostGet30Min;31981
    status:
      code: 200
      message: OK
version: 1
