interactions:
- request:
    body: null
    headers:
      Accept:
      - application/json
      Accept-Encoding:
      - gzip, deflate
      CommandName:
      - vm create
      Connection:
      - keep-alive
      ParameterSetName:
      - -g -n --image --security-type --admin-username --admin-password --nsg-rule
        --disable-integrity-monitoring
      User-Agent:
      - AZURECLI/2.36.0 azsdk-python-azure-mgmt-resource/20.0.0 Python/3.8.10 (Windows-10-10.0.22000-SP0)
    method: GET
    uri: https://management.azure.com/subscriptions/00000000-0000-0000-0000-000000000000/resourcegroups/cli_test_vm_trusted_launch_update_000001?api-version=2021-04-01
  response:
    body:
      string: '{"id":"/subscriptions/00000000-0000-0000-0000-000000000000/resourceGroups/cli_test_vm_trusted_launch_update_000001","name":"cli_test_vm_trusted_launch_update_000001","type":"Microsoft.Resources/resourceGroups","location":"southcentralus","tags":{"product":"azurecli","cause":"automation","date":"2022-05-18T12:32:44Z"},"properties":{"provisioningState":"Succeeded"}}'
    headers:
      cache-control:
      - no-cache
      content-length:
      - '366'
      content-type:
      - application/json; charset=utf-8
      date:
      - Wed, 18 May 2022 12:32:57 GMT
      expires:
      - '-1'
      pragma:
      - no-cache
      strict-transport-security:
      - max-age=31536000; includeSubDomains
      vary:
      - Accept-Encoding
      x-content-type-options:
      - nosniff
    status:
      code: 200
      message: OK
- request:
    body: null
    headers:
      Accept:
      - application/json
      Accept-Encoding:
      - gzip, deflate
      CommandName:
      - vm create
      Connection:
      - keep-alive
      ParameterSetName:
      - -g -n --image --security-type --admin-username --admin-password --nsg-rule
        --disable-integrity-monitoring
      User-Agent:
      - AZURECLI/2.36.0 azsdk-python-azure-mgmt-compute/27.0.0 Python/3.8.10 (Windows-10-10.0.22000-SP0)
    method: GET
    uri: https://management.azure.com/subscriptions/00000000-0000-0000-0000-000000000000/providers/Microsoft.Compute/locations/southcentralus/publishers/canonical/artifacttypes/vmimage/offers/0001-com-ubuntu-server-focal/skus/20_04-lts-gen2/versions?$top=1&$orderby=name%20desc&api-version=2022-03-01
  response:
    body:
      string: "[\r\n  {\r\n    \"location\": \"southcentralus\",\r\n    \"name\":
        \"20.04.202205100\",\r\n    \"id\": \"/Subscriptions/00000000-0000-0000-0000-000000000000/Providers/Microsoft.Compute/Locations/southcentralus/Publishers/canonical/ArtifactTypes/VMImage/Offers/0001-com-ubuntu-server-focal/Skus/20_04-lts-gen2/Versions/20.04.202205100\"\r\n
        \ }\r\n]"
    headers:
      cache-control:
      - no-cache
      content-length:
      - '323'
      content-type:
      - application/json; charset=utf-8
      date:
      - Wed, 18 May 2022 12:33:00 GMT
      expires:
      - '-1'
      pragma:
      - no-cache
      server:
      - Microsoft-HTTPAPI/2.0
      - Microsoft-HTTPAPI/2.0
      strict-transport-security:
      - max-age=31536000; includeSubDomains
      transfer-encoding:
      - chunked
      vary:
      - Accept-Encoding
      x-content-type-options:
      - nosniff
      x-ms-ratelimit-remaining-resource:
      - Microsoft.Compute/ListVMImagesVersionsFromLocation3Min;15999,Microsoft.Compute/ListVMImagesVersionsFromLocation30Min;43994
    status:
      code: 200
      message: OK
- request:
    body: null
    headers:
      Accept:
      - application/json
      Accept-Encoding:
      - gzip, deflate
      CommandName:
      - vm create
      Connection:
      - keep-alive
      ParameterSetName:
      - -g -n --image --security-type --admin-username --admin-password --nsg-rule
        --disable-integrity-monitoring
      User-Agent:
      - AZURECLI/2.36.0 azsdk-python-azure-mgmt-compute/27.0.0 Python/3.8.10 (Windows-10-10.0.22000-SP0)
    method: GET
    uri: https://management.azure.com/subscriptions/00000000-0000-0000-0000-000000000000/providers/Microsoft.Compute/locations/southcentralus/publishers/canonical/artifacttypes/vmimage/offers/0001-com-ubuntu-server-focal/skus/20_04-lts-gen2/versions/20.04.202205100?api-version=2022-03-01
  response:
    body:
      string: "{\r\n  \"properties\": {\r\n    \"hyperVGeneration\": \"V2\",\r\n    \"architecture\":
        \"x64\",\r\n    \"replicaType\": \"Managed\",\r\n    \"replicaCount\": 10,\r\n
        \   \"disallowed\": {\r\n      \"vmDiskType\": \"Unmanaged\"\r\n    },\r\n
        \   \"automaticOSUpgradeProperties\": {\r\n      \"automaticOSUpgradeSupported\":
        false\r\n    },\r\n    \"imageDeprecationStatus\": {\r\n      \"imageState\":
        \"Active\"\r\n    },\r\n    \"features\": [\r\n      {\r\n        \"name\":
        \"SecurityType\",\r\n        \"value\": \"TrustedLaunchSupported\"\r\n      },\r\n
        \     {\r\n        \"name\": \"IsAcceleratedNetworkSupported\",\r\n        \"value\":
        \"True\"\r\n      },\r\n      {\r\n        \"name\": \"DiskControllerTypes\",\r\n
        \       \"value\": \"SCSI\"\r\n      },\r\n      {\r\n        \"name\": \"IsHibernateSupported\",\r\n
        \       \"value\": \"False\"\r\n      }\r\n    ],\r\n    \"osDiskImage\":
        {\r\n      \"operatingSystem\": \"Linux\",\r\n      \"sizeInGb\": 30\r\n    },\r\n
        \   \"dataDiskImages\": []\r\n  },\r\n  \"location\": \"southcentralus\",\r\n
        \ \"name\": \"20.04.202205100\",\r\n  \"id\": \"/Subscriptions/00000000-0000-0000-0000-000000000000/Providers/Microsoft.Compute/Locations/southcentralus/Publishers/canonical/ArtifactTypes/VMImage/Offers/0001-com-ubuntu-server-focal/Skus/20_04-lts-gen2/Versions/20.04.202205100\"\r\n}"
    headers:
      cache-control:
      - no-cache
      content-length:
      - '1169'
      content-type:
      - application/json; charset=utf-8
      date:
      - Wed, 18 May 2022 12:33:02 GMT
      expires:
      - '-1'
      pragma:
      - no-cache
      server:
      - Microsoft-HTTPAPI/2.0
      - Microsoft-HTTPAPI/2.0
      strict-transport-security:
      - max-age=31536000; includeSubDomains
      transfer-encoding:
      - chunked
      vary:
      - Accept-Encoding
      x-content-type-options:
      - nosniff
      x-ms-ratelimit-remaining-resource:
      - Microsoft.Compute/GetVMImageFromLocation3Min;12999,Microsoft.Compute/GetVMImageFromLocation30Min;73996
    status:
      code: 200
      message: OK
- request:
    body: null
    headers:
      Accept:
      - application/json, text/json
      Accept-Encoding:
      - gzip, deflate
      CommandName:
      - vm create
      Connection:
      - keep-alive
      ParameterSetName:
      - -g -n --image --security-type --admin-username --admin-password --nsg-rule
        --disable-integrity-monitoring
      User-Agent:
      - AZURECLI/2.36.0 azsdk-python-azure-mgmt-network/19.3.0 Python/3.8.10 (Windows-10-10.0.22000-SP0)
    method: GET
    uri: https://management.azure.com/subscriptions/00000000-0000-0000-0000-000000000000/resourceGroups/cli_test_vm_trusted_launch_update_000001/providers/Microsoft.Network/virtualNetworks?api-version=2018-01-01
  response:
    body:
      string: '{"value":[]}'
    headers:
      cache-control:
      - no-cache
      content-length:
      - '12'
      content-type:
      - application/json; charset=utf-8
      date:
      - Wed, 18 May 2022 12:33:04 GMT
      expires:
      - '-1'
      pragma:
      - no-cache
      strict-transport-security:
      - max-age=31536000; includeSubDomains
      vary:
      - Accept-Encoding
      x-content-type-options:
      - nosniff
    status:
      code: 200
      message: OK
- request:
    body: '{"properties": {"template": {"$schema": "https://schema.management.azure.com/schemas/2015-01-01/deploymentTemplate.json#",
      "contentVersion": "1.0.0.0", "parameters": {"adminPassword": {"type": "securestring",
      "metadata": {"description": "Secure adminPassword"}}}, "variables": {}, "resources":
      [{"name": "vmVNET", "type": "Microsoft.Network/virtualNetworks", "location":
      "southcentralus", "apiVersion": "2015-06-15", "dependsOn": [], "tags": {}, "properties":
      {"addressSpace": {"addressPrefixes": ["10.0.0.0/16"]}, "subnets": [{"name":
      "vmSubnet", "properties": {"addressPrefix": "10.0.0.0/24"}}]}}, {"type": "Microsoft.Network/networkSecurityGroups",
      "name": "vmNSG", "apiVersion": "2015-06-15", "location": "southcentralus", "tags":
      {}, "dependsOn": []}, {"apiVersion": "2018-01-01", "type": "Microsoft.Network/publicIPAddresses",
      "name": "vmPublicIP", "location": "southcentralus", "tags": {}, "dependsOn":
      [], "properties": {"publicIPAllocationMethod": null}}, {"apiVersion": "2015-06-15",
      "type": "Microsoft.Network/networkInterfaces", "name": "vmVMNic", "location":
      "southcentralus", "tags": {}, "dependsOn": ["Microsoft.Network/virtualNetworks/vmVNET",
      "Microsoft.Network/networkSecurityGroups/vmNSG", "Microsoft.Network/publicIpAddresses/vmPublicIP"],
      "properties": {"ipConfigurations": [{"name": "ipconfigvm", "properties": {"privateIPAllocationMethod":
      "Dynamic", "subnet": {"id": "/subscriptions/00000000-0000-0000-0000-000000000000/resourceGroups/cli_test_vm_trusted_launch_update_000001/providers/Microsoft.Network/virtualNetworks/vmVNET/subnets/vmSubnet"},
      "publicIPAddress": {"id": "/subscriptions/00000000-0000-0000-0000-000000000000/resourceGroups/cli_test_vm_trusted_launch_update_000001/providers/Microsoft.Network/publicIPAddresses/vmPublicIP"}}}],
      "networkSecurityGroup": {"id": "/subscriptions/00000000-0000-0000-0000-000000000000/resourceGroups/cli_test_vm_trusted_launch_update_000001/providers/Microsoft.Network/networkSecurityGroups/vmNSG"}}},
      {"apiVersion": "2022-03-01", "type": "Microsoft.Compute/virtualMachines", "name":
      "vm", "location": "southcentralus", "tags": {}, "dependsOn": ["Microsoft.Network/networkInterfaces/vmVMNic"],
      "properties": {"hardwareProfile": {"vmSize": "Standard_DS1_v2"}, "networkProfile":
      {"networkInterfaces": [{"id": "/subscriptions/00000000-0000-0000-0000-000000000000/resourceGroups/cli_test_vm_trusted_launch_update_000001/providers/Microsoft.Network/networkInterfaces/vmVMNic",
      "properties": {"deleteOption": null}}]}, "storageProfile": {"osDisk": {"createOption":
      "fromImage", "name": null, "caching": "ReadWrite", "managedDisk": {"storageAccountType":
      null}}, "imageReference": {"publisher": "canonical", "offer": "0001-com-ubuntu-server-focal",
      "sku": "20_04-lts-gen2", "version": "latest"}}, "osProfile": {"computerName":
      "vm", "adminUsername": "azureuser", "adminPassword": "[parameters(''adminPassword'')]"},
      "securityProfile": {"securityType": "TrustedLaunch"}}}], "outputs": {}}, "parameters":
      {"adminPassword": {"value": "testPassword0"}}, "mode": "incremental"}}'
    headers:
      Accept:
      - application/json
      Accept-Encoding:
      - gzip, deflate
      CommandName:
      - vm create
      Connection:
      - keep-alive
      Content-Length:
      - '3032'
      Content-Type:
      - application/json
      ParameterSetName:
      - -g -n --image --security-type --admin-username --admin-password --nsg-rule
        --disable-integrity-monitoring
      User-Agent:
      - AZURECLI/2.36.0 azsdk-python-azure-mgmt-resource/20.0.0 Python/3.8.10 (Windows-10-10.0.22000-SP0)
    method: PUT
    uri: https://management.azure.com/subscriptions/00000000-0000-0000-0000-000000000000/resourcegroups/cli_test_vm_trusted_launch_update_000001/providers/Microsoft.Resources/deployments/mock-deployment?api-version=2021-04-01
  response:
    body:
      string: '{"id":"/subscriptions/00000000-0000-0000-0000-000000000000/resourceGroups/cli_test_vm_trusted_launch_update_000001/providers/Microsoft.Resources/deployments/vm_deploy_gGpfnG8oiyv6VImPRLqp6H94UsYn82w4","name":"vm_deploy_gGpfnG8oiyv6VImPRLqp6H94UsYn82w4","type":"Microsoft.Resources/deployments","properties":{"templateHash":"10532041935038928397","parameters":{"adminPassword":{"type":"SecureString"}},"mode":"Incremental","provisioningState":"Accepted","timestamp":"2022-05-18T12:33:10.3784714Z","duration":"PT0.0007834S","correlationId":"363fedca-2f73-4d90-a349-13f13ff601aa","providers":[{"namespace":"Microsoft.Network","resourceTypes":[{"resourceType":"virtualNetworks","locations":["southcentralus"]},{"resourceType":"networkSecurityGroups","locations":["southcentralus"]},{"resourceType":"publicIPAddresses","locations":["southcentralus"]},{"resourceType":"networkInterfaces","locations":["southcentralus"]}]},{"namespace":"Microsoft.Compute","resourceTypes":[{"resourceType":"virtualMachines","locations":["southcentralus"]}]}],"dependencies":[{"dependsOn":[{"id":"/subscriptions/00000000-0000-0000-0000-000000000000/resourceGroups/cli_test_vm_trusted_launch_update_000001/providers/Microsoft.Network/virtualNetworks/vmVNET","resourceType":"Microsoft.Network/virtualNetworks","resourceName":"vmVNET"},{"id":"/subscriptions/00000000-0000-0000-0000-000000000000/resourceGroups/cli_test_vm_trusted_launch_update_000001/providers/Microsoft.Network/networkSecurityGroups/vmNSG","resourceType":"Microsoft.Network/networkSecurityGroups","resourceName":"vmNSG"},{"id":"/subscriptions/00000000-0000-0000-0000-000000000000/resourceGroups/cli_test_vm_trusted_launch_update_000001/providers/Microsoft.Network/publicIPAddresses/vmPublicIP","resourceType":"Microsoft.Network/publicIPAddresses","resourceName":"vmPublicIP"}],"id":"/subscriptions/00000000-0000-0000-0000-000000000000/resourceGroups/cli_test_vm_trusted_launch_update_000001/providers/Microsoft.Network/networkInterfaces/vmVMNic","resourceType":"Microsoft.Network/networkInterfaces","resourceName":"vmVMNic"},{"dependsOn":[{"id":"/subscriptions/00000000-0000-0000-0000-000000000000/resourceGroups/cli_test_vm_trusted_launch_update_000001/providers/Microsoft.Network/networkInterfaces/vmVMNic","resourceType":"Microsoft.Network/networkInterfaces","resourceName":"vmVMNic"}],"id":"/subscriptions/00000000-0000-0000-0000-000000000000/resourceGroups/cli_test_vm_trusted_launch_update_000001/providers/Microsoft.Compute/virtualMachines/vm","resourceType":"Microsoft.Compute/virtualMachines","resourceName":"vm"}]}}'
    headers:
      azure-asyncoperation:
      - https://management.azure.com/subscriptions/00000000-0000-0000-0000-000000000000/resourcegroups/cli_test_vm_trusted_launch_update_000001/providers/Microsoft.Resources/deployments/vm_deploy_gGpfnG8oiyv6VImPRLqp6H94UsYn82w4/operationStatuses/08585487296978968731?api-version=2021-04-01
      cache-control:
      - no-cache
      content-length:
      - '2565'
      content-type:
      - application/json; charset=utf-8
      date:
      - Wed, 18 May 2022 12:33:10 GMT
      expires:
      - '-1'
      pragma:
      - no-cache
      strict-transport-security:
      - max-age=31536000; includeSubDomains
      x-content-type-options:
      - nosniff
      x-ms-ratelimit-remaining-subscription-writes:
      - '1196'
    status:
      code: 201
      message: Created
- request:
    body: null
    headers:
      Accept:
      - '*/*'
      Accept-Encoding:
      - gzip, deflate
      CommandName:
      - vm create
      Connection:
      - keep-alive
      ParameterSetName:
      - -g -n --image --security-type --admin-username --admin-password --nsg-rule
        --disable-integrity-monitoring
      User-Agent:
      - AZURECLI/2.36.0 azsdk-python-azure-mgmt-resource/20.0.0 Python/3.8.10 (Windows-10-10.0.22000-SP0)
    method: GET
    uri: https://management.azure.com/subscriptions/00000000-0000-0000-0000-000000000000/resourcegroups/cli_test_vm_trusted_launch_update_000001/providers/Microsoft.Resources/deployments/mock-deployment/operationStatuses/08585487296978968731?api-version=2021-04-01
  response:
    body:
      string: '{"status":"Running"}'
    headers:
      cache-control:
      - no-cache
      content-length:
      - '20'
      content-type:
      - application/json; charset=utf-8
      date:
      - Wed, 18 May 2022 12:33:41 GMT
      expires:
      - '-1'
      pragma:
      - no-cache
      strict-transport-security:
      - max-age=31536000; includeSubDomains
      vary:
      - Accept-Encoding
      x-content-type-options:
      - nosniff
    status:
      code: 200
      message: OK
- request:
    body: null
    headers:
      Accept:
      - '*/*'
      Accept-Encoding:
      - gzip, deflate
      CommandName:
      - vm create
      Connection:
      - keep-alive
      ParameterSetName:
      - -g -n --image --security-type --admin-username --admin-password --nsg-rule
        --disable-integrity-monitoring
      User-Agent:
      - AZURECLI/2.36.0 azsdk-python-azure-mgmt-resource/20.0.0 Python/3.8.10 (Windows-10-10.0.22000-SP0)
    method: GET
    uri: https://management.azure.com/subscriptions/00000000-0000-0000-0000-000000000000/resourcegroups/cli_test_vm_trusted_launch_update_000001/providers/Microsoft.Resources/deployments/mock-deployment/operationStatuses/08585487296978968731?api-version=2021-04-01
  response:
    body:
      string: '{"status":"Running"}'
    headers:
      cache-control:
      - no-cache
      content-length:
      - '20'
      content-type:
      - application/json; charset=utf-8
      date:
      - Wed, 18 May 2022 12:34:12 GMT
      expires:
      - '-1'
      pragma:
      - no-cache
      strict-transport-security:
      - max-age=31536000; includeSubDomains
      vary:
      - Accept-Encoding
      x-content-type-options:
      - nosniff
    status:
      code: 200
      message: OK
- request:
    body: null
    headers:
      Accept:
      - '*/*'
      Accept-Encoding:
      - gzip, deflate
      CommandName:
      - vm create
      Connection:
      - keep-alive
      ParameterSetName:
      - -g -n --image --security-type --admin-username --admin-password --nsg-rule
        --disable-integrity-monitoring
      User-Agent:
      - AZURECLI/2.36.0 azsdk-python-azure-mgmt-resource/20.0.0 Python/3.8.10 (Windows-10-10.0.22000-SP0)
    method: GET
    uri: https://management.azure.com/subscriptions/00000000-0000-0000-0000-000000000000/resourcegroups/cli_test_vm_trusted_launch_update_000001/providers/Microsoft.Resources/deployments/mock-deployment/operationStatuses/08585487296978968731?api-version=2021-04-01
  response:
    body:
      string: '{"status":"Succeeded"}'
    headers:
      cache-control:
      - no-cache
      content-length:
      - '22'
      content-type:
      - application/json; charset=utf-8
      date:
      - Wed, 18 May 2022 12:34:42 GMT
      expires:
      - '-1'
      pragma:
      - no-cache
      strict-transport-security:
      - max-age=31536000; includeSubDomains
      vary:
      - Accept-Encoding
      x-content-type-options:
      - nosniff
    status:
      code: 200
      message: OK
- request:
    body: null
    headers:
      Accept:
      - '*/*'
      Accept-Encoding:
      - gzip, deflate
      CommandName:
      - vm create
      Connection:
      - keep-alive
      ParameterSetName:
      - -g -n --image --security-type --admin-username --admin-password --nsg-rule
        --disable-integrity-monitoring
      User-Agent:
      - AZURECLI/2.36.0 azsdk-python-azure-mgmt-resource/20.0.0 Python/3.8.10 (Windows-10-10.0.22000-SP0)
    method: GET
    uri: https://management.azure.com/subscriptions/00000000-0000-0000-0000-000000000000/resourcegroups/cli_test_vm_trusted_launch_update_000001/providers/Microsoft.Resources/deployments/mock-deployment?api-version=2021-04-01
  response:
    body:
      string: '{"id":"/subscriptions/00000000-0000-0000-0000-000000000000/resourceGroups/cli_test_vm_trusted_launch_update_000001/providers/Microsoft.Resources/deployments/vm_deploy_gGpfnG8oiyv6VImPRLqp6H94UsYn82w4","name":"vm_deploy_gGpfnG8oiyv6VImPRLqp6H94UsYn82w4","type":"Microsoft.Resources/deployments","properties":{"templateHash":"10532041935038928397","parameters":{"adminPassword":{"type":"SecureString"}},"mode":"Incremental","provisioningState":"Succeeded","timestamp":"2022-05-18T12:34:21.6214841Z","duration":"PT1M11.2437961S","correlationId":"363fedca-2f73-4d90-a349-13f13ff601aa","providers":[{"namespace":"Microsoft.Network","resourceTypes":[{"resourceType":"virtualNetworks","locations":["southcentralus"]},{"resourceType":"networkSecurityGroups","locations":["southcentralus"]},{"resourceType":"publicIPAddresses","locations":["southcentralus"]},{"resourceType":"networkInterfaces","locations":["southcentralus"]}]},{"namespace":"Microsoft.Compute","resourceTypes":[{"resourceType":"virtualMachines","locations":["southcentralus"]}]}],"dependencies":[{"dependsOn":[{"id":"/subscriptions/00000000-0000-0000-0000-000000000000/resourceGroups/cli_test_vm_trusted_launch_update_000001/providers/Microsoft.Network/virtualNetworks/vmVNET","resourceType":"Microsoft.Network/virtualNetworks","resourceName":"vmVNET"},{"id":"/subscriptions/00000000-0000-0000-0000-000000000000/resourceGroups/cli_test_vm_trusted_launch_update_000001/providers/Microsoft.Network/networkSecurityGroups/vmNSG","resourceType":"Microsoft.Network/networkSecurityGroups","resourceName":"vmNSG"},{"id":"/subscriptions/00000000-0000-0000-0000-000000000000/resourceGroups/cli_test_vm_trusted_launch_update_000001/providers/Microsoft.Network/publicIPAddresses/vmPublicIP","resourceType":"Microsoft.Network/publicIPAddresses","resourceName":"vmPublicIP"}],"id":"/subscriptions/00000000-0000-0000-0000-000000000000/resourceGroups/cli_test_vm_trusted_launch_update_000001/providers/Microsoft.Network/networkInterfaces/vmVMNic","resourceType":"Microsoft.Network/networkInterfaces","resourceName":"vmVMNic"},{"dependsOn":[{"id":"/subscriptions/00000000-0000-0000-0000-000000000000/resourceGroups/cli_test_vm_trusted_launch_update_000001/providers/Microsoft.Network/networkInterfaces/vmVMNic","resourceType":"Microsoft.Network/networkInterfaces","resourceName":"vmVMNic"}],"id":"/subscriptions/00000000-0000-0000-0000-000000000000/resourceGroups/cli_test_vm_trusted_launch_update_000001/providers/Microsoft.Compute/virtualMachines/vm","resourceType":"Microsoft.Compute/virtualMachines","resourceName":"vm"}],"outputs":{},"outputResources":[{"id":"/subscriptions/00000000-0000-0000-0000-000000000000/resourceGroups/cli_test_vm_trusted_launch_update_000001/providers/Microsoft.Compute/virtualMachines/vm"},{"id":"/subscriptions/00000000-0000-0000-0000-000000000000/resourceGroups/cli_test_vm_trusted_launch_update_000001/providers/Microsoft.Network/networkInterfaces/vmVMNic"},{"id":"/subscriptions/00000000-0000-0000-0000-000000000000/resourceGroups/cli_test_vm_trusted_launch_update_000001/providers/Microsoft.Network/networkSecurityGroups/vmNSG"},{"id":"/subscriptions/00000000-0000-0000-0000-000000000000/resourceGroups/cli_test_vm_trusted_launch_update_000001/providers/Microsoft.Network/publicIPAddresses/vmPublicIP"},{"id":"/subscriptions/00000000-0000-0000-0000-000000000000/resourceGroups/cli_test_vm_trusted_launch_update_000001/providers/Microsoft.Network/virtualNetworks/vmVNET"}]}}'
    headers:
      cache-control:
      - no-cache
      content-length:
      - '3452'
      content-type:
      - application/json; charset=utf-8
      date:
      - Wed, 18 May 2022 12:34:43 GMT
      expires:
      - '-1'
      pragma:
      - no-cache
      strict-transport-security:
      - max-age=31536000; includeSubDomains
      vary:
      - Accept-Encoding
      x-content-type-options:
      - nosniff
    status:
      code: 200
      message: OK
- request:
    body: null
    headers:
      Accept:
      - application/json
      Accept-Encoding:
      - gzip, deflate
      CommandName:
      - vm create
      Connection:
      - keep-alive
      ParameterSetName:
      - -g -n --image --security-type --admin-username --admin-password --nsg-rule
        --disable-integrity-monitoring
      User-Agent:
      - AZURECLI/2.36.0 azsdk-python-azure-mgmt-compute/27.0.0 Python/3.8.10 (Windows-10-10.0.22000-SP0)
    method: GET
    uri: https://management.azure.com/subscriptions/00000000-0000-0000-0000-000000000000/resourceGroups/cli_test_vm_trusted_launch_update_000001/providers/Microsoft.Compute/virtualMachines/vm?$expand=instanceView&api-version=2022-03-01
  response:
    body:
      string: "{\r\n  \"name\": \"vm\",\r\n  \"id\": \"/subscriptions/00000000-0000-0000-0000-000000000000/resourceGroups/cli_test_vm_trusted_launch_update_000001/providers/Microsoft.Compute/virtualMachines/vm\",\r\n
        \ \"type\": \"Microsoft.Compute/virtualMachines\",\r\n  \"location\": \"southcentralus\",\r\n
        \ \"tags\": {},\r\n  \"properties\": {\r\n    \"vmId\": \"f5e728b9-9f1c-433e-89ee-44196e70a382\",\r\n
        \   \"hardwareProfile\": {\r\n      \"vmSize\": \"Standard_DS1_v2\"\r\n    },\r\n
        \   \"storageProfile\": {\r\n      \"imageReference\": {\r\n        \"publisher\":
        \"canonical\",\r\n        \"offer\": \"0001-com-ubuntu-server-focal\",\r\n
        \       \"sku\": \"20_04-lts-gen2\",\r\n        \"version\": \"latest\",\r\n
        \       \"exactVersion\": \"20.04.202205100\"\r\n      },\r\n      \"osDisk\":
        {\r\n        \"osType\": \"Linux\",\r\n        \"name\": \"vm_OsDisk_1_0b695335ec2a47368d692825c1e6e6f6\",\r\n
        \       \"createOption\": \"FromImage\",\r\n        \"caching\": \"ReadWrite\",\r\n
        \       \"managedDisk\": {\r\n          \"storageAccountType\": \"Premium_LRS\",\r\n
        \         \"id\": \"/subscriptions/00000000-0000-0000-0000-000000000000/resourceGroups/cli_test_vm_trusted_launch_update_000001/providers/Microsoft.Compute/disks/vm_OsDisk_1_0b695335ec2a47368d692825c1e6e6f6\"\r\n
        \       },\r\n        \"deleteOption\": \"Detach\",\r\n        \"diskSizeGB\":
        30\r\n      },\r\n      \"dataDisks\": []\r\n    },\r\n    \"osProfile\":
        {\r\n      \"computerName\": \"vm\",\r\n      \"adminUsername\": \"azureuser\",\r\n
        \     \"linuxConfiguration\": {\r\n        \"disablePasswordAuthentication\":
        false,\r\n        \"provisionVMAgent\": true,\r\n        \"patchSettings\":
        {\r\n          \"patchMode\": \"ImageDefault\",\r\n          \"assessmentMode\":
        \"ImageDefault\"\r\n        },\r\n        \"enableVMAgentPlatformUpdates\":
        false\r\n      },\r\n      \"secrets\": [],\r\n      \"allowExtensionOperations\":
        true,\r\n      \"requireGuestProvisionSignal\": true\r\n    },\r\n    \"securityProfile\":
        {\r\n      \"uefiSettings\": {\r\n        \"secureBootEnabled\": false,\r\n
        \       \"vTpmEnabled\": false\r\n      },\r\n      \"securityType\": \"TrustedLaunch\"\r\n
        \   },\r\n    \"networkProfile\": {\"networkInterfaces\":[{\"id\":\"/subscriptions/00000000-0000-0000-0000-000000000000/resourceGroups/cli_test_vm_trusted_launch_update_000001/providers/Microsoft.Network/networkInterfaces/vmVMNic\"}]},\r\n
        \   \"provisioningState\": \"Succeeded\",\r\n    \"instanceView\": {\r\n      \"computerName\":
        \"vm\",\r\n      \"osName\": \"ubuntu\",\r\n      \"osVersion\": \"20.04\",\r\n
        \     \"vmAgent\": {\r\n        \"vmAgentVersion\": \"2.7.1.0\",\r\n        \"statuses\":
        [\r\n          {\r\n            \"code\": \"ProvisioningState/succeeded\",\r\n
        \           \"level\": \"Info\",\r\n            \"displayStatus\": \"Ready\",\r\n
        \           \"message\": \"Guest Agent is running\",\r\n            \"time\":
        \"2022-05-18T12:34:34+00:00\"\r\n          }\r\n        ],\r\n        \"extensionHandlers\":
        []\r\n      },\r\n      \"disks\": [\r\n        {\r\n          \"name\": \"vm_OsDisk_1_0b695335ec2a47368d692825c1e6e6f6\",\r\n
        \         \"statuses\": [\r\n            {\r\n              \"code\": \"ProvisioningState/succeeded\",\r\n
        \             \"level\": \"Info\",\r\n              \"displayStatus\": \"Provisioning
        succeeded\",\r\n              \"time\": \"2022-05-18T12:33:42.2926757+00:00\"\r\n
        \           }\r\n          ]\r\n        }\r\n      ],\r\n      \"hyperVGeneration\":
        \"V2\",\r\n      \"statuses\": [\r\n        {\r\n          \"code\": \"ProvisioningState/succeeded\",\r\n
        \         \"level\": \"Info\",\r\n          \"displayStatus\": \"Provisioning
        succeeded\",\r\n          \"time\": \"2022-05-18T12:34:15.029335+00:00\"\r\n
        \       },\r\n        {\r\n          \"code\": \"PowerState/running\",\r\n
        \         \"level\": \"Info\",\r\n          \"displayStatus\": \"VM running\"\r\n
        \       }\r\n      ]\r\n    },\r\n    \"timeCreated\": \"2022-05-18T12:33:39.7769379+00:00\"\r\n
        \ }\r\n}"
    headers:
      cache-control:
      - no-cache
      content-length:
      - '3536'
      content-type:
      - application/json; charset=utf-8
      date:
      - Wed, 18 May 2022 12:34:44 GMT
      expires:
      - '-1'
      pragma:
      - no-cache
      server:
      - Microsoft-HTTPAPI/2.0
      - Microsoft-HTTPAPI/2.0
      strict-transport-security:
      - max-age=31536000; includeSubDomains
      transfer-encoding:
      - chunked
      vary:
      - Accept-Encoding
      x-content-type-options:
      - nosniff
      x-ms-ratelimit-remaining-resource:
      - Microsoft.Compute/LowCostGet3Min;3997,Microsoft.Compute/LowCostGet30Min;31991
    status:
      code: 200
      message: OK
- request:
    body: null
    headers:
      Accept:
      - application/json, text/json
      Accept-Encoding:
      - gzip, deflate
      CommandName:
      - vm create
      Connection:
      - keep-alive
      ParameterSetName:
      - -g -n --image --security-type --admin-username --admin-password --nsg-rule
        --disable-integrity-monitoring
      User-Agent:
      - AZURECLI/2.36.0 azsdk-python-azure-mgmt-network/19.3.0 Python/3.8.10 (Windows-10-10.0.22000-SP0)
    method: GET
    uri: https://management.azure.com/subscriptions/00000000-0000-0000-0000-000000000000/resourceGroups/cli_test_vm_trusted_launch_update_000001/providers/Microsoft.Network/networkInterfaces/vmVMNic?api-version=2018-01-01
  response:
    body:
      string: "{\r\n  \"name\": \"vmVMNic\",\r\n  \"id\": \"/subscriptions/00000000-0000-0000-0000-000000000000/resourceGroups/cli_test_vm_trusted_launch_update_000001/providers/Microsoft.Network/networkInterfaces/vmVMNic\",\r\n
        \ \"etag\": \"W/\\\"e405b64b-0227-4ef7-91c3-9c4e81072cb2\\\"\",\r\n  \"location\":
        \"southcentralus\",\r\n  \"tags\": {},\r\n  \"properties\": {\r\n    \"provisioningState\":
        \"Succeeded\",\r\n    \"resourceGuid\": \"526c25df-6833-49d2-a937-789acfce3c03\",\r\n
        \   \"ipConfigurations\": [\r\n      {\r\n        \"name\": \"ipconfigvm\",\r\n
        \       \"id\": \"/subscriptions/00000000-0000-0000-0000-000000000000/resourceGroups/cli_test_vm_trusted_launch_update_000001/providers/Microsoft.Network/networkInterfaces/vmVMNic/ipConfigurations/ipconfigvm\",\r\n
        \       \"etag\": \"W/\\\"e405b64b-0227-4ef7-91c3-9c4e81072cb2\\\"\",\r\n
        \       \"type\": \"Microsoft.Network/networkInterfaces/ipConfigurations\",\r\n
        \       \"properties\": {\r\n          \"provisioningState\": \"Succeeded\",\r\n
        \         \"privateIPAddress\": \"10.0.0.4\",\r\n          \"privateIPAllocationMethod\":
        \"Dynamic\",\r\n          \"publicIPAddress\": {\r\n            \"id\": \"/subscriptions/00000000-0000-0000-0000-000000000000/resourceGroups/cli_test_vm_trusted_launch_update_000001/providers/Microsoft.Network/publicIPAddresses/vmPublicIP\"\r\n
        \         },\r\n          \"subnet\": {\r\n            \"id\": \"/subscriptions/00000000-0000-0000-0000-000000000000/resourceGroups/cli_test_vm_trusted_launch_update_000001/providers/Microsoft.Network/virtualNetworks/vmVNET/subnets/vmSubnet\"\r\n
        \         },\r\n          \"primary\": true,\r\n          \"privateIPAddressVersion\":
        \"IPv4\"\r\n        }\r\n      }\r\n    ],\r\n    \"dnsSettings\": {\r\n      \"dnsServers\":
        [],\r\n      \"appliedDnsServers\": [],\r\n      \"internalDomainNameSuffix\":
        \"jivtwewxjrbenkghw0qllk1h4h.jx.internal.cloudapp.net\"\r\n    },\r\n    \"macAddress\":
        \"00-0D-3A-EF-95-D2\",\r\n    \"enableAcceleratedNetworking\": false,\r\n
        \   \"enableIPForwarding\": false,\r\n    \"networkSecurityGroup\": {\r\n
        \     \"id\": \"/subscriptions/00000000-0000-0000-0000-000000000000/resourceGroups/cli_test_vm_trusted_launch_update_000001/providers/Microsoft.Network/networkSecurityGroups/vmNSG\"\r\n
        \   },\r\n    \"primary\": true,\r\n    \"virtualMachine\": {\r\n      \"id\":
        \"/subscriptions/00000000-0000-0000-0000-000000000000/resourceGroups/cli_test_vm_trusted_launch_update_000001/providers/Microsoft.Compute/virtualMachines/vm\"\r\n
        \   }\r\n  },\r\n  \"type\": \"Microsoft.Network/networkInterfaces\"\r\n}"
    headers:
      cache-control:
      - no-cache
      content-length:
      - '2356'
      content-type:
      - application/json; charset=utf-8
      date:
      - Wed, 18 May 2022 12:34:46 GMT
      etag:
      - W/"e405b64b-0227-4ef7-91c3-9c4e81072cb2"
      expires:
      - '-1'
      pragma:
      - no-cache
      server:
      - Microsoft-HTTPAPI/2.0
      - Microsoft-HTTPAPI/2.0
      strict-transport-security:
      - max-age=31536000; includeSubDomains
      transfer-encoding:
      - chunked
      vary:
      - Accept-Encoding
      x-content-type-options:
      - nosniff
      x-ms-arm-service-request-id:
      - b3ba7dd5-b009-4fb9-8440-6f9c9bc87300
    status:
      code: 200
      message: OK
- request:
    body: null
    headers:
      Accept:
      - application/json, text/json
      Accept-Encoding:
      - gzip, deflate
      CommandName:
      - vm create
      Connection:
      - keep-alive
      ParameterSetName:
      - -g -n --image --security-type --admin-username --admin-password --nsg-rule
        --disable-integrity-monitoring
      User-Agent:
      - AZURECLI/2.36.0 azsdk-python-azure-mgmt-network/19.3.0 Python/3.8.10 (Windows-10-10.0.22000-SP0)
    method: GET
    uri: https://management.azure.com/subscriptions/00000000-0000-0000-0000-000000000000/resourceGroups/cli_test_vm_trusted_launch_update_000001/providers/Microsoft.Network/publicIPAddresses/vmPublicIP?api-version=2018-01-01
  response:
    body:
      string: "{\r\n  \"name\": \"vmPublicIP\",\r\n  \"id\": \"/subscriptions/00000000-0000-0000-0000-000000000000/resourceGroups/cli_test_vm_trusted_launch_update_000001/providers/Microsoft.Network/publicIPAddresses/vmPublicIP\",\r\n
        \ \"etag\": \"W/\\\"f04aecbc-cc7d-4783-a399-cc59e9ca3d04\\\"\",\r\n  \"location\":
        \"southcentralus\",\r\n  \"tags\": {},\r\n  \"properties\": {\r\n    \"provisioningState\":
        \"Succeeded\",\r\n    \"resourceGuid\": \"bcc78c61-7a8a-46fd-b79e-e0369501bbc7\",\r\n
        \   \"ipAddress\": \"13.66.1.149\",\r\n    \"publicIPAddressVersion\": \"IPv4\",\r\n
        \   \"publicIPAllocationMethod\": \"Dynamic\",\r\n    \"idleTimeoutInMinutes\":
        4,\r\n    \"ipTags\": [],\r\n    \"ipConfiguration\": {\r\n      \"id\": \"/subscriptions/00000000-0000-0000-0000-000000000000/resourceGroups/cli_test_vm_trusted_launch_update_000001/providers/Microsoft.Network/networkInterfaces/vmVMNic/ipConfigurations/ipconfigvm\"\r\n
        \   }\r\n  },\r\n  \"type\": \"Microsoft.Network/publicIPAddresses\",\r\n
        \ \"sku\": {\r\n    \"name\": \"Basic\"\r\n  }\r\n}"
    headers:
      cache-control:
      - no-cache
      content-length:
      - '929'
      content-type:
      - application/json; charset=utf-8
      date:
      - Wed, 18 May 2022 12:34:47 GMT
      etag:
      - W/"f04aecbc-cc7d-4783-a399-cc59e9ca3d04"
      expires:
      - '-1'
      pragma:
      - no-cache
      server:
      - Microsoft-HTTPAPI/2.0
      - Microsoft-HTTPAPI/2.0
      strict-transport-security:
      - max-age=31536000; includeSubDomains
      transfer-encoding:
      - chunked
      vary:
      - Accept-Encoding
      x-content-type-options:
      - nosniff
      x-ms-arm-service-request-id:
      - 2c3db05a-de88-489b-8d66-c101c6c85ff9
    status:
      code: 200
      message: OK
- request:
    body: null
    headers:
      Accept:
      - application/json
      Accept-Encoding:
      - gzip, deflate
      CommandName:
      - vm update
      Connection:
      - keep-alive
      ParameterSetName:
      - -g -n --enable-secure-boot --enable-vtpm
      User-Agent:
      - AZURECLI/2.36.0 azsdk-python-azure-mgmt-compute/27.0.0 Python/3.8.10 (Windows-10-10.0.22000-SP0)
    method: GET
    uri: https://management.azure.com/subscriptions/00000000-0000-0000-0000-000000000000/resourceGroups/cli_test_vm_trusted_launch_update_000001/providers/Microsoft.Compute/virtualMachines/vm?api-version=2022-03-01
  response:
    body:
      string: "{\r\n  \"name\": \"vm\",\r\n  \"id\": \"/subscriptions/00000000-0000-0000-0000-000000000000/resourceGroups/cli_test_vm_trusted_launch_update_000001/providers/Microsoft.Compute/virtualMachines/vm\",\r\n
        \ \"type\": \"Microsoft.Compute/virtualMachines\",\r\n  \"location\": \"southcentralus\",\r\n
        \ \"tags\": {},\r\n  \"properties\": {\r\n    \"vmId\": \"f5e728b9-9f1c-433e-89ee-44196e70a382\",\r\n
        \   \"hardwareProfile\": {\r\n      \"vmSize\": \"Standard_DS1_v2\"\r\n    },\r\n
        \   \"storageProfile\": {\r\n      \"imageReference\": {\r\n        \"publisher\":
        \"canonical\",\r\n        \"offer\": \"0001-com-ubuntu-server-focal\",\r\n
        \       \"sku\": \"20_04-lts-gen2\",\r\n        \"version\": \"latest\",\r\n
        \       \"exactVersion\": \"20.04.202205100\"\r\n      },\r\n      \"osDisk\":
        {\r\n        \"osType\": \"Linux\",\r\n        \"name\": \"vm_OsDisk_1_0b695335ec2a47368d692825c1e6e6f6\",\r\n
        \       \"createOption\": \"FromImage\",\r\n        \"caching\": \"ReadWrite\",\r\n
        \       \"managedDisk\": {\r\n          \"storageAccountType\": \"Premium_LRS\",\r\n
        \         \"id\": \"/subscriptions/00000000-0000-0000-0000-000000000000/resourceGroups/cli_test_vm_trusted_launch_update_000001/providers/Microsoft.Compute/disks/vm_OsDisk_1_0b695335ec2a47368d692825c1e6e6f6\"\r\n
        \       },\r\n        \"deleteOption\": \"Detach\",\r\n        \"diskSizeGB\":
        30\r\n      },\r\n      \"dataDisks\": []\r\n    },\r\n    \"osProfile\":
        {\r\n      \"computerName\": \"vm\",\r\n      \"adminUsername\": \"azureuser\",\r\n
        \     \"linuxConfiguration\": {\r\n        \"disablePasswordAuthentication\":
        false,\r\n        \"provisionVMAgent\": true,\r\n        \"patchSettings\":
        {\r\n          \"patchMode\": \"ImageDefault\",\r\n          \"assessmentMode\":
        \"ImageDefault\"\r\n        },\r\n        \"enableVMAgentPlatformUpdates\":
        false\r\n      },\r\n      \"secrets\": [],\r\n      \"allowExtensionOperations\":
        true,\r\n      \"requireGuestProvisionSignal\": true\r\n    },\r\n    \"securityProfile\":
        {\r\n      \"uefiSettings\": {\r\n        \"secureBootEnabled\": false,\r\n
        \       \"vTpmEnabled\": false\r\n      },\r\n      \"securityType\": \"TrustedLaunch\"\r\n
        \   },\r\n    \"networkProfile\": {\"networkInterfaces\":[{\"id\":\"/subscriptions/00000000-0000-0000-0000-000000000000/resourceGroups/cli_test_vm_trusted_launch_update_000001/providers/Microsoft.Network/networkInterfaces/vmVMNic\"}]},\r\n
        \   \"provisioningState\": \"Succeeded\",\r\n    \"timeCreated\": \"2022-05-18T12:33:39.7769379+00:00\"\r\n
        \ }\r\n}"
    headers:
      cache-control:
      - no-cache
      content-length:
      - '2246'
      content-type:
      - application/json; charset=utf-8
      date:
      - Wed, 18 May 2022 12:34:49 GMT
      expires:
      - '-1'
      pragma:
      - no-cache
      server:
      - Microsoft-HTTPAPI/2.0
      - Microsoft-HTTPAPI/2.0
      strict-transport-security:
      - max-age=31536000; includeSubDomains
      transfer-encoding:
      - chunked
      vary:
      - Accept-Encoding
      x-content-type-options:
      - nosniff
      x-ms-ratelimit-remaining-resource:
      - Microsoft.Compute/LowCostGet3Min;3996,Microsoft.Compute/LowCostGet30Min;31990
    status:
      code: 200
      message: OK
- request:
    body: '{"location": "southcentralus", "tags": {}, "properties": {"hardwareProfile":
      {"vmSize": "Standard_DS1_v2"}, "storageProfile": {"osDisk": {"osType": "Linux",
      "name": "vm_OsDisk_1_0b695335ec2a47368d692825c1e6e6f6", "caching": "ReadWrite",
      "createOption": "FromImage", "diskSizeGB": 30, "managedDisk": {"id": "/subscriptions/00000000-0000-0000-0000-000000000000/resourceGroups/cli_test_vm_trusted_launch_update_000001/providers/Microsoft.Compute/disks/vm_OsDisk_1_0b695335ec2a47368d692825c1e6e6f6",
      "storageAccountType": "Premium_LRS"}, "deleteOption": "Detach"}, "dataDisks":
      []}, "osProfile": {"computerName": "vm", "adminUsername": "azureuser", "linuxConfiguration":
      {"disablePasswordAuthentication": false, "provisionVMAgent": true, "patchSettings":
      {"patchMode": "ImageDefault", "assessmentMode": "ImageDefault"}}, "secrets":
      [], "allowExtensionOperations": true, "requireGuestProvisionSignal": true},
      "networkProfile": {"networkInterfaces": [{"id": "/subscriptions/00000000-0000-0000-0000-000000000000/resourceGroups/cli_test_vm_trusted_launch_update_000001/providers/Microsoft.Network/networkInterfaces/vmVMNic"}]},
      "securityProfile": {"uefiSettings": {"secureBootEnabled": true, "vTpmEnabled":
      true}}}}'
    headers:
      Accept:
      - application/json
      Accept-Encoding:
      - gzip, deflate
      CommandName:
      - vm update
      Connection:
      - keep-alive
      Content-Length:
      - '1207'
      Content-Type:
      - application/json
      ParameterSetName:
      - -g -n --enable-secure-boot --enable-vtpm
      User-Agent:
      - AZURECLI/2.36.0 azsdk-python-azure-mgmt-compute/27.0.0 Python/3.8.10 (Windows-10-10.0.22000-SP0)
    method: PUT
    uri: https://management.azure.com/subscriptions/00000000-0000-0000-0000-000000000000/resourceGroups/cli_test_vm_trusted_launch_update_000001/providers/Microsoft.Compute/virtualMachines/vm?api-version=2022-03-01
  response:
    body:
      string: "{\r\n  \"name\": \"vm\",\r\n  \"id\": \"/subscriptions/00000000-0000-0000-0000-000000000000/resourceGroups/cli_test_vm_trusted_launch_update_000001/providers/Microsoft.Compute/virtualMachines/vm\",\r\n
        \ \"type\": \"Microsoft.Compute/virtualMachines\",\r\n  \"location\": \"southcentralus\",\r\n
        \ \"tags\": {},\r\n  \"properties\": {\r\n    \"vmId\": \"f5e728b9-9f1c-433e-89ee-44196e70a382\",\r\n
        \   \"hardwareProfile\": {\r\n      \"vmSize\": \"Standard_DS1_v2\"\r\n    },\r\n
        \   \"storageProfile\": {\r\n      \"imageReference\": {\r\n        \"publisher\":
        \"canonical\",\r\n        \"offer\": \"0001-com-ubuntu-server-focal\",\r\n
        \       \"sku\": \"20_04-lts-gen2\",\r\n        \"version\": \"latest\",\r\n
        \       \"exactVersion\": \"20.04.202205100\"\r\n      },\r\n      \"osDisk\":
        {\r\n        \"osType\": \"Linux\",\r\n        \"name\": \"vm_OsDisk_1_0b695335ec2a47368d692825c1e6e6f6\",\r\n
        \       \"createOption\": \"FromImage\",\r\n        \"caching\": \"ReadWrite\",\r\n
        \       \"managedDisk\": {\r\n          \"storageAccountType\": \"Premium_LRS\",\r\n
        \         \"id\": \"/subscriptions/00000000-0000-0000-0000-000000000000/resourceGroups/cli_test_vm_trusted_launch_update_000001/providers/Microsoft.Compute/disks/vm_OsDisk_1_0b695335ec2a47368d692825c1e6e6f6\"\r\n
        \       },\r\n        \"deleteOption\": \"Detach\",\r\n        \"diskSizeGB\":
        30\r\n      },\r\n      \"dataDisks\": []\r\n    },\r\n    \"osProfile\":
        {\r\n      \"computerName\": \"vm\",\r\n      \"adminUsername\": \"azureuser\",\r\n
        \     \"linuxConfiguration\": {\r\n        \"disablePasswordAuthentication\":
        false,\r\n        \"provisionVMAgent\": true,\r\n        \"patchSettings\":
        {\r\n          \"patchMode\": \"ImageDefault\",\r\n          \"assessmentMode\":
        \"ImageDefault\"\r\n        },\r\n        \"enableVMAgentPlatformUpdates\":
        false\r\n      },\r\n      \"secrets\": [],\r\n      \"allowExtensionOperations\":
        true,\r\n      \"requireGuestProvisionSignal\": true\r\n    },\r\n    \"securityProfile\":
        {\r\n      \"uefiSettings\": {\r\n        \"secureBootEnabled\": true,\r\n
        \       \"vTpmEnabled\": true\r\n      },\r\n      \"securityType\": \"TrustedLaunch\"\r\n
        \   },\r\n    \"networkProfile\": {\"networkInterfaces\":[{\"id\":\"/subscriptions/00000000-0000-0000-0000-000000000000/resourceGroups/cli_test_vm_trusted_launch_update_000001/providers/Microsoft.Network/networkInterfaces/vmVMNic\"}]},\r\n
        \   \"provisioningState\": \"Updating\",\r\n    \"timeCreated\": \"2022-05-18T12:33:39.7769379+00:00\"\r\n
        \ }\r\n}"
    headers:
      azure-asyncnotification:
      - Enabled
      azure-asyncoperation:
      - https://management.azure.com/subscriptions/00000000-0000-0000-0000-000000000000/providers/Microsoft.Compute/locations/southcentralus/operations/9cb3afaa-1a6c-460b-a116-a0a310dbcfbf?p=d0e8ea9a-296d-4a42-b0c4-00ed1becd3d2&api-version=2022-03-01
      cache-control:
      - no-cache
      content-length:
      - '2243'
      content-type:
      - application/json; charset=utf-8
      date:
      - Wed, 18 May 2022 12:34:56 GMT
      expires:
      - '-1'
      pragma:
      - no-cache
      server:
      - Microsoft-HTTPAPI/2.0
      - Microsoft-HTTPAPI/2.0
      strict-transport-security:
      - max-age=31536000; includeSubDomains
      transfer-encoding:
      - chunked
      vary:
      - Accept-Encoding
      x-content-type-options:
      - nosniff
      x-ms-ratelimit-remaining-resource:
      - Microsoft.Compute/PutVM3Min;566,Microsoft.Compute/PutVM30Min;2840
      x-ms-ratelimit-remaining-subscription-writes:
      - '1172'
    status:
      code: 200
      message: OK
- request:
    body: null
    headers:
      Accept:
      - '*/*'
      Accept-Encoding:
      - gzip, deflate
      CommandName:
      - vm update
      Connection:
      - keep-alive
      ParameterSetName:
      - -g -n --enable-secure-boot --enable-vtpm
      User-Agent:
      - AZURECLI/2.36.0 azsdk-python-azure-mgmt-compute/27.0.0 Python/3.8.10 (Windows-10-10.0.22000-SP0)
    method: GET
    uri: https://management.azure.com/subscriptions/00000000-0000-0000-0000-000000000000/providers/Microsoft.Compute/locations/southcentralus/operations/9cb3afaa-1a6c-460b-a116-a0a310dbcfbf?p=d0e8ea9a-296d-4a42-b0c4-00ed1becd3d2&api-version=2022-03-01
  response:
    body:
      string: "{\r\n  \"startTime\": \"2022-05-18T12:34:53.1570183+00:00\",\r\n  \"endTime\":
        \"2022-05-18T12:35:06.7674175+00:00\",\r\n  \"status\": \"Succeeded\",\r\n
        \ \"name\": \"9cb3afaa-1a6c-460b-a116-a0a310dbcfbf\"\r\n}"
    headers:
      cache-control:
      - no-cache
      content-length:
      - '184'
      content-type:
      - application/json; charset=utf-8
      date:
      - Wed, 18 May 2022 12:35:26 GMT
      expires:
      - '-1'
      pragma:
      - no-cache
      server:
      - Microsoft-HTTPAPI/2.0
      - Microsoft-HTTPAPI/2.0
      strict-transport-security:
      - max-age=31536000; includeSubDomains
      transfer-encoding:
      - chunked
      vary:
      - Accept-Encoding
      x-content-type-options:
      - nosniff
      x-ms-ratelimit-remaining-resource:
      - Microsoft.Compute/GetOperation3Min;14998,Microsoft.Compute/GetOperation30Min;29986
    status:
      code: 200
      message: OK
- request:
    body: null
    headers:
      Accept:
      - '*/*'
      Accept-Encoding:
      - gzip, deflate
      CommandName:
      - vm update
      Connection:
      - keep-alive
      ParameterSetName:
      - -g -n --enable-secure-boot --enable-vtpm
      User-Agent:
      - AZURECLI/2.36.0 azsdk-python-azure-mgmt-compute/27.0.0 Python/3.8.10 (Windows-10-10.0.22000-SP0)
    method: GET
    uri: https://management.azure.com/subscriptions/00000000-0000-0000-0000-000000000000/resourceGroups/cli_test_vm_trusted_launch_update_000001/providers/Microsoft.Compute/virtualMachines/vm?api-version=2022-03-01
  response:
    body:
      string: "{\r\n  \"name\": \"vm\",\r\n  \"id\": \"/subscriptions/00000000-0000-0000-0000-000000000000/resourceGroups/cli_test_vm_trusted_launch_update_000001/providers/Microsoft.Compute/virtualMachines/vm\",\r\n
        \ \"type\": \"Microsoft.Compute/virtualMachines\",\r\n  \"location\": \"southcentralus\",\r\n
        \ \"tags\": {},\r\n  \"properties\": {\r\n    \"vmId\": \"f5e728b9-9f1c-433e-89ee-44196e70a382\",\r\n
        \   \"hardwareProfile\": {\r\n      \"vmSize\": \"Standard_DS1_v2\"\r\n    },\r\n
        \   \"storageProfile\": {\r\n      \"imageReference\": {\r\n        \"publisher\":
        \"canonical\",\r\n        \"offer\": \"0001-com-ubuntu-server-focal\",\r\n
        \       \"sku\": \"20_04-lts-gen2\",\r\n        \"version\": \"latest\",\r\n
        \       \"exactVersion\": \"20.04.202205100\"\r\n      },\r\n      \"osDisk\":
        {\r\n        \"osType\": \"Linux\",\r\n        \"name\": \"vm_OsDisk_1_0b695335ec2a47368d692825c1e6e6f6\",\r\n
        \       \"createOption\": \"FromImage\",\r\n        \"caching\": \"ReadWrite\",\r\n
        \       \"managedDisk\": {\r\n          \"storageAccountType\": \"Premium_LRS\",\r\n
        \         \"id\": \"/subscriptions/00000000-0000-0000-0000-000000000000/resourceGroups/cli_test_vm_trusted_launch_update_000001/providers/Microsoft.Compute/disks/vm_OsDisk_1_0b695335ec2a47368d692825c1e6e6f6\"\r\n
        \       },\r\n        \"deleteOption\": \"Detach\",\r\n        \"diskSizeGB\":
        30\r\n      },\r\n      \"dataDisks\": []\r\n    },\r\n    \"osProfile\":
        {\r\n      \"computerName\": \"vm\",\r\n      \"adminUsername\": \"azureuser\",\r\n
        \     \"linuxConfiguration\": {\r\n        \"disablePasswordAuthentication\":
        false,\r\n        \"provisionVMAgent\": true,\r\n        \"patchSettings\":
        {\r\n          \"patchMode\": \"ImageDefault\",\r\n          \"assessmentMode\":
        \"ImageDefault\"\r\n        },\r\n        \"enableVMAgentPlatformUpdates\":
        false\r\n      },\r\n      \"secrets\": [],\r\n      \"allowExtensionOperations\":
        true,\r\n      \"requireGuestProvisionSignal\": true\r\n    },\r\n    \"securityProfile\":
        {\r\n      \"uefiSettings\": {\r\n        \"secureBootEnabled\": true,\r\n
        \       \"vTpmEnabled\": true\r\n      },\r\n      \"securityType\": \"TrustedLaunch\"\r\n
        \   },\r\n    \"networkProfile\": {\"networkInterfaces\":[{\"id\":\"/subscriptions/00000000-0000-0000-0000-000000000000/resourceGroups/cli_test_vm_trusted_launch_update_000001/providers/Microsoft.Network/networkInterfaces/vmVMNic\"}]},\r\n
        \   \"provisioningState\": \"Succeeded\",\r\n    \"timeCreated\": \"2022-05-18T12:33:39.7769379+00:00\"\r\n
        \ }\r\n}"
    headers:
      cache-control:
      - no-cache
      content-length:
      - '2244'
      content-type:
      - application/json; charset=utf-8
      date:
      - Wed, 18 May 2022 12:35:26 GMT
      expires:
      - '-1'
      pragma:
      - no-cache
      server:
      - Microsoft-HTTPAPI/2.0
      - Microsoft-HTTPAPI/2.0
      strict-transport-security:
      - max-age=31536000; includeSubDomains
      transfer-encoding:
      - chunked
      vary:
      - Accept-Encoding
      x-content-type-options:
      - nosniff
      x-ms-ratelimit-remaining-resource:
      - Microsoft.Compute/LowCostGet3Min;3994,Microsoft.Compute/LowCostGet30Min;31988
    status:
      code: 200
      message: OK
- request:
    body: null
    headers:
      Accept:
      - application/json
      Accept-Encoding:
      - gzip, deflate
      CommandName:
      - vm show
      Connection:
      - keep-alive
      ParameterSetName:
      - -g -n
      User-Agent:
      - AZURECLI/2.36.0 azsdk-python-azure-mgmt-compute/27.0.0 Python/3.8.10 (Windows-10-10.0.22000-SP0)
    method: GET
    uri: https://management.azure.com/subscriptions/00000000-0000-0000-0000-000000000000/resourceGroups/cli_test_vm_trusted_launch_update_000001/providers/Microsoft.Compute/virtualMachines/vm?api-version=2022-03-01
  response:
    body:
      string: "{\r\n  \"name\": \"vm\",\r\n  \"id\": \"/subscriptions/00000000-0000-0000-0000-000000000000/resourceGroups/cli_test_vm_trusted_launch_update_000001/providers/Microsoft.Compute/virtualMachines/vm\",\r\n
        \ \"type\": \"Microsoft.Compute/virtualMachines\",\r\n  \"location\": \"southcentralus\",\r\n
        \ \"tags\": {},\r\n  \"properties\": {\r\n    \"vmId\": \"f5e728b9-9f1c-433e-89ee-44196e70a382\",\r\n
        \   \"hardwareProfile\": {\r\n      \"vmSize\": \"Standard_DS1_v2\"\r\n    },\r\n
        \   \"storageProfile\": {\r\n      \"imageReference\": {\r\n        \"publisher\":
        \"canonical\",\r\n        \"offer\": \"0001-com-ubuntu-server-focal\",\r\n
        \       \"sku\": \"20_04-lts-gen2\",\r\n        \"version\": \"latest\",\r\n
        \       \"exactVersion\": \"20.04.202205100\"\r\n      },\r\n      \"osDisk\":
        {\r\n        \"osType\": \"Linux\",\r\n        \"name\": \"vm_OsDisk_1_0b695335ec2a47368d692825c1e6e6f6\",\r\n
        \       \"createOption\": \"FromImage\",\r\n        \"caching\": \"ReadWrite\",\r\n
        \       \"managedDisk\": {\r\n          \"storageAccountType\": \"Premium_LRS\",\r\n
        \         \"id\": \"/subscriptions/00000000-0000-0000-0000-000000000000/resourceGroups/cli_test_vm_trusted_launch_update_000001/providers/Microsoft.Compute/disks/vm_OsDisk_1_0b695335ec2a47368d692825c1e6e6f6\"\r\n
        \       },\r\n        \"deleteOption\": \"Detach\",\r\n        \"diskSizeGB\":
        30\r\n      },\r\n      \"dataDisks\": []\r\n    },\r\n    \"osProfile\":
        {\r\n      \"computerName\": \"vm\",\r\n      \"adminUsername\": \"azureuser\",\r\n
        \     \"linuxConfiguration\": {\r\n        \"disablePasswordAuthentication\":
        false,\r\n        \"provisionVMAgent\": true,\r\n        \"patchSettings\":
        {\r\n          \"patchMode\": \"ImageDefault\",\r\n          \"assessmentMode\":
        \"ImageDefault\"\r\n        },\r\n        \"enableVMAgentPlatformUpdates\":
        false\r\n      },\r\n      \"secrets\": [],\r\n      \"allowExtensionOperations\":
        true,\r\n      \"requireGuestProvisionSignal\": true\r\n    },\r\n    \"securityProfile\":
        {\r\n      \"uefiSettings\": {\r\n        \"secureBootEnabled\": true,\r\n
        \       \"vTpmEnabled\": true\r\n      },\r\n      \"securityType\": \"TrustedLaunch\"\r\n
        \   },\r\n    \"networkProfile\": {\"networkInterfaces\":[{\"id\":\"/subscriptions/00000000-0000-0000-0000-000000000000/resourceGroups/cli_test_vm_trusted_launch_update_000001/providers/Microsoft.Network/networkInterfaces/vmVMNic\"}]},\r\n
        \   \"provisioningState\": \"Succeeded\",\r\n    \"timeCreated\": \"2022-05-18T12:33:39.7769379+00:00\"\r\n
        \ }\r\n}"
    headers:
      cache-control:
      - no-cache
      content-length:
      - '2244'
      content-type:
      - application/json; charset=utf-8
      date:
      - Wed, 18 May 2022 12:35:29 GMT
      expires:
      - '-1'
      pragma:
      - no-cache
      server:
      - Microsoft-HTTPAPI/2.0
      - Microsoft-HTTPAPI/2.0
      strict-transport-security:
      - max-age=31536000; includeSubDomains
      transfer-encoding:
      - chunked
      vary:
      - Accept-Encoding
      x-content-type-options:
      - nosniff
      x-ms-ratelimit-remaining-resource:
      - Microsoft.Compute/LowCostGet3Min;3993,Microsoft.Compute/LowCostGet30Min;31987
    status:
      code: 200
      message: OK
version: 1
