interactions:
- request:
    body: null
    headers:
      Accept:
      - application/json
      Accept-Encoding:
      - gzip, deflate
      CommandName:
      - sig create
      Connection:
      - keep-alive
      ParameterSetName:
      - -g --gallery-name --permissions --publisher-uri --publisher-email --eula --public-name-prefix
      User-Agent:
      - AZURECLI/2.45.0 azsdk-python-azure-mgmt-resource/22.0.0 Python/3.10.9 (Linux-5.15.0-1031-azure-x86_64-with-glibc2.31)
        VSTS_7b238909-6802-4b65-b90d-184bca47f458_build_220_0
    method: GET
    uri: https://management.azure.com/subscriptions/00000000-0000-0000-0000-000000000000/resourcegroups/cli_test_update_gallery_permissions_000001?api-version=2022-09-01
  response:
    body:
      string: '{"id":"/subscriptions/00000000-0000-0000-0000-000000000000/resourceGroups/cli_test_update_gallery_permissions_000001","name":"cli_test_update_gallery_permissions_000001","type":"Microsoft.Resources/resourceGroups","location":"eastus2euap","tags":{"product":"azurecli","cause":"automation","date":"2023-02-08T01:42:58Z"},"properties":{"provisioningState":"Succeeded"}}'
    headers:
      cache-control:
      - no-cache
      content-length:
      - '367'
      content-type:
      - application/json; charset=utf-8
      date:
      - Wed, 08 Feb 2023 01:42:59 GMT
      expires:
      - '-1'
      pragma:
      - no-cache
      strict-transport-security:
      - max-age=31536000; includeSubDomains
      vary:
      - Accept-Encoding
      x-content-type-options:
      - nosniff
    status:
      code: 200
      message: OK
- request:
    body: '{"location": "eastus2euap", "tags": {}, "properties": {"sharingProfile":
      {"permissions": "Community", "communityGalleryInfo": {"publisherUri": "pubUri",
      "publisherContact": "test@123.com", "eula": "eula", "publicNamePrefix": "pubName"}}}}'
    headers:
      Accept:
      - application/json
      Accept-Encoding:
      - gzip, deflate
      CommandName:
      - sig create
      Connection:
      - keep-alive
      Content-Length:
      - '238'
      Content-Type:
      - application/json
      ParameterSetName:
      - -g --gallery-name --permissions --publisher-uri --publisher-email --eula --public-name-prefix
      User-Agent:
      - AZURECLI/2.45.0 azsdk-python-azure-mgmt-compute/29.1.0 Python/3.10.9 (Linux-5.15.0-1031-azure-x86_64-with-glibc2.31)
        VSTS_7b238909-6802-4b65-b90d-184bca47f458_build_220_0
    method: PUT
    uri: https://management.azure.com/subscriptions/00000000-0000-0000-0000-000000000000/resourceGroups/cli_test_update_gallery_permissions_000001/providers/Microsoft.Compute/galleries/gallery1000002?api-version=2021-10-01
  response:
    body:
      string: "{\r\n  \"name\": \"gallery1000002\",\r\n  \"id\": \"/subscriptions/00000000-0000-0000-0000-000000000000/resourceGroups/cli_test_update_gallery_permissions_000001/providers/Microsoft.Compute/galleries/gallery1000002\",\r\n
        \ \"type\": \"Microsoft.Compute/galleries\",\r\n  \"location\": \"eastus2euap\",\r\n
        \ \"tags\": {},\r\n  \"properties\": {\r\n    \"identifier\": {\r\n      \"uniqueName\":
        \"0b1f6471-1bf0-4dda-aec3-cb9272f09590-GALLERY15XUNPWF\"\r\n    },\r\n    \"sharingProfile\":
        {\r\n      \"permissions\": \"Community\",\r\n      \"communityGalleryInfo\":
        {\r\n        \"communityGalleryEnabled\": false,\r\n        \"publisherUri\":
        \"pubUri\",\r\n        \"publisherContact\": \"test@123.com\",\r\n        \"eula\":
        \"eula\",\r\n        \"publicNamePrefix\": \"pubName\",\r\n        \"publicNames\":
        [\r\n          \"pubName-d286354e-e627-4a8c-b3c4-2e13d32eccee\"\r\n        ]\r\n
        \     }\r\n    },\r\n    \"provisioningState\": \"Creating\"\r\n  }\r\n}"
    headers:
      azure-asyncoperation:
      - https://management.azure.com/subscriptions/00000000-0000-0000-0000-000000000000/providers/Microsoft.Compute/locations/EastUS2EUAP/capsOperations/f8e4ebb7-9be5-4a22-ba7f-ea85d2bc6675?api-version=2021-10-01
      cache-control:
      - no-cache
      content-length:
      - '854'
      content-type:
      - application/json; charset=utf-8
      date:
      - Wed, 08 Feb 2023 01:43:00 GMT
      expires:
      - '-1'
      pragma:
      - no-cache
      server:
      - Microsoft-HTTPAPI/2.0
      - Microsoft-HTTPAPI/2.0
      strict-transport-security:
      - max-age=31536000; includeSubDomains
      x-content-type-options:
      - nosniff
      x-ms-ratelimit-remaining-resource:
      - Microsoft.Compute/CreateUpdateGallery3Min;49,Microsoft.Compute/CreateUpdateGallery30Min;299
      x-ms-ratelimit-remaining-subscription-writes:
      - '1198'
    status:
      code: 201
      message: Created
- request:
    body: null
    headers:
      Accept:
      - '*/*'
      Accept-Encoding:
      - gzip, deflate
      CommandName:
      - sig create
      Connection:
      - keep-alive
      ParameterSetName:
      - -g --gallery-name --permissions --publisher-uri --publisher-email --eula --public-name-prefix
      User-Agent:
      - AZURECLI/2.45.0 azsdk-python-azure-mgmt-compute/29.1.0 Python/3.10.9 (Linux-5.15.0-1031-azure-x86_64-with-glibc2.31)
        VSTS_7b238909-6802-4b65-b90d-184bca47f458_build_220_0
    method: GET
    uri: https://management.azure.com/subscriptions/00000000-0000-0000-0000-000000000000/providers/Microsoft.Compute/locations/EastUS2EUAP/capsOperations/f8e4ebb7-9be5-4a22-ba7f-ea85d2bc6675?api-version=2021-10-01
  response:
    body:
      string: "{\r\n  \"startTime\": \"2023-02-08T01:43:00.5285315+00:00\",\r\n  \"endTime\":
        \"2023-02-08T01:43:02.5285533+00:00\",\r\n  \"status\": \"Succeeded\",\r\n
        \ \"name\": \"f8e4ebb7-9be5-4a22-ba7f-ea85d2bc6675\"\r\n}"
    headers:
      cache-control:
      - no-cache
      content-length:
      - '184'
      content-type:
      - application/json; charset=utf-8
      date:
      - Wed, 08 Feb 2023 01:43:30 GMT
      expires:
      - '-1'
      pragma:
      - no-cache
      server:
      - Microsoft-HTTPAPI/2.0
      - Microsoft-HTTPAPI/2.0
      strict-transport-security:
      - max-age=31536000; includeSubDomains
      transfer-encoding:
      - chunked
      vary:
      - Accept-Encoding
      x-content-type-options:
      - nosniff
      x-ms-ratelimit-remaining-resource:
      - Microsoft.Compute/GetOperationStatus3Min;1198,Microsoft.Compute/GetOperationStatus30Min;4198
    status:
      code: 200
      message: OK
- request:
    body: null
    headers:
      Accept:
      - '*/*'
      Accept-Encoding:
      - gzip, deflate
      CommandName:
      - sig create
      Connection:
      - keep-alive
      ParameterSetName:
      - -g --gallery-name --permissions --publisher-uri --publisher-email --eula --public-name-prefix
      User-Agent:
      - AZURECLI/2.45.0 azsdk-python-azure-mgmt-compute/29.1.0 Python/3.10.9 (Linux-5.15.0-1031-azure-x86_64-with-glibc2.31)
        VSTS_7b238909-6802-4b65-b90d-184bca47f458_build_220_0
    method: GET
    uri: https://management.azure.com/subscriptions/00000000-0000-0000-0000-000000000000/resourceGroups/cli_test_update_gallery_permissions_000001/providers/Microsoft.Compute/galleries/gallery1000002?api-version=2021-10-01
  response:
    body:
      string: "{\r\n  \"name\": \"gallery1000002\",\r\n  \"id\": \"/subscriptions/00000000-0000-0000-0000-000000000000/resourceGroups/cli_test_update_gallery_permissions_000001/providers/Microsoft.Compute/galleries/gallery1000002\",\r\n
        \ \"type\": \"Microsoft.Compute/galleries\",\r\n  \"location\": \"eastus2euap\",\r\n
        \ \"tags\": {},\r\n  \"properties\": {\r\n    \"identifier\": {\r\n      \"uniqueName\":
        \"0b1f6471-1bf0-4dda-aec3-cb9272f09590-GALLERY15XUNPWF\"\r\n    },\r\n    \"sharingProfile\":
        {\r\n      \"permissions\": \"Community\",\r\n      \"communityGalleryInfo\":
        {\r\n        \"communityGalleryEnabled\": false,\r\n        \"publisherUri\":
        \"pubUri\",\r\n        \"publisherContact\": \"test@123.com\",\r\n        \"eula\":
        \"eula\",\r\n        \"publicNamePrefix\": \"pubName\",\r\n        \"publicNames\":
        [\r\n          \"pubName-d286354e-e627-4a8c-b3c4-2e13d32eccee\"\r\n        ]\r\n
        \     }\r\n    },\r\n    \"provisioningState\": \"Succeeded\"\r\n  }\r\n}"
    headers:
      cache-control:
      - no-cache
      content-length:
      - '855'
      content-type:
      - application/json; charset=utf-8
      date:
      - Wed, 08 Feb 2023 01:43:30 GMT
      expires:
      - '-1'
      pragma:
      - no-cache
      server:
      - Microsoft-HTTPAPI/2.0
      - Microsoft-HTTPAPI/2.0
      strict-transport-security:
      - max-age=31536000; includeSubDomains
      transfer-encoding:
      - chunked
      vary:
      - Accept-Encoding
      x-content-type-options:
      - nosniff
      x-ms-ratelimit-remaining-resource:
      - Microsoft.Compute/GetGallery3Min;344,Microsoft.Compute/GetGallery30Min;2494
    status:
      code: 200
      message: OK
- request:
    body: '{"operationType": "Reset"}'
    headers:
      Accept:
      - application/json
      Accept-Encoding:
      - gzip, deflate
      CommandName:
      - sig share reset
      Connection:
      - keep-alive
      Content-Length:
      - '26'
      Content-Type:
      - application/json
      ParameterSetName:
      - --gallery-name -g
      User-Agent:
      - AZURECLI/2.45.0 azsdk-python-azure-mgmt-compute/29.1.0 Python/3.10.9 (Linux-5.15.0-1031-azure-x86_64-with-glibc2.31)
        VSTS_7b238909-6802-4b65-b90d-184bca47f458_build_220_0
    method: POST
    uri: https://management.azure.com/subscriptions/00000000-0000-0000-0000-000000000000/resourceGroups/cli_test_update_gallery_permissions_000001/providers/Microsoft.Compute/galleries/gallery1000002/share?api-version=2022-03-03
  response:
    body:
      string: ''
    headers:
      azure-asyncoperation:
      - https://management.azure.com/subscriptions/00000000-0000-0000-0000-000000000000/providers/Microsoft.Compute/locations/EastUS2EUAP/capsOperations/be501efc-6621-4f7d-9612-1d97094b2b87?api-version=2022-03-03
      cache-control:
      - no-cache
      content-length:
      - '0'
      date:
      - Wed, 08 Feb 2023 01:43:35 GMT
      expires:
      - '-1'
      location:
      - https://management.azure.com/subscriptions/00000000-0000-0000-0000-000000000000/providers/Microsoft.Compute/locations/EastUS2EUAP/capsOperations/be501efc-6621-4f7d-9612-1d97094b2b87?monitor=true&api-version=2022-03-03
      pragma:
      - no-cache
      server:
      - Microsoft-HTTPAPI/2.0
      - Microsoft-HTTPAPI/2.0
      strict-transport-security:
      - max-age=31536000; includeSubDomains
      x-content-type-options:
      - nosniff
      x-ms-ratelimit-remaining-resource:
      - Microsoft.Compute/PostShareGallery3Min;9,Microsoft.Compute/PostShareGallery30Min;59
      x-ms-ratelimit-remaining-subscription-writes:
      - '1199'
    status:
      code: 202
      message: Accepted
- request:
    body: null
    headers:
      Accept:
      - '*/*'
      Accept-Encoding:
      - gzip, deflate
      CommandName:
      - sig share reset
      Connection:
      - keep-alive
      ParameterSetName:
      - --gallery-name -g
      User-Agent:
      - AZURECLI/2.45.0 azsdk-python-azure-mgmt-compute/29.1.0 Python/3.10.9 (Linux-5.15.0-1031-azure-x86_64-with-glibc2.31)
        VSTS_7b238909-6802-4b65-b90d-184bca47f458_build_220_0
    method: GET
    uri: https://management.azure.com/subscriptions/00000000-0000-0000-0000-000000000000/providers/Microsoft.Compute/locations/EastUS2EUAP/capsOperations/be501efc-6621-4f7d-9612-1d97094b2b87?api-version=2022-03-03
  response:
    body:
      string: "{\r\n  \"startTime\": \"2023-02-08T01:43:31.8881349+00:00\",\r\n  \"endTime\":
        \"2023-02-08T01:43:32.0600085+00:00\",\r\n  \"status\": \"Succeeded\",\r\n
        \ \"name\": \"be501efc-6621-4f7d-9612-1d97094b2b87\"\r\n}"
    headers:
      cache-control:
      - no-cache
      content-length:
      - '184'
      content-type:
      - application/json; charset=utf-8
      date:
      - Wed, 08 Feb 2023 01:44:05 GMT
      expires:
      - '-1'
      pragma:
      - no-cache
      server:
      - Microsoft-HTTPAPI/2.0
      - Microsoft-HTTPAPI/2.0
      strict-transport-security:
      - max-age=31536000; includeSubDomains
      transfer-encoding:
      - chunked
      vary:
      - Accept-Encoding
      x-content-type-options:
      - nosniff
      x-ms-ratelimit-remaining-resource:
      - Microsoft.Compute/GetOperationStatus3Min;1196,Microsoft.Compute/GetOperationStatus30Min;4196
    status:
      code: 200
      message: OK
- request:
    body: null
    headers:
      Accept:
      - '*/*'
      Accept-Encoding:
      - gzip, deflate
      CommandName:
      - sig share reset
      Connection:
      - keep-alive
      ParameterSetName:
      - --gallery-name -g
      User-Agent:
      - AZURECLI/2.45.0 azsdk-python-azure-mgmt-compute/29.1.0 Python/3.10.9 (Linux-5.15.0-1031-azure-x86_64-with-glibc2.31)
        VSTS_7b238909-6802-4b65-b90d-184bca47f458_build_220_0
    method: GET
    uri: https://management.azure.com/subscriptions/00000000-0000-0000-0000-000000000000/providers/Microsoft.Compute/locations/EastUS2EUAP/capsOperations/be501efc-6621-4f7d-9612-1d97094b2b87?monitor=true&api-version=2022-03-03
  response:
    body:
      string: ''
    headers:
      cache-control:
      - no-cache
      content-length:
      - '0'
      date:
      - Wed, 08 Feb 2023 01:44:05 GMT
      expires:
      - '-1'
      pragma:
      - no-cache
      server:
      - Microsoft-HTTPAPI/2.0
      - Microsoft-HTTPAPI/2.0
      strict-transport-security:
      - max-age=31536000; includeSubDomains
      x-content-type-options:
      - nosniff
      x-ms-ratelimit-remaining-resource:
      - Microsoft.Compute/GetOperationStatus3Min;1195,Microsoft.Compute/GetOperationStatus30Min;4195
    status:
      code: 200
      message: OK
- request:
    body: null
    headers:
      Accept:
      - application/json
      Accept-Encoding:
      - gzip, deflate
      CommandName:
      - sig show
      Connection:
      - keep-alive
      ParameterSetName:
      - --gallery-name --resource-group --select
      User-Agent:
      - AZURECLI/2.45.0 azsdk-python-azure-mgmt-compute/29.1.0 Python/3.10.9 (Linux-5.15.0-1031-azure-x86_64-with-glibc2.31)
        VSTS_7b238909-6802-4b65-b90d-184bca47f458_build_220_0
    method: GET
    uri: https://management.azure.com/subscriptions/00000000-0000-0000-0000-000000000000/resourceGroups/cli_test_update_gallery_permissions_000001/providers/Microsoft.Compute/galleries/gallery1000002?api-version=2021-10-01&$select=Permissions
  response:
    body:
      string: "{\r\n  \"name\": \"gallery1000002\",\r\n  \"id\": \"/subscriptions/00000000-0000-0000-0000-000000000000/resourceGroups/cli_test_update_gallery_permissions_000001/providers/Microsoft.Compute/galleries/gallery1000002\",\r\n
        \ \"type\": \"Microsoft.Compute/galleries\",\r\n  \"location\": \"eastus2euap\",\r\n
        \ \"tags\": {},\r\n  \"properties\": {\r\n    \"identifier\": {\r\n      \"uniqueName\":
        \"0b1f6471-1bf0-4dda-aec3-cb9272f09590-GALLERY15XUNPWF\"\r\n    },\r\n    \"sharingProfile\":
        {\r\n      \"permissions\": \"Private\"\r\n    },\r\n    \"provisioningState\":
        \"Succeeded\"\r\n  }\r\n}"
    headers:
      cache-control:
      - no-cache
      content-length:
      - '527'
      content-type:
      - application/json; charset=utf-8
      date:
      - Wed, 08 Feb 2023 01:44:06 GMT
      expires:
      - '-1'
      pragma:
      - no-cache
      server:
      - Microsoft-HTTPAPI/2.0
      - Microsoft-HTTPAPI/2.0
      strict-transport-security:
      - max-age=31536000; includeSubDomains
      transfer-encoding:
      - chunked
      vary:
      - Accept-Encoding
      x-content-type-options:
      - nosniff
      x-ms-ratelimit-remaining-resource:
      - Microsoft.Compute/GetGallery3Min;342,Microsoft.Compute/GetGallery30Min;2492
    status:
      code: 200
      message: OK
- request:
    body: null
    headers:
      Accept:
      - application/json
      Accept-Encoding:
      - gzip, deflate
      CommandName:
      - sig update
      Connection:
      - keep-alive
      ParameterSetName:
      - -g --gallery-name --permissions --publisher-uri --publisher-email --eula --public-name-prefix
      User-Agent:
      - AZURECLI/2.45.0 azsdk-python-azure-mgmt-compute/29.1.0 Python/3.10.9 (Linux-5.15.0-1031-azure-x86_64-with-glibc2.31)
        VSTS_7b238909-6802-4b65-b90d-184bca47f458_build_220_0
    method: GET
    uri: https://management.azure.com/subscriptions/00000000-0000-0000-0000-000000000000/resourceGroups/cli_test_update_gallery_permissions_000001/providers/Microsoft.Compute/galleries/gallery1000002?api-version=2021-10-01
  response:
    body:
      string: "{\r\n  \"name\": \"gallery1000002\",\r\n  \"id\": \"/subscriptions/00000000-0000-0000-0000-000000000000/resourceGroups/cli_test_update_gallery_permissions_000001/providers/Microsoft.Compute/galleries/gallery1000002\",\r\n
        \ \"type\": \"Microsoft.Compute/galleries\",\r\n  \"location\": \"eastus2euap\",\r\n
        \ \"tags\": {},\r\n  \"properties\": {\r\n    \"identifier\": {\r\n      \"uniqueName\":
        \"0b1f6471-1bf0-4dda-aec3-cb9272f09590-GALLERY15XUNPWF\"\r\n    },\r\n    \"sharingProfile\":
        {\r\n      \"permissions\": \"Private\"\r\n    },\r\n    \"provisioningState\":
        \"Succeeded\"\r\n  }\r\n}"
    headers:
      cache-control:
      - no-cache
      content-length:
      - '527'
      content-type:
      - application/json; charset=utf-8
      date:
      - Wed, 08 Feb 2023 01:44:06 GMT
      expires:
      - '-1'
      pragma:
      - no-cache
      server:
      - Microsoft-HTTPAPI/2.0
      - Microsoft-HTTPAPI/2.0
      strict-transport-security:
      - max-age=31536000; includeSubDomains
      transfer-encoding:
      - chunked
      vary:
      - Accept-Encoding
      x-content-type-options:
      - nosniff
      x-ms-ratelimit-remaining-resource:
      - Microsoft.Compute/GetGallery3Min;341,Microsoft.Compute/GetGallery30Min;2491
    status:
      code: 200
      message: OK
- request:
    body: '{"location": "eastus2euap", "tags": {}, "properties": {"identifier": {},
      "sharingProfile": {"permissions": "Community", "communityGalleryInfo": {"publisherUri":
      "pubUri", "publisherContact": "test@123.com", "eula": "eula", "publicNamePrefix":
      "pubName"}}}}'
    headers:
      Accept:
      - application/json
      Accept-Encoding:
      - gzip, deflate
      CommandName:
      - sig update
      Connection:
      - keep-alive
      Content-Length:
      - '256'
      Content-Type:
      - application/json
      ParameterSetName:
      - -g --gallery-name --permissions --publisher-uri --publisher-email --eula --public-name-prefix
      User-Agent:
      - AZURECLI/2.45.0 azsdk-python-azure-mgmt-compute/29.1.0 Python/3.10.9 (Linux-5.15.0-1031-azure-x86_64-with-glibc2.31)
        VSTS_7b238909-6802-4b65-b90d-184bca47f458_build_220_0
    method: PUT
    uri: https://management.azure.com/subscriptions/00000000-0000-0000-0000-000000000000/resourceGroups/cli_test_update_gallery_permissions_000001/providers/Microsoft.Compute/galleries/gallery1000002?api-version=2021-10-01
  response:
    body:
      string: "{\r\n  \"name\": \"gallery1000002\",\r\n  \"id\": \"/subscriptions/00000000-0000-0000-0000-000000000000/resourceGroups/cli_test_update_gallery_permissions_000001/providers/Microsoft.Compute/galleries/gallery1000002\",\r\n
        \ \"type\": \"Microsoft.Compute/galleries\",\r\n  \"location\": \"eastus2euap\",\r\n
        \ \"tags\": {},\r\n  \"properties\": {\r\n    \"identifier\": {\r\n      \"uniqueName\":
        \"0b1f6471-1bf0-4dda-aec3-cb9272f09590-GALLERY15XUNPWF\"\r\n    },\r\n    \"sharingProfile\":
        {\r\n      \"permissions\": \"Community\",\r\n      \"communityGalleryInfo\":
        {\r\n        \"communityGalleryEnabled\": false,\r\n        \"publisherUri\":
        \"pubUri\",\r\n        \"publisherContact\": \"test@123.com\",\r\n        \"eula\":
        \"eula\",\r\n        \"publicNamePrefix\": \"pubName\",\r\n        \"publicNames\":
        [\r\n          \"pubName-c4c1d5d4-b0a2-4108-8c25-2b23299ec8b5\"\r\n        ]\r\n
        \     }\r\n    },\r\n    \"provisioningState\": \"Succeeded\"\r\n  }\r\n}"
    headers:
      azure-asyncoperation:
      - https://management.azure.com/subscriptions/00000000-0000-0000-0000-000000000000/providers/Microsoft.Compute/locations/EastUS2EUAP/capsOperations/f29e9afe-b1ce-405c-99b0-214b65ff30e6?api-version=2021-10-01
      cache-control:
      - no-cache
      content-length:
      - '855'
      content-type:
      - application/json; charset=utf-8
      date:
      - Wed, 08 Feb 2023 01:44:06 GMT
      expires:
      - '-1'
      pragma:
      - no-cache
      server:
      - Microsoft-HTTPAPI/2.0
      - Microsoft-HTTPAPI/2.0
      strict-transport-security:
      - max-age=31536000; includeSubDomains
      transfer-encoding:
      - chunked
      vary:
      - Accept-Encoding
      x-content-type-options:
      - nosniff
      x-ms-ratelimit-remaining-resource:
      - Microsoft.Compute/CreateUpdateGallery3Min;48,Microsoft.Compute/CreateUpdateGallery30Min;298
      x-ms-ratelimit-remaining-subscription-writes:
      - '1198'
    status:
      code: 200
      message: OK
- request:
    body: null
    headers:
      Accept:
      - '*/*'
      Accept-Encoding:
      - gzip, deflate
      CommandName:
      - sig update
      Connection:
      - keep-alive
      ParameterSetName:
      - -g --gallery-name --permissions --publisher-uri --publisher-email --eula --public-name-prefix
      User-Agent:
      - AZURECLI/2.45.0 azsdk-python-azure-mgmt-compute/29.1.0 Python/3.10.9 (Linux-5.15.0-1031-azure-x86_64-with-glibc2.31)
        VSTS_7b238909-6802-4b65-b90d-184bca47f458_build_220_0
    method: GET
    uri: https://management.azure.com/subscriptions/00000000-0000-0000-0000-000000000000/providers/Microsoft.Compute/locations/EastUS2EUAP/capsOperations/f29e9afe-b1ce-405c-99b0-214b65ff30e6?api-version=2021-10-01
  response:
    body:
      string: "{\r\n  \"startTime\": \"2023-02-08T01:44:07.3727472+00:00\",\r\n  \"endTime\":
        \"2023-02-08T01:44:10.700865+00:00\",\r\n  \"status\": \"Succeeded\",\r\n
        \ \"name\": \"f29e9afe-b1ce-405c-99b0-214b65ff30e6\"\r\n}"
    headers:
      cache-control:
      - no-cache
      content-length:
      - '183'
      content-type:
      - application/json; charset=utf-8
      date:
      - Wed, 08 Feb 2023 01:44:37 GMT
      expires:
      - '-1'
      pragma:
      - no-cache
      server:
      - Microsoft-HTTPAPI/2.0
      - Microsoft-HTTPAPI/2.0
      strict-transport-security:
      - max-age=31536000; includeSubDomains
      transfer-encoding:
      - chunked
      vary:
      - Accept-Encoding
      x-content-type-options:
      - nosniff
      x-ms-ratelimit-remaining-resource:
      - Microsoft.Compute/GetOperationStatus3Min;1194,Microsoft.Compute/GetOperationStatus30Min;4194
    status:
      code: 200
      message: OK
- request:
    body: null
    headers:
      Accept:
      - '*/*'
      Accept-Encoding:
      - gzip, deflate
      CommandName:
      - sig update
      Connection:
      - keep-alive
      ParameterSetName:
      - -g --gallery-name --permissions --publisher-uri --publisher-email --eula --public-name-prefix
      User-Agent:
      - AZURECLI/2.45.0 azsdk-python-azure-mgmt-compute/29.1.0 Python/3.10.9 (Linux-5.15.0-1031-azure-x86_64-with-glibc2.31)
        VSTS_7b238909-6802-4b65-b90d-184bca47f458_build_220_0
    method: GET
    uri: https://management.azure.com/subscriptions/00000000-0000-0000-0000-000000000000/resourceGroups/cli_test_update_gallery_permissions_000001/providers/Microsoft.Compute/galleries/gallery1000002?api-version=2021-10-01
  response:
    body:
      string: "{\r\n  \"name\": \"gallery1000002\",\r\n  \"id\": \"/subscriptions/00000000-0000-0000-0000-000000000000/resourceGroups/cli_test_update_gallery_permissions_000001/providers/Microsoft.Compute/galleries/gallery1000002\",\r\n
        \ \"type\": \"Microsoft.Compute/galleries\",\r\n  \"location\": \"eastus2euap\",\r\n
        \ \"tags\": {},\r\n  \"properties\": {\r\n    \"identifier\": {\r\n      \"uniqueName\":
        \"0b1f6471-1bf0-4dda-aec3-cb9272f09590-GALLERY15XUNPWF\"\r\n    },\r\n    \"sharingProfile\":
        {\r\n      \"permissions\": \"Community\",\r\n      \"communityGalleryInfo\":
        {\r\n        \"communityGalleryEnabled\": false,\r\n        \"publisherUri\":
        \"pubUri\",\r\n        \"publisherContact\": \"test@123.com\",\r\n        \"eula\":
        \"eula\",\r\n        \"publicNamePrefix\": \"pubName\",\r\n        \"publicNames\":
        [\r\n          \"pubName-c4c1d5d4-b0a2-4108-8c25-2b23299ec8b5\"\r\n        ]\r\n
        \     }\r\n    },\r\n    \"provisioningState\": \"Succeeded\"\r\n  }\r\n}"
    headers:
      cache-control:
      - no-cache
      content-length:
      - '855'
      content-type:
      - application/json; charset=utf-8
      date:
      - Wed, 08 Feb 2023 01:44:37 GMT
      expires:
      - '-1'
      pragma:
      - no-cache
      server:
      - Microsoft-HTTPAPI/2.0
      - Microsoft-HTTPAPI/2.0
      strict-transport-security:
      - max-age=31536000; includeSubDomains
      transfer-encoding:
      - chunked
      vary:
      - Accept-Encoding
      x-content-type-options:
      - nosniff
      x-ms-ratelimit-remaining-resource:
      - Microsoft.Compute/GetGallery3Min;338,Microsoft.Compute/GetGallery30Min;2488
    status:
      code: 200
      message: OK
version: 1
