interactions:
- request:
    body: null
    headers:
      Accept:
      - application/json
      Accept-Encoding:
      - gzip, deflate
      CommandName:
      - vmss create
      Connection:
      - keep-alive
      ParameterSetName:
      - -g -n --image --admin-username --admin-password --license-type --instance-count
        --orchestration-mode --lb-sku
      User-Agent:
      - AZURECLI/2.69.0 azsdk-python-core/1.31.0 Python/3.12.9 (Windows-10-10.0.19045-SP0)
    method: GET
    uri: https://management.azure.com/subscriptions/00000000-0000-0000-0000-000000000000/resourcegroups/cli_test_vmss_update_000001?api-version=2022-09-01
  response:
    body:
      string: '{"id":"/subscriptions/00000000-0000-0000-0000-000000000000/resourceGroups/cli_test_vmss_update_000001","name":"cli_test_vmss_update_000001","type":"Microsoft.Resources/resourceGroups","location":"westus","tags":{"product":"azurecli","cause":"automation","test":"test_vmss_update","date":"2025-02-20T17:15:03Z","module":"vm","DateCreated":"2025-02-20T17:15:07Z","Creator":"zhiyihuang@microsoft.com"},"properties":{"provisioningState":"Succeeded"}}'
    headers:
      cache-control:
      - no-cache
      content-length:
      - '446'
      content-type:
      - application/json; charset=utf-8
      date:
      - Thu, 20 Feb 2025 17:15:07 GMT
      expires:
      - '-1'
      pragma:
      - no-cache
      strict-transport-security:
      - max-age=31536000; includeSubDomains
      x-content-type-options:
      - nosniff
      x-ms-ratelimit-remaining-subscription-global-reads:
      - '3749'
    status:
      code: 200
      message: OK
- request:
    body: null
    headers:
      Accept:
      - '*/*'
      Accept-Encoding:
      - gzip, deflate
      Connection:
      - keep-alive
      User-Agent:
      - python-requests/2.32.3
    method: GET
    uri: https://raw.githubusercontent.com/Azure/azure-rest-api-specs/main/arm-compute/quickstart-templates/aliases.json
  response:
    body:
      string: "{\n  \"$schema\": \"http://schema.management.azure.com/schemas/2015-01-01/deploymentTemplate.json\",\n
        \ \"contentVersion\": \"1.0.0.0\",\n  \"parameters\": {},\n  \"variables\":
        {},\n  \"resources\": [],\n  \"outputs\": {\n    \"aliases\": {\n      \"type\":
        \"object\",\n      \"value\": {\n        \"Linux\": {\n          \"CentOS85Gen2\":
        {\n            \"publisher\": \"OpenLogic\",\n            \"offer\": \"CentOS\",\n
        \           \"sku\": \"8_5-gen2\",\n            \"version\": \"latest\",\n
        \           \"architecture\": \"x64\"\n          },\n          \"Debian11\":
        {\n            \"publisher\": \"Debian\",\n            \"offer\": \"debian-11\",\n
        \           \"sku\": \"11-backports-gen2\",\n            \"version\": \"latest\",\n
        \           \"architecture\": \"x64\"\n          },\n          \"OpenSuseLeap154Gen2\":
        {\n            \"publisher\": \"SUSE\",\n            \"offer\": \"openSUSE-leap-15-4\",\n
        \           \"sku\": \"gen2\",\n            \"version\": \"latest\",\n            \"architecture\":
        \"x64\"\n          },\n          \"RHELRaw8LVMGen2\": {\n            \"publisher\":
        \"RedHat\",\n            \"offer\": \"RHEL\",\n            \"sku\": \"8-lvm-gen2\",\n
        \           \"version\": \"latest\",\n            \"architecture\": \"x64\"\n
        \         },\n          \"SuseSles15SP5\": {\n            \"publisher\": \"SUSE\",\n
        \           \"offer\": \"sles-15-sp5\",\n            \"sku\": \"gen2\",\n
        \           \"version\": \"latest\",\n            \"architecture\": \"x64\"\n
        \         },\n          \"Ubuntu2204\": {\n            \"publisher\": \"Canonical\",\n
        \           \"offer\": \"0001-com-ubuntu-server-jammy\",\n            \"sku\":
        \"22_04-lts-gen2\",\n            \"version\": \"latest\",\n            \"architecture\":
        \"x64\"\n          },\n          \"Ubuntu2404\": {\n            \"publisher\":
        \"Canonical\",\n            \"offer\": \"ubuntu-24_04-lts\",\n            \"sku\":
        \"server\",\n            \"version\": \"latest\",\n            \"architecture\":
        \"x64\"\n          },\n          \"Ubuntu2404Pro\": {\n            \"publisher\":
        \"Canonical\",\n            \"offer\": \"ubuntu-24_04-lts\",\n            \"sku\":
        \"ubuntu-pro\",\n            \"version\": \"latest\",\n            \"architecture\":
        \"x64\"\n          },\n          \"FlatcarLinuxFreeGen2\": {\n            \"publisher\":
        \"kinvolk\",\n            \"offer\": \"flatcar-container-linux-free\",\n            \"sku\":
        \"stable-gen2\",\n            \"version\": \"latest\",\n            \"architecture\":
        \"x64\"\n          }\n        },\n        \"Windows\": {\n          \"Win2022Datacenter\":
        {\n            \"publisher\": \"MicrosoftWindowsServer\",\n            \"offer\":
        \"WindowsServer\",\n            \"sku\": \"2022-datacenter-g2\",\n            \"version\":
        \"latest\",\n            \"architecture\": \"x64\"\n          },\n          \"Win2022AzureEditionCore\":
        {\n            \"publisher\": \"MicrosoftWindowsServer\",\n            \"offer\":
        \"WindowsServer\",\n            \"sku\": \"2022-datacenter-azure-edition-core\",\n
        \           \"version\": \"latest\",\n            \"architecture\": \"x64\"\n
        \         },\n          \"Win2019Datacenter\": {\n            \"publisher\":
        \"MicrosoftWindowsServer\",\n            \"offer\": \"WindowsServer\",\n            \"sku\":
        \"2019-datacenter-gensecond\",\n            \"version\": \"latest\",\n            \"architecture\":
        \"x64\"\n          },\n          \"Win2016Datacenter\": {\n            \"publisher\":
        \"MicrosoftWindowsServer\",\n            \"offer\": \"WindowsServer\",\n            \"sku\":
        \"2016-datacenter-gensecond\",\n            \"version\": \"latest\",\n            \"architecture\":
        \"x64\"\n          },\n          \"Win2012R2Datacenter\": {\n            \"publisher\":
        \"MicrosoftWindowsServer\",\n            \"offer\": \"WindowsServer\",\n            \"sku\":
        \"2012-R2-Datacenter\",\n            \"version\": \"latest\",\n            \"architecture\":
        \"x64\"\n          },\n          \"Win2012Datacenter\": {\n            \"publisher\":
        \"MicrosoftWindowsServer\",\n            \"offer\": \"WindowsServer\",\n            \"sku\":
        \"2012-Datacenter\",\n            \"version\": \"latest\",\n            \"architecture\":
        \"x64\"\n          }\n        }\n      }\n    }\n  }\n}\n"
    headers:
      accept-ranges:
      - bytes
      access-control-allow-origin:
      - '*'
      cache-control:
      - max-age=300
      connection:
      - keep-alive
      content-length:
      - '3790'
      content-security-policy:
      - default-src 'none'; style-src 'unsafe-inline'; sandbox
      content-type:
      - text/plain; charset=utf-8
      cross-origin-resource-policy:
      - cross-origin
      date:
      - Thu, 20 Feb 2025 17:15:09 GMT
      etag:
      - W/"0f53b56eda413b90fc6365dd4848831171968adfbf5b440c8da07b5866a97d67"
      expires:
      - Thu, 20 Feb 2025 17:20:09 GMT
      source-age:
      - '46'
      strict-transport-security:
      - max-age=31536000
      vary:
      - Authorization,Accept-Encoding,Origin
      via:
      - 1.1 varnish
      x-cache:
      - HIT
      x-cache-hits:
      - '1'
      x-content-type-options:
      - nosniff
      x-fastly-request-id:
      - 903ec07aa7d0886b24b0de5ab9e636070e6c2b72
      x-frame-options:
      - deny
      x-github-request-id:
      - 8E33:19F9F0:425ED:652F8:67B642D2
      x-served-by:
      - cache-sin-wsss1830040-SIN
      x-timer:
      - S1740071709.075414,VS0,VE2
      x-xss-protection:
      - 1; mode=block
    status:
      code: 200
      message: OK
- request:
    body: null
    headers:
      Accept:
      - application/json
      Accept-Encoding:
      - gzip, deflate
      CommandName:
      - vmss create
      Connection:
      - keep-alive
      ParameterSetName:
      - -g -n --image --admin-username --admin-password --license-type --instance-count
        --orchestration-mode --lb-sku
      User-Agent:
      - AZURECLI/2.69.0 azsdk-python-core/1.31.0 Python/3.12.9 (Windows-10-10.0.19045-SP0)
    method: GET
    uri: https://management.azure.com/subscriptions/00000000-0000-0000-0000-000000000000/providers/Microsoft.Compute/locations/westus/publishers/MicrosoftWindowsServer/artifacttypes/vmimage/offers/WindowsServer/skus/2022-datacenter-g2/versions?$top=1&$orderby=name%20desc&api-version=2024-07-01
  response:
    body:
      string: "[\r\n  {\r\n    \"location\": \"westus\",\r\n    \"name\": \"20348.3207.250210\",\r\n
        \   \"id\": \"/Subscriptions/00000000-0000-0000-0000-000000000000/Providers/Microsoft.Compute/Locations/westus/Publishers/MicrosoftWindowsServer/ArtifactTypes/VMImage/Offers/WindowsServer/Skus/2022-datacenter-g2/Versions/20348.3207.250210\"\r\n
        \ }\r\n]"
    headers:
      cache-control:
      - no-cache
      content-length:
      - '313'
      content-type:
      - application/json; charset=utf-8
      date:
      - Thu, 20 Feb 2025 17:15:10 GMT
      expires:
      - '-1'
      pragma:
      - no-cache
      server:
      - Microsoft-HTTPAPI/2.0
      - Microsoft-HTTPAPI/2.0
      strict-transport-security:
      - max-age=31536000; includeSubDomains
      x-content-type-options:
      - nosniff
      x-ms-operation-identifier:
      - tenantId=54826b22-38d6-4fb2-bad9-b7b93a3e9c5a,objectId=a7250e3a-0e5e-48e2-9a34-45f1f5e1a91e/eastus2euap/f867a2d8-8358-481d-a127-9ae2fbc6950a
      x-ms-ratelimit-remaining-resource:
      - Microsoft.Compute/ListVMImagesVersionsFromLocation3Min;15999,Microsoft.Compute/ListVMImagesVersionsFromLocation30Min;43995
      x-ms-ratelimit-remaining-subscription-global-reads:
      - '3749'
    status:
      code: 200
      message: OK
- request:
    body: null
    headers:
      Accept:
      - application/json
      Accept-Encoding:
      - gzip, deflate
      CommandName:
      - vmss create
      Connection:
      - keep-alive
      ParameterSetName:
      - -g -n --image --admin-username --admin-password --license-type --instance-count
        --orchestration-mode --lb-sku
      User-Agent:
      - AZURECLI/2.69.0 azsdk-python-core/1.31.0 Python/3.12.9 (Windows-10-10.0.19045-SP0)
    method: GET
    uri: https://management.azure.com/subscriptions/00000000-0000-0000-0000-000000000000/providers/Microsoft.Compute/locations/westus/publishers/MicrosoftWindowsServer/artifacttypes/vmimage/offers/WindowsServer/skus/2022-datacenter-g2/versions/20348.3207.250210?api-version=2024-07-01
  response:
    body:
      string: "{\r\n  \"properties\": {\r\n    \"hyperVGeneration\": \"V2\",\r\n    \"architecture\":
        \"x64\",\r\n    \"replicaType\": \"Managed\",\r\n    \"replicaCount\": 10,\r\n
        \   \"disallowed\": {\r\n      \"vmDiskType\": \"Unmanaged\"\r\n    },\r\n
        \   \"automaticOSUpgradeProperties\": {\r\n      \"automaticOSUpgradeSupported\":
        false\r\n    },\r\n    \"imageDeprecationStatus\": {\r\n      \"imageState\":
        \"Active\"\r\n    },\r\n    \"features\": [\r\n      {\r\n        \"name\":
        \"SecurityType\",\r\n        \"value\": \"TrustedLaunchAndConfidentialVmSupported\"\r\n
        \     },\r\n      {\r\n        \"name\": \"IsAcceleratedNetworkSupported\",\r\n
        \       \"value\": \"True\"\r\n      },\r\n      {\r\n        \"name\": \"DiskControllerTypes\",\r\n
        \       \"value\": \"SCSI, NVMe\"\r\n      },\r\n      {\r\n        \"name\":
        \"IsHibernateSupported\",\r\n        \"value\": \"True\"\r\n      }\r\n    ],\r\n
        \   \"osDiskImage\": {\r\n      \"operatingSystem\": \"Windows\",\r\n      \"sizeInGb\":
        127\r\n    },\r\n    \"dataDiskImages\": [],\r\n    \"goLiveDate\": \"2025-02-13T00:00:00+00:00\"\r\n
        \ },\r\n  \"location\": \"westus\",\r\n  \"name\": \"20348.3207.250210\",\r\n
        \ \"id\": \"/Subscriptions/00000000-0000-0000-0000-000000000000/Providers/Microsoft.Compute/Locations/westus/Publishers/MicrosoftWindowsServer/ArtifactTypes/VMImage/Offers/WindowsServer/Skus/2022-datacenter-g2/Versions/20348.3207.250210\"\r\n}"
    headers:
      cache-control:
      - no-cache
      content-length:
      - '1232'
      content-type:
      - application/json; charset=utf-8
      date:
      - Thu, 20 Feb 2025 17:15:12 GMT
      expires:
      - '-1'
      pragma:
      - no-cache
      server:
      - Microsoft-HTTPAPI/2.0
      - Microsoft-HTTPAPI/2.0
      strict-transport-security:
      - max-age=31536000; includeSubDomains
      x-content-type-options:
      - nosniff
      x-ms-operation-identifier:
      - tenantId=54826b22-38d6-4fb2-bad9-b7b93a3e9c5a,objectId=a7250e3a-0e5e-48e2-9a34-45f1f5e1a91e/eastus2euap/c8ec0efe-569e-45fc-98eb-0eeca78c613b
      x-ms-ratelimit-remaining-resource:
      - Microsoft.Compute/GetVMImageFromLocation3Min;12999,Microsoft.Compute/GetVMImageFromLocation30Min;73995
      x-ms-ratelimit-remaining-subscription-global-reads:
      - '3748'
    status:
      code: 200
      message: OK
- request:
    body: null
    headers:
      Accept:
      - application/json
      Accept-Encoding:
      - gzip, deflate
      CommandName:
      - vmss create
      Connection:
      - keep-alive
      ParameterSetName:
      - -g -n --image --admin-username --admin-password --license-type --instance-count
        --orchestration-mode --lb-sku
      User-Agent:
      - AZURECLI/2.69.0 azsdk-python-core/1.31.0 Python/3.12.9 (Windows-10-10.0.19045-SP0)
    method: GET
    uri: https://management.azure.com/subscriptions/00000000-0000-0000-0000-000000000000/resourceGroups/cli_test_vmss_update_000001/providers/Microsoft.Network/virtualNetworks?api-version=2022-01-01
  response:
    body:
      string: '{"value":[]}'
    headers:
      cache-control:
      - no-cache
      content-length:
      - '12'
      content-type:
      - application/json; charset=utf-8
      date:
      - Thu, 20 Feb 2025 17:15:13 GMT
      expires:
      - '-1'
      pragma:
      - no-cache
      strict-transport-security:
      - max-age=31536000; includeSubDomains
      x-content-type-options:
      - nosniff
      x-ms-ratelimit-remaining-subscription-global-reads:
      - '3749'
    status:
      code: 200
      message: OK
- request:
    body: null
    headers:
      Accept:
      - '*/*'
      Accept-Encoding:
      - gzip, deflate
      Connection:
      - keep-alive
      User-Agent:
      - python-requests/2.32.3
    method: GET
    uri: https://raw.githubusercontent.com/Azure/azure-rest-api-specs/main/arm-compute/quickstart-templates/aliases.json
  response:
    body:
      string: "{\n  \"$schema\": \"http://schema.management.azure.com/schemas/2015-01-01/deploymentTemplate.json\",\n
        \ \"contentVersion\": \"1.0.0.0\",\n  \"parameters\": {},\n  \"variables\":
        {},\n  \"resources\": [],\n  \"outputs\": {\n    \"aliases\": {\n      \"type\":
        \"object\",\n      \"value\": {\n        \"Linux\": {\n          \"CentOS85Gen2\":
        {\n            \"publisher\": \"OpenLogic\",\n            \"offer\": \"CentOS\",\n
        \           \"sku\": \"8_5-gen2\",\n            \"version\": \"latest\",\n
        \           \"architecture\": \"x64\"\n          },\n          \"Debian11\":
        {\n            \"publisher\": \"Debian\",\n            \"offer\": \"debian-11\",\n
        \           \"sku\": \"11-backports-gen2\",\n            \"version\": \"latest\",\n
        \           \"architecture\": \"x64\"\n          },\n          \"OpenSuseLeap154Gen2\":
        {\n            \"publisher\": \"SUSE\",\n            \"offer\": \"openSUSE-leap-15-4\",\n
        \           \"sku\": \"gen2\",\n            \"version\": \"latest\",\n            \"architecture\":
        \"x64\"\n          },\n          \"RHELRaw8LVMGen2\": {\n            \"publisher\":
        \"RedHat\",\n            \"offer\": \"RHEL\",\n            \"sku\": \"8-lvm-gen2\",\n
        \           \"version\": \"latest\",\n            \"architecture\": \"x64\"\n
        \         },\n          \"SuseSles15SP5\": {\n            \"publisher\": \"SUSE\",\n
        \           \"offer\": \"sles-15-sp5\",\n            \"sku\": \"gen2\",\n
        \           \"version\": \"latest\",\n            \"architecture\": \"x64\"\n
        \         },\n          \"Ubuntu2204\": {\n            \"publisher\": \"Canonical\",\n
        \           \"offer\": \"0001-com-ubuntu-server-jammy\",\n            \"sku\":
        \"22_04-lts-gen2\",\n            \"version\": \"latest\",\n            \"architecture\":
        \"x64\"\n          },\n          \"Ubuntu2404\": {\n            \"publisher\":
        \"Canonical\",\n            \"offer\": \"ubuntu-24_04-lts\",\n            \"sku\":
        \"server\",\n            \"version\": \"latest\",\n            \"architecture\":
        \"x64\"\n          },\n          \"Ubuntu2404Pro\": {\n            \"publisher\":
        \"Canonical\",\n            \"offer\": \"ubuntu-24_04-lts\",\n            \"sku\":
        \"ubuntu-pro\",\n            \"version\": \"latest\",\n            \"architecture\":
        \"x64\"\n          },\n          \"FlatcarLinuxFreeGen2\": {\n            \"publisher\":
        \"kinvolk\",\n            \"offer\": \"flatcar-container-linux-free\",\n            \"sku\":
        \"stable-gen2\",\n            \"version\": \"latest\",\n            \"architecture\":
        \"x64\"\n          }\n        },\n        \"Windows\": {\n          \"Win2022Datacenter\":
        {\n            \"publisher\": \"MicrosoftWindowsServer\",\n            \"offer\":
        \"WindowsServer\",\n            \"sku\": \"2022-datacenter-g2\",\n            \"version\":
        \"latest\",\n            \"architecture\": \"x64\"\n          },\n          \"Win2022AzureEditionCore\":
        {\n            \"publisher\": \"MicrosoftWindowsServer\",\n            \"offer\":
        \"WindowsServer\",\n            \"sku\": \"2022-datacenter-azure-edition-core\",\n
        \           \"version\": \"latest\",\n            \"architecture\": \"x64\"\n
        \         },\n          \"Win2019Datacenter\": {\n            \"publisher\":
        \"MicrosoftWindowsServer\",\n            \"offer\": \"WindowsServer\",\n            \"sku\":
        \"2019-datacenter-gensecond\",\n            \"version\": \"latest\",\n            \"architecture\":
        \"x64\"\n          },\n          \"Win2016Datacenter\": {\n            \"publisher\":
        \"MicrosoftWindowsServer\",\n            \"offer\": \"WindowsServer\",\n            \"sku\":
        \"2016-datacenter-gensecond\",\n            \"version\": \"latest\",\n            \"architecture\":
        \"x64\"\n          },\n          \"Win2012R2Datacenter\": {\n            \"publisher\":
        \"MicrosoftWindowsServer\",\n            \"offer\": \"WindowsServer\",\n            \"sku\":
        \"2012-R2-Datacenter\",\n            \"version\": \"latest\",\n            \"architecture\":
        \"x64\"\n          },\n          \"Win2012Datacenter\": {\n            \"publisher\":
        \"MicrosoftWindowsServer\",\n            \"offer\": \"WindowsServer\",\n            \"sku\":
        \"2012-Datacenter\",\n            \"version\": \"latest\",\n            \"architecture\":
        \"x64\"\n          }\n        }\n      }\n    }\n  }\n}\n"
    headers:
      accept-ranges:
      - bytes
      access-control-allow-origin:
      - '*'
      cache-control:
      - max-age=300
      connection:
      - keep-alive
      content-length:
      - '3790'
      content-security-policy:
      - default-src 'none'; style-src 'unsafe-inline'; sandbox
      content-type:
      - text/plain; charset=utf-8
      cross-origin-resource-policy:
      - cross-origin
      date:
      - Thu, 20 Feb 2025 17:15:15 GMT
      etag:
      - W/"0f53b56eda413b90fc6365dd4848831171968adfbf5b440c8da07b5866a97d67"
      expires:
      - Thu, 20 Feb 2025 17:20:15 GMT
      source-age:
      - '52'
      strict-transport-security:
      - max-age=31536000
      vary:
      - Authorization,Accept-Encoding,Origin
      via:
      - 1.1 varnish
      x-cache:
      - HIT
      x-cache-hits:
      - '1'
      x-content-type-options:
      - nosniff
      x-fastly-request-id:
      - e2c51f09c070d834aeb5885369b23fc24afa7490
      x-frame-options:
      - deny
      x-github-request-id:
      - 8E33:19F9F0:425ED:652F8:67B642D2
      x-served-by:
      - cache-sin-wsss1830031-SIN
      x-timer:
      - S1740071715.021156,VS0,VE1
      x-xss-protection:
      - 1; mode=block
    status:
      code: 200
      message: OK
- request:
    body: null
    headers:
      Accept:
      - application/json
      Accept-Encoding:
      - gzip, deflate
      CommandName:
      - vmss create
      Connection:
      - keep-alive
      ParameterSetName:
      - -g -n --image --admin-username --admin-password --license-type --instance-count
        --orchestration-mode --lb-sku
      User-Agent:
      - AZURECLI/2.69.0 azsdk-python-core/1.31.0 Python/3.12.9 (Windows-10-10.0.19045-SP0)
    method: GET
    uri: https://management.azure.com/subscriptions/00000000-0000-0000-0000-000000000000/providers/Microsoft.Compute/locations/westus/publishers/MicrosoftWindowsServer/artifacttypes/vmimage/offers/WindowsServer/skus/2022-datacenter-g2/versions?$top=1&$orderby=name%20desc&api-version=2024-07-01
  response:
    body:
      string: "[\r\n  {\r\n    \"location\": \"westus\",\r\n    \"name\": \"20348.3207.250210\",\r\n
        \   \"id\": \"/Subscriptions/00000000-0000-0000-0000-000000000000/Providers/Microsoft.Compute/Locations/westus/Publishers/MicrosoftWindowsServer/ArtifactTypes/VMImage/Offers/WindowsServer/Skus/2022-datacenter-g2/Versions/20348.3207.250210\"\r\n
        \ }\r\n]"
    headers:
      cache-control:
      - no-cache
      content-length:
      - '313'
      content-type:
      - application/json; charset=utf-8
      date:
      - Thu, 20 Feb 2025 17:15:16 GMT
      expires:
      - '-1'
      pragma:
      - no-cache
      server:
      - Microsoft-HTTPAPI/2.0
      - Microsoft-HTTPAPI/2.0
      strict-transport-security:
      - max-age=31536000; includeSubDomains
      x-content-type-options:
      - nosniff
      x-ms-operation-identifier:
      - tenantId=54826b22-38d6-4fb2-bad9-b7b93a3e9c5a,objectId=a7250e3a-0e5e-48e2-9a34-45f1f5e1a91e/eastus2euap/43e32576-c4bb-4c1b-a818-82b4289f3f99
      x-ms-ratelimit-remaining-resource:
      - Microsoft.Compute/ListVMImagesVersionsFromLocation3Min;15998,Microsoft.Compute/ListVMImagesVersionsFromLocation30Min;43994
      x-ms-ratelimit-remaining-subscription-global-reads:
      - '3747'
    status:
      code: 200
      message: OK
- request:
    body: null
    headers:
      Accept:
      - application/json
      Accept-Encoding:
      - gzip, deflate
      CommandName:
      - vmss create
      Connection:
      - keep-alive
      ParameterSetName:
      - -g -n --image --admin-username --admin-password --license-type --instance-count
        --orchestration-mode --lb-sku
      User-Agent:
      - AZURECLI/2.69.0 azsdk-python-core/1.31.0 Python/3.12.9 (Windows-10-10.0.19045-SP0)
    method: GET
    uri: https://management.azure.com/subscriptions/00000000-0000-0000-0000-000000000000/providers/Microsoft.Compute/locations/westus/publishers/MicrosoftWindowsServer/artifacttypes/vmimage/offers/WindowsServer/skus/2022-datacenter-g2/versions/20348.3207.250210?api-version=2024-07-01
  response:
    body:
      string: "{\r\n  \"properties\": {\r\n    \"hyperVGeneration\": \"V2\",\r\n    \"architecture\":
        \"x64\",\r\n    \"replicaType\": \"Managed\",\r\n    \"replicaCount\": 10,\r\n
        \   \"disallowed\": {\r\n      \"vmDiskType\": \"Unmanaged\"\r\n    },\r\n
        \   \"automaticOSUpgradeProperties\": {\r\n      \"automaticOSUpgradeSupported\":
        false\r\n    },\r\n    \"imageDeprecationStatus\": {\r\n      \"imageState\":
        \"Active\"\r\n    },\r\n    \"features\": [\r\n      {\r\n        \"name\":
        \"SecurityType\",\r\n        \"value\": \"TrustedLaunchAndConfidentialVmSupported\"\r\n
        \     },\r\n      {\r\n        \"name\": \"IsAcceleratedNetworkSupported\",\r\n
        \       \"value\": \"True\"\r\n      },\r\n      {\r\n        \"name\": \"DiskControllerTypes\",\r\n
        \       \"value\": \"SCSI, NVMe\"\r\n      },\r\n      {\r\n        \"name\":
        \"IsHibernateSupported\",\r\n        \"value\": \"True\"\r\n      }\r\n    ],\r\n
        \   \"osDiskImage\": {\r\n      \"operatingSystem\": \"Windows\",\r\n      \"sizeInGb\":
        127\r\n    },\r\n    \"dataDiskImages\": [],\r\n    \"goLiveDate\": \"2025-02-13T00:00:00+00:00\"\r\n
        \ },\r\n  \"location\": \"westus\",\r\n  \"name\": \"20348.3207.250210\",\r\n
        \ \"id\": \"/Subscriptions/00000000-0000-0000-0000-000000000000/Providers/Microsoft.Compute/Locations/westus/Publishers/MicrosoftWindowsServer/ArtifactTypes/VMImage/Offers/WindowsServer/Skus/2022-datacenter-g2/Versions/20348.3207.250210\"\r\n}"
    headers:
      cache-control:
      - no-cache
      content-length:
      - '1232'
      content-type:
      - application/json; charset=utf-8
      date:
      - Thu, 20 Feb 2025 17:15:18 GMT
      expires:
      - '-1'
      pragma:
      - no-cache
      server:
      - Microsoft-HTTPAPI/2.0
      - Microsoft-HTTPAPI/2.0
      strict-transport-security:
      - max-age=31536000; includeSubDomains
      x-content-type-options:
      - nosniff
      x-ms-operation-identifier:
      - tenantId=54826b22-38d6-4fb2-bad9-b7b93a3e9c5a,objectId=a7250e3a-0e5e-48e2-9a34-45f1f5e1a91e/eastus2euap/c697c999-8132-4203-887b-87ee8ea6eeef
      x-ms-ratelimit-remaining-resource:
      - Microsoft.Compute/GetVMImageFromLocation3Min;12998,Microsoft.Compute/GetVMImageFromLocation30Min;73994
      x-ms-ratelimit-remaining-subscription-global-reads:
      - '3748'
    status:
      code: 200
      message: OK
- request:
    body: null
    headers:
      Accept:
      - application/json
      Accept-Encoding:
      - gzip, deflate
      CommandName:
      - vmss create
      Connection:
      - keep-alive
      ParameterSetName:
      - -g -n --image --admin-username --admin-password --license-type --instance-count
        --orchestration-mode --lb-sku
      User-Agent:
      - AZURECLI/2.69.0 azsdk-python-core/1.31.0 Python/3.12.9 (Windows-10-10.0.19045-SP0)
    method: GET
    uri: https://management.azure.com/subscriptions/00000000-0000-0000-0000-000000000000/providers/Microsoft.Compute/locations/westus/publishers/MicrosoftWindowsServer/artifacttypes/vmimage/offers/WindowsServer/skus/2022-datacenter-g2/versions?$top=1&$orderby=name%20desc&api-version=2024-07-01
  response:
    body:
      string: "[\r\n  {\r\n    \"location\": \"westus\",\r\n    \"name\": \"20348.3207.250210\",\r\n
        \   \"id\": \"/Subscriptions/00000000-0000-0000-0000-000000000000/Providers/Microsoft.Compute/Locations/westus/Publishers/MicrosoftWindowsServer/ArtifactTypes/VMImage/Offers/WindowsServer/Skus/2022-datacenter-g2/Versions/20348.3207.250210\"\r\n
        \ }\r\n]"
    headers:
      cache-control:
      - no-cache
      content-length:
      - '313'
      content-type:
      - application/json; charset=utf-8
      date:
      - Thu, 20 Feb 2025 17:15:19 GMT
      expires:
      - '-1'
      pragma:
      - no-cache
      server:
      - Microsoft-HTTPAPI/2.0
      - Microsoft-HTTPAPI/2.0
      strict-transport-security:
      - max-age=31536000; includeSubDomains
      x-content-type-options:
      - nosniff
      x-ms-operation-identifier:
      - tenantId=54826b22-38d6-4fb2-bad9-b7b93a3e9c5a,objectId=a7250e3a-0e5e-48e2-9a34-45f1f5e1a91e/eastus2euap/c9349b4b-8dcf-4a4b-aed3-88c67cf34fa0
      x-ms-ratelimit-remaining-resource:
      - Microsoft.Compute/ListVMImagesVersionsFromLocation3Min;15997,Microsoft.Compute/ListVMImagesVersionsFromLocation30Min;43993
      x-ms-ratelimit-remaining-subscription-global-reads:
      - '3748'
    status:
      code: 200
      message: OK
- request:
    body: null
    headers:
      Accept:
      - application/json
      Accept-Encoding:
      - gzip, deflate
      CommandName:
      - vmss create
      Connection:
      - keep-alive
      ParameterSetName:
      - -g -n --image --admin-username --admin-password --license-type --instance-count
        --orchestration-mode --lb-sku
      User-Agent:
      - AZURECLI/2.69.0 azsdk-python-core/1.31.0 Python/3.12.9 (Windows-10-10.0.19045-SP0)
    method: GET
    uri: https://management.azure.com/subscriptions/00000000-0000-0000-0000-000000000000/providers/Microsoft.Compute/locations/westus/publishers/MicrosoftWindowsServer/artifacttypes/vmimage/offers/WindowsServer/skus/2022-datacenter-g2/versions/20348.3207.250210?api-version=2024-07-01
  response:
    body:
      string: "{\r\n  \"properties\": {\r\n    \"hyperVGeneration\": \"V2\",\r\n    \"architecture\":
        \"x64\",\r\n    \"replicaType\": \"Managed\",\r\n    \"replicaCount\": 10,\r\n
        \   \"disallowed\": {\r\n      \"vmDiskType\": \"Unmanaged\"\r\n    },\r\n
        \   \"automaticOSUpgradeProperties\": {\r\n      \"automaticOSUpgradeSupported\":
        false\r\n    },\r\n    \"imageDeprecationStatus\": {\r\n      \"imageState\":
        \"Active\"\r\n    },\r\n    \"features\": [\r\n      {\r\n        \"name\":
        \"SecurityType\",\r\n        \"value\": \"TrustedLaunchAndConfidentialVmSupported\"\r\n
        \     },\r\n      {\r\n        \"name\": \"IsAcceleratedNetworkSupported\",\r\n
        \       \"value\": \"True\"\r\n      },\r\n      {\r\n        \"name\": \"DiskControllerTypes\",\r\n
        \       \"value\": \"SCSI, NVMe\"\r\n      },\r\n      {\r\n        \"name\":
        \"IsHibernateSupported\",\r\n        \"value\": \"True\"\r\n      }\r\n    ],\r\n
        \   \"osDiskImage\": {\r\n      \"operatingSystem\": \"Windows\",\r\n      \"sizeInGb\":
        127\r\n    },\r\n    \"dataDiskImages\": [],\r\n    \"goLiveDate\": \"2025-02-13T00:00:00+00:00\"\r\n
        \ },\r\n  \"location\": \"westus\",\r\n  \"name\": \"20348.3207.250210\",\r\n
        \ \"id\": \"/Subscriptions/00000000-0000-0000-0000-000000000000/Providers/Microsoft.Compute/Locations/westus/Publishers/MicrosoftWindowsServer/ArtifactTypes/VMImage/Offers/WindowsServer/Skus/2022-datacenter-g2/Versions/20348.3207.250210\"\r\n}"
    headers:
      cache-control:
      - no-cache
      content-length:
      - '1232'
      content-type:
      - application/json; charset=utf-8
      date:
      - Thu, 20 Feb 2025 17:15:21 GMT
      expires:
      - '-1'
      pragma:
      - no-cache
      server:
      - Microsoft-HTTPAPI/2.0
      - Microsoft-HTTPAPI/2.0
      strict-transport-security:
      - max-age=31536000; includeSubDomains
      x-content-type-options:
      - nosniff
      x-ms-operation-identifier:
      - tenantId=54826b22-38d6-4fb2-bad9-b7b93a3e9c5a,objectId=a7250e3a-0e5e-48e2-9a34-45f1f5e1a91e/eastus2euap/f308ba80-cfde-4398-a0c9-d8dac8013481
      x-ms-ratelimit-remaining-resource:
      - Microsoft.Compute/GetVMImageFromLocation3Min;12997,Microsoft.Compute/GetVMImageFromLocation30Min;73993
      x-ms-ratelimit-remaining-subscription-global-reads:
      - '3747'
    status:
      code: 200
      message: OK
- request:
    body: '{"properties": {"template": {"$schema": "https://schema.management.azure.com/schemas/2015-01-01/deploymentTemplate.json#",
      "contentVersion": "1.0.0.0", "parameters": {"adminPassword": {"type": "securestring",
      "metadata": {"description": "Secure adminPassword"}}}, "variables": {}, "resources":
      [{"name": "winvmssVNET", "type": "Microsoft.Network/virtualNetworks", "location":
      "westus", "apiVersion": "2015-06-15", "dependsOn": [], "tags": {}, "properties":
      {"addressSpace": {"addressPrefixes": ["10.0.0.0/16"]}, "subnets": [{"name":
      "winvmssSubnet", "properties": {"addressPrefix": "10.0.0.0/24"}}]}}, {"apiVersion":
      "2022-01-01", "type": "Microsoft.Network/publicIPAddresses", "name": "winvmssLBPublicIP",
      "location": "westus", "tags": {}, "dependsOn": [], "properties": {"publicIPAllocationMethod":
      "Static"}, "sku": {"name": "Standard"}}, {"type": "Microsoft.Network/loadBalancers",
      "name": "winvmssLB", "location": "westus", "tags": {}, "apiVersion": "2022-01-01",
      "dependsOn": ["Microsoft.Network/virtualNetworks/winvmssVNET", "Microsoft.Network/publicIpAddresses/winvmssLBPublicIP"],
      "properties": {"backendAddressPools": [{"name": "winvmssLBBEPool"}], "frontendIPConfigurations":
      [{"name": "loadBalancerFrontEnd", "properties": {"publicIPAddress": {"id": "/subscriptions/00000000-0000-0000-0000-000000000000/resourceGroups/cli_test_vmss_update_000001/providers/Microsoft.Network/publicIPAddresses/winvmssLBPublicIP"}}}],
      "loadBalancingRules": [{"name": "LBRule", "properties": {"frontendIPConfiguration":
      {"id": "[concat(resourceId(''Microsoft.Network/loadBalancers'', ''winvmssLB''),
      ''/frontendIPConfigurations/'', ''loadBalancerFrontEnd'')]"}, "backendAddressPool":
      {"id": "[concat(resourceId(''Microsoft.Network/loadBalancers'', ''winvmssLB''),
      ''/backendAddressPools/'', ''winvmssLBBEPool'')]"}, "protocol": "tcp", "frontendPort":
      80, "backendPort": 80, "enableFloatingIP": false, "idleTimeoutInMinutes": 5}}]},
      "sku": {"name": "Standard"}}, {"type": "Microsoft.Network/networkSecurityGroups",
      "name": "winvmssNSG", "apiVersion": "2015-06-15", "location": "westus", "tags":
      {}, "dependsOn": [], "properties": {"securityRules": [{"name": "default-allow-ssh",
      "properties": {"protocol": "Tcp", "sourcePortRange": "*", "destinationPortRange":
      "22", "sourceAddressPrefix": "*", "destinationAddressPrefix": "*", "access":
      "Allow", "priority": 1000, "direction": "Inbound"}}]}}, {"type": "Microsoft.Network/loadBalancers/inboundNatRules",
      "apiVersion": "2022-01-01", "name": "winvmssLB/NatRule", "location": "westus",
      "properties": {"frontendIPConfiguration": {"id": "[concat(resourceId(''Microsoft.Network/loadBalancers'',
      ''winvmssLB''), ''/frontendIPConfigurations/'', ''loadBalancerFrontEnd'')]"},
      "backendAddressPool": {"id": "[concat(resourceId(''Microsoft.Network/loadBalancers'',
      ''winvmssLB''), ''/backendAddressPools/'', ''winvmssLBBEPool'')]"}, "backendPort":
      3389, "frontendPortRangeStart": "50000", "frontendPortRangeEnd": "50119", "protocol":
      "tcp", "idleTimeoutInMinutes": 5}, "dependsOn": ["[concat(''Microsoft.Network/loadBalancers/'',
      ''winvmssLB'')]"]}, {"type": "Microsoft.Compute/virtualMachineScaleSets", "name":
      "winvmss", "location": "westus", "tags": {}, "apiVersion": "2024-07-01", "dependsOn":
      ["Microsoft.Network/virtualNetworks/winvmssVNET", "Microsoft.Network/loadBalancers/winvmssLB",
      "Microsoft.Network/networkSecurityGroups/winvmssNSG"], "properties": {"overprovision":
      true, "upgradePolicy": {"mode": "manual"}, "singlePlacementGroup": null, "virtualMachineProfile":
      {"storageProfile": {"osDisk": {"createOption": "FromImage", "caching": "ReadWrite",
      "managedDisk": {"storageAccountType": null}}, "imageReference": {"publisher":
      "MicrosoftWindowsServer", "offer": "WindowsServer", "sku": "2022-datacenter-g2",
      "version": "latest"}}, "osProfile": {"computerNamePrefix": "winvm5f70", "adminUsername":
      "clitest1234", "adminPassword": "[parameters(''adminPassword'')]"}, "licenseType":
      "Windows_Server", "securityProfile": {"securityType": "TrustedLaunch", "uefiSettings":
      {"secureBootEnabled": true, "vTpmEnabled": true}}, "networkProfile": {"networkInterfaceConfigurations":
      [{"name": "winvm5f70Nic", "properties": {"ipConfigurations": [{"name": "winvm5f70IPConfig",
      "properties": {"subnet": {"id": "/subscriptions/00000000-0000-0000-0000-000000000000/resourceGroups/cli_test_vmss_update_000001/providers/Microsoft.Network/virtualNetworks/winvmssVNET/subnets/winvmssSubnet"},
      "loadBalancerBackendAddressPools": [{"id": "/subscriptions/00000000-0000-0000-0000-000000000000/resourceGroups/cli_test_vmss_update_000001/providers/Microsoft.Network/loadBalancers/winvmssLB/backendAddressPools/winvmssLBBEPool"}]}}],
      "networkSecurityGroup": {"id": "[resourceId(''Microsoft.Network/networkSecurityGroups'',
      ''winvmssNSG'')]"}, "primary": "true"}}]}}, "orchestrationMode": "Uniform"},
      "sku": {"name": "Standard_DS1_v2", "capacity": 1}}], "outputs": {"VMSS": {"type":
      "object", "value": "[reference(resourceId(''Microsoft.Compute/virtualMachineScaleSets'',
      ''winvmss''),providers(''Microsoft.Compute'', ''virtualMachineScaleSets'').apiVersions[0])]"}}},
      "parameters": {"adminPassword": {"value": "Test123456789#"}}, "mode": "incremental"}}'
    headers:
      Accept:
      - application/json
      Accept-Encoding:
      - gzip, deflate
      CommandName:
      - vmss create
      Connection:
      - keep-alive
      Content-Length:
      - '5117'
      Content-Type:
      - application/json
      ParameterSetName:
      - -g -n --image --admin-username --admin-password --license-type --instance-count
        --orchestration-mode --lb-sku
      User-Agent:
      - AZURECLI/2.69.0 azsdk-python-core/1.31.0 Python/3.12.9 (Windows-10-10.0.19045-SP0)
    method: PUT
    uri: https://management.azure.com/subscriptions/00000000-0000-0000-0000-000000000000/resourcegroups/cli_test_vmss_update_000001/providers/Microsoft.Resources/deployments/mock-deployment?api-version=2022-09-01
  response:
    body:
      string: '{"error":{"code":"InvalidTemplateDeployment","message":"The template
        deployment failed because of policy violation. Please see details for more
        information.","details":[{"code":"RequestDisallowedByPolicy","target":"winvmssNSG","message":"Resource
        ''winvmssNSG'' was disallowed by policy. Policy identifiers: ''[{\"policyAssignment\":{\"name\":\"[AzCliTools][SFI-2.5.1]
        Disable all high risk inbound ports for Network Security Group\",\"id\":\"/subscriptions/00000000-0000-0000-0000-000000000000/providers/Microsoft.Authorization/policyAssignments/de132a2be8124ae2ad2819bd\"},\"policyDefinition\":{\"name\":\"[AzCliTools][SFI-2.5.1]
        Disable all high risk inbound ports for Network Security Group\",\"id\":\"/subscriptions/00000000-0000-0000-0000-000000000000/providers/Microsoft.Authorization/policyDefinitions/[AzCliTools][SFI-2.5.1]\",\"version\":\"1.0.0\"}}]''.","additionalInfo":[{"type":"PolicyViolation","info":{"evaluationDetails":{"evaluatedExpressions":[{"result":"True","expressionKind":"Field","expression":"type","path":"type","expressionValue":"Microsoft.Network/networkSecurityGroups","targetValue":"Microsoft.Network/networkSecurityGroups","operator":"Equals"},{"result":"True","expressionKind":"Count","expression":"Microsoft.Network/networkSecurityGroups/securityRules[*]","path":"properties.securityRules[*]","expressionValue":1,"targetValue":0,"operator":"Greater"}]},"policyDefinitionId":"/subscriptions/00000000-0000-0000-0000-000000000000/providers/Microsoft.Authorization/policyDefinitions/[AzCliTools][SFI-2.5.1]","policyDefinitionName":"[AzCliTools][SFI-2.5.1]","policyDefinitionDisplayName":"[AzCliTools][SFI-2.5.1]
        Disable all high risk inbound ports for Network Security Group","policyDefinitionVersion":"1.0.0","policyDefinitionEffect":"deny","policyAssignmentId":"/subscriptions/00000000-0000-0000-0000-000000000000/providers/Microsoft.Authorization/policyAssignments/de132a2be8124ae2ad2819bd","policyAssignmentName":"de132a2be8124ae2ad2819bd","policyAssignmentDisplayName":"[AzCliTools][SFI-2.5.1]
        Disable all high risk inbound ports for Network Security Group","policyAssignmentScope":"/subscriptions/00000000-0000-0000-0000-000000000000","policyAssignmentParameters":{},"policyExemptionIds":[],"policyEnrollmentIds":[]}}]}]}}'
    headers:
      cache-control:
      - no-cache
      content-length:
      - '2253'
      content-type:
      - application/json; charset=utf-8
      date:
      - Thu, 20 Feb 2025 17:15:26 GMT
      expires:
      - '-1'
      pragma:
      - no-cache
      strict-transport-security:
      - max-age=31536000; includeSubDomains
      x-content-type-options:
      - nosniff
      x-ms-failure-cause:
      - gateway
      x-ms-ratelimit-remaining-subscription-global-writes:
      - '2999'
      x-ms-ratelimit-remaining-subscription-writes:
      - '199'
    status:
      code: 400
      message: Bad Request
version: 1
