interactions:
- request:
    body: null
    headers:
      Accept:
      - application/json
      Accept-Encoding:
      - gzip, deflate
      CommandName:
      - disk create
      Connection:
      - keep-alive
      ParameterSetName:
      - --accelerated-network --size-gb -n -g
      User-Agent:
      - AZURECLI/2.37.0 azsdk-python-azure-mgmt-resource/21.1.0b1 Python/3.8.10 (Windows-10-10.0.22000-SP0)
    method: GET
    uri: https://management.azure.com/subscriptions/00000000-0000-0000-0000-000000000000/resourcegroups/cli_test_accelerated_network000001?api-version=2021-04-01
  response:
    body:
      string: '{"id":"/subscriptions/00000000-0000-0000-0000-000000000000/resourceGroups/cli_test_accelerated_network000001","name":"cli_test_accelerated_network000001","type":"Microsoft.Resources/resourceGroups","location":"westus","tags":{"product":"azurecli","cause":"automation","date":"2022-06-13T08:59:21Z"},"properties":{"provisioningState":"Succeeded"}}'
    headers:
      cache-control:
      - no-cache
      content-length:
      - '346'
      content-type:
      - application/json; charset=utf-8
      date:
      - Mon, 13 Jun 2022 08:59:22 GMT
      expires:
      - '-1'
      pragma:
      - no-cache
      strict-transport-security:
      - max-age=31536000; includeSubDomains
      vary:
      - Accept-Encoding
      x-content-type-options:
      - nosniff
    status:
      code: 200
      message: OK
- request:
    body: '{"location": "westus", "tags": {}, "sku": {"name": "Premium_LRS"}, "properties":
      {"hyperVGeneration": "V1", "supportedCapabilities": {"acceleratedNetwork": true},
      "creationData": {"createOption": "Empty"}, "diskSizeGB": 5}}'
    headers:
      Accept:
      - application/json
      Accept-Encoding:
      - gzip, deflate
      CommandName:
      - disk create
      Connection:
      - keep-alive
      Content-Length:
      - '223'
      Content-Type:
      - application/json
      ParameterSetName:
      - --accelerated-network --size-gb -n -g
      User-Agent:
      - AZURECLI/2.37.0 azsdk-python-azure-mgmt-compute/27.1.0 Python/3.8.10 (Windows-10-10.0.22000-SP0)
    method: PUT
    uri: https://management.azure.com/subscriptions/00000000-0000-0000-0000-000000000000/resourceGroups/cli_test_accelerated_network000001/providers/Microsoft.Compute/disks/disk1?api-version=2022-03-02
  response:
    body:
      string: "{\r\n  \"name\": \"disk1\",\r\n  \"location\": \"westus\",\r\n  \"tags\":
        {},\r\n  \"sku\": {\r\n    \"name\": \"Premium_LRS\"\r\n  },\r\n  \"properties\":
        {\r\n    \"hyperVGeneration\": \"V1\",\r\n    \"supportedCapabilities\": {\r\n
        \     \"acceleratedNetwork\": true\r\n    },\r\n    \"creationData\": {\r\n
        \     \"createOption\": \"Empty\"\r\n    },\r\n    \"diskSizeGB\": 5,\r\n
        \   \"provisioningState\": \"Updating\",\r\n    \"isArmResource\": true\r\n
        \ }\r\n}"
    headers:
      azure-asyncoperation:
      - https://management.azure.com/subscriptions/00000000-0000-0000-0000-000000000000/providers/Microsoft.Compute/locations/westus/DiskOperations/a58a21cb-241b-4cfd-9d22-9aea2b2ffc31?p=42128af7-4c72-4222-9761-fb0d8e6cebdc&api-version=2022-03-02
      cache-control:
      - no-cache
      content-length:
      - '387'
      content-type:
      - application/json; charset=utf-8
      date:
      - Mon, 13 Jun 2022 08:59:25 GMT
      expires:
      - '-1'
      location:
      - https://management.azure.com/subscriptions/00000000-0000-0000-0000-000000000000/providers/Microsoft.Compute/locations/westus/DiskOperations/a58a21cb-241b-4cfd-9d22-9aea2b2ffc31?p=42128af7-4c72-4222-9761-fb0d8e6cebdc&monitor=true&api-version=2022-03-02
      pragma:
      - no-cache
      server:
      - Microsoft-HTTPAPI/2.0
      - Microsoft-HTTPAPI/2.0
      strict-transport-security:
      - max-age=31536000; includeSubDomains
      x-content-type-options:
      - nosniff
      x-ms-ratelimit-remaining-resource:
      - Microsoft.Compute/CreateUpdateDisks3Min;992,Microsoft.Compute/CreateUpdateDisks30Min;7987
      x-ms-ratelimit-remaining-subscription-writes:
      - '1188'
    status:
      code: 202
      message: Accepted
- request:
    body: null
    headers:
      Accept:
      - '*/*'
      Accept-Encoding:
      - gzip, deflate
      CommandName:
      - disk create
      Connection:
      - keep-alive
      ParameterSetName:
      - --accelerated-network --size-gb -n -g
      User-Agent:
      - AZURECLI/2.37.0 azsdk-python-azure-mgmt-compute/27.1.0 Python/3.8.10 (Windows-10-10.0.22000-SP0)
    method: GET
    uri: https://management.azure.com/subscriptions/00000000-0000-0000-0000-000000000000/providers/Microsoft.Compute/locations/westus/DiskOperations/a58a21cb-241b-4cfd-9d22-9aea2b2ffc31?p=42128af7-4c72-4222-9761-fb0d8e6cebdc&api-version=2022-03-02
  response:
    body:
      string: "{\r\n  \"startTime\": \"2022-06-13T08:59:26.4144034+00:00\",\r\n  \"endTime\":
        \"2022-06-13T08:59:26.5393871+00:00\",\r\n  \"status\": \"Succeeded\",\r\n
        \ \"properties\": {\r\n    \"output\": {\r\n  \"name\": \"disk1\",\r\n  \"id\":
        \"/subscriptions/00000000-0000-0000-0000-000000000000/resourceGroups/cli_test_accelerated_network000001/providers/Microsoft.Compute/disks/disk1\",\r\n
        \ \"type\": \"Microsoft.Compute/disks\",\r\n  \"location\": \"westus\",\r\n
        \ \"tags\": {},\r\n  \"sku\": {\r\n    \"name\": \"Premium_LRS\",\r\n    \"tier\":
        \"Premium\"\r\n  },\r\n  \"properties\": {\r\n    \"hyperVGeneration\": \"V1\",\r\n
        \   \"supportedCapabilities\": {\r\n      \"acceleratedNetwork\": true\r\n
        \   },\r\n    \"creationData\": {\r\n      \"createOption\": \"Empty\"\r\n
        \   },\r\n    \"diskSizeGB\": 5,\r\n    \"diskIOPSReadWrite\": 120,\r\n    \"diskMBpsReadWrite\":
        25,\r\n    \"encryption\": {\r\n      \"type\": \"EncryptionAtRestWithPlatformKey\"\r\n
        \   },\r\n    \"networkAccessPolicy\": \"AllowAll\",\r\n    \"publicNetworkAccess\":
        \"Enabled\",\r\n    \"timeCreated\": \"2022-06-13T08:59:26.4144034+00:00\",\r\n
        \   \"provisioningState\": \"Succeeded\",\r\n    \"diskState\": \"Unattached\",\r\n
        \   \"diskSizeBytes\": 5368709120,\r\n    \"uniqueId\": \"76dccebe-d6e6-4afe-831b-b11fff7563fa\",\r\n
        \   \"tier\": \"P2\"\r\n  }\r\n}\r\n  },\r\n  \"name\": \"a58a21cb-241b-4cfd-9d22-9aea2b2ffc31\"\r\n}"
    headers:
      cache-control:
      - no-cache
      content-length:
      - '1218'
      content-type:
      - application/json; charset=utf-8
      date:
      - Mon, 13 Jun 2022 08:59:28 GMT
      expires:
      - '-1'
      pragma:
      - no-cache
      server:
      - Microsoft-HTTPAPI/2.0
      - Microsoft-HTTPAPI/2.0
      strict-transport-security:
      - max-age=31536000; includeSubDomains
      transfer-encoding:
      - chunked
      vary:
      - Accept-Encoding
      x-content-type-options:
      - nosniff
      x-ms-ratelimit-remaining-resource:
      - Microsoft.Compute/GetOperation3Min;49966,Microsoft.Compute/GetOperation30Min;399892
    status:
      code: 200
      message: OK
- request:
    body: null
    headers:
      Accept:
      - '*/*'
      Accept-Encoding:
      - gzip, deflate
      CommandName:
      - disk create
      Connection:
      - keep-alive
      ParameterSetName:
      - --accelerated-network --size-gb -n -g
      User-Agent:
      - AZURECLI/2.37.0 azsdk-python-azure-mgmt-compute/27.1.0 Python/3.8.10 (Windows-10-10.0.22000-SP0)
    method: GET
    uri: https://management.azure.com/subscriptions/00000000-0000-0000-0000-000000000000/resourceGroups/cli_test_accelerated_network000001/providers/Microsoft.Compute/disks/disk1?api-version=2022-03-02
  response:
    body:
      string: "{\r\n  \"name\": \"disk1\",\r\n  \"id\": \"/subscriptions/00000000-0000-0000-0000-000000000000/resourceGroups/cli_test_accelerated_network000001/providers/Microsoft.Compute/disks/disk1\",\r\n
        \ \"type\": \"Microsoft.Compute/disks\",\r\n  \"location\": \"westus\",\r\n
        \ \"tags\": {},\r\n  \"sku\": {\r\n    \"name\": \"Premium_LRS\",\r\n    \"tier\":
        \"Premium\"\r\n  },\r\n  \"properties\": {\r\n    \"hyperVGeneration\": \"V1\",\r\n
        \   \"supportedCapabilities\": {\r\n      \"acceleratedNetwork\": true\r\n
        \   },\r\n    \"creationData\": {\r\n      \"createOption\": \"Empty\"\r\n
        \   },\r\n    \"diskSizeGB\": 5,\r\n    \"diskIOPSReadWrite\": 120,\r\n    \"diskMBpsReadWrite\":
        25,\r\n    \"encryption\": {\r\n      \"type\": \"EncryptionAtRestWithPlatformKey\"\r\n
        \   },\r\n    \"networkAccessPolicy\": \"AllowAll\",\r\n    \"publicNetworkAccess\":
        \"Enabled\",\r\n    \"timeCreated\": \"2022-06-13T08:59:26.4144034+00:00\",\r\n
        \   \"provisioningState\": \"Succeeded\",\r\n    \"diskState\": \"Unattached\",\r\n
        \   \"diskSizeBytes\": 5368709120,\r\n    \"uniqueId\": \"76dccebe-d6e6-4afe-831b-b11fff7563fa\",\r\n
        \   \"tier\": \"P2\"\r\n  }\r\n}"
    headers:
      cache-control:
      - no-cache
      content-length:
      - '993'
      content-type:
      - application/json; charset=utf-8
      date:
      - Mon, 13 Jun 2022 08:59:28 GMT
      expires:
      - '-1'
      pragma:
      - no-cache
      server:
      - Microsoft-HTTPAPI/2.0
      - Microsoft-HTTPAPI/2.0
      strict-transport-security:
      - max-age=31536000; includeSubDomains
      transfer-encoding:
      - chunked
      vary:
      - Accept-Encoding
      x-content-type-options:
      - nosniff
      x-ms-ratelimit-remaining-resource:
      - Microsoft.Compute/LowCostGet3Min;4886,Microsoft.Compute/LowCostGet30Min;39405
    status:
      code: 200
      message: OK
- request:
    body: null
    headers:
      Accept:
      - application/json
      Accept-Encoding:
      - gzip, deflate
      CommandName:
      - disk show
      Connection:
      - keep-alive
      ParameterSetName:
      - -g -n
      User-Agent:
      - AZURECLI/2.37.0 azsdk-python-azure-mgmt-compute/27.1.0 Python/3.8.10 (Windows-10-10.0.22000-SP0)
    method: GET
    uri: https://management.azure.com/subscriptions/00000000-0000-0000-0000-000000000000/resourceGroups/cli_test_accelerated_network000001/providers/Microsoft.Compute/disks/disk1?api-version=2022-03-02
  response:
    body:
      string: "{\r\n  \"name\": \"disk1\",\r\n  \"id\": \"/subscriptions/00000000-0000-0000-0000-000000000000/resourceGroups/cli_test_accelerated_network000001/providers/Microsoft.Compute/disks/disk1\",\r\n
        \ \"type\": \"Microsoft.Compute/disks\",\r\n  \"location\": \"westus\",\r\n
        \ \"tags\": {},\r\n  \"sku\": {\r\n    \"name\": \"Premium_LRS\",\r\n    \"tier\":
        \"Premium\"\r\n  },\r\n  \"properties\": {\r\n    \"hyperVGeneration\": \"V1\",\r\n
        \   \"supportedCapabilities\": {\r\n      \"acceleratedNetwork\": true\r\n
        \   },\r\n    \"creationData\": {\r\n      \"createOption\": \"Empty\"\r\n
        \   },\r\n    \"diskSizeGB\": 5,\r\n    \"diskIOPSReadWrite\": 120,\r\n    \"diskMBpsReadWrite\":
        25,\r\n    \"encryption\": {\r\n      \"type\": \"EncryptionAtRestWithPlatformKey\"\r\n
        \   },\r\n    \"networkAccessPolicy\": \"AllowAll\",\r\n    \"publicNetworkAccess\":
        \"Enabled\",\r\n    \"timeCreated\": \"2022-06-13T08:59:26.4144034+00:00\",\r\n
        \   \"provisioningState\": \"Succeeded\",\r\n    \"diskState\": \"Unattached\",\r\n
        \   \"diskSizeBytes\": 5368709120,\r\n    \"uniqueId\": \"76dccebe-d6e6-4afe-831b-b11fff7563fa\",\r\n
        \   \"tier\": \"P2\"\r\n  }\r\n}"
    headers:
      cache-control:
      - no-cache
      content-length:
      - '993'
      content-type:
      - application/json; charset=utf-8
      date:
      - Mon, 13 Jun 2022 08:59:29 GMT
      expires:
      - '-1'
      pragma:
      - no-cache
      server:
      - Microsoft-HTTPAPI/2.0
      - Microsoft-HTTPAPI/2.0
      strict-transport-security:
      - max-age=31536000; includeSubDomains
      transfer-encoding:
      - chunked
      vary:
      - Accept-Encoding
      x-content-type-options:
      - nosniff
      x-ms-ratelimit-remaining-resource:
      - Microsoft.Compute/LowCostGet3Min;4893,Microsoft.Compute/LowCostGet30Min;39402
    status:
      code: 200
      message: OK
- request:
    body: null
    headers:
      Accept:
      - application/json
      Accept-Encoding:
      - gzip, deflate
      CommandName:
      - disk update
      Connection:
      - keep-alive
      ParameterSetName:
      - --accelerated-network -n -g
      User-Agent:
      - AZURECLI/2.37.0 azsdk-python-azure-mgmt-compute/27.1.0 Python/3.8.10 (Windows-10-10.0.22000-SP0)
    method: GET
    uri: https://management.azure.com/subscriptions/00000000-0000-0000-0000-000000000000/resourceGroups/cli_test_accelerated_network000001/providers/Microsoft.Compute/disks/disk1?api-version=2022-03-02
  response:
    body:
      string: "{\r\n  \"name\": \"disk1\",\r\n  \"id\": \"/subscriptions/00000000-0000-0000-0000-000000000000/resourceGroups/cli_test_accelerated_network000001/providers/Microsoft.Compute/disks/disk1\",\r\n
        \ \"type\": \"Microsoft.Compute/disks\",\r\n  \"location\": \"westus\",\r\n
        \ \"tags\": {},\r\n  \"sku\": {\r\n    \"name\": \"Premium_LRS\",\r\n    \"tier\":
        \"Premium\"\r\n  },\r\n  \"properties\": {\r\n    \"hyperVGeneration\": \"V1\",\r\n
        \   \"supportedCapabilities\": {\r\n      \"acceleratedNetwork\": true\r\n
        \   },\r\n    \"creationData\": {\r\n      \"createOption\": \"Empty\"\r\n
        \   },\r\n    \"diskSizeGB\": 5,\r\n    \"diskIOPSReadWrite\": 120,\r\n    \"diskMBpsReadWrite\":
        25,\r\n    \"encryption\": {\r\n      \"type\": \"EncryptionAtRestWithPlatformKey\"\r\n
        \   },\r\n    \"networkAccessPolicy\": \"AllowAll\",\r\n    \"publicNetworkAccess\":
        \"Enabled\",\r\n    \"timeCreated\": \"2022-06-13T08:59:26.4144034+00:00\",\r\n
        \   \"provisioningState\": \"Succeeded\",\r\n    \"diskState\": \"Unattached\",\r\n
        \   \"diskSizeBytes\": 5368709120,\r\n    \"uniqueId\": \"76dccebe-d6e6-4afe-831b-b11fff7563fa\",\r\n
        \   \"tier\": \"P2\"\r\n  }\r\n}"
    headers:
      cache-control:
      - no-cache
      content-length:
      - '993'
      content-type:
      - application/json; charset=utf-8
      date:
      - Mon, 13 Jun 2022 08:59:29 GMT
      expires:
      - '-1'
      pragma:
      - no-cache
      server:
      - Microsoft-HTTPAPI/2.0
      - Microsoft-HTTPAPI/2.0
      strict-transport-security:
      - max-age=31536000; includeSubDomains
      transfer-encoding:
      - chunked
      vary:
      - Accept-Encoding
      x-content-type-options:
      - nosniff
      x-ms-ratelimit-remaining-resource:
      - Microsoft.Compute/LowCostGet3Min;4892,Microsoft.Compute/LowCostGet30Min;39401
    status:
      code: 200
      message: OK
- request:
    body: '{"location": "westus", "tags": {}, "sku": {"name": "Premium_LRS"}, "properties":
      {"hyperVGeneration": "V1", "supportedCapabilities": {"acceleratedNetwork": false},
      "creationData": {"createOption": "Empty"}, "diskSizeGB": 5, "diskIOPSReadWrite":
      120, "diskMBpsReadWrite": 25, "encryption": {"type": "EncryptionAtRestWithPlatformKey"},
      "networkAccessPolicy": "AllowAll", "tier": "P2", "publicNetworkAccess": "Enabled"}}'
    headers:
      Accept:
      - application/json
      Accept-Encoding:
      - gzip, deflate
      CommandName:
      - disk update
      Connection:
      - keep-alive
      Content-Length:
      - '417'
      Content-Type:
      - application/json
      ParameterSetName:
      - --accelerated-network -n -g
      User-Agent:
      - AZURECLI/2.37.0 azsdk-python-azure-mgmt-compute/27.1.0 Python/3.8.10 (Windows-10-10.0.22000-SP0)
    method: PUT
    uri: https://management.azure.com/subscriptions/00000000-0000-0000-0000-000000000000/resourceGroups/cli_test_accelerated_network000001/providers/Microsoft.Compute/disks/disk1?api-version=2022-03-02
  response:
    body:
      string: "{\r\n  \"name\": \"disk1\",\r\n  \"location\": \"westus\",\r\n  \"tags\":
        {},\r\n  \"sku\": {\r\n    \"name\": \"Premium_LRS\"\r\n  },\r\n  \"properties\":
        {\r\n    \"hyperVGeneration\": \"V1\",\r\n    \"supportedCapabilities\": {\r\n
        \     \"acceleratedNetwork\": false\r\n    },\r\n    \"creationData\": {\r\n
        \     \"createOption\": \"Empty\"\r\n    },\r\n    \"diskSizeGB\": 5,\r\n
        \   \"encryption\": {\r\n      \"type\": \"EncryptionAtRestWithPlatformKey\"\r\n
        \   },\r\n    \"networkAccessPolicy\": \"AllowAll\",\r\n    \"publicNetworkAccess\":
        \"Enabled\",\r\n    \"provisioningState\": \"Updating\",\r\n    \"isArmResource\":
        true,\r\n    \"colocationConstraints\": {},\r\n    \"tier\": \"P2\"\r\n  }\r\n}"
    headers:
      azure-asyncoperation:
      - https://management.azure.com/subscriptions/00000000-0000-0000-0000-000000000000/providers/Microsoft.Compute/locations/westus/DiskOperations/2eb37363-ff66-49d0-88ea-b62c564e81ec?p=42128af7-4c72-4222-9761-fb0d8e6cebdc&api-version=2022-03-02
      cache-control:
      - no-cache
      content-length:
      - '598'
      content-type:
      - application/json; charset=utf-8
      date:
      - Mon, 13 Jun 2022 08:59:31 GMT
      expires:
      - '-1'
      location:
      - https://management.azure.com/subscriptions/00000000-0000-0000-0000-000000000000/providers/Microsoft.Compute/locations/westus/DiskOperations/2eb37363-ff66-49d0-88ea-b62c564e81ec?p=42128af7-4c72-4222-9761-fb0d8e6cebdc&monitor=true&api-version=2022-03-02
      pragma:
      - no-cache
      server:
      - Microsoft-HTTPAPI/2.0
      - Microsoft-HTTPAPI/2.0
      strict-transport-security:
      - max-age=31536000; includeSubDomains
      x-content-type-options:
      - nosniff
      x-ms-ratelimit-remaining-resource:
      - Microsoft.Compute/CreateUpdateDisks3Min;991,Microsoft.Compute/CreateUpdateDisks30Min;7986
      x-ms-ratelimit-remaining-subscription-writes:
      - '1188'
    status:
      code: 202
      message: Accepted
- request:
    body: null
    headers:
      Accept:
      - '*/*'
      Accept-Encoding:
      - gzip, deflate
      CommandName:
      - disk update
      Connection:
      - keep-alive
      ParameterSetName:
      - --accelerated-network -n -g
      User-Agent:
      - AZURECLI/2.37.0 azsdk-python-azure-mgmt-compute/27.1.0 Python/3.8.10 (Windows-10-10.0.22000-SP0)
    method: GET
    uri: https://management.azure.com/subscriptions/00000000-0000-0000-0000-000000000000/providers/Microsoft.Compute/locations/westus/DiskOperations/2eb37363-ff66-49d0-88ea-b62c564e81ec?p=42128af7-4c72-4222-9761-fb0d8e6cebdc&api-version=2022-03-02
  response:
    body:
      string: "{\r\n  \"startTime\": \"2022-06-13T08:59:32.2740035+00:00\",\r\n  \"endTime\":
        \"2022-06-13T08:59:32.3990459+00:00\",\r\n  \"status\": \"Succeeded\",\r\n
        \ \"properties\": {\r\n    \"output\": {\r\n  \"name\": \"disk1\",\r\n  \"id\":
        \"/subscriptions/00000000-0000-0000-0000-000000000000/resourceGroups/cli_test_accelerated_network000001/providers/Microsoft.Compute/disks/disk1\",\r\n
        \ \"type\": \"Microsoft.Compute/disks\",\r\n  \"location\": \"westus\",\r\n
        \ \"tags\": {},\r\n  \"sku\": {\r\n    \"name\": \"Premium_LRS\",\r\n    \"tier\":
        \"Premium\"\r\n  },\r\n  \"properties\": {\r\n    \"hyperVGeneration\": \"V1\",\r\n
        \   \"supportedCapabilities\": {\r\n      \"acceleratedNetwork\": false\r\n
        \   },\r\n    \"creationData\": {\r\n      \"createOption\": \"Empty\"\r\n
        \   },\r\n    \"diskSizeGB\": 5,\r\n    \"diskIOPSReadWrite\": 120,\r\n    \"diskMBpsReadWrite\":
        25,\r\n    \"encryption\": {\r\n      \"type\": \"EncryptionAtRestWithPlatformKey\"\r\n
        \   },\r\n    \"networkAccessPolicy\": \"AllowAll\",\r\n    \"publicNetworkAccess\":
        \"Enabled\",\r\n    \"timeCreated\": \"2022-06-13T08:59:26.4144034+00:00\",\r\n
        \   \"provisioningState\": \"Succeeded\",\r\n    \"diskState\": \"Unattached\",\r\n
        \   \"diskSizeBytes\": 5368709120,\r\n    \"uniqueId\": \"76dccebe-d6e6-4afe-831b-b11fff7563fa\",\r\n
        \   \"tier\": \"P2\"\r\n  }\r\n}\r\n  },\r\n  \"name\": \"2eb37363-ff66-49d0-88ea-b62c564e81ec\"\r\n}"
    headers:
      cache-control:
      - no-cache
      content-length:
      - '1219'
      content-type:
      - application/json; charset=utf-8
      date:
      - Mon, 13 Jun 2022 08:59:34 GMT
      expires:
      - '-1'
      pragma:
      - no-cache
      server:
      - Microsoft-HTTPAPI/2.0
      - Microsoft-HTTPAPI/2.0
      strict-transport-security:
      - max-age=31536000; includeSubDomains
      transfer-encoding:
      - chunked
      vary:
      - Accept-Encoding
      x-content-type-options:
      - nosniff
      x-ms-ratelimit-remaining-resource:
      - Microsoft.Compute/GetOperation3Min;49962,Microsoft.Compute/GetOperation30Min;399888
    status:
      code: 200
      message: OK
- request:
    body: null
    headers:
      Accept:
      - '*/*'
      Accept-Encoding:
      - gzip, deflate
      CommandName:
      - disk update
      Connection:
      - keep-alive
      ParameterSetName:
      - --accelerated-network -n -g
      User-Agent:
      - AZURECLI/2.37.0 azsdk-python-azure-mgmt-compute/27.1.0 Python/3.8.10 (Windows-10-10.0.22000-SP0)
    method: GET
    uri: https://management.azure.com/subscriptions/00000000-0000-0000-0000-000000000000/resourceGroups/cli_test_accelerated_network000001/providers/Microsoft.Compute/disks/disk1?api-version=2022-03-02
  response:
    body:
      string: "{\r\n  \"name\": \"disk1\",\r\n  \"id\": \"/subscriptions/00000000-0000-0000-0000-000000000000/resourceGroups/cli_test_accelerated_network000001/providers/Microsoft.Compute/disks/disk1\",\r\n
        \ \"type\": \"Microsoft.Compute/disks\",\r\n  \"location\": \"westus\",\r\n
        \ \"tags\": {},\r\n  \"sku\": {\r\n    \"name\": \"Premium_LRS\",\r\n    \"tier\":
        \"Premium\"\r\n  },\r\n  \"properties\": {\r\n    \"hyperVGeneration\": \"V1\",\r\n
        \   \"supportedCapabilities\": {\r\n      \"acceleratedNetwork\": false\r\n
        \   },\r\n    \"creationData\": {\r\n      \"createOption\": \"Empty\"\r\n
        \   },\r\n    \"diskSizeGB\": 5,\r\n    \"diskIOPSReadWrite\": 120,\r\n    \"diskMBpsReadWrite\":
        25,\r\n    \"encryption\": {\r\n      \"type\": \"EncryptionAtRestWithPlatformKey\"\r\n
        \   },\r\n    \"networkAccessPolicy\": \"AllowAll\",\r\n    \"publicNetworkAccess\":
        \"Enabled\",\r\n    \"timeCreated\": \"2022-06-13T08:59:26.4144034+00:00\",\r\n
        \   \"provisioningState\": \"Succeeded\",\r\n    \"diskState\": \"Unattached\",\r\n
        \   \"diskSizeBytes\": 5368709120,\r\n    \"uniqueId\": \"76dccebe-d6e6-4afe-831b-b11fff7563fa\",\r\n
        \   \"tier\": \"P2\"\r\n  }\r\n}"
    headers:
      cache-control:
      - no-cache
      content-length:
      - '994'
      content-type:
      - application/json; charset=utf-8
      date:
      - Mon, 13 Jun 2022 08:59:34 GMT
      expires:
      - '-1'
      pragma:
      - no-cache
      server:
      - Microsoft-HTTPAPI/2.0
      - Microsoft-HTTPAPI/2.0
      strict-transport-security:
      - max-age=31536000; includeSubDomains
      transfer-encoding:
      - chunked
      vary:
      - Accept-Encoding
      x-content-type-options:
      - nosniff
      x-ms-ratelimit-remaining-resource:
      - Microsoft.Compute/LowCostGet3Min;4884,Microsoft.Compute/LowCostGet30Min;39393
    status:
      code: 200
      message: OK
- request:
    body: null
    headers:
      Accept:
      - application/json
      Accept-Encoding:
      - gzip, deflate
      CommandName:
      - disk show
      Connection:
      - keep-alive
      ParameterSetName:
      - -g -n
      User-Agent:
      - AZURECLI/2.37.0 azsdk-python-azure-mgmt-compute/27.1.0 Python/3.8.10 (Windows-10-10.0.22000-SP0)
    method: GET
    uri: https://management.azure.com/subscriptions/00000000-0000-0000-0000-000000000000/resourceGroups/cli_test_accelerated_network000001/providers/Microsoft.Compute/disks/disk1?api-version=2022-03-02
  response:
    body:
      string: "{\r\n  \"name\": \"disk1\",\r\n  \"id\": \"/subscriptions/00000000-0000-0000-0000-000000000000/resourceGroups/cli_test_accelerated_network000001/providers/Microsoft.Compute/disks/disk1\",\r\n
        \ \"type\": \"Microsoft.Compute/disks\",\r\n  \"location\": \"westus\",\r\n
        \ \"tags\": {},\r\n  \"sku\": {\r\n    \"name\": \"Premium_LRS\",\r\n    \"tier\":
        \"Premium\"\r\n  },\r\n  \"properties\": {\r\n    \"hyperVGeneration\": \"V1\",\r\n
        \   \"supportedCapabilities\": {\r\n      \"acceleratedNetwork\": false\r\n
        \   },\r\n    \"creationData\": {\r\n      \"createOption\": \"Empty\"\r\n
        \   },\r\n    \"diskSizeGB\": 5,\r\n    \"diskIOPSReadWrite\": 120,\r\n    \"diskMBpsReadWrite\":
        25,\r\n    \"encryption\": {\r\n      \"type\": \"EncryptionAtRestWithPlatformKey\"\r\n
        \   },\r\n    \"networkAccessPolicy\": \"AllowAll\",\r\n    \"publicNetworkAccess\":
        \"Enabled\",\r\n    \"timeCreated\": \"2022-06-13T08:59:26.4144034+00:00\",\r\n
        \   \"provisioningState\": \"Succeeded\",\r\n    \"diskState\": \"Unattached\",\r\n
        \   \"diskSizeBytes\": 5368709120,\r\n    \"uniqueId\": \"76dccebe-d6e6-4afe-831b-b11fff7563fa\",\r\n
        \   \"tier\": \"P2\"\r\n  }\r\n}"
    headers:
      cache-control:
      - no-cache
      content-length:
      - '994'
      content-type:
      - application/json; charset=utf-8
      date:
      - Mon, 13 Jun 2022 08:59:35 GMT
      expires:
      - '-1'
      pragma:
      - no-cache
      server:
      - Microsoft-HTTPAPI/2.0
      - Microsoft-HTTPAPI/2.0
      strict-transport-security:
      - max-age=31536000; includeSubDomains
      transfer-encoding:
      - chunked
      vary:
      - Accept-Encoding
      x-content-type-options:
      - nosniff
      x-ms-ratelimit-remaining-resource:
      - Microsoft.Compute/LowCostGet3Min;4883,Microsoft.Compute/LowCostGet30Min;39392
    status:
      code: 200
      message: OK
- request:
    body: null
    headers:
      Accept:
      - application/json
      Accept-Encoding:
      - gzip, deflate
      CommandName:
      - disk create
      Connection:
      - keep-alive
      ParameterSetName:
      - --size-gb -n -g
      User-Agent:
      - AZURECLI/2.37.0 azsdk-python-azure-mgmt-resource/21.1.0b1 Python/3.8.10 (Windows-10-10.0.22000-SP0)
    method: GET
    uri: https://management.azure.com/subscriptions/00000000-0000-0000-0000-000000000000/resourcegroups/cli_test_accelerated_network000001?api-version=2021-04-01
  response:
    body:
      string: '{"id":"/subscriptions/00000000-0000-0000-0000-000000000000/resourceGroups/cli_test_accelerated_network000001","name":"cli_test_accelerated_network000001","type":"Microsoft.Resources/resourceGroups","location":"westus","tags":{"product":"azurecli","cause":"automation","date":"2022-06-13T08:59:21Z"},"properties":{"provisioningState":"Succeeded"}}'
    headers:
      cache-control:
      - no-cache
      content-length:
      - '346'
      content-type:
      - application/json; charset=utf-8
      date:
      - Mon, 13 Jun 2022 08:59:35 GMT
      expires:
      - '-1'
      pragma:
      - no-cache
      strict-transport-security:
      - max-age=31536000; includeSubDomains
      vary:
      - Accept-Encoding
      x-content-type-options:
      - nosniff
    status:
      code: 200
      message: OK
- request:
    body: '{"location": "westus", "tags": {}, "sku": {"name": "Premium_LRS"}, "properties":
      {"hyperVGeneration": "V1", "creationData": {"createOption": "Empty"}, "diskSizeGB":
      5}}'
    headers:
      Accept:
      - application/json
      Accept-Encoding:
      - gzip, deflate
      CommandName:
      - disk create
      Connection:
      - keep-alive
      Content-Length:
      - '168'
      Content-Type:
      - application/json
      ParameterSetName:
      - --size-gb -n -g
      User-Agent:
      - AZURECLI/2.37.0 azsdk-python-azure-mgmt-compute/27.1.0 Python/3.8.10 (Windows-10-10.0.22000-SP0)
    method: PUT
    uri: https://management.azure.com/subscriptions/00000000-0000-0000-0000-000000000000/resourceGroups/cli_test_accelerated_network000001/providers/Microsoft.Compute/disks/disk2?api-version=2022-03-02
  response:
    body:
      string: "{\r\n  \"name\": \"disk2\",\r\n  \"location\": \"westus\",\r\n  \"tags\":
        {},\r\n  \"sku\": {\r\n    \"name\": \"Premium_LRS\"\r\n  },\r\n  \"properties\":
        {\r\n    \"hyperVGeneration\": \"V1\",\r\n    \"creationData\": {\r\n      \"createOption\":
        \"Empty\"\r\n    },\r\n    \"diskSizeGB\": 5,\r\n    \"provisioningState\":
        \"Updating\",\r\n    \"isArmResource\": true\r\n  }\r\n}"
    headers:
      azure-asyncoperation:
      - https://management.azure.com/subscriptions/00000000-0000-0000-0000-000000000000/providers/Microsoft.Compute/locations/westus/DiskOperations/0f4b92a4-9e7b-4ac3-b6b0-a30ceaa59c56?p=42128af7-4c72-4222-9761-fb0d8e6cebdc&api-version=2022-03-02
      cache-control:
      - no-cache
      content-length:
      - '313'
      content-type:
      - application/json; charset=utf-8
      date:
      - Mon, 13 Jun 2022 08:59:38 GMT
      expires:
      - '-1'
      location:
      - https://management.azure.com/subscriptions/00000000-0000-0000-0000-000000000000/providers/Microsoft.Compute/locations/westus/DiskOperations/0f4b92a4-9e7b-4ac3-b6b0-a30ceaa59c56?p=42128af7-4c72-4222-9761-fb0d8e6cebdc&monitor=true&api-version=2022-03-02
      pragma:
      - no-cache
      server:
      - Microsoft-HTTPAPI/2.0
      - Microsoft-HTTPAPI/2.0
      strict-transport-security:
      - max-age=31536000; includeSubDomains
      x-content-type-options:
      - nosniff
      x-ms-ratelimit-remaining-resource:
      - Microsoft.Compute/CreateUpdateDisks3Min;990,Microsoft.Compute/CreateUpdateDisks30Min;7985
      x-ms-ratelimit-remaining-subscription-writes:
      - '1185'
    status:
      code: 202
      message: Accepted
- request:
    body: null
    headers:
      Accept:
      - '*/*'
      Accept-Encoding:
      - gzip, deflate
      CommandName:
      - disk create
      Connection:
      - keep-alive
      ParameterSetName:
      - --size-gb -n -g
      User-Agent:
      - AZURECLI/2.37.0 azsdk-python-azure-mgmt-compute/27.1.0 Python/3.8.10 (Windows-10-10.0.22000-SP0)
    method: GET
    uri: https://management.azure.com/subscriptions/00000000-0000-0000-0000-000000000000/providers/Microsoft.Compute/locations/westus/DiskOperations/0f4b92a4-9e7b-4ac3-b6b0-a30ceaa59c56?p=42128af7-4c72-4222-9761-fb0d8e6cebdc&api-version=2022-03-02
  response:
    body:
      string: "{\r\n  \"startTime\": \"2022-06-13T08:59:38.243041+00:00\",\r\n  \"endTime\":
        \"2022-06-13T08:59:38.3680685+00:00\",\r\n  \"status\": \"Succeeded\",\r\n
        \ \"properties\": {\r\n    \"output\": {\r\n  \"name\": \"disk2\",\r\n  \"id\":
        \"/subscriptions/00000000-0000-0000-0000-000000000000/resourceGroups/cli_test_accelerated_network000001/providers/Microsoft.Compute/disks/disk2\",\r\n
        \ \"type\": \"Microsoft.Compute/disks\",\r\n  \"location\": \"westus\",\r\n
        \ \"tags\": {},\r\n  \"sku\": {\r\n    \"name\": \"Premium_LRS\",\r\n    \"tier\":
        \"Premium\"\r\n  },\r\n  \"properties\": {\r\n    \"hyperVGeneration\": \"V1\",\r\n
        \   \"creationData\": {\r\n      \"createOption\": \"Empty\"\r\n    },\r\n
        \   \"diskSizeGB\": 5,\r\n    \"diskIOPSReadWrite\": 120,\r\n    \"diskMBpsReadWrite\":
        25,\r\n    \"encryption\": {\r\n      \"type\": \"EncryptionAtRestWithPlatformKey\"\r\n
        \   },\r\n    \"networkAccessPolicy\": \"AllowAll\",\r\n    \"publicNetworkAccess\":
        \"Enabled\",\r\n    \"timeCreated\": \"2022-06-13T08:59:38.2586843+00:00\",\r\n
        \   \"provisioningState\": \"Succeeded\",\r\n    \"diskState\": \"Unattached\",\r\n
        \   \"diskSizeBytes\": 5368709120,\r\n    \"uniqueId\": \"ca004d69-eff4-4bb2-81cc-02e8f9950c10\",\r\n
        \   \"tier\": \"P2\"\r\n  }\r\n}\r\n  },\r\n  \"name\": \"0f4b92a4-9e7b-4ac3-b6b0-a30ceaa59c56\"\r\n}"
    headers:
      cache-control:
      - no-cache
      content-length:
      - '1143'
      content-type:
      - application/json; charset=utf-8
      date:
      - Mon, 13 Jun 2022 08:59:40 GMT
      expires:
      - '-1'
      pragma:
      - no-cache
      server:
      - Microsoft-HTTPAPI/2.0
      - Microsoft-HTTPAPI/2.0
      strict-transport-security:
      - max-age=31536000; includeSubDomains
      transfer-encoding:
      - chunked
      vary:
      - Accept-Encoding
      x-content-type-options:
      - nosniff
      x-ms-ratelimit-remaining-resource:
      - Microsoft.Compute/GetOperation3Min;49957,Microsoft.Compute/GetOperation30Min;399883
    status:
      code: 200
      message: OK
- request:
    body: null
    headers:
      Accept:
      - '*/*'
      Accept-Encoding:
      - gzip, deflate
      CommandName:
      - disk create
      Connection:
      - keep-alive
      ParameterSetName:
      - --size-gb -n -g
      User-Agent:
      - AZURECLI/2.37.0 azsdk-python-azure-mgmt-compute/27.1.0 Python/3.8.10 (Windows-10-10.0.22000-SP0)
    method: GET
    uri: https://management.azure.com/subscriptions/00000000-0000-0000-0000-000000000000/resourceGroups/cli_test_accelerated_network000001/providers/Microsoft.Compute/disks/disk2?api-version=2022-03-02
  response:
    body:
      string: "{\r\n  \"name\": \"disk2\",\r\n  \"id\": \"/subscriptions/00000000-0000-0000-0000-000000000000/resourceGroups/cli_test_accelerated_network000001/providers/Microsoft.Compute/disks/disk2\",\r\n
        \ \"type\": \"Microsoft.Compute/disks\",\r\n  \"location\": \"westus\",\r\n
        \ \"tags\": {},\r\n  \"sku\": {\r\n    \"name\": \"Premium_LRS\",\r\n    \"tier\":
        \"Premium\"\r\n  },\r\n  \"properties\": {\r\n    \"hyperVGeneration\": \"V1\",\r\n
        \   \"creationData\": {\r\n      \"createOption\": \"Empty\"\r\n    },\r\n
        \   \"diskSizeGB\": 5,\r\n    \"diskIOPSReadWrite\": 120,\r\n    \"diskMBpsReadWrite\":
        25,\r\n    \"encryption\": {\r\n      \"type\": \"EncryptionAtRestWithPlatformKey\"\r\n
        \   },\r\n    \"networkAccessPolicy\": \"AllowAll\",\r\n    \"publicNetworkAccess\":
        \"Enabled\",\r\n    \"timeCreated\": \"2022-06-13T08:59:38.2586843+00:00\",\r\n
        \   \"provisioningState\": \"Succeeded\",\r\n    \"diskState\": \"Unattached\",\r\n
        \   \"diskSizeBytes\": 5368709120,\r\n    \"uniqueId\": \"ca004d69-eff4-4bb2-81cc-02e8f9950c10\",\r\n
        \   \"tier\": \"P2\"\r\n  }\r\n}"
    headers:
      cache-control:
      - no-cache
      content-length:
      - '919'
      content-type:
      - application/json; charset=utf-8
      date:
      - Mon, 13 Jun 2022 08:59:41 GMT
      expires:
      - '-1'
      pragma:
      - no-cache
      server:
      - Microsoft-HTTPAPI/2.0
      - Microsoft-HTTPAPI/2.0
      strict-transport-security:
      - max-age=31536000; includeSubDomains
      transfer-encoding:
      - chunked
      vary:
      - Accept-Encoding
      x-content-type-options:
      - nosniff
      x-ms-ratelimit-remaining-resource:
      - Microsoft.Compute/LowCostGet3Min;4874,Microsoft.Compute/LowCostGet30Min;39383
    status:
      code: 200
      message: OK
- request:
    body: null
    headers:
      Accept:
      - application/json
      Accept-Encoding:
      - gzip, deflate
      CommandName:
      - disk show
      Connection:
      - keep-alive
      ParameterSetName:
      - -g -n
      User-Agent:
      - AZURECLI/2.37.0 azsdk-python-azure-mgmt-compute/27.1.0 Python/3.8.10 (Windows-10-10.0.22000-SP0)
    method: GET
    uri: https://management.azure.com/subscriptions/00000000-0000-0000-0000-000000000000/resourceGroups/cli_test_accelerated_network000001/providers/Microsoft.Compute/disks/disk2?api-version=2022-03-02
  response:
    body:
      string: "{\r\n  \"name\": \"disk2\",\r\n  \"id\": \"/subscriptions/00000000-0000-0000-0000-000000000000/resourceGroups/cli_test_accelerated_network000001/providers/Microsoft.Compute/disks/disk2\",\r\n
        \ \"type\": \"Microsoft.Compute/disks\",\r\n  \"location\": \"westus\",\r\n
        \ \"tags\": {},\r\n  \"sku\": {\r\n    \"name\": \"Premium_LRS\",\r\n    \"tier\":
        \"Premium\"\r\n  },\r\n  \"properties\": {\r\n    \"hyperVGeneration\": \"V1\",\r\n
        \   \"creationData\": {\r\n      \"createOption\": \"Empty\"\r\n    },\r\n
        \   \"diskSizeGB\": 5,\r\n    \"diskIOPSReadWrite\": 120,\r\n    \"diskMBpsReadWrite\":
        25,\r\n    \"encryption\": {\r\n      \"type\": \"EncryptionAtRestWithPlatformKey\"\r\n
        \   },\r\n    \"networkAccessPolicy\": \"AllowAll\",\r\n    \"publicNetworkAccess\":
        \"Enabled\",\r\n    \"timeCreated\": \"2022-06-13T08:59:38.2586843+00:00\",\r\n
        \   \"provisioningState\": \"Succeeded\",\r\n    \"diskState\": \"Unattached\",\r\n
        \   \"diskSizeBytes\": 5368709120,\r\n    \"uniqueId\": \"ca004d69-eff4-4bb2-81cc-02e8f9950c10\",\r\n
        \   \"tier\": \"P2\"\r\n  }\r\n}"
    headers:
      cache-control:
      - no-cache
      content-length:
      - '919'
      content-type:
      - application/json; charset=utf-8
      date:
      - Mon, 13 Jun 2022 08:59:42 GMT
      expires:
      - '-1'
      pragma:
      - no-cache
      server:
      - Microsoft-HTTPAPI/2.0
      - Microsoft-HTTPAPI/2.0
      strict-transport-security:
      - max-age=31536000; includeSubDomains
      transfer-encoding:
      - chunked
      vary:
      - Accept-Encoding
      x-content-type-options:
      - nosniff
      x-ms-ratelimit-remaining-resource:
      - Microsoft.Compute/LowCostGet3Min;4872,Microsoft.Compute/LowCostGet30Min;39381
    status:
      code: 200
      message: OK
- request:
    body: null
    headers:
      Accept:
      - application/json
      Accept-Encoding:
      - gzip, deflate
      CommandName:
      - disk update
      Connection:
      - keep-alive
      ParameterSetName:
      - --accelerated-network -n -g
      User-Agent:
      - AZURECLI/2.37.0 azsdk-python-azure-mgmt-compute/27.1.0 Python/3.8.10 (Windows-10-10.0.22000-SP0)
    method: GET
    uri: https://management.azure.com/subscriptions/00000000-0000-0000-0000-000000000000/resourceGroups/cli_test_accelerated_network000001/providers/Microsoft.Compute/disks/disk1?api-version=2022-03-02
  response:
    body:
      string: "{\r\n  \"name\": \"disk1\",\r\n  \"id\": \"/subscriptions/00000000-0000-0000-0000-000000000000/resourceGroups/cli_test_accelerated_network000001/providers/Microsoft.Compute/disks/disk1\",\r\n
        \ \"type\": \"Microsoft.Compute/disks\",\r\n  \"location\": \"westus\",\r\n
        \ \"tags\": {},\r\n  \"sku\": {\r\n    \"name\": \"Premium_LRS\",\r\n    \"tier\":
        \"Premium\"\r\n  },\r\n  \"properties\": {\r\n    \"hyperVGeneration\": \"V1\",\r\n
        \   \"supportedCapabilities\": {\r\n      \"acceleratedNetwork\": false\r\n
        \   },\r\n    \"creationData\": {\r\n      \"createOption\": \"Empty\"\r\n
        \   },\r\n    \"diskSizeGB\": 5,\r\n    \"diskIOPSReadWrite\": 120,\r\n    \"diskMBpsReadWrite\":
        25,\r\n    \"encryption\": {\r\n      \"type\": \"EncryptionAtRestWithPlatformKey\"\r\n
        \   },\r\n    \"networkAccessPolicy\": \"AllowAll\",\r\n    \"publicNetworkAccess\":
        \"Enabled\",\r\n    \"timeCreated\": \"2022-06-13T08:59:26.4144034+00:00\",\r\n
        \   \"provisioningState\": \"Succeeded\",\r\n    \"diskState\": \"Unattached\",\r\n
        \   \"diskSizeBytes\": 5368709120,\r\n    \"uniqueId\": \"76dccebe-d6e6-4afe-831b-b11fff7563fa\",\r\n
        \   \"tier\": \"P2\"\r\n  }\r\n}"
    headers:
      cache-control:
      - no-cache
      content-length:
      - '994'
      content-type:
      - application/json; charset=utf-8
      date:
      - Mon, 13 Jun 2022 08:59:42 GMT
      expires:
      - '-1'
      pragma:
      - no-cache
      server:
      - Microsoft-HTTPAPI/2.0
      - Microsoft-HTTPAPI/2.0
      strict-transport-security:
      - max-age=31536000; includeSubDomains
      transfer-encoding:
      - chunked
      vary:
      - Accept-Encoding
      x-content-type-options:
      - nosniff
      x-ms-ratelimit-remaining-resource:
      - Microsoft.Compute/LowCostGet3Min;4869,Microsoft.Compute/LowCostGet30Min;39378
    status:
      code: 200
      message: OK
- request:
    body: '{"location": "westus", "tags": {}, "sku": {"name": "Premium_LRS"}, "properties":
      {"hyperVGeneration": "V1", "supportedCapabilities": {"acceleratedNetwork": true},
      "creationData": {"createOption": "Empty"}, "diskSizeGB": 5, "diskIOPSReadWrite":
      120, "diskMBpsReadWrite": 25, "encryption": {"type": "EncryptionAtRestWithPlatformKey"},
      "networkAccessPolicy": "AllowAll", "tier": "P2", "publicNetworkAccess": "Enabled"}}'
    headers:
      Accept:
      - application/json
      Accept-Encoding:
      - gzip, deflate
      CommandName:
      - disk update
      Connection:
      - keep-alive
      Content-Length:
      - '416'
      Content-Type:
      - application/json
      ParameterSetName:
      - --accelerated-network -n -g
      User-Agent:
      - AZURECLI/2.37.0 azsdk-python-azure-mgmt-compute/27.1.0 Python/3.8.10 (Windows-10-10.0.22000-SP0)
    method: PUT
    uri: https://management.azure.com/subscriptions/00000000-0000-0000-0000-000000000000/resourceGroups/cli_test_accelerated_network000001/providers/Microsoft.Compute/disks/disk1?api-version=2022-03-02
  response:
    body:
      string: "{\r\n  \"name\": \"disk1\",\r\n  \"location\": \"westus\",\r\n  \"tags\":
        {},\r\n  \"sku\": {\r\n    \"name\": \"Premium_LRS\"\r\n  },\r\n  \"properties\":
        {\r\n    \"hyperVGeneration\": \"V1\",\r\n    \"supportedCapabilities\": {\r\n
        \     \"acceleratedNetwork\": true\r\n    },\r\n    \"creationData\": {\r\n
        \     \"createOption\": \"Empty\"\r\n    },\r\n    \"diskSizeGB\": 5,\r\n
        \   \"encryption\": {\r\n      \"type\": \"EncryptionAtRestWithPlatformKey\"\r\n
        \   },\r\n    \"networkAccessPolicy\": \"AllowAll\",\r\n    \"publicNetworkAccess\":
        \"Enabled\",\r\n    \"provisioningState\": \"Updating\",\r\n    \"isArmResource\":
        true,\r\n    \"colocationConstraints\": {},\r\n    \"tier\": \"P2\"\r\n  }\r\n}"
    headers:
      azure-asyncoperation:
      - https://management.azure.com/subscriptions/00000000-0000-0000-0000-000000000000/providers/Microsoft.Compute/locations/westus/DiskOperations/7b9fa685-fd82-4ca6-9d15-54d5ff3b2ddf?p=42128af7-4c72-4222-9761-fb0d8e6cebdc&api-version=2022-03-02
      cache-control:
      - no-cache
      content-length:
      - '597'
      content-type:
      - application/json; charset=utf-8
      date:
      - Mon, 13 Jun 2022 08:59:43 GMT
      expires:
      - '-1'
      location:
      - https://management.azure.com/subscriptions/00000000-0000-0000-0000-000000000000/providers/Microsoft.Compute/locations/westus/DiskOperations/7b9fa685-fd82-4ca6-9d15-54d5ff3b2ddf?p=42128af7-4c72-4222-9761-fb0d8e6cebdc&monitor=true&api-version=2022-03-02
      pragma:
      - no-cache
      server:
      - Microsoft-HTTPAPI/2.0
      - Microsoft-HTTPAPI/2.0
      strict-transport-security:
      - max-age=31536000; includeSubDomains
      x-content-type-options:
      - nosniff
      x-ms-ratelimit-remaining-resource:
      - Microsoft.Compute/CreateUpdateDisks3Min;989,Microsoft.Compute/CreateUpdateDisks30Min;7984
      x-ms-ratelimit-remaining-subscription-writes:
      - '1187'
    status:
      code: 202
      message: Accepted
- request:
    body: null
    headers:
      Accept:
      - '*/*'
      Accept-Encoding:
      - gzip, deflate
      CommandName:
      - disk update
      Connection:
      - keep-alive
      ParameterSetName:
      - --accelerated-network -n -g
      User-Agent:
      - AZURECLI/2.37.0 azsdk-python-azure-mgmt-compute/27.1.0 Python/3.8.10 (Windows-10-10.0.22000-SP0)
    method: GET
    uri: https://management.azure.com/subscriptions/00000000-0000-0000-0000-000000000000/providers/Microsoft.Compute/locations/westus/DiskOperations/7b9fa685-fd82-4ca6-9d15-54d5ff3b2ddf?p=42128af7-4c72-4222-9761-fb0d8e6cebdc&api-version=2022-03-02
  response:
    body:
      string: "{\r\n  \"startTime\": \"2022-06-13T08:59:44.383919+00:00\",\r\n  \"endTime\":
        \"2022-06-13T08:59:44.4933236+00:00\",\r\n  \"status\": \"Succeeded\",\r\n
        \ \"properties\": {\r\n    \"output\": {\r\n  \"name\": \"disk1\",\r\n  \"id\":
        \"/subscriptions/00000000-0000-0000-0000-000000000000/resourceGroups/cli_test_accelerated_network000001/providers/Microsoft.Compute/disks/disk1\",\r\n
        \ \"type\": \"Microsoft.Compute/disks\",\r\n  \"location\": \"westus\",\r\n
        \ \"tags\": {},\r\n  \"sku\": {\r\n    \"name\": \"Premium_LRS\",\r\n    \"tier\":
        \"Premium\"\r\n  },\r\n  \"properties\": {\r\n    \"hyperVGeneration\": \"V1\",\r\n
        \   \"supportedCapabilities\": {\r\n      \"acceleratedNetwork\": true\r\n
        \   },\r\n    \"creationData\": {\r\n      \"createOption\": \"Empty\"\r\n
        \   },\r\n    \"diskSizeGB\": 5,\r\n    \"diskIOPSReadWrite\": 120,\r\n    \"diskMBpsReadWrite\":
        25,\r\n    \"encryption\": {\r\n      \"type\": \"EncryptionAtRestWithPlatformKey\"\r\n
        \   },\r\n    \"networkAccessPolicy\": \"AllowAll\",\r\n    \"publicNetworkAccess\":
        \"Enabled\",\r\n    \"timeCreated\": \"2022-06-13T08:59:26.4144034+00:00\",\r\n
        \   \"provisioningState\": \"Succeeded\",\r\n    \"diskState\": \"Unattached\",\r\n
        \   \"diskSizeBytes\": 5368709120,\r\n    \"uniqueId\": \"76dccebe-d6e6-4afe-831b-b11fff7563fa\",\r\n
        \   \"tier\": \"P2\"\r\n  }\r\n}\r\n  },\r\n  \"name\": \"7b9fa685-fd82-4ca6-9d15-54d5ff3b2ddf\"\r\n}"
    headers:
      cache-control:
      - no-cache
      content-length:
      - '1217'
      content-type:
      - application/json; charset=utf-8
      date:
      - Mon, 13 Jun 2022 08:59:46 GMT
      expires:
      - '-1'
      pragma:
      - no-cache
      server:
      - Microsoft-HTTPAPI/2.0
      - Microsoft-HTTPAPI/2.0
      strict-transport-security:
      - max-age=31536000; includeSubDomains
      transfer-encoding:
      - chunked
      vary:
      - Accept-Encoding
      x-content-type-options:
      - nosniff
      x-ms-ratelimit-remaining-resource:
      - Microsoft.Compute/GetOperation3Min;49952,Microsoft.Compute/GetOperation30Min;399878
    status:
      code: 200
      message: OK
- request:
    body: null
    headers:
      Accept:
      - '*/*'
      Accept-Encoding:
      - gzip, deflate
      CommandName:
      - disk update
      Connection:
      - keep-alive
      ParameterSetName:
      - --accelerated-network -n -g
      User-Agent:
      - AZURECLI/2.37.0 azsdk-python-azure-mgmt-compute/27.1.0 Python/3.8.10 (Windows-10-10.0.22000-SP0)
    method: GET
    uri: https://management.azure.com/subscriptions/00000000-0000-0000-0000-000000000000/resourceGroups/cli_test_accelerated_network000001/providers/Microsoft.Compute/disks/disk1?api-version=2022-03-02
  response:
    body:
      string: "{\r\n  \"name\": \"disk1\",\r\n  \"id\": \"/subscriptions/00000000-0000-0000-0000-000000000000/resourceGroups/cli_test_accelerated_network000001/providers/Microsoft.Compute/disks/disk1\",\r\n
        \ \"type\": \"Microsoft.Compute/disks\",\r\n  \"location\": \"westus\",\r\n
        \ \"tags\": {},\r\n  \"sku\": {\r\n    \"name\": \"Premium_LRS\",\r\n    \"tier\":
        \"Premium\"\r\n  },\r\n  \"properties\": {\r\n    \"hyperVGeneration\": \"V1\",\r\n
        \   \"supportedCapabilities\": {\r\n      \"acceleratedNetwork\": true\r\n
        \   },\r\n    \"creationData\": {\r\n      \"createOption\": \"Empty\"\r\n
        \   },\r\n    \"diskSizeGB\": 5,\r\n    \"diskIOPSReadWrite\": 120,\r\n    \"diskMBpsReadWrite\":
        25,\r\n    \"encryption\": {\r\n      \"type\": \"EncryptionAtRestWithPlatformKey\"\r\n
        \   },\r\n    \"networkAccessPolicy\": \"AllowAll\",\r\n    \"publicNetworkAccess\":
        \"Enabled\",\r\n    \"timeCreated\": \"2022-06-13T08:59:26.4144034+00:00\",\r\n
        \   \"provisioningState\": \"Succeeded\",\r\n    \"diskState\": \"Unattached\",\r\n
        \   \"diskSizeBytes\": 5368709120,\r\n    \"uniqueId\": \"76dccebe-d6e6-4afe-831b-b11fff7563fa\",\r\n
        \   \"tier\": \"P2\"\r\n  }\r\n}"
    headers:
      cache-control:
      - no-cache
      content-length:
      - '993'
      content-type:
      - application/json; charset=utf-8
      date:
      - Mon, 13 Jun 2022 08:59:46 GMT
      expires:
      - '-1'
      pragma:
      - no-cache
      server:
      - Microsoft-HTTPAPI/2.0
      - Microsoft-HTTPAPI/2.0
      strict-transport-security:
      - max-age=31536000; includeSubDomains
      transfer-encoding:
      - chunked
      vary:
      - Accept-Encoding
      x-content-type-options:
      - nosniff
      x-ms-ratelimit-remaining-resource:
      - Microsoft.Compute/LowCostGet3Min;4863,Microsoft.Compute/LowCostGet30Min;39372
    status:
      code: 200
      message: OK
- request:
    body: null
    headers:
      Accept:
      - application/json
      Accept-Encoding:
      - gzip, deflate
      CommandName:
      - disk show
      Connection:
      - keep-alive
      ParameterSetName:
      - -g -n
      User-Agent:
      - AZURECLI/2.37.0 azsdk-python-azure-mgmt-compute/27.1.0 Python/3.8.10 (Windows-10-10.0.22000-SP0)
    method: GET
    uri: https://management.azure.com/subscriptions/00000000-0000-0000-0000-000000000000/resourceGroups/cli_test_accelerated_network000001/providers/Microsoft.Compute/disks/disk1?api-version=2022-03-02
  response:
    body:
      string: "{\r\n  \"name\": \"disk1\",\r\n  \"id\": \"/subscriptions/00000000-0000-0000-0000-000000000000/resourceGroups/cli_test_accelerated_network000001/providers/Microsoft.Compute/disks/disk1\",\r\n
        \ \"type\": \"Microsoft.Compute/disks\",\r\n  \"location\": \"westus\",\r\n
        \ \"tags\": {},\r\n  \"sku\": {\r\n    \"name\": \"Premium_LRS\",\r\n    \"tier\":
        \"Premium\"\r\n  },\r\n  \"properties\": {\r\n    \"hyperVGeneration\": \"V1\",\r\n
        \   \"supportedCapabilities\": {\r\n      \"acceleratedNetwork\": true\r\n
        \   },\r\n    \"creationData\": {\r\n      \"createOption\": \"Empty\"\r\n
        \   },\r\n    \"diskSizeGB\": 5,\r\n    \"diskIOPSReadWrite\": 120,\r\n    \"diskMBpsReadWrite\":
        25,\r\n    \"encryption\": {\r\n      \"type\": \"EncryptionAtRestWithPlatformKey\"\r\n
        \   },\r\n    \"networkAccessPolicy\": \"AllowAll\",\r\n    \"publicNetworkAccess\":
        \"Enabled\",\r\n    \"timeCreated\": \"2022-06-13T08:59:26.4144034+00:00\",\r\n
        \   \"provisioningState\": \"Succeeded\",\r\n    \"diskState\": \"Unattached\",\r\n
        \   \"diskSizeBytes\": 5368709120,\r\n    \"uniqueId\": \"76dccebe-d6e6-4afe-831b-b11fff7563fa\",\r\n
        \   \"tier\": \"P2\"\r\n  }\r\n}"
    headers:
      cache-control:
      - no-cache
      content-length:
      - '993'
      content-type:
      - application/json; charset=utf-8
      date:
      - Mon, 13 Jun 2022 08:59:46 GMT
      expires:
      - '-1'
      pragma:
      - no-cache
      server:
      - Microsoft-HTTPAPI/2.0
      - Microsoft-HTTPAPI/2.0
      strict-transport-security:
      - max-age=31536000; includeSubDomains
      transfer-encoding:
      - chunked
      vary:
      - Accept-Encoding
      x-content-type-options:
      - nosniff
      x-ms-ratelimit-remaining-resource:
      - Microsoft.Compute/LowCostGet3Min;4862,Microsoft.Compute/LowCostGet30Min;39371
    status:
      code: 200
      message: OK
- request:
    body: null
    headers:
      Accept:
      - application/json
      Accept-Encoding:
      - gzip, deflate
      CommandName:
      - snapshot create
      Connection:
      - keep-alive
      ParameterSetName:
      - --accelerated-network --size-gb -n -g
      User-Agent:
      - AZURECLI/2.37.0 azsdk-python-azure-mgmt-resource/21.1.0b1 Python/3.8.10 (Windows-10-10.0.22000-SP0)
    method: GET
    uri: https://management.azure.com/subscriptions/00000000-0000-0000-0000-000000000000/resourcegroups/cli_test_accelerated_network000001?api-version=2021-04-01
  response:
    body:
      string: '{"id":"/subscriptions/00000000-0000-0000-0000-000000000000/resourceGroups/cli_test_accelerated_network000001","name":"cli_test_accelerated_network000001","type":"Microsoft.Resources/resourceGroups","location":"westus","tags":{"product":"azurecli","cause":"automation","date":"2022-06-13T08:59:21Z"},"properties":{"provisioningState":"Succeeded"}}'
    headers:
      cache-control:
      - no-cache
      content-length:
      - '346'
      content-type:
      - application/json; charset=utf-8
      date:
      - Mon, 13 Jun 2022 08:59:47 GMT
      expires:
      - '-1'
      pragma:
      - no-cache
      strict-transport-security:
      - max-age=31536000; includeSubDomains
      vary:
      - Accept-Encoding
      x-content-type-options:
      - nosniff
    status:
      code: 200
      message: OK
- request:
    body: '{"location": "westus", "tags": {}, "sku": {"name": "Standard_LRS"}, "properties":
      {"hyperVGeneration": "V1", "supportedCapabilities": {"acceleratedNetwork": true},
      "creationData": {"createOption": "Empty"}, "diskSizeGB": 5}}'
    headers:
      Accept:
      - application/json
      Accept-Encoding:
      - gzip, deflate
      CommandName:
      - snapshot create
      Connection:
      - keep-alive
      Content-Length:
      - '224'
      Content-Type:
      - application/json
      ParameterSetName:
      - --accelerated-network --size-gb -n -g
      User-Agent:
      - AZURECLI/2.37.0 azsdk-python-azure-mgmt-compute/27.1.0 Python/3.8.10 (Windows-10-10.0.22000-SP0)
    method: PUT
    uri: https://management.azure.com/subscriptions/00000000-0000-0000-0000-000000000000/resourceGroups/cli_test_accelerated_network000001/providers/Microsoft.Compute/snapshots/snapshot1?api-version=2021-12-01
  response:
    body:
      string: "{\r\n  \"location\": \"westus\",\r\n  \"tags\": {},\r\n  \"sku\": {\r\n
        \   \"name\": \"Standard_LRS\"\r\n  },\r\n  \"properties\": {\r\n    \"hyperVGeneration\":
        \"V1\",\r\n    \"supportedCapabilities\": {\r\n      \"acceleratedNetwork\":
        true\r\n    },\r\n    \"creationData\": {\r\n      \"createOption\": \"Empty\"\r\n
        \   },\r\n    \"diskSizeGB\": 5,\r\n    \"provisioningState\": \"Updating\",\r\n
        \   \"isArmResource\": true\r\n  }\r\n}"
    headers:
      azure-asyncoperation:
      - https://management.azure.com/subscriptions/00000000-0000-0000-0000-000000000000/providers/Microsoft.Compute/locations/westus/DiskOperations/4dd045bd-a128-4268-8207-3c9bbd61411f?p=42128af7-4c72-4222-9761-fb0d8e6cebdc&api-version=2021-12-01
      cache-control:
      - no-cache
      content-length:
      - '368'
      content-type:
      - application/json; charset=utf-8
      date:
      - Mon, 13 Jun 2022 08:59:49 GMT
      expires:
      - '-1'
      location:
      - https://management.azure.com/subscriptions/00000000-0000-0000-0000-000000000000/providers/Microsoft.Compute/locations/westus/DiskOperations/4dd045bd-a128-4268-8207-3c9bbd61411f?p=42128af7-4c72-4222-9761-fb0d8e6cebdc&monitor=true&api-version=2021-12-01
      pragma:
      - no-cache
      server:
      - Microsoft-HTTPAPI/2.0
      - Microsoft-HTTPAPI/2.0
      strict-transport-security:
      - max-age=31536000; includeSubDomains
      x-content-type-options:
      - nosniff
      x-ms-ratelimit-remaining-resource:
      - Microsoft.Compute/HighCostSnapshotCreateHydrate3Min;990,Microsoft.Compute/HighCostSnapshotCreateHydrate30Min;7985
      x-ms-ratelimit-remaining-subscription-writes:
      - '1186'
    status:
      code: 202
      message: Accepted
- request:
    body: null
    headers:
      Accept:
      - '*/*'
      Accept-Encoding:
      - gzip, deflate
      CommandName:
      - snapshot create
      Connection:
      - keep-alive
      ParameterSetName:
      - --accelerated-network --size-gb -n -g
      User-Agent:
      - AZURECLI/2.37.0 azsdk-python-azure-mgmt-compute/27.1.0 Python/3.8.10 (Windows-10-10.0.22000-SP0)
    method: GET
    uri: https://management.azure.com/subscriptions/00000000-0000-0000-0000-000000000000/providers/Microsoft.Compute/locations/westus/DiskOperations/4dd045bd-a128-4268-8207-3c9bbd61411f?p=42128af7-4c72-4222-9761-fb0d8e6cebdc&api-version=2021-12-01
  response:
    body:
      string: "{\r\n  \"startTime\": \"2022-06-13T08:59:50.4154478+00:00\",\r\n  \"endTime\":
        \"2022-06-13T08:59:50.602992+00:00\",\r\n  \"status\": \"Succeeded\",\r\n
        \ \"properties\": {\r\n    \"output\": {\r\n  \"name\": \"snapshot1\",\r\n
        \ \"id\": \"/subscriptions/00000000-0000-0000-0000-000000000000/resourceGroups/cli_test_accelerated_network000001/providers/Microsoft.Compute/snapshots/snapshot1\",\r\n
        \ \"type\": \"Microsoft.Compute/snapshots\",\r\n  \"location\": \"westus\",\r\n
        \ \"tags\": {},\r\n  \"sku\": {\r\n    \"name\": \"Standard_LRS\",\r\n    \"tier\":
        \"Standard\"\r\n  },\r\n  \"properties\": {\r\n    \"hyperVGeneration\": \"V1\",\r\n
        \   \"supportedCapabilities\": {\r\n      \"acceleratedNetwork\": true\r\n
        \   },\r\n    \"creationData\": {\r\n      \"createOption\": \"Empty\"\r\n
        \   },\r\n    \"diskSizeGB\": 5,\r\n    \"encryption\": {\r\n      \"type\":
        \"EncryptionAtRestWithPlatformKey\"\r\n    },\r\n    \"incremental\": false,\r\n
        \   \"networkAccessPolicy\": \"AllowAll\",\r\n    \"publicNetworkAccess\":
        \"Enabled\",\r\n    \"timeCreated\": \"2022-06-13T08:59:50.4154478+00:00\",\r\n
        \   \"provisioningState\": \"Succeeded\",\r\n    \"diskState\": \"Unattached\",\r\n
        \   \"diskSizeBytes\": 5368709120,\r\n    \"uniqueId\": \"180a2054-743c-44cf-94d1-49a06484e5f0\"\r\n
        \ }\r\n}\r\n  },\r\n  \"name\": \"4dd045bd-a128-4268-8207-3c9bbd61411f\"\r\n}"
    headers:
      cache-control:
      - no-cache
      content-length:
      - '1182'
      content-type:
      - application/json; charset=utf-8
      date:
      - Mon, 13 Jun 2022 08:59:52 GMT
      expires:
      - '-1'
      pragma:
      - no-cache
      server:
      - Microsoft-HTTPAPI/2.0
      - Microsoft-HTTPAPI/2.0
      strict-transport-security:
      - max-age=31536000; includeSubDomains
      transfer-encoding:
      - chunked
      vary:
      - Accept-Encoding
      x-content-type-options:
      - nosniff
      x-ms-ratelimit-remaining-resource:
      - Microsoft.Compute/GetOperation3Min;49948,Microsoft.Compute/GetOperation30Min;399874
    status:
      code: 200
      message: OK
- request:
    body: null
    headers:
      Accept:
      - '*/*'
      Accept-Encoding:
      - gzip, deflate
      CommandName:
      - snapshot create
      Connection:
      - keep-alive
      ParameterSetName:
      - --accelerated-network --size-gb -n -g
      User-Agent:
      - AZURECLI/2.37.0 azsdk-python-azure-mgmt-compute/27.1.0 Python/3.8.10 (Windows-10-10.0.22000-SP0)
    method: GET
    uri: https://management.azure.com/subscriptions/00000000-0000-0000-0000-000000000000/resourceGroups/cli_test_accelerated_network000001/providers/Microsoft.Compute/snapshots/snapshot1?api-version=2021-12-01
  response:
    body:
      string: "{\r\n  \"name\": \"snapshot1\",\r\n  \"id\": \"/subscriptions/00000000-0000-0000-0000-000000000000/resourceGroups/cli_test_accelerated_network000001/providers/Microsoft.Compute/snapshots/snapshot1\",\r\n
        \ \"type\": \"Microsoft.Compute/snapshots\",\r\n  \"location\": \"westus\",\r\n
        \ \"tags\": {},\r\n  \"sku\": {\r\n    \"name\": \"Standard_LRS\",\r\n    \"tier\":
        \"Standard\"\r\n  },\r\n  \"properties\": {\r\n    \"hyperVGeneration\": \"V1\",\r\n
        \   \"supportedCapabilities\": {\r\n      \"acceleratedNetwork\": true\r\n
        \   },\r\n    \"creationData\": {\r\n      \"createOption\": \"Empty\"\r\n
        \   },\r\n    \"diskSizeGB\": 5,\r\n    \"encryption\": {\r\n      \"type\":
        \"EncryptionAtRestWithPlatformKey\"\r\n    },\r\n    \"incremental\": false,\r\n
        \   \"networkAccessPolicy\": \"AllowAll\",\r\n    \"publicNetworkAccess\":
        \"Enabled\",\r\n    \"timeCreated\": \"2022-06-13T08:59:50.4154478+00:00\",\r\n
        \   \"provisioningState\": \"Succeeded\",\r\n    \"diskState\": \"Unattached\",\r\n
        \   \"diskSizeBytes\": 5368709120,\r\n    \"uniqueId\": \"180a2054-743c-44cf-94d1-49a06484e5f0\"\r\n
        \ }\r\n}"
    headers:
      cache-control:
      - no-cache
      content-length:
      - '958'
      content-type:
      - application/json; charset=utf-8
      date:
      - Mon, 13 Jun 2022 08:59:52 GMT
      expires:
      - '-1'
      pragma:
      - no-cache
      server:
      - Microsoft-HTTPAPI/2.0
      - Microsoft-HTTPAPI/2.0
      strict-transport-security:
      - max-age=31536000; includeSubDomains
      transfer-encoding:
      - chunked
      vary:
      - Accept-Encoding
      x-content-type-options:
      - nosniff
      x-ms-ratelimit-remaining-resource:
      - Microsoft.Compute/LowCostGet3Min;4858,Microsoft.Compute/LowCostGet30Min;39367
    status:
      code: 200
      message: OK
- request:
    body: null
    headers:
      Accept:
      - application/json
      Accept-Encoding:
      - gzip, deflate
      CommandName:
      - snapshot show
      Connection:
      - keep-alive
      ParameterSetName:
      - -g -n
      User-Agent:
      - AZURECLI/2.37.0 azsdk-python-azure-mgmt-compute/27.1.0 Python/3.8.10 (Windows-10-10.0.22000-SP0)
    method: GET
    uri: https://management.azure.com/subscriptions/00000000-0000-0000-0000-000000000000/resourceGroups/cli_test_accelerated_network000001/providers/Microsoft.Compute/snapshots/snapshot1?api-version=2021-12-01
  response:
    body:
      string: "{\r\n  \"name\": \"snapshot1\",\r\n  \"id\": \"/subscriptions/00000000-0000-0000-0000-000000000000/resourceGroups/cli_test_accelerated_network000001/providers/Microsoft.Compute/snapshots/snapshot1\",\r\n
        \ \"type\": \"Microsoft.Compute/snapshots\",\r\n  \"location\": \"westus\",\r\n
        \ \"tags\": {},\r\n  \"sku\": {\r\n    \"name\": \"Standard_LRS\",\r\n    \"tier\":
        \"Standard\"\r\n  },\r\n  \"properties\": {\r\n    \"hyperVGeneration\": \"V1\",\r\n
        \   \"supportedCapabilities\": {\r\n      \"acceleratedNetwork\": true\r\n
        \   },\r\n    \"creationData\": {\r\n      \"createOption\": \"Empty\"\r\n
        \   },\r\n    \"diskSizeGB\": 5,\r\n    \"encryption\": {\r\n      \"type\":
        \"EncryptionAtRestWithPlatformKey\"\r\n    },\r\n    \"incremental\": false,\r\n
        \   \"networkAccessPolicy\": \"AllowAll\",\r\n    \"publicNetworkAccess\":
        \"Enabled\",\r\n    \"timeCreated\": \"2022-06-13T08:59:50.4154478+00:00\",\r\n
        \   \"provisioningState\": \"Succeeded\",\r\n    \"diskState\": \"Unattached\",\r\n
        \   \"diskSizeBytes\": 5368709120,\r\n    \"uniqueId\": \"180a2054-743c-44cf-94d1-49a06484e5f0\"\r\n
        \ }\r\n}"
    headers:
      cache-control:
      - no-cache
      content-length:
      - '958'
      content-type:
      - application/json; charset=utf-8
      date:
      - Mon, 13 Jun 2022 08:59:53 GMT
      expires:
      - '-1'
      pragma:
      - no-cache
      server:
      - Microsoft-HTTPAPI/2.0
      - Microsoft-HTTPAPI/2.0
      strict-transport-security:
      - max-age=31536000; includeSubDomains
      transfer-encoding:
      - chunked
      vary:
      - Accept-Encoding
      x-content-type-options:
      - nosniff
      x-ms-ratelimit-remaining-resource:
      - Microsoft.Compute/LowCostGet3Min;4857,Microsoft.Compute/LowCostGet30Min;39366
    status:
      code: 200
      message: OK
- request:
    body: null
    headers:
      Accept:
      - application/json
      Accept-Encoding:
      - gzip, deflate
      CommandName:
      - snapshot update
      Connection:
      - keep-alive
      ParameterSetName:
      - --accelerated-network -n -g
      User-Agent:
      - AZURECLI/2.37.0 azsdk-python-azure-mgmt-compute/27.1.0 Python/3.8.10 (Windows-10-10.0.22000-SP0)
    method: GET
    uri: https://management.azure.com/subscriptions/00000000-0000-0000-0000-000000000000/resourceGroups/cli_test_accelerated_network000001/providers/Microsoft.Compute/snapshots/snapshot1?api-version=2021-12-01
  response:
    body:
      string: "{\r\n  \"name\": \"snapshot1\",\r\n  \"id\": \"/subscriptions/00000000-0000-0000-0000-000000000000/resourceGroups/cli_test_accelerated_network000001/providers/Microsoft.Compute/snapshots/snapshot1\",\r\n
        \ \"type\": \"Microsoft.Compute/snapshots\",\r\n  \"location\": \"westus\",\r\n
        \ \"tags\": {},\r\n  \"sku\": {\r\n    \"name\": \"Standard_LRS\",\r\n    \"tier\":
        \"Standard\"\r\n  },\r\n  \"properties\": {\r\n    \"hyperVGeneration\": \"V1\",\r\n
        \   \"supportedCapabilities\": {\r\n      \"acceleratedNetwork\": true\r\n
        \   },\r\n    \"creationData\": {\r\n      \"createOption\": \"Empty\"\r\n
        \   },\r\n    \"diskSizeGB\": 5,\r\n    \"encryption\": {\r\n      \"type\":
        \"EncryptionAtRestWithPlatformKey\"\r\n    },\r\n    \"incremental\": false,\r\n
        \   \"networkAccessPolicy\": \"AllowAll\",\r\n    \"publicNetworkAccess\":
        \"Enabled\",\r\n    \"timeCreated\": \"2022-06-13T08:59:50.4154478+00:00\",\r\n
        \   \"provisioningState\": \"Succeeded\",\r\n    \"diskState\": \"Unattached\",\r\n
        \   \"diskSizeBytes\": 5368709120,\r\n    \"uniqueId\": \"180a2054-743c-44cf-94d1-49a06484e5f0\"\r\n
        \ }\r\n}"
    headers:
      cache-control:
      - no-cache
      content-length:
      - '958'
      content-type:
      - application/json; charset=utf-8
      date:
      - Mon, 13 Jun 2022 08:59:54 GMT
      expires:
      - '-1'
      pragma:
      - no-cache
      server:
      - Microsoft-HTTPAPI/2.0
      - Microsoft-HTTPAPI/2.0
      strict-transport-security:
      - max-age=31536000; includeSubDomains
      transfer-encoding:
      - chunked
      vary:
      - Accept-Encoding
      x-content-type-options:
      - nosniff
      x-ms-ratelimit-remaining-resource:
      - Microsoft.Compute/LowCostGet3Min;4856,Microsoft.Compute/LowCostGet30Min;39365
    status:
      code: 200
      message: OK
- request:
    body: '{"location": "westus", "tags": {}, "sku": {"name": "Standard_LRS"}, "properties":
      {"hyperVGeneration": "V1", "supportedCapabilities": {"acceleratedNetwork": false},
      "creationData": {"createOption": "Empty"}, "diskSizeGB": 5, "incremental": false,
      "encryption": {"type": "EncryptionAtRestWithPlatformKey"}, "networkAccessPolicy":
      "AllowAll", "publicNetworkAccess": "Enabled"}}'
    headers:
      Accept:
      - application/json
      Accept-Encoding:
      - gzip, deflate
      CommandName:
      - snapshot update
      Connection:
      - keep-alive
      Content-Length:
      - '375'
      Content-Type:
      - application/json
      ParameterSetName:
      - --accelerated-network -n -g
      User-Agent:
      - AZURECLI/2.37.0 azsdk-python-azure-mgmt-compute/27.1.0 Python/3.8.10 (Windows-10-10.0.22000-SP0)
    method: PUT
    uri: https://management.azure.com/subscriptions/00000000-0000-0000-0000-000000000000/resourceGroups/cli_test_accelerated_network000001/providers/Microsoft.Compute/snapshots/snapshot1?api-version=2021-12-01
  response:
    body:
      string: "{\r\n  \"location\": \"westus\",\r\n  \"tags\": {},\r\n  \"sku\": {\r\n
        \   \"name\": \"Standard_LRS\"\r\n  },\r\n  \"properties\": {\r\n    \"hyperVGeneration\":
        \"V1\",\r\n    \"supportedCapabilities\": {\r\n      \"acceleratedNetwork\":
        false\r\n    },\r\n    \"creationData\": {\r\n      \"createOption\": \"Empty\"\r\n
        \   },\r\n    \"diskSizeGB\": 5,\r\n    \"encryption\": {\r\n      \"type\":
        \"EncryptionAtRestWithPlatformKey\"\r\n    },\r\n    \"incremental\": false,\r\n
        \   \"networkAccessPolicy\": \"AllowAll\",\r\n    \"publicNetworkAccess\":
        \"Enabled\",\r\n    \"provisioningState\": \"Updating\",\r\n    \"isArmResource\":
        true,\r\n    \"colocationConstraints\": {},\r\n    \"faultDomain\": 0\r\n
        \ }\r\n}"
    headers:
      azure-asyncoperation:
      - https://management.azure.com/subscriptions/00000000-0000-0000-0000-000000000000/providers/Microsoft.Compute/locations/westus/DiskOperations/8e7bdb66-9cf9-43e0-b90d-e14f7677c8ae?p=42128af7-4c72-4222-9761-fb0d8e6cebdc&api-version=2021-12-01
      cache-control:
      - no-cache
      content-length:
      - '610'
      content-type:
      - application/json; charset=utf-8
      date:
      - Mon, 13 Jun 2022 08:59:54 GMT
      expires:
      - '-1'
      location:
      - https://management.azure.com/subscriptions/00000000-0000-0000-0000-000000000000/providers/Microsoft.Compute/locations/westus/DiskOperations/8e7bdb66-9cf9-43e0-b90d-e14f7677c8ae?p=42128af7-4c72-4222-9761-fb0d8e6cebdc&monitor=true&api-version=2021-12-01
      pragma:
      - no-cache
      server:
      - Microsoft-HTTPAPI/2.0
      - Microsoft-HTTPAPI/2.0
      strict-transport-security:
      - max-age=31536000; includeSubDomains
      x-content-type-options:
      - nosniff
      x-ms-ratelimit-remaining-resource:
      - Microsoft.Compute/HighCostSnapshotCreateHydrate3Min;989,Microsoft.Compute/HighCostSnapshotCreateHydrate30Min;7984
      x-ms-ratelimit-remaining-subscription-writes:
      - '1184'
    status:
      code: 202
      message: Accepted
- request:
    body: null
    headers:
      Accept:
      - '*/*'
      Accept-Encoding:
      - gzip, deflate
      CommandName:
      - snapshot update
      Connection:
      - keep-alive
      ParameterSetName:
      - --accelerated-network -n -g
      User-Agent:
      - AZURECLI/2.37.0 azsdk-python-azure-mgmt-compute/27.1.0 Python/3.8.10 (Windows-10-10.0.22000-SP0)
    method: GET
    uri: https://management.azure.com/subscriptions/00000000-0000-0000-0000-000000000000/providers/Microsoft.Compute/locations/westus/DiskOperations/8e7bdb66-9cf9-43e0-b90d-e14f7677c8ae?p=42128af7-4c72-4222-9761-fb0d8e6cebdc&api-version=2021-12-01
  response:
    body:
      string: "{\r\n  \"startTime\": \"2022-06-13T08:59:54.8688441+00:00\",\r\n  \"endTime\":
        \"2022-06-13T08:59:54.9625423+00:00\",\r\n  \"status\": \"Succeeded\",\r\n
        \ \"properties\": {\r\n    \"output\": {\r\n  \"name\": \"snapshot1\",\r\n
        \ \"id\": \"/subscriptions/00000000-0000-0000-0000-000000000000/resourceGroups/cli_test_accelerated_network000001/providers/Microsoft.Compute/snapshots/snapshot1\",\r\n
        \ \"type\": \"Microsoft.Compute/snapshots\",\r\n  \"location\": \"westus\",\r\n
        \ \"tags\": {},\r\n  \"sku\": {\r\n    \"name\": \"Standard_LRS\",\r\n    \"tier\":
        \"Standard\"\r\n  },\r\n  \"properties\": {\r\n    \"hyperVGeneration\": \"V1\",\r\n
        \   \"supportedCapabilities\": {\r\n      \"acceleratedNetwork\": false\r\n
        \   },\r\n    \"creationData\": {\r\n      \"createOption\": \"Empty\"\r\n
        \   },\r\n    \"diskSizeGB\": 5,\r\n    \"encryption\": {\r\n      \"type\":
        \"EncryptionAtRestWithPlatformKey\"\r\n    },\r\n    \"incremental\": false,\r\n
        \   \"networkAccessPolicy\": \"AllowAll\",\r\n    \"publicNetworkAccess\":
        \"Enabled\",\r\n    \"timeCreated\": \"2022-06-13T08:59:50.4154478+00:00\",\r\n
        \   \"provisioningState\": \"Succeeded\",\r\n    \"diskState\": \"Unattached\",\r\n
        \   \"diskSizeBytes\": 5368709120,\r\n    \"uniqueId\": \"180a2054-743c-44cf-94d1-49a06484e5f0\"\r\n
        \ }\r\n}\r\n  },\r\n  \"name\": \"8e7bdb66-9cf9-43e0-b90d-e14f7677c8ae\"\r\n}"
    headers:
      cache-control:
      - no-cache
      content-length:
      - '1184'
      content-type:
      - application/json; charset=utf-8
      date:
      - Mon, 13 Jun 2022 08:59:56 GMT
      expires:
      - '-1'
      pragma:
      - no-cache
      server:
      - Microsoft-HTTPAPI/2.0
      - Microsoft-HTTPAPI/2.0
      strict-transport-security:
      - max-age=31536000; includeSubDomains
      transfer-encoding:
      - chunked
      vary:
      - Accept-Encoding
      x-content-type-options:
      - nosniff
      x-ms-ratelimit-remaining-resource:
      - Microsoft.Compute/GetOperation3Min;49945,Microsoft.Compute/GetOperation30Min;399871
    status:
      code: 200
      message: OK
- request:
    body: null
    headers:
      Accept:
      - '*/*'
      Accept-Encoding:
      - gzip, deflate
      CommandName:
      - snapshot update
      Connection:
      - keep-alive
      ParameterSetName:
      - --accelerated-network -n -g
      User-Agent:
      - AZURECLI/2.37.0 azsdk-python-azure-mgmt-compute/27.1.0 Python/3.8.10 (Windows-10-10.0.22000-SP0)
    method: GET
    uri: https://management.azure.com/subscriptions/00000000-0000-0000-0000-000000000000/resourceGroups/cli_test_accelerated_network000001/providers/Microsoft.Compute/snapshots/snapshot1?api-version=2021-12-01
  response:
    body:
      string: "{\r\n  \"name\": \"snapshot1\",\r\n  \"id\": \"/subscriptions/00000000-0000-0000-0000-000000000000/resourceGroups/cli_test_accelerated_network000001/providers/Microsoft.Compute/snapshots/snapshot1\",\r\n
        \ \"type\": \"Microsoft.Compute/snapshots\",\r\n  \"location\": \"westus\",\r\n
        \ \"tags\": {},\r\n  \"sku\": {\r\n    \"name\": \"Standard_LRS\",\r\n    \"tier\":
        \"Standard\"\r\n  },\r\n  \"properties\": {\r\n    \"hyperVGeneration\": \"V1\",\r\n
        \   \"supportedCapabilities\": {\r\n      \"acceleratedNetwork\": false\r\n
        \   },\r\n    \"creationData\": {\r\n      \"createOption\": \"Empty\"\r\n
        \   },\r\n    \"diskSizeGB\": 5,\r\n    \"encryption\": {\r\n      \"type\":
        \"EncryptionAtRestWithPlatformKey\"\r\n    },\r\n    \"incremental\": false,\r\n
        \   \"networkAccessPolicy\": \"AllowAll\",\r\n    \"publicNetworkAccess\":
        \"Enabled\",\r\n    \"timeCreated\": \"2022-06-13T08:59:50.4154478+00:00\",\r\n
        \   \"provisioningState\": \"Succeeded\",\r\n    \"diskState\": \"Unattached\",\r\n
        \   \"diskSizeBytes\": 5368709120,\r\n    \"uniqueId\": \"180a2054-743c-44cf-94d1-49a06484e5f0\"\r\n
        \ }\r\n}"
    headers:
      cache-control:
      - no-cache
      content-length:
      - '959'
      content-type:
      - application/json; charset=utf-8
      date:
      - Mon, 13 Jun 2022 08:59:56 GMT
      expires:
      - '-1'
      pragma:
      - no-cache
      server:
      - Microsoft-HTTPAPI/2.0
      - Microsoft-HTTPAPI/2.0
      strict-transport-security:
      - max-age=31536000; includeSubDomains
      transfer-encoding:
      - chunked
      vary:
      - Accept-Encoding
      x-content-type-options:
      - nosniff
      x-ms-ratelimit-remaining-resource:
      - Microsoft.Compute/LowCostGet3Min;4851,Microsoft.Compute/LowCostGet30Min;39360
    status:
      code: 200
      message: OK
- request:
    body: null
    headers:
      Accept:
      - application/json
      Accept-Encoding:
      - gzip, deflate
      CommandName:
      - snapshot show
      Connection:
      - keep-alive
      ParameterSetName:
      - -g -n
      User-Agent:
      - AZURECLI/2.37.0 azsdk-python-azure-mgmt-compute/27.1.0 Python/3.8.10 (Windows-10-10.0.22000-SP0)
    method: GET
    uri: https://management.azure.com/subscriptions/00000000-0000-0000-0000-000000000000/resourceGroups/cli_test_accelerated_network000001/providers/Microsoft.Compute/snapshots/snapshot1?api-version=2021-12-01
  response:
    body:
      string: "{\r\n  \"name\": \"snapshot1\",\r\n  \"id\": \"/subscriptions/00000000-0000-0000-0000-000000000000/resourceGroups/cli_test_accelerated_network000001/providers/Microsoft.Compute/snapshots/snapshot1\",\r\n
        \ \"type\": \"Microsoft.Compute/snapshots\",\r\n  \"location\": \"westus\",\r\n
        \ \"tags\": {},\r\n  \"sku\": {\r\n    \"name\": \"Standard_LRS\",\r\n    \"tier\":
        \"Standard\"\r\n  },\r\n  \"properties\": {\r\n    \"hyperVGeneration\": \"V1\",\r\n
        \   \"supportedCapabilities\": {\r\n      \"acceleratedNetwork\": false\r\n
        \   },\r\n    \"creationData\": {\r\n      \"createOption\": \"Empty\"\r\n
        \   },\r\n    \"diskSizeGB\": 5,\r\n    \"encryption\": {\r\n      \"type\":
        \"EncryptionAtRestWithPlatformKey\"\r\n    },\r\n    \"incremental\": false,\r\n
        \   \"networkAccessPolicy\": \"AllowAll\",\r\n    \"publicNetworkAccess\":
        \"Enabled\",\r\n    \"timeCreated\": \"2022-06-13T08:59:50.4154478+00:00\",\r\n
        \   \"provisioningState\": \"Succeeded\",\r\n    \"diskState\": \"Unattached\",\r\n
        \   \"diskSizeBytes\": 5368709120,\r\n    \"uniqueId\": \"180a2054-743c-44cf-94d1-49a06484e5f0\"\r\n
        \ }\r\n}"
    headers:
      cache-control:
      - no-cache
      content-length:
      - '959'
      content-type:
      - application/json; charset=utf-8
      date:
      - Mon, 13 Jun 2022 08:59:56 GMT
      expires:
      - '-1'
      pragma:
      - no-cache
      server:
      - Microsoft-HTTPAPI/2.0
      - Microsoft-HTTPAPI/2.0
      strict-transport-security:
      - max-age=31536000; includeSubDomains
      transfer-encoding:
      - chunked
      vary:
      - Accept-Encoding
      x-content-type-options:
      - nosniff
      x-ms-ratelimit-remaining-resource:
      - Microsoft.Compute/LowCostGet3Min;4850,Microsoft.Compute/LowCostGet30Min;39359
    status:
      code: 200
      message: OK
- request:
    body: null
    headers:
      Accept:
      - application/json
      Accept-Encoding:
      - gzip, deflate
      CommandName:
      - snapshot create
      Connection:
      - keep-alive
      ParameterSetName:
      - --size-gb -n -g
      User-Agent:
      - AZURECLI/2.37.0 azsdk-python-azure-mgmt-resource/21.1.0b1 Python/3.8.10 (Windows-10-10.0.22000-SP0)
    method: GET
    uri: https://management.azure.com/subscriptions/00000000-0000-0000-0000-000000000000/resourcegroups/cli_test_accelerated_network000001?api-version=2021-04-01
  response:
    body:
      string: '{"id":"/subscriptions/00000000-0000-0000-0000-000000000000/resourceGroups/cli_test_accelerated_network000001","name":"cli_test_accelerated_network000001","type":"Microsoft.Resources/resourceGroups","location":"westus","tags":{"product":"azurecli","cause":"automation","date":"2022-06-13T08:59:21Z"},"properties":{"provisioningState":"Succeeded"}}'
    headers:
      cache-control:
      - no-cache
      content-length:
      - '346'
      content-type:
      - application/json; charset=utf-8
      date:
      - Mon, 13 Jun 2022 08:59:57 GMT
      expires:
      - '-1'
      pragma:
      - no-cache
      strict-transport-security:
      - max-age=31536000; includeSubDomains
      vary:
      - Accept-Encoding
      x-content-type-options:
      - nosniff
    status:
      code: 200
      message: OK
- request:
    body: '{"location": "westus", "tags": {}, "sku": {"name": "Standard_LRS"}, "properties":
      {"hyperVGeneration": "V1", "creationData": {"createOption": "Empty"}, "diskSizeGB":
      5}}'
    headers:
      Accept:
      - application/json
      Accept-Encoding:
      - gzip, deflate
      CommandName:
      - snapshot create
      Connection:
      - keep-alive
      Content-Length:
      - '169'
      Content-Type:
      - application/json
      ParameterSetName:
      - --size-gb -n -g
      User-Agent:
      - AZURECLI/2.37.0 azsdk-python-azure-mgmt-compute/27.1.0 Python/3.8.10 (Windows-10-10.0.22000-SP0)
    method: PUT
    uri: https://management.azure.com/subscriptions/00000000-0000-0000-0000-000000000000/resourceGroups/cli_test_accelerated_network000001/providers/Microsoft.Compute/snapshots/snapshot2?api-version=2021-12-01
  response:
    body:
      string: "{\r\n  \"location\": \"westus\",\r\n  \"tags\": {},\r\n  \"sku\": {\r\n
        \   \"name\": \"Standard_LRS\"\r\n  },\r\n  \"properties\": {\r\n    \"hyperVGeneration\":
        \"V1\",\r\n    \"creationData\": {\r\n      \"createOption\": \"Empty\"\r\n
        \   },\r\n    \"diskSizeGB\": 5,\r\n    \"provisioningState\": \"Updating\",\r\n
        \   \"isArmResource\": true\r\n  }\r\n}"
    headers:
      azure-asyncoperation:
      - https://management.azure.com/subscriptions/00000000-0000-0000-0000-000000000000/providers/Microsoft.Compute/locations/westus/DiskOperations/5d27d83d-f54e-46b9-aa1f-9fbb55c2d997?p=42128af7-4c72-4222-9761-fb0d8e6cebdc&api-version=2021-12-01
      cache-control:
      - no-cache
      content-length:
      - '294'
      content-type:
      - application/json; charset=utf-8
      date:
      - Mon, 13 Jun 2022 08:59:59 GMT
      expires:
      - '-1'
      location:
      - https://management.azure.com/subscriptions/00000000-0000-0000-0000-000000000000/providers/Microsoft.Compute/locations/westus/DiskOperations/5d27d83d-f54e-46b9-aa1f-9fbb55c2d997?p=42128af7-4c72-4222-9761-fb0d8e6cebdc&monitor=true&api-version=2021-12-01
      pragma:
      - no-cache
      server:
      - Microsoft-HTTPAPI/2.0
      - Microsoft-HTTPAPI/2.0
      strict-transport-security:
      - max-age=31536000; includeSubDomains
      x-content-type-options:
      - nosniff
      x-ms-ratelimit-remaining-resource:
      - Microsoft.Compute/HighCostSnapshotCreateHydrate3Min;990,Microsoft.Compute/HighCostSnapshotCreateHydrate30Min;7988
      x-ms-ratelimit-remaining-subscription-writes:
      - '1182'
    status:
      code: 202
      message: Accepted
- request:
    body: null
    headers:
      Accept:
      - '*/*'
      Accept-Encoding:
      - gzip, deflate
      CommandName:
      - snapshot create
      Connection:
      - keep-alive
      ParameterSetName:
      - --size-gb -n -g
      User-Agent:
      - AZURECLI/2.37.0 azsdk-python-azure-mgmt-compute/27.1.0 Python/3.8.10 (Windows-10-10.0.22000-SP0)
    method: GET
    uri: https://management.azure.com/subscriptions/00000000-0000-0000-0000-000000000000/providers/Microsoft.Compute/locations/westus/DiskOperations/5d27d83d-f54e-46b9-aa1f-9fbb55c2d997?p=42128af7-4c72-4222-9761-fb0d8e6cebdc&api-version=2021-12-01
  response:
    body:
      string: "{\r\n  \"startTime\": \"2022-06-13T09:00:00.4315115+00:00\",\r\n  \"endTime\":
        \"2022-06-13T09:00:00.6190618+00:00\",\r\n  \"status\": \"Succeeded\",\r\n
        \ \"properties\": {\r\n    \"output\": {\r\n  \"name\": \"snapshot2\",\r\n
        \ \"id\": \"/subscriptions/00000000-0000-0000-0000-000000000000/resourceGroups/cli_test_accelerated_network000001/providers/Microsoft.Compute/snapshots/snapshot2\",\r\n
        \ \"type\": \"Microsoft.Compute/snapshots\",\r\n  \"location\": \"westus\",\r\n
        \ \"tags\": {},\r\n  \"sku\": {\r\n    \"name\": \"Standard_LRS\",\r\n    \"tier\":
        \"Standard\"\r\n  },\r\n  \"properties\": {\r\n    \"hyperVGeneration\": \"V1\",\r\n
        \   \"creationData\": {\r\n      \"createOption\": \"Empty\"\r\n    },\r\n
        \   \"diskSizeGB\": 5,\r\n    \"encryption\": {\r\n      \"type\": \"EncryptionAtRestWithPlatformKey\"\r\n
        \   },\r\n    \"incremental\": false,\r\n    \"networkAccessPolicy\": \"AllowAll\",\r\n
        \   \"publicNetworkAccess\": \"Enabled\",\r\n    \"timeCreated\": \"2022-06-13T09:00:00.4315115+00:00\",\r\n
        \   \"provisioningState\": \"Succeeded\",\r\n    \"diskState\": \"Unattached\",\r\n
        \   \"diskSizeBytes\": 5368709120,\r\n    \"uniqueId\": \"fb2b3d32-e4bb-49f8-b39c-6e271edf8d70\"\r\n
        \ }\r\n}\r\n  },\r\n  \"name\": \"5d27d83d-f54e-46b9-aa1f-9fbb55c2d997\"\r\n}"
    headers:
      cache-control:
      - no-cache
      content-length:
      - '1109'
      content-type:
      - application/json; charset=utf-8
      date:
      - Mon, 13 Jun 2022 09:00:01 GMT
      expires:
      - '-1'
      pragma:
      - no-cache
      server:
      - Microsoft-HTTPAPI/2.0
      - Microsoft-HTTPAPI/2.0
      strict-transport-security:
      - max-age=31536000; includeSubDomains
      transfer-encoding:
      - chunked
      vary:
      - Accept-Encoding
      x-content-type-options:
      - nosniff
      x-ms-ratelimit-remaining-resource:
      - Microsoft.Compute/GetOperation3Min;49944,Microsoft.Compute/GetOperation30Min;399925
    status:
      code: 200
      message: OK
- request:
    body: null
    headers:
      Accept:
      - '*/*'
      Accept-Encoding:
      - gzip, deflate
      CommandName:
      - snapshot create
      Connection:
      - keep-alive
      ParameterSetName:
      - --size-gb -n -g
      User-Agent:
      - AZURECLI/2.37.0 azsdk-python-azure-mgmt-compute/27.1.0 Python/3.8.10 (Windows-10-10.0.22000-SP0)
    method: GET
    uri: https://management.azure.com/subscriptions/00000000-0000-0000-0000-000000000000/resourceGroups/cli_test_accelerated_network000001/providers/Microsoft.Compute/snapshots/snapshot2?api-version=2021-12-01
  response:
    body:
      string: "{\r\n  \"name\": \"snapshot2\",\r\n  \"id\": \"/subscriptions/00000000-0000-0000-0000-000000000000/resourceGroups/cli_test_accelerated_network000001/providers/Microsoft.Compute/snapshots/snapshot2\",\r\n
        \ \"type\": \"Microsoft.Compute/snapshots\",\r\n  \"location\": \"westus\",\r\n
        \ \"tags\": {},\r\n  \"sku\": {\r\n    \"name\": \"Standard_LRS\",\r\n    \"tier\":
        \"Standard\"\r\n  },\r\n  \"properties\": {\r\n    \"hyperVGeneration\": \"V1\",\r\n
        \   \"creationData\": {\r\n      \"createOption\": \"Empty\"\r\n    },\r\n
        \   \"diskSizeGB\": 5,\r\n    \"encryption\": {\r\n      \"type\": \"EncryptionAtRestWithPlatformKey\"\r\n
        \   },\r\n    \"incremental\": false,\r\n    \"networkAccessPolicy\": \"AllowAll\",\r\n
        \   \"publicNetworkAccess\": \"Enabled\",\r\n    \"timeCreated\": \"2022-06-13T09:00:00.4315115+00:00\",\r\n
        \   \"provisioningState\": \"Succeeded\",\r\n    \"diskState\": \"Unattached\",\r\n
        \   \"diskSizeBytes\": 5368709120,\r\n    \"uniqueId\": \"fb2b3d32-e4bb-49f8-b39c-6e271edf8d70\"\r\n
        \ }\r\n}"
    headers:
      cache-control:
      - no-cache
      content-length:
      - '884'
      content-type:
      - application/json; charset=utf-8
      date:
      - Mon, 13 Jun 2022 09:00:02 GMT
      expires:
      - '-1'
      pragma:
      - no-cache
      server:
      - Microsoft-HTTPAPI/2.0
      - Microsoft-HTTPAPI/2.0
      strict-transport-security:
      - max-age=31536000; includeSubDomains
      transfer-encoding:
      - chunked
      vary:
      - Accept-Encoding
      x-content-type-options:
      - nosniff
      x-ms-ratelimit-remaining-resource:
      - Microsoft.Compute/LowCostGet3Min;4859,Microsoft.Compute/LowCostGet30Min;39404
    status:
      code: 200
      message: OK
- request:
    body: null
    headers:
      Accept:
      - application/json
      Accept-Encoding:
      - gzip, deflate
      CommandName:
      - snapshot show
      Connection:
      - keep-alive
      ParameterSetName:
      - -g -n
      User-Agent:
      - AZURECLI/2.37.0 azsdk-python-azure-mgmt-compute/27.1.0 Python/3.8.10 (Windows-10-10.0.22000-SP0)
    method: GET
    uri: https://management.azure.com/subscriptions/00000000-0000-0000-0000-000000000000/resourceGroups/cli_test_accelerated_network000001/providers/Microsoft.Compute/snapshots/snapshot2?api-version=2021-12-01
  response:
    body:
      string: "{\r\n  \"name\": \"snapshot2\",\r\n  \"id\": \"/subscriptions/00000000-0000-0000-0000-000000000000/resourceGroups/cli_test_accelerated_network000001/providers/Microsoft.Compute/snapshots/snapshot2\",\r\n
        \ \"type\": \"Microsoft.Compute/snapshots\",\r\n  \"location\": \"westus\",\r\n
        \ \"tags\": {},\r\n  \"sku\": {\r\n    \"name\": \"Standard_LRS\",\r\n    \"tier\":
        \"Standard\"\r\n  },\r\n  \"properties\": {\r\n    \"hyperVGeneration\": \"V1\",\r\n
        \   \"creationData\": {\r\n      \"createOption\": \"Empty\"\r\n    },\r\n
        \   \"diskSizeGB\": 5,\r\n    \"encryption\": {\r\n      \"type\": \"EncryptionAtRestWithPlatformKey\"\r\n
        \   },\r\n    \"incremental\": false,\r\n    \"networkAccessPolicy\": \"AllowAll\",\r\n
        \   \"publicNetworkAccess\": \"Enabled\",\r\n    \"timeCreated\": \"2022-06-13T09:00:00.4315115+00:00\",\r\n
        \   \"provisioningState\": \"Succeeded\",\r\n    \"diskState\": \"Unattached\",\r\n
        \   \"diskSizeBytes\": 5368709120,\r\n    \"uniqueId\": \"fb2b3d32-e4bb-49f8-b39c-6e271edf8d70\"\r\n
        \ }\r\n}"
    headers:
      cache-control:
      - no-cache
      content-length:
      - '884'
      content-type:
      - application/json; charset=utf-8
      date:
      - Mon, 13 Jun 2022 09:00:03 GMT
      expires:
      - '-1'
      pragma:
      - no-cache
      server:
      - Microsoft-HTTPAPI/2.0
      - Microsoft-HTTPAPI/2.0
      strict-transport-security:
      - max-age=31536000; includeSubDomains
      transfer-encoding:
      - chunked
      vary:
      - Accept-Encoding
      x-content-type-options:
      - nosniff
      x-ms-ratelimit-remaining-resource:
      - Microsoft.Compute/LowCostGet3Min;4858,Microsoft.Compute/LowCostGet30Min;39403
    status:
      code: 200
      message: OK
- request:
    body: null
    headers:
      Accept:
      - application/json
      Accept-Encoding:
      - gzip, deflate
      CommandName:
      - snapshot update
      Connection:
      - keep-alive
      ParameterSetName:
      - --accelerated-network -n -g
      User-Agent:
      - AZURECLI/2.37.0 azsdk-python-azure-mgmt-compute/27.1.0 Python/3.8.10 (Windows-10-10.0.22000-SP0)
    method: GET
    uri: https://management.azure.com/subscriptions/00000000-0000-0000-0000-000000000000/resourceGroups/cli_test_accelerated_network000001/providers/Microsoft.Compute/snapshots/snapshot2?api-version=2021-12-01
  response:
    body:
      string: "{\r\n  \"name\": \"snapshot2\",\r\n  \"id\": \"/subscriptions/00000000-0000-0000-0000-000000000000/resourceGroups/cli_test_accelerated_network000001/providers/Microsoft.Compute/snapshots/snapshot2\",\r\n
        \ \"type\": \"Microsoft.Compute/snapshots\",\r\n  \"location\": \"westus\",\r\n
        \ \"tags\": {},\r\n  \"sku\": {\r\n    \"name\": \"Standard_LRS\",\r\n    \"tier\":
        \"Standard\"\r\n  },\r\n  \"properties\": {\r\n    \"hyperVGeneration\": \"V1\",\r\n
        \   \"creationData\": {\r\n      \"createOption\": \"Empty\"\r\n    },\r\n
        \   \"diskSizeGB\": 5,\r\n    \"encryption\": {\r\n      \"type\": \"EncryptionAtRestWithPlatformKey\"\r\n
        \   },\r\n    \"incremental\": false,\r\n    \"networkAccessPolicy\": \"AllowAll\",\r\n
        \   \"publicNetworkAccess\": \"Enabled\",\r\n    \"timeCreated\": \"2022-06-13T09:00:00.4315115+00:00\",\r\n
        \   \"provisioningState\": \"Succeeded\",\r\n    \"diskState\": \"Unattached\",\r\n
        \   \"diskSizeBytes\": 5368709120,\r\n    \"uniqueId\": \"fb2b3d32-e4bb-49f8-b39c-6e271edf8d70\"\r\n
        \ }\r\n}"
    headers:
      cache-control:
      - no-cache
      content-length:
      - '884'
      content-type:
      - application/json; charset=utf-8
      date:
      - Mon, 13 Jun 2022 09:00:03 GMT
      expires:
      - '-1'
      pragma:
      - no-cache
      server:
      - Microsoft-HTTPAPI/2.0
      - Microsoft-HTTPAPI/2.0
      strict-transport-security:
      - max-age=31536000; includeSubDomains
      transfer-encoding:
      - chunked
      vary:
      - Accept-Encoding
      x-content-type-options:
      - nosniff
      x-ms-ratelimit-remaining-resource:
      - Microsoft.Compute/LowCostGet3Min;4857,Microsoft.Compute/LowCostGet30Min;39402
    status:
      code: 200
      message: OK
- request:
    body: '{"location": "westus", "tags": {}, "sku": {"name": "Standard_LRS"}, "properties":
      {"hyperVGeneration": "V1", "supportedCapabilities": {"acceleratedNetwork": true},
      "creationData": {"createOption": "Empty"}, "diskSizeGB": 5, "incremental": false,
      "encryption": {"type": "EncryptionAtRestWithPlatformKey"}, "networkAccessPolicy":
      "AllowAll", "publicNetworkAccess": "Enabled"}}'
    headers:
      Accept:
      - application/json
      Accept-Encoding:
      - gzip, deflate
      CommandName:
      - snapshot update
      Connection:
      - keep-alive
      Content-Length:
      - '374'
      Content-Type:
      - application/json
      ParameterSetName:
      - --accelerated-network -n -g
      User-Agent:
      - AZURECLI/2.37.0 azsdk-python-azure-mgmt-compute/27.1.0 Python/3.8.10 (Windows-10-10.0.22000-SP0)
    method: PUT
    uri: https://management.azure.com/subscriptions/00000000-0000-0000-0000-000000000000/resourceGroups/cli_test_accelerated_network000001/providers/Microsoft.Compute/snapshots/snapshot2?api-version=2021-12-01
  response:
    body:
      string: "{\r\n  \"location\": \"westus\",\r\n  \"tags\": {},\r\n  \"sku\": {\r\n
        \   \"name\": \"Standard_LRS\"\r\n  },\r\n  \"properties\": {\r\n    \"hyperVGeneration\":
        \"V1\",\r\n    \"supportedCapabilities\": {\r\n      \"acceleratedNetwork\":
        true\r\n    },\r\n    \"creationData\": {\r\n      \"createOption\": \"Empty\"\r\n
        \   },\r\n    \"diskSizeGB\": 5,\r\n    \"encryption\": {\r\n      \"type\":
        \"EncryptionAtRestWithPlatformKey\"\r\n    },\r\n    \"incremental\": false,\r\n
        \   \"networkAccessPolicy\": \"AllowAll\",\r\n    \"publicNetworkAccess\":
        \"Enabled\",\r\n    \"provisioningState\": \"Updating\",\r\n    \"isArmResource\":
        true,\r\n    \"colocationConstraints\": {},\r\n    \"faultDomain\": 0\r\n
        \ }\r\n}"
    headers:
      azure-asyncoperation:
      - https://management.azure.com/subscriptions/00000000-0000-0000-0000-000000000000/providers/Microsoft.Compute/locations/westus/DiskOperations/63e416f0-6a30-43a8-9896-0954a96fbe3c?p=42128af7-4c72-4222-9761-fb0d8e6cebdc&api-version=2021-12-01
      cache-control:
      - no-cache
      content-length:
      - '609'
      content-type:
      - application/json; charset=utf-8
      date:
      - Mon, 13 Jun 2022 09:00:05 GMT
      expires:
      - '-1'
      location:
      - https://management.azure.com/subscriptions/00000000-0000-0000-0000-000000000000/providers/Microsoft.Compute/locations/westus/DiskOperations/63e416f0-6a30-43a8-9896-0954a96fbe3c?p=42128af7-4c72-4222-9761-fb0d8e6cebdc&monitor=true&api-version=2021-12-01
      pragma:
      - no-cache
      server:
      - Microsoft-HTTPAPI/2.0
      - Microsoft-HTTPAPI/2.0
      strict-transport-security:
      - max-age=31536000; includeSubDomains
      x-content-type-options:
      - nosniff
      x-ms-ratelimit-remaining-resource:
      - Microsoft.Compute/HighCostSnapshotCreateHydrate3Min;989,Microsoft.Compute/HighCostSnapshotCreateHydrate30Min;7987
      x-ms-ratelimit-remaining-subscription-writes:
      - '1187'
    status:
      code: 202
      message: Accepted
- request:
    body: null
    headers:
      Accept:
      - '*/*'
      Accept-Encoding:
      - gzip, deflate
      CommandName:
      - snapshot update
      Connection:
      - keep-alive
      ParameterSetName:
      - --accelerated-network -n -g
      User-Agent:
      - AZURECLI/2.37.0 azsdk-python-azure-mgmt-compute/27.1.0 Python/3.8.10 (Windows-10-10.0.22000-SP0)
    method: GET
    uri: https://management.azure.com/subscriptions/00000000-0000-0000-0000-000000000000/providers/Microsoft.Compute/locations/westus/DiskOperations/63e416f0-6a30-43a8-9896-0954a96fbe3c?p=42128af7-4c72-4222-9761-fb0d8e6cebdc&api-version=2021-12-01
  response:
    body:
      string: "{\r\n  \"startTime\": \"2022-06-13T09:00:05.8536911+00:00\",\r\n  \"endTime\":
        \"2022-06-13T09:00:05.978667+00:00\",\r\n  \"status\": \"Succeeded\",\r\n
        \ \"properties\": {\r\n    \"output\": {\r\n  \"name\": \"snapshot2\",\r\n
        \ \"id\": \"/subscriptions/00000000-0000-0000-0000-000000000000/resourceGroups/cli_test_accelerated_network000001/providers/Microsoft.Compute/snapshots/snapshot2\",\r\n
        \ \"type\": \"Microsoft.Compute/snapshots\",\r\n  \"location\": \"westus\",\r\n
        \ \"tags\": {},\r\n  \"sku\": {\r\n    \"name\": \"Standard_LRS\",\r\n    \"tier\":
        \"Standard\"\r\n  },\r\n  \"properties\": {\r\n    \"hyperVGeneration\": \"V1\",\r\n
        \   \"supportedCapabilities\": {\r\n      \"acceleratedNetwork\": true\r\n
        \   },\r\n    \"creationData\": {\r\n      \"createOption\": \"Empty\"\r\n
        \   },\r\n    \"diskSizeGB\": 5,\r\n    \"encryption\": {\r\n      \"type\":
        \"EncryptionAtRestWithPlatformKey\"\r\n    },\r\n    \"incremental\": false,\r\n
        \   \"networkAccessPolicy\": \"AllowAll\",\r\n    \"publicNetworkAccess\":
        \"Enabled\",\r\n    \"timeCreated\": \"2022-06-13T09:00:00.4315115+00:00\",\r\n
        \   \"provisioningState\": \"Succeeded\",\r\n    \"diskState\": \"Unattached\",\r\n
        \   \"diskSizeBytes\": 5368709120,\r\n    \"uniqueId\": \"fb2b3d32-e4bb-49f8-b39c-6e271edf8d70\"\r\n
        \ }\r\n}\r\n  },\r\n  \"name\": \"63e416f0-6a30-43a8-9896-0954a96fbe3c\"\r\n}"
    headers:
      cache-control:
      - no-cache
      content-length:
      - '1182'
      content-type:
      - application/json; charset=utf-8
      date:
      - Mon, 13 Jun 2022 09:00:07 GMT
      expires:
      - '-1'
      pragma:
      - no-cache
      server:
      - Microsoft-HTTPAPI/2.0
      - Microsoft-HTTPAPI/2.0
      strict-transport-security:
      - max-age=31536000; includeSubDomains
      transfer-encoding:
      - chunked
      vary:
      - Accept-Encoding
      x-content-type-options:
      - nosniff
      x-ms-ratelimit-remaining-resource:
      - Microsoft.Compute/GetOperation3Min;49940,Microsoft.Compute/GetOperation30Min;399921
    status:
      code: 200
      message: OK
- request:
    body: null
    headers:
      Accept:
      - '*/*'
      Accept-Encoding:
      - gzip, deflate
      CommandName:
      - snapshot update
      Connection:
      - keep-alive
      ParameterSetName:
      - --accelerated-network -n -g
      User-Agent:
      - AZURECLI/2.37.0 azsdk-python-azure-mgmt-compute/27.1.0 Python/3.8.10 (Windows-10-10.0.22000-SP0)
    method: GET
    uri: https://management.azure.com/subscriptions/00000000-0000-0000-0000-000000000000/resourceGroups/cli_test_accelerated_network000001/providers/Microsoft.Compute/snapshots/snapshot2?api-version=2021-12-01
  response:
    body:
      string: "{\r\n  \"name\": \"snapshot2\",\r\n  \"id\": \"/subscriptions/00000000-0000-0000-0000-000000000000/resourceGroups/cli_test_accelerated_network000001/providers/Microsoft.Compute/snapshots/snapshot2\",\r\n
        \ \"type\": \"Microsoft.Compute/snapshots\",\r\n  \"location\": \"westus\",\r\n
        \ \"tags\": {},\r\n  \"sku\": {\r\n    \"name\": \"Standard_LRS\",\r\n    \"tier\":
        \"Standard\"\r\n  },\r\n  \"properties\": {\r\n    \"hyperVGeneration\": \"V1\",\r\n
        \   \"supportedCapabilities\": {\r\n      \"acceleratedNetwork\": true\r\n
        \   },\r\n    \"creationData\": {\r\n      \"createOption\": \"Empty\"\r\n
        \   },\r\n    \"diskSizeGB\": 5,\r\n    \"encryption\": {\r\n      \"type\":
        \"EncryptionAtRestWithPlatformKey\"\r\n    },\r\n    \"incremental\": false,\r\n
        \   \"networkAccessPolicy\": \"AllowAll\",\r\n    \"publicNetworkAccess\":
        \"Enabled\",\r\n    \"timeCreated\": \"2022-06-13T09:00:00.4315115+00:00\",\r\n
        \   \"provisioningState\": \"Succeeded\",\r\n    \"diskState\": \"Unattached\",\r\n
        \   \"diskSizeBytes\": 5368709120,\r\n    \"uniqueId\": \"fb2b3d32-e4bb-49f8-b39c-6e271edf8d70\"\r\n
        \ }\r\n}"
    headers:
      cache-control:
      - no-cache
      content-length:
      - '958'
      content-type:
      - application/json; charset=utf-8
      date:
      - Mon, 13 Jun 2022 09:00:08 GMT
      expires:
      - '-1'
      pragma:
      - no-cache
      server:
      - Microsoft-HTTPAPI/2.0
      - Microsoft-HTTPAPI/2.0
      strict-transport-security:
      - max-age=31536000; includeSubDomains
      transfer-encoding:
      - chunked
      vary:
      - Accept-Encoding
      x-content-type-options:
      - nosniff
      x-ms-ratelimit-remaining-resource:
      - Microsoft.Compute/LowCostGet3Min;4850,Microsoft.Compute/LowCostGet30Min;39395
    status:
      code: 200
      message: OK
- request:
    body: null
    headers:
      Accept:
      - application/json
      Accept-Encoding:
      - gzip, deflate
      CommandName:
      - snapshot show
      Connection:
      - keep-alive
      ParameterSetName:
      - -g -n
      User-Agent:
      - AZURECLI/2.37.0 azsdk-python-azure-mgmt-compute/27.1.0 Python/3.8.10 (Windows-10-10.0.22000-SP0)
    method: GET
    uri: https://management.azure.com/subscriptions/00000000-0000-0000-0000-000000000000/resourceGroups/cli_test_accelerated_network000001/providers/Microsoft.Compute/snapshots/snapshot2?api-version=2021-12-01
  response:
    body:
      string: "{\r\n  \"name\": \"snapshot2\",\r\n  \"id\": \"/subscriptions/00000000-0000-0000-0000-000000000000/resourceGroups/cli_test_accelerated_network000001/providers/Microsoft.Compute/snapshots/snapshot2\",\r\n
        \ \"type\": \"Microsoft.Compute/snapshots\",\r\n  \"location\": \"westus\",\r\n
        \ \"tags\": {},\r\n  \"sku\": {\r\n    \"name\": \"Standard_LRS\",\r\n    \"tier\":
        \"Standard\"\r\n  },\r\n  \"properties\": {\r\n    \"hyperVGeneration\": \"V1\",\r\n
        \   \"supportedCapabilities\": {\r\n      \"acceleratedNetwork\": true\r\n
        \   },\r\n    \"creationData\": {\r\n      \"createOption\": \"Empty\"\r\n
        \   },\r\n    \"diskSizeGB\": 5,\r\n    \"encryption\": {\r\n      \"type\":
        \"EncryptionAtRestWithPlatformKey\"\r\n    },\r\n    \"incremental\": false,\r\n
        \   \"networkAccessPolicy\": \"AllowAll\",\r\n    \"publicNetworkAccess\":
        \"Enabled\",\r\n    \"timeCreated\": \"2022-06-13T09:00:00.4315115+00:00\",\r\n
        \   \"provisioningState\": \"Succeeded\",\r\n    \"diskState\": \"Unattached\",\r\n
        \   \"diskSizeBytes\": 5368709120,\r\n    \"uniqueId\": \"fb2b3d32-e4bb-49f8-b39c-6e271edf8d70\"\r\n
        \ }\r\n}"
    headers:
      cache-control:
      - no-cache
      content-length:
      - '958'
      content-type:
      - application/json; charset=utf-8
      date:
      - Mon, 13 Jun 2022 09:00:08 GMT
      expires:
      - '-1'
      pragma:
      - no-cache
      server:
      - Microsoft-HTTPAPI/2.0
      - Microsoft-HTTPAPI/2.0
      strict-transport-security:
      - max-age=31536000; includeSubDomains
      transfer-encoding:
      - chunked
      vary:
      - Accept-Encoding
      x-content-type-options:
      - nosniff
      x-ms-ratelimit-remaining-resource:
      - Microsoft.Compute/LowCostGet3Min;4849,Microsoft.Compute/LowCostGet30Min;39394
    status:
      code: 200
      message: OK
version: 1
