interactions:
- request:
    body: null
    headers:
      Accept:
      - application/json
      Accept-Encoding:
      - gzip, deflate
      CommandName:
      - vmss create
      Connection:
      - keep-alive
      ParameterSetName:
      - -g -n --authentication-type --admin-username --admin-password --image --orchestration-mode
        --lb-sku
      User-Agent:
      - AZURECLI/2.63.0 azsdk-python-core/1.28.0 Python/3.10.11 (Windows-10-10.0.22631-SP0)
    method: GET
    uri: https://management.azure.com/subscriptions/00000000-0000-0000-0000-000000000000/resourcegroups/cli_test_vmss_nics000001?api-version=2022-09-01
  response:
    body:
      string: '{"id":"/subscriptions/00000000-0000-0000-0000-000000000000/resourceGroups/cli_test_vmss_nics000001","name":"cli_test_vmss_nics000001","type":"Microsoft.Resources/resourceGroups","location":"eastus","tags":{"product":"azurecli","cause":"automation","test":"test_vmss_nics","date":"2024-08-21T02:32:50Z","module":"vm","Creator":"zhuyan@microsoft.com","DateCreated":"2024-08-21T02:32:55Z"},"properties":{"provisioningState":"Succeeded"}}'
    headers:
      cache-control:
      - no-cache
      content-length:
      - '434'
      content-type:
      - application/json; charset=utf-8
      date:
      - Wed, 21 Aug 2024 02:32:55 GMT
      expires:
      - '-1'
      pragma:
      - no-cache
      strict-transport-security:
      - max-age=31536000; includeSubDomains
      x-cache:
      - CONFIG_NOCACHE
      x-content-type-options:
      - nosniff
      x-ms-ratelimit-remaining-subscription-global-reads:
      - '3749'
      x-msedge-ref:
      - 'Ref A: AD02B3F9D28242B5BD5B12575E83481C Ref B: OSA221030114053 Ref C: 2024-08-21T02:32:56Z'
    status:
      code: 200
      message: OK
- request:
    body: null
    headers:
      Accept:
      - '*/*'
      Accept-Encoding:
      - gzip, deflate
      Connection:
      - keep-alive
      User-Agent:
      - python-requests/2.32.3
    method: GET
    uri: https://raw.githubusercontent.com/Azure/azure-rest-api-specs/main/arm-compute/quickstart-templates/aliases.json
  response:
    body:
      string: "{\n  \"$schema\": \"http://schema.management.azure.com/schemas/2015-01-01/deploymentTemplate.json\"\
        ,\n  \"contentVersion\": \"1.0.0.0\",\n  \"parameters\": {},\n  \"variables\"\
        : {},\n  \"resources\": [],\n  \"outputs\": {\n    \"aliases\": {\n      \"\
        type\": \"object\",\n      \"value\": {\n        \"Linux\": {\n          \"\
        CentOS85Gen2\": {\n            \"publisher\":  \"OpenLogic\",\n          \
        \  \"offer\":  \"CentOS\",\n            \"sku\":  \"8_5-gen2\",\n        \
        \    \"version\":  \"latest\",\n            \"architecture\": \"x64\"\n  \
        \        },\n          \"Debian11\":  {\n            \"publisher\":  \"Debian\"\
        ,\n            \"offer\":  \"debian-11\",\n            \"sku\":  \"11-backports-gen2\"\
        ,\n            \"version\":  \"latest\",\n            \"architecture\": \"\
        x64\"\n          },\n          \"FlatcarLinuxFreeGen2\":  {\n            \"\
        publisher\":  \"kinvolk\",\n            \"offer\":  \"flatcar-container-linux-free\"\
        ,\n            \"sku\":  \"stable-gen2\",\n            \"version\":  \"latest\"\
        ,\n            \"architecture\": \"x64\"\n          },\n          \"OpenSuseLeap154Gen2\"\
        :  {\n            \"publisher\":  \"SUSE\",\n            \"offer\":  \"openSUSE-leap-15-4\"\
        ,\n            \"sku\":  \"gen2\",\n            \"version\":  \"latest\",\n\
        \            \"architecture\": \"x64\"\n          },\n          \"RHELRaw8LVMGen2\"\
        :  {\n            \"publisher\":  \"RedHat\",\n            \"offer\":  \"\
        RHEL\",\n            \"sku\":  \"8-lvm-gen2\",\n            \"version\": \
        \ \"latest\",\n            \"architecture\": \"x64\"\n          },\n     \
        \     \"SuseSles15SP3\": {\n            \"publisher\": \"SUSE\",\n       \
        \     \"offer\": \"sles-15-sp3\",\n            \"sku\": \"gen2\",\n      \
        \      \"version\": \"latest\",\n            \"architecture\": \"x64\"\n \
        \         },\n          \"Ubuntu2204\":  {\n            \"publisher\":  \"\
        Canonical\",\n            \"offer\":  \"0001-com-ubuntu-server-jammy\",\n\
        \            \"sku\":  \"22_04-lts-gen2\",\n            \"version\":  \"latest\"\
        ,\n            \"architecture\": \"x64\"\n          }\n        },\n      \
        \  \"Windows\": {\n          \"Win2022Datacenter\": {\n            \"publisher\"\
        : \"MicrosoftWindowsServer\",\n            \"offer\": \"WindowsServer\",\n\
        \            \"sku\": \"2022-datacenter-g2\",\n            \"version\": \"\
        latest\",\n            \"architecture\": \"x64\"\n          },\n         \
        \ \"Win2022AzureEditionCore\": {\n            \"publisher\": \"MicrosoftWindowsServer\"\
        ,\n            \"offer\": \"WindowsServer\",\n            \"sku\": \"2022-datacenter-azure-edition-core\"\
        ,\n            \"version\": \"latest\",\n            \"architecture\": \"\
        x64\"\n          },\n          \"Win2019Datacenter\": {\n            \"publisher\"\
        : \"MicrosoftWindowsServer\",\n            \"offer\": \"WindowsServer\",\n\
        \            \"sku\": \"2019-datacenter-gensecond\",\n            \"version\"\
        : \"latest\",\n            \"architecture\": \"x64\"\n          },\n     \
        \     \"Win2016Datacenter\": {\n            \"publisher\": \"MicrosoftWindowsServer\"\
        ,\n            \"offer\": \"WindowsServer\",\n            \"sku\": \"2016-datacenter-gensecond\"\
        ,\n            \"version\": \"latest\",\n            \"architecture\": \"\
        x64\"\n          },\n          \"Win2012R2Datacenter\": {\n            \"\
        publisher\": \"MicrosoftWindowsServer\",\n            \"offer\": \"WindowsServer\"\
        ,\n            \"sku\": \"2012-R2-Datacenter\",\n            \"version\":\
        \ \"latest\",\n            \"architecture\": \"x64\"\n          },\n     \
        \     \"Win2012Datacenter\": {\n            \"publisher\": \"MicrosoftWindowsServer\"\
        ,\n            \"offer\": \"WindowsServer\",\n            \"sku\": \"2012-Datacenter\"\
        ,\n            \"version\": \"latest\",\n            \"architecture\": \"\
        x64\"\n          }\n        }\n      }\n    }\n  }\n}\n"
    headers:
      accept-ranges:
      - bytes
      access-control-allow-origin:
      - '*'
      cache-control:
      - max-age=300
      connection:
      - keep-alive
      content-length:
      - '3384'
      content-security-policy:
      - default-src 'none'; style-src 'unsafe-inline'; sandbox
      content-type:
      - text/plain; charset=utf-8
      cross-origin-resource-policy:
      - cross-origin
      date:
      - Wed, 21 Aug 2024 02:32:56 GMT
      etag:
      - W/"8f34071e3f10c641931f33307d1319d34bae37f557ea31022a455502dae9ebc2"
      expires:
      - Wed, 21 Aug 2024 02:37:56 GMT
      source-age:
      - '0'
      strict-transport-security:
      - max-age=31536000
      vary:
      - Authorization,Accept-Encoding,Origin
      via:
      - 1.1 varnish
      x-cache:
      - HIT
      x-cache-hits:
      - '0'
      x-content-type-options:
      - nosniff
      x-fastly-request-id:
      - c93065d2f96020110f3885977c65822c843844e8
      x-frame-options:
      - deny
      x-github-request-id:
      - D01E:23C16:11D923:155883:66C3D3D2
      x-served-by:
      - cache-qpg1222-QPG
      x-timer:
      - S1724207576.471295,VS0,VE267
      x-xss-protection:
      - 1; mode=block
    status:
      code: 200
      message: OK
- request:
    body: null
    headers:
      Accept:
      - application/json
      Accept-Encoding:
      - gzip, deflate
      CommandName:
      - vmss create
      Connection:
      - keep-alive
      ParameterSetName:
      - -g -n --authentication-type --admin-username --admin-password --image --orchestration-mode
        --lb-sku
      User-Agent:
      - AZURECLI/2.63.0 azsdk-python-core/1.28.0 Python/3.10.11 (Windows-10-10.0.22631-SP0)
    method: GET
    uri: https://management.azure.com/subscriptions/00000000-0000-0000-0000-000000000000/providers/Microsoft.Compute/locations/eastus/publishers/MicrosoftWindowsServer/artifacttypes/vmimage/offers/WindowsServer/skus/2022-datacenter-g2/versions?$top=1&$orderby=name%20desc&api-version=2024-03-01
  response:
    body:
      string: "[\r\n  {\r\n    \"location\": \"eastus\",\r\n    \"name\": \"20348.2655.240810\"\
        ,\r\n    \"id\": \"/Subscriptions/00000000-0000-0000-0000-000000000000/Providers/Microsoft.Compute/Locations/eastus/Publishers/MicrosoftWindowsServer/ArtifactTypes/VMImage/Offers/WindowsServer/Skus/2022-datacenter-g2/Versions/20348.2655.240810\"\
        \r\n  }\r\n]"
    headers:
      cache-control:
      - no-cache
      content-length:
      - '313'
      content-type:
      - application/json; charset=utf-8
      date:
      - Wed, 21 Aug 2024 02:32:57 GMT
      expires:
      - '-1'
      pragma:
      - no-cache
      strict-transport-security:
      - max-age=31536000; includeSubDomains
      x-cache:
      - CONFIG_NOCACHE
      x-content-type-options:
      - nosniff
      x-ms-ratelimit-remaining-resource:
      - Microsoft.Compute/ListVMImagesVersionsFromLocation3Min;15999,Microsoft.Compute/ListVMImagesVersionsFromLocation30Min;43999
      x-ms-ratelimit-remaining-subscription-global-reads:
      - '3749'
      x-msedge-ref:
      - 'Ref A: A07D2A92A9DD4D8F801B2863F52D0AE1 Ref B: OSA221030115033 Ref C: 2024-08-21T02:32:56Z'
    status:
      code: 200
      message: OK
- request:
    body: null
    headers:
      Accept:
      - application/json
      Accept-Encoding:
      - gzip, deflate
      CommandName:
      - vmss create
      Connection:
      - keep-alive
      ParameterSetName:
      - -g -n --authentication-type --admin-username --admin-password --image --orchestration-mode
        --lb-sku
      User-Agent:
      - AZURECLI/2.63.0 azsdk-python-core/1.28.0 Python/3.10.11 (Windows-10-10.0.22631-SP0)
    method: GET
    uri: https://management.azure.com/subscriptions/00000000-0000-0000-0000-000000000000/providers/Microsoft.Compute/locations/eastus/publishers/MicrosoftWindowsServer/artifacttypes/vmimage/offers/WindowsServer/skus/2022-datacenter-g2/versions/20348.2655.240810?api-version=2024-03-01
  response:
    body:
      string: "{\r\n  \"properties\": {\r\n    \"hyperVGeneration\": \"V2\",\r\n \
        \   \"architecture\": \"x64\",\r\n    \"replicaType\": \"Managed\",\r\n  \
        \  \"replicaCount\": 10,\r\n    \"disallowed\": {\r\n      \"vmDiskType\"\
        : \"Unmanaged\"\r\n    },\r\n    \"automaticOSUpgradeProperties\": {\r\n \
        \     \"automaticOSUpgradeSupported\": false\r\n    },\r\n    \"imageDeprecationStatus\"\
        : {\r\n      \"imageState\": \"Active\"\r\n    },\r\n    \"features\": [\r\
        \n      {\r\n        \"name\": \"SecurityType\",\r\n        \"value\": \"\
        TrustedLaunchAndConfidentialVmSupported\"\r\n      },\r\n      {\r\n     \
        \   \"name\": \"IsAcceleratedNetworkSupported\",\r\n        \"value\": \"\
        True\"\r\n      },\r\n      {\r\n        \"name\": \"DiskControllerTypes\"\
        ,\r\n        \"value\": \"SCSI, NVMe\"\r\n      },\r\n      {\r\n        \"\
        name\": \"IsHibernateSupported\",\r\n        \"value\": \"True\"\r\n     \
        \ }\r\n    ],\r\n    \"osDiskImage\": {\r\n      \"operatingSystem\": \"Windows\"\
        ,\r\n      \"sizeInGb\": 127\r\n    },\r\n    \"dataDiskImages\": []\r\n \
        \ },\r\n  \"location\": \"eastus\",\r\n  \"name\": \"20348.2655.240810\",\r\
        \n  \"id\": \"/Subscriptions/00000000-0000-0000-0000-000000000000/Providers/Microsoft.Compute/Locations/eastus/Publishers/MicrosoftWindowsServer/ArtifactTypes/VMImage/Offers/WindowsServer/Skus/2022-datacenter-g2/Versions/20348.2655.240810\"\
        \r\n}"
    headers:
      cache-control:
      - no-cache
      content-length:
      - '1184'
      content-type:
      - application/json; charset=utf-8
      date:
      - Wed, 21 Aug 2024 02:32:58 GMT
      expires:
      - '-1'
      pragma:
      - no-cache
      strict-transport-security:
      - max-age=31536000; includeSubDomains
      x-cache:
      - CONFIG_NOCACHE
      x-content-type-options:
      - nosniff
      x-ms-ratelimit-remaining-resource:
      - Microsoft.Compute/GetVMImageFromLocation3Min;12999,Microsoft.Compute/GetVMImageFromLocation30Min;73999
      x-ms-ratelimit-remaining-subscription-global-reads:
      - '3748'
      x-msedge-ref:
      - 'Ref A: 95DEDDEB8EE74F9991A8CB769C586D45 Ref B: OSA221030113017 Ref C: 2024-08-21T02:32:57Z'
    status:
      code: 200
      message: OK
- request:
    body: null
    headers:
      Accept:
      - application/json
      Accept-Encoding:
      - gzip, deflate
      CommandName:
      - vmss create
      Connection:
      - keep-alive
      ParameterSetName:
      - -g -n --authentication-type --admin-username --admin-password --image --orchestration-mode
        --lb-sku
      User-Agent:
      - AZURECLI/2.63.0 azsdk-python-core/1.28.0 Python/3.10.11 (Windows-10-10.0.22631-SP0)
    method: GET
    uri: https://management.azure.com/subscriptions/00000000-0000-0000-0000-000000000000/resourceGroups/cli_test_vmss_nics000001/providers/Microsoft.Network/virtualNetworks?api-version=2022-01-01
  response:
    body:
      string: '{"value":[]}'
    headers:
      cache-control:
      - no-cache
      content-length:
      - '12'
      content-type:
      - application/json; charset=utf-8
      date:
      - Wed, 21 Aug 2024 02:32:58 GMT
      expires:
      - '-1'
      pragma:
      - no-cache
      strict-transport-security:
      - max-age=31536000; includeSubDomains
      x-cache:
      - CONFIG_NOCACHE
      x-content-type-options:
      - nosniff
      x-ms-ratelimit-remaining-subscription-global-reads:
      - '3749'
      x-msedge-ref:
      - 'Ref A: 847083AE00584B11B73583E0457FCC4D Ref B: OSA221030115019 Ref C: 2024-08-21T02:32:58Z'
    status:
      code: 200
      message: OK
- request:
    body: null
    headers:
      Accept:
      - '*/*'
      Accept-Encoding:
      - gzip, deflate
      Connection:
      - keep-alive
      User-Agent:
      - python-requests/2.32.3
    method: GET
    uri: https://raw.githubusercontent.com/Azure/azure-rest-api-specs/main/arm-compute/quickstart-templates/aliases.json
  response:
    body:
      string: "{\n  \"$schema\": \"http://schema.management.azure.com/schemas/2015-01-01/deploymentTemplate.json\"\
        ,\n  \"contentVersion\": \"1.0.0.0\",\n  \"parameters\": {},\n  \"variables\"\
        : {},\n  \"resources\": [],\n  \"outputs\": {\n    \"aliases\": {\n      \"\
        type\": \"object\",\n      \"value\": {\n        \"Linux\": {\n          \"\
        CentOS85Gen2\": {\n            \"publisher\":  \"OpenLogic\",\n          \
        \  \"offer\":  \"CentOS\",\n            \"sku\":  \"8_5-gen2\",\n        \
        \    \"version\":  \"latest\",\n            \"architecture\": \"x64\"\n  \
        \        },\n          \"Debian11\":  {\n            \"publisher\":  \"Debian\"\
        ,\n            \"offer\":  \"debian-11\",\n            \"sku\":  \"11-backports-gen2\"\
        ,\n            \"version\":  \"latest\",\n            \"architecture\": \"\
        x64\"\n          },\n          \"FlatcarLinuxFreeGen2\":  {\n            \"\
        publisher\":  \"kinvolk\",\n            \"offer\":  \"flatcar-container-linux-free\"\
        ,\n            \"sku\":  \"stable-gen2\",\n            \"version\":  \"latest\"\
        ,\n            \"architecture\": \"x64\"\n          },\n          \"OpenSuseLeap154Gen2\"\
        :  {\n            \"publisher\":  \"SUSE\",\n            \"offer\":  \"openSUSE-leap-15-4\"\
        ,\n            \"sku\":  \"gen2\",\n            \"version\":  \"latest\",\n\
        \            \"architecture\": \"x64\"\n          },\n          \"RHELRaw8LVMGen2\"\
        :  {\n            \"publisher\":  \"RedHat\",\n            \"offer\":  \"\
        RHEL\",\n            \"sku\":  \"8-lvm-gen2\",\n            \"version\": \
        \ \"latest\",\n            \"architecture\": \"x64\"\n          },\n     \
        \     \"SuseSles15SP3\": {\n            \"publisher\": \"SUSE\",\n       \
        \     \"offer\": \"sles-15-sp3\",\n            \"sku\": \"gen2\",\n      \
        \      \"version\": \"latest\",\n            \"architecture\": \"x64\"\n \
        \         },\n          \"Ubuntu2204\":  {\n            \"publisher\":  \"\
        Canonical\",\n            \"offer\":  \"0001-com-ubuntu-server-jammy\",\n\
        \            \"sku\":  \"22_04-lts-gen2\",\n            \"version\":  \"latest\"\
        ,\n            \"architecture\": \"x64\"\n          }\n        },\n      \
        \  \"Windows\": {\n          \"Win2022Datacenter\": {\n            \"publisher\"\
        : \"MicrosoftWindowsServer\",\n            \"offer\": \"WindowsServer\",\n\
        \            \"sku\": \"2022-datacenter-g2\",\n            \"version\": \"\
        latest\",\n            \"architecture\": \"x64\"\n          },\n         \
        \ \"Win2022AzureEditionCore\": {\n            \"publisher\": \"MicrosoftWindowsServer\"\
        ,\n            \"offer\": \"WindowsServer\",\n            \"sku\": \"2022-datacenter-azure-edition-core\"\
        ,\n            \"version\": \"latest\",\n            \"architecture\": \"\
        x64\"\n          },\n          \"Win2019Datacenter\": {\n            \"publisher\"\
        : \"MicrosoftWindowsServer\",\n            \"offer\": \"WindowsServer\",\n\
        \            \"sku\": \"2019-datacenter-gensecond\",\n            \"version\"\
        : \"latest\",\n            \"architecture\": \"x64\"\n          },\n     \
        \     \"Win2016Datacenter\": {\n            \"publisher\": \"MicrosoftWindowsServer\"\
        ,\n            \"offer\": \"WindowsServer\",\n            \"sku\": \"2016-datacenter-gensecond\"\
        ,\n            \"version\": \"latest\",\n            \"architecture\": \"\
        x64\"\n          },\n          \"Win2012R2Datacenter\": {\n            \"\
        publisher\": \"MicrosoftWindowsServer\",\n            \"offer\": \"WindowsServer\"\
        ,\n            \"sku\": \"2012-R2-Datacenter\",\n            \"version\":\
        \ \"latest\",\n            \"architecture\": \"x64\"\n          },\n     \
        \     \"Win2012Datacenter\": {\n            \"publisher\": \"MicrosoftWindowsServer\"\
        ,\n            \"offer\": \"WindowsServer\",\n            \"sku\": \"2012-Datacenter\"\
        ,\n            \"version\": \"latest\",\n            \"architecture\": \"\
        x64\"\n          }\n        }\n      }\n    }\n  }\n}\n"
    headers:
      accept-ranges:
      - bytes
      access-control-allow-origin:
      - '*'
      cache-control:
      - max-age=300
      connection:
      - keep-alive
      content-length:
      - '3384'
      content-security-policy:
      - default-src 'none'; style-src 'unsafe-inline'; sandbox
      content-type:
      - text/plain; charset=utf-8
      cross-origin-resource-policy:
      - cross-origin
      date:
      - Wed, 21 Aug 2024 02:32:59 GMT
      etag:
      - W/"8f34071e3f10c641931f33307d1319d34bae37f557ea31022a455502dae9ebc2"
      expires:
      - Wed, 21 Aug 2024 02:37:59 GMT
      source-age:
      - '2'
      strict-transport-security:
      - max-age=31536000
      vary:
      - Authorization,Accept-Encoding,Origin
      via:
      - 1.1 varnish
      x-cache:
      - HIT
      x-cache-hits:
      - '1'
      x-content-type-options:
      - nosniff
      x-fastly-request-id:
      - e727e9a6e2a9e30dcc6b698da3a94e57f4b18772
      x-frame-options:
      - deny
      x-github-request-id:
      - D01E:23C16:11D923:155883:66C3D3D2
      x-served-by:
      - cache-qpg120105-QPG
      x-timer:
      - S1724207579.187513,VS0,VE1
      x-xss-protection:
      - 1; mode=block
    status:
      code: 200
      message: OK
- request:
    body: null
    headers:
      Accept:
      - application/json
      Accept-Encoding:
      - gzip, deflate
      CommandName:
      - vmss create
      Connection:
      - keep-alive
      ParameterSetName:
      - -g -n --authentication-type --admin-username --admin-password --image --orchestration-mode
        --lb-sku
      User-Agent:
      - AZURECLI/2.63.0 azsdk-python-core/1.28.0 Python/3.10.11 (Windows-10-10.0.22631-SP0)
    method: GET
    uri: https://management.azure.com/subscriptions/00000000-0000-0000-0000-000000000000/providers/Microsoft.Compute/locations/eastus/publishers/MicrosoftWindowsServer/artifacttypes/vmimage/offers/WindowsServer/skus/2022-datacenter-g2/versions?$top=1&$orderby=name%20desc&api-version=2024-03-01
  response:
    body:
      string: "[\r\n  {\r\n    \"location\": \"eastus\",\r\n    \"name\": \"20348.2655.240810\"\
        ,\r\n    \"id\": \"/Subscriptions/00000000-0000-0000-0000-000000000000/Providers/Microsoft.Compute/Locations/eastus/Publishers/MicrosoftWindowsServer/ArtifactTypes/VMImage/Offers/WindowsServer/Skus/2022-datacenter-g2/Versions/20348.2655.240810\"\
        \r\n  }\r\n]"
    headers:
      cache-control:
      - no-cache
      content-length:
      - '313'
      content-type:
      - application/json; charset=utf-8
      date:
      - Wed, 21 Aug 2024 02:32:59 GMT
      expires:
      - '-1'
      pragma:
      - no-cache
      strict-transport-security:
      - max-age=31536000; includeSubDomains
      x-cache:
      - CONFIG_NOCACHE
      x-content-type-options:
      - nosniff
      x-ms-ratelimit-remaining-resource:
      - Microsoft.Compute/ListVMImagesVersionsFromLocation3Min;15998,Microsoft.Compute/ListVMImagesVersionsFromLocation30Min;43998
      x-ms-ratelimit-remaining-subscription-global-reads:
      - '3749'
      x-msedge-ref:
      - 'Ref A: 28E6634942E348F8BE0F177B4BBB98B9 Ref B: OSA221030115045 Ref C: 2024-08-21T02:32:59Z'
    status:
      code: 200
      message: OK
- request:
    body: null
    headers:
      Accept:
      - application/json
      Accept-Encoding:
      - gzip, deflate
      CommandName:
      - vmss create
      Connection:
      - keep-alive
      ParameterSetName:
      - -g -n --authentication-type --admin-username --admin-password --image --orchestration-mode
        --lb-sku
      User-Agent:
      - AZURECLI/2.63.0 azsdk-python-core/1.28.0 Python/3.10.11 (Windows-10-10.0.22631-SP0)
    method: GET
    uri: https://management.azure.com/subscriptions/00000000-0000-0000-0000-000000000000/providers/Microsoft.Compute/locations/eastus/publishers/MicrosoftWindowsServer/artifacttypes/vmimage/offers/WindowsServer/skus/2022-datacenter-g2/versions/20348.2655.240810?api-version=2024-03-01
  response:
    body:
      string: "{\r\n  \"properties\": {\r\n    \"hyperVGeneration\": \"V2\",\r\n \
        \   \"architecture\": \"x64\",\r\n    \"replicaType\": \"Managed\",\r\n  \
        \  \"replicaCount\": 10,\r\n    \"disallowed\": {\r\n      \"vmDiskType\"\
        : \"Unmanaged\"\r\n    },\r\n    \"automaticOSUpgradeProperties\": {\r\n \
        \     \"automaticOSUpgradeSupported\": false\r\n    },\r\n    \"imageDeprecationStatus\"\
        : {\r\n      \"imageState\": \"Active\"\r\n    },\r\n    \"features\": [\r\
        \n      {\r\n        \"name\": \"SecurityType\",\r\n        \"value\": \"\
        TrustedLaunchAndConfidentialVmSupported\"\r\n      },\r\n      {\r\n     \
        \   \"name\": \"IsAcceleratedNetworkSupported\",\r\n        \"value\": \"\
        True\"\r\n      },\r\n      {\r\n        \"name\": \"DiskControllerTypes\"\
        ,\r\n        \"value\": \"SCSI, NVMe\"\r\n      },\r\n      {\r\n        \"\
        name\": \"IsHibernateSupported\",\r\n        \"value\": \"True\"\r\n     \
        \ }\r\n    ],\r\n    \"osDiskImage\": {\r\n      \"operatingSystem\": \"Windows\"\
        ,\r\n      \"sizeInGb\": 127\r\n    },\r\n    \"dataDiskImages\": []\r\n \
        \ },\r\n  \"location\": \"eastus\",\r\n  \"name\": \"20348.2655.240810\",\r\
        \n  \"id\": \"/Subscriptions/00000000-0000-0000-0000-000000000000/Providers/Microsoft.Compute/Locations/eastus/Publishers/MicrosoftWindowsServer/ArtifactTypes/VMImage/Offers/WindowsServer/Skus/2022-datacenter-g2/Versions/20348.2655.240810\"\
        \r\n}"
    headers:
      cache-control:
      - no-cache
      content-length:
      - '1184'
      content-type:
      - application/json; charset=utf-8
      date:
      - Wed, 21 Aug 2024 02:33:00 GMT
      expires:
      - '-1'
      pragma:
      - no-cache
      strict-transport-security:
      - max-age=31536000; includeSubDomains
      x-cache:
      - CONFIG_NOCACHE
      x-content-type-options:
      - nosniff
      x-ms-ratelimit-remaining-resource:
      - Microsoft.Compute/GetVMImageFromLocation3Min;12998,Microsoft.Compute/GetVMImageFromLocation30Min;73998
      x-ms-ratelimit-remaining-subscription-global-reads:
      - '3749'
      x-msedge-ref:
      - 'Ref A: 6F17349449104F0DA34D145A7862903B Ref B: OSA221030113017 Ref C: 2024-08-21T02:32:59Z'
    status:
      code: 200
      message: OK
- request:
    body: null
    headers:
      Accept:
      - application/json
      Accept-Encoding:
      - gzip, deflate
      CommandName:
      - vmss create
      Connection:
      - keep-alive
      ParameterSetName:
      - -g -n --authentication-type --admin-username --admin-password --image --orchestration-mode
        --lb-sku
      User-Agent:
      - AZURECLI/2.63.0 azsdk-python-core/1.28.0 Python/3.10.11 (Windows-10-10.0.22631-SP0)
    method: GET
    uri: https://management.azure.com/subscriptions/00000000-0000-0000-0000-000000000000/providers/Microsoft.Compute/locations/eastus/publishers/MicrosoftWindowsServer/artifacttypes/vmimage/offers/WindowsServer/skus/2022-datacenter-g2/versions?$top=1&$orderby=name%20desc&api-version=2024-03-01
  response:
    body:
      string: "[\r\n  {\r\n    \"location\": \"eastus\",\r\n    \"name\": \"20348.2655.240810\"\
        ,\r\n    \"id\": \"/Subscriptions/00000000-0000-0000-0000-000000000000/Providers/Microsoft.Compute/Locations/eastus/Publishers/MicrosoftWindowsServer/ArtifactTypes/VMImage/Offers/WindowsServer/Skus/2022-datacenter-g2/Versions/20348.2655.240810\"\
        \r\n  }\r\n]"
    headers:
      cache-control:
      - no-cache
      content-length:
      - '313'
      content-type:
      - application/json; charset=utf-8
      date:
      - Wed, 21 Aug 2024 02:33:00 GMT
      expires:
      - '-1'
      pragma:
      - no-cache
      strict-transport-security:
      - max-age=31536000; includeSubDomains
      x-cache:
      - CONFIG_NOCACHE
      x-content-type-options:
      - nosniff
      x-ms-ratelimit-remaining-resource:
      - Microsoft.Compute/ListVMImagesVersionsFromLocation3Min;15997,Microsoft.Compute/ListVMImagesVersionsFromLocation30Min;43997
      x-ms-ratelimit-remaining-subscription-global-reads:
      - '3749'
      x-msedge-ref:
      - 'Ref A: C13373F74CE949FF97B32D0A9115AF27 Ref B: OSA221030114031 Ref C: 2024-08-21T02:33:00Z'
    status:
      code: 200
      message: OK
- request:
    body: null
    headers:
      Accept:
      - application/json
      Accept-Encoding:
      - gzip, deflate
      CommandName:
      - vmss create
      Connection:
      - keep-alive
      ParameterSetName:
      - -g -n --authentication-type --admin-username --admin-password --image --orchestration-mode
        --lb-sku
      User-Agent:
      - AZURECLI/2.63.0 azsdk-python-core/1.28.0 Python/3.10.11 (Windows-10-10.0.22631-SP0)
    method: GET
    uri: https://management.azure.com/subscriptions/00000000-0000-0000-0000-000000000000/providers/Microsoft.Compute/locations/eastus/publishers/MicrosoftWindowsServer/artifacttypes/vmimage/offers/WindowsServer/skus/2022-datacenter-g2/versions/20348.2655.240810?api-version=2024-03-01
  response:
    body:
      string: "{\r\n  \"properties\": {\r\n    \"hyperVGeneration\": \"V2\",\r\n \
        \   \"architecture\": \"x64\",\r\n    \"replicaType\": \"Managed\",\r\n  \
        \  \"replicaCount\": 10,\r\n    \"disallowed\": {\r\n      \"vmDiskType\"\
        : \"Unmanaged\"\r\n    },\r\n    \"automaticOSUpgradeProperties\": {\r\n \
        \     \"automaticOSUpgradeSupported\": false\r\n    },\r\n    \"imageDeprecationStatus\"\
        : {\r\n      \"imageState\": \"Active\"\r\n    },\r\n    \"features\": [\r\
        \n      {\r\n        \"name\": \"SecurityType\",\r\n        \"value\": \"\
        TrustedLaunchAndConfidentialVmSupported\"\r\n      },\r\n      {\r\n     \
        \   \"name\": \"IsAcceleratedNetworkSupported\",\r\n        \"value\": \"\
        True\"\r\n      },\r\n      {\r\n        \"name\": \"DiskControllerTypes\"\
        ,\r\n        \"value\": \"SCSI, NVMe\"\r\n      },\r\n      {\r\n        \"\
        name\": \"IsHibernateSupported\",\r\n        \"value\": \"True\"\r\n     \
        \ }\r\n    ],\r\n    \"osDiskImage\": {\r\n      \"operatingSystem\": \"Windows\"\
        ,\r\n      \"sizeInGb\": 127\r\n    },\r\n    \"dataDiskImages\": []\r\n \
        \ },\r\n  \"location\": \"eastus\",\r\n  \"name\": \"20348.2655.240810\",\r\
        \n  \"id\": \"/Subscriptions/00000000-0000-0000-0000-000000000000/Providers/Microsoft.Compute/Locations/eastus/Publishers/MicrosoftWindowsServer/ArtifactTypes/VMImage/Offers/WindowsServer/Skus/2022-datacenter-g2/Versions/20348.2655.240810\"\
        \r\n}"
    headers:
      cache-control:
      - no-cache
      content-length:
      - '1184'
      content-type:
      - application/json; charset=utf-8
      date:
      - Wed, 21 Aug 2024 02:33:01 GMT
      expires:
      - '-1'
      pragma:
      - no-cache
      strict-transport-security:
      - max-age=31536000; includeSubDomains
      x-cache:
      - CONFIG_NOCACHE
      x-content-type-options:
      - nosniff
      x-ms-ratelimit-remaining-resource:
      - Microsoft.Compute/GetVMImageFromLocation3Min;12997,Microsoft.Compute/GetVMImageFromLocation30Min;73997
      x-ms-ratelimit-remaining-subscription-global-reads:
      - '3749'
      x-msedge-ref:
      - 'Ref A: C62F23139A6E4C05ACD21152EF2ECCC6 Ref B: OSA221030113053 Ref C: 2024-08-21T02:33:01Z'
    status:
      code: 200
      message: OK
- request:
    body: '{"properties": {"template": {"$schema": "https://schema.management.azure.com/schemas/2015-01-01/deploymentTemplate.json#",
      "contentVersion": "1.0.0.0", "parameters": {"adminPassword": {"type": "securestring",
      "metadata": {"description": "Secure adminPassword"}}}, "variables": {}, "resources":
      [{"name": "vmss000002VNET", "type": "Microsoft.Network/virtualNetworks", "location":
      "eastus", "apiVersion": "2015-06-15", "dependsOn": [], "tags": {}, "properties":
      {"addressSpace": {"addressPrefixes": ["10.0.0.0/16"]}, "subnets": [{"name":
      "vmss000002Subnet", "properties": {"addressPrefix": "10.0.0.0/24"}}]}}, {"apiVersion":
      "2022-01-01", "type": "Microsoft.Network/publicIPAddresses", "name": "vmss000002LBPublicIP",
      "location": "eastus", "tags": {}, "dependsOn": [], "properties": {"publicIPAllocationMethod":
      "Static"}, "sku": {"name": "Standard"}}, {"type": "Microsoft.Network/loadBalancers",
      "name": "vmss000002LB", "location": "eastus", "tags": {}, "apiVersion": "2022-01-01",
      "dependsOn": ["Microsoft.Network/virtualNetworks/vmss000002VNET", "Microsoft.Network/publicIpAddresses/vmss000002LBPublicIP"],
      "properties": {"backendAddressPools": [{"name": "vmss000002LBBEPool"}], "frontendIPConfigurations":
      [{"name": "loadBalancerFrontEnd", "properties": {"publicIPAddress": {"id": "/subscriptions/00000000-0000-0000-0000-000000000000/resourceGroups/cli_test_vmss_nics000001/providers/Microsoft.Network/publicIPAddresses/vmss000002LBPublicIP"}}}],
      "loadBalancingRules": [{"name": "LBRule", "properties": {"frontendIPConfiguration":
      {"id": "[concat(resourceId(''Microsoft.Network/loadBalancers'', ''vmss000002LB''),
      ''/frontendIPConfigurations/'', ''loadBalancerFrontEnd'')]"}, "backendAddressPool":
      {"id": "[concat(resourceId(''Microsoft.Network/loadBalancers'', ''vmss000002LB''),
      ''/backendAddressPools/'', ''vmss000002LBBEPool'')]"}, "protocol": "tcp", "frontendPort":
      80, "backendPort": 80, "enableFloatingIP": false, "idleTimeoutInMinutes": 5}}]},
      "sku": {"name": "Standard"}}, {"type": "Microsoft.Network/networkSecurityGroups",
      "name": "vmss000002NSG", "apiVersion": "2015-06-15", "location": "eastus", "tags":
      {}, "dependsOn": [], "properties": {"securityRules": [{"name": "default-allow-ssh",
      "properties": {"protocol": "Tcp", "sourcePortRange": "*", "destinationPortRange":
      "22", "sourceAddressPrefix": "*", "destinationAddressPrefix": "*", "access":
      "Allow", "priority": 1000, "direction": "Inbound"}}]}}, {"type": "Microsoft.Network/loadBalancers/inboundNatRules",
      "apiVersion": "2022-01-01", "name": "vmss000002LB/NatRule", "location": "eastus",
      "properties": {"frontendIPConfiguration": {"id": "[concat(resourceId(''Microsoft.Network/loadBalancers'',
      ''vmss000002LB''), ''/frontendIPConfigurations/'', ''loadBalancerFrontEnd'')]"},
      "backendAddressPool": {"id": "[concat(resourceId(''Microsoft.Network/loadBalancers'',
      ''vmss000002LB''), ''/backendAddressPools/'', ''vmss000002LBBEPool'')]"}, "backendPort":
      3389, "frontendPortRangeStart": "50000", "frontendPortRangeEnd": "50119", "protocol":
      "tcp", "idleTimeoutInMinutes": 5}, "dependsOn": ["[concat(''Microsoft.Network/loadBalancers/'',
      ''vmss000002LB'')]"]}, {"type": "Microsoft.Compute/virtualMachineScaleSets",
      "name": "vmss000002", "location": "eastus", "tags": {}, "apiVersion": "2024-03-01",
      "dependsOn": ["Microsoft.Network/virtualNetworks/vmss000002VNET", "Microsoft.Network/loadBalancers/vmss000002LB",
      "Microsoft.Network/networkSecurityGroups/vmss000002NSG"], "properties": {"overprovision":
      true, "upgradePolicy": {"mode": "manual"}, "singlePlacementGroup": null, "virtualMachineProfile":
      {"storageProfile": {"osDisk": {"createOption": "FromImage", "caching": "ReadWrite",
      "managedDisk": {"storageAccountType": null}}, "imageReference": {"publisher":
      "MicrosoftWindowsServer", "offer": "WindowsServer", "sku": "2022-datacenter-g2",
      "version": "latest"}}, "osProfile": {"computerNamePrefix": "vmss7d1dc", "adminUsername":
      "admin123", "adminPassword": "[parameters(''adminPassword'')]"}, "securityProfile":
      {"securityType": "TrustedLaunch", "uefiSettings": {"secureBootEnabled": true,
      "vTpmEnabled": true}}, "networkProfile": {"networkInterfaceConfigurations":
      [{"name": "vmss7d1dcNic", "properties": {"ipConfigurations": [{"name": "vmss7d1dcIPConfig",
      "properties": {"subnet": {"id": "/subscriptions/00000000-0000-0000-0000-000000000000/resourceGroups/cli_test_vmss_nics000001/providers/Microsoft.Network/virtualNetworks/vmss000002VNET/subnets/vmss000002Subnet"},
      "loadBalancerBackendAddressPools": [{"id": "/subscriptions/00000000-0000-0000-0000-000000000000/resourceGroups/cli_test_vmss_nics000001/providers/Microsoft.Network/loadBalancers/vmss000002LB/backendAddressPools/vmss000002LBBEPool"}]}}],
      "networkSecurityGroup": {"id": "[resourceId(''Microsoft.Network/networkSecurityGroups'',
      ''vmss000002NSG'')]"}, "primary": "true"}}]}}, "orchestrationMode": "Uniform"},
      "sku": {"name": "Standard_DS1_v2", "capacity": 2}}], "outputs": {"VMSS": {"type":
      "object", "value": "[reference(resourceId(''Microsoft.Compute/virtualMachineScaleSets'',
      ''vmss000002''),providers(''Microsoft.Compute'', ''virtualMachineScaleSets'').apiVersions[0])]"}}},
      "parameters": {"adminPassword": {"value": "PasswordPassword1!"}}, "mode": "incremental"}}'
    headers:
      Accept:
      - application/json
      Accept-Encoding:
      - gzip, deflate
      CommandName:
      - vmss create
      Connection:
      - keep-alive
      Content-Length:
      - '5157'
      Content-Type:
      - application/json
      ParameterSetName:
      - -g -n --authentication-type --admin-username --admin-password --image --orchestration-mode
        --lb-sku
      User-Agent:
      - AZURECLI/2.63.0 azsdk-python-core/1.28.0 Python/3.10.11 (Windows-10-10.0.22631-SP0)
    method: PUT
    uri: https://management.azure.com/subscriptions/00000000-0000-0000-0000-000000000000/resourcegroups/cli_test_vmss_nics000001/providers/Microsoft.Resources/deployments/mock-deployment?api-version=2022-09-01
  response:
    body:
      string: '{"id":"/subscriptions/00000000-0000-0000-0000-000000000000/resourceGroups/cli_test_vmss_nics000001/providers/Microsoft.Resources/deployments/vmss_deploy_yNiOLdQDUiz6QrW3wgWA4A6j5zMjsM81","name":"vmss_deploy_yNiOLdQDUiz6QrW3wgWA4A6j5zMjsM81","type":"Microsoft.Resources/deployments","properties":{"templateHash":"18167480187936539725","parameters":{"adminPassword":{"type":"SecureString"}},"mode":"Incremental","provisioningState":"Accepted","timestamp":"2024-08-21T02:33:09.939778Z","duration":"PT0.0007426S","correlationId":"fbd1b149-0aa1-4545-ab0c-06dab22599f3","providers":[{"namespace":"Microsoft.Network","resourceTypes":[{"resourceType":"virtualNetworks","locations":["eastus"]},{"resourceType":"publicIPAddresses","locations":["eastus"]},{"resourceType":"loadBalancers","locations":["eastus"]},{"resourceType":"networkSecurityGroups","locations":["eastus"]},{"resourceType":"loadBalancers/inboundNatRules","locations":["eastus"]}]},{"namespace":"Microsoft.Compute","resourceTypes":[{"resourceType":"virtualMachineScaleSets","locations":["eastus"]}]}],"dependencies":[{"dependsOn":[{"id":"/subscriptions/00000000-0000-0000-0000-000000000000/resourceGroups/cli_test_vmss_nics000001/providers/Microsoft.Network/virtualNetworks/vmss000002VNET","resourceType":"Microsoft.Network/virtualNetworks","resourceName":"vmss000002VNET"},{"id":"/subscriptions/00000000-0000-0000-0000-000000000000/resourceGroups/cli_test_vmss_nics000001/providers/Microsoft.Network/publicIPAddresses/vmss000002LBPublicIP","resourceType":"Microsoft.Network/publicIPAddresses","resourceName":"vmss000002LBPublicIP"}],"id":"/subscriptions/00000000-0000-0000-0000-000000000000/resourceGroups/cli_test_vmss_nics000001/providers/Microsoft.Network/loadBalancers/vmss000002LB","resourceType":"Microsoft.Network/loadBalancers","resourceName":"vmss000002LB"},{"dependsOn":[{"id":"/subscriptions/00000000-0000-0000-0000-000000000000/resourceGroups/cli_test_vmss_nics000001/providers/Microsoft.Network/loadBalancers/vmss000002LB","resourceType":"Microsoft.Network/loadBalancers","resourceName":"vmss000002LB"}],"id":"/subscriptions/00000000-0000-0000-0000-000000000000/resourceGroups/cli_test_vmss_nics000001/providers/Microsoft.Network/loadBalancers/vmss000002LB/inboundNatRules/NatRule","resourceType":"Microsoft.Network/loadBalancers/inboundNatRules","resourceName":"vmss000002LB/NatRule"},{"dependsOn":[{"id":"/subscriptions/00000000-0000-0000-0000-000000000000/resourceGroups/cli_test_vmss_nics000001/providers/Microsoft.Network/virtualNetworks/vmss000002VNET","resourceType":"Microsoft.Network/virtualNetworks","resourceName":"vmss000002VNET"},{"id":"/subscriptions/00000000-0000-0000-0000-000000000000/resourceGroups/cli_test_vmss_nics000001/providers/Microsoft.Network/loadBalancers/vmss000002LB","resourceType":"Microsoft.Network/loadBalancers","resourceName":"vmss000002LB"},{"id":"/subscriptions/00000000-0000-0000-0000-000000000000/resourceGroups/cli_test_vmss_nics000001/providers/Microsoft.Network/networkSecurityGroups/vmss000002NSG","resourceType":"Microsoft.Network/networkSecurityGroups","resourceName":"vmss000002NSG"}],"id":"/subscriptions/00000000-0000-0000-0000-000000000000/resourceGroups/cli_test_vmss_nics000001/providers/Microsoft.Compute/virtualMachineScaleSets/vmss000002","resourceType":"Microsoft.Compute/virtualMachineScaleSets","resourceName":"vmss000002"}]}}'
    headers:
      azure-asyncoperation:
      - https://management.azure.com/subscriptions/00000000-0000-0000-0000-000000000000/resourcegroups/cli_test_vmss_nics000001/providers/Microsoft.Resources/deployments/vmss_deploy_yNiOLdQDUiz6QrW3wgWA4A6j5zMjsM81/operationStatuses/08584773992985801068?api-version=2022-09-01
      cache-control:
      - no-cache
      content-length:
      - '3355'
      content-type:
      - application/json; charset=utf-8
      date:
      - Wed, 21 Aug 2024 02:33:11 GMT
      expires:
      - '-1'
      pragma:
      - no-cache
      strict-transport-security:
      - max-age=31536000; includeSubDomains
      x-cache:
      - CONFIG_NOCACHE
      x-content-type-options:
      - nosniff
      x-ms-deployment-engine-version:
      - 1.76.0
      x-ms-ratelimit-remaining-subscription-global-writes:
      - '2999'
      x-ms-ratelimit-remaining-subscription-writes:
      - '199'
      x-msedge-ref:
      - 'Ref A: 6AD9FE2C30094B6CA87F19A8CA8A23F5 Ref B: OSA221030114033 Ref C: 2024-08-21T02:33:01Z'
    status:
      code: 201
      message: Created
- request:
    body: null
    headers:
      Accept:
      - '*/*'
      Accept-Encoding:
      - gzip, deflate
      CommandName:
      - vmss create
      Connection:
      - keep-alive
      ParameterSetName:
      - -g -n --authentication-type --admin-username --admin-password --image --orchestration-mode
        --lb-sku
      User-Agent:
      - AZURECLI/2.63.0 azsdk-python-core/1.28.0 Python/3.10.11 (Windows-10-10.0.22631-SP0)
    method: GET
    uri: https://management.azure.com/subscriptions/00000000-0000-0000-0000-000000000000/resourcegroups/cli_test_vmss_nics000001/providers/Microsoft.Resources/deployments/mock-deployment/operationStatuses/08584773992985801068?api-version=2022-09-01
  response:
    body:
      string: '{"status":"Running"}'
    headers:
      cache-control:
      - no-cache
      content-length:
      - '20'
      content-type:
      - application/json; charset=utf-8
      date:
      - Wed, 21 Aug 2024 02:33:13 GMT
      expires:
      - '-1'
      pragma:
      - no-cache
      strict-transport-security:
      - max-age=31536000; includeSubDomains
      x-cache:
      - CONFIG_NOCACHE
      x-content-type-options:
      - nosniff
      x-ms-ratelimit-remaining-subscription-global-reads:
      - '3749'
      x-msedge-ref:
      - 'Ref A: 9FE1295401FA48A19AFA39A8A6649B4C Ref B: OSA221030114033 Ref C: 2024-08-21T02:33:12Z'
    status:
      code: 200
      message: OK
- request:
    body: null
    headers:
      Accept:
      - '*/*'
      Accept-Encoding:
      - gzip, deflate
      CommandName:
      - vmss create
      Connection:
      - keep-alive
      ParameterSetName:
      - -g -n --authentication-type --admin-username --admin-password --image --orchestration-mode
        --lb-sku
      User-Agent:
      - AZURECLI/2.63.0 azsdk-python-core/1.28.0 Python/3.10.11 (Windows-10-10.0.22631-SP0)
    method: GET
    uri: https://management.azure.com/subscriptions/00000000-0000-0000-0000-000000000000/resourcegroups/cli_test_vmss_nics000001/providers/Microsoft.Resources/deployments/mock-deployment/operationStatuses/08584773992985801068?api-version=2022-09-01
  response:
    body:
      string: '{"status":"Running"}'
    headers:
      cache-control:
      - no-cache
      content-length:
      - '20'
      content-type:
      - application/json; charset=utf-8
      date:
      - Wed, 21 Aug 2024 02:33:44 GMT
      expires:
      - '-1'
      pragma:
      - no-cache
      strict-transport-security:
      - max-age=31536000; includeSubDomains
      x-cache:
      - CONFIG_NOCACHE
      x-content-type-options:
      - nosniff
      x-ms-ratelimit-remaining-subscription-global-reads:
      - '3749'
      x-msedge-ref:
      - 'Ref A: 1EDA1244943F4CB7BAD1DA3699B18745 Ref B: OSA221030114033 Ref C: 2024-08-21T02:33:43Z'
    status:
      code: 200
      message: OK
- request:
    body: null
    headers:
      Accept:
      - '*/*'
      Accept-Encoding:
      - gzip, deflate
      CommandName:
      - vmss create
      Connection:
      - keep-alive
      ParameterSetName:
      - -g -n --authentication-type --admin-username --admin-password --image --orchestration-mode
        --lb-sku
      User-Agent:
      - AZURECLI/2.63.0 azsdk-python-core/1.28.0 Python/3.10.11 (Windows-10-10.0.22631-SP0)
    method: GET
    uri: https://management.azure.com/subscriptions/00000000-0000-0000-0000-000000000000/resourcegroups/cli_test_vmss_nics000001/providers/Microsoft.Resources/deployments/mock-deployment/operationStatuses/08584773992985801068?api-version=2022-09-01
  response:
    body:
      string: '{"status":"Running"}'
    headers:
      cache-control:
      - no-cache
      content-length:
      - '20'
      content-type:
      - application/json; charset=utf-8
      date:
      - Wed, 21 Aug 2024 02:34:15 GMT
      expires:
      - '-1'
      pragma:
      - no-cache
      strict-transport-security:
      - max-age=31536000; includeSubDomains
      x-cache:
      - CONFIG_NOCACHE
      x-content-type-options:
      - nosniff
      x-ms-ratelimit-remaining-subscription-global-reads:
      - '3749'
      x-msedge-ref:
      - 'Ref A: 5D569F978091468F9EF4E7F6E2FD8FC3 Ref B: OSA221030114033 Ref C: 2024-08-21T02:34:14Z'
    status:
      code: 200
      message: OK
- request:
    body: null
    headers:
      Accept:
      - '*/*'
      Accept-Encoding:
      - gzip, deflate
      CommandName:
      - vmss create
      Connection:
      - keep-alive
      ParameterSetName:
      - -g -n --authentication-type --admin-username --admin-password --image --orchestration-mode
        --lb-sku
      User-Agent:
      - AZURECLI/2.63.0 azsdk-python-core/1.28.0 Python/3.10.11 (Windows-10-10.0.22631-SP0)
    method: GET
    uri: https://management.azure.com/subscriptions/00000000-0000-0000-0000-000000000000/resourcegroups/cli_test_vmss_nics000001/providers/Microsoft.Resources/deployments/mock-deployment/operationStatuses/08584773992985801068?api-version=2022-09-01
  response:
    body:
      string: '{"status":"Succeeded"}'
    headers:
      cache-control:
      - no-cache
      content-length:
      - '22'
      content-type:
      - application/json; charset=utf-8
      date:
      - Wed, 21 Aug 2024 02:34:46 GMT
      expires:
      - '-1'
      pragma:
      - no-cache
      strict-transport-security:
      - max-age=31536000; includeSubDomains
      x-cache:
      - CONFIG_NOCACHE
      x-content-type-options:
      - nosniff
      x-ms-ratelimit-remaining-subscription-global-reads:
      - '3749'
      x-msedge-ref:
      - 'Ref A: 781A8735E5C646709A34EFEB33B5853C Ref B: OSA221030114033 Ref C: 2024-08-21T02:34:46Z'
    status:
      code: 200
      message: OK
- request:
    body: null
    headers:
      Accept:
      - '*/*'
      Accept-Encoding:
      - gzip, deflate
      CommandName:
      - vmss create
      Connection:
      - keep-alive
      ParameterSetName:
      - -g -n --authentication-type --admin-username --admin-password --image --orchestration-mode
        --lb-sku
      User-Agent:
      - AZURECLI/2.63.0 azsdk-python-core/1.28.0 Python/3.10.11 (Windows-10-10.0.22631-SP0)
    method: GET
    uri: https://management.azure.com/subscriptions/00000000-0000-0000-0000-000000000000/resourcegroups/cli_test_vmss_nics000001/providers/Microsoft.Resources/deployments/mock-deployment?api-version=2022-09-01
  response:
    body:
      string: '{"id":"/subscriptions/00000000-0000-0000-0000-000000000000/resourceGroups/cli_test_vmss_nics000001/providers/Microsoft.Resources/deployments/vmss_deploy_yNiOLdQDUiz6QrW3wgWA4A6j5zMjsM81","name":"vmss_deploy_yNiOLdQDUiz6QrW3wgWA4A6j5zMjsM81","type":"Microsoft.Resources/deployments","properties":{"templateHash":"18167480187936539725","parameters":{"adminPassword":{"type":"SecureString"}},"mode":"Incremental","provisioningState":"Succeeded","timestamp":"2024-08-21T02:34:27.8422021Z","duration":"PT1M17.9031667S","correlationId":"fbd1b149-0aa1-4545-ab0c-06dab22599f3","providers":[{"namespace":"Microsoft.Network","resourceTypes":[{"resourceType":"virtualNetworks","locations":["eastus"]},{"resourceType":"publicIPAddresses","locations":["eastus"]},{"resourceType":"loadBalancers","locations":["eastus"]},{"resourceType":"networkSecurityGroups","locations":["eastus"]},{"resourceType":"loadBalancers/inboundNatRules","locations":["eastus"]}]},{"namespace":"Microsoft.Compute","resourceTypes":[{"resourceType":"virtualMachineScaleSets","locations":["eastus"]}]}],"dependencies":[{"dependsOn":[{"id":"/subscriptions/00000000-0000-0000-0000-000000000000/resourceGroups/cli_test_vmss_nics000001/providers/Microsoft.Network/virtualNetworks/vmss000002VNET","resourceType":"Microsoft.Network/virtualNetworks","resourceName":"vmss000002VNET"},{"id":"/subscriptions/00000000-0000-0000-0000-000000000000/resourceGroups/cli_test_vmss_nics000001/providers/Microsoft.Network/publicIPAddresses/vmss000002LBPublicIP","resourceType":"Microsoft.Network/publicIPAddresses","resourceName":"vmss000002LBPublicIP"}],"id":"/subscriptions/00000000-0000-0000-0000-000000000000/resourceGroups/cli_test_vmss_nics000001/providers/Microsoft.Network/loadBalancers/vmss000002LB","resourceType":"Microsoft.Network/loadBalancers","resourceName":"vmss000002LB"},{"dependsOn":[{"id":"/subscriptions/00000000-0000-0000-0000-000000000000/resourceGroups/cli_test_vmss_nics000001/providers/Microsoft.Network/loadBalancers/vmss000002LB","resourceType":"Microsoft.Network/loadBalancers","resourceName":"vmss000002LB"}],"id":"/subscriptions/00000000-0000-0000-0000-000000000000/resourceGroups/cli_test_vmss_nics000001/providers/Microsoft.Network/loadBalancers/vmss000002LB/inboundNatRules/NatRule","resourceType":"Microsoft.Network/loadBalancers/inboundNatRules","resourceName":"vmss000002LB/NatRule"},{"dependsOn":[{"id":"/subscriptions/00000000-0000-0000-0000-000000000000/resourceGroups/cli_test_vmss_nics000001/providers/Microsoft.Network/virtualNetworks/vmss000002VNET","resourceType":"Microsoft.Network/virtualNetworks","resourceName":"vmss000002VNET"},{"id":"/subscriptions/00000000-0000-0000-0000-000000000000/resourceGroups/cli_test_vmss_nics000001/providers/Microsoft.Network/loadBalancers/vmss000002LB","resourceType":"Microsoft.Network/loadBalancers","resourceName":"vmss000002LB"},{"id":"/subscriptions/00000000-0000-0000-0000-000000000000/resourceGroups/cli_test_vmss_nics000001/providers/Microsoft.Network/networkSecurityGroups/vmss000002NSG","resourceType":"Microsoft.Network/networkSecurityGroups","resourceName":"vmss000002NSG"}],"id":"/subscriptions/00000000-0000-0000-0000-000000000000/resourceGroups/cli_test_vmss_nics000001/providers/Microsoft.Compute/virtualMachineScaleSets/vmss000002","resourceType":"Microsoft.Compute/virtualMachineScaleSets","resourceName":"vmss000002"}],"outputs":{"vmss":{"type":"Object","value":{"singlePlacementGroup":true,"orchestrationMode":"Uniform","upgradePolicy":{"mode":"Manual"},"virtualMachineProfile":{"osProfile":{"computerNamePrefix":"vmss7d1dc","adminUsername":"admin123","windowsConfiguration":{"provisionVMAgent":true,"enableAutomaticUpdates":true},"secrets":[],"allowExtensionOperations":true,"requireGuestProvisionSignal":true},"storageProfile":{"osDisk":{"osType":"Windows","createOption":"FromImage","caching":"ReadWrite","managedDisk":{"storageAccountType":"Premium_LRS"},"diskSizeGB":127},"imageReference":{"publisher":"MicrosoftWindowsServer","offer":"WindowsServer","sku":"2022-datacenter-g2","version":"latest"},"diskControllerType":"SCSI"},"networkProfile":{"networkInterfaceConfigurations":[{"name":"vmss7d1dcNic","properties":{"primary":true,"enableAcceleratedNetworking":false,"disableTcpStateTracking":false,"networkSecurityGroup":{"id":"/subscriptions/00000000-0000-0000-0000-000000000000/resourceGroups/cli_test_vmss_nics000001/providers/Microsoft.Network/networkSecurityGroups/vmss000002NSG"},"dnsSettings":{"dnsServers":[]},"enableIPForwarding":false,"ipConfigurations":[{"name":"vmss7d1dcIPConfig","properties":{"subnet":{"id":"/subscriptions/00000000-0000-0000-0000-000000000000/resourceGroups/cli_test_vmss_nics000001/providers/Microsoft.Network/virtualNetworks/vmss000002VNET/subnets/vmss000002Subnet"},"privateIPAddressVersion":"IPv4","loadBalancerBackendAddressPools":[{"id":"/subscriptions/00000000-0000-0000-0000-000000000000/resourceGroups/cli_test_vmss_nics000001/providers/Microsoft.Network/loadBalancers/vmss000002LB/backendAddressPools/vmss000002LBBEPool"}]}}]}}]},"securityProfile":{"uefiSettings":{"secureBootEnabled":true,"vTpmEnabled":true},"securityType":"TrustedLaunch"},"timeCreated":"2024-08-21T02:33:25.8675954+00:00"},"provisioningState":"Succeeded","overprovision":true,"doNotRunExtensionsOnOverprovisionedVMs":false,"uniqueId":"6f6d2ef9-c87f-43d5-97eb-bb56b4c56492","platformFaultDomainCount":5,"timeCreated":"2024-08-21T02:33:25.8675954+00:00"}}},"outputResources":[{"id":"/subscriptions/00000000-0000-0000-0000-000000000000/resourceGroups/cli_test_vmss_nics000001/providers/Microsoft.Compute/virtualMachineScaleSets/vmss000002"},{"id":"/subscriptions/00000000-0000-0000-0000-000000000000/resourceGroups/cli_test_vmss_nics000001/providers/Microsoft.Network/loadBalancers/vmss000002LB"},{"id":"/subscriptions/00000000-0000-0000-0000-000000000000/resourceGroups/cli_test_vmss_nics000001/providers/Microsoft.Network/loadBalancers/vmss000002LB/inboundNatRules/NatRule"},{"id":"/subscriptions/00000000-0000-0000-0000-000000000000/resourceGroups/cli_test_vmss_nics000001/providers/Microsoft.Network/networkSecurityGroups/vmss000002NSG"},{"id":"/subscriptions/00000000-0000-0000-0000-000000000000/resourceGroups/cli_test_vmss_nics000001/providers/Microsoft.Network/publicIPAddresses/vmss000002LBPublicIP"},{"id":"/subscriptions/00000000-0000-0000-0000-000000000000/resourceGroups/cli_test_vmss_nics000001/providers/Microsoft.Network/virtualNetworks/vmss000002VNET"}]}}'
    headers:
      cache-control:
      - no-cache
      content-length:
      - '6428'
      content-type:
      - application/json; charset=utf-8
      date:
      - Wed, 21 Aug 2024 02:34:47 GMT
      expires:
      - '-1'
      pragma:
      - no-cache
      strict-transport-security:
      - max-age=31536000; includeSubDomains
      x-cache:
      - CONFIG_NOCACHE
      x-content-type-options:
      - nosniff
      x-ms-ratelimit-remaining-subscription-global-reads:
      - '3748'
      x-msedge-ref:
      - 'Ref A: DF866EE6CDF040CE85A5E604F9F367A6 Ref B: OSA221030114033 Ref C: 2024-08-21T02:34:47Z'
    status:
      code: 200
      message: OK
- request:
    body: null
    headers:
      Accept:
      - application/json
      Accept-Encoding:
      - gzip, deflate
      CommandName:
      - vmss nic list
      Connection:
      - keep-alive
      ParameterSetName:
      - -g --vmss-name
      User-Agent:
      - AZURECLI/2.63.0 azsdk-python-core/1.28.0 Python/3.10.11 (Windows-10-10.0.22631-SP0)
    method: GET
    uri: https://management.azure.com/subscriptions/00000000-0000-0000-0000-000000000000/resourceGroups/cli_test_vmss_nics000001/providers/microsoft.Compute/virtualMachineScaleSets/vmss000002/networkInterfaces?api-version=2023-09-01
  response:
    body:
      string: '{"value":[{"name":"vmss7d1dcNic","id":"/subscriptions/00000000-0000-0000-0000-000000000000/resourceGroups/cli_test_vmss_nics000001/providers/Microsoft.Compute/virtualMachineScaleSets/vmss000002/virtualMachines/0/networkInterfaces/vmss7d1dcNic","etag":"W/\"74de8706-cab3-4b2e-9b88-1c75c30f0120\"","properties":{"provisioningState":"Succeeded","resourceGuid":"e3f08d6c-02dd-47d1-bccb-01f22970db50","ipConfigurations":[{"name":"vmss7d1dcIPConfig","id":"/subscriptions/00000000-0000-0000-0000-000000000000/resourceGroups/cli_test_vmss_nics000001/providers/Microsoft.Compute/virtualMachineScaleSets/vmss000002/virtualMachines/0/networkInterfaces/vmss7d1dcNic/ipConfigurations/vmss7d1dcIPConfig","etag":"W/\"74de8706-cab3-4b2e-9b88-1c75c30f0120\"","properties":{"provisioningState":"Succeeded","privateIPAddress":"10.0.0.4","privateIPAllocationMethod":"Dynamic","subnet":{"id":"/subscriptions/00000000-0000-0000-0000-000000000000/resourceGroups/cli_test_vmss_nics000001/providers/Microsoft.Network/virtualNetworks/vmss000002VNET/subnets/vmss000002Subnet"},"primary":true,"privateIPAddressVersion":"IPv4","loadBalancerBackendAddressPools":[{"id":"/subscriptions/00000000-0000-0000-0000-000000000000/resourceGroups/cli_test_vmss_nics000001/providers/Microsoft.Network/loadBalancers/vmss000002LB/backendAddressPools/vmss000002LBBEPool"}]}}],"dnsSettings":{"dnsServers":[],"appliedDnsServers":[]},"macAddress":"60-45-BD-D5-96-5F","enableAcceleratedNetworking":false,"vnetEncryptionSupported":false,"enableIPForwarding":false,"disableTcpStateTracking":false,"networkSecurityGroup":{"id":"/subscriptions/00000000-0000-0000-0000-000000000000/resourceGroups/cli_test_vmss_nics000001/providers/Microsoft.Network/networkSecurityGroups/vmss000002NSG"},"virtualMachine":{"id":"/subscriptions/00000000-0000-0000-0000-000000000000/resourceGroups/cli_test_vmss_nics000001/providers/Microsoft.Compute/virtualMachineScaleSets/vmss000002/virtualMachines/0"},"hostedWorkloads":[],"tapConfigurations":[],"nicType":"Standard","enableFpga":false,"allowPort25Out":true,"auxiliaryMode":"None","auxiliarySku":"None"},"location":"eastus","kind":"Regular"},{"name":"vmss7d1dcNic","id":"/subscriptions/00000000-0000-0000-0000-000000000000/resourceGroups/cli_test_vmss_nics000001/providers/Microsoft.Compute/virtualMachineScaleSets/vmss000002/virtualMachines/1/networkInterfaces/vmss7d1dcNic","etag":"W/\"dfe90e4e-9ad3-45b2-a79e-07b53b918981\"","properties":{"provisioningState":"Succeeded","resourceGuid":"c33fe922-df23-441a-9720-575566331120","ipConfigurations":[{"name":"vmss7d1dcIPConfig","id":"/subscriptions/00000000-0000-0000-0000-000000000000/resourceGroups/cli_test_vmss_nics000001/providers/Microsoft.Compute/virtualMachineScaleSets/vmss000002/virtualMachines/1/networkInterfaces/vmss7d1dcNic/ipConfigurations/vmss7d1dcIPConfig","etag":"W/\"dfe90e4e-9ad3-45b2-a79e-07b53b918981\"","properties":{"provisioningState":"Succeeded","privateIPAddress":"10.0.0.5","privateIPAllocationMethod":"Dynamic","subnet":{"id":"/subscriptions/00000000-0000-0000-0000-000000000000/resourceGroups/cli_test_vmss_nics000001/providers/Microsoft.Network/virtualNetworks/vmss000002VNET/subnets/vmss000002Subnet"},"primary":true,"privateIPAddressVersion":"IPv4","loadBalancerBackendAddressPools":[{"id":"/subscriptions/00000000-0000-0000-0000-000000000000/resourceGroups/cli_test_vmss_nics000001/providers/Microsoft.Network/loadBalancers/vmss000002LB/backendAddressPools/vmss000002LBBEPool"}]}}],"dnsSettings":{"dnsServers":[],"appliedDnsServers":[],"internalDomainNameSuffix":"fkjs310lbgvufmq5vcvcma2phh.bx.internal.cloudapp.net"},"macAddress":"60-45-BD-D5-96-DE","enableAcceleratedNetworking":false,"vnetEncryptionSupported":false,"enableIPForwarding":false,"disableTcpStateTracking":false,"networkSecurityGroup":{"id":"/subscriptions/00000000-0000-0000-0000-000000000000/resourceGroups/cli_test_vmss_nics000001/providers/Microsoft.Network/networkSecurityGroups/vmss000002NSG"},"primary":true,"virtualMachine":{"id":"/subscriptions/00000000-0000-0000-0000-000000000000/resourceGroups/cli_test_vmss_nics000001/providers/Microsoft.Compute/virtualMachineScaleSets/vmss000002/virtualMachines/1"},"hostedWorkloads":[],"tapConfigurations":[],"nicType":"Standard","enableFpga":false,"allowPort25Out":true,"auxiliaryMode":"None","auxiliarySku":"None"},"location":"eastus","kind":"Regular"},{"name":"vmss7d1dcNic","id":"/subscriptions/00000000-0000-0000-0000-000000000000/resourceGroups/cli_test_vmss_nics000001/providers/Microsoft.Compute/virtualMachineScaleSets/vmss000002/virtualMachines/2/networkInterfaces/vmss7d1dcNic","etag":"W/\"162160b2-b62d-430c-9df0-503bc377d03d\"","properties":{"provisioningState":"Succeeded","resourceGuid":"44abd39d-c346-4e98-8ccc-813922f89894","ipConfigurations":[{"name":"vmss7d1dcIPConfig","id":"/subscriptions/00000000-0000-0000-0000-000000000000/resourceGroups/cli_test_vmss_nics000001/providers/Microsoft.Compute/virtualMachineScaleSets/vmss000002/virtualMachines/2/networkInterfaces/vmss7d1dcNic/ipConfigurations/vmss7d1dcIPConfig","etag":"W/\"162160b2-b62d-430c-9df0-503bc377d03d\"","properties":{"provisioningState":"Succeeded","privateIPAddress":"10.0.0.6","privateIPAllocationMethod":"Dynamic","subnet":{"id":"/subscriptions/00000000-0000-0000-0000-000000000000/resourceGroups/cli_test_vmss_nics000001/providers/Microsoft.Network/virtualNetworks/vmss000002VNET/subnets/vmss000002Subnet"},"primary":true,"privateIPAddressVersion":"IPv4","loadBalancerBackendAddressPools":[{"id":"/subscriptions/00000000-0000-0000-0000-000000000000/resourceGroups/cli_test_vmss_nics000001/providers/Microsoft.Network/loadBalancers/vmss000002LB/backendAddressPools/vmss000002LBBEPool"}]}}],"dnsSettings":{"dnsServers":[],"appliedDnsServers":[]},"macAddress":"60-45-BD-D5-9E-78","enableAcceleratedNetworking":false,"vnetEncryptionSupported":false,"enableIPForwarding":false,"disableTcpStateTracking":false,"networkSecurityGroup":{"id":"/subscriptions/00000000-0000-0000-0000-000000000000/resourceGroups/cli_test_vmss_nics000001/providers/Microsoft.Network/networkSecurityGroups/vmss000002NSG"},"virtualMachine":{"id":"/subscriptions/00000000-0000-0000-0000-000000000000/resourceGroups/cli_test_vmss_nics000001/providers/Microsoft.Compute/virtualMachineScaleSets/vmss000002/virtualMachines/2"},"hostedWorkloads":[],"tapConfigurations":[],"nicType":"Standard","enableFpga":false,"allowPort25Out":true,"auxiliaryMode":"None","auxiliarySku":"None"},"location":"eastus","kind":"Regular"},{"name":"vmss7d1dcNic","id":"/subscriptions/00000000-0000-0000-0000-000000000000/resourceGroups/cli_test_vmss_nics000001/providers/Microsoft.Compute/virtualMachineScaleSets/vmss000002/virtualMachines/3/networkInterfaces/vmss7d1dcNic","etag":"W/\"5e29696d-d74d-4ad8-8231-8826a8442201\"","properties":{"provisioningState":"Succeeded","resourceGuid":"75884a0f-db68-47bc-b7c7-d365f184e439","ipConfigurations":[{"name":"vmss7d1dcIPConfig","id":"/subscriptions/00000000-0000-0000-0000-000000000000/resourceGroups/cli_test_vmss_nics000001/providers/Microsoft.Compute/virtualMachineScaleSets/vmss000002/virtualMachines/3/networkInterfaces/vmss7d1dcNic/ipConfigurations/vmss7d1dcIPConfig","etag":"W/\"5e29696d-d74d-4ad8-8231-8826a8442201\"","properties":{"provisioningState":"Succeeded","privateIPAddress":"10.0.0.7","privateIPAllocationMethod":"Dynamic","subnet":{"id":"/subscriptions/00000000-0000-0000-0000-000000000000/resourceGroups/cli_test_vmss_nics000001/providers/Microsoft.Network/virtualNetworks/vmss000002VNET/subnets/vmss000002Subnet"},"primary":true,"privateIPAddressVersion":"IPv4","loadBalancerBackendAddressPools":[{"id":"/subscriptions/00000000-0000-0000-0000-000000000000/resourceGroups/cli_test_vmss_nics000001/providers/Microsoft.Network/loadBalancers/vmss000002LB/backendAddressPools/vmss000002LBBEPool"}]}}],"dnsSettings":{"dnsServers":[],"appliedDnsServers":[],"internalDomainNameSuffix":"fkjs310lbgvufmq5vcvcma2phh.bx.internal.cloudapp.net"},"macAddress":"60-45-BD-D5-91-F7","enableAcceleratedNetworking":false,"vnetEncryptionSupported":false,"enableIPForwarding":false,"disableTcpStateTracking":false,"networkSecurityGroup":{"id":"/subscriptions/00000000-0000-0000-0000-000000000000/resourceGroups/cli_test_vmss_nics000001/providers/Microsoft.Network/networkSecurityGroups/vmss000002NSG"},"primary":true,"virtualMachine":{"id":"/subscriptions/00000000-0000-0000-0000-000000000000/resourceGroups/cli_test_vmss_nics000001/providers/Microsoft.Compute/virtualMachineScaleSets/vmss000002/virtualMachines/3"},"hostedWorkloads":[],"tapConfigurations":[],"nicType":"Standard","enableFpga":false,"allowPort25Out":true,"auxiliaryMode":"None","auxiliarySku":"None"},"location":"eastus","kind":"Regular"}]}'
    headers:
      cache-control:
      - no-cache
      content-length:
      - '8659'
      content-type:
      - application/json; charset=utf-8
      date:
      - Wed, 21 Aug 2024 02:34:49 GMT
      expires:
      - '-1'
      pragma:
      - no-cache
      strict-transport-security:
      - max-age=31536000; includeSubDomains
      x-cache:
      - CONFIG_NOCACHE
      x-content-type-options:
      - nosniff
      x-ms-arm-service-request-id:
      - 97c9dd2c-2051-440b-a604-5816b957046d
      x-ms-ratelimit-remaining-subscription-global-reads:
      - '3749'
      x-msedge-ref:
      - 'Ref A: B91DC85C051742A9A121377227DED03D Ref B: OSA221030116033 Ref C: 2024-08-21T02:34:49Z'
    status:
      code: 200
      message: OK
- request:
    body: null
    headers:
      Accept:
      - application/json
      Accept-Encoding:
      - gzip, deflate
      CommandName:
      - vmss list-instances
      Connection:
      - keep-alive
      ParameterSetName:
      - -g -n
      User-Agent:
      - AZURECLI/2.63.0 azsdk-python-core/1.28.0 Python/3.10.11 (Windows-10-10.0.22631-SP0)
    method: GET
    uri: https://management.azure.com/subscriptions/00000000-0000-0000-0000-000000000000/resourceGroups/cli_test_vmss_nics000001/providers/Microsoft.Compute/virtualMachineScaleSets/vmss000002/virtualMachines?api-version=2023-09-01
  response:
    body:
      string: "{\r\n  \"value\": [\r\n    {\r\n      \"name\": \"vmss000002_1\",\r\
        \n      \"id\": \"/subscriptions/00000000-0000-0000-0000-000000000000/resourceGroups/cli_test_vmss_nics000001/providers/Microsoft.Compute/virtualMachineScaleSets/vmss000002/virtualMachines/1\"\
        ,\r\n      \"type\": \"Microsoft.Compute/virtualMachineScaleSets/virtualMachines\"\
        ,\r\n      \"location\": \"eastus\",\r\n      \"tags\": {},\r\n      \"instanceId\"\
        : \"1\",\r\n      \"sku\": {\r\n        \"name\": \"Standard_DS1_v2\",\r\n\
        \        \"tier\": \"Standard\"\r\n      },\r\n      \"properties\": {\r\n\
        \        \"latestModelApplied\": true,\r\n        \"modelDefinitionApplied\"\
        : \"VirtualMachineScaleSet\",\r\n        \"networkProfileConfiguration\":\
        \ {\"networkInterfaceConfigurations\":[{\"name\":\"vmss7d1dcNic\",\"properties\"\
        :{\"primary\":true,\"enableAcceleratedNetworking\":false,\"disableTcpStateTracking\"\
        :false,\"networkSecurityGroup\":{\"id\":\"/subscriptions/00000000-0000-0000-0000-000000000000/resourceGroups/cli_test_vmss_nics000001/providers/Microsoft.Network/networkSecurityGroups/vmss000002NSG\"\
        },\"dnsSettings\":{\"dnsServers\":[]},\"enableIPForwarding\":false,\"ipConfigurations\"\
        :[{\"name\":\"vmss7d1dcIPConfig\",\"properties\":{\"subnet\":{\"id\":\"/subscriptions/00000000-0000-0000-0000-000000000000/resourceGroups/cli_test_vmss_nics000001/providers/Microsoft.Network/virtualNetworks/vmss000002VNET/subnets/vmss000002Subnet\"\
        },\"privateIPAddressVersion\":\"IPv4\",\"loadBalancerBackendAddressPools\"\
        :[{\"id\":\"/subscriptions/00000000-0000-0000-0000-000000000000/resourceGroups/cli_test_vmss_nics000001/providers/Microsoft.Network/loadBalancers/vmss000002LB/backendAddressPools/vmss000002LBBEPool\"\
        }]}}]}}]},\r\n        \"provisioningState\": \"Updating\",\r\n        \"hardwareProfile\"\
        : {\r\n          \"vmSize\": \"Standard_DS1_v2\"\r\n        },\r\n       \
        \ \"vmId\": \"aac14ed5-1ea8-479c-9925-db936d50e140\",\r\n        \"storageProfile\"\
        : {\r\n          \"imageReference\": {\r\n            \"publisher\": \"MicrosoftWindowsServer\"\
        ,\r\n            \"offer\": \"WindowsServer\",\r\n            \"sku\": \"\
        2022-datacenter-g2\",\r\n            \"version\": \"latest\",\r\n        \
        \    \"exactVersion\": \"20348.2655.240810\"\r\n          },\r\n         \
        \ \"osDisk\": {\r\n            \"osType\": \"Windows\",\r\n            \"\
        name\": \"vmss000002_vmss000002_1_OsDisk_1_c9634fe6dc9a47c7a8c9e5bcb10351b2\"\
        ,\r\n            \"createOption\": \"FromImage\",\r\n            \"caching\"\
        : \"ReadWrite\",\r\n            \"managedDisk\": {\r\n              \"storageAccountType\"\
        : \"Premium_LRS\",\r\n              \"id\": \"/subscriptions/00000000-0000-0000-0000-000000000000/resourceGroups/cli_test_vmss_nics000001/providers/Microsoft.Compute/disks/vmss000002_vmss000002_1_OsDisk_1_c9634fe6dc9a47c7a8c9e5bcb10351b2\"\
        \r\n            },\r\n            \"diskSizeGB\": 127\r\n          },\r\n\
        \          \"dataDisks\": [],\r\n          \"diskControllerType\": \"SCSI\"\
        \r\n        },\r\n        \"osProfile\": {\r\n          \"computerName\":\
        \ \"vmss7d1dc000001\",\r\n          \"adminUsername\": \"admin123\",\r\n \
        \         \"windowsConfiguration\": {\r\n            \"provisionVMAgent\"\
        : true,\r\n            \"enableAutomaticUpdates\": true\r\n          },\r\n\
        \          \"secrets\": [],\r\n          \"allowExtensionOperations\": true,\r\
        \n          \"requireGuestProvisionSignal\": true\r\n        },\r\n      \
        \  \"securityProfile\": {\r\n          \"uefiSettings\": {\r\n           \
        \ \"secureBootEnabled\": true,\r\n            \"vTpmEnabled\": true\r\n  \
        \        },\r\n          \"securityType\": \"TrustedLaunch\"\r\n        },\r\
        \n        \"networkProfile\": {\"networkInterfaces\":[{\"id\":\"/subscriptions/00000000-0000-0000-0000-000000000000/resourceGroups/cli_test_vmss_nics000001/providers/Microsoft.Compute/virtualMachineScaleSets/vmss000002/virtualMachines/1/networkInterfaces/vmss7d1dcNic\"\
        }]},\r\n        \"timeCreated\": \"2024-08-21T02:33:25.9457206+00:00\"\r\n\
        \      },\r\n      \"etag\": \"\\\"2\\\"\"\r\n    },\r\n    {\r\n      \"\
        name\": \"vmss000002_3\",\r\n      \"id\": \"/subscriptions/00000000-0000-0000-0000-000000000000/resourceGroups/cli_test_vmss_nics000001/providers/Microsoft.Compute/virtualMachineScaleSets/vmss000002/virtualMachines/3\"\
        ,\r\n      \"type\": \"Microsoft.Compute/virtualMachineScaleSets/virtualMachines\"\
        ,\r\n      \"location\": \"eastus\",\r\n      \"tags\": {},\r\n      \"instanceId\"\
        : \"3\",\r\n      \"sku\": {\r\n        \"name\": \"Standard_DS1_v2\",\r\n\
        \        \"tier\": \"Standard\"\r\n      },\r\n      \"properties\": {\r\n\
        \        \"latestModelApplied\": true,\r\n        \"modelDefinitionApplied\"\
        : \"VirtualMachineScaleSet\",\r\n        \"networkProfileConfiguration\":\
        \ {\"networkInterfaceConfigurations\":[{\"name\":\"vmss7d1dcNic\",\"properties\"\
        :{\"primary\":true,\"enableAcceleratedNetworking\":false,\"disableTcpStateTracking\"\
        :false,\"networkSecurityGroup\":{\"id\":\"/subscriptions/00000000-0000-0000-0000-000000000000/resourceGroups/cli_test_vmss_nics000001/providers/Microsoft.Network/networkSecurityGroups/vmss000002NSG\"\
        },\"dnsSettings\":{\"dnsServers\":[]},\"enableIPForwarding\":false,\"ipConfigurations\"\
        :[{\"name\":\"vmss7d1dcIPConfig\",\"properties\":{\"subnet\":{\"id\":\"/subscriptions/00000000-0000-0000-0000-000000000000/resourceGroups/cli_test_vmss_nics000001/providers/Microsoft.Network/virtualNetworks/vmss000002VNET/subnets/vmss000002Subnet\"\
        },\"privateIPAddressVersion\":\"IPv4\",\"loadBalancerBackendAddressPools\"\
        :[{\"id\":\"/subscriptions/00000000-0000-0000-0000-000000000000/resourceGroups/cli_test_vmss_nics000001/providers/Microsoft.Network/loadBalancers/vmss000002LB/backendAddressPools/vmss000002LBBEPool\"\
        }]}}]}}]},\r\n        \"provisioningState\": \"Succeeded\",\r\n        \"\
        hardwareProfile\": {\r\n          \"vmSize\": \"Standard_DS1_v2\"\r\n    \
        \    },\r\n        \"vmId\": \"8269a9c1-8955-44dc-837c-92463f7cb0d6\",\r\n\
        \        \"storageProfile\": {\r\n          \"imageReference\": {\r\n    \
        \        \"publisher\": \"MicrosoftWindowsServer\",\r\n            \"offer\"\
        : \"WindowsServer\",\r\n            \"sku\": \"2022-datacenter-g2\",\r\n \
        \           \"version\": \"latest\",\r\n            \"exactVersion\": \"20348.2655.240810\"\
        \r\n          },\r\n          \"osDisk\": {\r\n            \"osType\": \"\
        Windows\",\r\n            \"name\": \"vmss000002_vmss000002_3_OsDisk_1_82de7f788f0744349057b9c0a9ec10f6\"\
        ,\r\n            \"createOption\": \"FromImage\",\r\n            \"caching\"\
        : \"ReadWrite\",\r\n            \"managedDisk\": {\r\n              \"storageAccountType\"\
        : \"Premium_LRS\",\r\n              \"id\": \"/subscriptions/00000000-0000-0000-0000-000000000000/resourceGroups/cli_test_vmss_nics000001/providers/Microsoft.Compute/disks/vmss000002_vmss000002_3_OsDisk_1_82de7f788f0744349057b9c0a9ec10f6\"\
        \r\n            },\r\n            \"diskSizeGB\": 127\r\n          },\r\n\
        \          \"dataDisks\": [],\r\n          \"diskControllerType\": \"SCSI\"\
        \r\n        },\r\n        \"osProfile\": {\r\n          \"computerName\":\
        \ \"vmss7d1dc000003\",\r\n          \"adminUsername\": \"admin123\",\r\n \
        \         \"windowsConfiguration\": {\r\n            \"provisionVMAgent\"\
        : true,\r\n            \"enableAutomaticUpdates\": true\r\n          },\r\n\
        \          \"secrets\": [],\r\n          \"allowExtensionOperations\": true,\r\
        \n          \"requireGuestProvisionSignal\": true\r\n        },\r\n      \
        \  \"securityProfile\": {\r\n          \"uefiSettings\": {\r\n           \
        \ \"secureBootEnabled\": true,\r\n            \"vTpmEnabled\": true\r\n  \
        \        },\r\n          \"securityType\": \"TrustedLaunch\"\r\n        },\r\
        \n        \"networkProfile\": {\"networkInterfaces\":[{\"id\":\"/subscriptions/00000000-0000-0000-0000-000000000000/resourceGroups/cli_test_vmss_nics000001/providers/Microsoft.Compute/virtualMachineScaleSets/vmss000002/virtualMachines/3/networkInterfaces/vmss7d1dcNic\"\
        }]},\r\n        \"timeCreated\": \"2024-08-21T02:33:25.9457206+00:00\"\r\n\
        \      },\r\n      \"etag\": \"\\\"2\\\"\"\r\n    }\r\n  ]\r\n}"
    headers:
      cache-control:
      - no-cache
      content-length:
      - '7289'
      content-type:
      - application/json; charset=utf-8
      date:
      - Wed, 21 Aug 2024 02:34:50 GMT
      expires:
      - '-1'
      pragma:
      - no-cache
      strict-transport-security:
      - max-age=31536000; includeSubDomains
      x-cache:
      - CONFIG_NOCACHE
      x-content-type-options:
      - nosniff
      x-ms-ratelimit-remaining-resource:
      - Microsoft.Compute/HighCostGetVMScaleSetSubscriptionMaximum;1079,Microsoft.Compute/HighCostGetVMScaleSetResource;29,Microsoft.Compute/VMScaleSetVMViewsSubscriptionMaximum;29996
      x-ms-ratelimit-remaining-subscription-global-reads:
      - '3749'
      x-ms-request-charge:
      - '4'
      x-msedge-ref:
      - 'Ref A: E5494D870A064EBAA975A488D1EF9A0E Ref B: OSA221030114029 Ref C: 2024-08-21T02:34:50Z'
    status:
      code: 200
      message: ''
- request:
    body: null
    headers:
      Accept:
      - application/json
      Accept-Encoding:
      - gzip, deflate
      CommandName:
      - vmss nic list-vm-nics
      Connection:
      - keep-alive
      ParameterSetName:
      - -g --vmss-name --instance-id
      User-Agent:
      - AZURECLI/2.63.0 azsdk-python-core/1.28.0 Python/3.10.11 (Windows-10-10.0.22631-SP0)
    method: GET
    uri: https://management.azure.com/subscriptions/00000000-0000-0000-0000-000000000000/resourceGroups/cli_test_vmss_nics000001/providers/microsoft.Compute/virtualMachineScaleSets/vmss000002/virtualMachines/1/networkInterfaces?api-version=2023-09-01
  response:
    body:
      string: '{"value":[{"name":"vmss7d1dcNic","id":"/subscriptions/00000000-0000-0000-0000-000000000000/resourceGroups/cli_test_vmss_nics000001/providers/Microsoft.Compute/virtualMachineScaleSets/vmss000002/virtualMachines/1/networkInterfaces/vmss7d1dcNic","etag":"W/\"dfe90e4e-9ad3-45b2-a79e-07b53b918981\"","properties":{"provisioningState":"Succeeded","resourceGuid":"c33fe922-df23-441a-9720-575566331120","ipConfigurations":[{"name":"vmss7d1dcIPConfig","id":"/subscriptions/00000000-0000-0000-0000-000000000000/resourceGroups/cli_test_vmss_nics000001/providers/Microsoft.Compute/virtualMachineScaleSets/vmss000002/virtualMachines/1/networkInterfaces/vmss7d1dcNic/ipConfigurations/vmss7d1dcIPConfig","etag":"W/\"dfe90e4e-9ad3-45b2-a79e-07b53b918981\"","properties":{"provisioningState":"Succeeded","privateIPAddress":"10.0.0.5","privateIPAllocationMethod":"Dynamic","subnet":{"id":"/subscriptions/00000000-0000-0000-0000-000000000000/resourceGroups/cli_test_vmss_nics000001/providers/Microsoft.Network/virtualNetworks/vmss000002VNET/subnets/vmss000002Subnet"},"primary":true,"privateIPAddressVersion":"IPv4","loadBalancerBackendAddressPools":[{"id":"/subscriptions/00000000-0000-0000-0000-000000000000/resourceGroups/cli_test_vmss_nics000001/providers/Microsoft.Network/loadBalancers/vmss000002LB/backendAddressPools/vmss000002LBBEPool"}]}}],"dnsSettings":{"dnsServers":[],"appliedDnsServers":[],"internalDomainNameSuffix":"fkjs310lbgvufmq5vcvcma2phh.bx.internal.cloudapp.net"},"macAddress":"60-45-BD-D5-96-DE","enableAcceleratedNetworking":false,"vnetEncryptionSupported":false,"enableIPForwarding":false,"disableTcpStateTracking":false,"networkSecurityGroup":{"id":"/subscriptions/00000000-0000-0000-0000-000000000000/resourceGroups/cli_test_vmss_nics000001/providers/Microsoft.Network/networkSecurityGroups/vmss000002NSG"},"primary":true,"virtualMachine":{"id":"/subscriptions/00000000-0000-0000-0000-000000000000/resourceGroups/cli_test_vmss_nics000001/providers/Microsoft.Compute/virtualMachineScaleSets/vmss000002/virtualMachines/1"},"hostedWorkloads":[],"tapConfigurations":[],"nicType":"Standard","enableFpga":false,"allowPort25Out":true,"auxiliaryMode":"None","auxiliarySku":"None"},"location":"eastus","kind":"Regular"}]}'
    headers:
      cache-control:
      - no-cache
      content-length:
      - '2221'
      content-type:
      - application/json; charset=utf-8
      date:
      - Wed, 21 Aug 2024 02:34:51 GMT
      expires:
      - '-1'
      pragma:
      - no-cache
      strict-transport-security:
      - max-age=31536000; includeSubDomains
      x-cache:
      - CONFIG_NOCACHE
      x-content-type-options:
      - nosniff
      x-ms-arm-service-request-id:
      - e9edeece-defd-42af-8988-ed6e498b347f
      x-ms-ratelimit-remaining-subscription-global-reads:
      - '3749'
      x-msedge-ref:
      - 'Ref A: F6D55F7C03F242BE8D50FBD23EC30ABC Ref B: OSA221030115029 Ref C: 2024-08-21T02:34:51Z'
    status:
      code: 200
      message: OK
- request:
    body: null
    headers:
      Accept:
      - application/json
      Accept-Encoding:
      - gzip, deflate
      CommandName:
      - vmss nic show
      Connection:
      - keep-alive
      ParameterSetName:
      - --resource-group --vmss-name --instance-id -n
      User-Agent:
      - AZURECLI/2.63.0 azsdk-python-core/1.28.0 Python/3.10.11 (Windows-10-10.0.22631-SP0)
    method: GET
    uri: https://management.azure.com/subscriptions/00000000-0000-0000-0000-000000000000/resourceGroups/cli_test_vmss_nics000001/providers/microsoft.Compute/virtualMachineScaleSets/vmss000002/virtualMachines/1/networkInterfaces/vmss7d1dcNic?api-version=2023-09-01
  response:
    body:
      string: '{"name":"vmss7d1dcNic","id":"/subscriptions/00000000-0000-0000-0000-000000000000/resourceGroups/cli_test_vmss_nics000001/providers/Microsoft.Compute/virtualMachineScaleSets/vmss000002/virtualMachines/1/networkInterfaces/vmss7d1dcNic","etag":"W/\"dfe90e4e-9ad3-45b2-a79e-07b53b918981\"","properties":{"provisioningState":"Succeeded","resourceGuid":"c33fe922-df23-441a-9720-575566331120","ipConfigurations":[{"name":"vmss7d1dcIPConfig","id":"/subscriptions/00000000-0000-0000-0000-000000000000/resourceGroups/cli_test_vmss_nics000001/providers/Microsoft.Compute/virtualMachineScaleSets/vmss000002/virtualMachines/1/networkInterfaces/vmss7d1dcNic/ipConfigurations/vmss7d1dcIPConfig","etag":"W/\"dfe90e4e-9ad3-45b2-a79e-07b53b918981\"","properties":{"provisioningState":"Succeeded","privateIPAddress":"10.0.0.5","privateIPAllocationMethod":"Dynamic","subnet":{"id":"/subscriptions/00000000-0000-0000-0000-000000000000/resourceGroups/cli_test_vmss_nics000001/providers/Microsoft.Network/virtualNetworks/vmss000002VNET/subnets/vmss000002Subnet"},"primary":true,"privateIPAddressVersion":"IPv4","loadBalancerBackendAddressPools":[{"id":"/subscriptions/00000000-0000-0000-0000-000000000000/resourceGroups/cli_test_vmss_nics000001/providers/Microsoft.Network/loadBalancers/vmss000002LB/backendAddressPools/vmss000002LBBEPool"}]}}],"dnsSettings":{"dnsServers":[],"appliedDnsServers":[],"internalDomainNameSuffix":"fkjs310lbgvufmq5vcvcma2phh.bx.internal.cloudapp.net"},"macAddress":"60-45-BD-D5-96-DE","enableAcceleratedNetworking":false,"vnetEncryptionSupported":false,"enableIPForwarding":false,"disableTcpStateTracking":false,"networkSecurityGroup":{"id":"/subscriptions/00000000-0000-0000-0000-000000000000/resourceGroups/cli_test_vmss_nics000001/providers/Microsoft.Network/networkSecurityGroups/vmss000002NSG"},"primary":true,"virtualMachine":{"id":"/subscriptions/00000000-0000-0000-0000-000000000000/resourceGroups/cli_test_vmss_nics000001/providers/Microsoft.Compute/virtualMachineScaleSets/vmss000002/virtualMachines/1"},"hostedWorkloads":[],"tapConfigurations":[],"nicType":"Standard","enableFpga":false,"allowPort25Out":true,"auxiliaryMode":"None","auxiliarySku":"None"},"location":"eastus","kind":"Regular"}'
    headers:
      cache-control:
      - no-cache
      content-length:
      - '2209'
      content-type:
      - application/json; charset=utf-8
      date:
      - Wed, 21 Aug 2024 02:34:52 GMT
      etag:
      - W/"dfe90e4e-9ad3-45b2-a79e-07b53b918981"
      expires:
      - '-1'
      pragma:
      - no-cache
      strict-transport-security:
      - max-age=31536000; includeSubDomains
      x-cache:
      - CONFIG_NOCACHE
      x-content-type-options:
      - nosniff
      x-ms-arm-service-request-id:
      - 6286497d-241c-4c69-b7c8-36ceecbd2c29
      x-ms-ratelimit-remaining-subscription-global-reads:
      - '3749'
      x-msedge-ref:
      - 'Ref A: CAE56FC188A547299B7D5DDB63470B1D Ref B: OSA221030114045 Ref C: 2024-08-21T02:34:51Z'
    status:
      code: 200
      message: OK
version: 1
