interactions:
- request:
    body: null
    headers:
      Accept:
      - application/json
      Accept-Encoding:
      - gzip, deflate
      CommandName:
      - vm create
      Connection:
      - keep-alive
      ParameterSetName:
      - -g -n --image --assign-identity --admin-username --admin-password --scope
        --nsg-rule
      User-Agent:
      - AZURECLI/2.24.0 azsdk-python-azure-mgmt-resource/18.0.0 Python/3.8.0 (Windows-10-10.0.19041-SP0)
    method: GET
    uri: https://management.azure.com/subscriptions/00000000-0000-0000-0000-000000000000/resourcegroups/cli_test_vm_msi000001?api-version=2020-10-01
  response:
    body:
      string: '{"id":"/subscriptions/00000000-0000-0000-0000-000000000000/resourceGroups/cli_test_vm_msi000001","name":"cli_test_vm_msi000001","type":"Microsoft.Resources/resourceGroups","location":"westus","tags":{"product":"azurecli","cause":"automation","date":"2021-05-25T08:00:09Z"},"properties":{"provisioningState":"Succeeded"}}'
    headers:
      cache-control:
      - no-cache
      content-length:
      - '428'
      content-type:
      - application/json; charset=utf-8
      date:
      - Tue, 25 May 2021 08:00:11 GMT
      expires:
      - '-1'
      pragma:
      - no-cache
      strict-transport-security:
      - max-age=31536000; includeSubDomains
      vary:
      - Accept-Encoding
      x-content-type-options:
      - nosniff
    status:
      code: 200
      message: OK
- request:
    body: null
    headers:
      Accept:
      - '*/*'
      Accept-Encoding:
      - gzip, deflate
      Connection:
      - keep-alive
      User-Agent:
      - python-requests/2.22.0
    method: GET
    uri: https://raw.githubusercontent.com/Azure/azure-rest-api-specs/master/arm-compute/quickstart-templates/aliases.json
  response:
    body:
      string: "{\n  \"$schema\": \"http://schema.management.azure.com/schemas/2015-01-01/deploymentTemplate.json\",\n
        \ \"contentVersion\": \"1.0.0.0\",\n  \"parameters\": {},\n  \"variables\":
        {},\n  \"resources\": [],\n  \"outputs\": {\n    \"aliases\": {\n      \"type\":
        \"object\",\n      \"value\": {\n        \"Linux\": {\n          \"CentOS\":
        {\n            \"publisher\": \"OpenLogic\",\n            \"offer\": \"CentOS\",\n
        \           \"sku\": \"7.5\",\n            \"version\": \"latest\"\n          },\n
        \         \"CoreOS\": {\n            \"publisher\": \"CoreOS\",\n            \"offer\":
        \"CoreOS\",\n            \"sku\": \"Stable\",\n            \"version\": \"latest\"\n
        \         },\n          \"Debian\": {\n            \"publisher\": \"Debian\",\n
        \           \"offer\": \"debian-10\",\n            \"sku\": \"10\",\n            \"version\":
        \"latest\"\n          },\n          \"openSUSE-Leap\": {\n            \"publisher\":
        \"SUSE\",\n            \"offer\": \"openSUSE-Leap\",\n            \"sku\":
        \"42.3\",\n            \"version\": \"latest\"\n          },\n          \"RHEL\":
        {\n            \"publisher\": \"RedHat\",\n            \"offer\": \"RHEL\",\n
        \           \"sku\": \"7-LVM\",\n            \"version\": \"latest\"\n          },\n
        \         \"SLES\": {\n            \"publisher\": \"SUSE\",\n            \"offer\":
        \"SLES\",\n            \"sku\": \"15\",\n            \"version\": \"latest\"\n
        \         },\n          \"UbuntuLTS\": {\n            \"publisher\": \"Canonical\",\n
        \           \"offer\": \"UbuntuServer\",\n            \"sku\": \"18.04-LTS\",\n
        \           \"version\": \"latest\"\n          }\n        },\n        \"Windows\":
        {\n          \"Win2019Datacenter\": {\n            \"publisher\": \"MicrosoftWindowsServer\",\n
        \           \"offer\": \"WindowsServer\",\n            \"sku\": \"2019-Datacenter\",\n
        \           \"version\": \"latest\"\n          },\n          \"Win2016Datacenter\":
        {\n            \"publisher\": \"MicrosoftWindowsServer\",\n            \"offer\":
        \"WindowsServer\",\n            \"sku\": \"2016-Datacenter\",\n            \"version\":
        \"latest\"\n          },\n          \"Win2012R2Datacenter\": {\n            \"publisher\":
        \"MicrosoftWindowsServer\",\n            \"offer\": \"WindowsServer\",\n            \"sku\":
        \"2012-R2-Datacenter\",\n            \"version\": \"latest\"\n          },\n
        \         \"Win2012Datacenter\": {\n            \"publisher\": \"MicrosoftWindowsServer\",\n
        \           \"offer\": \"WindowsServer\",\n            \"sku\": \"2012-Datacenter\",\n
        \           \"version\": \"latest\"\n          },\n          \"Win2008R2SP1\":
        {\n            \"publisher\": \"MicrosoftWindowsServer\",\n            \"offer\":
        \"WindowsServer\",\n            \"sku\": \"2008-R2-SP1\",\n            \"version\":
        \"latest\"\n          }\n        }\n      }\n    }\n  }\n}\n"
    headers:
      accept-ranges:
      - bytes
      access-control-allow-origin:
      - '*'
      cache-control:
      - max-age=300
      connection:
      - keep-alive
      content-length:
      - '2501'
      content-security-policy:
      - default-src 'none'; style-src 'unsafe-inline'; sandbox
      content-type:
      - text/plain; charset=utf-8
      date:
      - Tue, 25 May 2021 08:00:12 GMT
      etag:
      - W/"540044b4084c3c314537f1baa1770f248628b2bc9ba0328f1004c33862e049da"
      expires:
      - Tue, 25 May 2021 08:05:12 GMT
      source-age:
      - '292'
      strict-transport-security:
      - max-age=31536000
      vary:
      - Authorization,Accept-Encoding
      via:
      - 1.1 varnish
      x-cache:
      - HIT
      x-cache-hits:
      - '2'
      x-content-type-options:
      - nosniff
      x-fastly-request-id:
      - abfae9cade9f130a3c7c5ecd997f24a9e7cda4fc
      x-frame-options:
      - deny
      x-github-request-id:
      - 76E4:7B19:1861EF:259B1D:60AA60F7
      x-served-by:
      - cache-qpg1280-QPG
      x-timer:
      - S1621929612.477272,VS0,VE0
      x-xss-protection:
      - 1; mode=block
    status:
      code: 200
      message: OK
- request:
    body: null
    headers:
      Accept:
      - application/json, text/json
      Accept-Encoding:
      - gzip, deflate
      CommandName:
      - vm create
      Connection:
      - keep-alive
      ParameterSetName:
      - -g -n --image --assign-identity --admin-username --admin-password --scope
        --nsg-rule
      User-Agent:
      - AZURECLI/2.24.0 azsdk-python-azure-mgmt-network/19.0.0 Python/3.8.0 (Windows-10-10.0.19041-SP0)
    method: GET
    uri: https://management.azure.com/subscriptions/00000000-0000-0000-0000-000000000000/resourceGroups/cli_test_vm_msi000001/providers/Microsoft.Network/virtualNetworks?api-version=2018-01-01
  response:
    body:
      string: '{"value":[]}'
    headers:
      cache-control:
      - no-cache
      content-length:
      - '12'
      content-type:
      - application/json; charset=utf-8
      date:
      - Tue, 25 May 2021 08:00:12 GMT
      expires:
      - '-1'
      pragma:
      - no-cache
      strict-transport-security:
      - max-age=31536000; includeSubDomains
      vary:
      - Accept-Encoding
      x-content-type-options:
      - nosniff
    status:
      code: 200
      message: OK
- request:
    body: null
    headers:
      Accept:
      - application/json
      Accept-Encoding:
      - gzip, deflate
      CommandName:
      - vm create
      Connection:
      - keep-alive
      ParameterSetName:
      - -g -n --image --assign-identity --admin-username --admin-password --scope
        --nsg-rule
      User-Agent:
      - python/3.8.0 (Windows-10-10.0.19041-SP0) msrest/0.6.21 msrest_azure/0.6.3
        azure-mgmt-authorization/0.61.0 Azure-SDK-For-Python AZURECLI/2.24.0
      accept-language:
      - en-US
    method: GET
    uri: https://management.azure.com/subscriptions/00000000-0000-0000-0000-000000000000/resourceGroups/cli_test_vm_msi000001/providers/Microsoft.Authorization/roleDefinitions?$filter=roleName%20eq%20%27Contributor%27&api-version=2018-01-01-preview
  response:
    body:
      string: '{"value":[{"properties":{"roleName":"Contributor","type":"BuiltInRole","description":"Grants
        full access to manage all resources, but does not allow you to assign roles
        in Azure RBAC, manage assignments in Azure Blueprints, or share image galleries.","assignableScopes":["/"],"permissions":[{"actions":["*"],"notActions":["Microsoft.Authorization/*/Delete","Microsoft.Authorization/*/Write","Microsoft.Authorization/elevateAccess/Action","Microsoft.Blueprint/blueprintAssignments/write","Microsoft.Blueprint/blueprintAssignments/delete","Microsoft.Compute/galleries/share/action"],"dataActions":[],"notDataActions":[]}],"createdOn":"2015-02-02T21:55:09.8806423Z","updatedOn":"2020-12-04T00:34:54.8501087Z","createdBy":null,"updatedBy":null},"id":"/subscriptions/00000000-0000-0000-0000-000000000000/providers/Microsoft.Authorization/roleDefinitions/b24988ac-6180-42a0-ab88-20f7382dd24c","type":"Microsoft.Authorization/roleDefinitions","name":"b24988ac-6180-42a0-ab88-20f7382dd24c"}]}'
    headers:
      cache-control:
      - no-cache
      content-length:
      - '984'
      content-type:
      - application/json; charset=utf-8
      date:
      - Tue, 25 May 2021 08:00:13 GMT
      expires:
      - '-1'
      pragma:
      - no-cache
      set-cookie:
      - x-ms-gateway-slice=Production; path=/; secure; samesite=none; httponly
      strict-transport-security:
      - max-age=31536000; includeSubDomains
      transfer-encoding:
      - chunked
      vary:
      - Accept-Encoding
      x-content-type-options:
      - nosniff
    status:
      code: 200
      message: OK
- request:
    body: '{"properties": {"template": {"$schema": "https://schema.management.azure.com/schemas/2015-01-01/deploymentTemplate.json#",
      "contentVersion": "1.0.0.0", "parameters": {"adminPassword": {"type": "securestring",
      "metadata": {"description": "Secure adminPassword"}}}, "variables": {}, "resources":
      [{"name": "vm1VNET", "type": "Microsoft.Network/virtualNetworks", "location":
      "westus", "apiVersion": "2015-06-15", "dependsOn": [], "tags": {}, "properties":
      {"addressSpace": {"addressPrefixes": ["10.0.0.0/16"]}, "subnets": [{"name":
      "vm1Subnet", "properties": {"addressPrefix": "10.0.0.0/24"}}]}}, {"type": "Microsoft.Network/networkSecurityGroups",
      "name": "vm1NSG", "apiVersion": "2015-06-15", "location": "westus", "tags":
      {}, "dependsOn": []}, {"apiVersion": "2018-01-01", "type": "Microsoft.Network/publicIPAddresses",
      "name": "vm1PublicIP", "location": "westus", "tags": {}, "dependsOn": [], "properties":
      {"publicIPAllocationMethod": null}}, {"apiVersion": "2015-06-15", "type": "Microsoft.Network/networkInterfaces",
      "name": "vm1VMNic", "location": "westus", "tags": {}, "dependsOn": ["Microsoft.Network/virtualNetworks/vm1VNET",
      "Microsoft.Network/networkSecurityGroups/vm1NSG", "Microsoft.Network/publicIpAddresses/vm1PublicIP"],
      "properties": {"ipConfigurations": [{"name": "ipconfigvm1", "properties": {"privateIPAllocationMethod":
      "Dynamic", "subnet": {"id": "/subscriptions/00000000-0000-0000-0000-000000000000/resourceGroups/cli_test_vm_msi000001/providers/Microsoft.Network/virtualNetworks/vm1VNET/subnets/vm1Subnet"},
      "publicIPAddress": {"id": "/subscriptions/00000000-0000-0000-0000-000000000000/resourceGroups/cli_test_vm_msi000001/providers/Microsoft.Network/publicIPAddresses/vm1PublicIP"}}}],
      "networkSecurityGroup": {"id": "/subscriptions/00000000-0000-0000-0000-000000000000/resourceGroups/cli_test_vm_msi000001/providers/Microsoft.Network/networkSecurityGroups/vm1NSG"}}},
      {"name": "b7d0cf12-8c0c-42d8-9ee1-ae6479823c42", "type": "Microsoft.Authorization/roleAssignments",
      "apiVersion": "2015-07-01", "dependsOn": ["Microsoft.Compute/virtualMachines/vm1"],
      "properties": {"roleDefinitionId": "/subscriptions/00000000-0000-0000-0000-000000000000/providers/Microsoft.Authorization/roleDefinitions/b24988ac-6180-42a0-ab88-20f7382dd24c",
      "principalId": "[reference(''/subscriptions/00000000-0000-0000-0000-000000000000/resourceGroups/cli_test_vm_msi000001/providers/Microsoft.Compute/virtualMachines/vm1'',
      ''2019-07-01'', ''Full'').identity.principalId]", "scope": "/subscriptions/00000000-0000-0000-0000-000000000000/resourceGroups/cli_test_vm_msi000001"}},
      {"apiVersion": "2021-03-01", "type": "Microsoft.Compute/virtualMachines", "name":
      "vm1", "location": "westus", "tags": {}, "dependsOn": ["Microsoft.Network/networkInterfaces/vm1VMNic"],
      "properties": {"hardwareProfile": {"vmSize": "Standard_DS1_v2"}, "networkProfile":
      {"networkInterfaces": [{"id": "/subscriptions/00000000-0000-0000-0000-000000000000/resourceGroups/cli_test_vm_msi000001/providers/Microsoft.Network/networkInterfaces/vm1VMNic"}]},
      "storageProfile": {"osDisk": {"createOption": "fromImage", "name": null, "caching":
      "ReadWrite", "managedDisk": {"storageAccountType": null}}, "imageReference":
      {"publisher": "Debian", "offer": "debian-10", "sku": "10", "version": "latest"}},
      "osProfile": {"computerName": "vm1", "adminUsername": "admin123", "adminPassword":
      "[parameters(''adminPassword'')]"}}, "identity": {"type": "SystemAssigned"}}],
      "outputs": {}}, "parameters": {"adminPassword": {"value": "PasswordPassword1!"}},
      "mode": "incremental"}}'
    headers:
      Accept:
      - application/json
      Accept-Encoding:
      - gzip, deflate
      CommandName:
      - vm create
      Connection:
      - keep-alive
      Content-Length:
      - '3852'
      Content-Type:
      - application/json
      ParameterSetName:
      - -g -n --image --assign-identity --admin-username --admin-password --scope
        --nsg-rule
      User-Agent:
      - AZURECLI/2.24.0 azsdk-python-azure-mgmt-resource/18.0.0 Python/3.8.0 (Windows-10-10.0.19041-SP0)
    method: PUT
    uri: https://management.azure.com/subscriptions/00000000-0000-0000-0000-000000000000/resourcegroups/cli_test_vm_msi000001/providers/Microsoft.Resources/deployments/mock-deployment?api-version=2020-10-01
  response:
    body:
      string: '{"id":"/subscriptions/00000000-0000-0000-0000-000000000000/resourceGroups/cli_test_vm_msi000001/providers/Microsoft.Resources/deployments/vm_deploy_twkp3v0a3yH4x1rwtEQ1nXi5iTpZqpaO","name":"vm_deploy_twkp3v0a3yH4x1rwtEQ1nXi5iTpZqpaO","type":"Microsoft.Resources/deployments","properties":{"templateHash":"8983315197171017242","parameters":{"adminPassword":{"type":"SecureString"}},"mode":"Incremental","provisioningState":"Accepted","timestamp":"2021-05-25T08:00:17.1187971Z","duration":"PT2.0252943S","correlationId":"5c852dc6-973b-43fb-bf88-ed7fd7247f78","providers":[{"namespace":"Microsoft.Network","resourceTypes":[{"resourceType":"virtualNetworks","locations":["westus"]},{"resourceType":"networkSecurityGroups","locations":["westus"]},{"resourceType":"publicIPAddresses","locations":["westus"]},{"resourceType":"networkInterfaces","locations":["westus"]}]},{"namespace":"Microsoft.Authorization","resourceTypes":[{"resourceType":"roleAssignments","locations":[null]}]},{"namespace":"Microsoft.Compute","resourceTypes":[{"resourceType":"virtualMachines","locations":["westus"]}]}],"dependencies":[{"dependsOn":[{"id":"/subscriptions/00000000-0000-0000-0000-000000000000/resourceGroups/cli_test_vm_msi000001/providers/Microsoft.Network/virtualNetworks/vm1VNET","resourceType":"Microsoft.Network/virtualNetworks","resourceName":"vm1VNET"},{"id":"/subscriptions/00000000-0000-0000-0000-000000000000/resourceGroups/cli_test_vm_msi000001/providers/Microsoft.Network/networkSecurityGroups/vm1NSG","resourceType":"Microsoft.Network/networkSecurityGroups","resourceName":"vm1NSG"},{"id":"/subscriptions/00000000-0000-0000-0000-000000000000/resourceGroups/cli_test_vm_msi000001/providers/Microsoft.Network/publicIPAddresses/vm1PublicIP","resourceType":"Microsoft.Network/publicIPAddresses","resourceName":"vm1PublicIP"}],"id":"/subscriptions/00000000-0000-0000-0000-000000000000/resourceGroups/cli_test_vm_msi000001/providers/Microsoft.Network/networkInterfaces/vm1VMNic","resourceType":"Microsoft.Network/networkInterfaces","resourceName":"vm1VMNic"},{"dependsOn":[{"id":"/subscriptions/00000000-0000-0000-0000-000000000000/resourceGroups/cli_test_vm_msi000001/providers/Microsoft.Compute/virtualMachines/vm1","resourceType":"Microsoft.Compute/virtualMachines","resourceName":"vm1"},{"id":"/subscriptions/00000000-0000-0000-0000-000000000000/resourceGroups/cli_test_vm_msi000001/providers/Microsoft.Compute/virtualMachines/vm1","resourceType":"Microsoft.Compute/virtualMachines","resourceName":"vm1","apiVersion":"2019-07-01"}],"id":"/subscriptions/00000000-0000-0000-0000-000000000000/resourceGroups/cli_test_vm_msi000001/providers/Microsoft.Authorization/roleAssignments/b7d0cf12-8c0c-42d8-9ee1-ae6479823c42","resourceType":"Microsoft.Authorization/roleAssignments","resourceName":"b7d0cf12-8c0c-42d8-9ee1-ae6479823c42"},{"dependsOn":[{"id":"/subscriptions/00000000-0000-0000-0000-000000000000/resourceGroups/cli_test_vm_msi000001/providers/Microsoft.Network/networkInterfaces/vm1VMNic","resourceType":"Microsoft.Network/networkInterfaces","resourceName":"vm1VMNic"}],"id":"/subscriptions/00000000-0000-0000-0000-000000000000/resourceGroups/cli_test_vm_msi000001/providers/Microsoft.Compute/virtualMachines/vm1","resourceType":"Microsoft.Compute/virtualMachines","resourceName":"vm1"}]}}'
    headers:
      azure-asyncoperation:
      - https://management.azure.com/subscriptions/00000000-0000-0000-0000-000000000000/resourcegroups/cli_test_vm_msi000001/providers/Microsoft.Resources/deployments/vm_deploy_twkp3v0a3yH4x1rwtEQ1nXi5iTpZqpaO/operationStatuses/08585796772703841349?api-version=2020-10-01
      cache-control:
      - no-cache
      content-length:
      - '3827'
      content-type:
      - application/json; charset=utf-8
      date:
      - Tue, 25 May 2021 08:00:17 GMT
      expires:
      - '-1'
      pragma:
      - no-cache
      strict-transport-security:
      - max-age=31536000; includeSubDomains
      x-content-type-options:
      - nosniff
      x-ms-ratelimit-remaining-subscription-writes:
      - '1193'
    status:
      code: 201
      message: Created
- request:
    body: null
    headers:
      Accept:
      - '*/*'
      Accept-Encoding:
      - gzip, deflate
      CommandName:
      - vm create
      Connection:
      - keep-alive
      ParameterSetName:
      - -g -n --image --assign-identity --admin-username --admin-password --scope
        --nsg-rule
      User-Agent:
      - AZURECLI/2.24.0 azsdk-python-azure-mgmt-resource/18.0.0 Python/3.8.0 (Windows-10-10.0.19041-SP0)
    method: GET
    uri: https://management.azure.com/subscriptions/00000000-0000-0000-0000-000000000000/resourcegroups/cli_test_vm_msi000001/providers/Microsoft.Resources/deployments/mock-deployment/operationStatuses/08585796772703841349?api-version=2020-10-01
  response:
    body:
      string: '{"status":"Running"}'
    headers:
      cache-control:
      - no-cache
      content-length:
      - '20'
      content-type:
      - application/json; charset=utf-8
      date:
      - Tue, 25 May 2021 08:00:48 GMT
      expires:
      - '-1'
      pragma:
      - no-cache
      strict-transport-security:
      - max-age=31536000; includeSubDomains
      vary:
      - Accept-Encoding
      x-content-type-options:
      - nosniff
    status:
      code: 200
      message: OK
- request:
    body: null
    headers:
      Accept:
      - '*/*'
      Accept-Encoding:
      - gzip, deflate
      CommandName:
      - vm create
      Connection:
      - keep-alive
      ParameterSetName:
      - -g -n --image --assign-identity --admin-username --admin-password --scope
        --nsg-rule
      User-Agent:
      - AZURECLI/2.24.0 azsdk-python-azure-mgmt-resource/18.0.0 Python/3.8.0 (Windows-10-10.0.19041-SP0)
    method: GET
    uri: https://management.azure.com/subscriptions/00000000-0000-0000-0000-000000000000/resourcegroups/cli_test_vm_msi000001/providers/Microsoft.Resources/deployments/mock-deployment/operationStatuses/08585796772703841349?api-version=2020-10-01
  response:
    body:
      string: '{"status":"Succeeded"}'
    headers:
      cache-control:
      - no-cache
      content-length:
      - '22'
      content-type:
      - application/json; charset=utf-8
      date:
      - Tue, 25 May 2021 08:01:19 GMT
      expires:
      - '-1'
      pragma:
      - no-cache
      strict-transport-security:
      - max-age=31536000; includeSubDomains
      vary:
      - Accept-Encoding
      x-content-type-options:
      - nosniff
    status:
      code: 200
      message: OK
- request:
    body: null
    headers:
      Accept:
      - '*/*'
      Accept-Encoding:
      - gzip, deflate
      CommandName:
      - vm create
      Connection:
      - keep-alive
      ParameterSetName:
      - -g -n --image --assign-identity --admin-username --admin-password --scope
        --nsg-rule
      User-Agent:
      - AZURECLI/2.24.0 azsdk-python-azure-mgmt-resource/18.0.0 Python/3.8.0 (Windows-10-10.0.19041-SP0)
    method: GET
    uri: https://management.azure.com/subscriptions/00000000-0000-0000-0000-000000000000/resourcegroups/cli_test_vm_msi000001/providers/Microsoft.Resources/deployments/mock-deployment?api-version=2020-10-01
  response:
    body:
      string: '{"id":"/subscriptions/00000000-0000-0000-0000-000000000000/resourceGroups/cli_test_vm_msi000001/providers/Microsoft.Resources/deployments/vm_deploy_twkp3v0a3yH4x1rwtEQ1nXi5iTpZqpaO","name":"vm_deploy_twkp3v0a3yH4x1rwtEQ1nXi5iTpZqpaO","type":"Microsoft.Resources/deployments","properties":{"templateHash":"8983315197171017242","parameters":{"adminPassword":{"type":"SecureString"}},"mode":"Incremental","provisioningState":"Succeeded","timestamp":"2021-05-25T08:01:00.5417351Z","duration":"PT45.4482323S","correlationId":"5c852dc6-973b-43fb-bf88-ed7fd7247f78","providers":[{"namespace":"Microsoft.Network","resourceTypes":[{"resourceType":"virtualNetworks","locations":["westus"]},{"resourceType":"networkSecurityGroups","locations":["westus"]},{"resourceType":"publicIPAddresses","locations":["westus"]},{"resourceType":"networkInterfaces","locations":["westus"]}]},{"namespace":"Microsoft.Authorization","resourceTypes":[{"resourceType":"roleAssignments","locations":[null]}]},{"namespace":"Microsoft.Compute","resourceTypes":[{"resourceType":"virtualMachines","locations":["westus"]}]}],"dependencies":[{"dependsOn":[{"id":"/subscriptions/00000000-0000-0000-0000-000000000000/resourceGroups/cli_test_vm_msi000001/providers/Microsoft.Network/virtualNetworks/vm1VNET","resourceType":"Microsoft.Network/virtualNetworks","resourceName":"vm1VNET"},{"id":"/subscriptions/00000000-0000-0000-0000-000000000000/resourceGroups/cli_test_vm_msi000001/providers/Microsoft.Network/networkSecurityGroups/vm1NSG","resourceType":"Microsoft.Network/networkSecurityGroups","resourceName":"vm1NSG"},{"id":"/subscriptions/00000000-0000-0000-0000-000000000000/resourceGroups/cli_test_vm_msi000001/providers/Microsoft.Network/publicIPAddresses/vm1PublicIP","resourceType":"Microsoft.Network/publicIPAddresses","resourceName":"vm1PublicIP"}],"id":"/subscriptions/00000000-0000-0000-0000-000000000000/resourceGroups/cli_test_vm_msi000001/providers/Microsoft.Network/networkInterfaces/vm1VMNic","resourceType":"Microsoft.Network/networkInterfaces","resourceName":"vm1VMNic"},{"dependsOn":[{"id":"/subscriptions/00000000-0000-0000-0000-000000000000/resourceGroups/cli_test_vm_msi000001/providers/Microsoft.Compute/virtualMachines/vm1","resourceType":"Microsoft.Compute/virtualMachines","resourceName":"vm1"},{"id":"/subscriptions/00000000-0000-0000-0000-000000000000/resourceGroups/cli_test_vm_msi000001/providers/Microsoft.Compute/virtualMachines/vm1","resourceType":"Microsoft.Compute/virtualMachines","resourceName":"vm1","apiVersion":"2019-07-01"}],"id":"/subscriptions/00000000-0000-0000-0000-000000000000/resourceGroups/cli_test_vm_msi000001/providers/Microsoft.Authorization/roleAssignments/b7d0cf12-8c0c-42d8-9ee1-ae6479823c42","resourceType":"Microsoft.Authorization/roleAssignments","resourceName":"b7d0cf12-8c0c-42d8-9ee1-ae6479823c42"},{"dependsOn":[{"id":"/subscriptions/00000000-0000-0000-0000-000000000000/resourceGroups/cli_test_vm_msi000001/providers/Microsoft.Network/networkInterfaces/vm1VMNic","resourceType":"Microsoft.Network/networkInterfaces","resourceName":"vm1VMNic"}],"id":"/subscriptions/00000000-0000-0000-0000-000000000000/resourceGroups/cli_test_vm_msi000001/providers/Microsoft.Compute/virtualMachines/vm1","resourceType":"Microsoft.Compute/virtualMachines","resourceName":"vm1"}],"outputs":{},"outputResources":[{"id":"/subscriptions/00000000-0000-0000-0000-000000000000/resourceGroups/cli_test_vm_msi000001/providers/Microsoft.Authorization/roleAssignments/b7d0cf12-8c0c-42d8-9ee1-ae6479823c42"},{"id":"/subscriptions/00000000-0000-0000-0000-000000000000/resourceGroups/cli_test_vm_msi000001/providers/Microsoft.Compute/virtualMachines/vm1"},{"id":"/subscriptions/00000000-0000-0000-0000-000000000000/resourceGroups/cli_test_vm_msi000001/providers/Microsoft.Network/networkInterfaces/vm1VMNic"},{"id":"/subscriptions/00000000-0000-0000-0000-000000000000/resourceGroups/cli_test_vm_msi000001/providers/Microsoft.Network/networkSecurityGroups/vm1NSG"},{"id":"/subscriptions/00000000-0000-0000-0000-000000000000/resourceGroups/cli_test_vm_msi000001/providers/Microsoft.Network/publicIPAddresses/vm1PublicIP"},{"id":"/subscriptions/00000000-0000-0000-0000-000000000000/resourceGroups/cli_test_vm_msi000001/providers/Microsoft.Network/virtualNetworks/vm1VNET"}]}}'
    headers:
      cache-control:
      - no-cache
      content-length:
      - '5131'
      content-type:
      - application/json; charset=utf-8
      date:
      - Tue, 25 May 2021 08:01:19 GMT
      expires:
      - '-1'
      pragma:
      - no-cache
      strict-transport-security:
      - max-age=31536000; includeSubDomains
      vary:
      - Accept-Encoding
      x-content-type-options:
      - nosniff
    status:
      code: 200
      message: OK
- request:
    body: null
    headers:
      Accept:
      - application/json
      Accept-Encoding:
      - gzip, deflate
      CommandName:
      - vm create
      Connection:
      - keep-alive
      ParameterSetName:
      - -g -n --image --assign-identity --admin-username --admin-password --scope
        --nsg-rule
      User-Agent:
      - AZURECLI/2.24.0 azsdk-python-azure-mgmt-compute/21.0.0 Python/3.8.0 (Windows-10-10.0.19041-SP0)
    method: GET
    uri: https://management.azure.com/subscriptions/00000000-0000-0000-0000-000000000000/resourceGroups/cli_test_vm_msi000001/providers/Microsoft.Compute/virtualMachines/vm1?$expand=instanceView&api-version=2021-03-01
  response:
    body:
      string: "{\r\n  \"name\": \"vm1\",\r\n  \"id\": \"/subscriptions/00000000-0000-0000-0000-000000000000/resourceGroups/cli_test_vm_msi000001/providers/Microsoft.Compute/virtualMachines/vm1\",\r\n
        \ \"type\": \"Microsoft.Compute/virtualMachines\",\r\n  \"location\": \"westus\",\r\n
        \ \"tags\": {},\r\n  \"identity\": {\r\n    \"type\": \"SystemAssigned\",\r\n
        \   \"principalId\": \"720abf40-daa1-4e01-8a6a-5654d133ecf1\",\r\n    \"tenantId\":
        \"54826b22-38d6-4fb2-bad9-b7b93a3e9c5a\"\r\n  },\r\n  \"properties\": {\r\n
        \   \"vmId\": \"40721cbf-b11e-4b02-b35b-c784f87f12a5\",\r\n    \"hardwareProfile\":
        {\r\n      \"vmSize\": \"Standard_DS1_v2\"\r\n    },\r\n    \"storageProfile\":
        {\r\n      \"imageReference\": {\r\n        \"publisher\": \"Debian\",\r\n
        \       \"offer\": \"debian-10\",\r\n        \"sku\": \"10\",\r\n        \"version\":
        \"latest\",\r\n        \"exactVersion\": \"0.20210329.591\"\r\n      },\r\n
        \     \"osDisk\": {\r\n        \"osType\": \"Linux\",\r\n        \"name\":
        \"vm1_disk1_1d76bee5b6b94518b3393938a0c0eadf\",\r\n        \"createOption\":
        \"FromImage\",\r\n        \"caching\": \"ReadWrite\",\r\n        \"managedDisk\":
        {\r\n          \"storageAccountType\": \"Premium_LRS\",\r\n          \"id\":
        \"/subscriptions/00000000-0000-0000-0000-000000000000/resourceGroups/cli_test_vm_msi000001/providers/Microsoft.Compute/disks/vm1_disk1_1d76bee5b6b94518b3393938a0c0eadf\"\r\n
        \       },\r\n        \"diskSizeGB\": 30,\r\n        \"deleteOption\": \"Detach\"\r\n
        \     },\r\n      \"dataDisks\": []\r\n    },\r\n    \"osProfile\": {\r\n
        \     \"computerName\": \"vm1\",\r\n      \"adminUsername\": \"admin123\",\r\n
        \     \"linuxConfiguration\": {\r\n        \"disablePasswordAuthentication\":
        false,\r\n        \"provisionVMAgent\": true,\r\n        \"patchSettings\":
        {\r\n          \"patchMode\": \"ImageDefault\",\r\n          \"assessmentMode\":
        \"ImageDefault\"\r\n        }\r\n      },\r\n      \"secrets\": [],\r\n      \"allowExtensionOperations\":
        true,\r\n      \"requireGuestProvisionSignal\": true\r\n    },\r\n    \"networkProfile\":
        {\"networkInterfaces\":[{\"id\":\"/subscriptions/00000000-0000-0000-0000-000000000000/resourceGroups/cli_test_vm_msi000001/providers/Microsoft.Network/networkInterfaces/vm1VMNic\"}]},\r\n
        \   \"provisioningState\": \"Succeeded\",\r\n    \"instanceView\": {\r\n      \"computerName\":
        \"vm1\",\r\n      \"osName\": \"debian\",\r\n      \"osVersion\": \"10.9\",\r\n
        \     \"vmAgent\": {\r\n        \"vmAgentVersion\": \"2.2.45\",\r\n        \"statuses\":
        [\r\n          {\r\n            \"code\": \"ProvisioningState/succeeded\",\r\n
        \           \"level\": \"Info\",\r\n            \"displayStatus\": \"Ready\",\r\n
        \           \"message\": \"Guest Agent is running\",\r\n            \"time\":
        \"2021-05-25T08:01:01+00:00\"\r\n          }\r\n        ],\r\n        \"extensionHandlers\":
        []\r\n      },\r\n      \"disks\": [\r\n        {\r\n          \"name\": \"vm1_disk1_1d76bee5b6b94518b3393938a0c0eadf\",\r\n
        \         \"statuses\": [\r\n            {\r\n              \"code\": \"ProvisioningState/succeeded\",\r\n
        \             \"level\": \"Info\",\r\n              \"displayStatus\": \"Provisioning
        succeeded\",\r\n              \"time\": \"2021-05-25T08:00:41.9033257+00:00\"\r\n
        \           }\r\n          ]\r\n        }\r\n      ],\r\n      \"hyperVGeneration\":
        \"V1\",\r\n      \"statuses\": [\r\n        {\r\n          \"code\": \"ProvisioningState/succeeded\",\r\n
        \         \"level\": \"Info\",\r\n          \"displayStatus\": \"Provisioning
        succeeded\",\r\n          \"time\": \"2021-05-25T08:00:52.6220912+00:00\"\r\n
        \       },\r\n        {\r\n          \"code\": \"PowerState/running\",\r\n
        \         \"level\": \"Info\",\r\n          \"displayStatus\": \"VM running\"\r\n
        \       }\r\n      ]\r\n    }\r\n  }\r\n}"
    headers:
      cache-control:
      - no-cache
      content-length:
      - '3485'
      content-type:
      - application/json; charset=utf-8
      date:
      - Tue, 25 May 2021 08:01:20 GMT
      expires:
      - '-1'
      pragma:
      - no-cache
      server:
      - Microsoft-HTTPAPI/2.0
      - Microsoft-HTTPAPI/2.0
      strict-transport-security:
      - max-age=31536000; includeSubDomains
      transfer-encoding:
      - chunked
      vary:
      - Accept-Encoding
      x-content-type-options:
      - nosniff
      x-ms-ratelimit-remaining-resource:
      - Microsoft.Compute/LowCostGet3Min;3966,Microsoft.Compute/LowCostGet30Min;31660
    status:
      code: 200
      message: OK
- request:
    body: null
    headers:
      Accept:
      - application/json, text/json
      Accept-Encoding:
      - gzip, deflate
      CommandName:
      - vm create
      Connection:
      - keep-alive
      ParameterSetName:
      - -g -n --image --assign-identity --admin-username --admin-password --scope
        --nsg-rule
      User-Agent:
      - AZURECLI/2.24.0 azsdk-python-azure-mgmt-network/19.0.0 Python/3.8.0 (Windows-10-10.0.19041-SP0)
    method: GET
    uri: https://management.azure.com/subscriptions/00000000-0000-0000-0000-000000000000/resourceGroups/cli_test_vm_msi000001/providers/Microsoft.Network/networkInterfaces/vm1VMNic?api-version=2018-01-01
  response:
    body:
      string: "{\r\n  \"name\": \"vm1VMNic\",\r\n  \"id\": \"/subscriptions/00000000-0000-0000-0000-000000000000/resourceGroups/cli_test_vm_msi000001/providers/Microsoft.Network/networkInterfaces/vm1VMNic\",\r\n
        \ \"etag\": \"W/\\\"6a2c418f-2a93-4706-a381-fe9b296613b4\\\"\",\r\n  \"location\":
        \"westus\",\r\n  \"tags\": {},\r\n  \"properties\": {\r\n    \"provisioningState\":
        \"Succeeded\",\r\n    \"resourceGuid\": \"58143af8-a248-4cb2-a2ae-df50dab17d69\",\r\n
        \   \"ipConfigurations\": [\r\n      {\r\n        \"name\": \"ipconfigvm1\",\r\n
        \       \"id\": \"/subscriptions/00000000-0000-0000-0000-000000000000/resourceGroups/cli_test_vm_msi000001/providers/Microsoft.Network/networkInterfaces/vm1VMNic/ipConfigurations/ipconfigvm1\",\r\n
        \       \"etag\": \"W/\\\"6a2c418f-2a93-4706-a381-fe9b296613b4\\\"\",\r\n
        \       \"type\": \"Microsoft.Network/networkInterfaces/ipConfigurations\",\r\n
        \       \"properties\": {\r\n          \"provisioningState\": \"Succeeded\",\r\n
        \         \"privateIPAddress\": \"10.0.0.4\",\r\n          \"privateIPAllocationMethod\":
        \"Dynamic\",\r\n          \"publicIPAddress\": {\r\n            \"id\": \"/subscriptions/00000000-0000-0000-0000-000000000000/resourceGroups/cli_test_vm_msi000001/providers/Microsoft.Network/publicIPAddresses/vm1PublicIP\"\r\n
        \         },\r\n          \"subnet\": {\r\n            \"id\": \"/subscriptions/00000000-0000-0000-0000-000000000000/resourceGroups/cli_test_vm_msi000001/providers/Microsoft.Network/virtualNetworks/vm1VNET/subnets/vm1Subnet\"\r\n
        \         },\r\n          \"primary\": true,\r\n          \"privateIPAddressVersion\":
        \"IPv4\"\r\n        }\r\n      }\r\n    ],\r\n    \"dnsSettings\": {\r\n      \"dnsServers\":
        [],\r\n      \"appliedDnsServers\": [],\r\n      \"internalDomainNameSuffix\":
        \"aek4obcs23gurhgtg3k2cb4lyd.dx.internal.cloudapp.net\"\r\n    },\r\n    \"macAddress\":
        \"00-0D-3A-33-49-DC\",\r\n    \"enableAcceleratedNetworking\": false,\r\n
        \   \"enableIPForwarding\": false,\r\n    \"networkSecurityGroup\": {\r\n
        \     \"id\": \"/subscriptions/00000000-0000-0000-0000-000000000000/resourceGroups/cli_test_vm_msi000001/providers/Microsoft.Network/networkSecurityGroups/vm1NSG\"\r\n
        \   },\r\n    \"primary\": true,\r\n    \"virtualMachine\": {\r\n      \"id\":
        \"/subscriptions/00000000-0000-0000-0000-000000000000/resourceGroups/cli_test_vm_msi000001/providers/Microsoft.Compute/virtualMachines/vm1\"\r\n
        \   }\r\n  },\r\n  \"type\": \"Microsoft.Network/networkInterfaces\"\r\n}"
    headers:
      cache-control:
      - no-cache
      content-length:
      - '2568'
      content-type:
      - application/json; charset=utf-8
      date:
      - Tue, 25 May 2021 08:01:21 GMT
      etag:
      - W/"6a2c418f-2a93-4706-a381-fe9b296613b4"
      expires:
      - '-1'
      pragma:
      - no-cache
      server:
      - Microsoft-HTTPAPI/2.0
      - Microsoft-HTTPAPI/2.0
      strict-transport-security:
      - max-age=31536000; includeSubDomains
      transfer-encoding:
      - chunked
      vary:
      - Accept-Encoding
      x-content-type-options:
      - nosniff
      x-ms-arm-service-request-id:
      - 21c45125-cc8b-487c-8bf8-853f57c6113f
    status:
      code: 200
      message: OK
- request:
    body: null
    headers:
      Accept:
      - application/json, text/json
      Accept-Encoding:
      - gzip, deflate
      CommandName:
      - vm create
      Connection:
      - keep-alive
      ParameterSetName:
      - -g -n --image --assign-identity --admin-username --admin-password --scope
        --nsg-rule
      User-Agent:
      - AZURECLI/2.24.0 azsdk-python-azure-mgmt-network/19.0.0 Python/3.8.0 (Windows-10-10.0.19041-SP0)
    method: GET
    uri: https://management.azure.com/subscriptions/00000000-0000-0000-0000-000000000000/resourceGroups/cli_test_vm_msi000001/providers/Microsoft.Network/publicIPAddresses/vm1PublicIP?api-version=2018-01-01
  response:
    body:
      string: "{\r\n  \"name\": \"vm1PublicIP\",\r\n  \"id\": \"/subscriptions/00000000-0000-0000-0000-000000000000/resourceGroups/cli_test_vm_msi000001/providers/Microsoft.Network/publicIPAddresses/vm1PublicIP\",\r\n
        \ \"etag\": \"W/\\\"0423b98d-fdb5-4001-a4f9-eddbb03d1499\\\"\",\r\n  \"location\":
        \"westus\",\r\n  \"tags\": {},\r\n  \"properties\": {\r\n    \"provisioningState\":
        \"Succeeded\",\r\n    \"resourceGuid\": \"43c6b591-4a74-42ae-83fc-f6f169bbb3b7\",\r\n
        \   \"ipAddress\": \"104.42.54.0\",\r\n    \"publicIPAddressVersion\": \"IPv4\",\r\n
        \   \"publicIPAllocationMethod\": \"Dynamic\",\r\n    \"idleTimeoutInMinutes\":
        4,\r\n    \"ipTags\": [],\r\n    \"ipConfiguration\": {\r\n      \"id\": \"/subscriptions/00000000-0000-0000-0000-000000000000/resourceGroups/cli_test_vm_msi000001/providers/Microsoft.Network/networkInterfaces/vm1VMNic/ipConfigurations/ipconfigvm1\"\r\n
        \   }\r\n  },\r\n  \"type\": \"Microsoft.Network/publicIPAddresses\",\r\n
        \ \"sku\": {\r\n    \"name\": \"Basic\"\r\n  }\r\n}"
    headers:
      cache-control:
      - no-cache
      content-length:
      - '995'
      content-type:
      - application/json; charset=utf-8
      date:
      - Tue, 25 May 2021 08:01:21 GMT
      etag:
      - W/"0423b98d-fdb5-4001-a4f9-eddbb03d1499"
      expires:
      - '-1'
      pragma:
      - no-cache
      server:
      - Microsoft-HTTPAPI/2.0
      - Microsoft-HTTPAPI/2.0
      strict-transport-security:
      - max-age=31536000; includeSubDomains
      transfer-encoding:
      - chunked
      vary:
      - Accept-Encoding
      x-content-type-options:
      - nosniff
      x-ms-arm-service-request-id:
      - 5c48cfb6-f70b-4616-8c67-da0b37288cdb
    status:
      code: 200
      message: OK
- request:
    body: null
    headers:
      Accept:
      - application/json
      Accept-Encoding:
      - gzip, deflate
      CommandName:
      - vm create
      Connection:
      - keep-alive
      ParameterSetName:
      - -g -n --image --assign-identity --scope --role --admin-username --admin-password
        --nsg-rule
      User-Agent:
      - AZURECLI/2.24.0 azsdk-python-azure-mgmt-resource/18.0.0 Python/3.8.0 (Windows-10-10.0.19041-SP0)
    method: GET
    uri: https://management.azure.com/subscriptions/00000000-0000-0000-0000-000000000000/resourcegroups/cli_test_vm_msi000001?api-version=2020-10-01
  response:
    body:
      string: '{"id":"/subscriptions/00000000-0000-0000-0000-000000000000/resourceGroups/cli_test_vm_msi000001","name":"cli_test_vm_msi000001","type":"Microsoft.Resources/resourceGroups","location":"westus","tags":{"product":"azurecli","cause":"automation","date":"2021-05-25T08:00:09Z"},"properties":{"provisioningState":"Succeeded"}}'
    headers:
      cache-control:
      - no-cache
      content-length:
      - '428'
      content-type:
      - application/json; charset=utf-8
      date:
      - Tue, 25 May 2021 08:01:21 GMT
      expires:
      - '-1'
      pragma:
      - no-cache
      strict-transport-security:
      - max-age=31536000; includeSubDomains
      vary:
      - Accept-Encoding
      x-content-type-options:
      - nosniff
    status:
      code: 200
      message: OK
- request:
    body: null
    headers:
      Accept:
      - '*/*'
      Accept-Encoding:
      - gzip, deflate
      Connection:
      - keep-alive
      User-Agent:
      - python-requests/2.22.0
    method: GET
    uri: https://raw.githubusercontent.com/Azure/azure-rest-api-specs/master/arm-compute/quickstart-templates/aliases.json
  response:
    body:
      string: "{\n  \"$schema\": \"http://schema.management.azure.com/schemas/2015-01-01/deploymentTemplate.json\",\n
        \ \"contentVersion\": \"1.0.0.0\",\n  \"parameters\": {},\n  \"variables\":
        {},\n  \"resources\": [],\n  \"outputs\": {\n    \"aliases\": {\n      \"type\":
        \"object\",\n      \"value\": {\n        \"Linux\": {\n          \"CentOS\":
        {\n            \"publisher\": \"OpenLogic\",\n            \"offer\": \"CentOS\",\n
        \           \"sku\": \"7.5\",\n            \"version\": \"latest\"\n          },\n
        \         \"CoreOS\": {\n            \"publisher\": \"CoreOS\",\n            \"offer\":
        \"CoreOS\",\n            \"sku\": \"Stable\",\n            \"version\": \"latest\"\n
        \         },\n          \"Debian\": {\n            \"publisher\": \"Debian\",\n
        \           \"offer\": \"debian-10\",\n            \"sku\": \"10\",\n            \"version\":
        \"latest\"\n          },\n          \"openSUSE-Leap\": {\n            \"publisher\":
        \"SUSE\",\n            \"offer\": \"openSUSE-Leap\",\n            \"sku\":
        \"42.3\",\n            \"version\": \"latest\"\n          },\n          \"RHEL\":
        {\n            \"publisher\": \"RedHat\",\n            \"offer\": \"RHEL\",\n
        \           \"sku\": \"7-LVM\",\n            \"version\": \"latest\"\n          },\n
        \         \"SLES\": {\n            \"publisher\": \"SUSE\",\n            \"offer\":
        \"SLES\",\n            \"sku\": \"15\",\n            \"version\": \"latest\"\n
        \         },\n          \"UbuntuLTS\": {\n            \"publisher\": \"Canonical\",\n
        \           \"offer\": \"UbuntuServer\",\n            \"sku\": \"18.04-LTS\",\n
        \           \"version\": \"latest\"\n          }\n        },\n        \"Windows\":
        {\n          \"Win2019Datacenter\": {\n            \"publisher\": \"MicrosoftWindowsServer\",\n
        \           \"offer\": \"WindowsServer\",\n            \"sku\": \"2019-Datacenter\",\n
        \           \"version\": \"latest\"\n          },\n          \"Win2016Datacenter\":
        {\n            \"publisher\": \"MicrosoftWindowsServer\",\n            \"offer\":
        \"WindowsServer\",\n            \"sku\": \"2016-Datacenter\",\n            \"version\":
        \"latest\"\n          },\n          \"Win2012R2Datacenter\": {\n            \"publisher\":
        \"MicrosoftWindowsServer\",\n            \"offer\": \"WindowsServer\",\n            \"sku\":
        \"2012-R2-Datacenter\",\n            \"version\": \"latest\"\n          },\n
        \         \"Win2012Datacenter\": {\n            \"publisher\": \"MicrosoftWindowsServer\",\n
        \           \"offer\": \"WindowsServer\",\n            \"sku\": \"2012-Datacenter\",\n
        \           \"version\": \"latest\"\n          },\n          \"Win2008R2SP1\":
        {\n            \"publisher\": \"MicrosoftWindowsServer\",\n            \"offer\":
        \"WindowsServer\",\n            \"sku\": \"2008-R2-SP1\",\n            \"version\":
        \"latest\"\n          }\n        }\n      }\n    }\n  }\n}\n"
    headers:
      accept-ranges:
      - bytes
      access-control-allow-origin:
      - '*'
      cache-control:
      - max-age=300
      connection:
      - keep-alive
      content-length:
      - '2501'
      content-security-policy:
      - default-src 'none'; style-src 'unsafe-inline'; sandbox
      content-type:
      - text/plain; charset=utf-8
      date:
      - Tue, 25 May 2021 08:01:22 GMT
      etag:
      - W/"540044b4084c3c314537f1baa1770f248628b2bc9ba0328f1004c33862e049da"
      expires:
      - Tue, 25 May 2021 08:06:22 GMT
      source-age:
      - '51'
      strict-transport-security:
      - max-age=31536000
      vary:
      - Authorization,Accept-Encoding
      via:
      - 1.1 varnish
      x-cache:
      - HIT
      x-cache-hits:
      - '1'
      x-content-type-options:
      - nosniff
      x-fastly-request-id:
      - c961564c8f53a3b36b60f9c5a4d193d56a06bd52
      x-frame-options:
      - deny
      x-github-request-id:
      - 76E4:7B19:1861EF:259B1D:60AA60F7
      x-served-by:
      - cache-qpg1257-QPG
      x-timer:
      - S1621929683.851426,VS0,VE0
      x-xss-protection:
      - 1; mode=block
    status:
      code: 200
      message: OK
- request:
    body: null
    headers:
      Accept:
      - application/json, text/json
      Accept-Encoding:
      - gzip, deflate
      CommandName:
      - vm create
      Connection:
      - keep-alive
      ParameterSetName:
      - -g -n --image --assign-identity --scope --role --admin-username --admin-password
        --nsg-rule
      User-Agent:
      - AZURECLI/2.24.0 azsdk-python-azure-mgmt-network/19.0.0 Python/3.8.0 (Windows-10-10.0.19041-SP0)
    method: GET
    uri: https://management.azure.com/subscriptions/00000000-0000-0000-0000-000000000000/resourceGroups/cli_test_vm_msi000001/providers/Microsoft.Network/virtualNetworks?api-version=2018-01-01
  response:
    body:
      string: "{\r\n  \"value\": [\r\n    {\r\n      \"name\": \"vm1VNET\",\r\n      \"id\":
        \"/subscriptions/00000000-0000-0000-0000-000000000000/resourceGroups/cli_test_vm_msi000001/providers/Microsoft.Network/virtualNetworks/vm1VNET\",\r\n
        \     \"etag\": \"W/\\\"64084e8e-7be4-4538-b3a8-22c7711d5179\\\"\",\r\n      \"type\":
        \"Microsoft.Network/virtualNetworks\",\r\n      \"location\": \"westus\",\r\n
        \     \"tags\": {},\r\n      \"properties\": {\r\n        \"provisioningState\":
        \"Succeeded\",\r\n        \"resourceGuid\": \"04e71501-e752-484d-9cd3-3755c107cbc3\",\r\n
        \       \"addressSpace\": {\r\n          \"addressPrefixes\": [\r\n            \"10.0.0.0/16\"\r\n
        \         ]\r\n        },\r\n        \"subnets\": [\r\n          {\r\n            \"name\":
        \"vm1Subnet\",\r\n            \"id\": \"/subscriptions/00000000-0000-0000-0000-000000000000/resourceGroups/cli_test_vm_msi000001/providers/Microsoft.Network/virtualNetworks/vm1VNET/subnets/vm1Subnet\",\r\n
        \           \"etag\": \"W/\\\"64084e8e-7be4-4538-b3a8-22c7711d5179\\\"\",\r\n
        \           \"properties\": {\r\n              \"provisioningState\": \"Succeeded\",\r\n
        \             \"addressPrefix\": \"10.0.0.0/24\",\r\n              \"ipConfigurations\":
        [\r\n                {\r\n                  \"id\": \"/subscriptions/00000000-0000-0000-0000-000000000000/resourceGroups/cli_test_vm_msi000001/providers/Microsoft.Network/networkInterfaces/vm1VMNic/ipConfigurations/ipconfigvm1\"\r\n
        \               }\r\n              ]\r\n            },\r\n            \"type\":
        \"Microsoft.Network/virtualNetworks/subnets\"\r\n          }\r\n        ],\r\n
        \       \"virtualNetworkPeerings\": [],\r\n        \"enableDdosProtection\":
        false\r\n      }\r\n    }\r\n  ]\r\n}"
    headers:
      cache-control:
      - no-cache
      content-length:
      - '1712'
      content-type:
      - application/json; charset=utf-8
      date:
      - Tue, 25 May 2021 08:01:23 GMT
      expires:
      - '-1'
      pragma:
      - no-cache
      server:
      - Microsoft-HTTPAPI/2.0
      - Microsoft-HTTPAPI/2.0
      strict-transport-security:
      - max-age=31536000; includeSubDomains
      transfer-encoding:
      - chunked
      vary:
      - Accept-Encoding
      x-content-type-options:
      - nosniff
      x-ms-arm-service-request-id:
      - 889d08b8-46db-4377-b6f9-cdedda9b00fe
    status:
      code: 200
      message: OK
- request:
    body: null
    headers:
      Accept:
      - application/json
      Accept-Encoding:
      - gzip, deflate
      CommandName:
      - vm create
      Connection:
      - keep-alive
      ParameterSetName:
      - -g -n --image --assign-identity --scope --role --admin-username --admin-password
        --nsg-rule
      User-Agent:
      - python/3.8.0 (Windows-10-10.0.19041-SP0) msrest/0.6.21 msrest_azure/0.6.3
        azure-mgmt-authorization/0.61.0 Azure-SDK-For-Python AZURECLI/2.24.0
      accept-language:
      - en-US
    method: GET
    uri: https://management.azure.com/subscriptions/00000000-0000-0000-0000-000000000000/resourceGroups/cli_test_vm_msi000001/providers/Microsoft.Compute/virtualMachines/vm1/providers/Microsoft.Authorization/roleDefinitions?$filter=roleName%20eq%20%27reader%27&api-version=2018-01-01-preview
  response:
    body:
      string: '{"value":[{"properties":{"roleName":"Reader","type":"BuiltInRole","description":"View
        all resources, but does not allow you to make any changes.","assignableScopes":["/"],"permissions":[{"actions":["*/read"],"notActions":[],"dataActions":[],"notDataActions":[]}],"createdOn":"2015-02-02T21:55:09.8806423Z","updatedOn":"2020-08-14T20:16:04.3791205Z","createdBy":null,"updatedBy":null},"id":"/subscriptions/00000000-0000-0000-0000-000000000000/providers/Microsoft.Authorization/roleDefinitions/acdd72a7-3385-48ef-bd42-f606fba81ae7","type":"Microsoft.Authorization/roleDefinitions","name":"acdd72a7-3385-48ef-bd42-f606fba81ae7"}]}'
    headers:
      cache-control:
      - no-cache
      content-length:
      - '627'
      content-type:
      - application/json; charset=utf-8
      date:
      - Tue, 25 May 2021 08:01:23 GMT
      expires:
      - '-1'
      pragma:
      - no-cache
      set-cookie:
      - x-ms-gateway-slice=Production; path=/; secure; samesite=none; httponly
      strict-transport-security:
      - max-age=31536000; includeSubDomains
      transfer-encoding:
      - chunked
      vary:
      - Accept-Encoding
      x-content-type-options:
      - nosniff
    status:
      code: 200
      message: OK
- request:
    body: '{"properties": {"template": {"$schema": "https://schema.management.azure.com/schemas/2015-01-01/deploymentTemplate.json#",
      "contentVersion": "1.0.0.0", "parameters": {"adminPassword": {"type": "securestring",
      "metadata": {"description": "Secure adminPassword"}}}, "variables": {}, "resources":
      [{"type": "Microsoft.Network/networkSecurityGroups", "name": "vm2NSG", "apiVersion":
      "2015-06-15", "location": "westus", "tags": {}, "dependsOn": []}, {"apiVersion":
      "2018-01-01", "type": "Microsoft.Network/publicIPAddresses", "name": "vm2PublicIP",
      "location": "westus", "tags": {}, "dependsOn": [], "properties": {"publicIPAllocationMethod":
      null}}, {"apiVersion": "2015-06-15", "type": "Microsoft.Network/networkInterfaces",
      "name": "vm2VMNic", "location": "westus", "tags": {}, "dependsOn": ["Microsoft.Network/networkSecurityGroups/vm2NSG",
      "Microsoft.Network/publicIpAddresses/vm2PublicIP"], "properties": {"ipConfigurations":
      [{"name": "ipconfigvm2", "properties": {"privateIPAllocationMethod": "Dynamic",
      "subnet": {"id": "/subscriptions/00000000-0000-0000-0000-000000000000/resourceGroups/cli_test_vm_msi000001/providers/Microsoft.Network/virtualNetworks/vm1VNET/subnets/vm1Subnet"},
      "publicIPAddress": {"id": "/subscriptions/00000000-0000-0000-0000-000000000000/resourceGroups/cli_test_vm_msi000001/providers/Microsoft.Network/publicIPAddresses/vm2PublicIP"}}}],
      "networkSecurityGroup": {"id": "/subscriptions/00000000-0000-0000-0000-000000000000/resourceGroups/cli_test_vm_msi000001/providers/Microsoft.Network/networkSecurityGroups/vm2NSG"}}},
      {"name": "vm1/Microsoft.Authorization/83a3aab9-da37-4f22-81d4-135074ae9de7",
      "type": "Microsoft.Compute/virtualMachines/providers/roleAssignments", "apiVersion":
      "2015-07-01", "dependsOn": ["Microsoft.Compute/virtualMachines/vm2"], "properties":
      {"roleDefinitionId": "/subscriptions/00000000-0000-0000-0000-000000000000/providers/Microsoft.Authorization/roleDefinitions/acdd72a7-3385-48ef-bd42-f606fba81ae7",
      "principalId": "[reference(''/subscriptions/00000000-0000-0000-0000-000000000000/resourceGroups/cli_test_vm_msi000001/providers/Microsoft.Compute/virtualMachines/vm2'',
      ''2019-07-01'', ''Full'').identity.principalId]", "scope": "/subscriptions/00000000-0000-0000-0000-000000000000/resourceGroups/cli_test_vm_msi000001/providers/Microsoft.Compute/virtualMachines/vm1"}},
      {"apiVersion": "2021-03-01", "type": "Microsoft.Compute/virtualMachines", "name":
      "vm2", "location": "westus", "tags": {}, "dependsOn": ["Microsoft.Network/networkInterfaces/vm2VMNic"],
      "properties": {"hardwareProfile": {"vmSize": "Standard_DS1_v2"}, "networkProfile":
      {"networkInterfaces": [{"id": "/subscriptions/00000000-0000-0000-0000-000000000000/resourceGroups/cli_test_vm_msi000001/providers/Microsoft.Network/networkInterfaces/vm2VMNic"}]},
      "storageProfile": {"osDisk": {"createOption": "fromImage", "name": null, "caching":
      "ReadWrite", "managedDisk": {"storageAccountType": null}}, "imageReference":
      {"publisher": "MicrosoftWindowsServer", "offer": "WindowsServer", "sku": "2016-Datacenter",
      "version": "latest"}}, "osProfile": {"computerName": "vm2", "adminUsername":
      "admin123", "adminPassword": "[parameters(''adminPassword'')]"}}, "identity":
      {"type": "SystemAssigned"}}], "outputs": {}}, "parameters": {"adminPassword":
      {"value": "PasswordPassword1!"}}, "mode": "incremental"}}'
    headers:
      Accept:
      - application/json
      Accept-Encoding:
      - gzip, deflate
      CommandName:
      - vm create
      Connection:
      - keep-alive
      Content-Length:
      - '3637'
      Content-Type:
      - application/json
      ParameterSetName:
      - -g -n --image --assign-identity --scope --role --admin-username --admin-password
        --nsg-rule
      User-Agent:
      - AZURECLI/2.24.0 azsdk-python-azure-mgmt-resource/18.0.0 Python/3.8.0 (Windows-10-10.0.19041-SP0)
    method: PUT
    uri: https://management.azure.com/subscriptions/00000000-0000-0000-0000-000000000000/resourcegroups/cli_test_vm_msi000001/providers/Microsoft.Resources/deployments/mock-deployment?api-version=2020-10-01
  response:
    body:
      string: '{"id":"/subscriptions/00000000-0000-0000-0000-000000000000/resourceGroups/cli_test_vm_msi000001/providers/Microsoft.Resources/deployments/vm_deploy_c3tbJ7a9xq8NTPYHhLsHu2Xx7sWAfxB4","name":"vm_deploy_c3tbJ7a9xq8NTPYHhLsHu2Xx7sWAfxB4","type":"Microsoft.Resources/deployments","properties":{"templateHash":"15879491061307335303","parameters":{"adminPassword":{"type":"SecureString"}},"mode":"Incremental","provisioningState":"Accepted","timestamp":"2021-05-25T08:01:27.6556768Z","duration":"PT1.9818262S","correlationId":"2f2f076a-d50d-4a69-8387-a35ceb91c46f","providers":[{"namespace":"Microsoft.Network","resourceTypes":[{"resourceType":"networkSecurityGroups","locations":["westus"]},{"resourceType":"publicIPAddresses","locations":["westus"]},{"resourceType":"networkInterfaces","locations":["westus"]}]},{"namespace":"Microsoft.Compute","resourceTypes":[{"resourceType":"virtualMachines/providers/roleAssignments","locations":[null]},{"resourceType":"virtualMachines","locations":["westus"]}]}],"dependencies":[{"dependsOn":[{"id":"/subscriptions/00000000-0000-0000-0000-000000000000/resourceGroups/cli_test_vm_msi000001/providers/Microsoft.Network/networkSecurityGroups/vm2NSG","resourceType":"Microsoft.Network/networkSecurityGroups","resourceName":"vm2NSG"},{"id":"/subscriptions/00000000-0000-0000-0000-000000000000/resourceGroups/cli_test_vm_msi000001/providers/Microsoft.Network/publicIPAddresses/vm2PublicIP","resourceType":"Microsoft.Network/publicIPAddresses","resourceName":"vm2PublicIP"}],"id":"/subscriptions/00000000-0000-0000-0000-000000000000/resourceGroups/cli_test_vm_msi000001/providers/Microsoft.Network/networkInterfaces/vm2VMNic","resourceType":"Microsoft.Network/networkInterfaces","resourceName":"vm2VMNic"},{"dependsOn":[{"id":"/subscriptions/00000000-0000-0000-0000-000000000000/resourceGroups/cli_test_vm_msi000001/providers/Microsoft.Compute/virtualMachines/vm2","resourceType":"Microsoft.Compute/virtualMachines","resourceName":"vm2"},{"id":"/subscriptions/00000000-0000-0000-0000-000000000000/resourceGroups/cli_test_vm_msi000001/providers/Microsoft.Compute/virtualMachines/vm2","resourceType":"Microsoft.Compute/virtualMachines","resourceName":"vm2","apiVersion":"2019-07-01"}],"id":"/subscriptions/00000000-0000-0000-0000-000000000000/resourceGroups/cli_test_vm_msi000001/providers/Microsoft.Compute/virtualMachines/vm1/providers/Microsoft.Authorization/roleAssignments/83a3aab9-da37-4f22-81d4-135074ae9de7","resourceType":"Microsoft.Compute/virtualMachines/providers/roleAssignments","resourceName":"vm1/Microsoft.Authorization/83a3aab9-da37-4f22-81d4-135074ae9de7"},{"dependsOn":[{"id":"/subscriptions/00000000-0000-0000-0000-000000000000/resourceGroups/cli_test_vm_msi000001/providers/Microsoft.Network/networkInterfaces/vm2VMNic","resourceType":"Microsoft.Network/networkInterfaces","resourceName":"vm2VMNic"}],"id":"/subscriptions/00000000-0000-0000-0000-000000000000/resourceGroups/cli_test_vm_msi000001/providers/Microsoft.Compute/virtualMachines/vm2","resourceType":"Microsoft.Compute/virtualMachines","resourceName":"vm2"}]}}'
    headers:
      azure-asyncoperation:
      - https://management.azure.com/subscriptions/00000000-0000-0000-0000-000000000000/resourcegroups/cli_test_vm_msi000001/providers/Microsoft.Resources/deployments/vm_deploy_c3tbJ7a9xq8NTPYHhLsHu2Xx7sWAfxB4/operationStatuses/08585796771998038079?api-version=2020-10-01
      cache-control:
      - no-cache
      content-length:
      - '3554'
      content-type:
      - application/json; charset=utf-8
      date:
      - Tue, 25 May 2021 08:01:28 GMT
      expires:
      - '-1'
      pragma:
      - no-cache
      strict-transport-security:
      - max-age=31536000; includeSubDomains
      x-content-type-options:
      - nosniff
      x-ms-ratelimit-remaining-subscription-writes:
      - '1193'
    status:
      code: 201
      message: Created
- request:
    body: null
    headers:
      Accept:
      - '*/*'
      Accept-Encoding:
      - gzip, deflate
      CommandName:
      - vm create
      Connection:
      - keep-alive
      ParameterSetName:
      - -g -n --image --assign-identity --scope --role --admin-username --admin-password
        --nsg-rule
      User-Agent:
      - AZURECLI/2.24.0 azsdk-python-azure-mgmt-resource/18.0.0 Python/3.8.0 (Windows-10-10.0.19041-SP0)
    method: GET
    uri: https://management.azure.com/subscriptions/00000000-0000-0000-0000-000000000000/resourcegroups/cli_test_vm_msi000001/providers/Microsoft.Resources/deployments/mock-deployment/operationStatuses/08585796771998038079?api-version=2020-10-01
  response:
    body:
      string: '{"status":"Running"}'
    headers:
      cache-control:
      - no-cache
      content-length:
      - '20'
      content-type:
      - application/json; charset=utf-8
      date:
      - Tue, 25 May 2021 08:01:59 GMT
      expires:
      - '-1'
      pragma:
      - no-cache
      strict-transport-security:
      - max-age=31536000; includeSubDomains
      vary:
      - Accept-Encoding
      x-content-type-options:
      - nosniff
    status:
      code: 200
      message: OK
- request:
    body: null
    headers:
      Accept:
      - '*/*'
      Accept-Encoding:
      - gzip, deflate
      CommandName:
      - vm create
      Connection:
      - keep-alive
      ParameterSetName:
      - -g -n --image --assign-identity --scope --role --admin-username --admin-password
        --nsg-rule
      User-Agent:
      - AZURECLI/2.24.0 azsdk-python-azure-mgmt-resource/18.0.0 Python/3.8.0 (Windows-10-10.0.19041-SP0)
    method: GET
    uri: https://management.azure.com/subscriptions/00000000-0000-0000-0000-000000000000/resourcegroups/cli_test_vm_msi000001/providers/Microsoft.Resources/deployments/mock-deployment/operationStatuses/08585796771998038079?api-version=2020-10-01
  response:
    body:
      string: '{"status":"Succeeded"}'
    headers:
      cache-control:
      - no-cache
      content-length:
      - '22'
      content-type:
      - application/json; charset=utf-8
      date:
      - Tue, 25 May 2021 08:02:29 GMT
      expires:
      - '-1'
      pragma:
      - no-cache
      strict-transport-security:
      - max-age=31536000; includeSubDomains
      vary:
      - Accept-Encoding
      x-content-type-options:
      - nosniff
    status:
      code: 200
      message: OK
- request:
    body: null
    headers:
      Accept:
      - '*/*'
      Accept-Encoding:
      - gzip, deflate
      CommandName:
      - vm create
      Connection:
      - keep-alive
      ParameterSetName:
      - -g -n --image --assign-identity --scope --role --admin-username --admin-password
        --nsg-rule
      User-Agent:
      - AZURECLI/2.24.0 azsdk-python-azure-mgmt-resource/18.0.0 Python/3.8.0 (Windows-10-10.0.19041-SP0)
    method: GET
    uri: https://management.azure.com/subscriptions/00000000-0000-0000-0000-000000000000/resourcegroups/cli_test_vm_msi000001/providers/Microsoft.Resources/deployments/mock-deployment?api-version=2020-10-01
  response:
    body:
      string: '{"id":"/subscriptions/00000000-0000-0000-0000-000000000000/resourceGroups/cli_test_vm_msi000001/providers/Microsoft.Resources/deployments/vm_deploy_c3tbJ7a9xq8NTPYHhLsHu2Xx7sWAfxB4","name":"vm_deploy_c3tbJ7a9xq8NTPYHhLsHu2Xx7sWAfxB4","type":"Microsoft.Resources/deployments","properties":{"templateHash":"15879491061307335303","parameters":{"adminPassword":{"type":"SecureString"}},"mode":"Incremental","provisioningState":"Succeeded","timestamp":"2021-05-25T08:02:16.7596601Z","duration":"PT51.0858095S","correlationId":"2f2f076a-d50d-4a69-8387-a35ceb91c46f","providers":[{"namespace":"Microsoft.Network","resourceTypes":[{"resourceType":"networkSecurityGroups","locations":["westus"]},{"resourceType":"publicIPAddresses","locations":["westus"]},{"resourceType":"networkInterfaces","locations":["westus"]}]},{"namespace":"Microsoft.Compute","resourceTypes":[{"resourceType":"virtualMachines/providers/roleAssignments","locations":[null]},{"resourceType":"virtualMachines","locations":["westus"]}]}],"dependencies":[{"dependsOn":[{"id":"/subscriptions/00000000-0000-0000-0000-000000000000/resourceGroups/cli_test_vm_msi000001/providers/Microsoft.Network/networkSecurityGroups/vm2NSG","resourceType":"Microsoft.Network/networkSecurityGroups","resourceName":"vm2NSG"},{"id":"/subscriptions/00000000-0000-0000-0000-000000000000/resourceGroups/cli_test_vm_msi000001/providers/Microsoft.Network/publicIPAddresses/vm2PublicIP","resourceType":"Microsoft.Network/publicIPAddresses","resourceName":"vm2PublicIP"}],"id":"/subscriptions/00000000-0000-0000-0000-000000000000/resourceGroups/cli_test_vm_msi000001/providers/Microsoft.Network/networkInterfaces/vm2VMNic","resourceType":"Microsoft.Network/networkInterfaces","resourceName":"vm2VMNic"},{"dependsOn":[{"id":"/subscriptions/00000000-0000-0000-0000-000000000000/resourceGroups/cli_test_vm_msi000001/providers/Microsoft.Compute/virtualMachines/vm2","resourceType":"Microsoft.Compute/virtualMachines","resourceName":"vm2"},{"id":"/subscriptions/00000000-0000-0000-0000-000000000000/resourceGroups/cli_test_vm_msi000001/providers/Microsoft.Compute/virtualMachines/vm2","resourceType":"Microsoft.Compute/virtualMachines","resourceName":"vm2","apiVersion":"2019-07-01"}],"id":"/subscriptions/00000000-0000-0000-0000-000000000000/resourceGroups/cli_test_vm_msi000001/providers/Microsoft.Compute/virtualMachines/vm1/providers/Microsoft.Authorization/roleAssignments/83a3aab9-da37-4f22-81d4-135074ae9de7","resourceType":"Microsoft.Compute/virtualMachines/providers/roleAssignments","resourceName":"vm1/Microsoft.Authorization/83a3aab9-da37-4f22-81d4-135074ae9de7"},{"dependsOn":[{"id":"/subscriptions/00000000-0000-0000-0000-000000000000/resourceGroups/cli_test_vm_msi000001/providers/Microsoft.Network/networkInterfaces/vm2VMNic","resourceType":"Microsoft.Network/networkInterfaces","resourceName":"vm2VMNic"}],"id":"/subscriptions/00000000-0000-0000-0000-000000000000/resourceGroups/cli_test_vm_msi000001/providers/Microsoft.Compute/virtualMachines/vm2","resourceType":"Microsoft.Compute/virtualMachines","resourceName":"vm2"}],"outputs":{},"outputResources":[{"id":"/subscriptions/00000000-0000-0000-0000-000000000000/resourceGroups/cli_test_vm_msi000001/providers/Microsoft.Compute/virtualMachines/vm1/providers/Microsoft.Authorization/roleAssignments/83a3aab9-da37-4f22-81d4-135074ae9de7"},{"id":"/subscriptions/00000000-0000-0000-0000-000000000000/resourceGroups/cli_test_vm_msi000001/providers/Microsoft.Compute/virtualMachines/vm2"},{"id":"/subscriptions/00000000-0000-0000-0000-000000000000/resourceGroups/cli_test_vm_msi000001/providers/Microsoft.Network/networkInterfaces/vm2VMNic"},{"id":"/subscriptions/00000000-0000-0000-0000-000000000000/resourceGroups/cli_test_vm_msi000001/providers/Microsoft.Network/networkSecurityGroups/vm2NSG"},{"id":"/subscriptions/00000000-0000-0000-0000-000000000000/resourceGroups/cli_test_vm_msi000001/providers/Microsoft.Network/publicIPAddresses/vm2PublicIP"}]}}'
    headers:
      cache-control:
      - no-cache
      content-length:
      - '4702'
      content-type:
      - application/json; charset=utf-8
      date:
      - Tue, 25 May 2021 08:02:29 GMT
      expires:
      - '-1'
      pragma:
      - no-cache
      strict-transport-security:
      - max-age=31536000; includeSubDomains
      vary:
      - Accept-Encoding
      x-content-type-options:
      - nosniff
    status:
      code: 200
      message: OK
- request:
    body: null
    headers:
      Accept:
      - application/json
      Accept-Encoding:
      - gzip, deflate
      CommandName:
      - vm create
      Connection:
      - keep-alive
      ParameterSetName:
      - -g -n --image --assign-identity --scope --role --admin-username --admin-password
        --nsg-rule
      User-Agent:
      - AZURECLI/2.24.0 azsdk-python-azure-mgmt-compute/21.0.0 Python/3.8.0 (Windows-10-10.0.19041-SP0)
    method: GET
    uri: https://management.azure.com/subscriptions/00000000-0000-0000-0000-000000000000/resourceGroups/cli_test_vm_msi000001/providers/Microsoft.Compute/virtualMachines/vm2?$expand=instanceView&api-version=2021-03-01
  response:
    body:
      string: "{\r\n  \"name\": \"vm2\",\r\n  \"id\": \"/subscriptions/00000000-0000-0000-0000-000000000000/resourceGroups/cli_test_vm_msi000001/providers/Microsoft.Compute/virtualMachines/vm2\",\r\n
        \ \"type\": \"Microsoft.Compute/virtualMachines\",\r\n  \"location\": \"westus\",\r\n
        \ \"tags\": {},\r\n  \"identity\": {\r\n    \"type\": \"SystemAssigned\",\r\n
        \   \"principalId\": \"152a38f9-6ca9-4d60-9895-faf6dfcb298f\",\r\n    \"tenantId\":
        \"54826b22-38d6-4fb2-bad9-b7b93a3e9c5a\"\r\n  },\r\n  \"properties\": {\r\n
        \   \"vmId\": \"108b5347-1888-4cca-8a5c-2eca11e50f59\",\r\n    \"hardwareProfile\":
        {\r\n      \"vmSize\": \"Standard_DS1_v2\"\r\n    },\r\n    \"storageProfile\":
        {\r\n      \"imageReference\": {\r\n        \"publisher\": \"MicrosoftWindowsServer\",\r\n
        \       \"offer\": \"WindowsServer\",\r\n        \"sku\": \"2016-Datacenter\",\r\n
        \       \"version\": \"latest\",\r\n        \"exactVersion\": \"14393.4402.2105052108\"\r\n
        \     },\r\n      \"osDisk\": {\r\n        \"osType\": \"Windows\",\r\n        \"name\":
        \"vm2_disk1_0bb1222e01d44eee885dadbf2bda6896\",\r\n        \"createOption\":
        \"FromImage\",\r\n        \"caching\": \"ReadWrite\",\r\n        \"managedDisk\":
        {\r\n          \"storageAccountType\": \"Premium_LRS\",\r\n          \"id\":
        \"/subscriptions/00000000-0000-0000-0000-000000000000/resourceGroups/cli_test_vm_msi000001/providers/Microsoft.Compute/disks/vm2_disk1_0bb1222e01d44eee885dadbf2bda6896\"\r\n
        \       },\r\n        \"diskSizeGB\": 127,\r\n        \"deleteOption\": \"Detach\"\r\n
        \     },\r\n      \"dataDisks\": []\r\n    },\r\n    \"osProfile\": {\r\n
        \     \"computerName\": \"vm2\",\r\n      \"adminUsername\": \"admin123\",\r\n
        \     \"windowsConfiguration\": {\r\n        \"provisionVMAgent\": true,\r\n
        \       \"enableAutomaticUpdates\": true,\r\n        \"patchSettings\": {\r\n
        \         \"patchMode\": \"AutomaticByOS\",\r\n          \"assessmentMode\":
        \"ImageDefault\"\r\n        }\r\n      },\r\n      \"secrets\": [],\r\n      \"allowExtensionOperations\":
        true,\r\n      \"requireGuestProvisionSignal\": true\r\n    },\r\n    \"networkProfile\":
        {\"networkInterfaces\":[{\"id\":\"/subscriptions/00000000-0000-0000-0000-000000000000/resourceGroups/cli_test_vm_msi000001/providers/Microsoft.Network/networkInterfaces/vm2VMNic\"}]},\r\n
        \   \"provisioningState\": \"Succeeded\",\r\n    \"instanceView\": {\r\n      \"vmAgent\":
        {\r\n        \"vmAgentVersion\": \"Unknown\",\r\n        \"statuses\": [\r\n
        \         {\r\n            \"code\": \"ProvisioningState/Unavailable\",\r\n
        \           \"level\": \"Warning\",\r\n            \"displayStatus\": \"Not
        Ready\",\r\n            \"message\": \"VM status blob is found but not yet
        populated.\",\r\n            \"time\": \"2021-05-25T08:02:31+00:00\"\r\n          }\r\n
        \       ]\r\n      },\r\n      \"disks\": [\r\n        {\r\n          \"name\":
        \"vm2_disk1_0bb1222e01d44eee885dadbf2bda6896\",\r\n          \"statuses\":
        [\r\n            {\r\n              \"code\": \"ProvisioningState/succeeded\",\r\n
        \             \"level\": \"Info\",\r\n              \"displayStatus\": \"Provisioning
        succeeded\",\r\n              \"time\": \"2021-05-25T08:01:54.9502687+00:00\"\r\n
        \           }\r\n          ]\r\n        }\r\n      ],\r\n      \"hyperVGeneration\":
        \"V1\",\r\n      \"statuses\": [\r\n        {\r\n          \"code\": \"ProvisioningState/succeeded\",\r\n
        \         \"level\": \"Info\",\r\n          \"displayStatus\": \"Provisioning
        succeeded\",\r\n          \"time\": \"2021-05-25T08:02:11.7159458+00:00\"\r\n
        \       },\r\n        {\r\n          \"code\": \"PowerState/running\",\r\n
        \         \"level\": \"Info\",\r\n          \"displayStatus\": \"VM running\"\r\n
        \       }\r\n      ]\r\n    }\r\n  }\r\n}"
    headers:
      cache-control:
      - no-cache
      content-length:
      - '3438'
      content-type:
      - application/json; charset=utf-8
      date:
      - Tue, 25 May 2021 08:02:31 GMT
      expires:
      - '-1'
      pragma:
      - no-cache
      server:
      - Microsoft-HTTPAPI/2.0
      - Microsoft-HTTPAPI/2.0
      strict-transport-security:
      - max-age=31536000; includeSubDomains
      transfer-encoding:
      - chunked
      vary:
      - Accept-Encoding
      x-content-type-options:
      - nosniff
      x-ms-ratelimit-remaining-resource:
      - Microsoft.Compute/LowCostGet3Min;3945,Microsoft.Compute/LowCostGet30Min;31628
    status:
      code: 200
      message: OK
- request:
    body: null
    headers:
      Accept:
      - application/json, text/json
      Accept-Encoding:
      - gzip, deflate
      CommandName:
      - vm create
      Connection:
      - keep-alive
      ParameterSetName:
      - -g -n --image --assign-identity --scope --role --admin-username --admin-password
        --nsg-rule
      User-Agent:
      - AZURECLI/2.24.0 azsdk-python-azure-mgmt-network/19.0.0 Python/3.8.0 (Windows-10-10.0.19041-SP0)
    method: GET
    uri: https://management.azure.com/subscriptions/00000000-0000-0000-0000-000000000000/resourceGroups/cli_test_vm_msi000001/providers/Microsoft.Network/networkInterfaces/vm2VMNic?api-version=2018-01-01
  response:
    body:
      string: "{\r\n  \"name\": \"vm2VMNic\",\r\n  \"id\": \"/subscriptions/00000000-0000-0000-0000-000000000000/resourceGroups/cli_test_vm_msi000001/providers/Microsoft.Network/networkInterfaces/vm2VMNic\",\r\n
        \ \"etag\": \"W/\\\"c0f8d1eb-1e69-4894-aef8-2555f66c0c6c\\\"\",\r\n  \"location\":
        \"westus\",\r\n  \"tags\": {},\r\n  \"properties\": {\r\n    \"provisioningState\":
        \"Succeeded\",\r\n    \"resourceGuid\": \"3470a7d8-c274-4460-b671-8426fec1aea7\",\r\n
        \   \"ipConfigurations\": [\r\n      {\r\n        \"name\": \"ipconfigvm2\",\r\n
        \       \"id\": \"/subscriptions/00000000-0000-0000-0000-000000000000/resourceGroups/cli_test_vm_msi000001/providers/Microsoft.Network/networkInterfaces/vm2VMNic/ipConfigurations/ipconfigvm2\",\r\n
        \       \"etag\": \"W/\\\"c0f8d1eb-1e69-4894-aef8-2555f66c0c6c\\\"\",\r\n
        \       \"type\": \"Microsoft.Network/networkInterfaces/ipConfigurations\",\r\n
        \       \"properties\": {\r\n          \"provisioningState\": \"Succeeded\",\r\n
        \         \"privateIPAddress\": \"10.0.0.5\",\r\n          \"privateIPAllocationMethod\":
        \"Dynamic\",\r\n          \"publicIPAddress\": {\r\n            \"id\": \"/subscriptions/00000000-0000-0000-0000-000000000000/resourceGroups/cli_test_vm_msi000001/providers/Microsoft.Network/publicIPAddresses/vm2PublicIP\"\r\n
        \         },\r\n          \"subnet\": {\r\n            \"id\": \"/subscriptions/00000000-0000-0000-0000-000000000000/resourceGroups/cli_test_vm_msi000001/providers/Microsoft.Network/virtualNetworks/vm1VNET/subnets/vm1Subnet\"\r\n
        \         },\r\n          \"primary\": true,\r\n          \"privateIPAddressVersion\":
        \"IPv4\"\r\n        }\r\n      }\r\n    ],\r\n    \"dnsSettings\": {\r\n      \"dnsServers\":
        [],\r\n      \"appliedDnsServers\": [],\r\n      \"internalDomainNameSuffix\":
        \"aek4obcs23gurhgtg3k2cb4lyd.dx.internal.cloudapp.net\"\r\n    },\r\n    \"macAddress\":
        \"00-22-48-09-DB-C2\",\r\n    \"enableAcceleratedNetworking\": false,\r\n
        \   \"enableIPForwarding\": false,\r\n    \"networkSecurityGroup\": {\r\n
        \     \"id\": \"/subscriptions/00000000-0000-0000-0000-000000000000/resourceGroups/cli_test_vm_msi000001/providers/Microsoft.Network/networkSecurityGroups/vm2NSG\"\r\n
        \   },\r\n    \"primary\": true,\r\n    \"virtualMachine\": {\r\n      \"id\":
        \"/subscriptions/00000000-0000-0000-0000-000000000000/resourceGroups/cli_test_vm_msi000001/providers/Microsoft.Compute/virtualMachines/vm2\"\r\n
        \   }\r\n  },\r\n  \"type\": \"Microsoft.Network/networkInterfaces\"\r\n}"
    headers:
      cache-control:
      - no-cache
      content-length:
      - '2568'
      content-type:
      - application/json; charset=utf-8
      date:
      - Tue, 25 May 2021 08:02:31 GMT
      etag:
      - W/"c0f8d1eb-1e69-4894-aef8-2555f66c0c6c"
      expires:
      - '-1'
      pragma:
      - no-cache
      server:
      - Microsoft-HTTPAPI/2.0
      - Microsoft-HTTPAPI/2.0
      strict-transport-security:
      - max-age=31536000; includeSubDomains
      transfer-encoding:
      - chunked
      vary:
      - Accept-Encoding
      x-content-type-options:
      - nosniff
      x-ms-arm-service-request-id:
      - 7b0a23ba-a9b4-4504-bbce-c9eb60ac0f94
    status:
      code: 200
      message: OK
- request:
    body: null
    headers:
      Accept:
      - application/json, text/json
      Accept-Encoding:
      - gzip, deflate
      CommandName:
      - vm create
      Connection:
      - keep-alive
      ParameterSetName:
      - -g -n --image --assign-identity --scope --role --admin-username --admin-password
        --nsg-rule
      User-Agent:
      - AZURECLI/2.24.0 azsdk-python-azure-mgmt-network/19.0.0 Python/3.8.0 (Windows-10-10.0.19041-SP0)
    method: GET
    uri: https://management.azure.com/subscriptions/00000000-0000-0000-0000-000000000000/resourceGroups/cli_test_vm_msi000001/providers/Microsoft.Network/publicIPAddresses/vm2PublicIP?api-version=2018-01-01
  response:
    body:
      string: "{\r\n  \"name\": \"vm2PublicIP\",\r\n  \"id\": \"/subscriptions/00000000-0000-0000-0000-000000000000/resourceGroups/cli_test_vm_msi000001/providers/Microsoft.Network/publicIPAddresses/vm2PublicIP\",\r\n
        \ \"etag\": \"W/\\\"e3eea0a1-5982-4e98-ac74-f5d219b03cde\\\"\",\r\n  \"location\":
        \"westus\",\r\n  \"tags\": {},\r\n  \"properties\": {\r\n    \"provisioningState\":
        \"Succeeded\",\r\n    \"resourceGuid\": \"2203fc81-2c93-48e7-acf8-90a0d4966898\",\r\n
        \   \"ipAddress\": \"13.88.47.90\",\r\n    \"publicIPAddressVersion\": \"IPv4\",\r\n
        \   \"publicIPAllocationMethod\": \"Dynamic\",\r\n    \"idleTimeoutInMinutes\":
        4,\r\n    \"ipTags\": [],\r\n    \"ipConfiguration\": {\r\n      \"id\": \"/subscriptions/00000000-0000-0000-0000-000000000000/resourceGroups/cli_test_vm_msi000001/providers/Microsoft.Network/networkInterfaces/vm2VMNic/ipConfigurations/ipconfigvm2\"\r\n
        \   }\r\n  },\r\n  \"type\": \"Microsoft.Network/publicIPAddresses\",\r\n
        \ \"sku\": {\r\n    \"name\": \"Basic\"\r\n  }\r\n}"
    headers:
      cache-control:
      - no-cache
      content-length:
      - '995'
      content-type:
      - application/json; charset=utf-8
      date:
      - Tue, 25 May 2021 08:02:31 GMT
      etag:
      - W/"e3eea0a1-5982-4e98-ac74-f5d219b03cde"
      expires:
      - '-1'
      pragma:
      - no-cache
      server:
      - Microsoft-HTTPAPI/2.0
      - Microsoft-HTTPAPI/2.0
      strict-transport-security:
      - max-age=31536000; includeSubDomains
      transfer-encoding:
      - chunked
      vary:
      - Accept-Encoding
      x-content-type-options:
      - nosniff
      x-ms-arm-service-request-id:
      - 535eec61-d350-401e-9105-a527d882dc94
    status:
      code: 200
      message: OK
- request:
    body: null
    headers:
      Accept:
      - application/json
      Accept-Encoding:
      - gzip, deflate
      CommandName:
      - vm create
      Connection:
      - keep-alive
      ParameterSetName:
      - -g -n --image --admin-username --admin-password --nsg-rule
      User-Agent:
      - AZURECLI/2.24.0 azsdk-python-azure-mgmt-resource/18.0.0 Python/3.8.0 (Windows-10-10.0.19041-SP0)
    method: GET
    uri: https://management.azure.com/subscriptions/00000000-0000-0000-0000-000000000000/resourcegroups/cli_test_vm_msi000001?api-version=2020-10-01
  response:
    body:
      string: '{"id":"/subscriptions/00000000-0000-0000-0000-000000000000/resourceGroups/cli_test_vm_msi000001","name":"cli_test_vm_msi000001","type":"Microsoft.Resources/resourceGroups","location":"westus","tags":{"product":"azurecli","cause":"automation","date":"2021-05-25T08:00:09Z"},"properties":{"provisioningState":"Succeeded"}}'
    headers:
      cache-control:
      - no-cache
      content-length:
      - '428'
      content-type:
      - application/json; charset=utf-8
      date:
      - Tue, 25 May 2021 08:02:32 GMT
      expires:
      - '-1'
      pragma:
      - no-cache
      strict-transport-security:
      - max-age=31536000; includeSubDomains
      vary:
      - Accept-Encoding
      x-content-type-options:
      - nosniff
    status:
      code: 200
      message: OK
- request:
    body: null
    headers:
      Accept:
      - '*/*'
      Accept-Encoding:
      - gzip, deflate
      Connection:
      - keep-alive
      User-Agent:
      - python-requests/2.22.0
    method: GET
    uri: https://raw.githubusercontent.com/Azure/azure-rest-api-specs/master/arm-compute/quickstart-templates/aliases.json
  response:
    body:
      string: "{\n  \"$schema\": \"http://schema.management.azure.com/schemas/2015-01-01/deploymentTemplate.json\",\n
        \ \"contentVersion\": \"1.0.0.0\",\n  \"parameters\": {},\n  \"variables\":
        {},\n  \"resources\": [],\n  \"outputs\": {\n    \"aliases\": {\n      \"type\":
        \"object\",\n      \"value\": {\n        \"Linux\": {\n          \"CentOS\":
        {\n            \"publisher\": \"OpenLogic\",\n            \"offer\": \"CentOS\",\n
        \           \"sku\": \"7.5\",\n            \"version\": \"latest\"\n          },\n
        \         \"CoreOS\": {\n            \"publisher\": \"CoreOS\",\n            \"offer\":
        \"CoreOS\",\n            \"sku\": \"Stable\",\n            \"version\": \"latest\"\n
        \         },\n          \"Debian\": {\n            \"publisher\": \"Debian\",\n
        \           \"offer\": \"debian-10\",\n            \"sku\": \"10\",\n            \"version\":
        \"latest\"\n          },\n          \"openSUSE-Leap\": {\n            \"publisher\":
        \"SUSE\",\n            \"offer\": \"openSUSE-Leap\",\n            \"sku\":
        \"42.3\",\n            \"version\": \"latest\"\n          },\n          \"RHEL\":
        {\n            \"publisher\": \"RedHat\",\n            \"offer\": \"RHEL\",\n
        \           \"sku\": \"7-LVM\",\n            \"version\": \"latest\"\n          },\n
        \         \"SLES\": {\n            \"publisher\": \"SUSE\",\n            \"offer\":
        \"SLES\",\n            \"sku\": \"15\",\n            \"version\": \"latest\"\n
        \         },\n          \"UbuntuLTS\": {\n            \"publisher\": \"Canonical\",\n
        \           \"offer\": \"UbuntuServer\",\n            \"sku\": \"18.04-LTS\",\n
        \           \"version\": \"latest\"\n          }\n        },\n        \"Windows\":
        {\n          \"Win2019Datacenter\": {\n            \"publisher\": \"MicrosoftWindowsServer\",\n
        \           \"offer\": \"WindowsServer\",\n            \"sku\": \"2019-Datacenter\",\n
        \           \"version\": \"latest\"\n          },\n          \"Win2016Datacenter\":
        {\n            \"publisher\": \"MicrosoftWindowsServer\",\n            \"offer\":
        \"WindowsServer\",\n            \"sku\": \"2016-Datacenter\",\n            \"version\":
        \"latest\"\n          },\n          \"Win2012R2Datacenter\": {\n            \"publisher\":
        \"MicrosoftWindowsServer\",\n            \"offer\": \"WindowsServer\",\n            \"sku\":
        \"2012-R2-Datacenter\",\n            \"version\": \"latest\"\n          },\n
        \         \"Win2012Datacenter\": {\n            \"publisher\": \"MicrosoftWindowsServer\",\n
        \           \"offer\": \"WindowsServer\",\n            \"sku\": \"2012-Datacenter\",\n
        \           \"version\": \"latest\"\n          },\n          \"Win2008R2SP1\":
        {\n            \"publisher\": \"MicrosoftWindowsServer\",\n            \"offer\":
        \"WindowsServer\",\n            \"sku\": \"2008-R2-SP1\",\n            \"version\":
        \"latest\"\n          }\n        }\n      }\n    }\n  }\n}\n"
    headers:
      accept-ranges:
      - bytes
      access-control-allow-origin:
      - '*'
      cache-control:
      - max-age=300
      connection:
      - keep-alive
      content-length:
      - '2501'
      content-security-policy:
      - default-src 'none'; style-src 'unsafe-inline'; sandbox
      content-type:
      - text/plain; charset=utf-8
      date:
      - Tue, 25 May 2021 08:02:33 GMT
      etag:
      - W/"540044b4084c3c314537f1baa1770f248628b2bc9ba0328f1004c33862e049da"
      expires:
      - Tue, 25 May 2021 08:07:33 GMT
      source-age:
      - '122'
      strict-transport-security:
      - max-age=31536000
      vary:
      - Authorization,Accept-Encoding
      via:
      - 1.1 varnish
      x-cache:
      - HIT
      x-cache-hits:
      - '1'
      x-content-type-options:
      - nosniff
      x-fastly-request-id:
      - 10aabe9dd59848143e9074bf56e7cccd0d0cea30
      x-frame-options:
      - deny
      x-github-request-id:
      - 76E4:7B19:1861EF:259B1D:60AA60F7
      x-served-by:
      - cache-qpg1263-QPG
      x-timer:
      - S1621929753.353760,VS0,VE0
      x-xss-protection:
      - 1; mode=block
    status:
      code: 200
      message: OK
- request:
    body: null
    headers:
      Accept:
      - application/json, text/json
      Accept-Encoding:
      - gzip, deflate
      CommandName:
      - vm create
      Connection:
      - keep-alive
      ParameterSetName:
      - -g -n --image --admin-username --admin-password --nsg-rule
      User-Agent:
      - AZURECLI/2.24.0 azsdk-python-azure-mgmt-network/19.0.0 Python/3.8.0 (Windows-10-10.0.19041-SP0)
    method: GET
    uri: https://management.azure.com/subscriptions/00000000-0000-0000-0000-000000000000/resourceGroups/cli_test_vm_msi000001/providers/Microsoft.Network/virtualNetworks?api-version=2018-01-01
  response:
    body:
      string: "{\r\n  \"value\": [\r\n    {\r\n      \"name\": \"vm1VNET\",\r\n      \"id\":
        \"/subscriptions/00000000-0000-0000-0000-000000000000/resourceGroups/cli_test_vm_msi000001/providers/Microsoft.Network/virtualNetworks/vm1VNET\",\r\n
        \     \"etag\": \"W/\\\"493ec3cb-4ad8-4b04-afdd-7414187cdc78\\\"\",\r\n      \"type\":
        \"Microsoft.Network/virtualNetworks\",\r\n      \"location\": \"westus\",\r\n
        \     \"tags\": {},\r\n      \"properties\": {\r\n        \"provisioningState\":
        \"Succeeded\",\r\n        \"resourceGuid\": \"04e71501-e752-484d-9cd3-3755c107cbc3\",\r\n
        \       \"addressSpace\": {\r\n          \"addressPrefixes\": [\r\n            \"10.0.0.0/16\"\r\n
        \         ]\r\n        },\r\n        \"subnets\": [\r\n          {\r\n            \"name\":
        \"vm1Subnet\",\r\n            \"id\": \"/subscriptions/00000000-0000-0000-0000-000000000000/resourceGroups/cli_test_vm_msi000001/providers/Microsoft.Network/virtualNetworks/vm1VNET/subnets/vm1Subnet\",\r\n
        \           \"etag\": \"W/\\\"493ec3cb-4ad8-4b04-afdd-7414187cdc78\\\"\",\r\n
        \           \"properties\": {\r\n              \"provisioningState\": \"Succeeded\",\r\n
        \             \"addressPrefix\": \"10.0.0.0/24\",\r\n              \"ipConfigurations\":
        [\r\n                {\r\n                  \"id\": \"/subscriptions/00000000-0000-0000-0000-000000000000/resourceGroups/cli_test_vm_msi000001/providers/Microsoft.Network/networkInterfaces/vm1VMNic/ipConfigurations/ipconfigvm1\"\r\n
        \               },\r\n                {\r\n                  \"id\": \"/subscriptions/00000000-0000-0000-0000-000000000000/resourceGroups/cli_test_vm_msi000001/providers/Microsoft.Network/networkInterfaces/vm2VMNic/ipConfigurations/ipconfigvm2\"\r\n
        \               }\r\n              ]\r\n            },\r\n            \"type\":
        \"Microsoft.Network/virtualNetworks/subnets\"\r\n          }\r\n        ],\r\n
        \       \"virtualNetworkPeerings\": [],\r\n        \"enableDdosProtection\":
        false\r\n      }\r\n    }\r\n  ]\r\n}"
    headers:
      cache-control:
      - no-cache
      content-length:
      - '2005'
      content-type:
      - application/json; charset=utf-8
      date:
      - Tue, 25 May 2021 08:02:33 GMT
      expires:
      - '-1'
      pragma:
      - no-cache
      server:
      - Microsoft-HTTPAPI/2.0
      - Microsoft-HTTPAPI/2.0
      strict-transport-security:
      - max-age=31536000; includeSubDomains
      transfer-encoding:
      - chunked
      vary:
      - Accept-Encoding
      x-content-type-options:
      - nosniff
      x-ms-arm-service-request-id:
      - aea6650e-3e0c-4464-b234-18428787ef21
    status:
      code: 200
      message: OK
- request:
    body: '{"properties": {"template": {"$schema": "https://schema.management.azure.com/schemas/2015-01-01/deploymentTemplate.json#",
      "contentVersion": "1.0.0.0", "parameters": {"adminPassword": {"type": "securestring",
      "metadata": {"description": "Secure adminPassword"}}}, "variables": {}, "resources":
      [{"type": "Microsoft.Network/networkSecurityGroups", "name": "vm3NSG", "apiVersion":
      "2015-06-15", "location": "westus", "tags": {}, "dependsOn": []}, {"apiVersion":
      "2018-01-01", "type": "Microsoft.Network/publicIPAddresses", "name": "vm3PublicIP",
      "location": "westus", "tags": {}, "dependsOn": [], "properties": {"publicIPAllocationMethod":
      null}}, {"apiVersion": "2015-06-15", "type": "Microsoft.Network/networkInterfaces",
      "name": "vm3VMNic", "location": "westus", "tags": {}, "dependsOn": ["Microsoft.Network/networkSecurityGroups/vm3NSG",
      "Microsoft.Network/publicIpAddresses/vm3PublicIP"], "properties": {"ipConfigurations":
      [{"name": "ipconfigvm3", "properties": {"privateIPAllocationMethod": "Dynamic",
      "subnet": {"id": "/subscriptions/00000000-0000-0000-0000-000000000000/resourceGroups/cli_test_vm_msi000001/providers/Microsoft.Network/virtualNetworks/vm1VNET/subnets/vm1Subnet"},
      "publicIPAddress": {"id": "/subscriptions/00000000-0000-0000-0000-000000000000/resourceGroups/cli_test_vm_msi000001/providers/Microsoft.Network/publicIPAddresses/vm3PublicIP"}}}],
      "networkSecurityGroup": {"id": "/subscriptions/00000000-0000-0000-0000-000000000000/resourceGroups/cli_test_vm_msi000001/providers/Microsoft.Network/networkSecurityGroups/vm3NSG"}}},
      {"apiVersion": "2021-03-01", "type": "Microsoft.Compute/virtualMachines", "name":
      "vm3", "location": "westus", "tags": {}, "dependsOn": ["Microsoft.Network/networkInterfaces/vm3VMNic"],
      "properties": {"hardwareProfile": {"vmSize": "Standard_DS1_v2"}, "networkProfile":
      {"networkInterfaces": [{"id": "/subscriptions/00000000-0000-0000-0000-000000000000/resourceGroups/cli_test_vm_msi000001/providers/Microsoft.Network/networkInterfaces/vm3VMNic"}]},
      "storageProfile": {"osDisk": {"createOption": "fromImage", "name": null, "caching":
      "ReadWrite", "managedDisk": {"storageAccountType": null}}, "imageReference":
      {"publisher": "Debian", "offer": "debian-10", "sku": "10", "version": "latest"}},
      "osProfile": {"computerName": "vm3", "adminUsername": "admin123", "adminPassword":
      "[parameters(''adminPassword'')]"}}}], "outputs": {}}, "parameters": {"adminPassword":
      {"value": "PasswordPassword1!"}}, "mode": "incremental"}}'
    headers:
      Accept:
      - application/json
      Accept-Encoding:
      - gzip, deflate
      CommandName:
      - vm create
      Connection:
      - keep-alive
      Content-Length:
      - '2683'
      Content-Type:
      - application/json
      ParameterSetName:
      - -g -n --image --admin-username --admin-password --nsg-rule
      User-Agent:
      - AZURECLI/2.24.0 azsdk-python-azure-mgmt-resource/18.0.0 Python/3.8.0 (Windows-10-10.0.19041-SP0)
    method: PUT
    uri: https://management.azure.com/subscriptions/00000000-0000-0000-0000-000000000000/resourcegroups/cli_test_vm_msi000001/providers/Microsoft.Resources/deployments/mock-deployment?api-version=2020-10-01
  response:
    body:
      string: '{"id":"/subscriptions/00000000-0000-0000-0000-000000000000/resourceGroups/cli_test_vm_msi000001/providers/Microsoft.Resources/deployments/vm_deploy_SCrjU0uGl1pypv7hzaf0ZwQzvDa5uXEK","name":"vm_deploy_SCrjU0uGl1pypv7hzaf0ZwQzvDa5uXEK","type":"Microsoft.Resources/deployments","properties":{"templateHash":"2485255033093662453","parameters":{"adminPassword":{"type":"SecureString"}},"mode":"Incremental","provisioningState":"Accepted","timestamp":"2021-05-25T08:02:38.2651507Z","duration":"PT2.114069S","correlationId":"a1496fda-8cb2-4537-a618-4d16749edc6b","providers":[{"namespace":"Microsoft.Network","resourceTypes":[{"resourceType":"networkSecurityGroups","locations":["westus"]},{"resourceType":"publicIPAddresses","locations":["westus"]},{"resourceType":"networkInterfaces","locations":["westus"]}]},{"namespace":"Microsoft.Compute","resourceTypes":[{"resourceType":"virtualMachines","locations":["westus"]}]}],"dependencies":[{"dependsOn":[{"id":"/subscriptions/00000000-0000-0000-0000-000000000000/resourceGroups/cli_test_vm_msi000001/providers/Microsoft.Network/networkSecurityGroups/vm3NSG","resourceType":"Microsoft.Network/networkSecurityGroups","resourceName":"vm3NSG"},{"id":"/subscriptions/00000000-0000-0000-0000-000000000000/resourceGroups/cli_test_vm_msi000001/providers/Microsoft.Network/publicIPAddresses/vm3PublicIP","resourceType":"Microsoft.Network/publicIPAddresses","resourceName":"vm3PublicIP"}],"id":"/subscriptions/00000000-0000-0000-0000-000000000000/resourceGroups/cli_test_vm_msi000001/providers/Microsoft.Network/networkInterfaces/vm3VMNic","resourceType":"Microsoft.Network/networkInterfaces","resourceName":"vm3VMNic"},{"dependsOn":[{"id":"/subscriptions/00000000-0000-0000-0000-000000000000/resourceGroups/cli_test_vm_msi000001/providers/Microsoft.Network/networkInterfaces/vm3VMNic","resourceType":"Microsoft.Network/networkInterfaces","resourceName":"vm3VMNic"}],"id":"/subscriptions/00000000-0000-0000-0000-000000000000/resourceGroups/cli_test_vm_msi000001/providers/Microsoft.Compute/virtualMachines/vm3","resourceType":"Microsoft.Compute/virtualMachines","resourceName":"vm3"}]}}'
    headers:
      azure-asyncoperation:
      - https://management.azure.com/subscriptions/00000000-0000-0000-0000-000000000000/resourcegroups/cli_test_vm_msi000001/providers/Microsoft.Resources/deployments/vm_deploy_SCrjU0uGl1pypv7hzaf0ZwQzvDa5uXEK/operationStatuses/08585796771293265534?api-version=2020-10-01
      cache-control:
      - no-cache
      content-length:
      - '2442'
      content-type:
      - application/json; charset=utf-8
      date:
      - Tue, 25 May 2021 08:02:39 GMT
      expires:
      - '-1'
      pragma:
      - no-cache
      strict-transport-security:
      - max-age=31536000; includeSubDomains
      x-content-type-options:
      - nosniff
      x-ms-ratelimit-remaining-subscription-writes:
      - '1190'
    status:
      code: 201
      message: Created
- request:
    body: null
    headers:
      Accept:
      - '*/*'
      Accept-Encoding:
      - gzip, deflate
      CommandName:
      - vm create
      Connection:
      - keep-alive
      ParameterSetName:
      - -g -n --image --admin-username --admin-password --nsg-rule
      User-Agent:
      - AZURECLI/2.24.0 azsdk-python-azure-mgmt-resource/18.0.0 Python/3.8.0 (Windows-10-10.0.19041-SP0)
    method: GET
    uri: https://management.azure.com/subscriptions/00000000-0000-0000-0000-000000000000/resourcegroups/cli_test_vm_msi000001/providers/Microsoft.Resources/deployments/mock-deployment/operationStatuses/08585796771293265534?api-version=2020-10-01
  response:
    body:
      string: '{"status":"Running"}'
    headers:
      cache-control:
      - no-cache
      content-length:
      - '20'
      content-type:
      - application/json; charset=utf-8
      date:
      - Tue, 25 May 2021 08:03:10 GMT
      expires:
      - '-1'
      pragma:
      - no-cache
      strict-transport-security:
      - max-age=31536000; includeSubDomains
      vary:
      - Accept-Encoding
      x-content-type-options:
      - nosniff
    status:
      code: 200
      message: OK
- request:
    body: null
    headers:
      Accept:
      - '*/*'
      Accept-Encoding:
      - gzip, deflate
      CommandName:
      - vm create
      Connection:
      - keep-alive
      ParameterSetName:
      - -g -n --image --admin-username --admin-password --nsg-rule
      User-Agent:
      - AZURECLI/2.24.0 azsdk-python-azure-mgmt-resource/18.0.0 Python/3.8.0 (Windows-10-10.0.19041-SP0)
    method: GET
    uri: https://management.azure.com/subscriptions/00000000-0000-0000-0000-000000000000/resourcegroups/cli_test_vm_msi000001/providers/Microsoft.Resources/deployments/mock-deployment/operationStatuses/08585796771293265534?api-version=2020-10-01
  response:
    body:
      string: '{"status":"Succeeded"}'
    headers:
      cache-control:
      - no-cache
      content-length:
      - '22'
      content-type:
      - application/json; charset=utf-8
      date:
      - Tue, 25 May 2021 08:03:40 GMT
      expires:
      - '-1'
      pragma:
      - no-cache
      strict-transport-security:
      - max-age=31536000; includeSubDomains
      vary:
      - Accept-Encoding
      x-content-type-options:
      - nosniff
    status:
      code: 200
      message: OK
- request:
    body: null
    headers:
      Accept:
      - '*/*'
      Accept-Encoding:
      - gzip, deflate
      CommandName:
      - vm create
      Connection:
      - keep-alive
      ParameterSetName:
      - -g -n --image --admin-username --admin-password --nsg-rule
      User-Agent:
      - AZURECLI/2.24.0 azsdk-python-azure-mgmt-resource/18.0.0 Python/3.8.0 (Windows-10-10.0.19041-SP0)
    method: GET
    uri: https://management.azure.com/subscriptions/00000000-0000-0000-0000-000000000000/resourcegroups/cli_test_vm_msi000001/providers/Microsoft.Resources/deployments/mock-deployment?api-version=2020-10-01
  response:
    body:
      string: '{"id":"/subscriptions/00000000-0000-0000-0000-000000000000/resourceGroups/cli_test_vm_msi000001/providers/Microsoft.Resources/deployments/vm_deploy_SCrjU0uGl1pypv7hzaf0ZwQzvDa5uXEK","name":"vm_deploy_SCrjU0uGl1pypv7hzaf0ZwQzvDa5uXEK","type":"Microsoft.Resources/deployments","properties":{"templateHash":"2485255033093662453","parameters":{"adminPassword":{"type":"SecureString"}},"mode":"Incremental","provisioningState":"Succeeded","timestamp":"2021-05-25T08:03:23.5065365Z","duration":"PT47.3554548S","correlationId":"a1496fda-8cb2-4537-a618-4d16749edc6b","providers":[{"namespace":"Microsoft.Network","resourceTypes":[{"resourceType":"networkSecurityGroups","locations":["westus"]},{"resourceType":"publicIPAddresses","locations":["westus"]},{"resourceType":"networkInterfaces","locations":["westus"]}]},{"namespace":"Microsoft.Compute","resourceTypes":[{"resourceType":"virtualMachines","locations":["westus"]}]}],"dependencies":[{"dependsOn":[{"id":"/subscriptions/00000000-0000-0000-0000-000000000000/resourceGroups/cli_test_vm_msi000001/providers/Microsoft.Network/networkSecurityGroups/vm3NSG","resourceType":"Microsoft.Network/networkSecurityGroups","resourceName":"vm3NSG"},{"id":"/subscriptions/00000000-0000-0000-0000-000000000000/resourceGroups/cli_test_vm_msi000001/providers/Microsoft.Network/publicIPAddresses/vm3PublicIP","resourceType":"Microsoft.Network/publicIPAddresses","resourceName":"vm3PublicIP"}],"id":"/subscriptions/00000000-0000-0000-0000-000000000000/resourceGroups/cli_test_vm_msi000001/providers/Microsoft.Network/networkInterfaces/vm3VMNic","resourceType":"Microsoft.Network/networkInterfaces","resourceName":"vm3VMNic"},{"dependsOn":[{"id":"/subscriptions/00000000-0000-0000-0000-000000000000/resourceGroups/cli_test_vm_msi000001/providers/Microsoft.Network/networkInterfaces/vm3VMNic","resourceType":"Microsoft.Network/networkInterfaces","resourceName":"vm3VMNic"}],"id":"/subscriptions/00000000-0000-0000-0000-000000000000/resourceGroups/cli_test_vm_msi000001/providers/Microsoft.Compute/virtualMachines/vm3","resourceType":"Microsoft.Compute/virtualMachines","resourceName":"vm3"}],"outputs":{},"outputResources":[{"id":"/subscriptions/00000000-0000-0000-0000-000000000000/resourceGroups/cli_test_vm_msi000001/providers/Microsoft.Compute/virtualMachines/vm3"},{"id":"/subscriptions/00000000-0000-0000-0000-000000000000/resourceGroups/cli_test_vm_msi000001/providers/Microsoft.Network/networkInterfaces/vm3VMNic"},{"id":"/subscriptions/00000000-0000-0000-0000-000000000000/resourceGroups/cli_test_vm_msi000001/providers/Microsoft.Network/networkSecurityGroups/vm3NSG"},{"id":"/subscriptions/00000000-0000-0000-0000-000000000000/resourceGroups/cli_test_vm_msi000001/providers/Microsoft.Network/publicIPAddresses/vm3PublicIP"}]}}'
    headers:
      cache-control:
      - no-cache
      content-length:
      - '3304'
      content-type:
      - application/json; charset=utf-8
      date:
      - Tue, 25 May 2021 08:03:40 GMT
      expires:
      - '-1'
      pragma:
      - no-cache
      strict-transport-security:
      - max-age=31536000; includeSubDomains
      vary:
      - Accept-Encoding
      x-content-type-options:
      - nosniff
    status:
      code: 200
      message: OK
- request:
    body: null
    headers:
      Accept:
      - application/json
      Accept-Encoding:
      - gzip, deflate
      CommandName:
      - vm create
      Connection:
      - keep-alive
      ParameterSetName:
      - -g -n --image --admin-username --admin-password --nsg-rule
      User-Agent:
      - AZURECLI/2.24.0 azsdk-python-azure-mgmt-compute/21.0.0 Python/3.8.0 (Windows-10-10.0.19041-SP0)
    method: GET
    uri: https://management.azure.com/subscriptions/00000000-0000-0000-0000-000000000000/resourceGroups/cli_test_vm_msi000001/providers/Microsoft.Compute/virtualMachines/vm3?$expand=instanceView&api-version=2021-03-01
  response:
    body:
      string: "{\r\n  \"name\": \"vm3\",\r\n  \"id\": \"/subscriptions/00000000-0000-0000-0000-000000000000/resourceGroups/cli_test_vm_msi000001/providers/Microsoft.Compute/virtualMachines/vm3\",\r\n
        \ \"type\": \"Microsoft.Compute/virtualMachines\",\r\n  \"location\": \"westus\",\r\n
        \ \"tags\": {},\r\n  \"properties\": {\r\n    \"vmId\": \"a999ee7e-a680-42ba-983d-f8732a1dd838\",\r\n
        \   \"hardwareProfile\": {\r\n      \"vmSize\": \"Standard_DS1_v2\"\r\n    },\r\n
        \   \"storageProfile\": {\r\n      \"imageReference\": {\r\n        \"publisher\":
        \"Debian\",\r\n        \"offer\": \"debian-10\",\r\n        \"sku\": \"10\",\r\n
        \       \"version\": \"latest\",\r\n        \"exactVersion\": \"0.20210329.591\"\r\n
        \     },\r\n      \"osDisk\": {\r\n        \"osType\": \"Linux\",\r\n        \"name\":
        \"vm3_disk1_0e68279c851441ca96c08a119d10c93a\",\r\n        \"createOption\":
        \"FromImage\",\r\n        \"caching\": \"ReadWrite\",\r\n        \"managedDisk\":
        {\r\n          \"storageAccountType\": \"Premium_LRS\",\r\n          \"id\":
        \"/subscriptions/00000000-0000-0000-0000-000000000000/resourceGroups/cli_test_vm_msi000001/providers/Microsoft.Compute/disks/vm3_disk1_0e68279c851441ca96c08a119d10c93a\"\r\n
        \       },\r\n        \"diskSizeGB\": 30,\r\n        \"deleteOption\": \"Detach\"\r\n
        \     },\r\n      \"dataDisks\": []\r\n    },\r\n    \"osProfile\": {\r\n
        \     \"computerName\": \"vm3\",\r\n      \"adminUsername\": \"admin123\",\r\n
        \     \"linuxConfiguration\": {\r\n        \"disablePasswordAuthentication\":
        false,\r\n        \"provisionVMAgent\": true,\r\n        \"patchSettings\":
        {\r\n          \"patchMode\": \"ImageDefault\",\r\n          \"assessmentMode\":
        \"ImageDefault\"\r\n        }\r\n      },\r\n      \"secrets\": [],\r\n      \"allowExtensionOperations\":
        true,\r\n      \"requireGuestProvisionSignal\": true\r\n    },\r\n    \"networkProfile\":
        {\"networkInterfaces\":[{\"id\":\"/subscriptions/00000000-0000-0000-0000-000000000000/resourceGroups/cli_test_vm_msi000001/providers/Microsoft.Network/networkInterfaces/vm3VMNic\"}]},\r\n
        \   \"provisioningState\": \"Succeeded\",\r\n    \"instanceView\": {\r\n      \"computerName\":
        \"vm3\",\r\n      \"osName\": \"debian\",\r\n      \"osVersion\": \"10.9\",\r\n
        \     \"vmAgent\": {\r\n        \"vmAgentVersion\": \"2.2.45\",\r\n        \"statuses\":
        [\r\n          {\r\n            \"code\": \"ProvisioningState/succeeded\",\r\n
        \           \"level\": \"Info\",\r\n            \"displayStatus\": \"Ready\",\r\n
        \           \"message\": \"Guest Agent is running\",\r\n            \"time\":
        \"2021-05-25T08:03:27+00:00\"\r\n          }\r\n        ],\r\n        \"extensionHandlers\":
        []\r\n      },\r\n      \"disks\": [\r\n        {\r\n          \"name\": \"vm3_disk1_0e68279c851441ca96c08a119d10c93a\",\r\n
        \         \"statuses\": [\r\n            {\r\n              \"code\": \"ProvisioningState/succeeded\",\r\n
        \             \"level\": \"Info\",\r\n              \"displayStatus\": \"Provisioning
        succeeded\",\r\n              \"time\": \"2021-05-25T08:03:07.3557009+00:00\"\r\n
        \           }\r\n          ]\r\n        }\r\n      ],\r\n      \"hyperVGeneration\":
        \"V1\",\r\n      \"statuses\": [\r\n        {\r\n          \"code\": \"ProvisioningState/succeeded\",\r\n
        \         \"level\": \"Info\",\r\n          \"displayStatus\": \"Provisioning
        succeeded\",\r\n          \"time\": \"2021-05-25T08:03:21.011713+00:00\"\r\n
        \       },\r\n        {\r\n          \"code\": \"PowerState/running\",\r\n
        \         \"level\": \"Info\",\r\n          \"displayStatus\": \"VM running\"\r\n
        \       }\r\n      ]\r\n    }\r\n  }\r\n}"
    headers:
      cache-control:
      - no-cache
      content-length:
      - '3314'
      content-type:
      - application/json; charset=utf-8
      date:
      - Tue, 25 May 2021 08:03:42 GMT
      expires:
      - '-1'
      pragma:
      - no-cache
      server:
      - Microsoft-HTTPAPI/2.0
      - Microsoft-HTTPAPI/2.0
      strict-transport-security:
      - max-age=31536000; includeSubDomains
      transfer-encoding:
      - chunked
      vary:
      - Accept-Encoding
      x-content-type-options:
      - nosniff
      x-ms-ratelimit-remaining-resource:
      - Microsoft.Compute/LowCostGet3Min;3946,Microsoft.Compute/LowCostGet30Min;31609
    status:
      code: 200
      message: OK
- request:
    body: null
    headers:
      Accept:
      - application/json, text/json
      Accept-Encoding:
      - gzip, deflate
      CommandName:
      - vm create
      Connection:
      - keep-alive
      ParameterSetName:
      - -g -n --image --admin-username --admin-password --nsg-rule
      User-Agent:
      - AZURECLI/2.24.0 azsdk-python-azure-mgmt-network/19.0.0 Python/3.8.0 (Windows-10-10.0.19041-SP0)
    method: GET
    uri: https://management.azure.com/subscriptions/00000000-0000-0000-0000-000000000000/resourceGroups/cli_test_vm_msi000001/providers/Microsoft.Network/networkInterfaces/vm3VMNic?api-version=2018-01-01
  response:
    body:
      string: "{\r\n  \"name\": \"vm3VMNic\",\r\n  \"id\": \"/subscriptions/00000000-0000-0000-0000-000000000000/resourceGroups/cli_test_vm_msi000001/providers/Microsoft.Network/networkInterfaces/vm3VMNic\",\r\n
        \ \"etag\": \"W/\\\"7213a4ee-616c-45f0-8393-648d73f0e335\\\"\",\r\n  \"location\":
        \"westus\",\r\n  \"tags\": {},\r\n  \"properties\": {\r\n    \"provisioningState\":
        \"Succeeded\",\r\n    \"resourceGuid\": \"994181ec-60aa-484e-9220-9d5c67225025\",\r\n
        \   \"ipConfigurations\": [\r\n      {\r\n        \"name\": \"ipconfigvm3\",\r\n
        \       \"id\": \"/subscriptions/00000000-0000-0000-0000-000000000000/resourceGroups/cli_test_vm_msi000001/providers/Microsoft.Network/networkInterfaces/vm3VMNic/ipConfigurations/ipconfigvm3\",\r\n
        \       \"etag\": \"W/\\\"7213a4ee-616c-45f0-8393-648d73f0e335\\\"\",\r\n
        \       \"type\": \"Microsoft.Network/networkInterfaces/ipConfigurations\",\r\n
        \       \"properties\": {\r\n          \"provisioningState\": \"Succeeded\",\r\n
        \         \"privateIPAddress\": \"10.0.0.6\",\r\n          \"privateIPAllocationMethod\":
        \"Dynamic\",\r\n          \"publicIPAddress\": {\r\n            \"id\": \"/subscriptions/00000000-0000-0000-0000-000000000000/resourceGroups/cli_test_vm_msi000001/providers/Microsoft.Network/publicIPAddresses/vm3PublicIP\"\r\n
        \         },\r\n          \"subnet\": {\r\n            \"id\": \"/subscriptions/00000000-0000-0000-0000-000000000000/resourceGroups/cli_test_vm_msi000001/providers/Microsoft.Network/virtualNetworks/vm1VNET/subnets/vm1Subnet\"\r\n
        \         },\r\n          \"primary\": true,\r\n          \"privateIPAddressVersion\":
        \"IPv4\"\r\n        }\r\n      }\r\n    ],\r\n    \"dnsSettings\": {\r\n      \"dnsServers\":
        [],\r\n      \"appliedDnsServers\": [],\r\n      \"internalDomainNameSuffix\":
        \"aek4obcs23gurhgtg3k2cb4lyd.dx.internal.cloudapp.net\"\r\n    },\r\n    \"macAddress\":
        \"00-22-48-06-FD-34\",\r\n    \"enableAcceleratedNetworking\": false,\r\n
        \   \"enableIPForwarding\": false,\r\n    \"networkSecurityGroup\": {\r\n
        \     \"id\": \"/subscriptions/00000000-0000-0000-0000-000000000000/resourceGroups/cli_test_vm_msi000001/providers/Microsoft.Network/networkSecurityGroups/vm3NSG\"\r\n
        \   },\r\n    \"primary\": true,\r\n    \"virtualMachine\": {\r\n      \"id\":
        \"/subscriptions/00000000-0000-0000-0000-000000000000/resourceGroups/cli_test_vm_msi000001/providers/Microsoft.Compute/virtualMachines/vm3\"\r\n
        \   }\r\n  },\r\n  \"type\": \"Microsoft.Network/networkInterfaces\"\r\n}"
    headers:
      cache-control:
      - no-cache
      content-length:
      - '2568'
      content-type:
      - application/json; charset=utf-8
      date:
      - Tue, 25 May 2021 08:03:42 GMT
      etag:
      - W/"7213a4ee-616c-45f0-8393-648d73f0e335"
      expires:
      - '-1'
      pragma:
      - no-cache
      server:
      - Microsoft-HTTPAPI/2.0
      - Microsoft-HTTPAPI/2.0
      strict-transport-security:
      - max-age=31536000; includeSubDomains
      transfer-encoding:
      - chunked
      vary:
      - Accept-Encoding
      x-content-type-options:
      - nosniff
      x-ms-arm-service-request-id:
      - 023fdfcf-4fe8-468b-915c-acfbf6d48be3
    status:
      code: 200
      message: OK
- request:
    body: null
    headers:
      Accept:
      - application/json, text/json
      Accept-Encoding:
      - gzip, deflate
      CommandName:
      - vm create
      Connection:
      - keep-alive
      ParameterSetName:
      - -g -n --image --admin-username --admin-password --nsg-rule
      User-Agent:
      - AZURECLI/2.24.0 azsdk-python-azure-mgmt-network/19.0.0 Python/3.8.0 (Windows-10-10.0.19041-SP0)
    method: GET
    uri: https://management.azure.com/subscriptions/00000000-0000-0000-0000-000000000000/resourceGroups/cli_test_vm_msi000001/providers/Microsoft.Network/publicIPAddresses/vm3PublicIP?api-version=2018-01-01
  response:
    body:
      string: "{\r\n  \"name\": \"vm3PublicIP\",\r\n  \"id\": \"/subscriptions/00000000-0000-0000-0000-000000000000/resourceGroups/cli_test_vm_msi000001/providers/Microsoft.Network/publicIPAddresses/vm3PublicIP\",\r\n
        \ \"etag\": \"W/\\\"e6a088bc-03ff-496a-9ec6-15a1129312de\\\"\",\r\n  \"location\":
        \"westus\",\r\n  \"tags\": {},\r\n  \"properties\": {\r\n    \"provisioningState\":
        \"Succeeded\",\r\n    \"resourceGuid\": \"5cbe675c-252e-498d-bdda-dd915887e93d\",\r\n
        \   \"ipAddress\": \"13.91.161.117\",\r\n    \"publicIPAddressVersion\": \"IPv4\",\r\n
        \   \"publicIPAllocationMethod\": \"Dynamic\",\r\n    \"idleTimeoutInMinutes\":
        4,\r\n    \"ipTags\": [],\r\n    \"ipConfiguration\": {\r\n      \"id\": \"/subscriptions/00000000-0000-0000-0000-000000000000/resourceGroups/cli_test_vm_msi000001/providers/Microsoft.Network/networkInterfaces/vm3VMNic/ipConfigurations/ipconfigvm3\"\r\n
        \   }\r\n  },\r\n  \"type\": \"Microsoft.Network/publicIPAddresses\",\r\n
        \ \"sku\": {\r\n    \"name\": \"Basic\"\r\n  }\r\n}"
    headers:
      cache-control:
      - no-cache
      content-length:
      - '997'
      content-type:
      - application/json; charset=utf-8
      date:
      - Tue, 25 May 2021 08:03:42 GMT
      etag:
      - W/"e6a088bc-03ff-496a-9ec6-15a1129312de"
      expires:
      - '-1'
      pragma:
      - no-cache
      server:
      - Microsoft-HTTPAPI/2.0
      - Microsoft-HTTPAPI/2.0
      strict-transport-security:
      - max-age=31536000; includeSubDomains
      transfer-encoding:
      - chunked
      vary:
      - Accept-Encoding
      x-content-type-options:
      - nosniff
      x-ms-arm-service-request-id:
      - 667bd107-7f0b-447b-af66-240bdd3d163c
    status:
      code: 200
      message: OK
- request:
    body: null
    headers:
      Accept:
      - application/json
      Accept-Encoding:
      - gzip, deflate
      CommandName:
      - vm identity assign
      Connection:
      - keep-alive
      ParameterSetName:
      - -g -n --scope --role
      User-Agent:
      - python/3.8.0 (Windows-10-10.0.19041-SP0) msrest/0.6.21 msrest_azure/0.6.3
        azure-mgmt-authorization/0.61.0 Azure-SDK-For-Python AZURECLI/2.24.0
      accept-language:
      - en-US
    method: GET
    uri: https://management.azure.com/subscriptions/00000000-0000-0000-0000-000000000000/resourceGroups/cli_test_vm_msi000001/providers/Microsoft.Compute/virtualMachines/vm1/providers/Microsoft.Authorization/roleDefinitions?$filter=roleName%20eq%20%27reader%27&api-version=2018-01-01-preview
  response:
    body:
      string: '{"value":[{"properties":{"roleName":"Reader","type":"BuiltInRole","description":"View
        all resources, but does not allow you to make any changes.","assignableScopes":["/"],"permissions":[{"actions":["*/read"],"notActions":[],"dataActions":[],"notDataActions":[]}],"createdOn":"2015-02-02T21:55:09.8806423Z","updatedOn":"2020-08-14T20:16:04.3791205Z","createdBy":null,"updatedBy":null},"id":"/subscriptions/00000000-0000-0000-0000-000000000000/providers/Microsoft.Authorization/roleDefinitions/acdd72a7-3385-48ef-bd42-f606fba81ae7","type":"Microsoft.Authorization/roleDefinitions","name":"acdd72a7-3385-48ef-bd42-f606fba81ae7"}]}'
    headers:
      cache-control:
      - no-cache
      content-length:
      - '627'
      content-type:
      - application/json; charset=utf-8
      date:
      - Tue, 25 May 2021 08:03:44 GMT
      expires:
      - '-1'
      pragma:
      - no-cache
      set-cookie:
      - x-ms-gateway-slice=Production; path=/; secure; samesite=none; httponly
      strict-transport-security:
      - max-age=31536000; includeSubDomains
      transfer-encoding:
      - chunked
      vary:
      - Accept-Encoding
      x-content-type-options:
      - nosniff
    status:
      code: 200
      message: OK
- request:
    body: null
    headers:
      Accept:
      - application/json
      Accept-Encoding:
      - gzip, deflate
      CommandName:
      - vm identity assign
      Connection:
      - keep-alive
      ParameterSetName:
      - -g -n --scope --role
      User-Agent:
      - AZURECLI/2.24.0 azsdk-python-azure-mgmt-compute/20.0.0 Python/3.8.0 (Windows-10-10.0.19041-SP0)
    method: GET
    uri: https://management.azure.com/subscriptions/00000000-0000-0000-0000-000000000000/resourceGroups/cli_test_vm_msi000001/providers/Microsoft.Compute/virtualMachines/vm3?api-version=2021-03-01
  response:
    body:
      string: "{\r\n  \"name\": \"vm3\",\r\n  \"id\": \"/subscriptions/00000000-0000-0000-0000-000000000000/resourceGroups/cli_test_vm_msi000001/providers/Microsoft.Compute/virtualMachines/vm3\",\r\n
        \ \"type\": \"Microsoft.Compute/virtualMachines\",\r\n  \"location\": \"westus\",\r\n
        \ \"tags\": {},\r\n  \"properties\": {\r\n    \"vmId\": \"a999ee7e-a680-42ba-983d-f8732a1dd838\",\r\n
        \   \"hardwareProfile\": {\r\n      \"vmSize\": \"Standard_DS1_v2\"\r\n    },\r\n
        \   \"storageProfile\": {\r\n      \"imageReference\": {\r\n        \"publisher\":
        \"Debian\",\r\n        \"offer\": \"debian-10\",\r\n        \"sku\": \"10\",\r\n
        \       \"version\": \"latest\",\r\n        \"exactVersion\": \"0.20210329.591\"\r\n
        \     },\r\n      \"osDisk\": {\r\n        \"osType\": \"Linux\",\r\n        \"name\":
        \"vm3_disk1_0e68279c851441ca96c08a119d10c93a\",\r\n        \"createOption\":
        \"FromImage\",\r\n        \"caching\": \"ReadWrite\",\r\n        \"managedDisk\":
        {\r\n          \"storageAccountType\": \"Premium_LRS\",\r\n          \"id\":
        \"/subscriptions/00000000-0000-0000-0000-000000000000/resourceGroups/cli_test_vm_msi000001/providers/Microsoft.Compute/disks/vm3_disk1_0e68279c851441ca96c08a119d10c93a\"\r\n
        \       },\r\n        \"diskSizeGB\": 30,\r\n        \"deleteOption\": \"Detach\"\r\n
        \     },\r\n      \"dataDisks\": []\r\n    },\r\n    \"osProfile\": {\r\n
        \     \"computerName\": \"vm3\",\r\n      \"adminUsername\": \"admin123\",\r\n
        \     \"linuxConfiguration\": {\r\n        \"disablePasswordAuthentication\":
        false,\r\n        \"provisionVMAgent\": true,\r\n        \"patchSettings\":
        {\r\n          \"patchMode\": \"ImageDefault\",\r\n          \"assessmentMode\":
        \"ImageDefault\"\r\n        }\r\n      },\r\n      \"secrets\": [],\r\n      \"allowExtensionOperations\":
        true,\r\n      \"requireGuestProvisionSignal\": true\r\n    },\r\n    \"networkProfile\":
        {\"networkInterfaces\":[{\"id\":\"/subscriptions/00000000-0000-0000-0000-000000000000/resourceGroups/cli_test_vm_msi000001/providers/Microsoft.Network/networkInterfaces/vm3VMNic\"}]},\r\n
        \   \"provisioningState\": \"Succeeded\"\r\n  }\r\n}"
    headers:
      cache-control:
      - no-cache
      content-length:
      - '2027'
      content-type:
      - application/json; charset=utf-8
      date:
      - Tue, 25 May 2021 08:03:44 GMT
      expires:
      - '-1'
      pragma:
      - no-cache
      server:
      - Microsoft-HTTPAPI/2.0
      - Microsoft-HTTPAPI/2.0
      strict-transport-security:
      - max-age=31536000; includeSubDomains
      transfer-encoding:
      - chunked
      vary:
      - Accept-Encoding
      x-content-type-options:
      - nosniff
      x-ms-ratelimit-remaining-resource:
      - Microsoft.Compute/LowCostGet3Min;3945,Microsoft.Compute/LowCostGet30Min;31608
    status:
      code: 200
      message: OK
- request:
    body: '{"identity": {"type": "SystemAssigned"}}'
    headers:
      Accept:
      - application/json
      Accept-Encoding:
      - gzip, deflate
      CommandName:
      - vm identity assign
      Connection:
      - keep-alive
      Content-Length:
      - '40'
      Content-Type:
      - application/json
      ParameterSetName:
      - -g -n --scope --role
      User-Agent:
      - AZURECLI/2.24.0 azsdk-python-azure-mgmt-compute/20.0.0 Python/3.8.0 (Windows-10-10.0.19041-SP0)
    method: PATCH
    uri: https://management.azure.com/subscriptions/00000000-0000-0000-0000-000000000000/resourceGroups/cli_test_vm_msi000001/providers/Microsoft.Compute/virtualMachines/vm3?api-version=2021-03-01
  response:
    body:
      string: "{\r\n  \"name\": \"vm3\",\r\n  \"id\": \"/subscriptions/00000000-0000-0000-0000-000000000000/resourceGroups/cli_test_vm_msi000001/providers/Microsoft.Compute/virtualMachines/vm3\",\r\n
        \ \"type\": \"Microsoft.Compute/virtualMachines\",\r\n  \"location\": \"westus\",\r\n
        \ \"tags\": {},\r\n  \"identity\": {\r\n    \"type\": \"SystemAssigned\",\r\n
        \   \"principalId\": \"caaa4edc-06ba-4c8e-b42d-3d3a8dcba319\",\r\n    \"tenantId\":
        \"54826b22-38d6-4fb2-bad9-b7b93a3e9c5a\"\r\n  },\r\n  \"properties\": {\r\n
        \   \"vmId\": \"a999ee7e-a680-42ba-983d-f8732a1dd838\",\r\n    \"hardwareProfile\":
        {\r\n      \"vmSize\": \"Standard_DS1_v2\"\r\n    },\r\n    \"storageProfile\":
        {\r\n      \"imageReference\": {\r\n        \"publisher\": \"Debian\",\r\n
        \       \"offer\": \"debian-10\",\r\n        \"sku\": \"10\",\r\n        \"version\":
        \"latest\",\r\n        \"exactVersion\": \"0.20210329.591\"\r\n      },\r\n
        \     \"osDisk\": {\r\n        \"osType\": \"Linux\",\r\n        \"name\":
        \"vm3_disk1_0e68279c851441ca96c08a119d10c93a\",\r\n        \"createOption\":
        \"FromImage\",\r\n        \"caching\": \"ReadWrite\",\r\n        \"managedDisk\":
        {\r\n          \"storageAccountType\": \"Premium_LRS\",\r\n          \"id\":
        \"/subscriptions/00000000-0000-0000-0000-000000000000/resourceGroups/cli_test_vm_msi000001/providers/Microsoft.Compute/disks/vm3_disk1_0e68279c851441ca96c08a119d10c93a\"\r\n
        \       },\r\n        \"diskSizeGB\": 30,\r\n        \"deleteOption\": \"Detach\"\r\n
        \     },\r\n      \"dataDisks\": []\r\n    },\r\n    \"osProfile\": {\r\n
        \     \"computerName\": \"vm3\",\r\n      \"adminUsername\": \"admin123\",\r\n
        \     \"linuxConfiguration\": {\r\n        \"disablePasswordAuthentication\":
        false,\r\n        \"provisionVMAgent\": true,\r\n        \"patchSettings\":
        {\r\n          \"patchMode\": \"ImageDefault\",\r\n          \"assessmentMode\":
        \"ImageDefault\"\r\n        }\r\n      },\r\n      \"secrets\": [],\r\n      \"allowExtensionOperations\":
        true,\r\n      \"requireGuestProvisionSignal\": true\r\n    },\r\n    \"networkProfile\":
        {\"networkInterfaces\":[{\"id\":\"/subscriptions/00000000-0000-0000-0000-000000000000/resourceGroups/cli_test_vm_msi000001/providers/Microsoft.Network/networkInterfaces/vm3VMNic\"}]},\r\n
        \   \"provisioningState\": \"Updating\"\r\n  }\r\n}"
    headers:
      azure-asyncnotification:
      - Enabled
      azure-asyncoperation:
      - https://management.azure.com/subscriptions/00000000-0000-0000-0000-000000000000/providers/Microsoft.Compute/locations/westus/operations/d9290e73-1f56-4a34-94ba-3507badcf012?api-version=2021-03-01
      cache-control:
      - no-cache
      content-length:
      - '2196'
      content-type:
      - application/json; charset=utf-8
      date:
      - Tue, 25 May 2021 08:03:52 GMT
      expires:
      - '-1'
      pragma:
      - no-cache
      server:
      - Microsoft-HTTPAPI/2.0
      - Microsoft-HTTPAPI/2.0
      strict-transport-security:
      - max-age=31536000; includeSubDomains
      transfer-encoding:
      - chunked
      vary:
      - Accept-Encoding
      x-content-type-options:
      - nosniff
      x-ms-ratelimit-remaining-resource:
      - Microsoft.Compute/PutVM3Min;231,Microsoft.Compute/PutVM30Min;1155
      x-ms-ratelimit-remaining-subscription-writes:
      - '1192'
    status:
      code: 200
      message: OK
- request:
    body: null
    headers:
      Accept:
      - '*/*'
      Accept-Encoding:
      - gzip, deflate
      CommandName:
      - vm identity assign
      Connection:
      - keep-alive
      ParameterSetName:
      - -g -n --scope --role
      User-Agent:
      - AZURECLI/2.24.0 azsdk-python-azure-mgmt-compute/20.0.0 Python/3.8.0 (Windows-10-10.0.19041-SP0)
    method: GET
    uri: https://management.azure.com/subscriptions/00000000-0000-0000-0000-000000000000/providers/Microsoft.Compute/locations/westus/operations/d9290e73-1f56-4a34-94ba-3507badcf012?api-version=2021-03-01
  response:
    body:
      string: "{\r\n  \"startTime\": \"2021-05-25T08:03:50.2938998+00:00\",\r\n  \"endTime\":
        \"2021-05-25T08:03:54.4658259+00:00\",\r\n  \"status\": \"Succeeded\",\r\n
        \ \"name\": \"d9290e73-1f56-4a34-94ba-3507badcf012\"\r\n}"
    headers:
      cache-control:
      - no-cache
      content-length:
      - '184'
      content-type:
      - application/json; charset=utf-8
      date:
      - Tue, 25 May 2021 08:04:22 GMT
      expires:
      - '-1'
      pragma:
      - no-cache
      server:
      - Microsoft-HTTPAPI/2.0
      - Microsoft-HTTPAPI/2.0
      strict-transport-security:
      - max-age=31536000; includeSubDomains
      transfer-encoding:
      - chunked
      vary:
      - Accept-Encoding
      x-content-type-options:
      - nosniff
      x-ms-ratelimit-remaining-resource:
      - Microsoft.Compute/GetOperation3Min;14969,Microsoft.Compute/GetOperation30Min;29514
    status:
      code: 200
      message: OK
- request:
    body: null
    headers:
      Accept:
      - '*/*'
      Accept-Encoding:
      - gzip, deflate
      CommandName:
      - vm identity assign
      Connection:
      - keep-alive
      ParameterSetName:
      - -g -n --scope --role
      User-Agent:
      - AZURECLI/2.24.0 azsdk-python-azure-mgmt-compute/20.0.0 Python/3.8.0 (Windows-10-10.0.19041-SP0)
    method: GET
    uri: https://management.azure.com/subscriptions/00000000-0000-0000-0000-000000000000/resourceGroups/cli_test_vm_msi000001/providers/Microsoft.Compute/virtualMachines/vm3?api-version=2021-03-01
  response:
    body:
      string: "{\r\n  \"name\": \"vm3\",\r\n  \"id\": \"/subscriptions/00000000-0000-0000-0000-000000000000/resourceGroups/cli_test_vm_msi000001/providers/Microsoft.Compute/virtualMachines/vm3\",\r\n
        \ \"type\": \"Microsoft.Compute/virtualMachines\",\r\n  \"location\": \"westus\",\r\n
        \ \"tags\": {},\r\n  \"identity\": {\r\n    \"type\": \"SystemAssigned\",\r\n
        \   \"principalId\": \"caaa4edc-06ba-4c8e-b42d-3d3a8dcba319\",\r\n    \"tenantId\":
        \"54826b22-38d6-4fb2-bad9-b7b93a3e9c5a\"\r\n  },\r\n  \"properties\": {\r\n
        \   \"vmId\": \"a999ee7e-a680-42ba-983d-f8732a1dd838\",\r\n    \"hardwareProfile\":
        {\r\n      \"vmSize\": \"Standard_DS1_v2\"\r\n    },\r\n    \"storageProfile\":
        {\r\n      \"imageReference\": {\r\n        \"publisher\": \"Debian\",\r\n
        \       \"offer\": \"debian-10\",\r\n        \"sku\": \"10\",\r\n        \"version\":
        \"latest\",\r\n        \"exactVersion\": \"0.20210329.591\"\r\n      },\r\n
        \     \"osDisk\": {\r\n        \"osType\": \"Linux\",\r\n        \"name\":
        \"vm3_disk1_0e68279c851441ca96c08a119d10c93a\",\r\n        \"createOption\":
        \"FromImage\",\r\n        \"caching\": \"ReadWrite\",\r\n        \"managedDisk\":
        {\r\n          \"storageAccountType\": \"Premium_LRS\",\r\n          \"id\":
        \"/subscriptions/00000000-0000-0000-0000-000000000000/resourceGroups/cli_test_vm_msi000001/providers/Microsoft.Compute/disks/vm3_disk1_0e68279c851441ca96c08a119d10c93a\"\r\n
        \       },\r\n        \"diskSizeGB\": 30,\r\n        \"deleteOption\": \"Detach\"\r\n
        \     },\r\n      \"dataDisks\": []\r\n    },\r\n    \"osProfile\": {\r\n
        \     \"computerName\": \"vm3\",\r\n      \"adminUsername\": \"admin123\",\r\n
        \     \"linuxConfiguration\": {\r\n        \"disablePasswordAuthentication\":
        false,\r\n        \"provisionVMAgent\": true,\r\n        \"patchSettings\":
        {\r\n          \"patchMode\": \"ImageDefault\",\r\n          \"assessmentMode\":
        \"ImageDefault\"\r\n        }\r\n      },\r\n      \"secrets\": [],\r\n      \"allowExtensionOperations\":
        true,\r\n      \"requireGuestProvisionSignal\": true\r\n    },\r\n    \"networkProfile\":
        {\"networkInterfaces\":[{\"id\":\"/subscriptions/00000000-0000-0000-0000-000000000000/resourceGroups/cli_test_vm_msi000001/providers/Microsoft.Network/networkInterfaces/vm3VMNic\"}]},\r\n
        \   \"provisioningState\": \"Succeeded\"\r\n  }\r\n}"
    headers:
      cache-control:
      - no-cache
      content-length:
      - '2197'
      content-type:
      - application/json; charset=utf-8
      date:
      - Tue, 25 May 2021 08:04:23 GMT
      expires:
      - '-1'
      pragma:
      - no-cache
      server:
      - Microsoft-HTTPAPI/2.0
      - Microsoft-HTTPAPI/2.0
      strict-transport-security:
      - max-age=31536000; includeSubDomains
      transfer-encoding:
      - chunked
      vary:
      - Accept-Encoding
      x-content-type-options:
      - nosniff
      x-ms-ratelimit-remaining-resource:
      - Microsoft.Compute/LowCostGet3Min;3943,Microsoft.Compute/LowCostGet30Min;31598
    status:
      code: 200
      message: OK
- request:
    body: '{"properties": {"roleDefinitionId": "/subscriptions/00000000-0000-0000-0000-000000000000/providers/Microsoft.Authorization/roleDefinitions/acdd72a7-3385-48ef-bd42-f606fba81ae7",
      "principalId": "caaa4edc-06ba-4c8e-b42d-3d3a8dcba319"}}'
    headers:
      Accept:
      - application/json
      Accept-Encoding:
      - gzip, deflate
      CommandName:
      - vm identity assign
      Connection:
      - keep-alive
      Content-Length:
      - '233'
      Content-Type:
      - application/json; charset=utf-8
      ParameterSetName:
      - -g -n --scope --role
      User-Agent:
      - python/3.8.0 (Windows-10-10.0.19041-SP0) msrest/0.6.21 msrest_azure/0.6.3
        azure-mgmt-authorization/0.61.0 Azure-SDK-For-Python AZURECLI/2.24.0
      accept-language:
      - en-US
    method: PUT
    uri: https://management.azure.com/subscriptions/00000000-0000-0000-0000-000000000000/resourceGroups/cli_test_vm_msi000001/providers/Microsoft.Compute/virtualMachines/vm1/providers/Microsoft.Authorization/roleAssignments/88888888-0000-0000-0000-000000000001?api-version=2020-04-01-preview
  response:
    body:
      string: '{"error":{"code":"PrincipalNotFound","message":"Principal caaa4edc06ba4c8eb42d3d3a8dcba319
        does not exist in the directory 54826b22-38d6-4fb2-bad9-b7b93a3e9c5a."}}'
    headers:
      cache-control:
      - no-cache
      content-length:
      - '163'
      content-type:
      - application/json; charset=utf-8
      date:
      - Tue, 25 May 2021 08:04:24 GMT
      expires:
      - '-1'
      pragma:
      - no-cache
      set-cookie:
      - x-ms-gateway-slice=Production; path=/; secure; samesite=none; httponly
      strict-transport-security:
      - max-age=31536000; includeSubDomains
      x-content-type-options:
      - nosniff
      x-ms-ratelimit-remaining-subscription-writes:
      - '1181'
    status:
      code: 400
      message: Bad Request
- request:
    body: '{"properties": {"roleDefinitionId": "/subscriptions/00000000-0000-0000-0000-000000000000/providers/Microsoft.Authorization/roleDefinitions/acdd72a7-3385-48ef-bd42-f606fba81ae7",
      "principalId": "caaa4edc-06ba-4c8e-b42d-3d3a8dcba319"}}'
    headers:
      Accept:
      - application/json
      Accept-Encoding:
      - gzip, deflate
      CommandName:
      - vm identity assign
      Connection:
      - keep-alive
      Content-Length:
      - '233'
      Content-Type:
      - application/json; charset=utf-8
      Cookie:
      - x-ms-gateway-slice=Production
      ParameterSetName:
      - -g -n --scope --role
      User-Agent:
      - python/3.8.0 (Windows-10-10.0.19041-SP0) msrest/0.6.21 msrest_azure/0.6.3
        azure-mgmt-authorization/0.61.0 Azure-SDK-For-Python AZURECLI/2.24.0
      accept-language:
      - en-US
    method: PUT
    uri: https://management.azure.com/subscriptions/00000000-0000-0000-0000-000000000000/resourceGroups/cli_test_vm_msi000001/providers/Microsoft.Compute/virtualMachines/vm1/providers/Microsoft.Authorization/roleAssignments/88888888-0000-0000-0000-000000000001?api-version=2020-04-01-preview
  response:
    body:
      string: '{"error":{"code":"PrincipalNotFound","message":"Principal caaa4edc06ba4c8eb42d3d3a8dcba319
        does not exist in the directory 54826b22-38d6-4fb2-bad9-b7b93a3e9c5a."}}'
    headers:
      cache-control:
      - no-cache
      content-length:
      - '163'
      content-type:
      - application/json; charset=utf-8
      date:
      - Tue, 25 May 2021 08:04:29 GMT
      expires:
      - '-1'
      pragma:
      - no-cache
      set-cookie:
      - x-ms-gateway-slice=Production; path=/; secure; samesite=none; httponly
      strict-transport-security:
      - max-age=31536000; includeSubDomains
      x-content-type-options:
      - nosniff
      x-ms-ratelimit-remaining-subscription-writes:
      - '1180'
    status:
      code: 400
      message: Bad Request
- request:
    body: '{"properties": {"roleDefinitionId": "/subscriptions/00000000-0000-0000-0000-000000000000/providers/Microsoft.Authorization/roleDefinitions/acdd72a7-3385-48ef-bd42-f606fba81ae7",
      "principalId": "caaa4edc-06ba-4c8e-b42d-3d3a8dcba319"}}'
    headers:
      Accept:
      - application/json
      Accept-Encoding:
      - gzip, deflate
      CommandName:
      - vm identity assign
      Connection:
      - keep-alive
      Content-Length:
      - '233'
      Content-Type:
      - application/json; charset=utf-8
      Cookie:
      - x-ms-gateway-slice=Production
      ParameterSetName:
      - -g -n --scope --role
      User-Agent:
      - python/3.8.0 (Windows-10-10.0.19041-SP0) msrest/0.6.21 msrest_azure/0.6.3
        azure-mgmt-authorization/0.61.0 Azure-SDK-For-Python AZURECLI/2.24.0
      accept-language:
      - en-US
    method: PUT
    uri: https://management.azure.com/subscriptions/00000000-0000-0000-0000-000000000000/resourceGroups/cli_test_vm_msi000001/providers/Microsoft.Compute/virtualMachines/vm1/providers/Microsoft.Authorization/roleAssignments/88888888-0000-0000-0000-000000000001?api-version=2020-04-01-preview
  response:
    body:
      string: '{"properties":{"roleDefinitionId":"/subscriptions/00000000-0000-0000-0000-000000000000/providers/Microsoft.Authorization/roleDefinitions/acdd72a7-3385-48ef-bd42-f606fba81ae7","principalId":"caaa4edc-06ba-4c8e-b42d-3d3a8dcba319","principalType":"ServicePrincipal","scope":"/subscriptions/00000000-0000-0000-0000-000000000000/resourceGroups/cli_test_vm_msi000001/providers/Microsoft.Compute/virtualMachines/vm1","condition":null,"conditionVersion":null,"createdOn":"2021-05-25T08:04:36.0300925Z","updatedOn":"2021-05-25T08:04:36.7314974Z","createdBy":null,"updatedBy":"9ac534f1-d577-4034-a32d-48de400dacbf","delegatedManagedIdentityResourceId":null,"description":null},"id":"/subscriptions/00000000-0000-0000-0000-000000000000/resourceGroups/cli_test_vm_msi000001/providers/Microsoft.Compute/virtualMachines/vm1/providers/Microsoft.Authorization/roleAssignments/88888888-0000-0000-0000-000000000001","type":"Microsoft.Authorization/roleAssignments","name":"88888888-0000-0000-0000-000000000001"}'
    headers:
      cache-control:
      - no-cache
      content-length:
      - '1101'
      content-type:
      - application/json; charset=utf-8
      date:
      - Tue, 25 May 2021 08:04:38 GMT
      expires:
      - '-1'
      pragma:
      - no-cache
      set-cookie:
      - x-ms-gateway-slice=Production; path=/; secure; samesite=none; httponly
      strict-transport-security:
      - max-age=31536000; includeSubDomains
      x-content-type-options:
      - nosniff
      x-ms-ratelimit-remaining-subscription-writes:
      - '1179'
    status:
      code: 201
      message: Created
- request:
    body: null
    headers:
      Accept:
      - application/json
      Accept-Encoding:
      - gzip, deflate
      CommandName:
      - vm identity assign
      Connection:
      - keep-alive
      ParameterSetName:
      - -g -n --scope --role
      User-Agent:
      - AZURECLI/2.24.0 azsdk-python-azure-mgmt-compute/20.0.0 Python/3.8.0 (Windows-10-10.0.19041-SP0)
    method: GET
    uri: https://management.azure.com/subscriptions/00000000-0000-0000-0000-000000000000/resourceGroups/cli_test_vm_msi000001/providers/Microsoft.Compute/virtualMachines/vm3?api-version=2021-03-01
  response:
    body:
      string: "{\r\n  \"name\": \"vm3\",\r\n  \"id\": \"/subscriptions/00000000-0000-0000-0000-000000000000/resourceGroups/cli_test_vm_msi000001/providers/Microsoft.Compute/virtualMachines/vm3\",\r\n
        \ \"type\": \"Microsoft.Compute/virtualMachines\",\r\n  \"location\": \"westus\",\r\n
        \ \"tags\": {},\r\n  \"identity\": {\r\n    \"type\": \"SystemAssigned\",\r\n
        \   \"principalId\": \"caaa4edc-06ba-4c8e-b42d-3d3a8dcba319\",\r\n    \"tenantId\":
        \"54826b22-38d6-4fb2-bad9-b7b93a3e9c5a\"\r\n  },\r\n  \"properties\": {\r\n
        \   \"vmId\": \"a999ee7e-a680-42ba-983d-f8732a1dd838\",\r\n    \"hardwareProfile\":
        {\r\n      \"vmSize\": \"Standard_DS1_v2\"\r\n    },\r\n    \"storageProfile\":
        {\r\n      \"imageReference\": {\r\n        \"publisher\": \"Debian\",\r\n
        \       \"offer\": \"debian-10\",\r\n        \"sku\": \"10\",\r\n        \"version\":
        \"latest\",\r\n        \"exactVersion\": \"0.20210329.591\"\r\n      },\r\n
        \     \"osDisk\": {\r\n        \"osType\": \"Linux\",\r\n        \"name\":
        \"vm3_disk1_0e68279c851441ca96c08a119d10c93a\",\r\n        \"createOption\":
        \"FromImage\",\r\n        \"caching\": \"ReadWrite\",\r\n        \"managedDisk\":
        {\r\n          \"storageAccountType\": \"Premium_LRS\",\r\n          \"id\":
        \"/subscriptions/00000000-0000-0000-0000-000000000000/resourceGroups/cli_test_vm_msi000001/providers/Microsoft.Compute/disks/vm3_disk1_0e68279c851441ca96c08a119d10c93a\"\r\n
        \       },\r\n        \"diskSizeGB\": 30,\r\n        \"deleteOption\": \"Detach\"\r\n
        \     },\r\n      \"dataDisks\": []\r\n    },\r\n    \"osProfile\": {\r\n
        \     \"computerName\": \"vm3\",\r\n      \"adminUsername\": \"admin123\",\r\n
        \     \"linuxConfiguration\": {\r\n        \"disablePasswordAuthentication\":
        false,\r\n        \"provisionVMAgent\": true,\r\n        \"patchSettings\":
        {\r\n          \"patchMode\": \"ImageDefault\",\r\n          \"assessmentMode\":
        \"ImageDefault\"\r\n        }\r\n      },\r\n      \"secrets\": [],\r\n      \"allowExtensionOperations\":
        true,\r\n      \"requireGuestProvisionSignal\": true\r\n    },\r\n    \"networkProfile\":
        {\"networkInterfaces\":[{\"id\":\"/subscriptions/00000000-0000-0000-0000-000000000000/resourceGroups/cli_test_vm_msi000001/providers/Microsoft.Network/networkInterfaces/vm3VMNic\"}]},\r\n
        \   \"provisioningState\": \"Succeeded\"\r\n  }\r\n}"
    headers:
      cache-control:
      - no-cache
      content-length:
      - '2197'
      content-type:
      - application/json; charset=utf-8
      date:
      - Tue, 25 May 2021 08:04:39 GMT
      expires:
      - '-1'
      pragma:
      - no-cache
      server:
      - Microsoft-HTTPAPI/2.0
      - Microsoft-HTTPAPI/2.0
      strict-transport-security:
      - max-age=31536000; includeSubDomains
      transfer-encoding:
      - chunked
      vary:
      - Accept-Encoding
      x-content-type-options:
      - nosniff
      x-ms-ratelimit-remaining-resource:
      - Microsoft.Compute/LowCostGet3Min;3949,Microsoft.Compute/LowCostGet30Min;31592
    status:
      code: 200
      message: OK
- request:
    body: null
    headers:
      Accept:
      - application/json
      Accept-Encoding:
      - gzip, deflate
      CommandName:
      - vm identity remove
      Connection:
      - keep-alive
      ParameterSetName:
      - -g -n
      User-Agent:
      - AZURECLI/2.24.0 azsdk-python-azure-mgmt-compute/20.0.0 Python/3.8.0 (Windows-10-10.0.19041-SP0)
    method: GET
    uri: https://management.azure.com/subscriptions/00000000-0000-0000-0000-000000000000/resourceGroups/cli_test_vm_msi000001/providers/Microsoft.Compute/virtualMachines/vm3?api-version=2021-03-01
  response:
    body:
      string: "{\r\n  \"name\": \"vm3\",\r\n  \"id\": \"/subscriptions/00000000-0000-0000-0000-000000000000/resourceGroups/cli_test_vm_msi000001/providers/Microsoft.Compute/virtualMachines/vm3\",\r\n
        \ \"type\": \"Microsoft.Compute/virtualMachines\",\r\n  \"location\": \"westus\",\r\n
        \ \"tags\": {},\r\n  \"identity\": {\r\n    \"type\": \"SystemAssigned\",\r\n
        \   \"principalId\": \"caaa4edc-06ba-4c8e-b42d-3d3a8dcba319\",\r\n    \"tenantId\":
        \"54826b22-38d6-4fb2-bad9-b7b93a3e9c5a\"\r\n  },\r\n  \"properties\": {\r\n
        \   \"vmId\": \"a999ee7e-a680-42ba-983d-f8732a1dd838\",\r\n    \"hardwareProfile\":
        {\r\n      \"vmSize\": \"Standard_DS1_v2\"\r\n    },\r\n    \"storageProfile\":
        {\r\n      \"imageReference\": {\r\n        \"publisher\": \"Debian\",\r\n
        \       \"offer\": \"debian-10\",\r\n        \"sku\": \"10\",\r\n        \"version\":
        \"latest\",\r\n        \"exactVersion\": \"0.20210329.591\"\r\n      },\r\n
        \     \"osDisk\": {\r\n        \"osType\": \"Linux\",\r\n        \"name\":
        \"vm3_disk1_0e68279c851441ca96c08a119d10c93a\",\r\n        \"createOption\":
        \"FromImage\",\r\n        \"caching\": \"ReadWrite\",\r\n        \"managedDisk\":
        {\r\n          \"storageAccountType\": \"Premium_LRS\",\r\n          \"id\":
        \"/subscriptions/00000000-0000-0000-0000-000000000000/resourceGroups/cli_test_vm_msi000001/providers/Microsoft.Compute/disks/vm3_disk1_0e68279c851441ca96c08a119d10c93a\"\r\n
        \       },\r\n        \"diskSizeGB\": 30,\r\n        \"deleteOption\": \"Detach\"\r\n
        \     },\r\n      \"dataDisks\": []\r\n    },\r\n    \"osProfile\": {\r\n
        \     \"computerName\": \"vm3\",\r\n      \"adminUsername\": \"admin123\",\r\n
        \     \"linuxConfiguration\": {\r\n        \"disablePasswordAuthentication\":
        false,\r\n        \"provisionVMAgent\": true,\r\n        \"patchSettings\":
        {\r\n          \"patchMode\": \"ImageDefault\",\r\n          \"assessmentMode\":
        \"ImageDefault\"\r\n        }\r\n      },\r\n      \"secrets\": [],\r\n      \"allowExtensionOperations\":
        true,\r\n      \"requireGuestProvisionSignal\": true\r\n    },\r\n    \"networkProfile\":
        {\"networkInterfaces\":[{\"id\":\"/subscriptions/00000000-0000-0000-0000-000000000000/resourceGroups/cli_test_vm_msi000001/providers/Microsoft.Network/networkInterfaces/vm3VMNic\"}]},\r\n
        \   \"provisioningState\": \"Succeeded\"\r\n  }\r\n}"
    headers:
      cache-control:
      - no-cache
      content-length:
      - '2197'
      content-type:
      - application/json; charset=utf-8
      date:
      - Tue, 25 May 2021 08:04:40 GMT
      expires:
      - '-1'
      pragma:
      - no-cache
      server:
      - Microsoft-HTTPAPI/2.0
      - Microsoft-HTTPAPI/2.0
      strict-transport-security:
      - max-age=31536000; includeSubDomains
      transfer-encoding:
      - chunked
      vary:
      - Accept-Encoding
      x-content-type-options:
      - nosniff
      x-ms-ratelimit-remaining-resource:
      - Microsoft.Compute/LowCostGet3Min;3948,Microsoft.Compute/LowCostGet30Min;31591
    status:
      code: 200
      message: OK
- request:
    body: '{"identity": {"type": "None"}}'
    headers:
      Accept:
      - application/json
      Accept-Encoding:
      - gzip, deflate
      CommandName:
      - vm identity remove
      Connection:
      - keep-alive
      Content-Length:
      - '30'
      Content-Type:
      - application/json
      ParameterSetName:
      - -g -n
      User-Agent:
      - AZURECLI/2.24.0 azsdk-python-azure-mgmt-compute/20.0.0 Python/3.8.0 (Windows-10-10.0.19041-SP0)
    method: PATCH
    uri: https://management.azure.com/subscriptions/00000000-0000-0000-0000-000000000000/resourceGroups/cli_test_vm_msi000001/providers/Microsoft.Compute/virtualMachines/vm3?api-version=2021-03-01
  response:
    body:
      string: "{\r\n  \"name\": \"vm3\",\r\n  \"id\": \"/subscriptions/00000000-0000-0000-0000-000000000000/resourceGroups/cli_test_vm_msi000001/providers/Microsoft.Compute/virtualMachines/vm3\",\r\n
        \ \"type\": \"Microsoft.Compute/virtualMachines\",\r\n  \"location\": \"westus\",\r\n
        \ \"tags\": {},\r\n  \"properties\": {\r\n    \"vmId\": \"a999ee7e-a680-42ba-983d-f8732a1dd838\",\r\n
        \   \"hardwareProfile\": {\r\n      \"vmSize\": \"Standard_DS1_v2\"\r\n    },\r\n
        \   \"storageProfile\": {\r\n      \"imageReference\": {\r\n        \"publisher\":
        \"Debian\",\r\n        \"offer\": \"debian-10\",\r\n        \"sku\": \"10\",\r\n
        \       \"version\": \"latest\",\r\n        \"exactVersion\": \"0.20210329.591\"\r\n
        \     },\r\n      \"osDisk\": {\r\n        \"osType\": \"Linux\",\r\n        \"name\":
        \"vm3_disk1_0e68279c851441ca96c08a119d10c93a\",\r\n        \"createOption\":
        \"FromImage\",\r\n        \"caching\": \"ReadWrite\",\r\n        \"managedDisk\":
        {\r\n          \"storageAccountType\": \"Premium_LRS\",\r\n          \"id\":
        \"/subscriptions/00000000-0000-0000-0000-000000000000/resourceGroups/cli_test_vm_msi000001/providers/Microsoft.Compute/disks/vm3_disk1_0e68279c851441ca96c08a119d10c93a\"\r\n
        \       },\r\n        \"diskSizeGB\": 30,\r\n        \"deleteOption\": \"Detach\"\r\n
        \     },\r\n      \"dataDisks\": []\r\n    },\r\n    \"osProfile\": {\r\n
        \     \"computerName\": \"vm3\",\r\n      \"adminUsername\": \"admin123\",\r\n
        \     \"linuxConfiguration\": {\r\n        \"disablePasswordAuthentication\":
        false,\r\n        \"provisionVMAgent\": true,\r\n        \"patchSettings\":
        {\r\n          \"patchMode\": \"ImageDefault\",\r\n          \"assessmentMode\":
        \"ImageDefault\"\r\n        }\r\n      },\r\n      \"secrets\": [],\r\n      \"allowExtensionOperations\":
        true,\r\n      \"requireGuestProvisionSignal\": true\r\n    },\r\n    \"networkProfile\":
        {\"networkInterfaces\":[{\"id\":\"/subscriptions/00000000-0000-0000-0000-000000000000/resourceGroups/cli_test_vm_msi000001/providers/Microsoft.Network/networkInterfaces/vm3VMNic\"}]},\r\n
        \   \"provisioningState\": \"Updating\"\r\n  }\r\n}"
    headers:
      azure-asyncnotification:
      - Enabled
      azure-asyncoperation:
      - https://management.azure.com/subscriptions/00000000-0000-0000-0000-000000000000/providers/Microsoft.Compute/locations/westus/operations/8c605c29-dbea-486c-a04c-a983d420ed05?api-version=2021-03-01
      cache-control:
      - no-cache
      content-length:
      - '2026'
      content-type:
      - application/json; charset=utf-8
      date:
      - Tue, 25 May 2021 08:04:48 GMT
      expires:
      - '-1'
      pragma:
      - no-cache
      server:
      - Microsoft-HTTPAPI/2.0
      - Microsoft-HTTPAPI/2.0
      strict-transport-security:
      - max-age=31536000; includeSubDomains
      transfer-encoding:
      - chunked
      vary:
      - Accept-Encoding
      x-content-type-options:
      - nosniff
      x-ms-ratelimit-remaining-resource:
      - Microsoft.Compute/PutVM3Min;232,Microsoft.Compute/PutVM30Min;1152
      x-ms-ratelimit-remaining-subscription-writes:
      - '1182'
    status:
      code: 200
      message: OK
- request:
    body: null
    headers:
      Accept:
      - '*/*'
      Accept-Encoding:
      - gzip, deflate
      CommandName:
      - vm identity remove
      Connection:
      - keep-alive
      ParameterSetName:
      - -g -n
      User-Agent:
      - AZURECLI/2.24.0 azsdk-python-azure-mgmt-compute/20.0.0 Python/3.8.0 (Windows-10-10.0.19041-SP0)
    method: GET
    uri: https://management.azure.com/subscriptions/00000000-0000-0000-0000-000000000000/providers/Microsoft.Compute/locations/westus/operations/8c605c29-dbea-486c-a04c-a983d420ed05?api-version=2021-03-01
  response:
    body:
      string: "{\r\n  \"startTime\": \"2021-05-25T08:04:45.9661061+00:00\",\r\n  \"endTime\":
        \"2021-05-25T08:04:49.2786167+00:00\",\r\n  \"status\": \"Succeeded\",\r\n
        \ \"name\": \"8c605c29-dbea-486c-a04c-a983d420ed05\"\r\n}"
    headers:
      cache-control:
      - no-cache
      content-length:
      - '184'
      content-type:
      - application/json; charset=utf-8
      date:
      - Tue, 25 May 2021 08:05:18 GMT
      expires:
      - '-1'
      pragma:
      - no-cache
      server:
      - Microsoft-HTTPAPI/2.0
      - Microsoft-HTTPAPI/2.0
      strict-transport-security:
      - max-age=31536000; includeSubDomains
      transfer-encoding:
      - chunked
      vary:
      - Accept-Encoding
      x-content-type-options:
      - nosniff
      x-ms-ratelimit-remaining-resource:
      - Microsoft.Compute/GetOperation3Min;14961,Microsoft.Compute/GetOperation30Min;29566
    status:
      code: 200
      message: OK
- request:
    body: null
    headers:
      Accept:
      - '*/*'
      Accept-Encoding:
      - gzip, deflate
      CommandName:
      - vm identity remove
      Connection:
      - keep-alive
      ParameterSetName:
      - -g -n
      User-Agent:
      - AZURECLI/2.24.0 azsdk-python-azure-mgmt-compute/20.0.0 Python/3.8.0 (Windows-10-10.0.19041-SP0)
    method: GET
    uri: https://management.azure.com/subscriptions/00000000-0000-0000-0000-000000000000/resourceGroups/cli_test_vm_msi000001/providers/Microsoft.Compute/virtualMachines/vm3?api-version=2021-03-01
  response:
    body:
      string: "{\r\n  \"name\": \"vm3\",\r\n  \"id\": \"/subscriptions/00000000-0000-0000-0000-000000000000/resourceGroups/cli_test_vm_msi000001/providers/Microsoft.Compute/virtualMachines/vm3\",\r\n
        \ \"type\": \"Microsoft.Compute/virtualMachines\",\r\n  \"location\": \"westus\",\r\n
        \ \"tags\": {},\r\n  \"properties\": {\r\n    \"vmId\": \"a999ee7e-a680-42ba-983d-f8732a1dd838\",\r\n
        \   \"hardwareProfile\": {\r\n      \"vmSize\": \"Standard_DS1_v2\"\r\n    },\r\n
        \   \"storageProfile\": {\r\n      \"imageReference\": {\r\n        \"publisher\":
        \"Debian\",\r\n        \"offer\": \"debian-10\",\r\n        \"sku\": \"10\",\r\n
        \       \"version\": \"latest\",\r\n        \"exactVersion\": \"0.20210329.591\"\r\n
        \     },\r\n      \"osDisk\": {\r\n        \"osType\": \"Linux\",\r\n        \"name\":
        \"vm3_disk1_0e68279c851441ca96c08a119d10c93a\",\r\n        \"createOption\":
        \"FromImage\",\r\n        \"caching\": \"ReadWrite\",\r\n        \"managedDisk\":
        {\r\n          \"storageAccountType\": \"Premium_LRS\",\r\n          \"id\":
        \"/subscriptions/00000000-0000-0000-0000-000000000000/resourceGroups/cli_test_vm_msi000001/providers/Microsoft.Compute/disks/vm3_disk1_0e68279c851441ca96c08a119d10c93a\"\r\n
        \       },\r\n        \"diskSizeGB\": 30,\r\n        \"deleteOption\": \"Detach\"\r\n
        \     },\r\n      \"dataDisks\": []\r\n    },\r\n    \"osProfile\": {\r\n
        \     \"computerName\": \"vm3\",\r\n      \"adminUsername\": \"admin123\",\r\n
        \     \"linuxConfiguration\": {\r\n        \"disablePasswordAuthentication\":
        false,\r\n        \"provisionVMAgent\": true,\r\n        \"patchSettings\":
        {\r\n          \"patchMode\": \"ImageDefault\",\r\n          \"assessmentMode\":
        \"ImageDefault\"\r\n        }\r\n      },\r\n      \"secrets\": [],\r\n      \"allowExtensionOperations\":
        true,\r\n      \"requireGuestProvisionSignal\": true\r\n    },\r\n    \"networkProfile\":
        {\"networkInterfaces\":[{\"id\":\"/subscriptions/00000000-0000-0000-0000-000000000000/resourceGroups/cli_test_vm_msi000001/providers/Microsoft.Network/networkInterfaces/vm3VMNic\"}]},\r\n
        \   \"provisioningState\": \"Succeeded\"\r\n  }\r\n}"
    headers:
      cache-control:
      - no-cache
      content-length:
      - '2027'
      content-type:
      - application/json; charset=utf-8
      date:
      - Tue, 25 May 2021 08:05:19 GMT
      expires:
      - '-1'
      pragma:
      - no-cache
      server:
      - Microsoft-HTTPAPI/2.0
      - Microsoft-HTTPAPI/2.0
      strict-transport-security:
      - max-age=31536000; includeSubDomains
      transfer-encoding:
      - chunked
      vary:
      - Accept-Encoding
      x-content-type-options:
      - nosniff
      x-ms-ratelimit-remaining-resource:
      - Microsoft.Compute/LowCostGet3Min;3956,Microsoft.Compute/LowCostGet30Min;31638
    status:
      code: 200
      message: OK
- request:
    body: null
    headers:
      Accept:
      - application/json
      Accept-Encoding:
      - gzip, deflate
      CommandName:
      - vm identity show
      Connection:
      - keep-alive
      ParameterSetName:
      - -g -n
      User-Agent:
      - AZURECLI/2.24.0 azsdk-python-azure-mgmt-compute/20.0.0 Python/3.8.0 (Windows-10-10.0.19041-SP0)
    method: GET
    uri: https://management.azure.com/subscriptions/00000000-0000-0000-0000-000000000000/resourceGroups/cli_test_vm_msi000001/providers/Microsoft.Compute/virtualMachines/vm3?api-version=2021-03-01
  response:
    body:
      string: "{\r\n  \"name\": \"vm3\",\r\n  \"id\": \"/subscriptions/00000000-0000-0000-0000-000000000000/resourceGroups/cli_test_vm_msi000001/providers/Microsoft.Compute/virtualMachines/vm3\",\r\n
        \ \"type\": \"Microsoft.Compute/virtualMachines\",\r\n  \"location\": \"westus\",\r\n
        \ \"tags\": {},\r\n  \"properties\": {\r\n    \"vmId\": \"a999ee7e-a680-42ba-983d-f8732a1dd838\",\r\n
        \   \"hardwareProfile\": {\r\n      \"vmSize\": \"Standard_DS1_v2\"\r\n    },\r\n
        \   \"storageProfile\": {\r\n      \"imageReference\": {\r\n        \"publisher\":
        \"Debian\",\r\n        \"offer\": \"debian-10\",\r\n        \"sku\": \"10\",\r\n
        \       \"version\": \"latest\",\r\n        \"exactVersion\": \"0.20210329.591\"\r\n
        \     },\r\n      \"osDisk\": {\r\n        \"osType\": \"Linux\",\r\n        \"name\":
        \"vm3_disk1_0e68279c851441ca96c08a119d10c93a\",\r\n        \"createOption\":
        \"FromImage\",\r\n        \"caching\": \"ReadWrite\",\r\n        \"managedDisk\":
        {\r\n          \"storageAccountType\": \"Premium_LRS\",\r\n          \"id\":
        \"/subscriptions/00000000-0000-0000-0000-000000000000/resourceGroups/cli_test_vm_msi000001/providers/Microsoft.Compute/disks/vm3_disk1_0e68279c851441ca96c08a119d10c93a\"\r\n
        \       },\r\n        \"diskSizeGB\": 30,\r\n        \"deleteOption\": \"Detach\"\r\n
        \     },\r\n      \"dataDisks\": []\r\n    },\r\n    \"osProfile\": {\r\n
        \     \"computerName\": \"vm3\",\r\n      \"adminUsername\": \"admin123\",\r\n
        \     \"linuxConfiguration\": {\r\n        \"disablePasswordAuthentication\":
        false,\r\n        \"provisionVMAgent\": true,\r\n        \"patchSettings\":
        {\r\n          \"patchMode\": \"ImageDefault\",\r\n          \"assessmentMode\":
        \"ImageDefault\"\r\n        }\r\n      },\r\n      \"secrets\": [],\r\n      \"allowExtensionOperations\":
        true,\r\n      \"requireGuestProvisionSignal\": true\r\n    },\r\n    \"networkProfile\":
        {\"networkInterfaces\":[{\"id\":\"/subscriptions/00000000-0000-0000-0000-000000000000/resourceGroups/cli_test_vm_msi000001/providers/Microsoft.Network/networkInterfaces/vm3VMNic\"}]},\r\n
        \   \"provisioningState\": \"Succeeded\"\r\n  }\r\n}"
    headers:
      cache-control:
      - no-cache
      content-length:
      - '2027'
      content-type:
      - application/json; charset=utf-8
      date:
      - Tue, 25 May 2021 08:05:20 GMT
      expires:
      - '-1'
      pragma:
      - no-cache
      server:
      - Microsoft-HTTPAPI/2.0
      - Microsoft-HTTPAPI/2.0
      strict-transport-security:
      - max-age=31536000; includeSubDomains
      transfer-encoding:
      - chunked
      vary:
      - Accept-Encoding
      x-content-type-options:
      - nosniff
      x-ms-ratelimit-remaining-resource:
      - Microsoft.Compute/LowCostGet3Min;3955,Microsoft.Compute/LowCostGet30Min;31637
    status:
      code: 200
      message: OK
version: 1
