interactions:
- request:
    body: null
    headers:
      Accept:
      - application/json
      Accept-Encoding:
      - gzip, deflate
      CommandName:
      - vm create
      Connection:
      - keep-alive
      ParameterSetName:
      - -g -n --image --use-unmanaged-disk --admin-username --admin-password --authentication-type
      User-Agent:
      - python/3.6.5 (Windows-10-10.0.17134-SP0) msrest/0.6.10 msrest_azure/0.6.2
        azure-mgmt-resource/4.0.0 Azure-SDK-For-Python AZURECLI/2.0.74
      accept-language:
      - en-US
    method: GET
    uri: https://management.azure.com/subscriptions/00000000-0000-0000-0000-000000000000/resourcegroups/cli_test_vm_custom_image_conflict000001?api-version=2019-07-01
  response:
    body:
      string: '{"id":"/subscriptions/00000000-0000-0000-0000-000000000000/resourceGroups/cli_test_vm_custom_image_conflict000001","name":"cli_test_vm_custom_image_conflict000001","type":"Microsoft.Resources/resourceGroups","location":"westus","tags":{"product":"azurecli","cause":"automation","date":"2019-10-12T22:53:10Z"},"properties":{"provisioningState":"Succeeded"}}'
    headers:
      cache-control:
      - no-cache
      content-length:
      - '428'
      content-type:
      - application/json; charset=utf-8
      date:
      - Sat, 12 Oct 2019 22:53:11 GMT
      expires:
      - '-1'
      pragma:
      - no-cache
      strict-transport-security:
      - max-age=31536000; includeSubDomains
      vary:
      - Accept-Encoding
      x-content-type-options:
      - nosniff
    status:
      code: 200
      message: OK
- request:
    body: null
    headers:
      Accept:
      - '*/*'
      Accept-Encoding:
      - gzip, deflate
      Connection:
      - keep-alive
      User-Agent:
      - python-requests/2.22.0
    method: GET
    uri: https://raw.githubusercontent.com/Azure/azure-rest-api-specs/master/arm-compute/quickstart-templates/aliases.json
  response:
    body:
      string: "{\n  \"$schema\": \"http://schema.management.azure.com/schemas/2015-01-01/deploymentTemplate.json\",\n
        \ \"contentVersion\": \"1.0.0.0\",\n  \"parameters\": {},\n  \"variables\":
        {},\n  \"resources\": [],\n  \"outputs\": {\n    \"aliases\": {\n      \"type\":
        \"object\",\n      \"value\": {\n        \"Linux\": {\n          \"CentOS\":
        {\n            \"publisher\": \"OpenLogic\",\n            \"offer\": \"CentOS\",\n
        \           \"sku\": \"7.5\",\n            \"version\": \"latest\"\n          },\n
        \         \"CoreOS\": {\n            \"publisher\": \"CoreOS\",\n            \"offer\":
        \"CoreOS\",\n            \"sku\": \"Stable\",\n            \"version\": \"latest\"\n
        \         },\n          \"Debian\": {\n            \"publisher\": \"Debian\",\n
        \           \"offer\": \"debian-10\",\n            \"sku\": \"10\",\n            \"version\":
        \"latest\"\n          },\n          \"openSUSE-Leap\": {\n            \"publisher\":
        \"SUSE\",\n            \"offer\": \"openSUSE-Leap\",\n            \"sku\":
        \"42.3\",\n            \"version\": \"latest\"\n          },\n          \"RHEL\":
        {\n            \"publisher\": \"RedHat\",\n            \"offer\": \"RHEL\",\n
        \           \"sku\": \"7-LVM\",\n            \"version\": \"latest\"\n          },\n
        \         \"SLES\": {\n            \"publisher\": \"SUSE\",\n            \"offer\":
        \"SLES\",\n            \"sku\": \"15\",\n            \"version\": \"latest\"\n
        \         },\n          \"UbuntuLTS\": {\n            \"publisher\": \"Canonical\",\n
        \           \"offer\": \"UbuntuServer\",\n            \"sku\": \"18.04-LTS\",\n
        \           \"version\": \"latest\"\n          }\n        },\n        \"Windows\":
        {\n          \"Win2019Datacenter\": {\n            \"publisher\": \"MicrosoftWindowsServer\",\n
        \           \"offer\": \"WindowsServer\",\n            \"sku\": \"2019-Datacenter\",\n
        \           \"version\": \"latest\"\n          },\n          \"Win2016Datacenter\":
        {\n            \"publisher\": \"MicrosoftWindowsServer\",\n            \"offer\":
        \"WindowsServer\",\n            \"sku\": \"2016-Datacenter\",\n            \"version\":
        \"latest\"\n          },\n          \"Win2012R2Datacenter\": {\n            \"publisher\":
        \"MicrosoftWindowsServer\",\n            \"offer\": \"WindowsServer\",\n            \"sku\":
        \"2012-R2-Datacenter\",\n            \"version\": \"latest\"\n          },\n
        \         \"Win2012Datacenter\": {\n            \"publisher\": \"MicrosoftWindowsServer\",\n
        \           \"offer\": \"WindowsServer\",\n            \"sku\": \"2012-Datacenter\",\n
        \           \"version\": \"latest\"\n          },\n          \"Win2008R2SP1\":
        {\n            \"publisher\": \"MicrosoftWindowsServer\",\n            \"offer\":
        \"WindowsServer\",\n            \"sku\": \"2008-R2-SP1\",\n            \"version\":
        \"latest\"\n          }\n        }\n      }\n    }\n  }\n}\n"
    headers:
      accept-ranges:
      - bytes
      access-control-allow-origin:
      - '*'
      cache-control:
      - max-age=300
      connection:
      - keep-alive
      content-length:
      - '2501'
      content-security-policy:
      - default-src 'none'; style-src 'unsafe-inline'; sandbox
      content-type:
      - text/plain; charset=utf-8
      date:
      - Sat, 12 Oct 2019 22:53:12 GMT
      etag:
      - '"5d5b1214d514a7d1af3a6606ac1a74d9cadc7bb5"'
      expires:
      - Sat, 12 Oct 2019 22:58:12 GMT
      source-age:
      - '126'
      strict-transport-security:
      - max-age=31536000
      vary:
      - Authorization,Accept-Encoding
      via:
      - 1.1 varnish
      x-cache:
      - HIT
      x-cache-hits:
      - '1'
      x-content-type-options:
      - nosniff
      x-fastly-request-id:
      - e0bcbaed9475eae88f52e87aa28c7b48d546f867
      x-frame-options:
      - deny
      x-geo-block-list:
      - ''
      x-github-request-id:
      - 90EA:7801:3ADD60:450DFF:5DA258DA
      x-served-by:
      - cache-sjc3121-SJC
      x-timer:
      - S1570920793.573351,VS0,VE1
      x-xss-protection:
      - 1; mode=block
    status:
      code: 200
      message: OK
- request:
    body: null
    headers:
      Accept:
      - application/json
      Accept-Encoding:
      - gzip, deflate
      CommandName:
      - vm create
      Connection:
      - keep-alive
      ParameterSetName:
      - -g -n --image --use-unmanaged-disk --admin-username --admin-password --authentication-type
      User-Agent:
      - python/3.6.5 (Windows-10-10.0.17134-SP0) msrest/0.6.10 msrest_azure/0.6.2
        azure-mgmt-storage/4.0.0 Azure-SDK-For-Python AZURECLI/2.0.74
      accept-language:
      - en-US
    method: GET
    uri: https://management.azure.com/subscriptions/00000000-0000-0000-0000-000000000000/resourceGroups/cli_test_vm_custom_image_conflict000001/providers/Microsoft.Storage/storageAccounts?api-version=2019-04-01
  response:
    body:
      string: '{"value":[]}'
    headers:
      cache-control:
      - no-cache
      content-length:
      - '12'
      content-type:
      - application/json; charset=utf-8
      date:
      - Sat, 12 Oct 2019 22:53:11 GMT
      expires:
      - '-1'
      pragma:
      - no-cache
      strict-transport-security:
      - max-age=31536000; includeSubDomains
      vary:
      - Accept-Encoding
      x-content-type-options:
      - nosniff
    status:
      code: 200
      message: OK
- request:
    body: null
    headers:
      Accept:
      - application/json
      Accept-Encoding:
      - gzip, deflate
      CommandName:
      - vm create
      Connection:
      - keep-alive
      ParameterSetName:
      - -g -n --image --use-unmanaged-disk --admin-username --admin-password --authentication-type
      User-Agent:
      - python/3.6.5 (Windows-10-10.0.17134-SP0) msrest/0.6.10 msrest_azure/0.6.2
        azure-mgmt-network/4.0.0 Azure-SDK-For-Python AZURECLI/2.0.74
      accept-language:
      - en-US
    method: GET
    uri: https://management.azure.com/subscriptions/00000000-0000-0000-0000-000000000000/resourceGroups/cli_test_vm_custom_image_conflict000001/providers/Microsoft.Network/virtualNetworks?api-version=2018-01-01
  response:
    body:
      string: '{"value":[]}'
    headers:
      cache-control:
      - no-cache
      content-length:
      - '12'
      content-type:
      - application/json; charset=utf-8
      date:
      - Sat, 12 Oct 2019 22:53:12 GMT
      expires:
      - '-1'
      pragma:
      - no-cache
      strict-transport-security:
      - max-age=31536000; includeSubDomains
      vary:
      - Accept-Encoding
      x-content-type-options:
      - nosniff
    status:
      code: 200
      message: OK
- request:
    body: 'b''{"properties": {"template": {"$schema": "https://schema.management.azure.com/schemas/2015-01-01/deploymentTemplate.json#",
      "contentVersion": "1.0.0.0", "parameters": {"adminPassword": {"type": "securestring",
      "metadata": {"description": "Secure adminPassword"}}}, "variables": {}, "resources":
      [{"type": "Microsoft.Storage/storageAccounts", "name": "vhdstorage143638bf08dfa6",
      "apiVersion": "2015-06-15", "location": "westus", "tags": {}, "dependsOn": [],
      "properties": {"accountType": "Premium_LRS"}}, {"name": "test-vmVNET", "type":
      "Microsoft.Network/virtualNetworks", "location": "westus", "apiVersion": "2015-06-15",
      "dependsOn": [], "tags": {}, "properties": {"addressSpace": {"addressPrefixes":
      ["10.0.0.0/16"]}, "subnets": [{"name": "test-vmSubnet", "properties": {"addressPrefix":
      "10.0.0.0/24"}}]}}, {"type": "Microsoft.Network/networkSecurityGroups", "name":
      "test-vmNSG", "apiVersion": "2015-06-15", "location": "westus", "tags": {},
      "dependsOn": [], "properties": {"securityRules": [{"name": "default-allow-ssh",
      "properties": {"protocol": "Tcp", "sourcePortRange": "*", "destinationPortRange":
      "22", "sourceAddressPrefix": "*", "destinationAddressPrefix": "*", "access":
      "Allow", "priority": 1000, "direction": "Inbound"}}]}}, {"apiVersion": "2018-01-01",
      "type": "Microsoft.Network/publicIPAddresses", "name": "test-vmPublicIP", "location":
      "westus", "tags": {}, "dependsOn": [], "properties": {"publicIPAllocationMethod":
      null}}, {"apiVersion": "2015-06-15", "type": "Microsoft.Network/networkInterfaces",
      "name": "test-vmVMNic", "location": "westus", "tags": {}, "dependsOn": ["Microsoft.Network/virtualNetworks/test-vmVNET",
      "Microsoft.Network/networkSecurityGroups/test-vmNSG", "Microsoft.Network/publicIpAddresses/test-vmPublicIP"],
      "properties": {"ipConfigurations": [{"name": "ipconfigtest-vm", "properties":
      {"privateIPAllocationMethod": "Dynamic", "subnet": {"id": "/subscriptions/00000000-0000-0000-0000-000000000000/resourceGroups/cli_test_vm_custom_image_conflict000001/providers/Microsoft.Network/virtualNetworks/test-vmVNET/subnets/test-vmSubnet"},
      "publicIPAddress": {"id": "/subscriptions/00000000-0000-0000-0000-000000000000/resourceGroups/cli_test_vm_custom_image_conflict000001/providers/Microsoft.Network/publicIPAddresses/test-vmPublicIP"}}}],
      "networkSecurityGroup": {"id": "/subscriptions/00000000-0000-0000-0000-000000000000/resourceGroups/cli_test_vm_custom_image_conflict000001/providers/Microsoft.Network/networkSecurityGroups/test-vmNSG"}}},
      {"apiVersion": "2019-03-01", "type": "Microsoft.Compute/virtualMachines", "name":
      "test-vm", "location": "westus", "tags": {}, "dependsOn": ["Microsoft.Storage/storageAccounts/vhdstorage143638bf08dfa6",
      "Microsoft.Network/networkInterfaces/test-vmVMNic"], "properties": {"hardwareProfile":
      {"vmSize": "Standard_DS1_v2"}, "networkProfile": {"networkInterfaces": [{"id":
      "/subscriptions/00000000-0000-0000-0000-000000000000/resourceGroups/cli_test_vm_custom_image_conflict000001/providers/Microsoft.Network/networkInterfaces/test-vmVMNic"}]},
      "storageProfile": {"osDisk": {"createOption": "fromImage", "name": "osdisk_143638bf08",
      "caching": "ReadWrite", "vhd": {"uri": "https://vhdstorage143638bf08dfa6.blob.core.windows.net/vhds/osdisk_143638bf08.vhd"}},
      "imageReference": {"publisher": "Debian", "offer": "debian-10", "sku": "10",
      "version": "latest"}}, "osProfile": {"computerName": "test-vm", "adminUsername":
      "ubuntu", "adminPassword": "[parameters(\''adminPassword\'')]"}}}], "outputs":
      {}}, "parameters": {"adminPassword": {"value": "testPassword0"}}, "mode": "Incremental"}}'''
    headers:
      Accept:
      - application/json
      Accept-Encoding:
      - gzip, deflate
      CommandName:
      - vm create
      Connection:
      - keep-alive
      Content-Length:
      - '3706'
      Content-Type:
      - application/json; charset=utf-8
      ParameterSetName:
      - -g -n --image --use-unmanaged-disk --admin-username --admin-password --authentication-type
      User-Agent:
      - python/3.6.5 (Windows-10-10.0.17134-SP0) msrest/0.6.10 msrest_azure/0.6.2
        azure-mgmt-resource/4.0.0 Azure-SDK-For-Python AZURECLI/2.0.74
      accept-language:
      - en-US
    method: PUT
    uri: https://management.azure.com/subscriptions/00000000-0000-0000-0000-000000000000/resourcegroups/cli_test_vm_custom_image_conflict000001/providers/Microsoft.Resources/deployments/mock-deployment?api-version=2019-07-01
  response:
    body:
      string: '{"id":"/subscriptions/00000000-0000-0000-0000-000000000000/resourceGroups/cli_test_vm_custom_image_conflict000001/providers/Microsoft.Resources/deployments/vm_deploy_nJ75xXirAmaRT2qU5gXXDoRRbSOz2dJZ","name":"vm_deploy_nJ75xXirAmaRT2qU5gXXDoRRbSOz2dJZ","type":"Microsoft.Resources/deployments","properties":{"templateHash":"7013019880174556552","parameters":{"adminPassword":{"type":"SecureString"}},"mode":"Incremental","provisioningState":"Accepted","timestamp":"2019-10-12T22:53:13.4686144Z","duration":"PT0.4779662S","correlationId":"04c68d42-d272-49ef-b4d4-195f6d6cd5cf","providers":[{"namespace":"Microsoft.Storage","resourceTypes":[{"resourceType":"storageAccounts","locations":["westus"]}]},{"namespace":"Microsoft.Network","resourceTypes":[{"resourceType":"virtualNetworks","locations":["westus"]},{"resourceType":"networkSecurityGroups","locations":["westus"]},{"resourceType":"publicIPAddresses","locations":["westus"]},{"resourceType":"networkInterfaces","locations":["westus"]}]},{"namespace":"Microsoft.Compute","resourceTypes":[{"resourceType":"virtualMachines","locations":["westus"]}]}],"dependencies":[{"dependsOn":[{"id":"/subscriptions/00000000-0000-0000-0000-000000000000/resourceGroups/cli_test_vm_custom_image_conflict000001/providers/Microsoft.Network/virtualNetworks/test-vmVNET","resourceType":"Microsoft.Network/virtualNetworks","resourceName":"test-vmVNET"},{"id":"/subscriptions/00000000-0000-0000-0000-000000000000/resourceGroups/cli_test_vm_custom_image_conflict000001/providers/Microsoft.Network/networkSecurityGroups/test-vmNSG","resourceType":"Microsoft.Network/networkSecurityGroups","resourceName":"test-vmNSG"},{"id":"/subscriptions/00000000-0000-0000-0000-000000000000/resourceGroups/cli_test_vm_custom_image_conflict000001/providers/Microsoft.Network/publicIPAddresses/test-vmPublicIP","resourceType":"Microsoft.Network/publicIPAddresses","resourceName":"test-vmPublicIP"}],"id":"/subscriptions/00000000-0000-0000-0000-000000000000/resourceGroups/cli_test_vm_custom_image_conflict000001/providers/Microsoft.Network/networkInterfaces/test-vmVMNic","resourceType":"Microsoft.Network/networkInterfaces","resourceName":"test-vmVMNic"},{"dependsOn":[{"id":"/subscriptions/00000000-0000-0000-0000-000000000000/resourceGroups/cli_test_vm_custom_image_conflict000001/providers/Microsoft.Storage/storageAccounts/vhdstorage143638bf08dfa6","resourceType":"Microsoft.Storage/storageAccounts","resourceName":"vhdstorage143638bf08dfa6"},{"id":"/subscriptions/00000000-0000-0000-0000-000000000000/resourceGroups/cli_test_vm_custom_image_conflict000001/providers/Microsoft.Network/networkInterfaces/test-vmVMNic","resourceType":"Microsoft.Network/networkInterfaces","resourceName":"test-vmVMNic"}],"id":"/subscriptions/00000000-0000-0000-0000-000000000000/resourceGroups/cli_test_vm_custom_image_conflict000001/providers/Microsoft.Compute/virtualMachines/test-vm","resourceType":"Microsoft.Compute/virtualMachines","resourceName":"test-vm"}]}}'
    headers:
      azure-asyncoperation:
      - https://management.azure.com/subscriptions/00000000-0000-0000-0000-000000000000/resourcegroups/cli_test_vm_custom_image_conflict000001/providers/Microsoft.Resources/deployments/vm_deploy_nJ75xXirAmaRT2qU5gXXDoRRbSOz2dJZ/operationStatuses/08586306860924869944?api-version=2019-07-01
      cache-control:
      - no-cache
      content-length:
      - '3253'
      content-type:
      - application/json; charset=utf-8
      date:
      - Sat, 12 Oct 2019 22:53:13 GMT
      expires:
      - '-1'
      pragma:
      - no-cache
      strict-transport-security:
      - max-age=31536000; includeSubDomains
      x-content-type-options:
      - nosniff
      x-ms-ratelimit-remaining-subscription-writes:
      - '1198'
    status:
      code: 201
      message: Created
- request:
    body: null
    headers:
      Accept:
      - application/json
      Accept-Encoding:
      - gzip, deflate
      CommandName:
      - vm create
      Connection:
      - keep-alive
      ParameterSetName:
      - -g -n --image --use-unmanaged-disk --admin-username --admin-password --authentication-type
      User-Agent:
      - python/3.6.5 (Windows-10-10.0.17134-SP0) msrest/0.6.10 msrest_azure/0.6.2
        azure-mgmt-resource/4.0.0 Azure-SDK-For-Python AZURECLI/2.0.74
    method: GET
    uri: https://management.azure.com/subscriptions/00000000-0000-0000-0000-000000000000/resourcegroups/cli_test_vm_custom_image_conflict000001/providers/Microsoft.Resources/deployments/mock-deployment/operationStatuses/08586306860924869944?api-version=2019-07-01
  response:
    body:
      string: '{"status":"Running"}'
    headers:
      cache-control:
      - no-cache
      content-length:
      - '20'
      content-type:
      - application/json; charset=utf-8
      date:
      - Sat, 12 Oct 2019 22:53:42 GMT
      expires:
      - '-1'
      pragma:
      - no-cache
      strict-transport-security:
      - max-age=31536000; includeSubDomains
      vary:
      - Accept-Encoding
      x-content-type-options:
      - nosniff
    status:
      code: 200
      message: OK
- request:
    body: null
    headers:
      Accept:
      - application/json
      Accept-Encoding:
      - gzip, deflate
      CommandName:
      - vm create
      Connection:
      - keep-alive
      ParameterSetName:
      - -g -n --image --use-unmanaged-disk --admin-username --admin-password --authentication-type
      User-Agent:
      - python/3.6.5 (Windows-10-10.0.17134-SP0) msrest/0.6.10 msrest_azure/0.6.2
        azure-mgmt-resource/4.0.0 Azure-SDK-For-Python AZURECLI/2.0.74
    method: GET
    uri: https://management.azure.com/subscriptions/00000000-0000-0000-0000-000000000000/resourcegroups/cli_test_vm_custom_image_conflict000001/providers/Microsoft.Resources/deployments/mock-deployment/operationStatuses/08586306860924869944?api-version=2019-07-01
  response:
    body:
      string: '{"status":"Running"}'
    headers:
      cache-control:
      - no-cache
      content-length:
      - '20'
      content-type:
      - application/json; charset=utf-8
      date:
      - Sat, 12 Oct 2019 22:54:13 GMT
      expires:
      - '-1'
      pragma:
      - no-cache
      strict-transport-security:
      - max-age=31536000; includeSubDomains
      vary:
      - Accept-Encoding
      x-content-type-options:
      - nosniff
    status:
      code: 200
      message: OK
- request:
    body: null
    headers:
      Accept:
      - application/json
      Accept-Encoding:
      - gzip, deflate
      CommandName:
      - vm create
      Connection:
      - keep-alive
      ParameterSetName:
      - -g -n --image --use-unmanaged-disk --admin-username --admin-password --authentication-type
      User-Agent:
      - python/3.6.5 (Windows-10-10.0.17134-SP0) msrest/0.6.10 msrest_azure/0.6.2
        azure-mgmt-resource/4.0.0 Azure-SDK-For-Python AZURECLI/2.0.74
    method: GET
    uri: https://management.azure.com/subscriptions/00000000-0000-0000-0000-000000000000/resourcegroups/cli_test_vm_custom_image_conflict000001/providers/Microsoft.Resources/deployments/mock-deployment/operationStatuses/08586306860924869944?api-version=2019-07-01
  response:
    body:
      string: '{"status":"Running"}'
    headers:
      cache-control:
      - no-cache
      content-length:
      - '20'
      content-type:
      - application/json; charset=utf-8
      date:
      - Sat, 12 Oct 2019 22:54:42 GMT
      expires:
      - '-1'
      pragma:
      - no-cache
      strict-transport-security:
      - max-age=31536000; includeSubDomains
      vary:
      - Accept-Encoding
      x-content-type-options:
      - nosniff
    status:
      code: 200
      message: OK
- request:
    body: null
    headers:
      Accept:
      - application/json
      Accept-Encoding:
      - gzip, deflate
      CommandName:
      - vm create
      Connection:
      - keep-alive
      ParameterSetName:
      - -g -n --image --use-unmanaged-disk --admin-username --admin-password --authentication-type
      User-Agent:
      - python/3.6.5 (Windows-10-10.0.17134-SP0) msrest/0.6.10 msrest_azure/0.6.2
        azure-mgmt-resource/4.0.0 Azure-SDK-For-Python AZURECLI/2.0.74
    method: GET
    uri: https://management.azure.com/subscriptions/00000000-0000-0000-0000-000000000000/resourcegroups/cli_test_vm_custom_image_conflict000001/providers/Microsoft.Resources/deployments/mock-deployment/operationStatuses/08586306860924869944?api-version=2019-07-01
  response:
    body:
      string: '{"status":"Succeeded"}'
    headers:
      cache-control:
      - no-cache
      content-length:
      - '22'
      content-type:
      - application/json; charset=utf-8
      date:
      - Sat, 12 Oct 2019 22:55:13 GMT
      expires:
      - '-1'
      pragma:
      - no-cache
      strict-transport-security:
      - max-age=31536000; includeSubDomains
      vary:
      - Accept-Encoding
      x-content-type-options:
      - nosniff
    status:
      code: 200
      message: OK
- request:
    body: null
    headers:
      Accept:
      - application/json
      Accept-Encoding:
      - gzip, deflate
      CommandName:
      - vm create
      Connection:
      - keep-alive
      ParameterSetName:
      - -g -n --image --use-unmanaged-disk --admin-username --admin-password --authentication-type
      User-Agent:
      - python/3.6.5 (Windows-10-10.0.17134-SP0) msrest/0.6.10 msrest_azure/0.6.2
        azure-mgmt-resource/4.0.0 Azure-SDK-For-Python AZURECLI/2.0.74
    method: GET
    uri: https://management.azure.com/subscriptions/00000000-0000-0000-0000-000000000000/resourcegroups/cli_test_vm_custom_image_conflict000001/providers/Microsoft.Resources/deployments/mock-deployment?api-version=2019-07-01
  response:
    body:
      string: '{"id":"/subscriptions/00000000-0000-0000-0000-000000000000/resourceGroups/cli_test_vm_custom_image_conflict000001/providers/Microsoft.Resources/deployments/vm_deploy_nJ75xXirAmaRT2qU5gXXDoRRbSOz2dJZ","name":"vm_deploy_nJ75xXirAmaRT2qU5gXXDoRRbSOz2dJZ","type":"Microsoft.Resources/deployments","properties":{"templateHash":"7013019880174556552","parameters":{"adminPassword":{"type":"SecureString"}},"mode":"Incremental","provisioningState":"Succeeded","timestamp":"2019-10-12T22:54:52.1216101Z","duration":"PT1M39.1309619S","correlationId":"04c68d42-d272-49ef-b4d4-195f6d6cd5cf","providers":[{"namespace":"Microsoft.Storage","resourceTypes":[{"resourceType":"storageAccounts","locations":["westus"]}]},{"namespace":"Microsoft.Network","resourceTypes":[{"resourceType":"virtualNetworks","locations":["westus"]},{"resourceType":"networkSecurityGroups","locations":["westus"]},{"resourceType":"publicIPAddresses","locations":["westus"]},{"resourceType":"networkInterfaces","locations":["westus"]}]},{"namespace":"Microsoft.Compute","resourceTypes":[{"resourceType":"virtualMachines","locations":["westus"]}]}],"dependencies":[{"dependsOn":[{"id":"/subscriptions/00000000-0000-0000-0000-000000000000/resourceGroups/cli_test_vm_custom_image_conflict000001/providers/Microsoft.Network/virtualNetworks/test-vmVNET","resourceType":"Microsoft.Network/virtualNetworks","resourceName":"test-vmVNET"},{"id":"/subscriptions/00000000-0000-0000-0000-000000000000/resourceGroups/cli_test_vm_custom_image_conflict000001/providers/Microsoft.Network/networkSecurityGroups/test-vmNSG","resourceType":"Microsoft.Network/networkSecurityGroups","resourceName":"test-vmNSG"},{"id":"/subscriptions/00000000-0000-0000-0000-000000000000/resourceGroups/cli_test_vm_custom_image_conflict000001/providers/Microsoft.Network/publicIPAddresses/test-vmPublicIP","resourceType":"Microsoft.Network/publicIPAddresses","resourceName":"test-vmPublicIP"}],"id":"/subscriptions/00000000-0000-0000-0000-000000000000/resourceGroups/cli_test_vm_custom_image_conflict000001/providers/Microsoft.Network/networkInterfaces/test-vmVMNic","resourceType":"Microsoft.Network/networkInterfaces","resourceName":"test-vmVMNic"},{"dependsOn":[{"id":"/subscriptions/00000000-0000-0000-0000-000000000000/resourceGroups/cli_test_vm_custom_image_conflict000001/providers/Microsoft.Storage/storageAccounts/vhdstorage143638bf08dfa6","resourceType":"Microsoft.Storage/storageAccounts","resourceName":"vhdstorage143638bf08dfa6"},{"id":"/subscriptions/00000000-0000-0000-0000-000000000000/resourceGroups/cli_test_vm_custom_image_conflict000001/providers/Microsoft.Network/networkInterfaces/test-vmVMNic","resourceType":"Microsoft.Network/networkInterfaces","resourceName":"test-vmVMNic"}],"id":"/subscriptions/00000000-0000-0000-0000-000000000000/resourceGroups/cli_test_vm_custom_image_conflict000001/providers/Microsoft.Compute/virtualMachines/test-vm","resourceType":"Microsoft.Compute/virtualMachines","resourceName":"test-vm"}],"outputs":{},"outputResources":[{"id":"/subscriptions/00000000-0000-0000-0000-000000000000/resourceGroups/cli_test_vm_custom_image_conflict000001/providers/Microsoft.Compute/virtualMachines/test-vm"},{"id":"/subscriptions/00000000-0000-0000-0000-000000000000/resourceGroups/cli_test_vm_custom_image_conflict000001/providers/Microsoft.Network/networkInterfaces/test-vmVMNic"},{"id":"/subscriptions/00000000-0000-0000-0000-000000000000/resourceGroups/cli_test_vm_custom_image_conflict000001/providers/Microsoft.Network/networkSecurityGroups/test-vmNSG"},{"id":"/subscriptions/00000000-0000-0000-0000-000000000000/resourceGroups/cli_test_vm_custom_image_conflict000001/providers/Microsoft.Network/publicIPAddresses/test-vmPublicIP"},{"id":"/subscriptions/00000000-0000-0000-0000-000000000000/resourceGroups/cli_test_vm_custom_image_conflict000001/providers/Microsoft.Network/virtualNetworks/test-vmVNET"},{"id":"/subscriptions/00000000-0000-0000-0000-000000000000/resourceGroups/cli_test_vm_custom_image_conflict000001/providers/Microsoft.Storage/storageAccounts/vhdstorage143638bf08dfa6"}]}}'
    headers:
      cache-control:
      - no-cache
      content-length:
      - '4561'
      content-type:
      - application/json; charset=utf-8
      date:
      - Sat, 12 Oct 2019 22:55:13 GMT
      expires:
      - '-1'
      pragma:
      - no-cache
      strict-transport-security:
      - max-age=31536000; includeSubDomains
      vary:
      - Accept-Encoding
      x-content-type-options:
      - nosniff
    status:
      code: 200
      message: OK
- request:
    body: null
    headers:
      Accept:
      - application/json
      Accept-Encoding:
      - gzip, deflate
      CommandName:
      - vm create
      Connection:
      - keep-alive
      ParameterSetName:
      - -g -n --image --use-unmanaged-disk --admin-username --admin-password --authentication-type
      User-Agent:
      - python/3.6.5 (Windows-10-10.0.17134-SP0) msrest/0.6.10 msrest_azure/0.6.2
        azure-mgmt-compute/8.0.0 Azure-SDK-For-Python AZURECLI/2.0.74
      accept-language:
      - en-US
    method: GET
    uri: https://management.azure.com/subscriptions/00000000-0000-0000-0000-000000000000/resourceGroups/cli_test_vm_custom_image_conflict000001/providers/Microsoft.Compute/virtualMachines/test-vm?$expand=instanceView&api-version=2019-03-01
  response:
    body:
      string: "{\r\n  \"name\": \"test-vm\",\r\n  \"id\": \"/subscriptions/00000000-0000-0000-0000-000000000000/resourceGroups/cli_test_vm_custom_image_conflict000001/providers/Microsoft.Compute/virtualMachines/test-vm\",\r\n
        \ \"type\": \"Microsoft.Compute/virtualMachines\",\r\n  \"location\": \"westus\",\r\n
        \ \"tags\": {},\r\n  \"properties\": {\r\n    \"vmId\": \"3c9a2c5b-aa1c-4c47-9b03-560386bf2d26\",\r\n
        \   \"hardwareProfile\": {\r\n      \"vmSize\": \"Standard_DS1_v2\"\r\n    },\r\n
        \   \"storageProfile\": {\r\n      \"imageReference\": {\r\n        \"publisher\":
        \"Debian\",\r\n        \"offer\": \"debian-10\",\r\n        \"sku\": \"10\",\r\n
        \       \"version\": \"latest\"\r\n      },\r\n      \"osDisk\": {\r\n        \"osType\":
        \"Linux\",\r\n        \"name\": \"osdisk_143638bf08\",\r\n        \"createOption\":
        \"FromImage\",\r\n        \"vhd\": {\r\n          \"uri\": \"https://vhdstorage143638bf08dfa6.blob.core.windows.net/vhds/osdisk_143638bf08.vhd\"\r\n
        \       },\r\n        \"caching\": \"ReadWrite\",\r\n        \"diskSizeGB\":
        30\r\n      },\r\n      \"dataDisks\": []\r\n    },\r\n    \"osProfile\":
        {\r\n      \"computerName\": \"test-vm\",\r\n      \"adminUsername\": \"ubuntu\",\r\n
        \     \"linuxConfiguration\": {\r\n        \"disablePasswordAuthentication\":
        false,\r\n        \"provisionVMAgent\": true\r\n      },\r\n      \"secrets\":
        [],\r\n      \"allowExtensionOperations\": true,\r\n      \"requireGuestProvisionSignal\":
        true\r\n    },\r\n    \"networkProfile\": {\"networkInterfaces\":[{\"id\":\"/subscriptions/00000000-0000-0000-0000-000000000000/resourceGroups/cli_test_vm_custom_image_conflict000001/providers/Microsoft.Network/networkInterfaces/test-vmVMNic\"}]},\r\n
        \   \"provisioningState\": \"Succeeded\",\r\n    \"instanceView\": {\r\n      \"computerName\":
        \"test-vm\",\r\n      \"osName\": \"debian\",\r\n      \"osVersion\": \"10.1\",\r\n
        \     \"vmAgent\": {\r\n        \"vmAgentVersion\": \"2.2.34\",\r\n        \"statuses\":
        [\r\n          {\r\n            \"code\": \"ProvisioningState/succeeded\",\r\n
        \           \"level\": \"Info\",\r\n            \"displayStatus\": \"Ready\",\r\n
        \           \"message\": \"Guest Agent is running\",\r\n            \"time\":
        \"2019-10-12T22:55:13+00:00\"\r\n          }\r\n        ],\r\n        \"extensionHandlers\":
        []\r\n      },\r\n      \"disks\": [\r\n        {\r\n          \"name\": \"osdisk_143638bf08\",\r\n
        \         \"statuses\": [\r\n            {\r\n              \"code\": \"ProvisioningState/succeeded\",\r\n
        \             \"level\": \"Info\",\r\n              \"displayStatus\": \"Provisioning
        succeeded\",\r\n              \"time\": \"2019-10-12T22:54:12.4653871+00:00\"\r\n
        \           }\r\n          ]\r\n        }\r\n      ],\r\n      \"hyperVGeneration\":
        \"V1\",\r\n      \"statuses\": [\r\n        {\r\n          \"code\": \"ProvisioningState/succeeded\",\r\n
        \         \"level\": \"Info\",\r\n          \"displayStatus\": \"Provisioning
        succeeded\",\r\n          \"time\": \"2019-10-12T22:54:51.5765169+00:00\"\r\n
        \       },\r\n        {\r\n          \"code\": \"PowerState/running\",\r\n
        \         \"level\": \"Info\",\r\n          \"displayStatus\": \"VM running\"\r\n
        \       }\r\n      ]\r\n    }\r\n  }\r\n}"
    headers:
      cache-control:
      - no-cache
      content-length:
      - '2888'
      content-type:
      - application/json; charset=utf-8
      date:
      - Sat, 12 Oct 2019 22:55:13 GMT
      expires:
      - '-1'
      pragma:
      - no-cache
      server:
      - Microsoft-HTTPAPI/2.0
      - Microsoft-HTTPAPI/2.0
      strict-transport-security:
      - max-age=31536000; includeSubDomains
      transfer-encoding:
      - chunked
      vary:
      - Accept-Encoding
      x-content-type-options:
      - nosniff
      x-ms-ratelimit-remaining-resource:
      - Microsoft.Compute/LowCostGet3Min;3989,Microsoft.Compute/LowCostGet30Min;31896
    status:
      code: 200
      message: OK
- request:
    body: null
    headers:
      Accept:
      - application/json
      Accept-Encoding:
      - gzip, deflate
      CommandName:
      - vm create
      Connection:
      - keep-alive
      ParameterSetName:
      - -g -n --image --use-unmanaged-disk --admin-username --admin-password --authentication-type
      User-Agent:
      - python/3.6.5 (Windows-10-10.0.17134-SP0) msrest/0.6.10 msrest_azure/0.6.2
        azure-mgmt-network/4.0.0 Azure-SDK-For-Python AZURECLI/2.0.74
      accept-language:
      - en-US
    method: GET
    uri: https://management.azure.com/subscriptions/00000000-0000-0000-0000-000000000000/resourceGroups/cli_test_vm_custom_image_conflict000001/providers/Microsoft.Network/networkInterfaces/test-vmVMNic?api-version=2018-01-01
  response:
    body:
      string: "{\r\n  \"name\": \"test-vmVMNic\",\r\n  \"id\": \"/subscriptions/00000000-0000-0000-0000-000000000000/resourceGroups/cli_test_vm_custom_image_conflict000001/providers/Microsoft.Network/networkInterfaces/test-vmVMNic\",\r\n
        \ \"etag\": \"W/\\\"64e763fa-4ed7-45c3-a948-91f21228f93f\\\"\",\r\n  \"location\":
        \"westus\",\r\n  \"tags\": {},\r\n  \"properties\": {\r\n    \"provisioningState\":
        \"Succeeded\",\r\n    \"resourceGuid\": \"c9cb06b8-68ac-4ab7-9fc9-efdd501ad774\",\r\n
        \   \"ipConfigurations\": [\r\n      {\r\n        \"name\": \"ipconfigtest-vm\",\r\n
        \       \"id\": \"/subscriptions/00000000-0000-0000-0000-000000000000/resourceGroups/cli_test_vm_custom_image_conflict000001/providers/Microsoft.Network/networkInterfaces/test-vmVMNic/ipConfigurations/ipconfigtest-vm\",\r\n
        \       \"etag\": \"W/\\\"64e763fa-4ed7-45c3-a948-91f21228f93f\\\"\",\r\n
        \       \"type\": \"Microsoft.Network/networkInterfaces/ipConfigurations\",\r\n
        \       \"properties\": {\r\n          \"provisioningState\": \"Succeeded\",\r\n
        \         \"privateIPAddress\": \"10.0.0.4\",\r\n          \"privateIPAllocationMethod\":
        \"Dynamic\",\r\n          \"publicIPAddress\": {\r\n            \"id\": \"/subscriptions/00000000-0000-0000-0000-000000000000/resourceGroups/cli_test_vm_custom_image_conflict000001/providers/Microsoft.Network/publicIPAddresses/test-vmPublicIP\"\r\n
        \         },\r\n          \"subnet\": {\r\n            \"id\": \"/subscriptions/00000000-0000-0000-0000-000000000000/resourceGroups/cli_test_vm_custom_image_conflict000001/providers/Microsoft.Network/virtualNetworks/test-vmVNET/subnets/test-vmSubnet\"\r\n
        \         },\r\n          \"primary\": true,\r\n          \"privateIPAddressVersion\":
        \"IPv4\"\r\n        }\r\n      }\r\n    ],\r\n    \"dnsSettings\": {\r\n      \"dnsServers\":
        [],\r\n      \"appliedDnsServers\": [],\r\n      \"internalDomainNameSuffix\":
        \"cnhsngzcqp3ejek0e35vkmywaf.dx.internal.cloudapp.net\"\r\n    },\r\n    \"macAddress\":
        \"00-0D-3A-36-C2-66\",\r\n    \"enableAcceleratedNetworking\": false,\r\n
        \   \"enableIPForwarding\": false,\r\n    \"networkSecurityGroup\": {\r\n
        \     \"id\": \"/subscriptions/00000000-0000-0000-0000-000000000000/resourceGroups/cli_test_vm_custom_image_conflict000001/providers/Microsoft.Network/networkSecurityGroups/test-vmNSG\"\r\n
        \   },\r\n    \"primary\": true,\r\n    \"virtualMachine\": {\r\n      \"id\":
        \"/subscriptions/00000000-0000-0000-0000-000000000000/resourceGroups/cli_test_vm_custom_image_conflict000001/providers/Microsoft.Compute/virtualMachines/test-vm\"\r\n
        \   }\r\n  },\r\n  \"type\": \"Microsoft.Network/networkInterfaces\"\r\n}"
    headers:
      cache-control:
      - no-cache
      content-length:
      - '2608'
      content-type:
      - application/json; charset=utf-8
      date:
      - Sat, 12 Oct 2019 22:55:14 GMT
      etag:
      - W/"64e763fa-4ed7-45c3-a948-91f21228f93f"
      expires:
      - '-1'
      pragma:
      - no-cache
      server:
      - Microsoft-HTTPAPI/2.0
      - Microsoft-HTTPAPI/2.0
      strict-transport-security:
      - max-age=31536000; includeSubDomains
      transfer-encoding:
      - chunked
      vary:
      - Accept-Encoding
      x-content-type-options:
      - nosniff
      x-ms-arm-service-request-id:
      - 96199609-6339-4503-a2a6-7268763b33a6
    status:
      code: 200
      message: OK
- request:
    body: null
    headers:
      Accept:
      - application/json
      Accept-Encoding:
      - gzip, deflate
      CommandName:
      - vm create
      Connection:
      - keep-alive
      ParameterSetName:
      - -g -n --image --use-unmanaged-disk --admin-username --admin-password --authentication-type
      User-Agent:
      - python/3.6.5 (Windows-10-10.0.17134-SP0) msrest/0.6.10 msrest_azure/0.6.2
        azure-mgmt-network/4.0.0 Azure-SDK-For-Python AZURECLI/2.0.74
      accept-language:
      - en-US
    method: GET
    uri: https://management.azure.com/subscriptions/00000000-0000-0000-0000-000000000000/resourceGroups/cli_test_vm_custom_image_conflict000001/providers/Microsoft.Network/publicIPAddresses/test-vmPublicIP?api-version=2018-01-01
  response:
    body:
      string: "{\r\n  \"name\": \"test-vmPublicIP\",\r\n  \"id\": \"/subscriptions/00000000-0000-0000-0000-000000000000/resourceGroups/cli_test_vm_custom_image_conflict000001/providers/Microsoft.Network/publicIPAddresses/test-vmPublicIP\",\r\n
        \ \"etag\": \"W/\\\"6c9eb6ec-8a62-4178-acf0-9f3d8f5d70e6\\\"\",\r\n  \"location\":
        \"westus\",\r\n  \"tags\": {},\r\n  \"properties\": {\r\n    \"provisioningState\":
        \"Succeeded\",\r\n    \"resourceGuid\": \"e806282a-2132-46eb-a90a-bd4b6fad17ad\",\r\n
        \   \"ipAddress\": \"23.100.42.192\",\r\n    \"publicIPAddressVersion\": \"IPv4\",\r\n
        \   \"publicIPAllocationMethod\": \"Dynamic\",\r\n    \"idleTimeoutInMinutes\":
        4,\r\n    \"ipTags\": [],\r\n    \"ipConfiguration\": {\r\n      \"id\": \"/subscriptions/00000000-0000-0000-0000-000000000000/resourceGroups/cli_test_vm_custom_image_conflict000001/providers/Microsoft.Network/networkInterfaces/test-vmVMNic/ipConfigurations/ipconfigtest-vm\"\r\n
        \   }\r\n  },\r\n  \"type\": \"Microsoft.Network/publicIPAddresses\",\r\n
        \ \"sku\": {\r\n    \"name\": \"Basic\",\r\n    \"tier\": \"Regional\"\r\n
        \ }\r\n}"
    headers:
      cache-control:
      - no-cache
      content-length:
      - '1038'
      content-type:
      - application/json; charset=utf-8
      date:
      - Sat, 12 Oct 2019 22:55:14 GMT
      etag:
      - W/"6c9eb6ec-8a62-4178-acf0-9f3d8f5d70e6"
      expires:
      - '-1'
      pragma:
      - no-cache
      server:
      - Microsoft-HTTPAPI/2.0
      - Microsoft-HTTPAPI/2.0
      strict-transport-security:
      - max-age=31536000; includeSubDomains
      transfer-encoding:
      - chunked
      vary:
      - Accept-Encoding
      x-content-type-options:
      - nosniff
      x-ms-arm-service-request-id:
      - 10c8280b-d4a4-4c83-a52f-3275b66a1530
    status:
      code: 200
      message: OK
- request:
    body: null
    headers:
      Accept:
      - application/json
      Accept-Encoding:
      - gzip, deflate
      CommandName:
      - vm show
      Connection:
      - keep-alive
      ParameterSetName:
      - -g -n
      User-Agent:
      - python/3.6.5 (Windows-10-10.0.17134-SP0) msrest/0.6.10 msrest_azure/0.6.2
        azure-mgmt-compute/8.0.0 Azure-SDK-For-Python AZURECLI/2.0.74
      accept-language:
      - en-US
    method: GET
    uri: https://management.azure.com/subscriptions/00000000-0000-0000-0000-000000000000/resourceGroups/cli_test_vm_custom_image_conflict000001/providers/Microsoft.Compute/virtualMachines/test-vm?api-version=2019-03-01
  response:
    body:
      string: "{\r\n  \"name\": \"test-vm\",\r\n  \"id\": \"/subscriptions/00000000-0000-0000-0000-000000000000/resourceGroups/cli_test_vm_custom_image_conflict000001/providers/Microsoft.Compute/virtualMachines/test-vm\",\r\n
        \ \"type\": \"Microsoft.Compute/virtualMachines\",\r\n  \"location\": \"westus\",\r\n
        \ \"tags\": {},\r\n  \"properties\": {\r\n    \"vmId\": \"3c9a2c5b-aa1c-4c47-9b03-560386bf2d26\",\r\n
        \   \"hardwareProfile\": {\r\n      \"vmSize\": \"Standard_DS1_v2\"\r\n    },\r\n
        \   \"storageProfile\": {\r\n      \"imageReference\": {\r\n        \"publisher\":
        \"Debian\",\r\n        \"offer\": \"debian-10\",\r\n        \"sku\": \"10\",\r\n
        \       \"version\": \"latest\"\r\n      },\r\n      \"osDisk\": {\r\n        \"osType\":
        \"Linux\",\r\n        \"name\": \"osdisk_143638bf08\",\r\n        \"createOption\":
        \"FromImage\",\r\n        \"vhd\": {\r\n          \"uri\": \"https://vhdstorage143638bf08dfa6.blob.core.windows.net/vhds/osdisk_143638bf08.vhd\"\r\n
        \       },\r\n        \"caching\": \"ReadWrite\",\r\n        \"diskSizeGB\":
        30\r\n      },\r\n      \"dataDisks\": []\r\n    },\r\n    \"osProfile\":
        {\r\n      \"computerName\": \"test-vm\",\r\n      \"adminUsername\": \"ubuntu\",\r\n
        \     \"linuxConfiguration\": {\r\n        \"disablePasswordAuthentication\":
        false,\r\n        \"provisionVMAgent\": true\r\n      },\r\n      \"secrets\":
        [],\r\n      \"allowExtensionOperations\": true,\r\n      \"requireGuestProvisionSignal\":
        true\r\n    },\r\n    \"networkProfile\": {\"networkInterfaces\":[{\"id\":\"/subscriptions/00000000-0000-0000-0000-000000000000/resourceGroups/cli_test_vm_custom_image_conflict000001/providers/Microsoft.Network/networkInterfaces/test-vmVMNic\"}]},\r\n
        \   \"provisioningState\": \"Succeeded\"\r\n  }\r\n}"
    headers:
      cache-control:
      - no-cache
      content-length:
      - '1621'
      content-type:
      - application/json; charset=utf-8
      date:
      - Sat, 12 Oct 2019 22:55:14 GMT
      expires:
      - '-1'
      pragma:
      - no-cache
      server:
      - Microsoft-HTTPAPI/2.0
      - Microsoft-HTTPAPI/2.0
      strict-transport-security:
      - max-age=31536000; includeSubDomains
      transfer-encoding:
      - chunked
      vary:
      - Accept-Encoding
      x-content-type-options:
      - nosniff
      x-ms-ratelimit-remaining-resource:
      - Microsoft.Compute/LowCostGet3Min;3988,Microsoft.Compute/LowCostGet30Min;31895
    status:
      code: 200
      message: OK
- request:
    body: null
    headers:
      Accept:
      - application/json
      Accept-Encoding:
      - gzip, deflate
      CommandName:
      - vm stop
      Connection:
      - keep-alive
      Content-Length:
      - '0'
      ParameterSetName:
      - -g -n
      User-Agent:
      - python/3.6.5 (Windows-10-10.0.17134-SP0) msrest/0.6.10 msrest_azure/0.6.2
        azure-mgmt-compute/8.0.0 Azure-SDK-For-Python AZURECLI/2.0.74
      accept-language:
      - en-US
    method: POST
    uri: https://management.azure.com/subscriptions/00000000-0000-0000-0000-000000000000/resourceGroups/cli_test_vm_custom_image_conflict000001/providers/Microsoft.Compute/virtualMachines/test-vm/powerOff?skipShutdown=false&api-version=2019-03-01
  response:
    body:
      string: ''
    headers:
      azure-asyncoperation:
      - https://management.azure.com/subscriptions/00000000-0000-0000-0000-000000000000/providers/Microsoft.Compute/locations/westus/operations/f5632203-c87e-4254-8b1a-a175262c36ec?api-version=2019-03-01
      cache-control:
      - no-cache
      content-length:
      - '0'
      date:
      - Sat, 12 Oct 2019 22:55:15 GMT
      expires:
      - '-1'
      location:
      - https://management.azure.com/subscriptions/00000000-0000-0000-0000-000000000000/providers/Microsoft.Compute/locations/westus/operations/f5632203-c87e-4254-8b1a-a175262c36ec?monitor=true&api-version=2019-03-01
      pragma:
      - no-cache
      server:
      - Microsoft-HTTPAPI/2.0
      - Microsoft-HTTPAPI/2.0
      strict-transport-security:
      - max-age=31536000; includeSubDomains
      x-content-type-options:
      - nosniff
      x-ms-ratelimit-remaining-resource:
      - Microsoft.Compute/UpdateVM3Min;239,Microsoft.Compute/UpdateVM30Min;1192
      x-ms-ratelimit-remaining-subscription-writes:
      - '1198'
    status:
      code: 202
      message: Accepted
- request:
    body: null
    headers:
      Accept:
      - application/json
      Accept-Encoding:
      - gzip, deflate
      CommandName:
      - vm stop
      Connection:
      - keep-alive
      ParameterSetName:
      - -g -n
      User-Agent:
      - python/3.6.5 (Windows-10-10.0.17134-SP0) msrest/0.6.10 msrest_azure/0.6.2
        azure-mgmt-compute/8.0.0 Azure-SDK-For-Python AZURECLI/2.0.74
    method: GET
    uri: https://management.azure.com/subscriptions/00000000-0000-0000-0000-000000000000/providers/Microsoft.Compute/locations/westus/operations/f5632203-c87e-4254-8b1a-a175262c36ec?api-version=2019-03-01
  response:
    body:
      string: "{\r\n  \"startTime\": \"2019-10-12T22:55:16.0618856+00:00\",\r\n  \"endTime\":
        \"2019-10-12T22:55:33.109499+00:00\",\r\n  \"status\": \"Succeeded\",\r\n
        \ \"name\": \"f5632203-c87e-4254-8b1a-a175262c36ec\"\r\n}"
    headers:
      cache-control:
      - no-cache
      content-length:
      - '183'
      content-type:
      - application/json; charset=utf-8
      date:
      - Sat, 12 Oct 2019 22:55:45 GMT
      expires:
      - '-1'
      pragma:
      - no-cache
      server:
      - Microsoft-HTTPAPI/2.0
      - Microsoft-HTTPAPI/2.0
      strict-transport-security:
      - max-age=31536000; includeSubDomains
      transfer-encoding:
      - chunked
      vary:
      - Accept-Encoding
      x-content-type-options:
      - nosniff
      x-ms-ratelimit-remaining-resource:
      - Microsoft.Compute/GetOperation3Min;14969,Microsoft.Compute/GetOperation30Min;29869
    status:
      code: 200
      message: OK
- request:
    body: null
    headers:
      Accept:
      - application/json
      Accept-Encoding:
      - gzip, deflate
      CommandName:
      - disk create
      Connection:
      - keep-alive
      ParameterSetName:
      - -g -n --source --os-type
      User-Agent:
      - python/3.6.5 (Windows-10-10.0.17134-SP0) msrest/0.6.10 msrest_azure/0.6.2
        azure-mgmt-resource/4.0.0 Azure-SDK-For-Python AZURECLI/2.0.74
      accept-language:
      - en-US
    method: GET
    uri: https://management.azure.com/subscriptions/00000000-0000-0000-0000-000000000000/resourcegroups/cli_test_vm_custom_image_conflict000001?api-version=2019-07-01
  response:
    body:
      string: '{"id":"/subscriptions/00000000-0000-0000-0000-000000000000/resourceGroups/cli_test_vm_custom_image_conflict000001","name":"cli_test_vm_custom_image_conflict000001","type":"Microsoft.Resources/resourceGroups","location":"westus","tags":{"product":"azurecli","cause":"automation","date":"2019-10-12T22:53:10Z"},"properties":{"provisioningState":"Succeeded"}}'
    headers:
      cache-control:
      - no-cache
      content-length:
      - '428'
      content-type:
      - application/json; charset=utf-8
      date:
      - Sat, 12 Oct 2019 22:55:46 GMT
      expires:
      - '-1'
      pragma:
      - no-cache
      strict-transport-security:
      - max-age=31536000; includeSubDomains
      vary:
      - Accept-Encoding
      x-content-type-options:
      - nosniff
    status:
      code: 200
      message: OK
- request:
    body: '{"location": "westus", "tags": {}, "sku": {"name": "Premium_LRS"}, "properties":
      {"osType": "Linux", "hyperVGeneration": "V1", "creationData": {"createOption":
      "Import", "sourceUri": "https://vhdstorage143638bf08dfa6.blob.core.windows.net/vhds/osdisk_143638bf08.vhd"}}}'
    headers:
      Accept:
      - application/json
      Accept-Encoding:
      - gzip, deflate
      CommandName:
      - disk create
      Connection:
      - keep-alive
      Content-Length:
      - '269'
      Content-Type:
      - application/json; charset=utf-8
      ParameterSetName:
      - -g -n --source --os-type
      User-Agent:
      - python/3.6.5 (Windows-10-10.0.17134-SP0) msrest/0.6.10 msrest_azure/0.6.2
        azure-mgmt-compute/8.0.0 Azure-SDK-For-Python AZURECLI/2.0.74
      accept-language:
      - en-US
    method: PUT
    uri: https://management.azure.com/subscriptions/00000000-0000-0000-0000-000000000000/resourceGroups/cli_test_vm_custom_image_conflict000001/providers/Microsoft.Compute/disks/test-vm?api-version=2019-03-01
  response:
    body:
      string: "{\r\n  \"name\": \"test-vm\",\r\n  \"location\": \"westus\",\r\n  \"tags\":
        {},\r\n  \"sku\": {\r\n    \"name\": \"Premium_LRS\"\r\n  },\r\n  \"properties\":
        {\r\n    \"osType\": \"Linux\",\r\n    \"hyperVGeneration\": \"V1\",\r\n    \"creationData\":
        {\r\n      \"createOption\": \"Import\",\r\n      \"sourceUri\": \"https://vhdstorage143638bf08dfa6.blob.core.windows.net/vhds/osdisk_143638bf08.vhd\"\r\n
        \   },\r\n    \"provisioningState\": \"Updating\",\r\n    \"diskSizeBytes\":
        32212254720,\r\n    \"isArmResource\": true\r\n  }\r\n}"
    headers:
      azure-asyncoperation:
      - https://management.azure.com/subscriptions/00000000-0000-0000-0000-000000000000/providers/Microsoft.Compute/locations/westus/DiskOperations/df0e53f2-4c28-4881-8004-ec6b60d65e7b?api-version=2019-03-01
      cache-control:
      - no-cache
      content-length:
      - '458'
      content-type:
      - application/json; charset=utf-8
      date:
      - Sat, 12 Oct 2019 22:55:47 GMT
      expires:
      - '-1'
      location:
      - https://management.azure.com/subscriptions/00000000-0000-0000-0000-000000000000/providers/Microsoft.Compute/locations/westus/DiskOperations/df0e53f2-4c28-4881-8004-ec6b60d65e7b?monitor=true&api-version=2019-03-01
      pragma:
      - no-cache
      server:
      - Microsoft-HTTPAPI/2.0
      - Microsoft-HTTPAPI/2.0
      strict-transport-security:
      - max-age=31536000; includeSubDomains
      x-content-type-options:
      - nosniff
      x-ms-ratelimit-remaining-resource:
      - Microsoft.Compute/CreateUpdateDisks3Min;999,Microsoft.Compute/CreateUpdateDisks30Min;7998
      x-ms-ratelimit-remaining-subscription-writes:
      - '1198'
    status:
      code: 202
      message: Accepted
- request:
    body: null
    headers:
      Accept:
      - application/json
      Accept-Encoding:
      - gzip, deflate
      CommandName:
      - disk create
      Connection:
      - keep-alive
      ParameterSetName:
      - -g -n --source --os-type
      User-Agent:
      - python/3.6.5 (Windows-10-10.0.17134-SP0) msrest/0.6.10 msrest_azure/0.6.2
        azure-mgmt-compute/8.0.0 Azure-SDK-For-Python AZURECLI/2.0.74
    method: GET
    uri: https://management.azure.com/subscriptions/00000000-0000-0000-0000-000000000000/providers/Microsoft.Compute/locations/westus/DiskOperations/df0e53f2-4c28-4881-8004-ec6b60d65e7b?api-version=2019-03-01
  response:
    body:
      string: "{\r\n  \"startTime\": \"2019-10-12T22:55:47.0787162+00:00\",\r\n  \"endTime\":
        \"2019-10-12T22:55:47.8443691+00:00\",\r\n  \"status\": \"Succeeded\",\r\n
        \ \"properties\": {\r\n    \"output\": {\r\n  \"name\": \"test-vm\",\r\n  \"id\":
        \"/subscriptions/00000000-0000-0000-0000-000000000000/resourceGroups/cli_test_vm_custom_image_conflict000001/providers/Microsoft.Compute/disks/test-vm\",\r\n
        \ \"type\": \"Microsoft.Compute/disks\",\r\n  \"location\": \"westus\",\r\n
        \ \"tags\": {},\r\n  \"sku\": {\r\n    \"name\": \"Premium_LRS\",\r\n    \"tier\":
        \"Premium\"\r\n  },\r\n  \"properties\": {\r\n    \"osType\": \"Linux\",\r\n
        \   \"hyperVGeneration\": \"V1\",\r\n    \"creationData\": {\r\n      \"createOption\":
        \"Import\",\r\n      \"sourceUri\": \"https://vhdstorage143638bf08dfa6.blob.core.windows.net/vhds/osdisk_143638bf08.vhd\"\r\n
        \   },\r\n    \"diskSizeGB\": 30,\r\n    \"diskIOPSReadWrite\": 120,\r\n    \"diskMBpsReadWrite\":
        25,\r\n    \"timeCreated\": \"2019-10-12T22:55:47.1724929+00:00\",\r\n    \"provisioningState\":
        \"Succeeded\",\r\n    \"diskState\": \"Unattached\",\r\n    \"diskSizeBytes\":
        32212254720,\r\n    \"uniqueId\": \"2c039b57-70e6-421a-a74c-cbb415efdd39\"\r\n
        \ }\r\n}\r\n  },\r\n  \"name\": \"df0e53f2-4c28-4881-8004-ec6b60d65e7b\"\r\n}"
    headers:
      cache-control:
      - no-cache
      content-length:
      - '1145'
      content-type:
      - application/json; charset=utf-8
      date:
      - Sat, 12 Oct 2019 22:55:49 GMT
      expires:
      - '-1'
      pragma:
      - no-cache
      server:
      - Microsoft-HTTPAPI/2.0
      - Microsoft-HTTPAPI/2.0
      strict-transport-security:
      - max-age=31536000; includeSubDomains
      transfer-encoding:
      - chunked
      vary:
      - Accept-Encoding
      x-content-type-options:
      - nosniff
      x-ms-ratelimit-remaining-resource:
      - Microsoft.Compute/GetOperation3Min;49987,Microsoft.Compute/GetOperation30Min;399959
    status:
      code: 200
      message: OK
- request:
    body: null
    headers:
      Accept:
      - application/json
      Accept-Encoding:
      - gzip, deflate
      CommandName:
      - disk create
      Connection:
      - keep-alive
      ParameterSetName:
      - -g -n --source --os-type
      User-Agent:
      - python/3.6.5 (Windows-10-10.0.17134-SP0) msrest/0.6.10 msrest_azure/0.6.2
        azure-mgmt-compute/8.0.0 Azure-SDK-For-Python AZURECLI/2.0.74
    method: GET
    uri: https://management.azure.com/subscriptions/00000000-0000-0000-0000-000000000000/resourceGroups/cli_test_vm_custom_image_conflict000001/providers/Microsoft.Compute/disks/test-vm?api-version=2019-03-01
  response:
    body:
      string: "{\r\n  \"name\": \"test-vm\",\r\n  \"id\": \"/subscriptions/00000000-0000-0000-0000-000000000000/resourceGroups/cli_test_vm_custom_image_conflict000001/providers/Microsoft.Compute/disks/test-vm\",\r\n
        \ \"type\": \"Microsoft.Compute/disks\",\r\n  \"location\": \"westus\",\r\n
        \ \"tags\": {},\r\n  \"sku\": {\r\n    \"name\": \"Premium_LRS\",\r\n    \"tier\":
        \"Premium\"\r\n  },\r\n  \"properties\": {\r\n    \"osType\": \"Linux\",\r\n
        \   \"hyperVGeneration\": \"V1\",\r\n    \"creationData\": {\r\n      \"createOption\":
        \"Import\",\r\n      \"sourceUri\": \"https://vhdstorage143638bf08dfa6.blob.core.windows.net/vhds/osdisk_143638bf08.vhd\"\r\n
        \   },\r\n    \"diskSizeGB\": 30,\r\n    \"diskIOPSReadWrite\": 120,\r\n    \"diskMBpsReadWrite\":
        25,\r\n    \"timeCreated\": \"2019-10-12T22:55:47.1724929+00:00\",\r\n    \"provisioningState\":
        \"Succeeded\",\r\n    \"diskState\": \"Unattached\",\r\n    \"diskSizeBytes\":
        32212254720,\r\n    \"uniqueId\": \"2c039b57-70e6-421a-a74c-cbb415efdd39\"\r\n
        \ }\r\n}"
    headers:
      cache-control:
      - no-cache
      content-length:
      - '920'
      content-type:
      - application/json; charset=utf-8
      date:
      - Sat, 12 Oct 2019 22:55:49 GMT
      expires:
      - '-1'
      pragma:
      - no-cache
      server:
      - Microsoft-HTTPAPI/2.0
      - Microsoft-HTTPAPI/2.0
      strict-transport-security:
      - max-age=31536000; includeSubDomains
      transfer-encoding:
      - chunked
      vary:
      - Accept-Encoding
      x-content-type-options:
      - nosniff
      x-ms-ratelimit-remaining-resource:
      - Microsoft.Compute/LowCostGet3Min;4993,Microsoft.Compute/LowCostGet30Min;39952
    status:
      code: 200
      message: OK
- request:
    body: null
    headers:
      Accept:
      - application/json
      Accept-Encoding:
      - gzip, deflate
      CommandName:
      - vm deallocate
      Connection:
      - keep-alive
      Content-Length:
      - '0'
      ParameterSetName:
      - -g -n
      User-Agent:
      - python/3.6.5 (Windows-10-10.0.17134-SP0) msrest/0.6.10 msrest_azure/0.6.2
        azure-mgmt-compute/8.0.0 Azure-SDK-For-Python AZURECLI/2.0.74
      accept-language:
      - en-US
    method: POST
    uri: https://management.azure.com/subscriptions/00000000-0000-0000-0000-000000000000/resourceGroups/cli_test_vm_custom_image_conflict000001/providers/Microsoft.Compute/virtualMachines/test-vm/deallocate?api-version=2019-03-01
  response:
    body:
      string: ''
    headers:
      azure-asyncoperation:
      - https://management.azure.com/subscriptions/00000000-0000-0000-0000-000000000000/providers/Microsoft.Compute/locations/westus/operations/cfce43ff-7489-4005-a124-f05eaae0b3fe?api-version=2019-03-01
      cache-control:
      - no-cache
      content-length:
      - '0'
      date:
      - Sat, 12 Oct 2019 22:55:50 GMT
      expires:
      - '-1'
      location:
      - https://management.azure.com/subscriptions/00000000-0000-0000-0000-000000000000/providers/Microsoft.Compute/locations/westus/operations/cfce43ff-7489-4005-a124-f05eaae0b3fe?monitor=true&api-version=2019-03-01
      pragma:
      - no-cache
      server:
      - Microsoft-HTTPAPI/2.0
      - Microsoft-HTTPAPI/2.0
      strict-transport-security:
      - max-age=31536000; includeSubDomains
      x-content-type-options:
      - nosniff
      x-ms-ratelimit-remaining-resource:
      - Microsoft.Compute/DeleteVM3Min;233,Microsoft.Compute/DeleteVM30Min;1181
      x-ms-ratelimit-remaining-subscription-writes:
      - '1199'
    status:
      code: 202
      message: Accepted
- request:
    body: null
    headers:
      Accept:
      - application/json
      Accept-Encoding:
      - gzip, deflate
      CommandName:
      - vm deallocate
      Connection:
      - keep-alive
      ParameterSetName:
      - -g -n
      User-Agent:
      - python/3.6.5 (Windows-10-10.0.17134-SP0) msrest/0.6.10 msrest_azure/0.6.2
        azure-mgmt-compute/8.0.0 Azure-SDK-For-Python AZURECLI/2.0.74
    method: GET
    uri: https://management.azure.com/subscriptions/00000000-0000-0000-0000-000000000000/providers/Microsoft.Compute/locations/westus/operations/cfce43ff-7489-4005-a124-f05eaae0b3fe?api-version=2019-03-01
  response:
    body:
      string: "{\r\n  \"startTime\": \"2019-10-12T22:55:50.6415668+00:00\",\r\n  \"status\":
        \"InProgress\",\r\n  \"name\": \"cfce43ff-7489-4005-a124-f05eaae0b3fe\"\r\n}"
    headers:
      cache-control:
      - no-cache
      content-length:
      - '134'
      content-type:
      - application/json; charset=utf-8
      date:
      - Sat, 12 Oct 2019 22:55:59 GMT
      expires:
      - '-1'
      pragma:
      - no-cache
      server:
      - Microsoft-HTTPAPI/2.0
      - Microsoft-HTTPAPI/2.0
      strict-transport-security:
      - max-age=31536000; includeSubDomains
      transfer-encoding:
      - chunked
      vary:
      - Accept-Encoding
      x-content-type-options:
      - nosniff
      x-ms-ratelimit-remaining-resource:
      - Microsoft.Compute/GetOperation3Min;14968,Microsoft.Compute/GetOperation30Min;29865
    status:
      code: 200
      message: OK
- request:
    body: null
    headers:
      Accept:
      - application/json
      Accept-Encoding:
      - gzip, deflate
      CommandName:
      - vm deallocate
      Connection:
      - keep-alive
      ParameterSetName:
      - -g -n
      User-Agent:
      - python/3.6.5 (Windows-10-10.0.17134-SP0) msrest/0.6.10 msrest_azure/0.6.2
        azure-mgmt-compute/8.0.0 Azure-SDK-For-Python AZURECLI/2.0.74
    method: GET
    uri: https://management.azure.com/subscriptions/00000000-0000-0000-0000-000000000000/providers/Microsoft.Compute/locations/westus/operations/cfce43ff-7489-4005-a124-f05eaae0b3fe?api-version=2019-03-01
  response:
    body:
      string: "{\r\n  \"startTime\": \"2019-10-12T22:55:50.6415668+00:00\",\r\n  \"status\":
        \"InProgress\",\r\n  \"name\": \"cfce43ff-7489-4005-a124-f05eaae0b3fe\"\r\n}"
    headers:
      cache-control:
      - no-cache
      content-length:
      - '134'
      content-type:
      - application/json; charset=utf-8
      date:
      - Sat, 12 Oct 2019 22:56:36 GMT
      expires:
      - '-1'
      pragma:
      - no-cache
      server:
      - Microsoft-HTTPAPI/2.0
      - Microsoft-HTTPAPI/2.0
      strict-transport-security:
      - max-age=31536000; includeSubDomains
      transfer-encoding:
      - chunked
      vary:
      - Accept-Encoding
      x-content-type-options:
      - nosniff
      x-ms-ratelimit-remaining-resource:
      - Microsoft.Compute/GetOperation3Min;14969,Microsoft.Compute/GetOperation30Min;29859
    status:
      code: 200
      message: OK
- request:
    body: null
    headers:
      Accept:
      - application/json
      Accept-Encoding:
      - gzip, deflate
      CommandName:
      - vm deallocate
      Connection:
      - keep-alive
      ParameterSetName:
      - -g -n
      User-Agent:
      - python/3.6.5 (Windows-10-10.0.17134-SP0) msrest/0.6.10 msrest_azure/0.6.2
        azure-mgmt-compute/8.0.0 Azure-SDK-For-Python AZURECLI/2.0.74
    method: GET
    uri: https://management.azure.com/subscriptions/00000000-0000-0000-0000-000000000000/providers/Microsoft.Compute/locations/westus/operations/cfce43ff-7489-4005-a124-f05eaae0b3fe?api-version=2019-03-01
  response:
    body:
      string: "{\r\n  \"startTime\": \"2019-10-12T22:55:50.6415668+00:00\",\r\n  \"status\":
        \"InProgress\",\r\n  \"name\": \"cfce43ff-7489-4005-a124-f05eaae0b3fe\"\r\n}"
    headers:
      cache-control:
      - no-cache
      content-length:
      - '134'
      content-type:
      - application/json; charset=utf-8
      date:
      - Sat, 12 Oct 2019 22:57:06 GMT
      expires:
      - '-1'
      pragma:
      - no-cache
      server:
      - Microsoft-HTTPAPI/2.0
      - Microsoft-HTTPAPI/2.0
      strict-transport-security:
      - max-age=31536000; includeSubDomains
      transfer-encoding:
      - chunked
      vary:
      - Accept-Encoding
      x-content-type-options:
      - nosniff
      x-ms-ratelimit-remaining-resource:
      - Microsoft.Compute/GetOperation3Min;14973,Microsoft.Compute/GetOperation30Min;29855
    status:
      code: 200
      message: OK
- request:
    body: null
    headers:
      Accept:
      - application/json
      Accept-Encoding:
      - gzip, deflate
      CommandName:
      - vm deallocate
      Connection:
      - keep-alive
      ParameterSetName:
      - -g -n
      User-Agent:
      - python/3.6.5 (Windows-10-10.0.17134-SP0) msrest/0.6.10 msrest_azure/0.6.2
        azure-mgmt-compute/8.0.0 Azure-SDK-For-Python AZURECLI/2.0.74
    method: GET
    uri: https://management.azure.com/subscriptions/00000000-0000-0000-0000-000000000000/providers/Microsoft.Compute/locations/westus/operations/cfce43ff-7489-4005-a124-f05eaae0b3fe?api-version=2019-03-01
  response:
    body:
      string: "{\r\n  \"startTime\": \"2019-10-12T22:55:50.6415668+00:00\",\r\n  \"status\":
        \"InProgress\",\r\n  \"name\": \"cfce43ff-7489-4005-a124-f05eaae0b3fe\"\r\n}"
    headers:
      cache-control:
      - no-cache
      content-length:
      - '134'
      content-type:
      - application/json; charset=utf-8
      date:
      - Sat, 12 Oct 2019 22:57:36 GMT
      expires:
      - '-1'
      pragma:
      - no-cache
      server:
      - Microsoft-HTTPAPI/2.0
      - Microsoft-HTTPAPI/2.0
      strict-transport-security:
      - max-age=31536000; includeSubDomains
      transfer-encoding:
      - chunked
      vary:
      - Accept-Encoding
      x-content-type-options:
      - nosniff
      x-ms-ratelimit-remaining-resource:
      - Microsoft.Compute/GetOperation3Min;14975,Microsoft.Compute/GetOperation30Min;29851
    status:
      code: 200
      message: OK
- request:
    body: null
    headers:
      Accept:
      - application/json
      Accept-Encoding:
      - gzip, deflate
      CommandName:
      - vm deallocate
      Connection:
      - keep-alive
      ParameterSetName:
      - -g -n
      User-Agent:
      - python/3.6.5 (Windows-10-10.0.17134-SP0) msrest/0.6.10 msrest_azure/0.6.2
        azure-mgmt-compute/8.0.0 Azure-SDK-For-Python AZURECLI/2.0.74
    method: GET
    uri: https://management.azure.com/subscriptions/00000000-0000-0000-0000-000000000000/providers/Microsoft.Compute/locations/westus/operations/cfce43ff-7489-4005-a124-f05eaae0b3fe?api-version=2019-03-01
  response:
    body:
      string: "{\r\n  \"startTime\": \"2019-10-12T22:55:50.6415668+00:00\",\r\n  \"status\":
        \"InProgress\",\r\n  \"name\": \"cfce43ff-7489-4005-a124-f05eaae0b3fe\"\r\n}"
    headers:
      cache-control:
      - no-cache
      content-length:
      - '134'
      content-type:
      - application/json; charset=utf-8
      date:
      - Sat, 12 Oct 2019 22:58:06 GMT
      expires:
      - '-1'
      pragma:
      - no-cache
      server:
      - Microsoft-HTTPAPI/2.0
      - Microsoft-HTTPAPI/2.0
      strict-transport-security:
      - max-age=31536000; includeSubDomains
      transfer-encoding:
      - chunked
      vary:
      - Accept-Encoding
      x-content-type-options:
      - nosniff
      x-ms-ratelimit-remaining-resource:
      - Microsoft.Compute/GetOperation3Min;14973,Microsoft.Compute/GetOperation30Min;29846
    status:
      code: 200
      message: OK
- request:
    body: null
    headers:
      Accept:
      - application/json
      Accept-Encoding:
      - gzip, deflate
      CommandName:
      - vm deallocate
      Connection:
      - keep-alive
      ParameterSetName:
      - -g -n
      User-Agent:
      - python/3.6.5 (Windows-10-10.0.17134-SP0) msrest/0.6.10 msrest_azure/0.6.2
        azure-mgmt-compute/8.0.0 Azure-SDK-For-Python AZURECLI/2.0.74
    method: GET
    uri: https://management.azure.com/subscriptions/00000000-0000-0000-0000-000000000000/providers/Microsoft.Compute/locations/westus/operations/cfce43ff-7489-4005-a124-f05eaae0b3fe?api-version=2019-03-01
  response:
    body:
      string: "{\r\n  \"startTime\": \"2019-10-12T22:55:50.6415668+00:00\",\r\n  \"status\":
        \"InProgress\",\r\n  \"name\": \"cfce43ff-7489-4005-a124-f05eaae0b3fe\"\r\n}"
    headers:
      cache-control:
      - no-cache
      content-length:
      - '134'
      content-type:
      - application/json; charset=utf-8
      date:
      - Sat, 12 Oct 2019 22:58:36 GMT
      expires:
      - '-1'
      pragma:
      - no-cache
      server:
      - Microsoft-HTTPAPI/2.0
      - Microsoft-HTTPAPI/2.0
      strict-transport-security:
      - max-age=31536000; includeSubDomains
      transfer-encoding:
      - chunked
      vary:
      - Accept-Encoding
      x-content-type-options:
      - nosniff
      x-ms-ratelimit-remaining-resource:
      - Microsoft.Compute/GetOperation3Min;14977,Microsoft.Compute/GetOperation30Min;29843
    status:
      code: 200
      message: OK
- request:
    body: null
    headers:
      Accept:
      - application/json
      Accept-Encoding:
      - gzip, deflate
      CommandName:
      - vm deallocate
      Connection:
      - keep-alive
      ParameterSetName:
      - -g -n
      User-Agent:
      - python/3.6.5 (Windows-10-10.0.17134-SP0) msrest/0.6.10 msrest_azure/0.6.2
        azure-mgmt-compute/8.0.0 Azure-SDK-For-Python AZURECLI/2.0.74
    method: GET
    uri: https://management.azure.com/subscriptions/00000000-0000-0000-0000-000000000000/providers/Microsoft.Compute/locations/westus/operations/cfce43ff-7489-4005-a124-f05eaae0b3fe?api-version=2019-03-01
  response:
    body:
      string: "{\r\n  \"startTime\": \"2019-10-12T22:55:50.6415668+00:00\",\r\n  \"status\":
        \"InProgress\",\r\n  \"name\": \"cfce43ff-7489-4005-a124-f05eaae0b3fe\"\r\n}"
    headers:
      cache-control:
      - no-cache
      content-length:
      - '134'
      content-type:
      - application/json; charset=utf-8
      date:
      - Sat, 12 Oct 2019 22:59:06 GMT
      expires:
      - '-1'
      pragma:
      - no-cache
      server:
      - Microsoft-HTTPAPI/2.0
      - Microsoft-HTTPAPI/2.0
      strict-transport-security:
      - max-age=31536000; includeSubDomains
      transfer-encoding:
      - chunked
      vary:
      - Accept-Encoding
      x-content-type-options:
      - nosniff
      x-ms-ratelimit-remaining-resource:
      - Microsoft.Compute/GetOperation3Min;14976,Microsoft.Compute/GetOperation30Min;29838
    status:
      code: 200
      message: OK
- request:
    body: null
    headers:
      Accept:
      - application/json
      Accept-Encoding:
      - gzip, deflate
      CommandName:
      - vm deallocate
      Connection:
      - keep-alive
      ParameterSetName:
      - -g -n
      User-Agent:
      - python/3.6.5 (Windows-10-10.0.17134-SP0) msrest/0.6.10 msrest_azure/0.6.2
        azure-mgmt-compute/8.0.0 Azure-SDK-For-Python AZURECLI/2.0.74
    method: GET
    uri: https://management.azure.com/subscriptions/00000000-0000-0000-0000-000000000000/providers/Microsoft.Compute/locations/westus/operations/cfce43ff-7489-4005-a124-f05eaae0b3fe?api-version=2019-03-01
  response:
    body:
      string: "{\r\n  \"startTime\": \"2019-10-12T22:55:50.6415668+00:00\",\r\n  \"status\":
        \"InProgress\",\r\n  \"name\": \"cfce43ff-7489-4005-a124-f05eaae0b3fe\"\r\n}"
    headers:
      cache-control:
      - no-cache
      content-length:
      - '134'
      content-type:
      - application/json; charset=utf-8
      date:
      - Sat, 12 Oct 2019 22:59:36 GMT
      expires:
      - '-1'
      pragma:
      - no-cache
      server:
      - Microsoft-HTTPAPI/2.0
      - Microsoft-HTTPAPI/2.0
      strict-transport-security:
      - max-age=31536000; includeSubDomains
      transfer-encoding:
      - chunked
      vary:
      - Accept-Encoding
      x-content-type-options:
      - nosniff
      x-ms-ratelimit-remaining-resource:
      - Microsoft.Compute/GetOperation3Min;14973,Microsoft.Compute/GetOperation30Min;29829
    status:
      code: 200
      message: OK
- request:
    body: null
    headers:
      Accept:
      - application/json
      Accept-Encoding:
      - gzip, deflate
      CommandName:
      - vm deallocate
      Connection:
      - keep-alive
      ParameterSetName:
      - -g -n
      User-Agent:
      - python/3.6.5 (Windows-10-10.0.17134-SP0) msrest/0.6.10 msrest_azure/0.6.2
        azure-mgmt-compute/8.0.0 Azure-SDK-For-Python AZURECLI/2.0.74
    method: GET
    uri: https://management.azure.com/subscriptions/00000000-0000-0000-0000-000000000000/providers/Microsoft.Compute/locations/westus/operations/cfce43ff-7489-4005-a124-f05eaae0b3fe?api-version=2019-03-01
  response:
    body:
      string: "{\r\n  \"startTime\": \"2019-10-12T22:55:50.6415668+00:00\",\r\n  \"status\":
        \"InProgress\",\r\n  \"name\": \"cfce43ff-7489-4005-a124-f05eaae0b3fe\"\r\n}"
    headers:
      cache-control:
      - no-cache
      content-length:
      - '134'
      content-type:
      - application/json; charset=utf-8
      date:
      - Sat, 12 Oct 2019 23:00:06 GMT
      expires:
      - '-1'
      pragma:
      - no-cache
      server:
      - Microsoft-HTTPAPI/2.0
      - Microsoft-HTTPAPI/2.0
      strict-transport-security:
      - max-age=31536000; includeSubDomains
      transfer-encoding:
      - chunked
      vary:
      - Accept-Encoding
      x-content-type-options:
      - nosniff
      x-ms-ratelimit-remaining-resource:
      - Microsoft.Compute/GetOperation3Min;14973,Microsoft.Compute/GetOperation30Min;29842
    status:
      code: 200
      message: OK
- request:
    body: null
    headers:
      Accept:
      - application/json
      Accept-Encoding:
      - gzip, deflate
      CommandName:
      - vm deallocate
      Connection:
      - keep-alive
      ParameterSetName:
      - -g -n
      User-Agent:
      - python/3.6.5 (Windows-10-10.0.17134-SP0) msrest/0.6.10 msrest_azure/0.6.2
        azure-mgmt-compute/8.0.0 Azure-SDK-For-Python AZURECLI/2.0.74
    method: GET
    uri: https://management.azure.com/subscriptions/00000000-0000-0000-0000-000000000000/providers/Microsoft.Compute/locations/westus/operations/cfce43ff-7489-4005-a124-f05eaae0b3fe?api-version=2019-03-01
  response:
    body:
      string: "{\r\n  \"startTime\": \"2019-10-12T22:55:50.6415668+00:00\",\r\n  \"status\":
        \"InProgress\",\r\n  \"name\": \"cfce43ff-7489-4005-a124-f05eaae0b3fe\"\r\n}"
    headers:
      cache-control:
      - no-cache
      content-length:
      - '134'
      content-type:
      - application/json; charset=utf-8
      date:
      - Sat, 12 Oct 2019 23:00:36 GMT
      expires:
      - '-1'
      pragma:
      - no-cache
      server:
      - Microsoft-HTTPAPI/2.0
      - Microsoft-HTTPAPI/2.0
      strict-transport-security:
      - max-age=31536000; includeSubDomains
      transfer-encoding:
      - chunked
      vary:
      - Accept-Encoding
      x-content-type-options:
      - nosniff
      x-ms-ratelimit-remaining-resource:
      - Microsoft.Compute/GetOperation3Min;14975,Microsoft.Compute/GetOperation30Min;29839
    status:
      code: 200
      message: OK
- request:
    body: null
    headers:
      Accept:
      - application/json
      Accept-Encoding:
      - gzip, deflate
      CommandName:
      - vm deallocate
      Connection:
      - keep-alive
      ParameterSetName:
      - -g -n
      User-Agent:
      - python/3.6.5 (Windows-10-10.0.17134-SP0) msrest/0.6.10 msrest_azure/0.6.2
        azure-mgmt-compute/8.0.0 Azure-SDK-For-Python AZURECLI/2.0.74
    method: GET
    uri: https://management.azure.com/subscriptions/00000000-0000-0000-0000-000000000000/providers/Microsoft.Compute/locations/westus/operations/cfce43ff-7489-4005-a124-f05eaae0b3fe?api-version=2019-03-01
  response:
    body:
      string: "{\r\n  \"startTime\": \"2019-10-12T22:55:50.6415668+00:00\",\r\n  \"status\":
        \"InProgress\",\r\n  \"name\": \"cfce43ff-7489-4005-a124-f05eaae0b3fe\"\r\n}"
    headers:
      cache-control:
      - no-cache
      content-length:
      - '134'
      content-type:
      - application/json; charset=utf-8
      date:
      - Sat, 12 Oct 2019 23:01:06 GMT
      expires:
      - '-1'
      pragma:
      - no-cache
      server:
      - Microsoft-HTTPAPI/2.0
      - Microsoft-HTTPAPI/2.0
      strict-transport-security:
      - max-age=31536000; includeSubDomains
      transfer-encoding:
      - chunked
      vary:
      - Accept-Encoding
      x-content-type-options:
      - nosniff
      x-ms-ratelimit-remaining-resource:
      - Microsoft.Compute/GetOperation3Min;14973,Microsoft.Compute/GetOperation30Min;29834
    status:
      code: 200
      message: OK
- request:
    body: null
    headers:
      Accept:
      - application/json
      Accept-Encoding:
      - gzip, deflate
      CommandName:
      - vm deallocate
      Connection:
      - keep-alive
      ParameterSetName:
      - -g -n
      User-Agent:
      - python/3.6.5 (Windows-10-10.0.17134-SP0) msrest/0.6.10 msrest_azure/0.6.2
        azure-mgmt-compute/8.0.0 Azure-SDK-For-Python AZURECLI/2.0.74
    method: GET
    uri: https://management.azure.com/subscriptions/00000000-0000-0000-0000-000000000000/providers/Microsoft.Compute/locations/westus/operations/cfce43ff-7489-4005-a124-f05eaae0b3fe?api-version=2019-03-01
  response:
    body:
      string: "{\r\n  \"startTime\": \"2019-10-12T22:55:50.6415668+00:00\",\r\n  \"status\":
        \"InProgress\",\r\n  \"name\": \"cfce43ff-7489-4005-a124-f05eaae0b3fe\"\r\n}"
    headers:
      cache-control:
      - no-cache
      content-length:
      - '134'
      content-type:
      - application/json; charset=utf-8
      date:
      - Sat, 12 Oct 2019 23:01:37 GMT
      expires:
      - '-1'
      pragma:
      - no-cache
      server:
      - Microsoft-HTTPAPI/2.0
      - Microsoft-HTTPAPI/2.0
      strict-transport-security:
      - max-age=31536000; includeSubDomains
      transfer-encoding:
      - chunked
      vary:
      - Accept-Encoding
      x-content-type-options:
      - nosniff
      x-ms-ratelimit-remaining-resource:
      - Microsoft.Compute/GetOperation3Min;14970,Microsoft.Compute/GetOperation30Min;29827
    status:
      code: 200
      message: OK
- request:
    body: null
    headers:
      Accept:
      - application/json
      Accept-Encoding:
      - gzip, deflate
      CommandName:
      - vm deallocate
      Connection:
      - keep-alive
      ParameterSetName:
      - -g -n
      User-Agent:
      - python/3.6.5 (Windows-10-10.0.17134-SP0) msrest/0.6.10 msrest_azure/0.6.2
        azure-mgmt-compute/8.0.0 Azure-SDK-For-Python AZURECLI/2.0.74
    method: GET
    uri: https://management.azure.com/subscriptions/00000000-0000-0000-0000-000000000000/providers/Microsoft.Compute/locations/westus/operations/cfce43ff-7489-4005-a124-f05eaae0b3fe?api-version=2019-03-01
  response:
    body:
      string: "{\r\n  \"startTime\": \"2019-10-12T22:55:50.6415668+00:00\",\r\n  \"status\":
        \"InProgress\",\r\n  \"name\": \"cfce43ff-7489-4005-a124-f05eaae0b3fe\"\r\n}"
    headers:
      cache-control:
      - no-cache
      content-length:
      - '134'
      content-type:
      - application/json; charset=utf-8
      date:
      - Sat, 12 Oct 2019 23:02:06 GMT
      expires:
      - '-1'
      pragma:
      - no-cache
      server:
      - Microsoft-HTTPAPI/2.0
      - Microsoft-HTTPAPI/2.0
      strict-transport-security:
      - max-age=31536000; includeSubDomains
      transfer-encoding:
      - chunked
      vary:
      - Accept-Encoding
      x-content-type-options:
      - nosniff
      x-ms-ratelimit-remaining-resource:
      - Microsoft.Compute/GetOperation3Min;14974,Microsoft.Compute/GetOperation30Min;29824
    status:
      code: 200
      message: OK
- request:
    body: null
    headers:
      Accept:
      - application/json
      Accept-Encoding:
      - gzip, deflate
      CommandName:
      - vm deallocate
      Connection:
      - keep-alive
      ParameterSetName:
      - -g -n
      User-Agent:
      - python/3.6.5 (Windows-10-10.0.17134-SP0) msrest/0.6.10 msrest_azure/0.6.2
        azure-mgmt-compute/8.0.0 Azure-SDK-For-Python AZURECLI/2.0.74
    method: GET
    uri: https://management.azure.com/subscriptions/00000000-0000-0000-0000-000000000000/providers/Microsoft.Compute/locations/westus/operations/cfce43ff-7489-4005-a124-f05eaae0b3fe?api-version=2019-03-01
  response:
    body:
      string: "{\r\n  \"startTime\": \"2019-10-12T22:55:50.6415668+00:00\",\r\n  \"status\":
        \"InProgress\",\r\n  \"name\": \"cfce43ff-7489-4005-a124-f05eaae0b3fe\"\r\n}"
    headers:
      cache-control:
      - no-cache
      content-length:
      - '134'
      content-type:
      - application/json; charset=utf-8
      date:
      - Sat, 12 Oct 2019 23:02:37 GMT
      expires:
      - '-1'
      pragma:
      - no-cache
      server:
      - Microsoft-HTTPAPI/2.0
      - Microsoft-HTTPAPI/2.0
      strict-transport-security:
      - max-age=31536000; includeSubDomains
      transfer-encoding:
      - chunked
      vary:
      - Accept-Encoding
      x-content-type-options:
      - nosniff
      x-ms-ratelimit-remaining-resource:
      - Microsoft.Compute/GetOperation3Min;14976,Microsoft.Compute/GetOperation30Min;29819
    status:
      code: 200
      message: OK
- request:
    body: null
    headers:
      Accept:
      - application/json
      Accept-Encoding:
      - gzip, deflate
      CommandName:
      - vm deallocate
      Connection:
      - keep-alive
      ParameterSetName:
      - -g -n
      User-Agent:
      - python/3.6.5 (Windows-10-10.0.17134-SP0) msrest/0.6.10 msrest_azure/0.6.2
        azure-mgmt-compute/8.0.0 Azure-SDK-For-Python AZURECLI/2.0.74
    method: GET
    uri: https://management.azure.com/subscriptions/00000000-0000-0000-0000-000000000000/providers/Microsoft.Compute/locations/westus/operations/cfce43ff-7489-4005-a124-f05eaae0b3fe?api-version=2019-03-01
  response:
    body:
      string: "{\r\n  \"startTime\": \"2019-10-12T22:55:50.6415668+00:00\",\r\n  \"endTime\":
        \"2019-10-12T23:02:43.4094326+00:00\",\r\n  \"status\": \"Succeeded\",\r\n
        \ \"name\": \"cfce43ff-7489-4005-a124-f05eaae0b3fe\"\r\n}"
    headers:
      cache-control:
      - no-cache
      content-length:
      - '184'
      content-type:
      - application/json; charset=utf-8
      date:
      - Sat, 12 Oct 2019 23:03:08 GMT
      expires:
      - '-1'
      pragma:
      - no-cache
      server:
      - Microsoft-HTTPAPI/2.0
      - Microsoft-HTTPAPI/2.0
      strict-transport-security:
      - max-age=31536000; includeSubDomains
      transfer-encoding:
      - chunked
      vary:
      - Accept-Encoding
      x-content-type-options:
      - nosniff
      x-ms-ratelimit-remaining-resource:
      - Microsoft.Compute/GetOperation3Min;14974,Microsoft.Compute/GetOperation30Min;29814
    status:
      code: 200
      message: OK
- request:
    body: null
    headers:
      Accept:
      - application/json
      Accept-Encoding:
      - gzip, deflate
      CommandName:
      - vm generalize
      Connection:
      - keep-alive
      Content-Length:
      - '0'
      ParameterSetName:
      - -g -n
      User-Agent:
      - python/3.6.5 (Windows-10-10.0.17134-SP0) msrest/0.6.10 msrest_azure/0.6.2
        azure-mgmt-compute/8.0.0 Azure-SDK-For-Python AZURECLI/2.0.74
      accept-language:
      - en-US
    method: POST
    uri: https://management.azure.com/subscriptions/00000000-0000-0000-0000-000000000000/resourceGroups/cli_test_vm_custom_image_conflict000001/providers/Microsoft.Compute/virtualMachines/test-vm/generalize?api-version=2019-03-01
  response:
    body:
      string: ''
    headers:
      cache-control:
      - no-cache
      content-length:
      - '0'
      date:
      - Sat, 12 Oct 2019 23:03:09 GMT
      expires:
      - '-1'
      pragma:
      - no-cache
      server:
      - Microsoft-HTTPAPI/2.0
      - Microsoft-HTTPAPI/2.0
      strict-transport-security:
      - max-age=31536000; includeSubDomains
      x-content-type-options:
      - nosniff
      x-ms-ratelimit-remaining-resource:
      - Microsoft.Compute/UpdateVM3Min;239,Microsoft.Compute/UpdateVM30Min;1193
      x-ms-ratelimit-remaining-subscription-writes:
      - '1199'
    status:
      code: 200
      message: OK
- request:
    body: null
    headers:
      Accept:
      - application/json
      Accept-Encoding:
      - gzip, deflate
      CommandName:
      - image create
      Connection:
      - keep-alive
      ParameterSetName:
      - -g -n --source
      User-Agent:
      - python/3.6.5 (Windows-10-10.0.17134-SP0) msrest/0.6.10 msrest_azure/0.6.2
        azure-mgmt-compute/8.0.0 Azure-SDK-For-Python AZURECLI/2.0.74
      accept-language:
      - en-US
    method: GET
    uri: https://management.azure.com/subscriptions/00000000-0000-0000-0000-000000000000/resourceGroups/cli_test_vm_custom_image_conflict000001/providers/Microsoft.Compute/virtualMachines/test-vm?api-version=2019-03-01
  response:
    body:
      string: "{\r\n  \"name\": \"test-vm\",\r\n  \"id\": \"/subscriptions/00000000-0000-0000-0000-000000000000/resourceGroups/cli_test_vm_custom_image_conflict000001/providers/Microsoft.Compute/virtualMachines/test-vm\",\r\n
        \ \"type\": \"Microsoft.Compute/virtualMachines\",\r\n  \"location\": \"westus\",\r\n
        \ \"tags\": {},\r\n  \"properties\": {\r\n    \"vmId\": \"3c9a2c5b-aa1c-4c47-9b03-560386bf2d26\",\r\n
        \   \"hardwareProfile\": {\r\n      \"vmSize\": \"Standard_DS1_v2\"\r\n    },\r\n
        \   \"storageProfile\": {\r\n      \"imageReference\": {\r\n        \"publisher\":
        \"Debian\",\r\n        \"offer\": \"debian-10\",\r\n        \"sku\": \"10\",\r\n
        \       \"version\": \"latest\"\r\n      },\r\n      \"osDisk\": {\r\n        \"osType\":
        \"Linux\",\r\n        \"name\": \"osdisk_143638bf08\",\r\n        \"createOption\":
        \"FromImage\",\r\n        \"vhd\": {\r\n          \"uri\": \"https://vhdstorage143638bf08dfa6.blob.core.windows.net/vhds/osdisk_143638bf08.vhd\"\r\n
        \       },\r\n        \"caching\": \"ReadWrite\",\r\n        \"diskSizeGB\":
        30\r\n      },\r\n      \"dataDisks\": []\r\n    },\r\n    \"osProfile\":
        {\r\n      \"computerName\": \"test-vm\",\r\n      \"adminUsername\": \"ubuntu\",\r\n
        \     \"linuxConfiguration\": {\r\n        \"disablePasswordAuthentication\":
        false,\r\n        \"provisionVMAgent\": true\r\n      },\r\n      \"secrets\":
        [],\r\n      \"allowExtensionOperations\": true,\r\n      \"requireGuestProvisionSignal\":
        true\r\n    },\r\n    \"networkProfile\": {\"networkInterfaces\":[{\"id\":\"/subscriptions/00000000-0000-0000-0000-000000000000/resourceGroups/cli_test_vm_custom_image_conflict000001/providers/Microsoft.Network/networkInterfaces/test-vmVMNic\"}]},\r\n
        \   \"provisioningState\": \"Succeeded\"\r\n  }\r\n}"
    headers:
      cache-control:
      - no-cache
      content-length:
      - '1621'
      content-type:
      - application/json; charset=utf-8
      date:
      - Sat, 12 Oct 2019 23:03:10 GMT
      expires:
      - '-1'
      pragma:
      - no-cache
      server:
      - Microsoft-HTTPAPI/2.0
      - Microsoft-HTTPAPI/2.0
      strict-transport-security:
      - max-age=31536000; includeSubDomains
      transfer-encoding:
      - chunked
      vary:
      - Accept-Encoding
      x-content-type-options:
      - nosniff
      x-ms-ratelimit-remaining-resource:
      - Microsoft.Compute/LowCostGet3Min;3992,Microsoft.Compute/LowCostGet30Min;31879
    status:
      code: 200
      message: OK
- request:
    body: null
    headers:
      Accept:
      - application/json
      Accept-Encoding:
      - gzip, deflate
      CommandName:
      - image create
      Connection:
      - keep-alive
      ParameterSetName:
      - -g -n --source
      User-Agent:
      - python/3.6.5 (Windows-10-10.0.17134-SP0) msrest/0.6.10 msrest_azure/0.6.2
        azure-mgmt-resource/4.0.0 Azure-SDK-For-Python AZURECLI/2.0.74
      accept-language:
      - en-US
    method: GET
    uri: https://management.azure.com/subscriptions/00000000-0000-0000-0000-000000000000/resourcegroups/cli_test_vm_custom_image_conflict000001?api-version=2019-07-01
  response:
    body:
      string: '{"id":"/subscriptions/00000000-0000-0000-0000-000000000000/resourceGroups/cli_test_vm_custom_image_conflict000001","name":"cli_test_vm_custom_image_conflict000001","type":"Microsoft.Resources/resourceGroups","location":"westus","tags":{"product":"azurecli","cause":"automation","date":"2019-10-12T22:53:10Z"},"properties":{"provisioningState":"Succeeded"}}'
    headers:
      cache-control:
      - no-cache
      content-length:
      - '428'
      content-type:
      - application/json; charset=utf-8
      date:
      - Sat, 12 Oct 2019 23:03:10 GMT
      expires:
      - '-1'
      pragma:
      - no-cache
      strict-transport-security:
      - max-age=31536000; includeSubDomains
      vary:
      - Accept-Encoding
      x-content-type-options:
      - nosniff
    status:
      code: 200
      message: OK
- request:
    body: 'b''{"location": "westus", "tags": {}, "properties": {"sourceVirtualMachine":
      {"id": "/subscriptions/00000000-0000-0000-0000-000000000000/resourceGroups/cli_test_vm_custom_image_conflict000001/providers/Microsoft.Compute/virtualMachines/test-vm"},
      "hyperVGeneration": "V1"}}'''
    headers:
      Accept:
      - application/json
      Accept-Encoding:
      - gzip, deflate
      CommandName:
      - image create
      Connection:
      - keep-alive
      Content-Length:
      - '306'
      Content-Type:
      - application/json; charset=utf-8
      ParameterSetName:
      - -g -n --source
      User-Agent:
      - python/3.6.5 (Windows-10-10.0.17134-SP0) msrest/0.6.10 msrest_azure/0.6.2
        azure-mgmt-compute/8.0.0 Azure-SDK-For-Python AZURECLI/2.0.74
      accept-language:
      - en-US
    method: PUT
    uri: https://management.azure.com/subscriptions/00000000-0000-0000-0000-000000000000/resourceGroups/cli_test_vm_custom_image_conflict000001/providers/Microsoft.Compute/images/img-from-vm?api-version=2019-03-01
  response:
    body:
      string: "{\r\n  \"name\": \"img-from-vm\",\r\n  \"id\": \"/subscriptions/00000000-0000-0000-0000-000000000000/resourceGroups/cli_test_vm_custom_image_conflict000001/providers/Microsoft.Compute/images/img-from-vm\",\r\n
        \ \"type\": \"Microsoft.Compute/images\",\r\n  \"location\": \"westus\",\r\n
        \ \"tags\": {},\r\n  \"properties\": {\r\n    \"sourceVirtualMachine\": {\r\n
        \     \"id\": \"/subscriptions/00000000-0000-0000-0000-000000000000/resourceGroups/cli_test_vm_custom_image_conflict000001/providers/Microsoft.Compute/virtualMachines/test-vm\"\r\n
        \   },\r\n    \"storageProfile\": {\r\n      \"osDisk\": {\r\n        \"osType\":
        \"Linux\",\r\n        \"osState\": \"Generalized\",\r\n        \"diskSizeGB\":
        30,\r\n        \"blobUri\": \"https://vhdstorage143638bf08dfa6.blob.core.windows.net/vhds/osdisk_143638bf08.vhd\",\r\n
        \       \"caching\": \"ReadWrite\",\r\n        \"storageAccountType\": \"Standard_LRS\"\r\n
        \     },\r\n      \"dataDisks\": []\r\n    },\r\n    \"provisioningState\":
        \"Creating\",\r\n    \"hyperVGeneration\": \"V1\"\r\n  }\r\n}"
    headers:
      azure-asyncnotification:
      - Enabled
      azure-asyncoperation:
      - https://management.azure.com/subscriptions/00000000-0000-0000-0000-000000000000/providers/Microsoft.Compute/locations/westus/operations/ee56527a-9a08-47bf-8f1d-13f6774474ea?api-version=2019-03-01
      cache-control:
      - no-cache
      content-length:
      - '1011'
      content-type:
      - application/json; charset=utf-8
      date:
      - Sat, 12 Oct 2019 23:03:15 GMT
      expires:
      - '-1'
      pragma:
      - no-cache
      server:
      - Microsoft-HTTPAPI/2.0
      - Microsoft-HTTPAPI/2.0
      strict-transport-security:
      - max-age=31536000; includeSubDomains
      x-content-type-options:
      - nosniff
      x-ms-ratelimit-remaining-resource:
      - Microsoft.Compute/CreateImages3Min;38,Microsoft.Compute/CreateImages30Min;196
      x-ms-ratelimit-remaining-subscription-writes:
      - '1199'
    status:
      code: 201
      message: Created
- request:
    body: null
    headers:
      Accept:
      - application/json
      Accept-Encoding:
      - gzip, deflate
      CommandName:
      - image create
      Connection:
      - keep-alive
      ParameterSetName:
      - -g -n --source
      User-Agent:
      - python/3.6.5 (Windows-10-10.0.17134-SP0) msrest/0.6.10 msrest_azure/0.6.2
        azure-mgmt-compute/8.0.0 Azure-SDK-For-Python AZURECLI/2.0.74
    method: GET
    uri: https://management.azure.com/subscriptions/00000000-0000-0000-0000-000000000000/providers/Microsoft.Compute/locations/westus/operations/ee56527a-9a08-47bf-8f1d-13f6774474ea?api-version=2019-03-01
  response:
    body:
      string: "{\r\n  \"startTime\": \"2019-10-12T23:03:11.2857362+00:00\",\r\n  \"endTime\":
        \"2019-10-12T23:03:21.4580339+00:00\",\r\n  \"status\": \"Succeeded\",\r\n
        \ \"name\": \"ee56527a-9a08-47bf-8f1d-13f6774474ea\"\r\n}"
    headers:
      cache-control:
      - no-cache
      content-length:
      - '184'
      content-type:
      - application/json; charset=utf-8
      date:
      - Sat, 12 Oct 2019 23:03:46 GMT
      expires:
      - '-1'
      pragma:
      - no-cache
      server:
      - Microsoft-HTTPAPI/2.0
      - Microsoft-HTTPAPI/2.0
      strict-transport-security:
      - max-age=31536000; includeSubDomains
      transfer-encoding:
      - chunked
      vary:
      - Accept-Encoding
      x-content-type-options:
      - nosniff
      x-ms-ratelimit-remaining-resource:
      - Microsoft.Compute/GetOperation3Min;14971,Microsoft.Compute/GetOperation30Min;29807
    status:
      code: 200
      message: OK
- request:
    body: null
    headers:
      Accept:
      - application/json
      Accept-Encoding:
      - gzip, deflate
      CommandName:
      - image create
      Connection:
      - keep-alive
      ParameterSetName:
      - -g -n --source
      User-Agent:
      - python/3.6.5 (Windows-10-10.0.17134-SP0) msrest/0.6.10 msrest_azure/0.6.2
        azure-mgmt-compute/8.0.0 Azure-SDK-For-Python AZURECLI/2.0.74
    method: GET
    uri: https://management.azure.com/subscriptions/00000000-0000-0000-0000-000000000000/resourceGroups/cli_test_vm_custom_image_conflict000001/providers/Microsoft.Compute/images/img-from-vm?api-version=2019-03-01
  response:
    body:
      string: "{\r\n  \"name\": \"img-from-vm\",\r\n  \"id\": \"/subscriptions/00000000-0000-0000-0000-000000000000/resourceGroups/cli_test_vm_custom_image_conflict000001/providers/Microsoft.Compute/images/img-from-vm\",\r\n
        \ \"type\": \"Microsoft.Compute/images\",\r\n  \"location\": \"westus\",\r\n
        \ \"tags\": {},\r\n  \"properties\": {\r\n    \"sourceVirtualMachine\": {\r\n
        \     \"id\": \"/subscriptions/00000000-0000-0000-0000-000000000000/resourceGroups/cli_test_vm_custom_image_conflict000001/providers/Microsoft.Compute/virtualMachines/test-vm\"\r\n
        \   },\r\n    \"storageProfile\": {\r\n      \"osDisk\": {\r\n        \"osType\":
        \"Linux\",\r\n        \"osState\": \"Generalized\",\r\n        \"diskSizeGB\":
        30,\r\n        \"blobUri\": \"https://vhdstorage143638bf08dfa6.blob.core.windows.net/vhds/osdisk_143638bf08.vhd\",\r\n
        \       \"caching\": \"ReadWrite\",\r\n        \"storageAccountType\": \"Standard_LRS\"\r\n
        \     },\r\n      \"dataDisks\": []\r\n    },\r\n    \"provisioningState\":
        \"Succeeded\",\r\n    \"hyperVGeneration\": \"V1\"\r\n  }\r\n}"
    headers:
      cache-control:
      - no-cache
      content-length:
      - '1012'
      content-type:
      - application/json; charset=utf-8
      date:
      - Sat, 12 Oct 2019 23:03:46 GMT
      expires:
      - '-1'
      pragma:
      - no-cache
      server:
      - Microsoft-HTTPAPI/2.0
      - Microsoft-HTTPAPI/2.0
      strict-transport-security:
      - max-age=31536000; includeSubDomains
      transfer-encoding:
      - chunked
      vary:
      - Accept-Encoding
      x-content-type-options:
      - nosniff
      x-ms-ratelimit-remaining-resource:
      - Microsoft.Compute/GetImages3Min;354,Microsoft.Compute/GetImages30Min;1771
    status:
      code: 200
      message: OK
- request:
    body: null
    headers:
      Accept:
      - application/json
      Accept-Encoding:
      - gzip, deflate
      CommandName:
      - image create
      Connection:
      - keep-alive
      ParameterSetName:
      - -g -n --source
      User-Agent:
      - python/3.6.5 (Windows-10-10.0.17134-SP0) msrest/0.6.10 msrest_azure/0.6.2
        azure-mgmt-compute/8.0.0 Azure-SDK-For-Python AZURECLI/2.0.74
      accept-language:
      - en-US
    method: GET
    uri: https://management.azure.com/subscriptions/00000000-0000-0000-0000-000000000000/resourceGroups/cli_test_vm_custom_image_conflict000001/providers/Microsoft.Compute/virtualMachines/test-vm?api-version=2019-03-01
  response:
    body:
      string: "{\r\n  \"name\": \"test-vm\",\r\n  \"id\": \"/subscriptions/00000000-0000-0000-0000-000000000000/resourceGroups/cli_test_vm_custom_image_conflict000001/providers/Microsoft.Compute/virtualMachines/test-vm\",\r\n
        \ \"type\": \"Microsoft.Compute/virtualMachines\",\r\n  \"location\": \"westus\",\r\n
        \ \"tags\": {},\r\n  \"properties\": {\r\n    \"vmId\": \"3c9a2c5b-aa1c-4c47-9b03-560386bf2d26\",\r\n
        \   \"hardwareProfile\": {\r\n      \"vmSize\": \"Standard_DS1_v2\"\r\n    },\r\n
        \   \"storageProfile\": {\r\n      \"imageReference\": {\r\n        \"publisher\":
        \"Debian\",\r\n        \"offer\": \"debian-10\",\r\n        \"sku\": \"10\",\r\n
        \       \"version\": \"latest\"\r\n      },\r\n      \"osDisk\": {\r\n        \"osType\":
        \"Linux\",\r\n        \"name\": \"osdisk_143638bf08\",\r\n        \"createOption\":
        \"FromImage\",\r\n        \"vhd\": {\r\n          \"uri\": \"https://vhdstorage143638bf08dfa6.blob.core.windows.net/vhds/osdisk_143638bf08.vhd\"\r\n
        \       },\r\n        \"caching\": \"ReadWrite\",\r\n        \"diskSizeGB\":
        30\r\n      },\r\n      \"dataDisks\": []\r\n    },\r\n    \"osProfile\":
        {\r\n      \"computerName\": \"test-vm\",\r\n      \"adminUsername\": \"ubuntu\",\r\n
        \     \"linuxConfiguration\": {\r\n        \"disablePasswordAuthentication\":
        false,\r\n        \"provisionVMAgent\": true\r\n      },\r\n      \"secrets\":
        [],\r\n      \"allowExtensionOperations\": true,\r\n      \"requireGuestProvisionSignal\":
        true\r\n    },\r\n    \"networkProfile\": {\"networkInterfaces\":[{\"id\":\"/subscriptions/00000000-0000-0000-0000-000000000000/resourceGroups/cli_test_vm_custom_image_conflict000001/providers/Microsoft.Network/networkInterfaces/test-vmVMNic\"}]},\r\n
        \   \"provisioningState\": \"Succeeded\"\r\n  }\r\n}"
    headers:
      cache-control:
      - no-cache
      content-length:
      - '1621'
      content-type:
      - application/json; charset=utf-8
      date:
      - Sat, 12 Oct 2019 23:03:47 GMT
      expires:
      - '-1'
      pragma:
      - no-cache
      server:
      - Microsoft-HTTPAPI/2.0
      - Microsoft-HTTPAPI/2.0
      strict-transport-security:
      - max-age=31536000; includeSubDomains
      transfer-encoding:
      - chunked
      vary:
      - Accept-Encoding
      x-content-type-options:
      - nosniff
      x-ms-ratelimit-remaining-resource:
      - Microsoft.Compute/LowCostGet3Min;3991,Microsoft.Compute/LowCostGet30Min;31877
    status:
      code: 200
      message: OK
- request:
    body: null
    headers:
      Accept:
      - application/json
      Accept-Encoding:
      - gzip, deflate
      CommandName:
      - image create
      Connection:
      - keep-alive
      ParameterSetName:
      - -g -n --source
      User-Agent:
      - python/3.6.5 (Windows-10-10.0.17134-SP0) msrest/0.6.10 msrest_azure/0.6.2
        azure-mgmt-resource/4.0.0 Azure-SDK-For-Python AZURECLI/2.0.74
      accept-language:
      - en-US
    method: GET
    uri: https://management.azure.com/subscriptions/00000000-0000-0000-0000-000000000000/resourcegroups/cli_test_vm_custom_image_conflict000001?api-version=2019-07-01
  response:
    body:
      string: '{"id":"/subscriptions/00000000-0000-0000-0000-000000000000/resourceGroups/cli_test_vm_custom_image_conflict000001","name":"cli_test_vm_custom_image_conflict000001","type":"Microsoft.Resources/resourceGroups","location":"westus","tags":{"product":"azurecli","cause":"automation","date":"2019-10-12T22:53:10Z"},"properties":{"provisioningState":"Succeeded"}}'
    headers:
      cache-control:
      - no-cache
      content-length:
      - '428'
      content-type:
      - application/json; charset=utf-8
      date:
      - Sat, 12 Oct 2019 23:03:47 GMT
      expires:
      - '-1'
      pragma:
      - no-cache
      strict-transport-security:
      - max-age=31536000; includeSubDomains
      vary:
      - Accept-Encoding
      x-content-type-options:
      - nosniff
    status:
      code: 200
      message: OK
- request:
    body: 'b''{"location": "westus", "tags": {}, "properties": {"sourceVirtualMachine":
      {"id": "/subscriptions/00000000-0000-0000-0000-000000000000/resourceGroups/cli_test_vm_custom_image_conflict000001/providers/Microsoft.Compute/virtualMachines/test-vm"},
      "hyperVGeneration": "V1"}}'''
    headers:
      Accept:
      - application/json
      Accept-Encoding:
      - gzip, deflate
      CommandName:
      - image create
      Connection:
      - keep-alive
      Content-Length:
      - '306'
      Content-Type:
      - application/json; charset=utf-8
      ParameterSetName:
      - -g -n --source
      User-Agent:
      - python/3.6.5 (Windows-10-10.0.17134-SP0) msrest/0.6.10 msrest_azure/0.6.2
        azure-mgmt-compute/8.0.0 Azure-SDK-For-Python AZURECLI/2.0.74
      accept-language:
      - en-US
    method: PUT
    uri: https://management.azure.com/subscriptions/00000000-0000-0000-0000-000000000000/resourceGroups/cli_test_vm_custom_image_conflict000001/providers/Microsoft.Compute/images/img-from-vm-id?api-version=2019-03-01
  response:
    body:
      string: "{\r\n  \"name\": \"img-from-vm-id\",\r\n  \"id\": \"/subscriptions/00000000-0000-0000-0000-000000000000/resourceGroups/cli_test_vm_custom_image_conflict000001/providers/Microsoft.Compute/images/img-from-vm-id\",\r\n
        \ \"type\": \"Microsoft.Compute/images\",\r\n  \"location\": \"westus\",\r\n
        \ \"tags\": {},\r\n  \"properties\": {\r\n    \"sourceVirtualMachine\": {\r\n
        \     \"id\": \"/subscriptions/00000000-0000-0000-0000-000000000000/resourceGroups/cli_test_vm_custom_image_conflict000001/providers/Microsoft.Compute/virtualMachines/test-vm\"\r\n
        \   },\r\n    \"storageProfile\": {\r\n      \"osDisk\": {\r\n        \"osType\":
        \"Linux\",\r\n        \"osState\": \"Generalized\",\r\n        \"diskSizeGB\":
        30,\r\n        \"blobUri\": \"https://vhdstorage143638bf08dfa6.blob.core.windows.net/vhds/osdisk_143638bf08.vhd\",\r\n
        \       \"caching\": \"ReadWrite\",\r\n        \"storageAccountType\": \"Standard_LRS\"\r\n
        \     },\r\n      \"dataDisks\": []\r\n    },\r\n    \"provisioningState\":
        \"Creating\",\r\n    \"hyperVGeneration\": \"V1\"\r\n  }\r\n}"
    headers:
      azure-asyncnotification:
      - Enabled
      azure-asyncoperation:
      - https://management.azure.com/subscriptions/00000000-0000-0000-0000-000000000000/providers/Microsoft.Compute/locations/westus/operations/89682cdb-4102-4c4d-8d5b-8f21a646b015?api-version=2019-03-01
      cache-control:
      - no-cache
      content-length:
      - '1017'
      content-type:
      - application/json; charset=utf-8
      date:
      - Sat, 12 Oct 2019 23:03:53 GMT
      expires:
      - '-1'
      pragma:
      - no-cache
      server:
      - Microsoft-HTTPAPI/2.0
      - Microsoft-HTTPAPI/2.0
      strict-transport-security:
      - max-age=31536000; includeSubDomains
      x-content-type-options:
      - nosniff
      x-ms-ratelimit-remaining-resource:
      - Microsoft.Compute/CreateImages3Min;36,Microsoft.Compute/CreateImages30Min;194
      x-ms-ratelimit-remaining-subscription-writes:
      - '1199'
    status:
      code: 201
      message: Created
- request:
    body: null
    headers:
      Accept:
      - application/json
      Accept-Encoding:
      - gzip, deflate
      CommandName:
      - image create
      Connection:
      - keep-alive
      ParameterSetName:
      - -g -n --source
      User-Agent:
      - python/3.6.5 (Windows-10-10.0.17134-SP0) msrest/0.6.10 msrest_azure/0.6.2
        azure-mgmt-compute/8.0.0 Azure-SDK-For-Python AZURECLI/2.0.74
    method: GET
    uri: https://management.azure.com/subscriptions/00000000-0000-0000-0000-000000000000/providers/Microsoft.Compute/locations/westus/operations/89682cdb-4102-4c4d-8d5b-8f21a646b015?api-version=2019-03-01
  response:
    body:
      string: "{\r\n  \"startTime\": \"2019-10-12T23:03:48.7560861+00:00\",\r\n  \"endTime\":
        \"2019-10-12T23:03:58.9127867+00:00\",\r\n  \"status\": \"Succeeded\",\r\n
        \ \"name\": \"89682cdb-4102-4c4d-8d5b-8f21a646b015\"\r\n}"
    headers:
      cache-control:
      - no-cache
      content-length:
      - '184'
      content-type:
      - application/json; charset=utf-8
      date:
      - Sat, 12 Oct 2019 23:04:23 GMT
      expires:
      - '-1'
      pragma:
      - no-cache
      server:
      - Microsoft-HTTPAPI/2.0
      - Microsoft-HTTPAPI/2.0
      strict-transport-security:
      - max-age=31536000; includeSubDomains
      transfer-encoding:
      - chunked
      vary:
      - Accept-Encoding
      x-content-type-options:
      - nosniff
      x-ms-ratelimit-remaining-resource:
      - Microsoft.Compute/GetOperation3Min;14975,Microsoft.Compute/GetOperation30Min;29804
    status:
      code: 200
      message: OK
- request:
    body: null
    headers:
      Accept:
      - application/json
      Accept-Encoding:
      - gzip, deflate
      CommandName:
      - image create
      Connection:
      - keep-alive
      ParameterSetName:
      - -g -n --source
      User-Agent:
      - python/3.6.5 (Windows-10-10.0.17134-SP0) msrest/0.6.10 msrest_azure/0.6.2
        azure-mgmt-compute/8.0.0 Azure-SDK-For-Python AZURECLI/2.0.74
    method: GET
    uri: https://management.azure.com/subscriptions/00000000-0000-0000-0000-000000000000/resourceGroups/cli_test_vm_custom_image_conflict000001/providers/Microsoft.Compute/images/img-from-vm-id?api-version=2019-03-01
  response:
    body:
      string: "{\r\n  \"name\": \"img-from-vm-id\",\r\n  \"id\": \"/subscriptions/00000000-0000-0000-0000-000000000000/resourceGroups/cli_test_vm_custom_image_conflict000001/providers/Microsoft.Compute/images/img-from-vm-id\",\r\n
        \ \"type\": \"Microsoft.Compute/images\",\r\n  \"location\": \"westus\",\r\n
        \ \"tags\": {},\r\n  \"properties\": {\r\n    \"sourceVirtualMachine\": {\r\n
        \     \"id\": \"/subscriptions/00000000-0000-0000-0000-000000000000/resourceGroups/cli_test_vm_custom_image_conflict000001/providers/Microsoft.Compute/virtualMachines/test-vm\"\r\n
        \   },\r\n    \"storageProfile\": {\r\n      \"osDisk\": {\r\n        \"osType\":
        \"Linux\",\r\n        \"osState\": \"Generalized\",\r\n        \"diskSizeGB\":
        30,\r\n        \"blobUri\": \"https://vhdstorage143638bf08dfa6.blob.core.windows.net/vhds/osdisk_143638bf08.vhd\",\r\n
        \       \"caching\": \"ReadWrite\",\r\n        \"storageAccountType\": \"Standard_LRS\"\r\n
        \     },\r\n      \"dataDisks\": []\r\n    },\r\n    \"provisioningState\":
        \"Succeeded\",\r\n    \"hyperVGeneration\": \"V1\"\r\n  }\r\n}"
    headers:
      cache-control:
      - no-cache
      content-length:
      - '1018'
      content-type:
      - application/json; charset=utf-8
      date:
      - Sat, 12 Oct 2019 23:04:23 GMT
      expires:
      - '-1'
      pragma:
      - no-cache
      server:
      - Microsoft-HTTPAPI/2.0
      - Microsoft-HTTPAPI/2.0
      strict-transport-security:
      - max-age=31536000; includeSubDomains
      transfer-encoding:
      - chunked
      vary:
      - Accept-Encoding
      x-content-type-options:
      - nosniff
      x-ms-ratelimit-remaining-resource:
      - Microsoft.Compute/GetImages3Min;351,Microsoft.Compute/GetImages30Min;1768
    status:
      code: 200
      message: OK
- request:
    body: null
    headers:
      Accept:
      - application/json
      Accept-Encoding:
      - gzip, deflate
      CommandName:
      - image create
      Connection:
      - keep-alive
      ParameterSetName:
      - -g -n --source --os-type --hyper-v-generation
      User-Agent:
      - python/3.6.5 (Windows-10-10.0.17134-SP0) msrest/0.6.10 msrest_azure/0.6.2
        azure-mgmt-resource/4.0.0 Azure-SDK-For-Python AZURECLI/2.0.74
      accept-language:
      - en-US
    method: GET
    uri: https://management.azure.com/subscriptions/00000000-0000-0000-0000-000000000000/resourcegroups/cli_test_vm_custom_image_conflict000001?api-version=2019-07-01
  response:
    body:
      string: '{"id":"/subscriptions/00000000-0000-0000-0000-000000000000/resourceGroups/cli_test_vm_custom_image_conflict000001","name":"cli_test_vm_custom_image_conflict000001","type":"Microsoft.Resources/resourceGroups","location":"westus","tags":{"product":"azurecli","cause":"automation","date":"2019-10-12T22:53:10Z"},"properties":{"provisioningState":"Succeeded"}}'
    headers:
      cache-control:
      - no-cache
      content-length:
      - '428'
      content-type:
      - application/json; charset=utf-8
      date:
      - Sat, 12 Oct 2019 23:04:24 GMT
      expires:
      - '-1'
      pragma:
      - no-cache
      strict-transport-security:
      - max-age=31536000; includeSubDomains
      vary:
      - Accept-Encoding
      x-content-type-options:
      - nosniff
    status:
      code: 200
      message: OK
- request:
    body: 'b''{"location": "westus", "tags": {}, "properties": {"storageProfile":
      {"osDisk": {"osType": "Linux", "osState": "Generalized", "managedDisk": {"id":
      "/subscriptions/00000000-0000-0000-0000-000000000000/resourceGroups/cli_test_vm_custom_image_conflict000001/providers/Microsoft.Compute/disks/test-vm"}},
      "dataDisks": []}, "hyperVGeneration": "V1"}}'''
    headers:
      Accept:
      - application/json
      Accept-Encoding:
      - gzip, deflate
      CommandName:
      - image create
      Connection:
      - keep-alive
      Content-Length:
      - '381'
      Content-Type:
      - application/json; charset=utf-8
      ParameterSetName:
      - -g -n --source --os-type --hyper-v-generation
      User-Agent:
      - python/3.6.5 (Windows-10-10.0.17134-SP0) msrest/0.6.10 msrest_azure/0.6.2
        azure-mgmt-compute/8.0.0 Azure-SDK-For-Python AZURECLI/2.0.74
      accept-language:
      - en-US
    method: PUT
    uri: https://management.azure.com/subscriptions/00000000-0000-0000-0000-000000000000/resourceGroups/cli_test_vm_custom_image_conflict000001/providers/Microsoft.Compute/images/img-from-disk-id?api-version=2019-03-01
  response:
    body:
      string: "{\r\n  \"name\": \"img-from-disk-id\",\r\n  \"id\": \"/subscriptions/00000000-0000-0000-0000-000000000000/resourceGroups/cli_test_vm_custom_image_conflict000001/providers/Microsoft.Compute/images/img-from-disk-id\",\r\n
        \ \"type\": \"Microsoft.Compute/images\",\r\n  \"location\": \"westus\",\r\n
        \ \"tags\": {},\r\n  \"properties\": {\r\n    \"storageProfile\": {\r\n      \"osDisk\":
        {\r\n        \"osType\": \"Linux\",\r\n        \"osState\": \"Generalized\",\r\n
        \       \"managedDisk\": {\r\n          \"id\": \"/subscriptions/00000000-0000-0000-0000-000000000000/resourceGroups/cli_test_vm_custom_image_conflict000001/providers/Microsoft.Compute/disks/test-vm\"\r\n
        \       },\r\n        \"caching\": \"None\",\r\n        \"storageAccountType\":
        \"Standard_LRS\"\r\n      },\r\n      \"dataDisks\": []\r\n    },\r\n    \"provisioningState\":
        \"Creating\",\r\n    \"hyperVGeneration\": \"V1\"\r\n  }\r\n}"
    headers:
      azure-asyncnotification:
      - Enabled
      azure-asyncoperation:
      - https://management.azure.com/subscriptions/00000000-0000-0000-0000-000000000000/providers/Microsoft.Compute/locations/westus/operations/3dbb4fa4-055a-490f-a19b-a2c9b0ab6b0c?api-version=2019-03-01
      cache-control:
      - no-cache
      content-length:
      - '877'
      content-type:
      - application/json; charset=utf-8
      date:
      - Sat, 12 Oct 2019 23:04:24 GMT
      expires:
      - '-1'
      pragma:
      - no-cache
      server:
      - Microsoft-HTTPAPI/2.0
      - Microsoft-HTTPAPI/2.0
      strict-transport-security:
      - max-age=31536000; includeSubDomains
      x-content-type-options:
      - nosniff
      x-ms-ratelimit-remaining-resource:
      - Microsoft.Compute/CreateImages3Min;34,Microsoft.Compute/CreateImages30Min;192
      x-ms-ratelimit-remaining-subscription-writes:
      - '1198'
    status:
      code: 201
      message: Created
- request:
    body: null
    headers:
      Accept:
      - application/json
      Accept-Encoding:
      - gzip, deflate
      CommandName:
      - image create
      Connection:
      - keep-alive
      ParameterSetName:
      - -g -n --source --os-type --hyper-v-generation
      User-Agent:
      - python/3.6.5 (Windows-10-10.0.17134-SP0) msrest/0.6.10 msrest_azure/0.6.2
        azure-mgmt-compute/8.0.0 Azure-SDK-For-Python AZURECLI/2.0.74
    method: GET
    uri: https://management.azure.com/subscriptions/00000000-0000-0000-0000-000000000000/providers/Microsoft.Compute/locations/westus/operations/3dbb4fa4-055a-490f-a19b-a2c9b0ab6b0c?api-version=2019-03-01
  response:
    body:
      string: "{\r\n  \"startTime\": \"2019-10-12T23:04:24.8826588+00:00\",\r\n  \"endTime\":
        \"2019-10-12T23:04:30.0234722+00:00\",\r\n  \"status\": \"Succeeded\",\r\n
        \ \"name\": \"3dbb4fa4-055a-490f-a19b-a2c9b0ab6b0c\"\r\n}"
    headers:
      cache-control:
      - no-cache
      content-length:
      - '184'
      content-type:
      - application/json; charset=utf-8
      date:
      - Sat, 12 Oct 2019 23:04:54 GMT
      expires:
      - '-1'
      pragma:
      - no-cache
      server:
      - Microsoft-HTTPAPI/2.0
      - Microsoft-HTTPAPI/2.0
      strict-transport-security:
      - max-age=31536000; includeSubDomains
      transfer-encoding:
      - chunked
      vary:
      - Accept-Encoding
      x-content-type-options:
      - nosniff
      x-ms-ratelimit-remaining-resource:
      - Microsoft.Compute/GetOperation3Min;14975,Microsoft.Compute/GetOperation30Min;29801
    status:
      code: 200
      message: OK
- request:
    body: null
    headers:
      Accept:
      - application/json
      Accept-Encoding:
      - gzip, deflate
      CommandName:
      - image create
      Connection:
      - keep-alive
      ParameterSetName:
      - -g -n --source --os-type --hyper-v-generation
      User-Agent:
      - python/3.6.5 (Windows-10-10.0.17134-SP0) msrest/0.6.10 msrest_azure/0.6.2
        azure-mgmt-compute/8.0.0 Azure-SDK-For-Python AZURECLI/2.0.74
    method: GET
    uri: https://management.azure.com/subscriptions/00000000-0000-0000-0000-000000000000/resourceGroups/cli_test_vm_custom_image_conflict000001/providers/Microsoft.Compute/images/img-from-disk-id?api-version=2019-03-01
  response:
    body:
      string: "{\r\n  \"name\": \"img-from-disk-id\",\r\n  \"id\": \"/subscriptions/00000000-0000-0000-0000-000000000000/resourceGroups/cli_test_vm_custom_image_conflict000001/providers/Microsoft.Compute/images/img-from-disk-id\",\r\n
        \ \"type\": \"Microsoft.Compute/images\",\r\n  \"location\": \"westus\",\r\n
        \ \"tags\": {},\r\n  \"properties\": {\r\n    \"storageProfile\": {\r\n      \"osDisk\":
        {\r\n        \"osType\": \"Linux\",\r\n        \"osState\": \"Generalized\",\r\n
        \       \"diskSizeGB\": 30,\r\n        \"managedDisk\": {\r\n          \"id\":
        \"/subscriptions/00000000-0000-0000-0000-000000000000/resourceGroups/cli_test_vm_custom_image_conflict000001/providers/Microsoft.Compute/disks/test-vm\"\r\n
        \       },\r\n        \"caching\": \"None\",\r\n        \"storageAccountType\":
        \"Standard_LRS\"\r\n      },\r\n      \"dataDisks\": []\r\n    },\r\n    \"provisioningState\":
        \"Succeeded\",\r\n    \"hyperVGeneration\": \"V1\"\r\n  }\r\n}"
    headers:
      cache-control:
      - no-cache
      content-length:
      - '905'
      content-type:
      - application/json; charset=utf-8
      date:
      - Sat, 12 Oct 2019 23:04:55 GMT
      expires:
      - '-1'
      pragma:
      - no-cache
      server:
      - Microsoft-HTTPAPI/2.0
      - Microsoft-HTTPAPI/2.0
      strict-transport-security:
      - max-age=31536000; includeSubDomains
      transfer-encoding:
      - chunked
      vary:
      - Accept-Encoding
      x-content-type-options:
      - nosniff
      x-ms-ratelimit-remaining-resource:
      - Microsoft.Compute/GetImages3Min;348,Microsoft.Compute/GetImages30Min;1765
    status:
      code: 200
      message: OK
version: 1
