interactions:
- request:
    body: null
    headers:
      Accept:
      - application/json
      Accept-Encoding:
      - gzip, deflate
      Connection:
      - keep-alive
      Content-Length:
      - '0'
      Content-Type:
      - application/json
      User-Agent:
      - azsdk-python-keyvault-keys/4.8.0b2 Python/3.10.9 (Windows-10-10.0.22621-SP0)
    method: POST
    uri: https://vault1-000002.vault.azure.net/keys/key1-000005/create?api-version=7.4-preview.1
  response:
    body:
      string: '{"error":{"code":"Unauthorized","message":"AKV10000: Request is missing
        a Bearer or PoP token."}}'
    headers:
      cache-control:
      - no-cache
      content-length:
      - '97'
      content-type:
      - application/json; charset=utf-8
      date:
      - Wed, 15 Mar 2023 08:54:54 GMT
      expires:
      - '-1'
      pragma:
      - no-cache
      strict-transport-security:
      - max-age=31536000;includeSubDomains
      www-authenticate:
      - Bearer authorization="https://login.windows.net/54826b22-38d6-4fb2-bad9-b7b93a3e9c5a",
        resource="https://vault.azure.net"
      x-content-type-options:
      - nosniff
      x-ms-keyvault-network-info:
      - conn_type=Ipv4;addr=167.220.255.101;act_addr_fam=InterNetwork;
      x-ms-keyvault-region:
      - westcentralus
      x-ms-keyvault-service-version:
      - 1.9.736.1
    status:
      code: 401
      message: Unauthorized
- request:
    body: '{"kty": "RSA", "attributes": {"enabled": true}}'
    headers:
      Accept:
      - application/json
      Accept-Encoding:
      - gzip, deflate
      Connection:
      - keep-alive
      Content-Length:
      - '47'
      Content-Type:
      - application/json
      User-Agent:
      - azsdk-python-keyvault-keys/4.8.0b2 Python/3.10.9 (Windows-10-10.0.22621-SP0)
    method: POST
    uri: https://vault1-000002.vault.azure.net/keys/key1-000005/create?api-version=7.4-preview.1
  response:
    body:
      string: '{"key":{"kid":"https://vault1-000002.vault.azure.net/keys/key1-000005/0b5370b6b1dc4d07ba2c8d126d332205","kty":"RSA","key_ops":["encrypt","decrypt","sign","verify","wrapKey","unwrapKey"],"n":"t7WsnjeAkPyfDYIf_4m-nRH5t9fhAd4P0GYeEQTCiF5W1OONgppe--4TtZRTVjGSsGG22Qf33J5u92Hg21pW7w2q_NZMW1yZ9NO9UBhsUI9VDTRsX9KXcc8_6eUgOY4DunCNpJaFjLoGny89Mxshq1ce4bnxiLjQB4-FfIGL0EKpbSosic9cenvyNbFQR4x1Yhkcxs82DO37choeE7MwOADXeHYebxptqolwdfCYSM3Mcvpk1hKNTD-q03LzFITQDZTXmTmXbQDjaLhEAi9ria7v69vU5n_ubHIXJLplyC_zpePCGd3s1r_SKbywCxYvQfQeVA4Mg_-Bldky78KqZQ","e":"AQAB"},"attributes":{"enabled":true,"created":1678870495,"updated":1678870495,"recoveryLevel":"CustomizedRecoverable","recoverableDays":7,"exportable":false}}'
    headers:
      cache-control:
      - no-cache
      content-length:
      - '698'
      content-type:
      - application/json; charset=utf-8
      date:
      - Wed, 15 Mar 2023 08:54:54 GMT
      expires:
      - '-1'
      pragma:
      - no-cache
      strict-transport-security:
      - max-age=31536000;includeSubDomains
      x-content-type-options:
      - nosniff
      x-ms-keyvault-network-info:
      - conn_type=Ipv4;addr=167.220.255.101;act_addr_fam=InterNetwork;
      x-ms-keyvault-region:
      - westcentralus
      x-ms-keyvault-service-version:
      - 1.9.736.1
    status:
      code: 200
      message: OK
- request:
    body: null
    headers:
      Accept:
      - application/json
      Accept-Encoding:
      - gzip, deflate
      CommandName:
      - keyvault show
      Connection:
      - keep-alive
      ParameterSetName:
      - -g -n
      User-Agent:
      - AZURECLI/2.46.0 azsdk-python-azure-mgmt-keyvault/10.1.0 Python/3.10.9 (Windows-10-10.0.22621-SP0)
    method: GET
    uri: https://management.azure.com/subscriptions/00000000-0000-0000-0000-000000000000/resourceGroups/cli_test_disk_encryption_set_update_000001/providers/Microsoft.KeyVault/vaults/vault2-000003?api-version=2022-07-01
  response:
    body:
      string: '{"id":"/subscriptions/00000000-0000-0000-0000-000000000000/resourceGroups/cli_test_disk_encryption_set_update_000001/providers/Microsoft.KeyVault/vaults/vault2-000003","name":"vault2-000003","type":"Microsoft.KeyVault/vaults","location":"westcentralus","tags":{},"systemData":{"createdBy":"v-jingszhang@microsoft.com","createdByType":"User","createdAt":"2023-03-15T08:53:40.662Z","lastModifiedBy":"v-jingszhang@microsoft.com","lastModifiedByType":"User","lastModifiedAt":"2023-03-15T08:53:40.662Z"},"properties":{"sku":{"family":"A","name":"standard"},"tenantId":"54826b22-38d6-4fb2-bad9-b7b93a3e9c5a","accessPolicies":[{"tenantId":"54826b22-38d6-4fb2-bad9-b7b93a3e9c5a","objectId":"d44a2991-98c6-47c3-b59b-2b30d72cfcc2","permissions":{"keys":["all"],"secrets":["all"],"certificates":["all"],"storage":["all"]}}],"enabledForDeployment":false,"enableSoftDelete":true,"softDeleteRetentionInDays":7,"enablePurgeProtection":true,"vaultUri":"https://vault2-000003.vault.azure.net/","provisioningState":"Succeeded","publicNetworkAccess":"Enabled"}}'
    headers:
      cache-control:
      - no-cache
      content-length:
      - '1042'
      content-type:
      - application/json; charset=utf-8
      date:
      - Wed, 15 Mar 2023 08:54:56 GMT
      expires:
      - '-1'
      pragma:
      - no-cache
      server:
      - Microsoft-IIS/10.0
      strict-transport-security:
      - max-age=31536000; includeSubDomains
      transfer-encoding:
      - chunked
      vary:
      - Accept-Encoding
      x-aspnet-version:
      - 4.0.30319
      x-content-type-options:
      - nosniff
      x-ms-keyvault-service-version:
      - 1.5.692.0
    status:
      code: 200
      message: OK
- request:
    body: null
    headers:
      Accept:
      - application/json
      Accept-Encoding:
      - gzip, deflate
      CommandName:
      - keyvault show
      Connection:
      - keep-alive
      ParameterSetName:
      - -g -n
      User-Agent:
      - AZURECLI/2.46.0 azsdk-python-azure-mgmt-keyvault/10.1.0 Python/3.10.9 (Windows-10-10.0.22621-SP0)
    method: GET
    uri: https://management.azure.com/subscriptions/00000000-0000-0000-0000-000000000000/resourceGroups/cli_test_disk_encryption_set_update_000001/providers/Microsoft.KeyVault/vaults/vault3-000004?api-version=2022-07-01
  response:
    body:
      string: '{"id":"/subscriptions/00000000-0000-0000-0000-000000000000/resourceGroups/cli_test_disk_encryption_set_update_000001/providers/Microsoft.KeyVault/vaults/vault3-000004","name":"vault3-000004","type":"Microsoft.KeyVault/vaults","location":"westcentralus","tags":{},"systemData":{"createdBy":"v-jingszhang@microsoft.com","createdByType":"User","createdAt":"2023-03-15T08:54:19.577Z","lastModifiedBy":"v-jingszhang@microsoft.com","lastModifiedByType":"User","lastModifiedAt":"2023-03-15T08:54:19.577Z"},"properties":{"sku":{"family":"A","name":"standard"},"tenantId":"54826b22-38d6-4fb2-bad9-b7b93a3e9c5a","accessPolicies":[{"tenantId":"54826b22-38d6-4fb2-bad9-b7b93a3e9c5a","objectId":"d44a2991-98c6-47c3-b59b-2b30d72cfcc2","permissions":{"keys":["all"],"secrets":["all"],"certificates":["all"],"storage":["all"]}}],"enabledForDeployment":false,"enableSoftDelete":true,"softDeleteRetentionInDays":7,"enablePurgeProtection":true,"vaultUri":"https://vault3-000004.vault.azure.net/","provisioningState":"Succeeded","publicNetworkAccess":"Enabled"}}'
    headers:
      cache-control:
      - no-cache
      content-length:
      - '1042'
      content-type:
      - application/json; charset=utf-8
      date:
      - Wed, 15 Mar 2023 08:54:58 GMT
      expires:
      - '-1'
      pragma:
      - no-cache
      server:
      - Microsoft-IIS/10.0
      strict-transport-security:
      - max-age=31536000; includeSubDomains
      transfer-encoding:
      - chunked
      vary:
      - Accept-Encoding
      x-aspnet-version:
      - 4.0.30319
      x-content-type-options:
      - nosniff
      x-ms-keyvault-service-version:
      - 1.5.692.0
    status:
      code: 200
      message: OK
- request:
    body: null
    headers:
      Accept:
      - application/json
      Accept-Encoding:
      - gzip, deflate
      Connection:
      - keep-alive
      Content-Length:
      - '0'
      Content-Type:
      - application/json
      User-Agent:
      - azsdk-python-keyvault-keys/4.8.0b2 Python/3.10.9 (Windows-10-10.0.22621-SP0)
    method: POST
    uri: https://vault2-000003.vault.azure.net/keys/key2-000006/create?api-version=7.4-preview.1
  response:
    body:
      string: '{"error":{"code":"Unauthorized","message":"AKV10000: Request is missing
        a Bearer or PoP token."}}'
    headers:
      cache-control:
      - no-cache
      content-length:
      - '97'
      content-type:
      - application/json; charset=utf-8
      date:
      - Wed, 15 Mar 2023 08:55:01 GMT
      expires:
      - '-1'
      pragma:
      - no-cache
      strict-transport-security:
      - max-age=31536000;includeSubDomains
      www-authenticate:
      - Bearer authorization="https://login.windows.net/54826b22-38d6-4fb2-bad9-b7b93a3e9c5a",
        resource="https://vault.azure.net"
      x-content-type-options:
      - nosniff
      x-ms-keyvault-network-info:
      - conn_type=Ipv4;addr=167.220.255.101;act_addr_fam=InterNetwork;
      x-ms-keyvault-region:
      - westcentralus
      x-ms-keyvault-service-version:
      - 1.9.736.1
    status:
      code: 401
      message: Unauthorized
- request:
    body: '{"kty": "RSA", "attributes": {"enabled": true}}'
    headers:
      Accept:
      - application/json
      Accept-Encoding:
      - gzip, deflate
      Connection:
      - keep-alive
      Content-Length:
      - '47'
      Content-Type:
      - application/json
      User-Agent:
      - azsdk-python-keyvault-keys/4.8.0b2 Python/3.10.9 (Windows-10-10.0.22621-SP0)
    method: POST
    uri: https://vault2-000003.vault.azure.net/keys/key2-000006/create?api-version=7.4-preview.1
  response:
    body:
      string: '{"key":{"kid":"https://vault2-000003.vault.azure.net/keys/key2-000006/6ff0478e0acb41d9973f3c6bc08eed53","kty":"RSA","key_ops":["encrypt","decrypt","sign","verify","wrapKey","unwrapKey"],"n":"u0ZbyoO5bgrb6c64Ex0IjVHF6onywugoKaiRzEG8KrstdGb2WjYlobEwAJatyXKQlUYTHWQ0BG6g7E7BDQyiHRhe6id40_5ISSs2141LtBY8SvBu_iF6yLlg72ywJgD6TPISequwbbRPf-NomlKJbSAMDYTf7ItC4kVrh_4DQikbVqZPk8qHWatv4Vu9KxvVldFO1_GsYRgqOHImnGYCdG0typsXMpMN3goOkiB3TCGnoEE-FyhQD8iE4DVGMJK45wCNrMm2orENuZK6SIkaGVZjKNnMPTF_-T4cGrA400UmQONYbH6ceRNRCQWZTvO6T77lQKOayR8fh_cdhSA_YQ","e":"AQAB"},"attributes":{"enabled":true,"created":1678870501,"updated":1678870501,"recoveryLevel":"CustomizedRecoverable","recoverableDays":7,"exportable":false}}'
    headers:
      cache-control:
      - no-cache
      content-length:
      - '698'
      content-type:
      - application/json; charset=utf-8
      date:
      - Wed, 15 Mar 2023 08:55:01 GMT
      expires:
      - '-1'
      pragma:
      - no-cache
      strict-transport-security:
      - max-age=31536000;includeSubDomains
      x-content-type-options:
      - nosniff
      x-ms-keyvault-network-info:
      - conn_type=Ipv4;addr=167.220.255.101;act_addr_fam=InterNetwork;
      x-ms-keyvault-region:
      - westcentralus
      x-ms-keyvault-service-version:
      - 1.9.736.1
    status:
      code: 200
      message: OK
- request:
    body: null
    headers:
      Accept:
      - application/json
      Accept-Encoding:
      - gzip, deflate
      Connection:
      - keep-alive
      Content-Length:
      - '0'
      Content-Type:
      - application/json
      User-Agent:
      - azsdk-python-keyvault-keys/4.8.0b2 Python/3.10.9 (Windows-10-10.0.22621-SP0)
    method: POST
    uri: https://vault3-000004.vault.azure.net/keys/key3-000007/create?api-version=7.4-preview.1
  response:
    body:
      string: '{"error":{"code":"Unauthorized","message":"AKV10000: Request is missing
        a Bearer or PoP token."}}'
    headers:
      cache-control:
      - no-cache
      content-length:
      - '97'
      content-type:
      - application/json; charset=utf-8
      date:
      - Wed, 15 Mar 2023 08:55:03 GMT
      expires:
      - '-1'
      pragma:
      - no-cache
      strict-transport-security:
      - max-age=31536000;includeSubDomains
      www-authenticate:
      - Bearer authorization="https://login.windows.net/54826b22-38d6-4fb2-bad9-b7b93a3e9c5a",
        resource="https://vault.azure.net"
      x-content-type-options:
      - nosniff
      x-ms-keyvault-network-info:
      - conn_type=Ipv4;addr=167.220.255.101;act_addr_fam=InterNetwork;
      x-ms-keyvault-region:
      - westcentralus
      x-ms-keyvault-service-version:
      - 1.9.736.1
    status:
      code: 401
      message: Unauthorized
- request:
    body: '{"kty": "RSA", "attributes": {"enabled": true}}'
    headers:
      Accept:
      - application/json
      Accept-Encoding:
      - gzip, deflate
      Connection:
      - keep-alive
      Content-Length:
      - '47'
      Content-Type:
      - application/json
      User-Agent:
      - azsdk-python-keyvault-keys/4.8.0b2 Python/3.10.9 (Windows-10-10.0.22621-SP0)
    method: POST
    uri: https://vault3-000004.vault.azure.net/keys/key3-000007/create?api-version=7.4-preview.1
  response:
    body:
      string: '{"key":{"kid":"https://vault3-000004.vault.azure.net/keys/key3-000007/15f52d95d24c4ff286df841ffa12941b","kty":"RSA","key_ops":["encrypt","decrypt","sign","verify","wrapKey","unwrapKey"],"n":"wbbnG0JMHbmOLeTF-EAEVXqGv8zlEDWp0yntiE8FDy05OUOIEDhb8McNhMFO_tlIZsjkec8XSWTTpf6HvAhIFfNLrigGFNmapwiW1vAX_sco76pHo9cW334Xs8lzAQ8HmRWDj4oSQ97KcduutA_vN-ZgCEawzcubXYCfld2quaIOyXhlHywa_YAN1GNv_yEUiz6OLT4om_8ds4hp7MhuV2V_1YiGuwyKPYlsyrdqwzxsPGEwduGtVTwmm_SBOQ1oD9eTHLjFDXHtIicQk1eTxFyV6U72lWLXWQXPoq3Lv73ddMjhcJzkzWHpcdpQpZSKwtqIBRQ5ExVp4rnLLeZ07Q","e":"AQAB"},"attributes":{"enabled":true,"created":1678870503,"updated":1678870503,"recoveryLevel":"CustomizedRecoverable","recoverableDays":7,"exportable":false}}'
    headers:
      cache-control:
      - no-cache
      content-length:
      - '698'
      content-type:
      - application/json; charset=utf-8
      date:
      - Wed, 15 Mar 2023 08:55:03 GMT
      expires:
      - '-1'
      pragma:
      - no-cache
      strict-transport-security:
      - max-age=31536000;includeSubDomains
      x-content-type-options:
      - nosniff
      x-ms-keyvault-network-info:
      - conn_type=Ipv4;addr=167.220.255.101;act_addr_fam=InterNetwork;
      x-ms-keyvault-region:
      - westcentralus
      x-ms-keyvault-service-version:
      - 1.9.736.1
    status:
      code: 200
      message: OK
- request:
    body: null
    headers:
      Accept:
      - application/json
      Accept-Encoding:
      - gzip, deflate
      CommandName:
      - disk-encryption-set create
      Connection:
      - keep-alive
      ParameterSetName:
      - -g -n --key-url --source-vault --enable-auto-key-rotation
      User-Agent:
      - AZURECLI/2.46.0 azsdk-python-azure-mgmt-resource/22.0.0 Python/3.10.9 (Windows-10-10.0.22621-SP0)
    method: GET
    uri: https://management.azure.com/subscriptions/00000000-0000-0000-0000-000000000000/resourcegroups/cli_test_disk_encryption_set_update_000001?api-version=2022-09-01
  response:
    body:
      string: '{"id":"/subscriptions/00000000-0000-0000-0000-000000000000/resourceGroups/cli_test_disk_encryption_set_update_000001","name":"cli_test_disk_encryption_set_update_000001","type":"Microsoft.Resources/resourceGroups","location":"westcentralus","tags":{"product":"azurecli","cause":"automation","date":"2023-03-15T08:52:53Z","StorageType":"Standard_LRS","type":"test"},"properties":{"provisioningState":"Succeeded"}}'
    headers:
      cache-control:
      - no-cache
      content-length:
      - '412'
      content-type:
      - application/json; charset=utf-8
      date:
      - Wed, 15 Mar 2023 08:55:03 GMT
      expires:
      - '-1'
      pragma:
      - no-cache
      strict-transport-security:
      - max-age=31536000; includeSubDomains
      vary:
      - Accept-Encoding
      x-content-type-options:
      - nosniff
    status:
      code: 200
      message: OK
- request:
    body: '{"location": "westcentralus", "identity": {"type": "SystemAssigned"}, "properties":
      {"activeKey": {"sourceVault": {"id": "/subscriptions/00000000-0000-0000-0000-000000000000/resourceGroups/cli_test_disk_encryption_set_update_000001/providers/Microsoft.KeyVault/vaults/vault1-000002"},
      "keyUrl": "https://vault1-000002.vault.azure.net/keys/key1-000005/0b5370b6b1dc4d07ba2c8d126d332205"},
      "rotationToLatestKeyVersionEnabled": true}}'
    headers:
      Accept:
      - application/json
      Accept-Encoding:
      - gzip, deflate
      CommandName:
      - disk-encryption-set create
      Connection:
      - keep-alive
      Content-Length:
      - '430'
      Content-Type:
      - application/json
      ParameterSetName:
      - -g -n --key-url --source-vault --enable-auto-key-rotation
      User-Agent:
      - AZURECLI/2.46.0 azsdk-python-azure-mgmt-compute/29.1.0 Python/3.10.9 (Windows-10-10.0.22621-SP0)
    method: PUT
    uri: https://management.azure.com/subscriptions/00000000-0000-0000-0000-000000000000/resourceGroups/cli_test_disk_encryption_set_update_000001/providers/Microsoft.Compute/diskEncryptionSets/des-000008?api-version=2022-03-02
  response:
    body:
      string: "{\r\n  \"location\": \"westcentralus\",\r\n  \"identity\": {\r\n  \
        \  \"type\": \"SystemAssigned\"\r\n  },\r\n  \"properties\": {\r\n    \"activeKey\"\
        : {\r\n      \"sourceVault\": {\r\n        \"id\": \"/subscriptions/00000000-0000-0000-0000-000000000000/resourceGroups/cli_test_disk_encryption_set_update_000001/providers/Microsoft.KeyVault/vaults/vault1-000002\"\
        \r\n      },\r\n      \"keyUrl\": \"https://vault1-000002.vault.azure.net/keys/key1-000005/0b5370b6b1dc4d07ba2c8d126d332205\"\
        \r\n    },\r\n    \"rotationToLatestKeyVersionEnabled\": true,\r\n    \"provisioningState\"\
        : \"Updating\"\r\n  }\r\n}"
    headers:
      azure-asyncoperation:
      - https://management.azure.com/subscriptions/00000000-0000-0000-0000-000000000000/providers/Microsoft.Compute/locations/westcentralus/DiskOperations/be0d812e-bdac-48a6-b5e0-1f913830d392?p=c7be8819-8178-488e-b751-923f11b1b57c&api-version=2022-03-02
      cache-control:
      - no-cache
      content-length:
      - '544'
      content-type:
      - application/json; charset=utf-8
      date:
      - Wed, 15 Mar 2023 08:55:10 GMT
      expires:
      - '-1'
      location:
      - https://management.azure.com/subscriptions/00000000-0000-0000-0000-000000000000/providers/Microsoft.Compute/locations/westcentralus/DiskOperations/be0d812e-bdac-48a6-b5e0-1f913830d392?p=c7be8819-8178-488e-b751-923f11b1b57c&monitor=true&api-version=2022-03-02
      pragma:
      - no-cache
      server:
      - Microsoft-HTTPAPI/2.0
      - Microsoft-HTTPAPI/2.0
      strict-transport-security:
      - max-age=31536000; includeSubDomains
      x-content-type-options:
      - nosniff
      x-ms-ratelimit-remaining-resource:
      - Microsoft.Compute/CreateUpdateHighCostDiskEncryptionSet3Min;99,Microsoft.Compute/CreateUpdateHighCostDiskEncryptionSet30Min;297
      x-ms-ratelimit-remaining-subscription-writes:
      - '1197'
    status:
      code: 202
      message: Accepted
- request:
    body: null
    headers:
      Accept:
      - '*/*'
      Accept-Encoding:
      - gzip, deflate
      CommandName:
      - disk-encryption-set create
      Connection:
      - keep-alive
      ParameterSetName:
      - -g -n --key-url --source-vault --enable-auto-key-rotation
      User-Agent:
      - AZURECLI/2.46.0 azsdk-python-azure-mgmt-compute/29.1.0 Python/3.10.9 (Windows-10-10.0.22621-SP0)
    method: GET
    uri: https://management.azure.com/subscriptions/00000000-0000-0000-0000-000000000000/providers/Microsoft.Compute/locations/westcentralus/DiskOperations/be0d812e-bdac-48a6-b5e0-1f913830d392?p=c7be8819-8178-488e-b751-923f11b1b57c&api-version=2022-03-02
  response:
    body:
      string: "{\r\n  \"startTime\": \"2023-03-15T08:55:10.565495+00:00\",\r\n  \"\
        endTime\": \"2023-03-15T08:55:10.6436167+00:00\",\r\n  \"status\": \"Succeeded\"\
        ,\r\n  \"properties\": {\r\n    \"output\": {\"name\":\"des-000008\",\"id\"\
        :\"/subscriptions/00000000-0000-0000-0000-000000000000/resourceGroups/cli_test_disk_encryption_set_update_000001/providers/Microsoft.Compute/diskEncryptionSets/des-000008\"\
        ,\"type\":\"Microsoft.Compute/diskEncryptionSets\",\"location\":\"westcentralus\"\
        ,\"identity\":{\"type\":\"SystemAssigned\",\"principalId\":\"f815ab19-9420-430f-af0e-064a8093d69c\"\
        ,\"tenantId\":\"54826b22-38d6-4fb2-bad9-b7b93a3e9c5a\"},\"properties\":{\"\
        activeKey\":{\"sourceVault\":{\"id\":\"/subscriptions/00000000-0000-0000-0000-000000000000/resourceGroups/cli_test_disk_encryption_set_update_000001/providers/Microsoft.KeyVault/vaults/vault1-000002\"\
        },\"keyUrl\":\"https://vault1-000002.vault.azure.net/keys/key1-000005/0b5370b6b1dc4d07ba2c8d126d332205\"\
        },\"encryptionType\":\"EncryptionAtRestWithCustomerKey\",\"rotationToLatestKeyVersionEnabled\"\
        :true,\"provisioningState\":\"Succeeded\"}}\r\n  },\r\n  \"name\": \"be0d812e-bdac-48a6-b5e0-1f913830d392\"\
        \r\n}"
    headers:
      cache-control:
      - no-cache
      content-length:
      - '1068'
      content-type:
      - application/json; charset=utf-8
      date:
      - Wed, 15 Mar 2023 08:55:40 GMT
      expires:
      - '-1'
      pragma:
      - no-cache
      server:
      - Microsoft-HTTPAPI/2.0
      - Microsoft-HTTPAPI/2.0
      strict-transport-security:
      - max-age=31536000; includeSubDomains
      transfer-encoding:
      - chunked
      vary:
      - Accept-Encoding
      x-content-type-options:
      - nosniff
      x-ms-ratelimit-remaining-resource:
      - Microsoft.Compute/GetOperation3Min;49994,Microsoft.Compute/GetOperation30Min;399984
    status:
      code: 200
      message: OK
- request:
    body: null
    headers:
      Accept:
      - '*/*'
      Accept-Encoding:
      - gzip, deflate
      CommandName:
      - disk-encryption-set create
      Connection:
      - keep-alive
      ParameterSetName:
      - -g -n --key-url --source-vault --enable-auto-key-rotation
      User-Agent:
      - AZURECLI/2.46.0 azsdk-python-azure-mgmt-compute/29.1.0 Python/3.10.9 (Windows-10-10.0.22621-SP0)
    method: GET
    uri: https://management.azure.com/subscriptions/00000000-0000-0000-0000-000000000000/resourceGroups/cli_test_disk_encryption_set_update_000001/providers/Microsoft.Compute/diskEncryptionSets/des-000008?api-version=2022-03-02
  response:
    body:
      string: "{\r\n  \"name\": \"des-000008\",\r\n  \"id\": \"/subscriptions/00000000-0000-0000-0000-000000000000/resourceGroups/cli_test_disk_encryption_set_update_000001/providers/Microsoft.Compute/diskEncryptionSets/des-000008\"\
        ,\r\n  \"type\": \"Microsoft.Compute/diskEncryptionSets\",\r\n  \"location\"\
        : \"westcentralus\",\r\n  \"identity\": {\r\n    \"type\": \"SystemAssigned\"\
        ,\r\n    \"principalId\": \"f815ab19-9420-430f-af0e-064a8093d69c\",\r\n  \
        \  \"tenantId\": \"54826b22-38d6-4fb2-bad9-b7b93a3e9c5a\"\r\n  },\r\n  \"\
        properties\": {\r\n    \"activeKey\": {\r\n      \"sourceVault\": {\r\n  \
        \      \"id\": \"/subscriptions/00000000-0000-0000-0000-000000000000/resourceGroups/cli_test_disk_encryption_set_update_000001/providers/Microsoft.KeyVault/vaults/vault1-000002\"\
        \r\n      },\r\n      \"keyUrl\": \"https://vault1-000002.vault.azure.net/keys/key1-000005/0b5370b6b1dc4d07ba2c8d126d332205\"\
        \r\n    },\r\n    \"encryptionType\": \"EncryptionAtRestWithCustomerKey\"\
        ,\r\n    \"rotationToLatestKeyVersionEnabled\": true,\r\n    \"provisioningState\"\
        : \"Succeeded\"\r\n  }\r\n}"
    headers:
      cache-control:
      - no-cache
      content-length:
      - '976'
      content-type:
      - application/json; charset=utf-8
      date:
      - Wed, 15 Mar 2023 08:55:41 GMT
      expires:
      - '-1'
      pragma:
      - no-cache
      server:
      - Microsoft-HTTPAPI/2.0
      - Microsoft-HTTPAPI/2.0
      strict-transport-security:
      - max-age=31536000; includeSubDomains
      transfer-encoding:
      - chunked
      vary:
      - Accept-Encoding
      x-content-type-options:
      - nosniff
      x-ms-ratelimit-remaining-resource:
      - Microsoft.Compute/LowCostGet3Min;14989,Microsoft.Compute/LowCostGet30Min;119971
    status:
      code: 200
      message: OK
- request:
    body: null
    headers:
      Accept:
      - application/json
      Accept-Encoding:
      - gzip, deflate
      CommandName:
      - disk-encryption-set show
      Connection:
      - keep-alive
      ParameterSetName:
      - -g -n
      User-Agent:
      - AZURECLI/2.46.0 azsdk-python-azure-mgmt-compute/29.1.0 Python/3.10.9 (Windows-10-10.0.22621-SP0)
    method: GET
    uri: https://management.azure.com/subscriptions/00000000-0000-0000-0000-000000000000/resourceGroups/cli_test_disk_encryption_set_update_000001/providers/Microsoft.Compute/diskEncryptionSets/des-000008?api-version=2022-03-02
  response:
    body:
      string: "{\r\n  \"name\": \"des-000008\",\r\n  \"id\": \"/subscriptions/00000000-0000-0000-0000-000000000000/resourceGroups/cli_test_disk_encryption_set_update_000001/providers/Microsoft.Compute/diskEncryptionSets/des-000008\"\
        ,\r\n  \"type\": \"Microsoft.Compute/diskEncryptionSets\",\r\n  \"location\"\
        : \"westcentralus\",\r\n  \"identity\": {\r\n    \"type\": \"SystemAssigned\"\
        ,\r\n    \"principalId\": \"f815ab19-9420-430f-af0e-064a8093d69c\",\r\n  \
        \  \"tenantId\": \"54826b22-38d6-4fb2-bad9-b7b93a3e9c5a\"\r\n  },\r\n  \"\
        properties\": {\r\n    \"activeKey\": {\r\n      \"sourceVault\": {\r\n  \
        \      \"id\": \"/subscriptions/00000000-0000-0000-0000-000000000000/resourceGroups/cli_test_disk_encryption_set_update_000001/providers/Microsoft.KeyVault/vaults/vault1-000002\"\
        \r\n      },\r\n      \"keyUrl\": \"https://vault1-000002.vault.azure.net/keys/key1-000005/0b5370b6b1dc4d07ba2c8d126d332205\"\
        \r\n    },\r\n    \"encryptionType\": \"EncryptionAtRestWithCustomerKey\"\
        ,\r\n    \"rotationToLatestKeyVersionEnabled\": true,\r\n    \"provisioningState\"\
        : \"Succeeded\"\r\n  }\r\n}"
    headers:
      cache-control:
      - no-cache
      content-length:
      - '976'
      content-type:
      - application/json; charset=utf-8
      date:
      - Wed, 15 Mar 2023 08:55:43 GMT
      expires:
      - '-1'
      pragma:
      - no-cache
      server:
      - Microsoft-HTTPAPI/2.0
      - Microsoft-HTTPAPI/2.0
      strict-transport-security:
      - max-age=31536000; includeSubDomains
      transfer-encoding:
      - chunked
      vary:
      - Accept-Encoding
      x-content-type-options:
      - nosniff
      x-ms-ratelimit-remaining-resource:
      - Microsoft.Compute/LowCostGet3Min;14988,Microsoft.Compute/LowCostGet30Min;119970
    status:
      code: 200
      message: OK
- request:
    body: null
    headers:
      Accept:
      - application/json
      Accept-Encoding:
      - gzip, deflate
      CommandName:
      - keyvault set-policy
      Connection:
      - keep-alive
      ParameterSetName:
      - -n --object-id --key-permissions
      User-Agent:
      - AZURECLI/2.46.0 azsdk-python-azure-mgmt-keyvault/10.1.0 Python/3.10.9 (Windows-10-10.0.22621-SP0)
    method: GET
    uri: https://management.azure.com/subscriptions/00000000-0000-0000-0000-000000000000/resources?$filter=resourceType%20eq%20%27Microsoft.KeyVault%2Fvaults%27&api-version=2015-11-01
  response:
    body:
      string: '{"value":[{"id":"/subscriptions/00000000-0000-0000-0000-000000000000/resourceGroups/AzurePowerShellLiveTest/providers/Microsoft.KeyVault/vaults/LiveTestKeyVault","name":"LiveTestKeyVault","type":"Microsoft.KeyVault/vaults","location":"westus","tags":{}},{"id":"/subscriptions/00000000-0000-0000-0000-000000000000/resourceGroups/bez-rg/providers/Microsoft.KeyVault/vaults/bez-kv","name":"bez-kv","type":"Microsoft.KeyVault/vaults","location":"eastus","tags":{}},{"id":"/subscriptions/00000000-0000-0000-0000-000000000000/resourceGroups/cli_test_disk_encryption_set_update_000001/providers/Microsoft.KeyVault/vaults/vault1-000002","name":"vault1-000002","type":"Microsoft.KeyVault/vaults","location":"westcentralus","tags":{}},{"id":"/subscriptions/00000000-0000-0000-0000-000000000000/resourceGroups/cli_test_disk_encryption_set_update_000001/providers/Microsoft.KeyVault/vaults/vault2-000003","name":"vault2-000003","type":"Microsoft.KeyVault/vaults","location":"westcentralus","tags":{}},{"id":"/subscriptions/00000000-0000-0000-0000-000000000000/resourceGroups/cli_test_disk_encryption_set_update_000001/providers/Microsoft.KeyVault/vaults/vault3-000004","name":"vault3-000004","type":"Microsoft.KeyVault/vaults","location":"westcentralus","tags":{}},{"id":"/subscriptions/00000000-0000-0000-0000-000000000000/resourceGroups/cli_test_os_disk_security_encryptionbcdfqy65i4sfnnxsn42iekzl6hfnelkxzda5uqc/providers/Microsoft.KeyVault/vaults/vaultp7d5r7moge","name":"vaultp7d5r7moge","type":"Microsoft.KeyVault/vaults","location":"northeurope","tags":{}},{"id":"/subscriptions/00000000-0000-0000-0000-000000000000/resourceGroups/hang-rg/providers/Microsoft.KeyVault/vaults/hangkey","name":"hangkey","type":"Microsoft.KeyVault/vaults","location":"koreasouth","tags":{"kk":"kk","zz":"kk","--kk":"zz"}},{"id":"/subscriptions/00000000-0000-0000-0000-000000000000/resourceGroups/hang-rg/providers/Microsoft.KeyVault/vaults/similar0327002194","name":"similar0327002194","type":"Microsoft.KeyVault/vaults","location":"eastus2","tags":{}},{"id":"/subscriptions/00000000-0000-0000-0000-000000000000/resourceGroups/shiying-rg/providers/Microsoft.KeyVault/vaults/shiyingkv","name":"shiyingkv","type":"Microsoft.KeyVault/vaults","location":"eastus","tags":{}},{"id":"/subscriptions/00000000-0000-0000-0000-000000000000/resourceGroups/yishitest/providers/Microsoft.KeyVault/vaults/ystestkv","name":"ystestkv","type":"Microsoft.KeyVault/vaults","location":"eastus","tags":{}}]}'
    headers:
      cache-control:
      - no-cache
      content-length:
      - '2460'
      content-type:
      - application/json; charset=utf-8
      date:
      - Wed, 15 Mar 2023 08:55:44 GMT
      expires:
      - '-1'
      pragma:
      - no-cache
      strict-transport-security:
      - max-age=31536000; includeSubDomains
      vary:
      - Accept-Encoding
      x-content-type-options:
      - nosniff
    status:
      code: 200
      message: OK
- request:
    body: null
    headers:
      Accept:
      - application/json
      Accept-Encoding:
      - gzip, deflate
      CommandName:
      - keyvault set-policy
      Connection:
      - keep-alive
      ParameterSetName:
      - -n --object-id --key-permissions
      User-Agent:
      - AZURECLI/2.46.0 azsdk-python-azure-mgmt-keyvault/10.1.0 Python/3.10.9 (Windows-10-10.0.22621-SP0)
    method: GET
    uri: https://management.azure.com/subscriptions/00000000-0000-0000-0000-000000000000/resourceGroups/cli_test_disk_encryption_set_update_000001/providers/Microsoft.KeyVault/vaults/vault2-000003?api-version=2022-07-01
  response:
    body:
      string: '{"id":"/subscriptions/00000000-0000-0000-0000-000000000000/resourceGroups/cli_test_disk_encryption_set_update_000001/providers/Microsoft.KeyVault/vaults/vault2-000003","name":"vault2-000003","type":"Microsoft.KeyVault/vaults","location":"westcentralus","tags":{},"systemData":{"createdBy":"v-jingszhang@microsoft.com","createdByType":"User","createdAt":"2023-03-15T08:53:40.662Z","lastModifiedBy":"v-jingszhang@microsoft.com","lastModifiedByType":"User","lastModifiedAt":"2023-03-15T08:53:40.662Z"},"properties":{"sku":{"family":"A","name":"standard"},"tenantId":"54826b22-38d6-4fb2-bad9-b7b93a3e9c5a","accessPolicies":[{"tenantId":"54826b22-38d6-4fb2-bad9-b7b93a3e9c5a","objectId":"d44a2991-98c6-47c3-b59b-2b30d72cfcc2","permissions":{"keys":["all"],"secrets":["all"],"certificates":["all"],"storage":["all"]}}],"enabledForDeployment":false,"enableSoftDelete":true,"softDeleteRetentionInDays":7,"enablePurgeProtection":true,"vaultUri":"https://vault2-000003.vault.azure.net/","provisioningState":"Succeeded","publicNetworkAccess":"Enabled"}}'
    headers:
      cache-control:
      - no-cache
      content-length:
      - '1042'
      content-type:
      - application/json; charset=utf-8
      date:
      - Wed, 15 Mar 2023 08:55:45 GMT
      expires:
      - '-1'
      pragma:
      - no-cache
      server:
      - Microsoft-IIS/10.0
      strict-transport-security:
      - max-age=31536000; includeSubDomains
      transfer-encoding:
      - chunked
      vary:
      - Accept-Encoding
      x-aspnet-version:
      - 4.0.30319
      x-content-type-options:
      - nosniff
      x-ms-keyvault-service-version:
      - 1.5.692.0
    status:
      code: 200
      message: OK
- request:
    body: '{"location": "westcentralus", "tags": {}, "properties": {"tenantId": "54826b22-38d6-4fb2-bad9-b7b93a3e9c5a",
      "sku": {"family": "A", "name": "standard"}, "accessPolicies": [{"tenantId":
      "54826b22-38d6-4fb2-bad9-b7b93a3e9c5a", "objectId": "d44a2991-98c6-47c3-b59b-2b30d72cfcc2",
      "permissions": {"keys": ["all"], "secrets": ["all"], "certificates": ["all"],
      "storage": ["all"]}}, {"tenantId": "54826b22-38d6-4fb2-bad9-b7b93a3e9c5a", "objectId":
      "f815ab19-9420-430f-af0e-064a8093d69c", "permissions": {"keys": ["get", "wrapKey",
      "unwrapKey"]}}], "vaultUri": "https://vault2-000003.vault.azure.net/", "enabledForDeployment":
      false, "enableSoftDelete": true, "softDeleteRetentionInDays": 7, "enablePurgeProtection":
      true, "provisioningState": "Succeeded", "publicNetworkAccess": "Enabled"}}'
    headers:
      Accept:
      - application/json
      Accept-Encoding:
      - gzip, deflate
      CommandName:
      - keyvault set-policy
      Connection:
      - keep-alive
      Content-Length:
      - '784'
      Content-Type:
      - application/json
      ParameterSetName:
      - -n --object-id --key-permissions
      User-Agent:
      - AZURECLI/2.46.0 azsdk-python-azure-mgmt-keyvault/10.1.0 Python/3.10.9 (Windows-10-10.0.22621-SP0)
    method: PUT
    uri: https://management.azure.com/subscriptions/00000000-0000-0000-0000-000000000000/resourceGroups/cli_test_disk_encryption_set_update_000001/providers/Microsoft.KeyVault/vaults/vault2-000003?api-version=2022-07-01
  response:
    body:
      string: '{"id":"/subscriptions/00000000-0000-0000-0000-000000000000/resourceGroups/cli_test_disk_encryption_set_update_000001/providers/Microsoft.KeyVault/vaults/vault2-000003","name":"vault2-000003","type":"Microsoft.KeyVault/vaults","location":"westcentralus","tags":{},"systemData":{"createdBy":"v-jingszhang@microsoft.com","createdByType":"User","createdAt":"2023-03-15T08:53:40.662Z","lastModifiedBy":"v-jingszhang@microsoft.com","lastModifiedByType":"User","lastModifiedAt":"2023-03-15T08:55:46.167Z"},"properties":{"sku":{"family":"A","name":"standard"},"tenantId":"54826b22-38d6-4fb2-bad9-b7b93a3e9c5a","accessPolicies":[{"tenantId":"54826b22-38d6-4fb2-bad9-b7b93a3e9c5a","objectId":"d44a2991-98c6-47c3-b59b-2b30d72cfcc2","permissions":{"keys":["all"],"secrets":["all"],"certificates":["all"],"storage":["all"]}},{"tenantId":"54826b22-38d6-4fb2-bad9-b7b93a3e9c5a","objectId":"f815ab19-9420-430f-af0e-064a8093d69c","permissions":{"keys":["get","wrapKey","unwrapKey"]}}],"enabledForDeployment":false,"enableSoftDelete":true,"softDeleteRetentionInDays":7,"enablePurgeProtection":true,"vaultUri":"https://vault2-000003.vault.azure.net/","provisioningState":"Succeeded","publicNetworkAccess":"Enabled"}}'
    headers:
      cache-control:
      - no-cache
      content-length:
      - '1197'
      content-type:
      - application/json; charset=utf-8
      date:
      - Wed, 15 Mar 2023 08:55:45 GMT
      expires:
      - '-1'
      pragma:
      - no-cache
      server:
      - Microsoft-IIS/10.0
      strict-transport-security:
      - max-age=31536000; includeSubDomains
      transfer-encoding:
      - chunked
      vary:
      - Accept-Encoding
      x-aspnet-version:
      - 4.0.30319
      x-content-type-options:
      - nosniff
      x-ms-keyvault-service-version:
      - 1.5.692.0
      x-ms-ratelimit-remaining-subscription-writes:
      - '1197'
    status:
      code: 200
      message: OK
- request:
    body: null
    headers:
      Accept:
      - '*/*'
      Accept-Encoding:
      - gzip, deflate
      CommandName:
      - role assignment create
      Connection:
      - keep-alive
      ParameterSetName:
      - --assignee --role --scope
      User-Agent:
      - python/3.10.9 (Windows-10-10.0.22621-SP0) AZURECLI/2.46.0
    method: GET
    uri: https://graph.microsoft.com/v1.0/servicePrincipals?$filter=servicePrincipalNames%2Fany%28c%3Ac%20eq%20%27f815ab19-9420-430f-af0e-064a8093d69c%27%29
  response:
    body:
      string: '{"@odata.context":"https://graph.microsoft.com/v1.0/$metadata#servicePrincipals","value":[]}'
    headers:
      cache-control:
      - no-cache
      content-length:
      - '92'
      content-type:
      - application/json;odata.metadata=minimal;odata.streaming=true;IEEE754Compatible=false;charset=utf-8
      date:
      - Wed, 15 Mar 2023 08:56:16 GMT
      odata-version:
      - '4.0'
      request-id:
      - 7b47e416-eea3-4394-b132-9bb27f24908e
      strict-transport-security:
      - max-age=31536000
      transfer-encoding:
      - chunked
      vary:
      - Accept-Encoding
      x-ms-ags-diagnostic:
      - '{"ServerInfo":{"DataCenter":"Southeast Asia","Slice":"E","Ring":"5","ScaleUnit":"000","RoleInstance":"SI1PEPF0000D583"}}'
      x-ms-resource-unit:
      - '1'
    status:
      code: 200
      message: OK
- request:
    body: '{"ids": ["f815ab19-9420-430f-af0e-064a8093d69c"], "types": ["user", "group",
      "servicePrincipal", "directoryObjectPartnerReference"]}'
    headers:
      Accept:
      - '*/*'
      Accept-Encoding:
      - gzip, deflate
      CommandName:
      - role assignment create
      Connection:
      - keep-alive
      Content-Length:
      - '132'
      Content-Type:
      - application/json
      ParameterSetName:
      - --assignee --role --scope
      User-Agent:
      - python/3.10.9 (Windows-10-10.0.22621-SP0) AZURECLI/2.46.0
    method: POST
    uri: https://graph.microsoft.com/v1.0/directoryObjects/getByIds
  response:
    body:
      string: '{"@odata.context":"https://graph.microsoft.com/v1.0/$metadata#directoryObjects","value":[{"@odata.type":"#microsoft.graph.servicePrincipal","id":"f815ab19-9420-430f-af0e-064a8093d69c","deletedDateTime":null,"accountEnabled":true,"alternativeNames":["isExplicit=False","/subscriptions/00000000-0000-0000-0000-000000000000/resourcegroups/cli_test_disk_encryption_set_update_000001/providers/Microsoft.Compute/diskEncryptionSets/des-000008"],"appDisplayName":null,"appDescription":null,"appId":"3204a7ba-86bc-4b98-aa8b-eb8938cdcfb9","applicationTemplateId":null,"appOwnerOrganizationId":null,"appRoleAssignmentRequired":false,"createdDateTime":"2023-03-15T08:55:09Z","description":null,"disabledByMicrosoftStatus":null,"displayName":"des-000008","homepage":null,"loginUrl":null,"logoutUrl":null,"notes":null,"notificationEmailAddresses":[],"preferredSingleSignOnMode":null,"preferredTokenSigningKeyThumbprint":null,"replyUrls":[],"servicePrincipalNames":["3204a7ba-86bc-4b98-aa8b-eb8938cdcfb9","https://identity.azure.net/Myw9fWGoBfAxxOXJBUO/LjswTAdwwXhQn7RmLI7Eumo="],"servicePrincipalType":"ManagedIdentity","signInAudience":null,"tags":[],"tokenEncryptionKeyId":null,"info":null,"samlSingleSignOnSettings":null,"addIns":[],"appRoles":[],"keyCredentials":[{"customKeyIdentifier":"BF411C417CA1596BBD6CD194288A355988FD510D","displayName":"CN=3204a7ba-86bc-4b98-aa8b-eb8938cdcfb9,
        DC=54826b22-38d6-4fb2-bad9-b7b93a3e9c5a","endDateTime":"2023-06-13T08:50:00Z","key":null,"keyId":"d40b60bb-aae2-41a7-865f-f9e5e9be45dc","startDateTime":"2023-03-15T08:50:00Z","type":"AsymmetricX509Cert","usage":"Verify"}],"oauth2PermissionScopes":[],"passwordCredentials":[],"resourceSpecificApplicationPermissions":[],"verifiedPublisher":{"displayName":null,"verifiedPublisherId":null,"addedDateTime":null}}]}'
    headers:
      cache-control:
      - no-cache
      content-length:
      - '1787'
      content-type:
      - application/json;odata.metadata=minimal;odata.streaming=true;IEEE754Compatible=false;charset=utf-8
      date:
      - Wed, 15 Mar 2023 08:56:17 GMT
      location:
      - https://graph.microsoft.com
      odata-version:
      - '4.0'
      request-id:
      - 4e45aa8d-48e1-4017-89ed-0cb69ba7e604
      strict-transport-security:
      - max-age=31536000
      transfer-encoding:
      - chunked
      vary:
      - Accept-Encoding
      x-ms-ags-diagnostic:
      - '{"ServerInfo":{"DataCenter":"Southeast Asia","Slice":"E","Ring":"5","ScaleUnit":"000","RoleInstance":"SI1PEPF0000CB75"}}'
      x-ms-resource-unit:
      - '3'
    status:
      code: 200
      message: OK
- request:
    body: null
    headers:
      Accept:
      - application/json
      Accept-Encoding:
      - gzip, deflate
      CommandName:
      - role assignment create
      Connection:
      - keep-alive
      ParameterSetName:
      - --assignee --role --scope
      User-Agent:
      - AZURECLI/2.46.0 azsdk-python-azure-mgmt-authorization/3.0.0 Python/3.10.9
        (Windows-10-10.0.22621-SP0)
    method: GET
    uri: https://management.azure.com/subscriptions/00000000-0000-0000-0000-000000000000/resourceGroups/cli_test_disk_encryption_set_update_000001/providers/Microsoft.KeyVault/vaults/vault2-000003/providers/Microsoft.Authorization/roleDefinitions?$filter=roleName%20eq%20%27Reader%27&api-version=2022-04-01
  response:
    body:
      string: '{"value":[{"properties":{"roleName":"Reader","type":"BuiltInRole","description":"View
        all resources, but does not allow you to make any changes.","assignableScopes":["/"],"permissions":[{"actions":["*/read"],"notActions":[],"dataActions":[],"notDataActions":[]}],"createdOn":"2015-02-02T21:55:09.8806423Z","updatedOn":"2021-11-11T20:13:47.8628684Z","createdBy":null,"updatedBy":null},"id":"/subscriptions/00000000-0000-0000-0000-000000000000/providers/Microsoft.Authorization/roleDefinitions/acdd72a7-3385-48ef-bd42-f606fba81ae7","type":"Microsoft.Authorization/roleDefinitions","name":"acdd72a7-3385-48ef-bd42-f606fba81ae7"}]}'
    headers:
      cache-control:
      - no-cache
      content-length:
      - '627'
      content-type:
      - application/json; charset=utf-8
      date:
      - Wed, 15 Mar 2023 08:56:18 GMT
      expires:
      - '-1'
      pragma:
      - no-cache
      set-cookie:
      - x-ms-gateway-slice=Production; path=/; secure; samesite=none; httponly
      strict-transport-security:
      - max-age=31536000; includeSubDomains
      transfer-encoding:
      - chunked
      vary:
      - Accept-Encoding
      x-content-type-options:
      - nosniff
    status:
      code: 200
      message: OK
- request:
    body: '{"properties": {"roleDefinitionId": "/subscriptions/00000000-0000-0000-0000-000000000000/providers/Microsoft.Authorization/roleDefinitions/acdd72a7-3385-48ef-bd42-f606fba81ae7",
      "principalId": "f815ab19-9420-430f-af0e-064a8093d69c", "principalType": "ServicePrincipal"}}'
    headers:
      Accept:
      - application/json
      Accept-Encoding:
      - gzip, deflate
      CommandName:
      - role assignment create
      Connection:
      - keep-alive
      Content-Length:
      - '270'
      Content-Type:
      - application/json
      Cookie:
      - x-ms-gateway-slice=Production
      ParameterSetName:
      - --assignee --role --scope
      User-Agent:
      - AZURECLI/2.46.0 azsdk-python-azure-mgmt-authorization/3.0.0 Python/3.10.9
        (Windows-10-10.0.22621-SP0)
    method: PUT
    uri: https://management.azure.com/subscriptions/00000000-0000-0000-0000-000000000000/resourceGroups/cli_test_disk_encryption_set_update_000001/providers/Microsoft.KeyVault/vaults/vault2-000003/providers/Microsoft.Authorization/roleAssignments/88888888-0000-0000-0000-000000000001?api-version=2022-04-01
  response:
    body:
      string: '{"properties":{"roleDefinitionId":"/subscriptions/00000000-0000-0000-0000-000000000000/providers/Microsoft.Authorization/roleDefinitions/acdd72a7-3385-48ef-bd42-f606fba81ae7","principalId":"f815ab19-9420-430f-af0e-064a8093d69c","principalType":"ServicePrincipal","scope":"/subscriptions/00000000-0000-0000-0000-000000000000/resourceGroups/cli_test_disk_encryption_set_update_000001/providers/Microsoft.KeyVault/vaults/vault2-000003","condition":null,"conditionVersion":null,"createdOn":"2023-03-15T08:56:19.6207555Z","updatedOn":"2023-03-15T08:56:20.9170872Z","createdBy":null,"updatedBy":"d44a2991-98c6-47c3-b59b-2b30d72cfcc2","delegatedManagedIdentityResourceId":null,"description":null},"id":"/subscriptions/00000000-0000-0000-0000-000000000000/resourceGroups/cli_test_disk_encryption_set_update_000001/providers/Microsoft.KeyVault/vaults/vault2-000003/providers/Microsoft.Authorization/roleAssignments/88888888-0000-0000-0000-000000000001","type":"Microsoft.Authorization/roleAssignments","name":"88888888-0000-0000-0000-000000000001"}'
    headers:
      cache-control:
      - no-cache
      content-length:
      - '1039'
      content-type:
      - application/json; charset=utf-8
      date:
      - Wed, 15 Mar 2023 08:56:24 GMT
      expires:
      - '-1'
      pragma:
      - no-cache
      strict-transport-security:
      - max-age=31536000; includeSubDomains
      x-content-type-options:
      - nosniff
      x-ms-ratelimit-remaining-subscription-writes:
      - '1198'
    status:
      code: 201
      message: Created
- request:
    body: null
    headers:
      Accept:
      - application/json
      Accept-Encoding:
      - gzip, deflate
      CommandName:
      - disk-encryption-set update
      Connection:
      - keep-alive
      ParameterSetName:
      - -g -n --source-vault --key-url --enable-auto-key-rotation
      User-Agent:
      - AZURECLI/2.46.0 azsdk-python-azure-mgmt-compute/29.1.0 Python/3.10.9 (Windows-10-10.0.22621-SP0)
    method: GET
    uri: https://management.azure.com/subscriptions/00000000-0000-0000-0000-000000000000/resourceGroups/cli_test_disk_encryption_set_update_000001/providers/Microsoft.Compute/diskEncryptionSets/des-000008?api-version=2022-03-02
  response:
    body:
      string: "{\r\n  \"name\": \"des-000008\",\r\n  \"id\": \"/subscriptions/00000000-0000-0000-0000-000000000000/resourceGroups/cli_test_disk_encryption_set_update_000001/providers/Microsoft.Compute/diskEncryptionSets/des-000008\"\
        ,\r\n  \"type\": \"Microsoft.Compute/diskEncryptionSets\",\r\n  \"location\"\
        : \"westcentralus\",\r\n  \"identity\": {\r\n    \"type\": \"SystemAssigned\"\
        ,\r\n    \"principalId\": \"f815ab19-9420-430f-af0e-064a8093d69c\",\r\n  \
        \  \"tenantId\": \"54826b22-38d6-4fb2-bad9-b7b93a3e9c5a\"\r\n  },\r\n  \"\
        properties\": {\r\n    \"activeKey\": {\r\n      \"sourceVault\": {\r\n  \
        \      \"id\": \"/subscriptions/00000000-0000-0000-0000-000000000000/resourceGroups/cli_test_disk_encryption_set_update_000001/providers/Microsoft.KeyVault/vaults/vault1-000002\"\
        \r\n      },\r\n      \"keyUrl\": \"https://vault1-000002.vault.azure.net/keys/key1-000005/0b5370b6b1dc4d07ba2c8d126d332205\"\
        \r\n    },\r\n    \"encryptionType\": \"EncryptionAtRestWithCustomerKey\"\
        ,\r\n    \"rotationToLatestKeyVersionEnabled\": true,\r\n    \"provisioningState\"\
        : \"Succeeded\"\r\n  }\r\n}"
    headers:
      cache-control:
      - no-cache
      content-length:
      - '976'
      content-type:
      - application/json; charset=utf-8
      date:
      - Wed, 15 Mar 2023 08:56:57 GMT
      expires:
      - '-1'
      pragma:
      - no-cache
      server:
      - Microsoft-HTTPAPI/2.0
      - Microsoft-HTTPAPI/2.0
      strict-transport-security:
      - max-age=31536000; includeSubDomains
      transfer-encoding:
      - chunked
      vary:
      - Accept-Encoding
      x-content-type-options:
      - nosniff
      x-ms-ratelimit-remaining-resource:
      - Microsoft.Compute/LowCostGet3Min;14985,Microsoft.Compute/LowCostGet30Min;119967
    status:
      code: 200
      message: OK
- request:
    body: '{"location": "westcentralus", "identity": {"type": "SystemAssigned"}, "properties":
      {"encryptionType": "EncryptionAtRestWithCustomerKey", "activeKey": {"sourceVault":
      {"id": "/subscriptions/00000000-0000-0000-0000-000000000000/resourceGroups/cli_test_disk_encryption_set_update_000001/providers/Microsoft.KeyVault/vaults/vault2-000003"},
      "keyUrl": "https://vault2-000003.vault.azure.net/keys/key2-000006/6ff0478e0acb41d9973f3c6bc08eed53"},
      "rotationToLatestKeyVersionEnabled": false}}'
    headers:
      Accept:
      - application/json
      Accept-Encoding:
      - gzip, deflate
      CommandName:
      - disk-encryption-set update
      Connection:
      - keep-alive
      Content-Length:
      - '484'
      Content-Type:
      - application/json
      ParameterSetName:
      - -g -n --source-vault --key-url --enable-auto-key-rotation
      User-Agent:
      - AZURECLI/2.46.0 azsdk-python-azure-mgmt-compute/29.1.0 Python/3.10.9 (Windows-10-10.0.22621-SP0)
    method: PUT
    uri: https://management.azure.com/subscriptions/00000000-0000-0000-0000-000000000000/resourceGroups/cli_test_disk_encryption_set_update_000001/providers/Microsoft.Compute/diskEncryptionSets/des-000008?api-version=2022-03-02
  response:
    body:
      string: "{\r\n  \"location\": \"westcentralus\",\r\n  \"identity\": {\r\n  \
        \  \"type\": \"SystemAssigned\"\r\n  },\r\n  \"properties\": {\r\n    \"activeKey\"\
        : {\r\n      \"sourceVault\": {\r\n        \"id\": \"/subscriptions/00000000-0000-0000-0000-000000000000/resourceGroups/cli_test_disk_encryption_set_update_000001/providers/Microsoft.KeyVault/vaults/vault2-000003\"\
        \r\n      },\r\n      \"keyUrl\": \"https://vault2-000003.vault.azure.net/keys/key2-000006/6ff0478e0acb41d9973f3c6bc08eed53\"\
        \r\n    },\r\n    \"encryptionType\": \"EncryptionAtRestWithCustomerKey\"\
        ,\r\n    \"rotationToLatestKeyVersionEnabled\": false,\r\n    \"provisioningState\"\
        : \"Updating\"\r\n  }\r\n}"
    headers:
      azure-asyncoperation:
      - https://management.azure.com/subscriptions/00000000-0000-0000-0000-000000000000/providers/Microsoft.Compute/locations/westcentralus/DiskOperations/786e8a85-13d9-4c5c-b91b-db915524f4e2?p=c7be8819-8178-488e-b751-923f11b1b57c&api-version=2022-03-02
      cache-control:
      - no-cache
      content-length:
      - '603'
      content-type:
      - application/json; charset=utf-8
      date:
      - Wed, 15 Mar 2023 08:57:00 GMT
      expires:
      - '-1'
      location:
      - https://management.azure.com/subscriptions/00000000-0000-0000-0000-000000000000/providers/Microsoft.Compute/locations/westcentralus/DiskOperations/786e8a85-13d9-4c5c-b91b-db915524f4e2?p=c7be8819-8178-488e-b751-923f11b1b57c&monitor=true&api-version=2022-03-02
      pragma:
      - no-cache
      server:
      - Microsoft-HTTPAPI/2.0
      - Microsoft-HTTPAPI/2.0
      strict-transport-security:
      - max-age=31536000; includeSubDomains
      x-content-type-options:
      - nosniff
      x-ms-ratelimit-remaining-resource:
      - Microsoft.Compute/CreateUpdateHighCostDiskEncryptionSet3Min;98,Microsoft.Compute/CreateUpdateHighCostDiskEncryptionSet30Min;296
      x-ms-ratelimit-remaining-subscription-writes:
      - '1197'
    status:
      code: 202
      message: Accepted
- request:
    body: null
    headers:
      Accept:
      - '*/*'
      Accept-Encoding:
      - gzip, deflate
      CommandName:
      - disk-encryption-set update
      Connection:
      - keep-alive
      ParameterSetName:
      - -g -n --source-vault --key-url --enable-auto-key-rotation
      User-Agent:
      - AZURECLI/2.46.0 azsdk-python-azure-mgmt-compute/29.1.0 Python/3.10.9 (Windows-10-10.0.22621-SP0)
    method: GET
    uri: https://management.azure.com/subscriptions/00000000-0000-0000-0000-000000000000/providers/Microsoft.Compute/locations/westcentralus/DiskOperations/786e8a85-13d9-4c5c-b91b-db915524f4e2?p=c7be8819-8178-488e-b751-923f11b1b57c&api-version=2022-03-02
  response:
    body:
      string: "{\r\n  \"startTime\": \"2023-03-15T08:57:00.6125698+00:00\",\r\n  \"\
        endTime\": \"2023-03-15T08:57:01.471967+00:00\",\r\n  \"status\": \"Succeeded\"\
        ,\r\n  \"properties\": {\r\n    \"output\": {\"name\":\"des-000008\",\"id\"\
        :\"/subscriptions/00000000-0000-0000-0000-000000000000/resourceGroups/cli_test_disk_encryption_set_update_000001/providers/Microsoft.Compute/diskEncryptionSets/des-000008\"\
        ,\"type\":\"Microsoft.Compute/diskEncryptionSets\",\"location\":\"westcentralus\"\
        ,\"identity\":{\"type\":\"SystemAssigned\",\"principalId\":\"f815ab19-9420-430f-af0e-064a8093d69c\"\
        ,\"tenantId\":\"54826b22-38d6-4fb2-bad9-b7b93a3e9c5a\"},\"properties\":{\"\
        activeKey\":{\"sourceVault\":{\"id\":\"/subscriptions/00000000-0000-0000-0000-000000000000/resourceGroups/cli_test_disk_encryption_set_update_000001/providers/Microsoft.KeyVault/vaults/vault2-000003\"\
        },\"keyUrl\":\"https://vault2-000003.vault.azure.net/keys/key2-000006/6ff0478e0acb41d9973f3c6bc08eed53\"\
        },\"encryptionType\":\"EncryptionAtRestWithCustomerKey\",\"rotationToLatestKeyVersionEnabled\"\
        :false,\"provisioningState\":\"Succeeded\",\"lastKeyRotationTimestamp\":\"\
        2023-03-15T08:57:01.425049+00:00\"}}\r\n  },\r\n  \"name\": \"786e8a85-13d9-4c5c-b91b-db915524f4e2\"\
        \r\n}"
    headers:
      cache-control:
      - no-cache
      content-length:
      - '1131'
      content-type:
      - application/json; charset=utf-8
      date:
      - Wed, 15 Mar 2023 08:57:30 GMT
      expires:
      - '-1'
      pragma:
      - no-cache
      server:
      - Microsoft-HTTPAPI/2.0
      - Microsoft-HTTPAPI/2.0
      strict-transport-security:
      - max-age=31536000; includeSubDomains
      transfer-encoding:
      - chunked
      vary:
      - Accept-Encoding
      x-content-type-options:
      - nosniff
      x-ms-ratelimit-remaining-resource:
      - Microsoft.Compute/GetOperation3Min;49994,Microsoft.Compute/GetOperation30Min;399982
    status:
      code: 200
      message: OK
- request:
    body: null
    headers:
      Accept:
      - '*/*'
      Accept-Encoding:
      - gzip, deflate
      CommandName:
      - disk-encryption-set update
      Connection:
      - keep-alive
      ParameterSetName:
      - -g -n --source-vault --key-url --enable-auto-key-rotation
      User-Agent:
      - AZURECLI/2.46.0 azsdk-python-azure-mgmt-compute/29.1.0 Python/3.10.9 (Windows-10-10.0.22621-SP0)
    method: GET
    uri: https://management.azure.com/subscriptions/00000000-0000-0000-0000-000000000000/resourceGroups/cli_test_disk_encryption_set_update_000001/providers/Microsoft.Compute/diskEncryptionSets/des-000008?api-version=2022-03-02
  response:
    body:
      string: "{\r\n  \"name\": \"des-000008\",\r\n  \"id\": \"/subscriptions/00000000-0000-0000-0000-000000000000/resourceGroups/cli_test_disk_encryption_set_update_000001/providers/Microsoft.Compute/diskEncryptionSets/des-000008\"\
        ,\r\n  \"type\": \"Microsoft.Compute/diskEncryptionSets\",\r\n  \"location\"\
        : \"westcentralus\",\r\n  \"identity\": {\r\n    \"type\": \"SystemAssigned\"\
        ,\r\n    \"principalId\": \"f815ab19-9420-430f-af0e-064a8093d69c\",\r\n  \
        \  \"tenantId\": \"54826b22-38d6-4fb2-bad9-b7b93a3e9c5a\"\r\n  },\r\n  \"\
        properties\": {\r\n    \"activeKey\": {\r\n      \"sourceVault\": {\r\n  \
        \      \"id\": \"/subscriptions/00000000-0000-0000-0000-000000000000/resourceGroups/cli_test_disk_encryption_set_update_000001/providers/Microsoft.KeyVault/vaults/vault2-000003\"\
        \r\n      },\r\n      \"keyUrl\": \"https://vault2-000003.vault.azure.net/keys/key2-000006/6ff0478e0acb41d9973f3c6bc08eed53\"\
        \r\n    },\r\n    \"encryptionType\": \"EncryptionAtRestWithCustomerKey\"\
        ,\r\n    \"rotationToLatestKeyVersionEnabled\": false,\r\n    \"provisioningState\"\
        : \"Succeeded\",\r\n    \"lastKeyRotationTimestamp\": \"2023-03-15T08:57:01.425049+00:00\"\
        \r\n  }\r\n}"
    headers:
      cache-control:
      - no-cache
      content-length:
      - '1046'
      content-type:
      - application/json; charset=utf-8
      date:
      - Wed, 15 Mar 2023 08:57:31 GMT
      expires:
      - '-1'
      pragma:
      - no-cache
      server:
      - Microsoft-HTTPAPI/2.0
      - Microsoft-HTTPAPI/2.0
      strict-transport-security:
      - max-age=31536000; includeSubDomains
      transfer-encoding:
      - chunked
      vary:
      - Accept-Encoding
      x-content-type-options:
      - nosniff
      x-ms-ratelimit-remaining-resource:
      - Microsoft.Compute/LowCostGet3Min;14984,Microsoft.Compute/LowCostGet30Min;119964
    status:
      code: 200
      message: OK
- request:
    body: null
    headers:
      Accept:
      - application/json
      Accept-Encoding:
      - gzip, deflate
      CommandName:
      - disk-encryption-set delete
      Connection:
      - keep-alive
      Content-Length:
      - '0'
      ParameterSetName:
      - -g -n
      User-Agent:
      - AZURECLI/2.46.0 azsdk-python-azure-mgmt-compute/29.1.0 Python/3.10.9 (Windows-10-10.0.22621-SP0)
    method: DELETE
    uri: https://management.azure.com/subscriptions/00000000-0000-0000-0000-000000000000/resourceGroups/cli_test_disk_encryption_set_update_000001/providers/Microsoft.Compute/diskEncryptionSets/des-000008?api-version=2022-03-02
  response:
    body:
      string: ''
    headers:
      azure-asyncoperation:
      - https://management.azure.com/subscriptions/00000000-0000-0000-0000-000000000000/providers/Microsoft.Compute/locations/westcentralus/DiskOperations/c424e657-c03b-4936-8470-a6604f7924cb?p=c7be8819-8178-488e-b751-923f11b1b57c&api-version=2022-03-02
      cache-control:
      - no-cache
      content-length:
      - '0'
      date:
      - Wed, 15 Mar 2023 08:57:34 GMT
      expires:
      - '-1'
      location:
      - https://management.azure.com/subscriptions/00000000-0000-0000-0000-000000000000/providers/Microsoft.Compute/locations/westcentralus/DiskOperations/c424e657-c03b-4936-8470-a6604f7924cb?p=c7be8819-8178-488e-b751-923f11b1b57c&monitor=true&api-version=2022-03-02
      pragma:
      - no-cache
      server:
      - Microsoft-HTTPAPI/2.0
      - Microsoft-HTTPAPI/2.0
      strict-transport-security:
      - max-age=31536000; includeSubDomains
      x-content-type-options:
      - nosniff
      x-ms-ratelimit-remaining-resource:
      - Microsoft.Compute/DeleteHighCostDiskEncryptionSet3Min;199,Microsoft.Compute/DeleteHighCostDiskEncryptionSet30Min;495
      x-ms-ratelimit-remaining-subscription-deletes:
      - '14999'
    status:
      code: 202
      message: Accepted
- request:
    body: null
    headers:
      Accept:
      - '*/*'
      Accept-Encoding:
      - gzip, deflate
      CommandName:
      - disk-encryption-set delete
      Connection:
      - keep-alive
      ParameterSetName:
      - -g -n
      User-Agent:
      - AZURECLI/2.46.0 azsdk-python-azure-mgmt-compute/29.1.0 Python/3.10.9 (Windows-10-10.0.22621-SP0)
    method: GET
    uri: https://management.azure.com/subscriptions/00000000-0000-0000-0000-000000000000/providers/Microsoft.Compute/locations/westcentralus/DiskOperations/c424e657-c03b-4936-8470-a6604f7924cb?p=c7be8819-8178-488e-b751-923f11b1b57c&api-version=2022-03-02
  response:
    body:
      string: "{\r\n  \"startTime\": \"2023-03-15T08:57:34.2687838+00:00\",\r\n  \"\
        endTime\": \"2023-03-15T08:57:34.331282+00:00\",\r\n  \"status\": \"Succeeded\"\
        ,\r\n  \"name\": \"c424e657-c03b-4936-8470-a6604f7924cb\"\r\n}"
    headers:
      cache-control:
      - no-cache
      content-length:
      - '183'
      content-type:
      - application/json; charset=utf-8
      date:
      - Wed, 15 Mar 2023 08:58:03 GMT
      expires:
      - '-1'
      pragma:
      - no-cache
      server:
      - Microsoft-HTTPAPI/2.0
      - Microsoft-HTTPAPI/2.0
      strict-transport-security:
      - max-age=31536000; includeSubDomains
      transfer-encoding:
      - chunked
      vary:
      - Accept-Encoding
      x-content-type-options:
      - nosniff
      x-ms-ratelimit-remaining-resource:
      - Microsoft.Compute/GetOperation3Min;49995,Microsoft.Compute/GetOperation30Min;399980
    status:
      code: 200
      message: OK
- request:
    body: null
    headers:
      Accept:
      - application/json
      Accept-Encoding:
      - gzip, deflate
      CommandName:
      - disk-encryption-set create
      Connection:
      - keep-alive
      ParameterSetName:
      - -g -n --key-url --enable-auto-key-rotation
      User-Agent:
      - AZURECLI/2.46.0 azsdk-python-azure-mgmt-resource/22.0.0 Python/3.10.9 (Windows-10-10.0.22621-SP0)
    method: GET
    uri: https://management.azure.com/subscriptions/00000000-0000-0000-0000-000000000000/resourcegroups/cli_test_disk_encryption_set_update_000001?api-version=2022-09-01
  response:
    body:
      string: '{"id":"/subscriptions/00000000-0000-0000-0000-000000000000/resourceGroups/cli_test_disk_encryption_set_update_000001","name":"cli_test_disk_encryption_set_update_000001","type":"Microsoft.Resources/resourceGroups","location":"westcentralus","tags":{"product":"azurecli","cause":"automation","date":"2023-03-15T08:52:53Z","StorageType":"Standard_LRS","type":"test"},"properties":{"provisioningState":"Succeeded"}}'
    headers:
      cache-control:
      - no-cache
      content-length:
      - '412'
      content-type:
      - application/json; charset=utf-8
      date:
      - Wed, 15 Mar 2023 08:58:05 GMT
      expires:
      - '-1'
      pragma:
      - no-cache
      strict-transport-security:
      - max-age=31536000; includeSubDomains
      vary:
      - Accept-Encoding
      x-content-type-options:
      - nosniff
    status:
      code: 200
      message: OK
- request:
    body: '{"location": "westcentralus", "identity": {"type": "SystemAssigned"}, "properties":
      {"activeKey": {"keyUrl": "https://vault3-000004.vault.azure.net/keys/key3-000007/15f52d95d24c4ff286df841ffa12941b"},
      "rotationToLatestKeyVersionEnabled": true}}'
    headers:
      Accept:
      - application/json
      Accept-Encoding:
      - gzip, deflate
      CommandName:
      - disk-encryption-set create
      Connection:
      - keep-alive
      Content-Length:
      - '244'
      Content-Type:
      - application/json
      ParameterSetName:
      - -g -n --key-url --enable-auto-key-rotation
      User-Agent:
      - AZURECLI/2.46.0 azsdk-python-azure-mgmt-compute/29.1.0 Python/3.10.9 (Windows-10-10.0.22621-SP0)
    method: PUT
    uri: https://management.azure.com/subscriptions/00000000-0000-0000-0000-000000000000/resourceGroups/cli_test_disk_encryption_set_update_000001/providers/Microsoft.Compute/diskEncryptionSets/des-000009?api-version=2022-03-02
  response:
    body:
      string: "{\r\n  \"location\": \"westcentralus\",\r\n  \"identity\": {\r\n  \
        \  \"type\": \"SystemAssigned\"\r\n  },\r\n  \"properties\": {\r\n    \"activeKey\"\
        : {\r\n      \"keyUrl\": \"https://vault3-000004.vault.azure.net/keys/key3-000007/15f52d95d24c4ff286df841ffa12941b\"\
        \r\n    },\r\n    \"rotationToLatestKeyVersionEnabled\": true,\r\n    \"provisioningState\"\
        : \"Updating\"\r\n  }\r\n}"
    headers:
      azure-asyncoperation:
      - https://management.azure.com/subscriptions/00000000-0000-0000-0000-000000000000/providers/Microsoft.Compute/locations/westcentralus/DiskOperations/967d0572-1d7c-43cf-87d1-36049245019e?p=c7be8819-8178-488e-b751-923f11b1b57c&api-version=2022-03-02
      cache-control:
      - no-cache
      content-length:
      - '333'
      content-type:
      - application/json; charset=utf-8
      date:
      - Wed, 15 Mar 2023 08:58:13 GMT
      expires:
      - '-1'
      location:
      - https://management.azure.com/subscriptions/00000000-0000-0000-0000-000000000000/providers/Microsoft.Compute/locations/westcentralus/DiskOperations/967d0572-1d7c-43cf-87d1-36049245019e?p=c7be8819-8178-488e-b751-923f11b1b57c&monitor=true&api-version=2022-03-02
      pragma:
      - no-cache
      server:
      - Microsoft-HTTPAPI/2.0
      - Microsoft-HTTPAPI/2.0
      strict-transport-security:
      - max-age=31536000; includeSubDomains
      x-content-type-options:
      - nosniff
      x-ms-ratelimit-remaining-resource:
      - Microsoft.Compute/CreateUpdateHighCostDiskEncryptionSet3Min;98,Microsoft.Compute/CreateUpdateHighCostDiskEncryptionSet30Min;295
      x-ms-ratelimit-remaining-subscription-writes:
      - '1194'
    status:
      code: 202
      message: Accepted
- request:
    body: null
    headers:
      Accept:
      - '*/*'
      Accept-Encoding:
      - gzip, deflate
      CommandName:
      - disk-encryption-set create
      Connection:
      - keep-alive
      ParameterSetName:
      - -g -n --key-url --enable-auto-key-rotation
      User-Agent:
      - AZURECLI/2.46.0 azsdk-python-azure-mgmt-compute/29.1.0 Python/3.10.9 (Windows-10-10.0.22621-SP0)
    method: GET
    uri: https://management.azure.com/subscriptions/00000000-0000-0000-0000-000000000000/providers/Microsoft.Compute/locations/westcentralus/DiskOperations/967d0572-1d7c-43cf-87d1-36049245019e?p=c7be8819-8178-488e-b751-923f11b1b57c&api-version=2022-03-02
  response:
    body:
      string: "{\r\n  \"startTime\": \"2023-03-15T08:58:14.1282401+00:00\",\r\n  \"\
        endTime\": \"2023-03-15T08:58:14.2063811+00:00\",\r\n  \"status\": \"Succeeded\"\
        ,\r\n  \"properties\": {\r\n    \"output\": {\"name\":\"des-000009\",\"id\"\
        :\"/subscriptions/00000000-0000-0000-0000-000000000000/resourceGroups/cli_test_disk_encryption_set_update_000001/providers/Microsoft.Compute/diskEncryptionSets/des-000009\"\
        ,\"type\":\"Microsoft.Compute/diskEncryptionSets\",\"location\":\"westcentralus\"\
        ,\"identity\":{\"type\":\"SystemAssigned\",\"principalId\":\"ff63c2b6-dd8d-4377-b0ae-dd71e6c454f0\"\
        ,\"tenantId\":\"54826b22-38d6-4fb2-bad9-b7b93a3e9c5a\"},\"properties\":{\"\
        activeKey\":{\"keyUrl\":\"https://vault3-000004.vault.azure.net/keys/key3-000007/15f52d95d24c4ff286df841ffa12941b\"\
        },\"encryptionType\":\"EncryptionAtRestWithCustomerKey\",\"rotationToLatestKeyVersionEnabled\"\
        :true,\"provisioningState\":\"Succeeded\"}}\r\n  },\r\n  \"name\": \"967d0572-1d7c-43cf-87d1-36049245019e\"\
        \r\n}"
    headers:
      cache-control:
      - no-cache
      content-length:
      - '886'
      content-type:
      - application/json; charset=utf-8
      date:
      - Wed, 15 Mar 2023 08:58:44 GMT
      expires:
      - '-1'
      pragma:
      - no-cache
      server:
      - Microsoft-HTTPAPI/2.0
      - Microsoft-HTTPAPI/2.0
      strict-transport-security:
      - max-age=31536000; includeSubDomains
      transfer-encoding:
      - chunked
      vary:
      - Accept-Encoding
      x-content-type-options:
      - nosniff
      x-ms-ratelimit-remaining-resource:
      - Microsoft.Compute/GetOperation3Min;49994,Microsoft.Compute/GetOperation30Min;399978
    status:
      code: 200
      message: OK
- request:
    body: null
    headers:
      Accept:
      - '*/*'
      Accept-Encoding:
      - gzip, deflate
      CommandName:
      - disk-encryption-set create
      Connection:
      - keep-alive
      ParameterSetName:
      - -g -n --key-url --enable-auto-key-rotation
      User-Agent:
      - AZURECLI/2.46.0 azsdk-python-azure-mgmt-compute/29.1.0 Python/3.10.9 (Windows-10-10.0.22621-SP0)
    method: GET
    uri: https://management.azure.com/subscriptions/00000000-0000-0000-0000-000000000000/resourceGroups/cli_test_disk_encryption_set_update_000001/providers/Microsoft.Compute/diskEncryptionSets/des-000009?api-version=2022-03-02
  response:
    body:
      string: "{\r\n  \"name\": \"des-000009\",\r\n  \"id\": \"/subscriptions/00000000-0000-0000-0000-000000000000/resourceGroups/cli_test_disk_encryption_set_update_000001/providers/Microsoft.Compute/diskEncryptionSets/des-000009\"\
        ,\r\n  \"type\": \"Microsoft.Compute/diskEncryptionSets\",\r\n  \"location\"\
        : \"westcentralus\",\r\n  \"identity\": {\r\n    \"type\": \"SystemAssigned\"\
        ,\r\n    \"principalId\": \"ff63c2b6-dd8d-4377-b0ae-dd71e6c454f0\",\r\n  \
        \  \"tenantId\": \"54826b22-38d6-4fb2-bad9-b7b93a3e9c5a\"\r\n  },\r\n  \"\
        properties\": {\r\n    \"activeKey\": {\r\n      \"keyUrl\": \"https://vault3-000004.vault.azure.net/keys/key3-000007/15f52d95d24c4ff286df841ffa12941b\"\
        \r\n    },\r\n    \"encryptionType\": \"EncryptionAtRestWithCustomerKey\"\
        ,\r\n    \"rotationToLatestKeyVersionEnabled\": true,\r\n    \"provisioningState\"\
        : \"Succeeded\"\r\n  }\r\n}"
    headers:
      cache-control:
      - no-cache
      content-length:
      - '765'
      content-type:
      - application/json; charset=utf-8
      date:
      - Wed, 15 Mar 2023 08:58:45 GMT
      expires:
      - '-1'
      pragma:
      - no-cache
      server:
      - Microsoft-HTTPAPI/2.0
      - Microsoft-HTTPAPI/2.0
      strict-transport-security:
      - max-age=31536000; includeSubDomains
      transfer-encoding:
      - chunked
      vary:
      - Accept-Encoding
      x-content-type-options:
      - nosniff
      x-ms-ratelimit-remaining-resource:
      - Microsoft.Compute/LowCostGet3Min;14989,Microsoft.Compute/LowCostGet30Min;119959
    status:
      code: 200
      message: OK
- request:
    body: null
    headers:
      Accept:
      - application/json
      Accept-Encoding:
      - gzip, deflate
      CommandName:
      - disk-encryption-set show
      Connection:
      - keep-alive
      ParameterSetName:
      - -g -n
      User-Agent:
      - AZURECLI/2.46.0 azsdk-python-azure-mgmt-compute/29.1.0 Python/3.10.9 (Windows-10-10.0.22621-SP0)
    method: GET
    uri: https://management.azure.com/subscriptions/00000000-0000-0000-0000-000000000000/resourceGroups/cli_test_disk_encryption_set_update_000001/providers/Microsoft.Compute/diskEncryptionSets/des-000009?api-version=2022-03-02
  response:
    body:
      string: "{\r\n  \"name\": \"des-000009\",\r\n  \"id\": \"/subscriptions/00000000-0000-0000-0000-000000000000/resourceGroups/cli_test_disk_encryption_set_update_000001/providers/Microsoft.Compute/diskEncryptionSets/des-000009\"\
        ,\r\n  \"type\": \"Microsoft.Compute/diskEncryptionSets\",\r\n  \"location\"\
        : \"westcentralus\",\r\n  \"identity\": {\r\n    \"type\": \"SystemAssigned\"\
        ,\r\n    \"principalId\": \"ff63c2b6-dd8d-4377-b0ae-dd71e6c454f0\",\r\n  \
        \  \"tenantId\": \"54826b22-38d6-4fb2-bad9-b7b93a3e9c5a\"\r\n  },\r\n  \"\
        properties\": {\r\n    \"activeKey\": {\r\n      \"keyUrl\": \"https://vault3-000004.vault.azure.net/keys/key3-000007/15f52d95d24c4ff286df841ffa12941b\"\
        \r\n    },\r\n    \"encryptionType\": \"EncryptionAtRestWithCustomerKey\"\
        ,\r\n    \"rotationToLatestKeyVersionEnabled\": true,\r\n    \"provisioningState\"\
        : \"Succeeded\"\r\n  }\r\n}"
    headers:
      cache-control:
      - no-cache
      content-length:
      - '765'
      content-type:
      - application/json; charset=utf-8
      date:
      - Wed, 15 Mar 2023 08:58:46 GMT
      expires:
      - '-1'
      pragma:
      - no-cache
      server:
      - Microsoft-HTTPAPI/2.0
      - Microsoft-HTTPAPI/2.0
      strict-transport-security:
      - max-age=31536000; includeSubDomains
      transfer-encoding:
      - chunked
      vary:
      - Accept-Encoding
      x-content-type-options:
      - nosniff
      x-ms-ratelimit-remaining-resource:
      - Microsoft.Compute/LowCostGet3Min;14988,Microsoft.Compute/LowCostGet30Min;119958
    status:
      code: 200
      message: OK
- request:
    body: null
    headers:
      Accept:
      - application/json
      Accept-Encoding:
      - gzip, deflate
      CommandName:
      - keyvault set-policy
      Connection:
      - keep-alive
      ParameterSetName:
      - -n --object-id --key-permissions
      User-Agent:
      - AZURECLI/2.46.0 azsdk-python-azure-mgmt-keyvault/10.1.0 Python/3.10.9 (Windows-10-10.0.22621-SP0)
    method: GET
    uri: https://management.azure.com/subscriptions/00000000-0000-0000-0000-000000000000/resources?$filter=resourceType%20eq%20%27Microsoft.KeyVault%2Fvaults%27&api-version=2015-11-01
  response:
    body:
      string: '{"value":[{"id":"/subscriptions/00000000-0000-0000-0000-000000000000/resourceGroups/AzurePowerShellLiveTest/providers/Microsoft.KeyVault/vaults/LiveTestKeyVault","name":"LiveTestKeyVault","type":"Microsoft.KeyVault/vaults","location":"westus","tags":{}},{"id":"/subscriptions/00000000-0000-0000-0000-000000000000/resourceGroups/bez-rg/providers/Microsoft.KeyVault/vaults/bez-kv","name":"bez-kv","type":"Microsoft.KeyVault/vaults","location":"eastus","tags":{}},{"id":"/subscriptions/00000000-0000-0000-0000-000000000000/resourceGroups/cli_test_disk_encryption_set_update_000001/providers/Microsoft.KeyVault/vaults/vault1-000002","name":"vault1-000002","type":"Microsoft.KeyVault/vaults","location":"westcentralus","tags":{}},{"id":"/subscriptions/00000000-0000-0000-0000-000000000000/resourceGroups/cli_test_disk_encryption_set_update_000001/providers/Microsoft.KeyVault/vaults/vault2-000003","name":"vault2-000003","type":"Microsoft.KeyVault/vaults","location":"westcentralus","tags":{}},{"id":"/subscriptions/00000000-0000-0000-0000-000000000000/resourceGroups/cli_test_disk_encryption_set_update_000001/providers/Microsoft.KeyVault/vaults/vault3-000004","name":"vault3-000004","type":"Microsoft.KeyVault/vaults","location":"westcentralus","tags":{}},{"id":"/subscriptions/00000000-0000-0000-0000-000000000000/resourceGroups/cli_test_os_disk_security_encryptionbcdfqy65i4sfnnxsn42iekzl6hfnelkxzda5uqc/providers/Microsoft.KeyVault/vaults/vaultp7d5r7moge","name":"vaultp7d5r7moge","type":"Microsoft.KeyVault/vaults","location":"northeurope","tags":{}},{"id":"/subscriptions/00000000-0000-0000-0000-000000000000/resourceGroups/hang-rg/providers/Microsoft.KeyVault/vaults/hangkey","name":"hangkey","type":"Microsoft.KeyVault/vaults","location":"koreasouth","tags":{"kk":"kk","zz":"kk","--kk":"zz"}},{"id":"/subscriptions/00000000-0000-0000-0000-000000000000/resourceGroups/hang-rg/providers/Microsoft.KeyVault/vaults/similar0327002194","name":"similar0327002194","type":"Microsoft.KeyVault/vaults","location":"eastus2","tags":{}},{"id":"/subscriptions/00000000-0000-0000-0000-000000000000/resourceGroups/shiying-rg/providers/Microsoft.KeyVault/vaults/shiyingkv","name":"shiyingkv","type":"Microsoft.KeyVault/vaults","location":"eastus","tags":{}},{"id":"/subscriptions/00000000-0000-0000-0000-000000000000/resourceGroups/yishitest/providers/Microsoft.KeyVault/vaults/ystestkv","name":"ystestkv","type":"Microsoft.KeyVault/vaults","location":"eastus","tags":{}}]}'
    headers:
      cache-control:
      - no-cache
      content-length:
      - '2460'
      content-type:
      - application/json; charset=utf-8
      date:
      - Wed, 15 Mar 2023 08:58:47 GMT
      expires:
      - '-1'
      pragma:
      - no-cache
      strict-transport-security:
      - max-age=31536000; includeSubDomains
      vary:
      - Accept-Encoding
      x-content-type-options:
      - nosniff
    status:
      code: 200
      message: OK
- request:
    body: null
    headers:
      Accept:
      - application/json
      Accept-Encoding:
      - gzip, deflate
      CommandName:
      - keyvault set-policy
      Connection:
      - keep-alive
      ParameterSetName:
      - -n --object-id --key-permissions
      User-Agent:
      - AZURECLI/2.46.0 azsdk-python-azure-mgmt-keyvault/10.1.0 Python/3.10.9 (Windows-10-10.0.22621-SP0)
    method: GET
    uri: https://management.azure.com/subscriptions/00000000-0000-0000-0000-000000000000/resourceGroups/cli_test_disk_encryption_set_update_000001/providers/Microsoft.KeyVault/vaults/vault3-000004?api-version=2022-07-01
  response:
    body:
      string: '{"id":"/subscriptions/00000000-0000-0000-0000-000000000000/resourceGroups/cli_test_disk_encryption_set_update_000001/providers/Microsoft.KeyVault/vaults/vault3-000004","name":"vault3-000004","type":"Microsoft.KeyVault/vaults","location":"westcentralus","tags":{},"systemData":{"createdBy":"v-jingszhang@microsoft.com","createdByType":"User","createdAt":"2023-03-15T08:54:19.577Z","lastModifiedBy":"v-jingszhang@microsoft.com","lastModifiedByType":"User","lastModifiedAt":"2023-03-15T08:54:19.577Z"},"properties":{"sku":{"family":"A","name":"standard"},"tenantId":"54826b22-38d6-4fb2-bad9-b7b93a3e9c5a","accessPolicies":[{"tenantId":"54826b22-38d6-4fb2-bad9-b7b93a3e9c5a","objectId":"d44a2991-98c6-47c3-b59b-2b30d72cfcc2","permissions":{"keys":["all"],"secrets":["all"],"certificates":["all"],"storage":["all"]}}],"enabledForDeployment":false,"enableSoftDelete":true,"softDeleteRetentionInDays":7,"enablePurgeProtection":true,"vaultUri":"https://vault3-000004.vault.azure.net/","provisioningState":"Succeeded","publicNetworkAccess":"Enabled"}}'
    headers:
      cache-control:
      - no-cache
      content-length:
      - '1042'
      content-type:
      - application/json; charset=utf-8
      date:
      - Wed, 15 Mar 2023 08:58:48 GMT
      expires:
      - '-1'
      pragma:
      - no-cache
      server:
      - Microsoft-IIS/10.0
      strict-transport-security:
      - max-age=31536000; includeSubDomains
      transfer-encoding:
      - chunked
      vary:
      - Accept-Encoding
      x-aspnet-version:
      - 4.0.30319
      x-content-type-options:
      - nosniff
      x-ms-keyvault-service-version:
      - 1.5.692.0
    status:
      code: 200
      message: OK
- request:
    body: '{"location": "westcentralus", "tags": {}, "properties": {"tenantId": "54826b22-38d6-4fb2-bad9-b7b93a3e9c5a",
      "sku": {"family": "A", "name": "standard"}, "accessPolicies": [{"tenantId":
      "54826b22-38d6-4fb2-bad9-b7b93a3e9c5a", "objectId": "d44a2991-98c6-47c3-b59b-2b30d72cfcc2",
      "permissions": {"keys": ["all"], "secrets": ["all"], "certificates": ["all"],
      "storage": ["all"]}}, {"tenantId": "54826b22-38d6-4fb2-bad9-b7b93a3e9c5a", "objectId":
      "ff63c2b6-dd8d-4377-b0ae-dd71e6c454f0", "permissions": {"keys": ["get", "wrapKey",
      "unwrapKey"]}}], "vaultUri": "https://vault3-000004.vault.azure.net/", "enabledForDeployment":
      false, "enableSoftDelete": true, "softDeleteRetentionInDays": 7, "enablePurgeProtection":
      true, "provisioningState": "Succeeded", "publicNetworkAccess": "Enabled"}}'
    headers:
      Accept:
      - application/json
      Accept-Encoding:
      - gzip, deflate
      CommandName:
      - keyvault set-policy
      Connection:
      - keep-alive
      Content-Length:
      - '784'
      Content-Type:
      - application/json
      ParameterSetName:
      - -n --object-id --key-permissions
      User-Agent:
      - AZURECLI/2.46.0 azsdk-python-azure-mgmt-keyvault/10.1.0 Python/3.10.9 (Windows-10-10.0.22621-SP0)
    method: PUT
    uri: https://management.azure.com/subscriptions/00000000-0000-0000-0000-000000000000/resourceGroups/cli_test_disk_encryption_set_update_000001/providers/Microsoft.KeyVault/vaults/vault3-000004?api-version=2022-07-01
  response:
    body:
      string: '{"id":"/subscriptions/00000000-0000-0000-0000-000000000000/resourceGroups/cli_test_disk_encryption_set_update_000001/providers/Microsoft.KeyVault/vaults/vault3-000004","name":"vault3-000004","type":"Microsoft.KeyVault/vaults","location":"westcentralus","tags":{},"systemData":{"createdBy":"v-jingszhang@microsoft.com","createdByType":"User","createdAt":"2023-03-15T08:54:19.577Z","lastModifiedBy":"v-jingszhang@microsoft.com","lastModifiedByType":"User","lastModifiedAt":"2023-03-15T08:58:50.01Z"},"properties":{"sku":{"family":"A","name":"standard"},"tenantId":"54826b22-38d6-4fb2-bad9-b7b93a3e9c5a","accessPolicies":[{"tenantId":"54826b22-38d6-4fb2-bad9-b7b93a3e9c5a","objectId":"d44a2991-98c6-47c3-b59b-2b30d72cfcc2","permissions":{"keys":["all"],"secrets":["all"],"certificates":["all"],"storage":["all"]}},{"tenantId":"54826b22-38d6-4fb2-bad9-b7b93a3e9c5a","objectId":"ff63c2b6-dd8d-4377-b0ae-dd71e6c454f0","permissions":{"keys":["get","wrapKey","unwrapKey"]}}],"enabledForDeployment":false,"enableSoftDelete":true,"softDeleteRetentionInDays":7,"enablePurgeProtection":true,"vaultUri":"https://vault3-000004.vault.azure.net/","provisioningState":"Succeeded","publicNetworkAccess":"Enabled"}}'
    headers:
      cache-control:
      - no-cache
      content-length:
      - '1196'
      content-type:
      - application/json; charset=utf-8
      date:
      - Wed, 15 Mar 2023 08:58:49 GMT
      expires:
      - '-1'
      pragma:
      - no-cache
      server:
      - Microsoft-IIS/10.0
      strict-transport-security:
      - max-age=31536000; includeSubDomains
      transfer-encoding:
      - chunked
      vary:
      - Accept-Encoding
      x-aspnet-version:
      - 4.0.30319
      x-content-type-options:
      - nosniff
      x-ms-keyvault-service-version:
      - 1.5.692.0
      x-ms-ratelimit-remaining-subscription-writes:
      - '1198'
    status:
      code: 200
      message: OK
- request:
    body: null
    headers:
      Accept:
      - application/json
      Accept-Encoding:
      - gzip, deflate
      CommandName:
      - disk-encryption-set update
      Connection:
      - keep-alive
      ParameterSetName:
      - -g -n --source-vault
      User-Agent:
      - AZURECLI/2.46.0 azsdk-python-azure-mgmt-compute/29.1.0 Python/3.10.9 (Windows-10-10.0.22621-SP0)
    method: GET
    uri: https://management.azure.com/subscriptions/00000000-0000-0000-0000-000000000000/resourceGroups/cli_test_disk_encryption_set_update_000001/providers/Microsoft.Compute/diskEncryptionSets/des-000009?api-version=2022-03-02
  response:
    body:
      string: "{\r\n  \"name\": \"des-000009\",\r\n  \"id\": \"/subscriptions/00000000-0000-0000-0000-000000000000/resourceGroups/cli_test_disk_encryption_set_update_000001/providers/Microsoft.Compute/diskEncryptionSets/des-000009\"\
        ,\r\n  \"type\": \"Microsoft.Compute/diskEncryptionSets\",\r\n  \"location\"\
        : \"westcentralus\",\r\n  \"identity\": {\r\n    \"type\": \"SystemAssigned\"\
        ,\r\n    \"principalId\": \"ff63c2b6-dd8d-4377-b0ae-dd71e6c454f0\",\r\n  \
        \  \"tenantId\": \"54826b22-38d6-4fb2-bad9-b7b93a3e9c5a\"\r\n  },\r\n  \"\
        properties\": {\r\n    \"activeKey\": {\r\n      \"keyUrl\": \"https://vault3-000004.vault.azure.net/keys/key3-000007/15f52d95d24c4ff286df841ffa12941b\"\
        \r\n    },\r\n    \"encryptionType\": \"EncryptionAtRestWithCustomerKey\"\
        ,\r\n    \"rotationToLatestKeyVersionEnabled\": true,\r\n    \"provisioningState\"\
        : \"Succeeded\"\r\n  }\r\n}"
    headers:
      cache-control:
      - no-cache
      content-length:
      - '765'
      content-type:
      - application/json; charset=utf-8
      date:
      - Wed, 15 Mar 2023 08:58:52 GMT
      expires:
      - '-1'
      pragma:
      - no-cache
      server:
      - Microsoft-HTTPAPI/2.0
      - Microsoft-HTTPAPI/2.0
      strict-transport-security:
      - max-age=31536000; includeSubDomains
      transfer-encoding:
      - chunked
      vary:
      - Accept-Encoding
      x-content-type-options:
      - nosniff
      x-ms-ratelimit-remaining-resource:
      - Microsoft.Compute/LowCostGet3Min;14987,Microsoft.Compute/LowCostGet30Min;119957
    status:
      code: 200
      message: OK
- request:
    body: '{"location": "westcentralus", "identity": {"type": "SystemAssigned"}, "properties":
      {"encryptionType": "EncryptionAtRestWithCustomerKey", "activeKey": {"sourceVault":
      {"id": "/subscriptions/00000000-0000-0000-0000-000000000000/resourceGroups/cli_test_disk_encryption_set_update_000001/providers/Microsoft.KeyVault/vaults/vault3-000004"},
      "keyUrl": "https://vault3-000004.vault.azure.net/keys/key3-000007/15f52d95d24c4ff286df841ffa12941b"},
      "rotationToLatestKeyVersionEnabled": true}}'
    headers:
      Accept:
      - application/json
      Accept-Encoding:
      - gzip, deflate
      CommandName:
      - disk-encryption-set update
      Connection:
      - keep-alive
      Content-Length:
      - '483'
      Content-Type:
      - application/json
      ParameterSetName:
      - -g -n --source-vault
      User-Agent:
      - AZURECLI/2.46.0 azsdk-python-azure-mgmt-compute/29.1.0 Python/3.10.9 (Windows-10-10.0.22621-SP0)
    method: PUT
    uri: https://management.azure.com/subscriptions/00000000-0000-0000-0000-000000000000/resourceGroups/cli_test_disk_encryption_set_update_000001/providers/Microsoft.Compute/diskEncryptionSets/des-000009?api-version=2022-03-02
  response:
    body:
      string: "{\r\n  \"location\": \"westcentralus\",\r\n  \"identity\": {\r\n  \
        \  \"type\": \"SystemAssigned\"\r\n  },\r\n  \"properties\": {\r\n    \"activeKey\"\
        : {\r\n      \"sourceVault\": {\r\n        \"id\": \"/subscriptions/00000000-0000-0000-0000-000000000000/resourceGroups/cli_test_disk_encryption_set_update_000001/providers/Microsoft.KeyVault/vaults/vault3-000004\"\
        \r\n      },\r\n      \"keyUrl\": \"https://vault3-000004.vault.azure.net/keys/key3-000007/15f52d95d24c4ff286df841ffa12941b\"\
        \r\n    },\r\n    \"encryptionType\": \"EncryptionAtRestWithCustomerKey\"\
        ,\r\n    \"rotationToLatestKeyVersionEnabled\": true,\r\n    \"provisioningState\"\
        : \"Updating\"\r\n  }\r\n}"
    headers:
      azure-asyncoperation:
      - https://management.azure.com/subscriptions/00000000-0000-0000-0000-000000000000/providers/Microsoft.Compute/locations/westcentralus/DiskOperations/7563281f-0efd-49f2-be01-c7bdb7516de8?p=c7be8819-8178-488e-b751-923f11b1b57c&api-version=2022-03-02
      cache-control:
      - no-cache
      content-length:
      - '602'
      content-type:
      - application/json; charset=utf-8
      date:
      - Wed, 15 Mar 2023 08:58:55 GMT
      expires:
      - '-1'
      location:
      - https://management.azure.com/subscriptions/00000000-0000-0000-0000-000000000000/providers/Microsoft.Compute/locations/westcentralus/DiskOperations/7563281f-0efd-49f2-be01-c7bdb7516de8?p=c7be8819-8178-488e-b751-923f11b1b57c&monitor=true&api-version=2022-03-02
      pragma:
      - no-cache
      server:
      - Microsoft-HTTPAPI/2.0
      - Microsoft-HTTPAPI/2.0
      strict-transport-security:
      - max-age=31536000; includeSubDomains
      x-content-type-options:
      - nosniff
      x-ms-ratelimit-remaining-resource:
      - Microsoft.Compute/CreateUpdateHighCostDiskEncryptionSet3Min;97,Microsoft.Compute/CreateUpdateHighCostDiskEncryptionSet30Min;294
      x-ms-ratelimit-remaining-subscription-writes:
      - '1199'
    status:
      code: 202
      message: Accepted
- request:
    body: null
    headers:
      Accept:
      - '*/*'
      Accept-Encoding:
      - gzip, deflate
      CommandName:
      - disk-encryption-set update
      Connection:
      - keep-alive
      ParameterSetName:
      - -g -n --source-vault
      User-Agent:
      - AZURECLI/2.46.0 azsdk-python-azure-mgmt-compute/29.1.0 Python/3.10.9 (Windows-10-10.0.22621-SP0)
    method: GET
    uri: https://management.azure.com/subscriptions/00000000-0000-0000-0000-000000000000/providers/Microsoft.Compute/locations/westcentralus/DiskOperations/7563281f-0efd-49f2-be01-c7bdb7516de8?p=c7be8819-8178-488e-b751-923f11b1b57c&api-version=2022-03-02
  response:
    body:
      string: "{\r\n  \"startTime\": \"2023-03-15T08:58:54.8001706+00:00\",\r\n  \"\
        endTime\": \"2023-03-15T08:58:55.8783314+00:00\",\r\n  \"status\": \"Succeeded\"\
        ,\r\n  \"properties\": {\r\n    \"output\": {\"name\":\"des-000009\",\"id\"\
        :\"/subscriptions/00000000-0000-0000-0000-000000000000/resourceGroups/cli_test_disk_encryption_set_update_000001/providers/Microsoft.Compute/diskEncryptionSets/des-000009\"\
        ,\"type\":\"Microsoft.Compute/diskEncryptionSets\",\"location\":\"westcentralus\"\
        ,\"identity\":{\"type\":\"SystemAssigned\",\"principalId\":\"ff63c2b6-dd8d-4377-b0ae-dd71e6c454f0\"\
        ,\"tenantId\":\"54826b22-38d6-4fb2-bad9-b7b93a3e9c5a\"},\"properties\":{\"\
        activeKey\":{\"sourceVault\":{\"id\":\"/subscriptions/00000000-0000-0000-0000-000000000000/resourceGroups/cli_test_disk_encryption_set_update_000001/providers/Microsoft.KeyVault/vaults/vault3-000004\"\
        },\"keyUrl\":\"https://vault3-000004.vault.azure.net/keys/key3-000007/15f52d95d24c4ff286df841ffa12941b\"\
        },\"encryptionType\":\"EncryptionAtRestWithCustomerKey\",\"rotationToLatestKeyVersionEnabled\"\
        :true,\"provisioningState\":\"Succeeded\"}}\r\n  },\r\n  \"name\": \"7563281f-0efd-49f2-be01-c7bdb7516de8\"\
        \r\n}"
    headers:
      cache-control:
      - no-cache
      content-length:
      - '1069'
      content-type:
      - application/json; charset=utf-8
      date:
      - Wed, 15 Mar 2023 08:59:26 GMT
      expires:
      - '-1'
      pragma:
      - no-cache
      server:
      - Microsoft-HTTPAPI/2.0
      - Microsoft-HTTPAPI/2.0
      strict-transport-security:
      - max-age=31536000; includeSubDomains
      transfer-encoding:
      - chunked
      vary:
      - Accept-Encoding
      x-content-type-options:
      - nosniff
      x-ms-ratelimit-remaining-resource:
      - Microsoft.Compute/GetOperation3Min;49992,Microsoft.Compute/GetOperation30Min;399976
    status:
      code: 200
      message: OK
- request:
    body: null
    headers:
      Accept:
      - '*/*'
      Accept-Encoding:
      - gzip, deflate
      CommandName:
      - disk-encryption-set update
      Connection:
      - keep-alive
      ParameterSetName:
      - -g -n --source-vault
      User-Agent:
      - AZURECLI/2.46.0 azsdk-python-azure-mgmt-compute/29.1.0 Python/3.10.9 (Windows-10-10.0.22621-SP0)
    method: GET
    uri: https://management.azure.com/subscriptions/00000000-0000-0000-0000-000000000000/resourceGroups/cli_test_disk_encryption_set_update_000001/providers/Microsoft.Compute/diskEncryptionSets/des-000009?api-version=2022-03-02
  response:
    body:
      string: "{\r\n  \"name\": \"des-000009\",\r\n  \"id\": \"/subscriptions/00000000-0000-0000-0000-000000000000/resourceGroups/cli_test_disk_encryption_set_update_000001/providers/Microsoft.Compute/diskEncryptionSets/des-000009\"\
        ,\r\n  \"type\": \"Microsoft.Compute/diskEncryptionSets\",\r\n  \"location\"\
        : \"westcentralus\",\r\n  \"identity\": {\r\n    \"type\": \"SystemAssigned\"\
        ,\r\n    \"principalId\": \"ff63c2b6-dd8d-4377-b0ae-dd71e6c454f0\",\r\n  \
        \  \"tenantId\": \"54826b22-38d6-4fb2-bad9-b7b93a3e9c5a\"\r\n  },\r\n  \"\
        properties\": {\r\n    \"activeKey\": {\r\n      \"sourceVault\": {\r\n  \
        \      \"id\": \"/subscriptions/00000000-0000-0000-0000-000000000000/resourceGroups/cli_test_disk_encryption_set_update_000001/providers/Microsoft.KeyVault/vaults/vault3-000004\"\
        \r\n      },\r\n      \"keyUrl\": \"https://vault3-000004.vault.azure.net/keys/key3-000007/15f52d95d24c4ff286df841ffa12941b\"\
        \r\n    },\r\n    \"encryptionType\": \"EncryptionAtRestWithCustomerKey\"\
        ,\r\n    \"rotationToLatestKeyVersionEnabled\": true,\r\n    \"provisioningState\"\
        : \"Succeeded\"\r\n  }\r\n}"
    headers:
      cache-control:
      - no-cache
      content-length:
      - '976'
      content-type:
      - application/json; charset=utf-8
      date:
      - Wed, 15 Mar 2023 08:59:27 GMT
      expires:
      - '-1'
      pragma:
      - no-cache
      server:
      - Microsoft-HTTPAPI/2.0
      - Microsoft-HTTPAPI/2.0
      strict-transport-security:
      - max-age=31536000; includeSubDomains
      transfer-encoding:
      - chunked
      vary:
      - Accept-Encoding
      x-content-type-options:
      - nosniff
      x-ms-ratelimit-remaining-resource:
      - Microsoft.Compute/LowCostGet3Min;14986,Microsoft.Compute/LowCostGet30Min;119954
    status:
      code: 200
      message: OK
- request:
    body: null
    headers:
      Accept:
      - application/json
      Accept-Encoding:
      - gzip, deflate
      CommandName:
      - disk-encryption-set delete
      Connection:
      - keep-alive
      Content-Length:
      - '0'
      ParameterSetName:
      - -n -g
      User-Agent:
      - AZURECLI/2.46.0 azsdk-python-azure-mgmt-compute/29.1.0 Python/3.10.9 (Windows-10-10.0.22621-SP0)
    method: DELETE
    uri: https://management.azure.com/subscriptions/00000000-0000-0000-0000-000000000000/resourceGroups/cli_test_disk_encryption_set_update_000001/providers/Microsoft.Compute/diskEncryptionSets/des-000009?api-version=2022-03-02
  response:
    body:
      string: ''
    headers:
      azure-asyncoperation:
      - https://management.azure.com/subscriptions/00000000-0000-0000-0000-000000000000/providers/Microsoft.Compute/locations/westcentralus/DiskOperations/a2f7019e-525d-4bf4-9814-68e22586d0f9?p=c7be8819-8178-488e-b751-923f11b1b57c&api-version=2022-03-02
      cache-control:
      - no-cache
      content-length:
      - '0'
      date:
      - Wed, 15 Mar 2023 08:59:29 GMT
      expires:
      - '-1'
      location:
      - https://management.azure.com/subscriptions/00000000-0000-0000-0000-000000000000/providers/Microsoft.Compute/locations/westcentralus/DiskOperations/a2f7019e-525d-4bf4-9814-68e22586d0f9?p=c7be8819-8178-488e-b751-923f11b1b57c&monitor=true&api-version=2022-03-02
      pragma:
      - no-cache
      server:
      - Microsoft-HTTPAPI/2.0
      - Microsoft-HTTPAPI/2.0
      strict-transport-security:
      - max-age=31536000; includeSubDomains
      x-content-type-options:
      - nosniff
      x-ms-ratelimit-remaining-resource:
      - Microsoft.Compute/DeleteHighCostDiskEncryptionSet3Min;198,Microsoft.Compute/DeleteHighCostDiskEncryptionSet30Min;494
      x-ms-ratelimit-remaining-subscription-deletes:
      - '14999'
    status:
      code: 202
      message: Accepted
- request:
    body: null
    headers:
      Accept:
      - '*/*'
      Accept-Encoding:
      - gzip, deflate
      CommandName:
      - disk-encryption-set delete
      Connection:
      - keep-alive
      ParameterSetName:
      - -n -g
      User-Agent:
      - AZURECLI/2.46.0 azsdk-python-azure-mgmt-compute/29.1.0 Python/3.10.9 (Windows-10-10.0.22621-SP0)
    method: GET
    uri: https://management.azure.com/subscriptions/00000000-0000-0000-0000-000000000000/providers/Microsoft.Compute/locations/westcentralus/DiskOperations/a2f7019e-525d-4bf4-9814-68e22586d0f9?p=c7be8819-8178-488e-b751-923f11b1b57c&api-version=2022-03-02
  response:
    body:
      string: "{\r\n  \"startTime\": \"2023-03-15T08:59:29.5815031+00:00\",\r\n  \"\
        endTime\": \"2023-03-15T08:59:29.6439935+00:00\",\r\n  \"status\": \"Succeeded\"\
        ,\r\n  \"name\": \"a2f7019e-525d-4bf4-9814-68e22586d0f9\"\r\n}"
    headers:
      cache-control:
      - no-cache
      content-length:
      - '184'
      content-type:
      - application/json; charset=utf-8
      date:
      - Wed, 15 Mar 2023 08:59:59 GMT
      expires:
      - '-1'
      pragma:
      - no-cache
      server:
      - Microsoft-HTTPAPI/2.0
      - Microsoft-HTTPAPI/2.0
      strict-transport-security:
      - max-age=31536000; includeSubDomains
      transfer-encoding:
      - chunked
      vary:
      - Accept-Encoding
      x-content-type-options:
      - nosniff
      x-ms-ratelimit-remaining-resource:
      - Microsoft.Compute/GetOperation3Min;49990,Microsoft.Compute/GetOperation30Min;399974
    status:
      code: 200
      message: OK
- request:
    body: null
    headers:
      Accept:
      - application/json
      Accept-Encoding:
      - gzip, deflate
      CommandName:
      - disk-encryption-set create
      Connection:
      - keep-alive
      ParameterSetName:
      - -g -n --key-url --enable-auto-key-rotation
      User-Agent:
      - AZURECLI/2.46.0 azsdk-python-azure-mgmt-resource/22.0.0 Python/3.10.9 (Windows-10-10.0.22621-SP0)
    method: GET
    uri: https://management.azure.com/subscriptions/00000000-0000-0000-0000-000000000000/resourcegroups/cli_test_disk_encryption_set_update_000001?api-version=2022-09-01
  response:
    body:
      string: '{"id":"/subscriptions/00000000-0000-0000-0000-000000000000/resourceGroups/cli_test_disk_encryption_set_update_000001","name":"cli_test_disk_encryption_set_update_000001","type":"Microsoft.Resources/resourceGroups","location":"westcentralus","tags":{"product":"azurecli","cause":"automation","date":"2023-03-15T08:52:53Z","StorageType":"Standard_LRS","type":"test"},"properties":{"provisioningState":"Succeeded"}}'
    headers:
      cache-control:
      - no-cache
      content-length:
      - '412'
      content-type:
      - application/json; charset=utf-8
      date:
      - Wed, 15 Mar 2023 09:00:00 GMT
      expires:
      - '-1'
      pragma:
      - no-cache
      strict-transport-security:
      - max-age=31536000; includeSubDomains
      vary:
      - Accept-Encoding
      x-content-type-options:
      - nosniff
    status:
      code: 200
      message: OK
- request:
    body: '{"location": "westcentralus", "identity": {"type": "SystemAssigned"}, "properties":
      {"activeKey": {"keyUrl": "https://vault3-000004.vault.azure.net/keys/key3-000007/15f52d95d24c4ff286df841ffa12941b"},
      "rotationToLatestKeyVersionEnabled": true}}'
    headers:
      Accept:
      - application/json
      Accept-Encoding:
      - gzip, deflate
      CommandName:
      - disk-encryption-set create
      Connection:
      - keep-alive
      Content-Length:
      - '244'
      Content-Type:
      - application/json
      ParameterSetName:
      - -g -n --key-url --enable-auto-key-rotation
      User-Agent:
      - AZURECLI/2.46.0 azsdk-python-azure-mgmt-compute/29.1.0 Python/3.10.9 (Windows-10-10.0.22621-SP0)
    method: PUT
    uri: https://management.azure.com/subscriptions/00000000-0000-0000-0000-000000000000/resourceGroups/cli_test_disk_encryption_set_update_000001/providers/Microsoft.Compute/diskEncryptionSets/des-000009?api-version=2022-03-02
  response:
    body:
      string: "{\r\n  \"location\": \"westcentralus\",\r\n  \"identity\": {\r\n  \
        \  \"type\": \"SystemAssigned\"\r\n  },\r\n  \"properties\": {\r\n    \"activeKey\"\
        : {\r\n      \"keyUrl\": \"https://vault3-000004.vault.azure.net/keys/key3-000007/15f52d95d24c4ff286df841ffa12941b\"\
        \r\n    },\r\n    \"rotationToLatestKeyVersionEnabled\": true,\r\n    \"provisioningState\"\
        : \"Updating\"\r\n  }\r\n}"
    headers:
      azure-asyncoperation:
      - https://management.azure.com/subscriptions/00000000-0000-0000-0000-000000000000/providers/Microsoft.Compute/locations/westcentralus/DiskOperations/c0db97bb-8fa7-4110-8307-84ab4837e42c?p=c7be8819-8178-488e-b751-923f11b1b57c&api-version=2022-03-02
      cache-control:
      - no-cache
      content-length:
      - '333'
      content-type:
      - application/json; charset=utf-8
      date:
      - Wed, 15 Mar 2023 09:00:05 GMT
      expires:
      - '-1'
      location:
      - https://management.azure.com/subscriptions/00000000-0000-0000-0000-000000000000/providers/Microsoft.Compute/locations/westcentralus/DiskOperations/c0db97bb-8fa7-4110-8307-84ab4837e42c?p=c7be8819-8178-488e-b751-923f11b1b57c&monitor=true&api-version=2022-03-02
      pragma:
      - no-cache
      server:
      - Microsoft-HTTPAPI/2.0
      - Microsoft-HTTPAPI/2.0
      strict-transport-security:
      - max-age=31536000; includeSubDomains
      x-content-type-options:
      - nosniff
      x-ms-ratelimit-remaining-resource:
      - Microsoft.Compute/CreateUpdateHighCostDiskEncryptionSet3Min;97,Microsoft.Compute/CreateUpdateHighCostDiskEncryptionSet30Min;293
      x-ms-ratelimit-remaining-subscription-writes:
      - '1197'
    status:
      code: 202
      message: Accepted
- request:
    body: null
    headers:
      Accept:
      - '*/*'
      Accept-Encoding:
      - gzip, deflate
      CommandName:
      - disk-encryption-set create
      Connection:
      - keep-alive
      ParameterSetName:
      - -g -n --key-url --enable-auto-key-rotation
      User-Agent:
      - AZURECLI/2.46.0 azsdk-python-azure-mgmt-compute/29.1.0 Python/3.10.9 (Windows-10-10.0.22621-SP0)
    method: GET
    uri: https://management.azure.com/subscriptions/00000000-0000-0000-0000-000000000000/providers/Microsoft.Compute/locations/westcentralus/DiskOperations/c0db97bb-8fa7-4110-8307-84ab4837e42c?p=c7be8819-8178-488e-b751-923f11b1b57c&api-version=2022-03-02
  response:
    body:
      string: "{\r\n  \"startTime\": \"2023-03-15T09:00:06.4253329+00:00\",\r\n  \"\
        endTime\": \"2023-03-15T09:00:06.4878982+00:00\",\r\n  \"status\": \"Succeeded\"\
        ,\r\n  \"properties\": {\r\n    \"output\": {\"name\":\"des-000009\",\"id\"\
        :\"/subscriptions/00000000-0000-0000-0000-000000000000/resourceGroups/cli_test_disk_encryption_set_update_000001/providers/Microsoft.Compute/diskEncryptionSets/des-000009\"\
        ,\"type\":\"Microsoft.Compute/diskEncryptionSets\",\"location\":\"westcentralus\"\
        ,\"identity\":{\"type\":\"SystemAssigned\",\"principalId\":\"a61a7bf5-2d2c-476d-ac4f-569a0401fd3a\"\
        ,\"tenantId\":\"54826b22-38d6-4fb2-bad9-b7b93a3e9c5a\"},\"properties\":{\"\
        activeKey\":{\"keyUrl\":\"https://vault3-000004.vault.azure.net/keys/key3-000007/15f52d95d24c4ff286df841ffa12941b\"\
        },\"encryptionType\":\"EncryptionAtRestWithCustomerKey\",\"rotationToLatestKeyVersionEnabled\"\
        :true,\"provisioningState\":\"Succeeded\"}}\r\n  },\r\n  \"name\": \"c0db97bb-8fa7-4110-8307-84ab4837e42c\"\
        \r\n}"
    headers:
      cache-control:
      - no-cache
      content-length:
      - '886'
      content-type:
      - application/json; charset=utf-8
      date:
      - Wed, 15 Mar 2023 09:00:36 GMT
      expires:
      - '-1'
      pragma:
      - no-cache
      server:
      - Microsoft-HTTPAPI/2.0
      - Microsoft-HTTPAPI/2.0
      strict-transport-security:
      - max-age=31536000; includeSubDomains
      transfer-encoding:
      - chunked
      vary:
      - Accept-Encoding
      x-content-type-options:
      - nosniff
      x-ms-ratelimit-remaining-resource:
      - Microsoft.Compute/GetOperation3Min;49991,Microsoft.Compute/GetOperation30Min;399972
    status:
      code: 200
      message: OK
- request:
    body: null
    headers:
      Accept:
      - '*/*'
      Accept-Encoding:
      - gzip, deflate
      CommandName:
      - disk-encryption-set create
      Connection:
      - keep-alive
      ParameterSetName:
      - -g -n --key-url --enable-auto-key-rotation
      User-Agent:
      - AZURECLI/2.46.0 azsdk-python-azure-mgmt-compute/29.1.0 Python/3.10.9 (Windows-10-10.0.22621-SP0)
    method: GET
    uri: https://management.azure.com/subscriptions/00000000-0000-0000-0000-000000000000/resourceGroups/cli_test_disk_encryption_set_update_000001/providers/Microsoft.Compute/diskEncryptionSets/des-000009?api-version=2022-03-02
  response:
    body:
      string: "{\r\n  \"name\": \"des-000009\",\r\n  \"id\": \"/subscriptions/00000000-0000-0000-0000-000000000000/resourceGroups/cli_test_disk_encryption_set_update_000001/providers/Microsoft.Compute/diskEncryptionSets/des-000009\"\
        ,\r\n  \"type\": \"Microsoft.Compute/diskEncryptionSets\",\r\n  \"location\"\
        : \"westcentralus\",\r\n  \"identity\": {\r\n    \"type\": \"SystemAssigned\"\
        ,\r\n    \"principalId\": \"a61a7bf5-2d2c-476d-ac4f-569a0401fd3a\",\r\n  \
        \  \"tenantId\": \"54826b22-38d6-4fb2-bad9-b7b93a3e9c5a\"\r\n  },\r\n  \"\
        properties\": {\r\n    \"activeKey\": {\r\n      \"keyUrl\": \"https://vault3-000004.vault.azure.net/keys/key3-000007/15f52d95d24c4ff286df841ffa12941b\"\
        \r\n    },\r\n    \"encryptionType\": \"EncryptionAtRestWithCustomerKey\"\
        ,\r\n    \"rotationToLatestKeyVersionEnabled\": true,\r\n    \"provisioningState\"\
        : \"Succeeded\"\r\n  }\r\n}"
    headers:
      cache-control:
      - no-cache
      content-length:
      - '765'
      content-type:
      - application/json; charset=utf-8
      date:
      - Wed, 15 Mar 2023 09:00:36 GMT
      expires:
      - '-1'
      pragma:
      - no-cache
      server:
      - Microsoft-HTTPAPI/2.0
      - Microsoft-HTTPAPI/2.0
      strict-transport-security:
      - max-age=31536000; includeSubDomains
      transfer-encoding:
      - chunked
      vary:
      - Accept-Encoding
      x-content-type-options:
      - nosniff
      x-ms-ratelimit-remaining-resource:
      - Microsoft.Compute/LowCostGet3Min;14986,Microsoft.Compute/LowCostGet30Min;119948
    status:
      code: 200
      message: OK
- request:
    body: null
    headers:
      Accept:
      - application/json
      Accept-Encoding:
      - gzip, deflate
      CommandName:
      - disk-encryption-set show
      Connection:
      - keep-alive
      ParameterSetName:
      - -g -n
      User-Agent:
      - AZURECLI/2.46.0 azsdk-python-azure-mgmt-compute/29.1.0 Python/3.10.9 (Windows-10-10.0.22621-SP0)
    method: GET
    uri: https://management.azure.com/subscriptions/00000000-0000-0000-0000-000000000000/resourceGroups/cli_test_disk_encryption_set_update_000001/providers/Microsoft.Compute/diskEncryptionSets/des-000009?api-version=2022-03-02
  response:
    body:
      string: "{\r\n  \"name\": \"des-000009\",\r\n  \"id\": \"/subscriptions/00000000-0000-0000-0000-000000000000/resourceGroups/cli_test_disk_encryption_set_update_000001/providers/Microsoft.Compute/diskEncryptionSets/des-000009\"\
        ,\r\n  \"type\": \"Microsoft.Compute/diskEncryptionSets\",\r\n  \"location\"\
        : \"westcentralus\",\r\n  \"identity\": {\r\n    \"type\": \"SystemAssigned\"\
        ,\r\n    \"principalId\": \"a61a7bf5-2d2c-476d-ac4f-569a0401fd3a\",\r\n  \
        \  \"tenantId\": \"54826b22-38d6-4fb2-bad9-b7b93a3e9c5a\"\r\n  },\r\n  \"\
        properties\": {\r\n    \"activeKey\": {\r\n      \"keyUrl\": \"https://vault3-000004.vault.azure.net/keys/key3-000007/15f52d95d24c4ff286df841ffa12941b\"\
        \r\n    },\r\n    \"encryptionType\": \"EncryptionAtRestWithCustomerKey\"\
        ,\r\n    \"rotationToLatestKeyVersionEnabled\": true,\r\n    \"provisioningState\"\
        : \"Succeeded\"\r\n  }\r\n}"
    headers:
      cache-control:
      - no-cache
      content-length:
      - '765'
      content-type:
      - application/json; charset=utf-8
      date:
      - Wed, 15 Mar 2023 09:00:39 GMT
      expires:
      - '-1'
      pragma:
      - no-cache
      server:
      - Microsoft-HTTPAPI/2.0
      - Microsoft-HTTPAPI/2.0
      strict-transport-security:
      - max-age=31536000; includeSubDomains
      transfer-encoding:
      - chunked
      vary:
      - Accept-Encoding
      x-content-type-options:
      - nosniff
      x-ms-ratelimit-remaining-resource:
      - Microsoft.Compute/LowCostGet3Min;14985,Microsoft.Compute/LowCostGet30Min;119947
    status:
      code: 200
      message: OK
- request:
    body: null
    headers:
      Accept:
      - application/json
      Accept-Encoding:
      - gzip, deflate
      CommandName:
      - keyvault set-policy
      Connection:
      - keep-alive
      ParameterSetName:
      - -n --object-id --key-permissions
      User-Agent:
      - AZURECLI/2.46.0 azsdk-python-azure-mgmt-keyvault/10.1.0 Python/3.10.9 (Windows-10-10.0.22621-SP0)
    method: GET
    uri: https://management.azure.com/subscriptions/00000000-0000-0000-0000-000000000000/resources?$filter=resourceType%20eq%20%27Microsoft.KeyVault%2Fvaults%27&api-version=2015-11-01
  response:
    body:
      string: '{"value":[{"id":"/subscriptions/00000000-0000-0000-0000-000000000000/resourceGroups/AzurePowerShellLiveTest/providers/Microsoft.KeyVault/vaults/LiveTestKeyVault","name":"LiveTestKeyVault","type":"Microsoft.KeyVault/vaults","location":"westus","tags":{}},{"id":"/subscriptions/00000000-0000-0000-0000-000000000000/resourceGroups/bez-rg/providers/Microsoft.KeyVault/vaults/bez-kv","name":"bez-kv","type":"Microsoft.KeyVault/vaults","location":"eastus","tags":{}},{"id":"/subscriptions/00000000-0000-0000-0000-000000000000/resourceGroups/cli_test_disk_encryption_set_update_000001/providers/Microsoft.KeyVault/vaults/vault1-000002","name":"vault1-000002","type":"Microsoft.KeyVault/vaults","location":"westcentralus","tags":{}},{"id":"/subscriptions/00000000-0000-0000-0000-000000000000/resourceGroups/cli_test_disk_encryption_set_update_000001/providers/Microsoft.KeyVault/vaults/vault2-000003","name":"vault2-000003","type":"Microsoft.KeyVault/vaults","location":"westcentralus","tags":{}},{"id":"/subscriptions/00000000-0000-0000-0000-000000000000/resourceGroups/cli_test_disk_encryption_set_update_000001/providers/Microsoft.KeyVault/vaults/vault3-000004","name":"vault3-000004","type":"Microsoft.KeyVault/vaults","location":"westcentralus","tags":{}},{"id":"/subscriptions/00000000-0000-0000-0000-000000000000/resourceGroups/hang-rg/providers/Microsoft.KeyVault/vaults/hangkey","name":"hangkey","type":"Microsoft.KeyVault/vaults","location":"koreasouth","tags":{"kk":"kk","zz":"kk","--kk":"zz"}},{"id":"/subscriptions/00000000-0000-0000-0000-000000000000/resourceGroups/hang-rg/providers/Microsoft.KeyVault/vaults/similar0327002194","name":"similar0327002194","type":"Microsoft.KeyVault/vaults","location":"eastus2","tags":{}},{"id":"/subscriptions/00000000-0000-0000-0000-000000000000/resourceGroups/shiying-rg/providers/Microsoft.KeyVault/vaults/shiyingkv","name":"shiyingkv","type":"Microsoft.KeyVault/vaults","location":"eastus","tags":{}},{"id":"/subscriptions/00000000-0000-0000-0000-000000000000/resourceGroups/yishitest/providers/Microsoft.KeyVault/vaults/ystestkv","name":"ystestkv","type":"Microsoft.KeyVault/vaults","location":"eastus","tags":{}}]}'
    headers:
      cache-control:
      - no-cache
      content-length:
      - '2161'
      content-type:
      - application/json; charset=utf-8
      date:
      - Wed, 15 Mar 2023 09:00:38 GMT
      expires:
      - '-1'
      pragma:
      - no-cache
      strict-transport-security:
      - max-age=31536000; includeSubDomains
      vary:
      - Accept-Encoding
      x-content-type-options:
      - nosniff
    status:
      code: 200
      message: OK
- request:
    body: null
    headers:
      Accept:
      - application/json
      Accept-Encoding:
      - gzip, deflate
      CommandName:
      - keyvault set-policy
      Connection:
      - keep-alive
      ParameterSetName:
      - -n --object-id --key-permissions
      User-Agent:
      - AZURECLI/2.46.0 azsdk-python-azure-mgmt-keyvault/10.1.0 Python/3.10.9 (Windows-10-10.0.22621-SP0)
    method: GET
    uri: https://management.azure.com/subscriptions/00000000-0000-0000-0000-000000000000/resourceGroups/cli_test_disk_encryption_set_update_000001/providers/Microsoft.KeyVault/vaults/vault2-000003?api-version=2022-07-01
  response:
    body:
      string: '{"id":"/subscriptions/00000000-0000-0000-0000-000000000000/resourceGroups/cli_test_disk_encryption_set_update_000001/providers/Microsoft.KeyVault/vaults/vault2-000003","name":"vault2-000003","type":"Microsoft.KeyVault/vaults","location":"westcentralus","tags":{},"systemData":{"createdBy":"v-jingszhang@microsoft.com","createdByType":"User","createdAt":"2023-03-15T08:53:40.662Z","lastModifiedBy":"v-jingszhang@microsoft.com","lastModifiedByType":"User","lastModifiedAt":"2023-03-15T08:55:46.167Z"},"properties":{"sku":{"family":"A","name":"standard"},"tenantId":"54826b22-38d6-4fb2-bad9-b7b93a3e9c5a","accessPolicies":[{"tenantId":"54826b22-38d6-4fb2-bad9-b7b93a3e9c5a","objectId":"d44a2991-98c6-47c3-b59b-2b30d72cfcc2","permissions":{"keys":["all"],"secrets":["all"],"certificates":["all"],"storage":["all"]}},{"tenantId":"54826b22-38d6-4fb2-bad9-b7b93a3e9c5a","objectId":"f815ab19-9420-430f-af0e-064a8093d69c","permissions":{"keys":["get","wrapKey","unwrapKey"]}}],"enabledForDeployment":false,"enableSoftDelete":true,"softDeleteRetentionInDays":7,"enablePurgeProtection":true,"vaultUri":"https://vault2-000003.vault.azure.net/","provisioningState":"Succeeded","publicNetworkAccess":"Enabled"}}'
    headers:
      cache-control:
      - no-cache
      content-length:
      - '1197'
      content-type:
      - application/json; charset=utf-8
      date:
      - Wed, 15 Mar 2023 09:00:41 GMT
      expires:
      - '-1'
      pragma:
      - no-cache
      server:
      - Microsoft-IIS/10.0
      strict-transport-security:
      - max-age=31536000; includeSubDomains
      transfer-encoding:
      - chunked
      vary:
      - Accept-Encoding
      x-aspnet-version:
      - 4.0.30319
      x-content-type-options:
      - nosniff
      x-ms-keyvault-service-version:
      - 1.5.692.0
    status:
      code: 200
      message: OK
- request:
    body: '{"location": "westcentralus", "tags": {}, "properties": {"tenantId": "54826b22-38d6-4fb2-bad9-b7b93a3e9c5a",
      "sku": {"family": "A", "name": "standard"}, "accessPolicies": [{"tenantId":
      "54826b22-38d6-4fb2-bad9-b7b93a3e9c5a", "objectId": "d44a2991-98c6-47c3-b59b-2b30d72cfcc2",
      "permissions": {"keys": ["all"], "secrets": ["all"], "certificates": ["all"],
      "storage": ["all"]}}, {"tenantId": "54826b22-38d6-4fb2-bad9-b7b93a3e9c5a", "objectId":
      "f815ab19-9420-430f-af0e-064a8093d69c", "permissions": {"keys": ["get", "wrapKey",
      "unwrapKey"]}}, {"tenantId": "54826b22-38d6-4fb2-bad9-b7b93a3e9c5a", "objectId":
      "a61a7bf5-2d2c-476d-ac4f-569a0401fd3a", "permissions": {"keys": ["get", "wrapKey",
      "unwrapKey"]}}], "vaultUri": "https://vault2-000003.vault.azure.net/", "enabledForDeployment":
      false, "enableSoftDelete": true, "softDeleteRetentionInDays": 7, "enablePurgeProtection":
      true, "provisioningState": "Succeeded", "publicNetworkAccess": "Enabled"}}'
    headers:
      Accept:
      - application/json
      Accept-Encoding:
      - gzip, deflate
      CommandName:
      - keyvault set-policy
      Connection:
      - keep-alive
      Content-Length:
      - '948'
      Content-Type:
      - application/json
      ParameterSetName:
      - -n --object-id --key-permissions
      User-Agent:
      - AZURECLI/2.46.0 azsdk-python-azure-mgmt-keyvault/10.1.0 Python/3.10.9 (Windows-10-10.0.22621-SP0)
    method: PUT
    uri: https://management.azure.com/subscriptions/00000000-0000-0000-0000-000000000000/resourceGroups/cli_test_disk_encryption_set_update_000001/providers/Microsoft.KeyVault/vaults/vault2-000003?api-version=2022-07-01
  response:
    body:
      string: '{"id":"/subscriptions/00000000-0000-0000-0000-000000000000/resourceGroups/cli_test_disk_encryption_set_update_000001/providers/Microsoft.KeyVault/vaults/vault2-000003","name":"vault2-000003","type":"Microsoft.KeyVault/vaults","location":"westcentralus","tags":{},"systemData":{"createdBy":"v-jingszhang@microsoft.com","createdByType":"User","createdAt":"2023-03-15T08:53:40.662Z","lastModifiedBy":"v-jingszhang@microsoft.com","lastModifiedByType":"User","lastModifiedAt":"2023-03-15T09:00:41.827Z"},"properties":{"sku":{"family":"A","name":"standard"},"tenantId":"54826b22-38d6-4fb2-bad9-b7b93a3e9c5a","accessPolicies":[{"tenantId":"54826b22-38d6-4fb2-bad9-b7b93a3e9c5a","objectId":"d44a2991-98c6-47c3-b59b-2b30d72cfcc2","permissions":{"keys":["all"],"secrets":["all"],"certificates":["all"],"storage":["all"]}},{"tenantId":"54826b22-38d6-4fb2-bad9-b7b93a3e9c5a","objectId":"f815ab19-9420-430f-af0e-064a8093d69c","permissions":{"keys":["get","wrapKey","unwrapKey"]}},{"tenantId":"54826b22-38d6-4fb2-bad9-b7b93a3e9c5a","objectId":"a61a7bf5-2d2c-476d-ac4f-569a0401fd3a","permissions":{"keys":["get","wrapKey","unwrapKey"]}}],"enabledForDeployment":false,"enableSoftDelete":true,"softDeleteRetentionInDays":7,"enablePurgeProtection":true,"vaultUri":"https://vault2-000003.vault.azure.net/","provisioningState":"Succeeded","publicNetworkAccess":"Enabled"}}'
    headers:
      cache-control:
      - no-cache
      content-length:
      - '1352'
      content-type:
      - application/json; charset=utf-8
      date:
      - Wed, 15 Mar 2023 09:00:41 GMT
      expires:
      - '-1'
      pragma:
      - no-cache
      server:
      - Microsoft-IIS/10.0
      strict-transport-security:
      - max-age=31536000; includeSubDomains
      transfer-encoding:
      - chunked
      vary:
      - Accept-Encoding
      x-aspnet-version:
      - 4.0.30319
      x-content-type-options:
      - nosniff
      x-ms-keyvault-service-version:
      - 1.5.692.0
      x-ms-ratelimit-remaining-subscription-writes:
      - '1196'
    status:
      code: 200
      message: OK
- request:
    body: null
    headers:
      Accept:
      - application/json
      Accept-Encoding:
      - gzip, deflate
      CommandName:
      - disk-encryption-set update
      Connection:
      - keep-alive
      ParameterSetName:
      - -g -n --key-url
      User-Agent:
      - AZURECLI/2.46.0 azsdk-python-azure-mgmt-compute/29.1.0 Python/3.10.9 (Windows-10-10.0.22621-SP0)
    method: GET
    uri: https://management.azure.com/subscriptions/00000000-0000-0000-0000-000000000000/resourceGroups/cli_test_disk_encryption_set_update_000001/providers/Microsoft.Compute/diskEncryptionSets/des-000009?api-version=2022-03-02
  response:
    body:
      string: "{\r\n  \"name\": \"des-000009\",\r\n  \"id\": \"/subscriptions/00000000-0000-0000-0000-000000000000/resourceGroups/cli_test_disk_encryption_set_update_000001/providers/Microsoft.Compute/diskEncryptionSets/des-000009\"\
        ,\r\n  \"type\": \"Microsoft.Compute/diskEncryptionSets\",\r\n  \"location\"\
        : \"westcentralus\",\r\n  \"identity\": {\r\n    \"type\": \"SystemAssigned\"\
        ,\r\n    \"principalId\": \"a61a7bf5-2d2c-476d-ac4f-569a0401fd3a\",\r\n  \
        \  \"tenantId\": \"54826b22-38d6-4fb2-bad9-b7b93a3e9c5a\"\r\n  },\r\n  \"\
        properties\": {\r\n    \"activeKey\": {\r\n      \"keyUrl\": \"https://vault3-000004.vault.azure.net/keys/key3-000007/15f52d95d24c4ff286df841ffa12941b\"\
        \r\n    },\r\n    \"encryptionType\": \"EncryptionAtRestWithCustomerKey\"\
        ,\r\n    \"rotationToLatestKeyVersionEnabled\": true,\r\n    \"provisioningState\"\
        : \"Succeeded\"\r\n  }\r\n}"
    headers:
      cache-control:
      - no-cache
      content-length:
      - '765'
      content-type:
      - application/json; charset=utf-8
      date:
      - Wed, 15 Mar 2023 09:00:42 GMT
      expires:
      - '-1'
      pragma:
      - no-cache
      server:
      - Microsoft-HTTPAPI/2.0
      - Microsoft-HTTPAPI/2.0
      strict-transport-security:
      - max-age=31536000; includeSubDomains
      transfer-encoding:
      - chunked
      vary:
      - Accept-Encoding
      x-content-type-options:
      - nosniff
      x-ms-ratelimit-remaining-resource:
      - Microsoft.Compute/LowCostGet3Min;14983,Microsoft.Compute/LowCostGet30Min;119945
    status:
      code: 200
      message: OK
- request:
    body: '{"location": "westcentralus", "identity": {"type": "SystemAssigned"}, "properties":
      {"encryptionType": "EncryptionAtRestWithCustomerKey", "activeKey": {"keyUrl":
      "https://vault2-000003.vault.azure.net/keys/key2-000006/6ff0478e0acb41d9973f3c6bc08eed53"},
      "rotationToLatestKeyVersionEnabled": true}}'
    headers:
      Accept:
      - application/json
      Accept-Encoding:
      - gzip, deflate
      CommandName:
      - disk-encryption-set update
      Connection:
      - keep-alive
      Content-Length:
      - '297'
      Content-Type:
      - application/json
      ParameterSetName:
      - -g -n --key-url
      User-Agent:
      - AZURECLI/2.46.0 azsdk-python-azure-mgmt-compute/29.1.0 Python/3.10.9 (Windows-10-10.0.22621-SP0)
    method: PUT
    uri: https://management.azure.com/subscriptions/00000000-0000-0000-0000-000000000000/resourceGroups/cli_test_disk_encryption_set_update_000001/providers/Microsoft.Compute/diskEncryptionSets/des-000009?api-version=2022-03-02
  response:
    body:
      string: "{\r\n  \"location\": \"westcentralus\",\r\n  \"identity\": {\r\n  \
        \  \"type\": \"SystemAssigned\"\r\n  },\r\n  \"properties\": {\r\n    \"activeKey\"\
        : {\r\n      \"keyUrl\": \"https://vault2-000003.vault.azure.net/keys/key2-000006/6ff0478e0acb41d9973f3c6bc08eed53\"\
        \r\n    },\r\n    \"encryptionType\": \"EncryptionAtRestWithCustomerKey\"\
        ,\r\n    \"rotationToLatestKeyVersionEnabled\": true,\r\n    \"provisioningState\"\
        : \"Updating\"\r\n  }\r\n}"
    headers:
      azure-asyncoperation:
      - https://management.azure.com/subscriptions/00000000-0000-0000-0000-000000000000/providers/Microsoft.Compute/locations/westcentralus/DiskOperations/c3788a30-d4dd-4b80-817c-22d974606945?p=c7be8819-8178-488e-b751-923f11b1b57c&api-version=2022-03-02
      cache-control:
      - no-cache
      content-length:
      - '391'
      content-type:
      - application/json; charset=utf-8
      date:
      - Wed, 15 Mar 2023 09:00:45 GMT
      expires:
      - '-1'
      location:
      - https://management.azure.com/subscriptions/00000000-0000-0000-0000-000000000000/providers/Microsoft.Compute/locations/westcentralus/DiskOperations/c3788a30-d4dd-4b80-817c-22d974606945?p=c7be8819-8178-488e-b751-923f11b1b57c&monitor=true&api-version=2022-03-02
      pragma:
      - no-cache
      server:
      - Microsoft-HTTPAPI/2.0
      - Microsoft-HTTPAPI/2.0
      strict-transport-security:
      - max-age=31536000; includeSubDomains
      x-content-type-options:
      - nosniff
      x-ms-ratelimit-remaining-resource:
      - Microsoft.Compute/CreateUpdateHighCostDiskEncryptionSet3Min;96,Microsoft.Compute/CreateUpdateHighCostDiskEncryptionSet30Min;292
      x-ms-ratelimit-remaining-subscription-writes:
      - '1197'
    status:
      code: 202
      message: Accepted
- request:
    body: null
    headers:
      Accept:
      - '*/*'
      Accept-Encoding:
      - gzip, deflate
      CommandName:
      - disk-encryption-set update
      Connection:
      - keep-alive
      ParameterSetName:
      - -g -n --key-url
      User-Agent:
      - AZURECLI/2.46.0 azsdk-python-azure-mgmt-compute/29.1.0 Python/3.10.9 (Windows-10-10.0.22621-SP0)
    method: GET
    uri: https://management.azure.com/subscriptions/00000000-0000-0000-0000-000000000000/providers/Microsoft.Compute/locations/westcentralus/DiskOperations/c3788a30-d4dd-4b80-817c-22d974606945?p=c7be8819-8178-488e-b751-923f11b1b57c&api-version=2022-03-02
  response:
    body:
      string: "{\r\n  \"startTime\": \"2023-03-15T09:00:45.5347366+00:00\",\r\n  \"\
        endTime\": \"2023-03-15T09:00:46.4097076+00:00\",\r\n  \"status\": \"Succeeded\"\
        ,\r\n  \"properties\": {\r\n    \"output\": {\"name\":\"des-000009\",\"id\"\
        :\"/subscriptions/00000000-0000-0000-0000-000000000000/resourceGroups/cli_test_disk_encryption_set_update_000001/providers/Microsoft.Compute/diskEncryptionSets/des-000009\"\
        ,\"type\":\"Microsoft.Compute/diskEncryptionSets\",\"location\":\"westcentralus\"\
        ,\"identity\":{\"type\":\"SystemAssigned\",\"principalId\":\"a61a7bf5-2d2c-476d-ac4f-569a0401fd3a\"\
        ,\"tenantId\":\"54826b22-38d6-4fb2-bad9-b7b93a3e9c5a\"},\"properties\":{\"\
        activeKey\":{\"keyUrl\":\"https://vault2-000003.vault.azure.net/keys/key2-000006/6ff0478e0acb41d9973f3c6bc08eed53\"\
        },\"encryptionType\":\"EncryptionAtRestWithCustomerKey\",\"rotationToLatestKeyVersionEnabled\"\
        :true,\"provisioningState\":\"Succeeded\",\"lastKeyRotationTimestamp\":\"\
        2023-03-15T09:00:46.3628735+00:00\"}}\r\n  },\r\n  \"name\": \"c3788a30-d4dd-4b80-817c-22d974606945\"\
        \r\n}"
    headers:
      cache-control:
      - no-cache
      content-length:
      - '949'
      content-type:
      - application/json; charset=utf-8
      date:
      - Wed, 15 Mar 2023 09:01:15 GMT
      expires:
      - '-1'
      pragma:
      - no-cache
      server:
      - Microsoft-HTTPAPI/2.0
      - Microsoft-HTTPAPI/2.0
      strict-transport-security:
      - max-age=31536000; includeSubDomains
      transfer-encoding:
      - chunked
      vary:
      - Accept-Encoding
      x-content-type-options:
      - nosniff
      x-ms-ratelimit-remaining-resource:
      - Microsoft.Compute/GetOperation3Min;49990,Microsoft.Compute/GetOperation30Min;399970
    status:
      code: 200
      message: OK
- request:
    body: null
    headers:
      Accept:
      - '*/*'
      Accept-Encoding:
      - gzip, deflate
      CommandName:
      - disk-encryption-set update
      Connection:
      - keep-alive
      ParameterSetName:
      - -g -n --key-url
      User-Agent:
      - AZURECLI/2.46.0 azsdk-python-azure-mgmt-compute/29.1.0 Python/3.10.9 (Windows-10-10.0.22621-SP0)
    method: GET
    uri: https://management.azure.com/subscriptions/00000000-0000-0000-0000-000000000000/resourceGroups/cli_test_disk_encryption_set_update_000001/providers/Microsoft.Compute/diskEncryptionSets/des-000009?api-version=2022-03-02
  response:
    body:
      string: "{\r\n  \"name\": \"des-000009\",\r\n  \"id\": \"/subscriptions/00000000-0000-0000-0000-000000000000/resourceGroups/cli_test_disk_encryption_set_update_000001/providers/Microsoft.Compute/diskEncryptionSets/des-000009\"\
        ,\r\n  \"type\": \"Microsoft.Compute/diskEncryptionSets\",\r\n  \"location\"\
        : \"westcentralus\",\r\n  \"identity\": {\r\n    \"type\": \"SystemAssigned\"\
        ,\r\n    \"principalId\": \"a61a7bf5-2d2c-476d-ac4f-569a0401fd3a\",\r\n  \
        \  \"tenantId\": \"54826b22-38d6-4fb2-bad9-b7b93a3e9c5a\"\r\n  },\r\n  \"\
        properties\": {\r\n    \"activeKey\": {\r\n      \"keyUrl\": \"https://vault2-000003.vault.azure.net/keys/key2-000006/6ff0478e0acb41d9973f3c6bc08eed53\"\
        \r\n    },\r\n    \"encryptionType\": \"EncryptionAtRestWithCustomerKey\"\
        ,\r\n    \"rotationToLatestKeyVersionEnabled\": true,\r\n    \"provisioningState\"\
        : \"Succeeded\",\r\n    \"lastKeyRotationTimestamp\": \"2023-03-15T09:00:46.3628735+00:00\"\
        \r\n  }\r\n}"
    headers:
      cache-control:
      - no-cache
      content-length:
      - '835'
      content-type:
      - application/json; charset=utf-8
      date:
      - Wed, 15 Mar 2023 09:01:16 GMT
      expires:
      - '-1'
      pragma:
      - no-cache
      server:
      - Microsoft-HTTPAPI/2.0
      - Microsoft-HTTPAPI/2.0
      strict-transport-security:
      - max-age=31536000; includeSubDomains
      transfer-encoding:
      - chunked
      vary:
      - Accept-Encoding
      x-content-type-options:
      - nosniff
      x-ms-ratelimit-remaining-resource:
      - Microsoft.Compute/LowCostGet3Min;14980,Microsoft.Compute/LowCostGet30Min;119942
    status:
      code: 200
      message: OK
- request:
    body: null
    headers:
      Accept:
      - application/json
      Accept-Encoding:
      - gzip, deflate
      CommandName:
      - keyvault set-policy
      Connection:
      - keep-alive
      ParameterSetName:
      - -n --object-id --key-permissions
      User-Agent:
      - AZURECLI/2.46.0 azsdk-python-azure-mgmt-keyvault/10.1.0 Python/3.10.9 (Windows-10-10.0.22621-SP0)
    method: GET
    uri: https://management.azure.com/subscriptions/00000000-0000-0000-0000-000000000000/resources?$filter=resourceType%20eq%20%27Microsoft.KeyVault%2Fvaults%27&api-version=2015-11-01
  response:
    body:
      string: '{"value":[{"id":"/subscriptions/00000000-0000-0000-0000-000000000000/resourceGroups/AzurePowerShellLiveTest/providers/Microsoft.KeyVault/vaults/LiveTestKeyVault","name":"LiveTestKeyVault","type":"Microsoft.KeyVault/vaults","location":"westus","tags":{}},{"id":"/subscriptions/00000000-0000-0000-0000-000000000000/resourceGroups/bez-rg/providers/Microsoft.KeyVault/vaults/bez-kv","name":"bez-kv","type":"Microsoft.KeyVault/vaults","location":"eastus","tags":{}},{"id":"/subscriptions/00000000-0000-0000-0000-000000000000/resourceGroups/cli_test_disk_encryption_set_update_000001/providers/Microsoft.KeyVault/vaults/vault1-000002","name":"vault1-000002","type":"Microsoft.KeyVault/vaults","location":"westcentralus","tags":{}},{"id":"/subscriptions/00000000-0000-0000-0000-000000000000/resourceGroups/cli_test_disk_encryption_set_update_000001/providers/Microsoft.KeyVault/vaults/vault2-000003","name":"vault2-000003","type":"Microsoft.KeyVault/vaults","location":"westcentralus","tags":{}},{"id":"/subscriptions/00000000-0000-0000-0000-000000000000/resourceGroups/cli_test_disk_encryption_set_update_000001/providers/Microsoft.KeyVault/vaults/vault3-000004","name":"vault3-000004","type":"Microsoft.KeyVault/vaults","location":"westcentralus","tags":{}},{"id":"/subscriptions/00000000-0000-0000-0000-000000000000/resourceGroups/hang-rg/providers/Microsoft.KeyVault/vaults/hangkey","name":"hangkey","type":"Microsoft.KeyVault/vaults","location":"koreasouth","tags":{"kk":"kk","zz":"kk","--kk":"zz"}},{"id":"/subscriptions/00000000-0000-0000-0000-000000000000/resourceGroups/hang-rg/providers/Microsoft.KeyVault/vaults/similar0327002194","name":"similar0327002194","type":"Microsoft.KeyVault/vaults","location":"eastus2","tags":{}},{"id":"/subscriptions/00000000-0000-0000-0000-000000000000/resourceGroups/shiying-rg/providers/Microsoft.KeyVault/vaults/shiyingkv","name":"shiyingkv","type":"Microsoft.KeyVault/vaults","location":"eastus","tags":{}},{"id":"/subscriptions/00000000-0000-0000-0000-000000000000/resourceGroups/yishitest/providers/Microsoft.KeyVault/vaults/ystestkv","name":"ystestkv","type":"Microsoft.KeyVault/vaults","location":"eastus","tags":{}}]}'
    headers:
      cache-control:
      - no-cache
      content-length:
      - '2161'
      content-type:
      - application/json; charset=utf-8
      date:
      - Wed, 15 Mar 2023 09:01:17 GMT
      expires:
      - '-1'
      pragma:
      - no-cache
      strict-transport-security:
      - max-age=31536000; includeSubDomains
      vary:
      - Accept-Encoding
      x-content-type-options:
      - nosniff
    status:
      code: 200
      message: OK
- request:
    body: null
    headers:
      Accept:
      - application/json
      Accept-Encoding:
      - gzip, deflate
      CommandName:
      - keyvault set-policy
      Connection:
      - keep-alive
      ParameterSetName:
      - -n --object-id --key-permissions
      User-Agent:
      - AZURECLI/2.46.0 azsdk-python-azure-mgmt-keyvault/10.1.0 Python/3.10.9 (Windows-10-10.0.22621-SP0)
    method: GET
    uri: https://management.azure.com/subscriptions/00000000-0000-0000-0000-000000000000/resourceGroups/cli_test_disk_encryption_set_update_000001/providers/Microsoft.KeyVault/vaults/vault3-000004?api-version=2022-07-01
  response:
    body:
      string: '{"id":"/subscriptions/00000000-0000-0000-0000-000000000000/resourceGroups/cli_test_disk_encryption_set_update_000001/providers/Microsoft.KeyVault/vaults/vault3-000004","name":"vault3-000004","type":"Microsoft.KeyVault/vaults","location":"westcentralus","tags":{},"systemData":{"createdBy":"v-jingszhang@microsoft.com","createdByType":"User","createdAt":"2023-03-15T08:54:19.577Z","lastModifiedBy":"v-jingszhang@microsoft.com","lastModifiedByType":"User","lastModifiedAt":"2023-03-15T08:58:50.01Z"},"properties":{"sku":{"family":"A","name":"standard"},"tenantId":"54826b22-38d6-4fb2-bad9-b7b93a3e9c5a","accessPolicies":[{"tenantId":"54826b22-38d6-4fb2-bad9-b7b93a3e9c5a","objectId":"d44a2991-98c6-47c3-b59b-2b30d72cfcc2","permissions":{"keys":["all"],"secrets":["all"],"certificates":["all"],"storage":["all"]}},{"tenantId":"54826b22-38d6-4fb2-bad9-b7b93a3e9c5a","objectId":"ff63c2b6-dd8d-4377-b0ae-dd71e6c454f0","permissions":{"keys":["get","wrapKey","unwrapKey"]}}],"enabledForDeployment":false,"enableSoftDelete":true,"softDeleteRetentionInDays":7,"enablePurgeProtection":true,"vaultUri":"https://vault3-000004.vault.azure.net/","provisioningState":"Succeeded","publicNetworkAccess":"Enabled"}}'
    headers:
      cache-control:
      - no-cache
      content-length:
      - '1196'
      content-type:
      - application/json; charset=utf-8
      date:
      - Wed, 15 Mar 2023 09:01:19 GMT
      expires:
      - '-1'
      pragma:
      - no-cache
      server:
      - Microsoft-IIS/10.0
      strict-transport-security:
      - max-age=31536000; includeSubDomains
      transfer-encoding:
      - chunked
      vary:
      - Accept-Encoding
      x-aspnet-version:
      - 4.0.30319
      x-content-type-options:
      - nosniff
      x-ms-keyvault-service-version:
      - 1.5.692.0
    status:
      code: 200
      message: OK
- request:
    body: '{"location": "westcentralus", "tags": {}, "properties": {"tenantId": "54826b22-38d6-4fb2-bad9-b7b93a3e9c5a",
      "sku": {"family": "A", "name": "standard"}, "accessPolicies": [{"tenantId":
      "54826b22-38d6-4fb2-bad9-b7b93a3e9c5a", "objectId": "d44a2991-98c6-47c3-b59b-2b30d72cfcc2",
      "permissions": {"keys": ["all"], "secrets": ["all"], "certificates": ["all"],
      "storage": ["all"]}}, {"tenantId": "54826b22-38d6-4fb2-bad9-b7b93a3e9c5a", "objectId":
      "ff63c2b6-dd8d-4377-b0ae-dd71e6c454f0", "permissions": {"keys": ["get", "wrapKey",
      "unwrapKey"]}}, {"tenantId": "54826b22-38d6-4fb2-bad9-b7b93a3e9c5a", "objectId":
      "a61a7bf5-2d2c-476d-ac4f-569a0401fd3a", "permissions": {"keys": ["get", "wrapKey",
      "unwrapKey"]}}], "vaultUri": "https://vault3-000004.vault.azure.net/", "enabledForDeployment":
      false, "enableSoftDelete": true, "softDeleteRetentionInDays": 7, "enablePurgeProtection":
      true, "provisioningState": "Succeeded", "publicNetworkAccess": "Enabled"}}'
    headers:
      Accept:
      - application/json
      Accept-Encoding:
      - gzip, deflate
      CommandName:
      - keyvault set-policy
      Connection:
      - keep-alive
      Content-Length:
      - '948'
      Content-Type:
      - application/json
      ParameterSetName:
      - -n --object-id --key-permissions
      User-Agent:
      - AZURECLI/2.46.0 azsdk-python-azure-mgmt-keyvault/10.1.0 Python/3.10.9 (Windows-10-10.0.22621-SP0)
    method: PUT
    uri: https://management.azure.com/subscriptions/00000000-0000-0000-0000-000000000000/resourceGroups/cli_test_disk_encryption_set_update_000001/providers/Microsoft.KeyVault/vaults/vault3-000004?api-version=2022-07-01
  response:
    body:
      string: '{"id":"/subscriptions/00000000-0000-0000-0000-000000000000/resourceGroups/cli_test_disk_encryption_set_update_000001/providers/Microsoft.KeyVault/vaults/vault3-000004","name":"vault3-000004","type":"Microsoft.KeyVault/vaults","location":"westcentralus","tags":{},"systemData":{"createdBy":"v-jingszhang@microsoft.com","createdByType":"User","createdAt":"2023-03-15T08:54:19.577Z","lastModifiedBy":"v-jingszhang@microsoft.com","lastModifiedByType":"User","lastModifiedAt":"2023-03-15T09:01:20.338Z"},"properties":{"sku":{"family":"A","name":"standard"},"tenantId":"54826b22-38d6-4fb2-bad9-b7b93a3e9c5a","accessPolicies":[{"tenantId":"54826b22-38d6-4fb2-bad9-b7b93a3e9c5a","objectId":"d44a2991-98c6-47c3-b59b-2b30d72cfcc2","permissions":{"keys":["all"],"secrets":["all"],"certificates":["all"],"storage":["all"]}},{"tenantId":"54826b22-38d6-4fb2-bad9-b7b93a3e9c5a","objectId":"ff63c2b6-dd8d-4377-b0ae-dd71e6c454f0","permissions":{"keys":["get","wrapKey","unwrapKey"]}},{"tenantId":"54826b22-38d6-4fb2-bad9-b7b93a3e9c5a","objectId":"a61a7bf5-2d2c-476d-ac4f-569a0401fd3a","permissions":{"keys":["get","wrapKey","unwrapKey"]}}],"enabledForDeployment":false,"enableSoftDelete":true,"softDeleteRetentionInDays":7,"enablePurgeProtection":true,"vaultUri":"https://vault3-000004.vault.azure.net/","provisioningState":"Succeeded","publicNetworkAccess":"Enabled"}}'
    headers:
      cache-control:
      - no-cache
      content-length:
      - '1352'
      content-type:
      - application/json; charset=utf-8
      date:
      - Wed, 15 Mar 2023 09:01:20 GMT
      expires:
      - '-1'
      pragma:
      - no-cache
      server:
      - Microsoft-IIS/10.0
      strict-transport-security:
      - max-age=31536000; includeSubDomains
      transfer-encoding:
      - chunked
      vary:
      - Accept-Encoding
      x-aspnet-version:
      - 4.0.30319
      x-content-type-options:
      - nosniff
      x-ms-keyvault-service-version:
      - 1.5.692.0
      x-ms-ratelimit-remaining-subscription-writes:
      - '1196'
    status:
      code: 200
      message: OK
- request:
    body: null
    headers:
      Accept:
      - application/json
      Accept-Encoding:
      - gzip, deflate
      CommandName:
      - disk-encryption-set update
      Connection:
      - keep-alive
      ParameterSetName:
      - -g -n --key-url --source-vault --enable-auto-key-rotation
      User-Agent:
      - AZURECLI/2.46.0 azsdk-python-azure-mgmt-compute/29.1.0 Python/3.10.9 (Windows-10-10.0.22621-SP0)
    method: GET
    uri: https://management.azure.com/subscriptions/00000000-0000-0000-0000-000000000000/resourceGroups/cli_test_disk_encryption_set_update_000001/providers/Microsoft.Compute/diskEncryptionSets/des-000009?api-version=2022-03-02
  response:
    body:
      string: "{\r\n  \"name\": \"des-000009\",\r\n  \"id\": \"/subscriptions/00000000-0000-0000-0000-000000000000/resourceGroups/cli_test_disk_encryption_set_update_000001/providers/Microsoft.Compute/diskEncryptionSets/des-000009\"\
        ,\r\n  \"type\": \"Microsoft.Compute/diskEncryptionSets\",\r\n  \"location\"\
        : \"westcentralus\",\r\n  \"identity\": {\r\n    \"type\": \"SystemAssigned\"\
        ,\r\n    \"principalId\": \"a61a7bf5-2d2c-476d-ac4f-569a0401fd3a\",\r\n  \
        \  \"tenantId\": \"54826b22-38d6-4fb2-bad9-b7b93a3e9c5a\"\r\n  },\r\n  \"\
        properties\": {\r\n    \"activeKey\": {\r\n      \"keyUrl\": \"https://vault2-000003.vault.azure.net/keys/key2-000006/6ff0478e0acb41d9973f3c6bc08eed53\"\
        \r\n    },\r\n    \"encryptionType\": \"EncryptionAtRestWithCustomerKey\"\
        ,\r\n    \"rotationToLatestKeyVersionEnabled\": true,\r\n    \"provisioningState\"\
        : \"Succeeded\",\r\n    \"lastKeyRotationTimestamp\": \"2023-03-15T09:00:46.3628735+00:00\"\
        \r\n  }\r\n}"
    headers:
      cache-control:
      - no-cache
      content-length:
      - '835'
      content-type:
      - application/json; charset=utf-8
      date:
      - Wed, 15 Mar 2023 09:01:22 GMT
      expires:
      - '-1'
      pragma:
      - no-cache
      server:
      - Microsoft-HTTPAPI/2.0
      - Microsoft-HTTPAPI/2.0
      strict-transport-security:
      - max-age=31536000; includeSubDomains
      transfer-encoding:
      - chunked
      vary:
      - Accept-Encoding
      x-content-type-options:
      - nosniff
      x-ms-ratelimit-remaining-resource:
      - Microsoft.Compute/LowCostGet3Min;14979,Microsoft.Compute/LowCostGet30Min;119941
    status:
      code: 200
      message: OK
- request:
    body: '{"location": "westcentralus", "identity": {"type": "SystemAssigned"}, "properties":
      {"encryptionType": "EncryptionAtRestWithCustomerKey", "activeKey": {"sourceVault":
      {"id": "/subscriptions/00000000-0000-0000-0000-000000000000/resourceGroups/cli_test_disk_encryption_set_update_000001/providers/Microsoft.KeyVault/vaults/vault3-000004"},
      "keyUrl": "https://vault3-000004.vault.azure.net/keys/key3-000007/15f52d95d24c4ff286df841ffa12941b"},
      "rotationToLatestKeyVersionEnabled": false}}'
    headers:
      Accept:
      - application/json
      Accept-Encoding:
      - gzip, deflate
      CommandName:
      - disk-encryption-set update
      Connection:
      - keep-alive
      Content-Length:
      - '484'
      Content-Type:
      - application/json
      ParameterSetName:
      - -g -n --key-url --source-vault --enable-auto-key-rotation
      User-Agent:
      - AZURECLI/2.46.0 azsdk-python-azure-mgmt-compute/29.1.0 Python/3.10.9 (Windows-10-10.0.22621-SP0)
    method: PUT
    uri: https://management.azure.com/subscriptions/00000000-0000-0000-0000-000000000000/resourceGroups/cli_test_disk_encryption_set_update_000001/providers/Microsoft.Compute/diskEncryptionSets/des-000009?api-version=2022-03-02
  response:
    body:
      string: "{\r\n  \"location\": \"westcentralus\",\r\n  \"identity\": {\r\n  \
        \  \"type\": \"SystemAssigned\"\r\n  },\r\n  \"properties\": {\r\n    \"activeKey\"\
        : {\r\n      \"sourceVault\": {\r\n        \"id\": \"/subscriptions/00000000-0000-0000-0000-000000000000/resourceGroups/cli_test_disk_encryption_set_update_000001/providers/Microsoft.KeyVault/vaults/vault3-000004\"\
        \r\n      },\r\n      \"keyUrl\": \"https://vault3-000004.vault.azure.net/keys/key3-000007/15f52d95d24c4ff286df841ffa12941b\"\
        \r\n    },\r\n    \"encryptionType\": \"EncryptionAtRestWithCustomerKey\"\
        ,\r\n    \"rotationToLatestKeyVersionEnabled\": false,\r\n    \"provisioningState\"\
        : \"Updating\"\r\n  }\r\n}"
    headers:
      azure-asyncoperation:
      - https://management.azure.com/subscriptions/00000000-0000-0000-0000-000000000000/providers/Microsoft.Compute/locations/westcentralus/DiskOperations/63acc0b4-7801-4ae3-8e59-d18944400260?p=c7be8819-8178-488e-b751-923f11b1b57c&api-version=2022-03-02
      cache-control:
      - no-cache
      content-length:
      - '603'
      content-type:
      - application/json; charset=utf-8
      date:
      - Wed, 15 Mar 2023 09:01:26 GMT
      expires:
      - '-1'
      location:
      - https://management.azure.com/subscriptions/00000000-0000-0000-0000-000000000000/providers/Microsoft.Compute/locations/westcentralus/DiskOperations/63acc0b4-7801-4ae3-8e59-d18944400260?p=c7be8819-8178-488e-b751-923f11b1b57c&monitor=true&api-version=2022-03-02
      pragma:
      - no-cache
      server:
      - Microsoft-HTTPAPI/2.0
      - Microsoft-HTTPAPI/2.0
      strict-transport-security:
      - max-age=31536000; includeSubDomains
      x-content-type-options:
      - nosniff
      x-ms-ratelimit-remaining-resource:
      - Microsoft.Compute/CreateUpdateHighCostDiskEncryptionSet3Min;96,Microsoft.Compute/CreateUpdateHighCostDiskEncryptionSet30Min;291
      x-ms-ratelimit-remaining-subscription-writes:
      - '1197'
    status:
      code: 202
      message: Accepted
- request:
    body: null
    headers:
      Accept:
      - '*/*'
      Accept-Encoding:
      - gzip, deflate
      CommandName:
      - disk-encryption-set update
      Connection:
      - keep-alive
      ParameterSetName:
      - -g -n --key-url --source-vault --enable-auto-key-rotation
      User-Agent:
      - AZURECLI/2.46.0 azsdk-python-azure-mgmt-compute/29.1.0 Python/3.10.9 (Windows-10-10.0.22621-SP0)
    method: GET
    uri: https://management.azure.com/subscriptions/00000000-0000-0000-0000-000000000000/providers/Microsoft.Compute/locations/westcentralus/DiskOperations/63acc0b4-7801-4ae3-8e59-d18944400260?p=c7be8819-8178-488e-b751-923f11b1b57c&api-version=2022-03-02
  response:
    body:
      string: "{\r\n  \"startTime\": \"2023-03-15T09:01:26.1754332+00:00\",\r\n  \"\
        endTime\": \"2023-03-15T09:01:26.5660735+00:00\",\r\n  \"status\": \"Succeeded\"\
        ,\r\n  \"properties\": {\r\n    \"output\": {\"name\":\"des-000009\",\"id\"\
        :\"/subscriptions/00000000-0000-0000-0000-000000000000/resourceGroups/cli_test_disk_encryption_set_update_000001/providers/Microsoft.Compute/diskEncryptionSets/des-000009\"\
        ,\"type\":\"Microsoft.Compute/diskEncryptionSets\",\"location\":\"westcentralus\"\
        ,\"identity\":{\"type\":\"SystemAssigned\",\"principalId\":\"a61a7bf5-2d2c-476d-ac4f-569a0401fd3a\"\
        ,\"tenantId\":\"54826b22-38d6-4fb2-bad9-b7b93a3e9c5a\"},\"properties\":{\"\
        activeKey\":{\"sourceVault\":{\"id\":\"/subscriptions/00000000-0000-0000-0000-000000000000/resourceGroups/cli_test_disk_encryption_set_update_000001/providers/Microsoft.KeyVault/vaults/vault3-000004\"\
        },\"keyUrl\":\"https://vault3-000004.vault.azure.net/keys/key3-000007/15f52d95d24c4ff286df841ffa12941b\"\
        },\"encryptionType\":\"EncryptionAtRestWithCustomerKey\",\"rotationToLatestKeyVersionEnabled\"\
        :false,\"provisioningState\":\"Succeeded\",\"lastKeyRotationTimestamp\":\"\
        2023-03-15T09:01:26.5191697+00:00\"}}\r\n  },\r\n  \"name\": \"63acc0b4-7801-4ae3-8e59-d18944400260\"\
        \r\n}"
    headers:
      cache-control:
      - no-cache
      content-length:
      - '1133'
      content-type:
      - application/json; charset=utf-8
      date:
      - Wed, 15 Mar 2023 09:01:56 GMT
      expires:
      - '-1'
      pragma:
      - no-cache
      server:
      - Microsoft-HTTPAPI/2.0
      - Microsoft-HTTPAPI/2.0
      strict-transport-security:
      - max-age=31536000; includeSubDomains
      transfer-encoding:
      - chunked
      vary:
      - Accept-Encoding
      x-content-type-options:
      - nosniff
      x-ms-ratelimit-remaining-resource:
      - Microsoft.Compute/GetOperation3Min;49990,Microsoft.Compute/GetOperation30Min;399968
    status:
      code: 200
      message: OK
- request:
    body: null
    headers:
      Accept:
      - '*/*'
      Accept-Encoding:
      - gzip, deflate
      CommandName:
      - disk-encryption-set update
      Connection:
      - keep-alive
      ParameterSetName:
      - -g -n --key-url --source-vault --enable-auto-key-rotation
      User-Agent:
      - AZURECLI/2.46.0 azsdk-python-azure-mgmt-compute/29.1.0 Python/3.10.9 (Windows-10-10.0.22621-SP0)
    method: GET
    uri: https://management.azure.com/subscriptions/00000000-0000-0000-0000-000000000000/resourceGroups/cli_test_disk_encryption_set_update_000001/providers/Microsoft.Compute/diskEncryptionSets/des-000009?api-version=2022-03-02
  response:
    body:
      string: "{\r\n  \"name\": \"des-000009\",\r\n  \"id\": \"/subscriptions/00000000-0000-0000-0000-000000000000/resourceGroups/cli_test_disk_encryption_set_update_000001/providers/Microsoft.Compute/diskEncryptionSets/des-000009\"\
        ,\r\n  \"type\": \"Microsoft.Compute/diskEncryptionSets\",\r\n  \"location\"\
        : \"westcentralus\",\r\n  \"identity\": {\r\n    \"type\": \"SystemAssigned\"\
        ,\r\n    \"principalId\": \"a61a7bf5-2d2c-476d-ac4f-569a0401fd3a\",\r\n  \
        \  \"tenantId\": \"54826b22-38d6-4fb2-bad9-b7b93a3e9c5a\"\r\n  },\r\n  \"\
        properties\": {\r\n    \"activeKey\": {\r\n      \"sourceVault\": {\r\n  \
        \      \"id\": \"/subscriptions/00000000-0000-0000-0000-000000000000/resourceGroups/cli_test_disk_encryption_set_update_000001/providers/Microsoft.KeyVault/vaults/vault3-000004\"\
        \r\n      },\r\n      \"keyUrl\": \"https://vault3-000004.vault.azure.net/keys/key3-000007/15f52d95d24c4ff286df841ffa12941b\"\
        \r\n    },\r\n    \"encryptionType\": \"EncryptionAtRestWithCustomerKey\"\
        ,\r\n    \"rotationToLatestKeyVersionEnabled\": false,\r\n    \"provisioningState\"\
        : \"Succeeded\",\r\n    \"lastKeyRotationTimestamp\": \"2023-03-15T09:01:26.5191697+00:00\"\
        \r\n  }\r\n}"
    headers:
      cache-control:
      - no-cache
      content-length:
      - '1047'
      content-type:
      - application/json; charset=utf-8
      date:
      - Wed, 15 Mar 2023 09:01:57 GMT
      expires:
      - '-1'
      pragma:
      - no-cache
      server:
      - Microsoft-HTTPAPI/2.0
      - Microsoft-HTTPAPI/2.0
      strict-transport-security:
      - max-age=31536000; includeSubDomains
      transfer-encoding:
      - chunked
      vary:
      - Accept-Encoding
      x-content-type-options:
      - nosniff
      x-ms-ratelimit-remaining-resource:
      - Microsoft.Compute/LowCostGet3Min;14981,Microsoft.Compute/LowCostGet30Min;119938
    status:
      code: 200
      message: OK
version: 1
