interactions:
- request:
    body: null
    headers:
      Accept:
      - '*/*'
      Accept-Encoding:
      - gzip, deflate
      Connection:
      - keep-alive
      User-Agent:
      - python-requests/2.22.0
    method: GET
    uri: https://raw.githubusercontent.com/Azure/azure-rest-api-specs/master/arm-compute/quickstart-templates/aliases.json
  response:
    body:
      string: "{\n  \"$schema\": \"http://schema.management.azure.com/schemas/2015-01-01/deploymentTemplate.json\",\n
        \ \"contentVersion\": \"1.0.0.0\",\n  \"parameters\": {},\n  \"variables\":
        {},\n  \"resources\": [],\n  \"outputs\": {\n    \"aliases\": {\n      \"type\":
        \"object\",\n      \"value\": {\n        \"Linux\": {\n          \"CentOS\":
        {\n            \"publisher\": \"OpenLogic\",\n            \"offer\": \"CentOS\",\n
        \           \"sku\": \"7.5\",\n            \"version\": \"latest\"\n          },\n
        \         \"CoreOS\": {\n            \"publisher\": \"CoreOS\",\n            \"offer\":
        \"CoreOS\",\n            \"sku\": \"Stable\",\n            \"version\": \"latest\"\n
        \         },\n          \"Debian\": {\n            \"publisher\": \"Debian\",\n
        \           \"offer\": \"debian-10\",\n            \"sku\": \"10\",\n            \"version\":
        \"latest\"\n          },\n          \"openSUSE-Leap\": {\n            \"publisher\":
        \"SUSE\",\n            \"offer\": \"openSUSE-Leap\",\n            \"sku\":
        \"42.3\",\n            \"version\": \"latest\"\n          },\n          \"RHEL\":
        {\n            \"publisher\": \"RedHat\",\n            \"offer\": \"RHEL\",\n
        \           \"sku\": \"7-LVM\",\n            \"version\": \"latest\"\n          },\n
        \         \"SLES\": {\n            \"publisher\": \"SUSE\",\n            \"offer\":
        \"SLES\",\n            \"sku\": \"15\",\n            \"version\": \"latest\"\n
        \         },\n          \"UbuntuLTS\": {\n            \"publisher\": \"Canonical\",\n
        \           \"offer\": \"UbuntuServer\",\n            \"sku\": \"18.04-LTS\",\n
        \           \"version\": \"latest\"\n          }\n        },\n        \"Windows\":
        {\n          \"Win2019Datacenter\": {\n            \"publisher\": \"MicrosoftWindowsServer\",\n
        \           \"offer\": \"WindowsServer\",\n            \"sku\": \"2019-Datacenter\",\n
        \           \"version\": \"latest\"\n          },\n          \"Win2016Datacenter\":
        {\n            \"publisher\": \"MicrosoftWindowsServer\",\n            \"offer\":
        \"WindowsServer\",\n            \"sku\": \"2016-Datacenter\",\n            \"version\":
        \"latest\"\n          },\n          \"Win2012R2Datacenter\": {\n            \"publisher\":
        \"MicrosoftWindowsServer\",\n            \"offer\": \"WindowsServer\",\n            \"sku\":
        \"2012-R2-Datacenter\",\n            \"version\": \"latest\"\n          },\n
        \         \"Win2012Datacenter\": {\n            \"publisher\": \"MicrosoftWindowsServer\",\n
        \           \"offer\": \"WindowsServer\",\n            \"sku\": \"2012-Datacenter\",\n
        \           \"version\": \"latest\"\n          },\n          \"Win2008R2SP1\":
        {\n            \"publisher\": \"MicrosoftWindowsServer\",\n            \"offer\":
        \"WindowsServer\",\n            \"sku\": \"2008-R2-SP1\",\n            \"version\":
        \"latest\"\n          }\n        }\n      }\n    }\n  }\n}\n"
    headers:
      accept-ranges:
      - bytes
      access-control-allow-origin:
      - '*'
      cache-control:
      - max-age=300
      connection:
      - keep-alive
      content-length:
      - '2501'
      content-security-policy:
      - default-src 'none'; style-src 'unsafe-inline'; sandbox
      content-type:
      - text/plain; charset=utf-8
      date:
      - Sun, 13 Oct 2019 02:26:28 GMT
      etag:
      - '"5d5b1214d514a7d1af3a6606ac1a74d9cadc7bb5"'
      expires:
      - Sun, 13 Oct 2019 02:31:28 GMT
      source-age:
      - '72'
      strict-transport-security:
      - max-age=31536000
      vary:
      - Authorization,Accept-Encoding
      via:
      - 1.1 varnish
      x-cache:
      - HIT
      x-cache-hits:
      - '1'
      x-content-type-options:
      - nosniff
      x-fastly-request-id:
      - 1313f924b7cd2e8fd500d725a4592ffb17b25576
      x-frame-options:
      - deny
      x-geo-block-list:
      - ''
      x-github-request-id:
      - 1110:017F:375604:40D4D7:5DA28B0B
      x-served-by:
      - cache-sjc3137-SJC
      x-timer:
      - S1570933589.613920,VS0,VE1
      x-xss-protection:
      - 1; mode=block
    status:
      code: 200
      message: OK
- request:
    body: null
    headers:
      Accept:
      - application/json
      Accept-Encoding:
      - gzip, deflate
      CommandName:
      - vm create
      Connection:
      - keep-alive
      ParameterSetName:
      - -n -g --computer-name --image --availability-set --nsg --ssh-key-value --public-ip-address
        --tags --location --admin-username
      User-Agent:
      - python/3.6.5 (Windows-10-10.0.17134-SP0) msrest/0.6.10 msrest_azure/0.6.2
        azure-mgmt-network/4.0.0 Azure-SDK-For-Python AZURECLI/2.0.74
      accept-language:
      - en-US
    method: GET
    uri: https://management.azure.com/subscriptions/00000000-0000-0000-0000-000000000000/resourceGroups/cli_test_vm_create_none_options000001/providers/Microsoft.Network/virtualNetworks?api-version=2018-01-01
  response:
    body:
      string: '{"value":[]}'
    headers:
      cache-control:
      - no-cache
      content-length:
      - '12'
      content-type:
      - application/json; charset=utf-8
      date:
      - Sun, 13 Oct 2019 02:26:27 GMT
      expires:
      - '-1'
      pragma:
      - no-cache
      strict-transport-security:
      - max-age=31536000; includeSubDomains
      vary:
      - Accept-Encoding
      x-content-type-options:
      - nosniff
    status:
      code: 200
      message: OK
- request:
    body: 'b''{"properties": {"template": {"$schema": "https://schema.management.azure.com/schemas/2015-01-01/deploymentTemplate.json#",
      "contentVersion": "1.0.0.0", "parameters": {}, "variables": {}, "resources":
      [{"name": "nooptvmVNET", "type": "Microsoft.Network/virtualNetworks", "location":
      "eastus", "apiVersion": "2015-06-15", "dependsOn": [], "tags": {}, "properties":
      {"addressSpace": {"addressPrefixes": ["10.0.0.0/16"]}, "subnets": [{"name":
      "nooptvmSubnet", "properties": {"addressPrefix": "10.0.0.0/24"}}]}}, {"apiVersion":
      "2015-06-15", "type": "Microsoft.Network/networkInterfaces", "name": "nooptvmVMNic",
      "location": "eastus", "tags": {}, "dependsOn": ["Microsoft.Network/virtualNetworks/nooptvmVNET"],
      "properties": {"ipConfigurations": [{"name": "ipconfignooptvm", "properties":
      {"privateIPAllocationMethod": "Dynamic", "subnet": {"id": "/subscriptions/00000000-0000-0000-0000-000000000000/resourceGroups/cli_test_vm_create_none_options000001/providers/Microsoft.Network/virtualNetworks/nooptvmVNET/subnets/nooptvmSubnet"}}}]}},
      {"apiVersion": "2019-03-01", "type": "Microsoft.Compute/virtualMachines", "name":
      "nooptvm", "location": "eastus", "tags": {}, "dependsOn": ["Microsoft.Network/networkInterfaces/nooptvmVMNic"],
      "properties": {"hardwareProfile": {"vmSize": "Standard_DS1_v2"}, "networkProfile":
      {"networkInterfaces": [{"id": "/subscriptions/00000000-0000-0000-0000-000000000000/resourceGroups/cli_test_vm_create_none_options000001/providers/Microsoft.Network/networkInterfaces/nooptvmVMNic"}]},
      "storageProfile": {"osDisk": {"createOption": "fromImage", "name": null, "caching":
      "ReadWrite", "managedDisk": {"storageAccountType": null}}, "imageReference":
      {"publisher": "Debian", "offer": "debian-10", "sku": "10", "version": "latest"}},
      "osProfile": {"computerName": "nooptvm", "adminUsername": "user11", "linuxConfiguration":
      {"disablePasswordAuthentication": true, "ssh": {"publicKeys": [{"keyData": "ssh-rsa
      AAAAB3NzaC1yc2EAAAADAQABAAACAQCbIg1guRHbI0lV11wWDt1r2cUdcNd27CJsg+SfgC7miZeubtwUhbsPdhMQsfDyhOWHq1+ZL0M+nJZV63d/1dhmhtgyOqejUwrPlzKhydsbrsdUor+JmNJDdW01v7BXHyuymT8G4s09jCasNOwiufbP/qp72ruu0bIA1nySsvlf9pCQAuFkAnVnf/rFhUlOkhtRpwcq8SUNY2zRHR/EKb/4NWY1JzR4sa3q2fWIJdrrX0DvLoa5g9bIEd4Df79ba7v+yiUBOS0zT2ll+z4g9izHK3EO5d8hL4jYxcjKs+wcslSYRWrascfscLgMlMGh0CdKeNTDjHpGPncaf3Z+FwwwjWeuiNBxv7bJo13/8B/098KlVDl4GZqsoBCEjPyJfV6hO0y/LkRGkk7oHWKgeWAfKtfLItRp00eZ4fcJNK9kCaSMmEugoZWcI7NGbZXzqFWqbpRI7NcDP9+WIQ+i9U5vqWsqd/zng4kbuAJ6UuKqIzB0upYrLShfQE3SAck8oaLhJqqq56VfDuASNpJKidV+zq27HfSBmbXnkR/5AK337dc3MXKJypoK/QPMLKUAP5XLPbs+NddJQV7EZXd29DLgp+fRIg3edpKdO7ZErWhv7d+3Kws+e1Y+ypmR2WIVSwVyBEUfgv2C8Ts9gnTF4pNcEY/S2aBicz5Ew2+jdyGNQQ==
      test@example.com\\n", "path": "/home/user11/.ssh/authorized_keys"}]}}}}}], "outputs":
      {}}, "parameters": {}, "mode": "Incremental"}}'''
    headers:
      Accept:
      - application/json
      Accept-Encoding:
      - gzip, deflate
      CommandName:
      - vm create
      Connection:
      - keep-alive
      Content-Length:
      - '2852'
      Content-Type:
      - application/json; charset=utf-8
      ParameterSetName:
      - -n -g --computer-name --image --availability-set --nsg --ssh-key-value --public-ip-address
        --tags --location --admin-username
      User-Agent:
      - python/3.6.5 (Windows-10-10.0.17134-SP0) msrest/0.6.10 msrest_azure/0.6.2
        azure-mgmt-resource/4.0.0 Azure-SDK-For-Python AZURECLI/2.0.74
      accept-language:
      - en-US
    method: PUT
    uri: https://management.azure.com/subscriptions/00000000-0000-0000-0000-000000000000/resourcegroups/cli_test_vm_create_none_options000001/providers/Microsoft.Resources/deployments/mock-deployment?api-version=2019-07-01
  response:
    body:
      string: '{"id":"/subscriptions/00000000-0000-0000-0000-000000000000/resourceGroups/cli_test_vm_create_none_options000001/providers/Microsoft.Resources/deployments/vm_deploy_oBcnUn2L5IEllWRfZZ9XJpe2UcD6wn3Y","name":"vm_deploy_oBcnUn2L5IEllWRfZZ9XJpe2UcD6wn3Y","type":"Microsoft.Resources/deployments","properties":{"templateHash":"12609279297951262675","parameters":{},"mode":"Incremental","provisioningState":"Accepted","timestamp":"2019-10-13T02:26:29.2176169Z","duration":"PT0.3737273S","correlationId":"109ac4ee-db61-4bbb-ad38-ddcf6ce66623","providers":[{"namespace":"Microsoft.Network","resourceTypes":[{"resourceType":"virtualNetworks","locations":["eastus"]},{"resourceType":"networkInterfaces","locations":["eastus"]}]},{"namespace":"Microsoft.Compute","resourceTypes":[{"resourceType":"virtualMachines","locations":["eastus"]}]}],"dependencies":[{"dependsOn":[{"id":"/subscriptions/00000000-0000-0000-0000-000000000000/resourceGroups/cli_test_vm_create_none_options000001/providers/Microsoft.Network/virtualNetworks/nooptvmVNET","resourceType":"Microsoft.Network/virtualNetworks","resourceName":"nooptvmVNET"}],"id":"/subscriptions/00000000-0000-0000-0000-000000000000/resourceGroups/cli_test_vm_create_none_options000001/providers/Microsoft.Network/networkInterfaces/nooptvmVMNic","resourceType":"Microsoft.Network/networkInterfaces","resourceName":"nooptvmVMNic"},{"dependsOn":[{"id":"/subscriptions/00000000-0000-0000-0000-000000000000/resourceGroups/cli_test_vm_create_none_options000001/providers/Microsoft.Network/networkInterfaces/nooptvmVMNic","resourceType":"Microsoft.Network/networkInterfaces","resourceName":"nooptvmVMNic"}],"id":"/subscriptions/00000000-0000-0000-0000-000000000000/resourceGroups/cli_test_vm_create_none_options000001/providers/Microsoft.Compute/virtualMachines/nooptvm","resourceType":"Microsoft.Compute/virtualMachines","resourceName":"nooptvm"}]}}'
    headers:
      azure-asyncoperation:
      - https://management.azure.com/subscriptions/00000000-0000-0000-0000-000000000000/resourcegroups/cli_test_vm_create_none_options000001/providers/Microsoft.Resources/deployments/vm_deploy_oBcnUn2L5IEllWRfZZ9XJpe2UcD6wn3Y/operationStatuses/08586306732966337328?api-version=2019-07-01
      cache-control:
      - no-cache
      content-length:
      - '2069'
      content-type:
      - application/json; charset=utf-8
      date:
      - Sun, 13 Oct 2019 02:26:29 GMT
      expires:
      - '-1'
      pragma:
      - no-cache
      strict-transport-security:
      - max-age=31536000; includeSubDomains
      x-content-type-options:
      - nosniff
      x-ms-ratelimit-remaining-subscription-writes:
      - '1198'
    status:
      code: 201
      message: Created
- request:
    body: null
    headers:
      Accept:
      - application/json
      Accept-Encoding:
      - gzip, deflate
      CommandName:
      - vm create
      Connection:
      - keep-alive
      ParameterSetName:
      - -n -g --computer-name --image --availability-set --nsg --ssh-key-value --public-ip-address
        --tags --location --admin-username
      User-Agent:
      - python/3.6.5 (Windows-10-10.0.17134-SP0) msrest/0.6.10 msrest_azure/0.6.2
        azure-mgmt-resource/4.0.0 Azure-SDK-For-Python AZURECLI/2.0.74
    method: GET
    uri: https://management.azure.com/subscriptions/00000000-0000-0000-0000-000000000000/resourcegroups/cli_test_vm_create_none_options000001/providers/Microsoft.Resources/deployments/mock-deployment/operationStatuses/08586306732966337328?api-version=2019-07-01
  response:
    body:
      string: '{"status":"Running"}'
    headers:
      cache-control:
      - no-cache
      content-length:
      - '20'
      content-type:
      - application/json; charset=utf-8
      date:
      - Sun, 13 Oct 2019 02:26:58 GMT
      expires:
      - '-1'
      pragma:
      - no-cache
      strict-transport-security:
      - max-age=31536000; includeSubDomains
      vary:
      - Accept-Encoding
      x-content-type-options:
      - nosniff
    status:
      code: 200
      message: OK
- request:
    body: null
    headers:
      Accept:
      - application/json
      Accept-Encoding:
      - gzip, deflate
      CommandName:
      - vm create
      Connection:
      - keep-alive
      ParameterSetName:
      - -n -g --computer-name --image --availability-set --nsg --ssh-key-value --public-ip-address
        --tags --location --admin-username
      User-Agent:
      - python/3.6.5 (Windows-10-10.0.17134-SP0) msrest/0.6.10 msrest_azure/0.6.2
        azure-mgmt-resource/4.0.0 Azure-SDK-For-Python AZURECLI/2.0.74
    method: GET
    uri: https://management.azure.com/subscriptions/00000000-0000-0000-0000-000000000000/resourcegroups/cli_test_vm_create_none_options000001/providers/Microsoft.Resources/deployments/mock-deployment/operationStatuses/08586306732966337328?api-version=2019-07-01
  response:
    body:
      string: '{"status":"Running"}'
    headers:
      cache-control:
      - no-cache
      content-length:
      - '20'
      content-type:
      - application/json; charset=utf-8
      date:
      - Sun, 13 Oct 2019 02:27:28 GMT
      expires:
      - '-1'
      pragma:
      - no-cache
      strict-transport-security:
      - max-age=31536000; includeSubDomains
      vary:
      - Accept-Encoding
      x-content-type-options:
      - nosniff
    status:
      code: 200
      message: OK
- request:
    body: null
    headers:
      Accept:
      - application/json
      Accept-Encoding:
      - gzip, deflate
      CommandName:
      - vm create
      Connection:
      - keep-alive
      ParameterSetName:
      - -n -g --computer-name --image --availability-set --nsg --ssh-key-value --public-ip-address
        --tags --location --admin-username
      User-Agent:
      - python/3.6.5 (Windows-10-10.0.17134-SP0) msrest/0.6.10 msrest_azure/0.6.2
        azure-mgmt-resource/4.0.0 Azure-SDK-For-Python AZURECLI/2.0.74
    method: GET
    uri: https://management.azure.com/subscriptions/00000000-0000-0000-0000-000000000000/resourcegroups/cli_test_vm_create_none_options000001/providers/Microsoft.Resources/deployments/mock-deployment/operationStatuses/08586306732966337328?api-version=2019-07-01
  response:
    body:
      string: '{"status":"Succeeded"}'
    headers:
      cache-control:
      - no-cache
      content-length:
      - '22'
      content-type:
      - application/json; charset=utf-8
      date:
      - Sun, 13 Oct 2019 02:27:59 GMT
      expires:
      - '-1'
      pragma:
      - no-cache
      strict-transport-security:
      - max-age=31536000; includeSubDomains
      vary:
      - Accept-Encoding
      x-content-type-options:
      - nosniff
    status:
      code: 200
      message: OK
- request:
    body: null
    headers:
      Accept:
      - application/json
      Accept-Encoding:
      - gzip, deflate
      CommandName:
      - vm create
      Connection:
      - keep-alive
      ParameterSetName:
      - -n -g --computer-name --image --availability-set --nsg --ssh-key-value --public-ip-address
        --tags --location --admin-username
      User-Agent:
      - python/3.6.5 (Windows-10-10.0.17134-SP0) msrest/0.6.10 msrest_azure/0.6.2
        azure-mgmt-resource/4.0.0 Azure-SDK-For-Python AZURECLI/2.0.74
    method: GET
    uri: https://management.azure.com/subscriptions/00000000-0000-0000-0000-000000000000/resourcegroups/cli_test_vm_create_none_options000001/providers/Microsoft.Resources/deployments/mock-deployment?api-version=2019-07-01
  response:
    body:
      string: '{"id":"/subscriptions/00000000-0000-0000-0000-000000000000/resourceGroups/cli_test_vm_create_none_options000001/providers/Microsoft.Resources/deployments/vm_deploy_oBcnUn2L5IEllWRfZZ9XJpe2UcD6wn3Y","name":"vm_deploy_oBcnUn2L5IEllWRfZZ9XJpe2UcD6wn3Y","type":"Microsoft.Resources/deployments","properties":{"templateHash":"12609279297951262675","parameters":{},"mode":"Incremental","provisioningState":"Succeeded","timestamp":"2019-10-13T02:27:45.1725115Z","duration":"PT1M16.3286219S","correlationId":"109ac4ee-db61-4bbb-ad38-ddcf6ce66623","providers":[{"namespace":"Microsoft.Network","resourceTypes":[{"resourceType":"virtualNetworks","locations":["eastus"]},{"resourceType":"networkInterfaces","locations":["eastus"]}]},{"namespace":"Microsoft.Compute","resourceTypes":[{"resourceType":"virtualMachines","locations":["eastus"]}]}],"dependencies":[{"dependsOn":[{"id":"/subscriptions/00000000-0000-0000-0000-000000000000/resourceGroups/cli_test_vm_create_none_options000001/providers/Microsoft.Network/virtualNetworks/nooptvmVNET","resourceType":"Microsoft.Network/virtualNetworks","resourceName":"nooptvmVNET"}],"id":"/subscriptions/00000000-0000-0000-0000-000000000000/resourceGroups/cli_test_vm_create_none_options000001/providers/Microsoft.Network/networkInterfaces/nooptvmVMNic","resourceType":"Microsoft.Network/networkInterfaces","resourceName":"nooptvmVMNic"},{"dependsOn":[{"id":"/subscriptions/00000000-0000-0000-0000-000000000000/resourceGroups/cli_test_vm_create_none_options000001/providers/Microsoft.Network/networkInterfaces/nooptvmVMNic","resourceType":"Microsoft.Network/networkInterfaces","resourceName":"nooptvmVMNic"}],"id":"/subscriptions/00000000-0000-0000-0000-000000000000/resourceGroups/cli_test_vm_create_none_options000001/providers/Microsoft.Compute/virtualMachines/nooptvm","resourceType":"Microsoft.Compute/virtualMachines","resourceName":"nooptvm"}],"outputs":{},"outputResources":[{"id":"/subscriptions/00000000-0000-0000-0000-000000000000/resourceGroups/cli_test_vm_create_none_options000001/providers/Microsoft.Compute/virtualMachines/nooptvm"},{"id":"/subscriptions/00000000-0000-0000-0000-000000000000/resourceGroups/cli_test_vm_create_none_options000001/providers/Microsoft.Network/networkInterfaces/nooptvmVMNic"},{"id":"/subscriptions/00000000-0000-0000-0000-000000000000/resourceGroups/cli_test_vm_create_none_options000001/providers/Microsoft.Network/virtualNetworks/nooptvmVNET"}]}}'
    headers:
      cache-control:
      - no-cache
      content-length:
      - '2729'
      content-type:
      - application/json; charset=utf-8
      date:
      - Sun, 13 Oct 2019 02:27:59 GMT
      expires:
      - '-1'
      pragma:
      - no-cache
      strict-transport-security:
      - max-age=31536000; includeSubDomains
      vary:
      - Accept-Encoding
      x-content-type-options:
      - nosniff
    status:
      code: 200
      message: OK
- request:
    body: null
    headers:
      Accept:
      - application/json
      Accept-Encoding:
      - gzip, deflate
      CommandName:
      - vm create
      Connection:
      - keep-alive
      ParameterSetName:
      - -n -g --computer-name --image --availability-set --nsg --ssh-key-value --public-ip-address
        --tags --location --admin-username
      User-Agent:
      - python/3.6.5 (Windows-10-10.0.17134-SP0) msrest/0.6.10 msrest_azure/0.6.2
        azure-mgmt-compute/8.0.0 Azure-SDK-For-Python AZURECLI/2.0.74
      accept-language:
      - en-US
    method: GET
    uri: https://management.azure.com/subscriptions/00000000-0000-0000-0000-000000000000/resourceGroups/cli_test_vm_create_none_options000001/providers/Microsoft.Compute/virtualMachines/nooptvm?$expand=instanceView&api-version=2019-03-01
  response:
    body:
      string: "{\r\n  \"name\": \"nooptvm\",\r\n  \"id\": \"/subscriptions/00000000-0000-0000-0000-000000000000/resourceGroups/cli_test_vm_create_none_options000001/providers/Microsoft.Compute/virtualMachines/nooptvm\",\r\n
        \ \"type\": \"Microsoft.Compute/virtualMachines\",\r\n  \"location\": \"eastus\",\r\n
        \ \"tags\": {},\r\n  \"properties\": {\r\n    \"vmId\": \"afd0bbf2-5102-43b5-af44-0f61f59731b7\",\r\n
        \   \"hardwareProfile\": {\r\n      \"vmSize\": \"Standard_DS1_v2\"\r\n    },\r\n
        \   \"storageProfile\": {\r\n      \"imageReference\": {\r\n        \"publisher\":
        \"Debian\",\r\n        \"offer\": \"debian-10\",\r\n        \"sku\": \"10\",\r\n
        \       \"version\": \"latest\"\r\n      },\r\n      \"osDisk\": {\r\n        \"osType\":
        \"Linux\",\r\n        \"name\": \"nooptvm_OsDisk_1_9d02e4bfee03475082f5c0659efcd87f\",\r\n
        \       \"createOption\": \"FromImage\",\r\n        \"caching\": \"ReadWrite\",\r\n
        \       \"managedDisk\": {\r\n          \"storageAccountType\": \"Premium_LRS\",\r\n
        \         \"id\": \"/subscriptions/00000000-0000-0000-0000-000000000000/resourceGroups/cli_test_vm_create_none_options000001/providers/Microsoft.Compute/disks/nooptvm_OsDisk_1_9d02e4bfee03475082f5c0659efcd87f\"\r\n
        \       },\r\n        \"diskSizeGB\": 30\r\n      },\r\n      \"dataDisks\":
        []\r\n    },\r\n    \"osProfile\": {\r\n      \"computerName\": \"nooptvm\",\r\n
        \     \"adminUsername\": \"user11\",\r\n      \"linuxConfiguration\": {\r\n
        \       \"disablePasswordAuthentication\": true,\r\n        \"ssh\": {\r\n
        \         \"publicKeys\": [\r\n            {\r\n              \"path\": \"/home/user11/.ssh/authorized_keys\",\r\n
        \             \"keyData\": \"ssh-rsa AAAAB3NzaC1yc2EAAAADAQABAAACAQCbIg1guRHbI0lV11wWDt1r2cUdcNd27CJsg+SfgC7miZeubtwUhbsPdhMQsfDyhOWHq1+ZL0M+nJZV63d/1dhmhtgyOqejUwrPlzKhydsbrsdUor+JmNJDdW01v7BXHyuymT8G4s09jCasNOwiufbP/qp72ruu0bIA1nySsvlf9pCQAuFkAnVnf/rFhUlOkhtRpwcq8SUNY2zRHR/EKb/4NWY1JzR4sa3q2fWIJdrrX0DvLoa5g9bIEd4Df79ba7v+yiUBOS0zT2ll+z4g9izHK3EO5d8hL4jYxcjKs+wcslSYRWrascfscLgMlMGh0CdKeNTDjHpGPncaf3Z+FwwwjWeuiNBxv7bJo13/8B/098KlVDl4GZqsoBCEjPyJfV6hO0y/LkRGkk7oHWKgeWAfKtfLItRp00eZ4fcJNK9kCaSMmEugoZWcI7NGbZXzqFWqbpRI7NcDP9+WIQ+i9U5vqWsqd/zng4kbuAJ6UuKqIzB0upYrLShfQE3SAck8oaLhJqqq56VfDuASNpJKidV+zq27HfSBmbXnkR/5AK337dc3MXKJypoK/QPMLKUAP5XLPbs+NddJQV7EZXd29DLgp+fRIg3edpKdO7ZErWhv7d+3Kws+e1Y+ypmR2WIVSwVyBEUfgv2C8Ts9gnTF4pNcEY/S2aBicz5Ew2+jdyGNQQ==
        test@example.com\\n\"\r\n            }\r\n          ]\r\n        },\r\n        \"provisionVMAgent\":
        true\r\n      },\r\n      \"secrets\": [],\r\n      \"allowExtensionOperations\":
        true,\r\n      \"requireGuestProvisionSignal\": true\r\n    },\r\n    \"networkProfile\":
        {\"networkInterfaces\":[{\"id\":\"/subscriptions/00000000-0000-0000-0000-000000000000/resourceGroups/cli_test_vm_create_none_options000001/providers/Microsoft.Network/networkInterfaces/nooptvmVMNic\"}]},\r\n
        \   \"provisioningState\": \"Succeeded\",\r\n    \"instanceView\": {\r\n      \"computerName\":
        \"nooptvm\",\r\n      \"osName\": \"debian\",\r\n      \"osVersion\": \"10.1\",\r\n
        \     \"vmAgent\": {\r\n        \"vmAgentVersion\": \"2.2.34\",\r\n        \"statuses\":
        [\r\n          {\r\n            \"code\": \"ProvisioningState/succeeded\",\r\n
        \           \"level\": \"Info\",\r\n            \"displayStatus\": \"Ready\",\r\n
        \           \"message\": \"Guest Agent is running\",\r\n            \"time\":
        \"2019-10-13T02:27:59+00:00\"\r\n          }\r\n        ],\r\n        \"extensionHandlers\":
        []\r\n      },\r\n      \"disks\": [\r\n        {\r\n          \"name\": \"nooptvm_OsDisk_1_9d02e4bfee03475082f5c0659efcd87f\",\r\n
        \         \"statuses\": [\r\n            {\r\n              \"code\": \"ProvisioningState/succeeded\",\r\n
        \             \"level\": \"Info\",\r\n              \"displayStatus\": \"Provisioning
        succeeded\",\r\n              \"time\": \"2019-10-13T02:26:49.2405522+00:00\"\r\n
        \           }\r\n          ]\r\n        }\r\n      ],\r\n      \"hyperVGeneration\":
        \"V1\",\r\n      \"statuses\": [\r\n        {\r\n          \"code\": \"ProvisioningState/succeeded\",\r\n
        \         \"level\": \"Info\",\r\n          \"displayStatus\": \"Provisioning
        succeeded\",\r\n          \"time\": \"2019-10-13T02:27:36.5223148+00:00\"\r\n
        \       },\r\n        {\r\n          \"code\": \"PowerState/running\",\r\n
        \         \"level\": \"Info\",\r\n          \"displayStatus\": \"VM running\"\r\n
        \       }\r\n      ]\r\n    }\r\n  }\r\n}"
    headers:
      cache-control:
      - no-cache
      content-length:
      - '4083'
      content-type:
      - application/json; charset=utf-8
      date:
      - Sun, 13 Oct 2019 02:27:59 GMT
      expires:
      - '-1'
      pragma:
      - no-cache
      server:
      - Microsoft-HTTPAPI/2.0
      - Microsoft-HTTPAPI/2.0
      strict-transport-security:
      - max-age=31536000; includeSubDomains
      transfer-encoding:
      - chunked
      vary:
      - Accept-Encoding
      x-content-type-options:
      - nosniff
      x-ms-ratelimit-remaining-resource:
      - Microsoft.Compute/LowCostGet3Min;3997,Microsoft.Compute/LowCostGet30Min;31997
    status:
      code: 200
      message: OK
- request:
    body: null
    headers:
      Accept:
      - application/json
      Accept-Encoding:
      - gzip, deflate
      CommandName:
      - vm create
      Connection:
      - keep-alive
      ParameterSetName:
      - -n -g --computer-name --image --availability-set --nsg --ssh-key-value --public-ip-address
        --tags --location --admin-username
      User-Agent:
      - python/3.6.5 (Windows-10-10.0.17134-SP0) msrest/0.6.10 msrest_azure/0.6.2
        azure-mgmt-network/4.0.0 Azure-SDK-For-Python AZURECLI/2.0.74
      accept-language:
      - en-US
    method: GET
    uri: https://management.azure.com/subscriptions/00000000-0000-0000-0000-000000000000/resourceGroups/cli_test_vm_create_none_options000001/providers/Microsoft.Network/networkInterfaces/nooptvmVMNic?api-version=2018-01-01
  response:
    body:
      string: "{\r\n  \"name\": \"nooptvmVMNic\",\r\n  \"id\": \"/subscriptions/00000000-0000-0000-0000-000000000000/resourceGroups/cli_test_vm_create_none_options000001/providers/Microsoft.Network/networkInterfaces/nooptvmVMNic\",\r\n
        \ \"etag\": \"W/\\\"7b79af39-362d-438b-811f-bf9c71ea5283\\\"\",\r\n  \"location\":
        \"eastus\",\r\n  \"tags\": {},\r\n  \"properties\": {\r\n    \"provisioningState\":
        \"Succeeded\",\r\n    \"resourceGuid\": \"8c18b703-90b3-412d-b05b-8addeb16f414\",\r\n
        \   \"ipConfigurations\": [\r\n      {\r\n        \"name\": \"ipconfignooptvm\",\r\n
        \       \"id\": \"/subscriptions/00000000-0000-0000-0000-000000000000/resourceGroups/cli_test_vm_create_none_options000001/providers/Microsoft.Network/networkInterfaces/nooptvmVMNic/ipConfigurations/ipconfignooptvm\",\r\n
        \       \"etag\": \"W/\\\"7b79af39-362d-438b-811f-bf9c71ea5283\\\"\",\r\n
        \       \"type\": \"Microsoft.Network/networkInterfaces/ipConfigurations\",\r\n
        \       \"properties\": {\r\n          \"provisioningState\": \"Succeeded\",\r\n
        \         \"privateIPAddress\": \"10.0.0.4\",\r\n          \"privateIPAllocationMethod\":
        \"Dynamic\",\r\n          \"subnet\": {\r\n            \"id\": \"/subscriptions/00000000-0000-0000-0000-000000000000/resourceGroups/cli_test_vm_create_none_options000001/providers/Microsoft.Network/virtualNetworks/nooptvmVNET/subnets/nooptvmSubnet\"\r\n
        \         },\r\n          \"primary\": true,\r\n          \"privateIPAddressVersion\":
        \"IPv4\"\r\n        }\r\n      }\r\n    ],\r\n    \"dnsSettings\": {\r\n      \"dnsServers\":
        [],\r\n      \"appliedDnsServers\": [],\r\n      \"internalDomainNameSuffix\":
        \"lrftffes0wju5esza32a2i0y5b.bx.internal.cloudapp.net\"\r\n    },\r\n    \"macAddress\":
        \"00-0D-3A-12-1E-64\",\r\n    \"enableAcceleratedNetworking\": false,\r\n
        \   \"enableIPForwarding\": false,\r\n    \"primary\": true,\r\n    \"virtualMachine\":
        {\r\n      \"id\": \"/subscriptions/00000000-0000-0000-0000-000000000000/resourceGroups/cli_test_vm_create_none_options000001/providers/Microsoft.Compute/virtualMachines/nooptvm\"\r\n
        \   }\r\n  },\r\n  \"type\": \"Microsoft.Network/networkInterfaces\"\r\n}"
    headers:
      cache-control:
      - no-cache
      content-length:
      - '2078'
      content-type:
      - application/json; charset=utf-8
      date:
      - Sun, 13 Oct 2019 02:28:00 GMT
      etag:
      - W/"7b79af39-362d-438b-811f-bf9c71ea5283"
      expires:
      - '-1'
      pragma:
      - no-cache
      server:
      - Microsoft-HTTPAPI/2.0
      - Microsoft-HTTPAPI/2.0
      strict-transport-security:
      - max-age=31536000; includeSubDomains
      transfer-encoding:
      - chunked
      vary:
      - Accept-Encoding
      x-content-type-options:
      - nosniff
      x-ms-arm-service-request-id:
      - b0a03aba-63e8-4c5a-bb84-ea4b9e01de56
    status:
      code: 200
      message: OK
- request:
    body: null
    headers:
      Accept:
      - application/json
      Accept-Encoding:
      - gzip, deflate
      CommandName:
      - vm show
      Connection:
      - keep-alive
      ParameterSetName:
      - -n -g
      User-Agent:
      - python/3.6.5 (Windows-10-10.0.17134-SP0) msrest/0.6.10 msrest_azure/0.6.2
        azure-mgmt-compute/8.0.0 Azure-SDK-For-Python AZURECLI/2.0.74
      accept-language:
      - en-US
    method: GET
    uri: https://management.azure.com/subscriptions/00000000-0000-0000-0000-000000000000/resourceGroups/cli_test_vm_create_none_options000001/providers/Microsoft.Compute/virtualMachines/nooptvm?api-version=2019-03-01
  response:
    body:
      string: "{\r\n  \"name\": \"nooptvm\",\r\n  \"id\": \"/subscriptions/00000000-0000-0000-0000-000000000000/resourceGroups/cli_test_vm_create_none_options000001/providers/Microsoft.Compute/virtualMachines/nooptvm\",\r\n
        \ \"type\": \"Microsoft.Compute/virtualMachines\",\r\n  \"location\": \"eastus\",\r\n
        \ \"tags\": {},\r\n  \"properties\": {\r\n    \"vmId\": \"afd0bbf2-5102-43b5-af44-0f61f59731b7\",\r\n
        \   \"hardwareProfile\": {\r\n      \"vmSize\": \"Standard_DS1_v2\"\r\n    },\r\n
        \   \"storageProfile\": {\r\n      \"imageReference\": {\r\n        \"publisher\":
        \"Debian\",\r\n        \"offer\": \"debian-10\",\r\n        \"sku\": \"10\",\r\n
        \       \"version\": \"latest\"\r\n      },\r\n      \"osDisk\": {\r\n        \"osType\":
        \"Linux\",\r\n        \"name\": \"nooptvm_OsDisk_1_9d02e4bfee03475082f5c0659efcd87f\",\r\n
        \       \"createOption\": \"FromImage\",\r\n        \"caching\": \"ReadWrite\",\r\n
        \       \"managedDisk\": {\r\n          \"storageAccountType\": \"Premium_LRS\",\r\n
        \         \"id\": \"/subscriptions/00000000-0000-0000-0000-000000000000/resourceGroups/cli_test_vm_create_none_options000001/providers/Microsoft.Compute/disks/nooptvm_OsDisk_1_9d02e4bfee03475082f5c0659efcd87f\"\r\n
        \       },\r\n        \"diskSizeGB\": 30\r\n      },\r\n      \"dataDisks\":
        []\r\n    },\r\n    \"osProfile\": {\r\n      \"computerName\": \"nooptvm\",\r\n
        \     \"adminUsername\": \"user11\",\r\n      \"linuxConfiguration\": {\r\n
        \       \"disablePasswordAuthentication\": true,\r\n        \"ssh\": {\r\n
        \         \"publicKeys\": [\r\n            {\r\n              \"path\": \"/home/user11/.ssh/authorized_keys\",\r\n
        \             \"keyData\": \"ssh-rsa AAAAB3NzaC1yc2EAAAADAQABAAACAQCbIg1guRHbI0lV11wWDt1r2cUdcNd27CJsg+SfgC7miZeubtwUhbsPdhMQsfDyhOWHq1+ZL0M+nJZV63d/1dhmhtgyOqejUwrPlzKhydsbrsdUor+JmNJDdW01v7BXHyuymT8G4s09jCasNOwiufbP/qp72ruu0bIA1nySsvlf9pCQAuFkAnVnf/rFhUlOkhtRpwcq8SUNY2zRHR/EKb/4NWY1JzR4sa3q2fWIJdrrX0DvLoa5g9bIEd4Df79ba7v+yiUBOS0zT2ll+z4g9izHK3EO5d8hL4jYxcjKs+wcslSYRWrascfscLgMlMGh0CdKeNTDjHpGPncaf3Z+FwwwjWeuiNBxv7bJo13/8B/098KlVDl4GZqsoBCEjPyJfV6hO0y/LkRGkk7oHWKgeWAfKtfLItRp00eZ4fcJNK9kCaSMmEugoZWcI7NGbZXzqFWqbpRI7NcDP9+WIQ+i9U5vqWsqd/zng4kbuAJ6UuKqIzB0upYrLShfQE3SAck8oaLhJqqq56VfDuASNpJKidV+zq27HfSBmbXnkR/5AK337dc3MXKJypoK/QPMLKUAP5XLPbs+NddJQV7EZXd29DLgp+fRIg3edpKdO7ZErWhv7d+3Kws+e1Y+ypmR2WIVSwVyBEUfgv2C8Ts9gnTF4pNcEY/S2aBicz5Ew2+jdyGNQQ==
        test@example.com\\n\"\r\n            }\r\n          ]\r\n        },\r\n        \"provisionVMAgent\":
        true\r\n      },\r\n      \"secrets\": [],\r\n      \"allowExtensionOperations\":
        true,\r\n      \"requireGuestProvisionSignal\": true\r\n    },\r\n    \"networkProfile\":
        {\"networkInterfaces\":[{\"id\":\"/subscriptions/00000000-0000-0000-0000-000000000000/resourceGroups/cli_test_vm_create_none_options000001/providers/Microsoft.Network/networkInterfaces/nooptvmVMNic\"}]},\r\n
        \   \"provisioningState\": \"Succeeded\"\r\n  }\r\n}"
    headers:
      cache-control:
      - no-cache
      content-length:
      - '2784'
      content-type:
      - application/json; charset=utf-8
      date:
      - Sun, 13 Oct 2019 02:28:00 GMT
      expires:
      - '-1'
      pragma:
      - no-cache
      server:
      - Microsoft-HTTPAPI/2.0
      - Microsoft-HTTPAPI/2.0
      strict-transport-security:
      - max-age=31536000; includeSubDomains
      transfer-encoding:
      - chunked
      vary:
      - Accept-Encoding
      x-content-type-options:
      - nosniff
      x-ms-ratelimit-remaining-resource:
      - Microsoft.Compute/LowCostGet3Min;3996,Microsoft.Compute/LowCostGet30Min;31996
    status:
      code: 200
      message: OK
- request:
    body: null
    headers:
      Accept:
      - application/json
      Accept-Encoding:
      - gzip, deflate
      CommandName:
      - network public-ip show
      Connection:
      - keep-alive
      ParameterSetName:
      - -n -g
      User-Agent:
      - python/3.6.5 (Windows-10-10.0.17134-SP0) msrest/0.6.10 msrest_azure/0.6.2
        azure-mgmt-network/4.0.0 Azure-SDK-For-Python AZURECLI/2.0.74
      accept-language:
      - en-US
    method: GET
    uri: https://management.azure.com/subscriptions/00000000-0000-0000-0000-000000000000/resourceGroups/cli_test_vm_create_none_options000001/providers/Microsoft.Network/publicIPAddresses/nooptvmPublicIP?api-version=2019-04-01
  response:
    body:
      string: '{"error":{"code":"ResourceNotFound","message":"The Resource ''Microsoft.Network/publicIPAddresses/nooptvmPublicIP''
        under resource group ''cli_test_vm_create_none_options000001'' was not found."}}'
    headers:
      cache-control:
      - no-cache
      content-length:
      - '230'
      content-type:
      - application/json; charset=utf-8
      date:
      - Sun, 13 Oct 2019 02:28:35 GMT
      expires:
      - '-1'
      pragma:
      - no-cache
      strict-transport-security:
      - max-age=31536000; includeSubDomains
      x-content-type-options:
      - nosniff
      x-ms-failure-cause:
      - gateway
    status:
      code: 404
      message: Not Found
version: 1
