interactions:
- request:
    body: null
    headers:
      Accept:
      - application/json
      Accept-Encoding:
      - gzip, deflate
      CommandName:
      - ppg create
      Connection:
      - keep-alive
      ParameterSetName:
      - -n -t -g
      User-Agent:
      - python/3.8.1 (Windows-10-10.0.17763-SP0) msrest/0.6.10 msrest_azure/0.6.2
        azure-mgmt-resource/6.0.0 Azure-SDK-For-Python AZURECLI/2.0.80
      accept-language:
      - en-US
    method: GET
    uri: https://localhost:1080/subscriptions/00000000-0000-0000-0000-000000000000/resourcegroups/cli_test_ppg_update_000001?api-version=2019-07-01
  response:
    body:
      string: '{"id":"/subscriptions/00000000-0000-0000-0000-000000000000/resourceGroups/cli_test_ppg_update_000001","name":"cli_test_ppg_update_000001","type":"Microsoft.Resources/resourceGroups","location":"westus","tags":{"product":"azurecli","cause":"automation","date":"2020-01-31T06:44:04Z"},"properties":{"provisioningState":"Succeeded"}}'
    headers:
      cache-control:
      - no-cache
      content-length:
      - '428'
      content-type:
      - application/json; charset=utf-8
      date:
      - Fri, 31 Jan 2020 06:44:19 GMT
      expires:
      - '-1'
      pragma:
      - no-cache
      strict-transport-security:
      - max-age=31536000; includeSubDomains
      vary:
      - Accept-Encoding
      x-content-type-options:
      - nosniff
    status:
      code: 200
      message: OK
- request:
    body: '{"location": "westus", "tags": {}, "properties": {"proximityPlacementGroupType":
      "standard"}}'
    headers:
      Accept:
      - application/json
      Accept-Encoding:
      - gzip, deflate
      CommandName:
      - ppg create
      Connection:
      - keep-alive
      Content-Length:
      - '93'
      Content-Type:
      - application/json; charset=utf-8
      ParameterSetName:
      - -n -t -g
      User-Agent:
      - python/3.8.1 (Windows-10-10.0.17763-SP0) msrest/0.6.10 msrest_azure/0.6.2
        azure-mgmt-compute/10.0.0 Azure-SDK-For-Python AZURECLI/2.0.80
      accept-language:
      - en-US
    method: PUT
    uri: https://localhost:1080/subscriptions/00000000-0000-0000-0000-000000000000/resourceGroups/cli_test_ppg_update_000001/providers/Microsoft.Compute/proximityPlacementGroups/ppg1?api-version=2019-07-01
  response:
    body:
      string: "{\r\n  \"name\": \"ppg1\",\r\n  \"id\": \"/subscriptions/00000000-0000-0000-0000-000000000000/resourceGroups/cli_test_ppg_update_000001/providers/Microsoft.Compute/proximityPlacementGroups/ppg1\",\r\n
        \ \"type\": \"Microsoft.Compute/proximityPlacementGroups\",\r\n  \"location\":
        \"westus\",\r\n  \"tags\": {},\r\n  \"properties\": {\r\n    \"proximityPlacementGroupType\":
        \"Standard\"\r\n  }\r\n}"
    headers:
      cache-control:
      - no-cache
      content-length:
      - '404'
      content-type:
      - application/json; charset=utf-8
      date:
      - Fri, 31 Jan 2020 06:44:26 GMT
      expires:
      - '-1'
      pragma:
      - no-cache
      server:
      - Microsoft-HTTPAPI/2.0
      - Microsoft-HTTPAPI/2.0
      strict-transport-security:
      - max-age=31536000; includeSubDomains
      x-content-type-options:
      - nosniff
      x-ms-ratelimit-remaining-resource:
      - Microsoft.Compute/PutDeletePPG3Min;99,Microsoft.Compute/PutDeletePPG30Min;492
      x-ms-ratelimit-remaining-subscription-writes:
      - '1197'
    status:
      code: 201
      message: Created
- request:
    body: null
    headers:
      Accept:
      - application/json
      Accept-Encoding:
      - gzip, deflate
      CommandName:
      - vmss create
      Connection:
      - keep-alive
      ParameterSetName:
      - -g -n --image --admin-username --ssh-key-value
      User-Agent:
      - python/3.8.1 (Windows-10-10.0.17763-SP0) msrest/0.6.10 msrest_azure/0.6.2
        azure-mgmt-resource/6.0.0 Azure-SDK-For-Python AZURECLI/2.0.80
      accept-language:
      - en-US
    method: GET
    uri: https://localhost:1080/subscriptions/00000000-0000-0000-0000-000000000000/resourcegroups/cli_test_ppg_update_000001?api-version=2019-07-01
  response:
    body:
      string: '{"id":"/subscriptions/00000000-0000-0000-0000-000000000000/resourceGroups/cli_test_ppg_update_000001","name":"cli_test_ppg_update_000001","type":"Microsoft.Resources/resourceGroups","location":"westus","tags":{"product":"azurecli","cause":"automation","date":"2020-01-31T06:44:04Z"},"properties":{"provisioningState":"Succeeded"}}'
    headers:
      cache-control:
      - no-cache
      content-length:
      - '428'
      content-type:
      - application/json; charset=utf-8
      date:
      - Fri, 31 Jan 2020 06:44:30 GMT
      expires:
      - '-1'
      pragma:
      - no-cache
      strict-transport-security:
      - max-age=31536000; includeSubDomains
      vary:
      - Accept-Encoding
      x-content-type-options:
      - nosniff
    status:
      code: 200
      message: OK
- request:
    body: null
    headers:
      Accept:
      - '*/*'
      Accept-Encoding:
      - gzip, deflate
      Connection:
      - keep-alive
      User-Agent:
      - python-requests/2.22.0
    method: GET
    uri: https://localhost:1080/Azure/azure-rest-api-specs/master/arm-compute/quickstart-templates/aliases.json
  response:
    body:
      string: "{\n  \"$schema\": \"http://schema.management.azure.com/schemas/2015-01-01/deploymentTemplate.json\",\n
        \ \"contentVersion\": \"1.0.0.0\",\n  \"parameters\": {},\n  \"variables\":
        {},\n  \"resources\": [],\n  \"outputs\": {\n    \"aliases\": {\n      \"type\":
        \"object\",\n      \"value\": {\n        \"Linux\": {\n          \"CentOS\":
        {\n            \"publisher\": \"OpenLogic\",\n            \"offer\": \"CentOS\",\n
        \           \"sku\": \"7.5\",\n            \"version\": \"latest\"\n          },\n
        \         \"CoreOS\": {\n            \"publisher\": \"CoreOS\",\n            \"offer\":
        \"CoreOS\",\n            \"sku\": \"Stable\",\n            \"version\": \"latest\"\n
        \         },\n          \"Debian\": {\n            \"publisher\": \"Debian\",\n
        \           \"offer\": \"debian-10\",\n            \"sku\": \"10\",\n            \"version\":
        \"latest\"\n          },\n          \"openSUSE-Leap\": {\n            \"publisher\":
        \"SUSE\",\n            \"offer\": \"openSUSE-Leap\",\n            \"sku\":
        \"42.3\",\n            \"version\": \"latest\"\n          },\n          \"RHEL\":
        {\n            \"publisher\": \"RedHat\",\n            \"offer\": \"RHEL\",\n
        \           \"sku\": \"7-LVM\",\n            \"version\": \"latest\"\n          },\n
        \         \"SLES\": {\n            \"publisher\": \"SUSE\",\n            \"offer\":
        \"SLES\",\n            \"sku\": \"15\",\n            \"version\": \"latest\"\n
        \         },\n          \"UbuntuLTS\": {\n            \"publisher\": \"Canonical\",\n
        \           \"offer\": \"UbuntuServer\",\n            \"sku\": \"18.04-LTS\",\n
        \           \"version\": \"latest\"\n          }\n        },\n        \"Windows\":
        {\n          \"Win2019Datacenter\": {\n            \"publisher\": \"MicrosoftWindowsServer\",\n
        \           \"offer\": \"WindowsServer\",\n            \"sku\": \"2019-Datacenter\",\n
        \           \"version\": \"latest\"\n          },\n          \"Win2016Datacenter\":
        {\n            \"publisher\": \"MicrosoftWindowsServer\",\n            \"offer\":
        \"WindowsServer\",\n            \"sku\": \"2016-Datacenter\",\n            \"version\":
        \"latest\"\n          },\n          \"Win2012R2Datacenter\": {\n            \"publisher\":
        \"MicrosoftWindowsServer\",\n            \"offer\": \"WindowsServer\",\n            \"sku\":
        \"2012-R2-Datacenter\",\n            \"version\": \"latest\"\n          },\n
        \         \"Win2012Datacenter\": {\n            \"publisher\": \"MicrosoftWindowsServer\",\n
        \           \"offer\": \"WindowsServer\",\n            \"sku\": \"2012-Datacenter\",\n
        \           \"version\": \"latest\"\n          },\n          \"Win2008R2SP1\":
        {\n            \"publisher\": \"MicrosoftWindowsServer\",\n            \"offer\":
        \"WindowsServer\",\n            \"sku\": \"2008-R2-SP1\",\n            \"version\":
        \"latest\"\n          }\n        }\n      }\n    }\n  }\n}\n"
    headers:
      accept-ranges:
      - bytes
      access-control-allow-origin:
      - '*'
      cache-control:
      - max-age=300
      connection:
      - keep-alive
      content-length:
      - '2501'
      content-security-policy:
      - default-src 'none'; style-src 'unsafe-inline'; sandbox
      content-type:
      - text/plain; charset=utf-8
      date:
      - Fri, 31 Jan 2020 06:44:33 GMT
      etag:
      - W/"540044b4084c3c314537f1baa1770f248628b2bc9ba0328f1004c33862e049da"
      expires:
      - Fri, 31 Jan 2020 06:49:33 GMT
      source-age:
      - '257'
      strict-transport-security:
      - max-age=31536000
      vary:
      - Authorization,Accept-Encoding
      via:
      - 1.1 varnish (Varnish/6.0)
      - 1.1 varnish
      x-cache:
      - MISS
      x-cache-hits:
      - '0'
      x-content-type-options:
      - nosniff
      x-fastly-request-id:
      - 1ff8858aa3ab569132f9305b71299e56e508c908
      x-frame-options:
      - deny
      x-geo-block-list:
      - ''
      x-github-request-id:
      - 80D0:7D63:33EA26:3E900C:5E33C6FE
      x-served-by:
      - cache-hkg17934-HKG
      x-timer:
      - S1580453073.143849,VS0,VE205
      x-xss-protection:
      - 1; mode=block
    status:
      code: 200
      message: OK
- request:
    body: null
    headers:
      Accept:
      - application/json
      Accept-Encoding:
      - gzip, deflate
      CommandName:
      - vmss create
      Connection:
      - keep-alive
      ParameterSetName:
      - -g -n --image --admin-username --ssh-key-value
      User-Agent:
      - python/3.8.1 (Windows-10-10.0.17763-SP0) msrest/0.6.10 msrest_azure/0.6.2
        azure-mgmt-network/7.0.0 Azure-SDK-For-Python AZURECLI/2.0.80
      accept-language:
      - en-US
    method: GET
    uri: https://localhost:1080/subscriptions/00000000-0000-0000-0000-000000000000/resourceGroups/cli_test_ppg_update_000001/providers/Microsoft.Network/virtualNetworks?api-version=2018-01-01
  response:
    body:
      string: '{"value":[]}'
    headers:
      cache-control:
      - no-cache
      content-length:
      - '12'
      content-type:
      - application/json; charset=utf-8
      date:
      - Fri, 31 Jan 2020 06:44:36 GMT
      expires:
      - '-1'
      pragma:
      - no-cache
      strict-transport-security:
      - max-age=31536000; includeSubDomains
      vary:
      - Accept-Encoding
      x-content-type-options:
      - nosniff
    status:
      code: 200
      message: OK
- request:
    body: 'b''{"properties": {"template": {"$schema": "https://schema.management.azure.com/schemas/2015-01-01/deploymentTemplate.json#",
      "contentVersion": "1.0.0.0", "parameters": {}, "variables": {}, "resources":
      [{"name": "vmss1VNET", "type": "Microsoft.Network/virtualNetworks", "location":
      "westus", "apiVersion": "2015-06-15", "dependsOn": [], "tags": {}, "properties":
      {"addressSpace": {"addressPrefixes": ["10.0.0.0/16"]}, "subnets": [{"name":
      "vmss1Subnet", "properties": {"addressPrefix": "10.0.0.0/24"}}]}}, {"apiVersion":
      "2018-01-01", "type": "Microsoft.Network/publicIPAddresses", "name": "vmss1LBPublicIP",
      "location": "westus", "tags": {}, "dependsOn": [], "properties": {"publicIPAllocationMethod":
      "Dynamic"}}, {"type": "Microsoft.Network/loadBalancers", "name": "vmss1LB",
      "location": "westus", "tags": {}, "apiVersion": "2018-01-01", "dependsOn": ["Microsoft.Network/virtualNetworks/vmss1VNET",
      "Microsoft.Network/publicIpAddresses/vmss1LBPublicIP"], "properties": {"backendAddressPools":
      [{"name": "vmss1LBBEPool"}], "inboundNatPools": [{"name": "vmss1LBNatPool",
      "properties": {"frontendIPConfiguration": {"id": "[concat(resourceId(\''Microsoft.Network/loadBalancers\'',
      \''vmss1LB\''), \''/frontendIPConfigurations/\'', \''loadBalancerFrontEnd\'')]"},
      "protocol": "tcp", "frontendPortRangeStart": "50000", "frontendPortRangeEnd":
      "50119", "backendPort": 22}}], "frontendIPConfigurations": [{"name": "loadBalancerFrontEnd",
      "properties": {"publicIPAddress": {"id": "/subscriptions/00000000-0000-0000-0000-000000000000/resourceGroups/cli_test_ppg_update_000001/providers/Microsoft.Network/publicIPAddresses/vmss1LBPublicIP"}}}]}},
      {"type": "Microsoft.Compute/virtualMachineScaleSets", "name": "vmss1", "location":
      "westus", "tags": {}, "apiVersion": "2019-07-01", "dependsOn": ["Microsoft.Network/virtualNetworks/vmss1VNET",
      "Microsoft.Network/loadBalancers/vmss1LB"], "sku": {"name": "Standard_DS1_v2",
      "capacity": 2}, "properties": {"overprovision": true, "upgradePolicy": {"mode":
      "manual"}, "virtualMachineProfile": {"storageProfile": {"osDisk": {"createOption":
      "FromImage", "caching": "ReadWrite", "managedDisk": {"storageAccountType": null}},
      "imageReference": {"publisher": "Debian", "offer": "debian-10", "sku": "10",
      "version": "latest"}}, "osProfile": {"computerNamePrefix": "vmss1b49d", "adminUsername":
      "debian", "linuxConfiguration": {"disablePasswordAuthentication": true, "ssh":
      {"publicKeys": [{"path": "/home/debian/.ssh/authorized_keys", "keyData": "ssh-rsa
      AAAAB3NzaC1yc2EAAAADAQABAAACAQCbIg1guRHbI0lV11wWDt1r2cUdcNd27CJsg+SfgC7miZeubtwUhbsPdhMQsfDyhOWHq1+ZL0M+nJZV63d/1dhmhtgyOqejUwrPlzKhydsbrsdUor+JmNJDdW01v7BXHyuymT8G4s09jCasNOwiufbP/qp72ruu0bIA1nySsvlf9pCQAuFkAnVnf/rFhUlOkhtRpwcq8SUNY2zRHR/EKb/4NWY1JzR4sa3q2fWIJdrrX0DvLoa5g9bIEd4Df79ba7v+yiUBOS0zT2ll+z4g9izHK3EO5d8hL4jYxcjKs+wcslSYRWrascfscLgMlMGh0CdKeNTDjHpGPncaf3Z+FwwwjWeuiNBxv7bJo13/8B/098KlVDl4GZqsoBCEjPyJfV6hO0y/LkRGkk7oHWKgeWAfKtfLItRp00eZ4fcJNK9kCaSMmEugoZWcI7NGbZXzqFWqbpRI7NcDP9+WIQ+i9U5vqWsqd/zng4kbuAJ6UuKqIzB0upYrLShfQE3SAck8oaLhJqqq56VfDuASNpJKidV+zq27HfSBmbXnkR/5AK337dc3MXKJypoK/QPMLKUAP5XLPbs+NddJQV7EZXd29DLgp+fRIg3edpKdO7ZErWhv7d+3Kws+e1Y+ypmR2WIVSwVyBEUfgv2C8Ts9gnTF4pNcEY/S2aBicz5Ew2+jdyGNQQ==
      test@example.com\\n"}]}}}, "networkProfile": {"networkInterfaceConfigurations":
      [{"name": "vmss1b49dNic", "properties": {"primary": "true", "ipConfigurations":
      [{"name": "vmss1b49dIPConfig", "properties": {"subnet": {"id": "/subscriptions/00000000-0000-0000-0000-000000000000/resourceGroups/cli_test_ppg_update_000001/providers/Microsoft.Network/virtualNetworks/vmss1VNET/subnets/vmss1Subnet"},
      "loadBalancerBackendAddressPools": [{"id": "/subscriptions/00000000-0000-0000-0000-000000000000/resourceGroups/cli_test_ppg_update_000001/providers/Microsoft.Network/loadBalancers/vmss1LB/backendAddressPools/vmss1LBBEPool"}],
      "loadBalancerInboundNatPools": [{"id": "/subscriptions/00000000-0000-0000-0000-000000000000/resourceGroups/cli_test_ppg_update_000001/providers/Microsoft.Network/loadBalancers/vmss1LB/inboundNatPools/vmss1LBNatPool"}]}}]}}]}},
      "singlePlacementGroup": null}}], "outputs": {"VMSS": {"type": "object", "value":
      "[reference(resourceId(\''Microsoft.Compute/virtualMachineScaleSets\'', \''vmss1\''),providers(\''Microsoft.Compute\'',
      \''virtualMachineScaleSets\'').apiVersions[0])]"}}}, "parameters": {}, "mode":
      "Incremental"}}'''
    headers:
      Accept:
      - application/json
      Accept-Encoding:
      - gzip, deflate
      CommandName:
      - vmss create
      Connection:
      - keep-alive
      Content-Length:
      - '4506'
      Content-Type:
      - application/json; charset=utf-8
      ParameterSetName:
      - -g -n --image --admin-username --ssh-key-value
      User-Agent:
      - python/3.8.1 (Windows-10-10.0.17763-SP0) msrest/0.6.10 msrest_azure/0.6.2
        azure-mgmt-resource/6.0.0 Azure-SDK-For-Python AZURECLI/2.0.80
      accept-language:
      - en-US
    method: PUT
    uri: https://localhost:1080/subscriptions/00000000-0000-0000-0000-000000000000/resourcegroups/cli_test_ppg_update_000001/providers/Microsoft.Resources/deployments/mock-deployment?api-version=2019-07-01
  response:
    body:
      string: '{"id":"/subscriptions/00000000-0000-0000-0000-000000000000/resourceGroups/cli_test_ppg_update_000001/providers/Microsoft.Resources/deployments/vmss_deploy_iBNlpOQbkErF7lfPvxq8IFtCUSnQubdj","name":"vmss_deploy_iBNlpOQbkErF7lfPvxq8IFtCUSnQubdj","type":"Microsoft.Resources/deployments","properties":{"templateHash":"6169422812590816101","parameters":{},"mode":"Incremental","provisioningState":"Accepted","timestamp":"2020-01-31T06:44:45.3508403Z","duration":"PT2.71711S","correlationId":"a0fbbd77-3bf1-4b96-a732-26199dba76d2","providers":[{"namespace":"Microsoft.Network","resourceTypes":[{"resourceType":"virtualNetworks","locations":["westus"]},{"resourceType":"publicIPAddresses","locations":["westus"]},{"resourceType":"loadBalancers","locations":["westus"]}]},{"namespace":"Microsoft.Compute","resourceTypes":[{"resourceType":"virtualMachineScaleSets","locations":["westus"]}]}],"dependencies":[{"dependsOn":[{"id":"/subscriptions/00000000-0000-0000-0000-000000000000/resourceGroups/cli_test_ppg_update_000001/providers/Microsoft.Network/virtualNetworks/vmss1VNET","resourceType":"Microsoft.Network/virtualNetworks","resourceName":"vmss1VNET"},{"id":"/subscriptions/00000000-0000-0000-0000-000000000000/resourceGroups/cli_test_ppg_update_000001/providers/Microsoft.Network/publicIPAddresses/vmss1LBPublicIP","resourceType":"Microsoft.Network/publicIPAddresses","resourceName":"vmss1LBPublicIP"}],"id":"/subscriptions/00000000-0000-0000-0000-000000000000/resourceGroups/cli_test_ppg_update_000001/providers/Microsoft.Network/loadBalancers/vmss1LB","resourceType":"Microsoft.Network/loadBalancers","resourceName":"vmss1LB"},{"dependsOn":[{"id":"/subscriptions/00000000-0000-0000-0000-000000000000/resourceGroups/cli_test_ppg_update_000001/providers/Microsoft.Network/virtualNetworks/vmss1VNET","resourceType":"Microsoft.Network/virtualNetworks","resourceName":"vmss1VNET"},{"id":"/subscriptions/00000000-0000-0000-0000-000000000000/resourceGroups/cli_test_ppg_update_000001/providers/Microsoft.Network/loadBalancers/vmss1LB","resourceType":"Microsoft.Network/loadBalancers","resourceName":"vmss1LB"}],"id":"/subscriptions/00000000-0000-0000-0000-000000000000/resourceGroups/cli_test_ppg_update_000001/providers/Microsoft.Compute/virtualMachineScaleSets/vmss1","resourceType":"Microsoft.Compute/virtualMachineScaleSets","resourceName":"vmss1"}]}}'
    headers:
      azure-asyncoperation:
      - https://management.azure.com/subscriptions/00000000-0000-0000-0000-000000000000/resourcegroups/cli_test_ppg_update_000001/providers/Microsoft.Resources/deployments/vmss_deploy_iBNlpOQbkErF7lfPvxq8IFtCUSnQubdj/operationStatuses/08586211538028438885?api-version=2019-07-01
      cache-control:
      - no-cache
      content-length:
      - '2690'
      content-type:
      - application/json; charset=utf-8
      date:
      - Fri, 31 Jan 2020 06:44:46 GMT
      expires:
      - '-1'
      pragma:
      - no-cache
      strict-transport-security:
      - max-age=31536000; includeSubDomains
      x-content-type-options:
      - nosniff
      x-ms-ratelimit-remaining-subscription-writes:
      - '1196'
    status:
      code: 201
      message: Created
- request:
    body: null
    headers:
      Accept:
      - application/json
      Accept-Encoding:
      - gzip, deflate
      CommandName:
      - vmss create
      Connection:
      - keep-alive
      ParameterSetName:
      - -g -n --image --admin-username --ssh-key-value
      User-Agent:
      - python/3.8.1 (Windows-10-10.0.17763-SP0) msrest/0.6.10 msrest_azure/0.6.2
        azure-mgmt-resource/6.0.0 Azure-SDK-For-Python AZURECLI/2.0.80
    method: GET
    uri: https://localhost:1080/subscriptions/00000000-0000-0000-0000-000000000000/resourcegroups/cli_test_ppg_update_000001/providers/Microsoft.Resources/deployments/mock-deployment/operationStatuses/08586211538028438885?api-version=2019-07-01
  response:
    body:
      string: '{"status":"Running"}'
    headers:
      cache-control:
      - no-cache
      content-length:
      - '20'
      content-type:
      - application/json; charset=utf-8
      date:
      - Fri, 31 Jan 2020 06:45:19 GMT
      expires:
      - '-1'
      pragma:
      - no-cache
      strict-transport-security:
      - max-age=31536000; includeSubDomains
      vary:
      - Accept-Encoding
      x-content-type-options:
      - nosniff
    status:
      code: 200
      message: OK
- request:
    body: null
    headers:
      Accept:
      - application/json
      Accept-Encoding:
      - gzip, deflate
      CommandName:
      - vmss create
      Connection:
      - keep-alive
      ParameterSetName:
      - -g -n --image --admin-username --ssh-key-value
      User-Agent:
      - python/3.8.1 (Windows-10-10.0.17763-SP0) msrest/0.6.10 msrest_azure/0.6.2
        azure-mgmt-resource/6.0.0 Azure-SDK-For-Python AZURECLI/2.0.80
    method: GET
    uri: https://localhost:1080/subscriptions/00000000-0000-0000-0000-000000000000/resourcegroups/cli_test_ppg_update_000001/providers/Microsoft.Resources/deployments/mock-deployment/operationStatuses/08586211538028438885?api-version=2019-07-01
  response:
    body:
      string: '{"status":"Running"}'
    headers:
      cache-control:
      - no-cache
      content-length:
      - '20'
      content-type:
      - application/json; charset=utf-8
      date:
      - Fri, 31 Jan 2020 06:45:50 GMT
      expires:
      - '-1'
      pragma:
      - no-cache
      strict-transport-security:
      - max-age=31536000; includeSubDomains
      vary:
      - Accept-Encoding
      x-content-type-options:
      - nosniff
    status:
      code: 200
      message: OK
- request:
    body: null
    headers:
      Accept:
      - application/json
      Accept-Encoding:
      - gzip, deflate
      CommandName:
      - vmss create
      Connection:
      - keep-alive
      ParameterSetName:
      - -g -n --image --admin-username --ssh-key-value
      User-Agent:
      - python/3.8.1 (Windows-10-10.0.17763-SP0) msrest/0.6.10 msrest_azure/0.6.2
        azure-mgmt-resource/6.0.0 Azure-SDK-For-Python AZURECLI/2.0.80
    method: GET
    uri: https://localhost:1080/subscriptions/00000000-0000-0000-0000-000000000000/resourcegroups/cli_test_ppg_update_000001/providers/Microsoft.Resources/deployments/mock-deployment/operationStatuses/08586211538028438885?api-version=2019-07-01
  response:
    body:
      string: '{"status":"Running"}'
    headers:
      cache-control:
      - no-cache
      content-length:
      - '20'
      content-type:
      - application/json; charset=utf-8
      date:
      - Fri, 31 Jan 2020 06:46:20 GMT
      expires:
      - '-1'
      pragma:
      - no-cache
      strict-transport-security:
      - max-age=31536000; includeSubDomains
      vary:
      - Accept-Encoding
      x-content-type-options:
      - nosniff
    status:
      code: 200
      message: OK
- request:
    body: null
    headers:
      Accept:
      - application/json
      Accept-Encoding:
      - gzip, deflate
      CommandName:
      - vmss create
      Connection:
      - keep-alive
      ParameterSetName:
      - -g -n --image --admin-username --ssh-key-value
      User-Agent:
      - python/3.8.1 (Windows-10-10.0.17763-SP0) msrest/0.6.10 msrest_azure/0.6.2
        azure-mgmt-resource/6.0.0 Azure-SDK-For-Python AZURECLI/2.0.80
    method: GET
    uri: https://localhost:1080/subscriptions/00000000-0000-0000-0000-000000000000/resourcegroups/cli_test_ppg_update_000001/providers/Microsoft.Resources/deployments/mock-deployment/operationStatuses/08586211538028438885?api-version=2019-07-01
  response:
    body:
      string: '{"status":"Running"}'
    headers:
      cache-control:
      - no-cache
      content-length:
      - '20'
      content-type:
      - application/json; charset=utf-8
      date:
      - Fri, 31 Jan 2020 06:46:50 GMT
      expires:
      - '-1'
      pragma:
      - no-cache
      strict-transport-security:
      - max-age=31536000; includeSubDomains
      vary:
      - Accept-Encoding
      x-content-type-options:
      - nosniff
    status:
      code: 200
      message: OK
- request:
    body: null
    headers:
      Accept:
      - application/json
      Accept-Encoding:
      - gzip, deflate
      CommandName:
      - vmss create
      Connection:
      - keep-alive
      ParameterSetName:
      - -g -n --image --admin-username --ssh-key-value
      User-Agent:
      - python/3.8.1 (Windows-10-10.0.17763-SP0) msrest/0.6.10 msrest_azure/0.6.2
        azure-mgmt-resource/6.0.0 Azure-SDK-For-Python AZURECLI/2.0.80
    method: GET
    uri: https://localhost:1080/subscriptions/00000000-0000-0000-0000-000000000000/resourcegroups/cli_test_ppg_update_000001/providers/Microsoft.Resources/deployments/mock-deployment/operationStatuses/08586211538028438885?api-version=2019-07-01
  response:
    body:
      string: '{"status":"Running"}'
    headers:
      cache-control:
      - no-cache
      content-length:
      - '20'
      content-type:
      - application/json; charset=utf-8
      date:
      - Fri, 31 Jan 2020 06:47:22 GMT
      expires:
      - '-1'
      pragma:
      - no-cache
      strict-transport-security:
      - max-age=31536000; includeSubDomains
      vary:
      - Accept-Encoding
      x-content-type-options:
      - nosniff
    status:
      code: 200
      message: OK
- request:
    body: null
    headers:
      Accept:
      - application/json
      Accept-Encoding:
      - gzip, deflate
      CommandName:
      - vmss create
      Connection:
      - keep-alive
      ParameterSetName:
      - -g -n --image --admin-username --ssh-key-value
      User-Agent:
      - python/3.8.1 (Windows-10-10.0.17763-SP0) msrest/0.6.10 msrest_azure/0.6.2
        azure-mgmt-resource/6.0.0 Azure-SDK-For-Python AZURECLI/2.0.80
    method: GET
    uri: https://localhost:1080/subscriptions/00000000-0000-0000-0000-000000000000/resourcegroups/cli_test_ppg_update_000001/providers/Microsoft.Resources/deployments/mock-deployment/operationStatuses/08586211538028438885?api-version=2019-07-01
  response:
    body:
      string: '{"status":"Running"}'
    headers:
      cache-control:
      - no-cache
      content-length:
      - '20'
      content-type:
      - application/json; charset=utf-8
      date:
      - Fri, 31 Jan 2020 06:47:52 GMT
      expires:
      - '-1'
      pragma:
      - no-cache
      strict-transport-security:
      - max-age=31536000; includeSubDomains
      vary:
      - Accept-Encoding
      x-content-type-options:
      - nosniff
    status:
      code: 200
      message: OK
- request:
    body: null
    headers:
      Accept:
      - application/json
      Accept-Encoding:
      - gzip, deflate
      CommandName:
      - vmss create
      Connection:
      - keep-alive
      ParameterSetName:
      - -g -n --image --admin-username --ssh-key-value
      User-Agent:
      - python/3.8.1 (Windows-10-10.0.17763-SP0) msrest/0.6.10 msrest_azure/0.6.2
        azure-mgmt-resource/6.0.0 Azure-SDK-For-Python AZURECLI/2.0.80
    method: GET
    uri: https://localhost:1080/subscriptions/00000000-0000-0000-0000-000000000000/resourcegroups/cli_test_ppg_update_000001/providers/Microsoft.Resources/deployments/mock-deployment/operationStatuses/08586211538028438885?api-version=2019-07-01
  response:
    body:
      string: '{"status":"Running"}'
    headers:
      cache-control:
      - no-cache
      content-length:
      - '20'
      content-type:
      - application/json; charset=utf-8
      date:
      - Fri, 31 Jan 2020 06:48:22 GMT
      expires:
      - '-1'
      pragma:
      - no-cache
      strict-transport-security:
      - max-age=31536000; includeSubDomains
      vary:
      - Accept-Encoding
      x-content-type-options:
      - nosniff
    status:
      code: 200
      message: OK
- request:
    body: null
    headers:
      Accept:
      - application/json
      Accept-Encoding:
      - gzip, deflate
      CommandName:
      - vmss create
      Connection:
      - keep-alive
      ParameterSetName:
      - -g -n --image --admin-username --ssh-key-value
      User-Agent:
      - python/3.8.1 (Windows-10-10.0.17763-SP0) msrest/0.6.10 msrest_azure/0.6.2
        azure-mgmt-resource/6.0.0 Azure-SDK-For-Python AZURECLI/2.0.80
    method: GET
    uri: https://localhost:1080/subscriptions/00000000-0000-0000-0000-000000000000/resourcegroups/cli_test_ppg_update_000001/providers/Microsoft.Resources/deployments/mock-deployment/operationStatuses/08586211538028438885?api-version=2019-07-01
  response:
    body:
      string: '{"status":"Running"}'
    headers:
      cache-control:
      - no-cache
      content-length:
      - '20'
      content-type:
      - application/json; charset=utf-8
      date:
      - Fri, 31 Jan 2020 06:48:53 GMT
      expires:
      - '-1'
      pragma:
      - no-cache
      strict-transport-security:
      - max-age=31536000; includeSubDomains
      vary:
      - Accept-Encoding
      x-content-type-options:
      - nosniff
    status:
      code: 200
      message: OK
- request:
    body: null
    headers:
      Accept:
      - application/json
      Accept-Encoding:
      - gzip, deflate
      CommandName:
      - vmss create
      Connection:
      - keep-alive
      ParameterSetName:
      - -g -n --image --admin-username --ssh-key-value
      User-Agent:
      - python/3.8.1 (Windows-10-10.0.17763-SP0) msrest/0.6.10 msrest_azure/0.6.2
        azure-mgmt-resource/6.0.0 Azure-SDK-For-Python AZURECLI/2.0.80
    method: GET
    uri: https://localhost:1080/subscriptions/00000000-0000-0000-0000-000000000000/resourcegroups/cli_test_ppg_update_000001/providers/Microsoft.Resources/deployments/mock-deployment/operationStatuses/08586211538028438885?api-version=2019-07-01
  response:
    body:
      string: '{"status":"Succeeded"}'
    headers:
      cache-control:
      - no-cache
      content-length:
      - '22'
      content-type:
      - application/json; charset=utf-8
      date:
      - Fri, 31 Jan 2020 06:49:24 GMT
      expires:
      - '-1'
      pragma:
      - no-cache
      strict-transport-security:
      - max-age=31536000; includeSubDomains
      vary:
      - Accept-Encoding
      x-content-type-options:
      - nosniff
    status:
      code: 200
      message: OK
- request:
    body: null
    headers:
      Accept:
      - application/json
      Accept-Encoding:
      - gzip, deflate
      CommandName:
      - vmss create
      Connection:
      - keep-alive
      ParameterSetName:
      - -g -n --image --admin-username --ssh-key-value
      User-Agent:
      - python/3.8.1 (Windows-10-10.0.17763-SP0) msrest/0.6.10 msrest_azure/0.6.2
        azure-mgmt-resource/6.0.0 Azure-SDK-For-Python AZURECLI/2.0.80
    method: GET
    uri: https://localhost:1080/subscriptions/00000000-0000-0000-0000-000000000000/resourcegroups/cli_test_ppg_update_000001/providers/Microsoft.Resources/deployments/mock-deployment?api-version=2019-07-01
  response:
    body:
      string: '{"id":"/subscriptions/00000000-0000-0000-0000-000000000000/resourceGroups/cli_test_ppg_update_000001/providers/Microsoft.Resources/deployments/vmss_deploy_iBNlpOQbkErF7lfPvxq8IFtCUSnQubdj","name":"vmss_deploy_iBNlpOQbkErF7lfPvxq8IFtCUSnQubdj","type":"Microsoft.Resources/deployments","properties":{"templateHash":"6169422812590816101","parameters":{},"mode":"Incremental","provisioningState":"Succeeded","timestamp":"2020-01-31T06:48:54.8119593Z","duration":"PT4M12.178229S","correlationId":"a0fbbd77-3bf1-4b96-a732-26199dba76d2","providers":[{"namespace":"Microsoft.Network","resourceTypes":[{"resourceType":"virtualNetworks","locations":["westus"]},{"resourceType":"publicIPAddresses","locations":["westus"]},{"resourceType":"loadBalancers","locations":["westus"]}]},{"namespace":"Microsoft.Compute","resourceTypes":[{"resourceType":"virtualMachineScaleSets","locations":["westus"]}]}],"dependencies":[{"dependsOn":[{"id":"/subscriptions/00000000-0000-0000-0000-000000000000/resourceGroups/cli_test_ppg_update_000001/providers/Microsoft.Network/virtualNetworks/vmss1VNET","resourceType":"Microsoft.Network/virtualNetworks","resourceName":"vmss1VNET"},{"id":"/subscriptions/00000000-0000-0000-0000-000000000000/resourceGroups/cli_test_ppg_update_000001/providers/Microsoft.Network/publicIPAddresses/vmss1LBPublicIP","resourceType":"Microsoft.Network/publicIPAddresses","resourceName":"vmss1LBPublicIP"}],"id":"/subscriptions/00000000-0000-0000-0000-000000000000/resourceGroups/cli_test_ppg_update_000001/providers/Microsoft.Network/loadBalancers/vmss1LB","resourceType":"Microsoft.Network/loadBalancers","resourceName":"vmss1LB"},{"dependsOn":[{"id":"/subscriptions/00000000-0000-0000-0000-000000000000/resourceGroups/cli_test_ppg_update_000001/providers/Microsoft.Network/virtualNetworks/vmss1VNET","resourceType":"Microsoft.Network/virtualNetworks","resourceName":"vmss1VNET"},{"id":"/subscriptions/00000000-0000-0000-0000-000000000000/resourceGroups/cli_test_ppg_update_000001/providers/Microsoft.Network/loadBalancers/vmss1LB","resourceType":"Microsoft.Network/loadBalancers","resourceName":"vmss1LB"}],"id":"/subscriptions/00000000-0000-0000-0000-000000000000/resourceGroups/cli_test_ppg_update_000001/providers/Microsoft.Compute/virtualMachineScaleSets/vmss1","resourceType":"Microsoft.Compute/virtualMachineScaleSets","resourceName":"vmss1"}],"outputs":{"vmss":{"type":"Object","value":{"singlePlacementGroup":true,"upgradePolicy":{"mode":"Manual"},"virtualMachineProfile":{"osProfile":{"computerNamePrefix":"vmss1b49d","adminUsername":"debian","linuxConfiguration":{"disablePasswordAuthentication":true,"ssh":{"publicKeys":[{"path":"/home/debian/.ssh/authorized_keys","keyData":"ssh-rsa
        AAAAB3NzaC1yc2EAAAADAQABAAACAQCbIg1guRHbI0lV11wWDt1r2cUdcNd27CJsg+SfgC7miZeubtwUhbsPdhMQsfDyhOWHq1+ZL0M+nJZV63d/1dhmhtgyOqejUwrPlzKhydsbrsdUor+JmNJDdW01v7BXHyuymT8G4s09jCasNOwiufbP/qp72ruu0bIA1nySsvlf9pCQAuFkAnVnf/rFhUlOkhtRpwcq8SUNY2zRHR/EKb/4NWY1JzR4sa3q2fWIJdrrX0DvLoa5g9bIEd4Df79ba7v+yiUBOS0zT2ll+z4g9izHK3EO5d8hL4jYxcjKs+wcslSYRWrascfscLgMlMGh0CdKeNTDjHpGPncaf3Z+FwwwjWeuiNBxv7bJo13/8B/098KlVDl4GZqsoBCEjPyJfV6hO0y/LkRGkk7oHWKgeWAfKtfLItRp00eZ4fcJNK9kCaSMmEugoZWcI7NGbZXzqFWqbpRI7NcDP9+WIQ+i9U5vqWsqd/zng4kbuAJ6UuKqIzB0upYrLShfQE3SAck8oaLhJqqq56VfDuASNpJKidV+zq27HfSBmbXnkR/5AK337dc3MXKJypoK/QPMLKUAP5XLPbs+NddJQV7EZXd29DLgp+fRIg3edpKdO7ZErWhv7d+3Kws+e1Y+ypmR2WIVSwVyBEUfgv2C8Ts9gnTF4pNcEY/S2aBicz5Ew2+jdyGNQQ==
        test@example.com\n"}]},"provisionVMAgent":true},"secrets":[],"allowExtensionOperations":true,"requireGuestProvisionSignal":true},"storageProfile":{"osDisk":{"createOption":"FromImage","caching":"ReadWrite","managedDisk":{"storageAccountType":"Premium_LRS"},"diskSizeGB":30},"imageReference":{"publisher":"Debian","offer":"debian-10","sku":"10","version":"latest"}},"networkProfile":{"networkInterfaceConfigurations":[{"name":"vmss1b49dNic","properties":{"primary":true,"enableAcceleratedNetworking":false,"dnsSettings":{"dnsServers":[]},"enableIPForwarding":false,"ipConfigurations":[{"name":"vmss1b49dIPConfig","properties":{"subnet":{"id":"/subscriptions/00000000-0000-0000-0000-000000000000/resourceGroups/cli_test_ppg_update_000001/providers/Microsoft.Network/virtualNetworks/vmss1VNET/subnets/vmss1Subnet"},"privateIPAddressVersion":"IPv4","loadBalancerBackendAddressPools":[{"id":"/subscriptions/00000000-0000-0000-0000-000000000000/resourceGroups/cli_test_ppg_update_000001/providers/Microsoft.Network/loadBalancers/vmss1LB/backendAddressPools/vmss1LBBEPool"}],"loadBalancerInboundNatPools":[{"id":"/subscriptions/00000000-0000-0000-0000-000000000000/resourceGroups/cli_test_ppg_update_000001/providers/Microsoft.Network/loadBalancers/vmss1LB/inboundNatPools/vmss1LBNatPool"}]}}]}}]}},"provisioningState":"Succeeded","overprovision":true,"doNotRunExtensionsOnOverprovisionedVMs":false,"uniqueId":"01b51eb2-cdf7-4fc1-928c-4bde18bb7a2b"}}},"outputResources":[{"id":"/subscriptions/00000000-0000-0000-0000-000000000000/resourceGroups/cli_test_ppg_update_000001/providers/Microsoft.Compute/virtualMachineScaleSets/vmss1"},{"id":"/subscriptions/00000000-0000-0000-0000-000000000000/resourceGroups/cli_test_ppg_update_000001/providers/Microsoft.Network/loadBalancers/vmss1LB"},{"id":"/subscriptions/00000000-0000-0000-0000-000000000000/resourceGroups/cli_test_ppg_update_000001/providers/Microsoft.Network/publicIPAddresses/vmss1LBPublicIP"},{"id":"/subscriptions/00000000-0000-0000-0000-000000000000/resourceGroups/cli_test_ppg_update_000001/providers/Microsoft.Network/virtualNetworks/vmss1VNET"}]}}'
    headers:
      cache-control:
      - no-cache
      content-length:
      - '6201'
      content-type:
      - application/json; charset=utf-8
      date:
      - Fri, 31 Jan 2020 06:49:24 GMT
      expires:
      - '-1'
      pragma:
      - no-cache
      strict-transport-security:
      - max-age=31536000; includeSubDomains
      vary:
      - Accept-Encoding
      x-content-type-options:
      - nosniff
    status:
      code: 200
      message: OK
- request:
    body: null
    headers:
      Accept:
      - application/json
      Accept-Encoding:
      - gzip, deflate
      CommandName:
      - vmss show
      Connection:
      - keep-alive
      ParameterSetName:
      - -g -n
      User-Agent:
      - python/3.8.1 (Windows-10-10.0.17763-SP0) msrest/0.6.10 msrest_azure/0.6.2
        azure-mgmt-compute/10.0.0 Azure-SDK-For-Python AZURECLI/2.0.80
      accept-language:
      - en-US
    method: GET
    uri: https://localhost:1080/subscriptions/00000000-0000-0000-0000-000000000000/resourceGroups/cli_test_ppg_update_000001/providers/Microsoft.Compute/virtualMachineScaleSets/vmss1?api-version=2019-07-01
  response:
    body:
      string: "{\r\n  \"name\": \"vmss1\",\r\n  \"id\": \"/subscriptions/00000000-0000-0000-0000-000000000000/resourceGroups/cli_test_ppg_update_000001/providers/Microsoft.Compute/virtualMachineScaleSets/vmss1\",\r\n
        \ \"type\": \"Microsoft.Compute/virtualMachineScaleSets\",\r\n  \"location\":
        \"westus\",\r\n  \"tags\": {},\r\n  \"sku\": {\r\n    \"name\": \"Standard_DS1_v2\",\r\n
        \   \"tier\": \"Standard\",\r\n    \"capacity\": 2\r\n  },\r\n  \"properties\":
        {\r\n    \"singlePlacementGroup\": true,\r\n    \"upgradePolicy\": {\r\n      \"mode\":
        \"Manual\"\r\n    },\r\n    \"virtualMachineProfile\": {\r\n      \"osProfile\":
        {\r\n        \"computerNamePrefix\": \"vmss1b49d\",\r\n        \"adminUsername\":
        \"debian\",\r\n        \"linuxConfiguration\": {\r\n          \"disablePasswordAuthentication\":
        true,\r\n          \"ssh\": {\r\n            \"publicKeys\": [\r\n              {\r\n
        \               \"path\": \"/home/debian/.ssh/authorized_keys\",\r\n                \"keyData\":
        \"ssh-rsa AAAAB3NzaC1yc2EAAAADAQABAAACAQCbIg1guRHbI0lV11wWDt1r2cUdcNd27CJsg+SfgC7miZeubtwUhbsPdhMQsfDyhOWHq1+ZL0M+nJZV63d/1dhmhtgyOqejUwrPlzKhydsbrsdUor+JmNJDdW01v7BXHyuymT8G4s09jCasNOwiufbP/qp72ruu0bIA1nySsvlf9pCQAuFkAnVnf/rFhUlOkhtRpwcq8SUNY2zRHR/EKb/4NWY1JzR4sa3q2fWIJdrrX0DvLoa5g9bIEd4Df79ba7v+yiUBOS0zT2ll+z4g9izHK3EO5d8hL4jYxcjKs+wcslSYRWrascfscLgMlMGh0CdKeNTDjHpGPncaf3Z+FwwwjWeuiNBxv7bJo13/8B/098KlVDl4GZqsoBCEjPyJfV6hO0y/LkRGkk7oHWKgeWAfKtfLItRp00eZ4fcJNK9kCaSMmEugoZWcI7NGbZXzqFWqbpRI7NcDP9+WIQ+i9U5vqWsqd/zng4kbuAJ6UuKqIzB0upYrLShfQE3SAck8oaLhJqqq56VfDuASNpJKidV+zq27HfSBmbXnkR/5AK337dc3MXKJypoK/QPMLKUAP5XLPbs+NddJQV7EZXd29DLgp+fRIg3edpKdO7ZErWhv7d+3Kws+e1Y+ypmR2WIVSwVyBEUfgv2C8Ts9gnTF4pNcEY/S2aBicz5Ew2+jdyGNQQ==
        test@example.com\\n\"\r\n              }\r\n            ]\r\n          },\r\n
        \         \"provisionVMAgent\": true\r\n        },\r\n        \"secrets\":
        [],\r\n        \"allowExtensionOperations\": true,\r\n        \"requireGuestProvisionSignal\":
        true\r\n      },\r\n      \"storageProfile\": {\r\n        \"osDisk\": {\r\n
        \         \"createOption\": \"FromImage\",\r\n          \"caching\": \"ReadWrite\",\r\n
        \         \"managedDisk\": {\r\n            \"storageAccountType\": \"Premium_LRS\"\r\n
        \         },\r\n          \"diskSizeGB\": 30\r\n        },\r\n        \"imageReference\":
        {\r\n          \"publisher\": \"Debian\",\r\n          \"offer\": \"debian-10\",\r\n
        \         \"sku\": \"10\",\r\n          \"version\": \"latest\"\r\n        }\r\n
        \     },\r\n      \"networkProfile\": {\"networkInterfaceConfigurations\":[{\"name\":\"vmss1b49dNic\",\"properties\":{\"primary\":true,\"enableAcceleratedNetworking\":false,\"dnsSettings\":{\"dnsServers\":[]},\"enableIPForwarding\":false,\"ipConfigurations\":[{\"name\":\"vmss1b49dIPConfig\",\"properties\":{\"subnet\":{\"id\":\"/subscriptions/00000000-0000-0000-0000-000000000000/resourceGroups/cli_test_ppg_update_000001/providers/Microsoft.Network/virtualNetworks/vmss1VNET/subnets/vmss1Subnet\"},\"privateIPAddressVersion\":\"IPv4\",\"loadBalancerBackendAddressPools\":[{\"id\":\"/subscriptions/00000000-0000-0000-0000-000000000000/resourceGroups/cli_test_ppg_update_000001/providers/Microsoft.Network/loadBalancers/vmss1LB/backendAddressPools/vmss1LBBEPool\"}],\"loadBalancerInboundNatPools\":[{\"id\":\"/subscriptions/00000000-0000-0000-0000-000000000000/resourceGroups/cli_test_ppg_update_000001/providers/Microsoft.Network/loadBalancers/vmss1LB/inboundNatPools/vmss1LBNatPool\"}]}}]}}]}\r\n
        \   },\r\n    \"provisioningState\": \"Succeeded\",\r\n    \"overprovision\":
        true,\r\n    \"doNotRunExtensionsOnOverprovisionedVMs\": false,\r\n    \"uniqueId\":
        \"01b51eb2-cdf7-4fc1-928c-4bde18bb7a2b\"\r\n  }\r\n}"
    headers:
      cache-control:
      - no-cache
      content-length:
      - '3569'
      content-type:
      - application/json; charset=utf-8
      date:
      - Fri, 31 Jan 2020 06:49:29 GMT
      expires:
      - '-1'
      pragma:
      - no-cache
      server:
      - Microsoft-HTTPAPI/2.0
      - Microsoft-HTTPAPI/2.0
      strict-transport-security:
      - max-age=31536000; includeSubDomains
      transfer-encoding:
      - chunked
      vary:
      - Accept-Encoding
      x-content-type-options:
      - nosniff
      x-ms-ratelimit-remaining-resource:
      - Microsoft.Compute/GetVMScaleSet3Min;395,Microsoft.Compute/GetVMScaleSet30Min;2579
    status:
      code: 200
      message: OK
- request:
    body: null
    headers:
      Accept:
      - application/json
      Accept-Encoding:
      - gzip, deflate
      CommandName:
      - vmss deallocate
      Connection:
      - keep-alive
      Content-Length:
      - '0'
      Content-Type:
      - application/json; charset=utf-8
      ParameterSetName:
      - -g -n
      User-Agent:
      - python/3.8.1 (Windows-10-10.0.17763-SP0) msrest/0.6.10 msrest_azure/0.6.2
        azure-mgmt-compute/10.0.0 Azure-SDK-For-Python AZURECLI/2.0.80
      accept-language:
      - en-US
    method: POST
    uri: https://localhost:1080/subscriptions/00000000-0000-0000-0000-000000000000/resourceGroups/cli_test_ppg_update_000001/providers/Microsoft.Compute/virtualMachineScaleSets/vmss1/deallocate?api-version=2019-07-01
  response:
    body:
      string: ''
    headers:
      azure-asyncoperation:
      - https://management.azure.com/subscriptions/00000000-0000-0000-0000-000000000000/providers/Microsoft.Compute/locations/westus/operations/76b3b7d5-bd46-4528-bc2e-0b68e57db11d?api-version=2019-07-01
      cache-control:
      - no-cache
      content-length:
      - '0'
      date:
      - Fri, 31 Jan 2020 06:49:31 GMT
      expires:
      - '-1'
      location:
      - https://management.azure.com/subscriptions/00000000-0000-0000-0000-000000000000/providers/Microsoft.Compute/locations/westus/operations/76b3b7d5-bd46-4528-bc2e-0b68e57db11d?monitor=true&api-version=2019-07-01
      pragma:
      - no-cache
      server:
      - Microsoft-HTTPAPI/2.0
      - Microsoft-HTTPAPI/2.0
      strict-transport-security:
      - max-age=31536000; includeSubDomains
      x-content-type-options:
      - nosniff
      x-ms-ratelimit-remaining-resource:
      - Microsoft.Compute/DeleteVMScaleSet3Min;79,Microsoft.Compute/DeleteVMScaleSet30Min;396,Microsoft.Compute/VMScaleSetBatchedVMRequests5Min;1194,Microsoft.Compute/VmssQueuedVMOperations;4798
      x-ms-ratelimit-remaining-subscription-writes:
      - '1199'
      x-ms-request-charge:
      - '2'
    status:
      code: 202
      message: Accepted
- request:
    body: null
    headers:
      Accept:
      - application/json
      Accept-Encoding:
      - gzip, deflate
      CommandName:
      - vmss deallocate
      Connection:
      - keep-alive
      ParameterSetName:
      - -g -n
      User-Agent:
      - python/3.8.1 (Windows-10-10.0.17763-SP0) msrest/0.6.10 msrest_azure/0.6.2
        azure-mgmt-compute/10.0.0 Azure-SDK-For-Python AZURECLI/2.0.80
    method: GET
    uri: https://localhost:1080/subscriptions/00000000-0000-0000-0000-000000000000/providers/Microsoft.Compute/locations/westus/operations/76b3b7d5-bd46-4528-bc2e-0b68e57db11d?api-version=2019-07-01
  response:
    body:
      string: "{\r\n  \"startTime\": \"2020-01-31T06:49:32.3793022+00:00\",\r\n  \"status\":
        \"InProgress\",\r\n  \"name\": \"76b3b7d5-bd46-4528-bc2e-0b68e57db11d\"\r\n}"
    headers:
      cache-control:
      - no-cache
      content-length:
      - '134'
      content-type:
      - application/json; charset=utf-8
      date:
      - Fri, 31 Jan 2020 06:50:03 GMT
      expires:
      - '-1'
      pragma:
      - no-cache
      server:
      - Microsoft-HTTPAPI/2.0
      - Microsoft-HTTPAPI/2.0
      strict-transport-security:
      - max-age=31536000; includeSubDomains
      transfer-encoding:
      - chunked
      vary:
      - Accept-Encoding
      x-content-type-options:
      - nosniff
      x-ms-ratelimit-remaining-resource:
      - Microsoft.Compute/GetOperation3Min;14996,Microsoft.Compute/GetOperation30Min;29979
    status:
      code: 200
      message: OK
- request:
    body: null
    headers:
      Accept:
      - application/json
      Accept-Encoding:
      - gzip, deflate
      CommandName:
      - vmss deallocate
      Connection:
      - keep-alive
      ParameterSetName:
      - -g -n
      User-Agent:
      - python/3.8.1 (Windows-10-10.0.17763-SP0) msrest/0.6.10 msrest_azure/0.6.2
        azure-mgmt-compute/10.0.0 Azure-SDK-For-Python AZURECLI/2.0.80
    method: GET
    uri: https://localhost:1080/subscriptions/00000000-0000-0000-0000-000000000000/providers/Microsoft.Compute/locations/westus/operations/76b3b7d5-bd46-4528-bc2e-0b68e57db11d?api-version=2019-07-01
  response:
    body:
      string: "{\r\n  \"startTime\": \"2020-01-31T06:49:32.3793022+00:00\",\r\n  \"status\":
        \"InProgress\",\r\n  \"name\": \"76b3b7d5-bd46-4528-bc2e-0b68e57db11d\"\r\n}"
    headers:
      cache-control:
      - no-cache
      content-length:
      - '134'
      content-type:
      - application/json; charset=utf-8
      date:
      - Fri, 31 Jan 2020 06:50:34 GMT
      expires:
      - '-1'
      pragma:
      - no-cache
      server:
      - Microsoft-HTTPAPI/2.0
      - Microsoft-HTTPAPI/2.0
      strict-transport-security:
      - max-age=31536000; includeSubDomains
      transfer-encoding:
      - chunked
      vary:
      - Accept-Encoding
      x-content-type-options:
      - nosniff
      x-ms-ratelimit-remaining-resource:
      - Microsoft.Compute/GetOperation3Min;14993,Microsoft.Compute/GetOperation30Min;29976
    status:
      code: 200
      message: OK
- request:
    body: null
    headers:
      Accept:
      - application/json
      Accept-Encoding:
      - gzip, deflate
      CommandName:
      - vmss deallocate
      Connection:
      - keep-alive
      ParameterSetName:
      - -g -n
      User-Agent:
      - python/3.8.1 (Windows-10-10.0.17763-SP0) msrest/0.6.10 msrest_azure/0.6.2
        azure-mgmt-compute/10.0.0 Azure-SDK-For-Python AZURECLI/2.0.80
    method: GET
    uri: https://localhost:1080/subscriptions/00000000-0000-0000-0000-000000000000/providers/Microsoft.Compute/locations/westus/operations/76b3b7d5-bd46-4528-bc2e-0b68e57db11d?api-version=2019-07-01
  response:
    body:
      string: "{\r\n  \"startTime\": \"2020-01-31T06:49:32.3793022+00:00\",\r\n  \"status\":
        \"InProgress\",\r\n  \"name\": \"76b3b7d5-bd46-4528-bc2e-0b68e57db11d\"\r\n}"
    headers:
      cache-control:
      - no-cache
      content-length:
      - '134'
      content-type:
      - application/json; charset=utf-8
      date:
      - Fri, 31 Jan 2020 06:51:04 GMT
      expires:
      - '-1'
      pragma:
      - no-cache
      server:
      - Microsoft-HTTPAPI/2.0
      - Microsoft-HTTPAPI/2.0
      strict-transport-security:
      - max-age=31536000; includeSubDomains
      transfer-encoding:
      - chunked
      vary:
      - Accept-Encoding
      x-content-type-options:
      - nosniff
      x-ms-ratelimit-remaining-resource:
      - Microsoft.Compute/GetOperation3Min;14990,Microsoft.Compute/GetOperation30Min;29973
    status:
      code: 200
      message: OK
- request:
    body: null
    headers:
      Accept:
      - application/json
      Accept-Encoding:
      - gzip, deflate
      CommandName:
      - vmss deallocate
      Connection:
      - keep-alive
      ParameterSetName:
      - -g -n
      User-Agent:
      - python/3.8.1 (Windows-10-10.0.17763-SP0) msrest/0.6.10 msrest_azure/0.6.2
        azure-mgmt-compute/10.0.0 Azure-SDK-For-Python AZURECLI/2.0.80
    method: GET
    uri: https://localhost:1080/subscriptions/00000000-0000-0000-0000-000000000000/providers/Microsoft.Compute/locations/westus/operations/76b3b7d5-bd46-4528-bc2e-0b68e57db11d?api-version=2019-07-01
  response:
    body:
      string: "{\r\n  \"startTime\": \"2020-01-31T06:49:32.3793022+00:00\",\r\n  \"status\":
        \"InProgress\",\r\n  \"name\": \"76b3b7d5-bd46-4528-bc2e-0b68e57db11d\"\r\n}"
    headers:
      cache-control:
      - no-cache
      content-length:
      - '134'
      content-type:
      - application/json; charset=utf-8
      date:
      - Fri, 31 Jan 2020 06:51:35 GMT
      expires:
      - '-1'
      pragma:
      - no-cache
      server:
      - Microsoft-HTTPAPI/2.0
      - Microsoft-HTTPAPI/2.0
      strict-transport-security:
      - max-age=31536000; includeSubDomains
      transfer-encoding:
      - chunked
      vary:
      - Accept-Encoding
      x-content-type-options:
      - nosniff
      x-ms-ratelimit-remaining-resource:
      - Microsoft.Compute/GetOperation3Min;14989,Microsoft.Compute/GetOperation30Min;29970
    status:
      code: 200
      message: OK
- request:
    body: null
    headers:
      Accept:
      - application/json
      Accept-Encoding:
      - gzip, deflate
      CommandName:
      - vmss deallocate
      Connection:
      - keep-alive
      ParameterSetName:
      - -g -n
      User-Agent:
      - python/3.8.1 (Windows-10-10.0.17763-SP0) msrest/0.6.10 msrest_azure/0.6.2
        azure-mgmt-compute/10.0.0 Azure-SDK-For-Python AZURECLI/2.0.80
    method: GET
    uri: https://localhost:1080/subscriptions/00000000-0000-0000-0000-000000000000/providers/Microsoft.Compute/locations/westus/operations/76b3b7d5-bd46-4528-bc2e-0b68e57db11d?api-version=2019-07-01
  response:
    body:
      string: "{\r\n  \"startTime\": \"2020-01-31T06:49:32.3793022+00:00\",\r\n  \"status\":
        \"InProgress\",\r\n  \"name\": \"76b3b7d5-bd46-4528-bc2e-0b68e57db11d\"\r\n}"
    headers:
      cache-control:
      - no-cache
      content-length:
      - '134'
      content-type:
      - application/json; charset=utf-8
      date:
      - Fri, 31 Jan 2020 06:52:05 GMT
      expires:
      - '-1'
      pragma:
      - no-cache
      server:
      - Microsoft-HTTPAPI/2.0
      - Microsoft-HTTPAPI/2.0
      strict-transport-security:
      - max-age=31536000; includeSubDomains
      transfer-encoding:
      - chunked
      vary:
      - Accept-Encoding
      x-content-type-options:
      - nosniff
      x-ms-ratelimit-remaining-resource:
      - Microsoft.Compute/GetOperation3Min;14986,Microsoft.Compute/GetOperation30Min;29967
    status:
      code: 200
      message: OK
- request:
    body: null
    headers:
      Accept:
      - application/json
      Accept-Encoding:
      - gzip, deflate
      CommandName:
      - vmss deallocate
      Connection:
      - keep-alive
      ParameterSetName:
      - -g -n
      User-Agent:
      - python/3.8.1 (Windows-10-10.0.17763-SP0) msrest/0.6.10 msrest_azure/0.6.2
        azure-mgmt-compute/10.0.0 Azure-SDK-For-Python AZURECLI/2.0.80
    method: GET
    uri: https://localhost:1080/subscriptions/00000000-0000-0000-0000-000000000000/providers/Microsoft.Compute/locations/westus/operations/76b3b7d5-bd46-4528-bc2e-0b68e57db11d?api-version=2019-07-01
  response:
    body:
      string: "{\r\n  \"startTime\": \"2020-01-31T06:49:32.3793022+00:00\",\r\n  \"status\":
        \"InProgress\",\r\n  \"name\": \"76b3b7d5-bd46-4528-bc2e-0b68e57db11d\"\r\n}"
    headers:
      cache-control:
      - no-cache
      content-length:
      - '134'
      content-type:
      - application/json; charset=utf-8
      date:
      - Fri, 31 Jan 2020 06:52:36 GMT
      expires:
      - '-1'
      pragma:
      - no-cache
      server:
      - Microsoft-HTTPAPI/2.0
      - Microsoft-HTTPAPI/2.0
      strict-transport-security:
      - max-age=31536000; includeSubDomains
      transfer-encoding:
      - chunked
      vary:
      - Accept-Encoding
      x-content-type-options:
      - nosniff
      x-ms-ratelimit-remaining-resource:
      - Microsoft.Compute/GetOperation3Min;14984,Microsoft.Compute/GetOperation30Min;29964
    status:
      code: 200
      message: OK
- request:
    body: null
    headers:
      Accept:
      - application/json
      Accept-Encoding:
      - gzip, deflate
      CommandName:
      - vmss deallocate
      Connection:
      - keep-alive
      ParameterSetName:
      - -g -n
      User-Agent:
      - python/3.8.1 (Windows-10-10.0.17763-SP0) msrest/0.6.10 msrest_azure/0.6.2
        azure-mgmt-compute/10.0.0 Azure-SDK-For-Python AZURECLI/2.0.80
    method: GET
    uri: https://localhost:1080/subscriptions/00000000-0000-0000-0000-000000000000/providers/Microsoft.Compute/locations/westus/operations/76b3b7d5-bd46-4528-bc2e-0b68e57db11d?api-version=2019-07-01
  response:
    body:
      string: "{\r\n  \"startTime\": \"2020-01-31T06:49:32.3793022+00:00\",\r\n  \"status\":
        \"InProgress\",\r\n  \"name\": \"76b3b7d5-bd46-4528-bc2e-0b68e57db11d\"\r\n}"
    headers:
      cache-control:
      - no-cache
      content-length:
      - '134'
      content-type:
      - application/json; charset=utf-8
      date:
      - Fri, 31 Jan 2020 06:53:06 GMT
      expires:
      - '-1'
      pragma:
      - no-cache
      server:
      - Microsoft-HTTPAPI/2.0
      - Microsoft-HTTPAPI/2.0
      strict-transport-security:
      - max-age=31536000; includeSubDomains
      transfer-encoding:
      - chunked
      vary:
      - Accept-Encoding
      x-content-type-options:
      - nosniff
      x-ms-ratelimit-remaining-resource:
      - Microsoft.Compute/GetOperation3Min;14984,Microsoft.Compute/GetOperation30Min;29961
    status:
      code: 200
      message: OK
- request:
    body: null
    headers:
      Accept:
      - application/json
      Accept-Encoding:
      - gzip, deflate
      CommandName:
      - vmss deallocate
      Connection:
      - keep-alive
      ParameterSetName:
      - -g -n
      User-Agent:
      - python/3.8.1 (Windows-10-10.0.17763-SP0) msrest/0.6.10 msrest_azure/0.6.2
        azure-mgmt-compute/10.0.0 Azure-SDK-For-Python AZURECLI/2.0.80
    method: GET
    uri: https://localhost:1080/subscriptions/00000000-0000-0000-0000-000000000000/providers/Microsoft.Compute/locations/westus/operations/76b3b7d5-bd46-4528-bc2e-0b68e57db11d?api-version=2019-07-01
  response:
    body:
      string: "{\r\n  \"startTime\": \"2020-01-31T06:49:32.3793022+00:00\",\r\n  \"status\":
        \"InProgress\",\r\n  \"name\": \"76b3b7d5-bd46-4528-bc2e-0b68e57db11d\"\r\n}"
    headers:
      cache-control:
      - no-cache
      content-length:
      - '134'
      content-type:
      - application/json; charset=utf-8
      date:
      - Fri, 31 Jan 2020 06:53:38 GMT
      expires:
      - '-1'
      pragma:
      - no-cache
      server:
      - Microsoft-HTTPAPI/2.0
      - Microsoft-HTTPAPI/2.0
      strict-transport-security:
      - max-age=31536000; includeSubDomains
      transfer-encoding:
      - chunked
      vary:
      - Accept-Encoding
      x-content-type-options:
      - nosniff
      x-ms-ratelimit-remaining-resource:
      - Microsoft.Compute/GetOperation3Min;14984,Microsoft.Compute/GetOperation30Min;29958
    status:
      code: 200
      message: OK
- request:
    body: null
    headers:
      Accept:
      - application/json
      Accept-Encoding:
      - gzip, deflate
      CommandName:
      - vmss deallocate
      Connection:
      - keep-alive
      ParameterSetName:
      - -g -n
      User-Agent:
      - python/3.8.1 (Windows-10-10.0.17763-SP0) msrest/0.6.10 msrest_azure/0.6.2
        azure-mgmt-compute/10.0.0 Azure-SDK-For-Python AZURECLI/2.0.80
    method: GET
    uri: https://localhost:1080/subscriptions/00000000-0000-0000-0000-000000000000/providers/Microsoft.Compute/locations/westus/operations/76b3b7d5-bd46-4528-bc2e-0b68e57db11d?api-version=2019-07-01
  response:
    body:
      string: "{\r\n  \"startTime\": \"2020-01-31T06:49:32.3793022+00:00\",\r\n  \"endTime\":
        \"2020-01-31T06:53:55.1760539+00:00\",\r\n  \"status\": \"Succeeded\",\r\n
        \ \"name\": \"76b3b7d5-bd46-4528-bc2e-0b68e57db11d\"\r\n}"
    headers:
      cache-control:
      - no-cache
      content-length:
      - '184'
      content-type:
      - application/json; charset=utf-8
      date:
      - Fri, 31 Jan 2020 06:54:08 GMT
      expires:
      - '-1'
      pragma:
      - no-cache
      server:
      - Microsoft-HTTPAPI/2.0
      - Microsoft-HTTPAPI/2.0
      strict-transport-security:
      - max-age=31536000; includeSubDomains
      transfer-encoding:
      - chunked
      vary:
      - Accept-Encoding
      x-content-type-options:
      - nosniff
      x-ms-ratelimit-remaining-resource:
      - Microsoft.Compute/GetOperation3Min;14985,Microsoft.Compute/GetOperation30Min;29956
    status:
      code: 200
      message: OK
- request:
    body: null
    headers:
      Accept:
      - application/json
      Accept-Encoding:
      - gzip, deflate
      CommandName:
      - vmss update
      Connection:
      - keep-alive
      ParameterSetName:
      - -g -n --ppg
      User-Agent:
      - python/3.8.1 (Windows-10-10.0.17763-SP0) msrest/0.6.10 msrest_azure/0.6.2
        azure-mgmt-compute/10.0.0 Azure-SDK-For-Python AZURECLI/2.0.80
      accept-language:
      - en-US
    method: GET
    uri: https://localhost:1080/subscriptions/00000000-0000-0000-0000-000000000000/resourceGroups/cli_test_ppg_update_000001/providers/Microsoft.Compute/virtualMachineScaleSets/vmss1?api-version=2019-07-01
  response:
    body:
      string: "{\r\n  \"name\": \"vmss1\",\r\n  \"id\": \"/subscriptions/00000000-0000-0000-0000-000000000000/resourceGroups/cli_test_ppg_update_000001/providers/Microsoft.Compute/virtualMachineScaleSets/vmss1\",\r\n
        \ \"type\": \"Microsoft.Compute/virtualMachineScaleSets\",\r\n  \"location\":
        \"westus\",\r\n  \"tags\": {},\r\n  \"sku\": {\r\n    \"name\": \"Standard_DS1_v2\",\r\n
        \   \"tier\": \"Standard\",\r\n    \"capacity\": 2\r\n  },\r\n  \"properties\":
        {\r\n    \"singlePlacementGroup\": true,\r\n    \"upgradePolicy\": {\r\n      \"mode\":
        \"Manual\"\r\n    },\r\n    \"virtualMachineProfile\": {\r\n      \"osProfile\":
        {\r\n        \"computerNamePrefix\": \"vmss1b49d\",\r\n        \"adminUsername\":
        \"debian\",\r\n        \"linuxConfiguration\": {\r\n          \"disablePasswordAuthentication\":
        true,\r\n          \"ssh\": {\r\n            \"publicKeys\": [\r\n              {\r\n
        \               \"path\": \"/home/debian/.ssh/authorized_keys\",\r\n                \"keyData\":
        \"ssh-rsa AAAAB3NzaC1yc2EAAAADAQABAAACAQCbIg1guRHbI0lV11wWDt1r2cUdcNd27CJsg+SfgC7miZeubtwUhbsPdhMQsfDyhOWHq1+ZL0M+nJZV63d/1dhmhtgyOqejUwrPlzKhydsbrsdUor+JmNJDdW01v7BXHyuymT8G4s09jCasNOwiufbP/qp72ruu0bIA1nySsvlf9pCQAuFkAnVnf/rFhUlOkhtRpwcq8SUNY2zRHR/EKb/4NWY1JzR4sa3q2fWIJdrrX0DvLoa5g9bIEd4Df79ba7v+yiUBOS0zT2ll+z4g9izHK3EO5d8hL4jYxcjKs+wcslSYRWrascfscLgMlMGh0CdKeNTDjHpGPncaf3Z+FwwwjWeuiNBxv7bJo13/8B/098KlVDl4GZqsoBCEjPyJfV6hO0y/LkRGkk7oHWKgeWAfKtfLItRp00eZ4fcJNK9kCaSMmEugoZWcI7NGbZXzqFWqbpRI7NcDP9+WIQ+i9U5vqWsqd/zng4kbuAJ6UuKqIzB0upYrLShfQE3SAck8oaLhJqqq56VfDuASNpJKidV+zq27HfSBmbXnkR/5AK337dc3MXKJypoK/QPMLKUAP5XLPbs+NddJQV7EZXd29DLgp+fRIg3edpKdO7ZErWhv7d+3Kws+e1Y+ypmR2WIVSwVyBEUfgv2C8Ts9gnTF4pNcEY/S2aBicz5Ew2+jdyGNQQ==
        test@example.com\\n\"\r\n              }\r\n            ]\r\n          },\r\n
        \         \"provisionVMAgent\": true\r\n        },\r\n        \"secrets\":
        [],\r\n        \"allowExtensionOperations\": true,\r\n        \"requireGuestProvisionSignal\":
        true\r\n      },\r\n      \"storageProfile\": {\r\n        \"osDisk\": {\r\n
        \         \"createOption\": \"FromImage\",\r\n          \"caching\": \"ReadWrite\",\r\n
        \         \"managedDisk\": {\r\n            \"storageAccountType\": \"Premium_LRS\"\r\n
        \         },\r\n          \"diskSizeGB\": 30\r\n        },\r\n        \"imageReference\":
        {\r\n          \"publisher\": \"Debian\",\r\n          \"offer\": \"debian-10\",\r\n
        \         \"sku\": \"10\",\r\n          \"version\": \"latest\"\r\n        }\r\n
        \     },\r\n      \"networkProfile\": {\"networkInterfaceConfigurations\":[{\"name\":\"vmss1b49dNic\",\"properties\":{\"primary\":true,\"enableAcceleratedNetworking\":false,\"dnsSettings\":{\"dnsServers\":[]},\"enableIPForwarding\":false,\"ipConfigurations\":[{\"name\":\"vmss1b49dIPConfig\",\"properties\":{\"subnet\":{\"id\":\"/subscriptions/00000000-0000-0000-0000-000000000000/resourceGroups/cli_test_ppg_update_000001/providers/Microsoft.Network/virtualNetworks/vmss1VNET/subnets/vmss1Subnet\"},\"privateIPAddressVersion\":\"IPv4\",\"loadBalancerBackendAddressPools\":[{\"id\":\"/subscriptions/00000000-0000-0000-0000-000000000000/resourceGroups/cli_test_ppg_update_000001/providers/Microsoft.Network/loadBalancers/vmss1LB/backendAddressPools/vmss1LBBEPool\"}],\"loadBalancerInboundNatPools\":[{\"id\":\"/subscriptions/00000000-0000-0000-0000-000000000000/resourceGroups/cli_test_ppg_update_000001/providers/Microsoft.Network/loadBalancers/vmss1LB/inboundNatPools/vmss1LBNatPool\"}]}}]}}]}\r\n
        \   },\r\n    \"provisioningState\": \"Succeeded\",\r\n    \"overprovision\":
        true,\r\n    \"doNotRunExtensionsOnOverprovisionedVMs\": false,\r\n    \"uniqueId\":
        \"01b51eb2-cdf7-4fc1-928c-4bde18bb7a2b\"\r\n  }\r\n}"
    headers:
      cache-control:
      - no-cache
      content-length:
      - '3569'
      content-type:
      - application/json; charset=utf-8
      date:
      - Fri, 31 Jan 2020 06:54:42 GMT
      expires:
      - '-1'
      pragma:
      - no-cache
      server:
      - Microsoft-HTTPAPI/2.0
      - Microsoft-HTTPAPI/2.0
      strict-transport-security:
      - max-age=31536000; includeSubDomains
      transfer-encoding:
      - chunked
      vary:
      - Accept-Encoding
      x-content-type-options:
      - nosniff
      x-ms-ratelimit-remaining-resource:
      - Microsoft.Compute/GetVMScaleSet3Min;398,Microsoft.Compute/GetVMScaleSet30Min;2576
    status:
      code: 200
      message: OK
- request:
    body: 'b''{"location": "westus", "tags": {}, "sku": {"name": "Standard_DS1_v2",
      "tier": "Standard", "capacity": 2}, "properties": {"upgradePolicy": {"mode":
      "Manual"}, "virtualMachineProfile": {"osProfile": {"computerNamePrefix": "vmss1b49d",
      "adminUsername": "debian", "linuxConfiguration": {"disablePasswordAuthentication":
      true, "ssh": {"publicKeys": [{"path": "/home/debian/.ssh/authorized_keys", "keyData":
      "ssh-rsa AAAAB3NzaC1yc2EAAAADAQABAAACAQCbIg1guRHbI0lV11wWDt1r2cUdcNd27CJsg+SfgC7miZeubtwUhbsPdhMQsfDyhOWHq1+ZL0M+nJZV63d/1dhmhtgyOqejUwrPlzKhydsbrsdUor+JmNJDdW01v7BXHyuymT8G4s09jCasNOwiufbP/qp72ruu0bIA1nySsvlf9pCQAuFkAnVnf/rFhUlOkhtRpwcq8SUNY2zRHR/EKb/4NWY1JzR4sa3q2fWIJdrrX0DvLoa5g9bIEd4Df79ba7v+yiUBOS0zT2ll+z4g9izHK3EO5d8hL4jYxcjKs+wcslSYRWrascfscLgMlMGh0CdKeNTDjHpGPncaf3Z+FwwwjWeuiNBxv7bJo13/8B/098KlVDl4GZqsoBCEjPyJfV6hO0y/LkRGkk7oHWKgeWAfKtfLItRp00eZ4fcJNK9kCaSMmEugoZWcI7NGbZXzqFWqbpRI7NcDP9+WIQ+i9U5vqWsqd/zng4kbuAJ6UuKqIzB0upYrLShfQE3SAck8oaLhJqqq56VfDuASNpJKidV+zq27HfSBmbXnkR/5AK337dc3MXKJypoK/QPMLKUAP5XLPbs+NddJQV7EZXd29DLgp+fRIg3edpKdO7ZErWhv7d+3Kws+e1Y+ypmR2WIVSwVyBEUfgv2C8Ts9gnTF4pNcEY/S2aBicz5Ew2+jdyGNQQ==
      test@example.com\\n"}]}, "provisionVMAgent": true}, "secrets": []}, "storageProfile":
      {"imageReference": {"publisher": "Debian", "offer": "debian-10", "sku": "10",
      "version": "latest"}, "osDisk": {"caching": "ReadWrite", "createOption": "FromImage",
      "diskSizeGB": 30, "managedDisk": {"storageAccountType": "Premium_LRS"}}}, "networkProfile":
      {"networkInterfaceConfigurations": [{"name": "vmss1b49dNic", "properties": {"primary":
      true, "enableAcceleratedNetworking": false, "dnsSettings": {"dnsServers": []},
      "ipConfigurations": [{"name": "vmss1b49dIPConfig", "properties": {"subnet":
      {"id": "/subscriptions/00000000-0000-0000-0000-000000000000/resourceGroups/cli_test_ppg_update_000001/providers/Microsoft.Network/virtualNetworks/vmss1VNET/subnets/vmss1Subnet"},
      "privateIPAddressVersion": "IPv4", "loadBalancerBackendAddressPools": [{"id":
      "/subscriptions/00000000-0000-0000-0000-000000000000/resourceGroups/cli_test_ppg_update_000001/providers/Microsoft.Network/loadBalancers/vmss1LB/backendAddressPools/vmss1LBBEPool"}],
      "loadBalancerInboundNatPools": [{"id": "/subscriptions/00000000-0000-0000-0000-000000000000/resourceGroups/cli_test_ppg_update_000001/providers/Microsoft.Network/loadBalancers/vmss1LB/inboundNatPools/vmss1LBNatPool"}]}}],
      "enableIPForwarding": false}}]}}, "overprovision": true, "doNotRunExtensionsOnOverprovisionedVMs":
      false, "singlePlacementGroup": true, "proximityPlacementGroup": {"id": "/subscriptions/00000000-0000-0000-0000-000000000000/resourceGroups/cli_test_ppg_update_000001/providers/Microsoft.Compute/proximityPlacementGroups/ppg1"}}}'''
    headers:
      Accept:
      - application/json
      Accept-Encoding:
      - gzip, deflate
      CommandName:
      - vmss update
      Connection:
      - keep-alive
      Content-Length:
      - '2895'
      Content-Type:
      - application/json; charset=utf-8
      ParameterSetName:
      - -g -n --ppg
      User-Agent:
      - python/3.8.1 (Windows-10-10.0.17763-SP0) msrest/0.6.10 msrest_azure/0.6.2
        azure-mgmt-compute/10.0.0 Azure-SDK-For-Python AZURECLI/2.0.80
      accept-language:
      - en-US
    method: PUT
    uri: https://localhost:1080/subscriptions/00000000-0000-0000-0000-000000000000/resourceGroups/cli_test_ppg_update_000001/providers/Microsoft.Compute/virtualMachineScaleSets/vmss1?api-version=2019-07-01
  response:
    body:
      string: "{\r\n  \"name\": \"vmss1\",\r\n  \"id\": \"/subscriptions/00000000-0000-0000-0000-000000000000/resourceGroups/cli_test_ppg_update_000001/providers/Microsoft.Compute/virtualMachineScaleSets/vmss1\",\r\n
        \ \"type\": \"Microsoft.Compute/virtualMachineScaleSets\",\r\n  \"location\":
        \"westus\",\r\n  \"tags\": {},\r\n  \"sku\": {\r\n    \"name\": \"Standard_DS1_v2\",\r\n
        \   \"tier\": \"Standard\",\r\n    \"capacity\": 2\r\n  },\r\n  \"properties\":
        {\r\n    \"singlePlacementGroup\": true,\r\n    \"upgradePolicy\": {\r\n      \"mode\":
        \"Manual\"\r\n    },\r\n    \"proximityPlacementGroup\": {\r\n      \"id\":
        \"/subscriptions/00000000-0000-0000-0000-000000000000/resourceGroups/CLI_TEST_PPG_UPDATE_BCEYJIQMO3T7UXSQGSB5B4NCQEUWNLG2NLOVUDCR64OWM4Z43PLBMVD/providers/Microsoft.Compute/proximityPlacementGroups/ppg1\"\r\n
        \   },\r\n    \"virtualMachineProfile\": {\r\n      \"osProfile\": {\r\n        \"computerNamePrefix\":
        \"vmss1b49d\",\r\n        \"adminUsername\": \"debian\",\r\n        \"linuxConfiguration\":
        {\r\n          \"disablePasswordAuthentication\": true,\r\n          \"ssh\":
        {\r\n            \"publicKeys\": [\r\n              {\r\n                \"path\":
        \"/home/debian/.ssh/authorized_keys\",\r\n                \"keyData\": \"ssh-rsa
        AAAAB3NzaC1yc2EAAAADAQABAAACAQCbIg1guRHbI0lV11wWDt1r2cUdcNd27CJsg+SfgC7miZeubtwUhbsPdhMQsfDyhOWHq1+ZL0M+nJZV63d/1dhmhtgyOqejUwrPlzKhydsbrsdUor+JmNJDdW01v7BXHyuymT8G4s09jCasNOwiufbP/qp72ruu0bIA1nySsvlf9pCQAuFkAnVnf/rFhUlOkhtRpwcq8SUNY2zRHR/EKb/4NWY1JzR4sa3q2fWIJdrrX0DvLoa5g9bIEd4Df79ba7v+yiUBOS0zT2ll+z4g9izHK3EO5d8hL4jYxcjKs+wcslSYRWrascfscLgMlMGh0CdKeNTDjHpGPncaf3Z+FwwwjWeuiNBxv7bJo13/8B/098KlVDl4GZqsoBCEjPyJfV6hO0y/LkRGkk7oHWKgeWAfKtfLItRp00eZ4fcJNK9kCaSMmEugoZWcI7NGbZXzqFWqbpRI7NcDP9+WIQ+i9U5vqWsqd/zng4kbuAJ6UuKqIzB0upYrLShfQE3SAck8oaLhJqqq56VfDuASNpJKidV+zq27HfSBmbXnkR/5AK337dc3MXKJypoK/QPMLKUAP5XLPbs+NddJQV7EZXd29DLgp+fRIg3edpKdO7ZErWhv7d+3Kws+e1Y+ypmR2WIVSwVyBEUfgv2C8Ts9gnTF4pNcEY/S2aBicz5Ew2+jdyGNQQ==
        test@example.com\\n\"\r\n              }\r\n            ]\r\n          },\r\n
        \         \"provisionVMAgent\": true\r\n        },\r\n        \"secrets\":
        [],\r\n        \"allowExtensionOperations\": true,\r\n        \"requireGuestProvisionSignal\":
        true\r\n      },\r\n      \"storageProfile\": {\r\n        \"osDisk\": {\r\n
        \         \"createOption\": \"FromImage\",\r\n          \"caching\": \"ReadWrite\",\r\n
        \         \"managedDisk\": {\r\n            \"storageAccountType\": \"Premium_LRS\"\r\n
        \         },\r\n          \"diskSizeGB\": 30\r\n        },\r\n        \"imageReference\":
        {\r\n          \"publisher\": \"Debian\",\r\n          \"offer\": \"debian-10\",\r\n
        \         \"sku\": \"10\",\r\n          \"version\": \"latest\"\r\n        }\r\n
        \     },\r\n      \"networkProfile\": {\"networkInterfaceConfigurations\":[{\"name\":\"vmss1b49dNic\",\"properties\":{\"primary\":true,\"enableAcceleratedNetworking\":false,\"dnsSettings\":{\"dnsServers\":[]},\"enableIPForwarding\":false,\"ipConfigurations\":[{\"name\":\"vmss1b49dIPConfig\",\"properties\":{\"subnet\":{\"id\":\"/subscriptions/00000000-0000-0000-0000-000000000000/resourceGroups/cli_test_ppg_update_000001/providers/Microsoft.Network/virtualNetworks/vmss1VNET/subnets/vmss1Subnet\"},\"privateIPAddressVersion\":\"IPv4\",\"loadBalancerBackendAddressPools\":[{\"id\":\"/subscriptions/00000000-0000-0000-0000-000000000000/resourceGroups/cli_test_ppg_update_000001/providers/Microsoft.Network/loadBalancers/vmss1LB/backendAddressPools/vmss1LBBEPool\"}],\"loadBalancerInboundNatPools\":[{\"id\":\"/subscriptions/00000000-0000-0000-0000-000000000000/resourceGroups/cli_test_ppg_update_000001/providers/Microsoft.Network/loadBalancers/vmss1LB/inboundNatPools/vmss1LBNatPool\"}]}}]}}]}\r\n
        \   },\r\n    \"provisioningState\": \"Updating\",\r\n    \"overprovision\":
        true,\r\n    \"doNotRunExtensionsOnOverprovisionedVMs\": false,\r\n    \"uniqueId\":
        \"01b51eb2-cdf7-4fc1-928c-4bde18bb7a2b\"\r\n  }\r\n}"
    headers:
      azure-asyncnotification:
      - Enabled
      azure-asyncoperation:
      - https://management.azure.com/subscriptions/00000000-0000-0000-0000-000000000000/providers/Microsoft.Compute/locations/westus/operations/7e421f80-e597-46d8-9f3c-f287ac80af4a?api-version=2019-07-01
      cache-control:
      - no-cache
      content-length:
      - '3826'
      content-type:
      - application/json; charset=utf-8
      date:
      - Fri, 31 Jan 2020 06:54:47 GMT
      expires:
      - '-1'
      pragma:
      - no-cache
      server:
      - Microsoft-HTTPAPI/2.0
      - Microsoft-HTTPAPI/2.0
      strict-transport-security:
      - max-age=31536000; includeSubDomains
      transfer-encoding:
      - chunked
      vary:
      - Accept-Encoding
      x-content-type-options:
      - nosniff
      x-ms-ratelimit-remaining-resource:
      - Microsoft.Compute/CreateVMScaleSet3Min;59,Microsoft.Compute/CreateVMScaleSet30Min;293,Microsoft.Compute/VmssQueuedVMOperations;4800
      x-ms-ratelimit-remaining-subscription-writes:
      - '1198'
      x-ms-request-charge:
      - '0'
    status:
      code: 200
      message: OK
- request:
    body: null
    headers:
      Accept:
      - application/json
      Accept-Encoding:
      - gzip, deflate
      CommandName:
      - vmss update
      Connection:
      - keep-alive
      ParameterSetName:
      - -g -n --ppg
      User-Agent:
      - python/3.8.1 (Windows-10-10.0.17763-SP0) msrest/0.6.10 msrest_azure/0.6.2
        azure-mgmt-compute/10.0.0 Azure-SDK-For-Python AZURECLI/2.0.80
    method: GET
    uri: https://localhost:1080/subscriptions/00000000-0000-0000-0000-000000000000/providers/Microsoft.Compute/locations/westus/operations/7e421f80-e597-46d8-9f3c-f287ac80af4a?api-version=2019-07-01
  response:
    body:
      string: "{\r\n  \"startTime\": \"2020-01-31T06:54:45.2237096+00:00\",\r\n  \"endTime\":
        \"2020-01-31T06:54:45.457745+00:00\",\r\n  \"status\": \"Succeeded\",\r\n
        \ \"name\": \"7e421f80-e597-46d8-9f3c-f287ac80af4a\"\r\n}"
    headers:
      cache-control:
      - no-cache
      content-length:
      - '183'
      content-type:
      - application/json; charset=utf-8
      date:
      - Fri, 31 Jan 2020 06:54:59 GMT
      expires:
      - '-1'
      pragma:
      - no-cache
      server:
      - Microsoft-HTTPAPI/2.0
      - Microsoft-HTTPAPI/2.0
      strict-transport-security:
      - max-age=31536000; includeSubDomains
      transfer-encoding:
      - chunked
      vary:
      - Accept-Encoding
      x-content-type-options:
      - nosniff
      x-ms-ratelimit-remaining-resource:
      - Microsoft.Compute/GetOperation3Min;14985,Microsoft.Compute/GetOperation30Min;29953
    status:
      code: 200
      message: OK
- request:
    body: null
    headers:
      Accept:
      - application/json
      Accept-Encoding:
      - gzip, deflate
      CommandName:
      - vmss update
      Connection:
      - keep-alive
      ParameterSetName:
      - -g -n --ppg
      User-Agent:
      - python/3.8.1 (Windows-10-10.0.17763-SP0) msrest/0.6.10 msrest_azure/0.6.2
        azure-mgmt-compute/10.0.0 Azure-SDK-For-Python AZURECLI/2.0.80
    method: GET
    uri: https://localhost:1080/subscriptions/00000000-0000-0000-0000-000000000000/resourceGroups/cli_test_ppg_update_000001/providers/Microsoft.Compute/virtualMachineScaleSets/vmss1?api-version=2019-07-01
  response:
    body:
      string: "{\r\n  \"name\": \"vmss1\",\r\n  \"id\": \"/subscriptions/00000000-0000-0000-0000-000000000000/resourceGroups/cli_test_ppg_update_000001/providers/Microsoft.Compute/virtualMachineScaleSets/vmss1\",\r\n
        \ \"type\": \"Microsoft.Compute/virtualMachineScaleSets\",\r\n  \"location\":
        \"westus\",\r\n  \"tags\": {},\r\n  \"sku\": {\r\n    \"name\": \"Standard_DS1_v2\",\r\n
        \   \"tier\": \"Standard\",\r\n    \"capacity\": 2\r\n  },\r\n  \"properties\":
        {\r\n    \"singlePlacementGroup\": true,\r\n    \"upgradePolicy\": {\r\n      \"mode\":
        \"Manual\"\r\n    },\r\n    \"proximityPlacementGroup\": {\r\n      \"id\":
        \"/subscriptions/00000000-0000-0000-0000-000000000000/resourceGroups/CLI_TEST_PPG_UPDATE_BCEYJIQMO3T7UXSQGSB5B4NCQEUWNLG2NLOVUDCR64OWM4Z43PLBMVD/providers/Microsoft.Compute/proximityPlacementGroups/ppg1\"\r\n
        \   },\r\n    \"virtualMachineProfile\": {\r\n      \"osProfile\": {\r\n        \"computerNamePrefix\":
        \"vmss1b49d\",\r\n        \"adminUsername\": \"debian\",\r\n        \"linuxConfiguration\":
        {\r\n          \"disablePasswordAuthentication\": true,\r\n          \"ssh\":
        {\r\n            \"publicKeys\": [\r\n              {\r\n                \"path\":
        \"/home/debian/.ssh/authorized_keys\",\r\n                \"keyData\": \"ssh-rsa
        AAAAB3NzaC1yc2EAAAADAQABAAACAQCbIg1guRHbI0lV11wWDt1r2cUdcNd27CJsg+SfgC7miZeubtwUhbsPdhMQsfDyhOWHq1+ZL0M+nJZV63d/1dhmhtgyOqejUwrPlzKhydsbrsdUor+JmNJDdW01v7BXHyuymT8G4s09jCasNOwiufbP/qp72ruu0bIA1nySsvlf9pCQAuFkAnVnf/rFhUlOkhtRpwcq8SUNY2zRHR/EKb/4NWY1JzR4sa3q2fWIJdrrX0DvLoa5g9bIEd4Df79ba7v+yiUBOS0zT2ll+z4g9izHK3EO5d8hL4jYxcjKs+wcslSYRWrascfscLgMlMGh0CdKeNTDjHpGPncaf3Z+FwwwjWeuiNBxv7bJo13/8B/098KlVDl4GZqsoBCEjPyJfV6hO0y/LkRGkk7oHWKgeWAfKtfLItRp00eZ4fcJNK9kCaSMmEugoZWcI7NGbZXzqFWqbpRI7NcDP9+WIQ+i9U5vqWsqd/zng4kbuAJ6UuKqIzB0upYrLShfQE3SAck8oaLhJqqq56VfDuASNpJKidV+zq27HfSBmbXnkR/5AK337dc3MXKJypoK/QPMLKUAP5XLPbs+NddJQV7EZXd29DLgp+fRIg3edpKdO7ZErWhv7d+3Kws+e1Y+ypmR2WIVSwVyBEUfgv2C8Ts9gnTF4pNcEY/S2aBicz5Ew2+jdyGNQQ==
        test@example.com\\n\"\r\n              }\r\n            ]\r\n          },\r\n
        \         \"provisionVMAgent\": true\r\n        },\r\n        \"secrets\":
        [],\r\n        \"allowExtensionOperations\": true,\r\n        \"requireGuestProvisionSignal\":
        true\r\n      },\r\n      \"storageProfile\": {\r\n        \"osDisk\": {\r\n
        \         \"createOption\": \"FromImage\",\r\n          \"caching\": \"ReadWrite\",\r\n
        \         \"managedDisk\": {\r\n            \"storageAccountType\": \"Premium_LRS\"\r\n
        \         },\r\n          \"diskSizeGB\": 30\r\n        },\r\n        \"imageReference\":
        {\r\n          \"publisher\": \"Debian\",\r\n          \"offer\": \"debian-10\",\r\n
        \         \"sku\": \"10\",\r\n          \"version\": \"latest\"\r\n        }\r\n
        \     },\r\n      \"networkProfile\": {\"networkInterfaceConfigurations\":[{\"name\":\"vmss1b49dNic\",\"properties\":{\"primary\":true,\"enableAcceleratedNetworking\":false,\"dnsSettings\":{\"dnsServers\":[]},\"enableIPForwarding\":false,\"ipConfigurations\":[{\"name\":\"vmss1b49dIPConfig\",\"properties\":{\"subnet\":{\"id\":\"/subscriptions/00000000-0000-0000-0000-000000000000/resourceGroups/cli_test_ppg_update_000001/providers/Microsoft.Network/virtualNetworks/vmss1VNET/subnets/vmss1Subnet\"},\"privateIPAddressVersion\":\"IPv4\",\"loadBalancerBackendAddressPools\":[{\"id\":\"/subscriptions/00000000-0000-0000-0000-000000000000/resourceGroups/cli_test_ppg_update_000001/providers/Microsoft.Network/loadBalancers/vmss1LB/backendAddressPools/vmss1LBBEPool\"}],\"loadBalancerInboundNatPools\":[{\"id\":\"/subscriptions/00000000-0000-0000-0000-000000000000/resourceGroups/cli_test_ppg_update_000001/providers/Microsoft.Network/loadBalancers/vmss1LB/inboundNatPools/vmss1LBNatPool\"}]}}]}}]}\r\n
        \   },\r\n    \"provisioningState\": \"Succeeded\",\r\n    \"overprovision\":
        true,\r\n    \"doNotRunExtensionsOnOverprovisionedVMs\": false,\r\n    \"uniqueId\":
        \"01b51eb2-cdf7-4fc1-928c-4bde18bb7a2b\"\r\n  }\r\n}"
    headers:
      cache-control:
      - no-cache
      content-length:
      - '3827'
      content-type:
      - application/json; charset=utf-8
      date:
      - Fri, 31 Jan 2020 06:54:59 GMT
      expires:
      - '-1'
      pragma:
      - no-cache
      server:
      - Microsoft-HTTPAPI/2.0
      - Microsoft-HTTPAPI/2.0
      strict-transport-security:
      - max-age=31536000; includeSubDomains
      transfer-encoding:
      - chunked
      vary:
      - Accept-Encoding
      x-content-type-options:
      - nosniff
      x-ms-ratelimit-remaining-resource:
      - Microsoft.Compute/GetVMScaleSet3Min;396,Microsoft.Compute/GetVMScaleSet30Min;2579
    status:
      code: 200
      message: OK
- request:
    body: null
    headers:
      Accept:
      - application/json
      Accept-Encoding:
      - gzip, deflate
      CommandName:
      - ppg show
      Connection:
      - keep-alive
      ParameterSetName:
      - -n -g
      User-Agent:
      - python/3.8.1 (Windows-10-10.0.17763-SP0) msrest/0.6.10 msrest_azure/0.6.2
        azure-mgmt-compute/10.0.0 Azure-SDK-For-Python AZURECLI/2.0.80
      accept-language:
      - en-US
    method: GET
    uri: https://localhost:1080/subscriptions/00000000-0000-0000-0000-000000000000/resourceGroups/cli_test_ppg_update_000001/providers/Microsoft.Compute/proximityPlacementGroups/ppg1?api-version=2019-07-01
  response:
    body:
      string: "{\r\n  \"name\": \"ppg1\",\r\n  \"id\": \"/subscriptions/00000000-0000-0000-0000-000000000000/resourceGroups/cli_test_ppg_update_000001/providers/Microsoft.Compute/proximityPlacementGroups/ppg1\",\r\n
        \ \"type\": \"Microsoft.Compute/proximityPlacementGroups\",\r\n  \"location\":
        \"westus\",\r\n  \"tags\": {},\r\n  \"properties\": {\r\n    \"proximityPlacementGroupType\":
        \"Standard\",\r\n    \"virtualMachines\": [],\r\n    \"virtualMachineScaleSets\":
        [\r\n      {\r\n        \"id\": \"/subscriptions/00000000-0000-0000-0000-000000000000/resourceGroups/CLI_TEST_PPG_UPDATE_BCEYJIQMO3T7UXSQGSB5B4NCQEUWNLG2NLOVUDCR64OWM4Z43PLBMVD/providers/Microsoft.Compute/virtualMachineScaleSets/VMSS1\"\r\n
        \     }\r\n    ],\r\n    \"availabilitySets\": []\r\n  }\r\n}"
    headers:
      cache-control:
      - no-cache
      content-length:
      - '739'
      content-type:
      - application/json; charset=utf-8
      date:
      - Fri, 31 Jan 2020 06:55:02 GMT
      expires:
      - '-1'
      pragma:
      - no-cache
      server:
      - Microsoft-HTTPAPI/2.0
      - Microsoft-HTTPAPI/2.0
      strict-transport-security:
      - max-age=31536000; includeSubDomains
      transfer-encoding:
      - chunked
      vary:
      - Accept-Encoding
      x-content-type-options:
      - nosniff
      x-ms-ratelimit-remaining-resource:
      - Microsoft.Compute/HighCostGet3Min;138,Microsoft.Compute/HighCostGet30Min;691
    status:
      code: 200
      message: OK
version: 1
