interactions:
- request:
    body: null
    headers:
      Accept:
      - application/json
      Accept-Encoding:
      - gzip, deflate
      CommandName:
      - disk create
      Connection:
      - keep-alive
      ParameterSetName:
      - -g -n --size-gb --edge-zone
      User-Agent:
      - AZURECLI/2.45.0 azsdk-python-azure-mgmt-resource/22.0.0 Python/3.10.9 (Linux-5.15.0-1031-azure-x86_64-with-glibc2.31)
        VSTS_7b238909-6802-4b65-b90d-184bca47f458_build_220_0
    method: GET
    uri: https://management.azure.com/subscriptions/00000000-0000-0000-0000-000000000000/resourcegroups/cli_test_other_extended_location_000001?api-version=2022-09-01
  response:
    body:
      string: '{"id":"/subscriptions/00000000-0000-0000-0000-000000000000/resourceGroups/cli_test_other_extended_location_000001","name":"cli_test_other_extended_location_000001","type":"Microsoft.Resources/resourceGroups","location":"westus","tags":{"product":"azurecli","cause":"automation","date":"2023-02-08T05:25:14Z"},"properties":{"provisioningState":"Succeeded"}}'
    headers:
      cache-control:
      - no-cache
      content-length:
      - '356'
      content-type:
      - application/json; charset=utf-8
      date:
      - Wed, 08 Feb 2023 05:25:16 GMT
      expires:
      - '-1'
      pragma:
      - no-cache
      strict-transport-security:
      - max-age=31536000; includeSubDomains
      vary:
      - Accept-Encoding
      x-content-type-options:
      - nosniff
    status:
      code: 200
      message: OK
- request:
    body: '{"location": "westus", "tags": {}, "sku": {"name": "Premium_LRS"}, "extendedLocation":
      {"name": "microsoftlosangeles1", "type": "EdgeZone"}, "properties": {"hyperVGeneration":
      "V1", "creationData": {"createOption": "Empty"}, "diskSizeGB": 10}}'
    headers:
      Accept:
      - application/json
      Accept-Encoding:
      - gzip, deflate
      CommandName:
      - disk create
      Connection:
      - keep-alive
      Content-Length:
      - '243'
      Content-Type:
      - application/json
      ParameterSetName:
      - -g -n --size-gb --edge-zone
      User-Agent:
      - AZURECLI/2.45.0 azsdk-python-azure-mgmt-compute/29.1.0 Python/3.10.9 (Linux-5.15.0-1031-azure-x86_64-with-glibc2.31)
        VSTS_7b238909-6802-4b65-b90d-184bca47f458_build_220_0
    method: PUT
    uri: https://management.azure.com/subscriptions/00000000-0000-0000-0000-000000000000/resourceGroups/cli_test_other_extended_location_000001/providers/Microsoft.Compute/disks/d1?api-version=2022-07-02
  response:
    body:
      string: "{\r\n  \"name\": \"d1\",\r\n  \"id\": \"/subscriptions/00000000-0000-0000-0000-000000000000/resourceGroups/cli_test_other_extended_location_000001/providers/Microsoft.Compute/disks/d1\",\r\n
        \ \"type\": \"Microsoft.Compute/disks\",\r\n  \"location\": \"westus\",\r\n
        \ \"tags\": {},\r\n  \"extendedLocation\": {\r\n    \"type\": \"EdgeZone\",\r\n
        \   \"name\": \"microsoftlosangeles1\"\r\n  },\r\n  \"sku\": {\r\n    \"name\":
        \"Premium_LRS\"\r\n  },\r\n  \"properties\": {\r\n    \"hyperVGeneration\":
        \"V1\",\r\n    \"creationData\": {\r\n      \"createOption\": \"Empty\"\r\n
        \   },\r\n    \"diskSizeGB\": 10,\r\n    \"provisioningState\": \"Updating\"\r\n
        \ }\r\n}"
    headers:
      azure-asyncoperation:
      - https://management.azure.com/subscriptions/00000000-0000-0000-0000-000000000000/providers/Microsoft.Compute/locations/westus/DiskOperations/87a86edb-6831-4a3d-b4c7-e9feaa05ea1c?p=42128af7-4c72-4222-9761-fb0d8e6cebdc&api-version=2022-07-02
      cache-control:
      - no-cache
      content-length:
      - '569'
      content-type:
      - application/json; charset=utf-8
      date:
      - Wed, 08 Feb 2023 05:25:17 GMT
      expires:
      - '-1'
      location:
      - https://management.azure.com/subscriptions/00000000-0000-0000-0000-000000000000/providers/Microsoft.Compute/locations/westus/DiskOperations/87a86edb-6831-4a3d-b4c7-e9feaa05ea1c?p=42128af7-4c72-4222-9761-fb0d8e6cebdc&monitor=true&api-version=2022-07-02
      pragma:
      - no-cache
      server:
      - Microsoft-HTTPAPI/2.0
      - Microsoft-HTTPAPI/2.0
      strict-transport-security:
      - max-age=31536000; includeSubDomains
      x-content-type-options:
      - nosniff
      x-ms-ratelimit-remaining-resource:
      - Microsoft.Compute/CreateUpdateDisks3Min;999,Microsoft.Compute/CreateUpdateDisks30Min;7998
      x-ms-ratelimit-remaining-subscription-writes:
      - '1199'
    status:
      code: 202
      message: Accepted
- request:
    body: null
    headers:
      Accept:
      - '*/*'
      Accept-Encoding:
      - gzip, deflate
      CommandName:
      - disk create
      Connection:
      - keep-alive
      ParameterSetName:
      - -g -n --size-gb --edge-zone
      User-Agent:
      - AZURECLI/2.45.0 azsdk-python-azure-mgmt-compute/29.1.0 Python/3.10.9 (Linux-5.15.0-1031-azure-x86_64-with-glibc2.31)
        VSTS_7b238909-6802-4b65-b90d-184bca47f458_build_220_0
    method: GET
    uri: https://management.azure.com/subscriptions/00000000-0000-0000-0000-000000000000/providers/Microsoft.Compute/locations/westus/DiskOperations/87a86edb-6831-4a3d-b4c7-e9feaa05ea1c?p=42128af7-4c72-4222-9761-fb0d8e6cebdc&api-version=2022-07-02
  response:
    body:
      string: "{\r\n  \"startTime\": \"2023-02-08T05:25:18.5927435+00:00\",\r\n  \"endTime\":
        \"2023-02-08T05:25:18.7177379+00:00\",\r\n  \"status\": \"Succeeded\",\r\n
        \ \"properties\": {\r\n    \"output\": {\r\n  \"name\": \"d1\",\r\n  \"id\":
        \"/subscriptions/00000000-0000-0000-0000-000000000000/resourceGroups/cli_test_other_extended_location_000001/providers/Microsoft.Compute/disks/d1\",\r\n
        \ \"type\": \"Microsoft.Compute/disks\",\r\n  \"location\": \"westus\",\r\n
        \ \"tags\": {},\r\n  \"extendedLocation\": {\r\n    \"type\": \"EdgeZone\",\r\n
        \   \"name\": \"microsoftlosangeles1\"\r\n  },\r\n  \"sku\": {\r\n    \"name\":
        \"Premium_LRS\",\r\n    \"tier\": \"Premium\"\r\n  },\r\n  \"properties\":
        {\r\n    \"hyperVGeneration\": \"V1\",\r\n    \"creationData\": {\r\n      \"createOption\":
        \"Empty\"\r\n    },\r\n    \"diskSizeGB\": 10,\r\n    \"diskIOPSReadWrite\":
        120,\r\n    \"diskMBpsReadWrite\": 25,\r\n    \"encryption\": {\r\n      \"type\":
        \"EncryptionAtRestWithPlatformKey\"\r\n    },\r\n    \"networkAccessPolicy\":
        \"AllowAll\",\r\n    \"publicNetworkAccess\": \"Enabled\",\r\n    \"timeCreated\":
        \"2023-02-08T05:25:18.5927435+00:00\",\r\n    \"provisioningState\": \"Succeeded\",\r\n
        \   \"diskState\": \"Unattached\",\r\n    \"diskSizeBytes\": 10737418240,\r\n
        \   \"uniqueId\": \"4f2b2065-c645-4c3e-8c7c-6a672aa73c37\",\r\n    \"tier\":
        \"P3\"\r\n  }\r\n}\r\n  },\r\n  \"name\": \"87a86edb-6831-4a3d-b4c7-e9feaa05ea1c\"\r\n}"
    headers:
      cache-control:
      - no-cache
      content-length:
      - '1237'
      content-type:
      - application/json; charset=utf-8
      date:
      - Wed, 08 Feb 2023 05:25:19 GMT
      expires:
      - '-1'
      pragma:
      - no-cache
      server:
      - Microsoft-HTTPAPI/2.0
      - Microsoft-HTTPAPI/2.0
      strict-transport-security:
      - max-age=31536000; includeSubDomains
      transfer-encoding:
      - chunked
      vary:
      - Accept-Encoding
      x-content-type-options:
      - nosniff
      x-ms-ratelimit-remaining-resource:
      - Microsoft.Compute/GetOperation3Min;49999,Microsoft.Compute/GetOperation30Min;399979
    status:
      code: 200
      message: OK
- request:
    body: null
    headers:
      Accept:
      - '*/*'
      Accept-Encoding:
      - gzip, deflate
      CommandName:
      - disk create
      Connection:
      - keep-alive
      ParameterSetName:
      - -g -n --size-gb --edge-zone
      User-Agent:
      - AZURECLI/2.45.0 azsdk-python-azure-mgmt-compute/29.1.0 Python/3.10.9 (Linux-5.15.0-1031-azure-x86_64-with-glibc2.31)
        VSTS_7b238909-6802-4b65-b90d-184bca47f458_build_220_0
    method: GET
    uri: https://management.azure.com/subscriptions/00000000-0000-0000-0000-000000000000/resourceGroups/cli_test_other_extended_location_000001/providers/Microsoft.Compute/disks/d1?api-version=2022-07-02
  response:
    body:
      string: "{\r\n  \"name\": \"d1\",\r\n  \"id\": \"/subscriptions/00000000-0000-0000-0000-000000000000/resourceGroups/cli_test_other_extended_location_000001/providers/Microsoft.Compute/disks/d1\",\r\n
        \ \"type\": \"Microsoft.Compute/disks\",\r\n  \"location\": \"westus\",\r\n
        \ \"tags\": {},\r\n  \"extendedLocation\": {\r\n    \"type\": \"EdgeZone\",\r\n
        \   \"name\": \"microsoftlosangeles1\"\r\n  },\r\n  \"sku\": {\r\n    \"name\":
        \"Premium_LRS\",\r\n    \"tier\": \"Premium\"\r\n  },\r\n  \"properties\":
        {\r\n    \"hyperVGeneration\": \"V1\",\r\n    \"creationData\": {\r\n      \"createOption\":
        \"Empty\"\r\n    },\r\n    \"diskSizeGB\": 10,\r\n    \"diskIOPSReadWrite\":
        120,\r\n    \"diskMBpsReadWrite\": 25,\r\n    \"encryption\": {\r\n      \"type\":
        \"EncryptionAtRestWithPlatformKey\"\r\n    },\r\n    \"networkAccessPolicy\":
        \"AllowAll\",\r\n    \"publicNetworkAccess\": \"Enabled\",\r\n    \"timeCreated\":
        \"2023-02-08T05:25:18.5927435+00:00\",\r\n    \"provisioningState\": \"Succeeded\",\r\n
        \   \"diskState\": \"Unattached\",\r\n    \"diskSizeBytes\": 10737418240,\r\n
        \   \"uniqueId\": \"4f2b2065-c645-4c3e-8c7c-6a672aa73c37\",\r\n    \"tier\":
        \"P3\"\r\n  }\r\n}"
    headers:
      cache-control:
      - no-cache
      content-length:
      - '1012'
      content-type:
      - application/json; charset=utf-8
      date:
      - Wed, 08 Feb 2023 05:25:19 GMT
      expires:
      - '-1'
      pragma:
      - no-cache
      server:
      - Microsoft-HTTPAPI/2.0
      - Microsoft-HTTPAPI/2.0
      strict-transport-security:
      - max-age=31536000; includeSubDomains
      transfer-encoding:
      - chunked
      vary:
      - Accept-Encoding
      x-content-type-options:
      - nosniff
      x-ms-ratelimit-remaining-resource:
      - Microsoft.Compute/LowCostGet3Min;14994,Microsoft.Compute/LowCostGet30Min;119959
    status:
      code: 200
      message: OK
- request:
    body: null
    headers:
      Accept:
      - application/json
      Accept-Encoding:
      - gzip, deflate
      CommandName:
      - snapshot create
      Connection:
      - keep-alive
      ParameterSetName:
      - -g -n --size-gb --edge-zone --sku
      User-Agent:
      - AZURECLI/2.45.0 azsdk-python-azure-mgmt-resource/22.0.0 Python/3.10.9 (Linux-5.15.0-1031-azure-x86_64-with-glibc2.31)
        VSTS_7b238909-6802-4b65-b90d-184bca47f458_build_220_0
    method: GET
    uri: https://management.azure.com/subscriptions/00000000-0000-0000-0000-000000000000/resourcegroups/cli_test_other_extended_location_000001?api-version=2022-09-01
  response:
    body:
      string: '{"id":"/subscriptions/00000000-0000-0000-0000-000000000000/resourceGroups/cli_test_other_extended_location_000001","name":"cli_test_other_extended_location_000001","type":"Microsoft.Resources/resourceGroups","location":"westus","tags":{"product":"azurecli","cause":"automation","date":"2023-02-08T05:25:14Z"},"properties":{"provisioningState":"Succeeded"}}'
    headers:
      cache-control:
      - no-cache
      content-length:
      - '356'
      content-type:
      - application/json; charset=utf-8
      date:
      - Wed, 08 Feb 2023 05:25:20 GMT
      expires:
      - '-1'
      pragma:
      - no-cache
      strict-transport-security:
      - max-age=31536000; includeSubDomains
      vary:
      - Accept-Encoding
      x-content-type-options:
      - nosniff
    status:
      code: 200
      message: OK
- request:
    body: '{"location": "westus", "tags": {}, "sku": {"name": "Premium_LRS"}, "extendedLocation":
      {"name": "microsoftlosangeles1", "type": "EdgeZone"}, "properties": {"hyperVGeneration":
      "V1", "creationData": {"createOption": "Empty"}, "diskSizeGB": 10}}'
    headers:
      Accept:
      - application/json
      Accept-Encoding:
      - gzip, deflate
      CommandName:
      - snapshot create
      Connection:
      - keep-alive
      Content-Length:
      - '243'
      Content-Type:
      - application/json
      ParameterSetName:
      - -g -n --size-gb --edge-zone --sku
      User-Agent:
      - AZURECLI/2.45.0 azsdk-python-azure-mgmt-compute/29.1.0 Python/3.10.9 (Linux-5.15.0-1031-azure-x86_64-with-glibc2.31)
        VSTS_7b238909-6802-4b65-b90d-184bca47f458_build_220_0
    method: PUT
    uri: https://management.azure.com/subscriptions/00000000-0000-0000-0000-000000000000/resourceGroups/cli_test_other_extended_location_000001/providers/Microsoft.Compute/snapshots/s1?api-version=2022-03-02
  response:
    body:
      string: "{\r\n  \"name\": \"s1\",\r\n  \"id\": \"/subscriptions/00000000-0000-0000-0000-000000000000/resourceGroups/cli_test_other_extended_location_000001/providers/Microsoft.Compute/snapshots/s1\",\r\n
        \ \"type\": \"Microsoft.Compute/snapshots\",\r\n  \"location\": \"westus\",\r\n
        \ \"tags\": {},\r\n  \"extendedLocation\": {\r\n    \"type\": \"EdgeZone\",\r\n
        \   \"name\": \"microsoftlosangeles1\"\r\n  },\r\n  \"sku\": {\r\n    \"name\":
        \"Premium_LRS\"\r\n  },\r\n  \"properties\": {\r\n    \"hyperVGeneration\":
        \"V1\",\r\n    \"creationData\": {\r\n      \"createOption\": \"Empty\"\r\n
        \   },\r\n    \"diskSizeGB\": 10,\r\n    \"provisioningState\": \"Updating\"\r\n
        \ }\r\n}"
    headers:
      azure-asyncoperation:
      - https://management.azure.com/subscriptions/00000000-0000-0000-0000-000000000000/providers/Microsoft.Compute/locations/westus/DiskOperations/574c6880-b25c-41fc-8015-307328733fae?p=42128af7-4c72-4222-9761-fb0d8e6cebdc&api-version=2022-03-02
      cache-control:
      - no-cache
      content-length:
      - '577'
      content-type:
      - application/json; charset=utf-8
      date:
      - Wed, 08 Feb 2023 05:25:22 GMT
      expires:
      - '-1'
      location:
      - https://management.azure.com/subscriptions/00000000-0000-0000-0000-000000000000/providers/Microsoft.Compute/locations/westus/DiskOperations/574c6880-b25c-41fc-8015-307328733fae?p=42128af7-4c72-4222-9761-fb0d8e6cebdc&monitor=true&api-version=2022-03-02
      pragma:
      - no-cache
      server:
      - Microsoft-HTTPAPI/2.0
      - Microsoft-HTTPAPI/2.0
      strict-transport-security:
      - max-age=31536000; includeSubDomains
      x-content-type-options:
      - nosniff
      x-ms-ratelimit-remaining-resource:
      - Microsoft.Compute/HighCostSnapshotCreateHydrate3Min;999,Microsoft.Compute/HighCostSnapshotCreateHydrate30Min;7999
      x-ms-ratelimit-remaining-subscription-writes:
      - '1199'
    status:
      code: 202
      message: Accepted
- request:
    body: null
    headers:
      Accept:
      - '*/*'
      Accept-Encoding:
      - gzip, deflate
      CommandName:
      - snapshot create
      Connection:
      - keep-alive
      ParameterSetName:
      - -g -n --size-gb --edge-zone --sku
      User-Agent:
      - AZURECLI/2.45.0 azsdk-python-azure-mgmt-compute/29.1.0 Python/3.10.9 (Linux-5.15.0-1031-azure-x86_64-with-glibc2.31)
        VSTS_7b238909-6802-4b65-b90d-184bca47f458_build_220_0
    method: GET
    uri: https://management.azure.com/subscriptions/00000000-0000-0000-0000-000000000000/providers/Microsoft.Compute/locations/westus/DiskOperations/574c6880-b25c-41fc-8015-307328733fae?p=42128af7-4c72-4222-9761-fb0d8e6cebdc&api-version=2022-03-02
  response:
    body:
      string: "{\r\n  \"startTime\": \"2023-02-08T05:25:23.0930973+00:00\",\r\n  \"status\":
        \"InProgress\",\r\n  \"name\": \"574c6880-b25c-41fc-8015-307328733fae\"\r\n}"
    headers:
      cache-control:
      - no-cache
      content-length:
      - '134'
      content-type:
      - application/json; charset=utf-8
      date:
      - Wed, 08 Feb 2023 05:25:24 GMT
      expires:
      - '-1'
      pragma:
      - no-cache
      server:
      - Microsoft-HTTPAPI/2.0
      - Microsoft-HTTPAPI/2.0
      strict-transport-security:
      - max-age=31536000; includeSubDomains
      transfer-encoding:
      - chunked
      vary:
      - Accept-Encoding
      x-content-type-options:
      - nosniff
      x-ms-ratelimit-remaining-resource:
      - Microsoft.Compute/GetOperation3Min;49997,Microsoft.Compute/GetOperation30Min;399977
    status:
      code: 200
      message: OK
- request:
    body: null
    headers:
      Accept:
      - '*/*'
      Accept-Encoding:
      - gzip, deflate
      CommandName:
      - snapshot create
      Connection:
      - keep-alive
      ParameterSetName:
      - -g -n --size-gb --edge-zone --sku
      User-Agent:
      - AZURECLI/2.45.0 azsdk-python-azure-mgmt-compute/29.1.0 Python/3.10.9 (Linux-5.15.0-1031-azure-x86_64-with-glibc2.31)
        VSTS_7b238909-6802-4b65-b90d-184bca47f458_build_220_0
    method: GET
    uri: https://management.azure.com/subscriptions/00000000-0000-0000-0000-000000000000/providers/Microsoft.Compute/locations/westus/DiskOperations/574c6880-b25c-41fc-8015-307328733fae?p=42128af7-4c72-4222-9761-fb0d8e6cebdc&api-version=2022-03-02
  response:
    body:
      string: "{\r\n  \"startTime\": \"2023-02-08T05:25:23.0930973+00:00\",\r\n  \"status\":
        \"InProgress\",\r\n  \"name\": \"574c6880-b25c-41fc-8015-307328733fae\"\r\n}"
    headers:
      cache-control:
      - no-cache
      content-length:
      - '134'
      content-type:
      - application/json; charset=utf-8
      date:
      - Wed, 08 Feb 2023 05:25:35 GMT
      expires:
      - '-1'
      pragma:
      - no-cache
      server:
      - Microsoft-HTTPAPI/2.0
      - Microsoft-HTTPAPI/2.0
      strict-transport-security:
      - max-age=31536000; includeSubDomains
      transfer-encoding:
      - chunked
      vary:
      - Accept-Encoding
      x-content-type-options:
      - nosniff
      x-ms-ratelimit-remaining-resource:
      - Microsoft.Compute/GetOperation3Min;49995,Microsoft.Compute/GetOperation30Min;399975
    status:
      code: 200
      message: OK
- request:
    body: null
    headers:
      Accept:
      - '*/*'
      Accept-Encoding:
      - gzip, deflate
      CommandName:
      - snapshot create
      Connection:
      - keep-alive
      ParameterSetName:
      - -g -n --size-gb --edge-zone --sku
      User-Agent:
      - AZURECLI/2.45.0 azsdk-python-azure-mgmt-compute/29.1.0 Python/3.10.9 (Linux-5.15.0-1031-azure-x86_64-with-glibc2.31)
        VSTS_7b238909-6802-4b65-b90d-184bca47f458_build_220_0
    method: GET
    uri: https://management.azure.com/subscriptions/00000000-0000-0000-0000-000000000000/providers/Microsoft.Compute/locations/westus/DiskOperations/574c6880-b25c-41fc-8015-307328733fae?p=42128af7-4c72-4222-9761-fb0d8e6cebdc&api-version=2022-03-02
  response:
    body:
      string: "{\r\n  \"startTime\": \"2023-02-08T05:25:23.0930973+00:00\",\r\n  \"endTime\":
        \"2023-02-08T05:25:50.8275384+00:00\",\r\n  \"status\": \"Succeeded\",\r\n
        \ \"properties\": {\r\n    \"output\": {\"name\":\"s1\",\"id\":\"/subscriptions/00000000-0000-0000-0000-000000000000/resourceGroups/cli_test_other_extended_location_000001/providers/Microsoft.Compute/snapshots/s1\",\"type\":\"Microsoft.Compute/snapshots\",\"location\":\"westus\",\"tags\":{},\"extendedLocation\":{\"type\":\"EdgeZone\",\"name\":\"microsoftlosangeles1\"},\"sku\":{\"name\":\"Premium_LRS\",\"tier\":\"Premium\"},\"properties\":{\"hyperVGeneration\":\"V1\",\"creationData\":{\"createOption\":\"Empty\"},\"diskSizeGB\":10,\"encryption\":{\"type\":\"EncryptionAtRestWithPlatformKey\"},\"incremental\":false,\"networkAccessPolicy\":\"AllowAll\",\"publicNetworkAccess\":\"Enabled\",\"timeCreated\":\"2023-02-08T05:25:23.0930973+00:00\",\"provisioningState\":\"Succeeded\",\"diskState\":\"Unattached\",\"diskSizeBytes\":10737418240,\"uniqueId\":\"4d2a8de6-c5c5-4f7e-aad7-a85dabadda35\"}}\r\n
        \ },\r\n  \"name\": \"574c6880-b25c-41fc-8015-307328733fae\"\r\n}"
    headers:
      cache-control:
      - no-cache
      content-length:
      - '996'
      content-type:
      - application/json; charset=utf-8
      date:
      - Wed, 08 Feb 2023 05:26:05 GMT
      expires:
      - '-1'
      pragma:
      - no-cache
      server:
      - Microsoft-HTTPAPI/2.0
      - Microsoft-HTTPAPI/2.0
      strict-transport-security:
      - max-age=31536000; includeSubDomains
      transfer-encoding:
      - chunked
      vary:
      - Accept-Encoding
      x-content-type-options:
      - nosniff
      x-ms-ratelimit-remaining-resource:
      - Microsoft.Compute/GetOperation3Min;49992,Microsoft.Compute/GetOperation30Min;399972
    status:
      code: 200
      message: OK
- request:
    body: null
    headers:
      Accept:
      - '*/*'
      Accept-Encoding:
      - gzip, deflate
      CommandName:
      - snapshot create
      Connection:
      - keep-alive
      ParameterSetName:
      - -g -n --size-gb --edge-zone --sku
      User-Agent:
      - AZURECLI/2.45.0 azsdk-python-azure-mgmt-compute/29.1.0 Python/3.10.9 (Linux-5.15.0-1031-azure-x86_64-with-glibc2.31)
        VSTS_7b238909-6802-4b65-b90d-184bca47f458_build_220_0
    method: GET
    uri: https://management.azure.com/subscriptions/00000000-0000-0000-0000-000000000000/resourceGroups/cli_test_other_extended_location_000001/providers/Microsoft.Compute/snapshots/s1?api-version=2022-03-02
  response:
    body:
      string: "{\r\n  \"name\": \"s1\",\r\n  \"id\": \"/subscriptions/00000000-0000-0000-0000-000000000000/resourceGroups/cli_test_other_extended_location_000001/providers/Microsoft.Compute/snapshots/s1\",\r\n
        \ \"type\": \"Microsoft.Compute/snapshots\",\r\n  \"location\": \"westus\",\r\n
        \ \"tags\": {},\r\n  \"extendedLocation\": {\r\n    \"type\": \"EdgeZone\",\r\n
        \   \"name\": \"microsoftlosangeles1\"\r\n  },\r\n  \"sku\": {\r\n    \"name\":
        \"Premium_LRS\",\r\n    \"tier\": \"Premium\"\r\n  },\r\n  \"properties\":
        {\r\n    \"hyperVGeneration\": \"V1\",\r\n    \"creationData\": {\r\n      \"createOption\":
        \"Empty\"\r\n    },\r\n    \"diskSizeGB\": 10,\r\n    \"encryption\": {\r\n
        \     \"type\": \"EncryptionAtRestWithPlatformKey\"\r\n    },\r\n    \"incremental\":
        false,\r\n    \"networkAccessPolicy\": \"AllowAll\",\r\n    \"publicNetworkAccess\":
        \"Enabled\",\r\n    \"timeCreated\": \"2023-02-08T05:25:23.0930973+00:00\",\r\n
        \   \"provisioningState\": \"Succeeded\",\r\n    \"diskState\": \"Unattached\",\r\n
        \   \"diskSizeBytes\": 10737418240,\r\n    \"uniqueId\": \"4d2a8de6-c5c5-4f7e-aad7-a85dabadda35\"\r\n
        \ }\r\n}"
    headers:
      cache-control:
      - no-cache
      content-length:
      - '967'
      content-type:
      - application/json; charset=utf-8
      date:
      - Wed, 08 Feb 2023 05:26:05 GMT
      expires:
      - '-1'
      pragma:
      - no-cache
      server:
      - Microsoft-HTTPAPI/2.0
      - Microsoft-HTTPAPI/2.0
      strict-transport-security:
      - max-age=31536000; includeSubDomains
      transfer-encoding:
      - chunked
      vary:
      - Accept-Encoding
      x-content-type-options:
      - nosniff
      x-ms-ratelimit-remaining-resource:
      - Microsoft.Compute/LowCostGet3Min;14988,Microsoft.Compute/LowCostGet30Min;119953
    status:
      code: 200
      message: OK
- request:
    body: null
    headers:
      Accept:
      - application/json
      Accept-Encoding:
      - gzip, deflate
      CommandName:
      - image create
      Connection:
      - keep-alive
      ParameterSetName:
      - -g -n --os-type --source --edge-zone
      User-Agent:
      - AZURECLI/2.45.0 azsdk-python-azure-mgmt-compute/29.1.0 Python/3.10.9 (Linux-5.15.0-1031-azure-x86_64-with-glibc2.31)
        VSTS_7b238909-6802-4b65-b90d-184bca47f458_build_220_0
    method: GET
    uri: https://management.azure.com/subscriptions/00000000-0000-0000-0000-000000000000/resourceGroups/cli_test_other_extended_location_000001/providers/Microsoft.Compute/virtualMachines/d1?api-version=2022-11-01
  response:
    body:
      string: '{"error":{"code":"ResourceNotFound","message":"The Resource ''Microsoft.Compute/virtualMachines/d1''
        under resource group ''cli_test_other_extended_location_000001'' was not found.
        For more details please go to https://aka.ms/ARMResourceNotFoundFix"}}'
    headers:
      cache-control:
      - no-cache
      content-length:
      - '247'
      content-type:
      - application/json; charset=utf-8
      date:
      - Wed, 08 Feb 2023 05:26:06 GMT
      expires:
      - '-1'
      pragma:
      - no-cache
      strict-transport-security:
      - max-age=31536000; includeSubDomains
      x-content-type-options:
      - nosniff
      x-ms-failure-cause:
      - gateway
    status:
      code: 404
      message: Not Found
- request:
    body: null
    headers:
      Accept:
      - application/json
      Accept-Encoding:
      - gzip, deflate
      CommandName:
      - image create
      Connection:
      - keep-alive
      ParameterSetName:
      - -g -n --os-type --source --edge-zone
      User-Agent:
      - AZURECLI/2.45.0 azsdk-python-azure-mgmt-compute/29.1.0 Python/3.10.9 (Linux-5.15.0-1031-azure-x86_64-with-glibc2.31)
        VSTS_7b238909-6802-4b65-b90d-184bca47f458_build_220_0
    method: GET
    uri: https://management.azure.com/subscriptions/00000000-0000-0000-0000-000000000000/resourceGroups/cli_test_other_extended_location_000001/providers/Microsoft.Compute/snapshots/d1?api-version=2022-03-02
  response:
    body:
      string: '{"error":{"code":"ResourceNotFound","message":"The Resource ''Microsoft.Compute/snapshots/d1''
        under resource group ''cli_test_other_extended_location_000001'' was not found.
        For more details please go to https://aka.ms/ARMResourceNotFoundFix"}}'
    headers:
      cache-control:
      - no-cache
      content-length:
      - '241'
      content-type:
      - application/json; charset=utf-8
      date:
      - Wed, 08 Feb 2023 05:26:05 GMT
      expires:
      - '-1'
      pragma:
      - no-cache
      strict-transport-security:
      - max-age=31536000; includeSubDomains
      x-content-type-options:
      - nosniff
      x-ms-failure-cause:
      - gateway
    status:
      code: 404
      message: Not Found
- request:
    body: null
    headers:
      Accept:
      - application/json
      Accept-Encoding:
      - gzip, deflate
      CommandName:
      - image create
      Connection:
      - keep-alive
      ParameterSetName:
      - -g -n --os-type --source --edge-zone
      User-Agent:
      - AZURECLI/2.45.0 azsdk-python-azure-mgmt-compute/29.1.0 Python/3.10.9 (Linux-5.15.0-1031-azure-x86_64-with-glibc2.31)
        VSTS_7b238909-6802-4b65-b90d-184bca47f458_build_220_0
    method: GET
    uri: https://management.azure.com/subscriptions/00000000-0000-0000-0000-000000000000/resourceGroups/cli_test_other_extended_location_000001/providers/Microsoft.Compute/disks/d1?api-version=2022-07-02
  response:
    body:
      string: "{\r\n  \"name\": \"d1\",\r\n  \"id\": \"/subscriptions/00000000-0000-0000-0000-000000000000/resourceGroups/cli_test_other_extended_location_000001/providers/Microsoft.Compute/disks/d1\",\r\n
        \ \"type\": \"Microsoft.Compute/disks\",\r\n  \"location\": \"westus\",\r\n
        \ \"tags\": {},\r\n  \"extendedLocation\": {\r\n    \"type\": \"EdgeZone\",\r\n
        \   \"name\": \"microsoftlosangeles1\"\r\n  },\r\n  \"sku\": {\r\n    \"name\":
        \"Premium_LRS\",\r\n    \"tier\": \"Premium\"\r\n  },\r\n  \"properties\":
        {\r\n    \"hyperVGeneration\": \"V1\",\r\n    \"creationData\": {\r\n      \"createOption\":
        \"Empty\"\r\n    },\r\n    \"diskSizeGB\": 10,\r\n    \"diskIOPSReadWrite\":
        120,\r\n    \"diskMBpsReadWrite\": 25,\r\n    \"encryption\": {\r\n      \"type\":
        \"EncryptionAtRestWithPlatformKey\"\r\n    },\r\n    \"networkAccessPolicy\":
        \"AllowAll\",\r\n    \"publicNetworkAccess\": \"Enabled\",\r\n    \"timeCreated\":
        \"2023-02-08T05:25:18.5927435+00:00\",\r\n    \"provisioningState\": \"Succeeded\",\r\n
        \   \"diskState\": \"Unattached\",\r\n    \"diskSizeBytes\": 10737418240,\r\n
        \   \"uniqueId\": \"4f2b2065-c645-4c3e-8c7c-6a672aa73c37\",\r\n    \"tier\":
        \"P3\"\r\n  }\r\n}"
    headers:
      cache-control:
      - no-cache
      content-length:
      - '1012'
      content-type:
      - application/json; charset=utf-8
      date:
      - Wed, 08 Feb 2023 05:26:06 GMT
      expires:
      - '-1'
      pragma:
      - no-cache
      server:
      - Microsoft-HTTPAPI/2.0
      - Microsoft-HTTPAPI/2.0
      strict-transport-security:
      - max-age=31536000; includeSubDomains
      transfer-encoding:
      - chunked
      vary:
      - Accept-Encoding
      x-content-type-options:
      - nosniff
      x-ms-ratelimit-remaining-resource:
      - Microsoft.Compute/LowCostGet3Min;14987,Microsoft.Compute/LowCostGet30Min;119952
    status:
      code: 200
      message: OK
- request:
    body: null
    headers:
      Accept:
      - application/json
      Accept-Encoding:
      - gzip, deflate
      CommandName:
      - image create
      Connection:
      - keep-alive
      ParameterSetName:
      - -g -n --os-type --source --edge-zone
      User-Agent:
      - AZURECLI/2.45.0 azsdk-python-azure-mgmt-resource/22.0.0 Python/3.10.9 (Linux-5.15.0-1031-azure-x86_64-with-glibc2.31)
        VSTS_7b238909-6802-4b65-b90d-184bca47f458_build_220_0
    method: GET
    uri: https://management.azure.com/subscriptions/00000000-0000-0000-0000-000000000000/resourcegroups/cli_test_other_extended_location_000001?api-version=2022-09-01
  response:
    body:
      string: '{"id":"/subscriptions/00000000-0000-0000-0000-000000000000/resourceGroups/cli_test_other_extended_location_000001","name":"cli_test_other_extended_location_000001","type":"Microsoft.Resources/resourceGroups","location":"westus","tags":{"product":"azurecli","cause":"automation","date":"2023-02-08T05:25:14Z"},"properties":{"provisioningState":"Succeeded"}}'
    headers:
      cache-control:
      - no-cache
      content-length:
      - '356'
      content-type:
      - application/json; charset=utf-8
      date:
      - Wed, 08 Feb 2023 05:26:06 GMT
      expires:
      - '-1'
      pragma:
      - no-cache
      strict-transport-security:
      - max-age=31536000; includeSubDomains
      vary:
      - Accept-Encoding
      x-content-type-options:
      - nosniff
    status:
      code: 200
      message: OK
- request:
    body: '{"location": "westus", "tags": {}, "extendedLocation": {"name": "microsoftlosangeles1",
      "type": "EdgeZone"}, "properties": {"storageProfile": {"osDisk": {"managedDisk":
      {"id": "/subscriptions/00000000-0000-0000-0000-000000000000/resourceGroups/cli_test_other_extended_location_000001/providers/Microsoft.Compute/disks/d1"},
      "osType": "Linux", "osState": "Generalized"}, "dataDisks": []}, "hyperVGeneration":
      "V1"}}'
    headers:
      Accept:
      - application/json
      Accept-Encoding:
      - gzip, deflate
      CommandName:
      - image create
      Connection:
      - keep-alive
      Content-Length:
      - '414'
      Content-Type:
      - application/json
      ParameterSetName:
      - -g -n --os-type --source --edge-zone
      User-Agent:
      - AZURECLI/2.45.0 azsdk-python-azure-mgmt-compute/29.1.0 Python/3.10.9 (Linux-5.15.0-1031-azure-x86_64-with-glibc2.31)
        VSTS_7b238909-6802-4b65-b90d-184bca47f458_build_220_0
    method: PUT
    uri: https://management.azure.com/subscriptions/00000000-0000-0000-0000-000000000000/resourceGroups/cli_test_other_extended_location_000001/providers/Microsoft.Compute/images/image?api-version=2022-11-01
  response:
    body:
      string: "{\r\n  \"name\": \"image\",\r\n  \"id\": \"/subscriptions/00000000-0000-0000-0000-000000000000/resourceGroups/cli_test_other_extended_location_000001/providers/Microsoft.Compute/images/image\",\r\n
        \ \"type\": \"Microsoft.Compute/images\",\r\n  \"location\": \"westus\",\r\n
        \ \"tags\": {},\r\n  \"properties\": {\r\n    \"storageProfile\": {\r\n      \"osDisk\":
        {\r\n        \"osType\": \"Linux\",\r\n        \"osState\": \"Generalized\",\r\n
        \       \"managedDisk\": {\r\n          \"id\": \"/subscriptions/00000000-0000-0000-0000-000000000000/resourceGroups/cli_test_other_extended_location_000001/providers/Microsoft.Compute/disks/d1\"\r\n
        \       },\r\n        \"caching\": \"None\",\r\n        \"storageAccountType\":
        \"Standard_LRS\"\r\n      },\r\n      \"dataDisks\": []\r\n    },\r\n    \"provisioningState\":
        \"Creating\",\r\n    \"hyperVGeneration\": \"V1\"\r\n  },\r\n  \"extendedLocation\":
        {\r\n    \"type\": \"EdgeZone\",\r\n    \"name\": \"microsoftlosangeles1\"\r\n
        \ }\r\n}"
    headers:
      azure-asyncnotification:
      - Enabled
      azure-asyncoperation:
      - https://management.azure.com/subscriptions/00000000-0000-0000-0000-000000000000/providers/Microsoft.Compute/locations/westus/operations/ff447dd2-ce69-4f6b-bd62-7d2d6de1ea04?p=571046f6-b640-41c1-86f7-f9f044b5adf9&api-version=2022-11-01
      cache-control:
      - no-cache
      content-length:
      - '870'
      content-type:
      - application/json; charset=utf-8
      date:
      - Wed, 08 Feb 2023 05:26:08 GMT
      expires:
      - '-1'
      pragma:
      - no-cache
      server:
      - Microsoft-HTTPAPI/2.0
      - Microsoft-HTTPAPI/2.0
      strict-transport-security:
      - max-age=31536000; includeSubDomains
      x-content-type-options:
      - nosniff
      x-ms-ratelimit-remaining-resource:
      - Microsoft.Compute/CreateImages3Min;39,Microsoft.Compute/CreateImages30Min;199
      x-ms-ratelimit-remaining-subscription-writes:
      - '1199'
    status:
      code: 201
      message: Created
- request:
    body: null
    headers:
      Accept:
      - '*/*'
      Accept-Encoding:
      - gzip, deflate
      CommandName:
      - image create
      Connection:
      - keep-alive
      ParameterSetName:
      - -g -n --os-type --source --edge-zone
      User-Agent:
      - AZURECLI/2.45.0 azsdk-python-azure-mgmt-compute/29.1.0 Python/3.10.9 (Linux-5.15.0-1031-azure-x86_64-with-glibc2.31)
        VSTS_7b238909-6802-4b65-b90d-184bca47f458_build_220_0
    method: GET
    uri: https://management.azure.com/subscriptions/00000000-0000-0000-0000-000000000000/providers/Microsoft.Compute/locations/westus/operations/ff447dd2-ce69-4f6b-bd62-7d2d6de1ea04?p=571046f6-b640-41c1-86f7-f9f044b5adf9&api-version=2022-11-01
  response:
    body:
      string: "{\r\n  \"startTime\": \"2023-02-08T05:26:08.7410442+00:00\",\r\n  \"endTime\":
        \"2023-02-08T05:26:38.9288832+00:00\",\r\n  \"status\": \"Succeeded\",\r\n
        \ \"name\": \"ff447dd2-ce69-4f6b-bd62-7d2d6de1ea04\"\r\n}"
    headers:
      cache-control:
      - no-cache
      content-length:
      - '184'
      content-type:
      - application/json; charset=utf-8
      date:
      - Wed, 08 Feb 2023 05:26:38 GMT
      expires:
      - '-1'
      pragma:
      - no-cache
      server:
      - Microsoft-HTTPAPI/2.0
      - Microsoft-HTTPAPI/2.0
      strict-transport-security:
      - max-age=31536000; includeSubDomains
      transfer-encoding:
      - chunked
      vary:
      - Accept-Encoding
      x-content-type-options:
      - nosniff
      x-ms-ratelimit-remaining-resource:
      - Microsoft.Compute/GetOperation3Min;14989,Microsoft.Compute/GetOperation30Min;29950
    status:
      code: 200
      message: OK
- request:
    body: null
    headers:
      Accept:
      - '*/*'
      Accept-Encoding:
      - gzip, deflate
      CommandName:
      - image create
      Connection:
      - keep-alive
      ParameterSetName:
      - -g -n --os-type --source --edge-zone
      User-Agent:
      - AZURECLI/2.45.0 azsdk-python-azure-mgmt-compute/29.1.0 Python/3.10.9 (Linux-5.15.0-1031-azure-x86_64-with-glibc2.31)
        VSTS_7b238909-6802-4b65-b90d-184bca47f458_build_220_0
    method: GET
    uri: https://management.azure.com/subscriptions/00000000-0000-0000-0000-000000000000/resourceGroups/cli_test_other_extended_location_000001/providers/Microsoft.Compute/images/image?api-version=2022-11-01
  response:
    body:
      string: "{\r\n  \"name\": \"image\",\r\n  \"id\": \"/subscriptions/00000000-0000-0000-0000-000000000000/resourceGroups/cli_test_other_extended_location_000001/providers/Microsoft.Compute/images/image\",\r\n
        \ \"type\": \"Microsoft.Compute/images\",\r\n  \"location\": \"westus\",\r\n
        \ \"tags\": {},\r\n  \"properties\": {\r\n    \"storageProfile\": {\r\n      \"osDisk\":
        {\r\n        \"osType\": \"Linux\",\r\n        \"osState\": \"Generalized\",\r\n
        \       \"diskSizeGB\": 10,\r\n        \"managedDisk\": {\r\n          \"id\":
        \"/subscriptions/00000000-0000-0000-0000-000000000000/resourceGroups/cli_test_other_extended_location_000001/providers/Microsoft.Compute/disks/d1\"\r\n
        \       },\r\n        \"caching\": \"None\",\r\n        \"storageAccountType\":
        \"Standard_LRS\"\r\n      },\r\n      \"dataDisks\": []\r\n    },\r\n    \"provisioningState\":
        \"Succeeded\",\r\n    \"hyperVGeneration\": \"V1\"\r\n  },\r\n  \"extendedLocation\":
        {\r\n    \"type\": \"EdgeZone\",\r\n    \"name\": \"microsoftlosangeles1\"\r\n
        \ }\r\n}"
    headers:
      cache-control:
      - no-cache
      content-length:
      - '898'
      content-type:
      - application/json; charset=utf-8
      date:
      - Wed, 08 Feb 2023 05:26:38 GMT
      expires:
      - '-1'
      pragma:
      - no-cache
      server:
      - Microsoft-HTTPAPI/2.0
      - Microsoft-HTTPAPI/2.0
      strict-transport-security:
      - max-age=31536000; includeSubDomains
      transfer-encoding:
      - chunked
      vary:
      - Accept-Encoding
      x-content-type-options:
      - nosniff
      x-ms-ratelimit-remaining-resource:
      - Microsoft.Compute/GetImages3Min;359,Microsoft.Compute/GetImages30Min;1799
    status:
      code: 200
      message: OK
version: 1
