interactions:
- request:
    body: null
    headers:
      Accept:
      - application/json
      Accept-Encoding:
      - gzip, deflate
      CommandName:
      - vm create
      Connection:
      - keep-alive
      ParameterSetName:
      - -g -n --image --security-type --admin-username --admin-password --nsg-rule
        --disable-integrity-monitoring
      User-Agent:
      - AZURECLI/2.46.0 azsdk-python-azure-mgmt-resource/22.0.0 Python/3.10.9 (Windows-10-10.0.22621-SP0)
    method: GET
    uri: https://management.azure.com/subscriptions/00000000-0000-0000-0000-000000000000/resourcegroups/cli_test_vm_trusted_launch_update_000001?api-version=2022-09-01
  response:
    body:
      string: '{"id":"/subscriptions/00000000-0000-0000-0000-000000000000/resourceGroups/cli_test_vm_trusted_launch_update_000001","name":"cli_test_vm_trusted_launch_update_000001","type":"Microsoft.Resources/resourceGroups","location":"southcentralus","tags":{"product":"azurecli","cause":"automation","date":"2023-03-15T09:15:15Z","StorageType":"Standard_LRS","type":"test"},"properties":{"provisioningState":"Succeeded"}}'
    headers:
      cache-control:
      - no-cache
      content-length:
      - '409'
      content-type:
      - application/json; charset=utf-8
      date:
      - Wed, 15 Mar 2023 09:15:19 GMT
      expires:
      - '-1'
      pragma:
      - no-cache
      strict-transport-security:
      - max-age=31536000; includeSubDomains
      vary:
      - Accept-Encoding
      x-content-type-options:
      - nosniff
    status:
      code: 200
      message: OK
- request:
    body: null
    headers:
      Accept:
      - application/json
      Accept-Encoding:
      - gzip, deflate
      CommandName:
      - vm create
      Connection:
      - keep-alive
      ParameterSetName:
      - -g -n --image --security-type --admin-username --admin-password --nsg-rule
        --disable-integrity-monitoring
      User-Agent:
      - AZURECLI/2.46.0 azsdk-python-azure-mgmt-compute/29.1.0 Python/3.10.9 (Windows-10-10.0.22621-SP0)
    method: GET
    uri: https://management.azure.com/subscriptions/00000000-0000-0000-0000-000000000000/providers/Microsoft.Compute/locations/southcentralus/publishers/canonical/artifacttypes/vmimage/offers/0001-com-ubuntu-server-focal/skus/20_04-lts-gen2/versions?$top=1&$orderby=name%20desc&api-version=2022-11-01
  response:
    body:
      string: "[\r\n  {\r\n    \"location\": \"southcentralus\",\r\n    \"name\":\
        \ \"20.04.202303020\",\r\n    \"id\": \"/Subscriptions/00000000-0000-0000-0000-000000000000/Providers/Microsoft.Compute/Locations/southcentralus/Publishers/canonical/ArtifactTypes/VMImage/Offers/0001-com-ubuntu-server-focal/Skus/20_04-lts-gen2/Versions/20.04.202303020\"\
        \r\n  }\r\n]"
    headers:
      cache-control:
      - no-cache
      content-length:
      - '323'
      content-type:
      - application/json; charset=utf-8
      date:
      - Wed, 15 Mar 2023 09:15:20 GMT
      expires:
      - '-1'
      pragma:
      - no-cache
      server:
      - Microsoft-HTTPAPI/2.0
      - Microsoft-HTTPAPI/2.0
      strict-transport-security:
      - max-age=31536000; includeSubDomains
      transfer-encoding:
      - chunked
      vary:
      - Accept-Encoding
      x-content-type-options:
      - nosniff
      x-ms-ratelimit-remaining-resource:
      - Microsoft.Compute/ListVMImagesVersionsFromLocation3Min;15999,Microsoft.Compute/ListVMImagesVersionsFromLocation30Min;43994
    status:
      code: 200
      message: OK
- request:
    body: null
    headers:
      Accept:
      - application/json
      Accept-Encoding:
      - gzip, deflate
      CommandName:
      - vm create
      Connection:
      - keep-alive
      ParameterSetName:
      - -g -n --image --security-type --admin-username --admin-password --nsg-rule
        --disable-integrity-monitoring
      User-Agent:
      - AZURECLI/2.46.0 azsdk-python-azure-mgmt-compute/29.1.0 Python/3.10.9 (Windows-10-10.0.22621-SP0)
    method: GET
    uri: https://management.azure.com/subscriptions/00000000-0000-0000-0000-000000000000/providers/Microsoft.Compute/locations/southcentralus/publishers/canonical/artifacttypes/vmimage/offers/0001-com-ubuntu-server-focal/skus/20_04-lts-gen2/versions/20.04.202303020?api-version=2022-11-01
  response:
    body:
      string: "{\r\n  \"properties\": {\r\n    \"hyperVGeneration\": \"V2\",\r\n \
        \   \"architecture\": \"x64\",\r\n    \"replicaType\": \"Managed\",\r\n  \
        \  \"replicaCount\": 10,\r\n    \"disallowed\": {\r\n      \"vmDiskType\"\
        : \"Unmanaged\"\r\n    },\r\n    \"automaticOSUpgradeProperties\": {\r\n \
        \     \"automaticOSUpgradeSupported\": false\r\n    },\r\n    \"imageDeprecationStatus\"\
        : {\r\n      \"imageState\": \"Active\"\r\n    },\r\n    \"features\": [\r\
        \n      {\r\n        \"name\": \"SecurityType\",\r\n        \"value\": \"\
        TrustedLaunchSupported\"\r\n      },\r\n      {\r\n        \"name\": \"IsAcceleratedNetworkSupported\"\
        ,\r\n        \"value\": \"True\"\r\n      },\r\n      {\r\n        \"name\"\
        : \"DiskControllerTypes\",\r\n        \"value\": \"SCSI, NVMe\"\r\n      },\r\
        \n      {\r\n        \"name\": \"IsHibernateSupported\",\r\n        \"value\"\
        : \"True\"\r\n      }\r\n    ],\r\n    \"osDiskImage\": {\r\n      \"operatingSystem\"\
        : \"Linux\",\r\n      \"sizeInGb\": 30\r\n    },\r\n    \"dataDiskImages\"\
        : []\r\n  },\r\n  \"location\": \"southcentralus\",\r\n  \"name\": \"20.04.202303020\"\
        ,\r\n  \"id\": \"/Subscriptions/00000000-0000-0000-0000-000000000000/Providers/Microsoft.Compute/Locations/southcentralus/Publishers/canonical/ArtifactTypes/VMImage/Offers/0001-com-ubuntu-server-focal/Skus/20_04-lts-gen2/Versions/20.04.202303020\"\
        \r\n}"
    headers:
      cache-control:
      - no-cache
      content-length:
      - '1174'
      content-type:
      - application/json; charset=utf-8
      date:
      - Wed, 15 Mar 2023 09:15:21 GMT
      expires:
      - '-1'
      pragma:
      - no-cache
      server:
      - Microsoft-HTTPAPI/2.0
      - Microsoft-HTTPAPI/2.0
      strict-transport-security:
      - max-age=31536000; includeSubDomains
      transfer-encoding:
      - chunked
      vary:
      - Accept-Encoding
      x-content-type-options:
      - nosniff
      x-ms-ratelimit-remaining-resource:
      - Microsoft.Compute/GetVMImageFromLocation3Min;12999,Microsoft.Compute/GetVMImageFromLocation30Min;73993
    status:
      code: 200
      message: OK
- request:
    body: null
    headers:
      Accept:
      - application/json
      Accept-Encoding:
      - gzip, deflate
      CommandName:
      - vm create
      Connection:
      - keep-alive
      ParameterSetName:
      - -g -n --image --security-type --admin-username --admin-password --nsg-rule
        --disable-integrity-monitoring
      User-Agent:
      - AZURECLI/2.46.0 azsdk-python-azure-mgmt-network/21.0.1 Python/3.10.9 (Windows-10-10.0.22621-SP0)
    method: GET
    uri: https://management.azure.com/subscriptions/00000000-0000-0000-0000-000000000000/resourceGroups/cli_test_vm_trusted_launch_update_000001/providers/Microsoft.Network/virtualNetworks?api-version=2022-01-01
  response:
    body:
      string: '{"value":[]}'
    headers:
      cache-control:
      - no-cache
      content-length:
      - '12'
      content-type:
      - application/json; charset=utf-8
      date:
      - Wed, 15 Mar 2023 09:15:21 GMT
      expires:
      - '-1'
      pragma:
      - no-cache
      strict-transport-security:
      - max-age=31536000; includeSubDomains
      vary:
      - Accept-Encoding
      x-content-type-options:
      - nosniff
    status:
      code: 200
      message: OK
- request:
    body: null
    headers:
      Accept:
      - application/json
      Accept-Encoding:
      - gzip, deflate
      CommandName:
      - vm create
      Connection:
      - keep-alive
      ParameterSetName:
      - -g -n --image --security-type --admin-username --admin-password --nsg-rule
        --disable-integrity-monitoring
      User-Agent:
      - AZURECLI/2.46.0 azsdk-python-azure-mgmt-compute/29.1.0 Python/3.10.9 (Windows-10-10.0.22621-SP0)
    method: GET
    uri: https://management.azure.com/subscriptions/00000000-0000-0000-0000-000000000000/providers/Microsoft.Compute/locations/southcentralus/publishers/canonical/artifacttypes/vmimage/offers/0001-com-ubuntu-server-focal/skus/20_04-lts-gen2/versions?$top=1&$orderby=name%20desc&api-version=2022-11-01
  response:
    body:
      string: "[\r\n  {\r\n    \"location\": \"southcentralus\",\r\n    \"name\":\
        \ \"20.04.202303020\",\r\n    \"id\": \"/Subscriptions/00000000-0000-0000-0000-000000000000/Providers/Microsoft.Compute/Locations/southcentralus/Publishers/canonical/ArtifactTypes/VMImage/Offers/0001-com-ubuntu-server-focal/Skus/20_04-lts-gen2/Versions/20.04.202303020\"\
        \r\n  }\r\n]"
    headers:
      cache-control:
      - no-cache
      content-length:
      - '323'
      content-type:
      - application/json; charset=utf-8
      date:
      - Wed, 15 Mar 2023 09:15:22 GMT
      expires:
      - '-1'
      pragma:
      - no-cache
      server:
      - Microsoft-HTTPAPI/2.0
      - Microsoft-HTTPAPI/2.0
      strict-transport-security:
      - max-age=31536000; includeSubDomains
      transfer-encoding:
      - chunked
      vary:
      - Accept-Encoding
      x-content-type-options:
      - nosniff
      x-ms-ratelimit-remaining-resource:
      - Microsoft.Compute/ListVMImagesVersionsFromLocation3Min;15998,Microsoft.Compute/ListVMImagesVersionsFromLocation30Min;43993
    status:
      code: 200
      message: OK
- request:
    body: null
    headers:
      Accept:
      - application/json
      Accept-Encoding:
      - gzip, deflate
      CommandName:
      - vm create
      Connection:
      - keep-alive
      ParameterSetName:
      - -g -n --image --security-type --admin-username --admin-password --nsg-rule
        --disable-integrity-monitoring
      User-Agent:
      - AZURECLI/2.46.0 azsdk-python-azure-mgmt-compute/29.1.0 Python/3.10.9 (Windows-10-10.0.22621-SP0)
    method: GET
    uri: https://management.azure.com/subscriptions/00000000-0000-0000-0000-000000000000/providers/Microsoft.Compute/locations/southcentralus/publishers/canonical/artifacttypes/vmimage/offers/0001-com-ubuntu-server-focal/skus/20_04-lts-gen2/versions/20.04.202303020?api-version=2022-11-01
  response:
    body:
      string: "{\r\n  \"properties\": {\r\n    \"hyperVGeneration\": \"V2\",\r\n \
        \   \"architecture\": \"x64\",\r\n    \"replicaType\": \"Managed\",\r\n  \
        \  \"replicaCount\": 10,\r\n    \"disallowed\": {\r\n      \"vmDiskType\"\
        : \"Unmanaged\"\r\n    },\r\n    \"automaticOSUpgradeProperties\": {\r\n \
        \     \"automaticOSUpgradeSupported\": false\r\n    },\r\n    \"imageDeprecationStatus\"\
        : {\r\n      \"imageState\": \"Active\"\r\n    },\r\n    \"features\": [\r\
        \n      {\r\n        \"name\": \"SecurityType\",\r\n        \"value\": \"\
        TrustedLaunchSupported\"\r\n      },\r\n      {\r\n        \"name\": \"IsAcceleratedNetworkSupported\"\
        ,\r\n        \"value\": \"True\"\r\n      },\r\n      {\r\n        \"name\"\
        : \"DiskControllerTypes\",\r\n        \"value\": \"SCSI, NVMe\"\r\n      },\r\
        \n      {\r\n        \"name\": \"IsHibernateSupported\",\r\n        \"value\"\
        : \"True\"\r\n      }\r\n    ],\r\n    \"osDiskImage\": {\r\n      \"operatingSystem\"\
        : \"Linux\",\r\n      \"sizeInGb\": 30\r\n    },\r\n    \"dataDiskImages\"\
        : []\r\n  },\r\n  \"location\": \"southcentralus\",\r\n  \"name\": \"20.04.202303020\"\
        ,\r\n  \"id\": \"/Subscriptions/00000000-0000-0000-0000-000000000000/Providers/Microsoft.Compute/Locations/southcentralus/Publishers/canonical/ArtifactTypes/VMImage/Offers/0001-com-ubuntu-server-focal/Skus/20_04-lts-gen2/Versions/20.04.202303020\"\
        \r\n}"
    headers:
      cache-control:
      - no-cache
      content-length:
      - '1174'
      content-type:
      - application/json; charset=utf-8
      date:
      - Wed, 15 Mar 2023 09:15:24 GMT
      expires:
      - '-1'
      pragma:
      - no-cache
      server:
      - Microsoft-HTTPAPI/2.0
      - Microsoft-HTTPAPI/2.0
      strict-transport-security:
      - max-age=31536000; includeSubDomains
      transfer-encoding:
      - chunked
      vary:
      - Accept-Encoding
      x-content-type-options:
      - nosniff
      x-ms-ratelimit-remaining-resource:
      - Microsoft.Compute/GetVMImageFromLocation3Min;12998,Microsoft.Compute/GetVMImageFromLocation30Min;73992
    status:
      code: 200
      message: OK
- request:
    body: null
    headers:
      Accept:
      - application/json
      Accept-Encoding:
      - gzip, deflate
      CommandName:
      - vm create
      Connection:
      - keep-alive
      ParameterSetName:
      - -g -n --image --security-type --admin-username --admin-password --nsg-rule
        --disable-integrity-monitoring
      User-Agent:
      - AZURECLI/2.46.0 azsdk-python-azure-mgmt-compute/29.1.0 Python/3.10.9 (Windows-10-10.0.22621-SP0)
    method: GET
    uri: https://management.azure.com/subscriptions/00000000-0000-0000-0000-000000000000/providers/Microsoft.Compute/locations/southcentralus/publishers/canonical/artifacttypes/vmimage/offers/0001-com-ubuntu-server-focal/skus/20_04-lts-gen2/versions?$top=1&$orderby=name%20desc&api-version=2022-11-01
  response:
    body:
      string: "[\r\n  {\r\n    \"location\": \"southcentralus\",\r\n    \"name\":\
        \ \"20.04.202303020\",\r\n    \"id\": \"/Subscriptions/00000000-0000-0000-0000-000000000000/Providers/Microsoft.Compute/Locations/southcentralus/Publishers/canonical/ArtifactTypes/VMImage/Offers/0001-com-ubuntu-server-focal/Skus/20_04-lts-gen2/Versions/20.04.202303020\"\
        \r\n  }\r\n]"
    headers:
      cache-control:
      - no-cache
      content-length:
      - '323'
      content-type:
      - application/json; charset=utf-8
      date:
      - Wed, 15 Mar 2023 09:15:27 GMT
      expires:
      - '-1'
      pragma:
      - no-cache
      server:
      - Microsoft-HTTPAPI/2.0
      - Microsoft-HTTPAPI/2.0
      strict-transport-security:
      - max-age=31536000; includeSubDomains
      transfer-encoding:
      - chunked
      vary:
      - Accept-Encoding
      x-content-type-options:
      - nosniff
      x-ms-ratelimit-remaining-resource:
      - Microsoft.Compute/ListVMImagesVersionsFromLocation3Min;15997,Microsoft.Compute/ListVMImagesVersionsFromLocation30Min;43992
    status:
      code: 200
      message: OK
- request:
    body: null
    headers:
      Accept:
      - application/json
      Accept-Encoding:
      - gzip, deflate
      CommandName:
      - vm create
      Connection:
      - keep-alive
      ParameterSetName:
      - -g -n --image --security-type --admin-username --admin-password --nsg-rule
        --disable-integrity-monitoring
      User-Agent:
      - AZURECLI/2.46.0 azsdk-python-azure-mgmt-compute/29.1.0 Python/3.10.9 (Windows-10-10.0.22621-SP0)
    method: GET
    uri: https://management.azure.com/subscriptions/00000000-0000-0000-0000-000000000000/providers/Microsoft.Compute/locations/southcentralus/publishers/canonical/artifacttypes/vmimage/offers/0001-com-ubuntu-server-focal/skus/20_04-lts-gen2/versions/20.04.202303020?api-version=2022-11-01
  response:
    body:
      string: "{\r\n  \"properties\": {\r\n    \"hyperVGeneration\": \"V2\",\r\n \
        \   \"architecture\": \"x64\",\r\n    \"replicaType\": \"Managed\",\r\n  \
        \  \"replicaCount\": 10,\r\n    \"disallowed\": {\r\n      \"vmDiskType\"\
        : \"Unmanaged\"\r\n    },\r\n    \"automaticOSUpgradeProperties\": {\r\n \
        \     \"automaticOSUpgradeSupported\": false\r\n    },\r\n    \"imageDeprecationStatus\"\
        : {\r\n      \"imageState\": \"Active\"\r\n    },\r\n    \"features\": [\r\
        \n      {\r\n        \"name\": \"SecurityType\",\r\n        \"value\": \"\
        TrustedLaunchSupported\"\r\n      },\r\n      {\r\n        \"name\": \"IsAcceleratedNetworkSupported\"\
        ,\r\n        \"value\": \"True\"\r\n      },\r\n      {\r\n        \"name\"\
        : \"DiskControllerTypes\",\r\n        \"value\": \"SCSI, NVMe\"\r\n      },\r\
        \n      {\r\n        \"name\": \"IsHibernateSupported\",\r\n        \"value\"\
        : \"True\"\r\n      }\r\n    ],\r\n    \"osDiskImage\": {\r\n      \"operatingSystem\"\
        : \"Linux\",\r\n      \"sizeInGb\": 30\r\n    },\r\n    \"dataDiskImages\"\
        : []\r\n  },\r\n  \"location\": \"southcentralus\",\r\n  \"name\": \"20.04.202303020\"\
        ,\r\n  \"id\": \"/Subscriptions/00000000-0000-0000-0000-000000000000/Providers/Microsoft.Compute/Locations/southcentralus/Publishers/canonical/ArtifactTypes/VMImage/Offers/0001-com-ubuntu-server-focal/Skus/20_04-lts-gen2/Versions/20.04.202303020\"\
        \r\n}"
    headers:
      cache-control:
      - no-cache
      content-length:
      - '1174'
      content-type:
      - application/json; charset=utf-8
      date:
      - Wed, 15 Mar 2023 09:15:28 GMT
      expires:
      - '-1'
      pragma:
      - no-cache
      server:
      - Microsoft-HTTPAPI/2.0
      - Microsoft-HTTPAPI/2.0
      strict-transport-security:
      - max-age=31536000; includeSubDomains
      transfer-encoding:
      - chunked
      vary:
      - Accept-Encoding
      x-content-type-options:
      - nosniff
      x-ms-ratelimit-remaining-resource:
      - Microsoft.Compute/GetVMImageFromLocation3Min;12997,Microsoft.Compute/GetVMImageFromLocation30Min;73991
    status:
      code: 200
      message: OK
- request:
    body: '{"properties": {"template": {"$schema": "https://schema.management.azure.com/schemas/2015-01-01/deploymentTemplate.json#",
      "contentVersion": "1.0.0.0", "parameters": {"adminPassword": {"type": "securestring",
      "metadata": {"description": "Secure adminPassword"}}}, "variables": {}, "resources":
      [{"name": "vmVNET", "type": "Microsoft.Network/virtualNetworks", "location":
      "southcentralus", "apiVersion": "2015-06-15", "dependsOn": [], "tags": {}, "properties":
      {"addressSpace": {"addressPrefixes": ["10.0.0.0/16"]}, "subnets": [{"name":
      "vmSubnet", "properties": {"addressPrefix": "10.0.0.0/24"}}]}}, {"type": "Microsoft.Network/networkSecurityGroups",
      "name": "vmNSG", "apiVersion": "2015-06-15", "location": "southcentralus", "tags":
      {}, "dependsOn": []}, {"apiVersion": "2022-01-01", "type": "Microsoft.Network/publicIPAddresses",
      "name": "vmPublicIP", "location": "southcentralus", "tags": {}, "dependsOn":
      [], "properties": {"publicIPAllocationMethod": null}}, {"apiVersion": "2015-06-15",
      "type": "Microsoft.Network/networkInterfaces", "name": "vmVMNic", "location":
      "southcentralus", "tags": {}, "dependsOn": ["Microsoft.Network/virtualNetworks/vmVNET",
      "Microsoft.Network/networkSecurityGroups/vmNSG", "Microsoft.Network/publicIpAddresses/vmPublicIP"],
      "properties": {"ipConfigurations": [{"name": "ipconfigvm", "properties": {"privateIPAllocationMethod":
      "Dynamic", "subnet": {"id": "/subscriptions/00000000-0000-0000-0000-000000000000/resourceGroups/cli_test_vm_trusted_launch_update_000001/providers/Microsoft.Network/virtualNetworks/vmVNET/subnets/vmSubnet"},
      "publicIPAddress": {"id": "/subscriptions/00000000-0000-0000-0000-000000000000/resourceGroups/cli_test_vm_trusted_launch_update_000001/providers/Microsoft.Network/publicIPAddresses/vmPublicIP"}}}],
      "networkSecurityGroup": {"id": "/subscriptions/00000000-0000-0000-0000-000000000000/resourceGroups/cli_test_vm_trusted_launch_update_000001/providers/Microsoft.Network/networkSecurityGroups/vmNSG"}}},
      {"apiVersion": "2022-11-01", "type": "Microsoft.Compute/virtualMachines", "name":
      "vm", "location": "southcentralus", "tags": {}, "dependsOn": ["Microsoft.Network/networkInterfaces/vmVMNic"],
      "properties": {"hardwareProfile": {"vmSize": "Standard_DS1_v2"}, "networkProfile":
      {"networkInterfaces": [{"id": "/subscriptions/00000000-0000-0000-0000-000000000000/resourceGroups/cli_test_vm_trusted_launch_update_000001/providers/Microsoft.Network/networkInterfaces/vmVMNic",
      "properties": {"deleteOption": null}}]}, "storageProfile": {"osDisk": {"createOption":
      "fromImage", "name": null, "caching": "ReadWrite", "managedDisk": {"storageAccountType":
      null}}, "imageReference": {"publisher": "canonical", "offer": "0001-com-ubuntu-server-focal",
      "sku": "20_04-lts-gen2", "version": "latest"}}, "osProfile": {"computerName":
      "vm", "adminUsername": "azureuser", "adminPassword": "[parameters(''adminPassword'')]"},
      "securityProfile": {"securityType": "TrustedLaunch", "uefiSettings": {"secureBootEnabled":
      true, "vTpmEnabled": true}}}}], "outputs": {}}, "parameters": {"adminPassword":
      {"value": "testPassword0"}}, "mode": "incremental"}}'
    headers:
      Accept:
      - application/json
      Accept-Encoding:
      - gzip, deflate
      CommandName:
      - vm create
      Connection:
      - keep-alive
      Content-Length:
      - '3098'
      Content-Type:
      - application/json
      ParameterSetName:
      - -g -n --image --security-type --admin-username --admin-password --nsg-rule
        --disable-integrity-monitoring
      User-Agent:
      - AZURECLI/2.46.0 azsdk-python-azure-mgmt-resource/22.0.0 Python/3.10.9 (Windows-10-10.0.22621-SP0)
    method: PUT
    uri: https://management.azure.com/subscriptions/00000000-0000-0000-0000-000000000000/resourcegroups/cli_test_vm_trusted_launch_update_000001/providers/Microsoft.Resources/deployments/mock-deployment?api-version=2022-09-01
  response:
    body:
      string: '{"id":"/subscriptions/00000000-0000-0000-0000-000000000000/resourceGroups/cli_test_vm_trusted_launch_update_000001/providers/Microsoft.Resources/deployments/vm_deploy_LQn61VDeN3H5gJI7VHW8ln7hGMCsUEWV","name":"vm_deploy_LQn61VDeN3H5gJI7VHW8ln7hGMCsUEWV","type":"Microsoft.Resources/deployments","properties":{"templateHash":"4039598136832491750","parameters":{"adminPassword":{"type":"SecureString"}},"mode":"Incremental","provisioningState":"Accepted","timestamp":"2023-03-15T09:15:34.4584405Z","duration":"PT0.0002902S","correlationId":"84831ec0-dc99-474a-8f2d-7aa7f987a358","providers":[{"namespace":"Microsoft.Network","resourceTypes":[{"resourceType":"virtualNetworks","locations":["southcentralus"]},{"resourceType":"networkSecurityGroups","locations":["southcentralus"]},{"resourceType":"publicIPAddresses","locations":["southcentralus"]},{"resourceType":"networkInterfaces","locations":["southcentralus"]}]},{"namespace":"Microsoft.Compute","resourceTypes":[{"resourceType":"virtualMachines","locations":["southcentralus"]}]}],"dependencies":[{"dependsOn":[{"id":"/subscriptions/00000000-0000-0000-0000-000000000000/resourceGroups/cli_test_vm_trusted_launch_update_000001/providers/Microsoft.Network/virtualNetworks/vmVNET","resourceType":"Microsoft.Network/virtualNetworks","resourceName":"vmVNET"},{"id":"/subscriptions/00000000-0000-0000-0000-000000000000/resourceGroups/cli_test_vm_trusted_launch_update_000001/providers/Microsoft.Network/networkSecurityGroups/vmNSG","resourceType":"Microsoft.Network/networkSecurityGroups","resourceName":"vmNSG"},{"id":"/subscriptions/00000000-0000-0000-0000-000000000000/resourceGroups/cli_test_vm_trusted_launch_update_000001/providers/Microsoft.Network/publicIPAddresses/vmPublicIP","resourceType":"Microsoft.Network/publicIPAddresses","resourceName":"vmPublicIP"}],"id":"/subscriptions/00000000-0000-0000-0000-000000000000/resourceGroups/cli_test_vm_trusted_launch_update_000001/providers/Microsoft.Network/networkInterfaces/vmVMNic","resourceType":"Microsoft.Network/networkInterfaces","resourceName":"vmVMNic"},{"dependsOn":[{"id":"/subscriptions/00000000-0000-0000-0000-000000000000/resourceGroups/cli_test_vm_trusted_launch_update_000001/providers/Microsoft.Network/networkInterfaces/vmVMNic","resourceType":"Microsoft.Network/networkInterfaces","resourceName":"vmVMNic"}],"id":"/subscriptions/00000000-0000-0000-0000-000000000000/resourceGroups/cli_test_vm_trusted_launch_update_000001/providers/Microsoft.Compute/virtualMachines/vm","resourceType":"Microsoft.Compute/virtualMachines","resourceName":"vm"}]}}'
    headers:
      azure-asyncoperation:
      - https://management.azure.com/subscriptions/00000000-0000-0000-0000-000000000000/resourcegroups/cli_test_vm_trusted_launch_update_000001/providers/Microsoft.Resources/deployments/vm_deploy_LQn61VDeN3H5gJI7VHW8ln7hGMCsUEWV/operationStatuses/08585227351541035039?api-version=2022-09-01
      cache-control:
      - no-cache
      content-length:
      - '2564'
      content-type:
      - application/json; charset=utf-8
      date:
      - Wed, 15 Mar 2023 09:15:36 GMT
      expires:
      - '-1'
      pragma:
      - no-cache
      strict-transport-security:
      - max-age=31536000; includeSubDomains
      x-content-type-options:
      - nosniff
      x-ms-ratelimit-remaining-subscription-writes:
      - '1193'
    status:
      code: 201
      message: Created
- request:
    body: null
    headers:
      Accept:
      - '*/*'
      Accept-Encoding:
      - gzip, deflate
      CommandName:
      - vm create
      Connection:
      - keep-alive
      ParameterSetName:
      - -g -n --image --security-type --admin-username --admin-password --nsg-rule
        --disable-integrity-monitoring
      User-Agent:
      - AZURECLI/2.46.0 azsdk-python-azure-mgmt-resource/22.0.0 Python/3.10.9 (Windows-10-10.0.22621-SP0)
    method: GET
    uri: https://management.azure.com/subscriptions/00000000-0000-0000-0000-000000000000/resourcegroups/cli_test_vm_trusted_launch_update_000001/providers/Microsoft.Resources/deployments/mock-deployment/operationStatuses/08585227351541035039?api-version=2022-09-01
  response:
    body:
      string: '{"status":"Running"}'
    headers:
      cache-control:
      - no-cache
      content-length:
      - '20'
      content-type:
      - application/json; charset=utf-8
      date:
      - Wed, 15 Mar 2023 09:16:06 GMT
      expires:
      - '-1'
      pragma:
      - no-cache
      strict-transport-security:
      - max-age=31536000; includeSubDomains
      vary:
      - Accept-Encoding
      x-content-type-options:
      - nosniff
    status:
      code: 200
      message: OK
- request:
    body: null
    headers:
      Accept:
      - '*/*'
      Accept-Encoding:
      - gzip, deflate
      CommandName:
      - vm create
      Connection:
      - keep-alive
      ParameterSetName:
      - -g -n --image --security-type --admin-username --admin-password --nsg-rule
        --disable-integrity-monitoring
      User-Agent:
      - AZURECLI/2.46.0 azsdk-python-azure-mgmt-resource/22.0.0 Python/3.10.9 (Windows-10-10.0.22621-SP0)
    method: GET
    uri: https://management.azure.com/subscriptions/00000000-0000-0000-0000-000000000000/resourcegroups/cli_test_vm_trusted_launch_update_000001/providers/Microsoft.Resources/deployments/mock-deployment/operationStatuses/08585227351541035039?api-version=2022-09-01
  response:
    body:
      string: '{"status":"Succeeded"}'
    headers:
      cache-control:
      - no-cache
      content-length:
      - '22'
      content-type:
      - application/json; charset=utf-8
      date:
      - Wed, 15 Mar 2023 09:16:36 GMT
      expires:
      - '-1'
      pragma:
      - no-cache
      strict-transport-security:
      - max-age=31536000; includeSubDomains
      vary:
      - Accept-Encoding
      x-content-type-options:
      - nosniff
    status:
      code: 200
      message: OK
- request:
    body: null
    headers:
      Accept:
      - '*/*'
      Accept-Encoding:
      - gzip, deflate
      CommandName:
      - vm create
      Connection:
      - keep-alive
      ParameterSetName:
      - -g -n --image --security-type --admin-username --admin-password --nsg-rule
        --disable-integrity-monitoring
      User-Agent:
      - AZURECLI/2.46.0 azsdk-python-azure-mgmt-resource/22.0.0 Python/3.10.9 (Windows-10-10.0.22621-SP0)
    method: GET
    uri: https://management.azure.com/subscriptions/00000000-0000-0000-0000-000000000000/resourcegroups/cli_test_vm_trusted_launch_update_000001/providers/Microsoft.Resources/deployments/mock-deployment?api-version=2022-09-01
  response:
    body:
      string: '{"id":"/subscriptions/00000000-0000-0000-0000-000000000000/resourceGroups/cli_test_vm_trusted_launch_update_000001/providers/Microsoft.Resources/deployments/vm_deploy_LQn61VDeN3H5gJI7VHW8ln7hGMCsUEWV","name":"vm_deploy_LQn61VDeN3H5gJI7VHW8ln7hGMCsUEWV","type":"Microsoft.Resources/deployments","properties":{"templateHash":"4039598136832491750","parameters":{"adminPassword":{"type":"SecureString"}},"mode":"Incremental","provisioningState":"Succeeded","timestamp":"2023-03-15T09:16:32.9878765Z","duration":"PT58.5297262S","correlationId":"84831ec0-dc99-474a-8f2d-7aa7f987a358","providers":[{"namespace":"Microsoft.Network","resourceTypes":[{"resourceType":"virtualNetworks","locations":["southcentralus"]},{"resourceType":"networkSecurityGroups","locations":["southcentralus"]},{"resourceType":"publicIPAddresses","locations":["southcentralus"]},{"resourceType":"networkInterfaces","locations":["southcentralus"]}]},{"namespace":"Microsoft.Compute","resourceTypes":[{"resourceType":"virtualMachines","locations":["southcentralus"]}]}],"dependencies":[{"dependsOn":[{"id":"/subscriptions/00000000-0000-0000-0000-000000000000/resourceGroups/cli_test_vm_trusted_launch_update_000001/providers/Microsoft.Network/virtualNetworks/vmVNET","resourceType":"Microsoft.Network/virtualNetworks","resourceName":"vmVNET"},{"id":"/subscriptions/00000000-0000-0000-0000-000000000000/resourceGroups/cli_test_vm_trusted_launch_update_000001/providers/Microsoft.Network/networkSecurityGroups/vmNSG","resourceType":"Microsoft.Network/networkSecurityGroups","resourceName":"vmNSG"},{"id":"/subscriptions/00000000-0000-0000-0000-000000000000/resourceGroups/cli_test_vm_trusted_launch_update_000001/providers/Microsoft.Network/publicIPAddresses/vmPublicIP","resourceType":"Microsoft.Network/publicIPAddresses","resourceName":"vmPublicIP"}],"id":"/subscriptions/00000000-0000-0000-0000-000000000000/resourceGroups/cli_test_vm_trusted_launch_update_000001/providers/Microsoft.Network/networkInterfaces/vmVMNic","resourceType":"Microsoft.Network/networkInterfaces","resourceName":"vmVMNic"},{"dependsOn":[{"id":"/subscriptions/00000000-0000-0000-0000-000000000000/resourceGroups/cli_test_vm_trusted_launch_update_000001/providers/Microsoft.Network/networkInterfaces/vmVMNic","resourceType":"Microsoft.Network/networkInterfaces","resourceName":"vmVMNic"}],"id":"/subscriptions/00000000-0000-0000-0000-000000000000/resourceGroups/cli_test_vm_trusted_launch_update_000001/providers/Microsoft.Compute/virtualMachines/vm","resourceType":"Microsoft.Compute/virtualMachines","resourceName":"vm"}],"outputs":{},"outputResources":[{"id":"/subscriptions/00000000-0000-0000-0000-000000000000/resourceGroups/cli_test_vm_trusted_launch_update_000001/providers/Microsoft.Compute/virtualMachines/vm"},{"id":"/subscriptions/00000000-0000-0000-0000-000000000000/resourceGroups/cli_test_vm_trusted_launch_update_000001/providers/Microsoft.Network/networkInterfaces/vmVMNic"},{"id":"/subscriptions/00000000-0000-0000-0000-000000000000/resourceGroups/cli_test_vm_trusted_launch_update_000001/providers/Microsoft.Network/networkSecurityGroups/vmNSG"},{"id":"/subscriptions/00000000-0000-0000-0000-000000000000/resourceGroups/cli_test_vm_trusted_launch_update_000001/providers/Microsoft.Network/publicIPAddresses/vmPublicIP"},{"id":"/subscriptions/00000000-0000-0000-0000-000000000000/resourceGroups/cli_test_vm_trusted_launch_update_000001/providers/Microsoft.Network/virtualNetworks/vmVNET"}]}}'
    headers:
      cache-control:
      - no-cache
      content-length:
      - '3449'
      content-type:
      - application/json; charset=utf-8
      date:
      - Wed, 15 Mar 2023 09:16:37 GMT
      expires:
      - '-1'
      pragma:
      - no-cache
      strict-transport-security:
      - max-age=31536000; includeSubDomains
      vary:
      - Accept-Encoding
      x-content-type-options:
      - nosniff
    status:
      code: 200
      message: OK
- request:
    body: null
    headers:
      Accept:
      - application/json
      Accept-Encoding:
      - gzip, deflate
      CommandName:
      - vm create
      Connection:
      - keep-alive
      ParameterSetName:
      - -g -n --image --security-type --admin-username --admin-password --nsg-rule
        --disable-integrity-monitoring
      User-Agent:
      - AZURECLI/2.46.0 azsdk-python-azure-mgmt-compute/29.1.0 Python/3.10.9 (Windows-10-10.0.22621-SP0)
    method: GET
    uri: https://management.azure.com/subscriptions/00000000-0000-0000-0000-000000000000/resourceGroups/cli_test_vm_trusted_launch_update_000001/providers/Microsoft.Compute/virtualMachines/vm?$expand=instanceView&api-version=2022-11-01
  response:
    body:
      string: "{\r\n  \"name\": \"vm\",\r\n  \"id\": \"/subscriptions/00000000-0000-0000-0000-000000000000/resourceGroups/cli_test_vm_trusted_launch_update_000001/providers/Microsoft.Compute/virtualMachines/vm\"\
        ,\r\n  \"type\": \"Microsoft.Compute/virtualMachines\",\r\n  \"location\"\
        : \"southcentralus\",\r\n  \"tags\": {},\r\n  \"properties\": {\r\n    \"\
        vmId\": \"3157e906-7614-4bb2-82fa-25b282d028fe\",\r\n    \"hardwareProfile\"\
        : {\r\n      \"vmSize\": \"Standard_DS1_v2\"\r\n    },\r\n    \"storageProfile\"\
        : {\r\n      \"imageReference\": {\r\n        \"publisher\": \"canonical\"\
        ,\r\n        \"offer\": \"0001-com-ubuntu-server-focal\",\r\n        \"sku\"\
        : \"20_04-lts-gen2\",\r\n        \"version\": \"latest\",\r\n        \"exactVersion\"\
        : \"20.04.202303020\"\r\n      },\r\n      \"osDisk\": {\r\n        \"osType\"\
        : \"Linux\",\r\n        \"name\": \"vm_OsDisk_1_f8ecb8f90fe6431497a7fbc3a245564c\"\
        ,\r\n        \"createOption\": \"FromImage\",\r\n        \"caching\": \"ReadWrite\"\
        ,\r\n        \"managedDisk\": {\r\n          \"storageAccountType\": \"Premium_LRS\"\
        ,\r\n          \"id\": \"/subscriptions/00000000-0000-0000-0000-000000000000/resourceGroups/cli_test_vm_trusted_launch_update_000001/providers/Microsoft.Compute/disks/vm_OsDisk_1_f8ecb8f90fe6431497a7fbc3a245564c\"\
        \r\n        },\r\n        \"deleteOption\": \"Detach\",\r\n        \"diskSizeGB\"\
        : 30\r\n      },\r\n      \"dataDisks\": []\r\n    },\r\n    \"osProfile\"\
        : {\r\n      \"computerName\": \"vm\",\r\n      \"adminUsername\": \"azureuser\"\
        ,\r\n      \"linuxConfiguration\": {\r\n        \"disablePasswordAuthentication\"\
        : false,\r\n        \"provisionVMAgent\": true,\r\n        \"patchSettings\"\
        : {\r\n          \"patchMode\": \"ImageDefault\",\r\n          \"assessmentMode\"\
        : \"ImageDefault\"\r\n        },\r\n        \"enableVMAgentPlatformUpdates\"\
        : false\r\n      },\r\n      \"secrets\": [],\r\n      \"allowExtensionOperations\"\
        : true,\r\n      \"requireGuestProvisionSignal\": true\r\n    },\r\n    \"\
        securityProfile\": {\r\n      \"uefiSettings\": {\r\n        \"secureBootEnabled\"\
        : true,\r\n        \"vTpmEnabled\": true\r\n      },\r\n      \"securityType\"\
        : \"TrustedLaunch\"\r\n    },\r\n    \"networkProfile\": {\"networkInterfaces\"\
        :[{\"id\":\"/subscriptions/00000000-0000-0000-0000-000000000000/resourceGroups/cli_test_vm_trusted_launch_update_000001/providers/Microsoft.Network/networkInterfaces/vmVMNic\"\
        }]},\r\n    \"provisioningState\": \"Succeeded\",\r\n    \"instanceView\"\
        : {\r\n      \"vmAgent\": {\r\n        \"vmAgentVersion\": \"Unknown\",\r\n\
        \        \"statuses\": [\r\n          {\r\n            \"code\": \"ProvisioningState/Unavailable\"\
        ,\r\n            \"level\": \"Warning\",\r\n            \"displayStatus\"\
        : \"Not Ready\",\r\n            \"message\": \"VM status blob is found but\
        \ not yet populated.\",\r\n            \"time\": \"2023-03-15T09:16:39+00:00\"\
        \r\n          }\r\n        ]\r\n      },\r\n      \"disks\": [\r\n       \
        \ {\r\n          \"name\": \"vm_OsDisk_1_f8ecb8f90fe6431497a7fbc3a245564c\"\
        ,\r\n          \"statuses\": [\r\n            {\r\n              \"code\"\
        : \"ProvisioningState/succeeded\",\r\n              \"level\": \"Info\",\r\
        \n              \"displayStatus\": \"Provisioning succeeded\",\r\n       \
        \       \"time\": \"2023-03-15T09:16:00.5346247+00:00\"\r\n            }\r\
        \n          ]\r\n        }\r\n      ],\r\n      \"hyperVGeneration\": \"V2\"\
        ,\r\n      \"statuses\": [\r\n        {\r\n          \"code\": \"ProvisioningState/succeeded\"\
        ,\r\n          \"level\": \"Info\",\r\n          \"displayStatus\": \"Provisioning\
        \ succeeded\",\r\n          \"time\": \"2023-03-15T09:16:28.6284337+00:00\"\
        \r\n        },\r\n        {\r\n          \"code\": \"PowerState/running\"\
        ,\r\n          \"level\": \"Info\",\r\n          \"displayStatus\": \"VM running\"\
        \r\n        }\r\n      ]\r\n    },\r\n    \"timeCreated\": \"2023-03-15T09:15:57.1595757+00:00\"\
        \r\n  }\r\n}"
    headers:
      cache-control:
      - no-cache
      content-length:
      - '3449'
      content-type:
      - application/json; charset=utf-8
      date:
      - Wed, 15 Mar 2023 09:16:38 GMT
      expires:
      - '-1'
      pragma:
      - no-cache
      server:
      - Microsoft-HTTPAPI/2.0
      - Microsoft-HTTPAPI/2.0
      strict-transport-security:
      - max-age=31536000; includeSubDomains
      transfer-encoding:
      - chunked
      vary:
      - Accept-Encoding
      x-content-type-options:
      - nosniff
      x-ms-ratelimit-remaining-resource:
      - Microsoft.Compute/LowCostGet3Min;3997,Microsoft.Compute/LowCostGet30Min;31997
    status:
      code: 200
      message: OK
- request:
    body: null
    headers:
      Accept:
      - application/json
      Accept-Encoding:
      - gzip, deflate
      CommandName:
      - vm create
      Connection:
      - keep-alive
      ParameterSetName:
      - -g -n --image --security-type --admin-username --admin-password --nsg-rule
        --disable-integrity-monitoring
      User-Agent:
      - AZURECLI/2.46.0 azsdk-python-azure-mgmt-network/21.0.1 Python/3.10.9 (Windows-10-10.0.22621-SP0)
    method: GET
    uri: https://management.azure.com/subscriptions/00000000-0000-0000-0000-000000000000/resourceGroups/cli_test_vm_trusted_launch_update_000001/providers/Microsoft.Network/networkInterfaces/vmVMNic?api-version=2022-01-01
  response:
    body:
      string: "{\r\n  \"name\": \"vmVMNic\",\r\n  \"id\": \"/subscriptions/00000000-0000-0000-0000-000000000000/resourceGroups/cli_test_vm_trusted_launch_update_000001/providers/Microsoft.Network/networkInterfaces/vmVMNic\"\
        ,\r\n  \"etag\": \"W/\\\"839bd5e3-6a26-427f-9252-1eb1e6330f98\\\"\",\r\n \
        \ \"tags\": {},\r\n  \"properties\": {\r\n    \"provisioningState\": \"Succeeded\"\
        ,\r\n    \"resourceGuid\": \"e1659b2f-75ea-4bd5-8675-c7ffbc04a805\",\r\n \
        \   \"ipConfigurations\": [\r\n      {\r\n        \"name\": \"ipconfigvm\"\
        ,\r\n        \"id\": \"/subscriptions/00000000-0000-0000-0000-000000000000/resourceGroups/cli_test_vm_trusted_launch_update_000001/providers/Microsoft.Network/networkInterfaces/vmVMNic/ipConfigurations/ipconfigvm\"\
        ,\r\n        \"etag\": \"W/\\\"839bd5e3-6a26-427f-9252-1eb1e6330f98\\\"\"\
        ,\r\n        \"type\": \"Microsoft.Network/networkInterfaces/ipConfigurations\"\
        ,\r\n        \"properties\": {\r\n          \"provisioningState\": \"Succeeded\"\
        ,\r\n          \"privateIPAddress\": \"10.0.0.4\",\r\n          \"privateIPAllocationMethod\"\
        : \"Dynamic\",\r\n          \"publicIPAddress\": {\r\n            \"id\":\
        \ \"/subscriptions/00000000-0000-0000-0000-000000000000/resourceGroups/cli_test_vm_trusted_launch_update_000001/providers/Microsoft.Network/publicIPAddresses/vmPublicIP\"\
        \r\n          },\r\n          \"subnet\": {\r\n            \"id\": \"/subscriptions/00000000-0000-0000-0000-000000000000/resourceGroups/cli_test_vm_trusted_launch_update_000001/providers/Microsoft.Network/virtualNetworks/vmVNET/subnets/vmSubnet\"\
        \r\n          },\r\n          \"primary\": true,\r\n          \"privateIPAddressVersion\"\
        : \"IPv4\"\r\n        }\r\n      }\r\n    ],\r\n    \"dnsSettings\": {\r\n\
        \      \"dnsServers\": [],\r\n      \"appliedDnsServers\": [],\r\n      \"\
        internalDomainNameSuffix\": \"pma5tk1p3jouhdyw1txa5mguxh.jx.internal.cloudapp.net\"\
        \r\n    },\r\n    \"macAddress\": \"00-22-48-A7-9E-EF\",\r\n    \"enableAcceleratedNetworking\"\
        : false,\r\n    \"vnetEncryptionSupported\": false,\r\n    \"enableIPForwarding\"\
        : false,\r\n    \"networkSecurityGroup\": {\r\n      \"id\": \"/subscriptions/00000000-0000-0000-0000-000000000000/resourceGroups/cli_test_vm_trusted_launch_update_000001/providers/Microsoft.Network/networkSecurityGroups/vmNSG\"\
        \r\n    },\r\n    \"primary\": true,\r\n    \"virtualMachine\": {\r\n    \
        \  \"id\": \"/subscriptions/00000000-0000-0000-0000-000000000000/resourceGroups/cli_test_vm_trusted_launch_update_000001/providers/Microsoft.Compute/virtualMachines/vm\"\
        \r\n    },\r\n    \"hostedWorkloads\": [],\r\n    \"tapConfigurations\": [],\r\
        \n    \"nicType\": \"Standard\",\r\n    \"allowPort25Out\": true\r\n  },\r\
        \n  \"type\": \"Microsoft.Network/networkInterfaces\",\r\n  \"location\":\
        \ \"southcentralus\",\r\n  \"kind\": \"Regular\"\r\n}"
    headers:
      cache-control:
      - no-cache
      content-length:
      - '2532'
      content-type:
      - application/json; charset=utf-8
      date:
      - Wed, 15 Mar 2023 09:16:40 GMT
      etag:
      - W/"839bd5e3-6a26-427f-9252-1eb1e6330f98"
      expires:
      - '-1'
      pragma:
      - no-cache
      server:
      - Microsoft-HTTPAPI/2.0
      - Microsoft-HTTPAPI/2.0
      strict-transport-security:
      - max-age=31536000; includeSubDomains
      transfer-encoding:
      - chunked
      vary:
      - Accept-Encoding
      x-content-type-options:
      - nosniff
      x-ms-arm-service-request-id:
      - fbfedfb0-c0ec-41bb-80fd-904831c128c8
    status:
      code: 200
      message: OK
- request:
    body: null
    headers:
      Accept:
      - application/json
      Accept-Encoding:
      - gzip, deflate
      CommandName:
      - vm create
      Connection:
      - keep-alive
      ParameterSetName:
      - -g -n --image --security-type --admin-username --admin-password --nsg-rule
        --disable-integrity-monitoring
      User-Agent:
      - AZURECLI/2.46.0 azsdk-python-azure-mgmt-network/21.0.1 Python/3.10.9 (Windows-10-10.0.22621-SP0)
    method: GET
    uri: https://management.azure.com/subscriptions/00000000-0000-0000-0000-000000000000/resourceGroups/cli_test_vm_trusted_launch_update_000001/providers/Microsoft.Network/publicIPAddresses/vmPublicIP?api-version=2022-01-01
  response:
    body:
      string: "{\r\n  \"name\": \"vmPublicIP\",\r\n  \"id\": \"/subscriptions/00000000-0000-0000-0000-000000000000/resourceGroups/cli_test_vm_trusted_launch_update_000001/providers/Microsoft.Network/publicIPAddresses/vmPublicIP\"\
        ,\r\n  \"etag\": \"W/\\\"5e28a61b-e01a-4d62-b50b-3dff31326b6e\\\"\",\r\n \
        \ \"location\": \"southcentralus\",\r\n  \"tags\": {},\r\n  \"properties\"\
        : {\r\n    \"provisioningState\": \"Succeeded\",\r\n    \"resourceGuid\":\
        \ \"5da5a27d-c4f7-4973-a967-b0e472f2cf02\",\r\n    \"ipAddress\": \"40.74.251.43\"\
        ,\r\n    \"publicIPAddressVersion\": \"IPv4\",\r\n    \"publicIPAllocationMethod\"\
        : \"Dynamic\",\r\n    \"idleTimeoutInMinutes\": 4,\r\n    \"ipTags\": [],\r\
        \n    \"ipConfiguration\": {\r\n      \"id\": \"/subscriptions/00000000-0000-0000-0000-000000000000/resourceGroups/cli_test_vm_trusted_launch_update_000001/providers/Microsoft.Network/networkInterfaces/vmVMNic/ipConfigurations/ipconfigvm\"\
        \r\n    }\r\n  },\r\n  \"type\": \"Microsoft.Network/publicIPAddresses\",\r\
        \n  \"sku\": {\r\n    \"name\": \"Basic\",\r\n    \"tier\": \"Regional\"\r\
        \n  }\r\n}"
    headers:
      cache-control:
      - no-cache
      content-length:
      - '955'
      content-type:
      - application/json; charset=utf-8
      date:
      - Wed, 15 Mar 2023 09:16:40 GMT
      etag:
      - W/"5e28a61b-e01a-4d62-b50b-3dff31326b6e"
      expires:
      - '-1'
      pragma:
      - no-cache
      server:
      - Microsoft-HTTPAPI/2.0
      - Microsoft-HTTPAPI/2.0
      strict-transport-security:
      - max-age=31536000; includeSubDomains
      transfer-encoding:
      - chunked
      vary:
      - Accept-Encoding
      x-content-type-options:
      - nosniff
      x-ms-arm-service-request-id:
      - 834a8bf0-7ae0-489a-bc00-b79b07c92ddc
    status:
      code: 200
      message: OK
- request:
    body: null
    headers:
      Accept:
      - application/json
      Accept-Encoding:
      - gzip, deflate
      CommandName:
      - vm update
      Connection:
      - keep-alive
      ParameterSetName:
      - -g -n --enable-secure-boot --enable-vtpm
      User-Agent:
      - AZURECLI/2.46.0 azsdk-python-azure-mgmt-compute/29.1.0 Python/3.10.9 (Windows-10-10.0.22621-SP0)
    method: GET
    uri: https://management.azure.com/subscriptions/00000000-0000-0000-0000-000000000000/resourceGroups/cli_test_vm_trusted_launch_update_000001/providers/Microsoft.Compute/virtualMachines/vm?api-version=2022-11-01
  response:
    body:
      string: "{\r\n  \"name\": \"vm\",\r\n  \"id\": \"/subscriptions/00000000-0000-0000-0000-000000000000/resourceGroups/cli_test_vm_trusted_launch_update_000001/providers/Microsoft.Compute/virtualMachines/vm\"\
        ,\r\n  \"type\": \"Microsoft.Compute/virtualMachines\",\r\n  \"location\"\
        : \"southcentralus\",\r\n  \"tags\": {},\r\n  \"properties\": {\r\n    \"\
        vmId\": \"3157e906-7614-4bb2-82fa-25b282d028fe\",\r\n    \"hardwareProfile\"\
        : {\r\n      \"vmSize\": \"Standard_DS1_v2\"\r\n    },\r\n    \"storageProfile\"\
        : {\r\n      \"imageReference\": {\r\n        \"publisher\": \"canonical\"\
        ,\r\n        \"offer\": \"0001-com-ubuntu-server-focal\",\r\n        \"sku\"\
        : \"20_04-lts-gen2\",\r\n        \"version\": \"latest\",\r\n        \"exactVersion\"\
        : \"20.04.202303020\"\r\n      },\r\n      \"osDisk\": {\r\n        \"osType\"\
        : \"Linux\",\r\n        \"name\": \"vm_OsDisk_1_f8ecb8f90fe6431497a7fbc3a245564c\"\
        ,\r\n        \"createOption\": \"FromImage\",\r\n        \"caching\": \"ReadWrite\"\
        ,\r\n        \"managedDisk\": {\r\n          \"storageAccountType\": \"Premium_LRS\"\
        ,\r\n          \"id\": \"/subscriptions/00000000-0000-0000-0000-000000000000/resourceGroups/cli_test_vm_trusted_launch_update_000001/providers/Microsoft.Compute/disks/vm_OsDisk_1_f8ecb8f90fe6431497a7fbc3a245564c\"\
        \r\n        },\r\n        \"deleteOption\": \"Detach\",\r\n        \"diskSizeGB\"\
        : 30\r\n      },\r\n      \"dataDisks\": []\r\n    },\r\n    \"osProfile\"\
        : {\r\n      \"computerName\": \"vm\",\r\n      \"adminUsername\": \"azureuser\"\
        ,\r\n      \"linuxConfiguration\": {\r\n        \"disablePasswordAuthentication\"\
        : false,\r\n        \"provisionVMAgent\": true,\r\n        \"patchSettings\"\
        : {\r\n          \"patchMode\": \"ImageDefault\",\r\n          \"assessmentMode\"\
        : \"ImageDefault\"\r\n        },\r\n        \"enableVMAgentPlatformUpdates\"\
        : false\r\n      },\r\n      \"secrets\": [],\r\n      \"allowExtensionOperations\"\
        : true,\r\n      \"requireGuestProvisionSignal\": true\r\n    },\r\n    \"\
        securityProfile\": {\r\n      \"uefiSettings\": {\r\n        \"secureBootEnabled\"\
        : true,\r\n        \"vTpmEnabled\": true\r\n      },\r\n      \"securityType\"\
        : \"TrustedLaunch\"\r\n    },\r\n    \"networkProfile\": {\"networkInterfaces\"\
        :[{\"id\":\"/subscriptions/00000000-0000-0000-0000-000000000000/resourceGroups/cli_test_vm_trusted_launch_update_000001/providers/Microsoft.Network/networkInterfaces/vmVMNic\"\
        }]},\r\n    \"provisioningState\": \"Succeeded\",\r\n    \"timeCreated\":\
        \ \"2023-03-15T09:15:57.1595757+00:00\"\r\n  }\r\n}"
    headers:
      cache-control:
      - no-cache
      content-length:
      - '2244'
      content-type:
      - application/json; charset=utf-8
      date:
      - Wed, 15 Mar 2023 09:16:42 GMT
      expires:
      - '-1'
      pragma:
      - no-cache
      server:
      - Microsoft-HTTPAPI/2.0
      - Microsoft-HTTPAPI/2.0
      strict-transport-security:
      - max-age=31536000; includeSubDomains
      transfer-encoding:
      - chunked
      vary:
      - Accept-Encoding
      x-content-type-options:
      - nosniff
      x-ms-ratelimit-remaining-resource:
      - Microsoft.Compute/LowCostGet3Min;3996,Microsoft.Compute/LowCostGet30Min;31996
    status:
      code: 200
      message: OK
- request:
    body: '{"location": "southcentralus", "tags": {}, "properties": {"hardwareProfile":
      {"vmSize": "Standard_DS1_v2"}, "storageProfile": {"osDisk": {"osType": "Linux",
      "name": "vm_OsDisk_1_f8ecb8f90fe6431497a7fbc3a245564c", "caching": "ReadWrite",
      "createOption": "FromImage", "diskSizeGB": 30, "managedDisk": {"id": "/subscriptions/00000000-0000-0000-0000-000000000000/resourceGroups/cli_test_vm_trusted_launch_update_000001/providers/Microsoft.Compute/disks/vm_OsDisk_1_f8ecb8f90fe6431497a7fbc3a245564c",
      "storageAccountType": "Premium_LRS"}, "deleteOption": "Detach"}, "dataDisks":
      []}, "osProfile": {"computerName": "vm", "adminUsername": "azureuser", "linuxConfiguration":
      {"disablePasswordAuthentication": false, "provisionVMAgent": true, "patchSettings":
      {"patchMode": "ImageDefault", "assessmentMode": "ImageDefault"}, "enableVMAgentPlatformUpdates":
      false}, "secrets": [], "allowExtensionOperations": true, "requireGuestProvisionSignal":
      true}, "networkProfile": {"networkInterfaces": [{"id": "/subscriptions/00000000-0000-0000-0000-000000000000/resourceGroups/cli_test_vm_trusted_launch_update_000001/providers/Microsoft.Network/networkInterfaces/vmVMNic"}]},
      "securityProfile": {"uefiSettings": {"secureBootEnabled": true, "vTpmEnabled":
      true}}}}'
    headers:
      Accept:
      - application/json
      Accept-Encoding:
      - gzip, deflate
      CommandName:
      - vm update
      Connection:
      - keep-alive
      Content-Length:
      - '1246'
      Content-Type:
      - application/json
      ParameterSetName:
      - -g -n --enable-secure-boot --enable-vtpm
      User-Agent:
      - AZURECLI/2.46.0 azsdk-python-azure-mgmt-compute/29.1.0 Python/3.10.9 (Windows-10-10.0.22621-SP0)
    method: PUT
    uri: https://management.azure.com/subscriptions/00000000-0000-0000-0000-000000000000/resourceGroups/cli_test_vm_trusted_launch_update_000001/providers/Microsoft.Compute/virtualMachines/vm?api-version=2022-11-01
  response:
    body:
      string: "{\r\n  \"name\": \"vm\",\r\n  \"id\": \"/subscriptions/00000000-0000-0000-0000-000000000000/resourceGroups/cli_test_vm_trusted_launch_update_000001/providers/Microsoft.Compute/virtualMachines/vm\"\
        ,\r\n  \"type\": \"Microsoft.Compute/virtualMachines\",\r\n  \"location\"\
        : \"southcentralus\",\r\n  \"tags\": {},\r\n  \"properties\": {\r\n    \"\
        vmId\": \"3157e906-7614-4bb2-82fa-25b282d028fe\",\r\n    \"hardwareProfile\"\
        : {\r\n      \"vmSize\": \"Standard_DS1_v2\"\r\n    },\r\n    \"storageProfile\"\
        : {\r\n      \"imageReference\": {\r\n        \"publisher\": \"canonical\"\
        ,\r\n        \"offer\": \"0001-com-ubuntu-server-focal\",\r\n        \"sku\"\
        : \"20_04-lts-gen2\",\r\n        \"version\": \"latest\",\r\n        \"exactVersion\"\
        : \"20.04.202303020\"\r\n      },\r\n      \"osDisk\": {\r\n        \"osType\"\
        : \"Linux\",\r\n        \"name\": \"vm_OsDisk_1_f8ecb8f90fe6431497a7fbc3a245564c\"\
        ,\r\n        \"createOption\": \"FromImage\",\r\n        \"caching\": \"ReadWrite\"\
        ,\r\n        \"managedDisk\": {\r\n          \"storageAccountType\": \"Premium_LRS\"\
        ,\r\n          \"id\": \"/subscriptions/00000000-0000-0000-0000-000000000000/resourceGroups/cli_test_vm_trusted_launch_update_000001/providers/Microsoft.Compute/disks/vm_OsDisk_1_f8ecb8f90fe6431497a7fbc3a245564c\"\
        \r\n        },\r\n        \"deleteOption\": \"Detach\",\r\n        \"diskSizeGB\"\
        : 30\r\n      },\r\n      \"dataDisks\": []\r\n    },\r\n    \"osProfile\"\
        : {\r\n      \"computerName\": \"vm\",\r\n      \"adminUsername\": \"azureuser\"\
        ,\r\n      \"linuxConfiguration\": {\r\n        \"disablePasswordAuthentication\"\
        : false,\r\n        \"provisionVMAgent\": true,\r\n        \"patchSettings\"\
        : {\r\n          \"patchMode\": \"ImageDefault\",\r\n          \"assessmentMode\"\
        : \"ImageDefault\"\r\n        },\r\n        \"enableVMAgentPlatformUpdates\"\
        : false\r\n      },\r\n      \"secrets\": [],\r\n      \"allowExtensionOperations\"\
        : true,\r\n      \"requireGuestProvisionSignal\": true\r\n    },\r\n    \"\
        securityProfile\": {\r\n      \"uefiSettings\": {\r\n        \"secureBootEnabled\"\
        : true,\r\n        \"vTpmEnabled\": true\r\n      },\r\n      \"securityType\"\
        : \"TrustedLaunch\"\r\n    },\r\n    \"networkProfile\": {\"networkInterfaces\"\
        :[{\"id\":\"/subscriptions/00000000-0000-0000-0000-000000000000/resourceGroups/cli_test_vm_trusted_launch_update_000001/providers/Microsoft.Network/networkInterfaces/vmVMNic\"\
        }]},\r\n    \"provisioningState\": \"Updating\",\r\n    \"timeCreated\": \"\
        2023-03-15T09:15:57.1595757+00:00\"\r\n  }\r\n}"
    headers:
      cache-control:
      - no-cache
      content-length:
      - '2243'
      content-type:
      - application/json; charset=utf-8
      date:
      - Wed, 15 Mar 2023 09:16:49 GMT
      expires:
      - '-1'
      pragma:
      - no-cache
      server:
      - Microsoft-HTTPAPI/2.0
      - Microsoft-HTTPAPI/2.0
      strict-transport-security:
      - max-age=31536000; includeSubDomains
      transfer-encoding:
      - chunked
      vary:
      - Accept-Encoding
      x-content-type-options:
      - nosniff
      x-ms-ratelimit-remaining-resource:
      - Microsoft.Compute/PutVM3Min;566,Microsoft.Compute/PutVM30Min;2841
      x-ms-ratelimit-remaining-subscription-writes:
      - '1193'
    status:
      code: 200
      message: OK
- request:
    body: null
    headers:
      Accept:
      - '*/*'
      Accept-Encoding:
      - gzip, deflate
      CommandName:
      - vm update
      Connection:
      - keep-alive
      ParameterSetName:
      - -g -n --enable-secure-boot --enable-vtpm
      User-Agent:
      - AZURECLI/2.46.0 azsdk-python-azure-mgmt-compute/29.1.0 Python/3.10.9 (Windows-10-10.0.22621-SP0)
    method: GET
    uri: https://management.azure.com/subscriptions/00000000-0000-0000-0000-000000000000/resourceGroups/cli_test_vm_trusted_launch_update_000001/providers/Microsoft.Compute/virtualMachines/vm?api-version=2022-11-01
  response:
    body:
      string: "{\r\n  \"name\": \"vm\",\r\n  \"id\": \"/subscriptions/00000000-0000-0000-0000-000000000000/resourceGroups/cli_test_vm_trusted_launch_update_000001/providers/Microsoft.Compute/virtualMachines/vm\"\
        ,\r\n  \"type\": \"Microsoft.Compute/virtualMachines\",\r\n  \"location\"\
        : \"southcentralus\",\r\n  \"tags\": {},\r\n  \"properties\": {\r\n    \"\
        vmId\": \"3157e906-7614-4bb2-82fa-25b282d028fe\",\r\n    \"hardwareProfile\"\
        : {\r\n      \"vmSize\": \"Standard_DS1_v2\"\r\n    },\r\n    \"storageProfile\"\
        : {\r\n      \"imageReference\": {\r\n        \"publisher\": \"canonical\"\
        ,\r\n        \"offer\": \"0001-com-ubuntu-server-focal\",\r\n        \"sku\"\
        : \"20_04-lts-gen2\",\r\n        \"version\": \"latest\",\r\n        \"exactVersion\"\
        : \"20.04.202303020\"\r\n      },\r\n      \"osDisk\": {\r\n        \"osType\"\
        : \"Linux\",\r\n        \"name\": \"vm_OsDisk_1_f8ecb8f90fe6431497a7fbc3a245564c\"\
        ,\r\n        \"createOption\": \"FromImage\",\r\n        \"caching\": \"ReadWrite\"\
        ,\r\n        \"managedDisk\": {\r\n          \"storageAccountType\": \"Premium_LRS\"\
        ,\r\n          \"id\": \"/subscriptions/00000000-0000-0000-0000-000000000000/resourceGroups/cli_test_vm_trusted_launch_update_000001/providers/Microsoft.Compute/disks/vm_OsDisk_1_f8ecb8f90fe6431497a7fbc3a245564c\"\
        \r\n        },\r\n        \"deleteOption\": \"Detach\",\r\n        \"diskSizeGB\"\
        : 30\r\n      },\r\n      \"dataDisks\": []\r\n    },\r\n    \"osProfile\"\
        : {\r\n      \"computerName\": \"vm\",\r\n      \"adminUsername\": \"azureuser\"\
        ,\r\n      \"linuxConfiguration\": {\r\n        \"disablePasswordAuthentication\"\
        : false,\r\n        \"provisionVMAgent\": true,\r\n        \"patchSettings\"\
        : {\r\n          \"patchMode\": \"ImageDefault\",\r\n          \"assessmentMode\"\
        : \"ImageDefault\"\r\n        },\r\n        \"enableVMAgentPlatformUpdates\"\
        : false\r\n      },\r\n      \"secrets\": [],\r\n      \"allowExtensionOperations\"\
        : true,\r\n      \"requireGuestProvisionSignal\": true\r\n    },\r\n    \"\
        securityProfile\": {\r\n      \"uefiSettings\": {\r\n        \"secureBootEnabled\"\
        : true,\r\n        \"vTpmEnabled\": true\r\n      },\r\n      \"securityType\"\
        : \"TrustedLaunch\"\r\n    },\r\n    \"networkProfile\": {\"networkInterfaces\"\
        :[{\"id\":\"/subscriptions/00000000-0000-0000-0000-000000000000/resourceGroups/cli_test_vm_trusted_launch_update_000001/providers/Microsoft.Network/networkInterfaces/vmVMNic\"\
        }]},\r\n    \"provisioningState\": \"Succeeded\",\r\n    \"timeCreated\":\
        \ \"2023-03-15T09:15:57.1595757+00:00\"\r\n  }\r\n}"
    headers:
      cache-control:
      - no-cache
      content-length:
      - '2244'
      content-type:
      - application/json; charset=utf-8
      date:
      - Wed, 15 Mar 2023 09:17:19 GMT
      expires:
      - '-1'
      pragma:
      - no-cache
      server:
      - Microsoft-HTTPAPI/2.0
      - Microsoft-HTTPAPI/2.0
      strict-transport-security:
      - max-age=31536000; includeSubDomains
      transfer-encoding:
      - chunked
      vary:
      - Accept-Encoding
      x-content-type-options:
      - nosniff
      x-ms-ratelimit-remaining-resource:
      - Microsoft.Compute/LowCostGet3Min;3994,Microsoft.Compute/LowCostGet30Min;31994
    status:
      code: 200
      message: OK
- request:
    body: null
    headers:
      Accept:
      - application/json
      Accept-Encoding:
      - gzip, deflate
      CommandName:
      - vm show
      Connection:
      - keep-alive
      ParameterSetName:
      - -g -n
      User-Agent:
      - AZURECLI/2.46.0 azsdk-python-azure-mgmt-compute/29.1.0 Python/3.10.9 (Windows-10-10.0.22621-SP0)
    method: GET
    uri: https://management.azure.com/subscriptions/00000000-0000-0000-0000-000000000000/resourceGroups/cli_test_vm_trusted_launch_update_000001/providers/Microsoft.Compute/virtualMachines/vm?api-version=2022-11-01
  response:
    body:
      string: "{\r\n  \"name\": \"vm\",\r\n  \"id\": \"/subscriptions/00000000-0000-0000-0000-000000000000/resourceGroups/cli_test_vm_trusted_launch_update_000001/providers/Microsoft.Compute/virtualMachines/vm\"\
        ,\r\n  \"type\": \"Microsoft.Compute/virtualMachines\",\r\n  \"location\"\
        : \"southcentralus\",\r\n  \"tags\": {},\r\n  \"properties\": {\r\n    \"\
        vmId\": \"3157e906-7614-4bb2-82fa-25b282d028fe\",\r\n    \"hardwareProfile\"\
        : {\r\n      \"vmSize\": \"Standard_DS1_v2\"\r\n    },\r\n    \"storageProfile\"\
        : {\r\n      \"imageReference\": {\r\n        \"publisher\": \"canonical\"\
        ,\r\n        \"offer\": \"0001-com-ubuntu-server-focal\",\r\n        \"sku\"\
        : \"20_04-lts-gen2\",\r\n        \"version\": \"latest\",\r\n        \"exactVersion\"\
        : \"20.04.202303020\"\r\n      },\r\n      \"osDisk\": {\r\n        \"osType\"\
        : \"Linux\",\r\n        \"name\": \"vm_OsDisk_1_f8ecb8f90fe6431497a7fbc3a245564c\"\
        ,\r\n        \"createOption\": \"FromImage\",\r\n        \"caching\": \"ReadWrite\"\
        ,\r\n        \"managedDisk\": {\r\n          \"storageAccountType\": \"Premium_LRS\"\
        ,\r\n          \"id\": \"/subscriptions/00000000-0000-0000-0000-000000000000/resourceGroups/cli_test_vm_trusted_launch_update_000001/providers/Microsoft.Compute/disks/vm_OsDisk_1_f8ecb8f90fe6431497a7fbc3a245564c\"\
        \r\n        },\r\n        \"deleteOption\": \"Detach\",\r\n        \"diskSizeGB\"\
        : 30\r\n      },\r\n      \"dataDisks\": []\r\n    },\r\n    \"osProfile\"\
        : {\r\n      \"computerName\": \"vm\",\r\n      \"adminUsername\": \"azureuser\"\
        ,\r\n      \"linuxConfiguration\": {\r\n        \"disablePasswordAuthentication\"\
        : false,\r\n        \"provisionVMAgent\": true,\r\n        \"patchSettings\"\
        : {\r\n          \"patchMode\": \"ImageDefault\",\r\n          \"assessmentMode\"\
        : \"ImageDefault\"\r\n        },\r\n        \"enableVMAgentPlatformUpdates\"\
        : false\r\n      },\r\n      \"secrets\": [],\r\n      \"allowExtensionOperations\"\
        : true,\r\n      \"requireGuestProvisionSignal\": true\r\n    },\r\n    \"\
        securityProfile\": {\r\n      \"uefiSettings\": {\r\n        \"secureBootEnabled\"\
        : true,\r\n        \"vTpmEnabled\": true\r\n      },\r\n      \"securityType\"\
        : \"TrustedLaunch\"\r\n    },\r\n    \"networkProfile\": {\"networkInterfaces\"\
        :[{\"id\":\"/subscriptions/00000000-0000-0000-0000-000000000000/resourceGroups/cli_test_vm_trusted_launch_update_000001/providers/Microsoft.Network/networkInterfaces/vmVMNic\"\
        }]},\r\n    \"provisioningState\": \"Succeeded\",\r\n    \"timeCreated\":\
        \ \"2023-03-15T09:15:57.1595757+00:00\"\r\n  }\r\n}"
    headers:
      cache-control:
      - no-cache
      content-length:
      - '2244'
      content-type:
      - application/json; charset=utf-8
      date:
      - Wed, 15 Mar 2023 09:17:21 GMT
      expires:
      - '-1'
      pragma:
      - no-cache
      server:
      - Microsoft-HTTPAPI/2.0
      - Microsoft-HTTPAPI/2.0
      strict-transport-security:
      - max-age=31536000; includeSubDomains
      transfer-encoding:
      - chunked
      vary:
      - Accept-Encoding
      x-content-type-options:
      - nosniff
      x-ms-ratelimit-remaining-resource:
      - Microsoft.Compute/LowCostGet3Min;3993,Microsoft.Compute/LowCostGet30Min;31993
    status:
      code: 200
      message: OK
version: 1
