interactions:
- request:
    body: null
    headers:
      Accept:
      - application/json
      Accept-Encoding:
      - gzip, deflate
      CommandName:
      - network vnet create
      Connection:
      - keep-alive
      ParameterSetName:
      - -g -n
      User-Agent:
      - python/3.8.0 (Windows-10-10.0.19041-SP0) msrest/0.6.9 AZURECLISHELL/0.4.4
        AZURECLISHELL/0.4.4 msrest_azure/0.6.3 azure-mgmt-resource/10.1.0 Azure-SDK-For-Python
        AZURECLI/2.9.0
      accept-language:
      - en-US
    method: GET
    uri: https://management.azure.com/subscriptions/00000000-0000-0000-0000-000000000000/resourcegroups/cli_test_vnet_peering000001?api-version=2020-06-01
  response:
    body:
      string: '{"id":"/subscriptions/00000000-0000-0000-0000-000000000000/resourceGroups/cli_test_vnet_peering000001","name":"cli_test_vnet_peering000001","type":"Microsoft.Resources/resourceGroups","location":"westus","tags":{"product":"azurecli","cause":"automation","date":"2020-07-14T12:30:18Z"},"properties":{"provisioningState":"Succeeded"}}'
    headers:
      cache-control:
      - no-cache
      content-length:
      - '428'
      content-type:
      - application/json; charset=utf-8
      date:
      - Tue, 14 Jul 2020 12:30:20 GMT
      expires:
      - '-1'
      pragma:
      - no-cache
      strict-transport-security:
      - max-age=31536000; includeSubDomains
      vary:
      - Accept-Encoding
      x-content-type-options:
      - nosniff
    status:
      code: 200
      message: OK
- request:
    body: '{"location": "westus", "tags": {}, "properties": {"addressSpace": {"addressPrefixes":
      ["10.0.0.0/16"]}, "dhcpOptions": {}}}'
    headers:
      Accept:
      - application/json
      Accept-Encoding:
      - gzip, deflate
      CommandName:
      - network vnet create
      Connection:
      - keep-alive
      Content-Length:
      - '123'
      Content-Type:
      - application/json; charset=utf-8
      ParameterSetName:
      - -g -n
      User-Agent:
      - python/3.8.0 (Windows-10-10.0.19041-SP0) msrest/0.6.9 AZURECLISHELL/0.4.4
        AZURECLISHELL/0.4.4 msrest_azure/0.6.3 azure-mgmt-network/11.0.0 Azure-SDK-For-Python
        AZURECLI/2.9.0
      accept-language:
      - en-US
    method: PUT
    uri: https://management.azure.com/subscriptions/00000000-0000-0000-0000-000000000000/resourceGroups/cli_test_vnet_peering000001/providers/Microsoft.Network/virtualNetworks/vnet1?api-version=2020-05-01
  response:
    body:
      string: "{\r\n  \"name\": \"vnet1\",\r\n  \"id\": \"/subscriptions/00000000-0000-0000-0000-000000000000/resourceGroups/cli_test_vnet_peering000001/providers/Microsoft.Network/virtualNetworks/vnet1\",\r\n
        \ \"etag\": \"W/\\\"ce309782-c918-4f21-9827-288dc0092e3c\\\"\",\r\n  \"type\":
        \"Microsoft.Network/virtualNetworks\",\r\n  \"location\": \"westus\",\r\n
        \ \"tags\": {},\r\n  \"properties\": {\r\n    \"provisioningState\": \"Updating\",\r\n
        \   \"resourceGuid\": \"d390e00c-0bd7-4be2-9907-9067deb4da43\",\r\n    \"addressSpace\":
        {\r\n      \"addressPrefixes\": [\r\n        \"10.0.0.0/16\"\r\n      ]\r\n
        \   },\r\n    \"dhcpOptions\": {\r\n      \"dnsServers\": []\r\n    },\r\n
        \   \"subnets\": [],\r\n    \"virtualNetworkPeerings\": [],\r\n    \"enableDdosProtection\":
        false,\r\n    \"enableVmProtection\": false\r\n  }\r\n}"
    headers:
      azure-asyncnotification:
      - Enabled
      azure-asyncoperation:
      - https://management.azure.com/subscriptions/00000000-0000-0000-0000-000000000000/providers/Microsoft.Network/locations/westus/operations/edee392b-c0c5-44d2-b18f-4d470bf30982?api-version=2020-05-01
      cache-control:
      - no-cache
      content-length:
      - '766'
      content-type:
      - application/json; charset=utf-8
      date:
      - Tue, 14 Jul 2020 12:30:26 GMT
      expires:
      - '-1'
      pragma:
      - no-cache
      server:
      - Microsoft-HTTPAPI/2.0
      - Microsoft-HTTPAPI/2.0
      strict-transport-security:
      - max-age=31536000; includeSubDomains
      x-content-type-options:
      - nosniff
      x-ms-arm-service-request-id:
      - f316beb7-c66d-4218-afc6-d96b99cb37fc
      x-ms-ratelimit-remaining-subscription-writes:
      - '1169'
    status:
      code: 201
      message: Created
- request:
    body: null
    headers:
      Accept:
      - application/json
      Accept-Encoding:
      - gzip, deflate
      CommandName:
      - network vnet create
      Connection:
      - keep-alive
      ParameterSetName:
      - -g -n
      User-Agent:
      - python/3.8.0 (Windows-10-10.0.19041-SP0) msrest/0.6.9 AZURECLISHELL/0.4.4
        AZURECLISHELL/0.4.4 msrest_azure/0.6.3 azure-mgmt-network/11.0.0 Azure-SDK-For-Python
        AZURECLI/2.9.0
    method: GET
    uri: https://management.azure.com/subscriptions/00000000-0000-0000-0000-000000000000/providers/Microsoft.Network/locations/westus/operations/edee392b-c0c5-44d2-b18f-4d470bf30982?api-version=2020-05-01
  response:
    body:
      string: "{\r\n  \"status\": \"Succeeded\"\r\n}"
    headers:
      cache-control:
      - no-cache
      content-length:
      - '29'
      content-type:
      - application/json; charset=utf-8
      date:
      - Tue, 14 Jul 2020 12:30:31 GMT
      expires:
      - '-1'
      pragma:
      - no-cache
      server:
      - Microsoft-HTTPAPI/2.0
      - Microsoft-HTTPAPI/2.0
      strict-transport-security:
      - max-age=31536000; includeSubDomains
      transfer-encoding:
      - chunked
      vary:
      - Accept-Encoding
      x-content-type-options:
      - nosniff
      x-ms-arm-service-request-id:
      - 2e103e7d-117d-4334-bb7c-9fead097685e
    status:
      code: 200
      message: OK
- request:
    body: null
    headers:
      Accept:
      - application/json
      Accept-Encoding:
      - gzip, deflate
      CommandName:
      - network vnet create
      Connection:
      - keep-alive
      ParameterSetName:
      - -g -n
      User-Agent:
      - python/3.8.0 (Windows-10-10.0.19041-SP0) msrest/0.6.9 AZURECLISHELL/0.4.4
        AZURECLISHELL/0.4.4 msrest_azure/0.6.3 azure-mgmt-network/11.0.0 Azure-SDK-For-Python
        AZURECLI/2.9.0
    method: GET
    uri: https://management.azure.com/subscriptions/00000000-0000-0000-0000-000000000000/resourceGroups/cli_test_vnet_peering000001/providers/Microsoft.Network/virtualNetworks/vnet1?api-version=2020-05-01
  response:
    body:
      string: "{\r\n  \"name\": \"vnet1\",\r\n  \"id\": \"/subscriptions/00000000-0000-0000-0000-000000000000/resourceGroups/cli_test_vnet_peering000001/providers/Microsoft.Network/virtualNetworks/vnet1\",\r\n
        \ \"etag\": \"W/\\\"8f029212-021b-4859-9de6-7a339f08c332\\\"\",\r\n  \"type\":
        \"Microsoft.Network/virtualNetworks\",\r\n  \"location\": \"westus\",\r\n
        \ \"tags\": {},\r\n  \"properties\": {\r\n    \"provisioningState\": \"Succeeded\",\r\n
        \   \"resourceGuid\": \"d390e00c-0bd7-4be2-9907-9067deb4da43\",\r\n    \"addressSpace\":
        {\r\n      \"addressPrefixes\": [\r\n        \"10.0.0.0/16\"\r\n      ]\r\n
        \   },\r\n    \"dhcpOptions\": {\r\n      \"dnsServers\": []\r\n    },\r\n
        \   \"subnets\": [],\r\n    \"virtualNetworkPeerings\": [],\r\n    \"enableDdosProtection\":
        false,\r\n    \"enableVmProtection\": false\r\n  }\r\n}"
    headers:
      cache-control:
      - no-cache
      content-length:
      - '767'
      content-type:
      - application/json; charset=utf-8
      date:
      - Tue, 14 Jul 2020 12:30:31 GMT
      etag:
      - W/"8f029212-021b-4859-9de6-7a339f08c332"
      expires:
      - '-1'
      pragma:
      - no-cache
      server:
      - Microsoft-HTTPAPI/2.0
      - Microsoft-HTTPAPI/2.0
      strict-transport-security:
      - max-age=31536000; includeSubDomains
      transfer-encoding:
      - chunked
      vary:
      - Accept-Encoding
      x-content-type-options:
      - nosniff
      x-ms-arm-service-request-id:
      - 3d4d49e2-813d-40a5-93af-4d5d00e82dab
    status:
      code: 200
      message: OK
- request:
    body: null
    headers:
      Accept:
      - application/json
      Accept-Encoding:
      - gzip, deflate
      CommandName:
      - network vnet create
      Connection:
      - keep-alive
      ParameterSetName:
      - -g -n --subnet-name --address-prefix --subnet-prefix
      User-Agent:
      - python/3.8.0 (Windows-10-10.0.19041-SP0) msrest/0.6.9 AZURECLISHELL/0.4.4
        AZURECLISHELL/0.4.4 msrest_azure/0.6.3 azure-mgmt-resource/10.1.0 Azure-SDK-For-Python
        AZURECLI/2.9.0
      accept-language:
      - en-US
    method: GET
    uri: https://management.azure.com/subscriptions/00000000-0000-0000-0000-000000000000/resourcegroups/cli_test_vnet_peering000001?api-version=2020-06-01
  response:
    body:
      string: '{"id":"/subscriptions/00000000-0000-0000-0000-000000000000/resourceGroups/cli_test_vnet_peering000001","name":"cli_test_vnet_peering000001","type":"Microsoft.Resources/resourceGroups","location":"westus","tags":{"product":"azurecli","cause":"automation","date":"2020-07-14T12:30:18Z"},"properties":{"provisioningState":"Succeeded"}}'
    headers:
      cache-control:
      - no-cache
      content-length:
      - '428'
      content-type:
      - application/json; charset=utf-8
      date:
      - Tue, 14 Jul 2020 12:30:31 GMT
      expires:
      - '-1'
      pragma:
      - no-cache
      strict-transport-security:
      - max-age=31536000; includeSubDomains
      vary:
      - Accept-Encoding
      x-content-type-options:
      - nosniff
    status:
      code: 200
      message: OK
- request:
    body: '{"location": "westus", "tags": {}, "properties": {"addressSpace": {"addressPrefixes":
      ["11.0.0.0/16"]}, "dhcpOptions": {}, "subnets": [{"properties": {"addressPrefix":
      "11.0.0.0/24"}, "name": "GatewaySubnet"}]}}'
    headers:
      Accept:
      - application/json
      Accept-Encoding:
      - gzip, deflate
      CommandName:
      - network vnet create
      Connection:
      - keep-alive
      Content-Length:
      - '211'
      Content-Type:
      - application/json; charset=utf-8
      ParameterSetName:
      - -g -n --subnet-name --address-prefix --subnet-prefix
      User-Agent:
      - python/3.8.0 (Windows-10-10.0.19041-SP0) msrest/0.6.9 AZURECLISHELL/0.4.4
        AZURECLISHELL/0.4.4 msrest_azure/0.6.3 azure-mgmt-network/11.0.0 Azure-SDK-For-Python
        AZURECLI/2.9.0
      accept-language:
      - en-US
    method: PUT
    uri: https://management.azure.com/subscriptions/00000000-0000-0000-0000-000000000000/resourceGroups/cli_test_vnet_peering000001/providers/Microsoft.Network/virtualNetworks/vnet2?api-version=2020-05-01
  response:
    body:
      string: "{\r\n  \"name\": \"vnet2\",\r\n  \"id\": \"/subscriptions/00000000-0000-0000-0000-000000000000/resourceGroups/cli_test_vnet_peering000001/providers/Microsoft.Network/virtualNetworks/vnet2\",\r\n
        \ \"etag\": \"W/\\\"f53f77c9-abad-4bca-9be1-bc25aafa9f1c\\\"\",\r\n  \"type\":
        \"Microsoft.Network/virtualNetworks\",\r\n  \"location\": \"westus\",\r\n
        \ \"tags\": {},\r\n  \"properties\": {\r\n    \"provisioningState\": \"Updating\",\r\n
        \   \"resourceGuid\": \"daab1946-1da7-4e5c-88c2-93b677233f1a\",\r\n    \"addressSpace\":
        {\r\n      \"addressPrefixes\": [\r\n        \"11.0.0.0/16\"\r\n      ]\r\n
        \   },\r\n    \"dhcpOptions\": {\r\n      \"dnsServers\": []\r\n    },\r\n
        \   \"subnets\": [\r\n      {\r\n        \"name\": \"GatewaySubnet\",\r\n
        \       \"id\": \"/subscriptions/00000000-0000-0000-0000-000000000000/resourceGroups/cli_test_vnet_peering000001/providers/Microsoft.Network/virtualNetworks/vnet2/subnets/GatewaySubnet\",\r\n
        \       \"etag\": \"W/\\\"f53f77c9-abad-4bca-9be1-bc25aafa9f1c\\\"\",\r\n
        \       \"properties\": {\r\n          \"provisioningState\": \"Updating\",\r\n
        \         \"addressPrefix\": \"11.0.0.0/24\",\r\n          \"delegations\":
        [],\r\n          \"privateEndpointNetworkPolicies\": \"Enabled\",\r\n          \"privateLinkServiceNetworkPolicies\":
        \"Enabled\"\r\n        },\r\n        \"type\": \"Microsoft.Network/virtualNetworks/subnets\"\r\n
        \     }\r\n    ],\r\n    \"virtualNetworkPeerings\": [],\r\n    \"enableDdosProtection\":
        false,\r\n    \"enableVmProtection\": false\r\n  }\r\n}"
    headers:
      azure-asyncnotification:
      - Enabled
      azure-asyncoperation:
      - https://management.azure.com/subscriptions/00000000-0000-0000-0000-000000000000/providers/Microsoft.Network/locations/westus/operations/e4a7b2df-5b2e-4ed3-be58-3fc43450cdcc?api-version=2020-05-01
      cache-control:
      - no-cache
      content-length:
      - '1449'
      content-type:
      - application/json; charset=utf-8
      date:
      - Tue, 14 Jul 2020 12:30:38 GMT
      expires:
      - '-1'
      pragma:
      - no-cache
      server:
      - Microsoft-HTTPAPI/2.0
      - Microsoft-HTTPAPI/2.0
      strict-transport-security:
      - max-age=31536000; includeSubDomains
      x-content-type-options:
      - nosniff
      x-ms-arm-service-request-id:
      - 75999091-0126-4033-9ecb-5a2ae6616bef
      x-ms-ratelimit-remaining-subscription-writes:
      - '1171'
    status:
      code: 201
      message: Created
- request:
    body: null
    headers:
      Accept:
      - application/json
      Accept-Encoding:
      - gzip, deflate
      CommandName:
      - network vnet create
      Connection:
      - keep-alive
      ParameterSetName:
      - -g -n --subnet-name --address-prefix --subnet-prefix
      User-Agent:
      - python/3.8.0 (Windows-10-10.0.19041-SP0) msrest/0.6.9 AZURECLISHELL/0.4.4
        AZURECLISHELL/0.4.4 msrest_azure/0.6.3 azure-mgmt-network/11.0.0 Azure-SDK-For-Python
        AZURECLI/2.9.0
    method: GET
    uri: https://management.azure.com/subscriptions/00000000-0000-0000-0000-000000000000/providers/Microsoft.Network/locations/westus/operations/e4a7b2df-5b2e-4ed3-be58-3fc43450cdcc?api-version=2020-05-01
  response:
    body:
      string: "{\r\n  \"status\": \"Succeeded\"\r\n}"
    headers:
      cache-control:
      - no-cache
      content-length:
      - '29'
      content-type:
      - application/json; charset=utf-8
      date:
      - Tue, 14 Jul 2020 12:30:42 GMT
      expires:
      - '-1'
      pragma:
      - no-cache
      server:
      - Microsoft-HTTPAPI/2.0
      - Microsoft-HTTPAPI/2.0
      strict-transport-security:
      - max-age=31536000; includeSubDomains
      transfer-encoding:
      - chunked
      vary:
      - Accept-Encoding
      x-content-type-options:
      - nosniff
      x-ms-arm-service-request-id:
      - 02b321b8-4dc3-4c1e-aa75-713e12f48f00
    status:
      code: 200
      message: OK
- request:
    body: null
    headers:
      Accept:
      - application/json
      Accept-Encoding:
      - gzip, deflate
      CommandName:
      - network vnet create
      Connection:
      - keep-alive
      ParameterSetName:
      - -g -n --subnet-name --address-prefix --subnet-prefix
      User-Agent:
      - python/3.8.0 (Windows-10-10.0.19041-SP0) msrest/0.6.9 AZURECLISHELL/0.4.4
        AZURECLISHELL/0.4.4 msrest_azure/0.6.3 azure-mgmt-network/11.0.0 Azure-SDK-For-Python
        AZURECLI/2.9.0
    method: GET
    uri: https://management.azure.com/subscriptions/00000000-0000-0000-0000-000000000000/resourceGroups/cli_test_vnet_peering000001/providers/Microsoft.Network/virtualNetworks/vnet2?api-version=2020-05-01
  response:
    body:
      string: "{\r\n  \"name\": \"vnet2\",\r\n  \"id\": \"/subscriptions/00000000-0000-0000-0000-000000000000/resourceGroups/cli_test_vnet_peering000001/providers/Microsoft.Network/virtualNetworks/vnet2\",\r\n
        \ \"etag\": \"W/\\\"9ea9515a-b5c0-4da8-b330-6a60bbdd10c1\\\"\",\r\n  \"type\":
        \"Microsoft.Network/virtualNetworks\",\r\n  \"location\": \"westus\",\r\n
        \ \"tags\": {},\r\n  \"properties\": {\r\n    \"provisioningState\": \"Succeeded\",\r\n
        \   \"resourceGuid\": \"daab1946-1da7-4e5c-88c2-93b677233f1a\",\r\n    \"addressSpace\":
        {\r\n      \"addressPrefixes\": [\r\n        \"11.0.0.0/16\"\r\n      ]\r\n
        \   },\r\n    \"dhcpOptions\": {\r\n      \"dnsServers\": []\r\n    },\r\n
        \   \"subnets\": [\r\n      {\r\n        \"name\": \"GatewaySubnet\",\r\n
        \       \"id\": \"/subscriptions/00000000-0000-0000-0000-000000000000/resourceGroups/cli_test_vnet_peering000001/providers/Microsoft.Network/virtualNetworks/vnet2/subnets/GatewaySubnet\",\r\n
        \       \"etag\": \"W/\\\"9ea9515a-b5c0-4da8-b330-6a60bbdd10c1\\\"\",\r\n
        \       \"properties\": {\r\n          \"provisioningState\": \"Succeeded\",\r\n
        \         \"addressPrefix\": \"11.0.0.0/24\",\r\n          \"delegations\":
        [],\r\n          \"privateEndpointNetworkPolicies\": \"Enabled\",\r\n          \"privateLinkServiceNetworkPolicies\":
        \"Enabled\"\r\n        },\r\n        \"type\": \"Microsoft.Network/virtualNetworks/subnets\"\r\n
        \     }\r\n    ],\r\n    \"virtualNetworkPeerings\": [],\r\n    \"enableDdosProtection\":
        false,\r\n    \"enableVmProtection\": false\r\n  }\r\n}"
    headers:
      cache-control:
      - no-cache
      content-length:
      - '1451'
      content-type:
      - application/json; charset=utf-8
      date:
      - Tue, 14 Jul 2020 12:30:43 GMT
      etag:
      - W/"9ea9515a-b5c0-4da8-b330-6a60bbdd10c1"
      expires:
      - '-1'
      pragma:
      - no-cache
      server:
      - Microsoft-HTTPAPI/2.0
      - Microsoft-HTTPAPI/2.0
      strict-transport-security:
      - max-age=31536000; includeSubDomains
      transfer-encoding:
      - chunked
      vary:
      - Accept-Encoding
      x-content-type-options:
      - nosniff
      x-ms-arm-service-request-id:
      - d1cd9b77-0348-4c50-a728-f3cb5bf045d6
    status:
      code: 200
      message: OK
- request:
    body: null
    headers:
      Accept:
      - application/json
      Accept-Encoding:
      - gzip, deflate
      CommandName:
      - network public-ip create
      Connection:
      - keep-alive
      ParameterSetName:
      - -g -n
      User-Agent:
      - python/3.8.0 (Windows-10-10.0.19041-SP0) msrest/0.6.9 AZURECLISHELL/0.4.4
        AZURECLISHELL/0.4.4 msrest_azure/0.6.3 azure-mgmt-resource/10.1.0 Azure-SDK-For-Python
        AZURECLI/2.9.0
      accept-language:
      - en-US
    method: GET
    uri: https://management.azure.com/subscriptions/00000000-0000-0000-0000-000000000000/resourcegroups/cli_test_vnet_peering000001?api-version=2020-06-01
  response:
    body:
      string: '{"id":"/subscriptions/00000000-0000-0000-0000-000000000000/resourceGroups/cli_test_vnet_peering000001","name":"cli_test_vnet_peering000001","type":"Microsoft.Resources/resourceGroups","location":"westus","tags":{"product":"azurecli","cause":"automation","date":"2020-07-14T12:30:18Z"},"properties":{"provisioningState":"Succeeded"}}'
    headers:
      cache-control:
      - no-cache
      content-length:
      - '428'
      content-type:
      - application/json; charset=utf-8
      date:
      - Tue, 14 Jul 2020 12:30:44 GMT
      expires:
      - '-1'
      pragma:
      - no-cache
      strict-transport-security:
      - max-age=31536000; includeSubDomains
      vary:
      - Accept-Encoding
      x-content-type-options:
      - nosniff
    status:
      code: 200
      message: OK
- request:
    body: '{"location": "westus", "properties": {"publicIPAllocationMethod": "Dynamic",
      "publicIPAddressVersion": "IPv4", "idleTimeoutInMinutes": 4}}'
    headers:
      Accept:
      - application/json
      Accept-Encoding:
      - gzip, deflate
      CommandName:
      - network public-ip create
      Connection:
      - keep-alive
      Content-Length:
      - '138'
      Content-Type:
      - application/json; charset=utf-8
      ParameterSetName:
      - -g -n
      User-Agent:
      - python/3.8.0 (Windows-10-10.0.19041-SP0) msrest/0.6.9 AZURECLISHELL/0.4.4
        AZURECLISHELL/0.4.4 msrest_azure/0.6.3 azure-mgmt-network/11.0.0 Azure-SDK-For-Python
        AZURECLI/2.9.0
      accept-language:
      - en-US
    method: PUT
    uri: https://management.azure.com/subscriptions/00000000-0000-0000-0000-000000000000/resourceGroups/cli_test_vnet_peering000001/providers/Microsoft.Network/publicIPAddresses/ip1?api-version=2020-05-01
  response:
    body:
      string: "{\r\n  \"name\": \"ip1\",\r\n  \"id\": \"/subscriptions/00000000-0000-0000-0000-000000000000/resourceGroups/cli_test_vnet_peering000001/providers/Microsoft.Network/publicIPAddresses/ip1\",\r\n
        \ \"etag\": \"W/\\\"c74cbcab-e9c0-49f4-bf8a-d09a90157c39\\\"\",\r\n  \"location\":
        \"westus\",\r\n  \"properties\": {\r\n    \"provisioningState\": \"Updating\",\r\n
        \   \"resourceGuid\": \"209cfa1d-d461-4c01-9562-ab161afc8ad9\",\r\n    \"publicIPAddressVersion\":
        \"IPv4\",\r\n    \"publicIPAllocationMethod\": \"Dynamic\",\r\n    \"idleTimeoutInMinutes\":
        4,\r\n    \"ipTags\": []\r\n  },\r\n  \"type\": \"Microsoft.Network/publicIPAddresses\",\r\n
        \ \"sku\": {\r\n    \"name\": \"Basic\"\r\n  }\r\n}"
    headers:
      azure-asyncnotification:
      - Enabled
      azure-asyncoperation:
      - https://management.azure.com/subscriptions/00000000-0000-0000-0000-000000000000/providers/Microsoft.Network/locations/westus/operations/845e3546-f9e3-4c90-8fdc-777ba757fd66?api-version=2020-05-01
      cache-control:
      - no-cache
      content-length:
      - '654'
      content-type:
      - application/json; charset=utf-8
      date:
      - Tue, 14 Jul 2020 12:30:49 GMT
      expires:
      - '-1'
      pragma:
      - no-cache
      server:
      - Microsoft-HTTPAPI/2.0
      - Microsoft-HTTPAPI/2.0
      strict-transport-security:
      - max-age=31536000; includeSubDomains
      x-content-type-options:
      - nosniff
      x-ms-arm-service-request-id:
      - 013d59a6-0dfe-4244-bbf3-20ec3521c0a8
      x-ms-ratelimit-remaining-subscription-writes:
      - '1181'
    status:
      code: 201
      message: Created
- request:
    body: null
    headers:
      Accept:
      - application/json
      Accept-Encoding:
      - gzip, deflate
      CommandName:
      - network public-ip create
      Connection:
      - keep-alive
      ParameterSetName:
      - -g -n
      User-Agent:
      - python/3.8.0 (Windows-10-10.0.19041-SP0) msrest/0.6.9 AZURECLISHELL/0.4.4
        AZURECLISHELL/0.4.4 msrest_azure/0.6.3 azure-mgmt-network/11.0.0 Azure-SDK-For-Python
        AZURECLI/2.9.0
    method: GET
    uri: https://management.azure.com/subscriptions/00000000-0000-0000-0000-000000000000/providers/Microsoft.Network/locations/westus/operations/845e3546-f9e3-4c90-8fdc-777ba757fd66?api-version=2020-05-01
  response:
    body:
      string: "{\r\n  \"status\": \"Succeeded\"\r\n}"
    headers:
      cache-control:
      - no-cache
      content-length:
      - '29'
      content-type:
      - application/json; charset=utf-8
      date:
      - Tue, 14 Jul 2020 12:30:52 GMT
      expires:
      - '-1'
      pragma:
      - no-cache
      server:
      - Microsoft-HTTPAPI/2.0
      - Microsoft-HTTPAPI/2.0
      strict-transport-security:
      - max-age=31536000; includeSubDomains
      transfer-encoding:
      - chunked
      vary:
      - Accept-Encoding
      x-content-type-options:
      - nosniff
      x-ms-arm-service-request-id:
      - 206deeba-9b76-4b91-81a1-0dee62324e74
    status:
      code: 200
      message: OK
- request:
    body: null
    headers:
      Accept:
      - application/json
      Accept-Encoding:
      - gzip, deflate
      CommandName:
      - network public-ip create
      Connection:
      - keep-alive
      ParameterSetName:
      - -g -n
      User-Agent:
      - python/3.8.0 (Windows-10-10.0.19041-SP0) msrest/0.6.9 AZURECLISHELL/0.4.4
        AZURECLISHELL/0.4.4 msrest_azure/0.6.3 azure-mgmt-network/11.0.0 Azure-SDK-For-Python
        AZURECLI/2.9.0
    method: GET
    uri: https://management.azure.com/subscriptions/00000000-0000-0000-0000-000000000000/resourceGroups/cli_test_vnet_peering000001/providers/Microsoft.Network/publicIPAddresses/ip1?api-version=2020-05-01
  response:
    body:
      string: "{\r\n  \"name\": \"ip1\",\r\n  \"id\": \"/subscriptions/00000000-0000-0000-0000-000000000000/resourceGroups/cli_test_vnet_peering000001/providers/Microsoft.Network/publicIPAddresses/ip1\",\r\n
        \ \"etag\": \"W/\\\"fc80227e-3944-42dc-9b68-aedb9c849c70\\\"\",\r\n  \"location\":
        \"westus\",\r\n  \"properties\": {\r\n    \"provisioningState\": \"Succeeded\",\r\n
        \   \"resourceGuid\": \"209cfa1d-d461-4c01-9562-ab161afc8ad9\",\r\n    \"publicIPAddressVersion\":
        \"IPv4\",\r\n    \"publicIPAllocationMethod\": \"Dynamic\",\r\n    \"idleTimeoutInMinutes\":
        4,\r\n    \"ipTags\": []\r\n  },\r\n  \"type\": \"Microsoft.Network/publicIPAddresses\",\r\n
        \ \"sku\": {\r\n    \"name\": \"Basic\"\r\n  }\r\n}"
    headers:
      cache-control:
      - no-cache
      content-length:
      - '655'
      content-type:
      - application/json; charset=utf-8
      date:
      - Tue, 14 Jul 2020 12:30:52 GMT
      etag:
      - W/"fc80227e-3944-42dc-9b68-aedb9c849c70"
      expires:
      - '-1'
      pragma:
      - no-cache
      server:
      - Microsoft-HTTPAPI/2.0
      - Microsoft-HTTPAPI/2.0
      strict-transport-security:
      - max-age=31536000; includeSubDomains
      transfer-encoding:
      - chunked
      vary:
      - Accept-Encoding
      x-content-type-options:
      - nosniff
      x-ms-arm-service-request-id:
      - c634a16b-e223-4e31-868f-d49479a37b2d
    status:
      code: 200
      message: OK
- request:
    body: null
    headers:
      Accept:
      - application/json
      Accept-Encoding:
      - gzip, deflate
      CommandName:
      - network public-ip show
      Connection:
      - keep-alive
      ParameterSetName:
      - -g -n --query
      User-Agent:
      - python/3.8.0 (Windows-10-10.0.19041-SP0) msrest/0.6.9 AZURECLISHELL/0.4.4
        AZURECLISHELL/0.4.4 msrest_azure/0.6.3 azure-mgmt-network/11.0.0 Azure-SDK-For-Python
        AZURECLI/2.9.0
      accept-language:
      - en-US
    method: GET
    uri: https://management.azure.com/subscriptions/00000000-0000-0000-0000-000000000000/resourceGroups/cli_test_vnet_peering000001/providers/Microsoft.Network/publicIPAddresses/ip1?api-version=2020-05-01
  response:
    body:
      string: "{\r\n  \"name\": \"ip1\",\r\n  \"id\": \"/subscriptions/00000000-0000-0000-0000-000000000000/resourceGroups/cli_test_vnet_peering000001/providers/Microsoft.Network/publicIPAddresses/ip1\",\r\n
        \ \"etag\": \"W/\\\"fc80227e-3944-42dc-9b68-aedb9c849c70\\\"\",\r\n  \"location\":
        \"westus\",\r\n  \"properties\": {\r\n    \"provisioningState\": \"Succeeded\",\r\n
        \   \"resourceGuid\": \"209cfa1d-d461-4c01-9562-ab161afc8ad9\",\r\n    \"publicIPAddressVersion\":
        \"IPv4\",\r\n    \"publicIPAllocationMethod\": \"Dynamic\",\r\n    \"idleTimeoutInMinutes\":
        4,\r\n    \"ipTags\": []\r\n  },\r\n  \"type\": \"Microsoft.Network/publicIPAddresses\",\r\n
        \ \"sku\": {\r\n    \"name\": \"Basic\"\r\n  }\r\n}"
    headers:
      cache-control:
      - no-cache
      content-length:
      - '655'
      content-type:
      - application/json; charset=utf-8
      date:
      - Tue, 14 Jul 2020 12:30:53 GMT
      etag:
      - W/"fc80227e-3944-42dc-9b68-aedb9c849c70"
      expires:
      - '-1'
      pragma:
      - no-cache
      server:
      - Microsoft-HTTPAPI/2.0
      - Microsoft-HTTPAPI/2.0
      strict-transport-security:
      - max-age=31536000; includeSubDomains
      transfer-encoding:
      - chunked
      vary:
      - Accept-Encoding
      x-content-type-options:
      - nosniff
      x-ms-arm-service-request-id:
      - 0683359c-0363-4db1-9a10-4d6c2e945462
    status:
      code: 200
      message: OK
- request:
    body: null
    headers:
      Accept:
      - application/json
      Accept-Encoding:
      - gzip, deflate
      CommandName:
      - network vnet show
      Connection:
      - keep-alive
      ParameterSetName:
      - -g -n --query
      User-Agent:
      - python/3.8.0 (Windows-10-10.0.19041-SP0) msrest/0.6.9 AZURECLISHELL/0.4.4
        AZURECLISHELL/0.4.4 msrest_azure/0.6.3 azure-mgmt-network/11.0.0 Azure-SDK-For-Python
        AZURECLI/2.9.0
      accept-language:
      - en-US
    method: GET
    uri: https://management.azure.com/subscriptions/00000000-0000-0000-0000-000000000000/resourceGroups/cli_test_vnet_peering000001/providers/Microsoft.Network/virtualNetworks/vnet2?api-version=2020-05-01
  response:
    body:
      string: "{\r\n  \"name\": \"vnet2\",\r\n  \"id\": \"/subscriptions/00000000-0000-0000-0000-000000000000/resourceGroups/cli_test_vnet_peering000001/providers/Microsoft.Network/virtualNetworks/vnet2\",\r\n
        \ \"etag\": \"W/\\\"9ea9515a-b5c0-4da8-b330-6a60bbdd10c1\\\"\",\r\n  \"type\":
        \"Microsoft.Network/virtualNetworks\",\r\n  \"location\": \"westus\",\r\n
        \ \"tags\": {},\r\n  \"properties\": {\r\n    \"provisioningState\": \"Succeeded\",\r\n
        \   \"resourceGuid\": \"daab1946-1da7-4e5c-88c2-93b677233f1a\",\r\n    \"addressSpace\":
        {\r\n      \"addressPrefixes\": [\r\n        \"11.0.0.0/16\"\r\n      ]\r\n
        \   },\r\n    \"dhcpOptions\": {\r\n      \"dnsServers\": []\r\n    },\r\n
        \   \"subnets\": [\r\n      {\r\n        \"name\": \"GatewaySubnet\",\r\n
        \       \"id\": \"/subscriptions/00000000-0000-0000-0000-000000000000/resourceGroups/cli_test_vnet_peering000001/providers/Microsoft.Network/virtualNetworks/vnet2/subnets/GatewaySubnet\",\r\n
        \       \"etag\": \"W/\\\"9ea9515a-b5c0-4da8-b330-6a60bbdd10c1\\\"\",\r\n
        \       \"properties\": {\r\n          \"provisioningState\": \"Succeeded\",\r\n
        \         \"addressPrefix\": \"11.0.0.0/24\",\r\n          \"delegations\":
        [],\r\n          \"privateEndpointNetworkPolicies\": \"Enabled\",\r\n          \"privateLinkServiceNetworkPolicies\":
        \"Enabled\"\r\n        },\r\n        \"type\": \"Microsoft.Network/virtualNetworks/subnets\"\r\n
        \     }\r\n    ],\r\n    \"virtualNetworkPeerings\": [],\r\n    \"enableDdosProtection\":
        false,\r\n    \"enableVmProtection\": false\r\n  }\r\n}"
    headers:
      cache-control:
      - no-cache
      content-length:
      - '1451'
      content-type:
      - application/json; charset=utf-8
      date:
      - Tue, 14 Jul 2020 12:30:53 GMT
      etag:
      - W/"9ea9515a-b5c0-4da8-b330-6a60bbdd10c1"
      expires:
      - '-1'
      pragma:
      - no-cache
      server:
      - Microsoft-HTTPAPI/2.0
      - Microsoft-HTTPAPI/2.0
      strict-transport-security:
      - max-age=31536000; includeSubDomains
      transfer-encoding:
      - chunked
      vary:
      - Accept-Encoding
      x-content-type-options:
      - nosniff
      x-ms-arm-service-request-id:
      - 0ed6ffb2-4c0c-4fa3-a0cf-253c7a6b7153
    status:
      code: 200
      message: OK
- request:
    body: null
    headers:
      Accept:
      - application/json
      Accept-Encoding:
      - gzip, deflate
      CommandName:
      - network vnet-gateway create
      Connection:
      - keep-alive
      ParameterSetName:
      - -g -n --public-ip-address --vnet --tags
      User-Agent:
      - python/3.8.0 (Windows-10-10.0.19041-SP0) msrest/0.6.9 AZURECLISHELL/0.4.4
        AZURECLISHELL/0.4.4 msrest_azure/0.6.3 azure-mgmt-resource/10.1.0 Azure-SDK-For-Python
        AZURECLI/2.9.0
      accept-language:
      - en-US
    method: GET
    uri: https://management.azure.com/subscriptions/00000000-0000-0000-0000-000000000000/resourcegroups/cli_test_vnet_peering000001?api-version=2020-06-01
  response:
    body:
      string: '{"id":"/subscriptions/00000000-0000-0000-0000-000000000000/resourceGroups/cli_test_vnet_peering000001","name":"cli_test_vnet_peering000001","type":"Microsoft.Resources/resourceGroups","location":"westus","tags":{"product":"azurecli","cause":"automation","date":"2020-07-14T12:30:18Z"},"properties":{"provisioningState":"Succeeded"}}'
    headers:
      cache-control:
      - no-cache
      content-length:
      - '428'
      content-type:
      - application/json; charset=utf-8
      date:
      - Tue, 14 Jul 2020 12:30:55 GMT
      expires:
      - '-1'
      pragma:
      - no-cache
      strict-transport-security:
      - max-age=31536000; includeSubDomains
      vary:
      - Accept-Encoding
      x-content-type-options:
      - nosniff
    status:
      code: 200
      message: OK
- request:
    body: 'b''{"location": "westus", "tags": {"foo": "doo"}, "properties": {"ipConfigurations":
      [{"properties": {"privateIPAllocationMethod": "Dynamic", "subnet": {"id": "/subscriptions/00000000-0000-0000-0000-000000000000/resourceGroups/cli_test_vnet_peering000001/providers/Microsoft.Network/virtualNetworks/vnet2/subnets/GatewaySubnet"},
      "publicIPAddress": {"id": "/subscriptions/00000000-0000-0000-0000-000000000000/resourceGroups/cli_test_vnet_peering000001/providers/Microsoft.Network/publicIPAddresses/ip1"}},
      "name": "vnetGatewayConfig0"}], "gatewayType": "Vpn", "vpnType": "RouteBased",
      "activeActive": false, "sku": {"name": "Basic", "tier": "Basic"}}}'''
    headers:
      Accept:
      - application/json
      Accept-Encoding:
      - gzip, deflate
      CommandName:
      - network vnet-gateway create
      Connection:
      - keep-alive
      Content-Length:
      - '744'
      Content-Type:
      - application/json; charset=utf-8
      ParameterSetName:
      - -g -n --public-ip-address --vnet --tags
      User-Agent:
      - python/3.8.0 (Windows-10-10.0.19041-SP0) msrest/0.6.9 AZURECLISHELL/0.4.4
        AZURECLISHELL/0.4.4 msrest_azure/0.6.3 azure-mgmt-network/11.0.0 Azure-SDK-For-Python
        AZURECLI/2.9.0
      accept-language:
      - en-US
    method: PUT
    uri: https://management.azure.com/subscriptions/00000000-0000-0000-0000-000000000000/resourceGroups/cli_test_vnet_peering000001/providers/Microsoft.Network/virtualNetworkGateways/gateway1?api-version=2020-05-01
  response:
    body:
      string: "{\r\n  \"name\": \"gateway1\",\r\n  \"id\": \"/subscriptions/00000000-0000-0000-0000-000000000000/resourceGroups/cli_test_vnet_peering000001/providers/Microsoft.Network/virtualNetworkGateways/gateway1\",\r\n
        \ \"etag\": \"W/\\\"f054b819-ca7f-483e-a888-ad1c3936a850\\\"\",\r\n  \"type\":
        \"Microsoft.Network/virtualNetworkGateways\",\r\n  \"location\": \"westus\",\r\n
        \ \"tags\": {\r\n    \"foo\": \"doo\"\r\n  },\r\n  \"properties\": {\r\n    \"provisioningState\":
        \"Updating\",\r\n    \"resourceGuid\": \"f89aa491-f86f-4419-9c5e-f6dbc3e179b9\",\r\n
        \   \"packetCaptureDiagnosticState\": \"None\",\r\n    \"enablePrivateIpAddress\":
        false,\r\n    \"ipConfigurations\": [\r\n      {\r\n        \"name\": \"vnetGatewayConfig0\",\r\n
        \       \"id\": \"/subscriptions/00000000-0000-0000-0000-000000000000/resourceGroups/cli_test_vnet_peering000001/providers/Microsoft.Network/virtualNetworkGateways/gateway1/ipConfigurations/vnetGatewayConfig0\",\r\n
        \       \"etag\": \"W/\\\"f054b819-ca7f-483e-a888-ad1c3936a850\\\"\",\r\n
        \       \"type\": \"Microsoft.Network/virtualNetworkGateways/ipConfigurations\",\r\n
        \       \"properties\": {\r\n          \"provisioningState\": \"Updating\",\r\n
        \         \"privateIPAllocationMethod\": \"Dynamic\",\r\n          \"publicIPAddress\":
        {\r\n            \"id\": \"/subscriptions/00000000-0000-0000-0000-000000000000/resourceGroups/cli_test_vnet_peering000001/providers/Microsoft.Network/publicIPAddresses/ip1\"\r\n
        \         },\r\n          \"subnet\": {\r\n            \"id\": \"/subscriptions/00000000-0000-0000-0000-000000000000/resourceGroups/cli_test_vnet_peering000001/providers/Microsoft.Network/virtualNetworks/vnet2/subnets/GatewaySubnet\"\r\n
        \         }\r\n        }\r\n      }\r\n    ],\r\n    \"sku\": {\r\n      \"name\":
        \"Basic\",\r\n      \"tier\": \"Basic\",\r\n      \"capacity\": 2\r\n    },\r\n
        \   \"gatewayType\": \"Vpn\",\r\n    \"vpnType\": \"RouteBased\",\r\n    \"enableBgp\":
        false,\r\n    \"activeActive\": false,\r\n    \"vpnClientConfiguration\":
        {\r\n      \"vpnClientProtocols\": [\r\n        \"SSTP\"\r\n      ],\r\n      \"vpnClientRootCertificates\":
        [],\r\n      \"vpnClientRevokedCertificates\": [],\r\n      \"radiusServers\":
        [],\r\n      \"vpnClientIpsecPolicies\": []\r\n    },\r\n    \"bgpSettings\":
        {\r\n      \"asn\": 0,\r\n      \"peerWeight\": 0,\r\n      \"bgpPeeringAddresses\":
        [\r\n        {\r\n          \"ipconfigurationId\": \"/subscriptions/00000000-0000-0000-0000-000000000000/resourceGroups/cli_test_vnet_peering000001/providers/Microsoft.Network/virtualNetworkGateways/gateway1/ipConfigurations/vnetGatewayConfig0\",\r\n
        \         \"defaultBgpIpAddresses\": [],\r\n          \"customBgpIpAddresses\":
        []\r\n        }\r\n      ]\r\n    },\r\n    \"vpnGatewayGeneration\": \"Generation1\"\r\n
        \ }\r\n}"
    headers:
      azure-asyncnotification:
      - Enabled
      azure-asyncoperation:
      - https://management.azure.com/subscriptions/00000000-0000-0000-0000-000000000000/providers/Microsoft.Network/locations/westus/operations/5c9d0c0b-aa3d-4836-b7a0-fd23e7278c84?api-version=2020-05-01
      cache-control:
      - no-cache
      content-length:
      - '2750'
      content-type:
      - application/json; charset=utf-8
      date:
      - Tue, 14 Jul 2020 12:31:00 GMT
      expires:
      - '-1'
      pragma:
      - no-cache
      server:
      - Microsoft-HTTPAPI/2.0
      - Microsoft-HTTPAPI/2.0
      strict-transport-security:
      - max-age=31536000; includeSubDomains
      x-content-type-options:
      - nosniff
      x-ms-arm-service-request-id:
      - c9b49ec0-b0ae-4614-9b6d-56700beb94a0
      x-ms-ratelimit-remaining-subscription-writes:
      - '1166'
    status:
      code: 201
      message: Created
- request:
    body: null
    headers:
      Accept:
      - application/json
      Accept-Encoding:
      - gzip, deflate
      CommandName:
      - network vnet-gateway create
      Connection:
      - keep-alive
      ParameterSetName:
      - -g -n --public-ip-address --vnet --tags
      User-Agent:
      - python/3.8.0 (Windows-10-10.0.19041-SP0) msrest/0.6.9 AZURECLISHELL/0.4.4
        AZURECLISHELL/0.4.4 msrest_azure/0.6.3 azure-mgmt-network/11.0.0 Azure-SDK-For-Python
        AZURECLI/2.9.0
    method: GET
    uri: https://management.azure.com/subscriptions/00000000-0000-0000-0000-000000000000/providers/Microsoft.Network/locations/westus/operations/5c9d0c0b-aa3d-4836-b7a0-fd23e7278c84?api-version=2020-05-01
  response:
    body:
      string: "{\r\n  \"status\": \"InProgress\"\r\n}"
    headers:
      cache-control:
      - no-cache
      content-length:
      - '30'
      content-type:
      - application/json; charset=utf-8
      date:
      - Tue, 14 Jul 2020 12:31:12 GMT
      expires:
      - '-1'
      pragma:
      - no-cache
      server:
      - Microsoft-HTTPAPI/2.0
      - Microsoft-HTTPAPI/2.0
      strict-transport-security:
      - max-age=31536000; includeSubDomains
      transfer-encoding:
      - chunked
      vary:
      - Accept-Encoding
      x-content-type-options:
      - nosniff
      x-ms-arm-service-request-id:
      - ac8d5636-2ec0-4be6-9427-f588d27a33b5
    status:
      code: 200
      message: OK
- request:
    body: null
    headers:
      Accept:
      - application/json
      Accept-Encoding:
      - gzip, deflate
      CommandName:
      - network vnet-gateway create
      Connection:
      - keep-alive
      ParameterSetName:
      - -g -n --public-ip-address --vnet --tags
      User-Agent:
      - python/3.8.0 (Windows-10-10.0.19041-SP0) msrest/0.6.9 AZURECLISHELL/0.4.4
        AZURECLISHELL/0.4.4 msrest_azure/0.6.3 azure-mgmt-network/11.0.0 Azure-SDK-For-Python
        AZURECLI/2.9.0
    method: GET
    uri: https://management.azure.com/subscriptions/00000000-0000-0000-0000-000000000000/providers/Microsoft.Network/locations/westus/operations/5c9d0c0b-aa3d-4836-b7a0-fd23e7278c84?api-version=2020-05-01
  response:
    body:
      string: "{\r\n  \"status\": \"InProgress\"\r\n}"
    headers:
      cache-control:
      - no-cache
      content-length:
      - '30'
      content-type:
      - application/json; charset=utf-8
      date:
      - Tue, 14 Jul 2020 12:31:22 GMT
      expires:
      - '-1'
      pragma:
      - no-cache
      server:
      - Microsoft-HTTPAPI/2.0
      - Microsoft-HTTPAPI/2.0
      strict-transport-security:
      - max-age=31536000; includeSubDomains
      transfer-encoding:
      - chunked
      vary:
      - Accept-Encoding
      x-content-type-options:
      - nosniff
      x-ms-arm-service-request-id:
      - 4b90b392-e98a-4077-bc0b-c40ba414f8e2
    status:
      code: 200
      message: OK
- request:
    body: null
    headers:
      Accept:
      - application/json
      Accept-Encoding:
      - gzip, deflate
      CommandName:
      - network vnet-gateway create
      Connection:
      - keep-alive
      ParameterSetName:
      - -g -n --public-ip-address --vnet --tags
      User-Agent:
      - python/3.8.0 (Windows-10-10.0.19041-SP0) msrest/0.6.9 AZURECLISHELL/0.4.4
        AZURECLISHELL/0.4.4 msrest_azure/0.6.3 azure-mgmt-network/11.0.0 Azure-SDK-For-Python
        AZURECLI/2.9.0
    method: GET
    uri: https://management.azure.com/subscriptions/00000000-0000-0000-0000-000000000000/providers/Microsoft.Network/locations/westus/operations/5c9d0c0b-aa3d-4836-b7a0-fd23e7278c84?api-version=2020-05-01
  response:
    body:
      string: "{\r\n  \"status\": \"InProgress\"\r\n}"
    headers:
      cache-control:
      - no-cache
      content-length:
      - '30'
      content-type:
      - application/json; charset=utf-8
      date:
      - Tue, 14 Jul 2020 12:31:42 GMT
      expires:
      - '-1'
      pragma:
      - no-cache
      server:
      - Microsoft-HTTPAPI/2.0
      - Microsoft-HTTPAPI/2.0
      strict-transport-security:
      - max-age=31536000; includeSubDomains
      transfer-encoding:
      - chunked
      vary:
      - Accept-Encoding
      x-content-type-options:
      - nosniff
      x-ms-arm-service-request-id:
      - ec3ed1b4-133d-486f-84cf-4d4055e72e59
    status:
      code: 200
      message: OK
- request:
    body: null
    headers:
      Accept:
      - application/json
      Accept-Encoding:
      - gzip, deflate
      CommandName:
      - network vnet-gateway create
      Connection:
      - keep-alive
      ParameterSetName:
      - -g -n --public-ip-address --vnet --tags
      User-Agent:
      - python/3.8.0 (Windows-10-10.0.19041-SP0) msrest/0.6.9 AZURECLISHELL/0.4.4
        AZURECLISHELL/0.4.4 msrest_azure/0.6.3 azure-mgmt-network/11.0.0 Azure-SDK-For-Python
        AZURECLI/2.9.0
    method: GET
    uri: https://management.azure.com/subscriptions/00000000-0000-0000-0000-000000000000/providers/Microsoft.Network/locations/westus/operations/5c9d0c0b-aa3d-4836-b7a0-fd23e7278c84?api-version=2020-05-01
  response:
    body:
      string: "{\r\n  \"status\": \"InProgress\"\r\n}"
    headers:
      cache-control:
      - no-cache
      content-length:
      - '30'
      content-type:
      - application/json; charset=utf-8
      date:
      - Tue, 14 Jul 2020 12:32:02 GMT
      expires:
      - '-1'
      pragma:
      - no-cache
      server:
      - Microsoft-HTTPAPI/2.0
      - Microsoft-HTTPAPI/2.0
      strict-transport-security:
      - max-age=31536000; includeSubDomains
      transfer-encoding:
      - chunked
      vary:
      - Accept-Encoding
      x-content-type-options:
      - nosniff
      x-ms-arm-service-request-id:
      - 9b2dfe56-7c62-4c77-b9c4-6a13fd01f6b4
    status:
      code: 200
      message: OK
- request:
    body: null
    headers:
      Accept:
      - application/json
      Accept-Encoding:
      - gzip, deflate
      CommandName:
      - network vnet-gateway create
      Connection:
      - keep-alive
      ParameterSetName:
      - -g -n --public-ip-address --vnet --tags
      User-Agent:
      - python/3.8.0 (Windows-10-10.0.19041-SP0) msrest/0.6.9 AZURECLISHELL/0.4.4
        AZURECLISHELL/0.4.4 msrest_azure/0.6.3 azure-mgmt-network/11.0.0 Azure-SDK-For-Python
        AZURECLI/2.9.0
    method: GET
    uri: https://management.azure.com/subscriptions/00000000-0000-0000-0000-000000000000/providers/Microsoft.Network/locations/westus/operations/5c9d0c0b-aa3d-4836-b7a0-fd23e7278c84?api-version=2020-05-01
  response:
    body:
      string: "{\r\n  \"status\": \"InProgress\"\r\n}"
    headers:
      cache-control:
      - no-cache
      content-length:
      - '30'
      content-type:
      - application/json; charset=utf-8
      date:
      - Tue, 14 Jul 2020 12:32:43 GMT
      expires:
      - '-1'
      pragma:
      - no-cache
      server:
      - Microsoft-HTTPAPI/2.0
      - Microsoft-HTTPAPI/2.0
      strict-transport-security:
      - max-age=31536000; includeSubDomains
      transfer-encoding:
      - chunked
      vary:
      - Accept-Encoding
      x-content-type-options:
      - nosniff
      x-ms-arm-service-request-id:
      - efe56e27-7cb5-4b64-bce4-e34eeadc651c
    status:
      code: 200
      message: OK
- request:
    body: null
    headers:
      Accept:
      - application/json
      Accept-Encoding:
      - gzip, deflate
      CommandName:
      - network vnet-gateway create
      Connection:
      - keep-alive
      ParameterSetName:
      - -g -n --public-ip-address --vnet --tags
      User-Agent:
      - python/3.8.0 (Windows-10-10.0.19041-SP0) msrest/0.6.9 AZURECLISHELL/0.4.4
        AZURECLISHELL/0.4.4 msrest_azure/0.6.3 azure-mgmt-network/11.0.0 Azure-SDK-For-Python
        AZURECLI/2.9.0
    method: GET
    uri: https://management.azure.com/subscriptions/00000000-0000-0000-0000-000000000000/providers/Microsoft.Network/locations/westus/operations/5c9d0c0b-aa3d-4836-b7a0-fd23e7278c84?api-version=2020-05-01
  response:
    body:
      string: "{\r\n  \"status\": \"InProgress\"\r\n}"
    headers:
      cache-control:
      - no-cache
      content-length:
      - '30'
      content-type:
      - application/json; charset=utf-8
      date:
      - Tue, 14 Jul 2020 12:33:23 GMT
      expires:
      - '-1'
      pragma:
      - no-cache
      server:
      - Microsoft-HTTPAPI/2.0
      - Microsoft-HTTPAPI/2.0
      strict-transport-security:
      - max-age=31536000; includeSubDomains
      transfer-encoding:
      - chunked
      vary:
      - Accept-Encoding
      x-content-type-options:
      - nosniff
      x-ms-arm-service-request-id:
      - 8a5a2345-621f-4f72-a28e-54b95966cb31
    status:
      code: 200
      message: OK
- request:
    body: null
    headers:
      Accept:
      - application/json
      Accept-Encoding:
      - gzip, deflate
      CommandName:
      - network vnet-gateway create
      Connection:
      - keep-alive
      ParameterSetName:
      - -g -n --public-ip-address --vnet --tags
      User-Agent:
      - python/3.8.0 (Windows-10-10.0.19041-SP0) msrest/0.6.9 AZURECLISHELL/0.4.4
        AZURECLISHELL/0.4.4 msrest_azure/0.6.3 azure-mgmt-network/11.0.0 Azure-SDK-For-Python
        AZURECLI/2.9.0
    method: GET
    uri: https://management.azure.com/subscriptions/00000000-0000-0000-0000-000000000000/providers/Microsoft.Network/locations/westus/operations/5c9d0c0b-aa3d-4836-b7a0-fd23e7278c84?api-version=2020-05-01
  response:
    body:
      string: "{\r\n  \"status\": \"InProgress\"\r\n}"
    headers:
      cache-control:
      - no-cache
      content-length:
      - '30'
      content-type:
      - application/json; charset=utf-8
      date:
      - Tue, 14 Jul 2020 12:35:04 GMT
      expires:
      - '-1'
      pragma:
      - no-cache
      server:
      - Microsoft-HTTPAPI/2.0
      - Microsoft-HTTPAPI/2.0
      strict-transport-security:
      - max-age=31536000; includeSubDomains
      transfer-encoding:
      - chunked
      vary:
      - Accept-Encoding
      x-content-type-options:
      - nosniff
      x-ms-arm-service-request-id:
      - 6aa7b77e-d26a-41fa-bd32-51cd192c1a52
    status:
      code: 200
      message: OK
- request:
    body: null
    headers:
      Accept:
      - application/json
      Accept-Encoding:
      - gzip, deflate
      CommandName:
      - network vnet-gateway create
      Connection:
      - keep-alive
      ParameterSetName:
      - -g -n --public-ip-address --vnet --tags
      User-Agent:
      - python/3.8.0 (Windows-10-10.0.19041-SP0) msrest/0.6.9 AZURECLISHELL/0.4.4
        AZURECLISHELL/0.4.4 msrest_azure/0.6.3 azure-mgmt-network/11.0.0 Azure-SDK-For-Python
        AZURECLI/2.9.0
    method: GET
    uri: https://management.azure.com/subscriptions/00000000-0000-0000-0000-000000000000/providers/Microsoft.Network/locations/westus/operations/5c9d0c0b-aa3d-4836-b7a0-fd23e7278c84?api-version=2020-05-01
  response:
    body:
      string: "{\r\n  \"status\": \"InProgress\"\r\n}"
    headers:
      cache-control:
      - no-cache
      content-length:
      - '30'
      content-type:
      - application/json; charset=utf-8
      date:
      - Tue, 14 Jul 2020 12:36:45 GMT
      expires:
      - '-1'
      pragma:
      - no-cache
      server:
      - Microsoft-HTTPAPI/2.0
      - Microsoft-HTTPAPI/2.0
      strict-transport-security:
      - max-age=31536000; includeSubDomains
      transfer-encoding:
      - chunked
      vary:
      - Accept-Encoding
      x-content-type-options:
      - nosniff
      x-ms-arm-service-request-id:
      - 0d92b580-2fa8-4ca7-9f4e-a40fe3c54b96
    status:
      code: 200
      message: OK
- request:
    body: null
    headers:
      Accept:
      - application/json
      Accept-Encoding:
      - gzip, deflate
      CommandName:
      - network vnet-gateway create
      Connection:
      - keep-alive
      ParameterSetName:
      - -g -n --public-ip-address --vnet --tags
      User-Agent:
      - python/3.8.0 (Windows-10-10.0.19041-SP0) msrest/0.6.9 AZURECLISHELL/0.4.4
        AZURECLISHELL/0.4.4 msrest_azure/0.6.3 azure-mgmt-network/11.0.0 Azure-SDK-For-Python
        AZURECLI/2.9.0
    method: GET
    uri: https://management.azure.com/subscriptions/00000000-0000-0000-0000-000000000000/providers/Microsoft.Network/locations/westus/operations/5c9d0c0b-aa3d-4836-b7a0-fd23e7278c84?api-version=2020-05-01
  response:
    body:
      string: "{\r\n  \"status\": \"InProgress\"\r\n}"
    headers:
      cache-control:
      - no-cache
      content-length:
      - '30'
      content-type:
      - application/json; charset=utf-8
      date:
      - Tue, 14 Jul 2020 12:38:26 GMT
      expires:
      - '-1'
      pragma:
      - no-cache
      server:
      - Microsoft-HTTPAPI/2.0
      - Microsoft-HTTPAPI/2.0
      strict-transport-security:
      - max-age=31536000; includeSubDomains
      transfer-encoding:
      - chunked
      vary:
      - Accept-Encoding
      x-content-type-options:
      - nosniff
      x-ms-arm-service-request-id:
      - 9fe6f467-c3fd-4924-83c3-f36b1af3ea48
    status:
      code: 200
      message: OK
- request:
    body: null
    headers:
      Accept:
      - application/json
      Accept-Encoding:
      - gzip, deflate
      CommandName:
      - network vnet-gateway create
      Connection:
      - keep-alive
      ParameterSetName:
      - -g -n --public-ip-address --vnet --tags
      User-Agent:
      - python/3.8.0 (Windows-10-10.0.19041-SP0) msrest/0.6.9 AZURECLISHELL/0.4.4
        AZURECLISHELL/0.4.4 msrest_azure/0.6.3 azure-mgmt-network/11.0.0 Azure-SDK-For-Python
        AZURECLI/2.9.0
    method: GET
    uri: https://management.azure.com/subscriptions/00000000-0000-0000-0000-000000000000/providers/Microsoft.Network/locations/westus/operations/5c9d0c0b-aa3d-4836-b7a0-fd23e7278c84?api-version=2020-05-01
  response:
    body:
      string: "{\r\n  \"status\": \"InProgress\"\r\n}"
    headers:
      cache-control:
      - no-cache
      content-length:
      - '30'
      content-type:
      - application/json; charset=utf-8
      date:
      - Tue, 14 Jul 2020 12:40:07 GMT
      expires:
      - '-1'
      pragma:
      - no-cache
      server:
      - Microsoft-HTTPAPI/2.0
      - Microsoft-HTTPAPI/2.0
      strict-transport-security:
      - max-age=31536000; includeSubDomains
      transfer-encoding:
      - chunked
      vary:
      - Accept-Encoding
      x-content-type-options:
      - nosniff
      x-ms-arm-service-request-id:
      - d92b2167-8435-4d14-b387-5c7933d6b271
    status:
      code: 200
      message: OK
- request:
    body: null
    headers:
      Accept:
      - application/json
      Accept-Encoding:
      - gzip, deflate
      CommandName:
      - network vnet-gateway create
      Connection:
      - keep-alive
      ParameterSetName:
      - -g -n --public-ip-address --vnet --tags
      User-Agent:
      - python/3.8.0 (Windows-10-10.0.19041-SP0) msrest/0.6.9 AZURECLISHELL/0.4.4
        AZURECLISHELL/0.4.4 msrest_azure/0.6.3 azure-mgmt-network/11.0.0 Azure-SDK-For-Python
        AZURECLI/2.9.0
    method: GET
    uri: https://management.azure.com/subscriptions/00000000-0000-0000-0000-000000000000/providers/Microsoft.Network/locations/westus/operations/5c9d0c0b-aa3d-4836-b7a0-fd23e7278c84?api-version=2020-05-01
  response:
    body:
      string: "{\r\n  \"status\": \"InProgress\"\r\n}"
    headers:
      cache-control:
      - no-cache
      content-length:
      - '30'
      content-type:
      - application/json; charset=utf-8
      date:
      - Tue, 14 Jul 2020 12:41:48 GMT
      expires:
      - '-1'
      pragma:
      - no-cache
      server:
      - Microsoft-HTTPAPI/2.0
      - Microsoft-HTTPAPI/2.0
      strict-transport-security:
      - max-age=31536000; includeSubDomains
      transfer-encoding:
      - chunked
      vary:
      - Accept-Encoding
      x-content-type-options:
      - nosniff
      x-ms-arm-service-request-id:
      - 4327dfb4-7fb3-487f-aef9-bde4bd134e51
    status:
      code: 200
      message: OK
- request:
    body: null
    headers:
      Accept:
      - application/json
      Accept-Encoding:
      - gzip, deflate
      CommandName:
      - network vnet-gateway create
      Connection:
      - keep-alive
      ParameterSetName:
      - -g -n --public-ip-address --vnet --tags
      User-Agent:
      - python/3.8.0 (Windows-10-10.0.19041-SP0) msrest/0.6.9 AZURECLISHELL/0.4.4
        AZURECLISHELL/0.4.4 msrest_azure/0.6.3 azure-mgmt-network/11.0.0 Azure-SDK-For-Python
        AZURECLI/2.9.0
    method: GET
    uri: https://management.azure.com/subscriptions/00000000-0000-0000-0000-000000000000/providers/Microsoft.Network/locations/westus/operations/5c9d0c0b-aa3d-4836-b7a0-fd23e7278c84?api-version=2020-05-01
  response:
    body:
      string: "{\r\n  \"status\": \"InProgress\"\r\n}"
    headers:
      cache-control:
      - no-cache
      content-length:
      - '30'
      content-type:
      - application/json; charset=utf-8
      date:
      - Tue, 14 Jul 2020 12:43:29 GMT
      expires:
      - '-1'
      pragma:
      - no-cache
      server:
      - Microsoft-HTTPAPI/2.0
      - Microsoft-HTTPAPI/2.0
      strict-transport-security:
      - max-age=31536000; includeSubDomains
      transfer-encoding:
      - chunked
      vary:
      - Accept-Encoding
      x-content-type-options:
      - nosniff
      x-ms-arm-service-request-id:
      - 7dca7541-86cd-44df-8c46-5c4db84298aa
    status:
      code: 200
      message: OK
- request:
    body: null
    headers:
      Accept:
      - application/json
      Accept-Encoding:
      - gzip, deflate
      CommandName:
      - network vnet-gateway create
      Connection:
      - keep-alive
      ParameterSetName:
      - -g -n --public-ip-address --vnet --tags
      User-Agent:
      - python/3.8.0 (Windows-10-10.0.19041-SP0) msrest/0.6.9 AZURECLISHELL/0.4.4
        AZURECLISHELL/0.4.4 msrest_azure/0.6.3 azure-mgmt-network/11.0.0 Azure-SDK-For-Python
        AZURECLI/2.9.0
    method: GET
    uri: https://management.azure.com/subscriptions/00000000-0000-0000-0000-000000000000/providers/Microsoft.Network/locations/westus/operations/5c9d0c0b-aa3d-4836-b7a0-fd23e7278c84?api-version=2020-05-01
  response:
    body:
      string: "{\r\n  \"status\": \"InProgress\"\r\n}"
    headers:
      cache-control:
      - no-cache
      content-length:
      - '30'
      content-type:
      - application/json; charset=utf-8
      date:
      - Tue, 14 Jul 2020 12:46:44 GMT
      expires:
      - '-1'
      pragma:
      - no-cache
      server:
      - Microsoft-HTTPAPI/2.0
      - Microsoft-HTTPAPI/2.0
      strict-transport-security:
      - max-age=31536000; includeSubDomains
      transfer-encoding:
      - chunked
      vary:
      - Accept-Encoding
      x-content-type-options:
      - nosniff
      x-ms-arm-service-request-id:
      - 3201294f-b872-481a-a08f-439eb893284b
    status:
      code: 200
      message: OK
- request:
    body: null
    headers:
      Accept:
      - application/json
      Accept-Encoding:
      - gzip, deflate
      CommandName:
      - network vnet-gateway create
      Connection:
      - keep-alive
      ParameterSetName:
      - -g -n --public-ip-address --vnet --tags
      User-Agent:
      - python/3.8.0 (Windows-10-10.0.19041-SP0) msrest/0.6.9 AZURECLISHELL/0.4.4
        AZURECLISHELL/0.4.4 msrest_azure/0.6.3 azure-mgmt-network/11.0.0 Azure-SDK-For-Python
        AZURECLI/2.9.0
    method: GET
    uri: https://management.azure.com/subscriptions/00000000-0000-0000-0000-000000000000/providers/Microsoft.Network/locations/westus/operations/5c9d0c0b-aa3d-4836-b7a0-fd23e7278c84?api-version=2020-05-01
  response:
    body:
      string: "{\r\n  \"status\": \"InProgress\"\r\n}"
    headers:
      cache-control:
      - no-cache
      content-length:
      - '30'
      content-type:
      - application/json; charset=utf-8
      date:
      - Tue, 14 Jul 2020 12:48:24 GMT
      expires:
      - '-1'
      pragma:
      - no-cache
      server:
      - Microsoft-HTTPAPI/2.0
      - Microsoft-HTTPAPI/2.0
      strict-transport-security:
      - max-age=31536000; includeSubDomains
      transfer-encoding:
      - chunked
      vary:
      - Accept-Encoding
      x-content-type-options:
      - nosniff
      x-ms-arm-service-request-id:
      - 9546c9fb-93a8-49d6-ab8d-588dca1799fd
    status:
      code: 200
      message: OK
- request:
    body: null
    headers:
      Accept:
      - application/json
      Accept-Encoding:
      - gzip, deflate
      CommandName:
      - network vnet-gateway create
      Connection:
      - keep-alive
      ParameterSetName:
      - -g -n --public-ip-address --vnet --tags
      User-Agent:
      - python/3.8.0 (Windows-10-10.0.19041-SP0) msrest/0.6.9 AZURECLISHELL/0.4.4
        AZURECLISHELL/0.4.4 msrest_azure/0.6.3 azure-mgmt-network/11.0.0 Azure-SDK-For-Python
        AZURECLI/2.9.0
    method: GET
    uri: https://management.azure.com/subscriptions/00000000-0000-0000-0000-000000000000/providers/Microsoft.Network/locations/westus/operations/5c9d0c0b-aa3d-4836-b7a0-fd23e7278c84?api-version=2020-05-01
  response:
    body:
      string: "{\r\n  \"status\": \"InProgress\"\r\n}"
    headers:
      cache-control:
      - no-cache
      content-length:
      - '30'
      content-type:
      - application/json; charset=utf-8
      date:
      - Tue, 14 Jul 2020 12:50:05 GMT
      expires:
      - '-1'
      pragma:
      - no-cache
      server:
      - Microsoft-HTTPAPI/2.0
      - Microsoft-HTTPAPI/2.0
      strict-transport-security:
      - max-age=31536000; includeSubDomains
      transfer-encoding:
      - chunked
      vary:
      - Accept-Encoding
      x-content-type-options:
      - nosniff
      x-ms-arm-service-request-id:
      - db2b0b63-c0f0-4007-a6c7-945b9016a9d7
    status:
      code: 200
      message: OK
- request:
    body: null
    headers:
      Accept:
      - application/json
      Accept-Encoding:
      - gzip, deflate
      CommandName:
      - network vnet-gateway create
      Connection:
      - keep-alive
      ParameterSetName:
      - -g -n --public-ip-address --vnet --tags
      User-Agent:
      - python/3.8.0 (Windows-10-10.0.19041-SP0) msrest/0.6.9 AZURECLISHELL/0.4.4
        AZURECLISHELL/0.4.4 msrest_azure/0.6.3 azure-mgmt-network/11.0.0 Azure-SDK-For-Python
        AZURECLI/2.9.0
    method: GET
    uri: https://management.azure.com/subscriptions/00000000-0000-0000-0000-000000000000/providers/Microsoft.Network/locations/westus/operations/5c9d0c0b-aa3d-4836-b7a0-fd23e7278c84?api-version=2020-05-01
  response:
    body:
      string: "{\r\n  \"status\": \"InProgress\"\r\n}"
    headers:
      cache-control:
      - no-cache
      content-length:
      - '30'
      content-type:
      - application/json; charset=utf-8
      date:
      - Tue, 14 Jul 2020 12:51:45 GMT
      expires:
      - '-1'
      pragma:
      - no-cache
      server:
      - Microsoft-HTTPAPI/2.0
      - Microsoft-HTTPAPI/2.0
      strict-transport-security:
      - max-age=31536000; includeSubDomains
      transfer-encoding:
      - chunked
      vary:
      - Accept-Encoding
      x-content-type-options:
      - nosniff
      x-ms-arm-service-request-id:
      - e06508aa-cb84-4166-b5da-7ce429460987
    status:
      code: 200
      message: OK
- request:
    body: null
    headers:
      Accept:
      - application/json
      Accept-Encoding:
      - gzip, deflate
      CommandName:
      - network vnet-gateway create
      Connection:
      - keep-alive
      ParameterSetName:
      - -g -n --public-ip-address --vnet --tags
      User-Agent:
      - python/3.8.0 (Windows-10-10.0.19041-SP0) msrest/0.6.9 AZURECLISHELL/0.4.4
        AZURECLISHELL/0.4.4 msrest_azure/0.6.3 azure-mgmt-network/11.0.0 Azure-SDK-For-Python
        AZURECLI/2.9.0
    method: GET
    uri: https://management.azure.com/subscriptions/00000000-0000-0000-0000-000000000000/providers/Microsoft.Network/locations/westus/operations/5c9d0c0b-aa3d-4836-b7a0-fd23e7278c84?api-version=2020-05-01
  response:
    body:
      string: "{\r\n  \"status\": \"InProgress\"\r\n}"
    headers:
      cache-control:
      - no-cache
      content-length:
      - '30'
      content-type:
      - application/json; charset=utf-8
      date:
      - Tue, 14 Jul 2020 12:53:27 GMT
      expires:
      - '-1'
      pragma:
      - no-cache
      server:
      - Microsoft-HTTPAPI/2.0
      - Microsoft-HTTPAPI/2.0
      strict-transport-security:
      - max-age=31536000; includeSubDomains
      transfer-encoding:
      - chunked
      vary:
      - Accept-Encoding
      x-content-type-options:
      - nosniff
      x-ms-arm-service-request-id:
      - 3e17fb9b-36ef-454e-a4a0-3c81e818474b
    status:
      code: 200
      message: OK
- request:
    body: null
    headers:
      Accept:
      - application/json
      Accept-Encoding:
      - gzip, deflate
      CommandName:
      - network vnet-gateway create
      Connection:
      - keep-alive
      ParameterSetName:
      - -g -n --public-ip-address --vnet --tags
      User-Agent:
      - python/3.8.0 (Windows-10-10.0.19041-SP0) msrest/0.6.9 AZURECLISHELL/0.4.4
        AZURECLISHELL/0.4.4 msrest_azure/0.6.3 azure-mgmt-network/11.0.0 Azure-SDK-For-Python
        AZURECLI/2.9.0
    method: GET
    uri: https://management.azure.com/subscriptions/00000000-0000-0000-0000-000000000000/providers/Microsoft.Network/locations/westus/operations/5c9d0c0b-aa3d-4836-b7a0-fd23e7278c84?api-version=2020-05-01
  response:
    body:
      string: "{\r\n  \"status\": \"InProgress\"\r\n}"
    headers:
      cache-control:
      - no-cache
      content-length:
      - '30'
      content-type:
      - application/json; charset=utf-8
      date:
      - Tue, 14 Jul 2020 12:55:07 GMT
      expires:
      - '-1'
      pragma:
      - no-cache
      server:
      - Microsoft-HTTPAPI/2.0
      - Microsoft-HTTPAPI/2.0
      strict-transport-security:
      - max-age=31536000; includeSubDomains
      transfer-encoding:
      - chunked
      vary:
      - Accept-Encoding
      x-content-type-options:
      - nosniff
      x-ms-arm-service-request-id:
      - 2d528933-1734-4810-a00e-1012c8db11c8
    status:
      code: 200
      message: OK
- request:
    body: null
    headers:
      Accept:
      - application/json
      Accept-Encoding:
      - gzip, deflate
      CommandName:
      - network vnet-gateway create
      Connection:
      - keep-alive
      ParameterSetName:
      - -g -n --public-ip-address --vnet --tags
      User-Agent:
      - python/3.8.0 (Windows-10-10.0.19041-SP0) msrest/0.6.9 AZURECLISHELL/0.4.4
        AZURECLISHELL/0.4.4 msrest_azure/0.6.3 azure-mgmt-network/11.0.0 Azure-SDK-For-Python
        AZURECLI/2.9.0
    method: GET
    uri: https://management.azure.com/subscriptions/00000000-0000-0000-0000-000000000000/providers/Microsoft.Network/locations/westus/operations/5c9d0c0b-aa3d-4836-b7a0-fd23e7278c84?api-version=2020-05-01
  response:
    body:
      string: "{\r\n  \"status\": \"InProgress\"\r\n}"
    headers:
      cache-control:
      - no-cache
      content-length:
      - '30'
      content-type:
      - application/json; charset=utf-8
      date:
      - Tue, 14 Jul 2020 12:56:47 GMT
      expires:
      - '-1'
      pragma:
      - no-cache
      server:
      - Microsoft-HTTPAPI/2.0
      - Microsoft-HTTPAPI/2.0
      strict-transport-security:
      - max-age=31536000; includeSubDomains
      transfer-encoding:
      - chunked
      vary:
      - Accept-Encoding
      x-content-type-options:
      - nosniff
      x-ms-arm-service-request-id:
      - 0ba12348-5cd0-4ab2-8179-5bd358fd08ea
    status:
      code: 200
      message: OK
- request:
    body: null
    headers:
      Accept:
      - application/json
      Accept-Encoding:
      - gzip, deflate
      CommandName:
      - network vnet-gateway create
      Connection:
      - keep-alive
      ParameterSetName:
      - -g -n --public-ip-address --vnet --tags
      User-Agent:
      - python/3.8.0 (Windows-10-10.0.19041-SP0) msrest/0.6.9 AZURECLISHELL/0.4.4
        AZURECLISHELL/0.4.4 msrest_azure/0.6.3 azure-mgmt-network/11.0.0 Azure-SDK-For-Python
        AZURECLI/2.9.0
    method: GET
    uri: https://management.azure.com/subscriptions/00000000-0000-0000-0000-000000000000/providers/Microsoft.Network/locations/westus/operations/5c9d0c0b-aa3d-4836-b7a0-fd23e7278c84?api-version=2020-05-01
  response:
    body:
      string: "{\r\n  \"status\": \"Succeeded\"\r\n}"
    headers:
      cache-control:
      - no-cache
      content-length:
      - '29'
      content-type:
      - application/json; charset=utf-8
      date:
      - Tue, 14 Jul 2020 12:58:29 GMT
      expires:
      - '-1'
      pragma:
      - no-cache
      server:
      - Microsoft-HTTPAPI/2.0
      - Microsoft-HTTPAPI/2.0
      strict-transport-security:
      - max-age=31536000; includeSubDomains
      transfer-encoding:
      - chunked
      vary:
      - Accept-Encoding
      x-content-type-options:
      - nosniff
      x-ms-arm-service-request-id:
      - a1c51ce0-2cd0-4f96-9c22-512dddaf382f
    status:
      code: 200
      message: OK
- request:
    body: null
    headers:
      Accept:
      - application/json
      Accept-Encoding:
      - gzip, deflate
      CommandName:
      - network vnet-gateway create
      Connection:
      - keep-alive
      ParameterSetName:
      - -g -n --public-ip-address --vnet --tags
      User-Agent:
      - python/3.8.0 (Windows-10-10.0.19041-SP0) msrest/0.6.9 AZURECLISHELL/0.4.4
        AZURECLISHELL/0.4.4 msrest_azure/0.6.3 azure-mgmt-network/11.0.0 Azure-SDK-For-Python
        AZURECLI/2.9.0
    method: GET
    uri: https://management.azure.com/subscriptions/00000000-0000-0000-0000-000000000000/resourceGroups/cli_test_vnet_peering000001/providers/Microsoft.Network/virtualNetworkGateways/gateway1?api-version=2020-05-01
  response:
    body:
      string: "{\r\n  \"name\": \"gateway1\",\r\n  \"id\": \"/subscriptions/00000000-0000-0000-0000-000000000000/resourceGroups/cli_test_vnet_peering000001/providers/Microsoft.Network/virtualNetworkGateways/gateway1\",\r\n
        \ \"etag\": \"W/\\\"c22e8016-48f3-4ad0-90b4-88edaed1e2b6\\\"\",\r\n  \"type\":
        \"Microsoft.Network/virtualNetworkGateways\",\r\n  \"location\": \"westus\",\r\n
        \ \"tags\": {\r\n    \"foo\": \"doo\"\r\n  },\r\n  \"properties\": {\r\n    \"provisioningState\":
        \"Succeeded\",\r\n    \"resourceGuid\": \"f89aa491-f86f-4419-9c5e-f6dbc3e179b9\",\r\n
        \   \"packetCaptureDiagnosticState\": \"None\",\r\n    \"enablePrivateIpAddress\":
        false,\r\n    \"ipConfigurations\": [\r\n      {\r\n        \"name\": \"vnetGatewayConfig0\",\r\n
        \       \"id\": \"/subscriptions/00000000-0000-0000-0000-000000000000/resourceGroups/cli_test_vnet_peering000001/providers/Microsoft.Network/virtualNetworkGateways/gateway1/ipConfigurations/vnetGatewayConfig0\",\r\n
        \       \"etag\": \"W/\\\"c22e8016-48f3-4ad0-90b4-88edaed1e2b6\\\"\",\r\n
        \       \"type\": \"Microsoft.Network/virtualNetworkGateways/ipConfigurations\",\r\n
        \       \"properties\": {\r\n          \"provisioningState\": \"Succeeded\",\r\n
        \         \"privateIPAllocationMethod\": \"Dynamic\",\r\n          \"publicIPAddress\":
        {\r\n            \"id\": \"/subscriptions/00000000-0000-0000-0000-000000000000/resourceGroups/cli_test_vnet_peering000001/providers/Microsoft.Network/publicIPAddresses/ip1\"\r\n
        \         },\r\n          \"subnet\": {\r\n            \"id\": \"/subscriptions/00000000-0000-0000-0000-000000000000/resourceGroups/cli_test_vnet_peering000001/providers/Microsoft.Network/virtualNetworks/vnet2/subnets/GatewaySubnet\"\r\n
        \         }\r\n        }\r\n      }\r\n    ],\r\n    \"sku\": {\r\n      \"name\":
        \"Basic\",\r\n      \"tier\": \"Basic\",\r\n      \"capacity\": 2\r\n    },\r\n
        \   \"gatewayType\": \"Vpn\",\r\n    \"vpnType\": \"RouteBased\",\r\n    \"enableBgp\":
        false,\r\n    \"activeActive\": false,\r\n    \"bgpSettings\": {\r\n      \"asn\":
        65515,\r\n      \"bgpPeeringAddress\": \"11.0.0.254\",\r\n      \"peerWeight\":
        0,\r\n      \"bgpPeeringAddresses\": [\r\n        {\r\n          \"ipconfigurationId\":
        \"/subscriptions/00000000-0000-0000-0000-000000000000/resourceGroups/cli_test_vnet_peering000001/providers/Microsoft.Network/virtualNetworkGateways/gateway1/ipConfigurations/vnetGatewayConfig0\",\r\n
        \         \"defaultBgpIpAddresses\": [\r\n            \"11.0.0.254\"\r\n          ],\r\n
        \         \"customBgpIpAddresses\": [],\r\n          \"tunnelIpAddresses\":
        [\r\n            \"40.78.63.34\"\r\n          ]\r\n        }\r\n      ]\r\n
        \   },\r\n    \"vpnGatewayGeneration\": \"Generation1\"\r\n  }\r\n}"
    headers:
      cache-control:
      - no-cache
      content-length:
      - '2666'
      content-type:
      - application/json; charset=utf-8
      date:
      - Tue, 14 Jul 2020 12:58:29 GMT
      expires:
      - '-1'
      pragma:
      - no-cache
      server:
      - Microsoft-HTTPAPI/2.0
      - Microsoft-HTTPAPI/2.0
      strict-transport-security:
      - max-age=31536000; includeSubDomains
      transfer-encoding:
      - chunked
      vary:
      - Accept-Encoding
      x-content-type-options:
      - nosniff
      x-ms-arm-service-request-id:
      - dfd89cc0-339f-4708-8a8d-713874b57bdc
    status:
      code: 200
      message: OK
- request:
    body: null
    headers:
      Accept:
      - application/json
      Accept-Encoding:
      - gzip, deflate
      CommandName:
      - network vnet show
      Connection:
      - keep-alive
      ParameterSetName:
      - -g -n --query
      User-Agent:
      - python/3.8.0 (Windows-10-10.0.19041-SP0) msrest/0.6.9 AZURECLISHELL/0.4.4
        AZURECLISHELL/0.4.4 msrest_azure/0.6.3 azure-mgmt-network/11.0.0 Azure-SDK-For-Python
        AZURECLI/2.9.0
      accept-language:
      - en-US
    method: GET
    uri: https://management.azure.com/subscriptions/00000000-0000-0000-0000-000000000000/resourceGroups/cli_test_vnet_peering000001/providers/Microsoft.Network/virtualNetworks/vnet1?api-version=2020-05-01
  response:
    body:
      string: "{\r\n  \"name\": \"vnet1\",\r\n  \"id\": \"/subscriptions/00000000-0000-0000-0000-000000000000/resourceGroups/cli_test_vnet_peering000001/providers/Microsoft.Network/virtualNetworks/vnet1\",\r\n
        \ \"etag\": \"W/\\\"8f029212-021b-4859-9de6-7a339f08c332\\\"\",\r\n  \"type\":
        \"Microsoft.Network/virtualNetworks\",\r\n  \"location\": \"westus\",\r\n
        \ \"tags\": {},\r\n  \"properties\": {\r\n    \"provisioningState\": \"Succeeded\",\r\n
        \   \"resourceGuid\": \"d390e00c-0bd7-4be2-9907-9067deb4da43\",\r\n    \"addressSpace\":
        {\r\n      \"addressPrefixes\": [\r\n        \"10.0.0.0/16\"\r\n      ]\r\n
        \   },\r\n    \"dhcpOptions\": {\r\n      \"dnsServers\": []\r\n    },\r\n
        \   \"subnets\": [],\r\n    \"virtualNetworkPeerings\": [],\r\n    \"enableDdosProtection\":
        false,\r\n    \"enableVmProtection\": false\r\n  }\r\n}"
    headers:
      cache-control:
      - no-cache
      content-length:
      - '767'
      content-type:
      - application/json; charset=utf-8
      date:
      - Tue, 14 Jul 2020 12:58:30 GMT
      etag:
      - W/"8f029212-021b-4859-9de6-7a339f08c332"
      expires:
      - '-1'
      pragma:
      - no-cache
      server:
      - Microsoft-HTTPAPI/2.0
      - Microsoft-HTTPAPI/2.0
      strict-transport-security:
      - max-age=31536000; includeSubDomains
      transfer-encoding:
      - chunked
      vary:
      - Accept-Encoding
      x-content-type-options:
      - nosniff
      x-ms-arm-service-request-id:
      - 2c0330cd-b2f0-4c9c-9ea6-8265cf9ce21d
    status:
      code: 200
      message: OK
- request:
    body: null
    headers:
      Accept:
      - application/json
      Accept-Encoding:
      - gzip, deflate
      CommandName:
      - network vnet show
      Connection:
      - keep-alive
      ParameterSetName:
      - -g -n --query
      User-Agent:
      - python/3.8.0 (Windows-10-10.0.19041-SP0) msrest/0.6.9 AZURECLISHELL/0.4.4
        AZURECLISHELL/0.4.4 msrest_azure/0.6.3 azure-mgmt-network/11.0.0 Azure-SDK-For-Python
        AZURECLI/2.9.0
      accept-language:
      - en-US
    method: GET
    uri: https://management.azure.com/subscriptions/00000000-0000-0000-0000-000000000000/resourceGroups/cli_test_vnet_peering000001/providers/Microsoft.Network/virtualNetworks/vnet2?api-version=2020-05-01
  response:
    body:
      string: "{\r\n  \"name\": \"vnet2\",\r\n  \"id\": \"/subscriptions/00000000-0000-0000-0000-000000000000/resourceGroups/cli_test_vnet_peering000001/providers/Microsoft.Network/virtualNetworks/vnet2\",\r\n
        \ \"etag\": \"W/\\\"319270dd-896e-4471-b20b-6ea712410a3b\\\"\",\r\n  \"type\":
        \"Microsoft.Network/virtualNetworks\",\r\n  \"location\": \"westus\",\r\n
        \ \"tags\": {},\r\n  \"properties\": {\r\n    \"provisioningState\": \"Succeeded\",\r\n
        \   \"resourceGuid\": \"daab1946-1da7-4e5c-88c2-93b677233f1a\",\r\n    \"addressSpace\":
        {\r\n      \"addressPrefixes\": [\r\n        \"11.0.0.0/16\"\r\n      ]\r\n
        \   },\r\n    \"dhcpOptions\": {\r\n      \"dnsServers\": []\r\n    },\r\n
        \   \"subnets\": [\r\n      {\r\n        \"name\": \"GatewaySubnet\",\r\n
        \       \"id\": \"/subscriptions/00000000-0000-0000-0000-000000000000/resourceGroups/cli_test_vnet_peering000001/providers/Microsoft.Network/virtualNetworks/vnet2/subnets/GatewaySubnet\",\r\n
        \       \"etag\": \"W/\\\"319270dd-896e-4471-b20b-6ea712410a3b\\\"\",\r\n
        \       \"properties\": {\r\n          \"provisioningState\": \"Succeeded\",\r\n
        \         \"addressPrefix\": \"11.0.0.0/24\",\r\n          \"ipConfigurations\":
        [\r\n            {\r\n              \"id\": \"/subscriptions/00000000-0000-0000-0000-000000000000/resourceGroups/cli_test_vnet_peering000001/providers/Microsoft.Network/virtualNetworkGateways/gateway1/ipConfigurations/vnetGatewayConfig0\"\r\n
        \           }\r\n          ],\r\n          \"delegations\": [],\r\n          \"privateEndpointNetworkPolicies\":
        \"Enabled\",\r\n          \"privateLinkServiceNetworkPolicies\": \"Enabled\"\r\n
        \       },\r\n        \"type\": \"Microsoft.Network/virtualNetworks/subnets\"\r\n
        \     }\r\n    ],\r\n    \"virtualNetworkPeerings\": [],\r\n    \"enableDdosProtection\":
        false,\r\n    \"enableVmProtection\": false\r\n  }\r\n}"
    headers:
      cache-control:
      - no-cache
      content-length:
      - '1790'
      content-type:
      - application/json; charset=utf-8
      date:
      - Tue, 14 Jul 2020 12:58:31 GMT
      etag:
      - W/"319270dd-896e-4471-b20b-6ea712410a3b"
      expires:
      - '-1'
      pragma:
      - no-cache
      server:
      - Microsoft-HTTPAPI/2.0
      - Microsoft-HTTPAPI/2.0
      strict-transport-security:
      - max-age=31536000; includeSubDomains
      transfer-encoding:
      - chunked
      vary:
      - Accept-Encoding
      x-content-type-options:
      - nosniff
      x-ms-arm-service-request-id:
      - 1412ca67-bde1-4488-8770-2b31a3788f13
    status:
      code: 200
      message: OK
- request:
    body: 'b''{"id": "/subscriptions/00000000-0000-0000-0000-000000000000/resourceGroups/cli_test_vnet_peering000001/providers/Microsoft.Network/virtualNetworks/vnet2",
      "properties": {"allowVirtualNetworkAccess": false, "allowForwardedTraffic":
      false, "allowGatewayTransit": true, "useRemoteGateways": false, "remoteVirtualNetwork":
      {"id": "/subscriptions/00000000-0000-0000-0000-000000000000/resourceGroups/cli_test_vnet_peering000001/providers/Microsoft.Network/virtualNetworks/vnet1"}},
      "name": "peering2"}'''
    headers:
      Accept:
      - application/json
      Accept-Encoding:
      - gzip, deflate
      CommandName:
      - network vnet peering create
      Connection:
      - keep-alive
      Content-Length:
      - '591'
      Content-Type:
      - application/json; charset=utf-8
      ParameterSetName:
      - -g -n --vnet-name --remote-vnet --allow-gateway-transit
      User-Agent:
      - python/3.8.0 (Windows-10-10.0.19041-SP0) msrest/0.6.9 AZURECLISHELL/0.4.4
        AZURECLISHELL/0.4.4 msrest_azure/0.6.3 azure-mgmt-network/11.0.0 Azure-SDK-For-Python
        AZURECLI/2.9.0
      accept-language:
      - en-US
    method: PUT
    uri: https://management.azure.com/subscriptions/00000000-0000-0000-0000-000000000000/resourceGroups/cli_test_vnet_peering000001/providers/Microsoft.Network/virtualNetworks/vnet2/virtualNetworkPeerings/peering2?api-version=2020-05-01
  response:
    body:
      string: "{\r\n  \"name\": \"peering2\",\r\n  \"id\": \"/subscriptions/00000000-0000-0000-0000-000000000000/resourceGroups/cli_test_vnet_peering000001/providers/Microsoft.Network/virtualNetworks/vnet2/virtualNetworkPeerings/peering2\",\r\n
        \ \"etag\": \"W/\\\"4208e7e2-da2f-492c-a649-38d9bddda761\\\"\",\r\n  \"properties\":
        {\r\n    \"provisioningState\": \"Updating\",\r\n    \"resourceGuid\": \"093bf94a-1670-05be-11c5-03d1a997e559\",\r\n
        \   \"peeringState\": \"Initiated\",\r\n    \"remoteVirtualNetwork\": {\r\n
        \     \"id\": \"/subscriptions/00000000-0000-0000-0000-000000000000/resourceGroups/cli_test_vnet_peering000001/providers/Microsoft.Network/virtualNetworks/vnet1\"\r\n
        \   },\r\n    \"allowVirtualNetworkAccess\": false,\r\n    \"allowForwardedTraffic\":
        false,\r\n    \"allowGatewayTransit\": true,\r\n    \"useRemoteGateways\":
        false,\r\n    \"doNotVerifyRemoteGateways\": false,\r\n    \"remoteAddressSpace\":
        {\r\n      \"addressPrefixes\": [\r\n        \"10.0.0.0/16\"\r\n      ]\r\n
        \   },\r\n    \"routeServiceVips\": {}\r\n  },\r\n  \"type\": \"Microsoft.Network/virtualNetworks/virtualNetworkPeerings\"\r\n}"
    headers:
      azure-asyncoperation:
      - https://management.azure.com/subscriptions/00000000-0000-0000-0000-000000000000/providers/Microsoft.Network/locations/westus/operations/687a12a3-a591-4ad8-bafe-9a1c694c3588?api-version=2020-05-01
      cache-control:
      - no-cache
      content-length:
      - '1107'
      content-type:
      - application/json; charset=utf-8
      date:
      - Tue, 14 Jul 2020 12:58:31 GMT
      expires:
      - '-1'
      pragma:
      - no-cache
      server:
      - Microsoft-HTTPAPI/2.0
      - Microsoft-HTTPAPI/2.0
      strict-transport-security:
      - max-age=31536000; includeSubDomains
      x-content-type-options:
      - nosniff
      x-ms-arm-service-request-id:
      - 5cd91fe3-9323-4987-b3ec-c47263bb4ab6
      x-ms-ratelimit-remaining-subscription-writes:
      - '1173'
    status:
      code: 201
      message: Created
- request:
    body: null
    headers:
      Accept:
      - application/json
      Accept-Encoding:
      - gzip, deflate
      CommandName:
      - network vnet peering create
      Connection:
      - keep-alive
      ParameterSetName:
      - -g -n --vnet-name --remote-vnet --allow-gateway-transit
      User-Agent:
      - python/3.8.0 (Windows-10-10.0.19041-SP0) msrest/0.6.9 AZURECLISHELL/0.4.4
        AZURECLISHELL/0.4.4 msrest_azure/0.6.3 azure-mgmt-network/11.0.0 Azure-SDK-For-Python
        AZURECLI/2.9.0
    method: GET
    uri: https://management.azure.com/subscriptions/00000000-0000-0000-0000-000000000000/providers/Microsoft.Network/locations/westus/operations/687a12a3-a591-4ad8-bafe-9a1c694c3588?api-version=2020-05-01
  response:
    body:
      string: "{\r\n  \"status\": \"Succeeded\"\r\n}"
    headers:
      cache-control:
      - no-cache
      content-length:
      - '29'
      content-type:
      - application/json; charset=utf-8
      date:
      - Tue, 14 Jul 2020 12:58:43 GMT
      expires:
      - '-1'
      pragma:
      - no-cache
      server:
      - Microsoft-HTTPAPI/2.0
      - Microsoft-HTTPAPI/2.0
      strict-transport-security:
      - max-age=31536000; includeSubDomains
      transfer-encoding:
      - chunked
      vary:
      - Accept-Encoding
      x-content-type-options:
      - nosniff
      x-ms-arm-service-request-id:
      - 63ec45e3-8531-477f-bd29-cb0b448f6184
    status:
      code: 200
      message: OK
- request:
    body: null
    headers:
      Accept:
      - application/json
      Accept-Encoding:
      - gzip, deflate
      CommandName:
      - network vnet peering create
      Connection:
      - keep-alive
      ParameterSetName:
      - -g -n --vnet-name --remote-vnet --allow-gateway-transit
      User-Agent:
      - python/3.8.0 (Windows-10-10.0.19041-SP0) msrest/0.6.9 AZURECLISHELL/0.4.4
        AZURECLISHELL/0.4.4 msrest_azure/0.6.3 azure-mgmt-network/11.0.0 Azure-SDK-For-Python
        AZURECLI/2.9.0
    method: GET
    uri: https://management.azure.com/subscriptions/00000000-0000-0000-0000-000000000000/resourceGroups/cli_test_vnet_peering000001/providers/Microsoft.Network/virtualNetworks/vnet2/virtualNetworkPeerings/peering2?api-version=2020-05-01
  response:
    body:
      string: "{\r\n  \"name\": \"peering2\",\r\n  \"id\": \"/subscriptions/00000000-0000-0000-0000-000000000000/resourceGroups/cli_test_vnet_peering000001/providers/Microsoft.Network/virtualNetworks/vnet2/virtualNetworkPeerings/peering2\",\r\n
        \ \"etag\": \"W/\\\"f99ae076-d08f-4158-b93d-2cd7cfbff8d2\\\"\",\r\n  \"properties\":
        {\r\n    \"provisioningState\": \"Succeeded\",\r\n    \"resourceGuid\": \"093bf94a-1670-05be-11c5-03d1a997e559\",\r\n
        \   \"peeringState\": \"Initiated\",\r\n    \"remoteVirtualNetwork\": {\r\n
        \     \"id\": \"/subscriptions/00000000-0000-0000-0000-000000000000/resourceGroups/cli_test_vnet_peering000001/providers/Microsoft.Network/virtualNetworks/vnet1\"\r\n
        \   },\r\n    \"allowVirtualNetworkAccess\": false,\r\n    \"allowForwardedTraffic\":
        false,\r\n    \"allowGatewayTransit\": true,\r\n    \"useRemoteGateways\":
        false,\r\n    \"doNotVerifyRemoteGateways\": false,\r\n    \"remoteAddressSpace\":
        {\r\n      \"addressPrefixes\": [\r\n        \"10.0.0.0/16\"\r\n      ]\r\n
        \   },\r\n    \"routeServiceVips\": {}\r\n  },\r\n  \"type\": \"Microsoft.Network/virtualNetworks/virtualNetworkPeerings\"\r\n}"
    headers:
      cache-control:
      - no-cache
      content-length:
      - '1108'
      content-type:
      - application/json; charset=utf-8
      date:
      - Tue, 14 Jul 2020 12:58:43 GMT
      etag:
      - W/"f99ae076-d08f-4158-b93d-2cd7cfbff8d2"
      expires:
      - '-1'
      pragma:
      - no-cache
      server:
      - Microsoft-HTTPAPI/2.0
      - Microsoft-HTTPAPI/2.0
      strict-transport-security:
      - max-age=31536000; includeSubDomains
      transfer-encoding:
      - chunked
      vary:
      - Accept-Encoding
      x-content-type-options:
      - nosniff
      x-ms-arm-service-request-id:
      - 4eb65aea-a2f1-4644-97ed-f285b0cbb2e8
    status:
      code: 200
      message: OK
- request:
    body: 'b''{"id": "/subscriptions/00000000-0000-0000-0000-000000000000/resourceGroups/cli_test_vnet_peering000001/providers/Microsoft.Network/virtualNetworks/vnet1",
      "properties": {"allowVirtualNetworkAccess": false, "allowForwardedTraffic":
      true, "allowGatewayTransit": false, "useRemoteGateways": true, "remoteVirtualNetwork":
      {"id": "/subscriptions/00000000-0000-0000-0000-000000000000/resourceGroups/cli_test_vnet_peering000001/providers/Microsoft.Network/virtualNetworks/vnet2"}},
      "name": "peering1"}'''
    headers:
      Accept:
      - application/json
      Accept-Encoding:
      - gzip, deflate
      CommandName:
      - network vnet peering create
      Connection:
      - keep-alive
      Content-Length:
      - '590'
      Content-Type:
      - application/json; charset=utf-8
      ParameterSetName:
      - -g -n --vnet-name --remote-vnet --use-remote-gateways --allow-forwarded-traffic
      User-Agent:
      - python/3.8.0 (Windows-10-10.0.19041-SP0) msrest/0.6.9 AZURECLISHELL/0.4.4
        AZURECLISHELL/0.4.4 msrest_azure/0.6.3 azure-mgmt-network/11.0.0 Azure-SDK-For-Python
        AZURECLI/2.9.0
      accept-language:
      - en-US
    method: PUT
    uri: https://management.azure.com/subscriptions/00000000-0000-0000-0000-000000000000/resourceGroups/cli_test_vnet_peering000001/providers/Microsoft.Network/virtualNetworks/vnet1/virtualNetworkPeerings/peering1?api-version=2020-05-01
  response:
    body:
      string: "{\r\n  \"name\": \"peering1\",\r\n  \"id\": \"/subscriptions/00000000-0000-0000-0000-000000000000/resourceGroups/cli_test_vnet_peering000001/providers/Microsoft.Network/virtualNetworks/vnet1/virtualNetworkPeerings/peering1\",\r\n
        \ \"etag\": \"W/\\\"306d5a1a-7f5d-4a3b-9c24-df6948046924\\\"\",\r\n  \"properties\":
        {\r\n    \"provisioningState\": \"Updating\",\r\n    \"resourceGuid\": \"093bf94a-1670-05be-11c5-03d1a997e559\",\r\n
        \   \"peeringState\": \"Connected\",\r\n    \"remoteVirtualNetwork\": {\r\n
        \     \"id\": \"/subscriptions/00000000-0000-0000-0000-000000000000/resourceGroups/cli_test_vnet_peering000001/providers/Microsoft.Network/virtualNetworks/vnet2\"\r\n
        \   },\r\n    \"allowVirtualNetworkAccess\": false,\r\n    \"allowForwardedTraffic\":
        true,\r\n    \"allowGatewayTransit\": false,\r\n    \"useRemoteGateways\":
        true,\r\n    \"doNotVerifyRemoteGateways\": false,\r\n    \"remoteGateways\":
        [\r\n      {\r\n        \"id\": \"/subscriptions/00000000-0000-0000-0000-000000000000/resourceGroups/cli_test_vnet_peering000001/providers/Microsoft.Network/virtualNetworkGateways/gateway1\"\r\n
        \     }\r\n    ],\r\n    \"remoteAddressSpace\": {\r\n      \"addressPrefixes\":
        [\r\n        \"11.0.0.0/16\"\r\n      ]\r\n    },\r\n    \"routeServiceVips\":
        {}\r\n  },\r\n  \"type\": \"Microsoft.Network/virtualNetworks/virtualNetworkPeerings\"\r\n}"
    headers:
      azure-asyncoperation:
      - https://management.azure.com/subscriptions/00000000-0000-0000-0000-000000000000/providers/Microsoft.Network/locations/westus/operations/24e9112b-6679-4498-8bf5-509e78c6c5ab?api-version=2020-05-01
      cache-control:
      - no-cache
      content-length:
      - '1377'
      content-type:
      - application/json; charset=utf-8
      date:
      - Tue, 14 Jul 2020 12:58:45 GMT
      expires:
      - '-1'
      pragma:
      - no-cache
      server:
      - Microsoft-HTTPAPI/2.0
      - Microsoft-HTTPAPI/2.0
      strict-transport-security:
      - max-age=31536000; includeSubDomains
      x-content-type-options:
      - nosniff
      x-ms-arm-service-request-id:
      - d2bf129f-c341-4bf6-a10c-de1f4663b3e2
      x-ms-ratelimit-remaining-subscription-writes:
      - '1170'
    status:
      code: 201
      message: Created
- request:
    body: null
    headers:
      Accept:
      - application/json
      Accept-Encoding:
      - gzip, deflate
      CommandName:
      - network vnet peering create
      Connection:
      - keep-alive
      ParameterSetName:
      - -g -n --vnet-name --remote-vnet --use-remote-gateways --allow-forwarded-traffic
      User-Agent:
      - python/3.8.0 (Windows-10-10.0.19041-SP0) msrest/0.6.9 AZURECLISHELL/0.4.4
        AZURECLISHELL/0.4.4 msrest_azure/0.6.3 azure-mgmt-network/11.0.0 Azure-SDK-For-Python
        AZURECLI/2.9.0
    method: GET
    uri: https://management.azure.com/subscriptions/00000000-0000-0000-0000-000000000000/providers/Microsoft.Network/locations/westus/operations/24e9112b-6679-4498-8bf5-509e78c6c5ab?api-version=2020-05-01
  response:
    body:
      string: "{\r\n  \"status\": \"Succeeded\"\r\n}"
    headers:
      cache-control:
      - no-cache
      content-length:
      - '29'
      content-type:
      - application/json; charset=utf-8
      date:
      - Tue, 14 Jul 2020 12:58:56 GMT
      expires:
      - '-1'
      pragma:
      - no-cache
      server:
      - Microsoft-HTTPAPI/2.0
      - Microsoft-HTTPAPI/2.0
      strict-transport-security:
      - max-age=31536000; includeSubDomains
      transfer-encoding:
      - chunked
      vary:
      - Accept-Encoding
      x-content-type-options:
      - nosniff
      x-ms-arm-service-request-id:
      - 8a87a111-2c05-49dc-81d4-cffbcff2ec9a
    status:
      code: 200
      message: OK
- request:
    body: null
    headers:
      Accept:
      - application/json
      Accept-Encoding:
      - gzip, deflate
      CommandName:
      - network vnet peering create
      Connection:
      - keep-alive
      ParameterSetName:
      - -g -n --vnet-name --remote-vnet --use-remote-gateways --allow-forwarded-traffic
      User-Agent:
      - python/3.8.0 (Windows-10-10.0.19041-SP0) msrest/0.6.9 AZURECLISHELL/0.4.4
        AZURECLISHELL/0.4.4 msrest_azure/0.6.3 azure-mgmt-network/11.0.0 Azure-SDK-For-Python
        AZURECLI/2.9.0
    method: GET
    uri: https://management.azure.com/subscriptions/00000000-0000-0000-0000-000000000000/resourceGroups/cli_test_vnet_peering000001/providers/Microsoft.Network/virtualNetworks/vnet1/virtualNetworkPeerings/peering1?api-version=2020-05-01
  response:
    body:
      string: "{\r\n  \"name\": \"peering1\",\r\n  \"id\": \"/subscriptions/00000000-0000-0000-0000-000000000000/resourceGroups/cli_test_vnet_peering000001/providers/Microsoft.Network/virtualNetworks/vnet1/virtualNetworkPeerings/peering1\",\r\n
        \ \"etag\": \"W/\\\"92100f4f-f742-43e0-980c-21fdb9db4f37\\\"\",\r\n  \"properties\":
        {\r\n    \"provisioningState\": \"Succeeded\",\r\n    \"resourceGuid\": \"093bf94a-1670-05be-11c5-03d1a997e559\",\r\n
        \   \"peeringState\": \"Connected\",\r\n    \"remoteVirtualNetwork\": {\r\n
        \     \"id\": \"/subscriptions/00000000-0000-0000-0000-000000000000/resourceGroups/cli_test_vnet_peering000001/providers/Microsoft.Network/virtualNetworks/vnet2\"\r\n
        \   },\r\n    \"allowVirtualNetworkAccess\": false,\r\n    \"allowForwardedTraffic\":
        true,\r\n    \"allowGatewayTransit\": false,\r\n    \"useRemoteGateways\":
        true,\r\n    \"doNotVerifyRemoteGateways\": false,\r\n    \"remoteGateways\":
        [\r\n      {\r\n        \"id\": \"/subscriptions/00000000-0000-0000-0000-000000000000/resourceGroups/cli_test_vnet_peering000001/providers/Microsoft.Network/virtualNetworkGateways/gateway1\"\r\n
        \     }\r\n    ],\r\n    \"remoteAddressSpace\": {\r\n      \"addressPrefixes\":
        [\r\n        \"11.0.0.0/16\"\r\n      ]\r\n    },\r\n    \"routeServiceVips\":
        {}\r\n  },\r\n  \"type\": \"Microsoft.Network/virtualNetworks/virtualNetworkPeerings\"\r\n}"
    headers:
      cache-control:
      - no-cache
      content-length:
      - '1378'
      content-type:
      - application/json; charset=utf-8
      date:
      - Tue, 14 Jul 2020 12:58:56 GMT
      etag:
      - W/"92100f4f-f742-43e0-980c-21fdb9db4f37"
      expires:
      - '-1'
      pragma:
      - no-cache
      server:
      - Microsoft-HTTPAPI/2.0
      - Microsoft-HTTPAPI/2.0
      strict-transport-security:
      - max-age=31536000; includeSubDomains
      transfer-encoding:
      - chunked
      vary:
      - Accept-Encoding
      x-content-type-options:
      - nosniff
      x-ms-arm-service-request-id:
      - 9ca2637c-e0d6-4269-8ff8-3d2c19f72b7a
    status:
      code: 200
      message: OK
- request:
    body: null
    headers:
      Accept:
      - application/json
      Accept-Encoding:
      - gzip, deflate
      CommandName:
      - network vnet peering show
      Connection:
      - keep-alive
      ParameterSetName:
      - -g -n --vnet-name
      User-Agent:
      - python/3.8.0 (Windows-10-10.0.19041-SP0) msrest/0.6.9 AZURECLISHELL/0.4.4
        AZURECLISHELL/0.4.4 msrest_azure/0.6.3 azure-mgmt-network/11.0.0 Azure-SDK-For-Python
        AZURECLI/2.9.0
      accept-language:
      - en-US
    method: GET
    uri: https://management.azure.com/subscriptions/00000000-0000-0000-0000-000000000000/resourceGroups/cli_test_vnet_peering000001/providers/Microsoft.Network/virtualNetworks/vnet1/virtualNetworkPeerings/peering1?api-version=2020-05-01
  response:
    body:
      string: "{\r\n  \"name\": \"peering1\",\r\n  \"id\": \"/subscriptions/00000000-0000-0000-0000-000000000000/resourceGroups/cli_test_vnet_peering000001/providers/Microsoft.Network/virtualNetworks/vnet1/virtualNetworkPeerings/peering1\",\r\n
        \ \"etag\": \"W/\\\"92100f4f-f742-43e0-980c-21fdb9db4f37\\\"\",\r\n  \"properties\":
        {\r\n    \"provisioningState\": \"Succeeded\",\r\n    \"resourceGuid\": \"093bf94a-1670-05be-11c5-03d1a997e559\",\r\n
        \   \"peeringState\": \"Connected\",\r\n    \"remoteVirtualNetwork\": {\r\n
        \     \"id\": \"/subscriptions/00000000-0000-0000-0000-000000000000/resourceGroups/cli_test_vnet_peering000001/providers/Microsoft.Network/virtualNetworks/vnet2\"\r\n
        \   },\r\n    \"allowVirtualNetworkAccess\": false,\r\n    \"allowForwardedTraffic\":
        true,\r\n    \"allowGatewayTransit\": false,\r\n    \"useRemoteGateways\":
        true,\r\n    \"doNotVerifyRemoteGateways\": false,\r\n    \"remoteGateways\":
        [\r\n      {\r\n        \"id\": \"/subscriptions/00000000-0000-0000-0000-000000000000/resourceGroups/cli_test_vnet_peering000001/providers/Microsoft.Network/virtualNetworkGateways/gateway1\"\r\n
        \     }\r\n    ],\r\n    \"remoteAddressSpace\": {\r\n      \"addressPrefixes\":
        [\r\n        \"11.0.0.0/16\"\r\n      ]\r\n    },\r\n    \"routeServiceVips\":
        {}\r\n  },\r\n  \"type\": \"Microsoft.Network/virtualNetworks/virtualNetworkPeerings\"\r\n}"
    headers:
      cache-control:
      - no-cache
      content-length:
      - '1378'
      content-type:
      - application/json; charset=utf-8
      date:
      - Tue, 14 Jul 2020 12:58:56 GMT
      etag:
      - W/"92100f4f-f742-43e0-980c-21fdb9db4f37"
      expires:
      - '-1'
      pragma:
      - no-cache
      server:
      - Microsoft-HTTPAPI/2.0
      - Microsoft-HTTPAPI/2.0
      strict-transport-security:
      - max-age=31536000; includeSubDomains
      transfer-encoding:
      - chunked
      vary:
      - Accept-Encoding
      x-content-type-options:
      - nosniff
      x-ms-arm-service-request-id:
      - bd0b70d7-20d4-4924-9da5-0522de4d22e7
    status:
      code: 200
      message: OK
- request:
    body: null
    headers:
      Accept:
      - application/json
      Accept-Encoding:
      - gzip, deflate
      CommandName:
      - network vnet peering list
      Connection:
      - keep-alive
      ParameterSetName:
      - -g --vnet-name
      User-Agent:
      - python/3.8.0 (Windows-10-10.0.19041-SP0) msrest/0.6.9 AZURECLISHELL/0.4.4
        AZURECLISHELL/0.4.4 msrest_azure/0.6.3 azure-mgmt-network/11.0.0 Azure-SDK-For-Python
        AZURECLI/2.9.0
      accept-language:
      - en-US
    method: GET
    uri: https://management.azure.com/subscriptions/00000000-0000-0000-0000-000000000000/resourceGroups/cli_test_vnet_peering000001/providers/Microsoft.Network/virtualNetworks/vnet2/virtualNetworkPeerings?api-version=2020-05-01
  response:
    body:
      string: "{\r\n  \"value\": [\r\n    {\r\n      \"name\": \"peering2\",\r\n      \"id\":
        \"/subscriptions/00000000-0000-0000-0000-000000000000/resourceGroups/cli_test_vnet_peering000001/providers/Microsoft.Network/virtualNetworks/vnet2/virtualNetworkPeerings/peering2\",\r\n
        \     \"etag\": \"W/\\\"1684c98b-60f9-45c7-a84f-f8b59e97e350\\\"\",\r\n      \"properties\":
        {\r\n        \"provisioningState\": \"Succeeded\",\r\n        \"resourceGuid\":
        \"093bf94a-1670-05be-11c5-03d1a997e559\",\r\n        \"peeringState\": \"Connected\",\r\n
        \       \"remoteVirtualNetwork\": {\r\n          \"id\": \"/subscriptions/00000000-0000-0000-0000-000000000000/resourceGroups/cli_test_vnet_peering000001/providers/Microsoft.Network/virtualNetworks/vnet1\"\r\n
        \       },\r\n        \"allowVirtualNetworkAccess\": false,\r\n        \"allowForwardedTraffic\":
        false,\r\n        \"allowGatewayTransit\": true,\r\n        \"useRemoteGateways\":
        false,\r\n        \"doNotVerifyRemoteGateways\": false,\r\n        \"remoteAddressSpace\":
        {\r\n          \"addressPrefixes\": [\r\n            \"10.0.0.0/16\"\r\n          ]\r\n
        \       },\r\n        \"routeServiceVips\": {}\r\n      },\r\n      \"type\":
        \"Microsoft.Network/virtualNetworks/virtualNetworkPeerings\"\r\n    }\r\n
        \ ]\r\n}"
    headers:
      cache-control:
      - no-cache
      content-length:
      - '1233'
      content-type:
      - application/json; charset=utf-8
      date:
      - Tue, 14 Jul 2020 12:58:58 GMT
      expires:
      - '-1'
      pragma:
      - no-cache
      server:
      - Microsoft-HTTPAPI/2.0
      - Microsoft-HTTPAPI/2.0
      strict-transport-security:
      - max-age=31536000; includeSubDomains
      transfer-encoding:
      - chunked
      vary:
      - Accept-Encoding
      x-content-type-options:
      - nosniff
      x-ms-arm-service-request-id:
      - e4b4b606-d3b2-4290-b564-e89bec8dd3c3
    status:
      code: 200
      message: OK
- request:
    body: null
    headers:
      Accept:
      - application/json
      Accept-Encoding:
      - gzip, deflate
      CommandName:
      - network vnet peering update
      Connection:
      - keep-alive
      ParameterSetName:
      - -g -n --vnet-name --set
      User-Agent:
      - python/3.8.0 (Windows-10-10.0.19041-SP0) msrest/0.6.9 AZURECLISHELL/0.4.4
        AZURECLISHELL/0.4.4 msrest_azure/0.6.3 azure-mgmt-network/11.0.0 Azure-SDK-For-Python
        AZURECLI/2.9.0
      accept-language:
      - en-US
    method: GET
    uri: https://management.azure.com/subscriptions/00000000-0000-0000-0000-000000000000/resourceGroups/cli_test_vnet_peering000001/providers/Microsoft.Network/virtualNetworks/vnet1/virtualNetworkPeerings/peering1?api-version=2020-05-01
  response:
    body:
      string: "{\r\n  \"name\": \"peering1\",\r\n  \"id\": \"/subscriptions/00000000-0000-0000-0000-000000000000/resourceGroups/cli_test_vnet_peering000001/providers/Microsoft.Network/virtualNetworks/vnet1/virtualNetworkPeerings/peering1\",\r\n
        \ \"etag\": \"W/\\\"92100f4f-f742-43e0-980c-21fdb9db4f37\\\"\",\r\n  \"properties\":
        {\r\n    \"provisioningState\": \"Succeeded\",\r\n    \"resourceGuid\": \"093bf94a-1670-05be-11c5-03d1a997e559\",\r\n
        \   \"peeringState\": \"Connected\",\r\n    \"remoteVirtualNetwork\": {\r\n
        \     \"id\": \"/subscriptions/00000000-0000-0000-0000-000000000000/resourceGroups/cli_test_vnet_peering000001/providers/Microsoft.Network/virtualNetworks/vnet2\"\r\n
        \   },\r\n    \"allowVirtualNetworkAccess\": false,\r\n    \"allowForwardedTraffic\":
        true,\r\n    \"allowGatewayTransit\": false,\r\n    \"useRemoteGateways\":
        true,\r\n    \"doNotVerifyRemoteGateways\": false,\r\n    \"remoteGateways\":
        [\r\n      {\r\n        \"id\": \"/subscriptions/00000000-0000-0000-0000-000000000000/resourceGroups/cli_test_vnet_peering000001/providers/Microsoft.Network/virtualNetworkGateways/gateway1\"\r\n
        \     }\r\n    ],\r\n    \"remoteAddressSpace\": {\r\n      \"addressPrefixes\":
        [\r\n        \"11.0.0.0/16\"\r\n      ]\r\n    },\r\n    \"routeServiceVips\":
        {}\r\n  },\r\n  \"type\": \"Microsoft.Network/virtualNetworks/virtualNetworkPeerings\"\r\n}"
    headers:
      cache-control:
      - no-cache
      content-length:
      - '1378'
      content-type:
      - application/json; charset=utf-8
      date:
      - Tue, 14 Jul 2020 12:58:59 GMT
      etag:
      - W/"92100f4f-f742-43e0-980c-21fdb9db4f37"
      expires:
      - '-1'
      pragma:
      - no-cache
      server:
      - Microsoft-HTTPAPI/2.0
      - Microsoft-HTTPAPI/2.0
      strict-transport-security:
      - max-age=31536000; includeSubDomains
      transfer-encoding:
      - chunked
      vary:
      - Accept-Encoding
      x-content-type-options:
      - nosniff
      x-ms-arm-service-request-id:
      - 395afdbd-abb8-4a0f-b4e6-fe9470bde870
    status:
      code: 200
      message: OK
- request:
    body: 'b''{"id": "/subscriptions/00000000-0000-0000-0000-000000000000/resourceGroups/cli_test_vnet_peering000001/providers/Microsoft.Network/virtualNetworks/vnet1/virtualNetworkPeerings/peering1",
      "properties": {"allowVirtualNetworkAccess": false, "allowForwardedTraffic":
      true, "allowGatewayTransit": false, "useRemoteGateways": false, "remoteVirtualNetwork":
      {"id": "/subscriptions/00000000-0000-0000-0000-000000000000/resourceGroups/cli_test_vnet_peering000001/providers/Microsoft.Network/virtualNetworks/vnet2"},
      "remoteAddressSpace": {"addressPrefixes": ["11.0.0.0/16"]}, "peeringState":
      "Connected"}, "name": "peering1"}'''
    headers:
      Accept:
      - application/json
      Accept-Encoding:
      - gzip, deflate
      CommandName:
      - network vnet peering update
      Connection:
      - keep-alive
      Content-Length:
      - '712'
      Content-Type:
      - application/json; charset=utf-8
      ParameterSetName:
      - -g -n --vnet-name --set
      User-Agent:
      - python/3.8.0 (Windows-10-10.0.19041-SP0) msrest/0.6.9 AZURECLISHELL/0.4.4
        AZURECLISHELL/0.4.4 msrest_azure/0.6.3 azure-mgmt-network/11.0.0 Azure-SDK-For-Python
        AZURECLI/2.9.0
      accept-language:
      - en-US
    method: PUT
    uri: https://management.azure.com/subscriptions/00000000-0000-0000-0000-000000000000/resourceGroups/cli_test_vnet_peering000001/providers/Microsoft.Network/virtualNetworks/vnet1/virtualNetworkPeerings/peering1?api-version=2020-05-01
  response:
    body:
      string: "{\r\n  \"name\": \"peering1\",\r\n  \"id\": \"/subscriptions/00000000-0000-0000-0000-000000000000/resourceGroups/cli_test_vnet_peering000001/providers/Microsoft.Network/virtualNetworks/vnet1/virtualNetworkPeerings/peering1\",\r\n
        \ \"etag\": \"W/\\\"c3d538f1-eb2f-4057-bd7d-7092a5b6c3df\\\"\",\r\n  \"properties\":
        {\r\n    \"provisioningState\": \"Updating\",\r\n    \"resourceGuid\": \"093bf94a-1670-05be-11c5-03d1a997e559\",\r\n
        \   \"peeringState\": \"Connected\",\r\n    \"remoteVirtualNetwork\": {\r\n
        \     \"id\": \"/subscriptions/00000000-0000-0000-0000-000000000000/resourceGroups/cli_test_vnet_peering000001/providers/Microsoft.Network/virtualNetworks/vnet2\"\r\n
        \   },\r\n    \"allowVirtualNetworkAccess\": false,\r\n    \"allowForwardedTraffic\":
        true,\r\n    \"allowGatewayTransit\": false,\r\n    \"useRemoteGateways\":
        false,\r\n    \"doNotVerifyRemoteGateways\": false,\r\n    \"remoteAddressSpace\":
        {\r\n      \"addressPrefixes\": [\r\n        \"11.0.0.0/16\"\r\n      ]\r\n
        \   },\r\n    \"routeServiceVips\": {}\r\n  },\r\n  \"type\": \"Microsoft.Network/virtualNetworks/virtualNetworkPeerings\"\r\n}"
    headers:
      azure-asyncoperation:
      - https://management.azure.com/subscriptions/00000000-0000-0000-0000-000000000000/providers/Microsoft.Network/locations/westus/operations/b6b3d53c-2ae4-409e-b8c1-754aa18395f3?api-version=2020-05-01
      cache-control:
      - no-cache
      content-length:
      - '1107'
      content-type:
      - application/json; charset=utf-8
      date:
      - Tue, 14 Jul 2020 12:59:00 GMT
      expires:
      - '-1'
      pragma:
      - no-cache
      server:
      - Microsoft-HTTPAPI/2.0
      - Microsoft-HTTPAPI/2.0
      strict-transport-security:
      - max-age=31536000; includeSubDomains
      transfer-encoding:
      - chunked
      vary:
      - Accept-Encoding
      x-content-type-options:
      - nosniff
      x-ms-arm-service-request-id:
      - caa19975-bfa2-460a-8c26-c2e56050c29f
      x-ms-ratelimit-remaining-subscription-writes:
      - '1172'
    status:
      code: 200
      message: OK
- request:
    body: null
    headers:
      Accept:
      - application/json
      Accept-Encoding:
      - gzip, deflate
      CommandName:
      - network vnet peering update
      Connection:
      - keep-alive
      ParameterSetName:
      - -g -n --vnet-name --set
      User-Agent:
      - python/3.8.0 (Windows-10-10.0.19041-SP0) msrest/0.6.9 AZURECLISHELL/0.4.4
        AZURECLISHELL/0.4.4 msrest_azure/0.6.3 azure-mgmt-network/11.0.0 Azure-SDK-For-Python
        AZURECLI/2.9.0
    method: GET
    uri: https://management.azure.com/subscriptions/00000000-0000-0000-0000-000000000000/providers/Microsoft.Network/locations/westus/operations/b6b3d53c-2ae4-409e-b8c1-754aa18395f3?api-version=2020-05-01
  response:
    body:
      string: "{\r\n  \"status\": \"Succeeded\"\r\n}"
    headers:
      cache-control:
      - no-cache
      content-length:
      - '29'
      content-type:
      - application/json; charset=utf-8
      date:
      - Tue, 14 Jul 2020 12:59:10 GMT
      expires:
      - '-1'
      pragma:
      - no-cache
      server:
      - Microsoft-HTTPAPI/2.0
      - Microsoft-HTTPAPI/2.0
      strict-transport-security:
      - max-age=31536000; includeSubDomains
      transfer-encoding:
      - chunked
      vary:
      - Accept-Encoding
      x-content-type-options:
      - nosniff
      x-ms-arm-service-request-id:
      - b6d71038-cfa1-4564-88ac-30003fdb1d3e
    status:
      code: 200
      message: OK
- request:
    body: null
    headers:
      Accept:
      - application/json
      Accept-Encoding:
      - gzip, deflate
      CommandName:
      - network vnet peering update
      Connection:
      - keep-alive
      ParameterSetName:
      - -g -n --vnet-name --set
      User-Agent:
      - python/3.8.0 (Windows-10-10.0.19041-SP0) msrest/0.6.9 AZURECLISHELL/0.4.4
        AZURECLISHELL/0.4.4 msrest_azure/0.6.3 azure-mgmt-network/11.0.0 Azure-SDK-For-Python
        AZURECLI/2.9.0
    method: GET
    uri: https://management.azure.com/subscriptions/00000000-0000-0000-0000-000000000000/resourceGroups/cli_test_vnet_peering000001/providers/Microsoft.Network/virtualNetworks/vnet1/virtualNetworkPeerings/peering1?api-version=2020-05-01
  response:
    body:
      string: "{\r\n  \"name\": \"peering1\",\r\n  \"id\": \"/subscriptions/00000000-0000-0000-0000-000000000000/resourceGroups/cli_test_vnet_peering000001/providers/Microsoft.Network/virtualNetworks/vnet1/virtualNetworkPeerings/peering1\",\r\n
        \ \"etag\": \"W/\\\"da14bcbf-1c2e-4d8c-a8f2-968354e30fbf\\\"\",\r\n  \"properties\":
        {\r\n    \"provisioningState\": \"Succeeded\",\r\n    \"resourceGuid\": \"093bf94a-1670-05be-11c5-03d1a997e559\",\r\n
        \   \"peeringState\": \"Connected\",\r\n    \"remoteVirtualNetwork\": {\r\n
        \     \"id\": \"/subscriptions/00000000-0000-0000-0000-000000000000/resourceGroups/cli_test_vnet_peering000001/providers/Microsoft.Network/virtualNetworks/vnet2\"\r\n
        \   },\r\n    \"allowVirtualNetworkAccess\": false,\r\n    \"allowForwardedTraffic\":
        true,\r\n    \"allowGatewayTransit\": false,\r\n    \"useRemoteGateways\":
        false,\r\n    \"doNotVerifyRemoteGateways\": false,\r\n    \"remoteAddressSpace\":
        {\r\n      \"addressPrefixes\": [\r\n        \"11.0.0.0/16\"\r\n      ]\r\n
        \   },\r\n    \"routeServiceVips\": {}\r\n  },\r\n  \"type\": \"Microsoft.Network/virtualNetworks/virtualNetworkPeerings\"\r\n}"
    headers:
      cache-control:
      - no-cache
      content-length:
      - '1108'
      content-type:
      - application/json; charset=utf-8
      date:
      - Tue, 14 Jul 2020 12:59:11 GMT
      etag:
      - W/"da14bcbf-1c2e-4d8c-a8f2-968354e30fbf"
      expires:
      - '-1'
      pragma:
      - no-cache
      server:
      - Microsoft-HTTPAPI/2.0
      - Microsoft-HTTPAPI/2.0
      strict-transport-security:
      - max-age=31536000; includeSubDomains
      transfer-encoding:
      - chunked
      vary:
      - Accept-Encoding
      x-content-type-options:
      - nosniff
      x-ms-arm-service-request-id:
      - b4e0e3d7-e6dd-404e-9e1f-1cfcbb2771f6
    status:
      code: 200
      message: OK
- request:
    body: null
    headers:
      Accept:
      - application/json
      Accept-Encoding:
      - gzip, deflate
      CommandName:
      - network vnet peering delete
      Connection:
      - keep-alive
      Content-Length:
      - '0'
      ParameterSetName:
      - -g -n --vnet-name
      User-Agent:
      - python/3.8.0 (Windows-10-10.0.19041-SP0) msrest/0.6.9 AZURECLISHELL/0.4.4
        AZURECLISHELL/0.4.4 msrest_azure/0.6.3 azure-mgmt-network/11.0.0 Azure-SDK-For-Python
        AZURECLI/2.9.0
      accept-language:
      - en-US
    method: DELETE
    uri: https://management.azure.com/subscriptions/00000000-0000-0000-0000-000000000000/resourceGroups/cli_test_vnet_peering000001/providers/Microsoft.Network/virtualNetworks/vnet1/virtualNetworkPeerings/peering1?api-version=2020-05-01
  response:
    body:
      string: ''
    headers:
      azure-asyncoperation:
      - https://management.azure.com/subscriptions/00000000-0000-0000-0000-000000000000/providers/Microsoft.Network/locations/westus/operations/fbf1d81d-834a-47e2-81d4-94652857411c?api-version=2020-05-01
      cache-control:
      - no-cache
      content-length:
      - '0'
      date:
      - Tue, 14 Jul 2020 12:59:12 GMT
      expires:
      - '-1'
      location:
      - https://management.azure.com/subscriptions/00000000-0000-0000-0000-000000000000/providers/Microsoft.Network/locations/westus/operationResults/fbf1d81d-834a-47e2-81d4-94652857411c?api-version=2020-05-01
      pragma:
      - no-cache
      server:
      - Microsoft-HTTPAPI/2.0
      - Microsoft-HTTPAPI/2.0
      strict-transport-security:
      - max-age=31536000; includeSubDomains
      x-content-type-options:
      - nosniff
      x-ms-arm-service-request-id:
      - d032b096-81b1-4d6c-af08-e71948468a73
      x-ms-ratelimit-remaining-subscription-deletes:
      - '14993'
    status:
      code: 202
      message: Accepted
- request:
    body: null
    headers:
      Accept:
      - application/json
      Accept-Encoding:
      - gzip, deflate
      CommandName:
      - network vnet peering delete
      Connection:
      - keep-alive
      ParameterSetName:
      - -g -n --vnet-name
      User-Agent:
      - python/3.8.0 (Windows-10-10.0.19041-SP0) msrest/0.6.9 AZURECLISHELL/0.4.4
        AZURECLISHELL/0.4.4 msrest_azure/0.6.3 azure-mgmt-network/11.0.0 Azure-SDK-For-Python
        AZURECLI/2.9.0
    method: GET
    uri: https://management.azure.com/subscriptions/00000000-0000-0000-0000-000000000000/providers/Microsoft.Network/locations/westus/operations/fbf1d81d-834a-47e2-81d4-94652857411c?api-version=2020-05-01
  response:
    body:
      string: "{\r\n  \"status\": \"Succeeded\"\r\n}"
    headers:
      cache-control:
      - no-cache
      content-length:
      - '29'
      content-type:
      - application/json; charset=utf-8
      date:
      - Tue, 14 Jul 2020 12:59:23 GMT
      expires:
      - '-1'
      pragma:
      - no-cache
      server:
      - Microsoft-HTTPAPI/2.0
      - Microsoft-HTTPAPI/2.0
      strict-transport-security:
      - max-age=31536000; includeSubDomains
      transfer-encoding:
      - chunked
      vary:
      - Accept-Encoding
      x-content-type-options:
      - nosniff
      x-ms-arm-service-request-id:
      - 0cb2a4ff-52b3-4954-ad77-fe206636ae3b
    status:
      code: 200
      message: OK
- request:
    body: null
    headers:
      Accept:
      - application/json
      Accept-Encoding:
      - gzip, deflate
      CommandName:
      - network vnet peering list
      Connection:
      - keep-alive
      ParameterSetName:
      - -g --vnet-name
      User-Agent:
      - python/3.8.0 (Windows-10-10.0.19041-SP0) msrest/0.6.9 AZURECLISHELL/0.4.4
        AZURECLISHELL/0.4.4 msrest_azure/0.6.3 azure-mgmt-network/11.0.0 Azure-SDK-For-Python
        AZURECLI/2.9.0
      accept-language:
      - en-US
    method: GET
    uri: https://management.azure.com/subscriptions/00000000-0000-0000-0000-000000000000/resourceGroups/cli_test_vnet_peering000001/providers/Microsoft.Network/virtualNetworks/vnet1/virtualNetworkPeerings?api-version=2020-05-01
  response:
    body:
      string: "{\r\n  \"value\": []\r\n}"
    headers:
      cache-control:
      - no-cache
      content-length:
      - '19'
      content-type:
      - application/json; charset=utf-8
      date:
      - Tue, 14 Jul 2020 12:59:24 GMT
      expires:
      - '-1'
      pragma:
      - no-cache
      server:
      - Microsoft-HTTPAPI/2.0
      - Microsoft-HTTPAPI/2.0
      strict-transport-security:
      - max-age=31536000; includeSubDomains
      transfer-encoding:
      - chunked
      vary:
      - Accept-Encoding
      x-content-type-options:
      - nosniff
      x-ms-arm-service-request-id:
      - 989d4206-7a9d-4b04-ba28-2d3d49513ab5
    status:
      code: 200
      message: OK
- request:
    body: null
    headers:
      Accept:
      - application/json
      Accept-Encoding:
      - gzip, deflate
      CommandName:
      - network vnet peering delete
      Connection:
      - keep-alive
      Content-Length:
      - '0'
      ParameterSetName:
      - -g -n --vnet-name
      User-Agent:
      - python/3.8.0 (Windows-10-10.0.19041-SP0) msrest/0.6.9 AZURECLISHELL/0.4.4
        AZURECLISHELL/0.4.4 msrest_azure/0.6.3 azure-mgmt-network/11.0.0 Azure-SDK-For-Python
        AZURECLI/2.9.0
      accept-language:
      - en-US
    method: DELETE
    uri: https://management.azure.com/subscriptions/00000000-0000-0000-0000-000000000000/resourceGroups/cli_test_vnet_peering000001/providers/Microsoft.Network/virtualNetworks/vnet2/virtualNetworkPeerings/peering2?api-version=2020-05-01
  response:
    body:
      string: ''
    headers:
      azure-asyncoperation:
      - https://management.azure.com/subscriptions/00000000-0000-0000-0000-000000000000/providers/Microsoft.Network/locations/westus/operations/cacc41ef-23d1-4ab2-bf85-a3c0e7abffe9?api-version=2020-05-01
      cache-control:
      - no-cache
      content-length:
      - '0'
      date:
      - Tue, 14 Jul 2020 12:59:25 GMT
      expires:
      - '-1'
      location:
      - https://management.azure.com/subscriptions/00000000-0000-0000-0000-000000000000/providers/Microsoft.Network/locations/westus/operationResults/cacc41ef-23d1-4ab2-bf85-a3c0e7abffe9?api-version=2020-05-01
      pragma:
      - no-cache
      server:
      - Microsoft-HTTPAPI/2.0
      - Microsoft-HTTPAPI/2.0
      strict-transport-security:
      - max-age=31536000; includeSubDomains
      x-content-type-options:
      - nosniff
      x-ms-arm-service-request-id:
      - ade54c1b-5b4e-4e18-85b4-119691bfcb83
      x-ms-ratelimit-remaining-subscription-deletes:
      - '14992'
    status:
      code: 202
      message: Accepted
- request:
    body: null
    headers:
      Accept:
      - application/json
      Accept-Encoding:
      - gzip, deflate
      CommandName:
      - network vnet peering delete
      Connection:
      - keep-alive
      ParameterSetName:
      - -g -n --vnet-name
      User-Agent:
      - python/3.8.0 (Windows-10-10.0.19041-SP0) msrest/0.6.9 AZURECLISHELL/0.4.4
        AZURECLISHELL/0.4.4 msrest_azure/0.6.3 azure-mgmt-network/11.0.0 Azure-SDK-For-Python
        AZURECLI/2.9.0
    method: GET
    uri: https://management.azure.com/subscriptions/00000000-0000-0000-0000-000000000000/providers/Microsoft.Network/locations/westus/operations/cacc41ef-23d1-4ab2-bf85-a3c0e7abffe9?api-version=2020-05-01
  response:
    body:
      string: "{\r\n  \"status\": \"Succeeded\"\r\n}"
    headers:
      cache-control:
      - no-cache
      content-length:
      - '29'
      content-type:
      - application/json; charset=utf-8
      date:
      - Tue, 14 Jul 2020 12:59:37 GMT
      expires:
      - '-1'
      pragma:
      - no-cache
      server:
      - Microsoft-HTTPAPI/2.0
      - Microsoft-HTTPAPI/2.0
      strict-transport-security:
      - max-age=31536000; includeSubDomains
      transfer-encoding:
      - chunked
      vary:
      - Accept-Encoding
      x-content-type-options:
      - nosniff
      x-ms-arm-service-request-id:
      - d652151d-07cb-4ffc-be65-75c71eedf896
    status:
      code: 200
      message: OK
- request:
    body: null
    headers:
      Accept:
      - application/json
      Accept-Encoding:
      - gzip, deflate
      CommandName:
      - network vnet-gateway delete
      Connection:
      - keep-alive
      Content-Length:
      - '0'
      ParameterSetName:
      - -g -n
      User-Agent:
      - python/3.8.0 (Windows-10-10.0.19041-SP0) msrest/0.6.9 AZURECLISHELL/0.4.4
        AZURECLISHELL/0.4.4 msrest_azure/0.6.3 azure-mgmt-network/11.0.0 Azure-SDK-For-Python
        AZURECLI/2.9.0
      accept-language:
      - en-US
    method: DELETE
    uri: https://management.azure.com/subscriptions/00000000-0000-0000-0000-000000000000/resourceGroups/cli_test_vnet_peering000001/providers/Microsoft.Network/virtualNetworkGateways/gateway1?api-version=2020-05-01
  response:
    body:
      string: ''
    headers:
      azure-asyncnotification:
      - Enabled
      azure-asyncoperation:
      - https://management.azure.com/subscriptions/00000000-0000-0000-0000-000000000000/providers/Microsoft.Network/locations/westus/operations/9ee7bbbe-8fec-489a-9007-40f9400587d9?api-version=2020-05-01
      cache-control:
      - no-cache
      content-length:
      - '0'
      date:
      - Tue, 14 Jul 2020 12:59:38 GMT
      expires:
      - '-1'
      location:
      - https://management.azure.com/subscriptions/00000000-0000-0000-0000-000000000000/providers/Microsoft.Network/locations/westus/operationResults/9ee7bbbe-8fec-489a-9007-40f9400587d9?api-version=2020-05-01
      pragma:
      - no-cache
      server:
      - Microsoft-HTTPAPI/2.0
      - Microsoft-HTTPAPI/2.0
      strict-transport-security:
      - max-age=31536000; includeSubDomains
      x-content-type-options:
      - nosniff
      x-ms-arm-service-request-id:
      - 14a249ee-2ba3-4aba-a650-cb98a2f7dd13
      x-ms-ratelimit-remaining-subscription-deletes:
      - '14991'
    status:
      code: 202
      message: Accepted
- request:
    body: null
    headers:
      Accept:
      - application/json
      Accept-Encoding:
      - gzip, deflate
      CommandName:
      - network vnet-gateway delete
      Connection:
      - keep-alive
      ParameterSetName:
      - -g -n
      User-Agent:
      - python/3.8.0 (Windows-10-10.0.19041-SP0) msrest/0.6.9 AZURECLISHELL/0.4.4
        AZURECLISHELL/0.4.4 msrest_azure/0.6.3 azure-mgmt-network/11.0.0 Azure-SDK-For-Python
        AZURECLI/2.9.0
    method: GET
    uri: https://management.azure.com/subscriptions/00000000-0000-0000-0000-000000000000/providers/Microsoft.Network/locations/westus/operations/9ee7bbbe-8fec-489a-9007-40f9400587d9?api-version=2020-05-01
  response:
    body:
      string: "{\r\n  \"status\": \"InProgress\"\r\n}"
    headers:
      cache-control:
      - no-cache
      content-length:
      - '30'
      content-type:
      - application/json; charset=utf-8
      date:
      - Tue, 14 Jul 2020 12:59:49 GMT
      expires:
      - '-1'
      pragma:
      - no-cache
      server:
      - Microsoft-HTTPAPI/2.0
      - Microsoft-HTTPAPI/2.0
      strict-transport-security:
      - max-age=31536000; includeSubDomains
      transfer-encoding:
      - chunked
      vary:
      - Accept-Encoding
      x-content-type-options:
      - nosniff
      x-ms-arm-service-request-id:
      - 2243d59e-a16a-4690-b4bb-c3fbc68e2fcd
    status:
      code: 200
      message: OK
- request:
    body: null
    headers:
      Accept:
      - application/json
      Accept-Encoding:
      - gzip, deflate
      CommandName:
      - network vnet-gateway delete
      Connection:
      - keep-alive
      ParameterSetName:
      - -g -n
      User-Agent:
      - python/3.8.0 (Windows-10-10.0.19041-SP0) msrest/0.6.9 AZURECLISHELL/0.4.4
        AZURECLISHELL/0.4.4 msrest_azure/0.6.3 azure-mgmt-network/11.0.0 Azure-SDK-For-Python
        AZURECLI/2.9.0
    method: GET
    uri: https://management.azure.com/subscriptions/00000000-0000-0000-0000-000000000000/providers/Microsoft.Network/locations/westus/operations/9ee7bbbe-8fec-489a-9007-40f9400587d9?api-version=2020-05-01
  response:
    body:
      string: "{\r\n  \"status\": \"InProgress\"\r\n}"
    headers:
      cache-control:
      - no-cache
      content-length:
      - '30'
      content-type:
      - application/json; charset=utf-8
      date:
      - Tue, 14 Jul 2020 12:59:59 GMT
      expires:
      - '-1'
      pragma:
      - no-cache
      server:
      - Microsoft-HTTPAPI/2.0
      - Microsoft-HTTPAPI/2.0
      strict-transport-security:
      - max-age=31536000; includeSubDomains
      transfer-encoding:
      - chunked
      vary:
      - Accept-Encoding
      x-content-type-options:
      - nosniff
      x-ms-arm-service-request-id:
      - b138c64b-4085-483d-bb61-b7950b1120d0
    status:
      code: 200
      message: OK
- request:
    body: null
    headers:
      Accept:
      - application/json
      Accept-Encoding:
      - gzip, deflate
      CommandName:
      - network vnet-gateway delete
      Connection:
      - keep-alive
      ParameterSetName:
      - -g -n
      User-Agent:
      - python/3.8.0 (Windows-10-10.0.19041-SP0) msrest/0.6.9 AZURECLISHELL/0.4.4
        AZURECLISHELL/0.4.4 msrest_azure/0.6.3 azure-mgmt-network/11.0.0 Azure-SDK-For-Python
        AZURECLI/2.9.0
    method: GET
    uri: https://management.azure.com/subscriptions/00000000-0000-0000-0000-000000000000/providers/Microsoft.Network/locations/westus/operations/9ee7bbbe-8fec-489a-9007-40f9400587d9?api-version=2020-05-01
  response:
    body:
      string: "{\r\n  \"status\": \"InProgress\"\r\n}"
    headers:
      cache-control:
      - no-cache
      content-length:
      - '30'
      content-type:
      - application/json; charset=utf-8
      date:
      - Tue, 14 Jul 2020 13:00:19 GMT
      expires:
      - '-1'
      pragma:
      - no-cache
      server:
      - Microsoft-HTTPAPI/2.0
      - Microsoft-HTTPAPI/2.0
      strict-transport-security:
      - max-age=31536000; includeSubDomains
      transfer-encoding:
      - chunked
      vary:
      - Accept-Encoding
      x-content-type-options:
      - nosniff
      x-ms-arm-service-request-id:
      - 5d338c3d-e20c-4009-9d26-16d2443393df
    status:
      code: 200
      message: OK
- request:
    body: null
    headers:
      Accept:
      - application/json
      Accept-Encoding:
      - gzip, deflate
      CommandName:
      - network vnet-gateway delete
      Connection:
      - keep-alive
      ParameterSetName:
      - -g -n
      User-Agent:
      - python/3.8.0 (Windows-10-10.0.19041-SP0) msrest/0.6.9 AZURECLISHELL/0.4.4
        AZURECLISHELL/0.4.4 msrest_azure/0.6.3 azure-mgmt-network/11.0.0 Azure-SDK-For-Python
        AZURECLI/2.9.0
    method: GET
    uri: https://management.azure.com/subscriptions/00000000-0000-0000-0000-000000000000/providers/Microsoft.Network/locations/westus/operations/9ee7bbbe-8fec-489a-9007-40f9400587d9?api-version=2020-05-01
  response:
    body:
      string: "{\r\n  \"status\": \"InProgress\"\r\n}"
    headers:
      cache-control:
      - no-cache
      content-length:
      - '30'
      content-type:
      - application/json; charset=utf-8
      date:
      - Tue, 14 Jul 2020 13:00:40 GMT
      expires:
      - '-1'
      pragma:
      - no-cache
      server:
      - Microsoft-HTTPAPI/2.0
      - Microsoft-HTTPAPI/2.0
      strict-transport-security:
      - max-age=31536000; includeSubDomains
      transfer-encoding:
      - chunked
      vary:
      - Accept-Encoding
      x-content-type-options:
      - nosniff
      x-ms-arm-service-request-id:
      - d3264e25-9e38-4010-b851-5eb618b89129
    status:
      code: 200
      message: OK
- request:
    body: null
    headers:
      Accept:
      - application/json
      Accept-Encoding:
      - gzip, deflate
      CommandName:
      - network vnet-gateway delete
      Connection:
      - keep-alive
      ParameterSetName:
      - -g -n
      User-Agent:
      - python/3.8.0 (Windows-10-10.0.19041-SP0) msrest/0.6.9 AZURECLISHELL/0.4.4
        AZURECLISHELL/0.4.4 msrest_azure/0.6.3 azure-mgmt-network/11.0.0 Azure-SDK-For-Python
        AZURECLI/2.9.0
    method: GET
    uri: https://management.azure.com/subscriptions/00000000-0000-0000-0000-000000000000/providers/Microsoft.Network/locations/westus/operations/9ee7bbbe-8fec-489a-9007-40f9400587d9?api-version=2020-05-01
  response:
    body:
      string: "{\r\n  \"status\": \"InProgress\"\r\n}"
    headers:
      cache-control:
      - no-cache
      content-length:
      - '30'
      content-type:
      - application/json; charset=utf-8
      date:
      - Tue, 14 Jul 2020 13:01:20 GMT
      expires:
      - '-1'
      pragma:
      - no-cache
      server:
      - Microsoft-HTTPAPI/2.0
      - Microsoft-HTTPAPI/2.0
      strict-transport-security:
      - max-age=31536000; includeSubDomains
      transfer-encoding:
      - chunked
      vary:
      - Accept-Encoding
      x-content-type-options:
      - nosniff
      x-ms-arm-service-request-id:
      - ca4b8971-9eb4-47bc-a117-72cad3b6a6e3
    status:
      code: 200
      message: OK
- request:
    body: null
    headers:
      Accept:
      - application/json
      Accept-Encoding:
      - gzip, deflate
      CommandName:
      - network vnet-gateway delete
      Connection:
      - keep-alive
      ParameterSetName:
      - -g -n
      User-Agent:
      - python/3.8.0 (Windows-10-10.0.19041-SP0) msrest/0.6.9 AZURECLISHELL/0.4.4
        AZURECLISHELL/0.4.4 msrest_azure/0.6.3 azure-mgmt-network/11.0.0 Azure-SDK-For-Python
        AZURECLI/2.9.0
    method: GET
    uri: https://management.azure.com/subscriptions/00000000-0000-0000-0000-000000000000/providers/Microsoft.Network/locations/westus/operations/9ee7bbbe-8fec-489a-9007-40f9400587d9?api-version=2020-05-01
  response:
    body:
      string: "{\r\n  \"status\": \"InProgress\"\r\n}"
    headers:
      cache-control:
      - no-cache
      content-length:
      - '30'
      content-type:
      - application/json; charset=utf-8
      date:
      - Tue, 14 Jul 2020 13:02:01 GMT
      expires:
      - '-1'
      pragma:
      - no-cache
      server:
      - Microsoft-HTTPAPI/2.0
      - Microsoft-HTTPAPI/2.0
      strict-transport-security:
      - max-age=31536000; includeSubDomains
      transfer-encoding:
      - chunked
      vary:
      - Accept-Encoding
      x-content-type-options:
      - nosniff
      x-ms-arm-service-request-id:
      - 1cfda2e0-a322-41d4-b6bc-a2c4e12a165e
    status:
      code: 200
      message: OK
- request:
    body: null
    headers:
      Accept:
      - application/json
      Accept-Encoding:
      - gzip, deflate
      CommandName:
      - network vnet-gateway delete
      Connection:
      - keep-alive
      ParameterSetName:
      - -g -n
      User-Agent:
      - python/3.8.0 (Windows-10-10.0.19041-SP0) msrest/0.6.9 AZURECLISHELL/0.4.4
        AZURECLISHELL/0.4.4 msrest_azure/0.6.3 azure-mgmt-network/11.0.0 Azure-SDK-For-Python
        AZURECLI/2.9.0
    method: GET
    uri: https://management.azure.com/subscriptions/00000000-0000-0000-0000-000000000000/providers/Microsoft.Network/locations/westus/operations/9ee7bbbe-8fec-489a-9007-40f9400587d9?api-version=2020-05-01
  response:
    body:
      string: "{\r\n  \"status\": \"InProgress\"\r\n}"
    headers:
      cache-control:
      - no-cache
      content-length:
      - '30'
      content-type:
      - application/json; charset=utf-8
      date:
      - Tue, 14 Jul 2020 13:03:42 GMT
      expires:
      - '-1'
      pragma:
      - no-cache
      server:
      - Microsoft-HTTPAPI/2.0
      - Microsoft-HTTPAPI/2.0
      strict-transport-security:
      - max-age=31536000; includeSubDomains
      transfer-encoding:
      - chunked
      vary:
      - Accept-Encoding
      x-content-type-options:
      - nosniff
      x-ms-arm-service-request-id:
      - d379aeed-5cd7-4409-a2c1-63a97d525f9f
    status:
      code: 200
      message: OK
- request:
    body: null
    headers:
      Accept:
      - application/json
      Accept-Encoding:
      - gzip, deflate
      CommandName:
      - network vnet-gateway delete
      Connection:
      - keep-alive
      ParameterSetName:
      - -g -n
      User-Agent:
      - python/3.8.0 (Windows-10-10.0.19041-SP0) msrest/0.6.9 AZURECLISHELL/0.4.4
        AZURECLISHELL/0.4.4 msrest_azure/0.6.3 azure-mgmt-network/11.0.0 Azure-SDK-For-Python
        AZURECLI/2.9.0
    method: GET
    uri: https://management.azure.com/subscriptions/00000000-0000-0000-0000-000000000000/providers/Microsoft.Network/locations/westus/operations/9ee7bbbe-8fec-489a-9007-40f9400587d9?api-version=2020-05-01
  response:
    body:
      string: "{\r\n  \"status\": \"InProgress\"\r\n}"
    headers:
      cache-control:
      - no-cache
      content-length:
      - '30'
      content-type:
      - application/json; charset=utf-8
      date:
      - Tue, 14 Jul 2020 13:05:22 GMT
      expires:
      - '-1'
      pragma:
      - no-cache
      server:
      - Microsoft-HTTPAPI/2.0
      - Microsoft-HTTPAPI/2.0
      strict-transport-security:
      - max-age=31536000; includeSubDomains
      transfer-encoding:
      - chunked
      vary:
      - Accept-Encoding
      x-content-type-options:
      - nosniff
      x-ms-arm-service-request-id:
      - 5c5cf547-b3a0-426a-9198-554ad816ffc8
    status:
      code: 200
      message: OK
- request:
    body: null
    headers:
      Accept:
      - application/json
      Accept-Encoding:
      - gzip, deflate
      CommandName:
      - network vnet-gateway delete
      Connection:
      - keep-alive
      ParameterSetName:
      - -g -n
      User-Agent:
      - python/3.8.0 (Windows-10-10.0.19041-SP0) msrest/0.6.9 AZURECLISHELL/0.4.4
        AZURECLISHELL/0.4.4 msrest_azure/0.6.3 azure-mgmt-network/11.0.0 Azure-SDK-For-Python
        AZURECLI/2.9.0
    method: GET
    uri: https://management.azure.com/subscriptions/00000000-0000-0000-0000-000000000000/providers/Microsoft.Network/locations/westus/operations/9ee7bbbe-8fec-489a-9007-40f9400587d9?api-version=2020-05-01
  response:
    body:
      string: "{\r\n  \"status\": \"Succeeded\"\r\n}"
    headers:
      cache-control:
      - no-cache
      content-length:
      - '29'
      content-type:
      - application/json; charset=utf-8
      date:
      - Tue, 14 Jul 2020 13:07:03 GMT
      expires:
      - '-1'
      pragma:
      - no-cache
      server:
      - Microsoft-HTTPAPI/2.0
      - Microsoft-HTTPAPI/2.0
      strict-transport-security:
      - max-age=31536000; includeSubDomains
      transfer-encoding:
      - chunked
      vary:
      - Accept-Encoding
      x-content-type-options:
      - nosniff
      x-ms-arm-service-request-id:
      - 1a69bd0c-ed77-44e0-a7fe-0a106d99c493
    status:
      code: 200
      message: OK
version: 1
