interactions:
- request:
    body: null
    headers:
      Accept:
      - application/json
      Accept-Encoding:
      - gzip, deflate
      CommandName:
      - network public-ip create
      Connection:
      - keep-alive
      ParameterSetName:
      - -g -n --sku
      User-Agent:
      - python/3.7.8 (Windows-10-10.0.19041-SP0) msrest/0.6.18 msrest_azure/0.6.3
        azure-mgmt-resource/10.3.0 Azure-SDK-For-Python AZURECLI/2.16.0
      accept-language:
      - en-US
    method: GET
    uri: https://management.azure.com/subscriptions/00000000-0000-0000-0000-000000000000/resourcegroups/test_appgw_private_endpoint_with_default000001?api-version=2020-06-01
  response:
    body:
      string: '{"id":"/subscriptions/00000000-0000-0000-0000-000000000000/resourceGroups/test_appgw_private_endpoint_with_default000001","name":"test_appgw_private_endpoint_with_default000001","type":"Microsoft.Resources/resourceGroups","location":"westus","tags":{"product":"azurecli","cause":"automation","date":"2020-12-16T09:43:08Z"},"properties":{"provisioningState":"Succeeded"}}'
    headers:
      cache-control:
      - no-cache
      content-length:
      - '428'
      content-type:
      - application/json; charset=utf-8
      date:
      - Wed, 16 Dec 2020 09:43:14 GMT
      expires:
      - '-1'
      pragma:
      - no-cache
      strict-transport-security:
      - max-age=31536000; includeSubDomains
      vary:
      - Accept-Encoding
      x-content-type-options:
      - nosniff
    status:
      code: 200
      message: OK
- request:
    body: '{"location": "westus", "sku": {"name": "Standard"}, "properties": {"publicIPAllocationMethod":
      "Static", "publicIPAddressVersion": "IPv4", "idleTimeoutInMinutes": 4}}'
    headers:
      Accept:
      - application/json
      Accept-Encoding:
      - gzip, deflate
      CommandName:
      - network public-ip create
      Connection:
      - keep-alive
      Content-Length:
      - '166'
      Content-Type:
      - application/json
      ParameterSetName:
      - -g -n --sku
      User-Agent:
      - AZURECLI/2.16.0 azsdk-python-azure-mgmt-network/17.0.0 Python/3.7.8 (Windows-10-10.0.19041-SP0)
    method: PUT
    uri: https://management.azure.com/subscriptions/00000000-0000-0000-0000-000000000000/resourceGroups/test_appgw_private_endpoint_with_default000001/providers/Microsoft.Network/publicIPAddresses/appgw_ip?api-version=2020-07-01
  response:
    body:
      string: "{\r\n  \"name\": \"appgw_ip\",\r\n  \"id\": \"/subscriptions/00000000-0000-0000-0000-000000000000/resourceGroups/test_appgw_private_endpoint_with_default000001/providers/Microsoft.Network/publicIPAddresses/appgw_ip\",\r\n
        \ \"etag\": \"W/\\\"1210f18b-caf2-411b-a1b0-6a2c512ce3c7\\\"\",\r\n  \"location\":
        \"westus\",\r\n  \"properties\": {\r\n    \"provisioningState\": \"Updating\",\r\n
        \   \"resourceGuid\": \"bf007822-7a32-4280-a85f-fc6d32b684e6\",\r\n    \"publicIPAddressVersion\":
        \"IPv4\",\r\n    \"publicIPAllocationMethod\": \"Static\",\r\n    \"idleTimeoutInMinutes\":
        4,\r\n    \"ipTags\": []\r\n  },\r\n  \"type\": \"Microsoft.Network/publicIPAddresses\",\r\n
        \ \"sku\": {\r\n    \"name\": \"Standard\",\r\n    \"tier\": \"Regional\"\r\n
        \ }\r\n}"
    headers:
      azure-asyncnotification:
      - Enabled
      azure-asyncoperation:
      - https://management.azure.com/subscriptions/00000000-0000-0000-0000-000000000000/providers/Microsoft.Network/locations/westus/operations/123c1d2b-49ed-4fcc-8a99-601be7b0ec85?api-version=2020-07-01
      cache-control:
      - no-cache
      content-length:
      - '691'
      content-type:
      - application/json; charset=utf-8
      date:
      - Wed, 16 Dec 2020 09:43:21 GMT
      expires:
      - '-1'
      pragma:
      - no-cache
      server:
      - Microsoft-HTTPAPI/2.0
      - Microsoft-HTTPAPI/2.0
      strict-transport-security:
      - max-age=31536000; includeSubDomains
      x-content-type-options:
      - nosniff
      x-ms-arm-service-request-id:
      - c8d060cb-c7ea-4d81-8fa1-b98ef3df3701
      x-ms-ratelimit-remaining-subscription-writes:
      - '1186'
    status:
      code: 201
      message: Created
- request:
    body: null
    headers:
      Accept:
      - '*/*'
      Accept-Encoding:
      - gzip, deflate
      CommandName:
      - network public-ip create
      Connection:
      - keep-alive
      ParameterSetName:
      - -g -n --sku
      User-Agent:
      - AZURECLI/2.16.0 azsdk-python-azure-mgmt-network/17.0.0 Python/3.7.8 (Windows-10-10.0.19041-SP0)
    method: GET
    uri: https://management.azure.com/subscriptions/00000000-0000-0000-0000-000000000000/providers/Microsoft.Network/locations/westus/operations/123c1d2b-49ed-4fcc-8a99-601be7b0ec85?api-version=2020-07-01
  response:
    body:
      string: "{\r\n  \"status\": \"Succeeded\"\r\n}"
    headers:
      cache-control:
      - no-cache
      content-length:
      - '29'
      content-type:
      - application/json; charset=utf-8
      date:
      - Wed, 16 Dec 2020 09:43:23 GMT
      expires:
      - '-1'
      pragma:
      - no-cache
      server:
      - Microsoft-HTTPAPI/2.0
      - Microsoft-HTTPAPI/2.0
      strict-transport-security:
      - max-age=31536000; includeSubDomains
      transfer-encoding:
      - chunked
      vary:
      - Accept-Encoding
      x-content-type-options:
      - nosniff
      x-ms-arm-service-request-id:
      - 3a1a6eb1-c9ab-4c5a-b44a-568787cf181b
    status:
      code: 200
      message: OK
- request:
    body: null
    headers:
      Accept:
      - '*/*'
      Accept-Encoding:
      - gzip, deflate
      CommandName:
      - network public-ip create
      Connection:
      - keep-alive
      ParameterSetName:
      - -g -n --sku
      User-Agent:
      - AZURECLI/2.16.0 azsdk-python-azure-mgmt-network/17.0.0 Python/3.7.8 (Windows-10-10.0.19041-SP0)
    method: GET
    uri: https://management.azure.com/subscriptions/00000000-0000-0000-0000-000000000000/resourceGroups/test_appgw_private_endpoint_with_default000001/providers/Microsoft.Network/publicIPAddresses/appgw_ip?api-version=2020-07-01
  response:
    body:
      string: "{\r\n  \"name\": \"appgw_ip\",\r\n  \"id\": \"/subscriptions/00000000-0000-0000-0000-000000000000/resourceGroups/test_appgw_private_endpoint_with_default000001/providers/Microsoft.Network/publicIPAddresses/appgw_ip\",\r\n
        \ \"etag\": \"W/\\\"349b7f89-acb3-4110-a6eb-f2a82f360ec3\\\"\",\r\n  \"location\":
        \"westus\",\r\n  \"properties\": {\r\n    \"provisioningState\": \"Succeeded\",\r\n
        \   \"resourceGuid\": \"bf007822-7a32-4280-a85f-fc6d32b684e6\",\r\n    \"ipAddress\":
        \"13.83.248.152\",\r\n    \"publicIPAddressVersion\": \"IPv4\",\r\n    \"publicIPAllocationMethod\":
        \"Static\",\r\n    \"idleTimeoutInMinutes\": 4,\r\n    \"ipTags\": []\r\n
        \ },\r\n  \"type\": \"Microsoft.Network/publicIPAddresses\",\r\n  \"sku\":
        {\r\n    \"name\": \"Standard\",\r\n    \"tier\": \"Regional\"\r\n  }\r\n}"
    headers:
      cache-control:
      - no-cache
      content-length:
      - '727'
      content-type:
      - application/json; charset=utf-8
      date:
      - Wed, 16 Dec 2020 09:43:24 GMT
      etag:
      - W/"349b7f89-acb3-4110-a6eb-f2a82f360ec3"
      expires:
      - '-1'
      pragma:
      - no-cache
      server:
      - Microsoft-HTTPAPI/2.0
      - Microsoft-HTTPAPI/2.0
      strict-transport-security:
      - max-age=31536000; includeSubDomains
      transfer-encoding:
      - chunked
      vary:
      - Accept-Encoding
      x-content-type-options:
      - nosniff
      x-ms-arm-service-request-id:
      - 6af73b25-c0b4-465e-a21f-8d3b73971841
    status:
      code: 200
      message: OK
- request:
    body: null
    headers:
      Accept:
      - application/json
      Accept-Encoding:
      - gzip, deflate
      CommandName:
      - network vnet create
      Connection:
      - keep-alive
      ParameterSetName:
      - -g -n --subnet-name
      User-Agent:
      - python/3.7.8 (Windows-10-10.0.19041-SP0) msrest/0.6.18 msrest_azure/0.6.3
        azure-mgmt-resource/10.3.0 Azure-SDK-For-Python AZURECLI/2.16.0
      accept-language:
      - en-US
    method: GET
    uri: https://management.azure.com/subscriptions/00000000-0000-0000-0000-000000000000/resourcegroups/test_appgw_private_endpoint_with_default000001?api-version=2020-06-01
  response:
    body:
      string: '{"id":"/subscriptions/00000000-0000-0000-0000-000000000000/resourceGroups/test_appgw_private_endpoint_with_default000001","name":"test_appgw_private_endpoint_with_default000001","type":"Microsoft.Resources/resourceGroups","location":"westus","tags":{"product":"azurecli","cause":"automation","date":"2020-12-16T09:43:08Z"},"properties":{"provisioningState":"Succeeded"}}'
    headers:
      cache-control:
      - no-cache
      content-length:
      - '428'
      content-type:
      - application/json; charset=utf-8
      date:
      - Wed, 16 Dec 2020 09:43:27 GMT
      expires:
      - '-1'
      pragma:
      - no-cache
      strict-transport-security:
      - max-age=31536000; includeSubDomains
      vary:
      - Accept-Encoding
      x-content-type-options:
      - nosniff
    status:
      code: 200
      message: OK
- request:
    body: '{"location": "westus", "tags": {}, "properties": {"addressSpace": {"addressPrefixes":
      ["10.0.0.0/16"]}, "dhcpOptions": {}, "subnets": [{"name": "appgw_private_endpoint_subnet",
      "properties": {"addressPrefix": "10.0.0.0/24"}}]}}'
    headers:
      Accept:
      - application/json
      Accept-Encoding:
      - gzip, deflate
      CommandName:
      - network vnet create
      Connection:
      - keep-alive
      Content-Length:
      - '227'
      Content-Type:
      - application/json
      ParameterSetName:
      - -g -n --subnet-name
      User-Agent:
      - AZURECLI/2.16.0 azsdk-python-azure-mgmt-network/17.0.0 Python/3.7.8 (Windows-10-10.0.19041-SP0)
    method: PUT
    uri: https://management.azure.com/subscriptions/00000000-0000-0000-0000-000000000000/resourceGroups/test_appgw_private_endpoint_with_default000001/providers/Microsoft.Network/virtualNetworks/appgw_private_endpoint_vnet?api-version=2020-07-01
  response:
    body:
      string: "{\r\n  \"name\": \"appgw_private_endpoint_vnet\",\r\n  \"id\": \"/subscriptions/00000000-0000-0000-0000-000000000000/resourceGroups/test_appgw_private_endpoint_with_default000001/providers/Microsoft.Network/virtualNetworks/appgw_private_endpoint_vnet\",\r\n
        \ \"etag\": \"W/\\\"e77c8af6-1f4d-4955-b32c-2546d479c11e\\\"\",\r\n  \"type\":
        \"Microsoft.Network/virtualNetworks\",\r\n  \"location\": \"westus\",\r\n
        \ \"tags\": {},\r\n  \"properties\": {\r\n    \"provisioningState\": \"Updating\",\r\n
        \   \"resourceGuid\": \"25e4746a-1538-47d4-9cba-fb752560da5b\",\r\n    \"addressSpace\":
        {\r\n      \"addressPrefixes\": [\r\n        \"10.0.0.0/16\"\r\n      ]\r\n
        \   },\r\n    \"dhcpOptions\": {\r\n      \"dnsServers\": []\r\n    },\r\n
        \   \"subnets\": [\r\n      {\r\n        \"name\": \"appgw_private_endpoint_subnet\",\r\n
        \       \"id\": \"/subscriptions/00000000-0000-0000-0000-000000000000/resourceGroups/test_appgw_private_endpoint_with_default000001/providers/Microsoft.Network/virtualNetworks/appgw_private_endpoint_vnet/subnets/appgw_private_endpoint_subnet\",\r\n
        \       \"etag\": \"W/\\\"e77c8af6-1f4d-4955-b32c-2546d479c11e\\\"\",\r\n
        \       \"properties\": {\r\n          \"provisioningState\": \"Updating\",\r\n
        \         \"addressPrefix\": \"10.0.0.0/24\",\r\n          \"delegations\":
        [],\r\n          \"privateEndpointNetworkPolicies\": \"Enabled\",\r\n          \"privateLinkServiceNetworkPolicies\":
        \"Enabled\"\r\n        },\r\n        \"type\": \"Microsoft.Network/virtualNetworks/subnets\"\r\n
        \     }\r\n    ],\r\n    \"virtualNetworkPeerings\": [],\r\n    \"enableDdosProtection\":
        false,\r\n    \"enableVmProtection\": false\r\n  }\r\n}"
    headers:
      azure-asyncnotification:
      - Enabled
      azure-asyncoperation:
      - https://management.azure.com/subscriptions/00000000-0000-0000-0000-000000000000/providers/Microsoft.Network/locations/westus/operations/303481ca-b924-4bf8-9c1d-9fdc3f81c5b6?api-version=2020-07-01
      cache-control:
      - no-cache
      content-length:
      - '1547'
      content-type:
      - application/json; charset=utf-8
      date:
      - Wed, 16 Dec 2020 09:43:33 GMT
      expires:
      - '-1'
      pragma:
      - no-cache
      server:
      - Microsoft-HTTPAPI/2.0
      - Microsoft-HTTPAPI/2.0
      strict-transport-security:
      - max-age=31536000; includeSubDomains
      x-content-type-options:
      - nosniff
      x-ms-arm-service-request-id:
      - 23235498-be85-4b96-85c7-befb0f46b631
      x-ms-ratelimit-remaining-subscription-writes:
      - '1181'
    status:
      code: 201
      message: Created
- request:
    body: null
    headers:
      Accept:
      - '*/*'
      Accept-Encoding:
      - gzip, deflate
      CommandName:
      - network vnet create
      Connection:
      - keep-alive
      ParameterSetName:
      - -g -n --subnet-name
      User-Agent:
      - AZURECLI/2.16.0 azsdk-python-azure-mgmt-network/17.0.0 Python/3.7.8 (Windows-10-10.0.19041-SP0)
    method: GET
    uri: https://management.azure.com/subscriptions/00000000-0000-0000-0000-000000000000/providers/Microsoft.Network/locations/westus/operations/303481ca-b924-4bf8-9c1d-9fdc3f81c5b6?api-version=2020-07-01
  response:
    body:
      string: "{\r\n  \"status\": \"Succeeded\"\r\n}"
    headers:
      cache-control:
      - no-cache
      content-length:
      - '29'
      content-type:
      - application/json; charset=utf-8
      date:
      - Wed, 16 Dec 2020 09:43:37 GMT
      expires:
      - '-1'
      pragma:
      - no-cache
      server:
      - Microsoft-HTTPAPI/2.0
      - Microsoft-HTTPAPI/2.0
      strict-transport-security:
      - max-age=31536000; includeSubDomains
      transfer-encoding:
      - chunked
      vary:
      - Accept-Encoding
      x-content-type-options:
      - nosniff
      x-ms-arm-service-request-id:
      - 3dece9be-a247-4170-94ca-d3fced668dd5
    status:
      code: 200
      message: OK
- request:
    body: null
    headers:
      Accept:
      - '*/*'
      Accept-Encoding:
      - gzip, deflate
      CommandName:
      - network vnet create
      Connection:
      - keep-alive
      ParameterSetName:
      - -g -n --subnet-name
      User-Agent:
      - AZURECLI/2.16.0 azsdk-python-azure-mgmt-network/17.0.0 Python/3.7.8 (Windows-10-10.0.19041-SP0)
    method: GET
    uri: https://management.azure.com/subscriptions/00000000-0000-0000-0000-000000000000/resourceGroups/test_appgw_private_endpoint_with_default000001/providers/Microsoft.Network/virtualNetworks/appgw_private_endpoint_vnet?api-version=2020-07-01
  response:
    body:
      string: "{\r\n  \"name\": \"appgw_private_endpoint_vnet\",\r\n  \"id\": \"/subscriptions/00000000-0000-0000-0000-000000000000/resourceGroups/test_appgw_private_endpoint_with_default000001/providers/Microsoft.Network/virtualNetworks/appgw_private_endpoint_vnet\",\r\n
        \ \"etag\": \"W/\\\"cce586eb-104a-4c26-8940-b771d46a36c4\\\"\",\r\n  \"type\":
        \"Microsoft.Network/virtualNetworks\",\r\n  \"location\": \"westus\",\r\n
        \ \"tags\": {},\r\n  \"properties\": {\r\n    \"provisioningState\": \"Succeeded\",\r\n
        \   \"resourceGuid\": \"25e4746a-1538-47d4-9cba-fb752560da5b\",\r\n    \"addressSpace\":
        {\r\n      \"addressPrefixes\": [\r\n        \"10.0.0.0/16\"\r\n      ]\r\n
        \   },\r\n    \"dhcpOptions\": {\r\n      \"dnsServers\": []\r\n    },\r\n
        \   \"subnets\": [\r\n      {\r\n        \"name\": \"appgw_private_endpoint_subnet\",\r\n
        \       \"id\": \"/subscriptions/00000000-0000-0000-0000-000000000000/resourceGroups/test_appgw_private_endpoint_with_default000001/providers/Microsoft.Network/virtualNetworks/appgw_private_endpoint_vnet/subnets/appgw_private_endpoint_subnet\",\r\n
        \       \"etag\": \"W/\\\"cce586eb-104a-4c26-8940-b771d46a36c4\\\"\",\r\n
        \       \"properties\": {\r\n          \"provisioningState\": \"Succeeded\",\r\n
        \         \"addressPrefix\": \"10.0.0.0/24\",\r\n          \"delegations\":
        [],\r\n          \"privateEndpointNetworkPolicies\": \"Enabled\",\r\n          \"privateLinkServiceNetworkPolicies\":
        \"Enabled\"\r\n        },\r\n        \"type\": \"Microsoft.Network/virtualNetworks/subnets\"\r\n
        \     }\r\n    ],\r\n    \"virtualNetworkPeerings\": [],\r\n    \"enableDdosProtection\":
        false,\r\n    \"enableVmProtection\": false\r\n  }\r\n}"
    headers:
      cache-control:
      - no-cache
      content-length:
      - '1549'
      content-type:
      - application/json; charset=utf-8
      date:
      - Wed, 16 Dec 2020 09:43:38 GMT
      etag:
      - W/"cce586eb-104a-4c26-8940-b771d46a36c4"
      expires:
      - '-1'
      pragma:
      - no-cache
      server:
      - Microsoft-HTTPAPI/2.0
      - Microsoft-HTTPAPI/2.0
      strict-transport-security:
      - max-age=31536000; includeSubDomains
      transfer-encoding:
      - chunked
      vary:
      - Accept-Encoding
      x-content-type-options:
      - nosniff
      x-ms-arm-service-request-id:
      - 20890893-38f5-4201-87ce-67d80a477498
    status:
      code: 200
      message: OK
- request:
    body: null
    headers:
      Accept:
      - application/json
      Accept-Encoding:
      - gzip, deflate
      CommandName:
      - network vnet subnet update
      Connection:
      - keep-alive
      ParameterSetName:
      - -g -n --vnet-name --disable-private-endpoint-network-policies
      User-Agent:
      - AZURECLI/2.16.0 azsdk-python-azure-mgmt-network/17.0.0 Python/3.7.8 (Windows-10-10.0.19041-SP0)
    method: GET
    uri: https://management.azure.com/subscriptions/00000000-0000-0000-0000-000000000000/resourceGroups/test_appgw_private_endpoint_with_default000001/providers/Microsoft.Network/virtualNetworks/appgw_private_endpoint_vnet/subnets/appgw_private_endpoint_subnet?api-version=2020-07-01
  response:
    body:
      string: "{\r\n  \"name\": \"appgw_private_endpoint_subnet\",\r\n  \"id\": \"/subscriptions/00000000-0000-0000-0000-000000000000/resourceGroups/test_appgw_private_endpoint_with_default000001/providers/Microsoft.Network/virtualNetworks/appgw_private_endpoint_vnet/subnets/appgw_private_endpoint_subnet\",\r\n
        \ \"etag\": \"W/\\\"cce586eb-104a-4c26-8940-b771d46a36c4\\\"\",\r\n  \"properties\":
        {\r\n    \"provisioningState\": \"Succeeded\",\r\n    \"addressPrefix\": \"10.0.0.0/24\",\r\n
        \   \"delegations\": [],\r\n    \"privateEndpointNetworkPolicies\": \"Enabled\",\r\n
        \   \"privateLinkServiceNetworkPolicies\": \"Enabled\"\r\n  },\r\n  \"type\":
        \"Microsoft.Network/virtualNetworks/subnets\"\r\n}"
    headers:
      cache-control:
      - no-cache
      content-length:
      - '652'
      content-type:
      - application/json; charset=utf-8
      date:
      - Wed, 16 Dec 2020 09:43:41 GMT
      etag:
      - W/"cce586eb-104a-4c26-8940-b771d46a36c4"
      expires:
      - '-1'
      pragma:
      - no-cache
      server:
      - Microsoft-HTTPAPI/2.0
      - Microsoft-HTTPAPI/2.0
      strict-transport-security:
      - max-age=31536000; includeSubDomains
      transfer-encoding:
      - chunked
      vary:
      - Accept-Encoding
      x-content-type-options:
      - nosniff
      x-ms-arm-service-request-id:
      - 078a3d22-6537-4abf-976a-874bd38903ca
    status:
      code: 200
      message: OK
- request:
    body: '{"id": "/subscriptions/00000000-0000-0000-0000-000000000000/resourceGroups/test_appgw_private_endpoint_with_default000001/providers/Microsoft.Network/virtualNetworks/appgw_private_endpoint_vnet/subnets/appgw_private_endpoint_subnet",
      "name": "appgw_private_endpoint_subnet", "properties": {"addressPrefix": "10.0.0.0/24",
      "delegations": [], "privateEndpointNetworkPolicies": "Disabled", "privateLinkServiceNetworkPolicies":
      "Enabled"}}'
    headers:
      Accept:
      - application/json
      Accept-Encoding:
      - gzip, deflate
      CommandName:
      - network vnet subnet update
      Connection:
      - keep-alive
      Content-Length:
      - '464'
      Content-Type:
      - application/json
      ParameterSetName:
      - -g -n --vnet-name --disable-private-endpoint-network-policies
      User-Agent:
      - AZURECLI/2.16.0 azsdk-python-azure-mgmt-network/17.0.0 Python/3.7.8 (Windows-10-10.0.19041-SP0)
    method: PUT
    uri: https://management.azure.com/subscriptions/00000000-0000-0000-0000-000000000000/resourceGroups/test_appgw_private_endpoint_with_default000001/providers/Microsoft.Network/virtualNetworks/appgw_private_endpoint_vnet/subnets/appgw_private_endpoint_subnet?api-version=2020-07-01
  response:
    body:
      string: "{\r\n  \"name\": \"appgw_private_endpoint_subnet\",\r\n  \"id\": \"/subscriptions/00000000-0000-0000-0000-000000000000/resourceGroups/test_appgw_private_endpoint_with_default000001/providers/Microsoft.Network/virtualNetworks/appgw_private_endpoint_vnet/subnets/appgw_private_endpoint_subnet\",\r\n
        \ \"etag\": \"W/\\\"3e39b0d9-a2d7-4c3a-8011-9d40a6edccc8\\\"\",\r\n  \"properties\":
        {\r\n    \"provisioningState\": \"Updating\",\r\n    \"addressPrefix\": \"10.0.0.0/24\",\r\n
        \   \"delegations\": [],\r\n    \"privateEndpointNetworkPolicies\": \"Disabled\",\r\n
        \   \"privateLinkServiceNetworkPolicies\": \"Enabled\"\r\n  },\r\n  \"type\":
        \"Microsoft.Network/virtualNetworks/subnets\"\r\n}"
    headers:
      azure-asyncoperation:
      - https://management.azure.com/subscriptions/00000000-0000-0000-0000-000000000000/providers/Microsoft.Network/locations/westus/operations/2925e7eb-2974-4969-8831-c66f3d6154d7?api-version=2020-07-01
      cache-control:
      - no-cache
      content-length:
      - '652'
      content-type:
      - application/json; charset=utf-8
      date:
      - Wed, 16 Dec 2020 09:43:44 GMT
      expires:
      - '-1'
      pragma:
      - no-cache
      server:
      - Microsoft-HTTPAPI/2.0
      - Microsoft-HTTPAPI/2.0
      strict-transport-security:
      - max-age=31536000; includeSubDomains
      transfer-encoding:
      - chunked
      vary:
      - Accept-Encoding
      x-content-type-options:
      - nosniff
      x-ms-arm-service-request-id:
      - 14bb512b-2656-4217-ba65-a17589919316
      x-ms-ratelimit-remaining-subscription-writes:
      - '1188'
    status:
      code: 200
      message: OK
- request:
    body: null
    headers:
      Accept:
      - '*/*'
      Accept-Encoding:
      - gzip, deflate
      CommandName:
      - network vnet subnet update
      Connection:
      - keep-alive
      ParameterSetName:
      - -g -n --vnet-name --disable-private-endpoint-network-policies
      User-Agent:
      - AZURECLI/2.16.0 azsdk-python-azure-mgmt-network/17.0.0 Python/3.7.8 (Windows-10-10.0.19041-SP0)
    method: GET
    uri: https://management.azure.com/subscriptions/00000000-0000-0000-0000-000000000000/providers/Microsoft.Network/locations/westus/operations/2925e7eb-2974-4969-8831-c66f3d6154d7?api-version=2020-07-01
  response:
    body:
      string: "{\r\n  \"status\": \"Succeeded\"\r\n}"
    headers:
      cache-control:
      - no-cache
      content-length:
      - '29'
      content-type:
      - application/json; charset=utf-8
      date:
      - Wed, 16 Dec 2020 09:43:47 GMT
      expires:
      - '-1'
      pragma:
      - no-cache
      server:
      - Microsoft-HTTPAPI/2.0
      - Microsoft-HTTPAPI/2.0
      strict-transport-security:
      - max-age=31536000; includeSubDomains
      transfer-encoding:
      - chunked
      vary:
      - Accept-Encoding
      x-content-type-options:
      - nosniff
      x-ms-arm-service-request-id:
      - 16aafeb7-e9e0-4a9b-804f-b5ce636dbb21
    status:
      code: 200
      message: OK
- request:
    body: null
    headers:
      Accept:
      - '*/*'
      Accept-Encoding:
      - gzip, deflate
      CommandName:
      - network vnet subnet update
      Connection:
      - keep-alive
      ParameterSetName:
      - -g -n --vnet-name --disable-private-endpoint-network-policies
      User-Agent:
      - AZURECLI/2.16.0 azsdk-python-azure-mgmt-network/17.0.0 Python/3.7.8 (Windows-10-10.0.19041-SP0)
    method: GET
    uri: https://management.azure.com/subscriptions/00000000-0000-0000-0000-000000000000/resourceGroups/test_appgw_private_endpoint_with_default000001/providers/Microsoft.Network/virtualNetworks/appgw_private_endpoint_vnet/subnets/appgw_private_endpoint_subnet?api-version=2020-07-01
  response:
    body:
      string: "{\r\n  \"name\": \"appgw_private_endpoint_subnet\",\r\n  \"id\": \"/subscriptions/00000000-0000-0000-0000-000000000000/resourceGroups/test_appgw_private_endpoint_with_default000001/providers/Microsoft.Network/virtualNetworks/appgw_private_endpoint_vnet/subnets/appgw_private_endpoint_subnet\",\r\n
        \ \"etag\": \"W/\\\"1f950392-a8ff-4b65-a7d6-098101ae4ca9\\\"\",\r\n  \"properties\":
        {\r\n    \"provisioningState\": \"Succeeded\",\r\n    \"addressPrefix\": \"10.0.0.0/24\",\r\n
        \   \"delegations\": [],\r\n    \"privateEndpointNetworkPolicies\": \"Disabled\",\r\n
        \   \"privateLinkServiceNetworkPolicies\": \"Enabled\"\r\n  },\r\n  \"type\":
        \"Microsoft.Network/virtualNetworks/subnets\"\r\n}"
    headers:
      cache-control:
      - no-cache
      content-length:
      - '653'
      content-type:
      - application/json; charset=utf-8
      date:
      - Wed, 16 Dec 2020 09:43:48 GMT
      etag:
      - W/"1f950392-a8ff-4b65-a7d6-098101ae4ca9"
      expires:
      - '-1'
      pragma:
      - no-cache
      server:
      - Microsoft-HTTPAPI/2.0
      - Microsoft-HTTPAPI/2.0
      strict-transport-security:
      - max-age=31536000; includeSubDomains
      transfer-encoding:
      - chunked
      vary:
      - Accept-Encoding
      x-content-type-options:
      - nosniff
      x-ms-arm-service-request-id:
      - 027796ed-d4d3-4726-8796-feb8092e871a
    status:
      code: 200
      message: OK
- request:
    body: null
    headers:
      Accept:
      - application/json
      Accept-Encoding:
      - gzip, deflate
      CommandName:
      - network application-gateway create
      Connection:
      - keep-alive
      ParameterSetName:
      - -g -n --sku --public-ip-address --enable-private-link
      User-Agent:
      - python/3.7.8 (Windows-10-10.0.19041-SP0) msrest/0.6.18 msrest_azure/0.6.3
        azure-mgmt-resource/10.3.0 Azure-SDK-For-Python AZURECLI/2.16.0
      accept-language:
      - en-US
    method: GET
    uri: https://management.azure.com/subscriptions/00000000-0000-0000-0000-000000000000/resourcegroups/test_appgw_private_endpoint_with_default000001?api-version=2020-06-01
  response:
    body:
      string: '{"id":"/subscriptions/00000000-0000-0000-0000-000000000000/resourceGroups/test_appgw_private_endpoint_with_default000001","name":"test_appgw_private_endpoint_with_default000001","type":"Microsoft.Resources/resourceGroups","location":"westus","tags":{"product":"azurecli","cause":"automation","date":"2020-12-16T09:43:08Z"},"properties":{"provisioningState":"Succeeded"}}'
    headers:
      cache-control:
      - no-cache
      content-length:
      - '428'
      content-type:
      - application/json; charset=utf-8
      date:
      - Wed, 16 Dec 2020 09:43:51 GMT
      expires:
      - '-1'
      pragma:
      - no-cache
      strict-transport-security:
      - max-age=31536000; includeSubDomains
      vary:
      - Accept-Encoding
      x-content-type-options:
      - nosniff
    status:
      code: 200
      message: OK
- request:
    body: null
    headers:
      Accept:
      - application/json
      Accept-Encoding:
      - gzip, deflate
      CommandName:
      - network application-gateway create
      Connection:
      - keep-alive
      ParameterSetName:
      - -g -n --sku --public-ip-address --enable-private-link
      User-Agent:
      - python/3.7.8 (Windows-10-10.0.19041-SP0) msrest/0.6.18 msrest_azure/0.6.3
        azure-mgmt-resource/10.3.0 Azure-SDK-For-Python AZURECLI/2.16.0
      accept-language:
      - en-US
    method: GET
    uri: https://management.azure.com/subscriptions/00000000-0000-0000-0000-000000000000/resources?$filter=resourceGroup%20eq%20%27test_appgw_private_endpoint_with_default000001%27%20and%20name%20eq%20%27None%27%20and%20resourceType%20eq%20%27Microsoft.Network%2FvirtualNetworks%27&api-version=2020-06-01
  response:
    body:
      string: '{"value":[]}'
    headers:
      cache-control:
      - no-cache
      content-length:
      - '12'
      content-type:
      - application/json; charset=utf-8
      date:
      - Wed, 16 Dec 2020 09:43:53 GMT
      expires:
      - '-1'
      pragma:
      - no-cache
      strict-transport-security:
      - max-age=31536000; includeSubDomains
      vary:
      - Accept-Encoding
      x-content-type-options:
      - nosniff
    status:
      code: 200
      message: OK
- request:
    body: null
    headers:
      Accept:
      - application/json
      Accept-Encoding:
      - gzip, deflate
      CommandName:
      - network application-gateway create
      Connection:
      - keep-alive
      ParameterSetName:
      - -g -n --sku --public-ip-address --enable-private-link
      User-Agent:
      - python/3.7.8 (Windows-10-10.0.19041-SP0) msrest/0.6.18 msrest_azure/0.6.3
        azure-mgmt-resource/10.3.0 Azure-SDK-For-Python AZURECLI/2.16.0
      accept-language:
      - en-US
    method: GET
    uri: https://management.azure.com/subscriptions/00000000-0000-0000-0000-000000000000/resources?$filter=resourceGroup%20eq%20%27test_appgw_private_endpoint_with_default000001%27%20and%20name%20eq%20%27appgw_ip%27%20and%20resourceType%20eq%20%27Microsoft.Network%2FpublicIPAddresses%27&api-version=2020-06-01
  response:
    body:
      string: '{"value":[{"id":"/subscriptions/00000000-0000-0000-0000-000000000000/resourceGroups/test_appgw_private_endpoint_with_default000001/providers/Microsoft.Network/publicIPAddresses/appgw_ip","name":"appgw_ip","type":"Microsoft.Network/publicIPAddresses","sku":{"name":"Standard"},"location":"westus"}]}'
    headers:
      cache-control:
      - no-cache
      content-length:
      - '327'
      content-type:
      - application/json; charset=utf-8
      date:
      - Wed, 16 Dec 2020 09:43:55 GMT
      expires:
      - '-1'
      pragma:
      - no-cache
      strict-transport-security:
      - max-age=31536000; includeSubDomains
      vary:
      - Accept-Encoding
      x-content-type-options:
      - nosniff
    status:
      code: 200
      message: OK
- request:
    body: '{"properties": {"template": {"$schema": "https://schema.management.azure.com/schemas/2015-01-01/deploymentTemplate.json#",
      "contentVersion": "1.0.0.0", "parameters": {}, "variables": {"appGwID": "[resourceId(''Microsoft.Network/applicationGateways'',
      ''appgw'')]"}, "resources": [{"name": "appgwVnet", "type": "Microsoft.Network/virtualNetworks",
      "location": "westus", "apiVersion": "2015-06-15", "dependsOn": [], "tags": {},
      "properties": {"addressSpace": {"addressPrefixes": ["10.0.0.0/16"]}, "subnets":
      [{"name": "default", "properties": {"addressPrefix": "10.0.0.0/24"}}, {"name":
      "PrivateLinkDefaultSubnet", "properties": {"addressPrefix": "10.0.1.0/24", "privateLinkServiceNetworkPolicies":
      "Disabled"}}]}}, {"type": "Microsoft.Network/applicationGateways", "name": "appgw",
      "location": "westus", "tags": {}, "apiVersion": "2020-07-01", "dependsOn": ["Microsoft.Network/virtualNetworks/appgwVnet"],
      "properties": {"backendAddressPools": [{"name": "appGatewayBackendPool"}], "backendHttpSettingsCollection":
      [{"name": "appGatewayBackendHttpSettings", "properties": {"Port": 80, "Protocol":
      "Http", "CookieBasedAffinity": "disabled", "connectionDraining": {"enabled":
      false, "drainTimeoutInSec": 1}}}], "frontendIPConfigurations": [{"name": "appGatewayFrontendIP",
      "properties": {"publicIPAddress": {"id": "/subscriptions/00000000-0000-0000-0000-000000000000/resourceGroups/test_appgw_private_endpoint_with_default000001/providers/Microsoft.Network/publicIPAddresses/appgw_ip"},
      "privateLinkConfiguration": {"id": "[concat(variables(''appGwID''), ''/privateLinkConfigurations/PrivateLinkDefaultConfiguration'')]"}}}],
      "frontendPorts": [{"name": "appGatewayFrontendPort", "properties": {"Port":
      80}}], "gatewayIPConfigurations": [{"name": "appGatewayFrontendIP", "properties":
      {"subnet": {"id": "/subscriptions/00000000-0000-0000-0000-000000000000/resourceGroups/test_appgw_private_endpoint_with_default000001/providers/Microsoft.Network/virtualNetworks/appgwVnet/subnets/default"}}}],
      "httpListeners": [{"name": "appGatewayHttpListener", "properties": {"FrontendIpConfiguration":
      {"Id": "[concat(variables(''appGwID''), ''/frontendIPConfigurations/appGatewayFrontendIP'')]"},
      "FrontendPort": {"Id": "[concat(variables(''appGwID''), ''/frontendPorts/appGatewayFrontendPort'')]"},
      "Protocol": "http", "SslCertificate": null}}], "sku": {"name": "Standard_v2",
      "tier": "Standard_v2", "capacity": 2}, "requestRoutingRules": [{"Name": "rule1",
      "properties": {"RuleType": "Basic", "httpListener": {"id": "[concat(variables(''appGwID''),
      ''/httpListeners/appGatewayHttpListener'')]"}, "backendAddressPool": {"id":
      "[concat(variables(''appGwID''), ''/backendAddressPools/appGatewayBackendPool'')]"},
      "backendHttpSettings": {"id": "[concat(variables(''appGwID''), ''/backendHttpSettingsCollection/appGatewayBackendHttpSettings'')]"}}}],
      "privateLinkConfigurations": [{"name": "PrivateLinkDefaultConfiguration", "properties":
      {"ipConfigurations": [{"name": "PrivateLinkDefaultIPConfiguration", "properties":
      {"privateIPAddress": null, "privateIPAllocationMethod": "Dynamic", "primary":
      null, "subnet": {"id": "/subscriptions/00000000-0000-0000-0000-000000000000/resourceGroups/test_appgw_private_endpoint_with_default000001/providers/Microsoft.Network/virtualNetworks/appgwVnet/subnets/PrivateLinkDefaultSubnet"}}}]}}]},
      "zones": null}], "outputs": {"applicationGateway": {"type": "object", "value":
      "[reference(''appgw'')]"}}}, "parameters": {}, "mode": "Incremental"}}'
    headers:
      Accept:
      - application/json
      Accept-Encoding:
      - gzip, deflate
      CommandName:
      - network application-gateway create
      Connection:
      - keep-alive
      Content-Length:
      - '3520'
      Content-Type:
      - application/json; charset=utf-8
      ParameterSetName:
      - -g -n --sku --public-ip-address --enable-private-link
      User-Agent:
      - python/3.7.8 (Windows-10-10.0.19041-SP0) msrest/0.6.18 msrest_azure/0.6.3
        azure-mgmt-resource/10.3.0 Azure-SDK-For-Python AZURECLI/2.16.0
      accept-language:
      - en-US
    method: PUT
    uri: https://management.azure.com/subscriptions/00000000-0000-0000-0000-000000000000/resourcegroups/test_appgw_private_endpoint_with_default000001/providers/Microsoft.Resources/deployments/mock-deployment?api-version=2020-06-01
  response:
    body:
      string: '{"id":"/subscriptions/00000000-0000-0000-0000-000000000000/resourceGroups/test_appgw_private_endpoint_with_default000001/providers/Microsoft.Resources/deployments/ag_deploy_1JDh1SOQDSzTZfHbCLM8CePh4ookd3nS","name":"ag_deploy_1JDh1SOQDSzTZfHbCLM8CePh4ookd3nS","type":"Microsoft.Resources/deployments","properties":{"templateHash":"15445674010472244415","parameters":{},"mode":"Incremental","provisioningState":"Accepted","timestamp":"2020-12-16T09:44:01.5100316Z","duration":"PT2.315725S","correlationId":"2680f20f-3829-4035-81a7-eb5894ee69bb","providers":[{"namespace":"Microsoft.Network","resourceTypes":[{"resourceType":"virtualNetworks","locations":["westus"]},{"resourceType":"applicationGateways","locations":["westus"]}]}],"dependencies":[{"dependsOn":[{"id":"/subscriptions/00000000-0000-0000-0000-000000000000/resourceGroups/test_appgw_private_endpoint_with_default000001/providers/Microsoft.Network/virtualNetworks/appgwVnet","resourceType":"Microsoft.Network/virtualNetworks","resourceName":"appgwVnet"}],"id":"/subscriptions/00000000-0000-0000-0000-000000000000/resourceGroups/test_appgw_private_endpoint_with_default000001/providers/Microsoft.Network/applicationGateways/appgw","resourceType":"Microsoft.Network/applicationGateways","resourceName":"appgw"}]}}'
    headers:
      azure-asyncoperation:
      - https://management.azure.com/subscriptions/00000000-0000-0000-0000-000000000000/resourcegroups/test_appgw_private_endpoint_with_default000001/providers/Microsoft.Resources/deployments/ag_deploy_1JDh1SOQDSzTZfHbCLM8CePh4ookd3nS/operationStatuses/08585934950462833128?api-version=2020-10-01
      cache-control:
      - no-cache
      content-length:
      - '1358'
      content-type:
      - application/json; charset=utf-8
      date:
      - Wed, 16 Dec 2020 09:44:01 GMT
      expires:
      - '-1'
      pragma:
      - no-cache
      strict-transport-security:
      - max-age=31536000; includeSubDomains
      x-content-type-options:
      - nosniff
      x-ms-ratelimit-remaining-subscription-writes:
      - '1185'
    status:
      code: 201
      message: Created
- request:
    body: null
    headers:
      Accept:
      - application/json
      Accept-Encoding:
      - gzip, deflate
      CommandName:
      - network application-gateway create
      Connection:
      - keep-alive
      ParameterSetName:
      - -g -n --sku --public-ip-address --enable-private-link
      User-Agent:
      - python/3.7.8 (Windows-10-10.0.19041-SP0) msrest/0.6.18 msrest_azure/0.6.3
        azure-mgmt-resource/10.3.0 Azure-SDK-For-Python AZURECLI/2.16.0
    method: GET
    uri: https://management.azure.com/subscriptions/00000000-0000-0000-0000-000000000000/resourcegroups/test_appgw_private_endpoint_with_default000001/providers/Microsoft.Resources/deployments/mock-deployment/operationStatuses/08585934950462833128?api-version=2020-10-01
  response:
    body:
      string: '{"status":"Running"}'
    headers:
      cache-control:
      - no-cache
      content-length:
      - '20'
      content-type:
      - application/json; charset=utf-8
      date:
      - Wed, 16 Dec 2020 09:44:34 GMT
      expires:
      - '-1'
      pragma:
      - no-cache
      strict-transport-security:
      - max-age=31536000; includeSubDomains
      vary:
      - Accept-Encoding
      x-content-type-options:
      - nosniff
    status:
      code: 200
      message: OK
- request:
    body: null
    headers:
      Accept:
      - application/json
      Accept-Encoding:
      - gzip, deflate
      CommandName:
      - network application-gateway create
      Connection:
      - keep-alive
      ParameterSetName:
      - -g -n --sku --public-ip-address --enable-private-link
      User-Agent:
      - python/3.7.8 (Windows-10-10.0.19041-SP0) msrest/0.6.18 msrest_azure/0.6.3
        azure-mgmt-resource/10.3.0 Azure-SDK-For-Python AZURECLI/2.16.0
    method: GET
    uri: https://management.azure.com/subscriptions/00000000-0000-0000-0000-000000000000/resourcegroups/test_appgw_private_endpoint_with_default000001/providers/Microsoft.Resources/deployments/mock-deployment/operationStatuses/08585934950462833128?api-version=2020-10-01
  response:
    body:
      string: '{"status":"Running"}'
    headers:
      cache-control:
      - no-cache
      content-length:
      - '20'
      content-type:
      - application/json; charset=utf-8
      date:
      - Wed, 16 Dec 2020 09:45:05 GMT
      expires:
      - '-1'
      pragma:
      - no-cache
      strict-transport-security:
      - max-age=31536000; includeSubDomains
      vary:
      - Accept-Encoding
      x-content-type-options:
      - nosniff
    status:
      code: 200
      message: OK
- request:
    body: null
    headers:
      Accept:
      - application/json
      Accept-Encoding:
      - gzip, deflate
      CommandName:
      - network application-gateway create
      Connection:
      - keep-alive
      ParameterSetName:
      - -g -n --sku --public-ip-address --enable-private-link
      User-Agent:
      - python/3.7.8 (Windows-10-10.0.19041-SP0) msrest/0.6.18 msrest_azure/0.6.3
        azure-mgmt-resource/10.3.0 Azure-SDK-For-Python AZURECLI/2.16.0
    method: GET
    uri: https://management.azure.com/subscriptions/00000000-0000-0000-0000-000000000000/resourcegroups/test_appgw_private_endpoint_with_default000001/providers/Microsoft.Resources/deployments/mock-deployment/operationStatuses/08585934950462833128?api-version=2020-10-01
  response:
    body:
      string: '{"status":"Running"}'
    headers:
      cache-control:
      - no-cache
      content-length:
      - '20'
      content-type:
      - application/json; charset=utf-8
      date:
      - Wed, 16 Dec 2020 09:45:36 GMT
      expires:
      - '-1'
      pragma:
      - no-cache
      strict-transport-security:
      - max-age=31536000; includeSubDomains
      vary:
      - Accept-Encoding
      x-content-type-options:
      - nosniff
    status:
      code: 200
      message: OK
- request:
    body: null
    headers:
      Accept:
      - application/json
      Accept-Encoding:
      - gzip, deflate
      CommandName:
      - network application-gateway create
      Connection:
      - keep-alive
      ParameterSetName:
      - -g -n --sku --public-ip-address --enable-private-link
      User-Agent:
      - python/3.7.8 (Windows-10-10.0.19041-SP0) msrest/0.6.18 msrest_azure/0.6.3
        azure-mgmt-resource/10.3.0 Azure-SDK-For-Python AZURECLI/2.16.0
    method: GET
    uri: https://management.azure.com/subscriptions/00000000-0000-0000-0000-000000000000/resourcegroups/test_appgw_private_endpoint_with_default000001/providers/Microsoft.Resources/deployments/mock-deployment/operationStatuses/08585934950462833128?api-version=2020-10-01
  response:
    body:
      string: '{"status":"Running"}'
    headers:
      cache-control:
      - no-cache
      content-length:
      - '20'
      content-type:
      - application/json; charset=utf-8
      date:
      - Wed, 16 Dec 2020 09:46:07 GMT
      expires:
      - '-1'
      pragma:
      - no-cache
      strict-transport-security:
      - max-age=31536000; includeSubDomains
      vary:
      - Accept-Encoding
      x-content-type-options:
      - nosniff
    status:
      code: 200
      message: OK
- request:
    body: null
    headers:
      Accept:
      - application/json
      Accept-Encoding:
      - gzip, deflate
      CommandName:
      - network application-gateway create
      Connection:
      - keep-alive
      ParameterSetName:
      - -g -n --sku --public-ip-address --enable-private-link
      User-Agent:
      - python/3.7.8 (Windows-10-10.0.19041-SP0) msrest/0.6.18 msrest_azure/0.6.3
        azure-mgmt-resource/10.3.0 Azure-SDK-For-Python AZURECLI/2.16.0
    method: GET
    uri: https://management.azure.com/subscriptions/00000000-0000-0000-0000-000000000000/resourcegroups/test_appgw_private_endpoint_with_default000001/providers/Microsoft.Resources/deployments/mock-deployment/operationStatuses/08585934950462833128?api-version=2020-10-01
  response:
    body:
      string: '{"status":"Running"}'
    headers:
      cache-control:
      - no-cache
      content-length:
      - '20'
      content-type:
      - application/json; charset=utf-8
      date:
      - Wed, 16 Dec 2020 09:46:39 GMT
      expires:
      - '-1'
      pragma:
      - no-cache
      strict-transport-security:
      - max-age=31536000; includeSubDomains
      vary:
      - Accept-Encoding
      x-content-type-options:
      - nosniff
    status:
      code: 200
      message: OK
- request:
    body: null
    headers:
      Accept:
      - application/json
      Accept-Encoding:
      - gzip, deflate
      CommandName:
      - network application-gateway create
      Connection:
      - keep-alive
      ParameterSetName:
      - -g -n --sku --public-ip-address --enable-private-link
      User-Agent:
      - python/3.7.8 (Windows-10-10.0.19041-SP0) msrest/0.6.18 msrest_azure/0.6.3
        azure-mgmt-resource/10.3.0 Azure-SDK-For-Python AZURECLI/2.16.0
    method: GET
    uri: https://management.azure.com/subscriptions/00000000-0000-0000-0000-000000000000/resourcegroups/test_appgw_private_endpoint_with_default000001/providers/Microsoft.Resources/deployments/mock-deployment/operationStatuses/08585934950462833128?api-version=2020-10-01
  response:
    body:
      string: '{"status":"Running"}'
    headers:
      cache-control:
      - no-cache
      content-length:
      - '20'
      content-type:
      - application/json; charset=utf-8
      date:
      - Wed, 16 Dec 2020 09:47:10 GMT
      expires:
      - '-1'
      pragma:
      - no-cache
      strict-transport-security:
      - max-age=31536000; includeSubDomains
      vary:
      - Accept-Encoding
      x-content-type-options:
      - nosniff
    status:
      code: 200
      message: OK
- request:
    body: null
    headers:
      Accept:
      - application/json
      Accept-Encoding:
      - gzip, deflate
      CommandName:
      - network application-gateway create
      Connection:
      - keep-alive
      ParameterSetName:
      - -g -n --sku --public-ip-address --enable-private-link
      User-Agent:
      - python/3.7.8 (Windows-10-10.0.19041-SP0) msrest/0.6.18 msrest_azure/0.6.3
        azure-mgmt-resource/10.3.0 Azure-SDK-For-Python AZURECLI/2.16.0
    method: GET
    uri: https://management.azure.com/subscriptions/00000000-0000-0000-0000-000000000000/resourcegroups/test_appgw_private_endpoint_with_default000001/providers/Microsoft.Resources/deployments/mock-deployment/operationStatuses/08585934950462833128?api-version=2020-10-01
  response:
    body:
      string: '{"status":"Running"}'
    headers:
      cache-control:
      - no-cache
      content-length:
      - '20'
      content-type:
      - application/json; charset=utf-8
      date:
      - Wed, 16 Dec 2020 09:47:40 GMT
      expires:
      - '-1'
      pragma:
      - no-cache
      strict-transport-security:
      - max-age=31536000; includeSubDomains
      vary:
      - Accept-Encoding
      x-content-type-options:
      - nosniff
    status:
      code: 200
      message: OK
- request:
    body: null
    headers:
      Accept:
      - application/json
      Accept-Encoding:
      - gzip, deflate
      CommandName:
      - network application-gateway create
      Connection:
      - keep-alive
      ParameterSetName:
      - -g -n --sku --public-ip-address --enable-private-link
      User-Agent:
      - python/3.7.8 (Windows-10-10.0.19041-SP0) msrest/0.6.18 msrest_azure/0.6.3
        azure-mgmt-resource/10.3.0 Azure-SDK-For-Python AZURECLI/2.16.0
    method: GET
    uri: https://management.azure.com/subscriptions/00000000-0000-0000-0000-000000000000/resourcegroups/test_appgw_private_endpoint_with_default000001/providers/Microsoft.Resources/deployments/mock-deployment/operationStatuses/08585934950462833128?api-version=2020-10-01
  response:
    body:
      string: '{"status":"Succeeded"}'
    headers:
      cache-control:
      - no-cache
      content-length:
      - '22'
      content-type:
      - application/json; charset=utf-8
      date:
      - Wed, 16 Dec 2020 09:48:11 GMT
      expires:
      - '-1'
      pragma:
      - no-cache
      strict-transport-security:
      - max-age=31536000; includeSubDomains
      vary:
      - Accept-Encoding
      x-content-type-options:
      - nosniff
    status:
      code: 200
      message: OK
- request:
    body: null
    headers:
      Accept:
      - application/json
      Accept-Encoding:
      - gzip, deflate
      CommandName:
      - network application-gateway create
      Connection:
      - keep-alive
      ParameterSetName:
      - -g -n --sku --public-ip-address --enable-private-link
      User-Agent:
      - python/3.7.8 (Windows-10-10.0.19041-SP0) msrest/0.6.18 msrest_azure/0.6.3
        azure-mgmt-resource/10.3.0 Azure-SDK-For-Python AZURECLI/2.16.0
    method: GET
    uri: https://management.azure.com/subscriptions/00000000-0000-0000-0000-000000000000/resourcegroups/test_appgw_private_endpoint_with_default000001/providers/Microsoft.Resources/deployments/mock-deployment?api-version=2020-10-01
  response:
    body:
      string: '{"id":"/subscriptions/00000000-0000-0000-0000-000000000000/resourceGroups/test_appgw_private_endpoint_with_default000001/providers/Microsoft.Resources/deployments/ag_deploy_1JDh1SOQDSzTZfHbCLM8CePh4ookd3nS","name":"ag_deploy_1JDh1SOQDSzTZfHbCLM8CePh4ookd3nS","type":"Microsoft.Resources/deployments","properties":{"templateHash":"15445674010472244415","parameters":{},"mode":"Incremental","provisioningState":"Succeeded","timestamp":"2020-12-16T09:48:02.1658292Z","duration":"PT4M2.9715226S","correlationId":"2680f20f-3829-4035-81a7-eb5894ee69bb","providers":[{"namespace":"Microsoft.Network","resourceTypes":[{"resourceType":"virtualNetworks","locations":["westus"]},{"resourceType":"applicationGateways","locations":["westus"]}]}],"dependencies":[{"dependsOn":[{"id":"/subscriptions/00000000-0000-0000-0000-000000000000/resourceGroups/test_appgw_private_endpoint_with_default000001/providers/Microsoft.Network/virtualNetworks/appgwVnet","resourceType":"Microsoft.Network/virtualNetworks","resourceName":"appgwVnet"}],"id":"/subscriptions/00000000-0000-0000-0000-000000000000/resourceGroups/test_appgw_private_endpoint_with_default000001/providers/Microsoft.Network/applicationGateways/appgw","resourceType":"Microsoft.Network/applicationGateways","resourceName":"appgw"}],"outputs":{"applicationGateway":{"type":"Object","value":{"provisioningState":"Succeeded","resourceGuid":"7b355147-bccc-4d89-8421-a932aa9e70d4","sku":{"name":"Standard_v2","tier":"Standard_v2","capacity":2},"operationalState":"Running","gatewayIPConfigurations":[{"name":"appGatewayFrontendIP","id":"/subscriptions/00000000-0000-0000-0000-000000000000/resourceGroups/test_appgw_private_endpoint_with_default000001/providers/Microsoft.Network/applicationGateways/appgw/gatewayIPConfigurations/appGatewayFrontendIP","etag":"W/\"66b13ec6-d8cb-4d67-8390-0b07dd410237\"","properties":{"provisioningState":"Succeeded","subnet":{"id":"/subscriptions/00000000-0000-0000-0000-000000000000/resourceGroups/test_appgw_private_endpoint_with_default000001/providers/Microsoft.Network/virtualNetworks/appgwVnet/subnets/default"}},"type":"Microsoft.Network/applicationGateways/gatewayIPConfigurations"}],"sslCertificates":[],"trustedRootCertificates":[],"trustedClientCertificates":[],"sslProfiles":[],"frontendIPConfigurations":[{"name":"appGatewayFrontendIP","id":"/subscriptions/00000000-0000-0000-0000-000000000000/resourceGroups/test_appgw_private_endpoint_with_default000001/providers/Microsoft.Network/applicationGateways/appgw/frontendIPConfigurations/appGatewayFrontendIP","etag":"W/\"66b13ec6-d8cb-4d67-8390-0b07dd410237\"","type":"Microsoft.Network/applicationGateways/frontendIPConfigurations","properties":{"provisioningState":"Succeeded","privateIPAllocationMethod":"Dynamic","publicIPAddress":{"id":"/subscriptions/00000000-0000-0000-0000-000000000000/resourceGroups/test_appgw_private_endpoint_with_default000001/providers/Microsoft.Network/publicIPAddresses/appgw_ip"},"httpListeners":[{"id":"/subscriptions/00000000-0000-0000-0000-000000000000/resourceGroups/test_appgw_private_endpoint_with_default000001/providers/Microsoft.Network/applicationGateways/appgw/httpListeners/appGatewayHttpListener"}],"privateLinkConfiguration":{"id":"/subscriptions/00000000-0000-0000-0000-000000000000/resourceGroups/test_appgw_private_endpoint_with_default000001/providers/Microsoft.Network/applicationGateways/appgw/privateLinkConfigurations/PrivateLinkDefaultConfiguration"}}}],"frontendPorts":[{"name":"appGatewayFrontendPort","id":"/subscriptions/00000000-0000-0000-0000-000000000000/resourceGroups/test_appgw_private_endpoint_with_default000001/providers/Microsoft.Network/applicationGateways/appgw/frontendPorts/appGatewayFrontendPort","etag":"W/\"66b13ec6-d8cb-4d67-8390-0b07dd410237\"","properties":{"provisioningState":"Succeeded","port":80,"httpListeners":[{"id":"/subscriptions/00000000-0000-0000-0000-000000000000/resourceGroups/test_appgw_private_endpoint_with_default000001/providers/Microsoft.Network/applicationGateways/appgw/httpListeners/appGatewayHttpListener"}]},"type":"Microsoft.Network/applicationGateways/frontendPorts"}],"backendAddressPools":[{"name":"appGatewayBackendPool","id":"/subscriptions/00000000-0000-0000-0000-000000000000/resourceGroups/test_appgw_private_endpoint_with_default000001/providers/Microsoft.Network/applicationGateways/appgw/backendAddressPools/appGatewayBackendPool","etag":"W/\"66b13ec6-d8cb-4d67-8390-0b07dd410237\"","properties":{"provisioningState":"Succeeded","backendAddresses":[],"requestRoutingRules":[{"id":"/subscriptions/00000000-0000-0000-0000-000000000000/resourceGroups/test_appgw_private_endpoint_with_default000001/providers/Microsoft.Network/applicationGateways/appgw/requestRoutingRules/rule1"}]},"type":"Microsoft.Network/applicationGateways/backendAddressPools"}],"loadDistributionPolicies":[],"backendHttpSettingsCollection":[{"name":"appGatewayBackendHttpSettings","id":"/subscriptions/00000000-0000-0000-0000-000000000000/resourceGroups/test_appgw_private_endpoint_with_default000001/providers/Microsoft.Network/applicationGateways/appgw/backendHttpSettingsCollection/appGatewayBackendHttpSettings","etag":"W/\"66b13ec6-d8cb-4d67-8390-0b07dd410237\"","properties":{"provisioningState":"Succeeded","port":80,"protocol":"Http","cookieBasedAffinity":"Disabled","connectionDraining":{"enabled":false,"drainTimeoutInSec":1},"pickHostNameFromBackendAddress":false,"requestTimeout":30,"requestRoutingRules":[{"id":"/subscriptions/00000000-0000-0000-0000-000000000000/resourceGroups/test_appgw_private_endpoint_with_default000001/providers/Microsoft.Network/applicationGateways/appgw/requestRoutingRules/rule1"}]},"type":"Microsoft.Network/applicationGateways/backendHttpSettingsCollection"}],"httpListeners":[{"name":"appGatewayHttpListener","id":"/subscriptions/00000000-0000-0000-0000-000000000000/resourceGroups/test_appgw_private_endpoint_with_default000001/providers/Microsoft.Network/applicationGateways/appgw/httpListeners/appGatewayHttpListener","etag":"W/\"66b13ec6-d8cb-4d67-8390-0b07dd410237\"","properties":{"provisioningState":"Succeeded","frontendIPConfiguration":{"id":"/subscriptions/00000000-0000-0000-0000-000000000000/resourceGroups/test_appgw_private_endpoint_with_default000001/providers/Microsoft.Network/applicationGateways/appgw/frontendIPConfigurations/appGatewayFrontendIP"},"frontendPort":{"id":"/subscriptions/00000000-0000-0000-0000-000000000000/resourceGroups/test_appgw_private_endpoint_with_default000001/providers/Microsoft.Network/applicationGateways/appgw/frontendPorts/appGatewayFrontendPort"},"protocol":"Http","hostNames":[],"requireServerNameIndication":false,"requestRoutingRules":[{"id":"/subscriptions/00000000-0000-0000-0000-000000000000/resourceGroups/test_appgw_private_endpoint_with_default000001/providers/Microsoft.Network/applicationGateways/appgw/requestRoutingRules/rule1"}]},"type":"Microsoft.Network/applicationGateways/httpListeners"}],"urlPathMaps":[],"requestRoutingRules":[{"name":"rule1","id":"/subscriptions/00000000-0000-0000-0000-000000000000/resourceGroups/test_appgw_private_endpoint_with_default000001/providers/Microsoft.Network/applicationGateways/appgw/requestRoutingRules/rule1","etag":"W/\"66b13ec6-d8cb-4d67-8390-0b07dd410237\"","properties":{"provisioningState":"Succeeded","ruleType":"Basic","httpListener":{"id":"/subscriptions/00000000-0000-0000-0000-000000000000/resourceGroups/test_appgw_private_endpoint_with_default000001/providers/Microsoft.Network/applicationGateways/appgw/httpListeners/appGatewayHttpListener"},"backendAddressPool":{"id":"/subscriptions/00000000-0000-0000-0000-000000000000/resourceGroups/test_appgw_private_endpoint_with_default000001/providers/Microsoft.Network/applicationGateways/appgw/backendAddressPools/appGatewayBackendPool"},"backendHttpSettings":{"id":"/subscriptions/00000000-0000-0000-0000-000000000000/resourceGroups/test_appgw_private_endpoint_with_default000001/providers/Microsoft.Network/applicationGateways/appgw/backendHttpSettingsCollection/appGatewayBackendHttpSettings"}},"type":"Microsoft.Network/applicationGateways/requestRoutingRules"}],"probes":[],"rewriteRuleSets":[],"redirectConfigurations":[],"privateLinkConfigurations":[{"name":"PrivateLinkDefaultConfiguration","id":"/subscriptions/00000000-0000-0000-0000-000000000000/resourceGroups/test_appgw_private_endpoint_with_default000001/providers/Microsoft.Network/applicationGateways/appgw/privateLinkConfigurations/PrivateLinkDefaultConfiguration","etag":"W/\"66b13ec6-d8cb-4d67-8390-0b07dd410237\"","type":"Microsoft.Network/applicationGateways/privateLinkConfigurations","properties":{"provisioningState":"Succeeded","ipConfigurations":[{"name":"PrivateLinkDefaultIPConfiguration","id":"/subscriptions/00000000-0000-0000-0000-000000000000/resourceGroups/test_appgw_private_endpoint_with_default000001/providers/Microsoft.Network/applicationGateways/appgw/privateLinkConfigurations/PrivateLinkDefaultConfiguration/ipConfigurations/PrivateLinkDefaultIPConfiguration","etag":"W/\"66b13ec6-d8cb-4d67-8390-0b07dd410237\"","type":"Microsoft.Network/applicationGateways/privateLinkConfigurations/ipConfigurations","properties":{"provisioningState":"Succeeded","privateIPAllocationMethod":"Dynamic","subnet":{"id":"/subscriptions/00000000-0000-0000-0000-000000000000/resourceGroups/test_appgw_private_endpoint_with_default000001/providers/Microsoft.Network/virtualNetworks/appgwVnet/subnets/PrivateLinkDefaultSubnet"}}}],"frontendIpConfigurations":[{"id":"/subscriptions/00000000-0000-0000-0000-000000000000/resourceGroups/test_appgw_private_endpoint_with_default000001/providers/Microsoft.Network/applicationGateways/appgw/frontendIPConfigurations/appGatewayFrontendIP"}]}}],"privateEndpointConnections":[]}}},"outputResources":[{"id":"/subscriptions/00000000-0000-0000-0000-000000000000/resourceGroups/test_appgw_private_endpoint_with_default000001/providers/Microsoft.Network/applicationGateways/appgw"},{"id":"/subscriptions/00000000-0000-0000-0000-000000000000/resourceGroups/test_appgw_private_endpoint_with_default000001/providers/Microsoft.Network/virtualNetworks/appgwVnet"}]}}'
    headers:
      cache-control:
      - no-cache
      content-length:
      - '10928'
      content-type:
      - application/json; charset=utf-8
      date:
      - Wed, 16 Dec 2020 09:48:12 GMT
      expires:
      - '-1'
      pragma:
      - no-cache
      strict-transport-security:
      - max-age=31536000; includeSubDomains
      vary:
      - Accept-Encoding
      x-content-type-options:
      - nosniff
    status:
      code: 200
      message: OK
- request:
    body: null
    headers:
      Accept:
      - application/json
      Accept-Encoding:
      - gzip, deflate
      CommandName:
      - network application-gateway show
      Connection:
      - keep-alive
      ParameterSetName:
      - -g -n
      User-Agent:
      - AZURECLI/2.16.0 azsdk-python-azure-mgmt-network/17.0.0 Python/3.7.8 (Windows-10-10.0.19041-SP0)
    method: GET
    uri: https://management.azure.com/subscriptions/00000000-0000-0000-0000-000000000000/resourceGroups/test_appgw_private_endpoint_with_default000001/providers/Microsoft.Network/applicationGateways/appgw?api-version=2020-07-01
  response:
    body:
      string: "{\r\n  \"name\": \"appgw\",\r\n  \"id\": \"/subscriptions/00000000-0000-0000-0000-000000000000/resourceGroups/test_appgw_private_endpoint_with_default000001/providers/Microsoft.Network/applicationGateways/appgw\",\r\n
        \ \"etag\": \"W/\\\"66b13ec6-d8cb-4d67-8390-0b07dd410237\\\"\",\r\n  \"type\":
        \"Microsoft.Network/applicationGateways\",\r\n  \"location\": \"westus\",\r\n
        \ \"tags\": {},\r\n  \"properties\": {\r\n    \"provisioningState\": \"Succeeded\",\r\n
        \   \"resourceGuid\": \"7b355147-bccc-4d89-8421-a932aa9e70d4\",\r\n    \"sku\":
        {\r\n      \"name\": \"Standard_v2\",\r\n      \"tier\": \"Standard_v2\",\r\n
        \     \"capacity\": 2\r\n    },\r\n    \"operationalState\": \"Running\",\r\n
        \   \"gatewayIPConfigurations\": [\r\n      {\r\n        \"name\": \"appGatewayFrontendIP\",\r\n
        \       \"id\": \"/subscriptions/00000000-0000-0000-0000-000000000000/resourceGroups/test_appgw_private_endpoint_with_default000001/providers/Microsoft.Network/applicationGateways/appgw/gatewayIPConfigurations/appGatewayFrontendIP\",\r\n
        \       \"etag\": \"W/\\\"66b13ec6-d8cb-4d67-8390-0b07dd410237\\\"\",\r\n
        \       \"properties\": {\r\n          \"provisioningState\": \"Succeeded\",\r\n
        \         \"subnet\": {\r\n            \"id\": \"/subscriptions/00000000-0000-0000-0000-000000000000/resourceGroups/test_appgw_private_endpoint_with_default000001/providers/Microsoft.Network/virtualNetworks/appgwVnet/subnets/default\"\r\n
        \         }\r\n        },\r\n        \"type\": \"Microsoft.Network/applicationGateways/gatewayIPConfigurations\"\r\n
        \     }\r\n    ],\r\n    \"sslCertificates\": [],\r\n    \"trustedRootCertificates\":
        [],\r\n    \"trustedClientCertificates\": [],\r\n    \"sslProfiles\": [],\r\n
        \   \"frontendIPConfigurations\": [\r\n      {\r\n        \"name\": \"appGatewayFrontendIP\",\r\n
        \       \"id\": \"/subscriptions/00000000-0000-0000-0000-000000000000/resourceGroups/test_appgw_private_endpoint_with_default000001/providers/Microsoft.Network/applicationGateways/appgw/frontendIPConfigurations/appGatewayFrontendIP\",\r\n
        \       \"etag\": \"W/\\\"66b13ec6-d8cb-4d67-8390-0b07dd410237\\\"\",\r\n
        \       \"type\": \"Microsoft.Network/applicationGateways/frontendIPConfigurations\",\r\n
        \       \"properties\": {\r\n          \"provisioningState\": \"Succeeded\",\r\n
        \         \"privateIPAllocationMethod\": \"Dynamic\",\r\n          \"publicIPAddress\":
        {\r\n            \"id\": \"/subscriptions/00000000-0000-0000-0000-000000000000/resourceGroups/test_appgw_private_endpoint_with_default000001/providers/Microsoft.Network/publicIPAddresses/appgw_ip\"\r\n
        \         },\r\n          \"httpListeners\": [\r\n            {\r\n              \"id\":
        \"/subscriptions/00000000-0000-0000-0000-000000000000/resourceGroups/test_appgw_private_endpoint_with_default000001/providers/Microsoft.Network/applicationGateways/appgw/httpListeners/appGatewayHttpListener\"\r\n
        \           }\r\n          ],\r\n          \"privateLinkConfiguration\": {\r\n
        \           \"id\": \"/subscriptions/00000000-0000-0000-0000-000000000000/resourceGroups/test_appgw_private_endpoint_with_default000001/providers/Microsoft.Network/applicationGateways/appgw/privateLinkConfigurations/PrivateLinkDefaultConfiguration\"\r\n
        \         }\r\n        }\r\n      }\r\n    ],\r\n    \"frontendPorts\": [\r\n
        \     {\r\n        \"name\": \"appGatewayFrontendPort\",\r\n        \"id\":
        \"/subscriptions/00000000-0000-0000-0000-000000000000/resourceGroups/test_appgw_private_endpoint_with_default000001/providers/Microsoft.Network/applicationGateways/appgw/frontendPorts/appGatewayFrontendPort\",\r\n
        \       \"etag\": \"W/\\\"66b13ec6-d8cb-4d67-8390-0b07dd410237\\\"\",\r\n
        \       \"properties\": {\r\n          \"provisioningState\": \"Succeeded\",\r\n
        \         \"port\": 80,\r\n          \"httpListeners\": [\r\n            {\r\n
        \             \"id\": \"/subscriptions/00000000-0000-0000-0000-000000000000/resourceGroups/test_appgw_private_endpoint_with_default000001/providers/Microsoft.Network/applicationGateways/appgw/httpListeners/appGatewayHttpListener\"\r\n
        \           }\r\n          ]\r\n        },\r\n        \"type\": \"Microsoft.Network/applicationGateways/frontendPorts\"\r\n
        \     }\r\n    ],\r\n    \"backendAddressPools\": [\r\n      {\r\n        \"name\":
        \"appGatewayBackendPool\",\r\n        \"id\": \"/subscriptions/00000000-0000-0000-0000-000000000000/resourceGroups/test_appgw_private_endpoint_with_default000001/providers/Microsoft.Network/applicationGateways/appgw/backendAddressPools/appGatewayBackendPool\",\r\n
        \       \"etag\": \"W/\\\"66b13ec6-d8cb-4d67-8390-0b07dd410237\\\"\",\r\n
        \       \"properties\": {\r\n          \"provisioningState\": \"Succeeded\",\r\n
        \         \"backendAddresses\": [],\r\n          \"requestRoutingRules\":
        [\r\n            {\r\n              \"id\": \"/subscriptions/00000000-0000-0000-0000-000000000000/resourceGroups/test_appgw_private_endpoint_with_default000001/providers/Microsoft.Network/applicationGateways/appgw/requestRoutingRules/rule1\"\r\n
        \           }\r\n          ]\r\n        },\r\n        \"type\": \"Microsoft.Network/applicationGateways/backendAddressPools\"\r\n
        \     }\r\n    ],\r\n    \"loadDistributionPolicies\": [],\r\n    \"backendHttpSettingsCollection\":
        [\r\n      {\r\n        \"name\": \"appGatewayBackendHttpSettings\",\r\n        \"id\":
        \"/subscriptions/00000000-0000-0000-0000-000000000000/resourceGroups/test_appgw_private_endpoint_with_default000001/providers/Microsoft.Network/applicationGateways/appgw/backendHttpSettingsCollection/appGatewayBackendHttpSettings\",\r\n
        \       \"etag\": \"W/\\\"66b13ec6-d8cb-4d67-8390-0b07dd410237\\\"\",\r\n
        \       \"properties\": {\r\n          \"provisioningState\": \"Succeeded\",\r\n
        \         \"port\": 80,\r\n          \"protocol\": \"Http\",\r\n          \"cookieBasedAffinity\":
        \"Disabled\",\r\n          \"connectionDraining\": {\r\n            \"enabled\":
        false,\r\n            \"drainTimeoutInSec\": 1\r\n          },\r\n          \"pickHostNameFromBackendAddress\":
        false,\r\n          \"requestTimeout\": 30,\r\n          \"requestRoutingRules\":
        [\r\n            {\r\n              \"id\": \"/subscriptions/00000000-0000-0000-0000-000000000000/resourceGroups/test_appgw_private_endpoint_with_default000001/providers/Microsoft.Network/applicationGateways/appgw/requestRoutingRules/rule1\"\r\n
        \           }\r\n          ]\r\n        },\r\n        \"type\": \"Microsoft.Network/applicationGateways/backendHttpSettingsCollection\"\r\n
        \     }\r\n    ],\r\n    \"httpListeners\": [\r\n      {\r\n        \"name\":
        \"appGatewayHttpListener\",\r\n        \"id\": \"/subscriptions/00000000-0000-0000-0000-000000000000/resourceGroups/test_appgw_private_endpoint_with_default000001/providers/Microsoft.Network/applicationGateways/appgw/httpListeners/appGatewayHttpListener\",\r\n
        \       \"etag\": \"W/\\\"66b13ec6-d8cb-4d67-8390-0b07dd410237\\\"\",\r\n
        \       \"properties\": {\r\n          \"provisioningState\": \"Succeeded\",\r\n
        \         \"frontendIPConfiguration\": {\r\n            \"id\": \"/subscriptions/00000000-0000-0000-0000-000000000000/resourceGroups/test_appgw_private_endpoint_with_default000001/providers/Microsoft.Network/applicationGateways/appgw/frontendIPConfigurations/appGatewayFrontendIP\"\r\n
        \         },\r\n          \"frontendPort\": {\r\n            \"id\": \"/subscriptions/00000000-0000-0000-0000-000000000000/resourceGroups/test_appgw_private_endpoint_with_default000001/providers/Microsoft.Network/applicationGateways/appgw/frontendPorts/appGatewayFrontendPort\"\r\n
        \         },\r\n          \"protocol\": \"Http\",\r\n          \"hostNames\":
        [],\r\n          \"requireServerNameIndication\": false,\r\n          \"requestRoutingRules\":
        [\r\n            {\r\n              \"id\": \"/subscriptions/00000000-0000-0000-0000-000000000000/resourceGroups/test_appgw_private_endpoint_with_default000001/providers/Microsoft.Network/applicationGateways/appgw/requestRoutingRules/rule1\"\r\n
        \           }\r\n          ]\r\n        },\r\n        \"type\": \"Microsoft.Network/applicationGateways/httpListeners\"\r\n
        \     }\r\n    ],\r\n    \"urlPathMaps\": [],\r\n    \"requestRoutingRules\":
        [\r\n      {\r\n        \"name\": \"rule1\",\r\n        \"id\": \"/subscriptions/00000000-0000-0000-0000-000000000000/resourceGroups/test_appgw_private_endpoint_with_default000001/providers/Microsoft.Network/applicationGateways/appgw/requestRoutingRules/rule1\",\r\n
        \       \"etag\": \"W/\\\"66b13ec6-d8cb-4d67-8390-0b07dd410237\\\"\",\r\n
        \       \"properties\": {\r\n          \"provisioningState\": \"Succeeded\",\r\n
        \         \"ruleType\": \"Basic\",\r\n          \"httpListener\": {\r\n            \"id\":
        \"/subscriptions/00000000-0000-0000-0000-000000000000/resourceGroups/test_appgw_private_endpoint_with_default000001/providers/Microsoft.Network/applicationGateways/appgw/httpListeners/appGatewayHttpListener\"\r\n
        \         },\r\n          \"backendAddressPool\": {\r\n            \"id\":
        \"/subscriptions/00000000-0000-0000-0000-000000000000/resourceGroups/test_appgw_private_endpoint_with_default000001/providers/Microsoft.Network/applicationGateways/appgw/backendAddressPools/appGatewayBackendPool\"\r\n
        \         },\r\n          \"backendHttpSettings\": {\r\n            \"id\":
        \"/subscriptions/00000000-0000-0000-0000-000000000000/resourceGroups/test_appgw_private_endpoint_with_default000001/providers/Microsoft.Network/applicationGateways/appgw/backendHttpSettingsCollection/appGatewayBackendHttpSettings\"\r\n
        \         }\r\n        },\r\n        \"type\": \"Microsoft.Network/applicationGateways/requestRoutingRules\"\r\n
        \     }\r\n    ],\r\n    \"probes\": [],\r\n    \"rewriteRuleSets\": [],\r\n
        \   \"redirectConfigurations\": [],\r\n    \"privateLinkConfigurations\":
        [\r\n      {\r\n        \"name\": \"PrivateLinkDefaultConfiguration\",\r\n
        \       \"id\": \"/subscriptions/00000000-0000-0000-0000-000000000000/resourceGroups/test_appgw_private_endpoint_with_default000001/providers/Microsoft.Network/applicationGateways/appgw/privateLinkConfigurations/PrivateLinkDefaultConfiguration\",\r\n
        \       \"etag\": \"W/\\\"66b13ec6-d8cb-4d67-8390-0b07dd410237\\\"\",\r\n
        \       \"type\": \"Microsoft.Network/applicationGateways/privateLinkConfigurations\",\r\n
        \       \"properties\": {\r\n          \"provisioningState\": \"Succeeded\",\r\n
        \         \"ipConfigurations\": [\r\n            {\r\n              \"name\":
        \"PrivateLinkDefaultIPConfiguration\",\r\n              \"id\": \"/subscriptions/00000000-0000-0000-0000-000000000000/resourceGroups/test_appgw_private_endpoint_with_default000001/providers/Microsoft.Network/applicationGateways/appgw/privateLinkConfigurations/PrivateLinkDefaultConfiguration/ipConfigurations/PrivateLinkDefaultIPConfiguration\",\r\n
        \             \"etag\": \"W/\\\"66b13ec6-d8cb-4d67-8390-0b07dd410237\\\"\",\r\n
        \             \"type\": \"Microsoft.Network/applicationGateways/privateLinkConfigurations/ipConfigurations\",\r\n
        \             \"properties\": {\r\n                \"provisioningState\":
        \"Succeeded\",\r\n                \"privateIPAllocationMethod\": \"Dynamic\",\r\n
        \               \"subnet\": {\r\n                  \"id\": \"/subscriptions/00000000-0000-0000-0000-000000000000/resourceGroups/test_appgw_private_endpoint_with_default000001/providers/Microsoft.Network/virtualNetworks/appgwVnet/subnets/PrivateLinkDefaultSubnet\"\r\n
        \               }\r\n              }\r\n            }\r\n          ],\r\n
        \         \"frontendIpConfigurations\": [\r\n            {\r\n              \"id\":
        \"/subscriptions/00000000-0000-0000-0000-000000000000/resourceGroups/test_appgw_private_endpoint_with_default000001/providers/Microsoft.Network/applicationGateways/appgw/frontendIPConfigurations/appGatewayFrontendIP\"\r\n
        \           }\r\n          ]\r\n        }\r\n      }\r\n    ],\r\n    \"privateEndpointConnections\":
        []\r\n  }\r\n}"
    headers:
      cache-control:
      - no-cache
      content-length:
      - '11666'
      content-type:
      - application/json; charset=utf-8
      date:
      - Wed, 16 Dec 2020 09:48:17 GMT
      etag:
      - W/"66b13ec6-d8cb-4d67-8390-0b07dd410237"
      expires:
      - '-1'
      pragma:
      - no-cache
      server:
      - Microsoft-HTTPAPI/2.0
      - Microsoft-HTTPAPI/2.0
      strict-transport-security:
      - max-age=31536000; includeSubDomains
      transfer-encoding:
      - chunked
      vary:
      - Accept-Encoding
      x-content-type-options:
      - nosniff
      x-ms-arm-service-request-id:
      - 098374cb-7c73-4ea8-a67a-97221b4aed61
    status:
      code: 200
      message: OK
- request:
    body: null
    headers:
      Accept:
      - application/json
      Accept-Encoding:
      - gzip, deflate
      CommandName:
      - network vnet show
      Connection:
      - keep-alive
      ParameterSetName:
      - -g -n
      User-Agent:
      - AZURECLI/2.16.0 azsdk-python-azure-mgmt-network/17.0.0 Python/3.7.8 (Windows-10-10.0.19041-SP0)
    method: GET
    uri: https://management.azure.com/subscriptions/00000000-0000-0000-0000-000000000000/resourceGroups/test_appgw_private_endpoint_with_default000001/providers/Microsoft.Network/virtualNetworks/appgwVnet?api-version=2020-07-01
  response:
    body:
      string: "{\r\n  \"name\": \"appgwVnet\",\r\n  \"id\": \"/subscriptions/00000000-0000-0000-0000-000000000000/resourceGroups/test_appgw_private_endpoint_with_default000001/providers/Microsoft.Network/virtualNetworks/appgwVnet\",\r\n
        \ \"etag\": \"W/\\\"38617762-4f49-4f5e-bb49-5a78be2118f4\\\"\",\r\n  \"type\":
        \"Microsoft.Network/virtualNetworks\",\r\n  \"location\": \"westus\",\r\n
        \ \"tags\": {},\r\n  \"properties\": {\r\n    \"provisioningState\": \"Succeeded\",\r\n
        \   \"resourceGuid\": \"84182c21-ced7-4262-a98f-24bc892db1f8\",\r\n    \"addressSpace\":
        {\r\n      \"addressPrefixes\": [\r\n        \"10.0.0.0/16\"\r\n      ]\r\n
        \   },\r\n    \"subnets\": [\r\n      {\r\n        \"name\": \"default\",\r\n
        \       \"id\": \"/subscriptions/00000000-0000-0000-0000-000000000000/resourceGroups/test_appgw_private_endpoint_with_default000001/providers/Microsoft.Network/virtualNetworks/appgwVnet/subnets/default\",\r\n
        \       \"etag\": \"W/\\\"38617762-4f49-4f5e-bb49-5a78be2118f4\\\"\",\r\n
        \       \"properties\": {\r\n          \"provisioningState\": \"Succeeded\",\r\n
        \         \"addressPrefix\": \"10.0.0.0/24\",\r\n          \"applicationGatewayIPConfigurations\":
        [\r\n            {\r\n              \"id\": \"/subscriptions/00000000-0000-0000-0000-000000000000/resourceGroups/test_appgw_private_endpoint_with_default000001/providers/Microsoft.Network/applicationGateways/appgw/gatewayIPConfigurations/appGatewayFrontendIP\"\r\n
        \           }\r\n          ],\r\n          \"delegations\": [],\r\n          \"privateEndpointNetworkPolicies\":
        \"Enabled\",\r\n          \"privateLinkServiceNetworkPolicies\": \"Enabled\"\r\n
        \       },\r\n        \"type\": \"Microsoft.Network/virtualNetworks/subnets\"\r\n
        \     },\r\n      {\r\n        \"name\": \"PrivateLinkDefaultSubnet\",\r\n
        \       \"id\": \"/subscriptions/00000000-0000-0000-0000-000000000000/resourceGroups/test_appgw_private_endpoint_with_default000001/providers/Microsoft.Network/virtualNetworks/appgwVnet/subnets/PrivateLinkDefaultSubnet\",\r\n
        \       \"etag\": \"W/\\\"38617762-4f49-4f5e-bb49-5a78be2118f4\\\"\",\r\n
        \       \"properties\": {\r\n          \"provisioningState\": \"Succeeded\",\r\n
        \         \"addressPrefix\": \"10.0.1.0/24\",\r\n          \"privateLinkIpConfigurations\":
        [\r\n            {\r\n              \"id\": \"/subscriptions/00000000-0000-0000-0000-000000000000/resourceGroups/test_appgw_private_endpoint_with_default000001/providers/Microsoft.Network/applicationGateways/appgw/privateLinkConfigurations/PrivateLinkDefaultConfiguration/ipConfigurations/PrivateLinkDefaultIPConfiguration\"\r\n
        \           }\r\n          ],\r\n          \"delegations\": [],\r\n          \"privateEndpointNetworkPolicies\":
        \"Enabled\",\r\n          \"privateLinkServiceNetworkPolicies\": \"Disabled\"\r\n
        \       },\r\n        \"type\": \"Microsoft.Network/virtualNetworks/subnets\"\r\n
        \     }\r\n    ],\r\n    \"virtualNetworkPeerings\": [],\r\n    \"enableDdosProtection\":
        false,\r\n    \"enableVmProtection\": false\r\n  }\r\n}"
    headers:
      cache-control:
      - no-cache
      content-length:
      - '2880'
      content-type:
      - application/json; charset=utf-8
      date:
      - Wed, 16 Dec 2020 09:48:22 GMT
      etag:
      - W/"38617762-4f49-4f5e-bb49-5a78be2118f4"
      expires:
      - '-1'
      pragma:
      - no-cache
      server:
      - Microsoft-HTTPAPI/2.0
      - Microsoft-HTTPAPI/2.0
      strict-transport-security:
      - max-age=31536000; includeSubDomains
      transfer-encoding:
      - chunked
      vary:
      - Accept-Encoding
      x-content-type-options:
      - nosniff
      x-ms-arm-service-request-id:
      - be7d044f-07b9-49d9-babc-bf2d891688c5
    status:
      code: 200
      message: OK
- request:
    body: null
    headers:
      Accept:
      - '*/*'
      Accept-Encoding:
      - gzip, deflate
      CommandName:
      - network private-link-resource list
      Connection:
      - keep-alive
      ParameterSetName:
      - --id
      User-Agent:
      - python/3.7.8 (Windows-10-10.0.19041-SP0) AZURECLI/2.16.0
    method: GET
    uri: https://management.azure.com/subscriptions/00000000-0000-0000-0000-000000000000/resourceGroups/test_appgw_private_endpoint_with_default000001/providers/Microsoft.Network/applicationGateways/appgw/privateLinkResources?api-version=2020-05-01
  response:
    body:
      string: "{\r\n  \"value\": [\r\n    {\r\n      \"name\": \"appGatewayFrontendIP\",\r\n
        \     \"id\": \"/subscriptions/00000000-0000-0000-0000-000000000000/resourceGroups/test_appgw_private_endpoint_with_default000001/providers/Microsoft.Network/applicationGateways/appgw/privateLinkResources/appGatewayFrontendIP\",\r\n
        \     \"properties\": {\r\n        \"groupId\": \"appGatewayFrontendIP\",\r\n
        \       \"requiredMembers\": [\r\n          \"appGatewayFrontendIP\"\r\n        ],\r\n
        \       \"requiredZoneNames\": []\r\n      },\r\n      \"type\": \"Microsoft.Network/applicationGateways/privateLinkResources\"\r\n
        \   }\r\n  ]\r\n}"
    headers:
      cache-control:
      - no-cache
      content-length:
      - '593'
      content-type:
      - application/json; charset=utf-8
      date:
      - Wed, 16 Dec 2020 09:48:25 GMT
      expires:
      - '-1'
      pragma:
      - no-cache
      server:
      - Microsoft-HTTPAPI/2.0
      - Microsoft-HTTPAPI/2.0
      strict-transport-security:
      - max-age=31536000; includeSubDomains
      transfer-encoding:
      - chunked
      vary:
      - Accept-Encoding
      x-content-type-options:
      - nosniff
      x-ms-arm-service-request-id:
      - 9f231baa-c3f1-4853-8f0d-000c999f8e27
    status:
      code: 200
      message: OK
- request:
    body: null
    headers:
      Accept:
      - application/json
      Accept-Encoding:
      - gzip, deflate
      CommandName:
      - network private-endpoint create
      Connection:
      - keep-alive
      ParameterSetName:
      - -g -n --connection-name --vnet-name --subnet --private-connection-resource-id
        --group-id
      User-Agent:
      - python/3.7.8 (Windows-10-10.0.19041-SP0) msrest/0.6.18 msrest_azure/0.6.3
        azure-mgmt-resource/10.3.0 Azure-SDK-For-Python AZURECLI/2.16.0
      accept-language:
      - en-US
    method: GET
    uri: https://management.azure.com/subscriptions/00000000-0000-0000-0000-000000000000/resourcegroups/test_appgw_private_endpoint_with_default000001?api-version=2020-10-01
  response:
    body:
      string: '{"id":"/subscriptions/00000000-0000-0000-0000-000000000000/resourceGroups/test_appgw_private_endpoint_with_default000001","name":"test_appgw_private_endpoint_with_default000001","type":"Microsoft.Resources/resourceGroups","location":"westus","tags":{"product":"azurecli","cause":"automation","date":"2020-12-16T09:43:08Z"},"properties":{"provisioningState":"Succeeded"}}'
    headers:
      cache-control:
      - no-cache
      content-length:
      - '428'
      content-type:
      - application/json; charset=utf-8
      date:
      - Wed, 16 Dec 2020 09:48:27 GMT
      expires:
      - '-1'
      pragma:
      - no-cache
      strict-transport-security:
      - max-age=31536000; includeSubDomains
      vary:
      - Accept-Encoding
      x-content-type-options:
      - nosniff
    status:
      code: 200
      message: OK
- request:
    body: '{"location": "westus", "properties": {"subnet": {"id": "/subscriptions/00000000-0000-0000-0000-000000000000/resourceGroups/test_appgw_private_endpoint_with_default000001/providers/Microsoft.Network/virtualNetworks/appgw_private_endpoint_vnet/subnets/appgw_private_endpoint_subnet"},
      "privateLinkServiceConnections": [{"name": "appgw_private_endpoint_connection",
      "properties": {"privateLinkServiceId": "/subscriptions/00000000-0000-0000-0000-000000000000/resourceGroups/test_appgw_private_endpoint_with_default000001/providers/Microsoft.Network/applicationGateways/appgw",
      "groupIds": ["appGatewayFrontendIP"]}}]}}'
    headers:
      Accept:
      - application/json
      Accept-Encoding:
      - gzip, deflate
      CommandName:
      - network private-endpoint create
      Connection:
      - keep-alive
      Content-Length:
      - '672'
      Content-Type:
      - application/json
      ParameterSetName:
      - -g -n --connection-name --vnet-name --subnet --private-connection-resource-id
        --group-id
      User-Agent:
      - AZURECLI/2.16.0 azsdk-python-azure-mgmt-network/17.0.0 Python/3.7.8 (Windows-10-10.0.19041-SP0)
    method: PUT
    uri: https://management.azure.com/subscriptions/00000000-0000-0000-0000-000000000000/resourceGroups/test_appgw_private_endpoint_with_default000001/providers/Microsoft.Network/privateEndpoints/appgw_private_endpoint?api-version=2020-07-01
  response:
    body:
      string: "{\r\n  \"name\": \"appgw_private_endpoint\",\r\n  \"id\": \"/subscriptions/00000000-0000-0000-0000-000000000000/resourceGroups/test_appgw_private_endpoint_with_default000001/providers/Microsoft.Network/privateEndpoints/appgw_private_endpoint\",\r\n
        \ \"etag\": \"W/\\\"e884b208-acc0-4950-9557-c0e7f3a972ae\\\"\",\r\n  \"type\":
        \"Microsoft.Network/privateEndpoints\",\r\n  \"location\": \"westus\",\r\n
        \ \"properties\": {\r\n    \"provisioningState\": \"Updating\",\r\n    \"resourceGuid\":
        \"35778910-a6cb-41ae-b16b-e1b46974cd2c\",\r\n    \"privateLinkServiceConnections\":
        [\r\n      {\r\n        \"name\": \"appgw_private_endpoint_connection\",\r\n
        \       \"id\": \"/subscriptions/00000000-0000-0000-0000-000000000000/resourceGroups/test_appgw_private_endpoint_with_default000001/providers/Microsoft.Network/privateEndpoints/appgw_private_endpoint/privateLinkServiceConnections/appgw_private_endpoint_connection\",\r\n
        \       \"etag\": \"W/\\\"e884b208-acc0-4950-9557-c0e7f3a972ae\\\"\",\r\n
        \       \"properties\": {\r\n          \"provisioningState\": \"Succeeded\",\r\n
        \         \"privateLinkServiceId\": \"/subscriptions/00000000-0000-0000-0000-000000000000/resourceGroups/test_appgw_private_endpoint_with_default000001/providers/Microsoft.Network/applicationGateways/appgw\",\r\n
        \         \"resolvedPrivateLinkServiceLocation\": \"westus\",\r\n          \"groupIds\":
        [\r\n            \"appGatewayFrontendIP\"\r\n          ],\r\n          \"privateLinkServiceConnectionState\":
        {\r\n            \"status\": \"Approved\",\r\n            \"description\":
        \"\",\r\n            \"actionsRequired\": \"None\"\r\n          }\r\n        },\r\n
        \       \"type\": \"Microsoft.Network/privateEndpoints/privateLinkServiceConnections\"\r\n
        \     }\r\n    ],\r\n    \"manualPrivateLinkServiceConnections\": [],\r\n
        \   \"subnet\": {\r\n      \"id\": \"/subscriptions/00000000-0000-0000-0000-000000000000/resourceGroups/test_appgw_private_endpoint_with_default000001/providers/Microsoft.Network/virtualNetworks/appgw_private_endpoint_vnet/subnets/appgw_private_endpoint_subnet\"\r\n
        \   },\r\n    \"networkInterfaces\": [\r\n      {\r\n        \"id\": \"/subscriptions/00000000-0000-0000-0000-000000000000/resourceGroups/test_appgw_private_endpoint_with_default000001/providers/Microsoft.Network/networkInterfaces/appgw_private_endpoint.nic.2b35216e-cdd8-4004-b8a7-cf652ad8375a\"\r\n
        \     }\r\n    ],\r\n    \"customDnsConfigs\": []\r\n  }\r\n}"
    headers:
      azure-asyncnotification:
      - Enabled
      azure-asyncoperation:
      - https://management.azure.com/subscriptions/00000000-0000-0000-0000-000000000000/providers/Microsoft.Network/locations/westus/operations/154b5c7f-ac14-4ab2-8383-0c8c31bb0a9a?api-version=2020-07-01
      cache-control:
      - no-cache
      content-length:
      - '2391'
      content-type:
      - application/json; charset=utf-8
      date:
      - Wed, 16 Dec 2020 09:48:36 GMT
      expires:
      - '-1'
      pragma:
      - no-cache
      server:
      - Microsoft-HTTPAPI/2.0
      - Microsoft-HTTPAPI/2.0
      strict-transport-security:
      - max-age=31536000; includeSubDomains
      x-content-type-options:
      - nosniff
      x-ms-arm-service-request-id:
      - 2f8b8a46-82a6-47b2-8afe-cac639ebc276
      x-ms-ratelimit-remaining-subscription-writes:
      - '1184'
    status:
      code: 201
      message: Created
- request:
    body: null
    headers:
      Accept:
      - '*/*'
      Accept-Encoding:
      - gzip, deflate
      CommandName:
      - network private-endpoint create
      Connection:
      - keep-alive
      ParameterSetName:
      - -g -n --connection-name --vnet-name --subnet --private-connection-resource-id
        --group-id
      User-Agent:
      - AZURECLI/2.16.0 azsdk-python-azure-mgmt-network/17.0.0 Python/3.7.8 (Windows-10-10.0.19041-SP0)
    method: GET
    uri: https://management.azure.com/subscriptions/00000000-0000-0000-0000-000000000000/providers/Microsoft.Network/locations/westus/operations/154b5c7f-ac14-4ab2-8383-0c8c31bb0a9a?api-version=2020-07-01
  response:
    body:
      string: "{\r\n  \"status\": \"Succeeded\"\r\n}"
    headers:
      cache-control:
      - no-cache
      content-length:
      - '29'
      content-type:
      - application/json; charset=utf-8
      date:
      - Wed, 16 Dec 2020 09:48:47 GMT
      expires:
      - '-1'
      pragma:
      - no-cache
      server:
      - Microsoft-HTTPAPI/2.0
      - Microsoft-HTTPAPI/2.0
      strict-transport-security:
      - max-age=31536000; includeSubDomains
      transfer-encoding:
      - chunked
      vary:
      - Accept-Encoding
      x-content-type-options:
      - nosniff
      x-ms-arm-service-request-id:
      - 7fcdac59-3237-4d5f-9c2e-469369a334d8
    status:
      code: 200
      message: OK
- request:
    body: null
    headers:
      Accept:
      - '*/*'
      Accept-Encoding:
      - gzip, deflate
      CommandName:
      - network private-endpoint create
      Connection:
      - keep-alive
      ParameterSetName:
      - -g -n --connection-name --vnet-name --subnet --private-connection-resource-id
        --group-id
      User-Agent:
      - AZURECLI/2.16.0 azsdk-python-azure-mgmt-network/17.0.0 Python/3.7.8 (Windows-10-10.0.19041-SP0)
    method: GET
    uri: https://management.azure.com/subscriptions/00000000-0000-0000-0000-000000000000/resourceGroups/test_appgw_private_endpoint_with_default000001/providers/Microsoft.Network/privateEndpoints/appgw_private_endpoint?api-version=2020-07-01
  response:
    body:
      string: "{\r\n  \"name\": \"appgw_private_endpoint\",\r\n  \"id\": \"/subscriptions/00000000-0000-0000-0000-000000000000/resourceGroups/test_appgw_private_endpoint_with_default000001/providers/Microsoft.Network/privateEndpoints/appgw_private_endpoint\",\r\n
        \ \"etag\": \"W/\\\"b902582e-80df-4c9a-996e-acaf669ca9cb\\\"\",\r\n  \"type\":
        \"Microsoft.Network/privateEndpoints\",\r\n  \"location\": \"westus\",\r\n
        \ \"properties\": {\r\n    \"provisioningState\": \"Succeeded\",\r\n    \"resourceGuid\":
        \"35778910-a6cb-41ae-b16b-e1b46974cd2c\",\r\n    \"privateLinkServiceConnections\":
        [\r\n      {\r\n        \"name\": \"appgw_private_endpoint_connection\",\r\n
        \       \"id\": \"/subscriptions/00000000-0000-0000-0000-000000000000/resourceGroups/test_appgw_private_endpoint_with_default000001/providers/Microsoft.Network/privateEndpoints/appgw_private_endpoint/privateLinkServiceConnections/appgw_private_endpoint_connection\",\r\n
        \       \"etag\": \"W/\\\"b902582e-80df-4c9a-996e-acaf669ca9cb\\\"\",\r\n
        \       \"properties\": {\r\n          \"provisioningState\": \"Succeeded\",\r\n
        \         \"privateLinkServiceId\": \"/subscriptions/00000000-0000-0000-0000-000000000000/resourceGroups/test_appgw_private_endpoint_with_default000001/providers/Microsoft.Network/applicationGateways/appgw\",\r\n
        \         \"resolvedPrivateLinkServiceLocation\": \"westus\",\r\n          \"groupIds\":
        [\r\n            \"appGatewayFrontendIP\"\r\n          ],\r\n          \"privateLinkServiceConnectionState\":
        {\r\n            \"status\": \"Approved\",\r\n            \"description\":
        \"\",\r\n            \"actionsRequired\": \"None\"\r\n          }\r\n        },\r\n
        \       \"type\": \"Microsoft.Network/privateEndpoints/privateLinkServiceConnections\"\r\n
        \     }\r\n    ],\r\n    \"manualPrivateLinkServiceConnections\": [],\r\n
        \   \"subnet\": {\r\n      \"id\": \"/subscriptions/00000000-0000-0000-0000-000000000000/resourceGroups/test_appgw_private_endpoint_with_default000001/providers/Microsoft.Network/virtualNetworks/appgw_private_endpoint_vnet/subnets/appgw_private_endpoint_subnet\"\r\n
        \   },\r\n    \"networkInterfaces\": [\r\n      {\r\n        \"id\": \"/subscriptions/00000000-0000-0000-0000-000000000000/resourceGroups/test_appgw_private_endpoint_with_default000001/providers/Microsoft.Network/networkInterfaces/appgw_private_endpoint.nic.2b35216e-cdd8-4004-b8a7-cf652ad8375a\"\r\n
        \     }\r\n    ],\r\n    \"customDnsConfigs\": []\r\n  }\r\n}"
    headers:
      cache-control:
      - no-cache
      content-length:
      - '2392'
      content-type:
      - application/json; charset=utf-8
      date:
      - Wed, 16 Dec 2020 09:48:48 GMT
      etag:
      - W/"b902582e-80df-4c9a-996e-acaf669ca9cb"
      expires:
      - '-1'
      pragma:
      - no-cache
      server:
      - Microsoft-HTTPAPI/2.0
      - Microsoft-HTTPAPI/2.0
      strict-transport-security:
      - max-age=31536000; includeSubDomains
      transfer-encoding:
      - chunked
      vary:
      - Accept-Encoding
      x-content-type-options:
      - nosniff
      x-ms-arm-service-request-id:
      - 05ae510a-5b83-467c-96b3-bb65eb10d166
    status:
      code: 200
      message: OK
- request:
    body: null
    headers:
      Accept:
      - '*/*'
      Accept-Encoding:
      - gzip, deflate
      CommandName:
      - network private-endpoint-connection list
      Connection:
      - keep-alive
      ParameterSetName:
      - --id
      User-Agent:
      - python/3.7.8 (Windows-10-10.0.19041-SP0) AZURECLI/2.16.0
    method: GET
    uri: https://management.azure.com/subscriptions/00000000-0000-0000-0000-000000000000/resourceGroups/test_appgw_private_endpoint_with_default000001/providers/Microsoft.Network/applicationGateways/appgw/privateEndpointConnections?api-version=2020-05-01
  response:
    body:
      string: "{\r\n  \"value\": [\r\n    {\r\n      \"name\": \"appgw_private_endpoint.35778910-a6cb-41ae-b16b-e1b46974cd2c\",\r\n
        \     \"id\": \"/subscriptions/00000000-0000-0000-0000-000000000000/resourceGroups/test_appgw_private_endpoint_with_default000001/providers/Microsoft.Network/applicationGateways/appgw/privateEndpointConnections/appgw_private_endpoint.35778910-a6cb-41ae-b16b-e1b46974cd2c\",\r\n
        \     \"properties\": {\r\n        \"provisioningState\": \"Succeeded\",\r\n
        \       \"privateEndpoint\": {\r\n          \"id\": \"/subscriptions/00000000-0000-0000-0000-000000000000/resourceGroups/test_appgw_private_endpoint_with_default000001/providers/Microsoft.Network/privateEndpoints/appgw_private_endpoint\"\r\n
        \       },\r\n        \"privateLinkServiceConnectionState\": {\r\n          \"status\":
        \"Approved\",\r\n          \"description\": \"\",\r\n          \"actionsRequired\":
        \"None\"\r\n        },\r\n        \"linkIdentifier\": \"620799030\"\r\n      },\r\n
        \     \"type\": \"Microsoft.Network/applicationGateways/privateEndpointConnections\"\r\n
        \   }\r\n  ]\r\n}"
    headers:
      cache-control:
      - no-cache
      content-length:
      - '1044'
      content-type:
      - application/json; charset=utf-8
      date:
      - Wed, 16 Dec 2020 09:48:51 GMT
      expires:
      - '-1'
      pragma:
      - no-cache
      server:
      - Microsoft-HTTPAPI/2.0
      - Microsoft-HTTPAPI/2.0
      strict-transport-security:
      - max-age=31536000; includeSubDomains
      transfer-encoding:
      - chunked
      vary:
      - Accept-Encoding
      x-content-type-options:
      - nosniff
      x-ms-arm-service-request-id:
      - e8017dcd-ae3e-4579-b95c-e381f0d340ea
    status:
      code: 200
      message: OK
- request:
    body: null
    headers:
      Accept:
      - '*/*'
      Accept-Encoding:
      - gzip, deflate
      CommandName:
      - network private-endpoint-connection reject
      Connection:
      - keep-alive
      ParameterSetName:
      - --id
      User-Agent:
      - python/3.7.8 (Windows-10-10.0.19041-SP0) AZURECLI/2.16.0
    method: GET
    uri: https://management.azure.com/subscriptions/00000000-0000-0000-0000-000000000000/resourceGroups/test_appgw_private_endpoint_with_default000001/providers/Microsoft.Network/applicationGateways/appgw/privateEndpointConnections/appgw_private_endpoint.35778910-a6cb-41ae-b16b-e1b46974cd2c?api-version=2020-05-01
  response:
    body:
      string: "{\r\n  \"name\": \"appgw_private_endpoint.35778910-a6cb-41ae-b16b-e1b46974cd2c\",\r\n
        \ \"id\": \"/subscriptions/00000000-0000-0000-0000-000000000000/resourceGroups/test_appgw_private_endpoint_with_default000001/providers/Microsoft.Network/applicationGateways/appgw/privateEndpointConnections/appgw_private_endpoint.35778910-a6cb-41ae-b16b-e1b46974cd2c\",\r\n
        \ \"properties\": {\r\n    \"provisioningState\": \"Succeeded\",\r\n    \"privateEndpoint\":
        {\r\n      \"id\": \"/subscriptions/00000000-0000-0000-0000-000000000000/resourceGroups/test_appgw_private_endpoint_with_default000001/providers/Microsoft.Network/privateEndpoints/appgw_private_endpoint\"\r\n
        \   },\r\n    \"privateLinkServiceConnectionState\": {\r\n      \"status\":
        \"Approved\",\r\n      \"description\": \"\",\r\n      \"actionsRequired\":
        \"None\"\r\n    },\r\n    \"linkIdentifier\": \"620799030\"\r\n  },\r\n  \"type\":
        \"Microsoft.Network/applicationGateways/privateEndpointConnections\"\r\n}"
    headers:
      cache-control:
      - no-cache
      content-length:
      - '951'
      content-type:
      - application/json; charset=utf-8
      date:
      - Wed, 16 Dec 2020 09:48:53 GMT
      expires:
      - '-1'
      pragma:
      - no-cache
      server:
      - Microsoft-HTTPAPI/2.0
      - Microsoft-HTTPAPI/2.0
      strict-transport-security:
      - max-age=31536000; includeSubDomains
      transfer-encoding:
      - chunked
      vary:
      - Accept-Encoding
      x-content-type-options:
      - nosniff
      x-ms-arm-service-request-id:
      - 0dfd4d28-215e-4e3d-b273-a08bbb03895d
    status:
      code: 200
      message: OK
- request:
    body: '{"name": "appgw_private_endpoint.35778910-a6cb-41ae-b16b-e1b46974cd2c",
      "id": "/subscriptions/00000000-0000-0000-0000-000000000000/resourceGroups/test_appgw_private_endpoint_with_default000001/providers/Microsoft.Network/applicationGateways/appgw/privateEndpointConnections/appgw_private_endpoint.35778910-a6cb-41ae-b16b-e1b46974cd2c",
      "properties": {"provisioningState": "Succeeded", "privateEndpoint": {"id": "/subscriptions/00000000-0000-0000-0000-000000000000/resourceGroups/test_appgw_private_endpoint_with_default000001/providers/Microsoft.Network/privateEndpoints/appgw_private_endpoint"},
      "privateLinkServiceConnectionState": {"status": "Rejected", "description": null,
      "actionsRequired": "None"}, "linkIdentifier": "620799030"}, "type": "Microsoft.Network/applicationGateways/privateEndpointConnections"}'
    headers:
      Accept:
      - '*/*'
      Accept-Encoding:
      - gzip, deflate
      CommandName:
      - network private-endpoint-connection reject
      Connection:
      - keep-alive
      Content-Length:
      - '871'
      Content-Type:
      - application/json
      ParameterSetName:
      - --id
      User-Agent:
      - python/3.7.8 (Windows-10-10.0.19041-SP0) AZURECLI/2.16.0
    method: PUT
    uri: https://management.azure.com/subscriptions/00000000-0000-0000-0000-000000000000/resourceGroups/test_appgw_private_endpoint_with_default000001/providers/Microsoft.Network/applicationGateways/appgw/privateEndpointConnections/appgw_private_endpoint.35778910-a6cb-41ae-b16b-e1b46974cd2c?api-version=2020-05-01
  response:
    body:
      string: "{\r\n  \"name\": \"appgw_private_endpoint.35778910-a6cb-41ae-b16b-e1b46974cd2c\",\r\n
        \ \"id\": \"/subscriptions/00000000-0000-0000-0000-000000000000/resourceGroups/test_appgw_private_endpoint_with_default000001/providers/Microsoft.Network/applicationGateways/appgw/privateEndpointConnections/appgw_private_endpoint.35778910-a6cb-41ae-b16b-e1b46974cd2c\",\r\n
        \ \"properties\": {\r\n    \"provisioningState\": \"Updating\",\r\n    \"privateEndpoint\":
        {\r\n      \"id\": \"/subscriptions/00000000-0000-0000-0000-000000000000/resourceGroups/test_appgw_private_endpoint_with_default000001/providers/Microsoft.Network/privateEndpoints/appgw_private_endpoint\"\r\n
        \   },\r\n    \"privateLinkServiceConnectionState\": {\r\n      \"status\":
        \"Rejected\",\r\n      \"description\": \"\",\r\n      \"actionsRequired\":
        \"None\"\r\n    },\r\n    \"linkIdentifier\": \"620799030\"\r\n  },\r\n  \"type\":
        \"Microsoft.Network/applicationGateways/privateEndpointConnections\"\r\n}"
    headers:
      azure-asyncoperation:
      - https://management.azure.com/subscriptions/00000000-0000-0000-0000-000000000000/providers/Microsoft.Network/locations/westus/operations/7c3cfcf1-f18e-4f04-9bf7-42685a2e4fe3?api-version=2020-05-01
      cache-control:
      - no-cache
      content-length:
      - '950'
      content-type:
      - application/json; charset=utf-8
      date:
      - Wed, 16 Dec 2020 09:48:56 GMT
      expires:
      - '-1'
      pragma:
      - no-cache
      server:
      - Microsoft-HTTPAPI/2.0
      - Microsoft-HTTPAPI/2.0
      strict-transport-security:
      - max-age=31536000; includeSubDomains
      transfer-encoding:
      - chunked
      vary:
      - Accept-Encoding
      x-content-type-options:
      - nosniff
      x-ms-arm-service-request-id:
      - 60ade0f7-1257-473a-a843-016754dbd703
      x-ms-ratelimit-remaining-subscription-writes:
      - '1188'
    status:
      code: 200
      message: OK
- request:
    body: null
    headers:
      Accept:
      - '*/*'
      Accept-Encoding:
      - gzip, deflate
      CommandName:
      - network private-endpoint-connection reject
      Connection:
      - keep-alive
      ParameterSetName:
      - --id
      User-Agent:
      - python/3.7.8 (Windows-10-10.0.19041-SP0) AZURECLI/2.16.0
    method: GET
    uri: https://management.azure.com/subscriptions/00000000-0000-0000-0000-000000000000/resourceGroups/test_appgw_private_endpoint_with_default000001/providers/Microsoft.Network/applicationGateways/appgw/privateEndpointConnections/appgw_private_endpoint.35778910-a6cb-41ae-b16b-e1b46974cd2c?api-version=2020-05-01
  response:
    body:
      string: "{\r\n  \"name\": \"appgw_private_endpoint.35778910-a6cb-41ae-b16b-e1b46974cd2c\",\r\n
        \ \"id\": \"/subscriptions/00000000-0000-0000-0000-000000000000/resourceGroups/test_appgw_private_endpoint_with_default000001/providers/Microsoft.Network/applicationGateways/appgw/privateEndpointConnections/appgw_private_endpoint.35778910-a6cb-41ae-b16b-e1b46974cd2c\",\r\n
        \ \"properties\": {\r\n    \"provisioningState\": \"Succeeded\",\r\n    \"privateEndpoint\":
        {\r\n      \"id\": \"/subscriptions/00000000-0000-0000-0000-000000000000/resourceGroups/test_appgw_private_endpoint_with_default000001/providers/Microsoft.Network/privateEndpoints/appgw_private_endpoint\"\r\n
        \   },\r\n    \"privateLinkServiceConnectionState\": {\r\n      \"status\":
        \"Rejected\",\r\n      \"description\": \"\",\r\n      \"actionsRequired\":
        \"None\"\r\n    },\r\n    \"linkIdentifier\": \"620799030\"\r\n  },\r\n  \"type\":
        \"Microsoft.Network/applicationGateways/privateEndpointConnections\"\r\n}"
    headers:
      cache-control:
      - no-cache
      content-length:
      - '951'
      content-type:
      - application/json; charset=utf-8
      date:
      - Wed, 16 Dec 2020 09:49:08 GMT
      expires:
      - '-1'
      pragma:
      - no-cache
      server:
      - Microsoft-HTTPAPI/2.0
      - Microsoft-HTTPAPI/2.0
      strict-transport-security:
      - max-age=31536000; includeSubDomains
      transfer-encoding:
      - chunked
      vary:
      - Accept-Encoding
      x-content-type-options:
      - nosniff
      x-ms-arm-service-request-id:
      - 8b4d4e81-0c7f-4ae3-a602-d0fc0617cde0
    status:
      code: 200
      message: OK
- request:
    body: null
    headers:
      Accept:
      - '*/*'
      Accept-Encoding:
      - gzip, deflate
      CommandName:
      - network private-endpoint-connection show
      Connection:
      - keep-alive
      ParameterSetName:
      - --id
      User-Agent:
      - python/3.7.8 (Windows-10-10.0.19041-SP0) AZURECLI/2.16.0
    method: GET
    uri: https://management.azure.com/subscriptions/00000000-0000-0000-0000-000000000000/resourceGroups/test_appgw_private_endpoint_with_default000001/providers/Microsoft.Network/applicationGateways/appgw/privateEndpointConnections/appgw_private_endpoint.35778910-a6cb-41ae-b16b-e1b46974cd2c?api-version=2020-05-01
  response:
    body:
      string: "{\r\n  \"name\": \"appgw_private_endpoint.35778910-a6cb-41ae-b16b-e1b46974cd2c\",\r\n
        \ \"id\": \"/subscriptions/00000000-0000-0000-0000-000000000000/resourceGroups/test_appgw_private_endpoint_with_default000001/providers/Microsoft.Network/applicationGateways/appgw/privateEndpointConnections/appgw_private_endpoint.35778910-a6cb-41ae-b16b-e1b46974cd2c\",\r\n
        \ \"properties\": {\r\n    \"provisioningState\": \"Succeeded\",\r\n    \"privateEndpoint\":
        {\r\n      \"id\": \"/subscriptions/00000000-0000-0000-0000-000000000000/resourceGroups/test_appgw_private_endpoint_with_default000001/providers/Microsoft.Network/privateEndpoints/appgw_private_endpoint\"\r\n
        \   },\r\n    \"privateLinkServiceConnectionState\": {\r\n      \"status\":
        \"Rejected\",\r\n      \"description\": \"\",\r\n      \"actionsRequired\":
        \"None\"\r\n    },\r\n    \"linkIdentifier\": \"620799030\"\r\n  },\r\n  \"type\":
        \"Microsoft.Network/applicationGateways/privateEndpointConnections\"\r\n}"
    headers:
      cache-control:
      - no-cache
      content-length:
      - '951'
      content-type:
      - application/json; charset=utf-8
      date:
      - Wed, 16 Dec 2020 09:49:11 GMT
      expires:
      - '-1'
      pragma:
      - no-cache
      server:
      - Microsoft-HTTPAPI/2.0
      - Microsoft-HTTPAPI/2.0
      strict-transport-security:
      - max-age=31536000; includeSubDomains
      transfer-encoding:
      - chunked
      vary:
      - Accept-Encoding
      x-content-type-options:
      - nosniff
      x-ms-arm-service-request-id:
      - 0a45abd1-d22e-4672-8179-f2906390cbe9
    status:
      code: 200
      message: OK
- request:
    body: null
    headers:
      Accept:
      - application/json
      Accept-Encoding:
      - gzip, deflate
      CommandName:
      - network private-endpoint delete
      Connection:
      - keep-alive
      Content-Length:
      - '0'
      ParameterSetName:
      - -g -n
      User-Agent:
      - AZURECLI/2.16.0 azsdk-python-azure-mgmt-network/17.0.0 Python/3.7.8 (Windows-10-10.0.19041-SP0)
    method: DELETE
    uri: https://management.azure.com/subscriptions/00000000-0000-0000-0000-000000000000/resourceGroups/test_appgw_private_endpoint_with_default000001/providers/Microsoft.Network/privateEndpoints/appgw_private_endpoint?api-version=2020-07-01
  response:
    body:
      string: ''
    headers:
      azure-asyncnotification:
      - Enabled
      azure-asyncoperation:
      - https://management.azure.com/subscriptions/00000000-0000-0000-0000-000000000000/providers/Microsoft.Network/locations/westus/operations/8fc23b40-d0cd-4485-8262-e9fb962b225a?api-version=2020-07-01
      cache-control:
      - no-cache
      content-length:
      - '0'
      date:
      - Wed, 16 Dec 2020 09:49:14 GMT
      expires:
      - '-1'
      location:
      - https://management.azure.com/subscriptions/00000000-0000-0000-0000-000000000000/providers/Microsoft.Network/locations/westus/operationResults/8fc23b40-d0cd-4485-8262-e9fb962b225a?api-version=2020-07-01
      pragma:
      - no-cache
      server:
      - Microsoft-HTTPAPI/2.0
      - Microsoft-HTTPAPI/2.0
      strict-transport-security:
      - max-age=31536000; includeSubDomains
      x-content-type-options:
      - nosniff
      x-ms-arm-service-request-id:
      - 4cab6933-33e7-483a-b1da-f34d69b19764
      x-ms-ratelimit-remaining-subscription-deletes:
      - '14996'
    status:
      code: 202
      message: Accepted
- request:
    body: null
    headers:
      Accept:
      - '*/*'
      Accept-Encoding:
      - gzip, deflate
      CommandName:
      - network private-endpoint delete
      Connection:
      - keep-alive
      ParameterSetName:
      - -g -n
      User-Agent:
      - AZURECLI/2.16.0 azsdk-python-azure-mgmt-network/17.0.0 Python/3.7.8 (Windows-10-10.0.19041-SP0)
    method: GET
    uri: https://management.azure.com/subscriptions/00000000-0000-0000-0000-000000000000/providers/Microsoft.Network/locations/westus/operations/8fc23b40-d0cd-4485-8262-e9fb962b225a?api-version=2020-07-01
  response:
    body:
      string: "{\r\n  \"status\": \"Succeeded\"\r\n}"
    headers:
      cache-control:
      - no-cache
      content-length:
      - '29'
      content-type:
      - application/json; charset=utf-8
      date:
      - Wed, 16 Dec 2020 09:49:25 GMT
      expires:
      - '-1'
      pragma:
      - no-cache
      server:
      - Microsoft-HTTPAPI/2.0
      - Microsoft-HTTPAPI/2.0
      strict-transport-security:
      - max-age=31536000; includeSubDomains
      transfer-encoding:
      - chunked
      vary:
      - Accept-Encoding
      x-content-type-options:
      - nosniff
      x-ms-arm-service-request-id:
      - 3aed4623-5588-4cdf-a65a-1bf7a05d42b7
    status:
      code: 200
      message: OK
version: 1
