interactions:
- request:
    body: '{"location": "centraluseuap", "tags": {}, "properties": {"addressSpace":
      {"addressPrefixes": ["10.0.0.0/16"]}, "dhcpOptions": {}}}'
    headers:
      Accept:
      - application/json
      Accept-Encoding:
      - gzip, deflate
      CommandName:
      - network vnet create
      Connection:
      - keep-alive
      Content-Length:
      - '130'
      Content-Type:
      - application/json
      ParameterSetName:
      - --resource-group --location --name --address-prefix
      User-Agent:
      - AZURECLI/2.21.0 azsdk-python-azure-mgmt-network/18.0.0 Python/3.7.9 (Windows-10-10.0.19041-SP0)
    method: PUT
    uri: https://management.azure.com/subscriptions/00000000-0000-0000-0000-000000000000/resourceGroups/cli_test_event_grid_pec000002/providers/Microsoft.Network/virtualNetworks/cli000003?api-version=2020-11-01
  response:
    body:
      string: "{\r\n  \"name\": \"cli000003\",\r\n  \"id\": \"/subscriptions/00000000-0000-0000-0000-000000000000/resourceGroups/cli_test_event_grid_pec000002/providers/Microsoft.Network/virtualNetworks/cli000003\",\r\n
        \ \"etag\": \"W/\\\"17ebaec4-c074-4498-beeb-a27423ed4593\\\"\",\r\n  \"type\":
        \"Microsoft.Network/virtualNetworks\",\r\n  \"location\": \"centraluseuap\",\r\n
        \ \"tags\": {},\r\n  \"properties\": {\r\n    \"provisioningState\": \"Updating\",\r\n
        \   \"resourceGuid\": \"d0b29f8d-50ed-4e69-a76f-5ba703a97eba\",\r\n    \"addressSpace\":
        {\r\n      \"addressPrefixes\": [\r\n        \"10.0.0.0/16\"\r\n      ]\r\n
        \   },\r\n    \"dhcpOptions\": {\r\n      \"dnsServers\": []\r\n    },\r\n
        \   \"subnets\": [],\r\n    \"virtualNetworkPeerings\": [],\r\n    \"enableDdosProtection\":
        false\r\n  }\r\n}"
    headers:
      azure-asyncnotification:
      - Enabled
      azure-asyncoperation:
      - https://management.azure.com/subscriptions/00000000-0000-0000-0000-000000000000/providers/Microsoft.Network/locations/centraluseuap/operations/0eb374fe-5d9f-402f-aab9-7798f0617966?api-version=2020-11-01
      cache-control:
      - no-cache
      content-length:
      - '769'
      content-type:
      - application/json; charset=utf-8
      date:
      - Wed, 24 Mar 2021 10:33:41 GMT
      expires:
      - '-1'
      pragma:
      - no-cache
      server:
      - Microsoft-HTTPAPI/2.0
      - Microsoft-HTTPAPI/2.0
      strict-transport-security:
      - max-age=31536000; includeSubDomains
      x-content-type-options:
      - nosniff
      x-ms-arm-service-request-id:
      - 6282e1a1-c348-470f-9eb2-caf9edfea4b9
      x-ms-ratelimit-remaining-subscription-writes:
      - '1199'
    status:
      code: 201
      message: Created
- request:
    body: null
    headers:
      Accept:
      - '*/*'
      Accept-Encoding:
      - gzip, deflate
      CommandName:
      - network vnet create
      Connection:
      - keep-alive
      ParameterSetName:
      - --resource-group --location --name --address-prefix
      User-Agent:
      - AZURECLI/2.21.0 azsdk-python-azure-mgmt-network/18.0.0 Python/3.7.9 (Windows-10-10.0.19041-SP0)
    method: GET
    uri: https://management.azure.com/subscriptions/00000000-0000-0000-0000-000000000000/providers/Microsoft.Network/locations/centraluseuap/operations/0eb374fe-5d9f-402f-aab9-7798f0617966?api-version=2020-11-01
  response:
    body:
      string: "{\r\n  \"status\": \"Succeeded\"\r\n}"
    headers:
      cache-control:
      - no-cache
      content-length:
      - '29'
      content-type:
      - application/json; charset=utf-8
      date:
      - Wed, 24 Mar 2021 10:33:45 GMT
      expires:
      - '-1'
      pragma:
      - no-cache
      server:
      - Microsoft-HTTPAPI/2.0
      - Microsoft-HTTPAPI/2.0
      strict-transport-security:
      - max-age=31536000; includeSubDomains
      transfer-encoding:
      - chunked
      vary:
      - Accept-Encoding
      x-content-type-options:
      - nosniff
      x-ms-arm-service-request-id:
      - 668a10d1-5cc8-4b45-8a05-84b43e78f42c
    status:
      code: 200
      message: OK
- request:
    body: null
    headers:
      Accept:
      - '*/*'
      Accept-Encoding:
      - gzip, deflate
      CommandName:
      - network vnet create
      Connection:
      - keep-alive
      ParameterSetName:
      - --resource-group --location --name --address-prefix
      User-Agent:
      - AZURECLI/2.21.0 azsdk-python-azure-mgmt-network/18.0.0 Python/3.7.9 (Windows-10-10.0.19041-SP0)
    method: GET
    uri: https://management.azure.com/subscriptions/00000000-0000-0000-0000-000000000000/resourceGroups/cli_test_event_grid_pec000002/providers/Microsoft.Network/virtualNetworks/cli000003?api-version=2020-11-01
  response:
    body:
      string: "{\r\n  \"name\": \"cli000003\",\r\n  \"id\": \"/subscriptions/00000000-0000-0000-0000-000000000000/resourceGroups/cli_test_event_grid_pec000002/providers/Microsoft.Network/virtualNetworks/cli000003\",\r\n
        \ \"etag\": \"W/\\\"8efb378b-d68b-4446-8769-00321bf1dea9\\\"\",\r\n  \"type\":
        \"Microsoft.Network/virtualNetworks\",\r\n  \"location\": \"centraluseuap\",\r\n
        \ \"tags\": {},\r\n  \"properties\": {\r\n    \"provisioningState\": \"Succeeded\",\r\n
        \   \"resourceGuid\": \"d0b29f8d-50ed-4e69-a76f-5ba703a97eba\",\r\n    \"addressSpace\":
        {\r\n      \"addressPrefixes\": [\r\n        \"10.0.0.0/16\"\r\n      ]\r\n
        \   },\r\n    \"dhcpOptions\": {\r\n      \"dnsServers\": []\r\n    },\r\n
        \   \"subnets\": [],\r\n    \"virtualNetworkPeerings\": [],\r\n    \"enableDdosProtection\":
        false\r\n  }\r\n}"
    headers:
      cache-control:
      - no-cache
      content-length:
      - '770'
      content-type:
      - application/json; charset=utf-8
      date:
      - Wed, 24 Mar 2021 10:33:45 GMT
      etag:
      - W/"8efb378b-d68b-4446-8769-00321bf1dea9"
      expires:
      - '-1'
      pragma:
      - no-cache
      server:
      - Microsoft-HTTPAPI/2.0
      - Microsoft-HTTPAPI/2.0
      strict-transport-security:
      - max-age=31536000; includeSubDomains
      transfer-encoding:
      - chunked
      vary:
      - Accept-Encoding
      x-content-type-options:
      - nosniff
      x-ms-arm-service-request-id:
      - 9f9f61ec-5112-4d02-b576-9ce6380c907b
    status:
      code: 200
      message: OK
- request:
    body: null
    headers:
      Accept:
      - application/json
      Accept-Encoding:
      - gzip, deflate
      CommandName:
      - network vnet subnet create
      Connection:
      - keep-alive
      ParameterSetName:
      - --resource-group --vnet-name --name --address-prefixes
      User-Agent:
      - AZURECLI/2.21.0 azsdk-python-azure-mgmt-network/18.0.0 Python/3.7.9 (Windows-10-10.0.19041-SP0)
    method: GET
    uri: https://management.azure.com/subscriptions/00000000-0000-0000-0000-000000000000/resourceGroups/cli_test_event_grid_pec000002/providers/Microsoft.Network/virtualNetworks/cli000003?api-version=2020-11-01
  response:
    body:
      string: "{\r\n  \"name\": \"cli000003\",\r\n  \"id\": \"/subscriptions/00000000-0000-0000-0000-000000000000/resourceGroups/cli_test_event_grid_pec000002/providers/Microsoft.Network/virtualNetworks/cli000003\",\r\n
        \ \"etag\": \"W/\\\"8efb378b-d68b-4446-8769-00321bf1dea9\\\"\",\r\n  \"type\":
        \"Microsoft.Network/virtualNetworks\",\r\n  \"location\": \"centraluseuap\",\r\n
        \ \"tags\": {},\r\n  \"properties\": {\r\n    \"provisioningState\": \"Succeeded\",\r\n
        \   \"resourceGuid\": \"d0b29f8d-50ed-4e69-a76f-5ba703a97eba\",\r\n    \"addressSpace\":
        {\r\n      \"addressPrefixes\": [\r\n        \"10.0.0.0/16\"\r\n      ]\r\n
        \   },\r\n    \"dhcpOptions\": {\r\n      \"dnsServers\": []\r\n    },\r\n
        \   \"subnets\": [],\r\n    \"virtualNetworkPeerings\": [],\r\n    \"enableDdosProtection\":
        false\r\n  }\r\n}"
    headers:
      cache-control:
      - no-cache
      content-length:
      - '770'
      content-type:
      - application/json; charset=utf-8
      date:
      - Wed, 24 Mar 2021 10:33:47 GMT
      etag:
      - W/"8efb378b-d68b-4446-8769-00321bf1dea9"
      expires:
      - '-1'
      pragma:
      - no-cache
      server:
      - Microsoft-HTTPAPI/2.0
      - Microsoft-HTTPAPI/2.0
      strict-transport-security:
      - max-age=31536000; includeSubDomains
      transfer-encoding:
      - chunked
      vary:
      - Accept-Encoding
      x-content-type-options:
      - nosniff
      x-ms-arm-service-request-id:
      - 96966dec-a23f-4afc-b767-331440b70000
    status:
      code: 200
      message: OK
- request:
    body: '{"id": "/subscriptions/00000000-0000-0000-0000-000000000000/resourceGroups/cli_test_event_grid_pec000002/providers/Microsoft.Network/virtualNetworks/cli000003",
      "location": "centraluseuap", "tags": {}, "properties": {"addressSpace": {"addressPrefixes":
      ["10.0.0.0/16"]}, "dhcpOptions": {"dnsServers": []}, "subnets": [{"name": "cli000004",
      "properties": {"addressPrefix": "10.0.0.0/24"}}], "virtualNetworkPeerings":
      [], "enableDdosProtection": false}}'
    headers:
      Accept:
      - application/json
      Accept-Encoding:
      - gzip, deflate
      CommandName:
      - network vnet subnet create
      Connection:
      - keep-alive
      Content-Length:
      - '519'
      Content-Type:
      - application/json
      ParameterSetName:
      - --resource-group --vnet-name --name --address-prefixes
      User-Agent:
      - AZURECLI/2.21.0 azsdk-python-azure-mgmt-network/18.0.0 Python/3.7.9 (Windows-10-10.0.19041-SP0)
    method: PUT
    uri: https://management.azure.com/subscriptions/00000000-0000-0000-0000-000000000000/resourceGroups/cli_test_event_grid_pec000002/providers/Microsoft.Network/virtualNetworks/cli000003?api-version=2020-11-01
  response:
    body:
      string: "{\r\n  \"name\": \"cli000003\",\r\n  \"id\": \"/subscriptions/00000000-0000-0000-0000-000000000000/resourceGroups/cli_test_event_grid_pec000002/providers/Microsoft.Network/virtualNetworks/cli000003\",\r\n
        \ \"etag\": \"W/\\\"cb494c1d-b097-4b75-b114-b51ce34a212b\\\"\",\r\n  \"type\":
        \"Microsoft.Network/virtualNetworks\",\r\n  \"location\": \"centraluseuap\",\r\n
        \ \"tags\": {},\r\n  \"properties\": {\r\n    \"provisioningState\": \"Updating\",\r\n
        \   \"resourceGuid\": \"d0b29f8d-50ed-4e69-a76f-5ba703a97eba\",\r\n    \"addressSpace\":
        {\r\n      \"addressPrefixes\": [\r\n        \"10.0.0.0/16\"\r\n      ]\r\n
        \   },\r\n    \"dhcpOptions\": {\r\n      \"dnsServers\": []\r\n    },\r\n
        \   \"subnets\": [\r\n      {\r\n        \"name\": \"cli000004\",\r\n        \"id\":
        \"/subscriptions/00000000-0000-0000-0000-000000000000/resourceGroups/cli_test_event_grid_pec000002/providers/Microsoft.Network/virtualNetworks/cli000003/subnets/cli000004\",\r\n
        \       \"etag\": \"W/\\\"cb494c1d-b097-4b75-b114-b51ce34a212b\\\"\",\r\n
        \       \"properties\": {\r\n          \"provisioningState\": \"Updating\",\r\n
        \         \"addressPrefix\": \"10.0.0.0/24\",\r\n          \"delegations\":
        [],\r\n          \"privateEndpointNetworkPolicies\": \"Enabled\",\r\n          \"privateLinkServiceNetworkPolicies\":
        \"Enabled\"\r\n        },\r\n        \"type\": \"Microsoft.Network/virtualNetworks/subnets\"\r\n
        \     }\r\n    ],\r\n    \"virtualNetworkPeerings\": [],\r\n    \"enableDdosProtection\":
        false\r\n  }\r\n}"
    headers:
      azure-asyncoperation:
      - https://management.azure.com/subscriptions/00000000-0000-0000-0000-000000000000/providers/Microsoft.Network/locations/centraluseuap/operations/d42329dd-8692-4397-bd9d-40ad213a128c?api-version=2020-11-01
      cache-control:
      - no-cache
      content-length:
      - '1481'
      content-type:
      - application/json; charset=utf-8
      date:
      - Wed, 24 Mar 2021 10:33:48 GMT
      expires:
      - '-1'
      pragma:
      - no-cache
      server:
      - Microsoft-HTTPAPI/2.0
      - Microsoft-HTTPAPI/2.0
      strict-transport-security:
      - max-age=31536000; includeSubDomains
      transfer-encoding:
      - chunked
      vary:
      - Accept-Encoding
      x-content-type-options:
      - nosniff
      x-ms-arm-service-request-id:
      - b8801b20-94d1-40de-9380-95dba1f0221e
      x-ms-ratelimit-remaining-subscription-writes:
      - '1199'
    status:
      code: 200
      message: OK
- request:
    body: null
    headers:
      Accept:
      - '*/*'
      Accept-Encoding:
      - gzip, deflate
      CommandName:
      - network vnet subnet create
      Connection:
      - keep-alive
      ParameterSetName:
      - --resource-group --vnet-name --name --address-prefixes
      User-Agent:
      - AZURECLI/2.21.0 azsdk-python-azure-mgmt-network/18.0.0 Python/3.7.9 (Windows-10-10.0.19041-SP0)
    method: GET
    uri: https://management.azure.com/subscriptions/00000000-0000-0000-0000-000000000000/providers/Microsoft.Network/locations/centraluseuap/operations/d42329dd-8692-4397-bd9d-40ad213a128c?api-version=2020-11-01
  response:
    body:
      string: "{\r\n  \"status\": \"Succeeded\"\r\n}"
    headers:
      cache-control:
      - no-cache
      content-length:
      - '29'
      content-type:
      - application/json; charset=utf-8
      date:
      - Wed, 24 Mar 2021 10:33:51 GMT
      expires:
      - '-1'
      pragma:
      - no-cache
      server:
      - Microsoft-HTTPAPI/2.0
      - Microsoft-HTTPAPI/2.0
      strict-transport-security:
      - max-age=31536000; includeSubDomains
      transfer-encoding:
      - chunked
      vary:
      - Accept-Encoding
      x-content-type-options:
      - nosniff
      x-ms-arm-service-request-id:
      - 675de2c2-b0dc-45e0-9c5a-4fac28b04ac2
    status:
      code: 200
      message: OK
- request:
    body: null
    headers:
      Accept:
      - '*/*'
      Accept-Encoding:
      - gzip, deflate
      CommandName:
      - network vnet subnet create
      Connection:
      - keep-alive
      ParameterSetName:
      - --resource-group --vnet-name --name --address-prefixes
      User-Agent:
      - AZURECLI/2.21.0 azsdk-python-azure-mgmt-network/18.0.0 Python/3.7.9 (Windows-10-10.0.19041-SP0)
    method: GET
    uri: https://management.azure.com/subscriptions/00000000-0000-0000-0000-000000000000/resourceGroups/cli_test_event_grid_pec000002/providers/Microsoft.Network/virtualNetworks/cli000003?api-version=2020-11-01
  response:
    body:
      string: "{\r\n  \"name\": \"cli000003\",\r\n  \"id\": \"/subscriptions/00000000-0000-0000-0000-000000000000/resourceGroups/cli_test_event_grid_pec000002/providers/Microsoft.Network/virtualNetworks/cli000003\",\r\n
        \ \"etag\": \"W/\\\"96f7169b-0ff9-41d9-93ce-4954ba496b3c\\\"\",\r\n  \"type\":
        \"Microsoft.Network/virtualNetworks\",\r\n  \"location\": \"centraluseuap\",\r\n
        \ \"tags\": {},\r\n  \"properties\": {\r\n    \"provisioningState\": \"Succeeded\",\r\n
        \   \"resourceGuid\": \"d0b29f8d-50ed-4e69-a76f-5ba703a97eba\",\r\n    \"addressSpace\":
        {\r\n      \"addressPrefixes\": [\r\n        \"10.0.0.0/16\"\r\n      ]\r\n
        \   },\r\n    \"dhcpOptions\": {\r\n      \"dnsServers\": []\r\n    },\r\n
        \   \"subnets\": [\r\n      {\r\n        \"name\": \"cli000004\",\r\n        \"id\":
        \"/subscriptions/00000000-0000-0000-0000-000000000000/resourceGroups/cli_test_event_grid_pec000002/providers/Microsoft.Network/virtualNetworks/cli000003/subnets/cli000004\",\r\n
        \       \"etag\": \"W/\\\"96f7169b-0ff9-41d9-93ce-4954ba496b3c\\\"\",\r\n
        \       \"properties\": {\r\n          \"provisioningState\": \"Succeeded\",\r\n
        \         \"addressPrefix\": \"10.0.0.0/24\",\r\n          \"delegations\":
        [],\r\n          \"privateEndpointNetworkPolicies\": \"Enabled\",\r\n          \"privateLinkServiceNetworkPolicies\":
        \"Enabled\"\r\n        },\r\n        \"type\": \"Microsoft.Network/virtualNetworks/subnets\"\r\n
        \     }\r\n    ],\r\n    \"virtualNetworkPeerings\": [],\r\n    \"enableDdosProtection\":
        false\r\n  }\r\n}"
    headers:
      cache-control:
      - no-cache
      content-length:
      - '1483'
      content-type:
      - application/json; charset=utf-8
      date:
      - Wed, 24 Mar 2021 10:33:52 GMT
      etag:
      - W/"96f7169b-0ff9-41d9-93ce-4954ba496b3c"
      expires:
      - '-1'
      pragma:
      - no-cache
      server:
      - Microsoft-HTTPAPI/2.0
      - Microsoft-HTTPAPI/2.0
      strict-transport-security:
      - max-age=31536000; includeSubDomains
      transfer-encoding:
      - chunked
      vary:
      - Accept-Encoding
      x-content-type-options:
      - nosniff
      x-ms-arm-service-request-id:
      - 77dcee48-59cf-42cd-a286-6e822dd81274
    status:
      code: 200
      message: OK
- request:
    body: null
    headers:
      Accept:
      - application/json
      Accept-Encoding:
      - gzip, deflate
      CommandName:
      - network vnet subnet update
      Connection:
      - keep-alive
      ParameterSetName:
      - --resource-group --vnet-name --name --disable-private-endpoint-network-policies
      User-Agent:
      - AZURECLI/2.21.0 azsdk-python-azure-mgmt-network/18.0.0 Python/3.7.9 (Windows-10-10.0.19041-SP0)
    method: GET
    uri: https://management.azure.com/subscriptions/00000000-0000-0000-0000-000000000000/resourceGroups/cli_test_event_grid_pec000002/providers/Microsoft.Network/virtualNetworks/cli000003/subnets/cli000004?api-version=2020-11-01
  response:
    body:
      string: "{\r\n  \"name\": \"cli000004\",\r\n  \"id\": \"/subscriptions/00000000-0000-0000-0000-000000000000/resourceGroups/cli_test_event_grid_pec000002/providers/Microsoft.Network/virtualNetworks/cli000003/subnets/cli000004\",\r\n
        \ \"etag\": \"W/\\\"96f7169b-0ff9-41d9-93ce-4954ba496b3c\\\"\",\r\n  \"properties\":
        {\r\n    \"provisioningState\": \"Succeeded\",\r\n    \"addressPrefix\": \"10.0.0.0/24\",\r\n
        \   \"delegations\": [],\r\n    \"privateEndpointNetworkPolicies\": \"Enabled\",\r\n
        \   \"privateLinkServiceNetworkPolicies\": \"Enabled\"\r\n  },\r\n  \"type\":
        \"Microsoft.Network/virtualNetworks/subnets\"\r\n}"
    headers:
      cache-control:
      - no-cache
      content-length:
      - '627'
      content-type:
      - application/json; charset=utf-8
      date:
      - Wed, 24 Mar 2021 10:33:52 GMT
      etag:
      - W/"96f7169b-0ff9-41d9-93ce-4954ba496b3c"
      expires:
      - '-1'
      pragma:
      - no-cache
      server:
      - Microsoft-HTTPAPI/2.0
      - Microsoft-HTTPAPI/2.0
      strict-transport-security:
      - max-age=31536000; includeSubDomains
      transfer-encoding:
      - chunked
      vary:
      - Accept-Encoding
      x-content-type-options:
      - nosniff
      x-ms-arm-service-request-id:
      - c31042ca-1a8c-404c-8297-b37ed5e8ba2b
    status:
      code: 200
      message: OK
- request:
    body: '{"id": "/subscriptions/00000000-0000-0000-0000-000000000000/resourceGroups/cli_test_event_grid_pec000002/providers/Microsoft.Network/virtualNetworks/cli000003/subnets/cli000004",
      "name": "cli000004", "properties": {"addressPrefix": "10.0.0.0/24", "delegations":
      [], "privateEndpointNetworkPolicies": "Disabled", "privateLinkServiceNetworkPolicies":
      "Enabled"}}'
    headers:
      Accept:
      - application/json
      Accept-Encoding:
      - gzip, deflate
      CommandName:
      - network vnet subnet update
      Connection:
      - keep-alive
      Content-Length:
      - '439'
      Content-Type:
      - application/json
      ParameterSetName:
      - --resource-group --vnet-name --name --disable-private-endpoint-network-policies
      User-Agent:
      - AZURECLI/2.21.0 azsdk-python-azure-mgmt-network/18.0.0 Python/3.7.9 (Windows-10-10.0.19041-SP0)
    method: PUT
    uri: https://management.azure.com/subscriptions/00000000-0000-0000-0000-000000000000/resourceGroups/cli_test_event_grid_pec000002/providers/Microsoft.Network/virtualNetworks/cli000003/subnets/cli000004?api-version=2020-11-01
  response:
    body:
      string: "{\r\n  \"name\": \"cli000004\",\r\n  \"id\": \"/subscriptions/00000000-0000-0000-0000-000000000000/resourceGroups/cli_test_event_grid_pec000002/providers/Microsoft.Network/virtualNetworks/cli000003/subnets/cli000004\",\r\n
        \ \"etag\": \"W/\\\"02f9f060-acb8-481f-ae40-4a0b81fa93ed\\\"\",\r\n  \"properties\":
        {\r\n    \"provisioningState\": \"Updating\",\r\n    \"addressPrefix\": \"10.0.0.0/24\",\r\n
        \   \"delegations\": [],\r\n    \"privateEndpointNetworkPolicies\": \"Disabled\",\r\n
        \   \"privateLinkServiceNetworkPolicies\": \"Enabled\"\r\n  },\r\n  \"type\":
        \"Microsoft.Network/virtualNetworks/subnets\"\r\n}"
    headers:
      azure-asyncoperation:
      - https://management.azure.com/subscriptions/00000000-0000-0000-0000-000000000000/providers/Microsoft.Network/locations/centraluseuap/operations/a7009855-5b8c-4853-b378-b977d5a913bc?api-version=2020-11-01
      cache-control:
      - no-cache
      content-length:
      - '627'
      content-type:
      - application/json; charset=utf-8
      date:
      - Wed, 24 Mar 2021 10:33:53 GMT
      expires:
      - '-1'
      pragma:
      - no-cache
      server:
      - Microsoft-HTTPAPI/2.0
      - Microsoft-HTTPAPI/2.0
      strict-transport-security:
      - max-age=31536000; includeSubDomains
      transfer-encoding:
      - chunked
      vary:
      - Accept-Encoding
      x-content-type-options:
      - nosniff
      x-ms-arm-service-request-id:
      - ac7d3e3b-0dcc-45dc-b7e1-3000d005f4ea
      x-ms-ratelimit-remaining-subscription-writes:
      - '1199'
    status:
      code: 200
      message: OK
- request:
    body: null
    headers:
      Accept:
      - '*/*'
      Accept-Encoding:
      - gzip, deflate
      CommandName:
      - network vnet subnet update
      Connection:
      - keep-alive
      ParameterSetName:
      - --resource-group --vnet-name --name --disable-private-endpoint-network-policies
      User-Agent:
      - AZURECLI/2.21.0 azsdk-python-azure-mgmt-network/18.0.0 Python/3.7.9 (Windows-10-10.0.19041-SP0)
    method: GET
    uri: https://management.azure.com/subscriptions/00000000-0000-0000-0000-000000000000/providers/Microsoft.Network/locations/centraluseuap/operations/a7009855-5b8c-4853-b378-b977d5a913bc?api-version=2020-11-01
  response:
    body:
      string: "{\r\n  \"status\": \"Succeeded\"\r\n}"
    headers:
      cache-control:
      - no-cache
      content-length:
      - '29'
      content-type:
      - application/json; charset=utf-8
      date:
      - Wed, 24 Mar 2021 10:33:57 GMT
      expires:
      - '-1'
      pragma:
      - no-cache
      server:
      - Microsoft-HTTPAPI/2.0
      - Microsoft-HTTPAPI/2.0
      strict-transport-security:
      - max-age=31536000; includeSubDomains
      transfer-encoding:
      - chunked
      vary:
      - Accept-Encoding
      x-content-type-options:
      - nosniff
      x-ms-arm-service-request-id:
      - 56e73032-5766-4132-ad8e-86d662dfe20f
    status:
      code: 200
      message: OK
- request:
    body: null
    headers:
      Accept:
      - '*/*'
      Accept-Encoding:
      - gzip, deflate
      CommandName:
      - network vnet subnet update
      Connection:
      - keep-alive
      ParameterSetName:
      - --resource-group --vnet-name --name --disable-private-endpoint-network-policies
      User-Agent:
      - AZURECLI/2.21.0 azsdk-python-azure-mgmt-network/18.0.0 Python/3.7.9 (Windows-10-10.0.19041-SP0)
    method: GET
    uri: https://management.azure.com/subscriptions/00000000-0000-0000-0000-000000000000/resourceGroups/cli_test_event_grid_pec000002/providers/Microsoft.Network/virtualNetworks/cli000003/subnets/cli000004?api-version=2020-11-01
  response:
    body:
      string: "{\r\n  \"name\": \"cli000004\",\r\n  \"id\": \"/subscriptions/00000000-0000-0000-0000-000000000000/resourceGroups/cli_test_event_grid_pec000002/providers/Microsoft.Network/virtualNetworks/cli000003/subnets/cli000004\",\r\n
        \ \"etag\": \"W/\\\"59541e7f-051f-49a1-9790-85512e667df9\\\"\",\r\n  \"properties\":
        {\r\n    \"provisioningState\": \"Succeeded\",\r\n    \"addressPrefix\": \"10.0.0.0/24\",\r\n
        \   \"delegations\": [],\r\n    \"privateEndpointNetworkPolicies\": \"Disabled\",\r\n
        \   \"privateLinkServiceNetworkPolicies\": \"Enabled\"\r\n  },\r\n  \"type\":
        \"Microsoft.Network/virtualNetworks/subnets\"\r\n}"
    headers:
      cache-control:
      - no-cache
      content-length:
      - '628'
      content-type:
      - application/json; charset=utf-8
      date:
      - Wed, 24 Mar 2021 10:33:57 GMT
      etag:
      - W/"59541e7f-051f-49a1-9790-85512e667df9"
      expires:
      - '-1'
      pragma:
      - no-cache
      server:
      - Microsoft-HTTPAPI/2.0
      - Microsoft-HTTPAPI/2.0
      strict-transport-security:
      - max-age=31536000; includeSubDomains
      transfer-encoding:
      - chunked
      vary:
      - Accept-Encoding
      x-content-type-options:
      - nosniff
      x-ms-arm-service-request-id:
      - 29b37f25-05aa-43cb-81a9-3800bc45e68d
    status:
      code: 200
      message: OK
- request:
    body: '{"location": "centraluseuap", "properties": {"inputSchema": "EventGridSchema",
      "publicNetworkAccess": "disabled"}, "sku": {"name": "Basic"}, "identity": {"type":
      "None"}}'
    headers:
      Accept:
      - application/json
      Accept-Encoding:
      - gzip, deflate
      CommandName:
      - eventgrid topic create
      Connection:
      - keep-alive
      Content-Length:
      - '170'
      Content-Type:
      - application/json; charset=utf-8
      ParameterSetName:
      - --name --resource-group --location --public-network-access
      User-Agent:
      - python/3.7.9 (Windows-10-10.0.19041-SP0) msrest/0.6.21 msrest_azure/0.6.3
        azure-mgmt-eventgrid/3.0.0rc9 Azure-SDK-For-Python AZURECLI/2.21.0
      accept-language:
      - en-US
    method: PUT
    uri: https://management.azure.com/subscriptions/00000000-0000-0000-0000-000000000000/resourceGroups/cli_test_event_grid_pec000001/providers/Microsoft.EventGrid/topics/cli000007?api-version=2020-10-15-preview
  response:
    body:
      string: '{"properties":{"provisioningState":"Creating","endpoint":null,"inputSchema":"EventGridSchema","publicNetworkAccess":"Disabled"},"sku":{"name":"Basic"},"identity":{"type":"None","principalId":null,"tenantId":null,"userAssignedIdentities":null},"systemData":null,"location":"centraluseuap","tags":null,"id":"/subscriptions/00000000-0000-0000-0000-000000000000/resourceGroups/cli_test_event_grid_pec000001/providers/Microsoft.EventGrid/topics/cli000007","name":"cli000007","type":"Microsoft.EventGrid/topics"}'
    headers:
      azure-asyncoperation:
      - https://management.azure.com:443/subscriptions/00000000-0000-0000-0000-000000000000/providers/Microsoft.EventGrid/locations/centraluseuap/operationsStatus/C0A47E37-0CC5-42E9-8570-DBA68DDED2C4?api-version=2020-10-15-preview
      cache-control:
      - no-cache
      content-length:
      - '614'
      content-type:
      - application/json; charset=utf-8
      date:
      - Wed, 24 Mar 2021 10:34:10 GMT
      expires:
      - '-1'
      pragma:
      - no-cache
      server:
      - Microsoft-HTTPAPI/2.0
      strict-transport-security:
      - max-age=31536000; includeSubDomains
      x-content-type-options:
      - nosniff
      x-ms-ratelimit-remaining-subscription-writes:
      - '1199'
    status:
      code: 201
      message: Created
- request:
    body: null
    headers:
      Accept:
      - application/json
      Accept-Encoding:
      - gzip, deflate
      CommandName:
      - eventgrid topic create
      Connection:
      - keep-alive
      ParameterSetName:
      - --name --resource-group --location --public-network-access
      User-Agent:
      - python/3.7.9 (Windows-10-10.0.19041-SP0) msrest/0.6.21 msrest_azure/0.6.3
        azure-mgmt-eventgrid/3.0.0rc9 Azure-SDK-For-Python AZURECLI/2.21.0
    method: GET
    uri: https://management.azure.com/subscriptions/00000000-0000-0000-0000-000000000000/providers/Microsoft.EventGrid/locations/centraluseuap/operationsStatus/C0A47E37-0CC5-42E9-8570-DBA68DDED2C4?api-version=2020-10-15-preview
  response:
    body:
      string: '{"id":"https://management.azure.com/subscriptions/00000000-0000-0000-0000-000000000000/providers/Microsoft.EventGrid/locations/centraluseuap/operationsStatus/C0A47E37-0CC5-42E9-8570-DBA68DDED2C4?api-version=2020-10-15-preview","name":"c0a47e37-0cc5-42e9-8570-dba68dded2c4","status":"Succeeded"}'
    headers:
      cache-control:
      - no-cache
      content-length:
      - '294'
      content-type:
      - application/json; charset=utf-8
      date:
      - Wed, 24 Mar 2021 10:34:21 GMT
      expires:
      - '-1'
      pragma:
      - no-cache
      server:
      - Microsoft-HTTPAPI/2.0
      strict-transport-security:
      - max-age=31536000; includeSubDomains
      transfer-encoding:
      - chunked
      vary:
      - Accept-Encoding
      x-content-type-options:
      - nosniff
    status:
      code: 200
      message: OK
- request:
    body: null
    headers:
      Accept:
      - application/json
      Accept-Encoding:
      - gzip, deflate
      CommandName:
      - eventgrid topic create
      Connection:
      - keep-alive
      ParameterSetName:
      - --name --resource-group --location --public-network-access
      User-Agent:
      - python/3.7.9 (Windows-10-10.0.19041-SP0) msrest/0.6.21 msrest_azure/0.6.3
        azure-mgmt-eventgrid/3.0.0rc9 Azure-SDK-For-Python AZURECLI/2.21.0
    method: GET
    uri: https://management.azure.com/subscriptions/00000000-0000-0000-0000-000000000000/resourceGroups/cli_test_event_grid_pec000001/providers/Microsoft.EventGrid/topics/cli000007?api-version=2020-10-15-preview
  response:
    body:
      string: '{"properties":{"provisioningState":"Succeeded","endpoint":"https://cli000007.centraluseuap-1.eventgrid.azure.net/api/events","inputSchema":"EventGridSchema","metricResourceId":"508413ac-7c4b-46bc-918b-7f62b52d20fa","publicNetworkAccess":"Disabled"},"sku":{"name":"Basic"},"identity":{"type":"None","principalId":null,"tenantId":null,"userAssignedIdentities":null},"kind":"Azure","systemData":null,"location":"centraluseuap","tags":null,"id":"/subscriptions/00000000-0000-0000-0000-000000000000/resourceGroups/cli_test_event_grid_pec000001/providers/Microsoft.EventGrid/topics/cli000007","name":"cli000007","type":"Microsoft.EventGrid/topics"}'
    headers:
      cache-control:
      - no-cache
      content-length:
      - '781'
      content-type:
      - application/json; charset=utf-8
      date:
      - Wed, 24 Mar 2021 10:34:21 GMT
      expires:
      - '-1'
      pragma:
      - no-cache
      server:
      - Microsoft-HTTPAPI/2.0
      strict-transport-security:
      - max-age=31536000; includeSubDomains
      transfer-encoding:
      - chunked
      vary:
      - Accept-Encoding
      x-content-type-options:
      - nosniff
    status:
      code: 200
      message: OK
- request:
    body: '{"location": "centraluseuap", "properties": {"subnet": {"id": "/subscriptions/00000000-0000-0000-0000-000000000000/resourceGroups/cli_test_event_grid_pec000002/providers/Microsoft.Network/virtualNetworks/cli000003/subnets/cli000004"},
      "privateLinkServiceConnections": [{"name": "cli000006", "properties": {"privateLinkServiceId":
      "/subscriptions/00000000-0000-0000-0000-000000000000/resourceGroups/cli_test_event_grid_pec000001/providers/Microsoft.EventGrid/topics/cli000007",
      "groupIds": ["topic"]}}]}}'
    headers:
      Accept:
      - application/json
      Accept-Encoding:
      - gzip, deflate
      CommandName:
      - network private-endpoint create
      Connection:
      - keep-alive
      Content-Length:
      - '659'
      Content-Type:
      - application/json
      ParameterSetName:
      - --resource-group --name --vnet-name --subnet --private-connection-resource-id
        --location --group-ids --connection-name
      User-Agent:
      - AZURECLI/2.21.0 azsdk-python-azure-mgmt-network/18.0.0 Python/3.7.9 (Windows-10-10.0.19041-SP0)
    method: PUT
    uri: https://management.azure.com/subscriptions/00000000-0000-0000-0000-000000000000/resourceGroups/cli_test_event_grid_pec000002/providers/Microsoft.Network/privateEndpoints/cli000005?api-version=2020-11-01
  response:
    body:
      string: "{\r\n  \"name\": \"cli000005\",\r\n  \"id\": \"/subscriptions/00000000-0000-0000-0000-000000000000/resourceGroups/cli_test_event_grid_pec000002/providers/Microsoft.Network/privateEndpoints/cli000005\",\r\n
        \ \"etag\": \"W/\\\"69c74d98-085c-493b-97ea-4dec6e69c851\\\"\",\r\n  \"type\":
        \"Microsoft.Network/privateEndpoints\",\r\n  \"location\": \"centraluseuap\",\r\n
        \ \"properties\": {\r\n    \"provisioningState\": \"Updating\",\r\n    \"resourceGuid\":
        \"5f8ef7c9-247f-4746-9088-d1828bb2fa7a\",\r\n    \"privateLinkServiceConnections\":
        [\r\n      {\r\n        \"name\": \"cli000006\",\r\n        \"id\": \"/subscriptions/00000000-0000-0000-0000-000000000000/resourceGroups/cli_test_event_grid_pec000002/providers/Microsoft.Network/privateEndpoints/cli000005/privateLinkServiceConnections/cli000006\",\r\n
        \       \"etag\": \"W/\\\"69c74d98-085c-493b-97ea-4dec6e69c851\\\"\",\r\n
        \       \"properties\": {\r\n          \"provisioningState\": \"Succeeded\",\r\n
        \         \"privateLinkServiceId\": \"/subscriptions/00000000-0000-0000-0000-000000000000/resourceGroups/cli_test_event_grid_pec000001/providers/Microsoft.EventGrid/topics/cli000007\",\r\n
        \         \"groupIds\": [\r\n            \"topic\"\r\n          ],\r\n          \"privateLinkServiceConnectionState\":
        {\r\n            \"status\": \"Approved\",\r\n            \"description\":
        \"\",\r\n            \"actionsRequired\": \"None\"\r\n          }\r\n        },\r\n
        \       \"type\": \"Microsoft.Network/privateEndpoints/privateLinkServiceConnections\"\r\n
        \     }\r\n    ],\r\n    \"manualPrivateLinkServiceConnections\": [],\r\n
        \   \"subnet\": {\r\n      \"id\": \"/subscriptions/00000000-0000-0000-0000-000000000000/resourceGroups/cli_test_event_grid_pec000002/providers/Microsoft.Network/virtualNetworks/cli000003/subnets/cli000004\"\r\n
        \   },\r\n    \"networkInterfaces\": [\r\n      {\r\n        \"id\": \"/subscriptions/00000000-0000-0000-0000-000000000000/resourceGroups/cli_test_event_grid_pec000002/providers/Microsoft.Network/networkInterfaces/cli000005.nic.424fc772-591d-42d8-a0dd-5352c94839d9\"\r\n
        \     }\r\n    ],\r\n    \"customDnsConfigs\": []\r\n  }\r\n}"
    headers:
      azure-asyncnotification:
      - Enabled
      azure-asyncoperation:
      - https://management.azure.com/subscriptions/00000000-0000-0000-0000-000000000000/providers/Microsoft.Network/locations/centraluseuap/operations/cb7a4201-31d9-4603-9341-921b544010ac?api-version=2020-11-01
      cache-control:
      - no-cache
      content-length:
      - '2298'
      content-type:
      - application/json; charset=utf-8
      date:
      - Wed, 24 Mar 2021 10:34:33 GMT
      expires:
      - '-1'
      pragma:
      - no-cache
      server:
      - Microsoft-HTTPAPI/2.0
      - Microsoft-HTTPAPI/2.0
      strict-transport-security:
      - max-age=31536000; includeSubDomains
      x-content-type-options:
      - nosniff
      x-ms-arm-service-request-id:
      - da32f08d-0085-451a-ba1e-65a8f65adab0
      x-ms-ratelimit-remaining-subscription-writes:
      - '1199'
    status:
      code: 201
      message: Created
- request:
    body: null
    headers:
      Accept:
      - '*/*'
      Accept-Encoding:
      - gzip, deflate
      CommandName:
      - network private-endpoint create
      Connection:
      - keep-alive
      ParameterSetName:
      - --resource-group --name --vnet-name --subnet --private-connection-resource-id
        --location --group-ids --connection-name
      User-Agent:
      - AZURECLI/2.21.0 azsdk-python-azure-mgmt-network/18.0.0 Python/3.7.9 (Windows-10-10.0.19041-SP0)
    method: GET
    uri: https://management.azure.com/subscriptions/00000000-0000-0000-0000-000000000000/providers/Microsoft.Network/locations/centraluseuap/operations/cb7a4201-31d9-4603-9341-921b544010ac?api-version=2020-11-01
  response:
    body:
      string: "{\r\n  \"status\": \"Succeeded\"\r\n}"
    headers:
      cache-control:
      - no-cache
      content-length:
      - '29'
      content-type:
      - application/json; charset=utf-8
      date:
      - Wed, 24 Mar 2021 10:34:43 GMT
      expires:
      - '-1'
      pragma:
      - no-cache
      server:
      - Microsoft-HTTPAPI/2.0
      - Microsoft-HTTPAPI/2.0
      strict-transport-security:
      - max-age=31536000; includeSubDomains
      transfer-encoding:
      - chunked
      vary:
      - Accept-Encoding
      x-content-type-options:
      - nosniff
      x-ms-arm-service-request-id:
      - c1642661-b1bd-4e6a-beb7-bb12cb2c53ec
    status:
      code: 200
      message: OK
- request:
    body: null
    headers:
      Accept:
      - '*/*'
      Accept-Encoding:
      - gzip, deflate
      CommandName:
      - network private-endpoint create
      Connection:
      - keep-alive
      ParameterSetName:
      - --resource-group --name --vnet-name --subnet --private-connection-resource-id
        --location --group-ids --connection-name
      User-Agent:
      - AZURECLI/2.21.0 azsdk-python-azure-mgmt-network/18.0.0 Python/3.7.9 (Windows-10-10.0.19041-SP0)
    method: GET
    uri: https://management.azure.com/subscriptions/00000000-0000-0000-0000-000000000000/resourceGroups/cli_test_event_grid_pec000002/providers/Microsoft.Network/privateEndpoints/cli000005?api-version=2020-11-01
  response:
    body:
      string: "{\r\n  \"name\": \"cli000005\",\r\n  \"id\": \"/subscriptions/00000000-0000-0000-0000-000000000000/resourceGroups/cli_test_event_grid_pec000002/providers/Microsoft.Network/privateEndpoints/cli000005\",\r\n
        \ \"etag\": \"W/\\\"65a745b9-a855-4138-b303-e2a9b8620aff\\\"\",\r\n  \"type\":
        \"Microsoft.Network/privateEndpoints\",\r\n  \"location\": \"centraluseuap\",\r\n
        \ \"properties\": {\r\n    \"provisioningState\": \"Succeeded\",\r\n    \"resourceGuid\":
        \"5f8ef7c9-247f-4746-9088-d1828bb2fa7a\",\r\n    \"privateLinkServiceConnections\":
        [\r\n      {\r\n        \"name\": \"cli000006\",\r\n        \"id\": \"/subscriptions/00000000-0000-0000-0000-000000000000/resourceGroups/cli_test_event_grid_pec000002/providers/Microsoft.Network/privateEndpoints/cli000005/privateLinkServiceConnections/cli000006\",\r\n
        \       \"etag\": \"W/\\\"65a745b9-a855-4138-b303-e2a9b8620aff\\\"\",\r\n
        \       \"properties\": {\r\n          \"provisioningState\": \"Succeeded\",\r\n
        \         \"privateLinkServiceId\": \"/subscriptions/00000000-0000-0000-0000-000000000000/resourceGroups/cli_test_event_grid_pec000001/providers/Microsoft.EventGrid/topics/cli000007\",\r\n
        \         \"groupIds\": [\r\n            \"topic\"\r\n          ],\r\n          \"privateLinkServiceConnectionState\":
        {\r\n            \"status\": \"Approved\",\r\n            \"description\":
        \"Auto-approved\",\r\n            \"actionsRequired\": \"None\"\r\n          }\r\n
        \       },\r\n        \"type\": \"Microsoft.Network/privateEndpoints/privateLinkServiceConnections\"\r\n
        \     }\r\n    ],\r\n    \"manualPrivateLinkServiceConnections\": [],\r\n
        \   \"subnet\": {\r\n      \"id\": \"/subscriptions/00000000-0000-0000-0000-000000000000/resourceGroups/cli_test_event_grid_pec000002/providers/Microsoft.Network/virtualNetworks/cli000003/subnets/cli000004\"\r\n
        \   },\r\n    \"networkInterfaces\": [\r\n      {\r\n        \"id\": \"/subscriptions/00000000-0000-0000-0000-000000000000/resourceGroups/cli_test_event_grid_pec000002/providers/Microsoft.Network/networkInterfaces/cli000005.nic.424fc772-591d-42d8-a0dd-5352c94839d9\"\r\n
        \     }\r\n    ],\r\n    \"customDnsConfigs\": [\r\n      {\r\n        \"fqdn\":
        \"cli000007.centraluseuap-1.eventgrid.azure.net\",\r\n        \"ipAddresses\":
        [\r\n          \"10.0.0.4\"\r\n        ]\r\n      }\r\n    ]\r\n  }\r\n}"
    headers:
      cache-control:
      - no-cache
      content-length:
      - '2492'
      content-type:
      - application/json; charset=utf-8
      date:
      - Wed, 24 Mar 2021 10:34:43 GMT
      etag:
      - W/"65a745b9-a855-4138-b303-e2a9b8620aff"
      expires:
      - '-1'
      pragma:
      - no-cache
      server:
      - Microsoft-HTTPAPI/2.0
      - Microsoft-HTTPAPI/2.0
      strict-transport-security:
      - max-age=31536000; includeSubDomains
      transfer-encoding:
      - chunked
      vary:
      - Accept-Encoding
      x-content-type-options:
      - nosniff
      x-ms-arm-service-request-id:
      - 1ba65ddd-62ca-4c3b-830d-56e7afac428a
    status:
      code: 200
      message: OK
- request:
    body: null
    headers:
      Accept:
      - application/json
      Accept-Encoding:
      - gzip, deflate
      CommandName:
      - eventgrid topic show
      Connection:
      - keep-alive
      ParameterSetName:
      - --name --resource-group
      User-Agent:
      - python/3.7.9 (Windows-10-10.0.19041-SP0) msrest/0.6.21 msrest_azure/0.6.3
        azure-mgmt-eventgrid/3.0.0rc9 Azure-SDK-For-Python AZURECLI/2.21.0
      accept-language:
      - en-US
    method: GET
    uri: https://management.azure.com/subscriptions/00000000-0000-0000-0000-000000000000/resourceGroups/cli_test_event_grid_pec000001/providers/Microsoft.EventGrid/topics/cli000007?api-version=2020-10-15-preview
  response:
    body:
      string: '{"properties":{"privateEndpointConnections":[{"properties":{"privateEndpoint":{"id":"/subscriptions/00000000-0000-0000-0000-000000000000/resourceGroups/cli_test_event_grid_pec000002/providers/Microsoft.Network/privateEndpoints/cli000005"},"groupIds":["topic"],"privateLinkServiceConnectionState":{"status":"Approved","description":"Auto-approved","actionsRequired":"None"},"provisioningState":"Succeeded"},"id":"/subscriptions/00000000-0000-0000-0000-000000000000/resourceGroups/cli_test_event_grid_pec000001/providers/Microsoft.EventGrid/topics/cli000007/privateEndpointConnections/cli000005.5f8ef7c9-247f-4746-9088-d1828bb2fa7a","name":"cli000005.5f8ef7c9-247f-4746-9088-d1828bb2fa7a","type":"Microsoft.EventGrid/topics/privateEndpointConnections"}],"provisioningState":"Succeeded","endpoint":"https://cli000007.centraluseuap-1.eventgrid.azure.net/api/events","inputSchema":"EventGridSchema","metricResourceId":"508413ac-7c4b-46bc-918b-7f62b52d20fa","publicNetworkAccess":"Disabled"},"sku":{"name":"Basic"},"identity":{"type":"None","principalId":null,"tenantId":null,"userAssignedIdentities":null},"kind":"Azure","systemData":null,"location":"centraluseuap","tags":null,"id":"/subscriptions/00000000-0000-0000-0000-000000000000/resourceGroups/cli_test_event_grid_pec000001/providers/Microsoft.EventGrid/topics/cli000007","name":"cli000007","type":"Microsoft.EventGrid/topics"}'
    headers:
      cache-control:
      - no-cache
      content-length:
      - '1674'
      content-type:
      - application/json; charset=utf-8
      date:
      - Wed, 24 Mar 2021 10:34:45 GMT
      expires:
      - '-1'
      pragma:
      - no-cache
      server:
      - Microsoft-HTTPAPI/2.0
      strict-transport-security:
      - max-age=31536000; includeSubDomains
      transfer-encoding:
      - chunked
      vary:
      - Accept-Encoding
      x-content-type-options:
      - nosniff
    status:
      code: 200
      message: OK
- request:
    body: null
    headers:
      Accept:
      - '*/*'
      Accept-Encoding:
      - gzip, deflate
      CommandName:
      - network private-endpoint-connection list
      Connection:
      - keep-alive
      ParameterSetName:
      - --resource-group --name --type
      User-Agent:
      - python/3.7.9 (Windows-10-10.0.19041-SP0) AZURECLI/2.21.0
    method: GET
    uri: https://management.azure.com/subscriptions/00000000-0000-0000-0000-000000000000/resourceGroups/cli_test_event_grid_pec000001/providers/Microsoft.EventGrid/topics/cli000007/privateEndpointConnections?api-version=2020-04-01-preview
  response:
    body:
      string: '{"value":[{"properties":{"privateEndpoint":{"id":"/subscriptions/00000000-0000-0000-0000-000000000000/resourceGroups/cli_test_event_grid_pec000002/providers/Microsoft.Network/privateEndpoints/cli000005"},"groupIds":["topic"],"privateLinkServiceConnectionState":{"status":"Approved","description":"Auto-approved","actionsRequired":"None"},"provisioningState":"Succeeded"},"id":"/subscriptions/00000000-0000-0000-0000-000000000000/resourceGroups/cli_test_event_grid_pec000001/providers/Microsoft.EventGrid/topics/cli000007/privateEndpointConnections/cli000005.5f8ef7c9-247f-4746-9088-d1828bb2fa7a","name":"cli000005.5f8ef7c9-247f-4746-9088-d1828bb2fa7a","type":"Microsoft.EventGrid/topics/privateEndpointConnections"}]}'
    headers:
      cache-control:
      - no-cache
      content-length:
      - '873'
      content-type:
      - application/json; charset=utf-8
      date:
      - Wed, 24 Mar 2021 10:34:46 GMT
      expires:
      - '-1'
      pragma:
      - no-cache
      server:
      - Microsoft-HTTPAPI/2.0
      strict-transport-security:
      - max-age=31536000; includeSubDomains
      transfer-encoding:
      - chunked
      vary:
      - Accept-Encoding
      x-content-type-options:
      - nosniff
    status:
      code: 200
      message: OK
- request:
    body: null
    headers:
      Accept:
      - '*/*'
      Accept-Encoding:
      - gzip, deflate
      CommandName:
      - network private-endpoint-connection show
      Connection:
      - keep-alive
      ParameterSetName:
      - --resource-group --resource-name --name --type
      User-Agent:
      - python/3.7.9 (Windows-10-10.0.19041-SP0) AZURECLI/2.21.0
    method: GET
    uri: https://management.azure.com/subscriptions/00000000-0000-0000-0000-000000000000/resourceGroups/cli_test_event_grid_pec000001/providers/Microsoft.EventGrid/topics/cli000007/privateEndpointConnections/cli000005.5f8ef7c9-247f-4746-9088-d1828bb2fa7a?api-version=2020-04-01-preview
  response:
    body:
      string: '{"properties":{"privateEndpoint":{"id":"/subscriptions/00000000-0000-0000-0000-000000000000/resourceGroups/cli_test_event_grid_pec000002/providers/Microsoft.Network/privateEndpoints/cli000005"},"groupIds":["topic"],"privateLinkServiceConnectionState":{"status":"Approved","description":"Auto-approved","actionsRequired":"None"},"provisioningState":"Succeeded"},"id":"/subscriptions/00000000-0000-0000-0000-000000000000/resourceGroups/cli_test_event_grid_pec000001/providers/Microsoft.EventGrid/topics/cli000007/privateEndpointConnections/cli000005.5f8ef7c9-247f-4746-9088-d1828bb2fa7a","name":"cli000005.5f8ef7c9-247f-4746-9088-d1828bb2fa7a","type":"Microsoft.EventGrid/topics/privateEndpointConnections"}'
    headers:
      cache-control:
      - no-cache
      content-length:
      - '861'
      content-type:
      - application/json; charset=utf-8
      date:
      - Wed, 24 Mar 2021 10:34:49 GMT
      expires:
      - '-1'
      pragma:
      - no-cache
      server:
      - Microsoft-HTTPAPI/2.0
      strict-transport-security:
      - max-age=31536000; includeSubDomains
      transfer-encoding:
      - chunked
      vary:
      - Accept-Encoding
      x-content-type-options:
      - nosniff
    status:
      code: 200
      message: OK
- request:
    body: null
    headers:
      Accept:
      - '*/*'
      Accept-Encoding:
      - gzip, deflate
      CommandName:
      - network private-endpoint-connection approve
      Connection:
      - keep-alive
      ParameterSetName:
      - --resource-group --resource-name --name --type --description
      User-Agent:
      - python/3.7.9 (Windows-10-10.0.19041-SP0) AZURECLI/2.21.0
    method: GET
    uri: https://management.azure.com/subscriptions/00000000-0000-0000-0000-000000000000/resourceGroups/cli_test_event_grid_pec000001/providers/Microsoft.EventGrid/topics/cli000007/privateEndpointConnections/cli000005.5f8ef7c9-247f-4746-9088-d1828bb2fa7a?api-version=2020-04-01-preview
  response:
    body:
      string: '{"properties":{"privateEndpoint":{"id":"/subscriptions/00000000-0000-0000-0000-000000000000/resourceGroups/cli_test_event_grid_pec000002/providers/Microsoft.Network/privateEndpoints/cli000005"},"groupIds":["topic"],"privateLinkServiceConnectionState":{"status":"Approved","description":"Auto-approved","actionsRequired":"None"},"provisioningState":"Succeeded"},"id":"/subscriptions/00000000-0000-0000-0000-000000000000/resourceGroups/cli_test_event_grid_pec000001/providers/Microsoft.EventGrid/topics/cli000007/privateEndpointConnections/cli000005.5f8ef7c9-247f-4746-9088-d1828bb2fa7a","name":"cli000005.5f8ef7c9-247f-4746-9088-d1828bb2fa7a","type":"Microsoft.EventGrid/topics/privateEndpointConnections"}'
    headers:
      cache-control:
      - no-cache
      content-length:
      - '861'
      content-type:
      - application/json; charset=utf-8
      date:
      - Wed, 24 Mar 2021 10:34:50 GMT
      expires:
      - '-1'
      pragma:
      - no-cache
      server:
      - Microsoft-HTTPAPI/2.0
      strict-transport-security:
      - max-age=31536000; includeSubDomains
      transfer-encoding:
      - chunked
      vary:
      - Accept-Encoding
      x-content-type-options:
      - nosniff
    status:
      code: 200
      message: OK
- request:
    body: '{"properties": {"privateEndpoint": {"id": "/subscriptions/00000000-0000-0000-0000-000000000000/resourceGroups/cli_test_event_grid_pec000002/providers/Microsoft.Network/privateEndpoints/cli000005"},
      "groupIds": ["topic"], "privateLinkServiceConnectionState": {"status": "Approved",
      "description": "You are approved!", "actionsRequired": "None"}, "provisioningState":
      "Succeeded"}, "id": "/subscriptions/00000000-0000-0000-0000-000000000000/resourceGroups/cli_test_event_grid_pec000001/providers/Microsoft.EventGrid/topics/cli000007/privateEndpointConnections/cli000005.5f8ef7c9-247f-4746-9088-d1828bb2fa7a",
      "name": "cli000005.5f8ef7c9-247f-4746-9088-d1828bb2fa7a", "type": "Microsoft.EventGrid/topics/privateEndpointConnections"}'
    headers:
      Accept:
      - '*/*'
      Accept-Encoding:
      - gzip, deflate
      CommandName:
      - network private-endpoint-connection approve
      Connection:
      - keep-alive
      Content-Length:
      - '885'
      Content-Type:
      - application/json
      ParameterSetName:
      - --resource-group --resource-name --name --type --description
      User-Agent:
      - python/3.7.9 (Windows-10-10.0.19041-SP0) AZURECLI/2.21.0
    method: PUT
    uri: https://management.azure.com/subscriptions/00000000-0000-0000-0000-000000000000/resourceGroups/cli_test_event_grid_pec000001/providers/Microsoft.EventGrid/topics/cli000007/privateEndpointConnections/cli000005.5f8ef7c9-247f-4746-9088-d1828bb2fa7a?api-version=2020-04-01-preview
  response:
    body:
      string: '{"properties":{"privateEndpoint":null,"groupIds":null,"privateLinkServiceConnectionState":{"status":"Approved","description":"You
        are approved!","actionsRequired":"None"},"provisioningState":"Updating"},"id":"/subscriptions/00000000-0000-0000-0000-000000000000/resourceGroups/cli_test_event_grid_pec000001/providers/Microsoft.EventGrid/topics/cli000007/privateEndpointConnections/cli000005.5f8ef7c9-247f-4746-9088-d1828bb2fa7a","name":"cli000005.5f8ef7c9-247f-4746-9088-d1828bb2fa7a","type":"Microsoft.EventGrid/topics/privateEndpointConnections"}'
    headers:
      azure-asyncoperation:
      - https://management.azure.com:443/subscriptions/00000000-0000-0000-0000-000000000000/providers/Microsoft.EventGrid/locations/centraluseuap/operationsStatus/8C509C79-671D-434A-9034-F92715D1EDE0?api-version=2020-04-01-preview
      cache-control:
      - no-cache
      content-length:
      - '646'
      content-type:
      - application/json; charset=utf-8
      date:
      - Wed, 24 Mar 2021 10:34:51 GMT
      expires:
      - '-1'
      pragma:
      - no-cache
      server:
      - Microsoft-HTTPAPI/2.0
      strict-transport-security:
      - max-age=31536000; includeSubDomains
      x-content-type-options:
      - nosniff
      x-ms-ratelimit-remaining-subscription-writes:
      - '1198'
    status:
      code: 201
      message: Created
- request:
    body: null
    headers:
      Accept:
      - '*/*'
      Accept-Encoding:
      - gzip, deflate
      CommandName:
      - network private-endpoint-connection approve
      Connection:
      - keep-alive
      ParameterSetName:
      - --resource-group --resource-name --name --type --description
      User-Agent:
      - python/3.7.9 (Windows-10-10.0.19041-SP0) AZURECLI/2.21.0
    method: GET
    uri: https://management.azure.com/subscriptions/00000000-0000-0000-0000-000000000000/resourceGroups/cli_test_event_grid_pec000001/providers/Microsoft.EventGrid/topics/cli000007/privateEndpointConnections/cli000005.5f8ef7c9-247f-4746-9088-d1828bb2fa7a?api-version=2020-04-01-preview
  response:
    body:
      string: '{"properties":{"privateEndpoint":{"id":"/subscriptions/00000000-0000-0000-0000-000000000000/resourceGroups/cli_test_event_grid_pec000002/providers/Microsoft.Network/privateEndpoints/cli000005"},"groupIds":["topic"],"privateLinkServiceConnectionState":{"status":"Approved","description":"You
        are approved!","actionsRequired":"None"},"provisioningState":"Succeeded"},"id":"/subscriptions/00000000-0000-0000-0000-000000000000/resourceGroups/cli_test_event_grid_pec000001/providers/Microsoft.EventGrid/topics/cli000007/privateEndpointConnections/cli000005.5f8ef7c9-247f-4746-9088-d1828bb2fa7a","name":"cli000005.5f8ef7c9-247f-4746-9088-d1828bb2fa7a","type":"Microsoft.EventGrid/topics/privateEndpointConnections"}'
    headers:
      cache-control:
      - no-cache
      content-length:
      - '865'
      content-type:
      - application/json; charset=utf-8
      date:
      - Wed, 24 Mar 2021 10:35:02 GMT
      expires:
      - '-1'
      pragma:
      - no-cache
      server:
      - Microsoft-HTTPAPI/2.0
      strict-transport-security:
      - max-age=31536000; includeSubDomains
      transfer-encoding:
      - chunked
      vary:
      - Accept-Encoding
      x-content-type-options:
      - nosniff
    status:
      code: 200
      message: OK
- request:
    body: null
    headers:
      Accept:
      - '*/*'
      Accept-Encoding:
      - gzip, deflate
      CommandName:
      - network private-endpoint-connection reject
      Connection:
      - keep-alive
      ParameterSetName:
      - --resource-group --resource-name --name --type --description
      User-Agent:
      - python/3.7.9 (Windows-10-10.0.19041-SP0) AZURECLI/2.21.0
    method: GET
    uri: https://management.azure.com/subscriptions/00000000-0000-0000-0000-000000000000/resourceGroups/cli_test_event_grid_pec000001/providers/Microsoft.EventGrid/topics/cli000007/privateEndpointConnections/cli000005.5f8ef7c9-247f-4746-9088-d1828bb2fa7a?api-version=2020-04-01-preview
  response:
    body:
      string: '{"properties":{"privateEndpoint":{"id":"/subscriptions/00000000-0000-0000-0000-000000000000/resourceGroups/cli_test_event_grid_pec000002/providers/Microsoft.Network/privateEndpoints/cli000005"},"groupIds":["topic"],"privateLinkServiceConnectionState":{"status":"Approved","description":"You
        are approved!","actionsRequired":"None"},"provisioningState":"Succeeded"},"id":"/subscriptions/00000000-0000-0000-0000-000000000000/resourceGroups/cli_test_event_grid_pec000001/providers/Microsoft.EventGrid/topics/cli000007/privateEndpointConnections/cli000005.5f8ef7c9-247f-4746-9088-d1828bb2fa7a","name":"cli000005.5f8ef7c9-247f-4746-9088-d1828bb2fa7a","type":"Microsoft.EventGrid/topics/privateEndpointConnections"}'
    headers:
      cache-control:
      - no-cache
      content-length:
      - '865'
      content-type:
      - application/json; charset=utf-8
      date:
      - Wed, 24 Mar 2021 10:35:04 GMT
      expires:
      - '-1'
      pragma:
      - no-cache
      server:
      - Microsoft-HTTPAPI/2.0
      strict-transport-security:
      - max-age=31536000; includeSubDomains
      transfer-encoding:
      - chunked
      vary:
      - Accept-Encoding
      x-content-type-options:
      - nosniff
    status:
      code: 200
      message: OK
- request:
    body: '{"properties": {"privateEndpoint": {"id": "/subscriptions/00000000-0000-0000-0000-000000000000/resourceGroups/cli_test_event_grid_pec000002/providers/Microsoft.Network/privateEndpoints/cli000005"},
      "groupIds": ["topic"], "privateLinkServiceConnectionState": {"status": "Rejected",
      "description": "You are rejected!", "actionsRequired": "None"}, "provisioningState":
      "Succeeded"}, "id": "/subscriptions/00000000-0000-0000-0000-000000000000/resourceGroups/cli_test_event_grid_pec000001/providers/Microsoft.EventGrid/topics/cli000007/privateEndpointConnections/cli000005.5f8ef7c9-247f-4746-9088-d1828bb2fa7a",
      "name": "cli000005.5f8ef7c9-247f-4746-9088-d1828bb2fa7a", "type": "Microsoft.EventGrid/topics/privateEndpointConnections"}'
    headers:
      Accept:
      - '*/*'
      Accept-Encoding:
      - gzip, deflate
      CommandName:
      - network private-endpoint-connection reject
      Connection:
      - keep-alive
      Content-Length:
      - '885'
      Content-Type:
      - application/json
      ParameterSetName:
      - --resource-group --resource-name --name --type --description
      User-Agent:
      - python/3.7.9 (Windows-10-10.0.19041-SP0) AZURECLI/2.21.0
    method: PUT
    uri: https://management.azure.com/subscriptions/00000000-0000-0000-0000-000000000000/resourceGroups/cli_test_event_grid_pec000001/providers/Microsoft.EventGrid/topics/cli000007/privateEndpointConnections/cli000005.5f8ef7c9-247f-4746-9088-d1828bb2fa7a?api-version=2020-04-01-preview
  response:
    body:
      string: '{"properties":{"privateEndpoint":null,"groupIds":null,"privateLinkServiceConnectionState":{"status":"Rejected","description":"You
        are rejected!","actionsRequired":"None"},"provisioningState":"Updating"},"id":"/subscriptions/00000000-0000-0000-0000-000000000000/resourceGroups/cli_test_event_grid_pec000001/providers/Microsoft.EventGrid/topics/cli000007/privateEndpointConnections/cli000005.5f8ef7c9-247f-4746-9088-d1828bb2fa7a","name":"cli000005.5f8ef7c9-247f-4746-9088-d1828bb2fa7a","type":"Microsoft.EventGrid/topics/privateEndpointConnections"}'
    headers:
      azure-asyncoperation:
      - https://management.azure.com:443/subscriptions/00000000-0000-0000-0000-000000000000/providers/Microsoft.EventGrid/locations/centraluseuap/operationsStatus/0FABA02F-BA14-4788-ABD6-EFD960AE6E81?api-version=2020-04-01-preview
      cache-control:
      - no-cache
      content-length:
      - '646'
      content-type:
      - application/json; charset=utf-8
      date:
      - Wed, 24 Mar 2021 10:35:06 GMT
      expires:
      - '-1'
      pragma:
      - no-cache
      server:
      - Microsoft-HTTPAPI/2.0
      strict-transport-security:
      - max-age=31536000; includeSubDomains
      x-content-type-options:
      - nosniff
      x-ms-ratelimit-remaining-subscription-writes:
      - '1199'
    status:
      code: 201
      message: Created
- request:
    body: null
    headers:
      Accept:
      - '*/*'
      Accept-Encoding:
      - gzip, deflate
      CommandName:
      - network private-endpoint-connection reject
      Connection:
      - keep-alive
      ParameterSetName:
      - --resource-group --resource-name --name --type --description
      User-Agent:
      - python/3.7.9 (Windows-10-10.0.19041-SP0) AZURECLI/2.21.0
    method: GET
    uri: https://management.azure.com/subscriptions/00000000-0000-0000-0000-000000000000/resourceGroups/cli_test_event_grid_pec000001/providers/Microsoft.EventGrid/topics/cli000007/privateEndpointConnections/cli000005.5f8ef7c9-247f-4746-9088-d1828bb2fa7a?api-version=2020-04-01-preview
  response:
    body:
      string: '{"properties":{"privateEndpoint":{"id":"/subscriptions/00000000-0000-0000-0000-000000000000/resourceGroups/cli_test_event_grid_pec000002/providers/Microsoft.Network/privateEndpoints/cli000005"},"groupIds":["topic"],"privateLinkServiceConnectionState":{"status":"Rejected","description":"You
        are rejected!","actionsRequired":"None"},"provisioningState":"Succeeded"},"id":"/subscriptions/00000000-0000-0000-0000-000000000000/resourceGroups/cli_test_event_grid_pec000001/providers/Microsoft.EventGrid/topics/cli000007/privateEndpointConnections/cli000005.5f8ef7c9-247f-4746-9088-d1828bb2fa7a","name":"cli000005.5f8ef7c9-247f-4746-9088-d1828bb2fa7a","type":"Microsoft.EventGrid/topics/privateEndpointConnections"}'
    headers:
      cache-control:
      - no-cache
      content-length:
      - '865'
      content-type:
      - application/json; charset=utf-8
      date:
      - Wed, 24 Mar 2021 10:35:18 GMT
      expires:
      - '-1'
      pragma:
      - no-cache
      server:
      - Microsoft-HTTPAPI/2.0
      strict-transport-security:
      - max-age=31536000; includeSubDomains
      transfer-encoding:
      - chunked
      vary:
      - Accept-Encoding
      x-content-type-options:
      - nosniff
    status:
      code: 200
      message: OK
- request:
    body: null
    headers:
      Accept:
      - '*/*'
      Accept-Encoding:
      - gzip, deflate
      CommandName:
      - network private-endpoint-connection delete
      Connection:
      - keep-alive
      Content-Length:
      - '0'
      ParameterSetName:
      - --resource-group --resource-name --name --type -y
      User-Agent:
      - python/3.7.9 (Windows-10-10.0.19041-SP0) AZURECLI/2.21.0
    method: DELETE
    uri: https://management.azure.com/subscriptions/00000000-0000-0000-0000-000000000000/resourceGroups/cli_test_event_grid_pec000001/providers/Microsoft.EventGrid/topics/cli000007/privateEndpointConnections/cli000005.5f8ef7c9-247f-4746-9088-d1828bb2fa7a?api-version=2020-04-01-preview
  response:
    body:
      string: ''
    headers:
      azure-asyncoperation:
      - https://management.azure.com:443/subscriptions/00000000-0000-0000-0000-000000000000/providers/Microsoft.EventGrid/locations/centraluseuap/operationsStatus/0238CC34-A14F-4783-915D-5A9DF43E5DA1?api-version=2020-04-01-preview
      cache-control:
      - no-cache
      content-length:
      - '0'
      date:
      - Wed, 24 Mar 2021 10:35:20 GMT
      expires:
      - '-1'
      location:
      - https://management.azure.com/subscriptions/00000000-0000-0000-0000-000000000000/providers/Microsoft.EventGrid/locations/centraluseuap/operationResults/0238CC34-A14F-4783-915D-5A9DF43E5DA1?api-version=2020-04-01-preview
      pragma:
      - no-cache
      server:
      - Microsoft-HTTPAPI/2.0
      strict-transport-security:
      - max-age=31536000; includeSubDomains
      x-content-type-options:
      - nosniff
      x-ms-ratelimit-remaining-subscription-deletes:
      - '14999'
    status:
      code: 202
      message: Accepted
- request:
    body: null
    headers:
      Accept:
      - application/json
      Accept-Encoding:
      - gzip, deflate
      CommandName:
      - network private-endpoint delete
      Connection:
      - keep-alive
      Content-Length:
      - '0'
      ParameterSetName:
      - --resource-group --name
      User-Agent:
      - AZURECLI/2.21.0 azsdk-python-azure-mgmt-network/18.0.0 Python/3.7.9 (Windows-10-10.0.19041-SP0)
    method: DELETE
    uri: https://management.azure.com/subscriptions/00000000-0000-0000-0000-000000000000/resourceGroups/cli_test_event_grid_pec000002/providers/Microsoft.Network/privateEndpoints/cli000005?api-version=2020-11-01
  response:
    body:
      string: ''
    headers:
      azure-asyncnotification:
      - Enabled
      azure-asyncoperation:
      - https://management.azure.com/subscriptions/00000000-0000-0000-0000-000000000000/providers/Microsoft.Network/locations/centraluseuap/operations/a7e39fbd-5f71-48ce-bf4c-c47967cb3ef9?api-version=2020-11-01
      cache-control:
      - no-cache
      content-length:
      - '0'
      date:
      - Wed, 24 Mar 2021 10:35:22 GMT
      expires:
      - '-1'
      location:
      - https://management.azure.com/subscriptions/00000000-0000-0000-0000-000000000000/providers/Microsoft.Network/locations/centraluseuap/operationResults/a7e39fbd-5f71-48ce-bf4c-c47967cb3ef9?api-version=2020-11-01
      pragma:
      - no-cache
      server:
      - Microsoft-HTTPAPI/2.0
      - Microsoft-HTTPAPI/2.0
      strict-transport-security:
      - max-age=31536000; includeSubDomains
      x-content-type-options:
      - nosniff
      x-ms-arm-service-request-id:
      - 1316e98c-01a9-46b4-8597-c51587d7daa7
      x-ms-ratelimit-remaining-subscription-deletes:
      - '14999'
    status:
      code: 202
      message: Accepted
- request:
    body: null
    headers:
      Accept:
      - '*/*'
      Accept-Encoding:
      - gzip, deflate
      CommandName:
      - network private-endpoint delete
      Connection:
      - keep-alive
      ParameterSetName:
      - --resource-group --name
      User-Agent:
      - AZURECLI/2.21.0 azsdk-python-azure-mgmt-network/18.0.0 Python/3.7.9 (Windows-10-10.0.19041-SP0)
    method: GET
    uri: https://management.azure.com/subscriptions/00000000-0000-0000-0000-000000000000/providers/Microsoft.Network/locations/centraluseuap/operations/a7e39fbd-5f71-48ce-bf4c-c47967cb3ef9?api-version=2020-11-01
  response:
    body:
      string: "{\r\n  \"status\": \"Succeeded\"\r\n}"
    headers:
      cache-control:
      - no-cache
      content-length:
      - '29'
      content-type:
      - application/json; charset=utf-8
      date:
      - Wed, 24 Mar 2021 10:35:32 GMT
      expires:
      - '-1'
      pragma:
      - no-cache
      server:
      - Microsoft-HTTPAPI/2.0
      - Microsoft-HTTPAPI/2.0
      strict-transport-security:
      - max-age=31536000; includeSubDomains
      transfer-encoding:
      - chunked
      vary:
      - Accept-Encoding
      x-content-type-options:
      - nosniff
      x-ms-arm-service-request-id:
      - 08c25ee4-6fe9-4794-b4f2-5c42a55ddcbf
    status:
      code: 200
      message: OK
- request:
    body: null
    headers:
      Accept:
      - application/json
      Accept-Encoding:
      - gzip, deflate
      CommandName:
      - network vnet subnet delete
      Connection:
      - keep-alive
      Content-Length:
      - '0'
      ParameterSetName:
      - --resource-group --vnet-name --name
      User-Agent:
      - AZURECLI/2.21.0 azsdk-python-azure-mgmt-network/18.0.0 Python/3.7.9 (Windows-10-10.0.19041-SP0)
    method: DELETE
    uri: https://management.azure.com/subscriptions/00000000-0000-0000-0000-000000000000/resourceGroups/cli_test_event_grid_pec000002/providers/Microsoft.Network/virtualNetworks/cli000003/subnets/cli000004?api-version=2020-11-01
  response:
    body:
      string: ''
    headers:
      azure-asyncoperation:
      - https://management.azure.com/subscriptions/00000000-0000-0000-0000-000000000000/providers/Microsoft.Network/locations/centraluseuap/operations/c08432c5-0178-4fa4-ab17-523fa84604ad?api-version=2020-11-01
      cache-control:
      - no-cache
      content-length:
      - '0'
      date:
      - Wed, 24 Mar 2021 10:35:33 GMT
      expires:
      - '-1'
      location:
      - https://management.azure.com/subscriptions/00000000-0000-0000-0000-000000000000/providers/Microsoft.Network/locations/centraluseuap/operationResults/c08432c5-0178-4fa4-ab17-523fa84604ad?api-version=2020-11-01
      pragma:
      - no-cache
      server:
      - Microsoft-HTTPAPI/2.0
      - Microsoft-HTTPAPI/2.0
      strict-transport-security:
      - max-age=31536000; includeSubDomains
      x-content-type-options:
      - nosniff
      x-ms-arm-service-request-id:
      - 291fef7e-4888-40c4-977c-c200052dd3a1
      x-ms-ratelimit-remaining-subscription-deletes:
      - '14999'
    status:
      code: 202
      message: Accepted
- request:
    body: null
    headers:
      Accept:
      - '*/*'
      Accept-Encoding:
      - gzip, deflate
      CommandName:
      - network vnet subnet delete
      Connection:
      - keep-alive
      ParameterSetName:
      - --resource-group --vnet-name --name
      User-Agent:
      - AZURECLI/2.21.0 azsdk-python-azure-mgmt-network/18.0.0 Python/3.7.9 (Windows-10-10.0.19041-SP0)
    method: GET
    uri: https://management.azure.com/subscriptions/00000000-0000-0000-0000-000000000000/providers/Microsoft.Network/locations/centraluseuap/operations/c08432c5-0178-4fa4-ab17-523fa84604ad?api-version=2020-11-01
  response:
    body:
      string: "{\r\n  \"status\": \"Succeeded\"\r\n}"
    headers:
      cache-control:
      - no-cache
      content-length:
      - '29'
      content-type:
      - application/json; charset=utf-8
      date:
      - Wed, 24 Mar 2021 10:35:44 GMT
      expires:
      - '-1'
      pragma:
      - no-cache
      server:
      - Microsoft-HTTPAPI/2.0
      - Microsoft-HTTPAPI/2.0
      strict-transport-security:
      - max-age=31536000; includeSubDomains
      transfer-encoding:
      - chunked
      vary:
      - Accept-Encoding
      x-content-type-options:
      - nosniff
      x-ms-arm-service-request-id:
      - cc37acfd-8608-4f22-be9d-76065f1bbb9b
    status:
      code: 200
      message: OK
- request:
    body: null
    headers:
      Accept:
      - application/json
      Accept-Encoding:
      - gzip, deflate
      CommandName:
      - network vnet delete
      Connection:
      - keep-alive
      Content-Length:
      - '0'
      ParameterSetName:
      - --resource-group --name
      User-Agent:
      - AZURECLI/2.21.0 azsdk-python-azure-mgmt-network/18.0.0 Python/3.7.9 (Windows-10-10.0.19041-SP0)
    method: DELETE
    uri: https://management.azure.com/subscriptions/00000000-0000-0000-0000-000000000000/resourceGroups/cli_test_event_grid_pec000002/providers/Microsoft.Network/virtualNetworks/cli000003?api-version=2020-11-01
  response:
    body:
      string: ''
    headers:
      azure-asyncnotification:
      - Enabled
      azure-asyncoperation:
      - https://management.azure.com/subscriptions/00000000-0000-0000-0000-000000000000/providers/Microsoft.Network/locations/centraluseuap/operations/6ee366ad-aea7-4206-a32e-8d612cf1cd73?api-version=2020-11-01
      cache-control:
      - no-cache
      content-length:
      - '0'
      date:
      - Wed, 24 Mar 2021 10:35:47 GMT
      expires:
      - '-1'
      location:
      - https://management.azure.com/subscriptions/00000000-0000-0000-0000-000000000000/providers/Microsoft.Network/locations/centraluseuap/operationResults/6ee366ad-aea7-4206-a32e-8d612cf1cd73?api-version=2020-11-01
      pragma:
      - no-cache
      server:
      - Microsoft-HTTPAPI/2.0
      - Microsoft-HTTPAPI/2.0
      strict-transport-security:
      - max-age=31536000; includeSubDomains
      x-content-type-options:
      - nosniff
      x-ms-arm-service-request-id:
      - 2caa42f6-ef4d-4d35-9c8c-ba074c54123a
      x-ms-ratelimit-remaining-subscription-deletes:
      - '14999'
    status:
      code: 202
      message: Accepted
- request:
    body: null
    headers:
      Accept:
      - '*/*'
      Accept-Encoding:
      - gzip, deflate
      CommandName:
      - network vnet delete
      Connection:
      - keep-alive
      ParameterSetName:
      - --resource-group --name
      User-Agent:
      - AZURECLI/2.21.0 azsdk-python-azure-mgmt-network/18.0.0 Python/3.7.9 (Windows-10-10.0.19041-SP0)
    method: GET
    uri: https://management.azure.com/subscriptions/00000000-0000-0000-0000-000000000000/providers/Microsoft.Network/locations/centraluseuap/operations/6ee366ad-aea7-4206-a32e-8d612cf1cd73?api-version=2020-11-01
  response:
    body:
      string: "{\r\n  \"status\": \"Succeeded\"\r\n}"
    headers:
      cache-control:
      - no-cache
      content-length:
      - '29'
      content-type:
      - application/json; charset=utf-8
      date:
      - Wed, 24 Mar 2021 10:35:58 GMT
      expires:
      - '-1'
      pragma:
      - no-cache
      server:
      - Microsoft-HTTPAPI/2.0
      - Microsoft-HTTPAPI/2.0
      strict-transport-security:
      - max-age=31536000; includeSubDomains
      transfer-encoding:
      - chunked
      vary:
      - Accept-Encoding
      x-content-type-options:
      - nosniff
      x-ms-arm-service-request-id:
      - 2c3c0a3b-db42-43fe-8172-0ad4fd30be6d
    status:
      code: 200
      message: OK
- request:
    body: null
    headers:
      Accept:
      - application/json
      Accept-Encoding:
      - gzip, deflate
      CommandName:
      - eventgrid topic delete
      Connection:
      - keep-alive
      Content-Length:
      - '0'
      ParameterSetName:
      - --name --resource-group
      User-Agent:
      - python/3.7.9 (Windows-10-10.0.19041-SP0) msrest/0.6.21 msrest_azure/0.6.3
        azure-mgmt-eventgrid/3.0.0rc9 Azure-SDK-For-Python AZURECLI/2.21.0
      accept-language:
      - en-US
    method: DELETE
    uri: https://management.azure.com/subscriptions/00000000-0000-0000-0000-000000000000/resourceGroups/cli_test_event_grid_pec000001/providers/Microsoft.EventGrid/topics/cli000007?api-version=2020-10-15-preview
  response:
    body:
      string: ''
    headers:
      azure-asyncoperation:
      - https://management.azure.com:443/subscriptions/00000000-0000-0000-0000-000000000000/providers/Microsoft.EventGrid/locations/centraluseuap/operationsStatus/444DE311-AC84-4F64-804C-7FB47ED52D8A?api-version=2020-10-15-preview
      cache-control:
      - no-cache
      content-length:
      - '0'
      date:
      - Wed, 24 Mar 2021 10:36:01 GMT
      expires:
      - '-1'
      location:
      - https://management.azure.com/subscriptions/00000000-0000-0000-0000-000000000000/providers/Microsoft.EventGrid/locations/centraluseuap/operationResults/444DE311-AC84-4F64-804C-7FB47ED52D8A?api-version=2020-10-15-preview
      pragma:
      - no-cache
      server:
      - Microsoft-HTTPAPI/2.0
      strict-transport-security:
      - max-age=31536000; includeSubDomains
      x-content-type-options:
      - nosniff
      x-ms-ratelimit-remaining-subscription-deletes:
      - '14999'
    status:
      code: 202
      message: Accepted
- request:
    body: null
    headers:
      Accept:
      - application/json
      Accept-Encoding:
      - gzip, deflate
      CommandName:
      - eventgrid topic delete
      Connection:
      - keep-alive
      ParameterSetName:
      - --name --resource-group
      User-Agent:
      - python/3.7.9 (Windows-10-10.0.19041-SP0) msrest/0.6.21 msrest_azure/0.6.3
        azure-mgmt-eventgrid/3.0.0rc9 Azure-SDK-For-Python AZURECLI/2.21.0
    method: GET
    uri: https://management.azure.com/subscriptions/00000000-0000-0000-0000-000000000000/providers/Microsoft.EventGrid/locations/centraluseuap/operationsStatus/444DE311-AC84-4F64-804C-7FB47ED52D8A?api-version=2020-10-15-preview
  response:
    body:
      string: '{"id":"https://management.azure.com/subscriptions/00000000-0000-0000-0000-000000000000/providers/Microsoft.EventGrid/locations/centraluseuap/operationsStatus/444DE311-AC84-4F64-804C-7FB47ED52D8A?api-version=2020-10-15-preview","name":"444de311-ac84-4f64-804c-7fb47ed52d8a","status":"Succeeded"}'
    headers:
      cache-control:
      - no-cache
      content-length:
      - '294'
      content-type:
      - application/json; charset=utf-8
      date:
      - Wed, 24 Mar 2021 10:36:13 GMT
      expires:
      - '-1'
      pragma:
      - no-cache
      server:
      - Microsoft-HTTPAPI/2.0
      strict-transport-security:
      - max-age=31536000; includeSubDomains
      transfer-encoding:
      - chunked
      vary:
      - Accept-Encoding
      x-content-type-options:
      - nosniff
    status:
      code: 200
      message: OK
version: 1
