interactions:
- request:
    body: null
    headers:
      Accept:
      - application/json
      Accept-Encoding:
      - gzip, deflate
      CommandName:
      - network public-ip prefix create
      Connection:
      - keep-alive
      ParameterSetName:
      - -g -n --length
      User-Agent:
      - AZURECLI/2.45.0 azsdk-python-azure-mgmt-resource/22.0.0 Python/3.10.9 (Windows-10-10.0.22621-SP0)
    method: GET
    uri: https://management.azure.com/subscriptions/00000000-0000-0000-0000-000000000000/resourcegroups/cli_test_network_public_ip_prefix000001?api-version=2022-09-01
  response:
    body:
      string: '{"id":"/subscriptions/00000000-0000-0000-0000-000000000000/resourceGroups/cli_test_network_public_ip_prefix000001","name":"cli_test_network_public_ip_prefix000001","type":"Microsoft.Resources/resourceGroups","location":"eastus2","tags":{"product":"azurecli","cause":"automation","date":"2023-02-16T09:48:22Z"},"properties":{"provisioningState":"Succeeded"}}'
    headers:
      cache-control:
      - no-cache
      content-length:
      - '357'
      content-type:
      - application/json; charset=utf-8
      date:
      - Thu, 16 Feb 2023 09:48:26 GMT
      expires:
      - '-1'
      pragma:
      - no-cache
      strict-transport-security:
      - max-age=31536000; includeSubDomains
      vary:
      - Accept-Encoding
      x-content-type-options:
      - nosniff
    status:
      code: 200
      message: OK
- request:
    body: '{"location": "eastus2", "properties": {"prefixLength": 30, "publicIPAddressVersion":
      "IPv4"}, "sku": {"name": "Standard"}}'
    headers:
      Accept:
      - application/json
      Accept-Encoding:
      - gzip, deflate
      CommandName:
      - network public-ip prefix create
      Connection:
      - keep-alive
      Content-Length:
      - '122'
      Content-Type:
      - application/json
      ParameterSetName:
      - -g -n --length
      User-Agent:
      - AZURECLI/2.45.0 (AAZ) azsdk-python-core/1.24.0 Python/3.10.9 (Windows-10-10.0.22621-SP0)
    method: PUT
    uri: https://management.azure.com/subscriptions/00000000-0000-0000-0000-000000000000/resourceGroups/cli_test_network_public_ip_prefix000001/providers/Microsoft.Network/publicIPPrefixes/prefix1?api-version=2022-01-01
  response:
    body:
      string: "{\r\n  \"name\": \"prefix1\",\r\n  \"id\": \"/subscriptions/00000000-0000-0000-0000-000000000000/resourceGroups/cli_test_network_public_ip_prefix000001/providers/Microsoft.Network/publicIPPrefixes/prefix1\"\
        ,\r\n  \"etag\": \"W/\\\"7c6e048c-ebe2-40a3-a645-080997bf210d\\\"\",\r\n \
        \ \"type\": \"Microsoft.Network/publicIPPrefixes\",\r\n  \"location\": \"\
        eastus2\",\r\n  \"properties\": {\r\n    \"provisioningState\": \"Updating\"\
        ,\r\n    \"resourceGuid\": \"25ae18d3-f9f9-49a2-a78d-62be59e9d850\",\r\n \
        \   \"prefixLength\": 30,\r\n    \"publicIPAddressVersion\": \"IPv4\",\r\n\
        \    \"ipTags\": []\r\n  },\r\n  \"sku\": {\r\n    \"name\": \"Standard\"\
        ,\r\n    \"tier\": \"Regional\"\r\n  }\r\n}"
    headers:
      azure-asyncnotification:
      - Enabled
      azure-asyncoperation:
      - https://management.azure.com/subscriptions/00000000-0000-0000-0000-000000000000/providers/Microsoft.Network/locations/eastus2/operations/dbac6fff-dd4b-49fe-afaf-ea16b14fb4e6?api-version=2022-01-01
      cache-control:
      - no-cache
      content-length:
      - '602'
      content-type:
      - application/json; charset=utf-8
      date:
      - Thu, 16 Feb 2023 09:48:33 GMT
      expires:
      - '-1'
      pragma:
      - no-cache
      server:
      - Microsoft-HTTPAPI/2.0
      - Microsoft-HTTPAPI/2.0
      strict-transport-security:
      - max-age=31536000; includeSubDomains
      x-content-type-options:
      - nosniff
      x-ms-arm-service-request-id:
      - db4dc807-f27f-46eb-8307-0e33237bd262
      x-ms-ratelimit-remaining-subscription-writes:
      - '1199'
    status:
      code: 201
      message: ''
- request:
    body: null
    headers:
      Accept:
      - '*/*'
      Accept-Encoding:
      - gzip, deflate
      CommandName:
      - network public-ip prefix create
      Connection:
      - keep-alive
      ParameterSetName:
      - -g -n --length
      User-Agent:
      - AZURECLI/2.45.0 (AAZ) azsdk-python-core/1.24.0 Python/3.10.9 (Windows-10-10.0.22621-SP0)
    method: GET
    uri: https://management.azure.com/subscriptions/00000000-0000-0000-0000-000000000000/providers/Microsoft.Network/locations/eastus2/operations/dbac6fff-dd4b-49fe-afaf-ea16b14fb4e6?api-version=2022-01-01
  response:
    body:
      string: "{\r\n  \"status\": \"Succeeded\"\r\n}"
    headers:
      cache-control:
      - no-cache
      content-length:
      - '29'
      content-type:
      - application/json; charset=utf-8
      date:
      - Thu, 16 Feb 2023 09:48:37 GMT
      expires:
      - '-1'
      pragma:
      - no-cache
      server:
      - Microsoft-HTTPAPI/2.0
      - Microsoft-HTTPAPI/2.0
      strict-transport-security:
      - max-age=31536000; includeSubDomains
      transfer-encoding:
      - chunked
      vary:
      - Accept-Encoding
      x-content-type-options:
      - nosniff
      x-ms-arm-service-request-id:
      - fde1bcff-618e-47ce-888a-7424271cc888
    status:
      code: 200
      message: OK
- request:
    body: null
    headers:
      Accept:
      - '*/*'
      Accept-Encoding:
      - gzip, deflate
      CommandName:
      - network public-ip prefix create
      Connection:
      - keep-alive
      ParameterSetName:
      - -g -n --length
      User-Agent:
      - AZURECLI/2.45.0 (AAZ) azsdk-python-core/1.24.0 Python/3.10.9 (Windows-10-10.0.22621-SP0)
    method: GET
    uri: https://management.azure.com/subscriptions/00000000-0000-0000-0000-000000000000/resourceGroups/cli_test_network_public_ip_prefix000001/providers/Microsoft.Network/publicIPPrefixes/prefix1?api-version=2022-01-01
  response:
    body:
      string: "{\r\n  \"name\": \"prefix1\",\r\n  \"id\": \"/subscriptions/00000000-0000-0000-0000-000000000000/resourceGroups/cli_test_network_public_ip_prefix000001/providers/Microsoft.Network/publicIPPrefixes/prefix1\"\
        ,\r\n  \"etag\": \"W/\\\"03e2cf48-ce75-4fa5-95d4-5d81210ae9af\\\"\",\r\n \
        \ \"type\": \"Microsoft.Network/publicIPPrefixes\",\r\n  \"location\": \"\
        eastus2\",\r\n  \"properties\": {\r\n    \"provisioningState\": \"Succeeded\"\
        ,\r\n    \"resourceGuid\": \"25ae18d3-f9f9-49a2-a78d-62be59e9d850\",\r\n \
        \   \"prefixLength\": 30,\r\n    \"publicIPAddressVersion\": \"IPv4\",\r\n\
        \    \"ipPrefix\": \"20.230.3.192/30\",\r\n    \"ipTags\": []\r\n  },\r\n\
        \  \"sku\": {\r\n    \"name\": \"Standard\",\r\n    \"tier\": \"Regional\"\
        \r\n  }\r\n}"
    headers:
      cache-control:
      - no-cache
      content-length:
      - '639'
      content-type:
      - application/json; charset=utf-8
      date:
      - Thu, 16 Feb 2023 09:48:37 GMT
      etag:
      - W/"03e2cf48-ce75-4fa5-95d4-5d81210ae9af"
      expires:
      - '-1'
      pragma:
      - no-cache
      server:
      - Microsoft-HTTPAPI/2.0
      - Microsoft-HTTPAPI/2.0
      strict-transport-security:
      - max-age=31536000; includeSubDomains
      transfer-encoding:
      - chunked
      vary:
      - Accept-Encoding
      x-content-type-options:
      - nosniff
      x-ms-arm-service-request-id:
      - ef826a35-6f21-48ce-86a4-a83d1f23cb81
    status:
      code: 200
      message: OK
- request:
    body: null
    headers:
      Accept:
      - application/json
      Accept-Encoding:
      - gzip, deflate
      CommandName:
      - network public-ip prefix update
      Connection:
      - keep-alive
      ParameterSetName:
      - -g -n --tags
      User-Agent:
      - AZURECLI/2.45.0 (AAZ) azsdk-python-core/1.24.0 Python/3.10.9 (Windows-10-10.0.22621-SP0)
    method: GET
    uri: https://management.azure.com/subscriptions/00000000-0000-0000-0000-000000000000/resourceGroups/cli_test_network_public_ip_prefix000001/providers/Microsoft.Network/publicIPPrefixes/prefix1?api-version=2022-01-01
  response:
    body:
      string: "{\r\n  \"name\": \"prefix1\",\r\n  \"id\": \"/subscriptions/00000000-0000-0000-0000-000000000000/resourceGroups/cli_test_network_public_ip_prefix000001/providers/Microsoft.Network/publicIPPrefixes/prefix1\"\
        ,\r\n  \"etag\": \"W/\\\"03e2cf48-ce75-4fa5-95d4-5d81210ae9af\\\"\",\r\n \
        \ \"type\": \"Microsoft.Network/publicIPPrefixes\",\r\n  \"location\": \"\
        eastus2\",\r\n  \"properties\": {\r\n    \"provisioningState\": \"Succeeded\"\
        ,\r\n    \"resourceGuid\": \"25ae18d3-f9f9-49a2-a78d-62be59e9d850\",\r\n \
        \   \"prefixLength\": 30,\r\n    \"publicIPAddressVersion\": \"IPv4\",\r\n\
        \    \"ipPrefix\": \"20.230.3.192/30\",\r\n    \"ipTags\": []\r\n  },\r\n\
        \  \"sku\": {\r\n    \"name\": \"Standard\",\r\n    \"tier\": \"Regional\"\
        \r\n  }\r\n}"
    headers:
      cache-control:
      - no-cache
      content-length:
      - '639'
      content-type:
      - application/json; charset=utf-8
      date:
      - Thu, 16 Feb 2023 09:48:40 GMT
      etag:
      - W/"03e2cf48-ce75-4fa5-95d4-5d81210ae9af"
      expires:
      - '-1'
      pragma:
      - no-cache
      server:
      - Microsoft-HTTPAPI/2.0
      - Microsoft-HTTPAPI/2.0
      strict-transport-security:
      - max-age=31536000; includeSubDomains
      transfer-encoding:
      - chunked
      vary:
      - Accept-Encoding
      x-content-type-options:
      - nosniff
      x-ms-arm-service-request-id:
      - 5f14cf1e-89e5-44e1-8695-8257de4a03f0
    status:
      code: 200
      message: ''
- request:
    body: '{"id": "/subscriptions/00000000-0000-0000-0000-000000000000/resourceGroups/cli_test_network_public_ip_prefix000001/providers/Microsoft.Network/publicIPPrefixes/prefix1",
      "location": "eastus2", "properties": {"ipTags": [], "prefixLength": 30, "publicIPAddressVersion":
      "IPv4"}, "sku": {"name": "Standard", "tier": "Regional"}, "tags": {"foo": "doo"}}'
    headers:
      Accept:
      - application/json
      Accept-Encoding:
      - gzip, deflate
      CommandName:
      - network public-ip prefix update
      Connection:
      - keep-alive
      Content-Length:
      - '349'
      Content-Type:
      - application/json
      ParameterSetName:
      - -g -n --tags
      User-Agent:
      - AZURECLI/2.45.0 (AAZ) azsdk-python-core/1.24.0 Python/3.10.9 (Windows-10-10.0.22621-SP0)
    method: PUT
    uri: https://management.azure.com/subscriptions/00000000-0000-0000-0000-000000000000/resourceGroups/cli_test_network_public_ip_prefix000001/providers/Microsoft.Network/publicIPPrefixes/prefix1?api-version=2022-01-01
  response:
    body:
      string: "{\r\n  \"name\": \"prefix1\",\r\n  \"id\": \"/subscriptions/00000000-0000-0000-0000-000000000000/resourceGroups/cli_test_network_public_ip_prefix000001/providers/Microsoft.Network/publicIPPrefixes/prefix1\"\
        ,\r\n  \"etag\": \"W/\\\"477f3705-93c1-4933-9826-ff15eb1b87b6\\\"\",\r\n \
        \ \"type\": \"Microsoft.Network/publicIPPrefixes\",\r\n  \"location\": \"\
        eastus2\",\r\n  \"tags\": {\r\n    \"foo\": \"doo\"\r\n  },\r\n  \"properties\"\
        : {\r\n    \"provisioningState\": \"Succeeded\",\r\n    \"resourceGuid\":\
        \ \"25ae18d3-f9f9-49a2-a78d-62be59e9d850\",\r\n    \"prefixLength\": 30,\r\
        \n    \"publicIPAddressVersion\": \"IPv4\",\r\n    \"ipPrefix\": \"20.230.3.192/30\"\
        ,\r\n    \"ipTags\": []\r\n  },\r\n  \"sku\": {\r\n    \"name\": \"Standard\"\
        ,\r\n    \"tier\": \"Regional\"\r\n  }\r\n}"
    headers:
      azure-asyncnotification:
      - Enabled
      azure-asyncoperation:
      - https://management.azure.com/subscriptions/00000000-0000-0000-0000-000000000000/providers/Microsoft.Network/locations/eastus2/operations/991951c1-e147-474f-9572-e55dcdfb0d36?api-version=2022-01-01
      cache-control:
      - no-cache
      content-length:
      - '676'
      content-type:
      - application/json; charset=utf-8
      date:
      - Thu, 16 Feb 2023 09:48:44 GMT
      expires:
      - '-1'
      pragma:
      - no-cache
      server:
      - Microsoft-HTTPAPI/2.0
      - Microsoft-HTTPAPI/2.0
      strict-transport-security:
      - max-age=31536000; includeSubDomains
      transfer-encoding:
      - chunked
      vary:
      - Accept-Encoding
      x-content-type-options:
      - nosniff
      x-ms-arm-service-request-id:
      - af1f7535-62a1-489b-a974-a09cfb6f088a
      x-ms-ratelimit-remaining-subscription-writes:
      - '1197'
    status:
      code: 200
      message: ''
- request:
    body: null
    headers:
      Accept:
      - '*/*'
      Accept-Encoding:
      - gzip, deflate
      CommandName:
      - network public-ip prefix update
      Connection:
      - keep-alive
      ParameterSetName:
      - -g -n --tags
      User-Agent:
      - AZURECLI/2.45.0 (AAZ) azsdk-python-core/1.24.0 Python/3.10.9 (Windows-10-10.0.22621-SP0)
    method: GET
    uri: https://management.azure.com/subscriptions/00000000-0000-0000-0000-000000000000/providers/Microsoft.Network/locations/eastus2/operations/991951c1-e147-474f-9572-e55dcdfb0d36?api-version=2022-01-01
  response:
    body:
      string: "{\r\n  \"status\": \"Succeeded\"\r\n}"
    headers:
      cache-control:
      - no-cache
      content-length:
      - '29'
      content-type:
      - application/json; charset=utf-8
      date:
      - Thu, 16 Feb 2023 09:49:15 GMT
      expires:
      - '-1'
      pragma:
      - no-cache
      server:
      - Microsoft-HTTPAPI/2.0
      - Microsoft-HTTPAPI/2.0
      strict-transport-security:
      - max-age=31536000; includeSubDomains
      transfer-encoding:
      - chunked
      vary:
      - Accept-Encoding
      x-content-type-options:
      - nosniff
      x-ms-arm-service-request-id:
      - b72018c3-ebfe-44b5-b5e8-7673204329fd
    status:
      code: 200
      message: OK
- request:
    body: null
    headers:
      Accept:
      - '*/*'
      Accept-Encoding:
      - gzip, deflate
      CommandName:
      - network public-ip prefix update
      Connection:
      - keep-alive
      ParameterSetName:
      - -g -n --tags
      User-Agent:
      - AZURECLI/2.45.0 (AAZ) azsdk-python-core/1.24.0 Python/3.10.9 (Windows-10-10.0.22621-SP0)
    method: GET
    uri: https://management.azure.com/subscriptions/00000000-0000-0000-0000-000000000000/resourceGroups/cli_test_network_public_ip_prefix000001/providers/Microsoft.Network/publicIPPrefixes/prefix1?api-version=2022-01-01
  response:
    body:
      string: "{\r\n  \"name\": \"prefix1\",\r\n  \"id\": \"/subscriptions/00000000-0000-0000-0000-000000000000/resourceGroups/cli_test_network_public_ip_prefix000001/providers/Microsoft.Network/publicIPPrefixes/prefix1\"\
        ,\r\n  \"etag\": \"W/\\\"477f3705-93c1-4933-9826-ff15eb1b87b6\\\"\",\r\n \
        \ \"type\": \"Microsoft.Network/publicIPPrefixes\",\r\n  \"location\": \"\
        eastus2\",\r\n  \"tags\": {\r\n    \"foo\": \"doo\"\r\n  },\r\n  \"properties\"\
        : {\r\n    \"provisioningState\": \"Succeeded\",\r\n    \"resourceGuid\":\
        \ \"25ae18d3-f9f9-49a2-a78d-62be59e9d850\",\r\n    \"prefixLength\": 30,\r\
        \n    \"publicIPAddressVersion\": \"IPv4\",\r\n    \"ipPrefix\": \"20.230.3.192/30\"\
        ,\r\n    \"ipTags\": []\r\n  },\r\n  \"sku\": {\r\n    \"name\": \"Standard\"\
        ,\r\n    \"tier\": \"Regional\"\r\n  }\r\n}"
    headers:
      cache-control:
      - no-cache
      content-length:
      - '676'
      content-type:
      - application/json; charset=utf-8
      date:
      - Thu, 16 Feb 2023 09:49:16 GMT
      etag:
      - W/"477f3705-93c1-4933-9826-ff15eb1b87b6"
      expires:
      - '-1'
      pragma:
      - no-cache
      server:
      - Microsoft-HTTPAPI/2.0
      - Microsoft-HTTPAPI/2.0
      strict-transport-security:
      - max-age=31536000; includeSubDomains
      transfer-encoding:
      - chunked
      vary:
      - Accept-Encoding
      x-content-type-options:
      - nosniff
      x-ms-arm-service-request-id:
      - 145a7aaa-77ae-4227-b2cd-6aacabd9bd4e
    status:
      code: 200
      message: OK
- request:
    body: null
    headers:
      Accept:
      - application/json
      Accept-Encoding:
      - gzip, deflate
      CommandName:
      - network public-ip prefix show
      Connection:
      - keep-alive
      ParameterSetName:
      - -g -n
      User-Agent:
      - AZURECLI/2.45.0 (AAZ) azsdk-python-core/1.24.0 Python/3.10.9 (Windows-10-10.0.22621-SP0)
    method: GET
    uri: https://management.azure.com/subscriptions/00000000-0000-0000-0000-000000000000/resourceGroups/cli_test_network_public_ip_prefix000001/providers/Microsoft.Network/publicIPPrefixes/prefix1?api-version=2022-01-01
  response:
    body:
      string: "{\r\n  \"name\": \"prefix1\",\r\n  \"id\": \"/subscriptions/00000000-0000-0000-0000-000000000000/resourceGroups/cli_test_network_public_ip_prefix000001/providers/Microsoft.Network/publicIPPrefixes/prefix1\"\
        ,\r\n  \"etag\": \"W/\\\"477f3705-93c1-4933-9826-ff15eb1b87b6\\\"\",\r\n \
        \ \"type\": \"Microsoft.Network/publicIPPrefixes\",\r\n  \"location\": \"\
        eastus2\",\r\n  \"tags\": {\r\n    \"foo\": \"doo\"\r\n  },\r\n  \"properties\"\
        : {\r\n    \"provisioningState\": \"Succeeded\",\r\n    \"resourceGuid\":\
        \ \"25ae18d3-f9f9-49a2-a78d-62be59e9d850\",\r\n    \"prefixLength\": 30,\r\
        \n    \"publicIPAddressVersion\": \"IPv4\",\r\n    \"ipPrefix\": \"20.230.3.192/30\"\
        ,\r\n    \"ipTags\": []\r\n  },\r\n  \"sku\": {\r\n    \"name\": \"Standard\"\
        ,\r\n    \"tier\": \"Regional\"\r\n  }\r\n}"
    headers:
      cache-control:
      - no-cache
      content-length:
      - '676'
      content-type:
      - application/json; charset=utf-8
      date:
      - Thu, 16 Feb 2023 09:49:18 GMT
      etag:
      - W/"477f3705-93c1-4933-9826-ff15eb1b87b6"
      expires:
      - '-1'
      pragma:
      - no-cache
      server:
      - Microsoft-HTTPAPI/2.0
      - Microsoft-HTTPAPI/2.0
      strict-transport-security:
      - max-age=31536000; includeSubDomains
      transfer-encoding:
      - chunked
      vary:
      - Accept-Encoding
      x-content-type-options:
      - nosniff
      x-ms-arm-service-request-id:
      - f594e880-a9b4-4c02-ad4e-be621d24fcb6
    status:
      code: 200
      message: OK
- request:
    body: null
    headers:
      Accept:
      - application/json
      Accept-Encoding:
      - gzip, deflate
      CommandName:
      - network public-ip prefix list
      Connection:
      - keep-alive
      ParameterSetName:
      - -g
      User-Agent:
      - AZURECLI/2.45.0 (AAZ) azsdk-python-core/1.24.0 Python/3.10.9 (Windows-10-10.0.22621-SP0)
    method: GET
    uri: https://management.azure.com/subscriptions/00000000-0000-0000-0000-000000000000/resourceGroups/cli_test_network_public_ip_prefix000001/providers/Microsoft.Network/publicIPPrefixes?api-version=2022-01-01
  response:
    body:
      string: "{\r\n  \"value\": [\r\n    {\r\n      \"name\": \"prefix1\",\r\n  \
        \    \"id\": \"/subscriptions/00000000-0000-0000-0000-000000000000/resourceGroups/cli_test_network_public_ip_prefix000001/providers/Microsoft.Network/publicIPPrefixes/prefix1\"\
        ,\r\n      \"etag\": \"W/\\\"477f3705-93c1-4933-9826-ff15eb1b87b6\\\"\",\r\
        \n      \"type\": \"Microsoft.Network/publicIPPrefixes\",\r\n      \"location\"\
        : \"eastus2\",\r\n      \"tags\": {\r\n        \"foo\": \"doo\"\r\n      },\r\
        \n      \"properties\": {\r\n        \"provisioningState\": \"Succeeded\"\
        ,\r\n        \"resourceGuid\": \"25ae18d3-f9f9-49a2-a78d-62be59e9d850\",\r\
        \n        \"prefixLength\": 30,\r\n        \"publicIPAddressVersion\": \"\
        IPv4\",\r\n        \"ipPrefix\": \"20.230.3.192/30\",\r\n        \"ipTags\"\
        : []\r\n      },\r\n      \"sku\": {\r\n        \"name\": \"Standard\",\r\n\
        \        \"tier\": \"Regional\"\r\n      }\r\n    }\r\n  ]\r\n}"
    headers:
      cache-control:
      - no-cache
      content-length:
      - '789'
      content-type:
      - application/json; charset=utf-8
      date:
      - Thu, 16 Feb 2023 09:49:20 GMT
      expires:
      - '-1'
      pragma:
      - no-cache
      server:
      - Microsoft-HTTPAPI/2.0
      - Microsoft-HTTPAPI/2.0
      strict-transport-security:
      - max-age=31536000; includeSubDomains
      transfer-encoding:
      - chunked
      vary:
      - Accept-Encoding
      x-content-type-options:
      - nosniff
      x-ms-arm-service-request-id:
      - a1fb1af3-2f1b-4990-a69d-f0eaa3f315c5
    status:
      code: 200
      message: ''
- request:
    body: null
    headers:
      Accept:
      - '*/*'
      Accept-Encoding:
      - gzip, deflate
      CommandName:
      - network public-ip prefix delete
      Connection:
      - keep-alive
      Content-Length:
      - '0'
      ParameterSetName:
      - -g -n
      User-Agent:
      - AZURECLI/2.45.0 (AAZ) azsdk-python-core/1.24.0 Python/3.10.9 (Windows-10-10.0.22621-SP0)
    method: DELETE
    uri: https://management.azure.com/subscriptions/00000000-0000-0000-0000-000000000000/resourceGroups/cli_test_network_public_ip_prefix000001/providers/Microsoft.Network/publicIPPrefixes/prefix1?api-version=2022-01-01
  response:
    body:
      string: ''
    headers:
      azure-asyncnotification:
      - Enabled
      azure-asyncoperation:
      - https://management.azure.com/subscriptions/00000000-0000-0000-0000-000000000000/providers/Microsoft.Network/locations/eastus2/operations/0dda91c4-9772-4a59-9e06-2574492517f8?api-version=2022-01-01
      cache-control:
      - no-cache
      content-length:
      - '0'
      date:
      - Thu, 16 Feb 2023 09:49:22 GMT
      expires:
      - '-1'
      location:
      - https://management.azure.com/subscriptions/00000000-0000-0000-0000-000000000000/providers/Microsoft.Network/locations/eastus2/operationResults/0dda91c4-9772-4a59-9e06-2574492517f8?api-version=2022-01-01
      pragma:
      - no-cache
      server:
      - Microsoft-HTTPAPI/2.0
      - Microsoft-HTTPAPI/2.0
      strict-transport-security:
      - max-age=31536000; includeSubDomains
      x-content-type-options:
      - nosniff
      x-ms-arm-service-request-id:
      - efc5797f-4211-4bf6-86d0-f096d3ae19b6
      x-ms-ratelimit-remaining-subscription-deletes:
      - '14999'
    status:
      code: 202
      message: ''
- request:
    body: null
    headers:
      Accept:
      - '*/*'
      Accept-Encoding:
      - gzip, deflate
      CommandName:
      - network public-ip prefix delete
      Connection:
      - keep-alive
      ParameterSetName:
      - -g -n
      User-Agent:
      - AZURECLI/2.45.0 (AAZ) azsdk-python-core/1.24.0 Python/3.10.9 (Windows-10-10.0.22621-SP0)
    method: GET
    uri: https://management.azure.com/subscriptions/00000000-0000-0000-0000-000000000000/providers/Microsoft.Network/locations/eastus2/operations/0dda91c4-9772-4a59-9e06-2574492517f8?api-version=2022-01-01
  response:
    body:
      string: "{\r\n  \"status\": \"Succeeded\"\r\n}"
    headers:
      cache-control:
      - no-cache
      content-length:
      - '29'
      content-type:
      - application/json; charset=utf-8
      date:
      - Thu, 16 Feb 2023 09:49:32 GMT
      expires:
      - '-1'
      pragma:
      - no-cache
      server:
      - Microsoft-HTTPAPI/2.0
      - Microsoft-HTTPAPI/2.0
      strict-transport-security:
      - max-age=31536000; includeSubDomains
      transfer-encoding:
      - chunked
      vary:
      - Accept-Encoding
      x-content-type-options:
      - nosniff
      x-ms-arm-service-request-id:
      - 12bff923-dc7d-4d74-baad-0763bd836a70
    status:
      code: 200
      message: ''
- request:
    body: null
    headers:
      Accept:
      - '*/*'
      Accept-Encoding:
      - gzip, deflate
      CommandName:
      - network public-ip prefix delete
      Connection:
      - keep-alive
      ParameterSetName:
      - -g -n
      User-Agent:
      - AZURECLI/2.45.0 (AAZ) azsdk-python-core/1.24.0 Python/3.10.9 (Windows-10-10.0.22621-SP0)
    method: GET
    uri: https://management.azure.com/subscriptions/00000000-0000-0000-0000-000000000000/providers/Microsoft.Network/locations/eastus2/operationResults/0dda91c4-9772-4a59-9e06-2574492517f8?api-version=2022-01-01
  response:
    body:
      string: ''
    headers:
      azure-asyncnotification:
      - Enabled
      azure-asyncoperation:
      - https://management.azure.com/subscriptions/00000000-0000-0000-0000-000000000000/providers/Microsoft.Network/locations/eastus2/operations/0dda91c4-9772-4a59-9e06-2574492517f8?api-version=2022-01-01
      cache-control:
      - no-cache
      content-type:
      - application/json; charset=utf-8
      date:
      - Thu, 16 Feb 2023 09:49:34 GMT
      expires:
      - '-1'
      location:
      - https://management.azure.com/subscriptions/00000000-0000-0000-0000-000000000000/providers/Microsoft.Network/locations/eastus2/operationResults/0dda91c4-9772-4a59-9e06-2574492517f8?api-version=2022-01-01
      pragma:
      - no-cache
      server:
      - Microsoft-HTTPAPI/2.0
      - Microsoft-HTTPAPI/2.0
      strict-transport-security:
      - max-age=31536000; includeSubDomains
      x-content-type-options:
      - nosniff
      x-ms-arm-service-request-id:
      - efc5797f-4211-4bf6-86d0-f096d3ae19b6
    status:
      code: 204
      message: No Content
- request:
    body: null
    headers:
      Accept:
      - application/json
      Accept-Encoding:
      - gzip, deflate
      CommandName:
      - network public-ip prefix list
      Connection:
      - keep-alive
      ParameterSetName:
      - -g
      User-Agent:
      - AZURECLI/2.45.0 (AAZ) azsdk-python-core/1.24.0 Python/3.10.9 (Windows-10-10.0.22621-SP0)
    method: GET
    uri: https://management.azure.com/subscriptions/00000000-0000-0000-0000-000000000000/resourceGroups/cli_test_network_public_ip_prefix000001/providers/Microsoft.Network/publicIPPrefixes?api-version=2022-01-01
  response:
    body:
      string: "{\r\n  \"value\": []\r\n}"
    headers:
      cache-control:
      - no-cache
      content-length:
      - '19'
      content-type:
      - application/json; charset=utf-8
      date:
      - Thu, 16 Feb 2023 09:49:36 GMT
      expires:
      - '-1'
      pragma:
      - no-cache
      server:
      - Microsoft-HTTPAPI/2.0
      - Microsoft-HTTPAPI/2.0
      strict-transport-security:
      - max-age=31536000; includeSubDomains
      transfer-encoding:
      - chunked
      vary:
      - Accept-Encoding
      x-content-type-options:
      - nosniff
      x-ms-arm-service-request-id:
      - b0b59fe0-a107-4035-ad37-00f96a914533
    status:
      code: 200
      message: ''
- request:
    body: null
    headers:
      Accept:
      - application/json
      Accept-Encoding:
      - gzip, deflate
      CommandName:
      - network public-ip prefix create
      Connection:
      - keep-alive
      ParameterSetName:
      - -g -n --length
      User-Agent:
      - AZURECLI/2.45.0 azsdk-python-azure-mgmt-resource/22.0.0 Python/3.10.9 (Windows-10-10.0.22621-SP0)
    method: GET
    uri: https://management.azure.com/subscriptions/00000000-0000-0000-0000-000000000000/resourcegroups/cli_test_network_public_ip_prefix000001?api-version=2022-09-01
  response:
    body:
      string: '{"id":"/subscriptions/00000000-0000-0000-0000-000000000000/resourceGroups/cli_test_network_public_ip_prefix000001","name":"cli_test_network_public_ip_prefix000001","type":"Microsoft.Resources/resourceGroups","location":"eastus2","tags":{"product":"azurecli","cause":"automation","date":"2023-02-16T09:48:22Z"},"properties":{"provisioningState":"Succeeded"}}'
    headers:
      cache-control:
      - no-cache
      content-length:
      - '357'
      content-type:
      - application/json; charset=utf-8
      date:
      - Thu, 16 Feb 2023 09:49:36 GMT
      expires:
      - '-1'
      pragma:
      - no-cache
      strict-transport-security:
      - max-age=31536000; includeSubDomains
      vary:
      - Accept-Encoding
      x-content-type-options:
      - nosniff
    status:
      code: 200
      message: OK
- request:
    body: '{"location": "eastus2", "properties": {"prefixLength": 30, "publicIPAddressVersion":
      "IPv4"}, "sku": {"name": "Standard"}}'
    headers:
      Accept:
      - application/json
      Accept-Encoding:
      - gzip, deflate
      CommandName:
      - network public-ip prefix create
      Connection:
      - keep-alive
      Content-Length:
      - '122'
      Content-Type:
      - application/json
      ParameterSetName:
      - -g -n --length
      User-Agent:
      - AZURECLI/2.45.0 (AAZ) azsdk-python-core/1.24.0 Python/3.10.9 (Windows-10-10.0.22621-SP0)
    method: PUT
    uri: https://management.azure.com/subscriptions/00000000-0000-0000-0000-000000000000/resourceGroups/cli_test_network_public_ip_prefix000001/providers/Microsoft.Network/publicIPPrefixes/prefix1?api-version=2022-01-01
  response:
    body:
      string: "{\r\n  \"name\": \"prefix1\",\r\n  \"id\": \"/subscriptions/00000000-0000-0000-0000-000000000000/resourceGroups/cli_test_network_public_ip_prefix000001/providers/Microsoft.Network/publicIPPrefixes/prefix1\"\
        ,\r\n  \"etag\": \"W/\\\"d14ff727-43eb-4e43-af7c-011fc6755201\\\"\",\r\n \
        \ \"type\": \"Microsoft.Network/publicIPPrefixes\",\r\n  \"location\": \"\
        eastus2\",\r\n  \"properties\": {\r\n    \"provisioningState\": \"Updating\"\
        ,\r\n    \"resourceGuid\": \"d31031a9-2802-4a67-9df6-c0da03f1075f\",\r\n \
        \   \"prefixLength\": 30,\r\n    \"publicIPAddressVersion\": \"IPv4\",\r\n\
        \    \"ipTags\": []\r\n  },\r\n  \"sku\": {\r\n    \"name\": \"Standard\"\
        ,\r\n    \"tier\": \"Regional\"\r\n  }\r\n}"
    headers:
      azure-asyncnotification:
      - Enabled
      azure-asyncoperation:
      - https://management.azure.com/subscriptions/00000000-0000-0000-0000-000000000000/providers/Microsoft.Network/locations/eastus2/operations/0c53651f-a650-4deb-8e00-3532d42e8277?api-version=2022-01-01
      cache-control:
      - no-cache
      content-length:
      - '602'
      content-type:
      - application/json; charset=utf-8
      date:
      - Thu, 16 Feb 2023 09:49:42 GMT
      expires:
      - '-1'
      pragma:
      - no-cache
      server:
      - Microsoft-HTTPAPI/2.0
      - Microsoft-HTTPAPI/2.0
      strict-transport-security:
      - max-age=31536000; includeSubDomains
      x-content-type-options:
      - nosniff
      x-ms-arm-service-request-id:
      - 99b277c6-92f2-4e42-90ef-9170318fb541
      x-ms-ratelimit-remaining-subscription-writes:
      - '1196'
    status:
      code: 201
      message: Created
- request:
    body: null
    headers:
      Accept:
      - '*/*'
      Accept-Encoding:
      - gzip, deflate
      CommandName:
      - network public-ip prefix create
      Connection:
      - keep-alive
      ParameterSetName:
      - -g -n --length
      User-Agent:
      - AZURECLI/2.45.0 (AAZ) azsdk-python-core/1.24.0 Python/3.10.9 (Windows-10-10.0.22621-SP0)
    method: GET
    uri: https://management.azure.com/subscriptions/00000000-0000-0000-0000-000000000000/providers/Microsoft.Network/locations/eastus2/operations/0c53651f-a650-4deb-8e00-3532d42e8277?api-version=2022-01-01
  response:
    body:
      string: "{\r\n  \"status\": \"Succeeded\"\r\n}"
    headers:
      cache-control:
      - no-cache
      content-length:
      - '29'
      content-type:
      - application/json; charset=utf-8
      date:
      - Thu, 16 Feb 2023 09:49:47 GMT
      expires:
      - '-1'
      pragma:
      - no-cache
      server:
      - Microsoft-HTTPAPI/2.0
      - Microsoft-HTTPAPI/2.0
      strict-transport-security:
      - max-age=31536000; includeSubDomains
      transfer-encoding:
      - chunked
      vary:
      - Accept-Encoding
      x-content-type-options:
      - nosniff
      x-ms-arm-service-request-id:
      - e8f42533-2909-444f-80cf-39cf8384a40b
    status:
      code: 200
      message: OK
- request:
    body: null
    headers:
      Accept:
      - '*/*'
      Accept-Encoding:
      - gzip, deflate
      CommandName:
      - network public-ip prefix create
      Connection:
      - keep-alive
      ParameterSetName:
      - -g -n --length
      User-Agent:
      - AZURECLI/2.45.0 (AAZ) azsdk-python-core/1.24.0 Python/3.10.9 (Windows-10-10.0.22621-SP0)
    method: GET
    uri: https://management.azure.com/subscriptions/00000000-0000-0000-0000-000000000000/resourceGroups/cli_test_network_public_ip_prefix000001/providers/Microsoft.Network/publicIPPrefixes/prefix1?api-version=2022-01-01
  response:
    body:
      string: "{\r\n  \"name\": \"prefix1\",\r\n  \"id\": \"/subscriptions/00000000-0000-0000-0000-000000000000/resourceGroups/cli_test_network_public_ip_prefix000001/providers/Microsoft.Network/publicIPPrefixes/prefix1\"\
        ,\r\n  \"etag\": \"W/\\\"a0b1dc3a-a3ce-4089-8be1-da2de86b5c37\\\"\",\r\n \
        \ \"type\": \"Microsoft.Network/publicIPPrefixes\",\r\n  \"location\": \"\
        eastus2\",\r\n  \"properties\": {\r\n    \"provisioningState\": \"Succeeded\"\
        ,\r\n    \"resourceGuid\": \"d31031a9-2802-4a67-9df6-c0da03f1075f\",\r\n \
        \   \"prefixLength\": 30,\r\n    \"publicIPAddressVersion\": \"IPv4\",\r\n\
        \    \"ipPrefix\": \"20.230.3.192/30\",\r\n    \"ipTags\": []\r\n  },\r\n\
        \  \"sku\": {\r\n    \"name\": \"Standard\",\r\n    \"tier\": \"Regional\"\
        \r\n  }\r\n}"
    headers:
      cache-control:
      - no-cache
      content-length:
      - '639'
      content-type:
      - application/json; charset=utf-8
      date:
      - Thu, 16 Feb 2023 09:49:47 GMT
      etag:
      - W/"a0b1dc3a-a3ce-4089-8be1-da2de86b5c37"
      expires:
      - '-1'
      pragma:
      - no-cache
      server:
      - Microsoft-HTTPAPI/2.0
      - Microsoft-HTTPAPI/2.0
      strict-transport-security:
      - max-age=31536000; includeSubDomains
      transfer-encoding:
      - chunked
      vary:
      - Accept-Encoding
      x-content-type-options:
      - nosniff
      x-ms-arm-service-request-id:
      - 654a3022-4cb9-4d62-b30a-57b47a978df9
    status:
      code: 200
      message: OK
- request:
    body: null
    headers:
      Accept:
      - application/json
      Accept-Encoding:
      - gzip, deflate
      CommandName:
      - network public-ip create
      Connection:
      - keep-alive
      ParameterSetName:
      - -g -n --public-ip-prefix --sku
      User-Agent:
      - AZURECLI/2.45.0 azsdk-python-azure-mgmt-resource/22.0.0 Python/3.10.9 (Windows-10-10.0.22621-SP0)
    method: GET
    uri: https://management.azure.com/subscriptions/00000000-0000-0000-0000-000000000000/resourcegroups/cli_test_network_public_ip_prefix000001?api-version=2022-09-01
  response:
    body:
      string: '{"id":"/subscriptions/00000000-0000-0000-0000-000000000000/resourceGroups/cli_test_network_public_ip_prefix000001","name":"cli_test_network_public_ip_prefix000001","type":"Microsoft.Resources/resourceGroups","location":"eastus2","tags":{"product":"azurecli","cause":"automation","date":"2023-02-16T09:48:22Z"},"properties":{"provisioningState":"Succeeded"}}'
    headers:
      cache-control:
      - no-cache
      content-length:
      - '357'
      content-type:
      - application/json; charset=utf-8
      date:
      - Thu, 16 Feb 2023 09:49:47 GMT
      expires:
      - '-1'
      pragma:
      - no-cache
      strict-transport-security:
      - max-age=31536000; includeSubDomains
      vary:
      - Accept-Encoding
      x-content-type-options:
      - nosniff
    status:
      code: 200
      message: OK
- request:
    body: null
    headers:
      Accept:
      - application/json
      Accept-Encoding:
      - gzip, deflate
      CommandName:
      - network public-ip create
      Connection:
      - keep-alive
      ParameterSetName:
      - -g -n --public-ip-prefix --sku
      User-Agent:
      - AZURECLI/2.45.0 (AAZ) azsdk-python-core/1.24.0 Python/3.10.9 (Windows-10-10.0.22621-SP0)
    method: GET
    uri: https://management.azure.com/subscriptions/00000000-0000-0000-0000-000000000000/resourceGroups/cli_test_network_public_ip_prefix000001/providers/Microsoft.Network/publicIPPrefixes/prefix1?api-version=2022-01-01
  response:
    body:
      string: "{\r\n  \"name\": \"prefix1\",\r\n  \"id\": \"/subscriptions/00000000-0000-0000-0000-000000000000/resourceGroups/cli_test_network_public_ip_prefix000001/providers/Microsoft.Network/publicIPPrefixes/prefix1\"\
        ,\r\n  \"etag\": \"W/\\\"a0b1dc3a-a3ce-4089-8be1-da2de86b5c37\\\"\",\r\n \
        \ \"type\": \"Microsoft.Network/publicIPPrefixes\",\r\n  \"location\": \"\
        eastus2\",\r\n  \"properties\": {\r\n    \"provisioningState\": \"Succeeded\"\
        ,\r\n    \"resourceGuid\": \"d31031a9-2802-4a67-9df6-c0da03f1075f\",\r\n \
        \   \"prefixLength\": 30,\r\n    \"publicIPAddressVersion\": \"IPv4\",\r\n\
        \    \"ipPrefix\": \"20.230.3.192/30\",\r\n    \"ipTags\": []\r\n  },\r\n\
        \  \"sku\": {\r\n    \"name\": \"Standard\",\r\n    \"tier\": \"Regional\"\
        \r\n  }\r\n}"
    headers:
      cache-control:
      - no-cache
      content-length:
      - '639'
      content-type:
      - application/json; charset=utf-8
      date:
      - Thu, 16 Feb 2023 09:49:48 GMT
      etag:
      - W/"a0b1dc3a-a3ce-4089-8be1-da2de86b5c37"
      expires:
      - '-1'
      pragma:
      - no-cache
      server:
      - Microsoft-HTTPAPI/2.0
      - Microsoft-HTTPAPI/2.0
      strict-transport-security:
      - max-age=31536000; includeSubDomains
      transfer-encoding:
      - chunked
      vary:
      - Accept-Encoding
      x-content-type-options:
      - nosniff
      x-ms-arm-service-request-id:
      - deca7fbb-a5f1-48ce-907b-42db97f24282
    status:
      code: 200
      message: OK
- request:
    body: '{"location": "eastus2", "properties": {"idleTimeoutInMinutes": 4, "publicIPAddressVersion":
      "IPv4", "publicIPAllocationMethod": "Static", "publicIPPrefix": {"id": "/subscriptions/00000000-0000-0000-0000-000000000000/resourceGroups/cli_test_network_public_ip_prefix000001/providers/Microsoft.Network/publicIPPrefixes/prefix1"}},
      "sku": {"name": "Standard", "tier": "Regional"}}'
    headers:
      Accept:
      - application/json
      Accept-Encoding:
      - gzip, deflate
      CommandName:
      - network public-ip create
      Connection:
      - keep-alive
      Content-Length:
      - '376'
      Content-Type:
      - application/json
      ParameterSetName:
      - -g -n --public-ip-prefix --sku
      User-Agent:
      - AZURECLI/2.45.0 (AAZ) azsdk-python-core/1.24.0 Python/3.10.9 (Windows-10-10.0.22621-SP0)
    method: PUT
    uri: https://management.azure.com/subscriptions/00000000-0000-0000-0000-000000000000/resourceGroups/cli_test_network_public_ip_prefix000001/providers/Microsoft.Network/publicIPAddresses/pip1?api-version=2022-05-01
  response:
    body:
      string: "{\r\n  \"name\": \"pip1\",\r\n  \"id\": \"/subscriptions/00000000-0000-0000-0000-000000000000/resourceGroups/cli_test_network_public_ip_prefix000001/providers/Microsoft.Network/publicIPAddresses/pip1\"\
        ,\r\n  \"etag\": \"W/\\\"2f6d5e6c-1a38-4333-9bbb-bbadd74be3bb\\\"\",\r\n \
        \ \"location\": \"eastus2\",\r\n  \"properties\": {\r\n    \"provisioningState\"\
        : \"Updating\",\r\n    \"resourceGuid\": \"8d8b1f15-ba5f-42c5-948a-0fb2b2a73c33\"\
        ,\r\n    \"publicIPAddressVersion\": \"IPv4\",\r\n    \"publicIPAllocationMethod\"\
        : \"Static\",\r\n    \"idleTimeoutInMinutes\": 4,\r\n    \"ipTags\": [],\r\
        \n    \"publicIPPrefix\": {\r\n      \"id\": \"/subscriptions/00000000-0000-0000-0000-000000000000/resourceGroups/cli_test_network_public_ip_prefix000001/providers/Microsoft.Network/publicIPPrefixes/prefix1\"\
        \r\n    },\r\n    \"ddosSettings\": {\r\n      \"protectionMode\": \"VirtualNetworkInherited\"\
        \r\n    }\r\n  },\r\n  \"type\": \"Microsoft.Network/publicIPAddresses\",\r\
        \n  \"sku\": {\r\n    \"name\": \"Standard\",\r\n    \"tier\": \"Regional\"\
        \r\n  }\r\n}"
    headers:
      azure-asyncnotification:
      - Enabled
      azure-asyncoperation:
      - https://management.azure.com/subscriptions/00000000-0000-0000-0000-000000000000/providers/Microsoft.Network/locations/eastus2/operations/ca192fe3-f1f1-491b-ac90-052e01cfe87c?api-version=2022-05-01
      cache-control:
      - no-cache
      content-length:
      - '938'
      content-type:
      - application/json; charset=utf-8
      date:
      - Thu, 16 Feb 2023 09:49:55 GMT
      expires:
      - '-1'
      pragma:
      - no-cache
      server:
      - Microsoft-HTTPAPI/2.0
      - Microsoft-HTTPAPI/2.0
      strict-transport-security:
      - max-age=31536000; includeSubDomains
      x-content-type-options:
      - nosniff
      x-ms-arm-service-request-id:
      - 313523c5-38d4-4e3b-a17c-77bcbc2f38c0
      x-ms-ratelimit-remaining-subscription-writes:
      - '1198'
    status:
      code: 201
      message: Created
- request:
    body: null
    headers:
      Accept:
      - '*/*'
      Accept-Encoding:
      - gzip, deflate
      CommandName:
      - network public-ip create
      Connection:
      - keep-alive
      ParameterSetName:
      - -g -n --public-ip-prefix --sku
      User-Agent:
      - AZURECLI/2.45.0 (AAZ) azsdk-python-core/1.24.0 Python/3.10.9 (Windows-10-10.0.22621-SP0)
    method: GET
    uri: https://management.azure.com/subscriptions/00000000-0000-0000-0000-000000000000/providers/Microsoft.Network/locations/eastus2/operations/ca192fe3-f1f1-491b-ac90-052e01cfe87c?api-version=2022-05-01
  response:
    body:
      string: "{\r\n  \"status\": \"Succeeded\"\r\n}"
    headers:
      cache-control:
      - no-cache
      content-length:
      - '29'
      content-type:
      - application/json; charset=utf-8
      date:
      - Thu, 16 Feb 2023 09:49:56 GMT
      expires:
      - '-1'
      pragma:
      - no-cache
      server:
      - Microsoft-HTTPAPI/2.0
      - Microsoft-HTTPAPI/2.0
      strict-transport-security:
      - max-age=31536000; includeSubDomains
      transfer-encoding:
      - chunked
      vary:
      - Accept-Encoding
      x-content-type-options:
      - nosniff
      x-ms-arm-service-request-id:
      - 46e867ba-f981-4bea-a01f-76790098a0bb
    status:
      code: 200
      message: OK
- request:
    body: null
    headers:
      Accept:
      - '*/*'
      Accept-Encoding:
      - gzip, deflate
      CommandName:
      - network public-ip create
      Connection:
      - keep-alive
      ParameterSetName:
      - -g -n --public-ip-prefix --sku
      User-Agent:
      - AZURECLI/2.45.0 (AAZ) azsdk-python-core/1.24.0 Python/3.10.9 (Windows-10-10.0.22621-SP0)
    method: GET
    uri: https://management.azure.com/subscriptions/00000000-0000-0000-0000-000000000000/resourceGroups/cli_test_network_public_ip_prefix000001/providers/Microsoft.Network/publicIPAddresses/pip1?api-version=2022-05-01
  response:
    body:
      string: "{\r\n  \"name\": \"pip1\",\r\n  \"id\": \"/subscriptions/00000000-0000-0000-0000-000000000000/resourceGroups/cli_test_network_public_ip_prefix000001/providers/Microsoft.Network/publicIPAddresses/pip1\"\
        ,\r\n  \"etag\": \"W/\\\"deca1b5a-a030-494b-bbb5-8dd1d49e0127\\\"\",\r\n \
        \ \"location\": \"eastus2\",\r\n  \"properties\": {\r\n    \"provisioningState\"\
        : \"Succeeded\",\r\n    \"resourceGuid\": \"8d8b1f15-ba5f-42c5-948a-0fb2b2a73c33\"\
        ,\r\n    \"ipAddress\": \"20.230.3.192\",\r\n    \"publicIPAddressVersion\"\
        : \"IPv4\",\r\n    \"publicIPAllocationMethod\": \"Static\",\r\n    \"idleTimeoutInMinutes\"\
        : 4,\r\n    \"ipTags\": [],\r\n    \"publicIPPrefix\": {\r\n      \"id\":\
        \ \"/subscriptions/00000000-0000-0000-0000-000000000000/resourceGroups/cli_test_network_public_ip_prefix000001/providers/Microsoft.Network/publicIPPrefixes/prefix1\"\
        \r\n    },\r\n    \"ddosSettings\": {\r\n      \"protectionMode\": \"VirtualNetworkInherited\"\
        \r\n    }\r\n  },\r\n  \"type\": \"Microsoft.Network/publicIPAddresses\",\r\
        \n  \"sku\": {\r\n    \"name\": \"Standard\",\r\n    \"tier\": \"Regional\"\
        \r\n  }\r\n}"
    headers:
      cache-control:
      - no-cache
      content-length:
      - '973'
      content-type:
      - application/json; charset=utf-8
      date:
      - Thu, 16 Feb 2023 09:49:57 GMT
      etag:
      - W/"deca1b5a-a030-494b-bbb5-8dd1d49e0127"
      expires:
      - '-1'
      pragma:
      - no-cache
      server:
      - Microsoft-HTTPAPI/2.0
      - Microsoft-HTTPAPI/2.0
      strict-transport-security:
      - max-age=31536000; includeSubDomains
      transfer-encoding:
      - chunked
      vary:
      - Accept-Encoding
      x-content-type-options:
      - nosniff
      x-ms-arm-service-request-id:
      - a4a7f1c6-1057-4742-baec-88510b6fbabf
    status:
      code: 200
      message: OK
- request:
    body: null
    headers:
      Accept:
      - application/json
      Accept-Encoding:
      - gzip, deflate
      CommandName:
      - network public-ip prefix create
      Connection:
      - keep-alive
      ParameterSetName:
      - -n -g --version --length -z
      User-Agent:
      - AZURECLI/2.45.0 azsdk-python-azure-mgmt-resource/22.0.0 Python/3.10.9 (Windows-10-10.0.22621-SP0)
    method: GET
    uri: https://management.azure.com/subscriptions/00000000-0000-0000-0000-000000000000/resourcegroups/cli_test_network_public_ip_prefix000001?api-version=2022-09-01
  response:
    body:
      string: '{"id":"/subscriptions/00000000-0000-0000-0000-000000000000/resourceGroups/cli_test_network_public_ip_prefix000001","name":"cli_test_network_public_ip_prefix000001","type":"Microsoft.Resources/resourceGroups","location":"eastus2","tags":{"product":"azurecli","cause":"automation","date":"2023-02-16T09:48:22Z"},"properties":{"provisioningState":"Succeeded"}}'
    headers:
      cache-control:
      - no-cache
      content-length:
      - '357'
      content-type:
      - application/json; charset=utf-8
      date:
      - Thu, 16 Feb 2023 09:49:57 GMT
      expires:
      - '-1'
      pragma:
      - no-cache
      strict-transport-security:
      - max-age=31536000; includeSubDomains
      vary:
      - Accept-Encoding
      x-content-type-options:
      - nosniff
    status:
      code: 200
      message: OK
- request:
    body: '{"location": "eastus2", "properties": {"prefixLength": 126, "publicIPAddressVersion":
      "IPv6"}, "sku": {"name": "Standard"}, "zones": ["1", "3", "2"]}'
    headers:
      Accept:
      - application/json
      Accept-Encoding:
      - gzip, deflate
      CommandName:
      - network public-ip prefix create
      Connection:
      - keep-alive
      Content-Length:
      - '149'
      Content-Type:
      - application/json
      ParameterSetName:
      - -n -g --version --length -z
      User-Agent:
      - AZURECLI/2.45.0 (AAZ) azsdk-python-core/1.24.0 Python/3.10.9 (Windows-10-10.0.22621-SP0)
    method: PUT
    uri: https://management.azure.com/subscriptions/00000000-0000-0000-0000-000000000000/resourceGroups/cli_test_network_public_ip_prefix000001/providers/Microsoft.Network/publicIPPrefixes/public-ip-prefix-000002?api-version=2022-01-01
  response:
    body:
      string: "{\r\n  \"name\": \"public-ip-prefix-000002\",\r\n  \"id\": \"/subscriptions/00000000-0000-0000-0000-000000000000/resourceGroups/cli_test_network_public_ip_prefix000001/providers/Microsoft.Network/publicIPPrefixes/public-ip-prefix-000002\"\
        ,\r\n  \"etag\": \"W/\\\"f1ff0da2-40ce-4d39-8fb8-3429a2b7f89a\\\"\",\r\n \
        \ \"type\": \"Microsoft.Network/publicIPPrefixes\",\r\n  \"location\": \"\
        eastus2\",\r\n  \"zones\": [\r\n    \"1\",\r\n    \"3\",\r\n    \"2\"\r\n\
        \  ],\r\n  \"properties\": {\r\n    \"provisioningState\": \"Updating\",\r\
        \n    \"resourceGuid\": \"b01b9fbf-d069-4777-b4a0-030e8ed94391\",\r\n    \"\
        prefixLength\": 126,\r\n    \"publicIPAddressVersion\": \"IPv6\",\r\n    \"\
        ipTags\": []\r\n  },\r\n  \"sku\": {\r\n    \"name\": \"Standard\",\r\n  \
        \  \"tier\": \"Regional\"\r\n  }\r\n}"
    headers:
      azure-asyncnotification:
      - Enabled
      azure-asyncoperation:
      - https://management.azure.com/subscriptions/00000000-0000-0000-0000-000000000000/providers/Microsoft.Network/locations/eastus2/operations/614a57ca-6c7f-45d0-81c2-e42c8b5e2706?api-version=2022-01-01
      cache-control:
      - no-cache
      content-length:
      - '684'
      content-type:
      - application/json; charset=utf-8
      date:
      - Thu, 16 Feb 2023 09:50:08 GMT
      expires:
      - '-1'
      pragma:
      - no-cache
      server:
      - Microsoft-HTTPAPI/2.0
      - Microsoft-HTTPAPI/2.0
      strict-transport-security:
      - max-age=31536000; includeSubDomains
      x-content-type-options:
      - nosniff
      x-ms-arm-service-request-id:
      - fcd9dc4a-c74f-4f83-af30-7f258a42952f
      x-ms-ratelimit-remaining-subscription-writes:
      - '1197'
    status:
      code: 201
      message: ''
- request:
    body: null
    headers:
      Accept:
      - '*/*'
      Accept-Encoding:
      - gzip, deflate
      CommandName:
      - network public-ip prefix create
      Connection:
      - keep-alive
      ParameterSetName:
      - -n -g --version --length -z
      User-Agent:
      - AZURECLI/2.45.0 (AAZ) azsdk-python-core/1.24.0 Python/3.10.9 (Windows-10-10.0.22621-SP0)
    method: GET
    uri: https://management.azure.com/subscriptions/00000000-0000-0000-0000-000000000000/providers/Microsoft.Network/locations/eastus2/operations/614a57ca-6c7f-45d0-81c2-e42c8b5e2706?api-version=2022-01-01
  response:
    body:
      string: "{\r\n  \"status\": \"Succeeded\"\r\n}"
    headers:
      cache-control:
      - no-cache
      content-length:
      - '29'
      content-type:
      - application/json; charset=utf-8
      date:
      - Thu, 16 Feb 2023 09:50:13 GMT
      expires:
      - '-1'
      pragma:
      - no-cache
      server:
      - Microsoft-HTTPAPI/2.0
      - Microsoft-HTTPAPI/2.0
      strict-transport-security:
      - max-age=31536000; includeSubDomains
      transfer-encoding:
      - chunked
      vary:
      - Accept-Encoding
      x-content-type-options:
      - nosniff
      x-ms-arm-service-request-id:
      - 21915094-05b5-4fa7-8558-fd82468c540f
    status:
      code: 200
      message: ''
- request:
    body: null
    headers:
      Accept:
      - '*/*'
      Accept-Encoding:
      - gzip, deflate
      CommandName:
      - network public-ip prefix create
      Connection:
      - keep-alive
      ParameterSetName:
      - -n -g --version --length -z
      User-Agent:
      - AZURECLI/2.45.0 (AAZ) azsdk-python-core/1.24.0 Python/3.10.9 (Windows-10-10.0.22621-SP0)
    method: GET
    uri: https://management.azure.com/subscriptions/00000000-0000-0000-0000-000000000000/resourceGroups/cli_test_network_public_ip_prefix000001/providers/Microsoft.Network/publicIPPrefixes/public-ip-prefix-000002?api-version=2022-01-01
  response:
    body:
      string: "{\r\n  \"name\": \"public-ip-prefix-000002\",\r\n  \"id\": \"/subscriptions/00000000-0000-0000-0000-000000000000/resourceGroups/cli_test_network_public_ip_prefix000001/providers/Microsoft.Network/publicIPPrefixes/public-ip-prefix-000002\"\
        ,\r\n  \"etag\": \"W/\\\"7a1b69fe-fbb2-4f68-b1e4-5e513378c910\\\"\",\r\n \
        \ \"type\": \"Microsoft.Network/publicIPPrefixes\",\r\n  \"location\": \"\
        eastus2\",\r\n  \"zones\": [\r\n    \"1\",\r\n    \"3\",\r\n    \"2\"\r\n\
        \  ],\r\n  \"properties\": {\r\n    \"provisioningState\": \"Succeeded\",\r\
        \n    \"resourceGuid\": \"b01b9fbf-d069-4777-b4a0-030e8ed94391\",\r\n    \"\
        prefixLength\": 126,\r\n    \"publicIPAddressVersion\": \"IPv6\",\r\n    \"\
        ipPrefix\": \"2603:1030:403:3::268/126\",\r\n    \"ipTags\": []\r\n  },\r\n\
        \  \"sku\": {\r\n    \"name\": \"Standard\",\r\n    \"tier\": \"Regional\"\
        \r\n  }\r\n}"
    headers:
      cache-control:
      - no-cache
      content-length:
      - '730'
      content-type:
      - application/json; charset=utf-8
      date:
      - Thu, 16 Feb 2023 09:50:15 GMT
      etag:
      - W/"7a1b69fe-fbb2-4f68-b1e4-5e513378c910"
      expires:
      - '-1'
      pragma:
      - no-cache
      server:
      - Microsoft-HTTPAPI/2.0
      - Microsoft-HTTPAPI/2.0
      strict-transport-security:
      - max-age=31536000; includeSubDomains
      transfer-encoding:
      - chunked
      vary:
      - Accept-Encoding
      x-content-type-options:
      - nosniff
      x-ms-arm-service-request-id:
      - d2752e5b-fce3-406f-b6ef-7e2b4157e22e
    status:
      code: 200
      message: OK
- request:
    body: null
    headers:
      Accept:
      - application/json
      Accept-Encoding:
      - gzip, deflate
      CommandName:
      - network public-ip create
      Connection:
      - keep-alive
      ParameterSetName:
      - -n -g --public-ip-prefix
      User-Agent:
      - AZURECLI/2.45.0 azsdk-python-azure-mgmt-resource/22.0.0 Python/3.10.9 (Windows-10-10.0.22621-SP0)
    method: GET
    uri: https://management.azure.com/subscriptions/00000000-0000-0000-0000-000000000000/resourcegroups/cli_test_network_public_ip_prefix000001?api-version=2022-09-01
  response:
    body:
      string: '{"id":"/subscriptions/00000000-0000-0000-0000-000000000000/resourceGroups/cli_test_network_public_ip_prefix000001","name":"cli_test_network_public_ip_prefix000001","type":"Microsoft.Resources/resourceGroups","location":"eastus2","tags":{"product":"azurecli","cause":"automation","date":"2023-02-16T09:48:22Z"},"properties":{"provisioningState":"Succeeded"}}'
    headers:
      cache-control:
      - no-cache
      content-length:
      - '357'
      content-type:
      - application/json; charset=utf-8
      date:
      - Thu, 16 Feb 2023 09:50:16 GMT
      expires:
      - '-1'
      pragma:
      - no-cache
      strict-transport-security:
      - max-age=31536000; includeSubDomains
      vary:
      - Accept-Encoding
      x-content-type-options:
      - nosniff
    status:
      code: 200
      message: OK
- request:
    body: null
    headers:
      Accept:
      - application/json
      Accept-Encoding:
      - gzip, deflate
      CommandName:
      - network public-ip create
      Connection:
      - keep-alive
      ParameterSetName:
      - -n -g --public-ip-prefix
      User-Agent:
      - AZURECLI/2.45.0 (AAZ) azsdk-python-core/1.24.0 Python/3.10.9 (Windows-10-10.0.22621-SP0)
    method: GET
    uri: https://management.azure.com/subscriptions/00000000-0000-0000-0000-000000000000/resourceGroups/cli_test_network_public_ip_prefix000001/providers/Microsoft.Network/publicIPPrefixes/public-ip-prefix-000002?api-version=2022-01-01
  response:
    body:
      string: "{\r\n  \"name\": \"public-ip-prefix-000002\",\r\n  \"id\": \"/subscriptions/00000000-0000-0000-0000-000000000000/resourceGroups/cli_test_network_public_ip_prefix000001/providers/Microsoft.Network/publicIPPrefixes/public-ip-prefix-000002\"\
        ,\r\n  \"etag\": \"W/\\\"7a1b69fe-fbb2-4f68-b1e4-5e513378c910\\\"\",\r\n \
        \ \"type\": \"Microsoft.Network/publicIPPrefixes\",\r\n  \"location\": \"\
        eastus2\",\r\n  \"zones\": [\r\n    \"1\",\r\n    \"3\",\r\n    \"2\"\r\n\
        \  ],\r\n  \"properties\": {\r\n    \"provisioningState\": \"Succeeded\",\r\
        \n    \"resourceGuid\": \"b01b9fbf-d069-4777-b4a0-030e8ed94391\",\r\n    \"\
        prefixLength\": 126,\r\n    \"publicIPAddressVersion\": \"IPv6\",\r\n    \"\
        ipPrefix\": \"2603:1030:403:3::268/126\",\r\n    \"ipTags\": []\r\n  },\r\n\
        \  \"sku\": {\r\n    \"name\": \"Standard\",\r\n    \"tier\": \"Regional\"\
        \r\n  }\r\n}"
    headers:
      cache-control:
      - no-cache
      content-length:
      - '730'
      content-type:
      - application/json; charset=utf-8
      date:
      - Thu, 16 Feb 2023 09:50:16 GMT
      etag:
      - W/"7a1b69fe-fbb2-4f68-b1e4-5e513378c910"
      expires:
      - '-1'
      pragma:
      - no-cache
      server:
      - Microsoft-HTTPAPI/2.0
      - Microsoft-HTTPAPI/2.0
      strict-transport-security:
      - max-age=31536000; includeSubDomains
      transfer-encoding:
      - chunked
      vary:
      - Accept-Encoding
      x-content-type-options:
      - nosniff
      x-ms-arm-service-request-id:
      - 07e5aea0-4fcd-4fd4-b5d1-81c275937f2f
    status:
      code: 200
      message: OK
- request:
    body: '{"location": "eastus2", "properties": {"idleTimeoutInMinutes": 4, "publicIPAddressVersion":
      "IPv6", "publicIPAllocationMethod": "Static", "publicIPPrefix": {"id": "/subscriptions/00000000-0000-0000-0000-000000000000/resourceGroups/cli_test_network_public_ip_prefix000001/providers/Microsoft.Network/publicIPPrefixes/public-ip-prefix-000002"}},
      "sku": {"name": "Standard", "tier": "Regional"}, "zones": ["1", "3", "2"]}'
    headers:
      Accept:
      - application/json
      Accept-Encoding:
      - gzip, deflate
      CommandName:
      - network public-ip create
      Connection:
      - keep-alive
      Content-Length:
      - '418'
      Content-Type:
      - application/json
      ParameterSetName:
      - -n -g --public-ip-prefix
      User-Agent:
      - AZURECLI/2.45.0 (AAZ) azsdk-python-core/1.24.0 Python/3.10.9 (Windows-10-10.0.22621-SP0)
    method: PUT
    uri: https://management.azure.com/subscriptions/00000000-0000-0000-0000-000000000000/resourceGroups/cli_test_network_public_ip_prefix000001/providers/Microsoft.Network/publicIPAddresses/public-ip-000003?api-version=2022-05-01
  response:
    body:
      string: "{\r\n  \"name\": \"public-ip-000003\",\r\n  \"id\": \"/subscriptions/00000000-0000-0000-0000-000000000000/resourceGroups/cli_test_network_public_ip_prefix000001/providers/Microsoft.Network/publicIPAddresses/public-ip-000003\"\
        ,\r\n  \"etag\": \"W/\\\"d9e87c7a-a7c9-4366-af00-01d53e00b89d\\\"\",\r\n \
        \ \"location\": \"eastus2\",\r\n  \"zones\": [\r\n    \"1\",\r\n    \"3\"\
        ,\r\n    \"2\"\r\n  ],\r\n  \"properties\": {\r\n    \"provisioningState\"\
        : \"Updating\",\r\n    \"resourceGuid\": \"ee03c92f-6d50-4785-8f3b-9818adea44b4\"\
        ,\r\n    \"publicIPAddressVersion\": \"IPv6\",\r\n    \"publicIPAllocationMethod\"\
        : \"Static\",\r\n    \"idleTimeoutInMinutes\": 4,\r\n    \"ipTags\": [],\r\
        \n    \"publicIPPrefix\": {\r\n      \"id\": \"/subscriptions/00000000-0000-0000-0000-000000000000/resourceGroups/cli_test_network_public_ip_prefix000001/providers/Microsoft.Network/publicIPPrefixes/public-ip-prefix-000002\"\
        \r\n    },\r\n    \"ddosSettings\": {\r\n      \"protectionMode\": \"VirtualNetworkInherited\"\
        \r\n    }\r\n  },\r\n  \"type\": \"Microsoft.Network/publicIPAddresses\",\r\
        \n  \"sku\": {\r\n    \"name\": \"Standard\",\r\n    \"tier\": \"Regional\"\
        \r\n  }\r\n}"
    headers:
      azure-asyncnotification:
      - Enabled
      azure-asyncoperation:
      - https://management.azure.com/subscriptions/00000000-0000-0000-0000-000000000000/providers/Microsoft.Network/locations/eastus2/operations/066425ac-feab-4cdc-908b-9035110fd9b5?api-version=2022-05-01
      cache-control:
      - no-cache
      content-length:
      - '1027'
      content-type:
      - application/json; charset=utf-8
      date:
      - Thu, 16 Feb 2023 09:50:24 GMT
      expires:
      - '-1'
      pragma:
      - no-cache
      server:
      - Microsoft-HTTPAPI/2.0
      - Microsoft-HTTPAPI/2.0
      strict-transport-security:
      - max-age=31536000; includeSubDomains
      x-content-type-options:
      - nosniff
      x-ms-arm-service-request-id:
      - 0980f6f2-a08a-4ff4-9886-d574d1422456
      x-ms-ratelimit-remaining-subscription-writes:
      - '1199'
    status:
      code: 201
      message: ''
- request:
    body: null
    headers:
      Accept:
      - '*/*'
      Accept-Encoding:
      - gzip, deflate
      CommandName:
      - network public-ip create
      Connection:
      - keep-alive
      ParameterSetName:
      - -n -g --public-ip-prefix
      User-Agent:
      - AZURECLI/2.45.0 (AAZ) azsdk-python-core/1.24.0 Python/3.10.9 (Windows-10-10.0.22621-SP0)
    method: GET
    uri: https://management.azure.com/subscriptions/00000000-0000-0000-0000-000000000000/providers/Microsoft.Network/locations/eastus2/operations/066425ac-feab-4cdc-908b-9035110fd9b5?api-version=2022-05-01
  response:
    body:
      string: "{\r\n  \"status\": \"Succeeded\"\r\n}"
    headers:
      cache-control:
      - no-cache
      content-length:
      - '29'
      content-type:
      - application/json; charset=utf-8
      date:
      - Thu, 16 Feb 2023 09:50:25 GMT
      expires:
      - '-1'
      pragma:
      - no-cache
      server:
      - Microsoft-HTTPAPI/2.0
      - Microsoft-HTTPAPI/2.0
      strict-transport-security:
      - max-age=31536000; includeSubDomains
      x-content-type-options:
      - nosniff
      x-ms-arm-service-request-id:
      - 4fd45abc-bee5-48a8-be58-5480209804e4
    status:
      code: 200
      message: ''
- request:
    body: null
    headers:
      Accept:
      - '*/*'
      Accept-Encoding:
      - gzip, deflate
      CommandName:
      - network public-ip create
      Connection:
      - keep-alive
      ParameterSetName:
      - -n -g --public-ip-prefix
      User-Agent:
      - AZURECLI/2.45.0 (AAZ) azsdk-python-core/1.24.0 Python/3.10.9 (Windows-10-10.0.22621-SP0)
    method: GET
    uri: https://management.azure.com/subscriptions/00000000-0000-0000-0000-000000000000/resourceGroups/cli_test_network_public_ip_prefix000001/providers/Microsoft.Network/publicIPAddresses/public-ip-000003?api-version=2022-05-01
  response:
    body:
      string: "{\r\n  \"name\": \"public-ip-000003\",\r\n  \"id\": \"/subscriptions/00000000-0000-0000-0000-000000000000/resourceGroups/cli_test_network_public_ip_prefix000001/providers/Microsoft.Network/publicIPAddresses/public-ip-000003\"\
        ,\r\n  \"etag\": \"W/\\\"831b18f9-8fef-4b1a-bcf8-0247d799b655\\\"\",\r\n \
        \ \"location\": \"eastus2\",\r\n  \"zones\": [\r\n    \"1\",\r\n    \"3\"\
        ,\r\n    \"2\"\r\n  ],\r\n  \"properties\": {\r\n    \"provisioningState\"\
        : \"Succeeded\",\r\n    \"resourceGuid\": \"ee03c92f-6d50-4785-8f3b-9818adea44b4\"\
        ,\r\n    \"ipAddress\": \"2603:1030:403:3::268\",\r\n    \"publicIPAddressVersion\"\
        : \"IPv6\",\r\n    \"publicIPAllocationMethod\": \"Static\",\r\n    \"idleTimeoutInMinutes\"\
        : 4,\r\n    \"ipTags\": [],\r\n    \"publicIPPrefix\": {\r\n      \"id\":\
        \ \"/subscriptions/00000000-0000-0000-0000-000000000000/resourceGroups/cli_test_network_public_ip_prefix000001/providers/Microsoft.Network/publicIPPrefixes/public-ip-prefix-000002\"\
        \r\n    },\r\n    \"ddosSettings\": {\r\n      \"protectionMode\": \"VirtualNetworkInherited\"\
        \r\n    }\r\n  },\r\n  \"type\": \"Microsoft.Network/publicIPAddresses\",\r\
        \n  \"sku\": {\r\n    \"name\": \"Standard\",\r\n    \"tier\": \"Regional\"\
        \r\n  }\r\n}"
    headers:
      cache-control:
      - no-cache
      content-length:
      - '1070'
      content-type:
      - application/json; charset=utf-8
      date:
      - Thu, 16 Feb 2023 09:50:26 GMT
      etag:
      - W/"831b18f9-8fef-4b1a-bcf8-0247d799b655"
      expires:
      - '-1'
      pragma:
      - no-cache
      server:
      - Microsoft-HTTPAPI/2.0
      - Microsoft-HTTPAPI/2.0
      strict-transport-security:
      - max-age=31536000; includeSubDomains
      x-content-type-options:
      - nosniff
      x-ms-arm-service-request-id:
      - f11d7477-94af-46c4-b978-8197190f648b
    status:
      code: 200
      message: ''
- request:
    body: null
    headers:
      Accept:
      - application/json
      Accept-Encoding:
      - gzip, deflate
      CommandName:
      - network public-ip prefix create
      Connection:
      - keep-alive
      ParameterSetName:
      - -g -n --length
      User-Agent:
      - AZURECLI/2.45.0 azsdk-python-azure-mgmt-resource/22.0.0 Python/3.10.9 (Windows-10-10.0.22621-SP0)
    method: GET
    uri: https://management.azure.com/subscriptions/00000000-0000-0000-0000-000000000000/resourcegroups/cli_test_network_public_ip_prefix000001?api-version=2022-09-01
  response:
    body:
      string: '{"id":"/subscriptions/00000000-0000-0000-0000-000000000000/resourceGroups/cli_test_network_public_ip_prefix000001","name":"cli_test_network_public_ip_prefix000001","type":"Microsoft.Resources/resourceGroups","location":"eastus2","tags":{"product":"azurecli","cause":"automation","date":"2023-02-16T09:48:22Z"},"properties":{"provisioningState":"Succeeded"}}'
    headers:
      cache-control:
      - no-cache
      content-length:
      - '357'
      content-type:
      - application/json; charset=utf-8
      date:
      - Thu, 16 Feb 2023 09:50:26 GMT
      expires:
      - '-1'
      pragma:
      - no-cache
      strict-transport-security:
      - max-age=31536000; includeSubDomains
      vary:
      - Accept-Encoding
      x-content-type-options:
      - nosniff
    status:
      code: 200
      message: OK
- request:
    body: '{"location": "eastus2", "properties": {"prefixLength": 30, "publicIPAddressVersion":
      "IPv4"}, "sku": {"name": "Standard"}}'
    headers:
      Accept:
      - application/json
      Accept-Encoding:
      - gzip, deflate
      CommandName:
      - network public-ip prefix create
      Connection:
      - keep-alive
      Content-Length:
      - '122'
      Content-Type:
      - application/json
      ParameterSetName:
      - -g -n --length
      User-Agent:
      - AZURECLI/2.45.0 (AAZ) azsdk-python-core/1.24.0 Python/3.10.9 (Windows-10-10.0.22621-SP0)
    method: PUT
    uri: https://management.azure.com/subscriptions/00000000-0000-0000-0000-000000000000/resourceGroups/cli_test_network_public_ip_prefix000001/providers/Microsoft.Network/publicIPPrefixes/public_ip_prefix_0?api-version=2022-01-01
  response:
    body:
      string: "{\r\n  \"name\": \"public_ip_prefix_0\",\r\n  \"id\": \"/subscriptions/00000000-0000-0000-0000-000000000000/resourceGroups/cli_test_network_public_ip_prefix000001/providers/Microsoft.Network/publicIPPrefixes/public_ip_prefix_0\"\
        ,\r\n  \"etag\": \"W/\\\"0277f29f-2bfa-4a74-a31b-1687082b7740\\\"\",\r\n \
        \ \"type\": \"Microsoft.Network/publicIPPrefixes\",\r\n  \"location\": \"\
        eastus2\",\r\n  \"properties\": {\r\n    \"provisioningState\": \"Updating\"\
        ,\r\n    \"resourceGuid\": \"c7f22067-9d8b-483c-9ad8-a7ae122b2168\",\r\n \
        \   \"prefixLength\": 30,\r\n    \"publicIPAddressVersion\": \"IPv4\",\r\n\
        \    \"ipTags\": []\r\n  },\r\n  \"sku\": {\r\n    \"name\": \"Standard\"\
        ,\r\n    \"tier\": \"Regional\"\r\n  }\r\n}"
    headers:
      azure-asyncnotification:
      - Enabled
      azure-asyncoperation:
      - https://management.azure.com/subscriptions/00000000-0000-0000-0000-000000000000/providers/Microsoft.Network/locations/eastus2/operations/3ec63c33-5430-4652-b2c0-8199de4a59fe?api-version=2022-01-01
      cache-control:
      - no-cache
      content-length:
      - '624'
      content-type:
      - application/json; charset=utf-8
      date:
      - Thu, 16 Feb 2023 09:50:33 GMT
      expires:
      - '-1'
      pragma:
      - no-cache
      server:
      - Microsoft-HTTPAPI/2.0
      - Microsoft-HTTPAPI/2.0
      strict-transport-security:
      - max-age=31536000; includeSubDomains
      x-content-type-options:
      - nosniff
      x-ms-arm-service-request-id:
      - cf9afa29-4843-41d4-8afa-94c2b288e7fe
      x-ms-ratelimit-remaining-subscription-writes:
      - '1198'
    status:
      code: 201
      message: ''
- request:
    body: null
    headers:
      Accept:
      - '*/*'
      Accept-Encoding:
      - gzip, deflate
      CommandName:
      - network public-ip prefix create
      Connection:
      - keep-alive
      ParameterSetName:
      - -g -n --length
      User-Agent:
      - AZURECLI/2.45.0 (AAZ) azsdk-python-core/1.24.0 Python/3.10.9 (Windows-10-10.0.22621-SP0)
    method: GET
    uri: https://management.azure.com/subscriptions/00000000-0000-0000-0000-000000000000/providers/Microsoft.Network/locations/eastus2/operations/3ec63c33-5430-4652-b2c0-8199de4a59fe?api-version=2022-01-01
  response:
    body:
      string: "{\r\n  \"status\": \"Succeeded\"\r\n}"
    headers:
      cache-control:
      - no-cache
      content-length:
      - '29'
      content-type:
      - application/json; charset=utf-8
      date:
      - Thu, 16 Feb 2023 09:50:37 GMT
      expires:
      - '-1'
      pragma:
      - no-cache
      server:
      - Microsoft-HTTPAPI/2.0
      - Microsoft-HTTPAPI/2.0
      strict-transport-security:
      - max-age=31536000; includeSubDomains
      transfer-encoding:
      - chunked
      vary:
      - Accept-Encoding
      x-content-type-options:
      - nosniff
      x-ms-arm-service-request-id:
      - 1382d1ba-d512-4a15-92c0-68ae92ab437c
    status:
      code: 200
      message: OK
- request:
    body: null
    headers:
      Accept:
      - '*/*'
      Accept-Encoding:
      - gzip, deflate
      CommandName:
      - network public-ip prefix create
      Connection:
      - keep-alive
      ParameterSetName:
      - -g -n --length
      User-Agent:
      - AZURECLI/2.45.0 (AAZ) azsdk-python-core/1.24.0 Python/3.10.9 (Windows-10-10.0.22621-SP0)
    method: GET
    uri: https://management.azure.com/subscriptions/00000000-0000-0000-0000-000000000000/resourceGroups/cli_test_network_public_ip_prefix000001/providers/Microsoft.Network/publicIPPrefixes/public_ip_prefix_0?api-version=2022-01-01
  response:
    body:
      string: "{\r\n  \"name\": \"public_ip_prefix_0\",\r\n  \"id\": \"/subscriptions/00000000-0000-0000-0000-000000000000/resourceGroups/cli_test_network_public_ip_prefix000001/providers/Microsoft.Network/publicIPPrefixes/public_ip_prefix_0\"\
        ,\r\n  \"etag\": \"W/\\\"4f57fb8c-bd0e-419d-a5e3-5ef9b88d1aad\\\"\",\r\n \
        \ \"type\": \"Microsoft.Network/publicIPPrefixes\",\r\n  \"location\": \"\
        eastus2\",\r\n  \"properties\": {\r\n    \"provisioningState\": \"Succeeded\"\
        ,\r\n    \"resourceGuid\": \"c7f22067-9d8b-483c-9ad8-a7ae122b2168\",\r\n \
        \   \"prefixLength\": 30,\r\n    \"publicIPAddressVersion\": \"IPv4\",\r\n\
        \    \"ipPrefix\": \"20.1.190.248/30\",\r\n    \"ipTags\": []\r\n  },\r\n\
        \  \"sku\": {\r\n    \"name\": \"Standard\",\r\n    \"tier\": \"Regional\"\
        \r\n  }\r\n}"
    headers:
      cache-control:
      - no-cache
      content-length:
      - '661'
      content-type:
      - application/json; charset=utf-8
      date:
      - Thu, 16 Feb 2023 09:50:38 GMT
      etag:
      - W/"4f57fb8c-bd0e-419d-a5e3-5ef9b88d1aad"
      expires:
      - '-1'
      pragma:
      - no-cache
      server:
      - Microsoft-HTTPAPI/2.0
      - Microsoft-HTTPAPI/2.0
      strict-transport-security:
      - max-age=31536000; includeSubDomains
      transfer-encoding:
      - chunked
      vary:
      - Accept-Encoding
      x-content-type-options:
      - nosniff
      x-ms-arm-service-request-id:
      - a809d686-2389-414f-8578-d28f9ed8fad7
    status:
      code: 200
      message: OK
- request:
    body: null
    headers:
      Accept:
      - application/json
      Accept-Encoding:
      - gzip, deflate
      CommandName:
      - network public-ip prefix create
      Connection:
      - keep-alive
      ParameterSetName:
      - -g -n --length --version
      User-Agent:
      - AZURECLI/2.45.0 azsdk-python-azure-mgmt-resource/22.0.0 Python/3.10.9 (Windows-10-10.0.22621-SP0)
    method: GET
    uri: https://management.azure.com/subscriptions/00000000-0000-0000-0000-000000000000/resourcegroups/cli_test_network_public_ip_prefix000001?api-version=2022-09-01
  response:
    body:
      string: '{"id":"/subscriptions/00000000-0000-0000-0000-000000000000/resourceGroups/cli_test_network_public_ip_prefix000001","name":"cli_test_network_public_ip_prefix000001","type":"Microsoft.Resources/resourceGroups","location":"eastus2","tags":{"product":"azurecli","cause":"automation","date":"2023-02-16T09:48:22Z"},"properties":{"provisioningState":"Succeeded"}}'
    headers:
      cache-control:
      - no-cache
      content-length:
      - '357'
      content-type:
      - application/json; charset=utf-8
      date:
      - Thu, 16 Feb 2023 09:50:38 GMT
      expires:
      - '-1'
      pragma:
      - no-cache
      strict-transport-security:
      - max-age=31536000; includeSubDomains
      vary:
      - Accept-Encoding
      x-content-type-options:
      - nosniff
    status:
      code: 200
      message: OK
- request:
    body: '{"location": "eastus2", "properties": {"prefixLength": 127, "publicIPAddressVersion":
      "IPv6"}, "sku": {"name": "Standard"}}'
    headers:
      Accept:
      - application/json
      Accept-Encoding:
      - gzip, deflate
      CommandName:
      - network public-ip prefix create
      Connection:
      - keep-alive
      Content-Length:
      - '123'
      Content-Type:
      - application/json
      ParameterSetName:
      - -g -n --length --version
      User-Agent:
      - AZURECLI/2.45.0 (AAZ) azsdk-python-core/1.24.0 Python/3.10.9 (Windows-10-10.0.22621-SP0)
    method: PUT
    uri: https://management.azure.com/subscriptions/00000000-0000-0000-0000-000000000000/resourceGroups/cli_test_network_public_ip_prefix000001/providers/Microsoft.Network/publicIPPrefixes/public_ip_prefix_2?api-version=2022-01-01
  response:
    body:
      string: "{\r\n  \"name\": \"public_ip_prefix_2\",\r\n  \"id\": \"/subscriptions/00000000-0000-0000-0000-000000000000/resourceGroups/cli_test_network_public_ip_prefix000001/providers/Microsoft.Network/publicIPPrefixes/public_ip_prefix_2\"\
        ,\r\n  \"etag\": \"W/\\\"bcb96872-c72e-451f-a17f-8a833d798812\\\"\",\r\n \
        \ \"type\": \"Microsoft.Network/publicIPPrefixes\",\r\n  \"location\": \"\
        eastus2\",\r\n  \"properties\": {\r\n    \"provisioningState\": \"Updating\"\
        ,\r\n    \"resourceGuid\": \"d93b189e-5301-4758-8053-c674023477cf\",\r\n \
        \   \"prefixLength\": 127,\r\n    \"publicIPAddressVersion\": \"IPv6\",\r\n\
        \    \"ipTags\": []\r\n  },\r\n  \"sku\": {\r\n    \"name\": \"Standard\"\
        ,\r\n    \"tier\": \"Regional\"\r\n  }\r\n}"
    headers:
      azure-asyncnotification:
      - Enabled
      azure-asyncoperation:
      - https://management.azure.com/subscriptions/00000000-0000-0000-0000-000000000000/providers/Microsoft.Network/locations/eastus2/operations/9df8e06b-d216-477c-be77-ab003f93efcb?api-version=2022-01-01
      cache-control:
      - no-cache
      content-length:
      - '625'
      content-type:
      - application/json; charset=utf-8
      date:
      - Thu, 16 Feb 2023 09:50:43 GMT
      expires:
      - '-1'
      pragma:
      - no-cache
      server:
      - Microsoft-HTTPAPI/2.0
      - Microsoft-HTTPAPI/2.0
      strict-transport-security:
      - max-age=31536000; includeSubDomains
      x-content-type-options:
      - nosniff
      x-ms-arm-service-request-id:
      - 89a97e2b-1e89-480e-997e-5321ac3a1fd5
      x-ms-ratelimit-remaining-subscription-writes:
      - '1196'
    status:
      code: 201
      message: Created
- request:
    body: null
    headers:
      Accept:
      - '*/*'
      Accept-Encoding:
      - gzip, deflate
      CommandName:
      - network public-ip prefix create
      Connection:
      - keep-alive
      ParameterSetName:
      - -g -n --length --version
      User-Agent:
      - AZURECLI/2.45.0 (AAZ) azsdk-python-core/1.24.0 Python/3.10.9 (Windows-10-10.0.22621-SP0)
    method: GET
    uri: https://management.azure.com/subscriptions/00000000-0000-0000-0000-000000000000/providers/Microsoft.Network/locations/eastus2/operations/9df8e06b-d216-477c-be77-ab003f93efcb?api-version=2022-01-01
  response:
    body:
      string: "{\r\n  \"status\": \"Succeeded\"\r\n}"
    headers:
      cache-control:
      - no-cache
      content-length:
      - '29'
      content-type:
      - application/json; charset=utf-8
      date:
      - Thu, 16 Feb 2023 09:50:46 GMT
      expires:
      - '-1'
      pragma:
      - no-cache
      server:
      - Microsoft-HTTPAPI/2.0
      - Microsoft-HTTPAPI/2.0
      strict-transport-security:
      - max-age=31536000; includeSubDomains
      transfer-encoding:
      - chunked
      vary:
      - Accept-Encoding
      x-content-type-options:
      - nosniff
      x-ms-arm-service-request-id:
      - dd1fdabd-1da5-4d1e-a581-2502c7c4768d
    status:
      code: 200
      message: OK
- request:
    body: null
    headers:
      Accept:
      - '*/*'
      Accept-Encoding:
      - gzip, deflate
      CommandName:
      - network public-ip prefix create
      Connection:
      - keep-alive
      ParameterSetName:
      - -g -n --length --version
      User-Agent:
      - AZURECLI/2.45.0 (AAZ) azsdk-python-core/1.24.0 Python/3.10.9 (Windows-10-10.0.22621-SP0)
    method: GET
    uri: https://management.azure.com/subscriptions/00000000-0000-0000-0000-000000000000/resourceGroups/cli_test_network_public_ip_prefix000001/providers/Microsoft.Network/publicIPPrefixes/public_ip_prefix_2?api-version=2022-01-01
  response:
    body:
      string: "{\r\n  \"name\": \"public_ip_prefix_2\",\r\n  \"id\": \"/subscriptions/00000000-0000-0000-0000-000000000000/resourceGroups/cli_test_network_public_ip_prefix000001/providers/Microsoft.Network/publicIPPrefixes/public_ip_prefix_2\"\
        ,\r\n  \"etag\": \"W/\\\"07008f6b-fce7-4ef2-a468-7018e90b9302\\\"\",\r\n \
        \ \"type\": \"Microsoft.Network/publicIPPrefixes\",\r\n  \"location\": \"\
        eastus2\",\r\n  \"properties\": {\r\n    \"provisioningState\": \"Succeeded\"\
        ,\r\n    \"resourceGuid\": \"d93b189e-5301-4758-8053-c674023477cf\",\r\n \
        \   \"prefixLength\": 127,\r\n    \"publicIPAddressVersion\": \"IPv6\",\r\n\
        \    \"ipPrefix\": \"2603:1030:408:4::2/127\",\r\n    \"ipTags\": []\r\n \
        \ },\r\n  \"sku\": {\r\n    \"name\": \"Standard\",\r\n    \"tier\": \"Regional\"\
        \r\n  }\r\n}"
    headers:
      cache-control:
      - no-cache
      content-length:
      - '669'
      content-type:
      - application/json; charset=utf-8
      date:
      - Thu, 16 Feb 2023 09:50:47 GMT
      etag:
      - W/"07008f6b-fce7-4ef2-a468-7018e90b9302"
      expires:
      - '-1'
      pragma:
      - no-cache
      server:
      - Microsoft-HTTPAPI/2.0
      - Microsoft-HTTPAPI/2.0
      strict-transport-security:
      - max-age=31536000; includeSubDomains
      transfer-encoding:
      - chunked
      vary:
      - Accept-Encoding
      x-content-type-options:
      - nosniff
      x-ms-arm-service-request-id:
      - 3221eed0-e83b-430a-9693-5f231a1e2ad9
    status:
      code: 200
      message: OK
version: 1
