interactions:
- request:
    body: null
    headers:
      Accept:
      - application/json
      Accept-Encoding:
      - gzip, deflate
      CommandName:
      - network application-gateway waf-policy create
      Connection:
      - keep-alive
      ParameterSetName:
      - -g -n
      User-Agent:
      - AZURECLI/2.45.0 azsdk-python-azure-mgmt-resource/22.0.0 Python/3.10.9 (Linux-5.15.0-1031-azure-x86_64-with-glibc2.31)
        VSTS_7b238909-6802-4b65-b90d-184bca47f458_build_220_0
    method: GET
    uri: https://management.azure.com/subscriptions/00000000-0000-0000-0000-000000000000/resourcegroups/cli_test_app_gateway_waf_policy_managed_rules_000001?api-version=2022-09-01
  response:
    body:
      string: '{"id":"/subscriptions/00000000-0000-0000-0000-000000000000/resourceGroups/cli_test_app_gateway_waf_policy_managed_rules_000001","name":"cli_test_app_gateway_waf_policy_managed_rules_000001","type":"Microsoft.Resources/resourceGroups","location":"westus","tags":{"product":"azurecli","cause":"automation","date":"2023-02-07T18:04:30Z"},"properties":{"provisioningState":"Succeeded"}}'
    headers:
      cache-control:
      - no-cache
      content-length:
      - '382'
      content-type:
      - application/json; charset=utf-8
      date:
      - Tue, 07 Feb 2023 18:04:32 GMT
      expires:
      - '-1'
      pragma:
      - no-cache
      strict-transport-security:
      - max-age=31536000; includeSubDomains
      vary:
      - Accept-Encoding
      x-content-type-options:
      - nosniff
    status:
      code: 200
      message: OK
- request:
    body: '{"location": "westus", "properties": {"managedRules": {"managedRuleSets":
      [{"ruleSetType": "OWASP", "ruleSetVersion": "3.0"}]}}}'
    headers:
      Accept:
      - application/json
      Accept-Encoding:
      - gzip, deflate
      CommandName:
      - network application-gateway waf-policy create
      Connection:
      - keep-alive
      Content-Length:
      - '128'
      Content-Type:
      - application/json
      ParameterSetName:
      - -g -n
      User-Agent:
      - AZURECLI/2.45.0 (AAZ) azsdk-python-core/1.24.0 Python/3.10.9 (Linux-5.15.0-1031-azure-x86_64-with-glibc2.31)
        VSTS_7b238909-6802-4b65-b90d-184bca47f458_build_220_0
    method: PUT
    uri: https://management.azure.com/subscriptions/00000000-0000-0000-0000-000000000000/resourceGroups/cli_test_app_gateway_waf_policy_managed_rules_000001/providers/Microsoft.Network/ApplicationGatewayWebApplicationFirewallPolicies/agp1?api-version=2022-05-01
  response:
    body:
      string: "{\r\n  \"name\": \"agp1\",\r\n  \"id\": \"/subscriptions/00000000-0000-0000-0000-000000000000/resourceGroups/cli_test_app_gateway_waf_policy_managed_rules_000001/providers/Microsoft.Network/ApplicationGatewayWebApplicationFirewallPolicies/agp1\",\r\n
        \ \"etag\": \"W/\\\"d1034c2d-ec6e-45c9-94a2-329571c26f51\\\"\",\r\n  \"type\":
        \"Microsoft.Network/ApplicationGatewayWebApplicationFirewallPolicies\",\r\n
        \ \"location\": \"westus\",\r\n  \"properties\": {\r\n    \"provisioningState\":
        \"Updating\",\r\n    \"customRules\": [],\r\n    \"policySettings\": {\r\n
        \     \"requestBodyCheck\": true,\r\n      \"maxRequestBodySizeInKb\": 128,\r\n
        \     \"fileUploadLimitInMb\": 100,\r\n      \"state\": \"Disabled\",\r\n
        \     \"mode\": \"Detection\"\r\n    },\r\n    \"managedRules\": {\r\n      \"managedRuleSets\":
        [\r\n        {\r\n          \"ruleSetType\": \"OWASP\",\r\n          \"ruleSetVersion\":
        \"3.0\",\r\n          \"ruleGroupOverrides\": []\r\n        }\r\n      ],\r\n
        \     \"exclusions\": []\r\n    }\r\n  }\r\n}"
    headers:
      azure-asyncnotification:
      - Enabled
      azure-asyncoperation:
      - https://management.azure.com/subscriptions/00000000-0000-0000-0000-000000000000/providers/Microsoft.Network/locations/westus/operations/67d76cb3-e215-4dc9-985f-1ff3efd913de?api-version=2022-05-01
      cache-control:
      - no-cache
      content-length:
      - '901'
      content-type:
      - application/json; charset=utf-8
      date:
      - Tue, 07 Feb 2023 18:04:34 GMT
      expires:
      - '-1'
      pragma:
      - no-cache
      server:
      - Microsoft-HTTPAPI/2.0
      - Microsoft-HTTPAPI/2.0
      strict-transport-security:
      - max-age=31536000; includeSubDomains
      x-content-type-options:
      - nosniff
      x-ms-arm-service-request-id:
      - c63d24c9-7b8f-4581-b0f0-0e26ebf41602
      x-ms-ratelimit-remaining-subscription-writes:
      - '1199'
    status:
      code: 201
      message: Created
- request:
    body: null
    headers:
      Accept:
      - application/json
      Accept-Encoding:
      - gzip, deflate
      CommandName:
      - network application-gateway waf-policy managed-rule rule-set add
      Connection:
      - keep-alive
      ParameterSetName:
      - -g --policy-name --type --version --group-name --rule --rule
      User-Agent:
      - AZURECLI/2.45.0 (AAZ) azsdk-python-core/1.24.0 Python/3.10.9 (Linux-5.15.0-1031-azure-x86_64-with-glibc2.31)
        VSTS_7b238909-6802-4b65-b90d-184bca47f458_build_220_0
    method: GET
    uri: https://management.azure.com/subscriptions/00000000-0000-0000-0000-000000000000/resourceGroups/cli_test_app_gateway_waf_policy_managed_rules_000001/providers/Microsoft.Network/ApplicationGatewayWebApplicationFirewallPolicies/agp1?api-version=2022-05-01
  response:
    body:
      string: "{\r\n  \"name\": \"agp1\",\r\n  \"id\": \"/subscriptions/00000000-0000-0000-0000-000000000000/resourceGroups/cli_test_app_gateway_waf_policy_managed_rules_000001/providers/Microsoft.Network/ApplicationGatewayWebApplicationFirewallPolicies/agp1\",\r\n
        \ \"etag\": \"W/\\\"9fe7bead-1ce6-47ab-87ea-5afd2945b4df\\\"\",\r\n  \"type\":
        \"Microsoft.Network/ApplicationGatewayWebApplicationFirewallPolicies\",\r\n
        \ \"location\": \"westus\",\r\n  \"properties\": {\r\n    \"provisioningState\":
        \"Succeeded\",\r\n    \"customRules\": [],\r\n    \"policySettings\": {\r\n
        \     \"requestBodyCheck\": true,\r\n      \"maxRequestBodySizeInKb\": 128,\r\n
        \     \"fileUploadLimitInMb\": 100,\r\n      \"state\": \"Disabled\",\r\n
        \     \"mode\": \"Detection\"\r\n    },\r\n    \"managedRules\": {\r\n      \"managedRuleSets\":
        [\r\n        {\r\n          \"ruleSetType\": \"OWASP\",\r\n          \"ruleSetVersion\":
        \"3.0\",\r\n          \"ruleGroupOverrides\": []\r\n        }\r\n      ],\r\n
        \     \"exclusions\": []\r\n    }\r\n  }\r\n}"
    headers:
      cache-control:
      - no-cache
      content-length:
      - '902'
      content-type:
      - application/json; charset=utf-8
      date:
      - Tue, 07 Feb 2023 18:04:34 GMT
      etag:
      - W/"9fe7bead-1ce6-47ab-87ea-5afd2945b4df"
      expires:
      - '-1'
      pragma:
      - no-cache
      server:
      - Microsoft-HTTPAPI/2.0
      - Microsoft-HTTPAPI/2.0
      strict-transport-security:
      - max-age=31536000; includeSubDomains
      transfer-encoding:
      - chunked
      vary:
      - Accept-Encoding
      x-content-type-options:
      - nosniff
      x-ms-arm-service-request-id:
      - c6f13b73-a0b4-4caf-9c2d-9a8d4877a792
    status:
      code: 200
      message: OK
- request:
    body: '{"id": "/subscriptions/00000000-0000-0000-0000-000000000000/resourceGroups/cli_test_app_gateway_waf_policy_managed_rules_000001/providers/Microsoft.Network/ApplicationGatewayWebApplicationFirewallPolicies/agp1",
      "location": "westus", "properties": {"customRules": [], "managedRules": {"exclusions":
      [], "managedRuleSets": [{"ruleGroupOverrides": [{"ruleGroupName": "REQUEST-921-PROTOCOL-ATTACK",
      "rules": [{"ruleId": "921100"}, {"ruleId": "921110"}]}], "ruleSetType": "OWASP",
      "ruleSetVersion": "3.0"}]}, "policySettings": {"fileUploadLimitInMb": 100, "maxRequestBodySizeInKb":
      128, "mode": "Detection", "requestBodyCheck": true, "state": "Disabled"}}}'
    headers:
      Accept:
      - application/json
      Accept-Encoding:
      - gzip, deflate
      CommandName:
      - network application-gateway waf-policy managed-rule rule-set add
      Connection:
      - keep-alive
      Content-Length:
      - '652'
      Content-Type:
      - application/json
      ParameterSetName:
      - -g --policy-name --type --version --group-name --rule --rule
      User-Agent:
      - AZURECLI/2.45.0 (AAZ) azsdk-python-core/1.24.0 Python/3.10.9 (Linux-5.15.0-1031-azure-x86_64-with-glibc2.31)
        VSTS_7b238909-6802-4b65-b90d-184bca47f458_build_220_0
    method: PUT
    uri: https://management.azure.com/subscriptions/00000000-0000-0000-0000-000000000000/resourceGroups/cli_test_app_gateway_waf_policy_managed_rules_000001/providers/Microsoft.Network/ApplicationGatewayWebApplicationFirewallPolicies/agp1?api-version=2022-05-01
  response:
    body:
      string: "{\r\n  \"name\": \"agp1\",\r\n  \"id\": \"/subscriptions/00000000-0000-0000-0000-000000000000/resourceGroups/cli_test_app_gateway_waf_policy_managed_rules_000001/providers/Microsoft.Network/ApplicationGatewayWebApplicationFirewallPolicies/agp1\",\r\n
        \ \"etag\": \"W/\\\"55a1896f-0815-44a7-ae72-ec162d394593\\\"\",\r\n  \"type\":
        \"Microsoft.Network/ApplicationGatewayWebApplicationFirewallPolicies\",\r\n
        \ \"location\": \"westus\",\r\n  \"properties\": {\r\n    \"provisioningState\":
        \"Updating\",\r\n    \"customRules\": [],\r\n    \"policySettings\": {\r\n
        \     \"requestBodyCheck\": true,\r\n      \"maxRequestBodySizeInKb\": 128,\r\n
        \     \"fileUploadLimitInMb\": 100,\r\n      \"state\": \"Disabled\",\r\n
        \     \"mode\": \"Detection\"\r\n    },\r\n    \"managedRules\": {\r\n      \"managedRuleSets\":
        [\r\n        {\r\n          \"ruleSetType\": \"OWASP\",\r\n          \"ruleSetVersion\":
        \"3.0\",\r\n          \"ruleGroupOverrides\": [\r\n            {\r\n              \"ruleGroupName\":
        \"REQUEST-921-PROTOCOL-ATTACK\",\r\n              \"rules\": [\r\n                {\r\n
        \                 \"ruleId\": \"921100\",\r\n                  \"state\":
        \"Disabled\"\r\n                },\r\n                {\r\n                  \"ruleId\":
        \"921110\",\r\n                  \"state\": \"Disabled\"\r\n                }\r\n
        \             ]\r\n            }\r\n          ]\r\n        }\r\n      ],\r\n
        \     \"exclusions\": []\r\n    }\r\n  }\r\n}"
    headers:
      azure-asyncnotification:
      - Enabled
      azure-asyncoperation:
      - https://management.azure.com/subscriptions/00000000-0000-0000-0000-000000000000/providers/Microsoft.Network/locations/westus/operations/e7e03ec7-cfb9-4505-8626-6d5b1659ce40?api-version=2022-05-01
      cache-control:
      - no-cache
      content-length:
      - '1282'
      content-type:
      - application/json; charset=utf-8
      date:
      - Tue, 07 Feb 2023 18:04:35 GMT
      expires:
      - '-1'
      pragma:
      - no-cache
      server:
      - Microsoft-HTTPAPI/2.0
      - Microsoft-HTTPAPI/2.0
      strict-transport-security:
      - max-age=31536000; includeSubDomains
      transfer-encoding:
      - chunked
      vary:
      - Accept-Encoding
      x-content-type-options:
      - nosniff
      x-ms-arm-service-request-id:
      - 6bc75dce-3beb-4f06-ac5b-ed9c7a33d89d
      x-ms-ratelimit-remaining-subscription-writes:
      - '1195'
    status:
      code: 200
      message: OK
- request:
    body: null
    headers:
      Accept:
      - application/json
      Accept-Encoding:
      - gzip, deflate
      CommandName:
      - network application-gateway waf-policy show
      Connection:
      - keep-alive
      ParameterSetName:
      - -g -n
      User-Agent:
      - AZURECLI/2.45.0 (AAZ) azsdk-python-core/1.24.0 Python/3.10.9 (Linux-5.15.0-1031-azure-x86_64-with-glibc2.31)
        VSTS_7b238909-6802-4b65-b90d-184bca47f458_build_220_0
    method: GET
    uri: https://management.azure.com/subscriptions/00000000-0000-0000-0000-000000000000/resourceGroups/cli_test_app_gateway_waf_policy_managed_rules_000001/providers/Microsoft.Network/ApplicationGatewayWebApplicationFirewallPolicies/agp1?api-version=2022-05-01
  response:
    body:
      string: "{\r\n  \"name\": \"agp1\",\r\n  \"id\": \"/subscriptions/00000000-0000-0000-0000-000000000000/resourceGroups/cli_test_app_gateway_waf_policy_managed_rules_000001/providers/Microsoft.Network/ApplicationGatewayWebApplicationFirewallPolicies/agp1\",\r\n
        \ \"etag\": \"W/\\\"15f18745-4de5-4f0e-9e4e-bf012eb4df24\\\"\",\r\n  \"type\":
        \"Microsoft.Network/ApplicationGatewayWebApplicationFirewallPolicies\",\r\n
        \ \"location\": \"westus\",\r\n  \"properties\": {\r\n    \"provisioningState\":
        \"Succeeded\",\r\n    \"customRules\": [],\r\n    \"policySettings\": {\r\n
        \     \"requestBodyCheck\": true,\r\n      \"maxRequestBodySizeInKb\": 128,\r\n
        \     \"fileUploadLimitInMb\": 100,\r\n      \"state\": \"Disabled\",\r\n
        \     \"mode\": \"Detection\"\r\n    },\r\n    \"managedRules\": {\r\n      \"managedRuleSets\":
        [\r\n        {\r\n          \"ruleSetType\": \"OWASP\",\r\n          \"ruleSetVersion\":
        \"3.0\",\r\n          \"ruleGroupOverrides\": [\r\n            {\r\n              \"ruleGroupName\":
        \"REQUEST-921-PROTOCOL-ATTACK\",\r\n              \"rules\": [\r\n                {\r\n
        \                 \"ruleId\": \"921100\",\r\n                  \"state\":
        \"Disabled\"\r\n                },\r\n                {\r\n                  \"ruleId\":
        \"921110\",\r\n                  \"state\": \"Disabled\"\r\n                }\r\n
        \             ]\r\n            }\r\n          ]\r\n        }\r\n      ],\r\n
        \     \"exclusions\": []\r\n    }\r\n  }\r\n}"
    headers:
      cache-control:
      - no-cache
      content-length:
      - '1283'
      content-type:
      - application/json; charset=utf-8
      date:
      - Tue, 07 Feb 2023 18:04:35 GMT
      etag:
      - W/"15f18745-4de5-4f0e-9e4e-bf012eb4df24"
      expires:
      - '-1'
      pragma:
      - no-cache
      server:
      - Microsoft-HTTPAPI/2.0
      - Microsoft-HTTPAPI/2.0
      strict-transport-security:
      - max-age=31536000; includeSubDomains
      transfer-encoding:
      - chunked
      vary:
      - Accept-Encoding
      x-content-type-options:
      - nosniff
      x-ms-arm-service-request-id:
      - 15ea690f-9b09-4a80-87cc-803d78520719
    status:
      code: 200
      message: OK
- request:
    body: null
    headers:
      Accept:
      - application/json
      Accept-Encoding:
      - gzip, deflate
      CommandName:
      - network application-gateway waf-policy managed-rule rule-set add
      Connection:
      - keep-alive
      ParameterSetName:
      - -g --policy-name --type --version --group-name --rule
      User-Agent:
      - AZURECLI/2.45.0 (AAZ) azsdk-python-core/1.24.0 Python/3.10.9 (Linux-5.15.0-1031-azure-x86_64-with-glibc2.31)
        VSTS_7b238909-6802-4b65-b90d-184bca47f458_build_220_0
    method: GET
    uri: https://management.azure.com/subscriptions/00000000-0000-0000-0000-000000000000/resourceGroups/cli_test_app_gateway_waf_policy_managed_rules_000001/providers/Microsoft.Network/ApplicationGatewayWebApplicationFirewallPolicies/agp1?api-version=2022-05-01
  response:
    body:
      string: "{\r\n  \"name\": \"agp1\",\r\n  \"id\": \"/subscriptions/00000000-0000-0000-0000-000000000000/resourceGroups/cli_test_app_gateway_waf_policy_managed_rules_000001/providers/Microsoft.Network/ApplicationGatewayWebApplicationFirewallPolicies/agp1\",\r\n
        \ \"etag\": \"W/\\\"15f18745-4de5-4f0e-9e4e-bf012eb4df24\\\"\",\r\n  \"type\":
        \"Microsoft.Network/ApplicationGatewayWebApplicationFirewallPolicies\",\r\n
        \ \"location\": \"westus\",\r\n  \"properties\": {\r\n    \"provisioningState\":
        \"Succeeded\",\r\n    \"customRules\": [],\r\n    \"policySettings\": {\r\n
        \     \"requestBodyCheck\": true,\r\n      \"maxRequestBodySizeInKb\": 128,\r\n
        \     \"fileUploadLimitInMb\": 100,\r\n      \"state\": \"Disabled\",\r\n
        \     \"mode\": \"Detection\"\r\n    },\r\n    \"managedRules\": {\r\n      \"managedRuleSets\":
        [\r\n        {\r\n          \"ruleSetType\": \"OWASP\",\r\n          \"ruleSetVersion\":
        \"3.0\",\r\n          \"ruleGroupOverrides\": [\r\n            {\r\n              \"ruleGroupName\":
        \"REQUEST-921-PROTOCOL-ATTACK\",\r\n              \"rules\": [\r\n                {\r\n
        \                 \"ruleId\": \"921100\",\r\n                  \"state\":
        \"Disabled\"\r\n                },\r\n                {\r\n                  \"ruleId\":
        \"921110\",\r\n                  \"state\": \"Disabled\"\r\n                }\r\n
        \             ]\r\n            }\r\n          ]\r\n        }\r\n      ],\r\n
        \     \"exclusions\": []\r\n    }\r\n  }\r\n}"
    headers:
      cache-control:
      - no-cache
      content-length:
      - '1283'
      content-type:
      - application/json; charset=utf-8
      date:
      - Tue, 07 Feb 2023 18:04:36 GMT
      etag:
      - W/"15f18745-4de5-4f0e-9e4e-bf012eb4df24"
      expires:
      - '-1'
      pragma:
      - no-cache
      server:
      - Microsoft-HTTPAPI/2.0
      - Microsoft-HTTPAPI/2.0
      strict-transport-security:
      - max-age=31536000; includeSubDomains
      transfer-encoding:
      - chunked
      vary:
      - Accept-Encoding
      x-content-type-options:
      - nosniff
      x-ms-arm-service-request-id:
      - b55b01a5-beac-4667-8b9d-a6849906b469
    status:
      code: 200
      message: OK
- request:
    body: '{"id": "/subscriptions/00000000-0000-0000-0000-000000000000/resourceGroups/cli_test_app_gateway_waf_policy_managed_rules_000001/providers/Microsoft.Network/ApplicationGatewayWebApplicationFirewallPolicies/agp1",
      "location": "westus", "properties": {"customRules": [], "managedRules": {"exclusions":
      [], "managedRuleSets": [{"ruleGroupOverrides": [{"ruleGroupName": "REQUEST-921-PROTOCOL-ATTACK",
      "rules": [{"ruleId": "921100", "state": "Disabled"}, {"ruleId": "921110", "state":
      "Disabled"}, {"ruleId": "921150"}]}], "ruleSetType": "OWASP", "ruleSetVersion":
      "3.0"}]}, "policySettings": {"fileUploadLimitInMb": 100, "maxRequestBodySizeInKb":
      128, "mode": "Detection", "requestBodyCheck": true, "state": "Disabled"}}}'
    headers:
      Accept:
      - application/json
      Accept-Encoding:
      - gzip, deflate
      CommandName:
      - network application-gateway waf-policy managed-rule rule-set add
      Connection:
      - keep-alive
      Content-Length:
      - '716'
      Content-Type:
      - application/json
      ParameterSetName:
      - -g --policy-name --type --version --group-name --rule
      User-Agent:
      - AZURECLI/2.45.0 (AAZ) azsdk-python-core/1.24.0 Python/3.10.9 (Linux-5.15.0-1031-azure-x86_64-with-glibc2.31)
        VSTS_7b238909-6802-4b65-b90d-184bca47f458_build_220_0
    method: PUT
    uri: https://management.azure.com/subscriptions/00000000-0000-0000-0000-000000000000/resourceGroups/cli_test_app_gateway_waf_policy_managed_rules_000001/providers/Microsoft.Network/ApplicationGatewayWebApplicationFirewallPolicies/agp1?api-version=2022-05-01
  response:
    body:
      string: "{\r\n  \"name\": \"agp1\",\r\n  \"id\": \"/subscriptions/00000000-0000-0000-0000-000000000000/resourceGroups/cli_test_app_gateway_waf_policy_managed_rules_000001/providers/Microsoft.Network/ApplicationGatewayWebApplicationFirewallPolicies/agp1\",\r\n
        \ \"etag\": \"W/\\\"5458e454-9f58-4aa5-84fb-a57971c4a21e\\\"\",\r\n  \"type\":
        \"Microsoft.Network/ApplicationGatewayWebApplicationFirewallPolicies\",\r\n
        \ \"location\": \"westus\",\r\n  \"properties\": {\r\n    \"provisioningState\":
        \"Updating\",\r\n    \"customRules\": [],\r\n    \"policySettings\": {\r\n
        \     \"requestBodyCheck\": true,\r\n      \"maxRequestBodySizeInKb\": 128,\r\n
        \     \"fileUploadLimitInMb\": 100,\r\n      \"state\": \"Disabled\",\r\n
        \     \"mode\": \"Detection\"\r\n    },\r\n    \"managedRules\": {\r\n      \"managedRuleSets\":
        [\r\n        {\r\n          \"ruleSetType\": \"OWASP\",\r\n          \"ruleSetVersion\":
        \"3.0\",\r\n          \"ruleGroupOverrides\": [\r\n            {\r\n              \"ruleGroupName\":
        \"REQUEST-921-PROTOCOL-ATTACK\",\r\n              \"rules\": [\r\n                {\r\n
        \                 \"ruleId\": \"921100\",\r\n                  \"state\":
        \"Disabled\"\r\n                },\r\n                {\r\n                  \"ruleId\":
        \"921110\",\r\n                  \"state\": \"Disabled\"\r\n                },\r\n
        \               {\r\n                  \"ruleId\": \"921150\",\r\n                  \"state\":
        \"Disabled\"\r\n                }\r\n              ]\r\n            }\r\n
        \         ]\r\n        }\r\n      ],\r\n      \"exclusions\": []\r\n    }\r\n
        \ }\r\n}"
    headers:
      azure-asyncnotification:
      - Enabled
      azure-asyncoperation:
      - https://management.azure.com/subscriptions/00000000-0000-0000-0000-000000000000/providers/Microsoft.Network/locations/westus/operations/957684ce-3634-4aa7-a5d8-a7b281d62dac?api-version=2022-05-01
      cache-control:
      - no-cache
      content-length:
      - '1399'
      content-type:
      - application/json; charset=utf-8
      date:
      - Tue, 07 Feb 2023 18:04:36 GMT
      expires:
      - '-1'
      pragma:
      - no-cache
      server:
      - Microsoft-HTTPAPI/2.0
      - Microsoft-HTTPAPI/2.0
      strict-transport-security:
      - max-age=31536000; includeSubDomains
      transfer-encoding:
      - chunked
      vary:
      - Accept-Encoding
      x-content-type-options:
      - nosniff
      x-ms-arm-service-request-id:
      - 1d5eaded-1169-4e9b-ad73-7192b15b2b8c
      x-ms-ratelimit-remaining-subscription-writes:
      - '1199'
    status:
      code: 200
      message: OK
- request:
    body: null
    headers:
      Accept:
      - application/json
      Accept-Encoding:
      - gzip, deflate
      CommandName:
      - network application-gateway waf-policy managed-rule rule-set list
      Connection:
      - keep-alive
      ParameterSetName:
      - -g --policy-name
      User-Agent:
      - AZURECLI/2.45.0 (AAZ) azsdk-python-core/1.24.0 Python/3.10.9 (Linux-5.15.0-1031-azure-x86_64-with-glibc2.31)
        VSTS_7b238909-6802-4b65-b90d-184bca47f458_build_220_0
    method: GET
    uri: https://management.azure.com/subscriptions/00000000-0000-0000-0000-000000000000/resourceGroups/cli_test_app_gateway_waf_policy_managed_rules_000001/providers/Microsoft.Network/ApplicationGatewayWebApplicationFirewallPolicies/agp1?api-version=2022-05-01
  response:
    body:
      string: "{\r\n  \"name\": \"agp1\",\r\n  \"id\": \"/subscriptions/00000000-0000-0000-0000-000000000000/resourceGroups/cli_test_app_gateway_waf_policy_managed_rules_000001/providers/Microsoft.Network/ApplicationGatewayWebApplicationFirewallPolicies/agp1\",\r\n
        \ \"etag\": \"W/\\\"693970d7-33ee-4e7a-a8df-19fff7fa390c\\\"\",\r\n  \"type\":
        \"Microsoft.Network/ApplicationGatewayWebApplicationFirewallPolicies\",\r\n
        \ \"location\": \"westus\",\r\n  \"properties\": {\r\n    \"provisioningState\":
        \"Succeeded\",\r\n    \"customRules\": [],\r\n    \"policySettings\": {\r\n
        \     \"requestBodyCheck\": true,\r\n      \"maxRequestBodySizeInKb\": 128,\r\n
        \     \"fileUploadLimitInMb\": 100,\r\n      \"state\": \"Disabled\",\r\n
        \     \"mode\": \"Detection\"\r\n    },\r\n    \"managedRules\": {\r\n      \"managedRuleSets\":
        [\r\n        {\r\n          \"ruleSetType\": \"OWASP\",\r\n          \"ruleSetVersion\":
        \"3.0\",\r\n          \"ruleGroupOverrides\": [\r\n            {\r\n              \"ruleGroupName\":
        \"REQUEST-921-PROTOCOL-ATTACK\",\r\n              \"rules\": [\r\n                {\r\n
        \                 \"ruleId\": \"921100\",\r\n                  \"state\":
        \"Disabled\"\r\n                },\r\n                {\r\n                  \"ruleId\":
        \"921110\",\r\n                  \"state\": \"Disabled\"\r\n                },\r\n
        \               {\r\n                  \"ruleId\": \"921150\",\r\n                  \"state\":
        \"Disabled\"\r\n                }\r\n              ]\r\n            }\r\n
        \         ]\r\n        }\r\n      ],\r\n      \"exclusions\": []\r\n    }\r\n
        \ }\r\n}"
    headers:
      cache-control:
      - no-cache
      content-length:
      - '1400'
      content-type:
      - application/json; charset=utf-8
      date:
      - Tue, 07 Feb 2023 18:04:36 GMT
      etag:
      - W/"693970d7-33ee-4e7a-a8df-19fff7fa390c"
      expires:
      - '-1'
      pragma:
      - no-cache
      server:
      - Microsoft-HTTPAPI/2.0
      - Microsoft-HTTPAPI/2.0
      strict-transport-security:
      - max-age=31536000; includeSubDomains
      transfer-encoding:
      - chunked
      vary:
      - Accept-Encoding
      x-content-type-options:
      - nosniff
      x-ms-arm-service-request-id:
      - 3bdc215f-4228-4ddc-acd4-740da41b9493
    status:
      code: 200
      message: OK
- request:
    body: null
    headers:
      Accept:
      - application/json
      Accept-Encoding:
      - gzip, deflate
      CommandName:
      - network application-gateway waf-policy managed-rule rule-set add
      Connection:
      - keep-alive
      ParameterSetName:
      - -g --policy-name --type --version --group-name --rule
      User-Agent:
      - AZURECLI/2.45.0 (AAZ) azsdk-python-core/1.24.0 Python/3.10.9 (Linux-5.15.0-1031-azure-x86_64-with-glibc2.31)
        VSTS_7b238909-6802-4b65-b90d-184bca47f458_build_220_0
    method: GET
    uri: https://management.azure.com/subscriptions/00000000-0000-0000-0000-000000000000/resourceGroups/cli_test_app_gateway_waf_policy_managed_rules_000001/providers/Microsoft.Network/ApplicationGatewayWebApplicationFirewallPolicies/agp1?api-version=2022-05-01
  response:
    body:
      string: "{\r\n  \"name\": \"agp1\",\r\n  \"id\": \"/subscriptions/00000000-0000-0000-0000-000000000000/resourceGroups/cli_test_app_gateway_waf_policy_managed_rules_000001/providers/Microsoft.Network/ApplicationGatewayWebApplicationFirewallPolicies/agp1\",\r\n
        \ \"etag\": \"W/\\\"693970d7-33ee-4e7a-a8df-19fff7fa390c\\\"\",\r\n  \"type\":
        \"Microsoft.Network/ApplicationGatewayWebApplicationFirewallPolicies\",\r\n
        \ \"location\": \"westus\",\r\n  \"properties\": {\r\n    \"provisioningState\":
        \"Succeeded\",\r\n    \"customRules\": [],\r\n    \"policySettings\": {\r\n
        \     \"requestBodyCheck\": true,\r\n      \"maxRequestBodySizeInKb\": 128,\r\n
        \     \"fileUploadLimitInMb\": 100,\r\n      \"state\": \"Disabled\",\r\n
        \     \"mode\": \"Detection\"\r\n    },\r\n    \"managedRules\": {\r\n      \"managedRuleSets\":
        [\r\n        {\r\n          \"ruleSetType\": \"OWASP\",\r\n          \"ruleSetVersion\":
        \"3.0\",\r\n          \"ruleGroupOverrides\": [\r\n            {\r\n              \"ruleGroupName\":
        \"REQUEST-921-PROTOCOL-ATTACK\",\r\n              \"rules\": [\r\n                {\r\n
        \                 \"ruleId\": \"921100\",\r\n                  \"state\":
        \"Disabled\"\r\n                },\r\n                {\r\n                  \"ruleId\":
        \"921110\",\r\n                  \"state\": \"Disabled\"\r\n                },\r\n
        \               {\r\n                  \"ruleId\": \"921150\",\r\n                  \"state\":
        \"Disabled\"\r\n                }\r\n              ]\r\n            }\r\n
        \         ]\r\n        }\r\n      ],\r\n      \"exclusions\": []\r\n    }\r\n
        \ }\r\n}"
    headers:
      cache-control:
      - no-cache
      content-length:
      - '1400'
      content-type:
      - application/json; charset=utf-8
      date:
      - Tue, 07 Feb 2023 18:04:37 GMT
      etag:
      - W/"693970d7-33ee-4e7a-a8df-19fff7fa390c"
      expires:
      - '-1'
      pragma:
      - no-cache
      server:
      - Microsoft-HTTPAPI/2.0
      - Microsoft-HTTPAPI/2.0
      strict-transport-security:
      - max-age=31536000; includeSubDomains
      x-content-type-options:
      - nosniff
      x-ms-arm-service-request-id:
      - 463ac528-8432-4041-ba95-7ef23161d23a
    status:
      code: 200
      message: OK
- request:
    body: '{"id": "/subscriptions/00000000-0000-0000-0000-000000000000/resourceGroups/cli_test_app_gateway_waf_policy_managed_rules_000001/providers/Microsoft.Network/ApplicationGatewayWebApplicationFirewallPolicies/agp1",
      "location": "westus", "properties": {"customRules": [], "managedRules": {"exclusions":
      [], "managedRuleSets": [{"ruleGroupOverrides": [{"ruleGroupName": "REQUEST-921-PROTOCOL-ATTACK",
      "rules": [{"ruleId": "921100", "state": "Disabled"}, {"ruleId": "921110", "state":
      "Disabled"}, {"ruleId": "921150", "state": "Disabled"}]}, {"ruleGroupName":
      "REQUEST-913-SCANNER-DETECTION", "rules": [{"ruleId": "913100"}]}], "ruleSetType":
      "OWASP", "ruleSetVersion": "3.0"}]}, "policySettings": {"fileUploadLimitInMb":
      100, "maxRequestBodySizeInKb": 128, "mode": "Detection", "requestBodyCheck":
      true, "state": "Disabled"}}}'
    headers:
      Accept:
      - application/json
      Accept-Encoding:
      - gzip, deflate
      CommandName:
      - network application-gateway waf-policy managed-rule rule-set add
      Connection:
      - keep-alive
      Content-Length:
      - '822'
      Content-Type:
      - application/json
      ParameterSetName:
      - -g --policy-name --type --version --group-name --rule
      User-Agent:
      - AZURECLI/2.45.0 (AAZ) azsdk-python-core/1.24.0 Python/3.10.9 (Linux-5.15.0-1031-azure-x86_64-with-glibc2.31)
        VSTS_7b238909-6802-4b65-b90d-184bca47f458_build_220_0
    method: PUT
    uri: https://management.azure.com/subscriptions/00000000-0000-0000-0000-000000000000/resourceGroups/cli_test_app_gateway_waf_policy_managed_rules_000001/providers/Microsoft.Network/ApplicationGatewayWebApplicationFirewallPolicies/agp1?api-version=2022-05-01
  response:
    body:
      string: "{\r\n  \"name\": \"agp1\",\r\n  \"id\": \"/subscriptions/00000000-0000-0000-0000-000000000000/resourceGroups/cli_test_app_gateway_waf_policy_managed_rules_000001/providers/Microsoft.Network/ApplicationGatewayWebApplicationFirewallPolicies/agp1\",\r\n
        \ \"etag\": \"W/\\\"253f094f-7432-425e-b6cc-fc187968db9e\\\"\",\r\n  \"type\":
        \"Microsoft.Network/ApplicationGatewayWebApplicationFirewallPolicies\",\r\n
        \ \"location\": \"westus\",\r\n  \"properties\": {\r\n    \"provisioningState\":
        \"Updating\",\r\n    \"customRules\": [],\r\n    \"policySettings\": {\r\n
        \     \"requestBodyCheck\": true,\r\n      \"maxRequestBodySizeInKb\": 128,\r\n
        \     \"fileUploadLimitInMb\": 100,\r\n      \"state\": \"Disabled\",\r\n
        \     \"mode\": \"Detection\"\r\n    },\r\n    \"managedRules\": {\r\n      \"managedRuleSets\":
        [\r\n        {\r\n          \"ruleSetType\": \"OWASP\",\r\n          \"ruleSetVersion\":
        \"3.0\",\r\n          \"ruleGroupOverrides\": [\r\n            {\r\n              \"ruleGroupName\":
        \"REQUEST-921-PROTOCOL-ATTACK\",\r\n              \"rules\": [\r\n                {\r\n
        \                 \"ruleId\": \"921100\",\r\n                  \"state\":
        \"Disabled\"\r\n                },\r\n                {\r\n                  \"ruleId\":
        \"921110\",\r\n                  \"state\": \"Disabled\"\r\n                },\r\n
        \               {\r\n                  \"ruleId\": \"921150\",\r\n                  \"state\":
        \"Disabled\"\r\n                }\r\n              ]\r\n            },\r\n
        \           {\r\n              \"ruleGroupName\": \"REQUEST-913-SCANNER-DETECTION\",\r\n
        \             \"rules\": [\r\n                {\r\n                  \"ruleId\":
        \"913100\",\r\n                  \"state\": \"Disabled\"\r\n                }\r\n
        \             ]\r\n            }\r\n          ]\r\n        }\r\n      ],\r\n
        \     \"exclusions\": []\r\n    }\r\n  }\r\n}"
    headers:
      azure-asyncnotification:
      - Enabled
      azure-asyncoperation:
      - https://management.azure.com/subscriptions/00000000-0000-0000-0000-000000000000/providers/Microsoft.Network/locations/westus/operations/52755779-4e97-4635-b7c3-24090728fefa?api-version=2022-05-01
      cache-control:
      - no-cache
      content-length:
      - '1654'
      content-type:
      - application/json; charset=utf-8
      date:
      - Tue, 07 Feb 2023 18:04:38 GMT
      expires:
      - '-1'
      pragma:
      - no-cache
      server:
      - Microsoft-HTTPAPI/2.0
      - Microsoft-HTTPAPI/2.0
      strict-transport-security:
      - max-age=31536000; includeSubDomains
      x-content-type-options:
      - nosniff
      x-ms-arm-service-request-id:
      - ad961c42-8d46-42d2-b68a-38067f9b31aa
      x-ms-ratelimit-remaining-subscription-writes:
      - '1198'
    status:
      code: 200
      message: OK
- request:
    body: null
    headers:
      Accept:
      - application/json
      Accept-Encoding:
      - gzip, deflate
      CommandName:
      - network application-gateway waf-policy managed-rule rule-set list
      Connection:
      - keep-alive
      ParameterSetName:
      - -g --policy-name
      User-Agent:
      - AZURECLI/2.45.0 (AAZ) azsdk-python-core/1.24.0 Python/3.10.9 (Linux-5.15.0-1031-azure-x86_64-with-glibc2.31)
        VSTS_7b238909-6802-4b65-b90d-184bca47f458_build_220_0
    method: GET
    uri: https://management.azure.com/subscriptions/00000000-0000-0000-0000-000000000000/resourceGroups/cli_test_app_gateway_waf_policy_managed_rules_000001/providers/Microsoft.Network/ApplicationGatewayWebApplicationFirewallPolicies/agp1?api-version=2022-05-01
  response:
    body:
      string: "{\r\n  \"name\": \"agp1\",\r\n  \"id\": \"/subscriptions/00000000-0000-0000-0000-000000000000/resourceGroups/cli_test_app_gateway_waf_policy_managed_rules_000001/providers/Microsoft.Network/ApplicationGatewayWebApplicationFirewallPolicies/agp1\",\r\n
        \ \"etag\": \"W/\\\"705caea4-45d4-443e-b7e7-a0a8f7949325\\\"\",\r\n  \"type\":
        \"Microsoft.Network/ApplicationGatewayWebApplicationFirewallPolicies\",\r\n
        \ \"location\": \"westus\",\r\n  \"properties\": {\r\n    \"provisioningState\":
        \"Succeeded\",\r\n    \"customRules\": [],\r\n    \"policySettings\": {\r\n
        \     \"requestBodyCheck\": true,\r\n      \"maxRequestBodySizeInKb\": 128,\r\n
        \     \"fileUploadLimitInMb\": 100,\r\n      \"state\": \"Disabled\",\r\n
        \     \"mode\": \"Detection\"\r\n    },\r\n    \"managedRules\": {\r\n      \"managedRuleSets\":
        [\r\n        {\r\n          \"ruleSetType\": \"OWASP\",\r\n          \"ruleSetVersion\":
        \"3.0\",\r\n          \"ruleGroupOverrides\": [\r\n            {\r\n              \"ruleGroupName\":
        \"REQUEST-921-PROTOCOL-ATTACK\",\r\n              \"rules\": [\r\n                {\r\n
        \                 \"ruleId\": \"921100\",\r\n                  \"state\":
        \"Disabled\"\r\n                },\r\n                {\r\n                  \"ruleId\":
        \"921110\",\r\n                  \"state\": \"Disabled\"\r\n                },\r\n
        \               {\r\n                  \"ruleId\": \"921150\",\r\n                  \"state\":
        \"Disabled\"\r\n                }\r\n              ]\r\n            },\r\n
        \           {\r\n              \"ruleGroupName\": \"REQUEST-913-SCANNER-DETECTION\",\r\n
        \             \"rules\": [\r\n                {\r\n                  \"ruleId\":
        \"913100\",\r\n                  \"state\": \"Disabled\"\r\n                }\r\n
        \             ]\r\n            }\r\n          ]\r\n        }\r\n      ],\r\n
        \     \"exclusions\": []\r\n    }\r\n  }\r\n}"
    headers:
      cache-control:
      - no-cache
      content-length:
      - '1655'
      content-type:
      - application/json; charset=utf-8
      date:
      - Tue, 07 Feb 2023 18:04:38 GMT
      etag:
      - W/"705caea4-45d4-443e-b7e7-a0a8f7949325"
      expires:
      - '-1'
      pragma:
      - no-cache
      server:
      - Microsoft-HTTPAPI/2.0
      - Microsoft-HTTPAPI/2.0
      strict-transport-security:
      - max-age=31536000; includeSubDomains
      x-content-type-options:
      - nosniff
      x-ms-arm-service-request-id:
      - b7c7617c-27c1-46a5-94e9-4ca7e7960b91
    status:
      code: 200
      message: OK
- request:
    body: null
    headers:
      Accept:
      - application/json
      Accept-Encoding:
      - gzip, deflate
      CommandName:
      - network application-gateway waf-policy managed-rule rule-set update
      Connection:
      - keep-alive
      ParameterSetName:
      - -g --policy-name --type --version --group-name --rule --rule
      User-Agent:
      - AZURECLI/2.45.0 (AAZ) azsdk-python-core/1.24.0 Python/3.10.9 (Linux-5.15.0-1031-azure-x86_64-with-glibc2.31)
        VSTS_7b238909-6802-4b65-b90d-184bca47f458_build_220_0
    method: GET
    uri: https://management.azure.com/subscriptions/00000000-0000-0000-0000-000000000000/resourceGroups/cli_test_app_gateway_waf_policy_managed_rules_000001/providers/Microsoft.Network/ApplicationGatewayWebApplicationFirewallPolicies/agp1?api-version=2022-05-01
  response:
    body:
      string: "{\r\n  \"name\": \"agp1\",\r\n  \"id\": \"/subscriptions/00000000-0000-0000-0000-000000000000/resourceGroups/cli_test_app_gateway_waf_policy_managed_rules_000001/providers/Microsoft.Network/ApplicationGatewayWebApplicationFirewallPolicies/agp1\",\r\n
        \ \"etag\": \"W/\\\"705caea4-45d4-443e-b7e7-a0a8f7949325\\\"\",\r\n  \"type\":
        \"Microsoft.Network/ApplicationGatewayWebApplicationFirewallPolicies\",\r\n
        \ \"location\": \"westus\",\r\n  \"properties\": {\r\n    \"provisioningState\":
        \"Succeeded\",\r\n    \"customRules\": [],\r\n    \"policySettings\": {\r\n
        \     \"requestBodyCheck\": true,\r\n      \"maxRequestBodySizeInKb\": 128,\r\n
        \     \"fileUploadLimitInMb\": 100,\r\n      \"state\": \"Disabled\",\r\n
        \     \"mode\": \"Detection\"\r\n    },\r\n    \"managedRules\": {\r\n      \"managedRuleSets\":
        [\r\n        {\r\n          \"ruleSetType\": \"OWASP\",\r\n          \"ruleSetVersion\":
        \"3.0\",\r\n          \"ruleGroupOverrides\": [\r\n            {\r\n              \"ruleGroupName\":
        \"REQUEST-921-PROTOCOL-ATTACK\",\r\n              \"rules\": [\r\n                {\r\n
        \                 \"ruleId\": \"921100\",\r\n                  \"state\":
        \"Disabled\"\r\n                },\r\n                {\r\n                  \"ruleId\":
        \"921110\",\r\n                  \"state\": \"Disabled\"\r\n                },\r\n
        \               {\r\n                  \"ruleId\": \"921150\",\r\n                  \"state\":
        \"Disabled\"\r\n                }\r\n              ]\r\n            },\r\n
        \           {\r\n              \"ruleGroupName\": \"REQUEST-913-SCANNER-DETECTION\",\r\n
        \             \"rules\": [\r\n                {\r\n                  \"ruleId\":
        \"913100\",\r\n                  \"state\": \"Disabled\"\r\n                }\r\n
        \             ]\r\n            }\r\n          ]\r\n        }\r\n      ],\r\n
        \     \"exclusions\": []\r\n    }\r\n  }\r\n}"
    headers:
      cache-control:
      - no-cache
      content-length:
      - '1655'
      content-type:
      - application/json; charset=utf-8
      date:
      - Tue, 07 Feb 2023 18:04:39 GMT
      etag:
      - W/"705caea4-45d4-443e-b7e7-a0a8f7949325"
      expires:
      - '-1'
      pragma:
      - no-cache
      server:
      - Microsoft-HTTPAPI/2.0
      - Microsoft-HTTPAPI/2.0
      strict-transport-security:
      - max-age=31536000; includeSubDomains
      transfer-encoding:
      - chunked
      vary:
      - Accept-Encoding
      x-content-type-options:
      - nosniff
      x-ms-arm-service-request-id:
      - c6689900-fe47-4604-b0ef-e63c91d18ff2
    status:
      code: 200
      message: OK
- request:
    body: '{"id": "/subscriptions/00000000-0000-0000-0000-000000000000/resourceGroups/cli_test_app_gateway_waf_policy_managed_rules_000001/providers/Microsoft.Network/ApplicationGatewayWebApplicationFirewallPolicies/agp1",
      "location": "westus", "properties": {"customRules": [], "managedRules": {"exclusions":
      [], "managedRuleSets": [{"ruleGroupOverrides": [{"ruleGroupName": "REQUEST-921-PROTOCOL-ATTACK",
      "rules": [{"ruleId": "921100"}, {"ruleId": "921150"}]}, {"ruleGroupName": "REQUEST-913-SCANNER-DETECTION",
      "rules": [{"ruleId": "913100", "state": "Disabled"}]}], "ruleSetType": "OWASP",
      "ruleSetVersion": "3.0"}]}, "policySettings": {"fileUploadLimitInMb": 100, "maxRequestBodySizeInKb":
      128, "mode": "Detection", "requestBodyCheck": true, "state": "Disabled"}}}'
    headers:
      Accept:
      - application/json
      Accept-Encoding:
      - gzip, deflate
      CommandName:
      - network application-gateway waf-policy managed-rule rule-set update
      Connection:
      - keep-alive
      Content-Length:
      - '758'
      Content-Type:
      - application/json
      ParameterSetName:
      - -g --policy-name --type --version --group-name --rule --rule
      User-Agent:
      - AZURECLI/2.45.0 (AAZ) azsdk-python-core/1.24.0 Python/3.10.9 (Linux-5.15.0-1031-azure-x86_64-with-glibc2.31)
        VSTS_7b238909-6802-4b65-b90d-184bca47f458_build_220_0
    method: PUT
    uri: https://management.azure.com/subscriptions/00000000-0000-0000-0000-000000000000/resourceGroups/cli_test_app_gateway_waf_policy_managed_rules_000001/providers/Microsoft.Network/ApplicationGatewayWebApplicationFirewallPolicies/agp1?api-version=2022-05-01
  response:
    body:
      string: "{\r\n  \"name\": \"agp1\",\r\n  \"id\": \"/subscriptions/00000000-0000-0000-0000-000000000000/resourceGroups/cli_test_app_gateway_waf_policy_managed_rules_000001/providers/Microsoft.Network/ApplicationGatewayWebApplicationFirewallPolicies/agp1\",\r\n
        \ \"etag\": \"W/\\\"e89a1acb-cb59-45dc-bff2-2c2b5bb32403\\\"\",\r\n  \"type\":
        \"Microsoft.Network/ApplicationGatewayWebApplicationFirewallPolicies\",\r\n
        \ \"location\": \"westus\",\r\n  \"properties\": {\r\n    \"provisioningState\":
        \"Updating\",\r\n    \"customRules\": [],\r\n    \"policySettings\": {\r\n
        \     \"requestBodyCheck\": true,\r\n      \"maxRequestBodySizeInKb\": 128,\r\n
        \     \"fileUploadLimitInMb\": 100,\r\n      \"state\": \"Disabled\",\r\n
        \     \"mode\": \"Detection\"\r\n    },\r\n    \"managedRules\": {\r\n      \"managedRuleSets\":
        [\r\n        {\r\n          \"ruleSetType\": \"OWASP\",\r\n          \"ruleSetVersion\":
        \"3.0\",\r\n          \"ruleGroupOverrides\": [\r\n            {\r\n              \"ruleGroupName\":
        \"REQUEST-921-PROTOCOL-ATTACK\",\r\n              \"rules\": [\r\n                {\r\n
        \                 \"ruleId\": \"921100\",\r\n                  \"state\":
        \"Disabled\"\r\n                },\r\n                {\r\n                  \"ruleId\":
        \"921150\",\r\n                  \"state\": \"Disabled\"\r\n                }\r\n
        \             ]\r\n            },\r\n            {\r\n              \"ruleGroupName\":
        \"REQUEST-913-SCANNER-DETECTION\",\r\n              \"rules\": [\r\n                {\r\n
        \                 \"ruleId\": \"913100\",\r\n                  \"state\":
        \"Disabled\"\r\n                }\r\n              ]\r\n            }\r\n
        \         ]\r\n        }\r\n      ],\r\n      \"exclusions\": []\r\n    }\r\n
        \ }\r\n}"
    headers:
      azure-asyncnotification:
      - Enabled
      azure-asyncoperation:
      - https://management.azure.com/subscriptions/00000000-0000-0000-0000-000000000000/providers/Microsoft.Network/locations/westus/operations/cfea22b3-dfec-4dd9-947a-183fb5642c39?api-version=2022-05-01
      cache-control:
      - no-cache
      content-length:
      - '1537'
      content-type:
      - application/json; charset=utf-8
      date:
      - Tue, 07 Feb 2023 18:04:40 GMT
      expires:
      - '-1'
      pragma:
      - no-cache
      server:
      - Microsoft-HTTPAPI/2.0
      - Microsoft-HTTPAPI/2.0
      strict-transport-security:
      - max-age=31536000; includeSubDomains
      transfer-encoding:
      - chunked
      vary:
      - Accept-Encoding
      x-content-type-options:
      - nosniff
      x-ms-arm-service-request-id:
      - af87c39d-17c1-4214-9197-4fc1b0dca06f
      x-ms-ratelimit-remaining-subscription-writes:
      - '1198'
    status:
      code: 200
      message: OK
- request:
    body: null
    headers:
      Accept:
      - application/json
      Accept-Encoding:
      - gzip, deflate
      CommandName:
      - network application-gateway waf-policy managed-rule rule-set list
      Connection:
      - keep-alive
      ParameterSetName:
      - -g --policy-name
      User-Agent:
      - AZURECLI/2.45.0 (AAZ) azsdk-python-core/1.24.0 Python/3.10.9 (Linux-5.15.0-1031-azure-x86_64-with-glibc2.31)
        VSTS_7b238909-6802-4b65-b90d-184bca47f458_build_220_0
    method: GET
    uri: https://management.azure.com/subscriptions/00000000-0000-0000-0000-000000000000/resourceGroups/cli_test_app_gateway_waf_policy_managed_rules_000001/providers/Microsoft.Network/ApplicationGatewayWebApplicationFirewallPolicies/agp1?api-version=2022-05-01
  response:
    body:
      string: "{\r\n  \"name\": \"agp1\",\r\n  \"id\": \"/subscriptions/00000000-0000-0000-0000-000000000000/resourceGroups/cli_test_app_gateway_waf_policy_managed_rules_000001/providers/Microsoft.Network/ApplicationGatewayWebApplicationFirewallPolicies/agp1\",\r\n
        \ \"etag\": \"W/\\\"a4cf5f85-466d-444f-8a45-1858f02d2ba8\\\"\",\r\n  \"type\":
        \"Microsoft.Network/ApplicationGatewayWebApplicationFirewallPolicies\",\r\n
        \ \"location\": \"westus\",\r\n  \"properties\": {\r\n    \"provisioningState\":
        \"Succeeded\",\r\n    \"customRules\": [],\r\n    \"policySettings\": {\r\n
        \     \"requestBodyCheck\": true,\r\n      \"maxRequestBodySizeInKb\": 128,\r\n
        \     \"fileUploadLimitInMb\": 100,\r\n      \"state\": \"Disabled\",\r\n
        \     \"mode\": \"Detection\"\r\n    },\r\n    \"managedRules\": {\r\n      \"managedRuleSets\":
        [\r\n        {\r\n          \"ruleSetType\": \"OWASP\",\r\n          \"ruleSetVersion\":
        \"3.0\",\r\n          \"ruleGroupOverrides\": [\r\n            {\r\n              \"ruleGroupName\":
        \"REQUEST-921-PROTOCOL-ATTACK\",\r\n              \"rules\": [\r\n                {\r\n
        \                 \"ruleId\": \"921100\",\r\n                  \"state\":
        \"Disabled\"\r\n                },\r\n                {\r\n                  \"ruleId\":
        \"921150\",\r\n                  \"state\": \"Disabled\"\r\n                }\r\n
        \             ]\r\n            },\r\n            {\r\n              \"ruleGroupName\":
        \"REQUEST-913-SCANNER-DETECTION\",\r\n              \"rules\": [\r\n                {\r\n
        \                 \"ruleId\": \"913100\",\r\n                  \"state\":
        \"Disabled\"\r\n                }\r\n              ]\r\n            }\r\n
        \         ]\r\n        }\r\n      ],\r\n      \"exclusions\": []\r\n    }\r\n
        \ }\r\n}"
    headers:
      cache-control:
      - no-cache
      content-length:
      - '1538'
      content-type:
      - application/json; charset=utf-8
      date:
      - Tue, 07 Feb 2023 18:04:40 GMT
      etag:
      - W/"a4cf5f85-466d-444f-8a45-1858f02d2ba8"
      expires:
      - '-1'
      pragma:
      - no-cache
      server:
      - Microsoft-HTTPAPI/2.0
      - Microsoft-HTTPAPI/2.0
      strict-transport-security:
      - max-age=31536000; includeSubDomains
      transfer-encoding:
      - chunked
      vary:
      - Accept-Encoding
      x-content-type-options:
      - nosniff
      x-ms-arm-service-request-id:
      - 5681a655-311a-40fb-88ef-26852f86d467
    status:
      code: 200
      message: OK
- request:
    body: null
    headers:
      Accept:
      - application/json
      Accept-Encoding:
      - gzip, deflate
      CommandName:
      - network application-gateway waf-policy managed-rule rule-set remove
      Connection:
      - keep-alive
      ParameterSetName:
      - -g --policy-name --type --version --group-name
      User-Agent:
      - AZURECLI/2.45.0 (AAZ) azsdk-python-core/1.24.0 Python/3.10.9 (Linux-5.15.0-1031-azure-x86_64-with-glibc2.31)
        VSTS_7b238909-6802-4b65-b90d-184bca47f458_build_220_0
    method: GET
    uri: https://management.azure.com/subscriptions/00000000-0000-0000-0000-000000000000/resourceGroups/cli_test_app_gateway_waf_policy_managed_rules_000001/providers/Microsoft.Network/ApplicationGatewayWebApplicationFirewallPolicies/agp1?api-version=2022-05-01
  response:
    body:
      string: "{\r\n  \"name\": \"agp1\",\r\n  \"id\": \"/subscriptions/00000000-0000-0000-0000-000000000000/resourceGroups/cli_test_app_gateway_waf_policy_managed_rules_000001/providers/Microsoft.Network/ApplicationGatewayWebApplicationFirewallPolicies/agp1\",\r\n
        \ \"etag\": \"W/\\\"a4cf5f85-466d-444f-8a45-1858f02d2ba8\\\"\",\r\n  \"type\":
        \"Microsoft.Network/ApplicationGatewayWebApplicationFirewallPolicies\",\r\n
        \ \"location\": \"westus\",\r\n  \"properties\": {\r\n    \"provisioningState\":
        \"Succeeded\",\r\n    \"customRules\": [],\r\n    \"policySettings\": {\r\n
        \     \"requestBodyCheck\": true,\r\n      \"maxRequestBodySizeInKb\": 128,\r\n
        \     \"fileUploadLimitInMb\": 100,\r\n      \"state\": \"Disabled\",\r\n
        \     \"mode\": \"Detection\"\r\n    },\r\n    \"managedRules\": {\r\n      \"managedRuleSets\":
        [\r\n        {\r\n          \"ruleSetType\": \"OWASP\",\r\n          \"ruleSetVersion\":
        \"3.0\",\r\n          \"ruleGroupOverrides\": [\r\n            {\r\n              \"ruleGroupName\":
        \"REQUEST-921-PROTOCOL-ATTACK\",\r\n              \"rules\": [\r\n                {\r\n
        \                 \"ruleId\": \"921100\",\r\n                  \"state\":
        \"Disabled\"\r\n                },\r\n                {\r\n                  \"ruleId\":
        \"921150\",\r\n                  \"state\": \"Disabled\"\r\n                }\r\n
        \             ]\r\n            },\r\n            {\r\n              \"ruleGroupName\":
        \"REQUEST-913-SCANNER-DETECTION\",\r\n              \"rules\": [\r\n                {\r\n
        \                 \"ruleId\": \"913100\",\r\n                  \"state\":
        \"Disabled\"\r\n                }\r\n              ]\r\n            }\r\n
        \         ]\r\n        }\r\n      ],\r\n      \"exclusions\": []\r\n    }\r\n
        \ }\r\n}"
    headers:
      cache-control:
      - no-cache
      content-length:
      - '1538'
      content-type:
      - application/json; charset=utf-8
      date:
      - Tue, 07 Feb 2023 18:04:41 GMT
      etag:
      - W/"a4cf5f85-466d-444f-8a45-1858f02d2ba8"
      expires:
      - '-1'
      pragma:
      - no-cache
      server:
      - Microsoft-HTTPAPI/2.0
      - Microsoft-HTTPAPI/2.0
      strict-transport-security:
      - max-age=31536000; includeSubDomains
      transfer-encoding:
      - chunked
      vary:
      - Accept-Encoding
      x-content-type-options:
      - nosniff
      x-ms-arm-service-request-id:
      - ceaddc38-9e03-4a91-b407-736ec8015fb1
    status:
      code: 200
      message: OK
- request:
    body: '{"id": "/subscriptions/00000000-0000-0000-0000-000000000000/resourceGroups/cli_test_app_gateway_waf_policy_managed_rules_000001/providers/Microsoft.Network/ApplicationGatewayWebApplicationFirewallPolicies/agp1",
      "location": "westus", "properties": {"customRules": [], "managedRules": {"exclusions":
      [], "managedRuleSets": [{"ruleGroupOverrides": [{"ruleGroupName": "REQUEST-913-SCANNER-DETECTION",
      "rules": [{"ruleId": "913100", "state": "Disabled"}]}], "ruleSetType": "OWASP",
      "ruleSetVersion": "3.0"}]}, "policySettings": {"fileUploadLimitInMb": 100, "maxRequestBodySizeInKb":
      128, "mode": "Detection", "requestBodyCheck": true, "state": "Disabled"}}}'
    headers:
      Accept:
      - application/json
      Accept-Encoding:
      - gzip, deflate
      CommandName:
      - network application-gateway waf-policy managed-rule rule-set remove
      Connection:
      - keep-alive
      Content-Length:
      - '653'
      Content-Type:
      - application/json
      ParameterSetName:
      - -g --policy-name --type --version --group-name
      User-Agent:
      - AZURECLI/2.45.0 (AAZ) azsdk-python-core/1.24.0 Python/3.10.9 (Linux-5.15.0-1031-azure-x86_64-with-glibc2.31)
        VSTS_7b238909-6802-4b65-b90d-184bca47f458_build_220_0
    method: PUT
    uri: https://management.azure.com/subscriptions/00000000-0000-0000-0000-000000000000/resourceGroups/cli_test_app_gateway_waf_policy_managed_rules_000001/providers/Microsoft.Network/ApplicationGatewayWebApplicationFirewallPolicies/agp1?api-version=2022-05-01
  response:
    body:
      string: "{\r\n  \"name\": \"agp1\",\r\n  \"id\": \"/subscriptions/00000000-0000-0000-0000-000000000000/resourceGroups/cli_test_app_gateway_waf_policy_managed_rules_000001/providers/Microsoft.Network/ApplicationGatewayWebApplicationFirewallPolicies/agp1\",\r\n
        \ \"etag\": \"W/\\\"79eac076-ff30-48b3-bbd3-7f0cb046d07d\\\"\",\r\n  \"type\":
        \"Microsoft.Network/ApplicationGatewayWebApplicationFirewallPolicies\",\r\n
        \ \"location\": \"westus\",\r\n  \"properties\": {\r\n    \"provisioningState\":
        \"Updating\",\r\n    \"customRules\": [],\r\n    \"policySettings\": {\r\n
        \     \"requestBodyCheck\": true,\r\n      \"maxRequestBodySizeInKb\": 128,\r\n
        \     \"fileUploadLimitInMb\": 100,\r\n      \"state\": \"Disabled\",\r\n
        \     \"mode\": \"Detection\"\r\n    },\r\n    \"managedRules\": {\r\n      \"managedRuleSets\":
        [\r\n        {\r\n          \"ruleSetType\": \"OWASP\",\r\n          \"ruleSetVersion\":
        \"3.0\",\r\n          \"ruleGroupOverrides\": [\r\n            {\r\n              \"ruleGroupName\":
        \"REQUEST-913-SCANNER-DETECTION\",\r\n              \"rules\": [\r\n                {\r\n
        \                 \"ruleId\": \"913100\",\r\n                  \"state\":
        \"Disabled\"\r\n                }\r\n              ]\r\n            }\r\n
        \         ]\r\n        }\r\n      ],\r\n      \"exclusions\": []\r\n    }\r\n
        \ }\r\n}"
    headers:
      azure-asyncnotification:
      - Enabled
      azure-asyncoperation:
      - https://management.azure.com/subscriptions/00000000-0000-0000-0000-000000000000/providers/Microsoft.Network/locations/westus/operations/79a94f50-512e-4655-b9b9-966c1aabaaef?api-version=2022-05-01
      cache-control:
      - no-cache
      content-length:
      - '1167'
      content-type:
      - application/json; charset=utf-8
      date:
      - Tue, 07 Feb 2023 18:04:41 GMT
      expires:
      - '-1'
      pragma:
      - no-cache
      server:
      - Microsoft-HTTPAPI/2.0
      - Microsoft-HTTPAPI/2.0
      strict-transport-security:
      - max-age=31536000; includeSubDomains
      transfer-encoding:
      - chunked
      vary:
      - Accept-Encoding
      x-content-type-options:
      - nosniff
      x-ms-arm-service-request-id:
      - d09a5b24-3d9f-40cd-a484-4d2d68267f73
      x-ms-ratelimit-remaining-subscription-writes:
      - '1199'
    status:
      code: 200
      message: OK
- request:
    body: null
    headers:
      Accept:
      - application/json
      Accept-Encoding:
      - gzip, deflate
      CommandName:
      - network application-gateway waf-policy managed-rule rule-set list
      Connection:
      - keep-alive
      ParameterSetName:
      - -g --policy-name
      User-Agent:
      - AZURECLI/2.45.0 (AAZ) azsdk-python-core/1.24.0 Python/3.10.9 (Linux-5.15.0-1031-azure-x86_64-with-glibc2.31)
        VSTS_7b238909-6802-4b65-b90d-184bca47f458_build_220_0
    method: GET
    uri: https://management.azure.com/subscriptions/00000000-0000-0000-0000-000000000000/resourceGroups/cli_test_app_gateway_waf_policy_managed_rules_000001/providers/Microsoft.Network/ApplicationGatewayWebApplicationFirewallPolicies/agp1?api-version=2022-05-01
  response:
    body:
      string: "{\r\n  \"name\": \"agp1\",\r\n  \"id\": \"/subscriptions/00000000-0000-0000-0000-000000000000/resourceGroups/cli_test_app_gateway_waf_policy_managed_rules_000001/providers/Microsoft.Network/ApplicationGatewayWebApplicationFirewallPolicies/agp1\",\r\n
        \ \"etag\": \"W/\\\"4587942a-fc0e-4506-94f8-742132a32502\\\"\",\r\n  \"type\":
        \"Microsoft.Network/ApplicationGatewayWebApplicationFirewallPolicies\",\r\n
        \ \"location\": \"westus\",\r\n  \"properties\": {\r\n    \"provisioningState\":
        \"Succeeded\",\r\n    \"customRules\": [],\r\n    \"policySettings\": {\r\n
        \     \"requestBodyCheck\": true,\r\n      \"maxRequestBodySizeInKb\": 128,\r\n
        \     \"fileUploadLimitInMb\": 100,\r\n      \"state\": \"Disabled\",\r\n
        \     \"mode\": \"Detection\"\r\n    },\r\n    \"managedRules\": {\r\n      \"managedRuleSets\":
        [\r\n        {\r\n          \"ruleSetType\": \"OWASP\",\r\n          \"ruleSetVersion\":
        \"3.0\",\r\n          \"ruleGroupOverrides\": [\r\n            {\r\n              \"ruleGroupName\":
        \"REQUEST-913-SCANNER-DETECTION\",\r\n              \"rules\": [\r\n                {\r\n
        \                 \"ruleId\": \"913100\",\r\n                  \"state\":
        \"Disabled\"\r\n                }\r\n              ]\r\n            }\r\n
        \         ]\r\n        }\r\n      ],\r\n      \"exclusions\": []\r\n    }\r\n
        \ }\r\n}"
    headers:
      cache-control:
      - no-cache
      content-length:
      - '1168'
      content-type:
      - application/json; charset=utf-8
      date:
      - Tue, 07 Feb 2023 18:04:42 GMT
      etag:
      - W/"4587942a-fc0e-4506-94f8-742132a32502"
      expires:
      - '-1'
      pragma:
      - no-cache
      server:
      - Microsoft-HTTPAPI/2.0
      - Microsoft-HTTPAPI/2.0
      strict-transport-security:
      - max-age=31536000; includeSubDomains
      transfer-encoding:
      - chunked
      vary:
      - Accept-Encoding
      x-content-type-options:
      - nosniff
      x-ms-arm-service-request-id:
      - f35be1e0-3c13-405b-9247-476f82993868
    status:
      code: 200
      message: OK
- request:
    body: null
    headers:
      Accept:
      - application/json
      Accept-Encoding:
      - gzip, deflate
      CommandName:
      - network application-gateway waf-policy managed-rule rule-set update
      Connection:
      - keep-alive
      ParameterSetName:
      - -g --policy-name --type --version
      User-Agent:
      - AZURECLI/2.45.0 (AAZ) azsdk-python-core/1.24.0 Python/3.10.9 (Linux-5.15.0-1031-azure-x86_64-with-glibc2.31)
        VSTS_7b238909-6802-4b65-b90d-184bca47f458_build_220_0
    method: GET
    uri: https://management.azure.com/subscriptions/00000000-0000-0000-0000-000000000000/resourceGroups/cli_test_app_gateway_waf_policy_managed_rules_000001/providers/Microsoft.Network/ApplicationGatewayWebApplicationFirewallPolicies/agp1?api-version=2022-05-01
  response:
    body:
      string: "{\r\n  \"name\": \"agp1\",\r\n  \"id\": \"/subscriptions/00000000-0000-0000-0000-000000000000/resourceGroups/cli_test_app_gateway_waf_policy_managed_rules_000001/providers/Microsoft.Network/ApplicationGatewayWebApplicationFirewallPolicies/agp1\",\r\n
        \ \"etag\": \"W/\\\"4587942a-fc0e-4506-94f8-742132a32502\\\"\",\r\n  \"type\":
        \"Microsoft.Network/ApplicationGatewayWebApplicationFirewallPolicies\",\r\n
        \ \"location\": \"westus\",\r\n  \"properties\": {\r\n    \"provisioningState\":
        \"Succeeded\",\r\n    \"customRules\": [],\r\n    \"policySettings\": {\r\n
        \     \"requestBodyCheck\": true,\r\n      \"maxRequestBodySizeInKb\": 128,\r\n
        \     \"fileUploadLimitInMb\": 100,\r\n      \"state\": \"Disabled\",\r\n
        \     \"mode\": \"Detection\"\r\n    },\r\n    \"managedRules\": {\r\n      \"managedRuleSets\":
        [\r\n        {\r\n          \"ruleSetType\": \"OWASP\",\r\n          \"ruleSetVersion\":
        \"3.0\",\r\n          \"ruleGroupOverrides\": [\r\n            {\r\n              \"ruleGroupName\":
        \"REQUEST-913-SCANNER-DETECTION\",\r\n              \"rules\": [\r\n                {\r\n
        \                 \"ruleId\": \"913100\",\r\n                  \"state\":
        \"Disabled\"\r\n                }\r\n              ]\r\n            }\r\n
        \         ]\r\n        }\r\n      ],\r\n      \"exclusions\": []\r\n    }\r\n
        \ }\r\n}"
    headers:
      cache-control:
      - no-cache
      content-length:
      - '1168'
      content-type:
      - application/json; charset=utf-8
      date:
      - Tue, 07 Feb 2023 18:04:42 GMT
      etag:
      - W/"4587942a-fc0e-4506-94f8-742132a32502"
      expires:
      - '-1'
      pragma:
      - no-cache
      server:
      - Microsoft-HTTPAPI/2.0
      - Microsoft-HTTPAPI/2.0
      strict-transport-security:
      - max-age=31536000; includeSubDomains
      transfer-encoding:
      - chunked
      vary:
      - Accept-Encoding
      x-content-type-options:
      - nosniff
      x-ms-arm-service-request-id:
      - 8f480a74-2ffc-4dcc-a1cb-3391ad8263ea
    status:
      code: 200
      message: OK
- request:
    body: '{"id": "/subscriptions/00000000-0000-0000-0000-000000000000/resourceGroups/cli_test_app_gateway_waf_policy_managed_rules_000001/providers/Microsoft.Network/ApplicationGatewayWebApplicationFirewallPolicies/agp1",
      "location": "westus", "properties": {"customRules": [], "managedRules": {"exclusions":
      [], "managedRuleSets": [{"ruleGroupOverrides": [], "ruleSetType": "OWASP", "ruleSetVersion":
      "3.1"}]}, "policySettings": {"fileUploadLimitInMb": 100, "maxRequestBodySizeInKb":
      128, "mode": "Detection", "requestBodyCheck": true, "state": "Disabled"}}}'
    headers:
      Accept:
      - application/json
      Accept-Encoding:
      - gzip, deflate
      CommandName:
      - network application-gateway waf-policy managed-rule rule-set update
      Connection:
      - keep-alive
      Content-Length:
      - '549'
      Content-Type:
      - application/json
      ParameterSetName:
      - -g --policy-name --type --version
      User-Agent:
      - AZURECLI/2.45.0 (AAZ) azsdk-python-core/1.24.0 Python/3.10.9 (Linux-5.15.0-1031-azure-x86_64-with-glibc2.31)
        VSTS_7b238909-6802-4b65-b90d-184bca47f458_build_220_0
    method: PUT
    uri: https://management.azure.com/subscriptions/00000000-0000-0000-0000-000000000000/resourceGroups/cli_test_app_gateway_waf_policy_managed_rules_000001/providers/Microsoft.Network/ApplicationGatewayWebApplicationFirewallPolicies/agp1?api-version=2022-05-01
  response:
    body:
      string: "{\r\n  \"name\": \"agp1\",\r\n  \"id\": \"/subscriptions/00000000-0000-0000-0000-000000000000/resourceGroups/cli_test_app_gateway_waf_policy_managed_rules_000001/providers/Microsoft.Network/ApplicationGatewayWebApplicationFirewallPolicies/agp1\",\r\n
        \ \"etag\": \"W/\\\"fc6017b1-4b12-4453-8dba-6644a8eb25b6\\\"\",\r\n  \"type\":
        \"Microsoft.Network/ApplicationGatewayWebApplicationFirewallPolicies\",\r\n
        \ \"location\": \"westus\",\r\n  \"properties\": {\r\n    \"provisioningState\":
        \"Updating\",\r\n    \"customRules\": [],\r\n    \"policySettings\": {\r\n
        \     \"requestBodyCheck\": true,\r\n      \"maxRequestBodySizeInKb\": 128,\r\n
        \     \"fileUploadLimitInMb\": 100,\r\n      \"state\": \"Disabled\",\r\n
        \     \"mode\": \"Detection\"\r\n    },\r\n    \"managedRules\": {\r\n      \"managedRuleSets\":
        [\r\n        {\r\n          \"ruleSetType\": \"OWASP\",\r\n          \"ruleSetVersion\":
        \"3.1\",\r\n          \"ruleGroupOverrides\": []\r\n        }\r\n      ],\r\n
        \     \"exclusions\": []\r\n    }\r\n  }\r\n}"
    headers:
      azure-asyncnotification:
      - Enabled
      azure-asyncoperation:
      - https://management.azure.com/subscriptions/00000000-0000-0000-0000-000000000000/providers/Microsoft.Network/locations/westus/operations/6c4f45e9-7ae6-456b-8eb1-04fd723480fc?api-version=2022-05-01
      cache-control:
      - no-cache
      content-length:
      - '901'
      content-type:
      - application/json; charset=utf-8
      date:
      - Tue, 07 Feb 2023 18:04:43 GMT
      expires:
      - '-1'
      pragma:
      - no-cache
      server:
      - Microsoft-HTTPAPI/2.0
      - Microsoft-HTTPAPI/2.0
      strict-transport-security:
      - max-age=31536000; includeSubDomains
      transfer-encoding:
      - chunked
      vary:
      - Accept-Encoding
      x-content-type-options:
      - nosniff
      x-ms-arm-service-request-id:
      - ffb2c698-9c85-41cb-868f-350f2f2b02c4
      x-ms-ratelimit-remaining-subscription-writes:
      - '1199'
    status:
      code: 200
      message: OK
- request:
    body: null
    headers:
      Accept:
      - application/json
      Accept-Encoding:
      - gzip, deflate
      CommandName:
      - network application-gateway waf-policy managed-rule rule-set list
      Connection:
      - keep-alive
      ParameterSetName:
      - -g --policy-name
      User-Agent:
      - AZURECLI/2.45.0 (AAZ) azsdk-python-core/1.24.0 Python/3.10.9 (Linux-5.15.0-1031-azure-x86_64-with-glibc2.31)
        VSTS_7b238909-6802-4b65-b90d-184bca47f458_build_220_0
    method: GET
    uri: https://management.azure.com/subscriptions/00000000-0000-0000-0000-000000000000/resourceGroups/cli_test_app_gateway_waf_policy_managed_rules_000001/providers/Microsoft.Network/ApplicationGatewayWebApplicationFirewallPolicies/agp1?api-version=2022-05-01
  response:
    body:
      string: "{\r\n  \"name\": \"agp1\",\r\n  \"id\": \"/subscriptions/00000000-0000-0000-0000-000000000000/resourceGroups/cli_test_app_gateway_waf_policy_managed_rules_000001/providers/Microsoft.Network/ApplicationGatewayWebApplicationFirewallPolicies/agp1\",\r\n
        \ \"etag\": \"W/\\\"7d79718f-3e08-4f00-a597-1b9a6713d2b6\\\"\",\r\n  \"type\":
        \"Microsoft.Network/ApplicationGatewayWebApplicationFirewallPolicies\",\r\n
        \ \"location\": \"westus\",\r\n  \"properties\": {\r\n    \"provisioningState\":
        \"Succeeded\",\r\n    \"customRules\": [],\r\n    \"policySettings\": {\r\n
        \     \"requestBodyCheck\": true,\r\n      \"maxRequestBodySizeInKb\": 128,\r\n
        \     \"fileUploadLimitInMb\": 100,\r\n      \"state\": \"Disabled\",\r\n
        \     \"mode\": \"Detection\"\r\n    },\r\n    \"managedRules\": {\r\n      \"managedRuleSets\":
        [\r\n        {\r\n          \"ruleSetType\": \"OWASP\",\r\n          \"ruleSetVersion\":
        \"3.1\",\r\n          \"ruleGroupOverrides\": []\r\n        }\r\n      ],\r\n
        \     \"exclusions\": []\r\n    }\r\n  }\r\n}"
    headers:
      cache-control:
      - no-cache
      content-length:
      - '902'
      content-type:
      - application/json; charset=utf-8
      date:
      - Tue, 07 Feb 2023 18:04:43 GMT
      etag:
      - W/"7d79718f-3e08-4f00-a597-1b9a6713d2b6"
      expires:
      - '-1'
      pragma:
      - no-cache
      server:
      - Microsoft-HTTPAPI/2.0
      - Microsoft-HTTPAPI/2.0
      strict-transport-security:
      - max-age=31536000; includeSubDomains
      transfer-encoding:
      - chunked
      vary:
      - Accept-Encoding
      x-content-type-options:
      - nosniff
      x-ms-arm-service-request-id:
      - 9d2dcec2-3846-4587-bb3e-9db733005265
    status:
      code: 200
      message: OK
- request:
    body: null
    headers:
      Accept:
      - application/json
      Accept-Encoding:
      - gzip, deflate
      CommandName:
      - network application-gateway waf-policy managed-rule rule-set update
      Connection:
      - keep-alive
      ParameterSetName:
      - -g --policy-name --type --version --group-name --rule
      User-Agent:
      - AZURECLI/2.45.0 (AAZ) azsdk-python-core/1.24.0 Python/3.10.9 (Linux-5.15.0-1031-azure-x86_64-with-glibc2.31)
        VSTS_7b238909-6802-4b65-b90d-184bca47f458_build_220_0
    method: GET
    uri: https://management.azure.com/subscriptions/00000000-0000-0000-0000-000000000000/resourceGroups/cli_test_app_gateway_waf_policy_managed_rules_000001/providers/Microsoft.Network/ApplicationGatewayWebApplicationFirewallPolicies/agp1?api-version=2022-05-01
  response:
    body:
      string: "{\r\n  \"name\": \"agp1\",\r\n  \"id\": \"/subscriptions/00000000-0000-0000-0000-000000000000/resourceGroups/cli_test_app_gateway_waf_policy_managed_rules_000001/providers/Microsoft.Network/ApplicationGatewayWebApplicationFirewallPolicies/agp1\",\r\n
        \ \"etag\": \"W/\\\"7d79718f-3e08-4f00-a597-1b9a6713d2b6\\\"\",\r\n  \"type\":
        \"Microsoft.Network/ApplicationGatewayWebApplicationFirewallPolicies\",\r\n
        \ \"location\": \"westus\",\r\n  \"properties\": {\r\n    \"provisioningState\":
        \"Succeeded\",\r\n    \"customRules\": [],\r\n    \"policySettings\": {\r\n
        \     \"requestBodyCheck\": true,\r\n      \"maxRequestBodySizeInKb\": 128,\r\n
        \     \"fileUploadLimitInMb\": 100,\r\n      \"state\": \"Disabled\",\r\n
        \     \"mode\": \"Detection\"\r\n    },\r\n    \"managedRules\": {\r\n      \"managedRuleSets\":
        [\r\n        {\r\n          \"ruleSetType\": \"OWASP\",\r\n          \"ruleSetVersion\":
        \"3.1\",\r\n          \"ruleGroupOverrides\": []\r\n        }\r\n      ],\r\n
        \     \"exclusions\": []\r\n    }\r\n  }\r\n}"
    headers:
      cache-control:
      - no-cache
      content-length:
      - '902'
      content-type:
      - application/json; charset=utf-8
      date:
      - Tue, 07 Feb 2023 18:04:44 GMT
      etag:
      - W/"7d79718f-3e08-4f00-a597-1b9a6713d2b6"
      expires:
      - '-1'
      pragma:
      - no-cache
      server:
      - Microsoft-HTTPAPI/2.0
      - Microsoft-HTTPAPI/2.0
      strict-transport-security:
      - max-age=31536000; includeSubDomains
      transfer-encoding:
      - chunked
      vary:
      - Accept-Encoding
      x-content-type-options:
      - nosniff
      x-ms-arm-service-request-id:
      - 3686cfb7-f7f1-41b2-9a55-2741e0e2ac1f
    status:
      code: 200
      message: OK
- request:
    body: '{"id": "/subscriptions/00000000-0000-0000-0000-000000000000/resourceGroups/cli_test_app_gateway_waf_policy_managed_rules_000001/providers/Microsoft.Network/ApplicationGatewayWebApplicationFirewallPolicies/agp1",
      "location": "westus", "properties": {"customRules": [], "managedRules": {"exclusions":
      [], "managedRuleSets": [{"ruleGroupOverrides": [{"ruleGroupName": "REQUEST-911-METHOD-ENFORCEMENT",
      "rules": [{"ruleId": "911100"}]}], "ruleSetType": "OWASP", "ruleSetVersion":
      "3.1"}]}, "policySettings": {"fileUploadLimitInMb": 100, "maxRequestBodySizeInKb":
      128, "mode": "Detection", "requestBodyCheck": true, "state": "Disabled"}}}'
    headers:
      Accept:
      - application/json
      Accept-Encoding:
      - gzip, deflate
      CommandName:
      - network application-gateway waf-policy managed-rule rule-set update
      Connection:
      - keep-alive
      Content-Length:
      - '633'
      Content-Type:
      - application/json
      ParameterSetName:
      - -g --policy-name --type --version --group-name --rule
      User-Agent:
      - AZURECLI/2.45.0 (AAZ) azsdk-python-core/1.24.0 Python/3.10.9 (Linux-5.15.0-1031-azure-x86_64-with-glibc2.31)
        VSTS_7b238909-6802-4b65-b90d-184bca47f458_build_220_0
    method: PUT
    uri: https://management.azure.com/subscriptions/00000000-0000-0000-0000-000000000000/resourceGroups/cli_test_app_gateway_waf_policy_managed_rules_000001/providers/Microsoft.Network/ApplicationGatewayWebApplicationFirewallPolicies/agp1?api-version=2022-05-01
  response:
    body:
      string: "{\r\n  \"name\": \"agp1\",\r\n  \"id\": \"/subscriptions/00000000-0000-0000-0000-000000000000/resourceGroups/cli_test_app_gateway_waf_policy_managed_rules_000001/providers/Microsoft.Network/ApplicationGatewayWebApplicationFirewallPolicies/agp1\",\r\n
        \ \"etag\": \"W/\\\"4d70f47b-dd93-4960-b484-4c9a0391a00f\\\"\",\r\n  \"type\":
        \"Microsoft.Network/ApplicationGatewayWebApplicationFirewallPolicies\",\r\n
        \ \"location\": \"westus\",\r\n  \"properties\": {\r\n    \"provisioningState\":
        \"Updating\",\r\n    \"customRules\": [],\r\n    \"policySettings\": {\r\n
        \     \"requestBodyCheck\": true,\r\n      \"maxRequestBodySizeInKb\": 128,\r\n
        \     \"fileUploadLimitInMb\": 100,\r\n      \"state\": \"Disabled\",\r\n
        \     \"mode\": \"Detection\"\r\n    },\r\n    \"managedRules\": {\r\n      \"managedRuleSets\":
        [\r\n        {\r\n          \"ruleSetType\": \"OWASP\",\r\n          \"ruleSetVersion\":
        \"3.1\",\r\n          \"ruleGroupOverrides\": [\r\n            {\r\n              \"ruleGroupName\":
        \"REQUEST-911-METHOD-ENFORCEMENT\",\r\n              \"rules\": [\r\n                {\r\n
        \                 \"ruleId\": \"911100\",\r\n                  \"state\":
        \"Disabled\"\r\n                }\r\n              ]\r\n            }\r\n
        \         ]\r\n        }\r\n      ],\r\n      \"exclusions\": []\r\n    }\r\n
        \ }\r\n}"
    headers:
      azure-asyncnotification:
      - Enabled
      azure-asyncoperation:
      - https://management.azure.com/subscriptions/00000000-0000-0000-0000-000000000000/providers/Microsoft.Network/locations/westus/operations/5d33722f-6ca0-44e1-b914-808ad6bad91d?api-version=2022-05-01
      cache-control:
      - no-cache
      content-length:
      - '1168'
      content-type:
      - application/json; charset=utf-8
      date:
      - Tue, 07 Feb 2023 18:04:44 GMT
      expires:
      - '-1'
      pragma:
      - no-cache
      server:
      - Microsoft-HTTPAPI/2.0
      - Microsoft-HTTPAPI/2.0
      strict-transport-security:
      - max-age=31536000; includeSubDomains
      transfer-encoding:
      - chunked
      vary:
      - Accept-Encoding
      x-content-type-options:
      - nosniff
      x-ms-arm-service-request-id:
      - 2d59f768-cf6a-42b1-9db6-efb961cddf07
      x-ms-ratelimit-remaining-subscription-writes:
      - '1199'
    status:
      code: 200
      message: OK
- request:
    body: null
    headers:
      Accept:
      - application/json
      Accept-Encoding:
      - gzip, deflate
      CommandName:
      - network application-gateway waf-policy managed-rule rule-set list
      Connection:
      - keep-alive
      ParameterSetName:
      - -g --policy-name
      User-Agent:
      - AZURECLI/2.45.0 (AAZ) azsdk-python-core/1.24.0 Python/3.10.9 (Linux-5.15.0-1031-azure-x86_64-with-glibc2.31)
        VSTS_7b238909-6802-4b65-b90d-184bca47f458_build_220_0
    method: GET
    uri: https://management.azure.com/subscriptions/00000000-0000-0000-0000-000000000000/resourceGroups/cli_test_app_gateway_waf_policy_managed_rules_000001/providers/Microsoft.Network/ApplicationGatewayWebApplicationFirewallPolicies/agp1?api-version=2022-05-01
  response:
    body:
      string: "{\r\n  \"name\": \"agp1\",\r\n  \"id\": \"/subscriptions/00000000-0000-0000-0000-000000000000/resourceGroups/cli_test_app_gateway_waf_policy_managed_rules_000001/providers/Microsoft.Network/ApplicationGatewayWebApplicationFirewallPolicies/agp1\",\r\n
        \ \"etag\": \"W/\\\"f260d41c-a6ad-44f2-9cda-2f87e53054e4\\\"\",\r\n  \"type\":
        \"Microsoft.Network/ApplicationGatewayWebApplicationFirewallPolicies\",\r\n
        \ \"location\": \"westus\",\r\n  \"properties\": {\r\n    \"provisioningState\":
        \"Succeeded\",\r\n    \"customRules\": [],\r\n    \"policySettings\": {\r\n
        \     \"requestBodyCheck\": true,\r\n      \"maxRequestBodySizeInKb\": 128,\r\n
        \     \"fileUploadLimitInMb\": 100,\r\n      \"state\": \"Disabled\",\r\n
        \     \"mode\": \"Detection\"\r\n    },\r\n    \"managedRules\": {\r\n      \"managedRuleSets\":
        [\r\n        {\r\n          \"ruleSetType\": \"OWASP\",\r\n          \"ruleSetVersion\":
        \"3.1\",\r\n          \"ruleGroupOverrides\": [\r\n            {\r\n              \"ruleGroupName\":
        \"REQUEST-911-METHOD-ENFORCEMENT\",\r\n              \"rules\": [\r\n                {\r\n
        \                 \"ruleId\": \"911100\",\r\n                  \"state\":
        \"Disabled\"\r\n                }\r\n              ]\r\n            }\r\n
        \         ]\r\n        }\r\n      ],\r\n      \"exclusions\": []\r\n    }\r\n
        \ }\r\n}"
    headers:
      cache-control:
      - no-cache
      content-length:
      - '1169'
      content-type:
      - application/json; charset=utf-8
      date:
      - Tue, 07 Feb 2023 18:04:45 GMT
      etag:
      - W/"f260d41c-a6ad-44f2-9cda-2f87e53054e4"
      expires:
      - '-1'
      pragma:
      - no-cache
      server:
      - Microsoft-HTTPAPI/2.0
      - Microsoft-HTTPAPI/2.0
      strict-transport-security:
      - max-age=31536000; includeSubDomains
      transfer-encoding:
      - chunked
      vary:
      - Accept-Encoding
      x-content-type-options:
      - nosniff
      x-ms-arm-service-request-id:
      - 01b3df81-452e-45cd-b531-d19bb1490128
    status:
      code: 200
      message: OK
- request:
    body: null
    headers:
      Accept:
      - application/json
      Accept-Encoding:
      - gzip, deflate
      CommandName:
      - network application-gateway waf-policy managed-rule rule-set update
      Connection:
      - keep-alive
      ParameterSetName:
      - -g --policy-name --type --version
      User-Agent:
      - AZURECLI/2.45.0 (AAZ) azsdk-python-core/1.24.0 Python/3.10.9 (Linux-5.15.0-1031-azure-x86_64-with-glibc2.31)
        VSTS_7b238909-6802-4b65-b90d-184bca47f458_build_220_0
    method: GET
    uri: https://management.azure.com/subscriptions/00000000-0000-0000-0000-000000000000/resourceGroups/cli_test_app_gateway_waf_policy_managed_rules_000001/providers/Microsoft.Network/ApplicationGatewayWebApplicationFirewallPolicies/agp1?api-version=2022-05-01
  response:
    body:
      string: "{\r\n  \"name\": \"agp1\",\r\n  \"id\": \"/subscriptions/00000000-0000-0000-0000-000000000000/resourceGroups/cli_test_app_gateway_waf_policy_managed_rules_000001/providers/Microsoft.Network/ApplicationGatewayWebApplicationFirewallPolicies/agp1\",\r\n
        \ \"etag\": \"W/\\\"f260d41c-a6ad-44f2-9cda-2f87e53054e4\\\"\",\r\n  \"type\":
        \"Microsoft.Network/ApplicationGatewayWebApplicationFirewallPolicies\",\r\n
        \ \"location\": \"westus\",\r\n  \"properties\": {\r\n    \"provisioningState\":
        \"Succeeded\",\r\n    \"customRules\": [],\r\n    \"policySettings\": {\r\n
        \     \"requestBodyCheck\": true,\r\n      \"maxRequestBodySizeInKb\": 128,\r\n
        \     \"fileUploadLimitInMb\": 100,\r\n      \"state\": \"Disabled\",\r\n
        \     \"mode\": \"Detection\"\r\n    },\r\n    \"managedRules\": {\r\n      \"managedRuleSets\":
        [\r\n        {\r\n          \"ruleSetType\": \"OWASP\",\r\n          \"ruleSetVersion\":
        \"3.1\",\r\n          \"ruleGroupOverrides\": [\r\n            {\r\n              \"ruleGroupName\":
        \"REQUEST-911-METHOD-ENFORCEMENT\",\r\n              \"rules\": [\r\n                {\r\n
        \                 \"ruleId\": \"911100\",\r\n                  \"state\":
        \"Disabled\"\r\n                }\r\n              ]\r\n            }\r\n
        \         ]\r\n        }\r\n      ],\r\n      \"exclusions\": []\r\n    }\r\n
        \ }\r\n}"
    headers:
      cache-control:
      - no-cache
      content-length:
      - '1169'
      content-type:
      - application/json; charset=utf-8
      date:
      - Tue, 07 Feb 2023 18:04:46 GMT
      etag:
      - W/"f260d41c-a6ad-44f2-9cda-2f87e53054e4"
      expires:
      - '-1'
      pragma:
      - no-cache
      server:
      - Microsoft-HTTPAPI/2.0
      - Microsoft-HTTPAPI/2.0
      strict-transport-security:
      - max-age=31536000; includeSubDomains
      x-content-type-options:
      - nosniff
      x-ms-arm-service-request-id:
      - 1619030f-c58f-4287-b214-b0af735c9052
    status:
      code: 200
      message: OK
- request:
    body: '{"id": "/subscriptions/00000000-0000-0000-0000-000000000000/resourceGroups/cli_test_app_gateway_waf_policy_managed_rules_000001/providers/Microsoft.Network/ApplicationGatewayWebApplicationFirewallPolicies/agp1",
      "location": "westus", "properties": {"customRules": [], "managedRules": {"exclusions":
      [], "managedRuleSets": [{"ruleGroupOverrides": [], "ruleSetType": "OWASP", "ruleSetVersion":
      "3.2"}]}, "policySettings": {"fileUploadLimitInMb": 100, "maxRequestBodySizeInKb":
      128, "mode": "Detection", "requestBodyCheck": true, "state": "Disabled"}}}'
    headers:
      Accept:
      - application/json
      Accept-Encoding:
      - gzip, deflate
      CommandName:
      - network application-gateway waf-policy managed-rule rule-set update
      Connection:
      - keep-alive
      Content-Length:
      - '549'
      Content-Type:
      - application/json
      ParameterSetName:
      - -g --policy-name --type --version
      User-Agent:
      - AZURECLI/2.45.0 (AAZ) azsdk-python-core/1.24.0 Python/3.10.9 (Linux-5.15.0-1031-azure-x86_64-with-glibc2.31)
        VSTS_7b238909-6802-4b65-b90d-184bca47f458_build_220_0
    method: PUT
    uri: https://management.azure.com/subscriptions/00000000-0000-0000-0000-000000000000/resourceGroups/cli_test_app_gateway_waf_policy_managed_rules_000001/providers/Microsoft.Network/ApplicationGatewayWebApplicationFirewallPolicies/agp1?api-version=2022-05-01
  response:
    body:
      string: "{\r\n  \"name\": \"agp1\",\r\n  \"id\": \"/subscriptions/00000000-0000-0000-0000-000000000000/resourceGroups/cli_test_app_gateway_waf_policy_managed_rules_000001/providers/Microsoft.Network/ApplicationGatewayWebApplicationFirewallPolicies/agp1\",\r\n
        \ \"etag\": \"W/\\\"7afa651d-a71f-4207-b416-88ec732a031f\\\"\",\r\n  \"type\":
        \"Microsoft.Network/ApplicationGatewayWebApplicationFirewallPolicies\",\r\n
        \ \"location\": \"westus\",\r\n  \"properties\": {\r\n    \"provisioningState\":
        \"Updating\",\r\n    \"customRules\": [],\r\n    \"policySettings\": {\r\n
        \     \"requestBodyCheck\": true,\r\n      \"maxRequestBodySizeInKb\": 128,\r\n
        \     \"fileUploadLimitInMb\": 100,\r\n      \"state\": \"Disabled\",\r\n
        \     \"mode\": \"Detection\"\r\n    },\r\n    \"managedRules\": {\r\n      \"managedRuleSets\":
        [\r\n        {\r\n          \"ruleSetType\": \"OWASP\",\r\n          \"ruleSetVersion\":
        \"3.2\",\r\n          \"ruleGroupOverrides\": []\r\n        }\r\n      ],\r\n
        \     \"exclusions\": []\r\n    }\r\n  }\r\n}"
    headers:
      azure-asyncnotification:
      - Enabled
      azure-asyncoperation:
      - https://management.azure.com/subscriptions/00000000-0000-0000-0000-000000000000/providers/Microsoft.Network/locations/westus/operations/66d0469a-d514-4fb7-abef-78d5b8192281?api-version=2022-05-01
      cache-control:
      - no-cache
      content-length:
      - '901'
      content-type:
      - application/json; charset=utf-8
      date:
      - Tue, 07 Feb 2023 18:04:47 GMT
      expires:
      - '-1'
      pragma:
      - no-cache
      server:
      - Microsoft-HTTPAPI/2.0
      - Microsoft-HTTPAPI/2.0
      strict-transport-security:
      - max-age=31536000; includeSubDomains
      x-content-type-options:
      - nosniff
      x-ms-arm-service-request-id:
      - 1127c914-7ca3-4c8b-a646-2e96f210f01a
      x-ms-ratelimit-remaining-subscription-writes:
      - '1199'
    status:
      code: 200
      message: OK
- request:
    body: null
    headers:
      Accept:
      - application/json
      Accept-Encoding:
      - gzip, deflate
      CommandName:
      - network application-gateway waf-policy managed-rule rule-set add
      Connection:
      - keep-alive
      ParameterSetName:
      - -g --policy-name --type --version --group-name --rule --rule
      User-Agent:
      - AZURECLI/2.45.0 (AAZ) azsdk-python-core/1.24.0 Python/3.10.9 (Linux-5.15.0-1031-azure-x86_64-with-glibc2.31)
        VSTS_7b238909-6802-4b65-b90d-184bca47f458_build_220_0
    method: GET
    uri: https://management.azure.com/subscriptions/00000000-0000-0000-0000-000000000000/resourceGroups/cli_test_app_gateway_waf_policy_managed_rules_000001/providers/Microsoft.Network/ApplicationGatewayWebApplicationFirewallPolicies/agp1?api-version=2022-05-01
  response:
    body:
      string: "{\r\n  \"name\": \"agp1\",\r\n  \"id\": \"/subscriptions/00000000-0000-0000-0000-000000000000/resourceGroups/cli_test_app_gateway_waf_policy_managed_rules_000001/providers/Microsoft.Network/ApplicationGatewayWebApplicationFirewallPolicies/agp1\",\r\n
        \ \"etag\": \"W/\\\"2218da1f-f7d1-4977-b9b4-5ca8d7691381\\\"\",\r\n  \"type\":
        \"Microsoft.Network/ApplicationGatewayWebApplicationFirewallPolicies\",\r\n
        \ \"location\": \"westus\",\r\n  \"properties\": {\r\n    \"provisioningState\":
        \"Succeeded\",\r\n    \"customRules\": [],\r\n    \"policySettings\": {\r\n
        \     \"requestBodyCheck\": true,\r\n      \"maxRequestBodySizeInKb\": 128,\r\n
        \     \"fileUploadLimitInMb\": 100,\r\n      \"state\": \"Disabled\",\r\n
        \     \"mode\": \"Detection\"\r\n    },\r\n    \"managedRules\": {\r\n      \"managedRuleSets\":
        [\r\n        {\r\n          \"ruleSetType\": \"OWASP\",\r\n          \"ruleSetVersion\":
        \"3.2\",\r\n          \"ruleGroupOverrides\": []\r\n        }\r\n      ],\r\n
        \     \"exclusions\": []\r\n    }\r\n  }\r\n}"
    headers:
      cache-control:
      - no-cache
      content-length:
      - '902'
      content-type:
      - application/json; charset=utf-8
      date:
      - Tue, 07 Feb 2023 18:04:47 GMT
      etag:
      - W/"2218da1f-f7d1-4977-b9b4-5ca8d7691381"
      expires:
      - '-1'
      pragma:
      - no-cache
      server:
      - Microsoft-HTTPAPI/2.0
      - Microsoft-HTTPAPI/2.0
      strict-transport-security:
      - max-age=31536000; includeSubDomains
      x-content-type-options:
      - nosniff
      x-ms-arm-service-request-id:
      - 1ff697e2-c562-402b-a586-6000f018a3b5
    status:
      code: 200
      message: OK
- request:
    body: '{"id": "/subscriptions/00000000-0000-0000-0000-000000000000/resourceGroups/cli_test_app_gateway_waf_policy_managed_rules_000001/providers/Microsoft.Network/ApplicationGatewayWebApplicationFirewallPolicies/agp1",
      "location": "westus", "properties": {"customRules": [], "managedRules": {"exclusions":
      [], "managedRuleSets": [{"ruleGroupOverrides": [{"ruleGroupName": "REQUEST-931-APPLICATION-ATTACK-RFI",
      "rules": [{"action": "Log", "ruleId": "931120", "state": "Enabled"}, {"action":
      "AnomalyScoring", "ruleId": "931130", "state": "Disabled"}]}], "ruleSetType":
      "OWASP", "ruleSetVersion": "3.2"}]}, "policySettings": {"fileUploadLimitInMb":
      100, "maxRequestBodySizeInKb": 128, "mode": "Detection", "requestBodyCheck":
      true, "state": "Disabled"}}}'
    headers:
      Accept:
      - application/json
      Accept-Encoding:
      - gzip, deflate
      CommandName:
      - network application-gateway waf-policy managed-rule rule-set add
      Connection:
      - keep-alive
      Content-Length:
      - '745'
      Content-Type:
      - application/json
      ParameterSetName:
      - -g --policy-name --type --version --group-name --rule --rule
      User-Agent:
      - AZURECLI/2.45.0 (AAZ) azsdk-python-core/1.24.0 Python/3.10.9 (Linux-5.15.0-1031-azure-x86_64-with-glibc2.31)
        VSTS_7b238909-6802-4b65-b90d-184bca47f458_build_220_0
    method: PUT
    uri: https://management.azure.com/subscriptions/00000000-0000-0000-0000-000000000000/resourceGroups/cli_test_app_gateway_waf_policy_managed_rules_000001/providers/Microsoft.Network/ApplicationGatewayWebApplicationFirewallPolicies/agp1?api-version=2022-05-01
  response:
    body:
      string: "{\r\n  \"name\": \"agp1\",\r\n  \"id\": \"/subscriptions/00000000-0000-0000-0000-000000000000/resourceGroups/cli_test_app_gateway_waf_policy_managed_rules_000001/providers/Microsoft.Network/ApplicationGatewayWebApplicationFirewallPolicies/agp1\",\r\n
        \ \"etag\": \"W/\\\"e7c61390-2daf-4dfe-9a45-cc6a948738dc\\\"\",\r\n  \"type\":
        \"Microsoft.Network/ApplicationGatewayWebApplicationFirewallPolicies\",\r\n
        \ \"location\": \"westus\",\r\n  \"properties\": {\r\n    \"provisioningState\":
        \"Updating\",\r\n    \"customRules\": [],\r\n    \"policySettings\": {\r\n
        \     \"requestBodyCheck\": true,\r\n      \"maxRequestBodySizeInKb\": 128,\r\n
        \     \"fileUploadLimitInMb\": 100,\r\n      \"state\": \"Disabled\",\r\n
        \     \"mode\": \"Detection\"\r\n    },\r\n    \"managedRules\": {\r\n      \"managedRuleSets\":
        [\r\n        {\r\n          \"ruleSetType\": \"OWASP\",\r\n          \"ruleSetVersion\":
        \"3.2\",\r\n          \"ruleGroupOverrides\": [\r\n            {\r\n              \"ruleGroupName\":
        \"REQUEST-931-APPLICATION-ATTACK-RFI\",\r\n              \"rules\": [\r\n
        \               {\r\n                  \"ruleId\": \"931120\",\r\n                  \"state\":
        \"Enabled\",\r\n                  \"action\": \"Log\"\r\n                },\r\n
        \               {\r\n                  \"ruleId\": \"931130\",\r\n                  \"state\":
        \"Disabled\",\r\n                  \"action\": \"AnomalyScoring\"\r\n                }\r\n
        \             ]\r\n            }\r\n          ]\r\n        }\r\n      ],\r\n
        \     \"exclusions\": []\r\n    }\r\n  }\r\n}"
    headers:
      azure-asyncnotification:
      - Enabled
      azure-asyncoperation:
      - https://management.azure.com/subscriptions/00000000-0000-0000-0000-000000000000/providers/Microsoft.Network/locations/westus/operations/9fe960f8-7c5c-43fe-a613-f125e84b9aa9?api-version=2022-05-01
      cache-control:
      - no-cache
      content-length:
      - '1371'
      content-type:
      - application/json; charset=utf-8
      date:
      - Tue, 07 Feb 2023 18:04:48 GMT
      expires:
      - '-1'
      pragma:
      - no-cache
      server:
      - Microsoft-HTTPAPI/2.0
      - Microsoft-HTTPAPI/2.0
      strict-transport-security:
      - max-age=31536000; includeSubDomains
      x-content-type-options:
      - nosniff
      x-ms-arm-service-request-id:
      - 6cf96623-922e-4a88-a292-fcf3db187694
      x-ms-ratelimit-remaining-subscription-writes:
      - '1199'
    status:
      code: 200
      message: OK
- request:
    body: null
    headers:
      Accept:
      - application/json
      Accept-Encoding:
      - gzip, deflate
      CommandName:
      - network application-gateway waf-policy show
      Connection:
      - keep-alive
      ParameterSetName:
      - -g -n
      User-Agent:
      - AZURECLI/2.45.0 (AAZ) azsdk-python-core/1.24.0 Python/3.10.9 (Linux-5.15.0-1031-azure-x86_64-with-glibc2.31)
        VSTS_7b238909-6802-4b65-b90d-184bca47f458_build_220_0
    method: GET
    uri: https://management.azure.com/subscriptions/00000000-0000-0000-0000-000000000000/resourceGroups/cli_test_app_gateway_waf_policy_managed_rules_000001/providers/Microsoft.Network/ApplicationGatewayWebApplicationFirewallPolicies/agp1?api-version=2022-05-01
  response:
    body:
      string: "{\r\n  \"name\": \"agp1\",\r\n  \"id\": \"/subscriptions/00000000-0000-0000-0000-000000000000/resourceGroups/cli_test_app_gateway_waf_policy_managed_rules_000001/providers/Microsoft.Network/ApplicationGatewayWebApplicationFirewallPolicies/agp1\",\r\n
        \ \"etag\": \"W/\\\"7eea2b66-c25c-4f44-8648-ccd75fe7b77e\\\"\",\r\n  \"type\":
        \"Microsoft.Network/ApplicationGatewayWebApplicationFirewallPolicies\",\r\n
        \ \"location\": \"westus\",\r\n  \"properties\": {\r\n    \"provisioningState\":
        \"Succeeded\",\r\n    \"customRules\": [],\r\n    \"policySettings\": {\r\n
        \     \"requestBodyCheck\": true,\r\n      \"maxRequestBodySizeInKb\": 128,\r\n
        \     \"fileUploadLimitInMb\": 100,\r\n      \"state\": \"Disabled\",\r\n
        \     \"mode\": \"Detection\"\r\n    },\r\n    \"managedRules\": {\r\n      \"managedRuleSets\":
        [\r\n        {\r\n          \"ruleSetType\": \"OWASP\",\r\n          \"ruleSetVersion\":
        \"3.2\",\r\n          \"ruleGroupOverrides\": [\r\n            {\r\n              \"ruleGroupName\":
        \"REQUEST-931-APPLICATION-ATTACK-RFI\",\r\n              \"rules\": [\r\n
        \               {\r\n                  \"ruleId\": \"931120\",\r\n                  \"state\":
        \"Enabled\",\r\n                  \"action\": \"Log\"\r\n                },\r\n
        \               {\r\n                  \"ruleId\": \"931130\",\r\n                  \"state\":
        \"Disabled\",\r\n                  \"action\": \"AnomalyScoring\"\r\n                }\r\n
        \             ]\r\n            }\r\n          ]\r\n        }\r\n      ],\r\n
        \     \"exclusions\": []\r\n    }\r\n  }\r\n}"
    headers:
      cache-control:
      - no-cache
      content-length:
      - '1372'
      content-type:
      - application/json; charset=utf-8
      date:
      - Tue, 07 Feb 2023 18:04:49 GMT
      etag:
      - W/"7eea2b66-c25c-4f44-8648-ccd75fe7b77e"
      expires:
      - '-1'
      pragma:
      - no-cache
      server:
      - Microsoft-HTTPAPI/2.0
      - Microsoft-HTTPAPI/2.0
      strict-transport-security:
      - max-age=31536000; includeSubDomains
      x-content-type-options:
      - nosniff
      x-ms-arm-service-request-id:
      - 945d793a-4c13-464f-b1d7-30e7eba47bc1
    status:
      code: 200
      message: OK
version: 1
