interactions:
- request:
    body: '{"location": "global"}'
    headers:
      Accept:
      - application/json
      Accept-Encoding:
      - gzip, deflate
      CommandName:
      - network dns zone create
      Connection:
      - keep-alive
      Content-Length:
      - '22'
      Content-Type:
      - application/json
      ParameterSetName:
      - -n -g
      User-Agent:
      - AZURECLI/2.67.0 azsdk-python-core/1.31.0 Python/3.8.10 (Windows-10-10.0.26100-SP0)
    method: PUT
    uri: https://management.azure.com/subscriptions/00000000-0000-0000-0000-000000000000/resourceGroups/cli_test_dns_zone_update000001/providers/Microsoft.Network/dnsZones/myzonex.com?api-version=2023-07-01-preview
  response:
    body:
      string: '{"id":"\/subscriptions\/00000000-0000-0000-0000-000000000000\/resourceGroups\/cli_test_dns_zone_update000001\/providers\/Microsoft.Network\/dnszones\/myzonex.com","name":"myzonex.com","type":"Microsoft.Network\/dnszones","etag":"a425c2f1-2ad8-4d99-aed3-b49194ae881d","location":"global","tags":{},"properties":{"maxNumberOfRecordSets":10000,"maxNumberOfRecordsPerRecordSet":null,"nameServers":["ns1-38.ppe.azure-dns.com.","ns2-38.ppe.azure-dns.net.","ns3-38.ppe.azure-dns.org.","ns4-38.ppe.azure-dns.info."],"numberOfRecordSets":2,"zoneType":"Public"}}'
    headers:
      cache-control:
      - private
      content-length:
      - '552'
      content-type:
      - application/json; charset=utf-8
      date:
      - Tue, 19 Nov 2024 21:58:02 GMT
      etag:
      - a425c2f1-2ad8-4d99-aed3-b49194ae881d
      strict-transport-security:
      - max-age=31536000; includeSubDomains
      x-cache:
      - CONFIG_NOCACHE
      x-content-type-options:
      - nosniff
      x-ms-ratelimit-remaining-subscription-resource-requests:
      - '11998'
      x-msedge-ref:
      - 'Ref A: F88282680BF64C37ACA4D0775BCF4BA0 Ref B: CO6AA3150217031 Ref C: 2024-11-19T21:57:58Z'
      x-powered-by:
      - ASP.NET
    status:
      code: 201
      message: Created
- request:
    body: null
    headers:
      Accept:
      - application/json
      Accept-Encoding:
      - gzip, deflate
      CommandName:
      - network dns zone update
      Connection:
      - keep-alive
      ParameterSetName:
      - -n -g --tags
      User-Agent:
      - AZURECLI/2.67.0 azsdk-python-core/1.31.0 Python/3.8.10 (Windows-10-10.0.26100-SP0)
    method: GET
    uri: https://management.azure.com/subscriptions/00000000-0000-0000-0000-000000000000/resourceGroups/cli_test_dns_zone_update000001/providers/Microsoft.Network/dnsZones/myzonex.com?api-version=2023-07-01-preview
  response:
    body:
      string: '{"id":"\/subscriptions\/00000000-0000-0000-0000-000000000000\/resourceGroups\/cli_test_dns_zone_update000001\/providers\/Microsoft.Network\/dnszones\/myzonex.com","name":"myzonex.com","type":"Microsoft.Network\/dnszones","etag":"a425c2f1-2ad8-4d99-aed3-b49194ae881d","location":"global","tags":{},"properties":{"maxNumberOfRecordSets":10000,"maxNumberOfRecordsPerRecordSet":null,"nameServers":["ns1-38.ppe.azure-dns.com.","ns2-38.ppe.azure-dns.net.","ns3-38.ppe.azure-dns.org.","ns4-38.ppe.azure-dns.info."],"numberOfRecordSets":2,"zoneType":"Public"}}'
    headers:
      cache-control:
      - private
      content-length:
      - '552'
      content-type:
      - application/json; charset=utf-8
      date:
      - Tue, 19 Nov 2024 21:58:02 GMT
      etag:
      - a425c2f1-2ad8-4d99-aed3-b49194ae881d
      strict-transport-security:
      - max-age=31536000; includeSubDomains
      x-cache:
      - CONFIG_NOCACHE
      x-content-type-options:
      - nosniff
      x-ms-ratelimit-remaining-subscription-resource-requests:
      - '499'
      x-msedge-ref:
      - 'Ref A: A0BE5ADABFB94E1B94D01D44A0B94A07 Ref B: CO6AA3150218017 Ref C: 2024-11-19T21:58:02Z'
      x-powered-by:
      - ASP.NET
    status:
      code: 200
      message: OK
- request:
    body: '{"etag": "a425c2f1-2ad8-4d99-aed3-b49194ae881d", "location": "global",
      "properties": {"zoneType": "Public"}, "tags": {"tag1": "foo"}}'
    headers:
      Accept:
      - application/json
      Accept-Encoding:
      - gzip, deflate
      CommandName:
      - network dns zone update
      Connection:
      - keep-alive
      Content-Length:
      - '133'
      Content-Type:
      - application/json
      ParameterSetName:
      - -n -g --tags
      User-Agent:
      - AZURECLI/2.67.0 azsdk-python-core/1.31.0 Python/3.8.10 (Windows-10-10.0.26100-SP0)
    method: PUT
    uri: https://management.azure.com/subscriptions/00000000-0000-0000-0000-000000000000/resourceGroups/cli_test_dns_zone_update000001/providers/Microsoft.Network/dnsZones/myzonex.com?api-version=2023-07-01-preview
  response:
    body:
      string: '{"id":"\/subscriptions\/00000000-0000-0000-0000-000000000000\/resourceGroups\/cli_test_dns_zone_update000001\/providers\/Microsoft.Network\/dnszones\/myzonex.com","name":"myzonex.com","type":"Microsoft.Network\/dnszones","etag":"4b8a2f7c-a21d-4a37-9d96-ace788e55f2e","location":"global","tags":{"tag1":"foo"},"properties":{"maxNumberOfRecordSets":10000,"maxNumberOfRecordsPerRecordSet":null,"nameServers":["ns1-38.ppe.azure-dns.com.","ns2-38.ppe.azure-dns.net.","ns3-38.ppe.azure-dns.org.","ns4-38.ppe.azure-dns.info."],"numberOfRecordSets":2,"zoneType":"Public"}}'
    headers:
      cache-control:
      - private
      content-length:
      - '564'
      content-type:
      - application/json; charset=utf-8
      date:
      - Tue, 19 Nov 2024 21:58:06 GMT
      etag:
      - 4b8a2f7c-a21d-4a37-9d96-ace788e55f2e
      strict-transport-security:
      - max-age=31536000; includeSubDomains
      x-cache:
      - CONFIG_NOCACHE
      x-content-type-options:
      - nosniff
      x-ms-ratelimit-remaining-subscription-resource-requests:
      - '11999'
      x-msedge-ref:
      - 'Ref A: B9A8C35D10C1404A809542D53F3B6F90 Ref B: CO6AA3150218017 Ref C: 2024-11-19T21:58:03Z'
      x-powered-by:
      - ASP.NET
    status:
      code: 200
      message: OK
- request:
    body: null
    headers:
      Accept:
      - application/json
      Accept-Encoding:
      - gzip, deflate
      CommandName:
      - network dns zone update
      Connection:
      - keep-alive
      ParameterSetName:
      - -n -g --set --set
      User-Agent:
      - AZURECLI/2.67.0 azsdk-python-core/1.31.0 Python/3.8.10 (Windows-10-10.0.26100-SP0)
    method: GET
    uri: https://management.azure.com/subscriptions/00000000-0000-0000-0000-000000000000/resourceGroups/cli_test_dns_zone_update000001/providers/Microsoft.Network/dnsZones/myzonex.com?api-version=2023-07-01-preview
  response:
    body:
      string: '{"id":"\/subscriptions\/00000000-0000-0000-0000-000000000000\/resourceGroups\/cli_test_dns_zone_update000001\/providers\/Microsoft.Network\/dnszones\/myzonex.com","name":"myzonex.com","type":"Microsoft.Network\/dnszones","etag":"4b8a2f7c-a21d-4a37-9d96-ace788e55f2e","location":"global","tags":{"tag1":"foo"},"properties":{"maxNumberOfRecordSets":10000,"maxNumberOfRecordsPerRecordSet":null,"nameServers":["ns1-38.ppe.azure-dns.com.","ns2-38.ppe.azure-dns.net.","ns3-38.ppe.azure-dns.org.","ns4-38.ppe.azure-dns.info."],"numberOfRecordSets":2,"zoneType":"Public"}}'
    headers:
      cache-control:
      - private
      content-length:
      - '564'
      content-type:
      - application/json; charset=utf-8
      date:
      - Tue, 19 Nov 2024 21:58:06 GMT
      etag:
      - 4b8a2f7c-a21d-4a37-9d96-ace788e55f2e
      strict-transport-security:
      - max-age=31536000; includeSubDomains
      x-cache:
      - CONFIG_NOCACHE
      x-content-type-options:
      - nosniff
      x-ms-ratelimit-remaining-subscription-resource-requests:
      - '499'
      x-msedge-ref:
      - 'Ref A: 771791B831914DBFB8A37570ACE5B67A Ref B: CO6AA3150217051 Ref C: 2024-11-19T21:58:07Z'
      x-powered-by:
      - ASP.NET
    status:
      code: 200
      message: OK
- request:
    body: '{"etag": "4b8a2f7c-a21d-4a37-9d96-ace788e55f2e", "location": "global",
      "properties": {"zoneType": "Public"}, "tags": {"tag1": "bar", "tag2": "foo"}}'
    headers:
      Accept:
      - application/json
      Accept-Encoding:
      - gzip, deflate
      CommandName:
      - network dns zone update
      Connection:
      - keep-alive
      Content-Length:
      - '148'
      Content-Type:
      - application/json
      ParameterSetName:
      - -n -g --set --set
      User-Agent:
      - AZURECLI/2.67.0 azsdk-python-core/1.31.0 Python/3.8.10 (Windows-10-10.0.26100-SP0)
    method: PUT
    uri: https://management.azure.com/subscriptions/00000000-0000-0000-0000-000000000000/resourceGroups/cli_test_dns_zone_update000001/providers/Microsoft.Network/dnsZones/myzonex.com?api-version=2023-07-01-preview
  response:
    body:
      string: '{"id":"\/subscriptions\/00000000-0000-0000-0000-000000000000\/resourceGroups\/cli_test_dns_zone_update000001\/providers\/Microsoft.Network\/dnszones\/myzonex.com","name":"myzonex.com","type":"Microsoft.Network\/dnszones","etag":"97c45d25-b504-4111-a79a-655537466c83","location":"global","tags":{"tag1":"bar","tag2":"foo"},"properties":{"maxNumberOfRecordSets":10000,"maxNumberOfRecordsPerRecordSet":null,"nameServers":["ns1-38.ppe.azure-dns.com.","ns2-38.ppe.azure-dns.net.","ns3-38.ppe.azure-dns.org.","ns4-38.ppe.azure-dns.info."],"numberOfRecordSets":2,"zoneType":"Public"}}'
    headers:
      cache-control:
      - private
      content-length:
      - '577'
      content-type:
      - application/json; charset=utf-8
      date:
      - Tue, 19 Nov 2024 21:58:10 GMT
      etag:
      - 97c45d25-b504-4111-a79a-655537466c83
      strict-transport-security:
      - max-age=31536000; includeSubDomains
      x-cache:
      - CONFIG_NOCACHE
      x-content-type-options:
      - nosniff
      x-ms-ratelimit-remaining-subscription-resource-requests:
      - '11999'
      x-msedge-ref:
      - 'Ref A: 4494B87F6AA64B3AAF29327DB04A270B Ref B: CO6AA3150217051 Ref C: 2024-11-19T21:58:07Z'
      x-powered-by:
      - ASP.NET
    status:
      code: 200
      message: OK
- request:
    body: null
    headers:
      Accept:
      - application/json
      Accept-Encoding:
      - gzip, deflate
      CommandName:
      - network dns zone update
      Connection:
      - keep-alive
      ParameterSetName:
      - -n -g --remove
      User-Agent:
      - AZURECLI/2.67.0 azsdk-python-core/1.31.0 Python/3.8.10 (Windows-10-10.0.26100-SP0)
    method: GET
    uri: https://management.azure.com/subscriptions/00000000-0000-0000-0000-000000000000/resourceGroups/cli_test_dns_zone_update000001/providers/Microsoft.Network/dnsZones/myzonex.com?api-version=2023-07-01-preview
  response:
    body:
      string: '{"id":"\/subscriptions\/00000000-0000-0000-0000-000000000000\/resourceGroups\/cli_test_dns_zone_update000001\/providers\/Microsoft.Network\/dnszones\/myzonex.com","name":"myzonex.com","type":"Microsoft.Network\/dnszones","etag":"97c45d25-b504-4111-a79a-655537466c83","location":"global","tags":{"tag1":"bar","tag2":"foo"},"properties":{"maxNumberOfRecordSets":10000,"maxNumberOfRecordsPerRecordSet":null,"nameServers":["ns1-38.ppe.azure-dns.com.","ns2-38.ppe.azure-dns.net.","ns3-38.ppe.azure-dns.org.","ns4-38.ppe.azure-dns.info."],"numberOfRecordSets":2,"zoneType":"Public"}}'
    headers:
      cache-control:
      - private
      content-length:
      - '577'
      content-type:
      - application/json; charset=utf-8
      date:
      - Tue, 19 Nov 2024 21:58:10 GMT
      etag:
      - 97c45d25-b504-4111-a79a-655537466c83
      strict-transport-security:
      - max-age=31536000; includeSubDomains
      x-cache:
      - CONFIG_NOCACHE
      x-content-type-options:
      - nosniff
      x-ms-ratelimit-remaining-subscription-resource-requests:
      - '499'
      x-msedge-ref:
      - 'Ref A: 57F5EBBBAC384CE7B34CF7646DA2CD5C Ref B: CO6AA3150217025 Ref C: 2024-11-19T21:58:11Z'
      x-powered-by:
      - ASP.NET
    status:
      code: 200
      message: OK
- request:
    body: '{"etag": "97c45d25-b504-4111-a79a-655537466c83", "location": "global",
      "properties": {"zoneType": "Public"}, "tags": {"tag2": "foo"}}'
    headers:
      Accept:
      - application/json
      Accept-Encoding:
      - gzip, deflate
      CommandName:
      - network dns zone update
      Connection:
      - keep-alive
      Content-Length:
      - '133'
      Content-Type:
      - application/json
      ParameterSetName:
      - -n -g --remove
      User-Agent:
      - AZURECLI/2.67.0 azsdk-python-core/1.31.0 Python/3.8.10 (Windows-10-10.0.26100-SP0)
    method: PUT
    uri: https://management.azure.com/subscriptions/00000000-0000-0000-0000-000000000000/resourceGroups/cli_test_dns_zone_update000001/providers/Microsoft.Network/dnsZones/myzonex.com?api-version=2023-07-01-preview
  response:
    body:
      string: '{"id":"\/subscriptions\/00000000-0000-0000-0000-000000000000\/resourceGroups\/cli_test_dns_zone_update000001\/providers\/Microsoft.Network\/dnszones\/myzonex.com","name":"myzonex.com","type":"Microsoft.Network\/dnszones","etag":"8f1e122b-cd8f-4ae5-b9ad-484fda765055","location":"global","tags":{"tag2":"foo"},"properties":{"maxNumberOfRecordSets":10000,"maxNumberOfRecordsPerRecordSet":null,"nameServers":["ns1-38.ppe.azure-dns.com.","ns2-38.ppe.azure-dns.net.","ns3-38.ppe.azure-dns.org.","ns4-38.ppe.azure-dns.info."],"numberOfRecordSets":2,"zoneType":"Public"}}'
    headers:
      cache-control:
      - private
      content-length:
      - '564'
      content-type:
      - application/json; charset=utf-8
      date:
      - Tue, 19 Nov 2024 21:58:14 GMT
      etag:
      - 8f1e122b-cd8f-4ae5-b9ad-484fda765055
      strict-transport-security:
      - max-age=31536000; includeSubDomains
      x-cache:
      - CONFIG_NOCACHE
      x-content-type-options:
      - nosniff
      x-ms-ratelimit-remaining-subscription-resource-requests:
      - '11999'
      x-msedge-ref:
      - 'Ref A: 136E670F167F4F33AABFE9C38A8943C4 Ref B: CO6AA3150217025 Ref C: 2024-11-19T21:58:11Z'
      x-powered-by:
      - ASP.NET
    status:
      code: 200
      message: OK
version: 1
