interactions:
- request:
    body: null
    headers:
      Accept:
      - application/json
      Accept-Encoding:
      - gzip, deflate
      CommandName:
      - network public-ip create
      Connection:
      - keep-alive
      ParameterSetName:
      - -g -n
      User-Agent:
      - AZURECLI/2.42.0 (PIP) azsdk-python-azure-mgmt-resource/21.1.0b1 Python/3.8.10
        (Windows-10-10.0.19044-SP0)
    method: GET
    uri: https://management.azure.com/subscriptions/00000000-0000-0000-0000-000000000000/resourcegroups/cli_test_ag_frontend_ip_private000001?api-version=2021-04-01
  response:
    body:
      string: '{"id":"/subscriptions/00000000-0000-0000-0000-000000000000/resourceGroups/cli_test_ag_frontend_ip_private000001","name":"cli_test_ag_frontend_ip_private000001","type":"Microsoft.Resources/resourceGroups","location":"westus","tags":{"product":"azurecli","cause":"automation","date":"2022-11-04T03:35:25Z"},"properties":{"provisioningState":"Succeeded"}}'
    headers:
      cache-control:
      - no-cache
      content-length:
      - '352'
      content-type:
      - application/json; charset=utf-8
      date:
      - Fri, 04 Nov 2022 03:35:29 GMT
      expires:
      - '-1'
      pragma:
      - no-cache
      strict-transport-security:
      - max-age=31536000; includeSubDomains
      vary:
      - Accept-Encoding
      x-content-type-options:
      - nosniff
    status:
      code: 200
      message: OK
- request:
    body: '{"location": "westus", "properties": {"idleTimeoutInMinutes": 4, "publicIPAddressVersion":
      "IPv4", "publicIPAllocationMethod": "Dynamic"}}'
    headers:
      Accept:
      - application/json
      Accept-Encoding:
      - gzip, deflate
      CommandName:
      - network public-ip create
      Connection:
      - keep-alive
      Content-Length:
      - '138'
      Content-Type:
      - application/json
      ParameterSetName:
      - -g -n
      User-Agent:
      - AZURECLI/2.42.0 (PIP) (AAZ) azsdk-python-core/1.24.0 Python/3.8.10 (Windows-10-10.0.19044-SP0)
    method: PUT
    uri: https://management.azure.com/subscriptions/00000000-0000-0000-0000-000000000000/resourceGroups/cli_test_ag_frontend_ip_private000001/providers/Microsoft.Network/publicIPAddresses/myip1?api-version=2022-05-01
  response:
    body:
      string: "{\r\n  \"name\": \"myip1\",\r\n  \"id\": \"/subscriptions/00000000-0000-0000-0000-000000000000/resourceGroups/cli_test_ag_frontend_ip_private000001/providers/Microsoft.Network/publicIPAddresses/myip1\",\r\n
        \ \"etag\": \"W/\\\"522f0838-c6d6-47a8-93e4-2c0a325da737\\\"\",\r\n  \"location\":
        \"westus\",\r\n  \"properties\": {\r\n    \"provisioningState\": \"Updating\",\r\n
        \   \"resourceGuid\": \"304a92dd-1800-4242-b141-63bd1397a8ff\",\r\n    \"publicIPAddressVersion\":
        \"IPv4\",\r\n    \"publicIPAllocationMethod\": \"Dynamic\",\r\n    \"idleTimeoutInMinutes\":
        4,\r\n    \"ipTags\": []\r\n  },\r\n  \"type\": \"Microsoft.Network/publicIPAddresses\",\r\n
        \ \"sku\": {\r\n    \"name\": \"Basic\",\r\n    \"tier\": \"Regional\"\r\n
        \ }\r\n}"
    headers:
      azure-asyncnotification:
      - Enabled
      azure-asyncoperation:
      - https://management.azure.com/subscriptions/00000000-0000-0000-0000-000000000000/providers/Microsoft.Network/locations/westus/operations/5005f361-1538-403f-8ef5-8726331c1758?api-version=2022-05-01
      cache-control:
      - no-cache
      content-length:
      - '645'
      content-type:
      - application/json; charset=utf-8
      date:
      - Fri, 04 Nov 2022 03:35:34 GMT
      expires:
      - '-1'
      pragma:
      - no-cache
      server:
      - Microsoft-HTTPAPI/2.0
      - Microsoft-HTTPAPI/2.0
      strict-transport-security:
      - max-age=31536000; includeSubDomains
      x-content-type-options:
      - nosniff
      x-ms-arm-service-request-id:
      - 5c10188c-badf-4ef6-842e-b4df57ce81a3
      x-ms-ratelimit-remaining-subscription-writes:
      - '1198'
    status:
      code: 201
      message: Created
- request:
    body: null
    headers:
      Accept:
      - '*/*'
      Accept-Encoding:
      - gzip, deflate
      CommandName:
      - network public-ip create
      Connection:
      - keep-alive
      ParameterSetName:
      - -g -n
      User-Agent:
      - AZURECLI/2.42.0 (PIP) (AAZ) azsdk-python-core/1.24.0 Python/3.8.10 (Windows-10-10.0.19044-SP0)
    method: GET
    uri: https://management.azure.com/subscriptions/00000000-0000-0000-0000-000000000000/providers/Microsoft.Network/locations/westus/operations/5005f361-1538-403f-8ef5-8726331c1758?api-version=2022-05-01
  response:
    body:
      string: "{\r\n  \"status\": \"Succeeded\"\r\n}"
    headers:
      cache-control:
      - no-cache
      content-length:
      - '29'
      content-type:
      - application/json; charset=utf-8
      date:
      - Fri, 04 Nov 2022 03:35:35 GMT
      expires:
      - '-1'
      pragma:
      - no-cache
      server:
      - Microsoft-HTTPAPI/2.0
      - Microsoft-HTTPAPI/2.0
      strict-transport-security:
      - max-age=31536000; includeSubDomains
      transfer-encoding:
      - chunked
      vary:
      - Accept-Encoding
      x-content-type-options:
      - nosniff
      x-ms-arm-service-request-id:
      - f74ae9e2-79d3-4b2c-a835-9e8ca3388df9
    status:
      code: 200
      message: OK
- request:
    body: null
    headers:
      Accept:
      - '*/*'
      Accept-Encoding:
      - gzip, deflate
      CommandName:
      - network public-ip create
      Connection:
      - keep-alive
      ParameterSetName:
      - -g -n
      User-Agent:
      - AZURECLI/2.42.0 (PIP) (AAZ) azsdk-python-core/1.24.0 Python/3.8.10 (Windows-10-10.0.19044-SP0)
    method: GET
    uri: https://management.azure.com/subscriptions/00000000-0000-0000-0000-000000000000/resourceGroups/cli_test_ag_frontend_ip_private000001/providers/Microsoft.Network/publicIPAddresses/myip1?api-version=2022-05-01
  response:
    body:
      string: "{\r\n  \"name\": \"myip1\",\r\n  \"id\": \"/subscriptions/00000000-0000-0000-0000-000000000000/resourceGroups/cli_test_ag_frontend_ip_private000001/providers/Microsoft.Network/publicIPAddresses/myip1\",\r\n
        \ \"etag\": \"W/\\\"27c9c917-fec9-4988-98ef-1d8fac2525fa\\\"\",\r\n  \"location\":
        \"westus\",\r\n  \"properties\": {\r\n    \"provisioningState\": \"Succeeded\",\r\n
        \   \"resourceGuid\": \"304a92dd-1800-4242-b141-63bd1397a8ff\",\r\n    \"publicIPAddressVersion\":
        \"IPv4\",\r\n    \"publicIPAllocationMethod\": \"Dynamic\",\r\n    \"idleTimeoutInMinutes\":
        4,\r\n    \"ipTags\": []\r\n  },\r\n  \"type\": \"Microsoft.Network/publicIPAddresses\",\r\n
        \ \"sku\": {\r\n    \"name\": \"Basic\",\r\n    \"tier\": \"Regional\"\r\n
        \ }\r\n}"
    headers:
      cache-control:
      - no-cache
      content-length:
      - '646'
      content-type:
      - application/json; charset=utf-8
      date:
      - Fri, 04 Nov 2022 03:35:36 GMT
      etag:
      - W/"27c9c917-fec9-4988-98ef-1d8fac2525fa"
      expires:
      - '-1'
      pragma:
      - no-cache
      server:
      - Microsoft-HTTPAPI/2.0
      - Microsoft-HTTPAPI/2.0
      strict-transport-security:
      - max-age=31536000; includeSubDomains
      transfer-encoding:
      - chunked
      vary:
      - Accept-Encoding
      x-content-type-options:
      - nosniff
      x-ms-arm-service-request-id:
      - 87a14f64-e9ac-4c38-8d8a-dbdc67b6d055
    status:
      code: 200
      message: OK
- request:
    body: null
    headers:
      Accept:
      - application/json
      Accept-Encoding:
      - gzip, deflate
      CommandName:
      - network vnet create
      Connection:
      - keep-alive
      ParameterSetName:
      - -g -n --subnet-name
      User-Agent:
      - AZURECLI/2.42.0 (PIP) azsdk-python-azure-mgmt-resource/21.1.0b1 Python/3.8.10
        (Windows-10-10.0.19044-SP0)
    method: GET
    uri: https://management.azure.com/subscriptions/00000000-0000-0000-0000-000000000000/resourcegroups/cli_test_ag_frontend_ip_private000001?api-version=2021-04-01
  response:
    body:
      string: '{"id":"/subscriptions/00000000-0000-0000-0000-000000000000/resourceGroups/cli_test_ag_frontend_ip_private000001","name":"cli_test_ag_frontend_ip_private000001","type":"Microsoft.Resources/resourceGroups","location":"westus","tags":{"product":"azurecli","cause":"automation","date":"2022-11-04T03:35:25Z"},"properties":{"provisioningState":"Succeeded"}}'
    headers:
      cache-control:
      - no-cache
      content-length:
      - '352'
      content-type:
      - application/json; charset=utf-8
      date:
      - Fri, 04 Nov 2022 03:35:36 GMT
      expires:
      - '-1'
      pragma:
      - no-cache
      strict-transport-security:
      - max-age=31536000; includeSubDomains
      vary:
      - Accept-Encoding
      x-content-type-options:
      - nosniff
    status:
      code: 200
      message: OK
- request:
    body: '{"location": "westus", "tags": {}, "properties": {"addressSpace": {"addressPrefixes":
      ["10.0.0.0/16"]}, "dhcpOptions": {}, "subnets": [{"name": "subnet1", "properties":
      {"addressPrefix": "10.0.0.0/24", "privateEndpointNetworkPolicies": "Disabled",
      "privateLinkServiceNetworkPolicies": "Enabled"}}]}}'
    headers:
      Accept:
      - application/json
      Accept-Encoding:
      - gzip, deflate
      CommandName:
      - network vnet create
      Connection:
      - keep-alive
      Content-Length:
      - '299'
      Content-Type:
      - application/json
      ParameterSetName:
      - -g -n --subnet-name
      User-Agent:
      - AZURECLI/2.42.0 (PIP) azsdk-python-azure-mgmt-network/21.0.1 Python/3.8.10
        (Windows-10-10.0.19044-SP0)
    method: PUT
    uri: https://management.azure.com/subscriptions/00000000-0000-0000-0000-000000000000/resourceGroups/cli_test_ag_frontend_ip_private000001/providers/Microsoft.Network/virtualNetworks/vnet1?api-version=2022-01-01
  response:
    body:
      string: "{\r\n  \"name\": \"vnet1\",\r\n  \"id\": \"/subscriptions/00000000-0000-0000-0000-000000000000/resourceGroups/cli_test_ag_frontend_ip_private000001/providers/Microsoft.Network/virtualNetworks/vnet1\",\r\n
        \ \"etag\": \"W/\\\"d73b0781-5683-40b4-b6e7-6eba99615530\\\"\",\r\n  \"type\":
        \"Microsoft.Network/virtualNetworks\",\r\n  \"location\": \"westus\",\r\n
        \ \"tags\": {},\r\n  \"properties\": {\r\n    \"provisioningState\": \"Updating\",\r\n
        \   \"resourceGuid\": \"584ca944-e868-4b0a-b0d2-347dc12c61bd\",\r\n    \"addressSpace\":
        {\r\n      \"addressPrefixes\": [\r\n        \"10.0.0.0/16\"\r\n      ]\r\n
        \   },\r\n    \"dhcpOptions\": {\r\n      \"dnsServers\": []\r\n    },\r\n
        \   \"subnets\": [\r\n      {\r\n        \"name\": \"subnet1\",\r\n        \"id\":
        \"/subscriptions/00000000-0000-0000-0000-000000000000/resourceGroups/cli_test_ag_frontend_ip_private000001/providers/Microsoft.Network/virtualNetworks/vnet1/subnets/subnet1\",\r\n
        \       \"etag\": \"W/\\\"d73b0781-5683-40b4-b6e7-6eba99615530\\\"\",\r\n
        \       \"properties\": {\r\n          \"provisioningState\": \"Updating\",\r\n
        \         \"addressPrefix\": \"10.0.0.0/24\",\r\n          \"delegations\":
        [],\r\n          \"privateEndpointNetworkPolicies\": \"Disabled\",\r\n          \"privateLinkServiceNetworkPolicies\":
        \"Enabled\"\r\n        },\r\n        \"type\": \"Microsoft.Network/virtualNetworks/subnets\"\r\n
        \     }\r\n    ],\r\n    \"virtualNetworkPeerings\": [],\r\n    \"enableDdosProtection\":
        false\r\n  }\r\n}"
    headers:
      azure-asyncnotification:
      - Enabled
      azure-asyncoperation:
      - https://management.azure.com/subscriptions/00000000-0000-0000-0000-000000000000/providers/Microsoft.Network/locations/westus/operations/8c305f82-2597-4178-8ba7-9bff876a4eeb?api-version=2022-01-01
      cache-control:
      - no-cache
      content-length:
      - '1328'
      content-type:
      - application/json; charset=utf-8
      date:
      - Fri, 04 Nov 2022 03:35:43 GMT
      expires:
      - '-1'
      pragma:
      - no-cache
      server:
      - Microsoft-HTTPAPI/2.0
      - Microsoft-HTTPAPI/2.0
      strict-transport-security:
      - max-age=31536000; includeSubDomains
      x-content-type-options:
      - nosniff
      x-ms-arm-service-request-id:
      - 39c1cb08-8a00-44fc-8230-486aa8fe4474
      x-ms-ratelimit-remaining-subscription-writes:
      - '1198'
    status:
      code: 201
      message: Created
- request:
    body: null
    headers:
      Accept:
      - '*/*'
      Accept-Encoding:
      - gzip, deflate
      CommandName:
      - network vnet create
      Connection:
      - keep-alive
      ParameterSetName:
      - -g -n --subnet-name
      User-Agent:
      - AZURECLI/2.42.0 (PIP) azsdk-python-azure-mgmt-network/21.0.1 Python/3.8.10
        (Windows-10-10.0.19044-SP0)
    method: GET
    uri: https://management.azure.com/subscriptions/00000000-0000-0000-0000-000000000000/providers/Microsoft.Network/locations/westus/operations/8c305f82-2597-4178-8ba7-9bff876a4eeb?api-version=2022-01-01
  response:
    body:
      string: "{\r\n  \"status\": \"Succeeded\"\r\n}"
    headers:
      cache-control:
      - no-cache
      content-length:
      - '29'
      content-type:
      - application/json; charset=utf-8
      date:
      - Fri, 04 Nov 2022 03:35:46 GMT
      expires:
      - '-1'
      pragma:
      - no-cache
      server:
      - Microsoft-HTTPAPI/2.0
      - Microsoft-HTTPAPI/2.0
      strict-transport-security:
      - max-age=31536000; includeSubDomains
      transfer-encoding:
      - chunked
      vary:
      - Accept-Encoding
      x-content-type-options:
      - nosniff
      x-ms-arm-service-request-id:
      - 63cc86be-8690-4391-adba-2a04a71d2570
    status:
      code: 200
      message: OK
- request:
    body: null
    headers:
      Accept:
      - '*/*'
      Accept-Encoding:
      - gzip, deflate
      CommandName:
      - network vnet create
      Connection:
      - keep-alive
      ParameterSetName:
      - -g -n --subnet-name
      User-Agent:
      - AZURECLI/2.42.0 (PIP) azsdk-python-azure-mgmt-network/21.0.1 Python/3.8.10
        (Windows-10-10.0.19044-SP0)
    method: GET
    uri: https://management.azure.com/subscriptions/00000000-0000-0000-0000-000000000000/resourceGroups/cli_test_ag_frontend_ip_private000001/providers/Microsoft.Network/virtualNetworks/vnet1?api-version=2022-01-01
  response:
    body:
      string: "{\r\n  \"name\": \"vnet1\",\r\n  \"id\": \"/subscriptions/00000000-0000-0000-0000-000000000000/resourceGroups/cli_test_ag_frontend_ip_private000001/providers/Microsoft.Network/virtualNetworks/vnet1\",\r\n
        \ \"etag\": \"W/\\\"09c9cee6-f494-4d78-8c64-4b67b1a61488\\\"\",\r\n  \"type\":
        \"Microsoft.Network/virtualNetworks\",\r\n  \"location\": \"westus\",\r\n
        \ \"tags\": {},\r\n  \"properties\": {\r\n    \"provisioningState\": \"Succeeded\",\r\n
        \   \"resourceGuid\": \"584ca944-e868-4b0a-b0d2-347dc12c61bd\",\r\n    \"addressSpace\":
        {\r\n      \"addressPrefixes\": [\r\n        \"10.0.0.0/16\"\r\n      ]\r\n
        \   },\r\n    \"dhcpOptions\": {\r\n      \"dnsServers\": []\r\n    },\r\n
        \   \"subnets\": [\r\n      {\r\n        \"name\": \"subnet1\",\r\n        \"id\":
        \"/subscriptions/00000000-0000-0000-0000-000000000000/resourceGroups/cli_test_ag_frontend_ip_private000001/providers/Microsoft.Network/virtualNetworks/vnet1/subnets/subnet1\",\r\n
        \       \"etag\": \"W/\\\"09c9cee6-f494-4d78-8c64-4b67b1a61488\\\"\",\r\n
        \       \"properties\": {\r\n          \"provisioningState\": \"Succeeded\",\r\n
        \         \"addressPrefix\": \"10.0.0.0/24\",\r\n          \"delegations\":
        [],\r\n          \"privateEndpointNetworkPolicies\": \"Disabled\",\r\n          \"privateLinkServiceNetworkPolicies\":
        \"Enabled\"\r\n        },\r\n        \"type\": \"Microsoft.Network/virtualNetworks/subnets\"\r\n
        \     }\r\n    ],\r\n    \"virtualNetworkPeerings\": [],\r\n    \"enableDdosProtection\":
        false\r\n  }\r\n}"
    headers:
      cache-control:
      - no-cache
      content-length:
      - '1330'
      content-type:
      - application/json; charset=utf-8
      date:
      - Fri, 04 Nov 2022 03:35:47 GMT
      etag:
      - W/"09c9cee6-f494-4d78-8c64-4b67b1a61488"
      expires:
      - '-1'
      pragma:
      - no-cache
      server:
      - Microsoft-HTTPAPI/2.0
      - Microsoft-HTTPAPI/2.0
      strict-transport-security:
      - max-age=31536000; includeSubDomains
      transfer-encoding:
      - chunked
      vary:
      - Accept-Encoding
      x-content-type-options:
      - nosniff
      x-ms-arm-service-request-id:
      - 5e14e469-52a1-4797-9d5c-7a0d1b8cf6be
    status:
      code: 200
      message: OK
- request:
    body: null
    headers:
      Accept:
      - application/json
      Accept-Encoding:
      - gzip, deflate
      CommandName:
      - network application-gateway create
      Connection:
      - keep-alive
      ParameterSetName:
      - -g -n --no-wait --public-ip-address --vnet-name --subnet --priority
      User-Agent:
      - AZURECLI/2.42.0 (PIP) azsdk-python-azure-mgmt-resource/21.1.0b1 Python/3.8.10
        (Windows-10-10.0.19044-SP0)
    method: GET
    uri: https://management.azure.com/subscriptions/00000000-0000-0000-0000-000000000000/resourcegroups/cli_test_ag_frontend_ip_private000001?api-version=2021-04-01
  response:
    body:
      string: '{"id":"/subscriptions/00000000-0000-0000-0000-000000000000/resourceGroups/cli_test_ag_frontend_ip_private000001","name":"cli_test_ag_frontend_ip_private000001","type":"Microsoft.Resources/resourceGroups","location":"westus","tags":{"product":"azurecli","cause":"automation","date":"2022-11-04T03:35:25Z"},"properties":{"provisioningState":"Succeeded"}}'
    headers:
      cache-control:
      - no-cache
      content-length:
      - '352'
      content-type:
      - application/json; charset=utf-8
      date:
      - Fri, 04 Nov 2022 03:35:48 GMT
      expires:
      - '-1'
      pragma:
      - no-cache
      strict-transport-security:
      - max-age=31536000; includeSubDomains
      vary:
      - Accept-Encoding
      x-content-type-options:
      - nosniff
    status:
      code: 200
      message: OK
- request:
    body: null
    headers:
      Accept:
      - application/json
      Accept-Encoding:
      - gzip, deflate
      CommandName:
      - network application-gateway create
      Connection:
      - keep-alive
      ParameterSetName:
      - -g -n --no-wait --public-ip-address --vnet-name --subnet --priority
      User-Agent:
      - AZURECLI/2.42.0 (PIP) azsdk-python-azure-mgmt-resource/21.1.0b1 Python/3.8.10
        (Windows-10-10.0.19044-SP0)
    method: GET
    uri: https://management.azure.com/subscriptions/00000000-0000-0000-0000-000000000000/resources?$filter=resourceGroup%20eq%20%27cli_test_ag_frontend_ip_private000001%27%20and%20name%20eq%20%27vnet1%27%20and%20resourceType%20eq%20%27Microsoft.Network%2FvirtualNetworks%27&api-version=2021-04-01
  response:
    body:
      string: '{"value":[{"id":"/subscriptions/00000000-0000-0000-0000-000000000000/resourceGroups/cli_test_ag_frontend_ip_private000001/providers/Microsoft.Network/virtualNetworks/vnet1","name":"vnet1","type":"Microsoft.Network/virtualNetworks","location":"westus","tags":{}}],"nextLink":"https://management.azure.com/subscriptions/00000000-0000-0000-0000-000000000000/resources?%24filter=resourceGroup+eq+%27cli_test_ag_frontend_ip_private000001%27+and+name+eq+%27vnet1%27+and+resourceType+eq+%27Microsoft.Network%2fvirtualNetworks%27&api-version=2021-04-01&%24skiptoken=eyJuZXh0UGFydGl0aW9uS2V5IjoiMSE4IU9FTTVOa1UtIiwibmV4dFJvd0tleSI6IjEhMjIwIU1FSXhSalkwTnpFeFFrWXdORVJFUVVGRlF6TkRRamt5TnpKR01EazFPVEJmUjFKTUxWQlBVMVJIVWtWVFZWQXpVMHRWVFVGRU5GcFZNbEZIU0ZGS1dVVlpWa1l6TWxkSFdEVTFTRE5QVVVWQ1RFSTFmRUU0TlVVNE4wVkJPVEJFUlVRM09EZ3RUVWxEVWs5VFQwWlVPakpGUkVKR1QxSlFUMU5VUjFKRlUxRk1PakpHVTBWU1ZrVlNVem95UmxORlVsWkZVamN3TmpFM01qRXpNeTFGUVZOVVZWTS0ifQ%3d%3d"}'
    headers:
      cache-control:
      - no-cache
      content-length:
      - '936'
      content-type:
      - application/json; charset=utf-8
      date:
      - Fri, 04 Nov 2022 03:35:50 GMT
      expires:
      - '-1'
      pragma:
      - no-cache
      strict-transport-security:
      - max-age=31536000; includeSubDomains
      vary:
      - Accept-Encoding
      x-content-type-options:
      - nosniff
    status:
      code: 200
      message: OK
- request:
    body: null
    headers:
      Accept:
      - application/json
      Accept-Encoding:
      - gzip, deflate
      CommandName:
      - network application-gateway create
      Connection:
      - keep-alive
      ParameterSetName:
      - -g -n --no-wait --public-ip-address --vnet-name --subnet --priority
      User-Agent:
      - AZURECLI/2.42.0 (PIP) azsdk-python-azure-mgmt-resource/21.1.0b1 Python/3.8.10
        (Windows-10-10.0.19044-SP0)
    method: GET
    uri: https://management.azure.com/subscriptions/00000000-0000-0000-0000-000000000000/resources?api-version=2021-04-01&%24filter=resourceGroup+eq+%27cli_test_ag_frontend_ip_private000001%27+and+name+eq+%27vnet1%27+and+resourceType+eq+%27Microsoft.Network%2FvirtualNetworks%27&%24skiptoken=eyJuZXh0UGFydGl0aW9uS2V5IjoiMSE4IU9FTTVOa1UtIiwibmV4dFJvd0tleSI6IjEhMjIwIU1FSXhSalkwTnpFeFFrWXdORVJFUVVGRlF6TkRRamt5TnpKR01EazFPVEJmUjFKTUxWQlBVMVJIVWtWVFZWQXpVMHRWVFVGRU5GcFZNbEZIU0ZGS1dVVlpWa1l6TWxkSFdEVTFTRE5QVVVWQ1RFSTFmRUU0TlVVNE4wVkJPVEJFUlVRM09EZ3RUVWxEVWs5VFQwWlVPakpGUkVKR1QxSlFUMU5VUjFKRlUxRk1PakpHVTBWU1ZrVlNVem95UmxORlVsWkZVamN3TmpFM01qRXpNeTFGUVZOVVZWTS0ifQ%3D%3D
  response:
    body:
      string: '{"value":[]}'
    headers:
      cache-control:
      - no-cache
      content-length:
      - '12'
      content-type:
      - application/json; charset=utf-8
      date:
      - Fri, 04 Nov 2022 03:35:50 GMT
      expires:
      - '-1'
      pragma:
      - no-cache
      strict-transport-security:
      - max-age=31536000; includeSubDomains
      vary:
      - Accept-Encoding
      x-content-type-options:
      - nosniff
    status:
      code: 200
      message: OK
- request:
    body: null
    headers:
      Accept:
      - application/json
      Accept-Encoding:
      - gzip, deflate
      CommandName:
      - network application-gateway create
      Connection:
      - keep-alive
      ParameterSetName:
      - -g -n --no-wait --public-ip-address --vnet-name --subnet --priority
      User-Agent:
      - AZURECLI/2.42.0 (PIP) azsdk-python-azure-mgmt-resource/21.1.0b1 Python/3.8.10
        (Windows-10-10.0.19044-SP0)
    method: GET
    uri: https://management.azure.com/subscriptions/00000000-0000-0000-0000-000000000000/resources?$filter=resourceGroup%20eq%20%27cli_test_ag_frontend_ip_private000001%27%20and%20name%20eq%20%27myip1%27%20and%20resourceType%20eq%20%27Microsoft.Network%2FpublicIPAddresses%27&api-version=2021-04-01
  response:
    body:
      string: '{"value":[{"id":"/subscriptions/00000000-0000-0000-0000-000000000000/resourceGroups/cli_test_ag_frontend_ip_private000001/providers/Microsoft.Network/publicIPAddresses/myip1","name":"myip1","type":"Microsoft.Network/publicIPAddresses","sku":{"name":"Basic"},"location":"westus"}],"nextLink":"https://management.azure.com/subscriptions/00000000-0000-0000-0000-000000000000/resources?%24filter=resourceGroup+eq+%27cli_test_ag_frontend_ip_private000001%27+and+name+eq+%27myip1%27+and+resourceType+eq+%27Microsoft.Network%2fpublicIPAddresses%27&api-version=2021-04-01&%24skiptoken=eyJuZXh0UGFydGl0aW9uS2V5IjoiMSE4IU9FTTVOa1UtIiwibmV4dFJvd0tleSI6IjEhMjIwIU1FSXhSalkwTnpFeFFrWXdORVJFUVVGRlF6TkRRamt5TnpKR01EazFPVEJmUjFKTUxWQlBVMVJIVWtWVFZWQXpVMHRWVFVGRU5GcFZNbEZIU0ZGS1dVVlpWa1l6TWxkSFdEVTFTRE5QVVVWQ1RFSTFmRUU0TlVVNE4wVkJPVEJFUlVRM09EZ3RUVWxEVWs5VFQwWlVPakpGUkVKR1QxSlFUMU5VUjFKRlUxRk1PakpHVTBWU1ZrVlNVem95UmxORlVsWkZVamN3TmpFM01qRXpNeTFGUVZOVVZWTS0ifQ%3d%3d"}'
    headers:
      cache-control:
      - no-cache
      content-length:
      - '955'
      content-type:
      - application/json; charset=utf-8
      date:
      - Fri, 04 Nov 2022 03:35:52 GMT
      expires:
      - '-1'
      pragma:
      - no-cache
      strict-transport-security:
      - max-age=31536000; includeSubDomains
      vary:
      - Accept-Encoding
      x-content-type-options:
      - nosniff
    status:
      code: 200
      message: OK
- request:
    body: null
    headers:
      Accept:
      - application/json
      Accept-Encoding:
      - gzip, deflate
      CommandName:
      - network application-gateway create
      Connection:
      - keep-alive
      ParameterSetName:
      - -g -n --no-wait --public-ip-address --vnet-name --subnet --priority
      User-Agent:
      - AZURECLI/2.42.0 (PIP) azsdk-python-azure-mgmt-resource/21.1.0b1 Python/3.8.10
        (Windows-10-10.0.19044-SP0)
    method: GET
    uri: https://management.azure.com/subscriptions/00000000-0000-0000-0000-000000000000/resources?api-version=2021-04-01&%24filter=resourceGroup+eq+%27cli_test_ag_frontend_ip_private000001%27+and+name+eq+%27myip1%27+and+resourceType+eq+%27Microsoft.Network%2FpublicIPAddresses%27&%24skiptoken=eyJuZXh0UGFydGl0aW9uS2V5IjoiMSE4IU9FTTVOa1UtIiwibmV4dFJvd0tleSI6IjEhMjIwIU1FSXhSalkwTnpFeFFrWXdORVJFUVVGRlF6TkRRamt5TnpKR01EazFPVEJmUjFKTUxWQlBVMVJIVWtWVFZWQXpVMHRWVFVGRU5GcFZNbEZIU0ZGS1dVVlpWa1l6TWxkSFdEVTFTRE5QVVVWQ1RFSTFmRUU0TlVVNE4wVkJPVEJFUlVRM09EZ3RUVWxEVWs5VFQwWlVPakpGUkVKR1QxSlFUMU5VUjFKRlUxRk1PakpHVTBWU1ZrVlNVem95UmxORlVsWkZVamN3TmpFM01qRXpNeTFGUVZOVVZWTS0ifQ%3D%3D
  response:
    body:
      string: '{"value":[]}'
    headers:
      cache-control:
      - no-cache
      content-length:
      - '12'
      content-type:
      - application/json; charset=utf-8
      date:
      - Fri, 04 Nov 2022 03:35:52 GMT
      expires:
      - '-1'
      pragma:
      - no-cache
      strict-transport-security:
      - max-age=31536000; includeSubDomains
      vary:
      - Accept-Encoding
      x-content-type-options:
      - nosniff
    status:
      code: 200
      message: OK
- request:
    body: '{"properties": {"template": {"$schema": "https://schema.management.azure.com/schemas/2015-01-01/deploymentTemplate.json#",
      "contentVersion": "1.0.0.0", "parameters": {}, "variables": {"appGwID": "[resourceId(''Microsoft.Network/applicationGateways'',
      ''ag1'')]"}, "resources": [{"type": "Microsoft.Network/applicationGateways",
      "name": "ag1", "location": "westus", "tags": {}, "apiVersion": "2022-01-01",
      "dependsOn": [], "properties": {"backendAddressPools": [{"name": "appGatewayBackendPool"}],
      "backendHttpSettingsCollection": [{"name": "appGatewayBackendHttpSettings",
      "properties": {"Port": 80, "Protocol": "Http", "CookieBasedAffinity": "disabled",
      "connectionDraining": {"enabled": false, "drainTimeoutInSec": 1}}}], "frontendIPConfigurations":
      [{"name": "appGatewayFrontendIP", "properties": {"publicIPAddress": {"id": "/subscriptions/00000000-0000-0000-0000-000000000000/resourceGroups/cli_test_ag_frontend_ip_private000001/providers/Microsoft.Network/publicIPAddresses/myip1"}}}],
      "frontendPorts": [{"name": "appGatewayFrontendPort", "properties": {"Port":
      80}}], "gatewayIPConfigurations": [{"name": "appGatewayFrontendIP", "properties":
      {"subnet": {"id": "/subscriptions/00000000-0000-0000-0000-000000000000/resourceGroups/cli_test_ag_frontend_ip_private000001/providers/Microsoft.Network/virtualNetworks/vnet1/subnets/subnet1"}}}],
      "httpListeners": [{"name": "appGatewayHttpListener", "properties": {"FrontendIpConfiguration":
      {"Id": "[concat(variables(''appGwID''), ''/frontendIPConfigurations/appGatewayFrontendIP'')]"},
      "FrontendPort": {"Id": "[concat(variables(''appGwID''), ''/frontendPorts/appGatewayFrontendPort'')]"},
      "Protocol": "http", "SslCertificate": null}}], "sku": {"name": "Standard_Medium",
      "tier": "Standard", "capacity": 2}, "requestRoutingRules": [{"Name": "rule1",
      "properties": {"RuleType": "Basic", "httpListener": {"id": "[concat(variables(''appGwID''),
      ''/httpListeners/appGatewayHttpListener'')]"}, "backendAddressPool": {"id":
      "[concat(variables(''appGwID''), ''/backendAddressPools/appGatewayBackendPool'')]"},
      "backendHttpSettings": {"id": "[concat(variables(''appGwID''), ''/backendHttpSettingsCollection/appGatewayBackendHttpSettings'')]"}}}],
      "privateLinkConfigurations": []}, "zones": null}], "outputs": {"applicationGateway":
      {"type": "object", "value": "[reference(''ag1'')]"}}}, "parameters": {}, "mode":
      "incremental"}}'
    headers:
      Accept:
      - application/json
      Accept-Encoding:
      - gzip, deflate
      CommandName:
      - network application-gateway create
      Connection:
      - keep-alive
      Content-Length:
      - '2343'
      Content-Type:
      - application/json
      ParameterSetName:
      - -g -n --no-wait --public-ip-address --vnet-name --subnet --priority
      User-Agent:
      - AZURECLI/2.42.0 (PIP) azsdk-python-azure-mgmt-resource/21.1.0b1 Python/3.8.10
        (Windows-10-10.0.19044-SP0)
    method: PUT
    uri: https://management.azure.com/subscriptions/00000000-0000-0000-0000-000000000000/resourcegroups/cli_test_ag_frontend_ip_private000001/providers/Microsoft.Resources/deployments/mock-deployment?api-version=2021-04-01
  response:
    body:
      string: '{"id":"/subscriptions/00000000-0000-0000-0000-000000000000/resourceGroups/cli_test_ag_frontend_ip_private000001/providers/Microsoft.Resources/deployments/ag_deploy_0PlKRoaU53Oqkv1ERD71Nt5rdJZ5mcP8","name":"ag_deploy_0PlKRoaU53Oqkv1ERD71Nt5rdJZ5mcP8","type":"Microsoft.Resources/deployments","properties":{"templateHash":"12794365992468532759","parameters":{},"mode":"Incremental","provisioningState":"Accepted","timestamp":"2022-11-04T03:35:57.5942076Z","duration":"PT0.0005588S","correlationId":"b414e801-d7eb-4ee4-a84e-c01200ad4694","providers":[{"namespace":"Microsoft.Network","resourceTypes":[{"resourceType":"applicationGateways","locations":["westus"]}]}],"dependencies":[]}}'
    headers:
      azure-asyncoperation:
      - https://management.azure.com/subscriptions/00000000-0000-0000-0000-000000000000/resourcegroups/cli_test_ag_frontend_ip_private000001/providers/Microsoft.Resources/deployments/ag_deploy_0PlKRoaU53Oqkv1ERD71Nt5rdJZ5mcP8/operationStatuses/08585340739287896174?api-version=2021-04-01
      cache-control:
      - no-cache
      content-length:
      - '682'
      content-type:
      - application/json; charset=utf-8
      date:
      - Fri, 04 Nov 2022 03:35:58 GMT
      expires:
      - '-1'
      pragma:
      - no-cache
      strict-transport-security:
      - max-age=31536000; includeSubDomains
      x-content-type-options:
      - nosniff
      x-ms-ratelimit-remaining-subscription-writes:
      - '1198'
    status:
      code: 201
      message: Created
- request:
    body: null
    headers:
      Accept:
      - application/json
      Accept-Encoding:
      - gzip, deflate
      CommandName:
      - network application-gateway wait
      Connection:
      - keep-alive
      ParameterSetName:
      - -g -n --exists
      User-Agent:
      - AZURECLI/2.42.0 (PIP) (AAZ) azsdk-python-core/1.24.0 Python/3.8.10 (Windows-10-10.0.19044-SP0)
    method: GET
    uri: https://management.azure.com/subscriptions/00000000-0000-0000-0000-000000000000/resourceGroups/cli_test_ag_frontend_ip_private000001/providers/Microsoft.Network/applicationGateways/ag1?api-version=2022-05-01
  response:
    body:
      string: '{"error":{"code":"ResourceNotFound","message":"The Resource ''Microsoft.Network/applicationGateways/ag1''
        under resource group ''cli_test_ag_frontend_ip_private000001'' was not found.
        For more details please go to https://aka.ms/ARMResourceNotFoundFix"}}'
    headers:
      cache-control:
      - no-cache
      content-length:
      - '250'
      content-type:
      - application/json; charset=utf-8
      date:
      - Fri, 04 Nov 2022 03:35:59 GMT
      expires:
      - '-1'
      pragma:
      - no-cache
      strict-transport-security:
      - max-age=31536000; includeSubDomains
      x-content-type-options:
      - nosniff
      x-ms-failure-cause:
      - gateway
    status:
      code: 404
      message: Not Found
- request:
    body: null
    headers:
      Accept:
      - application/json
      Accept-Encoding:
      - gzip, deflate
      CommandName:
      - network application-gateway wait
      Connection:
      - keep-alive
      ParameterSetName:
      - -g -n --exists
      User-Agent:
      - AZURECLI/2.42.0 (PIP) (AAZ) azsdk-python-core/1.24.0 Python/3.8.10 (Windows-10-10.0.19044-SP0)
    method: GET
    uri: https://management.azure.com/subscriptions/00000000-0000-0000-0000-000000000000/resourceGroups/cli_test_ag_frontend_ip_private000001/providers/Microsoft.Network/applicationGateways/ag1?api-version=2022-05-01
  response:
    body:
      string: "{\r\n  \"name\": \"ag1\",\r\n  \"id\": \"/subscriptions/00000000-0000-0000-0000-000000000000/resourceGroups/cli_test_ag_frontend_ip_private000001/providers/Microsoft.Network/applicationGateways/ag1\",\r\n
        \ \"etag\": \"W/\\\"53cbdf5d-02ce-411d-98b5-c958d9d6dcab\\\"\",\r\n  \"type\":
        \"Microsoft.Network/applicationGateways\",\r\n  \"location\": \"westus\",\r\n
        \ \"tags\": {},\r\n  \"properties\": {\r\n    \"provisioningState\": \"Updating\",\r\n
        \   \"resourceGuid\": \"0869e20e-955f-4e59-9bc7-e82010e4bb18\",\r\n    \"sku\":
        {\r\n      \"name\": \"Standard_Medium\",\r\n      \"tier\": \"Standard\",\r\n
        \     \"capacity\": 2\r\n    },\r\n    \"operationalState\": \"Stopped\",\r\n
        \   \"gatewayIPConfigurations\": [\r\n      {\r\n        \"name\": \"appGatewayFrontendIP\",\r\n
        \       \"id\": \"/subscriptions/00000000-0000-0000-0000-000000000000/resourceGroups/cli_test_ag_frontend_ip_private000001/providers/Microsoft.Network/applicationGateways/ag1/gatewayIPConfigurations/appGatewayFrontendIP\",\r\n
        \       \"etag\": \"W/\\\"53cbdf5d-02ce-411d-98b5-c958d9d6dcab\\\"\",\r\n
        \       \"properties\": {\r\n          \"provisioningState\": \"Updating\",\r\n
        \         \"subnet\": {\r\n            \"id\": \"/subscriptions/00000000-0000-0000-0000-000000000000/resourceGroups/cli_test_ag_frontend_ip_private000001/providers/Microsoft.Network/virtualNetworks/vnet1/subnets/subnet1\"\r\n
        \         }\r\n        },\r\n        \"type\": \"Microsoft.Network/applicationGateways/gatewayIPConfigurations\"\r\n
        \     }\r\n    ],\r\n    \"sslCertificates\": [],\r\n    \"authenticationCertificates\":
        [],\r\n    \"frontendIPConfigurations\": [\r\n      {\r\n        \"name\":
        \"appGatewayFrontendIP\",\r\n        \"id\": \"/subscriptions/00000000-0000-0000-0000-000000000000/resourceGroups/cli_test_ag_frontend_ip_private000001/providers/Microsoft.Network/applicationGateways/ag1/frontendIPConfigurations/appGatewayFrontendIP\",\r\n
        \       \"etag\": \"W/\\\"53cbdf5d-02ce-411d-98b5-c958d9d6dcab\\\"\",\r\n
        \       \"type\": \"Microsoft.Network/applicationGateways/frontendIPConfigurations\",\r\n
        \       \"properties\": {\r\n          \"provisioningState\": \"Updating\",\r\n
        \         \"privateIPAllocationMethod\": \"Dynamic\",\r\n          \"publicIPAddress\":
        {\r\n            \"id\": \"/subscriptions/00000000-0000-0000-0000-000000000000/resourceGroups/cli_test_ag_frontend_ip_private000001/providers/Microsoft.Network/publicIPAddresses/myip1\"\r\n
        \         },\r\n          \"httpListeners\": [\r\n            {\r\n              \"id\":
        \"/subscriptions/00000000-0000-0000-0000-000000000000/resourceGroups/cli_test_ag_frontend_ip_private000001/providers/Microsoft.Network/applicationGateways/ag1/httpListeners/appGatewayHttpListener\"\r\n
        \           }\r\n          ]\r\n        }\r\n      }\r\n    ],\r\n    \"frontendPorts\":
        [\r\n      {\r\n        \"name\": \"appGatewayFrontendPort\",\r\n        \"id\":
        \"/subscriptions/00000000-0000-0000-0000-000000000000/resourceGroups/cli_test_ag_frontend_ip_private000001/providers/Microsoft.Network/applicationGateways/ag1/frontendPorts/appGatewayFrontendPort\",\r\n
        \       \"etag\": \"W/\\\"53cbdf5d-02ce-411d-98b5-c958d9d6dcab\\\"\",\r\n
        \       \"properties\": {\r\n          \"provisioningState\": \"Updating\",\r\n
        \         \"port\": 80,\r\n          \"httpListeners\": [\r\n            {\r\n
        \             \"id\": \"/subscriptions/00000000-0000-0000-0000-000000000000/resourceGroups/cli_test_ag_frontend_ip_private000001/providers/Microsoft.Network/applicationGateways/ag1/httpListeners/appGatewayHttpListener\"\r\n
        \           }\r\n          ]\r\n        },\r\n        \"type\": \"Microsoft.Network/applicationGateways/frontendPorts\"\r\n
        \     }\r\n    ],\r\n    \"backendAddressPools\": [\r\n      {\r\n        \"name\":
        \"appGatewayBackendPool\",\r\n        \"id\": \"/subscriptions/00000000-0000-0000-0000-000000000000/resourceGroups/cli_test_ag_frontend_ip_private000001/providers/Microsoft.Network/applicationGateways/ag1/backendAddressPools/appGatewayBackendPool\",\r\n
        \       \"etag\": \"W/\\\"53cbdf5d-02ce-411d-98b5-c958d9d6dcab\\\"\",\r\n
        \       \"properties\": {\r\n          \"provisioningState\": \"Updating\",\r\n
        \         \"backendAddresses\": [],\r\n          \"requestRoutingRules\":
        [\r\n            {\r\n              \"id\": \"/subscriptions/00000000-0000-0000-0000-000000000000/resourceGroups/cli_test_ag_frontend_ip_private000001/providers/Microsoft.Network/applicationGateways/ag1/requestRoutingRules/rule1\"\r\n
        \           }\r\n          ]\r\n        },\r\n        \"type\": \"Microsoft.Network/applicationGateways/backendAddressPools\"\r\n
        \     }\r\n    ],\r\n    \"backendHttpSettingsCollection\": [\r\n      {\r\n
        \       \"name\": \"appGatewayBackendHttpSettings\",\r\n        \"id\": \"/subscriptions/00000000-0000-0000-0000-000000000000/resourceGroups/cli_test_ag_frontend_ip_private000001/providers/Microsoft.Network/applicationGateways/ag1/backendHttpSettingsCollection/appGatewayBackendHttpSettings\",\r\n
        \       \"etag\": \"W/\\\"53cbdf5d-02ce-411d-98b5-c958d9d6dcab\\\"\",\r\n
        \       \"properties\": {\r\n          \"provisioningState\": \"Updating\",\r\n
        \         \"port\": 80,\r\n          \"protocol\": \"Http\",\r\n          \"cookieBasedAffinity\":
        \"Disabled\",\r\n          \"connectionDraining\": {\r\n            \"enabled\":
        false,\r\n            \"drainTimeoutInSec\": 1\r\n          },\r\n          \"pickHostNameFromBackendAddress\":
        false,\r\n          \"requestTimeout\": 30,\r\n          \"requestRoutingRules\":
        [\r\n            {\r\n              \"id\": \"/subscriptions/00000000-0000-0000-0000-000000000000/resourceGroups/cli_test_ag_frontend_ip_private000001/providers/Microsoft.Network/applicationGateways/ag1/requestRoutingRules/rule1\"\r\n
        \           }\r\n          ]\r\n        },\r\n        \"type\": \"Microsoft.Network/applicationGateways/backendHttpSettingsCollection\"\r\n
        \     }\r\n    ],\r\n    \"httpListeners\": [\r\n      {\r\n        \"name\":
        \"appGatewayHttpListener\",\r\n        \"id\": \"/subscriptions/00000000-0000-0000-0000-000000000000/resourceGroups/cli_test_ag_frontend_ip_private000001/providers/Microsoft.Network/applicationGateways/ag1/httpListeners/appGatewayHttpListener\",\r\n
        \       \"etag\": \"W/\\\"53cbdf5d-02ce-411d-98b5-c958d9d6dcab\\\"\",\r\n
        \       \"properties\": {\r\n          \"provisioningState\": \"Updating\",\r\n
        \         \"frontendIPConfiguration\": {\r\n            \"id\": \"/subscriptions/00000000-0000-0000-0000-000000000000/resourceGroups/cli_test_ag_frontend_ip_private000001/providers/Microsoft.Network/applicationGateways/ag1/frontendIPConfigurations/appGatewayFrontendIP\"\r\n
        \         },\r\n          \"frontendPort\": {\r\n            \"id\": \"/subscriptions/00000000-0000-0000-0000-000000000000/resourceGroups/cli_test_ag_frontend_ip_private000001/providers/Microsoft.Network/applicationGateways/ag1/frontendPorts/appGatewayFrontendPort\"\r\n
        \         },\r\n          \"protocol\": \"Http\",\r\n          \"hostNames\":
        [],\r\n          \"requireServerNameIndication\": false,\r\n          \"requestRoutingRules\":
        [\r\n            {\r\n              \"id\": \"/subscriptions/00000000-0000-0000-0000-000000000000/resourceGroups/cli_test_ag_frontend_ip_private000001/providers/Microsoft.Network/applicationGateways/ag1/requestRoutingRules/rule1\"\r\n
        \           }\r\n          ]\r\n        },\r\n        \"type\": \"Microsoft.Network/applicationGateways/httpListeners\"\r\n
        \     }\r\n    ],\r\n    \"urlPathMaps\": [],\r\n    \"requestRoutingRules\":
        [\r\n      {\r\n        \"name\": \"rule1\",\r\n        \"id\": \"/subscriptions/00000000-0000-0000-0000-000000000000/resourceGroups/cli_test_ag_frontend_ip_private000001/providers/Microsoft.Network/applicationGateways/ag1/requestRoutingRules/rule1\",\r\n
        \       \"etag\": \"W/\\\"53cbdf5d-02ce-411d-98b5-c958d9d6dcab\\\"\",\r\n
        \       \"properties\": {\r\n          \"provisioningState\": \"Updating\",\r\n
        \         \"ruleType\": \"Basic\",\r\n          \"httpListener\": {\r\n            \"id\":
        \"/subscriptions/00000000-0000-0000-0000-000000000000/resourceGroups/cli_test_ag_frontend_ip_private000001/providers/Microsoft.Network/applicationGateways/ag1/httpListeners/appGatewayHttpListener\"\r\n
        \         },\r\n          \"backendAddressPool\": {\r\n            \"id\":
        \"/subscriptions/00000000-0000-0000-0000-000000000000/resourceGroups/cli_test_ag_frontend_ip_private000001/providers/Microsoft.Network/applicationGateways/ag1/backendAddressPools/appGatewayBackendPool\"\r\n
        \         },\r\n          \"backendHttpSettings\": {\r\n            \"id\":
        \"/subscriptions/00000000-0000-0000-0000-000000000000/resourceGroups/cli_test_ag_frontend_ip_private000001/providers/Microsoft.Network/applicationGateways/ag1/backendHttpSettingsCollection/appGatewayBackendHttpSettings\"\r\n
        \         }\r\n        },\r\n        \"type\": \"Microsoft.Network/applicationGateways/requestRoutingRules\"\r\n
        \     }\r\n    ],\r\n    \"probes\": [],\r\n    \"rewriteRuleSets\": [],\r\n
        \   \"redirectConfigurations\": []\r\n  }\r\n}"
    headers:
      cache-control:
      - no-cache
      content-length:
      - '8319'
      content-type:
      - application/json; charset=utf-8
      date:
      - Fri, 04 Nov 2022 03:36:30 GMT
      etag:
      - W/"53cbdf5d-02ce-411d-98b5-c958d9d6dcab"
      expires:
      - '-1'
      pragma:
      - no-cache
      server:
      - Microsoft-HTTPAPI/2.0
      - Microsoft-HTTPAPI/2.0
      strict-transport-security:
      - max-age=31536000; includeSubDomains
      transfer-encoding:
      - chunked
      vary:
      - Accept-Encoding
      x-content-type-options:
      - nosniff
      x-ms-arm-service-request-id:
      - 7e683b1d-04a6-4691-a8be-93e61c6c14ad
    status:
      code: 200
      message: OK
- request:
    body: null
    headers:
      Accept:
      - application/json
      Accept-Encoding:
      - gzip, deflate
      CommandName:
      - network application-gateway frontend-ip create
      Connection:
      - keep-alive
      ParameterSetName:
      - -g --gateway-name -n --no-wait --private-ip-address --vnet-name --subnet
      User-Agent:
      - AZURECLI/2.42.0 (PIP) azsdk-python-azure-mgmt-network/21.0.1 Python/3.8.10
        (Windows-10-10.0.19044-SP0)
    method: GET
    uri: https://management.azure.com/subscriptions/00000000-0000-0000-0000-000000000000/resourceGroups/cli_test_ag_frontend_ip_private000001/providers/Microsoft.Network/applicationGateways/ag1?api-version=2022-01-01
  response:
    body:
      string: "{\r\n  \"name\": \"ag1\",\r\n  \"id\": \"/subscriptions/00000000-0000-0000-0000-000000000000/resourceGroups/cli_test_ag_frontend_ip_private000001/providers/Microsoft.Network/applicationGateways/ag1\",\r\n
        \ \"etag\": \"W/\\\"53cbdf5d-02ce-411d-98b5-c958d9d6dcab\\\"\",\r\n  \"type\":
        \"Microsoft.Network/applicationGateways\",\r\n  \"location\": \"westus\",\r\n
        \ \"tags\": {},\r\n  \"properties\": {\r\n    \"provisioningState\": \"Updating\",\r\n
        \   \"resourceGuid\": \"0869e20e-955f-4e59-9bc7-e82010e4bb18\",\r\n    \"sku\":
        {\r\n      \"name\": \"Standard_Medium\",\r\n      \"tier\": \"Standard\",\r\n
        \     \"capacity\": 2\r\n    },\r\n    \"operationalState\": \"Stopped\",\r\n
        \   \"gatewayIPConfigurations\": [\r\n      {\r\n        \"name\": \"appGatewayFrontendIP\",\r\n
        \       \"id\": \"/subscriptions/00000000-0000-0000-0000-000000000000/resourceGroups/cli_test_ag_frontend_ip_private000001/providers/Microsoft.Network/applicationGateways/ag1/gatewayIPConfigurations/appGatewayFrontendIP\",\r\n
        \       \"etag\": \"W/\\\"53cbdf5d-02ce-411d-98b5-c958d9d6dcab\\\"\",\r\n
        \       \"properties\": {\r\n          \"provisioningState\": \"Updating\",\r\n
        \         \"subnet\": {\r\n            \"id\": \"/subscriptions/00000000-0000-0000-0000-000000000000/resourceGroups/cli_test_ag_frontend_ip_private000001/providers/Microsoft.Network/virtualNetworks/vnet1/subnets/subnet1\"\r\n
        \         }\r\n        },\r\n        \"type\": \"Microsoft.Network/applicationGateways/gatewayIPConfigurations\"\r\n
        \     }\r\n    ],\r\n    \"sslCertificates\": [],\r\n    \"authenticationCertificates\":
        [],\r\n    \"frontendIPConfigurations\": [\r\n      {\r\n        \"name\":
        \"appGatewayFrontendIP\",\r\n        \"id\": \"/subscriptions/00000000-0000-0000-0000-000000000000/resourceGroups/cli_test_ag_frontend_ip_private000001/providers/Microsoft.Network/applicationGateways/ag1/frontendIPConfigurations/appGatewayFrontendIP\",\r\n
        \       \"etag\": \"W/\\\"53cbdf5d-02ce-411d-98b5-c958d9d6dcab\\\"\",\r\n
        \       \"type\": \"Microsoft.Network/applicationGateways/frontendIPConfigurations\",\r\n
        \       \"properties\": {\r\n          \"provisioningState\": \"Updating\",\r\n
        \         \"privateIPAllocationMethod\": \"Dynamic\",\r\n          \"publicIPAddress\":
        {\r\n            \"id\": \"/subscriptions/00000000-0000-0000-0000-000000000000/resourceGroups/cli_test_ag_frontend_ip_private000001/providers/Microsoft.Network/publicIPAddresses/myip1\"\r\n
        \         },\r\n          \"httpListeners\": [\r\n            {\r\n              \"id\":
        \"/subscriptions/00000000-0000-0000-0000-000000000000/resourceGroups/cli_test_ag_frontend_ip_private000001/providers/Microsoft.Network/applicationGateways/ag1/httpListeners/appGatewayHttpListener\"\r\n
        \           }\r\n          ]\r\n        }\r\n      }\r\n    ],\r\n    \"frontendPorts\":
        [\r\n      {\r\n        \"name\": \"appGatewayFrontendPort\",\r\n        \"id\":
        \"/subscriptions/00000000-0000-0000-0000-000000000000/resourceGroups/cli_test_ag_frontend_ip_private000001/providers/Microsoft.Network/applicationGateways/ag1/frontendPorts/appGatewayFrontendPort\",\r\n
        \       \"etag\": \"W/\\\"53cbdf5d-02ce-411d-98b5-c958d9d6dcab\\\"\",\r\n
        \       \"properties\": {\r\n          \"provisioningState\": \"Updating\",\r\n
        \         \"port\": 80,\r\n          \"httpListeners\": [\r\n            {\r\n
        \             \"id\": \"/subscriptions/00000000-0000-0000-0000-000000000000/resourceGroups/cli_test_ag_frontend_ip_private000001/providers/Microsoft.Network/applicationGateways/ag1/httpListeners/appGatewayHttpListener\"\r\n
        \           }\r\n          ]\r\n        },\r\n        \"type\": \"Microsoft.Network/applicationGateways/frontendPorts\"\r\n
        \     }\r\n    ],\r\n    \"backendAddressPools\": [\r\n      {\r\n        \"name\":
        \"appGatewayBackendPool\",\r\n        \"id\": \"/subscriptions/00000000-0000-0000-0000-000000000000/resourceGroups/cli_test_ag_frontend_ip_private000001/providers/Microsoft.Network/applicationGateways/ag1/backendAddressPools/appGatewayBackendPool\",\r\n
        \       \"etag\": \"W/\\\"53cbdf5d-02ce-411d-98b5-c958d9d6dcab\\\"\",\r\n
        \       \"properties\": {\r\n          \"provisioningState\": \"Updating\",\r\n
        \         \"backendAddresses\": [],\r\n          \"requestRoutingRules\":
        [\r\n            {\r\n              \"id\": \"/subscriptions/00000000-0000-0000-0000-000000000000/resourceGroups/cli_test_ag_frontend_ip_private000001/providers/Microsoft.Network/applicationGateways/ag1/requestRoutingRules/rule1\"\r\n
        \           }\r\n          ]\r\n        },\r\n        \"type\": \"Microsoft.Network/applicationGateways/backendAddressPools\"\r\n
        \     }\r\n    ],\r\n    \"backendHttpSettingsCollection\": [\r\n      {\r\n
        \       \"name\": \"appGatewayBackendHttpSettings\",\r\n        \"id\": \"/subscriptions/00000000-0000-0000-0000-000000000000/resourceGroups/cli_test_ag_frontend_ip_private000001/providers/Microsoft.Network/applicationGateways/ag1/backendHttpSettingsCollection/appGatewayBackendHttpSettings\",\r\n
        \       \"etag\": \"W/\\\"53cbdf5d-02ce-411d-98b5-c958d9d6dcab\\\"\",\r\n
        \       \"properties\": {\r\n          \"provisioningState\": \"Updating\",\r\n
        \         \"port\": 80,\r\n          \"protocol\": \"Http\",\r\n          \"cookieBasedAffinity\":
        \"Disabled\",\r\n          \"connectionDraining\": {\r\n            \"enabled\":
        false,\r\n            \"drainTimeoutInSec\": 1\r\n          },\r\n          \"pickHostNameFromBackendAddress\":
        false,\r\n          \"requestTimeout\": 30,\r\n          \"requestRoutingRules\":
        [\r\n            {\r\n              \"id\": \"/subscriptions/00000000-0000-0000-0000-000000000000/resourceGroups/cli_test_ag_frontend_ip_private000001/providers/Microsoft.Network/applicationGateways/ag1/requestRoutingRules/rule1\"\r\n
        \           }\r\n          ]\r\n        },\r\n        \"type\": \"Microsoft.Network/applicationGateways/backendHttpSettingsCollection\"\r\n
        \     }\r\n    ],\r\n    \"httpListeners\": [\r\n      {\r\n        \"name\":
        \"appGatewayHttpListener\",\r\n        \"id\": \"/subscriptions/00000000-0000-0000-0000-000000000000/resourceGroups/cli_test_ag_frontend_ip_private000001/providers/Microsoft.Network/applicationGateways/ag1/httpListeners/appGatewayHttpListener\",\r\n
        \       \"etag\": \"W/\\\"53cbdf5d-02ce-411d-98b5-c958d9d6dcab\\\"\",\r\n
        \       \"properties\": {\r\n          \"provisioningState\": \"Updating\",\r\n
        \         \"frontendIPConfiguration\": {\r\n            \"id\": \"/subscriptions/00000000-0000-0000-0000-000000000000/resourceGroups/cli_test_ag_frontend_ip_private000001/providers/Microsoft.Network/applicationGateways/ag1/frontendIPConfigurations/appGatewayFrontendIP\"\r\n
        \         },\r\n          \"frontendPort\": {\r\n            \"id\": \"/subscriptions/00000000-0000-0000-0000-000000000000/resourceGroups/cli_test_ag_frontend_ip_private000001/providers/Microsoft.Network/applicationGateways/ag1/frontendPorts/appGatewayFrontendPort\"\r\n
        \         },\r\n          \"protocol\": \"Http\",\r\n          \"hostNames\":
        [],\r\n          \"requireServerNameIndication\": false,\r\n          \"requestRoutingRules\":
        [\r\n            {\r\n              \"id\": \"/subscriptions/00000000-0000-0000-0000-000000000000/resourceGroups/cli_test_ag_frontend_ip_private000001/providers/Microsoft.Network/applicationGateways/ag1/requestRoutingRules/rule1\"\r\n
        \           }\r\n          ]\r\n        },\r\n        \"type\": \"Microsoft.Network/applicationGateways/httpListeners\"\r\n
        \     }\r\n    ],\r\n    \"urlPathMaps\": [],\r\n    \"requestRoutingRules\":
        [\r\n      {\r\n        \"name\": \"rule1\",\r\n        \"id\": \"/subscriptions/00000000-0000-0000-0000-000000000000/resourceGroups/cli_test_ag_frontend_ip_private000001/providers/Microsoft.Network/applicationGateways/ag1/requestRoutingRules/rule1\",\r\n
        \       \"etag\": \"W/\\\"53cbdf5d-02ce-411d-98b5-c958d9d6dcab\\\"\",\r\n
        \       \"properties\": {\r\n          \"provisioningState\": \"Updating\",\r\n
        \         \"ruleType\": \"Basic\",\r\n          \"httpListener\": {\r\n            \"id\":
        \"/subscriptions/00000000-0000-0000-0000-000000000000/resourceGroups/cli_test_ag_frontend_ip_private000001/providers/Microsoft.Network/applicationGateways/ag1/httpListeners/appGatewayHttpListener\"\r\n
        \         },\r\n          \"backendAddressPool\": {\r\n            \"id\":
        \"/subscriptions/00000000-0000-0000-0000-000000000000/resourceGroups/cli_test_ag_frontend_ip_private000001/providers/Microsoft.Network/applicationGateways/ag1/backendAddressPools/appGatewayBackendPool\"\r\n
        \         },\r\n          \"backendHttpSettings\": {\r\n            \"id\":
        \"/subscriptions/00000000-0000-0000-0000-000000000000/resourceGroups/cli_test_ag_frontend_ip_private000001/providers/Microsoft.Network/applicationGateways/ag1/backendHttpSettingsCollection/appGatewayBackendHttpSettings\"\r\n
        \         }\r\n        },\r\n        \"type\": \"Microsoft.Network/applicationGateways/requestRoutingRules\"\r\n
        \     }\r\n    ],\r\n    \"probes\": [],\r\n    \"rewriteRuleSets\": [],\r\n
        \   \"redirectConfigurations\": []\r\n  }\r\n}"
    headers:
      cache-control:
      - no-cache
      content-length:
      - '8319'
      content-type:
      - application/json; charset=utf-8
      date:
      - Fri, 04 Nov 2022 03:36:30 GMT
      etag:
      - W/"53cbdf5d-02ce-411d-98b5-c958d9d6dcab"
      expires:
      - '-1'
      pragma:
      - no-cache
      server:
      - Microsoft-HTTPAPI/2.0
      - Microsoft-HTTPAPI/2.0
      strict-transport-security:
      - max-age=31536000; includeSubDomains
      transfer-encoding:
      - chunked
      vary:
      - Accept-Encoding
      x-content-type-options:
      - nosniff
      x-ms-arm-service-request-id:
      - ab2419d3-69a9-4555-ad93-f393f0a1e592
    status:
      code: 200
      message: OK
- request:
    body: '{"id": "/subscriptions/00000000-0000-0000-0000-000000000000/resourceGroups/cli_test_ag_frontend_ip_private000001/providers/Microsoft.Network/applicationGateways/ag1",
      "location": "westus", "tags": {}, "properties": {"sku": {"name": "Standard_Medium",
      "tier": "Standard", "capacity": 2}, "gatewayIPConfigurations": [{"id": "/subscriptions/00000000-0000-0000-0000-000000000000/resourceGroups/cli_test_ag_frontend_ip_private000001/providers/Microsoft.Network/applicationGateways/ag1/gatewayIPConfigurations/appGatewayFrontendIP",
      "name": "appGatewayFrontendIP", "properties": {"subnet": {"id": "/subscriptions/00000000-0000-0000-0000-000000000000/resourceGroups/cli_test_ag_frontend_ip_private000001/providers/Microsoft.Network/virtualNetworks/vnet1/subnets/subnet1"}}}],
      "authenticationCertificates": [], "sslCertificates": [], "frontendIPConfigurations":
      [{"id": "/subscriptions/00000000-0000-0000-0000-000000000000/resourceGroups/cli_test_ag_frontend_ip_private000001/providers/Microsoft.Network/applicationGateways/ag1/frontendIPConfigurations/appGatewayFrontendIP",
      "name": "appGatewayFrontendIP", "properties": {"privateIPAllocationMethod":
      "Dynamic", "publicIPAddress": {"id": "/subscriptions/00000000-0000-0000-0000-000000000000/resourceGroups/cli_test_ag_frontend_ip_private000001/providers/Microsoft.Network/publicIPAddresses/myip1"}}},
      {"name": "frontendip", "properties": {"privateIPAddress": "10.0.0.10", "privateIPAllocationMethod":
      "Static", "subnet": {"id": "/subscriptions/00000000-0000-0000-0000-000000000000/resourceGroups/cli_test_ag_frontend_ip_private000001/providers/Microsoft.Network/virtualNetworks/vnet1/subnets/subnet1"}}}],
      "frontendPorts": [{"id": "/subscriptions/00000000-0000-0000-0000-000000000000/resourceGroups/cli_test_ag_frontend_ip_private000001/providers/Microsoft.Network/applicationGateways/ag1/frontendPorts/appGatewayFrontendPort",
      "name": "appGatewayFrontendPort", "properties": {"port": 80}}], "probes": [],
      "backendAddressPools": [{"id": "/subscriptions/00000000-0000-0000-0000-000000000000/resourceGroups/cli_test_ag_frontend_ip_private000001/providers/Microsoft.Network/applicationGateways/ag1/backendAddressPools/appGatewayBackendPool",
      "name": "appGatewayBackendPool", "properties": {"backendAddresses": []}}], "backendHttpSettingsCollection":
      [{"id": "/subscriptions/00000000-0000-0000-0000-000000000000/resourceGroups/cli_test_ag_frontend_ip_private000001/providers/Microsoft.Network/applicationGateways/ag1/backendHttpSettingsCollection/appGatewayBackendHttpSettings",
      "name": "appGatewayBackendHttpSettings", "properties": {"port": 80, "protocol":
      "Http", "cookieBasedAffinity": "Disabled", "requestTimeout": 30, "connectionDraining":
      {"enabled": false, "drainTimeoutInSec": 1}, "pickHostNameFromBackendAddress":
      false}}], "httpListeners": [{"id": "/subscriptions/00000000-0000-0000-0000-000000000000/resourceGroups/cli_test_ag_frontend_ip_private000001/providers/Microsoft.Network/applicationGateways/ag1/httpListeners/appGatewayHttpListener",
      "name": "appGatewayHttpListener", "properties": {"frontendIPConfiguration":
      {"id": "/subscriptions/00000000-0000-0000-0000-000000000000/resourceGroups/cli_test_ag_frontend_ip_private000001/providers/Microsoft.Network/applicationGateways/ag1/frontendIPConfigurations/appGatewayFrontendIP"},
      "frontendPort": {"id": "/subscriptions/00000000-0000-0000-0000-000000000000/resourceGroups/cli_test_ag_frontend_ip_private000001/providers/Microsoft.Network/applicationGateways/ag1/frontendPorts/appGatewayFrontendPort"},
      "protocol": "Http", "requireServerNameIndication": false, "hostNames": []}}],
      "urlPathMaps": [], "requestRoutingRules": [{"id": "/subscriptions/00000000-0000-0000-0000-000000000000/resourceGroups/cli_test_ag_frontend_ip_private000001/providers/Microsoft.Network/applicationGateways/ag1/requestRoutingRules/rule1",
      "name": "rule1", "properties": {"ruleType": "Basic", "backendAddressPool": {"id":
      "/subscriptions/00000000-0000-0000-0000-000000000000/resourceGroups/cli_test_ag_frontend_ip_private000001/providers/Microsoft.Network/applicationGateways/ag1/backendAddressPools/appGatewayBackendPool"},
      "backendHttpSettings": {"id": "/subscriptions/00000000-0000-0000-0000-000000000000/resourceGroups/cli_test_ag_frontend_ip_private000001/providers/Microsoft.Network/applicationGateways/ag1/backendHttpSettingsCollection/appGatewayBackendHttpSettings"},
      "httpListener": {"id": "/subscriptions/00000000-0000-0000-0000-000000000000/resourceGroups/cli_test_ag_frontend_ip_private000001/providers/Microsoft.Network/applicationGateways/ag1/httpListeners/appGatewayHttpListener"}}}],
      "rewriteRuleSets": [], "redirectConfigurations": []}}'
    headers:
      Accept:
      - application/json
      Accept-Encoding:
      - gzip, deflate
      CommandName:
      - network application-gateway frontend-ip create
      Connection:
      - keep-alive
      Content-Length:
      - '4633'
      Content-Type:
      - application/json
      ParameterSetName:
      - -g --gateway-name -n --no-wait --private-ip-address --vnet-name --subnet
      User-Agent:
      - AZURECLI/2.42.0 (PIP) azsdk-python-azure-mgmt-network/21.0.1 Python/3.8.10
        (Windows-10-10.0.19044-SP0)
    method: PUT
    uri: https://management.azure.com/subscriptions/00000000-0000-0000-0000-000000000000/resourceGroups/cli_test_ag_frontend_ip_private000001/providers/Microsoft.Network/applicationGateways/ag1?api-version=2022-01-01
  response:
    body:
      string: "{\r\n  \"name\": \"ag1\",\r\n  \"id\": \"/subscriptions/00000000-0000-0000-0000-000000000000/resourceGroups/cli_test_ag_frontend_ip_private000001/providers/Microsoft.Network/applicationGateways/ag1\",\r\n
        \ \"etag\": \"W/\\\"59e87500-39d3-431a-b540-2b300616ee38\\\"\",\r\n  \"type\":
        \"Microsoft.Network/applicationGateways\",\r\n  \"location\": \"westus\",\r\n
        \ \"tags\": {},\r\n  \"properties\": {\r\n    \"provisioningState\": \"Updating\",\r\n
        \   \"resourceGuid\": \"0869e20e-955f-4e59-9bc7-e82010e4bb18\",\r\n    \"sku\":
        {\r\n      \"name\": \"Standard_Medium\",\r\n      \"tier\": \"Standard\",\r\n
        \     \"capacity\": 2\r\n    },\r\n    \"operationalState\": \"Stopped\",\r\n
        \   \"gatewayIPConfigurations\": [\r\n      {\r\n        \"name\": \"appGatewayFrontendIP\",\r\n
        \       \"id\": \"/subscriptions/00000000-0000-0000-0000-000000000000/resourceGroups/cli_test_ag_frontend_ip_private000001/providers/Microsoft.Network/applicationGateways/ag1/gatewayIPConfigurations/appGatewayFrontendIP\",\r\n
        \       \"etag\": \"W/\\\"59e87500-39d3-431a-b540-2b300616ee38\\\"\",\r\n
        \       \"properties\": {\r\n          \"provisioningState\": \"Updating\",\r\n
        \         \"subnet\": {\r\n            \"id\": \"/subscriptions/00000000-0000-0000-0000-000000000000/resourceGroups/cli_test_ag_frontend_ip_private000001/providers/Microsoft.Network/virtualNetworks/vnet1/subnets/subnet1\"\r\n
        \         }\r\n        },\r\n        \"type\": \"Microsoft.Network/applicationGateways/gatewayIPConfigurations\"\r\n
        \     }\r\n    ],\r\n    \"sslCertificates\": [],\r\n    \"authenticationCertificates\":
        [],\r\n    \"frontendIPConfigurations\": [\r\n      {\r\n        \"name\":
        \"appGatewayFrontendIP\",\r\n        \"id\": \"/subscriptions/00000000-0000-0000-0000-000000000000/resourceGroups/cli_test_ag_frontend_ip_private000001/providers/Microsoft.Network/applicationGateways/ag1/frontendIPConfigurations/appGatewayFrontendIP\",\r\n
        \       \"etag\": \"W/\\\"59e87500-39d3-431a-b540-2b300616ee38\\\"\",\r\n
        \       \"type\": \"Microsoft.Network/applicationGateways/frontendIPConfigurations\",\r\n
        \       \"properties\": {\r\n          \"provisioningState\": \"Updating\",\r\n
        \         \"privateIPAllocationMethod\": \"Dynamic\",\r\n          \"publicIPAddress\":
        {\r\n            \"id\": \"/subscriptions/00000000-0000-0000-0000-000000000000/resourceGroups/cli_test_ag_frontend_ip_private000001/providers/Microsoft.Network/publicIPAddresses/myip1\"\r\n
        \         },\r\n          \"httpListeners\": [\r\n            {\r\n              \"id\":
        \"/subscriptions/00000000-0000-0000-0000-000000000000/resourceGroups/cli_test_ag_frontend_ip_private000001/providers/Microsoft.Network/applicationGateways/ag1/httpListeners/appGatewayHttpListener\"\r\n
        \           }\r\n          ]\r\n        }\r\n      },\r\n      {\r\n        \"name\":
        \"frontendip\",\r\n        \"id\": \"/subscriptions/00000000-0000-0000-0000-000000000000/resourceGroups/cli_test_ag_frontend_ip_private000001/providers/Microsoft.Network/applicationGateways/ag1/frontendIPConfigurations/frontendip\",\r\n
        \       \"etag\": \"W/\\\"59e87500-39d3-431a-b540-2b300616ee38\\\"\",\r\n
        \       \"type\": \"Microsoft.Network/applicationGateways/frontendIPConfigurations\",\r\n
        \       \"properties\": {\r\n          \"provisioningState\": \"Updating\",\r\n
        \         \"privateIPAddress\": \"10.0.0.10\",\r\n          \"privateIPAllocationMethod\":
        \"Static\",\r\n          \"subnet\": {\r\n            \"id\": \"/subscriptions/00000000-0000-0000-0000-000000000000/resourceGroups/cli_test_ag_frontend_ip_private000001/providers/Microsoft.Network/virtualNetworks/vnet1/subnets/subnet1\"\r\n
        \         }\r\n        }\r\n      }\r\n    ],\r\n    \"frontendPorts\": [\r\n
        \     {\r\n        \"name\": \"appGatewayFrontendPort\",\r\n        \"id\":
        \"/subscriptions/00000000-0000-0000-0000-000000000000/resourceGroups/cli_test_ag_frontend_ip_private000001/providers/Microsoft.Network/applicationGateways/ag1/frontendPorts/appGatewayFrontendPort\",\r\n
        \       \"etag\": \"W/\\\"59e87500-39d3-431a-b540-2b300616ee38\\\"\",\r\n
        \       \"properties\": {\r\n          \"provisioningState\": \"Updating\",\r\n
        \         \"port\": 80,\r\n          \"httpListeners\": [\r\n            {\r\n
        \             \"id\": \"/subscriptions/00000000-0000-0000-0000-000000000000/resourceGroups/cli_test_ag_frontend_ip_private000001/providers/Microsoft.Network/applicationGateways/ag1/httpListeners/appGatewayHttpListener\"\r\n
        \           }\r\n          ]\r\n        },\r\n        \"type\": \"Microsoft.Network/applicationGateways/frontendPorts\"\r\n
        \     }\r\n    ],\r\n    \"backendAddressPools\": [\r\n      {\r\n        \"name\":
        \"appGatewayBackendPool\",\r\n        \"id\": \"/subscriptions/00000000-0000-0000-0000-000000000000/resourceGroups/cli_test_ag_frontend_ip_private000001/providers/Microsoft.Network/applicationGateways/ag1/backendAddressPools/appGatewayBackendPool\",\r\n
        \       \"etag\": \"W/\\\"59e87500-39d3-431a-b540-2b300616ee38\\\"\",\r\n
        \       \"properties\": {\r\n          \"provisioningState\": \"Updating\",\r\n
        \         \"backendAddresses\": [],\r\n          \"requestRoutingRules\":
        [\r\n            {\r\n              \"id\": \"/subscriptions/00000000-0000-0000-0000-000000000000/resourceGroups/cli_test_ag_frontend_ip_private000001/providers/Microsoft.Network/applicationGateways/ag1/requestRoutingRules/rule1\"\r\n
        \           }\r\n          ]\r\n        },\r\n        \"type\": \"Microsoft.Network/applicationGateways/backendAddressPools\"\r\n
        \     }\r\n    ],\r\n    \"backendHttpSettingsCollection\": [\r\n      {\r\n
        \       \"name\": \"appGatewayBackendHttpSettings\",\r\n        \"id\": \"/subscriptions/00000000-0000-0000-0000-000000000000/resourceGroups/cli_test_ag_frontend_ip_private000001/providers/Microsoft.Network/applicationGateways/ag1/backendHttpSettingsCollection/appGatewayBackendHttpSettings\",\r\n
        \       \"etag\": \"W/\\\"59e87500-39d3-431a-b540-2b300616ee38\\\"\",\r\n
        \       \"properties\": {\r\n          \"provisioningState\": \"Updating\",\r\n
        \         \"port\": 80,\r\n          \"protocol\": \"Http\",\r\n          \"cookieBasedAffinity\":
        \"Disabled\",\r\n          \"connectionDraining\": {\r\n            \"enabled\":
        false,\r\n            \"drainTimeoutInSec\": 1\r\n          },\r\n          \"pickHostNameFromBackendAddress\":
        false,\r\n          \"requestTimeout\": 30,\r\n          \"requestRoutingRules\":
        [\r\n            {\r\n              \"id\": \"/subscriptions/00000000-0000-0000-0000-000000000000/resourceGroups/cli_test_ag_frontend_ip_private000001/providers/Microsoft.Network/applicationGateways/ag1/requestRoutingRules/rule1\"\r\n
        \           }\r\n          ]\r\n        },\r\n        \"type\": \"Microsoft.Network/applicationGateways/backendHttpSettingsCollection\"\r\n
        \     }\r\n    ],\r\n    \"httpListeners\": [\r\n      {\r\n        \"name\":
        \"appGatewayHttpListener\",\r\n        \"id\": \"/subscriptions/00000000-0000-0000-0000-000000000000/resourceGroups/cli_test_ag_frontend_ip_private000001/providers/Microsoft.Network/applicationGateways/ag1/httpListeners/appGatewayHttpListener\",\r\n
        \       \"etag\": \"W/\\\"59e87500-39d3-431a-b540-2b300616ee38\\\"\",\r\n
        \       \"properties\": {\r\n          \"provisioningState\": \"Updating\",\r\n
        \         \"frontendIPConfiguration\": {\r\n            \"id\": \"/subscriptions/00000000-0000-0000-0000-000000000000/resourceGroups/cli_test_ag_frontend_ip_private000001/providers/Microsoft.Network/applicationGateways/ag1/frontendIPConfigurations/appGatewayFrontendIP\"\r\n
        \         },\r\n          \"frontendPort\": {\r\n            \"id\": \"/subscriptions/00000000-0000-0000-0000-000000000000/resourceGroups/cli_test_ag_frontend_ip_private000001/providers/Microsoft.Network/applicationGateways/ag1/frontendPorts/appGatewayFrontendPort\"\r\n
        \         },\r\n          \"protocol\": \"Http\",\r\n          \"hostNames\":
        [],\r\n          \"requireServerNameIndication\": false,\r\n          \"requestRoutingRules\":
        [\r\n            {\r\n              \"id\": \"/subscriptions/00000000-0000-0000-0000-000000000000/resourceGroups/cli_test_ag_frontend_ip_private000001/providers/Microsoft.Network/applicationGateways/ag1/requestRoutingRules/rule1\"\r\n
        \           }\r\n          ]\r\n        },\r\n        \"type\": \"Microsoft.Network/applicationGateways/httpListeners\"\r\n
        \     }\r\n    ],\r\n    \"urlPathMaps\": [],\r\n    \"requestRoutingRules\":
        [\r\n      {\r\n        \"name\": \"rule1\",\r\n        \"id\": \"/subscriptions/00000000-0000-0000-0000-000000000000/resourceGroups/cli_test_ag_frontend_ip_private000001/providers/Microsoft.Network/applicationGateways/ag1/requestRoutingRules/rule1\",\r\n
        \       \"etag\": \"W/\\\"59e87500-39d3-431a-b540-2b300616ee38\\\"\",\r\n
        \       \"properties\": {\r\n          \"provisioningState\": \"Updating\",\r\n
        \         \"ruleType\": \"Basic\",\r\n          \"httpListener\": {\r\n            \"id\":
        \"/subscriptions/00000000-0000-0000-0000-000000000000/resourceGroups/cli_test_ag_frontend_ip_private000001/providers/Microsoft.Network/applicationGateways/ag1/httpListeners/appGatewayHttpListener\"\r\n
        \         },\r\n          \"backendAddressPool\": {\r\n            \"id\":
        \"/subscriptions/00000000-0000-0000-0000-000000000000/resourceGroups/cli_test_ag_frontend_ip_private000001/providers/Microsoft.Network/applicationGateways/ag1/backendAddressPools/appGatewayBackendPool\"\r\n
        \         },\r\n          \"backendHttpSettings\": {\r\n            \"id\":
        \"/subscriptions/00000000-0000-0000-0000-000000000000/resourceGroups/cli_test_ag_frontend_ip_private000001/providers/Microsoft.Network/applicationGateways/ag1/backendHttpSettingsCollection/appGatewayBackendHttpSettings\"\r\n
        \         }\r\n        },\r\n        \"type\": \"Microsoft.Network/applicationGateways/requestRoutingRules\"\r\n
        \     }\r\n    ],\r\n    \"probes\": [],\r\n    \"rewriteRuleSets\": [],\r\n
        \   \"redirectConfigurations\": []\r\n  }\r\n}"
    headers:
      azure-asyncnotification:
      - Enabled
      azure-asyncoperation:
      - https://management.azure.com/subscriptions/00000000-0000-0000-0000-000000000000/providers/Microsoft.Network/locations/westus/operations/218b5ecf-2f00-46c0-8fe5-f1b29292e699?api-version=2022-01-01
      cache-control:
      - no-cache
      content-length:
      - '9128'
      content-type:
      - application/json; charset=utf-8
      date:
      - Fri, 04 Nov 2022 03:36:32 GMT
      expires:
      - '-1'
      pragma:
      - no-cache
      server:
      - Microsoft-HTTPAPI/2.0
      - Microsoft-HTTPAPI/2.0
      strict-transport-security:
      - max-age=31536000; includeSubDomains
      transfer-encoding:
      - chunked
      vary:
      - Accept-Encoding
      x-content-type-options:
      - nosniff
      x-ms-arm-service-request-id:
      - cf55c914-ae5d-4de2-aaa5-205b72c39684
      x-ms-ratelimit-remaining-subscription-writes:
      - '1199'
    status:
      code: 200
      message: OK
- request:
    body: null
    headers:
      Accept:
      - application/json
      Accept-Encoding:
      - gzip, deflate
      CommandName:
      - network application-gateway frontend-ip show
      Connection:
      - keep-alive
      ParameterSetName:
      - -g --gateway-name -n
      User-Agent:
      - AZURECLI/2.42.0 (PIP) azsdk-python-azure-mgmt-network/21.0.1 Python/3.8.10
        (Windows-10-10.0.19044-SP0)
    method: GET
    uri: https://management.azure.com/subscriptions/00000000-0000-0000-0000-000000000000/resourceGroups/cli_test_ag_frontend_ip_private000001/providers/Microsoft.Network/applicationGateways/ag1?api-version=2022-01-01
  response:
    body:
      string: "{\r\n  \"name\": \"ag1\",\r\n  \"id\": \"/subscriptions/00000000-0000-0000-0000-000000000000/resourceGroups/cli_test_ag_frontend_ip_private000001/providers/Microsoft.Network/applicationGateways/ag1\",\r\n
        \ \"etag\": \"W/\\\"d7028595-4308-4a8d-b34b-b0f89e18af83\\\"\",\r\n  \"type\":
        \"Microsoft.Network/applicationGateways\",\r\n  \"location\": \"westus\",\r\n
        \ \"tags\": {},\r\n  \"properties\": {\r\n    \"provisioningState\": \"Updating\",\r\n
        \   \"resourceGuid\": \"0869e20e-955f-4e59-9bc7-e82010e4bb18\",\r\n    \"sku\":
        {\r\n      \"name\": \"Standard_Medium\",\r\n      \"tier\": \"Standard\",\r\n
        \     \"capacity\": 2\r\n    },\r\n    \"operationalState\": \"Stopped\",\r\n
        \   \"gatewayIPConfigurations\": [\r\n      {\r\n        \"name\": \"appGatewayFrontendIP\",\r\n
        \       \"id\": \"/subscriptions/00000000-0000-0000-0000-000000000000/resourceGroups/cli_test_ag_frontend_ip_private000001/providers/Microsoft.Network/applicationGateways/ag1/gatewayIPConfigurations/appGatewayFrontendIP\",\r\n
        \       \"etag\": \"W/\\\"d7028595-4308-4a8d-b34b-b0f89e18af83\\\"\",\r\n
        \       \"properties\": {\r\n          \"provisioningState\": \"Updating\",\r\n
        \         \"subnet\": {\r\n            \"id\": \"/subscriptions/00000000-0000-0000-0000-000000000000/resourceGroups/cli_test_ag_frontend_ip_private000001/providers/Microsoft.Network/virtualNetworks/vnet1/subnets/subnet1\"\r\n
        \         }\r\n        },\r\n        \"type\": \"Microsoft.Network/applicationGateways/gatewayIPConfigurations\"\r\n
        \     }\r\n    ],\r\n    \"sslCertificates\": [],\r\n    \"authenticationCertificates\":
        [],\r\n    \"frontendIPConfigurations\": [\r\n      {\r\n        \"name\":
        \"appGatewayFrontendIP\",\r\n        \"id\": \"/subscriptions/00000000-0000-0000-0000-000000000000/resourceGroups/cli_test_ag_frontend_ip_private000001/providers/Microsoft.Network/applicationGateways/ag1/frontendIPConfigurations/appGatewayFrontendIP\",\r\n
        \       \"etag\": \"W/\\\"d7028595-4308-4a8d-b34b-b0f89e18af83\\\"\",\r\n
        \       \"type\": \"Microsoft.Network/applicationGateways/frontendIPConfigurations\",\r\n
        \       \"properties\": {\r\n          \"provisioningState\": \"Updating\",\r\n
        \         \"privateIPAllocationMethod\": \"Dynamic\",\r\n          \"publicIPAddress\":
        {\r\n            \"id\": \"/subscriptions/00000000-0000-0000-0000-000000000000/resourceGroups/cli_test_ag_frontend_ip_private000001/providers/Microsoft.Network/publicIPAddresses/myip1\"\r\n
        \         },\r\n          \"httpListeners\": [\r\n            {\r\n              \"id\":
        \"/subscriptions/00000000-0000-0000-0000-000000000000/resourceGroups/cli_test_ag_frontend_ip_private000001/providers/Microsoft.Network/applicationGateways/ag1/httpListeners/appGatewayHttpListener\"\r\n
        \           }\r\n          ]\r\n        }\r\n      },\r\n      {\r\n        \"name\":
        \"frontendip\",\r\n        \"id\": \"/subscriptions/00000000-0000-0000-0000-000000000000/resourceGroups/cli_test_ag_frontend_ip_private000001/providers/Microsoft.Network/applicationGateways/ag1/frontendIPConfigurations/frontendip\",\r\n
        \       \"etag\": \"W/\\\"d7028595-4308-4a8d-b34b-b0f89e18af83\\\"\",\r\n
        \       \"type\": \"Microsoft.Network/applicationGateways/frontendIPConfigurations\",\r\n
        \       \"properties\": {\r\n          \"provisioningState\": \"Updating\",\r\n
        \         \"privateIPAddress\": \"10.0.0.10\",\r\n          \"privateIPAllocationMethod\":
        \"Static\",\r\n          \"subnet\": {\r\n            \"id\": \"/subscriptions/00000000-0000-0000-0000-000000000000/resourceGroups/cli_test_ag_frontend_ip_private000001/providers/Microsoft.Network/virtualNetworks/vnet1/subnets/subnet1\"\r\n
        \         }\r\n        }\r\n      }\r\n    ],\r\n    \"frontendPorts\": [\r\n
        \     {\r\n        \"name\": \"appGatewayFrontendPort\",\r\n        \"id\":
        \"/subscriptions/00000000-0000-0000-0000-000000000000/resourceGroups/cli_test_ag_frontend_ip_private000001/providers/Microsoft.Network/applicationGateways/ag1/frontendPorts/appGatewayFrontendPort\",\r\n
        \       \"etag\": \"W/\\\"d7028595-4308-4a8d-b34b-b0f89e18af83\\\"\",\r\n
        \       \"properties\": {\r\n          \"provisioningState\": \"Updating\",\r\n
        \         \"port\": 80,\r\n          \"httpListeners\": [\r\n            {\r\n
        \             \"id\": \"/subscriptions/00000000-0000-0000-0000-000000000000/resourceGroups/cli_test_ag_frontend_ip_private000001/providers/Microsoft.Network/applicationGateways/ag1/httpListeners/appGatewayHttpListener\"\r\n
        \           }\r\n          ]\r\n        },\r\n        \"type\": \"Microsoft.Network/applicationGateways/frontendPorts\"\r\n
        \     }\r\n    ],\r\n    \"backendAddressPools\": [\r\n      {\r\n        \"name\":
        \"appGatewayBackendPool\",\r\n        \"id\": \"/subscriptions/00000000-0000-0000-0000-000000000000/resourceGroups/cli_test_ag_frontend_ip_private000001/providers/Microsoft.Network/applicationGateways/ag1/backendAddressPools/appGatewayBackendPool\",\r\n
        \       \"etag\": \"W/\\\"d7028595-4308-4a8d-b34b-b0f89e18af83\\\"\",\r\n
        \       \"properties\": {\r\n          \"provisioningState\": \"Updating\",\r\n
        \         \"backendAddresses\": [],\r\n          \"requestRoutingRules\":
        [\r\n            {\r\n              \"id\": \"/subscriptions/00000000-0000-0000-0000-000000000000/resourceGroups/cli_test_ag_frontend_ip_private000001/providers/Microsoft.Network/applicationGateways/ag1/requestRoutingRules/rule1\"\r\n
        \           }\r\n          ]\r\n        },\r\n        \"type\": \"Microsoft.Network/applicationGateways/backendAddressPools\"\r\n
        \     }\r\n    ],\r\n    \"backendHttpSettingsCollection\": [\r\n      {\r\n
        \       \"name\": \"appGatewayBackendHttpSettings\",\r\n        \"id\": \"/subscriptions/00000000-0000-0000-0000-000000000000/resourceGroups/cli_test_ag_frontend_ip_private000001/providers/Microsoft.Network/applicationGateways/ag1/backendHttpSettingsCollection/appGatewayBackendHttpSettings\",\r\n
        \       \"etag\": \"W/\\\"d7028595-4308-4a8d-b34b-b0f89e18af83\\\"\",\r\n
        \       \"properties\": {\r\n          \"provisioningState\": \"Updating\",\r\n
        \         \"port\": 80,\r\n          \"protocol\": \"Http\",\r\n          \"cookieBasedAffinity\":
        \"Disabled\",\r\n          \"connectionDraining\": {\r\n            \"enabled\":
        false,\r\n            \"drainTimeoutInSec\": 1\r\n          },\r\n          \"pickHostNameFromBackendAddress\":
        false,\r\n          \"requestTimeout\": 30,\r\n          \"requestRoutingRules\":
        [\r\n            {\r\n              \"id\": \"/subscriptions/00000000-0000-0000-0000-000000000000/resourceGroups/cli_test_ag_frontend_ip_private000001/providers/Microsoft.Network/applicationGateways/ag1/requestRoutingRules/rule1\"\r\n
        \           }\r\n          ]\r\n        },\r\n        \"type\": \"Microsoft.Network/applicationGateways/backendHttpSettingsCollection\"\r\n
        \     }\r\n    ],\r\n    \"httpListeners\": [\r\n      {\r\n        \"name\":
        \"appGatewayHttpListener\",\r\n        \"id\": \"/subscriptions/00000000-0000-0000-0000-000000000000/resourceGroups/cli_test_ag_frontend_ip_private000001/providers/Microsoft.Network/applicationGateways/ag1/httpListeners/appGatewayHttpListener\",\r\n
        \       \"etag\": \"W/\\\"d7028595-4308-4a8d-b34b-b0f89e18af83\\\"\",\r\n
        \       \"properties\": {\r\n          \"provisioningState\": \"Updating\",\r\n
        \         \"frontendIPConfiguration\": {\r\n            \"id\": \"/subscriptions/00000000-0000-0000-0000-000000000000/resourceGroups/cli_test_ag_frontend_ip_private000001/providers/Microsoft.Network/applicationGateways/ag1/frontendIPConfigurations/appGatewayFrontendIP\"\r\n
        \         },\r\n          \"frontendPort\": {\r\n            \"id\": \"/subscriptions/00000000-0000-0000-0000-000000000000/resourceGroups/cli_test_ag_frontend_ip_private000001/providers/Microsoft.Network/applicationGateways/ag1/frontendPorts/appGatewayFrontendPort\"\r\n
        \         },\r\n          \"protocol\": \"Http\",\r\n          \"hostNames\":
        [],\r\n          \"requireServerNameIndication\": false,\r\n          \"requestRoutingRules\":
        [\r\n            {\r\n              \"id\": \"/subscriptions/00000000-0000-0000-0000-000000000000/resourceGroups/cli_test_ag_frontend_ip_private000001/providers/Microsoft.Network/applicationGateways/ag1/requestRoutingRules/rule1\"\r\n
        \           }\r\n          ]\r\n        },\r\n        \"type\": \"Microsoft.Network/applicationGateways/httpListeners\"\r\n
        \     }\r\n    ],\r\n    \"urlPathMaps\": [],\r\n    \"requestRoutingRules\":
        [\r\n      {\r\n        \"name\": \"rule1\",\r\n        \"id\": \"/subscriptions/00000000-0000-0000-0000-000000000000/resourceGroups/cli_test_ag_frontend_ip_private000001/providers/Microsoft.Network/applicationGateways/ag1/requestRoutingRules/rule1\",\r\n
        \       \"etag\": \"W/\\\"d7028595-4308-4a8d-b34b-b0f89e18af83\\\"\",\r\n
        \       \"properties\": {\r\n          \"provisioningState\": \"Updating\",\r\n
        \         \"ruleType\": \"Basic\",\r\n          \"httpListener\": {\r\n            \"id\":
        \"/subscriptions/00000000-0000-0000-0000-000000000000/resourceGroups/cli_test_ag_frontend_ip_private000001/providers/Microsoft.Network/applicationGateways/ag1/httpListeners/appGatewayHttpListener\"\r\n
        \         },\r\n          \"backendAddressPool\": {\r\n            \"id\":
        \"/subscriptions/00000000-0000-0000-0000-000000000000/resourceGroups/cli_test_ag_frontend_ip_private000001/providers/Microsoft.Network/applicationGateways/ag1/backendAddressPools/appGatewayBackendPool\"\r\n
        \         },\r\n          \"backendHttpSettings\": {\r\n            \"id\":
        \"/subscriptions/00000000-0000-0000-0000-000000000000/resourceGroups/cli_test_ag_frontend_ip_private000001/providers/Microsoft.Network/applicationGateways/ag1/backendHttpSettingsCollection/appGatewayBackendHttpSettings\"\r\n
        \         }\r\n        },\r\n        \"type\": \"Microsoft.Network/applicationGateways/requestRoutingRules\"\r\n
        \     }\r\n    ],\r\n    \"probes\": [],\r\n    \"rewriteRuleSets\": [],\r\n
        \   \"redirectConfigurations\": []\r\n  }\r\n}"
    headers:
      cache-control:
      - no-cache
      content-length:
      - '9128'
      content-type:
      - application/json; charset=utf-8
      date:
      - Fri, 04 Nov 2022 03:36:33 GMT
      etag:
      - W/"d7028595-4308-4a8d-b34b-b0f89e18af83"
      expires:
      - '-1'
      pragma:
      - no-cache
      server:
      - Microsoft-HTTPAPI/2.0
      - Microsoft-HTTPAPI/2.0
      strict-transport-security:
      - max-age=31536000; includeSubDomains
      transfer-encoding:
      - chunked
      vary:
      - Accept-Encoding
      x-content-type-options:
      - nosniff
      x-ms-arm-service-request-id:
      - 8290529c-9960-4254-868c-e91f5bd683e1
    status:
      code: 200
      message: OK
- request:
    body: null
    headers:
      Accept:
      - application/json
      Accept-Encoding:
      - gzip, deflate
      CommandName:
      - network application-gateway frontend-ip list
      Connection:
      - keep-alive
      ParameterSetName:
      - -g --gateway-name
      User-Agent:
      - AZURECLI/2.42.0 (PIP) azsdk-python-azure-mgmt-network/21.0.1 Python/3.8.10
        (Windows-10-10.0.19044-SP0)
    method: GET
    uri: https://management.azure.com/subscriptions/00000000-0000-0000-0000-000000000000/resourceGroups/cli_test_ag_frontend_ip_private000001/providers/Microsoft.Network/applicationGateways/ag1?api-version=2022-01-01
  response:
    body:
      string: "{\r\n  \"name\": \"ag1\",\r\n  \"id\": \"/subscriptions/00000000-0000-0000-0000-000000000000/resourceGroups/cli_test_ag_frontend_ip_private000001/providers/Microsoft.Network/applicationGateways/ag1\",\r\n
        \ \"etag\": \"W/\\\"d7028595-4308-4a8d-b34b-b0f89e18af83\\\"\",\r\n  \"type\":
        \"Microsoft.Network/applicationGateways\",\r\n  \"location\": \"westus\",\r\n
        \ \"tags\": {},\r\n  \"properties\": {\r\n    \"provisioningState\": \"Updating\",\r\n
        \   \"resourceGuid\": \"0869e20e-955f-4e59-9bc7-e82010e4bb18\",\r\n    \"sku\":
        {\r\n      \"name\": \"Standard_Medium\",\r\n      \"tier\": \"Standard\",\r\n
        \     \"capacity\": 2\r\n    },\r\n    \"operationalState\": \"Stopped\",\r\n
        \   \"gatewayIPConfigurations\": [\r\n      {\r\n        \"name\": \"appGatewayFrontendIP\",\r\n
        \       \"id\": \"/subscriptions/00000000-0000-0000-0000-000000000000/resourceGroups/cli_test_ag_frontend_ip_private000001/providers/Microsoft.Network/applicationGateways/ag1/gatewayIPConfigurations/appGatewayFrontendIP\",\r\n
        \       \"etag\": \"W/\\\"d7028595-4308-4a8d-b34b-b0f89e18af83\\\"\",\r\n
        \       \"properties\": {\r\n          \"provisioningState\": \"Updating\",\r\n
        \         \"subnet\": {\r\n            \"id\": \"/subscriptions/00000000-0000-0000-0000-000000000000/resourceGroups/cli_test_ag_frontend_ip_private000001/providers/Microsoft.Network/virtualNetworks/vnet1/subnets/subnet1\"\r\n
        \         }\r\n        },\r\n        \"type\": \"Microsoft.Network/applicationGateways/gatewayIPConfigurations\"\r\n
        \     }\r\n    ],\r\n    \"sslCertificates\": [],\r\n    \"authenticationCertificates\":
        [],\r\n    \"frontendIPConfigurations\": [\r\n      {\r\n        \"name\":
        \"appGatewayFrontendIP\",\r\n        \"id\": \"/subscriptions/00000000-0000-0000-0000-000000000000/resourceGroups/cli_test_ag_frontend_ip_private000001/providers/Microsoft.Network/applicationGateways/ag1/frontendIPConfigurations/appGatewayFrontendIP\",\r\n
        \       \"etag\": \"W/\\\"d7028595-4308-4a8d-b34b-b0f89e18af83\\\"\",\r\n
        \       \"type\": \"Microsoft.Network/applicationGateways/frontendIPConfigurations\",\r\n
        \       \"properties\": {\r\n          \"provisioningState\": \"Updating\",\r\n
        \         \"privateIPAllocationMethod\": \"Dynamic\",\r\n          \"publicIPAddress\":
        {\r\n            \"id\": \"/subscriptions/00000000-0000-0000-0000-000000000000/resourceGroups/cli_test_ag_frontend_ip_private000001/providers/Microsoft.Network/publicIPAddresses/myip1\"\r\n
        \         },\r\n          \"httpListeners\": [\r\n            {\r\n              \"id\":
        \"/subscriptions/00000000-0000-0000-0000-000000000000/resourceGroups/cli_test_ag_frontend_ip_private000001/providers/Microsoft.Network/applicationGateways/ag1/httpListeners/appGatewayHttpListener\"\r\n
        \           }\r\n          ]\r\n        }\r\n      },\r\n      {\r\n        \"name\":
        \"frontendip\",\r\n        \"id\": \"/subscriptions/00000000-0000-0000-0000-000000000000/resourceGroups/cli_test_ag_frontend_ip_private000001/providers/Microsoft.Network/applicationGateways/ag1/frontendIPConfigurations/frontendip\",\r\n
        \       \"etag\": \"W/\\\"d7028595-4308-4a8d-b34b-b0f89e18af83\\\"\",\r\n
        \       \"type\": \"Microsoft.Network/applicationGateways/frontendIPConfigurations\",\r\n
        \       \"properties\": {\r\n          \"provisioningState\": \"Updating\",\r\n
        \         \"privateIPAddress\": \"10.0.0.10\",\r\n          \"privateIPAllocationMethod\":
        \"Static\",\r\n          \"subnet\": {\r\n            \"id\": \"/subscriptions/00000000-0000-0000-0000-000000000000/resourceGroups/cli_test_ag_frontend_ip_private000001/providers/Microsoft.Network/virtualNetworks/vnet1/subnets/subnet1\"\r\n
        \         }\r\n        }\r\n      }\r\n    ],\r\n    \"frontendPorts\": [\r\n
        \     {\r\n        \"name\": \"appGatewayFrontendPort\",\r\n        \"id\":
        \"/subscriptions/00000000-0000-0000-0000-000000000000/resourceGroups/cli_test_ag_frontend_ip_private000001/providers/Microsoft.Network/applicationGateways/ag1/frontendPorts/appGatewayFrontendPort\",\r\n
        \       \"etag\": \"W/\\\"d7028595-4308-4a8d-b34b-b0f89e18af83\\\"\",\r\n
        \       \"properties\": {\r\n          \"provisioningState\": \"Updating\",\r\n
        \         \"port\": 80,\r\n          \"httpListeners\": [\r\n            {\r\n
        \             \"id\": \"/subscriptions/00000000-0000-0000-0000-000000000000/resourceGroups/cli_test_ag_frontend_ip_private000001/providers/Microsoft.Network/applicationGateways/ag1/httpListeners/appGatewayHttpListener\"\r\n
        \           }\r\n          ]\r\n        },\r\n        \"type\": \"Microsoft.Network/applicationGateways/frontendPorts\"\r\n
        \     }\r\n    ],\r\n    \"backendAddressPools\": [\r\n      {\r\n        \"name\":
        \"appGatewayBackendPool\",\r\n        \"id\": \"/subscriptions/00000000-0000-0000-0000-000000000000/resourceGroups/cli_test_ag_frontend_ip_private000001/providers/Microsoft.Network/applicationGateways/ag1/backendAddressPools/appGatewayBackendPool\",\r\n
        \       \"etag\": \"W/\\\"d7028595-4308-4a8d-b34b-b0f89e18af83\\\"\",\r\n
        \       \"properties\": {\r\n          \"provisioningState\": \"Updating\",\r\n
        \         \"backendAddresses\": [],\r\n          \"requestRoutingRules\":
        [\r\n            {\r\n              \"id\": \"/subscriptions/00000000-0000-0000-0000-000000000000/resourceGroups/cli_test_ag_frontend_ip_private000001/providers/Microsoft.Network/applicationGateways/ag1/requestRoutingRules/rule1\"\r\n
        \           }\r\n          ]\r\n        },\r\n        \"type\": \"Microsoft.Network/applicationGateways/backendAddressPools\"\r\n
        \     }\r\n    ],\r\n    \"backendHttpSettingsCollection\": [\r\n      {\r\n
        \       \"name\": \"appGatewayBackendHttpSettings\",\r\n        \"id\": \"/subscriptions/00000000-0000-0000-0000-000000000000/resourceGroups/cli_test_ag_frontend_ip_private000001/providers/Microsoft.Network/applicationGateways/ag1/backendHttpSettingsCollection/appGatewayBackendHttpSettings\",\r\n
        \       \"etag\": \"W/\\\"d7028595-4308-4a8d-b34b-b0f89e18af83\\\"\",\r\n
        \       \"properties\": {\r\n          \"provisioningState\": \"Updating\",\r\n
        \         \"port\": 80,\r\n          \"protocol\": \"Http\",\r\n          \"cookieBasedAffinity\":
        \"Disabled\",\r\n          \"connectionDraining\": {\r\n            \"enabled\":
        false,\r\n            \"drainTimeoutInSec\": 1\r\n          },\r\n          \"pickHostNameFromBackendAddress\":
        false,\r\n          \"requestTimeout\": 30,\r\n          \"requestRoutingRules\":
        [\r\n            {\r\n              \"id\": \"/subscriptions/00000000-0000-0000-0000-000000000000/resourceGroups/cli_test_ag_frontend_ip_private000001/providers/Microsoft.Network/applicationGateways/ag1/requestRoutingRules/rule1\"\r\n
        \           }\r\n          ]\r\n        },\r\n        \"type\": \"Microsoft.Network/applicationGateways/backendHttpSettingsCollection\"\r\n
        \     }\r\n    ],\r\n    \"httpListeners\": [\r\n      {\r\n        \"name\":
        \"appGatewayHttpListener\",\r\n        \"id\": \"/subscriptions/00000000-0000-0000-0000-000000000000/resourceGroups/cli_test_ag_frontend_ip_private000001/providers/Microsoft.Network/applicationGateways/ag1/httpListeners/appGatewayHttpListener\",\r\n
        \       \"etag\": \"W/\\\"d7028595-4308-4a8d-b34b-b0f89e18af83\\\"\",\r\n
        \       \"properties\": {\r\n          \"provisioningState\": \"Updating\",\r\n
        \         \"frontendIPConfiguration\": {\r\n            \"id\": \"/subscriptions/00000000-0000-0000-0000-000000000000/resourceGroups/cli_test_ag_frontend_ip_private000001/providers/Microsoft.Network/applicationGateways/ag1/frontendIPConfigurations/appGatewayFrontendIP\"\r\n
        \         },\r\n          \"frontendPort\": {\r\n            \"id\": \"/subscriptions/00000000-0000-0000-0000-000000000000/resourceGroups/cli_test_ag_frontend_ip_private000001/providers/Microsoft.Network/applicationGateways/ag1/frontendPorts/appGatewayFrontendPort\"\r\n
        \         },\r\n          \"protocol\": \"Http\",\r\n          \"hostNames\":
        [],\r\n          \"requireServerNameIndication\": false,\r\n          \"requestRoutingRules\":
        [\r\n            {\r\n              \"id\": \"/subscriptions/00000000-0000-0000-0000-000000000000/resourceGroups/cli_test_ag_frontend_ip_private000001/providers/Microsoft.Network/applicationGateways/ag1/requestRoutingRules/rule1\"\r\n
        \           }\r\n          ]\r\n        },\r\n        \"type\": \"Microsoft.Network/applicationGateways/httpListeners\"\r\n
        \     }\r\n    ],\r\n    \"urlPathMaps\": [],\r\n    \"requestRoutingRules\":
        [\r\n      {\r\n        \"name\": \"rule1\",\r\n        \"id\": \"/subscriptions/00000000-0000-0000-0000-000000000000/resourceGroups/cli_test_ag_frontend_ip_private000001/providers/Microsoft.Network/applicationGateways/ag1/requestRoutingRules/rule1\",\r\n
        \       \"etag\": \"W/\\\"d7028595-4308-4a8d-b34b-b0f89e18af83\\\"\",\r\n
        \       \"properties\": {\r\n          \"provisioningState\": \"Updating\",\r\n
        \         \"ruleType\": \"Basic\",\r\n          \"httpListener\": {\r\n            \"id\":
        \"/subscriptions/00000000-0000-0000-0000-000000000000/resourceGroups/cli_test_ag_frontend_ip_private000001/providers/Microsoft.Network/applicationGateways/ag1/httpListeners/appGatewayHttpListener\"\r\n
        \         },\r\n          \"backendAddressPool\": {\r\n            \"id\":
        \"/subscriptions/00000000-0000-0000-0000-000000000000/resourceGroups/cli_test_ag_frontend_ip_private000001/providers/Microsoft.Network/applicationGateways/ag1/backendAddressPools/appGatewayBackendPool\"\r\n
        \         },\r\n          \"backendHttpSettings\": {\r\n            \"id\":
        \"/subscriptions/00000000-0000-0000-0000-000000000000/resourceGroups/cli_test_ag_frontend_ip_private000001/providers/Microsoft.Network/applicationGateways/ag1/backendHttpSettingsCollection/appGatewayBackendHttpSettings\"\r\n
        \         }\r\n        },\r\n        \"type\": \"Microsoft.Network/applicationGateways/requestRoutingRules\"\r\n
        \     }\r\n    ],\r\n    \"probes\": [],\r\n    \"rewriteRuleSets\": [],\r\n
        \   \"redirectConfigurations\": []\r\n  }\r\n}"
    headers:
      cache-control:
      - no-cache
      content-length:
      - '9128'
      content-type:
      - application/json; charset=utf-8
      date:
      - Fri, 04 Nov 2022 03:36:36 GMT
      etag:
      - W/"d7028595-4308-4a8d-b34b-b0f89e18af83"
      expires:
      - '-1'
      pragma:
      - no-cache
      server:
      - Microsoft-HTTPAPI/2.0
      - Microsoft-HTTPAPI/2.0
      strict-transport-security:
      - max-age=31536000; includeSubDomains
      transfer-encoding:
      - chunked
      vary:
      - Accept-Encoding
      x-content-type-options:
      - nosniff
      x-ms-arm-service-request-id:
      - 552f0a6f-2c71-4247-a58a-2ed1c072b437
    status:
      code: 200
      message: OK
- request:
    body: null
    headers:
      Accept:
      - application/json
      Accept-Encoding:
      - gzip, deflate
      CommandName:
      - network application-gateway frontend-ip delete
      Connection:
      - keep-alive
      ParameterSetName:
      - -g --gateway-name --no-wait -n
      User-Agent:
      - AZURECLI/2.42.0 (PIP) azsdk-python-azure-mgmt-network/21.0.1 Python/3.8.10
        (Windows-10-10.0.19044-SP0)
    method: GET
    uri: https://management.azure.com/subscriptions/00000000-0000-0000-0000-000000000000/resourceGroups/cli_test_ag_frontend_ip_private000001/providers/Microsoft.Network/applicationGateways/ag1?api-version=2022-01-01
  response:
    body:
      string: "{\r\n  \"name\": \"ag1\",\r\n  \"id\": \"/subscriptions/00000000-0000-0000-0000-000000000000/resourceGroups/cli_test_ag_frontend_ip_private000001/providers/Microsoft.Network/applicationGateways/ag1\",\r\n
        \ \"etag\": \"W/\\\"d7028595-4308-4a8d-b34b-b0f89e18af83\\\"\",\r\n  \"type\":
        \"Microsoft.Network/applicationGateways\",\r\n  \"location\": \"westus\",\r\n
        \ \"tags\": {},\r\n  \"properties\": {\r\n    \"provisioningState\": \"Updating\",\r\n
        \   \"resourceGuid\": \"0869e20e-955f-4e59-9bc7-e82010e4bb18\",\r\n    \"sku\":
        {\r\n      \"name\": \"Standard_Medium\",\r\n      \"tier\": \"Standard\",\r\n
        \     \"capacity\": 2\r\n    },\r\n    \"operationalState\": \"Stopped\",\r\n
        \   \"gatewayIPConfigurations\": [\r\n      {\r\n        \"name\": \"appGatewayFrontendIP\",\r\n
        \       \"id\": \"/subscriptions/00000000-0000-0000-0000-000000000000/resourceGroups/cli_test_ag_frontend_ip_private000001/providers/Microsoft.Network/applicationGateways/ag1/gatewayIPConfigurations/appGatewayFrontendIP\",\r\n
        \       \"etag\": \"W/\\\"d7028595-4308-4a8d-b34b-b0f89e18af83\\\"\",\r\n
        \       \"properties\": {\r\n          \"provisioningState\": \"Updating\",\r\n
        \         \"subnet\": {\r\n            \"id\": \"/subscriptions/00000000-0000-0000-0000-000000000000/resourceGroups/cli_test_ag_frontend_ip_private000001/providers/Microsoft.Network/virtualNetworks/vnet1/subnets/subnet1\"\r\n
        \         }\r\n        },\r\n        \"type\": \"Microsoft.Network/applicationGateways/gatewayIPConfigurations\"\r\n
        \     }\r\n    ],\r\n    \"sslCertificates\": [],\r\n    \"authenticationCertificates\":
        [],\r\n    \"frontendIPConfigurations\": [\r\n      {\r\n        \"name\":
        \"appGatewayFrontendIP\",\r\n        \"id\": \"/subscriptions/00000000-0000-0000-0000-000000000000/resourceGroups/cli_test_ag_frontend_ip_private000001/providers/Microsoft.Network/applicationGateways/ag1/frontendIPConfigurations/appGatewayFrontendIP\",\r\n
        \       \"etag\": \"W/\\\"d7028595-4308-4a8d-b34b-b0f89e18af83\\\"\",\r\n
        \       \"type\": \"Microsoft.Network/applicationGateways/frontendIPConfigurations\",\r\n
        \       \"properties\": {\r\n          \"provisioningState\": \"Updating\",\r\n
        \         \"privateIPAllocationMethod\": \"Dynamic\",\r\n          \"publicIPAddress\":
        {\r\n            \"id\": \"/subscriptions/00000000-0000-0000-0000-000000000000/resourceGroups/cli_test_ag_frontend_ip_private000001/providers/Microsoft.Network/publicIPAddresses/myip1\"\r\n
        \         },\r\n          \"httpListeners\": [\r\n            {\r\n              \"id\":
        \"/subscriptions/00000000-0000-0000-0000-000000000000/resourceGroups/cli_test_ag_frontend_ip_private000001/providers/Microsoft.Network/applicationGateways/ag1/httpListeners/appGatewayHttpListener\"\r\n
        \           }\r\n          ]\r\n        }\r\n      },\r\n      {\r\n        \"name\":
        \"frontendip\",\r\n        \"id\": \"/subscriptions/00000000-0000-0000-0000-000000000000/resourceGroups/cli_test_ag_frontend_ip_private000001/providers/Microsoft.Network/applicationGateways/ag1/frontendIPConfigurations/frontendip\",\r\n
        \       \"etag\": \"W/\\\"d7028595-4308-4a8d-b34b-b0f89e18af83\\\"\",\r\n
        \       \"type\": \"Microsoft.Network/applicationGateways/frontendIPConfigurations\",\r\n
        \       \"properties\": {\r\n          \"provisioningState\": \"Updating\",\r\n
        \         \"privateIPAddress\": \"10.0.0.10\",\r\n          \"privateIPAllocationMethod\":
        \"Static\",\r\n          \"subnet\": {\r\n            \"id\": \"/subscriptions/00000000-0000-0000-0000-000000000000/resourceGroups/cli_test_ag_frontend_ip_private000001/providers/Microsoft.Network/virtualNetworks/vnet1/subnets/subnet1\"\r\n
        \         }\r\n        }\r\n      }\r\n    ],\r\n    \"frontendPorts\": [\r\n
        \     {\r\n        \"name\": \"appGatewayFrontendPort\",\r\n        \"id\":
        \"/subscriptions/00000000-0000-0000-0000-000000000000/resourceGroups/cli_test_ag_frontend_ip_private000001/providers/Microsoft.Network/applicationGateways/ag1/frontendPorts/appGatewayFrontendPort\",\r\n
        \       \"etag\": \"W/\\\"d7028595-4308-4a8d-b34b-b0f89e18af83\\\"\",\r\n
        \       \"properties\": {\r\n          \"provisioningState\": \"Updating\",\r\n
        \         \"port\": 80,\r\n          \"httpListeners\": [\r\n            {\r\n
        \             \"id\": \"/subscriptions/00000000-0000-0000-0000-000000000000/resourceGroups/cli_test_ag_frontend_ip_private000001/providers/Microsoft.Network/applicationGateways/ag1/httpListeners/appGatewayHttpListener\"\r\n
        \           }\r\n          ]\r\n        },\r\n        \"type\": \"Microsoft.Network/applicationGateways/frontendPorts\"\r\n
        \     }\r\n    ],\r\n    \"backendAddressPools\": [\r\n      {\r\n        \"name\":
        \"appGatewayBackendPool\",\r\n        \"id\": \"/subscriptions/00000000-0000-0000-0000-000000000000/resourceGroups/cli_test_ag_frontend_ip_private000001/providers/Microsoft.Network/applicationGateways/ag1/backendAddressPools/appGatewayBackendPool\",\r\n
        \       \"etag\": \"W/\\\"d7028595-4308-4a8d-b34b-b0f89e18af83\\\"\",\r\n
        \       \"properties\": {\r\n          \"provisioningState\": \"Updating\",\r\n
        \         \"backendAddresses\": [],\r\n          \"requestRoutingRules\":
        [\r\n            {\r\n              \"id\": \"/subscriptions/00000000-0000-0000-0000-000000000000/resourceGroups/cli_test_ag_frontend_ip_private000001/providers/Microsoft.Network/applicationGateways/ag1/requestRoutingRules/rule1\"\r\n
        \           }\r\n          ]\r\n        },\r\n        \"type\": \"Microsoft.Network/applicationGateways/backendAddressPools\"\r\n
        \     }\r\n    ],\r\n    \"backendHttpSettingsCollection\": [\r\n      {\r\n
        \       \"name\": \"appGatewayBackendHttpSettings\",\r\n        \"id\": \"/subscriptions/00000000-0000-0000-0000-000000000000/resourceGroups/cli_test_ag_frontend_ip_private000001/providers/Microsoft.Network/applicationGateways/ag1/backendHttpSettingsCollection/appGatewayBackendHttpSettings\",\r\n
        \       \"etag\": \"W/\\\"d7028595-4308-4a8d-b34b-b0f89e18af83\\\"\",\r\n
        \       \"properties\": {\r\n          \"provisioningState\": \"Updating\",\r\n
        \         \"port\": 80,\r\n          \"protocol\": \"Http\",\r\n          \"cookieBasedAffinity\":
        \"Disabled\",\r\n          \"connectionDraining\": {\r\n            \"enabled\":
        false,\r\n            \"drainTimeoutInSec\": 1\r\n          },\r\n          \"pickHostNameFromBackendAddress\":
        false,\r\n          \"requestTimeout\": 30,\r\n          \"requestRoutingRules\":
        [\r\n            {\r\n              \"id\": \"/subscriptions/00000000-0000-0000-0000-000000000000/resourceGroups/cli_test_ag_frontend_ip_private000001/providers/Microsoft.Network/applicationGateways/ag1/requestRoutingRules/rule1\"\r\n
        \           }\r\n          ]\r\n        },\r\n        \"type\": \"Microsoft.Network/applicationGateways/backendHttpSettingsCollection\"\r\n
        \     }\r\n    ],\r\n    \"httpListeners\": [\r\n      {\r\n        \"name\":
        \"appGatewayHttpListener\",\r\n        \"id\": \"/subscriptions/00000000-0000-0000-0000-000000000000/resourceGroups/cli_test_ag_frontend_ip_private000001/providers/Microsoft.Network/applicationGateways/ag1/httpListeners/appGatewayHttpListener\",\r\n
        \       \"etag\": \"W/\\\"d7028595-4308-4a8d-b34b-b0f89e18af83\\\"\",\r\n
        \       \"properties\": {\r\n          \"provisioningState\": \"Updating\",\r\n
        \         \"frontendIPConfiguration\": {\r\n            \"id\": \"/subscriptions/00000000-0000-0000-0000-000000000000/resourceGroups/cli_test_ag_frontend_ip_private000001/providers/Microsoft.Network/applicationGateways/ag1/frontendIPConfigurations/appGatewayFrontendIP\"\r\n
        \         },\r\n          \"frontendPort\": {\r\n            \"id\": \"/subscriptions/00000000-0000-0000-0000-000000000000/resourceGroups/cli_test_ag_frontend_ip_private000001/providers/Microsoft.Network/applicationGateways/ag1/frontendPorts/appGatewayFrontendPort\"\r\n
        \         },\r\n          \"protocol\": \"Http\",\r\n          \"hostNames\":
        [],\r\n          \"requireServerNameIndication\": false,\r\n          \"requestRoutingRules\":
        [\r\n            {\r\n              \"id\": \"/subscriptions/00000000-0000-0000-0000-000000000000/resourceGroups/cli_test_ag_frontend_ip_private000001/providers/Microsoft.Network/applicationGateways/ag1/requestRoutingRules/rule1\"\r\n
        \           }\r\n          ]\r\n        },\r\n        \"type\": \"Microsoft.Network/applicationGateways/httpListeners\"\r\n
        \     }\r\n    ],\r\n    \"urlPathMaps\": [],\r\n    \"requestRoutingRules\":
        [\r\n      {\r\n        \"name\": \"rule1\",\r\n        \"id\": \"/subscriptions/00000000-0000-0000-0000-000000000000/resourceGroups/cli_test_ag_frontend_ip_private000001/providers/Microsoft.Network/applicationGateways/ag1/requestRoutingRules/rule1\",\r\n
        \       \"etag\": \"W/\\\"d7028595-4308-4a8d-b34b-b0f89e18af83\\\"\",\r\n
        \       \"properties\": {\r\n          \"provisioningState\": \"Updating\",\r\n
        \         \"ruleType\": \"Basic\",\r\n          \"httpListener\": {\r\n            \"id\":
        \"/subscriptions/00000000-0000-0000-0000-000000000000/resourceGroups/cli_test_ag_frontend_ip_private000001/providers/Microsoft.Network/applicationGateways/ag1/httpListeners/appGatewayHttpListener\"\r\n
        \         },\r\n          \"backendAddressPool\": {\r\n            \"id\":
        \"/subscriptions/00000000-0000-0000-0000-000000000000/resourceGroups/cli_test_ag_frontend_ip_private000001/providers/Microsoft.Network/applicationGateways/ag1/backendAddressPools/appGatewayBackendPool\"\r\n
        \         },\r\n          \"backendHttpSettings\": {\r\n            \"id\":
        \"/subscriptions/00000000-0000-0000-0000-000000000000/resourceGroups/cli_test_ag_frontend_ip_private000001/providers/Microsoft.Network/applicationGateways/ag1/backendHttpSettingsCollection/appGatewayBackendHttpSettings\"\r\n
        \         }\r\n        },\r\n        \"type\": \"Microsoft.Network/applicationGateways/requestRoutingRules\"\r\n
        \     }\r\n    ],\r\n    \"probes\": [],\r\n    \"rewriteRuleSets\": [],\r\n
        \   \"redirectConfigurations\": []\r\n  }\r\n}"
    headers:
      cache-control:
      - no-cache
      content-length:
      - '9128'
      content-type:
      - application/json; charset=utf-8
      date:
      - Fri, 04 Nov 2022 03:36:36 GMT
      etag:
      - W/"d7028595-4308-4a8d-b34b-b0f89e18af83"
      expires:
      - '-1'
      pragma:
      - no-cache
      server:
      - Microsoft-HTTPAPI/2.0
      - Microsoft-HTTPAPI/2.0
      strict-transport-security:
      - max-age=31536000; includeSubDomains
      transfer-encoding:
      - chunked
      vary:
      - Accept-Encoding
      x-content-type-options:
      - nosniff
      x-ms-arm-service-request-id:
      - 0c3f52e1-b3d3-4e05-8925-7ceb4e559598
    status:
      code: 200
      message: OK
- request:
    body: '{"id": "/subscriptions/00000000-0000-0000-0000-000000000000/resourceGroups/cli_test_ag_frontend_ip_private000001/providers/Microsoft.Network/applicationGateways/ag1",
      "location": "westus", "tags": {}, "properties": {"sku": {"name": "Standard_Medium",
      "tier": "Standard", "capacity": 2}, "gatewayIPConfigurations": [{"id": "/subscriptions/00000000-0000-0000-0000-000000000000/resourceGroups/cli_test_ag_frontend_ip_private000001/providers/Microsoft.Network/applicationGateways/ag1/gatewayIPConfigurations/appGatewayFrontendIP",
      "name": "appGatewayFrontendIP", "properties": {"subnet": {"id": "/subscriptions/00000000-0000-0000-0000-000000000000/resourceGroups/cli_test_ag_frontend_ip_private000001/providers/Microsoft.Network/virtualNetworks/vnet1/subnets/subnet1"}}}],
      "authenticationCertificates": [], "sslCertificates": [], "frontendIPConfigurations":
      [{"id": "/subscriptions/00000000-0000-0000-0000-000000000000/resourceGroups/cli_test_ag_frontend_ip_private000001/providers/Microsoft.Network/applicationGateways/ag1/frontendIPConfigurations/appGatewayFrontendIP",
      "name": "appGatewayFrontendIP", "properties": {"privateIPAllocationMethod":
      "Dynamic", "publicIPAddress": {"id": "/subscriptions/00000000-0000-0000-0000-000000000000/resourceGroups/cli_test_ag_frontend_ip_private000001/providers/Microsoft.Network/publicIPAddresses/myip1"}}}],
      "frontendPorts": [{"id": "/subscriptions/00000000-0000-0000-0000-000000000000/resourceGroups/cli_test_ag_frontend_ip_private000001/providers/Microsoft.Network/applicationGateways/ag1/frontendPorts/appGatewayFrontendPort",
      "name": "appGatewayFrontendPort", "properties": {"port": 80}}], "probes": [],
      "backendAddressPools": [{"id": "/subscriptions/00000000-0000-0000-0000-000000000000/resourceGroups/cli_test_ag_frontend_ip_private000001/providers/Microsoft.Network/applicationGateways/ag1/backendAddressPools/appGatewayBackendPool",
      "name": "appGatewayBackendPool", "properties": {"backendAddresses": []}}], "backendHttpSettingsCollection":
      [{"id": "/subscriptions/00000000-0000-0000-0000-000000000000/resourceGroups/cli_test_ag_frontend_ip_private000001/providers/Microsoft.Network/applicationGateways/ag1/backendHttpSettingsCollection/appGatewayBackendHttpSettings",
      "name": "appGatewayBackendHttpSettings", "properties": {"port": 80, "protocol":
      "Http", "cookieBasedAffinity": "Disabled", "requestTimeout": 30, "connectionDraining":
      {"enabled": false, "drainTimeoutInSec": 1}, "pickHostNameFromBackendAddress":
      false}}], "httpListeners": [{"id": "/subscriptions/00000000-0000-0000-0000-000000000000/resourceGroups/cli_test_ag_frontend_ip_private000001/providers/Microsoft.Network/applicationGateways/ag1/httpListeners/appGatewayHttpListener",
      "name": "appGatewayHttpListener", "properties": {"frontendIPConfiguration":
      {"id": "/subscriptions/00000000-0000-0000-0000-000000000000/resourceGroups/cli_test_ag_frontend_ip_private000001/providers/Microsoft.Network/applicationGateways/ag1/frontendIPConfigurations/appGatewayFrontendIP"},
      "frontendPort": {"id": "/subscriptions/00000000-0000-0000-0000-000000000000/resourceGroups/cli_test_ag_frontend_ip_private000001/providers/Microsoft.Network/applicationGateways/ag1/frontendPorts/appGatewayFrontendPort"},
      "protocol": "Http", "requireServerNameIndication": false, "hostNames": []}}],
      "urlPathMaps": [], "requestRoutingRules": [{"id": "/subscriptions/00000000-0000-0000-0000-000000000000/resourceGroups/cli_test_ag_frontend_ip_private000001/providers/Microsoft.Network/applicationGateways/ag1/requestRoutingRules/rule1",
      "name": "rule1", "properties": {"ruleType": "Basic", "backendAddressPool": {"id":
      "/subscriptions/00000000-0000-0000-0000-000000000000/resourceGroups/cli_test_ag_frontend_ip_private000001/providers/Microsoft.Network/applicationGateways/ag1/backendAddressPools/appGatewayBackendPool"},
      "backendHttpSettings": {"id": "/subscriptions/00000000-0000-0000-0000-000000000000/resourceGroups/cli_test_ag_frontend_ip_private000001/providers/Microsoft.Network/applicationGateways/ag1/backendHttpSettingsCollection/appGatewayBackendHttpSettings"},
      "httpListener": {"id": "/subscriptions/00000000-0000-0000-0000-000000000000/resourceGroups/cli_test_ag_frontend_ip_private000001/providers/Microsoft.Network/applicationGateways/ag1/httpListeners/appGatewayHttpListener"}}}],
      "rewriteRuleSets": [], "redirectConfigurations": []}}'
    headers:
      Accept:
      - application/json
      Accept-Encoding:
      - gzip, deflate
      CommandName:
      - network application-gateway frontend-ip delete
      Connection:
      - keep-alive
      Content-Length:
      - '4329'
      Content-Type:
      - application/json
      ParameterSetName:
      - -g --gateway-name --no-wait -n
      User-Agent:
      - AZURECLI/2.42.0 (PIP) azsdk-python-azure-mgmt-network/21.0.1 Python/3.8.10
        (Windows-10-10.0.19044-SP0)
    method: PUT
    uri: https://management.azure.com/subscriptions/00000000-0000-0000-0000-000000000000/resourceGroups/cli_test_ag_frontend_ip_private000001/providers/Microsoft.Network/applicationGateways/ag1?api-version=2022-01-01
  response:
    body:
      string: "{\r\n  \"name\": \"ag1\",\r\n  \"id\": \"/subscriptions/00000000-0000-0000-0000-000000000000/resourceGroups/cli_test_ag_frontend_ip_private000001/providers/Microsoft.Network/applicationGateways/ag1\",\r\n
        \ \"etag\": \"W/\\\"8ff2201e-4990-4863-b819-09e098640cc9\\\"\",\r\n  \"type\":
        \"Microsoft.Network/applicationGateways\",\r\n  \"location\": \"westus\",\r\n
        \ \"tags\": {},\r\n  \"properties\": {\r\n    \"provisioningState\": \"Updating\",\r\n
        \   \"resourceGuid\": \"0869e20e-955f-4e59-9bc7-e82010e4bb18\",\r\n    \"sku\":
        {\r\n      \"name\": \"Standard_Medium\",\r\n      \"tier\": \"Standard\",\r\n
        \     \"capacity\": 2\r\n    },\r\n    \"operationalState\": \"Stopped\",\r\n
        \   \"gatewayIPConfigurations\": [\r\n      {\r\n        \"name\": \"appGatewayFrontendIP\",\r\n
        \       \"id\": \"/subscriptions/00000000-0000-0000-0000-000000000000/resourceGroups/cli_test_ag_frontend_ip_private000001/providers/Microsoft.Network/applicationGateways/ag1/gatewayIPConfigurations/appGatewayFrontendIP\",\r\n
        \       \"etag\": \"W/\\\"8ff2201e-4990-4863-b819-09e098640cc9\\\"\",\r\n
        \       \"properties\": {\r\n          \"provisioningState\": \"Updating\",\r\n
        \         \"subnet\": {\r\n            \"id\": \"/subscriptions/00000000-0000-0000-0000-000000000000/resourceGroups/cli_test_ag_frontend_ip_private000001/providers/Microsoft.Network/virtualNetworks/vnet1/subnets/subnet1\"\r\n
        \         }\r\n        },\r\n        \"type\": \"Microsoft.Network/applicationGateways/gatewayIPConfigurations\"\r\n
        \     }\r\n    ],\r\n    \"sslCertificates\": [],\r\n    \"authenticationCertificates\":
        [],\r\n    \"frontendIPConfigurations\": [\r\n      {\r\n        \"name\":
        \"appGatewayFrontendIP\",\r\n        \"id\": \"/subscriptions/00000000-0000-0000-0000-000000000000/resourceGroups/cli_test_ag_frontend_ip_private000001/providers/Microsoft.Network/applicationGateways/ag1/frontendIPConfigurations/appGatewayFrontendIP\",\r\n
        \       \"etag\": \"W/\\\"8ff2201e-4990-4863-b819-09e098640cc9\\\"\",\r\n
        \       \"type\": \"Microsoft.Network/applicationGateways/frontendIPConfigurations\",\r\n
        \       \"properties\": {\r\n          \"provisioningState\": \"Updating\",\r\n
        \         \"privateIPAllocationMethod\": \"Dynamic\",\r\n          \"publicIPAddress\":
        {\r\n            \"id\": \"/subscriptions/00000000-0000-0000-0000-000000000000/resourceGroups/cli_test_ag_frontend_ip_private000001/providers/Microsoft.Network/publicIPAddresses/myip1\"\r\n
        \         },\r\n          \"httpListeners\": [\r\n            {\r\n              \"id\":
        \"/subscriptions/00000000-0000-0000-0000-000000000000/resourceGroups/cli_test_ag_frontend_ip_private000001/providers/Microsoft.Network/applicationGateways/ag1/httpListeners/appGatewayHttpListener\"\r\n
        \           }\r\n          ]\r\n        }\r\n      }\r\n    ],\r\n    \"frontendPorts\":
        [\r\n      {\r\n        \"name\": \"appGatewayFrontendPort\",\r\n        \"id\":
        \"/subscriptions/00000000-0000-0000-0000-000000000000/resourceGroups/cli_test_ag_frontend_ip_private000001/providers/Microsoft.Network/applicationGateways/ag1/frontendPorts/appGatewayFrontendPort\",\r\n
        \       \"etag\": \"W/\\\"8ff2201e-4990-4863-b819-09e098640cc9\\\"\",\r\n
        \       \"properties\": {\r\n          \"provisioningState\": \"Updating\",\r\n
        \         \"port\": 80,\r\n          \"httpListeners\": [\r\n            {\r\n
        \             \"id\": \"/subscriptions/00000000-0000-0000-0000-000000000000/resourceGroups/cli_test_ag_frontend_ip_private000001/providers/Microsoft.Network/applicationGateways/ag1/httpListeners/appGatewayHttpListener\"\r\n
        \           }\r\n          ]\r\n        },\r\n        \"type\": \"Microsoft.Network/applicationGateways/frontendPorts\"\r\n
        \     }\r\n    ],\r\n    \"backendAddressPools\": [\r\n      {\r\n        \"name\":
        \"appGatewayBackendPool\",\r\n        \"id\": \"/subscriptions/00000000-0000-0000-0000-000000000000/resourceGroups/cli_test_ag_frontend_ip_private000001/providers/Microsoft.Network/applicationGateways/ag1/backendAddressPools/appGatewayBackendPool\",\r\n
        \       \"etag\": \"W/\\\"8ff2201e-4990-4863-b819-09e098640cc9\\\"\",\r\n
        \       \"properties\": {\r\n          \"provisioningState\": \"Updating\",\r\n
        \         \"backendAddresses\": [],\r\n          \"requestRoutingRules\":
        [\r\n            {\r\n              \"id\": \"/subscriptions/00000000-0000-0000-0000-000000000000/resourceGroups/cli_test_ag_frontend_ip_private000001/providers/Microsoft.Network/applicationGateways/ag1/requestRoutingRules/rule1\"\r\n
        \           }\r\n          ]\r\n        },\r\n        \"type\": \"Microsoft.Network/applicationGateways/backendAddressPools\"\r\n
        \     }\r\n    ],\r\n    \"backendHttpSettingsCollection\": [\r\n      {\r\n
        \       \"name\": \"appGatewayBackendHttpSettings\",\r\n        \"id\": \"/subscriptions/00000000-0000-0000-0000-000000000000/resourceGroups/cli_test_ag_frontend_ip_private000001/providers/Microsoft.Network/applicationGateways/ag1/backendHttpSettingsCollection/appGatewayBackendHttpSettings\",\r\n
        \       \"etag\": \"W/\\\"8ff2201e-4990-4863-b819-09e098640cc9\\\"\",\r\n
        \       \"properties\": {\r\n          \"provisioningState\": \"Updating\",\r\n
        \         \"port\": 80,\r\n          \"protocol\": \"Http\",\r\n          \"cookieBasedAffinity\":
        \"Disabled\",\r\n          \"connectionDraining\": {\r\n            \"enabled\":
        false,\r\n            \"drainTimeoutInSec\": 1\r\n          },\r\n          \"pickHostNameFromBackendAddress\":
        false,\r\n          \"requestTimeout\": 30,\r\n          \"requestRoutingRules\":
        [\r\n            {\r\n              \"id\": \"/subscriptions/00000000-0000-0000-0000-000000000000/resourceGroups/cli_test_ag_frontend_ip_private000001/providers/Microsoft.Network/applicationGateways/ag1/requestRoutingRules/rule1\"\r\n
        \           }\r\n          ]\r\n        },\r\n        \"type\": \"Microsoft.Network/applicationGateways/backendHttpSettingsCollection\"\r\n
        \     }\r\n    ],\r\n    \"httpListeners\": [\r\n      {\r\n        \"name\":
        \"appGatewayHttpListener\",\r\n        \"id\": \"/subscriptions/00000000-0000-0000-0000-000000000000/resourceGroups/cli_test_ag_frontend_ip_private000001/providers/Microsoft.Network/applicationGateways/ag1/httpListeners/appGatewayHttpListener\",\r\n
        \       \"etag\": \"W/\\\"8ff2201e-4990-4863-b819-09e098640cc9\\\"\",\r\n
        \       \"properties\": {\r\n          \"provisioningState\": \"Updating\",\r\n
        \         \"frontendIPConfiguration\": {\r\n            \"id\": \"/subscriptions/00000000-0000-0000-0000-000000000000/resourceGroups/cli_test_ag_frontend_ip_private000001/providers/Microsoft.Network/applicationGateways/ag1/frontendIPConfigurations/appGatewayFrontendIP\"\r\n
        \         },\r\n          \"frontendPort\": {\r\n            \"id\": \"/subscriptions/00000000-0000-0000-0000-000000000000/resourceGroups/cli_test_ag_frontend_ip_private000001/providers/Microsoft.Network/applicationGateways/ag1/frontendPorts/appGatewayFrontendPort\"\r\n
        \         },\r\n          \"protocol\": \"Http\",\r\n          \"hostNames\":
        [],\r\n          \"requireServerNameIndication\": false,\r\n          \"requestRoutingRules\":
        [\r\n            {\r\n              \"id\": \"/subscriptions/00000000-0000-0000-0000-000000000000/resourceGroups/cli_test_ag_frontend_ip_private000001/providers/Microsoft.Network/applicationGateways/ag1/requestRoutingRules/rule1\"\r\n
        \           }\r\n          ]\r\n        },\r\n        \"type\": \"Microsoft.Network/applicationGateways/httpListeners\"\r\n
        \     }\r\n    ],\r\n    \"urlPathMaps\": [],\r\n    \"requestRoutingRules\":
        [\r\n      {\r\n        \"name\": \"rule1\",\r\n        \"id\": \"/subscriptions/00000000-0000-0000-0000-000000000000/resourceGroups/cli_test_ag_frontend_ip_private000001/providers/Microsoft.Network/applicationGateways/ag1/requestRoutingRules/rule1\",\r\n
        \       \"etag\": \"W/\\\"8ff2201e-4990-4863-b819-09e098640cc9\\\"\",\r\n
        \       \"properties\": {\r\n          \"provisioningState\": \"Updating\",\r\n
        \         \"ruleType\": \"Basic\",\r\n          \"httpListener\": {\r\n            \"id\":
        \"/subscriptions/00000000-0000-0000-0000-000000000000/resourceGroups/cli_test_ag_frontend_ip_private000001/providers/Microsoft.Network/applicationGateways/ag1/httpListeners/appGatewayHttpListener\"\r\n
        \         },\r\n          \"backendAddressPool\": {\r\n            \"id\":
        \"/subscriptions/00000000-0000-0000-0000-000000000000/resourceGroups/cli_test_ag_frontend_ip_private000001/providers/Microsoft.Network/applicationGateways/ag1/backendAddressPools/appGatewayBackendPool\"\r\n
        \         },\r\n          \"backendHttpSettings\": {\r\n            \"id\":
        \"/subscriptions/00000000-0000-0000-0000-000000000000/resourceGroups/cli_test_ag_frontend_ip_private000001/providers/Microsoft.Network/applicationGateways/ag1/backendHttpSettingsCollection/appGatewayBackendHttpSettings\"\r\n
        \         }\r\n        },\r\n        \"type\": \"Microsoft.Network/applicationGateways/requestRoutingRules\"\r\n
        \     }\r\n    ],\r\n    \"probes\": [],\r\n    \"rewriteRuleSets\": [],\r\n
        \   \"redirectConfigurations\": []\r\n  }\r\n}"
    headers:
      azure-asyncnotification:
      - Enabled
      azure-asyncoperation:
      - https://management.azure.com/subscriptions/00000000-0000-0000-0000-000000000000/providers/Microsoft.Network/locations/westus/operations/8303bdab-de34-4725-be36-6e5a51baf902?api-version=2022-01-01
      cache-control:
      - no-cache
      content-length:
      - '8319'
      content-type:
      - application/json; charset=utf-8
      date:
      - Fri, 04 Nov 2022 03:36:37 GMT
      expires:
      - '-1'
      pragma:
      - no-cache
      server:
      - Microsoft-HTTPAPI/2.0
      - Microsoft-HTTPAPI/2.0
      strict-transport-security:
      - max-age=31536000; includeSubDomains
      transfer-encoding:
      - chunked
      vary:
      - Accept-Encoding
      x-content-type-options:
      - nosniff
      x-ms-arm-service-request-id:
      - 05668836-eb91-4026-87c6-24d7296c1fa2
      x-ms-ratelimit-remaining-subscription-writes:
      - '1197'
    status:
      code: 200
      message: OK
- request:
    body: null
    headers:
      Accept:
      - application/json
      Accept-Encoding:
      - gzip, deflate
      CommandName:
      - network application-gateway frontend-ip list
      Connection:
      - keep-alive
      ParameterSetName:
      - -g --gateway-name
      User-Agent:
      - AZURECLI/2.42.0 (PIP) azsdk-python-azure-mgmt-network/21.0.1 Python/3.8.10
        (Windows-10-10.0.19044-SP0)
    method: GET
    uri: https://management.azure.com/subscriptions/00000000-0000-0000-0000-000000000000/resourceGroups/cli_test_ag_frontend_ip_private000001/providers/Microsoft.Network/applicationGateways/ag1?api-version=2022-01-01
  response:
    body:
      string: "{\r\n  \"name\": \"ag1\",\r\n  \"id\": \"/subscriptions/00000000-0000-0000-0000-000000000000/resourceGroups/cli_test_ag_frontend_ip_private000001/providers/Microsoft.Network/applicationGateways/ag1\",\r\n
        \ \"etag\": \"W/\\\"6b3f8cc6-533e-432c-98d0-2dafbae57104\\\"\",\r\n  \"type\":
        \"Microsoft.Network/applicationGateways\",\r\n  \"location\": \"westus\",\r\n
        \ \"tags\": {},\r\n  \"properties\": {\r\n    \"provisioningState\": \"Updating\",\r\n
        \   \"resourceGuid\": \"0869e20e-955f-4e59-9bc7-e82010e4bb18\",\r\n    \"sku\":
        {\r\n      \"name\": \"Standard_Medium\",\r\n      \"tier\": \"Standard\",\r\n
        \     \"capacity\": 2\r\n    },\r\n    \"operationalState\": \"Stopped\",\r\n
        \   \"gatewayIPConfigurations\": [\r\n      {\r\n        \"name\": \"appGatewayFrontendIP\",\r\n
        \       \"id\": \"/subscriptions/00000000-0000-0000-0000-000000000000/resourceGroups/cli_test_ag_frontend_ip_private000001/providers/Microsoft.Network/applicationGateways/ag1/gatewayIPConfigurations/appGatewayFrontendIP\",\r\n
        \       \"etag\": \"W/\\\"6b3f8cc6-533e-432c-98d0-2dafbae57104\\\"\",\r\n
        \       \"properties\": {\r\n          \"provisioningState\": \"Updating\",\r\n
        \         \"subnet\": {\r\n            \"id\": \"/subscriptions/00000000-0000-0000-0000-000000000000/resourceGroups/cli_test_ag_frontend_ip_private000001/providers/Microsoft.Network/virtualNetworks/vnet1/subnets/subnet1\"\r\n
        \         }\r\n        },\r\n        \"type\": \"Microsoft.Network/applicationGateways/gatewayIPConfigurations\"\r\n
        \     }\r\n    ],\r\n    \"sslCertificates\": [],\r\n    \"authenticationCertificates\":
        [],\r\n    \"frontendIPConfigurations\": [\r\n      {\r\n        \"name\":
        \"appGatewayFrontendIP\",\r\n        \"id\": \"/subscriptions/00000000-0000-0000-0000-000000000000/resourceGroups/cli_test_ag_frontend_ip_private000001/providers/Microsoft.Network/applicationGateways/ag1/frontendIPConfigurations/appGatewayFrontendIP\",\r\n
        \       \"etag\": \"W/\\\"6b3f8cc6-533e-432c-98d0-2dafbae57104\\\"\",\r\n
        \       \"type\": \"Microsoft.Network/applicationGateways/frontendIPConfigurations\",\r\n
        \       \"properties\": {\r\n          \"provisioningState\": \"Updating\",\r\n
        \         \"privateIPAllocationMethod\": \"Dynamic\",\r\n          \"publicIPAddress\":
        {\r\n            \"id\": \"/subscriptions/00000000-0000-0000-0000-000000000000/resourceGroups/cli_test_ag_frontend_ip_private000001/providers/Microsoft.Network/publicIPAddresses/myip1\"\r\n
        \         },\r\n          \"httpListeners\": [\r\n            {\r\n              \"id\":
        \"/subscriptions/00000000-0000-0000-0000-000000000000/resourceGroups/cli_test_ag_frontend_ip_private000001/providers/Microsoft.Network/applicationGateways/ag1/httpListeners/appGatewayHttpListener\"\r\n
        \           }\r\n          ]\r\n        }\r\n      }\r\n    ],\r\n    \"frontendPorts\":
        [\r\n      {\r\n        \"name\": \"appGatewayFrontendPort\",\r\n        \"id\":
        \"/subscriptions/00000000-0000-0000-0000-000000000000/resourceGroups/cli_test_ag_frontend_ip_private000001/providers/Microsoft.Network/applicationGateways/ag1/frontendPorts/appGatewayFrontendPort\",\r\n
        \       \"etag\": \"W/\\\"6b3f8cc6-533e-432c-98d0-2dafbae57104\\\"\",\r\n
        \       \"properties\": {\r\n          \"provisioningState\": \"Updating\",\r\n
        \         \"port\": 80,\r\n          \"httpListeners\": [\r\n            {\r\n
        \             \"id\": \"/subscriptions/00000000-0000-0000-0000-000000000000/resourceGroups/cli_test_ag_frontend_ip_private000001/providers/Microsoft.Network/applicationGateways/ag1/httpListeners/appGatewayHttpListener\"\r\n
        \           }\r\n          ]\r\n        },\r\n        \"type\": \"Microsoft.Network/applicationGateways/frontendPorts\"\r\n
        \     }\r\n    ],\r\n    \"backendAddressPools\": [\r\n      {\r\n        \"name\":
        \"appGatewayBackendPool\",\r\n        \"id\": \"/subscriptions/00000000-0000-0000-0000-000000000000/resourceGroups/cli_test_ag_frontend_ip_private000001/providers/Microsoft.Network/applicationGateways/ag1/backendAddressPools/appGatewayBackendPool\",\r\n
        \       \"etag\": \"W/\\\"6b3f8cc6-533e-432c-98d0-2dafbae57104\\\"\",\r\n
        \       \"properties\": {\r\n          \"provisioningState\": \"Updating\",\r\n
        \         \"backendAddresses\": [],\r\n          \"requestRoutingRules\":
        [\r\n            {\r\n              \"id\": \"/subscriptions/00000000-0000-0000-0000-000000000000/resourceGroups/cli_test_ag_frontend_ip_private000001/providers/Microsoft.Network/applicationGateways/ag1/requestRoutingRules/rule1\"\r\n
        \           }\r\n          ]\r\n        },\r\n        \"type\": \"Microsoft.Network/applicationGateways/backendAddressPools\"\r\n
        \     }\r\n    ],\r\n    \"backendHttpSettingsCollection\": [\r\n      {\r\n
        \       \"name\": \"appGatewayBackendHttpSettings\",\r\n        \"id\": \"/subscriptions/00000000-0000-0000-0000-000000000000/resourceGroups/cli_test_ag_frontend_ip_private000001/providers/Microsoft.Network/applicationGateways/ag1/backendHttpSettingsCollection/appGatewayBackendHttpSettings\",\r\n
        \       \"etag\": \"W/\\\"6b3f8cc6-533e-432c-98d0-2dafbae57104\\\"\",\r\n
        \       \"properties\": {\r\n          \"provisioningState\": \"Updating\",\r\n
        \         \"port\": 80,\r\n          \"protocol\": \"Http\",\r\n          \"cookieBasedAffinity\":
        \"Disabled\",\r\n          \"connectionDraining\": {\r\n            \"enabled\":
        false,\r\n            \"drainTimeoutInSec\": 1\r\n          },\r\n          \"pickHostNameFromBackendAddress\":
        false,\r\n          \"requestTimeout\": 30,\r\n          \"requestRoutingRules\":
        [\r\n            {\r\n              \"id\": \"/subscriptions/00000000-0000-0000-0000-000000000000/resourceGroups/cli_test_ag_frontend_ip_private000001/providers/Microsoft.Network/applicationGateways/ag1/requestRoutingRules/rule1\"\r\n
        \           }\r\n          ]\r\n        },\r\n        \"type\": \"Microsoft.Network/applicationGateways/backendHttpSettingsCollection\"\r\n
        \     }\r\n    ],\r\n    \"httpListeners\": [\r\n      {\r\n        \"name\":
        \"appGatewayHttpListener\",\r\n        \"id\": \"/subscriptions/00000000-0000-0000-0000-000000000000/resourceGroups/cli_test_ag_frontend_ip_private000001/providers/Microsoft.Network/applicationGateways/ag1/httpListeners/appGatewayHttpListener\",\r\n
        \       \"etag\": \"W/\\\"6b3f8cc6-533e-432c-98d0-2dafbae57104\\\"\",\r\n
        \       \"properties\": {\r\n          \"provisioningState\": \"Updating\",\r\n
        \         \"frontendIPConfiguration\": {\r\n            \"id\": \"/subscriptions/00000000-0000-0000-0000-000000000000/resourceGroups/cli_test_ag_frontend_ip_private000001/providers/Microsoft.Network/applicationGateways/ag1/frontendIPConfigurations/appGatewayFrontendIP\"\r\n
        \         },\r\n          \"frontendPort\": {\r\n            \"id\": \"/subscriptions/00000000-0000-0000-0000-000000000000/resourceGroups/cli_test_ag_frontend_ip_private000001/providers/Microsoft.Network/applicationGateways/ag1/frontendPorts/appGatewayFrontendPort\"\r\n
        \         },\r\n          \"protocol\": \"Http\",\r\n          \"hostNames\":
        [],\r\n          \"requireServerNameIndication\": false,\r\n          \"requestRoutingRules\":
        [\r\n            {\r\n              \"id\": \"/subscriptions/00000000-0000-0000-0000-000000000000/resourceGroups/cli_test_ag_frontend_ip_private000001/providers/Microsoft.Network/applicationGateways/ag1/requestRoutingRules/rule1\"\r\n
        \           }\r\n          ]\r\n        },\r\n        \"type\": \"Microsoft.Network/applicationGateways/httpListeners\"\r\n
        \     }\r\n    ],\r\n    \"urlPathMaps\": [],\r\n    \"requestRoutingRules\":
        [\r\n      {\r\n        \"name\": \"rule1\",\r\n        \"id\": \"/subscriptions/00000000-0000-0000-0000-000000000000/resourceGroups/cli_test_ag_frontend_ip_private000001/providers/Microsoft.Network/applicationGateways/ag1/requestRoutingRules/rule1\",\r\n
        \       \"etag\": \"W/\\\"6b3f8cc6-533e-432c-98d0-2dafbae57104\\\"\",\r\n
        \       \"properties\": {\r\n          \"provisioningState\": \"Updating\",\r\n
        \         \"ruleType\": \"Basic\",\r\n          \"httpListener\": {\r\n            \"id\":
        \"/subscriptions/00000000-0000-0000-0000-000000000000/resourceGroups/cli_test_ag_frontend_ip_private000001/providers/Microsoft.Network/applicationGateways/ag1/httpListeners/appGatewayHttpListener\"\r\n
        \         },\r\n          \"backendAddressPool\": {\r\n            \"id\":
        \"/subscriptions/00000000-0000-0000-0000-000000000000/resourceGroups/cli_test_ag_frontend_ip_private000001/providers/Microsoft.Network/applicationGateways/ag1/backendAddressPools/appGatewayBackendPool\"\r\n
        \         },\r\n          \"backendHttpSettings\": {\r\n            \"id\":
        \"/subscriptions/00000000-0000-0000-0000-000000000000/resourceGroups/cli_test_ag_frontend_ip_private000001/providers/Microsoft.Network/applicationGateways/ag1/backendHttpSettingsCollection/appGatewayBackendHttpSettings\"\r\n
        \         }\r\n        },\r\n        \"type\": \"Microsoft.Network/applicationGateways/requestRoutingRules\"\r\n
        \     }\r\n    ],\r\n    \"probes\": [],\r\n    \"rewriteRuleSets\": [],\r\n
        \   \"redirectConfigurations\": []\r\n  }\r\n}"
    headers:
      cache-control:
      - no-cache
      content-length:
      - '8319'
      content-type:
      - application/json; charset=utf-8
      date:
      - Fri, 04 Nov 2022 03:36:45 GMT
      etag:
      - W/"6b3f8cc6-533e-432c-98d0-2dafbae57104"
      expires:
      - '-1'
      pragma:
      - no-cache
      server:
      - Microsoft-HTTPAPI/2.0
      - Microsoft-HTTPAPI/2.0
      strict-transport-security:
      - max-age=31536000; includeSubDomains
      transfer-encoding:
      - chunked
      vary:
      - Accept-Encoding
      x-content-type-options:
      - nosniff
      x-ms-arm-service-request-id:
      - c9c3504c-09c4-446d-b519-86df7f3fc49c
    status:
      code: 200
      message: OK
version: 1
