interactions:
- request:
    body: '{"location": "eastus", "properties": {"addressSpace": {"addressPrefixes":
      ["10.0.0.0/16"]}, "enableDdosProtection": false, "enableVmProtection": false,
      "subnets": [{"name": "subnet-000004", "properties": {"addressPrefix": "10.0.0.0/24"}}]}}'
    headers:
      Accept:
      - application/json
      Accept-Encoding:
      - gzip, deflate
      CommandName:
      - network vnet create
      Connection:
      - keep-alive
      Content-Length:
      - '240'
      Content-Type:
      - application/json
      ParameterSetName:
      - -n -l -g --address-prefixes --subnet-name --subnet-prefixes
      User-Agent:
      - AZURECLI/2.43.0 (AAZ) azsdk-python-core/1.24.0 Python/3.9.5 (Windows-10-10.0.22621-SP0)
    method: PUT
    uri: https://management.azure.com/subscriptions/00000000-0000-0000-0000-000000000000/resourceGroups/cli_test_network_private_endpoint_000001/providers/Microsoft.Network/virtualNetworks/vnet-000003?api-version=2022-01-01
  response:
    body:
      string: "{\r\n  \"name\": \"vnet-000003\",\r\n  \"id\": \"/subscriptions/00000000-0000-0000-0000-000000000000/resourceGroups/cli_test_network_private_endpoint_000001/providers/Microsoft.Network/virtualNetworks/vnet-000003\",\r\n
        \ \"etag\": \"W/\\\"df5dc7c1-9def-4408-bcf0-531cb7ec1a01\\\"\",\r\n  \"type\":
        \"Microsoft.Network/virtualNetworks\",\r\n  \"location\": \"eastus\",\r\n
        \ \"properties\": {\r\n    \"provisioningState\": \"Updating\",\r\n    \"resourceGuid\":
        \"794fbcd4-28e6-44b4-a23c-8d69b5fb3314\",\r\n    \"addressSpace\": {\r\n      \"addressPrefixes\":
        [\r\n        \"10.0.0.0/16\"\r\n      ]\r\n    },\r\n    \"subnets\": [\r\n
        \     {\r\n        \"name\": \"subnet-000004\",\r\n        \"id\": \"/subscriptions/00000000-0000-0000-0000-000000000000/resourceGroups/cli_test_network_private_endpoint_000001/providers/Microsoft.Network/virtualNetworks/vnet-000003/subnets/subnet-000004\",\r\n
        \       \"etag\": \"W/\\\"df5dc7c1-9def-4408-bcf0-531cb7ec1a01\\\"\",\r\n
        \       \"properties\": {\r\n          \"provisioningState\": \"Updating\",\r\n
        \         \"addressPrefix\": \"10.0.0.0/24\",\r\n          \"delegations\":
        [],\r\n          \"privateEndpointNetworkPolicies\": \"Disabled\",\r\n          \"privateLinkServiceNetworkPolicies\":
        \"Enabled\"\r\n        },\r\n        \"type\": \"Microsoft.Network/virtualNetworks/subnets\"\r\n
        \     }\r\n    ],\r\n    \"virtualNetworkPeerings\": [],\r\n    \"enableDdosProtection\":
        false\r\n  }\r\n}"
    headers:
      azure-asyncnotification:
      - Enabled
      azure-asyncoperation:
      - https://management.azure.com/subscriptions/00000000-0000-0000-0000-000000000000/providers/Microsoft.Network/locations/eastus/operations/0d620a87-e70c-47dd-894c-51a1684631bd?api-version=2022-01-01
      cache-control:
      - no-cache
      content-length:
      - '1295'
      content-type:
      - application/json; charset=utf-8
      date:
      - Fri, 06 Jan 2023 05:19:18 GMT
      expires:
      - '-1'
      pragma:
      - no-cache
      server:
      - Microsoft-HTTPAPI/2.0
      - Microsoft-HTTPAPI/2.0
      strict-transport-security:
      - max-age=31536000; includeSubDomains
      x-content-type-options:
      - nosniff
      x-ms-arm-service-request-id:
      - 49b0eb6a-48f9-4569-8975-9c5c1ef35af8
      x-ms-ratelimit-remaining-subscription-writes:
      - '1198'
    status:
      code: 201
      message: Created
- request:
    body: null
    headers:
      Accept:
      - '*/*'
      Accept-Encoding:
      - gzip, deflate
      CommandName:
      - network vnet create
      Connection:
      - keep-alive
      ParameterSetName:
      - -n -l -g --address-prefixes --subnet-name --subnet-prefixes
      User-Agent:
      - AZURECLI/2.43.0 (AAZ) azsdk-python-core/1.24.0 Python/3.9.5 (Windows-10-10.0.22621-SP0)
    method: GET
    uri: https://management.azure.com/subscriptions/00000000-0000-0000-0000-000000000000/providers/Microsoft.Network/locations/eastus/operations/0d620a87-e70c-47dd-894c-51a1684631bd?api-version=2022-01-01
  response:
    body:
      string: "{\r\n  \"status\": \"Succeeded\"\r\n}"
    headers:
      cache-control:
      - no-cache
      content-length:
      - '29'
      content-type:
      - application/json; charset=utf-8
      date:
      - Fri, 06 Jan 2023 05:19:21 GMT
      expires:
      - '-1'
      pragma:
      - no-cache
      server:
      - Microsoft-HTTPAPI/2.0
      - Microsoft-HTTPAPI/2.0
      strict-transport-security:
      - max-age=31536000; includeSubDomains
      transfer-encoding:
      - chunked
      vary:
      - Accept-Encoding
      x-content-type-options:
      - nosniff
      x-ms-arm-service-request-id:
      - 9fb76dc6-a86c-439a-be86-669a45e5e2c1
    status:
      code: 200
      message: OK
- request:
    body: null
    headers:
      Accept:
      - '*/*'
      Accept-Encoding:
      - gzip, deflate
      CommandName:
      - network vnet create
      Connection:
      - keep-alive
      ParameterSetName:
      - -n -l -g --address-prefixes --subnet-name --subnet-prefixes
      User-Agent:
      - AZURECLI/2.43.0 (AAZ) azsdk-python-core/1.24.0 Python/3.9.5 (Windows-10-10.0.22621-SP0)
    method: GET
    uri: https://management.azure.com/subscriptions/00000000-0000-0000-0000-000000000000/resourceGroups/cli_test_network_private_endpoint_000001/providers/Microsoft.Network/virtualNetworks/vnet-000003?api-version=2022-01-01
  response:
    body:
      string: "{\r\n  \"name\": \"vnet-000003\",\r\n  \"id\": \"/subscriptions/00000000-0000-0000-0000-000000000000/resourceGroups/cli_test_network_private_endpoint_000001/providers/Microsoft.Network/virtualNetworks/vnet-000003\",\r\n
        \ \"etag\": \"W/\\\"92bedf3d-ef59-4bb1-8350-39c0aef2d700\\\"\",\r\n  \"type\":
        \"Microsoft.Network/virtualNetworks\",\r\n  \"location\": \"eastus\",\r\n
        \ \"properties\": {\r\n    \"provisioningState\": \"Succeeded\",\r\n    \"resourceGuid\":
        \"794fbcd4-28e6-44b4-a23c-8d69b5fb3314\",\r\n    \"addressSpace\": {\r\n      \"addressPrefixes\":
        [\r\n        \"10.0.0.0/16\"\r\n      ]\r\n    },\r\n    \"subnets\": [\r\n
        \     {\r\n        \"name\": \"subnet-000004\",\r\n        \"id\": \"/subscriptions/00000000-0000-0000-0000-000000000000/resourceGroups/cli_test_network_private_endpoint_000001/providers/Microsoft.Network/virtualNetworks/vnet-000003/subnets/subnet-000004\",\r\n
        \       \"etag\": \"W/\\\"92bedf3d-ef59-4bb1-8350-39c0aef2d700\\\"\",\r\n
        \       \"properties\": {\r\n          \"provisioningState\": \"Succeeded\",\r\n
        \         \"addressPrefix\": \"10.0.0.0/24\",\r\n          \"delegations\":
        [],\r\n          \"privateEndpointNetworkPolicies\": \"Disabled\",\r\n          \"privateLinkServiceNetworkPolicies\":
        \"Enabled\"\r\n        },\r\n        \"type\": \"Microsoft.Network/virtualNetworks/subnets\"\r\n
        \     }\r\n    ],\r\n    \"virtualNetworkPeerings\": [],\r\n    \"enableDdosProtection\":
        false\r\n  }\r\n}"
    headers:
      cache-control:
      - no-cache
      content-length:
      - '1297'
      content-type:
      - application/json; charset=utf-8
      date:
      - Fri, 06 Jan 2023 05:19:22 GMT
      etag:
      - W/"92bedf3d-ef59-4bb1-8350-39c0aef2d700"
      expires:
      - '-1'
      pragma:
      - no-cache
      server:
      - Microsoft-HTTPAPI/2.0
      - Microsoft-HTTPAPI/2.0
      strict-transport-security:
      - max-age=31536000; includeSubDomains
      transfer-encoding:
      - chunked
      vary:
      - Accept-Encoding
      x-content-type-options:
      - nosniff
      x-ms-arm-service-request-id:
      - 5f35783d-275d-47f7-9d6b-26975768c365
    status:
      code: 200
      message: OK
- request:
    body: null
    headers:
      Accept:
      - application/json
      Accept-Encoding:
      - gzip, deflate
      CommandName:
      - network vnet subnet update
      Connection:
      - keep-alive
      ParameterSetName:
      - -n -g --vnet-name --disable-private-endpoint-network-policies
      User-Agent:
      - AZURECLI/2.43.0 (AAZ) azsdk-python-core/1.24.0 Python/3.9.5 (Windows-10-10.0.22621-SP0)
    method: GET
    uri: https://management.azure.com/subscriptions/00000000-0000-0000-0000-000000000000/resourceGroups/cli_test_network_private_endpoint_000001/providers/Microsoft.Network/virtualNetworks/vnet-000003/subnets/subnet-000004?api-version=2022-01-01
  response:
    body:
      string: "{\r\n  \"name\": \"subnet-000004\",\r\n  \"id\": \"/subscriptions/00000000-0000-0000-0000-000000000000/resourceGroups/cli_test_network_private_endpoint_000001/providers/Microsoft.Network/virtualNetworks/vnet-000003/subnets/subnet-000004\",\r\n
        \ \"etag\": \"W/\\\"92bedf3d-ef59-4bb1-8350-39c0aef2d700\\\"\",\r\n  \"properties\":
        {\r\n    \"provisioningState\": \"Succeeded\",\r\n    \"addressPrefix\": \"10.0.0.0/24\",\r\n
        \   \"delegations\": [],\r\n    \"privateEndpointNetworkPolicies\": \"Disabled\",\r\n
        \   \"privateLinkServiceNetworkPolicies\": \"Enabled\"\r\n  },\r\n  \"type\":
        \"Microsoft.Network/virtualNetworks/subnets\"\r\n}"
    headers:
      cache-control:
      - no-cache
      content-length:
      - '570'
      content-type:
      - application/json; charset=utf-8
      date:
      - Fri, 06 Jan 2023 05:19:24 GMT
      etag:
      - W/"92bedf3d-ef59-4bb1-8350-39c0aef2d700"
      expires:
      - '-1'
      pragma:
      - no-cache
      server:
      - Microsoft-HTTPAPI/2.0
      - Microsoft-HTTPAPI/2.0
      strict-transport-security:
      - max-age=31536000; includeSubDomains
      transfer-encoding:
      - chunked
      vary:
      - Accept-Encoding
      x-content-type-options:
      - nosniff
      x-ms-arm-service-request-id:
      - 65f1277a-8e06-4692-a57f-93f822b76c9f
    status:
      code: 200
      message: OK
- request:
    body: '{"id": "/subscriptions/00000000-0000-0000-0000-000000000000/resourceGroups/cli_test_network_private_endpoint_000001/providers/Microsoft.Network/virtualNetworks/vnet-000003/subnets/subnet-000004",
      "name": "subnet-000004", "properties": {"addressPrefix": "10.0.0.0/24", "delegations":
      [], "privateEndpointNetworkPolicies": "Disabled", "privateLinkServiceNetworkPolicies":
      "Enabled"}, "type": "Microsoft.Network/virtualNetworks/subnets"}'
    headers:
      Accept:
      - application/json
      Accept-Encoding:
      - gzip, deflate
      CommandName:
      - network vnet subnet update
      Connection:
      - keep-alive
      Content-Length:
      - '434'
      Content-Type:
      - application/json
      ParameterSetName:
      - -n -g --vnet-name --disable-private-endpoint-network-policies
      User-Agent:
      - AZURECLI/2.43.0 (AAZ) azsdk-python-core/1.24.0 Python/3.9.5 (Windows-10-10.0.22621-SP0)
    method: PUT
    uri: https://management.azure.com/subscriptions/00000000-0000-0000-0000-000000000000/resourceGroups/cli_test_network_private_endpoint_000001/providers/Microsoft.Network/virtualNetworks/vnet-000003/subnets/subnet-000004?api-version=2022-01-01
  response:
    body:
      string: "{\r\n  \"name\": \"subnet-000004\",\r\n  \"id\": \"/subscriptions/00000000-0000-0000-0000-000000000000/resourceGroups/cli_test_network_private_endpoint_000001/providers/Microsoft.Network/virtualNetworks/vnet-000003/subnets/subnet-000004\",\r\n
        \ \"etag\": \"W/\\\"def89c72-fcda-41cf-ad05-ce8a95527026\\\"\",\r\n  \"properties\":
        {\r\n    \"provisioningState\": \"Succeeded\",\r\n    \"addressPrefix\": \"10.0.0.0/24\",\r\n
        \   \"delegations\": [],\r\n    \"privateEndpointNetworkPolicies\": \"Disabled\",\r\n
        \   \"privateLinkServiceNetworkPolicies\": \"Enabled\"\r\n  },\r\n  \"type\":
        \"Microsoft.Network/virtualNetworks/subnets\"\r\n}"
    headers:
      azure-asyncnotification:
      - Enabled
      azure-asyncoperation:
      - https://management.azure.com/subscriptions/00000000-0000-0000-0000-000000000000/providers/Microsoft.Network/locations/eastus/operations/44e8a978-0042-4eae-9ae5-37fc65fae341?api-version=2022-01-01
      cache-control:
      - no-cache
      content-length:
      - '570'
      content-type:
      - application/json; charset=utf-8
      date:
      - Fri, 06 Jan 2023 05:19:25 GMT
      expires:
      - '-1'
      pragma:
      - no-cache
      server:
      - Microsoft-HTTPAPI/2.0
      - Microsoft-HTTPAPI/2.0
      strict-transport-security:
      - max-age=31536000; includeSubDomains
      transfer-encoding:
      - chunked
      vary:
      - Accept-Encoding
      x-content-type-options:
      - nosniff
      x-ms-arm-service-request-id:
      - 883313de-a302-4c19-b5d9-427d2369afd1
      x-ms-ratelimit-remaining-subscription-writes:
      - '1199'
    status:
      code: 200
      message: OK
- request:
    body: null
    headers:
      Accept:
      - '*/*'
      Accept-Encoding:
      - gzip, deflate
      CommandName:
      - network vnet subnet update
      Connection:
      - keep-alive
      ParameterSetName:
      - -n -g --vnet-name --disable-private-endpoint-network-policies
      User-Agent:
      - AZURECLI/2.43.0 (AAZ) azsdk-python-core/1.24.0 Python/3.9.5 (Windows-10-10.0.22621-SP0)
    method: GET
    uri: https://management.azure.com/subscriptions/00000000-0000-0000-0000-000000000000/providers/Microsoft.Network/locations/eastus/operations/44e8a978-0042-4eae-9ae5-37fc65fae341?api-version=2022-01-01
  response:
    body:
      string: "{\r\n  \"status\": \"Succeeded\"\r\n}"
    headers:
      cache-control:
      - no-cache
      content-length:
      - '29'
      content-type:
      - application/json; charset=utf-8
      date:
      - Fri, 06 Jan 2023 05:19:56 GMT
      expires:
      - '-1'
      pragma:
      - no-cache
      server:
      - Microsoft-HTTPAPI/2.0
      - Microsoft-HTTPAPI/2.0
      strict-transport-security:
      - max-age=31536000; includeSubDomains
      transfer-encoding:
      - chunked
      vary:
      - Accept-Encoding
      x-content-type-options:
      - nosniff
      x-ms-arm-service-request-id:
      - e683e64d-ca36-4a37-9646-18ba395c5ef4
    status:
      code: 200
      message: OK
- request:
    body: null
    headers:
      Accept:
      - '*/*'
      Accept-Encoding:
      - gzip, deflate
      CommandName:
      - network vnet subnet update
      Connection:
      - keep-alive
      ParameterSetName:
      - -n -g --vnet-name --disable-private-endpoint-network-policies
      User-Agent:
      - AZURECLI/2.43.0 (AAZ) azsdk-python-core/1.24.0 Python/3.9.5 (Windows-10-10.0.22621-SP0)
    method: GET
    uri: https://management.azure.com/subscriptions/00000000-0000-0000-0000-000000000000/resourceGroups/cli_test_network_private_endpoint_000001/providers/Microsoft.Network/virtualNetworks/vnet-000003/subnets/subnet-000004?api-version=2022-01-01
  response:
    body:
      string: "{\r\n  \"name\": \"subnet-000004\",\r\n  \"id\": \"/subscriptions/00000000-0000-0000-0000-000000000000/resourceGroups/cli_test_network_private_endpoint_000001/providers/Microsoft.Network/virtualNetworks/vnet-000003/subnets/subnet-000004\",\r\n
        \ \"etag\": \"W/\\\"def89c72-fcda-41cf-ad05-ce8a95527026\\\"\",\r\n  \"properties\":
        {\r\n    \"provisioningState\": \"Succeeded\",\r\n    \"addressPrefix\": \"10.0.0.0/24\",\r\n
        \   \"delegations\": [],\r\n    \"privateEndpointNetworkPolicies\": \"Disabled\",\r\n
        \   \"privateLinkServiceNetworkPolicies\": \"Enabled\"\r\n  },\r\n  \"type\":
        \"Microsoft.Network/virtualNetworks/subnets\"\r\n}"
    headers:
      cache-control:
      - no-cache
      content-length:
      - '570'
      content-type:
      - application/json; charset=utf-8
      date:
      - Fri, 06 Jan 2023 05:19:56 GMT
      etag:
      - W/"def89c72-fcda-41cf-ad05-ce8a95527026"
      expires:
      - '-1'
      pragma:
      - no-cache
      server:
      - Microsoft-HTTPAPI/2.0
      - Microsoft-HTTPAPI/2.0
      strict-transport-security:
      - max-age=31536000; includeSubDomains
      transfer-encoding:
      - chunked
      vary:
      - Accept-Encoding
      x-content-type-options:
      - nosniff
      x-ms-arm-service-request-id:
      - 81c99bb1-3119-48f8-b9a1-9ada0b9a57f2
    status:
      code: 200
      message: OK
- request:
    body: null
    headers:
      Accept:
      - application/json
      Accept-Encoding:
      - gzip, deflate
      CommandName:
      - storage account private-link-resource list
      Connection:
      - keep-alive
      ParameterSetName:
      - --account-name -g
      User-Agent:
      - AZURECLI/2.43.0 azsdk-python-azure-mgmt-storage/21.0.0 Python/3.9.5 (Windows-10-10.0.22621-SP0)
    method: GET
    uri: https://management.azure.com/subscriptions/00000000-0000-0000-0000-000000000000/resourceGroups/cli_test_network_private_endpoint_000001/providers/Microsoft.Storage/storageAccounts/ipconfig000002/privateLinkResources?api-version=2022-09-01
  response:
    body:
      string: '{"value":[{"id":"/subscriptions/00000000-0000-0000-0000-000000000000/resourceGroups/cli_test_network_private_endpoint_000001/providers/Microsoft.Storage/storageAccounts/ipconfig000002/privateLinkResources/blob","name":"blob","type":"Microsoft.Storage/storageAccounts/privateLinkResources","properties":{"groupId":"blob","requiredMembers":["blob"],"requiredZoneNames":["privatelink.blob.core.windows.net"]}},{"id":"/subscriptions/00000000-0000-0000-0000-000000000000/resourceGroups/cli_test_network_private_endpoint_000001/providers/Microsoft.Storage/storageAccounts/ipconfig000002/privateLinkResources/table","name":"table","type":"Microsoft.Storage/storageAccounts/privateLinkResources","properties":{"groupId":"table","requiredMembers":["table"],"requiredZoneNames":["privatelink.table.core.windows.net"]}},{"id":"/subscriptions/00000000-0000-0000-0000-000000000000/resourceGroups/cli_test_network_private_endpoint_000001/providers/Microsoft.Storage/storageAccounts/ipconfig000002/privateLinkResources/queue","name":"queue","type":"Microsoft.Storage/storageAccounts/privateLinkResources","properties":{"groupId":"queue","requiredMembers":["queue"],"requiredZoneNames":["privatelink.queue.core.windows.net"]}},{"id":"/subscriptions/00000000-0000-0000-0000-000000000000/resourceGroups/cli_test_network_private_endpoint_000001/providers/Microsoft.Storage/storageAccounts/ipconfig000002/privateLinkResources/file","name":"file","type":"Microsoft.Storage/storageAccounts/privateLinkResources","properties":{"groupId":"file","requiredMembers":["file"],"requiredZoneNames":["privatelink.file.core.windows.net"]}},{"id":"/subscriptions/00000000-0000-0000-0000-000000000000/resourceGroups/cli_test_network_private_endpoint_000001/providers/Microsoft.Storage/storageAccounts/ipconfig000002/privateLinkResources/web","name":"web","type":"Microsoft.Storage/storageAccounts/privateLinkResources","properties":{"groupId":"web","requiredMembers":["web"],"requiredZoneNames":["privatelink.web.core.windows.net"]}},{"id":"/subscriptions/00000000-0000-0000-0000-000000000000/resourceGroups/cli_test_network_private_endpoint_000001/providers/Microsoft.Storage/storageAccounts/ipconfig000002/privateLinkResources/dfs","name":"dfs","type":"Microsoft.Storage/storageAccounts/privateLinkResources","properties":{"groupId":"dfs","requiredMembers":["dfs"],"requiredZoneNames":["privatelink.dfs.core.windows.net"]}}]}'
    headers:
      cache-control:
      - no-cache
      content-length:
      - '2393'
      content-type:
      - application/json
      date:
      - Fri, 06 Jan 2023 05:19:57 GMT
      expires:
      - '-1'
      pragma:
      - no-cache
      server:
      - Microsoft-Azure-Storage-Resource-Provider/1.0,Microsoft-HTTPAPI/2.0 Microsoft-HTTPAPI/2.0
      strict-transport-security:
      - max-age=31536000; includeSubDomains
      transfer-encoding:
      - chunked
      vary:
      - Accept-Encoding
      x-content-type-options:
      - nosniff
    status:
      code: 200
      message: OK
- request:
    body: null
    headers:
      Accept:
      - application/json
      Accept-Encoding:
      - gzip, deflate
      CommandName:
      - storage account show
      Connection:
      - keep-alive
      ParameterSetName:
      - -n -g
      User-Agent:
      - AZURECLI/2.43.0 azsdk-python-azure-mgmt-storage/21.0.0 Python/3.9.5 (Windows-10-10.0.22621-SP0)
    method: GET
    uri: https://management.azure.com/subscriptions/00000000-0000-0000-0000-000000000000/resourceGroups/cli_test_network_private_endpoint_000001/providers/Microsoft.Storage/storageAccounts/ipconfig000002?api-version=2022-09-01
  response:
    body:
      string: '{"sku":{"name":"Standard_LRS","tier":"Standard"},"kind":"StorageV2","id":"/subscriptions/00000000-0000-0000-0000-000000000000/resourceGroups/cli_test_network_private_endpoint_000001/providers/Microsoft.Storage/storageAccounts/ipconfig000002","name":"ipconfig000002","type":"Microsoft.Storage/storageAccounts","location":"westus","tags":{},"properties":{"keyCreationTime":{"key1":"2023-01-06T05:18:52.0219452Z","key2":"2023-01-06T05:18:52.0219452Z"},"privateEndpointConnections":[],"minimumTlsVersion":"TLS1_0","allowBlobPublicAccess":false,"networkAcls":{"bypass":"AzureServices","virtualNetworkRules":[],"ipRules":[],"defaultAction":"Allow"},"supportsHttpsTrafficOnly":true,"encryption":{"services":{"file":{"keyType":"Account","enabled":true,"lastEnabledTime":"2023-01-06T05:18:52.6625792Z"},"blob":{"keyType":"Account","enabled":true,"lastEnabledTime":"2023-01-06T05:18:52.6625792Z"}},"keySource":"Microsoft.Storage"},"accessTier":"Hot","provisioningState":"Succeeded","creationTime":"2023-01-06T05:18:51.9125455Z","primaryEndpoints":{"dfs":"https://ipconfig000002.dfs.core.windows.net/","web":"https://ipconfig000002.z22.web.core.windows.net/","blob":"https://ipconfig000002.blob.core.windows.net/","queue":"https://ipconfig000002.queue.core.windows.net/","table":"https://ipconfig000002.table.core.windows.net/","file":"https://ipconfig000002.file.core.windows.net/"},"primaryLocation":"westus","statusOfPrimary":"available"}}'
    headers:
      cache-control:
      - no-cache
      content-length:
      - '1431'
      content-type:
      - application/json
      date:
      - Fri, 06 Jan 2023 05:19:59 GMT
      expires:
      - '-1'
      pragma:
      - no-cache
      server:
      - Microsoft-Azure-Storage-Resource-Provider/1.0,Microsoft-HTTPAPI/2.0 Microsoft-HTTPAPI/2.0
      strict-transport-security:
      - max-age=31536000; includeSubDomains
      transfer-encoding:
      - chunked
      vary:
      - Accept-Encoding
      x-content-type-options:
      - nosniff
    status:
      code: 200
      message: OK
- request:
    body: null
    headers:
      Accept:
      - application/json
      Accept-Encoding:
      - gzip, deflate
      CommandName:
      - network private-endpoint create
      Connection:
      - keep-alive
      ParameterSetName:
      - -n -g --vnet-name --subnet --connection-name --group-id --private-connection-resource-id
        --ip-config --ip-config
      User-Agent:
      - AZURECLI/2.43.0 azsdk-python-azure-mgmt-resource/21.1.0b1 Python/3.9.5 (Windows-10-10.0.22621-SP0)
    method: GET
    uri: https://management.azure.com/subscriptions/00000000-0000-0000-0000-000000000000/resourcegroups/cli_test_network_private_endpoint_000001?api-version=2021-04-01
  response:
    body:
      string: '{"id":"/subscriptions/00000000-0000-0000-0000-000000000000/resourceGroups/cli_test_network_private_endpoint_000001","name":"cli_test_network_private_endpoint_000001","type":"Microsoft.Resources/resourceGroups","location":"eastus","tags":{"product":"azurecli","cause":"automation","date":"2023-01-06T05:18:40Z"},"properties":{"provisioningState":"Succeeded"}}'
    headers:
      cache-control:
      - no-cache
      content-length:
      - '358'
      content-type:
      - application/json; charset=utf-8
      date:
      - Fri, 06 Jan 2023 05:20:00 GMT
      expires:
      - '-1'
      pragma:
      - no-cache
      strict-transport-security:
      - max-age=31536000; includeSubDomains
      vary:
      - Accept-Encoding
      x-content-type-options:
      - nosniff
    status:
      code: 200
      message: OK
- request:
    body: '{"location": "eastus", "properties": {"subnet": {"id": "/subscriptions/00000000-0000-0000-0000-000000000000/resourceGroups/cli_test_network_private_endpoint_000001/providers/Microsoft.Network/virtualNetworks/vnet-000003/subnets/subnet-000004",
      "properties": {"privateEndpointNetworkPolicies": "Disabled", "privateLinkServiceNetworkPolicies":
      "Enabled"}}, "privateLinkServiceConnections": [{"name": "connection-000006",
      "properties": {"privateLinkServiceId": "/subscriptions/00000000-0000-0000-0000-000000000000/resourceGroups/cli_test_network_private_endpoint_000001/providers/Microsoft.Storage/storageAccounts/ipconfig000002",
      "groupIds": ["blob"]}}], "ipConfigurations": [{"name": "ipconfig1", "properties":
      {"groupId": "blob", "memberName": "blob", "privateIPAddress": "10.0.0.4"}},
      {"name": "ipconfig2", "properties": {"privateIPAddress": "10.0.0.6"}}]}}'
    headers:
      Accept:
      - application/json
      Accept-Encoding:
      - gzip, deflate
      CommandName:
      - network private-endpoint create
      Connection:
      - keep-alive
      Content-Length:
      - '858'
      Content-Type:
      - application/json
      ParameterSetName:
      - -n -g --vnet-name --subnet --connection-name --group-id --private-connection-resource-id
        --ip-config --ip-config
      User-Agent:
      - AZURECLI/2.43.0 azsdk-python-azure-mgmt-network/21.0.1 Python/3.9.5 (Windows-10-10.0.22621-SP0)
    method: PUT
    uri: https://management.azure.com/subscriptions/00000000-0000-0000-0000-000000000000/resourceGroups/cli_test_network_private_endpoint_000001/providers/Microsoft.Network/privateEndpoints/pe-000005?api-version=2022-01-01
  response:
    body:
      string: "{\r\n  \"name\": \"pe-000005\",\r\n  \"id\": \"/subscriptions/00000000-0000-0000-0000-000000000000/resourceGroups/cli_test_network_private_endpoint_000001/providers/Microsoft.Network/privateEndpoints/pe-000005\",\r\n
        \ \"etag\": \"W/\\\"9c802267-39a4-4602-a493-32d2f55bccb4\\\"\",\r\n  \"type\":
        \"Microsoft.Network/privateEndpoints\",\r\n  \"location\": \"eastus\",\r\n
        \ \"properties\": {\r\n    \"provisioningState\": \"Updating\",\r\n    \"resourceGuid\":
        \"fb45bc86-38ed-4f87-b632-9473dc5e5f03\",\r\n    \"privateLinkServiceConnections\":
        [\r\n      {\r\n        \"name\": \"connection-000006\",\r\n        \"id\":
        \"/subscriptions/00000000-0000-0000-0000-000000000000/resourceGroups/cli_test_network_private_endpoint_000001/providers/Microsoft.Network/privateEndpoints/pe-000005/privateLinkServiceConnections/connection-000006\",\r\n
        \       \"etag\": \"W/\\\"9c802267-39a4-4602-a493-32d2f55bccb4\\\"\",\r\n
        \       \"properties\": {\r\n          \"provisioningState\": \"Succeeded\",\r\n
        \         \"privateLinkServiceId\": \"/subscriptions/00000000-0000-0000-0000-000000000000/resourceGroups/cli_test_network_private_endpoint_000001/providers/Microsoft.Storage/storageAccounts/ipconfig000002\",\r\n
        \         \"groupIds\": [\r\n            \"blob\"\r\n          ],\r\n          \"privateLinkServiceConnectionState\":
        {\r\n            \"status\": \"Approved\",\r\n            \"description\":
        \"Auto Approved\",\r\n            \"actionsRequired\": \"None\"\r\n          }\r\n
        \       },\r\n        \"type\": \"Microsoft.Network/privateEndpoints/privateLinkServiceConnections\"\r\n
        \     }\r\n    ],\r\n    \"manualPrivateLinkServiceConnections\": [],\r\n
        \   \"customNetworkInterfaceName\": \"\",\r\n    \"subnet\": {\r\n      \"id\":
        \"/subscriptions/00000000-0000-0000-0000-000000000000/resourceGroups/cli_test_network_private_endpoint_000001/providers/Microsoft.Network/virtualNetworks/vnet-000003/subnets/subnet-000004\"\r\n
        \   },\r\n    \"ipConfigurations\": [\r\n      {\r\n        \"name\": \"ipconfig1\",\r\n
        \       \"id\": \"/subscriptions/00000000-0000-0000-0000-000000000000/resourceGroups/cli_test_network_private_endpoint_000001/providers/Microsoft.Network/privateEndpoints/pe-000005/ipConfigurations/ipconfig1\",\r\n
        \       \"etag\": \"W/\\\"9c802267-39a4-4602-a493-32d2f55bccb4\\\"\",\r\n
        \       \"type\": \"Microsoft.Network/privateEndpoints/ipConfigurations\",\r\n
        \       \"properties\": {\r\n          \"provisioningState\": \"Succeeded\",\r\n
        \         \"memberName\": \"blob\",\r\n          \"groupId\": \"blob\",\r\n
        \         \"privateIPAddress\": \"10.0.0.4\"\r\n        }\r\n      },\r\n
        \     {\r\n        \"name\": \"ipconfig2\",\r\n        \"id\": \"/subscriptions/00000000-0000-0000-0000-000000000000/resourceGroups/cli_test_network_private_endpoint_000001/providers/Microsoft.Network/privateEndpoints/pe-000005/ipConfigurations/ipconfig2\",\r\n
        \       \"etag\": \"W/\\\"9c802267-39a4-4602-a493-32d2f55bccb4\\\"\",\r\n
        \       \"type\": \"Microsoft.Network/privateEndpoints/ipConfigurations\",\r\n
        \       \"properties\": {\r\n          \"provisioningState\": \"Succeeded\",\r\n
        \         \"privateIPAddress\": \"10.0.0.6\"\r\n        }\r\n      }\r\n    ],\r\n
        \   \"networkInterfaces\": [\r\n      {\r\n        \"id\": \"/subscriptions/00000000-0000-0000-0000-000000000000/resourceGroups/cli_test_network_private_endpoint_000001/providers/Microsoft.Network/networkInterfaces/pe-000005.nic.aa6fbe18-927d-4034-8d6a-edc6811deb49\"\r\n
        \     }\r\n    ],\r\n    \"customDnsConfigs\": []\r\n  }\r\n}"
    headers:
      azure-asyncnotification:
      - Enabled
      azure-asyncoperation:
      - https://management.azure.com/subscriptions/00000000-0000-0000-0000-000000000000/providers/Microsoft.Network/locations/eastus/operations/2fb224a3-d53a-40b6-a539-e03ced0e44be?api-version=2022-01-01
      cache-control:
      - no-cache
      content-length:
      - '3209'
      content-type:
      - application/json; charset=utf-8
      date:
      - Fri, 06 Jan 2023 05:20:05 GMT
      expires:
      - '-1'
      pragma:
      - no-cache
      server:
      - Microsoft-HTTPAPI/2.0
      - Microsoft-HTTPAPI/2.0
      strict-transport-security:
      - max-age=31536000; includeSubDomains
      x-content-type-options:
      - nosniff
      x-ms-arm-service-request-id:
      - 517c576a-0c10-4c45-8325-f175f9ab8e45
      x-ms-ratelimit-remaining-subscription-writes:
      - '1199'
    status:
      code: 201
      message: Created
- request:
    body: null
    headers:
      Accept:
      - '*/*'
      Accept-Encoding:
      - gzip, deflate
      CommandName:
      - network private-endpoint create
      Connection:
      - keep-alive
      ParameterSetName:
      - -n -g --vnet-name --subnet --connection-name --group-id --private-connection-resource-id
        --ip-config --ip-config
      User-Agent:
      - AZURECLI/2.43.0 azsdk-python-azure-mgmt-network/21.0.1 Python/3.9.5 (Windows-10-10.0.22621-SP0)
    method: GET
    uri: https://management.azure.com/subscriptions/00000000-0000-0000-0000-000000000000/providers/Microsoft.Network/locations/eastus/operations/2fb224a3-d53a-40b6-a539-e03ced0e44be?api-version=2022-01-01
  response:
    body:
      string: "{\r\n  \"status\": \"InProgress\"\r\n}"
    headers:
      cache-control:
      - no-cache
      content-length:
      - '30'
      content-type:
      - application/json; charset=utf-8
      date:
      - Fri, 06 Jan 2023 05:20:15 GMT
      expires:
      - '-1'
      pragma:
      - no-cache
      server:
      - Microsoft-HTTPAPI/2.0
      - Microsoft-HTTPAPI/2.0
      strict-transport-security:
      - max-age=31536000; includeSubDomains
      transfer-encoding:
      - chunked
      vary:
      - Accept-Encoding
      x-content-type-options:
      - nosniff
      x-ms-arm-service-request-id:
      - 0602e61f-8f67-45cd-9209-824c4f6dae66
    status:
      code: 200
      message: OK
- request:
    body: null
    headers:
      Accept:
      - '*/*'
      Accept-Encoding:
      - gzip, deflate
      CommandName:
      - network private-endpoint create
      Connection:
      - keep-alive
      ParameterSetName:
      - -n -g --vnet-name --subnet --connection-name --group-id --private-connection-resource-id
        --ip-config --ip-config
      User-Agent:
      - AZURECLI/2.43.0 azsdk-python-azure-mgmt-network/21.0.1 Python/3.9.5 (Windows-10-10.0.22621-SP0)
    method: GET
    uri: https://management.azure.com/subscriptions/00000000-0000-0000-0000-000000000000/providers/Microsoft.Network/locations/eastus/operations/2fb224a3-d53a-40b6-a539-e03ced0e44be?api-version=2022-01-01
  response:
    body:
      string: "{\r\n  \"status\": \"InProgress\"\r\n}"
    headers:
      cache-control:
      - no-cache
      content-length:
      - '30'
      content-type:
      - application/json; charset=utf-8
      date:
      - Fri, 06 Jan 2023 05:20:25 GMT
      expires:
      - '-1'
      pragma:
      - no-cache
      server:
      - Microsoft-HTTPAPI/2.0
      - Microsoft-HTTPAPI/2.0
      strict-transport-security:
      - max-age=31536000; includeSubDomains
      transfer-encoding:
      - chunked
      vary:
      - Accept-Encoding
      x-content-type-options:
      - nosniff
      x-ms-arm-service-request-id:
      - eeffd0fb-dd84-4585-ab31-a633f33fe3c2
    status:
      code: 200
      message: OK
- request:
    body: null
    headers:
      Accept:
      - '*/*'
      Accept-Encoding:
      - gzip, deflate
      CommandName:
      - network private-endpoint create
      Connection:
      - keep-alive
      ParameterSetName:
      - -n -g --vnet-name --subnet --connection-name --group-id --private-connection-resource-id
        --ip-config --ip-config
      User-Agent:
      - AZURECLI/2.43.0 azsdk-python-azure-mgmt-network/21.0.1 Python/3.9.5 (Windows-10-10.0.22621-SP0)
    method: GET
    uri: https://management.azure.com/subscriptions/00000000-0000-0000-0000-000000000000/providers/Microsoft.Network/locations/eastus/operations/2fb224a3-d53a-40b6-a539-e03ced0e44be?api-version=2022-01-01
  response:
    body:
      string: "{\r\n  \"status\": \"Succeeded\"\r\n}"
    headers:
      cache-control:
      - no-cache
      content-length:
      - '29'
      content-type:
      - application/json; charset=utf-8
      date:
      - Fri, 06 Jan 2023 05:20:47 GMT
      expires:
      - '-1'
      pragma:
      - no-cache
      server:
      - Microsoft-HTTPAPI/2.0
      - Microsoft-HTTPAPI/2.0
      strict-transport-security:
      - max-age=31536000; includeSubDomains
      transfer-encoding:
      - chunked
      vary:
      - Accept-Encoding
      x-content-type-options:
      - nosniff
      x-ms-arm-service-request-id:
      - 094983f6-f76b-4c1e-afc1-f53bb48ef147
    status:
      code: 200
      message: OK
- request:
    body: null
    headers:
      Accept:
      - '*/*'
      Accept-Encoding:
      - gzip, deflate
      CommandName:
      - network private-endpoint create
      Connection:
      - keep-alive
      ParameterSetName:
      - -n -g --vnet-name --subnet --connection-name --group-id --private-connection-resource-id
        --ip-config --ip-config
      User-Agent:
      - AZURECLI/2.43.0 azsdk-python-azure-mgmt-network/21.0.1 Python/3.9.5 (Windows-10-10.0.22621-SP0)
    method: GET
    uri: https://management.azure.com/subscriptions/00000000-0000-0000-0000-000000000000/resourceGroups/cli_test_network_private_endpoint_000001/providers/Microsoft.Network/privateEndpoints/pe-000005?api-version=2022-01-01
  response:
    body:
      string: "{\r\n  \"name\": \"pe-000005\",\r\n  \"id\": \"/subscriptions/00000000-0000-0000-0000-000000000000/resourceGroups/cli_test_network_private_endpoint_000001/providers/Microsoft.Network/privateEndpoints/pe-000005\",\r\n
        \ \"etag\": \"W/\\\"0c077a25-9aae-40da-b44a-f44f4d4b75de\\\"\",\r\n  \"type\":
        \"Microsoft.Network/privateEndpoints\",\r\n  \"location\": \"eastus\",\r\n
        \ \"properties\": {\r\n    \"provisioningState\": \"Succeeded\",\r\n    \"resourceGuid\":
        \"fb45bc86-38ed-4f87-b632-9473dc5e5f03\",\r\n    \"privateLinkServiceConnections\":
        [\r\n      {\r\n        \"name\": \"connection-000006\",\r\n        \"id\":
        \"/subscriptions/00000000-0000-0000-0000-000000000000/resourceGroups/cli_test_network_private_endpoint_000001/providers/Microsoft.Network/privateEndpoints/pe-000005/privateLinkServiceConnections/connection-000006\",\r\n
        \       \"etag\": \"W/\\\"0c077a25-9aae-40da-b44a-f44f4d4b75de\\\"\",\r\n
        \       \"properties\": {\r\n          \"provisioningState\": \"Succeeded\",\r\n
        \         \"privateLinkServiceId\": \"/subscriptions/00000000-0000-0000-0000-000000000000/resourceGroups/cli_test_network_private_endpoint_000001/providers/Microsoft.Storage/storageAccounts/ipconfig000002\",\r\n
        \         \"groupIds\": [\r\n            \"blob\"\r\n          ],\r\n          \"privateLinkServiceConnectionState\":
        {\r\n            \"status\": \"Approved\",\r\n            \"description\":
        \"Auto-Approved\",\r\n            \"actionsRequired\": \"None\"\r\n          }\r\n
        \       },\r\n        \"type\": \"Microsoft.Network/privateEndpoints/privateLinkServiceConnections\"\r\n
        \     }\r\n    ],\r\n    \"manualPrivateLinkServiceConnections\": [],\r\n
        \   \"customNetworkInterfaceName\": \"\",\r\n    \"subnet\": {\r\n      \"id\":
        \"/subscriptions/00000000-0000-0000-0000-000000000000/resourceGroups/cli_test_network_private_endpoint_000001/providers/Microsoft.Network/virtualNetworks/vnet-000003/subnets/subnet-000004\"\r\n
        \   },\r\n    \"ipConfigurations\": [\r\n      {\r\n        \"name\": \"ipconfig1\",\r\n
        \       \"id\": \"/subscriptions/00000000-0000-0000-0000-000000000000/resourceGroups/cli_test_network_private_endpoint_000001/providers/Microsoft.Network/privateEndpoints/pe-000005/ipConfigurations/ipconfig1\",\r\n
        \       \"etag\": \"W/\\\"0c077a25-9aae-40da-b44a-f44f4d4b75de\\\"\",\r\n
        \       \"type\": \"Microsoft.Network/privateEndpoints/ipConfigurations\",\r\n
        \       \"properties\": {\r\n          \"provisioningState\": \"Succeeded\",\r\n
        \         \"memberName\": \"blob\",\r\n          \"groupId\": \"blob\",\r\n
        \         \"privateIPAddress\": \"10.0.0.4\"\r\n        }\r\n      },\r\n
        \     {\r\n        \"name\": \"ipconfig2\",\r\n        \"id\": \"/subscriptions/00000000-0000-0000-0000-000000000000/resourceGroups/cli_test_network_private_endpoint_000001/providers/Microsoft.Network/privateEndpoints/pe-000005/ipConfigurations/ipconfig2\",\r\n
        \       \"etag\": \"W/\\\"0c077a25-9aae-40da-b44a-f44f4d4b75de\\\"\",\r\n
        \       \"type\": \"Microsoft.Network/privateEndpoints/ipConfigurations\",\r\n
        \       \"properties\": {\r\n          \"provisioningState\": \"Succeeded\",\r\n
        \         \"privateIPAddress\": \"10.0.0.6\"\r\n        }\r\n      }\r\n    ],\r\n
        \   \"networkInterfaces\": [\r\n      {\r\n        \"id\": \"/subscriptions/00000000-0000-0000-0000-000000000000/resourceGroups/cli_test_network_private_endpoint_000001/providers/Microsoft.Network/networkInterfaces/pe-000005.nic.aa6fbe18-927d-4034-8d6a-edc6811deb49\"\r\n
        \     }\r\n    ],\r\n    \"customDnsConfigs\": [\r\n      {\r\n        \"fqdn\":
        \"ipconfig000002.blob.core.windows.net\",\r\n        \"ipAddresses\": [\r\n
        \         \"10.0.0.4\"\r\n        ]\r\n      }\r\n    ]\r\n  }\r\n}"
    headers:
      cache-control:
      - no-cache
      content-length:
      - '3350'
      content-type:
      - application/json; charset=utf-8
      date:
      - Fri, 06 Jan 2023 05:20:48 GMT
      etag:
      - W/"0c077a25-9aae-40da-b44a-f44f4d4b75de"
      expires:
      - '-1'
      pragma:
      - no-cache
      server:
      - Microsoft-HTTPAPI/2.0
      - Microsoft-HTTPAPI/2.0
      strict-transport-security:
      - max-age=31536000; includeSubDomains
      transfer-encoding:
      - chunked
      vary:
      - Accept-Encoding
      x-content-type-options:
      - nosniff
      x-ms-arm-service-request-id:
      - 83d313c8-5126-45a3-a3d7-a9e3aab79148
    status:
      code: 200
      message: OK
- request:
    body: null
    headers:
      Accept:
      - application/json
      Accept-Encoding:
      - gzip, deflate
      CommandName:
      - network private-endpoint ip-config remove
      Connection:
      - keep-alive
      ParameterSetName:
      - -n -g --endpoint-name
      User-Agent:
      - AZURECLI/2.43.0 (AAZ) azsdk-python-core/1.24.0 Python/3.9.5 (Windows-10-10.0.22621-SP0)
    method: GET
    uri: https://management.azure.com/subscriptions/00000000-0000-0000-0000-000000000000/resourceGroups/cli_test_network_private_endpoint_000001/providers/Microsoft.Network/privateEndpoints/pe-000005?api-version=2022-01-01
  response:
    body:
      string: "{\r\n  \"name\": \"pe-000005\",\r\n  \"id\": \"/subscriptions/00000000-0000-0000-0000-000000000000/resourceGroups/cli_test_network_private_endpoint_000001/providers/Microsoft.Network/privateEndpoints/pe-000005\",\r\n
        \ \"etag\": \"W/\\\"0c077a25-9aae-40da-b44a-f44f4d4b75de\\\"\",\r\n  \"type\":
        \"Microsoft.Network/privateEndpoints\",\r\n  \"location\": \"eastus\",\r\n
        \ \"properties\": {\r\n    \"provisioningState\": \"Succeeded\",\r\n    \"resourceGuid\":
        \"fb45bc86-38ed-4f87-b632-9473dc5e5f03\",\r\n    \"privateLinkServiceConnections\":
        [\r\n      {\r\n        \"name\": \"connection-000006\",\r\n        \"id\":
        \"/subscriptions/00000000-0000-0000-0000-000000000000/resourceGroups/cli_test_network_private_endpoint_000001/providers/Microsoft.Network/privateEndpoints/pe-000005/privateLinkServiceConnections/connection-000006\",\r\n
        \       \"etag\": \"W/\\\"0c077a25-9aae-40da-b44a-f44f4d4b75de\\\"\",\r\n
        \       \"properties\": {\r\n          \"provisioningState\": \"Succeeded\",\r\n
        \         \"privateLinkServiceId\": \"/subscriptions/00000000-0000-0000-0000-000000000000/resourceGroups/cli_test_network_private_endpoint_000001/providers/Microsoft.Storage/storageAccounts/ipconfig000002\",\r\n
        \         \"groupIds\": [\r\n            \"blob\"\r\n          ],\r\n          \"privateLinkServiceConnectionState\":
        {\r\n            \"status\": \"Approved\",\r\n            \"description\":
        \"Auto-Approved\",\r\n            \"actionsRequired\": \"None\"\r\n          }\r\n
        \       },\r\n        \"type\": \"Microsoft.Network/privateEndpoints/privateLinkServiceConnections\"\r\n
        \     }\r\n    ],\r\n    \"manualPrivateLinkServiceConnections\": [],\r\n
        \   \"customNetworkInterfaceName\": \"\",\r\n    \"subnet\": {\r\n      \"id\":
        \"/subscriptions/00000000-0000-0000-0000-000000000000/resourceGroups/cli_test_network_private_endpoint_000001/providers/Microsoft.Network/virtualNetworks/vnet-000003/subnets/subnet-000004\"\r\n
        \   },\r\n    \"ipConfigurations\": [\r\n      {\r\n        \"name\": \"ipconfig1\",\r\n
        \       \"id\": \"/subscriptions/00000000-0000-0000-0000-000000000000/resourceGroups/cli_test_network_private_endpoint_000001/providers/Microsoft.Network/privateEndpoints/pe-000005/ipConfigurations/ipconfig1\",\r\n
        \       \"etag\": \"W/\\\"0c077a25-9aae-40da-b44a-f44f4d4b75de\\\"\",\r\n
        \       \"type\": \"Microsoft.Network/privateEndpoints/ipConfigurations\",\r\n
        \       \"properties\": {\r\n          \"provisioningState\": \"Succeeded\",\r\n
        \         \"memberName\": \"blob\",\r\n          \"groupId\": \"blob\",\r\n
        \         \"privateIPAddress\": \"10.0.0.4\"\r\n        }\r\n      },\r\n
        \     {\r\n        \"name\": \"ipconfig2\",\r\n        \"id\": \"/subscriptions/00000000-0000-0000-0000-000000000000/resourceGroups/cli_test_network_private_endpoint_000001/providers/Microsoft.Network/privateEndpoints/pe-000005/ipConfigurations/ipconfig2\",\r\n
        \       \"etag\": \"W/\\\"0c077a25-9aae-40da-b44a-f44f4d4b75de\\\"\",\r\n
        \       \"type\": \"Microsoft.Network/privateEndpoints/ipConfigurations\",\r\n
        \       \"properties\": {\r\n          \"provisioningState\": \"Succeeded\",\r\n
        \         \"privateIPAddress\": \"10.0.0.6\"\r\n        }\r\n      }\r\n    ],\r\n
        \   \"networkInterfaces\": [\r\n      {\r\n        \"id\": \"/subscriptions/00000000-0000-0000-0000-000000000000/resourceGroups/cli_test_network_private_endpoint_000001/providers/Microsoft.Network/networkInterfaces/pe-000005.nic.aa6fbe18-927d-4034-8d6a-edc6811deb49\"\r\n
        \     }\r\n    ],\r\n    \"customDnsConfigs\": [\r\n      {\r\n        \"fqdn\":
        \"ipconfig000002.blob.core.windows.net\",\r\n        \"ipAddresses\": [\r\n
        \         \"10.0.0.4\"\r\n        ]\r\n      }\r\n    ]\r\n  }\r\n}"
    headers:
      cache-control:
      - no-cache
      content-length:
      - '3350'
      content-type:
      - application/json; charset=utf-8
      date:
      - Fri, 06 Jan 2023 05:20:50 GMT
      etag:
      - W/"0c077a25-9aae-40da-b44a-f44f4d4b75de"
      expires:
      - '-1'
      pragma:
      - no-cache
      server:
      - Microsoft-HTTPAPI/2.0
      - Microsoft-HTTPAPI/2.0
      strict-transport-security:
      - max-age=31536000; includeSubDomains
      transfer-encoding:
      - chunked
      vary:
      - Accept-Encoding
      x-content-type-options:
      - nosniff
      x-ms-arm-service-request-id:
      - 345f9288-a000-4f7b-ae35-42114001464b
    status:
      code: 200
      message: OK
- request:
    body: '{"id": "/subscriptions/00000000-0000-0000-0000-000000000000/resourceGroups/cli_test_network_private_endpoint_000001/providers/Microsoft.Network/privateEndpoints/pe-000005",
      "location": "eastus", "properties": {"customDnsConfigs": [{"fqdn": "ipconfig000002.blob.core.windows.net",
      "ipAddresses": ["10.0.0.4"]}], "customNetworkInterfaceName": "", "ipConfigurations":
      [{"name": "ipconfig1", "properties": {"groupId": "blob", "memberName": "blob",
      "privateIPAddress": "10.0.0.4"}}], "manualPrivateLinkServiceConnections": [],
      "privateLinkServiceConnections": [{"id": "/subscriptions/00000000-0000-0000-0000-000000000000/resourceGroups/cli_test_network_private_endpoint_000001/providers/Microsoft.Network/privateEndpoints/pe-000005/privateLinkServiceConnections/connection-000006",
      "name": "connection-000006", "properties": {"groupIds": ["blob"], "privateLinkServiceConnectionState":
      {"actionsRequired": "None", "description": "Auto-Approved", "status": "Approved"},
      "privateLinkServiceId": "/subscriptions/00000000-0000-0000-0000-000000000000/resourceGroups/cli_test_network_private_endpoint_000001/providers/Microsoft.Storage/storageAccounts/ipconfig000002"}}],
      "subnet": {"id": "/subscriptions/00000000-0000-0000-0000-000000000000/resourceGroups/cli_test_network_private_endpoint_000001/providers/Microsoft.Network/virtualNetworks/vnet-000003/subnets/subnet-000004"}}}'
    headers:
      Accept:
      - application/json
      Accept-Encoding:
      - gzip, deflate
      CommandName:
      - network private-endpoint ip-config remove
      Connection:
      - keep-alive
      Content-Length:
      - '1367'
      Content-Type:
      - application/json
      ParameterSetName:
      - -n -g --endpoint-name
      User-Agent:
      - AZURECLI/2.43.0 (AAZ) azsdk-python-core/1.24.0 Python/3.9.5 (Windows-10-10.0.22621-SP0)
    method: PUT
    uri: https://management.azure.com/subscriptions/00000000-0000-0000-0000-000000000000/resourceGroups/cli_test_network_private_endpoint_000001/providers/Microsoft.Network/privateEndpoints/pe-000005?api-version=2022-01-01
  response:
    body:
      string: "{\r\n  \"error\": {\r\n    \"code\": \"RetryableError\",\r\n    \"message\":
        \"A retryable error occurred.\",\r\n    \"details\": [\r\n      {\r\n        \"code\":
        \"RetryableErrorDueToAnotherOperation\",\r\n        \"message\": \"Operation
        PutPrivateEndpointOperation (7fd4c03e-fa1e-412a-820e-d04a7eda853e) is updating
        resource /subscriptions/00000000-0000-0000-0000-000000000000/resourceGroups/cli_test_network_private_endpoint_000001/providers/Microsoft.Network/privateEndpoints/pe-000005.
        The call can be retried in 13 seconds.\"\r\n      }\r\n    ]\r\n  }\r\n}"
    headers:
      cache-control:
      - no-cache
      connection:
      - close
      content-length:
      - '523'
      content-type:
      - application/json; charset=utf-8
      date:
      - Fri, 06 Jan 2023 05:20:52 GMT
      expires:
      - '-1'
      pragma:
      - no-cache
      server:
      - Microsoft-HTTPAPI/2.0
      - Microsoft-HTTPAPI/2.0
      strict-transport-security:
      - max-age=31536000; includeSubDomains
      x-content-type-options:
      - nosniff
      x-ms-arm-service-request-id:
      - 4fd8164c-b992-459a-b7f2-cbfac6d9a112
      x-ms-ratelimit-remaining-subscription-writes:
      - '1199'
    status:
      code: 429
      message: ''
- request:
    body: '{"id": "/subscriptions/00000000-0000-0000-0000-000000000000/resourceGroups/cli_test_network_private_endpoint_000001/providers/Microsoft.Network/privateEndpoints/pe-000005",
      "location": "eastus", "properties": {"customDnsConfigs": [{"fqdn": "ipconfig000002.blob.core.windows.net",
      "ipAddresses": ["10.0.0.4"]}], "customNetworkInterfaceName": "", "ipConfigurations":
      [{"name": "ipconfig1", "properties": {"groupId": "blob", "memberName": "blob",
      "privateIPAddress": "10.0.0.4"}}], "manualPrivateLinkServiceConnections": [],
      "privateLinkServiceConnections": [{"id": "/subscriptions/00000000-0000-0000-0000-000000000000/resourceGroups/cli_test_network_private_endpoint_000001/providers/Microsoft.Network/privateEndpoints/pe-000005/privateLinkServiceConnections/connection-000006",
      "name": "connection-000006", "properties": {"groupIds": ["blob"], "privateLinkServiceConnectionState":
      {"actionsRequired": "None", "description": "Auto-Approved", "status": "Approved"},
      "privateLinkServiceId": "/subscriptions/00000000-0000-0000-0000-000000000000/resourceGroups/cli_test_network_private_endpoint_000001/providers/Microsoft.Storage/storageAccounts/ipconfig000002"}}],
      "subnet": {"id": "/subscriptions/00000000-0000-0000-0000-000000000000/resourceGroups/cli_test_network_private_endpoint_000001/providers/Microsoft.Network/virtualNetworks/vnet-000003/subnets/subnet-000004"}}}'
    headers:
      Accept:
      - application/json
      Accept-Encoding:
      - gzip, deflate
      CommandName:
      - network private-endpoint ip-config remove
      Connection:
      - keep-alive
      Content-Length:
      - '1367'
      Content-Type:
      - application/json
      ParameterSetName:
      - -n -g --endpoint-name
      User-Agent:
      - AZURECLI/2.43.0 (AAZ) azsdk-python-core/1.24.0 Python/3.9.5 (Windows-10-10.0.22621-SP0)
    method: PUT
    uri: https://management.azure.com/subscriptions/00000000-0000-0000-0000-000000000000/resourceGroups/cli_test_network_private_endpoint_000001/providers/Microsoft.Network/privateEndpoints/pe-000005?api-version=2022-01-01
  response:
    body:
      string: "{\r\n  \"name\": \"pe-000005\",\r\n  \"id\": \"/subscriptions/00000000-0000-0000-0000-000000000000/resourceGroups/cli_test_network_private_endpoint_000001/providers/Microsoft.Network/privateEndpoints/pe-000005\",\r\n
        \ \"etag\": \"W/\\\"272d3110-bb87-4f15-bd1e-3669ac19eb7b\\\"\",\r\n  \"type\":
        \"Microsoft.Network/privateEndpoints\",\r\n  \"location\": \"eastus\",\r\n
        \ \"properties\": {\r\n    \"provisioningState\": \"Updating\",\r\n    \"resourceGuid\":
        \"fb45bc86-38ed-4f87-b632-9473dc5e5f03\",\r\n    \"privateLinkServiceConnections\":
        [\r\n      {\r\n        \"name\": \"connection-000006\",\r\n        \"id\":
        \"/subscriptions/00000000-0000-0000-0000-000000000000/resourceGroups/cli_test_network_private_endpoint_000001/providers/Microsoft.Network/privateEndpoints/pe-000005/privateLinkServiceConnections/connection-000006\",\r\n
        \       \"etag\": \"W/\\\"272d3110-bb87-4f15-bd1e-3669ac19eb7b\\\"\",\r\n
        \       \"properties\": {\r\n          \"provisioningState\": \"Succeeded\",\r\n
        \         \"privateLinkServiceId\": \"/subscriptions/00000000-0000-0000-0000-000000000000/resourceGroups/cli_test_network_private_endpoint_000001/providers/Microsoft.Storage/storageAccounts/ipconfig000002\",\r\n
        \         \"groupIds\": [\r\n            \"blob\"\r\n          ],\r\n          \"privateLinkServiceConnectionState\":
        {\r\n            \"status\": \"Approved\",\r\n            \"description\":
        \"Auto Approved\",\r\n            \"actionsRequired\": \"None\"\r\n          }\r\n
        \       },\r\n        \"type\": \"Microsoft.Network/privateEndpoints/privateLinkServiceConnections\"\r\n
        \     }\r\n    ],\r\n    \"manualPrivateLinkServiceConnections\": [],\r\n
        \   \"customNetworkInterfaceName\": \"\",\r\n    \"subnet\": {\r\n      \"id\":
        \"/subscriptions/00000000-0000-0000-0000-000000000000/resourceGroups/cli_test_network_private_endpoint_000001/providers/Microsoft.Network/virtualNetworks/vnet-000003/subnets/subnet-000004\"\r\n
        \   },\r\n    \"ipConfigurations\": [\r\n      {\r\n        \"name\": \"ipconfig1\",\r\n
        \       \"id\": \"/subscriptions/00000000-0000-0000-0000-000000000000/resourceGroups/cli_test_network_private_endpoint_000001/providers/Microsoft.Network/privateEndpoints/pe-000005/ipConfigurations/ipconfig1\",\r\n
        \       \"etag\": \"W/\\\"272d3110-bb87-4f15-bd1e-3669ac19eb7b\\\"\",\r\n
        \       \"type\": \"Microsoft.Network/privateEndpoints/ipConfigurations\",\r\n
        \       \"properties\": {\r\n          \"provisioningState\": \"Succeeded\",\r\n
        \         \"memberName\": \"blob\",\r\n          \"groupId\": \"blob\",\r\n
        \         \"privateIPAddress\": \"10.0.0.4\"\r\n        }\r\n      }\r\n    ],\r\n
        \   \"networkInterfaces\": [\r\n      {\r\n        \"id\": \"/subscriptions/00000000-0000-0000-0000-000000000000/resourceGroups/cli_test_network_private_endpoint_000001/providers/Microsoft.Network/networkInterfaces/pe-000005.nic.aa6fbe18-927d-4034-8d6a-edc6811deb49\"\r\n
        \     }\r\n    ],\r\n    \"customDnsConfigs\": [\r\n      {\r\n        \"fqdn\":
        \"ipconfig000002.blob.core.windows.net\",\r\n        \"ipAddresses\": [\r\n
        \         \"10.0.0.4\"\r\n        ]\r\n      }\r\n    ]\r\n  }\r\n}"
    headers:
      azure-asyncnotification:
      - Enabled
      azure-asyncoperation:
      - https://management.azure.com/subscriptions/00000000-0000-0000-0000-000000000000/providers/Microsoft.Network/locations/eastus/operations/7fd4c03e-fa1e-412a-820e-d04a7eda853e?api-version=2022-01-01
      cache-control:
      - no-cache
      content-length:
      - '2834'
      content-type:
      - application/json; charset=utf-8
      date:
      - Fri, 06 Jan 2023 05:20:52 GMT
      expires:
      - '-1'
      pragma:
      - no-cache
      server:
      - Microsoft-HTTPAPI/2.0
      - Microsoft-HTTPAPI/2.0
      strict-transport-security:
      - max-age=31536000; includeSubDomains
      transfer-encoding:
      - chunked
      vary:
      - Accept-Encoding
      x-content-type-options:
      - nosniff
      x-ms-arm-service-request-id:
      - b3fe2d08-c9cf-42f2-93b4-ca4552df4baa
      x-ms-ratelimit-remaining-subscription-writes:
      - '1199'
    status:
      code: 200
      message: OK
- request:
    body: null
    headers:
      Accept:
      - '*/*'
      Accept-Encoding:
      - gzip, deflate
      CommandName:
      - network private-endpoint ip-config remove
      Connection:
      - keep-alive
      ParameterSetName:
      - -n -g --endpoint-name
      User-Agent:
      - AZURECLI/2.43.0 (AAZ) azsdk-python-core/1.24.0 Python/3.9.5 (Windows-10-10.0.22621-SP0)
    method: GET
    uri: https://management.azure.com/subscriptions/00000000-0000-0000-0000-000000000000/providers/Microsoft.Network/locations/eastus/operations/7fd4c03e-fa1e-412a-820e-d04a7eda853e?api-version=2022-01-01
  response:
    body:
      string: "{\r\n  \"status\": \"InProgress\"\r\n}"
    headers:
      cache-control:
      - no-cache
      content-length:
      - '30'
      content-type:
      - application/json; charset=utf-8
      date:
      - Fri, 06 Jan 2023 05:21:02 GMT
      expires:
      - '-1'
      pragma:
      - no-cache
      server:
      - Microsoft-HTTPAPI/2.0
      - Microsoft-HTTPAPI/2.0
      strict-transport-security:
      - max-age=31536000; includeSubDomains
      transfer-encoding:
      - chunked
      vary:
      - Accept-Encoding
      x-content-type-options:
      - nosniff
      x-ms-arm-service-request-id:
      - be6857f0-65ba-4ad1-8688-15f98fe49aba
    status:
      code: 200
      message: OK
- request:
    body: '{"id": "/subscriptions/00000000-0000-0000-0000-000000000000/resourceGroups/cli_test_network_private_endpoint_000001/providers/Microsoft.Network/privateEndpoints/pe-000005",
      "location": "eastus", "properties": {"customDnsConfigs": [{"fqdn": "ipconfig000002.blob.core.windows.net",
      "ipAddresses": ["10.0.0.4"]}], "customNetworkInterfaceName": "", "ipConfigurations":
      [{"name": "ipconfig1", "properties": {"groupId": "blob", "memberName": "blob",
      "privateIPAddress": "10.0.0.4"}}], "manualPrivateLinkServiceConnections": [],
      "privateLinkServiceConnections": [{"id": "/subscriptions/00000000-0000-0000-0000-000000000000/resourceGroups/cli_test_network_private_endpoint_000001/providers/Microsoft.Network/privateEndpoints/pe-000005/privateLinkServiceConnections/connection-000006",
      "name": "connection-000006", "properties": {"groupIds": ["blob"], "privateLinkServiceConnectionState":
      {"actionsRequired": "None", "description": "Auto-Approved", "status": "Approved"},
      "privateLinkServiceId": "/subscriptions/00000000-0000-0000-0000-000000000000/resourceGroups/cli_test_network_private_endpoint_000001/providers/Microsoft.Storage/storageAccounts/ipconfig000002"}}],
      "subnet": {"id": "/subscriptions/00000000-0000-0000-0000-000000000000/resourceGroups/cli_test_network_private_endpoint_000001/providers/Microsoft.Network/virtualNetworks/vnet-000003/subnets/subnet-000004"}}}'
    headers:
      Accept:
      - application/json
      Accept-Encoding:
      - gzip, deflate
      CommandName:
      - network private-endpoint ip-config remove
      Connection:
      - keep-alive
      Content-Length:
      - '1367'
      Content-Type:
      - application/json
      ParameterSetName:
      - -n -g --endpoint-name
      User-Agent:
      - AZURECLI/2.43.0 (AAZ) azsdk-python-core/1.24.0 Python/3.9.5 (Windows-10-10.0.22621-SP0)
    method: PUT
    uri: https://management.azure.com/subscriptions/00000000-0000-0000-0000-000000000000/resourceGroups/cli_test_network_private_endpoint_000001/providers/Microsoft.Network/privateEndpoints/pe-000005?api-version=2022-01-01
  response:
    body:
      string: "{\r\n  \"name\": \"pe-000005\",\r\n  \"id\": \"/subscriptions/00000000-0000-0000-0000-000000000000/resourceGroups/cli_test_network_private_endpoint_000001/providers/Microsoft.Network/privateEndpoints/pe-000005\",\r\n
        \ \"etag\": \"W/\\\"272d3110-bb87-4f15-bd1e-3669ac19eb7b\\\"\",\r\n  \"type\":
        \"Microsoft.Network/privateEndpoints\",\r\n  \"location\": \"eastus\",\r\n
        \ \"properties\": {\r\n    \"provisioningState\": \"Updating\",\r\n    \"resourceGuid\":
        \"fb45bc86-38ed-4f87-b632-9473dc5e5f03\",\r\n    \"privateLinkServiceConnections\":
        [\r\n      {\r\n        \"name\": \"connection-000006\",\r\n        \"id\":
        \"/subscriptions/00000000-0000-0000-0000-000000000000/resourceGroups/cli_test_network_private_endpoint_000001/providers/Microsoft.Network/privateEndpoints/pe-000005/privateLinkServiceConnections/connection-000006\",\r\n
        \       \"etag\": \"W/\\\"272d3110-bb87-4f15-bd1e-3669ac19eb7b\\\"\",\r\n
        \       \"properties\": {\r\n          \"provisioningState\": \"Succeeded\",\r\n
        \         \"privateLinkServiceId\": \"/subscriptions/00000000-0000-0000-0000-000000000000/resourceGroups/cli_test_network_private_endpoint_000001/providers/Microsoft.Storage/storageAccounts/ipconfig000002\",\r\n
        \         \"groupIds\": [\r\n            \"blob\"\r\n          ],\r\n          \"privateLinkServiceConnectionState\":
        {\r\n            \"status\": \"Approved\",\r\n            \"description\":
        \"Auto Approved\",\r\n            \"actionsRequired\": \"None\"\r\n          }\r\n
        \       },\r\n        \"type\": \"Microsoft.Network/privateEndpoints/privateLinkServiceConnections\"\r\n
        \     }\r\n    ],\r\n    \"manualPrivateLinkServiceConnections\": [],\r\n
        \   \"customNetworkInterfaceName\": \"\",\r\n    \"subnet\": {\r\n      \"id\":
        \"/subscriptions/00000000-0000-0000-0000-000000000000/resourceGroups/cli_test_network_private_endpoint_000001/providers/Microsoft.Network/virtualNetworks/vnet-000003/subnets/subnet-000004\"\r\n
        \   },\r\n    \"ipConfigurations\": [\r\n      {\r\n        \"name\": \"ipconfig1\",\r\n
        \       \"id\": \"/subscriptions/00000000-0000-0000-0000-000000000000/resourceGroups/cli_test_network_private_endpoint_000001/providers/Microsoft.Network/privateEndpoints/pe-000005/ipConfigurations/ipconfig1\",\r\n
        \       \"etag\": \"W/\\\"272d3110-bb87-4f15-bd1e-3669ac19eb7b\\\"\",\r\n
        \       \"type\": \"Microsoft.Network/privateEndpoints/ipConfigurations\",\r\n
        \       \"properties\": {\r\n          \"provisioningState\": \"Succeeded\",\r\n
        \         \"memberName\": \"blob\",\r\n          \"groupId\": \"blob\",\r\n
        \         \"privateIPAddress\": \"10.0.0.4\"\r\n        }\r\n      }\r\n    ],\r\n
        \   \"networkInterfaces\": [\r\n      {\r\n        \"id\": \"/subscriptions/00000000-0000-0000-0000-000000000000/resourceGroups/cli_test_network_private_endpoint_000001/providers/Microsoft.Network/networkInterfaces/pe-000005.nic.aa6fbe18-927d-4034-8d6a-edc6811deb49\"\r\n
        \     }\r\n    ],\r\n    \"customDnsConfigs\": [\r\n      {\r\n        \"fqdn\":
        \"ipconfig000002.blob.core.windows.net\",\r\n        \"ipAddresses\": [\r\n
        \         \"10.0.0.4\"\r\n        ]\r\n      }\r\n    ]\r\n  }\r\n}"
    headers:
      azure-asyncnotification:
      - Enabled
      azure-asyncoperation:
      - https://management.azure.com/subscriptions/00000000-0000-0000-0000-000000000000/providers/Microsoft.Network/locations/eastus/operations/7fd4c03e-fa1e-412a-820e-d04a7eda853e?api-version=2022-01-01
      cache-control:
      - no-cache
      content-length:
      - '2834'
      content-type:
      - application/json; charset=utf-8
      date:
      - Fri, 06 Jan 2023 05:21:05 GMT
      expires:
      - '-1'
      pragma:
      - no-cache
      server:
      - Microsoft-HTTPAPI/2.0
      - Microsoft-HTTPAPI/2.0
      strict-transport-security:
      - max-age=31536000; includeSubDomains
      transfer-encoding:
      - chunked
      vary:
      - Accept-Encoding
      x-content-type-options:
      - nosniff
      x-ms-arm-service-request-id:
      - b3fe2d08-c9cf-42f2-93b4-ca4552df4baa
      x-ms-ratelimit-remaining-subscription-writes:
      - '1198'
    status:
      code: 200
      message: OK
- request:
    body: null
    headers:
      Accept:
      - '*/*'
      Accept-Encoding:
      - gzip, deflate
      CommandName:
      - network private-endpoint ip-config remove
      Connection:
      - keep-alive
      ParameterSetName:
      - -n -g --endpoint-name
      User-Agent:
      - AZURECLI/2.43.0 (AAZ) azsdk-python-core/1.24.0 Python/3.9.5 (Windows-10-10.0.22621-SP0)
    method: GET
    uri: https://management.azure.com/subscriptions/00000000-0000-0000-0000-000000000000/providers/Microsoft.Network/locations/eastus/operations/7fd4c03e-fa1e-412a-820e-d04a7eda853e?api-version=2022-01-01
  response:
    body:
      string: "{\r\n  \"status\": \"Succeeded\"\r\n}"
    headers:
      cache-control:
      - no-cache
      content-length:
      - '29'
      content-type:
      - application/json; charset=utf-8
      date:
      - Fri, 06 Jan 2023 05:21:13 GMT
      expires:
      - '-1'
      pragma:
      - no-cache
      server:
      - Microsoft-HTTPAPI/2.0
      - Microsoft-HTTPAPI/2.0
      strict-transport-security:
      - max-age=31536000; includeSubDomains
      transfer-encoding:
      - chunked
      vary:
      - Accept-Encoding
      x-content-type-options:
      - nosniff
      x-ms-arm-service-request-id:
      - 71670b27-69d9-4f56-aeab-90815f962ec0
    status:
      code: 200
      message: OK
- request:
    body: null
    headers:
      Accept:
      - '*/*'
      Accept-Encoding:
      - gzip, deflate
      CommandName:
      - network private-endpoint ip-config remove
      Connection:
      - keep-alive
      ParameterSetName:
      - -n -g --endpoint-name
      User-Agent:
      - AZURECLI/2.43.0 (AAZ) azsdk-python-core/1.24.0 Python/3.9.5 (Windows-10-10.0.22621-SP0)
    method: GET
    uri: https://management.azure.com/subscriptions/00000000-0000-0000-0000-000000000000/resourceGroups/cli_test_network_private_endpoint_000001/providers/Microsoft.Network/privateEndpoints/pe-000005?api-version=2022-01-01
  response:
    body:
      string: "{\r\n  \"name\": \"pe-000005\",\r\n  \"id\": \"/subscriptions/00000000-0000-0000-0000-000000000000/resourceGroups/cli_test_network_private_endpoint_000001/providers/Microsoft.Network/privateEndpoints/pe-000005\",\r\n
        \ \"etag\": \"W/\\\"d3c6c2b5-a108-4394-9062-b77c1296c208\\\"\",\r\n  \"type\":
        \"Microsoft.Network/privateEndpoints\",\r\n  \"location\": \"eastus\",\r\n
        \ \"properties\": {\r\n    \"provisioningState\": \"Succeeded\",\r\n    \"resourceGuid\":
        \"fb45bc86-38ed-4f87-b632-9473dc5e5f03\",\r\n    \"privateLinkServiceConnections\":
        [\r\n      {\r\n        \"name\": \"connection-000006\",\r\n        \"id\":
        \"/subscriptions/00000000-0000-0000-0000-000000000000/resourceGroups/cli_test_network_private_endpoint_000001/providers/Microsoft.Network/privateEndpoints/pe-000005/privateLinkServiceConnections/connection-000006\",\r\n
        \       \"etag\": \"W/\\\"d3c6c2b5-a108-4394-9062-b77c1296c208\\\"\",\r\n
        \       \"properties\": {\r\n          \"provisioningState\": \"Succeeded\",\r\n
        \         \"privateLinkServiceId\": \"/subscriptions/00000000-0000-0000-0000-000000000000/resourceGroups/cli_test_network_private_endpoint_000001/providers/Microsoft.Storage/storageAccounts/ipconfig000002\",\r\n
        \         \"groupIds\": [\r\n            \"blob\"\r\n          ],\r\n          \"privateLinkServiceConnectionState\":
        {\r\n            \"status\": \"Approved\",\r\n            \"description\":
        \"Auto-Approved\",\r\n            \"actionsRequired\": \"None\"\r\n          }\r\n
        \       },\r\n        \"type\": \"Microsoft.Network/privateEndpoints/privateLinkServiceConnections\"\r\n
        \     }\r\n    ],\r\n    \"manualPrivateLinkServiceConnections\": [],\r\n
        \   \"customNetworkInterfaceName\": \"\",\r\n    \"subnet\": {\r\n      \"id\":
        \"/subscriptions/00000000-0000-0000-0000-000000000000/resourceGroups/cli_test_network_private_endpoint_000001/providers/Microsoft.Network/virtualNetworks/vnet-000003/subnets/subnet-000004\"\r\n
        \   },\r\n    \"ipConfigurations\": [\r\n      {\r\n        \"name\": \"ipconfig1\",\r\n
        \       \"id\": \"/subscriptions/00000000-0000-0000-0000-000000000000/resourceGroups/cli_test_network_private_endpoint_000001/providers/Microsoft.Network/privateEndpoints/pe-000005/ipConfigurations/ipconfig1\",\r\n
        \       \"etag\": \"W/\\\"d3c6c2b5-a108-4394-9062-b77c1296c208\\\"\",\r\n
        \       \"type\": \"Microsoft.Network/privateEndpoints/ipConfigurations\",\r\n
        \       \"properties\": {\r\n          \"provisioningState\": \"Succeeded\",\r\n
        \         \"memberName\": \"blob\",\r\n          \"groupId\": \"blob\",\r\n
        \         \"privateIPAddress\": \"10.0.0.4\"\r\n        }\r\n      }\r\n    ],\r\n
        \   \"networkInterfaces\": [\r\n      {\r\n        \"id\": \"/subscriptions/00000000-0000-0000-0000-000000000000/resourceGroups/cli_test_network_private_endpoint_000001/providers/Microsoft.Network/networkInterfaces/pe-000005.nic.aa6fbe18-927d-4034-8d6a-edc6811deb49\"\r\n
        \     }\r\n    ],\r\n    \"customDnsConfigs\": [\r\n      {\r\n        \"fqdn\":
        \"ipconfig000002.blob.core.windows.net\",\r\n        \"ipAddresses\": [\r\n
        \         \"10.0.0.4\"\r\n        ]\r\n      }\r\n    ]\r\n  }\r\n}"
    headers:
      cache-control:
      - no-cache
      content-length:
      - '2835'
      content-type:
      - application/json; charset=utf-8
      date:
      - Fri, 06 Jan 2023 05:21:13 GMT
      etag:
      - W/"d3c6c2b5-a108-4394-9062-b77c1296c208"
      expires:
      - '-1'
      pragma:
      - no-cache
      server:
      - Microsoft-HTTPAPI/2.0
      - Microsoft-HTTPAPI/2.0
      strict-transport-security:
      - max-age=31536000; includeSubDomains
      transfer-encoding:
      - chunked
      vary:
      - Accept-Encoding
      x-content-type-options:
      - nosniff
      x-ms-arm-service-request-id:
      - 3efdd43b-3ed2-4892-8a0a-e76673c58563
    status:
      code: 200
      message: OK
- request:
    body: null
    headers:
      Accept:
      - '*/*'
      Accept-Encoding:
      - gzip, deflate
      CommandName:
      - network private-endpoint ip-config remove
      Connection:
      - keep-alive
      ParameterSetName:
      - -n -g --endpoint-name
      User-Agent:
      - AZURECLI/2.43.0 (AAZ) azsdk-python-core/1.24.0 Python/3.9.5 (Windows-10-10.0.22621-SP0)
    method: GET
    uri: https://management.azure.com/subscriptions/00000000-0000-0000-0000-000000000000/providers/Microsoft.Network/locations/eastus/operations/7fd4c03e-fa1e-412a-820e-d04a7eda853e?api-version=2022-01-01
  response:
    body:
      string: "{\r\n  \"status\": \"Succeeded\"\r\n}"
    headers:
      cache-control:
      - no-cache
      content-length:
      - '29'
      content-type:
      - application/json; charset=utf-8
      date:
      - Fri, 06 Jan 2023 05:21:15 GMT
      expires:
      - '-1'
      pragma:
      - no-cache
      server:
      - Microsoft-HTTPAPI/2.0
      - Microsoft-HTTPAPI/2.0
      strict-transport-security:
      - max-age=31536000; includeSubDomains
      transfer-encoding:
      - chunked
      vary:
      - Accept-Encoding
      x-content-type-options:
      - nosniff
      x-ms-arm-service-request-id:
      - e49ce7a8-b045-4027-b2a8-f2d226ca1180
    status:
      code: 200
      message: OK
- request:
    body: null
    headers:
      Accept:
      - '*/*'
      Accept-Encoding:
      - gzip, deflate
      CommandName:
      - network private-endpoint ip-config remove
      Connection:
      - keep-alive
      ParameterSetName:
      - -n -g --endpoint-name
      User-Agent:
      - AZURECLI/2.43.0 (AAZ) azsdk-python-core/1.24.0 Python/3.9.5 (Windows-10-10.0.22621-SP0)
    method: GET
    uri: https://management.azure.com/subscriptions/00000000-0000-0000-0000-000000000000/resourceGroups/cli_test_network_private_endpoint_000001/providers/Microsoft.Network/privateEndpoints/pe-000005?api-version=2022-01-01
  response:
    body:
      string: "{\r\n  \"name\": \"pe-000005\",\r\n  \"id\": \"/subscriptions/00000000-0000-0000-0000-000000000000/resourceGroups/cli_test_network_private_endpoint_000001/providers/Microsoft.Network/privateEndpoints/pe-000005\",\r\n
        \ \"etag\": \"W/\\\"d3c6c2b5-a108-4394-9062-b77c1296c208\\\"\",\r\n  \"type\":
        \"Microsoft.Network/privateEndpoints\",\r\n  \"location\": \"eastus\",\r\n
        \ \"properties\": {\r\n    \"provisioningState\": \"Succeeded\",\r\n    \"resourceGuid\":
        \"fb45bc86-38ed-4f87-b632-9473dc5e5f03\",\r\n    \"privateLinkServiceConnections\":
        [\r\n      {\r\n        \"name\": \"connection-000006\",\r\n        \"id\":
        \"/subscriptions/00000000-0000-0000-0000-000000000000/resourceGroups/cli_test_network_private_endpoint_000001/providers/Microsoft.Network/privateEndpoints/pe-000005/privateLinkServiceConnections/connection-000006\",\r\n
        \       \"etag\": \"W/\\\"d3c6c2b5-a108-4394-9062-b77c1296c208\\\"\",\r\n
        \       \"properties\": {\r\n          \"provisioningState\": \"Succeeded\",\r\n
        \         \"privateLinkServiceId\": \"/subscriptions/00000000-0000-0000-0000-000000000000/resourceGroups/cli_test_network_private_endpoint_000001/providers/Microsoft.Storage/storageAccounts/ipconfig000002\",\r\n
        \         \"groupIds\": [\r\n            \"blob\"\r\n          ],\r\n          \"privateLinkServiceConnectionState\":
        {\r\n            \"status\": \"Approved\",\r\n            \"description\":
        \"Auto-Approved\",\r\n            \"actionsRequired\": \"None\"\r\n          }\r\n
        \       },\r\n        \"type\": \"Microsoft.Network/privateEndpoints/privateLinkServiceConnections\"\r\n
        \     }\r\n    ],\r\n    \"manualPrivateLinkServiceConnections\": [],\r\n
        \   \"customNetworkInterfaceName\": \"\",\r\n    \"subnet\": {\r\n      \"id\":
        \"/subscriptions/00000000-0000-0000-0000-000000000000/resourceGroups/cli_test_network_private_endpoint_000001/providers/Microsoft.Network/virtualNetworks/vnet-000003/subnets/subnet-000004\"\r\n
        \   },\r\n    \"ipConfigurations\": [\r\n      {\r\n        \"name\": \"ipconfig1\",\r\n
        \       \"id\": \"/subscriptions/00000000-0000-0000-0000-000000000000/resourceGroups/cli_test_network_private_endpoint_000001/providers/Microsoft.Network/privateEndpoints/pe-000005/ipConfigurations/ipconfig1\",\r\n
        \       \"etag\": \"W/\\\"d3c6c2b5-a108-4394-9062-b77c1296c208\\\"\",\r\n
        \       \"type\": \"Microsoft.Network/privateEndpoints/ipConfigurations\",\r\n
        \       \"properties\": {\r\n          \"provisioningState\": \"Succeeded\",\r\n
        \         \"memberName\": \"blob\",\r\n          \"groupId\": \"blob\",\r\n
        \         \"privateIPAddress\": \"10.0.0.4\"\r\n        }\r\n      }\r\n    ],\r\n
        \   \"networkInterfaces\": [\r\n      {\r\n        \"id\": \"/subscriptions/00000000-0000-0000-0000-000000000000/resourceGroups/cli_test_network_private_endpoint_000001/providers/Microsoft.Network/networkInterfaces/pe-000005.nic.aa6fbe18-927d-4034-8d6a-edc6811deb49\"\r\n
        \     }\r\n    ],\r\n    \"customDnsConfigs\": [\r\n      {\r\n        \"fqdn\":
        \"ipconfig000002.blob.core.windows.net\",\r\n        \"ipAddresses\": [\r\n
        \         \"10.0.0.4\"\r\n        ]\r\n      }\r\n    ]\r\n  }\r\n}"
    headers:
      cache-control:
      - no-cache
      content-length:
      - '2835'
      content-type:
      - application/json; charset=utf-8
      date:
      - Fri, 06 Jan 2023 05:21:16 GMT
      etag:
      - W/"d3c6c2b5-a108-4394-9062-b77c1296c208"
      expires:
      - '-1'
      pragma:
      - no-cache
      server:
      - Microsoft-HTTPAPI/2.0
      - Microsoft-HTTPAPI/2.0
      strict-transport-security:
      - max-age=31536000; includeSubDomains
      transfer-encoding:
      - chunked
      vary:
      - Accept-Encoding
      x-content-type-options:
      - nosniff
      x-ms-arm-service-request-id:
      - 78da4b95-2ad5-44e6-bc1b-dfd3fd14c4d0
    status:
      code: 200
      message: OK
- request:
    body: null
    headers:
      Accept:
      - application/json
      Accept-Encoding:
      - gzip, deflate
      CommandName:
      - network private-endpoint ip-config add
      Connection:
      - keep-alive
      ParameterSetName:
      - -n -g --endpoint-name --group-id --member-name --private-ip-address
      User-Agent:
      - AZURECLI/2.43.0 (AAZ) azsdk-python-core/1.24.0 Python/3.9.5 (Windows-10-10.0.22621-SP0)
    method: GET
    uri: https://management.azure.com/subscriptions/00000000-0000-0000-0000-000000000000/resourceGroups/cli_test_network_private_endpoint_000001/providers/Microsoft.Network/privateEndpoints/pe-000005?api-version=2022-01-01
  response:
    body:
      string: "{\r\n  \"name\": \"pe-000005\",\r\n  \"id\": \"/subscriptions/00000000-0000-0000-0000-000000000000/resourceGroups/cli_test_network_private_endpoint_000001/providers/Microsoft.Network/privateEndpoints/pe-000005\",\r\n
        \ \"etag\": \"W/\\\"d3c6c2b5-a108-4394-9062-b77c1296c208\\\"\",\r\n  \"type\":
        \"Microsoft.Network/privateEndpoints\",\r\n  \"location\": \"eastus\",\r\n
        \ \"properties\": {\r\n    \"provisioningState\": \"Succeeded\",\r\n    \"resourceGuid\":
        \"fb45bc86-38ed-4f87-b632-9473dc5e5f03\",\r\n    \"privateLinkServiceConnections\":
        [\r\n      {\r\n        \"name\": \"connection-000006\",\r\n        \"id\":
        \"/subscriptions/00000000-0000-0000-0000-000000000000/resourceGroups/cli_test_network_private_endpoint_000001/providers/Microsoft.Network/privateEndpoints/pe-000005/privateLinkServiceConnections/connection-000006\",\r\n
        \       \"etag\": \"W/\\\"d3c6c2b5-a108-4394-9062-b77c1296c208\\\"\",\r\n
        \       \"properties\": {\r\n          \"provisioningState\": \"Succeeded\",\r\n
        \         \"privateLinkServiceId\": \"/subscriptions/00000000-0000-0000-0000-000000000000/resourceGroups/cli_test_network_private_endpoint_000001/providers/Microsoft.Storage/storageAccounts/ipconfig000002\",\r\n
        \         \"groupIds\": [\r\n            \"blob\"\r\n          ],\r\n          \"privateLinkServiceConnectionState\":
        {\r\n            \"status\": \"Approved\",\r\n            \"description\":
        \"Auto-Approved\",\r\n            \"actionsRequired\": \"None\"\r\n          }\r\n
        \       },\r\n        \"type\": \"Microsoft.Network/privateEndpoints/privateLinkServiceConnections\"\r\n
        \     }\r\n    ],\r\n    \"manualPrivateLinkServiceConnections\": [],\r\n
        \   \"customNetworkInterfaceName\": \"\",\r\n    \"subnet\": {\r\n      \"id\":
        \"/subscriptions/00000000-0000-0000-0000-000000000000/resourceGroups/cli_test_network_private_endpoint_000001/providers/Microsoft.Network/virtualNetworks/vnet-000003/subnets/subnet-000004\"\r\n
        \   },\r\n    \"ipConfigurations\": [\r\n      {\r\n        \"name\": \"ipconfig1\",\r\n
        \       \"id\": \"/subscriptions/00000000-0000-0000-0000-000000000000/resourceGroups/cli_test_network_private_endpoint_000001/providers/Microsoft.Network/privateEndpoints/pe-000005/ipConfigurations/ipconfig1\",\r\n
        \       \"etag\": \"W/\\\"d3c6c2b5-a108-4394-9062-b77c1296c208\\\"\",\r\n
        \       \"type\": \"Microsoft.Network/privateEndpoints/ipConfigurations\",\r\n
        \       \"properties\": {\r\n          \"provisioningState\": \"Succeeded\",\r\n
        \         \"memberName\": \"blob\",\r\n          \"groupId\": \"blob\",\r\n
        \         \"privateIPAddress\": \"10.0.0.4\"\r\n        }\r\n      }\r\n    ],\r\n
        \   \"networkInterfaces\": [\r\n      {\r\n        \"id\": \"/subscriptions/00000000-0000-0000-0000-000000000000/resourceGroups/cli_test_network_private_endpoint_000001/providers/Microsoft.Network/networkInterfaces/pe-000005.nic.aa6fbe18-927d-4034-8d6a-edc6811deb49\"\r\n
        \     }\r\n    ],\r\n    \"customDnsConfigs\": [\r\n      {\r\n        \"fqdn\":
        \"ipconfig000002.blob.core.windows.net\",\r\n        \"ipAddresses\": [\r\n
        \         \"10.0.0.4\"\r\n        ]\r\n      }\r\n    ]\r\n  }\r\n}"
    headers:
      cache-control:
      - no-cache
      content-length:
      - '2835'
      content-type:
      - application/json; charset=utf-8
      date:
      - Fri, 06 Jan 2023 05:21:17 GMT
      etag:
      - W/"d3c6c2b5-a108-4394-9062-b77c1296c208"
      expires:
      - '-1'
      pragma:
      - no-cache
      server:
      - Microsoft-HTTPAPI/2.0
      - Microsoft-HTTPAPI/2.0
      strict-transport-security:
      - max-age=31536000; includeSubDomains
      transfer-encoding:
      - chunked
      vary:
      - Accept-Encoding
      x-content-type-options:
      - nosniff
      x-ms-arm-service-request-id:
      - c2b0c34d-49fe-480f-a616-71786a3b202a
    status:
      code: 200
      message: OK
- request:
    body: '{"id": "/subscriptions/00000000-0000-0000-0000-000000000000/resourceGroups/cli_test_network_private_endpoint_000001/providers/Microsoft.Network/privateEndpoints/pe-000005",
      "location": "eastus", "properties": {"customDnsConfigs": [{"fqdn": "ipconfig000002.blob.core.windows.net",
      "ipAddresses": ["10.0.0.4"]}], "customNetworkInterfaceName": "", "ipConfigurations":
      [{"name": "ipconfig1", "properties": {"groupId": "blob", "memberName": "blob",
      "privateIPAddress": "10.0.0.4"}}, {"name": "ipconfig2", "properties": {"groupId":
      "blob", "memberName": "blob2", "privateIPAddress": "10.0.0.6"}}], "manualPrivateLinkServiceConnections":
      [], "privateLinkServiceConnections": [{"id": "/subscriptions/00000000-0000-0000-0000-000000000000/resourceGroups/cli_test_network_private_endpoint_000001/providers/Microsoft.Network/privateEndpoints/pe-000005/privateLinkServiceConnections/connection-000006",
      "name": "connection-000006", "properties": {"groupIds": ["blob"], "privateLinkServiceConnectionState":
      {"actionsRequired": "None", "description": "Auto-Approved", "status": "Approved"},
      "privateLinkServiceId": "/subscriptions/00000000-0000-0000-0000-000000000000/resourceGroups/cli_test_network_private_endpoint_000001/providers/Microsoft.Storage/storageAccounts/ipconfig000002"}}],
      "subnet": {"id": "/subscriptions/00000000-0000-0000-0000-000000000000/resourceGroups/cli_test_network_private_endpoint_000001/providers/Microsoft.Network/virtualNetworks/vnet-000003/subnets/subnet-000004"}}}'
    headers:
      Accept:
      - application/json
      Accept-Encoding:
      - gzip, deflate
      CommandName:
      - network private-endpoint ip-config add
      Connection:
      - keep-alive
      Content-Length:
      - '1480'
      Content-Type:
      - application/json
      ParameterSetName:
      - -n -g --endpoint-name --group-id --member-name --private-ip-address
      User-Agent:
      - AZURECLI/2.43.0 (AAZ) azsdk-python-core/1.24.0 Python/3.9.5 (Windows-10-10.0.22621-SP0)
    method: PUT
    uri: https://management.azure.com/subscriptions/00000000-0000-0000-0000-000000000000/resourceGroups/cli_test_network_private_endpoint_000001/providers/Microsoft.Network/privateEndpoints/pe-000005?api-version=2022-01-01
  response:
    body:
      string: "{\r\n  \"name\": \"pe-000005\",\r\n  \"id\": \"/subscriptions/00000000-0000-0000-0000-000000000000/resourceGroups/cli_test_network_private_endpoint_000001/providers/Microsoft.Network/privateEndpoints/pe-000005\",\r\n
        \ \"etag\": \"W/\\\"f0c44ed8-a6b8-451b-bbde-988dadf9f433\\\"\",\r\n  \"type\":
        \"Microsoft.Network/privateEndpoints\",\r\n  \"location\": \"eastus\",\r\n
        \ \"properties\": {\r\n    \"provisioningState\": \"Updating\",\r\n    \"resourceGuid\":
        \"fb45bc86-38ed-4f87-b632-9473dc5e5f03\",\r\n    \"privateLinkServiceConnections\":
        [\r\n      {\r\n        \"name\": \"connection-000006\",\r\n        \"id\":
        \"/subscriptions/00000000-0000-0000-0000-000000000000/resourceGroups/cli_test_network_private_endpoint_000001/providers/Microsoft.Network/privateEndpoints/pe-000005/privateLinkServiceConnections/connection-000006\",\r\n
        \       \"etag\": \"W/\\\"f0c44ed8-a6b8-451b-bbde-988dadf9f433\\\"\",\r\n
        \       \"properties\": {\r\n          \"provisioningState\": \"Succeeded\",\r\n
        \         \"privateLinkServiceId\": \"/subscriptions/00000000-0000-0000-0000-000000000000/resourceGroups/cli_test_network_private_endpoint_000001/providers/Microsoft.Storage/storageAccounts/ipconfig000002\",\r\n
        \         \"groupIds\": [\r\n            \"blob\"\r\n          ],\r\n          \"privateLinkServiceConnectionState\":
        {\r\n            \"status\": \"Approved\",\r\n            \"description\":
        \"Auto Approved\",\r\n            \"actionsRequired\": \"None\"\r\n          }\r\n
        \       },\r\n        \"type\": \"Microsoft.Network/privateEndpoints/privateLinkServiceConnections\"\r\n
        \     }\r\n    ],\r\n    \"manualPrivateLinkServiceConnections\": [],\r\n
        \   \"customNetworkInterfaceName\": \"\",\r\n    \"subnet\": {\r\n      \"id\":
        \"/subscriptions/00000000-0000-0000-0000-000000000000/resourceGroups/cli_test_network_private_endpoint_000001/providers/Microsoft.Network/virtualNetworks/vnet-000003/subnets/subnet-000004\"\r\n
        \   },\r\n    \"ipConfigurations\": [\r\n      {\r\n        \"name\": \"ipconfig1\",\r\n
        \       \"id\": \"/subscriptions/00000000-0000-0000-0000-000000000000/resourceGroups/cli_test_network_private_endpoint_000001/providers/Microsoft.Network/privateEndpoints/pe-000005/ipConfigurations/ipconfig1\",\r\n
        \       \"etag\": \"W/\\\"f0c44ed8-a6b8-451b-bbde-988dadf9f433\\\"\",\r\n
        \       \"type\": \"Microsoft.Network/privateEndpoints/ipConfigurations\",\r\n
        \       \"properties\": {\r\n          \"provisioningState\": \"Succeeded\",\r\n
        \         \"memberName\": \"blob\",\r\n          \"groupId\": \"blob\",\r\n
        \         \"privateIPAddress\": \"10.0.0.4\"\r\n        }\r\n      },\r\n
        \     {\r\n        \"name\": \"ipconfig2\",\r\n        \"id\": \"/subscriptions/00000000-0000-0000-0000-000000000000/resourceGroups/cli_test_network_private_endpoint_000001/providers/Microsoft.Network/privateEndpoints/pe-000005/ipConfigurations/ipconfig2\",\r\n
        \       \"etag\": \"W/\\\"f0c44ed8-a6b8-451b-bbde-988dadf9f433\\\"\",\r\n
        \       \"type\": \"Microsoft.Network/privateEndpoints/ipConfigurations\",\r\n
        \       \"properties\": {\r\n          \"provisioningState\": \"Succeeded\",\r\n
        \         \"memberName\": \"blob2\",\r\n          \"groupId\": \"blob\",\r\n
        \         \"privateIPAddress\": \"10.0.0.6\"\r\n        }\r\n      }\r\n    ],\r\n
        \   \"networkInterfaces\": [\r\n      {\r\n        \"id\": \"/subscriptions/00000000-0000-0000-0000-000000000000/resourceGroups/cli_test_network_private_endpoint_000001/providers/Microsoft.Network/networkInterfaces/pe-000005.nic.aa6fbe18-927d-4034-8d6a-edc6811deb49\"\r\n
        \     }\r\n    ],\r\n    \"customDnsConfigs\": [\r\n      {\r\n        \"fqdn\":
        \"ipconfig000002.blob.core.windows.net\",\r\n        \"ipAddresses\": [\r\n
        \         \"10.0.0.4\"\r\n        ]\r\n      }\r\n    ]\r\n  }\r\n}"
    headers:
      azure-asyncnotification:
      - Enabled
      azure-asyncoperation:
      - https://management.azure.com/subscriptions/00000000-0000-0000-0000-000000000000/providers/Microsoft.Network/locations/eastus/operations/b1380583-9dbd-4582-b984-b3c40f701e4c?api-version=2022-01-01
      cache-control:
      - no-cache
      content-length:
      - '3413'
      content-type:
      - application/json; charset=utf-8
      date:
      - Fri, 06 Jan 2023 05:21:20 GMT
      expires:
      - '-1'
      pragma:
      - no-cache
      server:
      - Microsoft-HTTPAPI/2.0
      - Microsoft-HTTPAPI/2.0
      strict-transport-security:
      - max-age=31536000; includeSubDomains
      transfer-encoding:
      - chunked
      vary:
      - Accept-Encoding
      x-content-type-options:
      - nosniff
      x-ms-arm-service-request-id:
      - 848854d3-c942-486f-b72a-d030a027afe7
      x-ms-ratelimit-remaining-subscription-writes:
      - '1198'
    status:
      code: 200
      message: OK
- request:
    body: null
    headers:
      Accept:
      - '*/*'
      Accept-Encoding:
      - gzip, deflate
      CommandName:
      - network private-endpoint ip-config add
      Connection:
      - keep-alive
      ParameterSetName:
      - -n -g --endpoint-name --group-id --member-name --private-ip-address
      User-Agent:
      - AZURECLI/2.43.0 (AAZ) azsdk-python-core/1.24.0 Python/3.9.5 (Windows-10-10.0.22621-SP0)
    method: GET
    uri: https://management.azure.com/subscriptions/00000000-0000-0000-0000-000000000000/providers/Microsoft.Network/locations/eastus/operations/b1380583-9dbd-4582-b984-b3c40f701e4c?api-version=2022-01-01
  response:
    body:
      string: "{\r\n  \"status\": \"InProgress\"\r\n}"
    headers:
      cache-control:
      - no-cache
      content-length:
      - '30'
      content-type:
      - application/json; charset=utf-8
      date:
      - Fri, 06 Jan 2023 05:21:31 GMT
      expires:
      - '-1'
      pragma:
      - no-cache
      server:
      - Microsoft-HTTPAPI/2.0
      - Microsoft-HTTPAPI/2.0
      strict-transport-security:
      - max-age=31536000; includeSubDomains
      transfer-encoding:
      - chunked
      vary:
      - Accept-Encoding
      x-content-type-options:
      - nosniff
      x-ms-arm-service-request-id:
      - 5b6c6522-e34b-4197-8c3c-b604e39bd9a7
    status:
      code: 200
      message: OK
- request:
    body: null
    headers:
      Accept:
      - '*/*'
      Accept-Encoding:
      - gzip, deflate
      CommandName:
      - network private-endpoint ip-config add
      Connection:
      - keep-alive
      ParameterSetName:
      - -n -g --endpoint-name --group-id --member-name --private-ip-address
      User-Agent:
      - AZURECLI/2.43.0 (AAZ) azsdk-python-core/1.24.0 Python/3.9.5 (Windows-10-10.0.22621-SP0)
    method: GET
    uri: https://management.azure.com/subscriptions/00000000-0000-0000-0000-000000000000/providers/Microsoft.Network/locations/eastus/operations/b1380583-9dbd-4582-b984-b3c40f701e4c?api-version=2022-01-01
  response:
    body:
      string: "{\r\n  \"status\": \"InProgress\"\r\n}"
    headers:
      cache-control:
      - no-cache
      content-length:
      - '30'
      content-type:
      - application/json; charset=utf-8
      date:
      - Fri, 06 Jan 2023 05:21:42 GMT
      expires:
      - '-1'
      pragma:
      - no-cache
      server:
      - Microsoft-HTTPAPI/2.0
      - Microsoft-HTTPAPI/2.0
      strict-transport-security:
      - max-age=31536000; includeSubDomains
      transfer-encoding:
      - chunked
      vary:
      - Accept-Encoding
      x-content-type-options:
      - nosniff
      x-ms-arm-service-request-id:
      - 23cdce77-d0ef-4ea8-a27b-538f5a760eb9
    status:
      code: 200
      message: OK
- request:
    body: null
    headers:
      Accept:
      - '*/*'
      Accept-Encoding:
      - gzip, deflate
      CommandName:
      - network private-endpoint ip-config add
      Connection:
      - keep-alive
      ParameterSetName:
      - -n -g --endpoint-name --group-id --member-name --private-ip-address
      User-Agent:
      - AZURECLI/2.43.0 (AAZ) azsdk-python-core/1.24.0 Python/3.9.5 (Windows-10-10.0.22621-SP0)
    method: GET
    uri: https://management.azure.com/subscriptions/00000000-0000-0000-0000-000000000000/providers/Microsoft.Network/locations/eastus/operations/b1380583-9dbd-4582-b984-b3c40f701e4c?api-version=2022-01-01
  response:
    body:
      string: "{\r\n  \"status\": \"Succeeded\"\r\n}"
    headers:
      cache-control:
      - no-cache
      content-length:
      - '29'
      content-type:
      - application/json; charset=utf-8
      date:
      - Fri, 06 Jan 2023 05:22:02 GMT
      expires:
      - '-1'
      pragma:
      - no-cache
      server:
      - Microsoft-HTTPAPI/2.0
      - Microsoft-HTTPAPI/2.0
      strict-transport-security:
      - max-age=31536000; includeSubDomains
      transfer-encoding:
      - chunked
      vary:
      - Accept-Encoding
      x-content-type-options:
      - nosniff
      x-ms-arm-service-request-id:
      - dd4de921-b276-4786-bcbe-1eec3c90412f
    status:
      code: 200
      message: OK
- request:
    body: null
    headers:
      Accept:
      - '*/*'
      Accept-Encoding:
      - gzip, deflate
      CommandName:
      - network private-endpoint ip-config add
      Connection:
      - keep-alive
      ParameterSetName:
      - -n -g --endpoint-name --group-id --member-name --private-ip-address
      User-Agent:
      - AZURECLI/2.43.0 (AAZ) azsdk-python-core/1.24.0 Python/3.9.5 (Windows-10-10.0.22621-SP0)
    method: GET
    uri: https://management.azure.com/subscriptions/00000000-0000-0000-0000-000000000000/resourceGroups/cli_test_network_private_endpoint_000001/providers/Microsoft.Network/privateEndpoints/pe-000005?api-version=2022-01-01
  response:
    body:
      string: "{\r\n  \"name\": \"pe-000005\",\r\n  \"id\": \"/subscriptions/00000000-0000-0000-0000-000000000000/resourceGroups/cli_test_network_private_endpoint_000001/providers/Microsoft.Network/privateEndpoints/pe-000005\",\r\n
        \ \"etag\": \"W/\\\"b2fc2476-54f0-45b8-a912-b165f6edb162\\\"\",\r\n  \"type\":
        \"Microsoft.Network/privateEndpoints\",\r\n  \"location\": \"eastus\",\r\n
        \ \"properties\": {\r\n    \"provisioningState\": \"Succeeded\",\r\n    \"resourceGuid\":
        \"fb45bc86-38ed-4f87-b632-9473dc5e5f03\",\r\n    \"privateLinkServiceConnections\":
        [\r\n      {\r\n        \"name\": \"connection-000006\",\r\n        \"id\":
        \"/subscriptions/00000000-0000-0000-0000-000000000000/resourceGroups/cli_test_network_private_endpoint_000001/providers/Microsoft.Network/privateEndpoints/pe-000005/privateLinkServiceConnections/connection-000006\",\r\n
        \       \"etag\": \"W/\\\"b2fc2476-54f0-45b8-a912-b165f6edb162\\\"\",\r\n
        \       \"properties\": {\r\n          \"provisioningState\": \"Succeeded\",\r\n
        \         \"privateLinkServiceId\": \"/subscriptions/00000000-0000-0000-0000-000000000000/resourceGroups/cli_test_network_private_endpoint_000001/providers/Microsoft.Storage/storageAccounts/ipconfig000002\",\r\n
        \         \"groupIds\": [\r\n            \"blob\"\r\n          ],\r\n          \"privateLinkServiceConnectionState\":
        {\r\n            \"status\": \"Approved\",\r\n            \"description\":
        \"Auto-Approved\",\r\n            \"actionsRequired\": \"None\"\r\n          }\r\n
        \       },\r\n        \"type\": \"Microsoft.Network/privateEndpoints/privateLinkServiceConnections\"\r\n
        \     }\r\n    ],\r\n    \"manualPrivateLinkServiceConnections\": [],\r\n
        \   \"customNetworkInterfaceName\": \"\",\r\n    \"subnet\": {\r\n      \"id\":
        \"/subscriptions/00000000-0000-0000-0000-000000000000/resourceGroups/cli_test_network_private_endpoint_000001/providers/Microsoft.Network/virtualNetworks/vnet-000003/subnets/subnet-000004\"\r\n
        \   },\r\n    \"ipConfigurations\": [\r\n      {\r\n        \"name\": \"ipconfig1\",\r\n
        \       \"id\": \"/subscriptions/00000000-0000-0000-0000-000000000000/resourceGroups/cli_test_network_private_endpoint_000001/providers/Microsoft.Network/privateEndpoints/pe-000005/ipConfigurations/ipconfig1\",\r\n
        \       \"etag\": \"W/\\\"b2fc2476-54f0-45b8-a912-b165f6edb162\\\"\",\r\n
        \       \"type\": \"Microsoft.Network/privateEndpoints/ipConfigurations\",\r\n
        \       \"properties\": {\r\n          \"provisioningState\": \"Succeeded\",\r\n
        \         \"memberName\": \"blob\",\r\n          \"groupId\": \"blob\",\r\n
        \         \"privateIPAddress\": \"10.0.0.4\"\r\n        }\r\n      },\r\n
        \     {\r\n        \"name\": \"ipconfig2\",\r\n        \"id\": \"/subscriptions/00000000-0000-0000-0000-000000000000/resourceGroups/cli_test_network_private_endpoint_000001/providers/Microsoft.Network/privateEndpoints/pe-000005/ipConfigurations/ipconfig2\",\r\n
        \       \"etag\": \"W/\\\"b2fc2476-54f0-45b8-a912-b165f6edb162\\\"\",\r\n
        \       \"type\": \"Microsoft.Network/privateEndpoints/ipConfigurations\",\r\n
        \       \"properties\": {\r\n          \"provisioningState\": \"Succeeded\",\r\n
        \         \"memberName\": \"blob2\",\r\n          \"groupId\": \"blob\",\r\n
        \         \"privateIPAddress\": \"10.0.0.6\"\r\n        }\r\n      }\r\n    ],\r\n
        \   \"networkInterfaces\": [\r\n      {\r\n        \"id\": \"/subscriptions/00000000-0000-0000-0000-000000000000/resourceGroups/cli_test_network_private_endpoint_000001/providers/Microsoft.Network/networkInterfaces/pe-000005.nic.aa6fbe18-927d-4034-8d6a-edc6811deb49\"\r\n
        \     }\r\n    ],\r\n    \"customDnsConfigs\": [\r\n      {\r\n        \"fqdn\":
        \"ipconfig000002.blob.core.windows.net\",\r\n        \"ipAddresses\": [\r\n
        \         \"10.0.0.4\"\r\n        ]\r\n      }\r\n    ]\r\n  }\r\n}"
    headers:
      cache-control:
      - no-cache
      content-length:
      - '3414'
      content-type:
      - application/json; charset=utf-8
      date:
      - Fri, 06 Jan 2023 05:22:02 GMT
      etag:
      - W/"b2fc2476-54f0-45b8-a912-b165f6edb162"
      expires:
      - '-1'
      pragma:
      - no-cache
      server:
      - Microsoft-HTTPAPI/2.0
      - Microsoft-HTTPAPI/2.0
      strict-transport-security:
      - max-age=31536000; includeSubDomains
      transfer-encoding:
      - chunked
      vary:
      - Accept-Encoding
      x-content-type-options:
      - nosniff
      x-ms-arm-service-request-id:
      - cdec7223-bd36-4d8d-b2e5-3f2159dc74ca
    status:
      code: 200
      message: OK
- request:
    body: null
    headers:
      Accept:
      - application/json
      Accept-Encoding:
      - gzip, deflate
      CommandName:
      - network private-endpoint ip-config list
      Connection:
      - keep-alive
      ParameterSetName:
      - -g --endpoint-name
      User-Agent:
      - AZURECLI/2.43.0 (AAZ) azsdk-python-core/1.24.0 Python/3.9.5 (Windows-10-10.0.22621-SP0)
    method: GET
    uri: https://management.azure.com/subscriptions/00000000-0000-0000-0000-000000000000/resourceGroups/cli_test_network_private_endpoint_000001/providers/Microsoft.Network/privateEndpoints/pe-000005?api-version=2022-01-01
  response:
    body:
      string: "{\r\n  \"name\": \"pe-000005\",\r\n  \"id\": \"/subscriptions/00000000-0000-0000-0000-000000000000/resourceGroups/cli_test_network_private_endpoint_000001/providers/Microsoft.Network/privateEndpoints/pe-000005\",\r\n
        \ \"etag\": \"W/\\\"b2fc2476-54f0-45b8-a912-b165f6edb162\\\"\",\r\n  \"type\":
        \"Microsoft.Network/privateEndpoints\",\r\n  \"location\": \"eastus\",\r\n
        \ \"properties\": {\r\n    \"provisioningState\": \"Succeeded\",\r\n    \"resourceGuid\":
        \"fb45bc86-38ed-4f87-b632-9473dc5e5f03\",\r\n    \"privateLinkServiceConnections\":
        [\r\n      {\r\n        \"name\": \"connection-000006\",\r\n        \"id\":
        \"/subscriptions/00000000-0000-0000-0000-000000000000/resourceGroups/cli_test_network_private_endpoint_000001/providers/Microsoft.Network/privateEndpoints/pe-000005/privateLinkServiceConnections/connection-000006\",\r\n
        \       \"etag\": \"W/\\\"b2fc2476-54f0-45b8-a912-b165f6edb162\\\"\",\r\n
        \       \"properties\": {\r\n          \"provisioningState\": \"Succeeded\",\r\n
        \         \"privateLinkServiceId\": \"/subscriptions/00000000-0000-0000-0000-000000000000/resourceGroups/cli_test_network_private_endpoint_000001/providers/Microsoft.Storage/storageAccounts/ipconfig000002\",\r\n
        \         \"groupIds\": [\r\n            \"blob\"\r\n          ],\r\n          \"privateLinkServiceConnectionState\":
        {\r\n            \"status\": \"Approved\",\r\n            \"description\":
        \"Auto-Approved\",\r\n            \"actionsRequired\": \"None\"\r\n          }\r\n
        \       },\r\n        \"type\": \"Microsoft.Network/privateEndpoints/privateLinkServiceConnections\"\r\n
        \     }\r\n    ],\r\n    \"manualPrivateLinkServiceConnections\": [],\r\n
        \   \"customNetworkInterfaceName\": \"\",\r\n    \"subnet\": {\r\n      \"id\":
        \"/subscriptions/00000000-0000-0000-0000-000000000000/resourceGroups/cli_test_network_private_endpoint_000001/providers/Microsoft.Network/virtualNetworks/vnet-000003/subnets/subnet-000004\"\r\n
        \   },\r\n    \"ipConfigurations\": [\r\n      {\r\n        \"name\": \"ipconfig1\",\r\n
        \       \"id\": \"/subscriptions/00000000-0000-0000-0000-000000000000/resourceGroups/cli_test_network_private_endpoint_000001/providers/Microsoft.Network/privateEndpoints/pe-000005/ipConfigurations/ipconfig1\",\r\n
        \       \"etag\": \"W/\\\"b2fc2476-54f0-45b8-a912-b165f6edb162\\\"\",\r\n
        \       \"type\": \"Microsoft.Network/privateEndpoints/ipConfigurations\",\r\n
        \       \"properties\": {\r\n          \"provisioningState\": \"Succeeded\",\r\n
        \         \"memberName\": \"blob\",\r\n          \"groupId\": \"blob\",\r\n
        \         \"privateIPAddress\": \"10.0.0.4\"\r\n        }\r\n      },\r\n
        \     {\r\n        \"name\": \"ipconfig2\",\r\n        \"id\": \"/subscriptions/00000000-0000-0000-0000-000000000000/resourceGroups/cli_test_network_private_endpoint_000001/providers/Microsoft.Network/privateEndpoints/pe-000005/ipConfigurations/ipconfig2\",\r\n
        \       \"etag\": \"W/\\\"b2fc2476-54f0-45b8-a912-b165f6edb162\\\"\",\r\n
        \       \"type\": \"Microsoft.Network/privateEndpoints/ipConfigurations\",\r\n
        \       \"properties\": {\r\n          \"provisioningState\": \"Succeeded\",\r\n
        \         \"memberName\": \"blob2\",\r\n          \"groupId\": \"blob\",\r\n
        \         \"privateIPAddress\": \"10.0.0.6\"\r\n        }\r\n      }\r\n    ],\r\n
        \   \"networkInterfaces\": [\r\n      {\r\n        \"id\": \"/subscriptions/00000000-0000-0000-0000-000000000000/resourceGroups/cli_test_network_private_endpoint_000001/providers/Microsoft.Network/networkInterfaces/pe-000005.nic.aa6fbe18-927d-4034-8d6a-edc6811deb49\"\r\n
        \     }\r\n    ],\r\n    \"customDnsConfigs\": [\r\n      {\r\n        \"fqdn\":
        \"ipconfig000002.blob.core.windows.net\",\r\n        \"ipAddresses\": [\r\n
        \         \"10.0.0.4\"\r\n        ]\r\n      }\r\n    ]\r\n  }\r\n}"
    headers:
      cache-control:
      - no-cache
      content-length:
      - '3414'
      content-type:
      - application/json; charset=utf-8
      date:
      - Fri, 06 Jan 2023 05:22:03 GMT
      etag:
      - W/"b2fc2476-54f0-45b8-a912-b165f6edb162"
      expires:
      - '-1'
      pragma:
      - no-cache
      server:
      - Microsoft-HTTPAPI/2.0
      - Microsoft-HTTPAPI/2.0
      strict-transport-security:
      - max-age=31536000; includeSubDomains
      transfer-encoding:
      - chunked
      vary:
      - Accept-Encoding
      x-content-type-options:
      - nosniff
      x-ms-arm-service-request-id:
      - ca893b9e-2f2c-466a-8619-6f9655ad25b4
    status:
      code: 200
      message: OK
version: 1
