interactions:
- request:
    body: null
    headers:
      Accept:
      - application/json
      Accept-Encoding:
      - gzip, deflate
      CommandName:
      - network vnet create
      Connection:
      - keep-alive
      ParameterSetName:
      - -g -n --subnet-name
      User-Agent:
      - python/3.8.8 (Windows-10-10.0.19041-SP0) msrest/0.6.21 msrest_azure/0.6.3
        azure-mgmt-resource/12.1.0 Azure-SDK-For-Python AZURECLI/2.22.0
      accept-language:
      - en-US
    method: GET
    uri: https://management.azure.com/subscriptions/00000000-0000-0000-0000-000000000000/resourcegroups/cli_test_vnet_gateway_ipsec000001?api-version=2020-10-01
  response:
    body:
      string: '{"id":"/subscriptions/00000000-0000-0000-0000-000000000000/resourceGroups/cli_test_vnet_gateway_ipsec000001","name":"cli_test_vnet_gateway_ipsec000001","type":"Microsoft.Resources/resourceGroups","location":"westus","tags":{"product":"azurecli","cause":"automation","date":"2021-04-12T08:52:30Z"},"properties":{"provisioningState":"Succeeded"}}'
    headers:
      cache-control:
      - no-cache
      content-length:
      - '428'
      content-type:
      - application/json; charset=utf-8
      date:
      - Mon, 12 Apr 2021 08:52:38 GMT
      expires:
      - '-1'
      pragma:
      - no-cache
      strict-transport-security:
      - max-age=31536000; includeSubDomains
      vary:
      - Accept-Encoding
      x-content-type-options:
      - nosniff
    status:
      code: 200
      message: OK
- request:
    body: '{"location": "westus", "tags": {}, "properties": {"addressSpace": {"addressPrefixes":
      ["10.0.0.0/16"]}, "dhcpOptions": {}, "subnets": [{"name": "GatewaySubnet", "properties":
      {"addressPrefix": "10.0.0.0/24"}}]}}'
    headers:
      Accept:
      - application/json
      Accept-Encoding:
      - gzip, deflate
      CommandName:
      - network vnet create
      Connection:
      - keep-alive
      Content-Length:
      - '211'
      Content-Type:
      - application/json
      ParameterSetName:
      - -g -n --subnet-name
      User-Agent:
      - AZURECLI/2.22.0 azsdk-python-azure-mgmt-network/18.0.0 Python/3.8.8 (Windows-10-10.0.19041-SP0)
    method: PUT
    uri: https://management.azure.com/subscriptions/00000000-0000-0000-0000-000000000000/resourceGroups/cli_test_vnet_gateway_ipsec000001/providers/Microsoft.Network/virtualNetworks/vnet1?api-version=2020-11-01
  response:
    body:
      string: "{\r\n  \"name\": \"vnet1\",\r\n  \"id\": \"/subscriptions/00000000-0000-0000-0000-000000000000/resourceGroups/cli_test_vnet_gateway_ipsec000001/providers/Microsoft.Network/virtualNetworks/vnet1\",\r\n
        \ \"etag\": \"W/\\\"82324d42-c3a3-478f-bab5-90977800020e\\\"\",\r\n  \"type\":
        \"Microsoft.Network/virtualNetworks\",\r\n  \"location\": \"westus\",\r\n
        \ \"tags\": {},\r\n  \"properties\": {\r\n    \"provisioningState\": \"Updating\",\r\n
        \   \"resourceGuid\": \"e99e18c1-d688-4712-938b-67faba6e787b\",\r\n    \"addressSpace\":
        {\r\n      \"addressPrefixes\": [\r\n        \"10.0.0.0/16\"\r\n      ]\r\n
        \   },\r\n    \"dhcpOptions\": {\r\n      \"dnsServers\": []\r\n    },\r\n
        \   \"subnets\": [\r\n      {\r\n        \"name\": \"GatewaySubnet\",\r\n
        \       \"id\": \"/subscriptions/00000000-0000-0000-0000-000000000000/resourceGroups/cli_test_vnet_gateway_ipsec000001/providers/Microsoft.Network/virtualNetworks/vnet1/subnets/GatewaySubnet\",\r\n
        \       \"etag\": \"W/\\\"82324d42-c3a3-478f-bab5-90977800020e\\\"\",\r\n
        \       \"properties\": {\r\n          \"provisioningState\": \"Updating\",\r\n
        \         \"addressPrefix\": \"10.0.0.0/24\",\r\n          \"delegations\":
        [],\r\n          \"privateEndpointNetworkPolicies\": \"Enabled\",\r\n          \"privateLinkServiceNetworkPolicies\":
        \"Enabled\"\r\n        },\r\n        \"type\": \"Microsoft.Network/virtualNetworks/subnets\"\r\n
        \     }\r\n    ],\r\n    \"virtualNetworkPeerings\": [],\r\n    \"enableDdosProtection\":
        false\r\n  }\r\n}"
    headers:
      azure-asyncnotification:
      - Enabled
      azure-asyncoperation:
      - https://management.azure.com/subscriptions/00000000-0000-0000-0000-000000000000/providers/Microsoft.Network/locations/westus/operations/4875d1db-aac5-41d9-8fc3-af57aa4dc3e7?api-version=2020-11-01
      cache-control:
      - no-cache
      content-length:
      - '1415'
      content-type:
      - application/json; charset=utf-8
      date:
      - Mon, 12 Apr 2021 08:52:44 GMT
      expires:
      - '-1'
      pragma:
      - no-cache
      server:
      - Microsoft-HTTPAPI/2.0
      - Microsoft-HTTPAPI/2.0
      strict-transport-security:
      - max-age=31536000; includeSubDomains
      x-content-type-options:
      - nosniff
      x-ms-arm-service-request-id:
      - 61e16fd9-32c9-4a4e-9d55-a0c750da4903
      x-ms-ratelimit-remaining-subscription-writes:
      - '1199'
    status:
      code: 201
      message: Created
- request:
    body: null
    headers:
      Accept:
      - '*/*'
      Accept-Encoding:
      - gzip, deflate
      CommandName:
      - network vnet create
      Connection:
      - keep-alive
      ParameterSetName:
      - -g -n --subnet-name
      User-Agent:
      - AZURECLI/2.22.0 azsdk-python-azure-mgmt-network/18.0.0 Python/3.8.8 (Windows-10-10.0.19041-SP0)
    method: GET
    uri: https://management.azure.com/subscriptions/00000000-0000-0000-0000-000000000000/providers/Microsoft.Network/locations/westus/operations/4875d1db-aac5-41d9-8fc3-af57aa4dc3e7?api-version=2020-11-01
  response:
    body:
      string: "{\r\n  \"status\": \"Succeeded\"\r\n}"
    headers:
      cache-control:
      - no-cache
      content-length:
      - '29'
      content-type:
      - application/json; charset=utf-8
      date:
      - Mon, 12 Apr 2021 08:52:48 GMT
      expires:
      - '-1'
      pragma:
      - no-cache
      server:
      - Microsoft-HTTPAPI/2.0
      - Microsoft-HTTPAPI/2.0
      strict-transport-security:
      - max-age=31536000; includeSubDomains
      transfer-encoding:
      - chunked
      vary:
      - Accept-Encoding
      x-content-type-options:
      - nosniff
      x-ms-arm-service-request-id:
      - aeeba739-e49b-427e-b1ab-fe8ec12f90a6
    status:
      code: 200
      message: OK
- request:
    body: null
    headers:
      Accept:
      - '*/*'
      Accept-Encoding:
      - gzip, deflate
      CommandName:
      - network vnet create
      Connection:
      - keep-alive
      ParameterSetName:
      - -g -n --subnet-name
      User-Agent:
      - AZURECLI/2.22.0 azsdk-python-azure-mgmt-network/18.0.0 Python/3.8.8 (Windows-10-10.0.19041-SP0)
    method: GET
    uri: https://management.azure.com/subscriptions/00000000-0000-0000-0000-000000000000/resourceGroups/cli_test_vnet_gateway_ipsec000001/providers/Microsoft.Network/virtualNetworks/vnet1?api-version=2020-11-01
  response:
    body:
      string: "{\r\n  \"name\": \"vnet1\",\r\n  \"id\": \"/subscriptions/00000000-0000-0000-0000-000000000000/resourceGroups/cli_test_vnet_gateway_ipsec000001/providers/Microsoft.Network/virtualNetworks/vnet1\",\r\n
        \ \"etag\": \"W/\\\"40de08c9-34ac-4b35-a3c2-f48b8baef0c7\\\"\",\r\n  \"type\":
        \"Microsoft.Network/virtualNetworks\",\r\n  \"location\": \"westus\",\r\n
        \ \"tags\": {},\r\n  \"properties\": {\r\n    \"provisioningState\": \"Succeeded\",\r\n
        \   \"resourceGuid\": \"e99e18c1-d688-4712-938b-67faba6e787b\",\r\n    \"addressSpace\":
        {\r\n      \"addressPrefixes\": [\r\n        \"10.0.0.0/16\"\r\n      ]\r\n
        \   },\r\n    \"dhcpOptions\": {\r\n      \"dnsServers\": []\r\n    },\r\n
        \   \"subnets\": [\r\n      {\r\n        \"name\": \"GatewaySubnet\",\r\n
        \       \"id\": \"/subscriptions/00000000-0000-0000-0000-000000000000/resourceGroups/cli_test_vnet_gateway_ipsec000001/providers/Microsoft.Network/virtualNetworks/vnet1/subnets/GatewaySubnet\",\r\n
        \       \"etag\": \"W/\\\"40de08c9-34ac-4b35-a3c2-f48b8baef0c7\\\"\",\r\n
        \       \"properties\": {\r\n          \"provisioningState\": \"Succeeded\",\r\n
        \         \"addressPrefix\": \"10.0.0.0/24\",\r\n          \"delegations\":
        [],\r\n          \"privateEndpointNetworkPolicies\": \"Enabled\",\r\n          \"privateLinkServiceNetworkPolicies\":
        \"Enabled\"\r\n        },\r\n        \"type\": \"Microsoft.Network/virtualNetworks/subnets\"\r\n
        \     }\r\n    ],\r\n    \"virtualNetworkPeerings\": [],\r\n    \"enableDdosProtection\":
        false\r\n  }\r\n}"
    headers:
      cache-control:
      - no-cache
      content-length:
      - '1417'
      content-type:
      - application/json; charset=utf-8
      date:
      - Mon, 12 Apr 2021 08:52:48 GMT
      etag:
      - W/"40de08c9-34ac-4b35-a3c2-f48b8baef0c7"
      expires:
      - '-1'
      pragma:
      - no-cache
      server:
      - Microsoft-HTTPAPI/2.0
      - Microsoft-HTTPAPI/2.0
      strict-transport-security:
      - max-age=31536000; includeSubDomains
      transfer-encoding:
      - chunked
      vary:
      - Accept-Encoding
      x-content-type-options:
      - nosniff
      x-ms-arm-service-request-id:
      - e62e8d2e-d681-40d4-8c13-8f2dd6d59572
    status:
      code: 200
      message: OK
- request:
    body: null
    headers:
      Accept:
      - application/json
      Accept-Encoding:
      - gzip, deflate
      CommandName:
      - network public-ip create
      Connection:
      - keep-alive
      ParameterSetName:
      - -g -n
      User-Agent:
      - python/3.8.8 (Windows-10-10.0.19041-SP0) msrest/0.6.21 msrest_azure/0.6.3
        azure-mgmt-resource/12.1.0 Azure-SDK-For-Python AZURECLI/2.22.0
      accept-language:
      - en-US
    method: GET
    uri: https://management.azure.com/subscriptions/00000000-0000-0000-0000-000000000000/resourcegroups/cli_test_vnet_gateway_ipsec000001?api-version=2020-10-01
  response:
    body:
      string: '{"id":"/subscriptions/00000000-0000-0000-0000-000000000000/resourceGroups/cli_test_vnet_gateway_ipsec000001","name":"cli_test_vnet_gateway_ipsec000001","type":"Microsoft.Resources/resourceGroups","location":"westus","tags":{"product":"azurecli","cause":"automation","date":"2021-04-12T08:52:30Z"},"properties":{"provisioningState":"Succeeded"}}'
    headers:
      cache-control:
      - no-cache
      content-length:
      - '428'
      content-type:
      - application/json; charset=utf-8
      date:
      - Mon, 12 Apr 2021 08:52:48 GMT
      expires:
      - '-1'
      pragma:
      - no-cache
      strict-transport-security:
      - max-age=31536000; includeSubDomains
      vary:
      - Accept-Encoding
      x-content-type-options:
      - nosniff
    status:
      code: 200
      message: OK
- request:
    body: '{"location": "westus", "properties": {"publicIPAllocationMethod": "Dynamic",
      "publicIPAddressVersion": "IPv4", "idleTimeoutInMinutes": 4}}'
    headers:
      Accept:
      - application/json
      Accept-Encoding:
      - gzip, deflate
      CommandName:
      - network public-ip create
      Connection:
      - keep-alive
      Content-Length:
      - '138'
      Content-Type:
      - application/json
      ParameterSetName:
      - -g -n
      User-Agent:
      - AZURECLI/2.22.0 azsdk-python-azure-mgmt-network/18.0.0 Python/3.8.8 (Windows-10-10.0.19041-SP0)
    method: PUT
    uri: https://management.azure.com/subscriptions/00000000-0000-0000-0000-000000000000/resourceGroups/cli_test_vnet_gateway_ipsec000001/providers/Microsoft.Network/publicIPAddresses/pip1?api-version=2020-11-01
  response:
    body:
      string: "{\r\n  \"name\": \"pip1\",\r\n  \"id\": \"/subscriptions/00000000-0000-0000-0000-000000000000/resourceGroups/cli_test_vnet_gateway_ipsec000001/providers/Microsoft.Network/publicIPAddresses/pip1\",\r\n
        \ \"etag\": \"W/\\\"7efa44c9-9f47-46af-b2ed-8f6cf64f510c\\\"\",\r\n  \"location\":
        \"westus\",\r\n  \"properties\": {\r\n    \"provisioningState\": \"Updating\",\r\n
        \   \"resourceGuid\": \"7b53a44f-eed6-468a-a0ef-afec17eef5ec\",\r\n    \"publicIPAddressVersion\":
        \"IPv4\",\r\n    \"publicIPAllocationMethod\": \"Dynamic\",\r\n    \"idleTimeoutInMinutes\":
        4,\r\n    \"ipTags\": []\r\n  },\r\n  \"type\": \"Microsoft.Network/publicIPAddresses\",\r\n
        \ \"sku\": {\r\n    \"name\": \"Basic\",\r\n    \"tier\": \"Regional\"\r\n
        \ }\r\n}"
    headers:
      azure-asyncnotification:
      - Enabled
      azure-asyncoperation:
      - https://management.azure.com/subscriptions/00000000-0000-0000-0000-000000000000/providers/Microsoft.Network/locations/westus/operations/a5f141bb-d54c-4745-ae88-bf185f240cd3?api-version=2020-11-01
      cache-control:
      - no-cache
      content-length:
      - '681'
      content-type:
      - application/json; charset=utf-8
      date:
      - Mon, 12 Apr 2021 08:52:54 GMT
      expires:
      - '-1'
      pragma:
      - no-cache
      server:
      - Microsoft-HTTPAPI/2.0
      - Microsoft-HTTPAPI/2.0
      strict-transport-security:
      - max-age=31536000; includeSubDomains
      x-content-type-options:
      - nosniff
      x-ms-arm-service-request-id:
      - 8f54cec3-9446-4799-a18e-42c9755d475b
      x-ms-ratelimit-remaining-subscription-writes:
      - '1199'
    status:
      code: 201
      message: Created
- request:
    body: null
    headers:
      Accept:
      - '*/*'
      Accept-Encoding:
      - gzip, deflate
      CommandName:
      - network public-ip create
      Connection:
      - keep-alive
      ParameterSetName:
      - -g -n
      User-Agent:
      - AZURECLI/2.22.0 azsdk-python-azure-mgmt-network/18.0.0 Python/3.8.8 (Windows-10-10.0.19041-SP0)
    method: GET
    uri: https://management.azure.com/subscriptions/00000000-0000-0000-0000-000000000000/providers/Microsoft.Network/locations/westus/operations/a5f141bb-d54c-4745-ae88-bf185f240cd3?api-version=2020-11-01
  response:
    body:
      string: "{\r\n  \"status\": \"Succeeded\"\r\n}"
    headers:
      cache-control:
      - no-cache
      content-length:
      - '29'
      content-type:
      - application/json; charset=utf-8
      date:
      - Mon, 12 Apr 2021 08:52:56 GMT
      expires:
      - '-1'
      pragma:
      - no-cache
      server:
      - Microsoft-HTTPAPI/2.0
      - Microsoft-HTTPAPI/2.0
      strict-transport-security:
      - max-age=31536000; includeSubDomains
      transfer-encoding:
      - chunked
      vary:
      - Accept-Encoding
      x-content-type-options:
      - nosniff
      x-ms-arm-service-request-id:
      - c547f9e0-3ad7-4708-8da5-f2e028636473
    status:
      code: 200
      message: OK
- request:
    body: null
    headers:
      Accept:
      - '*/*'
      Accept-Encoding:
      - gzip, deflate
      CommandName:
      - network public-ip create
      Connection:
      - keep-alive
      ParameterSetName:
      - -g -n
      User-Agent:
      - AZURECLI/2.22.0 azsdk-python-azure-mgmt-network/18.0.0 Python/3.8.8 (Windows-10-10.0.19041-SP0)
    method: GET
    uri: https://management.azure.com/subscriptions/00000000-0000-0000-0000-000000000000/resourceGroups/cli_test_vnet_gateway_ipsec000001/providers/Microsoft.Network/publicIPAddresses/pip1?api-version=2020-11-01
  response:
    body:
      string: "{\r\n  \"name\": \"pip1\",\r\n  \"id\": \"/subscriptions/00000000-0000-0000-0000-000000000000/resourceGroups/cli_test_vnet_gateway_ipsec000001/providers/Microsoft.Network/publicIPAddresses/pip1\",\r\n
        \ \"etag\": \"W/\\\"336fcf39-d389-4f34-830c-818de450ee8f\\\"\",\r\n  \"location\":
        \"westus\",\r\n  \"properties\": {\r\n    \"provisioningState\": \"Succeeded\",\r\n
        \   \"resourceGuid\": \"7b53a44f-eed6-468a-a0ef-afec17eef5ec\",\r\n    \"publicIPAddressVersion\":
        \"IPv4\",\r\n    \"publicIPAllocationMethod\": \"Dynamic\",\r\n    \"idleTimeoutInMinutes\":
        4,\r\n    \"ipTags\": []\r\n  },\r\n  \"type\": \"Microsoft.Network/publicIPAddresses\",\r\n
        \ \"sku\": {\r\n    \"name\": \"Basic\",\r\n    \"tier\": \"Regional\"\r\n
        \ }\r\n}"
    headers:
      cache-control:
      - no-cache
      content-length:
      - '682'
      content-type:
      - application/json; charset=utf-8
      date:
      - Mon, 12 Apr 2021 08:52:56 GMT
      etag:
      - W/"336fcf39-d389-4f34-830c-818de450ee8f"
      expires:
      - '-1'
      pragma:
      - no-cache
      server:
      - Microsoft-HTTPAPI/2.0
      - Microsoft-HTTPAPI/2.0
      strict-transport-security:
      - max-age=31536000; includeSubDomains
      transfer-encoding:
      - chunked
      vary:
      - Accept-Encoding
      x-content-type-options:
      - nosniff
      x-ms-arm-service-request-id:
      - 66a6bc2a-3ba9-4950-b553-a20ffdfd6d9e
    status:
      code: 200
      message: OK
- request:
    body: null
    headers:
      Accept:
      - application/json
      Accept-Encoding:
      - gzip, deflate
      CommandName:
      - network vnet-gateway create
      Connection:
      - keep-alive
      ParameterSetName:
      - -g -n --public-ip-address --vnet --sku --gateway-type --vpn-type --address-prefix
        --client-protocol --radius-secret --radius-server
      User-Agent:
      - python/3.8.8 (Windows-10-10.0.19041-SP0) msrest/0.6.21 msrest_azure/0.6.3
        azure-mgmt-resource/12.1.0 Azure-SDK-For-Python AZURECLI/2.22.0
      accept-language:
      - en-US
    method: GET
    uri: https://management.azure.com/subscriptions/00000000-0000-0000-0000-000000000000/resourcegroups/cli_test_vnet_gateway_ipsec000001?api-version=2020-10-01
  response:
    body:
      string: '{"id":"/subscriptions/00000000-0000-0000-0000-000000000000/resourceGroups/cli_test_vnet_gateway_ipsec000001","name":"cli_test_vnet_gateway_ipsec000001","type":"Microsoft.Resources/resourceGroups","location":"westus","tags":{"product":"azurecli","cause":"automation","date":"2021-04-12T08:52:30Z"},"properties":{"provisioningState":"Succeeded"}}'
    headers:
      cache-control:
      - no-cache
      content-length:
      - '428'
      content-type:
      - application/json; charset=utf-8
      date:
      - Mon, 12 Apr 2021 08:52:57 GMT
      expires:
      - '-1'
      pragma:
      - no-cache
      strict-transport-security:
      - max-age=31536000; includeSubDomains
      vary:
      - Accept-Encoding
      x-content-type-options:
      - nosniff
    status:
      code: 200
      message: OK
- request:
    body: '{"location": "westus", "properties": {"ipConfigurations": [{"name": "vnetGatewayConfig0",
      "properties": {"privateIPAllocationMethod": "Dynamic", "subnet": {"id": "/subscriptions/00000000-0000-0000-0000-000000000000/resourceGroups/cli_test_vnet_gateway_ipsec000001/providers/Microsoft.Network/virtualNetworks/vnet1/subnets/GatewaySubnet"},
      "publicIPAddress": {"id": "/subscriptions/00000000-0000-0000-0000-000000000000/resourceGroups/cli_test_vnet_gateway_ipsec000001/providers/Microsoft.Network/publicIPAddresses/pip1"}}}],
      "gatewayType": "Vpn", "vpnType": "RouteBased", "activeActive": false, "sku":
      {"name": "VpnGw2", "tier": "VpnGw2"}, "vpnClientConfiguration": {"vpnClientAddressPool":
      {"addressPrefixes": ["40.1.0.0/24"]}, "vpnClientProtocols": ["IkeV2", "SSTP"],
      "radiusServerAddress": "30.1.1.15", "radiusServerSecret": "111_aaa"}}}'
    headers:
      Accept:
      - application/json
      Accept-Encoding:
      - gzip, deflate
      CommandName:
      - network vnet-gateway create
      Connection:
      - keep-alive
      Content-Length:
      - '923'
      Content-Type:
      - application/json
      ParameterSetName:
      - -g -n --public-ip-address --vnet --sku --gateway-type --vpn-type --address-prefix
        --client-protocol --radius-secret --radius-server
      User-Agent:
      - AZURECLI/2.22.0 azsdk-python-azure-mgmt-network/18.0.0 Python/3.8.8 (Windows-10-10.0.19041-SP0)
    method: PUT
    uri: https://management.azure.com/subscriptions/00000000-0000-0000-0000-000000000000/resourceGroups/cli_test_vnet_gateway_ipsec000001/providers/Microsoft.Network/virtualNetworkGateways/gw1?api-version=2020-11-01
  response:
    body:
      string: "{\r\n  \"name\": \"gw1\",\r\n  \"id\": \"/subscriptions/00000000-0000-0000-0000-000000000000/resourceGroups/cli_test_vnet_gateway_ipsec000001/providers/Microsoft.Network/virtualNetworkGateways/gw1\",\r\n
        \ \"etag\": \"W/\\\"a94a61f1-38bd-4048-8379-0a09292ba431\\\"\",\r\n  \"type\":
        \"Microsoft.Network/virtualNetworkGateways\",\r\n  \"location\": \"westus\",\r\n
        \ \"properties\": {\r\n    \"provisioningState\": \"Updating\",\r\n    \"resourceGuid\":
        \"c995e4c8-f5db-411a-8140-d56497cb86f0\",\r\n    \"packetCaptureDiagnosticState\":
        \"None\",\r\n    \"enablePrivateIpAddress\": false,\r\n    \"ipConfigurations\":
        [\r\n      {\r\n        \"name\": \"vnetGatewayConfig0\",\r\n        \"id\":
        \"/subscriptions/00000000-0000-0000-0000-000000000000/resourceGroups/cli_test_vnet_gateway_ipsec000001/providers/Microsoft.Network/virtualNetworkGateways/gw1/ipConfigurations/vnetGatewayConfig0\",\r\n
        \       \"etag\": \"W/\\\"a94a61f1-38bd-4048-8379-0a09292ba431\\\"\",\r\n
        \       \"type\": \"Microsoft.Network/virtualNetworkGateways/ipConfigurations\",\r\n
        \       \"properties\": {\r\n          \"provisioningState\": \"Updating\",\r\n
        \         \"privateIPAllocationMethod\": \"Dynamic\",\r\n          \"publicIPAddress\":
        {\r\n            \"id\": \"/subscriptions/00000000-0000-0000-0000-000000000000/resourceGroups/cli_test_vnet_gateway_ipsec000001/providers/Microsoft.Network/publicIPAddresses/pip1\"\r\n
        \         },\r\n          \"subnet\": {\r\n            \"id\": \"/subscriptions/00000000-0000-0000-0000-000000000000/resourceGroups/cli_test_vnet_gateway_ipsec000001/providers/Microsoft.Network/virtualNetworks/vnet1/subnets/GatewaySubnet\"\r\n
        \         }\r\n        }\r\n      }\r\n    ],\r\n    \"natRules\": [],\r\n
        \   \"enableBgpRouteTranslationForNat\": false,\r\n    \"sku\": {\r\n      \"name\":
        \"VpnGw2\",\r\n      \"tier\": \"VpnGw2\",\r\n      \"capacity\": 2\r\n    },\r\n
        \   \"gatewayType\": \"Vpn\",\r\n    \"vpnType\": \"RouteBased\",\r\n    \"enableBgp\":
        false,\r\n    \"activeActive\": false,\r\n    \"vpnClientConfiguration\":
        {\r\n      \"vpnClientAddressPool\": {\r\n        \"addressPrefixes\": [\r\n
        \         \"40.1.0.0/24\"\r\n        ]\r\n      },\r\n      \"vpnClientProtocols\":
        [\r\n        \"IkeV2\",\r\n        \"SSTP\"\r\n      ],\r\n      \"vpnAuthenticationTypes\":
        [\r\n        \"Radius\"\r\n      ],\r\n      \"vpnClientRootCertificates\":
        [],\r\n      \"vpnClientRevokedCertificates\": [],\r\n      \"radiusServerAddress\":
        \"30.1.1.15\",\r\n      \"radiusServerSecret\": \"111_aaa\",\r\n      \"radiusServers\":
        [],\r\n      \"vpnClientIpsecPolicies\": []\r\n    },\r\n    \"bgpSettings\":
        {\r\n      \"asn\": 0,\r\n      \"peerWeight\": 0,\r\n      \"bgpPeeringAddresses\":
        [\r\n        {\r\n          \"ipconfigurationId\": \"/subscriptions/00000000-0000-0000-0000-000000000000/resourceGroups/cli_test_vnet_gateway_ipsec000001/providers/Microsoft.Network/virtualNetworkGateways/gw1/ipConfigurations/vnetGatewayConfig0\",\r\n
        \         \"defaultBgpIpAddresses\": [],\r\n          \"customBgpIpAddresses\":
        []\r\n        }\r\n      ]\r\n    },\r\n    \"vpnGatewayGeneration\": \"Generation1\"\r\n
        \ }\r\n}"
    headers:
      azure-asyncnotification:
      - Enabled
      azure-asyncoperation:
      - https://management.azure.com/subscriptions/00000000-0000-0000-0000-000000000000/providers/Microsoft.Network/locations/westus/operations/b6eeeef9-794d-45b8-8ed6-21649e2029dd?api-version=2020-11-01
      cache-control:
      - no-cache
      content-length:
      - '3037'
      content-type:
      - application/json; charset=utf-8
      date:
      - Mon, 12 Apr 2021 08:53:03 GMT
      expires:
      - '-1'
      pragma:
      - no-cache
      server:
      - Microsoft-HTTPAPI/2.0
      - Microsoft-HTTPAPI/2.0
      strict-transport-security:
      - max-age=31536000; includeSubDomains
      x-content-type-options:
      - nosniff
      x-ms-arm-service-request-id:
      - f3c51706-cede-40d9-bdc4-33df744eced8
      x-ms-ratelimit-remaining-subscription-writes:
      - '1199'
    status:
      code: 201
      message: Created
- request:
    body: null
    headers:
      Accept:
      - '*/*'
      Accept-Encoding:
      - gzip, deflate
      CommandName:
      - network vnet-gateway create
      Connection:
      - keep-alive
      ParameterSetName:
      - -g -n --public-ip-address --vnet --sku --gateway-type --vpn-type --address-prefix
        --client-protocol --radius-secret --radius-server
      User-Agent:
      - AZURECLI/2.22.0 azsdk-python-azure-mgmt-network/18.0.0 Python/3.8.8 (Windows-10-10.0.19041-SP0)
    method: GET
    uri: https://management.azure.com/subscriptions/00000000-0000-0000-0000-000000000000/providers/Microsoft.Network/locations/westus/operations/b6eeeef9-794d-45b8-8ed6-21649e2029dd?api-version=2020-11-01
  response:
    body:
      string: "{\r\n  \"status\": \"InProgress\"\r\n}"
    headers:
      cache-control:
      - no-cache
      content-length:
      - '30'
      content-type:
      - application/json; charset=utf-8
      date:
      - Mon, 12 Apr 2021 08:53:14 GMT
      expires:
      - '-1'
      pragma:
      - no-cache
      server:
      - Microsoft-HTTPAPI/2.0
      - Microsoft-HTTPAPI/2.0
      strict-transport-security:
      - max-age=31536000; includeSubDomains
      transfer-encoding:
      - chunked
      vary:
      - Accept-Encoding
      x-content-type-options:
      - nosniff
      x-ms-arm-service-request-id:
      - d86bc029-7c14-4e5c-a7a4-3c8e83df43ec
    status:
      code: 200
      message: OK
- request:
    body: null
    headers:
      Accept:
      - '*/*'
      Accept-Encoding:
      - gzip, deflate
      CommandName:
      - network vnet-gateway create
      Connection:
      - keep-alive
      ParameterSetName:
      - -g -n --public-ip-address --vnet --sku --gateway-type --vpn-type --address-prefix
        --client-protocol --radius-secret --radius-server
      User-Agent:
      - AZURECLI/2.22.0 azsdk-python-azure-mgmt-network/18.0.0 Python/3.8.8 (Windows-10-10.0.19041-SP0)
    method: GET
    uri: https://management.azure.com/subscriptions/00000000-0000-0000-0000-000000000000/providers/Microsoft.Network/locations/westus/operations/b6eeeef9-794d-45b8-8ed6-21649e2029dd?api-version=2020-11-01
  response:
    body:
      string: "{\r\n  \"status\": \"InProgress\"\r\n}"
    headers:
      cache-control:
      - no-cache
      content-length:
      - '30'
      content-type:
      - application/json; charset=utf-8
      date:
      - Mon, 12 Apr 2021 08:53:24 GMT
      expires:
      - '-1'
      pragma:
      - no-cache
      server:
      - Microsoft-HTTPAPI/2.0
      - Microsoft-HTTPAPI/2.0
      strict-transport-security:
      - max-age=31536000; includeSubDomains
      transfer-encoding:
      - chunked
      vary:
      - Accept-Encoding
      x-content-type-options:
      - nosniff
      x-ms-arm-service-request-id:
      - 57419ce8-e81e-440b-af74-734a26f88020
    status:
      code: 200
      message: OK
- request:
    body: null
    headers:
      Accept:
      - '*/*'
      Accept-Encoding:
      - gzip, deflate
      CommandName:
      - network vnet-gateway create
      Connection:
      - keep-alive
      ParameterSetName:
      - -g -n --public-ip-address --vnet --sku --gateway-type --vpn-type --address-prefix
        --client-protocol --radius-secret --radius-server
      User-Agent:
      - AZURECLI/2.22.0 azsdk-python-azure-mgmt-network/18.0.0 Python/3.8.8 (Windows-10-10.0.19041-SP0)
    method: GET
    uri: https://management.azure.com/subscriptions/00000000-0000-0000-0000-000000000000/providers/Microsoft.Network/locations/westus/operations/b6eeeef9-794d-45b8-8ed6-21649e2029dd?api-version=2020-11-01
  response:
    body:
      string: "{\r\n  \"status\": \"InProgress\"\r\n}"
    headers:
      cache-control:
      - no-cache
      content-length:
      - '30'
      content-type:
      - application/json; charset=utf-8
      date:
      - Mon, 12 Apr 2021 08:53:44 GMT
      expires:
      - '-1'
      pragma:
      - no-cache
      server:
      - Microsoft-HTTPAPI/2.0
      - Microsoft-HTTPAPI/2.0
      strict-transport-security:
      - max-age=31536000; includeSubDomains
      transfer-encoding:
      - chunked
      vary:
      - Accept-Encoding
      x-content-type-options:
      - nosniff
      x-ms-arm-service-request-id:
      - 51da2452-afe5-418b-8f72-8f01b0a24a76
    status:
      code: 200
      message: OK
- request:
    body: null
    headers:
      Accept:
      - '*/*'
      Accept-Encoding:
      - gzip, deflate
      CommandName:
      - network vnet-gateway create
      Connection:
      - keep-alive
      ParameterSetName:
      - -g -n --public-ip-address --vnet --sku --gateway-type --vpn-type --address-prefix
        --client-protocol --radius-secret --radius-server
      User-Agent:
      - AZURECLI/2.22.0 azsdk-python-azure-mgmt-network/18.0.0 Python/3.8.8 (Windows-10-10.0.19041-SP0)
    method: GET
    uri: https://management.azure.com/subscriptions/00000000-0000-0000-0000-000000000000/providers/Microsoft.Network/locations/westus/operations/b6eeeef9-794d-45b8-8ed6-21649e2029dd?api-version=2020-11-01
  response:
    body:
      string: "{\r\n  \"status\": \"InProgress\"\r\n}"
    headers:
      cache-control:
      - no-cache
      content-length:
      - '30'
      content-type:
      - application/json; charset=utf-8
      date:
      - Mon, 12 Apr 2021 08:54:04 GMT
      expires:
      - '-1'
      pragma:
      - no-cache
      server:
      - Microsoft-HTTPAPI/2.0
      - Microsoft-HTTPAPI/2.0
      strict-transport-security:
      - max-age=31536000; includeSubDomains
      transfer-encoding:
      - chunked
      vary:
      - Accept-Encoding
      x-content-type-options:
      - nosniff
      x-ms-arm-service-request-id:
      - 063ea588-2d1a-4efd-97fb-8922cd5709cc
    status:
      code: 200
      message: OK
- request:
    body: null
    headers:
      Accept:
      - '*/*'
      Accept-Encoding:
      - gzip, deflate
      CommandName:
      - network vnet-gateway create
      Connection:
      - keep-alive
      ParameterSetName:
      - -g -n --public-ip-address --vnet --sku --gateway-type --vpn-type --address-prefix
        --client-protocol --radius-secret --radius-server
      User-Agent:
      - AZURECLI/2.22.0 azsdk-python-azure-mgmt-network/18.0.0 Python/3.8.8 (Windows-10-10.0.19041-SP0)
    method: GET
    uri: https://management.azure.com/subscriptions/00000000-0000-0000-0000-000000000000/providers/Microsoft.Network/locations/westus/operations/b6eeeef9-794d-45b8-8ed6-21649e2029dd?api-version=2020-11-01
  response:
    body:
      string: "{\r\n  \"status\": \"InProgress\"\r\n}"
    headers:
      cache-control:
      - no-cache
      content-length:
      - '30'
      content-type:
      - application/json; charset=utf-8
      date:
      - Mon, 12 Apr 2021 08:54:45 GMT
      expires:
      - '-1'
      pragma:
      - no-cache
      server:
      - Microsoft-HTTPAPI/2.0
      - Microsoft-HTTPAPI/2.0
      strict-transport-security:
      - max-age=31536000; includeSubDomains
      transfer-encoding:
      - chunked
      vary:
      - Accept-Encoding
      x-content-type-options:
      - nosniff
      x-ms-arm-service-request-id:
      - 7c0e9517-a56e-4248-8655-cbdcfb35449f
    status:
      code: 200
      message: OK
- request:
    body: null
    headers:
      Accept:
      - '*/*'
      Accept-Encoding:
      - gzip, deflate
      CommandName:
      - network vnet-gateway create
      Connection:
      - keep-alive
      ParameterSetName:
      - -g -n --public-ip-address --vnet --sku --gateway-type --vpn-type --address-prefix
        --client-protocol --radius-secret --radius-server
      User-Agent:
      - AZURECLI/2.22.0 azsdk-python-azure-mgmt-network/18.0.0 Python/3.8.8 (Windows-10-10.0.19041-SP0)
    method: GET
    uri: https://management.azure.com/subscriptions/00000000-0000-0000-0000-000000000000/providers/Microsoft.Network/locations/westus/operations/b6eeeef9-794d-45b8-8ed6-21649e2029dd?api-version=2020-11-01
  response:
    body:
      string: "{\r\n  \"status\": \"InProgress\"\r\n}"
    headers:
      cache-control:
      - no-cache
      content-length:
      - '30'
      content-type:
      - application/json; charset=utf-8
      date:
      - Mon, 12 Apr 2021 08:55:25 GMT
      expires:
      - '-1'
      pragma:
      - no-cache
      server:
      - Microsoft-HTTPAPI/2.0
      - Microsoft-HTTPAPI/2.0
      strict-transport-security:
      - max-age=31536000; includeSubDomains
      transfer-encoding:
      - chunked
      vary:
      - Accept-Encoding
      x-content-type-options:
      - nosniff
      x-ms-arm-service-request-id:
      - 1af5bd1b-919d-41d2-8fa2-91e4168986ec
    status:
      code: 200
      message: OK
- request:
    body: null
    headers:
      Accept:
      - '*/*'
      Accept-Encoding:
      - gzip, deflate
      CommandName:
      - network vnet-gateway create
      Connection:
      - keep-alive
      ParameterSetName:
      - -g -n --public-ip-address --vnet --sku --gateway-type --vpn-type --address-prefix
        --client-protocol --radius-secret --radius-server
      User-Agent:
      - AZURECLI/2.22.0 azsdk-python-azure-mgmt-network/18.0.0 Python/3.8.8 (Windows-10-10.0.19041-SP0)
    method: GET
    uri: https://management.azure.com/subscriptions/00000000-0000-0000-0000-000000000000/providers/Microsoft.Network/locations/westus/operations/b6eeeef9-794d-45b8-8ed6-21649e2029dd?api-version=2020-11-01
  response:
    body:
      string: "{\r\n  \"status\": \"InProgress\"\r\n}"
    headers:
      cache-control:
      - no-cache
      content-length:
      - '30'
      content-type:
      - application/json; charset=utf-8
      date:
      - Mon, 12 Apr 2021 08:56:46 GMT
      expires:
      - '-1'
      pragma:
      - no-cache
      server:
      - Microsoft-HTTPAPI/2.0
      - Microsoft-HTTPAPI/2.0
      strict-transport-security:
      - max-age=31536000; includeSubDomains
      transfer-encoding:
      - chunked
      vary:
      - Accept-Encoding
      x-content-type-options:
      - nosniff
      x-ms-arm-service-request-id:
      - 3fa583e4-9432-4e5a-aefe-f8fbba7906d8
    status:
      code: 200
      message: OK
- request:
    body: null
    headers:
      Accept:
      - '*/*'
      Accept-Encoding:
      - gzip, deflate
      CommandName:
      - network vnet-gateway create
      Connection:
      - keep-alive
      ParameterSetName:
      - -g -n --public-ip-address --vnet --sku --gateway-type --vpn-type --address-prefix
        --client-protocol --radius-secret --radius-server
      User-Agent:
      - AZURECLI/2.22.0 azsdk-python-azure-mgmt-network/18.0.0 Python/3.8.8 (Windows-10-10.0.19041-SP0)
    method: GET
    uri: https://management.azure.com/subscriptions/00000000-0000-0000-0000-000000000000/providers/Microsoft.Network/locations/westus/operations/b6eeeef9-794d-45b8-8ed6-21649e2029dd?api-version=2020-11-01
  response:
    body:
      string: "{\r\n  \"status\": \"InProgress\"\r\n}"
    headers:
      cache-control:
      - no-cache
      content-length:
      - '30'
      content-type:
      - application/json; charset=utf-8
      date:
      - Mon, 12 Apr 2021 08:59:26 GMT
      expires:
      - '-1'
      pragma:
      - no-cache
      server:
      - Microsoft-HTTPAPI/2.0
      - Microsoft-HTTPAPI/2.0
      strict-transport-security:
      - max-age=31536000; includeSubDomains
      transfer-encoding:
      - chunked
      vary:
      - Accept-Encoding
      x-content-type-options:
      - nosniff
      x-ms-arm-service-request-id:
      - b5b5b941-5b41-4f2d-8d35-50e22701e8fb
    status:
      code: 200
      message: OK
- request:
    body: null
    headers:
      Accept:
      - '*/*'
      Accept-Encoding:
      - gzip, deflate
      CommandName:
      - network vnet-gateway create
      Connection:
      - keep-alive
      ParameterSetName:
      - -g -n --public-ip-address --vnet --sku --gateway-type --vpn-type --address-prefix
        --client-protocol --radius-secret --radius-server
      User-Agent:
      - AZURECLI/2.22.0 azsdk-python-azure-mgmt-network/18.0.0 Python/3.8.8 (Windows-10-10.0.19041-SP0)
    method: GET
    uri: https://management.azure.com/subscriptions/00000000-0000-0000-0000-000000000000/providers/Microsoft.Network/locations/westus/operations/b6eeeef9-794d-45b8-8ed6-21649e2029dd?api-version=2020-11-01
  response:
    body:
      string: "{\r\n  \"status\": \"InProgress\"\r\n}"
    headers:
      cache-control:
      - no-cache
      content-length:
      - '30'
      content-type:
      - application/json; charset=utf-8
      date:
      - Mon, 12 Apr 2021 09:01:06 GMT
      expires:
      - '-1'
      pragma:
      - no-cache
      server:
      - Microsoft-HTTPAPI/2.0
      - Microsoft-HTTPAPI/2.0
      strict-transport-security:
      - max-age=31536000; includeSubDomains
      transfer-encoding:
      - chunked
      vary:
      - Accept-Encoding
      x-content-type-options:
      - nosniff
      x-ms-arm-service-request-id:
      - 51623c82-04c5-4d5d-9c33-4f10424493da
    status:
      code: 200
      message: OK
- request:
    body: null
    headers:
      Accept:
      - '*/*'
      Accept-Encoding:
      - gzip, deflate
      CommandName:
      - network vnet-gateway create
      Connection:
      - keep-alive
      ParameterSetName:
      - -g -n --public-ip-address --vnet --sku --gateway-type --vpn-type --address-prefix
        --client-protocol --radius-secret --radius-server
      User-Agent:
      - AZURECLI/2.22.0 azsdk-python-azure-mgmt-network/18.0.0 Python/3.8.8 (Windows-10-10.0.19041-SP0)
    method: GET
    uri: https://management.azure.com/subscriptions/00000000-0000-0000-0000-000000000000/providers/Microsoft.Network/locations/westus/operations/b6eeeef9-794d-45b8-8ed6-21649e2029dd?api-version=2020-11-01
  response:
    body:
      string: "{\r\n  \"status\": \"InProgress\"\r\n}"
    headers:
      cache-control:
      - no-cache
      content-length:
      - '30'
      content-type:
      - application/json; charset=utf-8
      date:
      - Mon, 12 Apr 2021 09:02:47 GMT
      expires:
      - '-1'
      pragma:
      - no-cache
      server:
      - Microsoft-HTTPAPI/2.0
      - Microsoft-HTTPAPI/2.0
      strict-transport-security:
      - max-age=31536000; includeSubDomains
      transfer-encoding:
      - chunked
      vary:
      - Accept-Encoding
      x-content-type-options:
      - nosniff
      x-ms-arm-service-request-id:
      - e7828dc8-ea60-4c13-9286-9b4bf3b13342
    status:
      code: 200
      message: OK
- request:
    body: null
    headers:
      Accept:
      - '*/*'
      Accept-Encoding:
      - gzip, deflate
      CommandName:
      - network vnet-gateway create
      Connection:
      - keep-alive
      ParameterSetName:
      - -g -n --public-ip-address --vnet --sku --gateway-type --vpn-type --address-prefix
        --client-protocol --radius-secret --radius-server
      User-Agent:
      - AZURECLI/2.22.0 azsdk-python-azure-mgmt-network/18.0.0 Python/3.8.8 (Windows-10-10.0.19041-SP0)
    method: GET
    uri: https://management.azure.com/subscriptions/00000000-0000-0000-0000-000000000000/providers/Microsoft.Network/locations/westus/operations/b6eeeef9-794d-45b8-8ed6-21649e2029dd?api-version=2020-11-01
  response:
    body:
      string: "{\r\n  \"status\": \"InProgress\"\r\n}"
    headers:
      cache-control:
      - no-cache
      content-length:
      - '30'
      content-type:
      - application/json; charset=utf-8
      date:
      - Mon, 12 Apr 2021 09:04:27 GMT
      expires:
      - '-1'
      pragma:
      - no-cache
      server:
      - Microsoft-HTTPAPI/2.0
      - Microsoft-HTTPAPI/2.0
      strict-transport-security:
      - max-age=31536000; includeSubDomains
      transfer-encoding:
      - chunked
      vary:
      - Accept-Encoding
      x-content-type-options:
      - nosniff
      x-ms-arm-service-request-id:
      - 6ecde3a1-3ff7-41c6-a068-54d80bae50c7
    status:
      code: 200
      message: OK
- request:
    body: null
    headers:
      Accept:
      - '*/*'
      Accept-Encoding:
      - gzip, deflate
      CommandName:
      - network vnet-gateway create
      Connection:
      - keep-alive
      ParameterSetName:
      - -g -n --public-ip-address --vnet --sku --gateway-type --vpn-type --address-prefix
        --client-protocol --radius-secret --radius-server
      User-Agent:
      - AZURECLI/2.22.0 azsdk-python-azure-mgmt-network/18.0.0 Python/3.8.8 (Windows-10-10.0.19041-SP0)
    method: GET
    uri: https://management.azure.com/subscriptions/00000000-0000-0000-0000-000000000000/providers/Microsoft.Network/locations/westus/operations/b6eeeef9-794d-45b8-8ed6-21649e2029dd?api-version=2020-11-01
  response:
    body:
      string: "{\r\n  \"status\": \"InProgress\"\r\n}"
    headers:
      cache-control:
      - no-cache
      content-length:
      - '30'
      content-type:
      - application/json; charset=utf-8
      date:
      - Mon, 12 Apr 2021 09:06:08 GMT
      expires:
      - '-1'
      pragma:
      - no-cache
      server:
      - Microsoft-HTTPAPI/2.0
      - Microsoft-HTTPAPI/2.0
      strict-transport-security:
      - max-age=31536000; includeSubDomains
      transfer-encoding:
      - chunked
      vary:
      - Accept-Encoding
      x-content-type-options:
      - nosniff
      x-ms-arm-service-request-id:
      - 206a4e9d-269d-4da6-b1fc-3db3fad29cb9
    status:
      code: 200
      message: OK
- request:
    body: null
    headers:
      Accept:
      - '*/*'
      Accept-Encoding:
      - gzip, deflate
      CommandName:
      - network vnet-gateway create
      Connection:
      - keep-alive
      ParameterSetName:
      - -g -n --public-ip-address --vnet --sku --gateway-type --vpn-type --address-prefix
        --client-protocol --radius-secret --radius-server
      User-Agent:
      - AZURECLI/2.22.0 azsdk-python-azure-mgmt-network/18.0.0 Python/3.8.8 (Windows-10-10.0.19041-SP0)
    method: GET
    uri: https://management.azure.com/subscriptions/00000000-0000-0000-0000-000000000000/providers/Microsoft.Network/locations/westus/operations/b6eeeef9-794d-45b8-8ed6-21649e2029dd?api-version=2020-11-01
  response:
    body:
      string: "{\r\n  \"status\": \"InProgress\"\r\n}"
    headers:
      cache-control:
      - no-cache
      content-length:
      - '30'
      content-type:
      - application/json; charset=utf-8
      date:
      - Mon, 12 Apr 2021 09:07:48 GMT
      expires:
      - '-1'
      pragma:
      - no-cache
      server:
      - Microsoft-HTTPAPI/2.0
      - Microsoft-HTTPAPI/2.0
      strict-transport-security:
      - max-age=31536000; includeSubDomains
      transfer-encoding:
      - chunked
      vary:
      - Accept-Encoding
      x-content-type-options:
      - nosniff
      x-ms-arm-service-request-id:
      - 26b902cd-eb75-4dee-bbbd-be7aac2d2f97
    status:
      code: 200
      message: OK
- request:
    body: null
    headers:
      Accept:
      - '*/*'
      Accept-Encoding:
      - gzip, deflate
      CommandName:
      - network vnet-gateway create
      Connection:
      - keep-alive
      ParameterSetName:
      - -g -n --public-ip-address --vnet --sku --gateway-type --vpn-type --address-prefix
        --client-protocol --radius-secret --radius-server
      User-Agent:
      - AZURECLI/2.22.0 azsdk-python-azure-mgmt-network/18.0.0 Python/3.8.8 (Windows-10-10.0.19041-SP0)
    method: GET
    uri: https://management.azure.com/subscriptions/00000000-0000-0000-0000-000000000000/providers/Microsoft.Network/locations/westus/operations/b6eeeef9-794d-45b8-8ed6-21649e2029dd?api-version=2020-11-01
  response:
    body:
      string: "{\r\n  \"status\": \"InProgress\"\r\n}"
    headers:
      cache-control:
      - no-cache
      content-length:
      - '30'
      content-type:
      - application/json; charset=utf-8
      date:
      - Mon, 12 Apr 2021 09:09:28 GMT
      expires:
      - '-1'
      pragma:
      - no-cache
      server:
      - Microsoft-HTTPAPI/2.0
      - Microsoft-HTTPAPI/2.0
      strict-transport-security:
      - max-age=31536000; includeSubDomains
      transfer-encoding:
      - chunked
      vary:
      - Accept-Encoding
      x-content-type-options:
      - nosniff
      x-ms-arm-service-request-id:
      - cdd54586-721d-4715-8cd7-80f5e6f93974
    status:
      code: 200
      message: OK
- request:
    body: null
    headers:
      Accept:
      - '*/*'
      Accept-Encoding:
      - gzip, deflate
      CommandName:
      - network vnet-gateway create
      Connection:
      - keep-alive
      ParameterSetName:
      - -g -n --public-ip-address --vnet --sku --gateway-type --vpn-type --address-prefix
        --client-protocol --radius-secret --radius-server
      User-Agent:
      - AZURECLI/2.22.0 azsdk-python-azure-mgmt-network/18.0.0 Python/3.8.8 (Windows-10-10.0.19041-SP0)
    method: GET
    uri: https://management.azure.com/subscriptions/00000000-0000-0000-0000-000000000000/providers/Microsoft.Network/locations/westus/operations/b6eeeef9-794d-45b8-8ed6-21649e2029dd?api-version=2020-11-01
  response:
    body:
      string: "{\r\n  \"status\": \"Succeeded\"\r\n}"
    headers:
      cache-control:
      - no-cache
      content-length:
      - '29'
      content-type:
      - application/json; charset=utf-8
      date:
      - Mon, 12 Apr 2021 09:11:08 GMT
      expires:
      - '-1'
      pragma:
      - no-cache
      server:
      - Microsoft-HTTPAPI/2.0
      - Microsoft-HTTPAPI/2.0
      strict-transport-security:
      - max-age=31536000; includeSubDomains
      transfer-encoding:
      - chunked
      vary:
      - Accept-Encoding
      x-content-type-options:
      - nosniff
      x-ms-arm-service-request-id:
      - c29f77f3-d94e-434e-826c-43fd12739aef
    status:
      code: 200
      message: OK
- request:
    body: null
    headers:
      Accept:
      - '*/*'
      Accept-Encoding:
      - gzip, deflate
      CommandName:
      - network vnet-gateway create
      Connection:
      - keep-alive
      ParameterSetName:
      - -g -n --public-ip-address --vnet --sku --gateway-type --vpn-type --address-prefix
        --client-protocol --radius-secret --radius-server
      User-Agent:
      - AZURECLI/2.22.0 azsdk-python-azure-mgmt-network/18.0.0 Python/3.8.8 (Windows-10-10.0.19041-SP0)
    method: GET
    uri: https://management.azure.com/subscriptions/00000000-0000-0000-0000-000000000000/resourceGroups/cli_test_vnet_gateway_ipsec000001/providers/Microsoft.Network/virtualNetworkGateways/gw1?api-version=2020-11-01
  response:
    body:
      string: "{\r\n  \"name\": \"gw1\",\r\n  \"id\": \"/subscriptions/00000000-0000-0000-0000-000000000000/resourceGroups/cli_test_vnet_gateway_ipsec000001/providers/Microsoft.Network/virtualNetworkGateways/gw1\",\r\n
        \ \"etag\": \"W/\\\"e27608cd-1e83-40ae-8604-108d83d60289\\\"\",\r\n  \"type\":
        \"Microsoft.Network/virtualNetworkGateways\",\r\n  \"location\": \"westus\",\r\n
        \ \"properties\": {\r\n    \"provisioningState\": \"Succeeded\",\r\n    \"resourceGuid\":
        \"c995e4c8-f5db-411a-8140-d56497cb86f0\",\r\n    \"packetCaptureDiagnosticState\":
        \"None\",\r\n    \"enablePrivateIpAddress\": false,\r\n    \"ipConfigurations\":
        [\r\n      {\r\n        \"name\": \"vnetGatewayConfig0\",\r\n        \"id\":
        \"/subscriptions/00000000-0000-0000-0000-000000000000/resourceGroups/cli_test_vnet_gateway_ipsec000001/providers/Microsoft.Network/virtualNetworkGateways/gw1/ipConfigurations/vnetGatewayConfig0\",\r\n
        \       \"etag\": \"W/\\\"e27608cd-1e83-40ae-8604-108d83d60289\\\"\",\r\n
        \       \"type\": \"Microsoft.Network/virtualNetworkGateways/ipConfigurations\",\r\n
        \       \"properties\": {\r\n          \"provisioningState\": \"Succeeded\",\r\n
        \         \"privateIPAllocationMethod\": \"Dynamic\",\r\n          \"publicIPAddress\":
        {\r\n            \"id\": \"/subscriptions/00000000-0000-0000-0000-000000000000/resourceGroups/cli_test_vnet_gateway_ipsec000001/providers/Microsoft.Network/publicIPAddresses/pip1\"\r\n
        \         },\r\n          \"subnet\": {\r\n            \"id\": \"/subscriptions/00000000-0000-0000-0000-000000000000/resourceGroups/cli_test_vnet_gateway_ipsec000001/providers/Microsoft.Network/virtualNetworks/vnet1/subnets/GatewaySubnet\"\r\n
        \         }\r\n        }\r\n      }\r\n    ],\r\n    \"natRules\": [],\r\n
        \   \"enableBgpRouteTranslationForNat\": false,\r\n    \"sku\": {\r\n      \"name\":
        \"VpnGw2\",\r\n      \"tier\": \"VpnGw2\",\r\n      \"capacity\": 2\r\n    },\r\n
        \   \"gatewayType\": \"Vpn\",\r\n    \"vpnType\": \"RouteBased\",\r\n    \"enableBgp\":
        false,\r\n    \"activeActive\": false,\r\n    \"vpnClientConfiguration\":
        {\r\n      \"vpnClientAddressPool\": {\r\n        \"addressPrefixes\": [\r\n
        \         \"40.1.0.0/24\"\r\n        ]\r\n      },\r\n      \"vpnClientProtocols\":
        [\r\n        \"SSTP\",\r\n        \"IkeV2\"\r\n      ],\r\n      \"vpnAuthenticationTypes\":
        [\r\n        \"Radius\"\r\n      ],\r\n      \"vpnClientRootCertificates\":
        [],\r\n      \"vpnClientRevokedCertificates\": [],\r\n      \"vpnClientConnectionHealth\":
        {\r\n        \"vpnClientConnectionsCount\": 0,\r\n        \"totalIngressBytesTransferred\":
        0,\r\n        \"totalEgressBytesTransferred\": 0\r\n      },\r\n      \"radiusServerAddress\":
        \"30.1.1.15\",\r\n      \"radiusServerSecret\": \"111_aaa\",\r\n      \"radiusServers\":
        [],\r\n      \"vpnClientIpsecPolicies\": []\r\n    },\r\n    \"bgpSettings\":
        {\r\n      \"asn\": 65515,\r\n      \"bgpPeeringAddress\": \"10.0.0.254\",\r\n
        \     \"peerWeight\": 0,\r\n      \"bgpPeeringAddresses\": [\r\n        {\r\n
        \         \"ipconfigurationId\": \"/subscriptions/00000000-0000-0000-0000-000000000000/resourceGroups/cli_test_vnet_gateway_ipsec000001/providers/Microsoft.Network/virtualNetworkGateways/gw1/ipConfigurations/vnetGatewayConfig0\",\r\n
        \         \"defaultBgpIpAddresses\": [\r\n            \"10.0.0.254\"\r\n          ],\r\n
        \         \"customBgpIpAddresses\": [],\r\n          \"tunnelIpAddresses\":
        [\r\n            \"104.40.11.224\"\r\n          ]\r\n        }\r\n      ]\r\n
        \   },\r\n    \"vpnGatewayGeneration\": \"Generation1\"\r\n  }\r\n}"
    headers:
      cache-control:
      - no-cache
      content-length:
      - '3375'
      content-type:
      - application/json; charset=utf-8
      date:
      - Mon, 12 Apr 2021 09:11:09 GMT
      expires:
      - '-1'
      pragma:
      - no-cache
      server:
      - Microsoft-HTTPAPI/2.0
      - Microsoft-HTTPAPI/2.0
      strict-transport-security:
      - max-age=31536000; includeSubDomains
      transfer-encoding:
      - chunked
      vary:
      - Accept-Encoding
      x-content-type-options:
      - nosniff
      x-ms-arm-service-request-id:
      - b726dd34-1473-4fac-ac14-1b23a550bff7
    status:
      code: 200
      message: OK
- request:
    body: null
    headers:
      Accept:
      - application/json
      Accept-Encoding:
      - gzip, deflate
      CommandName:
      - network vnet-gateway ipsec-policy add
      Connection:
      - keep-alive
      ParameterSetName:
      - -g --gateway-name --ike-encryption --ike-integrity --dh-group --ipsec-encryption
        --ipsec-integrity --pfs-group --sa-lifetime --sa-max-size
      User-Agent:
      - AZURECLI/2.22.0 azsdk-python-azure-mgmt-network/18.0.0 Python/3.8.8 (Windows-10-10.0.19041-SP0)
    method: GET
    uri: https://management.azure.com/subscriptions/00000000-0000-0000-0000-000000000000/resourceGroups/cli_test_vnet_gateway_ipsec000001/providers/Microsoft.Network/virtualNetworkGateways/gw1?api-version=2020-11-01
  response:
    body:
      string: "{\r\n  \"name\": \"gw1\",\r\n  \"id\": \"/subscriptions/00000000-0000-0000-0000-000000000000/resourceGroups/cli_test_vnet_gateway_ipsec000001/providers/Microsoft.Network/virtualNetworkGateways/gw1\",\r\n
        \ \"etag\": \"W/\\\"e27608cd-1e83-40ae-8604-108d83d60289\\\"\",\r\n  \"type\":
        \"Microsoft.Network/virtualNetworkGateways\",\r\n  \"location\": \"westus\",\r\n
        \ \"properties\": {\r\n    \"provisioningState\": \"Succeeded\",\r\n    \"resourceGuid\":
        \"c995e4c8-f5db-411a-8140-d56497cb86f0\",\r\n    \"packetCaptureDiagnosticState\":
        \"None\",\r\n    \"enablePrivateIpAddress\": false,\r\n    \"ipConfigurations\":
        [\r\n      {\r\n        \"name\": \"vnetGatewayConfig0\",\r\n        \"id\":
        \"/subscriptions/00000000-0000-0000-0000-000000000000/resourceGroups/cli_test_vnet_gateway_ipsec000001/providers/Microsoft.Network/virtualNetworkGateways/gw1/ipConfigurations/vnetGatewayConfig0\",\r\n
        \       \"etag\": \"W/\\\"e27608cd-1e83-40ae-8604-108d83d60289\\\"\",\r\n
        \       \"type\": \"Microsoft.Network/virtualNetworkGateways/ipConfigurations\",\r\n
        \       \"properties\": {\r\n          \"provisioningState\": \"Succeeded\",\r\n
        \         \"privateIPAllocationMethod\": \"Dynamic\",\r\n          \"publicIPAddress\":
        {\r\n            \"id\": \"/subscriptions/00000000-0000-0000-0000-000000000000/resourceGroups/cli_test_vnet_gateway_ipsec000001/providers/Microsoft.Network/publicIPAddresses/pip1\"\r\n
        \         },\r\n          \"subnet\": {\r\n            \"id\": \"/subscriptions/00000000-0000-0000-0000-000000000000/resourceGroups/cli_test_vnet_gateway_ipsec000001/providers/Microsoft.Network/virtualNetworks/vnet1/subnets/GatewaySubnet\"\r\n
        \         }\r\n        }\r\n      }\r\n    ],\r\n    \"natRules\": [],\r\n
        \   \"enableBgpRouteTranslationForNat\": false,\r\n    \"sku\": {\r\n      \"name\":
        \"VpnGw2\",\r\n      \"tier\": \"VpnGw2\",\r\n      \"capacity\": 2\r\n    },\r\n
        \   \"gatewayType\": \"Vpn\",\r\n    \"vpnType\": \"RouteBased\",\r\n    \"enableBgp\":
        false,\r\n    \"activeActive\": false,\r\n    \"vpnClientConfiguration\":
        {\r\n      \"vpnClientAddressPool\": {\r\n        \"addressPrefixes\": [\r\n
        \         \"40.1.0.0/24\"\r\n        ]\r\n      },\r\n      \"vpnClientProtocols\":
        [\r\n        \"SSTP\",\r\n        \"IkeV2\"\r\n      ],\r\n      \"vpnAuthenticationTypes\":
        [\r\n        \"Radius\"\r\n      ],\r\n      \"vpnClientRootCertificates\":
        [],\r\n      \"vpnClientRevokedCertificates\": [],\r\n      \"vpnClientConnectionHealth\":
        {\r\n        \"vpnClientConnectionsCount\": 0,\r\n        \"totalIngressBytesTransferred\":
        0,\r\n        \"totalEgressBytesTransferred\": 0\r\n      },\r\n      \"radiusServerAddress\":
        \"30.1.1.15\",\r\n      \"radiusServerSecret\": \"111_aaa\",\r\n      \"radiusServers\":
        [],\r\n      \"vpnClientIpsecPolicies\": []\r\n    },\r\n    \"bgpSettings\":
        {\r\n      \"asn\": 65515,\r\n      \"bgpPeeringAddress\": \"10.0.0.254\",\r\n
        \     \"peerWeight\": 0,\r\n      \"bgpPeeringAddresses\": [\r\n        {\r\n
        \         \"ipconfigurationId\": \"/subscriptions/00000000-0000-0000-0000-000000000000/resourceGroups/cli_test_vnet_gateway_ipsec000001/providers/Microsoft.Network/virtualNetworkGateways/gw1/ipConfigurations/vnetGatewayConfig0\",\r\n
        \         \"defaultBgpIpAddresses\": [\r\n            \"10.0.0.254\"\r\n          ],\r\n
        \         \"customBgpIpAddresses\": [],\r\n          \"tunnelIpAddresses\":
        [\r\n            \"104.40.11.224\"\r\n          ]\r\n        }\r\n      ]\r\n
        \   },\r\n    \"vpnGatewayGeneration\": \"Generation1\"\r\n  }\r\n}"
    headers:
      cache-control:
      - no-cache
      content-length:
      - '3375'
      content-type:
      - application/json; charset=utf-8
      date:
      - Mon, 12 Apr 2021 09:11:11 GMT
      expires:
      - '-1'
      pragma:
      - no-cache
      server:
      - Microsoft-HTTPAPI/2.0
      - Microsoft-HTTPAPI/2.0
      strict-transport-security:
      - max-age=31536000; includeSubDomains
      transfer-encoding:
      - chunked
      vary:
      - Accept-Encoding
      x-content-type-options:
      - nosniff
      x-ms-arm-service-request-id:
      - 98b5031a-7521-4644-9fb5-70600c3317f4
    status:
      code: 200
      message: OK
- request:
    body: '{"id": "/subscriptions/00000000-0000-0000-0000-000000000000/resourceGroups/cli_test_vnet_gateway_ipsec000001/providers/Microsoft.Network/virtualNetworkGateways/gw1",
      "location": "westus", "properties": {"ipConfigurations": [{"id": "/subscriptions/00000000-0000-0000-0000-000000000000/resourceGroups/cli_test_vnet_gateway_ipsec000001/providers/Microsoft.Network/virtualNetworkGateways/gw1/ipConfigurations/vnetGatewayConfig0",
      "name": "vnetGatewayConfig0", "properties": {"privateIPAllocationMethod": "Dynamic",
      "subnet": {"id": "/subscriptions/00000000-0000-0000-0000-000000000000/resourceGroups/cli_test_vnet_gateway_ipsec000001/providers/Microsoft.Network/virtualNetworks/vnet1/subnets/GatewaySubnet"},
      "publicIPAddress": {"id": "/subscriptions/00000000-0000-0000-0000-000000000000/resourceGroups/cli_test_vnet_gateway_ipsec000001/providers/Microsoft.Network/publicIPAddresses/pip1"}}}],
      "gatewayType": "Vpn", "vpnType": "RouteBased", "vpnGatewayGeneration": "Generation1",
      "enableBgp": false, "enablePrivateIpAddress": false, "activeActive": false,
      "sku": {"name": "VpnGw2", "tier": "VpnGw2"}, "vpnClientConfiguration": {"vpnClientAddressPool":
      {"addressPrefixes": ["40.1.0.0/24"]}, "vpnClientRootCertificates": [], "vpnClientRevokedCertificates":
      [], "vpnClientProtocols": ["SSTP", "IkeV2"], "vpnAuthenticationTypes": ["Radius"],
      "vpnClientIpsecPolicies": [{"saLifeTimeSeconds": 7200, "saDataSizeKilobytes":
      2048, "ipsecEncryption": "GCMAES256", "ipsecIntegrity": "GCMAES256", "ikeEncryption":
      "AES256", "ikeIntegrity": "SHA384", "dhGroup": "DHGroup24", "pfsGroup": "PFS24"}],
      "radiusServerAddress": "30.1.1.15", "radiusServerSecret": "111_aaa", "radiusServers":
      []}, "bgpSettings": {"asn": 65515, "bgpPeeringAddress": "10.0.0.254", "peerWeight":
      0, "bgpPeeringAddresses": [{"ipconfigurationId": "/subscriptions/00000000-0000-0000-0000-000000000000/resourceGroups/cli_test_vnet_gateway_ipsec000001/providers/Microsoft.Network/virtualNetworkGateways/gw1/ipConfigurations/vnetGatewayConfig0",
      "customBgpIpAddresses": []}]}}}'
    headers:
      Accept:
      - application/json
      Accept-Encoding:
      - gzip, deflate
      CommandName:
      - network vnet-gateway ipsec-policy add
      Connection:
      - keep-alive
      Content-Length:
      - '2236'
      Content-Type:
      - application/json
      ParameterSetName:
      - -g --gateway-name --ike-encryption --ike-integrity --dh-group --ipsec-encryption
        --ipsec-integrity --pfs-group --sa-lifetime --sa-max-size
      User-Agent:
      - AZURECLI/2.22.0 azsdk-python-azure-mgmt-network/18.0.0 Python/3.8.8 (Windows-10-10.0.19041-SP0)
    method: PUT
    uri: https://management.azure.com/subscriptions/00000000-0000-0000-0000-000000000000/resourceGroups/cli_test_vnet_gateway_ipsec000001/providers/Microsoft.Network/virtualNetworkGateways/gw1?api-version=2020-11-01
  response:
    body:
      string: "{\r\n  \"name\": \"gw1\",\r\n  \"id\": \"/subscriptions/00000000-0000-0000-0000-000000000000/resourceGroups/cli_test_vnet_gateway_ipsec000001/providers/Microsoft.Network/virtualNetworkGateways/gw1\",\r\n
        \ \"etag\": \"W/\\\"242498d6-461e-4e67-b279-f56459cfebd2\\\"\",\r\n  \"type\":
        \"Microsoft.Network/virtualNetworkGateways\",\r\n  \"location\": \"westus\",\r\n
        \ \"properties\": {\r\n    \"provisioningState\": \"Updating\",\r\n    \"resourceGuid\":
        \"c995e4c8-f5db-411a-8140-d56497cb86f0\",\r\n    \"packetCaptureDiagnosticState\":
        \"None\",\r\n    \"enablePrivateIpAddress\": false,\r\n    \"ipConfigurations\":
        [\r\n      {\r\n        \"name\": \"vnetGatewayConfig0\",\r\n        \"id\":
        \"/subscriptions/00000000-0000-0000-0000-000000000000/resourceGroups/cli_test_vnet_gateway_ipsec000001/providers/Microsoft.Network/virtualNetworkGateways/gw1/ipConfigurations/vnetGatewayConfig0\",\r\n
        \       \"etag\": \"W/\\\"242498d6-461e-4e67-b279-f56459cfebd2\\\"\",\r\n
        \       \"type\": \"Microsoft.Network/virtualNetworkGateways/ipConfigurations\",\r\n
        \       \"properties\": {\r\n          \"provisioningState\": \"Updating\",\r\n
        \         \"privateIPAllocationMethod\": \"Dynamic\",\r\n          \"publicIPAddress\":
        {\r\n            \"id\": \"/subscriptions/00000000-0000-0000-0000-000000000000/resourceGroups/cli_test_vnet_gateway_ipsec000001/providers/Microsoft.Network/publicIPAddresses/pip1\"\r\n
        \         },\r\n          \"subnet\": {\r\n            \"id\": \"/subscriptions/00000000-0000-0000-0000-000000000000/resourceGroups/cli_test_vnet_gateway_ipsec000001/providers/Microsoft.Network/virtualNetworks/vnet1/subnets/GatewaySubnet\"\r\n
        \         }\r\n        }\r\n      }\r\n    ],\r\n    \"natRules\": [],\r\n
        \   \"enableBgpRouteTranslationForNat\": false,\r\n    \"sku\": {\r\n      \"name\":
        \"VpnGw2\",\r\n      \"tier\": \"VpnGw2\",\r\n      \"capacity\": 2\r\n    },\r\n
        \   \"gatewayType\": \"Vpn\",\r\n    \"vpnType\": \"RouteBased\",\r\n    \"enableBgp\":
        false,\r\n    \"activeActive\": false,\r\n    \"vpnClientConfiguration\":
        {\r\n      \"vpnClientAddressPool\": {\r\n        \"addressPrefixes\": [\r\n
        \         \"40.1.0.0/24\"\r\n        ]\r\n      },\r\n      \"vpnClientProtocols\":
        [\r\n        \"SSTP\",\r\n        \"IkeV2\"\r\n      ],\r\n      \"vpnAuthenticationTypes\":
        [\r\n        \"Radius\"\r\n      ],\r\n      \"vpnClientRootCertificates\":
        [],\r\n      \"vpnClientRevokedCertificates\": [],\r\n      \"radiusServerAddress\":
        \"30.1.1.15\",\r\n      \"radiusServerSecret\": \"111_aaa\",\r\n      \"radiusServers\":
        [],\r\n      \"vpnClientIpsecPolicies\": [\r\n        {\r\n          \"saLifeTimeSeconds\":
        7200,\r\n          \"saDataSizeKilobytes\": 2048,\r\n          \"ipsecEncryption\":
        \"GCMAES256\",\r\n          \"ipsecIntegrity\": \"GCMAES256\",\r\n          \"ikeEncryption\":
        \"AES256\",\r\n          \"ikeIntegrity\": \"SHA384\",\r\n          \"dhGroup\":
        \"DHGroup24\",\r\n          \"pfsGroup\": \"PFS24\"\r\n        }\r\n      ]\r\n
        \   },\r\n    \"bgpSettings\": {\r\n      \"asn\": 65515,\r\n      \"bgpPeeringAddress\":
        \"10.0.0.254\",\r\n      \"peerWeight\": 0,\r\n      \"bgpPeeringAddresses\":
        [\r\n        {\r\n          \"ipconfigurationId\": \"/subscriptions/00000000-0000-0000-0000-000000000000/resourceGroups/cli_test_vnet_gateway_ipsec000001/providers/Microsoft.Network/virtualNetworkGateways/gw1/ipConfigurations/vnetGatewayConfig0\",\r\n
        \         \"defaultBgpIpAddresses\": [\r\n            \"10.0.0.254\"\r\n          ],\r\n
        \         \"customBgpIpAddresses\": [],\r\n          \"tunnelIpAddresses\":
        [\r\n            \"104.40.11.224\"\r\n          ]\r\n        }\r\n      ]\r\n
        \   },\r\n    \"vpnGatewayGeneration\": \"Generation1\"\r\n  }\r\n}"
    headers:
      azure-asyncoperation:
      - https://management.azure.com/subscriptions/00000000-0000-0000-0000-000000000000/providers/Microsoft.Network/locations/westus/operations/754077fb-a776-448f-a6ea-b4970312a017?api-version=2020-11-01
      cache-control:
      - no-cache
      content-length:
      - '3532'
      content-type:
      - application/json; charset=utf-8
      date:
      - Mon, 12 Apr 2021 09:11:14 GMT
      expires:
      - '-1'
      pragma:
      - no-cache
      server:
      - Microsoft-HTTPAPI/2.0
      - Microsoft-HTTPAPI/2.0
      strict-transport-security:
      - max-age=31536000; includeSubDomains
      transfer-encoding:
      - chunked
      vary:
      - Accept-Encoding
      x-content-type-options:
      - nosniff
      x-ms-arm-service-request-id:
      - 5615d879-b106-4da7-bc78-c6803152c0dc
      x-ms-ratelimit-remaining-subscription-writes:
      - '1199'
    status:
      code: 200
      message: OK
- request:
    body: null
    headers:
      Accept:
      - '*/*'
      Accept-Encoding:
      - gzip, deflate
      CommandName:
      - network vnet-gateway ipsec-policy add
      Connection:
      - keep-alive
      ParameterSetName:
      - -g --gateway-name --ike-encryption --ike-integrity --dh-group --ipsec-encryption
        --ipsec-integrity --pfs-group --sa-lifetime --sa-max-size
      User-Agent:
      - AZURECLI/2.22.0 azsdk-python-azure-mgmt-network/18.0.0 Python/3.8.8 (Windows-10-10.0.19041-SP0)
    method: GET
    uri: https://management.azure.com/subscriptions/00000000-0000-0000-0000-000000000000/providers/Microsoft.Network/locations/westus/operations/754077fb-a776-448f-a6ea-b4970312a017?api-version=2020-11-01
  response:
    body:
      string: "{\r\n  \"status\": \"InProgress\"\r\n}"
    headers:
      cache-control:
      - no-cache
      content-length:
      - '30'
      content-type:
      - application/json; charset=utf-8
      date:
      - Mon, 12 Apr 2021 09:11:24 GMT
      expires:
      - '-1'
      pragma:
      - no-cache
      server:
      - Microsoft-HTTPAPI/2.0
      - Microsoft-HTTPAPI/2.0
      strict-transport-security:
      - max-age=31536000; includeSubDomains
      transfer-encoding:
      - chunked
      vary:
      - Accept-Encoding
      x-content-type-options:
      - nosniff
      x-ms-arm-service-request-id:
      - 41166b0c-3103-4547-864b-3718b6dc68bb
    status:
      code: 200
      message: OK
- request:
    body: null
    headers:
      Accept:
      - '*/*'
      Accept-Encoding:
      - gzip, deflate
      CommandName:
      - network vnet-gateway ipsec-policy add
      Connection:
      - keep-alive
      ParameterSetName:
      - -g --gateway-name --ike-encryption --ike-integrity --dh-group --ipsec-encryption
        --ipsec-integrity --pfs-group --sa-lifetime --sa-max-size
      User-Agent:
      - AZURECLI/2.22.0 azsdk-python-azure-mgmt-network/18.0.0 Python/3.8.8 (Windows-10-10.0.19041-SP0)
    method: GET
    uri: https://management.azure.com/subscriptions/00000000-0000-0000-0000-000000000000/providers/Microsoft.Network/locations/westus/operations/754077fb-a776-448f-a6ea-b4970312a017?api-version=2020-11-01
  response:
    body:
      string: "{\r\n  \"status\": \"InProgress\"\r\n}"
    headers:
      cache-control:
      - no-cache
      content-length:
      - '30'
      content-type:
      - application/json; charset=utf-8
      date:
      - Mon, 12 Apr 2021 09:11:45 GMT
      expires:
      - '-1'
      pragma:
      - no-cache
      server:
      - Microsoft-HTTPAPI/2.0
      - Microsoft-HTTPAPI/2.0
      strict-transport-security:
      - max-age=31536000; includeSubDomains
      transfer-encoding:
      - chunked
      vary:
      - Accept-Encoding
      x-content-type-options:
      - nosniff
      x-ms-arm-service-request-id:
      - 9041c4f6-df12-4cd8-8755-b01d393ac32e
    status:
      code: 200
      message: OK
- request:
    body: null
    headers:
      Accept:
      - '*/*'
      Accept-Encoding:
      - gzip, deflate
      CommandName:
      - network vnet-gateway ipsec-policy add
      Connection:
      - keep-alive
      ParameterSetName:
      - -g --gateway-name --ike-encryption --ike-integrity --dh-group --ipsec-encryption
        --ipsec-integrity --pfs-group --sa-lifetime --sa-max-size
      User-Agent:
      - AZURECLI/2.22.0 azsdk-python-azure-mgmt-network/18.0.0 Python/3.8.8 (Windows-10-10.0.19041-SP0)
    method: GET
    uri: https://management.azure.com/subscriptions/00000000-0000-0000-0000-000000000000/providers/Microsoft.Network/locations/westus/operations/754077fb-a776-448f-a6ea-b4970312a017?api-version=2020-11-01
  response:
    body:
      string: "{\r\n  \"status\": \"InProgress\"\r\n}"
    headers:
      cache-control:
      - no-cache
      content-length:
      - '30'
      content-type:
      - application/json; charset=utf-8
      date:
      - Mon, 12 Apr 2021 09:12:25 GMT
      expires:
      - '-1'
      pragma:
      - no-cache
      server:
      - Microsoft-HTTPAPI/2.0
      - Microsoft-HTTPAPI/2.0
      strict-transport-security:
      - max-age=31536000; includeSubDomains
      transfer-encoding:
      - chunked
      vary:
      - Accept-Encoding
      x-content-type-options:
      - nosniff
      x-ms-arm-service-request-id:
      - b80b3e38-13ff-4839-9bde-b182dfa68dac
    status:
      code: 200
      message: OK
- request:
    body: null
    headers:
      Accept:
      - '*/*'
      Accept-Encoding:
      - gzip, deflate
      CommandName:
      - network vnet-gateway ipsec-policy add
      Connection:
      - keep-alive
      ParameterSetName:
      - -g --gateway-name --ike-encryption --ike-integrity --dh-group --ipsec-encryption
        --ipsec-integrity --pfs-group --sa-lifetime --sa-max-size
      User-Agent:
      - AZURECLI/2.22.0 azsdk-python-azure-mgmt-network/18.0.0 Python/3.8.8 (Windows-10-10.0.19041-SP0)
    method: GET
    uri: https://management.azure.com/subscriptions/00000000-0000-0000-0000-000000000000/providers/Microsoft.Network/locations/westus/operations/754077fb-a776-448f-a6ea-b4970312a017?api-version=2020-11-01
  response:
    body:
      string: "{\r\n  \"status\": \"Succeeded\"\r\n}"
    headers:
      cache-control:
      - no-cache
      content-length:
      - '29'
      content-type:
      - application/json; charset=utf-8
      date:
      - Mon, 12 Apr 2021 09:13:45 GMT
      expires:
      - '-1'
      pragma:
      - no-cache
      server:
      - Microsoft-HTTPAPI/2.0
      - Microsoft-HTTPAPI/2.0
      strict-transport-security:
      - max-age=31536000; includeSubDomains
      transfer-encoding:
      - chunked
      vary:
      - Accept-Encoding
      x-content-type-options:
      - nosniff
      x-ms-arm-service-request-id:
      - 6b7eb45f-a8a2-4278-b672-98049cde47dc
    status:
      code: 200
      message: OK
- request:
    body: null
    headers:
      Accept:
      - '*/*'
      Accept-Encoding:
      - gzip, deflate
      CommandName:
      - network vnet-gateway ipsec-policy add
      Connection:
      - keep-alive
      ParameterSetName:
      - -g --gateway-name --ike-encryption --ike-integrity --dh-group --ipsec-encryption
        --ipsec-integrity --pfs-group --sa-lifetime --sa-max-size
      User-Agent:
      - AZURECLI/2.22.0 azsdk-python-azure-mgmt-network/18.0.0 Python/3.8.8 (Windows-10-10.0.19041-SP0)
    method: GET
    uri: https://management.azure.com/subscriptions/00000000-0000-0000-0000-000000000000/resourceGroups/cli_test_vnet_gateway_ipsec000001/providers/Microsoft.Network/virtualNetworkGateways/gw1?api-version=2020-11-01
  response:
    body:
      string: "{\r\n  \"name\": \"gw1\",\r\n  \"id\": \"/subscriptions/00000000-0000-0000-0000-000000000000/resourceGroups/cli_test_vnet_gateway_ipsec000001/providers/Microsoft.Network/virtualNetworkGateways/gw1\",\r\n
        \ \"etag\": \"W/\\\"003f2e77-8d9b-463d-81a6-b451428b431e\\\"\",\r\n  \"type\":
        \"Microsoft.Network/virtualNetworkGateways\",\r\n  \"location\": \"westus\",\r\n
        \ \"properties\": {\r\n    \"provisioningState\": \"Succeeded\",\r\n    \"resourceGuid\":
        \"c995e4c8-f5db-411a-8140-d56497cb86f0\",\r\n    \"packetCaptureDiagnosticState\":
        \"None\",\r\n    \"enablePrivateIpAddress\": false,\r\n    \"ipConfigurations\":
        [\r\n      {\r\n        \"name\": \"vnetGatewayConfig0\",\r\n        \"id\":
        \"/subscriptions/00000000-0000-0000-0000-000000000000/resourceGroups/cli_test_vnet_gateway_ipsec000001/providers/Microsoft.Network/virtualNetworkGateways/gw1/ipConfigurations/vnetGatewayConfig0\",\r\n
        \       \"etag\": \"W/\\\"003f2e77-8d9b-463d-81a6-b451428b431e\\\"\",\r\n
        \       \"type\": \"Microsoft.Network/virtualNetworkGateways/ipConfigurations\",\r\n
        \       \"properties\": {\r\n          \"provisioningState\": \"Succeeded\",\r\n
        \         \"privateIPAllocationMethod\": \"Dynamic\",\r\n          \"publicIPAddress\":
        {\r\n            \"id\": \"/subscriptions/00000000-0000-0000-0000-000000000000/resourceGroups/cli_test_vnet_gateway_ipsec000001/providers/Microsoft.Network/publicIPAddresses/pip1\"\r\n
        \         },\r\n          \"subnet\": {\r\n            \"id\": \"/subscriptions/00000000-0000-0000-0000-000000000000/resourceGroups/cli_test_vnet_gateway_ipsec000001/providers/Microsoft.Network/virtualNetworks/vnet1/subnets/GatewaySubnet\"\r\n
        \         }\r\n        }\r\n      }\r\n    ],\r\n    \"natRules\": [],\r\n
        \   \"enableBgpRouteTranslationForNat\": false,\r\n    \"sku\": {\r\n      \"name\":
        \"VpnGw2\",\r\n      \"tier\": \"VpnGw2\",\r\n      \"capacity\": 2\r\n    },\r\n
        \   \"gatewayType\": \"Vpn\",\r\n    \"vpnType\": \"RouteBased\",\r\n    \"enableBgp\":
        false,\r\n    \"activeActive\": false,\r\n    \"vpnClientConfiguration\":
        {\r\n      \"vpnClientAddressPool\": {\r\n        \"addressPrefixes\": [\r\n
        \         \"40.1.0.0/24\"\r\n        ]\r\n      },\r\n      \"vpnClientProtocols\":
        [\r\n        \"SSTP\",\r\n        \"IkeV2\"\r\n      ],\r\n      \"vpnAuthenticationTypes\":
        [\r\n        \"Radius\"\r\n      ],\r\n      \"vpnClientRootCertificates\":
        [],\r\n      \"vpnClientRevokedCertificates\": [],\r\n      \"vpnClientConnectionHealth\":
        {\r\n        \"vpnClientConnectionsCount\": 0,\r\n        \"totalIngressBytesTransferred\":
        0,\r\n        \"totalEgressBytesTransferred\": 0\r\n      },\r\n      \"radiusServerAddress\":
        \"30.1.1.15\",\r\n      \"radiusServerSecret\": \"111_aaa\",\r\n      \"radiusServers\":
        [],\r\n      \"vpnClientIpsecPolicies\": [\r\n        {\r\n          \"saLifeTimeSeconds\":
        7200,\r\n          \"saDataSizeKilobytes\": 2048,\r\n          \"ipsecEncryption\":
        \"GCMAES256\",\r\n          \"ipsecIntegrity\": \"GCMAES256\",\r\n          \"ikeEncryption\":
        \"AES256\",\r\n          \"ikeIntegrity\": \"SHA384\",\r\n          \"dhGroup\":
        \"DHGroup24\",\r\n          \"pfsGroup\": \"PFS24\"\r\n        }\r\n      ]\r\n
        \   },\r\n    \"bgpSettings\": {\r\n      \"asn\": 65515,\r\n      \"bgpPeeringAddress\":
        \"10.0.0.254\",\r\n      \"peerWeight\": 0,\r\n      \"bgpPeeringAddresses\":
        [\r\n        {\r\n          \"ipconfigurationId\": \"/subscriptions/00000000-0000-0000-0000-000000000000/resourceGroups/cli_test_vnet_gateway_ipsec000001/providers/Microsoft.Network/virtualNetworkGateways/gw1/ipConfigurations/vnetGatewayConfig0\",\r\n
        \         \"defaultBgpIpAddresses\": [\r\n            \"10.0.0.254\"\r\n          ],\r\n
        \         \"customBgpIpAddresses\": [],\r\n          \"tunnelIpAddresses\":
        [\r\n            \"104.40.11.224\"\r\n          ]\r\n        }\r\n      ]\r\n
        \   },\r\n    \"vpnGatewayGeneration\": \"Generation1\"\r\n  }\r\n}"
    headers:
      cache-control:
      - no-cache
      content-length:
      - '3709'
      content-type:
      - application/json; charset=utf-8
      date:
      - Mon, 12 Apr 2021 09:13:46 GMT
      expires:
      - '-1'
      pragma:
      - no-cache
      server:
      - Microsoft-HTTPAPI/2.0
      - Microsoft-HTTPAPI/2.0
      strict-transport-security:
      - max-age=31536000; includeSubDomains
      transfer-encoding:
      - chunked
      vary:
      - Accept-Encoding
      x-content-type-options:
      - nosniff
      x-ms-arm-service-request-id:
      - 15c9d280-55e6-4c07-96d4-e1ed8d3c4a7d
    status:
      code: 200
      message: OK
- request:
    body: null
    headers:
      Accept:
      - application/json
      Accept-Encoding:
      - gzip, deflate
      CommandName:
      - network vnet-gateway ipsec-policy list
      Connection:
      - keep-alive
      ParameterSetName:
      - -g --gateway-name
      User-Agent:
      - AZURECLI/2.22.0 azsdk-python-azure-mgmt-network/18.0.0 Python/3.8.8 (Windows-10-10.0.19041-SP0)
    method: GET
    uri: https://management.azure.com/subscriptions/00000000-0000-0000-0000-000000000000/resourceGroups/cli_test_vnet_gateway_ipsec000001/providers/Microsoft.Network/virtualNetworkGateways/gw1?api-version=2020-11-01
  response:
    body:
      string: "{\r\n  \"name\": \"gw1\",\r\n  \"id\": \"/subscriptions/00000000-0000-0000-0000-000000000000/resourceGroups/cli_test_vnet_gateway_ipsec000001/providers/Microsoft.Network/virtualNetworkGateways/gw1\",\r\n
        \ \"etag\": \"W/\\\"003f2e77-8d9b-463d-81a6-b451428b431e\\\"\",\r\n  \"type\":
        \"Microsoft.Network/virtualNetworkGateways\",\r\n  \"location\": \"westus\",\r\n
        \ \"properties\": {\r\n    \"provisioningState\": \"Succeeded\",\r\n    \"resourceGuid\":
        \"c995e4c8-f5db-411a-8140-d56497cb86f0\",\r\n    \"packetCaptureDiagnosticState\":
        \"None\",\r\n    \"enablePrivateIpAddress\": false,\r\n    \"ipConfigurations\":
        [\r\n      {\r\n        \"name\": \"vnetGatewayConfig0\",\r\n        \"id\":
        \"/subscriptions/00000000-0000-0000-0000-000000000000/resourceGroups/cli_test_vnet_gateway_ipsec000001/providers/Microsoft.Network/virtualNetworkGateways/gw1/ipConfigurations/vnetGatewayConfig0\",\r\n
        \       \"etag\": \"W/\\\"003f2e77-8d9b-463d-81a6-b451428b431e\\\"\",\r\n
        \       \"type\": \"Microsoft.Network/virtualNetworkGateways/ipConfigurations\",\r\n
        \       \"properties\": {\r\n          \"provisioningState\": \"Succeeded\",\r\n
        \         \"privateIPAllocationMethod\": \"Dynamic\",\r\n          \"publicIPAddress\":
        {\r\n            \"id\": \"/subscriptions/00000000-0000-0000-0000-000000000000/resourceGroups/cli_test_vnet_gateway_ipsec000001/providers/Microsoft.Network/publicIPAddresses/pip1\"\r\n
        \         },\r\n          \"subnet\": {\r\n            \"id\": \"/subscriptions/00000000-0000-0000-0000-000000000000/resourceGroups/cli_test_vnet_gateway_ipsec000001/providers/Microsoft.Network/virtualNetworks/vnet1/subnets/GatewaySubnet\"\r\n
        \         }\r\n        }\r\n      }\r\n    ],\r\n    \"natRules\": [],\r\n
        \   \"enableBgpRouteTranslationForNat\": false,\r\n    \"sku\": {\r\n      \"name\":
        \"VpnGw2\",\r\n      \"tier\": \"VpnGw2\",\r\n      \"capacity\": 2\r\n    },\r\n
        \   \"gatewayType\": \"Vpn\",\r\n    \"vpnType\": \"RouteBased\",\r\n    \"enableBgp\":
        false,\r\n    \"activeActive\": false,\r\n    \"vpnClientConfiguration\":
        {\r\n      \"vpnClientAddressPool\": {\r\n        \"addressPrefixes\": [\r\n
        \         \"40.1.0.0/24\"\r\n        ]\r\n      },\r\n      \"vpnClientProtocols\":
        [\r\n        \"SSTP\",\r\n        \"IkeV2\"\r\n      ],\r\n      \"vpnAuthenticationTypes\":
        [\r\n        \"Radius\"\r\n      ],\r\n      \"vpnClientRootCertificates\":
        [],\r\n      \"vpnClientRevokedCertificates\": [],\r\n      \"vpnClientConnectionHealth\":
        {\r\n        \"vpnClientConnectionsCount\": 0,\r\n        \"totalIngressBytesTransferred\":
        0,\r\n        \"totalEgressBytesTransferred\": 0\r\n      },\r\n      \"radiusServerAddress\":
        \"30.1.1.15\",\r\n      \"radiusServerSecret\": \"111_aaa\",\r\n      \"radiusServers\":
        [],\r\n      \"vpnClientIpsecPolicies\": [\r\n        {\r\n          \"saLifeTimeSeconds\":
        7200,\r\n          \"saDataSizeKilobytes\": 2048,\r\n          \"ipsecEncryption\":
        \"GCMAES256\",\r\n          \"ipsecIntegrity\": \"GCMAES256\",\r\n          \"ikeEncryption\":
        \"AES256\",\r\n          \"ikeIntegrity\": \"SHA384\",\r\n          \"dhGroup\":
        \"DHGroup24\",\r\n          \"pfsGroup\": \"PFS24\"\r\n        }\r\n      ]\r\n
        \   },\r\n    \"bgpSettings\": {\r\n      \"asn\": 65515,\r\n      \"bgpPeeringAddress\":
        \"10.0.0.254\",\r\n      \"peerWeight\": 0,\r\n      \"bgpPeeringAddresses\":
        [\r\n        {\r\n          \"ipconfigurationId\": \"/subscriptions/00000000-0000-0000-0000-000000000000/resourceGroups/cli_test_vnet_gateway_ipsec000001/providers/Microsoft.Network/virtualNetworkGateways/gw1/ipConfigurations/vnetGatewayConfig0\",\r\n
        \         \"defaultBgpIpAddresses\": [\r\n            \"10.0.0.254\"\r\n          ],\r\n
        \         \"customBgpIpAddresses\": [],\r\n          \"tunnelIpAddresses\":
        [\r\n            \"104.40.11.224\"\r\n          ]\r\n        }\r\n      ]\r\n
        \   },\r\n    \"vpnGatewayGeneration\": \"Generation1\"\r\n  }\r\n}"
    headers:
      cache-control:
      - no-cache
      content-length:
      - '3709'
      content-type:
      - application/json; charset=utf-8
      date:
      - Mon, 12 Apr 2021 09:13:48 GMT
      expires:
      - '-1'
      pragma:
      - no-cache
      server:
      - Microsoft-HTTPAPI/2.0
      - Microsoft-HTTPAPI/2.0
      strict-transport-security:
      - max-age=31536000; includeSubDomains
      transfer-encoding:
      - chunked
      vary:
      - Accept-Encoding
      x-content-type-options:
      - nosniff
      x-ms-arm-service-request-id:
      - 4a626089-7266-4e95-a1fe-0aaaec61a45a
    status:
      code: 200
      message: OK
- request:
    body: null
    headers:
      Accept:
      - application/json
      Accept-Encoding:
      - gzip, deflate
      CommandName:
      - network vnet-gateway ipsec-policy clear
      Connection:
      - keep-alive
      ParameterSetName:
      - -g --gateway-name
      User-Agent:
      - AZURECLI/2.22.0 azsdk-python-azure-mgmt-network/18.0.0 Python/3.8.8 (Windows-10-10.0.19041-SP0)
    method: GET
    uri: https://management.azure.com/subscriptions/00000000-0000-0000-0000-000000000000/resourceGroups/cli_test_vnet_gateway_ipsec000001/providers/Microsoft.Network/virtualNetworkGateways/gw1?api-version=2020-11-01
  response:
    body:
      string: "{\r\n  \"name\": \"gw1\",\r\n  \"id\": \"/subscriptions/00000000-0000-0000-0000-000000000000/resourceGroups/cli_test_vnet_gateway_ipsec000001/providers/Microsoft.Network/virtualNetworkGateways/gw1\",\r\n
        \ \"etag\": \"W/\\\"003f2e77-8d9b-463d-81a6-b451428b431e\\\"\",\r\n  \"type\":
        \"Microsoft.Network/virtualNetworkGateways\",\r\n  \"location\": \"westus\",\r\n
        \ \"properties\": {\r\n    \"provisioningState\": \"Succeeded\",\r\n    \"resourceGuid\":
        \"c995e4c8-f5db-411a-8140-d56497cb86f0\",\r\n    \"packetCaptureDiagnosticState\":
        \"None\",\r\n    \"enablePrivateIpAddress\": false,\r\n    \"ipConfigurations\":
        [\r\n      {\r\n        \"name\": \"vnetGatewayConfig0\",\r\n        \"id\":
        \"/subscriptions/00000000-0000-0000-0000-000000000000/resourceGroups/cli_test_vnet_gateway_ipsec000001/providers/Microsoft.Network/virtualNetworkGateways/gw1/ipConfigurations/vnetGatewayConfig0\",\r\n
        \       \"etag\": \"W/\\\"003f2e77-8d9b-463d-81a6-b451428b431e\\\"\",\r\n
        \       \"type\": \"Microsoft.Network/virtualNetworkGateways/ipConfigurations\",\r\n
        \       \"properties\": {\r\n          \"provisioningState\": \"Succeeded\",\r\n
        \         \"privateIPAllocationMethod\": \"Dynamic\",\r\n          \"publicIPAddress\":
        {\r\n            \"id\": \"/subscriptions/00000000-0000-0000-0000-000000000000/resourceGroups/cli_test_vnet_gateway_ipsec000001/providers/Microsoft.Network/publicIPAddresses/pip1\"\r\n
        \         },\r\n          \"subnet\": {\r\n            \"id\": \"/subscriptions/00000000-0000-0000-0000-000000000000/resourceGroups/cli_test_vnet_gateway_ipsec000001/providers/Microsoft.Network/virtualNetworks/vnet1/subnets/GatewaySubnet\"\r\n
        \         }\r\n        }\r\n      }\r\n    ],\r\n    \"natRules\": [],\r\n
        \   \"enableBgpRouteTranslationForNat\": false,\r\n    \"sku\": {\r\n      \"name\":
        \"VpnGw2\",\r\n      \"tier\": \"VpnGw2\",\r\n      \"capacity\": 2\r\n    },\r\n
        \   \"gatewayType\": \"Vpn\",\r\n    \"vpnType\": \"RouteBased\",\r\n    \"enableBgp\":
        false,\r\n    \"activeActive\": false,\r\n    \"vpnClientConfiguration\":
        {\r\n      \"vpnClientAddressPool\": {\r\n        \"addressPrefixes\": [\r\n
        \         \"40.1.0.0/24\"\r\n        ]\r\n      },\r\n      \"vpnClientProtocols\":
        [\r\n        \"SSTP\",\r\n        \"IkeV2\"\r\n      ],\r\n      \"vpnAuthenticationTypes\":
        [\r\n        \"Radius\"\r\n      ],\r\n      \"vpnClientRootCertificates\":
        [],\r\n      \"vpnClientRevokedCertificates\": [],\r\n      \"vpnClientConnectionHealth\":
        {\r\n        \"vpnClientConnectionsCount\": 0,\r\n        \"totalIngressBytesTransferred\":
        0,\r\n        \"totalEgressBytesTransferred\": 0\r\n      },\r\n      \"radiusServerAddress\":
        \"30.1.1.15\",\r\n      \"radiusServerSecret\": \"111_aaa\",\r\n      \"radiusServers\":
        [],\r\n      \"vpnClientIpsecPolicies\": [\r\n        {\r\n          \"saLifeTimeSeconds\":
        7200,\r\n          \"saDataSizeKilobytes\": 2048,\r\n          \"ipsecEncryption\":
        \"GCMAES256\",\r\n          \"ipsecIntegrity\": \"GCMAES256\",\r\n          \"ikeEncryption\":
        \"AES256\",\r\n          \"ikeIntegrity\": \"SHA384\",\r\n          \"dhGroup\":
        \"DHGroup24\",\r\n          \"pfsGroup\": \"PFS24\"\r\n        }\r\n      ]\r\n
        \   },\r\n    \"bgpSettings\": {\r\n      \"asn\": 65515,\r\n      \"bgpPeeringAddress\":
        \"10.0.0.254\",\r\n      \"peerWeight\": 0,\r\n      \"bgpPeeringAddresses\":
        [\r\n        {\r\n          \"ipconfigurationId\": \"/subscriptions/00000000-0000-0000-0000-000000000000/resourceGroups/cli_test_vnet_gateway_ipsec000001/providers/Microsoft.Network/virtualNetworkGateways/gw1/ipConfigurations/vnetGatewayConfig0\",\r\n
        \         \"defaultBgpIpAddresses\": [\r\n            \"10.0.0.254\"\r\n          ],\r\n
        \         \"customBgpIpAddresses\": [],\r\n          \"tunnelIpAddresses\":
        [\r\n            \"104.40.11.224\"\r\n          ]\r\n        }\r\n      ]\r\n
        \   },\r\n    \"vpnGatewayGeneration\": \"Generation1\"\r\n  }\r\n}"
    headers:
      cache-control:
      - no-cache
      content-length:
      - '3709'
      content-type:
      - application/json; charset=utf-8
      date:
      - Mon, 12 Apr 2021 09:13:49 GMT
      expires:
      - '-1'
      pragma:
      - no-cache
      server:
      - Microsoft-HTTPAPI/2.0
      - Microsoft-HTTPAPI/2.0
      strict-transport-security:
      - max-age=31536000; includeSubDomains
      transfer-encoding:
      - chunked
      vary:
      - Accept-Encoding
      x-content-type-options:
      - nosniff
      x-ms-arm-service-request-id:
      - 4ae14e16-26b3-455b-b121-c340d9de330b
    status:
      code: 200
      message: OK
- request:
    body: '{"id": "/subscriptions/00000000-0000-0000-0000-000000000000/resourceGroups/cli_test_vnet_gateway_ipsec000001/providers/Microsoft.Network/virtualNetworkGateways/gw1",
      "location": "westus", "properties": {"ipConfigurations": [{"id": "/subscriptions/00000000-0000-0000-0000-000000000000/resourceGroups/cli_test_vnet_gateway_ipsec000001/providers/Microsoft.Network/virtualNetworkGateways/gw1/ipConfigurations/vnetGatewayConfig0",
      "name": "vnetGatewayConfig0", "properties": {"privateIPAllocationMethod": "Dynamic",
      "subnet": {"id": "/subscriptions/00000000-0000-0000-0000-000000000000/resourceGroups/cli_test_vnet_gateway_ipsec000001/providers/Microsoft.Network/virtualNetworks/vnet1/subnets/GatewaySubnet"},
      "publicIPAddress": {"id": "/subscriptions/00000000-0000-0000-0000-000000000000/resourceGroups/cli_test_vnet_gateway_ipsec000001/providers/Microsoft.Network/publicIPAddresses/pip1"}}}],
      "gatewayType": "Vpn", "vpnType": "RouteBased", "vpnGatewayGeneration": "Generation1",
      "enableBgp": false, "enablePrivateIpAddress": false, "activeActive": false,
      "sku": {"name": "VpnGw2", "tier": "VpnGw2"}, "vpnClientConfiguration": {"vpnClientAddressPool":
      {"addressPrefixes": ["40.1.0.0/24"]}, "vpnClientRootCertificates": [], "vpnClientRevokedCertificates":
      [], "vpnClientProtocols": ["SSTP", "IkeV2"], "vpnAuthenticationTypes": ["Radius"],
      "radiusServerAddress": "30.1.1.15", "radiusServerSecret": "111_aaa", "radiusServers":
      []}, "bgpSettings": {"asn": 65515, "bgpPeeringAddress": "10.0.0.254", "peerWeight":
      0, "bgpPeeringAddresses": [{"ipconfigurationId": "/subscriptions/00000000-0000-0000-0000-000000000000/resourceGroups/cli_test_vnet_gateway_ipsec000001/providers/Microsoft.Network/virtualNetworkGateways/gw1/ipConfigurations/vnetGatewayConfig0",
      "customBgpIpAddresses": []}]}}}'
    headers:
      Accept:
      - application/json
      Accept-Encoding:
      - gzip, deflate
      CommandName:
      - network vnet-gateway ipsec-policy clear
      Connection:
      - keep-alive
      Content-Length:
      - '1989'
      Content-Type:
      - application/json
      ParameterSetName:
      - -g --gateway-name
      User-Agent:
      - AZURECLI/2.22.0 azsdk-python-azure-mgmt-network/18.0.0 Python/3.8.8 (Windows-10-10.0.19041-SP0)
    method: PUT
    uri: https://management.azure.com/subscriptions/00000000-0000-0000-0000-000000000000/resourceGroups/cli_test_vnet_gateway_ipsec000001/providers/Microsoft.Network/virtualNetworkGateways/gw1?api-version=2020-11-01
  response:
    body:
      string: "{\r\n  \"name\": \"gw1\",\r\n  \"id\": \"/subscriptions/00000000-0000-0000-0000-000000000000/resourceGroups/cli_test_vnet_gateway_ipsec000001/providers/Microsoft.Network/virtualNetworkGateways/gw1\",\r\n
        \ \"etag\": \"W/\\\"7bfb9385-0e31-40c7-9648-cc0b71866c31\\\"\",\r\n  \"type\":
        \"Microsoft.Network/virtualNetworkGateways\",\r\n  \"location\": \"westus\",\r\n
        \ \"properties\": {\r\n    \"provisioningState\": \"Updating\",\r\n    \"resourceGuid\":
        \"c995e4c8-f5db-411a-8140-d56497cb86f0\",\r\n    \"packetCaptureDiagnosticState\":
        \"None\",\r\n    \"enablePrivateIpAddress\": false,\r\n    \"ipConfigurations\":
        [\r\n      {\r\n        \"name\": \"vnetGatewayConfig0\",\r\n        \"id\":
        \"/subscriptions/00000000-0000-0000-0000-000000000000/resourceGroups/cli_test_vnet_gateway_ipsec000001/providers/Microsoft.Network/virtualNetworkGateways/gw1/ipConfigurations/vnetGatewayConfig0\",\r\n
        \       \"etag\": \"W/\\\"7bfb9385-0e31-40c7-9648-cc0b71866c31\\\"\",\r\n
        \       \"type\": \"Microsoft.Network/virtualNetworkGateways/ipConfigurations\",\r\n
        \       \"properties\": {\r\n          \"provisioningState\": \"Updating\",\r\n
        \         \"privateIPAllocationMethod\": \"Dynamic\",\r\n          \"publicIPAddress\":
        {\r\n            \"id\": \"/subscriptions/00000000-0000-0000-0000-000000000000/resourceGroups/cli_test_vnet_gateway_ipsec000001/providers/Microsoft.Network/publicIPAddresses/pip1\"\r\n
        \         },\r\n          \"subnet\": {\r\n            \"id\": \"/subscriptions/00000000-0000-0000-0000-000000000000/resourceGroups/cli_test_vnet_gateway_ipsec000001/providers/Microsoft.Network/virtualNetworks/vnet1/subnets/GatewaySubnet\"\r\n
        \         }\r\n        }\r\n      }\r\n    ],\r\n    \"natRules\": [],\r\n
        \   \"enableBgpRouteTranslationForNat\": false,\r\n    \"sku\": {\r\n      \"name\":
        \"VpnGw2\",\r\n      \"tier\": \"VpnGw2\",\r\n      \"capacity\": 2\r\n    },\r\n
        \   \"gatewayType\": \"Vpn\",\r\n    \"vpnType\": \"RouteBased\",\r\n    \"enableBgp\":
        false,\r\n    \"activeActive\": false,\r\n    \"vpnClientConfiguration\":
        {\r\n      \"vpnClientAddressPool\": {\r\n        \"addressPrefixes\": [\r\n
        \         \"40.1.0.0/24\"\r\n        ]\r\n      },\r\n      \"vpnClientProtocols\":
        [\r\n        \"SSTP\",\r\n        \"IkeV2\"\r\n      ],\r\n      \"vpnAuthenticationTypes\":
        [\r\n        \"Radius\"\r\n      ],\r\n      \"vpnClientRootCertificates\":
        [],\r\n      \"vpnClientRevokedCertificates\": [],\r\n      \"radiusServerAddress\":
        \"30.1.1.15\",\r\n      \"radiusServerSecret\": \"111_aaa\",\r\n      \"radiusServers\":
        [],\r\n      \"vpnClientIpsecPolicies\": []\r\n    },\r\n    \"bgpSettings\":
        {\r\n      \"asn\": 65515,\r\n      \"bgpPeeringAddress\": \"10.0.0.254\",\r\n
        \     \"peerWeight\": 0,\r\n      \"bgpPeeringAddresses\": [\r\n        {\r\n
        \         \"ipconfigurationId\": \"/subscriptions/00000000-0000-0000-0000-000000000000/resourceGroups/cli_test_vnet_gateway_ipsec000001/providers/Microsoft.Network/virtualNetworkGateways/gw1/ipConfigurations/vnetGatewayConfig0\",\r\n
        \         \"defaultBgpIpAddresses\": [\r\n            \"10.0.0.254\"\r\n          ],\r\n
        \         \"customBgpIpAddresses\": [],\r\n          \"tunnelIpAddresses\":
        [\r\n            \"104.40.11.224\"\r\n          ]\r\n        }\r\n      ]\r\n
        \   },\r\n    \"vpnGatewayGeneration\": \"Generation1\"\r\n  }\r\n}"
    headers:
      azure-asyncoperation:
      - https://management.azure.com/subscriptions/00000000-0000-0000-0000-000000000000/providers/Microsoft.Network/locations/westus/operations/16252557-1843-4a5e-8c5c-19ae35521776?api-version=2020-11-01
      cache-control:
      - no-cache
      content-length:
      - '3198'
      content-type:
      - application/json; charset=utf-8
      date:
      - Mon, 12 Apr 2021 09:13:51 GMT
      expires:
      - '-1'
      pragma:
      - no-cache
      server:
      - Microsoft-HTTPAPI/2.0
      - Microsoft-HTTPAPI/2.0
      strict-transport-security:
      - max-age=31536000; includeSubDomains
      transfer-encoding:
      - chunked
      vary:
      - Accept-Encoding
      x-content-type-options:
      - nosniff
      x-ms-arm-service-request-id:
      - cc9e61a7-b9ab-43a9-8422-08243200cfbc
      x-ms-ratelimit-remaining-subscription-writes:
      - '1198'
    status:
      code: 200
      message: OK
- request:
    body: null
    headers:
      Accept:
      - '*/*'
      Accept-Encoding:
      - gzip, deflate
      CommandName:
      - network vnet-gateway ipsec-policy clear
      Connection:
      - keep-alive
      ParameterSetName:
      - -g --gateway-name
      User-Agent:
      - AZURECLI/2.22.0 azsdk-python-azure-mgmt-network/18.0.0 Python/3.8.8 (Windows-10-10.0.19041-SP0)
    method: GET
    uri: https://management.azure.com/subscriptions/00000000-0000-0000-0000-000000000000/providers/Microsoft.Network/locations/westus/operations/16252557-1843-4a5e-8c5c-19ae35521776?api-version=2020-11-01
  response:
    body:
      string: "{\r\n  \"status\": \"InProgress\"\r\n}"
    headers:
      cache-control:
      - no-cache
      content-length:
      - '30'
      content-type:
      - application/json; charset=utf-8
      date:
      - Mon, 12 Apr 2021 09:14:02 GMT
      expires:
      - '-1'
      pragma:
      - no-cache
      server:
      - Microsoft-HTTPAPI/2.0
      - Microsoft-HTTPAPI/2.0
      strict-transport-security:
      - max-age=31536000; includeSubDomains
      transfer-encoding:
      - chunked
      vary:
      - Accept-Encoding
      x-content-type-options:
      - nosniff
      x-ms-arm-service-request-id:
      - a01b2e93-66a2-44ff-aa15-d005bb38ca86
    status:
      code: 200
      message: OK
- request:
    body: null
    headers:
      Accept:
      - '*/*'
      Accept-Encoding:
      - gzip, deflate
      CommandName:
      - network vnet-gateway ipsec-policy clear
      Connection:
      - keep-alive
      ParameterSetName:
      - -g --gateway-name
      User-Agent:
      - AZURECLI/2.22.0 azsdk-python-azure-mgmt-network/18.0.0 Python/3.8.8 (Windows-10-10.0.19041-SP0)
    method: GET
    uri: https://management.azure.com/subscriptions/00000000-0000-0000-0000-000000000000/providers/Microsoft.Network/locations/westus/operations/16252557-1843-4a5e-8c5c-19ae35521776?api-version=2020-11-01
  response:
    body:
      string: "{\r\n  \"status\": \"InProgress\"\r\n}"
    headers:
      cache-control:
      - no-cache
      content-length:
      - '30'
      content-type:
      - application/json; charset=utf-8
      date:
      - Mon, 12 Apr 2021 09:14:22 GMT
      expires:
      - '-1'
      pragma:
      - no-cache
      server:
      - Microsoft-HTTPAPI/2.0
      - Microsoft-HTTPAPI/2.0
      strict-transport-security:
      - max-age=31536000; includeSubDomains
      transfer-encoding:
      - chunked
      vary:
      - Accept-Encoding
      x-content-type-options:
      - nosniff
      x-ms-arm-service-request-id:
      - 58bc2ca9-a5e2-4b20-83b1-428d2e8afcb3
    status:
      code: 200
      message: OK
- request:
    body: null
    headers:
      Accept:
      - '*/*'
      Accept-Encoding:
      - gzip, deflate
      CommandName:
      - network vnet-gateway ipsec-policy clear
      Connection:
      - keep-alive
      ParameterSetName:
      - -g --gateway-name
      User-Agent:
      - AZURECLI/2.22.0 azsdk-python-azure-mgmt-network/18.0.0 Python/3.8.8 (Windows-10-10.0.19041-SP0)
    method: GET
    uri: https://management.azure.com/subscriptions/00000000-0000-0000-0000-000000000000/providers/Microsoft.Network/locations/westus/operations/16252557-1843-4a5e-8c5c-19ae35521776?api-version=2020-11-01
  response:
    body:
      string: "{\r\n  \"status\": \"InProgress\"\r\n}"
    headers:
      cache-control:
      - no-cache
      content-length:
      - '30'
      content-type:
      - application/json; charset=utf-8
      date:
      - Mon, 12 Apr 2021 09:15:03 GMT
      expires:
      - '-1'
      pragma:
      - no-cache
      server:
      - Microsoft-HTTPAPI/2.0
      - Microsoft-HTTPAPI/2.0
      strict-transport-security:
      - max-age=31536000; includeSubDomains
      transfer-encoding:
      - chunked
      vary:
      - Accept-Encoding
      x-content-type-options:
      - nosniff
      x-ms-arm-service-request-id:
      - 973e0896-5d23-496e-a7be-3c50a641afce
    status:
      code: 200
      message: OK
- request:
    body: null
    headers:
      Accept:
      - '*/*'
      Accept-Encoding:
      - gzip, deflate
      CommandName:
      - network vnet-gateway ipsec-policy clear
      Connection:
      - keep-alive
      ParameterSetName:
      - -g --gateway-name
      User-Agent:
      - AZURECLI/2.22.0 azsdk-python-azure-mgmt-network/18.0.0 Python/3.8.8 (Windows-10-10.0.19041-SP0)
    method: GET
    uri: https://management.azure.com/subscriptions/00000000-0000-0000-0000-000000000000/providers/Microsoft.Network/locations/westus/operations/16252557-1843-4a5e-8c5c-19ae35521776?api-version=2020-11-01
  response:
    body:
      string: "{\r\n  \"status\": \"Succeeded\"\r\n}"
    headers:
      cache-control:
      - no-cache
      content-length:
      - '29'
      content-type:
      - application/json; charset=utf-8
      date:
      - Mon, 12 Apr 2021 09:16:23 GMT
      expires:
      - '-1'
      pragma:
      - no-cache
      server:
      - Microsoft-HTTPAPI/2.0
      - Microsoft-HTTPAPI/2.0
      strict-transport-security:
      - max-age=31536000; includeSubDomains
      transfer-encoding:
      - chunked
      vary:
      - Accept-Encoding
      x-content-type-options:
      - nosniff
      x-ms-arm-service-request-id:
      - 38625c06-ba4f-4fa7-a45c-eea1773ddc4b
    status:
      code: 200
      message: OK
- request:
    body: null
    headers:
      Accept:
      - '*/*'
      Accept-Encoding:
      - gzip, deflate
      CommandName:
      - network vnet-gateway ipsec-policy clear
      Connection:
      - keep-alive
      ParameterSetName:
      - -g --gateway-name
      User-Agent:
      - AZURECLI/2.22.0 azsdk-python-azure-mgmt-network/18.0.0 Python/3.8.8 (Windows-10-10.0.19041-SP0)
    method: GET
    uri: https://management.azure.com/subscriptions/00000000-0000-0000-0000-000000000000/resourceGroups/cli_test_vnet_gateway_ipsec000001/providers/Microsoft.Network/virtualNetworkGateways/gw1?api-version=2020-11-01
  response:
    body:
      string: "{\r\n  \"name\": \"gw1\",\r\n  \"id\": \"/subscriptions/00000000-0000-0000-0000-000000000000/resourceGroups/cli_test_vnet_gateway_ipsec000001/providers/Microsoft.Network/virtualNetworkGateways/gw1\",\r\n
        \ \"etag\": \"W/\\\"a1f00716-6adc-4e80-8f1f-a73b71c0d2a0\\\"\",\r\n  \"type\":
        \"Microsoft.Network/virtualNetworkGateways\",\r\n  \"location\": \"westus\",\r\n
        \ \"properties\": {\r\n    \"provisioningState\": \"Succeeded\",\r\n    \"resourceGuid\":
        \"c995e4c8-f5db-411a-8140-d56497cb86f0\",\r\n    \"packetCaptureDiagnosticState\":
        \"None\",\r\n    \"enablePrivateIpAddress\": false,\r\n    \"ipConfigurations\":
        [\r\n      {\r\n        \"name\": \"vnetGatewayConfig0\",\r\n        \"id\":
        \"/subscriptions/00000000-0000-0000-0000-000000000000/resourceGroups/cli_test_vnet_gateway_ipsec000001/providers/Microsoft.Network/virtualNetworkGateways/gw1/ipConfigurations/vnetGatewayConfig0\",\r\n
        \       \"etag\": \"W/\\\"a1f00716-6adc-4e80-8f1f-a73b71c0d2a0\\\"\",\r\n
        \       \"type\": \"Microsoft.Network/virtualNetworkGateways/ipConfigurations\",\r\n
        \       \"properties\": {\r\n          \"provisioningState\": \"Succeeded\",\r\n
        \         \"privateIPAllocationMethod\": \"Dynamic\",\r\n          \"publicIPAddress\":
        {\r\n            \"id\": \"/subscriptions/00000000-0000-0000-0000-000000000000/resourceGroups/cli_test_vnet_gateway_ipsec000001/providers/Microsoft.Network/publicIPAddresses/pip1\"\r\n
        \         },\r\n          \"subnet\": {\r\n            \"id\": \"/subscriptions/00000000-0000-0000-0000-000000000000/resourceGroups/cli_test_vnet_gateway_ipsec000001/providers/Microsoft.Network/virtualNetworks/vnet1/subnets/GatewaySubnet\"\r\n
        \         }\r\n        }\r\n      }\r\n    ],\r\n    \"natRules\": [],\r\n
        \   \"enableBgpRouteTranslationForNat\": false,\r\n    \"sku\": {\r\n      \"name\":
        \"VpnGw2\",\r\n      \"tier\": \"VpnGw2\",\r\n      \"capacity\": 2\r\n    },\r\n
        \   \"gatewayType\": \"Vpn\",\r\n    \"vpnType\": \"RouteBased\",\r\n    \"enableBgp\":
        false,\r\n    \"activeActive\": false,\r\n    \"vpnClientConfiguration\":
        {\r\n      \"vpnClientAddressPool\": {\r\n        \"addressPrefixes\": [\r\n
        \         \"40.1.0.0/24\"\r\n        ]\r\n      },\r\n      \"vpnClientProtocols\":
        [\r\n        \"SSTP\",\r\n        \"IkeV2\"\r\n      ],\r\n      \"vpnAuthenticationTypes\":
        [\r\n        \"Radius\"\r\n      ],\r\n      \"vpnClientRootCertificates\":
        [],\r\n      \"vpnClientRevokedCertificates\": [],\r\n      \"vpnClientConnectionHealth\":
        {\r\n        \"vpnClientConnectionsCount\": 0,\r\n        \"totalIngressBytesTransferred\":
        0,\r\n        \"totalEgressBytesTransferred\": 0\r\n      },\r\n      \"radiusServerAddress\":
        \"30.1.1.15\",\r\n      \"radiusServerSecret\": \"111_aaa\",\r\n      \"radiusServers\":
        [],\r\n      \"vpnClientIpsecPolicies\": []\r\n    },\r\n    \"bgpSettings\":
        {\r\n      \"asn\": 65515,\r\n      \"bgpPeeringAddress\": \"10.0.0.254\",\r\n
        \     \"peerWeight\": 0,\r\n      \"bgpPeeringAddresses\": [\r\n        {\r\n
        \         \"ipconfigurationId\": \"/subscriptions/00000000-0000-0000-0000-000000000000/resourceGroups/cli_test_vnet_gateway_ipsec000001/providers/Microsoft.Network/virtualNetworkGateways/gw1/ipConfigurations/vnetGatewayConfig0\",\r\n
        \         \"defaultBgpIpAddresses\": [\r\n            \"10.0.0.254\"\r\n          ],\r\n
        \         \"customBgpIpAddresses\": [],\r\n          \"tunnelIpAddresses\":
        [\r\n            \"104.40.11.224\"\r\n          ]\r\n        }\r\n      ]\r\n
        \   },\r\n    \"vpnGatewayGeneration\": \"Generation1\"\r\n  }\r\n}"
    headers:
      cache-control:
      - no-cache
      content-length:
      - '3375'
      content-type:
      - application/json; charset=utf-8
      date:
      - Mon, 12 Apr 2021 09:16:23 GMT
      expires:
      - '-1'
      pragma:
      - no-cache
      server:
      - Microsoft-HTTPAPI/2.0
      - Microsoft-HTTPAPI/2.0
      strict-transport-security:
      - max-age=31536000; includeSubDomains
      transfer-encoding:
      - chunked
      vary:
      - Accept-Encoding
      x-content-type-options:
      - nosniff
      x-ms-arm-service-request-id:
      - 20ec223d-cd8a-44c9-ae1b-ffa5c52fa4a4
    status:
      code: 200
      message: OK
- request:
    body: null
    headers:
      Accept:
      - application/json
      Accept-Encoding:
      - gzip, deflate
      CommandName:
      - network vnet-gateway ipsec-policy list
      Connection:
      - keep-alive
      ParameterSetName:
      - -g --gateway-name
      User-Agent:
      - AZURECLI/2.22.0 azsdk-python-azure-mgmt-network/18.0.0 Python/3.8.8 (Windows-10-10.0.19041-SP0)
    method: GET
    uri: https://management.azure.com/subscriptions/00000000-0000-0000-0000-000000000000/resourceGroups/cli_test_vnet_gateway_ipsec000001/providers/Microsoft.Network/virtualNetworkGateways/gw1?api-version=2020-11-01
  response:
    body:
      string: "{\r\n  \"name\": \"gw1\",\r\n  \"id\": \"/subscriptions/00000000-0000-0000-0000-000000000000/resourceGroups/cli_test_vnet_gateway_ipsec000001/providers/Microsoft.Network/virtualNetworkGateways/gw1\",\r\n
        \ \"etag\": \"W/\\\"a1f00716-6adc-4e80-8f1f-a73b71c0d2a0\\\"\",\r\n  \"type\":
        \"Microsoft.Network/virtualNetworkGateways\",\r\n  \"location\": \"westus\",\r\n
        \ \"properties\": {\r\n    \"provisioningState\": \"Succeeded\",\r\n    \"resourceGuid\":
        \"c995e4c8-f5db-411a-8140-d56497cb86f0\",\r\n    \"packetCaptureDiagnosticState\":
        \"None\",\r\n    \"enablePrivateIpAddress\": false,\r\n    \"ipConfigurations\":
        [\r\n      {\r\n        \"name\": \"vnetGatewayConfig0\",\r\n        \"id\":
        \"/subscriptions/00000000-0000-0000-0000-000000000000/resourceGroups/cli_test_vnet_gateway_ipsec000001/providers/Microsoft.Network/virtualNetworkGateways/gw1/ipConfigurations/vnetGatewayConfig0\",\r\n
        \       \"etag\": \"W/\\\"a1f00716-6adc-4e80-8f1f-a73b71c0d2a0\\\"\",\r\n
        \       \"type\": \"Microsoft.Network/virtualNetworkGateways/ipConfigurations\",\r\n
        \       \"properties\": {\r\n          \"provisioningState\": \"Succeeded\",\r\n
        \         \"privateIPAllocationMethod\": \"Dynamic\",\r\n          \"publicIPAddress\":
        {\r\n            \"id\": \"/subscriptions/00000000-0000-0000-0000-000000000000/resourceGroups/cli_test_vnet_gateway_ipsec000001/providers/Microsoft.Network/publicIPAddresses/pip1\"\r\n
        \         },\r\n          \"subnet\": {\r\n            \"id\": \"/subscriptions/00000000-0000-0000-0000-000000000000/resourceGroups/cli_test_vnet_gateway_ipsec000001/providers/Microsoft.Network/virtualNetworks/vnet1/subnets/GatewaySubnet\"\r\n
        \         }\r\n        }\r\n      }\r\n    ],\r\n    \"natRules\": [],\r\n
        \   \"enableBgpRouteTranslationForNat\": false,\r\n    \"sku\": {\r\n      \"name\":
        \"VpnGw2\",\r\n      \"tier\": \"VpnGw2\",\r\n      \"capacity\": 2\r\n    },\r\n
        \   \"gatewayType\": \"Vpn\",\r\n    \"vpnType\": \"RouteBased\",\r\n    \"enableBgp\":
        false,\r\n    \"activeActive\": false,\r\n    \"vpnClientConfiguration\":
        {\r\n      \"vpnClientAddressPool\": {\r\n        \"addressPrefixes\": [\r\n
        \         \"40.1.0.0/24\"\r\n        ]\r\n      },\r\n      \"vpnClientProtocols\":
        [\r\n        \"SSTP\",\r\n        \"IkeV2\"\r\n      ],\r\n      \"vpnAuthenticationTypes\":
        [\r\n        \"Radius\"\r\n      ],\r\n      \"vpnClientRootCertificates\":
        [],\r\n      \"vpnClientRevokedCertificates\": [],\r\n      \"vpnClientConnectionHealth\":
        {\r\n        \"vpnClientConnectionsCount\": 0,\r\n        \"totalIngressBytesTransferred\":
        0,\r\n        \"totalEgressBytesTransferred\": 0\r\n      },\r\n      \"radiusServerAddress\":
        \"30.1.1.15\",\r\n      \"radiusServerSecret\": \"111_aaa\",\r\n      \"radiusServers\":
        [],\r\n      \"vpnClientIpsecPolicies\": []\r\n    },\r\n    \"bgpSettings\":
        {\r\n      \"asn\": 65515,\r\n      \"bgpPeeringAddress\": \"10.0.0.254\",\r\n
        \     \"peerWeight\": 0,\r\n      \"bgpPeeringAddresses\": [\r\n        {\r\n
        \         \"ipconfigurationId\": \"/subscriptions/00000000-0000-0000-0000-000000000000/resourceGroups/cli_test_vnet_gateway_ipsec000001/providers/Microsoft.Network/virtualNetworkGateways/gw1/ipConfigurations/vnetGatewayConfig0\",\r\n
        \         \"defaultBgpIpAddresses\": [\r\n            \"10.0.0.254\"\r\n          ],\r\n
        \         \"customBgpIpAddresses\": [],\r\n          \"tunnelIpAddresses\":
        [\r\n            \"104.40.11.224\"\r\n          ]\r\n        }\r\n      ]\r\n
        \   },\r\n    \"vpnGatewayGeneration\": \"Generation1\"\r\n  }\r\n}"
    headers:
      cache-control:
      - no-cache
      content-length:
      - '3375'
      content-type:
      - application/json; charset=utf-8
      date:
      - Mon, 12 Apr 2021 09:16:25 GMT
      expires:
      - '-1'
      pragma:
      - no-cache
      server:
      - Microsoft-HTTPAPI/2.0
      - Microsoft-HTTPAPI/2.0
      strict-transport-security:
      - max-age=31536000; includeSubDomains
      transfer-encoding:
      - chunked
      vary:
      - Accept-Encoding
      x-content-type-options:
      - nosniff
      x-ms-arm-service-request-id:
      - e19d85ac-cb3a-45d0-aef9-d7b7a61f0547
    status:
      code: 200
      message: OK
- request:
    body: null
    headers:
      Accept:
      - application/json
      Accept-Encoding:
      - gzip, deflate
      CommandName:
      - network vnet-gateway show-supported-devices
      Connection:
      - keep-alive
      Content-Length:
      - '0'
      ParameterSetName:
      - -g -n -o
      User-Agent:
      - AZURECLI/2.22.0 azsdk-python-azure-mgmt-network/18.0.0 Python/3.8.8 (Windows-10-10.0.19041-SP0)
    method: POST
    uri: https://management.azure.com/subscriptions/00000000-0000-0000-0000-000000000000/resourceGroups/cli_test_vnet_gateway_ipsec000001/providers/Microsoft.Network/virtualNetworkGateways/gw1/supportedvpndevices?api-version=2020-11-01
  response:
    body:
      string: '"<?xml version=\"1.0\" encoding=\"utf-8\"?><RpVpnDeviceList version=\"1.0\"><Vendor
        name=\"Cisco\"><DeviceFamily name=\"Cisco-ISR(IOS)\"><FirmwareVersion name=\"Cisco-ISR-15.x--IKEv2+BGP\"
        /></DeviceFamily><DeviceFamily name=\"IOS (ISR, ASR)\"><FirmwareVersion name=\"15.x
        (IKEv2)\" /></DeviceFamily><DeviceFamily name=\"ASA (Adaptive Security Appliance)\"><FirmwareVersion
        name=\"Cisco_ASA_[9.8+_ONLY]_RouteBased(IKEv2+VTI+BGP)\" /><FirmwareVersion
        name=\"Cisco_ASA_[Between_9.6(4)--9.7.x_ONLY]_RouteBased(IKEv2-NoBGP)\" /><FirmwareVersion
        name=\"Cisco_ASA_[BELOW_9.6(4)_ONLY]_IKEv2_{MUST:CustomAzure-IPSec-Policies_w/Narrow_TrafficSelectors}\"
        /><FirmwareVersion name=\"Cisco_ASA_[9.8+_ONLY]_RouteBased(IKEv2&gt;VTI-with-BGP-Option)\"
        /></DeviceFamily></Vendor><Vendor name=\"Juniper\"><DeviceFamily name=\"Juniper_SRX\"><FirmwareVersion
        name=\"Juniper_SRX_JunOS-12.x_RouteBased\" /><FirmwareVersion name=\"Juniper_SRX_JunOS-12.x_RouteBased-and-BGP_Support\"
        /></DeviceFamily><DeviceFamily name=\"Juniper_SSG\"><FirmwareVersion name=\"Juniper_SSG_ScreenOS-6.2.x-RouteBased\"
        /></DeviceFamily><DeviceFamily name=\"Juniper_J-Series\"><FirmwareVersion
        name=\"Juniper_J-Series_JunOS12.x-RouteBased\" /></DeviceFamily><DeviceFamily
        name=\"Juniper_MX\"><FirmwareVersion name=\"Juniper_MX_JunOS-12.x+_RouteBased-and-BGP_Support\"
        /><FirmwareVersion name=\"Juniper_MX_JunOS-12.x+_RouteBased_noBGP\" /></DeviceFamily><DeviceFamily
        name=\"Juniper_ISG\"><FirmwareVersion name=\"Juniper_ISG_ScreenOS-6.3.x--RouteBased\"
        /></DeviceFamily></Vendor><Vendor name=\"Ubiquiti\"><DeviceFamily name=\"EdgeRouter\"><FirmwareVersion
        name=\"Ubiquiti_EdgeOS_1.10.x-RouteBased_BGP\" /><FirmwareVersion name=\"Ubiquiti_EdgeOS_1.10.x-RouteBased_VTI\"
        /></DeviceFamily></Vendor><Vendor name=\"Generic Samples\"><DeviceFamily name=\"Device
        Parameters\"><FirmwareVersion name=\"1.0\" /></DeviceFamily></Vendor><Vendor
        name=\"Allied Telesis\"><DeviceFamily name=\"AR-Series VPN Routers\"><FirmwareVersion
        name=\"AR-Series 5.4.7+\" /></DeviceFamily></Vendor><Vendor name=\"Sentrium
        (VyOS)\"><DeviceFamily name=\"VyOS\"><FirmwareVersion name=\"VyOS1.2.2+(VTI+BGP)\"
        /></DeviceFamily></Vendor></RpVpnDeviceList>"'
    headers:
      cache-control:
      - no-cache
      content-length:
      - '2180'
      content-type:
      - application/json; charset=utf-8
      date:
      - Mon, 12 Apr 2021 09:16:26 GMT
      expires:
      - '-1'
      pragma:
      - no-cache
      server:
      - Microsoft-HTTPAPI/2.0
      - Microsoft-HTTPAPI/2.0
      strict-transport-security:
      - max-age=31536000; includeSubDomains
      transfer-encoding:
      - chunked
      vary:
      - Accept-Encoding
      x-content-type-options:
      - nosniff
      x-ms-arm-service-request-id:
      - f94a0139-f119-4d3e-a348-7e42bbb094b7
      x-ms-ratelimit-remaining-subscription-writes:
      - '1199'
    status:
      code: 200
      message: OK
version: 1
