interactions:
- request:
    body: null
    headers:
      Accept:
      - application/json
      Accept-Encoding:
      - gzip, deflate
      CommandName:
      - network public-ip create
      Connection:
      - keep-alive
      ParameterSetName:
      - -g -n
      User-Agent:
      - python/3.7.4 (Linux-4.15.0-112-generic-x86_64-with-debian-buster-sid) msrest/0.6.18
        msrest_azure/0.6.4 azure-mgmt-resource/10.2.0 Azure-SDK-For-Python AZURECLI/2.10.1
      accept-language:
      - en-US
    method: GET
    uri: https://management.azure.com/subscriptions/00000000-0000-0000-0000-000000000000/resourcegroups/cli_test_load_balancer_ip_config000001?api-version=2020-06-01
  response:
    body:
      string: '{"id":"/subscriptions/00000000-0000-0000-0000-000000000000/resourceGroups/cli_test_load_balancer_ip_config000001","name":"cli_test_load_balancer_ip_config000001","type":"Microsoft.Resources/resourceGroups","location":"westus","tags":{"product":"azurecli","cause":"automation","date":"2020-08-20T07:35:15Z","StorageType":"Standard_LRS"},"properties":{"provisioningState":"Succeeded"}}'
    headers:
      cache-control:
      - no-cache
      content-length:
      - '457'
      content-type:
      - application/json; charset=utf-8
      date:
      - Thu, 20 Aug 2020 07:35:17 GMT
      expires:
      - '-1'
      pragma:
      - no-cache
      strict-transport-security:
      - max-age=31536000; includeSubDomains
      vary:
      - Accept-Encoding
      x-content-type-options:
      - nosniff
    status:
      code: 200
      message: OK
- request:
    body: '{"location": "westus", "properties": {"publicIPAllocationMethod": "Dynamic",
      "publicIPAddressVersion": "IPv4", "idleTimeoutInMinutes": 4}}'
    headers:
      Accept:
      - application/json
      Accept-Encoding:
      - gzip, deflate
      CommandName:
      - network public-ip create
      Connection:
      - keep-alive
      Content-Length:
      - '138'
      Content-Type:
      - application/json; charset=utf-8
      ParameterSetName:
      - -g -n
      User-Agent:
      - python/3.7.4 (Linux-4.15.0-112-generic-x86_64-with-debian-buster-sid) msrest/0.6.18
        msrest_azure/0.6.4 azure-mgmt-network/11.0.0 Azure-SDK-For-Python AZURECLI/2.10.1
      accept-language:
      - en-US
    method: PUT
    uri: https://management.azure.com/subscriptions/00000000-0000-0000-0000-000000000000/resourceGroups/cli_test_load_balancer_ip_config000001/providers/Microsoft.Network/publicIPAddresses/publicip1?api-version=2020-06-01
  response:
    body:
      string: "{\r\n  \"name\": \"publicip1\",\r\n  \"id\": \"/subscriptions/00000000-0000-0000-0000-000000000000/resourceGroups/cli_test_load_balancer_ip_config000001/providers/Microsoft.Network/publicIPAddresses/publicip1\"\
        ,\r\n  \"etag\": \"W/\\\"4b1c5020-cae9-4646-b68e-c309848360b1\\\"\",\r\n \
        \ \"location\": \"westus\",\r\n  \"properties\": {\r\n    \"provisioningState\"\
        : \"Updating\",\r\n    \"resourceGuid\": \"51727d36-3b76-411f-b2e7-74ab78ee603c\"\
        ,\r\n    \"publicIPAddressVersion\": \"IPv4\",\r\n    \"publicIPAllocationMethod\"\
        : \"Dynamic\",\r\n    \"idleTimeoutInMinutes\": 4,\r\n    \"ipTags\": []\r\
        \n  },\r\n  \"type\": \"Microsoft.Network/publicIPAddresses\",\r\n  \"sku\"\
        : {\r\n    \"name\": \"Basic\"\r\n  }\r\n}"
    headers:
      azure-asyncnotification:
      - Enabled
      azure-asyncoperation:
      - https://management.azure.com/subscriptions/00000000-0000-0000-0000-000000000000/providers/Microsoft.Network/locations/westus/operations/215289f2-bb30-4961-ac54-e31fee07acd2?api-version=2020-06-01
      cache-control:
      - no-cache
      content-length:
      - '666'
      content-type:
      - application/json; charset=utf-8
      date:
      - Thu, 20 Aug 2020 07:35:20 GMT
      expires:
      - '-1'
      pragma:
      - no-cache
      server:
      - Microsoft-HTTPAPI/2.0
      - Microsoft-HTTPAPI/2.0
      strict-transport-security:
      - max-age=31536000; includeSubDomains
      x-content-type-options:
      - nosniff
      x-ms-arm-service-request-id:
      - f8178c3b-15b8-407d-93d5-3435801cf7c6
      x-ms-ratelimit-remaining-subscription-writes:
      - '1163'
    status:
      code: 201
      message: Created
- request:
    body: null
    headers:
      Accept:
      - application/json
      Accept-Encoding:
      - gzip, deflate
      CommandName:
      - network public-ip create
      Connection:
      - keep-alive
      ParameterSetName:
      - -g -n
      User-Agent:
      - python/3.7.4 (Linux-4.15.0-112-generic-x86_64-with-debian-buster-sid) msrest/0.6.18
        msrest_azure/0.6.4 azure-mgmt-network/11.0.0 Azure-SDK-For-Python AZURECLI/2.10.1
    method: GET
    uri: https://management.azure.com/subscriptions/00000000-0000-0000-0000-000000000000/providers/Microsoft.Network/locations/westus/operations/215289f2-bb30-4961-ac54-e31fee07acd2?api-version=2020-06-01
  response:
    body:
      string: "{\r\n  \"status\": \"Succeeded\"\r\n}"
    headers:
      cache-control:
      - no-cache
      content-length:
      - '29'
      content-type:
      - application/json; charset=utf-8
      date:
      - Thu, 20 Aug 2020 07:35:22 GMT
      expires:
      - '-1'
      pragma:
      - no-cache
      server:
      - Microsoft-HTTPAPI/2.0
      - Microsoft-HTTPAPI/2.0
      strict-transport-security:
      - max-age=31536000; includeSubDomains
      transfer-encoding:
      - chunked
      vary:
      - Accept-Encoding
      x-content-type-options:
      - nosniff
      x-ms-arm-service-request-id:
      - 6ec59d84-54dc-43a0-be2a-2fd6fab85e86
    status:
      code: 200
      message: OK
- request:
    body: null
    headers:
      Accept:
      - application/json
      Accept-Encoding:
      - gzip, deflate
      CommandName:
      - network public-ip create
      Connection:
      - keep-alive
      ParameterSetName:
      - -g -n
      User-Agent:
      - python/3.7.4 (Linux-4.15.0-112-generic-x86_64-with-debian-buster-sid) msrest/0.6.18
        msrest_azure/0.6.4 azure-mgmt-network/11.0.0 Azure-SDK-For-Python AZURECLI/2.10.1
    method: GET
    uri: https://management.azure.com/subscriptions/00000000-0000-0000-0000-000000000000/resourceGroups/cli_test_load_balancer_ip_config000001/providers/Microsoft.Network/publicIPAddresses/publicip1?api-version=2020-06-01
  response:
    body:
      string: "{\r\n  \"name\": \"publicip1\",\r\n  \"id\": \"/subscriptions/00000000-0000-0000-0000-000000000000/resourceGroups/cli_test_load_balancer_ip_config000001/providers/Microsoft.Network/publicIPAddresses/publicip1\"\
        ,\r\n  \"etag\": \"W/\\\"1c305e32-c609-4d10-9c24-3fa083f8d8b3\\\"\",\r\n \
        \ \"location\": \"westus\",\r\n  \"properties\": {\r\n    \"provisioningState\"\
        : \"Succeeded\",\r\n    \"resourceGuid\": \"51727d36-3b76-411f-b2e7-74ab78ee603c\"\
        ,\r\n    \"publicIPAddressVersion\": \"IPv4\",\r\n    \"publicIPAllocationMethod\"\
        : \"Dynamic\",\r\n    \"idleTimeoutInMinutes\": 4,\r\n    \"ipTags\": []\r\
        \n  },\r\n  \"type\": \"Microsoft.Network/publicIPAddresses\",\r\n  \"sku\"\
        : {\r\n    \"name\": \"Basic\"\r\n  }\r\n}"
    headers:
      cache-control:
      - no-cache
      content-length:
      - '667'
      content-type:
      - application/json; charset=utf-8
      date:
      - Thu, 20 Aug 2020 07:35:23 GMT
      etag:
      - W/"1c305e32-c609-4d10-9c24-3fa083f8d8b3"
      expires:
      - '-1'
      pragma:
      - no-cache
      server:
      - Microsoft-HTTPAPI/2.0
      - Microsoft-HTTPAPI/2.0
      strict-transport-security:
      - max-age=31536000; includeSubDomains
      transfer-encoding:
      - chunked
      vary:
      - Accept-Encoding
      x-content-type-options:
      - nosniff
      x-ms-arm-service-request-id:
      - 714ece81-3cab-4dc4-8edf-7ad0f386f845
    status:
      code: 200
      message: OK
- request:
    body: null
    headers:
      Accept:
      - application/json
      Accept-Encoding:
      - gzip, deflate
      CommandName:
      - network public-ip create
      Connection:
      - keep-alive
      ParameterSetName:
      - -g -n
      User-Agent:
      - python/3.7.4 (Linux-4.15.0-112-generic-x86_64-with-debian-buster-sid) msrest/0.6.18
        msrest_azure/0.6.4 azure-mgmt-resource/10.2.0 Azure-SDK-For-Python AZURECLI/2.10.1
      accept-language:
      - en-US
    method: GET
    uri: https://management.azure.com/subscriptions/00000000-0000-0000-0000-000000000000/resourcegroups/cli_test_load_balancer_ip_config000001?api-version=2020-06-01
  response:
    body:
      string: '{"id":"/subscriptions/00000000-0000-0000-0000-000000000000/resourceGroups/cli_test_load_balancer_ip_config000001","name":"cli_test_load_balancer_ip_config000001","type":"Microsoft.Resources/resourceGroups","location":"westus","tags":{"product":"azurecli","cause":"automation","date":"2020-08-20T07:35:15Z","StorageType":"Standard_LRS"},"properties":{"provisioningState":"Succeeded"}}'
    headers:
      cache-control:
      - no-cache
      content-length:
      - '457'
      content-type:
      - application/json; charset=utf-8
      date:
      - Thu, 20 Aug 2020 07:35:24 GMT
      expires:
      - '-1'
      pragma:
      - no-cache
      strict-transport-security:
      - max-age=31536000; includeSubDomains
      vary:
      - Accept-Encoding
      x-content-type-options:
      - nosniff
    status:
      code: 200
      message: OK
- request:
    body: '{"location": "westus", "properties": {"publicIPAllocationMethod": "Dynamic",
      "publicIPAddressVersion": "IPv4", "idleTimeoutInMinutes": 4}}'
    headers:
      Accept:
      - application/json
      Accept-Encoding:
      - gzip, deflate
      CommandName:
      - network public-ip create
      Connection:
      - keep-alive
      Content-Length:
      - '138'
      Content-Type:
      - application/json; charset=utf-8
      ParameterSetName:
      - -g -n
      User-Agent:
      - python/3.7.4 (Linux-4.15.0-112-generic-x86_64-with-debian-buster-sid) msrest/0.6.18
        msrest_azure/0.6.4 azure-mgmt-network/11.0.0 Azure-SDK-For-Python AZURECLI/2.10.1
      accept-language:
      - en-US
    method: PUT
    uri: https://management.azure.com/subscriptions/00000000-0000-0000-0000-000000000000/resourceGroups/cli_test_load_balancer_ip_config000001/providers/Microsoft.Network/publicIPAddresses/publicip2?api-version=2020-06-01
  response:
    body:
      string: "{\r\n  \"name\": \"publicip2\",\r\n  \"id\": \"/subscriptions/00000000-0000-0000-0000-000000000000/resourceGroups/cli_test_load_balancer_ip_config000001/providers/Microsoft.Network/publicIPAddresses/publicip2\"\
        ,\r\n  \"etag\": \"W/\\\"339444b6-927e-47f4-a5cd-3a4722daff60\\\"\",\r\n \
        \ \"location\": \"westus\",\r\n  \"properties\": {\r\n    \"provisioningState\"\
        : \"Updating\",\r\n    \"resourceGuid\": \"61408d43-62b1-4b6c-96d5-f81183f7407e\"\
        ,\r\n    \"publicIPAddressVersion\": \"IPv4\",\r\n    \"publicIPAllocationMethod\"\
        : \"Dynamic\",\r\n    \"idleTimeoutInMinutes\": 4,\r\n    \"ipTags\": []\r\
        \n  },\r\n  \"type\": \"Microsoft.Network/publicIPAddresses\",\r\n  \"sku\"\
        : {\r\n    \"name\": \"Basic\"\r\n  }\r\n}"
    headers:
      azure-asyncnotification:
      - Enabled
      azure-asyncoperation:
      - https://management.azure.com/subscriptions/00000000-0000-0000-0000-000000000000/providers/Microsoft.Network/locations/westus/operations/ecbe6394-9980-43d0-8c30-6ba47b071169?api-version=2020-06-01
      cache-control:
      - no-cache
      content-length:
      - '666'
      content-type:
      - application/json; charset=utf-8
      date:
      - Thu, 20 Aug 2020 07:35:28 GMT
      expires:
      - '-1'
      pragma:
      - no-cache
      server:
      - Microsoft-HTTPAPI/2.0
      - Microsoft-HTTPAPI/2.0
      strict-transport-security:
      - max-age=31536000; includeSubDomains
      x-content-type-options:
      - nosniff
      x-ms-arm-service-request-id:
      - 0a55e650-8108-4878-b804-7e5e5dfa1111
      x-ms-ratelimit-remaining-subscription-writes:
      - '1161'
    status:
      code: 201
      message: Created
- request:
    body: null
    headers:
      Accept:
      - application/json
      Accept-Encoding:
      - gzip, deflate
      CommandName:
      - network public-ip create
      Connection:
      - keep-alive
      ParameterSetName:
      - -g -n
      User-Agent:
      - python/3.7.4 (Linux-4.15.0-112-generic-x86_64-with-debian-buster-sid) msrest/0.6.18
        msrest_azure/0.6.4 azure-mgmt-network/11.0.0 Azure-SDK-For-Python AZURECLI/2.10.1
    method: GET
    uri: https://management.azure.com/subscriptions/00000000-0000-0000-0000-000000000000/providers/Microsoft.Network/locations/westus/operations/ecbe6394-9980-43d0-8c30-6ba47b071169?api-version=2020-06-01
  response:
    body:
      string: "{\r\n  \"status\": \"Succeeded\"\r\n}"
    headers:
      cache-control:
      - no-cache
      content-length:
      - '29'
      content-type:
      - application/json; charset=utf-8
      date:
      - Thu, 20 Aug 2020 07:35:30 GMT
      expires:
      - '-1'
      pragma:
      - no-cache
      server:
      - Microsoft-HTTPAPI/2.0
      - Microsoft-HTTPAPI/2.0
      strict-transport-security:
      - max-age=31536000; includeSubDomains
      transfer-encoding:
      - chunked
      vary:
      - Accept-Encoding
      x-content-type-options:
      - nosniff
      x-ms-arm-service-request-id:
      - 46b02256-d9c8-4e66-890c-3977972a5f42
    status:
      code: 200
      message: OK
- request:
    body: null
    headers:
      Accept:
      - application/json
      Accept-Encoding:
      - gzip, deflate
      CommandName:
      - network public-ip create
      Connection:
      - keep-alive
      ParameterSetName:
      - -g -n
      User-Agent:
      - python/3.7.4 (Linux-4.15.0-112-generic-x86_64-with-debian-buster-sid) msrest/0.6.18
        msrest_azure/0.6.4 azure-mgmt-network/11.0.0 Azure-SDK-For-Python AZURECLI/2.10.1
    method: GET
    uri: https://management.azure.com/subscriptions/00000000-0000-0000-0000-000000000000/resourceGroups/cli_test_load_balancer_ip_config000001/providers/Microsoft.Network/publicIPAddresses/publicip2?api-version=2020-06-01
  response:
    body:
      string: "{\r\n  \"name\": \"publicip2\",\r\n  \"id\": \"/subscriptions/00000000-0000-0000-0000-000000000000/resourceGroups/cli_test_load_balancer_ip_config000001/providers/Microsoft.Network/publicIPAddresses/publicip2\"\
        ,\r\n  \"etag\": \"W/\\\"ea1ab7bd-c49c-4ce7-844b-455ef5a39fe6\\\"\",\r\n \
        \ \"location\": \"westus\",\r\n  \"properties\": {\r\n    \"provisioningState\"\
        : \"Succeeded\",\r\n    \"resourceGuid\": \"61408d43-62b1-4b6c-96d5-f81183f7407e\"\
        ,\r\n    \"publicIPAddressVersion\": \"IPv4\",\r\n    \"publicIPAllocationMethod\"\
        : \"Dynamic\",\r\n    \"idleTimeoutInMinutes\": 4,\r\n    \"ipTags\": []\r\
        \n  },\r\n  \"type\": \"Microsoft.Network/publicIPAddresses\",\r\n  \"sku\"\
        : {\r\n    \"name\": \"Basic\"\r\n  }\r\n}"
    headers:
      cache-control:
      - no-cache
      content-length:
      - '667'
      content-type:
      - application/json; charset=utf-8
      date:
      - Thu, 20 Aug 2020 07:35:30 GMT
      etag:
      - W/"ea1ab7bd-c49c-4ce7-844b-455ef5a39fe6"
      expires:
      - '-1'
      pragma:
      - no-cache
      server:
      - Microsoft-HTTPAPI/2.0
      - Microsoft-HTTPAPI/2.0
      strict-transport-security:
      - max-age=31536000; includeSubDomains
      transfer-encoding:
      - chunked
      vary:
      - Accept-Encoding
      x-content-type-options:
      - nosniff
      x-ms-arm-service-request-id:
      - 0633b8c1-f1b8-4380-b0b9-94e0c2c2f027
    status:
      code: 200
      message: OK
- request:
    body: null
    headers:
      Accept:
      - application/json
      Accept-Encoding:
      - gzip, deflate
      CommandName:
      - network public-ip create
      Connection:
      - keep-alive
      ParameterSetName:
      - -g -n
      User-Agent:
      - python/3.7.4 (Linux-4.15.0-112-generic-x86_64-with-debian-buster-sid) msrest/0.6.18
        msrest_azure/0.6.4 azure-mgmt-resource/10.2.0 Azure-SDK-For-Python AZURECLI/2.10.1
      accept-language:
      - en-US
    method: GET
    uri: https://management.azure.com/subscriptions/00000000-0000-0000-0000-000000000000/resourcegroups/cli_test_load_balancer_ip_config000001?api-version=2020-06-01
  response:
    body:
      string: '{"id":"/subscriptions/00000000-0000-0000-0000-000000000000/resourceGroups/cli_test_load_balancer_ip_config000001","name":"cli_test_load_balancer_ip_config000001","type":"Microsoft.Resources/resourceGroups","location":"westus","tags":{"product":"azurecli","cause":"automation","date":"2020-08-20T07:35:15Z","StorageType":"Standard_LRS"},"properties":{"provisioningState":"Succeeded"}}'
    headers:
      cache-control:
      - no-cache
      content-length:
      - '457'
      content-type:
      - application/json; charset=utf-8
      date:
      - Thu, 20 Aug 2020 07:35:31 GMT
      expires:
      - '-1'
      pragma:
      - no-cache
      strict-transport-security:
      - max-age=31536000; includeSubDomains
      vary:
      - Accept-Encoding
      x-content-type-options:
      - nosniff
    status:
      code: 200
      message: OK
- request:
    body: '{"location": "westus", "properties": {"publicIPAllocationMethod": "Dynamic",
      "publicIPAddressVersion": "IPv4", "idleTimeoutInMinutes": 4}}'
    headers:
      Accept:
      - application/json
      Accept-Encoding:
      - gzip, deflate
      CommandName:
      - network public-ip create
      Connection:
      - keep-alive
      Content-Length:
      - '138'
      Content-Type:
      - application/json; charset=utf-8
      ParameterSetName:
      - -g -n
      User-Agent:
      - python/3.7.4 (Linux-4.15.0-112-generic-x86_64-with-debian-buster-sid) msrest/0.6.18
        msrest_azure/0.6.4 azure-mgmt-network/11.0.0 Azure-SDK-For-Python AZURECLI/2.10.1
      accept-language:
      - en-US
    method: PUT
    uri: https://management.azure.com/subscriptions/00000000-0000-0000-0000-000000000000/resourceGroups/cli_test_load_balancer_ip_config000001/providers/Microsoft.Network/publicIPAddresses/publicip3?api-version=2020-06-01
  response:
    body:
      string: "{\r\n  \"name\": \"publicip3\",\r\n  \"id\": \"/subscriptions/00000000-0000-0000-0000-000000000000/resourceGroups/cli_test_load_balancer_ip_config000001/providers/Microsoft.Network/publicIPAddresses/publicip3\"\
        ,\r\n  \"etag\": \"W/\\\"68717356-a724-4882-b907-8a2b35deabc9\\\"\",\r\n \
        \ \"location\": \"westus\",\r\n  \"properties\": {\r\n    \"provisioningState\"\
        : \"Updating\",\r\n    \"resourceGuid\": \"a5756dfc-2968-4656-aa3f-64dca8c88650\"\
        ,\r\n    \"publicIPAddressVersion\": \"IPv4\",\r\n    \"publicIPAllocationMethod\"\
        : \"Dynamic\",\r\n    \"idleTimeoutInMinutes\": 4,\r\n    \"ipTags\": []\r\
        \n  },\r\n  \"type\": \"Microsoft.Network/publicIPAddresses\",\r\n  \"sku\"\
        : {\r\n    \"name\": \"Basic\"\r\n  }\r\n}"
    headers:
      azure-asyncnotification:
      - Enabled
      azure-asyncoperation:
      - https://management.azure.com/subscriptions/00000000-0000-0000-0000-000000000000/providers/Microsoft.Network/locations/westus/operations/1bae9cfe-0de5-4ce6-ab84-0bf85db18ecb?api-version=2020-06-01
      cache-control:
      - no-cache
      content-length:
      - '666'
      content-type:
      - application/json; charset=utf-8
      date:
      - Thu, 20 Aug 2020 07:35:34 GMT
      expires:
      - '-1'
      pragma:
      - no-cache
      server:
      - Microsoft-HTTPAPI/2.0
      - Microsoft-HTTPAPI/2.0
      strict-transport-security:
      - max-age=31536000; includeSubDomains
      x-content-type-options:
      - nosniff
      x-ms-arm-service-request-id:
      - 5889ad80-7361-4d5d-adeb-3ba13eea695e
      x-ms-ratelimit-remaining-subscription-writes:
      - '1157'
    status:
      code: 201
      message: Created
- request:
    body: null
    headers:
      Accept:
      - application/json
      Accept-Encoding:
      - gzip, deflate
      CommandName:
      - network public-ip create
      Connection:
      - keep-alive
      ParameterSetName:
      - -g -n
      User-Agent:
      - python/3.7.4 (Linux-4.15.0-112-generic-x86_64-with-debian-buster-sid) msrest/0.6.18
        msrest_azure/0.6.4 azure-mgmt-network/11.0.0 Azure-SDK-For-Python AZURECLI/2.10.1
    method: GET
    uri: https://management.azure.com/subscriptions/00000000-0000-0000-0000-000000000000/providers/Microsoft.Network/locations/westus/operations/1bae9cfe-0de5-4ce6-ab84-0bf85db18ecb?api-version=2020-06-01
  response:
    body:
      string: "{\r\n  \"status\": \"Succeeded\"\r\n}"
    headers:
      cache-control:
      - no-cache
      content-length:
      - '29'
      content-type:
      - application/json; charset=utf-8
      date:
      - Thu, 20 Aug 2020 07:35:35 GMT
      expires:
      - '-1'
      pragma:
      - no-cache
      server:
      - Microsoft-HTTPAPI/2.0
      - Microsoft-HTTPAPI/2.0
      strict-transport-security:
      - max-age=31536000; includeSubDomains
      transfer-encoding:
      - chunked
      vary:
      - Accept-Encoding
      x-content-type-options:
      - nosniff
      x-ms-arm-service-request-id:
      - 9f33615c-8448-409b-a989-badca21135cf
    status:
      code: 200
      message: OK
- request:
    body: null
    headers:
      Accept:
      - application/json
      Accept-Encoding:
      - gzip, deflate
      CommandName:
      - network public-ip create
      Connection:
      - keep-alive
      ParameterSetName:
      - -g -n
      User-Agent:
      - python/3.7.4 (Linux-4.15.0-112-generic-x86_64-with-debian-buster-sid) msrest/0.6.18
        msrest_azure/0.6.4 azure-mgmt-network/11.0.0 Azure-SDK-For-Python AZURECLI/2.10.1
    method: GET
    uri: https://management.azure.com/subscriptions/00000000-0000-0000-0000-000000000000/resourceGroups/cli_test_load_balancer_ip_config000001/providers/Microsoft.Network/publicIPAddresses/publicip3?api-version=2020-06-01
  response:
    body:
      string: "{\r\n  \"name\": \"publicip3\",\r\n  \"id\": \"/subscriptions/00000000-0000-0000-0000-000000000000/resourceGroups/cli_test_load_balancer_ip_config000001/providers/Microsoft.Network/publicIPAddresses/publicip3\"\
        ,\r\n  \"etag\": \"W/\\\"a08ed1b3-46de-410d-aa41-534d9f832501\\\"\",\r\n \
        \ \"location\": \"westus\",\r\n  \"properties\": {\r\n    \"provisioningState\"\
        : \"Succeeded\",\r\n    \"resourceGuid\": \"a5756dfc-2968-4656-aa3f-64dca8c88650\"\
        ,\r\n    \"publicIPAddressVersion\": \"IPv4\",\r\n    \"publicIPAllocationMethod\"\
        : \"Dynamic\",\r\n    \"idleTimeoutInMinutes\": 4,\r\n    \"ipTags\": []\r\
        \n  },\r\n  \"type\": \"Microsoft.Network/publicIPAddresses\",\r\n  \"sku\"\
        : {\r\n    \"name\": \"Basic\"\r\n  }\r\n}"
    headers:
      cache-control:
      - no-cache
      content-length:
      - '667'
      content-type:
      - application/json; charset=utf-8
      date:
      - Thu, 20 Aug 2020 07:35:36 GMT
      etag:
      - W/"a08ed1b3-46de-410d-aa41-534d9f832501"
      expires:
      - '-1'
      pragma:
      - no-cache
      server:
      - Microsoft-HTTPAPI/2.0
      - Microsoft-HTTPAPI/2.0
      strict-transport-security:
      - max-age=31536000; includeSubDomains
      transfer-encoding:
      - chunked
      vary:
      - Accept-Encoding
      x-content-type-options:
      - nosniff
      x-ms-arm-service-request-id:
      - 44819cc7-2d47-418e-b449-14b0b059fad9
    status:
      code: 200
      message: OK
- request:
    body: null
    headers:
      Accept:
      - application/json
      Accept-Encoding:
      - gzip, deflate
      CommandName:
      - network lb create
      Connection:
      - keep-alive
      ParameterSetName:
      - -g -n --public-ip-address
      User-Agent:
      - python/3.7.4 (Linux-4.15.0-112-generic-x86_64-with-debian-buster-sid) msrest/0.6.18
        msrest_azure/0.6.4 azure-mgmt-resource/10.2.0 Azure-SDK-For-Python AZURECLI/2.10.1
      accept-language:
      - en-US
    method: GET
    uri: https://management.azure.com/subscriptions/00000000-0000-0000-0000-000000000000/resourcegroups/cli_test_load_balancer_ip_config000001?api-version=2020-06-01
  response:
    body:
      string: '{"id":"/subscriptions/00000000-0000-0000-0000-000000000000/resourceGroups/cli_test_load_balancer_ip_config000001","name":"cli_test_load_balancer_ip_config000001","type":"Microsoft.Resources/resourceGroups","location":"westus","tags":{"product":"azurecli","cause":"automation","date":"2020-08-20T07:35:15Z","StorageType":"Standard_LRS"},"properties":{"provisioningState":"Succeeded"}}'
    headers:
      cache-control:
      - no-cache
      content-length:
      - '457'
      content-type:
      - application/json; charset=utf-8
      date:
      - Thu, 20 Aug 2020 07:35:35 GMT
      expires:
      - '-1'
      pragma:
      - no-cache
      strict-transport-security:
      - max-age=31536000; includeSubDomains
      vary:
      - Accept-Encoding
      x-content-type-options:
      - nosniff
    status:
      code: 200
      message: OK
- request:
    body: null
    headers:
      Accept:
      - application/json
      Accept-Encoding:
      - gzip, deflate
      CommandName:
      - network lb create
      Connection:
      - keep-alive
      ParameterSetName:
      - -g -n --public-ip-address
      User-Agent:
      - python/3.7.4 (Linux-4.15.0-112-generic-x86_64-with-debian-buster-sid) msrest/0.6.18
        msrest_azure/0.6.4 azure-mgmt-resource/10.2.0 Azure-SDK-For-Python AZURECLI/2.10.1
      accept-language:
      - en-US
    method: GET
    uri: https://management.azure.com/subscriptions/00000000-0000-0000-0000-000000000000/resources?$filter=resourceGroup%20eq%20%27cli_test_load_balancer_ip_config000001%27%20and%20name%20eq%20%27publicip1%27%20and%20resourceType%20eq%20%27Microsoft.Network%2FpublicIPAddresses%27&api-version=2020-06-01
  response:
    body:
      string: '{"value":[{"id":"/subscriptions/00000000-0000-0000-0000-000000000000/resourceGroups/cli_test_load_balancer_ip_config000001/providers/Microsoft.Network/publicIPAddresses/publicip1","name":"publicip1","type":"Microsoft.Network/publicIPAddresses","sku":{"name":"Basic"},"location":"westus"}]}'
    headers:
      cache-control:
      - no-cache
      content-length:
      - '326'
      content-type:
      - application/json; charset=utf-8
      date:
      - Thu, 20 Aug 2020 07:35:38 GMT
      expires:
      - '-1'
      pragma:
      - no-cache
      strict-transport-security:
      - max-age=31536000; includeSubDomains
      vary:
      - Accept-Encoding
      x-content-type-options:
      - nosniff
    status:
      code: 200
      message: OK
- request:
    body: '{"properties": {"template": {"$schema": "https://schema.management.azure.com/schemas/2015-01-01/deploymentTemplate.json#",
      "contentVersion": "1.0.0.0", "parameters": {}, "variables": {}, "resources":
      [{"type": "Microsoft.Network/loadBalancers", "name": "lb1", "location": "westus",
      "tags": {}, "apiVersion": "2020-06-01", "dependsOn": [], "properties": {"backendAddressPools":
      [{"name": "lb1bepool"}], "frontendIPConfigurations": [{"name": "LoadBalancerFrontEnd",
      "properties": {"publicIPAddress": {"id": "/subscriptions/00000000-0000-0000-0000-000000000000/resourceGroups/cli_test_load_balancer_ip_config000001/providers/Microsoft.Network/publicIPAddresses/publicip1"},
      "privateIPAddressVersion": "IPv4"}}]}, "sku": {"name": "Basic"}}], "outputs":
      {"loadBalancer": {"type": "object", "value": "[reference(''lb1'')]"}}}, "parameters":
      {}, "mode": "Incremental"}}'
    headers:
      Accept:
      - application/json
      Accept-Encoding:
      - gzip, deflate
      CommandName:
      - network lb create
      Connection:
      - keep-alive
      Content-Length:
      - '897'
      Content-Type:
      - application/json; charset=utf-8
      ParameterSetName:
      - -g -n --public-ip-address
      User-Agent:
      - python/3.7.4 (Linux-4.15.0-112-generic-x86_64-with-debian-buster-sid) msrest/0.6.18
        msrest_azure/0.6.4 azure-mgmt-resource/10.2.0 Azure-SDK-For-Python AZURECLI/2.10.1
      accept-language:
      - en-US
    method: PUT
    uri: https://management.azure.com/subscriptions/00000000-0000-0000-0000-000000000000/resourcegroups/cli_test_load_balancer_ip_config000001/providers/Microsoft.Resources/deployments/mock-deployment?api-version=2020-06-01
  response:
    body:
      string: '{"id":"/subscriptions/00000000-0000-0000-0000-000000000000/resourceGroups/cli_test_load_balancer_ip_config000001/providers/Microsoft.Resources/deployments/lb_deploy_lflRPCJQOU3O9XIhhOCresB57zPOgHK6","name":"lb_deploy_lflRPCJQOU3O9XIhhOCresB57zPOgHK6","type":"Microsoft.Resources/deployments","properties":{"templateHash":"2456579383671737151","parameters":{},"mode":"Incremental","provisioningState":"Accepted","timestamp":"2020-08-20T07:35:40.5931464Z","duration":"PT0.8126072S","correlationId":"bfcea0d6-8d4f-4ef5-9791-494c6160f8b9","providers":[{"namespace":"Microsoft.Network","resourceTypes":[{"resourceType":"loadBalancers","locations":["westus"]}]}],"dependencies":[]}}'
    headers:
      azure-asyncoperation:
      - https://management.azure.com/subscriptions/00000000-0000-0000-0000-000000000000/resourcegroups/cli_test_load_balancer_ip_config000001/providers/Microsoft.Resources/deployments/lb_deploy_lflRPCJQOU3O9XIhhOCresB57zPOgHK6/operationStatuses/08586036979456970703?api-version=2020-06-01
      cache-control:
      - no-cache
      content-length:
      - '713'
      content-type:
      - application/json; charset=utf-8
      date:
      - Thu, 20 Aug 2020 07:35:41 GMT
      expires:
      - '-1'
      pragma:
      - no-cache
      strict-transport-security:
      - max-age=31536000; includeSubDomains
      x-content-type-options:
      - nosniff
      x-ms-ratelimit-remaining-subscription-writes:
      - '1156'
    status:
      code: 201
      message: Created
- request:
    body: null
    headers:
      Accept:
      - application/json
      Accept-Encoding:
      - gzip, deflate
      CommandName:
      - network lb create
      Connection:
      - keep-alive
      ParameterSetName:
      - -g -n --public-ip-address
      User-Agent:
      - python/3.7.4 (Linux-4.15.0-112-generic-x86_64-with-debian-buster-sid) msrest/0.6.18
        msrest_azure/0.6.4 azure-mgmt-resource/10.2.0 Azure-SDK-For-Python AZURECLI/2.10.1
    method: GET
    uri: https://management.azure.com/subscriptions/00000000-0000-0000-0000-000000000000/resourcegroups/cli_test_load_balancer_ip_config000001/providers/Microsoft.Resources/deployments/mock-deployment/operationStatuses/08586036979456970703?api-version=2020-06-01
  response:
    body:
      string: '{"status":"Succeeded"}'
    headers:
      cache-control:
      - no-cache
      content-length:
      - '22'
      content-type:
      - application/json; charset=utf-8
      date:
      - Thu, 20 Aug 2020 07:36:11 GMT
      expires:
      - '-1'
      pragma:
      - no-cache
      strict-transport-security:
      - max-age=31536000; includeSubDomains
      vary:
      - Accept-Encoding
      x-content-type-options:
      - nosniff
    status:
      code: 200
      message: OK
- request:
    body: null
    headers:
      Accept:
      - application/json
      Accept-Encoding:
      - gzip, deflate
      CommandName:
      - network lb create
      Connection:
      - keep-alive
      ParameterSetName:
      - -g -n --public-ip-address
      User-Agent:
      - python/3.7.4 (Linux-4.15.0-112-generic-x86_64-with-debian-buster-sid) msrest/0.6.18
        msrest_azure/0.6.4 azure-mgmt-resource/10.2.0 Azure-SDK-For-Python AZURECLI/2.10.1
    method: GET
    uri: https://management.azure.com/subscriptions/00000000-0000-0000-0000-000000000000/resourcegroups/cli_test_load_balancer_ip_config000001/providers/Microsoft.Resources/deployments/mock-deployment?api-version=2020-06-01
  response:
    body:
      string: '{"id":"/subscriptions/00000000-0000-0000-0000-000000000000/resourceGroups/cli_test_load_balancer_ip_config000001/providers/Microsoft.Resources/deployments/lb_deploy_lflRPCJQOU3O9XIhhOCresB57zPOgHK6","name":"lb_deploy_lflRPCJQOU3O9XIhhOCresB57zPOgHK6","type":"Microsoft.Resources/deployments","properties":{"templateHash":"2456579383671737151","parameters":{},"mode":"Incremental","provisioningState":"Succeeded","timestamp":"2020-08-20T07:35:47.1238629Z","duration":"PT7.3433237S","correlationId":"bfcea0d6-8d4f-4ef5-9791-494c6160f8b9","providers":[{"namespace":"Microsoft.Network","resourceTypes":[{"resourceType":"loadBalancers","locations":["westus"]}]}],"dependencies":[],"outputs":{"loadBalancer":{"type":"Object","value":{"provisioningState":"Succeeded","resourceGuid":"f414cfd1-fe46-46b8-9397-07f508cf5b42","frontendIPConfigurations":[{"name":"LoadBalancerFrontEnd","id":"/subscriptions/00000000-0000-0000-0000-000000000000/resourceGroups/cli_test_load_balancer_ip_config000001/providers/Microsoft.Network/loadBalancers/lb1/frontendIPConfigurations/LoadBalancerFrontEnd","etag":"W/\"cba202ca-b206-4bea-ba9b-7564696e7984\"","type":"Microsoft.Network/loadBalancers/frontendIPConfigurations","properties":{"provisioningState":"Succeeded","privateIPAllocationMethod":"Dynamic","publicIPAddress":{"id":"/subscriptions/00000000-0000-0000-0000-000000000000/resourceGroups/cli_test_load_balancer_ip_config000001/providers/Microsoft.Network/publicIPAddresses/publicip1"},"privateIPAddressVersion":"IPv4"}}],"backendAddressPools":[{"name":"lb1bepool","id":"/subscriptions/00000000-0000-0000-0000-000000000000/resourceGroups/cli_test_load_balancer_ip_config000001/providers/Microsoft.Network/loadBalancers/lb1/backendAddressPools/lb1bepool","etag":"W/\"cba202ca-b206-4bea-ba9b-7564696e7984\"","properties":{"provisioningState":"Succeeded"},"type":"Microsoft.Network/loadBalancers/backendAddressPools"}],"loadBalancingRules":[],"probes":[],"inboundNatRules":[],"inboundNatPools":[]}}},"outputResources":[{"id":"/subscriptions/00000000-0000-0000-0000-000000000000/resourceGroups/cli_test_load_balancer_ip_config000001/providers/Microsoft.Network/loadBalancers/lb1"}]}}'
    headers:
      cache-control:
      - no-cache
      content-length:
      - '2347'
      content-type:
      - application/json; charset=utf-8
      date:
      - Thu, 20 Aug 2020 07:36:12 GMT
      expires:
      - '-1'
      pragma:
      - no-cache
      strict-transport-security:
      - max-age=31536000; includeSubDomains
      vary:
      - Accept-Encoding
      x-content-type-options:
      - nosniff
    status:
      code: 200
      message: OK
- request:
    body: null
    headers:
      Accept:
      - application/json
      Accept-Encoding:
      - gzip, deflate
      CommandName:
      - network vnet create
      Connection:
      - keep-alive
      ParameterSetName:
      - -g -n --subnet-name
      User-Agent:
      - python/3.7.4 (Linux-4.15.0-112-generic-x86_64-with-debian-buster-sid) msrest/0.6.18
        msrest_azure/0.6.4 azure-mgmt-resource/10.2.0 Azure-SDK-For-Python AZURECLI/2.10.1
      accept-language:
      - en-US
    method: GET
    uri: https://management.azure.com/subscriptions/00000000-0000-0000-0000-000000000000/resourcegroups/cli_test_load_balancer_ip_config000001?api-version=2020-06-01
  response:
    body:
      string: '{"id":"/subscriptions/00000000-0000-0000-0000-000000000000/resourceGroups/cli_test_load_balancer_ip_config000001","name":"cli_test_load_balancer_ip_config000001","type":"Microsoft.Resources/resourceGroups","location":"westus","tags":{"product":"azurecli","cause":"automation","date":"2020-08-20T07:35:15Z","StorageType":"Standard_LRS"},"properties":{"provisioningState":"Succeeded"}}'
    headers:
      cache-control:
      - no-cache
      content-length:
      - '457'
      content-type:
      - application/json; charset=utf-8
      date:
      - Thu, 20 Aug 2020 07:36:13 GMT
      expires:
      - '-1'
      pragma:
      - no-cache
      strict-transport-security:
      - max-age=31536000; includeSubDomains
      vary:
      - Accept-Encoding
      x-content-type-options:
      - nosniff
    status:
      code: 200
      message: OK
- request:
    body: '{"location": "westus", "tags": {}, "properties": {"addressSpace": {"addressPrefixes":
      ["10.0.0.0/16"]}, "dhcpOptions": {}, "subnets": [{"properties": {"addressPrefix":
      "10.0.0.0/24"}, "name": "subnet1"}]}}'
    headers:
      Accept:
      - application/json
      Accept-Encoding:
      - gzip, deflate
      CommandName:
      - network vnet create
      Connection:
      - keep-alive
      Content-Length:
      - '205'
      Content-Type:
      - application/json; charset=utf-8
      ParameterSetName:
      - -g -n --subnet-name
      User-Agent:
      - python/3.7.4 (Linux-4.15.0-112-generic-x86_64-with-debian-buster-sid) msrest/0.6.18
        msrest_azure/0.6.4 azure-mgmt-network/11.0.0 Azure-SDK-For-Python AZURECLI/2.10.1
      accept-language:
      - en-US
    method: PUT
    uri: https://management.azure.com/subscriptions/00000000-0000-0000-0000-000000000000/resourceGroups/cli_test_load_balancer_ip_config000001/providers/Microsoft.Network/virtualNetworks/vnet1?api-version=2020-06-01
  response:
    body:
      string: "{\r\n  \"name\": \"vnet1\",\r\n  \"id\": \"/subscriptions/00000000-0000-0000-0000-000000000000/resourceGroups/cli_test_load_balancer_ip_config000001/providers/Microsoft.Network/virtualNetworks/vnet1\"\
        ,\r\n  \"etag\": \"W/\\\"7bb9d051-8db3-4cc7-9351-22b12c012e27\\\"\",\r\n \
        \ \"type\": \"Microsoft.Network/virtualNetworks\",\r\n  \"location\": \"westus\"\
        ,\r\n  \"tags\": {},\r\n  \"properties\": {\r\n    \"provisioningState\":\
        \ \"Updating\",\r\n    \"resourceGuid\": \"3f3fb3a4-a292-4fa1-b4b8-934fc6f27f25\"\
        ,\r\n    \"addressSpace\": {\r\n      \"addressPrefixes\": [\r\n        \"\
        10.0.0.0/16\"\r\n      ]\r\n    },\r\n    \"dhcpOptions\": {\r\n      \"dnsServers\"\
        : []\r\n    },\r\n    \"subnets\": [\r\n      {\r\n        \"name\": \"subnet1\"\
        ,\r\n        \"id\": \"/subscriptions/00000000-0000-0000-0000-000000000000/resourceGroups/cli_test_load_balancer_ip_config000001/providers/Microsoft.Network/virtualNetworks/vnet1/subnets/subnet1\"\
        ,\r\n        \"etag\": \"W/\\\"7bb9d051-8db3-4cc7-9351-22b12c012e27\\\"\"\
        ,\r\n        \"properties\": {\r\n          \"provisioningState\": \"Updating\"\
        ,\r\n          \"addressPrefix\": \"10.0.0.0/24\",\r\n          \"delegations\"\
        : [],\r\n          \"privateEndpointNetworkPolicies\": \"Enabled\",\r\n  \
        \        \"privateLinkServiceNetworkPolicies\": \"Enabled\"\r\n        },\r\
        \n        \"type\": \"Microsoft.Network/virtualNetworks/subnets\"\r\n    \
        \  }\r\n    ],\r\n    \"virtualNetworkPeerings\": [],\r\n    \"enableDdosProtection\"\
        : false,\r\n    \"enableVmProtection\": false\r\n  }\r\n}"
    headers:
      azure-asyncnotification:
      - Enabled
      azure-asyncoperation:
      - https://management.azure.com/subscriptions/00000000-0000-0000-0000-000000000000/providers/Microsoft.Network/locations/westus/operations/c7a37db4-4874-4322-a873-290ad52a398b?api-version=2020-06-01
      cache-control:
      - no-cache
      content-length:
      - '1437'
      content-type:
      - application/json; charset=utf-8
      date:
      - Thu, 20 Aug 2020 07:36:18 GMT
      expires:
      - '-1'
      pragma:
      - no-cache
      server:
      - Microsoft-HTTPAPI/2.0
      - Microsoft-HTTPAPI/2.0
      strict-transport-security:
      - max-age=31536000; includeSubDomains
      x-content-type-options:
      - nosniff
      x-ms-arm-service-request-id:
      - bca355f9-54e8-4715-985b-6069ba68be8d
      x-ms-ratelimit-remaining-subscription-writes:
      - '1162'
    status:
      code: 201
      message: Created
- request:
    body: null
    headers:
      Accept:
      - application/json
      Accept-Encoding:
      - gzip, deflate
      CommandName:
      - network vnet create
      Connection:
      - keep-alive
      ParameterSetName:
      - -g -n --subnet-name
      User-Agent:
      - python/3.7.4 (Linux-4.15.0-112-generic-x86_64-with-debian-buster-sid) msrest/0.6.18
        msrest_azure/0.6.4 azure-mgmt-network/11.0.0 Azure-SDK-For-Python AZURECLI/2.10.1
    method: GET
    uri: https://management.azure.com/subscriptions/00000000-0000-0000-0000-000000000000/providers/Microsoft.Network/locations/westus/operations/c7a37db4-4874-4322-a873-290ad52a398b?api-version=2020-06-01
  response:
    body:
      string: "{\r\n  \"status\": \"Succeeded\"\r\n}"
    headers:
      cache-control:
      - no-cache
      content-length:
      - '29'
      content-type:
      - application/json; charset=utf-8
      date:
      - Thu, 20 Aug 2020 07:36:22 GMT
      expires:
      - '-1'
      pragma:
      - no-cache
      server:
      - Microsoft-HTTPAPI/2.0
      - Microsoft-HTTPAPI/2.0
      strict-transport-security:
      - max-age=31536000; includeSubDomains
      transfer-encoding:
      - chunked
      vary:
      - Accept-Encoding
      x-content-type-options:
      - nosniff
      x-ms-arm-service-request-id:
      - a2598744-57ab-4e8d-bfee-53e9b7363147
    status:
      code: 200
      message: OK
- request:
    body: null
    headers:
      Accept:
      - application/json
      Accept-Encoding:
      - gzip, deflate
      CommandName:
      - network vnet create
      Connection:
      - keep-alive
      ParameterSetName:
      - -g -n --subnet-name
      User-Agent:
      - python/3.7.4 (Linux-4.15.0-112-generic-x86_64-with-debian-buster-sid) msrest/0.6.18
        msrest_azure/0.6.4 azure-mgmt-network/11.0.0 Azure-SDK-For-Python AZURECLI/2.10.1
    method: GET
    uri: https://management.azure.com/subscriptions/00000000-0000-0000-0000-000000000000/resourceGroups/cli_test_load_balancer_ip_config000001/providers/Microsoft.Network/virtualNetworks/vnet1?api-version=2020-06-01
  response:
    body:
      string: "{\r\n  \"name\": \"vnet1\",\r\n  \"id\": \"/subscriptions/00000000-0000-0000-0000-000000000000/resourceGroups/cli_test_load_balancer_ip_config000001/providers/Microsoft.Network/virtualNetworks/vnet1\"\
        ,\r\n  \"etag\": \"W/\\\"a884c782-8c64-4285-a83c-acf78dbd5851\\\"\",\r\n \
        \ \"type\": \"Microsoft.Network/virtualNetworks\",\r\n  \"location\": \"westus\"\
        ,\r\n  \"tags\": {},\r\n  \"properties\": {\r\n    \"provisioningState\":\
        \ \"Succeeded\",\r\n    \"resourceGuid\": \"3f3fb3a4-a292-4fa1-b4b8-934fc6f27f25\"\
        ,\r\n    \"addressSpace\": {\r\n      \"addressPrefixes\": [\r\n        \"\
        10.0.0.0/16\"\r\n      ]\r\n    },\r\n    \"dhcpOptions\": {\r\n      \"dnsServers\"\
        : []\r\n    },\r\n    \"subnets\": [\r\n      {\r\n        \"name\": \"subnet1\"\
        ,\r\n        \"id\": \"/subscriptions/00000000-0000-0000-0000-000000000000/resourceGroups/cli_test_load_balancer_ip_config000001/providers/Microsoft.Network/virtualNetworks/vnet1/subnets/subnet1\"\
        ,\r\n        \"etag\": \"W/\\\"a884c782-8c64-4285-a83c-acf78dbd5851\\\"\"\
        ,\r\n        \"properties\": {\r\n          \"provisioningState\": \"Succeeded\"\
        ,\r\n          \"addressPrefix\": \"10.0.0.0/24\",\r\n          \"delegations\"\
        : [],\r\n          \"privateEndpointNetworkPolicies\": \"Enabled\",\r\n  \
        \        \"privateLinkServiceNetworkPolicies\": \"Enabled\"\r\n        },\r\
        \n        \"type\": \"Microsoft.Network/virtualNetworks/subnets\"\r\n    \
        \  }\r\n    ],\r\n    \"virtualNetworkPeerings\": [],\r\n    \"enableDdosProtection\"\
        : false,\r\n    \"enableVmProtection\": false\r\n  }\r\n}"
    headers:
      cache-control:
      - no-cache
      content-length:
      - '1439'
      content-type:
      - application/json; charset=utf-8
      date:
      - Thu, 20 Aug 2020 07:36:22 GMT
      etag:
      - W/"a884c782-8c64-4285-a83c-acf78dbd5851"
      expires:
      - '-1'
      pragma:
      - no-cache
      server:
      - Microsoft-HTTPAPI/2.0
      - Microsoft-HTTPAPI/2.0
      strict-transport-security:
      - max-age=31536000; includeSubDomains
      transfer-encoding:
      - chunked
      vary:
      - Accept-Encoding
      x-content-type-options:
      - nosniff
      x-ms-arm-service-request-id:
      - e2ec7cf3-f663-4044-9a7d-8ae805f17473
    status:
      code: 200
      message: OK
- request:
    body: null
    headers:
      Accept:
      - application/json
      Accept-Encoding:
      - gzip, deflate
      CommandName:
      - network vnet subnet create
      Connection:
      - keep-alive
      ParameterSetName:
      - -g --vnet-name -n --address-prefix
      User-Agent:
      - python/3.7.4 (Linux-4.15.0-112-generic-x86_64-with-debian-buster-sid) msrest/0.6.18
        msrest_azure/0.6.4 azure-mgmt-network/11.0.0 Azure-SDK-For-Python AZURECLI/2.10.1
      accept-language:
      - en-US
    method: GET
    uri: https://management.azure.com/subscriptions/00000000-0000-0000-0000-000000000000/resourceGroups/cli_test_load_balancer_ip_config000001/providers/Microsoft.Network/virtualNetworks/vnet1?api-version=2020-06-01
  response:
    body:
      string: "{\r\n  \"name\": \"vnet1\",\r\n  \"id\": \"/subscriptions/00000000-0000-0000-0000-000000000000/resourceGroups/cli_test_load_balancer_ip_config000001/providers/Microsoft.Network/virtualNetworks/vnet1\"\
        ,\r\n  \"etag\": \"W/\\\"a884c782-8c64-4285-a83c-acf78dbd5851\\\"\",\r\n \
        \ \"type\": \"Microsoft.Network/virtualNetworks\",\r\n  \"location\": \"westus\"\
        ,\r\n  \"tags\": {},\r\n  \"properties\": {\r\n    \"provisioningState\":\
        \ \"Succeeded\",\r\n    \"resourceGuid\": \"3f3fb3a4-a292-4fa1-b4b8-934fc6f27f25\"\
        ,\r\n    \"addressSpace\": {\r\n      \"addressPrefixes\": [\r\n        \"\
        10.0.0.0/16\"\r\n      ]\r\n    },\r\n    \"dhcpOptions\": {\r\n      \"dnsServers\"\
        : []\r\n    },\r\n    \"subnets\": [\r\n      {\r\n        \"name\": \"subnet1\"\
        ,\r\n        \"id\": \"/subscriptions/00000000-0000-0000-0000-000000000000/resourceGroups/cli_test_load_balancer_ip_config000001/providers/Microsoft.Network/virtualNetworks/vnet1/subnets/subnet1\"\
        ,\r\n        \"etag\": \"W/\\\"a884c782-8c64-4285-a83c-acf78dbd5851\\\"\"\
        ,\r\n        \"properties\": {\r\n          \"provisioningState\": \"Succeeded\"\
        ,\r\n          \"addressPrefix\": \"10.0.0.0/24\",\r\n          \"delegations\"\
        : [],\r\n          \"privateEndpointNetworkPolicies\": \"Enabled\",\r\n  \
        \        \"privateLinkServiceNetworkPolicies\": \"Enabled\"\r\n        },\r\
        \n        \"type\": \"Microsoft.Network/virtualNetworks/subnets\"\r\n    \
        \  }\r\n    ],\r\n    \"virtualNetworkPeerings\": [],\r\n    \"enableDdosProtection\"\
        : false,\r\n    \"enableVmProtection\": false\r\n  }\r\n}"
    headers:
      cache-control:
      - no-cache
      content-length:
      - '1439'
      content-type:
      - application/json; charset=utf-8
      date:
      - Thu, 20 Aug 2020 07:36:22 GMT
      etag:
      - W/"a884c782-8c64-4285-a83c-acf78dbd5851"
      expires:
      - '-1'
      pragma:
      - no-cache
      server:
      - Microsoft-HTTPAPI/2.0
      - Microsoft-HTTPAPI/2.0
      strict-transport-security:
      - max-age=31536000; includeSubDomains
      transfer-encoding:
      - chunked
      vary:
      - Accept-Encoding
      x-content-type-options:
      - nosniff
      x-ms-arm-service-request-id:
      - 1eb516d0-0641-4ee9-b7d9-c96e0f3c04e6
    status:
      code: 200
      message: OK
- request:
    body: '{"id": "/subscriptions/00000000-0000-0000-0000-000000000000/resourceGroups/cli_test_load_balancer_ip_config000001/providers/Microsoft.Network/virtualNetworks/vnet1",
      "location": "westus", "tags": {}, "properties": {"addressSpace": {"addressPrefixes":
      ["10.0.0.0/16"]}, "dhcpOptions": {"dnsServers": []}, "subnets": [{"id": "/subscriptions/00000000-0000-0000-0000-000000000000/resourceGroups/cli_test_load_balancer_ip_config000001/providers/Microsoft.Network/virtualNetworks/vnet1/subnets/subnet1",
      "properties": {"addressPrefix": "10.0.0.0/24", "delegations": [], "privateEndpointNetworkPolicies":
      "Enabled", "privateLinkServiceNetworkPolicies": "Enabled"}, "name": "subnet1"},
      {"properties": {"addressPrefix": "10.0.1.0/24"}, "name": "subnet2"}], "virtualNetworkPeerings":
      [], "enableDdosProtection": false, "enableVmProtection": false}}'
    headers:
      Accept:
      - application/json
      Accept-Encoding:
      - gzip, deflate
      CommandName:
      - network vnet subnet create
      Connection:
      - keep-alive
      Content-Length:
      - '912'
      Content-Type:
      - application/json; charset=utf-8
      ParameterSetName:
      - -g --vnet-name -n --address-prefix
      User-Agent:
      - python/3.7.4 (Linux-4.15.0-112-generic-x86_64-with-debian-buster-sid) msrest/0.6.18
        msrest_azure/0.6.4 azure-mgmt-network/11.0.0 Azure-SDK-For-Python AZURECLI/2.10.1
      accept-language:
      - en-US
    method: PUT
    uri: https://management.azure.com/subscriptions/00000000-0000-0000-0000-000000000000/resourceGroups/cli_test_load_balancer_ip_config000001/providers/Microsoft.Network/virtualNetworks/vnet1?api-version=2020-06-01
  response:
    body:
      string: "{\r\n  \"name\": \"vnet1\",\r\n  \"id\": \"/subscriptions/00000000-0000-0000-0000-000000000000/resourceGroups/cli_test_load_balancer_ip_config000001/providers/Microsoft.Network/virtualNetworks/vnet1\"\
        ,\r\n  \"etag\": \"W/\\\"60ea6f17-6e86-4d34-b105-118983e88cf4\\\"\",\r\n \
        \ \"type\": \"Microsoft.Network/virtualNetworks\",\r\n  \"location\": \"westus\"\
        ,\r\n  \"tags\": {},\r\n  \"properties\": {\r\n    \"provisioningState\":\
        \ \"Updating\",\r\n    \"resourceGuid\": \"3f3fb3a4-a292-4fa1-b4b8-934fc6f27f25\"\
        ,\r\n    \"addressSpace\": {\r\n      \"addressPrefixes\": [\r\n        \"\
        10.0.0.0/16\"\r\n      ]\r\n    },\r\n    \"dhcpOptions\": {\r\n      \"dnsServers\"\
        : []\r\n    },\r\n    \"subnets\": [\r\n      {\r\n        \"name\": \"subnet1\"\
        ,\r\n        \"id\": \"/subscriptions/00000000-0000-0000-0000-000000000000/resourceGroups/cli_test_load_balancer_ip_config000001/providers/Microsoft.Network/virtualNetworks/vnet1/subnets/subnet1\"\
        ,\r\n        \"etag\": \"W/\\\"60ea6f17-6e86-4d34-b105-118983e88cf4\\\"\"\
        ,\r\n        \"properties\": {\r\n          \"provisioningState\": \"Updating\"\
        ,\r\n          \"addressPrefix\": \"10.0.0.0/24\",\r\n          \"delegations\"\
        : [],\r\n          \"privateEndpointNetworkPolicies\": \"Enabled\",\r\n  \
        \        \"privateLinkServiceNetworkPolicies\": \"Enabled\"\r\n        },\r\
        \n        \"type\": \"Microsoft.Network/virtualNetworks/subnets\"\r\n    \
        \  },\r\n      {\r\n        \"name\": \"subnet2\",\r\n        \"id\": \"/subscriptions/00000000-0000-0000-0000-000000000000/resourceGroups/cli_test_load_balancer_ip_config000001/providers/Microsoft.Network/virtualNetworks/vnet1/subnets/subnet2\"\
        ,\r\n        \"etag\": \"W/\\\"60ea6f17-6e86-4d34-b105-118983e88cf4\\\"\"\
        ,\r\n        \"properties\": {\r\n          \"provisioningState\": \"Updating\"\
        ,\r\n          \"addressPrefix\": \"10.0.1.0/24\",\r\n          \"delegations\"\
        : [],\r\n          \"privateEndpointNetworkPolicies\": \"Enabled\",\r\n  \
        \        \"privateLinkServiceNetworkPolicies\": \"Enabled\"\r\n        },\r\
        \n        \"type\": \"Microsoft.Network/virtualNetworks/subnets\"\r\n    \
        \  }\r\n    ],\r\n    \"virtualNetworkPeerings\": [],\r\n    \"enableDdosProtection\"\
        : false,\r\n    \"enableVmProtection\": false\r\n  }\r\n}"
    headers:
      azure-asyncoperation:
      - https://management.azure.com/subscriptions/00000000-0000-0000-0000-000000000000/providers/Microsoft.Network/locations/westus/operations/ceb31cbc-cba2-442b-8116-e6712ad7bd97?api-version=2020-06-01
      cache-control:
      - no-cache
      content-length:
      - '2103'
      content-type:
      - application/json; charset=utf-8
      date:
      - Thu, 20 Aug 2020 07:36:23 GMT
      expires:
      - '-1'
      pragma:
      - no-cache
      server:
      - Microsoft-HTTPAPI/2.0
      - Microsoft-HTTPAPI/2.0
      strict-transport-security:
      - max-age=31536000; includeSubDomains
      transfer-encoding:
      - chunked
      vary:
      - Accept-Encoding
      x-content-type-options:
      - nosniff
      x-ms-arm-service-request-id:
      - d2e9e516-a233-4219-a7b9-12c7932e1636
      x-ms-ratelimit-remaining-subscription-writes:
      - '1163'
    status:
      code: 200
      message: OK
- request:
    body: null
    headers:
      Accept:
      - application/json
      Accept-Encoding:
      - gzip, deflate
      CommandName:
      - network vnet subnet create
      Connection:
      - keep-alive
      ParameterSetName:
      - -g --vnet-name -n --address-prefix
      User-Agent:
      - python/3.7.4 (Linux-4.15.0-112-generic-x86_64-with-debian-buster-sid) msrest/0.6.18
        msrest_azure/0.6.4 azure-mgmt-network/11.0.0 Azure-SDK-For-Python AZURECLI/2.10.1
    method: GET
    uri: https://management.azure.com/subscriptions/00000000-0000-0000-0000-000000000000/providers/Microsoft.Network/locations/westus/operations/ceb31cbc-cba2-442b-8116-e6712ad7bd97?api-version=2020-06-01
  response:
    body:
      string: "{\r\n  \"status\": \"Succeeded\"\r\n}"
    headers:
      cache-control:
      - no-cache
      content-length:
      - '29'
      content-type:
      - application/json; charset=utf-8
      date:
      - Thu, 20 Aug 2020 07:36:28 GMT
      expires:
      - '-1'
      pragma:
      - no-cache
      server:
      - Microsoft-HTTPAPI/2.0
      - Microsoft-HTTPAPI/2.0
      strict-transport-security:
      - max-age=31536000; includeSubDomains
      transfer-encoding:
      - chunked
      vary:
      - Accept-Encoding
      x-content-type-options:
      - nosniff
      x-ms-arm-service-request-id:
      - ad4fe4f3-da85-4b65-b9f3-2dfa56ecd274
    status:
      code: 200
      message: OK
- request:
    body: null
    headers:
      Accept:
      - application/json
      Accept-Encoding:
      - gzip, deflate
      CommandName:
      - network vnet subnet create
      Connection:
      - keep-alive
      ParameterSetName:
      - -g --vnet-name -n --address-prefix
      User-Agent:
      - python/3.7.4 (Linux-4.15.0-112-generic-x86_64-with-debian-buster-sid) msrest/0.6.18
        msrest_azure/0.6.4 azure-mgmt-network/11.0.0 Azure-SDK-For-Python AZURECLI/2.10.1
    method: GET
    uri: https://management.azure.com/subscriptions/00000000-0000-0000-0000-000000000000/resourceGroups/cli_test_load_balancer_ip_config000001/providers/Microsoft.Network/virtualNetworks/vnet1?api-version=2020-06-01
  response:
    body:
      string: "{\r\n  \"name\": \"vnet1\",\r\n  \"id\": \"/subscriptions/00000000-0000-0000-0000-000000000000/resourceGroups/cli_test_load_balancer_ip_config000001/providers/Microsoft.Network/virtualNetworks/vnet1\"\
        ,\r\n  \"etag\": \"W/\\\"c166ad21-fc49-4e29-a6d9-c2da804f3a73\\\"\",\r\n \
        \ \"type\": \"Microsoft.Network/virtualNetworks\",\r\n  \"location\": \"westus\"\
        ,\r\n  \"tags\": {},\r\n  \"properties\": {\r\n    \"provisioningState\":\
        \ \"Succeeded\",\r\n    \"resourceGuid\": \"3f3fb3a4-a292-4fa1-b4b8-934fc6f27f25\"\
        ,\r\n    \"addressSpace\": {\r\n      \"addressPrefixes\": [\r\n        \"\
        10.0.0.0/16\"\r\n      ]\r\n    },\r\n    \"dhcpOptions\": {\r\n      \"dnsServers\"\
        : []\r\n    },\r\n    \"subnets\": [\r\n      {\r\n        \"name\": \"subnet1\"\
        ,\r\n        \"id\": \"/subscriptions/00000000-0000-0000-0000-000000000000/resourceGroups/cli_test_load_balancer_ip_config000001/providers/Microsoft.Network/virtualNetworks/vnet1/subnets/subnet1\"\
        ,\r\n        \"etag\": \"W/\\\"c166ad21-fc49-4e29-a6d9-c2da804f3a73\\\"\"\
        ,\r\n        \"properties\": {\r\n          \"provisioningState\": \"Succeeded\"\
        ,\r\n          \"addressPrefix\": \"10.0.0.0/24\",\r\n          \"delegations\"\
        : [],\r\n          \"privateEndpointNetworkPolicies\": \"Enabled\",\r\n  \
        \        \"privateLinkServiceNetworkPolicies\": \"Enabled\"\r\n        },\r\
        \n        \"type\": \"Microsoft.Network/virtualNetworks/subnets\"\r\n    \
        \  },\r\n      {\r\n        \"name\": \"subnet2\",\r\n        \"id\": \"/subscriptions/00000000-0000-0000-0000-000000000000/resourceGroups/cli_test_load_balancer_ip_config000001/providers/Microsoft.Network/virtualNetworks/vnet1/subnets/subnet2\"\
        ,\r\n        \"etag\": \"W/\\\"c166ad21-fc49-4e29-a6d9-c2da804f3a73\\\"\"\
        ,\r\n        \"properties\": {\r\n          \"provisioningState\": \"Succeeded\"\
        ,\r\n          \"addressPrefix\": \"10.0.1.0/24\",\r\n          \"delegations\"\
        : [],\r\n          \"privateEndpointNetworkPolicies\": \"Enabled\",\r\n  \
        \        \"privateLinkServiceNetworkPolicies\": \"Enabled\"\r\n        },\r\
        \n        \"type\": \"Microsoft.Network/virtualNetworks/subnets\"\r\n    \
        \  }\r\n    ],\r\n    \"virtualNetworkPeerings\": [],\r\n    \"enableDdosProtection\"\
        : false,\r\n    \"enableVmProtection\": false\r\n  }\r\n}"
    headers:
      cache-control:
      - no-cache
      content-length:
      - '2106'
      content-type:
      - application/json; charset=utf-8
      date:
      - Thu, 20 Aug 2020 07:36:29 GMT
      etag:
      - W/"c166ad21-fc49-4e29-a6d9-c2da804f3a73"
      expires:
      - '-1'
      pragma:
      - no-cache
      server:
      - Microsoft-HTTPAPI/2.0
      - Microsoft-HTTPAPI/2.0
      strict-transport-security:
      - max-age=31536000; includeSubDomains
      transfer-encoding:
      - chunked
      vary:
      - Accept-Encoding
      x-content-type-options:
      - nosniff
      x-ms-arm-service-request-id:
      - 71964faf-cc16-42d9-8879-0d04afed487b
    status:
      code: 200
      message: OK
- request:
    body: null
    headers:
      Accept:
      - application/json
      Accept-Encoding:
      - gzip, deflate
      CommandName:
      - network lb create
      Connection:
      - keep-alive
      ParameterSetName:
      - -g -n --subnet --vnet-name
      User-Agent:
      - python/3.7.4 (Linux-4.15.0-112-generic-x86_64-with-debian-buster-sid) msrest/0.6.18
        msrest_azure/0.6.4 azure-mgmt-resource/10.2.0 Azure-SDK-For-Python AZURECLI/2.10.1
      accept-language:
      - en-US
    method: GET
    uri: https://management.azure.com/subscriptions/00000000-0000-0000-0000-000000000000/resourcegroups/cli_test_load_balancer_ip_config000001?api-version=2020-06-01
  response:
    body:
      string: '{"id":"/subscriptions/00000000-0000-0000-0000-000000000000/resourceGroups/cli_test_load_balancer_ip_config000001","name":"cli_test_load_balancer_ip_config000001","type":"Microsoft.Resources/resourceGroups","location":"westus","tags":{"product":"azurecli","cause":"automation","date":"2020-08-20T07:35:15Z","StorageType":"Standard_LRS"},"properties":{"provisioningState":"Succeeded"}}'
    headers:
      cache-control:
      - no-cache
      content-length:
      - '457'
      content-type:
      - application/json; charset=utf-8
      date:
      - Thu, 20 Aug 2020 07:36:29 GMT
      expires:
      - '-1'
      pragma:
      - no-cache
      strict-transport-security:
      - max-age=31536000; includeSubDomains
      vary:
      - Accept-Encoding
      x-content-type-options:
      - nosniff
    status:
      code: 200
      message: OK
- request:
    body: null
    headers:
      Accept:
      - application/json
      Accept-Encoding:
      - gzip, deflate
      CommandName:
      - network lb create
      Connection:
      - keep-alive
      ParameterSetName:
      - -g -n --subnet --vnet-name
      User-Agent:
      - python/3.7.4 (Linux-4.15.0-112-generic-x86_64-with-debian-buster-sid) msrest/0.6.18
        msrest_azure/0.6.4 azure-mgmt-resource/10.2.0 Azure-SDK-For-Python AZURECLI/2.10.1
      accept-language:
      - en-US
    method: GET
    uri: https://management.azure.com/subscriptions/00000000-0000-0000-0000-000000000000/resources?$filter=resourceGroup%20eq%20%27cli_test_load_balancer_ip_config000001%27%20and%20name%20eq%20%27vnet1%27%20and%20resourceType%20eq%20%27Microsoft.Network%2FvirtualNetworks%27&api-version=2020-06-01
  response:
    body:
      string: '{"value":[{"id":"/subscriptions/00000000-0000-0000-0000-000000000000/resourceGroups/cli_test_load_balancer_ip_config000001/providers/Microsoft.Network/virtualNetworks/vnet1","name":"vnet1","type":"Microsoft.Network/virtualNetworks","location":"westus","tags":{}}]}'
    headers:
      cache-control:
      - no-cache
      content-length:
      - '301'
      content-type:
      - application/json; charset=utf-8
      date:
      - Thu, 20 Aug 2020 07:36:30 GMT
      expires:
      - '-1'
      pragma:
      - no-cache
      strict-transport-security:
      - max-age=31536000; includeSubDomains
      vary:
      - Accept-Encoding
      x-content-type-options:
      - nosniff
    status:
      code: 200
      message: OK
- request:
    body: '{"properties": {"template": {"$schema": "https://schema.management.azure.com/schemas/2015-01-01/deploymentTemplate.json#",
      "contentVersion": "1.0.0.0", "parameters": {}, "variables": {}, "resources":
      [{"type": "Microsoft.Network/loadBalancers", "name": "lb2", "location": "westus",
      "tags": {}, "apiVersion": "2020-06-01", "dependsOn": [], "properties": {"backendAddressPools":
      [{"name": "lb2bepool"}], "frontendIPConfigurations": [{"name": "LoadBalancerFrontEnd",
      "properties": {"privateIPAllocationMethod": "Dynamic", "privateIPAddress": null,
      "subnet": {"id": "/subscriptions/00000000-0000-0000-0000-000000000000/resourceGroups/cli_test_load_balancer_ip_config000001/providers/Microsoft.Network/virtualNetworks/vnet1/subnets/subnet1"},
      "privateIPAddressVersion": "IPv4"}}]}, "sku": {"name": "Basic"}}], "outputs":
      {"loadBalancer": {"type": "object", "value": "[reference(''lb2'')]"}}}, "parameters":
      {}, "mode": "Incremental"}}'
    headers:
      Accept:
      - application/json
      Accept-Encoding:
      - gzip, deflate
      CommandName:
      - network lb create
      Connection:
      - keep-alive
      Content-Length:
      - '964'
      Content-Type:
      - application/json; charset=utf-8
      ParameterSetName:
      - -g -n --subnet --vnet-name
      User-Agent:
      - python/3.7.4 (Linux-4.15.0-112-generic-x86_64-with-debian-buster-sid) msrest/0.6.18
        msrest_azure/0.6.4 azure-mgmt-resource/10.2.0 Azure-SDK-For-Python AZURECLI/2.10.1
      accept-language:
      - en-US
    method: PUT
    uri: https://management.azure.com/subscriptions/00000000-0000-0000-0000-000000000000/resourcegroups/cli_test_load_balancer_ip_config000001/providers/Microsoft.Resources/deployments/mock-deployment?api-version=2020-06-01
  response:
    body:
      string: '{"id":"/subscriptions/00000000-0000-0000-0000-000000000000/resourceGroups/cli_test_load_balancer_ip_config000001/providers/Microsoft.Resources/deployments/lb_deploy_ga2EAtoRTbXl6VxJqHxrrY7iYXZW8He8","name":"lb_deploy_ga2EAtoRTbXl6VxJqHxrrY7iYXZW8He8","type":"Microsoft.Resources/deployments","properties":{"templateHash":"8667940428237245368","parameters":{},"mode":"Incremental","provisioningState":"Accepted","timestamp":"2020-08-20T07:36:34.7329828Z","duration":"PT2.4753624S","correlationId":"7eeeb99d-ca0a-498a-a531-242a4df7ca0d","providers":[{"namespace":"Microsoft.Network","resourceTypes":[{"resourceType":"loadBalancers","locations":["westus"]}]}],"dependencies":[]}}'
    headers:
      azure-asyncoperation:
      - https://management.azure.com/subscriptions/00000000-0000-0000-0000-000000000000/resourcegroups/cli_test_load_balancer_ip_config000001/providers/Microsoft.Resources/deployments/lb_deploy_ga2EAtoRTbXl6VxJqHxrrY7iYXZW8He8/operationStatuses/08586036978932199993?api-version=2020-06-01
      cache-control:
      - no-cache
      content-length:
      - '713'
      content-type:
      - application/json; charset=utf-8
      date:
      - Thu, 20 Aug 2020 07:36:35 GMT
      expires:
      - '-1'
      pragma:
      - no-cache
      strict-transport-security:
      - max-age=31536000; includeSubDomains
      x-content-type-options:
      - nosniff
      x-ms-ratelimit-remaining-subscription-writes:
      - '1190'
    status:
      code: 201
      message: Created
- request:
    body: null
    headers:
      Accept:
      - application/json
      Accept-Encoding:
      - gzip, deflate
      CommandName:
      - network lb create
      Connection:
      - keep-alive
      ParameterSetName:
      - -g -n --subnet --vnet-name
      User-Agent:
      - python/3.7.4 (Linux-4.15.0-112-generic-x86_64-with-debian-buster-sid) msrest/0.6.18
        msrest_azure/0.6.4 azure-mgmt-resource/10.2.0 Azure-SDK-For-Python AZURECLI/2.10.1
    method: GET
    uri: https://management.azure.com/subscriptions/00000000-0000-0000-0000-000000000000/resourcegroups/cli_test_load_balancer_ip_config000001/providers/Microsoft.Resources/deployments/mock-deployment/operationStatuses/08586036978932199993?api-version=2020-06-01
  response:
    body:
      string: '{"status":"Succeeded"}'
    headers:
      cache-control:
      - no-cache
      content-length:
      - '22'
      content-type:
      - application/json; charset=utf-8
      date:
      - Thu, 20 Aug 2020 07:37:07 GMT
      expires:
      - '-1'
      pragma:
      - no-cache
      strict-transport-security:
      - max-age=31536000; includeSubDomains
      vary:
      - Accept-Encoding
      x-content-type-options:
      - nosniff
    status:
      code: 200
      message: OK
- request:
    body: null
    headers:
      Accept:
      - application/json
      Accept-Encoding:
      - gzip, deflate
      CommandName:
      - network lb create
      Connection:
      - keep-alive
      ParameterSetName:
      - -g -n --subnet --vnet-name
      User-Agent:
      - python/3.7.4 (Linux-4.15.0-112-generic-x86_64-with-debian-buster-sid) msrest/0.6.18
        msrest_azure/0.6.4 azure-mgmt-resource/10.2.0 Azure-SDK-For-Python AZURECLI/2.10.1
    method: GET
    uri: https://management.azure.com/subscriptions/00000000-0000-0000-0000-000000000000/resourcegroups/cli_test_load_balancer_ip_config000001/providers/Microsoft.Resources/deployments/mock-deployment?api-version=2020-06-01
  response:
    body:
      string: '{"id":"/subscriptions/00000000-0000-0000-0000-000000000000/resourceGroups/cli_test_load_balancer_ip_config000001/providers/Microsoft.Resources/deployments/lb_deploy_ga2EAtoRTbXl6VxJqHxrrY7iYXZW8He8","name":"lb_deploy_ga2EAtoRTbXl6VxJqHxrrY7iYXZW8He8","type":"Microsoft.Resources/deployments","properties":{"templateHash":"8667940428237245368","parameters":{},"mode":"Incremental","provisioningState":"Succeeded","timestamp":"2020-08-20T07:36:41.8246396Z","duration":"PT9.5670192S","correlationId":"7eeeb99d-ca0a-498a-a531-242a4df7ca0d","providers":[{"namespace":"Microsoft.Network","resourceTypes":[{"resourceType":"loadBalancers","locations":["westus"]}]}],"dependencies":[],"outputs":{"loadBalancer":{"type":"Object","value":{"provisioningState":"Succeeded","resourceGuid":"95885904-6d03-4eae-8a87-56b8703206f2","frontendIPConfigurations":[{"name":"LoadBalancerFrontEnd","id":"/subscriptions/00000000-0000-0000-0000-000000000000/resourceGroups/cli_test_load_balancer_ip_config000001/providers/Microsoft.Network/loadBalancers/lb2/frontendIPConfigurations/LoadBalancerFrontEnd","etag":"W/\"6d3de46e-8db5-4822-9523-4822c31aab05\"","type":"Microsoft.Network/loadBalancers/frontendIPConfigurations","properties":{"provisioningState":"Succeeded","privateIPAddress":"10.0.0.4","privateIPAllocationMethod":"Dynamic","subnet":{"id":"/subscriptions/00000000-0000-0000-0000-000000000000/resourceGroups/cli_test_load_balancer_ip_config000001/providers/Microsoft.Network/virtualNetworks/vnet1/subnets/subnet1"},"privateIPAddressVersion":"IPv4"}}],"backendAddressPools":[{"name":"lb2bepool","id":"/subscriptions/00000000-0000-0000-0000-000000000000/resourceGroups/cli_test_load_balancer_ip_config000001/providers/Microsoft.Network/loadBalancers/lb2/backendAddressPools/lb2bepool","etag":"W/\"6d3de46e-8db5-4822-9523-4822c31aab05\"","properties":{"provisioningState":"Succeeded"},"type":"Microsoft.Network/loadBalancers/backendAddressPools"}],"loadBalancingRules":[],"probes":[],"inboundNatRules":[],"inboundNatPools":[]}}},"outputResources":[{"id":"/subscriptions/00000000-0000-0000-0000-000000000000/resourceGroups/cli_test_load_balancer_ip_config000001/providers/Microsoft.Network/loadBalancers/lb2"}]}}'
    headers:
      cache-control:
      - no-cache
      content-length:
      - '2378'
      content-type:
      - application/json; charset=utf-8
      date:
      - Thu, 20 Aug 2020 07:37:07 GMT
      expires:
      - '-1'
      pragma:
      - no-cache
      strict-transport-security:
      - max-age=31536000; includeSubDomains
      vary:
      - Accept-Encoding
      x-content-type-options:
      - nosniff
    status:
      code: 200
      message: OK
- request:
    body: null
    headers:
      Accept:
      - application/json
      Accept-Encoding:
      - gzip, deflate
      CommandName:
      - network lb frontend-ip create
      Connection:
      - keep-alive
      ParameterSetName:
      - -g --lb-name -n --public-ip-address
      User-Agent:
      - python/3.7.4 (Linux-4.15.0-112-generic-x86_64-with-debian-buster-sid) msrest/0.6.18
        msrest_azure/0.6.4 azure-mgmt-network/11.0.0 Azure-SDK-For-Python AZURECLI/2.10.1
      accept-language:
      - en-US
    method: GET
    uri: https://management.azure.com/subscriptions/00000000-0000-0000-0000-000000000000/resourceGroups/cli_test_load_balancer_ip_config000001/providers/Microsoft.Network/loadBalancers/lb1?api-version=2020-06-01
  response:
    body:
      string: "{\r\n  \"name\": \"lb1\",\r\n  \"id\": \"/subscriptions/00000000-0000-0000-0000-000000000000/resourceGroups/cli_test_load_balancer_ip_config000001/providers/Microsoft.Network/loadBalancers/lb1\"\
        ,\r\n  \"etag\": \"W/\\\"cba202ca-b206-4bea-ba9b-7564696e7984\\\"\",\r\n \
        \ \"type\": \"Microsoft.Network/loadBalancers\",\r\n  \"location\": \"westus\"\
        ,\r\n  \"tags\": {},\r\n  \"properties\": {\r\n    \"provisioningState\":\
        \ \"Succeeded\",\r\n    \"resourceGuid\": \"f414cfd1-fe46-46b8-9397-07f508cf5b42\"\
        ,\r\n    \"frontendIPConfigurations\": [\r\n      {\r\n        \"name\": \"\
        LoadBalancerFrontEnd\",\r\n        \"id\": \"/subscriptions/00000000-0000-0000-0000-000000000000/resourceGroups/cli_test_load_balancer_ip_config000001/providers/Microsoft.Network/loadBalancers/lb1/frontendIPConfigurations/LoadBalancerFrontEnd\"\
        ,\r\n        \"etag\": \"W/\\\"cba202ca-b206-4bea-ba9b-7564696e7984\\\"\"\
        ,\r\n        \"type\": \"Microsoft.Network/loadBalancers/frontendIPConfigurations\"\
        ,\r\n        \"properties\": {\r\n          \"provisioningState\": \"Succeeded\"\
        ,\r\n          \"privateIPAllocationMethod\": \"Dynamic\",\r\n          \"\
        publicIPAddress\": {\r\n            \"id\": \"/subscriptions/00000000-0000-0000-0000-000000000000/resourceGroups/cli_test_load_balancer_ip_config000001/providers/Microsoft.Network/publicIPAddresses/publicip1\"\
        \r\n          },\r\n          \"privateIPAddressVersion\": \"IPv4\"\r\n  \
        \      }\r\n      }\r\n    ],\r\n    \"backendAddressPools\": [\r\n      {\r\
        \n        \"name\": \"lb1bepool\",\r\n        \"id\": \"/subscriptions/00000000-0000-0000-0000-000000000000/resourceGroups/cli_test_load_balancer_ip_config000001/providers/Microsoft.Network/loadBalancers/lb1/backendAddressPools/lb1bepool\"\
        ,\r\n        \"etag\": \"W/\\\"cba202ca-b206-4bea-ba9b-7564696e7984\\\"\"\
        ,\r\n        \"properties\": {\r\n          \"provisioningState\": \"Succeeded\"\
        \r\n        },\r\n        \"type\": \"Microsoft.Network/loadBalancers/backendAddressPools\"\
        \r\n      }\r\n    ],\r\n    \"loadBalancingRules\": [],\r\n    \"probes\"\
        : [],\r\n    \"inboundNatRules\": [],\r\n    \"inboundNatPools\": []\r\n \
        \ },\r\n  \"sku\": {\r\n    \"name\": \"Basic\"\r\n  }\r\n}"
    headers:
      cache-control:
      - no-cache
      content-length:
      - '2110'
      content-type:
      - application/json; charset=utf-8
      date:
      - Thu, 20 Aug 2020 07:37:08 GMT
      etag:
      - W/"cba202ca-b206-4bea-ba9b-7564696e7984"
      expires:
      - '-1'
      pragma:
      - no-cache
      server:
      - Microsoft-HTTPAPI/2.0
      - Microsoft-HTTPAPI/2.0
      strict-transport-security:
      - max-age=31536000; includeSubDomains
      transfer-encoding:
      - chunked
      vary:
      - Accept-Encoding
      x-content-type-options:
      - nosniff
      x-ms-arm-service-request-id:
      - f29037bb-5333-4caf-905c-3ff1817eae83
    status:
      code: 200
      message: OK
- request:
    body: '{"id": "/subscriptions/00000000-0000-0000-0000-000000000000/resourceGroups/cli_test_load_balancer_ip_config000001/providers/Microsoft.Network/loadBalancers/lb1",
      "location": "westus", "tags": {}, "sku": {"name": "Basic"}, "properties": {"frontendIPConfigurations":
      [{"id": "/subscriptions/00000000-0000-0000-0000-000000000000/resourceGroups/cli_test_load_balancer_ip_config000001/providers/Microsoft.Network/loadBalancers/lb1/frontendIPConfigurations/LoadBalancerFrontEnd",
      "properties": {"privateIPAllocationMethod": "Dynamic", "privateIPAddressVersion":
      "IPv4", "publicIPAddress": {"id": "/subscriptions/00000000-0000-0000-0000-000000000000/resourceGroups/cli_test_load_balancer_ip_config000001/providers/Microsoft.Network/publicIPAddresses/publicip1"}},
      "name": "LoadBalancerFrontEnd"}, {"properties": {"privateIPAllocationMethod":
      "dynamic", "privateIPAddressVersion": "IPv4", "publicIPAddress": {"id": "/subscriptions/00000000-0000-0000-0000-000000000000/resourceGroups/cli_test_load_balancer_ip_config000001/providers/Microsoft.Network/publicIPAddresses/publicip2"}},
      "name": "ipconfig1"}], "backendAddressPools": [{"id": "/subscriptions/00000000-0000-0000-0000-000000000000/resourceGroups/cli_test_load_balancer_ip_config000001/providers/Microsoft.Network/loadBalancers/lb1/backendAddressPools/lb1bepool",
      "name": "lb1bepool"}], "loadBalancingRules": [], "probes": [], "inboundNatRules":
      [], "inboundNatPools": []}}'
    headers:
      Accept:
      - application/json
      Accept-Encoding:
      - gzip, deflate
      CommandName:
      - network lb frontend-ip create
      Connection:
      - keep-alive
      Content-Length:
      - '1607'
      Content-Type:
      - application/json; charset=utf-8
      ParameterSetName:
      - -g --lb-name -n --public-ip-address
      User-Agent:
      - python/3.7.4 (Linux-4.15.0-112-generic-x86_64-with-debian-buster-sid) msrest/0.6.18
        msrest_azure/0.6.4 azure-mgmt-network/11.0.0 Azure-SDK-For-Python AZURECLI/2.10.1
      accept-language:
      - en-US
    method: PUT
    uri: https://management.azure.com/subscriptions/00000000-0000-0000-0000-000000000000/resourceGroups/cli_test_load_balancer_ip_config000001/providers/Microsoft.Network/loadBalancers/lb1?api-version=2020-06-01
  response:
    body:
      string: "{\r\n  \"name\": \"lb1\",\r\n  \"id\": \"/subscriptions/00000000-0000-0000-0000-000000000000/resourceGroups/cli_test_load_balancer_ip_config000001/providers/Microsoft.Network/loadBalancers/lb1\"\
        ,\r\n  \"etag\": \"W/\\\"e6cca679-25cd-44a8-9ed2-525485d913b2\\\"\",\r\n \
        \ \"type\": \"Microsoft.Network/loadBalancers\",\r\n  \"location\": \"westus\"\
        ,\r\n  \"tags\": {},\r\n  \"properties\": {\r\n    \"provisioningState\":\
        \ \"Succeeded\",\r\n    \"resourceGuid\": \"f414cfd1-fe46-46b8-9397-07f508cf5b42\"\
        ,\r\n    \"frontendIPConfigurations\": [\r\n      {\r\n        \"name\": \"\
        LoadBalancerFrontEnd\",\r\n        \"id\": \"/subscriptions/00000000-0000-0000-0000-000000000000/resourceGroups/cli_test_load_balancer_ip_config000001/providers/Microsoft.Network/loadBalancers/lb1/frontendIPConfigurations/LoadBalancerFrontEnd\"\
        ,\r\n        \"etag\": \"W/\\\"e6cca679-25cd-44a8-9ed2-525485d913b2\\\"\"\
        ,\r\n        \"type\": \"Microsoft.Network/loadBalancers/frontendIPConfigurations\"\
        ,\r\n        \"properties\": {\r\n          \"provisioningState\": \"Succeeded\"\
        ,\r\n          \"privateIPAllocationMethod\": \"Dynamic\",\r\n          \"\
        publicIPAddress\": {\r\n            \"id\": \"/subscriptions/00000000-0000-0000-0000-000000000000/resourceGroups/cli_test_load_balancer_ip_config000001/providers/Microsoft.Network/publicIPAddresses/publicip1\"\
        \r\n          },\r\n          \"privateIPAddressVersion\": \"IPv4\"\r\n  \
        \      }\r\n      },\r\n      {\r\n        \"name\": \"ipconfig1\",\r\n  \
        \      \"id\": \"/subscriptions/00000000-0000-0000-0000-000000000000/resourceGroups/cli_test_load_balancer_ip_config000001/providers/Microsoft.Network/loadBalancers/lb1/frontendIPConfigurations/ipconfig1\"\
        ,\r\n        \"etag\": \"W/\\\"e6cca679-25cd-44a8-9ed2-525485d913b2\\\"\"\
        ,\r\n        \"type\": \"Microsoft.Network/loadBalancers/frontendIPConfigurations\"\
        ,\r\n        \"properties\": {\r\n          \"provisioningState\": \"Succeeded\"\
        ,\r\n          \"privateIPAllocationMethod\": \"Dynamic\",\r\n          \"\
        publicIPAddress\": {\r\n            \"id\": \"/subscriptions/00000000-0000-0000-0000-000000000000/resourceGroups/cli_test_load_balancer_ip_config000001/providers/Microsoft.Network/publicIPAddresses/publicip2\"\
        \r\n          },\r\n          \"privateIPAddressVersion\": \"IPv4\"\r\n  \
        \      }\r\n      }\r\n    ],\r\n    \"backendAddressPools\": [\r\n      {\r\
        \n        \"name\": \"lb1bepool\",\r\n        \"id\": \"/subscriptions/00000000-0000-0000-0000-000000000000/resourceGroups/cli_test_load_balancer_ip_config000001/providers/Microsoft.Network/loadBalancers/lb1/backendAddressPools/lb1bepool\"\
        ,\r\n        \"etag\": \"W/\\\"e6cca679-25cd-44a8-9ed2-525485d913b2\\\"\"\
        ,\r\n        \"properties\": {\r\n          \"provisioningState\": \"Succeeded\"\
        \r\n        },\r\n        \"type\": \"Microsoft.Network/loadBalancers/backendAddressPools\"\
        \r\n      }\r\n    ],\r\n    \"loadBalancingRules\": [],\r\n    \"probes\"\
        : [],\r\n    \"inboundNatRules\": [],\r\n    \"inboundNatPools\": []\r\n \
        \ },\r\n  \"sku\": {\r\n    \"name\": \"Basic\"\r\n  }\r\n}"
    headers:
      azure-asyncoperation:
      - https://management.azure.com/subscriptions/00000000-0000-0000-0000-000000000000/providers/Microsoft.Network/locations/westus/operations/f4ccafc4-c3f6-4a08-8fc6-e984d5c2b470?api-version=2020-06-01
      cache-control:
      - no-cache
      content-length:
      - '2984'
      content-type:
      - application/json; charset=utf-8
      date:
      - Thu, 20 Aug 2020 07:37:09 GMT
      expires:
      - '-1'
      pragma:
      - no-cache
      server:
      - Microsoft-HTTPAPI/2.0
      - Microsoft-HTTPAPI/2.0
      strict-transport-security:
      - max-age=31536000; includeSubDomains
      transfer-encoding:
      - chunked
      vary:
      - Accept-Encoding
      x-content-type-options:
      - nosniff
      x-ms-arm-service-request-id:
      - 20bbf53b-969f-42bd-94be-4fc71f71f67d
      x-ms-ratelimit-remaining-subscription-writes:
      - '1189'
    status:
      code: 200
      message: OK
- request:
    body: null
    headers:
      Accept:
      - application/json
      Accept-Encoding:
      - gzip, deflate
      CommandName:
      - network lb frontend-ip create
      Connection:
      - keep-alive
      ParameterSetName:
      - -g --lb-name -n --public-ip-address
      User-Agent:
      - python/3.7.4 (Linux-4.15.0-112-generic-x86_64-with-debian-buster-sid) msrest/0.6.18
        msrest_azure/0.6.4 azure-mgmt-network/11.0.0 Azure-SDK-For-Python AZURECLI/2.10.1
    method: GET
    uri: https://management.azure.com/subscriptions/00000000-0000-0000-0000-000000000000/providers/Microsoft.Network/locations/westus/operations/f4ccafc4-c3f6-4a08-8fc6-e984d5c2b470?api-version=2020-06-01
  response:
    body:
      string: "{\r\n  \"status\": \"Succeeded\"\r\n}"
    headers:
      cache-control:
      - no-cache
      content-length:
      - '29'
      content-type:
      - application/json; charset=utf-8
      date:
      - Thu, 20 Aug 2020 07:37:40 GMT
      expires:
      - '-1'
      pragma:
      - no-cache
      server:
      - Microsoft-HTTPAPI/2.0
      - Microsoft-HTTPAPI/2.0
      strict-transport-security:
      - max-age=31536000; includeSubDomains
      transfer-encoding:
      - chunked
      vary:
      - Accept-Encoding
      x-content-type-options:
      - nosniff
      x-ms-arm-service-request-id:
      - 1e8f5939-598a-44de-8f84-28b1b78e4afb
    status:
      code: 200
      message: OK
- request:
    body: null
    headers:
      Accept:
      - application/json
      Accept-Encoding:
      - gzip, deflate
      CommandName:
      - network lb frontend-ip create
      Connection:
      - keep-alive
      ParameterSetName:
      - -g --lb-name -n --public-ip-address
      User-Agent:
      - python/3.7.4 (Linux-4.15.0-112-generic-x86_64-with-debian-buster-sid) msrest/0.6.18
        msrest_azure/0.6.4 azure-mgmt-network/11.0.0 Azure-SDK-For-Python AZURECLI/2.10.1
    method: GET
    uri: https://management.azure.com/subscriptions/00000000-0000-0000-0000-000000000000/resourceGroups/cli_test_load_balancer_ip_config000001/providers/Microsoft.Network/loadBalancers/lb1?api-version=2020-06-01
  response:
    body:
      string: "{\r\n  \"name\": \"lb1\",\r\n  \"id\": \"/subscriptions/00000000-0000-0000-0000-000000000000/resourceGroups/cli_test_load_balancer_ip_config000001/providers/Microsoft.Network/loadBalancers/lb1\"\
        ,\r\n  \"etag\": \"W/\\\"e6cca679-25cd-44a8-9ed2-525485d913b2\\\"\",\r\n \
        \ \"type\": \"Microsoft.Network/loadBalancers\",\r\n  \"location\": \"westus\"\
        ,\r\n  \"tags\": {},\r\n  \"properties\": {\r\n    \"provisioningState\":\
        \ \"Succeeded\",\r\n    \"resourceGuid\": \"f414cfd1-fe46-46b8-9397-07f508cf5b42\"\
        ,\r\n    \"frontendIPConfigurations\": [\r\n      {\r\n        \"name\": \"\
        LoadBalancerFrontEnd\",\r\n        \"id\": \"/subscriptions/00000000-0000-0000-0000-000000000000/resourceGroups/cli_test_load_balancer_ip_config000001/providers/Microsoft.Network/loadBalancers/lb1/frontendIPConfigurations/LoadBalancerFrontEnd\"\
        ,\r\n        \"etag\": \"W/\\\"e6cca679-25cd-44a8-9ed2-525485d913b2\\\"\"\
        ,\r\n        \"type\": \"Microsoft.Network/loadBalancers/frontendIPConfigurations\"\
        ,\r\n        \"properties\": {\r\n          \"provisioningState\": \"Succeeded\"\
        ,\r\n          \"privateIPAllocationMethod\": \"Dynamic\",\r\n          \"\
        publicIPAddress\": {\r\n            \"id\": \"/subscriptions/00000000-0000-0000-0000-000000000000/resourceGroups/cli_test_load_balancer_ip_config000001/providers/Microsoft.Network/publicIPAddresses/publicip1\"\
        \r\n          },\r\n          \"privateIPAddressVersion\": \"IPv4\"\r\n  \
        \      }\r\n      },\r\n      {\r\n        \"name\": \"ipconfig1\",\r\n  \
        \      \"id\": \"/subscriptions/00000000-0000-0000-0000-000000000000/resourceGroups/cli_test_load_balancer_ip_config000001/providers/Microsoft.Network/loadBalancers/lb1/frontendIPConfigurations/ipconfig1\"\
        ,\r\n        \"etag\": \"W/\\\"e6cca679-25cd-44a8-9ed2-525485d913b2\\\"\"\
        ,\r\n        \"type\": \"Microsoft.Network/loadBalancers/frontendIPConfigurations\"\
        ,\r\n        \"properties\": {\r\n          \"provisioningState\": \"Succeeded\"\
        ,\r\n          \"privateIPAllocationMethod\": \"Dynamic\",\r\n          \"\
        publicIPAddress\": {\r\n            \"id\": \"/subscriptions/00000000-0000-0000-0000-000000000000/resourceGroups/cli_test_load_balancer_ip_config000001/providers/Microsoft.Network/publicIPAddresses/publicip2\"\
        \r\n          },\r\n          \"privateIPAddressVersion\": \"IPv4\"\r\n  \
        \      }\r\n      }\r\n    ],\r\n    \"backendAddressPools\": [\r\n      {\r\
        \n        \"name\": \"lb1bepool\",\r\n        \"id\": \"/subscriptions/00000000-0000-0000-0000-000000000000/resourceGroups/cli_test_load_balancer_ip_config000001/providers/Microsoft.Network/loadBalancers/lb1/backendAddressPools/lb1bepool\"\
        ,\r\n        \"etag\": \"W/\\\"e6cca679-25cd-44a8-9ed2-525485d913b2\\\"\"\
        ,\r\n        \"properties\": {\r\n          \"provisioningState\": \"Succeeded\"\
        \r\n        },\r\n        \"type\": \"Microsoft.Network/loadBalancers/backendAddressPools\"\
        \r\n      }\r\n    ],\r\n    \"loadBalancingRules\": [],\r\n    \"probes\"\
        : [],\r\n    \"inboundNatRules\": [],\r\n    \"inboundNatPools\": []\r\n \
        \ },\r\n  \"sku\": {\r\n    \"name\": \"Basic\"\r\n  }\r\n}"
    headers:
      cache-control:
      - no-cache
      content-length:
      - '2984'
      content-type:
      - application/json; charset=utf-8
      date:
      - Thu, 20 Aug 2020 07:37:41 GMT
      etag:
      - W/"e6cca679-25cd-44a8-9ed2-525485d913b2"
      expires:
      - '-1'
      pragma:
      - no-cache
      server:
      - Microsoft-HTTPAPI/2.0
      - Microsoft-HTTPAPI/2.0
      strict-transport-security:
      - max-age=31536000; includeSubDomains
      transfer-encoding:
      - chunked
      vary:
      - Accept-Encoding
      x-content-type-options:
      - nosniff
      x-ms-arm-service-request-id:
      - 0bd52d24-8e44-404b-acce-0cb42595ef04
    status:
      code: 200
      message: OK
- request:
    body: null
    headers:
      Accept:
      - application/json
      Accept-Encoding:
      - gzip, deflate
      CommandName:
      - network lb frontend-ip list
      Connection:
      - keep-alive
      ParameterSetName:
      - -g --lb-name
      User-Agent:
      - python/3.7.4 (Linux-4.15.0-112-generic-x86_64-with-debian-buster-sid) msrest/0.6.18
        msrest_azure/0.6.4 azure-mgmt-network/11.0.0 Azure-SDK-For-Python AZURECLI/2.10.1
      accept-language:
      - en-US
    method: GET
    uri: https://management.azure.com/subscriptions/00000000-0000-0000-0000-000000000000/resourceGroups/cli_test_load_balancer_ip_config000001/providers/Microsoft.Network/loadBalancers/lb1?api-version=2020-06-01
  response:
    body:
      string: "{\r\n  \"name\": \"lb1\",\r\n  \"id\": \"/subscriptions/00000000-0000-0000-0000-000000000000/resourceGroups/cli_test_load_balancer_ip_config000001/providers/Microsoft.Network/loadBalancers/lb1\"\
        ,\r\n  \"etag\": \"W/\\\"e6cca679-25cd-44a8-9ed2-525485d913b2\\\"\",\r\n \
        \ \"type\": \"Microsoft.Network/loadBalancers\",\r\n  \"location\": \"westus\"\
        ,\r\n  \"tags\": {},\r\n  \"properties\": {\r\n    \"provisioningState\":\
        \ \"Succeeded\",\r\n    \"resourceGuid\": \"f414cfd1-fe46-46b8-9397-07f508cf5b42\"\
        ,\r\n    \"frontendIPConfigurations\": [\r\n      {\r\n        \"name\": \"\
        LoadBalancerFrontEnd\",\r\n        \"id\": \"/subscriptions/00000000-0000-0000-0000-000000000000/resourceGroups/cli_test_load_balancer_ip_config000001/providers/Microsoft.Network/loadBalancers/lb1/frontendIPConfigurations/LoadBalancerFrontEnd\"\
        ,\r\n        \"etag\": \"W/\\\"e6cca679-25cd-44a8-9ed2-525485d913b2\\\"\"\
        ,\r\n        \"type\": \"Microsoft.Network/loadBalancers/frontendIPConfigurations\"\
        ,\r\n        \"properties\": {\r\n          \"provisioningState\": \"Succeeded\"\
        ,\r\n          \"privateIPAllocationMethod\": \"Dynamic\",\r\n          \"\
        publicIPAddress\": {\r\n            \"id\": \"/subscriptions/00000000-0000-0000-0000-000000000000/resourceGroups/cli_test_load_balancer_ip_config000001/providers/Microsoft.Network/publicIPAddresses/publicip1\"\
        \r\n          },\r\n          \"privateIPAddressVersion\": \"IPv4\"\r\n  \
        \      }\r\n      },\r\n      {\r\n        \"name\": \"ipconfig1\",\r\n  \
        \      \"id\": \"/subscriptions/00000000-0000-0000-0000-000000000000/resourceGroups/cli_test_load_balancer_ip_config000001/providers/Microsoft.Network/loadBalancers/lb1/frontendIPConfigurations/ipconfig1\"\
        ,\r\n        \"etag\": \"W/\\\"e6cca679-25cd-44a8-9ed2-525485d913b2\\\"\"\
        ,\r\n        \"type\": \"Microsoft.Network/loadBalancers/frontendIPConfigurations\"\
        ,\r\n        \"properties\": {\r\n          \"provisioningState\": \"Succeeded\"\
        ,\r\n          \"privateIPAllocationMethod\": \"Dynamic\",\r\n          \"\
        publicIPAddress\": {\r\n            \"id\": \"/subscriptions/00000000-0000-0000-0000-000000000000/resourceGroups/cli_test_load_balancer_ip_config000001/providers/Microsoft.Network/publicIPAddresses/publicip2\"\
        \r\n          },\r\n          \"privateIPAddressVersion\": \"IPv4\"\r\n  \
        \      }\r\n      }\r\n    ],\r\n    \"backendAddressPools\": [\r\n      {\r\
        \n        \"name\": \"lb1bepool\",\r\n        \"id\": \"/subscriptions/00000000-0000-0000-0000-000000000000/resourceGroups/cli_test_load_balancer_ip_config000001/providers/Microsoft.Network/loadBalancers/lb1/backendAddressPools/lb1bepool\"\
        ,\r\n        \"etag\": \"W/\\\"e6cca679-25cd-44a8-9ed2-525485d913b2\\\"\"\
        ,\r\n        \"properties\": {\r\n          \"provisioningState\": \"Succeeded\"\
        \r\n        },\r\n        \"type\": \"Microsoft.Network/loadBalancers/backendAddressPools\"\
        \r\n      }\r\n    ],\r\n    \"loadBalancingRules\": [],\r\n    \"probes\"\
        : [],\r\n    \"inboundNatRules\": [],\r\n    \"inboundNatPools\": []\r\n \
        \ },\r\n  \"sku\": {\r\n    \"name\": \"Basic\"\r\n  }\r\n}"
    headers:
      cache-control:
      - no-cache
      content-length:
      - '2984'
      content-type:
      - application/json; charset=utf-8
      date:
      - Thu, 20 Aug 2020 07:37:41 GMT
      etag:
      - W/"e6cca679-25cd-44a8-9ed2-525485d913b2"
      expires:
      - '-1'
      pragma:
      - no-cache
      server:
      - Microsoft-HTTPAPI/2.0
      - Microsoft-HTTPAPI/2.0
      strict-transport-security:
      - max-age=31536000; includeSubDomains
      transfer-encoding:
      - chunked
      vary:
      - Accept-Encoding
      x-content-type-options:
      - nosniff
      x-ms-arm-service-request-id:
      - 67fea394-4c63-49c3-b665-5aeba4a62d7e
    status:
      code: 200
      message: OK
- request:
    body: null
    headers:
      Accept:
      - application/json
      Accept-Encoding:
      - gzip, deflate
      CommandName:
      - network lb frontend-ip update
      Connection:
      - keep-alive
      ParameterSetName:
      - -g --lb-name -n --public-ip-address
      User-Agent:
      - python/3.7.4 (Linux-4.15.0-112-generic-x86_64-with-debian-buster-sid) msrest/0.6.18
        msrest_azure/0.6.4 azure-mgmt-network/11.0.0 Azure-SDK-For-Python AZURECLI/2.10.1
      accept-language:
      - en-US
    method: GET
    uri: https://management.azure.com/subscriptions/00000000-0000-0000-0000-000000000000/resourceGroups/cli_test_load_balancer_ip_config000001/providers/Microsoft.Network/loadBalancers/lb1?api-version=2020-06-01
  response:
    body:
      string: "{\r\n  \"name\": \"lb1\",\r\n  \"id\": \"/subscriptions/00000000-0000-0000-0000-000000000000/resourceGroups/cli_test_load_balancer_ip_config000001/providers/Microsoft.Network/loadBalancers/lb1\"\
        ,\r\n  \"etag\": \"W/\\\"e6cca679-25cd-44a8-9ed2-525485d913b2\\\"\",\r\n \
        \ \"type\": \"Microsoft.Network/loadBalancers\",\r\n  \"location\": \"westus\"\
        ,\r\n  \"tags\": {},\r\n  \"properties\": {\r\n    \"provisioningState\":\
        \ \"Succeeded\",\r\n    \"resourceGuid\": \"f414cfd1-fe46-46b8-9397-07f508cf5b42\"\
        ,\r\n    \"frontendIPConfigurations\": [\r\n      {\r\n        \"name\": \"\
        LoadBalancerFrontEnd\",\r\n        \"id\": \"/subscriptions/00000000-0000-0000-0000-000000000000/resourceGroups/cli_test_load_balancer_ip_config000001/providers/Microsoft.Network/loadBalancers/lb1/frontendIPConfigurations/LoadBalancerFrontEnd\"\
        ,\r\n        \"etag\": \"W/\\\"e6cca679-25cd-44a8-9ed2-525485d913b2\\\"\"\
        ,\r\n        \"type\": \"Microsoft.Network/loadBalancers/frontendIPConfigurations\"\
        ,\r\n        \"properties\": {\r\n          \"provisioningState\": \"Succeeded\"\
        ,\r\n          \"privateIPAllocationMethod\": \"Dynamic\",\r\n          \"\
        publicIPAddress\": {\r\n            \"id\": \"/subscriptions/00000000-0000-0000-0000-000000000000/resourceGroups/cli_test_load_balancer_ip_config000001/providers/Microsoft.Network/publicIPAddresses/publicip1\"\
        \r\n          },\r\n          \"privateIPAddressVersion\": \"IPv4\"\r\n  \
        \      }\r\n      },\r\n      {\r\n        \"name\": \"ipconfig1\",\r\n  \
        \      \"id\": \"/subscriptions/00000000-0000-0000-0000-000000000000/resourceGroups/cli_test_load_balancer_ip_config000001/providers/Microsoft.Network/loadBalancers/lb1/frontendIPConfigurations/ipconfig1\"\
        ,\r\n        \"etag\": \"W/\\\"e6cca679-25cd-44a8-9ed2-525485d913b2\\\"\"\
        ,\r\n        \"type\": \"Microsoft.Network/loadBalancers/frontendIPConfigurations\"\
        ,\r\n        \"properties\": {\r\n          \"provisioningState\": \"Succeeded\"\
        ,\r\n          \"privateIPAllocationMethod\": \"Dynamic\",\r\n          \"\
        publicIPAddress\": {\r\n            \"id\": \"/subscriptions/00000000-0000-0000-0000-000000000000/resourceGroups/cli_test_load_balancer_ip_config000001/providers/Microsoft.Network/publicIPAddresses/publicip2\"\
        \r\n          },\r\n          \"privateIPAddressVersion\": \"IPv4\"\r\n  \
        \      }\r\n      }\r\n    ],\r\n    \"backendAddressPools\": [\r\n      {\r\
        \n        \"name\": \"lb1bepool\",\r\n        \"id\": \"/subscriptions/00000000-0000-0000-0000-000000000000/resourceGroups/cli_test_load_balancer_ip_config000001/providers/Microsoft.Network/loadBalancers/lb1/backendAddressPools/lb1bepool\"\
        ,\r\n        \"etag\": \"W/\\\"e6cca679-25cd-44a8-9ed2-525485d913b2\\\"\"\
        ,\r\n        \"properties\": {\r\n          \"provisioningState\": \"Succeeded\"\
        \r\n        },\r\n        \"type\": \"Microsoft.Network/loadBalancers/backendAddressPools\"\
        \r\n      }\r\n    ],\r\n    \"loadBalancingRules\": [],\r\n    \"probes\"\
        : [],\r\n    \"inboundNatRules\": [],\r\n    \"inboundNatPools\": []\r\n \
        \ },\r\n  \"sku\": {\r\n    \"name\": \"Basic\"\r\n  }\r\n}"
    headers:
      cache-control:
      - no-cache
      content-length:
      - '2984'
      content-type:
      - application/json; charset=utf-8
      date:
      - Thu, 20 Aug 2020 07:37:42 GMT
      etag:
      - W/"e6cca679-25cd-44a8-9ed2-525485d913b2"
      expires:
      - '-1'
      pragma:
      - no-cache
      server:
      - Microsoft-HTTPAPI/2.0
      - Microsoft-HTTPAPI/2.0
      strict-transport-security:
      - max-age=31536000; includeSubDomains
      transfer-encoding:
      - chunked
      vary:
      - Accept-Encoding
      x-content-type-options:
      - nosniff
      x-ms-arm-service-request-id:
      - 8dfe03b6-2d43-4af1-9103-4fad4454bb9d
    status:
      code: 200
      message: OK
- request:
    body: '{"id": "/subscriptions/00000000-0000-0000-0000-000000000000/resourceGroups/cli_test_load_balancer_ip_config000001/providers/Microsoft.Network/loadBalancers/lb1",
      "location": "westus", "tags": {}, "sku": {"name": "Basic"}, "properties": {"frontendIPConfigurations":
      [{"id": "/subscriptions/00000000-0000-0000-0000-000000000000/resourceGroups/cli_test_load_balancer_ip_config000001/providers/Microsoft.Network/loadBalancers/lb1/frontendIPConfigurations/LoadBalancerFrontEnd",
      "properties": {"privateIPAllocationMethod": "Dynamic", "privateIPAddressVersion":
      "IPv4", "publicIPAddress": {"id": "/subscriptions/00000000-0000-0000-0000-000000000000/resourceGroups/cli_test_load_balancer_ip_config000001/providers/Microsoft.Network/publicIPAddresses/publicip1"}},
      "name": "LoadBalancerFrontEnd"}, {"id": "/subscriptions/00000000-0000-0000-0000-000000000000/resourceGroups/cli_test_load_balancer_ip_config000001/providers/Microsoft.Network/loadBalancers/lb1/frontendIPConfigurations/ipconfig1",
      "properties": {"privateIPAllocationMethod": "dynamic", "privateIPAddressVersion":
      "IPv4", "publicIPAddress": {"id": "/subscriptions/00000000-0000-0000-0000-000000000000/resourceGroups/cli_test_load_balancer_ip_config000001/providers/Microsoft.Network/publicIPAddresses/publicip3"}},
      "name": "ipconfig1"}], "backendAddressPools": [{"id": "/subscriptions/00000000-0000-0000-0000-000000000000/resourceGroups/cli_test_load_balancer_ip_config000001/providers/Microsoft.Network/loadBalancers/lb1/backendAddressPools/lb1bepool",
      "name": "lb1bepool"}], "loadBalancingRules": [], "probes": [], "inboundNatRules":
      [], "inboundNatPools": []}}'
    headers:
      Accept:
      - application/json
      Accept-Encoding:
      - gzip, deflate
      CommandName:
      - network lb frontend-ip update
      Connection:
      - keep-alive
      Content-Length:
      - '1840'
      Content-Type:
      - application/json; charset=utf-8
      ParameterSetName:
      - -g --lb-name -n --public-ip-address
      User-Agent:
      - python/3.7.4 (Linux-4.15.0-112-generic-x86_64-with-debian-buster-sid) msrest/0.6.18
        msrest_azure/0.6.4 azure-mgmt-network/11.0.0 Azure-SDK-For-Python AZURECLI/2.10.1
      accept-language:
      - en-US
    method: PUT
    uri: https://management.azure.com/subscriptions/00000000-0000-0000-0000-000000000000/resourceGroups/cli_test_load_balancer_ip_config000001/providers/Microsoft.Network/loadBalancers/lb1?api-version=2020-06-01
  response:
    body:
      string: "{\r\n  \"name\": \"lb1\",\r\n  \"id\": \"/subscriptions/00000000-0000-0000-0000-000000000000/resourceGroups/cli_test_load_balancer_ip_config000001/providers/Microsoft.Network/loadBalancers/lb1\"\
        ,\r\n  \"etag\": \"W/\\\"13adc91b-366a-4f19-90b4-cbf6436dd086\\\"\",\r\n \
        \ \"type\": \"Microsoft.Network/loadBalancers\",\r\n  \"location\": \"westus\"\
        ,\r\n  \"tags\": {},\r\n  \"properties\": {\r\n    \"provisioningState\":\
        \ \"Succeeded\",\r\n    \"resourceGuid\": \"f414cfd1-fe46-46b8-9397-07f508cf5b42\"\
        ,\r\n    \"frontendIPConfigurations\": [\r\n      {\r\n        \"name\": \"\
        LoadBalancerFrontEnd\",\r\n        \"id\": \"/subscriptions/00000000-0000-0000-0000-000000000000/resourceGroups/cli_test_load_balancer_ip_config000001/providers/Microsoft.Network/loadBalancers/lb1/frontendIPConfigurations/LoadBalancerFrontEnd\"\
        ,\r\n        \"etag\": \"W/\\\"13adc91b-366a-4f19-90b4-cbf6436dd086\\\"\"\
        ,\r\n        \"type\": \"Microsoft.Network/loadBalancers/frontendIPConfigurations\"\
        ,\r\n        \"properties\": {\r\n          \"provisioningState\": \"Succeeded\"\
        ,\r\n          \"privateIPAllocationMethod\": \"Dynamic\",\r\n          \"\
        publicIPAddress\": {\r\n            \"id\": \"/subscriptions/00000000-0000-0000-0000-000000000000/resourceGroups/cli_test_load_balancer_ip_config000001/providers/Microsoft.Network/publicIPAddresses/publicip1\"\
        \r\n          },\r\n          \"privateIPAddressVersion\": \"IPv4\"\r\n  \
        \      }\r\n      },\r\n      {\r\n        \"name\": \"ipconfig1\",\r\n  \
        \      \"id\": \"/subscriptions/00000000-0000-0000-0000-000000000000/resourceGroups/cli_test_load_balancer_ip_config000001/providers/Microsoft.Network/loadBalancers/lb1/frontendIPConfigurations/ipconfig1\"\
        ,\r\n        \"etag\": \"W/\\\"13adc91b-366a-4f19-90b4-cbf6436dd086\\\"\"\
        ,\r\n        \"type\": \"Microsoft.Network/loadBalancers/frontendIPConfigurations\"\
        ,\r\n        \"properties\": {\r\n          \"provisioningState\": \"Succeeded\"\
        ,\r\n          \"privateIPAllocationMethod\": \"Dynamic\",\r\n          \"\
        publicIPAddress\": {\r\n            \"id\": \"/subscriptions/00000000-0000-0000-0000-000000000000/resourceGroups/cli_test_load_balancer_ip_config000001/providers/Microsoft.Network/publicIPAddresses/publicip3\"\
        \r\n          },\r\n          \"privateIPAddressVersion\": \"IPv4\"\r\n  \
        \      }\r\n      }\r\n    ],\r\n    \"backendAddressPools\": [\r\n      {\r\
        \n        \"name\": \"lb1bepool\",\r\n        \"id\": \"/subscriptions/00000000-0000-0000-0000-000000000000/resourceGroups/cli_test_load_balancer_ip_config000001/providers/Microsoft.Network/loadBalancers/lb1/backendAddressPools/lb1bepool\"\
        ,\r\n        \"etag\": \"W/\\\"13adc91b-366a-4f19-90b4-cbf6436dd086\\\"\"\
        ,\r\n        \"properties\": {\r\n          \"provisioningState\": \"Succeeded\"\
        \r\n        },\r\n        \"type\": \"Microsoft.Network/loadBalancers/backendAddressPools\"\
        \r\n      }\r\n    ],\r\n    \"loadBalancingRules\": [],\r\n    \"probes\"\
        : [],\r\n    \"inboundNatRules\": [],\r\n    \"inboundNatPools\": []\r\n \
        \ },\r\n  \"sku\": {\r\n    \"name\": \"Basic\"\r\n  }\r\n}"
    headers:
      azure-asyncoperation:
      - https://management.azure.com/subscriptions/00000000-0000-0000-0000-000000000000/providers/Microsoft.Network/locations/westus/operations/83b4fec4-949c-4ddf-9dbe-1a1062e2e4e6?api-version=2020-06-01
      cache-control:
      - no-cache
      content-length:
      - '2984'
      content-type:
      - application/json; charset=utf-8
      date:
      - Thu, 20 Aug 2020 07:37:43 GMT
      expires:
      - '-1'
      pragma:
      - no-cache
      server:
      - Microsoft-HTTPAPI/2.0
      - Microsoft-HTTPAPI/2.0
      strict-transport-security:
      - max-age=31536000; includeSubDomains
      transfer-encoding:
      - chunked
      vary:
      - Accept-Encoding
      x-content-type-options:
      - nosniff
      x-ms-arm-service-request-id:
      - 4ede4fdb-a634-49d3-a517-78822100e76a
      x-ms-ratelimit-remaining-subscription-writes:
      - '1180'
    status:
      code: 200
      message: OK
- request:
    body: null
    headers:
      Accept:
      - application/json
      Accept-Encoding:
      - gzip, deflate
      CommandName:
      - network lb frontend-ip update
      Connection:
      - keep-alive
      ParameterSetName:
      - -g --lb-name -n --public-ip-address
      User-Agent:
      - python/3.7.4 (Linux-4.15.0-112-generic-x86_64-with-debian-buster-sid) msrest/0.6.18
        msrest_azure/0.6.4 azure-mgmt-network/11.0.0 Azure-SDK-For-Python AZURECLI/2.10.1
    method: GET
    uri: https://management.azure.com/subscriptions/00000000-0000-0000-0000-000000000000/providers/Microsoft.Network/locations/westus/operations/83b4fec4-949c-4ddf-9dbe-1a1062e2e4e6?api-version=2020-06-01
  response:
    body:
      string: "{\r\n  \"status\": \"Succeeded\"\r\n}"
    headers:
      cache-control:
      - no-cache
      content-length:
      - '29'
      content-type:
      - application/json; charset=utf-8
      date:
      - Thu, 20 Aug 2020 07:38:14 GMT
      expires:
      - '-1'
      pragma:
      - no-cache
      server:
      - Microsoft-HTTPAPI/2.0
      - Microsoft-HTTPAPI/2.0
      strict-transport-security:
      - max-age=31536000; includeSubDomains
      transfer-encoding:
      - chunked
      vary:
      - Accept-Encoding
      x-content-type-options:
      - nosniff
      x-ms-arm-service-request-id:
      - 5f439634-76fc-492a-98da-a33e2c5ba41f
    status:
      code: 200
      message: OK
- request:
    body: null
    headers:
      Accept:
      - application/json
      Accept-Encoding:
      - gzip, deflate
      CommandName:
      - network lb frontend-ip update
      Connection:
      - keep-alive
      ParameterSetName:
      - -g --lb-name -n --public-ip-address
      User-Agent:
      - python/3.7.4 (Linux-4.15.0-112-generic-x86_64-with-debian-buster-sid) msrest/0.6.18
        msrest_azure/0.6.4 azure-mgmt-network/11.0.0 Azure-SDK-For-Python AZURECLI/2.10.1
    method: GET
    uri: https://management.azure.com/subscriptions/00000000-0000-0000-0000-000000000000/resourceGroups/cli_test_load_balancer_ip_config000001/providers/Microsoft.Network/loadBalancers/lb1?api-version=2020-06-01
  response:
    body:
      string: "{\r\n  \"name\": \"lb1\",\r\n  \"id\": \"/subscriptions/00000000-0000-0000-0000-000000000000/resourceGroups/cli_test_load_balancer_ip_config000001/providers/Microsoft.Network/loadBalancers/lb1\"\
        ,\r\n  \"etag\": \"W/\\\"13adc91b-366a-4f19-90b4-cbf6436dd086\\\"\",\r\n \
        \ \"type\": \"Microsoft.Network/loadBalancers\",\r\n  \"location\": \"westus\"\
        ,\r\n  \"tags\": {},\r\n  \"properties\": {\r\n    \"provisioningState\":\
        \ \"Succeeded\",\r\n    \"resourceGuid\": \"f414cfd1-fe46-46b8-9397-07f508cf5b42\"\
        ,\r\n    \"frontendIPConfigurations\": [\r\n      {\r\n        \"name\": \"\
        LoadBalancerFrontEnd\",\r\n        \"id\": \"/subscriptions/00000000-0000-0000-0000-000000000000/resourceGroups/cli_test_load_balancer_ip_config000001/providers/Microsoft.Network/loadBalancers/lb1/frontendIPConfigurations/LoadBalancerFrontEnd\"\
        ,\r\n        \"etag\": \"W/\\\"13adc91b-366a-4f19-90b4-cbf6436dd086\\\"\"\
        ,\r\n        \"type\": \"Microsoft.Network/loadBalancers/frontendIPConfigurations\"\
        ,\r\n        \"properties\": {\r\n          \"provisioningState\": \"Succeeded\"\
        ,\r\n          \"privateIPAllocationMethod\": \"Dynamic\",\r\n          \"\
        publicIPAddress\": {\r\n            \"id\": \"/subscriptions/00000000-0000-0000-0000-000000000000/resourceGroups/cli_test_load_balancer_ip_config000001/providers/Microsoft.Network/publicIPAddresses/publicip1\"\
        \r\n          },\r\n          \"privateIPAddressVersion\": \"IPv4\"\r\n  \
        \      }\r\n      },\r\n      {\r\n        \"name\": \"ipconfig1\",\r\n  \
        \      \"id\": \"/subscriptions/00000000-0000-0000-0000-000000000000/resourceGroups/cli_test_load_balancer_ip_config000001/providers/Microsoft.Network/loadBalancers/lb1/frontendIPConfigurations/ipconfig1\"\
        ,\r\n        \"etag\": \"W/\\\"13adc91b-366a-4f19-90b4-cbf6436dd086\\\"\"\
        ,\r\n        \"type\": \"Microsoft.Network/loadBalancers/frontendIPConfigurations\"\
        ,\r\n        \"properties\": {\r\n          \"provisioningState\": \"Succeeded\"\
        ,\r\n          \"privateIPAllocationMethod\": \"Dynamic\",\r\n          \"\
        publicIPAddress\": {\r\n            \"id\": \"/subscriptions/00000000-0000-0000-0000-000000000000/resourceGroups/cli_test_load_balancer_ip_config000001/providers/Microsoft.Network/publicIPAddresses/publicip3\"\
        \r\n          },\r\n          \"privateIPAddressVersion\": \"IPv4\"\r\n  \
        \      }\r\n      }\r\n    ],\r\n    \"backendAddressPools\": [\r\n      {\r\
        \n        \"name\": \"lb1bepool\",\r\n        \"id\": \"/subscriptions/00000000-0000-0000-0000-000000000000/resourceGroups/cli_test_load_balancer_ip_config000001/providers/Microsoft.Network/loadBalancers/lb1/backendAddressPools/lb1bepool\"\
        ,\r\n        \"etag\": \"W/\\\"13adc91b-366a-4f19-90b4-cbf6436dd086\\\"\"\
        ,\r\n        \"properties\": {\r\n          \"provisioningState\": \"Succeeded\"\
        \r\n        },\r\n        \"type\": \"Microsoft.Network/loadBalancers/backendAddressPools\"\
        \r\n      }\r\n    ],\r\n    \"loadBalancingRules\": [],\r\n    \"probes\"\
        : [],\r\n    \"inboundNatRules\": [],\r\n    \"inboundNatPools\": []\r\n \
        \ },\r\n  \"sku\": {\r\n    \"name\": \"Basic\"\r\n  }\r\n}"
    headers:
      cache-control:
      - no-cache
      content-length:
      - '2984'
      content-type:
      - application/json; charset=utf-8
      date:
      - Thu, 20 Aug 2020 07:38:15 GMT
      etag:
      - W/"13adc91b-366a-4f19-90b4-cbf6436dd086"
      expires:
      - '-1'
      pragma:
      - no-cache
      server:
      - Microsoft-HTTPAPI/2.0
      - Microsoft-HTTPAPI/2.0
      strict-transport-security:
      - max-age=31536000; includeSubDomains
      transfer-encoding:
      - chunked
      vary:
      - Accept-Encoding
      x-content-type-options:
      - nosniff
      x-ms-arm-service-request-id:
      - 216d6536-1b4c-4a36-b3bb-251f064f5df9
    status:
      code: 200
      message: OK
- request:
    body: null
    headers:
      Accept:
      - application/json
      Accept-Encoding:
      - gzip, deflate
      CommandName:
      - network lb frontend-ip show
      Connection:
      - keep-alive
      ParameterSetName:
      - -g --lb-name -n
      User-Agent:
      - python/3.7.4 (Linux-4.15.0-112-generic-x86_64-with-debian-buster-sid) msrest/0.6.18
        msrest_azure/0.6.4 azure-mgmt-network/11.0.0 Azure-SDK-For-Python AZURECLI/2.10.1
      accept-language:
      - en-US
    method: GET
    uri: https://management.azure.com/subscriptions/00000000-0000-0000-0000-000000000000/resourceGroups/cli_test_load_balancer_ip_config000001/providers/Microsoft.Network/loadBalancers/lb1?api-version=2020-06-01
  response:
    body:
      string: "{\r\n  \"name\": \"lb1\",\r\n  \"id\": \"/subscriptions/00000000-0000-0000-0000-000000000000/resourceGroups/cli_test_load_balancer_ip_config000001/providers/Microsoft.Network/loadBalancers/lb1\"\
        ,\r\n  \"etag\": \"W/\\\"13adc91b-366a-4f19-90b4-cbf6436dd086\\\"\",\r\n \
        \ \"type\": \"Microsoft.Network/loadBalancers\",\r\n  \"location\": \"westus\"\
        ,\r\n  \"tags\": {},\r\n  \"properties\": {\r\n    \"provisioningState\":\
        \ \"Succeeded\",\r\n    \"resourceGuid\": \"f414cfd1-fe46-46b8-9397-07f508cf5b42\"\
        ,\r\n    \"frontendIPConfigurations\": [\r\n      {\r\n        \"name\": \"\
        LoadBalancerFrontEnd\",\r\n        \"id\": \"/subscriptions/00000000-0000-0000-0000-000000000000/resourceGroups/cli_test_load_balancer_ip_config000001/providers/Microsoft.Network/loadBalancers/lb1/frontendIPConfigurations/LoadBalancerFrontEnd\"\
        ,\r\n        \"etag\": \"W/\\\"13adc91b-366a-4f19-90b4-cbf6436dd086\\\"\"\
        ,\r\n        \"type\": \"Microsoft.Network/loadBalancers/frontendIPConfigurations\"\
        ,\r\n        \"properties\": {\r\n          \"provisioningState\": \"Succeeded\"\
        ,\r\n          \"privateIPAllocationMethod\": \"Dynamic\",\r\n          \"\
        publicIPAddress\": {\r\n            \"id\": \"/subscriptions/00000000-0000-0000-0000-000000000000/resourceGroups/cli_test_load_balancer_ip_config000001/providers/Microsoft.Network/publicIPAddresses/publicip1\"\
        \r\n          },\r\n          \"privateIPAddressVersion\": \"IPv4\"\r\n  \
        \      }\r\n      },\r\n      {\r\n        \"name\": \"ipconfig1\",\r\n  \
        \      \"id\": \"/subscriptions/00000000-0000-0000-0000-000000000000/resourceGroups/cli_test_load_balancer_ip_config000001/providers/Microsoft.Network/loadBalancers/lb1/frontendIPConfigurations/ipconfig1\"\
        ,\r\n        \"etag\": \"W/\\\"13adc91b-366a-4f19-90b4-cbf6436dd086\\\"\"\
        ,\r\n        \"type\": \"Microsoft.Network/loadBalancers/frontendIPConfigurations\"\
        ,\r\n        \"properties\": {\r\n          \"provisioningState\": \"Succeeded\"\
        ,\r\n          \"privateIPAllocationMethod\": \"Dynamic\",\r\n          \"\
        publicIPAddress\": {\r\n            \"id\": \"/subscriptions/00000000-0000-0000-0000-000000000000/resourceGroups/cli_test_load_balancer_ip_config000001/providers/Microsoft.Network/publicIPAddresses/publicip3\"\
        \r\n          },\r\n          \"privateIPAddressVersion\": \"IPv4\"\r\n  \
        \      }\r\n      }\r\n    ],\r\n    \"backendAddressPools\": [\r\n      {\r\
        \n        \"name\": \"lb1bepool\",\r\n        \"id\": \"/subscriptions/00000000-0000-0000-0000-000000000000/resourceGroups/cli_test_load_balancer_ip_config000001/providers/Microsoft.Network/loadBalancers/lb1/backendAddressPools/lb1bepool\"\
        ,\r\n        \"etag\": \"W/\\\"13adc91b-366a-4f19-90b4-cbf6436dd086\\\"\"\
        ,\r\n        \"properties\": {\r\n          \"provisioningState\": \"Succeeded\"\
        \r\n        },\r\n        \"type\": \"Microsoft.Network/loadBalancers/backendAddressPools\"\
        \r\n      }\r\n    ],\r\n    \"loadBalancingRules\": [],\r\n    \"probes\"\
        : [],\r\n    \"inboundNatRules\": [],\r\n    \"inboundNatPools\": []\r\n \
        \ },\r\n  \"sku\": {\r\n    \"name\": \"Basic\"\r\n  }\r\n}"
    headers:
      cache-control:
      - no-cache
      content-length:
      - '2984'
      content-type:
      - application/json; charset=utf-8
      date:
      - Thu, 20 Aug 2020 07:38:15 GMT
      etag:
      - W/"13adc91b-366a-4f19-90b4-cbf6436dd086"
      expires:
      - '-1'
      pragma:
      - no-cache
      server:
      - Microsoft-HTTPAPI/2.0
      - Microsoft-HTTPAPI/2.0
      strict-transport-security:
      - max-age=31536000; includeSubDomains
      transfer-encoding:
      - chunked
      vary:
      - Accept-Encoding
      x-content-type-options:
      - nosniff
      x-ms-arm-service-request-id:
      - c682ee4b-9609-4c66-90e4-c06c9da42d2f
    status:
      code: 200
      message: OK
- request:
    body: null
    headers:
      Accept:
      - application/json
      Accept-Encoding:
      - gzip, deflate
      CommandName:
      - network lb frontend-ip update
      Connection:
      - keep-alive
      ParameterSetName:
      - -g --lb-name -n --set
      User-Agent:
      - python/3.7.4 (Linux-4.15.0-112-generic-x86_64-with-debian-buster-sid) msrest/0.6.18
        msrest_azure/0.6.4 azure-mgmt-network/11.0.0 Azure-SDK-For-Python AZURECLI/2.10.1
      accept-language:
      - en-US
    method: GET
    uri: https://management.azure.com/subscriptions/00000000-0000-0000-0000-000000000000/resourceGroups/cli_test_load_balancer_ip_config000001/providers/Microsoft.Network/loadBalancers/lb1?api-version=2020-06-01
  response:
    body:
      string: "{\r\n  \"name\": \"lb1\",\r\n  \"id\": \"/subscriptions/00000000-0000-0000-0000-000000000000/resourceGroups/cli_test_load_balancer_ip_config000001/providers/Microsoft.Network/loadBalancers/lb1\"\
        ,\r\n  \"etag\": \"W/\\\"13adc91b-366a-4f19-90b4-cbf6436dd086\\\"\",\r\n \
        \ \"type\": \"Microsoft.Network/loadBalancers\",\r\n  \"location\": \"westus\"\
        ,\r\n  \"tags\": {},\r\n  \"properties\": {\r\n    \"provisioningState\":\
        \ \"Succeeded\",\r\n    \"resourceGuid\": \"f414cfd1-fe46-46b8-9397-07f508cf5b42\"\
        ,\r\n    \"frontendIPConfigurations\": [\r\n      {\r\n        \"name\": \"\
        LoadBalancerFrontEnd\",\r\n        \"id\": \"/subscriptions/00000000-0000-0000-0000-000000000000/resourceGroups/cli_test_load_balancer_ip_config000001/providers/Microsoft.Network/loadBalancers/lb1/frontendIPConfigurations/LoadBalancerFrontEnd\"\
        ,\r\n        \"etag\": \"W/\\\"13adc91b-366a-4f19-90b4-cbf6436dd086\\\"\"\
        ,\r\n        \"type\": \"Microsoft.Network/loadBalancers/frontendIPConfigurations\"\
        ,\r\n        \"properties\": {\r\n          \"provisioningState\": \"Succeeded\"\
        ,\r\n          \"privateIPAllocationMethod\": \"Dynamic\",\r\n          \"\
        publicIPAddress\": {\r\n            \"id\": \"/subscriptions/00000000-0000-0000-0000-000000000000/resourceGroups/cli_test_load_balancer_ip_config000001/providers/Microsoft.Network/publicIPAddresses/publicip1\"\
        \r\n          },\r\n          \"privateIPAddressVersion\": \"IPv4\"\r\n  \
        \      }\r\n      },\r\n      {\r\n        \"name\": \"ipconfig1\",\r\n  \
        \      \"id\": \"/subscriptions/00000000-0000-0000-0000-000000000000/resourceGroups/cli_test_load_balancer_ip_config000001/providers/Microsoft.Network/loadBalancers/lb1/frontendIPConfigurations/ipconfig1\"\
        ,\r\n        \"etag\": \"W/\\\"13adc91b-366a-4f19-90b4-cbf6436dd086\\\"\"\
        ,\r\n        \"type\": \"Microsoft.Network/loadBalancers/frontendIPConfigurations\"\
        ,\r\n        \"properties\": {\r\n          \"provisioningState\": \"Succeeded\"\
        ,\r\n          \"privateIPAllocationMethod\": \"Dynamic\",\r\n          \"\
        publicIPAddress\": {\r\n            \"id\": \"/subscriptions/00000000-0000-0000-0000-000000000000/resourceGroups/cli_test_load_balancer_ip_config000001/providers/Microsoft.Network/publicIPAddresses/publicip3\"\
        \r\n          },\r\n          \"privateIPAddressVersion\": \"IPv4\"\r\n  \
        \      }\r\n      }\r\n    ],\r\n    \"backendAddressPools\": [\r\n      {\r\
        \n        \"name\": \"lb1bepool\",\r\n        \"id\": \"/subscriptions/00000000-0000-0000-0000-000000000000/resourceGroups/cli_test_load_balancer_ip_config000001/providers/Microsoft.Network/loadBalancers/lb1/backendAddressPools/lb1bepool\"\
        ,\r\n        \"etag\": \"W/\\\"13adc91b-366a-4f19-90b4-cbf6436dd086\\\"\"\
        ,\r\n        \"properties\": {\r\n          \"provisioningState\": \"Succeeded\"\
        \r\n        },\r\n        \"type\": \"Microsoft.Network/loadBalancers/backendAddressPools\"\
        \r\n      }\r\n    ],\r\n    \"loadBalancingRules\": [],\r\n    \"probes\"\
        : [],\r\n    \"inboundNatRules\": [],\r\n    \"inboundNatPools\": []\r\n \
        \ },\r\n  \"sku\": {\r\n    \"name\": \"Basic\"\r\n  }\r\n}"
    headers:
      cache-control:
      - no-cache
      content-length:
      - '2984'
      content-type:
      - application/json; charset=utf-8
      date:
      - Thu, 20 Aug 2020 07:38:16 GMT
      etag:
      - W/"13adc91b-366a-4f19-90b4-cbf6436dd086"
      expires:
      - '-1'
      pragma:
      - no-cache
      server:
      - Microsoft-HTTPAPI/2.0
      - Microsoft-HTTPAPI/2.0
      strict-transport-security:
      - max-age=31536000; includeSubDomains
      transfer-encoding:
      - chunked
      vary:
      - Accept-Encoding
      x-content-type-options:
      - nosniff
      x-ms-arm-service-request-id:
      - 8c38cfda-73ec-45c6-baaf-d3601e04025e
    status:
      code: 200
      message: OK
- request:
    body: '{"id": "/subscriptions/00000000-0000-0000-0000-000000000000/resourceGroups/cli_test_load_balancer_ip_config000001/providers/Microsoft.Network/loadBalancers/lb1",
      "location": "westus", "tags": {}, "sku": {"name": "Basic"}, "properties": {"frontendIPConfigurations":
      [{"id": "/subscriptions/00000000-0000-0000-0000-000000000000/resourceGroups/cli_test_load_balancer_ip_config000001/providers/Microsoft.Network/loadBalancers/lb1/frontendIPConfigurations/LoadBalancerFrontEnd",
      "properties": {"privateIPAllocationMethod": "Dynamic", "privateIPAddressVersion":
      "IPv4", "publicIPAddress": {"id": "/subscriptions/00000000-0000-0000-0000-000000000000/resourceGroups/cli_test_load_balancer_ip_config000001/providers/Microsoft.Network/publicIPAddresses/publicip1"}},
      "name": "LoadBalancerFrontEnd"}, {"id": "/subscriptions/00000000-0000-0000-0000-000000000000/resourceGroups/cli_test_load_balancer_ip_config000001/providers/Microsoft.Network/loadBalancers/lb1/frontendIPConfigurations/ipconfig1",
      "properties": {"privateIPAllocationMethod": "dynamic", "privateIPAddressVersion":
      "IPv4", "publicIPAddress": {"id": "/subscriptions/00000000-0000-0000-0000-000000000000/resourceGroups/cli_test_load_balancer_ip_config000001/providers/Microsoft.Network/publicIPAddresses/publicip2"}},
      "name": "ipconfig1"}], "backendAddressPools": [{"id": "/subscriptions/00000000-0000-0000-0000-000000000000/resourceGroups/cli_test_load_balancer_ip_config000001/providers/Microsoft.Network/loadBalancers/lb1/backendAddressPools/lb1bepool",
      "name": "lb1bepool"}], "loadBalancingRules": [], "probes": [], "inboundNatRules":
      [], "inboundNatPools": []}}'
    headers:
      Accept:
      - application/json
      Accept-Encoding:
      - gzip, deflate
      CommandName:
      - network lb frontend-ip update
      Connection:
      - keep-alive
      Content-Length:
      - '1840'
      Content-Type:
      - application/json; charset=utf-8
      ParameterSetName:
      - -g --lb-name -n --set
      User-Agent:
      - python/3.7.4 (Linux-4.15.0-112-generic-x86_64-with-debian-buster-sid) msrest/0.6.18
        msrest_azure/0.6.4 azure-mgmt-network/11.0.0 Azure-SDK-For-Python AZURECLI/2.10.1
      accept-language:
      - en-US
    method: PUT
    uri: https://management.azure.com/subscriptions/00000000-0000-0000-0000-000000000000/resourceGroups/cli_test_load_balancer_ip_config000001/providers/Microsoft.Network/loadBalancers/lb1?api-version=2020-06-01
  response:
    body:
      string: "{\r\n  \"name\": \"lb1\",\r\n  \"id\": \"/subscriptions/00000000-0000-0000-0000-000000000000/resourceGroups/cli_test_load_balancer_ip_config000001/providers/Microsoft.Network/loadBalancers/lb1\"\
        ,\r\n  \"etag\": \"W/\\\"36181443-df0b-4f44-8be3-cdb4f07c17d1\\\"\",\r\n \
        \ \"type\": \"Microsoft.Network/loadBalancers\",\r\n  \"location\": \"westus\"\
        ,\r\n  \"tags\": {},\r\n  \"properties\": {\r\n    \"provisioningState\":\
        \ \"Succeeded\",\r\n    \"resourceGuid\": \"f414cfd1-fe46-46b8-9397-07f508cf5b42\"\
        ,\r\n    \"frontendIPConfigurations\": [\r\n      {\r\n        \"name\": \"\
        LoadBalancerFrontEnd\",\r\n        \"id\": \"/subscriptions/00000000-0000-0000-0000-000000000000/resourceGroups/cli_test_load_balancer_ip_config000001/providers/Microsoft.Network/loadBalancers/lb1/frontendIPConfigurations/LoadBalancerFrontEnd\"\
        ,\r\n        \"etag\": \"W/\\\"36181443-df0b-4f44-8be3-cdb4f07c17d1\\\"\"\
        ,\r\n        \"type\": \"Microsoft.Network/loadBalancers/frontendIPConfigurations\"\
        ,\r\n        \"properties\": {\r\n          \"provisioningState\": \"Succeeded\"\
        ,\r\n          \"privateIPAllocationMethod\": \"Dynamic\",\r\n          \"\
        publicIPAddress\": {\r\n            \"id\": \"/subscriptions/00000000-0000-0000-0000-000000000000/resourceGroups/cli_test_load_balancer_ip_config000001/providers/Microsoft.Network/publicIPAddresses/publicip1\"\
        \r\n          },\r\n          \"privateIPAddressVersion\": \"IPv4\"\r\n  \
        \      }\r\n      },\r\n      {\r\n        \"name\": \"ipconfig1\",\r\n  \
        \      \"id\": \"/subscriptions/00000000-0000-0000-0000-000000000000/resourceGroups/cli_test_load_balancer_ip_config000001/providers/Microsoft.Network/loadBalancers/lb1/frontendIPConfigurations/ipconfig1\"\
        ,\r\n        \"etag\": \"W/\\\"36181443-df0b-4f44-8be3-cdb4f07c17d1\\\"\"\
        ,\r\n        \"type\": \"Microsoft.Network/loadBalancers/frontendIPConfigurations\"\
        ,\r\n        \"properties\": {\r\n          \"provisioningState\": \"Succeeded\"\
        ,\r\n          \"privateIPAllocationMethod\": \"Dynamic\",\r\n          \"\
        publicIPAddress\": {\r\n            \"id\": \"/subscriptions/00000000-0000-0000-0000-000000000000/resourceGroups/cli_test_load_balancer_ip_config000001/providers/Microsoft.Network/publicIPAddresses/publicip2\"\
        \r\n          },\r\n          \"privateIPAddressVersion\": \"IPv4\"\r\n  \
        \      }\r\n      }\r\n    ],\r\n    \"backendAddressPools\": [\r\n      {\r\
        \n        \"name\": \"lb1bepool\",\r\n        \"id\": \"/subscriptions/00000000-0000-0000-0000-000000000000/resourceGroups/cli_test_load_balancer_ip_config000001/providers/Microsoft.Network/loadBalancers/lb1/backendAddressPools/lb1bepool\"\
        ,\r\n        \"etag\": \"W/\\\"36181443-df0b-4f44-8be3-cdb4f07c17d1\\\"\"\
        ,\r\n        \"properties\": {\r\n          \"provisioningState\": \"Succeeded\"\
        \r\n        },\r\n        \"type\": \"Microsoft.Network/loadBalancers/backendAddressPools\"\
        \r\n      }\r\n    ],\r\n    \"loadBalancingRules\": [],\r\n    \"probes\"\
        : [],\r\n    \"inboundNatRules\": [],\r\n    \"inboundNatPools\": []\r\n \
        \ },\r\n  \"sku\": {\r\n    \"name\": \"Basic\"\r\n  }\r\n}"
    headers:
      azure-asyncoperation:
      - https://management.azure.com/subscriptions/00000000-0000-0000-0000-000000000000/providers/Microsoft.Network/locations/westus/operations/0a198951-fe27-481f-ba35-b62a5a4266d8?api-version=2020-06-01
      cache-control:
      - no-cache
      content-length:
      - '2984'
      content-type:
      - application/json; charset=utf-8
      date:
      - Thu, 20 Aug 2020 07:38:17 GMT
      expires:
      - '-1'
      pragma:
      - no-cache
      server:
      - Microsoft-HTTPAPI/2.0
      - Microsoft-HTTPAPI/2.0
      strict-transport-security:
      - max-age=31536000; includeSubDomains
      transfer-encoding:
      - chunked
      vary:
      - Accept-Encoding
      x-content-type-options:
      - nosniff
      x-ms-arm-service-request-id:
      - 8d17051b-a1d3-415d-923b-8716352a482d
      x-ms-ratelimit-remaining-subscription-writes:
      - '1193'
    status:
      code: 200
      message: OK
- request:
    body: null
    headers:
      Accept:
      - application/json
      Accept-Encoding:
      - gzip, deflate
      CommandName:
      - network lb frontend-ip update
      Connection:
      - keep-alive
      ParameterSetName:
      - -g --lb-name -n --set
      User-Agent:
      - python/3.7.4 (Linux-4.15.0-112-generic-x86_64-with-debian-buster-sid) msrest/0.6.18
        msrest_azure/0.6.4 azure-mgmt-network/11.0.0 Azure-SDK-For-Python AZURECLI/2.10.1
    method: GET
    uri: https://management.azure.com/subscriptions/00000000-0000-0000-0000-000000000000/providers/Microsoft.Network/locations/westus/operations/0a198951-fe27-481f-ba35-b62a5a4266d8?api-version=2020-06-01
  response:
    body:
      string: "{\r\n  \"status\": \"Succeeded\"\r\n}"
    headers:
      cache-control:
      - no-cache
      content-length:
      - '29'
      content-type:
      - application/json; charset=utf-8
      date:
      - Thu, 20 Aug 2020 07:38:47 GMT
      expires:
      - '-1'
      pragma:
      - no-cache
      server:
      - Microsoft-HTTPAPI/2.0
      - Microsoft-HTTPAPI/2.0
      strict-transport-security:
      - max-age=31536000; includeSubDomains
      transfer-encoding:
      - chunked
      vary:
      - Accept-Encoding
      x-content-type-options:
      - nosniff
      x-ms-arm-service-request-id:
      - a613f756-2b84-4da0-bc39-87405db4413d
    status:
      code: 200
      message: OK
- request:
    body: null
    headers:
      Accept:
      - application/json
      Accept-Encoding:
      - gzip, deflate
      CommandName:
      - network lb frontend-ip update
      Connection:
      - keep-alive
      ParameterSetName:
      - -g --lb-name -n --set
      User-Agent:
      - python/3.7.4 (Linux-4.15.0-112-generic-x86_64-with-debian-buster-sid) msrest/0.6.18
        msrest_azure/0.6.4 azure-mgmt-network/11.0.0 Azure-SDK-For-Python AZURECLI/2.10.1
    method: GET
    uri: https://management.azure.com/subscriptions/00000000-0000-0000-0000-000000000000/resourceGroups/cli_test_load_balancer_ip_config000001/providers/Microsoft.Network/loadBalancers/lb1?api-version=2020-06-01
  response:
    body:
      string: "{\r\n  \"name\": \"lb1\",\r\n  \"id\": \"/subscriptions/00000000-0000-0000-0000-000000000000/resourceGroups/cli_test_load_balancer_ip_config000001/providers/Microsoft.Network/loadBalancers/lb1\"\
        ,\r\n  \"etag\": \"W/\\\"36181443-df0b-4f44-8be3-cdb4f07c17d1\\\"\",\r\n \
        \ \"type\": \"Microsoft.Network/loadBalancers\",\r\n  \"location\": \"westus\"\
        ,\r\n  \"tags\": {},\r\n  \"properties\": {\r\n    \"provisioningState\":\
        \ \"Succeeded\",\r\n    \"resourceGuid\": \"f414cfd1-fe46-46b8-9397-07f508cf5b42\"\
        ,\r\n    \"frontendIPConfigurations\": [\r\n      {\r\n        \"name\": \"\
        LoadBalancerFrontEnd\",\r\n        \"id\": \"/subscriptions/00000000-0000-0000-0000-000000000000/resourceGroups/cli_test_load_balancer_ip_config000001/providers/Microsoft.Network/loadBalancers/lb1/frontendIPConfigurations/LoadBalancerFrontEnd\"\
        ,\r\n        \"etag\": \"W/\\\"36181443-df0b-4f44-8be3-cdb4f07c17d1\\\"\"\
        ,\r\n        \"type\": \"Microsoft.Network/loadBalancers/frontendIPConfigurations\"\
        ,\r\n        \"properties\": {\r\n          \"provisioningState\": \"Succeeded\"\
        ,\r\n          \"privateIPAllocationMethod\": \"Dynamic\",\r\n          \"\
        publicIPAddress\": {\r\n            \"id\": \"/subscriptions/00000000-0000-0000-0000-000000000000/resourceGroups/cli_test_load_balancer_ip_config000001/providers/Microsoft.Network/publicIPAddresses/publicip1\"\
        \r\n          },\r\n          \"privateIPAddressVersion\": \"IPv4\"\r\n  \
        \      }\r\n      },\r\n      {\r\n        \"name\": \"ipconfig1\",\r\n  \
        \      \"id\": \"/subscriptions/00000000-0000-0000-0000-000000000000/resourceGroups/cli_test_load_balancer_ip_config000001/providers/Microsoft.Network/loadBalancers/lb1/frontendIPConfigurations/ipconfig1\"\
        ,\r\n        \"etag\": \"W/\\\"36181443-df0b-4f44-8be3-cdb4f07c17d1\\\"\"\
        ,\r\n        \"type\": \"Microsoft.Network/loadBalancers/frontendIPConfigurations\"\
        ,\r\n        \"properties\": {\r\n          \"provisioningState\": \"Succeeded\"\
        ,\r\n          \"privateIPAllocationMethod\": \"Dynamic\",\r\n          \"\
        publicIPAddress\": {\r\n            \"id\": \"/subscriptions/00000000-0000-0000-0000-000000000000/resourceGroups/cli_test_load_balancer_ip_config000001/providers/Microsoft.Network/publicIPAddresses/publicip2\"\
        \r\n          },\r\n          \"privateIPAddressVersion\": \"IPv4\"\r\n  \
        \      }\r\n      }\r\n    ],\r\n    \"backendAddressPools\": [\r\n      {\r\
        \n        \"name\": \"lb1bepool\",\r\n        \"id\": \"/subscriptions/00000000-0000-0000-0000-000000000000/resourceGroups/cli_test_load_balancer_ip_config000001/providers/Microsoft.Network/loadBalancers/lb1/backendAddressPools/lb1bepool\"\
        ,\r\n        \"etag\": \"W/\\\"36181443-df0b-4f44-8be3-cdb4f07c17d1\\\"\"\
        ,\r\n        \"properties\": {\r\n          \"provisioningState\": \"Succeeded\"\
        \r\n        },\r\n        \"type\": \"Microsoft.Network/loadBalancers/backendAddressPools\"\
        \r\n      }\r\n    ],\r\n    \"loadBalancingRules\": [],\r\n    \"probes\"\
        : [],\r\n    \"inboundNatRules\": [],\r\n    \"inboundNatPools\": []\r\n \
        \ },\r\n  \"sku\": {\r\n    \"name\": \"Basic\"\r\n  }\r\n}"
    headers:
      cache-control:
      - no-cache
      content-length:
      - '2984'
      content-type:
      - application/json; charset=utf-8
      date:
      - Thu, 20 Aug 2020 07:38:48 GMT
      etag:
      - W/"36181443-df0b-4f44-8be3-cdb4f07c17d1"
      expires:
      - '-1'
      pragma:
      - no-cache
      server:
      - Microsoft-HTTPAPI/2.0
      - Microsoft-HTTPAPI/2.0
      strict-transport-security:
      - max-age=31536000; includeSubDomains
      transfer-encoding:
      - chunked
      vary:
      - Accept-Encoding
      x-content-type-options:
      - nosniff
      x-ms-arm-service-request-id:
      - bacd07e7-c2b7-490b-8309-cb151a12606e
    status:
      code: 200
      message: OK
- request:
    body: null
    headers:
      Accept:
      - application/json
      Accept-Encoding:
      - gzip, deflate
      CommandName:
      - network lb frontend-ip delete
      Connection:
      - keep-alive
      ParameterSetName:
      - -g --lb-name -n
      User-Agent:
      - python/3.7.4 (Linux-4.15.0-112-generic-x86_64-with-debian-buster-sid) msrest/0.6.18
        msrest_azure/0.6.4 azure-mgmt-network/11.0.0 Azure-SDK-For-Python AZURECLI/2.10.1
      accept-language:
      - en-US
    method: GET
    uri: https://management.azure.com/subscriptions/00000000-0000-0000-0000-000000000000/resourceGroups/cli_test_load_balancer_ip_config000001/providers/Microsoft.Network/loadBalancers/lb1?api-version=2020-06-01
  response:
    body:
      string: "{\r\n  \"name\": \"lb1\",\r\n  \"id\": \"/subscriptions/00000000-0000-0000-0000-000000000000/resourceGroups/cli_test_load_balancer_ip_config000001/providers/Microsoft.Network/loadBalancers/lb1\"\
        ,\r\n  \"etag\": \"W/\\\"36181443-df0b-4f44-8be3-cdb4f07c17d1\\\"\",\r\n \
        \ \"type\": \"Microsoft.Network/loadBalancers\",\r\n  \"location\": \"westus\"\
        ,\r\n  \"tags\": {},\r\n  \"properties\": {\r\n    \"provisioningState\":\
        \ \"Succeeded\",\r\n    \"resourceGuid\": \"f414cfd1-fe46-46b8-9397-07f508cf5b42\"\
        ,\r\n    \"frontendIPConfigurations\": [\r\n      {\r\n        \"name\": \"\
        LoadBalancerFrontEnd\",\r\n        \"id\": \"/subscriptions/00000000-0000-0000-0000-000000000000/resourceGroups/cli_test_load_balancer_ip_config000001/providers/Microsoft.Network/loadBalancers/lb1/frontendIPConfigurations/LoadBalancerFrontEnd\"\
        ,\r\n        \"etag\": \"W/\\\"36181443-df0b-4f44-8be3-cdb4f07c17d1\\\"\"\
        ,\r\n        \"type\": \"Microsoft.Network/loadBalancers/frontendIPConfigurations\"\
        ,\r\n        \"properties\": {\r\n          \"provisioningState\": \"Succeeded\"\
        ,\r\n          \"privateIPAllocationMethod\": \"Dynamic\",\r\n          \"\
        publicIPAddress\": {\r\n            \"id\": \"/subscriptions/00000000-0000-0000-0000-000000000000/resourceGroups/cli_test_load_balancer_ip_config000001/providers/Microsoft.Network/publicIPAddresses/publicip1\"\
        \r\n          },\r\n          \"privateIPAddressVersion\": \"IPv4\"\r\n  \
        \      }\r\n      },\r\n      {\r\n        \"name\": \"ipconfig1\",\r\n  \
        \      \"id\": \"/subscriptions/00000000-0000-0000-0000-000000000000/resourceGroups/cli_test_load_balancer_ip_config000001/providers/Microsoft.Network/loadBalancers/lb1/frontendIPConfigurations/ipconfig1\"\
        ,\r\n        \"etag\": \"W/\\\"36181443-df0b-4f44-8be3-cdb4f07c17d1\\\"\"\
        ,\r\n        \"type\": \"Microsoft.Network/loadBalancers/frontendIPConfigurations\"\
        ,\r\n        \"properties\": {\r\n          \"provisioningState\": \"Succeeded\"\
        ,\r\n          \"privateIPAllocationMethod\": \"Dynamic\",\r\n          \"\
        publicIPAddress\": {\r\n            \"id\": \"/subscriptions/00000000-0000-0000-0000-000000000000/resourceGroups/cli_test_load_balancer_ip_config000001/providers/Microsoft.Network/publicIPAddresses/publicip2\"\
        \r\n          },\r\n          \"privateIPAddressVersion\": \"IPv4\"\r\n  \
        \      }\r\n      }\r\n    ],\r\n    \"backendAddressPools\": [\r\n      {\r\
        \n        \"name\": \"lb1bepool\",\r\n        \"id\": \"/subscriptions/00000000-0000-0000-0000-000000000000/resourceGroups/cli_test_load_balancer_ip_config000001/providers/Microsoft.Network/loadBalancers/lb1/backendAddressPools/lb1bepool\"\
        ,\r\n        \"etag\": \"W/\\\"36181443-df0b-4f44-8be3-cdb4f07c17d1\\\"\"\
        ,\r\n        \"properties\": {\r\n          \"provisioningState\": \"Succeeded\"\
        \r\n        },\r\n        \"type\": \"Microsoft.Network/loadBalancers/backendAddressPools\"\
        \r\n      }\r\n    ],\r\n    \"loadBalancingRules\": [],\r\n    \"probes\"\
        : [],\r\n    \"inboundNatRules\": [],\r\n    \"inboundNatPools\": []\r\n \
        \ },\r\n  \"sku\": {\r\n    \"name\": \"Basic\"\r\n  }\r\n}"
    headers:
      cache-control:
      - no-cache
      content-length:
      - '2984'
      content-type:
      - application/json; charset=utf-8
      date:
      - Thu, 20 Aug 2020 07:38:48 GMT
      etag:
      - W/"36181443-df0b-4f44-8be3-cdb4f07c17d1"
      expires:
      - '-1'
      pragma:
      - no-cache
      server:
      - Microsoft-HTTPAPI/2.0
      - Microsoft-HTTPAPI/2.0
      strict-transport-security:
      - max-age=31536000; includeSubDomains
      transfer-encoding:
      - chunked
      vary:
      - Accept-Encoding
      x-content-type-options:
      - nosniff
      x-ms-arm-service-request-id:
      - fbbc30b3-1582-4c18-8659-74a313280be1
    status:
      code: 200
      message: OK
- request:
    body: '{"id": "/subscriptions/00000000-0000-0000-0000-000000000000/resourceGroups/cli_test_load_balancer_ip_config000001/providers/Microsoft.Network/loadBalancers/lb1",
      "location": "westus", "tags": {}, "sku": {"name": "Basic"}, "properties": {"frontendIPConfigurations":
      [{"id": "/subscriptions/00000000-0000-0000-0000-000000000000/resourceGroups/cli_test_load_balancer_ip_config000001/providers/Microsoft.Network/loadBalancers/lb1/frontendIPConfigurations/LoadBalancerFrontEnd",
      "properties": {"privateIPAllocationMethod": "Dynamic", "privateIPAddressVersion":
      "IPv4", "publicIPAddress": {"id": "/subscriptions/00000000-0000-0000-0000-000000000000/resourceGroups/cli_test_load_balancer_ip_config000001/providers/Microsoft.Network/publicIPAddresses/publicip1"}},
      "name": "LoadBalancerFrontEnd"}], "backendAddressPools": [{"id": "/subscriptions/00000000-0000-0000-0000-000000000000/resourceGroups/cli_test_load_balancer_ip_config000001/providers/Microsoft.Network/loadBalancers/lb1/backendAddressPools/lb1bepool",
      "name": "lb1bepool"}], "loadBalancingRules": [], "probes": [], "inboundNatRules":
      [], "inboundNatPools": []}}'
    headers:
      Accept:
      - application/json
      Accept-Encoding:
      - gzip, deflate
      CommandName:
      - network lb frontend-ip delete
      Connection:
      - keep-alive
      Content-Length:
      - '1264'
      Content-Type:
      - application/json; charset=utf-8
      ParameterSetName:
      - -g --lb-name -n
      User-Agent:
      - python/3.7.4 (Linux-4.15.0-112-generic-x86_64-with-debian-buster-sid) msrest/0.6.18
        msrest_azure/0.6.4 azure-mgmt-network/11.0.0 Azure-SDK-For-Python AZURECLI/2.10.1
      accept-language:
      - en-US
    method: PUT
    uri: https://management.azure.com/subscriptions/00000000-0000-0000-0000-000000000000/resourceGroups/cli_test_load_balancer_ip_config000001/providers/Microsoft.Network/loadBalancers/lb1?api-version=2020-06-01
  response:
    body:
      string: "{\r\n  \"name\": \"lb1\",\r\n  \"id\": \"/subscriptions/00000000-0000-0000-0000-000000000000/resourceGroups/cli_test_load_balancer_ip_config000001/providers/Microsoft.Network/loadBalancers/lb1\"\
        ,\r\n  \"etag\": \"W/\\\"f1f64fe3-c7d8-4e49-aead-1eab3493de21\\\"\",\r\n \
        \ \"type\": \"Microsoft.Network/loadBalancers\",\r\n  \"location\": \"westus\"\
        ,\r\n  \"tags\": {},\r\n  \"properties\": {\r\n    \"provisioningState\":\
        \ \"Succeeded\",\r\n    \"resourceGuid\": \"f414cfd1-fe46-46b8-9397-07f508cf5b42\"\
        ,\r\n    \"frontendIPConfigurations\": [\r\n      {\r\n        \"name\": \"\
        LoadBalancerFrontEnd\",\r\n        \"id\": \"/subscriptions/00000000-0000-0000-0000-000000000000/resourceGroups/cli_test_load_balancer_ip_config000001/providers/Microsoft.Network/loadBalancers/lb1/frontendIPConfigurations/LoadBalancerFrontEnd\"\
        ,\r\n        \"etag\": \"W/\\\"f1f64fe3-c7d8-4e49-aead-1eab3493de21\\\"\"\
        ,\r\n        \"type\": \"Microsoft.Network/loadBalancers/frontendIPConfigurations\"\
        ,\r\n        \"properties\": {\r\n          \"provisioningState\": \"Succeeded\"\
        ,\r\n          \"privateIPAllocationMethod\": \"Dynamic\",\r\n          \"\
        publicIPAddress\": {\r\n            \"id\": \"/subscriptions/00000000-0000-0000-0000-000000000000/resourceGroups/cli_test_load_balancer_ip_config000001/providers/Microsoft.Network/publicIPAddresses/publicip1\"\
        \r\n          },\r\n          \"privateIPAddressVersion\": \"IPv4\"\r\n  \
        \      }\r\n      }\r\n    ],\r\n    \"backendAddressPools\": [\r\n      {\r\
        \n        \"name\": \"lb1bepool\",\r\n        \"id\": \"/subscriptions/00000000-0000-0000-0000-000000000000/resourceGroups/cli_test_load_balancer_ip_config000001/providers/Microsoft.Network/loadBalancers/lb1/backendAddressPools/lb1bepool\"\
        ,\r\n        \"etag\": \"W/\\\"f1f64fe3-c7d8-4e49-aead-1eab3493de21\\\"\"\
        ,\r\n        \"properties\": {\r\n          \"provisioningState\": \"Succeeded\"\
        \r\n        },\r\n        \"type\": \"Microsoft.Network/loadBalancers/backendAddressPools\"\
        \r\n      }\r\n    ],\r\n    \"loadBalancingRules\": [],\r\n    \"probes\"\
        : [],\r\n    \"inboundNatRules\": [],\r\n    \"inboundNatPools\": []\r\n \
        \ },\r\n  \"sku\": {\r\n    \"name\": \"Basic\"\r\n  }\r\n}"
    headers:
      azure-asyncoperation:
      - https://management.azure.com/subscriptions/00000000-0000-0000-0000-000000000000/providers/Microsoft.Network/locations/westus/operations/760e1d34-104b-491f-a1fb-7a2fd6c430fa?api-version=2020-06-01
      cache-control:
      - no-cache
      content-length:
      - '2110'
      content-type:
      - application/json; charset=utf-8
      date:
      - Thu, 20 Aug 2020 07:38:49 GMT
      expires:
      - '-1'
      pragma:
      - no-cache
      server:
      - Microsoft-HTTPAPI/2.0
      - Microsoft-HTTPAPI/2.0
      strict-transport-security:
      - max-age=31536000; includeSubDomains
      transfer-encoding:
      - chunked
      vary:
      - Accept-Encoding
      x-content-type-options:
      - nosniff
      x-ms-arm-service-request-id:
      - d379ce43-ed66-4256-a6e5-de75566ed178
      x-ms-ratelimit-remaining-subscription-writes:
      - '1162'
    status:
      code: 200
      message: OK
- request:
    body: null
    headers:
      Accept:
      - application/json
      Accept-Encoding:
      - gzip, deflate
      CommandName:
      - network lb frontend-ip delete
      Connection:
      - keep-alive
      ParameterSetName:
      - -g --lb-name -n
      User-Agent:
      - python/3.7.4 (Linux-4.15.0-112-generic-x86_64-with-debian-buster-sid) msrest/0.6.18
        msrest_azure/0.6.4 azure-mgmt-network/11.0.0 Azure-SDK-For-Python AZURECLI/2.10.1
    method: GET
    uri: https://management.azure.com/subscriptions/00000000-0000-0000-0000-000000000000/providers/Microsoft.Network/locations/westus/operations/760e1d34-104b-491f-a1fb-7a2fd6c430fa?api-version=2020-06-01
  response:
    body:
      string: "{\r\n  \"status\": \"Succeeded\"\r\n}"
    headers:
      cache-control:
      - no-cache
      content-length:
      - '29'
      content-type:
      - application/json; charset=utf-8
      date:
      - Thu, 20 Aug 2020 07:39:20 GMT
      expires:
      - '-1'
      pragma:
      - no-cache
      server:
      - Microsoft-HTTPAPI/2.0
      - Microsoft-HTTPAPI/2.0
      strict-transport-security:
      - max-age=31536000; includeSubDomains
      transfer-encoding:
      - chunked
      vary:
      - Accept-Encoding
      x-content-type-options:
      - nosniff
      x-ms-arm-service-request-id:
      - d7d569ac-5a25-4638-aace-fd34964cda5a
    status:
      code: 200
      message: OK
- request:
    body: null
    headers:
      Accept:
      - application/json
      Accept-Encoding:
      - gzip, deflate
      CommandName:
      - network lb frontend-ip delete
      Connection:
      - keep-alive
      ParameterSetName:
      - -g --lb-name -n
      User-Agent:
      - python/3.7.4 (Linux-4.15.0-112-generic-x86_64-with-debian-buster-sid) msrest/0.6.18
        msrest_azure/0.6.4 azure-mgmt-network/11.0.0 Azure-SDK-For-Python AZURECLI/2.10.1
    method: GET
    uri: https://management.azure.com/subscriptions/00000000-0000-0000-0000-000000000000/resourceGroups/cli_test_load_balancer_ip_config000001/providers/Microsoft.Network/loadBalancers/lb1?api-version=2020-06-01
  response:
    body:
      string: "{\r\n  \"name\": \"lb1\",\r\n  \"id\": \"/subscriptions/00000000-0000-0000-0000-000000000000/resourceGroups/cli_test_load_balancer_ip_config000001/providers/Microsoft.Network/loadBalancers/lb1\"\
        ,\r\n  \"etag\": \"W/\\\"f1f64fe3-c7d8-4e49-aead-1eab3493de21\\\"\",\r\n \
        \ \"type\": \"Microsoft.Network/loadBalancers\",\r\n  \"location\": \"westus\"\
        ,\r\n  \"tags\": {},\r\n  \"properties\": {\r\n    \"provisioningState\":\
        \ \"Succeeded\",\r\n    \"resourceGuid\": \"f414cfd1-fe46-46b8-9397-07f508cf5b42\"\
        ,\r\n    \"frontendIPConfigurations\": [\r\n      {\r\n        \"name\": \"\
        LoadBalancerFrontEnd\",\r\n        \"id\": \"/subscriptions/00000000-0000-0000-0000-000000000000/resourceGroups/cli_test_load_balancer_ip_config000001/providers/Microsoft.Network/loadBalancers/lb1/frontendIPConfigurations/LoadBalancerFrontEnd\"\
        ,\r\n        \"etag\": \"W/\\\"f1f64fe3-c7d8-4e49-aead-1eab3493de21\\\"\"\
        ,\r\n        \"type\": \"Microsoft.Network/loadBalancers/frontendIPConfigurations\"\
        ,\r\n        \"properties\": {\r\n          \"provisioningState\": \"Succeeded\"\
        ,\r\n          \"privateIPAllocationMethod\": \"Dynamic\",\r\n          \"\
        publicIPAddress\": {\r\n            \"id\": \"/subscriptions/00000000-0000-0000-0000-000000000000/resourceGroups/cli_test_load_balancer_ip_config000001/providers/Microsoft.Network/publicIPAddresses/publicip1\"\
        \r\n          },\r\n          \"privateIPAddressVersion\": \"IPv4\"\r\n  \
        \      }\r\n      }\r\n    ],\r\n    \"backendAddressPools\": [\r\n      {\r\
        \n        \"name\": \"lb1bepool\",\r\n        \"id\": \"/subscriptions/00000000-0000-0000-0000-000000000000/resourceGroups/cli_test_load_balancer_ip_config000001/providers/Microsoft.Network/loadBalancers/lb1/backendAddressPools/lb1bepool\"\
        ,\r\n        \"etag\": \"W/\\\"f1f64fe3-c7d8-4e49-aead-1eab3493de21\\\"\"\
        ,\r\n        \"properties\": {\r\n          \"provisioningState\": \"Succeeded\"\
        \r\n        },\r\n        \"type\": \"Microsoft.Network/loadBalancers/backendAddressPools\"\
        \r\n      }\r\n    ],\r\n    \"loadBalancingRules\": [],\r\n    \"probes\"\
        : [],\r\n    \"inboundNatRules\": [],\r\n    \"inboundNatPools\": []\r\n \
        \ },\r\n  \"sku\": {\r\n    \"name\": \"Basic\"\r\n  }\r\n}"
    headers:
      cache-control:
      - no-cache
      content-length:
      - '2110'
      content-type:
      - application/json; charset=utf-8
      date:
      - Thu, 20 Aug 2020 07:39:20 GMT
      etag:
      - W/"f1f64fe3-c7d8-4e49-aead-1eab3493de21"
      expires:
      - '-1'
      pragma:
      - no-cache
      server:
      - Microsoft-HTTPAPI/2.0
      - Microsoft-HTTPAPI/2.0
      strict-transport-security:
      - max-age=31536000; includeSubDomains
      transfer-encoding:
      - chunked
      vary:
      - Accept-Encoding
      x-content-type-options:
      - nosniff
      x-ms-arm-service-request-id:
      - 0e62c6b1-0036-49a5-be99-e38e14073a62
    status:
      code: 200
      message: OK
- request:
    body: null
    headers:
      Accept:
      - application/json
      Accept-Encoding:
      - gzip, deflate
      CommandName:
      - network lb frontend-ip list
      Connection:
      - keep-alive
      ParameterSetName:
      - -g --lb-name
      User-Agent:
      - python/3.7.4 (Linux-4.15.0-112-generic-x86_64-with-debian-buster-sid) msrest/0.6.18
        msrest_azure/0.6.4 azure-mgmt-network/11.0.0 Azure-SDK-For-Python AZURECLI/2.10.1
      accept-language:
      - en-US
    method: GET
    uri: https://management.azure.com/subscriptions/00000000-0000-0000-0000-000000000000/resourceGroups/cli_test_load_balancer_ip_config000001/providers/Microsoft.Network/loadBalancers/lb1?api-version=2020-06-01
  response:
    body:
      string: "{\r\n  \"name\": \"lb1\",\r\n  \"id\": \"/subscriptions/00000000-0000-0000-0000-000000000000/resourceGroups/cli_test_load_balancer_ip_config000001/providers/Microsoft.Network/loadBalancers/lb1\"\
        ,\r\n  \"etag\": \"W/\\\"f1f64fe3-c7d8-4e49-aead-1eab3493de21\\\"\",\r\n \
        \ \"type\": \"Microsoft.Network/loadBalancers\",\r\n  \"location\": \"westus\"\
        ,\r\n  \"tags\": {},\r\n  \"properties\": {\r\n    \"provisioningState\":\
        \ \"Succeeded\",\r\n    \"resourceGuid\": \"f414cfd1-fe46-46b8-9397-07f508cf5b42\"\
        ,\r\n    \"frontendIPConfigurations\": [\r\n      {\r\n        \"name\": \"\
        LoadBalancerFrontEnd\",\r\n        \"id\": \"/subscriptions/00000000-0000-0000-0000-000000000000/resourceGroups/cli_test_load_balancer_ip_config000001/providers/Microsoft.Network/loadBalancers/lb1/frontendIPConfigurations/LoadBalancerFrontEnd\"\
        ,\r\n        \"etag\": \"W/\\\"f1f64fe3-c7d8-4e49-aead-1eab3493de21\\\"\"\
        ,\r\n        \"type\": \"Microsoft.Network/loadBalancers/frontendIPConfigurations\"\
        ,\r\n        \"properties\": {\r\n          \"provisioningState\": \"Succeeded\"\
        ,\r\n          \"privateIPAllocationMethod\": \"Dynamic\",\r\n          \"\
        publicIPAddress\": {\r\n            \"id\": \"/subscriptions/00000000-0000-0000-0000-000000000000/resourceGroups/cli_test_load_balancer_ip_config000001/providers/Microsoft.Network/publicIPAddresses/publicip1\"\
        \r\n          },\r\n          \"privateIPAddressVersion\": \"IPv4\"\r\n  \
        \      }\r\n      }\r\n    ],\r\n    \"backendAddressPools\": [\r\n      {\r\
        \n        \"name\": \"lb1bepool\",\r\n        \"id\": \"/subscriptions/00000000-0000-0000-0000-000000000000/resourceGroups/cli_test_load_balancer_ip_config000001/providers/Microsoft.Network/loadBalancers/lb1/backendAddressPools/lb1bepool\"\
        ,\r\n        \"etag\": \"W/\\\"f1f64fe3-c7d8-4e49-aead-1eab3493de21\\\"\"\
        ,\r\n        \"properties\": {\r\n          \"provisioningState\": \"Succeeded\"\
        \r\n        },\r\n        \"type\": \"Microsoft.Network/loadBalancers/backendAddressPools\"\
        \r\n      }\r\n    ],\r\n    \"loadBalancingRules\": [],\r\n    \"probes\"\
        : [],\r\n    \"inboundNatRules\": [],\r\n    \"inboundNatPools\": []\r\n \
        \ },\r\n  \"sku\": {\r\n    \"name\": \"Basic\"\r\n  }\r\n}"
    headers:
      cache-control:
      - no-cache
      content-length:
      - '2110'
      content-type:
      - application/json; charset=utf-8
      date:
      - Thu, 20 Aug 2020 07:39:21 GMT
      etag:
      - W/"f1f64fe3-c7d8-4e49-aead-1eab3493de21"
      expires:
      - '-1'
      pragma:
      - no-cache
      server:
      - Microsoft-HTTPAPI/2.0
      - Microsoft-HTTPAPI/2.0
      strict-transport-security:
      - max-age=31536000; includeSubDomains
      transfer-encoding:
      - chunked
      vary:
      - Accept-Encoding
      x-content-type-options:
      - nosniff
      x-ms-arm-service-request-id:
      - c6d0fac2-cee0-471a-844b-5e6c4c451127
    status:
      code: 200
      message: OK
- request:
    body: null
    headers:
      Accept:
      - application/json
      Accept-Encoding:
      - gzip, deflate
      CommandName:
      - network lb frontend-ip create
      Connection:
      - keep-alive
      ParameterSetName:
      - -g --lb-name -n --vnet-name --subnet --private-ip-address
      User-Agent:
      - python/3.7.4 (Linux-4.15.0-112-generic-x86_64-with-debian-buster-sid) msrest/0.6.18
        msrest_azure/0.6.4 azure-mgmt-network/11.0.0 Azure-SDK-For-Python AZURECLI/2.10.1
      accept-language:
      - en-US
    method: GET
    uri: https://management.azure.com/subscriptions/00000000-0000-0000-0000-000000000000/resourceGroups/cli_test_load_balancer_ip_config000001/providers/Microsoft.Network/loadBalancers/lb2?api-version=2020-06-01
  response:
    body:
      string: "{\r\n  \"name\": \"lb2\",\r\n  \"id\": \"/subscriptions/00000000-0000-0000-0000-000000000000/resourceGroups/cli_test_load_balancer_ip_config000001/providers/Microsoft.Network/loadBalancers/lb2\"\
        ,\r\n  \"etag\": \"W/\\\"6d3de46e-8db5-4822-9523-4822c31aab05\\\"\",\r\n \
        \ \"type\": \"Microsoft.Network/loadBalancers\",\r\n  \"location\": \"westus\"\
        ,\r\n  \"tags\": {},\r\n  \"properties\": {\r\n    \"provisioningState\":\
        \ \"Succeeded\",\r\n    \"resourceGuid\": \"95885904-6d03-4eae-8a87-56b8703206f2\"\
        ,\r\n    \"frontendIPConfigurations\": [\r\n      {\r\n        \"name\": \"\
        LoadBalancerFrontEnd\",\r\n        \"id\": \"/subscriptions/00000000-0000-0000-0000-000000000000/resourceGroups/cli_test_load_balancer_ip_config000001/providers/Microsoft.Network/loadBalancers/lb2/frontendIPConfigurations/LoadBalancerFrontEnd\"\
        ,\r\n        \"etag\": \"W/\\\"6d3de46e-8db5-4822-9523-4822c31aab05\\\"\"\
        ,\r\n        \"type\": \"Microsoft.Network/loadBalancers/frontendIPConfigurations\"\
        ,\r\n        \"properties\": {\r\n          \"provisioningState\": \"Succeeded\"\
        ,\r\n          \"privateIPAddress\": \"10.0.0.4\",\r\n          \"privateIPAllocationMethod\"\
        : \"Dynamic\",\r\n          \"subnet\": {\r\n            \"id\": \"/subscriptions/00000000-0000-0000-0000-000000000000/resourceGroups/cli_test_load_balancer_ip_config000001/providers/Microsoft.Network/virtualNetworks/vnet1/subnets/subnet1\"\
        \r\n          },\r\n          \"privateIPAddressVersion\": \"IPv4\"\r\n  \
        \      }\r\n      }\r\n    ],\r\n    \"backendAddressPools\": [\r\n      {\r\
        \n        \"name\": \"lb2bepool\",\r\n        \"id\": \"/subscriptions/00000000-0000-0000-0000-000000000000/resourceGroups/cli_test_load_balancer_ip_config000001/providers/Microsoft.Network/loadBalancers/lb2/backendAddressPools/lb2bepool\"\
        ,\r\n        \"etag\": \"W/\\\"6d3de46e-8db5-4822-9523-4822c31aab05\\\"\"\
        ,\r\n        \"properties\": {\r\n          \"provisioningState\": \"Succeeded\"\
        \r\n        },\r\n        \"type\": \"Microsoft.Network/loadBalancers/backendAddressPools\"\
        \r\n      }\r\n    ],\r\n    \"loadBalancingRules\": [],\r\n    \"probes\"\
        : [],\r\n    \"inboundNatRules\": [],\r\n    \"inboundNatPools\": []\r\n \
        \ },\r\n  \"sku\": {\r\n    \"name\": \"Basic\"\r\n  }\r\n}"
    headers:
      cache-control:
      - no-cache
      content-length:
      - '2154'
      content-type:
      - application/json; charset=utf-8
      date:
      - Thu, 20 Aug 2020 07:39:22 GMT
      etag:
      - W/"6d3de46e-8db5-4822-9523-4822c31aab05"
      expires:
      - '-1'
      pragma:
      - no-cache
      server:
      - Microsoft-HTTPAPI/2.0
      - Microsoft-HTTPAPI/2.0
      strict-transport-security:
      - max-age=31536000; includeSubDomains
      transfer-encoding:
      - chunked
      vary:
      - Accept-Encoding
      x-content-type-options:
      - nosniff
      x-ms-arm-service-request-id:
      - 7142928b-aea0-420b-9cbe-edeb7c3f16cf
    status:
      code: 200
      message: OK
- request:
    body: '{"id": "/subscriptions/00000000-0000-0000-0000-000000000000/resourceGroups/cli_test_load_balancer_ip_config000001/providers/Microsoft.Network/loadBalancers/lb2",
      "location": "westus", "tags": {}, "sku": {"name": "Basic"}, "properties": {"frontendIPConfigurations":
      [{"id": "/subscriptions/00000000-0000-0000-0000-000000000000/resourceGroups/cli_test_load_balancer_ip_config000001/providers/Microsoft.Network/loadBalancers/lb2/frontendIPConfigurations/LoadBalancerFrontEnd",
      "properties": {"privateIPAddress": "10.0.0.4", "privateIPAllocationMethod":
      "Dynamic", "privateIPAddressVersion": "IPv4", "subnet": {"id": "/subscriptions/00000000-0000-0000-0000-000000000000/resourceGroups/cli_test_load_balancer_ip_config000001/providers/Microsoft.Network/virtualNetworks/vnet1/subnets/subnet1"}},
      "name": "LoadBalancerFrontEnd"}, {"properties": {"privateIPAddress": "10.0.0.99",
      "privateIPAllocationMethod": "static", "privateIPAddressVersion": "IPv4", "subnet":
      {"id": "/subscriptions/00000000-0000-0000-0000-000000000000/resourceGroups/cli_test_load_balancer_ip_config000001/providers/Microsoft.Network/virtualNetworks/vnet1/subnets/subnet1"}},
      "name": "ipconfig2"}], "backendAddressPools": [{"id": "/subscriptions/00000000-0000-0000-0000-000000000000/resourceGroups/cli_test_load_balancer_ip_config000001/providers/Microsoft.Network/loadBalancers/lb2/backendAddressPools/lb2bepool",
      "name": "lb2bepool"}], "loadBalancingRules": [], "probes": [], "inboundNatRules":
      [], "inboundNatPools": []}}'
    headers:
      Accept:
      - application/json
      Accept-Encoding:
      - gzip, deflate
      CommandName:
      - network lb frontend-ip create
      Connection:
      - keep-alive
      Content-Length:
      - '1673'
      Content-Type:
      - application/json; charset=utf-8
      ParameterSetName:
      - -g --lb-name -n --vnet-name --subnet --private-ip-address
      User-Agent:
      - python/3.7.4 (Linux-4.15.0-112-generic-x86_64-with-debian-buster-sid) msrest/0.6.18
        msrest_azure/0.6.4 azure-mgmt-network/11.0.0 Azure-SDK-For-Python AZURECLI/2.10.1
      accept-language:
      - en-US
    method: PUT
    uri: https://management.azure.com/subscriptions/00000000-0000-0000-0000-000000000000/resourceGroups/cli_test_load_balancer_ip_config000001/providers/Microsoft.Network/loadBalancers/lb2?api-version=2020-06-01
  response:
    body:
      string: "{\r\n  \"name\": \"lb2\",\r\n  \"id\": \"/subscriptions/00000000-0000-0000-0000-000000000000/resourceGroups/cli_test_load_balancer_ip_config000001/providers/Microsoft.Network/loadBalancers/lb2\"\
        ,\r\n  \"etag\": \"W/\\\"c284553c-6589-4994-9ec0-1577f6681052\\\"\",\r\n \
        \ \"type\": \"Microsoft.Network/loadBalancers\",\r\n  \"location\": \"westus\"\
        ,\r\n  \"tags\": {},\r\n  \"properties\": {\r\n    \"provisioningState\":\
        \ \"Succeeded\",\r\n    \"resourceGuid\": \"95885904-6d03-4eae-8a87-56b8703206f2\"\
        ,\r\n    \"frontendIPConfigurations\": [\r\n      {\r\n        \"name\": \"\
        LoadBalancerFrontEnd\",\r\n        \"id\": \"/subscriptions/00000000-0000-0000-0000-000000000000/resourceGroups/cli_test_load_balancer_ip_config000001/providers/Microsoft.Network/loadBalancers/lb2/frontendIPConfigurations/LoadBalancerFrontEnd\"\
        ,\r\n        \"etag\": \"W/\\\"c284553c-6589-4994-9ec0-1577f6681052\\\"\"\
        ,\r\n        \"type\": \"Microsoft.Network/loadBalancers/frontendIPConfigurations\"\
        ,\r\n        \"properties\": {\r\n          \"provisioningState\": \"Succeeded\"\
        ,\r\n          \"privateIPAddress\": \"10.0.0.4\",\r\n          \"privateIPAllocationMethod\"\
        : \"Dynamic\",\r\n          \"subnet\": {\r\n            \"id\": \"/subscriptions/00000000-0000-0000-0000-000000000000/resourceGroups/cli_test_load_balancer_ip_config000001/providers/Microsoft.Network/virtualNetworks/vnet1/subnets/subnet1\"\
        \r\n          },\r\n          \"privateIPAddressVersion\": \"IPv4\"\r\n  \
        \      }\r\n      },\r\n      {\r\n        \"name\": \"ipconfig2\",\r\n  \
        \      \"id\": \"/subscriptions/00000000-0000-0000-0000-000000000000/resourceGroups/cli_test_load_balancer_ip_config000001/providers/Microsoft.Network/loadBalancers/lb2/frontendIPConfigurations/ipconfig2\"\
        ,\r\n        \"etag\": \"W/\\\"c284553c-6589-4994-9ec0-1577f6681052\\\"\"\
        ,\r\n        \"type\": \"Microsoft.Network/loadBalancers/frontendIPConfigurations\"\
        ,\r\n        \"properties\": {\r\n          \"provisioningState\": \"Succeeded\"\
        ,\r\n          \"privateIPAddress\": \"10.0.0.99\",\r\n          \"privateIPAllocationMethod\"\
        : \"Static\",\r\n          \"subnet\": {\r\n            \"id\": \"/subscriptions/00000000-0000-0000-0000-000000000000/resourceGroups/cli_test_load_balancer_ip_config000001/providers/Microsoft.Network/virtualNetworks/vnet1/subnets/subnet1\"\
        \r\n          },\r\n          \"privateIPAddressVersion\": \"IPv4\"\r\n  \
        \      }\r\n      }\r\n    ],\r\n    \"backendAddressPools\": [\r\n      {\r\
        \n        \"name\": \"lb2bepool\",\r\n        \"id\": \"/subscriptions/00000000-0000-0000-0000-000000000000/resourceGroups/cli_test_load_balancer_ip_config000001/providers/Microsoft.Network/loadBalancers/lb2/backendAddressPools/lb2bepool\"\
        ,\r\n        \"etag\": \"W/\\\"c284553c-6589-4994-9ec0-1577f6681052\\\"\"\
        ,\r\n        \"properties\": {\r\n          \"provisioningState\": \"Succeeded\"\
        \r\n        },\r\n        \"type\": \"Microsoft.Network/loadBalancers/backendAddressPools\"\
        \r\n      }\r\n    ],\r\n    \"loadBalancingRules\": [],\r\n    \"probes\"\
        : [],\r\n    \"inboundNatRules\": [],\r\n    \"inboundNatPools\": []\r\n \
        \ },\r\n  \"sku\": {\r\n    \"name\": \"Basic\"\r\n  }\r\n}"
    headers:
      azure-asyncoperation:
      - https://management.azure.com/subscriptions/00000000-0000-0000-0000-000000000000/providers/Microsoft.Network/locations/westus/operations/866acf2a-bc82-4623-93e3-bf6e53630bf9?api-version=2020-06-01
      cache-control:
      - no-cache
      content-length:
      - '3072'
      content-type:
      - application/json; charset=utf-8
      date:
      - Thu, 20 Aug 2020 07:39:22 GMT
      expires:
      - '-1'
      pragma:
      - no-cache
      server:
      - Microsoft-HTTPAPI/2.0
      - Microsoft-HTTPAPI/2.0
      strict-transport-security:
      - max-age=31536000; includeSubDomains
      transfer-encoding:
      - chunked
      vary:
      - Accept-Encoding
      x-content-type-options:
      - nosniff
      x-ms-arm-service-request-id:
      - 4db2fac0-2474-4113-9083-a8c94df0513c
      x-ms-ratelimit-remaining-subscription-writes:
      - '1161'
    status:
      code: 200
      message: OK
- request:
    body: null
    headers:
      Accept:
      - application/json
      Accept-Encoding:
      - gzip, deflate
      CommandName:
      - network lb frontend-ip create
      Connection:
      - keep-alive
      ParameterSetName:
      - -g --lb-name -n --vnet-name --subnet --private-ip-address
      User-Agent:
      - python/3.7.4 (Linux-4.15.0-112-generic-x86_64-with-debian-buster-sid) msrest/0.6.18
        msrest_azure/0.6.4 azure-mgmt-network/11.0.0 Azure-SDK-For-Python AZURECLI/2.10.1
    method: GET
    uri: https://management.azure.com/subscriptions/00000000-0000-0000-0000-000000000000/providers/Microsoft.Network/locations/westus/operations/866acf2a-bc82-4623-93e3-bf6e53630bf9?api-version=2020-06-01
  response:
    body:
      string: "{\r\n  \"status\": \"Succeeded\"\r\n}"
    headers:
      cache-control:
      - no-cache
      content-length:
      - '29'
      content-type:
      - application/json; charset=utf-8
      date:
      - Thu, 20 Aug 2020 07:39:54 GMT
      expires:
      - '-1'
      pragma:
      - no-cache
      server:
      - Microsoft-HTTPAPI/2.0
      - Microsoft-HTTPAPI/2.0
      strict-transport-security:
      - max-age=31536000; includeSubDomains
      transfer-encoding:
      - chunked
      vary:
      - Accept-Encoding
      x-content-type-options:
      - nosniff
      x-ms-arm-service-request-id:
      - df1e2f24-27d2-4e46-9b95-47c251791d2c
    status:
      code: 200
      message: OK
- request:
    body: null
    headers:
      Accept:
      - application/json
      Accept-Encoding:
      - gzip, deflate
      CommandName:
      - network lb frontend-ip create
      Connection:
      - keep-alive
      ParameterSetName:
      - -g --lb-name -n --vnet-name --subnet --private-ip-address
      User-Agent:
      - python/3.7.4 (Linux-4.15.0-112-generic-x86_64-with-debian-buster-sid) msrest/0.6.18
        msrest_azure/0.6.4 azure-mgmt-network/11.0.0 Azure-SDK-For-Python AZURECLI/2.10.1
    method: GET
    uri: https://management.azure.com/subscriptions/00000000-0000-0000-0000-000000000000/resourceGroups/cli_test_load_balancer_ip_config000001/providers/Microsoft.Network/loadBalancers/lb2?api-version=2020-06-01
  response:
    body:
      string: "{\r\n  \"name\": \"lb2\",\r\n  \"id\": \"/subscriptions/00000000-0000-0000-0000-000000000000/resourceGroups/cli_test_load_balancer_ip_config000001/providers/Microsoft.Network/loadBalancers/lb2\"\
        ,\r\n  \"etag\": \"W/\\\"c284553c-6589-4994-9ec0-1577f6681052\\\"\",\r\n \
        \ \"type\": \"Microsoft.Network/loadBalancers\",\r\n  \"location\": \"westus\"\
        ,\r\n  \"tags\": {},\r\n  \"properties\": {\r\n    \"provisioningState\":\
        \ \"Succeeded\",\r\n    \"resourceGuid\": \"95885904-6d03-4eae-8a87-56b8703206f2\"\
        ,\r\n    \"frontendIPConfigurations\": [\r\n      {\r\n        \"name\": \"\
        LoadBalancerFrontEnd\",\r\n        \"id\": \"/subscriptions/00000000-0000-0000-0000-000000000000/resourceGroups/cli_test_load_balancer_ip_config000001/providers/Microsoft.Network/loadBalancers/lb2/frontendIPConfigurations/LoadBalancerFrontEnd\"\
        ,\r\n        \"etag\": \"W/\\\"c284553c-6589-4994-9ec0-1577f6681052\\\"\"\
        ,\r\n        \"type\": \"Microsoft.Network/loadBalancers/frontendIPConfigurations\"\
        ,\r\n        \"properties\": {\r\n          \"provisioningState\": \"Succeeded\"\
        ,\r\n          \"privateIPAddress\": \"10.0.0.4\",\r\n          \"privateIPAllocationMethod\"\
        : \"Dynamic\",\r\n          \"subnet\": {\r\n            \"id\": \"/subscriptions/00000000-0000-0000-0000-000000000000/resourceGroups/cli_test_load_balancer_ip_config000001/providers/Microsoft.Network/virtualNetworks/vnet1/subnets/subnet1\"\
        \r\n          },\r\n          \"privateIPAddressVersion\": \"IPv4\"\r\n  \
        \      }\r\n      },\r\n      {\r\n        \"name\": \"ipconfig2\",\r\n  \
        \      \"id\": \"/subscriptions/00000000-0000-0000-0000-000000000000/resourceGroups/cli_test_load_balancer_ip_config000001/providers/Microsoft.Network/loadBalancers/lb2/frontendIPConfigurations/ipconfig2\"\
        ,\r\n        \"etag\": \"W/\\\"c284553c-6589-4994-9ec0-1577f6681052\\\"\"\
        ,\r\n        \"type\": \"Microsoft.Network/loadBalancers/frontendIPConfigurations\"\
        ,\r\n        \"properties\": {\r\n          \"provisioningState\": \"Succeeded\"\
        ,\r\n          \"privateIPAddress\": \"10.0.0.99\",\r\n          \"privateIPAllocationMethod\"\
        : \"Static\",\r\n          \"subnet\": {\r\n            \"id\": \"/subscriptions/00000000-0000-0000-0000-000000000000/resourceGroups/cli_test_load_balancer_ip_config000001/providers/Microsoft.Network/virtualNetworks/vnet1/subnets/subnet1\"\
        \r\n          },\r\n          \"privateIPAddressVersion\": \"IPv4\"\r\n  \
        \      }\r\n      }\r\n    ],\r\n    \"backendAddressPools\": [\r\n      {\r\
        \n        \"name\": \"lb2bepool\",\r\n        \"id\": \"/subscriptions/00000000-0000-0000-0000-000000000000/resourceGroups/cli_test_load_balancer_ip_config000001/providers/Microsoft.Network/loadBalancers/lb2/backendAddressPools/lb2bepool\"\
        ,\r\n        \"etag\": \"W/\\\"c284553c-6589-4994-9ec0-1577f6681052\\\"\"\
        ,\r\n        \"properties\": {\r\n          \"provisioningState\": \"Succeeded\"\
        \r\n        },\r\n        \"type\": \"Microsoft.Network/loadBalancers/backendAddressPools\"\
        \r\n      }\r\n    ],\r\n    \"loadBalancingRules\": [],\r\n    \"probes\"\
        : [],\r\n    \"inboundNatRules\": [],\r\n    \"inboundNatPools\": []\r\n \
        \ },\r\n  \"sku\": {\r\n    \"name\": \"Basic\"\r\n  }\r\n}"
    headers:
      cache-control:
      - no-cache
      content-length:
      - '3072'
      content-type:
      - application/json; charset=utf-8
      date:
      - Thu, 20 Aug 2020 07:39:54 GMT
      etag:
      - W/"c284553c-6589-4994-9ec0-1577f6681052"
      expires:
      - '-1'
      pragma:
      - no-cache
      server:
      - Microsoft-HTTPAPI/2.0
      - Microsoft-HTTPAPI/2.0
      strict-transport-security:
      - max-age=31536000; includeSubDomains
      transfer-encoding:
      - chunked
      vary:
      - Accept-Encoding
      x-content-type-options:
      - nosniff
      x-ms-arm-service-request-id:
      - 753bc4c3-74b7-485c-b8a9-c10c11f9c91b
    status:
      code: 200
      message: OK
- request:
    body: null
    headers:
      Accept:
      - application/json
      Accept-Encoding:
      - gzip, deflate
      CommandName:
      - network lb frontend-ip list
      Connection:
      - keep-alive
      ParameterSetName:
      - -g --lb-name
      User-Agent:
      - python/3.7.4 (Linux-4.15.0-112-generic-x86_64-with-debian-buster-sid) msrest/0.6.18
        msrest_azure/0.6.4 azure-mgmt-network/11.0.0 Azure-SDK-For-Python AZURECLI/2.10.1
      accept-language:
      - en-US
    method: GET
    uri: https://management.azure.com/subscriptions/00000000-0000-0000-0000-000000000000/resourceGroups/cli_test_load_balancer_ip_config000001/providers/Microsoft.Network/loadBalancers/lb2?api-version=2020-06-01
  response:
    body:
      string: "{\r\n  \"name\": \"lb2\",\r\n  \"id\": \"/subscriptions/00000000-0000-0000-0000-000000000000/resourceGroups/cli_test_load_balancer_ip_config000001/providers/Microsoft.Network/loadBalancers/lb2\"\
        ,\r\n  \"etag\": \"W/\\\"c284553c-6589-4994-9ec0-1577f6681052\\\"\",\r\n \
        \ \"type\": \"Microsoft.Network/loadBalancers\",\r\n  \"location\": \"westus\"\
        ,\r\n  \"tags\": {},\r\n  \"properties\": {\r\n    \"provisioningState\":\
        \ \"Succeeded\",\r\n    \"resourceGuid\": \"95885904-6d03-4eae-8a87-56b8703206f2\"\
        ,\r\n    \"frontendIPConfigurations\": [\r\n      {\r\n        \"name\": \"\
        LoadBalancerFrontEnd\",\r\n        \"id\": \"/subscriptions/00000000-0000-0000-0000-000000000000/resourceGroups/cli_test_load_balancer_ip_config000001/providers/Microsoft.Network/loadBalancers/lb2/frontendIPConfigurations/LoadBalancerFrontEnd\"\
        ,\r\n        \"etag\": \"W/\\\"c284553c-6589-4994-9ec0-1577f6681052\\\"\"\
        ,\r\n        \"type\": \"Microsoft.Network/loadBalancers/frontendIPConfigurations\"\
        ,\r\n        \"properties\": {\r\n          \"provisioningState\": \"Succeeded\"\
        ,\r\n          \"privateIPAddress\": \"10.0.0.4\",\r\n          \"privateIPAllocationMethod\"\
        : \"Dynamic\",\r\n          \"subnet\": {\r\n            \"id\": \"/subscriptions/00000000-0000-0000-0000-000000000000/resourceGroups/cli_test_load_balancer_ip_config000001/providers/Microsoft.Network/virtualNetworks/vnet1/subnets/subnet1\"\
        \r\n          },\r\n          \"privateIPAddressVersion\": \"IPv4\"\r\n  \
        \      }\r\n      },\r\n      {\r\n        \"name\": \"ipconfig2\",\r\n  \
        \      \"id\": \"/subscriptions/00000000-0000-0000-0000-000000000000/resourceGroups/cli_test_load_balancer_ip_config000001/providers/Microsoft.Network/loadBalancers/lb2/frontendIPConfigurations/ipconfig2\"\
        ,\r\n        \"etag\": \"W/\\\"c284553c-6589-4994-9ec0-1577f6681052\\\"\"\
        ,\r\n        \"type\": \"Microsoft.Network/loadBalancers/frontendIPConfigurations\"\
        ,\r\n        \"properties\": {\r\n          \"provisioningState\": \"Succeeded\"\
        ,\r\n          \"privateIPAddress\": \"10.0.0.99\",\r\n          \"privateIPAllocationMethod\"\
        : \"Static\",\r\n          \"subnet\": {\r\n            \"id\": \"/subscriptions/00000000-0000-0000-0000-000000000000/resourceGroups/cli_test_load_balancer_ip_config000001/providers/Microsoft.Network/virtualNetworks/vnet1/subnets/subnet1\"\
        \r\n          },\r\n          \"privateIPAddressVersion\": \"IPv4\"\r\n  \
        \      }\r\n      }\r\n    ],\r\n    \"backendAddressPools\": [\r\n      {\r\
        \n        \"name\": \"lb2bepool\",\r\n        \"id\": \"/subscriptions/00000000-0000-0000-0000-000000000000/resourceGroups/cli_test_load_balancer_ip_config000001/providers/Microsoft.Network/loadBalancers/lb2/backendAddressPools/lb2bepool\"\
        ,\r\n        \"etag\": \"W/\\\"c284553c-6589-4994-9ec0-1577f6681052\\\"\"\
        ,\r\n        \"properties\": {\r\n          \"provisioningState\": \"Succeeded\"\
        \r\n        },\r\n        \"type\": \"Microsoft.Network/loadBalancers/backendAddressPools\"\
        \r\n      }\r\n    ],\r\n    \"loadBalancingRules\": [],\r\n    \"probes\"\
        : [],\r\n    \"inboundNatRules\": [],\r\n    \"inboundNatPools\": []\r\n \
        \ },\r\n  \"sku\": {\r\n    \"name\": \"Basic\"\r\n  }\r\n}"
    headers:
      cache-control:
      - no-cache
      content-length:
      - '3072'
      content-type:
      - application/json; charset=utf-8
      date:
      - Thu, 20 Aug 2020 07:39:54 GMT
      etag:
      - W/"c284553c-6589-4994-9ec0-1577f6681052"
      expires:
      - '-1'
      pragma:
      - no-cache
      server:
      - Microsoft-HTTPAPI/2.0
      - Microsoft-HTTPAPI/2.0
      strict-transport-security:
      - max-age=31536000; includeSubDomains
      transfer-encoding:
      - chunked
      vary:
      - Accept-Encoding
      x-content-type-options:
      - nosniff
      x-ms-arm-service-request-id:
      - a639d76d-44bf-4888-9e2c-0d905aafb245
    status:
      code: 200
      message: OK
- request:
    body: null
    headers:
      Accept:
      - application/json
      Accept-Encoding:
      - gzip, deflate
      CommandName:
      - network lb frontend-ip update
      Connection:
      - keep-alive
      ParameterSetName:
      - -g --lb-name -n --subnet --vnet-name --private-ip-address
      User-Agent:
      - python/3.7.4 (Linux-4.15.0-112-generic-x86_64-with-debian-buster-sid) msrest/0.6.18
        msrest_azure/0.6.4 azure-mgmt-network/11.0.0 Azure-SDK-For-Python AZURECLI/2.10.1
      accept-language:
      - en-US
    method: GET
    uri: https://management.azure.com/subscriptions/00000000-0000-0000-0000-000000000000/resourceGroups/cli_test_load_balancer_ip_config000001/providers/Microsoft.Network/loadBalancers/lb2?api-version=2020-06-01
  response:
    body:
      string: "{\r\n  \"name\": \"lb2\",\r\n  \"id\": \"/subscriptions/00000000-0000-0000-0000-000000000000/resourceGroups/cli_test_load_balancer_ip_config000001/providers/Microsoft.Network/loadBalancers/lb2\"\
        ,\r\n  \"etag\": \"W/\\\"c284553c-6589-4994-9ec0-1577f6681052\\\"\",\r\n \
        \ \"type\": \"Microsoft.Network/loadBalancers\",\r\n  \"location\": \"westus\"\
        ,\r\n  \"tags\": {},\r\n  \"properties\": {\r\n    \"provisioningState\":\
        \ \"Succeeded\",\r\n    \"resourceGuid\": \"95885904-6d03-4eae-8a87-56b8703206f2\"\
        ,\r\n    \"frontendIPConfigurations\": [\r\n      {\r\n        \"name\": \"\
        LoadBalancerFrontEnd\",\r\n        \"id\": \"/subscriptions/00000000-0000-0000-0000-000000000000/resourceGroups/cli_test_load_balancer_ip_config000001/providers/Microsoft.Network/loadBalancers/lb2/frontendIPConfigurations/LoadBalancerFrontEnd\"\
        ,\r\n        \"etag\": \"W/\\\"c284553c-6589-4994-9ec0-1577f6681052\\\"\"\
        ,\r\n        \"type\": \"Microsoft.Network/loadBalancers/frontendIPConfigurations\"\
        ,\r\n        \"properties\": {\r\n          \"provisioningState\": \"Succeeded\"\
        ,\r\n          \"privateIPAddress\": \"10.0.0.4\",\r\n          \"privateIPAllocationMethod\"\
        : \"Dynamic\",\r\n          \"subnet\": {\r\n            \"id\": \"/subscriptions/00000000-0000-0000-0000-000000000000/resourceGroups/cli_test_load_balancer_ip_config000001/providers/Microsoft.Network/virtualNetworks/vnet1/subnets/subnet1\"\
        \r\n          },\r\n          \"privateIPAddressVersion\": \"IPv4\"\r\n  \
        \      }\r\n      },\r\n      {\r\n        \"name\": \"ipconfig2\",\r\n  \
        \      \"id\": \"/subscriptions/00000000-0000-0000-0000-000000000000/resourceGroups/cli_test_load_balancer_ip_config000001/providers/Microsoft.Network/loadBalancers/lb2/frontendIPConfigurations/ipconfig2\"\
        ,\r\n        \"etag\": \"W/\\\"c284553c-6589-4994-9ec0-1577f6681052\\\"\"\
        ,\r\n        \"type\": \"Microsoft.Network/loadBalancers/frontendIPConfigurations\"\
        ,\r\n        \"properties\": {\r\n          \"provisioningState\": \"Succeeded\"\
        ,\r\n          \"privateIPAddress\": \"10.0.0.99\",\r\n          \"privateIPAllocationMethod\"\
        : \"Static\",\r\n          \"subnet\": {\r\n            \"id\": \"/subscriptions/00000000-0000-0000-0000-000000000000/resourceGroups/cli_test_load_balancer_ip_config000001/providers/Microsoft.Network/virtualNetworks/vnet1/subnets/subnet1\"\
        \r\n          },\r\n          \"privateIPAddressVersion\": \"IPv4\"\r\n  \
        \      }\r\n      }\r\n    ],\r\n    \"backendAddressPools\": [\r\n      {\r\
        \n        \"name\": \"lb2bepool\",\r\n        \"id\": \"/subscriptions/00000000-0000-0000-0000-000000000000/resourceGroups/cli_test_load_balancer_ip_config000001/providers/Microsoft.Network/loadBalancers/lb2/backendAddressPools/lb2bepool\"\
        ,\r\n        \"etag\": \"W/\\\"c284553c-6589-4994-9ec0-1577f6681052\\\"\"\
        ,\r\n        \"properties\": {\r\n          \"provisioningState\": \"Succeeded\"\
        \r\n        },\r\n        \"type\": \"Microsoft.Network/loadBalancers/backendAddressPools\"\
        \r\n      }\r\n    ],\r\n    \"loadBalancingRules\": [],\r\n    \"probes\"\
        : [],\r\n    \"inboundNatRules\": [],\r\n    \"inboundNatPools\": []\r\n \
        \ },\r\n  \"sku\": {\r\n    \"name\": \"Basic\"\r\n  }\r\n}"
    headers:
      cache-control:
      - no-cache
      content-length:
      - '3072'
      content-type:
      - application/json; charset=utf-8
      date:
      - Thu, 20 Aug 2020 07:39:56 GMT
      etag:
      - W/"c284553c-6589-4994-9ec0-1577f6681052"
      expires:
      - '-1'
      pragma:
      - no-cache
      server:
      - Microsoft-HTTPAPI/2.0
      - Microsoft-HTTPAPI/2.0
      strict-transport-security:
      - max-age=31536000; includeSubDomains
      transfer-encoding:
      - chunked
      vary:
      - Accept-Encoding
      x-content-type-options:
      - nosniff
      x-ms-arm-service-request-id:
      - 892d4686-b910-4a67-8c8e-bccde5771f39
    status:
      code: 200
      message: OK
- request:
    body: '{"id": "/subscriptions/00000000-0000-0000-0000-000000000000/resourceGroups/cli_test_load_balancer_ip_config000001/providers/Microsoft.Network/loadBalancers/lb2",
      "location": "westus", "tags": {}, "sku": {"name": "Basic"}, "properties": {"frontendIPConfigurations":
      [{"id": "/subscriptions/00000000-0000-0000-0000-000000000000/resourceGroups/cli_test_load_balancer_ip_config000001/providers/Microsoft.Network/loadBalancers/lb2/frontendIPConfigurations/LoadBalancerFrontEnd",
      "properties": {"privateIPAddress": "10.0.0.4", "privateIPAllocationMethod":
      "Dynamic", "privateIPAddressVersion": "IPv4", "subnet": {"id": "/subscriptions/00000000-0000-0000-0000-000000000000/resourceGroups/cli_test_load_balancer_ip_config000001/providers/Microsoft.Network/virtualNetworks/vnet1/subnets/subnet1"}},
      "name": "LoadBalancerFrontEnd"}, {"id": "/subscriptions/00000000-0000-0000-0000-000000000000/resourceGroups/cli_test_load_balancer_ip_config000001/providers/Microsoft.Network/loadBalancers/lb2/frontendIPConfigurations/ipconfig2",
      "properties": {"privateIPAddress": "10.0.1.100", "privateIPAllocationMethod":
      "static", "privateIPAddressVersion": "IPv4", "subnet": {"id": "/subscriptions/00000000-0000-0000-0000-000000000000/resourceGroups/cli_test_load_balancer_ip_config000001/providers/Microsoft.Network/virtualNetworks/vnet1/subnets/subnet2"}},
      "name": "ipconfig2"}], "backendAddressPools": [{"id": "/subscriptions/00000000-0000-0000-0000-000000000000/resourceGroups/cli_test_load_balancer_ip_config000001/providers/Microsoft.Network/loadBalancers/lb2/backendAddressPools/lb2bepool",
      "name": "lb2bepool"}], "loadBalancingRules": [], "probes": [], "inboundNatRules":
      [], "inboundNatPools": []}}'
    headers:
      Accept:
      - application/json
      Accept-Encoding:
      - gzip, deflate
      CommandName:
      - network lb frontend-ip update
      Connection:
      - keep-alive
      Content-Length:
      - '1907'
      Content-Type:
      - application/json; charset=utf-8
      ParameterSetName:
      - -g --lb-name -n --subnet --vnet-name --private-ip-address
      User-Agent:
      - python/3.7.4 (Linux-4.15.0-112-generic-x86_64-with-debian-buster-sid) msrest/0.6.18
        msrest_azure/0.6.4 azure-mgmt-network/11.0.0 Azure-SDK-For-Python AZURECLI/2.10.1
      accept-language:
      - en-US
    method: PUT
    uri: https://management.azure.com/subscriptions/00000000-0000-0000-0000-000000000000/resourceGroups/cli_test_load_balancer_ip_config000001/providers/Microsoft.Network/loadBalancers/lb2?api-version=2020-06-01
  response:
    body:
      string: "{\r\n  \"name\": \"lb2\",\r\n  \"id\": \"/subscriptions/00000000-0000-0000-0000-000000000000/resourceGroups/cli_test_load_balancer_ip_config000001/providers/Microsoft.Network/loadBalancers/lb2\"\
        ,\r\n  \"etag\": \"W/\\\"31df9546-eaac-409f-a68c-0673732486ba\\\"\",\r\n \
        \ \"type\": \"Microsoft.Network/loadBalancers\",\r\n  \"location\": \"westus\"\
        ,\r\n  \"tags\": {},\r\n  \"properties\": {\r\n    \"provisioningState\":\
        \ \"Succeeded\",\r\n    \"resourceGuid\": \"95885904-6d03-4eae-8a87-56b8703206f2\"\
        ,\r\n    \"frontendIPConfigurations\": [\r\n      {\r\n        \"name\": \"\
        LoadBalancerFrontEnd\",\r\n        \"id\": \"/subscriptions/00000000-0000-0000-0000-000000000000/resourceGroups/cli_test_load_balancer_ip_config000001/providers/Microsoft.Network/loadBalancers/lb2/frontendIPConfigurations/LoadBalancerFrontEnd\"\
        ,\r\n        \"etag\": \"W/\\\"31df9546-eaac-409f-a68c-0673732486ba\\\"\"\
        ,\r\n        \"type\": \"Microsoft.Network/loadBalancers/frontendIPConfigurations\"\
        ,\r\n        \"properties\": {\r\n          \"provisioningState\": \"Succeeded\"\
        ,\r\n          \"privateIPAddress\": \"10.0.0.4\",\r\n          \"privateIPAllocationMethod\"\
        : \"Dynamic\",\r\n          \"subnet\": {\r\n            \"id\": \"/subscriptions/00000000-0000-0000-0000-000000000000/resourceGroups/cli_test_load_balancer_ip_config000001/providers/Microsoft.Network/virtualNetworks/vnet1/subnets/subnet1\"\
        \r\n          },\r\n          \"privateIPAddressVersion\": \"IPv4\"\r\n  \
        \      }\r\n      },\r\n      {\r\n        \"name\": \"ipconfig2\",\r\n  \
        \      \"id\": \"/subscriptions/00000000-0000-0000-0000-000000000000/resourceGroups/cli_test_load_balancer_ip_config000001/providers/Microsoft.Network/loadBalancers/lb2/frontendIPConfigurations/ipconfig2\"\
        ,\r\n        \"etag\": \"W/\\\"31df9546-eaac-409f-a68c-0673732486ba\\\"\"\
        ,\r\n        \"type\": \"Microsoft.Network/loadBalancers/frontendIPConfigurations\"\
        ,\r\n        \"properties\": {\r\n          \"provisioningState\": \"Succeeded\"\
        ,\r\n          \"privateIPAddress\": \"10.0.1.100\",\r\n          \"privateIPAllocationMethod\"\
        : \"Static\",\r\n          \"subnet\": {\r\n            \"id\": \"/subscriptions/00000000-0000-0000-0000-000000000000/resourceGroups/cli_test_load_balancer_ip_config000001/providers/Microsoft.Network/virtualNetworks/vnet1/subnets/subnet2\"\
        \r\n          },\r\n          \"privateIPAddressVersion\": \"IPv4\"\r\n  \
        \      }\r\n      }\r\n    ],\r\n    \"backendAddressPools\": [\r\n      {\r\
        \n        \"name\": \"lb2bepool\",\r\n        \"id\": \"/subscriptions/00000000-0000-0000-0000-000000000000/resourceGroups/cli_test_load_balancer_ip_config000001/providers/Microsoft.Network/loadBalancers/lb2/backendAddressPools/lb2bepool\"\
        ,\r\n        \"etag\": \"W/\\\"31df9546-eaac-409f-a68c-0673732486ba\\\"\"\
        ,\r\n        \"properties\": {\r\n          \"provisioningState\": \"Succeeded\"\
        \r\n        },\r\n        \"type\": \"Microsoft.Network/loadBalancers/backendAddressPools\"\
        \r\n      }\r\n    ],\r\n    \"loadBalancingRules\": [],\r\n    \"probes\"\
        : [],\r\n    \"inboundNatRules\": [],\r\n    \"inboundNatPools\": []\r\n \
        \ },\r\n  \"sku\": {\r\n    \"name\": \"Basic\"\r\n  }\r\n}"
    headers:
      azure-asyncoperation:
      - https://management.azure.com/subscriptions/00000000-0000-0000-0000-000000000000/providers/Microsoft.Network/locations/westus/operations/d4532306-de91-420f-b49a-64db6d392b03?api-version=2020-06-01
      cache-control:
      - no-cache
      content-length:
      - '3073'
      content-type:
      - application/json; charset=utf-8
      date:
      - Thu, 20 Aug 2020 07:39:56 GMT
      expires:
      - '-1'
      pragma:
      - no-cache
      server:
      - Microsoft-HTTPAPI/2.0
      - Microsoft-HTTPAPI/2.0
      strict-transport-security:
      - max-age=31536000; includeSubDomains
      transfer-encoding:
      - chunked
      vary:
      - Accept-Encoding
      x-content-type-options:
      - nosniff
      x-ms-arm-service-request-id:
      - a1fe859b-39b6-43ac-a0d6-eb6bb8706b1e
      x-ms-ratelimit-remaining-subscription-writes:
      - '1186'
    status:
      code: 200
      message: OK
- request:
    body: null
    headers:
      Accept:
      - application/json
      Accept-Encoding:
      - gzip, deflate
      CommandName:
      - network lb frontend-ip update
      Connection:
      - keep-alive
      ParameterSetName:
      - -g --lb-name -n --subnet --vnet-name --private-ip-address
      User-Agent:
      - python/3.7.4 (Linux-4.15.0-112-generic-x86_64-with-debian-buster-sid) msrest/0.6.18
        msrest_azure/0.6.4 azure-mgmt-network/11.0.0 Azure-SDK-For-Python AZURECLI/2.10.1
    method: GET
    uri: https://management.azure.com/subscriptions/00000000-0000-0000-0000-000000000000/providers/Microsoft.Network/locations/westus/operations/d4532306-de91-420f-b49a-64db6d392b03?api-version=2020-06-01
  response:
    body:
      string: "{\r\n  \"status\": \"Succeeded\"\r\n}"
    headers:
      cache-control:
      - no-cache
      content-length:
      - '29'
      content-type:
      - application/json; charset=utf-8
      date:
      - Thu, 20 Aug 2020 07:40:27 GMT
      expires:
      - '-1'
      pragma:
      - no-cache
      server:
      - Microsoft-HTTPAPI/2.0
      - Microsoft-HTTPAPI/2.0
      strict-transport-security:
      - max-age=31536000; includeSubDomains
      transfer-encoding:
      - chunked
      vary:
      - Accept-Encoding
      x-content-type-options:
      - nosniff
      x-ms-arm-service-request-id:
      - 7e92f46e-f486-4aba-86de-8365536520f3
    status:
      code: 200
      message: OK
- request:
    body: null
    headers:
      Accept:
      - application/json
      Accept-Encoding:
      - gzip, deflate
      CommandName:
      - network lb frontend-ip update
      Connection:
      - keep-alive
      ParameterSetName:
      - -g --lb-name -n --subnet --vnet-name --private-ip-address
      User-Agent:
      - python/3.7.4 (Linux-4.15.0-112-generic-x86_64-with-debian-buster-sid) msrest/0.6.18
        msrest_azure/0.6.4 azure-mgmt-network/11.0.0 Azure-SDK-For-Python AZURECLI/2.10.1
    method: GET
    uri: https://management.azure.com/subscriptions/00000000-0000-0000-0000-000000000000/resourceGroups/cli_test_load_balancer_ip_config000001/providers/Microsoft.Network/loadBalancers/lb2?api-version=2020-06-01
  response:
    body:
      string: "{\r\n  \"name\": \"lb2\",\r\n  \"id\": \"/subscriptions/00000000-0000-0000-0000-000000000000/resourceGroups/cli_test_load_balancer_ip_config000001/providers/Microsoft.Network/loadBalancers/lb2\"\
        ,\r\n  \"etag\": \"W/\\\"31df9546-eaac-409f-a68c-0673732486ba\\\"\",\r\n \
        \ \"type\": \"Microsoft.Network/loadBalancers\",\r\n  \"location\": \"westus\"\
        ,\r\n  \"tags\": {},\r\n  \"properties\": {\r\n    \"provisioningState\":\
        \ \"Succeeded\",\r\n    \"resourceGuid\": \"95885904-6d03-4eae-8a87-56b8703206f2\"\
        ,\r\n    \"frontendIPConfigurations\": [\r\n      {\r\n        \"name\": \"\
        LoadBalancerFrontEnd\",\r\n        \"id\": \"/subscriptions/00000000-0000-0000-0000-000000000000/resourceGroups/cli_test_load_balancer_ip_config000001/providers/Microsoft.Network/loadBalancers/lb2/frontendIPConfigurations/LoadBalancerFrontEnd\"\
        ,\r\n        \"etag\": \"W/\\\"31df9546-eaac-409f-a68c-0673732486ba\\\"\"\
        ,\r\n        \"type\": \"Microsoft.Network/loadBalancers/frontendIPConfigurations\"\
        ,\r\n        \"properties\": {\r\n          \"provisioningState\": \"Succeeded\"\
        ,\r\n          \"privateIPAddress\": \"10.0.0.4\",\r\n          \"privateIPAllocationMethod\"\
        : \"Dynamic\",\r\n          \"subnet\": {\r\n            \"id\": \"/subscriptions/00000000-0000-0000-0000-000000000000/resourceGroups/cli_test_load_balancer_ip_config000001/providers/Microsoft.Network/virtualNetworks/vnet1/subnets/subnet1\"\
        \r\n          },\r\n          \"privateIPAddressVersion\": \"IPv4\"\r\n  \
        \      }\r\n      },\r\n      {\r\n        \"name\": \"ipconfig2\",\r\n  \
        \      \"id\": \"/subscriptions/00000000-0000-0000-0000-000000000000/resourceGroups/cli_test_load_balancer_ip_config000001/providers/Microsoft.Network/loadBalancers/lb2/frontendIPConfigurations/ipconfig2\"\
        ,\r\n        \"etag\": \"W/\\\"31df9546-eaac-409f-a68c-0673732486ba\\\"\"\
        ,\r\n        \"type\": \"Microsoft.Network/loadBalancers/frontendIPConfigurations\"\
        ,\r\n        \"properties\": {\r\n          \"provisioningState\": \"Succeeded\"\
        ,\r\n          \"privateIPAddress\": \"10.0.1.100\",\r\n          \"privateIPAllocationMethod\"\
        : \"Static\",\r\n          \"subnet\": {\r\n            \"id\": \"/subscriptions/00000000-0000-0000-0000-000000000000/resourceGroups/cli_test_load_balancer_ip_config000001/providers/Microsoft.Network/virtualNetworks/vnet1/subnets/subnet2\"\
        \r\n          },\r\n          \"privateIPAddressVersion\": \"IPv4\"\r\n  \
        \      }\r\n      }\r\n    ],\r\n    \"backendAddressPools\": [\r\n      {\r\
        \n        \"name\": \"lb2bepool\",\r\n        \"id\": \"/subscriptions/00000000-0000-0000-0000-000000000000/resourceGroups/cli_test_load_balancer_ip_config000001/providers/Microsoft.Network/loadBalancers/lb2/backendAddressPools/lb2bepool\"\
        ,\r\n        \"etag\": \"W/\\\"31df9546-eaac-409f-a68c-0673732486ba\\\"\"\
        ,\r\n        \"properties\": {\r\n          \"provisioningState\": \"Succeeded\"\
        \r\n        },\r\n        \"type\": \"Microsoft.Network/loadBalancers/backendAddressPools\"\
        \r\n      }\r\n    ],\r\n    \"loadBalancingRules\": [],\r\n    \"probes\"\
        : [],\r\n    \"inboundNatRules\": [],\r\n    \"inboundNatPools\": []\r\n \
        \ },\r\n  \"sku\": {\r\n    \"name\": \"Basic\"\r\n  }\r\n}"
    headers:
      cache-control:
      - no-cache
      content-length:
      - '3073'
      content-type:
      - application/json; charset=utf-8
      date:
      - Thu, 20 Aug 2020 07:40:27 GMT
      etag:
      - W/"31df9546-eaac-409f-a68c-0673732486ba"
      expires:
      - '-1'
      pragma:
      - no-cache
      server:
      - Microsoft-HTTPAPI/2.0
      - Microsoft-HTTPAPI/2.0
      strict-transport-security:
      - max-age=31536000; includeSubDomains
      transfer-encoding:
      - chunked
      vary:
      - Accept-Encoding
      x-content-type-options:
      - nosniff
      x-ms-arm-service-request-id:
      - 0af3e2f4-4508-478f-85ca-738e6dffcb3d
    status:
      code: 200
      message: OK
- request:
    body: null
    headers:
      Accept:
      - application/json
      Accept-Encoding:
      - gzip, deflate
      CommandName:
      - network lb frontend-ip show
      Connection:
      - keep-alive
      ParameterSetName:
      - -g --lb-name -n
      User-Agent:
      - python/3.7.4 (Linux-4.15.0-112-generic-x86_64-with-debian-buster-sid) msrest/0.6.18
        msrest_azure/0.6.4 azure-mgmt-network/11.0.0 Azure-SDK-For-Python AZURECLI/2.10.1
      accept-language:
      - en-US
    method: GET
    uri: https://management.azure.com/subscriptions/00000000-0000-0000-0000-000000000000/resourceGroups/cli_test_load_balancer_ip_config000001/providers/Microsoft.Network/loadBalancers/lb2?api-version=2020-06-01
  response:
    body:
      string: "{\r\n  \"name\": \"lb2\",\r\n  \"id\": \"/subscriptions/00000000-0000-0000-0000-000000000000/resourceGroups/cli_test_load_balancer_ip_config000001/providers/Microsoft.Network/loadBalancers/lb2\"\
        ,\r\n  \"etag\": \"W/\\\"31df9546-eaac-409f-a68c-0673732486ba\\\"\",\r\n \
        \ \"type\": \"Microsoft.Network/loadBalancers\",\r\n  \"location\": \"westus\"\
        ,\r\n  \"tags\": {},\r\n  \"properties\": {\r\n    \"provisioningState\":\
        \ \"Succeeded\",\r\n    \"resourceGuid\": \"95885904-6d03-4eae-8a87-56b8703206f2\"\
        ,\r\n    \"frontendIPConfigurations\": [\r\n      {\r\n        \"name\": \"\
        LoadBalancerFrontEnd\",\r\n        \"id\": \"/subscriptions/00000000-0000-0000-0000-000000000000/resourceGroups/cli_test_load_balancer_ip_config000001/providers/Microsoft.Network/loadBalancers/lb2/frontendIPConfigurations/LoadBalancerFrontEnd\"\
        ,\r\n        \"etag\": \"W/\\\"31df9546-eaac-409f-a68c-0673732486ba\\\"\"\
        ,\r\n        \"type\": \"Microsoft.Network/loadBalancers/frontendIPConfigurations\"\
        ,\r\n        \"properties\": {\r\n          \"provisioningState\": \"Succeeded\"\
        ,\r\n          \"privateIPAddress\": \"10.0.0.4\",\r\n          \"privateIPAllocationMethod\"\
        : \"Dynamic\",\r\n          \"subnet\": {\r\n            \"id\": \"/subscriptions/00000000-0000-0000-0000-000000000000/resourceGroups/cli_test_load_balancer_ip_config000001/providers/Microsoft.Network/virtualNetworks/vnet1/subnets/subnet1\"\
        \r\n          },\r\n          \"privateIPAddressVersion\": \"IPv4\"\r\n  \
        \      }\r\n      },\r\n      {\r\n        \"name\": \"ipconfig2\",\r\n  \
        \      \"id\": \"/subscriptions/00000000-0000-0000-0000-000000000000/resourceGroups/cli_test_load_balancer_ip_config000001/providers/Microsoft.Network/loadBalancers/lb2/frontendIPConfigurations/ipconfig2\"\
        ,\r\n        \"etag\": \"W/\\\"31df9546-eaac-409f-a68c-0673732486ba\\\"\"\
        ,\r\n        \"type\": \"Microsoft.Network/loadBalancers/frontendIPConfigurations\"\
        ,\r\n        \"properties\": {\r\n          \"provisioningState\": \"Succeeded\"\
        ,\r\n          \"privateIPAddress\": \"10.0.1.100\",\r\n          \"privateIPAllocationMethod\"\
        : \"Static\",\r\n          \"subnet\": {\r\n            \"id\": \"/subscriptions/00000000-0000-0000-0000-000000000000/resourceGroups/cli_test_load_balancer_ip_config000001/providers/Microsoft.Network/virtualNetworks/vnet1/subnets/subnet2\"\
        \r\n          },\r\n          \"privateIPAddressVersion\": \"IPv4\"\r\n  \
        \      }\r\n      }\r\n    ],\r\n    \"backendAddressPools\": [\r\n      {\r\
        \n        \"name\": \"lb2bepool\",\r\n        \"id\": \"/subscriptions/00000000-0000-0000-0000-000000000000/resourceGroups/cli_test_load_balancer_ip_config000001/providers/Microsoft.Network/loadBalancers/lb2/backendAddressPools/lb2bepool\"\
        ,\r\n        \"etag\": \"W/\\\"31df9546-eaac-409f-a68c-0673732486ba\\\"\"\
        ,\r\n        \"properties\": {\r\n          \"provisioningState\": \"Succeeded\"\
        \r\n        },\r\n        \"type\": \"Microsoft.Network/loadBalancers/backendAddressPools\"\
        \r\n      }\r\n    ],\r\n    \"loadBalancingRules\": [],\r\n    \"probes\"\
        : [],\r\n    \"inboundNatRules\": [],\r\n    \"inboundNatPools\": []\r\n \
        \ },\r\n  \"sku\": {\r\n    \"name\": \"Basic\"\r\n  }\r\n}"
    headers:
      cache-control:
      - no-cache
      content-length:
      - '3073'
      content-type:
      - application/json; charset=utf-8
      date:
      - Thu, 20 Aug 2020 07:40:28 GMT
      etag:
      - W/"31df9546-eaac-409f-a68c-0673732486ba"
      expires:
      - '-1'
      pragma:
      - no-cache
      server:
      - Microsoft-HTTPAPI/2.0
      - Microsoft-HTTPAPI/2.0
      strict-transport-security:
      - max-age=31536000; includeSubDomains
      transfer-encoding:
      - chunked
      vary:
      - Accept-Encoding
      x-content-type-options:
      - nosniff
      x-ms-arm-service-request-id:
      - eb02e3db-f955-4088-8781-00b5961d2335
    status:
      code: 200
      message: OK
version: 1
