interactions:
- request:
    body: null
    headers:
      Accept:
      - application/json
      Accept-Encoding:
      - gzip, deflate
      CommandName:
      - network express-route create
      Connection:
      - keep-alive
      ParameterSetName:
      - -g -n --allow-global-reach --bandwidth --peering-location --provider --sku-tier
      User-Agent:
      - python/3.8.8 (Windows-10-10.0.19041-SP0) msrest/0.6.21 msrest_azure/0.6.3
        azure-mgmt-resource/12.0.0 Azure-SDK-For-Python AZURECLI/2.21.0
      accept-language:
      - en-US
    method: GET
    uri: https://management.azure.com/subscriptions/00000000-0000-0000-0000-000000000000/resourcegroups/cli_test_express_route_global_reach000001?api-version=2020-10-01
  response:
    body:
      string: '{"id":"/subscriptions/00000000-0000-0000-0000-000000000000/resourceGroups/cli_test_express_route_global_reach000001","name":"cli_test_express_route_global_reach000001","type":"Microsoft.Resources/resourceGroups","location":"westus","tags":{"product":"azurecli","cause":"automation","date":"2021-03-25T07:57:38Z"},"properties":{"provisioningState":"Succeeded"}}'
    headers:
      cache-control:
      - no-cache
      content-length:
      - '428'
      content-type:
      - application/json; charset=utf-8
      date:
      - Thu, 25 Mar 2021 07:57:42 GMT
      expires:
      - '-1'
      pragma:
      - no-cache
      strict-transport-security:
      - max-age=31536000; includeSubDomains
      vary:
      - Accept-Encoding
      x-content-type-options:
      - nosniff
    status:
      code: 200
      message: OK
- request:
    body: '{"location": "westus", "sku": {"name": "Premium_MeteredData", "tier": "Premium",
      "family": "MeteredData"}, "properties": {"serviceProviderProperties": {"serviceProviderName":
      "Microsoft ER Test", "peeringLocation": "Area51", "bandwidthInMbps": 50}}}'
    headers:
      Accept:
      - application/json
      Accept-Encoding:
      - gzip, deflate
      CommandName:
      - network express-route create
      Connection:
      - keep-alive
      Content-Length:
      - '249'
      Content-Type:
      - application/json
      ParameterSetName:
      - -g -n --allow-global-reach --bandwidth --peering-location --provider --sku-tier
      User-Agent:
      - AZURECLI/2.21.0 azsdk-python-azure-mgmt-network/18.0.0 Python/3.8.8 (Windows-10-10.0.19041-SP0)
    method: PUT
    uri: https://management.azure.com/subscriptions/00000000-0000-0000-0000-000000000000/resourceGroups/cli_test_express_route_global_reach000001/providers/Microsoft.Network/expressRouteCircuits/er1?api-version=2020-11-01
  response:
    body:
      string: "{\r\n  \"name\": \"er1\",\r\n  \"id\": \"/subscriptions/00000000-0000-0000-0000-000000000000/resourceGroups/cli_test_express_route_global_reach000001/providers/Microsoft.Network/expressRouteCircuits/er1\",\r\n
        \ \"etag\": \"W/\\\"308e0d66-ff1d-471b-ade3-be8be0942c2a\\\"\",\r\n  \"type\":
        \"Microsoft.Network/expressRouteCircuits\",\r\n  \"location\": \"westus\",\r\n
        \ \"properties\": {\r\n    \"provisioningState\": \"Updating\",\r\n    \"resourceGuid\":
        \"9cc1e13a-0e5c-4248-83b0-fc7b41507dd8\",\r\n    \"peerings\": [],\r\n    \"authorizations\":
        [],\r\n    \"serviceProviderProperties\": {\r\n      \"serviceProviderName\":
        \"Microsoft ER Test\",\r\n      \"peeringLocation\": \"Area51\",\r\n      \"bandwidthInMbps\":
        50\r\n    },\r\n    \"circuitProvisioningState\": \"Disabled\",\r\n    \"allowClassicOperations\":
        false,\r\n    \"serviceKey\": \"00000000-0000-0000-0000-000000000000\",\r\n
        \   \"serviceProviderProvisioningState\": \"NotProvisioned\",\r\n    \"allowGlobalReach\":
        false,\r\n    \"globalReachEnabled\": false\r\n  },\r\n  \"sku\": {\r\n    \"name\":
        \"Premium_MeteredData\",\r\n    \"tier\": \"Premium\",\r\n    \"family\":
        \"MeteredData\"\r\n  }\r\n}"
    headers:
      azure-asyncnotification:
      - Enabled
      azure-asyncoperation:
      - https://management.azure.com/subscriptions/00000000-0000-0000-0000-000000000000/providers/Microsoft.Network/locations/westus/operations/ce690c66-a948-4e00-9629-206136167f6a?api-version=2020-11-01
      cache-control:
      - no-cache
      content-length:
      - '1069'
      content-type:
      - application/json; charset=utf-8
      date:
      - Thu, 25 Mar 2021 07:57:48 GMT
      expires:
      - '-1'
      pragma:
      - no-cache
      server:
      - Microsoft-HTTPAPI/2.0
      - Microsoft-HTTPAPI/2.0
      strict-transport-security:
      - max-age=31536000; includeSubDomains
      x-content-type-options:
      - nosniff
      x-ms-arm-service-request-id:
      - 9b4e3256-ecfd-4044-91ae-c87bc3ade9d7
      x-ms-ratelimit-remaining-subscription-writes:
      - '1199'
    status:
      code: 201
      message: Created
- request:
    body: null
    headers:
      Accept:
      - '*/*'
      Accept-Encoding:
      - gzip, deflate
      CommandName:
      - network express-route create
      Connection:
      - keep-alive
      ParameterSetName:
      - -g -n --allow-global-reach --bandwidth --peering-location --provider --sku-tier
      User-Agent:
      - AZURECLI/2.21.0 azsdk-python-azure-mgmt-network/18.0.0 Python/3.8.8 (Windows-10-10.0.19041-SP0)
    method: GET
    uri: https://management.azure.com/subscriptions/00000000-0000-0000-0000-000000000000/providers/Microsoft.Network/locations/westus/operations/ce690c66-a948-4e00-9629-206136167f6a?api-version=2020-11-01
  response:
    body:
      string: "{\r\n  \"status\": \"Succeeded\"\r\n}"
    headers:
      cache-control:
      - no-cache
      content-length:
      - '29'
      content-type:
      - application/json; charset=utf-8
      date:
      - Thu, 25 Mar 2021 07:57:58 GMT
      expires:
      - '-1'
      pragma:
      - no-cache
      server:
      - Microsoft-HTTPAPI/2.0
      - Microsoft-HTTPAPI/2.0
      strict-transport-security:
      - max-age=31536000; includeSubDomains
      transfer-encoding:
      - chunked
      vary:
      - Accept-Encoding
      x-content-type-options:
      - nosniff
      x-ms-arm-service-request-id:
      - 9413e4dd-3c90-4ba0-86eb-807c5ad770af
    status:
      code: 200
      message: OK
- request:
    body: null
    headers:
      Accept:
      - '*/*'
      Accept-Encoding:
      - gzip, deflate
      CommandName:
      - network express-route create
      Connection:
      - keep-alive
      ParameterSetName:
      - -g -n --allow-global-reach --bandwidth --peering-location --provider --sku-tier
      User-Agent:
      - AZURECLI/2.21.0 azsdk-python-azure-mgmt-network/18.0.0 Python/3.8.8 (Windows-10-10.0.19041-SP0)
    method: GET
    uri: https://management.azure.com/subscriptions/00000000-0000-0000-0000-000000000000/resourceGroups/cli_test_express_route_global_reach000001/providers/Microsoft.Network/expressRouteCircuits/er1?api-version=2020-11-01
  response:
    body:
      string: "{\r\n  \"name\": \"er1\",\r\n  \"id\": \"/subscriptions/00000000-0000-0000-0000-000000000000/resourceGroups/cli_test_express_route_global_reach000001/providers/Microsoft.Network/expressRouteCircuits/er1\",\r\n
        \ \"etag\": \"W/\\\"299f4862-71a8-4814-9e9f-e0746cf057a5\\\"\",\r\n  \"type\":
        \"Microsoft.Network/expressRouteCircuits\",\r\n  \"location\": \"westus\",\r\n
        \ \"properties\": {\r\n    \"provisioningState\": \"Succeeded\",\r\n    \"resourceGuid\":
        \"9cc1e13a-0e5c-4248-83b0-fc7b41507dd8\",\r\n    \"peerings\": [],\r\n    \"authorizations\":
        [],\r\n    \"serviceProviderProperties\": {\r\n      \"serviceProviderName\":
        \"Microsoft ER Test\",\r\n      \"peeringLocation\": \"Area51\",\r\n      \"bandwidthInMbps\":
        50\r\n    },\r\n    \"circuitProvisioningState\": \"Enabled\",\r\n    \"allowClassicOperations\":
        false,\r\n    \"gatewayManagerEtag\": \"\",\r\n    \"serviceKey\": \"98f6720d-99fb-490a-a0b0-fb3d7a5377f6\",\r\n
        \   \"serviceProviderProvisioningState\": \"NotProvisioned\",\r\n    \"allowGlobalReach\":
        false,\r\n    \"globalReachEnabled\": false,\r\n    \"stag\": 5\r\n  },\r\n
        \ \"sku\": {\r\n    \"name\": \"Premium_MeteredData\",\r\n    \"tier\": \"Premium\",\r\n
        \   \"family\": \"MeteredData\"\r\n  }\r\n}"
    headers:
      cache-control:
      - no-cache
      content-length:
      - '1116'
      content-type:
      - application/json; charset=utf-8
      date:
      - Thu, 25 Mar 2021 07:57:58 GMT
      expires:
      - '-1'
      pragma:
      - no-cache
      server:
      - Microsoft-HTTPAPI/2.0
      - Microsoft-HTTPAPI/2.0
      strict-transport-security:
      - max-age=31536000; includeSubDomains
      transfer-encoding:
      - chunked
      vary:
      - Accept-Encoding
      x-content-type-options:
      - nosniff
      x-ms-arm-service-request-id:
      - d52a0cff-f193-4e4f-a898-da7a7cecfe0e
    status:
      code: 200
      message: OK
- request:
    body: '{"properties": {"peeringType": "AzurePrivatePeering", "peerASN": 10001,
      "primaryPeerAddressPrefix": "102.0.0.0/30", "secondaryPeerAddressPrefix": "103.0.0.0/30",
      "vlanId": 101}}'
    headers:
      Accept:
      - application/json
      Accept-Encoding:
      - gzip, deflate
      CommandName:
      - network express-route peering create
      Connection:
      - keep-alive
      Content-Length:
      - '177'
      Content-Type:
      - application/json
      ParameterSetName:
      - -g --circuit-name --peering-type --peer-asn --vlan-id --primary-peer-subnet
        --secondary-peer-subnet
      User-Agent:
      - AZURECLI/2.21.0 azsdk-python-azure-mgmt-network/18.0.0 Python/3.8.8 (Windows-10-10.0.19041-SP0)
    method: PUT
    uri: https://management.azure.com/subscriptions/00000000-0000-0000-0000-000000000000/resourceGroups/cli_test_express_route_global_reach000001/providers/Microsoft.Network/expressRouteCircuits/er1/peerings/AzurePrivatePeering?api-version=2020-11-01
  response:
    body:
      string: "{\r\n  \"name\": \"AzurePrivatePeering\",\r\n  \"id\": \"/subscriptions/00000000-0000-0000-0000-000000000000/resourceGroups/cli_test_express_route_global_reach000001/providers/Microsoft.Network/expressRouteCircuits/er1/peerings/AzurePrivatePeering\",\r\n
        \ \"etag\": \"W/\\\"28a3dfe1-764b-46aa-a1e2-f3050914f408\\\"\",\r\n  \"properties\":
        {\r\n    \"provisioningState\": \"Updating\",\r\n    \"peeringType\": \"AzurePrivatePeering\",\r\n
        \   \"azureASN\": 0,\r\n    \"peerASN\": 10001,\r\n    \"primaryPeerAddressPrefix\":
        \"102.0.0.0/30\",\r\n    \"secondaryPeerAddressPrefix\": \"103.0.0.0/30\",\r\n
        \   \"state\": \"Enabled\",\r\n    \"vlanId\": 101,\r\n    \"lastModifiedBy\":
        \"\",\r\n    \"connections\": [],\r\n    \"peeredConnections\": []\r\n  },\r\n
        \ \"type\": \"Microsoft.Network/expressRouteCircuits/peerings\"\r\n}"
    headers:
      azure-asyncoperation:
      - https://management.azure.com/subscriptions/00000000-0000-0000-0000-000000000000/providers/Microsoft.Network/locations/westus/operations/71068260-a619-4f60-8cac-c6e431f6118a?api-version=2020-11-01
      cache-control:
      - no-cache
      content-length:
      - '767'
      content-type:
      - application/json; charset=utf-8
      date:
      - Thu, 25 Mar 2021 07:58:00 GMT
      expires:
      - '-1'
      pragma:
      - no-cache
      server:
      - Microsoft-HTTPAPI/2.0
      - Microsoft-HTTPAPI/2.0
      strict-transport-security:
      - max-age=31536000; includeSubDomains
      x-content-type-options:
      - nosniff
      x-ms-arm-service-request-id:
      - 71d450c6-e133-434f-b1a7-d660b385f5a9
      x-ms-ratelimit-remaining-subscription-writes:
      - '1199'
    status:
      code: 201
      message: Created
- request:
    body: null
    headers:
      Accept:
      - '*/*'
      Accept-Encoding:
      - gzip, deflate
      CommandName:
      - network express-route peering create
      Connection:
      - keep-alive
      ParameterSetName:
      - -g --circuit-name --peering-type --peer-asn --vlan-id --primary-peer-subnet
        --secondary-peer-subnet
      User-Agent:
      - AZURECLI/2.21.0 azsdk-python-azure-mgmt-network/18.0.0 Python/3.8.8 (Windows-10-10.0.19041-SP0)
    method: GET
    uri: https://management.azure.com/subscriptions/00000000-0000-0000-0000-000000000000/providers/Microsoft.Network/locations/westus/operations/71068260-a619-4f60-8cac-c6e431f6118a?api-version=2020-11-01
  response:
    body:
      string: "{\r\n  \"status\": \"Succeeded\"\r\n}"
    headers:
      cache-control:
      - no-cache
      content-length:
      - '29'
      content-type:
      - application/json; charset=utf-8
      date:
      - Thu, 25 Mar 2021 07:58:10 GMT
      expires:
      - '-1'
      pragma:
      - no-cache
      server:
      - Microsoft-HTTPAPI/2.0
      - Microsoft-HTTPAPI/2.0
      strict-transport-security:
      - max-age=31536000; includeSubDomains
      transfer-encoding:
      - chunked
      vary:
      - Accept-Encoding
      x-content-type-options:
      - nosniff
      x-ms-arm-service-request-id:
      - d39cb4a9-7c4b-4192-afaa-02d2fb9f94c9
    status:
      code: 200
      message: OK
- request:
    body: null
    headers:
      Accept:
      - '*/*'
      Accept-Encoding:
      - gzip, deflate
      CommandName:
      - network express-route peering create
      Connection:
      - keep-alive
      ParameterSetName:
      - -g --circuit-name --peering-type --peer-asn --vlan-id --primary-peer-subnet
        --secondary-peer-subnet
      User-Agent:
      - AZURECLI/2.21.0 azsdk-python-azure-mgmt-network/18.0.0 Python/3.8.8 (Windows-10-10.0.19041-SP0)
    method: GET
    uri: https://management.azure.com/subscriptions/00000000-0000-0000-0000-000000000000/resourceGroups/cli_test_express_route_global_reach000001/providers/Microsoft.Network/expressRouteCircuits/er1/peerings/AzurePrivatePeering?api-version=2020-11-01
  response:
    body:
      string: "{\r\n  \"name\": \"AzurePrivatePeering\",\r\n  \"id\": \"/subscriptions/00000000-0000-0000-0000-000000000000/resourceGroups/cli_test_express_route_global_reach000001/providers/Microsoft.Network/expressRouteCircuits/er1/peerings/AzurePrivatePeering\",\r\n
        \ \"etag\": \"W/\\\"b0a44fd3-fd4b-4ec6-be46-1b31a2781cc2\\\"\",\r\n  \"properties\":
        {\r\n    \"provisioningState\": \"Succeeded\",\r\n    \"peeringType\": \"AzurePrivatePeering\",\r\n
        \   \"azureASN\": 12076,\r\n    \"peerASN\": 10001,\r\n    \"primaryPeerAddressPrefix\":
        \"102.0.0.0/30\",\r\n    \"secondaryPeerAddressPrefix\": \"103.0.0.0/30\",\r\n
        \   \"primaryAzurePort\": \"\",\r\n    \"secondaryAzurePort\": \"\",\r\n    \"state\":
        \"Enabled\",\r\n    \"vlanId\": 101,\r\n    \"gatewayManagerEtag\": \"\",\r\n
        \   \"lastModifiedBy\": \"Customer\",\r\n    \"connections\": [],\r\n    \"peeredConnections\":
        []\r\n  },\r\n  \"type\": \"Microsoft.Network/expressRouteCircuits/peerings\"\r\n}"
    headers:
      cache-control:
      - no-cache
      content-length:
      - '871'
      content-type:
      - application/json; charset=utf-8
      date:
      - Thu, 25 Mar 2021 07:58:10 GMT
      expires:
      - '-1'
      pragma:
      - no-cache
      server:
      - Microsoft-HTTPAPI/2.0
      - Microsoft-HTTPAPI/2.0
      strict-transport-security:
      - max-age=31536000; includeSubDomains
      transfer-encoding:
      - chunked
      vary:
      - Accept-Encoding
      x-content-type-options:
      - nosniff
      x-ms-arm-service-request-id:
      - 62beb794-b089-4248-873f-7d6c084d7a74
    status:
      code: 200
      message: OK
- request:
    body: null
    headers:
      Accept:
      - application/json
      Accept-Encoding:
      - gzip, deflate
      CommandName:
      - network express-route create
      Connection:
      - keep-alive
      ParameterSetName:
      - -g -n --allow-global-reach --bandwidth --peering-location --provider --sku-tier
      User-Agent:
      - python/3.8.8 (Windows-10-10.0.19041-SP0) msrest/0.6.21 msrest_azure/0.6.3
        azure-mgmt-resource/12.0.0 Azure-SDK-For-Python AZURECLI/2.21.0
      accept-language:
      - en-US
    method: GET
    uri: https://management.azure.com/subscriptions/00000000-0000-0000-0000-000000000000/resourcegroups/cli_test_express_route_global_reach000001?api-version=2020-10-01
  response:
    body:
      string: '{"id":"/subscriptions/00000000-0000-0000-0000-000000000000/resourceGroups/cli_test_express_route_global_reach000001","name":"cli_test_express_route_global_reach000001","type":"Microsoft.Resources/resourceGroups","location":"westus","tags":{"product":"azurecli","cause":"automation","date":"2021-03-25T07:57:38Z"},"properties":{"provisioningState":"Succeeded"}}'
    headers:
      cache-control:
      - no-cache
      content-length:
      - '428'
      content-type:
      - application/json; charset=utf-8
      date:
      - Thu, 25 Mar 2021 07:58:11 GMT
      expires:
      - '-1'
      pragma:
      - no-cache
      strict-transport-security:
      - max-age=31536000; includeSubDomains
      vary:
      - Accept-Encoding
      x-content-type-options:
      - nosniff
    status:
      code: 200
      message: OK
- request:
    body: '{"location": "westus", "sku": {"name": "Premium_MeteredData", "tier": "Premium",
      "family": "MeteredData"}, "properties": {"serviceProviderProperties": {"serviceProviderName":
      "Test Provider NW", "peeringLocation": "Denver Test", "bandwidthInMbps": 50}}}'
    headers:
      Accept:
      - application/json
      Accept-Encoding:
      - gzip, deflate
      CommandName:
      - network express-route create
      Connection:
      - keep-alive
      Content-Length:
      - '253'
      Content-Type:
      - application/json
      ParameterSetName:
      - -g -n --allow-global-reach --bandwidth --peering-location --provider --sku-tier
      User-Agent:
      - AZURECLI/2.21.0 azsdk-python-azure-mgmt-network/18.0.0 Python/3.8.8 (Windows-10-10.0.19041-SP0)
    method: PUT
    uri: https://management.azure.com/subscriptions/00000000-0000-0000-0000-000000000000/resourceGroups/cli_test_express_route_global_reach000001/providers/Microsoft.Network/expressRouteCircuits/er2?api-version=2020-11-01
  response:
    body:
      string: "{\r\n  \"name\": \"er2\",\r\n  \"id\": \"/subscriptions/00000000-0000-0000-0000-000000000000/resourceGroups/cli_test_express_route_global_reach000001/providers/Microsoft.Network/expressRouteCircuits/er2\",\r\n
        \ \"etag\": \"W/\\\"68d348a9-bfb2-4d83-b000-71c388c9e49c\\\"\",\r\n  \"type\":
        \"Microsoft.Network/expressRouteCircuits\",\r\n  \"location\": \"westus\",\r\n
        \ \"properties\": {\r\n    \"provisioningState\": \"Updating\",\r\n    \"resourceGuid\":
        \"c999b35a-f23d-455e-b166-a235df4bdd6e\",\r\n    \"peerings\": [],\r\n    \"authorizations\":
        [],\r\n    \"serviceProviderProperties\": {\r\n      \"serviceProviderName\":
        \"Test Provider NW\",\r\n      \"peeringLocation\": \"Denver Test\",\r\n      \"bandwidthInMbps\":
        50\r\n    },\r\n    \"circuitProvisioningState\": \"Disabled\",\r\n    \"allowClassicOperations\":
        false,\r\n    \"serviceKey\": \"00000000-0000-0000-0000-000000000000\",\r\n
        \   \"serviceProviderProvisioningState\": \"NotProvisioned\",\r\n    \"allowGlobalReach\":
        false,\r\n    \"globalReachEnabled\": false\r\n  },\r\n  \"sku\": {\r\n    \"name\":
        \"Premium_MeteredData\",\r\n    \"tier\": \"Premium\",\r\n    \"family\":
        \"MeteredData\"\r\n  }\r\n}"
    headers:
      azure-asyncnotification:
      - Enabled
      azure-asyncoperation:
      - https://management.azure.com/subscriptions/00000000-0000-0000-0000-000000000000/providers/Microsoft.Network/locations/westus/operations/608ee46f-3b05-4ee8-934e-8ad317a67f4a?api-version=2020-11-01
      cache-control:
      - no-cache
      content-length:
      - '1073'
      content-type:
      - application/json; charset=utf-8
      date:
      - Thu, 25 Mar 2021 07:58:17 GMT
      expires:
      - '-1'
      pragma:
      - no-cache
      server:
      - Microsoft-HTTPAPI/2.0
      - Microsoft-HTTPAPI/2.0
      strict-transport-security:
      - max-age=31536000; includeSubDomains
      x-content-type-options:
      - nosniff
      x-ms-arm-service-request-id:
      - 3c179ba9-ea5a-45eb-bb18-e167eef71731
      x-ms-ratelimit-remaining-subscription-writes:
      - '1199'
    status:
      code: 201
      message: Created
- request:
    body: null
    headers:
      Accept:
      - '*/*'
      Accept-Encoding:
      - gzip, deflate
      CommandName:
      - network express-route create
      Connection:
      - keep-alive
      ParameterSetName:
      - -g -n --allow-global-reach --bandwidth --peering-location --provider --sku-tier
      User-Agent:
      - AZURECLI/2.21.0 azsdk-python-azure-mgmt-network/18.0.0 Python/3.8.8 (Windows-10-10.0.19041-SP0)
    method: GET
    uri: https://management.azure.com/subscriptions/00000000-0000-0000-0000-000000000000/providers/Microsoft.Network/locations/westus/operations/608ee46f-3b05-4ee8-934e-8ad317a67f4a?api-version=2020-11-01
  response:
    body:
      string: "{\r\n  \"status\": \"Succeeded\"\r\n}"
    headers:
      cache-control:
      - no-cache
      content-length:
      - '29'
      content-type:
      - application/json; charset=utf-8
      date:
      - Thu, 25 Mar 2021 07:58:28 GMT
      expires:
      - '-1'
      pragma:
      - no-cache
      server:
      - Microsoft-HTTPAPI/2.0
      - Microsoft-HTTPAPI/2.0
      strict-transport-security:
      - max-age=31536000; includeSubDomains
      transfer-encoding:
      - chunked
      vary:
      - Accept-Encoding
      x-content-type-options:
      - nosniff
      x-ms-arm-service-request-id:
      - 377c035f-9e81-4b8b-a389-4332594c63c1
    status:
      code: 200
      message: OK
- request:
    body: null
    headers:
      Accept:
      - '*/*'
      Accept-Encoding:
      - gzip, deflate
      CommandName:
      - network express-route create
      Connection:
      - keep-alive
      ParameterSetName:
      - -g -n --allow-global-reach --bandwidth --peering-location --provider --sku-tier
      User-Agent:
      - AZURECLI/2.21.0 azsdk-python-azure-mgmt-network/18.0.0 Python/3.8.8 (Windows-10-10.0.19041-SP0)
    method: GET
    uri: https://management.azure.com/subscriptions/00000000-0000-0000-0000-000000000000/resourceGroups/cli_test_express_route_global_reach000001/providers/Microsoft.Network/expressRouteCircuits/er2?api-version=2020-11-01
  response:
    body:
      string: "{\r\n  \"name\": \"er2\",\r\n  \"id\": \"/subscriptions/00000000-0000-0000-0000-000000000000/resourceGroups/cli_test_express_route_global_reach000001/providers/Microsoft.Network/expressRouteCircuits/er2\",\r\n
        \ \"etag\": \"W/\\\"e5999a31-db9d-48eb-9d5c-b84014946016\\\"\",\r\n  \"type\":
        \"Microsoft.Network/expressRouteCircuits\",\r\n  \"location\": \"westus\",\r\n
        \ \"properties\": {\r\n    \"provisioningState\": \"Succeeded\",\r\n    \"resourceGuid\":
        \"c999b35a-f23d-455e-b166-a235df4bdd6e\",\r\n    \"peerings\": [],\r\n    \"authorizations\":
        [],\r\n    \"serviceProviderProperties\": {\r\n      \"serviceProviderName\":
        \"Test Provider NW\",\r\n      \"peeringLocation\": \"Denver Test\",\r\n      \"bandwidthInMbps\":
        50\r\n    },\r\n    \"circuitProvisioningState\": \"Enabled\",\r\n    \"allowClassicOperations\":
        false,\r\n    \"gatewayManagerEtag\": \"\",\r\n    \"serviceKey\": \"5ce6a160-d41a-4267-abd6-6b6da47d952f\",\r\n
        \   \"serviceProviderProvisioningState\": \"NotProvisioned\",\r\n    \"allowGlobalReach\":
        false,\r\n    \"globalReachEnabled\": false,\r\n    \"stag\": 2\r\n  },\r\n
        \ \"sku\": {\r\n    \"name\": \"Premium_MeteredData\",\r\n    \"tier\": \"Premium\",\r\n
        \   \"family\": \"MeteredData\"\r\n  }\r\n}"
    headers:
      cache-control:
      - no-cache
      content-length:
      - '1120'
      content-type:
      - application/json; charset=utf-8
      date:
      - Thu, 25 Mar 2021 07:58:29 GMT
      expires:
      - '-1'
      pragma:
      - no-cache
      server:
      - Microsoft-HTTPAPI/2.0
      - Microsoft-HTTPAPI/2.0
      strict-transport-security:
      - max-age=31536000; includeSubDomains
      transfer-encoding:
      - chunked
      vary:
      - Accept-Encoding
      x-content-type-options:
      - nosniff
      x-ms-arm-service-request-id:
      - d2d90c74-a8e6-4a82-b3df-17cb90a9ba8b
    status:
      code: 200
      message: OK
- request:
    body: '{"properties": {"peeringType": "AzurePrivatePeering", "peerASN": 10002,
      "primaryPeerAddressPrefix": "104.0.0.0/30", "secondaryPeerAddressPrefix": "105.0.0.0/30",
      "vlanId": 102}}'
    headers:
      Accept:
      - application/json
      Accept-Encoding:
      - gzip, deflate
      CommandName:
      - network express-route peering create
      Connection:
      - keep-alive
      Content-Length:
      - '177'
      Content-Type:
      - application/json
      ParameterSetName:
      - -g --circuit-name --peering-type --peer-asn --vlan-id --primary-peer-subnet
        --secondary-peer-subnet
      User-Agent:
      - AZURECLI/2.21.0 azsdk-python-azure-mgmt-network/18.0.0 Python/3.8.8 (Windows-10-10.0.19041-SP0)
    method: PUT
    uri: https://management.azure.com/subscriptions/00000000-0000-0000-0000-000000000000/resourceGroups/cli_test_express_route_global_reach000001/providers/Microsoft.Network/expressRouteCircuits/er2/peerings/AzurePrivatePeering?api-version=2020-11-01
  response:
    body:
      string: "{\r\n  \"name\": \"AzurePrivatePeering\",\r\n  \"id\": \"/subscriptions/00000000-0000-0000-0000-000000000000/resourceGroups/cli_test_express_route_global_reach000001/providers/Microsoft.Network/expressRouteCircuits/er2/peerings/AzurePrivatePeering\",\r\n
        \ \"etag\": \"W/\\\"62414369-bd89-4a29-94b6-afa440c6b80a\\\"\",\r\n  \"properties\":
        {\r\n    \"provisioningState\": \"Updating\",\r\n    \"peeringType\": \"AzurePrivatePeering\",\r\n
        \   \"azureASN\": 0,\r\n    \"peerASN\": 10002,\r\n    \"primaryPeerAddressPrefix\":
        \"104.0.0.0/30\",\r\n    \"secondaryPeerAddressPrefix\": \"105.0.0.0/30\",\r\n
        \   \"state\": \"Enabled\",\r\n    \"vlanId\": 102,\r\n    \"lastModifiedBy\":
        \"\",\r\n    \"connections\": [],\r\n    \"peeredConnections\": []\r\n  },\r\n
        \ \"type\": \"Microsoft.Network/expressRouteCircuits/peerings\"\r\n}"
    headers:
      azure-asyncoperation:
      - https://management.azure.com/subscriptions/00000000-0000-0000-0000-000000000000/providers/Microsoft.Network/locations/westus/operations/dfd9c6c4-da02-49d9-b7c3-b0568ffb9a1d?api-version=2020-11-01
      cache-control:
      - no-cache
      content-length:
      - '767'
      content-type:
      - application/json; charset=utf-8
      date:
      - Thu, 25 Mar 2021 07:58:29 GMT
      expires:
      - '-1'
      pragma:
      - no-cache
      server:
      - Microsoft-HTTPAPI/2.0
      - Microsoft-HTTPAPI/2.0
      strict-transport-security:
      - max-age=31536000; includeSubDomains
      x-content-type-options:
      - nosniff
      x-ms-arm-service-request-id:
      - a1147503-7592-4ef3-8275-8107c3647e0e
      x-ms-ratelimit-remaining-subscription-writes:
      - '1198'
    status:
      code: 201
      message: Created
- request:
    body: null
    headers:
      Accept:
      - '*/*'
      Accept-Encoding:
      - gzip, deflate
      CommandName:
      - network express-route peering create
      Connection:
      - keep-alive
      ParameterSetName:
      - -g --circuit-name --peering-type --peer-asn --vlan-id --primary-peer-subnet
        --secondary-peer-subnet
      User-Agent:
      - AZURECLI/2.21.0 azsdk-python-azure-mgmt-network/18.0.0 Python/3.8.8 (Windows-10-10.0.19041-SP0)
    method: GET
    uri: https://management.azure.com/subscriptions/00000000-0000-0000-0000-000000000000/providers/Microsoft.Network/locations/westus/operations/dfd9c6c4-da02-49d9-b7c3-b0568ffb9a1d?api-version=2020-11-01
  response:
    body:
      string: "{\r\n  \"status\": \"Succeeded\"\r\n}"
    headers:
      cache-control:
      - no-cache
      content-length:
      - '29'
      content-type:
      - application/json; charset=utf-8
      date:
      - Thu, 25 Mar 2021 07:58:40 GMT
      expires:
      - '-1'
      pragma:
      - no-cache
      server:
      - Microsoft-HTTPAPI/2.0
      - Microsoft-HTTPAPI/2.0
      strict-transport-security:
      - max-age=31536000; includeSubDomains
      transfer-encoding:
      - chunked
      vary:
      - Accept-Encoding
      x-content-type-options:
      - nosniff
      x-ms-arm-service-request-id:
      - 45b8c1ac-4292-4fdc-ad52-d447a310227d
    status:
      code: 200
      message: OK
- request:
    body: null
    headers:
      Accept:
      - '*/*'
      Accept-Encoding:
      - gzip, deflate
      CommandName:
      - network express-route peering create
      Connection:
      - keep-alive
      ParameterSetName:
      - -g --circuit-name --peering-type --peer-asn --vlan-id --primary-peer-subnet
        --secondary-peer-subnet
      User-Agent:
      - AZURECLI/2.21.0 azsdk-python-azure-mgmt-network/18.0.0 Python/3.8.8 (Windows-10-10.0.19041-SP0)
    method: GET
    uri: https://management.azure.com/subscriptions/00000000-0000-0000-0000-000000000000/resourceGroups/cli_test_express_route_global_reach000001/providers/Microsoft.Network/expressRouteCircuits/er2/peerings/AzurePrivatePeering?api-version=2020-11-01
  response:
    body:
      string: "{\r\n  \"name\": \"AzurePrivatePeering\",\r\n  \"id\": \"/subscriptions/00000000-0000-0000-0000-000000000000/resourceGroups/cli_test_express_route_global_reach000001/providers/Microsoft.Network/expressRouteCircuits/er2/peerings/AzurePrivatePeering\",\r\n
        \ \"etag\": \"W/\\\"75b35adc-d355-4450-9f6f-87cacf0a6587\\\"\",\r\n  \"properties\":
        {\r\n    \"provisioningState\": \"Succeeded\",\r\n    \"peeringType\": \"AzurePrivatePeering\",\r\n
        \   \"azureASN\": 12076,\r\n    \"peerASN\": 10002,\r\n    \"primaryPeerAddressPrefix\":
        \"104.0.0.0/30\",\r\n    \"secondaryPeerAddressPrefix\": \"105.0.0.0/30\",\r\n
        \   \"primaryAzurePort\": \"OC-TEST-06GMR-CIS-1-PRI-A\",\r\n    \"secondaryAzurePort\":
        \"OC-TEST-06GMR-CIS-2-SEC-A\",\r\n    \"state\": \"Enabled\",\r\n    \"vlanId\":
        102,\r\n    \"gatewayManagerEtag\": \"\",\r\n    \"lastModifiedBy\": \"Customer\",\r\n
        \   \"connections\": [],\r\n    \"peeredConnections\": []\r\n  },\r\n  \"type\":
        \"Microsoft.Network/expressRouteCircuits/peerings\"\r\n}"
    headers:
      cache-control:
      - no-cache
      content-length:
      - '921'
      content-type:
      - application/json; charset=utf-8
      date:
      - Thu, 25 Mar 2021 07:58:41 GMT
      expires:
      - '-1'
      pragma:
      - no-cache
      server:
      - Microsoft-HTTPAPI/2.0
      - Microsoft-HTTPAPI/2.0
      strict-transport-security:
      - max-age=31536000; includeSubDomains
      transfer-encoding:
      - chunked
      vary:
      - Accept-Encoding
      x-content-type-options:
      - nosniff
      x-ms-arm-service-request-id:
      - c7b62630-0a84-4a3c-9a89-a91d72a6cbf7
    status:
      code: 200
      message: OK
- request:
    body: '{"properties": {"expressRouteCircuitPeering": {"id": "/subscriptions/00000000-0000-0000-0000-000000000000/resourceGroups/cli_test_express_route_global_reach000001/providers/Microsoft.Network/expressRouteCircuits/er1/peerings/AzurePrivatePeering"},
      "peerExpressRouteCircuitPeering": {"id": "/subscriptions/00000000-0000-0000-0000-000000000000/resourceGroups/cli_test_express_route_global_reach000001/providers/Microsoft.Network/expressRouteCircuits/er2/peerings/AzurePrivatePeering"},
      "addressPrefix": "104.0.0.0/29"}}'
    headers:
      Accept:
      - application/json
      Accept-Encoding:
      - gzip, deflate
      CommandName:
      - network express-route peering connection create
      Connection:
      - keep-alive
      Content-Length:
      - '585'
      Content-Type:
      - application/json
      ParameterSetName:
      - -g --circuit-name --peering-name -n --peer-circuit --address-prefix
      User-Agent:
      - AZURECLI/2.21.0 azsdk-python-azure-mgmt-network/18.0.0 Python/3.8.8 (Windows-10-10.0.19041-SP0)
    method: PUT
    uri: https://management.azure.com/subscriptions/00000000-0000-0000-0000-000000000000/resourceGroups/cli_test_express_route_global_reach000001/providers/Microsoft.Network/expressRouteCircuits/er1/peerings/AzurePrivatePeering/connections/conn12?api-version=2020-11-01
  response:
    body:
      string: "{\r\n  \"name\": \"conn12\",\r\n  \"id\": \"/subscriptions/00000000-0000-0000-0000-000000000000/resourceGroups/cli_test_express_route_global_reach000001/providers/Microsoft.Network/expressRouteCircuits/er1/peerings/AzurePrivatePeering/connections/conn12\",\r\n
        \ \"etag\": \"W/\\\"6d7a8e26-7cec-4c32-94ef-e7947824047d\\\"\",\r\n  \"properties\":
        {\r\n    \"provisioningState\": \"Updating\",\r\n    \"expressRouteCircuitPeering\":
        {\r\n      \"id\": \"/subscriptions/00000000-0000-0000-0000-000000000000/resourceGroups/cli_test_express_route_global_reach000001/providers/Microsoft.Network/expressRouteCircuits/er1/peerings/AzurePrivatePeering\"\r\n
        \   },\r\n    \"peerExpressRouteCircuitPeering\": {\r\n      \"id\": \"/subscriptions/00000000-0000-0000-0000-000000000000/resourceGroups/cli_test_express_route_global_reach000001/providers/Microsoft.Network/expressRouteCircuits/er2/peerings/AzurePrivatePeering\"\r\n
        \   },\r\n    \"addressPrefix\": \"104.0.0.0/29\",\r\n    \"circuitConnectionStatus\":
        \"Disconnected\"\r\n  },\r\n  \"type\": \"Microsoft.Network/expressRouteCircuits/peerings/connections\"\r\n}"
    headers:
      azure-asyncoperation:
      - https://management.azure.com/subscriptions/00000000-0000-0000-0000-000000000000/providers/Microsoft.Network/locations/westus/operations/0daec1f8-d578-4363-9006-c0fd207adf01?api-version=2020-11-01
      cache-control:
      - no-cache
      content-length:
      - '1133'
      content-type:
      - application/json; charset=utf-8
      date:
      - Thu, 25 Mar 2021 07:58:42 GMT
      expires:
      - '-1'
      pragma:
      - no-cache
      server:
      - Microsoft-HTTPAPI/2.0
      - Microsoft-HTTPAPI/2.0
      strict-transport-security:
      - max-age=31536000; includeSubDomains
      x-content-type-options:
      - nosniff
      x-ms-arm-service-request-id:
      - 2764f24c-8346-4812-bbc6-9fa0590dece7
      x-ms-ratelimit-remaining-subscription-writes:
      - '1199'
    status:
      code: 201
      message: Created
- request:
    body: null
    headers:
      Accept:
      - '*/*'
      Accept-Encoding:
      - gzip, deflate
      CommandName:
      - network express-route peering connection create
      Connection:
      - keep-alive
      ParameterSetName:
      - -g --circuit-name --peering-name -n --peer-circuit --address-prefix
      User-Agent:
      - AZURECLI/2.21.0 azsdk-python-azure-mgmt-network/18.0.0 Python/3.8.8 (Windows-10-10.0.19041-SP0)
    method: GET
    uri: https://management.azure.com/subscriptions/00000000-0000-0000-0000-000000000000/providers/Microsoft.Network/locations/westus/operations/0daec1f8-d578-4363-9006-c0fd207adf01?api-version=2020-11-01
  response:
    body:
      string: "{\r\n  \"status\": \"Failed\",\r\n  \"error\": {\r\n    \"code\": \"InitiatingCircuitNotProvisioned\",\r\n
        \   \"message\": \"Put Global Reach Connection Initiating Circuit Subscription
        = 0b1f6471-1bf0-4dda-aec3-cb9272f09590, ServiceKey = 98f6720d-99fb-490a-a0b0-fb3d7a5377f6
        is Not Provisioned. Current Status NotProvisioned\",\r\n    \"details\": []\r\n
        \ }\r\n}"
    headers:
      cache-control:
      - no-cache
      content-length:
      - '332'
      content-type:
      - application/json; charset=utf-8
      date:
      - Thu, 25 Mar 2021 07:58:52 GMT
      expires:
      - '-1'
      pragma:
      - no-cache
      server:
      - Microsoft-HTTPAPI/2.0
      - Microsoft-HTTPAPI/2.0
      strict-transport-security:
      - max-age=31536000; includeSubDomains
      transfer-encoding:
      - chunked
      vary:
      - Accept-Encoding
      x-content-type-options:
      - nosniff
      x-ms-arm-service-request-id:
      - 3f884576-57c2-4d51-b541-647200453ff5
    status:
      code: 200
      message: OK
- request:
    body: null
    headers:
      Accept:
      - application/json
      Accept-Encoding:
      - gzip, deflate
      CommandName:
      - network express-route peering connection show
      Connection:
      - keep-alive
      ParameterSetName:
      - -g --circuit-name --peering-name -n
      User-Agent:
      - AZURECLI/2.21.0 azsdk-python-azure-mgmt-network/18.0.0 Python/3.8.8 (Windows-10-10.0.19041-SP0)
    method: GET
    uri: https://management.azure.com/subscriptions/00000000-0000-0000-0000-000000000000/resourceGroups/cli_test_express_route_global_reach000001/providers/Microsoft.Network/expressRouteCircuits/er1/peerings/AzurePrivatePeering/connections/conn12?api-version=2020-11-01
  response:
    body:
      string: "{\r\n  \"name\": \"conn12\",\r\n  \"id\": \"/subscriptions/00000000-0000-0000-0000-000000000000/resourceGroups/cli_test_express_route_global_reach000001/providers/Microsoft.Network/expressRouteCircuits/er1/peerings/AzurePrivatePeering/connections/conn12\",\r\n
        \ \"etag\": \"W/\\\"73fd0577-72d0-4d2b-b92c-ec948387948e\\\"\",\r\n  \"properties\":
        {\r\n    \"provisioningState\": \"Failed\",\r\n    \"expressRouteCircuitPeering\":
        {\r\n      \"id\": \"/subscriptions/00000000-0000-0000-0000-000000000000/resourceGroups/cli_test_express_route_global_reach000001/providers/Microsoft.Network/expressRouteCircuits/er1/peerings/AzurePrivatePeering\"\r\n
        \   },\r\n    \"peerExpressRouteCircuitPeering\": {\r\n      \"id\": \"/subscriptions/00000000-0000-0000-0000-000000000000/resourceGroups/cli_test_express_route_global_reach000001/providers/Microsoft.Network/expressRouteCircuits/er2/peerings/AzurePrivatePeering\"\r\n
        \   },\r\n    \"addressPrefix\": \"104.0.0.0/29\",\r\n    \"circuitConnectionStatus\":
        \"Connected\"\r\n  },\r\n  \"type\": \"Microsoft.Network/expressRouteCircuits/peerings/connections\"\r\n}"
    headers:
      cache-control:
      - no-cache
      content-length:
      - '1128'
      content-type:
      - application/json; charset=utf-8
      date:
      - Thu, 25 Mar 2021 07:58:53 GMT
      etag:
      - W/"73fd0577-72d0-4d2b-b92c-ec948387948e"
      expires:
      - '-1'
      pragma:
      - no-cache
      server:
      - Microsoft-HTTPAPI/2.0
      - Microsoft-HTTPAPI/2.0
      strict-transport-security:
      - max-age=31536000; includeSubDomains
      transfer-encoding:
      - chunked
      vary:
      - Accept-Encoding
      x-content-type-options:
      - nosniff
      x-ms-arm-service-request-id:
      - af2d11a4-328e-480e-ac80-bcab20a29d5a
    status:
      code: 200
      message: OK
- request:
    body: null
    headers:
      Accept:
      - application/json
      Accept-Encoding:
      - gzip, deflate
      CommandName:
      - network express-route peering connection list
      Connection:
      - keep-alive
      ParameterSetName:
      - -g --circuit-name --peering-name
      User-Agent:
      - AZURECLI/2.21.0 azsdk-python-azure-mgmt-network/18.0.0 Python/3.8.8 (Windows-10-10.0.19041-SP0)
    method: GET
    uri: https://management.azure.com/subscriptions/00000000-0000-0000-0000-000000000000/resourceGroups/cli_test_express_route_global_reach000001/providers/Microsoft.Network/expressRouteCircuits/er1/peerings/AzurePrivatePeering/connections?api-version=2020-11-01
  response:
    body:
      string: "{\r\n  \"value\": [\r\n    {\r\n      \"name\": \"conn12\",\r\n      \"id\":
        \"/subscriptions/00000000-0000-0000-0000-000000000000/resourceGroups/cli_test_express_route_global_reach000001/providers/Microsoft.Network/expressRouteCircuits/er1/peerings/AzurePrivatePeering/connections/conn12\",\r\n
        \     \"etag\": \"W/\\\"73fd0577-72d0-4d2b-b92c-ec948387948e\\\"\",\r\n      \"properties\":
        {\r\n        \"provisioningState\": \"Failed\",\r\n        \"expressRouteCircuitPeering\":
        {\r\n          \"id\": \"/subscriptions/00000000-0000-0000-0000-000000000000/resourceGroups/cli_test_express_route_global_reach000001/providers/Microsoft.Network/expressRouteCircuits/er1/peerings/AzurePrivatePeering\"\r\n
        \       },\r\n        \"peerExpressRouteCircuitPeering\": {\r\n          \"id\":
        \"/subscriptions/00000000-0000-0000-0000-000000000000/resourceGroups/cli_test_express_route_global_reach000001/providers/Microsoft.Network/expressRouteCircuits/er2/peerings/AzurePrivatePeering\"\r\n
        \       },\r\n        \"addressPrefix\": \"104.0.0.0/29\",\r\n        \"circuitConnectionStatus\":
        \"Connected\"\r\n      },\r\n      \"type\": \"Microsoft.Network/expressRouteCircuits/peerings/connections\"\r\n
        \   }\r\n  ]\r\n}"
    headers:
      cache-control:
      - no-cache
      content-length:
      - '1221'
      content-type:
      - application/json; charset=utf-8
      date:
      - Thu, 25 Mar 2021 07:58:54 GMT
      expires:
      - '-1'
      pragma:
      - no-cache
      server:
      - Microsoft-HTTPAPI/2.0
      - Microsoft-HTTPAPI/2.0
      strict-transport-security:
      - max-age=31536000; includeSubDomains
      transfer-encoding:
      - chunked
      vary:
      - Accept-Encoding
      x-content-type-options:
      - nosniff
      x-ms-arm-service-request-id:
      - dbda213f-4f98-46c0-a679-8c0534eb64ef
    status:
      code: 200
      message: OK
- request:
    body: null
    headers:
      Accept:
      - application/json
      Accept-Encoding:
      - gzip, deflate
      CommandName:
      - network express-route peering connection delete
      Connection:
      - keep-alive
      Content-Length:
      - '0'
      ParameterSetName:
      - -g --circuit-name --peering-name -n
      User-Agent:
      - AZURECLI/2.21.0 azsdk-python-azure-mgmt-network/18.0.0 Python/3.8.8 (Windows-10-10.0.19041-SP0)
    method: DELETE
    uri: https://management.azure.com/subscriptions/00000000-0000-0000-0000-000000000000/resourceGroups/cli_test_express_route_global_reach000001/providers/Microsoft.Network/expressRouteCircuits/er1/peerings/AzurePrivatePeering/connections/conn12?api-version=2020-11-01
  response:
    body:
      string: ''
    headers:
      azure-asyncoperation:
      - https://management.azure.com/subscriptions/00000000-0000-0000-0000-000000000000/providers/Microsoft.Network/locations/westus/operations/753dbd35-73ac-4617-9b8f-8f283137b3ab?api-version=2020-11-01
      cache-control:
      - no-cache
      content-length:
      - '0'
      date:
      - Thu, 25 Mar 2021 07:58:54 GMT
      expires:
      - '-1'
      location:
      - https://management.azure.com/subscriptions/00000000-0000-0000-0000-000000000000/providers/Microsoft.Network/locations/westus/operationResults/753dbd35-73ac-4617-9b8f-8f283137b3ab?api-version=2020-11-01
      pragma:
      - no-cache
      server:
      - Microsoft-HTTPAPI/2.0
      - Microsoft-HTTPAPI/2.0
      strict-transport-security:
      - max-age=31536000; includeSubDomains
      x-content-type-options:
      - nosniff
      x-ms-arm-service-request-id:
      - e9f37cb4-0048-4462-9a8f-8e88ecd16c94
      x-ms-ratelimit-remaining-subscription-deletes:
      - '14999'
    status:
      code: 202
      message: Accepted
- request:
    body: null
    headers:
      Accept:
      - '*/*'
      Accept-Encoding:
      - gzip, deflate
      CommandName:
      - network express-route peering connection delete
      Connection:
      - keep-alive
      ParameterSetName:
      - -g --circuit-name --peering-name -n
      User-Agent:
      - AZURECLI/2.21.0 azsdk-python-azure-mgmt-network/18.0.0 Python/3.8.8 (Windows-10-10.0.19041-SP0)
    method: GET
    uri: https://management.azure.com/subscriptions/00000000-0000-0000-0000-000000000000/providers/Microsoft.Network/locations/westus/operations/753dbd35-73ac-4617-9b8f-8f283137b3ab?api-version=2020-11-01
  response:
    body:
      string: "{\r\n  \"status\": \"Succeeded\"\r\n}"
    headers:
      cache-control:
      - no-cache
      content-length:
      - '29'
      content-type:
      - application/json; charset=utf-8
      date:
      - Thu, 25 Mar 2021 07:59:04 GMT
      expires:
      - '-1'
      pragma:
      - no-cache
      server:
      - Microsoft-HTTPAPI/2.0
      - Microsoft-HTTPAPI/2.0
      strict-transport-security:
      - max-age=31536000; includeSubDomains
      transfer-encoding:
      - chunked
      vary:
      - Accept-Encoding
      x-content-type-options:
      - nosniff
      x-ms-arm-service-request-id:
      - 979500e6-a00f-44fa-92d6-486c3dab15c7
    status:
      code: 200
      message: OK
version: 1
