interactions:
- request:
    body: null
    headers:
      Accept:
      - application/json
      Accept-Encoding:
      - gzip, deflate
      CommandName:
      - network lb create
      Connection:
      - keep-alive
      ParameterSetName:
      - -n -g --sku
      User-Agent:
      - AZURECLI/2.40.0 azsdk-python-azure-mgmt-resource/21.1.0b1 Python/3.8.1 (Windows-10-10.0.22000-SP0)
    method: GET
    uri: https://management.azure.com/subscriptions/00000000-0000-0000-0000-000000000000/resourcegroups/cli_test_network_lb_port_mapping_000001?api-version=2021-04-01
  response:
    body:
      string: '{"id":"/subscriptions/00000000-0000-0000-0000-000000000000/resourceGroups/cli_test_network_lb_port_mapping_000001","name":"cli_test_network_lb_port_mapping_000001","type":"Microsoft.Resources/resourceGroups","location":"westus","tags":{"product":"azurecli","cause":"automation","date":"2022-10-13T10:27:23Z"},"properties":{"provisioningState":"Succeeded"}}'
    headers:
      cache-control:
      - no-cache
      content-length:
      - '356'
      content-type:
      - application/json; charset=utf-8
      date:
      - Thu, 13 Oct 2022 10:27:26 GMT
      expires:
      - '-1'
      pragma:
      - no-cache
      strict-transport-security:
      - max-age=31536000; includeSubDomains
      x-content-type-options:
      - nosniff
    status:
      code: 200
      message: OK
- request:
    body: null
    headers:
      Accept:
      - application/json
      Accept-Encoding:
      - gzip, deflate
      CommandName:
      - network lb create
      Connection:
      - keep-alive
      ParameterSetName:
      - -n -g --sku
      User-Agent:
      - AZURECLI/2.40.0 azsdk-python-azure-mgmt-resource/21.1.0b1 Python/3.8.1 (Windows-10-10.0.22000-SP0)
    method: GET
    uri: https://management.azure.com/subscriptions/00000000-0000-0000-0000-000000000000/resources?$filter=resourceGroup%20eq%20%27cli_test_network_lb_port_mapping_000001%27%20and%20name%20eq%20%27None%27%20and%20resourceType%20eq%20%27Microsoft.Network%2FpublicIPAddresses%27&api-version=2021-04-01
  response:
    body:
      string: '{"value":[],"nextLink":"https://management.azure.com/subscriptions/00000000-0000-0000-0000-000000000000/resources?%24filter=resourceGroup+eq+%27cli_test_network_lb_port_mapping_000001%27+and+name+eq+%27None%27+and+resourceType+eq+%27Microsoft.Network%2fpublicIPAddresses%27&api-version=2021-04-01&%24skiptoken=eyJuZXh0UGFydGl0aW9uS2V5IjoiMSE4IU9FTTVOa1UtIiwibmV4dFJvd0tleSI6IjEhMjA4IU1FSXhSalkwTnpFeFFrWXdORVJFUVVGRlF6TkRRamt5TnpKR01EazFPVEJmUjFKTUxWcElTVmxKU0ZWQlRrYzZNa1JTUnpveVJFVlZRVkE2TWtSRlFWTlVMVTFKUTFKUFUwOUdWRG95UlU1RlZGZFBVa3M2TWtaUVVrbFdRVlJGUkU1VFdrOU9SVk02TWtaUVVrbFdRVlJGVEVsT1N6b3lSVVpKVEVVNk1rVkRUMUpGT2pKRlYwbE9SRTlYVXpveVJVNUZWQzFIVEU5Q1FVdy0ifQ%3d%3d"}'
    headers:
      cache-control:
      - no-cache
      content-length:
      - '672'
      content-type:
      - application/json; charset=utf-8
      date:
      - Thu, 13 Oct 2022 10:27:28 GMT
      expires:
      - '-1'
      pragma:
      - no-cache
      strict-transport-security:
      - max-age=31536000; includeSubDomains
      x-content-type-options:
      - nosniff
    status:
      code: 200
      message: OK
- request:
    body: null
    headers:
      Accept:
      - application/json
      Accept-Encoding:
      - gzip, deflate
      CommandName:
      - network lb create
      Connection:
      - keep-alive
      ParameterSetName:
      - -n -g --sku
      User-Agent:
      - AZURECLI/2.40.0 azsdk-python-azure-mgmt-resource/21.1.0b1 Python/3.8.1 (Windows-10-10.0.22000-SP0)
    method: GET
    uri: https://management.azure.com/subscriptions/00000000-0000-0000-0000-000000000000/resources?api-version=2021-04-01&%24filter=resourceGroup+eq+%27cli_test_network_lb_port_mapping_000001%27+and+name+eq+%27None%27+and+resourceType+eq+%27Microsoft.Network%2FpublicIPAddresses%27&%24skiptoken=eyJuZXh0UGFydGl0aW9uS2V5IjoiMSE4IU9FTTVOa1UtIiwibmV4dFJvd0tleSI6IjEhMjA4IU1FSXhSalkwTnpFeFFrWXdORVJFUVVGRlF6TkRRamt5TnpKR01EazFPVEJmUjFKTUxWcElTVmxKU0ZWQlRrYzZNa1JTUnpveVJFVlZRVkE2TWtSRlFWTlVMVTFKUTFKUFUwOUdWRG95UlU1RlZGZFBVa3M2TWtaUVVrbFdRVlJGUkU1VFdrOU9SVk02TWtaUVVrbFdRVlJGVEVsT1N6b3lSVVpKVEVVNk1rVkRUMUpGT2pKRlYwbE9SRTlYVXpveVJVNUZWQzFIVEU5Q1FVdy0ifQ%3D%3D
  response:
    body:
      string: '{"value":[]}'
    headers:
      cache-control:
      - no-cache
      content-length:
      - '12'
      content-type:
      - application/json; charset=utf-8
      date:
      - Thu, 13 Oct 2022 10:27:28 GMT
      expires:
      - '-1'
      pragma:
      - no-cache
      strict-transport-security:
      - max-age=31536000; includeSubDomains
      x-content-type-options:
      - nosniff
    status:
      code: 200
      message: OK
- request:
    body: '{"location": "westus", "tags": {}, "sku": {"name": "Standard"}, "properties":
      {"publicIPAllocationMethod": "Static"}}'
    headers:
      Accept:
      - application/json
      Accept-Encoding:
      - gzip, deflate
      CommandName:
      - network lb create
      Connection:
      - keep-alive
      Content-Length:
      - '117'
      Content-Type:
      - application/json
      ParameterSetName:
      - -n -g --sku
      User-Agent:
      - AZURECLI/2.40.0 azsdk-python-azure-mgmt-network/21.0.1 Python/3.8.1 (Windows-10-10.0.22000-SP0)
    method: PUT
    uri: https://management.azure.com/subscriptions/00000000-0000-0000-0000-000000000000/resourceGroups/cli_test_network_lb_port_mapping_000001/providers/Microsoft.Network/publicIPAddresses/PublicIPtest-lb?api-version=2022-01-01
  response:
    body:
      string: "{\r\n  \"name\": \"PublicIPtest-lb\",\r\n  \"id\": \"/subscriptions/00000000-0000-0000-0000-000000000000/resourceGroups/cli_test_network_lb_port_mapping_000001/providers/Microsoft.Network/publicIPAddresses/PublicIPtest-lb\",\r\n
        \ \"etag\": \"W/\\\"cd3003c1-e0bc-49a1-91a0-d2f923a583e1\\\"\",\r\n  \"location\":
        \"westus\",\r\n  \"tags\": {},\r\n  \"properties\": {\r\n    \"provisioningState\":
        \"Updating\",\r\n    \"resourceGuid\": \"d235e492-e9c4-4625-8f1c-85054afb4015\",\r\n
        \   \"publicIPAddressVersion\": \"IPv4\",\r\n    \"publicIPAllocationMethod\":
        \"Static\",\r\n    \"idleTimeoutInMinutes\": 4,\r\n    \"ipTags\": []\r\n
        \ },\r\n  \"type\": \"Microsoft.Network/publicIPAddresses\",\r\n  \"sku\":
        {\r\n    \"name\": \"Standard\",\r\n    \"tier\": \"Regional\"\r\n  }\r\n}"
    headers:
      azure-asyncnotification:
      - Enabled
      azure-asyncoperation:
      - https://management.azure.com/subscriptions/00000000-0000-0000-0000-000000000000/providers/Microsoft.Network/locations/westus/operations/3ededb44-f555-4322-b7cd-45a893dc5db9?api-version=2022-01-01
      cache-control:
      - no-cache
      content-length:
      - '684'
      content-type:
      - application/json; charset=utf-8
      date:
      - Thu, 13 Oct 2022 10:27:32 GMT
      expires:
      - '-1'
      pragma:
      - no-cache
      server:
      - Microsoft-HTTPAPI/2.0
      - Microsoft-HTTPAPI/2.0
      strict-transport-security:
      - max-age=31536000; includeSubDomains
      x-content-type-options:
      - nosniff
      x-ms-arm-service-request-id:
      - 3f177aad-5c91-4e8b-b03d-6fd4e5bd0b99
      x-ms-ratelimit-remaining-subscription-writes:
      - '1197'
    status:
      code: 201
      message: Created
- request:
    body: null
    headers:
      Accept:
      - application/json
      Accept-Encoding:
      - gzip, deflate
      CommandName:
      - network lb create
      Connection:
      - keep-alive
      ParameterSetName:
      - -n -g --sku
      User-Agent:
      - AZURECLI/2.40.0 azsdk-python-azure-mgmt-resource/21.1.0b1 Python/3.8.1 (Windows-10-10.0.22000-SP0)
    method: GET
    uri: https://management.azure.com/subscriptions/00000000-0000-0000-0000-000000000000/resourcegroups/cli_test_network_lb_port_mapping_000001?api-version=2021-04-01
  response:
    body:
      string: '{"id":"/subscriptions/00000000-0000-0000-0000-000000000000/resourceGroups/cli_test_network_lb_port_mapping_000001","name":"cli_test_network_lb_port_mapping_000001","type":"Microsoft.Resources/resourceGroups","location":"westus","tags":{"product":"azurecli","cause":"automation","date":"2022-10-13T10:27:23Z"},"properties":{"provisioningState":"Succeeded"}}'
    headers:
      cache-control:
      - no-cache
      content-length:
      - '356'
      content-type:
      - application/json; charset=utf-8
      date:
      - Thu, 13 Oct 2022 10:27:33 GMT
      expires:
      - '-1'
      pragma:
      - no-cache
      strict-transport-security:
      - max-age=31536000; includeSubDomains
      vary:
      - Accept-Encoding
      x-content-type-options:
      - nosniff
    status:
      code: 200
      message: OK
- request:
    body: null
    headers:
      Accept:
      - '*/*'
      Accept-Encoding:
      - gzip, deflate
      CommandName:
      - network lb create
      Connection:
      - keep-alive
      ParameterSetName:
      - -n -g --sku
      User-Agent:
      - AZURECLI/2.40.0 azsdk-python-azure-mgmt-network/21.0.1 Python/3.8.1 (Windows-10-10.0.22000-SP0)
    method: GET
    uri: https://management.azure.com/subscriptions/00000000-0000-0000-0000-000000000000/providers/Microsoft.Network/locations/westus/operations/3ededb44-f555-4322-b7cd-45a893dc5db9?api-version=2022-01-01
  response:
    body:
      string: "{\r\n  \"status\": \"Succeeded\"\r\n}"
    headers:
      cache-control:
      - no-cache
      content-length:
      - '29'
      content-type:
      - application/json; charset=utf-8
      date:
      - Thu, 13 Oct 2022 10:27:34 GMT
      expires:
      - '-1'
      pragma:
      - no-cache
      server:
      - Microsoft-HTTPAPI/2.0
      - Microsoft-HTTPAPI/2.0
      strict-transport-security:
      - max-age=31536000; includeSubDomains
      transfer-encoding:
      - chunked
      vary:
      - Accept-Encoding
      x-content-type-options:
      - nosniff
      x-ms-arm-service-request-id:
      - 00fc708d-4936-4a71-96b8-0e0be6a64088
    status:
      code: 200
      message: OK
- request:
    body: null
    headers:
      Accept:
      - '*/*'
      Accept-Encoding:
      - gzip, deflate
      CommandName:
      - network lb create
      Connection:
      - keep-alive
      ParameterSetName:
      - -n -g --sku
      User-Agent:
      - AZURECLI/2.40.0 azsdk-python-azure-mgmt-network/21.0.1 Python/3.8.1 (Windows-10-10.0.22000-SP0)
    method: GET
    uri: https://management.azure.com/subscriptions/00000000-0000-0000-0000-000000000000/resourceGroups/cli_test_network_lb_port_mapping_000001/providers/Microsoft.Network/publicIPAddresses/PublicIPtest-lb?api-version=2022-01-01
  response:
    body:
      string: "{\r\n  \"name\": \"PublicIPtest-lb\",\r\n  \"id\": \"/subscriptions/00000000-0000-0000-0000-000000000000/resourceGroups/cli_test_network_lb_port_mapping_000001/providers/Microsoft.Network/publicIPAddresses/PublicIPtest-lb\",\r\n
        \ \"etag\": \"W/\\\"3ff086cc-ddec-4b12-9427-94151666b149\\\"\",\r\n  \"location\":
        \"westus\",\r\n  \"tags\": {},\r\n  \"properties\": {\r\n    \"provisioningState\":
        \"Succeeded\",\r\n    \"resourceGuid\": \"d235e492-e9c4-4625-8f1c-85054afb4015\",\r\n
        \   \"ipAddress\": \"20.245.44.160\",\r\n    \"publicIPAddressVersion\": \"IPv4\",\r\n
        \   \"publicIPAllocationMethod\": \"Static\",\r\n    \"idleTimeoutInMinutes\":
        4,\r\n    \"ipTags\": []\r\n  },\r\n  \"type\": \"Microsoft.Network/publicIPAddresses\",\r\n
        \ \"sku\": {\r\n    \"name\": \"Standard\",\r\n    \"tier\": \"Regional\"\r\n
        \ }\r\n}"
    headers:
      cache-control:
      - no-cache
      content-length:
      - '720'
      content-type:
      - application/json; charset=utf-8
      date:
      - Thu, 13 Oct 2022 10:27:34 GMT
      etag:
      - W/"3ff086cc-ddec-4b12-9427-94151666b149"
      expires:
      - '-1'
      pragma:
      - no-cache
      server:
      - Microsoft-HTTPAPI/2.0
      - Microsoft-HTTPAPI/2.0
      strict-transport-security:
      - max-age=31536000; includeSubDomains
      transfer-encoding:
      - chunked
      vary:
      - Accept-Encoding
      x-content-type-options:
      - nosniff
      x-ms-arm-service-request-id:
      - 45783716-9ac7-4711-9080-c840c8aed3c2
    status:
      code: 200
      message: OK
- request:
    body: '{"location": "westus", "properties": {"backendAddressPools": [{"name":
      "test-lbbepool"}], "frontendIPConfigurations": [{"name": "LoadBalancerFrontEnd",
      "properties": {"privateIPAddressVersion": "IPv4", "publicIPAddress": {"id":
      "/subscriptions/00000000-0000-0000-0000-000000000000/resourceGroups/cli_test_network_lb_port_mapping_000001/providers/Microsoft.Network/publicIPAddresses/PublicIPtest-lb",
      "location": "westus"}}}]}, "sku": {"name": "Standard"}, "tags": {}}'
    headers:
      Accept:
      - application/json
      Accept-Encoding:
      - gzip, deflate
      CommandName:
      - network lb create
      Connection:
      - keep-alive
      Content-Length:
      - '467'
      Content-Type:
      - application/json
      ParameterSetName:
      - -n -g --sku
      User-Agent:
      - AZURECLI/2.40.0 (AAZ) azsdk-python-core/1.24.0 Python/3.8.1 (Windows-10-10.0.22000-SP0)
    method: PUT
    uri: https://management.azure.com/subscriptions/00000000-0000-0000-0000-000000000000/resourceGroups/cli_test_network_lb_port_mapping_000001/providers/Microsoft.Network/loadBalancers/test-lb?api-version=2022-05-01
  response:
    body:
      string: "{\r\n  \"name\": \"test-lb\",\r\n  \"id\": \"/subscriptions/00000000-0000-0000-0000-000000000000/resourceGroups/cli_test_network_lb_port_mapping_000001/providers/Microsoft.Network/loadBalancers/test-lb\",\r\n
        \ \"etag\": \"W/\\\"c0bcdc83-a442-45e0-8681-46d07856a11d\\\"\",\r\n  \"type\":
        \"Microsoft.Network/loadBalancers\",\r\n  \"location\": \"westus\",\r\n  \"tags\":
        {},\r\n  \"properties\": {\r\n    \"provisioningState\": \"Succeeded\",\r\n
        \   \"resourceGuid\": \"939765a8-237f-4cfc-8868-f90a1b6a553e\",\r\n    \"frontendIPConfigurations\":
        [\r\n      {\r\n        \"name\": \"LoadBalancerFrontEnd\",\r\n        \"id\":
        \"/subscriptions/00000000-0000-0000-0000-000000000000/resourceGroups/cli_test_network_lb_port_mapping_000001/providers/Microsoft.Network/loadBalancers/test-lb/frontendIPConfigurations/LoadBalancerFrontEnd\",\r\n
        \       \"etag\": \"W/\\\"c0bcdc83-a442-45e0-8681-46d07856a11d\\\"\",\r\n
        \       \"type\": \"Microsoft.Network/loadBalancers/frontendIPConfigurations\",\r\n
        \       \"properties\": {\r\n          \"provisioningState\": \"Succeeded\",\r\n
        \         \"privateIPAllocationMethod\": \"Dynamic\",\r\n          \"publicIPAddress\":
        {\r\n            \"id\": \"/subscriptions/00000000-0000-0000-0000-000000000000/resourceGroups/cli_test_network_lb_port_mapping_000001/providers/Microsoft.Network/publicIPAddresses/PublicIPtest-lb\"\r\n
        \         }\r\n        }\r\n      }\r\n    ],\r\n    \"backendAddressPools\":
        [\r\n      {\r\n        \"name\": \"test-lbbepool\",\r\n        \"id\": \"/subscriptions/00000000-0000-0000-0000-000000000000/resourceGroups/cli_test_network_lb_port_mapping_000001/providers/Microsoft.Network/loadBalancers/test-lb/backendAddressPools/test-lbbepool\",\r\n
        \       \"etag\": \"W/\\\"c0bcdc83-a442-45e0-8681-46d07856a11d\\\"\",\r\n
        \       \"properties\": {\r\n          \"provisioningState\": \"Succeeded\",\r\n
        \         \"loadBalancerBackendAddresses\": []\r\n        },\r\n        \"type\":
        \"Microsoft.Network/loadBalancers/backendAddressPools\"\r\n      }\r\n    ],\r\n
        \   \"loadBalancingRules\": [],\r\n    \"probes\": [],\r\n    \"inboundNatRules\":
        [],\r\n    \"outboundRules\": [],\r\n    \"inboundNatPools\": []\r\n  },\r\n
        \ \"sku\": {\r\n    \"name\": \"Standard\",\r\n    \"tier\": \"Regional\"\r\n
        \ }\r\n}"
    headers:
      azure-asyncnotification:
      - Enabled
      azure-asyncoperation:
      - https://management.azure.com/subscriptions/00000000-0000-0000-0000-000000000000/providers/Microsoft.Network/locations/westus/operations/645d5fc3-909f-48eb-b299-3e33a509ebf8?api-version=2022-05-01
      cache-control:
      - no-cache
      content-length:
      - '2051'
      content-type:
      - application/json; charset=utf-8
      date:
      - Thu, 13 Oct 2022 10:27:36 GMT
      expires:
      - '-1'
      pragma:
      - no-cache
      server:
      - Microsoft-HTTPAPI/2.0
      - Microsoft-HTTPAPI/2.0
      strict-transport-security:
      - max-age=31536000; includeSubDomains
      x-content-type-options:
      - nosniff
      x-ms-arm-service-request-id:
      - 10021817-89f0-4375-b999-06eda1752b36
      x-ms-ratelimit-remaining-subscription-writes:
      - '1193'
    status:
      code: 201
      message: Created
- request:
    body: null
    headers:
      Accept:
      - '*/*'
      Accept-Encoding:
      - gzip, deflate
      CommandName:
      - network lb create
      Connection:
      - keep-alive
      ParameterSetName:
      - -n -g --sku
      User-Agent:
      - AZURECLI/2.40.0 (AAZ) azsdk-python-core/1.24.0 Python/3.8.1 (Windows-10-10.0.22000-SP0)
    method: GET
    uri: https://management.azure.com/subscriptions/00000000-0000-0000-0000-000000000000/providers/Microsoft.Network/locations/westus/operations/645d5fc3-909f-48eb-b299-3e33a509ebf8?api-version=2022-05-01
  response:
    body:
      string: "{\r\n  \"status\": \"Succeeded\"\r\n}"
    headers:
      cache-control:
      - no-cache
      content-length:
      - '29'
      content-type:
      - application/json; charset=utf-8
      date:
      - Thu, 13 Oct 2022 10:28:07 GMT
      expires:
      - '-1'
      pragma:
      - no-cache
      server:
      - Microsoft-HTTPAPI/2.0
      - Microsoft-HTTPAPI/2.0
      strict-transport-security:
      - max-age=31536000; includeSubDomains
      transfer-encoding:
      - chunked
      vary:
      - Accept-Encoding
      x-content-type-options:
      - nosniff
      x-ms-arm-service-request-id:
      - 5a689311-d4ca-4132-ae5a-cee542de355e
    status:
      code: 200
      message: OK
- request:
    body: null
    headers:
      Accept:
      - '*/*'
      Accept-Encoding:
      - gzip, deflate
      CommandName:
      - network lb create
      Connection:
      - keep-alive
      ParameterSetName:
      - -n -g --sku
      User-Agent:
      - AZURECLI/2.40.0 (AAZ) azsdk-python-core/1.24.0 Python/3.8.1 (Windows-10-10.0.22000-SP0)
    method: GET
    uri: https://management.azure.com/subscriptions/00000000-0000-0000-0000-000000000000/resourceGroups/cli_test_network_lb_port_mapping_000001/providers/Microsoft.Network/loadBalancers/test-lb?api-version=2022-05-01
  response:
    body:
      string: "{\r\n  \"name\": \"test-lb\",\r\n  \"id\": \"/subscriptions/00000000-0000-0000-0000-000000000000/resourceGroups/cli_test_network_lb_port_mapping_000001/providers/Microsoft.Network/loadBalancers/test-lb\",\r\n
        \ \"etag\": \"W/\\\"c0bcdc83-a442-45e0-8681-46d07856a11d\\\"\",\r\n  \"type\":
        \"Microsoft.Network/loadBalancers\",\r\n  \"location\": \"westus\",\r\n  \"tags\":
        {},\r\n  \"properties\": {\r\n    \"provisioningState\": \"Succeeded\",\r\n
        \   \"resourceGuid\": \"939765a8-237f-4cfc-8868-f90a1b6a553e\",\r\n    \"frontendIPConfigurations\":
        [\r\n      {\r\n        \"name\": \"LoadBalancerFrontEnd\",\r\n        \"id\":
        \"/subscriptions/00000000-0000-0000-0000-000000000000/resourceGroups/cli_test_network_lb_port_mapping_000001/providers/Microsoft.Network/loadBalancers/test-lb/frontendIPConfigurations/LoadBalancerFrontEnd\",\r\n
        \       \"etag\": \"W/\\\"c0bcdc83-a442-45e0-8681-46d07856a11d\\\"\",\r\n
        \       \"type\": \"Microsoft.Network/loadBalancers/frontendIPConfigurations\",\r\n
        \       \"properties\": {\r\n          \"provisioningState\": \"Succeeded\",\r\n
        \         \"privateIPAllocationMethod\": \"Dynamic\",\r\n          \"publicIPAddress\":
        {\r\n            \"id\": \"/subscriptions/00000000-0000-0000-0000-000000000000/resourceGroups/cli_test_network_lb_port_mapping_000001/providers/Microsoft.Network/publicIPAddresses/PublicIPtest-lb\"\r\n
        \         }\r\n        }\r\n      }\r\n    ],\r\n    \"backendAddressPools\":
        [\r\n      {\r\n        \"name\": \"test-lbbepool\",\r\n        \"id\": \"/subscriptions/00000000-0000-0000-0000-000000000000/resourceGroups/cli_test_network_lb_port_mapping_000001/providers/Microsoft.Network/loadBalancers/test-lb/backendAddressPools/test-lbbepool\",\r\n
        \       \"etag\": \"W/\\\"c0bcdc83-a442-45e0-8681-46d07856a11d\\\"\",\r\n
        \       \"properties\": {\r\n          \"provisioningState\": \"Succeeded\",\r\n
        \         \"loadBalancerBackendAddresses\": []\r\n        },\r\n        \"type\":
        \"Microsoft.Network/loadBalancers/backendAddressPools\"\r\n      }\r\n    ],\r\n
        \   \"loadBalancingRules\": [],\r\n    \"probes\": [],\r\n    \"inboundNatRules\":
        [],\r\n    \"outboundRules\": [],\r\n    \"inboundNatPools\": []\r\n  },\r\n
        \ \"sku\": {\r\n    \"name\": \"Standard\",\r\n    \"tier\": \"Regional\"\r\n
        \ }\r\n}"
    headers:
      cache-control:
      - no-cache
      content-length:
      - '2051'
      content-type:
      - application/json; charset=utf-8
      date:
      - Thu, 13 Oct 2022 10:28:07 GMT
      etag:
      - W/"c0bcdc83-a442-45e0-8681-46d07856a11d"
      expires:
      - '-1'
      pragma:
      - no-cache
      server:
      - Microsoft-HTTPAPI/2.0
      - Microsoft-HTTPAPI/2.0
      strict-transport-security:
      - max-age=31536000; includeSubDomains
      transfer-encoding:
      - chunked
      vary:
      - Accept-Encoding
      x-content-type-options:
      - nosniff
      x-ms-arm-service-request-id:
      - 781acd47-7e8a-47c3-a050-f5d80db4904e
    status:
      code: 200
      message: OK
- request:
    body: null
    headers:
      Accept:
      - application/json
      Accept-Encoding:
      - gzip, deflate
      CommandName:
      - network lb address-pool create
      Connection:
      - keep-alive
      ParameterSetName:
      - -n -g --lb-name
      User-Agent:
      - AZURECLI/2.40.0 azsdk-python-azure-mgmt-network/21.0.1 Python/3.8.1 (Windows-10-10.0.22000-SP0)
    method: GET
    uri: https://management.azure.com/subscriptions/00000000-0000-0000-0000-000000000000/resourceGroups/cli_test_network_lb_port_mapping_000001/providers/Microsoft.Network/loadBalancers/test-lb?api-version=2022-01-01
  response:
    body:
      string: "{\r\n  \"name\": \"test-lb\",\r\n  \"id\": \"/subscriptions/00000000-0000-0000-0000-000000000000/resourceGroups/cli_test_network_lb_port_mapping_000001/providers/Microsoft.Network/loadBalancers/test-lb\",\r\n
        \ \"etag\": \"W/\\\"c0bcdc83-a442-45e0-8681-46d07856a11d\\\"\",\r\n  \"type\":
        \"Microsoft.Network/loadBalancers\",\r\n  \"location\": \"westus\",\r\n  \"tags\":
        {},\r\n  \"properties\": {\r\n    \"provisioningState\": \"Succeeded\",\r\n
        \   \"resourceGuid\": \"939765a8-237f-4cfc-8868-f90a1b6a553e\",\r\n    \"frontendIPConfigurations\":
        [\r\n      {\r\n        \"name\": \"LoadBalancerFrontEnd\",\r\n        \"id\":
        \"/subscriptions/00000000-0000-0000-0000-000000000000/resourceGroups/cli_test_network_lb_port_mapping_000001/providers/Microsoft.Network/loadBalancers/test-lb/frontendIPConfigurations/LoadBalancerFrontEnd\",\r\n
        \       \"etag\": \"W/\\\"c0bcdc83-a442-45e0-8681-46d07856a11d\\\"\",\r\n
        \       \"type\": \"Microsoft.Network/loadBalancers/frontendIPConfigurations\",\r\n
        \       \"properties\": {\r\n          \"provisioningState\": \"Succeeded\",\r\n
        \         \"privateIPAllocationMethod\": \"Dynamic\",\r\n          \"publicIPAddress\":
        {\r\n            \"id\": \"/subscriptions/00000000-0000-0000-0000-000000000000/resourceGroups/cli_test_network_lb_port_mapping_000001/providers/Microsoft.Network/publicIPAddresses/PublicIPtest-lb\"\r\n
        \         }\r\n        }\r\n      }\r\n    ],\r\n    \"backendAddressPools\":
        [\r\n      {\r\n        \"name\": \"test-lbbepool\",\r\n        \"id\": \"/subscriptions/00000000-0000-0000-0000-000000000000/resourceGroups/cli_test_network_lb_port_mapping_000001/providers/Microsoft.Network/loadBalancers/test-lb/backendAddressPools/test-lbbepool\",\r\n
        \       \"etag\": \"W/\\\"c0bcdc83-a442-45e0-8681-46d07856a11d\\\"\",\r\n
        \       \"properties\": {\r\n          \"provisioningState\": \"Succeeded\",\r\n
        \         \"loadBalancerBackendAddresses\": []\r\n        },\r\n        \"type\":
        \"Microsoft.Network/loadBalancers/backendAddressPools\"\r\n      }\r\n    ],\r\n
        \   \"loadBalancingRules\": [],\r\n    \"probes\": [],\r\n    \"inboundNatRules\":
        [],\r\n    \"outboundRules\": [],\r\n    \"inboundNatPools\": []\r\n  },\r\n
        \ \"sku\": {\r\n    \"name\": \"Standard\",\r\n    \"tier\": \"Regional\"\r\n
        \ }\r\n}"
    headers:
      cache-control:
      - no-cache
      content-length:
      - '2051'
      content-type:
      - application/json; charset=utf-8
      date:
      - Thu, 13 Oct 2022 10:28:08 GMT
      etag:
      - W/"c0bcdc83-a442-45e0-8681-46d07856a11d"
      expires:
      - '-1'
      pragma:
      - no-cache
      server:
      - Microsoft-HTTPAPI/2.0
      - Microsoft-HTTPAPI/2.0
      strict-transport-security:
      - max-age=31536000; includeSubDomains
      transfer-encoding:
      - chunked
      vary:
      - Accept-Encoding
      x-content-type-options:
      - nosniff
      x-ms-arm-service-request-id:
      - 9091bcaf-8382-41d4-b951-35a7f219d183
    status:
      code: 200
      message: OK
- request:
    body: '{"name": "test-pool"}'
    headers:
      Accept:
      - application/json
      Accept-Encoding:
      - gzip, deflate
      CommandName:
      - network lb address-pool create
      Connection:
      - keep-alive
      Content-Length:
      - '21'
      Content-Type:
      - application/json
      ParameterSetName:
      - -n -g --lb-name
      User-Agent:
      - AZURECLI/2.40.0 azsdk-python-azure-mgmt-network/21.0.1 Python/3.8.1 (Windows-10-10.0.22000-SP0)
    method: PUT
    uri: https://management.azure.com/subscriptions/00000000-0000-0000-0000-000000000000/resourceGroups/cli_test_network_lb_port_mapping_000001/providers/Microsoft.Network/loadBalancers/test-lb/backendAddressPools/test-pool?api-version=2022-01-01
  response:
    body:
      string: "{\r\n  \"name\": \"test-pool\",\r\n  \"id\": \"/subscriptions/00000000-0000-0000-0000-000000000000/resourceGroups/cli_test_network_lb_port_mapping_000001/providers/Microsoft.Network/loadBalancers/test-lb/backendAddressPools/test-pool\",\r\n
        \ \"etag\": \"W/\\\"62deace3-c6a3-4c7e-911c-464eeff0a870\\\"\",\r\n  \"properties\":
        {\r\n    \"provisioningState\": \"Updating\",\r\n    \"loadBalancerBackendAddresses\":
        []\r\n  },\r\n  \"type\": \"Microsoft.Network/loadBalancers/backendAddressPools\"\r\n}"
    headers:
      azure-asyncnotification:
      - Enabled
      azure-asyncoperation:
      - https://management.azure.com/subscriptions/00000000-0000-0000-0000-000000000000/providers/Microsoft.Network/locations/westus/operations/79d41ca7-ce21-4d99-ac77-5e7b0c325e23?api-version=2022-01-01
      cache-control:
      - no-cache
      content-length:
      - '452'
      content-type:
      - application/json; charset=utf-8
      date:
      - Thu, 13 Oct 2022 10:28:09 GMT
      expires:
      - '-1'
      pragma:
      - no-cache
      server:
      - Microsoft-HTTPAPI/2.0
      - Microsoft-HTTPAPI/2.0
      strict-transport-security:
      - max-age=31536000; includeSubDomains
      x-content-type-options:
      - nosniff
      x-ms-arm-service-request-id:
      - 2df659e7-1422-4ce2-9b15-5626547dafb4
      x-ms-ratelimit-remaining-subscription-writes:
      - '1197'
    status:
      code: 201
      message: Created
- request:
    body: null
    headers:
      Accept:
      - '*/*'
      Accept-Encoding:
      - gzip, deflate
      CommandName:
      - network lb address-pool create
      Connection:
      - keep-alive
      ParameterSetName:
      - -n -g --lb-name
      User-Agent:
      - AZURECLI/2.40.0 azsdk-python-azure-mgmt-network/21.0.1 Python/3.8.1 (Windows-10-10.0.22000-SP0)
    method: GET
    uri: https://management.azure.com/subscriptions/00000000-0000-0000-0000-000000000000/providers/Microsoft.Network/locations/westus/operations/79d41ca7-ce21-4d99-ac77-5e7b0c325e23?api-version=2022-01-01
  response:
    body:
      string: "{\r\n  \"status\": \"Succeeded\"\r\n}"
    headers:
      cache-control:
      - no-cache
      content-length:
      - '29'
      content-type:
      - application/json; charset=utf-8
      date:
      - Thu, 13 Oct 2022 10:28:10 GMT
      expires:
      - '-1'
      pragma:
      - no-cache
      server:
      - Microsoft-HTTPAPI/2.0
      - Microsoft-HTTPAPI/2.0
      strict-transport-security:
      - max-age=31536000; includeSubDomains
      transfer-encoding:
      - chunked
      vary:
      - Accept-Encoding
      x-content-type-options:
      - nosniff
      x-ms-arm-service-request-id:
      - 80df396a-eb8b-477c-b5bd-35559cbdcb7a
    status:
      code: 200
      message: OK
- request:
    body: null
    headers:
      Accept:
      - '*/*'
      Accept-Encoding:
      - gzip, deflate
      CommandName:
      - network lb address-pool create
      Connection:
      - keep-alive
      ParameterSetName:
      - -n -g --lb-name
      User-Agent:
      - AZURECLI/2.40.0 azsdk-python-azure-mgmt-network/21.0.1 Python/3.8.1 (Windows-10-10.0.22000-SP0)
    method: GET
    uri: https://management.azure.com/subscriptions/00000000-0000-0000-0000-000000000000/resourceGroups/cli_test_network_lb_port_mapping_000001/providers/Microsoft.Network/loadBalancers/test-lb/backendAddressPools/test-pool?api-version=2022-01-01
  response:
    body:
      string: "{\r\n  \"name\": \"test-pool\",\r\n  \"id\": \"/subscriptions/00000000-0000-0000-0000-000000000000/resourceGroups/cli_test_network_lb_port_mapping_000001/providers/Microsoft.Network/loadBalancers/test-lb/backendAddressPools/test-pool\",\r\n
        \ \"etag\": \"W/\\\"dfd3dddd-047d-4b7c-b514-4fca38509307\\\"\",\r\n  \"properties\":
        {\r\n    \"provisioningState\": \"Succeeded\",\r\n    \"loadBalancerBackendAddresses\":
        []\r\n  },\r\n  \"type\": \"Microsoft.Network/loadBalancers/backendAddressPools\"\r\n}"
    headers:
      cache-control:
      - no-cache
      content-length:
      - '453'
      content-type:
      - application/json; charset=utf-8
      date:
      - Thu, 13 Oct 2022 10:28:10 GMT
      etag:
      - W/"dfd3dddd-047d-4b7c-b514-4fca38509307"
      expires:
      - '-1'
      pragma:
      - no-cache
      server:
      - Microsoft-HTTPAPI/2.0
      - Microsoft-HTTPAPI/2.0
      strict-transport-security:
      - max-age=31536000; includeSubDomains
      transfer-encoding:
      - chunked
      vary:
      - Accept-Encoding
      x-content-type-options:
      - nosniff
      x-ms-arm-service-request-id:
      - 17f1eb0e-9d17-4195-bb60-a026d9b5fae8
    status:
      code: 200
      message: OK
- request:
    body: null
    headers:
      Accept:
      - application/json
      Accept-Encoding:
      - gzip, deflate
      CommandName:
      - network vnet create
      Connection:
      - keep-alive
      ParameterSetName:
      - -n -g --subnet-name
      User-Agent:
      - AZURECLI/2.40.0 azsdk-python-azure-mgmt-resource/21.1.0b1 Python/3.8.1 (Windows-10-10.0.22000-SP0)
    method: GET
    uri: https://management.azure.com/subscriptions/00000000-0000-0000-0000-000000000000/resourcegroups/cli_test_network_lb_port_mapping_000001?api-version=2021-04-01
  response:
    body:
      string: '{"id":"/subscriptions/00000000-0000-0000-0000-000000000000/resourceGroups/cli_test_network_lb_port_mapping_000001","name":"cli_test_network_lb_port_mapping_000001","type":"Microsoft.Resources/resourceGroups","location":"westus","tags":{"product":"azurecli","cause":"automation","date":"2022-10-13T10:27:23Z"},"properties":{"provisioningState":"Succeeded"}}'
    headers:
      cache-control:
      - no-cache
      content-length:
      - '356'
      content-type:
      - application/json; charset=utf-8
      date:
      - Thu, 13 Oct 2022 10:28:12 GMT
      expires:
      - '-1'
      pragma:
      - no-cache
      strict-transport-security:
      - max-age=31536000; includeSubDomains
      vary:
      - Accept-Encoding
      x-content-type-options:
      - nosniff
    status:
      code: 200
      message: OK
- request:
    body: '{"location": "westus", "tags": {}, "properties": {"addressSpace": {"addressPrefixes":
      ["10.0.0.0/16"]}, "dhcpOptions": {}, "subnets": [{"name": "test-subnet", "properties":
      {"addressPrefix": "10.0.0.0/24", "privateEndpointNetworkPolicies": "Disabled",
      "privateLinkServiceNetworkPolicies": "Enabled"}}]}}'
    headers:
      Accept:
      - application/json
      Accept-Encoding:
      - gzip, deflate
      CommandName:
      - network vnet create
      Connection:
      - keep-alive
      Content-Length:
      - '303'
      Content-Type:
      - application/json
      ParameterSetName:
      - -n -g --subnet-name
      User-Agent:
      - AZURECLI/2.40.0 azsdk-python-azure-mgmt-network/21.0.1 Python/3.8.1 (Windows-10-10.0.22000-SP0)
    method: PUT
    uri: https://management.azure.com/subscriptions/00000000-0000-0000-0000-000000000000/resourceGroups/cli_test_network_lb_port_mapping_000001/providers/Microsoft.Network/virtualNetworks/test-vnet?api-version=2022-01-01
  response:
    body:
      string: "{\r\n  \"name\": \"test-vnet\",\r\n  \"id\": \"/subscriptions/00000000-0000-0000-0000-000000000000/resourceGroups/cli_test_network_lb_port_mapping_000001/providers/Microsoft.Network/virtualNetworks/test-vnet\",\r\n
        \ \"etag\": \"W/\\\"9708f87a-69ed-4b7f-b7df-ea524c685ef9\\\"\",\r\n  \"type\":
        \"Microsoft.Network/virtualNetworks\",\r\n  \"location\": \"westus\",\r\n
        \ \"tags\": {},\r\n  \"properties\": {\r\n    \"provisioningState\": \"Updating\",\r\n
        \   \"resourceGuid\": \"51a785c6-92d2-4dfc-a9ea-02c6f38cdf81\",\r\n    \"addressSpace\":
        {\r\n      \"addressPrefixes\": [\r\n        \"10.0.0.0/16\"\r\n      ]\r\n
        \   },\r\n    \"dhcpOptions\": {\r\n      \"dnsServers\": []\r\n    },\r\n
        \   \"subnets\": [\r\n      {\r\n        \"name\": \"test-subnet\",\r\n        \"id\":
        \"/subscriptions/00000000-0000-0000-0000-000000000000/resourceGroups/cli_test_network_lb_port_mapping_000001/providers/Microsoft.Network/virtualNetworks/test-vnet/subnets/test-subnet\",\r\n
        \       \"etag\": \"W/\\\"9708f87a-69ed-4b7f-b7df-ea524c685ef9\\\"\",\r\n
        \       \"properties\": {\r\n          \"provisioningState\": \"Updating\",\r\n
        \         \"addressPrefix\": \"10.0.0.0/24\",\r\n          \"delegations\":
        [],\r\n          \"privateEndpointNetworkPolicies\": \"Disabled\",\r\n          \"privateLinkServiceNetworkPolicies\":
        \"Enabled\"\r\n        },\r\n        \"type\": \"Microsoft.Network/virtualNetworks/subnets\"\r\n
        \     }\r\n    ],\r\n    \"virtualNetworkPeerings\": [],\r\n    \"enableDdosProtection\":
        false\r\n  }\r\n}"
    headers:
      azure-asyncnotification:
      - Enabled
      azure-asyncoperation:
      - https://management.azure.com/subscriptions/00000000-0000-0000-0000-000000000000/providers/Microsoft.Network/locations/westus/operations/89946298-e33a-4c27-8178-e2baae2f2d30?api-version=2022-01-01
      cache-control:
      - no-cache
      content-length:
      - '1352'
      content-type:
      - application/json; charset=utf-8
      date:
      - Thu, 13 Oct 2022 10:28:20 GMT
      expires:
      - '-1'
      pragma:
      - no-cache
      server:
      - Microsoft-HTTPAPI/2.0
      - Microsoft-HTTPAPI/2.0
      strict-transport-security:
      - max-age=31536000; includeSubDomains
      x-content-type-options:
      - nosniff
      x-ms-arm-service-request-id:
      - fce9cbf0-fc69-474b-aef6-427a6766b3bd
      x-ms-ratelimit-remaining-subscription-writes:
      - '1198'
    status:
      code: 201
      message: Created
- request:
    body: null
    headers:
      Accept:
      - '*/*'
      Accept-Encoding:
      - gzip, deflate
      CommandName:
      - network vnet create
      Connection:
      - keep-alive
      ParameterSetName:
      - -n -g --subnet-name
      User-Agent:
      - AZURECLI/2.40.0 azsdk-python-azure-mgmt-network/21.0.1 Python/3.8.1 (Windows-10-10.0.22000-SP0)
    method: GET
    uri: https://management.azure.com/subscriptions/00000000-0000-0000-0000-000000000000/providers/Microsoft.Network/locations/westus/operations/89946298-e33a-4c27-8178-e2baae2f2d30?api-version=2022-01-01
  response:
    body:
      string: "{\r\n  \"status\": \"Succeeded\"\r\n}"
    headers:
      cache-control:
      - no-cache
      content-length:
      - '29'
      content-type:
      - application/json; charset=utf-8
      date:
      - Thu, 13 Oct 2022 10:28:22 GMT
      expires:
      - '-1'
      pragma:
      - no-cache
      server:
      - Microsoft-HTTPAPI/2.0
      - Microsoft-HTTPAPI/2.0
      strict-transport-security:
      - max-age=31536000; includeSubDomains
      transfer-encoding:
      - chunked
      vary:
      - Accept-Encoding
      x-content-type-options:
      - nosniff
      x-ms-arm-service-request-id:
      - 89f5f86a-4263-465d-a953-eedcccfb8862
    status:
      code: 200
      message: OK
- request:
    body: null
    headers:
      Accept:
      - '*/*'
      Accept-Encoding:
      - gzip, deflate
      CommandName:
      - network vnet create
      Connection:
      - keep-alive
      ParameterSetName:
      - -n -g --subnet-name
      User-Agent:
      - AZURECLI/2.40.0 azsdk-python-azure-mgmt-network/21.0.1 Python/3.8.1 (Windows-10-10.0.22000-SP0)
    method: GET
    uri: https://management.azure.com/subscriptions/00000000-0000-0000-0000-000000000000/resourceGroups/cli_test_network_lb_port_mapping_000001/providers/Microsoft.Network/virtualNetworks/test-vnet?api-version=2022-01-01
  response:
    body:
      string: "{\r\n  \"name\": \"test-vnet\",\r\n  \"id\": \"/subscriptions/00000000-0000-0000-0000-000000000000/resourceGroups/cli_test_network_lb_port_mapping_000001/providers/Microsoft.Network/virtualNetworks/test-vnet\",\r\n
        \ \"etag\": \"W/\\\"1c539c08-ddef-42a9-87a6-26a0ddd47eb5\\\"\",\r\n  \"type\":
        \"Microsoft.Network/virtualNetworks\",\r\n  \"location\": \"westus\",\r\n
        \ \"tags\": {},\r\n  \"properties\": {\r\n    \"provisioningState\": \"Succeeded\",\r\n
        \   \"resourceGuid\": \"51a785c6-92d2-4dfc-a9ea-02c6f38cdf81\",\r\n    \"addressSpace\":
        {\r\n      \"addressPrefixes\": [\r\n        \"10.0.0.0/16\"\r\n      ]\r\n
        \   },\r\n    \"dhcpOptions\": {\r\n      \"dnsServers\": []\r\n    },\r\n
        \   \"subnets\": [\r\n      {\r\n        \"name\": \"test-subnet\",\r\n        \"id\":
        \"/subscriptions/00000000-0000-0000-0000-000000000000/resourceGroups/cli_test_network_lb_port_mapping_000001/providers/Microsoft.Network/virtualNetworks/test-vnet/subnets/test-subnet\",\r\n
        \       \"etag\": \"W/\\\"1c539c08-ddef-42a9-87a6-26a0ddd47eb5\\\"\",\r\n
        \       \"properties\": {\r\n          \"provisioningState\": \"Succeeded\",\r\n
        \         \"addressPrefix\": \"10.0.0.0/24\",\r\n          \"delegations\":
        [],\r\n          \"privateEndpointNetworkPolicies\": \"Disabled\",\r\n          \"privateLinkServiceNetworkPolicies\":
        \"Enabled\"\r\n        },\r\n        \"type\": \"Microsoft.Network/virtualNetworks/subnets\"\r\n
        \     }\r\n    ],\r\n    \"virtualNetworkPeerings\": [],\r\n    \"enableDdosProtection\":
        false\r\n  }\r\n}"
    headers:
      cache-control:
      - no-cache
      content-length:
      - '1354'
      content-type:
      - application/json; charset=utf-8
      date:
      - Thu, 13 Oct 2022 10:28:23 GMT
      etag:
      - W/"1c539c08-ddef-42a9-87a6-26a0ddd47eb5"
      expires:
      - '-1'
      pragma:
      - no-cache
      server:
      - Microsoft-HTTPAPI/2.0
      - Microsoft-HTTPAPI/2.0
      strict-transport-security:
      - max-age=31536000; includeSubDomains
      transfer-encoding:
      - chunked
      vary:
      - Accept-Encoding
      x-content-type-options:
      - nosniff
      x-ms-arm-service-request-id:
      - b8da0a15-e8ee-46cc-8201-f1114e66136c
    status:
      code: 200
      message: OK
- request:
    body: null
    headers:
      Accept:
      - application/json
      Accept-Encoding:
      - gzip, deflate
      CommandName:
      - network lb address-pool address add
      Connection:
      - keep-alive
      ParameterSetName:
      - -n -g --lb-name --pool-name --vnet --ip-address
      User-Agent:
      - AZURECLI/2.40.0 azsdk-python-azure-mgmt-network/21.0.1 Python/3.8.1 (Windows-10-10.0.22000-SP0)
    method: GET
    uri: https://management.azure.com/subscriptions/00000000-0000-0000-0000-000000000000/resourceGroups/cli_test_network_lb_port_mapping_000001/providers/Microsoft.Network/loadBalancers/test-lb/backendAddressPools/test-pool?api-version=2022-01-01
  response:
    body:
      string: "{\r\n  \"name\": \"test-pool\",\r\n  \"id\": \"/subscriptions/00000000-0000-0000-0000-000000000000/resourceGroups/cli_test_network_lb_port_mapping_000001/providers/Microsoft.Network/loadBalancers/test-lb/backendAddressPools/test-pool\",\r\n
        \ \"etag\": \"W/\\\"dfd3dddd-047d-4b7c-b514-4fca38509307\\\"\",\r\n  \"properties\":
        {\r\n    \"provisioningState\": \"Succeeded\",\r\n    \"loadBalancerBackendAddresses\":
        []\r\n  },\r\n  \"type\": \"Microsoft.Network/loadBalancers/backendAddressPools\"\r\n}"
    headers:
      cache-control:
      - no-cache
      content-length:
      - '453'
      content-type:
      - application/json; charset=utf-8
      date:
      - Thu, 13 Oct 2022 10:28:23 GMT
      etag:
      - W/"dfd3dddd-047d-4b7c-b514-4fca38509307"
      expires:
      - '-1'
      pragma:
      - no-cache
      server:
      - Microsoft-HTTPAPI/2.0
      - Microsoft-HTTPAPI/2.0
      strict-transport-security:
      - max-age=31536000; includeSubDomains
      transfer-encoding:
      - chunked
      vary:
      - Accept-Encoding
      x-content-type-options:
      - nosniff
      x-ms-arm-service-request-id:
      - ca9173ea-97af-4bdd-9d83-d7cf0799ed3c
    status:
      code: 200
      message: OK
- request:
    body: '{"id": "/subscriptions/00000000-0000-0000-0000-000000000000/resourceGroups/cli_test_network_lb_port_mapping_000001/providers/Microsoft.Network/loadBalancers/test-lb/backendAddressPools/test-pool",
      "name": "test-pool", "properties": {"loadBalancerBackendAddresses": [{"name":
      "test-address", "properties": {"virtualNetwork": {"id": "/subscriptions/00000000-0000-0000-0000-000000000000/resourceGroups/cli_test_network_lb_port_mapping_000001/providers/Microsoft.Network/virtualNetworks/test-vnet",
      "properties": {"enableDdosProtection": false, "enableVmProtection": false}},
      "ipAddress": "10.0.0.1"}}]}}'
    headers:
      Accept:
      - application/json
      Accept-Encoding:
      - gzip, deflate
      CommandName:
      - network lb address-pool address add
      Connection:
      - keep-alive
      Content-Length:
      - '600'
      Content-Type:
      - application/json
      ParameterSetName:
      - -n -g --lb-name --pool-name --vnet --ip-address
      User-Agent:
      - AZURECLI/2.40.0 azsdk-python-azure-mgmt-network/21.0.1 Python/3.8.1 (Windows-10-10.0.22000-SP0)
    method: PUT
    uri: https://management.azure.com/subscriptions/00000000-0000-0000-0000-000000000000/resourceGroups/cli_test_network_lb_port_mapping_000001/providers/Microsoft.Network/loadBalancers/test-lb/backendAddressPools/test-pool?api-version=2022-01-01
  response:
    body:
      string: "{\r\n  \"name\": \"test-pool\",\r\n  \"id\": \"/subscriptions/00000000-0000-0000-0000-000000000000/resourceGroups/cli_test_network_lb_port_mapping_000001/providers/Microsoft.Network/loadBalancers/test-lb/backendAddressPools/test-pool\",\r\n
        \ \"etag\": \"W/\\\"fc8e8800-9a7e-4200-860e-345d94249005\\\"\",\r\n  \"properties\":
        {\r\n    \"provisioningState\": \"Updating\",\r\n    \"loadBalancerBackendAddresses\":
        [\r\n      {\r\n        \"name\": \"test-address\",\r\n        \"id\": \"/subscriptions/00000000-0000-0000-0000-000000000000/resourceGroups/cli_test_network_lb_port_mapping_000001/providers/Microsoft.Network/loadBalancers/test-lb/backendAddressPools/test-pool/loadBalancerBackendAddresses/test-address\",\r\n
        \       \"etag\": \"W/\\\"fc8e8800-9a7e-4200-860e-345d94249005\\\"\",\r\n
        \       \"properties\": {\r\n          \"provisioningState\": \"Updating\",\r\n
        \         \"ipAddress\": \"10.0.0.1\",\r\n          \"virtualNetwork\": {\r\n
        \           \"id\": \"/subscriptions/00000000-0000-0000-0000-000000000000/resourceGroups/cli_test_network_lb_port_mapping_000001/providers/Microsoft.Network/virtualNetworks/test-vnet\"\r\n
        \         },\r\n          \"inboundNatRulesPortMapping\": []\r\n        },\r\n
        \       \"type\": \"Microsoft.Network/loadBalancers/backendAddressPools/loadBalancerBackendAddresses\"\r\n
        \     }\r\n    ]\r\n  },\r\n  \"type\": \"Microsoft.Network/loadBalancers/backendAddressPools\"\r\n}"
    headers:
      azure-asyncnotification:
      - Enabled
      azure-asyncoperation:
      - https://management.azure.com/subscriptions/00000000-0000-0000-0000-000000000000/providers/Microsoft.Network/locations/westus/operations/9a200eb6-d52b-4b62-9c83-991beaf81a5c?api-version=2022-01-01
      cache-control:
      - no-cache
      content-length:
      - '1307'
      content-type:
      - application/json; charset=utf-8
      date:
      - Thu, 13 Oct 2022 10:28:24 GMT
      expires:
      - '-1'
      pragma:
      - no-cache
      server:
      - Microsoft-HTTPAPI/2.0
      - Microsoft-HTTPAPI/2.0
      strict-transport-security:
      - max-age=31536000; includeSubDomains
      transfer-encoding:
      - chunked
      vary:
      - Accept-Encoding
      x-content-type-options:
      - nosniff
      x-ms-arm-service-request-id:
      - 6b4328fe-17b7-442c-a569-9fdf8832eb2d
      x-ms-ratelimit-remaining-subscription-writes:
      - '1194'
    status:
      code: 200
      message: OK
- request:
    body: null
    headers:
      Accept:
      - '*/*'
      Accept-Encoding:
      - gzip, deflate
      CommandName:
      - network lb address-pool address add
      Connection:
      - keep-alive
      ParameterSetName:
      - -n -g --lb-name --pool-name --vnet --ip-address
      User-Agent:
      - AZURECLI/2.40.0 azsdk-python-azure-mgmt-network/21.0.1 Python/3.8.1 (Windows-10-10.0.22000-SP0)
    method: GET
    uri: https://management.azure.com/subscriptions/00000000-0000-0000-0000-000000000000/providers/Microsoft.Network/locations/westus/operations/9a200eb6-d52b-4b62-9c83-991beaf81a5c?api-version=2022-01-01
  response:
    body:
      string: "{\r\n  \"status\": \"Succeeded\"\r\n}"
    headers:
      cache-control:
      - no-cache
      content-length:
      - '29'
      content-type:
      - application/json; charset=utf-8
      date:
      - Thu, 13 Oct 2022 10:28:25 GMT
      expires:
      - '-1'
      pragma:
      - no-cache
      server:
      - Microsoft-HTTPAPI/2.0
      - Microsoft-HTTPAPI/2.0
      strict-transport-security:
      - max-age=31536000; includeSubDomains
      transfer-encoding:
      - chunked
      vary:
      - Accept-Encoding
      x-content-type-options:
      - nosniff
      x-ms-arm-service-request-id:
      - 8afaef2c-c6f7-4712-8de3-f40066130ce0
    status:
      code: 200
      message: OK
- request:
    body: null
    headers:
      Accept:
      - '*/*'
      Accept-Encoding:
      - gzip, deflate
      CommandName:
      - network lb address-pool address add
      Connection:
      - keep-alive
      ParameterSetName:
      - -n -g --lb-name --pool-name --vnet --ip-address
      User-Agent:
      - AZURECLI/2.40.0 azsdk-python-azure-mgmt-network/21.0.1 Python/3.8.1 (Windows-10-10.0.22000-SP0)
    method: GET
    uri: https://management.azure.com/subscriptions/00000000-0000-0000-0000-000000000000/resourceGroups/cli_test_network_lb_port_mapping_000001/providers/Microsoft.Network/loadBalancers/test-lb/backendAddressPools/test-pool?api-version=2022-01-01
  response:
    body:
      string: "{\r\n  \"name\": \"test-pool\",\r\n  \"id\": \"/subscriptions/00000000-0000-0000-0000-000000000000/resourceGroups/cli_test_network_lb_port_mapping_000001/providers/Microsoft.Network/loadBalancers/test-lb/backendAddressPools/test-pool\",\r\n
        \ \"etag\": \"W/\\\"833e23d6-df87-4682-b3f7-a794a182cda2\\\"\",\r\n  \"properties\":
        {\r\n    \"provisioningState\": \"Succeeded\",\r\n    \"loadBalancerBackendAddresses\":
        [\r\n      {\r\n        \"name\": \"test-address\",\r\n        \"id\": \"/subscriptions/00000000-0000-0000-0000-000000000000/resourceGroups/cli_test_network_lb_port_mapping_000001/providers/Microsoft.Network/loadBalancers/test-lb/backendAddressPools/test-pool/loadBalancerBackendAddresses/test-address\",\r\n
        \       \"etag\": \"W/\\\"833e23d6-df87-4682-b3f7-a794a182cda2\\\"\",\r\n
        \       \"properties\": {\r\n          \"provisioningState\": \"Succeeded\",\r\n
        \         \"ipAddress\": \"10.0.0.1\",\r\n          \"virtualNetwork\": {\r\n
        \           \"id\": \"/subscriptions/00000000-0000-0000-0000-000000000000/resourceGroups/cli_test_network_lb_port_mapping_000001/providers/Microsoft.Network/virtualNetworks/test-vnet\"\r\n
        \         },\r\n          \"inboundNatRulesPortMapping\": []\r\n        },\r\n
        \       \"type\": \"Microsoft.Network/loadBalancers/backendAddressPools/loadBalancerBackendAddresses\"\r\n
        \     }\r\n    ]\r\n  },\r\n  \"type\": \"Microsoft.Network/loadBalancers/backendAddressPools\"\r\n}"
    headers:
      cache-control:
      - no-cache
      content-length:
      - '1309'
      content-type:
      - application/json; charset=utf-8
      date:
      - Thu, 13 Oct 2022 10:28:26 GMT
      etag:
      - W/"833e23d6-df87-4682-b3f7-a794a182cda2"
      expires:
      - '-1'
      pragma:
      - no-cache
      server:
      - Microsoft-HTTPAPI/2.0
      - Microsoft-HTTPAPI/2.0
      strict-transport-security:
      - max-age=31536000; includeSubDomains
      transfer-encoding:
      - chunked
      vary:
      - Accept-Encoding
      x-content-type-options:
      - nosniff
      x-ms-arm-service-request-id:
      - 4e5b007f-50fc-453e-9082-122513162f8e
    status:
      code: 200
      message: OK
- request:
    body: null
    headers:
      Accept:
      - application/json
      Accept-Encoding:
      - gzip, deflate
      CommandName:
      - network lb inbound-nat-rule create
      Connection:
      - keep-alive
      ParameterSetName:
      - -n -g --lb-name --backend-pool-name --backend-port --frontend-port-range-start
        --frontend-port-range-end --protocol
      User-Agent:
      - AZURECLI/2.40.0 azsdk-python-azure-mgmt-network/21.0.1 Python/3.8.1 (Windows-10-10.0.22000-SP0)
    method: GET
    uri: https://management.azure.com/subscriptions/00000000-0000-0000-0000-000000000000/resourceGroups/cli_test_network_lb_port_mapping_000001/providers/Microsoft.Network/loadBalancers/test-lb?api-version=2022-01-01
  response:
    body:
      string: "{\r\n  \"name\": \"test-lb\",\r\n  \"id\": \"/subscriptions/00000000-0000-0000-0000-000000000000/resourceGroups/cli_test_network_lb_port_mapping_000001/providers/Microsoft.Network/loadBalancers/test-lb\",\r\n
        \ \"etag\": \"W/\\\"833e23d6-df87-4682-b3f7-a794a182cda2\\\"\",\r\n  \"type\":
        \"Microsoft.Network/loadBalancers\",\r\n  \"location\": \"westus\",\r\n  \"tags\":
        {},\r\n  \"properties\": {\r\n    \"provisioningState\": \"Succeeded\",\r\n
        \   \"resourceGuid\": \"939765a8-237f-4cfc-8868-f90a1b6a553e\",\r\n    \"frontendIPConfigurations\":
        [\r\n      {\r\n        \"name\": \"LoadBalancerFrontEnd\",\r\n        \"id\":
        \"/subscriptions/00000000-0000-0000-0000-000000000000/resourceGroups/cli_test_network_lb_port_mapping_000001/providers/Microsoft.Network/loadBalancers/test-lb/frontendIPConfigurations/LoadBalancerFrontEnd\",\r\n
        \       \"etag\": \"W/\\\"833e23d6-df87-4682-b3f7-a794a182cda2\\\"\",\r\n
        \       \"type\": \"Microsoft.Network/loadBalancers/frontendIPConfigurations\",\r\n
        \       \"properties\": {\r\n          \"provisioningState\": \"Succeeded\",\r\n
        \         \"privateIPAllocationMethod\": \"Dynamic\",\r\n          \"publicIPAddress\":
        {\r\n            \"id\": \"/subscriptions/00000000-0000-0000-0000-000000000000/resourceGroups/cli_test_network_lb_port_mapping_000001/providers/Microsoft.Network/publicIPAddresses/PublicIPtest-lb\"\r\n
        \         }\r\n        }\r\n      }\r\n    ],\r\n    \"backendAddressPools\":
        [\r\n      {\r\n        \"name\": \"test-lbbepool\",\r\n        \"id\": \"/subscriptions/00000000-0000-0000-0000-000000000000/resourceGroups/cli_test_network_lb_port_mapping_000001/providers/Microsoft.Network/loadBalancers/test-lb/backendAddressPools/test-lbbepool\",\r\n
        \       \"etag\": \"W/\\\"833e23d6-df87-4682-b3f7-a794a182cda2\\\"\",\r\n
        \       \"properties\": {\r\n          \"provisioningState\": \"Succeeded\",\r\n
        \         \"loadBalancerBackendAddresses\": []\r\n        },\r\n        \"type\":
        \"Microsoft.Network/loadBalancers/backendAddressPools\"\r\n      },\r\n      {\r\n
        \       \"name\": \"test-pool\",\r\n        \"id\": \"/subscriptions/00000000-0000-0000-0000-000000000000/resourceGroups/cli_test_network_lb_port_mapping_000001/providers/Microsoft.Network/loadBalancers/test-lb/backendAddressPools/test-pool\",\r\n
        \       \"etag\": \"W/\\\"833e23d6-df87-4682-b3f7-a794a182cda2\\\"\",\r\n
        \       \"properties\": {\r\n          \"provisioningState\": \"Succeeded\",\r\n
        \         \"loadBalancerBackendAddresses\": [\r\n            {\r\n              \"name\":
        \"test-address\",\r\n              \"id\": \"/subscriptions/00000000-0000-0000-0000-000000000000/resourceGroups/cli_test_network_lb_port_mapping_000001/providers/Microsoft.Network/loadBalancers/test-lb/backendAddressPools/test-pool/loadBalancerBackendAddresses/test-address\",\r\n
        \             \"etag\": \"W/\\\"833e23d6-df87-4682-b3f7-a794a182cda2\\\"\",\r\n
        \             \"properties\": {\r\n                \"provisioningState\":
        \"Succeeded\",\r\n                \"ipAddress\": \"10.0.0.1\",\r\n                \"virtualNetwork\":
        {\r\n                  \"id\": \"/subscriptions/00000000-0000-0000-0000-000000000000/resourceGroups/cli_test_network_lb_port_mapping_000001/providers/Microsoft.Network/virtualNetworks/test-vnet\"\r\n
        \               },\r\n                \"inboundNatRulesPortMapping\": []\r\n
        \             },\r\n              \"type\": \"Microsoft.Network/loadBalancers/backendAddressPools/loadBalancerBackendAddresses\"\r\n
        \           }\r\n          ]\r\n        },\r\n        \"type\": \"Microsoft.Network/loadBalancers/backendAddressPools\"\r\n
        \     }\r\n    ],\r\n    \"loadBalancingRules\": [],\r\n    \"probes\": [],\r\n
        \   \"inboundNatRules\": [],\r\n    \"outboundRules\": [],\r\n    \"inboundNatPools\":
        []\r\n  },\r\n  \"sku\": {\r\n    \"name\": \"Standard\",\r\n    \"tier\":
        \"Regional\"\r\n  }\r\n}"
    headers:
      cache-control:
      - no-cache
      content-length:
      - '3513'
      content-type:
      - application/json; charset=utf-8
      date:
      - Thu, 13 Oct 2022 10:28:28 GMT
      etag:
      - W/"833e23d6-df87-4682-b3f7-a794a182cda2"
      expires:
      - '-1'
      pragma:
      - no-cache
      server:
      - Microsoft-HTTPAPI/2.0
      - Microsoft-HTTPAPI/2.0
      strict-transport-security:
      - max-age=31536000; includeSubDomains
      transfer-encoding:
      - chunked
      vary:
      - Accept-Encoding
      x-content-type-options:
      - nosniff
      x-ms-arm-service-request-id:
      - f1e4a192-4851-47e6-8771-ed408b76749f
    status:
      code: 200
      message: OK
- request:
    body: '{"id": "/subscriptions/00000000-0000-0000-0000-000000000000/resourceGroups/cli_test_network_lb_port_mapping_000001/providers/Microsoft.Network/loadBalancers/test-lb",
      "location": "westus", "tags": {}, "sku": {"name": "Standard", "tier": "Regional"},
      "properties": {"frontendIPConfigurations": [{"id": "/subscriptions/00000000-0000-0000-0000-000000000000/resourceGroups/cli_test_network_lb_port_mapping_000001/providers/Microsoft.Network/loadBalancers/test-lb/frontendIPConfigurations/LoadBalancerFrontEnd",
      "name": "LoadBalancerFrontEnd", "properties": {"privateIPAllocationMethod":
      "Dynamic", "publicIPAddress": {"id": "/subscriptions/00000000-0000-0000-0000-000000000000/resourceGroups/cli_test_network_lb_port_mapping_000001/providers/Microsoft.Network/publicIPAddresses/PublicIPtest-lb"}}}],
      "backendAddressPools": [{"id": "/subscriptions/00000000-0000-0000-0000-000000000000/resourceGroups/cli_test_network_lb_port_mapping_000001/providers/Microsoft.Network/loadBalancers/test-lb/backendAddressPools/test-lbbepool",
      "name": "test-lbbepool", "properties": {"loadBalancerBackendAddresses": []}},
      {"id": "/subscriptions/00000000-0000-0000-0000-000000000000/resourceGroups/cli_test_network_lb_port_mapping_000001/providers/Microsoft.Network/loadBalancers/test-lb/backendAddressPools/test-pool",
      "name": "test-pool", "properties": {"loadBalancerBackendAddresses": [{"name":
      "test-address", "properties": {"virtualNetwork": {"id": "/subscriptions/00000000-0000-0000-0000-000000000000/resourceGroups/cli_test_network_lb_port_mapping_000001/providers/Microsoft.Network/virtualNetworks/test-vnet"},
      "ipAddress": "10.0.0.1"}}]}}], "loadBalancingRules": [], "probes": [], "inboundNatRules":
      [{"name": "test-nat", "properties": {"frontendIPConfiguration": {"id": "/subscriptions/00000000-0000-0000-0000-000000000000/resourceGroups/cli_test_network_lb_port_mapping_000001/providers/Microsoft.Network/loadBalancers/test-lb/frontendIPConfigurations/LoadBalancerFrontEnd",
      "name": "LoadBalancerFrontEnd", "properties": {"privateIPAllocationMethod":
      "Dynamic", "publicIPAddress": {"id": "/subscriptions/00000000-0000-0000-0000-000000000000/resourceGroups/cli_test_network_lb_port_mapping_000001/providers/Microsoft.Network/publicIPAddresses/PublicIPtest-lb"}}},
      "protocol": "Tcp", "backendPort": 3389, "frontendPortRangeStart": 3389, "frontendPortRangeEnd":
      4000, "backendAddressPool": {"id": "/subscriptions/00000000-0000-0000-0000-000000000000/resourceGroups/cli_test_network_lb_port_mapping_000001/providers/Microsoft.Network/loadBalancers/test-lb/backendAddressPools/test-pool"}}}],
      "inboundNatPools": [], "outboundRules": []}}'
    headers:
      Accept:
      - application/json
      Accept-Encoding:
      - gzip, deflate
      CommandName:
      - network lb inbound-nat-rule create
      Connection:
      - keep-alive
      Content-Length:
      - '2619'
      Content-Type:
      - application/json
      ParameterSetName:
      - -n -g --lb-name --backend-pool-name --backend-port --frontend-port-range-start
        --frontend-port-range-end --protocol
      User-Agent:
      - AZURECLI/2.40.0 azsdk-python-azure-mgmt-network/21.0.1 Python/3.8.1 (Windows-10-10.0.22000-SP0)
    method: PUT
    uri: https://management.azure.com/subscriptions/00000000-0000-0000-0000-000000000000/resourceGroups/cli_test_network_lb_port_mapping_000001/providers/Microsoft.Network/loadBalancers/test-lb?api-version=2022-01-01
  response:
    body:
      string: "{\r\n  \"name\": \"test-lb\",\r\n  \"id\": \"/subscriptions/00000000-0000-0000-0000-000000000000/resourceGroups/cli_test_network_lb_port_mapping_000001/providers/Microsoft.Network/loadBalancers/test-lb\",\r\n
        \ \"etag\": \"W/\\\"0cbd38ac-9cd4-498b-86dd-e09f6e3385f3\\\"\",\r\n  \"type\":
        \"Microsoft.Network/loadBalancers\",\r\n  \"location\": \"westus\",\r\n  \"tags\":
        {},\r\n  \"properties\": {\r\n    \"provisioningState\": \"Updating\",\r\n
        \   \"resourceGuid\": \"939765a8-237f-4cfc-8868-f90a1b6a553e\",\r\n    \"frontendIPConfigurations\":
        [\r\n      {\r\n        \"name\": \"LoadBalancerFrontEnd\",\r\n        \"id\":
        \"/subscriptions/00000000-0000-0000-0000-000000000000/resourceGroups/cli_test_network_lb_port_mapping_000001/providers/Microsoft.Network/loadBalancers/test-lb/frontendIPConfigurations/LoadBalancerFrontEnd\",\r\n
        \       \"etag\": \"W/\\\"0cbd38ac-9cd4-498b-86dd-e09f6e3385f3\\\"\",\r\n
        \       \"type\": \"Microsoft.Network/loadBalancers/frontendIPConfigurations\",\r\n
        \       \"properties\": {\r\n          \"provisioningState\": \"Updating\",\r\n
        \         \"privateIPAllocationMethod\": \"Dynamic\",\r\n          \"publicIPAddress\":
        {\r\n            \"id\": \"/subscriptions/00000000-0000-0000-0000-000000000000/resourceGroups/cli_test_network_lb_port_mapping_000001/providers/Microsoft.Network/publicIPAddresses/PublicIPtest-lb\"\r\n
        \         },\r\n          \"inboundNatRules\": [\r\n            {\r\n              \"id\":
        \"/subscriptions/00000000-0000-0000-0000-000000000000/resourceGroups/cli_test_network_lb_port_mapping_000001/providers/Microsoft.Network/loadBalancers/test-lb/inboundNatRules/test-nat\"\r\n
        \           }\r\n          ]\r\n        }\r\n      }\r\n    ],\r\n    \"backendAddressPools\":
        [\r\n      {\r\n        \"name\": \"test-lbbepool\",\r\n        \"id\": \"/subscriptions/00000000-0000-0000-0000-000000000000/resourceGroups/cli_test_network_lb_port_mapping_000001/providers/Microsoft.Network/loadBalancers/test-lb/backendAddressPools/test-lbbepool\",\r\n
        \       \"etag\": \"W/\\\"0cbd38ac-9cd4-498b-86dd-e09f6e3385f3\\\"\",\r\n
        \       \"properties\": {\r\n          \"provisioningState\": \"Updating\",\r\n
        \         \"loadBalancerBackendAddresses\": []\r\n        },\r\n        \"type\":
        \"Microsoft.Network/loadBalancers/backendAddressPools\"\r\n      },\r\n      {\r\n
        \       \"name\": \"test-pool\",\r\n        \"id\": \"/subscriptions/00000000-0000-0000-0000-000000000000/resourceGroups/cli_test_network_lb_port_mapping_000001/providers/Microsoft.Network/loadBalancers/test-lb/backendAddressPools/test-pool\",\r\n
        \       \"etag\": \"W/\\\"0cbd38ac-9cd4-498b-86dd-e09f6e3385f3\\\"\",\r\n
        \       \"properties\": {\r\n          \"provisioningState\": \"Updating\",\r\n
        \         \"loadBalancerBackendAddresses\": [\r\n            {\r\n              \"name\":
        \"test-address\",\r\n              \"id\": \"/subscriptions/00000000-0000-0000-0000-000000000000/resourceGroups/cli_test_network_lb_port_mapping_000001/providers/Microsoft.Network/loadBalancers/test-lb/backendAddressPools/test-pool/loadBalancerBackendAddresses/test-address\",\r\n
        \             \"etag\": \"W/\\\"0cbd38ac-9cd4-498b-86dd-e09f6e3385f3\\\"\",\r\n
        \             \"properties\": {\r\n                \"provisioningState\":
        \"Updating\",\r\n                \"ipAddress\": \"10.0.0.1\",\r\n                \"virtualNetwork\":
        {\r\n                  \"id\": \"/subscriptions/00000000-0000-0000-0000-000000000000/resourceGroups/cli_test_network_lb_port_mapping_000001/providers/Microsoft.Network/virtualNetworks/test-vnet\"\r\n
        \               },\r\n                \"inboundNatRulesPortMapping\": [\r\n
        \                 {\r\n                    \"inboundNatRuleName\": \"test-nat\",\r\n
        \                   \"frontendPort\": 3389,\r\n                    \"backendPort\":
        3389\r\n                  }\r\n                ]\r\n              },\r\n              \"type\":
        \"Microsoft.Network/loadBalancers/backendAddressPools/loadBalancerBackendAddresses\"\r\n
        \           }\r\n          ],\r\n          \"inboundNatRules\": [\r\n            {\r\n
        \             \"id\": \"/subscriptions/00000000-0000-0000-0000-000000000000/resourceGroups/cli_test_network_lb_port_mapping_000001/providers/Microsoft.Network/loadBalancers/test-lb/inboundNatRules/test-nat\"\r\n
        \           }\r\n          ]\r\n        },\r\n        \"type\": \"Microsoft.Network/loadBalancers/backendAddressPools\"\r\n
        \     }\r\n    ],\r\n    \"loadBalancingRules\": [],\r\n    \"probes\": [],\r\n
        \   \"inboundNatRules\": [\r\n      {\r\n        \"name\": \"test-nat\",\r\n
        \       \"id\": \"/subscriptions/00000000-0000-0000-0000-000000000000/resourceGroups/cli_test_network_lb_port_mapping_000001/providers/Microsoft.Network/loadBalancers/test-lb/inboundNatRules/test-nat\",\r\n
        \       \"etag\": \"W/\\\"0cbd38ac-9cd4-498b-86dd-e09f6e3385f3\\\"\",\r\n
        \       \"type\": \"Microsoft.Network/loadBalancers/inboundNatRules\",\r\n
        \       \"properties\": {\r\n          \"provisioningState\": \"Updating\",\r\n
        \         \"frontendIPConfiguration\": {\r\n            \"id\": \"/subscriptions/00000000-0000-0000-0000-000000000000/resourceGroups/cli_test_network_lb_port_mapping_000001/providers/Microsoft.Network/loadBalancers/test-lb/frontendIPConfigurations/LoadBalancerFrontEnd\"\r\n
        \         },\r\n          \"frontendPort\": 0,\r\n          \"backendPort\":
        3389,\r\n          \"enableFloatingIP\": false,\r\n          \"idleTimeoutInMinutes\":
        4,\r\n          \"protocol\": \"Tcp\",\r\n          \"enableDestinationServiceEndpoint\":
        false,\r\n          \"enableTcpReset\": false,\r\n          \"allowBackendPortConflict\":
        false,\r\n          \"frontendPortRangeStart\": 3389,\r\n          \"frontendPortRangeEnd\":
        4000,\r\n          \"backendAddressPool\": {\r\n            \"id\": \"/subscriptions/00000000-0000-0000-0000-000000000000/resourceGroups/cli_test_network_lb_port_mapping_000001/providers/Microsoft.Network/loadBalancers/test-lb/backendAddressPools/test-pool\"\r\n
        \         }\r\n        }\r\n      }\r\n    ],\r\n    \"outboundRules\": [],\r\n
        \   \"inboundNatPools\": []\r\n  },\r\n  \"sku\": {\r\n    \"name\": \"Standard\",\r\n
        \   \"tier\": \"Regional\"\r\n  }\r\n}"
    headers:
      azure-asyncnotification:
      - Enabled
      azure-asyncoperation:
      - https://management.azure.com/subscriptions/00000000-0000-0000-0000-000000000000/providers/Microsoft.Network/locations/westus/operations/8b3d5baa-193e-4d7a-b4de-54b241ae0fb7?api-version=2022-01-01
      cache-control:
      - no-cache
      content-length:
      - '5655'
      content-type:
      - application/json; charset=utf-8
      date:
      - Thu, 13 Oct 2022 10:28:29 GMT
      expires:
      - '-1'
      pragma:
      - no-cache
      server:
      - Microsoft-HTTPAPI/2.0
      - Microsoft-HTTPAPI/2.0
      strict-transport-security:
      - max-age=31536000; includeSubDomains
      transfer-encoding:
      - chunked
      vary:
      - Accept-Encoding
      x-content-type-options:
      - nosniff
      x-ms-arm-service-request-id:
      - e1be4334-26a6-4261-9cb0-74b7e6d39a83
      x-ms-ratelimit-remaining-subscription-writes:
      - '1192'
    status:
      code: 200
      message: OK
- request:
    body: null
    headers:
      Accept:
      - '*/*'
      Accept-Encoding:
      - gzip, deflate
      CommandName:
      - network lb inbound-nat-rule create
      Connection:
      - keep-alive
      ParameterSetName:
      - -n -g --lb-name --backend-pool-name --backend-port --frontend-port-range-start
        --frontend-port-range-end --protocol
      User-Agent:
      - AZURECLI/2.40.0 azsdk-python-azure-mgmt-network/21.0.1 Python/3.8.1 (Windows-10-10.0.22000-SP0)
    method: GET
    uri: https://management.azure.com/subscriptions/00000000-0000-0000-0000-000000000000/providers/Microsoft.Network/locations/westus/operations/8b3d5baa-193e-4d7a-b4de-54b241ae0fb7?api-version=2022-01-01
  response:
    body:
      string: "{\r\n  \"status\": \"Succeeded\"\r\n}"
    headers:
      cache-control:
      - no-cache
      content-length:
      - '29'
      content-type:
      - application/json; charset=utf-8
      date:
      - Thu, 13 Oct 2022 10:28:33 GMT
      expires:
      - '-1'
      pragma:
      - no-cache
      server:
      - Microsoft-HTTPAPI/2.0
      - Microsoft-HTTPAPI/2.0
      strict-transport-security:
      - max-age=31536000; includeSubDomains
      transfer-encoding:
      - chunked
      vary:
      - Accept-Encoding
      x-content-type-options:
      - nosniff
      x-ms-arm-service-request-id:
      - b757f664-e56d-4b29-866a-32007afc4e28
    status:
      code: 200
      message: OK
- request:
    body: null
    headers:
      Accept:
      - '*/*'
      Accept-Encoding:
      - gzip, deflate
      CommandName:
      - network lb inbound-nat-rule create
      Connection:
      - keep-alive
      ParameterSetName:
      - -n -g --lb-name --backend-pool-name --backend-port --frontend-port-range-start
        --frontend-port-range-end --protocol
      User-Agent:
      - AZURECLI/2.40.0 azsdk-python-azure-mgmt-network/21.0.1 Python/3.8.1 (Windows-10-10.0.22000-SP0)
    method: GET
    uri: https://management.azure.com/subscriptions/00000000-0000-0000-0000-000000000000/resourceGroups/cli_test_network_lb_port_mapping_000001/providers/Microsoft.Network/loadBalancers/test-lb?api-version=2022-01-01
  response:
    body:
      string: "{\r\n  \"name\": \"test-lb\",\r\n  \"id\": \"/subscriptions/00000000-0000-0000-0000-000000000000/resourceGroups/cli_test_network_lb_port_mapping_000001/providers/Microsoft.Network/loadBalancers/test-lb\",\r\n
        \ \"etag\": \"W/\\\"14292bc9-962a-496f-a8b1-f9226230b9d6\\\"\",\r\n  \"type\":
        \"Microsoft.Network/loadBalancers\",\r\n  \"location\": \"westus\",\r\n  \"tags\":
        {},\r\n  \"properties\": {\r\n    \"provisioningState\": \"Succeeded\",\r\n
        \   \"resourceGuid\": \"939765a8-237f-4cfc-8868-f90a1b6a553e\",\r\n    \"frontendIPConfigurations\":
        [\r\n      {\r\n        \"name\": \"LoadBalancerFrontEnd\",\r\n        \"id\":
        \"/subscriptions/00000000-0000-0000-0000-000000000000/resourceGroups/cli_test_network_lb_port_mapping_000001/providers/Microsoft.Network/loadBalancers/test-lb/frontendIPConfigurations/LoadBalancerFrontEnd\",\r\n
        \       \"etag\": \"W/\\\"14292bc9-962a-496f-a8b1-f9226230b9d6\\\"\",\r\n
        \       \"type\": \"Microsoft.Network/loadBalancers/frontendIPConfigurations\",\r\n
        \       \"properties\": {\r\n          \"provisioningState\": \"Succeeded\",\r\n
        \         \"privateIPAllocationMethod\": \"Dynamic\",\r\n          \"publicIPAddress\":
        {\r\n            \"id\": \"/subscriptions/00000000-0000-0000-0000-000000000000/resourceGroups/cli_test_network_lb_port_mapping_000001/providers/Microsoft.Network/publicIPAddresses/PublicIPtest-lb\"\r\n
        \         },\r\n          \"inboundNatRules\": [\r\n            {\r\n              \"id\":
        \"/subscriptions/00000000-0000-0000-0000-000000000000/resourceGroups/cli_test_network_lb_port_mapping_000001/providers/Microsoft.Network/loadBalancers/test-lb/inboundNatRules/test-nat\"\r\n
        \           }\r\n          ]\r\n        }\r\n      }\r\n    ],\r\n    \"backendAddressPools\":
        [\r\n      {\r\n        \"name\": \"test-lbbepool\",\r\n        \"id\": \"/subscriptions/00000000-0000-0000-0000-000000000000/resourceGroups/cli_test_network_lb_port_mapping_000001/providers/Microsoft.Network/loadBalancers/test-lb/backendAddressPools/test-lbbepool\",\r\n
        \       \"etag\": \"W/\\\"14292bc9-962a-496f-a8b1-f9226230b9d6\\\"\",\r\n
        \       \"properties\": {\r\n          \"provisioningState\": \"Succeeded\",\r\n
        \         \"loadBalancerBackendAddresses\": []\r\n        },\r\n        \"type\":
        \"Microsoft.Network/loadBalancers/backendAddressPools\"\r\n      },\r\n      {\r\n
        \       \"name\": \"test-pool\",\r\n        \"id\": \"/subscriptions/00000000-0000-0000-0000-000000000000/resourceGroups/cli_test_network_lb_port_mapping_000001/providers/Microsoft.Network/loadBalancers/test-lb/backendAddressPools/test-pool\",\r\n
        \       \"etag\": \"W/\\\"14292bc9-962a-496f-a8b1-f9226230b9d6\\\"\",\r\n
        \       \"properties\": {\r\n          \"provisioningState\": \"Succeeded\",\r\n
        \         \"loadBalancerBackendAddresses\": [\r\n            {\r\n              \"name\":
        \"test-address\",\r\n              \"id\": \"/subscriptions/00000000-0000-0000-0000-000000000000/resourceGroups/cli_test_network_lb_port_mapping_000001/providers/Microsoft.Network/loadBalancers/test-lb/backendAddressPools/test-pool/loadBalancerBackendAddresses/test-address\",\r\n
        \             \"etag\": \"W/\\\"14292bc9-962a-496f-a8b1-f9226230b9d6\\\"\",\r\n
        \             \"properties\": {\r\n                \"provisioningState\":
        \"Succeeded\",\r\n                \"ipAddress\": \"10.0.0.1\",\r\n                \"virtualNetwork\":
        {\r\n                  \"id\": \"/subscriptions/00000000-0000-0000-0000-000000000000/resourceGroups/cli_test_network_lb_port_mapping_000001/providers/Microsoft.Network/virtualNetworks/test-vnet\"\r\n
        \               },\r\n                \"inboundNatRulesPortMapping\": [\r\n
        \                 {\r\n                    \"inboundNatRuleName\": \"test-nat\",\r\n
        \                   \"frontendPort\": 3389,\r\n                    \"backendPort\":
        3389\r\n                  }\r\n                ]\r\n              },\r\n              \"type\":
        \"Microsoft.Network/loadBalancers/backendAddressPools/loadBalancerBackendAddresses\"\r\n
        \           }\r\n          ],\r\n          \"inboundNatRules\": [\r\n            {\r\n
        \             \"id\": \"/subscriptions/00000000-0000-0000-0000-000000000000/resourceGroups/cli_test_network_lb_port_mapping_000001/providers/Microsoft.Network/loadBalancers/test-lb/inboundNatRules/test-nat\"\r\n
        \           }\r\n          ]\r\n        },\r\n        \"type\": \"Microsoft.Network/loadBalancers/backendAddressPools\"\r\n
        \     }\r\n    ],\r\n    \"loadBalancingRules\": [],\r\n    \"probes\": [],\r\n
        \   \"inboundNatRules\": [\r\n      {\r\n        \"name\": \"test-nat\",\r\n
        \       \"id\": \"/subscriptions/00000000-0000-0000-0000-000000000000/resourceGroups/cli_test_network_lb_port_mapping_000001/providers/Microsoft.Network/loadBalancers/test-lb/inboundNatRules/test-nat\",\r\n
        \       \"etag\": \"W/\\\"14292bc9-962a-496f-a8b1-f9226230b9d6\\\"\",\r\n
        \       \"type\": \"Microsoft.Network/loadBalancers/inboundNatRules\",\r\n
        \       \"properties\": {\r\n          \"provisioningState\": \"Succeeded\",\r\n
        \         \"frontendIPConfiguration\": {\r\n            \"id\": \"/subscriptions/00000000-0000-0000-0000-000000000000/resourceGroups/cli_test_network_lb_port_mapping_000001/providers/Microsoft.Network/loadBalancers/test-lb/frontendIPConfigurations/LoadBalancerFrontEnd\"\r\n
        \         },\r\n          \"frontendPort\": 0,\r\n          \"backendPort\":
        3389,\r\n          \"enableFloatingIP\": false,\r\n          \"idleTimeoutInMinutes\":
        4,\r\n          \"protocol\": \"Tcp\",\r\n          \"enableDestinationServiceEndpoint\":
        false,\r\n          \"enableTcpReset\": false,\r\n          \"allowBackendPortConflict\":
        false,\r\n          \"frontendPortRangeStart\": 3389,\r\n          \"frontendPortRangeEnd\":
        4000,\r\n          \"backendAddressPool\": {\r\n            \"id\": \"/subscriptions/00000000-0000-0000-0000-000000000000/resourceGroups/cli_test_network_lb_port_mapping_000001/providers/Microsoft.Network/loadBalancers/test-lb/backendAddressPools/test-pool\"\r\n
        \         }\r\n        }\r\n      }\r\n    ],\r\n    \"outboundRules\": [],\r\n
        \   \"inboundNatPools\": []\r\n  },\r\n  \"sku\": {\r\n    \"name\": \"Standard\",\r\n
        \   \"tier\": \"Regional\"\r\n  }\r\n}"
    headers:
      cache-control:
      - no-cache
      content-length:
      - '5661'
      content-type:
      - application/json; charset=utf-8
      date:
      - Thu, 13 Oct 2022 10:28:33 GMT
      etag:
      - W/"14292bc9-962a-496f-a8b1-f9226230b9d6"
      expires:
      - '-1'
      pragma:
      - no-cache
      server:
      - Microsoft-HTTPAPI/2.0
      - Microsoft-HTTPAPI/2.0
      strict-transport-security:
      - max-age=31536000; includeSubDomains
      transfer-encoding:
      - chunked
      vary:
      - Accept-Encoding
      x-content-type-options:
      - nosniff
      x-ms-arm-service-request-id:
      - 3dbe6a63-3c4e-45fd-9904-32eaf6b8c58c
    status:
      code: 200
      message: OK
- request:
    body: '{"ipAddress": "10.0.0.1"}'
    headers:
      Accept:
      - application/json
      Accept-Encoding:
      - gzip, deflate
      CommandName:
      - network lb list-mapping
      Connection:
      - keep-alive
      Content-Length:
      - '25'
      Content-Type:
      - application/json
      ParameterSetName:
      - -n -g --backend-pool-name --request
      User-Agent:
      - AZURECLI/2.40.0 (AAZ) azsdk-python-core/1.24.0 Python/3.8.1 (Windows-10-10.0.22000-SP0)
    method: POST
    uri: https://management.azure.com/subscriptions/00000000-0000-0000-0000-000000000000/resourceGroups/cli_test_network_lb_port_mapping_000001/providers/Microsoft.Network/loadBalancers/test-lb/backendAddressPools/test-pool/queryInboundNatRulePortMapping?api-version=2022-05-01
  response:
    body:
      string: "{\r\n  \"inboundNatRulePortMappings\": [\r\n    {\r\n      \"inboundNatRuleName\":
        \"test-nat\",\r\n      \"protocol\": \"Tcp\",\r\n      \"frontendPort\": 3389,\r\n
        \     \"backendPort\": 3389\r\n    }\r\n  ]\r\n}"
    headers:
      cache-control:
      - no-cache
      content-length:
      - '181'
      content-type:
      - application/json; charset=utf-8
      date:
      - Thu, 13 Oct 2022 10:28:34 GMT
      expires:
      - '-1'
      pragma:
      - no-cache
      server:
      - Microsoft-HTTPAPI/2.0
      - Microsoft-HTTPAPI/2.0
      strict-transport-security:
      - max-age=31536000; includeSubDomains
      x-content-type-options:
      - nosniff
      x-ms-arm-service-request-id:
      - fcb7205d-7683-48ff-980f-c054a3bb55ec
      x-ms-ratelimit-remaining-subscription-writes:
      - '1199'
    status:
      code: 200
      message: OK
version: 1
