interactions:
- request:
    body: null
    headers:
      Accept:
      - application/json
      Accept-Encoding:
      - gzip, deflate
      CommandName:
      - network application-gateway create
      Connection:
      - keep-alive
      ParameterSetName:
      - -g -n --no-wait
      User-Agent:
      - python/3.7.8 (Windows-10-10.0.19041-SP0) msrest/0.6.18 msrest_azure/0.6.3
        azure-mgmt-resource/10.3.0 Azure-SDK-For-Python AZURECLI/2.16.0
      accept-language:
      - en-US
    method: GET
    uri: https://management.azure.com/subscriptions/00000000-0000-0000-0000-000000000000/resourcegroups/cli_test_ag_auth_cert000001?api-version=2020-06-01
  response:
    body:
      string: '{"id":"/subscriptions/00000000-0000-0000-0000-000000000000/resourceGroups/cli_test_ag_auth_cert000001","name":"cli_test_ag_auth_cert000001","type":"Microsoft.Resources/resourceGroups","location":"westus","tags":{"product":"azurecli","cause":"automation","date":"2020-12-16T05:40:06Z"},"properties":{"provisioningState":"Succeeded"}}'
    headers:
      cache-control:
      - no-cache
      content-length:
      - '428'
      content-type:
      - application/json; charset=utf-8
      date:
      - Wed, 16 Dec 2020 05:40:09 GMT
      expires:
      - '-1'
      pragma:
      - no-cache
      strict-transport-security:
      - max-age=31536000; includeSubDomains
      vary:
      - Accept-Encoding
      x-content-type-options:
      - nosniff
    status:
      code: 200
      message: OK
- request:
    body: null
    headers:
      Accept:
      - application/json
      Accept-Encoding:
      - gzip, deflate
      CommandName:
      - network application-gateway create
      Connection:
      - keep-alive
      ParameterSetName:
      - -g -n --no-wait
      User-Agent:
      - python/3.7.8 (Windows-10-10.0.19041-SP0) msrest/0.6.18 msrest_azure/0.6.3
        azure-mgmt-resource/10.3.0 Azure-SDK-For-Python AZURECLI/2.16.0
      accept-language:
      - en-US
    method: GET
    uri: https://management.azure.com/subscriptions/00000000-0000-0000-0000-000000000000/resources?$filter=resourceGroup%20eq%20%27cli_test_ag_auth_cert000001%27%20and%20name%20eq%20%27None%27%20and%20resourceType%20eq%20%27Microsoft.Network%2FvirtualNetworks%27&api-version=2020-06-01
  response:
    body:
      string: '{"value":[]}'
    headers:
      cache-control:
      - no-cache
      content-length:
      - '12'
      content-type:
      - application/json; charset=utf-8
      date:
      - Wed, 16 Dec 2020 05:40:10 GMT
      expires:
      - '-1'
      pragma:
      - no-cache
      strict-transport-security:
      - max-age=31536000; includeSubDomains
      vary:
      - Accept-Encoding
      x-content-type-options:
      - nosniff
    status:
      code: 200
      message: OK
- request:
    body: '{"properties": {"template": {"$schema": "https://schema.management.azure.com/schemas/2015-01-01/deploymentTemplate.json#",
      "contentVersion": "1.0.0.0", "parameters": {}, "variables": {"appGwID": "[resourceId(''Microsoft.Network/applicationGateways'',
      ''ag1'')]"}, "resources": [{"name": "ag1Vnet", "type": "Microsoft.Network/virtualNetworks",
      "location": "westus", "apiVersion": "2015-06-15", "dependsOn": [], "tags": {},
      "properties": {"addressSpace": {"addressPrefixes": ["10.0.0.0/16"]}, "subnets":
      [{"name": "default", "properties": {"addressPrefix": "10.0.0.0/24"}}]}}, {"type":
      "Microsoft.Network/applicationGateways", "name": "ag1", "location": "westus",
      "tags": {}, "apiVersion": "2020-07-01", "dependsOn": ["Microsoft.Network/virtualNetworks/ag1Vnet"],
      "properties": {"backendAddressPools": [{"name": "appGatewayBackendPool"}], "backendHttpSettingsCollection":
      [{"name": "appGatewayBackendHttpSettings", "properties": {"Port": 80, "Protocol":
      "Http", "CookieBasedAffinity": "disabled", "connectionDraining": {"enabled":
      false, "drainTimeoutInSec": 1}}}], "frontendIPConfigurations": [{"name": "appGatewayPrivateFrontendIP",
      "properties": {"privateIPAllocationMethod": "Dynamic", "privateIPAddress": null,
      "subnet": {"id": "/subscriptions/00000000-0000-0000-0000-000000000000/resourceGroups/cli_test_ag_auth_cert000001/providers/Microsoft.Network/virtualNetworks/ag1Vnet/subnets/default"}}}],
      "frontendPorts": [{"name": "appGatewayFrontendPort", "properties": {"Port":
      80}}], "gatewayIPConfigurations": [{"name": "appGatewayPrivateFrontendIP", "properties":
      {"subnet": {"id": "/subscriptions/00000000-0000-0000-0000-000000000000/resourceGroups/cli_test_ag_auth_cert000001/providers/Microsoft.Network/virtualNetworks/ag1Vnet/subnets/default"}}}],
      "httpListeners": [{"name": "appGatewayHttpListener", "properties": {"FrontendIpConfiguration":
      {"Id": "[concat(variables(''appGwID''), ''/frontendIPConfigurations/appGatewayPrivateFrontendIP'')]"},
      "FrontendPort": {"Id": "[concat(variables(''appGwID''), ''/frontendPorts/appGatewayFrontendPort'')]"},
      "Protocol": "http", "SslCertificate": null}}], "sku": {"name": "Standard_Medium",
      "tier": "Standard", "capacity": 2}, "requestRoutingRules": [{"Name": "rule1",
      "properties": {"RuleType": "Basic", "httpListener": {"id": "[concat(variables(''appGwID''),
      ''/httpListeners/appGatewayHttpListener'')]"}, "backendAddressPool": {"id":
      "[concat(variables(''appGwID''), ''/backendAddressPools/appGatewayBackendPool'')]"},
      "backendHttpSettings": {"id": "[concat(variables(''appGwID''), ''/backendHttpSettingsCollection/appGatewayBackendHttpSettings'')]"}}}],
      "privateLinkConfigurations": []}, "zones": null}], "outputs": {"applicationGateway":
      {"type": "object", "value": "[reference(''ag1'')]"}}}, "parameters": {}, "mode":
      "Incremental"}}'
    headers:
      Accept:
      - application/json
      Accept-Encoding:
      - gzip, deflate
      CommandName:
      - network application-gateway create
      Connection:
      - keep-alive
      Content-Length:
      - '2855'
      Content-Type:
      - application/json; charset=utf-8
      ParameterSetName:
      - -g -n --no-wait
      User-Agent:
      - python/3.7.8 (Windows-10-10.0.19041-SP0) msrest/0.6.18 msrest_azure/0.6.3
        azure-mgmt-resource/10.3.0 Azure-SDK-For-Python AZURECLI/2.16.0
      accept-language:
      - en-US
    method: PUT
    uri: https://management.azure.com/subscriptions/00000000-0000-0000-0000-000000000000/resourcegroups/cli_test_ag_auth_cert000001/providers/Microsoft.Resources/deployments/mock-deployment?api-version=2020-06-01
  response:
    body:
      string: '{"id":"/subscriptions/00000000-0000-0000-0000-000000000000/resourceGroups/cli_test_ag_auth_cert000001/providers/Microsoft.Resources/deployments/ag_deploy_PEe27lNkoOFXNwjTCJUhmIWgkIDr1VKZ","name":"ag_deploy_PEe27lNkoOFXNwjTCJUhmIWgkIDr1VKZ","type":"Microsoft.Resources/deployments","properties":{"templateHash":"6398734963543667800","parameters":{},"mode":"Incremental","provisioningState":"Accepted","timestamp":"2020-12-16T05:40:15.5595461Z","duration":"PT2.5781297S","correlationId":"86612adc-f5b0-4488-953d-58b813e2cc98","providers":[{"namespace":"Microsoft.Network","resourceTypes":[{"resourceType":"virtualNetworks","locations":["westus"]},{"resourceType":"applicationGateways","locations":["westus"]}]}],"dependencies":[{"dependsOn":[{"id":"/subscriptions/00000000-0000-0000-0000-000000000000/resourceGroups/cli_test_ag_auth_cert000001/providers/Microsoft.Network/virtualNetworks/ag1Vnet","resourceType":"Microsoft.Network/virtualNetworks","resourceName":"ag1Vnet"}],"id":"/subscriptions/00000000-0000-0000-0000-000000000000/resourceGroups/cli_test_ag_auth_cert000001/providers/Microsoft.Network/applicationGateways/ag1","resourceType":"Microsoft.Network/applicationGateways","resourceName":"ag1"}]}}'
    headers:
      azure-asyncoperation:
      - https://management.azure.com/subscriptions/00000000-0000-0000-0000-000000000000/resourcegroups/cli_test_ag_auth_cert000001/providers/Microsoft.Resources/deployments/ag_deploy_PEe27lNkoOFXNwjTCJUhmIWgkIDr1VKZ/operationStatuses/08585935096724963176?api-version=2020-06-01
      cache-control:
      - no-cache
      content-length:
      - '1350'
      content-type:
      - application/json; charset=utf-8
      date:
      - Wed, 16 Dec 2020 05:40:16 GMT
      expires:
      - '-1'
      pragma:
      - no-cache
      strict-transport-security:
      - max-age=31536000; includeSubDomains
      x-content-type-options:
      - nosniff
      x-ms-ratelimit-remaining-subscription-writes:
      - '1194'
    status:
      code: 201
      message: Created
- request:
    body: null
    headers:
      Accept:
      - application/json
      Accept-Encoding:
      - gzip, deflate
      CommandName:
      - network application-gateway wait
      Connection:
      - keep-alive
      ParameterSetName:
      - -g -n --exists
      User-Agent:
      - AZURECLI/2.16.0 azsdk-python-azure-mgmt-network/17.0.0 Python/3.7.8 (Windows-10-10.0.19041-SP0)
    method: GET
    uri: https://management.azure.com/subscriptions/00000000-0000-0000-0000-000000000000/resourceGroups/cli_test_ag_auth_cert000001/providers/Microsoft.Network/applicationGateways/ag1?api-version=2020-07-01
  response:
    body:
      string: '{"error":{"code":"ResourceNotFound","message":"The Resource ''Microsoft.Network/applicationGateways/ag1''
        under resource group ''cli_test_ag_auth_cert000001'' was not found. For more
        details please go to https://aka.ms/ARMResourceNotFoundFix"}}'
    headers:
      cache-control:
      - no-cache
      content-length:
      - '288'
      content-type:
      - application/json; charset=utf-8
      date:
      - Wed, 16 Dec 2020 05:40:18 GMT
      expires:
      - '-1'
      pragma:
      - no-cache
      strict-transport-security:
      - max-age=31536000; includeSubDomains
      x-content-type-options:
      - nosniff
      x-ms-failure-cause:
      - gateway
    status:
      code: 404
      message: Not Found
- request:
    body: null
    headers:
      Accept:
      - application/json
      Accept-Encoding:
      - gzip, deflate
      CommandName:
      - network application-gateway wait
      Connection:
      - keep-alive
      ParameterSetName:
      - -g -n --exists
      User-Agent:
      - AZURECLI/2.16.0 azsdk-python-azure-mgmt-network/17.0.0 Python/3.7.8 (Windows-10-10.0.19041-SP0)
    method: GET
    uri: https://management.azure.com/subscriptions/00000000-0000-0000-0000-000000000000/resourceGroups/cli_test_ag_auth_cert000001/providers/Microsoft.Network/applicationGateways/ag1?api-version=2020-07-01
  response:
    body:
      string: "{\r\n  \"name\": \"ag1\",\r\n  \"id\": \"/subscriptions/00000000-0000-0000-0000-000000000000/resourceGroups/cli_test_ag_auth_cert000001/providers/Microsoft.Network/applicationGateways/ag1\",\r\n
        \ \"etag\": \"W/\\\"fea56f5f-c9ab-496b-8aa0-dbc1b8d00328\\\"\",\r\n  \"type\":
        \"Microsoft.Network/applicationGateways\",\r\n  \"location\": \"westus\",\r\n
        \ \"tags\": {},\r\n  \"properties\": {\r\n    \"provisioningState\": \"Updating\",\r\n
        \   \"resourceGuid\": \"865d4f30-bc06-4ba2-b51e-1f19d8a37b92\",\r\n    \"sku\":
        {\r\n      \"name\": \"Standard_Medium\",\r\n      \"tier\": \"Standard\",\r\n
        \     \"capacity\": 2\r\n    },\r\n    \"operationalState\": \"Stopped\",\r\n
        \   \"gatewayIPConfigurations\": [\r\n      {\r\n        \"name\": \"appGatewayPrivateFrontendIP\",\r\n
        \       \"id\": \"/subscriptions/00000000-0000-0000-0000-000000000000/resourceGroups/cli_test_ag_auth_cert000001/providers/Microsoft.Network/applicationGateways/ag1/gatewayIPConfigurations/appGatewayPrivateFrontendIP\",\r\n
        \       \"etag\": \"W/\\\"fea56f5f-c9ab-496b-8aa0-dbc1b8d00328\\\"\",\r\n
        \       \"properties\": {\r\n          \"provisioningState\": \"Updating\",\r\n
        \         \"subnet\": {\r\n            \"id\": \"/subscriptions/00000000-0000-0000-0000-000000000000/resourceGroups/cli_test_ag_auth_cert000001/providers/Microsoft.Network/virtualNetworks/ag1Vnet/subnets/default\"\r\n
        \         }\r\n        },\r\n        \"type\": \"Microsoft.Network/applicationGateways/gatewayIPConfigurations\"\r\n
        \     }\r\n    ],\r\n    \"sslCertificates\": [],\r\n    \"authenticationCertificates\":
        [],\r\n    \"frontendIPConfigurations\": [\r\n      {\r\n        \"name\":
        \"appGatewayPrivateFrontendIP\",\r\n        \"id\": \"/subscriptions/00000000-0000-0000-0000-000000000000/resourceGroups/cli_test_ag_auth_cert000001/providers/Microsoft.Network/applicationGateways/ag1/frontendIPConfigurations/appGatewayPrivateFrontendIP\",\r\n
        \       \"etag\": \"W/\\\"fea56f5f-c9ab-496b-8aa0-dbc1b8d00328\\\"\",\r\n
        \       \"type\": \"Microsoft.Network/applicationGateways/frontendIPConfigurations\",\r\n
        \       \"properties\": {\r\n          \"provisioningState\": \"Updating\",\r\n
        \         \"privateIPAllocationMethod\": \"Dynamic\",\r\n          \"subnet\":
        {\r\n            \"id\": \"/subscriptions/00000000-0000-0000-0000-000000000000/resourceGroups/cli_test_ag_auth_cert000001/providers/Microsoft.Network/virtualNetworks/ag1Vnet/subnets/default\"\r\n
        \         },\r\n          \"httpListeners\": [\r\n            {\r\n              \"id\":
        \"/subscriptions/00000000-0000-0000-0000-000000000000/resourceGroups/cli_test_ag_auth_cert000001/providers/Microsoft.Network/applicationGateways/ag1/httpListeners/appGatewayHttpListener\"\r\n
        \           }\r\n          ]\r\n        }\r\n      }\r\n    ],\r\n    \"frontendPorts\":
        [\r\n      {\r\n        \"name\": \"appGatewayFrontendPort\",\r\n        \"id\":
        \"/subscriptions/00000000-0000-0000-0000-000000000000/resourceGroups/cli_test_ag_auth_cert000001/providers/Microsoft.Network/applicationGateways/ag1/frontendPorts/appGatewayFrontendPort\",\r\n
        \       \"etag\": \"W/\\\"fea56f5f-c9ab-496b-8aa0-dbc1b8d00328\\\"\",\r\n
        \       \"properties\": {\r\n          \"provisioningState\": \"Updating\",\r\n
        \         \"port\": 80,\r\n          \"httpListeners\": [\r\n            {\r\n
        \             \"id\": \"/subscriptions/00000000-0000-0000-0000-000000000000/resourceGroups/cli_test_ag_auth_cert000001/providers/Microsoft.Network/applicationGateways/ag1/httpListeners/appGatewayHttpListener\"\r\n
        \           }\r\n          ]\r\n        },\r\n        \"type\": \"Microsoft.Network/applicationGateways/frontendPorts\"\r\n
        \     }\r\n    ],\r\n    \"backendAddressPools\": [\r\n      {\r\n        \"name\":
        \"appGatewayBackendPool\",\r\n        \"id\": \"/subscriptions/00000000-0000-0000-0000-000000000000/resourceGroups/cli_test_ag_auth_cert000001/providers/Microsoft.Network/applicationGateways/ag1/backendAddressPools/appGatewayBackendPool\",\r\n
        \       \"etag\": \"W/\\\"fea56f5f-c9ab-496b-8aa0-dbc1b8d00328\\\"\",\r\n
        \       \"properties\": {\r\n          \"provisioningState\": \"Updating\",\r\n
        \         \"backendAddresses\": [],\r\n          \"requestRoutingRules\":
        [\r\n            {\r\n              \"id\": \"/subscriptions/00000000-0000-0000-0000-000000000000/resourceGroups/cli_test_ag_auth_cert000001/providers/Microsoft.Network/applicationGateways/ag1/requestRoutingRules/rule1\"\r\n
        \           }\r\n          ]\r\n        },\r\n        \"type\": \"Microsoft.Network/applicationGateways/backendAddressPools\"\r\n
        \     }\r\n    ],\r\n    \"backendHttpSettingsCollection\": [\r\n      {\r\n
        \       \"name\": \"appGatewayBackendHttpSettings\",\r\n        \"id\": \"/subscriptions/00000000-0000-0000-0000-000000000000/resourceGroups/cli_test_ag_auth_cert000001/providers/Microsoft.Network/applicationGateways/ag1/backendHttpSettingsCollection/appGatewayBackendHttpSettings\",\r\n
        \       \"etag\": \"W/\\\"fea56f5f-c9ab-496b-8aa0-dbc1b8d00328\\\"\",\r\n
        \       \"properties\": {\r\n          \"provisioningState\": \"Updating\",\r\n
        \         \"port\": 80,\r\n          \"protocol\": \"Http\",\r\n          \"cookieBasedAffinity\":
        \"Disabled\",\r\n          \"connectionDraining\": {\r\n            \"enabled\":
        false,\r\n            \"drainTimeoutInSec\": 1\r\n          },\r\n          \"pickHostNameFromBackendAddress\":
        false,\r\n          \"requestTimeout\": 30,\r\n          \"requestRoutingRules\":
        [\r\n            {\r\n              \"id\": \"/subscriptions/00000000-0000-0000-0000-000000000000/resourceGroups/cli_test_ag_auth_cert000001/providers/Microsoft.Network/applicationGateways/ag1/requestRoutingRules/rule1\"\r\n
        \           }\r\n          ]\r\n        },\r\n        \"type\": \"Microsoft.Network/applicationGateways/backendHttpSettingsCollection\"\r\n
        \     }\r\n    ],\r\n    \"httpListeners\": [\r\n      {\r\n        \"name\":
        \"appGatewayHttpListener\",\r\n        \"id\": \"/subscriptions/00000000-0000-0000-0000-000000000000/resourceGroups/cli_test_ag_auth_cert000001/providers/Microsoft.Network/applicationGateways/ag1/httpListeners/appGatewayHttpListener\",\r\n
        \       \"etag\": \"W/\\\"fea56f5f-c9ab-496b-8aa0-dbc1b8d00328\\\"\",\r\n
        \       \"properties\": {\r\n          \"provisioningState\": \"Updating\",\r\n
        \         \"frontendIPConfiguration\": {\r\n            \"id\": \"/subscriptions/00000000-0000-0000-0000-000000000000/resourceGroups/cli_test_ag_auth_cert000001/providers/Microsoft.Network/applicationGateways/ag1/frontendIPConfigurations/appGatewayPrivateFrontendIP\"\r\n
        \         },\r\n          \"frontendPort\": {\r\n            \"id\": \"/subscriptions/00000000-0000-0000-0000-000000000000/resourceGroups/cli_test_ag_auth_cert000001/providers/Microsoft.Network/applicationGateways/ag1/frontendPorts/appGatewayFrontendPort\"\r\n
        \         },\r\n          \"protocol\": \"Http\",\r\n          \"hostNames\":
        [],\r\n          \"requireServerNameIndication\": false,\r\n          \"requestRoutingRules\":
        [\r\n            {\r\n              \"id\": \"/subscriptions/00000000-0000-0000-0000-000000000000/resourceGroups/cli_test_ag_auth_cert000001/providers/Microsoft.Network/applicationGateways/ag1/requestRoutingRules/rule1\"\r\n
        \           }\r\n          ]\r\n        },\r\n        \"type\": \"Microsoft.Network/applicationGateways/httpListeners\"\r\n
        \     }\r\n    ],\r\n    \"urlPathMaps\": [],\r\n    \"requestRoutingRules\":
        [\r\n      {\r\n        \"name\": \"rule1\",\r\n        \"id\": \"/subscriptions/00000000-0000-0000-0000-000000000000/resourceGroups/cli_test_ag_auth_cert000001/providers/Microsoft.Network/applicationGateways/ag1/requestRoutingRules/rule1\",\r\n
        \       \"etag\": \"W/\\\"fea56f5f-c9ab-496b-8aa0-dbc1b8d00328\\\"\",\r\n
        \       \"properties\": {\r\n          \"provisioningState\": \"Updating\",\r\n
        \         \"ruleType\": \"Basic\",\r\n          \"httpListener\": {\r\n            \"id\":
        \"/subscriptions/00000000-0000-0000-0000-000000000000/resourceGroups/cli_test_ag_auth_cert000001/providers/Microsoft.Network/applicationGateways/ag1/httpListeners/appGatewayHttpListener\"\r\n
        \         },\r\n          \"backendAddressPool\": {\r\n            \"id\":
        \"/subscriptions/00000000-0000-0000-0000-000000000000/resourceGroups/cli_test_ag_auth_cert000001/providers/Microsoft.Network/applicationGateways/ag1/backendAddressPools/appGatewayBackendPool\"\r\n
        \         },\r\n          \"backendHttpSettings\": {\r\n            \"id\":
        \"/subscriptions/00000000-0000-0000-0000-000000000000/resourceGroups/cli_test_ag_auth_cert000001/providers/Microsoft.Network/applicationGateways/ag1/backendHttpSettingsCollection/appGatewayBackendHttpSettings\"\r\n
        \         }\r\n        },\r\n        \"type\": \"Microsoft.Network/applicationGateways/requestRoutingRules\"\r\n
        \     }\r\n    ],\r\n    \"probes\": [],\r\n    \"rewriteRuleSets\": [],\r\n
        \   \"redirectConfigurations\": []\r\n  }\r\n}"
    headers:
      cache-control:
      - no-cache
      content-length:
      - '9123'
      content-type:
      - application/json; charset=utf-8
      date:
      - Wed, 16 Dec 2020 05:40:49 GMT
      etag:
      - W/"fea56f5f-c9ab-496b-8aa0-dbc1b8d00328"
      expires:
      - '-1'
      pragma:
      - no-cache
      server:
      - Microsoft-HTTPAPI/2.0
      - Microsoft-HTTPAPI/2.0
      strict-transport-security:
      - max-age=31536000; includeSubDomains
      transfer-encoding:
      - chunked
      vary:
      - Accept-Encoding
      x-content-type-options:
      - nosniff
      x-ms-arm-service-request-id:
      - f93b85a5-ca95-4868-b18b-c42d350957d1
    status:
      code: 200
      message: OK
- request:
    body: null
    headers:
      Accept:
      - application/json
      Accept-Encoding:
      - gzip, deflate
      CommandName:
      - network application-gateway auth-cert create
      Connection:
      - keep-alive
      ParameterSetName:
      - -g --gateway-name -n --cert-file --no-wait
      User-Agent:
      - AZURECLI/2.16.0 azsdk-python-azure-mgmt-network/17.0.0 Python/3.7.8 (Windows-10-10.0.19041-SP0)
    method: GET
    uri: https://management.azure.com/subscriptions/00000000-0000-0000-0000-000000000000/resourceGroups/cli_test_ag_auth_cert000001/providers/Microsoft.Network/applicationGateways/ag1?api-version=2020-07-01
  response:
    body:
      string: "{\r\n  \"name\": \"ag1\",\r\n  \"id\": \"/subscriptions/00000000-0000-0000-0000-000000000000/resourceGroups/cli_test_ag_auth_cert000001/providers/Microsoft.Network/applicationGateways/ag1\",\r\n
        \ \"etag\": \"W/\\\"fea56f5f-c9ab-496b-8aa0-dbc1b8d00328\\\"\",\r\n  \"type\":
        \"Microsoft.Network/applicationGateways\",\r\n  \"location\": \"westus\",\r\n
        \ \"tags\": {},\r\n  \"properties\": {\r\n    \"provisioningState\": \"Updating\",\r\n
        \   \"resourceGuid\": \"865d4f30-bc06-4ba2-b51e-1f19d8a37b92\",\r\n    \"sku\":
        {\r\n      \"name\": \"Standard_Medium\",\r\n      \"tier\": \"Standard\",\r\n
        \     \"capacity\": 2\r\n    },\r\n    \"operationalState\": \"Stopped\",\r\n
        \   \"gatewayIPConfigurations\": [\r\n      {\r\n        \"name\": \"appGatewayPrivateFrontendIP\",\r\n
        \       \"id\": \"/subscriptions/00000000-0000-0000-0000-000000000000/resourceGroups/cli_test_ag_auth_cert000001/providers/Microsoft.Network/applicationGateways/ag1/gatewayIPConfigurations/appGatewayPrivateFrontendIP\",\r\n
        \       \"etag\": \"W/\\\"fea56f5f-c9ab-496b-8aa0-dbc1b8d00328\\\"\",\r\n
        \       \"properties\": {\r\n          \"provisioningState\": \"Updating\",\r\n
        \         \"subnet\": {\r\n            \"id\": \"/subscriptions/00000000-0000-0000-0000-000000000000/resourceGroups/cli_test_ag_auth_cert000001/providers/Microsoft.Network/virtualNetworks/ag1Vnet/subnets/default\"\r\n
        \         }\r\n        },\r\n        \"type\": \"Microsoft.Network/applicationGateways/gatewayIPConfigurations\"\r\n
        \     }\r\n    ],\r\n    \"sslCertificates\": [],\r\n    \"authenticationCertificates\":
        [],\r\n    \"frontendIPConfigurations\": [\r\n      {\r\n        \"name\":
        \"appGatewayPrivateFrontendIP\",\r\n        \"id\": \"/subscriptions/00000000-0000-0000-0000-000000000000/resourceGroups/cli_test_ag_auth_cert000001/providers/Microsoft.Network/applicationGateways/ag1/frontendIPConfigurations/appGatewayPrivateFrontendIP\",\r\n
        \       \"etag\": \"W/\\\"fea56f5f-c9ab-496b-8aa0-dbc1b8d00328\\\"\",\r\n
        \       \"type\": \"Microsoft.Network/applicationGateways/frontendIPConfigurations\",\r\n
        \       \"properties\": {\r\n          \"provisioningState\": \"Updating\",\r\n
        \         \"privateIPAllocationMethod\": \"Dynamic\",\r\n          \"subnet\":
        {\r\n            \"id\": \"/subscriptions/00000000-0000-0000-0000-000000000000/resourceGroups/cli_test_ag_auth_cert000001/providers/Microsoft.Network/virtualNetworks/ag1Vnet/subnets/default\"\r\n
        \         },\r\n          \"httpListeners\": [\r\n            {\r\n              \"id\":
        \"/subscriptions/00000000-0000-0000-0000-000000000000/resourceGroups/cli_test_ag_auth_cert000001/providers/Microsoft.Network/applicationGateways/ag1/httpListeners/appGatewayHttpListener\"\r\n
        \           }\r\n          ]\r\n        }\r\n      }\r\n    ],\r\n    \"frontendPorts\":
        [\r\n      {\r\n        \"name\": \"appGatewayFrontendPort\",\r\n        \"id\":
        \"/subscriptions/00000000-0000-0000-0000-000000000000/resourceGroups/cli_test_ag_auth_cert000001/providers/Microsoft.Network/applicationGateways/ag1/frontendPorts/appGatewayFrontendPort\",\r\n
        \       \"etag\": \"W/\\\"fea56f5f-c9ab-496b-8aa0-dbc1b8d00328\\\"\",\r\n
        \       \"properties\": {\r\n          \"provisioningState\": \"Updating\",\r\n
        \         \"port\": 80,\r\n          \"httpListeners\": [\r\n            {\r\n
        \             \"id\": \"/subscriptions/00000000-0000-0000-0000-000000000000/resourceGroups/cli_test_ag_auth_cert000001/providers/Microsoft.Network/applicationGateways/ag1/httpListeners/appGatewayHttpListener\"\r\n
        \           }\r\n          ]\r\n        },\r\n        \"type\": \"Microsoft.Network/applicationGateways/frontendPorts\"\r\n
        \     }\r\n    ],\r\n    \"backendAddressPools\": [\r\n      {\r\n        \"name\":
        \"appGatewayBackendPool\",\r\n        \"id\": \"/subscriptions/00000000-0000-0000-0000-000000000000/resourceGroups/cli_test_ag_auth_cert000001/providers/Microsoft.Network/applicationGateways/ag1/backendAddressPools/appGatewayBackendPool\",\r\n
        \       \"etag\": \"W/\\\"fea56f5f-c9ab-496b-8aa0-dbc1b8d00328\\\"\",\r\n
        \       \"properties\": {\r\n          \"provisioningState\": \"Updating\",\r\n
        \         \"backendAddresses\": [],\r\n          \"requestRoutingRules\":
        [\r\n            {\r\n              \"id\": \"/subscriptions/00000000-0000-0000-0000-000000000000/resourceGroups/cli_test_ag_auth_cert000001/providers/Microsoft.Network/applicationGateways/ag1/requestRoutingRules/rule1\"\r\n
        \           }\r\n          ]\r\n        },\r\n        \"type\": \"Microsoft.Network/applicationGateways/backendAddressPools\"\r\n
        \     }\r\n    ],\r\n    \"backendHttpSettingsCollection\": [\r\n      {\r\n
        \       \"name\": \"appGatewayBackendHttpSettings\",\r\n        \"id\": \"/subscriptions/00000000-0000-0000-0000-000000000000/resourceGroups/cli_test_ag_auth_cert000001/providers/Microsoft.Network/applicationGateways/ag1/backendHttpSettingsCollection/appGatewayBackendHttpSettings\",\r\n
        \       \"etag\": \"W/\\\"fea56f5f-c9ab-496b-8aa0-dbc1b8d00328\\\"\",\r\n
        \       \"properties\": {\r\n          \"provisioningState\": \"Updating\",\r\n
        \         \"port\": 80,\r\n          \"protocol\": \"Http\",\r\n          \"cookieBasedAffinity\":
        \"Disabled\",\r\n          \"connectionDraining\": {\r\n            \"enabled\":
        false,\r\n            \"drainTimeoutInSec\": 1\r\n          },\r\n          \"pickHostNameFromBackendAddress\":
        false,\r\n          \"requestTimeout\": 30,\r\n          \"requestRoutingRules\":
        [\r\n            {\r\n              \"id\": \"/subscriptions/00000000-0000-0000-0000-000000000000/resourceGroups/cli_test_ag_auth_cert000001/providers/Microsoft.Network/applicationGateways/ag1/requestRoutingRules/rule1\"\r\n
        \           }\r\n          ]\r\n        },\r\n        \"type\": \"Microsoft.Network/applicationGateways/backendHttpSettingsCollection\"\r\n
        \     }\r\n    ],\r\n    \"httpListeners\": [\r\n      {\r\n        \"name\":
        \"appGatewayHttpListener\",\r\n        \"id\": \"/subscriptions/00000000-0000-0000-0000-000000000000/resourceGroups/cli_test_ag_auth_cert000001/providers/Microsoft.Network/applicationGateways/ag1/httpListeners/appGatewayHttpListener\",\r\n
        \       \"etag\": \"W/\\\"fea56f5f-c9ab-496b-8aa0-dbc1b8d00328\\\"\",\r\n
        \       \"properties\": {\r\n          \"provisioningState\": \"Updating\",\r\n
        \         \"frontendIPConfiguration\": {\r\n            \"id\": \"/subscriptions/00000000-0000-0000-0000-000000000000/resourceGroups/cli_test_ag_auth_cert000001/providers/Microsoft.Network/applicationGateways/ag1/frontendIPConfigurations/appGatewayPrivateFrontendIP\"\r\n
        \         },\r\n          \"frontendPort\": {\r\n            \"id\": \"/subscriptions/00000000-0000-0000-0000-000000000000/resourceGroups/cli_test_ag_auth_cert000001/providers/Microsoft.Network/applicationGateways/ag1/frontendPorts/appGatewayFrontendPort\"\r\n
        \         },\r\n          \"protocol\": \"Http\",\r\n          \"hostNames\":
        [],\r\n          \"requireServerNameIndication\": false,\r\n          \"requestRoutingRules\":
        [\r\n            {\r\n              \"id\": \"/subscriptions/00000000-0000-0000-0000-000000000000/resourceGroups/cli_test_ag_auth_cert000001/providers/Microsoft.Network/applicationGateways/ag1/requestRoutingRules/rule1\"\r\n
        \           }\r\n          ]\r\n        },\r\n        \"type\": \"Microsoft.Network/applicationGateways/httpListeners\"\r\n
        \     }\r\n    ],\r\n    \"urlPathMaps\": [],\r\n    \"requestRoutingRules\":
        [\r\n      {\r\n        \"name\": \"rule1\",\r\n        \"id\": \"/subscriptions/00000000-0000-0000-0000-000000000000/resourceGroups/cli_test_ag_auth_cert000001/providers/Microsoft.Network/applicationGateways/ag1/requestRoutingRules/rule1\",\r\n
        \       \"etag\": \"W/\\\"fea56f5f-c9ab-496b-8aa0-dbc1b8d00328\\\"\",\r\n
        \       \"properties\": {\r\n          \"provisioningState\": \"Updating\",\r\n
        \         \"ruleType\": \"Basic\",\r\n          \"httpListener\": {\r\n            \"id\":
        \"/subscriptions/00000000-0000-0000-0000-000000000000/resourceGroups/cli_test_ag_auth_cert000001/providers/Microsoft.Network/applicationGateways/ag1/httpListeners/appGatewayHttpListener\"\r\n
        \         },\r\n          \"backendAddressPool\": {\r\n            \"id\":
        \"/subscriptions/00000000-0000-0000-0000-000000000000/resourceGroups/cli_test_ag_auth_cert000001/providers/Microsoft.Network/applicationGateways/ag1/backendAddressPools/appGatewayBackendPool\"\r\n
        \         },\r\n          \"backendHttpSettings\": {\r\n            \"id\":
        \"/subscriptions/00000000-0000-0000-0000-000000000000/resourceGroups/cli_test_ag_auth_cert000001/providers/Microsoft.Network/applicationGateways/ag1/backendHttpSettingsCollection/appGatewayBackendHttpSettings\"\r\n
        \         }\r\n        },\r\n        \"type\": \"Microsoft.Network/applicationGateways/requestRoutingRules\"\r\n
        \     }\r\n    ],\r\n    \"probes\": [],\r\n    \"rewriteRuleSets\": [],\r\n
        \   \"redirectConfigurations\": []\r\n  }\r\n}"
    headers:
      cache-control:
      - no-cache
      content-length:
      - '9123'
      content-type:
      - application/json; charset=utf-8
      date:
      - Wed, 16 Dec 2020 05:40:50 GMT
      etag:
      - W/"fea56f5f-c9ab-496b-8aa0-dbc1b8d00328"
      expires:
      - '-1'
      pragma:
      - no-cache
      server:
      - Microsoft-HTTPAPI/2.0
      - Microsoft-HTTPAPI/2.0
      strict-transport-security:
      - max-age=31536000; includeSubDomains
      transfer-encoding:
      - chunked
      vary:
      - Accept-Encoding
      x-content-type-options:
      - nosniff
      x-ms-arm-service-request-id:
      - 8ccf285e-a34c-4ce6-8794-83249ac06074
    status:
      code: 200
      message: OK
- request:
    body: '{"id": "/subscriptions/00000000-0000-0000-0000-000000000000/resourceGroups/cli_test_ag_auth_cert000001/providers/Microsoft.Network/applicationGateways/ag1",
      "location": "westus", "tags": {}, "properties": {"sku": {"name": "Standard_Medium",
      "tier": "Standard", "capacity": 2}, "gatewayIPConfigurations": [{"id": "/subscriptions/00000000-0000-0000-0000-000000000000/resourceGroups/cli_test_ag_auth_cert000001/providers/Microsoft.Network/applicationGateways/ag1/gatewayIPConfigurations/appGatewayPrivateFrontendIP",
      "name": "appGatewayPrivateFrontendIP", "properties": {"subnet": {"id": "/subscriptions/00000000-0000-0000-0000-000000000000/resourceGroups/cli_test_ag_auth_cert000001/providers/Microsoft.Network/virtualNetworks/ag1Vnet/subnets/default"}}}],
      "authenticationCertificates": [{"name": "cert1", "properties": {"data": "MIIBvzCCAW2gAwIBAgIQmJtabFWZYp1NjoMbcjRvajAJBgUrDgMCHQUAMBYxFDASBgNVBAMTC1Jvb3QgQWdlbmN5MB4XDTE2MDgyMzEzMjMyNFoXDTM5MTIzMTIzNTk1OVowIjEgMB4GA1UEAxMXSm9lJ3MtU29mdHdhcmUtRW1wb3JpdW0wgZ8wDQYJKoZIhvcNAQEBBQADgY0AMIGJAoGBAKH7RFdzRTwt8QPGQwBlLQox9ZvEjCIKzrB17IkWcAyRHpJMm+b00Ik8Sjm5UXwZY/DkXfkOBQ+RA9eaP5I1Aj043QQREs3MTFX7JppINYUk3gJzKPCHFHDb9qchy4qJjJAO/+PlWTP1M0T63Ln1fSIy3bjlPMfXoZK9+B+RJpIDAgMBAAGjSzBJMEcGA1UdAQRAMD6AEBLkCS0GHR1PAI1hIdwWZGOhGDAWMRQwEgYDVQQDEwtSb290IEFnZW5jeYIQBjdsAKoAZIoRz7jUqlw19DAJBgUrDgMCHQUAA0EAREgh2h7BQW5LImUO9dasVyKcQ+Y30iJ96P+/XQour7g/uAwxj/19JjE7i3Jt4tG5Ljc3o79G6QUspkP+QehBnA=="}}],
      "sslCertificates": [], "frontendIPConfigurations": [{"id": "/subscriptions/00000000-0000-0000-0000-000000000000/resourceGroups/cli_test_ag_auth_cert000001/providers/Microsoft.Network/applicationGateways/ag1/frontendIPConfigurations/appGatewayPrivateFrontendIP",
      "name": "appGatewayPrivateFrontendIP", "properties": {"privateIPAllocationMethod":
      "Dynamic", "subnet": {"id": "/subscriptions/00000000-0000-0000-0000-000000000000/resourceGroups/cli_test_ag_auth_cert000001/providers/Microsoft.Network/virtualNetworks/ag1Vnet/subnets/default"}}}],
      "frontendPorts": [{"id": "/subscriptions/00000000-0000-0000-0000-000000000000/resourceGroups/cli_test_ag_auth_cert000001/providers/Microsoft.Network/applicationGateways/ag1/frontendPorts/appGatewayFrontendPort",
      "name": "appGatewayFrontendPort", "properties": {"port": 80}}], "probes": [],
      "backendAddressPools": [{"id": "/subscriptions/00000000-0000-0000-0000-000000000000/resourceGroups/cli_test_ag_auth_cert000001/providers/Microsoft.Network/applicationGateways/ag1/backendAddressPools/appGatewayBackendPool",
      "name": "appGatewayBackendPool", "properties": {"backendAddresses": []}}], "backendHttpSettingsCollection":
      [{"id": "/subscriptions/00000000-0000-0000-0000-000000000000/resourceGroups/cli_test_ag_auth_cert000001/providers/Microsoft.Network/applicationGateways/ag1/backendHttpSettingsCollection/appGatewayBackendHttpSettings",
      "name": "appGatewayBackendHttpSettings", "properties": {"port": 80, "protocol":
      "Http", "cookieBasedAffinity": "Disabled", "requestTimeout": 30, "connectionDraining":
      {"enabled": false, "drainTimeoutInSec": 1}, "pickHostNameFromBackendAddress":
      false}}], "httpListeners": [{"id": "/subscriptions/00000000-0000-0000-0000-000000000000/resourceGroups/cli_test_ag_auth_cert000001/providers/Microsoft.Network/applicationGateways/ag1/httpListeners/appGatewayHttpListener",
      "name": "appGatewayHttpListener", "properties": {"frontendIPConfiguration":
      {"id": "/subscriptions/00000000-0000-0000-0000-000000000000/resourceGroups/cli_test_ag_auth_cert000001/providers/Microsoft.Network/applicationGateways/ag1/frontendIPConfigurations/appGatewayPrivateFrontendIP"},
      "frontendPort": {"id": "/subscriptions/00000000-0000-0000-0000-000000000000/resourceGroups/cli_test_ag_auth_cert000001/providers/Microsoft.Network/applicationGateways/ag1/frontendPorts/appGatewayFrontendPort"},
      "protocol": "Http", "requireServerNameIndication": false, "hostNames": []}}],
      "urlPathMaps": [], "requestRoutingRules": [{"id": "/subscriptions/00000000-0000-0000-0000-000000000000/resourceGroups/cli_test_ag_auth_cert000001/providers/Microsoft.Network/applicationGateways/ag1/requestRoutingRules/rule1",
      "name": "rule1", "properties": {"ruleType": "Basic", "backendAddressPool": {"id":
      "/subscriptions/00000000-0000-0000-0000-000000000000/resourceGroups/cli_test_ag_auth_cert000001/providers/Microsoft.Network/applicationGateways/ag1/backendAddressPools/appGatewayBackendPool"},
      "backendHttpSettings": {"id": "/subscriptions/00000000-0000-0000-0000-000000000000/resourceGroups/cli_test_ag_auth_cert000001/providers/Microsoft.Network/applicationGateways/ag1/backendHttpSettingsCollection/appGatewayBackendHttpSettings"},
      "httpListener": {"id": "/subscriptions/00000000-0000-0000-0000-000000000000/resourceGroups/cli_test_ag_auth_cert000001/providers/Microsoft.Network/applicationGateways/ag1/httpListeners/appGatewayHttpListener"}}}],
      "rewriteRuleSets": [], "redirectConfigurations": []}}'
    headers:
      Accept:
      - application/json
      Accept-Encoding:
      - gzip, deflate
      CommandName:
      - network application-gateway auth-cert create
      Connection:
      - keep-alive
      Content-Length:
      - '5592'
      Content-Type:
      - application/json
      ParameterSetName:
      - -g --gateway-name -n --cert-file --no-wait
      User-Agent:
      - AZURECLI/2.16.0 azsdk-python-azure-mgmt-network/17.0.0 Python/3.7.8 (Windows-10-10.0.19041-SP0)
    method: PUT
    uri: https://management.azure.com/subscriptions/00000000-0000-0000-0000-000000000000/resourceGroups/cli_test_ag_auth_cert000001/providers/Microsoft.Network/applicationGateways/ag1?api-version=2020-07-01
  response:
    body:
      string: "{\r\n  \"name\": \"ag1\",\r\n  \"id\": \"/subscriptions/00000000-0000-0000-0000-000000000000/resourceGroups/cli_test_ag_auth_cert000001/providers/Microsoft.Network/applicationGateways/ag1\",\r\n
        \ \"etag\": \"W/\\\"d07fc499-7cee-436d-b45e-cf111f51ba20\\\"\",\r\n  \"type\":
        \"Microsoft.Network/applicationGateways\",\r\n  \"location\": \"westus\",\r\n
        \ \"tags\": {},\r\n  \"properties\": {\r\n    \"provisioningState\": \"Updating\",\r\n
        \   \"resourceGuid\": \"865d4f30-bc06-4ba2-b51e-1f19d8a37b92\",\r\n    \"sku\":
        {\r\n      \"name\": \"Standard_Medium\",\r\n      \"tier\": \"Standard\",\r\n
        \     \"capacity\": 2\r\n    },\r\n    \"operationalState\": \"Stopped\",\r\n
        \   \"gatewayIPConfigurations\": [\r\n      {\r\n        \"name\": \"appGatewayPrivateFrontendIP\",\r\n
        \       \"id\": \"/subscriptions/00000000-0000-0000-0000-000000000000/resourceGroups/cli_test_ag_auth_cert000001/providers/Microsoft.Network/applicationGateways/ag1/gatewayIPConfigurations/appGatewayPrivateFrontendIP\",\r\n
        \       \"etag\": \"W/\\\"d07fc499-7cee-436d-b45e-cf111f51ba20\\\"\",\r\n
        \       \"properties\": {\r\n          \"provisioningState\": \"Updating\",\r\n
        \         \"subnet\": {\r\n            \"id\": \"/subscriptions/00000000-0000-0000-0000-000000000000/resourceGroups/cli_test_ag_auth_cert000001/providers/Microsoft.Network/virtualNetworks/ag1Vnet/subnets/default\"\r\n
        \         }\r\n        },\r\n        \"type\": \"Microsoft.Network/applicationGateways/gatewayIPConfigurations\"\r\n
        \     }\r\n    ],\r\n    \"sslCertificates\": [],\r\n    \"authenticationCertificates\":
        [\r\n      {\r\n        \"name\": \"cert1\",\r\n        \"id\": \"/subscriptions/00000000-0000-0000-0000-000000000000/resourceGroups/cli_test_ag_auth_cert000001/providers/Microsoft.Network/applicationGateways/ag1/authenticationCertificates/cert1\",\r\n
        \       \"etag\": \"W/\\\"d07fc499-7cee-436d-b45e-cf111f51ba20\\\"\",\r\n
        \       \"properties\": {\r\n          \"provisioningState\": \"Updating\",\r\n
        \         \"data\": \"MIIBvzCCAW2gAwIBAgIQmJtabFWZYp1NjoMbcjRvajAJBgUrDgMCHQUAMBYxFDASBgNVBAMTC1Jvb3QgQWdlbmN5MB4XDTE2MDgyMzEzMjMyNFoXDTM5MTIzMTIzNTk1OVowIjEgMB4GA1UEAxMXSm9lJ3MtU29mdHdhcmUtRW1wb3JpdW0wgZ8wDQYJKoZIhvcNAQEBBQADgY0AMIGJAoGBAKH7RFdzRTwt8QPGQwBlLQox9ZvEjCIKzrB17IkWcAyRHpJMm+b00Ik8Sjm5UXwZY/DkXfkOBQ+RA9eaP5I1Aj043QQREs3MTFX7JppINYUk3gJzKPCHFHDb9qchy4qJjJAO/+PlWTP1M0T63Ln1fSIy3bjlPMfXoZK9+B+RJpIDAgMBAAGjSzBJMEcGA1UdAQRAMD6AEBLkCS0GHR1PAI1hIdwWZGOhGDAWMRQwEgYDVQQDEwtSb290IEFnZW5jeYIQBjdsAKoAZIoRz7jUqlw19DAJBgUrDgMCHQUAA0EAREgh2h7BQW5LImUO9dasVyKcQ+Y30iJ96P+/XQour7g/uAwxj/19JjE7i3Jt4tG5Ljc3o79G6QUspkP+QehBnA==\"\r\n
        \       },\r\n        \"type\": \"Microsoft.Network/applicationGateways/authenticationCertificates\"\r\n
        \     }\r\n    ],\r\n    \"frontendIPConfigurations\": [\r\n      {\r\n        \"name\":
        \"appGatewayPrivateFrontendIP\",\r\n        \"id\": \"/subscriptions/00000000-0000-0000-0000-000000000000/resourceGroups/cli_test_ag_auth_cert000001/providers/Microsoft.Network/applicationGateways/ag1/frontendIPConfigurations/appGatewayPrivateFrontendIP\",\r\n
        \       \"etag\": \"W/\\\"d07fc499-7cee-436d-b45e-cf111f51ba20\\\"\",\r\n
        \       \"type\": \"Microsoft.Network/applicationGateways/frontendIPConfigurations\",\r\n
        \       \"properties\": {\r\n          \"provisioningState\": \"Updating\",\r\n
        \         \"privateIPAllocationMethod\": \"Dynamic\",\r\n          \"subnet\":
        {\r\n            \"id\": \"/subscriptions/00000000-0000-0000-0000-000000000000/resourceGroups/cli_test_ag_auth_cert000001/providers/Microsoft.Network/virtualNetworks/ag1Vnet/subnets/default\"\r\n
        \         },\r\n          \"httpListeners\": [\r\n            {\r\n              \"id\":
        \"/subscriptions/00000000-0000-0000-0000-000000000000/resourceGroups/cli_test_ag_auth_cert000001/providers/Microsoft.Network/applicationGateways/ag1/httpListeners/appGatewayHttpListener\"\r\n
        \           }\r\n          ]\r\n        }\r\n      }\r\n    ],\r\n    \"frontendPorts\":
        [\r\n      {\r\n        \"name\": \"appGatewayFrontendPort\",\r\n        \"id\":
        \"/subscriptions/00000000-0000-0000-0000-000000000000/resourceGroups/cli_test_ag_auth_cert000001/providers/Microsoft.Network/applicationGateways/ag1/frontendPorts/appGatewayFrontendPort\",\r\n
        \       \"etag\": \"W/\\\"d07fc499-7cee-436d-b45e-cf111f51ba20\\\"\",\r\n
        \       \"properties\": {\r\n          \"provisioningState\": \"Updating\",\r\n
        \         \"port\": 80,\r\n          \"httpListeners\": [\r\n            {\r\n
        \             \"id\": \"/subscriptions/00000000-0000-0000-0000-000000000000/resourceGroups/cli_test_ag_auth_cert000001/providers/Microsoft.Network/applicationGateways/ag1/httpListeners/appGatewayHttpListener\"\r\n
        \           }\r\n          ]\r\n        },\r\n        \"type\": \"Microsoft.Network/applicationGateways/frontendPorts\"\r\n
        \     }\r\n    ],\r\n    \"backendAddressPools\": [\r\n      {\r\n        \"name\":
        \"appGatewayBackendPool\",\r\n        \"id\": \"/subscriptions/00000000-0000-0000-0000-000000000000/resourceGroups/cli_test_ag_auth_cert000001/providers/Microsoft.Network/applicationGateways/ag1/backendAddressPools/appGatewayBackendPool\",\r\n
        \       \"etag\": \"W/\\\"d07fc499-7cee-436d-b45e-cf111f51ba20\\\"\",\r\n
        \       \"properties\": {\r\n          \"provisioningState\": \"Updating\",\r\n
        \         \"backendAddresses\": [],\r\n          \"requestRoutingRules\":
        [\r\n            {\r\n              \"id\": \"/subscriptions/00000000-0000-0000-0000-000000000000/resourceGroups/cli_test_ag_auth_cert000001/providers/Microsoft.Network/applicationGateways/ag1/requestRoutingRules/rule1\"\r\n
        \           }\r\n          ]\r\n        },\r\n        \"type\": \"Microsoft.Network/applicationGateways/backendAddressPools\"\r\n
        \     }\r\n    ],\r\n    \"backendHttpSettingsCollection\": [\r\n      {\r\n
        \       \"name\": \"appGatewayBackendHttpSettings\",\r\n        \"id\": \"/subscriptions/00000000-0000-0000-0000-000000000000/resourceGroups/cli_test_ag_auth_cert000001/providers/Microsoft.Network/applicationGateways/ag1/backendHttpSettingsCollection/appGatewayBackendHttpSettings\",\r\n
        \       \"etag\": \"W/\\\"d07fc499-7cee-436d-b45e-cf111f51ba20\\\"\",\r\n
        \       \"properties\": {\r\n          \"provisioningState\": \"Updating\",\r\n
        \         \"port\": 80,\r\n          \"protocol\": \"Http\",\r\n          \"cookieBasedAffinity\":
        \"Disabled\",\r\n          \"connectionDraining\": {\r\n            \"enabled\":
        false,\r\n            \"drainTimeoutInSec\": 1\r\n          },\r\n          \"pickHostNameFromBackendAddress\":
        false,\r\n          \"requestTimeout\": 30,\r\n          \"requestRoutingRules\":
        [\r\n            {\r\n              \"id\": \"/subscriptions/00000000-0000-0000-0000-000000000000/resourceGroups/cli_test_ag_auth_cert000001/providers/Microsoft.Network/applicationGateways/ag1/requestRoutingRules/rule1\"\r\n
        \           }\r\n          ]\r\n        },\r\n        \"type\": \"Microsoft.Network/applicationGateways/backendHttpSettingsCollection\"\r\n
        \     }\r\n    ],\r\n    \"httpListeners\": [\r\n      {\r\n        \"name\":
        \"appGatewayHttpListener\",\r\n        \"id\": \"/subscriptions/00000000-0000-0000-0000-000000000000/resourceGroups/cli_test_ag_auth_cert000001/providers/Microsoft.Network/applicationGateways/ag1/httpListeners/appGatewayHttpListener\",\r\n
        \       \"etag\": \"W/\\\"d07fc499-7cee-436d-b45e-cf111f51ba20\\\"\",\r\n
        \       \"properties\": {\r\n          \"provisioningState\": \"Updating\",\r\n
        \         \"frontendIPConfiguration\": {\r\n            \"id\": \"/subscriptions/00000000-0000-0000-0000-000000000000/resourceGroups/cli_test_ag_auth_cert000001/providers/Microsoft.Network/applicationGateways/ag1/frontendIPConfigurations/appGatewayPrivateFrontendIP\"\r\n
        \         },\r\n          \"frontendPort\": {\r\n            \"id\": \"/subscriptions/00000000-0000-0000-0000-000000000000/resourceGroups/cli_test_ag_auth_cert000001/providers/Microsoft.Network/applicationGateways/ag1/frontendPorts/appGatewayFrontendPort\"\r\n
        \         },\r\n          \"protocol\": \"Http\",\r\n          \"hostNames\":
        [],\r\n          \"requireServerNameIndication\": false,\r\n          \"requestRoutingRules\":
        [\r\n            {\r\n              \"id\": \"/subscriptions/00000000-0000-0000-0000-000000000000/resourceGroups/cli_test_ag_auth_cert000001/providers/Microsoft.Network/applicationGateways/ag1/requestRoutingRules/rule1\"\r\n
        \           }\r\n          ]\r\n        },\r\n        \"type\": \"Microsoft.Network/applicationGateways/httpListeners\"\r\n
        \     }\r\n    ],\r\n    \"urlPathMaps\": [],\r\n    \"requestRoutingRules\":
        [\r\n      {\r\n        \"name\": \"rule1\",\r\n        \"id\": \"/subscriptions/00000000-0000-0000-0000-000000000000/resourceGroups/cli_test_ag_auth_cert000001/providers/Microsoft.Network/applicationGateways/ag1/requestRoutingRules/rule1\",\r\n
        \       \"etag\": \"W/\\\"d07fc499-7cee-436d-b45e-cf111f51ba20\\\"\",\r\n
        \       \"properties\": {\r\n          \"provisioningState\": \"Updating\",\r\n
        \         \"ruleType\": \"Basic\",\r\n          \"httpListener\": {\r\n            \"id\":
        \"/subscriptions/00000000-0000-0000-0000-000000000000/resourceGroups/cli_test_ag_auth_cert000001/providers/Microsoft.Network/applicationGateways/ag1/httpListeners/appGatewayHttpListener\"\r\n
        \         },\r\n          \"backendAddressPool\": {\r\n            \"id\":
        \"/subscriptions/00000000-0000-0000-0000-000000000000/resourceGroups/cli_test_ag_auth_cert000001/providers/Microsoft.Network/applicationGateways/ag1/backendAddressPools/appGatewayBackendPool\"\r\n
        \         },\r\n          \"backendHttpSettings\": {\r\n            \"id\":
        \"/subscriptions/00000000-0000-0000-0000-000000000000/resourceGroups/cli_test_ag_auth_cert000001/providers/Microsoft.Network/applicationGateways/ag1/backendHttpSettingsCollection/appGatewayBackendHttpSettings\"\r\n
        \         }\r\n        },\r\n        \"type\": \"Microsoft.Network/applicationGateways/requestRoutingRules\"\r\n
        \     }\r\n    ],\r\n    \"probes\": [],\r\n    \"rewriteRuleSets\": [],\r\n
        \   \"redirectConfigurations\": []\r\n  }\r\n}"
    headers:
      azure-asyncoperation:
      - https://management.azure.com/subscriptions/00000000-0000-0000-0000-000000000000/providers/Microsoft.Network/locations/westus/operations/96106fbf-f94b-4501-8233-8ca45db55342?api-version=2020-07-01
      cache-control:
      - no-cache
      content-length:
      - '10273'
      content-type:
      - application/json; charset=utf-8
      date:
      - Wed, 16 Dec 2020 05:40:52 GMT
      expires:
      - '-1'
      pragma:
      - no-cache
      server:
      - Microsoft-HTTPAPI/2.0
      - Microsoft-HTTPAPI/2.0
      strict-transport-security:
      - max-age=31536000; includeSubDomains
      transfer-encoding:
      - chunked
      vary:
      - Accept-Encoding
      x-content-type-options:
      - nosniff
      x-ms-arm-service-request-id:
      - 33767728-d2f3-48fc-aa2d-e1d77c5beac3
      x-ms-ratelimit-remaining-subscription-writes:
      - '1194'
    status:
      code: 200
      message: OK
- request:
    body: null
    headers:
      Accept:
      - application/json
      Accept-Encoding:
      - gzip, deflate
      CommandName:
      - network application-gateway auth-cert create
      Connection:
      - keep-alive
      ParameterSetName:
      - -g --gateway-name -n --cert-file --no-wait
      User-Agent:
      - AZURECLI/2.16.0 azsdk-python-azure-mgmt-network/17.0.0 Python/3.7.8 (Windows-10-10.0.19041-SP0)
    method: GET
    uri: https://management.azure.com/subscriptions/00000000-0000-0000-0000-000000000000/resourceGroups/cli_test_ag_auth_cert000001/providers/Microsoft.Network/applicationGateways/ag1?api-version=2020-07-01
  response:
    body:
      string: "{\r\n  \"name\": \"ag1\",\r\n  \"id\": \"/subscriptions/00000000-0000-0000-0000-000000000000/resourceGroups/cli_test_ag_auth_cert000001/providers/Microsoft.Network/applicationGateways/ag1\",\r\n
        \ \"etag\": \"W/\\\"60d71d9e-3ce1-44b4-8fbe-e0e4d614e6a9\\\"\",\r\n  \"type\":
        \"Microsoft.Network/applicationGateways\",\r\n  \"location\": \"westus\",\r\n
        \ \"tags\": {},\r\n  \"properties\": {\r\n    \"provisioningState\": \"Updating\",\r\n
        \   \"resourceGuid\": \"865d4f30-bc06-4ba2-b51e-1f19d8a37b92\",\r\n    \"sku\":
        {\r\n      \"name\": \"Standard_Medium\",\r\n      \"tier\": \"Standard\",\r\n
        \     \"capacity\": 2\r\n    },\r\n    \"operationalState\": \"Stopped\",\r\n
        \   \"gatewayIPConfigurations\": [\r\n      {\r\n        \"name\": \"appGatewayPrivateFrontendIP\",\r\n
        \       \"id\": \"/subscriptions/00000000-0000-0000-0000-000000000000/resourceGroups/cli_test_ag_auth_cert000001/providers/Microsoft.Network/applicationGateways/ag1/gatewayIPConfigurations/appGatewayPrivateFrontendIP\",\r\n
        \       \"etag\": \"W/\\\"60d71d9e-3ce1-44b4-8fbe-e0e4d614e6a9\\\"\",\r\n
        \       \"properties\": {\r\n          \"provisioningState\": \"Updating\",\r\n
        \         \"subnet\": {\r\n            \"id\": \"/subscriptions/00000000-0000-0000-0000-000000000000/resourceGroups/cli_test_ag_auth_cert000001/providers/Microsoft.Network/virtualNetworks/ag1Vnet/subnets/default\"\r\n
        \         }\r\n        },\r\n        \"type\": \"Microsoft.Network/applicationGateways/gatewayIPConfigurations\"\r\n
        \     }\r\n    ],\r\n    \"sslCertificates\": [],\r\n    \"authenticationCertificates\":
        [\r\n      {\r\n        \"name\": \"cert1\",\r\n        \"id\": \"/subscriptions/00000000-0000-0000-0000-000000000000/resourceGroups/cli_test_ag_auth_cert000001/providers/Microsoft.Network/applicationGateways/ag1/authenticationCertificates/cert1\",\r\n
        \       \"etag\": \"W/\\\"60d71d9e-3ce1-44b4-8fbe-e0e4d614e6a9\\\"\",\r\n
        \       \"properties\": {\r\n          \"provisioningState\": \"Updating\",\r\n
        \         \"data\": \"MIIBvzCCAW2gAwIBAgIQmJtabFWZYp1NjoMbcjRvajAJBgUrDgMCHQUAMBYxFDASBgNVBAMTC1Jvb3QgQWdlbmN5MB4XDTE2MDgyMzEzMjMyNFoXDTM5MTIzMTIzNTk1OVowIjEgMB4GA1UEAxMXSm9lJ3MtU29mdHdhcmUtRW1wb3JpdW0wgZ8wDQYJKoZIhvcNAQEBBQADgY0AMIGJAoGBAKH7RFdzRTwt8QPGQwBlLQox9ZvEjCIKzrB17IkWcAyRHpJMm+b00Ik8Sjm5UXwZY/DkXfkOBQ+RA9eaP5I1Aj043QQREs3MTFX7JppINYUk3gJzKPCHFHDb9qchy4qJjJAO/+PlWTP1M0T63Ln1fSIy3bjlPMfXoZK9+B+RJpIDAgMBAAGjSzBJMEcGA1UdAQRAMD6AEBLkCS0GHR1PAI1hIdwWZGOhGDAWMRQwEgYDVQQDEwtSb290IEFnZW5jeYIQBjdsAKoAZIoRz7jUqlw19DAJBgUrDgMCHQUAA0EAREgh2h7BQW5LImUO9dasVyKcQ+Y30iJ96P+/XQour7g/uAwxj/19JjE7i3Jt4tG5Ljc3o79G6QUspkP+QehBnA==\"\r\n
        \       },\r\n        \"type\": \"Microsoft.Network/applicationGateways/authenticationCertificates\"\r\n
        \     }\r\n    ],\r\n    \"frontendIPConfigurations\": [\r\n      {\r\n        \"name\":
        \"appGatewayPrivateFrontendIP\",\r\n        \"id\": \"/subscriptions/00000000-0000-0000-0000-000000000000/resourceGroups/cli_test_ag_auth_cert000001/providers/Microsoft.Network/applicationGateways/ag1/frontendIPConfigurations/appGatewayPrivateFrontendIP\",\r\n
        \       \"etag\": \"W/\\\"60d71d9e-3ce1-44b4-8fbe-e0e4d614e6a9\\\"\",\r\n
        \       \"type\": \"Microsoft.Network/applicationGateways/frontendIPConfigurations\",\r\n
        \       \"properties\": {\r\n          \"provisioningState\": \"Updating\",\r\n
        \         \"privateIPAllocationMethod\": \"Dynamic\",\r\n          \"subnet\":
        {\r\n            \"id\": \"/subscriptions/00000000-0000-0000-0000-000000000000/resourceGroups/cli_test_ag_auth_cert000001/providers/Microsoft.Network/virtualNetworks/ag1Vnet/subnets/default\"\r\n
        \         },\r\n          \"httpListeners\": [\r\n            {\r\n              \"id\":
        \"/subscriptions/00000000-0000-0000-0000-000000000000/resourceGroups/cli_test_ag_auth_cert000001/providers/Microsoft.Network/applicationGateways/ag1/httpListeners/appGatewayHttpListener\"\r\n
        \           }\r\n          ]\r\n        }\r\n      }\r\n    ],\r\n    \"frontendPorts\":
        [\r\n      {\r\n        \"name\": \"appGatewayFrontendPort\",\r\n        \"id\":
        \"/subscriptions/00000000-0000-0000-0000-000000000000/resourceGroups/cli_test_ag_auth_cert000001/providers/Microsoft.Network/applicationGateways/ag1/frontendPorts/appGatewayFrontendPort\",\r\n
        \       \"etag\": \"W/\\\"60d71d9e-3ce1-44b4-8fbe-e0e4d614e6a9\\\"\",\r\n
        \       \"properties\": {\r\n          \"provisioningState\": \"Updating\",\r\n
        \         \"port\": 80,\r\n          \"httpListeners\": [\r\n            {\r\n
        \             \"id\": \"/subscriptions/00000000-0000-0000-0000-000000000000/resourceGroups/cli_test_ag_auth_cert000001/providers/Microsoft.Network/applicationGateways/ag1/httpListeners/appGatewayHttpListener\"\r\n
        \           }\r\n          ]\r\n        },\r\n        \"type\": \"Microsoft.Network/applicationGateways/frontendPorts\"\r\n
        \     }\r\n    ],\r\n    \"backendAddressPools\": [\r\n      {\r\n        \"name\":
        \"appGatewayBackendPool\",\r\n        \"id\": \"/subscriptions/00000000-0000-0000-0000-000000000000/resourceGroups/cli_test_ag_auth_cert000001/providers/Microsoft.Network/applicationGateways/ag1/backendAddressPools/appGatewayBackendPool\",\r\n
        \       \"etag\": \"W/\\\"60d71d9e-3ce1-44b4-8fbe-e0e4d614e6a9\\\"\",\r\n
        \       \"properties\": {\r\n          \"provisioningState\": \"Updating\",\r\n
        \         \"backendAddresses\": [],\r\n          \"requestRoutingRules\":
        [\r\n            {\r\n              \"id\": \"/subscriptions/00000000-0000-0000-0000-000000000000/resourceGroups/cli_test_ag_auth_cert000001/providers/Microsoft.Network/applicationGateways/ag1/requestRoutingRules/rule1\"\r\n
        \           }\r\n          ]\r\n        },\r\n        \"type\": \"Microsoft.Network/applicationGateways/backendAddressPools\"\r\n
        \     }\r\n    ],\r\n    \"backendHttpSettingsCollection\": [\r\n      {\r\n
        \       \"name\": \"appGatewayBackendHttpSettings\",\r\n        \"id\": \"/subscriptions/00000000-0000-0000-0000-000000000000/resourceGroups/cli_test_ag_auth_cert000001/providers/Microsoft.Network/applicationGateways/ag1/backendHttpSettingsCollection/appGatewayBackendHttpSettings\",\r\n
        \       \"etag\": \"W/\\\"60d71d9e-3ce1-44b4-8fbe-e0e4d614e6a9\\\"\",\r\n
        \       \"properties\": {\r\n          \"provisioningState\": \"Updating\",\r\n
        \         \"port\": 80,\r\n          \"protocol\": \"Http\",\r\n          \"cookieBasedAffinity\":
        \"Disabled\",\r\n          \"connectionDraining\": {\r\n            \"enabled\":
        false,\r\n            \"drainTimeoutInSec\": 1\r\n          },\r\n          \"pickHostNameFromBackendAddress\":
        false,\r\n          \"requestTimeout\": 30,\r\n          \"requestRoutingRules\":
        [\r\n            {\r\n              \"id\": \"/subscriptions/00000000-0000-0000-0000-000000000000/resourceGroups/cli_test_ag_auth_cert000001/providers/Microsoft.Network/applicationGateways/ag1/requestRoutingRules/rule1\"\r\n
        \           }\r\n          ]\r\n        },\r\n        \"type\": \"Microsoft.Network/applicationGateways/backendHttpSettingsCollection\"\r\n
        \     }\r\n    ],\r\n    \"httpListeners\": [\r\n      {\r\n        \"name\":
        \"appGatewayHttpListener\",\r\n        \"id\": \"/subscriptions/00000000-0000-0000-0000-000000000000/resourceGroups/cli_test_ag_auth_cert000001/providers/Microsoft.Network/applicationGateways/ag1/httpListeners/appGatewayHttpListener\",\r\n
        \       \"etag\": \"W/\\\"60d71d9e-3ce1-44b4-8fbe-e0e4d614e6a9\\\"\",\r\n
        \       \"properties\": {\r\n          \"provisioningState\": \"Updating\",\r\n
        \         \"frontendIPConfiguration\": {\r\n            \"id\": \"/subscriptions/00000000-0000-0000-0000-000000000000/resourceGroups/cli_test_ag_auth_cert000001/providers/Microsoft.Network/applicationGateways/ag1/frontendIPConfigurations/appGatewayPrivateFrontendIP\"\r\n
        \         },\r\n          \"frontendPort\": {\r\n            \"id\": \"/subscriptions/00000000-0000-0000-0000-000000000000/resourceGroups/cli_test_ag_auth_cert000001/providers/Microsoft.Network/applicationGateways/ag1/frontendPorts/appGatewayFrontendPort\"\r\n
        \         },\r\n          \"protocol\": \"Http\",\r\n          \"hostNames\":
        [],\r\n          \"requireServerNameIndication\": false,\r\n          \"requestRoutingRules\":
        [\r\n            {\r\n              \"id\": \"/subscriptions/00000000-0000-0000-0000-000000000000/resourceGroups/cli_test_ag_auth_cert000001/providers/Microsoft.Network/applicationGateways/ag1/requestRoutingRules/rule1\"\r\n
        \           }\r\n          ]\r\n        },\r\n        \"type\": \"Microsoft.Network/applicationGateways/httpListeners\"\r\n
        \     }\r\n    ],\r\n    \"urlPathMaps\": [],\r\n    \"requestRoutingRules\":
        [\r\n      {\r\n        \"name\": \"rule1\",\r\n        \"id\": \"/subscriptions/00000000-0000-0000-0000-000000000000/resourceGroups/cli_test_ag_auth_cert000001/providers/Microsoft.Network/applicationGateways/ag1/requestRoutingRules/rule1\",\r\n
        \       \"etag\": \"W/\\\"60d71d9e-3ce1-44b4-8fbe-e0e4d614e6a9\\\"\",\r\n
        \       \"properties\": {\r\n          \"provisioningState\": \"Updating\",\r\n
        \         \"ruleType\": \"Basic\",\r\n          \"httpListener\": {\r\n            \"id\":
        \"/subscriptions/00000000-0000-0000-0000-000000000000/resourceGroups/cli_test_ag_auth_cert000001/providers/Microsoft.Network/applicationGateways/ag1/httpListeners/appGatewayHttpListener\"\r\n
        \         },\r\n          \"backendAddressPool\": {\r\n            \"id\":
        \"/subscriptions/00000000-0000-0000-0000-000000000000/resourceGroups/cli_test_ag_auth_cert000001/providers/Microsoft.Network/applicationGateways/ag1/backendAddressPools/appGatewayBackendPool\"\r\n
        \         },\r\n          \"backendHttpSettings\": {\r\n            \"id\":
        \"/subscriptions/00000000-0000-0000-0000-000000000000/resourceGroups/cli_test_ag_auth_cert000001/providers/Microsoft.Network/applicationGateways/ag1/backendHttpSettingsCollection/appGatewayBackendHttpSettings\"\r\n
        \         }\r\n        },\r\n        \"type\": \"Microsoft.Network/applicationGateways/requestRoutingRules\"\r\n
        \     }\r\n    ],\r\n    \"probes\": [],\r\n    \"rewriteRuleSets\": [],\r\n
        \   \"redirectConfigurations\": []\r\n  }\r\n}"
    headers:
      cache-control:
      - no-cache
      content-length:
      - '10273'
      content-type:
      - application/json; charset=utf-8
      date:
      - Wed, 16 Dec 2020 05:40:53 GMT
      etag:
      - W/"60d71d9e-3ce1-44b4-8fbe-e0e4d614e6a9"
      expires:
      - '-1'
      pragma:
      - no-cache
      server:
      - Microsoft-HTTPAPI/2.0
      - Microsoft-HTTPAPI/2.0
      strict-transport-security:
      - max-age=31536000; includeSubDomains
      transfer-encoding:
      - chunked
      vary:
      - Accept-Encoding
      x-content-type-options:
      - nosniff
      x-ms-arm-service-request-id:
      - 721c21e4-a2f1-45f1-a9f0-34d698cdd064
    status:
      code: 200
      message: OK
- request:
    body: '{"id": "/subscriptions/00000000-0000-0000-0000-000000000000/resourceGroups/cli_test_ag_auth_cert000001/providers/Microsoft.Network/applicationGateways/ag1",
      "location": "westus", "tags": {}, "properties": {"sku": {"name": "Standard_Medium",
      "tier": "Standard", "capacity": 2}, "gatewayIPConfigurations": [{"id": "/subscriptions/00000000-0000-0000-0000-000000000000/resourceGroups/cli_test_ag_auth_cert000001/providers/Microsoft.Network/applicationGateways/ag1/gatewayIPConfigurations/appGatewayPrivateFrontendIP",
      "name": "appGatewayPrivateFrontendIP", "properties": {"subnet": {"id": "/subscriptions/00000000-0000-0000-0000-000000000000/resourceGroups/cli_test_ag_auth_cert000001/providers/Microsoft.Network/virtualNetworks/ag1Vnet/subnets/default"}}}],
      "authenticationCertificates": [{"id": "/subscriptions/00000000-0000-0000-0000-000000000000/resourceGroups/cli_test_ag_auth_cert000001/providers/Microsoft.Network/applicationGateways/ag1/authenticationCertificates/cert1",
      "name": "cert1", "properties": {"data": "MIIBvzCCAW2gAwIBAgIQmJtabFWZYp1NjoMbcjRvajAJBgUrDgMCHQUAMBYxFDASBgNVBAMTC1Jvb3QgQWdlbmN5MB4XDTE2MDgyMzEzMjMyNFoXDTM5MTIzMTIzNTk1OVowIjEgMB4GA1UEAxMXSm9lJ3MtU29mdHdhcmUtRW1wb3JpdW0wgZ8wDQYJKoZIhvcNAQEBBQADgY0AMIGJAoGBAKH7RFdzRTwt8QPGQwBlLQox9ZvEjCIKzrB17IkWcAyRHpJMm+b00Ik8Sjm5UXwZY/DkXfkOBQ+RA9eaP5I1Aj043QQREs3MTFX7JppINYUk3gJzKPCHFHDb9qchy4qJjJAO/+PlWTP1M0T63Ln1fSIy3bjlPMfXoZK9+B+RJpIDAgMBAAGjSzBJMEcGA1UdAQRAMD6AEBLkCS0GHR1PAI1hIdwWZGOhGDAWMRQwEgYDVQQDEwtSb290IEFnZW5jeYIQBjdsAKoAZIoRz7jUqlw19DAJBgUrDgMCHQUAA0EAREgh2h7BQW5LImUO9dasVyKcQ+Y30iJ96P+/XQour7g/uAwxj/19JjE7i3Jt4tG5Ljc3o79G6QUspkP+QehBnA=="}},
      {"name": "cert2", "properties": {"data": "MIIBvzCCAW2gAwIBAgIQdxrzWOg4waxNCWLqZDjNpjAJBgUrDgMCHQUAMBYxFDASBgNVBAMTC1Jvb3QgQWdlbmN5MB4XDTE2MDgyMzEzMzIzNloXDTM5MTIzMTIzNTk1OVowIjEgMB4GA1UEAxMXSm9lJ3MtU29mdHdhcmUtRW1wb3JpdW0wgZ8wDQYJKoZIhvcNAQEBBQADgY0AMIGJAoGBAKH7RFdzRTwt8QPGQwBlLQox9ZvEjCIKzrB17IkWcAyRHpJMm+b00Ik8Sjm5UXwZY/DkXfkOBQ+RA9eaP5I1Aj043QQREs3MTFX7JppINYUk3gJzKPCHFHDb9qchy4qJjJAO/+PlWTP1M0T63Ln1fSIy3bjlPMfXoZK9+B+RJpIDAgMBAAGjSzBJMEcGA1UdAQRAMD6AEBLkCS0GHR1PAI1hIdwWZGOhGDAWMRQwEgYDVQQDEwtSb290IEFnZW5jeYIQBjdsAKoAZIoRz7jUqlw19DAJBgUrDgMCHQUAA0EAY8c6yN4viFBfeW1aPIfW04IgqXz4nwUlGcKYr4Kdq887PgevaqZdsEcy6okZ7qjFZw4EtafD12cBQ1/Djl5j6Q=="}}],
      "sslCertificates": [], "frontendIPConfigurations": [{"id": "/subscriptions/00000000-0000-0000-0000-000000000000/resourceGroups/cli_test_ag_auth_cert000001/providers/Microsoft.Network/applicationGateways/ag1/frontendIPConfigurations/appGatewayPrivateFrontendIP",
      "name": "appGatewayPrivateFrontendIP", "properties": {"privateIPAllocationMethod":
      "Dynamic", "subnet": {"id": "/subscriptions/00000000-0000-0000-0000-000000000000/resourceGroups/cli_test_ag_auth_cert000001/providers/Microsoft.Network/virtualNetworks/ag1Vnet/subnets/default"}}}],
      "frontendPorts": [{"id": "/subscriptions/00000000-0000-0000-0000-000000000000/resourceGroups/cli_test_ag_auth_cert000001/providers/Microsoft.Network/applicationGateways/ag1/frontendPorts/appGatewayFrontendPort",
      "name": "appGatewayFrontendPort", "properties": {"port": 80}}], "probes": [],
      "backendAddressPools": [{"id": "/subscriptions/00000000-0000-0000-0000-000000000000/resourceGroups/cli_test_ag_auth_cert000001/providers/Microsoft.Network/applicationGateways/ag1/backendAddressPools/appGatewayBackendPool",
      "name": "appGatewayBackendPool", "properties": {"backendAddresses": []}}], "backendHttpSettingsCollection":
      [{"id": "/subscriptions/00000000-0000-0000-0000-000000000000/resourceGroups/cli_test_ag_auth_cert000001/providers/Microsoft.Network/applicationGateways/ag1/backendHttpSettingsCollection/appGatewayBackendHttpSettings",
      "name": "appGatewayBackendHttpSettings", "properties": {"port": 80, "protocol":
      "Http", "cookieBasedAffinity": "Disabled", "requestTimeout": 30, "connectionDraining":
      {"enabled": false, "drainTimeoutInSec": 1}, "pickHostNameFromBackendAddress":
      false}}], "httpListeners": [{"id": "/subscriptions/00000000-0000-0000-0000-000000000000/resourceGroups/cli_test_ag_auth_cert000001/providers/Microsoft.Network/applicationGateways/ag1/httpListeners/appGatewayHttpListener",
      "name": "appGatewayHttpListener", "properties": {"frontendIPConfiguration":
      {"id": "/subscriptions/00000000-0000-0000-0000-000000000000/resourceGroups/cli_test_ag_auth_cert000001/providers/Microsoft.Network/applicationGateways/ag1/frontendIPConfigurations/appGatewayPrivateFrontendIP"},
      "frontendPort": {"id": "/subscriptions/00000000-0000-0000-0000-000000000000/resourceGroups/cli_test_ag_auth_cert000001/providers/Microsoft.Network/applicationGateways/ag1/frontendPorts/appGatewayFrontendPort"},
      "protocol": "Http", "requireServerNameIndication": false, "hostNames": []}}],
      "urlPathMaps": [], "requestRoutingRules": [{"id": "/subscriptions/00000000-0000-0000-0000-000000000000/resourceGroups/cli_test_ag_auth_cert000001/providers/Microsoft.Network/applicationGateways/ag1/requestRoutingRules/rule1",
      "name": "rule1", "properties": {"ruleType": "Basic", "backendAddressPool": {"id":
      "/subscriptions/00000000-0000-0000-0000-000000000000/resourceGroups/cli_test_ag_auth_cert000001/providers/Microsoft.Network/applicationGateways/ag1/backendAddressPools/appGatewayBackendPool"},
      "backendHttpSettings": {"id": "/subscriptions/00000000-0000-0000-0000-000000000000/resourceGroups/cli_test_ag_auth_cert000001/providers/Microsoft.Network/applicationGateways/ag1/backendHttpSettingsCollection/appGatewayBackendHttpSettings"},
      "httpListener": {"id": "/subscriptions/00000000-0000-0000-0000-000000000000/resourceGroups/cli_test_ag_auth_cert000001/providers/Microsoft.Network/applicationGateways/ag1/httpListeners/appGatewayHttpListener"}}}],
      "rewriteRuleSets": [], "redirectConfigurations": []}}'
    headers:
      Accept:
      - application/json
      Accept-Encoding:
      - gzip, deflate
      CommandName:
      - network application-gateway auth-cert create
      Connection:
      - keep-alive
      Content-Length:
      - '6480'
      Content-Type:
      - application/json
      ParameterSetName:
      - -g --gateway-name -n --cert-file --no-wait
      User-Agent:
      - AZURECLI/2.16.0 azsdk-python-azure-mgmt-network/17.0.0 Python/3.7.8 (Windows-10-10.0.19041-SP0)
    method: PUT
    uri: https://management.azure.com/subscriptions/00000000-0000-0000-0000-000000000000/resourceGroups/cli_test_ag_auth_cert000001/providers/Microsoft.Network/applicationGateways/ag1?api-version=2020-07-01
  response:
    body:
      string: "{\r\n  \"name\": \"ag1\",\r\n  \"id\": \"/subscriptions/00000000-0000-0000-0000-000000000000/resourceGroups/cli_test_ag_auth_cert000001/providers/Microsoft.Network/applicationGateways/ag1\",\r\n
        \ \"etag\": \"W/\\\"94c61774-15ee-4ece-8805-77b2502ad4a0\\\"\",\r\n  \"type\":
        \"Microsoft.Network/applicationGateways\",\r\n  \"location\": \"westus\",\r\n
        \ \"tags\": {},\r\n  \"properties\": {\r\n    \"provisioningState\": \"Updating\",\r\n
        \   \"resourceGuid\": \"865d4f30-bc06-4ba2-b51e-1f19d8a37b92\",\r\n    \"sku\":
        {\r\n      \"name\": \"Standard_Medium\",\r\n      \"tier\": \"Standard\",\r\n
        \     \"capacity\": 2\r\n    },\r\n    \"operationalState\": \"Stopped\",\r\n
        \   \"gatewayIPConfigurations\": [\r\n      {\r\n        \"name\": \"appGatewayPrivateFrontendIP\",\r\n
        \       \"id\": \"/subscriptions/00000000-0000-0000-0000-000000000000/resourceGroups/cli_test_ag_auth_cert000001/providers/Microsoft.Network/applicationGateways/ag1/gatewayIPConfigurations/appGatewayPrivateFrontendIP\",\r\n
        \       \"etag\": \"W/\\\"94c61774-15ee-4ece-8805-77b2502ad4a0\\\"\",\r\n
        \       \"properties\": {\r\n          \"provisioningState\": \"Updating\",\r\n
        \         \"subnet\": {\r\n            \"id\": \"/subscriptions/00000000-0000-0000-0000-000000000000/resourceGroups/cli_test_ag_auth_cert000001/providers/Microsoft.Network/virtualNetworks/ag1Vnet/subnets/default\"\r\n
        \         }\r\n        },\r\n        \"type\": \"Microsoft.Network/applicationGateways/gatewayIPConfigurations\"\r\n
        \     }\r\n    ],\r\n    \"sslCertificates\": [],\r\n    \"authenticationCertificates\":
        [\r\n      {\r\n        \"name\": \"cert1\",\r\n        \"id\": \"/subscriptions/00000000-0000-0000-0000-000000000000/resourceGroups/cli_test_ag_auth_cert000001/providers/Microsoft.Network/applicationGateways/ag1/authenticationCertificates/cert1\",\r\n
        \       \"etag\": \"W/\\\"94c61774-15ee-4ece-8805-77b2502ad4a0\\\"\",\r\n
        \       \"properties\": {\r\n          \"provisioningState\": \"Updating\",\r\n
        \         \"data\": \"MIIBvzCCAW2gAwIBAgIQmJtabFWZYp1NjoMbcjRvajAJBgUrDgMCHQUAMBYxFDASBgNVBAMTC1Jvb3QgQWdlbmN5MB4XDTE2MDgyMzEzMjMyNFoXDTM5MTIzMTIzNTk1OVowIjEgMB4GA1UEAxMXSm9lJ3MtU29mdHdhcmUtRW1wb3JpdW0wgZ8wDQYJKoZIhvcNAQEBBQADgY0AMIGJAoGBAKH7RFdzRTwt8QPGQwBlLQox9ZvEjCIKzrB17IkWcAyRHpJMm+b00Ik8Sjm5UXwZY/DkXfkOBQ+RA9eaP5I1Aj043QQREs3MTFX7JppINYUk3gJzKPCHFHDb9qchy4qJjJAO/+PlWTP1M0T63Ln1fSIy3bjlPMfXoZK9+B+RJpIDAgMBAAGjSzBJMEcGA1UdAQRAMD6AEBLkCS0GHR1PAI1hIdwWZGOhGDAWMRQwEgYDVQQDEwtSb290IEFnZW5jeYIQBjdsAKoAZIoRz7jUqlw19DAJBgUrDgMCHQUAA0EAREgh2h7BQW5LImUO9dasVyKcQ+Y30iJ96P+/XQour7g/uAwxj/19JjE7i3Jt4tG5Ljc3o79G6QUspkP+QehBnA==\"\r\n
        \       },\r\n        \"type\": \"Microsoft.Network/applicationGateways/authenticationCertificates\"\r\n
        \     },\r\n      {\r\n        \"name\": \"cert2\",\r\n        \"id\": \"/subscriptions/00000000-0000-0000-0000-000000000000/resourceGroups/cli_test_ag_auth_cert000001/providers/Microsoft.Network/applicationGateways/ag1/authenticationCertificates/cert2\",\r\n
        \       \"etag\": \"W/\\\"94c61774-15ee-4ece-8805-77b2502ad4a0\\\"\",\r\n
        \       \"properties\": {\r\n          \"provisioningState\": \"Updating\",\r\n
        \         \"data\": \"MIIBvzCCAW2gAwIBAgIQdxrzWOg4waxNCWLqZDjNpjAJBgUrDgMCHQUAMBYxFDASBgNVBAMTC1Jvb3QgQWdlbmN5MB4XDTE2MDgyMzEzMzIzNloXDTM5MTIzMTIzNTk1OVowIjEgMB4GA1UEAxMXSm9lJ3MtU29mdHdhcmUtRW1wb3JpdW0wgZ8wDQYJKoZIhvcNAQEBBQADgY0AMIGJAoGBAKH7RFdzRTwt8QPGQwBlLQox9ZvEjCIKzrB17IkWcAyRHpJMm+b00Ik8Sjm5UXwZY/DkXfkOBQ+RA9eaP5I1Aj043QQREs3MTFX7JppINYUk3gJzKPCHFHDb9qchy4qJjJAO/+PlWTP1M0T63Ln1fSIy3bjlPMfXoZK9+B+RJpIDAgMBAAGjSzBJMEcGA1UdAQRAMD6AEBLkCS0GHR1PAI1hIdwWZGOhGDAWMRQwEgYDVQQDEwtSb290IEFnZW5jeYIQBjdsAKoAZIoRz7jUqlw19DAJBgUrDgMCHQUAA0EAY8c6yN4viFBfeW1aPIfW04IgqXz4nwUlGcKYr4Kdq887PgevaqZdsEcy6okZ7qjFZw4EtafD12cBQ1/Djl5j6Q==\"\r\n
        \       },\r\n        \"type\": \"Microsoft.Network/applicationGateways/authenticationCertificates\"\r\n
        \     }\r\n    ],\r\n    \"frontendIPConfigurations\": [\r\n      {\r\n        \"name\":
        \"appGatewayPrivateFrontendIP\",\r\n        \"id\": \"/subscriptions/00000000-0000-0000-0000-000000000000/resourceGroups/cli_test_ag_auth_cert000001/providers/Microsoft.Network/applicationGateways/ag1/frontendIPConfigurations/appGatewayPrivateFrontendIP\",\r\n
        \       \"etag\": \"W/\\\"94c61774-15ee-4ece-8805-77b2502ad4a0\\\"\",\r\n
        \       \"type\": \"Microsoft.Network/applicationGateways/frontendIPConfigurations\",\r\n
        \       \"properties\": {\r\n          \"provisioningState\": \"Updating\",\r\n
        \         \"privateIPAllocationMethod\": \"Dynamic\",\r\n          \"subnet\":
        {\r\n            \"id\": \"/subscriptions/00000000-0000-0000-0000-000000000000/resourceGroups/cli_test_ag_auth_cert000001/providers/Microsoft.Network/virtualNetworks/ag1Vnet/subnets/default\"\r\n
        \         },\r\n          \"httpListeners\": [\r\n            {\r\n              \"id\":
        \"/subscriptions/00000000-0000-0000-0000-000000000000/resourceGroups/cli_test_ag_auth_cert000001/providers/Microsoft.Network/applicationGateways/ag1/httpListeners/appGatewayHttpListener\"\r\n
        \           }\r\n          ]\r\n        }\r\n      }\r\n    ],\r\n    \"frontendPorts\":
        [\r\n      {\r\n        \"name\": \"appGatewayFrontendPort\",\r\n        \"id\":
        \"/subscriptions/00000000-0000-0000-0000-000000000000/resourceGroups/cli_test_ag_auth_cert000001/providers/Microsoft.Network/applicationGateways/ag1/frontendPorts/appGatewayFrontendPort\",\r\n
        \       \"etag\": \"W/\\\"94c61774-15ee-4ece-8805-77b2502ad4a0\\\"\",\r\n
        \       \"properties\": {\r\n          \"provisioningState\": \"Updating\",\r\n
        \         \"port\": 80,\r\n          \"httpListeners\": [\r\n            {\r\n
        \             \"id\": \"/subscriptions/00000000-0000-0000-0000-000000000000/resourceGroups/cli_test_ag_auth_cert000001/providers/Microsoft.Network/applicationGateways/ag1/httpListeners/appGatewayHttpListener\"\r\n
        \           }\r\n          ]\r\n        },\r\n        \"type\": \"Microsoft.Network/applicationGateways/frontendPorts\"\r\n
        \     }\r\n    ],\r\n    \"backendAddressPools\": [\r\n      {\r\n        \"name\":
        \"appGatewayBackendPool\",\r\n        \"id\": \"/subscriptions/00000000-0000-0000-0000-000000000000/resourceGroups/cli_test_ag_auth_cert000001/providers/Microsoft.Network/applicationGateways/ag1/backendAddressPools/appGatewayBackendPool\",\r\n
        \       \"etag\": \"W/\\\"94c61774-15ee-4ece-8805-77b2502ad4a0\\\"\",\r\n
        \       \"properties\": {\r\n          \"provisioningState\": \"Updating\",\r\n
        \         \"backendAddresses\": [],\r\n          \"requestRoutingRules\":
        [\r\n            {\r\n              \"id\": \"/subscriptions/00000000-0000-0000-0000-000000000000/resourceGroups/cli_test_ag_auth_cert000001/providers/Microsoft.Network/applicationGateways/ag1/requestRoutingRules/rule1\"\r\n
        \           }\r\n          ]\r\n        },\r\n        \"type\": \"Microsoft.Network/applicationGateways/backendAddressPools\"\r\n
        \     }\r\n    ],\r\n    \"backendHttpSettingsCollection\": [\r\n      {\r\n
        \       \"name\": \"appGatewayBackendHttpSettings\",\r\n        \"id\": \"/subscriptions/00000000-0000-0000-0000-000000000000/resourceGroups/cli_test_ag_auth_cert000001/providers/Microsoft.Network/applicationGateways/ag1/backendHttpSettingsCollection/appGatewayBackendHttpSettings\",\r\n
        \       \"etag\": \"W/\\\"94c61774-15ee-4ece-8805-77b2502ad4a0\\\"\",\r\n
        \       \"properties\": {\r\n          \"provisioningState\": \"Updating\",\r\n
        \         \"port\": 80,\r\n          \"protocol\": \"Http\",\r\n          \"cookieBasedAffinity\":
        \"Disabled\",\r\n          \"connectionDraining\": {\r\n            \"enabled\":
        false,\r\n            \"drainTimeoutInSec\": 1\r\n          },\r\n          \"pickHostNameFromBackendAddress\":
        false,\r\n          \"requestTimeout\": 30,\r\n          \"requestRoutingRules\":
        [\r\n            {\r\n              \"id\": \"/subscriptions/00000000-0000-0000-0000-000000000000/resourceGroups/cli_test_ag_auth_cert000001/providers/Microsoft.Network/applicationGateways/ag1/requestRoutingRules/rule1\"\r\n
        \           }\r\n          ]\r\n        },\r\n        \"type\": \"Microsoft.Network/applicationGateways/backendHttpSettingsCollection\"\r\n
        \     }\r\n    ],\r\n    \"httpListeners\": [\r\n      {\r\n        \"name\":
        \"appGatewayHttpListener\",\r\n        \"id\": \"/subscriptions/00000000-0000-0000-0000-000000000000/resourceGroups/cli_test_ag_auth_cert000001/providers/Microsoft.Network/applicationGateways/ag1/httpListeners/appGatewayHttpListener\",\r\n
        \       \"etag\": \"W/\\\"94c61774-15ee-4ece-8805-77b2502ad4a0\\\"\",\r\n
        \       \"properties\": {\r\n          \"provisioningState\": \"Updating\",\r\n
        \         \"frontendIPConfiguration\": {\r\n            \"id\": \"/subscriptions/00000000-0000-0000-0000-000000000000/resourceGroups/cli_test_ag_auth_cert000001/providers/Microsoft.Network/applicationGateways/ag1/frontendIPConfigurations/appGatewayPrivateFrontendIP\"\r\n
        \         },\r\n          \"frontendPort\": {\r\n            \"id\": \"/subscriptions/00000000-0000-0000-0000-000000000000/resourceGroups/cli_test_ag_auth_cert000001/providers/Microsoft.Network/applicationGateways/ag1/frontendPorts/appGatewayFrontendPort\"\r\n
        \         },\r\n          \"protocol\": \"Http\",\r\n          \"hostNames\":
        [],\r\n          \"requireServerNameIndication\": false,\r\n          \"requestRoutingRules\":
        [\r\n            {\r\n              \"id\": \"/subscriptions/00000000-0000-0000-0000-000000000000/resourceGroups/cli_test_ag_auth_cert000001/providers/Microsoft.Network/applicationGateways/ag1/requestRoutingRules/rule1\"\r\n
        \           }\r\n          ]\r\n        },\r\n        \"type\": \"Microsoft.Network/applicationGateways/httpListeners\"\r\n
        \     }\r\n    ],\r\n    \"urlPathMaps\": [],\r\n    \"requestRoutingRules\":
        [\r\n      {\r\n        \"name\": \"rule1\",\r\n        \"id\": \"/subscriptions/00000000-0000-0000-0000-000000000000/resourceGroups/cli_test_ag_auth_cert000001/providers/Microsoft.Network/applicationGateways/ag1/requestRoutingRules/rule1\",\r\n
        \       \"etag\": \"W/\\\"94c61774-15ee-4ece-8805-77b2502ad4a0\\\"\",\r\n
        \       \"properties\": {\r\n          \"provisioningState\": \"Updating\",\r\n
        \         \"ruleType\": \"Basic\",\r\n          \"httpListener\": {\r\n            \"id\":
        \"/subscriptions/00000000-0000-0000-0000-000000000000/resourceGroups/cli_test_ag_auth_cert000001/providers/Microsoft.Network/applicationGateways/ag1/httpListeners/appGatewayHttpListener\"\r\n
        \         },\r\n          \"backendAddressPool\": {\r\n            \"id\":
        \"/subscriptions/00000000-0000-0000-0000-000000000000/resourceGroups/cli_test_ag_auth_cert000001/providers/Microsoft.Network/applicationGateways/ag1/backendAddressPools/appGatewayBackendPool\"\r\n
        \         },\r\n          \"backendHttpSettings\": {\r\n            \"id\":
        \"/subscriptions/00000000-0000-0000-0000-000000000000/resourceGroups/cli_test_ag_auth_cert000001/providers/Microsoft.Network/applicationGateways/ag1/backendHttpSettingsCollection/appGatewayBackendHttpSettings\"\r\n
        \         }\r\n        },\r\n        \"type\": \"Microsoft.Network/applicationGateways/requestRoutingRules\"\r\n
        \     }\r\n    ],\r\n    \"probes\": [],\r\n    \"rewriteRuleSets\": [],\r\n
        \   \"redirectConfigurations\": []\r\n  }\r\n}"
    headers:
      azure-asyncoperation:
      - https://management.azure.com/subscriptions/00000000-0000-0000-0000-000000000000/providers/Microsoft.Network/locations/westus/operations/84b1732b-f84a-4af6-a42f-873125032528?api-version=2020-07-01
      cache-control:
      - no-cache
      content-length:
      - '11418'
      content-type:
      - application/json; charset=utf-8
      date:
      - Wed, 16 Dec 2020 05:40:54 GMT
      expires:
      - '-1'
      pragma:
      - no-cache
      server:
      - Microsoft-HTTPAPI/2.0
      - Microsoft-HTTPAPI/2.0
      strict-transport-security:
      - max-age=31536000; includeSubDomains
      transfer-encoding:
      - chunked
      vary:
      - Accept-Encoding
      x-content-type-options:
      - nosniff
      x-ms-arm-service-request-id:
      - 4cd23438-6ae5-42a2-abbf-49382e12d410
      x-ms-ratelimit-remaining-subscription-writes:
      - '1198'
    status:
      code: 200
      message: OK
- request:
    body: null
    headers:
      Accept:
      - application/json
      Accept-Encoding:
      - gzip, deflate
      CommandName:
      - network application-gateway http-settings create
      Connection:
      - keep-alive
      ParameterSetName:
      - -g --gateway-name -n --auth-certs --no-wait --port --protocol
      User-Agent:
      - AZURECLI/2.16.0 azsdk-python-azure-mgmt-network/17.0.0 Python/3.7.8 (Windows-10-10.0.19041-SP0)
    method: GET
    uri: https://management.azure.com/subscriptions/00000000-0000-0000-0000-000000000000/resourceGroups/cli_test_ag_auth_cert000001/providers/Microsoft.Network/applicationGateways/ag1?api-version=2020-07-01
  response:
    body:
      string: "{\r\n  \"name\": \"ag1\",\r\n  \"id\": \"/subscriptions/00000000-0000-0000-0000-000000000000/resourceGroups/cli_test_ag_auth_cert000001/providers/Microsoft.Network/applicationGateways/ag1\",\r\n
        \ \"etag\": \"W/\\\"350f1323-c51c-4311-b7c4-e566b6c83a2f\\\"\",\r\n  \"type\":
        \"Microsoft.Network/applicationGateways\",\r\n  \"location\": \"westus\",\r\n
        \ \"tags\": {},\r\n  \"properties\": {\r\n    \"provisioningState\": \"Updating\",\r\n
        \   \"resourceGuid\": \"865d4f30-bc06-4ba2-b51e-1f19d8a37b92\",\r\n    \"sku\":
        {\r\n      \"name\": \"Standard_Medium\",\r\n      \"tier\": \"Standard\",\r\n
        \     \"capacity\": 2\r\n    },\r\n    \"operationalState\": \"Stopped\",\r\n
        \   \"gatewayIPConfigurations\": [\r\n      {\r\n        \"name\": \"appGatewayPrivateFrontendIP\",\r\n
        \       \"id\": \"/subscriptions/00000000-0000-0000-0000-000000000000/resourceGroups/cli_test_ag_auth_cert000001/providers/Microsoft.Network/applicationGateways/ag1/gatewayIPConfigurations/appGatewayPrivateFrontendIP\",\r\n
        \       \"etag\": \"W/\\\"350f1323-c51c-4311-b7c4-e566b6c83a2f\\\"\",\r\n
        \       \"properties\": {\r\n          \"provisioningState\": \"Updating\",\r\n
        \         \"subnet\": {\r\n            \"id\": \"/subscriptions/00000000-0000-0000-0000-000000000000/resourceGroups/cli_test_ag_auth_cert000001/providers/Microsoft.Network/virtualNetworks/ag1Vnet/subnets/default\"\r\n
        \         }\r\n        },\r\n        \"type\": \"Microsoft.Network/applicationGateways/gatewayIPConfigurations\"\r\n
        \     }\r\n    ],\r\n    \"sslCertificates\": [],\r\n    \"authenticationCertificates\":
        [\r\n      {\r\n        \"name\": \"cert1\",\r\n        \"id\": \"/subscriptions/00000000-0000-0000-0000-000000000000/resourceGroups/cli_test_ag_auth_cert000001/providers/Microsoft.Network/applicationGateways/ag1/authenticationCertificates/cert1\",\r\n
        \       \"etag\": \"W/\\\"350f1323-c51c-4311-b7c4-e566b6c83a2f\\\"\",\r\n
        \       \"properties\": {\r\n          \"provisioningState\": \"Updating\",\r\n
        \         \"data\": \"MIIBvzCCAW2gAwIBAgIQmJtabFWZYp1NjoMbcjRvajAJBgUrDgMCHQUAMBYxFDASBgNVBAMTC1Jvb3QgQWdlbmN5MB4XDTE2MDgyMzEzMjMyNFoXDTM5MTIzMTIzNTk1OVowIjEgMB4GA1UEAxMXSm9lJ3MtU29mdHdhcmUtRW1wb3JpdW0wgZ8wDQYJKoZIhvcNAQEBBQADgY0AMIGJAoGBAKH7RFdzRTwt8QPGQwBlLQox9ZvEjCIKzrB17IkWcAyRHpJMm+b00Ik8Sjm5UXwZY/DkXfkOBQ+RA9eaP5I1Aj043QQREs3MTFX7JppINYUk3gJzKPCHFHDb9qchy4qJjJAO/+PlWTP1M0T63Ln1fSIy3bjlPMfXoZK9+B+RJpIDAgMBAAGjSzBJMEcGA1UdAQRAMD6AEBLkCS0GHR1PAI1hIdwWZGOhGDAWMRQwEgYDVQQDEwtSb290IEFnZW5jeYIQBjdsAKoAZIoRz7jUqlw19DAJBgUrDgMCHQUAA0EAREgh2h7BQW5LImUO9dasVyKcQ+Y30iJ96P+/XQour7g/uAwxj/19JjE7i3Jt4tG5Ljc3o79G6QUspkP+QehBnA==\"\r\n
        \       },\r\n        \"type\": \"Microsoft.Network/applicationGateways/authenticationCertificates\"\r\n
        \     },\r\n      {\r\n        \"name\": \"cert2\",\r\n        \"id\": \"/subscriptions/00000000-0000-0000-0000-000000000000/resourceGroups/cli_test_ag_auth_cert000001/providers/Microsoft.Network/applicationGateways/ag1/authenticationCertificates/cert2\",\r\n
        \       \"etag\": \"W/\\\"350f1323-c51c-4311-b7c4-e566b6c83a2f\\\"\",\r\n
        \       \"properties\": {\r\n          \"provisioningState\": \"Updating\",\r\n
        \         \"data\": \"MIIBvzCCAW2gAwIBAgIQdxrzWOg4waxNCWLqZDjNpjAJBgUrDgMCHQUAMBYxFDASBgNVBAMTC1Jvb3QgQWdlbmN5MB4XDTE2MDgyMzEzMzIzNloXDTM5MTIzMTIzNTk1OVowIjEgMB4GA1UEAxMXSm9lJ3MtU29mdHdhcmUtRW1wb3JpdW0wgZ8wDQYJKoZIhvcNAQEBBQADgY0AMIGJAoGBAKH7RFdzRTwt8QPGQwBlLQox9ZvEjCIKzrB17IkWcAyRHpJMm+b00Ik8Sjm5UXwZY/DkXfkOBQ+RA9eaP5I1Aj043QQREs3MTFX7JppINYUk3gJzKPCHFHDb9qchy4qJjJAO/+PlWTP1M0T63Ln1fSIy3bjlPMfXoZK9+B+RJpIDAgMBAAGjSzBJMEcGA1UdAQRAMD6AEBLkCS0GHR1PAI1hIdwWZGOhGDAWMRQwEgYDVQQDEwtSb290IEFnZW5jeYIQBjdsAKoAZIoRz7jUqlw19DAJBgUrDgMCHQUAA0EAY8c6yN4viFBfeW1aPIfW04IgqXz4nwUlGcKYr4Kdq887PgevaqZdsEcy6okZ7qjFZw4EtafD12cBQ1/Djl5j6Q==\"\r\n
        \       },\r\n        \"type\": \"Microsoft.Network/applicationGateways/authenticationCertificates\"\r\n
        \     }\r\n    ],\r\n    \"frontendIPConfigurations\": [\r\n      {\r\n        \"name\":
        \"appGatewayPrivateFrontendIP\",\r\n        \"id\": \"/subscriptions/00000000-0000-0000-0000-000000000000/resourceGroups/cli_test_ag_auth_cert000001/providers/Microsoft.Network/applicationGateways/ag1/frontendIPConfigurations/appGatewayPrivateFrontendIP\",\r\n
        \       \"etag\": \"W/\\\"350f1323-c51c-4311-b7c4-e566b6c83a2f\\\"\",\r\n
        \       \"type\": \"Microsoft.Network/applicationGateways/frontendIPConfigurations\",\r\n
        \       \"properties\": {\r\n          \"provisioningState\": \"Updating\",\r\n
        \         \"privateIPAllocationMethod\": \"Dynamic\",\r\n          \"subnet\":
        {\r\n            \"id\": \"/subscriptions/00000000-0000-0000-0000-000000000000/resourceGroups/cli_test_ag_auth_cert000001/providers/Microsoft.Network/virtualNetworks/ag1Vnet/subnets/default\"\r\n
        \         },\r\n          \"httpListeners\": [\r\n            {\r\n              \"id\":
        \"/subscriptions/00000000-0000-0000-0000-000000000000/resourceGroups/cli_test_ag_auth_cert000001/providers/Microsoft.Network/applicationGateways/ag1/httpListeners/appGatewayHttpListener\"\r\n
        \           }\r\n          ]\r\n        }\r\n      }\r\n    ],\r\n    \"frontendPorts\":
        [\r\n      {\r\n        \"name\": \"appGatewayFrontendPort\",\r\n        \"id\":
        \"/subscriptions/00000000-0000-0000-0000-000000000000/resourceGroups/cli_test_ag_auth_cert000001/providers/Microsoft.Network/applicationGateways/ag1/frontendPorts/appGatewayFrontendPort\",\r\n
        \       \"etag\": \"W/\\\"350f1323-c51c-4311-b7c4-e566b6c83a2f\\\"\",\r\n
        \       \"properties\": {\r\n          \"provisioningState\": \"Updating\",\r\n
        \         \"port\": 80,\r\n          \"httpListeners\": [\r\n            {\r\n
        \             \"id\": \"/subscriptions/00000000-0000-0000-0000-000000000000/resourceGroups/cli_test_ag_auth_cert000001/providers/Microsoft.Network/applicationGateways/ag1/httpListeners/appGatewayHttpListener\"\r\n
        \           }\r\n          ]\r\n        },\r\n        \"type\": \"Microsoft.Network/applicationGateways/frontendPorts\"\r\n
        \     }\r\n    ],\r\n    \"backendAddressPools\": [\r\n      {\r\n        \"name\":
        \"appGatewayBackendPool\",\r\n        \"id\": \"/subscriptions/00000000-0000-0000-0000-000000000000/resourceGroups/cli_test_ag_auth_cert000001/providers/Microsoft.Network/applicationGateways/ag1/backendAddressPools/appGatewayBackendPool\",\r\n
        \       \"etag\": \"W/\\\"350f1323-c51c-4311-b7c4-e566b6c83a2f\\\"\",\r\n
        \       \"properties\": {\r\n          \"provisioningState\": \"Updating\",\r\n
        \         \"backendAddresses\": [],\r\n          \"requestRoutingRules\":
        [\r\n            {\r\n              \"id\": \"/subscriptions/00000000-0000-0000-0000-000000000000/resourceGroups/cli_test_ag_auth_cert000001/providers/Microsoft.Network/applicationGateways/ag1/requestRoutingRules/rule1\"\r\n
        \           }\r\n          ]\r\n        },\r\n        \"type\": \"Microsoft.Network/applicationGateways/backendAddressPools\"\r\n
        \     }\r\n    ],\r\n    \"backendHttpSettingsCollection\": [\r\n      {\r\n
        \       \"name\": \"appGatewayBackendHttpSettings\",\r\n        \"id\": \"/subscriptions/00000000-0000-0000-0000-000000000000/resourceGroups/cli_test_ag_auth_cert000001/providers/Microsoft.Network/applicationGateways/ag1/backendHttpSettingsCollection/appGatewayBackendHttpSettings\",\r\n
        \       \"etag\": \"W/\\\"350f1323-c51c-4311-b7c4-e566b6c83a2f\\\"\",\r\n
        \       \"properties\": {\r\n          \"provisioningState\": \"Updating\",\r\n
        \         \"port\": 80,\r\n          \"protocol\": \"Http\",\r\n          \"cookieBasedAffinity\":
        \"Disabled\",\r\n          \"connectionDraining\": {\r\n            \"enabled\":
        false,\r\n            \"drainTimeoutInSec\": 1\r\n          },\r\n          \"pickHostNameFromBackendAddress\":
        false,\r\n          \"requestTimeout\": 30,\r\n          \"requestRoutingRules\":
        [\r\n            {\r\n              \"id\": \"/subscriptions/00000000-0000-0000-0000-000000000000/resourceGroups/cli_test_ag_auth_cert000001/providers/Microsoft.Network/applicationGateways/ag1/requestRoutingRules/rule1\"\r\n
        \           }\r\n          ]\r\n        },\r\n        \"type\": \"Microsoft.Network/applicationGateways/backendHttpSettingsCollection\"\r\n
        \     }\r\n    ],\r\n    \"httpListeners\": [\r\n      {\r\n        \"name\":
        \"appGatewayHttpListener\",\r\n        \"id\": \"/subscriptions/00000000-0000-0000-0000-000000000000/resourceGroups/cli_test_ag_auth_cert000001/providers/Microsoft.Network/applicationGateways/ag1/httpListeners/appGatewayHttpListener\",\r\n
        \       \"etag\": \"W/\\\"350f1323-c51c-4311-b7c4-e566b6c83a2f\\\"\",\r\n
        \       \"properties\": {\r\n          \"provisioningState\": \"Updating\",\r\n
        \         \"frontendIPConfiguration\": {\r\n            \"id\": \"/subscriptions/00000000-0000-0000-0000-000000000000/resourceGroups/cli_test_ag_auth_cert000001/providers/Microsoft.Network/applicationGateways/ag1/frontendIPConfigurations/appGatewayPrivateFrontendIP\"\r\n
        \         },\r\n          \"frontendPort\": {\r\n            \"id\": \"/subscriptions/00000000-0000-0000-0000-000000000000/resourceGroups/cli_test_ag_auth_cert000001/providers/Microsoft.Network/applicationGateways/ag1/frontendPorts/appGatewayFrontendPort\"\r\n
        \         },\r\n          \"protocol\": \"Http\",\r\n          \"hostNames\":
        [],\r\n          \"requireServerNameIndication\": false,\r\n          \"requestRoutingRules\":
        [\r\n            {\r\n              \"id\": \"/subscriptions/00000000-0000-0000-0000-000000000000/resourceGroups/cli_test_ag_auth_cert000001/providers/Microsoft.Network/applicationGateways/ag1/requestRoutingRules/rule1\"\r\n
        \           }\r\n          ]\r\n        },\r\n        \"type\": \"Microsoft.Network/applicationGateways/httpListeners\"\r\n
        \     }\r\n    ],\r\n    \"urlPathMaps\": [],\r\n    \"requestRoutingRules\":
        [\r\n      {\r\n        \"name\": \"rule1\",\r\n        \"id\": \"/subscriptions/00000000-0000-0000-0000-000000000000/resourceGroups/cli_test_ag_auth_cert000001/providers/Microsoft.Network/applicationGateways/ag1/requestRoutingRules/rule1\",\r\n
        \       \"etag\": \"W/\\\"350f1323-c51c-4311-b7c4-e566b6c83a2f\\\"\",\r\n
        \       \"properties\": {\r\n          \"provisioningState\": \"Updating\",\r\n
        \         \"ruleType\": \"Basic\",\r\n          \"httpListener\": {\r\n            \"id\":
        \"/subscriptions/00000000-0000-0000-0000-000000000000/resourceGroups/cli_test_ag_auth_cert000001/providers/Microsoft.Network/applicationGateways/ag1/httpListeners/appGatewayHttpListener\"\r\n
        \         },\r\n          \"backendAddressPool\": {\r\n            \"id\":
        \"/subscriptions/00000000-0000-0000-0000-000000000000/resourceGroups/cli_test_ag_auth_cert000001/providers/Microsoft.Network/applicationGateways/ag1/backendAddressPools/appGatewayBackendPool\"\r\n
        \         },\r\n          \"backendHttpSettings\": {\r\n            \"id\":
        \"/subscriptions/00000000-0000-0000-0000-000000000000/resourceGroups/cli_test_ag_auth_cert000001/providers/Microsoft.Network/applicationGateways/ag1/backendHttpSettingsCollection/appGatewayBackendHttpSettings\"\r\n
        \         }\r\n        },\r\n        \"type\": \"Microsoft.Network/applicationGateways/requestRoutingRules\"\r\n
        \     }\r\n    ],\r\n    \"probes\": [],\r\n    \"rewriteRuleSets\": [],\r\n
        \   \"redirectConfigurations\": []\r\n  }\r\n}"
    headers:
      cache-control:
      - no-cache
      content-length:
      - '11418'
      content-type:
      - application/json; charset=utf-8
      date:
      - Wed, 16 Dec 2020 05:40:56 GMT
      etag:
      - W/"350f1323-c51c-4311-b7c4-e566b6c83a2f"
      expires:
      - '-1'
      pragma:
      - no-cache
      server:
      - Microsoft-HTTPAPI/2.0
      - Microsoft-HTTPAPI/2.0
      strict-transport-security:
      - max-age=31536000; includeSubDomains
      transfer-encoding:
      - chunked
      vary:
      - Accept-Encoding
      x-content-type-options:
      - nosniff
      x-ms-arm-service-request-id:
      - 099eb175-c3d2-413d-bbf1-18e3ca525a64
    status:
      code: 200
      message: OK
- request:
    body: '{"id": "/subscriptions/00000000-0000-0000-0000-000000000000/resourceGroups/cli_test_ag_auth_cert000001/providers/Microsoft.Network/applicationGateways/ag1",
      "location": "westus", "tags": {}, "properties": {"sku": {"name": "Standard_Medium",
      "tier": "Standard", "capacity": 2}, "gatewayIPConfigurations": [{"id": "/subscriptions/00000000-0000-0000-0000-000000000000/resourceGroups/cli_test_ag_auth_cert000001/providers/Microsoft.Network/applicationGateways/ag1/gatewayIPConfigurations/appGatewayPrivateFrontendIP",
      "name": "appGatewayPrivateFrontendIP", "properties": {"subnet": {"id": "/subscriptions/00000000-0000-0000-0000-000000000000/resourceGroups/cli_test_ag_auth_cert000001/providers/Microsoft.Network/virtualNetworks/ag1Vnet/subnets/default"}}}],
      "authenticationCertificates": [{"id": "/subscriptions/00000000-0000-0000-0000-000000000000/resourceGroups/cli_test_ag_auth_cert000001/providers/Microsoft.Network/applicationGateways/ag1/authenticationCertificates/cert1",
      "name": "cert1", "properties": {"data": "MIIBvzCCAW2gAwIBAgIQmJtabFWZYp1NjoMbcjRvajAJBgUrDgMCHQUAMBYxFDASBgNVBAMTC1Jvb3QgQWdlbmN5MB4XDTE2MDgyMzEzMjMyNFoXDTM5MTIzMTIzNTk1OVowIjEgMB4GA1UEAxMXSm9lJ3MtU29mdHdhcmUtRW1wb3JpdW0wgZ8wDQYJKoZIhvcNAQEBBQADgY0AMIGJAoGBAKH7RFdzRTwt8QPGQwBlLQox9ZvEjCIKzrB17IkWcAyRHpJMm+b00Ik8Sjm5UXwZY/DkXfkOBQ+RA9eaP5I1Aj043QQREs3MTFX7JppINYUk3gJzKPCHFHDb9qchy4qJjJAO/+PlWTP1M0T63Ln1fSIy3bjlPMfXoZK9+B+RJpIDAgMBAAGjSzBJMEcGA1UdAQRAMD6AEBLkCS0GHR1PAI1hIdwWZGOhGDAWMRQwEgYDVQQDEwtSb290IEFnZW5jeYIQBjdsAKoAZIoRz7jUqlw19DAJBgUrDgMCHQUAA0EAREgh2h7BQW5LImUO9dasVyKcQ+Y30iJ96P+/XQour7g/uAwxj/19JjE7i3Jt4tG5Ljc3o79G6QUspkP+QehBnA=="}},
      {"id": "/subscriptions/00000000-0000-0000-0000-000000000000/resourceGroups/cli_test_ag_auth_cert000001/providers/Microsoft.Network/applicationGateways/ag1/authenticationCertificates/cert2",
      "name": "cert2", "properties": {"data": "MIIBvzCCAW2gAwIBAgIQdxrzWOg4waxNCWLqZDjNpjAJBgUrDgMCHQUAMBYxFDASBgNVBAMTC1Jvb3QgQWdlbmN5MB4XDTE2MDgyMzEzMzIzNloXDTM5MTIzMTIzNTk1OVowIjEgMB4GA1UEAxMXSm9lJ3MtU29mdHdhcmUtRW1wb3JpdW0wgZ8wDQYJKoZIhvcNAQEBBQADgY0AMIGJAoGBAKH7RFdzRTwt8QPGQwBlLQox9ZvEjCIKzrB17IkWcAyRHpJMm+b00Ik8Sjm5UXwZY/DkXfkOBQ+RA9eaP5I1Aj043QQREs3MTFX7JppINYUk3gJzKPCHFHDb9qchy4qJjJAO/+PlWTP1M0T63Ln1fSIy3bjlPMfXoZK9+B+RJpIDAgMBAAGjSzBJMEcGA1UdAQRAMD6AEBLkCS0GHR1PAI1hIdwWZGOhGDAWMRQwEgYDVQQDEwtSb290IEFnZW5jeYIQBjdsAKoAZIoRz7jUqlw19DAJBgUrDgMCHQUAA0EAY8c6yN4viFBfeW1aPIfW04IgqXz4nwUlGcKYr4Kdq887PgevaqZdsEcy6okZ7qjFZw4EtafD12cBQ1/Djl5j6Q=="}}],
      "sslCertificates": [], "frontendIPConfigurations": [{"id": "/subscriptions/00000000-0000-0000-0000-000000000000/resourceGroups/cli_test_ag_auth_cert000001/providers/Microsoft.Network/applicationGateways/ag1/frontendIPConfigurations/appGatewayPrivateFrontendIP",
      "name": "appGatewayPrivateFrontendIP", "properties": {"privateIPAllocationMethod":
      "Dynamic", "subnet": {"id": "/subscriptions/00000000-0000-0000-0000-000000000000/resourceGroups/cli_test_ag_auth_cert000001/providers/Microsoft.Network/virtualNetworks/ag1Vnet/subnets/default"}}}],
      "frontendPorts": [{"id": "/subscriptions/00000000-0000-0000-0000-000000000000/resourceGroups/cli_test_ag_auth_cert000001/providers/Microsoft.Network/applicationGateways/ag1/frontendPorts/appGatewayFrontendPort",
      "name": "appGatewayFrontendPort", "properties": {"port": 80}}], "probes": [],
      "backendAddressPools": [{"id": "/subscriptions/00000000-0000-0000-0000-000000000000/resourceGroups/cli_test_ag_auth_cert000001/providers/Microsoft.Network/applicationGateways/ag1/backendAddressPools/appGatewayBackendPool",
      "name": "appGatewayBackendPool", "properties": {"backendAddresses": []}}], "backendHttpSettingsCollection":
      [{"id": "/subscriptions/00000000-0000-0000-0000-000000000000/resourceGroups/cli_test_ag_auth_cert000001/providers/Microsoft.Network/applicationGateways/ag1/backendHttpSettingsCollection/appGatewayBackendHttpSettings",
      "name": "appGatewayBackendHttpSettings", "properties": {"port": 80, "protocol":
      "Http", "cookieBasedAffinity": "Disabled", "requestTimeout": 30, "connectionDraining":
      {"enabled": false, "drainTimeoutInSec": 1}, "pickHostNameFromBackendAddress":
      false}}, {"name": "https_settings", "properties": {"port": 443, "protocol":
      "Https", "cookieBasedAffinity": "Disabled", "authenticationCertificates": [{"id":
      "/subscriptions/00000000-0000-0000-0000-000000000000/resourceGroups/cli_test_ag_auth_cert000001/providers/Microsoft.Network/applicationGateways/ag1/authenticationCertificates/cert1"},
      {"id": "/subscriptions/00000000-0000-0000-0000-000000000000/resourceGroups/cli_test_ag_auth_cert000001/providers/Microsoft.Network/applicationGateways/ag1/authenticationCertificates/cert2"}],
      "trustedRootCertificates": [], "connectionDraining": {"enabled": false, "drainTimeoutInSec":
      1}}}], "httpListeners": [{"id": "/subscriptions/00000000-0000-0000-0000-000000000000/resourceGroups/cli_test_ag_auth_cert000001/providers/Microsoft.Network/applicationGateways/ag1/httpListeners/appGatewayHttpListener",
      "name": "appGatewayHttpListener", "properties": {"frontendIPConfiguration":
      {"id": "/subscriptions/00000000-0000-0000-0000-000000000000/resourceGroups/cli_test_ag_auth_cert000001/providers/Microsoft.Network/applicationGateways/ag1/frontendIPConfigurations/appGatewayPrivateFrontendIP"},
      "frontendPort": {"id": "/subscriptions/00000000-0000-0000-0000-000000000000/resourceGroups/cli_test_ag_auth_cert000001/providers/Microsoft.Network/applicationGateways/ag1/frontendPorts/appGatewayFrontendPort"},
      "protocol": "Http", "requireServerNameIndication": false, "hostNames": []}}],
      "urlPathMaps": [], "requestRoutingRules": [{"id": "/subscriptions/00000000-0000-0000-0000-000000000000/resourceGroups/cli_test_ag_auth_cert000001/providers/Microsoft.Network/applicationGateways/ag1/requestRoutingRules/rule1",
      "name": "rule1", "properties": {"ruleType": "Basic", "backendAddressPool": {"id":
      "/subscriptions/00000000-0000-0000-0000-000000000000/resourceGroups/cli_test_ag_auth_cert000001/providers/Microsoft.Network/applicationGateways/ag1/backendAddressPools/appGatewayBackendPool"},
      "backendHttpSettings": {"id": "/subscriptions/00000000-0000-0000-0000-000000000000/resourceGroups/cli_test_ag_auth_cert000001/providers/Microsoft.Network/applicationGateways/ag1/backendHttpSettingsCollection/appGatewayBackendHttpSettings"},
      "httpListener": {"id": "/subscriptions/00000000-0000-0000-0000-000000000000/resourceGroups/cli_test_ag_auth_cert000001/providers/Microsoft.Network/applicationGateways/ag1/httpListeners/appGatewayHttpListener"}}}],
      "rewriteRuleSets": [], "redirectConfigurations": []}}'
    headers:
      Accept:
      - application/json
      Accept-Encoding:
      - gzip, deflate
      CommandName:
      - network application-gateway http-settings create
      Connection:
      - keep-alive
      Content-Length:
      - '7437'
      Content-Type:
      - application/json
      ParameterSetName:
      - -g --gateway-name -n --auth-certs --no-wait --port --protocol
      User-Agent:
      - AZURECLI/2.16.0 azsdk-python-azure-mgmt-network/17.0.0 Python/3.7.8 (Windows-10-10.0.19041-SP0)
    method: PUT
    uri: https://management.azure.com/subscriptions/00000000-0000-0000-0000-000000000000/resourceGroups/cli_test_ag_auth_cert000001/providers/Microsoft.Network/applicationGateways/ag1?api-version=2020-07-01
  response:
    body:
      string: "{\r\n  \"name\": \"ag1\",\r\n  \"id\": \"/subscriptions/00000000-0000-0000-0000-000000000000/resourceGroups/cli_test_ag_auth_cert000001/providers/Microsoft.Network/applicationGateways/ag1\",\r\n
        \ \"etag\": \"W/\\\"b09b8889-5cc0-4285-9e6d-2c19d26de608\\\"\",\r\n  \"type\":
        \"Microsoft.Network/applicationGateways\",\r\n  \"location\": \"westus\",\r\n
        \ \"tags\": {},\r\n  \"properties\": {\r\n    \"provisioningState\": \"Updating\",\r\n
        \   \"resourceGuid\": \"865d4f30-bc06-4ba2-b51e-1f19d8a37b92\",\r\n    \"sku\":
        {\r\n      \"name\": \"Standard_Medium\",\r\n      \"tier\": \"Standard\",\r\n
        \     \"capacity\": 2\r\n    },\r\n    \"operationalState\": \"Stopped\",\r\n
        \   \"gatewayIPConfigurations\": [\r\n      {\r\n        \"name\": \"appGatewayPrivateFrontendIP\",\r\n
        \       \"id\": \"/subscriptions/00000000-0000-0000-0000-000000000000/resourceGroups/cli_test_ag_auth_cert000001/providers/Microsoft.Network/applicationGateways/ag1/gatewayIPConfigurations/appGatewayPrivateFrontendIP\",\r\n
        \       \"etag\": \"W/\\\"b09b8889-5cc0-4285-9e6d-2c19d26de608\\\"\",\r\n
        \       \"properties\": {\r\n          \"provisioningState\": \"Updating\",\r\n
        \         \"subnet\": {\r\n            \"id\": \"/subscriptions/00000000-0000-0000-0000-000000000000/resourceGroups/cli_test_ag_auth_cert000001/providers/Microsoft.Network/virtualNetworks/ag1Vnet/subnets/default\"\r\n
        \         }\r\n        },\r\n        \"type\": \"Microsoft.Network/applicationGateways/gatewayIPConfigurations\"\r\n
        \     }\r\n    ],\r\n    \"sslCertificates\": [],\r\n    \"authenticationCertificates\":
        [\r\n      {\r\n        \"name\": \"cert1\",\r\n        \"id\": \"/subscriptions/00000000-0000-0000-0000-000000000000/resourceGroups/cli_test_ag_auth_cert000001/providers/Microsoft.Network/applicationGateways/ag1/authenticationCertificates/cert1\",\r\n
        \       \"etag\": \"W/\\\"b09b8889-5cc0-4285-9e6d-2c19d26de608\\\"\",\r\n
        \       \"properties\": {\r\n          \"provisioningState\": \"Updating\",\r\n
        \         \"data\": \"MIIBvzCCAW2gAwIBAgIQmJtabFWZYp1NjoMbcjRvajAJBgUrDgMCHQUAMBYxFDASBgNVBAMTC1Jvb3QgQWdlbmN5MB4XDTE2MDgyMzEzMjMyNFoXDTM5MTIzMTIzNTk1OVowIjEgMB4GA1UEAxMXSm9lJ3MtU29mdHdhcmUtRW1wb3JpdW0wgZ8wDQYJKoZIhvcNAQEBBQADgY0AMIGJAoGBAKH7RFdzRTwt8QPGQwBlLQox9ZvEjCIKzrB17IkWcAyRHpJMm+b00Ik8Sjm5UXwZY/DkXfkOBQ+RA9eaP5I1Aj043QQREs3MTFX7JppINYUk3gJzKPCHFHDb9qchy4qJjJAO/+PlWTP1M0T63Ln1fSIy3bjlPMfXoZK9+B+RJpIDAgMBAAGjSzBJMEcGA1UdAQRAMD6AEBLkCS0GHR1PAI1hIdwWZGOhGDAWMRQwEgYDVQQDEwtSb290IEFnZW5jeYIQBjdsAKoAZIoRz7jUqlw19DAJBgUrDgMCHQUAA0EAREgh2h7BQW5LImUO9dasVyKcQ+Y30iJ96P+/XQour7g/uAwxj/19JjE7i3Jt4tG5Ljc3o79G6QUspkP+QehBnA==\",\r\n
        \         \"backendHttpSettings\": [\r\n            {\r\n              \"id\":
        \"/subscriptions/00000000-0000-0000-0000-000000000000/resourceGroups/cli_test_ag_auth_cert000001/providers/Microsoft.Network/applicationGateways/ag1/backendHttpSettingsCollection/https_settings\"\r\n
        \           }\r\n          ]\r\n        },\r\n        \"type\": \"Microsoft.Network/applicationGateways/authenticationCertificates\"\r\n
        \     },\r\n      {\r\n        \"name\": \"cert2\",\r\n        \"id\": \"/subscriptions/00000000-0000-0000-0000-000000000000/resourceGroups/cli_test_ag_auth_cert000001/providers/Microsoft.Network/applicationGateways/ag1/authenticationCertificates/cert2\",\r\n
        \       \"etag\": \"W/\\\"b09b8889-5cc0-4285-9e6d-2c19d26de608\\\"\",\r\n
        \       \"properties\": {\r\n          \"provisioningState\": \"Updating\",\r\n
        \         \"data\": \"MIIBvzCCAW2gAwIBAgIQdxrzWOg4waxNCWLqZDjNpjAJBgUrDgMCHQUAMBYxFDASBgNVBAMTC1Jvb3QgQWdlbmN5MB4XDTE2MDgyMzEzMzIzNloXDTM5MTIzMTIzNTk1OVowIjEgMB4GA1UEAxMXSm9lJ3MtU29mdHdhcmUtRW1wb3JpdW0wgZ8wDQYJKoZIhvcNAQEBBQADgY0AMIGJAoGBAKH7RFdzRTwt8QPGQwBlLQox9ZvEjCIKzrB17IkWcAyRHpJMm+b00Ik8Sjm5UXwZY/DkXfkOBQ+RA9eaP5I1Aj043QQREs3MTFX7JppINYUk3gJzKPCHFHDb9qchy4qJjJAO/+PlWTP1M0T63Ln1fSIy3bjlPMfXoZK9+B+RJpIDAgMBAAGjSzBJMEcGA1UdAQRAMD6AEBLkCS0GHR1PAI1hIdwWZGOhGDAWMRQwEgYDVQQDEwtSb290IEFnZW5jeYIQBjdsAKoAZIoRz7jUqlw19DAJBgUrDgMCHQUAA0EAY8c6yN4viFBfeW1aPIfW04IgqXz4nwUlGcKYr4Kdq887PgevaqZdsEcy6okZ7qjFZw4EtafD12cBQ1/Djl5j6Q==\",\r\n
        \         \"backendHttpSettings\": [\r\n            {\r\n              \"id\":
        \"/subscriptions/00000000-0000-0000-0000-000000000000/resourceGroups/cli_test_ag_auth_cert000001/providers/Microsoft.Network/applicationGateways/ag1/backendHttpSettingsCollection/https_settings\"\r\n
        \           }\r\n          ]\r\n        },\r\n        \"type\": \"Microsoft.Network/applicationGateways/authenticationCertificates\"\r\n
        \     }\r\n    ],\r\n    \"frontendIPConfigurations\": [\r\n      {\r\n        \"name\":
        \"appGatewayPrivateFrontendIP\",\r\n        \"id\": \"/subscriptions/00000000-0000-0000-0000-000000000000/resourceGroups/cli_test_ag_auth_cert000001/providers/Microsoft.Network/applicationGateways/ag1/frontendIPConfigurations/appGatewayPrivateFrontendIP\",\r\n
        \       \"etag\": \"W/\\\"b09b8889-5cc0-4285-9e6d-2c19d26de608\\\"\",\r\n
        \       \"type\": \"Microsoft.Network/applicationGateways/frontendIPConfigurations\",\r\n
        \       \"properties\": {\r\n          \"provisioningState\": \"Updating\",\r\n
        \         \"privateIPAllocationMethod\": \"Dynamic\",\r\n          \"subnet\":
        {\r\n            \"id\": \"/subscriptions/00000000-0000-0000-0000-000000000000/resourceGroups/cli_test_ag_auth_cert000001/providers/Microsoft.Network/virtualNetworks/ag1Vnet/subnets/default\"\r\n
        \         },\r\n          \"httpListeners\": [\r\n            {\r\n              \"id\":
        \"/subscriptions/00000000-0000-0000-0000-000000000000/resourceGroups/cli_test_ag_auth_cert000001/providers/Microsoft.Network/applicationGateways/ag1/httpListeners/appGatewayHttpListener\"\r\n
        \           }\r\n          ]\r\n        }\r\n      }\r\n    ],\r\n    \"frontendPorts\":
        [\r\n      {\r\n        \"name\": \"appGatewayFrontendPort\",\r\n        \"id\":
        \"/subscriptions/00000000-0000-0000-0000-000000000000/resourceGroups/cli_test_ag_auth_cert000001/providers/Microsoft.Network/applicationGateways/ag1/frontendPorts/appGatewayFrontendPort\",\r\n
        \       \"etag\": \"W/\\\"b09b8889-5cc0-4285-9e6d-2c19d26de608\\\"\",\r\n
        \       \"properties\": {\r\n          \"provisioningState\": \"Updating\",\r\n
        \         \"port\": 80,\r\n          \"httpListeners\": [\r\n            {\r\n
        \             \"id\": \"/subscriptions/00000000-0000-0000-0000-000000000000/resourceGroups/cli_test_ag_auth_cert000001/providers/Microsoft.Network/applicationGateways/ag1/httpListeners/appGatewayHttpListener\"\r\n
        \           }\r\n          ]\r\n        },\r\n        \"type\": \"Microsoft.Network/applicationGateways/frontendPorts\"\r\n
        \     }\r\n    ],\r\n    \"backendAddressPools\": [\r\n      {\r\n        \"name\":
        \"appGatewayBackendPool\",\r\n        \"id\": \"/subscriptions/00000000-0000-0000-0000-000000000000/resourceGroups/cli_test_ag_auth_cert000001/providers/Microsoft.Network/applicationGateways/ag1/backendAddressPools/appGatewayBackendPool\",\r\n
        \       \"etag\": \"W/\\\"b09b8889-5cc0-4285-9e6d-2c19d26de608\\\"\",\r\n
        \       \"properties\": {\r\n          \"provisioningState\": \"Updating\",\r\n
        \         \"backendAddresses\": [],\r\n          \"requestRoutingRules\":
        [\r\n            {\r\n              \"id\": \"/subscriptions/00000000-0000-0000-0000-000000000000/resourceGroups/cli_test_ag_auth_cert000001/providers/Microsoft.Network/applicationGateways/ag1/requestRoutingRules/rule1\"\r\n
        \           }\r\n          ]\r\n        },\r\n        \"type\": \"Microsoft.Network/applicationGateways/backendAddressPools\"\r\n
        \     }\r\n    ],\r\n    \"backendHttpSettingsCollection\": [\r\n      {\r\n
        \       \"name\": \"appGatewayBackendHttpSettings\",\r\n        \"id\": \"/subscriptions/00000000-0000-0000-0000-000000000000/resourceGroups/cli_test_ag_auth_cert000001/providers/Microsoft.Network/applicationGateways/ag1/backendHttpSettingsCollection/appGatewayBackendHttpSettings\",\r\n
        \       \"etag\": \"W/\\\"b09b8889-5cc0-4285-9e6d-2c19d26de608\\\"\",\r\n
        \       \"properties\": {\r\n          \"provisioningState\": \"Updating\",\r\n
        \         \"port\": 80,\r\n          \"protocol\": \"Http\",\r\n          \"cookieBasedAffinity\":
        \"Disabled\",\r\n          \"connectionDraining\": {\r\n            \"enabled\":
        false,\r\n            \"drainTimeoutInSec\": 1\r\n          },\r\n          \"pickHostNameFromBackendAddress\":
        false,\r\n          \"requestTimeout\": 30,\r\n          \"requestRoutingRules\":
        [\r\n            {\r\n              \"id\": \"/subscriptions/00000000-0000-0000-0000-000000000000/resourceGroups/cli_test_ag_auth_cert000001/providers/Microsoft.Network/applicationGateways/ag1/requestRoutingRules/rule1\"\r\n
        \           }\r\n          ]\r\n        },\r\n        \"type\": \"Microsoft.Network/applicationGateways/backendHttpSettingsCollection\"\r\n
        \     },\r\n      {\r\n        \"name\": \"https_settings\",\r\n        \"id\":
        \"/subscriptions/00000000-0000-0000-0000-000000000000/resourceGroups/cli_test_ag_auth_cert000001/providers/Microsoft.Network/applicationGateways/ag1/backendHttpSettingsCollection/https_settings\",\r\n
        \       \"etag\": \"W/\\\"b09b8889-5cc0-4285-9e6d-2c19d26de608\\\"\",\r\n
        \       \"properties\": {\r\n          \"provisioningState\": \"Updating\",\r\n
        \         \"port\": 443,\r\n          \"protocol\": \"Https\",\r\n          \"cookieBasedAffinity\":
        \"Disabled\",\r\n          \"connectionDraining\": {\r\n            \"enabled\":
        false,\r\n            \"drainTimeoutInSec\": 1\r\n          },\r\n          \"pickHostNameFromBackendAddress\":
        false,\r\n          \"requestTimeout\": 30,\r\n          \"authenticationCertificates\":
        [\r\n            {\r\n              \"id\": \"/subscriptions/00000000-0000-0000-0000-000000000000/resourceGroups/cli_test_ag_auth_cert000001/providers/Microsoft.Network/applicationGateways/ag1/authenticationCertificates/cert1\"\r\n
        \           },\r\n            {\r\n              \"id\": \"/subscriptions/00000000-0000-0000-0000-000000000000/resourceGroups/cli_test_ag_auth_cert000001/providers/Microsoft.Network/applicationGateways/ag1/authenticationCertificates/cert2\"\r\n
        \           }\r\n          ]\r\n        },\r\n        \"type\": \"Microsoft.Network/applicationGateways/backendHttpSettingsCollection\"\r\n
        \     }\r\n    ],\r\n    \"httpListeners\": [\r\n      {\r\n        \"name\":
        \"appGatewayHttpListener\",\r\n        \"id\": \"/subscriptions/00000000-0000-0000-0000-000000000000/resourceGroups/cli_test_ag_auth_cert000001/providers/Microsoft.Network/applicationGateways/ag1/httpListeners/appGatewayHttpListener\",\r\n
        \       \"etag\": \"W/\\\"b09b8889-5cc0-4285-9e6d-2c19d26de608\\\"\",\r\n
        \       \"properties\": {\r\n          \"provisioningState\": \"Updating\",\r\n
        \         \"frontendIPConfiguration\": {\r\n            \"id\": \"/subscriptions/00000000-0000-0000-0000-000000000000/resourceGroups/cli_test_ag_auth_cert000001/providers/Microsoft.Network/applicationGateways/ag1/frontendIPConfigurations/appGatewayPrivateFrontendIP\"\r\n
        \         },\r\n          \"frontendPort\": {\r\n            \"id\": \"/subscriptions/00000000-0000-0000-0000-000000000000/resourceGroups/cli_test_ag_auth_cert000001/providers/Microsoft.Network/applicationGateways/ag1/frontendPorts/appGatewayFrontendPort\"\r\n
        \         },\r\n          \"protocol\": \"Http\",\r\n          \"hostNames\":
        [],\r\n          \"requireServerNameIndication\": false,\r\n          \"requestRoutingRules\":
        [\r\n            {\r\n              \"id\": \"/subscriptions/00000000-0000-0000-0000-000000000000/resourceGroups/cli_test_ag_auth_cert000001/providers/Microsoft.Network/applicationGateways/ag1/requestRoutingRules/rule1\"\r\n
        \           }\r\n          ]\r\n        },\r\n        \"type\": \"Microsoft.Network/applicationGateways/httpListeners\"\r\n
        \     }\r\n    ],\r\n    \"urlPathMaps\": [],\r\n    \"requestRoutingRules\":
        [\r\n      {\r\n        \"name\": \"rule1\",\r\n        \"id\": \"/subscriptions/00000000-0000-0000-0000-000000000000/resourceGroups/cli_test_ag_auth_cert000001/providers/Microsoft.Network/applicationGateways/ag1/requestRoutingRules/rule1\",\r\n
        \       \"etag\": \"W/\\\"b09b8889-5cc0-4285-9e6d-2c19d26de608\\\"\",\r\n
        \       \"properties\": {\r\n          \"provisioningState\": \"Updating\",\r\n
        \         \"ruleType\": \"Basic\",\r\n          \"httpListener\": {\r\n            \"id\":
        \"/subscriptions/00000000-0000-0000-0000-000000000000/resourceGroups/cli_test_ag_auth_cert000001/providers/Microsoft.Network/applicationGateways/ag1/httpListeners/appGatewayHttpListener\"\r\n
        \         },\r\n          \"backendAddressPool\": {\r\n            \"id\":
        \"/subscriptions/00000000-0000-0000-0000-000000000000/resourceGroups/cli_test_ag_auth_cert000001/providers/Microsoft.Network/applicationGateways/ag1/backendAddressPools/appGatewayBackendPool\"\r\n
        \         },\r\n          \"backendHttpSettings\": {\r\n            \"id\":
        \"/subscriptions/00000000-0000-0000-0000-000000000000/resourceGroups/cli_test_ag_auth_cert000001/providers/Microsoft.Network/applicationGateways/ag1/backendHttpSettingsCollection/appGatewayBackendHttpSettings\"\r\n
        \         }\r\n        },\r\n        \"type\": \"Microsoft.Network/applicationGateways/requestRoutingRules\"\r\n
        \     }\r\n    ],\r\n    \"probes\": [],\r\n    \"rewriteRuleSets\": [],\r\n
        \   \"redirectConfigurations\": []\r\n  }\r\n}"
    headers:
      azure-asyncoperation:
      - https://management.azure.com/subscriptions/00000000-0000-0000-0000-000000000000/providers/Microsoft.Network/locations/westus/operations/f536b530-156e-48ed-b092-9d8ed2ca43e4?api-version=2020-07-01
      cache-control:
      - no-cache
      content-length:
      - '13569'
      content-type:
      - application/json; charset=utf-8
      date:
      - Wed, 16 Dec 2020 05:40:57 GMT
      expires:
      - '-1'
      pragma:
      - no-cache
      server:
      - Microsoft-HTTPAPI/2.0
      - Microsoft-HTTPAPI/2.0
      strict-transport-security:
      - max-age=31536000; includeSubDomains
      transfer-encoding:
      - chunked
      vary:
      - Accept-Encoding
      x-content-type-options:
      - nosniff
      x-ms-arm-service-request-id:
      - 81dfca2a-0230-4254-add9-9f6e7801ad95
      x-ms-ratelimit-remaining-subscription-writes:
      - '1196'
    status:
      code: 200
      message: OK
- request:
    body: null
    headers:
      Accept:
      - application/json
      Accept-Encoding:
      - gzip, deflate
      CommandName:
      - network application-gateway http-settings update
      Connection:
      - keep-alive
      ParameterSetName:
      - -g --gateway-name -n --auth-certs --no-wait
      User-Agent:
      - AZURECLI/2.16.0 azsdk-python-azure-mgmt-network/17.0.0 Python/3.7.8 (Windows-10-10.0.19041-SP0)
    method: GET
    uri: https://management.azure.com/subscriptions/00000000-0000-0000-0000-000000000000/resourceGroups/cli_test_ag_auth_cert000001/providers/Microsoft.Network/applicationGateways/ag1?api-version=2020-07-01
  response:
    body:
      string: "{\r\n  \"name\": \"ag1\",\r\n  \"id\": \"/subscriptions/00000000-0000-0000-0000-000000000000/resourceGroups/cli_test_ag_auth_cert000001/providers/Microsoft.Network/applicationGateways/ag1\",\r\n
        \ \"etag\": \"W/\\\"58a724fc-2974-4b31-b8c8-623bf1d82990\\\"\",\r\n  \"type\":
        \"Microsoft.Network/applicationGateways\",\r\n  \"location\": \"westus\",\r\n
        \ \"tags\": {},\r\n  \"properties\": {\r\n    \"provisioningState\": \"Updating\",\r\n
        \   \"resourceGuid\": \"865d4f30-bc06-4ba2-b51e-1f19d8a37b92\",\r\n    \"sku\":
        {\r\n      \"name\": \"Standard_Medium\",\r\n      \"tier\": \"Standard\",\r\n
        \     \"capacity\": 2\r\n    },\r\n    \"operationalState\": \"Stopped\",\r\n
        \   \"gatewayIPConfigurations\": [\r\n      {\r\n        \"name\": \"appGatewayPrivateFrontendIP\",\r\n
        \       \"id\": \"/subscriptions/00000000-0000-0000-0000-000000000000/resourceGroups/cli_test_ag_auth_cert000001/providers/Microsoft.Network/applicationGateways/ag1/gatewayIPConfigurations/appGatewayPrivateFrontendIP\",\r\n
        \       \"etag\": \"W/\\\"58a724fc-2974-4b31-b8c8-623bf1d82990\\\"\",\r\n
        \       \"properties\": {\r\n          \"provisioningState\": \"Updating\",\r\n
        \         \"subnet\": {\r\n            \"id\": \"/subscriptions/00000000-0000-0000-0000-000000000000/resourceGroups/cli_test_ag_auth_cert000001/providers/Microsoft.Network/virtualNetworks/ag1Vnet/subnets/default\"\r\n
        \         }\r\n        },\r\n        \"type\": \"Microsoft.Network/applicationGateways/gatewayIPConfigurations\"\r\n
        \     }\r\n    ],\r\n    \"sslCertificates\": [],\r\n    \"authenticationCertificates\":
        [\r\n      {\r\n        \"name\": \"cert1\",\r\n        \"id\": \"/subscriptions/00000000-0000-0000-0000-000000000000/resourceGroups/cli_test_ag_auth_cert000001/providers/Microsoft.Network/applicationGateways/ag1/authenticationCertificates/cert1\",\r\n
        \       \"etag\": \"W/\\\"58a724fc-2974-4b31-b8c8-623bf1d82990\\\"\",\r\n
        \       \"properties\": {\r\n          \"provisioningState\": \"Updating\",\r\n
        \         \"data\": \"MIIBvzCCAW2gAwIBAgIQmJtabFWZYp1NjoMbcjRvajAJBgUrDgMCHQUAMBYxFDASBgNVBAMTC1Jvb3QgQWdlbmN5MB4XDTE2MDgyMzEzMjMyNFoXDTM5MTIzMTIzNTk1OVowIjEgMB4GA1UEAxMXSm9lJ3MtU29mdHdhcmUtRW1wb3JpdW0wgZ8wDQYJKoZIhvcNAQEBBQADgY0AMIGJAoGBAKH7RFdzRTwt8QPGQwBlLQox9ZvEjCIKzrB17IkWcAyRHpJMm+b00Ik8Sjm5UXwZY/DkXfkOBQ+RA9eaP5I1Aj043QQREs3MTFX7JppINYUk3gJzKPCHFHDb9qchy4qJjJAO/+PlWTP1M0T63Ln1fSIy3bjlPMfXoZK9+B+RJpIDAgMBAAGjSzBJMEcGA1UdAQRAMD6AEBLkCS0GHR1PAI1hIdwWZGOhGDAWMRQwEgYDVQQDEwtSb290IEFnZW5jeYIQBjdsAKoAZIoRz7jUqlw19DAJBgUrDgMCHQUAA0EAREgh2h7BQW5LImUO9dasVyKcQ+Y30iJ96P+/XQour7g/uAwxj/19JjE7i3Jt4tG5Ljc3o79G6QUspkP+QehBnA==\",\r\n
        \         \"backendHttpSettings\": [\r\n            {\r\n              \"id\":
        \"/subscriptions/00000000-0000-0000-0000-000000000000/resourceGroups/cli_test_ag_auth_cert000001/providers/Microsoft.Network/applicationGateways/ag1/backendHttpSettingsCollection/https_settings\"\r\n
        \           }\r\n          ]\r\n        },\r\n        \"type\": \"Microsoft.Network/applicationGateways/authenticationCertificates\"\r\n
        \     },\r\n      {\r\n        \"name\": \"cert2\",\r\n        \"id\": \"/subscriptions/00000000-0000-0000-0000-000000000000/resourceGroups/cli_test_ag_auth_cert000001/providers/Microsoft.Network/applicationGateways/ag1/authenticationCertificates/cert2\",\r\n
        \       \"etag\": \"W/\\\"58a724fc-2974-4b31-b8c8-623bf1d82990\\\"\",\r\n
        \       \"properties\": {\r\n          \"provisioningState\": \"Updating\",\r\n
        \         \"data\": \"MIIBvzCCAW2gAwIBAgIQdxrzWOg4waxNCWLqZDjNpjAJBgUrDgMCHQUAMBYxFDASBgNVBAMTC1Jvb3QgQWdlbmN5MB4XDTE2MDgyMzEzMzIzNloXDTM5MTIzMTIzNTk1OVowIjEgMB4GA1UEAxMXSm9lJ3MtU29mdHdhcmUtRW1wb3JpdW0wgZ8wDQYJKoZIhvcNAQEBBQADgY0AMIGJAoGBAKH7RFdzRTwt8QPGQwBlLQox9ZvEjCIKzrB17IkWcAyRHpJMm+b00Ik8Sjm5UXwZY/DkXfkOBQ+RA9eaP5I1Aj043QQREs3MTFX7JppINYUk3gJzKPCHFHDb9qchy4qJjJAO/+PlWTP1M0T63Ln1fSIy3bjlPMfXoZK9+B+RJpIDAgMBAAGjSzBJMEcGA1UdAQRAMD6AEBLkCS0GHR1PAI1hIdwWZGOhGDAWMRQwEgYDVQQDEwtSb290IEFnZW5jeYIQBjdsAKoAZIoRz7jUqlw19DAJBgUrDgMCHQUAA0EAY8c6yN4viFBfeW1aPIfW04IgqXz4nwUlGcKYr4Kdq887PgevaqZdsEcy6okZ7qjFZw4EtafD12cBQ1/Djl5j6Q==\",\r\n
        \         \"backendHttpSettings\": [\r\n            {\r\n              \"id\":
        \"/subscriptions/00000000-0000-0000-0000-000000000000/resourceGroups/cli_test_ag_auth_cert000001/providers/Microsoft.Network/applicationGateways/ag1/backendHttpSettingsCollection/https_settings\"\r\n
        \           }\r\n          ]\r\n        },\r\n        \"type\": \"Microsoft.Network/applicationGateways/authenticationCertificates\"\r\n
        \     }\r\n    ],\r\n    \"frontendIPConfigurations\": [\r\n      {\r\n        \"name\":
        \"appGatewayPrivateFrontendIP\",\r\n        \"id\": \"/subscriptions/00000000-0000-0000-0000-000000000000/resourceGroups/cli_test_ag_auth_cert000001/providers/Microsoft.Network/applicationGateways/ag1/frontendIPConfigurations/appGatewayPrivateFrontendIP\",\r\n
        \       \"etag\": \"W/\\\"58a724fc-2974-4b31-b8c8-623bf1d82990\\\"\",\r\n
        \       \"type\": \"Microsoft.Network/applicationGateways/frontendIPConfigurations\",\r\n
        \       \"properties\": {\r\n          \"provisioningState\": \"Updating\",\r\n
        \         \"privateIPAllocationMethod\": \"Dynamic\",\r\n          \"subnet\":
        {\r\n            \"id\": \"/subscriptions/00000000-0000-0000-0000-000000000000/resourceGroups/cli_test_ag_auth_cert000001/providers/Microsoft.Network/virtualNetworks/ag1Vnet/subnets/default\"\r\n
        \         },\r\n          \"httpListeners\": [\r\n            {\r\n              \"id\":
        \"/subscriptions/00000000-0000-0000-0000-000000000000/resourceGroups/cli_test_ag_auth_cert000001/providers/Microsoft.Network/applicationGateways/ag1/httpListeners/appGatewayHttpListener\"\r\n
        \           }\r\n          ]\r\n        }\r\n      }\r\n    ],\r\n    \"frontendPorts\":
        [\r\n      {\r\n        \"name\": \"appGatewayFrontendPort\",\r\n        \"id\":
        \"/subscriptions/00000000-0000-0000-0000-000000000000/resourceGroups/cli_test_ag_auth_cert000001/providers/Microsoft.Network/applicationGateways/ag1/frontendPorts/appGatewayFrontendPort\",\r\n
        \       \"etag\": \"W/\\\"58a724fc-2974-4b31-b8c8-623bf1d82990\\\"\",\r\n
        \       \"properties\": {\r\n          \"provisioningState\": \"Updating\",\r\n
        \         \"port\": 80,\r\n          \"httpListeners\": [\r\n            {\r\n
        \             \"id\": \"/subscriptions/00000000-0000-0000-0000-000000000000/resourceGroups/cli_test_ag_auth_cert000001/providers/Microsoft.Network/applicationGateways/ag1/httpListeners/appGatewayHttpListener\"\r\n
        \           }\r\n          ]\r\n        },\r\n        \"type\": \"Microsoft.Network/applicationGateways/frontendPorts\"\r\n
        \     }\r\n    ],\r\n    \"backendAddressPools\": [\r\n      {\r\n        \"name\":
        \"appGatewayBackendPool\",\r\n        \"id\": \"/subscriptions/00000000-0000-0000-0000-000000000000/resourceGroups/cli_test_ag_auth_cert000001/providers/Microsoft.Network/applicationGateways/ag1/backendAddressPools/appGatewayBackendPool\",\r\n
        \       \"etag\": \"W/\\\"58a724fc-2974-4b31-b8c8-623bf1d82990\\\"\",\r\n
        \       \"properties\": {\r\n          \"provisioningState\": \"Updating\",\r\n
        \         \"backendAddresses\": [],\r\n          \"requestRoutingRules\":
        [\r\n            {\r\n              \"id\": \"/subscriptions/00000000-0000-0000-0000-000000000000/resourceGroups/cli_test_ag_auth_cert000001/providers/Microsoft.Network/applicationGateways/ag1/requestRoutingRules/rule1\"\r\n
        \           }\r\n          ]\r\n        },\r\n        \"type\": \"Microsoft.Network/applicationGateways/backendAddressPools\"\r\n
        \     }\r\n    ],\r\n    \"backendHttpSettingsCollection\": [\r\n      {\r\n
        \       \"name\": \"appGatewayBackendHttpSettings\",\r\n        \"id\": \"/subscriptions/00000000-0000-0000-0000-000000000000/resourceGroups/cli_test_ag_auth_cert000001/providers/Microsoft.Network/applicationGateways/ag1/backendHttpSettingsCollection/appGatewayBackendHttpSettings\",\r\n
        \       \"etag\": \"W/\\\"58a724fc-2974-4b31-b8c8-623bf1d82990\\\"\",\r\n
        \       \"properties\": {\r\n          \"provisioningState\": \"Updating\",\r\n
        \         \"port\": 80,\r\n          \"protocol\": \"Http\",\r\n          \"cookieBasedAffinity\":
        \"Disabled\",\r\n          \"connectionDraining\": {\r\n            \"enabled\":
        false,\r\n            \"drainTimeoutInSec\": 1\r\n          },\r\n          \"pickHostNameFromBackendAddress\":
        false,\r\n          \"requestTimeout\": 30,\r\n          \"requestRoutingRules\":
        [\r\n            {\r\n              \"id\": \"/subscriptions/00000000-0000-0000-0000-000000000000/resourceGroups/cli_test_ag_auth_cert000001/providers/Microsoft.Network/applicationGateways/ag1/requestRoutingRules/rule1\"\r\n
        \           }\r\n          ]\r\n        },\r\n        \"type\": \"Microsoft.Network/applicationGateways/backendHttpSettingsCollection\"\r\n
        \     },\r\n      {\r\n        \"name\": \"https_settings\",\r\n        \"id\":
        \"/subscriptions/00000000-0000-0000-0000-000000000000/resourceGroups/cli_test_ag_auth_cert000001/providers/Microsoft.Network/applicationGateways/ag1/backendHttpSettingsCollection/https_settings\",\r\n
        \       \"etag\": \"W/\\\"58a724fc-2974-4b31-b8c8-623bf1d82990\\\"\",\r\n
        \       \"properties\": {\r\n          \"provisioningState\": \"Updating\",\r\n
        \         \"port\": 443,\r\n          \"protocol\": \"Https\",\r\n          \"cookieBasedAffinity\":
        \"Disabled\",\r\n          \"connectionDraining\": {\r\n            \"enabled\":
        false,\r\n            \"drainTimeoutInSec\": 1\r\n          },\r\n          \"pickHostNameFromBackendAddress\":
        false,\r\n          \"requestTimeout\": 30,\r\n          \"authenticationCertificates\":
        [\r\n            {\r\n              \"id\": \"/subscriptions/00000000-0000-0000-0000-000000000000/resourceGroups/cli_test_ag_auth_cert000001/providers/Microsoft.Network/applicationGateways/ag1/authenticationCertificates/cert1\"\r\n
        \           },\r\n            {\r\n              \"id\": \"/subscriptions/00000000-0000-0000-0000-000000000000/resourceGroups/cli_test_ag_auth_cert000001/providers/Microsoft.Network/applicationGateways/ag1/authenticationCertificates/cert2\"\r\n
        \           }\r\n          ]\r\n        },\r\n        \"type\": \"Microsoft.Network/applicationGateways/backendHttpSettingsCollection\"\r\n
        \     }\r\n    ],\r\n    \"httpListeners\": [\r\n      {\r\n        \"name\":
        \"appGatewayHttpListener\",\r\n        \"id\": \"/subscriptions/00000000-0000-0000-0000-000000000000/resourceGroups/cli_test_ag_auth_cert000001/providers/Microsoft.Network/applicationGateways/ag1/httpListeners/appGatewayHttpListener\",\r\n
        \       \"etag\": \"W/\\\"58a724fc-2974-4b31-b8c8-623bf1d82990\\\"\",\r\n
        \       \"properties\": {\r\n          \"provisioningState\": \"Updating\",\r\n
        \         \"frontendIPConfiguration\": {\r\n            \"id\": \"/subscriptions/00000000-0000-0000-0000-000000000000/resourceGroups/cli_test_ag_auth_cert000001/providers/Microsoft.Network/applicationGateways/ag1/frontendIPConfigurations/appGatewayPrivateFrontendIP\"\r\n
        \         },\r\n          \"frontendPort\": {\r\n            \"id\": \"/subscriptions/00000000-0000-0000-0000-000000000000/resourceGroups/cli_test_ag_auth_cert000001/providers/Microsoft.Network/applicationGateways/ag1/frontendPorts/appGatewayFrontendPort\"\r\n
        \         },\r\n          \"protocol\": \"Http\",\r\n          \"hostNames\":
        [],\r\n          \"requireServerNameIndication\": false,\r\n          \"requestRoutingRules\":
        [\r\n            {\r\n              \"id\": \"/subscriptions/00000000-0000-0000-0000-000000000000/resourceGroups/cli_test_ag_auth_cert000001/providers/Microsoft.Network/applicationGateways/ag1/requestRoutingRules/rule1\"\r\n
        \           }\r\n          ]\r\n        },\r\n        \"type\": \"Microsoft.Network/applicationGateways/httpListeners\"\r\n
        \     }\r\n    ],\r\n    \"urlPathMaps\": [],\r\n    \"requestRoutingRules\":
        [\r\n      {\r\n        \"name\": \"rule1\",\r\n        \"id\": \"/subscriptions/00000000-0000-0000-0000-000000000000/resourceGroups/cli_test_ag_auth_cert000001/providers/Microsoft.Network/applicationGateways/ag1/requestRoutingRules/rule1\",\r\n
        \       \"etag\": \"W/\\\"58a724fc-2974-4b31-b8c8-623bf1d82990\\\"\",\r\n
        \       \"properties\": {\r\n          \"provisioningState\": \"Updating\",\r\n
        \         \"ruleType\": \"Basic\",\r\n          \"httpListener\": {\r\n            \"id\":
        \"/subscriptions/00000000-0000-0000-0000-000000000000/resourceGroups/cli_test_ag_auth_cert000001/providers/Microsoft.Network/applicationGateways/ag1/httpListeners/appGatewayHttpListener\"\r\n
        \         },\r\n          \"backendAddressPool\": {\r\n            \"id\":
        \"/subscriptions/00000000-0000-0000-0000-000000000000/resourceGroups/cli_test_ag_auth_cert000001/providers/Microsoft.Network/applicationGateways/ag1/backendAddressPools/appGatewayBackendPool\"\r\n
        \         },\r\n          \"backendHttpSettings\": {\r\n            \"id\":
        \"/subscriptions/00000000-0000-0000-0000-000000000000/resourceGroups/cli_test_ag_auth_cert000001/providers/Microsoft.Network/applicationGateways/ag1/backendHttpSettingsCollection/appGatewayBackendHttpSettings\"\r\n
        \         }\r\n        },\r\n        \"type\": \"Microsoft.Network/applicationGateways/requestRoutingRules\"\r\n
        \     }\r\n    ],\r\n    \"probes\": [],\r\n    \"rewriteRuleSets\": [],\r\n
        \   \"redirectConfigurations\": []\r\n  }\r\n}"
    headers:
      cache-control:
      - no-cache
      content-length:
      - '13569'
      content-type:
      - application/json; charset=utf-8
      date:
      - Wed, 16 Dec 2020 05:40:59 GMT
      etag:
      - W/"58a724fc-2974-4b31-b8c8-623bf1d82990"
      expires:
      - '-1'
      pragma:
      - no-cache
      server:
      - Microsoft-HTTPAPI/2.0
      - Microsoft-HTTPAPI/2.0
      strict-transport-security:
      - max-age=31536000; includeSubDomains
      transfer-encoding:
      - chunked
      vary:
      - Accept-Encoding
      x-content-type-options:
      - nosniff
      x-ms-arm-service-request-id:
      - 26d04d89-f1d0-4277-8089-aeccd26f743c
    status:
      code: 200
      message: OK
- request:
    body: '{"id": "/subscriptions/00000000-0000-0000-0000-000000000000/resourceGroups/cli_test_ag_auth_cert000001/providers/Microsoft.Network/applicationGateways/ag1",
      "location": "westus", "tags": {}, "properties": {"sku": {"name": "Standard_Medium",
      "tier": "Standard", "capacity": 2}, "gatewayIPConfigurations": [{"id": "/subscriptions/00000000-0000-0000-0000-000000000000/resourceGroups/cli_test_ag_auth_cert000001/providers/Microsoft.Network/applicationGateways/ag1/gatewayIPConfigurations/appGatewayPrivateFrontendIP",
      "name": "appGatewayPrivateFrontendIP", "properties": {"subnet": {"id": "/subscriptions/00000000-0000-0000-0000-000000000000/resourceGroups/cli_test_ag_auth_cert000001/providers/Microsoft.Network/virtualNetworks/ag1Vnet/subnets/default"}}}],
      "authenticationCertificates": [{"id": "/subscriptions/00000000-0000-0000-0000-000000000000/resourceGroups/cli_test_ag_auth_cert000001/providers/Microsoft.Network/applicationGateways/ag1/authenticationCertificates/cert1",
      "name": "cert1", "properties": {"data": "MIIBvzCCAW2gAwIBAgIQmJtabFWZYp1NjoMbcjRvajAJBgUrDgMCHQUAMBYxFDASBgNVBAMTC1Jvb3QgQWdlbmN5MB4XDTE2MDgyMzEzMjMyNFoXDTM5MTIzMTIzNTk1OVowIjEgMB4GA1UEAxMXSm9lJ3MtU29mdHdhcmUtRW1wb3JpdW0wgZ8wDQYJKoZIhvcNAQEBBQADgY0AMIGJAoGBAKH7RFdzRTwt8QPGQwBlLQox9ZvEjCIKzrB17IkWcAyRHpJMm+b00Ik8Sjm5UXwZY/DkXfkOBQ+RA9eaP5I1Aj043QQREs3MTFX7JppINYUk3gJzKPCHFHDb9qchy4qJjJAO/+PlWTP1M0T63Ln1fSIy3bjlPMfXoZK9+B+RJpIDAgMBAAGjSzBJMEcGA1UdAQRAMD6AEBLkCS0GHR1PAI1hIdwWZGOhGDAWMRQwEgYDVQQDEwtSb290IEFnZW5jeYIQBjdsAKoAZIoRz7jUqlw19DAJBgUrDgMCHQUAA0EAREgh2h7BQW5LImUO9dasVyKcQ+Y30iJ96P+/XQour7g/uAwxj/19JjE7i3Jt4tG5Ljc3o79G6QUspkP+QehBnA=="}},
      {"id": "/subscriptions/00000000-0000-0000-0000-000000000000/resourceGroups/cli_test_ag_auth_cert000001/providers/Microsoft.Network/applicationGateways/ag1/authenticationCertificates/cert2",
      "name": "cert2", "properties": {"data": "MIIBvzCCAW2gAwIBAgIQdxrzWOg4waxNCWLqZDjNpjAJBgUrDgMCHQUAMBYxFDASBgNVBAMTC1Jvb3QgQWdlbmN5MB4XDTE2MDgyMzEzMzIzNloXDTM5MTIzMTIzNTk1OVowIjEgMB4GA1UEAxMXSm9lJ3MtU29mdHdhcmUtRW1wb3JpdW0wgZ8wDQYJKoZIhvcNAQEBBQADgY0AMIGJAoGBAKH7RFdzRTwt8QPGQwBlLQox9ZvEjCIKzrB17IkWcAyRHpJMm+b00Ik8Sjm5UXwZY/DkXfkOBQ+RA9eaP5I1Aj043QQREs3MTFX7JppINYUk3gJzKPCHFHDb9qchy4qJjJAO/+PlWTP1M0T63Ln1fSIy3bjlPMfXoZK9+B+RJpIDAgMBAAGjSzBJMEcGA1UdAQRAMD6AEBLkCS0GHR1PAI1hIdwWZGOhGDAWMRQwEgYDVQQDEwtSb290IEFnZW5jeYIQBjdsAKoAZIoRz7jUqlw19DAJBgUrDgMCHQUAA0EAY8c6yN4viFBfeW1aPIfW04IgqXz4nwUlGcKYr4Kdq887PgevaqZdsEcy6okZ7qjFZw4EtafD12cBQ1/Djl5j6Q=="}}],
      "sslCertificates": [], "frontendIPConfigurations": [{"id": "/subscriptions/00000000-0000-0000-0000-000000000000/resourceGroups/cli_test_ag_auth_cert000001/providers/Microsoft.Network/applicationGateways/ag1/frontendIPConfigurations/appGatewayPrivateFrontendIP",
      "name": "appGatewayPrivateFrontendIP", "properties": {"privateIPAllocationMethod":
      "Dynamic", "subnet": {"id": "/subscriptions/00000000-0000-0000-0000-000000000000/resourceGroups/cli_test_ag_auth_cert000001/providers/Microsoft.Network/virtualNetworks/ag1Vnet/subnets/default"}}}],
      "frontendPorts": [{"id": "/subscriptions/00000000-0000-0000-0000-000000000000/resourceGroups/cli_test_ag_auth_cert000001/providers/Microsoft.Network/applicationGateways/ag1/frontendPorts/appGatewayFrontendPort",
      "name": "appGatewayFrontendPort", "properties": {"port": 80}}], "probes": [],
      "backendAddressPools": [{"id": "/subscriptions/00000000-0000-0000-0000-000000000000/resourceGroups/cli_test_ag_auth_cert000001/providers/Microsoft.Network/applicationGateways/ag1/backendAddressPools/appGatewayBackendPool",
      "name": "appGatewayBackendPool", "properties": {"backendAddresses": []}}], "backendHttpSettingsCollection":
      [{"id": "/subscriptions/00000000-0000-0000-0000-000000000000/resourceGroups/cli_test_ag_auth_cert000001/providers/Microsoft.Network/applicationGateways/ag1/backendHttpSettingsCollection/appGatewayBackendHttpSettings",
      "name": "appGatewayBackendHttpSettings", "properties": {"port": 80, "protocol":
      "Http", "cookieBasedAffinity": "Disabled", "requestTimeout": 30, "connectionDraining":
      {"enabled": false, "drainTimeoutInSec": 1}, "pickHostNameFromBackendAddress":
      false}}, {"id": "/subscriptions/00000000-0000-0000-0000-000000000000/resourceGroups/cli_test_ag_auth_cert000001/providers/Microsoft.Network/applicationGateways/ag1/backendHttpSettingsCollection/https_settings",
      "name": "https_settings", "properties": {"port": 443, "protocol": "Https", "cookieBasedAffinity":
      "Disabled", "requestTimeout": 30, "authenticationCertificates": [{"id": "/subscriptions/00000000-0000-0000-0000-000000000000/resourceGroups/cli_test_ag_auth_cert000001/providers/Microsoft.Network/applicationGateways/ag1/authenticationCertificates/cert2"},
      {"id": "/subscriptions/00000000-0000-0000-0000-000000000000/resourceGroups/cli_test_ag_auth_cert000001/providers/Microsoft.Network/applicationGateways/ag1/authenticationCertificates/cert1"}],
      "connectionDraining": {"enabled": false, "drainTimeoutInSec": 1}, "pickHostNameFromBackendAddress":
      false}}], "httpListeners": [{"id": "/subscriptions/00000000-0000-0000-0000-000000000000/resourceGroups/cli_test_ag_auth_cert000001/providers/Microsoft.Network/applicationGateways/ag1/httpListeners/appGatewayHttpListener",
      "name": "appGatewayHttpListener", "properties": {"frontendIPConfiguration":
      {"id": "/subscriptions/00000000-0000-0000-0000-000000000000/resourceGroups/cli_test_ag_auth_cert000001/providers/Microsoft.Network/applicationGateways/ag1/frontendIPConfigurations/appGatewayPrivateFrontendIP"},
      "frontendPort": {"id": "/subscriptions/00000000-0000-0000-0000-000000000000/resourceGroups/cli_test_ag_auth_cert000001/providers/Microsoft.Network/applicationGateways/ag1/frontendPorts/appGatewayFrontendPort"},
      "protocol": "Http", "requireServerNameIndication": false, "hostNames": []}}],
      "urlPathMaps": [], "requestRoutingRules": [{"id": "/subscriptions/00000000-0000-0000-0000-000000000000/resourceGroups/cli_test_ag_auth_cert000001/providers/Microsoft.Network/applicationGateways/ag1/requestRoutingRules/rule1",
      "name": "rule1", "properties": {"ruleType": "Basic", "backendAddressPool": {"id":
      "/subscriptions/00000000-0000-0000-0000-000000000000/resourceGroups/cli_test_ag_auth_cert000001/providers/Microsoft.Network/applicationGateways/ag1/backendAddressPools/appGatewayBackendPool"},
      "backendHttpSettings": {"id": "/subscriptions/00000000-0000-0000-0000-000000000000/resourceGroups/cli_test_ag_auth_cert000001/providers/Microsoft.Network/applicationGateways/ag1/backendHttpSettingsCollection/appGatewayBackendHttpSettings"},
      "httpListener": {"id": "/subscriptions/00000000-0000-0000-0000-000000000000/resourceGroups/cli_test_ag_auth_cert000001/providers/Microsoft.Network/applicationGateways/ag1/httpListeners/appGatewayHttpListener"}}}],
      "rewriteRuleSets": [], "redirectConfigurations": []}}'
    headers:
      Accept:
      - application/json
      Accept-Encoding:
      - gzip, deflate
      CommandName:
      - network application-gateway http-settings update
      Connection:
      - keep-alive
      Content-Length:
      - '7718'
      Content-Type:
      - application/json
      ParameterSetName:
      - -g --gateway-name -n --auth-certs --no-wait
      User-Agent:
      - AZURECLI/2.16.0 azsdk-python-azure-mgmt-network/17.0.0 Python/3.7.8 (Windows-10-10.0.19041-SP0)
    method: PUT
    uri: https://management.azure.com/subscriptions/00000000-0000-0000-0000-000000000000/resourceGroups/cli_test_ag_auth_cert000001/providers/Microsoft.Network/applicationGateways/ag1?api-version=2020-07-01
  response:
    body:
      string: "{\r\n  \"name\": \"ag1\",\r\n  \"id\": \"/subscriptions/00000000-0000-0000-0000-000000000000/resourceGroups/cli_test_ag_auth_cert000001/providers/Microsoft.Network/applicationGateways/ag1\",\r\n
        \ \"etag\": \"W/\\\"78cfce91-97c3-406c-89f1-387f9e7d7e62\\\"\",\r\n  \"type\":
        \"Microsoft.Network/applicationGateways\",\r\n  \"location\": \"westus\",\r\n
        \ \"tags\": {},\r\n  \"properties\": {\r\n    \"provisioningState\": \"Updating\",\r\n
        \   \"resourceGuid\": \"865d4f30-bc06-4ba2-b51e-1f19d8a37b92\",\r\n    \"sku\":
        {\r\n      \"name\": \"Standard_Medium\",\r\n      \"tier\": \"Standard\",\r\n
        \     \"capacity\": 2\r\n    },\r\n    \"operationalState\": \"Stopped\",\r\n
        \   \"gatewayIPConfigurations\": [\r\n      {\r\n        \"name\": \"appGatewayPrivateFrontendIP\",\r\n
        \       \"id\": \"/subscriptions/00000000-0000-0000-0000-000000000000/resourceGroups/cli_test_ag_auth_cert000001/providers/Microsoft.Network/applicationGateways/ag1/gatewayIPConfigurations/appGatewayPrivateFrontendIP\",\r\n
        \       \"etag\": \"W/\\\"78cfce91-97c3-406c-89f1-387f9e7d7e62\\\"\",\r\n
        \       \"properties\": {\r\n          \"provisioningState\": \"Updating\",\r\n
        \         \"subnet\": {\r\n            \"id\": \"/subscriptions/00000000-0000-0000-0000-000000000000/resourceGroups/cli_test_ag_auth_cert000001/providers/Microsoft.Network/virtualNetworks/ag1Vnet/subnets/default\"\r\n
        \         }\r\n        },\r\n        \"type\": \"Microsoft.Network/applicationGateways/gatewayIPConfigurations\"\r\n
        \     }\r\n    ],\r\n    \"sslCertificates\": [],\r\n    \"authenticationCertificates\":
        [\r\n      {\r\n        \"name\": \"cert1\",\r\n        \"id\": \"/subscriptions/00000000-0000-0000-0000-000000000000/resourceGroups/cli_test_ag_auth_cert000001/providers/Microsoft.Network/applicationGateways/ag1/authenticationCertificates/cert1\",\r\n
        \       \"etag\": \"W/\\\"78cfce91-97c3-406c-89f1-387f9e7d7e62\\\"\",\r\n
        \       \"properties\": {\r\n          \"provisioningState\": \"Updating\",\r\n
        \         \"data\": \"MIIBvzCCAW2gAwIBAgIQmJtabFWZYp1NjoMbcjRvajAJBgUrDgMCHQUAMBYxFDASBgNVBAMTC1Jvb3QgQWdlbmN5MB4XDTE2MDgyMzEzMjMyNFoXDTM5MTIzMTIzNTk1OVowIjEgMB4GA1UEAxMXSm9lJ3MtU29mdHdhcmUtRW1wb3JpdW0wgZ8wDQYJKoZIhvcNAQEBBQADgY0AMIGJAoGBAKH7RFdzRTwt8QPGQwBlLQox9ZvEjCIKzrB17IkWcAyRHpJMm+b00Ik8Sjm5UXwZY/DkXfkOBQ+RA9eaP5I1Aj043QQREs3MTFX7JppINYUk3gJzKPCHFHDb9qchy4qJjJAO/+PlWTP1M0T63Ln1fSIy3bjlPMfXoZK9+B+RJpIDAgMBAAGjSzBJMEcGA1UdAQRAMD6AEBLkCS0GHR1PAI1hIdwWZGOhGDAWMRQwEgYDVQQDEwtSb290IEFnZW5jeYIQBjdsAKoAZIoRz7jUqlw19DAJBgUrDgMCHQUAA0EAREgh2h7BQW5LImUO9dasVyKcQ+Y30iJ96P+/XQour7g/uAwxj/19JjE7i3Jt4tG5Ljc3o79G6QUspkP+QehBnA==\",\r\n
        \         \"backendHttpSettings\": [\r\n            {\r\n              \"id\":
        \"/subscriptions/00000000-0000-0000-0000-000000000000/resourceGroups/cli_test_ag_auth_cert000001/providers/Microsoft.Network/applicationGateways/ag1/backendHttpSettingsCollection/https_settings\"\r\n
        \           }\r\n          ]\r\n        },\r\n        \"type\": \"Microsoft.Network/applicationGateways/authenticationCertificates\"\r\n
        \     },\r\n      {\r\n        \"name\": \"cert2\",\r\n        \"id\": \"/subscriptions/00000000-0000-0000-0000-000000000000/resourceGroups/cli_test_ag_auth_cert000001/providers/Microsoft.Network/applicationGateways/ag1/authenticationCertificates/cert2\",\r\n
        \       \"etag\": \"W/\\\"78cfce91-97c3-406c-89f1-387f9e7d7e62\\\"\",\r\n
        \       \"properties\": {\r\n          \"provisioningState\": \"Updating\",\r\n
        \         \"data\": \"MIIBvzCCAW2gAwIBAgIQdxrzWOg4waxNCWLqZDjNpjAJBgUrDgMCHQUAMBYxFDASBgNVBAMTC1Jvb3QgQWdlbmN5MB4XDTE2MDgyMzEzMzIzNloXDTM5MTIzMTIzNTk1OVowIjEgMB4GA1UEAxMXSm9lJ3MtU29mdHdhcmUtRW1wb3JpdW0wgZ8wDQYJKoZIhvcNAQEBBQADgY0AMIGJAoGBAKH7RFdzRTwt8QPGQwBlLQox9ZvEjCIKzrB17IkWcAyRHpJMm+b00Ik8Sjm5UXwZY/DkXfkOBQ+RA9eaP5I1Aj043QQREs3MTFX7JppINYUk3gJzKPCHFHDb9qchy4qJjJAO/+PlWTP1M0T63Ln1fSIy3bjlPMfXoZK9+B+RJpIDAgMBAAGjSzBJMEcGA1UdAQRAMD6AEBLkCS0GHR1PAI1hIdwWZGOhGDAWMRQwEgYDVQQDEwtSb290IEFnZW5jeYIQBjdsAKoAZIoRz7jUqlw19DAJBgUrDgMCHQUAA0EAY8c6yN4viFBfeW1aPIfW04IgqXz4nwUlGcKYr4Kdq887PgevaqZdsEcy6okZ7qjFZw4EtafD12cBQ1/Djl5j6Q==\",\r\n
        \         \"backendHttpSettings\": [\r\n            {\r\n              \"id\":
        \"/subscriptions/00000000-0000-0000-0000-000000000000/resourceGroups/cli_test_ag_auth_cert000001/providers/Microsoft.Network/applicationGateways/ag1/backendHttpSettingsCollection/https_settings\"\r\n
        \           }\r\n          ]\r\n        },\r\n        \"type\": \"Microsoft.Network/applicationGateways/authenticationCertificates\"\r\n
        \     }\r\n    ],\r\n    \"frontendIPConfigurations\": [\r\n      {\r\n        \"name\":
        \"appGatewayPrivateFrontendIP\",\r\n        \"id\": \"/subscriptions/00000000-0000-0000-0000-000000000000/resourceGroups/cli_test_ag_auth_cert000001/providers/Microsoft.Network/applicationGateways/ag1/frontendIPConfigurations/appGatewayPrivateFrontendIP\",\r\n
        \       \"etag\": \"W/\\\"78cfce91-97c3-406c-89f1-387f9e7d7e62\\\"\",\r\n
        \       \"type\": \"Microsoft.Network/applicationGateways/frontendIPConfigurations\",\r\n
        \       \"properties\": {\r\n          \"provisioningState\": \"Updating\",\r\n
        \         \"privateIPAllocationMethod\": \"Dynamic\",\r\n          \"subnet\":
        {\r\n            \"id\": \"/subscriptions/00000000-0000-0000-0000-000000000000/resourceGroups/cli_test_ag_auth_cert000001/providers/Microsoft.Network/virtualNetworks/ag1Vnet/subnets/default\"\r\n
        \         },\r\n          \"httpListeners\": [\r\n            {\r\n              \"id\":
        \"/subscriptions/00000000-0000-0000-0000-000000000000/resourceGroups/cli_test_ag_auth_cert000001/providers/Microsoft.Network/applicationGateways/ag1/httpListeners/appGatewayHttpListener\"\r\n
        \           }\r\n          ]\r\n        }\r\n      }\r\n    ],\r\n    \"frontendPorts\":
        [\r\n      {\r\n        \"name\": \"appGatewayFrontendPort\",\r\n        \"id\":
        \"/subscriptions/00000000-0000-0000-0000-000000000000/resourceGroups/cli_test_ag_auth_cert000001/providers/Microsoft.Network/applicationGateways/ag1/frontendPorts/appGatewayFrontendPort\",\r\n
        \       \"etag\": \"W/\\\"78cfce91-97c3-406c-89f1-387f9e7d7e62\\\"\",\r\n
        \       \"properties\": {\r\n          \"provisioningState\": \"Updating\",\r\n
        \         \"port\": 80,\r\n          \"httpListeners\": [\r\n            {\r\n
        \             \"id\": \"/subscriptions/00000000-0000-0000-0000-000000000000/resourceGroups/cli_test_ag_auth_cert000001/providers/Microsoft.Network/applicationGateways/ag1/httpListeners/appGatewayHttpListener\"\r\n
        \           }\r\n          ]\r\n        },\r\n        \"type\": \"Microsoft.Network/applicationGateways/frontendPorts\"\r\n
        \     }\r\n    ],\r\n    \"backendAddressPools\": [\r\n      {\r\n        \"name\":
        \"appGatewayBackendPool\",\r\n        \"id\": \"/subscriptions/00000000-0000-0000-0000-000000000000/resourceGroups/cli_test_ag_auth_cert000001/providers/Microsoft.Network/applicationGateways/ag1/backendAddressPools/appGatewayBackendPool\",\r\n
        \       \"etag\": \"W/\\\"78cfce91-97c3-406c-89f1-387f9e7d7e62\\\"\",\r\n
        \       \"properties\": {\r\n          \"provisioningState\": \"Updating\",\r\n
        \         \"backendAddresses\": [],\r\n          \"requestRoutingRules\":
        [\r\n            {\r\n              \"id\": \"/subscriptions/00000000-0000-0000-0000-000000000000/resourceGroups/cli_test_ag_auth_cert000001/providers/Microsoft.Network/applicationGateways/ag1/requestRoutingRules/rule1\"\r\n
        \           }\r\n          ]\r\n        },\r\n        \"type\": \"Microsoft.Network/applicationGateways/backendAddressPools\"\r\n
        \     }\r\n    ],\r\n    \"backendHttpSettingsCollection\": [\r\n      {\r\n
        \       \"name\": \"appGatewayBackendHttpSettings\",\r\n        \"id\": \"/subscriptions/00000000-0000-0000-0000-000000000000/resourceGroups/cli_test_ag_auth_cert000001/providers/Microsoft.Network/applicationGateways/ag1/backendHttpSettingsCollection/appGatewayBackendHttpSettings\",\r\n
        \       \"etag\": \"W/\\\"78cfce91-97c3-406c-89f1-387f9e7d7e62\\\"\",\r\n
        \       \"properties\": {\r\n          \"provisioningState\": \"Updating\",\r\n
        \         \"port\": 80,\r\n          \"protocol\": \"Http\",\r\n          \"cookieBasedAffinity\":
        \"Disabled\",\r\n          \"connectionDraining\": {\r\n            \"enabled\":
        false,\r\n            \"drainTimeoutInSec\": 1\r\n          },\r\n          \"pickHostNameFromBackendAddress\":
        false,\r\n          \"requestTimeout\": 30,\r\n          \"requestRoutingRules\":
        [\r\n            {\r\n              \"id\": \"/subscriptions/00000000-0000-0000-0000-000000000000/resourceGroups/cli_test_ag_auth_cert000001/providers/Microsoft.Network/applicationGateways/ag1/requestRoutingRules/rule1\"\r\n
        \           }\r\n          ]\r\n        },\r\n        \"type\": \"Microsoft.Network/applicationGateways/backendHttpSettingsCollection\"\r\n
        \     },\r\n      {\r\n        \"name\": \"https_settings\",\r\n        \"id\":
        \"/subscriptions/00000000-0000-0000-0000-000000000000/resourceGroups/cli_test_ag_auth_cert000001/providers/Microsoft.Network/applicationGateways/ag1/backendHttpSettingsCollection/https_settings\",\r\n
        \       \"etag\": \"W/\\\"78cfce91-97c3-406c-89f1-387f9e7d7e62\\\"\",\r\n
        \       \"properties\": {\r\n          \"provisioningState\": \"Updating\",\r\n
        \         \"port\": 443,\r\n          \"protocol\": \"Https\",\r\n          \"cookieBasedAffinity\":
        \"Disabled\",\r\n          \"connectionDraining\": {\r\n            \"enabled\":
        false,\r\n            \"drainTimeoutInSec\": 1\r\n          },\r\n          \"pickHostNameFromBackendAddress\":
        false,\r\n          \"requestTimeout\": 30,\r\n          \"authenticationCertificates\":
        [\r\n            {\r\n              \"id\": \"/subscriptions/00000000-0000-0000-0000-000000000000/resourceGroups/cli_test_ag_auth_cert000001/providers/Microsoft.Network/applicationGateways/ag1/authenticationCertificates/cert2\"\r\n
        \           },\r\n            {\r\n              \"id\": \"/subscriptions/00000000-0000-0000-0000-000000000000/resourceGroups/cli_test_ag_auth_cert000001/providers/Microsoft.Network/applicationGateways/ag1/authenticationCertificates/cert1\"\r\n
        \           }\r\n          ]\r\n        },\r\n        \"type\": \"Microsoft.Network/applicationGateways/backendHttpSettingsCollection\"\r\n
        \     }\r\n    ],\r\n    \"httpListeners\": [\r\n      {\r\n        \"name\":
        \"appGatewayHttpListener\",\r\n        \"id\": \"/subscriptions/00000000-0000-0000-0000-000000000000/resourceGroups/cli_test_ag_auth_cert000001/providers/Microsoft.Network/applicationGateways/ag1/httpListeners/appGatewayHttpListener\",\r\n
        \       \"etag\": \"W/\\\"78cfce91-97c3-406c-89f1-387f9e7d7e62\\\"\",\r\n
        \       \"properties\": {\r\n          \"provisioningState\": \"Updating\",\r\n
        \         \"frontendIPConfiguration\": {\r\n            \"id\": \"/subscriptions/00000000-0000-0000-0000-000000000000/resourceGroups/cli_test_ag_auth_cert000001/providers/Microsoft.Network/applicationGateways/ag1/frontendIPConfigurations/appGatewayPrivateFrontendIP\"\r\n
        \         },\r\n          \"frontendPort\": {\r\n            \"id\": \"/subscriptions/00000000-0000-0000-0000-000000000000/resourceGroups/cli_test_ag_auth_cert000001/providers/Microsoft.Network/applicationGateways/ag1/frontendPorts/appGatewayFrontendPort\"\r\n
        \         },\r\n          \"protocol\": \"Http\",\r\n          \"hostNames\":
        [],\r\n          \"requireServerNameIndication\": false,\r\n          \"requestRoutingRules\":
        [\r\n            {\r\n              \"id\": \"/subscriptions/00000000-0000-0000-0000-000000000000/resourceGroups/cli_test_ag_auth_cert000001/providers/Microsoft.Network/applicationGateways/ag1/requestRoutingRules/rule1\"\r\n
        \           }\r\n          ]\r\n        },\r\n        \"type\": \"Microsoft.Network/applicationGateways/httpListeners\"\r\n
        \     }\r\n    ],\r\n    \"urlPathMaps\": [],\r\n    \"requestRoutingRules\":
        [\r\n      {\r\n        \"name\": \"rule1\",\r\n        \"id\": \"/subscriptions/00000000-0000-0000-0000-000000000000/resourceGroups/cli_test_ag_auth_cert000001/providers/Microsoft.Network/applicationGateways/ag1/requestRoutingRules/rule1\",\r\n
        \       \"etag\": \"W/\\\"78cfce91-97c3-406c-89f1-387f9e7d7e62\\\"\",\r\n
        \       \"properties\": {\r\n          \"provisioningState\": \"Updating\",\r\n
        \         \"ruleType\": \"Basic\",\r\n          \"httpListener\": {\r\n            \"id\":
        \"/subscriptions/00000000-0000-0000-0000-000000000000/resourceGroups/cli_test_ag_auth_cert000001/providers/Microsoft.Network/applicationGateways/ag1/httpListeners/appGatewayHttpListener\"\r\n
        \         },\r\n          \"backendAddressPool\": {\r\n            \"id\":
        \"/subscriptions/00000000-0000-0000-0000-000000000000/resourceGroups/cli_test_ag_auth_cert000001/providers/Microsoft.Network/applicationGateways/ag1/backendAddressPools/appGatewayBackendPool\"\r\n
        \         },\r\n          \"backendHttpSettings\": {\r\n            \"id\":
        \"/subscriptions/00000000-0000-0000-0000-000000000000/resourceGroups/cli_test_ag_auth_cert000001/providers/Microsoft.Network/applicationGateways/ag1/backendHttpSettingsCollection/appGatewayBackendHttpSettings\"\r\n
        \         }\r\n        },\r\n        \"type\": \"Microsoft.Network/applicationGateways/requestRoutingRules\"\r\n
        \     }\r\n    ],\r\n    \"probes\": [],\r\n    \"rewriteRuleSets\": [],\r\n
        \   \"redirectConfigurations\": []\r\n  }\r\n}"
    headers:
      azure-asyncoperation:
      - https://management.azure.com/subscriptions/00000000-0000-0000-0000-000000000000/providers/Microsoft.Network/locations/westus/operations/91ff12ea-5b1f-4b83-bf76-9bc02258f274?api-version=2020-07-01
      cache-control:
      - no-cache
      content-length:
      - '13569'
      content-type:
      - application/json; charset=utf-8
      date:
      - Wed, 16 Dec 2020 05:41:00 GMT
      expires:
      - '-1'
      pragma:
      - no-cache
      server:
      - Microsoft-HTTPAPI/2.0
      - Microsoft-HTTPAPI/2.0
      strict-transport-security:
      - max-age=31536000; includeSubDomains
      transfer-encoding:
      - chunked
      vary:
      - Accept-Encoding
      x-content-type-options:
      - nosniff
      x-ms-arm-service-request-id:
      - fb107579-998c-4f46-ac1c-f4db64a3cd9e
      x-ms-ratelimit-remaining-subscription-writes:
      - '1196'
    status:
      code: 200
      message: OK
- request:
    body: null
    headers:
      Accept:
      - application/json
      Accept-Encoding:
      - gzip, deflate
      CommandName:
      - network application-gateway show
      Connection:
      - keep-alive
      ParameterSetName:
      - -g -n
      User-Agent:
      - AZURECLI/2.16.0 azsdk-python-azure-mgmt-network/17.0.0 Python/3.7.8 (Windows-10-10.0.19041-SP0)
    method: GET
    uri: https://management.azure.com/subscriptions/00000000-0000-0000-0000-000000000000/resourceGroups/cli_test_ag_auth_cert000001/providers/Microsoft.Network/applicationGateways/ag1?api-version=2020-07-01
  response:
    body:
      string: "{\r\n  \"name\": \"ag1\",\r\n  \"id\": \"/subscriptions/00000000-0000-0000-0000-000000000000/resourceGroups/cli_test_ag_auth_cert000001/providers/Microsoft.Network/applicationGateways/ag1\",\r\n
        \ \"etag\": \"W/\\\"c79bafac-ee89-4488-9483-6d8dfc0a412a\\\"\",\r\n  \"type\":
        \"Microsoft.Network/applicationGateways\",\r\n  \"location\": \"westus\",\r\n
        \ \"tags\": {},\r\n  \"properties\": {\r\n    \"provisioningState\": \"Updating\",\r\n
        \   \"resourceGuid\": \"865d4f30-bc06-4ba2-b51e-1f19d8a37b92\",\r\n    \"sku\":
        {\r\n      \"name\": \"Standard_Medium\",\r\n      \"tier\": \"Standard\",\r\n
        \     \"capacity\": 2\r\n    },\r\n    \"operationalState\": \"Stopped\",\r\n
        \   \"gatewayIPConfigurations\": [\r\n      {\r\n        \"name\": \"appGatewayPrivateFrontendIP\",\r\n
        \       \"id\": \"/subscriptions/00000000-0000-0000-0000-000000000000/resourceGroups/cli_test_ag_auth_cert000001/providers/Microsoft.Network/applicationGateways/ag1/gatewayIPConfigurations/appGatewayPrivateFrontendIP\",\r\n
        \       \"etag\": \"W/\\\"c79bafac-ee89-4488-9483-6d8dfc0a412a\\\"\",\r\n
        \       \"properties\": {\r\n          \"provisioningState\": \"Updating\",\r\n
        \         \"subnet\": {\r\n            \"id\": \"/subscriptions/00000000-0000-0000-0000-000000000000/resourceGroups/cli_test_ag_auth_cert000001/providers/Microsoft.Network/virtualNetworks/ag1Vnet/subnets/default\"\r\n
        \         }\r\n        },\r\n        \"type\": \"Microsoft.Network/applicationGateways/gatewayIPConfigurations\"\r\n
        \     }\r\n    ],\r\n    \"sslCertificates\": [],\r\n    \"authenticationCertificates\":
        [\r\n      {\r\n        \"name\": \"cert1\",\r\n        \"id\": \"/subscriptions/00000000-0000-0000-0000-000000000000/resourceGroups/cli_test_ag_auth_cert000001/providers/Microsoft.Network/applicationGateways/ag1/authenticationCertificates/cert1\",\r\n
        \       \"etag\": \"W/\\\"c79bafac-ee89-4488-9483-6d8dfc0a412a\\\"\",\r\n
        \       \"properties\": {\r\n          \"provisioningState\": \"Updating\",\r\n
        \         \"data\": \"MIIBvzCCAW2gAwIBAgIQmJtabFWZYp1NjoMbcjRvajAJBgUrDgMCHQUAMBYxFDASBgNVBAMTC1Jvb3QgQWdlbmN5MB4XDTE2MDgyMzEzMjMyNFoXDTM5MTIzMTIzNTk1OVowIjEgMB4GA1UEAxMXSm9lJ3MtU29mdHdhcmUtRW1wb3JpdW0wgZ8wDQYJKoZIhvcNAQEBBQADgY0AMIGJAoGBAKH7RFdzRTwt8QPGQwBlLQox9ZvEjCIKzrB17IkWcAyRHpJMm+b00Ik8Sjm5UXwZY/DkXfkOBQ+RA9eaP5I1Aj043QQREs3MTFX7JppINYUk3gJzKPCHFHDb9qchy4qJjJAO/+PlWTP1M0T63Ln1fSIy3bjlPMfXoZK9+B+RJpIDAgMBAAGjSzBJMEcGA1UdAQRAMD6AEBLkCS0GHR1PAI1hIdwWZGOhGDAWMRQwEgYDVQQDEwtSb290IEFnZW5jeYIQBjdsAKoAZIoRz7jUqlw19DAJBgUrDgMCHQUAA0EAREgh2h7BQW5LImUO9dasVyKcQ+Y30iJ96P+/XQour7g/uAwxj/19JjE7i3Jt4tG5Ljc3o79G6QUspkP+QehBnA==\",\r\n
        \         \"backendHttpSettings\": [\r\n            {\r\n              \"id\":
        \"/subscriptions/00000000-0000-0000-0000-000000000000/resourceGroups/cli_test_ag_auth_cert000001/providers/Microsoft.Network/applicationGateways/ag1/backendHttpSettingsCollection/https_settings\"\r\n
        \           }\r\n          ]\r\n        },\r\n        \"type\": \"Microsoft.Network/applicationGateways/authenticationCertificates\"\r\n
        \     },\r\n      {\r\n        \"name\": \"cert2\",\r\n        \"id\": \"/subscriptions/00000000-0000-0000-0000-000000000000/resourceGroups/cli_test_ag_auth_cert000001/providers/Microsoft.Network/applicationGateways/ag1/authenticationCertificates/cert2\",\r\n
        \       \"etag\": \"W/\\\"c79bafac-ee89-4488-9483-6d8dfc0a412a\\\"\",\r\n
        \       \"properties\": {\r\n          \"provisioningState\": \"Updating\",\r\n
        \         \"data\": \"MIIBvzCCAW2gAwIBAgIQdxrzWOg4waxNCWLqZDjNpjAJBgUrDgMCHQUAMBYxFDASBgNVBAMTC1Jvb3QgQWdlbmN5MB4XDTE2MDgyMzEzMzIzNloXDTM5MTIzMTIzNTk1OVowIjEgMB4GA1UEAxMXSm9lJ3MtU29mdHdhcmUtRW1wb3JpdW0wgZ8wDQYJKoZIhvcNAQEBBQADgY0AMIGJAoGBAKH7RFdzRTwt8QPGQwBlLQox9ZvEjCIKzrB17IkWcAyRHpJMm+b00Ik8Sjm5UXwZY/DkXfkOBQ+RA9eaP5I1Aj043QQREs3MTFX7JppINYUk3gJzKPCHFHDb9qchy4qJjJAO/+PlWTP1M0T63Ln1fSIy3bjlPMfXoZK9+B+RJpIDAgMBAAGjSzBJMEcGA1UdAQRAMD6AEBLkCS0GHR1PAI1hIdwWZGOhGDAWMRQwEgYDVQQDEwtSb290IEFnZW5jeYIQBjdsAKoAZIoRz7jUqlw19DAJBgUrDgMCHQUAA0EAY8c6yN4viFBfeW1aPIfW04IgqXz4nwUlGcKYr4Kdq887PgevaqZdsEcy6okZ7qjFZw4EtafD12cBQ1/Djl5j6Q==\",\r\n
        \         \"backendHttpSettings\": [\r\n            {\r\n              \"id\":
        \"/subscriptions/00000000-0000-0000-0000-000000000000/resourceGroups/cli_test_ag_auth_cert000001/providers/Microsoft.Network/applicationGateways/ag1/backendHttpSettingsCollection/https_settings\"\r\n
        \           }\r\n          ]\r\n        },\r\n        \"type\": \"Microsoft.Network/applicationGateways/authenticationCertificates\"\r\n
        \     }\r\n    ],\r\n    \"frontendIPConfigurations\": [\r\n      {\r\n        \"name\":
        \"appGatewayPrivateFrontendIP\",\r\n        \"id\": \"/subscriptions/00000000-0000-0000-0000-000000000000/resourceGroups/cli_test_ag_auth_cert000001/providers/Microsoft.Network/applicationGateways/ag1/frontendIPConfigurations/appGatewayPrivateFrontendIP\",\r\n
        \       \"etag\": \"W/\\\"c79bafac-ee89-4488-9483-6d8dfc0a412a\\\"\",\r\n
        \       \"type\": \"Microsoft.Network/applicationGateways/frontendIPConfigurations\",\r\n
        \       \"properties\": {\r\n          \"provisioningState\": \"Updating\",\r\n
        \         \"privateIPAllocationMethod\": \"Dynamic\",\r\n          \"subnet\":
        {\r\n            \"id\": \"/subscriptions/00000000-0000-0000-0000-000000000000/resourceGroups/cli_test_ag_auth_cert000001/providers/Microsoft.Network/virtualNetworks/ag1Vnet/subnets/default\"\r\n
        \         },\r\n          \"httpListeners\": [\r\n            {\r\n              \"id\":
        \"/subscriptions/00000000-0000-0000-0000-000000000000/resourceGroups/cli_test_ag_auth_cert000001/providers/Microsoft.Network/applicationGateways/ag1/httpListeners/appGatewayHttpListener\"\r\n
        \           }\r\n          ]\r\n        }\r\n      }\r\n    ],\r\n    \"frontendPorts\":
        [\r\n      {\r\n        \"name\": \"appGatewayFrontendPort\",\r\n        \"id\":
        \"/subscriptions/00000000-0000-0000-0000-000000000000/resourceGroups/cli_test_ag_auth_cert000001/providers/Microsoft.Network/applicationGateways/ag1/frontendPorts/appGatewayFrontendPort\",\r\n
        \       \"etag\": \"W/\\\"c79bafac-ee89-4488-9483-6d8dfc0a412a\\\"\",\r\n
        \       \"properties\": {\r\n          \"provisioningState\": \"Updating\",\r\n
        \         \"port\": 80,\r\n          \"httpListeners\": [\r\n            {\r\n
        \             \"id\": \"/subscriptions/00000000-0000-0000-0000-000000000000/resourceGroups/cli_test_ag_auth_cert000001/providers/Microsoft.Network/applicationGateways/ag1/httpListeners/appGatewayHttpListener\"\r\n
        \           }\r\n          ]\r\n        },\r\n        \"type\": \"Microsoft.Network/applicationGateways/frontendPorts\"\r\n
        \     }\r\n    ],\r\n    \"backendAddressPools\": [\r\n      {\r\n        \"name\":
        \"appGatewayBackendPool\",\r\n        \"id\": \"/subscriptions/00000000-0000-0000-0000-000000000000/resourceGroups/cli_test_ag_auth_cert000001/providers/Microsoft.Network/applicationGateways/ag1/backendAddressPools/appGatewayBackendPool\",\r\n
        \       \"etag\": \"W/\\\"c79bafac-ee89-4488-9483-6d8dfc0a412a\\\"\",\r\n
        \       \"properties\": {\r\n          \"provisioningState\": \"Updating\",\r\n
        \         \"backendAddresses\": [],\r\n          \"requestRoutingRules\":
        [\r\n            {\r\n              \"id\": \"/subscriptions/00000000-0000-0000-0000-000000000000/resourceGroups/cli_test_ag_auth_cert000001/providers/Microsoft.Network/applicationGateways/ag1/requestRoutingRules/rule1\"\r\n
        \           }\r\n          ]\r\n        },\r\n        \"type\": \"Microsoft.Network/applicationGateways/backendAddressPools\"\r\n
        \     }\r\n    ],\r\n    \"backendHttpSettingsCollection\": [\r\n      {\r\n
        \       \"name\": \"appGatewayBackendHttpSettings\",\r\n        \"id\": \"/subscriptions/00000000-0000-0000-0000-000000000000/resourceGroups/cli_test_ag_auth_cert000001/providers/Microsoft.Network/applicationGateways/ag1/backendHttpSettingsCollection/appGatewayBackendHttpSettings\",\r\n
        \       \"etag\": \"W/\\\"c79bafac-ee89-4488-9483-6d8dfc0a412a\\\"\",\r\n
        \       \"properties\": {\r\n          \"provisioningState\": \"Updating\",\r\n
        \         \"port\": 80,\r\n          \"protocol\": \"Http\",\r\n          \"cookieBasedAffinity\":
        \"Disabled\",\r\n          \"connectionDraining\": {\r\n            \"enabled\":
        false,\r\n            \"drainTimeoutInSec\": 1\r\n          },\r\n          \"pickHostNameFromBackendAddress\":
        false,\r\n          \"requestTimeout\": 30,\r\n          \"requestRoutingRules\":
        [\r\n            {\r\n              \"id\": \"/subscriptions/00000000-0000-0000-0000-000000000000/resourceGroups/cli_test_ag_auth_cert000001/providers/Microsoft.Network/applicationGateways/ag1/requestRoutingRules/rule1\"\r\n
        \           }\r\n          ]\r\n        },\r\n        \"type\": \"Microsoft.Network/applicationGateways/backendHttpSettingsCollection\"\r\n
        \     },\r\n      {\r\n        \"name\": \"https_settings\",\r\n        \"id\":
        \"/subscriptions/00000000-0000-0000-0000-000000000000/resourceGroups/cli_test_ag_auth_cert000001/providers/Microsoft.Network/applicationGateways/ag1/backendHttpSettingsCollection/https_settings\",\r\n
        \       \"etag\": \"W/\\\"c79bafac-ee89-4488-9483-6d8dfc0a412a\\\"\",\r\n
        \       \"properties\": {\r\n          \"provisioningState\": \"Updating\",\r\n
        \         \"port\": 443,\r\n          \"protocol\": \"Https\",\r\n          \"cookieBasedAffinity\":
        \"Disabled\",\r\n          \"connectionDraining\": {\r\n            \"enabled\":
        false,\r\n            \"drainTimeoutInSec\": 1\r\n          },\r\n          \"pickHostNameFromBackendAddress\":
        false,\r\n          \"requestTimeout\": 30,\r\n          \"authenticationCertificates\":
        [\r\n            {\r\n              \"id\": \"/subscriptions/00000000-0000-0000-0000-000000000000/resourceGroups/cli_test_ag_auth_cert000001/providers/Microsoft.Network/applicationGateways/ag1/authenticationCertificates/cert2\"\r\n
        \           },\r\n            {\r\n              \"id\": \"/subscriptions/00000000-0000-0000-0000-000000000000/resourceGroups/cli_test_ag_auth_cert000001/providers/Microsoft.Network/applicationGateways/ag1/authenticationCertificates/cert1\"\r\n
        \           }\r\n          ]\r\n        },\r\n        \"type\": \"Microsoft.Network/applicationGateways/backendHttpSettingsCollection\"\r\n
        \     }\r\n    ],\r\n    \"httpListeners\": [\r\n      {\r\n        \"name\":
        \"appGatewayHttpListener\",\r\n        \"id\": \"/subscriptions/00000000-0000-0000-0000-000000000000/resourceGroups/cli_test_ag_auth_cert000001/providers/Microsoft.Network/applicationGateways/ag1/httpListeners/appGatewayHttpListener\",\r\n
        \       \"etag\": \"W/\\\"c79bafac-ee89-4488-9483-6d8dfc0a412a\\\"\",\r\n
        \       \"properties\": {\r\n          \"provisioningState\": \"Updating\",\r\n
        \         \"frontendIPConfiguration\": {\r\n            \"id\": \"/subscriptions/00000000-0000-0000-0000-000000000000/resourceGroups/cli_test_ag_auth_cert000001/providers/Microsoft.Network/applicationGateways/ag1/frontendIPConfigurations/appGatewayPrivateFrontendIP\"\r\n
        \         },\r\n          \"frontendPort\": {\r\n            \"id\": \"/subscriptions/00000000-0000-0000-0000-000000000000/resourceGroups/cli_test_ag_auth_cert000001/providers/Microsoft.Network/applicationGateways/ag1/frontendPorts/appGatewayFrontendPort\"\r\n
        \         },\r\n          \"protocol\": \"Http\",\r\n          \"hostNames\":
        [],\r\n          \"requireServerNameIndication\": false,\r\n          \"requestRoutingRules\":
        [\r\n            {\r\n              \"id\": \"/subscriptions/00000000-0000-0000-0000-000000000000/resourceGroups/cli_test_ag_auth_cert000001/providers/Microsoft.Network/applicationGateways/ag1/requestRoutingRules/rule1\"\r\n
        \           }\r\n          ]\r\n        },\r\n        \"type\": \"Microsoft.Network/applicationGateways/httpListeners\"\r\n
        \     }\r\n    ],\r\n    \"urlPathMaps\": [],\r\n    \"requestRoutingRules\":
        [\r\n      {\r\n        \"name\": \"rule1\",\r\n        \"id\": \"/subscriptions/00000000-0000-0000-0000-000000000000/resourceGroups/cli_test_ag_auth_cert000001/providers/Microsoft.Network/applicationGateways/ag1/requestRoutingRules/rule1\",\r\n
        \       \"etag\": \"W/\\\"c79bafac-ee89-4488-9483-6d8dfc0a412a\\\"\",\r\n
        \       \"properties\": {\r\n          \"provisioningState\": \"Updating\",\r\n
        \         \"ruleType\": \"Basic\",\r\n          \"httpListener\": {\r\n            \"id\":
        \"/subscriptions/00000000-0000-0000-0000-000000000000/resourceGroups/cli_test_ag_auth_cert000001/providers/Microsoft.Network/applicationGateways/ag1/httpListeners/appGatewayHttpListener\"\r\n
        \         },\r\n          \"backendAddressPool\": {\r\n            \"id\":
        \"/subscriptions/00000000-0000-0000-0000-000000000000/resourceGroups/cli_test_ag_auth_cert000001/providers/Microsoft.Network/applicationGateways/ag1/backendAddressPools/appGatewayBackendPool\"\r\n
        \         },\r\n          \"backendHttpSettings\": {\r\n            \"id\":
        \"/subscriptions/00000000-0000-0000-0000-000000000000/resourceGroups/cli_test_ag_auth_cert000001/providers/Microsoft.Network/applicationGateways/ag1/backendHttpSettingsCollection/appGatewayBackendHttpSettings\"\r\n
        \         }\r\n        },\r\n        \"type\": \"Microsoft.Network/applicationGateways/requestRoutingRules\"\r\n
        \     }\r\n    ],\r\n    \"probes\": [],\r\n    \"rewriteRuleSets\": [],\r\n
        \   \"redirectConfigurations\": []\r\n  }\r\n}"
    headers:
      cache-control:
      - no-cache
      content-length:
      - '13569'
      content-type:
      - application/json; charset=utf-8
      date:
      - Wed, 16 Dec 2020 05:41:02 GMT
      etag:
      - W/"c79bafac-ee89-4488-9483-6d8dfc0a412a"
      expires:
      - '-1'
      pragma:
      - no-cache
      server:
      - Microsoft-HTTPAPI/2.0
      - Microsoft-HTTPAPI/2.0
      strict-transport-security:
      - max-age=31536000; includeSubDomains
      transfer-encoding:
      - chunked
      vary:
      - Accept-Encoding
      x-content-type-options:
      - nosniff
      x-ms-arm-service-request-id:
      - 46a87a6d-e77a-4aac-8402-868649d5d272
    status:
      code: 200
      message: OK
version: 1
