interactions:
- request:
    body: null
    headers:
      Accept:
      - application/json
      Accept-Encoding:
      - gzip, deflate
      CommandName:
      - network lb create
      Connection:
      - keep-alive
      ParameterSetName:
      - -n -g
      User-Agent:
      - python/3.7.4 (Linux-4.15.0-122-generic-x86_64-with-debian-buster-sid) msrest/0.6.18
        msrest_azure/0.6.3 azure-mgmt-resource/10.2.0 Azure-SDK-For-Python AZURECLI/2.14.1
      accept-language:
      - en-US
    method: GET
    uri: https://management.azure.com/subscriptions/00000000-0000-0000-0000-000000000000/resourcegroups/cli_test_load_balancer000001?api-version=2020-06-01
  response:
    body:
      string: '{"id":"/subscriptions/00000000-0000-0000-0000-000000000000/resourceGroups/cli_test_load_balancer000001","name":"cli_test_load_balancer000001","type":"Microsoft.Resources/resourceGroups","location":"westus","tags":{"product":"azurecli","cause":"automation","date":"2020-11-12T07:35:57Z"},"properties":{"provisioningState":"Succeeded"}}'
    headers:
      cache-control:
      - no-cache
      content-length:
      - '428'
      content-type:
      - application/json; charset=utf-8
      date:
      - Thu, 12 Nov 2020 07:36:02 GMT
      expires:
      - '-1'
      pragma:
      - no-cache
      strict-transport-security:
      - max-age=31536000; includeSubDomains
      vary:
      - Accept-Encoding
      x-content-type-options:
      - nosniff
    status:
      code: 200
      message: OK
- request:
    body: null
    headers:
      Accept:
      - application/json
      Accept-Encoding:
      - gzip, deflate
      CommandName:
      - network lb create
      Connection:
      - keep-alive
      ParameterSetName:
      - -n -g
      User-Agent:
      - python/3.7.4 (Linux-4.15.0-122-generic-x86_64-with-debian-buster-sid) msrest/0.6.18
        msrest_azure/0.6.3 azure-mgmt-resource/10.2.0 Azure-SDK-For-Python AZURECLI/2.14.1
      accept-language:
      - en-US
    method: GET
    uri: https://management.azure.com/subscriptions/00000000-0000-0000-0000-000000000000/resources?$filter=resourceGroup%20eq%20%27cli_test_load_balancer000001%27%20and%20name%20eq%20%27None%27%20and%20resourceType%20eq%20%27Microsoft.Network%2FpublicIPAddresses%27&api-version=2020-06-01
  response:
    body:
      string: '{"value":[]}'
    headers:
      cache-control:
      - no-cache
      content-length:
      - '12'
      content-type:
      - application/json; charset=utf-8
      date:
      - Thu, 12 Nov 2020 07:36:02 GMT
      expires:
      - '-1'
      pragma:
      - no-cache
      strict-transport-security:
      - max-age=31536000; includeSubDomains
      vary:
      - Accept-Encoding
      x-content-type-options:
      - nosniff
    status:
      code: 200
      message: OK
- request:
    body: '{"properties": {"template": {"$schema": "https://schema.management.azure.com/schemas/2015-01-01/deploymentTemplate.json#",
      "contentVersion": "1.0.0.0", "parameters": {}, "variables": {}, "resources":
      [{"apiVersion": "2020-06-01", "type": "Microsoft.Network/publicIPAddresses",
      "name": "PublicIPlb1", "location": "westus", "tags": {}, "dependsOn": [], "properties":
      {"publicIPAllocationMethod": "Dynamic"}, "sku": {"name": "Basic"}}, {"type":
      "Microsoft.Network/loadBalancers", "name": "lb1", "location": "westus", "tags":
      {}, "apiVersion": "2020-06-01", "dependsOn": ["Microsoft.Network/publicIpAddresses/PublicIPlb1"],
      "properties": {"backendAddressPools": [{"name": "lb1bepool"}], "frontendIPConfigurations":
      [{"name": "LoadBalancerFrontEnd", "properties": {"publicIPAddress": {"id": "/subscriptions/00000000-0000-0000-0000-000000000000/resourceGroups/cli_test_load_balancer000001/providers/Microsoft.Network/publicIPAddresses/PublicIPlb1"},
      "privateIPAddressVersion": "IPv4"}}]}, "sku": {"name": "Basic"}}], "outputs":
      {"loadBalancer": {"type": "object", "value": "[reference(''lb1'')]"}}}, "parameters":
      {}, "mode": "Incremental"}}'
    headers:
      Accept:
      - application/json
      Accept-Encoding:
      - gzip, deflate
      CommandName:
      - network lb create
      Connection:
      - keep-alive
      Content-Length:
      - '1180'
      Content-Type:
      - application/json; charset=utf-8
      ParameterSetName:
      - -n -g
      User-Agent:
      - python/3.7.4 (Linux-4.15.0-122-generic-x86_64-with-debian-buster-sid) msrest/0.6.18
        msrest_azure/0.6.3 azure-mgmt-resource/10.2.0 Azure-SDK-For-Python AZURECLI/2.14.1
      accept-language:
      - en-US
    method: PUT
    uri: https://management.azure.com/subscriptions/00000000-0000-0000-0000-000000000000/resourcegroups/cli_test_load_balancer000001/providers/Microsoft.Resources/deployments/mock-deployment?api-version=2020-06-01
  response:
    body:
      string: '{"id":"/subscriptions/00000000-0000-0000-0000-000000000000/resourceGroups/cli_test_load_balancer000001/providers/Microsoft.Resources/deployments/lb_deploy_AONbZXoWrIOZ8PJhimkWsqsLidZVMAtS","name":"lb_deploy_AONbZXoWrIOZ8PJhimkWsqsLidZVMAtS","type":"Microsoft.Resources/deployments","properties":{"templateHash":"9233126540032312579","parameters":{},"mode":"Incremental","provisioningState":"Accepted","timestamp":"2020-11-12T07:36:07.2244735Z","duration":"PT2.2601184S","correlationId":"d120d76c-024a-49fd-b85a-eeba47316ed6","providers":[{"namespace":"Microsoft.Network","resourceTypes":[{"resourceType":"publicIPAddresses","locations":["westus"]},{"resourceType":"loadBalancers","locations":["westus"]}]}],"dependencies":[{"dependsOn":[{"id":"/subscriptions/00000000-0000-0000-0000-000000000000/resourceGroups/cli_test_load_balancer000001/providers/Microsoft.Network/publicIPAddresses/PublicIPlb1","resourceType":"Microsoft.Network/publicIPAddresses","resourceName":"PublicIPlb1"}],"id":"/subscriptions/00000000-0000-0000-0000-000000000000/resourceGroups/cli_test_load_balancer000001/providers/Microsoft.Network/loadBalancers/lb1","resourceType":"Microsoft.Network/loadBalancers","resourceName":"lb1"}]}}'
    headers:
      azure-asyncoperation:
      - https://management.azure.com/subscriptions/00000000-0000-0000-0000-000000000000/resourcegroups/cli_test_load_balancer000001/providers/Microsoft.Resources/deployments/lb_deploy_AONbZXoWrIOZ8PJhimkWsqsLidZVMAtS/operationStatuses/08585964403205132639?api-version=2020-06-01
      cache-control:
      - no-cache
      content-length:
      - '1346'
      content-type:
      - application/json; charset=utf-8
      date:
      - Thu, 12 Nov 2020 07:36:08 GMT
      expires:
      - '-1'
      pragma:
      - no-cache
      strict-transport-security:
      - max-age=31536000; includeSubDomains
      x-content-type-options:
      - nosniff
      x-ms-ratelimit-remaining-subscription-writes:
      - '1194'
    status:
      code: 201
      message: Created
- request:
    body: null
    headers:
      Accept:
      - application/json
      Accept-Encoding:
      - gzip, deflate
      CommandName:
      - network lb create
      Connection:
      - keep-alive
      ParameterSetName:
      - -n -g
      User-Agent:
      - python/3.7.4 (Linux-4.15.0-122-generic-x86_64-with-debian-buster-sid) msrest/0.6.18
        msrest_azure/0.6.3 azure-mgmt-resource/10.2.0 Azure-SDK-For-Python AZURECLI/2.14.1
    method: GET
    uri: https://management.azure.com/subscriptions/00000000-0000-0000-0000-000000000000/resourcegroups/cli_test_load_balancer000001/providers/Microsoft.Resources/deployments/mock-deployment/operationStatuses/08585964403205132639?api-version=2020-06-01
  response:
    body:
      string: '{"status":"Succeeded"}'
    headers:
      cache-control:
      - no-cache
      content-length:
      - '22'
      content-type:
      - application/json; charset=utf-8
      date:
      - Thu, 12 Nov 2020 07:36:38 GMT
      expires:
      - '-1'
      pragma:
      - no-cache
      strict-transport-security:
      - max-age=31536000; includeSubDomains
      vary:
      - Accept-Encoding
      x-content-type-options:
      - nosniff
    status:
      code: 200
      message: OK
- request:
    body: null
    headers:
      Accept:
      - application/json
      Accept-Encoding:
      - gzip, deflate
      CommandName:
      - network lb create
      Connection:
      - keep-alive
      ParameterSetName:
      - -n -g
      User-Agent:
      - python/3.7.4 (Linux-4.15.0-122-generic-x86_64-with-debian-buster-sid) msrest/0.6.18
        msrest_azure/0.6.3 azure-mgmt-resource/10.2.0 Azure-SDK-For-Python AZURECLI/2.14.1
    method: GET
    uri: https://management.azure.com/subscriptions/00000000-0000-0000-0000-000000000000/resourcegroups/cli_test_load_balancer000001/providers/Microsoft.Resources/deployments/mock-deployment?api-version=2020-06-01
  response:
    body:
      string: '{"id":"/subscriptions/00000000-0000-0000-0000-000000000000/resourceGroups/cli_test_load_balancer000001/providers/Microsoft.Resources/deployments/lb_deploy_AONbZXoWrIOZ8PJhimkWsqsLidZVMAtS","name":"lb_deploy_AONbZXoWrIOZ8PJhimkWsqsLidZVMAtS","type":"Microsoft.Resources/deployments","properties":{"templateHash":"9233126540032312579","parameters":{},"mode":"Incremental","provisioningState":"Succeeded","timestamp":"2020-11-12T07:36:29.6853103Z","duration":"PT24.7209552S","correlationId":"d120d76c-024a-49fd-b85a-eeba47316ed6","providers":[{"namespace":"Microsoft.Network","resourceTypes":[{"resourceType":"publicIPAddresses","locations":["westus"]},{"resourceType":"loadBalancers","locations":["westus"]}]}],"dependencies":[{"dependsOn":[{"id":"/subscriptions/00000000-0000-0000-0000-000000000000/resourceGroups/cli_test_load_balancer000001/providers/Microsoft.Network/publicIPAddresses/PublicIPlb1","resourceType":"Microsoft.Network/publicIPAddresses","resourceName":"PublicIPlb1"}],"id":"/subscriptions/00000000-0000-0000-0000-000000000000/resourceGroups/cli_test_load_balancer000001/providers/Microsoft.Network/loadBalancers/lb1","resourceType":"Microsoft.Network/loadBalancers","resourceName":"lb1"}],"outputs":{"loadBalancer":{"type":"Object","value":{"provisioningState":"Succeeded","resourceGuid":"01cbcee8-3ace-411a-8b80-63a374d35ec5","frontendIPConfigurations":[{"name":"LoadBalancerFrontEnd","id":"/subscriptions/00000000-0000-0000-0000-000000000000/resourceGroups/cli_test_load_balancer000001/providers/Microsoft.Network/loadBalancers/lb1/frontendIPConfigurations/LoadBalancerFrontEnd","etag":"W/\"6bba9040-2da9-4626-8186-fd0ba6e1613f\"","type":"Microsoft.Network/loadBalancers/frontendIPConfigurations","properties":{"provisioningState":"Succeeded","privateIPAllocationMethod":"Dynamic","publicIPAddress":{"id":"/subscriptions/00000000-0000-0000-0000-000000000000/resourceGroups/cli_test_load_balancer000001/providers/Microsoft.Network/publicIPAddresses/PublicIPlb1"},"privateIPAddressVersion":"IPv4"}}],"backendAddressPools":[{"name":"lb1bepool","id":"/subscriptions/00000000-0000-0000-0000-000000000000/resourceGroups/cli_test_load_balancer000001/providers/Microsoft.Network/loadBalancers/lb1/backendAddressPools/lb1bepool","etag":"W/\"6bba9040-2da9-4626-8186-fd0ba6e1613f\"","properties":{"provisioningState":"Succeeded"},"type":"Microsoft.Network/loadBalancers/backendAddressPools"}],"loadBalancingRules":[],"probes":[],"inboundNatRules":[],"inboundNatPools":[]}}},"outputResources":[{"id":"/subscriptions/00000000-0000-0000-0000-000000000000/resourceGroups/cli_test_load_balancer000001/providers/Microsoft.Network/loadBalancers/lb1"},{"id":"/subscriptions/00000000-0000-0000-0000-000000000000/resourceGroups/cli_test_load_balancer000001/providers/Microsoft.Network/publicIPAddresses/PublicIPlb1"}]}}'
    headers:
      cache-control:
      - no-cache
      content-length:
      - '3193'
      content-type:
      - application/json; charset=utf-8
      date:
      - Thu, 12 Nov 2020 07:36:39 GMT
      expires:
      - '-1'
      pragma:
      - no-cache
      strict-transport-security:
      - max-age=31536000; includeSubDomains
      vary:
      - Accept-Encoding
      x-content-type-options:
      - nosniff
    status:
      code: 200
      message: OK
- request:
    body: null
    headers:
      Accept:
      - application/json
      Accept-Encoding:
      - gzip, deflate
      CommandName:
      - network lb create
      Connection:
      - keep-alive
      ParameterSetName:
      - -n -g --public-ip-address-allocation --tags
      User-Agent:
      - python/3.7.4 (Linux-4.15.0-122-generic-x86_64-with-debian-buster-sid) msrest/0.6.18
        msrest_azure/0.6.3 azure-mgmt-resource/10.2.0 Azure-SDK-For-Python AZURECLI/2.14.1
      accept-language:
      - en-US
    method: GET
    uri: https://management.azure.com/subscriptions/00000000-0000-0000-0000-000000000000/resourcegroups/cli_test_load_balancer000001?api-version=2020-06-01
  response:
    body:
      string: '{"id":"/subscriptions/00000000-0000-0000-0000-000000000000/resourceGroups/cli_test_load_balancer000001","name":"cli_test_load_balancer000001","type":"Microsoft.Resources/resourceGroups","location":"westus","tags":{"product":"azurecli","cause":"automation","date":"2020-11-12T07:35:57Z"},"properties":{"provisioningState":"Succeeded"}}'
    headers:
      cache-control:
      - no-cache
      content-length:
      - '428'
      content-type:
      - application/json; charset=utf-8
      date:
      - Thu, 12 Nov 2020 07:36:41 GMT
      expires:
      - '-1'
      pragma:
      - no-cache
      strict-transport-security:
      - max-age=31536000; includeSubDomains
      vary:
      - Accept-Encoding
      x-content-type-options:
      - nosniff
    status:
      code: 200
      message: OK
- request:
    body: null
    headers:
      Accept:
      - application/json
      Accept-Encoding:
      - gzip, deflate
      CommandName:
      - network lb create
      Connection:
      - keep-alive
      ParameterSetName:
      - -n -g --public-ip-address-allocation --tags
      User-Agent:
      - python/3.7.4 (Linux-4.15.0-122-generic-x86_64-with-debian-buster-sid) msrest/0.6.18
        msrest_azure/0.6.3 azure-mgmt-resource/10.2.0 Azure-SDK-For-Python AZURECLI/2.14.1
      accept-language:
      - en-US
    method: GET
    uri: https://management.azure.com/subscriptions/00000000-0000-0000-0000-000000000000/resources?$filter=resourceGroup%20eq%20%27cli_test_load_balancer000001%27%20and%20name%20eq%20%27None%27%20and%20resourceType%20eq%20%27Microsoft.Network%2FpublicIPAddresses%27&api-version=2020-06-01
  response:
    body:
      string: '{"value":[]}'
    headers:
      cache-control:
      - no-cache
      content-length:
      - '12'
      content-type:
      - application/json; charset=utf-8
      date:
      - Thu, 12 Nov 2020 07:36:40 GMT
      expires:
      - '-1'
      pragma:
      - no-cache
      strict-transport-security:
      - max-age=31536000; includeSubDomains
      vary:
      - Accept-Encoding
      x-content-type-options:
      - nosniff
    status:
      code: 200
      message: OK
- request:
    body: '{"properties": {"template": {"$schema": "https://schema.management.azure.com/schemas/2015-01-01/deploymentTemplate.json#",
      "contentVersion": "1.0.0.0", "parameters": {}, "variables": {}, "resources":
      [{"apiVersion": "2020-06-01", "type": "Microsoft.Network/publicIPAddresses",
      "name": "PublicIPlb2", "location": "westus", "tags": {"foo": "doo"}, "dependsOn":
      [], "properties": {"publicIPAllocationMethod": "Static"}, "sku": {"name": "Basic"}},
      {"type": "Microsoft.Network/loadBalancers", "name": "lb2", "location": "westus",
      "tags": {"foo": "doo"}, "apiVersion": "2020-06-01", "dependsOn": ["Microsoft.Network/publicIpAddresses/PublicIPlb2"],
      "properties": {"backendAddressPools": [{"name": "lb2bepool"}], "frontendIPConfigurations":
      [{"name": "LoadBalancerFrontEnd", "properties": {"publicIPAddress": {"id": "/subscriptions/00000000-0000-0000-0000-000000000000/resourceGroups/cli_test_load_balancer000001/providers/Microsoft.Network/publicIPAddresses/PublicIPlb2"},
      "privateIPAddressVersion": "IPv4"}}]}, "sku": {"name": "Basic"}}], "outputs":
      {"loadBalancer": {"type": "object", "value": "[reference(''lb2'')]"}}}, "parameters":
      {}, "mode": "Incremental"}}'
    headers:
      Accept:
      - application/json
      Accept-Encoding:
      - gzip, deflate
      CommandName:
      - network lb create
      Connection:
      - keep-alive
      Content-Length:
      - '1203'
      Content-Type:
      - application/json; charset=utf-8
      ParameterSetName:
      - -n -g --public-ip-address-allocation --tags
      User-Agent:
      - python/3.7.4 (Linux-4.15.0-122-generic-x86_64-with-debian-buster-sid) msrest/0.6.18
        msrest_azure/0.6.3 azure-mgmt-resource/10.2.0 Azure-SDK-For-Python AZURECLI/2.14.1
      accept-language:
      - en-US
    method: PUT
    uri: https://management.azure.com/subscriptions/00000000-0000-0000-0000-000000000000/resourcegroups/cli_test_load_balancer000001/providers/Microsoft.Resources/deployments/mock-deployment?api-version=2020-06-01
  response:
    body:
      string: '{"id":"/subscriptions/00000000-0000-0000-0000-000000000000/resourceGroups/cli_test_load_balancer000001/providers/Microsoft.Resources/deployments/lb_deploy_cOnyAfcQiPIM3sEPEQhAAamBxmL6ZjOj","name":"lb_deploy_cOnyAfcQiPIM3sEPEQhAAamBxmL6ZjOj","type":"Microsoft.Resources/deployments","properties":{"templateHash":"1070117374080345301","parameters":{},"mode":"Incremental","provisioningState":"Accepted","timestamp":"2020-11-12T07:36:44.7260022Z","duration":"PT1.1357085S","correlationId":"8851efd8-6150-4603-87be-3e491790db58","providers":[{"namespace":"Microsoft.Network","resourceTypes":[{"resourceType":"publicIPAddresses","locations":["westus"]},{"resourceType":"loadBalancers","locations":["westus"]}]}],"dependencies":[{"dependsOn":[{"id":"/subscriptions/00000000-0000-0000-0000-000000000000/resourceGroups/cli_test_load_balancer000001/providers/Microsoft.Network/publicIPAddresses/PublicIPlb2","resourceType":"Microsoft.Network/publicIPAddresses","resourceName":"PublicIPlb2"}],"id":"/subscriptions/00000000-0000-0000-0000-000000000000/resourceGroups/cli_test_load_balancer000001/providers/Microsoft.Network/loadBalancers/lb2","resourceType":"Microsoft.Network/loadBalancers","resourceName":"lb2"}]}}'
    headers:
      azure-asyncoperation:
      - https://management.azure.com/subscriptions/00000000-0000-0000-0000-000000000000/resourcegroups/cli_test_load_balancer000001/providers/Microsoft.Resources/deployments/lb_deploy_cOnyAfcQiPIM3sEPEQhAAamBxmL6ZjOj/operationStatuses/08585964402818873254?api-version=2020-06-01
      cache-control:
      - no-cache
      content-length:
      - '1346'
      content-type:
      - application/json; charset=utf-8
      date:
      - Thu, 12 Nov 2020 07:36:45 GMT
      expires:
      - '-1'
      pragma:
      - no-cache
      strict-transport-security:
      - max-age=31536000; includeSubDomains
      x-content-type-options:
      - nosniff
      x-ms-ratelimit-remaining-subscription-writes:
      - '1193'
    status:
      code: 201
      message: Created
- request:
    body: null
    headers:
      Accept:
      - application/json
      Accept-Encoding:
      - gzip, deflate
      CommandName:
      - network lb create
      Connection:
      - keep-alive
      ParameterSetName:
      - -n -g --public-ip-address-allocation --tags
      User-Agent:
      - python/3.7.4 (Linux-4.15.0-122-generic-x86_64-with-debian-buster-sid) msrest/0.6.18
        msrest_azure/0.6.3 azure-mgmt-resource/10.2.0 Azure-SDK-For-Python AZURECLI/2.14.1
    method: GET
    uri: https://management.azure.com/subscriptions/00000000-0000-0000-0000-000000000000/resourcegroups/cli_test_load_balancer000001/providers/Microsoft.Resources/deployments/mock-deployment/operationStatuses/08585964402818873254?api-version=2020-06-01
  response:
    body:
      string: '{"status":"Succeeded"}'
    headers:
      cache-control:
      - no-cache
      content-length:
      - '22'
      content-type:
      - application/json; charset=utf-8
      date:
      - Thu, 12 Nov 2020 07:37:15 GMT
      expires:
      - '-1'
      pragma:
      - no-cache
      strict-transport-security:
      - max-age=31536000; includeSubDomains
      vary:
      - Accept-Encoding
      x-content-type-options:
      - nosniff
    status:
      code: 200
      message: OK
- request:
    body: null
    headers:
      Accept:
      - application/json
      Accept-Encoding:
      - gzip, deflate
      CommandName:
      - network lb create
      Connection:
      - keep-alive
      ParameterSetName:
      - -n -g --public-ip-address-allocation --tags
      User-Agent:
      - python/3.7.4 (Linux-4.15.0-122-generic-x86_64-with-debian-buster-sid) msrest/0.6.18
        msrest_azure/0.6.3 azure-mgmt-resource/10.2.0 Azure-SDK-For-Python AZURECLI/2.14.1
    method: GET
    uri: https://management.azure.com/subscriptions/00000000-0000-0000-0000-000000000000/resourcegroups/cli_test_load_balancer000001/providers/Microsoft.Resources/deployments/mock-deployment?api-version=2020-06-01
  response:
    body:
      string: '{"id":"/subscriptions/00000000-0000-0000-0000-000000000000/resourceGroups/cli_test_load_balancer000001/providers/Microsoft.Resources/deployments/lb_deploy_cOnyAfcQiPIM3sEPEQhAAamBxmL6ZjOj","name":"lb_deploy_cOnyAfcQiPIM3sEPEQhAAamBxmL6ZjOj","type":"Microsoft.Resources/deployments","properties":{"templateHash":"1070117374080345301","parameters":{},"mode":"Incremental","provisioningState":"Succeeded","timestamp":"2020-11-12T07:37:15.216387Z","duration":"PT31.6260933S","correlationId":"8851efd8-6150-4603-87be-3e491790db58","providers":[{"namespace":"Microsoft.Network","resourceTypes":[{"resourceType":"publicIPAddresses","locations":["westus"]},{"resourceType":"loadBalancers","locations":["westus"]}]}],"dependencies":[{"dependsOn":[{"id":"/subscriptions/00000000-0000-0000-0000-000000000000/resourceGroups/cli_test_load_balancer000001/providers/Microsoft.Network/publicIPAddresses/PublicIPlb2","resourceType":"Microsoft.Network/publicIPAddresses","resourceName":"PublicIPlb2"}],"id":"/subscriptions/00000000-0000-0000-0000-000000000000/resourceGroups/cli_test_load_balancer000001/providers/Microsoft.Network/loadBalancers/lb2","resourceType":"Microsoft.Network/loadBalancers","resourceName":"lb2"}],"outputs":{"loadBalancer":{"type":"Object","value":{"provisioningState":"Succeeded","resourceGuid":"cec72580-3cc0-4e7e-9a3c-1bd1a2f0884d","frontendIPConfigurations":[{"name":"LoadBalancerFrontEnd","id":"/subscriptions/00000000-0000-0000-0000-000000000000/resourceGroups/cli_test_load_balancer000001/providers/Microsoft.Network/loadBalancers/lb2/frontendIPConfigurations/LoadBalancerFrontEnd","etag":"W/\"94d306dc-74b8-4efd-92c7-f447b9f77e52\"","type":"Microsoft.Network/loadBalancers/frontendIPConfigurations","properties":{"provisioningState":"Succeeded","privateIPAllocationMethod":"Dynamic","publicIPAddress":{"id":"/subscriptions/00000000-0000-0000-0000-000000000000/resourceGroups/cli_test_load_balancer000001/providers/Microsoft.Network/publicIPAddresses/PublicIPlb2"},"privateIPAddressVersion":"IPv4"}}],"backendAddressPools":[{"name":"lb2bepool","id":"/subscriptions/00000000-0000-0000-0000-000000000000/resourceGroups/cli_test_load_balancer000001/providers/Microsoft.Network/loadBalancers/lb2/backendAddressPools/lb2bepool","etag":"W/\"94d306dc-74b8-4efd-92c7-f447b9f77e52\"","properties":{"provisioningState":"Succeeded"},"type":"Microsoft.Network/loadBalancers/backendAddressPools"}],"loadBalancingRules":[],"probes":[],"inboundNatRules":[],"inboundNatPools":[]}}},"outputResources":[{"id":"/subscriptions/00000000-0000-0000-0000-000000000000/resourceGroups/cli_test_load_balancer000001/providers/Microsoft.Network/loadBalancers/lb2"},{"id":"/subscriptions/00000000-0000-0000-0000-000000000000/resourceGroups/cli_test_load_balancer000001/providers/Microsoft.Network/publicIPAddresses/PublicIPlb2"}]}}'
    headers:
      cache-control:
      - no-cache
      content-length:
      - '3192'
      content-type:
      - application/json; charset=utf-8
      date:
      - Thu, 12 Nov 2020 07:37:15 GMT
      expires:
      - '-1'
      pragma:
      - no-cache
      strict-transport-security:
      - max-age=31536000; includeSubDomains
      vary:
      - Accept-Encoding
      x-content-type-options:
      - nosniff
    status:
      code: 200
      message: OK
- request:
    body: null
    headers:
      Accept:
      - application/json
      Accept-Encoding:
      - gzip, deflate
      CommandName:
      - network public-ip show
      Connection:
      - keep-alive
      ParameterSetName:
      - -g -n
      User-Agent:
      - python/3.7.4 (Linux-4.15.0-122-generic-x86_64-with-debian-buster-sid) msrest/0.6.18
        msrest_azure/0.6.3 azure-mgmt-network/12.0.0 Azure-SDK-For-Python AZURECLI/2.14.1
      accept-language:
      - en-US
    method: GET
    uri: https://management.azure.com/subscriptions/00000000-0000-0000-0000-000000000000/resourceGroups/cli_test_load_balancer000001/providers/Microsoft.Network/publicIPAddresses/PublicIPlb2?api-version=2020-06-01
  response:
    body:
      string: "{\r\n  \"name\": \"PublicIPlb2\",\r\n  \"id\": \"/subscriptions/00000000-0000-0000-0000-000000000000/resourceGroups/cli_test_load_balancer000001/providers/Microsoft.Network/publicIPAddresses/PublicIPlb2\"\
        ,\r\n  \"etag\": \"W/\\\"d4549e6c-3f96-4eec-be1e-3738fd8870b9\\\"\",\r\n \
        \ \"location\": \"westus\",\r\n  \"tags\": {\r\n    \"foo\": \"doo\"\r\n \
        \ },\r\n  \"properties\": {\r\n    \"provisioningState\": \"Succeeded\",\r\
        \n    \"resourceGuid\": \"1c6a6c92-2846-4bc8-aa04-fc3ccb0c98cc\",\r\n    \"\
        ipAddress\": \"40.112.251.161\",\r\n    \"publicIPAddressVersion\": \"IPv4\"\
        ,\r\n    \"publicIPAllocationMethod\": \"Static\",\r\n    \"idleTimeoutInMinutes\"\
        : 4,\r\n    \"ipTags\": [],\r\n    \"ipConfiguration\": {\r\n      \"id\"\
        : \"/subscriptions/00000000-0000-0000-0000-000000000000/resourceGroups/cli_test_load_balancer000001/providers/Microsoft.Network/loadBalancers/lb2/frontendIPConfigurations/LoadBalancerFrontEnd\"\
        \r\n    }\r\n  },\r\n  \"type\": \"Microsoft.Network/publicIPAddresses\",\r\
        \n  \"sku\": {\r\n    \"name\": \"Basic\"\r\n  }\r\n}"
    headers:
      cache-control:
      - no-cache
      content-length:
      - '1027'
      content-type:
      - application/json; charset=utf-8
      date:
      - Thu, 12 Nov 2020 07:37:17 GMT
      etag:
      - W/"d4549e6c-3f96-4eec-be1e-3738fd8870b9"
      expires:
      - '-1'
      pragma:
      - no-cache
      server:
      - Microsoft-HTTPAPI/2.0
      - Microsoft-HTTPAPI/2.0
      strict-transport-security:
      - max-age=31536000; includeSubDomains
      transfer-encoding:
      - chunked
      vary:
      - Accept-Encoding
      x-content-type-options:
      - nosniff
      x-ms-arm-service-request-id:
      - d13a5796-3760-4ef5-a419-e37857702421
    status:
      code: 200
      message: OK
- request:
    body: null
    headers:
      Accept:
      - application/json
      Accept-Encoding:
      - gzip, deflate
      CommandName:
      - network vnet create
      Connection:
      - keep-alive
      ParameterSetName:
      - -n -g --subnet-name
      User-Agent:
      - python/3.7.4 (Linux-4.15.0-122-generic-x86_64-with-debian-buster-sid) msrest/0.6.18
        msrest_azure/0.6.3 azure-mgmt-resource/10.2.0 Azure-SDK-For-Python AZURECLI/2.14.1
      accept-language:
      - en-US
    method: GET
    uri: https://management.azure.com/subscriptions/00000000-0000-0000-0000-000000000000/resourcegroups/cli_test_load_balancer000001?api-version=2020-06-01
  response:
    body:
      string: '{"id":"/subscriptions/00000000-0000-0000-0000-000000000000/resourceGroups/cli_test_load_balancer000001","name":"cli_test_load_balancer000001","type":"Microsoft.Resources/resourceGroups","location":"westus","tags":{"product":"azurecli","cause":"automation","date":"2020-11-12T07:35:57Z"},"properties":{"provisioningState":"Succeeded"}}'
    headers:
      cache-control:
      - no-cache
      content-length:
      - '428'
      content-type:
      - application/json; charset=utf-8
      date:
      - Thu, 12 Nov 2020 07:37:18 GMT
      expires:
      - '-1'
      pragma:
      - no-cache
      strict-transport-security:
      - max-age=31536000; includeSubDomains
      vary:
      - Accept-Encoding
      x-content-type-options:
      - nosniff
    status:
      code: 200
      message: OK
- request:
    body: '{"location": "westus", "tags": {}, "properties": {"addressSpace": {"addressPrefixes":
      ["10.0.0.0/16"]}, "dhcpOptions": {}, "subnets": [{"properties": {"addressPrefix":
      "10.0.0.0/24"}, "name": "default"}]}}'
    headers:
      Accept:
      - application/json
      Accept-Encoding:
      - gzip, deflate
      CommandName:
      - network vnet create
      Connection:
      - keep-alive
      Content-Length:
      - '205'
      Content-Type:
      - application/json; charset=utf-8
      ParameterSetName:
      - -n -g --subnet-name
      User-Agent:
      - python/3.7.4 (Linux-4.15.0-122-generic-x86_64-with-debian-buster-sid) msrest/0.6.18
        msrest_azure/0.6.3 azure-mgmt-network/12.0.0 Azure-SDK-For-Python AZURECLI/2.14.1
      accept-language:
      - en-US
    method: PUT
    uri: https://management.azure.com/subscriptions/00000000-0000-0000-0000-000000000000/resourceGroups/cli_test_load_balancer000001/providers/Microsoft.Network/virtualNetworks/mytestvnet?api-version=2020-06-01
  response:
    body:
      string: "{\r\n  \"name\": \"mytestvnet\",\r\n  \"id\": \"/subscriptions/00000000-0000-0000-0000-000000000000/resourceGroups/cli_test_load_balancer000001/providers/Microsoft.Network/virtualNetworks/mytestvnet\"\
        ,\r\n  \"etag\": \"W/\\\"4aa4f75b-3e45-4904-8fe1-58511eb7023d\\\"\",\r\n \
        \ \"type\": \"Microsoft.Network/virtualNetworks\",\r\n  \"location\": \"westus\"\
        ,\r\n  \"tags\": {},\r\n  \"properties\": {\r\n    \"provisioningState\":\
        \ \"Updating\",\r\n    \"resourceGuid\": \"caaa0232-77a5-4197-a57d-751b71f4176f\"\
        ,\r\n    \"addressSpace\": {\r\n      \"addressPrefixes\": [\r\n        \"\
        10.0.0.0/16\"\r\n      ]\r\n    },\r\n    \"dhcpOptions\": {\r\n      \"dnsServers\"\
        : []\r\n    },\r\n    \"subnets\": [\r\n      {\r\n        \"name\": \"default\"\
        ,\r\n        \"id\": \"/subscriptions/00000000-0000-0000-0000-000000000000/resourceGroups/cli_test_load_balancer000001/providers/Microsoft.Network/virtualNetworks/mytestvnet/subnets/default\"\
        ,\r\n        \"etag\": \"W/\\\"4aa4f75b-3e45-4904-8fe1-58511eb7023d\\\"\"\
        ,\r\n        \"properties\": {\r\n          \"provisioningState\": \"Updating\"\
        ,\r\n          \"addressPrefix\": \"10.0.0.0/24\",\r\n          \"delegations\"\
        : [],\r\n          \"privateEndpointNetworkPolicies\": \"Enabled\",\r\n  \
        \        \"privateLinkServiceNetworkPolicies\": \"Enabled\"\r\n        },\r\
        \n        \"type\": \"Microsoft.Network/virtualNetworks/subnets\"\r\n    \
        \  }\r\n    ],\r\n    \"virtualNetworkPeerings\": [],\r\n    \"enableDdosProtection\"\
        : false,\r\n    \"enableVmProtection\": false\r\n  }\r\n}"
    headers:
      azure-asyncnotification:
      - Enabled
      azure-asyncoperation:
      - https://management.azure.com/subscriptions/00000000-0000-0000-0000-000000000000/providers/Microsoft.Network/locations/westus/operations/50326ca0-05b0-4296-9b7a-bd372e3a9db7?api-version=2020-06-01
      cache-control:
      - no-cache
      content-length:
      - '1452'
      content-type:
      - application/json; charset=utf-8
      date:
      - Thu, 12 Nov 2020 07:37:25 GMT
      expires:
      - '-1'
      pragma:
      - no-cache
      server:
      - Microsoft-HTTPAPI/2.0
      - Microsoft-HTTPAPI/2.0
      strict-transport-security:
      - max-age=31536000; includeSubDomains
      x-content-type-options:
      - nosniff
      x-ms-arm-service-request-id:
      - 7118646f-21d2-4f75-9a68-e57ef8b592cd
      x-ms-ratelimit-remaining-subscription-writes:
      - '1190'
    status:
      code: 201
      message: Created
- request:
    body: null
    headers:
      Accept:
      - application/json
      Accept-Encoding:
      - gzip, deflate
      CommandName:
      - network vnet create
      Connection:
      - keep-alive
      ParameterSetName:
      - -n -g --subnet-name
      User-Agent:
      - python/3.7.4 (Linux-4.15.0-122-generic-x86_64-with-debian-buster-sid) msrest/0.6.18
        msrest_azure/0.6.3 azure-mgmt-network/12.0.0 Azure-SDK-For-Python AZURECLI/2.14.1
    method: GET
    uri: https://management.azure.com/subscriptions/00000000-0000-0000-0000-000000000000/providers/Microsoft.Network/locations/westus/operations/50326ca0-05b0-4296-9b7a-bd372e3a9db7?api-version=2020-06-01
  response:
    body:
      string: "{\r\n  \"status\": \"Succeeded\"\r\n}"
    headers:
      cache-control:
      - no-cache
      content-length:
      - '29'
      content-type:
      - application/json; charset=utf-8
      date:
      - Thu, 12 Nov 2020 07:37:28 GMT
      expires:
      - '-1'
      pragma:
      - no-cache
      server:
      - Microsoft-HTTPAPI/2.0
      - Microsoft-HTTPAPI/2.0
      strict-transport-security:
      - max-age=31536000; includeSubDomains
      transfer-encoding:
      - chunked
      vary:
      - Accept-Encoding
      x-content-type-options:
      - nosniff
      x-ms-arm-service-request-id:
      - 3e8e13be-85f6-48b5-8af4-9a84f9c411af
    status:
      code: 200
      message: OK
- request:
    body: null
    headers:
      Accept:
      - application/json
      Accept-Encoding:
      - gzip, deflate
      CommandName:
      - network vnet create
      Connection:
      - keep-alive
      ParameterSetName:
      - -n -g --subnet-name
      User-Agent:
      - python/3.7.4 (Linux-4.15.0-122-generic-x86_64-with-debian-buster-sid) msrest/0.6.18
        msrest_azure/0.6.3 azure-mgmt-network/12.0.0 Azure-SDK-For-Python AZURECLI/2.14.1
    method: GET
    uri: https://management.azure.com/subscriptions/00000000-0000-0000-0000-000000000000/resourceGroups/cli_test_load_balancer000001/providers/Microsoft.Network/virtualNetworks/mytestvnet?api-version=2020-06-01
  response:
    body:
      string: "{\r\n  \"name\": \"mytestvnet\",\r\n  \"id\": \"/subscriptions/00000000-0000-0000-0000-000000000000/resourceGroups/cli_test_load_balancer000001/providers/Microsoft.Network/virtualNetworks/mytestvnet\"\
        ,\r\n  \"etag\": \"W/\\\"e4747eb9-8b1a-471c-873f-4923120f7005\\\"\",\r\n \
        \ \"type\": \"Microsoft.Network/virtualNetworks\",\r\n  \"location\": \"westus\"\
        ,\r\n  \"tags\": {},\r\n  \"properties\": {\r\n    \"provisioningState\":\
        \ \"Succeeded\",\r\n    \"resourceGuid\": \"caaa0232-77a5-4197-a57d-751b71f4176f\"\
        ,\r\n    \"addressSpace\": {\r\n      \"addressPrefixes\": [\r\n        \"\
        10.0.0.0/16\"\r\n      ]\r\n    },\r\n    \"dhcpOptions\": {\r\n      \"dnsServers\"\
        : []\r\n    },\r\n    \"subnets\": [\r\n      {\r\n        \"name\": \"default\"\
        ,\r\n        \"id\": \"/subscriptions/00000000-0000-0000-0000-000000000000/resourceGroups/cli_test_load_balancer000001/providers/Microsoft.Network/virtualNetworks/mytestvnet/subnets/default\"\
        ,\r\n        \"etag\": \"W/\\\"e4747eb9-8b1a-471c-873f-4923120f7005\\\"\"\
        ,\r\n        \"properties\": {\r\n          \"provisioningState\": \"Succeeded\"\
        ,\r\n          \"addressPrefix\": \"10.0.0.0/24\",\r\n          \"delegations\"\
        : [],\r\n          \"privateEndpointNetworkPolicies\": \"Enabled\",\r\n  \
        \        \"privateLinkServiceNetworkPolicies\": \"Enabled\"\r\n        },\r\
        \n        \"type\": \"Microsoft.Network/virtualNetworks/subnets\"\r\n    \
        \  }\r\n    ],\r\n    \"virtualNetworkPeerings\": [],\r\n    \"enableDdosProtection\"\
        : false,\r\n    \"enableVmProtection\": false\r\n  }\r\n}"
    headers:
      cache-control:
      - no-cache
      content-length:
      - '1454'
      content-type:
      - application/json; charset=utf-8
      date:
      - Thu, 12 Nov 2020 07:37:28 GMT
      etag:
      - W/"e4747eb9-8b1a-471c-873f-4923120f7005"
      expires:
      - '-1'
      pragma:
      - no-cache
      server:
      - Microsoft-HTTPAPI/2.0
      - Microsoft-HTTPAPI/2.0
      strict-transport-security:
      - max-age=31536000; includeSubDomains
      transfer-encoding:
      - chunked
      vary:
      - Accept-Encoding
      x-content-type-options:
      - nosniff
      x-ms-arm-service-request-id:
      - 6ab81333-5ca2-438c-9ab9-2ada5ebc6773
    status:
      code: 200
      message: OK
- request:
    body: null
    headers:
      Accept:
      - application/json
      Accept-Encoding:
      - gzip, deflate
      CommandName:
      - network lb create
      Connection:
      - keep-alive
      ParameterSetName:
      - -n -g --subnet --private-ip-address
      User-Agent:
      - python/3.7.4 (Linux-4.15.0-122-generic-x86_64-with-debian-buster-sid) msrest/0.6.18
        msrest_azure/0.6.3 azure-mgmt-resource/10.2.0 Azure-SDK-For-Python AZURECLI/2.14.1
      accept-language:
      - en-US
    method: GET
    uri: https://management.azure.com/subscriptions/00000000-0000-0000-0000-000000000000/resourcegroups/cli_test_load_balancer000001?api-version=2020-06-01
  response:
    body:
      string: '{"id":"/subscriptions/00000000-0000-0000-0000-000000000000/resourceGroups/cli_test_load_balancer000001","name":"cli_test_load_balancer000001","type":"Microsoft.Resources/resourceGroups","location":"westus","tags":{"product":"azurecli","cause":"automation","date":"2020-11-12T07:35:57Z"},"properties":{"provisioningState":"Succeeded"}}'
    headers:
      cache-control:
      - no-cache
      content-length:
      - '428'
      content-type:
      - application/json; charset=utf-8
      date:
      - Thu, 12 Nov 2020 07:37:29 GMT
      expires:
      - '-1'
      pragma:
      - no-cache
      strict-transport-security:
      - max-age=31536000; includeSubDomains
      vary:
      - Accept-Encoding
      x-content-type-options:
      - nosniff
    status:
      code: 200
      message: OK
- request:
    body: null
    headers:
      Accept:
      - application/json
      Accept-Encoding:
      - gzip, deflate
      CommandName:
      - network lb create
      Connection:
      - keep-alive
      ParameterSetName:
      - -n -g --subnet --private-ip-address
      User-Agent:
      - python/3.7.4 (Linux-4.15.0-122-generic-x86_64-with-debian-buster-sid) msrest/0.6.18
        msrest_azure/0.6.3 azure-mgmt-resource/10.2.0 Azure-SDK-For-Python AZURECLI/2.14.1
      accept-language:
      - en-US
    method: GET
    uri: https://management.azure.com/subscriptions/00000000-0000-0000-0000-000000000000/resources?$filter=resourceGroup%20eq%20%27cli_test_load_balancer000001%27%20and%20name%20eq%20%27mytestvnet%27%20and%20resourceType%20eq%20%27Microsoft.Network%2FvirtualNetworks%27&api-version=2020-06-01
  response:
    body:
      string: '{"value":[{"id":"/subscriptions/00000000-0000-0000-0000-000000000000/resourceGroups/cli_test_load_balancer000001/providers/Microsoft.Network/virtualNetworks/mytestvnet","name":"mytestvnet","type":"Microsoft.Network/virtualNetworks","location":"westus","tags":{}}]}'
    headers:
      cache-control:
      - no-cache
      content-length:
      - '311'
      content-type:
      - application/json; charset=utf-8
      date:
      - Thu, 12 Nov 2020 07:37:30 GMT
      expires:
      - '-1'
      pragma:
      - no-cache
      strict-transport-security:
      - max-age=31536000; includeSubDomains
      vary:
      - Accept-Encoding
      x-content-type-options:
      - nosniff
    status:
      code: 200
      message: OK
- request:
    body: '{"properties": {"template": {"$schema": "https://schema.management.azure.com/schemas/2015-01-01/deploymentTemplate.json#",
      "contentVersion": "1.0.0.0", "parameters": {}, "variables": {}, "resources":
      [{"type": "Microsoft.Network/loadBalancers", "name": "lb3", "location": "westus",
      "tags": {}, "apiVersion": "2020-06-01", "dependsOn": [], "properties": {"backendAddressPools":
      [{"name": "lb3bepool"}], "frontendIPConfigurations": [{"name": "LoadBalancerFrontEnd",
      "properties": {"privateIPAllocationMethod": "Static", "privateIPAddress": "10.0.0.15",
      "subnet": {"id": "/subscriptions/00000000-0000-0000-0000-000000000000/resourceGroups/cli_test_load_balancer000001/providers/Microsoft.Network/virtualNetworks/mytestvnet/subnets/default"},
      "privateIPAddressVersion": "IPv4"}}]}, "sku": {"name": "Basic"}}], "outputs":
      {"loadBalancer": {"type": "object", "value": "[reference(''lb3'')]"}}}, "parameters":
      {}, "mode": "Incremental"}}'
    headers:
      Accept:
      - application/json
      Accept-Encoding:
      - gzip, deflate
      CommandName:
      - network lb create
      Connection:
      - keep-alive
      Content-Length:
      - '975'
      Content-Type:
      - application/json; charset=utf-8
      ParameterSetName:
      - -n -g --subnet --private-ip-address
      User-Agent:
      - python/3.7.4 (Linux-4.15.0-122-generic-x86_64-with-debian-buster-sid) msrest/0.6.18
        msrest_azure/0.6.3 azure-mgmt-resource/10.2.0 Azure-SDK-For-Python AZURECLI/2.14.1
      accept-language:
      - en-US
    method: PUT
    uri: https://management.azure.com/subscriptions/00000000-0000-0000-0000-000000000000/resourcegroups/cli_test_load_balancer000001/providers/Microsoft.Resources/deployments/mock-deployment?api-version=2020-06-01
  response:
    body:
      string: '{"id":"/subscriptions/00000000-0000-0000-0000-000000000000/resourceGroups/cli_test_load_balancer000001/providers/Microsoft.Resources/deployments/lb_deploy_vUHw6KrUmmFoJJwTuOyjy56PYDwDoNuj","name":"lb_deploy_vUHw6KrUmmFoJJwTuOyjy56PYDwDoNuj","type":"Microsoft.Resources/deployments","properties":{"templateHash":"12777721426356536045","parameters":{},"mode":"Incremental","provisioningState":"Accepted","timestamp":"2020-11-12T07:37:34.5739342Z","duration":"PT2.7889907S","correlationId":"779808e2-c5dc-4329-b3b4-dfaa6057f870","providers":[{"namespace":"Microsoft.Network","resourceTypes":[{"resourceType":"loadBalancers","locations":["westus"]}]}],"dependencies":[]}}'
    headers:
      azure-asyncoperation:
      - https://management.azure.com/subscriptions/00000000-0000-0000-0000-000000000000/resourcegroups/cli_test_load_balancer000001/providers/Microsoft.Resources/deployments/lb_deploy_vUHw6KrUmmFoJJwTuOyjy56PYDwDoNuj/operationStatuses/08585964402336926686?api-version=2020-06-01
      cache-control:
      - no-cache
      content-length:
      - '714'
      content-type:
      - application/json; charset=utf-8
      date:
      - Thu, 12 Nov 2020 07:37:35 GMT
      expires:
      - '-1'
      pragma:
      - no-cache
      strict-transport-security:
      - max-age=31536000; includeSubDomains
      x-content-type-options:
      - nosniff
      x-ms-ratelimit-remaining-subscription-writes:
      - '1188'
    status:
      code: 201
      message: Created
- request:
    body: null
    headers:
      Accept:
      - application/json
      Accept-Encoding:
      - gzip, deflate
      CommandName:
      - network lb create
      Connection:
      - keep-alive
      ParameterSetName:
      - -n -g --subnet --private-ip-address
      User-Agent:
      - python/3.7.4 (Linux-4.15.0-122-generic-x86_64-with-debian-buster-sid) msrest/0.6.18
        msrest_azure/0.6.3 azure-mgmt-resource/10.2.0 Azure-SDK-For-Python AZURECLI/2.14.1
    method: GET
    uri: https://management.azure.com/subscriptions/00000000-0000-0000-0000-000000000000/resourcegroups/cli_test_load_balancer000001/providers/Microsoft.Resources/deployments/mock-deployment/operationStatuses/08585964402336926686?api-version=2020-06-01
  response:
    body:
      string: '{"status":"Succeeded"}'
    headers:
      cache-control:
      - no-cache
      content-length:
      - '22'
      content-type:
      - application/json; charset=utf-8
      date:
      - Thu, 12 Nov 2020 07:38:06 GMT
      expires:
      - '-1'
      pragma:
      - no-cache
      strict-transport-security:
      - max-age=31536000; includeSubDomains
      vary:
      - Accept-Encoding
      x-content-type-options:
      - nosniff
    status:
      code: 200
      message: OK
- request:
    body: null
    headers:
      Accept:
      - application/json
      Accept-Encoding:
      - gzip, deflate
      CommandName:
      - network lb create
      Connection:
      - keep-alive
      ParameterSetName:
      - -n -g --subnet --private-ip-address
      User-Agent:
      - python/3.7.4 (Linux-4.15.0-122-generic-x86_64-with-debian-buster-sid) msrest/0.6.18
        msrest_azure/0.6.3 azure-mgmt-resource/10.2.0 Azure-SDK-For-Python AZURECLI/2.14.1
    method: GET
    uri: https://management.azure.com/subscriptions/00000000-0000-0000-0000-000000000000/resourcegroups/cli_test_load_balancer000001/providers/Microsoft.Resources/deployments/mock-deployment?api-version=2020-06-01
  response:
    body:
      string: '{"id":"/subscriptions/00000000-0000-0000-0000-000000000000/resourceGroups/cli_test_load_balancer000001/providers/Microsoft.Resources/deployments/lb_deploy_vUHw6KrUmmFoJJwTuOyjy56PYDwDoNuj","name":"lb_deploy_vUHw6KrUmmFoJJwTuOyjy56PYDwDoNuj","type":"Microsoft.Resources/deployments","properties":{"templateHash":"12777721426356536045","parameters":{},"mode":"Incremental","provisioningState":"Succeeded","timestamp":"2020-11-12T07:37:44.0340641Z","duration":"PT12.2491206S","correlationId":"779808e2-c5dc-4329-b3b4-dfaa6057f870","providers":[{"namespace":"Microsoft.Network","resourceTypes":[{"resourceType":"loadBalancers","locations":["westus"]}]}],"dependencies":[],"outputs":{"loadBalancer":{"type":"Object","value":{"provisioningState":"Succeeded","resourceGuid":"77205aa1-cbaf-46ad-a7bb-3af01917e054","frontendIPConfigurations":[{"name":"LoadBalancerFrontEnd","id":"/subscriptions/00000000-0000-0000-0000-000000000000/resourceGroups/cli_test_load_balancer000001/providers/Microsoft.Network/loadBalancers/lb3/frontendIPConfigurations/LoadBalancerFrontEnd","etag":"W/\"d30357dc-0e3d-4132-ba7b-bcd0ee7bf537\"","type":"Microsoft.Network/loadBalancers/frontendIPConfigurations","properties":{"provisioningState":"Succeeded","privateIPAddress":"10.0.0.15","privateIPAllocationMethod":"Static","subnet":{"id":"/subscriptions/00000000-0000-0000-0000-000000000000/resourceGroups/cli_test_load_balancer000001/providers/Microsoft.Network/virtualNetworks/mytestvnet/subnets/default"},"privateIPAddressVersion":"IPv4"}}],"backendAddressPools":[{"name":"lb3bepool","id":"/subscriptions/00000000-0000-0000-0000-000000000000/resourceGroups/cli_test_load_balancer000001/providers/Microsoft.Network/loadBalancers/lb3/backendAddressPools/lb3bepool","etag":"W/\"d30357dc-0e3d-4132-ba7b-bcd0ee7bf537\"","properties":{"provisioningState":"Succeeded"},"type":"Microsoft.Network/loadBalancers/backendAddressPools"}],"loadBalancingRules":[],"probes":[],"inboundNatRules":[],"inboundNatPools":[]}}},"outputResources":[{"id":"/subscriptions/00000000-0000-0000-0000-000000000000/resourceGroups/cli_test_load_balancer000001/providers/Microsoft.Network/loadBalancers/lb3"}]}}'
    headers:
      cache-control:
      - no-cache
      content-length:
      - '2385'
      content-type:
      - application/json; charset=utf-8
      date:
      - Thu, 12 Nov 2020 07:38:06 GMT
      expires:
      - '-1'
      pragma:
      - no-cache
      strict-transport-security:
      - max-age=31536000; includeSubDomains
      vary:
      - Accept-Encoding
      x-content-type-options:
      - nosniff
    status:
      code: 200
      message: OK
- request:
    body: null
    headers:
      Accept:
      - application/json
      Accept-Encoding:
      - gzip, deflate
      CommandName:
      - network public-ip create
      Connection:
      - keep-alive
      ParameterSetName:
      - -n -g
      User-Agent:
      - python/3.7.4 (Linux-4.15.0-122-generic-x86_64-with-debian-buster-sid) msrest/0.6.18
        msrest_azure/0.6.3 azure-mgmt-resource/10.2.0 Azure-SDK-For-Python AZURECLI/2.14.1
      accept-language:
      - en-US
    method: GET
    uri: https://management.azure.com/subscriptions/00000000-0000-0000-0000-000000000000/resourcegroups/cli_test_load_balancer000001?api-version=2020-06-01
  response:
    body:
      string: '{"id":"/subscriptions/00000000-0000-0000-0000-000000000000/resourceGroups/cli_test_load_balancer000001","name":"cli_test_load_balancer000001","type":"Microsoft.Resources/resourceGroups","location":"westus","tags":{"product":"azurecli","cause":"automation","date":"2020-11-12T07:35:57Z"},"properties":{"provisioningState":"Succeeded"}}'
    headers:
      cache-control:
      - no-cache
      content-length:
      - '428'
      content-type:
      - application/json; charset=utf-8
      date:
      - Thu, 12 Nov 2020 07:38:07 GMT
      expires:
      - '-1'
      pragma:
      - no-cache
      strict-transport-security:
      - max-age=31536000; includeSubDomains
      vary:
      - Accept-Encoding
      x-content-type-options:
      - nosniff
    status:
      code: 200
      message: OK
- request:
    body: '{"location": "westus", "properties": {"publicIPAllocationMethod": "Dynamic",
      "publicIPAddressVersion": "IPv4", "idleTimeoutInMinutes": 4}}'
    headers:
      Accept:
      - application/json
      Accept-Encoding:
      - gzip, deflate
      CommandName:
      - network public-ip create
      Connection:
      - keep-alive
      Content-Length:
      - '138'
      Content-Type:
      - application/json; charset=utf-8
      ParameterSetName:
      - -n -g
      User-Agent:
      - python/3.7.4 (Linux-4.15.0-122-generic-x86_64-with-debian-buster-sid) msrest/0.6.18
        msrest_azure/0.6.3 azure-mgmt-network/12.0.0 Azure-SDK-For-Python AZURECLI/2.14.1
      accept-language:
      - en-US
    method: PUT
    uri: https://management.azure.com/subscriptions/00000000-0000-0000-0000-000000000000/resourceGroups/cli_test_load_balancer000001/providers/Microsoft.Network/publicIPAddresses/publicip4?api-version=2020-06-01
  response:
    body:
      string: "{\r\n  \"name\": \"publicip4\",\r\n  \"id\": \"/subscriptions/00000000-0000-0000-0000-000000000000/resourceGroups/cli_test_load_balancer000001/providers/Microsoft.Network/publicIPAddresses/publicip4\"\
        ,\r\n  \"etag\": \"W/\\\"dbbb0bd7-ddda-4bea-9957-04ce80b1de50\\\"\",\r\n \
        \ \"location\": \"westus\",\r\n  \"properties\": {\r\n    \"provisioningState\"\
        : \"Updating\",\r\n    \"resourceGuid\": \"6bb03150-2ac4-4047-8372-2f806c5aea41\"\
        ,\r\n    \"publicIPAddressVersion\": \"IPv4\",\r\n    \"publicIPAllocationMethod\"\
        : \"Dynamic\",\r\n    \"idleTimeoutInMinutes\": 4,\r\n    \"ipTags\": []\r\
        \n  },\r\n  \"type\": \"Microsoft.Network/publicIPAddresses\",\r\n  \"sku\"\
        : {\r\n    \"name\": \"Basic\"\r\n  }\r\n}"
    headers:
      azure-asyncnotification:
      - Enabled
      azure-asyncoperation:
      - https://management.azure.com/subscriptions/00000000-0000-0000-0000-000000000000/providers/Microsoft.Network/locations/westus/operations/d2ad6fad-6b8c-403d-8606-0e1949adfd42?api-version=2020-06-01
      cache-control:
      - no-cache
      content-length:
      - '666'
      content-type:
      - application/json; charset=utf-8
      date:
      - Thu, 12 Nov 2020 07:38:13 GMT
      expires:
      - '-1'
      pragma:
      - no-cache
      server:
      - Microsoft-HTTPAPI/2.0
      - Microsoft-HTTPAPI/2.0
      strict-transport-security:
      - max-age=31536000; includeSubDomains
      x-content-type-options:
      - nosniff
      x-ms-arm-service-request-id:
      - c96282ff-3308-423a-a42c-d3bbaa5b462c
      x-ms-ratelimit-remaining-subscription-writes:
      - '1192'
    status:
      code: 201
      message: Created
- request:
    body: null
    headers:
      Accept:
      - application/json
      Accept-Encoding:
      - gzip, deflate
      CommandName:
      - network public-ip create
      Connection:
      - keep-alive
      ParameterSetName:
      - -n -g
      User-Agent:
      - python/3.7.4 (Linux-4.15.0-122-generic-x86_64-with-debian-buster-sid) msrest/0.6.18
        msrest_azure/0.6.3 azure-mgmt-network/12.0.0 Azure-SDK-For-Python AZURECLI/2.14.1
    method: GET
    uri: https://management.azure.com/subscriptions/00000000-0000-0000-0000-000000000000/providers/Microsoft.Network/locations/westus/operations/d2ad6fad-6b8c-403d-8606-0e1949adfd42?api-version=2020-06-01
  response:
    body:
      string: "{\r\n  \"status\": \"Succeeded\"\r\n}"
    headers:
      cache-control:
      - no-cache
      content-length:
      - '29'
      content-type:
      - application/json; charset=utf-8
      date:
      - Thu, 12 Nov 2020 07:38:15 GMT
      expires:
      - '-1'
      pragma:
      - no-cache
      server:
      - Microsoft-HTTPAPI/2.0
      - Microsoft-HTTPAPI/2.0
      strict-transport-security:
      - max-age=31536000; includeSubDomains
      transfer-encoding:
      - chunked
      vary:
      - Accept-Encoding
      x-content-type-options:
      - nosniff
      x-ms-arm-service-request-id:
      - d67f623d-060b-4df3-bd68-819c760d7ae6
    status:
      code: 200
      message: OK
- request:
    body: null
    headers:
      Accept:
      - application/json
      Accept-Encoding:
      - gzip, deflate
      CommandName:
      - network public-ip create
      Connection:
      - keep-alive
      ParameterSetName:
      - -n -g
      User-Agent:
      - python/3.7.4 (Linux-4.15.0-122-generic-x86_64-with-debian-buster-sid) msrest/0.6.18
        msrest_azure/0.6.3 azure-mgmt-network/12.0.0 Azure-SDK-For-Python AZURECLI/2.14.1
    method: GET
    uri: https://management.azure.com/subscriptions/00000000-0000-0000-0000-000000000000/resourceGroups/cli_test_load_balancer000001/providers/Microsoft.Network/publicIPAddresses/publicip4?api-version=2020-06-01
  response:
    body:
      string: "{\r\n  \"name\": \"publicip4\",\r\n  \"id\": \"/subscriptions/00000000-0000-0000-0000-000000000000/resourceGroups/cli_test_load_balancer000001/providers/Microsoft.Network/publicIPAddresses/publicip4\"\
        ,\r\n  \"etag\": \"W/\\\"ee54058b-d7e4-446b-9399-fdf7d34c755e\\\"\",\r\n \
        \ \"location\": \"westus\",\r\n  \"properties\": {\r\n    \"provisioningState\"\
        : \"Succeeded\",\r\n    \"resourceGuid\": \"6bb03150-2ac4-4047-8372-2f806c5aea41\"\
        ,\r\n    \"publicIPAddressVersion\": \"IPv4\",\r\n    \"publicIPAllocationMethod\"\
        : \"Dynamic\",\r\n    \"idleTimeoutInMinutes\": 4,\r\n    \"ipTags\": []\r\
        \n  },\r\n  \"type\": \"Microsoft.Network/publicIPAddresses\",\r\n  \"sku\"\
        : {\r\n    \"name\": \"Basic\"\r\n  }\r\n}"
    headers:
      cache-control:
      - no-cache
      content-length:
      - '667'
      content-type:
      - application/json; charset=utf-8
      date:
      - Thu, 12 Nov 2020 07:38:16 GMT
      etag:
      - W/"ee54058b-d7e4-446b-9399-fdf7d34c755e"
      expires:
      - '-1'
      pragma:
      - no-cache
      server:
      - Microsoft-HTTPAPI/2.0
      - Microsoft-HTTPAPI/2.0
      strict-transport-security:
      - max-age=31536000; includeSubDomains
      transfer-encoding:
      - chunked
      vary:
      - Accept-Encoding
      x-content-type-options:
      - nosniff
      x-ms-arm-service-request-id:
      - ca292fdb-94b3-4315-babc-a9714f6fe980
    status:
      code: 200
      message: OK
- request:
    body: null
    headers:
      Accept:
      - application/json
      Accept-Encoding:
      - gzip, deflate
      CommandName:
      - network lb create
      Connection:
      - keep-alive
      ParameterSetName:
      - -n -g --public-ip-address
      User-Agent:
      - python/3.7.4 (Linux-4.15.0-122-generic-x86_64-with-debian-buster-sid) msrest/0.6.18
        msrest_azure/0.6.3 azure-mgmt-resource/10.2.0 Azure-SDK-For-Python AZURECLI/2.14.1
      accept-language:
      - en-US
    method: GET
    uri: https://management.azure.com/subscriptions/00000000-0000-0000-0000-000000000000/resourcegroups/cli_test_load_balancer000001?api-version=2020-06-01
  response:
    body:
      string: '{"id":"/subscriptions/00000000-0000-0000-0000-000000000000/resourceGroups/cli_test_load_balancer000001","name":"cli_test_load_balancer000001","type":"Microsoft.Resources/resourceGroups","location":"westus","tags":{"product":"azurecli","cause":"automation","date":"2020-11-12T07:35:57Z"},"properties":{"provisioningState":"Succeeded"}}'
    headers:
      cache-control:
      - no-cache
      content-length:
      - '428'
      content-type:
      - application/json; charset=utf-8
      date:
      - Thu, 12 Nov 2020 07:38:16 GMT
      expires:
      - '-1'
      pragma:
      - no-cache
      strict-transport-security:
      - max-age=31536000; includeSubDomains
      vary:
      - Accept-Encoding
      x-content-type-options:
      - nosniff
    status:
      code: 200
      message: OK
- request:
    body: null
    headers:
      Accept:
      - application/json
      Accept-Encoding:
      - gzip, deflate
      CommandName:
      - network lb create
      Connection:
      - keep-alive
      ParameterSetName:
      - -n -g --public-ip-address
      User-Agent:
      - python/3.7.4 (Linux-4.15.0-122-generic-x86_64-with-debian-buster-sid) msrest/0.6.18
        msrest_azure/0.6.3 azure-mgmt-resource/10.2.0 Azure-SDK-For-Python AZURECLI/2.14.1
      accept-language:
      - en-US
    method: GET
    uri: https://management.azure.com/subscriptions/00000000-0000-0000-0000-000000000000/resources?$filter=resourceGroup%20eq%20%27cli_test_load_balancer000001%27%20and%20name%20eq%20%27publicip4%27%20and%20resourceType%20eq%20%27Microsoft.Network%2FpublicIPAddresses%27&api-version=2020-06-01
  response:
    body:
      string: '{"value":[{"id":"/subscriptions/00000000-0000-0000-0000-000000000000/resourceGroups/cli_test_load_balancer000001/providers/Microsoft.Network/publicIPAddresses/publicip4","name":"publicip4","type":"Microsoft.Network/publicIPAddresses","sku":{"name":"Basic"},"location":"westus"}]}'
    headers:
      cache-control:
      - no-cache
      content-length:
      - '326'
      content-type:
      - application/json; charset=utf-8
      date:
      - Thu, 12 Nov 2020 07:38:16 GMT
      expires:
      - '-1'
      pragma:
      - no-cache
      strict-transport-security:
      - max-age=31536000; includeSubDomains
      vary:
      - Accept-Encoding
      x-content-type-options:
      - nosniff
    status:
      code: 200
      message: OK
- request:
    body: '{"properties": {"template": {"$schema": "https://schema.management.azure.com/schemas/2015-01-01/deploymentTemplate.json#",
      "contentVersion": "1.0.0.0", "parameters": {}, "variables": {}, "resources":
      [{"type": "Microsoft.Network/loadBalancers", "name": "lb4", "location": "westus",
      "tags": {}, "apiVersion": "2020-06-01", "dependsOn": [], "properties": {"backendAddressPools":
      [{"name": "lb4bepool"}], "frontendIPConfigurations": [{"name": "LoadBalancerFrontEnd",
      "properties": {"publicIPAddress": {"id": "/subscriptions/00000000-0000-0000-0000-000000000000/resourceGroups/cli_test_load_balancer000001/providers/Microsoft.Network/publicIPAddresses/publicip4"},
      "privateIPAddressVersion": "IPv4"}}]}, "sku": {"name": "Basic"}}], "outputs":
      {"loadBalancer": {"type": "object", "value": "[reference(''lb4'')]"}}}, "parameters":
      {}, "mode": "Incremental"}}'
    headers:
      Accept:
      - application/json
      Accept-Encoding:
      - gzip, deflate
      CommandName:
      - network lb create
      Connection:
      - keep-alive
      Content-Length:
      - '897'
      Content-Type:
      - application/json; charset=utf-8
      ParameterSetName:
      - -n -g --public-ip-address
      User-Agent:
      - python/3.7.4 (Linux-4.15.0-122-generic-x86_64-with-debian-buster-sid) msrest/0.6.18
        msrest_azure/0.6.3 azure-mgmt-resource/10.2.0 Azure-SDK-For-Python AZURECLI/2.14.1
      accept-language:
      - en-US
    method: PUT
    uri: https://management.azure.com/subscriptions/00000000-0000-0000-0000-000000000000/resourcegroups/cli_test_load_balancer000001/providers/Microsoft.Resources/deployments/mock-deployment?api-version=2020-06-01
  response:
    body:
      string: '{"id":"/subscriptions/00000000-0000-0000-0000-000000000000/resourceGroups/cli_test_load_balancer000001/providers/Microsoft.Resources/deployments/lb_deploy_uVGnuXSFQv5fZrYNtLkmf0lO4ATIXKD6","name":"lb_deploy_uVGnuXSFQv5fZrYNtLkmf0lO4ATIXKD6","type":"Microsoft.Resources/deployments","properties":{"templateHash":"16159994581703989672","parameters":{},"mode":"Incremental","provisioningState":"Accepted","timestamp":"2020-11-12T07:38:21.4210998Z","duration":"PT2.1009097S","correlationId":"7fad857e-d911-4542-9c8f-f3fa2ee9c30b","providers":[{"namespace":"Microsoft.Network","resourceTypes":[{"resourceType":"loadBalancers","locations":["westus"]}]}],"dependencies":[]}}'
    headers:
      azure-asyncoperation:
      - https://management.azure.com/subscriptions/00000000-0000-0000-0000-000000000000/resourcegroups/cli_test_load_balancer000001/providers/Microsoft.Resources/deployments/lb_deploy_uVGnuXSFQv5fZrYNtLkmf0lO4ATIXKD6/operationStatuses/08585964401861574264?api-version=2020-06-01
      cache-control:
      - no-cache
      content-length:
      - '714'
      content-type:
      - application/json; charset=utf-8
      date:
      - Thu, 12 Nov 2020 07:38:22 GMT
      expires:
      - '-1'
      pragma:
      - no-cache
      strict-transport-security:
      - max-age=31536000; includeSubDomains
      x-content-type-options:
      - nosniff
      x-ms-ratelimit-remaining-subscription-writes:
      - '1190'
    status:
      code: 201
      message: Created
- request:
    body: null
    headers:
      Accept:
      - application/json
      Accept-Encoding:
      - gzip, deflate
      CommandName:
      - network lb create
      Connection:
      - keep-alive
      ParameterSetName:
      - -n -g --public-ip-address
      User-Agent:
      - python/3.7.4 (Linux-4.15.0-122-generic-x86_64-with-debian-buster-sid) msrest/0.6.18
        msrest_azure/0.6.3 azure-mgmt-resource/10.2.0 Azure-SDK-For-Python AZURECLI/2.14.1
    method: GET
    uri: https://management.azure.com/subscriptions/00000000-0000-0000-0000-000000000000/resourcegroups/cli_test_load_balancer000001/providers/Microsoft.Resources/deployments/mock-deployment/operationStatuses/08585964401861574264?api-version=2020-06-01
  response:
    body:
      string: '{"status":"Succeeded"}'
    headers:
      cache-control:
      - no-cache
      content-length:
      - '22'
      content-type:
      - application/json; charset=utf-8
      date:
      - Thu, 12 Nov 2020 07:38:53 GMT
      expires:
      - '-1'
      pragma:
      - no-cache
      strict-transport-security:
      - max-age=31536000; includeSubDomains
      vary:
      - Accept-Encoding
      x-content-type-options:
      - nosniff
    status:
      code: 200
      message: OK
- request:
    body: null
    headers:
      Accept:
      - application/json
      Accept-Encoding:
      - gzip, deflate
      CommandName:
      - network lb create
      Connection:
      - keep-alive
      ParameterSetName:
      - -n -g --public-ip-address
      User-Agent:
      - python/3.7.4 (Linux-4.15.0-122-generic-x86_64-with-debian-buster-sid) msrest/0.6.18
        msrest_azure/0.6.3 azure-mgmt-resource/10.2.0 Azure-SDK-For-Python AZURECLI/2.14.1
    method: GET
    uri: https://management.azure.com/subscriptions/00000000-0000-0000-0000-000000000000/resourcegroups/cli_test_load_balancer000001/providers/Microsoft.Resources/deployments/mock-deployment?api-version=2020-06-01
  response:
    body:
      string: '{"id":"/subscriptions/00000000-0000-0000-0000-000000000000/resourceGroups/cli_test_load_balancer000001/providers/Microsoft.Resources/deployments/lb_deploy_uVGnuXSFQv5fZrYNtLkmf0lO4ATIXKD6","name":"lb_deploy_uVGnuXSFQv5fZrYNtLkmf0lO4ATIXKD6","type":"Microsoft.Resources/deployments","properties":{"templateHash":"16159994581703989672","parameters":{},"mode":"Incremental","provisioningState":"Succeeded","timestamp":"2020-11-12T07:38:30.9586579Z","duration":"PT11.6384678S","correlationId":"7fad857e-d911-4542-9c8f-f3fa2ee9c30b","providers":[{"namespace":"Microsoft.Network","resourceTypes":[{"resourceType":"loadBalancers","locations":["westus"]}]}],"dependencies":[],"outputs":{"loadBalancer":{"type":"Object","value":{"provisioningState":"Succeeded","resourceGuid":"215872e8-d8f0-4649-a1bd-7973b45b25e9","frontendIPConfigurations":[{"name":"LoadBalancerFrontEnd","id":"/subscriptions/00000000-0000-0000-0000-000000000000/resourceGroups/cli_test_load_balancer000001/providers/Microsoft.Network/loadBalancers/lb4/frontendIPConfigurations/LoadBalancerFrontEnd","etag":"W/\"a2723512-950a-4969-b563-b7e087a18766\"","type":"Microsoft.Network/loadBalancers/frontendIPConfigurations","properties":{"provisioningState":"Succeeded","privateIPAllocationMethod":"Dynamic","publicIPAddress":{"id":"/subscriptions/00000000-0000-0000-0000-000000000000/resourceGroups/cli_test_load_balancer000001/providers/Microsoft.Network/publicIPAddresses/publicip4"},"privateIPAddressVersion":"IPv4"}}],"backendAddressPools":[{"name":"lb4bepool","id":"/subscriptions/00000000-0000-0000-0000-000000000000/resourceGroups/cli_test_load_balancer000001/providers/Microsoft.Network/loadBalancers/lb4/backendAddressPools/lb4bepool","etag":"W/\"a2723512-950a-4969-b563-b7e087a18766\"","properties":{"provisioningState":"Succeeded"},"type":"Microsoft.Network/loadBalancers/backendAddressPools"}],"loadBalancingRules":[],"probes":[],"inboundNatRules":[],"inboundNatPools":[]}}},"outputResources":[{"id":"/subscriptions/00000000-0000-0000-0000-000000000000/resourceGroups/cli_test_load_balancer000001/providers/Microsoft.Network/loadBalancers/lb4"}]}}'
    headers:
      cache-control:
      - no-cache
      content-length:
      - '2349'
      content-type:
      - application/json; charset=utf-8
      date:
      - Thu, 12 Nov 2020 07:38:53 GMT
      expires:
      - '-1'
      pragma:
      - no-cache
      strict-transport-security:
      - max-age=31536000; includeSubDomains
      vary:
      - Accept-Encoding
      x-content-type-options:
      - nosniff
    status:
      code: 200
      message: OK
- request:
    body: null
    headers:
      Accept:
      - application/json
      Accept-Encoding:
      - gzip, deflate
      CommandName:
      - network lb list
      Connection:
      - keep-alive
      User-Agent:
      - python/3.7.4 (Linux-4.15.0-122-generic-x86_64-with-debian-buster-sid) msrest/0.6.18
        msrest_azure/0.6.3 azure-mgmt-network/12.0.0 Azure-SDK-For-Python AZURECLI/2.14.1
      accept-language:
      - en-US
    method: GET
    uri: https://management.azure.com/subscriptions/00000000-0000-0000-0000-000000000000/providers/Microsoft.Network/loadBalancers?api-version=2020-06-01
  response:
    body:
      string: '{"value":[{"name":"lb1","id":"/subscriptions/00000000-0000-0000-0000-000000000000/resourceGroups/cli_test_load_balancer000001/providers/Microsoft.Network/loadBalancers/lb1","etag":"W/\"6bba9040-2da9-4626-8186-fd0ba6e1613f\"","type":"Microsoft.Network/loadBalancers","location":"westus","tags":{},"properties":{"provisioningState":"Succeeded","resourceGuid":"01cbcee8-3ace-411a-8b80-63a374d35ec5","frontendIPConfigurations":[{"name":"LoadBalancerFrontEnd","id":"/subscriptions/00000000-0000-0000-0000-000000000000/resourceGroups/cli_test_load_balancer000001/providers/Microsoft.Network/loadBalancers/lb1/frontendIPConfigurations/LoadBalancerFrontEnd","etag":"W/\"6bba9040-2da9-4626-8186-fd0ba6e1613f\"","type":"Microsoft.Network/loadBalancers/frontendIPConfigurations","properties":{"provisioningState":"Succeeded","privateIPAllocationMethod":"Dynamic","publicIPAddress":{"id":"/subscriptions/00000000-0000-0000-0000-000000000000/resourceGroups/cli_test_load_balancer000001/providers/Microsoft.Network/publicIPAddresses/PublicIPlb1"},"privateIPAddressVersion":"IPv4"}}],"backendAddressPools":[{"name":"lb1bepool","id":"/subscriptions/00000000-0000-0000-0000-000000000000/resourceGroups/cli_test_load_balancer000001/providers/Microsoft.Network/loadBalancers/lb1/backendAddressPools/lb1bepool","etag":"W/\"6bba9040-2da9-4626-8186-fd0ba6e1613f\"","properties":{"provisioningState":"Succeeded"},"type":"Microsoft.Network/loadBalancers/backendAddressPools"}],"loadBalancingRules":[],"probes":[],"inboundNatRules":[],"inboundNatPools":[]},"sku":{"name":"Basic"}},{"name":"lb2","id":"/subscriptions/00000000-0000-0000-0000-000000000000/resourceGroups/cli_test_load_balancer000001/providers/Microsoft.Network/loadBalancers/lb2","etag":"W/\"94d306dc-74b8-4efd-92c7-f447b9f77e52\"","type":"Microsoft.Network/loadBalancers","location":"westus","tags":{"foo":"doo"},"properties":{"provisioningState":"Succeeded","resourceGuid":"cec72580-3cc0-4e7e-9a3c-1bd1a2f0884d","frontendIPConfigurations":[{"name":"LoadBalancerFrontEnd","id":"/subscriptions/00000000-0000-0000-0000-000000000000/resourceGroups/cli_test_load_balancer000001/providers/Microsoft.Network/loadBalancers/lb2/frontendIPConfigurations/LoadBalancerFrontEnd","etag":"W/\"94d306dc-74b8-4efd-92c7-f447b9f77e52\"","type":"Microsoft.Network/loadBalancers/frontendIPConfigurations","properties":{"provisioningState":"Succeeded","privateIPAllocationMethod":"Dynamic","publicIPAddress":{"id":"/subscriptions/00000000-0000-0000-0000-000000000000/resourceGroups/cli_test_load_balancer000001/providers/Microsoft.Network/publicIPAddresses/PublicIPlb2"},"privateIPAddressVersion":"IPv4"}}],"backendAddressPools":[{"name":"lb2bepool","id":"/subscriptions/00000000-0000-0000-0000-000000000000/resourceGroups/cli_test_load_balancer000001/providers/Microsoft.Network/loadBalancers/lb2/backendAddressPools/lb2bepool","etag":"W/\"94d306dc-74b8-4efd-92c7-f447b9f77e52\"","properties":{"provisioningState":"Succeeded"},"type":"Microsoft.Network/loadBalancers/backendAddressPools"}],"loadBalancingRules":[],"probes":[],"inboundNatRules":[],"inboundNatPools":[]},"sku":{"name":"Basic"}},{"name":"lb3","id":"/subscriptions/00000000-0000-0000-0000-000000000000/resourceGroups/cli_test_load_balancer000001/providers/Microsoft.Network/loadBalancers/lb3","etag":"W/\"d30357dc-0e3d-4132-ba7b-bcd0ee7bf537\"","type":"Microsoft.Network/loadBalancers","location":"westus","tags":{},"properties":{"provisioningState":"Succeeded","resourceGuid":"77205aa1-cbaf-46ad-a7bb-3af01917e054","frontendIPConfigurations":[{"name":"LoadBalancerFrontEnd","id":"/subscriptions/00000000-0000-0000-0000-000000000000/resourceGroups/cli_test_load_balancer000001/providers/Microsoft.Network/loadBalancers/lb3/frontendIPConfigurations/LoadBalancerFrontEnd","etag":"W/\"d30357dc-0e3d-4132-ba7b-bcd0ee7bf537\"","type":"Microsoft.Network/loadBalancers/frontendIPConfigurations","properties":{"provisioningState":"Succeeded","privateIPAddress":"10.0.0.15","privateIPAllocationMethod":"Static","subnet":{"id":"/subscriptions/00000000-0000-0000-0000-000000000000/resourceGroups/cli_test_load_balancer000001/providers/Microsoft.Network/virtualNetworks/mytestvnet/subnets/default"},"privateIPAddressVersion":"IPv4"}}],"backendAddressPools":[{"name":"lb3bepool","id":"/subscriptions/00000000-0000-0000-0000-000000000000/resourceGroups/cli_test_load_balancer000001/providers/Microsoft.Network/loadBalancers/lb3/backendAddressPools/lb3bepool","etag":"W/\"d30357dc-0e3d-4132-ba7b-bcd0ee7bf537\"","properties":{"provisioningState":"Succeeded"},"type":"Microsoft.Network/loadBalancers/backendAddressPools"}],"loadBalancingRules":[],"probes":[],"inboundNatRules":[],"inboundNatPools":[]},"sku":{"name":"Basic"}},{"name":"lb4","id":"/subscriptions/00000000-0000-0000-0000-000000000000/resourceGroups/cli_test_load_balancer000001/providers/Microsoft.Network/loadBalancers/lb4","etag":"W/\"a2723512-950a-4969-b563-b7e087a18766\"","type":"Microsoft.Network/loadBalancers","location":"westus","tags":{},"properties":{"provisioningState":"Succeeded","resourceGuid":"215872e8-d8f0-4649-a1bd-7973b45b25e9","frontendIPConfigurations":[{"name":"LoadBalancerFrontEnd","id":"/subscriptions/00000000-0000-0000-0000-000000000000/resourceGroups/cli_test_load_balancer000001/providers/Microsoft.Network/loadBalancers/lb4/frontendIPConfigurations/LoadBalancerFrontEnd","etag":"W/\"a2723512-950a-4969-b563-b7e087a18766\"","type":"Microsoft.Network/loadBalancers/frontendIPConfigurations","properties":{"provisioningState":"Succeeded","privateIPAllocationMethod":"Dynamic","publicIPAddress":{"id":"/subscriptions/00000000-0000-0000-0000-000000000000/resourceGroups/cli_test_load_balancer000001/providers/Microsoft.Network/publicIPAddresses/publicip4"},"privateIPAddressVersion":"IPv4"}}],"backendAddressPools":[{"name":"lb4bepool","id":"/subscriptions/00000000-0000-0000-0000-000000000000/resourceGroups/cli_test_load_balancer000001/providers/Microsoft.Network/loadBalancers/lb4/backendAddressPools/lb4bepool","etag":"W/\"a2723512-950a-4969-b563-b7e087a18766\"","properties":{"provisioningState":"Succeeded"},"type":"Microsoft.Network/loadBalancers/backendAddressPools"}],"loadBalancingRules":[],"probes":[],"inboundNatRules":[],"inboundNatPools":[]},"sku":{"name":"Basic"}},{"name":"lb1","id":"/subscriptions/00000000-0000-0000-0000-000000000000/resourceGroups/cli_test_load_balancer_ip_configu72tqfbm4ofejwdxnbbfvhu2py7lsjxs3electkc746/providers/Microsoft.Network/loadBalancers/lb1","etag":"W/\"dd1ebb16-91b6-4fe8-b143-27bd53f09a16\"","type":"Microsoft.Network/loadBalancers","location":"westus","tags":{},"properties":{"provisioningState":"Succeeded","resourceGuid":"e5dca576-279b-445e-830d-652ac3c6960c","frontendIPConfigurations":[{"name":"LoadBalancerFrontEnd","id":"/subscriptions/00000000-0000-0000-0000-000000000000/resourceGroups/cli_test_load_balancer_ip_configu72tqfbm4ofejwdxnbbfvhu2py7lsjxs3electkc746/providers/Microsoft.Network/loadBalancers/lb1/frontendIPConfigurations/LoadBalancerFrontEnd","etag":"W/\"dd1ebb16-91b6-4fe8-b143-27bd53f09a16\"","type":"Microsoft.Network/loadBalancers/frontendIPConfigurations","properties":{"provisioningState":"Succeeded","privateIPAllocationMethod":"Dynamic","publicIPAddress":{"id":"/subscriptions/00000000-0000-0000-0000-000000000000/resourceGroups/cli_test_load_balancer_ip_configu72tqfbm4ofejwdxnbbfvhu2py7lsjxs3electkc746/providers/Microsoft.Network/publicIPAddresses/publicip1"},"privateIPAddressVersion":"IPv4"}},{"name":"ipconfig1","id":"/subscriptions/00000000-0000-0000-0000-000000000000/resourceGroups/cli_test_load_balancer_ip_configu72tqfbm4ofejwdxnbbfvhu2py7lsjxs3electkc746/providers/Microsoft.Network/loadBalancers/lb1/frontendIPConfigurations/ipconfig1","etag":"W/\"dd1ebb16-91b6-4fe8-b143-27bd53f09a16\"","type":"Microsoft.Network/loadBalancers/frontendIPConfigurations","properties":{"provisioningState":"Succeeded","privateIPAllocationMethod":"Dynamic","publicIPAddress":{"id":"/subscriptions/00000000-0000-0000-0000-000000000000/resourceGroups/cli_test_load_balancer_ip_configu72tqfbm4ofejwdxnbbfvhu2py7lsjxs3electkc746/providers/Microsoft.Network/publicIPAddresses/publicip3"},"privateIPAddressVersion":"IPv4"}}],"backendAddressPools":[{"name":"lb1bepool","id":"/subscriptions/00000000-0000-0000-0000-000000000000/resourceGroups/cli_test_load_balancer_ip_configu72tqfbm4ofejwdxnbbfvhu2py7lsjxs3electkc746/providers/Microsoft.Network/loadBalancers/lb1/backendAddressPools/lb1bepool","etag":"W/\"dd1ebb16-91b6-4fe8-b143-27bd53f09a16\"","properties":{"provisioningState":"Succeeded"},"type":"Microsoft.Network/loadBalancers/backendAddressPools"}],"loadBalancingRules":[],"probes":[],"inboundNatRules":[],"inboundNatPools":[]},"sku":{"name":"Basic"}},{"name":"lb2","id":"/subscriptions/00000000-0000-0000-0000-000000000000/resourceGroups/cli_test_load_balancer_ip_configu72tqfbm4ofejwdxnbbfvhu2py7lsjxs3electkc746/providers/Microsoft.Network/loadBalancers/lb2","etag":"W/\"51e2187c-0335-46bd-981c-d12b8b9feec1\"","type":"Microsoft.Network/loadBalancers","location":"westus","tags":{},"properties":{"provisioningState":"Succeeded","resourceGuid":"60146e64-5f6a-4323-9070-303758f0fe9d","frontendIPConfigurations":[{"name":"LoadBalancerFrontEnd","id":"/subscriptions/00000000-0000-0000-0000-000000000000/resourceGroups/cli_test_load_balancer_ip_configu72tqfbm4ofejwdxnbbfvhu2py7lsjxs3electkc746/providers/Microsoft.Network/loadBalancers/lb2/frontendIPConfigurations/LoadBalancerFrontEnd","etag":"W/\"51e2187c-0335-46bd-981c-d12b8b9feec1\"","type":"Microsoft.Network/loadBalancers/frontendIPConfigurations","properties":{"provisioningState":"Succeeded","privateIPAddress":"10.0.0.4","privateIPAllocationMethod":"Dynamic","subnet":{"id":"/subscriptions/00000000-0000-0000-0000-000000000000/resourceGroups/cli_test_load_balancer_ip_configu72tqfbm4ofejwdxnbbfvhu2py7lsjxs3electkc746/providers/Microsoft.Network/virtualNetworks/vnet1/subnets/subnet1"},"privateIPAddressVersion":"IPv4"}}],"backendAddressPools":[{"name":"lb2bepool","id":"/subscriptions/00000000-0000-0000-0000-000000000000/resourceGroups/cli_test_load_balancer_ip_configu72tqfbm4ofejwdxnbbfvhu2py7lsjxs3electkc746/providers/Microsoft.Network/loadBalancers/lb2/backendAddressPools/lb2bepool","etag":"W/\"51e2187c-0335-46bd-981c-d12b8b9feec1\"","properties":{"provisioningState":"Succeeded"},"type":"Microsoft.Network/loadBalancers/backendAddressPools"}],"loadBalancingRules":[],"probes":[],"inboundNatRules":[],"inboundNatPools":[]},"sku":{"name":"Basic"}},{"name":"vmss1LB","id":"/subscriptions/00000000-0000-0000-0000-000000000000/resourceGroups/cli_test_ppg_update_ir747bsgnvh2mdrktqwsok4q6f4iekznl5cbiigr3oqk5h3y4r4e5d5/providers/Microsoft.Network/loadBalancers/vmss1LB","etag":"W/\"9e83a621-890a-455b-a74d-9d0c8f50ef64\"","type":"Microsoft.Network/loadBalancers","location":"westus","tags":{},"properties":{"provisioningState":"Succeeded","resourceGuid":"549229b2-c341-4ee4-a4ce-58283495674c","frontendIPConfigurations":[{"name":"loadBalancerFrontEnd","id":"/subscriptions/00000000-0000-0000-0000-000000000000/resourceGroups/cli_test_ppg_update_ir747bsgnvh2mdrktqwsok4q6f4iekznl5cbiigr3oqk5h3y4r4e5d5/providers/Microsoft.Network/loadBalancers/vmss1LB/frontendIPConfigurations/loadBalancerFrontEnd","etag":"W/\"9e83a621-890a-455b-a74d-9d0c8f50ef64\"","type":"Microsoft.Network/loadBalancers/frontendIPConfigurations","properties":{"provisioningState":"Succeeded","privateIPAllocationMethod":"Dynamic","publicIPAddress":{"id":"/subscriptions/00000000-0000-0000-0000-000000000000/resourceGroups/cli_test_ppg_update_ir747bsgnvh2mdrktqwsok4q6f4iekznl5cbiigr3oqk5h3y4r4e5d5/providers/Microsoft.Network/publicIPAddresses/vmss1LBPublicIP"},"inboundNatRules":[{"id":"/subscriptions/00000000-0000-0000-0000-000000000000/resourceGroups/cli_test_ppg_update_ir747bsgnvh2mdrktqwsok4q6f4iekznl5cbiigr3oqk5h3y4r4e5d5/providers/Microsoft.Network/loadBalancers/vmss1LB/inboundNatRules/vmss1LBNatPool.1"},{"id":"/subscriptions/00000000-0000-0000-0000-000000000000/resourceGroups/cli_test_ppg_update_ir747bsgnvh2mdrktqwsok4q6f4iekznl5cbiigr3oqk5h3y4r4e5d5/providers/Microsoft.Network/loadBalancers/vmss1LB/inboundNatRules/vmss1LBNatPool.2"}],"inboundNatPools":[{"id":"/subscriptions/00000000-0000-0000-0000-000000000000/resourceGroups/cli_test_ppg_update_ir747bsgnvh2mdrktqwsok4q6f4iekznl5cbiigr3oqk5h3y4r4e5d5/providers/Microsoft.Network/loadBalancers/vmss1LB/inboundNatPools/vmss1LBNatPool"}],"privateIPAddressVersion":"IPv4"}}],"backendAddressPools":[{"name":"vmss1LBBEPool","id":"/subscriptions/00000000-0000-0000-0000-000000000000/resourceGroups/cli_test_ppg_update_ir747bsgnvh2mdrktqwsok4q6f4iekznl5cbiigr3oqk5h3y4r4e5d5/providers/Microsoft.Network/loadBalancers/vmss1LB/backendAddressPools/vmss1LBBEPool","etag":"W/\"9e83a621-890a-455b-a74d-9d0c8f50ef64\"","properties":{"provisioningState":"Succeeded","backendIPConfigurations":[{"id":"/subscriptions/00000000-0000-0000-0000-000000000000/resourceGroups/cli_test_ppg_update_ir747bsgnvh2mdrktqwsok4q6f4iekznl5cbiigr3oqk5h3y4r4e5d5/providers/Microsoft.Compute/virtualMachineScaleSets/vmss1/virtualMachines/1/networkInterfaces/vmss11060Nic/ipConfigurations/vmss11060IPConfig"},{"id":"/subscriptions/00000000-0000-0000-0000-000000000000/resourceGroups/cli_test_ppg_update_ir747bsgnvh2mdrktqwsok4q6f4iekznl5cbiigr3oqk5h3y4r4e5d5/providers/Microsoft.Compute/virtualMachineScaleSets/vmss1/virtualMachines/2/networkInterfaces/vmss11060Nic/ipConfigurations/vmss11060IPConfig"}]},"type":"Microsoft.Network/loadBalancers/backendAddressPools"}],"loadBalancingRules":[],"probes":[],"inboundNatRules":[{"name":"vmss1LBNatPool.1","id":"/subscriptions/00000000-0000-0000-0000-000000000000/resourceGroups/cli_test_ppg_update_ir747bsgnvh2mdrktqwsok4q6f4iekznl5cbiigr3oqk5h3y4r4e5d5/providers/Microsoft.Network/loadBalancers/vmss1LB/inboundNatRules/vmss1LBNatPool.1","etag":"W/\"9e83a621-890a-455b-a74d-9d0c8f50ef64\"","type":"Microsoft.Network/loadBalancers/inboundNatRules","properties":{"provisioningState":"Succeeded","frontendIPConfiguration":{"id":"/subscriptions/00000000-0000-0000-0000-000000000000/resourceGroups/cli_test_ppg_update_ir747bsgnvh2mdrktqwsok4q6f4iekznl5cbiigr3oqk5h3y4r4e5d5/providers/Microsoft.Network/loadBalancers/vmss1LB/frontendIPConfigurations/loadBalancerFrontEnd"},"frontendPort":50001,"backendPort":22,"enableFloatingIP":false,"idleTimeoutInMinutes":4,"protocol":"Tcp","enableDestinationServiceEndpoint":false,"enableTcpReset":false,"allowBackendPortConflict":false,"backendIPConfiguration":{"id":"/subscriptions/00000000-0000-0000-0000-000000000000/resourceGroups/cli_test_ppg_update_ir747bsgnvh2mdrktqwsok4q6f4iekznl5cbiigr3oqk5h3y4r4e5d5/providers/Microsoft.Compute/virtualMachineScaleSets/vmss1/virtualMachines/1/networkInterfaces/vmss11060Nic/ipConfigurations/vmss11060IPConfig"}}},{"name":"vmss1LBNatPool.2","id":"/subscriptions/00000000-0000-0000-0000-000000000000/resourceGroups/cli_test_ppg_update_ir747bsgnvh2mdrktqwsok4q6f4iekznl5cbiigr3oqk5h3y4r4e5d5/providers/Microsoft.Network/loadBalancers/vmss1LB/inboundNatRules/vmss1LBNatPool.2","etag":"W/\"9e83a621-890a-455b-a74d-9d0c8f50ef64\"","type":"Microsoft.Network/loadBalancers/inboundNatRules","properties":{"provisioningState":"Succeeded","frontendIPConfiguration":{"id":"/subscriptions/00000000-0000-0000-0000-000000000000/resourceGroups/cli_test_ppg_update_ir747bsgnvh2mdrktqwsok4q6f4iekznl5cbiigr3oqk5h3y4r4e5d5/providers/Microsoft.Network/loadBalancers/vmss1LB/frontendIPConfigurations/loadBalancerFrontEnd"},"frontendPort":50002,"backendPort":22,"enableFloatingIP":false,"idleTimeoutInMinutes":4,"protocol":"Tcp","enableDestinationServiceEndpoint":false,"enableTcpReset":false,"allowBackendPortConflict":false,"backendIPConfiguration":{"id":"/subscriptions/00000000-0000-0000-0000-000000000000/resourceGroups/cli_test_ppg_update_ir747bsgnvh2mdrktqwsok4q6f4iekznl5cbiigr3oqk5h3y4r4e5d5/providers/Microsoft.Compute/virtualMachineScaleSets/vmss1/virtualMachines/2/networkInterfaces/vmss11060Nic/ipConfigurations/vmss11060IPConfig"}}}],"inboundNatPools":[{"name":"vmss1LBNatPool","id":"/subscriptions/00000000-0000-0000-0000-000000000000/resourceGroups/cli_test_ppg_update_ir747bsgnvh2mdrktqwsok4q6f4iekznl5cbiigr3oqk5h3y4r4e5d5/providers/Microsoft.Network/loadBalancers/vmss1LB/inboundNatPools/vmss1LBNatPool","etag":"W/\"9e83a621-890a-455b-a74d-9d0c8f50ef64\"","properties":{"provisioningState":"Succeeded","frontendPortRangeStart":50000,"frontendPortRangeEnd":50119,"backendPort":22,"protocol":"Tcp","idleTimeoutInMinutes":4,"enableFloatingIP":false,"enableDestinationServiceEndpoint":false,"enableTcpReset":false,"allowBackendPortConflict":false,"frontendIPConfiguration":{"id":"/subscriptions/00000000-0000-0000-0000-000000000000/resourceGroups/cli_test_ppg_update_ir747bsgnvh2mdrktqwsok4q6f4iekznl5cbiigr3oqk5h3y4r4e5d5/providers/Microsoft.Network/loadBalancers/vmss1LB/frontendIPConfigurations/loadBalancerFrontEnd"}},"type":"Microsoft.Network/loadBalancers/inboundNatPools"}]},"sku":{"name":"Basic"}},{"name":"vmss1LB","id":"/subscriptions/00000000-0000-0000-0000-000000000000/resourceGroups/fytest2/providers/Microsoft.Network/loadBalancers/vmss1LB","etag":"W/\"ca0ed814-eab0-48fe-a6e2-07df2a891414\"","type":"Microsoft.Network/loadBalancers","location":"westus","tags":{},"properties":{"provisioningState":"Succeeded","resourceGuid":"802b7d9c-3eb4-497f-a6e6-4e3bee7a52d8","frontendIPConfigurations":[{"name":"loadBalancerFrontEnd","id":"/subscriptions/00000000-0000-0000-0000-000000000000/resourceGroups/fytest2/providers/Microsoft.Network/loadBalancers/vmss1LB/frontendIPConfigurations/loadBalancerFrontEnd","etag":"W/\"ca0ed814-eab0-48fe-a6e2-07df2a891414\"","type":"Microsoft.Network/loadBalancers/frontendIPConfigurations","properties":{"provisioningState":"Succeeded","privateIPAllocationMethod":"Dynamic","publicIPAddress":{"id":"/subscriptions/00000000-0000-0000-0000-000000000000/resourceGroups/fytest2/providers/Microsoft.Network/publicIPAddresses/vmss1LBPublicIP"},"inboundNatPools":[{"id":"/subscriptions/00000000-0000-0000-0000-000000000000/resourceGroups/fytest2/providers/Microsoft.Network/loadBalancers/vmss1LB/inboundNatPools/vmss1LBNatPool"}],"privateIPAddressVersion":"IPv4"}}],"backendAddressPools":[{"name":"vmss1LBBEPool","id":"/subscriptions/00000000-0000-0000-0000-000000000000/resourceGroups/fytest2/providers/Microsoft.Network/loadBalancers/vmss1LB/backendAddressPools/vmss1LBBEPool","etag":"W/\"ca0ed814-eab0-48fe-a6e2-07df2a891414\"","properties":{"provisioningState":"Succeeded"},"type":"Microsoft.Network/loadBalancers/backendAddressPools"}],"loadBalancingRules":[],"probes":[],"inboundNatRules":[],"inboundNatPools":[{"name":"vmss1LBNatPool","id":"/subscriptions/00000000-0000-0000-0000-000000000000/resourceGroups/fytest2/providers/Microsoft.Network/loadBalancers/vmss1LB/inboundNatPools/vmss1LBNatPool","etag":"W/\"ca0ed814-eab0-48fe-a6e2-07df2a891414\"","properties":{"provisioningState":"Succeeded","frontendPortRangeStart":50000,"frontendPortRangeEnd":50119,"backendPort":22,"protocol":"Tcp","idleTimeoutInMinutes":4,"enableFloatingIP":false,"enableDestinationServiceEndpoint":false,"enableTcpReset":false,"allowBackendPortConflict":false,"frontendIPConfiguration":{"id":"/subscriptions/00000000-0000-0000-0000-000000000000/resourceGroups/fytest2/providers/Microsoft.Network/loadBalancers/vmss1LB/frontendIPConfigurations/loadBalancerFrontEnd"}},"type":"Microsoft.Network/loadBalancers/inboundNatPools"}]},"sku":{"name":"Basic"}},{"name":"aadds-867b91367ab84a31a54e536fd2199e49-lb","id":"/subscriptions/00000000-0000-0000-0000-000000000000/resourceGroups/zuh/providers/Microsoft.Network/loadBalancers/aadds-867b91367ab84a31a54e536fd2199e49-lb","etag":"W/\"2e4c5e45-2d41-4179-b5b6-14b1645fd93a\"","type":"Microsoft.Network/loadBalancers","location":"eastus","properties":{"provisioningState":"Succeeded","resourceGuid":"c25e7976-4c15-4120-978f-1d716fc9b68f","frontendIPConfigurations":[{"name":"WPZUAOUAH6T7L50Fe","id":"/subscriptions/00000000-0000-0000-0000-000000000000/resourceGroups/zuh/providers/Microsoft.Network/loadBalancers/aadds-867b91367ab84a31a54e536fd2199e49-lb/frontendIPConfigurations/WPZUAOUAH6T7L50Fe","etag":"W/\"2e4c5e45-2d41-4179-b5b6-14b1645fd93a\"","type":"Microsoft.Network/loadBalancers/frontendIPConfigurations","properties":{"provisioningState":"Succeeded","privateIPAllocationMethod":"Dynamic","publicIPAddress":{"id":"/subscriptions/00000000-0000-0000-0000-000000000000/resourceGroups/zuh/providers/Microsoft.Network/publicIPAddresses/aadds-867b91367ab84a31a54e536fd2199e49-pip"},"inboundNatRules":[{"id":"/subscriptions/00000000-0000-0000-0000-000000000000/resourceGroups/zuh/providers/Microsoft.Network/loadBalancers/aadds-867b91367ab84a31a54e536fd2199e49-lb/inboundNatRules/INHGKMIOFO8VWUEPsh"},{"id":"/subscriptions/00000000-0000-0000-0000-000000000000/resourceGroups/zuh/providers/Microsoft.Network/loadBalancers/aadds-867b91367ab84a31a54e536fd2199e49-lb/inboundNatRules/INHGKMIOFO8VWUEHttps"},{"id":"/subscriptions/00000000-0000-0000-0000-000000000000/resourceGroups/zuh/providers/Microsoft.Network/loadBalancers/aadds-867b91367ab84a31a54e536fd2199e49-lb/inboundNatRules/BRMHKF8D4JAW76WPsh"}],"outboundRules":[{"id":"/subscriptions/00000000-0000-0000-0000-000000000000/resourceGroups/zuh/providers/Microsoft.Network/loadBalancers/aadds-867b91367ab84a31a54e536fd2199e49-lb/outboundRules/WPZUAOUAH6T7L50Ge"}],"privateIPAddressVersion":"IPv4"}}],"backendAddressPools":[{"name":"WPZUAOUAH6T7L50Be","id":"/subscriptions/00000000-0000-0000-0000-000000000000/resourceGroups/zuh/providers/Microsoft.Network/loadBalancers/aadds-867b91367ab84a31a54e536fd2199e49-lb/backendAddressPools/WPZUAOUAH6T7L50Be","etag":"W/\"2e4c5e45-2d41-4179-b5b6-14b1645fd93a\"","properties":{"provisioningState":"Succeeded","loadBalancerBackendAddresses":[{"name":"zuh_aadds-d516bde6efd946f4b0bbec1fdd7259ef-nicINHGKMIOFO8VWUEIpcfg","id":"/subscriptions/00000000-0000-0000-0000-000000000000/resourceGroups/zuh/providers/Microsoft.Network/loadBalancers/aadds-867b91367ab84a31a54e536fd2199e49-lb/backendAddressPools/WPZUAOUAH6T7L50Be/loadBalancerBackendAddresses/zuh_aadds-d516bde6efd946f4b0bbec1fdd7259ef-nicINHGKMIOFO8VWUEIpcfg","etag":"W/\"2e4c5e45-2d41-4179-b5b6-14b1645fd93a\"","properties":{"provisioningState":"Succeeded","networkInterfaceIPConfiguration":{"id":"/subscriptions/00000000-0000-0000-0000-000000000000/resourceGroups/zuh/providers/Microsoft.Network/networkInterfaces/aadds-d516bde6efd946f4b0bbec1fdd7259ef-nic/ipConfigurations/INHGKMIOFO8VWUEIpcfg"}},"type":"Microsoft.Network/loadBalancers/backendAddressPools/loadBalancerBackendAddresses"},{"name":"zuh_aadds-e5d46dabe08f4148acfb02778268b842-nicBRMHKF8D4JAW76WIpcfg","id":"/subscriptions/00000000-0000-0000-0000-000000000000/resourceGroups/zuh/providers/Microsoft.Network/loadBalancers/aadds-867b91367ab84a31a54e536fd2199e49-lb/backendAddressPools/WPZUAOUAH6T7L50Be/loadBalancerBackendAddresses/zuh_aadds-e5d46dabe08f4148acfb02778268b842-nicBRMHKF8D4JAW76WIpcfg","etag":"W/\"2e4c5e45-2d41-4179-b5b6-14b1645fd93a\"","properties":{"provisioningState":"Succeeded","networkInterfaceIPConfiguration":{"id":"/subscriptions/00000000-0000-0000-0000-000000000000/resourceGroups/zuh/providers/Microsoft.Network/networkInterfaces/aadds-e5d46dabe08f4148acfb02778268b842-nic/ipConfigurations/BRMHKF8D4JAW76WIpcfg"}},"type":"Microsoft.Network/loadBalancers/backendAddressPools/loadBalancerBackendAddresses"}],"outboundRules":[{"id":"/subscriptions/00000000-0000-0000-0000-000000000000/resourceGroups/zuh/providers/Microsoft.Network/loadBalancers/aadds-867b91367ab84a31a54e536fd2199e49-lb/outboundRules/WPZUAOUAH6T7L50Ge"}],"backendIPConfigurations":[{"id":"/subscriptions/00000000-0000-0000-0000-000000000000/resourceGroups/zuh/providers/Microsoft.Network/networkInterfaces/aadds-d516bde6efd946f4b0bbec1fdd7259ef-nic/ipConfigurations/INHGKMIOFO8VWUEIpcfg"},{"id":"/subscriptions/00000000-0000-0000-0000-000000000000/resourceGroups/zuh/providers/Microsoft.Network/networkInterfaces/aadds-e5d46dabe08f4148acfb02778268b842-nic/ipConfigurations/BRMHKF8D4JAW76WIpcfg"}]},"type":"Microsoft.Network/loadBalancers/backendAddressPools"}],"loadBalancingRules":[],"probes":[],"inboundNatRules":[{"name":"INHGKMIOFO8VWUEPsh","id":"/subscriptions/00000000-0000-0000-0000-000000000000/resourceGroups/zuh/providers/Microsoft.Network/loadBalancers/aadds-867b91367ab84a31a54e536fd2199e49-lb/inboundNatRules/INHGKMIOFO8VWUEPsh","etag":"W/\"2e4c5e45-2d41-4179-b5b6-14b1645fd93a\"","type":"Microsoft.Network/loadBalancers/inboundNatRules","properties":{"provisioningState":"Succeeded","frontendIPConfiguration":{"id":"/subscriptions/00000000-0000-0000-0000-000000000000/resourceGroups/zuh/providers/Microsoft.Network/loadBalancers/aadds-867b91367ab84a31a54e536fd2199e49-lb/frontendIPConfigurations/WPZUAOUAH6T7L50Fe"},"frontendPort":5986,"backendPort":5986,"enableFloatingIP":false,"idleTimeoutInMinutes":15,"protocol":"Tcp","enableDestinationServiceEndpoint":false,"enableTcpReset":false,"allowBackendPortConflict":false,"backendIPConfiguration":{"id":"/subscriptions/00000000-0000-0000-0000-000000000000/resourceGroups/zuh/providers/Microsoft.Network/networkInterfaces/aadds-d516bde6efd946f4b0bbec1fdd7259ef-nic/ipConfigurations/INHGKMIOFO8VWUEIpcfg"}}},{"name":"INHGKMIOFO8VWUEHttps","id":"/subscriptions/00000000-0000-0000-0000-000000000000/resourceGroups/zuh/providers/Microsoft.Network/loadBalancers/aadds-867b91367ab84a31a54e536fd2199e49-lb/inboundNatRules/INHGKMIOFO8VWUEHttps","etag":"W/\"2e4c5e45-2d41-4179-b5b6-14b1645fd93a\"","type":"Microsoft.Network/loadBalancers/inboundNatRules","properties":{"provisioningState":"Succeeded","frontendIPConfiguration":{"id":"/subscriptions/00000000-0000-0000-0000-000000000000/resourceGroups/zuh/providers/Microsoft.Network/loadBalancers/aadds-867b91367ab84a31a54e536fd2199e49-lb/frontendIPConfigurations/WPZUAOUAH6T7L50Fe"},"frontendPort":443,"backendPort":443,"enableFloatingIP":false,"idleTimeoutInMinutes":15,"protocol":"Tcp","enableDestinationServiceEndpoint":false,"enableTcpReset":false,"allowBackendPortConflict":false,"backendIPConfiguration":{"id":"/subscriptions/00000000-0000-0000-0000-000000000000/resourceGroups/zuh/providers/Microsoft.Network/networkInterfaces/aadds-d516bde6efd946f4b0bbec1fdd7259ef-nic/ipConfigurations/INHGKMIOFO8VWUEIpcfg"}}},{"name":"BRMHKF8D4JAW76WPsh","id":"/subscriptions/00000000-0000-0000-0000-000000000000/resourceGroups/zuh/providers/Microsoft.Network/loadBalancers/aadds-867b91367ab84a31a54e536fd2199e49-lb/inboundNatRules/BRMHKF8D4JAW76WPsh","etag":"W/\"2e4c5e45-2d41-4179-b5b6-14b1645fd93a\"","type":"Microsoft.Network/loadBalancers/inboundNatRules","properties":{"provisioningState":"Succeeded","frontendIPConfiguration":{"id":"/subscriptions/00000000-0000-0000-0000-000000000000/resourceGroups/zuh/providers/Microsoft.Network/loadBalancers/aadds-867b91367ab84a31a54e536fd2199e49-lb/frontendIPConfigurations/WPZUAOUAH6T7L50Fe"},"frontendPort":5987,"backendPort":5986,"enableFloatingIP":false,"idleTimeoutInMinutes":15,"protocol":"Tcp","enableDestinationServiceEndpoint":false,"enableTcpReset":false,"allowBackendPortConflict":false,"backendIPConfiguration":{"id":"/subscriptions/00000000-0000-0000-0000-000000000000/resourceGroups/zuh/providers/Microsoft.Network/networkInterfaces/aadds-e5d46dabe08f4148acfb02778268b842-nic/ipConfigurations/BRMHKF8D4JAW76WIpcfg"}}}],"outboundRules":[{"name":"WPZUAOUAH6T7L50Ge","id":"/subscriptions/00000000-0000-0000-0000-000000000000/resourceGroups/zuh/providers/Microsoft.Network/loadBalancers/aadds-867b91367ab84a31a54e536fd2199e49-lb/outboundRules/WPZUAOUAH6T7L50Ge","etag":"W/\"2e4c5e45-2d41-4179-b5b6-14b1645fd93a\"","type":"Microsoft.Network/loadBalancers/outboundRules","properties":{"provisioningState":"Succeeded","allocatedOutboundPorts":1024,"protocol":"Tcp","enableTcpReset":false,"idleTimeoutInMinutes":4,"backendAddressPool":{"id":"/subscriptions/00000000-0000-0000-0000-000000000000/resourceGroups/zuh/providers/Microsoft.Network/loadBalancers/aadds-867b91367ab84a31a54e536fd2199e49-lb/backendAddressPools/WPZUAOUAH6T7L50Be"},"frontendIPConfigurations":[{"id":"/subscriptions/00000000-0000-0000-0000-000000000000/resourceGroups/zuh/providers/Microsoft.Network/loadBalancers/aadds-867b91367ab84a31a54e536fd2199e49-lb/frontendIPConfigurations/WPZUAOUAH6T7L50Fe"}]}}],"inboundNatPools":[]},"sku":{"name":"Standard"}},{"name":"lb1","id":"/subscriptions/00000000-0000-0000-0000-000000000000/resourceGroups/cli_test_network_lb_zonelhpy76gisdjemt7qmguzhpmf4unoo3ujsvnjyyszcohsgdfvvwr/providers/Microsoft.Network/loadBalancers/lb1","etag":"W/\"35258f6e-57b7-41e1-8c13-e017428eeb62\"","type":"Microsoft.Network/loadBalancers","location":"eastus2","tags":{},"properties":{"provisioningState":"Succeeded","resourceGuid":"c197866e-4e48-4f70-8a7d-a4e1b3e1a968","frontendIPConfigurations":[{"name":"LoadBalancerFrontEnd","id":"/subscriptions/00000000-0000-0000-0000-000000000000/resourceGroups/cli_test_network_lb_zonelhpy76gisdjemt7qmguzhpmf4unoo3ujsvnjyyszcohsgdfvvwr/providers/Microsoft.Network/loadBalancers/lb1/frontendIPConfigurations/LoadBalancerFrontEnd","etag":"W/\"35258f6e-57b7-41e1-8c13-e017428eeb62\"","type":"Microsoft.Network/loadBalancers/frontendIPConfigurations","properties":{"provisioningState":"Succeeded","privateIPAllocationMethod":"Dynamic","publicIPAddress":{"id":"/subscriptions/00000000-0000-0000-0000-000000000000/resourceGroups/cli_test_network_lb_zonelhpy76gisdjemt7qmguzhpmf4unoo3ujsvnjyyszcohsgdfvvwr/providers/Microsoft.Network/publicIPAddresses/pubip1"},"privateIPAddressVersion":"IPv4"}}],"backendAddressPools":[{"name":"lb1bepool","id":"/subscriptions/00000000-0000-0000-0000-000000000000/resourceGroups/cli_test_network_lb_zonelhpy76gisdjemt7qmguzhpmf4unoo3ujsvnjyyszcohsgdfvvwr/providers/Microsoft.Network/loadBalancers/lb1/backendAddressPools/lb1bepool","etag":"W/\"35258f6e-57b7-41e1-8c13-e017428eeb62\"","properties":{"provisioningState":"Succeeded"},"type":"Microsoft.Network/loadBalancers/backendAddressPools"}],"loadBalancingRules":[],"probes":[],"inboundNatRules":[],"inboundNatPools":[]},"sku":{"name":"Basic"}},{"name":"lb2","id":"/subscriptions/00000000-0000-0000-0000-000000000000/resourceGroups/cli_test_network_lb_zonelhpy76gisdjemt7qmguzhpmf4unoo3ujsvnjyyszcohsgdfvvwr/providers/Microsoft.Network/loadBalancers/lb2","etag":"W/\"5837c998-9b2d-4b4b-a50b-cef9782859a1\"","type":"Microsoft.Network/loadBalancers","location":"eastus2","tags":{},"properties":{"provisioningState":"Succeeded","resourceGuid":"328f0032-4f4e-4d4e-8e3d-f40667197301","frontendIPConfigurations":[{"name":"LoadBalancerFrontEnd","id":"/subscriptions/00000000-0000-0000-0000-000000000000/resourceGroups/cli_test_network_lb_zonelhpy76gisdjemt7qmguzhpmf4unoo3ujsvnjyyszcohsgdfvvwr/providers/Microsoft.Network/loadBalancers/lb2/frontendIPConfigurations/LoadBalancerFrontEnd","etag":"W/\"5837c998-9b2d-4b4b-a50b-cef9782859a1\"","type":"Microsoft.Network/loadBalancers/frontendIPConfigurations","properties":{"provisioningState":"Succeeded","privateIPAddress":"10.0.0.4","privateIPAllocationMethod":"Dynamic","subnet":{"id":"/subscriptions/00000000-0000-0000-0000-000000000000/resourceGroups/cli_test_network_lb_zonelhpy76gisdjemt7qmguzhpmf4unoo3ujsvnjyyszcohsgdfvvwr/providers/Microsoft.Network/virtualNetworks/vnet1/subnets/subnet1"},"privateIPAddressVersion":"IPv4"},"zones":["2"]},{"name":"LoadBalancerFrontEnd2","id":"/subscriptions/00000000-0000-0000-0000-000000000000/resourceGroups/cli_test_network_lb_zonelhpy76gisdjemt7qmguzhpmf4unoo3ujsvnjyyszcohsgdfvvwr/providers/Microsoft.Network/loadBalancers/lb2/frontendIPConfigurations/LoadBalancerFrontEnd2","etag":"W/\"5837c998-9b2d-4b4b-a50b-cef9782859a1\"","type":"Microsoft.Network/loadBalancers/frontendIPConfigurations","properties":{"provisioningState":"Succeeded","privateIPAddress":"10.0.0.5","privateIPAllocationMethod":"Dynamic","subnet":{"id":"/subscriptions/00000000-0000-0000-0000-000000000000/resourceGroups/cli_test_network_lb_zonelhpy76gisdjemt7qmguzhpmf4unoo3ujsvnjyyszcohsgdfvvwr/providers/Microsoft.Network/virtualNetworks/vnet1/subnets/subnet1"},"privateIPAddressVersion":"IPv4"},"zones":["2"]}],"backendAddressPools":[{"name":"lb2bepool","id":"/subscriptions/00000000-0000-0000-0000-000000000000/resourceGroups/cli_test_network_lb_zonelhpy76gisdjemt7qmguzhpmf4unoo3ujsvnjyyszcohsgdfvvwr/providers/Microsoft.Network/loadBalancers/lb2/backendAddressPools/lb2bepool","etag":"W/\"5837c998-9b2d-4b4b-a50b-cef9782859a1\"","properties":{"provisioningState":"Succeeded"},"type":"Microsoft.Network/loadBalancers/backendAddressPools"}],"loadBalancingRules":[],"probes":[],"inboundNatRules":[],"inboundNatPools":[]},"sku":{"name":"Basic"}},{"name":"lb1","id":"/subscriptions/00000000-0000-0000-0000-000000000000/resourceGroups/test_network_lb_outbound_ruleslijm6xyoelkh4dh7fw5tkxw77f4ds322dkt2xilrezcx2/providers/Microsoft.Network/loadBalancers/lb1","etag":"W/\"faa1e53a-a708-4634-8942-03c33d813b7e\"","type":"Microsoft.Network/loadBalancers","location":"eastus2","tags":{},"properties":{"provisioningState":"Succeeded","resourceGuid":"0e2baf1c-5739-4d83-8b52-594e15e06dec","frontendIPConfigurations":[{"name":"LoadBalancerFrontEnd","id":"/subscriptions/00000000-0000-0000-0000-000000000000/resourceGroups/test_network_lb_outbound_ruleslijm6xyoelkh4dh7fw5tkxw77f4ds322dkt2xilrezcx2/providers/Microsoft.Network/loadBalancers/lb1/frontendIPConfigurations/LoadBalancerFrontEnd","etag":"W/\"faa1e53a-a708-4634-8942-03c33d813b7e\"","type":"Microsoft.Network/loadBalancers/frontendIPConfigurations","properties":{"provisioningState":"Succeeded","privateIPAllocationMethod":"Dynamic","publicIPAddress":{"id":"/subscriptions/00000000-0000-0000-0000-000000000000/resourceGroups/test_network_lb_outbound_ruleslijm6xyoelkh4dh7fw5tkxw77f4ds322dkt2xilrezcx2/providers/Microsoft.Network/publicIPAddresses/PublicIPlb1"},"outboundRules":[{"id":"/subscriptions/00000000-0000-0000-0000-000000000000/resourceGroups/test_network_lb_outbound_ruleslijm6xyoelkh4dh7fw5tkxw77f4ds322dkt2xilrezcx2/providers/Microsoft.Network/loadBalancers/lb1/outboundRules/rule1"}],"privateIPAddressVersion":"IPv4"}},{"name":"prefixFrontEnd","id":"/subscriptions/00000000-0000-0000-0000-000000000000/resourceGroups/test_network_lb_outbound_ruleslijm6xyoelkh4dh7fw5tkxw77f4ds322dkt2xilrezcx2/providers/Microsoft.Network/loadBalancers/lb1/frontendIPConfigurations/prefixFrontEnd","etag":"W/\"faa1e53a-a708-4634-8942-03c33d813b7e\"","type":"Microsoft.Network/loadBalancers/frontendIPConfigurations","properties":{"provisioningState":"Succeeded","privateIPAllocationMethod":"Dynamic","outboundRules":[{"id":"/subscriptions/00000000-0000-0000-0000-000000000000/resourceGroups/test_network_lb_outbound_ruleslijm6xyoelkh4dh7fw5tkxw77f4ds322dkt2xilrezcx2/providers/Microsoft.Network/loadBalancers/lb1/outboundRules/rule2"}],"publicIPPrefix":{"id":"/subscriptions/00000000-0000-0000-0000-000000000000/resourceGroups/test_network_lb_outbound_ruleslijm6xyoelkh4dh7fw5tkxw77f4ds322dkt2xilrezcx2/providers/Microsoft.Network/publicIPPrefixes/prefix1"},"privateIPAddressVersion":"IPv4"}}],"backendAddressPools":[{"name":"lb1bepool","id":"/subscriptions/00000000-0000-0000-0000-000000000000/resourceGroups/test_network_lb_outbound_ruleslijm6xyoelkh4dh7fw5tkxw77f4ds322dkt2xilrezcx2/providers/Microsoft.Network/loadBalancers/lb1/backendAddressPools/lb1bepool","etag":"W/\"faa1e53a-a708-4634-8942-03c33d813b7e\"","properties":{"provisioningState":"Succeeded","loadBalancerBackendAddresses":[],"outboundRules":[{"id":"/subscriptions/00000000-0000-0000-0000-000000000000/resourceGroups/test_network_lb_outbound_ruleslijm6xyoelkh4dh7fw5tkxw77f4ds322dkt2xilrezcx2/providers/Microsoft.Network/loadBalancers/lb1/outboundRules/rule1"},{"id":"/subscriptions/00000000-0000-0000-0000-000000000000/resourceGroups/test_network_lb_outbound_ruleslijm6xyoelkh4dh7fw5tkxw77f4ds322dkt2xilrezcx2/providers/Microsoft.Network/loadBalancers/lb1/outboundRules/rule2"}]},"type":"Microsoft.Network/loadBalancers/backendAddressPools"}],"loadBalancingRules":[],"probes":[],"inboundNatRules":[],"outboundRules":[{"name":"rule1","id":"/subscriptions/00000000-0000-0000-0000-000000000000/resourceGroups/test_network_lb_outbound_ruleslijm6xyoelkh4dh7fw5tkxw77f4ds322dkt2xilrezcx2/providers/Microsoft.Network/loadBalancers/lb1/outboundRules/rule1","etag":"W/\"faa1e53a-a708-4634-8942-03c33d813b7e\"","type":"Microsoft.Network/loadBalancers/outboundRules","properties":{"provisioningState":"Succeeded","allocatedOutboundPorts":512,"protocol":"Tcp","enableTcpReset":true,"idleTimeoutInMinutes":4,"backendAddressPool":{"id":"/subscriptions/00000000-0000-0000-0000-000000000000/resourceGroups/test_network_lb_outbound_ruleslijm6xyoelkh4dh7fw5tkxw77f4ds322dkt2xilrezcx2/providers/Microsoft.Network/loadBalancers/lb1/backendAddressPools/lb1bepool"},"frontendIPConfigurations":[{"id":"/subscriptions/00000000-0000-0000-0000-000000000000/resourceGroups/test_network_lb_outbound_ruleslijm6xyoelkh4dh7fw5tkxw77f4ds322dkt2xilrezcx2/providers/Microsoft.Network/loadBalancers/lb1/frontendIPConfigurations/LoadBalancerFrontEnd"}]}},{"name":"rule2","id":"/subscriptions/00000000-0000-0000-0000-000000000000/resourceGroups/test_network_lb_outbound_ruleslijm6xyoelkh4dh7fw5tkxw77f4ds322dkt2xilrezcx2/providers/Microsoft.Network/loadBalancers/lb1/outboundRules/rule2","etag":"W/\"faa1e53a-a708-4634-8942-03c33d813b7e\"","type":"Microsoft.Network/loadBalancers/outboundRules","properties":{"provisioningState":"Succeeded","allocatedOutboundPorts":1024,"protocol":"All","enableTcpReset":false,"idleTimeoutInMinutes":20,"backendAddressPool":{"id":"/subscriptions/00000000-0000-0000-0000-000000000000/resourceGroups/test_network_lb_outbound_ruleslijm6xyoelkh4dh7fw5tkxw77f4ds322dkt2xilrezcx2/providers/Microsoft.Network/loadBalancers/lb1/backendAddressPools/lb1bepool"},"frontendIPConfigurations":[{"id":"/subscriptions/00000000-0000-0000-0000-000000000000/resourceGroups/test_network_lb_outbound_ruleslijm6xyoelkh4dh7fw5tkxw77f4ds322dkt2xilrezcx2/providers/Microsoft.Network/loadBalancers/lb1/frontendIPConfigurations/prefixFrontEnd"}]}}],"inboundNatPools":[]},"sku":{"name":"Standard"}},{"name":"lb4","id":"/subscriptions/00000000-0000-0000-0000-000000000000/resourceGroups/cli_test_network_lb_zonelhpy76gisdjemt7qmguzhpmf4unoo3ujsvnjyyszcohsgdfvvwr/providers/Microsoft.Network/loadBalancers/lb4","etag":"W/\"ec694f32-7815-463a-9be1-2fe968b597b0\"","type":"Microsoft.Network/loadBalancers","location":"westcentralus","tags":{},"properties":{"provisioningState":"Succeeded","resourceGuid":"e10c29da-04c7-4cd8-8885-46c8eb478aec","frontendIPConfigurations":[{"name":"LoadBalancerFrontEnd","id":"/subscriptions/00000000-0000-0000-0000-000000000000/resourceGroups/cli_test_network_lb_zonelhpy76gisdjemt7qmguzhpmf4unoo3ujsvnjyyszcohsgdfvvwr/providers/Microsoft.Network/loadBalancers/lb4/frontendIPConfigurations/LoadBalancerFrontEnd","etag":"W/\"ec694f32-7815-463a-9be1-2fe968b597b0\"","type":"Microsoft.Network/loadBalancers/frontendIPConfigurations","properties":{"provisioningState":"Succeeded","privateIPAllocationMethod":"Dynamic","publicIPAddress":{"id":"/subscriptions/00000000-0000-0000-0000-000000000000/resourceGroups/cli_test_network_lb_zonelhpy76gisdjemt7qmguzhpmf4unoo3ujsvnjyyszcohsgdfvvwr/providers/Microsoft.Network/publicIPAddresses/PublicIPlb4"},"privateIPAddressVersion":"IPv4"}},{"name":"ipv6","id":"/subscriptions/00000000-0000-0000-0000-000000000000/resourceGroups/cli_test_network_lb_zonelhpy76gisdjemt7qmguzhpmf4unoo3ujsvnjyyszcohsgdfvvwr/providers/Microsoft.Network/loadBalancers/lb4/frontendIPConfigurations/ipv6","etag":"W/\"ec694f32-7815-463a-9be1-2fe968b597b0\"","type":"Microsoft.Network/loadBalancers/frontendIPConfigurations","properties":{"provisioningState":"Succeeded","privateIPAllocationMethod":"Dynamic","publicIPAddress":{"id":"/subscriptions/00000000-0000-0000-0000-000000000000/resourceGroups/cli_test_network_lb_zonelhpy76gisdjemt7qmguzhpmf4unoo3ujsvnjyyszcohsgdfvvwr/providers/Microsoft.Network/publicIPAddresses/pubip2"},"privateIPAddressVersion":"IPv6"}}],"backendAddressPools":[{"name":"lb4bepool","id":"/subscriptions/00000000-0000-0000-0000-000000000000/resourceGroups/cli_test_network_lb_zonelhpy76gisdjemt7qmguzhpmf4unoo3ujsvnjyyszcohsgdfvvwr/providers/Microsoft.Network/loadBalancers/lb4/backendAddressPools/lb4bepool","etag":"W/\"ec694f32-7815-463a-9be1-2fe968b597b0\"","properties":{"provisioningState":"Succeeded","loadBalancerBackendAddresses":[]},"type":"Microsoft.Network/loadBalancers/backendAddressPools"}],"loadBalancingRules":[],"probes":[],"inboundNatRules":[],"outboundRules":[],"inboundNatPools":[]},"sku":{"name":"Standard"}}]}'
    headers:
      cache-control:
      - no-cache
      content-length:
      - '41230'
      content-type:
      - application/json; charset=utf-8
      date:
      - Thu, 12 Nov 2020 07:38:55 GMT
      expires:
      - '-1'
      pragma:
      - no-cache
      strict-transport-security:
      - max-age=31536000; includeSubDomains
      vary:
      - Accept-Encoding
      x-content-type-options:
      - nosniff
      x-ms-original-request-ids:
      - 885baa44-2e7b-49ef-adbd-676922803a2b
      - ce34b673-03b9-4214-8bb5-e41fe6469788
      - 95dd607a-90df-4469-849d-5cafc95c18ed
      - 8c3ff188-54ba-4cba-9581-d8f03e868827
    status:
      code: 200
      message: OK
- request:
    body: null
    headers:
      Accept:
      - application/json
      Accept-Encoding:
      - gzip, deflate
      CommandName:
      - network lb list
      Connection:
      - keep-alive
      ParameterSetName:
      - --resource-group
      User-Agent:
      - python/3.7.4 (Linux-4.15.0-122-generic-x86_64-with-debian-buster-sid) msrest/0.6.18
        msrest_azure/0.6.3 azure-mgmt-network/12.0.0 Azure-SDK-For-Python AZURECLI/2.14.1
      accept-language:
      - en-US
    method: GET
    uri: https://management.azure.com/subscriptions/00000000-0000-0000-0000-000000000000/resourceGroups/cli_test_load_balancer000001/providers/Microsoft.Network/loadBalancers?api-version=2020-06-01
  response:
    body:
      string: "{\r\n  \"value\": [\r\n    {\r\n      \"name\": \"lb1\",\r\n      \"\
        id\": \"/subscriptions/00000000-0000-0000-0000-000000000000/resourceGroups/cli_test_load_balancer000001/providers/Microsoft.Network/loadBalancers/lb1\"\
        ,\r\n      \"etag\": \"W/\\\"6bba9040-2da9-4626-8186-fd0ba6e1613f\\\"\",\r\
        \n      \"type\": \"Microsoft.Network/loadBalancers\",\r\n      \"location\"\
        : \"westus\",\r\n      \"tags\": {},\r\n      \"properties\": {\r\n      \
        \  \"provisioningState\": \"Succeeded\",\r\n        \"resourceGuid\": \"01cbcee8-3ace-411a-8b80-63a374d35ec5\"\
        ,\r\n        \"frontendIPConfigurations\": [\r\n          {\r\n          \
        \  \"name\": \"LoadBalancerFrontEnd\",\r\n            \"id\": \"/subscriptions/00000000-0000-0000-0000-000000000000/resourceGroups/cli_test_load_balancer000001/providers/Microsoft.Network/loadBalancers/lb1/frontendIPConfigurations/LoadBalancerFrontEnd\"\
        ,\r\n            \"etag\": \"W/\\\"6bba9040-2da9-4626-8186-fd0ba6e1613f\\\"\
        \",\r\n            \"type\": \"Microsoft.Network/loadBalancers/frontendIPConfigurations\"\
        ,\r\n            \"properties\": {\r\n              \"provisioningState\"\
        : \"Succeeded\",\r\n              \"privateIPAllocationMethod\": \"Dynamic\"\
        ,\r\n              \"publicIPAddress\": {\r\n                \"id\": \"/subscriptions/00000000-0000-0000-0000-000000000000/resourceGroups/cli_test_load_balancer000001/providers/Microsoft.Network/publicIPAddresses/PublicIPlb1\"\
        \r\n              },\r\n              \"privateIPAddressVersion\": \"IPv4\"\
        \r\n            }\r\n          }\r\n        ],\r\n        \"backendAddressPools\"\
        : [\r\n          {\r\n            \"name\": \"lb1bepool\",\r\n           \
        \ \"id\": \"/subscriptions/00000000-0000-0000-0000-000000000000/resourceGroups/cli_test_load_balancer000001/providers/Microsoft.Network/loadBalancers/lb1/backendAddressPools/lb1bepool\"\
        ,\r\n            \"etag\": \"W/\\\"6bba9040-2da9-4626-8186-fd0ba6e1613f\\\"\
        \",\r\n            \"properties\": {\r\n              \"provisioningState\"\
        : \"Succeeded\"\r\n            },\r\n            \"type\": \"Microsoft.Network/loadBalancers/backendAddressPools\"\
        \r\n          }\r\n        ],\r\n        \"loadBalancingRules\": [],\r\n \
        \       \"probes\": [],\r\n        \"inboundNatRules\": [],\r\n        \"\
        inboundNatPools\": []\r\n      },\r\n      \"sku\": {\r\n        \"name\"\
        : \"Basic\"\r\n      }\r\n    },\r\n    {\r\n      \"name\": \"lb2\",\r\n\
        \      \"id\": \"/subscriptions/00000000-0000-0000-0000-000000000000/resourceGroups/cli_test_load_balancer000001/providers/Microsoft.Network/loadBalancers/lb2\"\
        ,\r\n      \"etag\": \"W/\\\"94d306dc-74b8-4efd-92c7-f447b9f77e52\\\"\",\r\
        \n      \"type\": \"Microsoft.Network/loadBalancers\",\r\n      \"location\"\
        : \"westus\",\r\n      \"tags\": {\r\n        \"foo\": \"doo\"\r\n      },\r\
        \n      \"properties\": {\r\n        \"provisioningState\": \"Succeeded\"\
        ,\r\n        \"resourceGuid\": \"cec72580-3cc0-4e7e-9a3c-1bd1a2f0884d\",\r\
        \n        \"frontendIPConfigurations\": [\r\n          {\r\n            \"\
        name\": \"LoadBalancerFrontEnd\",\r\n            \"id\": \"/subscriptions/00000000-0000-0000-0000-000000000000/resourceGroups/cli_test_load_balancer000001/providers/Microsoft.Network/loadBalancers/lb2/frontendIPConfigurations/LoadBalancerFrontEnd\"\
        ,\r\n            \"etag\": \"W/\\\"94d306dc-74b8-4efd-92c7-f447b9f77e52\\\"\
        \",\r\n            \"type\": \"Microsoft.Network/loadBalancers/frontendIPConfigurations\"\
        ,\r\n            \"properties\": {\r\n              \"provisioningState\"\
        : \"Succeeded\",\r\n              \"privateIPAllocationMethod\": \"Dynamic\"\
        ,\r\n              \"publicIPAddress\": {\r\n                \"id\": \"/subscriptions/00000000-0000-0000-0000-000000000000/resourceGroups/cli_test_load_balancer000001/providers/Microsoft.Network/publicIPAddresses/PublicIPlb2\"\
        \r\n              },\r\n              \"privateIPAddressVersion\": \"IPv4\"\
        \r\n            }\r\n          }\r\n        ],\r\n        \"backendAddressPools\"\
        : [\r\n          {\r\n            \"name\": \"lb2bepool\",\r\n           \
        \ \"id\": \"/subscriptions/00000000-0000-0000-0000-000000000000/resourceGroups/cli_test_load_balancer000001/providers/Microsoft.Network/loadBalancers/lb2/backendAddressPools/lb2bepool\"\
        ,\r\n            \"etag\": \"W/\\\"94d306dc-74b8-4efd-92c7-f447b9f77e52\\\"\
        \",\r\n            \"properties\": {\r\n              \"provisioningState\"\
        : \"Succeeded\"\r\n            },\r\n            \"type\": \"Microsoft.Network/loadBalancers/backendAddressPools\"\
        \r\n          }\r\n        ],\r\n        \"loadBalancingRules\": [],\r\n \
        \       \"probes\": [],\r\n        \"inboundNatRules\": [],\r\n        \"\
        inboundNatPools\": []\r\n      },\r\n      \"sku\": {\r\n        \"name\"\
        : \"Basic\"\r\n      }\r\n    },\r\n    {\r\n      \"name\": \"lb3\",\r\n\
        \      \"id\": \"/subscriptions/00000000-0000-0000-0000-000000000000/resourceGroups/cli_test_load_balancer000001/providers/Microsoft.Network/loadBalancers/lb3\"\
        ,\r\n      \"etag\": \"W/\\\"d30357dc-0e3d-4132-ba7b-bcd0ee7bf537\\\"\",\r\
        \n      \"type\": \"Microsoft.Network/loadBalancers\",\r\n      \"location\"\
        : \"westus\",\r\n      \"tags\": {},\r\n      \"properties\": {\r\n      \
        \  \"provisioningState\": \"Succeeded\",\r\n        \"resourceGuid\": \"77205aa1-cbaf-46ad-a7bb-3af01917e054\"\
        ,\r\n        \"frontendIPConfigurations\": [\r\n          {\r\n          \
        \  \"name\": \"LoadBalancerFrontEnd\",\r\n            \"id\": \"/subscriptions/00000000-0000-0000-0000-000000000000/resourceGroups/cli_test_load_balancer000001/providers/Microsoft.Network/loadBalancers/lb3/frontendIPConfigurations/LoadBalancerFrontEnd\"\
        ,\r\n            \"etag\": \"W/\\\"d30357dc-0e3d-4132-ba7b-bcd0ee7bf537\\\"\
        \",\r\n            \"type\": \"Microsoft.Network/loadBalancers/frontendIPConfigurations\"\
        ,\r\n            \"properties\": {\r\n              \"provisioningState\"\
        : \"Succeeded\",\r\n              \"privateIPAddress\": \"10.0.0.15\",\r\n\
        \              \"privateIPAllocationMethod\": \"Static\",\r\n            \
        \  \"subnet\": {\r\n                \"id\": \"/subscriptions/00000000-0000-0000-0000-000000000000/resourceGroups/cli_test_load_balancer000001/providers/Microsoft.Network/virtualNetworks/mytestvnet/subnets/default\"\
        \r\n              },\r\n              \"privateIPAddressVersion\": \"IPv4\"\
        \r\n            }\r\n          }\r\n        ],\r\n        \"backendAddressPools\"\
        : [\r\n          {\r\n            \"name\": \"lb3bepool\",\r\n           \
        \ \"id\": \"/subscriptions/00000000-0000-0000-0000-000000000000/resourceGroups/cli_test_load_balancer000001/providers/Microsoft.Network/loadBalancers/lb3/backendAddressPools/lb3bepool\"\
        ,\r\n            \"etag\": \"W/\\\"d30357dc-0e3d-4132-ba7b-bcd0ee7bf537\\\"\
        \",\r\n            \"properties\": {\r\n              \"provisioningState\"\
        : \"Succeeded\"\r\n            },\r\n            \"type\": \"Microsoft.Network/loadBalancers/backendAddressPools\"\
        \r\n          }\r\n        ],\r\n        \"loadBalancingRules\": [],\r\n \
        \       \"probes\": [],\r\n        \"inboundNatRules\": [],\r\n        \"\
        inboundNatPools\": []\r\n      },\r\n      \"sku\": {\r\n        \"name\"\
        : \"Basic\"\r\n      }\r\n    },\r\n    {\r\n      \"name\": \"lb4\",\r\n\
        \      \"id\": \"/subscriptions/00000000-0000-0000-0000-000000000000/resourceGroups/cli_test_load_balancer000001/providers/Microsoft.Network/loadBalancers/lb4\"\
        ,\r\n      \"etag\": \"W/\\\"a2723512-950a-4969-b563-b7e087a18766\\\"\",\r\
        \n      \"type\": \"Microsoft.Network/loadBalancers\",\r\n      \"location\"\
        : \"westus\",\r\n      \"tags\": {},\r\n      \"properties\": {\r\n      \
        \  \"provisioningState\": \"Succeeded\",\r\n        \"resourceGuid\": \"215872e8-d8f0-4649-a1bd-7973b45b25e9\"\
        ,\r\n        \"frontendIPConfigurations\": [\r\n          {\r\n          \
        \  \"name\": \"LoadBalancerFrontEnd\",\r\n            \"id\": \"/subscriptions/00000000-0000-0000-0000-000000000000/resourceGroups/cli_test_load_balancer000001/providers/Microsoft.Network/loadBalancers/lb4/frontendIPConfigurations/LoadBalancerFrontEnd\"\
        ,\r\n            \"etag\": \"W/\\\"a2723512-950a-4969-b563-b7e087a18766\\\"\
        \",\r\n            \"type\": \"Microsoft.Network/loadBalancers/frontendIPConfigurations\"\
        ,\r\n            \"properties\": {\r\n              \"provisioningState\"\
        : \"Succeeded\",\r\n              \"privateIPAllocationMethod\": \"Dynamic\"\
        ,\r\n              \"publicIPAddress\": {\r\n                \"id\": \"/subscriptions/00000000-0000-0000-0000-000000000000/resourceGroups/cli_test_load_balancer000001/providers/Microsoft.Network/publicIPAddresses/publicip4\"\
        \r\n              },\r\n              \"privateIPAddressVersion\": \"IPv4\"\
        \r\n            }\r\n          }\r\n        ],\r\n        \"backendAddressPools\"\
        : [\r\n          {\r\n            \"name\": \"lb4bepool\",\r\n           \
        \ \"id\": \"/subscriptions/00000000-0000-0000-0000-000000000000/resourceGroups/cli_test_load_balancer000001/providers/Microsoft.Network/loadBalancers/lb4/backendAddressPools/lb4bepool\"\
        ,\r\n            \"etag\": \"W/\\\"a2723512-950a-4969-b563-b7e087a18766\\\"\
        \",\r\n            \"properties\": {\r\n              \"provisioningState\"\
        : \"Succeeded\"\r\n            },\r\n            \"type\": \"Microsoft.Network/loadBalancers/backendAddressPools\"\
        \r\n          }\r\n        ],\r\n        \"loadBalancingRules\": [],\r\n \
        \       \"probes\": [],\r\n        \"inboundNatRules\": [],\r\n        \"\
        inboundNatPools\": []\r\n      },\r\n      \"sku\": {\r\n        \"name\"\
        : \"Basic\"\r\n      }\r\n    }\r\n  ]\r\n}"
    headers:
      cache-control:
      - no-cache
      content-length:
      - '9297'
      content-type:
      - application/json; charset=utf-8
      date:
      - Thu, 12 Nov 2020 07:38:56 GMT
      expires:
      - '-1'
      pragma:
      - no-cache
      server:
      - Microsoft-HTTPAPI/2.0
      - Microsoft-HTTPAPI/2.0
      strict-transport-security:
      - max-age=31536000; includeSubDomains
      transfer-encoding:
      - chunked
      vary:
      - Accept-Encoding
      x-content-type-options:
      - nosniff
      x-ms-arm-service-request-id:
      - 195a8a47-efee-4aad-9da7-b44ba20058e3
    status:
      code: 200
      message: OK
- request:
    body: null
    headers:
      Accept:
      - application/json
      Accept-Encoding:
      - gzip, deflate
      CommandName:
      - network lb show
      Connection:
      - keep-alive
      ParameterSetName:
      - --resource-group --name
      User-Agent:
      - python/3.7.4 (Linux-4.15.0-122-generic-x86_64-with-debian-buster-sid) msrest/0.6.18
        msrest_azure/0.6.3 azure-mgmt-network/12.0.0 Azure-SDK-For-Python AZURECLI/2.14.1
      accept-language:
      - en-US
    method: GET
    uri: https://management.azure.com/subscriptions/00000000-0000-0000-0000-000000000000/resourceGroups/cli_test_load_balancer000001/providers/Microsoft.Network/loadBalancers/lb1?api-version=2020-06-01
  response:
    body:
      string: "{\r\n  \"name\": \"lb1\",\r\n  \"id\": \"/subscriptions/00000000-0000-0000-0000-000000000000/resourceGroups/cli_test_load_balancer000001/providers/Microsoft.Network/loadBalancers/lb1\"\
        ,\r\n  \"etag\": \"W/\\\"6bba9040-2da9-4626-8186-fd0ba6e1613f\\\"\",\r\n \
        \ \"type\": \"Microsoft.Network/loadBalancers\",\r\n  \"location\": \"westus\"\
        ,\r\n  \"tags\": {},\r\n  \"properties\": {\r\n    \"provisioningState\":\
        \ \"Succeeded\",\r\n    \"resourceGuid\": \"01cbcee8-3ace-411a-8b80-63a374d35ec5\"\
        ,\r\n    \"frontendIPConfigurations\": [\r\n      {\r\n        \"name\": \"\
        LoadBalancerFrontEnd\",\r\n        \"id\": \"/subscriptions/00000000-0000-0000-0000-000000000000/resourceGroups/cli_test_load_balancer000001/providers/Microsoft.Network/loadBalancers/lb1/frontendIPConfigurations/LoadBalancerFrontEnd\"\
        ,\r\n        \"etag\": \"W/\\\"6bba9040-2da9-4626-8186-fd0ba6e1613f\\\"\"\
        ,\r\n        \"type\": \"Microsoft.Network/loadBalancers/frontendIPConfigurations\"\
        ,\r\n        \"properties\": {\r\n          \"provisioningState\": \"Succeeded\"\
        ,\r\n          \"privateIPAllocationMethod\": \"Dynamic\",\r\n          \"\
        publicIPAddress\": {\r\n            \"id\": \"/subscriptions/00000000-0000-0000-0000-000000000000/resourceGroups/cli_test_load_balancer000001/providers/Microsoft.Network/publicIPAddresses/PublicIPlb1\"\
        \r\n          },\r\n          \"privateIPAddressVersion\": \"IPv4\"\r\n  \
        \      }\r\n      }\r\n    ],\r\n    \"backendAddressPools\": [\r\n      {\r\
        \n        \"name\": \"lb1bepool\",\r\n        \"id\": \"/subscriptions/00000000-0000-0000-0000-000000000000/resourceGroups/cli_test_load_balancer000001/providers/Microsoft.Network/loadBalancers/lb1/backendAddressPools/lb1bepool\"\
        ,\r\n        \"etag\": \"W/\\\"6bba9040-2da9-4626-8186-fd0ba6e1613f\\\"\"\
        ,\r\n        \"properties\": {\r\n          \"provisioningState\": \"Succeeded\"\
        \r\n        },\r\n        \"type\": \"Microsoft.Network/loadBalancers/backendAddressPools\"\
        \r\n      }\r\n    ],\r\n    \"loadBalancingRules\": [],\r\n    \"probes\"\
        : [],\r\n    \"inboundNatRules\": [],\r\n    \"inboundNatPools\": []\r\n \
        \ },\r\n  \"sku\": {\r\n    \"name\": \"Basic\"\r\n  }\r\n}"
    headers:
      cache-control:
      - no-cache
      content-length:
      - '2112'
      content-type:
      - application/json; charset=utf-8
      date:
      - Thu, 12 Nov 2020 07:38:56 GMT
      etag:
      - W/"6bba9040-2da9-4626-8186-fd0ba6e1613f"
      expires:
      - '-1'
      pragma:
      - no-cache
      server:
      - Microsoft-HTTPAPI/2.0
      - Microsoft-HTTPAPI/2.0
      strict-transport-security:
      - max-age=31536000; includeSubDomains
      transfer-encoding:
      - chunked
      vary:
      - Accept-Encoding
      x-content-type-options:
      - nosniff
      x-ms-arm-service-request-id:
      - f631dca6-c655-443d-b2d8-45f32bc5334f
    status:
      code: 200
      message: OK
- request:
    body: null
    headers:
      Accept:
      - application/json
      Accept-Encoding:
      - gzip, deflate
      CommandName:
      - network lb delete
      Connection:
      - keep-alive
      Content-Length:
      - '0'
      ParameterSetName:
      - --resource-group --name
      User-Agent:
      - python/3.7.4 (Linux-4.15.0-122-generic-x86_64-with-debian-buster-sid) msrest/0.6.18
        msrest_azure/0.6.3 azure-mgmt-network/12.0.0 Azure-SDK-For-Python AZURECLI/2.14.1
      accept-language:
      - en-US
    method: DELETE
    uri: https://management.azure.com/subscriptions/00000000-0000-0000-0000-000000000000/resourceGroups/cli_test_load_balancer000001/providers/Microsoft.Network/loadBalancers/lb1?api-version=2020-06-01
  response:
    body:
      string: ''
    headers:
      azure-asyncnotification:
      - Enabled
      azure-asyncoperation:
      - https://management.azure.com/subscriptions/00000000-0000-0000-0000-000000000000/providers/Microsoft.Network/locations/westus/operations/2f568388-f287-4711-8de6-18cb79a86b47?api-version=2020-06-01
      cache-control:
      - no-cache
      content-length:
      - '0'
      date:
      - Thu, 12 Nov 2020 07:38:57 GMT
      expires:
      - '-1'
      location:
      - https://management.azure.com/subscriptions/00000000-0000-0000-0000-000000000000/providers/Microsoft.Network/locations/westus/operationResults/2f568388-f287-4711-8de6-18cb79a86b47?api-version=2020-06-01
      pragma:
      - no-cache
      server:
      - Microsoft-HTTPAPI/2.0
      - Microsoft-HTTPAPI/2.0
      strict-transport-security:
      - max-age=31536000; includeSubDomains
      x-content-type-options:
      - nosniff
      x-ms-arm-service-request-id:
      - b2870f23-69c4-4d77-af78-778192a93688
      x-ms-ratelimit-remaining-subscription-deletes:
      - '14999'
    status:
      code: 202
      message: Accepted
- request:
    body: null
    headers:
      Accept:
      - application/json
      Accept-Encoding:
      - gzip, deflate
      CommandName:
      - network lb delete
      Connection:
      - keep-alive
      ParameterSetName:
      - --resource-group --name
      User-Agent:
      - python/3.7.4 (Linux-4.15.0-122-generic-x86_64-with-debian-buster-sid) msrest/0.6.18
        msrest_azure/0.6.3 azure-mgmt-network/12.0.0 Azure-SDK-For-Python AZURECLI/2.14.1
    method: GET
    uri: https://management.azure.com/subscriptions/00000000-0000-0000-0000-000000000000/providers/Microsoft.Network/locations/westus/operations/2f568388-f287-4711-8de6-18cb79a86b47?api-version=2020-06-01
  response:
    body:
      string: "{\r\n  \"status\": \"Succeeded\"\r\n}"
    headers:
      cache-control:
      - no-cache
      content-length:
      - '29'
      content-type:
      - application/json; charset=utf-8
      date:
      - Thu, 12 Nov 2020 07:39:08 GMT
      expires:
      - '-1'
      pragma:
      - no-cache
      server:
      - Microsoft-HTTPAPI/2.0
      - Microsoft-HTTPAPI/2.0
      strict-transport-security:
      - max-age=31536000; includeSubDomains
      transfer-encoding:
      - chunked
      vary:
      - Accept-Encoding
      x-content-type-options:
      - nosniff
      x-ms-arm-service-request-id:
      - e8097510-45f5-4e4f-bf61-a41135e6437c
    status:
      code: 200
      message: OK
- request:
    body: null
    headers:
      Accept:
      - application/json
      Accept-Encoding:
      - gzip, deflate
      CommandName:
      - network lb list
      Connection:
      - keep-alive
      ParameterSetName:
      - --resource-group
      User-Agent:
      - python/3.7.4 (Linux-4.15.0-122-generic-x86_64-with-debian-buster-sid) msrest/0.6.18
        msrest_azure/0.6.3 azure-mgmt-network/12.0.0 Azure-SDK-For-Python AZURECLI/2.14.1
      accept-language:
      - en-US
    method: GET
    uri: https://management.azure.com/subscriptions/00000000-0000-0000-0000-000000000000/resourceGroups/cli_test_load_balancer000001/providers/Microsoft.Network/loadBalancers?api-version=2020-06-01
  response:
    body:
      string: "{\r\n  \"value\": [\r\n    {\r\n      \"name\": \"lb2\",\r\n      \"\
        id\": \"/subscriptions/00000000-0000-0000-0000-000000000000/resourceGroups/cli_test_load_balancer000001/providers/Microsoft.Network/loadBalancers/lb2\"\
        ,\r\n      \"etag\": \"W/\\\"94d306dc-74b8-4efd-92c7-f447b9f77e52\\\"\",\r\
        \n      \"type\": \"Microsoft.Network/loadBalancers\",\r\n      \"location\"\
        : \"westus\",\r\n      \"tags\": {\r\n        \"foo\": \"doo\"\r\n      },\r\
        \n      \"properties\": {\r\n        \"provisioningState\": \"Succeeded\"\
        ,\r\n        \"resourceGuid\": \"cec72580-3cc0-4e7e-9a3c-1bd1a2f0884d\",\r\
        \n        \"frontendIPConfigurations\": [\r\n          {\r\n            \"\
        name\": \"LoadBalancerFrontEnd\",\r\n            \"id\": \"/subscriptions/00000000-0000-0000-0000-000000000000/resourceGroups/cli_test_load_balancer000001/providers/Microsoft.Network/loadBalancers/lb2/frontendIPConfigurations/LoadBalancerFrontEnd\"\
        ,\r\n            \"etag\": \"W/\\\"94d306dc-74b8-4efd-92c7-f447b9f77e52\\\"\
        \",\r\n            \"type\": \"Microsoft.Network/loadBalancers/frontendIPConfigurations\"\
        ,\r\n            \"properties\": {\r\n              \"provisioningState\"\
        : \"Succeeded\",\r\n              \"privateIPAllocationMethod\": \"Dynamic\"\
        ,\r\n              \"publicIPAddress\": {\r\n                \"id\": \"/subscriptions/00000000-0000-0000-0000-000000000000/resourceGroups/cli_test_load_balancer000001/providers/Microsoft.Network/publicIPAddresses/PublicIPlb2\"\
        \r\n              },\r\n              \"privateIPAddressVersion\": \"IPv4\"\
        \r\n            }\r\n          }\r\n        ],\r\n        \"backendAddressPools\"\
        : [\r\n          {\r\n            \"name\": \"lb2bepool\",\r\n           \
        \ \"id\": \"/subscriptions/00000000-0000-0000-0000-000000000000/resourceGroups/cli_test_load_balancer000001/providers/Microsoft.Network/loadBalancers/lb2/backendAddressPools/lb2bepool\"\
        ,\r\n            \"etag\": \"W/\\\"94d306dc-74b8-4efd-92c7-f447b9f77e52\\\"\
        \",\r\n            \"properties\": {\r\n              \"provisioningState\"\
        : \"Succeeded\"\r\n            },\r\n            \"type\": \"Microsoft.Network/loadBalancers/backendAddressPools\"\
        \r\n          }\r\n        ],\r\n        \"loadBalancingRules\": [],\r\n \
        \       \"probes\": [],\r\n        \"inboundNatRules\": [],\r\n        \"\
        inboundNatPools\": []\r\n      },\r\n      \"sku\": {\r\n        \"name\"\
        : \"Basic\"\r\n      }\r\n    },\r\n    {\r\n      \"name\": \"lb3\",\r\n\
        \      \"id\": \"/subscriptions/00000000-0000-0000-0000-000000000000/resourceGroups/cli_test_load_balancer000001/providers/Microsoft.Network/loadBalancers/lb3\"\
        ,\r\n      \"etag\": \"W/\\\"d30357dc-0e3d-4132-ba7b-bcd0ee7bf537\\\"\",\r\
        \n      \"type\": \"Microsoft.Network/loadBalancers\",\r\n      \"location\"\
        : \"westus\",\r\n      \"tags\": {},\r\n      \"properties\": {\r\n      \
        \  \"provisioningState\": \"Succeeded\",\r\n        \"resourceGuid\": \"77205aa1-cbaf-46ad-a7bb-3af01917e054\"\
        ,\r\n        \"frontendIPConfigurations\": [\r\n          {\r\n          \
        \  \"name\": \"LoadBalancerFrontEnd\",\r\n            \"id\": \"/subscriptions/00000000-0000-0000-0000-000000000000/resourceGroups/cli_test_load_balancer000001/providers/Microsoft.Network/loadBalancers/lb3/frontendIPConfigurations/LoadBalancerFrontEnd\"\
        ,\r\n            \"etag\": \"W/\\\"d30357dc-0e3d-4132-ba7b-bcd0ee7bf537\\\"\
        \",\r\n            \"type\": \"Microsoft.Network/loadBalancers/frontendIPConfigurations\"\
        ,\r\n            \"properties\": {\r\n              \"provisioningState\"\
        : \"Succeeded\",\r\n              \"privateIPAddress\": \"10.0.0.15\",\r\n\
        \              \"privateIPAllocationMethod\": \"Static\",\r\n            \
        \  \"subnet\": {\r\n                \"id\": \"/subscriptions/00000000-0000-0000-0000-000000000000/resourceGroups/cli_test_load_balancer000001/providers/Microsoft.Network/virtualNetworks/mytestvnet/subnets/default\"\
        \r\n              },\r\n              \"privateIPAddressVersion\": \"IPv4\"\
        \r\n            }\r\n          }\r\n        ],\r\n        \"backendAddressPools\"\
        : [\r\n          {\r\n            \"name\": \"lb3bepool\",\r\n           \
        \ \"id\": \"/subscriptions/00000000-0000-0000-0000-000000000000/resourceGroups/cli_test_load_balancer000001/providers/Microsoft.Network/loadBalancers/lb3/backendAddressPools/lb3bepool\"\
        ,\r\n            \"etag\": \"W/\\\"d30357dc-0e3d-4132-ba7b-bcd0ee7bf537\\\"\
        \",\r\n            \"properties\": {\r\n              \"provisioningState\"\
        : \"Succeeded\"\r\n            },\r\n            \"type\": \"Microsoft.Network/loadBalancers/backendAddressPools\"\
        \r\n          }\r\n        ],\r\n        \"loadBalancingRules\": [],\r\n \
        \       \"probes\": [],\r\n        \"inboundNatRules\": [],\r\n        \"\
        inboundNatPools\": []\r\n      },\r\n      \"sku\": {\r\n        \"name\"\
        : \"Basic\"\r\n      }\r\n    },\r\n    {\r\n      \"name\": \"lb4\",\r\n\
        \      \"id\": \"/subscriptions/00000000-0000-0000-0000-000000000000/resourceGroups/cli_test_load_balancer000001/providers/Microsoft.Network/loadBalancers/lb4\"\
        ,\r\n      \"etag\": \"W/\\\"a2723512-950a-4969-b563-b7e087a18766\\\"\",\r\
        \n      \"type\": \"Microsoft.Network/loadBalancers\",\r\n      \"location\"\
        : \"westus\",\r\n      \"tags\": {},\r\n      \"properties\": {\r\n      \
        \  \"provisioningState\": \"Succeeded\",\r\n        \"resourceGuid\": \"215872e8-d8f0-4649-a1bd-7973b45b25e9\"\
        ,\r\n        \"frontendIPConfigurations\": [\r\n          {\r\n          \
        \  \"name\": \"LoadBalancerFrontEnd\",\r\n            \"id\": \"/subscriptions/00000000-0000-0000-0000-000000000000/resourceGroups/cli_test_load_balancer000001/providers/Microsoft.Network/loadBalancers/lb4/frontendIPConfigurations/LoadBalancerFrontEnd\"\
        ,\r\n            \"etag\": \"W/\\\"a2723512-950a-4969-b563-b7e087a18766\\\"\
        \",\r\n            \"type\": \"Microsoft.Network/loadBalancers/frontendIPConfigurations\"\
        ,\r\n            \"properties\": {\r\n              \"provisioningState\"\
        : \"Succeeded\",\r\n              \"privateIPAllocationMethod\": \"Dynamic\"\
        ,\r\n              \"publicIPAddress\": {\r\n                \"id\": \"/subscriptions/00000000-0000-0000-0000-000000000000/resourceGroups/cli_test_load_balancer000001/providers/Microsoft.Network/publicIPAddresses/publicip4\"\
        \r\n              },\r\n              \"privateIPAddressVersion\": \"IPv4\"\
        \r\n            }\r\n          }\r\n        ],\r\n        \"backendAddressPools\"\
        : [\r\n          {\r\n            \"name\": \"lb4bepool\",\r\n           \
        \ \"id\": \"/subscriptions/00000000-0000-0000-0000-000000000000/resourceGroups/cli_test_load_balancer000001/providers/Microsoft.Network/loadBalancers/lb4/backendAddressPools/lb4bepool\"\
        ,\r\n            \"etag\": \"W/\\\"a2723512-950a-4969-b563-b7e087a18766\\\"\
        \",\r\n            \"properties\": {\r\n              \"provisioningState\"\
        : \"Succeeded\"\r\n            },\r\n            \"type\": \"Microsoft.Network/loadBalancers/backendAddressPools\"\
        \r\n          }\r\n        ],\r\n        \"loadBalancingRules\": [],\r\n \
        \       \"probes\": [],\r\n        \"inboundNatRules\": [],\r\n        \"\
        inboundNatPools\": []\r\n      },\r\n      \"sku\": {\r\n        \"name\"\
        : \"Basic\"\r\n      }\r\n    }\r\n  ]\r\n}"
    headers:
      cache-control:
      - no-cache
      content-length:
      - '6998'
      content-type:
      - application/json; charset=utf-8
      date:
      - Thu, 12 Nov 2020 07:39:10 GMT
      expires:
      - '-1'
      pragma:
      - no-cache
      server:
      - Microsoft-HTTPAPI/2.0
      - Microsoft-HTTPAPI/2.0
      strict-transport-security:
      - max-age=31536000; includeSubDomains
      transfer-encoding:
      - chunked
      vary:
      - Accept-Encoding
      x-content-type-options:
      - nosniff
      x-ms-arm-service-request-id:
      - c9d2b61d-1181-4931-bdfd-7fbc11455915
    status:
      code: 200
      message: OK
version: 1
