interactions:
- request:
    body: null
    headers:
      Accept:
      - application/json
      Accept-Encoding:
      - gzip, deflate
      CommandName:
      - network nsg create
      Connection:
      - keep-alive
      ParameterSetName:
      - --name -g --tags
      User-Agent:
      - python/3.6.8 (Windows-10-10.0.18362-SP0) msrest/0.6.10 msrest_azure/0.6.2
        azure-mgmt-resource/8.0.1 Azure-SDK-For-Python AZURECLI/2.0.81
      accept-language:
      - en-US
    method: GET
    uri: https://management.azure.com/subscriptions/00000000-0000-0000-0000-000000000000/resourcegroups/cli_test_nsg000001?api-version=2019-07-01
  response:
    body:
      string: '{"id":"/subscriptions/00000000-0000-0000-0000-000000000000/resourceGroups/cli_test_nsg000001","name":"cli_test_nsg000001","type":"Microsoft.Resources/resourceGroups","location":"westus","tags":{"product":"azurecli","cause":"automation","date":"2020-02-06T19:56:23Z"},"properties":{"provisioningState":"Succeeded"}}'
    headers:
      cache-control:
      - no-cache
      content-length:
      - '428'
      content-type:
      - application/json; charset=utf-8
      date:
      - Thu, 06 Feb 2020 19:56:34 GMT
      expires:
      - '-1'
      pragma:
      - no-cache
      strict-transport-security:
      - max-age=31536000; includeSubDomains
      vary:
      - Accept-Encoding
      x-content-type-options:
      - nosniff
    status:
      code: 200
      message: OK
- request:
    body: '{"location": "westus", "tags": {"foo": "doo"}}'
    headers:
      Accept:
      - application/json
      Accept-Encoding:
      - gzip, deflate
      CommandName:
      - network nsg create
      Connection:
      - keep-alive
      Content-Length:
      - '46'
      Content-Type:
      - application/json; charset=utf-8
      ParameterSetName:
      - --name -g --tags
      User-Agent:
      - python/3.6.8 (Windows-10-10.0.18362-SP0) msrest/0.6.10 msrest_azure/0.6.2
        azure-mgmt-network/9.0.0 Azure-SDK-For-Python AZURECLI/2.0.81
      accept-language:
      - en-US
    method: PUT
    uri: https://management.azure.com/subscriptions/00000000-0000-0000-0000-000000000000/resourceGroups/cli_test_nsg000001/providers/Microsoft.Network/networkSecurityGroups/test-nsg1?api-version=2019-11-01
  response:
    body:
      string: "{\r\n  \"name\": \"test-nsg1\",\r\n  \"id\": \"/subscriptions/00000000-0000-0000-0000-000000000000/resourceGroups/cli_test_nsg000001/providers/Microsoft.Network/networkSecurityGroups/test-nsg1\",\r\n
        \ \"etag\": \"W/\\\"f38f2389-1ea9-4f47-b924-279346e9501a\\\"\",\r\n  \"type\":
        \"Microsoft.Network/networkSecurityGroups\",\r\n  \"location\": \"westus\",\r\n
        \ \"tags\": {\r\n    \"foo\": \"doo\"\r\n  },\r\n  \"properties\": {\r\n    \"provisioningState\":
        \"Updating\",\r\n    \"resourceGuid\": \"595cf8b1-cedb-4f30-beef-722eccf47feb\",\r\n
        \   \"securityRules\": [],\r\n    \"defaultSecurityRules\": [\r\n      {\r\n
        \       \"name\": \"AllowVnetInBound\",\r\n        \"id\": \"/subscriptions/00000000-0000-0000-0000-000000000000/resourceGroups/cli_test_nsg000001/providers/Microsoft.Network/networkSecurityGroups/test-nsg1/defaultSecurityRules/AllowVnetInBound\",\r\n
        \       \"etag\": \"W/\\\"f38f2389-1ea9-4f47-b924-279346e9501a\\\"\",\r\n
        \       \"type\": \"Microsoft.Network/networkSecurityGroups/defaultSecurityRules\",\r\n
        \       \"properties\": {\r\n          \"provisioningState\": \"Updating\",\r\n
        \         \"description\": \"Allow inbound traffic from all VMs in VNET\",\r\n
        \         \"protocol\": \"*\",\r\n          \"sourcePortRange\": \"*\",\r\n
        \         \"destinationPortRange\": \"*\",\r\n          \"sourceAddressPrefix\":
        \"VirtualNetwork\",\r\n          \"destinationAddressPrefix\": \"VirtualNetwork\",\r\n
        \         \"access\": \"Allow\",\r\n          \"priority\": 65000,\r\n          \"direction\":
        \"Inbound\",\r\n          \"sourcePortRanges\": [],\r\n          \"destinationPortRanges\":
        [],\r\n          \"sourceAddressPrefixes\": [],\r\n          \"destinationAddressPrefixes\":
        []\r\n        }\r\n      },\r\n      {\r\n        \"name\": \"AllowAzureLoadBalancerInBound\",\r\n
        \       \"id\": \"/subscriptions/00000000-0000-0000-0000-000000000000/resourceGroups/cli_test_nsg000001/providers/Microsoft.Network/networkSecurityGroups/test-nsg1/defaultSecurityRules/AllowAzureLoadBalancerInBound\",\r\n
        \       \"etag\": \"W/\\\"f38f2389-1ea9-4f47-b924-279346e9501a\\\"\",\r\n
        \       \"type\": \"Microsoft.Network/networkSecurityGroups/defaultSecurityRules\",\r\n
        \       \"properties\": {\r\n          \"provisioningState\": \"Updating\",\r\n
        \         \"description\": \"Allow inbound traffic from azure load balancer\",\r\n
        \         \"protocol\": \"*\",\r\n          \"sourcePortRange\": \"*\",\r\n
        \         \"destinationPortRange\": \"*\",\r\n          \"sourceAddressPrefix\":
        \"AzureLoadBalancer\",\r\n          \"destinationAddressPrefix\": \"*\",\r\n
        \         \"access\": \"Allow\",\r\n          \"priority\": 65001,\r\n          \"direction\":
        \"Inbound\",\r\n          \"sourcePortRanges\": [],\r\n          \"destinationPortRanges\":
        [],\r\n          \"sourceAddressPrefixes\": [],\r\n          \"destinationAddressPrefixes\":
        []\r\n        }\r\n      },\r\n      {\r\n        \"name\": \"DenyAllInBound\",\r\n
        \       \"id\": \"/subscriptions/00000000-0000-0000-0000-000000000000/resourceGroups/cli_test_nsg000001/providers/Microsoft.Network/networkSecurityGroups/test-nsg1/defaultSecurityRules/DenyAllInBound\",\r\n
        \       \"etag\": \"W/\\\"f38f2389-1ea9-4f47-b924-279346e9501a\\\"\",\r\n
        \       \"type\": \"Microsoft.Network/networkSecurityGroups/defaultSecurityRules\",\r\n
        \       \"properties\": {\r\n          \"provisioningState\": \"Updating\",\r\n
        \         \"description\": \"Deny all inbound traffic\",\r\n          \"protocol\":
        \"*\",\r\n          \"sourcePortRange\": \"*\",\r\n          \"destinationPortRange\":
        \"*\",\r\n          \"sourceAddressPrefix\": \"*\",\r\n          \"destinationAddressPrefix\":
        \"*\",\r\n          \"access\": \"Deny\",\r\n          \"priority\": 65500,\r\n
        \         \"direction\": \"Inbound\",\r\n          \"sourcePortRanges\": [],\r\n
        \         \"destinationPortRanges\": [],\r\n          \"sourceAddressPrefixes\":
        [],\r\n          \"destinationAddressPrefixes\": []\r\n        }\r\n      },\r\n
        \     {\r\n        \"name\": \"AllowVnetOutBound\",\r\n        \"id\": \"/subscriptions/00000000-0000-0000-0000-000000000000/resourceGroups/cli_test_nsg000001/providers/Microsoft.Network/networkSecurityGroups/test-nsg1/defaultSecurityRules/AllowVnetOutBound\",\r\n
        \       \"etag\": \"W/\\\"f38f2389-1ea9-4f47-b924-279346e9501a\\\"\",\r\n
        \       \"type\": \"Microsoft.Network/networkSecurityGroups/defaultSecurityRules\",\r\n
        \       \"properties\": {\r\n          \"provisioningState\": \"Updating\",\r\n
        \         \"description\": \"Allow outbound traffic from all VMs to all VMs
        in VNET\",\r\n          \"protocol\": \"*\",\r\n          \"sourcePortRange\":
        \"*\",\r\n          \"destinationPortRange\": \"*\",\r\n          \"sourceAddressPrefix\":
        \"VirtualNetwork\",\r\n          \"destinationAddressPrefix\": \"VirtualNetwork\",\r\n
        \         \"access\": \"Allow\",\r\n          \"priority\": 65000,\r\n          \"direction\":
        \"Outbound\",\r\n          \"sourcePortRanges\": [],\r\n          \"destinationPortRanges\":
        [],\r\n          \"sourceAddressPrefixes\": [],\r\n          \"destinationAddressPrefixes\":
        []\r\n        }\r\n      },\r\n      {\r\n        \"name\": \"AllowInternetOutBound\",\r\n
        \       \"id\": \"/subscriptions/00000000-0000-0000-0000-000000000000/resourceGroups/cli_test_nsg000001/providers/Microsoft.Network/networkSecurityGroups/test-nsg1/defaultSecurityRules/AllowInternetOutBound\",\r\n
        \       \"etag\": \"W/\\\"f38f2389-1ea9-4f47-b924-279346e9501a\\\"\",\r\n
        \       \"type\": \"Microsoft.Network/networkSecurityGroups/defaultSecurityRules\",\r\n
        \       \"properties\": {\r\n          \"provisioningState\": \"Updating\",\r\n
        \         \"description\": \"Allow outbound traffic from all VMs to Internet\",\r\n
        \         \"protocol\": \"*\",\r\n          \"sourcePortRange\": \"*\",\r\n
        \         \"destinationPortRange\": \"*\",\r\n          \"sourceAddressPrefix\":
        \"*\",\r\n          \"destinationAddressPrefix\": \"Internet\",\r\n          \"access\":
        \"Allow\",\r\n          \"priority\": 65001,\r\n          \"direction\": \"Outbound\",\r\n
        \         \"sourcePortRanges\": [],\r\n          \"destinationPortRanges\":
        [],\r\n          \"sourceAddressPrefixes\": [],\r\n          \"destinationAddressPrefixes\":
        []\r\n        }\r\n      },\r\n      {\r\n        \"name\": \"DenyAllOutBound\",\r\n
        \       \"id\": \"/subscriptions/00000000-0000-0000-0000-000000000000/resourceGroups/cli_test_nsg000001/providers/Microsoft.Network/networkSecurityGroups/test-nsg1/defaultSecurityRules/DenyAllOutBound\",\r\n
        \       \"etag\": \"W/\\\"f38f2389-1ea9-4f47-b924-279346e9501a\\\"\",\r\n
        \       \"type\": \"Microsoft.Network/networkSecurityGroups/defaultSecurityRules\",\r\n
        \       \"properties\": {\r\n          \"provisioningState\": \"Updating\",\r\n
        \         \"description\": \"Deny all outbound traffic\",\r\n          \"protocol\":
        \"*\",\r\n          \"sourcePortRange\": \"*\",\r\n          \"destinationPortRange\":
        \"*\",\r\n          \"sourceAddressPrefix\": \"*\",\r\n          \"destinationAddressPrefix\":
        \"*\",\r\n          \"access\": \"Deny\",\r\n          \"priority\": 65500,\r\n
        \         \"direction\": \"Outbound\",\r\n          \"sourcePortRanges\":
        [],\r\n          \"destinationPortRanges\": [],\r\n          \"sourceAddressPrefixes\":
        [],\r\n          \"destinationAddressPrefixes\": []\r\n        }\r\n      }\r\n
        \   ]\r\n  }\r\n}"
    headers:
      azure-asyncoperation:
      - https://management.azure.com/subscriptions/00000000-0000-0000-0000-000000000000/providers/Microsoft.Network/locations/westus/operations/f10f829e-9418-46d8-b12e-56d7f657cef0?api-version=2019-11-01
      cache-control:
      - no-cache
      content-length:
      - '7002'
      content-type:
      - application/json; charset=utf-8
      date:
      - Thu, 06 Feb 2020 19:56:38 GMT
      expires:
      - '-1'
      pragma:
      - no-cache
      server:
      - Microsoft-HTTPAPI/2.0
      - Microsoft-HTTPAPI/2.0
      strict-transport-security:
      - max-age=31536000; includeSubDomains
      x-content-type-options:
      - nosniff
      x-ms-arm-service-request-id:
      - 91d8eaf9-f38c-4bd0-8471-fff99da03b2f
      x-ms-ratelimit-remaining-subscription-writes:
      - '1186'
    status:
      code: 201
      message: Created
- request:
    body: null
    headers:
      Accept:
      - application/json
      Accept-Encoding:
      - gzip, deflate
      CommandName:
      - network nsg create
      Connection:
      - keep-alive
      ParameterSetName:
      - --name -g --tags
      User-Agent:
      - python/3.6.8 (Windows-10-10.0.18362-SP0) msrest/0.6.10 msrest_azure/0.6.2
        azure-mgmt-network/9.0.0 Azure-SDK-For-Python AZURECLI/2.0.81
    method: GET
    uri: https://management.azure.com/subscriptions/00000000-0000-0000-0000-000000000000/providers/Microsoft.Network/locations/westus/operations/f10f829e-9418-46d8-b12e-56d7f657cef0?api-version=2019-11-01
  response:
    body:
      string: "{\r\n  \"status\": \"Succeeded\"\r\n}"
    headers:
      cache-control:
      - no-cache
      content-length:
      - '29'
      content-type:
      - application/json; charset=utf-8
      date:
      - Thu, 06 Feb 2020 19:56:44 GMT
      expires:
      - '-1'
      pragma:
      - no-cache
      server:
      - Microsoft-HTTPAPI/2.0
      - Microsoft-HTTPAPI/2.0
      strict-transport-security:
      - max-age=31536000; includeSubDomains
      transfer-encoding:
      - chunked
      vary:
      - Accept-Encoding
      x-content-type-options:
      - nosniff
      x-ms-arm-service-request-id:
      - 9387d540-4a9e-4935-b4c0-f62b348ce961
    status:
      code: 200
      message: OK
- request:
    body: null
    headers:
      Accept:
      - application/json
      Accept-Encoding:
      - gzip, deflate
      CommandName:
      - network nsg create
      Connection:
      - keep-alive
      ParameterSetName:
      - --name -g --tags
      User-Agent:
      - python/3.6.8 (Windows-10-10.0.18362-SP0) msrest/0.6.10 msrest_azure/0.6.2
        azure-mgmt-network/9.0.0 Azure-SDK-For-Python AZURECLI/2.0.81
    method: GET
    uri: https://management.azure.com/subscriptions/00000000-0000-0000-0000-000000000000/resourceGroups/cli_test_nsg000001/providers/Microsoft.Network/networkSecurityGroups/test-nsg1?api-version=2019-11-01
  response:
    body:
      string: "{\r\n  \"name\": \"test-nsg1\",\r\n  \"id\": \"/subscriptions/00000000-0000-0000-0000-000000000000/resourceGroups/cli_test_nsg000001/providers/Microsoft.Network/networkSecurityGroups/test-nsg1\",\r\n
        \ \"etag\": \"W/\\\"5e45c066-b2ad-4c1e-a61e-da8869846c4f\\\"\",\r\n  \"type\":
        \"Microsoft.Network/networkSecurityGroups\",\r\n  \"location\": \"westus\",\r\n
        \ \"tags\": {\r\n    \"foo\": \"doo\"\r\n  },\r\n  \"properties\": {\r\n    \"provisioningState\":
        \"Succeeded\",\r\n    \"resourceGuid\": \"595cf8b1-cedb-4f30-beef-722eccf47feb\",\r\n
        \   \"securityRules\": [],\r\n    \"defaultSecurityRules\": [\r\n      {\r\n
        \       \"name\": \"AllowVnetInBound\",\r\n        \"id\": \"/subscriptions/00000000-0000-0000-0000-000000000000/resourceGroups/cli_test_nsg000001/providers/Microsoft.Network/networkSecurityGroups/test-nsg1/defaultSecurityRules/AllowVnetInBound\",\r\n
        \       \"etag\": \"W/\\\"5e45c066-b2ad-4c1e-a61e-da8869846c4f\\\"\",\r\n
        \       \"type\": \"Microsoft.Network/networkSecurityGroups/defaultSecurityRules\",\r\n
        \       \"properties\": {\r\n          \"provisioningState\": \"Succeeded\",\r\n
        \         \"description\": \"Allow inbound traffic from all VMs in VNET\",\r\n
        \         \"protocol\": \"*\",\r\n          \"sourcePortRange\": \"*\",\r\n
        \         \"destinationPortRange\": \"*\",\r\n          \"sourceAddressPrefix\":
        \"VirtualNetwork\",\r\n          \"destinationAddressPrefix\": \"VirtualNetwork\",\r\n
        \         \"access\": \"Allow\",\r\n          \"priority\": 65000,\r\n          \"direction\":
        \"Inbound\",\r\n          \"sourcePortRanges\": [],\r\n          \"destinationPortRanges\":
        [],\r\n          \"sourceAddressPrefixes\": [],\r\n          \"destinationAddressPrefixes\":
        []\r\n        }\r\n      },\r\n      {\r\n        \"name\": \"AllowAzureLoadBalancerInBound\",\r\n
        \       \"id\": \"/subscriptions/00000000-0000-0000-0000-000000000000/resourceGroups/cli_test_nsg000001/providers/Microsoft.Network/networkSecurityGroups/test-nsg1/defaultSecurityRules/AllowAzureLoadBalancerInBound\",\r\n
        \       \"etag\": \"W/\\\"5e45c066-b2ad-4c1e-a61e-da8869846c4f\\\"\",\r\n
        \       \"type\": \"Microsoft.Network/networkSecurityGroups/defaultSecurityRules\",\r\n
        \       \"properties\": {\r\n          \"provisioningState\": \"Succeeded\",\r\n
        \         \"description\": \"Allow inbound traffic from azure load balancer\",\r\n
        \         \"protocol\": \"*\",\r\n          \"sourcePortRange\": \"*\",\r\n
        \         \"destinationPortRange\": \"*\",\r\n          \"sourceAddressPrefix\":
        \"AzureLoadBalancer\",\r\n          \"destinationAddressPrefix\": \"*\",\r\n
        \         \"access\": \"Allow\",\r\n          \"priority\": 65001,\r\n          \"direction\":
        \"Inbound\",\r\n          \"sourcePortRanges\": [],\r\n          \"destinationPortRanges\":
        [],\r\n          \"sourceAddressPrefixes\": [],\r\n          \"destinationAddressPrefixes\":
        []\r\n        }\r\n      },\r\n      {\r\n        \"name\": \"DenyAllInBound\",\r\n
        \       \"id\": \"/subscriptions/00000000-0000-0000-0000-000000000000/resourceGroups/cli_test_nsg000001/providers/Microsoft.Network/networkSecurityGroups/test-nsg1/defaultSecurityRules/DenyAllInBound\",\r\n
        \       \"etag\": \"W/\\\"5e45c066-b2ad-4c1e-a61e-da8869846c4f\\\"\",\r\n
        \       \"type\": \"Microsoft.Network/networkSecurityGroups/defaultSecurityRules\",\r\n
        \       \"properties\": {\r\n          \"provisioningState\": \"Succeeded\",\r\n
        \         \"description\": \"Deny all inbound traffic\",\r\n          \"protocol\":
        \"*\",\r\n          \"sourcePortRange\": \"*\",\r\n          \"destinationPortRange\":
        \"*\",\r\n          \"sourceAddressPrefix\": \"*\",\r\n          \"destinationAddressPrefix\":
        \"*\",\r\n          \"access\": \"Deny\",\r\n          \"priority\": 65500,\r\n
        \         \"direction\": \"Inbound\",\r\n          \"sourcePortRanges\": [],\r\n
        \         \"destinationPortRanges\": [],\r\n          \"sourceAddressPrefixes\":
        [],\r\n          \"destinationAddressPrefixes\": []\r\n        }\r\n      },\r\n
        \     {\r\n        \"name\": \"AllowVnetOutBound\",\r\n        \"id\": \"/subscriptions/00000000-0000-0000-0000-000000000000/resourceGroups/cli_test_nsg000001/providers/Microsoft.Network/networkSecurityGroups/test-nsg1/defaultSecurityRules/AllowVnetOutBound\",\r\n
        \       \"etag\": \"W/\\\"5e45c066-b2ad-4c1e-a61e-da8869846c4f\\\"\",\r\n
        \       \"type\": \"Microsoft.Network/networkSecurityGroups/defaultSecurityRules\",\r\n
        \       \"properties\": {\r\n          \"provisioningState\": \"Succeeded\",\r\n
        \         \"description\": \"Allow outbound traffic from all VMs to all VMs
        in VNET\",\r\n          \"protocol\": \"*\",\r\n          \"sourcePortRange\":
        \"*\",\r\n          \"destinationPortRange\": \"*\",\r\n          \"sourceAddressPrefix\":
        \"VirtualNetwork\",\r\n          \"destinationAddressPrefix\": \"VirtualNetwork\",\r\n
        \         \"access\": \"Allow\",\r\n          \"priority\": 65000,\r\n          \"direction\":
        \"Outbound\",\r\n          \"sourcePortRanges\": [],\r\n          \"destinationPortRanges\":
        [],\r\n          \"sourceAddressPrefixes\": [],\r\n          \"destinationAddressPrefixes\":
        []\r\n        }\r\n      },\r\n      {\r\n        \"name\": \"AllowInternetOutBound\",\r\n
        \       \"id\": \"/subscriptions/00000000-0000-0000-0000-000000000000/resourceGroups/cli_test_nsg000001/providers/Microsoft.Network/networkSecurityGroups/test-nsg1/defaultSecurityRules/AllowInternetOutBound\",\r\n
        \       \"etag\": \"W/\\\"5e45c066-b2ad-4c1e-a61e-da8869846c4f\\\"\",\r\n
        \       \"type\": \"Microsoft.Network/networkSecurityGroups/defaultSecurityRules\",\r\n
        \       \"properties\": {\r\n          \"provisioningState\": \"Succeeded\",\r\n
        \         \"description\": \"Allow outbound traffic from all VMs to Internet\",\r\n
        \         \"protocol\": \"*\",\r\n          \"sourcePortRange\": \"*\",\r\n
        \         \"destinationPortRange\": \"*\",\r\n          \"sourceAddressPrefix\":
        \"*\",\r\n          \"destinationAddressPrefix\": \"Internet\",\r\n          \"access\":
        \"Allow\",\r\n          \"priority\": 65001,\r\n          \"direction\": \"Outbound\",\r\n
        \         \"sourcePortRanges\": [],\r\n          \"destinationPortRanges\":
        [],\r\n          \"sourceAddressPrefixes\": [],\r\n          \"destinationAddressPrefixes\":
        []\r\n        }\r\n      },\r\n      {\r\n        \"name\": \"DenyAllOutBound\",\r\n
        \       \"id\": \"/subscriptions/00000000-0000-0000-0000-000000000000/resourceGroups/cli_test_nsg000001/providers/Microsoft.Network/networkSecurityGroups/test-nsg1/defaultSecurityRules/DenyAllOutBound\",\r\n
        \       \"etag\": \"W/\\\"5e45c066-b2ad-4c1e-a61e-da8869846c4f\\\"\",\r\n
        \       \"type\": \"Microsoft.Network/networkSecurityGroups/defaultSecurityRules\",\r\n
        \       \"properties\": {\r\n          \"provisioningState\": \"Succeeded\",\r\n
        \         \"description\": \"Deny all outbound traffic\",\r\n          \"protocol\":
        \"*\",\r\n          \"sourcePortRange\": \"*\",\r\n          \"destinationPortRange\":
        \"*\",\r\n          \"sourceAddressPrefix\": \"*\",\r\n          \"destinationAddressPrefix\":
        \"*\",\r\n          \"access\": \"Deny\",\r\n          \"priority\": 65500,\r\n
        \         \"direction\": \"Outbound\",\r\n          \"sourcePortRanges\":
        [],\r\n          \"destinationPortRanges\": [],\r\n          \"sourceAddressPrefixes\":
        [],\r\n          \"destinationAddressPrefixes\": []\r\n        }\r\n      }\r\n
        \   ]\r\n  }\r\n}"
    headers:
      cache-control:
      - no-cache
      content-length:
      - '7009'
      content-type:
      - application/json; charset=utf-8
      date:
      - Thu, 06 Feb 2020 19:56:44 GMT
      etag:
      - W/"5e45c066-b2ad-4c1e-a61e-da8869846c4f"
      expires:
      - '-1'
      pragma:
      - no-cache
      server:
      - Microsoft-HTTPAPI/2.0
      - Microsoft-HTTPAPI/2.0
      strict-transport-security:
      - max-age=31536000; includeSubDomains
      transfer-encoding:
      - chunked
      vary:
      - Accept-Encoding
      x-content-type-options:
      - nosniff
      x-ms-arm-service-request-id:
      - a5dc9de2-3e0e-4f2a-b765-58b80571116c
    status:
      code: 200
      message: OK
- request:
    body: '{"properties": {"protocol": "*", "sourcePortRange": "*", "destinationPortRange":
      "4444", "sourceAddressPrefix": "789", "destinationAddressPrefix": "1234", "access":
      "Allow", "priority": 1000, "direction": "Inbound"}, "name": "web"}'
    headers:
      Accept:
      - application/json
      Accept-Encoding:
      - gzip, deflate
      CommandName:
      - network nsg rule create
      Connection:
      - keep-alive
      Content-Length:
      - '231'
      Content-Type:
      - application/json; charset=utf-8
      ParameterSetName:
      - --access --destination-address-prefix --direction --nsg-name --protocol -g
        --source-address-prefix -n --source-port-range --destination-port-range --priority
      User-Agent:
      - python/3.6.8 (Windows-10-10.0.18362-SP0) msrest/0.6.10 msrest_azure/0.6.2
        azure-mgmt-network/9.0.0 Azure-SDK-For-Python AZURECLI/2.0.81
      accept-language:
      - en-US
    method: PUT
    uri: https://management.azure.com/subscriptions/00000000-0000-0000-0000-000000000000/resourceGroups/cli_test_nsg000001/providers/Microsoft.Network/networkSecurityGroups/test-nsg1/securityRules/web?api-version=2019-11-01
  response:
    body:
      string: "{\r\n  \"name\": \"web\",\r\n  \"id\": \"/subscriptions/00000000-0000-0000-0000-000000000000/resourceGroups/cli_test_nsg000001/providers/Microsoft.Network/networkSecurityGroups/test-nsg1/securityRules/web\",\r\n
        \ \"etag\": \"W/\\\"45e7b819-181d-4331-a5a8-bb0fd6fe06b5\\\"\",\r\n  \"type\":
        \"Microsoft.Network/networkSecurityGroups/securityRules\",\r\n  \"properties\":
        {\r\n    \"provisioningState\": \"Updating\",\r\n    \"protocol\": \"*\",\r\n
        \   \"sourcePortRange\": \"*\",\r\n    \"destinationPortRange\": \"4444\",\r\n
        \   \"sourceAddressPrefix\": \"789\",\r\n    \"destinationAddressPrefix\":
        \"1234\",\r\n    \"access\": \"Allow\",\r\n    \"priority\": 1000,\r\n    \"direction\":
        \"Inbound\",\r\n    \"sourcePortRanges\": [],\r\n    \"destinationPortRanges\":
        [],\r\n    \"sourceAddressPrefixes\": [],\r\n    \"destinationAddressPrefixes\":
        []\r\n  }\r\n}"
    headers:
      azure-asyncoperation:
      - https://management.azure.com/subscriptions/00000000-0000-0000-0000-000000000000/providers/Microsoft.Network/locations/westus/operations/75501378-708a-4871-975a-3bee71d96d18?api-version=2019-11-01
      cache-control:
      - no-cache
      content-length:
      - '817'
      content-type:
      - application/json; charset=utf-8
      date:
      - Thu, 06 Feb 2020 19:56:46 GMT
      expires:
      - '-1'
      pragma:
      - no-cache
      server:
      - Microsoft-HTTPAPI/2.0
      - Microsoft-HTTPAPI/2.0
      strict-transport-security:
      - max-age=31536000; includeSubDomains
      x-content-type-options:
      - nosniff
      x-ms-arm-service-request-id:
      - 1dde4482-c65a-401a-9e1c-4580183c2144
      x-ms-ratelimit-remaining-subscription-writes:
      - '1196'
    status:
      code: 201
      message: Created
- request:
    body: null
    headers:
      Accept:
      - application/json
      Accept-Encoding:
      - gzip, deflate
      CommandName:
      - network nsg rule create
      Connection:
      - keep-alive
      ParameterSetName:
      - --access --destination-address-prefix --direction --nsg-name --protocol -g
        --source-address-prefix -n --source-port-range --destination-port-range --priority
      User-Agent:
      - python/3.6.8 (Windows-10-10.0.18362-SP0) msrest/0.6.10 msrest_azure/0.6.2
        azure-mgmt-network/9.0.0 Azure-SDK-For-Python AZURECLI/2.0.81
    method: GET
    uri: https://management.azure.com/subscriptions/00000000-0000-0000-0000-000000000000/providers/Microsoft.Network/locations/westus/operations/75501378-708a-4871-975a-3bee71d96d18?api-version=2019-11-01
  response:
    body:
      string: "{\r\n  \"status\": \"Succeeded\"\r\n}"
    headers:
      cache-control:
      - no-cache
      content-length:
      - '29'
      content-type:
      - application/json; charset=utf-8
      date:
      - Thu, 06 Feb 2020 19:56:58 GMT
      expires:
      - '-1'
      pragma:
      - no-cache
      server:
      - Microsoft-HTTPAPI/2.0
      - Microsoft-HTTPAPI/2.0
      strict-transport-security:
      - max-age=31536000; includeSubDomains
      transfer-encoding:
      - chunked
      vary:
      - Accept-Encoding
      x-content-type-options:
      - nosniff
      x-ms-arm-service-request-id:
      - 8b1eea6b-b1f4-4bb1-8856-90031762e921
    status:
      code: 200
      message: OK
- request:
    body: null
    headers:
      Accept:
      - application/json
      Accept-Encoding:
      - gzip, deflate
      CommandName:
      - network nsg rule create
      Connection:
      - keep-alive
      ParameterSetName:
      - --access --destination-address-prefix --direction --nsg-name --protocol -g
        --source-address-prefix -n --source-port-range --destination-port-range --priority
      User-Agent:
      - python/3.6.8 (Windows-10-10.0.18362-SP0) msrest/0.6.10 msrest_azure/0.6.2
        azure-mgmt-network/9.0.0 Azure-SDK-For-Python AZURECLI/2.0.81
    method: GET
    uri: https://management.azure.com/subscriptions/00000000-0000-0000-0000-000000000000/resourceGroups/cli_test_nsg000001/providers/Microsoft.Network/networkSecurityGroups/test-nsg1/securityRules/web?api-version=2019-11-01
  response:
    body:
      string: "{\r\n  \"name\": \"web\",\r\n  \"id\": \"/subscriptions/00000000-0000-0000-0000-000000000000/resourceGroups/cli_test_nsg000001/providers/Microsoft.Network/networkSecurityGroups/test-nsg1/securityRules/web\",\r\n
        \ \"etag\": \"W/\\\"4f5fd7ea-74cd-42a0-9f3e-eb3a76ae2ca1\\\"\",\r\n  \"type\":
        \"Microsoft.Network/networkSecurityGroups/securityRules\",\r\n  \"properties\":
        {\r\n    \"provisioningState\": \"Succeeded\",\r\n    \"protocol\": \"*\",\r\n
        \   \"sourcePortRange\": \"*\",\r\n    \"destinationPortRange\": \"4444\",\r\n
        \   \"sourceAddressPrefix\": \"789\",\r\n    \"destinationAddressPrefix\":
        \"1234\",\r\n    \"access\": \"Allow\",\r\n    \"priority\": 1000,\r\n    \"direction\":
        \"Inbound\",\r\n    \"sourcePortRanges\": [],\r\n    \"destinationPortRanges\":
        [],\r\n    \"sourceAddressPrefixes\": [],\r\n    \"destinationAddressPrefixes\":
        []\r\n  }\r\n}"
    headers:
      cache-control:
      - no-cache
      content-length:
      - '818'
      content-type:
      - application/json; charset=utf-8
      date:
      - Thu, 06 Feb 2020 19:56:58 GMT
      etag:
      - W/"4f5fd7ea-74cd-42a0-9f3e-eb3a76ae2ca1"
      expires:
      - '-1'
      pragma:
      - no-cache
      server:
      - Microsoft-HTTPAPI/2.0
      - Microsoft-HTTPAPI/2.0
      strict-transport-security:
      - max-age=31536000; includeSubDomains
      transfer-encoding:
      - chunked
      vary:
      - Accept-Encoding
      x-content-type-options:
      - nosniff
      x-ms-arm-service-request-id:
      - c98bc0fd-31c8-4133-9570-9add1ff31ac2
    status:
      code: 200
      message: OK
- request:
    body: null
    headers:
      Accept:
      - application/json
      Accept-Encoding:
      - gzip, deflate
      CommandName:
      - network nsg list
      Connection:
      - keep-alive
      User-Agent:
      - python/3.6.8 (Windows-10-10.0.18362-SP0) msrest/0.6.10 msrest_azure/0.6.2
        azure-mgmt-network/9.0.0 Azure-SDK-For-Python AZURECLI/2.0.81
      accept-language:
      - en-US
    method: GET
    uri: https://management.azure.com/subscriptions/00000000-0000-0000-0000-000000000000/providers/Microsoft.Network/networkSecurityGroups?api-version=2019-11-01
  response:
    body:
      string: '{"value":[{"name":"conveniencevm1NSG","id":"/subscriptions/00000000-0000-0000-0000-000000000000/resourceGroups/cli_nic_convenience_testv4jmcmlym7my4fi747nksx3bxcvd3hvnvjtrgzznxgbfrnnxde3/providers/Microsoft.Network/networkSecurityGroups/conveniencevm1NSG","etag":"W/\"267b105c-e55a-4466-92ee-4802165f18e4\"","type":"Microsoft.Network/networkSecurityGroups","location":"westus","tags":{},"properties":{"provisioningState":"Succeeded","resourceGuid":"e123a48d-52d1-4cf9-b66f-a4d1f58c0d8e","securityRules":[{"name":"default-allow-ssh","id":"/subscriptions/00000000-0000-0000-0000-000000000000/resourceGroups/cli_nic_convenience_testv4jmcmlym7my4fi747nksx3bxcvd3hvnvjtrgzznxgbfrnnxde3/providers/Microsoft.Network/networkSecurityGroups/conveniencevm1NSG/securityRules/default-allow-ssh","etag":"W/\"267b105c-e55a-4466-92ee-4802165f18e4\"","type":"Microsoft.Network/networkSecurityGroups/securityRules","properties":{"provisioningState":"Succeeded","protocol":"Tcp","sourcePortRange":"*","destinationPortRange":"22","sourceAddressPrefix":"*","destinationAddressPrefix":"*","access":"Allow","priority":1000,"direction":"Inbound","sourcePortRanges":[],"destinationPortRanges":[],"sourceAddressPrefixes":[],"destinationAddressPrefixes":[]}}],"defaultSecurityRules":[{"name":"AllowVnetInBound","id":"/subscriptions/00000000-0000-0000-0000-000000000000/resourceGroups/cli_nic_convenience_testv4jmcmlym7my4fi747nksx3bxcvd3hvnvjtrgzznxgbfrnnxde3/providers/Microsoft.Network/networkSecurityGroups/conveniencevm1NSG/defaultSecurityRules/AllowVnetInBound","etag":"W/\"267b105c-e55a-4466-92ee-4802165f18e4\"","type":"Microsoft.Network/networkSecurityGroups/defaultSecurityRules","properties":{"provisioningState":"Succeeded","description":"Allow
        inbound traffic from all VMs in VNET","protocol":"*","sourcePortRange":"*","destinationPortRange":"*","sourceAddressPrefix":"VirtualNetwork","destinationAddressPrefix":"VirtualNetwork","access":"Allow","priority":65000,"direction":"Inbound","sourcePortRanges":[],"destinationPortRanges":[],"sourceAddressPrefixes":[],"destinationAddressPrefixes":[]}},{"name":"AllowAzureLoadBalancerInBound","id":"/subscriptions/00000000-0000-0000-0000-000000000000/resourceGroups/cli_nic_convenience_testv4jmcmlym7my4fi747nksx3bxcvd3hvnvjtrgzznxgbfrnnxde3/providers/Microsoft.Network/networkSecurityGroups/conveniencevm1NSG/defaultSecurityRules/AllowAzureLoadBalancerInBound","etag":"W/\"267b105c-e55a-4466-92ee-4802165f18e4\"","type":"Microsoft.Network/networkSecurityGroups/defaultSecurityRules","properties":{"provisioningState":"Succeeded","description":"Allow
        inbound traffic from azure load balancer","protocol":"*","sourcePortRange":"*","destinationPortRange":"*","sourceAddressPrefix":"AzureLoadBalancer","destinationAddressPrefix":"*","access":"Allow","priority":65001,"direction":"Inbound","sourcePortRanges":[],"destinationPortRanges":[],"sourceAddressPrefixes":[],"destinationAddressPrefixes":[]}},{"name":"DenyAllInBound","id":"/subscriptions/00000000-0000-0000-0000-000000000000/resourceGroups/cli_nic_convenience_testv4jmcmlym7my4fi747nksx3bxcvd3hvnvjtrgzznxgbfrnnxde3/providers/Microsoft.Network/networkSecurityGroups/conveniencevm1NSG/defaultSecurityRules/DenyAllInBound","etag":"W/\"267b105c-e55a-4466-92ee-4802165f18e4\"","type":"Microsoft.Network/networkSecurityGroups/defaultSecurityRules","properties":{"provisioningState":"Succeeded","description":"Deny
        all inbound traffic","protocol":"*","sourcePortRange":"*","destinationPortRange":"*","sourceAddressPrefix":"*","destinationAddressPrefix":"*","access":"Deny","priority":65500,"direction":"Inbound","sourcePortRanges":[],"destinationPortRanges":[],"sourceAddressPrefixes":[],"destinationAddressPrefixes":[]}},{"name":"AllowVnetOutBound","id":"/subscriptions/00000000-0000-0000-0000-000000000000/resourceGroups/cli_nic_convenience_testv4jmcmlym7my4fi747nksx3bxcvd3hvnvjtrgzznxgbfrnnxde3/providers/Microsoft.Network/networkSecurityGroups/conveniencevm1NSG/defaultSecurityRules/AllowVnetOutBound","etag":"W/\"267b105c-e55a-4466-92ee-4802165f18e4\"","type":"Microsoft.Network/networkSecurityGroups/defaultSecurityRules","properties":{"provisioningState":"Succeeded","description":"Allow
        outbound traffic from all VMs to all VMs in VNET","protocol":"*","sourcePortRange":"*","destinationPortRange":"*","sourceAddressPrefix":"VirtualNetwork","destinationAddressPrefix":"VirtualNetwork","access":"Allow","priority":65000,"direction":"Outbound","sourcePortRanges":[],"destinationPortRanges":[],"sourceAddressPrefixes":[],"destinationAddressPrefixes":[]}},{"name":"AllowInternetOutBound","id":"/subscriptions/00000000-0000-0000-0000-000000000000/resourceGroups/cli_nic_convenience_testv4jmcmlym7my4fi747nksx3bxcvd3hvnvjtrgzznxgbfrnnxde3/providers/Microsoft.Network/networkSecurityGroups/conveniencevm1NSG/defaultSecurityRules/AllowInternetOutBound","etag":"W/\"267b105c-e55a-4466-92ee-4802165f18e4\"","type":"Microsoft.Network/networkSecurityGroups/defaultSecurityRules","properties":{"provisioningState":"Succeeded","description":"Allow
        outbound traffic from all VMs to Internet","protocol":"*","sourcePortRange":"*","destinationPortRange":"*","sourceAddressPrefix":"*","destinationAddressPrefix":"Internet","access":"Allow","priority":65001,"direction":"Outbound","sourcePortRanges":[],"destinationPortRanges":[],"sourceAddressPrefixes":[],"destinationAddressPrefixes":[]}},{"name":"DenyAllOutBound","id":"/subscriptions/00000000-0000-0000-0000-000000000000/resourceGroups/cli_nic_convenience_testv4jmcmlym7my4fi747nksx3bxcvd3hvnvjtrgzznxgbfrnnxde3/providers/Microsoft.Network/networkSecurityGroups/conveniencevm1NSG/defaultSecurityRules/DenyAllOutBound","etag":"W/\"267b105c-e55a-4466-92ee-4802165f18e4\"","type":"Microsoft.Network/networkSecurityGroups/defaultSecurityRules","properties":{"provisioningState":"Succeeded","description":"Deny
        all outbound traffic","protocol":"*","sourcePortRange":"*","destinationPortRange":"*","sourceAddressPrefix":"*","destinationAddressPrefix":"*","access":"Deny","priority":65500,"direction":"Outbound","sourcePortRanges":[],"destinationPortRanges":[],"sourceAddressPrefixes":[],"destinationAddressPrefixes":[]}}],"networkInterfaces":[{"id":"/subscriptions/00000000-0000-0000-0000-000000000000/resourceGroups/cli_nic_convenience_testv4jmcmlym7my4fi747nksx3bxcvd3hvnvjtrgzznxgbfrnnxde3/providers/Microsoft.Network/networkInterfaces/conveniencevm1VMNic"}]}},{"name":"nsg1","id":"/subscriptions/00000000-0000-0000-0000-000000000000/resourceGroups/cli_test_extended_nsghjkzhwvsh4c5sx5ayf7aval3o2qyvf7ols2w3tlaamq5axja2lu6jn/providers/Microsoft.Network/networkSecurityGroups/nsg1","etag":"W/\"32adbb76-db3a-4060-b40b-ec1815716751\"","type":"Microsoft.Network/networkSecurityGroups","location":"westus","properties":{"provisioningState":"Succeeded","resourceGuid":"afb96d17-5956-457a-8469-b480d587992d","securityRules":[{"name":"rule1","id":"/subscriptions/00000000-0000-0000-0000-000000000000/resourceGroups/cli_test_extended_nsghjkzhwvsh4c5sx5ayf7aval3o2qyvf7ols2w3tlaamq5axja2lu6jn/providers/Microsoft.Network/networkSecurityGroups/nsg1/securityRules/rule1","etag":"W/\"32adbb76-db3a-4060-b40b-ec1815716751\"","type":"Microsoft.Network/networkSecurityGroups/securityRules","properties":{"provisioningState":"Succeeded","protocol":"*","sourcePortRange":"*","sourceAddressPrefix":"","destinationAddressPrefix":"Internet","access":"Allow","priority":1000,"direction":"Inbound","sourcePortRanges":[],"destinationPortRanges":["500-1000","2000","3000"],"sourceAddressPrefixes":["10.0.0.0/24","11.0.0.0/24"],"destinationAddressPrefixes":[]}}],"defaultSecurityRules":[{"name":"AllowVnetInBound","id":"/subscriptions/00000000-0000-0000-0000-000000000000/resourceGroups/cli_test_extended_nsghjkzhwvsh4c5sx5ayf7aval3o2qyvf7ols2w3tlaamq5axja2lu6jn/providers/Microsoft.Network/networkSecurityGroups/nsg1/defaultSecurityRules/AllowVnetInBound","etag":"W/\"32adbb76-db3a-4060-b40b-ec1815716751\"","type":"Microsoft.Network/networkSecurityGroups/defaultSecurityRules","properties":{"provisioningState":"Succeeded","description":"Allow
        inbound traffic from all VMs in VNET","protocol":"*","sourcePortRange":"*","destinationPortRange":"*","sourceAddressPrefix":"VirtualNetwork","destinationAddressPrefix":"VirtualNetwork","access":"Allow","priority":65000,"direction":"Inbound","sourcePortRanges":[],"destinationPortRanges":[],"sourceAddressPrefixes":[],"destinationAddressPrefixes":[]}},{"name":"AllowAzureLoadBalancerInBound","id":"/subscriptions/00000000-0000-0000-0000-000000000000/resourceGroups/cli_test_extended_nsghjkzhwvsh4c5sx5ayf7aval3o2qyvf7ols2w3tlaamq5axja2lu6jn/providers/Microsoft.Network/networkSecurityGroups/nsg1/defaultSecurityRules/AllowAzureLoadBalancerInBound","etag":"W/\"32adbb76-db3a-4060-b40b-ec1815716751\"","type":"Microsoft.Network/networkSecurityGroups/defaultSecurityRules","properties":{"provisioningState":"Succeeded","description":"Allow
        inbound traffic from azure load balancer","protocol":"*","sourcePortRange":"*","destinationPortRange":"*","sourceAddressPrefix":"AzureLoadBalancer","destinationAddressPrefix":"*","access":"Allow","priority":65001,"direction":"Inbound","sourcePortRanges":[],"destinationPortRanges":[],"sourceAddressPrefixes":[],"destinationAddressPrefixes":[]}},{"name":"DenyAllInBound","id":"/subscriptions/00000000-0000-0000-0000-000000000000/resourceGroups/cli_test_extended_nsghjkzhwvsh4c5sx5ayf7aval3o2qyvf7ols2w3tlaamq5axja2lu6jn/providers/Microsoft.Network/networkSecurityGroups/nsg1/defaultSecurityRules/DenyAllInBound","etag":"W/\"32adbb76-db3a-4060-b40b-ec1815716751\"","type":"Microsoft.Network/networkSecurityGroups/defaultSecurityRules","properties":{"provisioningState":"Succeeded","description":"Deny
        all inbound traffic","protocol":"*","sourcePortRange":"*","destinationPortRange":"*","sourceAddressPrefix":"*","destinationAddressPrefix":"*","access":"Deny","priority":65500,"direction":"Inbound","sourcePortRanges":[],"destinationPortRanges":[],"sourceAddressPrefixes":[],"destinationAddressPrefixes":[]}},{"name":"AllowVnetOutBound","id":"/subscriptions/00000000-0000-0000-0000-000000000000/resourceGroups/cli_test_extended_nsghjkzhwvsh4c5sx5ayf7aval3o2qyvf7ols2w3tlaamq5axja2lu6jn/providers/Microsoft.Network/networkSecurityGroups/nsg1/defaultSecurityRules/AllowVnetOutBound","etag":"W/\"32adbb76-db3a-4060-b40b-ec1815716751\"","type":"Microsoft.Network/networkSecurityGroups/defaultSecurityRules","properties":{"provisioningState":"Succeeded","description":"Allow
        outbound traffic from all VMs to all VMs in VNET","protocol":"*","sourcePortRange":"*","destinationPortRange":"*","sourceAddressPrefix":"VirtualNetwork","destinationAddressPrefix":"VirtualNetwork","access":"Allow","priority":65000,"direction":"Outbound","sourcePortRanges":[],"destinationPortRanges":[],"sourceAddressPrefixes":[],"destinationAddressPrefixes":[]}},{"name":"AllowInternetOutBound","id":"/subscriptions/00000000-0000-0000-0000-000000000000/resourceGroups/cli_test_extended_nsghjkzhwvsh4c5sx5ayf7aval3o2qyvf7ols2w3tlaamq5axja2lu6jn/providers/Microsoft.Network/networkSecurityGroups/nsg1/defaultSecurityRules/AllowInternetOutBound","etag":"W/\"32adbb76-db3a-4060-b40b-ec1815716751\"","type":"Microsoft.Network/networkSecurityGroups/defaultSecurityRules","properties":{"provisioningState":"Succeeded","description":"Allow
        outbound traffic from all VMs to Internet","protocol":"*","sourcePortRange":"*","destinationPortRange":"*","sourceAddressPrefix":"*","destinationAddressPrefix":"Internet","access":"Allow","priority":65001,"direction":"Outbound","sourcePortRanges":[],"destinationPortRanges":[],"sourceAddressPrefixes":[],"destinationAddressPrefixes":[]}},{"name":"DenyAllOutBound","id":"/subscriptions/00000000-0000-0000-0000-000000000000/resourceGroups/cli_test_extended_nsghjkzhwvsh4c5sx5ayf7aval3o2qyvf7ols2w3tlaamq5axja2lu6jn/providers/Microsoft.Network/networkSecurityGroups/nsg1/defaultSecurityRules/DenyAllOutBound","etag":"W/\"32adbb76-db3a-4060-b40b-ec1815716751\"","type":"Microsoft.Network/networkSecurityGroups/defaultSecurityRules","properties":{"provisioningState":"Succeeded","description":"Deny
        all outbound traffic","protocol":"*","sourcePortRange":"*","destinationPortRange":"*","sourceAddressPrefix":"*","destinationAddressPrefix":"*","access":"Deny","priority":65500,"direction":"Outbound","sourcePortRanges":[],"destinationPortRanges":[],"sourceAddressPrefixes":[],"destinationAddressPrefixes":[]}}]}},{"name":"test-nsg1","id":"/subscriptions/00000000-0000-0000-0000-000000000000/resourceGroups/cli_test_nsg000001/providers/Microsoft.Network/networkSecurityGroups/test-nsg1","etag":"W/\"4f5fd7ea-74cd-42a0-9f3e-eb3a76ae2ca1\"","type":"Microsoft.Network/networkSecurityGroups","location":"westus","tags":{"foo":"doo"},"properties":{"provisioningState":"Succeeded","resourceGuid":"595cf8b1-cedb-4f30-beef-722eccf47feb","securityRules":[{"name":"web","id":"/subscriptions/00000000-0000-0000-0000-000000000000/resourceGroups/cli_test_nsg000001/providers/Microsoft.Network/networkSecurityGroups/test-nsg1/securityRules/web","etag":"W/\"4f5fd7ea-74cd-42a0-9f3e-eb3a76ae2ca1\"","type":"Microsoft.Network/networkSecurityGroups/securityRules","properties":{"provisioningState":"Succeeded","protocol":"*","sourcePortRange":"*","destinationPortRange":"4444","sourceAddressPrefix":"789","destinationAddressPrefix":"1234","access":"Allow","priority":1000,"direction":"Inbound","sourcePortRanges":[],"destinationPortRanges":[],"sourceAddressPrefixes":[],"destinationAddressPrefixes":[]}}],"defaultSecurityRules":[{"name":"AllowVnetInBound","id":"/subscriptions/00000000-0000-0000-0000-000000000000/resourceGroups/cli_test_nsg000001/providers/Microsoft.Network/networkSecurityGroups/test-nsg1/defaultSecurityRules/AllowVnetInBound","etag":"W/\"4f5fd7ea-74cd-42a0-9f3e-eb3a76ae2ca1\"","type":"Microsoft.Network/networkSecurityGroups/defaultSecurityRules","properties":{"provisioningState":"Succeeded","description":"Allow
        inbound traffic from all VMs in VNET","protocol":"*","sourcePortRange":"*","destinationPortRange":"*","sourceAddressPrefix":"VirtualNetwork","destinationAddressPrefix":"VirtualNetwork","access":"Allow","priority":65000,"direction":"Inbound","sourcePortRanges":[],"destinationPortRanges":[],"sourceAddressPrefixes":[],"destinationAddressPrefixes":[]}},{"name":"AllowAzureLoadBalancerInBound","id":"/subscriptions/00000000-0000-0000-0000-000000000000/resourceGroups/cli_test_nsg000001/providers/Microsoft.Network/networkSecurityGroups/test-nsg1/defaultSecurityRules/AllowAzureLoadBalancerInBound","etag":"W/\"4f5fd7ea-74cd-42a0-9f3e-eb3a76ae2ca1\"","type":"Microsoft.Network/networkSecurityGroups/defaultSecurityRules","properties":{"provisioningState":"Succeeded","description":"Allow
        inbound traffic from azure load balancer","protocol":"*","sourcePortRange":"*","destinationPortRange":"*","sourceAddressPrefix":"AzureLoadBalancer","destinationAddressPrefix":"*","access":"Allow","priority":65001,"direction":"Inbound","sourcePortRanges":[],"destinationPortRanges":[],"sourceAddressPrefixes":[],"destinationAddressPrefixes":[]}},{"name":"DenyAllInBound","id":"/subscriptions/00000000-0000-0000-0000-000000000000/resourceGroups/cli_test_nsg000001/providers/Microsoft.Network/networkSecurityGroups/test-nsg1/defaultSecurityRules/DenyAllInBound","etag":"W/\"4f5fd7ea-74cd-42a0-9f3e-eb3a76ae2ca1\"","type":"Microsoft.Network/networkSecurityGroups/defaultSecurityRules","properties":{"provisioningState":"Succeeded","description":"Deny
        all inbound traffic","protocol":"*","sourcePortRange":"*","destinationPortRange":"*","sourceAddressPrefix":"*","destinationAddressPrefix":"*","access":"Deny","priority":65500,"direction":"Inbound","sourcePortRanges":[],"destinationPortRanges":[],"sourceAddressPrefixes":[],"destinationAddressPrefixes":[]}},{"name":"AllowVnetOutBound","id":"/subscriptions/00000000-0000-0000-0000-000000000000/resourceGroups/cli_test_nsg000001/providers/Microsoft.Network/networkSecurityGroups/test-nsg1/defaultSecurityRules/AllowVnetOutBound","etag":"W/\"4f5fd7ea-74cd-42a0-9f3e-eb3a76ae2ca1\"","type":"Microsoft.Network/networkSecurityGroups/defaultSecurityRules","properties":{"provisioningState":"Succeeded","description":"Allow
        outbound traffic from all VMs to all VMs in VNET","protocol":"*","sourcePortRange":"*","destinationPortRange":"*","sourceAddressPrefix":"VirtualNetwork","destinationAddressPrefix":"VirtualNetwork","access":"Allow","priority":65000,"direction":"Outbound","sourcePortRanges":[],"destinationPortRanges":[],"sourceAddressPrefixes":[],"destinationAddressPrefixes":[]}},{"name":"AllowInternetOutBound","id":"/subscriptions/00000000-0000-0000-0000-000000000000/resourceGroups/cli_test_nsg000001/providers/Microsoft.Network/networkSecurityGroups/test-nsg1/defaultSecurityRules/AllowInternetOutBound","etag":"W/\"4f5fd7ea-74cd-42a0-9f3e-eb3a76ae2ca1\"","type":"Microsoft.Network/networkSecurityGroups/defaultSecurityRules","properties":{"provisioningState":"Succeeded","description":"Allow
        outbound traffic from all VMs to Internet","protocol":"*","sourcePortRange":"*","destinationPortRange":"*","sourceAddressPrefix":"*","destinationAddressPrefix":"Internet","access":"Allow","priority":65001,"direction":"Outbound","sourcePortRanges":[],"destinationPortRanges":[],"sourceAddressPrefixes":[],"destinationAddressPrefixes":[]}},{"name":"DenyAllOutBound","id":"/subscriptions/00000000-0000-0000-0000-000000000000/resourceGroups/cli_test_nsg000001/providers/Microsoft.Network/networkSecurityGroups/test-nsg1/defaultSecurityRules/DenyAllOutBound","etag":"W/\"4f5fd7ea-74cd-42a0-9f3e-eb3a76ae2ca1\"","type":"Microsoft.Network/networkSecurityGroups/defaultSecurityRules","properties":{"provisioningState":"Succeeded","description":"Deny
        all outbound traffic","protocol":"*","sourcePortRange":"*","destinationPortRange":"*","sourceAddressPrefix":"*","destinationAddressPrefix":"*","access":"Deny","priority":65500,"direction":"Outbound","sourcePortRanges":[],"destinationPortRanges":[],"sourceAddressPrefixes":[],"destinationAddressPrefixes":[]}}]}},{"name":"harold-cm-vm-01-nsg","id":"/subscriptions/00000000-0000-0000-0000-000000000000/resourceGroups/harold-test/providers/Microsoft.Network/networkSecurityGroups/harold-cm-vm-01-nsg","etag":"W/\"433e7a6f-7f04-419a-bfe1-296c31638639\"","type":"Microsoft.Network/networkSecurityGroups","location":"westus","properties":{"provisioningState":"Succeeded","resourceGuid":"322cbc4c-075e-4b04-b429-d0885fb476ec","securityRules":[],"defaultSecurityRules":[{"name":"AllowVnetInBound","id":"/subscriptions/00000000-0000-0000-0000-000000000000/resourceGroups/harold-test/providers/Microsoft.Network/networkSecurityGroups/harold-cm-vm-01-nsg/defaultSecurityRules/AllowVnetInBound","etag":"W/\"433e7a6f-7f04-419a-bfe1-296c31638639\"","type":"Microsoft.Network/networkSecurityGroups/defaultSecurityRules","properties":{"provisioningState":"Succeeded","description":"Allow
        inbound traffic from all VMs in VNET","protocol":"*","sourcePortRange":"*","destinationPortRange":"*","sourceAddressPrefix":"VirtualNetwork","destinationAddressPrefix":"VirtualNetwork","access":"Allow","priority":65000,"direction":"Inbound","sourcePortRanges":[],"destinationPortRanges":[],"sourceAddressPrefixes":[],"destinationAddressPrefixes":[]}},{"name":"AllowAzureLoadBalancerInBound","id":"/subscriptions/00000000-0000-0000-0000-000000000000/resourceGroups/harold-test/providers/Microsoft.Network/networkSecurityGroups/harold-cm-vm-01-nsg/defaultSecurityRules/AllowAzureLoadBalancerInBound","etag":"W/\"433e7a6f-7f04-419a-bfe1-296c31638639\"","type":"Microsoft.Network/networkSecurityGroups/defaultSecurityRules","properties":{"provisioningState":"Succeeded","description":"Allow
        inbound traffic from azure load balancer","protocol":"*","sourcePortRange":"*","destinationPortRange":"*","sourceAddressPrefix":"AzureLoadBalancer","destinationAddressPrefix":"*","access":"Allow","priority":65001,"direction":"Inbound","sourcePortRanges":[],"destinationPortRanges":[],"sourceAddressPrefixes":[],"destinationAddressPrefixes":[]}},{"name":"DenyAllInBound","id":"/subscriptions/00000000-0000-0000-0000-000000000000/resourceGroups/harold-test/providers/Microsoft.Network/networkSecurityGroups/harold-cm-vm-01-nsg/defaultSecurityRules/DenyAllInBound","etag":"W/\"433e7a6f-7f04-419a-bfe1-296c31638639\"","type":"Microsoft.Network/networkSecurityGroups/defaultSecurityRules","properties":{"provisioningState":"Succeeded","description":"Deny
        all inbound traffic","protocol":"*","sourcePortRange":"*","destinationPortRange":"*","sourceAddressPrefix":"*","destinationAddressPrefix":"*","access":"Deny","priority":65500,"direction":"Inbound","sourcePortRanges":[],"destinationPortRanges":[],"sourceAddressPrefixes":[],"destinationAddressPrefixes":[]}},{"name":"AllowVnetOutBound","id":"/subscriptions/00000000-0000-0000-0000-000000000000/resourceGroups/harold-test/providers/Microsoft.Network/networkSecurityGroups/harold-cm-vm-01-nsg/defaultSecurityRules/AllowVnetOutBound","etag":"W/\"433e7a6f-7f04-419a-bfe1-296c31638639\"","type":"Microsoft.Network/networkSecurityGroups/defaultSecurityRules","properties":{"provisioningState":"Succeeded","description":"Allow
        outbound traffic from all VMs to all VMs in VNET","protocol":"*","sourcePortRange":"*","destinationPortRange":"*","sourceAddressPrefix":"VirtualNetwork","destinationAddressPrefix":"VirtualNetwork","access":"Allow","priority":65000,"direction":"Outbound","sourcePortRanges":[],"destinationPortRanges":[],"sourceAddressPrefixes":[],"destinationAddressPrefixes":[]}},{"name":"AllowInternetOutBound","id":"/subscriptions/00000000-0000-0000-0000-000000000000/resourceGroups/harold-test/providers/Microsoft.Network/networkSecurityGroups/harold-cm-vm-01-nsg/defaultSecurityRules/AllowInternetOutBound","etag":"W/\"433e7a6f-7f04-419a-bfe1-296c31638639\"","type":"Microsoft.Network/networkSecurityGroups/defaultSecurityRules","properties":{"provisioningState":"Succeeded","description":"Allow
        outbound traffic from all VMs to Internet","protocol":"*","sourcePortRange":"*","destinationPortRange":"*","sourceAddressPrefix":"*","destinationAddressPrefix":"Internet","access":"Allow","priority":65001,"direction":"Outbound","sourcePortRanges":[],"destinationPortRanges":[],"sourceAddressPrefixes":[],"destinationAddressPrefixes":[]}},{"name":"DenyAllOutBound","id":"/subscriptions/00000000-0000-0000-0000-000000000000/resourceGroups/harold-test/providers/Microsoft.Network/networkSecurityGroups/harold-cm-vm-01-nsg/defaultSecurityRules/DenyAllOutBound","etag":"W/\"433e7a6f-7f04-419a-bfe1-296c31638639\"","type":"Microsoft.Network/networkSecurityGroups/defaultSecurityRules","properties":{"provisioningState":"Succeeded","description":"Deny
        all outbound traffic","protocol":"*","sourcePortRange":"*","destinationPortRange":"*","sourceAddressPrefix":"*","destinationAddressPrefix":"*","access":"Deny","priority":65500,"direction":"Outbound","sourcePortRanges":[],"destinationPortRanges":[],"sourceAddressPrefixes":[],"destinationAddressPrefixes":[]}}],"networkInterfaces":[{"id":"/subscriptions/00000000-0000-0000-0000-000000000000/resourceGroups/harold-test/providers/Microsoft.Network/networkInterfaces/harold-cm-vm-01235"}]}},{"name":"harold-cm-vm-02-nsg","id":"/subscriptions/00000000-0000-0000-0000-000000000000/resourceGroups/harold-test/providers/Microsoft.Network/networkSecurityGroups/harold-cm-vm-02-nsg","etag":"W/\"f7c11e46-3a2b-4a85-9205-347554f26b8b\"","type":"Microsoft.Network/networkSecurityGroups","location":"westus","properties":{"provisioningState":"Succeeded","resourceGuid":"8dbd0720-95a8-4095-a2a7-923698fa1496","securityRules":[],"defaultSecurityRules":[{"name":"AllowVnetInBound","id":"/subscriptions/00000000-0000-0000-0000-000000000000/resourceGroups/harold-test/providers/Microsoft.Network/networkSecurityGroups/harold-cm-vm-02-nsg/defaultSecurityRules/AllowVnetInBound","etag":"W/\"f7c11e46-3a2b-4a85-9205-347554f26b8b\"","type":"Microsoft.Network/networkSecurityGroups/defaultSecurityRules","properties":{"provisioningState":"Succeeded","description":"Allow
        inbound traffic from all VMs in VNET","protocol":"*","sourcePortRange":"*","destinationPortRange":"*","sourceAddressPrefix":"VirtualNetwork","destinationAddressPrefix":"VirtualNetwork","access":"Allow","priority":65000,"direction":"Inbound","sourcePortRanges":[],"destinationPortRanges":[],"sourceAddressPrefixes":[],"destinationAddressPrefixes":[]}},{"name":"AllowAzureLoadBalancerInBound","id":"/subscriptions/00000000-0000-0000-0000-000000000000/resourceGroups/harold-test/providers/Microsoft.Network/networkSecurityGroups/harold-cm-vm-02-nsg/defaultSecurityRules/AllowAzureLoadBalancerInBound","etag":"W/\"f7c11e46-3a2b-4a85-9205-347554f26b8b\"","type":"Microsoft.Network/networkSecurityGroups/defaultSecurityRules","properties":{"provisioningState":"Succeeded","description":"Allow
        inbound traffic from azure load balancer","protocol":"*","sourcePortRange":"*","destinationPortRange":"*","sourceAddressPrefix":"AzureLoadBalancer","destinationAddressPrefix":"*","access":"Allow","priority":65001,"direction":"Inbound","sourcePortRanges":[],"destinationPortRanges":[],"sourceAddressPrefixes":[],"destinationAddressPrefixes":[]}},{"name":"DenyAllInBound","id":"/subscriptions/00000000-0000-0000-0000-000000000000/resourceGroups/harold-test/providers/Microsoft.Network/networkSecurityGroups/harold-cm-vm-02-nsg/defaultSecurityRules/DenyAllInBound","etag":"W/\"f7c11e46-3a2b-4a85-9205-347554f26b8b\"","type":"Microsoft.Network/networkSecurityGroups/defaultSecurityRules","properties":{"provisioningState":"Succeeded","description":"Deny
        all inbound traffic","protocol":"*","sourcePortRange":"*","destinationPortRange":"*","sourceAddressPrefix":"*","destinationAddressPrefix":"*","access":"Deny","priority":65500,"direction":"Inbound","sourcePortRanges":[],"destinationPortRanges":[],"sourceAddressPrefixes":[],"destinationAddressPrefixes":[]}},{"name":"AllowVnetOutBound","id":"/subscriptions/00000000-0000-0000-0000-000000000000/resourceGroups/harold-test/providers/Microsoft.Network/networkSecurityGroups/harold-cm-vm-02-nsg/defaultSecurityRules/AllowVnetOutBound","etag":"W/\"f7c11e46-3a2b-4a85-9205-347554f26b8b\"","type":"Microsoft.Network/networkSecurityGroups/defaultSecurityRules","properties":{"provisioningState":"Succeeded","description":"Allow
        outbound traffic from all VMs to all VMs in VNET","protocol":"*","sourcePortRange":"*","destinationPortRange":"*","sourceAddressPrefix":"VirtualNetwork","destinationAddressPrefix":"VirtualNetwork","access":"Allow","priority":65000,"direction":"Outbound","sourcePortRanges":[],"destinationPortRanges":[],"sourceAddressPrefixes":[],"destinationAddressPrefixes":[]}},{"name":"AllowInternetOutBound","id":"/subscriptions/00000000-0000-0000-0000-000000000000/resourceGroups/harold-test/providers/Microsoft.Network/networkSecurityGroups/harold-cm-vm-02-nsg/defaultSecurityRules/AllowInternetOutBound","etag":"W/\"f7c11e46-3a2b-4a85-9205-347554f26b8b\"","type":"Microsoft.Network/networkSecurityGroups/defaultSecurityRules","properties":{"provisioningState":"Succeeded","description":"Allow
        outbound traffic from all VMs to Internet","protocol":"*","sourcePortRange":"*","destinationPortRange":"*","sourceAddressPrefix":"*","destinationAddressPrefix":"Internet","access":"Allow","priority":65001,"direction":"Outbound","sourcePortRanges":[],"destinationPortRanges":[],"sourceAddressPrefixes":[],"destinationAddressPrefixes":[]}},{"name":"DenyAllOutBound","id":"/subscriptions/00000000-0000-0000-0000-000000000000/resourceGroups/harold-test/providers/Microsoft.Network/networkSecurityGroups/harold-cm-vm-02-nsg/defaultSecurityRules/DenyAllOutBound","etag":"W/\"f7c11e46-3a2b-4a85-9205-347554f26b8b\"","type":"Microsoft.Network/networkSecurityGroups/defaultSecurityRules","properties":{"provisioningState":"Succeeded","description":"Deny
        all outbound traffic","protocol":"*","sourcePortRange":"*","destinationPortRange":"*","sourceAddressPrefix":"*","destinationAddressPrefix":"*","access":"Deny","priority":65500,"direction":"Outbound","sourcePortRanges":[],"destinationPortRanges":[],"sourceAddressPrefixes":[],"destinationAddressPrefixes":[]}}],"networkInterfaces":[{"id":"/subscriptions/00000000-0000-0000-0000-000000000000/resourceGroups/harold-test/providers/Microsoft.Network/networkInterfaces/harold-cm-vm-0243"}]}},{"name":"harold-cm-vm-03-nsg","id":"/subscriptions/00000000-0000-0000-0000-000000000000/resourceGroups/harold-test/providers/Microsoft.Network/networkSecurityGroups/harold-cm-vm-03-nsg","etag":"W/\"412ddfc8-2677-4f27-8260-eae673d50aa5\"","type":"Microsoft.Network/networkSecurityGroups","location":"westus","properties":{"provisioningState":"Succeeded","resourceGuid":"cc68a22d-397b-45a8-8e5b-4b99b209dad4","securityRules":[],"defaultSecurityRules":[{"name":"AllowVnetInBound","id":"/subscriptions/00000000-0000-0000-0000-000000000000/resourceGroups/harold-test/providers/Microsoft.Network/networkSecurityGroups/harold-cm-vm-03-nsg/defaultSecurityRules/AllowVnetInBound","etag":"W/\"412ddfc8-2677-4f27-8260-eae673d50aa5\"","type":"Microsoft.Network/networkSecurityGroups/defaultSecurityRules","properties":{"provisioningState":"Succeeded","description":"Allow
        inbound traffic from all VMs in VNET","protocol":"*","sourcePortRange":"*","destinationPortRange":"*","sourceAddressPrefix":"VirtualNetwork","destinationAddressPrefix":"VirtualNetwork","access":"Allow","priority":65000,"direction":"Inbound","sourcePortRanges":[],"destinationPortRanges":[],"sourceAddressPrefixes":[],"destinationAddressPrefixes":[]}},{"name":"AllowAzureLoadBalancerInBound","id":"/subscriptions/00000000-0000-0000-0000-000000000000/resourceGroups/harold-test/providers/Microsoft.Network/networkSecurityGroups/harold-cm-vm-03-nsg/defaultSecurityRules/AllowAzureLoadBalancerInBound","etag":"W/\"412ddfc8-2677-4f27-8260-eae673d50aa5\"","type":"Microsoft.Network/networkSecurityGroups/defaultSecurityRules","properties":{"provisioningState":"Succeeded","description":"Allow
        inbound traffic from azure load balancer","protocol":"*","sourcePortRange":"*","destinationPortRange":"*","sourceAddressPrefix":"AzureLoadBalancer","destinationAddressPrefix":"*","access":"Allow","priority":65001,"direction":"Inbound","sourcePortRanges":[],"destinationPortRanges":[],"sourceAddressPrefixes":[],"destinationAddressPrefixes":[]}},{"name":"DenyAllInBound","id":"/subscriptions/00000000-0000-0000-0000-000000000000/resourceGroups/harold-test/providers/Microsoft.Network/networkSecurityGroups/harold-cm-vm-03-nsg/defaultSecurityRules/DenyAllInBound","etag":"W/\"412ddfc8-2677-4f27-8260-eae673d50aa5\"","type":"Microsoft.Network/networkSecurityGroups/defaultSecurityRules","properties":{"provisioningState":"Succeeded","description":"Deny
        all inbound traffic","protocol":"*","sourcePortRange":"*","destinationPortRange":"*","sourceAddressPrefix":"*","destinationAddressPrefix":"*","access":"Deny","priority":65500,"direction":"Inbound","sourcePortRanges":[],"destinationPortRanges":[],"sourceAddressPrefixes":[],"destinationAddressPrefixes":[]}},{"name":"AllowVnetOutBound","id":"/subscriptions/00000000-0000-0000-0000-000000000000/resourceGroups/harold-test/providers/Microsoft.Network/networkSecurityGroups/harold-cm-vm-03-nsg/defaultSecurityRules/AllowVnetOutBound","etag":"W/\"412ddfc8-2677-4f27-8260-eae673d50aa5\"","type":"Microsoft.Network/networkSecurityGroups/defaultSecurityRules","properties":{"provisioningState":"Succeeded","description":"Allow
        outbound traffic from all VMs to all VMs in VNET","protocol":"*","sourcePortRange":"*","destinationPortRange":"*","sourceAddressPrefix":"VirtualNetwork","destinationAddressPrefix":"VirtualNetwork","access":"Allow","priority":65000,"direction":"Outbound","sourcePortRanges":[],"destinationPortRanges":[],"sourceAddressPrefixes":[],"destinationAddressPrefixes":[]}},{"name":"AllowInternetOutBound","id":"/subscriptions/00000000-0000-0000-0000-000000000000/resourceGroups/harold-test/providers/Microsoft.Network/networkSecurityGroups/harold-cm-vm-03-nsg/defaultSecurityRules/AllowInternetOutBound","etag":"W/\"412ddfc8-2677-4f27-8260-eae673d50aa5\"","type":"Microsoft.Network/networkSecurityGroups/defaultSecurityRules","properties":{"provisioningState":"Succeeded","description":"Allow
        outbound traffic from all VMs to Internet","protocol":"*","sourcePortRange":"*","destinationPortRange":"*","sourceAddressPrefix":"*","destinationAddressPrefix":"Internet","access":"Allow","priority":65001,"direction":"Outbound","sourcePortRanges":[],"destinationPortRanges":[],"sourceAddressPrefixes":[],"destinationAddressPrefixes":[]}},{"name":"DenyAllOutBound","id":"/subscriptions/00000000-0000-0000-0000-000000000000/resourceGroups/harold-test/providers/Microsoft.Network/networkSecurityGroups/harold-cm-vm-03-nsg/defaultSecurityRules/DenyAllOutBound","etag":"W/\"412ddfc8-2677-4f27-8260-eae673d50aa5\"","type":"Microsoft.Network/networkSecurityGroups/defaultSecurityRules","properties":{"provisioningState":"Succeeded","description":"Deny
        all outbound traffic","protocol":"*","sourcePortRange":"*","destinationPortRange":"*","sourceAddressPrefix":"*","destinationAddressPrefix":"*","access":"Deny","priority":65500,"direction":"Outbound","sourcePortRanges":[],"destinationPortRanges":[],"sourceAddressPrefixes":[],"destinationAddressPrefixes":[]}}],"networkInterfaces":[{"id":"/subscriptions/00000000-0000-0000-0000-000000000000/resourceGroups/harold-test/providers/Microsoft.Network/networkInterfaces/harold-cm-vm-03344"}]}},{"name":"azureclitestlinux-nsg","id":"/subscriptions/00000000-0000-0000-0000-000000000000/resourceGroups/azure-cli-test-rg/providers/Microsoft.Network/networkSecurityGroups/azureclitestlinux-nsg","etag":"W/\"86023d71-9aa5-4e69-bab9-2cfc3128bbdb\"","type":"Microsoft.Network/networkSecurityGroups","location":"eastus","properties":{"provisioningState":"Succeeded","resourceGuid":"79c82fd8-0003-4413-bc2f-9781152b68a0","securityRules":[{"name":"SSH","id":"/subscriptions/00000000-0000-0000-0000-000000000000/resourceGroups/azure-cli-test-rg/providers/Microsoft.Network/networkSecurityGroups/azureclitestlinux-nsg/securityRules/SSH","etag":"W/\"86023d71-9aa5-4e69-bab9-2cfc3128bbdb\"","type":"Microsoft.Network/networkSecurityGroups/securityRules","properties":{"provisioningState":"Succeeded","protocol":"TCP","sourcePortRange":"*","destinationPortRange":"22","sourceAddressPrefix":"*","destinationAddressPrefix":"*","access":"Allow","priority":300,"direction":"Inbound","sourcePortRanges":[],"destinationPortRanges":[],"sourceAddressPrefixes":[],"destinationAddressPrefixes":[]}}],"defaultSecurityRules":[{"name":"AllowVnetInBound","id":"/subscriptions/00000000-0000-0000-0000-000000000000/resourceGroups/azure-cli-test-rg/providers/Microsoft.Network/networkSecurityGroups/azureclitestlinux-nsg/defaultSecurityRules/AllowVnetInBound","etag":"W/\"86023d71-9aa5-4e69-bab9-2cfc3128bbdb\"","type":"Microsoft.Network/networkSecurityGroups/defaultSecurityRules","properties":{"provisioningState":"Succeeded","description":"Allow
        inbound traffic from all VMs in VNET","protocol":"*","sourcePortRange":"*","destinationPortRange":"*","sourceAddressPrefix":"VirtualNetwork","destinationAddressPrefix":"VirtualNetwork","access":"Allow","priority":65000,"direction":"Inbound","sourcePortRanges":[],"destinationPortRanges":[],"sourceAddressPrefixes":[],"destinationAddressPrefixes":[]}},{"name":"AllowAzureLoadBalancerInBound","id":"/subscriptions/00000000-0000-0000-0000-000000000000/resourceGroups/azure-cli-test-rg/providers/Microsoft.Network/networkSecurityGroups/azureclitestlinux-nsg/defaultSecurityRules/AllowAzureLoadBalancerInBound","etag":"W/\"86023d71-9aa5-4e69-bab9-2cfc3128bbdb\"","type":"Microsoft.Network/networkSecurityGroups/defaultSecurityRules","properties":{"provisioningState":"Succeeded","description":"Allow
        inbound traffic from azure load balancer","protocol":"*","sourcePortRange":"*","destinationPortRange":"*","sourceAddressPrefix":"AzureLoadBalancer","destinationAddressPrefix":"*","access":"Allow","priority":65001,"direction":"Inbound","sourcePortRanges":[],"destinationPortRanges":[],"sourceAddressPrefixes":[],"destinationAddressPrefixes":[]}},{"name":"DenyAllInBound","id":"/subscriptions/00000000-0000-0000-0000-000000000000/resourceGroups/azure-cli-test-rg/providers/Microsoft.Network/networkSecurityGroups/azureclitestlinux-nsg/defaultSecurityRules/DenyAllInBound","etag":"W/\"86023d71-9aa5-4e69-bab9-2cfc3128bbdb\"","type":"Microsoft.Network/networkSecurityGroups/defaultSecurityRules","properties":{"provisioningState":"Succeeded","description":"Deny
        all inbound traffic","protocol":"*","sourcePortRange":"*","destinationPortRange":"*","sourceAddressPrefix":"*","destinationAddressPrefix":"*","access":"Deny","priority":65500,"direction":"Inbound","sourcePortRanges":[],"destinationPortRanges":[],"sourceAddressPrefixes":[],"destinationAddressPrefixes":[]}},{"name":"AllowVnetOutBound","id":"/subscriptions/00000000-0000-0000-0000-000000000000/resourceGroups/azure-cli-test-rg/providers/Microsoft.Network/networkSecurityGroups/azureclitestlinux-nsg/defaultSecurityRules/AllowVnetOutBound","etag":"W/\"86023d71-9aa5-4e69-bab9-2cfc3128bbdb\"","type":"Microsoft.Network/networkSecurityGroups/defaultSecurityRules","properties":{"provisioningState":"Succeeded","description":"Allow
        outbound traffic from all VMs to all VMs in VNET","protocol":"*","sourcePortRange":"*","destinationPortRange":"*","sourceAddressPrefix":"VirtualNetwork","destinationAddressPrefix":"VirtualNetwork","access":"Allow","priority":65000,"direction":"Outbound","sourcePortRanges":[],"destinationPortRanges":[],"sourceAddressPrefixes":[],"destinationAddressPrefixes":[]}},{"name":"AllowInternetOutBound","id":"/subscriptions/00000000-0000-0000-0000-000000000000/resourceGroups/azure-cli-test-rg/providers/Microsoft.Network/networkSecurityGroups/azureclitestlinux-nsg/defaultSecurityRules/AllowInternetOutBound","etag":"W/\"86023d71-9aa5-4e69-bab9-2cfc3128bbdb\"","type":"Microsoft.Network/networkSecurityGroups/defaultSecurityRules","properties":{"provisioningState":"Succeeded","description":"Allow
        outbound traffic from all VMs to Internet","protocol":"*","sourcePortRange":"*","destinationPortRange":"*","sourceAddressPrefix":"*","destinationAddressPrefix":"Internet","access":"Allow","priority":65001,"direction":"Outbound","sourcePortRanges":[],"destinationPortRanges":[],"sourceAddressPrefixes":[],"destinationAddressPrefixes":[]}},{"name":"DenyAllOutBound","id":"/subscriptions/00000000-0000-0000-0000-000000000000/resourceGroups/azure-cli-test-rg/providers/Microsoft.Network/networkSecurityGroups/azureclitestlinux-nsg/defaultSecurityRules/DenyAllOutBound","etag":"W/\"86023d71-9aa5-4e69-bab9-2cfc3128bbdb\"","type":"Microsoft.Network/networkSecurityGroups/defaultSecurityRules","properties":{"provisioningState":"Succeeded","description":"Deny
        all outbound traffic","protocol":"*","sourcePortRange":"*","destinationPortRange":"*","sourceAddressPrefix":"*","destinationAddressPrefix":"*","access":"Deny","priority":65500,"direction":"Outbound","sourcePortRanges":[],"destinationPortRanges":[],"sourceAddressPrefixes":[],"destinationAddressPrefixes":[]}}],"networkInterfaces":[{"id":"/subscriptions/00000000-0000-0000-0000-000000000000/resourceGroups/azure-cli-test-rg/providers/Microsoft.Network/networkInterfaces/azureclitestlinux487"}]}},{"name":"azureclitestwin-nsg","id":"/subscriptions/00000000-0000-0000-0000-000000000000/resourceGroups/azure-cli-test-rg/providers/Microsoft.Network/networkSecurityGroups/azureclitestwin-nsg","etag":"W/\"5b586103-2f66-4825-beeb-4d5db9ca7b28\"","type":"Microsoft.Network/networkSecurityGroups","location":"eastus","properties":{"provisioningState":"Succeeded","resourceGuid":"354abdd5-ea49-4261-851b-21cc0ae43f6f","securityRules":[{"name":"RDP","id":"/subscriptions/00000000-0000-0000-0000-000000000000/resourceGroups/azure-cli-test-rg/providers/Microsoft.Network/networkSecurityGroups/azureclitestwin-nsg/securityRules/RDP","etag":"W/\"5b586103-2f66-4825-beeb-4d5db9ca7b28\"","type":"Microsoft.Network/networkSecurityGroups/securityRules","properties":{"provisioningState":"Succeeded","protocol":"TCP","sourcePortRange":"*","destinationPortRange":"3389","sourceAddressPrefix":"*","destinationAddressPrefix":"*","access":"Allow","priority":300,"direction":"Inbound","sourcePortRanges":[],"destinationPortRanges":[],"sourceAddressPrefixes":[],"destinationAddressPrefixes":[]}}],"defaultSecurityRules":[{"name":"AllowVnetInBound","id":"/subscriptions/00000000-0000-0000-0000-000000000000/resourceGroups/azure-cli-test-rg/providers/Microsoft.Network/networkSecurityGroups/azureclitestwin-nsg/defaultSecurityRules/AllowVnetInBound","etag":"W/\"5b586103-2f66-4825-beeb-4d5db9ca7b28\"","type":"Microsoft.Network/networkSecurityGroups/defaultSecurityRules","properties":{"provisioningState":"Succeeded","description":"Allow
        inbound traffic from all VMs in VNET","protocol":"*","sourcePortRange":"*","destinationPortRange":"*","sourceAddressPrefix":"VirtualNetwork","destinationAddressPrefix":"VirtualNetwork","access":"Allow","priority":65000,"direction":"Inbound","sourcePortRanges":[],"destinationPortRanges":[],"sourceAddressPrefixes":[],"destinationAddressPrefixes":[]}},{"name":"AllowAzureLoadBalancerInBound","id":"/subscriptions/00000000-0000-0000-0000-000000000000/resourceGroups/azure-cli-test-rg/providers/Microsoft.Network/networkSecurityGroups/azureclitestwin-nsg/defaultSecurityRules/AllowAzureLoadBalancerInBound","etag":"W/\"5b586103-2f66-4825-beeb-4d5db9ca7b28\"","type":"Microsoft.Network/networkSecurityGroups/defaultSecurityRules","properties":{"provisioningState":"Succeeded","description":"Allow
        inbound traffic from azure load balancer","protocol":"*","sourcePortRange":"*","destinationPortRange":"*","sourceAddressPrefix":"AzureLoadBalancer","destinationAddressPrefix":"*","access":"Allow","priority":65001,"direction":"Inbound","sourcePortRanges":[],"destinationPortRanges":[],"sourceAddressPrefixes":[],"destinationAddressPrefixes":[]}},{"name":"DenyAllInBound","id":"/subscriptions/00000000-0000-0000-0000-000000000000/resourceGroups/azure-cli-test-rg/providers/Microsoft.Network/networkSecurityGroups/azureclitestwin-nsg/defaultSecurityRules/DenyAllInBound","etag":"W/\"5b586103-2f66-4825-beeb-4d5db9ca7b28\"","type":"Microsoft.Network/networkSecurityGroups/defaultSecurityRules","properties":{"provisioningState":"Succeeded","description":"Deny
        all inbound traffic","protocol":"*","sourcePortRange":"*","destinationPortRange":"*","sourceAddressPrefix":"*","destinationAddressPrefix":"*","access":"Deny","priority":65500,"direction":"Inbound","sourcePortRanges":[],"destinationPortRanges":[],"sourceAddressPrefixes":[],"destinationAddressPrefixes":[]}},{"name":"AllowVnetOutBound","id":"/subscriptions/00000000-0000-0000-0000-000000000000/resourceGroups/azure-cli-test-rg/providers/Microsoft.Network/networkSecurityGroups/azureclitestwin-nsg/defaultSecurityRules/AllowVnetOutBound","etag":"W/\"5b586103-2f66-4825-beeb-4d5db9ca7b28\"","type":"Microsoft.Network/networkSecurityGroups/defaultSecurityRules","properties":{"provisioningState":"Succeeded","description":"Allow
        outbound traffic from all VMs to all VMs in VNET","protocol":"*","sourcePortRange":"*","destinationPortRange":"*","sourceAddressPrefix":"VirtualNetwork","destinationAddressPrefix":"VirtualNetwork","access":"Allow","priority":65000,"direction":"Outbound","sourcePortRanges":[],"destinationPortRanges":[],"sourceAddressPrefixes":[],"destinationAddressPrefixes":[]}},{"name":"AllowInternetOutBound","id":"/subscriptions/00000000-0000-0000-0000-000000000000/resourceGroups/azure-cli-test-rg/providers/Microsoft.Network/networkSecurityGroups/azureclitestwin-nsg/defaultSecurityRules/AllowInternetOutBound","etag":"W/\"5b586103-2f66-4825-beeb-4d5db9ca7b28\"","type":"Microsoft.Network/networkSecurityGroups/defaultSecurityRules","properties":{"provisioningState":"Succeeded","description":"Allow
        outbound traffic from all VMs to Internet","protocol":"*","sourcePortRange":"*","destinationPortRange":"*","sourceAddressPrefix":"*","destinationAddressPrefix":"Internet","access":"Allow","priority":65001,"direction":"Outbound","sourcePortRanges":[],"destinationPortRanges":[],"sourceAddressPrefixes":[],"destinationAddressPrefixes":[]}},{"name":"DenyAllOutBound","id":"/subscriptions/00000000-0000-0000-0000-000000000000/resourceGroups/azure-cli-test-rg/providers/Microsoft.Network/networkSecurityGroups/azureclitestwin-nsg/defaultSecurityRules/DenyAllOutBound","etag":"W/\"5b586103-2f66-4825-beeb-4d5db9ca7b28\"","type":"Microsoft.Network/networkSecurityGroups/defaultSecurityRules","properties":{"provisioningState":"Succeeded","description":"Deny
        all outbound traffic","protocol":"*","sourcePortRange":"*","destinationPortRange":"*","sourceAddressPrefix":"*","destinationAddressPrefix":"*","access":"Deny","priority":65500,"direction":"Outbound","sourcePortRanges":[],"destinationPortRanges":[],"sourceAddressPrefixes":[],"destinationAddressPrefixes":[]}}],"networkInterfaces":[{"id":"/subscriptions/00000000-0000-0000-0000-000000000000/resourceGroups/azure-cli-test-rg/providers/Microsoft.Network/networkInterfaces/azureclitestwin173"}]}},{"name":"harold-cm-vm-05-nsg","id":"/subscriptions/00000000-0000-0000-0000-000000000000/resourceGroups/harold-test/providers/Microsoft.Network/networkSecurityGroups/harold-cm-vm-05-nsg","etag":"W/\"4bf125ae-70d1-4ebc-bd9b-1dafe4655fef\"","type":"Microsoft.Network/networkSecurityGroups","location":"eastus","properties":{"provisioningState":"Succeeded","resourceGuid":"85a7c2f2-9590-41f3-9b31-54f63fcd9200","securityRules":[],"defaultSecurityRules":[{"name":"AllowVnetInBound","id":"/subscriptions/00000000-0000-0000-0000-000000000000/resourceGroups/harold-test/providers/Microsoft.Network/networkSecurityGroups/harold-cm-vm-05-nsg/defaultSecurityRules/AllowVnetInBound","etag":"W/\"4bf125ae-70d1-4ebc-bd9b-1dafe4655fef\"","type":"Microsoft.Network/networkSecurityGroups/defaultSecurityRules","properties":{"provisioningState":"Succeeded","description":"Allow
        inbound traffic from all VMs in VNET","protocol":"*","sourcePortRange":"*","destinationPortRange":"*","sourceAddressPrefix":"VirtualNetwork","destinationAddressPrefix":"VirtualNetwork","access":"Allow","priority":65000,"direction":"Inbound","sourcePortRanges":[],"destinationPortRanges":[],"sourceAddressPrefixes":[],"destinationAddressPrefixes":[]}},{"name":"AllowAzureLoadBalancerInBound","id":"/subscriptions/00000000-0000-0000-0000-000000000000/resourceGroups/harold-test/providers/Microsoft.Network/networkSecurityGroups/harold-cm-vm-05-nsg/defaultSecurityRules/AllowAzureLoadBalancerInBound","etag":"W/\"4bf125ae-70d1-4ebc-bd9b-1dafe4655fef\"","type":"Microsoft.Network/networkSecurityGroups/defaultSecurityRules","properties":{"provisioningState":"Succeeded","description":"Allow
        inbound traffic from azure load balancer","protocol":"*","sourcePortRange":"*","destinationPortRange":"*","sourceAddressPrefix":"AzureLoadBalancer","destinationAddressPrefix":"*","access":"Allow","priority":65001,"direction":"Inbound","sourcePortRanges":[],"destinationPortRanges":[],"sourceAddressPrefixes":[],"destinationAddressPrefixes":[]}},{"name":"DenyAllInBound","id":"/subscriptions/00000000-0000-0000-0000-000000000000/resourceGroups/harold-test/providers/Microsoft.Network/networkSecurityGroups/harold-cm-vm-05-nsg/defaultSecurityRules/DenyAllInBound","etag":"W/\"4bf125ae-70d1-4ebc-bd9b-1dafe4655fef\"","type":"Microsoft.Network/networkSecurityGroups/defaultSecurityRules","properties":{"provisioningState":"Succeeded","description":"Deny
        all inbound traffic","protocol":"*","sourcePortRange":"*","destinationPortRange":"*","sourceAddressPrefix":"*","destinationAddressPrefix":"*","access":"Deny","priority":65500,"direction":"Inbound","sourcePortRanges":[],"destinationPortRanges":[],"sourceAddressPrefixes":[],"destinationAddressPrefixes":[]}},{"name":"AllowVnetOutBound","id":"/subscriptions/00000000-0000-0000-0000-000000000000/resourceGroups/harold-test/providers/Microsoft.Network/networkSecurityGroups/harold-cm-vm-05-nsg/defaultSecurityRules/AllowVnetOutBound","etag":"W/\"4bf125ae-70d1-4ebc-bd9b-1dafe4655fef\"","type":"Microsoft.Network/networkSecurityGroups/defaultSecurityRules","properties":{"provisioningState":"Succeeded","description":"Allow
        outbound traffic from all VMs to all VMs in VNET","protocol":"*","sourcePortRange":"*","destinationPortRange":"*","sourceAddressPrefix":"VirtualNetwork","destinationAddressPrefix":"VirtualNetwork","access":"Allow","priority":65000,"direction":"Outbound","sourcePortRanges":[],"destinationPortRanges":[],"sourceAddressPrefixes":[],"destinationAddressPrefixes":[]}},{"name":"AllowInternetOutBound","id":"/subscriptions/00000000-0000-0000-0000-000000000000/resourceGroups/harold-test/providers/Microsoft.Network/networkSecurityGroups/harold-cm-vm-05-nsg/defaultSecurityRules/AllowInternetOutBound","etag":"W/\"4bf125ae-70d1-4ebc-bd9b-1dafe4655fef\"","type":"Microsoft.Network/networkSecurityGroups/defaultSecurityRules","properties":{"provisioningState":"Succeeded","description":"Allow
        outbound traffic from all VMs to Internet","protocol":"*","sourcePortRange":"*","destinationPortRange":"*","sourceAddressPrefix":"*","destinationAddressPrefix":"Internet","access":"Allow","priority":65001,"direction":"Outbound","sourcePortRanges":[],"destinationPortRanges":[],"sourceAddressPrefixes":[],"destinationAddressPrefixes":[]}},{"name":"DenyAllOutBound","id":"/subscriptions/00000000-0000-0000-0000-000000000000/resourceGroups/harold-test/providers/Microsoft.Network/networkSecurityGroups/harold-cm-vm-05-nsg/defaultSecurityRules/DenyAllOutBound","etag":"W/\"4bf125ae-70d1-4ebc-bd9b-1dafe4655fef\"","type":"Microsoft.Network/networkSecurityGroups/defaultSecurityRules","properties":{"provisioningState":"Succeeded","description":"Deny
        all outbound traffic","protocol":"*","sourcePortRange":"*","destinationPortRange":"*","sourceAddressPrefix":"*","destinationAddressPrefix":"*","access":"Deny","priority":65500,"direction":"Outbound","sourcePortRanges":[],"destinationPortRanges":[],"sourceAddressPrefixes":[],"destinationAddressPrefixes":[]}}],"networkInterfaces":[{"id":"/subscriptions/00000000-0000-0000-0000-000000000000/resourceGroups/harold-test/providers/Microsoft.Network/networkInterfaces/harold-cm-vm-05892"}]}},{"name":"jlvm2-nsg","id":"/subscriptions/00000000-0000-0000-0000-000000000000/resourceGroups/jlrg2/providers/Microsoft.Network/networkSecurityGroups/jlvm2-nsg","etag":"W/\"7aed17f9-199c-4eca-accd-028dfa74833a\"","type":"Microsoft.Network/networkSecurityGroups","location":"southeastasia","properties":{"provisioningState":"Succeeded","resourceGuid":"0b9f9989-30d8-444c-86ea-f31029b40fe4","securityRules":[{"name":"Port_8080","id":"/subscriptions/00000000-0000-0000-0000-000000000000/resourceGroups/jlrg2/providers/Microsoft.Network/networkSecurityGroups/jlvm2-nsg/securityRules/Port_8080","etag":"W/\"7aed17f9-199c-4eca-accd-028dfa74833a\"","type":"Microsoft.Network/networkSecurityGroups/securityRules","properties":{"provisioningState":"Succeeded","protocol":"*","sourcePortRange":"*","destinationPortRange":"22","sourceAddressPrefix":"167.220.255.0/24","destinationAddressPrefix":"*","access":"Allow","priority":100,"direction":"Inbound","sourcePortRanges":[],"destinationPortRanges":[],"sourceAddressPrefixes":[],"destinationAddressPrefixes":[]}}],"defaultSecurityRules":[{"name":"AllowVnetInBound","id":"/subscriptions/00000000-0000-0000-0000-000000000000/resourceGroups/jlrg2/providers/Microsoft.Network/networkSecurityGroups/jlvm2-nsg/defaultSecurityRules/AllowVnetInBound","etag":"W/\"7aed17f9-199c-4eca-accd-028dfa74833a\"","type":"Microsoft.Network/networkSecurityGroups/defaultSecurityRules","properties":{"provisioningState":"Succeeded","description":"Allow
        inbound traffic from all VMs in VNET","protocol":"*","sourcePortRange":"*","destinationPortRange":"*","sourceAddressPrefix":"VirtualNetwork","destinationAddressPrefix":"VirtualNetwork","access":"Allow","priority":65000,"direction":"Inbound","sourcePortRanges":[],"destinationPortRanges":[],"sourceAddressPrefixes":[],"destinationAddressPrefixes":[]}},{"name":"AllowAzureLoadBalancerInBound","id":"/subscriptions/00000000-0000-0000-0000-000000000000/resourceGroups/jlrg2/providers/Microsoft.Network/networkSecurityGroups/jlvm2-nsg/defaultSecurityRules/AllowAzureLoadBalancerInBound","etag":"W/\"7aed17f9-199c-4eca-accd-028dfa74833a\"","type":"Microsoft.Network/networkSecurityGroups/defaultSecurityRules","properties":{"provisioningState":"Succeeded","description":"Allow
        inbound traffic from azure load balancer","protocol":"*","sourcePortRange":"*","destinationPortRange":"*","sourceAddressPrefix":"AzureLoadBalancer","destinationAddressPrefix":"*","access":"Allow","priority":65001,"direction":"Inbound","sourcePortRanges":[],"destinationPortRanges":[],"sourceAddressPrefixes":[],"destinationAddressPrefixes":[]}},{"name":"DenyAllInBound","id":"/subscriptions/00000000-0000-0000-0000-000000000000/resourceGroups/jlrg2/providers/Microsoft.Network/networkSecurityGroups/jlvm2-nsg/defaultSecurityRules/DenyAllInBound","etag":"W/\"7aed17f9-199c-4eca-accd-028dfa74833a\"","type":"Microsoft.Network/networkSecurityGroups/defaultSecurityRules","properties":{"provisioningState":"Succeeded","description":"Deny
        all inbound traffic","protocol":"*","sourcePortRange":"*","destinationPortRange":"*","sourceAddressPrefix":"*","destinationAddressPrefix":"*","access":"Deny","priority":65500,"direction":"Inbound","sourcePortRanges":[],"destinationPortRanges":[],"sourceAddressPrefixes":[],"destinationAddressPrefixes":[]}},{"name":"AllowVnetOutBound","id":"/subscriptions/00000000-0000-0000-0000-000000000000/resourceGroups/jlrg2/providers/Microsoft.Network/networkSecurityGroups/jlvm2-nsg/defaultSecurityRules/AllowVnetOutBound","etag":"W/\"7aed17f9-199c-4eca-accd-028dfa74833a\"","type":"Microsoft.Network/networkSecurityGroups/defaultSecurityRules","properties":{"provisioningState":"Succeeded","description":"Allow
        outbound traffic from all VMs to all VMs in VNET","protocol":"*","sourcePortRange":"*","destinationPortRange":"*","sourceAddressPrefix":"VirtualNetwork","destinationAddressPrefix":"VirtualNetwork","access":"Allow","priority":65000,"direction":"Outbound","sourcePortRanges":[],"destinationPortRanges":[],"sourceAddressPrefixes":[],"destinationAddressPrefixes":[]}},{"name":"AllowInternetOutBound","id":"/subscriptions/00000000-0000-0000-0000-000000000000/resourceGroups/jlrg2/providers/Microsoft.Network/networkSecurityGroups/jlvm2-nsg/defaultSecurityRules/AllowInternetOutBound","etag":"W/\"7aed17f9-199c-4eca-accd-028dfa74833a\"","type":"Microsoft.Network/networkSecurityGroups/defaultSecurityRules","properties":{"provisioningState":"Succeeded","description":"Allow
        outbound traffic from all VMs to Internet","protocol":"*","sourcePortRange":"*","destinationPortRange":"*","sourceAddressPrefix":"*","destinationAddressPrefix":"Internet","access":"Allow","priority":65001,"direction":"Outbound","sourcePortRanges":[],"destinationPortRanges":[],"sourceAddressPrefixes":[],"destinationAddressPrefixes":[]}},{"name":"DenyAllOutBound","id":"/subscriptions/00000000-0000-0000-0000-000000000000/resourceGroups/jlrg2/providers/Microsoft.Network/networkSecurityGroups/jlvm2-nsg/defaultSecurityRules/DenyAllOutBound","etag":"W/\"7aed17f9-199c-4eca-accd-028dfa74833a\"","type":"Microsoft.Network/networkSecurityGroups/defaultSecurityRules","properties":{"provisioningState":"Succeeded","description":"Deny
        all outbound traffic","protocol":"*","sourcePortRange":"*","destinationPortRange":"*","sourceAddressPrefix":"*","destinationAddressPrefix":"*","access":"Deny","priority":65500,"direction":"Outbound","sourcePortRanges":[],"destinationPortRanges":[],"sourceAddressPrefixes":[],"destinationAddressPrefixes":[]}}],"networkInterfaces":[{"id":"/subscriptions/00000000-0000-0000-0000-000000000000/resourceGroups/jlrg2/providers/Microsoft.Network/networkInterfaces/jlvm2657"}]}},{"name":"qianwen-ubuntu-nsg","id":"/subscriptions/00000000-0000-0000-0000-000000000000/resourceGroups/qianwens/providers/Microsoft.Network/networkSecurityGroups/qianwen-ubuntu-nsg","etag":"W/\"cda27391-c75d-4197-83e6-fed14a46405d\"","type":"Microsoft.Network/networkSecurityGroups","location":"southeastasia","properties":{"provisioningState":"Succeeded","resourceGuid":"3739beeb-d635-404f-833d-6a05ff0b8184","securityRules":[{"name":"SSH","id":"/subscriptions/00000000-0000-0000-0000-000000000000/resourceGroups/qianwens/providers/Microsoft.Network/networkSecurityGroups/qianwen-ubuntu-nsg/securityRules/SSH","etag":"W/\"cda27391-c75d-4197-83e6-fed14a46405d\"","type":"Microsoft.Network/networkSecurityGroups/securityRules","properties":{"provisioningState":"Succeeded","protocol":"TCP","sourcePortRange":"*","destinationPortRange":"22","sourceAddressPrefix":"167.220.255.0/24","destinationAddressPrefix":"*","access":"Allow","priority":300,"direction":"Inbound","sourcePortRanges":[],"destinationPortRanges":[],"sourceAddressPrefixes":[],"destinationAddressPrefixes":[]}}],"defaultSecurityRules":[{"name":"AllowVnetInBound","id":"/subscriptions/00000000-0000-0000-0000-000000000000/resourceGroups/qianwens/providers/Microsoft.Network/networkSecurityGroups/qianwen-ubuntu-nsg/defaultSecurityRules/AllowVnetInBound","etag":"W/\"cda27391-c75d-4197-83e6-fed14a46405d\"","type":"Microsoft.Network/networkSecurityGroups/defaultSecurityRules","properties":{"provisioningState":"Succeeded","description":"Allow
        inbound traffic from all VMs in VNET","protocol":"*","sourcePortRange":"*","destinationPortRange":"*","sourceAddressPrefix":"VirtualNetwork","destinationAddressPrefix":"VirtualNetwork","access":"Allow","priority":65000,"direction":"Inbound","sourcePortRanges":[],"destinationPortRanges":[],"sourceAddressPrefixes":[],"destinationAddressPrefixes":[]}},{"name":"AllowAzureLoadBalancerInBound","id":"/subscriptions/00000000-0000-0000-0000-000000000000/resourceGroups/qianwens/providers/Microsoft.Network/networkSecurityGroups/qianwen-ubuntu-nsg/defaultSecurityRules/AllowAzureLoadBalancerInBound","etag":"W/\"cda27391-c75d-4197-83e6-fed14a46405d\"","type":"Microsoft.Network/networkSecurityGroups/defaultSecurityRules","properties":{"provisioningState":"Succeeded","description":"Allow
        inbound traffic from azure load balancer","protocol":"*","sourcePortRange":"*","destinationPortRange":"*","sourceAddressPrefix":"AzureLoadBalancer","destinationAddressPrefix":"*","access":"Allow","priority":65001,"direction":"Inbound","sourcePortRanges":[],"destinationPortRanges":[],"sourceAddressPrefixes":[],"destinationAddressPrefixes":[]}},{"name":"DenyAllInBound","id":"/subscriptions/00000000-0000-0000-0000-000000000000/resourceGroups/qianwens/providers/Microsoft.Network/networkSecurityGroups/qianwen-ubuntu-nsg/defaultSecurityRules/DenyAllInBound","etag":"W/\"cda27391-c75d-4197-83e6-fed14a46405d\"","type":"Microsoft.Network/networkSecurityGroups/defaultSecurityRules","properties":{"provisioningState":"Succeeded","description":"Deny
        all inbound traffic","protocol":"*","sourcePortRange":"*","destinationPortRange":"*","sourceAddressPrefix":"*","destinationAddressPrefix":"*","access":"Deny","priority":65500,"direction":"Inbound","sourcePortRanges":[],"destinationPortRanges":[],"sourceAddressPrefixes":[],"destinationAddressPrefixes":[]}},{"name":"AllowVnetOutBound","id":"/subscriptions/00000000-0000-0000-0000-000000000000/resourceGroups/qianwens/providers/Microsoft.Network/networkSecurityGroups/qianwen-ubuntu-nsg/defaultSecurityRules/AllowVnetOutBound","etag":"W/\"cda27391-c75d-4197-83e6-fed14a46405d\"","type":"Microsoft.Network/networkSecurityGroups/defaultSecurityRules","properties":{"provisioningState":"Succeeded","description":"Allow
        outbound traffic from all VMs to all VMs in VNET","protocol":"*","sourcePortRange":"*","destinationPortRange":"*","sourceAddressPrefix":"VirtualNetwork","destinationAddressPrefix":"VirtualNetwork","access":"Allow","priority":65000,"direction":"Outbound","sourcePortRanges":[],"destinationPortRanges":[],"sourceAddressPrefixes":[],"destinationAddressPrefixes":[]}},{"name":"AllowInternetOutBound","id":"/subscriptions/00000000-0000-0000-0000-000000000000/resourceGroups/qianwens/providers/Microsoft.Network/networkSecurityGroups/qianwen-ubuntu-nsg/defaultSecurityRules/AllowInternetOutBound","etag":"W/\"cda27391-c75d-4197-83e6-fed14a46405d\"","type":"Microsoft.Network/networkSecurityGroups/defaultSecurityRules","properties":{"provisioningState":"Succeeded","description":"Allow
        outbound traffic from all VMs to Internet","protocol":"*","sourcePortRange":"*","destinationPortRange":"*","sourceAddressPrefix":"*","destinationAddressPrefix":"Internet","access":"Allow","priority":65001,"direction":"Outbound","sourcePortRanges":[],"destinationPortRanges":[],"sourceAddressPrefixes":[],"destinationAddressPrefixes":[]}},{"name":"DenyAllOutBound","id":"/subscriptions/00000000-0000-0000-0000-000000000000/resourceGroups/qianwens/providers/Microsoft.Network/networkSecurityGroups/qianwen-ubuntu-nsg/defaultSecurityRules/DenyAllOutBound","etag":"W/\"cda27391-c75d-4197-83e6-fed14a46405d\"","type":"Microsoft.Network/networkSecurityGroups/defaultSecurityRules","properties":{"provisioningState":"Succeeded","description":"Deny
        all outbound traffic","protocol":"*","sourcePortRange":"*","destinationPortRange":"*","sourceAddressPrefix":"*","destinationAddressPrefix":"*","access":"Deny","priority":65500,"direction":"Outbound","sourcePortRanges":[],"destinationPortRanges":[],"sourceAddressPrefixes":[],"destinationAddressPrefixes":[]}}],"networkInterfaces":[{"id":"/subscriptions/00000000-0000-0000-0000-000000000000/resourceGroups/qianwens/providers/Microsoft.Network/networkInterfaces/qianwen-ubuntu473"}]}},{"name":"harold-cm-vm-04-nsg","id":"/subscriptions/00000000-0000-0000-0000-000000000000/resourceGroups/harold-test/providers/Microsoft.Network/networkSecurityGroups/harold-cm-vm-04-nsg","etag":"W/\"037a244e-0171-4cce-9a24-92bd0a10245b\"","type":"Microsoft.Network/networkSecurityGroups","location":"centralus","properties":{"provisioningState":"Succeeded","resourceGuid":"a691de41-2a03-41cb-be1d-c64c2415e1be","securityRules":[],"defaultSecurityRules":[{"name":"AllowVnetInBound","id":"/subscriptions/00000000-0000-0000-0000-000000000000/resourceGroups/harold-test/providers/Microsoft.Network/networkSecurityGroups/harold-cm-vm-04-nsg/defaultSecurityRules/AllowVnetInBound","etag":"W/\"037a244e-0171-4cce-9a24-92bd0a10245b\"","type":"Microsoft.Network/networkSecurityGroups/defaultSecurityRules","properties":{"provisioningState":"Succeeded","description":"Allow
        inbound traffic from all VMs in VNET","protocol":"*","sourcePortRange":"*","destinationPortRange":"*","sourceAddressPrefix":"VirtualNetwork","destinationAddressPrefix":"VirtualNetwork","access":"Allow","priority":65000,"direction":"Inbound","sourcePortRanges":[],"destinationPortRanges":[],"sourceAddressPrefixes":[],"destinationAddressPrefixes":[]}},{"name":"AllowAzureLoadBalancerInBound","id":"/subscriptions/00000000-0000-0000-0000-000000000000/resourceGroups/harold-test/providers/Microsoft.Network/networkSecurityGroups/harold-cm-vm-04-nsg/defaultSecurityRules/AllowAzureLoadBalancerInBound","etag":"W/\"037a244e-0171-4cce-9a24-92bd0a10245b\"","type":"Microsoft.Network/networkSecurityGroups/defaultSecurityRules","properties":{"provisioningState":"Succeeded","description":"Allow
        inbound traffic from azure load balancer","protocol":"*","sourcePortRange":"*","destinationPortRange":"*","sourceAddressPrefix":"AzureLoadBalancer","destinationAddressPrefix":"*","access":"Allow","priority":65001,"direction":"Inbound","sourcePortRanges":[],"destinationPortRanges":[],"sourceAddressPrefixes":[],"destinationAddressPrefixes":[]}},{"name":"DenyAllInBound","id":"/subscriptions/00000000-0000-0000-0000-000000000000/resourceGroups/harold-test/providers/Microsoft.Network/networkSecurityGroups/harold-cm-vm-04-nsg/defaultSecurityRules/DenyAllInBound","etag":"W/\"037a244e-0171-4cce-9a24-92bd0a10245b\"","type":"Microsoft.Network/networkSecurityGroups/defaultSecurityRules","properties":{"provisioningState":"Succeeded","description":"Deny
        all inbound traffic","protocol":"*","sourcePortRange":"*","destinationPortRange":"*","sourceAddressPrefix":"*","destinationAddressPrefix":"*","access":"Deny","priority":65500,"direction":"Inbound","sourcePortRanges":[],"destinationPortRanges":[],"sourceAddressPrefixes":[],"destinationAddressPrefixes":[]}},{"name":"AllowVnetOutBound","id":"/subscriptions/00000000-0000-0000-0000-000000000000/resourceGroups/harold-test/providers/Microsoft.Network/networkSecurityGroups/harold-cm-vm-04-nsg/defaultSecurityRules/AllowVnetOutBound","etag":"W/\"037a244e-0171-4cce-9a24-92bd0a10245b\"","type":"Microsoft.Network/networkSecurityGroups/defaultSecurityRules","properties":{"provisioningState":"Succeeded","description":"Allow
        outbound traffic from all VMs to all VMs in VNET","protocol":"*","sourcePortRange":"*","destinationPortRange":"*","sourceAddressPrefix":"VirtualNetwork","destinationAddressPrefix":"VirtualNetwork","access":"Allow","priority":65000,"direction":"Outbound","sourcePortRanges":[],"destinationPortRanges":[],"sourceAddressPrefixes":[],"destinationAddressPrefixes":[]}},{"name":"AllowInternetOutBound","id":"/subscriptions/00000000-0000-0000-0000-000000000000/resourceGroups/harold-test/providers/Microsoft.Network/networkSecurityGroups/harold-cm-vm-04-nsg/defaultSecurityRules/AllowInternetOutBound","etag":"W/\"037a244e-0171-4cce-9a24-92bd0a10245b\"","type":"Microsoft.Network/networkSecurityGroups/defaultSecurityRules","properties":{"provisioningState":"Succeeded","description":"Allow
        outbound traffic from all VMs to Internet","protocol":"*","sourcePortRange":"*","destinationPortRange":"*","sourceAddressPrefix":"*","destinationAddressPrefix":"Internet","access":"Allow","priority":65001,"direction":"Outbound","sourcePortRanges":[],"destinationPortRanges":[],"sourceAddressPrefixes":[],"destinationAddressPrefixes":[]}},{"name":"DenyAllOutBound","id":"/subscriptions/00000000-0000-0000-0000-000000000000/resourceGroups/harold-test/providers/Microsoft.Network/networkSecurityGroups/harold-cm-vm-04-nsg/defaultSecurityRules/DenyAllOutBound","etag":"W/\"037a244e-0171-4cce-9a24-92bd0a10245b\"","type":"Microsoft.Network/networkSecurityGroups/defaultSecurityRules","properties":{"provisioningState":"Succeeded","description":"Deny
        all outbound traffic","protocol":"*","sourcePortRange":"*","destinationPortRange":"*","sourceAddressPrefix":"*","destinationAddressPrefix":"*","access":"Deny","priority":65500,"direction":"Outbound","sourcePortRanges":[],"destinationPortRanges":[],"sourceAddressPrefixes":[],"destinationAddressPrefixes":[]}}],"networkInterfaces":[{"id":"/subscriptions/00000000-0000-0000-0000-000000000000/resourceGroups/harold-test/providers/Microsoft.Network/networkInterfaces/harold-cm-vm-0489"}]}},{"name":"vmNSG","id":"/subscriptions/00000000-0000-0000-0000-000000000000/resourceGroups/fytest/providers/Microsoft.Network/networkSecurityGroups/vmNSG","etag":"W/\"e418b34c-0d99-4661-852a-0ef808bd140e\"","type":"Microsoft.Network/networkSecurityGroups","location":"centraluseuap","tags":{},"properties":{"provisioningState":"Succeeded","resourceGuid":"569f201e-a7f6-4a46-b93e-f097eafbcd77","securityRules":[{"name":"default-allow-ssh","id":"/subscriptions/00000000-0000-0000-0000-000000000000/resourceGroups/fytest/providers/Microsoft.Network/networkSecurityGroups/vmNSG/securityRules/default-allow-ssh","etag":"W/\"e418b34c-0d99-4661-852a-0ef808bd140e\"","type":"Microsoft.Network/networkSecurityGroups/securityRules","properties":{"provisioningState":"Succeeded","protocol":"Tcp","sourcePortRange":"*","destinationPortRange":"22","sourceAddressPrefix":"*","destinationAddressPrefix":"*","access":"Allow","priority":1000,"direction":"Inbound","sourcePortRanges":[],"destinationPortRanges":[],"sourceAddressPrefixes":[],"destinationAddressPrefixes":[]}}],"defaultSecurityRules":[{"name":"AllowVnetInBound","id":"/subscriptions/00000000-0000-0000-0000-000000000000/resourceGroups/fytest/providers/Microsoft.Network/networkSecurityGroups/vmNSG/defaultSecurityRules/AllowVnetInBound","etag":"W/\"e418b34c-0d99-4661-852a-0ef808bd140e\"","type":"Microsoft.Network/networkSecurityGroups/defaultSecurityRules","properties":{"provisioningState":"Succeeded","description":"Allow
        inbound traffic from all VMs in VNET","protocol":"*","sourcePortRange":"*","destinationPortRange":"*","sourceAddressPrefix":"VirtualNetwork","destinationAddressPrefix":"VirtualNetwork","access":"Allow","priority":65000,"direction":"Inbound","sourcePortRanges":[],"destinationPortRanges":[],"sourceAddressPrefixes":[],"destinationAddressPrefixes":[]}},{"name":"AllowAzureLoadBalancerInBound","id":"/subscriptions/00000000-0000-0000-0000-000000000000/resourceGroups/fytest/providers/Microsoft.Network/networkSecurityGroups/vmNSG/defaultSecurityRules/AllowAzureLoadBalancerInBound","etag":"W/\"e418b34c-0d99-4661-852a-0ef808bd140e\"","type":"Microsoft.Network/networkSecurityGroups/defaultSecurityRules","properties":{"provisioningState":"Succeeded","description":"Allow
        inbound traffic from azure load balancer","protocol":"*","sourcePortRange":"*","destinationPortRange":"*","sourceAddressPrefix":"AzureLoadBalancer","destinationAddressPrefix":"*","access":"Allow","priority":65001,"direction":"Inbound","sourcePortRanges":[],"destinationPortRanges":[],"sourceAddressPrefixes":[],"destinationAddressPrefixes":[]}},{"name":"DenyAllInBound","id":"/subscriptions/00000000-0000-0000-0000-000000000000/resourceGroups/fytest/providers/Microsoft.Network/networkSecurityGroups/vmNSG/defaultSecurityRules/DenyAllInBound","etag":"W/\"e418b34c-0d99-4661-852a-0ef808bd140e\"","type":"Microsoft.Network/networkSecurityGroups/defaultSecurityRules","properties":{"provisioningState":"Succeeded","description":"Deny
        all inbound traffic","protocol":"*","sourcePortRange":"*","destinationPortRange":"*","sourceAddressPrefix":"*","destinationAddressPrefix":"*","access":"Deny","priority":65500,"direction":"Inbound","sourcePortRanges":[],"destinationPortRanges":[],"sourceAddressPrefixes":[],"destinationAddressPrefixes":[]}},{"name":"AllowVnetOutBound","id":"/subscriptions/00000000-0000-0000-0000-000000000000/resourceGroups/fytest/providers/Microsoft.Network/networkSecurityGroups/vmNSG/defaultSecurityRules/AllowVnetOutBound","etag":"W/\"e418b34c-0d99-4661-852a-0ef808bd140e\"","type":"Microsoft.Network/networkSecurityGroups/defaultSecurityRules","properties":{"provisioningState":"Succeeded","description":"Allow
        outbound traffic from all VMs to all VMs in VNET","protocol":"*","sourcePortRange":"*","destinationPortRange":"*","sourceAddressPrefix":"VirtualNetwork","destinationAddressPrefix":"VirtualNetwork","access":"Allow","priority":65000,"direction":"Outbound","sourcePortRanges":[],"destinationPortRanges":[],"sourceAddressPrefixes":[],"destinationAddressPrefixes":[]}},{"name":"AllowInternetOutBound","id":"/subscriptions/00000000-0000-0000-0000-000000000000/resourceGroups/fytest/providers/Microsoft.Network/networkSecurityGroups/vmNSG/defaultSecurityRules/AllowInternetOutBound","etag":"W/\"e418b34c-0d99-4661-852a-0ef808bd140e\"","type":"Microsoft.Network/networkSecurityGroups/defaultSecurityRules","properties":{"provisioningState":"Succeeded","description":"Allow
        outbound traffic from all VMs to Internet","protocol":"*","sourcePortRange":"*","destinationPortRange":"*","sourceAddressPrefix":"*","destinationAddressPrefix":"Internet","access":"Allow","priority":65001,"direction":"Outbound","sourcePortRanges":[],"destinationPortRanges":[],"sourceAddressPrefixes":[],"destinationAddressPrefixes":[]}},{"name":"DenyAllOutBound","id":"/subscriptions/00000000-0000-0000-0000-000000000000/resourceGroups/fytest/providers/Microsoft.Network/networkSecurityGroups/vmNSG/defaultSecurityRules/DenyAllOutBound","etag":"W/\"e418b34c-0d99-4661-852a-0ef808bd140e\"","type":"Microsoft.Network/networkSecurityGroups/defaultSecurityRules","properties":{"provisioningState":"Succeeded","description":"Deny
        all outbound traffic","protocol":"*","sourcePortRange":"*","destinationPortRange":"*","sourceAddressPrefix":"*","destinationAddressPrefix":"*","access":"Deny","priority":65500,"direction":"Outbound","sourcePortRanges":[],"destinationPortRanges":[],"sourceAddressPrefixes":[],"destinationAddressPrefixes":[]}}],"networkInterfaces":[{"id":"/subscriptions/00000000-0000-0000-0000-000000000000/resourceGroups/fytest/providers/Microsoft.Network/networkInterfaces/vmVMNic"}]}}]}'
    headers:
      cache-control:
      - no-cache
      content-length:
      - '72779'
      content-type:
      - application/json; charset=utf-8
      date:
      - Thu, 06 Feb 2020 19:57:00 GMT
      expires:
      - '-1'
      pragma:
      - no-cache
      strict-transport-security:
      - max-age=31536000; includeSubDomains
      vary:
      - Accept-Encoding
      x-content-type-options:
      - nosniff
      x-ms-original-request-ids:
      - 3b4d789d-e981-46ff-b8ec-3616149eeeb2
      - 9b638b10-bce0-420f-909b-00a70ef97fb3
      - 73a86e49-3583-4747-bda5-13d76ad561ad
      - 42f85a31-8c97-4de6-8c79-59bd6899cab5
      - 3b4aa347-ec1a-4fd2-aba5-8ced14beb518
    status:
      code: 200
      message: OK
- request:
    body: null
    headers:
      Accept:
      - application/json
      Accept-Encoding:
      - gzip, deflate
      CommandName:
      - network nsg list
      Connection:
      - keep-alive
      ParameterSetName:
      - --resource-group
      User-Agent:
      - python/3.6.8 (Windows-10-10.0.18362-SP0) msrest/0.6.10 msrest_azure/0.6.2
        azure-mgmt-network/9.0.0 Azure-SDK-For-Python AZURECLI/2.0.81
      accept-language:
      - en-US
    method: GET
    uri: https://management.azure.com/subscriptions/00000000-0000-0000-0000-000000000000/resourceGroups/cli_test_nsg000001/providers/Microsoft.Network/networkSecurityGroups?api-version=2019-11-01
  response:
    body:
      string: "{\r\n  \"value\": [\r\n    {\r\n      \"name\": \"test-nsg1\",\r\n
        \     \"id\": \"/subscriptions/00000000-0000-0000-0000-000000000000/resourceGroups/cli_test_nsg000001/providers/Microsoft.Network/networkSecurityGroups/test-nsg1\",\r\n
        \     \"etag\": \"W/\\\"4f5fd7ea-74cd-42a0-9f3e-eb3a76ae2ca1\\\"\",\r\n      \"type\":
        \"Microsoft.Network/networkSecurityGroups\",\r\n      \"location\": \"westus\",\r\n
        \     \"tags\": {\r\n        \"foo\": \"doo\"\r\n      },\r\n      \"properties\":
        {\r\n        \"provisioningState\": \"Succeeded\",\r\n        \"resourceGuid\":
        \"595cf8b1-cedb-4f30-beef-722eccf47feb\",\r\n        \"securityRules\": [\r\n
        \         {\r\n            \"name\": \"web\",\r\n            \"id\": \"/subscriptions/00000000-0000-0000-0000-000000000000/resourceGroups/cli_test_nsg000001/providers/Microsoft.Network/networkSecurityGroups/test-nsg1/securityRules/web\",\r\n
        \           \"etag\": \"W/\\\"4f5fd7ea-74cd-42a0-9f3e-eb3a76ae2ca1\\\"\",\r\n
        \           \"type\": \"Microsoft.Network/networkSecurityGroups/securityRules\",\r\n
        \           \"properties\": {\r\n              \"provisioningState\": \"Succeeded\",\r\n
        \             \"protocol\": \"*\",\r\n              \"sourcePortRange\": \"*\",\r\n
        \             \"destinationPortRange\": \"4444\",\r\n              \"sourceAddressPrefix\":
        \"789\",\r\n              \"destinationAddressPrefix\": \"1234\",\r\n              \"access\":
        \"Allow\",\r\n              \"priority\": 1000,\r\n              \"direction\":
        \"Inbound\",\r\n              \"sourcePortRanges\": [],\r\n              \"destinationPortRanges\":
        [],\r\n              \"sourceAddressPrefixes\": [],\r\n              \"destinationAddressPrefixes\":
        []\r\n            }\r\n          }\r\n        ],\r\n        \"defaultSecurityRules\":
        [\r\n          {\r\n            \"name\": \"AllowVnetInBound\",\r\n            \"id\":
        \"/subscriptions/00000000-0000-0000-0000-000000000000/resourceGroups/cli_test_nsg000001/providers/Microsoft.Network/networkSecurityGroups/test-nsg1/defaultSecurityRules/AllowVnetInBound\",\r\n
        \           \"etag\": \"W/\\\"4f5fd7ea-74cd-42a0-9f3e-eb3a76ae2ca1\\\"\",\r\n
        \           \"type\": \"Microsoft.Network/networkSecurityGroups/defaultSecurityRules\",\r\n
        \           \"properties\": {\r\n              \"provisioningState\": \"Succeeded\",\r\n
        \             \"description\": \"Allow inbound traffic from all VMs in VNET\",\r\n
        \             \"protocol\": \"*\",\r\n              \"sourcePortRange\": \"*\",\r\n
        \             \"destinationPortRange\": \"*\",\r\n              \"sourceAddressPrefix\":
        \"VirtualNetwork\",\r\n              \"destinationAddressPrefix\": \"VirtualNetwork\",\r\n
        \             \"access\": \"Allow\",\r\n              \"priority\": 65000,\r\n
        \             \"direction\": \"Inbound\",\r\n              \"sourcePortRanges\":
        [],\r\n              \"destinationPortRanges\": [],\r\n              \"sourceAddressPrefixes\":
        [],\r\n              \"destinationAddressPrefixes\": []\r\n            }\r\n
        \         },\r\n          {\r\n            \"name\": \"AllowAzureLoadBalancerInBound\",\r\n
        \           \"id\": \"/subscriptions/00000000-0000-0000-0000-000000000000/resourceGroups/cli_test_nsg000001/providers/Microsoft.Network/networkSecurityGroups/test-nsg1/defaultSecurityRules/AllowAzureLoadBalancerInBound\",\r\n
        \           \"etag\": \"W/\\\"4f5fd7ea-74cd-42a0-9f3e-eb3a76ae2ca1\\\"\",\r\n
        \           \"type\": \"Microsoft.Network/networkSecurityGroups/defaultSecurityRules\",\r\n
        \           \"properties\": {\r\n              \"provisioningState\": \"Succeeded\",\r\n
        \             \"description\": \"Allow inbound traffic from azure load balancer\",\r\n
        \             \"protocol\": \"*\",\r\n              \"sourcePortRange\": \"*\",\r\n
        \             \"destinationPortRange\": \"*\",\r\n              \"sourceAddressPrefix\":
        \"AzureLoadBalancer\",\r\n              \"destinationAddressPrefix\": \"*\",\r\n
        \             \"access\": \"Allow\",\r\n              \"priority\": 65001,\r\n
        \             \"direction\": \"Inbound\",\r\n              \"sourcePortRanges\":
        [],\r\n              \"destinationPortRanges\": [],\r\n              \"sourceAddressPrefixes\":
        [],\r\n              \"destinationAddressPrefixes\": []\r\n            }\r\n
        \         },\r\n          {\r\n            \"name\": \"DenyAllInBound\",\r\n
        \           \"id\": \"/subscriptions/00000000-0000-0000-0000-000000000000/resourceGroups/cli_test_nsg000001/providers/Microsoft.Network/networkSecurityGroups/test-nsg1/defaultSecurityRules/DenyAllInBound\",\r\n
        \           \"etag\": \"W/\\\"4f5fd7ea-74cd-42a0-9f3e-eb3a76ae2ca1\\\"\",\r\n
        \           \"type\": \"Microsoft.Network/networkSecurityGroups/defaultSecurityRules\",\r\n
        \           \"properties\": {\r\n              \"provisioningState\": \"Succeeded\",\r\n
        \             \"description\": \"Deny all inbound traffic\",\r\n              \"protocol\":
        \"*\",\r\n              \"sourcePortRange\": \"*\",\r\n              \"destinationPortRange\":
        \"*\",\r\n              \"sourceAddressPrefix\": \"*\",\r\n              \"destinationAddressPrefix\":
        \"*\",\r\n              \"access\": \"Deny\",\r\n              \"priority\":
        65500,\r\n              \"direction\": \"Inbound\",\r\n              \"sourcePortRanges\":
        [],\r\n              \"destinationPortRanges\": [],\r\n              \"sourceAddressPrefixes\":
        [],\r\n              \"destinationAddressPrefixes\": []\r\n            }\r\n
        \         },\r\n          {\r\n            \"name\": \"AllowVnetOutBound\",\r\n
        \           \"id\": \"/subscriptions/00000000-0000-0000-0000-000000000000/resourceGroups/cli_test_nsg000001/providers/Microsoft.Network/networkSecurityGroups/test-nsg1/defaultSecurityRules/AllowVnetOutBound\",\r\n
        \           \"etag\": \"W/\\\"4f5fd7ea-74cd-42a0-9f3e-eb3a76ae2ca1\\\"\",\r\n
        \           \"type\": \"Microsoft.Network/networkSecurityGroups/defaultSecurityRules\",\r\n
        \           \"properties\": {\r\n              \"provisioningState\": \"Succeeded\",\r\n
        \             \"description\": \"Allow outbound traffic from all VMs to all
        VMs in VNET\",\r\n              \"protocol\": \"*\",\r\n              \"sourcePortRange\":
        \"*\",\r\n              \"destinationPortRange\": \"*\",\r\n              \"sourceAddressPrefix\":
        \"VirtualNetwork\",\r\n              \"destinationAddressPrefix\": \"VirtualNetwork\",\r\n
        \             \"access\": \"Allow\",\r\n              \"priority\": 65000,\r\n
        \             \"direction\": \"Outbound\",\r\n              \"sourcePortRanges\":
        [],\r\n              \"destinationPortRanges\": [],\r\n              \"sourceAddressPrefixes\":
        [],\r\n              \"destinationAddressPrefixes\": []\r\n            }\r\n
        \         },\r\n          {\r\n            \"name\": \"AllowInternetOutBound\",\r\n
        \           \"id\": \"/subscriptions/00000000-0000-0000-0000-000000000000/resourceGroups/cli_test_nsg000001/providers/Microsoft.Network/networkSecurityGroups/test-nsg1/defaultSecurityRules/AllowInternetOutBound\",\r\n
        \           \"etag\": \"W/\\\"4f5fd7ea-74cd-42a0-9f3e-eb3a76ae2ca1\\\"\",\r\n
        \           \"type\": \"Microsoft.Network/networkSecurityGroups/defaultSecurityRules\",\r\n
        \           \"properties\": {\r\n              \"provisioningState\": \"Succeeded\",\r\n
        \             \"description\": \"Allow outbound traffic from all VMs to Internet\",\r\n
        \             \"protocol\": \"*\",\r\n              \"sourcePortRange\": \"*\",\r\n
        \             \"destinationPortRange\": \"*\",\r\n              \"sourceAddressPrefix\":
        \"*\",\r\n              \"destinationAddressPrefix\": \"Internet\",\r\n              \"access\":
        \"Allow\",\r\n              \"priority\": 65001,\r\n              \"direction\":
        \"Outbound\",\r\n              \"sourcePortRanges\": [],\r\n              \"destinationPortRanges\":
        [],\r\n              \"sourceAddressPrefixes\": [],\r\n              \"destinationAddressPrefixes\":
        []\r\n            }\r\n          },\r\n          {\r\n            \"name\":
        \"DenyAllOutBound\",\r\n            \"id\": \"/subscriptions/00000000-0000-0000-0000-000000000000/resourceGroups/cli_test_nsg000001/providers/Microsoft.Network/networkSecurityGroups/test-nsg1/defaultSecurityRules/DenyAllOutBound\",\r\n
        \           \"etag\": \"W/\\\"4f5fd7ea-74cd-42a0-9f3e-eb3a76ae2ca1\\\"\",\r\n
        \           \"type\": \"Microsoft.Network/networkSecurityGroups/defaultSecurityRules\",\r\n
        \           \"properties\": {\r\n              \"provisioningState\": \"Succeeded\",\r\n
        \             \"description\": \"Deny all outbound traffic\",\r\n              \"protocol\":
        \"*\",\r\n              \"sourcePortRange\": \"*\",\r\n              \"destinationPortRange\":
        \"*\",\r\n              \"sourceAddressPrefix\": \"*\",\r\n              \"destinationAddressPrefix\":
        \"*\",\r\n              \"access\": \"Deny\",\r\n              \"priority\":
        65500,\r\n              \"direction\": \"Outbound\",\r\n              \"sourcePortRanges\":
        [],\r\n              \"destinationPortRanges\": [],\r\n              \"sourceAddressPrefixes\":
        [],\r\n              \"destinationAddressPrefixes\": []\r\n            }\r\n
        \         }\r\n        ]\r\n      }\r\n    }\r\n  ]\r\n}"
    headers:
      cache-control:
      - no-cache
      content-length:
      - '8670'
      content-type:
      - application/json; charset=utf-8
      date:
      - Thu, 06 Feb 2020 19:57:02 GMT
      expires:
      - '-1'
      pragma:
      - no-cache
      server:
      - Microsoft-HTTPAPI/2.0
      - Microsoft-HTTPAPI/2.0
      strict-transport-security:
      - max-age=31536000; includeSubDomains
      transfer-encoding:
      - chunked
      vary:
      - Accept-Encoding
      x-content-type-options:
      - nosniff
      x-ms-arm-service-request-id:
      - d69ea377-abf9-43c7-8994-fa0f4a0fccea
    status:
      code: 200
      message: OK
- request:
    body: null
    headers:
      Accept:
      - application/json
      Accept-Encoding:
      - gzip, deflate
      CommandName:
      - network nsg show
      Connection:
      - keep-alive
      ParameterSetName:
      - --resource-group --name
      User-Agent:
      - python/3.6.8 (Windows-10-10.0.18362-SP0) msrest/0.6.10 msrest_azure/0.6.2
        azure-mgmt-network/9.0.0 Azure-SDK-For-Python AZURECLI/2.0.81
      accept-language:
      - en-US
    method: GET
    uri: https://management.azure.com/subscriptions/00000000-0000-0000-0000-000000000000/resourceGroups/cli_test_nsg000001/providers/Microsoft.Network/networkSecurityGroups/test-nsg1?api-version=2019-11-01
  response:
    body:
      string: "{\r\n  \"name\": \"test-nsg1\",\r\n  \"id\": \"/subscriptions/00000000-0000-0000-0000-000000000000/resourceGroups/cli_test_nsg000001/providers/Microsoft.Network/networkSecurityGroups/test-nsg1\",\r\n
        \ \"etag\": \"W/\\\"4f5fd7ea-74cd-42a0-9f3e-eb3a76ae2ca1\\\"\",\r\n  \"type\":
        \"Microsoft.Network/networkSecurityGroups\",\r\n  \"location\": \"westus\",\r\n
        \ \"tags\": {\r\n    \"foo\": \"doo\"\r\n  },\r\n  \"properties\": {\r\n    \"provisioningState\":
        \"Succeeded\",\r\n    \"resourceGuid\": \"595cf8b1-cedb-4f30-beef-722eccf47feb\",\r\n
        \   \"securityRules\": [\r\n      {\r\n        \"name\": \"web\",\r\n        \"id\":
        \"/subscriptions/00000000-0000-0000-0000-000000000000/resourceGroups/cli_test_nsg000001/providers/Microsoft.Network/networkSecurityGroups/test-nsg1/securityRules/web\",\r\n
        \       \"etag\": \"W/\\\"4f5fd7ea-74cd-42a0-9f3e-eb3a76ae2ca1\\\"\",\r\n
        \       \"type\": \"Microsoft.Network/networkSecurityGroups/securityRules\",\r\n
        \       \"properties\": {\r\n          \"provisioningState\": \"Succeeded\",\r\n
        \         \"protocol\": \"*\",\r\n          \"sourcePortRange\": \"*\",\r\n
        \         \"destinationPortRange\": \"4444\",\r\n          \"sourceAddressPrefix\":
        \"789\",\r\n          \"destinationAddressPrefix\": \"1234\",\r\n          \"access\":
        \"Allow\",\r\n          \"priority\": 1000,\r\n          \"direction\": \"Inbound\",\r\n
        \         \"sourcePortRanges\": [],\r\n          \"destinationPortRanges\":
        [],\r\n          \"sourceAddressPrefixes\": [],\r\n          \"destinationAddressPrefixes\":
        []\r\n        }\r\n      }\r\n    ],\r\n    \"defaultSecurityRules\": [\r\n
        \     {\r\n        \"name\": \"AllowVnetInBound\",\r\n        \"id\": \"/subscriptions/00000000-0000-0000-0000-000000000000/resourceGroups/cli_test_nsg000001/providers/Microsoft.Network/networkSecurityGroups/test-nsg1/defaultSecurityRules/AllowVnetInBound\",\r\n
        \       \"etag\": \"W/\\\"4f5fd7ea-74cd-42a0-9f3e-eb3a76ae2ca1\\\"\",\r\n
        \       \"type\": \"Microsoft.Network/networkSecurityGroups/defaultSecurityRules\",\r\n
        \       \"properties\": {\r\n          \"provisioningState\": \"Succeeded\",\r\n
        \         \"description\": \"Allow inbound traffic from all VMs in VNET\",\r\n
        \         \"protocol\": \"*\",\r\n          \"sourcePortRange\": \"*\",\r\n
        \         \"destinationPortRange\": \"*\",\r\n          \"sourceAddressPrefix\":
        \"VirtualNetwork\",\r\n          \"destinationAddressPrefix\": \"VirtualNetwork\",\r\n
        \         \"access\": \"Allow\",\r\n          \"priority\": 65000,\r\n          \"direction\":
        \"Inbound\",\r\n          \"sourcePortRanges\": [],\r\n          \"destinationPortRanges\":
        [],\r\n          \"sourceAddressPrefixes\": [],\r\n          \"destinationAddressPrefixes\":
        []\r\n        }\r\n      },\r\n      {\r\n        \"name\": \"AllowAzureLoadBalancerInBound\",\r\n
        \       \"id\": \"/subscriptions/00000000-0000-0000-0000-000000000000/resourceGroups/cli_test_nsg000001/providers/Microsoft.Network/networkSecurityGroups/test-nsg1/defaultSecurityRules/AllowAzureLoadBalancerInBound\",\r\n
        \       \"etag\": \"W/\\\"4f5fd7ea-74cd-42a0-9f3e-eb3a76ae2ca1\\\"\",\r\n
        \       \"type\": \"Microsoft.Network/networkSecurityGroups/defaultSecurityRules\",\r\n
        \       \"properties\": {\r\n          \"provisioningState\": \"Succeeded\",\r\n
        \         \"description\": \"Allow inbound traffic from azure load balancer\",\r\n
        \         \"protocol\": \"*\",\r\n          \"sourcePortRange\": \"*\",\r\n
        \         \"destinationPortRange\": \"*\",\r\n          \"sourceAddressPrefix\":
        \"AzureLoadBalancer\",\r\n          \"destinationAddressPrefix\": \"*\",\r\n
        \         \"access\": \"Allow\",\r\n          \"priority\": 65001,\r\n          \"direction\":
        \"Inbound\",\r\n          \"sourcePortRanges\": [],\r\n          \"destinationPortRanges\":
        [],\r\n          \"sourceAddressPrefixes\": [],\r\n          \"destinationAddressPrefixes\":
        []\r\n        }\r\n      },\r\n      {\r\n        \"name\": \"DenyAllInBound\",\r\n
        \       \"id\": \"/subscriptions/00000000-0000-0000-0000-000000000000/resourceGroups/cli_test_nsg000001/providers/Microsoft.Network/networkSecurityGroups/test-nsg1/defaultSecurityRules/DenyAllInBound\",\r\n
        \       \"etag\": \"W/\\\"4f5fd7ea-74cd-42a0-9f3e-eb3a76ae2ca1\\\"\",\r\n
        \       \"type\": \"Microsoft.Network/networkSecurityGroups/defaultSecurityRules\",\r\n
        \       \"properties\": {\r\n          \"provisioningState\": \"Succeeded\",\r\n
        \         \"description\": \"Deny all inbound traffic\",\r\n          \"protocol\":
        \"*\",\r\n          \"sourcePortRange\": \"*\",\r\n          \"destinationPortRange\":
        \"*\",\r\n          \"sourceAddressPrefix\": \"*\",\r\n          \"destinationAddressPrefix\":
        \"*\",\r\n          \"access\": \"Deny\",\r\n          \"priority\": 65500,\r\n
        \         \"direction\": \"Inbound\",\r\n          \"sourcePortRanges\": [],\r\n
        \         \"destinationPortRanges\": [],\r\n          \"sourceAddressPrefixes\":
        [],\r\n          \"destinationAddressPrefixes\": []\r\n        }\r\n      },\r\n
        \     {\r\n        \"name\": \"AllowVnetOutBound\",\r\n        \"id\": \"/subscriptions/00000000-0000-0000-0000-000000000000/resourceGroups/cli_test_nsg000001/providers/Microsoft.Network/networkSecurityGroups/test-nsg1/defaultSecurityRules/AllowVnetOutBound\",\r\n
        \       \"etag\": \"W/\\\"4f5fd7ea-74cd-42a0-9f3e-eb3a76ae2ca1\\\"\",\r\n
        \       \"type\": \"Microsoft.Network/networkSecurityGroups/defaultSecurityRules\",\r\n
        \       \"properties\": {\r\n          \"provisioningState\": \"Succeeded\",\r\n
        \         \"description\": \"Allow outbound traffic from all VMs to all VMs
        in VNET\",\r\n          \"protocol\": \"*\",\r\n          \"sourcePortRange\":
        \"*\",\r\n          \"destinationPortRange\": \"*\",\r\n          \"sourceAddressPrefix\":
        \"VirtualNetwork\",\r\n          \"destinationAddressPrefix\": \"VirtualNetwork\",\r\n
        \         \"access\": \"Allow\",\r\n          \"priority\": 65000,\r\n          \"direction\":
        \"Outbound\",\r\n          \"sourcePortRanges\": [],\r\n          \"destinationPortRanges\":
        [],\r\n          \"sourceAddressPrefixes\": [],\r\n          \"destinationAddressPrefixes\":
        []\r\n        }\r\n      },\r\n      {\r\n        \"name\": \"AllowInternetOutBound\",\r\n
        \       \"id\": \"/subscriptions/00000000-0000-0000-0000-000000000000/resourceGroups/cli_test_nsg000001/providers/Microsoft.Network/networkSecurityGroups/test-nsg1/defaultSecurityRules/AllowInternetOutBound\",\r\n
        \       \"etag\": \"W/\\\"4f5fd7ea-74cd-42a0-9f3e-eb3a76ae2ca1\\\"\",\r\n
        \       \"type\": \"Microsoft.Network/networkSecurityGroups/defaultSecurityRules\",\r\n
        \       \"properties\": {\r\n          \"provisioningState\": \"Succeeded\",\r\n
        \         \"description\": \"Allow outbound traffic from all VMs to Internet\",\r\n
        \         \"protocol\": \"*\",\r\n          \"sourcePortRange\": \"*\",\r\n
        \         \"destinationPortRange\": \"*\",\r\n          \"sourceAddressPrefix\":
        \"*\",\r\n          \"destinationAddressPrefix\": \"Internet\",\r\n          \"access\":
        \"Allow\",\r\n          \"priority\": 65001,\r\n          \"direction\": \"Outbound\",\r\n
        \         \"sourcePortRanges\": [],\r\n          \"destinationPortRanges\":
        [],\r\n          \"sourceAddressPrefixes\": [],\r\n          \"destinationAddressPrefixes\":
        []\r\n        }\r\n      },\r\n      {\r\n        \"name\": \"DenyAllOutBound\",\r\n
        \       \"id\": \"/subscriptions/00000000-0000-0000-0000-000000000000/resourceGroups/cli_test_nsg000001/providers/Microsoft.Network/networkSecurityGroups/test-nsg1/defaultSecurityRules/DenyAllOutBound\",\r\n
        \       \"etag\": \"W/\\\"4f5fd7ea-74cd-42a0-9f3e-eb3a76ae2ca1\\\"\",\r\n
        \       \"type\": \"Microsoft.Network/networkSecurityGroups/defaultSecurityRules\",\r\n
        \       \"properties\": {\r\n          \"provisioningState\": \"Succeeded\",\r\n
        \         \"description\": \"Deny all outbound traffic\",\r\n          \"protocol\":
        \"*\",\r\n          \"sourcePortRange\": \"*\",\r\n          \"destinationPortRange\":
        \"*\",\r\n          \"sourceAddressPrefix\": \"*\",\r\n          \"destinationAddressPrefix\":
        \"*\",\r\n          \"access\": \"Deny\",\r\n          \"priority\": 65500,\r\n
        \         \"direction\": \"Outbound\",\r\n          \"sourcePortRanges\":
        [],\r\n          \"destinationPortRanges\": [],\r\n          \"sourceAddressPrefixes\":
        [],\r\n          \"destinationAddressPrefixes\": []\r\n        }\r\n      }\r\n
        \   ]\r\n  }\r\n}"
    headers:
      cache-control:
      - no-cache
      content-length:
      - '7961'
      content-type:
      - application/json; charset=utf-8
      date:
      - Thu, 06 Feb 2020 19:57:03 GMT
      etag:
      - W/"4f5fd7ea-74cd-42a0-9f3e-eb3a76ae2ca1"
      expires:
      - '-1'
      pragma:
      - no-cache
      server:
      - Microsoft-HTTPAPI/2.0
      - Microsoft-HTTPAPI/2.0
      strict-transport-security:
      - max-age=31536000; includeSubDomains
      transfer-encoding:
      - chunked
      vary:
      - Accept-Encoding
      x-content-type-options:
      - nosniff
      x-ms-arm-service-request-id:
      - b9094fd1-f8f7-4e59-8119-a6571dfc806d
    status:
      code: 200
      message: OK
- request:
    body: null
    headers:
      Accept:
      - application/json
      Accept-Encoding:
      - gzip, deflate
      CommandName:
      - network nsg rule list
      Connection:
      - keep-alive
      ParameterSetName:
      - --resource-group --nsg-name
      User-Agent:
      - python/3.6.8 (Windows-10-10.0.18362-SP0) msrest/0.6.10 msrest_azure/0.6.2
        azure-mgmt-network/9.0.0 Azure-SDK-For-Python AZURECLI/2.0.81
      accept-language:
      - en-US
    method: GET
    uri: https://management.azure.com/subscriptions/00000000-0000-0000-0000-000000000000/resourceGroups/cli_test_nsg000001/providers/Microsoft.Network/networkSecurityGroups/test-nsg1?api-version=2019-11-01
  response:
    body:
      string: "{\r\n  \"name\": \"test-nsg1\",\r\n  \"id\": \"/subscriptions/00000000-0000-0000-0000-000000000000/resourceGroups/cli_test_nsg000001/providers/Microsoft.Network/networkSecurityGroups/test-nsg1\",\r\n
        \ \"etag\": \"W/\\\"4f5fd7ea-74cd-42a0-9f3e-eb3a76ae2ca1\\\"\",\r\n  \"type\":
        \"Microsoft.Network/networkSecurityGroups\",\r\n  \"location\": \"westus\",\r\n
        \ \"tags\": {\r\n    \"foo\": \"doo\"\r\n  },\r\n  \"properties\": {\r\n    \"provisioningState\":
        \"Succeeded\",\r\n    \"resourceGuid\": \"595cf8b1-cedb-4f30-beef-722eccf47feb\",\r\n
        \   \"securityRules\": [\r\n      {\r\n        \"name\": \"web\",\r\n        \"id\":
        \"/subscriptions/00000000-0000-0000-0000-000000000000/resourceGroups/cli_test_nsg000001/providers/Microsoft.Network/networkSecurityGroups/test-nsg1/securityRules/web\",\r\n
        \       \"etag\": \"W/\\\"4f5fd7ea-74cd-42a0-9f3e-eb3a76ae2ca1\\\"\",\r\n
        \       \"type\": \"Microsoft.Network/networkSecurityGroups/securityRules\",\r\n
        \       \"properties\": {\r\n          \"provisioningState\": \"Succeeded\",\r\n
        \         \"protocol\": \"*\",\r\n          \"sourcePortRange\": \"*\",\r\n
        \         \"destinationPortRange\": \"4444\",\r\n          \"sourceAddressPrefix\":
        \"789\",\r\n          \"destinationAddressPrefix\": \"1234\",\r\n          \"access\":
        \"Allow\",\r\n          \"priority\": 1000,\r\n          \"direction\": \"Inbound\",\r\n
        \         \"sourcePortRanges\": [],\r\n          \"destinationPortRanges\":
        [],\r\n          \"sourceAddressPrefixes\": [],\r\n          \"destinationAddressPrefixes\":
        []\r\n        }\r\n      }\r\n    ],\r\n    \"defaultSecurityRules\": [\r\n
        \     {\r\n        \"name\": \"AllowVnetInBound\",\r\n        \"id\": \"/subscriptions/00000000-0000-0000-0000-000000000000/resourceGroups/cli_test_nsg000001/providers/Microsoft.Network/networkSecurityGroups/test-nsg1/defaultSecurityRules/AllowVnetInBound\",\r\n
        \       \"etag\": \"W/\\\"4f5fd7ea-74cd-42a0-9f3e-eb3a76ae2ca1\\\"\",\r\n
        \       \"type\": \"Microsoft.Network/networkSecurityGroups/defaultSecurityRules\",\r\n
        \       \"properties\": {\r\n          \"provisioningState\": \"Succeeded\",\r\n
        \         \"description\": \"Allow inbound traffic from all VMs in VNET\",\r\n
        \         \"protocol\": \"*\",\r\n          \"sourcePortRange\": \"*\",\r\n
        \         \"destinationPortRange\": \"*\",\r\n          \"sourceAddressPrefix\":
        \"VirtualNetwork\",\r\n          \"destinationAddressPrefix\": \"VirtualNetwork\",\r\n
        \         \"access\": \"Allow\",\r\n          \"priority\": 65000,\r\n          \"direction\":
        \"Inbound\",\r\n          \"sourcePortRanges\": [],\r\n          \"destinationPortRanges\":
        [],\r\n          \"sourceAddressPrefixes\": [],\r\n          \"destinationAddressPrefixes\":
        []\r\n        }\r\n      },\r\n      {\r\n        \"name\": \"AllowAzureLoadBalancerInBound\",\r\n
        \       \"id\": \"/subscriptions/00000000-0000-0000-0000-000000000000/resourceGroups/cli_test_nsg000001/providers/Microsoft.Network/networkSecurityGroups/test-nsg1/defaultSecurityRules/AllowAzureLoadBalancerInBound\",\r\n
        \       \"etag\": \"W/\\\"4f5fd7ea-74cd-42a0-9f3e-eb3a76ae2ca1\\\"\",\r\n
        \       \"type\": \"Microsoft.Network/networkSecurityGroups/defaultSecurityRules\",\r\n
        \       \"properties\": {\r\n          \"provisioningState\": \"Succeeded\",\r\n
        \         \"description\": \"Allow inbound traffic from azure load balancer\",\r\n
        \         \"protocol\": \"*\",\r\n          \"sourcePortRange\": \"*\",\r\n
        \         \"destinationPortRange\": \"*\",\r\n          \"sourceAddressPrefix\":
        \"AzureLoadBalancer\",\r\n          \"destinationAddressPrefix\": \"*\",\r\n
        \         \"access\": \"Allow\",\r\n          \"priority\": 65001,\r\n          \"direction\":
        \"Inbound\",\r\n          \"sourcePortRanges\": [],\r\n          \"destinationPortRanges\":
        [],\r\n          \"sourceAddressPrefixes\": [],\r\n          \"destinationAddressPrefixes\":
        []\r\n        }\r\n      },\r\n      {\r\n        \"name\": \"DenyAllInBound\",\r\n
        \       \"id\": \"/subscriptions/00000000-0000-0000-0000-000000000000/resourceGroups/cli_test_nsg000001/providers/Microsoft.Network/networkSecurityGroups/test-nsg1/defaultSecurityRules/DenyAllInBound\",\r\n
        \       \"etag\": \"W/\\\"4f5fd7ea-74cd-42a0-9f3e-eb3a76ae2ca1\\\"\",\r\n
        \       \"type\": \"Microsoft.Network/networkSecurityGroups/defaultSecurityRules\",\r\n
        \       \"properties\": {\r\n          \"provisioningState\": \"Succeeded\",\r\n
        \         \"description\": \"Deny all inbound traffic\",\r\n          \"protocol\":
        \"*\",\r\n          \"sourcePortRange\": \"*\",\r\n          \"destinationPortRange\":
        \"*\",\r\n          \"sourceAddressPrefix\": \"*\",\r\n          \"destinationAddressPrefix\":
        \"*\",\r\n          \"access\": \"Deny\",\r\n          \"priority\": 65500,\r\n
        \         \"direction\": \"Inbound\",\r\n          \"sourcePortRanges\": [],\r\n
        \         \"destinationPortRanges\": [],\r\n          \"sourceAddressPrefixes\":
        [],\r\n          \"destinationAddressPrefixes\": []\r\n        }\r\n      },\r\n
        \     {\r\n        \"name\": \"AllowVnetOutBound\",\r\n        \"id\": \"/subscriptions/00000000-0000-0000-0000-000000000000/resourceGroups/cli_test_nsg000001/providers/Microsoft.Network/networkSecurityGroups/test-nsg1/defaultSecurityRules/AllowVnetOutBound\",\r\n
        \       \"etag\": \"W/\\\"4f5fd7ea-74cd-42a0-9f3e-eb3a76ae2ca1\\\"\",\r\n
        \       \"type\": \"Microsoft.Network/networkSecurityGroups/defaultSecurityRules\",\r\n
        \       \"properties\": {\r\n          \"provisioningState\": \"Succeeded\",\r\n
        \         \"description\": \"Allow outbound traffic from all VMs to all VMs
        in VNET\",\r\n          \"protocol\": \"*\",\r\n          \"sourcePortRange\":
        \"*\",\r\n          \"destinationPortRange\": \"*\",\r\n          \"sourceAddressPrefix\":
        \"VirtualNetwork\",\r\n          \"destinationAddressPrefix\": \"VirtualNetwork\",\r\n
        \         \"access\": \"Allow\",\r\n          \"priority\": 65000,\r\n          \"direction\":
        \"Outbound\",\r\n          \"sourcePortRanges\": [],\r\n          \"destinationPortRanges\":
        [],\r\n          \"sourceAddressPrefixes\": [],\r\n          \"destinationAddressPrefixes\":
        []\r\n        }\r\n      },\r\n      {\r\n        \"name\": \"AllowInternetOutBound\",\r\n
        \       \"id\": \"/subscriptions/00000000-0000-0000-0000-000000000000/resourceGroups/cli_test_nsg000001/providers/Microsoft.Network/networkSecurityGroups/test-nsg1/defaultSecurityRules/AllowInternetOutBound\",\r\n
        \       \"etag\": \"W/\\\"4f5fd7ea-74cd-42a0-9f3e-eb3a76ae2ca1\\\"\",\r\n
        \       \"type\": \"Microsoft.Network/networkSecurityGroups/defaultSecurityRules\",\r\n
        \       \"properties\": {\r\n          \"provisioningState\": \"Succeeded\",\r\n
        \         \"description\": \"Allow outbound traffic from all VMs to Internet\",\r\n
        \         \"protocol\": \"*\",\r\n          \"sourcePortRange\": \"*\",\r\n
        \         \"destinationPortRange\": \"*\",\r\n          \"sourceAddressPrefix\":
        \"*\",\r\n          \"destinationAddressPrefix\": \"Internet\",\r\n          \"access\":
        \"Allow\",\r\n          \"priority\": 65001,\r\n          \"direction\": \"Outbound\",\r\n
        \         \"sourcePortRanges\": [],\r\n          \"destinationPortRanges\":
        [],\r\n          \"sourceAddressPrefixes\": [],\r\n          \"destinationAddressPrefixes\":
        []\r\n        }\r\n      },\r\n      {\r\n        \"name\": \"DenyAllOutBound\",\r\n
        \       \"id\": \"/subscriptions/00000000-0000-0000-0000-000000000000/resourceGroups/cli_test_nsg000001/providers/Microsoft.Network/networkSecurityGroups/test-nsg1/defaultSecurityRules/DenyAllOutBound\",\r\n
        \       \"etag\": \"W/\\\"4f5fd7ea-74cd-42a0-9f3e-eb3a76ae2ca1\\\"\",\r\n
        \       \"type\": \"Microsoft.Network/networkSecurityGroups/defaultSecurityRules\",\r\n
        \       \"properties\": {\r\n          \"provisioningState\": \"Succeeded\",\r\n
        \         \"description\": \"Deny all outbound traffic\",\r\n          \"protocol\":
        \"*\",\r\n          \"sourcePortRange\": \"*\",\r\n          \"destinationPortRange\":
        \"*\",\r\n          \"sourceAddressPrefix\": \"*\",\r\n          \"destinationAddressPrefix\":
        \"*\",\r\n          \"access\": \"Deny\",\r\n          \"priority\": 65500,\r\n
        \         \"direction\": \"Outbound\",\r\n          \"sourcePortRanges\":
        [],\r\n          \"destinationPortRanges\": [],\r\n          \"sourceAddressPrefixes\":
        [],\r\n          \"destinationAddressPrefixes\": []\r\n        }\r\n      }\r\n
        \   ]\r\n  }\r\n}"
    headers:
      cache-control:
      - no-cache
      content-length:
      - '7961'
      content-type:
      - application/json; charset=utf-8
      date:
      - Thu, 06 Feb 2020 19:57:06 GMT
      etag:
      - W/"4f5fd7ea-74cd-42a0-9f3e-eb3a76ae2ca1"
      expires:
      - '-1'
      pragma:
      - no-cache
      server:
      - Microsoft-HTTPAPI/2.0
      - Microsoft-HTTPAPI/2.0
      strict-transport-security:
      - max-age=31536000; includeSubDomains
      transfer-encoding:
      - chunked
      vary:
      - Accept-Encoding
      x-content-type-options:
      - nosniff
      x-ms-arm-service-request-id:
      - bb3e7e42-c0a1-4d68-9dea-627c7490c520
    status:
      code: 200
      message: OK
- request:
    body: null
    headers:
      Accept:
      - application/json
      Accept-Encoding:
      - gzip, deflate
      CommandName:
      - network nsg rule show
      Connection:
      - keep-alive
      ParameterSetName:
      - --resource-group --nsg-name --name
      User-Agent:
      - python/3.6.8 (Windows-10-10.0.18362-SP0) msrest/0.6.10 msrest_azure/0.6.2
        azure-mgmt-network/9.0.0 Azure-SDK-For-Python AZURECLI/2.0.81
      accept-language:
      - en-US
    method: GET
    uri: https://management.azure.com/subscriptions/00000000-0000-0000-0000-000000000000/resourceGroups/cli_test_nsg000001/providers/Microsoft.Network/networkSecurityGroups/test-nsg1/securityRules/web?api-version=2019-11-01
  response:
    body:
      string: "{\r\n  \"name\": \"web\",\r\n  \"id\": \"/subscriptions/00000000-0000-0000-0000-000000000000/resourceGroups/cli_test_nsg000001/providers/Microsoft.Network/networkSecurityGroups/test-nsg1/securityRules/web\",\r\n
        \ \"etag\": \"W/\\\"4f5fd7ea-74cd-42a0-9f3e-eb3a76ae2ca1\\\"\",\r\n  \"type\":
        \"Microsoft.Network/networkSecurityGroups/securityRules\",\r\n  \"properties\":
        {\r\n    \"provisioningState\": \"Succeeded\",\r\n    \"protocol\": \"*\",\r\n
        \   \"sourcePortRange\": \"*\",\r\n    \"destinationPortRange\": \"4444\",\r\n
        \   \"sourceAddressPrefix\": \"789\",\r\n    \"destinationAddressPrefix\":
        \"1234\",\r\n    \"access\": \"Allow\",\r\n    \"priority\": 1000,\r\n    \"direction\":
        \"Inbound\",\r\n    \"sourcePortRanges\": [],\r\n    \"destinationPortRanges\":
        [],\r\n    \"sourceAddressPrefixes\": [],\r\n    \"destinationAddressPrefixes\":
        []\r\n  }\r\n}"
    headers:
      cache-control:
      - no-cache
      content-length:
      - '818'
      content-type:
      - application/json; charset=utf-8
      date:
      - Thu, 06 Feb 2020 19:57:07 GMT
      etag:
      - W/"4f5fd7ea-74cd-42a0-9f3e-eb3a76ae2ca1"
      expires:
      - '-1'
      pragma:
      - no-cache
      server:
      - Microsoft-HTTPAPI/2.0
      - Microsoft-HTTPAPI/2.0
      strict-transport-security:
      - max-age=31536000; includeSubDomains
      transfer-encoding:
      - chunked
      vary:
      - Accept-Encoding
      x-content-type-options:
      - nosniff
      x-ms-arm-service-request-id:
      - fa0c8696-3fc9-4343-bf98-35a2dfe32f92
    status:
      code: 200
      message: OK
- request:
    body: null
    headers:
      Accept:
      - application/json
      Accept-Encoding:
      - gzip, deflate
      CommandName:
      - network nsg rule update
      Connection:
      - keep-alive
      ParameterSetName:
      - -g --nsg-name -n --direction --access --destination-address-prefix --protocol
        --source-address-prefix --source-port-range --destination-port-range --priority
        --description
      User-Agent:
      - python/3.6.8 (Windows-10-10.0.18362-SP0) msrest/0.6.10 msrest_azure/0.6.2
        azure-mgmt-network/9.0.0 Azure-SDK-For-Python AZURECLI/2.0.81
      accept-language:
      - en-US
    method: GET
    uri: https://management.azure.com/subscriptions/00000000-0000-0000-0000-000000000000/resourceGroups/cli_test_nsg000001/providers/Microsoft.Network/networkSecurityGroups/test-nsg1/securityRules/web?api-version=2019-11-01
  response:
    body:
      string: "{\r\n  \"name\": \"web\",\r\n  \"id\": \"/subscriptions/00000000-0000-0000-0000-000000000000/resourceGroups/cli_test_nsg000001/providers/Microsoft.Network/networkSecurityGroups/test-nsg1/securityRules/web\",\r\n
        \ \"etag\": \"W/\\\"4f5fd7ea-74cd-42a0-9f3e-eb3a76ae2ca1\\\"\",\r\n  \"type\":
        \"Microsoft.Network/networkSecurityGroups/securityRules\",\r\n  \"properties\":
        {\r\n    \"provisioningState\": \"Succeeded\",\r\n    \"protocol\": \"*\",\r\n
        \   \"sourcePortRange\": \"*\",\r\n    \"destinationPortRange\": \"4444\",\r\n
        \   \"sourceAddressPrefix\": \"789\",\r\n    \"destinationAddressPrefix\":
        \"1234\",\r\n    \"access\": \"Allow\",\r\n    \"priority\": 1000,\r\n    \"direction\":
        \"Inbound\",\r\n    \"sourcePortRanges\": [],\r\n    \"destinationPortRanges\":
        [],\r\n    \"sourceAddressPrefixes\": [],\r\n    \"destinationAddressPrefixes\":
        []\r\n  }\r\n}"
    headers:
      cache-control:
      - no-cache
      content-length:
      - '818'
      content-type:
      - application/json; charset=utf-8
      date:
      - Thu, 06 Feb 2020 19:57:10 GMT
      etag:
      - W/"4f5fd7ea-74cd-42a0-9f3e-eb3a76ae2ca1"
      expires:
      - '-1'
      pragma:
      - no-cache
      server:
      - Microsoft-HTTPAPI/2.0
      - Microsoft-HTTPAPI/2.0
      strict-transport-security:
      - max-age=31536000; includeSubDomains
      transfer-encoding:
      - chunked
      vary:
      - Accept-Encoding
      x-content-type-options:
      - nosniff
      x-ms-arm-service-request-id:
      - dc81e19b-93b0-47c4-8912-d589de43e755
    status:
      code: 200
      message: OK
- request:
    body: 'b''{"id": "/subscriptions/00000000-0000-0000-0000-000000000000/resourceGroups/cli_test_nsg000001/providers/Microsoft.Network/networkSecurityGroups/test-nsg1/securityRules/web",
      "properties": {"description": "greatrule", "protocol": "Tcp", "sourcePortRange":
      "1234-1235", "destinationPortRange": "1234-1235", "sourceAddressPrefix": "111",
      "destinationAddressPrefix": "111", "access": "Deny", "priority": 888, "direction":
      "Outbound"}, "name": "web"}'''
    headers:
      Accept:
      - application/json
      Accept-Encoding:
      - gzip, deflate
      CommandName:
      - network nsg rule update
      Connection:
      - keep-alive
      Content-Length:
      - '502'
      Content-Type:
      - application/json; charset=utf-8
      ParameterSetName:
      - -g --nsg-name -n --direction --access --destination-address-prefix --protocol
        --source-address-prefix --source-port-range --destination-port-range --priority
        --description
      User-Agent:
      - python/3.6.8 (Windows-10-10.0.18362-SP0) msrest/0.6.10 msrest_azure/0.6.2
        azure-mgmt-network/9.0.0 Azure-SDK-For-Python AZURECLI/2.0.81
      accept-language:
      - en-US
    method: PUT
    uri: https://management.azure.com/subscriptions/00000000-0000-0000-0000-000000000000/resourceGroups/cli_test_nsg000001/providers/Microsoft.Network/networkSecurityGroups/test-nsg1/securityRules/web?api-version=2019-11-01
  response:
    body:
      string: "{\r\n  \"name\": \"web\",\r\n  \"id\": \"/subscriptions/00000000-0000-0000-0000-000000000000/resourceGroups/cli_test_nsg000001/providers/Microsoft.Network/networkSecurityGroups/test-nsg1/securityRules/web\",\r\n
        \ \"etag\": \"W/\\\"5de1b9e3-9f36-458d-a610-fc5d5742d500\\\"\",\r\n  \"type\":
        \"Microsoft.Network/networkSecurityGroups/securityRules\",\r\n  \"properties\":
        {\r\n    \"provisioningState\": \"Updating\",\r\n    \"description\": \"greatrule\",\r\n
        \   \"protocol\": \"Tcp\",\r\n    \"sourcePortRange\": \"1234-1235\",\r\n
        \   \"destinationPortRange\": \"1234-1235\",\r\n    \"sourceAddressPrefix\":
        \"111\",\r\n    \"destinationAddressPrefix\": \"111\",\r\n    \"access\":
        \"Deny\",\r\n    \"priority\": 888,\r\n    \"direction\": \"Outbound\",\r\n
        \   \"sourcePortRanges\": [],\r\n    \"destinationPortRanges\": [],\r\n    \"sourceAddressPrefixes\":
        [],\r\n    \"destinationAddressPrefixes\": []\r\n  }\r\n}"
    headers:
      azure-asyncoperation:
      - https://management.azure.com/subscriptions/00000000-0000-0000-0000-000000000000/providers/Microsoft.Network/locations/westus/operations/66400fab-5b44-4879-82b0-a0167af0c150?api-version=2019-11-01
      cache-control:
      - no-cache
      content-length:
      - '863'
      content-type:
      - application/json; charset=utf-8
      date:
      - Thu, 06 Feb 2020 19:57:11 GMT
      expires:
      - '-1'
      pragma:
      - no-cache
      server:
      - Microsoft-HTTPAPI/2.0
      - Microsoft-HTTPAPI/2.0
      strict-transport-security:
      - max-age=31536000; includeSubDomains
      transfer-encoding:
      - chunked
      vary:
      - Accept-Encoding
      x-content-type-options:
      - nosniff
      x-ms-arm-service-request-id:
      - c87f82e6-d203-4672-af57-042576914544
      x-ms-ratelimit-remaining-subscription-writes:
      - '1196'
    status:
      code: 200
      message: OK
- request:
    body: null
    headers:
      Accept:
      - application/json
      Accept-Encoding:
      - gzip, deflate
      CommandName:
      - network nsg rule update
      Connection:
      - keep-alive
      ParameterSetName:
      - -g --nsg-name -n --direction --access --destination-address-prefix --protocol
        --source-address-prefix --source-port-range --destination-port-range --priority
        --description
      User-Agent:
      - python/3.6.8 (Windows-10-10.0.18362-SP0) msrest/0.6.10 msrest_azure/0.6.2
        azure-mgmt-network/9.0.0 Azure-SDK-For-Python AZURECLI/2.0.81
    method: GET
    uri: https://management.azure.com/subscriptions/00000000-0000-0000-0000-000000000000/providers/Microsoft.Network/locations/westus/operations/66400fab-5b44-4879-82b0-a0167af0c150?api-version=2019-11-01
  response:
    body:
      string: "{\r\n  \"status\": \"Succeeded\"\r\n}"
    headers:
      cache-control:
      - no-cache
      content-length:
      - '29'
      content-type:
      - application/json; charset=utf-8
      date:
      - Thu, 06 Feb 2020 19:57:22 GMT
      expires:
      - '-1'
      pragma:
      - no-cache
      server:
      - Microsoft-HTTPAPI/2.0
      - Microsoft-HTTPAPI/2.0
      strict-transport-security:
      - max-age=31536000; includeSubDomains
      transfer-encoding:
      - chunked
      vary:
      - Accept-Encoding
      x-content-type-options:
      - nosniff
      x-ms-arm-service-request-id:
      - 9e18c5f6-ae1d-4359-922f-bddd651a5b9a
    status:
      code: 200
      message: OK
- request:
    body: null
    headers:
      Accept:
      - application/json
      Accept-Encoding:
      - gzip, deflate
      CommandName:
      - network nsg rule update
      Connection:
      - keep-alive
      ParameterSetName:
      - -g --nsg-name -n --direction --access --destination-address-prefix --protocol
        --source-address-prefix --source-port-range --destination-port-range --priority
        --description
      User-Agent:
      - python/3.6.8 (Windows-10-10.0.18362-SP0) msrest/0.6.10 msrest_azure/0.6.2
        azure-mgmt-network/9.0.0 Azure-SDK-For-Python AZURECLI/2.0.81
    method: GET
    uri: https://management.azure.com/subscriptions/00000000-0000-0000-0000-000000000000/resourceGroups/cli_test_nsg000001/providers/Microsoft.Network/networkSecurityGroups/test-nsg1/securityRules/web?api-version=2019-11-01
  response:
    body:
      string: "{\r\n  \"name\": \"web\",\r\n  \"id\": \"/subscriptions/00000000-0000-0000-0000-000000000000/resourceGroups/cli_test_nsg000001/providers/Microsoft.Network/networkSecurityGroups/test-nsg1/securityRules/web\",\r\n
        \ \"etag\": \"W/\\\"1b446fed-b0bb-449c-8545-f40e42cfff37\\\"\",\r\n  \"type\":
        \"Microsoft.Network/networkSecurityGroups/securityRules\",\r\n  \"properties\":
        {\r\n    \"provisioningState\": \"Succeeded\",\r\n    \"description\": \"greatrule\",\r\n
        \   \"protocol\": \"Tcp\",\r\n    \"sourcePortRange\": \"1234-1235\",\r\n
        \   \"destinationPortRange\": \"1234-1235\",\r\n    \"sourceAddressPrefix\":
        \"111\",\r\n    \"destinationAddressPrefix\": \"111\",\r\n    \"access\":
        \"Deny\",\r\n    \"priority\": 888,\r\n    \"direction\": \"Outbound\",\r\n
        \   \"sourcePortRanges\": [],\r\n    \"destinationPortRanges\": [],\r\n    \"sourceAddressPrefixes\":
        [],\r\n    \"destinationAddressPrefixes\": []\r\n  }\r\n}"
    headers:
      cache-control:
      - no-cache
      content-length:
      - '864'
      content-type:
      - application/json; charset=utf-8
      date:
      - Thu, 06 Feb 2020 19:57:23 GMT
      etag:
      - W/"1b446fed-b0bb-449c-8545-f40e42cfff37"
      expires:
      - '-1'
      pragma:
      - no-cache
      server:
      - Microsoft-HTTPAPI/2.0
      - Microsoft-HTTPAPI/2.0
      strict-transport-security:
      - max-age=31536000; includeSubDomains
      transfer-encoding:
      - chunked
      vary:
      - Accept-Encoding
      x-content-type-options:
      - nosniff
      x-ms-arm-service-request-id:
      - 62a9208a-9635-4d63-9613-df304f43bf48
    status:
      code: 200
      message: OK
- request:
    body: null
    headers:
      Accept:
      - application/json
      Accept-Encoding:
      - gzip, deflate
      CommandName:
      - network nsg rule update
      Connection:
      - keep-alive
      ParameterSetName:
      - -g --nsg-name -n --set
      User-Agent:
      - python/3.6.8 (Windows-10-10.0.18362-SP0) msrest/0.6.10 msrest_azure/0.6.2
        azure-mgmt-network/9.0.0 Azure-SDK-For-Python AZURECLI/2.0.81
      accept-language:
      - en-US
    method: GET
    uri: https://management.azure.com/subscriptions/00000000-0000-0000-0000-000000000000/resourceGroups/cli_test_nsg000001/providers/Microsoft.Network/networkSecurityGroups/test-nsg1/securityRules/web?api-version=2019-11-01
  response:
    body:
      string: "{\r\n  \"name\": \"web\",\r\n  \"id\": \"/subscriptions/00000000-0000-0000-0000-000000000000/resourceGroups/cli_test_nsg000001/providers/Microsoft.Network/networkSecurityGroups/test-nsg1/securityRules/web\",\r\n
        \ \"etag\": \"W/\\\"1b446fed-b0bb-449c-8545-f40e42cfff37\\\"\",\r\n  \"type\":
        \"Microsoft.Network/networkSecurityGroups/securityRules\",\r\n  \"properties\":
        {\r\n    \"provisioningState\": \"Succeeded\",\r\n    \"description\": \"greatrule\",\r\n
        \   \"protocol\": \"Tcp\",\r\n    \"sourcePortRange\": \"1234-1235\",\r\n
        \   \"destinationPortRange\": \"1234-1235\",\r\n    \"sourceAddressPrefix\":
        \"111\",\r\n    \"destinationAddressPrefix\": \"111\",\r\n    \"access\":
        \"Deny\",\r\n    \"priority\": 888,\r\n    \"direction\": \"Outbound\",\r\n
        \   \"sourcePortRanges\": [],\r\n    \"destinationPortRanges\": [],\r\n    \"sourceAddressPrefixes\":
        [],\r\n    \"destinationAddressPrefixes\": []\r\n  }\r\n}"
    headers:
      cache-control:
      - no-cache
      content-length:
      - '864'
      content-type:
      - application/json; charset=utf-8
      date:
      - Thu, 06 Feb 2020 19:57:26 GMT
      etag:
      - W/"1b446fed-b0bb-449c-8545-f40e42cfff37"
      expires:
      - '-1'
      pragma:
      - no-cache
      server:
      - Microsoft-HTTPAPI/2.0
      - Microsoft-HTTPAPI/2.0
      strict-transport-security:
      - max-age=31536000; includeSubDomains
      transfer-encoding:
      - chunked
      vary:
      - Accept-Encoding
      x-content-type-options:
      - nosniff
      x-ms-arm-service-request-id:
      - a866ce22-f892-41ee-8dd5-936ace1dd37c
    status:
      code: 200
      message: OK
- request:
    body: 'b''{"id": "/subscriptions/00000000-0000-0000-0000-000000000000/resourceGroups/cli_test_nsg000001/providers/Microsoft.Network/networkSecurityGroups/test-nsg1/securityRules/web",
      "properties": {"description": "cool", "protocol": "Tcp", "sourcePortRange":
      "1234-1235", "destinationPortRange": "1234-1235", "sourceAddressPrefix": "111",
      "sourceAddressPrefixes": [], "destinationAddressPrefix": "111", "destinationAddressPrefixes":
      [], "sourcePortRanges": [], "destinationPortRanges": [], "access": "Deny", "priority":
      888, "direction": "Outbound"}, "name": "web"}'''
    headers:
      Accept:
      - application/json
      Accept-Encoding:
      - gzip, deflate
      CommandName:
      - network nsg rule update
      Connection:
      - keep-alive
      Content-Length:
      - '613'
      Content-Type:
      - application/json; charset=utf-8
      ParameterSetName:
      - -g --nsg-name -n --set
      User-Agent:
      - python/3.6.8 (Windows-10-10.0.18362-SP0) msrest/0.6.10 msrest_azure/0.6.2
        azure-mgmt-network/9.0.0 Azure-SDK-For-Python AZURECLI/2.0.81
      accept-language:
      - en-US
    method: PUT
    uri: https://management.azure.com/subscriptions/00000000-0000-0000-0000-000000000000/resourceGroups/cli_test_nsg000001/providers/Microsoft.Network/networkSecurityGroups/test-nsg1/securityRules/web?api-version=2019-11-01
  response:
    body:
      string: "{\r\n  \"name\": \"web\",\r\n  \"id\": \"/subscriptions/00000000-0000-0000-0000-000000000000/resourceGroups/cli_test_nsg000001/providers/Microsoft.Network/networkSecurityGroups/test-nsg1/securityRules/web\",\r\n
        \ \"etag\": \"W/\\\"321f49ce-570c-4a60-96cc-23e2f1259058\\\"\",\r\n  \"type\":
        \"Microsoft.Network/networkSecurityGroups/securityRules\",\r\n  \"properties\":
        {\r\n    \"provisioningState\": \"Updating\",\r\n    \"description\": \"cool\",\r\n
        \   \"protocol\": \"Tcp\",\r\n    \"sourcePortRange\": \"1234-1235\",\r\n
        \   \"destinationPortRange\": \"1234-1235\",\r\n    \"sourceAddressPrefix\":
        \"111\",\r\n    \"destinationAddressPrefix\": \"111\",\r\n    \"access\":
        \"Deny\",\r\n    \"priority\": 888,\r\n    \"direction\": \"Outbound\",\r\n
        \   \"sourcePortRanges\": [],\r\n    \"destinationPortRanges\": [],\r\n    \"sourceAddressPrefixes\":
        [],\r\n    \"destinationAddressPrefixes\": []\r\n  }\r\n}"
    headers:
      azure-asyncoperation:
      - https://management.azure.com/subscriptions/00000000-0000-0000-0000-000000000000/providers/Microsoft.Network/locations/westus/operations/34d66950-4291-4459-8ad7-f311e28fbf73?api-version=2019-11-01
      cache-control:
      - no-cache
      content-length:
      - '858'
      content-type:
      - application/json; charset=utf-8
      date:
      - Thu, 06 Feb 2020 19:57:27 GMT
      expires:
      - '-1'
      pragma:
      - no-cache
      server:
      - Microsoft-HTTPAPI/2.0
      - Microsoft-HTTPAPI/2.0
      strict-transport-security:
      - max-age=31536000; includeSubDomains
      transfer-encoding:
      - chunked
      vary:
      - Accept-Encoding
      x-content-type-options:
      - nosniff
      x-ms-arm-service-request-id:
      - e665112c-6143-48d0-a699-736d8cf0c087
      x-ms-ratelimit-remaining-subscription-writes:
      - '1198'
    status:
      code: 200
      message: OK
- request:
    body: null
    headers:
      Accept:
      - application/json
      Accept-Encoding:
      - gzip, deflate
      CommandName:
      - network nsg rule update
      Connection:
      - keep-alive
      ParameterSetName:
      - -g --nsg-name -n --set
      User-Agent:
      - python/3.6.8 (Windows-10-10.0.18362-SP0) msrest/0.6.10 msrest_azure/0.6.2
        azure-mgmt-network/9.0.0 Azure-SDK-For-Python AZURECLI/2.0.81
    method: GET
    uri: https://management.azure.com/subscriptions/00000000-0000-0000-0000-000000000000/providers/Microsoft.Network/locations/westus/operations/34d66950-4291-4459-8ad7-f311e28fbf73?api-version=2019-11-01
  response:
    body:
      string: "{\r\n  \"status\": \"Succeeded\"\r\n}"
    headers:
      cache-control:
      - no-cache
      content-length:
      - '29'
      content-type:
      - application/json; charset=utf-8
      date:
      - Thu, 06 Feb 2020 19:57:39 GMT
      expires:
      - '-1'
      pragma:
      - no-cache
      server:
      - Microsoft-HTTPAPI/2.0
      - Microsoft-HTTPAPI/2.0
      strict-transport-security:
      - max-age=31536000; includeSubDomains
      transfer-encoding:
      - chunked
      vary:
      - Accept-Encoding
      x-content-type-options:
      - nosniff
      x-ms-arm-service-request-id:
      - 118b4367-98c0-4ce6-aece-01b7041a9365
    status:
      code: 200
      message: OK
- request:
    body: null
    headers:
      Accept:
      - application/json
      Accept-Encoding:
      - gzip, deflate
      CommandName:
      - network nsg rule update
      Connection:
      - keep-alive
      ParameterSetName:
      - -g --nsg-name -n --set
      User-Agent:
      - python/3.6.8 (Windows-10-10.0.18362-SP0) msrest/0.6.10 msrest_azure/0.6.2
        azure-mgmt-network/9.0.0 Azure-SDK-For-Python AZURECLI/2.0.81
    method: GET
    uri: https://management.azure.com/subscriptions/00000000-0000-0000-0000-000000000000/resourceGroups/cli_test_nsg000001/providers/Microsoft.Network/networkSecurityGroups/test-nsg1/securityRules/web?api-version=2019-11-01
  response:
    body:
      string: "{\r\n  \"name\": \"web\",\r\n  \"id\": \"/subscriptions/00000000-0000-0000-0000-000000000000/resourceGroups/cli_test_nsg000001/providers/Microsoft.Network/networkSecurityGroups/test-nsg1/securityRules/web\",\r\n
        \ \"etag\": \"W/\\\"6b06e9cf-405c-43bb-8f0d-9f2fcae65524\\\"\",\r\n  \"type\":
        \"Microsoft.Network/networkSecurityGroups/securityRules\",\r\n  \"properties\":
        {\r\n    \"provisioningState\": \"Succeeded\",\r\n    \"description\": \"cool\",\r\n
        \   \"protocol\": \"Tcp\",\r\n    \"sourcePortRange\": \"1234-1235\",\r\n
        \   \"destinationPortRange\": \"1234-1235\",\r\n    \"sourceAddressPrefix\":
        \"111\",\r\n    \"destinationAddressPrefix\": \"111\",\r\n    \"access\":
        \"Deny\",\r\n    \"priority\": 888,\r\n    \"direction\": \"Outbound\",\r\n
        \   \"sourcePortRanges\": [],\r\n    \"destinationPortRanges\": [],\r\n    \"sourceAddressPrefixes\":
        [],\r\n    \"destinationAddressPrefixes\": []\r\n  }\r\n}"
    headers:
      cache-control:
      - no-cache
      content-length:
      - '859'
      content-type:
      - application/json; charset=utf-8
      date:
      - Thu, 06 Feb 2020 19:57:39 GMT
      etag:
      - W/"6b06e9cf-405c-43bb-8f0d-9f2fcae65524"
      expires:
      - '-1'
      pragma:
      - no-cache
      server:
      - Microsoft-HTTPAPI/2.0
      - Microsoft-HTTPAPI/2.0
      strict-transport-security:
      - max-age=31536000; includeSubDomains
      transfer-encoding:
      - chunked
      vary:
      - Accept-Encoding
      x-content-type-options:
      - nosniff
      x-ms-arm-service-request-id:
      - 8aeeae6d-7604-4ed4-8b97-b10457193720
    status:
      code: 200
      message: OK
- request:
    body: null
    headers:
      Accept:
      - application/json
      Accept-Encoding:
      - gzip, deflate
      CommandName:
      - network nsg rule delete
      Connection:
      - keep-alive
      Content-Length:
      - '0'
      ParameterSetName:
      - --resource-group --nsg-name --name
      User-Agent:
      - python/3.6.8 (Windows-10-10.0.18362-SP0) msrest/0.6.10 msrest_azure/0.6.2
        azure-mgmt-network/9.0.0 Azure-SDK-For-Python AZURECLI/2.0.81
      accept-language:
      - en-US
    method: DELETE
    uri: https://management.azure.com/subscriptions/00000000-0000-0000-0000-000000000000/resourceGroups/cli_test_nsg000001/providers/Microsoft.Network/networkSecurityGroups/test-nsg1/securityRules/web?api-version=2019-11-01
  response:
    body:
      string: ''
    headers:
      azure-asyncoperation:
      - https://management.azure.com/subscriptions/00000000-0000-0000-0000-000000000000/providers/Microsoft.Network/locations/westus/operations/53939470-b666-41a0-a803-6619e9fda27b?api-version=2019-11-01
      cache-control:
      - no-cache
      content-length:
      - '0'
      date:
      - Thu, 06 Feb 2020 19:57:41 GMT
      expires:
      - '-1'
      location:
      - https://management.azure.com/subscriptions/00000000-0000-0000-0000-000000000000/providers/Microsoft.Network/locations/westus/operationResults/53939470-b666-41a0-a803-6619e9fda27b?api-version=2019-11-01
      pragma:
      - no-cache
      server:
      - Microsoft-HTTPAPI/2.0
      - Microsoft-HTTPAPI/2.0
      strict-transport-security:
      - max-age=31536000; includeSubDomains
      x-content-type-options:
      - nosniff
      x-ms-arm-service-request-id:
      - bc7a2e34-92f5-4358-85d9-751458375ec1
      x-ms-ratelimit-remaining-subscription-deletes:
      - '14999'
    status:
      code: 202
      message: Accepted
- request:
    body: null
    headers:
      Accept:
      - application/json
      Accept-Encoding:
      - gzip, deflate
      CommandName:
      - network nsg rule delete
      Connection:
      - keep-alive
      ParameterSetName:
      - --resource-group --nsg-name --name
      User-Agent:
      - python/3.6.8 (Windows-10-10.0.18362-SP0) msrest/0.6.10 msrest_azure/0.6.2
        azure-mgmt-network/9.0.0 Azure-SDK-For-Python AZURECLI/2.0.81
    method: GET
    uri: https://management.azure.com/subscriptions/00000000-0000-0000-0000-000000000000/providers/Microsoft.Network/locations/westus/operations/53939470-b666-41a0-a803-6619e9fda27b?api-version=2019-11-01
  response:
    body:
      string: "{\r\n  \"status\": \"Succeeded\"\r\n}"
    headers:
      cache-control:
      - no-cache
      content-length:
      - '29'
      content-type:
      - application/json; charset=utf-8
      date:
      - Thu, 06 Feb 2020 19:57:52 GMT
      expires:
      - '-1'
      pragma:
      - no-cache
      server:
      - Microsoft-HTTPAPI/2.0
      - Microsoft-HTTPAPI/2.0
      strict-transport-security:
      - max-age=31536000; includeSubDomains
      transfer-encoding:
      - chunked
      vary:
      - Accept-Encoding
      x-content-type-options:
      - nosniff
      x-ms-arm-service-request-id:
      - f41c927c-69ed-49bb-bfaf-85f4b81fa460
    status:
      code: 200
      message: OK
- request:
    body: null
    headers:
      Accept:
      - application/json
      Accept-Encoding:
      - gzip, deflate
      CommandName:
      - network nsg delete
      Connection:
      - keep-alive
      Content-Length:
      - '0'
      ParameterSetName:
      - --resource-group --name
      User-Agent:
      - python/3.6.8 (Windows-10-10.0.18362-SP0) msrest/0.6.10 msrest_azure/0.6.2
        azure-mgmt-network/9.0.0 Azure-SDK-For-Python AZURECLI/2.0.81
      accept-language:
      - en-US
    method: DELETE
    uri: https://management.azure.com/subscriptions/00000000-0000-0000-0000-000000000000/resourceGroups/cli_test_nsg000001/providers/Microsoft.Network/networkSecurityGroups/test-nsg1?api-version=2019-11-01
  response:
    body:
      string: ''
    headers:
      azure-asyncoperation:
      - https://management.azure.com/subscriptions/00000000-0000-0000-0000-000000000000/providers/Microsoft.Network/locations/westus/operations/e208331a-5beb-4f59-9d9b-f55b3739def3?api-version=2019-11-01
      cache-control:
      - no-cache
      content-length:
      - '0'
      date:
      - Thu, 06 Feb 2020 19:57:56 GMT
      expires:
      - '-1'
      location:
      - https://management.azure.com/subscriptions/00000000-0000-0000-0000-000000000000/providers/Microsoft.Network/locations/westus/operationResults/e208331a-5beb-4f59-9d9b-f55b3739def3?api-version=2019-11-01
      pragma:
      - no-cache
      server:
      - Microsoft-HTTPAPI/2.0
      - Microsoft-HTTPAPI/2.0
      strict-transport-security:
      - max-age=31536000; includeSubDomains
      x-content-type-options:
      - nosniff
      x-ms-arm-service-request-id:
      - 60a6212f-efb0-4449-a2cf-4f44d651dada
      x-ms-ratelimit-remaining-subscription-deletes:
      - '14996'
    status:
      code: 202
      message: Accepted
- request:
    body: null
    headers:
      Accept:
      - application/json
      Accept-Encoding:
      - gzip, deflate
      CommandName:
      - network nsg delete
      Connection:
      - keep-alive
      ParameterSetName:
      - --resource-group --name
      User-Agent:
      - python/3.6.8 (Windows-10-10.0.18362-SP0) msrest/0.6.10 msrest_azure/0.6.2
        azure-mgmt-network/9.0.0 Azure-SDK-For-Python AZURECLI/2.0.81
    method: GET
    uri: https://management.azure.com/subscriptions/00000000-0000-0000-0000-000000000000/providers/Microsoft.Network/locations/westus/operations/e208331a-5beb-4f59-9d9b-f55b3739def3?api-version=2019-11-01
  response:
    body:
      string: "{\r\n  \"status\": \"Succeeded\"\r\n}"
    headers:
      cache-control:
      - no-cache
      content-length:
      - '29'
      content-type:
      - application/json; charset=utf-8
      date:
      - Thu, 06 Feb 2020 19:58:06 GMT
      expires:
      - '-1'
      pragma:
      - no-cache
      server:
      - Microsoft-HTTPAPI/2.0
      - Microsoft-HTTPAPI/2.0
      strict-transport-security:
      - max-age=31536000; includeSubDomains
      transfer-encoding:
      - chunked
      vary:
      - Accept-Encoding
      x-content-type-options:
      - nosniff
      x-ms-arm-service-request-id:
      - d1405229-4a92-40e4-bb46-4e5ad54acbfd
    status:
      code: 200
      message: OK
- request:
    body: null
    headers:
      Accept:
      - application/json
      Accept-Encoding:
      - gzip, deflate
      CommandName:
      - network nsg list
      Connection:
      - keep-alive
      ParameterSetName:
      - --resource-group
      User-Agent:
      - python/3.6.8 (Windows-10-10.0.18362-SP0) msrest/0.6.10 msrest_azure/0.6.2
        azure-mgmt-network/9.0.0 Azure-SDK-For-Python AZURECLI/2.0.81
      accept-language:
      - en-US
    method: GET
    uri: https://management.azure.com/subscriptions/00000000-0000-0000-0000-000000000000/resourceGroups/cli_test_nsg000001/providers/Microsoft.Network/networkSecurityGroups?api-version=2019-11-01
  response:
    body:
      string: "{\r\n  \"value\": []\r\n}"
    headers:
      cache-control:
      - no-cache
      content-length:
      - '19'
      content-type:
      - application/json; charset=utf-8
      date:
      - Thu, 06 Feb 2020 19:58:09 GMT
      expires:
      - '-1'
      pragma:
      - no-cache
      server:
      - Microsoft-HTTPAPI/2.0
      - Microsoft-HTTPAPI/2.0
      strict-transport-security:
      - max-age=31536000; includeSubDomains
      transfer-encoding:
      - chunked
      vary:
      - Accept-Encoding
      x-content-type-options:
      - nosniff
      x-ms-arm-service-request-id:
      - 891468d5-32c3-4563-bd58-566856a73766
    status:
      code: 200
      message: OK
version: 1
