interactions:
- request:
    body: '{"location": "westus", "tags": {"product": "azurecli", "cause": "automation",
      "date": "2019-05-30T18:07:06Z"}}'
    headers:
      Accept:
      - application/json
      Accept-Encoding:
      - gzip, deflate
      CommandName:
      - group create
      Connection:
      - keep-alive
      Content-Length:
      - '110'
      Content-Type:
      - application/json; charset=utf-8
      ParameterSetName:
      - --location --name --tag
      User-Agent:
      - python/3.7.3 (Windows-10-10.0.18362-SP0) msrest/0.6.6 msrest_azure/0.6.0 resourcemanagementclient/2.1.0
        Azure-SDK-For-Python AZURECLI/2.0.65
      accept-language:
      - en-US
    method: PUT
    uri: https://management.azure.com/subscriptions/00000000-0000-0000-0000-000000000000/resourcegroups/cli_test_traffic_manager000001?api-version=2019-07-01
  response:
    body:
      string: '{"id":"/subscriptions/00000000-0000-0000-0000-000000000000/resourceGroups/cli_test_traffic_manager000001","name":"cli_test_traffic_manager000001","location":"westus","tags":{"product":"azurecli","cause":"automation","date":"2019-05-30T18:07:06Z"},"properties":{"provisioningState":"Succeeded"}}'
    headers:
      cache-control:
      - no-cache
      content-length:
      - '384'
      content-type:
      - application/json; charset=utf-8
      date:
      - Thu, 30 May 2019 18:07:07 GMT
      expires:
      - '-1'
      pragma:
      - no-cache
      strict-transport-security:
      - max-age=31536000; includeSubDomains
      x-content-type-options:
      - nosniff
      x-ms-ratelimit-remaining-subscription-writes:
      - '1199'
    status:
      code: 201
      message: Created
- request:
    body: '{"name": "myfoobar1", "type": "Microsoft.Network/trafficManagerProfiles"}'
    headers:
      Accept:
      - application/json
      Accept-Encoding:
      - gzip, deflate
      CommandName:
      - network traffic-manager profile check-dns
      Connection:
      - keep-alive
      Content-Length:
      - '73'
      Content-Type:
      - application/json; charset=utf-8
      ParameterSetName:
      - -n
      User-Agent:
      - python/3.7.3 (Windows-10-10.0.18362-SP0) msrest/0.6.6 msrest_azure/0.6.0 azure-mgmt-trafficmanager/0.51.0
        Azure-SDK-For-Python AZURECLI/2.0.65
      accept-language:
      - en-US
    method: POST
    uri: https://management.azure.com/providers/Microsoft.Network/checkTrafficManagerNameAvailability?api-version=2018-04-01
  response:
    body:
      string: '{"name":"myfoobar1","type":"Microsoft.Network\/trafficManagerProfiles","nameAvailable":true,"reason":null,"message":null}'
    headers:
      cache-control:
      - private
      content-length:
      - '121'
      content-type:
      - application/json; charset=utf-8
      date:
      - Thu, 30 May 2019 18:07:08 GMT
      server:
      - Microsoft-IIS/8.5
      strict-transport-security:
      - max-age=31536000; includeSubDomains
      transfer-encoding:
      - chunked
      vary:
      - Accept-Encoding
      x-aspnet-version:
      - 4.0.30319
      x-content-type-options:
      - nosniff
      x-ms-ratelimit-remaining-tenant-writes:
      - '1199'
      x-powered-by:
      - ASP.NET
    status:
      code: 200
      message: OK
- request:
    body: '{"tags": {"foo": "doo"}, "location": "global", "properties": {"profileStatus":
      "Enabled", "trafficRoutingMethod": "Priority", "dnsConfig": {"relativeName":
      "mytrafficmanager001100a", "ttl": 30}, "monitorConfig": {"protocol": "HTTP",
      "port": 80, "path": "/"}}}'
    headers:
      Accept:
      - application/json
      Accept-Encoding:
      - gzip, deflate
      CommandName:
      - network traffic-manager profile create
      Connection:
      - keep-alive
      Content-Length:
      - '259'
      Content-Type:
      - application/json; charset=utf-8
      ParameterSetName:
      - -n -g --routing-method --unique-dns-name --tags
      User-Agent:
      - python/3.7.3 (Windows-10-10.0.18362-SP0) msrest/0.6.6 msrest_azure/0.6.0 azure-mgmt-trafficmanager/0.51.0
        Azure-SDK-For-Python AZURECLI/2.0.65
      accept-language:
      - en-US
    method: PUT
    uri: https://management.azure.com/subscriptions/00000000-0000-0000-0000-000000000000/resourceGroups/cli_test_traffic_manager000001/providers/Microsoft.Network/trafficmanagerprofiles/mytmprofile?api-version=2018-04-01
  response:
    body:
      string: '{"id":"\/subscriptions\/c9cbd920-c00c-427c-852b-8aaf38badaeb\/resourceGroups\/cli_test_traffic_manager000001\/providers\/Microsoft.Network\/trafficManagerProfiles\/mytmprofile","name":"mytmprofile","type":"Microsoft.Network\/trafficManagerProfiles","location":"global","tags":{"foo":"doo"},"properties":{"profileStatus":"Enabled","trafficRoutingMethod":"Priority","dnsConfig":{"relativeName":"mytrafficmanager001100a","fqdn":"mytrafficmanager001100a.trafficmanager.net","ttl":30},"monitorConfig":{"profileMonitorStatus":"Inactive","protocol":"HTTP","port":80,"path":"\/","intervalInSeconds":30,"toleratedNumberOfFailures":3,"timeoutInSeconds":10},"endpoints":[],"trafficViewEnrollmentStatus":"Disabled"}}'
    headers:
      cache-control:
      - private
      content-length:
      - '749'
      content-type:
      - application/json; charset=utf-8
      date:
      - Thu, 30 May 2019 18:07:11 GMT
      server:
      - Microsoft-IIS/8.5
      strict-transport-security:
      - max-age=31536000; includeSubDomains
      x-aspnet-version:
      - 4.0.30319
      x-content-type-options:
      - nosniff
      x-ms-ratelimit-remaining-subscription-resource-requests:
      - '10799'
      x-powered-by:
      - ASP.NET
    status:
      code: 201
      message: Created
- request:
    body: null
    headers:
      Accept:
      - application/json
      Accept-Encoding:
      - gzip, deflate
      CommandName:
      - network traffic-manager profile show
      Connection:
      - keep-alive
      ParameterSetName:
      - -g -n
      User-Agent:
      - python/3.7.3 (Windows-10-10.0.18362-SP0) msrest/0.6.6 msrest_azure/0.6.0 azure-mgmt-trafficmanager/0.51.0
        Azure-SDK-For-Python AZURECLI/2.0.65
      accept-language:
      - en-US
    method: GET
    uri: https://management.azure.com/subscriptions/00000000-0000-0000-0000-000000000000/resourceGroups/cli_test_traffic_manager000001/providers/Microsoft.Network/trafficmanagerprofiles/mytmprofile?api-version=2018-04-01
  response:
    body:
      string: '{"id":"\/subscriptions\/c9cbd920-c00c-427c-852b-8aaf38badaeb\/resourceGroups\/cli_test_traffic_manager000001\/providers\/Microsoft.Network\/trafficManagerProfiles\/mytmprofile","name":"mytmprofile","type":"Microsoft.Network\/trafficManagerProfiles","location":"global","tags":{"foo":"doo"},"properties":{"profileStatus":"Enabled","trafficRoutingMethod":"Priority","dnsConfig":{"relativeName":"mytrafficmanager001100a","fqdn":"mytrafficmanager001100a.trafficmanager.net","ttl":30},"monitorConfig":{"profileMonitorStatus":"Inactive","protocol":"HTTP","port":80,"path":"\/","intervalInSeconds":30,"toleratedNumberOfFailures":3,"timeoutInSeconds":10},"endpoints":[],"trafficViewEnrollmentStatus":"Disabled"}}'
    headers:
      cache-control:
      - private
      content-length:
      - '749'
      content-type:
      - application/json; charset=utf-8
      date:
      - Thu, 30 May 2019 18:07:11 GMT
      server:
      - Microsoft-IIS/8.5
      strict-transport-security:
      - max-age=31536000; includeSubDomains
      transfer-encoding:
      - chunked
      vary:
      - Accept-Encoding
      x-aspnet-version:
      - 4.0.30319
      x-content-type-options:
      - nosniff
      x-ms-ratelimit-remaining-subscription-resource-requests:
      - '10799'
      x-powered-by:
      - ASP.NET
    status:
      code: 200
      message: OK
- request:
    body: null
    headers:
      Accept:
      - application/json
      Accept-Encoding:
      - gzip, deflate
      CommandName:
      - network traffic-manager profile update
      Connection:
      - keep-alive
      ParameterSetName:
      - -n -g --routing-method --tags
      User-Agent:
      - python/3.7.3 (Windows-10-10.0.18362-SP0) msrest/0.6.6 msrest_azure/0.6.0 azure-mgmt-trafficmanager/0.51.0
        Azure-SDK-For-Python AZURECLI/2.0.65
      accept-language:
      - en-US
    method: GET
    uri: https://management.azure.com/subscriptions/00000000-0000-0000-0000-000000000000/resourceGroups/cli_test_traffic_manager000001/providers/Microsoft.Network/trafficmanagerprofiles/mytmprofile?api-version=2018-04-01
  response:
    body:
      string: '{"id":"\/subscriptions\/c9cbd920-c00c-427c-852b-8aaf38badaeb\/resourceGroups\/cli_test_traffic_manager000001\/providers\/Microsoft.Network\/trafficManagerProfiles\/mytmprofile","name":"mytmprofile","type":"Microsoft.Network\/trafficManagerProfiles","location":"global","tags":{"foo":"doo"},"properties":{"profileStatus":"Enabled","trafficRoutingMethod":"Priority","dnsConfig":{"relativeName":"mytrafficmanager001100a","fqdn":"mytrafficmanager001100a.trafficmanager.net","ttl":30},"monitorConfig":{"profileMonitorStatus":"Inactive","protocol":"HTTP","port":80,"path":"\/","intervalInSeconds":30,"toleratedNumberOfFailures":3,"timeoutInSeconds":10},"endpoints":[],"trafficViewEnrollmentStatus":"Disabled"}}'
    headers:
      cache-control:
      - private
      content-length:
      - '749'
      content-type:
      - application/json; charset=utf-8
      date:
      - Thu, 30 May 2019 18:07:12 GMT
      server:
      - Microsoft-IIS/8.5
      strict-transport-security:
      - max-age=31536000; includeSubDomains
      transfer-encoding:
      - chunked
      vary:
      - Accept-Encoding
      x-aspnet-version:
      - 4.0.30319
      x-content-type-options:
      - nosniff
      x-ms-ratelimit-remaining-subscription-resource-requests:
      - '10799'
      x-powered-by:
      - ASP.NET
    status:
      code: 200
      message: OK
- request:
    body: 'b''{"id": "/subscriptions/00000000-0000-0000-0000-000000000000/resourceGroups/cli_test_traffic_manager000001/providers/Microsoft.Network/trafficManagerProfiles/mytmprofile",
      "name": "mytmprofile", "type": "Microsoft.Network/trafficManagerProfiles", "tags":
      {"foo": "boo"}, "location": "global", "properties": {"profileStatus": "Enabled",
      "trafficRoutingMethod": "Weighted", "dnsConfig": {"relativeName": "mytrafficmanager001100a",
      "ttl": 30}, "monitorConfig": {"profileMonitorStatus": "Inactive", "protocol":
      "HTTP", "port": 80, "path": "/", "intervalInSeconds": 30, "timeoutInSeconds":
      10, "toleratedNumberOfFailures": 3}, "endpoints": [], "trafficViewEnrollmentStatus":
      "Disabled"}}'''
    headers:
      Accept:
      - application/json
      Accept-Encoding:
      - gzip, deflate
      CommandName:
      - network traffic-manager profile update
      Connection:
      - keep-alive
      Content-Length:
      - '726'
      Content-Type:
      - application/json; charset=utf-8
      ParameterSetName:
      - -n -g --routing-method --tags
      User-Agent:
      - python/3.7.3 (Windows-10-10.0.18362-SP0) msrest/0.6.6 msrest_azure/0.6.0 azure-mgmt-trafficmanager/0.51.0
        Azure-SDK-For-Python AZURECLI/2.0.65
      accept-language:
      - en-US
    method: PUT
    uri: https://management.azure.com/subscriptions/00000000-0000-0000-0000-000000000000/resourceGroups/cli_test_traffic_manager000001/providers/Microsoft.Network/trafficmanagerprofiles/mytmprofile?api-version=2018-04-01
  response:
    body:
      string: '{"id":"\/subscriptions\/c9cbd920-c00c-427c-852b-8aaf38badaeb\/resourceGroups\/cli_test_traffic_manager000001\/providers\/Microsoft.Network\/trafficManagerProfiles\/mytmprofile","name":"mytmprofile","type":"Microsoft.Network\/trafficManagerProfiles","location":"global","tags":{"foo":"boo"},"properties":{"profileStatus":"Enabled","trafficRoutingMethod":"Weighted","dnsConfig":{"relativeName":"mytrafficmanager001100a","fqdn":"mytrafficmanager001100a.trafficmanager.net","ttl":30},"monitorConfig":{"profileMonitorStatus":"Inactive","protocol":"HTTP","port":80,"path":"\/","intervalInSeconds":30,"toleratedNumberOfFailures":3,"timeoutInSeconds":10},"endpoints":[],"trafficViewEnrollmentStatus":"Disabled"}}'
    headers:
      cache-control:
      - private
      content-length:
      - '749'
      content-type:
      - application/json; charset=utf-8
      date:
      - Thu, 30 May 2019 18:07:15 GMT
      server:
      - Microsoft-IIS/8.5
      strict-transport-security:
      - max-age=31536000; includeSubDomains
      transfer-encoding:
      - chunked
      vary:
      - Accept-Encoding
      x-aspnet-version:
      - 4.0.30319
      x-content-type-options:
      - nosniff
      x-ms-ratelimit-remaining-subscription-resource-requests:
      - '10799'
      x-powered-by:
      - ASP.NET
    status:
      code: 200
      message: OK
- request:
    body: null
    headers:
      Accept:
      - application/json
      Accept-Encoding:
      - gzip, deflate
      CommandName:
      - network traffic-manager profile list
      Connection:
      - keep-alive
      ParameterSetName:
      - -g
      User-Agent:
      - python/3.7.3 (Windows-10-10.0.18362-SP0) msrest/0.6.6 msrest_azure/0.6.0 azure-mgmt-trafficmanager/0.51.0
        Azure-SDK-For-Python AZURECLI/2.0.65
      accept-language:
      - en-US
    method: GET
    uri: https://management.azure.com/subscriptions/00000000-0000-0000-0000-000000000000/resourceGroups/cli_test_traffic_manager000001/providers/Microsoft.Network/trafficmanagerprofiles?api-version=2018-04-01
  response:
    body:
      string: '{"value":[{"id":"\/subscriptions\/c9cbd920-c00c-427c-852b-8aaf38badaeb\/resourceGroups\/cli_test_traffic_manager000001\/providers\/Microsoft.Network\/trafficManagerProfiles\/mytmprofile","name":"mytmprofile","type":"Microsoft.Network\/trafficManagerProfiles","location":"global","tags":{"foo":"boo"},"properties":{"profileStatus":"Enabled","trafficRoutingMethod":"Weighted","dnsConfig":{"relativeName":"mytrafficmanager001100a","fqdn":"mytrafficmanager001100a.trafficmanager.net","ttl":30},"monitorConfig":{"profileMonitorStatus":null,"protocol":"HTTP","port":80,"path":"\/","intervalInSeconds":30,"toleratedNumberOfFailures":3,"timeoutInSeconds":10},"endpoints":[],"trafficViewEnrollmentStatus":"Disabled"}}]}'
    headers:
      cache-control:
      - private
      content-length:
      - '755'
      content-type:
      - application/json; charset=utf-8
      date:
      - Thu, 30 May 2019 18:07:16 GMT
      server:
      - Microsoft-IIS/8.5
      strict-transport-security:
      - max-age=31536000; includeSubDomains
      transfer-encoding:
      - chunked
      vary:
      - Accept-Encoding
      x-aspnet-version:
      - 4.0.30319
      x-content-type-options:
      - nosniff
      x-ms-ratelimit-remaining-subscription-resource-requests:
      - '10799'
      x-powered-by:
      - ASP.NET
    status:
      code: 200
      message: OK
- request:
    body: null
    headers:
      Accept:
      - application/json
      Accept-Encoding:
      - gzip, deflate
      CommandName:
      - network traffic-manager endpoint create
      Connection:
      - keep-alive
      ParameterSetName:
      - -n --profile-name -g --type --weight --target
      User-Agent:
      - python/3.7.3 (Windows-10-10.0.18362-SP0) msrest/0.6.6 msrest_azure/0.6.0 azure-mgmt-trafficmanager/0.51.0
        Azure-SDK-For-Python AZURECLI/2.0.65
      accept-language:
      - en-US
    method: GET
    uri: https://management.azure.com/subscriptions/00000000-0000-0000-0000-000000000000/resourceGroups/cli_test_traffic_manager000001/providers/Microsoft.Network/trafficmanagerprofiles/mytmprofile?api-version=2018-04-01
  response:
    body:
      string: '{"id":"\/subscriptions\/c9cbd920-c00c-427c-852b-8aaf38badaeb\/resourceGroups\/cli_test_traffic_manager000001\/providers\/Microsoft.Network\/trafficManagerProfiles\/mytmprofile","name":"mytmprofile","type":"Microsoft.Network\/trafficManagerProfiles","location":"global","tags":{"foo":"boo"},"properties":{"profileStatus":"Enabled","trafficRoutingMethod":"Weighted","dnsConfig":{"relativeName":"mytrafficmanager001100a","fqdn":"mytrafficmanager001100a.trafficmanager.net","ttl":30},"monitorConfig":{"profileMonitorStatus":"Inactive","protocol":"HTTP","port":80,"path":"\/","intervalInSeconds":30,"toleratedNumberOfFailures":3,"timeoutInSeconds":10},"endpoints":[],"trafficViewEnrollmentStatus":"Disabled"}}'
    headers:
      cache-control:
      - private
      content-length:
      - '749'
      content-type:
      - application/json; charset=utf-8
      date:
      - Thu, 30 May 2019 18:07:18 GMT
      server:
      - Microsoft-IIS/8.5
      strict-transport-security:
      - max-age=31536000; includeSubDomains
      transfer-encoding:
      - chunked
      vary:
      - Accept-Encoding
      x-aspnet-version:
      - 4.0.30319
      x-content-type-options:
      - nosniff
      x-ms-ratelimit-remaining-subscription-resource-requests:
      - '10799'
      x-powered-by:
      - ASP.NET
    status:
      code: 200
      message: OK
- request:
    body: '{"properties": {"target": "www.microsoft.com", "weight": 50}}'
    headers:
      Accept:
      - application/json
      Accept-Encoding:
      - gzip, deflate
      CommandName:
      - network traffic-manager endpoint create
      Connection:
      - keep-alive
      Content-Length:
      - '61'
      Content-Type:
      - application/json; charset=utf-8
      ParameterSetName:
      - -n --profile-name -g --type --weight --target
      User-Agent:
      - python/3.7.3 (Windows-10-10.0.18362-SP0) msrest/0.6.6 msrest_azure/0.6.0 azure-mgmt-trafficmanager/0.51.0
        Azure-SDK-For-Python AZURECLI/2.0.65
      accept-language:
      - en-US
    method: PUT
    uri: https://management.azure.com/subscriptions/00000000-0000-0000-0000-000000000000/resourceGroups/cli_test_traffic_manager000001/providers/Microsoft.Network/trafficmanagerprofiles/mytmprofile/externalEndpoints/myendpoint?api-version=2018-04-01
  response:
    body:
      string: '{"id":"\/subscriptions\/c9cbd920-c00c-427c-852b-8aaf38badaeb\/resourceGroups\/cli_test_traffic_manager000001\/providers\/Microsoft.Network\/trafficManagerProfiles\/mytmprofile\/externalEndpoints\/myendpoint","name":"myendpoint","type":"Microsoft.Network\/trafficManagerProfiles\/externalEndpoints","properties":{"endpointStatus":"Enabled","endpointMonitorStatus":"CheckingEndpoint","target":"www.microsoft.com","weight":50,"priority":1,"endpointLocation":null}}'
    headers:
      cache-control:
      - private
      content-length:
      - '506'
      content-type:
      - application/json; charset=utf-8
      date:
      - Thu, 30 May 2019 18:07:19 GMT
      server:
      - Microsoft-IIS/8.5
      strict-transport-security:
      - max-age=31536000; includeSubDomains
      x-aspnet-version:
      - 4.0.30319
      x-content-type-options:
      - nosniff
      x-ms-ratelimit-remaining-subscription-writes:
      - '1198'
      x-powered-by:
      - ASP.NET
    status:
      code: 201
      message: Created
- request:
    body: null
    headers:
      Accept:
      - application/json
      Accept-Encoding:
      - gzip, deflate
      CommandName:
      - network traffic-manager endpoint update
      Connection:
      - keep-alive
      ParameterSetName:
      - -n --profile-name -g --type --weight --target
      User-Agent:
      - python/3.7.3 (Windows-10-10.0.18362-SP0) msrest/0.6.6 msrest_azure/0.6.0 azure-mgmt-trafficmanager/0.51.0
        Azure-SDK-For-Python AZURECLI/2.0.65
      accept-language:
      - en-US
    method: GET
    uri: https://management.azure.com/subscriptions/00000000-0000-0000-0000-000000000000/resourceGroups/cli_test_traffic_manager000001/providers/Microsoft.Network/trafficmanagerprofiles/mytmprofile/externalEndpoints/myendpoint?api-version=2018-04-01
  response:
    body:
      string: '{"id":"\/subscriptions\/c9cbd920-c00c-427c-852b-8aaf38badaeb\/resourceGroups\/cli_test_traffic_manager000001\/providers\/Microsoft.Network\/trafficManagerProfiles\/mytmprofile\/externalEndpoints\/myendpoint","name":"myendpoint","type":"Microsoft.Network\/trafficManagerProfiles\/externalEndpoints","properties":{"endpointStatus":"Enabled","endpointMonitorStatus":"CheckingEndpoint","target":"www.microsoft.com","weight":50,"priority":1,"endpointLocation":null}}'
    headers:
      cache-control:
      - private
      content-length:
      - '506'
      content-type:
      - application/json; charset=utf-8
      date:
      - Thu, 30 May 2019 18:07:20 GMT
      server:
      - Microsoft-IIS/8.5
      strict-transport-security:
      - max-age=31536000; includeSubDomains
      transfer-encoding:
      - chunked
      vary:
      - Accept-Encoding
      x-aspnet-version:
      - 4.0.30319
      x-content-type-options:
      - nosniff
      x-powered-by:
      - ASP.NET
    status:
      code: 200
      message: OK
- request:
    body: 'b''{"id": "/subscriptions/00000000-0000-0000-0000-000000000000/resourceGroups/cli_test_traffic_manager000001/providers/Microsoft.Network/trafficManagerProfiles/mytmprofile/externalEndpoints/myendpoint",
      "name": "myendpoint", "type": "Microsoft.Network/trafficManagerProfiles/externalEndpoints",
      "properties": {"target": "www.contoso.com", "endpointStatus": "Enabled", "weight":
      25, "priority": 1, "endpointMonitorStatus": "CheckingEndpoint"}}'''
    headers:
      Accept:
      - application/json
      Accept-Encoding:
      - gzip, deflate
      CommandName:
      - network traffic-manager endpoint update
      Connection:
      - keep-alive
      Content-Length:
      - '484'
      Content-Type:
      - application/json; charset=utf-8
      ParameterSetName:
      - -n --profile-name -g --type --weight --target
      User-Agent:
      - python/3.7.3 (Windows-10-10.0.18362-SP0) msrest/0.6.6 msrest_azure/0.6.0 azure-mgmt-trafficmanager/0.51.0
        Azure-SDK-For-Python AZURECLI/2.0.65
      accept-language:
      - en-US
    method: PUT
    uri: https://management.azure.com/subscriptions/00000000-0000-0000-0000-000000000000/resourceGroups/cli_test_traffic_manager000001/providers/Microsoft.Network/trafficmanagerprofiles/mytmprofile/externalEndpoints/myendpoint?api-version=2018-04-01
  response:
    body:
      string: '{"id":"\/subscriptions\/c9cbd920-c00c-427c-852b-8aaf38badaeb\/resourceGroups\/cli_test_traffic_manager000001\/providers\/Microsoft.Network\/trafficManagerProfiles\/mytmprofile\/externalEndpoints\/myendpoint","name":"myendpoint","type":"Microsoft.Network\/trafficManagerProfiles\/externalEndpoints","properties":{"endpointStatus":"Enabled","endpointMonitorStatus":"CheckingEndpoint","target":"www.contoso.com","weight":25,"priority":1,"endpointLocation":null}}'
    headers:
      cache-control:
      - private
      content-length:
      - '504'
      content-type:
      - application/json; charset=utf-8
      date:
      - Thu, 30 May 2019 18:07:21 GMT
      server:
      - Microsoft-IIS/8.5
      strict-transport-security:
      - max-age=31536000; includeSubDomains
      x-aspnet-version:
      - 4.0.30319
      x-content-type-options:
      - nosniff
      x-ms-ratelimit-remaining-subscription-writes:
      - '1195'
      x-powered-by:
      - ASP.NET
    status:
      code: 201
      message: Created
- request:
    body: null
    headers:
      Accept:
      - application/json
      Accept-Encoding:
      - gzip, deflate
      CommandName:
      - network traffic-manager endpoint show
      Connection:
      - keep-alive
      ParameterSetName:
      - -g --profile-name -t -n
      User-Agent:
      - python/3.7.3 (Windows-10-10.0.18362-SP0) msrest/0.6.6 msrest_azure/0.6.0 azure-mgmt-trafficmanager/0.51.0
        Azure-SDK-For-Python AZURECLI/2.0.65
      accept-language:
      - en-US
    method: GET
    uri: https://management.azure.com/subscriptions/00000000-0000-0000-0000-000000000000/resourceGroups/cli_test_traffic_manager000001/providers/Microsoft.Network/trafficmanagerprofiles/mytmprofile/externalEndpoints/myendpoint?api-version=2018-04-01
  response:
    body:
      string: '{"id":"\/subscriptions\/c9cbd920-c00c-427c-852b-8aaf38badaeb\/resourceGroups\/cli_test_traffic_manager000001\/providers\/Microsoft.Network\/trafficManagerProfiles\/mytmprofile\/externalEndpoints\/myendpoint","name":"myendpoint","type":"Microsoft.Network\/trafficManagerProfiles\/externalEndpoints","properties":{"endpointStatus":"Enabled","endpointMonitorStatus":"CheckingEndpoint","target":"www.contoso.com","weight":25,"priority":1,"endpointLocation":null}}'
    headers:
      cache-control:
      - private
      content-length:
      - '504'
      content-type:
      - application/json; charset=utf-8
      date:
      - Thu, 30 May 2019 18:07:22 GMT
      server:
      - Microsoft-IIS/8.5
      strict-transport-security:
      - max-age=31536000; includeSubDomains
      transfer-encoding:
      - chunked
      vary:
      - Accept-Encoding
      x-aspnet-version:
      - 4.0.30319
      x-content-type-options:
      - nosniff
      x-powered-by:
      - ASP.NET
    status:
      code: 200
      message: OK
- request:
    body: null
    headers:
      Accept:
      - application/json
      Accept-Encoding:
      - gzip, deflate
      CommandName:
      - network traffic-manager endpoint list
      Connection:
      - keep-alive
      ParameterSetName:
      - -g --profile-name -t
      User-Agent:
      - python/3.7.3 (Windows-10-10.0.18362-SP0) msrest/0.6.6 msrest_azure/0.6.0 azure-mgmt-trafficmanager/0.51.0
        Azure-SDK-For-Python AZURECLI/2.0.65
      accept-language:
      - en-US
    method: GET
    uri: https://management.azure.com/subscriptions/00000000-0000-0000-0000-000000000000/resourceGroups/cli_test_traffic_manager000001/providers/Microsoft.Network/trafficmanagerprofiles/mytmprofile?api-version=2018-04-01
  response:
    body:
      string: '{"id":"\/subscriptions\/c9cbd920-c00c-427c-852b-8aaf38badaeb\/resourceGroups\/cli_test_traffic_manager000001\/providers\/Microsoft.Network\/trafficManagerProfiles\/mytmprofile","name":"mytmprofile","type":"Microsoft.Network\/trafficManagerProfiles","location":"global","tags":{"foo":"boo"},"properties":{"profileStatus":"Enabled","trafficRoutingMethod":"Weighted","dnsConfig":{"relativeName":"mytrafficmanager001100a","fqdn":"mytrafficmanager001100a.trafficmanager.net","ttl":30},"monitorConfig":{"profileMonitorStatus":"CheckingEndpoints","protocol":"HTTP","port":80,"path":"\/","intervalInSeconds":30,"toleratedNumberOfFailures":3,"timeoutInSeconds":10},"endpoints":[{"id":"\/subscriptions\/c9cbd920-c00c-427c-852b-8aaf38badaeb\/resourceGroups\/cli_test_traffic_manager000001\/providers\/Microsoft.Network\/trafficManagerProfiles\/mytmprofile\/externalEndpoints\/myendpoint","name":"myendpoint","type":"Microsoft.Network\/trafficManagerProfiles\/externalEndpoints","properties":{"endpointStatus":"Enabled","endpointMonitorStatus":"CheckingEndpoint","target":"www.contoso.com","weight":25,"priority":1,"endpointLocation":null}}],"trafficViewEnrollmentStatus":"Disabled"}}'
    headers:
      cache-control:
      - private
      content-length:
      - '1262'
      content-type:
      - application/json; charset=utf-8
      date:
      - Thu, 30 May 2019 18:07:23 GMT
      server:
      - Microsoft-IIS/8.5
      strict-transport-security:
      - max-age=31536000; includeSubDomains
      transfer-encoding:
      - chunked
      vary:
      - Accept-Encoding
      x-aspnet-version:
      - 4.0.30319
      x-content-type-options:
      - nosniff
      x-ms-ratelimit-remaining-subscription-resource-requests:
      - '10799'
      x-powered-by:
      - ASP.NET
    status:
      code: 200
      message: OK
- request:
    body: null
    headers:
      Accept:
      - application/json
      Accept-Encoding:
      - gzip, deflate
      CommandName:
      - network traffic-manager profile update
      Connection:
      - keep-alive
      ParameterSetName:
      - -n -g
      User-Agent:
      - python/3.7.3 (Windows-10-10.0.18362-SP0) msrest/0.6.6 msrest_azure/0.6.0 azure-mgmt-trafficmanager/0.51.0
        Azure-SDK-For-Python AZURECLI/2.0.65
      accept-language:
      - en-US
    method: GET
    uri: https://management.azure.com/subscriptions/00000000-0000-0000-0000-000000000000/resourceGroups/cli_test_traffic_manager000001/providers/Microsoft.Network/trafficmanagerprofiles/mytmprofile?api-version=2018-04-01
  response:
    body:
      string: '{"id":"\/subscriptions\/c9cbd920-c00c-427c-852b-8aaf38badaeb\/resourceGroups\/cli_test_traffic_manager000001\/providers\/Microsoft.Network\/trafficManagerProfiles\/mytmprofile","name":"mytmprofile","type":"Microsoft.Network\/trafficManagerProfiles","location":"global","tags":{"foo":"boo"},"properties":{"profileStatus":"Enabled","trafficRoutingMethod":"Weighted","dnsConfig":{"relativeName":"mytrafficmanager001100a","fqdn":"mytrafficmanager001100a.trafficmanager.net","ttl":30},"monitorConfig":{"profileMonitorStatus":"CheckingEndpoints","protocol":"HTTP","port":80,"path":"\/","intervalInSeconds":30,"toleratedNumberOfFailures":3,"timeoutInSeconds":10},"endpoints":[{"id":"\/subscriptions\/c9cbd920-c00c-427c-852b-8aaf38badaeb\/resourceGroups\/cli_test_traffic_manager000001\/providers\/Microsoft.Network\/trafficManagerProfiles\/mytmprofile\/externalEndpoints\/myendpoint","name":"myendpoint","type":"Microsoft.Network\/trafficManagerProfiles\/externalEndpoints","properties":{"endpointStatus":"Enabled","endpointMonitorStatus":"CheckingEndpoint","target":"www.contoso.com","weight":25,"priority":1,"endpointLocation":null}}],"trafficViewEnrollmentStatus":"Disabled"}}'
    headers:
      cache-control:
      - private
      content-length:
      - '1262'
      content-type:
      - application/json; charset=utf-8
      date:
      - Thu, 30 May 2019 18:07:24 GMT
      server:
      - Microsoft-IIS/8.5
      strict-transport-security:
      - max-age=31536000; includeSubDomains
      transfer-encoding:
      - chunked
      vary:
      - Accept-Encoding
      x-aspnet-version:
      - 4.0.30319
      x-content-type-options:
      - nosniff
      x-ms-ratelimit-remaining-subscription-resource-requests:
      - '10799'
      x-powered-by:
      - ASP.NET
    status:
      code: 200
      message: OK
- request:
    body: 'b''{"id": "/subscriptions/00000000-0000-0000-0000-000000000000/resourceGroups/cli_test_traffic_manager000001/providers/Microsoft.Network/trafficManagerProfiles/mytmprofile",
      "name": "mytmprofile", "type": "Microsoft.Network/trafficManagerProfiles", "tags":
      {"foo": "boo"}, "location": "global", "properties": {"profileStatus": "Enabled",
      "trafficRoutingMethod": "Weighted", "dnsConfig": {"relativeName": "mytrafficmanager001100a",
      "ttl": 30}, "monitorConfig": {"profileMonitorStatus": "CheckingEndpoints", "protocol":
      "HTTP", "port": 80, "path": "/", "intervalInSeconds": 30, "timeoutInSeconds":
      10, "toleratedNumberOfFailures": 3}, "endpoints": [{"id": "/subscriptions/00000000-0000-0000-0000-000000000000/resourceGroups/cli_test_traffic_manager000001/providers/Microsoft.Network/trafficManagerProfiles/mytmprofile/externalEndpoints/myendpoint",
      "name": "myendpoint", "type": "Microsoft.Network/trafficManagerProfiles/externalEndpoints",
      "properties": {"target": "www.contoso.com", "endpointStatus": "Enabled", "weight":
      25, "priority": 1, "endpointMonitorStatus": "CheckingEndpoint"}}], "trafficViewEnrollmentStatus":
      "Disabled"}}'''
    headers:
      Accept:
      - application/json
      Accept-Encoding:
      - gzip, deflate
      CommandName:
      - network traffic-manager profile update
      Connection:
      - keep-alive
      Content-Length:
      - '1219'
      Content-Type:
      - application/json; charset=utf-8
      ParameterSetName:
      - -n -g
      User-Agent:
      - python/3.7.3 (Windows-10-10.0.18362-SP0) msrest/0.6.6 msrest_azure/0.6.0 azure-mgmt-trafficmanager/0.51.0
        Azure-SDK-For-Python AZURECLI/2.0.65
      accept-language:
      - en-US
    method: PUT
    uri: https://management.azure.com/subscriptions/00000000-0000-0000-0000-000000000000/resourceGroups/cli_test_traffic_manager000001/providers/Microsoft.Network/trafficmanagerprofiles/mytmprofile?api-version=2018-04-01
  response:
    body:
      string: '{"id":"\/subscriptions\/c9cbd920-c00c-427c-852b-8aaf38badaeb\/resourceGroups\/cli_test_traffic_manager000001\/providers\/Microsoft.Network\/trafficManagerProfiles\/mytmprofile","name":"mytmprofile","type":"Microsoft.Network\/trafficManagerProfiles","location":"global","tags":{"foo":"boo"},"properties":{"profileStatus":"Enabled","trafficRoutingMethod":"Weighted","dnsConfig":{"relativeName":"mytrafficmanager001100a","fqdn":"mytrafficmanager001100a.trafficmanager.net","ttl":30},"monitorConfig":{"profileMonitorStatus":"CheckingEndpoints","protocol":"HTTP","port":80,"path":"\/","intervalInSeconds":30,"toleratedNumberOfFailures":3,"timeoutInSeconds":10},"endpoints":[{"id":"\/subscriptions\/c9cbd920-c00c-427c-852b-8aaf38badaeb\/resourceGroups\/cli_test_traffic_manager000001\/providers\/Microsoft.Network\/trafficManagerProfiles\/mytmprofile\/externalEndpoints\/myendpoint","name":"myendpoint","type":"Microsoft.Network\/trafficManagerProfiles\/externalEndpoints","properties":{"endpointStatus":"Enabled","endpointMonitorStatus":"CheckingEndpoint","target":"www.contoso.com","weight":25,"priority":1,"endpointLocation":null}}],"trafficViewEnrollmentStatus":"Disabled"}}'
    headers:
      cache-control:
      - private
      content-length:
      - '1262'
      content-type:
      - application/json; charset=utf-8
      date:
      - Thu, 30 May 2019 18:07:26 GMT
      server:
      - Microsoft-IIS/8.5
      strict-transport-security:
      - max-age=31536000; includeSubDomains
      transfer-encoding:
      - chunked
      vary:
      - Accept-Encoding
      x-aspnet-version:
      - 4.0.30319
      x-content-type-options:
      - nosniff
      x-ms-ratelimit-remaining-subscription-resource-requests:
      - '10799'
      x-powered-by:
      - ASP.NET
    status:
      code: 200
      message: OK
- request:
    body: null
    headers:
      Accept:
      - application/json
      Accept-Encoding:
      - gzip, deflate
      CommandName:
      - network traffic-manager endpoint delete
      Connection:
      - keep-alive
      Content-Length:
      - '0'
      ParameterSetName:
      - -g --profile-name -t -n
      User-Agent:
      - python/3.7.3 (Windows-10-10.0.18362-SP0) msrest/0.6.6 msrest_azure/0.6.0 azure-mgmt-trafficmanager/0.51.0
        Azure-SDK-For-Python AZURECLI/2.0.65
      accept-language:
      - en-US
    method: DELETE
    uri: https://management.azure.com/subscriptions/00000000-0000-0000-0000-000000000000/resourceGroups/cli_test_traffic_manager000001/providers/Microsoft.Network/trafficmanagerprofiles/mytmprofile/externalEndpoints/myendpoint?api-version=2018-04-01
  response:
    body:
      string: ''
    headers:
      cache-control:
      - private
      content-length:
      - '0'
      date:
      - Thu, 30 May 2019 18:07:27 GMT
      server:
      - Microsoft-IIS/8.5
      strict-transport-security:
      - max-age=31536000; includeSubDomains
      x-aspnet-version:
      - 4.0.30319
      x-content-type-options:
      - nosniff
      x-ms-ratelimit-remaining-subscription-deletes:
      - '14999'
      x-powered-by:
      - ASP.NET
    status:
      code: 200
      message: OK
- request:
    body: null
    headers:
      Accept:
      - application/json
      Accept-Encoding:
      - gzip, deflate
      CommandName:
      - network traffic-manager endpoint list
      Connection:
      - keep-alive
      ParameterSetName:
      - -g --profile-name -t
      User-Agent:
      - python/3.7.3 (Windows-10-10.0.18362-SP0) msrest/0.6.6 msrest_azure/0.6.0 azure-mgmt-trafficmanager/0.51.0
        Azure-SDK-For-Python AZURECLI/2.0.65
      accept-language:
      - en-US
    method: GET
    uri: https://management.azure.com/subscriptions/00000000-0000-0000-0000-000000000000/resourceGroups/cli_test_traffic_manager000001/providers/Microsoft.Network/trafficmanagerprofiles/mytmprofile?api-version=2018-04-01
  response:
    body:
      string: '{"id":"\/subscriptions\/c9cbd920-c00c-427c-852b-8aaf38badaeb\/resourceGroups\/cli_test_traffic_manager000001\/providers\/Microsoft.Network\/trafficManagerProfiles\/mytmprofile","name":"mytmprofile","type":"Microsoft.Network\/trafficManagerProfiles","location":"global","tags":{"foo":"boo"},"properties":{"profileStatus":"Enabled","trafficRoutingMethod":"Weighted","dnsConfig":{"relativeName":"mytrafficmanager001100a","fqdn":"mytrafficmanager001100a.trafficmanager.net","ttl":30},"monitorConfig":{"profileMonitorStatus":"Inactive","protocol":"HTTP","port":80,"path":"\/","intervalInSeconds":30,"toleratedNumberOfFailures":3,"timeoutInSeconds":10},"endpoints":[],"trafficViewEnrollmentStatus":"Disabled"}}'
    headers:
      cache-control:
      - private
      content-length:
      - '749'
      content-type:
      - application/json; charset=utf-8
      date:
      - Thu, 30 May 2019 18:07:29 GMT
      server:
      - Microsoft-IIS/8.5
      strict-transport-security:
      - max-age=31536000; includeSubDomains
      transfer-encoding:
      - chunked
      vary:
      - Accept-Encoding
      x-aspnet-version:
      - 4.0.30319
      x-content-type-options:
      - nosniff
      x-ms-ratelimit-remaining-subscription-resource-requests:
      - '10799'
      x-powered-by:
      - ASP.NET
    status:
      code: 200
      message: OK
- request:
    body: null
    headers:
      Accept:
      - application/json
      Accept-Encoding:
      - gzip, deflate
      CommandName:
      - network traffic-manager profile delete
      Connection:
      - keep-alive
      Content-Length:
      - '0'
      ParameterSetName:
      - -g -n
      User-Agent:
      - python/3.7.3 (Windows-10-10.0.18362-SP0) msrest/0.6.6 msrest_azure/0.6.0 azure-mgmt-trafficmanager/0.51.0
        Azure-SDK-For-Python AZURECLI/2.0.65
      accept-language:
      - en-US
    method: DELETE
    uri: https://management.azure.com/subscriptions/00000000-0000-0000-0000-000000000000/resourceGroups/cli_test_traffic_manager000001/providers/Microsoft.Network/trafficmanagerprofiles/mytmprofile?api-version=2018-04-01
  response:
    body:
      string: ''
    headers:
      cache-control:
      - private
      content-length:
      - '0'
      date:
      - Thu, 30 May 2019 18:07:32 GMT
      server:
      - Microsoft-IIS/8.5
      strict-transport-security:
      - max-age=31536000; includeSubDomains
      x-aspnet-version:
      - 4.0.30319
      x-content-type-options:
      - nosniff
      x-ms-ratelimit-remaining-subscription-resource-requests:
      - '10799'
      x-powered-by:
      - ASP.NET
    status:
      code: 200
      message: OK
- request:
    body: null
    headers:
      Accept:
      - application/json
      Accept-Encoding:
      - gzip, deflate
      CommandName:
      - group delete
      Connection:
      - keep-alive
      Content-Length:
      - '0'
      ParameterSetName:
      - --name --yes --no-wait
      User-Agent:
      - python/3.7.3 (Windows-10-10.0.18362-SP0) msrest/0.6.6 msrest_azure/0.6.0 resourcemanagementclient/2.1.0
        Azure-SDK-For-Python AZURECLI/2.0.65
      accept-language:
      - en-US
    method: DELETE
    uri: https://management.azure.com/subscriptions/00000000-0000-0000-0000-000000000000/resourcegroups/cli_test_traffic_manager000001?api-version=2019-07-01
  response:
    body:
      string: ''
    headers:
      cache-control:
      - no-cache
      content-length:
      - '0'
      date:
      - Thu, 30 May 2019 18:07:34 GMT
      expires:
      - '-1'
      location:
      - https://management.azure.com/subscriptions/00000000-0000-0000-0000-000000000000/operationresults/eyJqb2JJZCI6IlJFU09VUkNFR1JPVVBERUxFVElPTkpPQi1DTEk6NUZURVNUOjVGVFJBRkZJQzo1Rk1BTkFHRVJRWlVBSEtNVU01UUhEWk5JUnwwNjkyREFBREZBMjRDRUYwLVdFU1RVUyIsImpvYkxvY2F0aW9uIjoid2VzdHVzIn0?api-version=2019-07-01
      pragma:
      - no-cache
      strict-transport-security:
      - max-age=31536000; includeSubDomains
      x-content-type-options:
      - nosniff
      x-ms-ratelimit-remaining-subscription-deletes:
      - '14999'
    status:
      code: 202
      message: Accepted
version: 1
