interactions:
- request:
    body: null
    headers:
      Accept:
      - application/json
      Accept-Encoding:
      - gzip, deflate
      CommandName:
      - network express-route create
      Connection:
      - keep-alive
      ParameterSetName:
      - -g -n --bandwidth --provider --peering-location --sku-tier
      User-Agent:
      - AZURECLI/2.39.0 (PIP) azsdk-python-azure-mgmt-resource/21.1.0b1 Python/3.8.10
        (Windows-10-10.0.19044-SP0)
    method: GET
    uri: https://management.azure.com/subscriptions/00000000-0000-0000-0000-000000000000/resourcegroups/cli_test_express_route_ipv6_peering000001?api-version=2022-09-01
  response:
    body:
      string: '{"id":"/subscriptions/00000000-0000-0000-0000-000000000000/resourceGroups/cli_test_express_route_ipv6_peering000001","name":"cli_test_express_route_ipv6_peering000001","type":"Microsoft.Resources/resourceGroups","location":"westus","tags":{"product":"azurecli","cause":"automation","date":"2022-08-30T03:05:43Z"},"properties":{"provisioningState":"Succeeded"}}'
    headers:
      cache-control:
      - no-cache
      content-length:
      - '360'
      content-type:
      - application/json; charset=utf-8
      date:
      - Tue, 30 Aug 2022 03:05:47 GMT
      expires:
      - '-1'
      pragma:
      - no-cache
      strict-transport-security:
      - max-age=31536000; includeSubDomains
      vary:
      - Accept-Encoding
      x-content-type-options:
      - nosniff
    status:
      code: 200
      message: OK
- request:
    body: '{"location": "westus", "sku": {"name": "Premium_MeteredData", "tier": "Premium",
      "family": "MeteredData"}, "properties": {"serviceProviderProperties": {"serviceProviderName":
      "Ibiza Test Provider", "peeringLocation": "Area51", "bandwidthInMbps": 50}}}'
    headers:
      Accept:
      - application/json
      Accept-Encoding:
      - gzip, deflate
      CommandName:
      - network express-route create
      Connection:
      - keep-alive
      Content-Length:
      - '251'
      Content-Type:
      - application/json
      ParameterSetName:
      - -g -n --bandwidth --provider --peering-location --sku-tier
      User-Agent:
      - AZURECLI/2.39.0 (PIP) azsdk-python-azure-mgmt-network/21.0.1 Python/3.8.10
        (Windows-10-10.0.19044-SP0)
    method: PUT
    uri: https://management.azure.com/subscriptions/00000000-0000-0000-0000-000000000000/resourceGroups/cli_test_express_route_ipv6_peering000001/providers/Microsoft.Network/expressRouteCircuits/circuit1?api-version=2022-01-01
  response:
    body:
      string: "{\r\n  \"name\": \"circuit1\",\r\n  \"id\": \"/subscriptions/00000000-0000-0000-0000-000000000000/resourceGroups/cli_test_express_route_ipv6_peering000001/providers/Microsoft.Network/expressRouteCircuits/circuit1\",\r\n
        \ \"etag\": \"W/\\\"9925e0fd-c384-47ff-aae7-ea71b92722f3\\\"\",\r\n  \"type\":
        \"Microsoft.Network/expressRouteCircuits\",\r\n  \"location\": \"westus\",\r\n
        \ \"properties\": {\r\n    \"provisioningState\": \"Updating\",\r\n    \"resourceGuid\":
        \"f072d199-1801-404d-8001-554143b2c804\",\r\n    \"peerings\": [],\r\n    \"authorizations\":
        [],\r\n    \"serviceProviderProperties\": {\r\n      \"serviceProviderName\":
        \"Ibiza Test Provider\",\r\n      \"peeringLocation\": \"Area51\",\r\n      \"bandwidthInMbps\":
        50\r\n    },\r\n    \"circuitProvisioningState\": \"Disabled\",\r\n    \"allowClassicOperations\":
        false,\r\n    \"serviceKey\": \"00000000-0000-0000-0000-000000000000\",\r\n
        \   \"serviceProviderProvisioningState\": \"NotProvisioned\",\r\n    \"allowGlobalReach\":
        false,\r\n    \"globalReachEnabled\": false\r\n  },\r\n  \"sku\": {\r\n    \"name\":
        \"Premium_MeteredData\",\r\n    \"tier\": \"Premium\",\r\n    \"family\":
        \"MeteredData\"\r\n  }\r\n}"
    headers:
      azure-asyncnotification:
      - Enabled
      azure-asyncoperation:
      - https://management.azure.com/subscriptions/00000000-0000-0000-0000-000000000000/providers/Microsoft.Network/locations/westus/operations/66560c5e-d0c4-4021-8645-b446e5e2b0e4?api-version=2022-01-01
      cache-control:
      - no-cache
      content-length:
      - '1047'
      content-type:
      - application/json; charset=utf-8
      date:
      - Tue, 30 Aug 2022 03:05:53 GMT
      expires:
      - '-1'
      pragma:
      - no-cache
      server:
      - Microsoft-HTTPAPI/2.0
      - Microsoft-HTTPAPI/2.0
      strict-transport-security:
      - max-age=31536000; includeSubDomains
      x-content-type-options:
      - nosniff
      x-ms-arm-service-request-id:
      - 0db2a3a3-5a2f-4aa3-a4dc-7319d7693135
      x-ms-ratelimit-remaining-subscription-writes:
      - '1198'
    status:
      code: 201
      message: Created
- request:
    body: null
    headers:
      Accept:
      - '*/*'
      Accept-Encoding:
      - gzip, deflate
      CommandName:
      - network express-route create
      Connection:
      - keep-alive
      ParameterSetName:
      - -g -n --bandwidth --provider --peering-location --sku-tier
      User-Agent:
      - AZURECLI/2.39.0 (PIP) azsdk-python-azure-mgmt-network/21.0.1 Python/3.8.10
        (Windows-10-10.0.19044-SP0)
    method: GET
    uri: https://management.azure.com/subscriptions/00000000-0000-0000-0000-000000000000/providers/Microsoft.Network/locations/westus/operations/66560c5e-d0c4-4021-8645-b446e5e2b0e4?api-version=2022-01-01
  response:
    body:
      string: "{\r\n  \"status\": \"InProgress\"\r\n}"
    headers:
      cache-control:
      - no-cache
      content-length:
      - '30'
      content-type:
      - application/json; charset=utf-8
      date:
      - Tue, 30 Aug 2022 03:06:04 GMT
      expires:
      - '-1'
      pragma:
      - no-cache
      server:
      - Microsoft-HTTPAPI/2.0
      - Microsoft-HTTPAPI/2.0
      strict-transport-security:
      - max-age=31536000; includeSubDomains
      transfer-encoding:
      - chunked
      vary:
      - Accept-Encoding
      x-content-type-options:
      - nosniff
      x-ms-arm-service-request-id:
      - 26a6ded1-1570-4a75-bd19-6a2546dd694d
    status:
      code: 200
      message: OK
- request:
    body: null
    headers:
      Accept:
      - '*/*'
      Accept-Encoding:
      - gzip, deflate
      CommandName:
      - network express-route create
      Connection:
      - keep-alive
      ParameterSetName:
      - -g -n --bandwidth --provider --peering-location --sku-tier
      User-Agent:
      - AZURECLI/2.39.0 (PIP) azsdk-python-azure-mgmt-network/21.0.1 Python/3.8.10
        (Windows-10-10.0.19044-SP0)
    method: GET
    uri: https://management.azure.com/subscriptions/00000000-0000-0000-0000-000000000000/providers/Microsoft.Network/locations/westus/operations/66560c5e-d0c4-4021-8645-b446e5e2b0e4?api-version=2022-01-01
  response:
    body:
      string: "{\r\n  \"status\": \"InProgress\"\r\n}"
    headers:
      cache-control:
      - no-cache
      content-length:
      - '30'
      content-type:
      - application/json; charset=utf-8
      date:
      - Tue, 30 Aug 2022 03:06:14 GMT
      expires:
      - '-1'
      pragma:
      - no-cache
      server:
      - Microsoft-HTTPAPI/2.0
      - Microsoft-HTTPAPI/2.0
      strict-transport-security:
      - max-age=31536000; includeSubDomains
      transfer-encoding:
      - chunked
      vary:
      - Accept-Encoding
      x-content-type-options:
      - nosniff
      x-ms-arm-service-request-id:
      - 3016b8ce-d6cf-49fb-b9e4-582ff83a66c8
    status:
      code: 200
      message: OK
- request:
    body: null
    headers:
      Accept:
      - '*/*'
      Accept-Encoding:
      - gzip, deflate
      CommandName:
      - network express-route create
      Connection:
      - keep-alive
      ParameterSetName:
      - -g -n --bandwidth --provider --peering-location --sku-tier
      User-Agent:
      - AZURECLI/2.39.0 (PIP) azsdk-python-azure-mgmt-network/21.0.1 Python/3.8.10
        (Windows-10-10.0.19044-SP0)
    method: GET
    uri: https://management.azure.com/subscriptions/00000000-0000-0000-0000-000000000000/providers/Microsoft.Network/locations/westus/operations/66560c5e-d0c4-4021-8645-b446e5e2b0e4?api-version=2022-01-01
  response:
    body:
      string: "{\r\n  \"status\": \"InProgress\"\r\n}"
    headers:
      cache-control:
      - no-cache
      content-length:
      - '30'
      content-type:
      - application/json; charset=utf-8
      date:
      - Tue, 30 Aug 2022 03:06:35 GMT
      expires:
      - '-1'
      pragma:
      - no-cache
      server:
      - Microsoft-HTTPAPI/2.0
      - Microsoft-HTTPAPI/2.0
      strict-transport-security:
      - max-age=31536000; includeSubDomains
      transfer-encoding:
      - chunked
      vary:
      - Accept-Encoding
      x-content-type-options:
      - nosniff
      x-ms-arm-service-request-id:
      - 7bd46891-a971-43c5-aa38-5a0471e21e37
    status:
      code: 200
      message: OK
- request:
    body: null
    headers:
      Accept:
      - '*/*'
      Accept-Encoding:
      - gzip, deflate
      CommandName:
      - network express-route create
      Connection:
      - keep-alive
      ParameterSetName:
      - -g -n --bandwidth --provider --peering-location --sku-tier
      User-Agent:
      - AZURECLI/2.39.0 (PIP) azsdk-python-azure-mgmt-network/21.0.1 Python/3.8.10
        (Windows-10-10.0.19044-SP0)
    method: GET
    uri: https://management.azure.com/subscriptions/00000000-0000-0000-0000-000000000000/providers/Microsoft.Network/locations/westus/operations/66560c5e-d0c4-4021-8645-b446e5e2b0e4?api-version=2022-01-01
  response:
    body:
      string: "{\r\n  \"status\": \"InProgress\"\r\n}"
    headers:
      cache-control:
      - no-cache
      content-length:
      - '30'
      content-type:
      - application/json; charset=utf-8
      date:
      - Tue, 30 Aug 2022 03:06:55 GMT
      expires:
      - '-1'
      pragma:
      - no-cache
      server:
      - Microsoft-HTTPAPI/2.0
      - Microsoft-HTTPAPI/2.0
      strict-transport-security:
      - max-age=31536000; includeSubDomains
      transfer-encoding:
      - chunked
      vary:
      - Accept-Encoding
      x-content-type-options:
      - nosniff
      x-ms-arm-service-request-id:
      - 72262532-8bd7-477e-9e0e-91c22efe2979
    status:
      code: 200
      message: OK
- request:
    body: null
    headers:
      Accept:
      - '*/*'
      Accept-Encoding:
      - gzip, deflate
      CommandName:
      - network express-route create
      Connection:
      - keep-alive
      ParameterSetName:
      - -g -n --bandwidth --provider --peering-location --sku-tier
      User-Agent:
      - AZURECLI/2.39.0 (PIP) azsdk-python-azure-mgmt-network/21.0.1 Python/3.8.10
        (Windows-10-10.0.19044-SP0)
    method: GET
    uri: https://management.azure.com/subscriptions/00000000-0000-0000-0000-000000000000/providers/Microsoft.Network/locations/westus/operations/66560c5e-d0c4-4021-8645-b446e5e2b0e4?api-version=2022-01-01
  response:
    body:
      string: "{\r\n  \"status\": \"Succeeded\"\r\n}"
    headers:
      cache-control:
      - no-cache
      content-length:
      - '29'
      content-type:
      - application/json; charset=utf-8
      date:
      - Tue, 30 Aug 2022 03:07:36 GMT
      expires:
      - '-1'
      pragma:
      - no-cache
      server:
      - Microsoft-HTTPAPI/2.0
      - Microsoft-HTTPAPI/2.0
      strict-transport-security:
      - max-age=31536000; includeSubDomains
      transfer-encoding:
      - chunked
      vary:
      - Accept-Encoding
      x-content-type-options:
      - nosniff
      x-ms-arm-service-request-id:
      - 12774d65-bcef-4756-8ca8-736e9769191e
    status:
      code: 200
      message: OK
- request:
    body: null
    headers:
      Accept:
      - '*/*'
      Accept-Encoding:
      - gzip, deflate
      CommandName:
      - network express-route create
      Connection:
      - keep-alive
      ParameterSetName:
      - -g -n --bandwidth --provider --peering-location --sku-tier
      User-Agent:
      - AZURECLI/2.39.0 (PIP) azsdk-python-azure-mgmt-network/21.0.1 Python/3.8.10
        (Windows-10-10.0.19044-SP0)
    method: GET
    uri: https://management.azure.com/subscriptions/00000000-0000-0000-0000-000000000000/resourceGroups/cli_test_express_route_ipv6_peering000001/providers/Microsoft.Network/expressRouteCircuits/circuit1?api-version=2022-01-01
  response:
    body:
      string: "{\r\n  \"name\": \"circuit1\",\r\n  \"id\": \"/subscriptions/00000000-0000-0000-0000-000000000000/resourceGroups/cli_test_express_route_ipv6_peering000001/providers/Microsoft.Network/expressRouteCircuits/circuit1\",\r\n
        \ \"etag\": \"W/\\\"2cc5464b-c08b-40d0-baec-a2061bfb50e4\\\"\",\r\n  \"type\":
        \"Microsoft.Network/expressRouteCircuits\",\r\n  \"location\": \"westus\",\r\n
        \ \"properties\": {\r\n    \"provisioningState\": \"Succeeded\",\r\n    \"resourceGuid\":
        \"f072d199-1801-404d-8001-554143b2c804\",\r\n    \"peerings\": [],\r\n    \"authorizations\":
        [],\r\n    \"serviceProviderProperties\": {\r\n      \"serviceProviderName\":
        \"Ibiza Test Provider\",\r\n      \"peeringLocation\": \"Area51\",\r\n      \"bandwidthInMbps\":
        50\r\n    },\r\n    \"circuitProvisioningState\": \"Enabled\",\r\n    \"allowClassicOperations\":
        false,\r\n    \"gatewayManagerEtag\": \"\",\r\n    \"serviceKey\": \"9310d333-9dfc-49cf-bfbd-194b1efe383a\",\r\n
        \   \"serviceProviderProvisioningState\": \"NotProvisioned\",\r\n    \"allowGlobalReach\":
        false,\r\n    \"globalReachEnabled\": false,\r\n    \"stag\": 4\r\n  },\r\n
        \ \"sku\": {\r\n    \"name\": \"Premium_MeteredData\",\r\n    \"tier\": \"Premium\",\r\n
        \   \"family\": \"MeteredData\"\r\n  }\r\n}"
    headers:
      cache-control:
      - no-cache
      content-length:
      - '1094'
      content-type:
      - application/json; charset=utf-8
      date:
      - Tue, 30 Aug 2022 03:07:37 GMT
      expires:
      - '-1'
      pragma:
      - no-cache
      server:
      - Microsoft-HTTPAPI/2.0
      - Microsoft-HTTPAPI/2.0
      strict-transport-security:
      - max-age=31536000; includeSubDomains
      transfer-encoding:
      - chunked
      vary:
      - Accept-Encoding
      x-content-type-options:
      - nosniff
      x-ms-arm-service-request-id:
      - ef63bae5-a6fb-4079-bd85-f503b1cd802c
    status:
      code: 200
      message: OK
- request:
    body: '{"properties": {"peeringType": "MicrosoftPeering", "peerASN": 10002, "primaryPeerAddressPrefix":
      "104.0.0.0/30", "secondaryPeerAddressPrefix": "105.0.0.0/30", "vlanId": 103,
      "microsoftPeeringConfig": {"advertisedPublicPrefixes": ["104.0.0.0/30"], "customerASN":
      10000, "routingRegistryName": "LEVEL3"}}}'
    headers:
      Accept:
      - application/json
      Accept-Encoding:
      - gzip, deflate
      CommandName:
      - network express-route peering create
      Connection:
      - keep-alive
      Content-Length:
      - '303'
      Content-Type:
      - application/json
      ParameterSetName:
      - -g --circuit-name --peering-type --peer-asn --vlan-id --primary-peer-subnet
        --secondary-peer-subnet --advertised-public-prefixes --customer-asn --routing-registry-name
      User-Agent:
      - AZURECLI/2.39.0 (PIP) azsdk-python-azure-mgmt-network/21.0.1 Python/3.8.10
        (Windows-10-10.0.19044-SP0)
    method: PUT
    uri: https://management.azure.com/subscriptions/00000000-0000-0000-0000-000000000000/resourceGroups/cli_test_express_route_ipv6_peering000001/providers/Microsoft.Network/expressRouteCircuits/circuit1/peerings/MicrosoftPeering?api-version=2022-01-01
  response:
    body:
      string: "{\r\n  \"name\": \"MicrosoftPeering\",\r\n  \"id\": \"/subscriptions/00000000-0000-0000-0000-000000000000/resourceGroups/cli_test_express_route_ipv6_peering000001/providers/Microsoft.Network/expressRouteCircuits/circuit1/peerings/MicrosoftPeering\",\r\n
        \ \"etag\": \"W/\\\"57e48d65-49d4-4d0c-b39d-4e66b9233e49\\\"\",\r\n  \"properties\":
        {\r\n    \"provisioningState\": \"Updating\",\r\n    \"peeringType\": \"MicrosoftPeering\",\r\n
        \   \"azureASN\": 0,\r\n    \"peerASN\": 10002,\r\n    \"primaryPeerAddressPrefix\":
        \"104.0.0.0/30\",\r\n    \"secondaryPeerAddressPrefix\": \"105.0.0.0/30\",\r\n
        \   \"state\": \"Enabled\",\r\n    \"vlanId\": 103,\r\n    \"lastModifiedBy\":
        \"\",\r\n    \"microsoftPeeringConfig\": {\r\n      \"advertisedPublicPrefixes\":
        [\r\n        \"104.0.0.0/30\"\r\n      ],\r\n      \"advertisedPublicPrefixesState\":
        \"NotConfigured\",\r\n      \"customerASN\": 10000,\r\n      \"legacyMode\":
        0,\r\n      \"routingRegistryName\": \"LEVEL3\"\r\n    },\r\n    \"connections\":
        [],\r\n    \"peeredConnections\": []\r\n  },\r\n  \"type\": \"Microsoft.Network/expressRouteCircuits/peerings\"\r\n}"
    headers:
      azure-asyncoperation:
      - https://management.azure.com/subscriptions/00000000-0000-0000-0000-000000000000/providers/Microsoft.Network/locations/westus/operations/db965dd3-31f2-403a-9a19-3a5cff798cc3?api-version=2022-01-01
      cache-control:
      - no-cache
      content-length:
      - '990'
      content-type:
      - application/json; charset=utf-8
      date:
      - Tue, 30 Aug 2022 03:07:38 GMT
      expires:
      - '-1'
      pragma:
      - no-cache
      server:
      - Microsoft-HTTPAPI/2.0
      - Microsoft-HTTPAPI/2.0
      strict-transport-security:
      - max-age=31536000; includeSubDomains
      x-content-type-options:
      - nosniff
      x-ms-arm-service-request-id:
      - 45b1d5a5-f35b-4248-9ff2-61c939e45442
      x-ms-ratelimit-remaining-subscription-writes:
      - '1199'
    status:
      code: 201
      message: Created
- request:
    body: null
    headers:
      Accept:
      - '*/*'
      Accept-Encoding:
      - gzip, deflate
      CommandName:
      - network express-route peering create
      Connection:
      - keep-alive
      ParameterSetName:
      - -g --circuit-name --peering-type --peer-asn --vlan-id --primary-peer-subnet
        --secondary-peer-subnet --advertised-public-prefixes --customer-asn --routing-registry-name
      User-Agent:
      - AZURECLI/2.39.0 (PIP) azsdk-python-azure-mgmt-network/21.0.1 Python/3.8.10
        (Windows-10-10.0.19044-SP0)
    method: GET
    uri: https://management.azure.com/subscriptions/00000000-0000-0000-0000-000000000000/providers/Microsoft.Network/locations/westus/operations/db965dd3-31f2-403a-9a19-3a5cff798cc3?api-version=2022-01-01
  response:
    body:
      string: "{\r\n  \"status\": \"InProgress\"\r\n}"
    headers:
      cache-control:
      - no-cache
      content-length:
      - '30'
      content-type:
      - application/json; charset=utf-8
      date:
      - Tue, 30 Aug 2022 03:07:49 GMT
      expires:
      - '-1'
      pragma:
      - no-cache
      server:
      - Microsoft-HTTPAPI/2.0
      - Microsoft-HTTPAPI/2.0
      strict-transport-security:
      - max-age=31536000; includeSubDomains
      transfer-encoding:
      - chunked
      vary:
      - Accept-Encoding
      x-content-type-options:
      - nosniff
      x-ms-arm-service-request-id:
      - fc8722eb-f1f9-4c3a-acd5-1cb6071c9cda
    status:
      code: 200
      message: OK
- request:
    body: null
    headers:
      Accept:
      - '*/*'
      Accept-Encoding:
      - gzip, deflate
      CommandName:
      - network express-route peering create
      Connection:
      - keep-alive
      ParameterSetName:
      - -g --circuit-name --peering-type --peer-asn --vlan-id --primary-peer-subnet
        --secondary-peer-subnet --advertised-public-prefixes --customer-asn --routing-registry-name
      User-Agent:
      - AZURECLI/2.39.0 (PIP) azsdk-python-azure-mgmt-network/21.0.1 Python/3.8.10
        (Windows-10-10.0.19044-SP0)
    method: GET
    uri: https://management.azure.com/subscriptions/00000000-0000-0000-0000-000000000000/providers/Microsoft.Network/locations/westus/operations/db965dd3-31f2-403a-9a19-3a5cff798cc3?api-version=2022-01-01
  response:
    body:
      string: "{\r\n  \"status\": \"InProgress\"\r\n}"
    headers:
      cache-control:
      - no-cache
      content-length:
      - '30'
      content-type:
      - application/json; charset=utf-8
      date:
      - Tue, 30 Aug 2022 03:08:00 GMT
      expires:
      - '-1'
      pragma:
      - no-cache
      server:
      - Microsoft-HTTPAPI/2.0
      - Microsoft-HTTPAPI/2.0
      strict-transport-security:
      - max-age=31536000; includeSubDomains
      transfer-encoding:
      - chunked
      vary:
      - Accept-Encoding
      x-content-type-options:
      - nosniff
      x-ms-arm-service-request-id:
      - a6b39fa4-c096-41ca-b5a4-8fd798aad282
    status:
      code: 200
      message: OK
- request:
    body: null
    headers:
      Accept:
      - '*/*'
      Accept-Encoding:
      - gzip, deflate
      CommandName:
      - network express-route peering create
      Connection:
      - keep-alive
      ParameterSetName:
      - -g --circuit-name --peering-type --peer-asn --vlan-id --primary-peer-subnet
        --secondary-peer-subnet --advertised-public-prefixes --customer-asn --routing-registry-name
      User-Agent:
      - AZURECLI/2.39.0 (PIP) azsdk-python-azure-mgmt-network/21.0.1 Python/3.8.10
        (Windows-10-10.0.19044-SP0)
    method: GET
    uri: https://management.azure.com/subscriptions/00000000-0000-0000-0000-000000000000/providers/Microsoft.Network/locations/westus/operations/db965dd3-31f2-403a-9a19-3a5cff798cc3?api-version=2022-01-01
  response:
    body:
      string: "{\r\n  \"status\": \"Succeeded\"\r\n}"
    headers:
      cache-control:
      - no-cache
      content-length:
      - '29'
      content-type:
      - application/json; charset=utf-8
      date:
      - Tue, 30 Aug 2022 03:08:20 GMT
      expires:
      - '-1'
      pragma:
      - no-cache
      server:
      - Microsoft-HTTPAPI/2.0
      - Microsoft-HTTPAPI/2.0
      strict-transport-security:
      - max-age=31536000; includeSubDomains
      transfer-encoding:
      - chunked
      vary:
      - Accept-Encoding
      x-content-type-options:
      - nosniff
      x-ms-arm-service-request-id:
      - 3e37adcf-5cd4-4219-889d-3ae442b040cb
    status:
      code: 200
      message: OK
- request:
    body: null
    headers:
      Accept:
      - '*/*'
      Accept-Encoding:
      - gzip, deflate
      CommandName:
      - network express-route peering create
      Connection:
      - keep-alive
      ParameterSetName:
      - -g --circuit-name --peering-type --peer-asn --vlan-id --primary-peer-subnet
        --secondary-peer-subnet --advertised-public-prefixes --customer-asn --routing-registry-name
      User-Agent:
      - AZURECLI/2.39.0 (PIP) azsdk-python-azure-mgmt-network/21.0.1 Python/3.8.10
        (Windows-10-10.0.19044-SP0)
    method: GET
    uri: https://management.azure.com/subscriptions/00000000-0000-0000-0000-000000000000/resourceGroups/cli_test_express_route_ipv6_peering000001/providers/Microsoft.Network/expressRouteCircuits/circuit1/peerings/MicrosoftPeering?api-version=2022-01-01
  response:
    body:
      string: "{\r\n  \"name\": \"MicrosoftPeering\",\r\n  \"id\": \"/subscriptions/00000000-0000-0000-0000-000000000000/resourceGroups/cli_test_express_route_ipv6_peering000001/providers/Microsoft.Network/expressRouteCircuits/circuit1/peerings/MicrosoftPeering\",\r\n
        \ \"etag\": \"W/\\\"b3f30a4f-7a29-4fc8-a604-ac3b9ae6562b\\\"\",\r\n  \"properties\":
        {\r\n    \"provisioningState\": \"Succeeded\",\r\n    \"peeringType\": \"MicrosoftPeering\",\r\n
        \   \"azureASN\": 12076,\r\n    \"peerASN\": 10002,\r\n    \"primaryPeerAddressPrefix\":
        \"104.0.0.0/30\",\r\n    \"secondaryPeerAddressPrefix\": \"105.0.0.0/30\",\r\n
        \   \"primaryAzurePort\": \"A51-IBIZA-06GMR-CIS-1-PRI-A\",\r\n    \"secondaryAzurePort\":
        \"A51-IBIZA-06GMR-CIS-2-SEC-A\",\r\n    \"state\": \"Enabled\",\r\n    \"vlanId\":
        103,\r\n    \"gatewayManagerEtag\": \"\",\r\n    \"lastModifiedBy\": \"Customer\",\r\n
        \   \"microsoftPeeringConfig\": {\r\n      \"advertisedPublicPrefixes\": [\r\n
        \       \"104.0.0.0/30\"\r\n      ],\r\n      \"advertisedPublicPrefixesState\":
        \"ValidationNeeded\",\r\n      \"customerASN\": 10000,\r\n      \"legacyMode\":
        0,\r\n      \"routingRegistryName\": \"LEVEL3\"\r\n    },\r\n    \"connections\":
        [],\r\n    \"peeredConnections\": []\r\n  },\r\n  \"type\": \"Microsoft.Network/expressRouteCircuits/peerings\"\r\n}"
    headers:
      cache-control:
      - no-cache
      content-length:
      - '1151'
      content-type:
      - application/json; charset=utf-8
      date:
      - Tue, 30 Aug 2022 03:08:22 GMT
      expires:
      - '-1'
      pragma:
      - no-cache
      server:
      - Microsoft-HTTPAPI/2.0
      - Microsoft-HTTPAPI/2.0
      strict-transport-security:
      - max-age=31536000; includeSubDomains
      transfer-encoding:
      - chunked
      vary:
      - Accept-Encoding
      x-content-type-options:
      - nosniff
      x-ms-arm-service-request-id:
      - 0ad2be32-c50c-49d0-955e-e8ebc225fce0
    status:
      code: 200
      message: OK
- request:
    body: null
    headers:
      Accept:
      - application/json
      Accept-Encoding:
      - gzip, deflate
      CommandName:
      - network express-route peering update
      Connection:
      - keep-alive
      ParameterSetName:
      - -g --circuit-name -n --ip-version --primary-peer-subnet --secondary-peer-subnet
        --advertised-public-prefixes --customer-asn --routing-registry-name
      User-Agent:
      - AZURECLI/2.39.0 (PIP) azsdk-python-azure-mgmt-network/21.0.1 Python/3.8.10
        (Windows-10-10.0.19044-SP0)
    method: GET
    uri: https://management.azure.com/subscriptions/00000000-0000-0000-0000-000000000000/resourceGroups/cli_test_express_route_ipv6_peering000001/providers/Microsoft.Network/expressRouteCircuits/circuit1/peerings/MicrosoftPeering?api-version=2022-01-01
  response:
    body:
      string: "{\r\n  \"name\": \"MicrosoftPeering\",\r\n  \"id\": \"/subscriptions/00000000-0000-0000-0000-000000000000/resourceGroups/cli_test_express_route_ipv6_peering000001/providers/Microsoft.Network/expressRouteCircuits/circuit1/peerings/MicrosoftPeering\",\r\n
        \ \"etag\": \"W/\\\"b3f30a4f-7a29-4fc8-a604-ac3b9ae6562b\\\"\",\r\n  \"properties\":
        {\r\n    \"provisioningState\": \"Succeeded\",\r\n    \"peeringType\": \"MicrosoftPeering\",\r\n
        \   \"azureASN\": 12076,\r\n    \"peerASN\": 10002,\r\n    \"primaryPeerAddressPrefix\":
        \"104.0.0.0/30\",\r\n    \"secondaryPeerAddressPrefix\": \"105.0.0.0/30\",\r\n
        \   \"primaryAzurePort\": \"A51-IBIZA-06GMR-CIS-1-PRI-A\",\r\n    \"secondaryAzurePort\":
        \"A51-IBIZA-06GMR-CIS-2-SEC-A\",\r\n    \"state\": \"Enabled\",\r\n    \"vlanId\":
        103,\r\n    \"gatewayManagerEtag\": \"\",\r\n    \"lastModifiedBy\": \"Customer\",\r\n
        \   \"microsoftPeeringConfig\": {\r\n      \"advertisedPublicPrefixes\": [\r\n
        \       \"104.0.0.0/30\"\r\n      ],\r\n      \"advertisedPublicPrefixesState\":
        \"ValidationNeeded\",\r\n      \"customerASN\": 10000,\r\n      \"legacyMode\":
        0,\r\n      \"routingRegistryName\": \"LEVEL3\"\r\n    },\r\n    \"connections\":
        [],\r\n    \"peeredConnections\": []\r\n  },\r\n  \"type\": \"Microsoft.Network/expressRouteCircuits/peerings\"\r\n}"
    headers:
      cache-control:
      - no-cache
      content-length:
      - '1151'
      content-type:
      - application/json; charset=utf-8
      date:
      - Tue, 30 Aug 2022 03:08:24 GMT
      expires:
      - '-1'
      pragma:
      - no-cache
      server:
      - Microsoft-HTTPAPI/2.0
      - Microsoft-HTTPAPI/2.0
      strict-transport-security:
      - max-age=31536000; includeSubDomains
      transfer-encoding:
      - chunked
      vary:
      - Accept-Encoding
      x-content-type-options:
      - nosniff
      x-ms-arm-service-request-id:
      - 33f2ae5b-22cd-4e7e-8412-f525baed942a
    status:
      code: 200
      message: OK
- request:
    body: '{"id": "/subscriptions/00000000-0000-0000-0000-000000000000/resourceGroups/cli_test_express_route_ipv6_peering000001/providers/Microsoft.Network/expressRouteCircuits/circuit1/peerings/MicrosoftPeering",
      "name": "MicrosoftPeering", "properties": {"peeringType": "MicrosoftPeering",
      "state": "Enabled", "azureASN": 12076, "peerASN": 10002, "primaryPeerAddressPrefix":
      "104.0.0.0/30", "secondaryPeerAddressPrefix": "105.0.0.0/30", "primaryAzurePort":
      "A51-IBIZA-06GMR-CIS-1-PRI-A", "secondaryAzurePort": "A51-IBIZA-06GMR-CIS-2-SEC-A",
      "vlanId": 103, "microsoftPeeringConfig": {"advertisedPublicPrefixes": ["104.0.0.0/30"],
      "legacyMode": 0, "customerASN": 10000, "routingRegistryName": "LEVEL3"}, "gatewayManagerEtag":
      "", "ipv6PeeringConfig": {"primaryPeerAddressPrefix": "2001:db00::/126", "secondaryPeerAddressPrefix":
      "2002:db00::/126", "microsoftPeeringConfig": {"advertisedPublicPrefixes": ["2001:db00::/126"],
      "customerASN": 100001, "routingRegistryName": "LEVEL3"}}, "connections": []}}'
    headers:
      Accept:
      - application/json
      Accept-Encoding:
      - gzip, deflate
      CommandName:
      - network express-route peering update
      Connection:
      - keep-alive
      Content-Length:
      - '990'
      Content-Type:
      - application/json
      ParameterSetName:
      - -g --circuit-name -n --ip-version --primary-peer-subnet --secondary-peer-subnet
        --advertised-public-prefixes --customer-asn --routing-registry-name
      User-Agent:
      - AZURECLI/2.39.0 (PIP) azsdk-python-azure-mgmt-network/21.0.1 Python/3.8.10
        (Windows-10-10.0.19044-SP0)
    method: PUT
    uri: https://management.azure.com/subscriptions/00000000-0000-0000-0000-000000000000/resourceGroups/cli_test_express_route_ipv6_peering000001/providers/Microsoft.Network/expressRouteCircuits/circuit1/peerings/MicrosoftPeering?api-version=2022-01-01
  response:
    body:
      string: "{\r\n  \"name\": \"MicrosoftPeering\",\r\n  \"id\": \"/subscriptions/00000000-0000-0000-0000-000000000000/resourceGroups/cli_test_express_route_ipv6_peering000001/providers/Microsoft.Network/expressRouteCircuits/circuit1/peerings/MicrosoftPeering\",\r\n
        \ \"etag\": \"W/\\\"a781509f-a61e-4b2b-9b55-6a3105101271\\\"\",\r\n  \"properties\":
        {\r\n    \"provisioningState\": \"Updating\",\r\n    \"peeringType\": \"MicrosoftPeering\",\r\n
        \   \"azureASN\": 12076,\r\n    \"peerASN\": 10002,\r\n    \"primaryPeerAddressPrefix\":
        \"104.0.0.0/30\",\r\n    \"secondaryPeerAddressPrefix\": \"105.0.0.0/30\",\r\n
        \   \"primaryAzurePort\": \"A51-IBIZA-06GMR-CIS-1-PRI-A\",\r\n    \"secondaryAzurePort\":
        \"A51-IBIZA-06GMR-CIS-2-SEC-A\",\r\n    \"state\": \"Enabled\",\r\n    \"vlanId\":
        103,\r\n    \"gatewayManagerEtag\": \"\",\r\n    \"lastModifiedBy\": \"Customer\",\r\n
        \   \"microsoftPeeringConfig\": {\r\n      \"advertisedPublicPrefixes\": [\r\n
        \       \"104.0.0.0/30\"\r\n      ],\r\n      \"advertisedPublicPrefixesState\":
        \"ValidationNeeded\",\r\n      \"customerASN\": 10000,\r\n      \"legacyMode\":
        0,\r\n      \"routingRegistryName\": \"LEVEL3\"\r\n    },\r\n    \"ipv6PeeringConfig\":
        {\r\n      \"primaryPeerAddressPrefix\": \"2001:db00::/126\",\r\n      \"secondaryPeerAddressPrefix\":
        \"2002:db00::/126\",\r\n      \"state\": \"Enabled\",\r\n      \"microsoftPeeringConfig\":
        {\r\n        \"advertisedPublicPrefixes\": [\r\n          \"2001:db00::/126\"\r\n
        \       ],\r\n        \"advertisedPublicPrefixesState\": \"NotConfigured\",\r\n
        \       \"customerASN\": 100001,\r\n        \"legacyMode\": 0,\r\n        \"routingRegistryName\":
        \"LEVEL3\"\r\n      }\r\n    },\r\n    \"connections\": [],\r\n    \"peeredConnections\":
        []\r\n  },\r\n  \"type\": \"Microsoft.Network/expressRouteCircuits/peerings\"\r\n}"
    headers:
      azure-asyncoperation:
      - https://management.azure.com/subscriptions/00000000-0000-0000-0000-000000000000/providers/Microsoft.Network/locations/westus/operations/11a46bb5-38c7-4f3f-936b-fec504d1ac0a?api-version=2022-01-01
      cache-control:
      - no-cache
      content-length:
      - '1605'
      content-type:
      - application/json; charset=utf-8
      date:
      - Tue, 30 Aug 2022 03:08:25 GMT
      expires:
      - '-1'
      pragma:
      - no-cache
      server:
      - Microsoft-HTTPAPI/2.0
      - Microsoft-HTTPAPI/2.0
      strict-transport-security:
      - max-age=31536000; includeSubDomains
      transfer-encoding:
      - chunked
      vary:
      - Accept-Encoding
      x-content-type-options:
      - nosniff
      x-ms-arm-service-request-id:
      - 5c14b20e-61cd-4a96-a3dc-3c0a78d0ad2d
      x-ms-ratelimit-remaining-subscription-writes:
      - '1199'
    status:
      code: 200
      message: OK
- request:
    body: null
    headers:
      Accept:
      - '*/*'
      Accept-Encoding:
      - gzip, deflate
      CommandName:
      - network express-route peering update
      Connection:
      - keep-alive
      ParameterSetName:
      - -g --circuit-name -n --ip-version --primary-peer-subnet --secondary-peer-subnet
        --advertised-public-prefixes --customer-asn --routing-registry-name
      User-Agent:
      - AZURECLI/2.39.0 (PIP) azsdk-python-azure-mgmt-network/21.0.1 Python/3.8.10
        (Windows-10-10.0.19044-SP0)
    method: GET
    uri: https://management.azure.com/subscriptions/00000000-0000-0000-0000-000000000000/providers/Microsoft.Network/locations/westus/operations/11a46bb5-38c7-4f3f-936b-fec504d1ac0a?api-version=2022-01-01
  response:
    body:
      string: "{\r\n  \"status\": \"InProgress\"\r\n}"
    headers:
      cache-control:
      - no-cache
      content-length:
      - '30'
      content-type:
      - application/json; charset=utf-8
      date:
      - Tue, 30 Aug 2022 03:08:36 GMT
      expires:
      - '-1'
      pragma:
      - no-cache
      server:
      - Microsoft-HTTPAPI/2.0
      - Microsoft-HTTPAPI/2.0
      strict-transport-security:
      - max-age=31536000; includeSubDomains
      transfer-encoding:
      - chunked
      vary:
      - Accept-Encoding
      x-content-type-options:
      - nosniff
      x-ms-arm-service-request-id:
      - 033adb05-95a4-43c4-bc49-a1ce45bc794b
    status:
      code: 200
      message: OK
- request:
    body: null
    headers:
      Accept:
      - '*/*'
      Accept-Encoding:
      - gzip, deflate
      CommandName:
      - network express-route peering update
      Connection:
      - keep-alive
      ParameterSetName:
      - -g --circuit-name -n --ip-version --primary-peer-subnet --secondary-peer-subnet
        --advertised-public-prefixes --customer-asn --routing-registry-name
      User-Agent:
      - AZURECLI/2.39.0 (PIP) azsdk-python-azure-mgmt-network/21.0.1 Python/3.8.10
        (Windows-10-10.0.19044-SP0)
    method: GET
    uri: https://management.azure.com/subscriptions/00000000-0000-0000-0000-000000000000/providers/Microsoft.Network/locations/westus/operations/11a46bb5-38c7-4f3f-936b-fec504d1ac0a?api-version=2022-01-01
  response:
    body:
      string: "{\r\n  \"status\": \"Succeeded\"\r\n}"
    headers:
      cache-control:
      - no-cache
      content-length:
      - '29'
      content-type:
      - application/json; charset=utf-8
      date:
      - Tue, 30 Aug 2022 03:08:46 GMT
      expires:
      - '-1'
      pragma:
      - no-cache
      server:
      - Microsoft-HTTPAPI/2.0
      - Microsoft-HTTPAPI/2.0
      strict-transport-security:
      - max-age=31536000; includeSubDomains
      transfer-encoding:
      - chunked
      vary:
      - Accept-Encoding
      x-content-type-options:
      - nosniff
      x-ms-arm-service-request-id:
      - 733198df-dba3-4eb9-834f-a0936a5c9cc7
    status:
      code: 200
      message: OK
- request:
    body: null
    headers:
      Accept:
      - '*/*'
      Accept-Encoding:
      - gzip, deflate
      CommandName:
      - network express-route peering update
      Connection:
      - keep-alive
      ParameterSetName:
      - -g --circuit-name -n --ip-version --primary-peer-subnet --secondary-peer-subnet
        --advertised-public-prefixes --customer-asn --routing-registry-name
      User-Agent:
      - AZURECLI/2.39.0 (PIP) azsdk-python-azure-mgmt-network/21.0.1 Python/3.8.10
        (Windows-10-10.0.19044-SP0)
    method: GET
    uri: https://management.azure.com/subscriptions/00000000-0000-0000-0000-000000000000/resourceGroups/cli_test_express_route_ipv6_peering000001/providers/Microsoft.Network/expressRouteCircuits/circuit1/peerings/MicrosoftPeering?api-version=2022-01-01
  response:
    body:
      string: "{\r\n  \"name\": \"MicrosoftPeering\",\r\n  \"id\": \"/subscriptions/00000000-0000-0000-0000-000000000000/resourceGroups/cli_test_express_route_ipv6_peering000001/providers/Microsoft.Network/expressRouteCircuits/circuit1/peerings/MicrosoftPeering\",\r\n
        \ \"etag\": \"W/\\\"63dc0fe1-f3b8-4f27-8afb-a504d4636519\\\"\",\r\n  \"properties\":
        {\r\n    \"provisioningState\": \"Succeeded\",\r\n    \"peeringType\": \"MicrosoftPeering\",\r\n
        \   \"azureASN\": 12076,\r\n    \"peerASN\": 10002,\r\n    \"primaryPeerAddressPrefix\":
        \"104.0.0.0/30\",\r\n    \"secondaryPeerAddressPrefix\": \"105.0.0.0/30\",\r\n
        \   \"primaryAzurePort\": \"A51-IBIZA-06GMR-CIS-1-PRI-A\",\r\n    \"secondaryAzurePort\":
        \"A51-IBIZA-06GMR-CIS-2-SEC-A\",\r\n    \"state\": \"Enabled\",\r\n    \"vlanId\":
        103,\r\n    \"gatewayManagerEtag\": \"\",\r\n    \"lastModifiedBy\": \"Customer\",\r\n
        \   \"microsoftPeeringConfig\": {\r\n      \"advertisedPublicPrefixes\": [\r\n
        \       \"104.0.0.0/30\"\r\n      ],\r\n      \"advertisedPublicPrefixesState\":
        \"ValidationNeeded\",\r\n      \"customerASN\": 10000,\r\n      \"legacyMode\":
        0,\r\n      \"routingRegistryName\": \"LEVEL3\"\r\n    },\r\n    \"ipv6PeeringConfig\":
        {\r\n      \"primaryPeerAddressPrefix\": \"2001:db00::/126\",\r\n      \"secondaryPeerAddressPrefix\":
        \"2002:db00::/126\",\r\n      \"state\": \"Enabled\",\r\n      \"microsoftPeeringConfig\":
        {\r\n        \"advertisedPublicPrefixes\": [\r\n          \"2001:db00::/126\"\r\n
        \       ],\r\n        \"advertisedPublicPrefixesState\": \"ValidationNeeded\",\r\n
        \       \"customerASN\": 100001,\r\n        \"legacyMode\": 0,\r\n        \"routingRegistryName\":
        \"LEVEL3\"\r\n      }\r\n    },\r\n    \"connections\": [],\r\n    \"peeredConnections\":
        []\r\n  },\r\n  \"type\": \"Microsoft.Network/expressRouteCircuits/peerings\"\r\n}"
    headers:
      cache-control:
      - no-cache
      content-length:
      - '1609'
      content-type:
      - application/json; charset=utf-8
      date:
      - Tue, 30 Aug 2022 03:08:47 GMT
      expires:
      - '-1'
      pragma:
      - no-cache
      server:
      - Microsoft-HTTPAPI/2.0
      - Microsoft-HTTPAPI/2.0
      strict-transport-security:
      - max-age=31536000; includeSubDomains
      transfer-encoding:
      - chunked
      vary:
      - Accept-Encoding
      x-content-type-options:
      - nosniff
      x-ms-arm-service-request-id:
      - b4fc72ef-a883-4b74-b2f1-b3de2d8c4f6d
    status:
      code: 200
      message: OK
- request:
    body: null
    headers:
      Accept:
      - application/json
      Accept-Encoding:
      - gzip, deflate
      CommandName:
      - network express-route peering show
      Connection:
      - keep-alive
      ParameterSetName:
      - -g --circuit-name -n
      User-Agent:
      - AZURECLI/2.39.0 (PIP) azsdk-python-azure-mgmt-network/21.0.1 Python/3.8.10
        (Windows-10-10.0.19044-SP0)
    method: GET
    uri: https://management.azure.com/subscriptions/00000000-0000-0000-0000-000000000000/resourceGroups/cli_test_express_route_ipv6_peering000001/providers/Microsoft.Network/expressRouteCircuits/circuit1/peerings/MicrosoftPeering?api-version=2022-01-01
  response:
    body:
      string: "{\r\n  \"name\": \"MicrosoftPeering\",\r\n  \"id\": \"/subscriptions/00000000-0000-0000-0000-000000000000/resourceGroups/cli_test_express_route_ipv6_peering000001/providers/Microsoft.Network/expressRouteCircuits/circuit1/peerings/MicrosoftPeering\",\r\n
        \ \"etag\": \"W/\\\"63dc0fe1-f3b8-4f27-8afb-a504d4636519\\\"\",\r\n  \"properties\":
        {\r\n    \"provisioningState\": \"Succeeded\",\r\n    \"peeringType\": \"MicrosoftPeering\",\r\n
        \   \"azureASN\": 12076,\r\n    \"peerASN\": 10002,\r\n    \"primaryPeerAddressPrefix\":
        \"104.0.0.0/30\",\r\n    \"secondaryPeerAddressPrefix\": \"105.0.0.0/30\",\r\n
        \   \"primaryAzurePort\": \"A51-IBIZA-06GMR-CIS-1-PRI-A\",\r\n    \"secondaryAzurePort\":
        \"A51-IBIZA-06GMR-CIS-2-SEC-A\",\r\n    \"state\": \"Enabled\",\r\n    \"vlanId\":
        103,\r\n    \"gatewayManagerEtag\": \"\",\r\n    \"lastModifiedBy\": \"Customer\",\r\n
        \   \"microsoftPeeringConfig\": {\r\n      \"advertisedPublicPrefixes\": [\r\n
        \       \"104.0.0.0/30\"\r\n      ],\r\n      \"advertisedPublicPrefixesState\":
        \"ValidationNeeded\",\r\n      \"customerASN\": 10000,\r\n      \"legacyMode\":
        0,\r\n      \"routingRegistryName\": \"LEVEL3\"\r\n    },\r\n    \"ipv6PeeringConfig\":
        {\r\n      \"primaryPeerAddressPrefix\": \"2001:db00::/126\",\r\n      \"secondaryPeerAddressPrefix\":
        \"2002:db00::/126\",\r\n      \"state\": \"Enabled\",\r\n      \"microsoftPeeringConfig\":
        {\r\n        \"advertisedPublicPrefixes\": [\r\n          \"2001:db00::/126\"\r\n
        \       ],\r\n        \"advertisedPublicPrefixesState\": \"ValidationNeeded\",\r\n
        \       \"customerASN\": 100001,\r\n        \"legacyMode\": 0,\r\n        \"routingRegistryName\":
        \"LEVEL3\"\r\n      }\r\n    },\r\n    \"connections\": [],\r\n    \"peeredConnections\":
        []\r\n  },\r\n  \"type\": \"Microsoft.Network/expressRouteCircuits/peerings\"\r\n}"
    headers:
      cache-control:
      - no-cache
      content-length:
      - '1609'
      content-type:
      - application/json; charset=utf-8
      date:
      - Tue, 30 Aug 2022 03:08:48 GMT
      expires:
      - '-1'
      pragma:
      - no-cache
      server:
      - Microsoft-HTTPAPI/2.0
      - Microsoft-HTTPAPI/2.0
      strict-transport-security:
      - max-age=31536000; includeSubDomains
      transfer-encoding:
      - chunked
      vary:
      - Accept-Encoding
      x-content-type-options:
      - nosniff
      x-ms-arm-service-request-id:
      - 765cb364-681c-4b04-a4be-f0d98772c11e
    status:
      code: 200
      message: OK
- request:
    body: null
    headers:
      Accept:
      - application/json
      Accept-Encoding:
      - gzip, deflate
      CommandName:
      - network express-route peering get-stats
      Connection:
      - keep-alive
      ParameterSetName:
      - -g --circuit-name -n
      User-Agent:
      - AZURECLI/2.39.0 (PIP) azsdk-python-azure-mgmt-network/21.0.1 Python/3.8.10
        (Windows-10-10.0.19044-SP0)
    method: GET
    uri: https://management.azure.com/subscriptions/00000000-0000-0000-0000-000000000000/resourceGroups/cli_test_express_route_ipv6_peering000001/providers/Microsoft.Network/expressRouteCircuits/circuit1/peerings/MicrosoftPeering/stats?api-version=2022-01-01
  response:
    body:
      string: "{\r\n  \"primaryBytesIn\": 0,\r\n  \"primaryBytesOut\": 0,\r\n  \"secondaryBytesIn\":
        0,\r\n  \"secondaryBytesOut\": 0\r\n}"
    headers:
      cache-control:
      - no-cache
      content-length:
      - '105'
      content-type:
      - application/json; charset=utf-8
      date:
      - Tue, 30 Aug 2022 03:08:50 GMT
      expires:
      - '-1'
      pragma:
      - no-cache
      server:
      - Microsoft-HTTPAPI/2.0
      - Microsoft-HTTPAPI/2.0
      strict-transport-security:
      - max-age=31536000; includeSubDomains
      transfer-encoding:
      - chunked
      vary:
      - Accept-Encoding
      x-content-type-options:
      - nosniff
      x-ms-arm-service-request-id:
      - e33e961c-79c9-4ced-adac-88f7606328fc
    status:
      code: 200
      message: OK
version: 1
