interactions:
- request:
    body: null
    headers:
      Accept:
      - application/json
      Accept-Encoding:
      - gzip, deflate
      CommandName:
      - network vnet create
      Connection:
      - keep-alive
      ParameterSetName:
      - -g -n --subnet-name
      User-Agent:
      - AZURECLI/2.39.0 (PIP) azsdk-python-azure-mgmt-resource/21.1.0b1 Python/3.8.10
        (Windows-10-10.0.19044-SP0)
    method: GET
    uri: https://management.azure.com/subscriptions/00000000-0000-0000-0000-000000000000/resourcegroups/test_network_vnet_gateway_multi_auth000001?api-version=2021-04-01
  response:
    body:
      string: '{"id":"/subscriptions/00000000-0000-0000-0000-000000000000/resourceGroups/test_network_vnet_gateway_multi_auth000001","name":"test_network_vnet_gateway_multi_auth000001","type":"Microsoft.Resources/resourceGroups","location":"westus","tags":{"product":"azurecli","cause":"automation","date":"2022-08-28T15:14:32Z"},"properties":{"provisioningState":"Succeeded"}}'
    headers:
      cache-control:
      - no-cache
      content-length:
      - '362'
      content-type:
      - application/json; charset=utf-8
      date:
      - Sun, 28 Aug 2022 15:14:36 GMT
      expires:
      - '-1'
      pragma:
      - no-cache
      strict-transport-security:
      - max-age=31536000; includeSubDomains
      vary:
      - Accept-Encoding
      x-content-type-options:
      - nosniff
    status:
      code: 200
      message: OK
- request:
    body: '{"location": "westus", "tags": {}, "properties": {"addressSpace": {"addressPrefixes":
      ["10.0.0.0/16"]}, "dhcpOptions": {}, "subnets": [{"name": "GatewaySubnet", "properties":
      {"addressPrefix": "10.0.0.0/24", "privateEndpointNetworkPolicies": "Disabled",
      "privateLinkServiceNetworkPolicies": "Enabled"}}]}}'
    headers:
      Accept:
      - application/json
      Accept-Encoding:
      - gzip, deflate
      CommandName:
      - network vnet create
      Connection:
      - keep-alive
      Content-Length:
      - '305'
      Content-Type:
      - application/json
      ParameterSetName:
      - -g -n --subnet-name
      User-Agent:
      - AZURECLI/2.39.0 (PIP) azsdk-python-azure-mgmt-network/21.0.1 Python/3.8.10
        (Windows-10-10.0.19044-SP0)
    method: PUT
    uri: https://management.azure.com/subscriptions/00000000-0000-0000-0000-000000000000/resourceGroups/test_network_vnet_gateway_multi_auth000001/providers/Microsoft.Network/virtualNetworks/vnet?api-version=2022-01-01
  response:
    body:
      string: "{\r\n  \"name\": \"vnet\",\r\n  \"id\": \"/subscriptions/00000000-0000-0000-0000-000000000000/resourceGroups/test_network_vnet_gateway_multi_auth000001/providers/Microsoft.Network/virtualNetworks/vnet\",\r\n
        \ \"etag\": \"W/\\\"da3d440b-18dd-4c5e-afdb-3f9d9ccd60d4\\\"\",\r\n  \"type\":
        \"Microsoft.Network/virtualNetworks\",\r\n  \"location\": \"westus\",\r\n
        \ \"tags\": {},\r\n  \"properties\": {\r\n    \"provisioningState\": \"Updating\",\r\n
        \   \"resourceGuid\": \"adca7028-ce00-41ec-9dbb-9b2d4bec3503\",\r\n    \"addressSpace\":
        {\r\n      \"addressPrefixes\": [\r\n        \"10.0.0.0/16\"\r\n      ]\r\n
        \   },\r\n    \"dhcpOptions\": {\r\n      \"dnsServers\": []\r\n    },\r\n
        \   \"subnets\": [\r\n      {\r\n        \"name\": \"GatewaySubnet\",\r\n
        \       \"id\": \"/subscriptions/00000000-0000-0000-0000-000000000000/resourceGroups/test_network_vnet_gateway_multi_auth000001/providers/Microsoft.Network/virtualNetworks/vnet/subnets/GatewaySubnet\",\r\n
        \       \"etag\": \"W/\\\"da3d440b-18dd-4c5e-afdb-3f9d9ccd60d4\\\"\",\r\n
        \       \"properties\": {\r\n          \"provisioningState\": \"Updating\",\r\n
        \         \"addressPrefix\": \"10.0.0.0/24\",\r\n          \"delegations\":
        [],\r\n          \"privateEndpointNetworkPolicies\": \"Disabled\",\r\n          \"privateLinkServiceNetworkPolicies\":
        \"Enabled\"\r\n        },\r\n        \"type\": \"Microsoft.Network/virtualNetworks/subnets\"\r\n
        \     }\r\n    ],\r\n    \"virtualNetworkPeerings\": [],\r\n    \"enableDdosProtection\":
        false\r\n  }\r\n}"
    headers:
      azure-asyncnotification:
      - Enabled
      azure-asyncoperation:
      - https://management.azure.com/subscriptions/00000000-0000-0000-0000-000000000000/providers/Microsoft.Network/locations/westus/operations/59fe6cec-fe49-44e3-a6fb-50ce34819d92?api-version=2022-01-01
      cache-control:
      - no-cache
      content-length:
      - '1347'
      content-type:
      - application/json; charset=utf-8
      date:
      - Sun, 28 Aug 2022 15:14:42 GMT
      expires:
      - '-1'
      pragma:
      - no-cache
      server:
      - Microsoft-HTTPAPI/2.0
      - Microsoft-HTTPAPI/2.0
      strict-transport-security:
      - max-age=31536000; includeSubDomains
      x-content-type-options:
      - nosniff
      x-ms-arm-service-request-id:
      - 50a9f169-9da2-4f3d-870c-fe78c2cde735
      x-ms-ratelimit-remaining-subscription-writes:
      - '1196'
    status:
      code: 201
      message: Created
- request:
    body: null
    headers:
      Accept:
      - '*/*'
      Accept-Encoding:
      - gzip, deflate
      CommandName:
      - network vnet create
      Connection:
      - keep-alive
      ParameterSetName:
      - -g -n --subnet-name
      User-Agent:
      - AZURECLI/2.39.0 (PIP) azsdk-python-azure-mgmt-network/21.0.1 Python/3.8.10
        (Windows-10-10.0.19044-SP0)
    method: GET
    uri: https://management.azure.com/subscriptions/00000000-0000-0000-0000-000000000000/providers/Microsoft.Network/locations/westus/operations/59fe6cec-fe49-44e3-a6fb-50ce34819d92?api-version=2022-01-01
  response:
    body:
      string: "{\r\n  \"status\": \"Succeeded\"\r\n}"
    headers:
      cache-control:
      - no-cache
      content-length:
      - '29'
      content-type:
      - application/json; charset=utf-8
      date:
      - Sun, 28 Aug 2022 15:14:45 GMT
      expires:
      - '-1'
      pragma:
      - no-cache
      server:
      - Microsoft-HTTPAPI/2.0
      - Microsoft-HTTPAPI/2.0
      strict-transport-security:
      - max-age=31536000; includeSubDomains
      transfer-encoding:
      - chunked
      vary:
      - Accept-Encoding
      x-content-type-options:
      - nosniff
      x-ms-arm-service-request-id:
      - b6bccaaf-be4c-477f-abab-a05adb3b3c32
    status:
      code: 200
      message: OK
- request:
    body: null
    headers:
      Accept:
      - '*/*'
      Accept-Encoding:
      - gzip, deflate
      CommandName:
      - network vnet create
      Connection:
      - keep-alive
      ParameterSetName:
      - -g -n --subnet-name
      User-Agent:
      - AZURECLI/2.39.0 (PIP) azsdk-python-azure-mgmt-network/21.0.1 Python/3.8.10
        (Windows-10-10.0.19044-SP0)
    method: GET
    uri: https://management.azure.com/subscriptions/00000000-0000-0000-0000-000000000000/resourceGroups/test_network_vnet_gateway_multi_auth000001/providers/Microsoft.Network/virtualNetworks/vnet?api-version=2022-01-01
  response:
    body:
      string: "{\r\n  \"name\": \"vnet\",\r\n  \"id\": \"/subscriptions/00000000-0000-0000-0000-000000000000/resourceGroups/test_network_vnet_gateway_multi_auth000001/providers/Microsoft.Network/virtualNetworks/vnet\",\r\n
        \ \"etag\": \"W/\\\"cb74d0b1-09d3-49ae-86e2-c713c4f1c9b1\\\"\",\r\n  \"type\":
        \"Microsoft.Network/virtualNetworks\",\r\n  \"location\": \"westus\",\r\n
        \ \"tags\": {},\r\n  \"properties\": {\r\n    \"provisioningState\": \"Succeeded\",\r\n
        \   \"resourceGuid\": \"adca7028-ce00-41ec-9dbb-9b2d4bec3503\",\r\n    \"addressSpace\":
        {\r\n      \"addressPrefixes\": [\r\n        \"10.0.0.0/16\"\r\n      ]\r\n
        \   },\r\n    \"dhcpOptions\": {\r\n      \"dnsServers\": []\r\n    },\r\n
        \   \"subnets\": [\r\n      {\r\n        \"name\": \"GatewaySubnet\",\r\n
        \       \"id\": \"/subscriptions/00000000-0000-0000-0000-000000000000/resourceGroups/test_network_vnet_gateway_multi_auth000001/providers/Microsoft.Network/virtualNetworks/vnet/subnets/GatewaySubnet\",\r\n
        \       \"etag\": \"W/\\\"cb74d0b1-09d3-49ae-86e2-c713c4f1c9b1\\\"\",\r\n
        \       \"properties\": {\r\n          \"provisioningState\": \"Succeeded\",\r\n
        \         \"addressPrefix\": \"10.0.0.0/24\",\r\n          \"delegations\":
        [],\r\n          \"privateEndpointNetworkPolicies\": \"Disabled\",\r\n          \"privateLinkServiceNetworkPolicies\":
        \"Enabled\"\r\n        },\r\n        \"type\": \"Microsoft.Network/virtualNetworks/subnets\"\r\n
        \     }\r\n    ],\r\n    \"virtualNetworkPeerings\": [],\r\n    \"enableDdosProtection\":
        false\r\n  }\r\n}"
    headers:
      cache-control:
      - no-cache
      content-length:
      - '1349'
      content-type:
      - application/json; charset=utf-8
      date:
      - Sun, 28 Aug 2022 15:14:46 GMT
      etag:
      - W/"cb74d0b1-09d3-49ae-86e2-c713c4f1c9b1"
      expires:
      - '-1'
      pragma:
      - no-cache
      server:
      - Microsoft-HTTPAPI/2.0
      - Microsoft-HTTPAPI/2.0
      strict-transport-security:
      - max-age=31536000; includeSubDomains
      transfer-encoding:
      - chunked
      vary:
      - Accept-Encoding
      x-content-type-options:
      - nosniff
      x-ms-arm-service-request-id:
      - 5a499361-51b2-48c6-ae12-ab30cffb6507
    status:
      code: 200
      message: OK
- request:
    body: null
    headers:
      Accept:
      - application/json
      Accept-Encoding:
      - gzip, deflate
      CommandName:
      - network public-ip create
      Connection:
      - keep-alive
      ParameterSetName:
      - -g -n
      User-Agent:
      - AZURECLI/2.39.0 (PIP) azsdk-python-azure-mgmt-resource/21.1.0b1 Python/3.8.10
        (Windows-10-10.0.19044-SP0)
    method: GET
    uri: https://management.azure.com/subscriptions/00000000-0000-0000-0000-000000000000/resourcegroups/test_network_vnet_gateway_multi_auth000001?api-version=2021-04-01
  response:
    body:
      string: '{"id":"/subscriptions/00000000-0000-0000-0000-000000000000/resourceGroups/test_network_vnet_gateway_multi_auth000001","name":"test_network_vnet_gateway_multi_auth000001","type":"Microsoft.Resources/resourceGroups","location":"westus","tags":{"product":"azurecli","cause":"automation","date":"2022-08-28T15:14:32Z"},"properties":{"provisioningState":"Succeeded"}}'
    headers:
      cache-control:
      - no-cache
      content-length:
      - '362'
      content-type:
      - application/json; charset=utf-8
      date:
      - Sun, 28 Aug 2022 15:14:48 GMT
      expires:
      - '-1'
      pragma:
      - no-cache
      strict-transport-security:
      - max-age=31536000; includeSubDomains
      vary:
      - Accept-Encoding
      x-content-type-options:
      - nosniff
    status:
      code: 200
      message: OK
- request:
    body: '{"location": "westus", "properties": {"publicIPAllocationMethod": "Dynamic",
      "publicIPAddressVersion": "IPv4", "idleTimeoutInMinutes": 4}}'
    headers:
      Accept:
      - application/json
      Accept-Encoding:
      - gzip, deflate
      CommandName:
      - network public-ip create
      Connection:
      - keep-alive
      Content-Length:
      - '138'
      Content-Type:
      - application/json
      ParameterSetName:
      - -g -n
      User-Agent:
      - AZURECLI/2.39.0 (PIP) azsdk-python-azure-mgmt-network/21.0.1 Python/3.8.10
        (Windows-10-10.0.19044-SP0)
    method: PUT
    uri: https://management.azure.com/subscriptions/00000000-0000-0000-0000-000000000000/resourceGroups/test_network_vnet_gateway_multi_auth000001/providers/Microsoft.Network/publicIPAddresses/pip?api-version=2022-01-01
  response:
    body:
      string: "{\r\n  \"name\": \"pip\",\r\n  \"id\": \"/subscriptions/00000000-0000-0000-0000-000000000000/resourceGroups/test_network_vnet_gateway_multi_auth000001/providers/Microsoft.Network/publicIPAddresses/pip\",\r\n
        \ \"etag\": \"W/\\\"06378535-b8b5-4163-825e-7a4697a78cd3\\\"\",\r\n  \"location\":
        \"westus\",\r\n  \"properties\": {\r\n    \"provisioningState\": \"Updating\",\r\n
        \   \"resourceGuid\": \"5e3d8da5-2bcf-4f4b-8c12-17aeea6bbaf0\",\r\n    \"publicIPAddressVersion\":
        \"IPv4\",\r\n    \"publicIPAllocationMethod\": \"Dynamic\",\r\n    \"idleTimeoutInMinutes\":
        4,\r\n    \"ipTags\": []\r\n  },\r\n  \"type\": \"Microsoft.Network/publicIPAddresses\",\r\n
        \ \"sku\": {\r\n    \"name\": \"Basic\",\r\n    \"tier\": \"Regional\"\r\n
        \ }\r\n}"
    headers:
      azure-asyncnotification:
      - Enabled
      azure-asyncoperation:
      - https://management.azure.com/subscriptions/00000000-0000-0000-0000-000000000000/providers/Microsoft.Network/locations/westus/operations/90b286d7-411d-4d2a-9ca4-149ade98b743?api-version=2022-01-01
      cache-control:
      - no-cache
      content-length:
      - '646'
      content-type:
      - application/json; charset=utf-8
      date:
      - Sun, 28 Aug 2022 15:14:52 GMT
      expires:
      - '-1'
      pragma:
      - no-cache
      server:
      - Microsoft-HTTPAPI/2.0
      - Microsoft-HTTPAPI/2.0
      strict-transport-security:
      - max-age=31536000; includeSubDomains
      x-content-type-options:
      - nosniff
      x-ms-arm-service-request-id:
      - e6ffad15-cdd6-4ef4-bf6c-4c05661d6a16
      x-ms-ratelimit-remaining-subscription-writes:
      - '1194'
    status:
      code: 201
      message: Created
- request:
    body: null
    headers:
      Accept:
      - '*/*'
      Accept-Encoding:
      - gzip, deflate
      CommandName:
      - network public-ip create
      Connection:
      - keep-alive
      ParameterSetName:
      - -g -n
      User-Agent:
      - AZURECLI/2.39.0 (PIP) azsdk-python-azure-mgmt-network/21.0.1 Python/3.8.10
        (Windows-10-10.0.19044-SP0)
    method: GET
    uri: https://management.azure.com/subscriptions/00000000-0000-0000-0000-000000000000/providers/Microsoft.Network/locations/westus/operations/90b286d7-411d-4d2a-9ca4-149ade98b743?api-version=2022-01-01
  response:
    body:
      string: "{\r\n  \"status\": \"Succeeded\"\r\n}"
    headers:
      cache-control:
      - no-cache
      content-length:
      - '29'
      content-type:
      - application/json; charset=utf-8
      date:
      - Sun, 28 Aug 2022 15:14:53 GMT
      expires:
      - '-1'
      pragma:
      - no-cache
      server:
      - Microsoft-HTTPAPI/2.0
      - Microsoft-HTTPAPI/2.0
      strict-transport-security:
      - max-age=31536000; includeSubDomains
      transfer-encoding:
      - chunked
      vary:
      - Accept-Encoding
      x-content-type-options:
      - nosniff
      x-ms-arm-service-request-id:
      - 4ccf31f7-d2dc-4a21-94d7-2fbc32283c39
    status:
      code: 200
      message: OK
- request:
    body: null
    headers:
      Accept:
      - '*/*'
      Accept-Encoding:
      - gzip, deflate
      CommandName:
      - network public-ip create
      Connection:
      - keep-alive
      ParameterSetName:
      - -g -n
      User-Agent:
      - AZURECLI/2.39.0 (PIP) azsdk-python-azure-mgmt-network/21.0.1 Python/3.8.10
        (Windows-10-10.0.19044-SP0)
    method: GET
    uri: https://management.azure.com/subscriptions/00000000-0000-0000-0000-000000000000/resourceGroups/test_network_vnet_gateway_multi_auth000001/providers/Microsoft.Network/publicIPAddresses/pip?api-version=2022-01-01
  response:
    body:
      string: "{\r\n  \"name\": \"pip\",\r\n  \"id\": \"/subscriptions/00000000-0000-0000-0000-000000000000/resourceGroups/test_network_vnet_gateway_multi_auth000001/providers/Microsoft.Network/publicIPAddresses/pip\",\r\n
        \ \"etag\": \"W/\\\"fa4ad0fd-812d-45d2-a6cd-08a334f6acda\\\"\",\r\n  \"location\":
        \"westus\",\r\n  \"properties\": {\r\n    \"provisioningState\": \"Succeeded\",\r\n
        \   \"resourceGuid\": \"5e3d8da5-2bcf-4f4b-8c12-17aeea6bbaf0\",\r\n    \"publicIPAddressVersion\":
        \"IPv4\",\r\n    \"publicIPAllocationMethod\": \"Dynamic\",\r\n    \"idleTimeoutInMinutes\":
        4,\r\n    \"ipTags\": []\r\n  },\r\n  \"type\": \"Microsoft.Network/publicIPAddresses\",\r\n
        \ \"sku\": {\r\n    \"name\": \"Basic\",\r\n    \"tier\": \"Regional\"\r\n
        \ }\r\n}"
    headers:
      cache-control:
      - no-cache
      content-length:
      - '647'
      content-type:
      - application/json; charset=utf-8
      date:
      - Sun, 28 Aug 2022 15:14:54 GMT
      etag:
      - W/"fa4ad0fd-812d-45d2-a6cd-08a334f6acda"
      expires:
      - '-1'
      pragma:
      - no-cache
      server:
      - Microsoft-HTTPAPI/2.0
      - Microsoft-HTTPAPI/2.0
      strict-transport-security:
      - max-age=31536000; includeSubDomains
      transfer-encoding:
      - chunked
      vary:
      - Accept-Encoding
      x-content-type-options:
      - nosniff
      x-ms-arm-service-request-id:
      - 25c409d1-b30f-4ae0-b74d-3cb2f0f944f0
    status:
      code: 200
      message: OK
- request:
    body: null
    headers:
      Accept:
      - application/json
      Accept-Encoding:
      - gzip, deflate
      CommandName:
      - network vnet-gateway create
      Connection:
      - keep-alive
      ParameterSetName:
      - -g -n --public-ip-address --vnet --sku --gateway-type --vpn-type --address-prefix
        --client-protocol --aad-audience --aad-issuer --aad-tenant --root-cert-name
        --root-cert-data --radius-secret --radius-server --vpn-auth-type
      User-Agent:
      - AZURECLI/2.39.0 (PIP) azsdk-python-azure-mgmt-resource/21.1.0b1 Python/3.8.10
        (Windows-10-10.0.19044-SP0)
    method: GET
    uri: https://management.azure.com/subscriptions/00000000-0000-0000-0000-000000000000/resourcegroups/test_network_vnet_gateway_multi_auth000001?api-version=2021-04-01
  response:
    body:
      string: '{"id":"/subscriptions/00000000-0000-0000-0000-000000000000/resourceGroups/test_network_vnet_gateway_multi_auth000001","name":"test_network_vnet_gateway_multi_auth000001","type":"Microsoft.Resources/resourceGroups","location":"westus","tags":{"product":"azurecli","cause":"automation","date":"2022-08-28T15:14:32Z"},"properties":{"provisioningState":"Succeeded"}}'
    headers:
      cache-control:
      - no-cache
      content-length:
      - '362'
      content-type:
      - application/json; charset=utf-8
      date:
      - Sun, 28 Aug 2022 15:14:55 GMT
      expires:
      - '-1'
      pragma:
      - no-cache
      strict-transport-security:
      - max-age=31536000; includeSubDomains
      vary:
      - Accept-Encoding
      x-content-type-options:
      - nosniff
    status:
      code: 200
      message: OK
- request:
    body: '{"location": "westus", "properties": {"ipConfigurations": [{"name": "vnetGatewayConfig0",
      "properties": {"privateIPAllocationMethod": "Dynamic", "subnet": {"id": "/subscriptions/00000000-0000-0000-0000-000000000000/resourceGroups/test_network_vnet_gateway_multi_auth000001/providers/Microsoft.Network/virtualNetworks/vnet/subnets/GatewaySubnet"},
      "publicIPAddress": {"id": "/subscriptions/00000000-0000-0000-0000-000000000000/resourceGroups/test_network_vnet_gateway_multi_auth000001/providers/Microsoft.Network/publicIPAddresses/pip"}}}],
      "gatewayType": "Vpn", "vpnType": "RouteBased", "activeActive": false, "sku":
      {"name": "VpnGw2", "tier": "VpnGw2"}, "vpnClientConfiguration": {"vpnClientAddressPool":
      {"addressPrefixes": ["40.1.0.0/24"]}, "vpnClientRootCertificates": [{"name":
      "root-cert", "properties": {"publicCertData": "LS0tLS1CRUdJTiBDRVJUSUZJQ0FURS0tLS0tDQpNSUlEYXpDQ0FsT2dBd0lCQWdJVUovZWNpcmtxTGhmcEZua1NKdW8vSEsrU3EzVXdEUVlKS29aSWh2Y05BUUVMDQpCUUF3UlRFTE1Ba0dBMVVFQmhNQ1FWVXhFekFSQmdOVkJBZ01DbE52YldVdFUzUmhkR1V4SVRBZkJnTlZCQW9NDQpHRWx1ZEdWeWJtVjBJRmRwWkdkcGRITWdVSFI1SUV4MFpEQWVGdzB5TURFeE1Ua3dOak13TlROYUZ3MHlNVEV4DQpNVGt3TmpNd05UTmFNRVV4Q3pBSkJnTlZCQVlUQWtGVk1STXdFUVlEVlFRSURBcFRiMjFsTFZOMFlYUmxNU0V3DQpId1lEVlFRS0RCaEpiblJsY201bGRDQlhhV1JuYVhSeklGQjBlU0JNZEdRd2dnRWlNQTBHQ1NxR1NJYjNEUUVCDQpBUVVBQTRJQkR3QXdnZ0VLQW9JQkFRRFdHNnFzMmUyeURmaTFRbnpON1NIdnNkeVgxY3R5QXc0a0RNL005OTV4DQpJa0diZFNnZEtoYjA5amxZZllHb2ZRTG56cjZoQW1lOVJPMDF5NjZXRkhVbWduWmhoU2xMemowSTJGTkpjQ1IvDQoweE9rSGo5M0tDVDJBZFZDQWRMOFdOL09HSHlSQ0dibXB2QitxdUlEaUM0T1NQb2pDYnQ1RVdzWk5OcUNMM2RLDQorYzJzUGNCZjdCQUd5blp0TW5xcVBFQi9rUVBUa2FrSExCUVRuYUsvcUoweEgyVFlFdWhMblJGWjczcjV4V0lvDQpjUVhJbUFBYU1XejRUdE9FUlN6dE1ncTJFdGlCbEY0emswUkYxNDFHbDhFQzlwTFZkZFVUWFlzenI1NFg3MUIxDQpWV0piMjFqRWpWS1JEVWtKdm56WFBHOUZ4ODdyS21ZVDVkWWRwbFhPMWovcEFnTUJBQUdqVXpCUk1CMEdBMVVkDQpEZ1FXQkJTV1ZzTERsY0s0SkdXWFNxazk2aG43b05zaUVqQWZCZ05WSFNNRUdEQVdnQlNXVnNMRGxjSzRKR1dYDQpTcWs5NmhuN29Oc2lFakFQQmdOVkhSTUJBZjhFQlRBREFRSC9NQTBHQ1NxR1NJYjNEUUVCQ3dVQUE0SUJBUUNUDQpxTzZpeVZDYjdvU2FoNUZ1RDBXbCtlU2prV2VpWmVyTFJVZEplc0hpcWtiYldKRU85Q1dtbUdLRHhXTk1JWFRvDQppbjdCczEwZXIrV0swZjcwekRCbDQxREd2L3ZKSFFHUkVDSlBkQ1FzenAwOWxkSlAzV2VveXBPME8zYzZiMUM1DQpkbmZsN1EyZ2NoWlQ3L3Evd2dsVDJyNDJ3MnVsd2pyMFRnQk9qdEJVdVRoVi9rbktKYWVGakE3UG5hVlliNDN2DQoybHZjOVo2MGROTmxWUDc0bnZWeE1CalRFTGdxVUx4dW5vbjQzUS9mQW9mNFR1MnZiVWpxMUhHMys4cVdTb1ZjDQpSUnJyV2JBS1NHMktIR05FVFEvL1RaUmFKaGJPU21Od2hzdk94VmhrY3phblNTcmRXc1dSYTNVakV2QldKSUlmDQp5Q0FNU2NGMG15bHM5dGtVcnVsVw0KLS0tLS1FTkQgQ0VSVElGSUNBVEUtLS0tLQ0K"}}],
      "vpnClientProtocols": ["OpenVPN"], "vpnAuthenticationTypes": ["AAD", "Certificate",
      "Radius"], "radiusServerAddress": "30.1.1.15", "radiusServerSecret": "111_aaa",
      "aadTenant": "https://login.microsoftonline.com/0ab2c4f4-81e6-44cc-a0b2-b3a47a1443f4",
      "aadAudience": "a21fce82-76af-45e6-8583-a08cb3b956f9", "aadIssuer": "https://sts.windows.net/0ab2c4f4-81e6-44cc-a0b2-b3a47a1443f4/"}}}'
    headers:
      Accept:
      - application/json
      Accept-Encoding:
      - gzip, deflate
      CommandName:
      - network vnet-gateway create
      Connection:
      - keep-alive
      Content-Length:
      - '2909'
      Content-Type:
      - application/json
      ParameterSetName:
      - -g -n --public-ip-address --vnet --sku --gateway-type --vpn-type --address-prefix
        --client-protocol --aad-audience --aad-issuer --aad-tenant --root-cert-name
        --root-cert-data --radius-secret --radius-server --vpn-auth-type
      User-Agent:
      - AZURECLI/2.39.0 (PIP) azsdk-python-azure-mgmt-network/21.0.1 Python/3.8.10
        (Windows-10-10.0.19044-SP0)
    method: PUT
    uri: https://management.azure.com/subscriptions/00000000-0000-0000-0000-000000000000/resourceGroups/test_network_vnet_gateway_multi_auth000001/providers/Microsoft.Network/virtualNetworkGateways/gw?api-version=2022-01-01
  response:
    body:
      string: "{\r\n  \"error\": {\r\n    \"code\": \"VpnClientRootCertificateExpired\",\r\n
        \   \"message\": \"Root certificate /subscriptions/00000000-0000-0000-0000-000000000000/resourceGroups/test_network_vnet_gateway_multi_auth000001/providers/Microsoft.Network/virtualNetworkGateways/gw/vpnClientRootCertificates/root-cert
        is expired. Please remove this certificate and retry.\",\r\n    \"details\":
        []\r\n  }\r\n}"
    headers:
      cache-control:
      - no-cache
      content-length:
      - '380'
      content-type:
      - application/json; charset=utf-8
      date:
      - Sun, 28 Aug 2022 15:15:02 GMT
      expires:
      - '-1'
      pragma:
      - no-cache
      server:
      - Microsoft-HTTPAPI/2.0
      - Microsoft-HTTPAPI/2.0
      strict-transport-security:
      - max-age=31536000; includeSubDomains
      x-content-type-options:
      - nosniff
      x-ms-arm-service-request-id:
      - cdf88f6b-77c6-48b2-a2ac-3b89bb0f9590
      x-ms-ratelimit-remaining-subscription-writes:
      - '1193'
    status:
      code: 400
      message: Bad Request
version: 1
