interactions:
- request:
    body: "{\"properties\": {\"parameters\": {\"name\": {\"value\": \"cli-test-dt-000002\"},
      \"location\": {\"value\": \"eastus\"}}, \"mode\": \"Incremental\", template:{\n
      \   \"$schema\": \"http://schema.management.azure.com/schemas/2014-04-01-preview/deploymentTemplate.json#\",\n
      \   \"contentVersion\": \"1.0.0.0\",\n    \"parameters\": {\n        \"name\":
      {\n            \"type\": \"string\"\n        },\n        \"location\": {\n            \"type\":
      \"string\"\n        }\n    },\n    \"resources\": [\n        {\n            \"apiVersion\":
      \"2020-12-01\",\n            \"name\": \"[parameters('name')]\",\n            \"location\":
      \"[parameters('location')]\",\n            \"type\": \"Microsoft.DigitalTwins/digitalTwinsInstances\",\n
      \           \"properties\": {}\n        }\n    ]\n}}}"
    headers:
      Accept:
      - application/json
      Accept-Encoding:
      - gzip, deflate
      CommandName:
      - deployment group create
      Connection:
      - keep-alive
      Content-Length:
      - '705'
      Content-Type:
      - application/json
      ParameterSetName:
      - --name -g --template-file --parameters --parameters
      User-Agent:
      - AZURECLI/2.45.0 azsdk-python-azure-mgmt-resource/22.0.0 Python/3.10.9 (Linux-5.15.0-1031-azure-x86_64-with-glibc2.31)
        VSTS_7b238909-6802-4b65-b90d-184bca47f458_build_220_0
    method: POST
    uri: https://management.azure.com/subscriptions/00000000-0000-0000-0000-000000000000/resourcegroups/test_digital_twin_private_endpoint_000001/providers/Microsoft.Resources/deployments/mock-deployment/validate?api-version=2022-09-01
  response:
    body:
      string: '{"id":"/subscriptions/00000000-0000-0000-0000-000000000000/resourceGroups/test_digital_twin_private_endpoint_000001/providers/Microsoft.Resources/deployments/cli-test-dt-plr-000003","name":"cli-test-dt-plr-000003","type":"Microsoft.Resources/deployments","properties":{"templateHash":"14167269234551576154","parameters":{"name":{"type":"String","value":"cli-test-dt-000002"},"location":{"type":"String","value":"eastus"}},"mode":"Incremental","provisioningState":"Succeeded","timestamp":"0001-01-01T00:00:00Z","duration":"PT0S","correlationId":"925441ce-c7ad-45a1-a2a4-df7bc9091a59","providers":[{"namespace":"Microsoft.DigitalTwins","resourceTypes":[{"resourceType":"digitalTwinsInstances","locations":["eastus"]}]}],"dependencies":[],"validatedResources":[{"id":"/subscriptions/00000000-0000-0000-0000-000000000000/resourceGroups/test_digital_twin_private_endpoint_000001/providers/Microsoft.DigitalTwins/digitalTwinsInstances/cli-test-dt-000002"}]}}'
    headers:
      cache-control:
      - no-cache
      content-length:
      - '952'
      content-type:
      - application/json; charset=utf-8
      date:
      - Wed, 08 Feb 2023 09:32:28 GMT
      expires:
      - '-1'
      pragma:
      - no-cache
      strict-transport-security:
      - max-age=31536000; includeSubDomains
      transfer-encoding:
      - chunked
      vary:
      - Accept-Encoding
      x-content-type-options:
      - nosniff
      x-ms-ratelimit-remaining-subscription-writes:
      - '1199'
    status:
      code: 200
      message: OK
- request:
    body: "{\"properties\": {\"parameters\": {\"name\": {\"value\": \"cli-test-dt-000002\"},
      \"location\": {\"value\": \"eastus\"}}, \"mode\": \"Incremental\", template:{\n
      \   \"$schema\": \"http://schema.management.azure.com/schemas/2014-04-01-preview/deploymentTemplate.json#\",\n
      \   \"contentVersion\": \"1.0.0.0\",\n    \"parameters\": {\n        \"name\":
      {\n            \"type\": \"string\"\n        },\n        \"location\": {\n            \"type\":
      \"string\"\n        }\n    },\n    \"resources\": [\n        {\n            \"apiVersion\":
      \"2020-12-01\",\n            \"name\": \"[parameters('name')]\",\n            \"location\":
      \"[parameters('location')]\",\n            \"type\": \"Microsoft.DigitalTwins/digitalTwinsInstances\",\n
      \           \"properties\": {}\n        }\n    ]\n}}}"
    headers:
      Accept:
      - application/json
      Accept-Encoding:
      - gzip, deflate
      CommandName:
      - deployment group create
      Connection:
      - keep-alive
      Content-Length:
      - '705'
      Content-Type:
      - application/json
      ParameterSetName:
      - --name -g --template-file --parameters --parameters
      User-Agent:
      - AZURECLI/2.45.0 azsdk-python-azure-mgmt-resource/22.0.0 Python/3.10.9 (Linux-5.15.0-1031-azure-x86_64-with-glibc2.31)
        VSTS_7b238909-6802-4b65-b90d-184bca47f458_build_220_0
    method: PUT
    uri: https://management.azure.com/subscriptions/00000000-0000-0000-0000-000000000000/resourcegroups/test_digital_twin_private_endpoint_000001/providers/Microsoft.Resources/deployments/mock-deployment?api-version=2022-09-01
  response:
    body:
      string: '{"id":"/subscriptions/00000000-0000-0000-0000-000000000000/resourceGroups/test_digital_twin_private_endpoint_000001/providers/Microsoft.Resources/deployments/cli-test-dt-plr-000003","name":"cli-test-dt-plr-000003","type":"Microsoft.Resources/deployments","properties":{"templateHash":"14167269234551576154","parameters":{"name":{"type":"String","value":"cli-test-dt-000002"},"location":{"type":"String","value":"eastus"}},"mode":"Incremental","provisioningState":"Accepted","timestamp":"2023-02-08T09:32:29.6944612Z","duration":"PT0.0009446S","correlationId":"6fbf8f6e-105a-487c-9467-579fab63de7e","providers":[{"namespace":"Microsoft.DigitalTwins","resourceTypes":[{"resourceType":"digitalTwinsInstances","locations":["eastus"]}]}],"dependencies":[]}}'
    headers:
      azure-asyncoperation:
      - https://management.azure.com/subscriptions/00000000-0000-0000-0000-000000000000/resourcegroups/test_digital_twin_private_endpoint_000001/providers/Microsoft.Resources/deployments/cli-test-dt-plr-000003/operationStatuses/08585257581360743280?api-version=2022-09-01
      cache-control:
      - no-cache
      content-length:
      - '752'
      content-type:
      - application/json; charset=utf-8
      date:
      - Wed, 08 Feb 2023 09:32:28 GMT
      expires:
      - '-1'
      pragma:
      - no-cache
      strict-transport-security:
      - max-age=31536000; includeSubDomains
      x-content-type-options:
      - nosniff
      x-ms-ratelimit-remaining-subscription-writes:
      - '1199'
    status:
      code: 201
      message: Created
- request:
    body: null
    headers:
      Accept:
      - '*/*'
      Accept-Encoding:
      - gzip, deflate
      CommandName:
      - deployment group create
      Connection:
      - keep-alive
      ParameterSetName:
      - --name -g --template-file --parameters --parameters
      User-Agent:
      - AZURECLI/2.45.0 azsdk-python-azure-mgmt-resource/22.0.0 Python/3.10.9 (Linux-5.15.0-1031-azure-x86_64-with-glibc2.31)
        VSTS_7b238909-6802-4b65-b90d-184bca47f458_build_220_0
    method: GET
    uri: https://management.azure.com/subscriptions/00000000-0000-0000-0000-000000000000/resourcegroups/test_digital_twin_private_endpoint_000001/providers/Microsoft.Resources/deployments/mock-deployment/operationStatuses/08585257581360743280?api-version=2022-09-01
  response:
    body:
      string: '{"status":"Running"}'
    headers:
      cache-control:
      - no-cache
      content-length:
      - '20'
      content-type:
      - application/json; charset=utf-8
      date:
      - Wed, 08 Feb 2023 09:32:58 GMT
      expires:
      - '-1'
      pragma:
      - no-cache
      strict-transport-security:
      - max-age=31536000; includeSubDomains
      vary:
      - Accept-Encoding
      x-content-type-options:
      - nosniff
    status:
      code: 200
      message: OK
- request:
    body: null
    headers:
      Accept:
      - '*/*'
      Accept-Encoding:
      - gzip, deflate
      CommandName:
      - deployment group create
      Connection:
      - keep-alive
      ParameterSetName:
      - --name -g --template-file --parameters --parameters
      User-Agent:
      - AZURECLI/2.45.0 azsdk-python-azure-mgmt-resource/22.0.0 Python/3.10.9 (Linux-5.15.0-1031-azure-x86_64-with-glibc2.31)
        VSTS_7b238909-6802-4b65-b90d-184bca47f458_build_220_0
    method: GET
    uri: https://management.azure.com/subscriptions/00000000-0000-0000-0000-000000000000/resourcegroups/test_digital_twin_private_endpoint_000001/providers/Microsoft.Resources/deployments/mock-deployment/operationStatuses/08585257581360743280?api-version=2022-09-01
  response:
    body:
      string: '{"status":"Succeeded"}'
    headers:
      cache-control:
      - no-cache
      content-length:
      - '22'
      content-type:
      - application/json; charset=utf-8
      date:
      - Wed, 08 Feb 2023 09:33:29 GMT
      expires:
      - '-1'
      pragma:
      - no-cache
      strict-transport-security:
      - max-age=31536000; includeSubDomains
      vary:
      - Accept-Encoding
      x-content-type-options:
      - nosniff
    status:
      code: 200
      message: OK
- request:
    body: null
    headers:
      Accept:
      - '*/*'
      Accept-Encoding:
      - gzip, deflate
      CommandName:
      - deployment group create
      Connection:
      - keep-alive
      ParameterSetName:
      - --name -g --template-file --parameters --parameters
      User-Agent:
      - AZURECLI/2.45.0 azsdk-python-azure-mgmt-resource/22.0.0 Python/3.10.9 (Linux-5.15.0-1031-azure-x86_64-with-glibc2.31)
        VSTS_7b238909-6802-4b65-b90d-184bca47f458_build_220_0
    method: GET
    uri: https://management.azure.com/subscriptions/00000000-0000-0000-0000-000000000000/resourcegroups/test_digital_twin_private_endpoint_000001/providers/Microsoft.Resources/deployments/mock-deployment?api-version=2022-09-01
  response:
    body:
      string: '{"id":"/subscriptions/00000000-0000-0000-0000-000000000000/resourceGroups/test_digital_twin_private_endpoint_000001/providers/Microsoft.Resources/deployments/cli-test-dt-plr-000003","name":"cli-test-dt-plr-000003","type":"Microsoft.Resources/deployments","properties":{"templateHash":"14167269234551576154","parameters":{"name":{"type":"String","value":"cli-test-dt-000002"},"location":{"type":"String","value":"eastus"}},"mode":"Incremental","provisioningState":"Succeeded","timestamp":"2023-02-08T09:33:12.3143113Z","duration":"PT42.6207947S","correlationId":"6fbf8f6e-105a-487c-9467-579fab63de7e","providers":[{"namespace":"Microsoft.DigitalTwins","resourceTypes":[{"resourceType":"digitalTwinsInstances","locations":["eastus"]}]}],"dependencies":[],"outputResources":[{"id":"/subscriptions/00000000-0000-0000-0000-000000000000/resourceGroups/test_digital_twin_private_endpoint_000001/providers/Microsoft.DigitalTwins/digitalTwinsInstances/cli-test-dt-000002"}]}}'
    headers:
      cache-control:
      - no-cache
      content-length:
      - '966'
      content-type:
      - application/json; charset=utf-8
      date:
      - Wed, 08 Feb 2023 09:33:29 GMT
      expires:
      - '-1'
      pragma:
      - no-cache
      strict-transport-security:
      - max-age=31536000; includeSubDomains
      vary:
      - Accept-Encoding
      x-content-type-options:
      - nosniff
    status:
      code: 200
      message: OK
- request:
    body: null
    headers:
      Accept:
      - '*/*'
      Accept-Encoding:
      - gzip, deflate
      CommandName:
      - network private-link-resource list
      Connection:
      - keep-alive
      ParameterSetName:
      - --name --resource-group --type
      User-Agent:
      - python/3.10.9 (Linux-5.15.0-1031-azure-x86_64-with-glibc2.31) AZURECLI/2.45.0
        VSTS_7b238909-6802-4b65-b90d-184bca47f458_build_220_0
    method: GET
    uri: https://management.azure.com/subscriptions/00000000-0000-0000-0000-000000000000/resourceGroups/test_digital_twin_private_endpoint_000001/providers/Microsoft.DigitalTwins/digitalTwinsInstances/cli-test-dt-000002/privateLinkResources?api-version=2020-12-01
  response:
    body:
      string: '{"value":[{"id":"/subscriptions/00000000-0000-0000-0000-000000000000/resourceGroups/test_digital_twin_private_endpoint_000001/providers/Microsoft.DigitalTwins/digitalTwinsInstances/cli-test-dt-000002/privateLinkResources/API","name":"API","type":"Microsoft.DigitalTwins/digitalTwinsInstances/privateLinkResources","properties":{"groupId":"API","requiredMembers":["DigitalTwinsAPI"],"requiredZoneNames":["privatelink.digitaltwins.azure.net"]}}]}'
    headers:
      cache-control:
      - no-cache
      content-length:
      - '444'
      content-type:
      - application/json; charset=utf-8
      date:
      - Wed, 08 Feb 2023 09:33:31 GMT
      expires:
      - '-1'
      pragma:
      - no-cache
      server:
      - Kestrel
      strict-transport-security:
      - max-age=31536000; includeSubDomains
      traceresponse:
      - 00-f8f68afb17d450e6372cbfe3b70e5092-599d1da6da52633e-01
      transfer-encoding:
      - chunked
      vary:
      - Accept-Encoding
      x-content-type-options:
      - nosniff
    status:
      code: 200
      message: OK
- request:
    body: null
    headers:
      Accept:
      - application/json
      Accept-Encoding:
      - gzip, deflate
      CommandName:
      - network vnet create
      Connection:
      - keep-alive
      ParameterSetName:
      - -n -g --subnet-name
      User-Agent:
      - AZURECLI/2.45.0 azsdk-python-azure-mgmt-resource/22.0.0 Python/3.10.9 (Linux-5.15.0-1031-azure-x86_64-with-glibc2.31)
        VSTS_7b238909-6802-4b65-b90d-184bca47f458_build_220_0
    method: GET
    uri: https://management.azure.com/subscriptions/00000000-0000-0000-0000-000000000000/resourcegroups/test_digital_twin_private_endpoint_000001?api-version=2022-09-01
  response:
    body:
      string: '{"id":"/subscriptions/00000000-0000-0000-0000-000000000000/resourceGroups/test_digital_twin_private_endpoint_000001","name":"test_digital_twin_private_endpoint_000001","type":"Microsoft.Resources/resourceGroups","location":"eastus","tags":{"product":"azurecli","cause":"automation","date":"2023-02-08T09:32:28Z"},"properties":{"provisioningState":"Succeeded"}}'
    headers:
      cache-control:
      - no-cache
      content-length:
      - '360'
      content-type:
      - application/json; charset=utf-8
      date:
      - Wed, 08 Feb 2023 09:33:31 GMT
      expires:
      - '-1'
      pragma:
      - no-cache
      strict-transport-security:
      - max-age=31536000; includeSubDomains
      vary:
      - Accept-Encoding
      x-content-type-options:
      - nosniff
    status:
      code: 200
      message: OK
- request:
    body: '{"location": "eastus", "properties": {"addressSpace": {"addressPrefixes":
      ["10.0.0.0/16"]}, "enableDdosProtection": false, "enableVmProtection": false,
      "subnets": [{"name": "cli-subnet-000005", "properties": {"addressPrefix": "10.0.0.0/24"}}]}}'
    headers:
      Accept:
      - application/json
      Accept-Encoding:
      - gzip, deflate
      CommandName:
      - network vnet create
      Connection:
      - keep-alive
      Content-Length:
      - '244'
      Content-Type:
      - application/json
      ParameterSetName:
      - -n -g --subnet-name
      User-Agent:
      - AZURECLI/2.45.0 (AAZ) azsdk-python-core/1.24.0 Python/3.10.9 (Linux-5.15.0-1031-azure-x86_64-with-glibc2.31)
        VSTS_7b238909-6802-4b65-b90d-184bca47f458_build_220_0
    method: PUT
    uri: https://management.azure.com/subscriptions/00000000-0000-0000-0000-000000000000/resourceGroups/test_digital_twin_private_endpoint_000001/providers/Microsoft.Network/virtualNetworks/cli-vnet-000004?api-version=2022-01-01
  response:
    body:
      string: "{\r\n  \"name\": \"cli-vnet-000004\",\r\n  \"id\": \"/subscriptions/00000000-0000-0000-0000-000000000000/resourceGroups/test_digital_twin_private_endpoint_000001/providers/Microsoft.Network/virtualNetworks/cli-vnet-000004\",\r\n
        \ \"etag\": \"W/\\\"54d3b7ff-c465-4723-b7b8-cb2d44d227a9\\\"\",\r\n  \"type\":
        \"Microsoft.Network/virtualNetworks\",\r\n  \"location\": \"eastus\",\r\n
        \ \"properties\": {\r\n    \"provisioningState\": \"Updating\",\r\n    \"resourceGuid\":
        \"d54cd13e-12ea-4e00-a37a-99b3821d642f\",\r\n    \"addressSpace\": {\r\n      \"addressPrefixes\":
        [\r\n        \"10.0.0.0/16\"\r\n      ]\r\n    },\r\n    \"subnets\": [\r\n
        \     {\r\n        \"name\": \"cli-subnet-000005\",\r\n        \"id\": \"/subscriptions/00000000-0000-0000-0000-000000000000/resourceGroups/test_digital_twin_private_endpoint_000001/providers/Microsoft.Network/virtualNetworks/cli-vnet-000004/subnets/cli-subnet-000005\",\r\n
        \       \"etag\": \"W/\\\"54d3b7ff-c465-4723-b7b8-cb2d44d227a9\\\"\",\r\n
        \       \"properties\": {\r\n          \"provisioningState\": \"Updating\",\r\n
        \         \"addressPrefix\": \"10.0.0.0/24\",\r\n          \"delegations\":
        [],\r\n          \"privateEndpointNetworkPolicies\": \"Disabled\",\r\n          \"privateLinkServiceNetworkPolicies\":
        \"Enabled\"\r\n        },\r\n        \"type\": \"Microsoft.Network/virtualNetworks/subnets\"\r\n
        \     }\r\n    ],\r\n    \"virtualNetworkPeerings\": [],\r\n    \"enableDdosProtection\":
        false\r\n  }\r\n}"
    headers:
      azure-asyncnotification:
      - Enabled
      azure-asyncoperation:
      - https://management.azure.com/subscriptions/00000000-0000-0000-0000-000000000000/providers/Microsoft.Network/locations/eastus/operations/aabdc096-ed11-4739-9802-4347ccaa2916?api-version=2022-01-01
      cache-control:
      - no-cache
      content-length:
      - '1317'
      content-type:
      - application/json; charset=utf-8
      date:
      - Wed, 08 Feb 2023 09:33:32 GMT
      expires:
      - '-1'
      pragma:
      - no-cache
      server:
      - Microsoft-HTTPAPI/2.0
      - Microsoft-HTTPAPI/2.0
      strict-transport-security:
      - max-age=31536000; includeSubDomains
      x-content-type-options:
      - nosniff
      x-ms-arm-service-request-id:
      - b423750e-465f-4c0a-8d9d-018b04f3da97
      x-ms-ratelimit-remaining-subscription-writes:
      - '1198'
    status:
      code: 201
      message: Created
- request:
    body: null
    headers:
      Accept:
      - '*/*'
      Accept-Encoding:
      - gzip, deflate
      CommandName:
      - network vnet create
      Connection:
      - keep-alive
      ParameterSetName:
      - -n -g --subnet-name
      User-Agent:
      - AZURECLI/2.45.0 (AAZ) azsdk-python-core/1.24.0 Python/3.10.9 (Linux-5.15.0-1031-azure-x86_64-with-glibc2.31)
        VSTS_7b238909-6802-4b65-b90d-184bca47f458_build_220_0
    method: GET
    uri: https://management.azure.com/subscriptions/00000000-0000-0000-0000-000000000000/providers/Microsoft.Network/locations/eastus/operations/aabdc096-ed11-4739-9802-4347ccaa2916?api-version=2022-01-01
  response:
    body:
      string: "{\r\n  \"status\": \"Succeeded\"\r\n}"
    headers:
      cache-control:
      - no-cache
      content-length:
      - '29'
      content-type:
      - application/json; charset=utf-8
      date:
      - Wed, 08 Feb 2023 09:33:35 GMT
      expires:
      - '-1'
      pragma:
      - no-cache
      server:
      - Microsoft-HTTPAPI/2.0
      - Microsoft-HTTPAPI/2.0
      strict-transport-security:
      - max-age=31536000; includeSubDomains
      transfer-encoding:
      - chunked
      vary:
      - Accept-Encoding
      x-content-type-options:
      - nosniff
      x-ms-arm-service-request-id:
      - a871e053-f646-48cb-8308-cc11c6010960
    status:
      code: 200
      message: OK
- request:
    body: null
    headers:
      Accept:
      - '*/*'
      Accept-Encoding:
      - gzip, deflate
      CommandName:
      - network vnet create
      Connection:
      - keep-alive
      ParameterSetName:
      - -n -g --subnet-name
      User-Agent:
      - AZURECLI/2.45.0 (AAZ) azsdk-python-core/1.24.0 Python/3.10.9 (Linux-5.15.0-1031-azure-x86_64-with-glibc2.31)
        VSTS_7b238909-6802-4b65-b90d-184bca47f458_build_220_0
    method: GET
    uri: https://management.azure.com/subscriptions/00000000-0000-0000-0000-000000000000/resourceGroups/test_digital_twin_private_endpoint_000001/providers/Microsoft.Network/virtualNetworks/cli-vnet-000004?api-version=2022-01-01
  response:
    body:
      string: "{\r\n  \"name\": \"cli-vnet-000004\",\r\n  \"id\": \"/subscriptions/00000000-0000-0000-0000-000000000000/resourceGroups/test_digital_twin_private_endpoint_000001/providers/Microsoft.Network/virtualNetworks/cli-vnet-000004\",\r\n
        \ \"etag\": \"W/\\\"845cb103-221e-4faf-9c6c-65ebf61e4a07\\\"\",\r\n  \"type\":
        \"Microsoft.Network/virtualNetworks\",\r\n  \"location\": \"eastus\",\r\n
        \ \"properties\": {\r\n    \"provisioningState\": \"Succeeded\",\r\n    \"resourceGuid\":
        \"d54cd13e-12ea-4e00-a37a-99b3821d642f\",\r\n    \"addressSpace\": {\r\n      \"addressPrefixes\":
        [\r\n        \"10.0.0.0/16\"\r\n      ]\r\n    },\r\n    \"subnets\": [\r\n
        \     {\r\n        \"name\": \"cli-subnet-000005\",\r\n        \"id\": \"/subscriptions/00000000-0000-0000-0000-000000000000/resourceGroups/test_digital_twin_private_endpoint_000001/providers/Microsoft.Network/virtualNetworks/cli-vnet-000004/subnets/cli-subnet-000005\",\r\n
        \       \"etag\": \"W/\\\"845cb103-221e-4faf-9c6c-65ebf61e4a07\\\"\",\r\n
        \       \"properties\": {\r\n          \"provisioningState\": \"Succeeded\",\r\n
        \         \"addressPrefix\": \"10.0.0.0/24\",\r\n          \"delegations\":
        [],\r\n          \"privateEndpointNetworkPolicies\": \"Disabled\",\r\n          \"privateLinkServiceNetworkPolicies\":
        \"Enabled\"\r\n        },\r\n        \"type\": \"Microsoft.Network/virtualNetworks/subnets\"\r\n
        \     }\r\n    ],\r\n    \"virtualNetworkPeerings\": [],\r\n    \"enableDdosProtection\":
        false\r\n  }\r\n}"
    headers:
      cache-control:
      - no-cache
      content-length:
      - '1319'
      content-type:
      - application/json; charset=utf-8
      date:
      - Wed, 08 Feb 2023 09:33:35 GMT
      etag:
      - W/"845cb103-221e-4faf-9c6c-65ebf61e4a07"
      expires:
      - '-1'
      pragma:
      - no-cache
      server:
      - Microsoft-HTTPAPI/2.0
      - Microsoft-HTTPAPI/2.0
      strict-transport-security:
      - max-age=31536000; includeSubDomains
      transfer-encoding:
      - chunked
      vary:
      - Accept-Encoding
      x-content-type-options:
      - nosniff
      x-ms-arm-service-request-id:
      - 9f556de4-8a9e-4c61-8168-b795fb49fcb0
    status:
      code: 200
      message: OK
- request:
    body: null
    headers:
      Accept:
      - application/json
      Accept-Encoding:
      - gzip, deflate
      CommandName:
      - network vnet subnet update
      Connection:
      - keep-alive
      ParameterSetName:
      - -n --vnet-name -g --disable-private-endpoint-network-policies
      User-Agent:
      - AZURECLI/2.45.0 (AAZ) azsdk-python-core/1.24.0 Python/3.10.9 (Linux-5.15.0-1031-azure-x86_64-with-glibc2.31)
        VSTS_7b238909-6802-4b65-b90d-184bca47f458_build_220_0
    method: GET
    uri: https://management.azure.com/subscriptions/00000000-0000-0000-0000-000000000000/resourceGroups/test_digital_twin_private_endpoint_000001/providers/Microsoft.Network/virtualNetworks/cli-vnet-000004/subnets/cli-subnet-000005?api-version=2022-01-01
  response:
    body:
      string: "{\r\n  \"name\": \"cli-subnet-000005\",\r\n  \"id\": \"/subscriptions/00000000-0000-0000-0000-000000000000/resourceGroups/test_digital_twin_private_endpoint_000001/providers/Microsoft.Network/virtualNetworks/cli-vnet-000004/subnets/cli-subnet-000005\",\r\n
        \ \"etag\": \"W/\\\"845cb103-221e-4faf-9c6c-65ebf61e4a07\\\"\",\r\n  \"properties\":
        {\r\n    \"provisioningState\": \"Succeeded\",\r\n    \"addressPrefix\": \"10.0.0.0/24\",\r\n
        \   \"delegations\": [],\r\n    \"privateEndpointNetworkPolicies\": \"Disabled\",\r\n
        \   \"privateLinkServiceNetworkPolicies\": \"Enabled\"\r\n  },\r\n  \"type\":
        \"Microsoft.Network/virtualNetworks/subnets\"\r\n}"
    headers:
      cache-control:
      - no-cache
      content-length:
      - '583'
      content-type:
      - application/json; charset=utf-8
      date:
      - Wed, 08 Feb 2023 09:33:35 GMT
      etag:
      - W/"845cb103-221e-4faf-9c6c-65ebf61e4a07"
      expires:
      - '-1'
      pragma:
      - no-cache
      server:
      - Microsoft-HTTPAPI/2.0
      - Microsoft-HTTPAPI/2.0
      strict-transport-security:
      - max-age=31536000; includeSubDomains
      transfer-encoding:
      - chunked
      vary:
      - Accept-Encoding
      x-content-type-options:
      - nosniff
      x-ms-arm-service-request-id:
      - 90021036-7a55-4cb8-921c-55df8618d3cd
    status:
      code: 200
      message: OK
- request:
    body: '{"id": "/subscriptions/00000000-0000-0000-0000-000000000000/resourceGroups/test_digital_twin_private_endpoint_000001/providers/Microsoft.Network/virtualNetworks/cli-vnet-000004/subnets/cli-subnet-000005",
      "name": "cli-subnet-000005", "properties": {"addressPrefix": "10.0.0.0/24",
      "delegations": [], "privateEndpointNetworkPolicies": "Disabled", "privateLinkServiceNetworkPolicies":
      "Enabled"}, "type": "Microsoft.Network/virtualNetworks/subnets"}'
    headers:
      Accept:
      - application/json
      Accept-Encoding:
      - gzip, deflate
      CommandName:
      - network vnet subnet update
      Connection:
      - keep-alive
      Content-Length:
      - '447'
      Content-Type:
      - application/json
      ParameterSetName:
      - -n --vnet-name -g --disable-private-endpoint-network-policies
      User-Agent:
      - AZURECLI/2.45.0 (AAZ) azsdk-python-core/1.24.0 Python/3.10.9 (Linux-5.15.0-1031-azure-x86_64-with-glibc2.31)
        VSTS_7b238909-6802-4b65-b90d-184bca47f458_build_220_0
    method: PUT
    uri: https://management.azure.com/subscriptions/00000000-0000-0000-0000-000000000000/resourceGroups/test_digital_twin_private_endpoint_000001/providers/Microsoft.Network/virtualNetworks/cli-vnet-000004/subnets/cli-subnet-000005?api-version=2022-01-01
  response:
    body:
      string: "{\r\n  \"name\": \"cli-subnet-000005\",\r\n  \"id\": \"/subscriptions/00000000-0000-0000-0000-000000000000/resourceGroups/test_digital_twin_private_endpoint_000001/providers/Microsoft.Network/virtualNetworks/cli-vnet-000004/subnets/cli-subnet-000005\",\r\n
        \ \"etag\": \"W/\\\"c01c34bf-c874-4d9b-8f7d-a8f46666a86a\\\"\",\r\n  \"properties\":
        {\r\n    \"provisioningState\": \"Succeeded\",\r\n    \"addressPrefix\": \"10.0.0.0/24\",\r\n
        \   \"delegations\": [],\r\n    \"privateEndpointNetworkPolicies\": \"Disabled\",\r\n
        \   \"privateLinkServiceNetworkPolicies\": \"Enabled\"\r\n  },\r\n  \"type\":
        \"Microsoft.Network/virtualNetworks/subnets\"\r\n}"
    headers:
      azure-asyncnotification:
      - Enabled
      azure-asyncoperation:
      - https://management.azure.com/subscriptions/00000000-0000-0000-0000-000000000000/providers/Microsoft.Network/locations/eastus/operations/a8ca84f9-136d-46be-b285-0fc9a1a36fe8?api-version=2022-01-01
      cache-control:
      - no-cache
      content-length:
      - '583'
      content-type:
      - application/json; charset=utf-8
      date:
      - Wed, 08 Feb 2023 09:33:36 GMT
      expires:
      - '-1'
      pragma:
      - no-cache
      server:
      - Microsoft-HTTPAPI/2.0
      - Microsoft-HTTPAPI/2.0
      strict-transport-security:
      - max-age=31536000; includeSubDomains
      transfer-encoding:
      - chunked
      vary:
      - Accept-Encoding
      x-content-type-options:
      - nosniff
      x-ms-arm-service-request-id:
      - 4c03f891-4724-4c30-8276-587c33c4883a
      x-ms-ratelimit-remaining-subscription-writes:
      - '1199'
    status:
      code: 200
      message: OK
- request:
    body: null
    headers:
      Accept:
      - '*/*'
      Accept-Encoding:
      - gzip, deflate
      CommandName:
      - network vnet subnet update
      Connection:
      - keep-alive
      ParameterSetName:
      - -n --vnet-name -g --disable-private-endpoint-network-policies
      User-Agent:
      - AZURECLI/2.45.0 (AAZ) azsdk-python-core/1.24.0 Python/3.10.9 (Linux-5.15.0-1031-azure-x86_64-with-glibc2.31)
        VSTS_7b238909-6802-4b65-b90d-184bca47f458_build_220_0
    method: GET
    uri: https://management.azure.com/subscriptions/00000000-0000-0000-0000-000000000000/providers/Microsoft.Network/locations/eastus/operations/a8ca84f9-136d-46be-b285-0fc9a1a36fe8?api-version=2022-01-01
  response:
    body:
      string: "{\r\n  \"status\": \"Succeeded\"\r\n}"
    headers:
      cache-control:
      - no-cache
      content-length:
      - '29'
      content-type:
      - application/json; charset=utf-8
      date:
      - Wed, 08 Feb 2023 09:34:06 GMT
      expires:
      - '-1'
      pragma:
      - no-cache
      server:
      - Microsoft-HTTPAPI/2.0
      - Microsoft-HTTPAPI/2.0
      strict-transport-security:
      - max-age=31536000; includeSubDomains
      transfer-encoding:
      - chunked
      vary:
      - Accept-Encoding
      x-content-type-options:
      - nosniff
      x-ms-arm-service-request-id:
      - abbe618f-9b90-441b-a98d-519970bd229d
    status:
      code: 200
      message: OK
- request:
    body: null
    headers:
      Accept:
      - '*/*'
      Accept-Encoding:
      - gzip, deflate
      CommandName:
      - network vnet subnet update
      Connection:
      - keep-alive
      ParameterSetName:
      - -n --vnet-name -g --disable-private-endpoint-network-policies
      User-Agent:
      - AZURECLI/2.45.0 (AAZ) azsdk-python-core/1.24.0 Python/3.10.9 (Linux-5.15.0-1031-azure-x86_64-with-glibc2.31)
        VSTS_7b238909-6802-4b65-b90d-184bca47f458_build_220_0
    method: GET
    uri: https://management.azure.com/subscriptions/00000000-0000-0000-0000-000000000000/resourceGroups/test_digital_twin_private_endpoint_000001/providers/Microsoft.Network/virtualNetworks/cli-vnet-000004/subnets/cli-subnet-000005?api-version=2022-01-01
  response:
    body:
      string: "{\r\n  \"name\": \"cli-subnet-000005\",\r\n  \"id\": \"/subscriptions/00000000-0000-0000-0000-000000000000/resourceGroups/test_digital_twin_private_endpoint_000001/providers/Microsoft.Network/virtualNetworks/cli-vnet-000004/subnets/cli-subnet-000005\",\r\n
        \ \"etag\": \"W/\\\"c01c34bf-c874-4d9b-8f7d-a8f46666a86a\\\"\",\r\n  \"properties\":
        {\r\n    \"provisioningState\": \"Succeeded\",\r\n    \"addressPrefix\": \"10.0.0.0/24\",\r\n
        \   \"delegations\": [],\r\n    \"privateEndpointNetworkPolicies\": \"Disabled\",\r\n
        \   \"privateLinkServiceNetworkPolicies\": \"Enabled\"\r\n  },\r\n  \"type\":
        \"Microsoft.Network/virtualNetworks/subnets\"\r\n}"
    headers:
      cache-control:
      - no-cache
      content-length:
      - '583'
      content-type:
      - application/json; charset=utf-8
      date:
      - Wed, 08 Feb 2023 09:34:06 GMT
      etag:
      - W/"c01c34bf-c874-4d9b-8f7d-a8f46666a86a"
      expires:
      - '-1'
      pragma:
      - no-cache
      server:
      - Microsoft-HTTPAPI/2.0
      - Microsoft-HTTPAPI/2.0
      strict-transport-security:
      - max-age=31536000; includeSubDomains
      transfer-encoding:
      - chunked
      vary:
      - Accept-Encoding
      x-content-type-options:
      - nosniff
      x-ms-arm-service-request-id:
      - 91a1f634-9d58-48d6-97c3-fa06e04bd87d
    status:
      code: 200
      message: OK
- request:
    body: null
    headers:
      Accept:
      - application/json
      Accept-Encoding:
      - gzip, deflate
      CommandName:
      - network private-endpoint create
      Connection:
      - keep-alive
      ParameterSetName:
      - -g -n --vnet-name --subnet --connection-name --private-connection-resource-id
        --group-id --manual-request
      User-Agent:
      - AZURECLI/2.45.0 azsdk-python-azure-mgmt-resource/22.0.0 Python/3.10.9 (Linux-5.15.0-1031-azure-x86_64-with-glibc2.31)
        VSTS_7b238909-6802-4b65-b90d-184bca47f458_build_220_0
    method: GET
    uri: https://management.azure.com/subscriptions/00000000-0000-0000-0000-000000000000/resourcegroups/test_digital_twin_private_endpoint_000001?api-version=2022-09-01
  response:
    body:
      string: '{"id":"/subscriptions/00000000-0000-0000-0000-000000000000/resourceGroups/test_digital_twin_private_endpoint_000001","name":"test_digital_twin_private_endpoint_000001","type":"Microsoft.Resources/resourceGroups","location":"eastus","tags":{"product":"azurecli","cause":"automation","date":"2023-02-08T09:32:28Z"},"properties":{"provisioningState":"Succeeded"}}'
    headers:
      cache-control:
      - no-cache
      content-length:
      - '360'
      content-type:
      - application/json; charset=utf-8
      date:
      - Wed, 08 Feb 2023 09:34:07 GMT
      expires:
      - '-1'
      pragma:
      - no-cache
      strict-transport-security:
      - max-age=31536000; includeSubDomains
      vary:
      - Accept-Encoding
      x-content-type-options:
      - nosniff
    status:
      code: 200
      message: OK
- request:
    body: '{"location": "eastus", "properties": {"manualPrivateLinkServiceConnections":
      [{"name": "cli-pec-000007", "properties": {"groupIds": ["API"], "privateLinkServiceId":
      "/subscriptions/00000000-0000-0000-0000-000000000000/resourceGroups/test_digital_twin_private_endpoint_000001/providers/Microsoft.DigitalTwins/digitalTwinsInstances/cli-test-dt-000002"}}],
      "subnet": {"id": "/subscriptions/00000000-0000-0000-0000-000000000000/resourceGroups/test_digital_twin_private_endpoint_000001/providers/Microsoft.Network/virtualNetworks/cli-vnet-000004/subnets/cli-subnet-000005"}}}'
    headers:
      Accept:
      - application/json
      Accept-Encoding:
      - gzip, deflate
      CommandName:
      - network private-endpoint create
      Connection:
      - keep-alive
      Content-Length:
      - '570'
      Content-Type:
      - application/json
      ParameterSetName:
      - -g -n --vnet-name --subnet --connection-name --private-connection-resource-id
        --group-id --manual-request
      User-Agent:
      - AZURECLI/2.45.0 (AAZ) azsdk-python-core/1.24.0 Python/3.10.9 (Linux-5.15.0-1031-azure-x86_64-with-glibc2.31)
        VSTS_7b238909-6802-4b65-b90d-184bca47f458_build_220_0
    method: PUT
    uri: https://management.azure.com/subscriptions/00000000-0000-0000-0000-000000000000/resourceGroups/test_digital_twin_private_endpoint_000001/providers/Microsoft.Network/privateEndpoints/cli-pe-000006?api-version=2022-01-01
  response:
    body:
      string: "{\r\n  \"name\": \"cli-pe-000006\",\r\n  \"id\": \"/subscriptions/00000000-0000-0000-0000-000000000000/resourceGroups/test_digital_twin_private_endpoint_000001/providers/Microsoft.Network/privateEndpoints/cli-pe-000006\",\r\n
        \ \"etag\": \"W/\\\"2ea55df2-97d9-48e4-bbc5-284721f6486d\\\"\",\r\n  \"type\":
        \"Microsoft.Network/privateEndpoints\",\r\n  \"location\": \"eastus\",\r\n
        \ \"properties\": {\r\n    \"provisioningState\": \"Updating\",\r\n    \"resourceGuid\":
        \"2887e391-240d-43ac-bfe9-2bb47cd32928\",\r\n    \"privateLinkServiceConnections\":
        [],\r\n    \"manualPrivateLinkServiceConnections\": [\r\n      {\r\n        \"name\":
        \"cli-pec-000007\",\r\n        \"id\": \"/subscriptions/00000000-0000-0000-0000-000000000000/resourceGroups/test_digital_twin_private_endpoint_000001/providers/Microsoft.Network/privateEndpoints/cli-pe-000006/manualPrivateLinkServiceConnections/cli-pec-000007\",\r\n
        \       \"etag\": \"W/\\\"2ea55df2-97d9-48e4-bbc5-284721f6486d\\\"\",\r\n
        \       \"properties\": {\r\n          \"provisioningState\": \"Succeeded\",\r\n
        \         \"privateLinkServiceId\": \"/subscriptions/00000000-0000-0000-0000-000000000000/resourceGroups/test_digital_twin_private_endpoint_000001/providers/Microsoft.DigitalTwins/digitalTwinsInstances/cli-test-dt-000002\",\r\n
        \         \"groupIds\": [\r\n            \"API\"\r\n          ],\r\n          \"privateLinkServiceConnectionState\":
        {\r\n            \"status\": \"Pending\",\r\n            \"description\":
        \"Awaiting Approval\",\r\n            \"actionsRequired\": \"None\"\r\n          }\r\n
        \       },\r\n        \"type\": \"Microsoft.Network/privateEndpoints/manualPrivateLinkServiceConnections\"\r\n
        \     }\r\n    ],\r\n    \"customNetworkInterfaceName\": \"\",\r\n    \"subnet\":
        {\r\n      \"id\": \"/subscriptions/00000000-0000-0000-0000-000000000000/resourceGroups/test_digital_twin_private_endpoint_000001/providers/Microsoft.Network/virtualNetworks/cli-vnet-000004/subnets/cli-subnet-000005\"\r\n
        \   },\r\n    \"ipConfigurations\": [],\r\n    \"networkInterfaces\": [\r\n
        \     {\r\n        \"id\": \"/subscriptions/00000000-0000-0000-0000-000000000000/resourceGroups/test_digital_twin_private_endpoint_000001/providers/Microsoft.Network/networkInterfaces/cli-pe-000006.nic.62c6c348-603a-4fdd-95d2-2d3a3265bd8a\"\r\n
        \     }\r\n    ],\r\n    \"customDnsConfigs\": []\r\n  }\r\n}"
    headers:
      azure-asyncnotification:
      - Enabled
      azure-asyncoperation:
      - https://management.azure.com/subscriptions/00000000-0000-0000-0000-000000000000/providers/Microsoft.Network/locations/eastus/operations/6d824afe-7099-4186-982f-3e03fe4656a0?api-version=2022-01-01
      cache-control:
      - no-cache
      content-length:
      - '2163'
      content-type:
      - application/json; charset=utf-8
      date:
      - Wed, 08 Feb 2023 09:34:07 GMT
      expires:
      - '-1'
      pragma:
      - no-cache
      server:
      - Microsoft-HTTPAPI/2.0
      - Microsoft-HTTPAPI/2.0
      strict-transport-security:
      - max-age=31536000; includeSubDomains
      x-content-type-options:
      - nosniff
      x-ms-arm-service-request-id:
      - 3aec0d96-5689-4304-8755-4012bfb5b3fb
      x-ms-ratelimit-remaining-subscription-writes:
      - '1199'
    status:
      code: 201
      message: Created
- request:
    body: null
    headers:
      Accept:
      - '*/*'
      Accept-Encoding:
      - gzip, deflate
      CommandName:
      - network private-endpoint create
      Connection:
      - keep-alive
      ParameterSetName:
      - -g -n --vnet-name --subnet --connection-name --private-connection-resource-id
        --group-id --manual-request
      User-Agent:
      - AZURECLI/2.45.0 (AAZ) azsdk-python-core/1.24.0 Python/3.10.9 (Linux-5.15.0-1031-azure-x86_64-with-glibc2.31)
        VSTS_7b238909-6802-4b65-b90d-184bca47f458_build_220_0
    method: GET
    uri: https://management.azure.com/subscriptions/00000000-0000-0000-0000-000000000000/providers/Microsoft.Network/locations/eastus/operations/6d824afe-7099-4186-982f-3e03fe4656a0?api-version=2022-01-01
  response:
    body:
      string: "{\r\n  \"status\": \"InProgress\"\r\n}"
    headers:
      cache-control:
      - no-cache
      content-length:
      - '30'
      content-type:
      - application/json; charset=utf-8
      date:
      - Wed, 08 Feb 2023 09:34:17 GMT
      expires:
      - '-1'
      pragma:
      - no-cache
      server:
      - Microsoft-HTTPAPI/2.0
      - Microsoft-HTTPAPI/2.0
      strict-transport-security:
      - max-age=31536000; includeSubDomains
      transfer-encoding:
      - chunked
      vary:
      - Accept-Encoding
      x-content-type-options:
      - nosniff
      x-ms-arm-service-request-id:
      - f4939823-758b-4b77-b3e5-db99d61fbe07
    status:
      code: 200
      message: OK
- request:
    body: null
    headers:
      Accept:
      - '*/*'
      Accept-Encoding:
      - gzip, deflate
      CommandName:
      - network private-endpoint create
      Connection:
      - keep-alive
      ParameterSetName:
      - -g -n --vnet-name --subnet --connection-name --private-connection-resource-id
        --group-id --manual-request
      User-Agent:
      - AZURECLI/2.45.0 (AAZ) azsdk-python-core/1.24.0 Python/3.10.9 (Linux-5.15.0-1031-azure-x86_64-with-glibc2.31)
        VSTS_7b238909-6802-4b65-b90d-184bca47f458_build_220_0
    method: GET
    uri: https://management.azure.com/subscriptions/00000000-0000-0000-0000-000000000000/providers/Microsoft.Network/locations/eastus/operations/6d824afe-7099-4186-982f-3e03fe4656a0?api-version=2022-01-01
  response:
    body:
      string: "{\r\n  \"status\": \"Succeeded\"\r\n}"
    headers:
      cache-control:
      - no-cache
      content-length:
      - '29'
      content-type:
      - application/json; charset=utf-8
      date:
      - Wed, 08 Feb 2023 09:34:27 GMT
      expires:
      - '-1'
      pragma:
      - no-cache
      server:
      - Microsoft-HTTPAPI/2.0
      - Microsoft-HTTPAPI/2.0
      strict-transport-security:
      - max-age=31536000; includeSubDomains
      transfer-encoding:
      - chunked
      vary:
      - Accept-Encoding
      x-content-type-options:
      - nosniff
      x-ms-arm-service-request-id:
      - 58d3a220-cec8-4f1d-9b3f-dd198b5127ec
    status:
      code: 200
      message: OK
- request:
    body: null
    headers:
      Accept:
      - '*/*'
      Accept-Encoding:
      - gzip, deflate
      CommandName:
      - network private-endpoint create
      Connection:
      - keep-alive
      ParameterSetName:
      - -g -n --vnet-name --subnet --connection-name --private-connection-resource-id
        --group-id --manual-request
      User-Agent:
      - AZURECLI/2.45.0 (AAZ) azsdk-python-core/1.24.0 Python/3.10.9 (Linux-5.15.0-1031-azure-x86_64-with-glibc2.31)
        VSTS_7b238909-6802-4b65-b90d-184bca47f458_build_220_0
    method: GET
    uri: https://management.azure.com/subscriptions/00000000-0000-0000-0000-000000000000/resourceGroups/test_digital_twin_private_endpoint_000001/providers/Microsoft.Network/privateEndpoints/cli-pe-000006?api-version=2022-01-01
  response:
    body:
      string: "{\r\n  \"name\": \"cli-pe-000006\",\r\n  \"id\": \"/subscriptions/00000000-0000-0000-0000-000000000000/resourceGroups/test_digital_twin_private_endpoint_000001/providers/Microsoft.Network/privateEndpoints/cli-pe-000006\",\r\n
        \ \"etag\": \"W/\\\"69d7f5ed-6257-4b56-9ddd-6e135aaab715\\\"\",\r\n  \"type\":
        \"Microsoft.Network/privateEndpoints\",\r\n  \"location\": \"eastus\",\r\n
        \ \"properties\": {\r\n    \"provisioningState\": \"Succeeded\",\r\n    \"resourceGuid\":
        \"2887e391-240d-43ac-bfe9-2bb47cd32928\",\r\n    \"privateLinkServiceConnections\":
        [],\r\n    \"manualPrivateLinkServiceConnections\": [\r\n      {\r\n        \"name\":
        \"cli-pec-000007\",\r\n        \"id\": \"/subscriptions/00000000-0000-0000-0000-000000000000/resourceGroups/test_digital_twin_private_endpoint_000001/providers/Microsoft.Network/privateEndpoints/cli-pe-000006/manualPrivateLinkServiceConnections/cli-pec-000007\",\r\n
        \       \"etag\": \"W/\\\"69d7f5ed-6257-4b56-9ddd-6e135aaab715\\\"\",\r\n
        \       \"properties\": {\r\n          \"provisioningState\": \"Succeeded\",\r\n
        \         \"privateLinkServiceId\": \"/subscriptions/00000000-0000-0000-0000-000000000000/resourceGroups/test_digital_twin_private_endpoint_000001/providers/Microsoft.DigitalTwins/digitalTwinsInstances/cli-test-dt-000002\",\r\n
        \         \"groupIds\": [\r\n            \"API\"\r\n          ],\r\n          \"privateLinkServiceConnectionState\":
        {\r\n            \"status\": \"Pending\",\r\n            \"description\":
        \"\",\r\n            \"actionsRequired\": \"None\"\r\n          }\r\n        },\r\n
        \       \"type\": \"Microsoft.Network/privateEndpoints/manualPrivateLinkServiceConnections\"\r\n
        \     }\r\n    ],\r\n    \"customNetworkInterfaceName\": \"\",\r\n    \"subnet\":
        {\r\n      \"id\": \"/subscriptions/00000000-0000-0000-0000-000000000000/resourceGroups/test_digital_twin_private_endpoint_000001/providers/Microsoft.Network/virtualNetworks/cli-vnet-000004/subnets/cli-subnet-000005\"\r\n
        \   },\r\n    \"ipConfigurations\": [],\r\n    \"networkInterfaces\": [\r\n
        \     {\r\n        \"id\": \"/subscriptions/00000000-0000-0000-0000-000000000000/resourceGroups/test_digital_twin_private_endpoint_000001/providers/Microsoft.Network/networkInterfaces/cli-pe-000006.nic.62c6c348-603a-4fdd-95d2-2d3a3265bd8a\"\r\n
        \     }\r\n    ],\r\n    \"customDnsConfigs\": []\r\n  }\r\n}"
    headers:
      cache-control:
      - no-cache
      content-length:
      - '2147'
      content-type:
      - application/json; charset=utf-8
      date:
      - Wed, 08 Feb 2023 09:34:27 GMT
      etag:
      - W/"69d7f5ed-6257-4b56-9ddd-6e135aaab715"
      expires:
      - '-1'
      pragma:
      - no-cache
      server:
      - Microsoft-HTTPAPI/2.0
      - Microsoft-HTTPAPI/2.0
      strict-transport-security:
      - max-age=31536000; includeSubDomains
      transfer-encoding:
      - chunked
      vary:
      - Accept-Encoding
      x-content-type-options:
      - nosniff
      x-ms-arm-service-request-id:
      - 5b555a1d-1eaf-4ff6-b8f1-9835d8f9fdfb
    status:
      code: 200
      message: OK
- request:
    body: null
    headers:
      Accept:
      - '*/*'
      Accept-Encoding:
      - gzip, deflate
      CommandName:
      - network private-endpoint-connection list
      Connection:
      - keep-alive
      ParameterSetName:
      - --name --resource-group --type
      User-Agent:
      - python/3.10.9 (Linux-5.15.0-1031-azure-x86_64-with-glibc2.31) AZURECLI/2.45.0
        VSTS_7b238909-6802-4b65-b90d-184bca47f458_build_220_0
    method: GET
    uri: https://management.azure.com/subscriptions/00000000-0000-0000-0000-000000000000/resourceGroups/test_digital_twin_private_endpoint_000001/providers/Microsoft.DigitalTwins/digitalTwinsInstances/cli-test-dt-000002/privateEndpointConnections?api-version=2020-12-01
  response:
    body:
      string: '{"value":[{"id":"/subscriptions/00000000-0000-0000-0000-000000000000/resourceGroups/test_digital_twin_private_endpoint_000001/providers/Microsoft.DigitalTwins/digitalTwinsInstances/cli-test-dt-000002/privateEndpointConnections/30fd77ed-77ee-4f4e-b42c-721483cef9ed","name":"30fd77ed-77ee-4f4e-b42c-721483cef9ed","type":"Microsoft.DigitalTwins/digitalTwinsInstances/privateEndpointConnections","properties":{"provisioningState":"Succeeded","privateEndpoint":{"id":"/subscriptions/00000000-0000-0000-0000-000000000000/resourceGroups/test_digital_twin_private_endpoint_000001/providers/Microsoft.Network/privateEndpoints/cli-pe-000006"},"groupIds":["API"],"privateLinkServiceConnectionState":{"status":"Pending","description":"","actionsRequired":"None"}}}]}'
    headers:
      cache-control:
      - no-cache
      content-length:
      - '754'
      content-type:
      - application/json; charset=utf-8
      date:
      - Wed, 08 Feb 2023 09:34:29 GMT
      expires:
      - '-1'
      pragma:
      - no-cache
      server:
      - Kestrel
      strict-transport-security:
      - max-age=31536000; includeSubDomains
      traceresponse:
      - 00-3a5bf983f895806828251f0f0d45fc48-f391fe8e046c2f6c-01
      x-content-type-options:
      - nosniff
    status:
      code: 200
      message: OK
- request:
    body: null
    headers:
      Accept:
      - '*/*'
      Accept-Encoding:
      - gzip, deflate
      CommandName:
      - network private-endpoint-connection show
      Connection:
      - keep-alive
      ParameterSetName:
      - --id
      User-Agent:
      - python/3.10.9 (Linux-5.15.0-1031-azure-x86_64-with-glibc2.31) AZURECLI/2.45.0
        VSTS_7b238909-6802-4b65-b90d-184bca47f458_build_220_0
    method: GET
    uri: https://management.azure.com/subscriptions/00000000-0000-0000-0000-000000000000/resourceGroups/test_digital_twin_private_endpoint_000001/providers/Microsoft.DigitalTwins/digitalTwinsInstances/cli-test-dt-000002/privateEndpointConnections/30fd77ed-77ee-4f4e-b42c-721483cef9ed?api-version=2020-12-01
  response:
    body:
      string: '{"id":"/subscriptions/00000000-0000-0000-0000-000000000000/resourceGroups/test_digital_twin_private_endpoint_000001/providers/Microsoft.DigitalTwins/digitalTwinsInstances/cli-test-dt-000002/privateEndpointConnections/30fd77ed-77ee-4f4e-b42c-721483cef9ed","name":"30fd77ed-77ee-4f4e-b42c-721483cef9ed","type":"Microsoft.DigitalTwins/digitalTwinsInstances/privateEndpointConnections","properties":{"provisioningState":"Succeeded","privateEndpoint":{"id":"/subscriptions/00000000-0000-0000-0000-000000000000/resourceGroups/test_digital_twin_private_endpoint_000001/providers/Microsoft.Network/privateEndpoints/cli-pe-000006"},"groupIds":["API"],"privateLinkServiceConnectionState":{"status":"Pending","description":"","actionsRequired":"None"}}}'
    headers:
      cache-control:
      - no-cache
      content-length:
      - '742'
      content-type:
      - application/json; charset=utf-8
      date:
      - Wed, 08 Feb 2023 09:34:29 GMT
      expires:
      - '-1'
      pragma:
      - no-cache
      server:
      - Kestrel
      strict-transport-security:
      - max-age=31536000; includeSubDomains
      traceresponse:
      - 00-65c8748e0c473073190024ccfce0c677-e87354c77ad018e7-01
      transfer-encoding:
      - chunked
      vary:
      - Accept-Encoding
      x-content-type-options:
      - nosniff
    status:
      code: 200
      message: OK
- request:
    body: null
    headers:
      Accept:
      - '*/*'
      Accept-Encoding:
      - gzip, deflate
      CommandName:
      - network private-endpoint-connection show
      Connection:
      - keep-alive
      ParameterSetName:
      - --resource-name --name --resource-group --type
      User-Agent:
      - python/3.10.9 (Linux-5.15.0-1031-azure-x86_64-with-glibc2.31) AZURECLI/2.45.0
        VSTS_7b238909-6802-4b65-b90d-184bca47f458_build_220_0
    method: GET
    uri: https://management.azure.com/subscriptions/00000000-0000-0000-0000-000000000000/resourceGroups/test_digital_twin_private_endpoint_000001/providers/Microsoft.DigitalTwins/digitalTwinsInstances/cli-test-dt-000002/privateEndpointConnections/30fd77ed-77ee-4f4e-b42c-721483cef9ed?api-version=2020-12-01
  response:
    body:
      string: '{"id":"/subscriptions/00000000-0000-0000-0000-000000000000/resourceGroups/test_digital_twin_private_endpoint_000001/providers/Microsoft.DigitalTwins/digitalTwinsInstances/cli-test-dt-000002/privateEndpointConnections/30fd77ed-77ee-4f4e-b42c-721483cef9ed","name":"30fd77ed-77ee-4f4e-b42c-721483cef9ed","type":"Microsoft.DigitalTwins/digitalTwinsInstances/privateEndpointConnections","properties":{"provisioningState":"Succeeded","privateEndpoint":{"id":"/subscriptions/00000000-0000-0000-0000-000000000000/resourceGroups/test_digital_twin_private_endpoint_000001/providers/Microsoft.Network/privateEndpoints/cli-pe-000006"},"groupIds":["API"],"privateLinkServiceConnectionState":{"status":"Pending","description":"","actionsRequired":"None"}}}'
    headers:
      cache-control:
      - no-cache
      content-length:
      - '742'
      content-type:
      - application/json; charset=utf-8
      date:
      - Wed, 08 Feb 2023 09:34:29 GMT
      expires:
      - '-1'
      pragma:
      - no-cache
      server:
      - Kestrel
      strict-transport-security:
      - max-age=31536000; includeSubDomains
      traceresponse:
      - 00-b69cb5cc00558bc19e7f6eeafa09169f-5cff80690a6d1ad5-01
      transfer-encoding:
      - chunked
      vary:
      - Accept-Encoding
      x-content-type-options:
      - nosniff
    status:
      code: 200
      message: OK
- request:
    body: null
    headers:
      Accept:
      - '*/*'
      Accept-Encoding:
      - gzip, deflate
      CommandName:
      - network private-endpoint-connection approve
      Connection:
      - keep-alive
      ParameterSetName:
      - --resource-name --resource-group --name --type --description
      User-Agent:
      - python/3.10.9 (Linux-5.15.0-1031-azure-x86_64-with-glibc2.31) AZURECLI/2.45.0
        VSTS_7b238909-6802-4b65-b90d-184bca47f458_build_220_0
    method: GET
    uri: https://management.azure.com/subscriptions/00000000-0000-0000-0000-000000000000/resourceGroups/test_digital_twin_private_endpoint_000001/providers/Microsoft.DigitalTwins/digitalTwinsInstances/cli-test-dt-000002/privateEndpointConnections/30fd77ed-77ee-4f4e-b42c-721483cef9ed?api-version=2020-12-01
  response:
    body:
      string: '{"id":"/subscriptions/00000000-0000-0000-0000-000000000000/resourceGroups/test_digital_twin_private_endpoint_000001/providers/Microsoft.DigitalTwins/digitalTwinsInstances/cli-test-dt-000002/privateEndpointConnections/30fd77ed-77ee-4f4e-b42c-721483cef9ed","name":"30fd77ed-77ee-4f4e-b42c-721483cef9ed","type":"Microsoft.DigitalTwins/digitalTwinsInstances/privateEndpointConnections","properties":{"provisioningState":"Succeeded","privateEndpoint":{"id":"/subscriptions/00000000-0000-0000-0000-000000000000/resourceGroups/test_digital_twin_private_endpoint_000001/providers/Microsoft.Network/privateEndpoints/cli-pe-000006"},"groupIds":["API"],"privateLinkServiceConnectionState":{"status":"Pending","description":"","actionsRequired":"None"}}}'
    headers:
      cache-control:
      - no-cache
      content-length:
      - '742'
      content-type:
      - application/json; charset=utf-8
      date:
      - Wed, 08 Feb 2023 09:34:30 GMT
      expires:
      - '-1'
      pragma:
      - no-cache
      server:
      - Kestrel
      strict-transport-security:
      - max-age=31536000; includeSubDomains
      traceresponse:
      - 00-538680df31b2cda978779d8253312ee7-2be4838b867c534d-01
      transfer-encoding:
      - chunked
      vary:
      - Accept-Encoding
      x-content-type-options:
      - nosniff
    status:
      code: 200
      message: OK
- request:
    body: '{"id": "/subscriptions/00000000-0000-0000-0000-000000000000/resourceGroups/test_digital_twin_private_endpoint_000001/providers/Microsoft.DigitalTwins/digitalTwinsInstances/cli-test-dt-000002/privateEndpointConnections/30fd77ed-77ee-4f4e-b42c-721483cef9ed",
      "name": "30fd77ed-77ee-4f4e-b42c-721483cef9ed", "type": "Microsoft.DigitalTwins/digitalTwinsInstances/privateEndpointConnections",
      "properties": {"provisioningState": "Succeeded", "privateEndpoint": {"id": "/subscriptions/00000000-0000-0000-0000-000000000000/resourceGroups/test_digital_twin_private_endpoint_000001/providers/Microsoft.Network/privateEndpoints/cli-pe-000006"},
      "groupIds": ["API"], "privateLinkServiceConnectionState": {"status": "Approved",
      "description": "Approved.", "actionsRequired": "None"}}}'
    headers:
      Accept:
      - '*/*'
      Accept-Encoding:
      - gzip, deflate
      CommandName:
      - network private-endpoint-connection approve
      Connection:
      - keep-alive
      Content-Length:
      - '772'
      Content-Type:
      - application/json
      ParameterSetName:
      - --resource-name --resource-group --name --type --description
      User-Agent:
      - python/3.10.9 (Linux-5.15.0-1031-azure-x86_64-with-glibc2.31) AZURECLI/2.45.0
        VSTS_7b238909-6802-4b65-b90d-184bca47f458_build_220_0
    method: PUT
    uri: https://management.azure.com/subscriptions/00000000-0000-0000-0000-000000000000/resourceGroups/test_digital_twin_private_endpoint_000001/providers/Microsoft.DigitalTwins/digitalTwinsInstances/cli-test-dt-000002/privateEndpointConnections/30fd77ed-77ee-4f4e-b42c-721483cef9ed?api-version=2020-12-01
  response:
    body:
      string: '{"id":"/subscriptions/00000000-0000-0000-0000-000000000000/resourceGroups/test_digital_twin_private_endpoint_000001/providers/Microsoft.DigitalTwins/digitalTwinsInstances/cli-test-dt-000002/privateEndpointConnections/30fd77ed-77ee-4f4e-b42c-721483cef9ed","name":"30fd77ed-77ee-4f4e-b42c-721483cef9ed","type":"Microsoft.DigitalTwins/digitalTwinsInstances/privateEndpointConnections","properties":{"provisioningState":"Updating","privateEndpoint":{"id":"/subscriptions/00000000-0000-0000-0000-000000000000/resourceGroups/test_digital_twin_private_endpoint_000001/providers/Microsoft.Network/privateEndpoints/cli-pe-000006"},"groupIds":["API"],"privateLinkServiceConnectionState":{"status":"Approved","description":"Approved.","actionsRequired":"None"}}}'
    headers:
      azure-asyncoperation:
      - https://management.azure.com/subscriptions/00000000-0000-0000-0000-000000000000/resourceGroups/test_digital_twin_private_endpoint_000001/providers/Microsoft.DigitalTwins/digitalTwinsInstances/cli-test-dt-000002/privateEndpointConnections/30fd77ed-77ee-4f4e-b42c-721483cef9ed/operationResults/a19981d7-6162-4a7d-8d6c-d2712edcd759?api-version=2020-12-01
      cache-control:
      - no-cache
      content-length:
      - '751'
      content-type:
      - application/json; charset=utf-8
      date:
      - Wed, 08 Feb 2023 09:34:30 GMT
      expires:
      - '-1'
      location:
      - https://management.azure.com/subscriptions/00000000-0000-0000-0000-000000000000/providers/Microsoft.DigitalTwins/locations/eastus/operationResults/eyJvcGVyYXRpb25LaW5kIjoiQ3JlYXRlIiwicmVzb3VyY2VLaW5kIjoiUHJpdmF0ZUVuZHBvaW50Q29ubmVjdGlvbiIsInJlc291cmNlR3JvdXBOYW1lIjoidGVzdF9kaWdpdGFsX3R3aW5fcHJpdmF0ZV9lbmRwb2ludF8zY3B6eGJua3QyN2thNG5kajNncnB0eDNxc2tubG8zYndobDN4dzZlIiwicmVzb3VyY2VOYW1lIjoiY2xpLXRlc3QtZHQtd2s1NXRiNGhkbzc1IiwibmVzdGVkUmVzb3VyY2VOYW1lIjoiMzBmZDc3ZWQtNzdlZS00ZjRlLWI0MmMtNzIxNDgzY2VmOWVkIn0%3d?api-version=2020-12-01
      pragma:
      - no-cache
      server:
      - Kestrel
      strict-transport-security:
      - max-age=31536000; includeSubDomains
      traceresponse:
      - 00-c248b5af40c8a33bc51b649820da69d3-cc6e3206d30f821f-01
      x-content-type-options:
      - nosniff
      x-ms-ratelimit-remaining-subscription-writes:
      - '1199'
    status:
      code: 202
      message: Accepted
- request:
    body: null
    headers:
      Accept:
      - '*/*'
      Accept-Encoding:
      - gzip, deflate
      CommandName:
      - network private-endpoint-connection approve
      Connection:
      - keep-alive
      ParameterSetName:
      - --resource-name --resource-group --name --type --description
      User-Agent:
      - python/3.10.9 (Linux-5.15.0-1031-azure-x86_64-with-glibc2.31) AZURECLI/2.45.0
        VSTS_7b238909-6802-4b65-b90d-184bca47f458_build_220_0
    method: GET
    uri: https://management.azure.com/subscriptions/00000000-0000-0000-0000-000000000000/resourceGroups/test_digital_twin_private_endpoint_000001/providers/Microsoft.DigitalTwins/digitalTwinsInstances/cli-test-dt-000002/privateEndpointConnections/30fd77ed-77ee-4f4e-b42c-721483cef9ed?api-version=2020-12-01
  response:
    body:
      string: '{"id":"/subscriptions/00000000-0000-0000-0000-000000000000/resourceGroups/test_digital_twin_private_endpoint_000001/providers/Microsoft.DigitalTwins/digitalTwinsInstances/cli-test-dt-000002/privateEndpointConnections/30fd77ed-77ee-4f4e-b42c-721483cef9ed","name":"30fd77ed-77ee-4f4e-b42c-721483cef9ed","type":"Microsoft.DigitalTwins/digitalTwinsInstances/privateEndpointConnections","properties":{"provisioningState":"Updating","privateEndpoint":{"id":"/subscriptions/00000000-0000-0000-0000-000000000000/resourceGroups/test_digital_twin_private_endpoint_000001/providers/Microsoft.Network/privateEndpoints/cli-pe-000006"},"groupIds":["API"],"privateLinkServiceConnectionState":{"status":"Approved","description":"Approved.","actionsRequired":"None"}}}'
    headers:
      cache-control:
      - no-cache
      content-length:
      - '751'
      content-type:
      - application/json; charset=utf-8
      date:
      - Wed, 08 Feb 2023 09:34:41 GMT
      expires:
      - '-1'
      pragma:
      - no-cache
      server:
      - Kestrel
      strict-transport-security:
      - max-age=31536000; includeSubDomains
      traceresponse:
      - 00-9e0c4d89bac4034de01af3d9237b7580-0f9be0e46abb7d82-01
      x-content-type-options:
      - nosniff
    status:
      code: 200
      message: OK
- request:
    body: null
    headers:
      Accept:
      - '*/*'
      Accept-Encoding:
      - gzip, deflate
      CommandName:
      - network private-endpoint-connection approve
      Connection:
      - keep-alive
      ParameterSetName:
      - --resource-name --resource-group --name --type --description
      User-Agent:
      - python/3.10.9 (Linux-5.15.0-1031-azure-x86_64-with-glibc2.31) AZURECLI/2.45.0
        VSTS_7b238909-6802-4b65-b90d-184bca47f458_build_220_0
    method: GET
    uri: https://management.azure.com/subscriptions/00000000-0000-0000-0000-000000000000/resourceGroups/test_digital_twin_private_endpoint_000001/providers/Microsoft.DigitalTwins/digitalTwinsInstances/cli-test-dt-000002/privateEndpointConnections/30fd77ed-77ee-4f4e-b42c-721483cef9ed?api-version=2020-12-01
  response:
    body:
      string: '{"id":"/subscriptions/00000000-0000-0000-0000-000000000000/resourceGroups/test_digital_twin_private_endpoint_000001/providers/Microsoft.DigitalTwins/digitalTwinsInstances/cli-test-dt-000002/privateEndpointConnections/30fd77ed-77ee-4f4e-b42c-721483cef9ed","name":"30fd77ed-77ee-4f4e-b42c-721483cef9ed","type":"Microsoft.DigitalTwins/digitalTwinsInstances/privateEndpointConnections","properties":{"provisioningState":"Updating","privateEndpoint":{"id":"/subscriptions/00000000-0000-0000-0000-000000000000/resourceGroups/test_digital_twin_private_endpoint_000001/providers/Microsoft.Network/privateEndpoints/cli-pe-000006"},"groupIds":["API"],"privateLinkServiceConnectionState":{"status":"Approved","description":"Approved.","actionsRequired":"None"}}}'
    headers:
      cache-control:
      - no-cache
      content-length:
      - '751'
      content-type:
      - application/json; charset=utf-8
      date:
      - Wed, 08 Feb 2023 09:34:51 GMT
      expires:
      - '-1'
      pragma:
      - no-cache
      server:
      - Kestrel
      strict-transport-security:
      - max-age=31536000; includeSubDomains
      traceresponse:
      - 00-0a1e905a510ae52ad46eb7a0a77787f0-a3b7a1bc1d9e964d-01
      transfer-encoding:
      - chunked
      vary:
      - Accept-Encoding
      x-content-type-options:
      - nosniff
    status:
      code: 200
      message: OK
- request:
    body: null
    headers:
      Accept:
      - '*/*'
      Accept-Encoding:
      - gzip, deflate
      CommandName:
      - network private-endpoint-connection approve
      Connection:
      - keep-alive
      ParameterSetName:
      - --resource-name --resource-group --name --type --description
      User-Agent:
      - python/3.10.9 (Linux-5.15.0-1031-azure-x86_64-with-glibc2.31) AZURECLI/2.45.0
        VSTS_7b238909-6802-4b65-b90d-184bca47f458_build_220_0
    method: GET
    uri: https://management.azure.com/subscriptions/00000000-0000-0000-0000-000000000000/resourceGroups/test_digital_twin_private_endpoint_000001/providers/Microsoft.DigitalTwins/digitalTwinsInstances/cli-test-dt-000002/privateEndpointConnections/30fd77ed-77ee-4f4e-b42c-721483cef9ed?api-version=2020-12-01
  response:
    body:
      string: '{"id":"/subscriptions/00000000-0000-0000-0000-000000000000/resourceGroups/test_digital_twin_private_endpoint_000001/providers/Microsoft.DigitalTwins/digitalTwinsInstances/cli-test-dt-000002/privateEndpointConnections/30fd77ed-77ee-4f4e-b42c-721483cef9ed","name":"30fd77ed-77ee-4f4e-b42c-721483cef9ed","type":"Microsoft.DigitalTwins/digitalTwinsInstances/privateEndpointConnections","properties":{"provisioningState":"Updating","privateEndpoint":{"id":"/subscriptions/00000000-0000-0000-0000-000000000000/resourceGroups/test_digital_twin_private_endpoint_000001/providers/Microsoft.Network/privateEndpoints/cli-pe-000006"},"groupIds":["API"],"privateLinkServiceConnectionState":{"status":"Approved","description":"Approved.","actionsRequired":"None"}}}'
    headers:
      cache-control:
      - no-cache
      content-length:
      - '751'
      content-type:
      - application/json; charset=utf-8
      date:
      - Wed, 08 Feb 2023 09:35:01 GMT
      expires:
      - '-1'
      pragma:
      - no-cache
      server:
      - Kestrel
      strict-transport-security:
      - max-age=31536000; includeSubDomains
      traceresponse:
      - 00-685bf5605917fd91de531cc295fa96bd-eea316b740a673c5-01
      transfer-encoding:
      - chunked
      vary:
      - Accept-Encoding
      x-content-type-options:
      - nosniff
    status:
      code: 200
      message: OK
- request:
    body: null
    headers:
      Accept:
      - '*/*'
      Accept-Encoding:
      - gzip, deflate
      CommandName:
      - network private-endpoint-connection approve
      Connection:
      - keep-alive
      ParameterSetName:
      - --resource-name --resource-group --name --type --description
      User-Agent:
      - python/3.10.9 (Linux-5.15.0-1031-azure-x86_64-with-glibc2.31) AZURECLI/2.45.0
        VSTS_7b238909-6802-4b65-b90d-184bca47f458_build_220_0
    method: GET
    uri: https://management.azure.com/subscriptions/00000000-0000-0000-0000-000000000000/resourceGroups/test_digital_twin_private_endpoint_000001/providers/Microsoft.DigitalTwins/digitalTwinsInstances/cli-test-dt-000002/privateEndpointConnections/30fd77ed-77ee-4f4e-b42c-721483cef9ed?api-version=2020-12-01
  response:
    body:
      string: '{"id":"/subscriptions/00000000-0000-0000-0000-000000000000/resourceGroups/test_digital_twin_private_endpoint_000001/providers/Microsoft.DigitalTwins/digitalTwinsInstances/cli-test-dt-000002/privateEndpointConnections/30fd77ed-77ee-4f4e-b42c-721483cef9ed","name":"30fd77ed-77ee-4f4e-b42c-721483cef9ed","type":"Microsoft.DigitalTwins/digitalTwinsInstances/privateEndpointConnections","properties":{"provisioningState":"Updating","privateEndpoint":{"id":"/subscriptions/00000000-0000-0000-0000-000000000000/resourceGroups/test_digital_twin_private_endpoint_000001/providers/Microsoft.Network/privateEndpoints/cli-pe-000006"},"groupIds":["API"],"privateLinkServiceConnectionState":{"status":"Approved","description":"Approved.","actionsRequired":"None"}}}'
    headers:
      cache-control:
      - no-cache
      content-length:
      - '751'
      content-type:
      - application/json; charset=utf-8
      date:
      - Wed, 08 Feb 2023 09:35:11 GMT
      expires:
      - '-1'
      pragma:
      - no-cache
      server:
      - Kestrel
      strict-transport-security:
      - max-age=31536000; includeSubDomains
      traceresponse:
      - 00-39aec66923f4f38797c6fb6a9d16d125-57ccb04acebc7dbd-01
      transfer-encoding:
      - chunked
      vary:
      - Accept-Encoding
      x-content-type-options:
      - nosniff
    status:
      code: 200
      message: OK
- request:
    body: null
    headers:
      Accept:
      - '*/*'
      Accept-Encoding:
      - gzip, deflate
      CommandName:
      - network private-endpoint-connection approve
      Connection:
      - keep-alive
      ParameterSetName:
      - --resource-name --resource-group --name --type --description
      User-Agent:
      - python/3.10.9 (Linux-5.15.0-1031-azure-x86_64-with-glibc2.31) AZURECLI/2.45.0
        VSTS_7b238909-6802-4b65-b90d-184bca47f458_build_220_0
    method: GET
    uri: https://management.azure.com/subscriptions/00000000-0000-0000-0000-000000000000/resourceGroups/test_digital_twin_private_endpoint_000001/providers/Microsoft.DigitalTwins/digitalTwinsInstances/cli-test-dt-000002/privateEndpointConnections/30fd77ed-77ee-4f4e-b42c-721483cef9ed?api-version=2020-12-01
  response:
    body:
      string: '{"id":"/subscriptions/00000000-0000-0000-0000-000000000000/resourceGroups/test_digital_twin_private_endpoint_000001/providers/Microsoft.DigitalTwins/digitalTwinsInstances/cli-test-dt-000002/privateEndpointConnections/30fd77ed-77ee-4f4e-b42c-721483cef9ed","name":"30fd77ed-77ee-4f4e-b42c-721483cef9ed","type":"Microsoft.DigitalTwins/digitalTwinsInstances/privateEndpointConnections","properties":{"provisioningState":"Succeeded","privateEndpoint":{"id":"/subscriptions/00000000-0000-0000-0000-000000000000/resourceGroups/test_digital_twin_private_endpoint_000001/providers/Microsoft.Network/privateEndpoints/cli-pe-000006"},"groupIds":["API"],"privateLinkServiceConnectionState":{"status":"Approved","description":"Approved.","actionsRequired":"None"}}}'
    headers:
      cache-control:
      - no-cache
      content-length:
      - '752'
      content-type:
      - application/json; charset=utf-8
      date:
      - Wed, 08 Feb 2023 09:35:21 GMT
      expires:
      - '-1'
      pragma:
      - no-cache
      server:
      - Kestrel
      strict-transport-security:
      - max-age=31536000; includeSubDomains
      traceresponse:
      - 00-f7c7b23ed27147e3188cd12f7a9d4846-b9f88f3440cd58ca-01
      x-content-type-options:
      - nosniff
    status:
      code: 200
      message: OK
- request:
    body: null
    headers:
      Accept:
      - '*/*'
      Accept-Encoding:
      - gzip, deflate
      CommandName:
      - network private-endpoint-connection reject
      Connection:
      - keep-alive
      ParameterSetName:
      - --id --description
      User-Agent:
      - python/3.10.9 (Linux-5.15.0-1031-azure-x86_64-with-glibc2.31) AZURECLI/2.45.0
        VSTS_7b238909-6802-4b65-b90d-184bca47f458_build_220_0
    method: GET
    uri: https://management.azure.com/subscriptions/00000000-0000-0000-0000-000000000000/resourceGroups/test_digital_twin_private_endpoint_000001/providers/Microsoft.DigitalTwins/digitalTwinsInstances/cli-test-dt-000002/privateEndpointConnections/30fd77ed-77ee-4f4e-b42c-721483cef9ed?api-version=2020-12-01
  response:
    body:
      string: '{"id":"/subscriptions/00000000-0000-0000-0000-000000000000/resourceGroups/test_digital_twin_private_endpoint_000001/providers/Microsoft.DigitalTwins/digitalTwinsInstances/cli-test-dt-000002/privateEndpointConnections/30fd77ed-77ee-4f4e-b42c-721483cef9ed","name":"30fd77ed-77ee-4f4e-b42c-721483cef9ed","type":"Microsoft.DigitalTwins/digitalTwinsInstances/privateEndpointConnections","properties":{"provisioningState":"Succeeded","privateEndpoint":{"id":"/subscriptions/00000000-0000-0000-0000-000000000000/resourceGroups/test_digital_twin_private_endpoint_000001/providers/Microsoft.Network/privateEndpoints/cli-pe-000006"},"groupIds":["API"],"privateLinkServiceConnectionState":{"status":"Approved","description":"Approved.","actionsRequired":"None"}}}'
    headers:
      cache-control:
      - no-cache
      content-length:
      - '752'
      content-type:
      - application/json; charset=utf-8
      date:
      - Wed, 08 Feb 2023 09:35:22 GMT
      expires:
      - '-1'
      pragma:
      - no-cache
      server:
      - Kestrel
      strict-transport-security:
      - max-age=31536000; includeSubDomains
      traceresponse:
      - 00-2a813a09318d12259a8b2f58491b0168-c6896d2e8b787126-01
      transfer-encoding:
      - chunked
      vary:
      - Accept-Encoding
      x-content-type-options:
      - nosniff
    status:
      code: 200
      message: OK
- request:
    body: '{"id": "/subscriptions/00000000-0000-0000-0000-000000000000/resourceGroups/test_digital_twin_private_endpoint_000001/providers/Microsoft.DigitalTwins/digitalTwinsInstances/cli-test-dt-000002/privateEndpointConnections/30fd77ed-77ee-4f4e-b42c-721483cef9ed",
      "name": "30fd77ed-77ee-4f4e-b42c-721483cef9ed", "type": "Microsoft.DigitalTwins/digitalTwinsInstances/privateEndpointConnections",
      "properties": {"provisioningState": "Succeeded", "privateEndpoint": {"id": "/subscriptions/00000000-0000-0000-0000-000000000000/resourceGroups/test_digital_twin_private_endpoint_000001/providers/Microsoft.Network/privateEndpoints/cli-pe-000006"},
      "groupIds": ["API"], "privateLinkServiceConnectionState": {"status": "Rejected",
      "description": "Rejected.", "actionsRequired": "None"}}}'
    headers:
      Accept:
      - '*/*'
      Accept-Encoding:
      - gzip, deflate
      CommandName:
      - network private-endpoint-connection reject
      Connection:
      - keep-alive
      Content-Length:
      - '772'
      Content-Type:
      - application/json
      ParameterSetName:
      - --id --description
      User-Agent:
      - python/3.10.9 (Linux-5.15.0-1031-azure-x86_64-with-glibc2.31) AZURECLI/2.45.0
        VSTS_7b238909-6802-4b65-b90d-184bca47f458_build_220_0
    method: PUT
    uri: https://management.azure.com/subscriptions/00000000-0000-0000-0000-000000000000/resourceGroups/test_digital_twin_private_endpoint_000001/providers/Microsoft.DigitalTwins/digitalTwinsInstances/cli-test-dt-000002/privateEndpointConnections/30fd77ed-77ee-4f4e-b42c-721483cef9ed?api-version=2020-12-01
  response:
    body:
      string: '{"id":"/subscriptions/00000000-0000-0000-0000-000000000000/resourceGroups/test_digital_twin_private_endpoint_000001/providers/Microsoft.DigitalTwins/digitalTwinsInstances/cli-test-dt-000002/privateEndpointConnections/30fd77ed-77ee-4f4e-b42c-721483cef9ed","name":"30fd77ed-77ee-4f4e-b42c-721483cef9ed","type":"Microsoft.DigitalTwins/digitalTwinsInstances/privateEndpointConnections","properties":{"provisioningState":"Updating","privateEndpoint":{"id":"/subscriptions/00000000-0000-0000-0000-000000000000/resourceGroups/test_digital_twin_private_endpoint_000001/providers/Microsoft.Network/privateEndpoints/cli-pe-000006"},"groupIds":["API"],"privateLinkServiceConnectionState":{"status":"Rejected","description":"Rejected.","actionsRequired":"None"}}}'
    headers:
      azure-asyncoperation:
      - https://management.azure.com/subscriptions/00000000-0000-0000-0000-000000000000/resourceGroups/test_digital_twin_private_endpoint_000001/providers/Microsoft.DigitalTwins/digitalTwinsInstances/cli-test-dt-000002/privateEndpointConnections/30fd77ed-77ee-4f4e-b42c-721483cef9ed/operationResults/d1edfd13-75d6-4b5f-a9a7-9229188757ba?api-version=2020-12-01
      cache-control:
      - no-cache
      content-length:
      - '751'
      content-type:
      - application/json; charset=utf-8
      date:
      - Wed, 08 Feb 2023 09:35:22 GMT
      expires:
      - '-1'
      location:
      - https://management.azure.com/subscriptions/00000000-0000-0000-0000-000000000000/providers/Microsoft.DigitalTwins/locations/eastus/operationResults/eyJvcGVyYXRpb25LaW5kIjoiQ3JlYXRlIiwicmVzb3VyY2VLaW5kIjoiUHJpdmF0ZUVuZHBvaW50Q29ubmVjdGlvbiIsInJlc291cmNlR3JvdXBOYW1lIjoidGVzdF9kaWdpdGFsX3R3aW5fcHJpdmF0ZV9lbmRwb2ludF8zY3B6eGJua3QyN2thNG5kajNncnB0eDNxc2tubG8zYndobDN4dzZlIiwicmVzb3VyY2VOYW1lIjoiY2xpLXRlc3QtZHQtd2s1NXRiNGhkbzc1IiwibmVzdGVkUmVzb3VyY2VOYW1lIjoiMzBmZDc3ZWQtNzdlZS00ZjRlLWI0MmMtNzIxNDgzY2VmOWVkIn0%3d?api-version=2020-12-01
      pragma:
      - no-cache
      server:
      - Kestrel
      strict-transport-security:
      - max-age=31536000; includeSubDomains
      traceresponse:
      - 00-538842859c3cf22fa0a9ab94e50ebe89-bd56b1228288ab1a-01
      x-content-type-options:
      - nosniff
      x-ms-ratelimit-remaining-subscription-writes:
      - '1198'
    status:
      code: 202
      message: Accepted
- request:
    body: null
    headers:
      Accept:
      - '*/*'
      Accept-Encoding:
      - gzip, deflate
      CommandName:
      - network private-endpoint-connection reject
      Connection:
      - keep-alive
      ParameterSetName:
      - --id --description
      User-Agent:
      - python/3.10.9 (Linux-5.15.0-1031-azure-x86_64-with-glibc2.31) AZURECLI/2.45.0
        VSTS_7b238909-6802-4b65-b90d-184bca47f458_build_220_0
    method: GET
    uri: https://management.azure.com/subscriptions/00000000-0000-0000-0000-000000000000/resourceGroups/test_digital_twin_private_endpoint_000001/providers/Microsoft.DigitalTwins/digitalTwinsInstances/cli-test-dt-000002/privateEndpointConnections/30fd77ed-77ee-4f4e-b42c-721483cef9ed?api-version=2020-12-01
  response:
    body:
      string: '{"id":"/subscriptions/00000000-0000-0000-0000-000000000000/resourceGroups/test_digital_twin_private_endpoint_000001/providers/Microsoft.DigitalTwins/digitalTwinsInstances/cli-test-dt-000002/privateEndpointConnections/30fd77ed-77ee-4f4e-b42c-721483cef9ed","name":"30fd77ed-77ee-4f4e-b42c-721483cef9ed","type":"Microsoft.DigitalTwins/digitalTwinsInstances/privateEndpointConnections","properties":{"provisioningState":"Succeeded","privateEndpoint":{"id":"/subscriptions/00000000-0000-0000-0000-000000000000/resourceGroups/test_digital_twin_private_endpoint_000001/providers/Microsoft.Network/privateEndpoints/cli-pe-000006"},"groupIds":["API"],"privateLinkServiceConnectionState":{"status":"Rejected","description":"Rejected.","actionsRequired":"None"}}}'
    headers:
      cache-control:
      - no-cache
      content-length:
      - '752'
      content-type:
      - application/json; charset=utf-8
      date:
      - Wed, 08 Feb 2023 09:35:33 GMT
      expires:
      - '-1'
      pragma:
      - no-cache
      server:
      - Kestrel
      strict-transport-security:
      - max-age=31536000; includeSubDomains
      traceresponse:
      - 00-946795557fe724e4101f4201dd5e811f-9adb91b4dafb6f53-01
      transfer-encoding:
      - chunked
      vary:
      - Accept-Encoding
      x-content-type-options:
      - nosniff
    status:
      code: 200
      message: OK
- request:
    body: null
    headers:
      Accept:
      - '*/*'
      Accept-Encoding:
      - gzip, deflate
      CommandName:
      - network private-endpoint-connection approve
      Connection:
      - keep-alive
      ParameterSetName:
      - --resource-name --resource-group --name --type --description
      User-Agent:
      - python/3.10.9 (Linux-5.15.0-1031-azure-x86_64-with-glibc2.31) AZURECLI/2.45.0
        VSTS_7b238909-6802-4b65-b90d-184bca47f458_build_220_0
    method: GET
    uri: https://management.azure.com/subscriptions/00000000-0000-0000-0000-000000000000/resourceGroups/test_digital_twin_private_endpoint_000001/providers/Microsoft.DigitalTwins/digitalTwinsInstances/cli-test-dt-000002/privateEndpointConnections/30fd77ed-77ee-4f4e-b42c-721483cef9ed?api-version=2020-12-01
  response:
    body:
      string: '{"id":"/subscriptions/00000000-0000-0000-0000-000000000000/resourceGroups/test_digital_twin_private_endpoint_000001/providers/Microsoft.DigitalTwins/digitalTwinsInstances/cli-test-dt-000002/privateEndpointConnections/30fd77ed-77ee-4f4e-b42c-721483cef9ed","name":"30fd77ed-77ee-4f4e-b42c-721483cef9ed","type":"Microsoft.DigitalTwins/digitalTwinsInstances/privateEndpointConnections","properties":{"provisioningState":"Succeeded","privateEndpoint":{"id":"/subscriptions/00000000-0000-0000-0000-000000000000/resourceGroups/test_digital_twin_private_endpoint_000001/providers/Microsoft.Network/privateEndpoints/cli-pe-000006"},"groupIds":["API"],"privateLinkServiceConnectionState":{"status":"Rejected","description":"Rejected.","actionsRequired":"None"}}}'
    headers:
      cache-control:
      - no-cache
      content-length:
      - '752'
      content-type:
      - application/json; charset=utf-8
      date:
      - Wed, 08 Feb 2023 09:35:33 GMT
      expires:
      - '-1'
      pragma:
      - no-cache
      server:
      - Kestrel
      strict-transport-security:
      - max-age=31536000; includeSubDomains
      traceresponse:
      - 00-6b817b7e0679c0cf9db34fcde4790ede-38843e23d9a3bca1-01
      transfer-encoding:
      - chunked
      vary:
      - Accept-Encoding
      x-content-type-options:
      - nosniff
    status:
      code: 200
      message: OK
- request:
    body: '{"id": "/subscriptions/00000000-0000-0000-0000-000000000000/resourceGroups/test_digital_twin_private_endpoint_000001/providers/Microsoft.DigitalTwins/digitalTwinsInstances/cli-test-dt-000002/privateEndpointConnections/30fd77ed-77ee-4f4e-b42c-721483cef9ed",
      "name": "30fd77ed-77ee-4f4e-b42c-721483cef9ed", "type": "Microsoft.DigitalTwins/digitalTwinsInstances/privateEndpointConnections",
      "properties": {"provisioningState": "Succeeded", "privateEndpoint": {"id": "/subscriptions/00000000-0000-0000-0000-000000000000/resourceGroups/test_digital_twin_private_endpoint_000001/providers/Microsoft.Network/privateEndpoints/cli-pe-000006"},
      "groupIds": ["API"], "privateLinkServiceConnectionState": {"status": "Approved",
      "description": "Approved.", "actionsRequired": "None"}}}'
    headers:
      Accept:
      - '*/*'
      Accept-Encoding:
      - gzip, deflate
      CommandName:
      - network private-endpoint-connection approve
      Connection:
      - keep-alive
      Content-Length:
      - '772'
      Content-Type:
      - application/json
      ParameterSetName:
      - --resource-name --resource-group --name --type --description
      User-Agent:
      - python/3.10.9 (Linux-5.15.0-1031-azure-x86_64-with-glibc2.31) AZURECLI/2.45.0
        VSTS_7b238909-6802-4b65-b90d-184bca47f458_build_220_0
    method: PUT
    uri: https://management.azure.com/subscriptions/00000000-0000-0000-0000-000000000000/resourceGroups/test_digital_twin_private_endpoint_000001/providers/Microsoft.DigitalTwins/digitalTwinsInstances/cli-test-dt-000002/privateEndpointConnections/30fd77ed-77ee-4f4e-b42c-721483cef9ed?api-version=2020-12-01
  response:
    body:
      string: '{"error":{"code":"BadRequest","message":"Exception of type ''Microsoft.Azure.DigitalTwins.ScaleUnitRPManagement.Exceptions.PrivateEndpointBadRequestException''
        was thrown."}}'
    headers:
      cache-control:
      - no-cache
      content-length:
      - '172'
      content-type:
      - application/json; charset=utf-8
      date:
      - Wed, 08 Feb 2023 09:35:34 GMT
      expires:
      - '-1'
      pragma:
      - no-cache
      server:
      - Kestrel
      strict-transport-security:
      - max-age=31536000; includeSubDomains
      traceresponse:
      - 00-0fa3511d3a5e32afd42aa75c86080038-29f05cd8cec5b6ab-01
      x-content-type-options:
      - nosniff
      x-ms-ratelimit-remaining-subscription-writes:
      - '1199'
    status:
      code: 400
      message: Bad Request
- request:
    body: null
    headers:
      Accept:
      - '*/*'
      Accept-Encoding:
      - gzip, deflate
      CommandName:
      - network private-endpoint-connection list
      Connection:
      - keep-alive
      ParameterSetName:
      - --name --resource-group --type
      User-Agent:
      - python/3.10.9 (Linux-5.15.0-1031-azure-x86_64-with-glibc2.31) AZURECLI/2.45.0
        VSTS_7b238909-6802-4b65-b90d-184bca47f458_build_220_0
    method: GET
    uri: https://management.azure.com/subscriptions/00000000-0000-0000-0000-000000000000/resourceGroups/test_digital_twin_private_endpoint_000001/providers/Microsoft.DigitalTwins/digitalTwinsInstances/cli-test-dt-000002/privateEndpointConnections?api-version=2020-12-01
  response:
    body:
      string: '{"value":[{"id":"/subscriptions/00000000-0000-0000-0000-000000000000/resourceGroups/test_digital_twin_private_endpoint_000001/providers/Microsoft.DigitalTwins/digitalTwinsInstances/cli-test-dt-000002/privateEndpointConnections/30fd77ed-77ee-4f4e-b42c-721483cef9ed","name":"30fd77ed-77ee-4f4e-b42c-721483cef9ed","type":"Microsoft.DigitalTwins/digitalTwinsInstances/privateEndpointConnections","properties":{"provisioningState":"Succeeded","privateEndpoint":{"id":"/subscriptions/00000000-0000-0000-0000-000000000000/resourceGroups/test_digital_twin_private_endpoint_000001/providers/Microsoft.Network/privateEndpoints/cli-pe-000006"},"groupIds":["API"],"privateLinkServiceConnectionState":{"status":"Rejected","description":"Rejected.","actionsRequired":"None"}}}]}'
    headers:
      cache-control:
      - no-cache
      content-length:
      - '764'
      content-type:
      - application/json; charset=utf-8
      date:
      - Wed, 08 Feb 2023 09:35:34 GMT
      expires:
      - '-1'
      pragma:
      - no-cache
      server:
      - Kestrel
      strict-transport-security:
      - max-age=31536000; includeSubDomains
      traceresponse:
      - 00-6dd5be451fc17b2427ebbd47e4306ad2-5a7736f1cad310b9-01
      x-content-type-options:
      - nosniff
    status:
      code: 200
      message: OK
- request:
    body: null
    headers:
      Accept:
      - '*/*'
      Accept-Encoding:
      - gzip, deflate
      CommandName:
      - network private-endpoint-connection delete
      Connection:
      - keep-alive
      Content-Length:
      - '0'
      ParameterSetName:
      - --id -y
      User-Agent:
      - python/3.10.9 (Linux-5.15.0-1031-azure-x86_64-with-glibc2.31) AZURECLI/2.45.0
        VSTS_7b238909-6802-4b65-b90d-184bca47f458_build_220_0
    method: DELETE
    uri: https://management.azure.com/subscriptions/00000000-0000-0000-0000-000000000000/resourceGroups/test_digital_twin_private_endpoint_000001/providers/Microsoft.DigitalTwins/digitalTwinsInstances/cli-test-dt-000002/privateEndpointConnections/30fd77ed-77ee-4f4e-b42c-721483cef9ed?api-version=2020-12-01
  response:
    body:
      string: ''
    headers:
      azure-asyncoperation:
      - https://management.azure.com/subscriptions/00000000-0000-0000-0000-000000000000/resourceGroups/test_digital_twin_private_endpoint_000001/providers/Microsoft.DigitalTwins/digitalTwinsInstances/cli-test-dt-000002/privateEndpointConnections/30fd77ed-77ee-4f4e-b42c-721483cef9ed/operationResults/306bc16f-8428-470c-b2fa-9909cd4e83aa?api-version=2020-12-01
      cache-control:
      - no-cache
      content-length:
      - '0'
      date:
      - Wed, 08 Feb 2023 09:35:35 GMT
      expires:
      - '-1'
      location:
      - https://management.azure.com/subscriptions/00000000-0000-0000-0000-000000000000/providers/Microsoft.DigitalTwins/locations/eastus/operationResults/eyJvcGVyYXRpb25LaW5kIjoiRGVsZXRlIiwicmVzb3VyY2VLaW5kIjoiUHJpdmF0ZUVuZHBvaW50Q29ubmVjdGlvbiIsInJlc291cmNlR3JvdXBOYW1lIjoidGVzdF9kaWdpdGFsX3R3aW5fcHJpdmF0ZV9lbmRwb2ludF8zY3B6eGJua3QyN2thNG5kajNncnB0eDNxc2tubG8zYndobDN4dzZlIiwicmVzb3VyY2VOYW1lIjoiY2xpLXRlc3QtZHQtd2s1NXRiNGhkbzc1IiwibmVzdGVkUmVzb3VyY2VOYW1lIjoiMzBmZDc3ZWQtNzdlZS00ZjRlLWI0MmMtNzIxNDgzY2VmOWVkIn0%3d?api-version=2020-12-01
      pragma:
      - no-cache
      server:
      - Kestrel
      strict-transport-security:
      - max-age=31536000; includeSubDomains
      traceresponse:
      - 00-e2482cda91734ad453c5196f18d7a7c0-311cc031e2141e74-01
      x-content-type-options:
      - nosniff
      x-ms-ratelimit-remaining-subscription-deletes:
      - '14999'
    status:
      code: 202
      message: Accepted
version: 1
