interactions:
- request:
    body: '{"location": "centraluseuap", "sku": {"name": "Standard_S1", "capacity":
      1}, "properties": {"publicNetworkAccess": "Enabled"}}'
    headers:
      Accept:
      - application/json
      Accept-Encoding:
      - gzip, deflate
      CommandName:
      - webpubsub create
      Connection:
      - keep-alive
      Content-Length:
      - '126'
      Content-Type:
      - application/json
      ParameterSetName:
      - -n -g --sku -l
      User-Agent:
      - AZURECLI/2.22.0 azsdk-python-mgmt-webpubsub/1.0.0b1 Python/3.9.2 (Windows-10-10.0.19041-SP0)
    method: PUT
    uri: https://management.azure.com/subscriptions/00000000-0000-0000-0000-000000000000/resourceGroups/clitest.rg000001/providers/Microsoft.SignalRService/webPubSub/webpubsub000002?api-version=2021-04-01-preview
  response:
    body:
      string: '{"sku":{"name":"Standard_S1","tier":"Standard","size":"S1","capacity":1},"properties":{"provisioningState":"Creating","externalIP":null,"hostName":"webpubsub000002.webpubsub.azure.com","publicPort":443,"serverPort":443,"version":"1.0-preview","privateEndpointConnections":[],"sharedPrivateLinkResources":[],"tls":{"clientCertEnabled":false},"features":[{"flag":"EnableConnectivityLogs","value":"False","properties":{}},{"flag":"EnableMessagingLogs","value":"False","properties":{}},{"flag":"EnableLiveTrace","value":"False","properties":{}}],"eventHandler":{"items":null},"networkACLs":{"defaultAction":"Deny","publicNetwork":{"allow":["ServerConnection","ClientConnection","RESTAPI","Trace"],"deny":null},"privateEndpoints":[]},"publicNetworkAccess":"Enabled"},"systemData":{"createdBy":"chenyl@microsoft.com","createdByType":"User","createdAt":"2021-04-22T03:00:48.7173126Z","lastModifiedBy":"chenyl@microsoft.com","lastModifiedByType":"User","lastModifiedAt":"2021-04-22T03:00:48.7173126Z"},"location":"centraluseuap","tags":null,"id":"/subscriptions/00000000-0000-0000-0000-000000000000/resourceGroups/clitest.rg000001/providers/Microsoft.SignalRService/WebPubSub/webpubsub000002","name":"webpubsub000002","type":"Microsoft.SignalRService/WebPubSub"}'
    headers:
      azure-asyncoperation:
      - https://management.azure.com/subscriptions/00000000-0000-0000-0000-000000000000/resourceGroups/clitest.rg000001/providers/Microsoft.SignalRService/locations/centraluseuap/operationStatuses/91aa1089-3c83-4be4-bb04-37e6838a7bfe/WebPubSub/webpubsub000002?api-version=2021-04-01-preview
      cache-control:
      - no-cache
      content-length:
      - '1261'
      content-type:
      - application/json; charset=utf-8
      date:
      - Thu, 22 Apr 2021 03:00:56 GMT
      expires:
      - '-1'
      location:
      - https://management.azure.com/subscriptions/00000000-0000-0000-0000-000000000000/resourceGroups/clitest.rg000001/providers/Microsoft.SignalRService/locations/centraluseuap/operationResults/91aa1089-3c83-4be4-bb04-37e6838a7bfe/WebPubSub/webpubsub000002?api-version=2021-04-01-preview
      pragma:
      - no-cache
      server:
      - Kestrel
      strict-transport-security:
      - max-age=31536000; includeSubDomains
      x-content-type-options:
      - nosniff
      x-ms-ratelimit-remaining-subscription-writes:
      - '1198'
      x-rp-server-mvid:
      - a2f7c14d-3749-40f0-a36e-ddee0281a049
    status:
      code: 201
      message: Created
- request:
    body: null
    headers:
      Accept:
      - '*/*'
      Accept-Encoding:
      - gzip, deflate
      CommandName:
      - webpubsub create
      Connection:
      - keep-alive
      ParameterSetName:
      - -n -g --sku -l
      User-Agent:
      - AZURECLI/2.22.0 azsdk-python-mgmt-webpubsub/1.0.0b1 Python/3.9.2 (Windows-10-10.0.19041-SP0)
    method: GET
    uri: https://management.azure.com/subscriptions/00000000-0000-0000-0000-000000000000/resourceGroups/clitest.rg000001/providers/Microsoft.SignalRService/locations/centraluseuap/operationStatuses/91aa1089-3c83-4be4-bb04-37e6838a7bfe/WebPubSub/webpubsub000002?api-version=2021-04-01-preview
  response:
    body:
      string: '{"id":"/subscriptions/00000000-0000-0000-0000-000000000000/resourceGroups/clitest.rg000001/providers/Microsoft.SignalRService/locations/centraluseuap/operationStatuses/91aa1089-3c83-4be4-bb04-37e6838a7bfe/WebPubSub/webpubsub000002","name":"91aa1089-3c83-4be4-bb04-37e6838a7bfe","status":"Running","startTime":"2021-04-22T03:00:54.8421276Z"}'
    headers:
      cache-control:
      - no-cache
      content-length:
      - '345'
      content-type:
      - application/json; charset=utf-8
      date:
      - Thu, 22 Apr 2021 03:01:26 GMT
      expires:
      - '-1'
      pragma:
      - no-cache
      server:
      - Kestrel
      strict-transport-security:
      - max-age=31536000; includeSubDomains
      transfer-encoding:
      - chunked
      vary:
      - Accept-Encoding
      x-content-type-options:
      - nosniff
      x-rp-server-mvid:
      - a2f7c14d-3749-40f0-a36e-ddee0281a049
    status:
      code: 200
      message: OK
- request:
    body: null
    headers:
      Accept:
      - '*/*'
      Accept-Encoding:
      - gzip, deflate
      CommandName:
      - webpubsub create
      Connection:
      - keep-alive
      ParameterSetName:
      - -n -g --sku -l
      User-Agent:
      - AZURECLI/2.22.0 azsdk-python-mgmt-webpubsub/1.0.0b1 Python/3.9.2 (Windows-10-10.0.19041-SP0)
    method: GET
    uri: https://management.azure.com/subscriptions/00000000-0000-0000-0000-000000000000/resourceGroups/clitest.rg000001/providers/Microsoft.SignalRService/locations/centraluseuap/operationStatuses/91aa1089-3c83-4be4-bb04-37e6838a7bfe/WebPubSub/webpubsub000002?api-version=2021-04-01-preview
  response:
    body:
      string: '{"id":"/subscriptions/00000000-0000-0000-0000-000000000000/resourceGroups/clitest.rg000001/providers/Microsoft.SignalRService/locations/centraluseuap/operationStatuses/91aa1089-3c83-4be4-bb04-37e6838a7bfe/WebPubSub/webpubsub000002","name":"91aa1089-3c83-4be4-bb04-37e6838a7bfe","status":"Succeeded","startTime":"2021-04-22T03:00:54.8421276Z","endTime":"2021-04-22T03:01:56.5065832Z"}'
    headers:
      cache-control:
      - no-cache
      content-length:
      - '388'
      content-type:
      - application/json; charset=utf-8
      date:
      - Thu, 22 Apr 2021 03:01:56 GMT
      expires:
      - '-1'
      pragma:
      - no-cache
      server:
      - Kestrel
      strict-transport-security:
      - max-age=31536000; includeSubDomains
      transfer-encoding:
      - chunked
      vary:
      - Accept-Encoding
      x-content-type-options:
      - nosniff
      x-rp-server-mvid:
      - a2f7c14d-3749-40f0-a36e-ddee0281a049
    status:
      code: 200
      message: OK
- request:
    body: null
    headers:
      Accept:
      - '*/*'
      Accept-Encoding:
      - gzip, deflate
      CommandName:
      - webpubsub create
      Connection:
      - keep-alive
      ParameterSetName:
      - -n -g --sku -l
      User-Agent:
      - AZURECLI/2.22.0 azsdk-python-mgmt-webpubsub/1.0.0b1 Python/3.9.2 (Windows-10-10.0.19041-SP0)
    method: GET
    uri: https://management.azure.com/subscriptions/00000000-0000-0000-0000-000000000000/resourceGroups/clitest.rg000001/providers/Microsoft.SignalRService/webPubSub/webpubsub000002?api-version=2021-04-01-preview
  response:
    body:
      string: '{"sku":{"name":"Standard_S1","tier":"Standard","size":"S1","capacity":1},"properties":{"provisioningState":"Succeeded","externalIP":"168.61.142.65","hostName":"webpubsub000002.webpubsub.azure.com","publicPort":443,"serverPort":443,"version":"1.0","privateEndpointConnections":[],"sharedPrivateLinkResources":[],"tls":{"clientCertEnabled":false},"features":[{"flag":"EnableConnectivityLogs","value":"False","properties":{}},{"flag":"EnableMessagingLogs","value":"False","properties":{}},{"flag":"EnableLiveTrace","value":"False","properties":{}}],"eventHandler":{"items":null},"networkACLs":{"defaultAction":"Deny","publicNetwork":{"allow":["ServerConnection","ClientConnection","RESTAPI","Trace"],"deny":null},"privateEndpoints":[]},"publicNetworkAccess":"Enabled"},"systemData":{"createdBy":"chenyl@microsoft.com","createdByType":"User","createdAt":"2021-04-22T03:00:48.7173126Z","lastModifiedBy":"chenyl@microsoft.com","lastModifiedByType":"User","lastModifiedAt":"2021-04-22T03:00:48.7173126Z"},"location":"centraluseuap","tags":null,"id":"/subscriptions/00000000-0000-0000-0000-000000000000/resourceGroups/clitest.rg000001/providers/Microsoft.SignalRService/WebPubSub/webpubsub000002","name":"webpubsub000002","type":"Microsoft.SignalRService/WebPubSub"}'
    headers:
      cache-control:
      - no-cache
      content-length:
      - '1265'
      content-type:
      - application/json; charset=utf-8
      date:
      - Thu, 22 Apr 2021 03:01:57 GMT
      expires:
      - '-1'
      pragma:
      - no-cache
      server:
      - Kestrel
      strict-transport-security:
      - max-age=31536000; includeSubDomains
      transfer-encoding:
      - chunked
      vary:
      - Accept-Encoding
      x-content-type-options:
      - nosniff
      x-rp-server-mvid:
      - a2f7c14d-3749-40f0-a36e-ddee0281a049
    status:
      code: 200
      message: OK
- request:
    body: '{"location": "centraluseuap", "tags": {}, "properties": {"addressSpace":
      {"addressPrefixes": ["10.0.0.0/16"]}, "dhcpOptions": {}, "subnets": [{"name":
      "subnet1", "properties": {"addressPrefix": "10.0.0.0/24"}}]}}'
    headers:
      Accept:
      - application/json
      Accept-Encoding:
      - gzip, deflate
      CommandName:
      - network vnet create
      Connection:
      - keep-alive
      Content-Length:
      - '212'
      Content-Type:
      - application/json
      ParameterSetName:
      - -g -n -l --subnet-name
      User-Agent:
      - AZURECLI/2.22.0 azsdk-python-azure-mgmt-network/18.0.0 Python/3.9.2 (Windows-10-10.0.19041-SP0)
    method: PUT
    uri: https://management.azure.com/subscriptions/00000000-0000-0000-0000-000000000000/resourceGroups/clitest.rg000001/providers/Microsoft.Network/virtualNetworks/vnet1?api-version=2020-11-01
  response:
    body:
      string: "{\r\n  \"name\": \"vnet1\",\r\n  \"id\": \"/subscriptions/00000000-0000-0000-0000-000000000000/resourceGroups/clitest.rg000001/providers/Microsoft.Network/virtualNetworks/vnet1\",\r\n
        \ \"etag\": \"W/\\\"d6dd7d13-59a2-4258-a8ff-9084878c010f\\\"\",\r\n  \"type\":
        \"Microsoft.Network/virtualNetworks\",\r\n  \"location\": \"centraluseuap\",\r\n
        \ \"tags\": {},\r\n  \"properties\": {\r\n    \"provisioningState\": \"Updating\",\r\n
        \   \"resourceGuid\": \"93842257-0303-485d-b18c-e8fc5a188471\",\r\n    \"addressSpace\":
        {\r\n      \"addressPrefixes\": [\r\n        \"10.0.0.0/16\"\r\n      ]\r\n
        \   },\r\n    \"dhcpOptions\": {\r\n      \"dnsServers\": []\r\n    },\r\n
        \   \"subnets\": [\r\n      {\r\n        \"name\": \"subnet1\",\r\n        \"id\":
        \"/subscriptions/00000000-0000-0000-0000-000000000000/resourceGroups/clitest.rg000001/providers/Microsoft.Network/virtualNetworks/vnet1/subnets/subnet1\",\r\n
        \       \"etag\": \"W/\\\"d6dd7d13-59a2-4258-a8ff-9084878c010f\\\"\",\r\n
        \       \"properties\": {\r\n          \"provisioningState\": \"Updating\",\r\n
        \         \"addressPrefix\": \"10.0.0.0/24\",\r\n          \"delegations\":
        [],\r\n          \"privateEndpointNetworkPolicies\": \"Enabled\",\r\n          \"privateLinkServiceNetworkPolicies\":
        \"Enabled\"\r\n        },\r\n        \"type\": \"Microsoft.Network/virtualNetworks/subnets\"\r\n
        \     }\r\n    ],\r\n    \"virtualNetworkPeerings\": [],\r\n    \"enableDdosProtection\":
        false\r\n  }\r\n}"
    headers:
      azure-asyncnotification:
      - Enabled
      azure-asyncoperation:
      - https://management.azure.com/subscriptions/00000000-0000-0000-0000-000000000000/providers/Microsoft.Network/locations/centraluseuap/operations/9b8a57c8-0a04-4b7d-bc02-b38ef312abde?api-version=2020-11-01
      cache-control:
      - no-cache
      content-length:
      - '1300'
      content-type:
      - application/json; charset=utf-8
      date:
      - Thu, 22 Apr 2021 03:02:05 GMT
      expires:
      - '-1'
      pragma:
      - no-cache
      server:
      - Microsoft-HTTPAPI/2.0
      - Microsoft-HTTPAPI/2.0
      strict-transport-security:
      - max-age=31536000; includeSubDomains
      x-content-type-options:
      - nosniff
      x-ms-arm-service-request-id:
      - 3ae6f9c8-f99c-4d55-8c47-402a2ea65aef
      x-ms-ratelimit-remaining-subscription-writes:
      - '1199'
    status:
      code: 201
      message: Created
- request:
    body: null
    headers:
      Accept:
      - '*/*'
      Accept-Encoding:
      - gzip, deflate
      CommandName:
      - network vnet create
      Connection:
      - keep-alive
      ParameterSetName:
      - -g -n -l --subnet-name
      User-Agent:
      - AZURECLI/2.22.0 azsdk-python-azure-mgmt-network/18.0.0 Python/3.9.2 (Windows-10-10.0.19041-SP0)
    method: GET
    uri: https://management.azure.com/subscriptions/00000000-0000-0000-0000-000000000000/providers/Microsoft.Network/locations/centraluseuap/operations/9b8a57c8-0a04-4b7d-bc02-b38ef312abde?api-version=2020-11-01
  response:
    body:
      string: "{\r\n  \"status\": \"Succeeded\"\r\n}"
    headers:
      cache-control:
      - no-cache
      content-length:
      - '29'
      content-type:
      - application/json; charset=utf-8
      date:
      - Thu, 22 Apr 2021 03:02:08 GMT
      expires:
      - '-1'
      pragma:
      - no-cache
      server:
      - Microsoft-HTTPAPI/2.0
      - Microsoft-HTTPAPI/2.0
      strict-transport-security:
      - max-age=31536000; includeSubDomains
      transfer-encoding:
      - chunked
      vary:
      - Accept-Encoding
      x-content-type-options:
      - nosniff
      x-ms-arm-service-request-id:
      - 2b58f686-d814-4a53-a6cd-71c842b6453d
    status:
      code: 200
      message: OK
- request:
    body: null
    headers:
      Accept:
      - '*/*'
      Accept-Encoding:
      - gzip, deflate
      CommandName:
      - network vnet create
      Connection:
      - keep-alive
      ParameterSetName:
      - -g -n -l --subnet-name
      User-Agent:
      - AZURECLI/2.22.0 azsdk-python-azure-mgmt-network/18.0.0 Python/3.9.2 (Windows-10-10.0.19041-SP0)
    method: GET
    uri: https://management.azure.com/subscriptions/00000000-0000-0000-0000-000000000000/resourceGroups/clitest.rg000001/providers/Microsoft.Network/virtualNetworks/vnet1?api-version=2020-11-01
  response:
    body:
      string: "{\r\n  \"name\": \"vnet1\",\r\n  \"id\": \"/subscriptions/00000000-0000-0000-0000-000000000000/resourceGroups/clitest.rg000001/providers/Microsoft.Network/virtualNetworks/vnet1\",\r\n
        \ \"etag\": \"W/\\\"ac87e3e4-10f5-4cfd-aecb-7d093552dddc\\\"\",\r\n  \"type\":
        \"Microsoft.Network/virtualNetworks\",\r\n  \"location\": \"centraluseuap\",\r\n
        \ \"tags\": {},\r\n  \"properties\": {\r\n    \"provisioningState\": \"Succeeded\",\r\n
        \   \"resourceGuid\": \"93842257-0303-485d-b18c-e8fc5a188471\",\r\n    \"addressSpace\":
        {\r\n      \"addressPrefixes\": [\r\n        \"10.0.0.0/16\"\r\n      ]\r\n
        \   },\r\n    \"dhcpOptions\": {\r\n      \"dnsServers\": []\r\n    },\r\n
        \   \"subnets\": [\r\n      {\r\n        \"name\": \"subnet1\",\r\n        \"id\":
        \"/subscriptions/00000000-0000-0000-0000-000000000000/resourceGroups/clitest.rg000001/providers/Microsoft.Network/virtualNetworks/vnet1/subnets/subnet1\",\r\n
        \       \"etag\": \"W/\\\"ac87e3e4-10f5-4cfd-aecb-7d093552dddc\\\"\",\r\n
        \       \"properties\": {\r\n          \"provisioningState\": \"Succeeded\",\r\n
        \         \"addressPrefix\": \"10.0.0.0/24\",\r\n          \"delegations\":
        [],\r\n          \"privateEndpointNetworkPolicies\": \"Enabled\",\r\n          \"privateLinkServiceNetworkPolicies\":
        \"Enabled\"\r\n        },\r\n        \"type\": \"Microsoft.Network/virtualNetworks/subnets\"\r\n
        \     }\r\n    ],\r\n    \"virtualNetworkPeerings\": [],\r\n    \"enableDdosProtection\":
        false\r\n  }\r\n}"
    headers:
      cache-control:
      - no-cache
      content-length:
      - '1302'
      content-type:
      - application/json; charset=utf-8
      date:
      - Thu, 22 Apr 2021 03:02:08 GMT
      etag:
      - W/"ac87e3e4-10f5-4cfd-aecb-7d093552dddc"
      expires:
      - '-1'
      pragma:
      - no-cache
      server:
      - Microsoft-HTTPAPI/2.0
      - Microsoft-HTTPAPI/2.0
      strict-transport-security:
      - max-age=31536000; includeSubDomains
      transfer-encoding:
      - chunked
      vary:
      - Accept-Encoding
      x-content-type-options:
      - nosniff
      x-ms-arm-service-request-id:
      - 4cf73617-ae02-417b-ac0f-a4154dd8169b
    status:
      code: 200
      message: OK
- request:
    body: null
    headers:
      Accept:
      - application/json
      Accept-Encoding:
      - gzip, deflate
      CommandName:
      - network vnet subnet update
      Connection:
      - keep-alive
      ParameterSetName:
      - --name --resource-group --vnet-name --disable-private-endpoint-network-policies
      User-Agent:
      - AZURECLI/2.22.0 azsdk-python-azure-mgmt-network/18.0.0 Python/3.9.2 (Windows-10-10.0.19041-SP0)
    method: GET
    uri: https://management.azure.com/subscriptions/00000000-0000-0000-0000-000000000000/resourceGroups/clitest.rg000001/providers/Microsoft.Network/virtualNetworks/vnet1/subnets/subnet1?api-version=2020-11-01
  response:
    body:
      string: "{\r\n  \"name\": \"subnet1\",\r\n  \"id\": \"/subscriptions/00000000-0000-0000-0000-000000000000/resourceGroups/clitest.rg000001/providers/Microsoft.Network/virtualNetworks/vnet1/subnets/subnet1\",\r\n
        \ \"etag\": \"W/\\\"ac87e3e4-10f5-4cfd-aecb-7d093552dddc\\\"\",\r\n  \"properties\":
        {\r\n    \"provisioningState\": \"Succeeded\",\r\n    \"addressPrefix\": \"10.0.0.0/24\",\r\n
        \   \"delegations\": [],\r\n    \"privateEndpointNetworkPolicies\": \"Enabled\",\r\n
        \   \"privateLinkServiceNetworkPolicies\": \"Enabled\"\r\n  },\r\n  \"type\":
        \"Microsoft.Network/virtualNetworks/subnets\"\r\n}"
    headers:
      cache-control:
      - no-cache
      content-length:
      - '531'
      content-type:
      - application/json; charset=utf-8
      date:
      - Thu, 22 Apr 2021 03:02:09 GMT
      etag:
      - W/"ac87e3e4-10f5-4cfd-aecb-7d093552dddc"
      expires:
      - '-1'
      pragma:
      - no-cache
      server:
      - Microsoft-HTTPAPI/2.0
      - Microsoft-HTTPAPI/2.0
      strict-transport-security:
      - max-age=31536000; includeSubDomains
      transfer-encoding:
      - chunked
      vary:
      - Accept-Encoding
      x-content-type-options:
      - nosniff
      x-ms-arm-service-request-id:
      - f821e26f-dafc-44ae-8ccf-63a7e21575a8
    status:
      code: 200
      message: OK
- request:
    body: '{"id": "/subscriptions/00000000-0000-0000-0000-000000000000/resourceGroups/clitest.rg000001/providers/Microsoft.Network/virtualNetworks/vnet1/subnets/subnet1",
      "name": "subnet1", "properties": {"addressPrefix": "10.0.0.0/24", "delegations":
      [], "privateEndpointNetworkPolicies": "Disabled", "privateLinkServiceNetworkPolicies":
      "Enabled"}}'
    headers:
      Accept:
      - application/json
      Accept-Encoding:
      - gzip, deflate
      CommandName:
      - network vnet subnet update
      Connection:
      - keep-alive
      Content-Length:
      - '343'
      Content-Type:
      - application/json
      ParameterSetName:
      - --name --resource-group --vnet-name --disable-private-endpoint-network-policies
      User-Agent:
      - AZURECLI/2.22.0 azsdk-python-azure-mgmt-network/18.0.0 Python/3.9.2 (Windows-10-10.0.19041-SP0)
    method: PUT
    uri: https://management.azure.com/subscriptions/00000000-0000-0000-0000-000000000000/resourceGroups/clitest.rg000001/providers/Microsoft.Network/virtualNetworks/vnet1/subnets/subnet1?api-version=2020-11-01
  response:
    body:
      string: "{\r\n  \"name\": \"subnet1\",\r\n  \"id\": \"/subscriptions/00000000-0000-0000-0000-000000000000/resourceGroups/clitest.rg000001/providers/Microsoft.Network/virtualNetworks/vnet1/subnets/subnet1\",\r\n
        \ \"etag\": \"W/\\\"af9b5870-3fdb-4066-9fdd-a850239bf981\\\"\",\r\n  \"properties\":
        {\r\n    \"provisioningState\": \"Updating\",\r\n    \"addressPrefix\": \"10.0.0.0/24\",\r\n
        \   \"delegations\": [],\r\n    \"privateEndpointNetworkPolicies\": \"Disabled\",\r\n
        \   \"privateLinkServiceNetworkPolicies\": \"Enabled\"\r\n  },\r\n  \"type\":
        \"Microsoft.Network/virtualNetworks/subnets\"\r\n}"
    headers:
      azure-asyncoperation:
      - https://management.azure.com/subscriptions/00000000-0000-0000-0000-000000000000/providers/Microsoft.Network/locations/centraluseuap/operations/c94230ee-0acc-43cf-b24a-3922481106aa?api-version=2020-11-01
      cache-control:
      - no-cache
      content-length:
      - '531'
      content-type:
      - application/json; charset=utf-8
      date:
      - Thu, 22 Apr 2021 03:02:10 GMT
      expires:
      - '-1'
      pragma:
      - no-cache
      server:
      - Microsoft-HTTPAPI/2.0
      - Microsoft-HTTPAPI/2.0
      strict-transport-security:
      - max-age=31536000; includeSubDomains
      transfer-encoding:
      - chunked
      vary:
      - Accept-Encoding
      x-content-type-options:
      - nosniff
      x-ms-arm-service-request-id:
      - d5f67f09-0f5e-4680-a29d-90e06a4817e1
      x-ms-ratelimit-remaining-subscription-writes:
      - '1198'
    status:
      code: 200
      message: OK
- request:
    body: null
    headers:
      Accept:
      - '*/*'
      Accept-Encoding:
      - gzip, deflate
      CommandName:
      - network vnet subnet update
      Connection:
      - keep-alive
      ParameterSetName:
      - --name --resource-group --vnet-name --disable-private-endpoint-network-policies
      User-Agent:
      - AZURECLI/2.22.0 azsdk-python-azure-mgmt-network/18.0.0 Python/3.9.2 (Windows-10-10.0.19041-SP0)
    method: GET
    uri: https://management.azure.com/subscriptions/00000000-0000-0000-0000-000000000000/providers/Microsoft.Network/locations/centraluseuap/operations/c94230ee-0acc-43cf-b24a-3922481106aa?api-version=2020-11-01
  response:
    body:
      string: "{\r\n  \"status\": \"Succeeded\"\r\n}"
    headers:
      cache-control:
      - no-cache
      content-length:
      - '29'
      content-type:
      - application/json; charset=utf-8
      date:
      - Thu, 22 Apr 2021 03:02:14 GMT
      expires:
      - '-1'
      pragma:
      - no-cache
      server:
      - Microsoft-HTTPAPI/2.0
      - Microsoft-HTTPAPI/2.0
      strict-transport-security:
      - max-age=31536000; includeSubDomains
      transfer-encoding:
      - chunked
      vary:
      - Accept-Encoding
      x-content-type-options:
      - nosniff
      x-ms-arm-service-request-id:
      - 15762e20-90f3-4acd-9c09-ad14deadd89d
    status:
      code: 200
      message: OK
- request:
    body: null
    headers:
      Accept:
      - '*/*'
      Accept-Encoding:
      - gzip, deflate
      CommandName:
      - network vnet subnet update
      Connection:
      - keep-alive
      ParameterSetName:
      - --name --resource-group --vnet-name --disable-private-endpoint-network-policies
      User-Agent:
      - AZURECLI/2.22.0 azsdk-python-azure-mgmt-network/18.0.0 Python/3.9.2 (Windows-10-10.0.19041-SP0)
    method: GET
    uri: https://management.azure.com/subscriptions/00000000-0000-0000-0000-000000000000/resourceGroups/clitest.rg000001/providers/Microsoft.Network/virtualNetworks/vnet1/subnets/subnet1?api-version=2020-11-01
  response:
    body:
      string: "{\r\n  \"name\": \"subnet1\",\r\n  \"id\": \"/subscriptions/00000000-0000-0000-0000-000000000000/resourceGroups/clitest.rg000001/providers/Microsoft.Network/virtualNetworks/vnet1/subnets/subnet1\",\r\n
        \ \"etag\": \"W/\\\"db61be61-20b7-4a9b-8590-e9e3bfd8c0b1\\\"\",\r\n  \"properties\":
        {\r\n    \"provisioningState\": \"Succeeded\",\r\n    \"addressPrefix\": \"10.0.0.0/24\",\r\n
        \   \"delegations\": [],\r\n    \"privateEndpointNetworkPolicies\": \"Disabled\",\r\n
        \   \"privateLinkServiceNetworkPolicies\": \"Enabled\"\r\n  },\r\n  \"type\":
        \"Microsoft.Network/virtualNetworks/subnets\"\r\n}"
    headers:
      cache-control:
      - no-cache
      content-length:
      - '532'
      content-type:
      - application/json; charset=utf-8
      date:
      - Thu, 22 Apr 2021 03:02:14 GMT
      etag:
      - W/"db61be61-20b7-4a9b-8590-e9e3bfd8c0b1"
      expires:
      - '-1'
      pragma:
      - no-cache
      server:
      - Microsoft-HTTPAPI/2.0
      - Microsoft-HTTPAPI/2.0
      strict-transport-security:
      - max-age=31536000; includeSubDomains
      transfer-encoding:
      - chunked
      vary:
      - Accept-Encoding
      x-content-type-options:
      - nosniff
      x-ms-arm-service-request-id:
      - 0e48c156-9d99-42f2-8d35-7e090ed15dfb
    status:
      code: 200
      message: OK
- request:
    body: '{"location": "centraluseuap", "properties": {"subnet": {"id": "/subscriptions/00000000-0000-0000-0000-000000000000/resourceGroups/clitest.rg000001/providers/Microsoft.Network/virtualNetworks/vnet1/subnets/subnet1"},
      "manualPrivateLinkServiceConnections": [{"name": "private_endpoint_connection1",
      "properties": {"privateLinkServiceId": "/subscriptions/00000000-0000-0000-0000-000000000000/resourceGroups/clitest.rg000001/providers/Microsoft.SignalRService/WebPubSub/webpubsub000002",
      "groupIds": ["webpubsub"]}}]}}'
    headers:
      Accept:
      - application/json
      Accept-Encoding:
      - gzip, deflate
      CommandName:
      - network private-endpoint create
      Connection:
      - keep-alive
      Content-Length:
      - '523'
      Content-Type:
      - application/json
      ParameterSetName:
      - --resource-group --vnet-name --subnet --name --private-connection-resource-id
        --group-ids --connection-name --location --manual-request
      User-Agent:
      - AZURECLI/2.22.0 azsdk-python-azure-mgmt-network/18.0.0 Python/3.9.2 (Windows-10-10.0.19041-SP0)
    method: PUT
    uri: https://management.azure.com/subscriptions/00000000-0000-0000-0000-000000000000/resourceGroups/clitest.rg000001/providers/Microsoft.Network/privateEndpoints/private_endpoint1?api-version=2020-11-01
  response:
    body:
      string: "{\r\n  \"name\": \"private_endpoint1\",\r\n  \"id\": \"/subscriptions/00000000-0000-0000-0000-000000000000/resourceGroups/clitest.rg000001/providers/Microsoft.Network/privateEndpoints/private_endpoint1\",\r\n
        \ \"etag\": \"W/\\\"f50290c8-b555-4404-a198-f623eb159245\\\"\",\r\n  \"type\":
        \"Microsoft.Network/privateEndpoints\",\r\n  \"location\": \"centraluseuap\",\r\n
        \ \"properties\": {\r\n    \"provisioningState\": \"Updating\",\r\n    \"resourceGuid\":
        \"1226ee44-531f-4314-806f-fa369c91a2af\",\r\n    \"privateLinkServiceConnections\":
        [],\r\n    \"manualPrivateLinkServiceConnections\": [\r\n      {\r\n        \"name\":
        \"private_endpoint_connection1\",\r\n        \"id\": \"/subscriptions/00000000-0000-0000-0000-000000000000/resourceGroups/clitest.rg000001/providers/Microsoft.Network/privateEndpoints/private_endpoint1/manualPrivateLinkServiceConnections/private_endpoint_connection1\",\r\n
        \       \"etag\": \"W/\\\"f50290c8-b555-4404-a198-f623eb159245\\\"\",\r\n
        \       \"properties\": {\r\n          \"provisioningState\": \"Succeeded\",\r\n
        \         \"privateLinkServiceId\": \"/subscriptions/00000000-0000-0000-0000-000000000000/resourceGroups/clitest.rg000001/providers/Microsoft.SignalRService/WebPubSub/webpubsub000002\",\r\n
        \         \"groupIds\": [\r\n            \"webpubsub\"\r\n          ],\r\n
        \         \"privateLinkServiceConnectionState\": {\r\n            \"status\":
        \"Pending\",\r\n            \"description\": \"Awaiting Approval\",\r\n            \"actionsRequired\":
        \"None\"\r\n          }\r\n        },\r\n        \"type\": \"Microsoft.Network/privateEndpoints/manualPrivateLinkServiceConnections\"\r\n
        \     }\r\n    ],\r\n    \"subnet\": {\r\n      \"id\": \"/subscriptions/00000000-0000-0000-0000-000000000000/resourceGroups/clitest.rg000001/providers/Microsoft.Network/virtualNetworks/vnet1/subnets/subnet1\"\r\n
        \   },\r\n    \"networkInterfaces\": [\r\n      {\r\n        \"id\": \"/subscriptions/00000000-0000-0000-0000-000000000000/resourceGroups/clitest.rg000001/providers/Microsoft.Network/networkInterfaces/private_endpoint1.nic.9361ba48-4beb-462f-ab1f-969985acdc20\"\r\n
        \     }\r\n    ],\r\n    \"customDnsConfigs\": []\r\n  }\r\n}"
    headers:
      azure-asyncnotification:
      - Enabled
      azure-asyncoperation:
      - https://management.azure.com/subscriptions/00000000-0000-0000-0000-000000000000/providers/Microsoft.Network/locations/centraluseuap/operations/5c8c4172-7388-4ec1-a8c1-6a4454105702?api-version=2020-11-01
      cache-control:
      - no-cache
      content-length:
      - '2015'
      content-type:
      - application/json; charset=utf-8
      date:
      - Thu, 22 Apr 2021 03:02:24 GMT
      expires:
      - '-1'
      pragma:
      - no-cache
      server:
      - Microsoft-HTTPAPI/2.0
      - Microsoft-HTTPAPI/2.0
      strict-transport-security:
      - max-age=31536000; includeSubDomains
      x-content-type-options:
      - nosniff
      x-ms-arm-service-request-id:
      - 6ed52170-4239-4a84-abfc-c5384aaeedf5
      x-ms-ratelimit-remaining-subscription-writes:
      - '1199'
    status:
      code: 201
      message: Created
- request:
    body: null
    headers:
      Accept:
      - '*/*'
      Accept-Encoding:
      - gzip, deflate
      CommandName:
      - network private-endpoint create
      Connection:
      - keep-alive
      ParameterSetName:
      - --resource-group --vnet-name --subnet --name --private-connection-resource-id
        --group-ids --connection-name --location --manual-request
      User-Agent:
      - AZURECLI/2.22.0 azsdk-python-azure-mgmt-network/18.0.0 Python/3.9.2 (Windows-10-10.0.19041-SP0)
    method: GET
    uri: https://management.azure.com/subscriptions/00000000-0000-0000-0000-000000000000/providers/Microsoft.Network/locations/centraluseuap/operations/5c8c4172-7388-4ec1-a8c1-6a4454105702?api-version=2020-11-01
  response:
    body:
      string: "{\r\n  \"status\": \"InProgress\"\r\n}"
    headers:
      cache-control:
      - no-cache
      content-length:
      - '30'
      content-type:
      - application/json; charset=utf-8
      date:
      - Thu, 22 Apr 2021 03:02:34 GMT
      expires:
      - '-1'
      pragma:
      - no-cache
      server:
      - Microsoft-HTTPAPI/2.0
      - Microsoft-HTTPAPI/2.0
      strict-transport-security:
      - max-age=31536000; includeSubDomains
      transfer-encoding:
      - chunked
      vary:
      - Accept-Encoding
      x-content-type-options:
      - nosniff
      x-ms-arm-service-request-id:
      - f4d118eb-fb1c-4880-9666-7c97dd56dfc8
    status:
      code: 200
      message: OK
- request:
    body: null
    headers:
      Accept:
      - '*/*'
      Accept-Encoding:
      - gzip, deflate
      CommandName:
      - network private-endpoint create
      Connection:
      - keep-alive
      ParameterSetName:
      - --resource-group --vnet-name --subnet --name --private-connection-resource-id
        --group-ids --connection-name --location --manual-request
      User-Agent:
      - AZURECLI/2.22.0 azsdk-python-azure-mgmt-network/18.0.0 Python/3.9.2 (Windows-10-10.0.19041-SP0)
    method: GET
    uri: https://management.azure.com/subscriptions/00000000-0000-0000-0000-000000000000/providers/Microsoft.Network/locations/centraluseuap/operations/5c8c4172-7388-4ec1-a8c1-6a4454105702?api-version=2020-11-01
  response:
    body:
      string: "{\r\n  \"status\": \"Succeeded\"\r\n}"
    headers:
      cache-control:
      - no-cache
      content-length:
      - '29'
      content-type:
      - application/json; charset=utf-8
      date:
      - Thu, 22 Apr 2021 03:02:44 GMT
      expires:
      - '-1'
      pragma:
      - no-cache
      server:
      - Microsoft-HTTPAPI/2.0
      - Microsoft-HTTPAPI/2.0
      strict-transport-security:
      - max-age=31536000; includeSubDomains
      transfer-encoding:
      - chunked
      vary:
      - Accept-Encoding
      x-content-type-options:
      - nosniff
      x-ms-arm-service-request-id:
      - c9e178f2-f1d3-4261-8d96-04ac76b571fa
    status:
      code: 200
      message: OK
- request:
    body: null
    headers:
      Accept:
      - '*/*'
      Accept-Encoding:
      - gzip, deflate
      CommandName:
      - network private-endpoint create
      Connection:
      - keep-alive
      ParameterSetName:
      - --resource-group --vnet-name --subnet --name --private-connection-resource-id
        --group-ids --connection-name --location --manual-request
      User-Agent:
      - AZURECLI/2.22.0 azsdk-python-azure-mgmt-network/18.0.0 Python/3.9.2 (Windows-10-10.0.19041-SP0)
    method: GET
    uri: https://management.azure.com/subscriptions/00000000-0000-0000-0000-000000000000/resourceGroups/clitest.rg000001/providers/Microsoft.Network/privateEndpoints/private_endpoint1?api-version=2020-11-01
  response:
    body:
      string: "{\r\n  \"name\": \"private_endpoint1\",\r\n  \"id\": \"/subscriptions/00000000-0000-0000-0000-000000000000/resourceGroups/clitest.rg000001/providers/Microsoft.Network/privateEndpoints/private_endpoint1\",\r\n
        \ \"etag\": \"W/\\\"90ec05c2-becd-4eb4-bdf4-c4dd7802800e\\\"\",\r\n  \"type\":
        \"Microsoft.Network/privateEndpoints\",\r\n  \"location\": \"centraluseuap\",\r\n
        \ \"properties\": {\r\n    \"provisioningState\": \"Succeeded\",\r\n    \"resourceGuid\":
        \"1226ee44-531f-4314-806f-fa369c91a2af\",\r\n    \"privateLinkServiceConnections\":
        [],\r\n    \"manualPrivateLinkServiceConnections\": [\r\n      {\r\n        \"name\":
        \"private_endpoint_connection1\",\r\n        \"id\": \"/subscriptions/00000000-0000-0000-0000-000000000000/resourceGroups/clitest.rg000001/providers/Microsoft.Network/privateEndpoints/private_endpoint1/manualPrivateLinkServiceConnections/private_endpoint_connection1\",\r\n
        \       \"etag\": \"W/\\\"90ec05c2-becd-4eb4-bdf4-c4dd7802800e\\\"\",\r\n
        \       \"properties\": {\r\n          \"provisioningState\": \"Succeeded\",\r\n
        \         \"privateLinkServiceId\": \"/subscriptions/00000000-0000-0000-0000-000000000000/resourceGroups/clitest.rg000001/providers/Microsoft.SignalRService/WebPubSub/webpubsub000002\",\r\n
        \         \"groupIds\": [\r\n            \"webpubsub\"\r\n          ],\r\n
        \         \"privateLinkServiceConnectionState\": {\r\n            \"status\":
        \"Pending\",\r\n            \"description\": \"\",\r\n            \"actionsRequired\":
        \"None\"\r\n          }\r\n        },\r\n        \"type\": \"Microsoft.Network/privateEndpoints/manualPrivateLinkServiceConnections\"\r\n
        \     }\r\n    ],\r\n    \"subnet\": {\r\n      \"id\": \"/subscriptions/00000000-0000-0000-0000-000000000000/resourceGroups/clitest.rg000001/providers/Microsoft.Network/virtualNetworks/vnet1/subnets/subnet1\"\r\n
        \   },\r\n    \"networkInterfaces\": [\r\n      {\r\n        \"id\": \"/subscriptions/00000000-0000-0000-0000-000000000000/resourceGroups/clitest.rg000001/providers/Microsoft.Network/networkInterfaces/private_endpoint1.nic.9361ba48-4beb-462f-ab1f-969985acdc20\"\r\n
        \     }\r\n    ],\r\n    \"customDnsConfigs\": []\r\n  }\r\n}"
    headers:
      cache-control:
      - no-cache
      content-length:
      - '1999'
      content-type:
      - application/json; charset=utf-8
      date:
      - Thu, 22 Apr 2021 03:02:44 GMT
      etag:
      - W/"90ec05c2-becd-4eb4-bdf4-c4dd7802800e"
      expires:
      - '-1'
      pragma:
      - no-cache
      server:
      - Microsoft-HTTPAPI/2.0
      - Microsoft-HTTPAPI/2.0
      strict-transport-security:
      - max-age=31536000; includeSubDomains
      transfer-encoding:
      - chunked
      vary:
      - Accept-Encoding
      x-content-type-options:
      - nosniff
      x-ms-arm-service-request-id:
      - 55693289-dc04-4fe2-a57c-5fbd0f97f469
    status:
      code: 200
      message: OK
- request:
    body: null
    headers:
      Accept:
      - '*/*'
      Accept-Encoding:
      - gzip, deflate
      CommandName:
      - network private-link-resource list
      Connection:
      - keep-alive
      ParameterSetName:
      - -n -g --type
      User-Agent:
      - python/3.9.2 (Windows-10-10.0.19041-SP0) AZURECLI/2.22.0
    method: GET
    uri: https://management.azure.com/subscriptions/00000000-0000-0000-0000-000000000000/resourceGroups/clitest.rg000001/providers/Microsoft.SignalRService/WebPubSub/webpubsub000002/privateLinkResources?api-version=2021-04-01-preview
  response:
    body:
      string: '{"value":[{"properties":{"groupId":"webpubsub","requiredMembers":["webpubsub"],"requiredZoneNames":["privatelink.webpubsub.azure.com"],"shareablePrivateLinkResourceTypes":[{"name":"site","properties":{"description":"Azure
        App Service can be used as an upstream","groupId":"sites","type":"Microsoft.Web/sites"}}]},"id":"/subscriptions/00000000-0000-0000-0000-000000000000/resourceGroups/clitest.rg000001/providers/Microsoft.SignalRService/WebPubSub/webpubsub000002/privateLinkResources/webpubsub","name":"webpubsub","type":"privateLinkResources"}]}'
    headers:
      cache-control:
      - no-cache
      content-length:
      - '552'
      content-type:
      - application/json; charset=utf-8
      date:
      - Thu, 22 Apr 2021 03:02:46 GMT
      expires:
      - '-1'
      pragma:
      - no-cache
      server:
      - Kestrel
      strict-transport-security:
      - max-age=31536000; includeSubDomains
      transfer-encoding:
      - chunked
      vary:
      - Accept-Encoding
      x-content-type-options:
      - nosniff
      x-rp-server-mvid:
      - a2f7c14d-3749-40f0-a36e-ddee0281a049
    status:
      code: 200
      message: OK
- request:
    body: null
    headers:
      Accept:
      - application/json
      Accept-Encoding:
      - gzip, deflate
      CommandName:
      - webpubsub show
      Connection:
      - keep-alive
      ParameterSetName:
      - -n -g
      User-Agent:
      - AZURECLI/2.22.0 azsdk-python-mgmt-webpubsub/1.0.0b1 Python/3.9.2 (Windows-10-10.0.19041-SP0)
    method: GET
    uri: https://management.azure.com/subscriptions/00000000-0000-0000-0000-000000000000/resourceGroups/clitest.rg000001/providers/Microsoft.SignalRService/webPubSub/webpubsub000002?api-version=2021-04-01-preview
  response:
    body:
      string: '{"sku":{"name":"Standard_S1","tier":"Standard","size":"S1","capacity":1},"properties":{"provisioningState":"Succeeded","externalIP":"168.61.142.65","hostName":"webpubsub000002.webpubsub.azure.com","publicPort":443,"serverPort":443,"version":"1.0","privateEndpointConnections":[{"properties":{"provisioningState":"Succeeded","privateEndpoint":{"id":"/subscriptions/00000000-0000-0000-0000-000000000000/resourceGroups/clitest.rg000001/providers/Microsoft.Network/privateEndpoints/private_endpoint1"},"privateLinkServiceConnectionState":{"status":"Pending","description":null,"actionsRequired":"None"}},"id":"/subscriptions/00000000-0000-0000-0000-000000000000/resourceGroups/clitest.rg000001/providers/Microsoft.SignalRService/WebPubSub/webpubsub000002/privateEndpointConnections/webpubsub000002.5ad4726f-6a26-48d5-b8ab-86f41962e1e8","name":"webpubsub000002.5ad4726f-6a26-48d5-b8ab-86f41962e1e8","type":"Microsoft.SignalRService/WebPubSub/privateEndpointConnections"}],"sharedPrivateLinkResources":[],"tls":{"clientCertEnabled":false},"features":[{"flag":"EnableConnectivityLogs","value":"False","properties":{}},{"flag":"EnableMessagingLogs","value":"False","properties":{}},{"flag":"EnableLiveTrace","value":"False","properties":{}}],"eventHandler":{"items":null},"networkACLs":{"defaultAction":"Deny","publicNetwork":{"allow":["ServerConnection","ClientConnection","RESTAPI","Trace"],"deny":null},"privateEndpoints":[{"name":"webpubsub000002.5ad4726f-6a26-48d5-b8ab-86f41962e1e8","allow":["ServerConnection","ClientConnection","RESTAPI","Trace"],"deny":null}]},"publicNetworkAccess":"Enabled"},"systemData":{"createdBy":"chenyl@microsoft.com","createdByType":"User","createdAt":"2021-04-22T03:00:48.7173126Z","lastModifiedBy":"chenyl@microsoft.com","lastModifiedByType":"User","lastModifiedAt":"2021-04-22T03:00:48.7173126Z"},"location":"centraluseuap","tags":null,"id":"/subscriptions/00000000-0000-0000-0000-000000000000/resourceGroups/clitest.rg000001/providers/Microsoft.SignalRService/WebPubSub/webpubsub000002","name":"webpubsub000002","type":"Microsoft.SignalRService/WebPubSub"}'
    headers:
      cache-control:
      - no-cache
      content-length:
      - '2106'
      content-type:
      - application/json; charset=utf-8
      date:
      - Thu, 22 Apr 2021 03:02:47 GMT
      expires:
      - '-1'
      pragma:
      - no-cache
      server:
      - Kestrel
      strict-transport-security:
      - max-age=31536000; includeSubDomains
      transfer-encoding:
      - chunked
      vary:
      - Accept-Encoding
      x-content-type-options:
      - nosniff
      x-rp-server-mvid:
      - a2f7c14d-3749-40f0-a36e-ddee0281a049
    status:
      code: 200
      message: OK
- request:
    body: null
    headers:
      Accept:
      - '*/*'
      Accept-Encoding:
      - gzip, deflate
      CommandName:
      - network private-endpoint-connection show
      Connection:
      - keep-alive
      ParameterSetName:
      - --id
      User-Agent:
      - python/3.9.2 (Windows-10-10.0.19041-SP0) AZURECLI/2.22.0
    method: GET
    uri: https://management.azure.com/subscriptions/00000000-0000-0000-0000-000000000000/resourceGroups/clitest.rg000001/providers/Microsoft.SignalRService/WebPubSub/webpubsub000002/privateEndpointConnections/webpubsub000002.5ad4726f-6a26-48d5-b8ab-86f41962e1e8?api-version=2021-04-01-preview
  response:
    body:
      string: '{"properties":{"provisioningState":"Succeeded","privateEndpoint":{"id":"/subscriptions/00000000-0000-0000-0000-000000000000/resourceGroups/clitest.rg000001/providers/Microsoft.Network/privateEndpoints/private_endpoint1"},"privateLinkServiceConnectionState":{"status":"Pending","description":null,"actionsRequired":"None"}},"id":"/subscriptions/00000000-0000-0000-0000-000000000000/resourceGroups/clitest.rg000001/providers/Microsoft.SignalRService/WebPubSub/webpubsub000002/privateEndpointConnections/webpubsub000002.5ad4726f-6a26-48d5-b8ab-86f41962e1e8","name":"webpubsub000002.5ad4726f-6a26-48d5-b8ab-86f41962e1e8","type":"Microsoft.SignalRService/WebPubSub/privateEndpointConnections"}'
    headers:
      cache-control:
      - no-cache
      content-length:
      - '699'
      content-type:
      - application/json; charset=utf-8
      date:
      - Thu, 22 Apr 2021 03:02:48 GMT
      expires:
      - '-1'
      pragma:
      - no-cache
      server:
      - Kestrel
      strict-transport-security:
      - max-age=31536000; includeSubDomains
      transfer-encoding:
      - chunked
      vary:
      - Accept-Encoding
      x-content-type-options:
      - nosniff
      x-rp-server-mvid:
      - a2f7c14d-3749-40f0-a36e-ddee0281a049
    status:
      code: 200
      message: OK
- request:
    body: null
    headers:
      Accept:
      - '*/*'
      Accept-Encoding:
      - gzip, deflate
      CommandName:
      - network private-endpoint-connection list
      Connection:
      - keep-alive
      ParameterSetName:
      - --id
      User-Agent:
      - python/3.9.2 (Windows-10-10.0.19041-SP0) AZURECLI/2.22.0
    method: GET
    uri: https://management.azure.com/subscriptions/00000000-0000-0000-0000-000000000000/resourceGroups/clitest.rg000001/providers/Microsoft.SignalRService/WebPubSub/webpubsub000002?api-version=2021-04-01-preview
  response:
    body:
      string: '{"sku":{"name":"Standard_S1","tier":"Standard","size":"S1","capacity":1},"properties":{"provisioningState":"Succeeded","externalIP":"168.61.142.65","hostName":"webpubsub000002.webpubsub.azure.com","publicPort":443,"serverPort":443,"version":"1.0","privateEndpointConnections":[{"properties":{"provisioningState":"Succeeded","privateEndpoint":{"id":"/subscriptions/00000000-0000-0000-0000-000000000000/resourceGroups/clitest.rg000001/providers/Microsoft.Network/privateEndpoints/private_endpoint1"},"privateLinkServiceConnectionState":{"status":"Pending","description":null,"actionsRequired":"None"}},"id":"/subscriptions/00000000-0000-0000-0000-000000000000/resourceGroups/clitest.rg000001/providers/Microsoft.SignalRService/WebPubSub/webpubsub000002/privateEndpointConnections/webpubsub000002.5ad4726f-6a26-48d5-b8ab-86f41962e1e8","name":"webpubsub000002.5ad4726f-6a26-48d5-b8ab-86f41962e1e8","type":"Microsoft.SignalRService/WebPubSub/privateEndpointConnections"}],"sharedPrivateLinkResources":[],"tls":{"clientCertEnabled":false},"features":[{"flag":"EnableConnectivityLogs","value":"False","properties":{}},{"flag":"EnableMessagingLogs","value":"False","properties":{}},{"flag":"EnableLiveTrace","value":"False","properties":{}}],"eventHandler":{"items":null},"networkACLs":{"defaultAction":"Deny","publicNetwork":{"allow":["ServerConnection","ClientConnection","RESTAPI","Trace"],"deny":null},"privateEndpoints":[{"name":"webpubsub000002.5ad4726f-6a26-48d5-b8ab-86f41962e1e8","allow":["ServerConnection","ClientConnection","RESTAPI","Trace"],"deny":null}]},"publicNetworkAccess":"Enabled"},"systemData":{"createdBy":"chenyl@microsoft.com","createdByType":"User","createdAt":"2021-04-22T03:00:48.7173126Z","lastModifiedBy":"chenyl@microsoft.com","lastModifiedByType":"User","lastModifiedAt":"2021-04-22T03:00:48.7173126Z"},"location":"centraluseuap","tags":null,"id":"/subscriptions/00000000-0000-0000-0000-000000000000/resourceGroups/clitest.rg000001/providers/Microsoft.SignalRService/WebPubSub/webpubsub000002","name":"webpubsub000002","type":"Microsoft.SignalRService/WebPubSub"}'
    headers:
      cache-control:
      - no-cache
      content-length:
      - '2106'
      content-type:
      - application/json; charset=utf-8
      date:
      - Thu, 22 Apr 2021 03:02:50 GMT
      expires:
      - '-1'
      pragma:
      - no-cache
      server:
      - Kestrel
      strict-transport-security:
      - max-age=31536000; includeSubDomains
      transfer-encoding:
      - chunked
      vary:
      - Accept-Encoding
      x-content-type-options:
      - nosniff
      x-rp-server-mvid:
      - a2f7c14d-3749-40f0-a36e-ddee0281a049
    status:
      code: 200
      message: OK
- request:
    body: null
    headers:
      Accept:
      - '*/*'
      Accept-Encoding:
      - gzip, deflate
      CommandName:
      - network private-endpoint-connection approve
      Connection:
      - keep-alive
      ParameterSetName:
      - --id
      User-Agent:
      - python/3.9.2 (Windows-10-10.0.19041-SP0) AZURECLI/2.22.0
    method: GET
    uri: https://management.azure.com/subscriptions/00000000-0000-0000-0000-000000000000/resourceGroups/clitest.rg000001/providers/Microsoft.SignalRService/WebPubSub/webpubsub000002/privateEndpointConnections/webpubsub000002.5ad4726f-6a26-48d5-b8ab-86f41962e1e8?api-version=2021-04-01-preview
  response:
    body:
      string: '{"properties":{"provisioningState":"Succeeded","privateEndpoint":{"id":"/subscriptions/00000000-0000-0000-0000-000000000000/resourceGroups/clitest.rg000001/providers/Microsoft.Network/privateEndpoints/private_endpoint1"},"privateLinkServiceConnectionState":{"status":"Pending","description":null,"actionsRequired":"None"}},"id":"/subscriptions/00000000-0000-0000-0000-000000000000/resourceGroups/clitest.rg000001/providers/Microsoft.SignalRService/WebPubSub/webpubsub000002/privateEndpointConnections/webpubsub000002.5ad4726f-6a26-48d5-b8ab-86f41962e1e8","name":"webpubsub000002.5ad4726f-6a26-48d5-b8ab-86f41962e1e8","type":"Microsoft.SignalRService/WebPubSub/privateEndpointConnections"}'
    headers:
      cache-control:
      - no-cache
      content-length:
      - '699'
      content-type:
      - application/json; charset=utf-8
      date:
      - Thu, 22 Apr 2021 03:02:51 GMT
      expires:
      - '-1'
      pragma:
      - no-cache
      server:
      - Kestrel
      strict-transport-security:
      - max-age=31536000; includeSubDomains
      transfer-encoding:
      - chunked
      vary:
      - Accept-Encoding
      x-content-type-options:
      - nosniff
      x-rp-server-mvid:
      - a2f7c14d-3749-40f0-a36e-ddee0281a049
    status:
      code: 200
      message: OK
- request:
    body: '{"properties": {"provisioningState": "Succeeded", "privateEndpoint": {"id":
      "/subscriptions/00000000-0000-0000-0000-000000000000/resourceGroups/clitest.rg000001/providers/Microsoft.Network/privateEndpoints/private_endpoint1"},
      "privateLinkServiceConnectionState": {"status": "Approved", "description": null,
      "actionsRequired": "None"}}, "id": "/subscriptions/00000000-0000-0000-0000-000000000000/resourceGroups/clitest.rg000001/providers/Microsoft.SignalRService/WebPubSub/webpubsub000002/privateEndpointConnections/webpubsub000002.5ad4726f-6a26-48d5-b8ab-86f41962e1e8",
      "name": "webpubsub000002.5ad4726f-6a26-48d5-b8ab-86f41962e1e8", "type": "Microsoft.SignalRService/WebPubSub/privateEndpointConnections"}'
    headers:
      Accept:
      - '*/*'
      Accept-Encoding:
      - gzip, deflate
      CommandName:
      - network private-endpoint-connection approve
      Connection:
      - keep-alive
      Content-Length:
      - '718'
      Content-Type:
      - application/json
      ParameterSetName:
      - --id
      User-Agent:
      - python/3.9.2 (Windows-10-10.0.19041-SP0) AZURECLI/2.22.0
    method: PUT
    uri: https://management.azure.com/subscriptions/00000000-0000-0000-0000-000000000000/resourceGroups/clitest.rg000001/providers/Microsoft.SignalRService/WebPubSub/webpubsub000002/privateEndpointConnections/webpubsub000002.5ad4726f-6a26-48d5-b8ab-86f41962e1e8?api-version=2021-04-01-preview
  response:
    body:
      string: '{"systemData":{"createdBy":"chenyl@microsoft.com","createdByType":"User","createdAt":"2021-04-22T03:02:52.3656391Z","lastModifiedBy":"chenyl@microsoft.com","lastModifiedByType":"User","lastModifiedAt":"2021-04-22T03:02:52.3656391Z"},"properties":{"provisioningState":"Updating","privateEndpoint":{"id":"/subscriptions/00000000-0000-0000-0000-000000000000/resourceGroups/clitest.rg000001/providers/Microsoft.Network/privateEndpoints/private_endpoint1"},"privateLinkServiceConnectionState":{"status":"Approved","description":null,"actionsRequired":"None"}},"id":"/subscriptions/00000000-0000-0000-0000-000000000000/resourceGroups/clitest.rg000001/providers/Microsoft.SignalRService/WebPubSub/webpubsub000002/privateEndpointConnections/webpubsub000002.5ad4726f-6a26-48d5-b8ab-86f41962e1e8","name":"webpubsub000002.5ad4726f-6a26-48d5-b8ab-86f41962e1e8","type":"Microsoft.SignalRService/WebPubSub/privateEndpointConnections"}'
    headers:
      azure-asyncoperation:
      - https://management.azure.com/subscriptions/00000000-0000-0000-0000-000000000000/resourceGroups/clitest.rg000001/providers/Microsoft.SignalRService/locations/centraluseuap/operationStatuses/d55abc35-d7e0-4606-8b0a-15736e903c3e/WebPubSub/webpubsub000002?api-version=2021-04-01-preview
      cache-control:
      - no-cache
      content-length:
      - '931'
      content-type:
      - application/json; charset=utf-8
      date:
      - Thu, 22 Apr 2021 03:02:52 GMT
      expires:
      - '-1'
      pragma:
      - no-cache
      server:
      - Kestrel
      strict-transport-security:
      - max-age=31536000; includeSubDomains
      transfer-encoding:
      - chunked
      vary:
      - Accept-Encoding
      x-content-type-options:
      - nosniff
      x-ms-ratelimit-remaining-subscription-writes:
      - '1198'
      x-rp-server-mvid:
      - a2f7c14d-3749-40f0-a36e-ddee0281a049
    status:
      code: 200
      message: OK
- request:
    body: null
    headers:
      Accept:
      - '*/*'
      Accept-Encoding:
      - gzip, deflate
      CommandName:
      - network private-endpoint-connection approve
      Connection:
      - keep-alive
      ParameterSetName:
      - --id
      User-Agent:
      - python/3.9.2 (Windows-10-10.0.19041-SP0) AZURECLI/2.22.0
    method: GET
    uri: https://management.azure.com/subscriptions/00000000-0000-0000-0000-000000000000/resourceGroups/clitest.rg000001/providers/Microsoft.SignalRService/WebPubSub/webpubsub000002/privateEndpointConnections/webpubsub000002.5ad4726f-6a26-48d5-b8ab-86f41962e1e8?api-version=2021-04-01-preview
  response:
    body:
      string: '{"systemData":{"createdBy":"chenyl@microsoft.com","createdByType":"User","createdAt":"2021-04-22T03:02:52.3656391Z","lastModifiedBy":"chenyl@microsoft.com","lastModifiedByType":"User","lastModifiedAt":"2021-04-22T03:02:52.3656391Z"},"properties":{"provisioningState":"Updating","privateEndpoint":{"id":"/subscriptions/00000000-0000-0000-0000-000000000000/resourceGroups/clitest.rg000001/providers/Microsoft.Network/privateEndpoints/private_endpoint1"},"privateLinkServiceConnectionState":{"status":"Approved","description":null,"actionsRequired":"None"}},"id":"/subscriptions/00000000-0000-0000-0000-000000000000/resourceGroups/clitest.rg000001/providers/Microsoft.SignalRService/WebPubSub/webpubsub000002/privateEndpointConnections/webpubsub000002.5ad4726f-6a26-48d5-b8ab-86f41962e1e8","name":"webpubsub000002.5ad4726f-6a26-48d5-b8ab-86f41962e1e8","type":"Microsoft.SignalRService/WebPubSub/privateEndpointConnections"}'
    headers:
      cache-control:
      - no-cache
      content-length:
      - '931'
      content-type:
      - application/json; charset=utf-8
      date:
      - Thu, 22 Apr 2021 03:03:03 GMT
      expires:
      - '-1'
      pragma:
      - no-cache
      server:
      - Kestrel
      strict-transport-security:
      - max-age=31536000; includeSubDomains
      transfer-encoding:
      - chunked
      vary:
      - Accept-Encoding
      x-content-type-options:
      - nosniff
      x-rp-server-mvid:
      - a2f7c14d-3749-40f0-a36e-ddee0281a049
    status:
      code: 200
      message: OK
- request:
    body: null
    headers:
      Accept:
      - '*/*'
      Accept-Encoding:
      - gzip, deflate
      CommandName:
      - network private-endpoint-connection approve
      Connection:
      - keep-alive
      ParameterSetName:
      - --id
      User-Agent:
      - python/3.9.2 (Windows-10-10.0.19041-SP0) AZURECLI/2.22.0
    method: GET
    uri: https://management.azure.com/subscriptions/00000000-0000-0000-0000-000000000000/resourceGroups/clitest.rg000001/providers/Microsoft.SignalRService/WebPubSub/webpubsub000002/privateEndpointConnections/webpubsub000002.5ad4726f-6a26-48d5-b8ab-86f41962e1e8?api-version=2021-04-01-preview
  response:
    body:
      string: '{"systemData":{"createdBy":"chenyl@microsoft.com","createdByType":"User","createdAt":"2021-04-22T03:02:52.3656391Z","lastModifiedBy":"chenyl@microsoft.com","lastModifiedByType":"User","lastModifiedAt":"2021-04-22T03:02:52.3656391Z"},"properties":{"provisioningState":"Updating","privateEndpoint":{"id":"/subscriptions/00000000-0000-0000-0000-000000000000/resourceGroups/clitest.rg000001/providers/Microsoft.Network/privateEndpoints/private_endpoint1"},"privateLinkServiceConnectionState":{"status":"Approved","description":null,"actionsRequired":"None"}},"id":"/subscriptions/00000000-0000-0000-0000-000000000000/resourceGroups/clitest.rg000001/providers/Microsoft.SignalRService/WebPubSub/webpubsub000002/privateEndpointConnections/webpubsub000002.5ad4726f-6a26-48d5-b8ab-86f41962e1e8","name":"webpubsub000002.5ad4726f-6a26-48d5-b8ab-86f41962e1e8","type":"Microsoft.SignalRService/WebPubSub/privateEndpointConnections"}'
    headers:
      cache-control:
      - no-cache
      content-length:
      - '931'
      content-type:
      - application/json; charset=utf-8
      date:
      - Thu, 22 Apr 2021 03:03:15 GMT
      expires:
      - '-1'
      pragma:
      - no-cache
      server:
      - Kestrel
      strict-transport-security:
      - max-age=31536000; includeSubDomains
      transfer-encoding:
      - chunked
      vary:
      - Accept-Encoding
      x-content-type-options:
      - nosniff
      x-rp-server-mvid:
      - a2f7c14d-3749-40f0-a36e-ddee0281a049
    status:
      code: 200
      message: OK
- request:
    body: null
    headers:
      Accept:
      - '*/*'
      Accept-Encoding:
      - gzip, deflate
      CommandName:
      - network private-endpoint-connection approve
      Connection:
      - keep-alive
      ParameterSetName:
      - --id
      User-Agent:
      - python/3.9.2 (Windows-10-10.0.19041-SP0) AZURECLI/2.22.0
    method: GET
    uri: https://management.azure.com/subscriptions/00000000-0000-0000-0000-000000000000/resourceGroups/clitest.rg000001/providers/Microsoft.SignalRService/WebPubSub/webpubsub000002/privateEndpointConnections/webpubsub000002.5ad4726f-6a26-48d5-b8ab-86f41962e1e8?api-version=2021-04-01-preview
  response:
    body:
      string: '{"systemData":{"createdBy":"chenyl@microsoft.com","createdByType":"User","createdAt":"2021-04-22T03:02:52.3656391Z","lastModifiedBy":"chenyl@microsoft.com","lastModifiedByType":"User","lastModifiedAt":"2021-04-22T03:02:52.3656391Z"},"properties":{"provisioningState":"Updating","privateEndpoint":{"id":"/subscriptions/00000000-0000-0000-0000-000000000000/resourceGroups/clitest.rg000001/providers/Microsoft.Network/privateEndpoints/private_endpoint1"},"privateLinkServiceConnectionState":{"status":"Approved","description":null,"actionsRequired":"None"}},"id":"/subscriptions/00000000-0000-0000-0000-000000000000/resourceGroups/clitest.rg000001/providers/Microsoft.SignalRService/WebPubSub/webpubsub000002/privateEndpointConnections/webpubsub000002.5ad4726f-6a26-48d5-b8ab-86f41962e1e8","name":"webpubsub000002.5ad4726f-6a26-48d5-b8ab-86f41962e1e8","type":"Microsoft.SignalRService/WebPubSub/privateEndpointConnections"}'
    headers:
      cache-control:
      - no-cache
      content-length:
      - '931'
      content-type:
      - application/json; charset=utf-8
      date:
      - Thu, 22 Apr 2021 03:03:25 GMT
      expires:
      - '-1'
      pragma:
      - no-cache
      server:
      - Kestrel
      strict-transport-security:
      - max-age=31536000; includeSubDomains
      transfer-encoding:
      - chunked
      vary:
      - Accept-Encoding
      x-content-type-options:
      - nosniff
      x-rp-server-mvid:
      - a2f7c14d-3749-40f0-a36e-ddee0281a049
    status:
      code: 200
      message: OK
- request:
    body: null
    headers:
      Accept:
      - '*/*'
      Accept-Encoding:
      - gzip, deflate
      CommandName:
      - network private-endpoint-connection approve
      Connection:
      - keep-alive
      ParameterSetName:
      - --id
      User-Agent:
      - python/3.9.2 (Windows-10-10.0.19041-SP0) AZURECLI/2.22.0
    method: GET
    uri: https://management.azure.com/subscriptions/00000000-0000-0000-0000-000000000000/resourceGroups/clitest.rg000001/providers/Microsoft.SignalRService/WebPubSub/webpubsub000002/privateEndpointConnections/webpubsub000002.5ad4726f-6a26-48d5-b8ab-86f41962e1e8?api-version=2021-04-01-preview
  response:
    body:
      string: '{"systemData":{"createdBy":"chenyl@microsoft.com","createdByType":"User","createdAt":"2021-04-22T03:02:52.3656391Z","lastModifiedBy":"chenyl@microsoft.com","lastModifiedByType":"User","lastModifiedAt":"2021-04-22T03:02:52.3656391Z"},"properties":{"provisioningState":"Succeeded","privateEndpoint":{"id":"/subscriptions/00000000-0000-0000-0000-000000000000/resourceGroups/clitest.rg000001/providers/Microsoft.Network/privateEndpoints/private_endpoint1"},"privateLinkServiceConnectionState":{"status":"Approved","description":null,"actionsRequired":"None"}},"id":"/subscriptions/00000000-0000-0000-0000-000000000000/resourceGroups/clitest.rg000001/providers/Microsoft.SignalRService/WebPubSub/webpubsub000002/privateEndpointConnections/webpubsub000002.5ad4726f-6a26-48d5-b8ab-86f41962e1e8","name":"webpubsub000002.5ad4726f-6a26-48d5-b8ab-86f41962e1e8","type":"Microsoft.SignalRService/WebPubSub/privateEndpointConnections"}'
    headers:
      cache-control:
      - no-cache
      content-length:
      - '932'
      content-type:
      - application/json; charset=utf-8
      date:
      - Thu, 22 Apr 2021 03:03:36 GMT
      expires:
      - '-1'
      pragma:
      - no-cache
      server:
      - Kestrel
      strict-transport-security:
      - max-age=31536000; includeSubDomains
      transfer-encoding:
      - chunked
      vary:
      - Accept-Encoding
      x-content-type-options:
      - nosniff
      x-rp-server-mvid:
      - a2f7c14d-3749-40f0-a36e-ddee0281a049
    status:
      code: 200
      message: OK
- request:
    body: null
    headers:
      Accept:
      - '*/*'
      Accept-Encoding:
      - gzip, deflate
      CommandName:
      - network private-endpoint-connection reject
      Connection:
      - keep-alive
      ParameterSetName:
      - --id
      User-Agent:
      - python/3.9.2 (Windows-10-10.0.19041-SP0) AZURECLI/2.22.0
    method: GET
    uri: https://management.azure.com/subscriptions/00000000-0000-0000-0000-000000000000/resourceGroups/clitest.rg000001/providers/Microsoft.SignalRService/WebPubSub/webpubsub000002/privateEndpointConnections/webpubsub000002.5ad4726f-6a26-48d5-b8ab-86f41962e1e8?api-version=2021-04-01-preview
  response:
    body:
      string: '{"systemData":{"createdBy":"chenyl@microsoft.com","createdByType":"User","createdAt":"2021-04-22T03:02:52.3656391Z","lastModifiedBy":"chenyl@microsoft.com","lastModifiedByType":"User","lastModifiedAt":"2021-04-22T03:02:52.3656391Z"},"properties":{"provisioningState":"Succeeded","privateEndpoint":{"id":"/subscriptions/00000000-0000-0000-0000-000000000000/resourceGroups/clitest.rg000001/providers/Microsoft.Network/privateEndpoints/private_endpoint1"},"privateLinkServiceConnectionState":{"status":"Approved","description":null,"actionsRequired":"None"}},"id":"/subscriptions/00000000-0000-0000-0000-000000000000/resourceGroups/clitest.rg000001/providers/Microsoft.SignalRService/WebPubSub/webpubsub000002/privateEndpointConnections/webpubsub000002.5ad4726f-6a26-48d5-b8ab-86f41962e1e8","name":"webpubsub000002.5ad4726f-6a26-48d5-b8ab-86f41962e1e8","type":"Microsoft.SignalRService/WebPubSub/privateEndpointConnections"}'
    headers:
      cache-control:
      - no-cache
      content-length:
      - '932'
      content-type:
      - application/json; charset=utf-8
      date:
      - Thu, 22 Apr 2021 03:03:37 GMT
      expires:
      - '-1'
      pragma:
      - no-cache
      server:
      - Kestrel
      strict-transport-security:
      - max-age=31536000; includeSubDomains
      transfer-encoding:
      - chunked
      vary:
      - Accept-Encoding
      x-content-type-options:
      - nosniff
      x-rp-server-mvid:
      - a2f7c14d-3749-40f0-a36e-ddee0281a049
    status:
      code: 200
      message: OK
- request:
    body: '{"systemData": {"createdBy": "chenyl@microsoft.com", "createdByType": "User",
      "createdAt": "2021-04-22T03:02:52.3656391Z", "lastModifiedBy": "chenyl@microsoft.com",
      "lastModifiedByType": "User", "lastModifiedAt": "2021-04-22T03:02:52.3656391Z"},
      "properties": {"provisioningState": "Succeeded", "privateEndpoint": {"id": "/subscriptions/00000000-0000-0000-0000-000000000000/resourceGroups/clitest.rg000001/providers/Microsoft.Network/privateEndpoints/private_endpoint1"},
      "privateLinkServiceConnectionState": {"status": "Rejected", "description": null,
      "actionsRequired": "None"}}, "id": "/subscriptions/00000000-0000-0000-0000-000000000000/resourceGroups/clitest.rg000001/providers/Microsoft.SignalRService/WebPubSub/webpubsub000002/privateEndpointConnections/webpubsub000002.5ad4726f-6a26-48d5-b8ab-86f41962e1e8",
      "name": "webpubsub000002.5ad4726f-6a26-48d5-b8ab-86f41962e1e8", "type": "Microsoft.SignalRService/WebPubSub/privateEndpointConnections"}'
    headers:
      Accept:
      - '*/*'
      Accept-Encoding:
      - gzip, deflate
      CommandName:
      - network private-endpoint-connection reject
      Connection:
      - keep-alive
      Content-Length:
      - '963'
      Content-Type:
      - application/json
      ParameterSetName:
      - --id
      User-Agent:
      - python/3.9.2 (Windows-10-10.0.19041-SP0) AZURECLI/2.22.0
    method: PUT
    uri: https://management.azure.com/subscriptions/00000000-0000-0000-0000-000000000000/resourceGroups/clitest.rg000001/providers/Microsoft.SignalRService/WebPubSub/webpubsub000002/privateEndpointConnections/webpubsub000002.5ad4726f-6a26-48d5-b8ab-86f41962e1e8?api-version=2021-04-01-preview
  response:
    body:
      string: '{"systemData":{"createdBy":"chenyl@microsoft.com","createdByType":"User","createdAt":"2021-04-22T03:03:38.7286911Z","lastModifiedBy":"chenyl@microsoft.com","lastModifiedByType":"User","lastModifiedAt":"2021-04-22T03:03:38.7286911Z"},"properties":{"provisioningState":"Updating","privateEndpoint":{"id":"/subscriptions/00000000-0000-0000-0000-000000000000/resourceGroups/clitest.rg000001/providers/Microsoft.Network/privateEndpoints/private_endpoint1"},"privateLinkServiceConnectionState":{"status":"Rejected","description":null,"actionsRequired":"None"}},"id":"/subscriptions/00000000-0000-0000-0000-000000000000/resourceGroups/clitest.rg000001/providers/Microsoft.SignalRService/WebPubSub/webpubsub000002/privateEndpointConnections/webpubsub000002.5ad4726f-6a26-48d5-b8ab-86f41962e1e8","name":"webpubsub000002.5ad4726f-6a26-48d5-b8ab-86f41962e1e8","type":"Microsoft.SignalRService/WebPubSub/privateEndpointConnections"}'
    headers:
      azure-asyncoperation:
      - https://management.azure.com/subscriptions/00000000-0000-0000-0000-000000000000/resourceGroups/clitest.rg000001/providers/Microsoft.SignalRService/locations/centraluseuap/operationStatuses/a71d3431-6dd8-46e2-86fe-ea23999de3da/WebPubSub/webpubsub000002?api-version=2021-04-01-preview
      cache-control:
      - no-cache
      content-length:
      - '931'
      content-type:
      - application/json; charset=utf-8
      date:
      - Thu, 22 Apr 2021 03:03:39 GMT
      expires:
      - '-1'
      pragma:
      - no-cache
      server:
      - Kestrel
      strict-transport-security:
      - max-age=31536000; includeSubDomains
      transfer-encoding:
      - chunked
      vary:
      - Accept-Encoding
      x-content-type-options:
      - nosniff
      x-ms-ratelimit-remaining-subscription-writes:
      - '1198'
      x-rp-server-mvid:
      - a2f7c14d-3749-40f0-a36e-ddee0281a049
    status:
      code: 200
      message: OK
- request:
    body: null
    headers:
      Accept:
      - '*/*'
      Accept-Encoding:
      - gzip, deflate
      CommandName:
      - network private-endpoint-connection reject
      Connection:
      - keep-alive
      ParameterSetName:
      - --id
      User-Agent:
      - python/3.9.2 (Windows-10-10.0.19041-SP0) AZURECLI/2.22.0
    method: GET
    uri: https://management.azure.com/subscriptions/00000000-0000-0000-0000-000000000000/resourceGroups/clitest.rg000001/providers/Microsoft.SignalRService/WebPubSub/webpubsub000002/privateEndpointConnections/webpubsub000002.5ad4726f-6a26-48d5-b8ab-86f41962e1e8?api-version=2021-04-01-preview
  response:
    body:
      string: '{"systemData":{"createdBy":"chenyl@microsoft.com","createdByType":"User","createdAt":"2021-04-22T03:03:38.7286911Z","lastModifiedBy":"chenyl@microsoft.com","lastModifiedByType":"User","lastModifiedAt":"2021-04-22T03:03:38.7286911Z"},"properties":{"provisioningState":"Updating","privateEndpoint":{"id":"/subscriptions/00000000-0000-0000-0000-000000000000/resourceGroups/clitest.rg000001/providers/Microsoft.Network/privateEndpoints/private_endpoint1"},"privateLinkServiceConnectionState":{"status":"Rejected","description":null,"actionsRequired":"None"}},"id":"/subscriptions/00000000-0000-0000-0000-000000000000/resourceGroups/clitest.rg000001/providers/Microsoft.SignalRService/WebPubSub/webpubsub000002/privateEndpointConnections/webpubsub000002.5ad4726f-6a26-48d5-b8ab-86f41962e1e8","name":"webpubsub000002.5ad4726f-6a26-48d5-b8ab-86f41962e1e8","type":"Microsoft.SignalRService/WebPubSub/privateEndpointConnections"}'
    headers:
      cache-control:
      - no-cache
      content-length:
      - '931'
      content-type:
      - application/json; charset=utf-8
      date:
      - Thu, 22 Apr 2021 03:03:50 GMT
      expires:
      - '-1'
      pragma:
      - no-cache
      server:
      - Kestrel
      strict-transport-security:
      - max-age=31536000; includeSubDomains
      transfer-encoding:
      - chunked
      vary:
      - Accept-Encoding
      x-content-type-options:
      - nosniff
      x-rp-server-mvid:
      - a2f7c14d-3749-40f0-a36e-ddee0281a049
    status:
      code: 200
      message: OK
- request:
    body: null
    headers:
      Accept:
      - '*/*'
      Accept-Encoding:
      - gzip, deflate
      CommandName:
      - network private-endpoint-connection reject
      Connection:
      - keep-alive
      ParameterSetName:
      - --id
      User-Agent:
      - python/3.9.2 (Windows-10-10.0.19041-SP0) AZURECLI/2.22.0
    method: GET
    uri: https://management.azure.com/subscriptions/00000000-0000-0000-0000-000000000000/resourceGroups/clitest.rg000001/providers/Microsoft.SignalRService/WebPubSub/webpubsub000002/privateEndpointConnections/webpubsub000002.5ad4726f-6a26-48d5-b8ab-86f41962e1e8?api-version=2021-04-01-preview
  response:
    body:
      string: '{"systemData":{"createdBy":"chenyl@microsoft.com","createdByType":"User","createdAt":"2021-04-22T03:03:38.7286911Z","lastModifiedBy":"chenyl@microsoft.com","lastModifiedByType":"User","lastModifiedAt":"2021-04-22T03:03:38.7286911Z"},"properties":{"provisioningState":"Succeeded","privateEndpoint":{"id":"/subscriptions/00000000-0000-0000-0000-000000000000/resourceGroups/clitest.rg000001/providers/Microsoft.Network/privateEndpoints/private_endpoint1"},"privateLinkServiceConnectionState":{"status":"Rejected","description":null,"actionsRequired":"None"}},"id":"/subscriptions/00000000-0000-0000-0000-000000000000/resourceGroups/clitest.rg000001/providers/Microsoft.SignalRService/WebPubSub/webpubsub000002/privateEndpointConnections/webpubsub000002.5ad4726f-6a26-48d5-b8ab-86f41962e1e8","name":"webpubsub000002.5ad4726f-6a26-48d5-b8ab-86f41962e1e8","type":"Microsoft.SignalRService/WebPubSub/privateEndpointConnections"}'
    headers:
      cache-control:
      - no-cache
      content-length:
      - '932'
      content-type:
      - application/json; charset=utf-8
      date:
      - Thu, 22 Apr 2021 03:04:02 GMT
      expires:
      - '-1'
      pragma:
      - no-cache
      server:
      - Kestrel
      strict-transport-security:
      - max-age=31536000; includeSubDomains
      transfer-encoding:
      - chunked
      vary:
      - Accept-Encoding
      x-content-type-options:
      - nosniff
      x-rp-server-mvid:
      - a2f7c14d-3749-40f0-a36e-ddee0281a049
    status:
      code: 200
      message: OK
- request:
    body: null
    headers:
      Accept:
      - application/json
      Accept-Encoding:
      - gzip, deflate
      CommandName:
      - webpubsub network-rule update
      Connection:
      - keep-alive
      ParameterSetName:
      - --public-network -n -g --allow
      User-Agent:
      - AZURECLI/2.22.0 azsdk-python-mgmt-webpubsub/1.0.0b1 Python/3.9.2 (Windows-10-10.0.19041-SP0)
    method: GET
    uri: https://management.azure.com/subscriptions/00000000-0000-0000-0000-000000000000/resourceGroups/clitest.rg000001/providers/Microsoft.SignalRService/webPubSub/webpubsub000002?api-version=2021-04-01-preview
  response:
    body:
      string: '{"sku":{"name":"Standard_S1","tier":"Standard","size":"S1","capacity":1},"properties":{"provisioningState":"Succeeded","externalIP":"168.61.142.65","hostName":"webpubsub000002.webpubsub.azure.com","publicPort":443,"serverPort":443,"version":"1.0","privateEndpointConnections":[{"systemData":{"createdBy":"chenyl@microsoft.com","createdByType":"User","createdAt":"2021-04-22T03:03:38.7286911Z","lastModifiedBy":"chenyl@microsoft.com","lastModifiedByType":"User","lastModifiedAt":"2021-04-22T03:03:38.7286911Z"},"properties":{"provisioningState":"Succeeded","privateEndpoint":{"id":"/subscriptions/00000000-0000-0000-0000-000000000000/resourceGroups/clitest.rg000001/providers/Microsoft.Network/privateEndpoints/private_endpoint1"},"privateLinkServiceConnectionState":{"status":"Rejected","description":null,"actionsRequired":"None"}},"id":"/subscriptions/00000000-0000-0000-0000-000000000000/resourceGroups/clitest.rg000001/providers/Microsoft.SignalRService/WebPubSub/webpubsub000002/privateEndpointConnections/webpubsub000002.5ad4726f-6a26-48d5-b8ab-86f41962e1e8","name":"webpubsub000002.5ad4726f-6a26-48d5-b8ab-86f41962e1e8","type":"Microsoft.SignalRService/WebPubSub/privateEndpointConnections"}],"sharedPrivateLinkResources":[],"tls":{"clientCertEnabled":false},"features":[{"flag":"EnableConnectivityLogs","value":"False","properties":{}},{"flag":"EnableMessagingLogs","value":"False","properties":{}},{"flag":"EnableLiveTrace","value":"False","properties":{}}],"eventHandler":{"items":null},"networkACLs":{"defaultAction":"Deny","publicNetwork":{"allow":["ServerConnection","ClientConnection","RESTAPI","Trace"],"deny":null},"privateEndpoints":[{"name":"webpubsub000002.5ad4726f-6a26-48d5-b8ab-86f41962e1e8","allow":["ServerConnection","ClientConnection","RESTAPI","Trace"],"deny":null}]},"publicNetworkAccess":"Enabled"},"systemData":{"createdBy":"chenyl@microsoft.com","createdByType":"User","createdAt":"2021-04-22T03:00:48.7173126Z","lastModifiedBy":"chenyl@microsoft.com","lastModifiedByType":"User","lastModifiedAt":"2021-04-22T03:00:48.7173126Z"},"location":"centraluseuap","tags":null,"id":"/subscriptions/00000000-0000-0000-0000-000000000000/resourceGroups/clitest.rg000001/providers/Microsoft.SignalRService/WebPubSub/webpubsub000002","name":"webpubsub000002","type":"Microsoft.SignalRService/WebPubSub"}'
    headers:
      cache-control:
      - no-cache
      content-length:
      - '2339'
      content-type:
      - application/json; charset=utf-8
      date:
      - Thu, 22 Apr 2021 03:04:02 GMT
      expires:
      - '-1'
      pragma:
      - no-cache
      server:
      - Kestrel
      strict-transport-security:
      - max-age=31536000; includeSubDomains
      transfer-encoding:
      - chunked
      vary:
      - Accept-Encoding
      x-content-type-options:
      - nosniff
      x-rp-server-mvid:
      - a2f7c14d-3749-40f0-a36e-ddee0281a049
    status:
      code: 200
      message: OK
- request:
    body: '{"properties": {"networkACLs": {"defaultAction": "Deny", "publicNetwork":
      {"allow": ["RESTAPI"], "deny": []}, "privateEndpoints": [{"allow": ["ServerConnection",
      "ClientConnection", "RESTAPI", "Trace"], "name": "webpubsub000002.5ad4726f-6a26-48d5-b8ab-86f41962e1e8"}]},
      "publicNetworkAccess": "Enabled"}}'
    headers:
      Accept:
      - application/json
      Accept-Encoding:
      - gzip, deflate
      CommandName:
      - webpubsub network-rule update
      Connection:
      - keep-alive
      Content-Length:
      - '305'
      Content-Type:
      - application/json
      ParameterSetName:
      - --public-network -n -g --allow
      User-Agent:
      - AZURECLI/2.22.0 azsdk-python-mgmt-webpubsub/1.0.0b1 Python/3.9.2 (Windows-10-10.0.19041-SP0)
    method: PATCH
    uri: https://management.azure.com/subscriptions/00000000-0000-0000-0000-000000000000/resourceGroups/clitest.rg000001/providers/Microsoft.SignalRService/webPubSub/webpubsub000002?api-version=2021-04-01-preview
  response:
    body:
      string: ''
    headers:
      azure-asyncoperation:
      - https://management.azure.com/subscriptions/00000000-0000-0000-0000-000000000000/resourceGroups/clitest.rg000001/providers/Microsoft.SignalRService/locations/centraluseuap/operationStatuses/61615f4d-8769-450b-bb63-dd6a7684026d/WebPubSub/webpubsub000002?api-version=2021-04-01-preview
      cache-control:
      - no-cache
      content-length:
      - '0'
      date:
      - Thu, 22 Apr 2021 03:04:03 GMT
      expires:
      - '-1'
      location:
      - https://management.azure.com/subscriptions/00000000-0000-0000-0000-000000000000/resourceGroups/clitest.rg000001/providers/Microsoft.SignalRService/locations/centraluseuap/operationResults/61615f4d-8769-450b-bb63-dd6a7684026d/WebPubSub/webpubsub000002?api-version=2021-04-01-preview
      pragma:
      - no-cache
      server:
      - Kestrel
      strict-transport-security:
      - max-age=31536000; includeSubDomains
      x-content-type-options:
      - nosniff
      x-ms-ratelimit-remaining-subscription-writes:
      - '1199'
      x-rp-server-mvid:
      - a2f7c14d-3749-40f0-a36e-ddee0281a049
    status:
      code: 202
      message: Accepted
- request:
    body: null
    headers:
      Accept:
      - '*/*'
      Accept-Encoding:
      - gzip, deflate
      CommandName:
      - webpubsub network-rule update
      Connection:
      - keep-alive
      ParameterSetName:
      - --public-network -n -g --allow
      User-Agent:
      - AZURECLI/2.22.0 azsdk-python-mgmt-webpubsub/1.0.0b1 Python/3.9.2 (Windows-10-10.0.19041-SP0)
    method: GET
    uri: https://management.azure.com/subscriptions/00000000-0000-0000-0000-000000000000/resourceGroups/clitest.rg000001/providers/Microsoft.SignalRService/locations/centraluseuap/operationStatuses/61615f4d-8769-450b-bb63-dd6a7684026d/WebPubSub/webpubsub000002?api-version=2021-04-01-preview
  response:
    body:
      string: '{"id":"/subscriptions/00000000-0000-0000-0000-000000000000/resourceGroups/clitest.rg000001/providers/Microsoft.SignalRService/locations/centraluseuap/operationStatuses/61615f4d-8769-450b-bb63-dd6a7684026d/WebPubSub/webpubsub000002","name":"61615f4d-8769-450b-bb63-dd6a7684026d","status":"Running","startTime":"2021-04-22T03:04:03.9066669Z"}'
    headers:
      cache-control:
      - no-cache
      content-length:
      - '345'
      content-type:
      - application/json; charset=utf-8
      date:
      - Thu, 22 Apr 2021 03:04:34 GMT
      expires:
      - '-1'
      pragma:
      - no-cache
      server:
      - Kestrel
      strict-transport-security:
      - max-age=31536000; includeSubDomains
      transfer-encoding:
      - chunked
      vary:
      - Accept-Encoding
      x-content-type-options:
      - nosniff
      x-rp-server-mvid:
      - a2f7c14d-3749-40f0-a36e-ddee0281a049
    status:
      code: 200
      message: OK
- request:
    body: null
    headers:
      Accept:
      - '*/*'
      Accept-Encoding:
      - gzip, deflate
      CommandName:
      - webpubsub network-rule update
      Connection:
      - keep-alive
      ParameterSetName:
      - --public-network -n -g --allow
      User-Agent:
      - AZURECLI/2.22.0 azsdk-python-mgmt-webpubsub/1.0.0b1 Python/3.9.2 (Windows-10-10.0.19041-SP0)
    method: GET
    uri: https://management.azure.com/subscriptions/00000000-0000-0000-0000-000000000000/resourceGroups/clitest.rg000001/providers/Microsoft.SignalRService/locations/centraluseuap/operationStatuses/61615f4d-8769-450b-bb63-dd6a7684026d/WebPubSub/webpubsub000002?api-version=2021-04-01-preview
  response:
    body:
      string: '{"id":"/subscriptions/00000000-0000-0000-0000-000000000000/resourceGroups/clitest.rg000001/providers/Microsoft.SignalRService/locations/centraluseuap/operationStatuses/61615f4d-8769-450b-bb63-dd6a7684026d/WebPubSub/webpubsub000002","name":"61615f4d-8769-450b-bb63-dd6a7684026d","status":"Running","startTime":"2021-04-22T03:04:03.9066669Z"}'
    headers:
      cache-control:
      - no-cache
      content-length:
      - '345'
      content-type:
      - application/json; charset=utf-8
      date:
      - Thu, 22 Apr 2021 03:05:04 GMT
      expires:
      - '-1'
      pragma:
      - no-cache
      server:
      - Kestrel
      strict-transport-security:
      - max-age=31536000; includeSubDomains
      transfer-encoding:
      - chunked
      vary:
      - Accept-Encoding
      x-content-type-options:
      - nosniff
      x-rp-server-mvid:
      - a2f7c14d-3749-40f0-a36e-ddee0281a049
    status:
      code: 200
      message: OK
- request:
    body: null
    headers:
      Accept:
      - '*/*'
      Accept-Encoding:
      - gzip, deflate
      CommandName:
      - webpubsub network-rule update
      Connection:
      - keep-alive
      ParameterSetName:
      - --public-network -n -g --allow
      User-Agent:
      - AZURECLI/2.22.0 azsdk-python-mgmt-webpubsub/1.0.0b1 Python/3.9.2 (Windows-10-10.0.19041-SP0)
    method: GET
    uri: https://management.azure.com/subscriptions/00000000-0000-0000-0000-000000000000/resourceGroups/clitest.rg000001/providers/Microsoft.SignalRService/locations/centraluseuap/operationStatuses/61615f4d-8769-450b-bb63-dd6a7684026d/WebPubSub/webpubsub000002?api-version=2021-04-01-preview
  response:
    body:
      string: '{"id":"/subscriptions/00000000-0000-0000-0000-000000000000/resourceGroups/clitest.rg000001/providers/Microsoft.SignalRService/locations/centraluseuap/operationStatuses/61615f4d-8769-450b-bb63-dd6a7684026d/WebPubSub/webpubsub000002","name":"61615f4d-8769-450b-bb63-dd6a7684026d","status":"Succeeded","startTime":"2021-04-22T03:04:03.9066669Z","endTime":"2021-04-22T03:05:17.3476425Z"}'
    headers:
      cache-control:
      - no-cache
      content-length:
      - '388'
      content-type:
      - application/json; charset=utf-8
      date:
      - Thu, 22 Apr 2021 03:05:34 GMT
      expires:
      - '-1'
      pragma:
      - no-cache
      server:
      - Kestrel
      strict-transport-security:
      - max-age=31536000; includeSubDomains
      transfer-encoding:
      - chunked
      vary:
      - Accept-Encoding
      x-content-type-options:
      - nosniff
      x-rp-server-mvid:
      - a2f7c14d-3749-40f0-a36e-ddee0281a049
    status:
      code: 200
      message: OK
- request:
    body: null
    headers:
      Accept:
      - '*/*'
      Accept-Encoding:
      - gzip, deflate
      CommandName:
      - webpubsub network-rule update
      Connection:
      - keep-alive
      ParameterSetName:
      - --public-network -n -g --allow
      User-Agent:
      - AZURECLI/2.22.0 azsdk-python-mgmt-webpubsub/1.0.0b1 Python/3.9.2 (Windows-10-10.0.19041-SP0)
    method: GET
    uri: https://management.azure.com/subscriptions/00000000-0000-0000-0000-000000000000/resourceGroups/clitest.rg000001/providers/Microsoft.SignalRService/webPubSub/webpubsub000002?api-version=2021-04-01-preview
  response:
    body:
      string: '{"sku":{"name":"Standard_S1","tier":"Standard","size":"S1","capacity":1},"properties":{"provisioningState":"Succeeded","externalIP":"168.61.142.65","hostName":"webpubsub000002.webpubsub.azure.com","publicPort":443,"serverPort":443,"version":"1.0","privateEndpointConnections":[{"systemData":{"createdBy":"chenyl@microsoft.com","createdByType":"User","createdAt":"2021-04-22T03:03:38.7286911Z","lastModifiedBy":"chenyl@microsoft.com","lastModifiedByType":"User","lastModifiedAt":"2021-04-22T03:03:38.7286911Z"},"properties":{"provisioningState":"Succeeded","privateEndpoint":{"id":"/subscriptions/00000000-0000-0000-0000-000000000000/resourceGroups/clitest.rg000001/providers/Microsoft.Network/privateEndpoints/private_endpoint1"},"privateLinkServiceConnectionState":{"status":"Rejected","description":null,"actionsRequired":"None"}},"id":"/subscriptions/00000000-0000-0000-0000-000000000000/resourceGroups/clitest.rg000001/providers/Microsoft.SignalRService/WebPubSub/webpubsub000002/privateEndpointConnections/webpubsub000002.5ad4726f-6a26-48d5-b8ab-86f41962e1e8","name":"webpubsub000002.5ad4726f-6a26-48d5-b8ab-86f41962e1e8","type":"Microsoft.SignalRService/WebPubSub/privateEndpointConnections"}],"sharedPrivateLinkResources":[],"tls":{"clientCertEnabled":false},"features":[{"flag":"EnableConnectivityLogs","value":"False","properties":{}},{"flag":"EnableMessagingLogs","value":"False","properties":{}},{"flag":"EnableLiveTrace","value":"False","properties":{}}],"eventHandler":{"items":null},"networkACLs":{"defaultAction":"Deny","publicNetwork":{"allow":["RESTAPI"],"deny":[]},"privateEndpoints":[{"name":"webpubsub000002.5ad4726f-6a26-48d5-b8ab-86f41962e1e8","allow":["ServerConnection","ClientConnection","RESTAPI","Trace"],"deny":null}]},"publicNetworkAccess":"Enabled"},"systemData":{"createdBy":"chenyl@microsoft.com","createdByType":"User","createdAt":"2021-04-22T03:00:48.7173126Z","lastModifiedBy":"chenyl@microsoft.com","lastModifiedByType":"User","lastModifiedAt":"2021-04-22T03:04:03.7571528Z"},"location":"centraluseuap","tags":null,"id":"/subscriptions/00000000-0000-0000-0000-000000000000/resourceGroups/clitest.rg000001/providers/Microsoft.SignalRService/WebPubSub/webpubsub000002","name":"webpubsub000002","type":"Microsoft.SignalRService/WebPubSub"}'
    headers:
      cache-control:
      - no-cache
      content-length:
      - '2291'
      content-type:
      - application/json; charset=utf-8
      date:
      - Thu, 22 Apr 2021 03:05:34 GMT
      expires:
      - '-1'
      pragma:
      - no-cache
      server:
      - Kestrel
      strict-transport-security:
      - max-age=31536000; includeSubDomains
      transfer-encoding:
      - chunked
      vary:
      - Accept-Encoding
      x-content-type-options:
      - nosniff
      x-rp-server-mvid:
      - a2f7c14d-3749-40f0-a36e-ddee0281a049
    status:
      code: 200
      message: OK
- request:
    body: null
    headers:
      Accept:
      - application/json
      Accept-Encoding:
      - gzip, deflate
      CommandName:
      - webpubsub network-rule list
      Connection:
      - keep-alive
      ParameterSetName:
      - -n -g
      User-Agent:
      - AZURECLI/2.22.0 azsdk-python-mgmt-webpubsub/1.0.0b1 Python/3.9.2 (Windows-10-10.0.19041-SP0)
    method: GET
    uri: https://management.azure.com/subscriptions/00000000-0000-0000-0000-000000000000/resourceGroups/clitest.rg000001/providers/Microsoft.SignalRService/webPubSub/webpubsub000002?api-version=2021-04-01-preview
  response:
    body:
      string: '{"sku":{"name":"Standard_S1","tier":"Standard","size":"S1","capacity":1},"properties":{"provisioningState":"Succeeded","externalIP":"168.61.142.65","hostName":"webpubsub000002.webpubsub.azure.com","publicPort":443,"serverPort":443,"version":"1.0","privateEndpointConnections":[{"systemData":{"createdBy":"chenyl@microsoft.com","createdByType":"User","createdAt":"2021-04-22T03:03:38.7286911Z","lastModifiedBy":"chenyl@microsoft.com","lastModifiedByType":"User","lastModifiedAt":"2021-04-22T03:03:38.7286911Z"},"properties":{"provisioningState":"Succeeded","privateEndpoint":{"id":"/subscriptions/00000000-0000-0000-0000-000000000000/resourceGroups/clitest.rg000001/providers/Microsoft.Network/privateEndpoints/private_endpoint1"},"privateLinkServiceConnectionState":{"status":"Rejected","description":null,"actionsRequired":"None"}},"id":"/subscriptions/00000000-0000-0000-0000-000000000000/resourceGroups/clitest.rg000001/providers/Microsoft.SignalRService/WebPubSub/webpubsub000002/privateEndpointConnections/webpubsub000002.5ad4726f-6a26-48d5-b8ab-86f41962e1e8","name":"webpubsub000002.5ad4726f-6a26-48d5-b8ab-86f41962e1e8","type":"Microsoft.SignalRService/WebPubSub/privateEndpointConnections"}],"sharedPrivateLinkResources":[],"tls":{"clientCertEnabled":false},"features":[{"flag":"EnableConnectivityLogs","value":"False","properties":{}},{"flag":"EnableMessagingLogs","value":"False","properties":{}},{"flag":"EnableLiveTrace","value":"False","properties":{}}],"eventHandler":{"items":null},"networkACLs":{"defaultAction":"Deny","publicNetwork":{"allow":["RESTAPI"],"deny":[]},"privateEndpoints":[{"name":"webpubsub000002.5ad4726f-6a26-48d5-b8ab-86f41962e1e8","allow":["ServerConnection","ClientConnection","RESTAPI","Trace"],"deny":null}]},"publicNetworkAccess":"Enabled"},"systemData":{"createdBy":"chenyl@microsoft.com","createdByType":"User","createdAt":"2021-04-22T03:00:48.7173126Z","lastModifiedBy":"chenyl@microsoft.com","lastModifiedByType":"User","lastModifiedAt":"2021-04-22T03:04:03.7571528Z"},"location":"centraluseuap","tags":null,"id":"/subscriptions/00000000-0000-0000-0000-000000000000/resourceGroups/clitest.rg000001/providers/Microsoft.SignalRService/WebPubSub/webpubsub000002","name":"webpubsub000002","type":"Microsoft.SignalRService/WebPubSub"}'
    headers:
      cache-control:
      - no-cache
      content-length:
      - '2291'
      content-type:
      - application/json; charset=utf-8
      date:
      - Thu, 22 Apr 2021 03:05:37 GMT
      expires:
      - '-1'
      pragma:
      - no-cache
      server:
      - Kestrel
      strict-transport-security:
      - max-age=31536000; includeSubDomains
      transfer-encoding:
      - chunked
      vary:
      - Accept-Encoding
      x-content-type-options:
      - nosniff
      x-rp-server-mvid:
      - a2f7c14d-3749-40f0-a36e-ddee0281a049
    status:
      code: 200
      message: OK
- request:
    body: null
    headers:
      Accept:
      - application/json
      Accept-Encoding:
      - gzip, deflate
      CommandName:
      - webpubsub network-rule update
      Connection:
      - keep-alive
      ParameterSetName:
      - --connection-name -n -g --allow
      User-Agent:
      - AZURECLI/2.22.0 azsdk-python-mgmt-webpubsub/1.0.0b1 Python/3.9.2 (Windows-10-10.0.19041-SP0)
    method: GET
    uri: https://management.azure.com/subscriptions/00000000-0000-0000-0000-000000000000/resourceGroups/clitest.rg000001/providers/Microsoft.SignalRService/webPubSub/webpubsub000002?api-version=2021-04-01-preview
  response:
    body:
      string: '{"sku":{"name":"Standard_S1","tier":"Standard","size":"S1","capacity":1},"properties":{"provisioningState":"Succeeded","externalIP":"168.61.142.65","hostName":"webpubsub000002.webpubsub.azure.com","publicPort":443,"serverPort":443,"version":"1.0","privateEndpointConnections":[{"systemData":{"createdBy":"chenyl@microsoft.com","createdByType":"User","createdAt":"2021-04-22T03:03:38.7286911Z","lastModifiedBy":"chenyl@microsoft.com","lastModifiedByType":"User","lastModifiedAt":"2021-04-22T03:03:38.7286911Z"},"properties":{"provisioningState":"Succeeded","privateEndpoint":{"id":"/subscriptions/00000000-0000-0000-0000-000000000000/resourceGroups/clitest.rg000001/providers/Microsoft.Network/privateEndpoints/private_endpoint1"},"privateLinkServiceConnectionState":{"status":"Rejected","description":null,"actionsRequired":"None"}},"id":"/subscriptions/00000000-0000-0000-0000-000000000000/resourceGroups/clitest.rg000001/providers/Microsoft.SignalRService/WebPubSub/webpubsub000002/privateEndpointConnections/webpubsub000002.5ad4726f-6a26-48d5-b8ab-86f41962e1e8","name":"webpubsub000002.5ad4726f-6a26-48d5-b8ab-86f41962e1e8","type":"Microsoft.SignalRService/WebPubSub/privateEndpointConnections"}],"sharedPrivateLinkResources":[],"tls":{"clientCertEnabled":false},"features":[{"flag":"EnableConnectivityLogs","value":"False","properties":{}},{"flag":"EnableMessagingLogs","value":"False","properties":{}},{"flag":"EnableLiveTrace","value":"False","properties":{}}],"eventHandler":{"items":null},"networkACLs":{"defaultAction":"Deny","publicNetwork":{"allow":["RESTAPI"],"deny":[]},"privateEndpoints":[{"name":"webpubsub000002.5ad4726f-6a26-48d5-b8ab-86f41962e1e8","allow":["ServerConnection","ClientConnection","RESTAPI","Trace"],"deny":null}]},"publicNetworkAccess":"Enabled"},"systemData":{"createdBy":"chenyl@microsoft.com","createdByType":"User","createdAt":"2021-04-22T03:00:48.7173126Z","lastModifiedBy":"chenyl@microsoft.com","lastModifiedByType":"User","lastModifiedAt":"2021-04-22T03:04:03.7571528Z"},"location":"centraluseuap","tags":null,"id":"/subscriptions/00000000-0000-0000-0000-000000000000/resourceGroups/clitest.rg000001/providers/Microsoft.SignalRService/WebPubSub/webpubsub000002","name":"webpubsub000002","type":"Microsoft.SignalRService/WebPubSub"}'
    headers:
      cache-control:
      - no-cache
      content-length:
      - '2291'
      content-type:
      - application/json; charset=utf-8
      date:
      - Thu, 22 Apr 2021 03:05:37 GMT
      expires:
      - '-1'
      pragma:
      - no-cache
      server:
      - Kestrel
      strict-transport-security:
      - max-age=31536000; includeSubDomains
      transfer-encoding:
      - chunked
      vary:
      - Accept-Encoding
      x-content-type-options:
      - nosniff
      x-rp-server-mvid:
      - a2f7c14d-3749-40f0-a36e-ddee0281a049
    status:
      code: 200
      message: OK
- request:
    body: '{"properties": {"networkACLs": {"defaultAction": "Deny", "publicNetwork":
      {"allow": ["RESTAPI"], "deny": []}, "privateEndpoints": [{"allow": ["RESTAPI"],
      "deny": [], "name": "webpubsub000002.5ad4726f-6a26-48d5-b8ab-86f41962e1e8"}]},
      "publicNetworkAccess": "Enabled"}}'
    headers:
      Accept:
      - application/json
      Accept-Encoding:
      - gzip, deflate
      CommandName:
      - webpubsub network-rule update
      Connection:
      - keep-alive
      Content-Length:
      - '268'
      Content-Type:
      - application/json
      ParameterSetName:
      - --connection-name -n -g --allow
      User-Agent:
      - AZURECLI/2.22.0 azsdk-python-mgmt-webpubsub/1.0.0b1 Python/3.9.2 (Windows-10-10.0.19041-SP0)
    method: PATCH
    uri: https://management.azure.com/subscriptions/00000000-0000-0000-0000-000000000000/resourceGroups/clitest.rg000001/providers/Microsoft.SignalRService/webPubSub/webpubsub000002?api-version=2021-04-01-preview
  response:
    body:
      string: ''
    headers:
      azure-asyncoperation:
      - https://management.azure.com/subscriptions/00000000-0000-0000-0000-000000000000/resourceGroups/clitest.rg000001/providers/Microsoft.SignalRService/locations/centraluseuap/operationStatuses/ce9688fd-0812-41e9-82f4-cea13d5f231b/WebPubSub/webpubsub000002?api-version=2021-04-01-preview
      cache-control:
      - no-cache
      content-length:
      - '0'
      date:
      - Thu, 22 Apr 2021 03:05:38 GMT
      expires:
      - '-1'
      location:
      - https://management.azure.com/subscriptions/00000000-0000-0000-0000-000000000000/resourceGroups/clitest.rg000001/providers/Microsoft.SignalRService/locations/centraluseuap/operationResults/ce9688fd-0812-41e9-82f4-cea13d5f231b/WebPubSub/webpubsub000002?api-version=2021-04-01-preview
      pragma:
      - no-cache
      server:
      - Kestrel
      strict-transport-security:
      - max-age=31536000; includeSubDomains
      x-content-type-options:
      - nosniff
      x-ms-ratelimit-remaining-subscription-writes:
      - '1199'
      x-rp-server-mvid:
      - a2f7c14d-3749-40f0-a36e-ddee0281a049
    status:
      code: 202
      message: Accepted
- request:
    body: null
    headers:
      Accept:
      - '*/*'
      Accept-Encoding:
      - gzip, deflate
      CommandName:
      - webpubsub network-rule update
      Connection:
      - keep-alive
      ParameterSetName:
      - --connection-name -n -g --allow
      User-Agent:
      - AZURECLI/2.22.0 azsdk-python-mgmt-webpubsub/1.0.0b1 Python/3.9.2 (Windows-10-10.0.19041-SP0)
    method: GET
    uri: https://management.azure.com/subscriptions/00000000-0000-0000-0000-000000000000/resourceGroups/clitest.rg000001/providers/Microsoft.SignalRService/locations/centraluseuap/operationStatuses/ce9688fd-0812-41e9-82f4-cea13d5f231b/WebPubSub/webpubsub000002?api-version=2021-04-01-preview
  response:
    body:
      string: '{"id":"/subscriptions/00000000-0000-0000-0000-000000000000/resourceGroups/clitest.rg000001/providers/Microsoft.SignalRService/locations/centraluseuap/operationStatuses/ce9688fd-0812-41e9-82f4-cea13d5f231b/WebPubSub/webpubsub000002","name":"ce9688fd-0812-41e9-82f4-cea13d5f231b","status":"Running","startTime":"2021-04-22T03:05:38.3951249Z"}'
    headers:
      cache-control:
      - no-cache
      content-length:
      - '345'
      content-type:
      - application/json; charset=utf-8
      date:
      - Thu, 22 Apr 2021 03:06:08 GMT
      expires:
      - '-1'
      pragma:
      - no-cache
      server:
      - Kestrel
      strict-transport-security:
      - max-age=31536000; includeSubDomains
      transfer-encoding:
      - chunked
      vary:
      - Accept-Encoding
      x-content-type-options:
      - nosniff
      x-rp-server-mvid:
      - a2f7c14d-3749-40f0-a36e-ddee0281a049
    status:
      code: 200
      message: OK
- request:
    body: null
    headers:
      Accept:
      - '*/*'
      Accept-Encoding:
      - gzip, deflate
      CommandName:
      - webpubsub network-rule update
      Connection:
      - keep-alive
      ParameterSetName:
      - --connection-name -n -g --allow
      User-Agent:
      - AZURECLI/2.22.0 azsdk-python-mgmt-webpubsub/1.0.0b1 Python/3.9.2 (Windows-10-10.0.19041-SP0)
    method: GET
    uri: https://management.azure.com/subscriptions/00000000-0000-0000-0000-000000000000/resourceGroups/clitest.rg000001/providers/Microsoft.SignalRService/locations/centraluseuap/operationStatuses/ce9688fd-0812-41e9-82f4-cea13d5f231b/WebPubSub/webpubsub000002?api-version=2021-04-01-preview
  response:
    body:
      string: '{"id":"/subscriptions/00000000-0000-0000-0000-000000000000/resourceGroups/clitest.rg000001/providers/Microsoft.SignalRService/locations/centraluseuap/operationStatuses/ce9688fd-0812-41e9-82f4-cea13d5f231b/WebPubSub/webpubsub000002","name":"ce9688fd-0812-41e9-82f4-cea13d5f231b","status":"Running","startTime":"2021-04-22T03:05:38.3951249Z"}'
    headers:
      cache-control:
      - no-cache
      content-length:
      - '345'
      content-type:
      - application/json; charset=utf-8
      date:
      - Thu, 22 Apr 2021 03:06:38 GMT
      expires:
      - '-1'
      pragma:
      - no-cache
      server:
      - Kestrel
      strict-transport-security:
      - max-age=31536000; includeSubDomains
      transfer-encoding:
      - chunked
      vary:
      - Accept-Encoding
      x-content-type-options:
      - nosniff
      x-rp-server-mvid:
      - a2f7c14d-3749-40f0-a36e-ddee0281a049
    status:
      code: 200
      message: OK
- request:
    body: null
    headers:
      Accept:
      - '*/*'
      Accept-Encoding:
      - gzip, deflate
      CommandName:
      - webpubsub network-rule update
      Connection:
      - keep-alive
      ParameterSetName:
      - --connection-name -n -g --allow
      User-Agent:
      - AZURECLI/2.22.0 azsdk-python-mgmt-webpubsub/1.0.0b1 Python/3.9.2 (Windows-10-10.0.19041-SP0)
    method: GET
    uri: https://management.azure.com/subscriptions/00000000-0000-0000-0000-000000000000/resourceGroups/clitest.rg000001/providers/Microsoft.SignalRService/locations/centraluseuap/operationStatuses/ce9688fd-0812-41e9-82f4-cea13d5f231b/WebPubSub/webpubsub000002?api-version=2021-04-01-preview
  response:
    body:
      string: '{"id":"/subscriptions/00000000-0000-0000-0000-000000000000/resourceGroups/clitest.rg000001/providers/Microsoft.SignalRService/locations/centraluseuap/operationStatuses/ce9688fd-0812-41e9-82f4-cea13d5f231b/WebPubSub/webpubsub000002","name":"ce9688fd-0812-41e9-82f4-cea13d5f231b","status":"Succeeded","startTime":"2021-04-22T03:05:38.3951249Z","endTime":"2021-04-22T03:06:53.218154Z"}'
    headers:
      cache-control:
      - no-cache
      content-length:
      - '387'
      content-type:
      - application/json; charset=utf-8
      date:
      - Thu, 22 Apr 2021 03:07:09 GMT
      expires:
      - '-1'
      pragma:
      - no-cache
      server:
      - Kestrel
      strict-transport-security:
      - max-age=31536000; includeSubDomains
      transfer-encoding:
      - chunked
      vary:
      - Accept-Encoding
      x-content-type-options:
      - nosniff
      x-rp-server-mvid:
      - a2f7c14d-3749-40f0-a36e-ddee0281a049
    status:
      code: 200
      message: OK
- request:
    body: null
    headers:
      Accept:
      - '*/*'
      Accept-Encoding:
      - gzip, deflate
      CommandName:
      - webpubsub network-rule update
      Connection:
      - keep-alive
      ParameterSetName:
      - --connection-name -n -g --allow
      User-Agent:
      - AZURECLI/2.22.0 azsdk-python-mgmt-webpubsub/1.0.0b1 Python/3.9.2 (Windows-10-10.0.19041-SP0)
    method: GET
    uri: https://management.azure.com/subscriptions/00000000-0000-0000-0000-000000000000/resourceGroups/clitest.rg000001/providers/Microsoft.SignalRService/webPubSub/webpubsub000002?api-version=2021-04-01-preview
  response:
    body:
      string: '{"sku":{"name":"Standard_S1","tier":"Standard","size":"S1","capacity":1},"properties":{"provisioningState":"Succeeded","externalIP":"168.61.142.65","hostName":"webpubsub000002.webpubsub.azure.com","publicPort":443,"serverPort":443,"version":"1.0","privateEndpointConnections":[{"systemData":{"createdBy":"chenyl@microsoft.com","createdByType":"User","createdAt":"2021-04-22T03:03:38.7286911Z","lastModifiedBy":"chenyl@microsoft.com","lastModifiedByType":"User","lastModifiedAt":"2021-04-22T03:03:38.7286911Z"},"properties":{"provisioningState":"Succeeded","privateEndpoint":{"id":"/subscriptions/00000000-0000-0000-0000-000000000000/resourceGroups/clitest.rg000001/providers/Microsoft.Network/privateEndpoints/private_endpoint1"},"privateLinkServiceConnectionState":{"status":"Rejected","description":null,"actionsRequired":"None"}},"id":"/subscriptions/00000000-0000-0000-0000-000000000000/resourceGroups/clitest.rg000001/providers/Microsoft.SignalRService/WebPubSub/webpubsub000002/privateEndpointConnections/webpubsub000002.5ad4726f-6a26-48d5-b8ab-86f41962e1e8","name":"webpubsub000002.5ad4726f-6a26-48d5-b8ab-86f41962e1e8","type":"Microsoft.SignalRService/WebPubSub/privateEndpointConnections"}],"sharedPrivateLinkResources":[],"tls":{"clientCertEnabled":false},"features":[{"flag":"EnableConnectivityLogs","value":"False","properties":{}},{"flag":"EnableMessagingLogs","value":"False","properties":{}},{"flag":"EnableLiveTrace","value":"False","properties":{}}],"eventHandler":{"items":null},"networkACLs":{"defaultAction":"Deny","publicNetwork":{"allow":["RESTAPI"],"deny":[]},"privateEndpoints":[{"name":"webpubsub000002.5ad4726f-6a26-48d5-b8ab-86f41962e1e8","allow":["RESTAPI"],"deny":[]}]},"publicNetworkAccess":"Enabled"},"systemData":{"createdBy":"chenyl@microsoft.com","createdByType":"User","createdAt":"2021-04-22T03:00:48.7173126Z","lastModifiedBy":"chenyl@microsoft.com","lastModifiedByType":"User","lastModifiedAt":"2021-04-22T03:05:38.2393656Z"},"location":"centraluseuap","tags":null,"id":"/subscriptions/00000000-0000-0000-0000-000000000000/resourceGroups/clitest.rg000001/providers/Microsoft.SignalRService/WebPubSub/webpubsub000002","name":"webpubsub000002","type":"Microsoft.SignalRService/WebPubSub"}'
    headers:
      cache-control:
      - no-cache
      content-length:
      - '2243'
      content-type:
      - application/json; charset=utf-8
      date:
      - Thu, 22 Apr 2021 03:07:09 GMT
      expires:
      - '-1'
      pragma:
      - no-cache
      server:
      - Kestrel
      strict-transport-security:
      - max-age=31536000; includeSubDomains
      transfer-encoding:
      - chunked
      vary:
      - Accept-Encoding
      x-content-type-options:
      - nosniff
      x-rp-server-mvid:
      - a2f7c14d-3749-40f0-a36e-ddee0281a049
    status:
      code: 200
      message: OK
- request:
    body: null
    headers:
      Accept:
      - '*/*'
      Accept-Encoding:
      - gzip, deflate
      CommandName:
      - network private-endpoint-connection delete
      Connection:
      - keep-alive
      Content-Length:
      - '0'
      ParameterSetName:
      - --id -y
      User-Agent:
      - python/3.9.2 (Windows-10-10.0.19041-SP0) AZURECLI/2.22.0
    method: DELETE
    uri: https://management.azure.com/subscriptions/00000000-0000-0000-0000-000000000000/resourceGroups/clitest.rg000001/providers/Microsoft.SignalRService/WebPubSub/webpubsub000002/privateEndpointConnections/webpubsub000002.5ad4726f-6a26-48d5-b8ab-86f41962e1e8?api-version=2021-04-01-preview
  response:
    body:
      string: ''
    headers:
      azure-asyncoperation:
      - https://management.azure.com/subscriptions/00000000-0000-0000-0000-000000000000/resourceGroups/clitest.rg000001/providers/Microsoft.SignalRService/locations/centraluseuap/operationStatuses/95a56d8b-c703-4b9e-8b82-069350579275/WebPubSub/webpubsub000002?api-version=2021-04-01-preview
      cache-control:
      - no-cache
      content-length:
      - '0'
      date:
      - Thu, 22 Apr 2021 03:07:11 GMT
      expires:
      - '-1'
      location:
      - https://management.azure.com/subscriptions/00000000-0000-0000-0000-000000000000/resourceGroups/clitest.rg000001/providers/Microsoft.SignalRService/locations/centraluseuap/operationResults/95a56d8b-c703-4b9e-8b82-069350579275/WebPubSub/webpubsub000002?api-version=2021-04-01-preview
      pragma:
      - no-cache
      server:
      - Kestrel
      strict-transport-security:
      - max-age=31536000; includeSubDomains
      x-content-type-options:
      - nosniff
      x-ms-ratelimit-remaining-subscription-deletes:
      - '14999'
      x-rp-server-mvid:
      - a2f7c14d-3749-40f0-a36e-ddee0281a049
    status:
      code: 202
      message: Accepted
- request:
    body: null
    headers:
      Accept:
      - '*/*'
      Accept-Encoding:
      - gzip, deflate
      CommandName:
      - network private-endpoint-connection list
      Connection:
      - keep-alive
      ParameterSetName:
      - --id
      User-Agent:
      - python/3.9.2 (Windows-10-10.0.19041-SP0) AZURECLI/2.22.0
    method: GET
    uri: https://management.azure.com/subscriptions/00000000-0000-0000-0000-000000000000/resourceGroups/clitest.rg000001/providers/Microsoft.SignalRService/WebPubSub/webpubsub000002?api-version=2021-04-01-preview
  response:
    body:
      string: '{"sku":{"name":"Standard_S1","tier":"Standard","size":"S1","capacity":1},"properties":{"provisioningState":"Succeeded","externalIP":"168.61.142.65","hostName":"webpubsub000002.webpubsub.azure.com","publicPort":443,"serverPort":443,"version":"1.0","privateEndpointConnections":[],"sharedPrivateLinkResources":[],"tls":{"clientCertEnabled":false},"features":[{"flag":"EnableConnectivityLogs","value":"False","properties":{}},{"flag":"EnableMessagingLogs","value":"False","properties":{}},{"flag":"EnableLiveTrace","value":"False","properties":{}}],"eventHandler":{"items":null},"networkACLs":{"defaultAction":"Deny","publicNetwork":{"allow":["RESTAPI"],"deny":[]},"privateEndpoints":[]},"publicNetworkAccess":"Enabled"},"systemData":{"createdBy":"chenyl@microsoft.com","createdByType":"User","createdAt":"2021-04-22T03:00:48.7173126Z","lastModifiedBy":"chenyl@microsoft.com","lastModifiedByType":"User","lastModifiedAt":"2021-04-22T03:05:38.2393656Z"},"location":"centraluseuap","tags":null,"id":"/subscriptions/00000000-0000-0000-0000-000000000000/resourceGroups/clitest.rg000001/providers/Microsoft.SignalRService/WebPubSub/webpubsub000002","name":"webpubsub000002","type":"Microsoft.SignalRService/WebPubSub"}'
    headers:
      cache-control:
      - no-cache
      content-length:
      - '1217'
      content-type:
      - application/json; charset=utf-8
      date:
      - Thu, 22 Apr 2021 03:07:42 GMT
      expires:
      - '-1'
      pragma:
      - no-cache
      server:
      - Kestrel
      strict-transport-security:
      - max-age=31536000; includeSubDomains
      transfer-encoding:
      - chunked
      vary:
      - Accept-Encoding
      x-content-type-options:
      - nosniff
      x-rp-server-mvid:
      - a2f7c14d-3749-40f0-a36e-ddee0281a049
    status:
      code: 200
      message: OK
version: 1
