interactions:
- request:
    body: null
    headers:
      Accept:
      - application/json
      Accept-Encoding:
      - gzip, deflate
      CommandName:
      - network vwan create
      Connection:
      - keep-alive
      ParameterSetName:
      - -n -g --type
      User-Agent:
      - python/3.7.8 (Windows-10-10.0.19041-SP0) msrest/0.6.18 msrest_azure/0.6.3
        azure-mgmt-resource/10.2.0 Azure-SDK-For-Python AZURECLI/2.15.1
      accept-language:
      - en-US
    method: GET
    uri: https://management.azure.com/subscriptions/00000000-0000-0000-0000-000000000000/resourcegroups/clitest.rg000001?api-version=2020-06-01
  response:
    body:
      string: '{"id":"/subscriptions/00000000-0000-0000-0000-000000000000/resourceGroups/clitest.rg000001","name":"clitest.rg000001","type":"Microsoft.Resources/resourceGroups","location":"westus","tags":{"product":"azurecli","cause":"automation","date":"2020-11-30T17:36:04Z"},"properties":{"provisioningState":"Succeeded"}}'
    headers:
      cache-control:
      - no-cache
      content-length:
      - '428'
      content-type:
      - application/json; charset=utf-8
      date:
      - Mon, 30 Nov 2020 17:36:08 GMT
      expires:
      - '-1'
      pragma:
      - no-cache
      strict-transport-security:
      - max-age=31536000; includeSubDomains
      vary:
      - Accept-Encoding
      x-content-type-options:
      - nosniff
    status:
      code: 200
      message: OK
- request:
    body: '{"location": "westus"}'
    headers:
      Accept:
      - application/json
      Accept-Encoding:
      - gzip, deflate
      CommandName:
      - network vwan create
      Connection:
      - keep-alive
      Content-Length:
      - '22'
      Content-Type:
      - application/json; charset=utf-8
      ParameterSetName:
      - -n -g --type
      User-Agent:
      - python/3.7.8 (Windows-10-10.0.19041-SP0) msrest/0.6.18 msrest_azure/0.6.3
        azure-mgmt-network/10.2.0 Azure-SDK-For-Python AZURECLI/2.15.1
      accept-language:
      - en-US
    method: PUT
    uri: https://management.azure.com/subscriptions/00000000-0000-0000-0000-000000000000/resourceGroups/clitest.rg000001/providers/Microsoft.Network/virtualWans/clitestvwan?api-version=2020-05-01
  response:
    body:
      string: "{\r\n  \"name\": \"clitestvwan\",\r\n  \"id\": \"/subscriptions/00000000-0000-0000-0000-000000000000/resourceGroups/clitest.rg000001/providers/Microsoft.Network/virtualWans/clitestvwan\",\r\n
        \ \"etag\": \"W/\\\"2c94b6df-b253-48ed-8ba9-7d45f8fa5d90\\\"\",\r\n  \"type\":
        \"Microsoft.Network/virtualWans\",\r\n  \"location\": \"westus\",\r\n  \"properties\":
        {\r\n    \"provisioningState\": \"Updating\",\r\n    \"disableVpnEncryption\":
        false,\r\n    \"allowBranchToBranchTraffic\": true,\r\n    \"office365LocalBreakoutCategory\":
        \"None\",\r\n    \"type\": \"Standard\"\r\n  }\r\n}"
    headers:
      azure-asyncnotification:
      - Enabled
      azure-asyncoperation:
      - https://management.azure.com/subscriptions/00000000-0000-0000-0000-000000000000/providers/Microsoft.Network/locations/westus/operations/c314d0cf-a5af-4eb2-aeb0-c7ba05e33f21?api-version=2020-05-01
      cache-control:
      - no-cache
      content-length:
      - '573'
      content-type:
      - application/json; charset=utf-8
      date:
      - Mon, 30 Nov 2020 17:36:14 GMT
      expires:
      - '-1'
      pragma:
      - no-cache
      server:
      - Microsoft-HTTPAPI/2.0
      - Microsoft-HTTPAPI/2.0
      strict-transport-security:
      - max-age=31536000; includeSubDomains
      x-content-type-options:
      - nosniff
      x-ms-arm-service-request-id:
      - 875f8db9-fa80-40fc-9b81-33e4064d5297
      x-ms-ratelimit-remaining-subscription-writes:
      - '1170'
    status:
      code: 201
      message: Created
- request:
    body: null
    headers:
      Accept:
      - application/json
      Accept-Encoding:
      - gzip, deflate
      CommandName:
      - network vwan create
      Connection:
      - keep-alive
      ParameterSetName:
      - -n -g --type
      User-Agent:
      - python/3.7.8 (Windows-10-10.0.19041-SP0) msrest/0.6.18 msrest_azure/0.6.3
        azure-mgmt-network/10.2.0 Azure-SDK-For-Python AZURECLI/2.15.1
    method: GET
    uri: https://management.azure.com/subscriptions/00000000-0000-0000-0000-000000000000/providers/Microsoft.Network/locations/westus/operations/c314d0cf-a5af-4eb2-aeb0-c7ba05e33f21?api-version=2020-05-01
  response:
    body:
      string: "{\r\n  \"status\": \"Succeeded\"\r\n}"
    headers:
      cache-control:
      - no-cache
      content-length:
      - '29'
      content-type:
      - application/json; charset=utf-8
      date:
      - Mon, 30 Nov 2020 17:36:26 GMT
      expires:
      - '-1'
      pragma:
      - no-cache
      server:
      - Microsoft-HTTPAPI/2.0
      - Microsoft-HTTPAPI/2.0
      strict-transport-security:
      - max-age=31536000; includeSubDomains
      transfer-encoding:
      - chunked
      vary:
      - Accept-Encoding
      x-content-type-options:
      - nosniff
      x-ms-arm-service-request-id:
      - 422f5d45-b5ee-4253-9107-41a4619d9e7a
    status:
      code: 200
      message: OK
- request:
    body: null
    headers:
      Accept:
      - application/json
      Accept-Encoding:
      - gzip, deflate
      CommandName:
      - network vwan create
      Connection:
      - keep-alive
      ParameterSetName:
      - -n -g --type
      User-Agent:
      - python/3.7.8 (Windows-10-10.0.19041-SP0) msrest/0.6.18 msrest_azure/0.6.3
        azure-mgmt-network/10.2.0 Azure-SDK-For-Python AZURECLI/2.15.1
    method: GET
    uri: https://management.azure.com/subscriptions/00000000-0000-0000-0000-000000000000/resourceGroups/clitest.rg000001/providers/Microsoft.Network/virtualWans/clitestvwan?api-version=2020-05-01
  response:
    body:
      string: "{\r\n  \"name\": \"clitestvwan\",\r\n  \"id\": \"/subscriptions/00000000-0000-0000-0000-000000000000/resourceGroups/clitest.rg000001/providers/Microsoft.Network/virtualWans/clitestvwan\",\r\n
        \ \"etag\": \"W/\\\"fbc40c5d-cac5-413d-9e88-b051a793aca3\\\"\",\r\n  \"type\":
        \"Microsoft.Network/virtualWans\",\r\n  \"location\": \"westus\",\r\n  \"properties\":
        {\r\n    \"provisioningState\": \"Succeeded\",\r\n    \"disableVpnEncryption\":
        false,\r\n    \"allowBranchToBranchTraffic\": true,\r\n    \"office365LocalBreakoutCategory\":
        \"None\",\r\n    \"type\": \"Standard\"\r\n  }\r\n}"
    headers:
      cache-control:
      - no-cache
      content-length:
      - '574'
      content-type:
      - application/json; charset=utf-8
      date:
      - Mon, 30 Nov 2020 17:36:26 GMT
      etag:
      - W/"fbc40c5d-cac5-413d-9e88-b051a793aca3"
      expires:
      - '-1'
      pragma:
      - no-cache
      server:
      - Microsoft-HTTPAPI/2.0
      - Microsoft-HTTPAPI/2.0
      strict-transport-security:
      - max-age=31536000; includeSubDomains
      transfer-encoding:
      - chunked
      vary:
      - Accept-Encoding
      x-content-type-options:
      - nosniff
      x-ms-arm-service-request-id:
      - 6b906c0b-2ace-4f19-a59c-182b4c1a05ab
    status:
      code: 200
      message: OK
- request:
    body: '{"location": "westus", "properties": {"virtualWan": {"id": "/subscriptions/00000000-0000-0000-0000-000000000000/resourceGroups/clitest.rg000001/providers/Microsoft.Network/virtualWans/clitestvwan"},
      "addressPrefix": "10.5.0.0/16", "sku": "Standard"}}'
    headers:
      Accept:
      - application/json
      Accept-Encoding:
      - gzip, deflate
      CommandName:
      - network vhub create
      Connection:
      - keep-alive
      Content-Length:
      - '309'
      Content-Type:
      - application/json; charset=utf-8
      ParameterSetName:
      - -g -n --vwan --address-prefix -l --sku
      User-Agent:
      - python/3.7.8 (Windows-10-10.0.19041-SP0) msrest/0.6.18 msrest_azure/0.6.3
        azure-mgmt-network/10.2.0 Azure-SDK-For-Python AZURECLI/2.15.1
      accept-language:
      - en-US
    method: PUT
    uri: https://management.azure.com/subscriptions/00000000-0000-0000-0000-000000000000/resourceGroups/clitest.rg000001/providers/Microsoft.Network/virtualHubs/clitestvhub?api-version=2020-05-01
  response:
    body:
      string: "{\r\n  \"name\": \"clitestvhub\",\r\n  \"id\": \"/subscriptions/00000000-0000-0000-0000-000000000000/resourceGroups/clitest.rg000001/providers/Microsoft.Network/virtualHubs/clitestvhub\",\r\n
        \ \"etag\": \"W/\\\"74fed6b2-f1e4-4e65-98f1-27381902a61a\\\"\",\r\n  \"type\":
        \"Microsoft.Network/virtualHubs\",\r\n  \"location\": \"westus\",\r\n  \"properties\":
        {\r\n    \"provisioningState\": \"Updating\",\r\n    \"virtualHubRouteTableV2s\":
        [],\r\n    \"addressPrefix\": \"10.5.0.0/16\",\r\n    \"virtualRouterAsn\":
        0,\r\n    \"virtualRouterIps\": [],\r\n    \"routeTable\": {\r\n      \"routes\":
        []\r\n    },\r\n    \"virtualWan\": {\r\n      \"id\": \"/subscriptions/00000000-0000-0000-0000-000000000000/resourceGroups/clitest.rg000001/providers/Microsoft.Network/virtualWans/clitestvwan\"\r\n
        \   },\r\n    \"sku\": \"Standard\",\r\n    \"routingState\": \"None\"\r\n
        \ }\r\n}"
    headers:
      azure-asyncnotification:
      - Enabled
      azure-asyncoperation:
      - https://management.azure.com/subscriptions/00000000-0000-0000-0000-000000000000/providers/Microsoft.Network/locations/westus/operations/3d9b5b94-3e7e-4a52-a279-b9d8d5b6a2e9?api-version=2020-05-01
      cache-control:
      - no-cache
      content-length:
      - '895'
      content-type:
      - application/json; charset=utf-8
      date:
      - Mon, 30 Nov 2020 17:36:34 GMT
      expires:
      - '-1'
      pragma:
      - no-cache
      server:
      - Microsoft-HTTPAPI/2.0
      - Microsoft-HTTPAPI/2.0
      strict-transport-security:
      - max-age=31536000; includeSubDomains
      x-content-type-options:
      - nosniff
      x-ms-arm-service-request-id:
      - 183ec78c-9fe3-49d9-b253-8833061be8e9
      x-ms-ratelimit-remaining-subscription-writes:
      - '1174'
    status:
      code: 201
      message: Created
- request:
    body: null
    headers:
      Accept:
      - application/json
      Accept-Encoding:
      - gzip, deflate
      CommandName:
      - network vhub create
      Connection:
      - keep-alive
      ParameterSetName:
      - -g -n --vwan --address-prefix -l --sku
      User-Agent:
      - python/3.7.8 (Windows-10-10.0.19041-SP0) msrest/0.6.18 msrest_azure/0.6.3
        azure-mgmt-network/10.2.0 Azure-SDK-For-Python AZURECLI/2.15.1
    method: GET
    uri: https://management.azure.com/subscriptions/00000000-0000-0000-0000-000000000000/providers/Microsoft.Network/locations/westus/operations/3d9b5b94-3e7e-4a52-a279-b9d8d5b6a2e9?api-version=2020-05-01
  response:
    body:
      string: "{\r\n  \"status\": \"InProgress\"\r\n}"
    headers:
      cache-control:
      - no-cache
      content-length:
      - '30'
      content-type:
      - application/json; charset=utf-8
      date:
      - Mon, 30 Nov 2020 17:36:45 GMT
      expires:
      - '-1'
      pragma:
      - no-cache
      server:
      - Microsoft-HTTPAPI/2.0
      - Microsoft-HTTPAPI/2.0
      strict-transport-security:
      - max-age=31536000; includeSubDomains
      transfer-encoding:
      - chunked
      vary:
      - Accept-Encoding
      x-content-type-options:
      - nosniff
      x-ms-arm-service-request-id:
      - 734089ff-62c9-4c8f-920b-07d3ccf9aa60
    status:
      code: 200
      message: OK
- request:
    body: null
    headers:
      Accept:
      - application/json
      Accept-Encoding:
      - gzip, deflate
      CommandName:
      - network vhub create
      Connection:
      - keep-alive
      ParameterSetName:
      - -g -n --vwan --address-prefix -l --sku
      User-Agent:
      - python/3.7.8 (Windows-10-10.0.19041-SP0) msrest/0.6.18 msrest_azure/0.6.3
        azure-mgmt-network/10.2.0 Azure-SDK-For-Python AZURECLI/2.15.1
    method: GET
    uri: https://management.azure.com/subscriptions/00000000-0000-0000-0000-000000000000/providers/Microsoft.Network/locations/westus/operations/3d9b5b94-3e7e-4a52-a279-b9d8d5b6a2e9?api-version=2020-05-01
  response:
    body:
      string: "{\r\n  \"status\": \"InProgress\"\r\n}"
    headers:
      cache-control:
      - no-cache
      content-length:
      - '30'
      content-type:
      - application/json; charset=utf-8
      date:
      - Mon, 30 Nov 2020 17:36:56 GMT
      expires:
      - '-1'
      pragma:
      - no-cache
      server:
      - Microsoft-HTTPAPI/2.0
      - Microsoft-HTTPAPI/2.0
      strict-transport-security:
      - max-age=31536000; includeSubDomains
      transfer-encoding:
      - chunked
      vary:
      - Accept-Encoding
      x-content-type-options:
      - nosniff
      x-ms-arm-service-request-id:
      - 65424fdb-fb02-4924-9517-7aa0bac612fd
    status:
      code: 200
      message: OK
- request:
    body: null
    headers:
      Accept:
      - application/json
      Accept-Encoding:
      - gzip, deflate
      CommandName:
      - network vhub create
      Connection:
      - keep-alive
      ParameterSetName:
      - -g -n --vwan --address-prefix -l --sku
      User-Agent:
      - python/3.7.8 (Windows-10-10.0.19041-SP0) msrest/0.6.18 msrest_azure/0.6.3
        azure-mgmt-network/10.2.0 Azure-SDK-For-Python AZURECLI/2.15.1
    method: GET
    uri: https://management.azure.com/subscriptions/00000000-0000-0000-0000-000000000000/providers/Microsoft.Network/locations/westus/operations/3d9b5b94-3e7e-4a52-a279-b9d8d5b6a2e9?api-version=2020-05-01
  response:
    body:
      string: "{\r\n  \"status\": \"InProgress\"\r\n}"
    headers:
      cache-control:
      - no-cache
      content-length:
      - '30'
      content-type:
      - application/json; charset=utf-8
      date:
      - Mon, 30 Nov 2020 17:37:16 GMT
      expires:
      - '-1'
      pragma:
      - no-cache
      server:
      - Microsoft-HTTPAPI/2.0
      - Microsoft-HTTPAPI/2.0
      strict-transport-security:
      - max-age=31536000; includeSubDomains
      transfer-encoding:
      - chunked
      vary:
      - Accept-Encoding
      x-content-type-options:
      - nosniff
      x-ms-arm-service-request-id:
      - 10319207-c82b-4d33-9871-0b9af9ca2b9b
    status:
      code: 200
      message: OK
- request:
    body: null
    headers:
      Accept:
      - application/json
      Accept-Encoding:
      - gzip, deflate
      CommandName:
      - network vhub create
      Connection:
      - keep-alive
      ParameterSetName:
      - -g -n --vwan --address-prefix -l --sku
      User-Agent:
      - python/3.7.8 (Windows-10-10.0.19041-SP0) msrest/0.6.18 msrest_azure/0.6.3
        azure-mgmt-network/10.2.0 Azure-SDK-For-Python AZURECLI/2.15.1
    method: GET
    uri: https://management.azure.com/subscriptions/00000000-0000-0000-0000-000000000000/providers/Microsoft.Network/locations/westus/operations/3d9b5b94-3e7e-4a52-a279-b9d8d5b6a2e9?api-version=2020-05-01
  response:
    body:
      string: "{\r\n  \"status\": \"InProgress\"\r\n}"
    headers:
      cache-control:
      - no-cache
      content-length:
      - '30'
      content-type:
      - application/json; charset=utf-8
      date:
      - Mon, 30 Nov 2020 17:37:37 GMT
      expires:
      - '-1'
      pragma:
      - no-cache
      server:
      - Microsoft-HTTPAPI/2.0
      - Microsoft-HTTPAPI/2.0
      strict-transport-security:
      - max-age=31536000; includeSubDomains
      transfer-encoding:
      - chunked
      vary:
      - Accept-Encoding
      x-content-type-options:
      - nosniff
      x-ms-arm-service-request-id:
      - 73dac381-8717-45bf-b59d-2c97aec2679a
    status:
      code: 200
      message: OK
- request:
    body: null
    headers:
      Accept:
      - application/json
      Accept-Encoding:
      - gzip, deflate
      CommandName:
      - network vhub create
      Connection:
      - keep-alive
      ParameterSetName:
      - -g -n --vwan --address-prefix -l --sku
      User-Agent:
      - python/3.7.8 (Windows-10-10.0.19041-SP0) msrest/0.6.18 msrest_azure/0.6.3
        azure-mgmt-network/10.2.0 Azure-SDK-For-Python AZURECLI/2.15.1
    method: GET
    uri: https://management.azure.com/subscriptions/00000000-0000-0000-0000-000000000000/providers/Microsoft.Network/locations/westus/operations/3d9b5b94-3e7e-4a52-a279-b9d8d5b6a2e9?api-version=2020-05-01
  response:
    body:
      string: "{\r\n  \"status\": \"InProgress\"\r\n}"
    headers:
      cache-control:
      - no-cache
      content-length:
      - '30'
      content-type:
      - application/json; charset=utf-8
      date:
      - Mon, 30 Nov 2020 17:38:17 GMT
      expires:
      - '-1'
      pragma:
      - no-cache
      server:
      - Microsoft-HTTPAPI/2.0
      - Microsoft-HTTPAPI/2.0
      strict-transport-security:
      - max-age=31536000; includeSubDomains
      transfer-encoding:
      - chunked
      vary:
      - Accept-Encoding
      x-content-type-options:
      - nosniff
      x-ms-arm-service-request-id:
      - 0e767078-4b7e-4330-9147-8f3ad0dbf224
    status:
      code: 200
      message: OK
- request:
    body: null
    headers:
      Accept:
      - application/json
      Accept-Encoding:
      - gzip, deflate
      CommandName:
      - network vhub create
      Connection:
      - keep-alive
      ParameterSetName:
      - -g -n --vwan --address-prefix -l --sku
      User-Agent:
      - python/3.7.8 (Windows-10-10.0.19041-SP0) msrest/0.6.18 msrest_azure/0.6.3
        azure-mgmt-network/10.2.0 Azure-SDK-For-Python AZURECLI/2.15.1
    method: GET
    uri: https://management.azure.com/subscriptions/00000000-0000-0000-0000-000000000000/providers/Microsoft.Network/locations/westus/operations/3d9b5b94-3e7e-4a52-a279-b9d8d5b6a2e9?api-version=2020-05-01
  response:
    body:
      string: "{\r\n  \"status\": \"InProgress\"\r\n}"
    headers:
      cache-control:
      - no-cache
      content-length:
      - '30'
      content-type:
      - application/json; charset=utf-8
      date:
      - Mon, 30 Nov 2020 17:38:58 GMT
      expires:
      - '-1'
      pragma:
      - no-cache
      server:
      - Microsoft-HTTPAPI/2.0
      - Microsoft-HTTPAPI/2.0
      strict-transport-security:
      - max-age=31536000; includeSubDomains
      transfer-encoding:
      - chunked
      vary:
      - Accept-Encoding
      x-content-type-options:
      - nosniff
      x-ms-arm-service-request-id:
      - 3c03b260-a009-4c22-a527-e5f3a9d07ac1
    status:
      code: 200
      message: OK
- request:
    body: null
    headers:
      Accept:
      - application/json
      Accept-Encoding:
      - gzip, deflate
      CommandName:
      - network vhub create
      Connection:
      - keep-alive
      ParameterSetName:
      - -g -n --vwan --address-prefix -l --sku
      User-Agent:
      - python/3.7.8 (Windows-10-10.0.19041-SP0) msrest/0.6.18 msrest_azure/0.6.3
        azure-mgmt-network/10.2.0 Azure-SDK-For-Python AZURECLI/2.15.1
    method: GET
    uri: https://management.azure.com/subscriptions/00000000-0000-0000-0000-000000000000/providers/Microsoft.Network/locations/westus/operations/3d9b5b94-3e7e-4a52-a279-b9d8d5b6a2e9?api-version=2020-05-01
  response:
    body:
      string: "{\r\n  \"status\": \"Succeeded\"\r\n}"
    headers:
      cache-control:
      - no-cache
      content-length:
      - '29'
      content-type:
      - application/json; charset=utf-8
      date:
      - Mon, 30 Nov 2020 17:40:19 GMT
      expires:
      - '-1'
      pragma:
      - no-cache
      server:
      - Microsoft-HTTPAPI/2.0
      - Microsoft-HTTPAPI/2.0
      strict-transport-security:
      - max-age=31536000; includeSubDomains
      transfer-encoding:
      - chunked
      vary:
      - Accept-Encoding
      x-content-type-options:
      - nosniff
      x-ms-arm-service-request-id:
      - a1654afd-fbc7-48e0-ac6b-a614346ba57a
    status:
      code: 200
      message: OK
- request:
    body: null
    headers:
      Accept:
      - application/json
      Accept-Encoding:
      - gzip, deflate
      CommandName:
      - network vhub create
      Connection:
      - keep-alive
      ParameterSetName:
      - -g -n --vwan --address-prefix -l --sku
      User-Agent:
      - python/3.7.8 (Windows-10-10.0.19041-SP0) msrest/0.6.18 msrest_azure/0.6.3
        azure-mgmt-network/10.2.0 Azure-SDK-For-Python AZURECLI/2.15.1
    method: GET
    uri: https://management.azure.com/subscriptions/00000000-0000-0000-0000-000000000000/resourceGroups/clitest.rg000001/providers/Microsoft.Network/virtualHubs/clitestvhub?api-version=2020-05-01
  response:
    body:
      string: "{\r\n  \"name\": \"clitestvhub\",\r\n  \"id\": \"/subscriptions/00000000-0000-0000-0000-000000000000/resourceGroups/clitest.rg000001/providers/Microsoft.Network/virtualHubs/clitestvhub\",\r\n
        \ \"etag\": \"W/\\\"3510dd5f-b21a-45e9-b5c9-1b588788ee7f\\\"\",\r\n  \"type\":
        \"Microsoft.Network/virtualHubs\",\r\n  \"location\": \"westus\",\r\n  \"properties\":
        {\r\n    \"provisioningState\": \"Succeeded\",\r\n    \"virtualHubRouteTableV2s\":
        [],\r\n    \"addressPrefix\": \"10.5.0.0/16\",\r\n    \"virtualRouterAsn\":
        0,\r\n    \"virtualRouterIps\": [],\r\n    \"routeTable\": {\r\n      \"routes\":
        []\r\n    },\r\n    \"virtualWan\": {\r\n      \"id\": \"/subscriptions/00000000-0000-0000-0000-000000000000/resourceGroups/clitest.rg000001/providers/Microsoft.Network/virtualWans/clitestvwan\"\r\n
        \   },\r\n    \"sku\": \"Standard\",\r\n    \"routingState\": \"Provisioning\"\r\n
        \ }\r\n}"
    headers:
      cache-control:
      - no-cache
      content-length:
      - '904'
      content-type:
      - application/json; charset=utf-8
      date:
      - Mon, 30 Nov 2020 17:40:20 GMT
      expires:
      - '-1'
      pragma:
      - no-cache
      server:
      - Microsoft-HTTPAPI/2.0
      - Microsoft-HTTPAPI/2.0
      strict-transport-security:
      - max-age=31536000; includeSubDomains
      transfer-encoding:
      - chunked
      vary:
      - Accept-Encoding
      x-content-type-options:
      - nosniff
      x-ms-arm-service-request-id:
      - 3a8b24de-6009-4235-baf2-ff7a3b1b354a
    status:
      code: 200
      message: OK
- request:
    body: null
    headers:
      Accept:
      - application/json
      Accept-Encoding:
      - gzip, deflate
      CommandName:
      - network vpn-gateway create
      Connection:
      - keep-alive
      ParameterSetName:
      - -g -n --vhub
      User-Agent:
      - python/3.7.8 (Windows-10-10.0.19041-SP0) msrest/0.6.18 msrest_azure/0.6.3
        azure-mgmt-resource/10.2.0 Azure-SDK-For-Python AZURECLI/2.15.1
      accept-language:
      - en-US
    method: GET
    uri: https://management.azure.com/subscriptions/00000000-0000-0000-0000-000000000000/resourcegroups/clitest.rg000001?api-version=2020-06-01
  response:
    body:
      string: '{"id":"/subscriptions/00000000-0000-0000-0000-000000000000/resourceGroups/clitest.rg000001","name":"clitest.rg000001","type":"Microsoft.Resources/resourceGroups","location":"westus","tags":{"product":"azurecli","cause":"automation","date":"2020-11-30T17:36:04Z"},"properties":{"provisioningState":"Succeeded"}}'
    headers:
      cache-control:
      - no-cache
      content-length:
      - '428'
      content-type:
      - application/json; charset=utf-8
      date:
      - Mon, 30 Nov 2020 17:40:21 GMT
      expires:
      - '-1'
      pragma:
      - no-cache
      strict-transport-security:
      - max-age=31536000; includeSubDomains
      vary:
      - Accept-Encoding
      x-content-type-options:
      - nosniff
    status:
      code: 200
      message: OK
- request:
    body: null
    headers:
      Accept:
      - application/json
      Accept-Encoding:
      - gzip, deflate
      CommandName:
      - network vpn-gateway create
      Connection:
      - keep-alive
      ParameterSetName:
      - -g -n --vhub
      User-Agent:
      - python/3.7.8 (Windows-10-10.0.19041-SP0) msrest/0.6.18 msrest_azure/0.6.3
        azure-mgmt-network/10.2.0 Azure-SDK-For-Python AZURECLI/2.15.1
      accept-language:
      - en-US
    method: GET
    uri: https://management.azure.com/subscriptions/00000000-0000-0000-0000-000000000000/resourceGroups/clitest.rg000001/providers/Microsoft.Network/vpnGateways/cligateway?api-version=2020-05-01
  response:
    body:
      string: '{"error":{"code":"ResourceNotFound","message":"The Resource ''Microsoft.Network/vpnGateways/cligateway''
        under resource group ''clitest.rg000001'' was not found. For more details
        please go to https://aka.ms/ARMResourceNotFoundFix"}}'
    headers:
      cache-control:
      - no-cache
      content-length:
      - '287'
      content-type:
      - application/json; charset=utf-8
      date:
      - Mon, 30 Nov 2020 17:40:25 GMT
      expires:
      - '-1'
      pragma:
      - no-cache
      strict-transport-security:
      - max-age=31536000; includeSubDomains
      x-content-type-options:
      - nosniff
      x-ms-failure-cause:
      - gateway
    status:
      code: 404
      message: Not Found
- request:
    body: '{"location": "westus", "properties": {"virtualHub": {"id": "/subscriptions/00000000-0000-0000-0000-000000000000/resourceGroups/clitest.rg000001/providers/Microsoft.Network/virtualHubs/clitestvhub"},
      "bgpSettings": {}}}'
    headers:
      Accept:
      - application/json
      Accept-Encoding:
      - gzip, deflate
      CommandName:
      - network vpn-gateway create
      Connection:
      - keep-alive
      Content-Length:
      - '277'
      Content-Type:
      - application/json; charset=utf-8
      ParameterSetName:
      - -g -n --vhub
      User-Agent:
      - python/3.7.8 (Windows-10-10.0.19041-SP0) msrest/0.6.18 msrest_azure/0.6.3
        azure-mgmt-network/10.2.0 Azure-SDK-For-Python AZURECLI/2.15.1
      accept-language:
      - en-US
    method: PUT
    uri: https://management.azure.com/subscriptions/00000000-0000-0000-0000-000000000000/resourceGroups/clitest.rg000001/providers/Microsoft.Network/vpnGateways/cligateway?api-version=2020-05-01
  response:
    body:
      string: "{\r\n  \"name\": \"cligateway\",\r\n  \"id\": \"/subscriptions/00000000-0000-0000-0000-000000000000/resourceGroups/clitest.rg000001/providers/Microsoft.Network/vpnGateways/cligateway\",\r\n
        \ \"etag\": \"W/\\\"5fdcaf28-82fc-41b0-8db1-7f5136720873\\\"\",\r\n  \"type\":
        \"Microsoft.Network/vpnGateways\",\r\n  \"location\": \"westus\",\r\n  \"properties\":
        {\r\n    \"provisioningState\": \"Updating\",\r\n    \"connections\": [],\r\n
        \   \"virtualHub\": {\r\n      \"id\": \"/subscriptions/00000000-0000-0000-0000-000000000000/resourceGroups/clitest.rg000001/providers/Microsoft.Network/virtualHubs/clitestvhub\"\r\n
        \   },\r\n    \"bgpSettings\": {\r\n      \"asn\": 65515,\r\n      \"peerWeight\":
        0\r\n    },\r\n    \"vpnGatewayScaleUnit\": 1,\r\n    \"packetCaptureDiagnosticState\":
        \"None\",\r\n    \"ipConfigurations\": [],\r\n    \"natRules\": [],\r\n    \"enableBgpRouteTranslationForNat\":
        false,\r\n    \"isRoutingPreferenceInternet\": false\r\n  }\r\n}"
    headers:
      azure-asyncnotification:
      - Enabled
      azure-asyncoperation:
      - https://management.azure.com/subscriptions/00000000-0000-0000-0000-000000000000/providers/Microsoft.Network/locations/westus/operations/0c4ec73b-d33f-45ed-92be-1c5033277f9e?api-version=2020-05-01
      cache-control:
      - no-cache
      content-length:
      - '975'
      content-type:
      - application/json; charset=utf-8
      date:
      - Mon, 30 Nov 2020 17:40:31 GMT
      expires:
      - '-1'
      pragma:
      - no-cache
      server:
      - Microsoft-HTTPAPI/2.0
      - Microsoft-HTTPAPI/2.0
      strict-transport-security:
      - max-age=31536000; includeSubDomains
      x-content-type-options:
      - nosniff
      x-ms-arm-service-request-id:
      - 34c36f3c-0b91-49d9-820d-4c4bff26e920
      x-ms-ratelimit-remaining-subscription-writes:
      - '1173'
    status:
      code: 201
      message: Created
- request:
    body: null
    headers:
      Accept:
      - application/json
      Accept-Encoding:
      - gzip, deflate
      CommandName:
      - network vpn-gateway create
      Connection:
      - keep-alive
      ParameterSetName:
      - -g -n --vhub
      User-Agent:
      - python/3.7.8 (Windows-10-10.0.19041-SP0) msrest/0.6.18 msrest_azure/0.6.3
        azure-mgmt-network/10.2.0 Azure-SDK-For-Python AZURECLI/2.15.1
    method: GET
    uri: https://management.azure.com/subscriptions/00000000-0000-0000-0000-000000000000/providers/Microsoft.Network/locations/westus/operations/0c4ec73b-d33f-45ed-92be-1c5033277f9e?api-version=2020-05-01
  response:
    body:
      string: "{\r\n  \"status\": \"InProgress\"\r\n}"
    headers:
      cache-control:
      - no-cache
      content-length:
      - '30'
      content-type:
      - application/json; charset=utf-8
      date:
      - Mon, 30 Nov 2020 17:40:43 GMT
      expires:
      - '-1'
      pragma:
      - no-cache
      server:
      - Microsoft-HTTPAPI/2.0
      - Microsoft-HTTPAPI/2.0
      strict-transport-security:
      - max-age=31536000; includeSubDomains
      transfer-encoding:
      - chunked
      vary:
      - Accept-Encoding
      x-content-type-options:
      - nosniff
      x-ms-arm-service-request-id:
      - 58da0680-de96-4693-be8d-d4d90953ef4b
    status:
      code: 200
      message: OK
- request:
    body: null
    headers:
      Accept:
      - application/json
      Accept-Encoding:
      - gzip, deflate
      CommandName:
      - network vpn-gateway create
      Connection:
      - keep-alive
      ParameterSetName:
      - -g -n --vhub
      User-Agent:
      - python/3.7.8 (Windows-10-10.0.19041-SP0) msrest/0.6.18 msrest_azure/0.6.3
        azure-mgmt-network/10.2.0 Azure-SDK-For-Python AZURECLI/2.15.1
    method: GET
    uri: https://management.azure.com/subscriptions/00000000-0000-0000-0000-000000000000/providers/Microsoft.Network/locations/westus/operations/0c4ec73b-d33f-45ed-92be-1c5033277f9e?api-version=2020-05-01
  response:
    body:
      string: "{\r\n  \"status\": \"InProgress\"\r\n}"
    headers:
      cache-control:
      - no-cache
      content-length:
      - '30'
      content-type:
      - application/json; charset=utf-8
      date:
      - Mon, 30 Nov 2020 17:40:54 GMT
      expires:
      - '-1'
      pragma:
      - no-cache
      server:
      - Microsoft-HTTPAPI/2.0
      - Microsoft-HTTPAPI/2.0
      strict-transport-security:
      - max-age=31536000; includeSubDomains
      transfer-encoding:
      - chunked
      vary:
      - Accept-Encoding
      x-content-type-options:
      - nosniff
      x-ms-arm-service-request-id:
      - 53692722-8681-4014-96ac-3cb3f006acd1
    status:
      code: 200
      message: OK
- request:
    body: null
    headers:
      Accept:
      - application/json
      Accept-Encoding:
      - gzip, deflate
      CommandName:
      - network vpn-gateway create
      Connection:
      - keep-alive
      ParameterSetName:
      - -g -n --vhub
      User-Agent:
      - python/3.7.8 (Windows-10-10.0.19041-SP0) msrest/0.6.18 msrest_azure/0.6.3
        azure-mgmt-network/10.2.0 Azure-SDK-For-Python AZURECLI/2.15.1
    method: GET
    uri: https://management.azure.com/subscriptions/00000000-0000-0000-0000-000000000000/providers/Microsoft.Network/locations/westus/operations/0c4ec73b-d33f-45ed-92be-1c5033277f9e?api-version=2020-05-01
  response:
    body:
      string: "{\r\n  \"status\": \"InProgress\"\r\n}"
    headers:
      cache-control:
      - no-cache
      content-length:
      - '30'
      content-type:
      - application/json; charset=utf-8
      date:
      - Mon, 30 Nov 2020 17:41:14 GMT
      expires:
      - '-1'
      pragma:
      - no-cache
      server:
      - Microsoft-HTTPAPI/2.0
      - Microsoft-HTTPAPI/2.0
      strict-transport-security:
      - max-age=31536000; includeSubDomains
      transfer-encoding:
      - chunked
      vary:
      - Accept-Encoding
      x-content-type-options:
      - nosniff
      x-ms-arm-service-request-id:
      - f89f92cd-11fe-49ee-9951-b9ac92ecbae2
    status:
      code: 200
      message: OK
- request:
    body: null
    headers:
      Accept:
      - application/json
      Accept-Encoding:
      - gzip, deflate
      CommandName:
      - network vpn-gateway create
      Connection:
      - keep-alive
      ParameterSetName:
      - -g -n --vhub
      User-Agent:
      - python/3.7.8 (Windows-10-10.0.19041-SP0) msrest/0.6.18 msrest_azure/0.6.3
        azure-mgmt-network/10.2.0 Azure-SDK-For-Python AZURECLI/2.15.1
    method: GET
    uri: https://management.azure.com/subscriptions/00000000-0000-0000-0000-000000000000/providers/Microsoft.Network/locations/westus/operations/0c4ec73b-d33f-45ed-92be-1c5033277f9e?api-version=2020-05-01
  response:
    body:
      string: "{\r\n  \"status\": \"InProgress\"\r\n}"
    headers:
      cache-control:
      - no-cache
      content-length:
      - '30'
      content-type:
      - application/json; charset=utf-8
      date:
      - Mon, 30 Nov 2020 17:41:35 GMT
      expires:
      - '-1'
      pragma:
      - no-cache
      server:
      - Microsoft-HTTPAPI/2.0
      - Microsoft-HTTPAPI/2.0
      strict-transport-security:
      - max-age=31536000; includeSubDomains
      transfer-encoding:
      - chunked
      vary:
      - Accept-Encoding
      x-content-type-options:
      - nosniff
      x-ms-arm-service-request-id:
      - 3ca04bd8-42f3-4060-844c-b61ea12fb7e2
    status:
      code: 200
      message: OK
- request:
    body: null
    headers:
      Accept:
      - application/json
      Accept-Encoding:
      - gzip, deflate
      CommandName:
      - network vpn-gateway create
      Connection:
      - keep-alive
      ParameterSetName:
      - -g -n --vhub
      User-Agent:
      - python/3.7.8 (Windows-10-10.0.19041-SP0) msrest/0.6.18 msrest_azure/0.6.3
        azure-mgmt-network/10.2.0 Azure-SDK-For-Python AZURECLI/2.15.1
    method: GET
    uri: https://management.azure.com/subscriptions/00000000-0000-0000-0000-000000000000/providers/Microsoft.Network/locations/westus/operations/0c4ec73b-d33f-45ed-92be-1c5033277f9e?api-version=2020-05-01
  response:
    body:
      string: "{\r\n  \"status\": \"InProgress\"\r\n}"
    headers:
      cache-control:
      - no-cache
      content-length:
      - '30'
      content-type:
      - application/json; charset=utf-8
      date:
      - Mon, 30 Nov 2020 17:42:15 GMT
      expires:
      - '-1'
      pragma:
      - no-cache
      server:
      - Microsoft-HTTPAPI/2.0
      - Microsoft-HTTPAPI/2.0
      strict-transport-security:
      - max-age=31536000; includeSubDomains
      transfer-encoding:
      - chunked
      vary:
      - Accept-Encoding
      x-content-type-options:
      - nosniff
      x-ms-arm-service-request-id:
      - 876a66b0-68e5-47bd-bdc0-6441de70b212
    status:
      code: 200
      message: OK
- request:
    body: null
    headers:
      Accept:
      - application/json
      Accept-Encoding:
      - gzip, deflate
      CommandName:
      - network vpn-gateway create
      Connection:
      - keep-alive
      ParameterSetName:
      - -g -n --vhub
      User-Agent:
      - python/3.7.8 (Windows-10-10.0.19041-SP0) msrest/0.6.18 msrest_azure/0.6.3
        azure-mgmt-network/10.2.0 Azure-SDK-For-Python AZURECLI/2.15.1
    method: GET
    uri: https://management.azure.com/subscriptions/00000000-0000-0000-0000-000000000000/providers/Microsoft.Network/locations/westus/operations/0c4ec73b-d33f-45ed-92be-1c5033277f9e?api-version=2020-05-01
  response:
    body:
      string: "{\r\n  \"status\": \"InProgress\"\r\n}"
    headers:
      cache-control:
      - no-cache
      content-length:
      - '30'
      content-type:
      - application/json; charset=utf-8
      date:
      - Mon, 30 Nov 2020 17:42:57 GMT
      expires:
      - '-1'
      pragma:
      - no-cache
      server:
      - Microsoft-HTTPAPI/2.0
      - Microsoft-HTTPAPI/2.0
      strict-transport-security:
      - max-age=31536000; includeSubDomains
      transfer-encoding:
      - chunked
      vary:
      - Accept-Encoding
      x-content-type-options:
      - nosniff
      x-ms-arm-service-request-id:
      - b38bdc9d-c318-40cb-8aec-3e19c111ebd0
    status:
      code: 200
      message: OK
- request:
    body: null
    headers:
      Accept:
      - application/json
      Accept-Encoding:
      - gzip, deflate
      CommandName:
      - network vpn-gateway create
      Connection:
      - keep-alive
      ParameterSetName:
      - -g -n --vhub
      User-Agent:
      - python/3.7.8 (Windows-10-10.0.19041-SP0) msrest/0.6.18 msrest_azure/0.6.3
        azure-mgmt-network/10.2.0 Azure-SDK-For-Python AZURECLI/2.15.1
    method: GET
    uri: https://management.azure.com/subscriptions/00000000-0000-0000-0000-000000000000/providers/Microsoft.Network/locations/westus/operations/0c4ec73b-d33f-45ed-92be-1c5033277f9e?api-version=2020-05-01
  response:
    body:
      string: "{\r\n  \"status\": \"InProgress\"\r\n}"
    headers:
      cache-control:
      - no-cache
      content-length:
      - '30'
      content-type:
      - application/json; charset=utf-8
      date:
      - Mon, 30 Nov 2020 17:44:17 GMT
      expires:
      - '-1'
      pragma:
      - no-cache
      server:
      - Microsoft-HTTPAPI/2.0
      - Microsoft-HTTPAPI/2.0
      strict-transport-security:
      - max-age=31536000; includeSubDomains
      transfer-encoding:
      - chunked
      vary:
      - Accept-Encoding
      x-content-type-options:
      - nosniff
      x-ms-arm-service-request-id:
      - e87768d2-5af9-4729-ba88-167c563afa6a
    status:
      code: 200
      message: OK
- request:
    body: null
    headers:
      Accept:
      - application/json
      Accept-Encoding:
      - gzip, deflate
      CommandName:
      - network vpn-gateway create
      Connection:
      - keep-alive
      ParameterSetName:
      - -g -n --vhub
      User-Agent:
      - python/3.7.8 (Windows-10-10.0.19041-SP0) msrest/0.6.18 msrest_azure/0.6.3
        azure-mgmt-network/10.2.0 Azure-SDK-For-Python AZURECLI/2.15.1
    method: GET
    uri: https://management.azure.com/subscriptions/00000000-0000-0000-0000-000000000000/providers/Microsoft.Network/locations/westus/operations/0c4ec73b-d33f-45ed-92be-1c5033277f9e?api-version=2020-05-01
  response:
    body:
      string: "{\r\n  \"status\": \"InProgress\"\r\n}"
    headers:
      cache-control:
      - no-cache
      content-length:
      - '30'
      content-type:
      - application/json; charset=utf-8
      date:
      - Mon, 30 Nov 2020 17:47:00 GMT
      expires:
      - '-1'
      pragma:
      - no-cache
      server:
      - Microsoft-HTTPAPI/2.0
      - Microsoft-HTTPAPI/2.0
      strict-transport-security:
      - max-age=31536000; includeSubDomains
      transfer-encoding:
      - chunked
      vary:
      - Accept-Encoding
      x-content-type-options:
      - nosniff
      x-ms-arm-service-request-id:
      - 428fedb8-6563-4f15-8f42-134264450897
    status:
      code: 200
      message: OK
- request:
    body: null
    headers:
      Accept:
      - application/json
      Accept-Encoding:
      - gzip, deflate
      CommandName:
      - network vpn-gateway create
      Connection:
      - keep-alive
      ParameterSetName:
      - -g -n --vhub
      User-Agent:
      - python/3.7.8 (Windows-10-10.0.19041-SP0) msrest/0.6.18 msrest_azure/0.6.3
        azure-mgmt-network/10.2.0 Azure-SDK-For-Python AZURECLI/2.15.1
    method: GET
    uri: https://management.azure.com/subscriptions/00000000-0000-0000-0000-000000000000/providers/Microsoft.Network/locations/westus/operations/0c4ec73b-d33f-45ed-92be-1c5033277f9e?api-version=2020-05-01
  response:
    body:
      string: "{\r\n  \"status\": \"InProgress\"\r\n}"
    headers:
      cache-control:
      - no-cache
      content-length:
      - '30'
      content-type:
      - application/json; charset=utf-8
      date:
      - Mon, 30 Nov 2020 17:48:41 GMT
      expires:
      - '-1'
      pragma:
      - no-cache
      server:
      - Microsoft-HTTPAPI/2.0
      - Microsoft-HTTPAPI/2.0
      strict-transport-security:
      - max-age=31536000; includeSubDomains
      transfer-encoding:
      - chunked
      vary:
      - Accept-Encoding
      x-content-type-options:
      - nosniff
      x-ms-arm-service-request-id:
      - bf138b80-3043-4b58-b16c-f3fa4f90432b
    status:
      code: 200
      message: OK
- request:
    body: null
    headers:
      Accept:
      - application/json
      Accept-Encoding:
      - gzip, deflate
      CommandName:
      - network vpn-gateway create
      Connection:
      - keep-alive
      ParameterSetName:
      - -g -n --vhub
      User-Agent:
      - python/3.7.8 (Windows-10-10.0.19041-SP0) msrest/0.6.18 msrest_azure/0.6.3
        azure-mgmt-network/10.2.0 Azure-SDK-For-Python AZURECLI/2.15.1
    method: GET
    uri: https://management.azure.com/subscriptions/00000000-0000-0000-0000-000000000000/providers/Microsoft.Network/locations/westus/operations/0c4ec73b-d33f-45ed-92be-1c5033277f9e?api-version=2020-05-01
  response:
    body:
      string: "{\r\n  \"status\": \"InProgress\"\r\n}"
    headers:
      cache-control:
      - no-cache
      content-length:
      - '30'
      content-type:
      - application/json; charset=utf-8
      date:
      - Mon, 30 Nov 2020 17:50:22 GMT
      expires:
      - '-1'
      pragma:
      - no-cache
      server:
      - Microsoft-HTTPAPI/2.0
      - Microsoft-HTTPAPI/2.0
      strict-transport-security:
      - max-age=31536000; includeSubDomains
      transfer-encoding:
      - chunked
      vary:
      - Accept-Encoding
      x-content-type-options:
      - nosniff
      x-ms-arm-service-request-id:
      - a9993525-d8b4-4fb4-84f8-cc2fe68db473
    status:
      code: 200
      message: OK
- request:
    body: null
    headers:
      Accept:
      - application/json
      Accept-Encoding:
      - gzip, deflate
      CommandName:
      - network vpn-gateway create
      Connection:
      - keep-alive
      ParameterSetName:
      - -g -n --vhub
      User-Agent:
      - python/3.7.8 (Windows-10-10.0.19041-SP0) msrest/0.6.18 msrest_azure/0.6.3
        azure-mgmt-network/10.2.0 Azure-SDK-For-Python AZURECLI/2.15.1
    method: GET
    uri: https://management.azure.com/subscriptions/00000000-0000-0000-0000-000000000000/providers/Microsoft.Network/locations/westus/operations/0c4ec73b-d33f-45ed-92be-1c5033277f9e?api-version=2020-05-01
  response:
    body:
      string: "{\r\n  \"status\": \"InProgress\"\r\n}"
    headers:
      cache-control:
      - no-cache
      content-length:
      - '30'
      content-type:
      - application/json; charset=utf-8
      date:
      - Mon, 30 Nov 2020 17:52:04 GMT
      expires:
      - '-1'
      pragma:
      - no-cache
      server:
      - Microsoft-HTTPAPI/2.0
      - Microsoft-HTTPAPI/2.0
      strict-transport-security:
      - max-age=31536000; includeSubDomains
      transfer-encoding:
      - chunked
      vary:
      - Accept-Encoding
      x-content-type-options:
      - nosniff
      x-ms-arm-service-request-id:
      - 586a8006-c08f-4d46-ba64-3a82f63ce0d9
    status:
      code: 200
      message: OK
- request:
    body: null
    headers:
      Accept:
      - application/json
      Accept-Encoding:
      - gzip, deflate
      CommandName:
      - network vpn-gateway create
      Connection:
      - keep-alive
      ParameterSetName:
      - -g -n --vhub
      User-Agent:
      - python/3.7.8 (Windows-10-10.0.19041-SP0) msrest/0.6.18 msrest_azure/0.6.3
        azure-mgmt-network/10.2.0 Azure-SDK-For-Python AZURECLI/2.15.1
    method: GET
    uri: https://management.azure.com/subscriptions/00000000-0000-0000-0000-000000000000/providers/Microsoft.Network/locations/westus/operations/0c4ec73b-d33f-45ed-92be-1c5033277f9e?api-version=2020-05-01
  response:
    body:
      string: "{\r\n  \"status\": \"InProgress\"\r\n}"
    headers:
      cache-control:
      - no-cache
      content-length:
      - '30'
      content-type:
      - application/json; charset=utf-8
      date:
      - Mon, 30 Nov 2020 17:53:44 GMT
      expires:
      - '-1'
      pragma:
      - no-cache
      server:
      - Microsoft-HTTPAPI/2.0
      - Microsoft-HTTPAPI/2.0
      strict-transport-security:
      - max-age=31536000; includeSubDomains
      transfer-encoding:
      - chunked
      vary:
      - Accept-Encoding
      x-content-type-options:
      - nosniff
      x-ms-arm-service-request-id:
      - 0c915452-8350-44f7-8417-e24c49c31564
    status:
      code: 200
      message: OK
- request:
    body: null
    headers:
      Accept:
      - application/json
      Accept-Encoding:
      - gzip, deflate
      CommandName:
      - network vpn-gateway create
      Connection:
      - keep-alive
      ParameterSetName:
      - -g -n --vhub
      User-Agent:
      - python/3.7.8 (Windows-10-10.0.19041-SP0) msrest/0.6.18 msrest_azure/0.6.3
        azure-mgmt-network/10.2.0 Azure-SDK-For-Python AZURECLI/2.15.1
    method: GET
    uri: https://management.azure.com/subscriptions/00000000-0000-0000-0000-000000000000/providers/Microsoft.Network/locations/westus/operations/0c4ec73b-d33f-45ed-92be-1c5033277f9e?api-version=2020-05-01
  response:
    body:
      string: "{\r\n  \"status\": \"InProgress\"\r\n}"
    headers:
      cache-control:
      - no-cache
      content-length:
      - '30'
      content-type:
      - application/json; charset=utf-8
      date:
      - Mon, 30 Nov 2020 17:55:25 GMT
      expires:
      - '-1'
      pragma:
      - no-cache
      server:
      - Microsoft-HTTPAPI/2.0
      - Microsoft-HTTPAPI/2.0
      strict-transport-security:
      - max-age=31536000; includeSubDomains
      transfer-encoding:
      - chunked
      vary:
      - Accept-Encoding
      x-content-type-options:
      - nosniff
      x-ms-arm-service-request-id:
      - b6b8a777-b88a-4dde-8954-af1202fdbe75
    status:
      code: 200
      message: OK
- request:
    body: null
    headers:
      Accept:
      - application/json
      Accept-Encoding:
      - gzip, deflate
      CommandName:
      - network vpn-gateway create
      Connection:
      - keep-alive
      ParameterSetName:
      - -g -n --vhub
      User-Agent:
      - python/3.7.8 (Windows-10-10.0.19041-SP0) msrest/0.6.18 msrest_azure/0.6.3
        azure-mgmt-network/10.2.0 Azure-SDK-For-Python AZURECLI/2.15.1
    method: GET
    uri: https://management.azure.com/subscriptions/00000000-0000-0000-0000-000000000000/providers/Microsoft.Network/locations/westus/operations/0c4ec73b-d33f-45ed-92be-1c5033277f9e?api-version=2020-05-01
  response:
    body:
      string: "{\r\n  \"status\": \"InProgress\"\r\n}"
    headers:
      cache-control:
      - no-cache
      content-length:
      - '30'
      content-type:
      - application/json; charset=utf-8
      date:
      - Mon, 30 Nov 2020 17:57:07 GMT
      expires:
      - '-1'
      pragma:
      - no-cache
      server:
      - Microsoft-HTTPAPI/2.0
      - Microsoft-HTTPAPI/2.0
      strict-transport-security:
      - max-age=31536000; includeSubDomains
      transfer-encoding:
      - chunked
      vary:
      - Accept-Encoding
      x-content-type-options:
      - nosniff
      x-ms-arm-service-request-id:
      - 0599c3d3-9337-4f74-ba4e-ec4c422c24df
    status:
      code: 200
      message: OK
- request:
    body: null
    headers:
      Accept:
      - application/json
      Accept-Encoding:
      - gzip, deflate
      CommandName:
      - network vpn-gateway create
      Connection:
      - keep-alive
      ParameterSetName:
      - -g -n --vhub
      User-Agent:
      - python/3.7.8 (Windows-10-10.0.19041-SP0) msrest/0.6.18 msrest_azure/0.6.3
        azure-mgmt-network/10.2.0 Azure-SDK-For-Python AZURECLI/2.15.1
    method: GET
    uri: https://management.azure.com/subscriptions/00000000-0000-0000-0000-000000000000/providers/Microsoft.Network/locations/westus/operations/0c4ec73b-d33f-45ed-92be-1c5033277f9e?api-version=2020-05-01
  response:
    body:
      string: "{\r\n  \"status\": \"InProgress\"\r\n}"
    headers:
      cache-control:
      - no-cache
      content-length:
      - '30'
      content-type:
      - application/json; charset=utf-8
      date:
      - Mon, 30 Nov 2020 17:58:47 GMT
      expires:
      - '-1'
      pragma:
      - no-cache
      server:
      - Microsoft-HTTPAPI/2.0
      - Microsoft-HTTPAPI/2.0
      strict-transport-security:
      - max-age=31536000; includeSubDomains
      transfer-encoding:
      - chunked
      vary:
      - Accept-Encoding
      x-content-type-options:
      - nosniff
      x-ms-arm-service-request-id:
      - 8317f3a5-ac2c-472d-a2d9-a4307e2bb0e3
    status:
      code: 200
      message: OK
- request:
    body: null
    headers:
      Accept:
      - application/json
      Accept-Encoding:
      - gzip, deflate
      CommandName:
      - network vpn-gateway create
      Connection:
      - keep-alive
      ParameterSetName:
      - -g -n --vhub
      User-Agent:
      - python/3.7.8 (Windows-10-10.0.19041-SP0) msrest/0.6.18 msrest_azure/0.6.3
        azure-mgmt-network/10.2.0 Azure-SDK-For-Python AZURECLI/2.15.1
    method: GET
    uri: https://management.azure.com/subscriptions/00000000-0000-0000-0000-000000000000/providers/Microsoft.Network/locations/westus/operations/0c4ec73b-d33f-45ed-92be-1c5033277f9e?api-version=2020-05-01
  response:
    body:
      string: "{\r\n  \"status\": \"InProgress\"\r\n}"
    headers:
      cache-control:
      - no-cache
      content-length:
      - '30'
      content-type:
      - application/json; charset=utf-8
      date:
      - Mon, 30 Nov 2020 18:00:29 GMT
      expires:
      - '-1'
      pragma:
      - no-cache
      server:
      - Microsoft-HTTPAPI/2.0
      - Microsoft-HTTPAPI/2.0
      strict-transport-security:
      - max-age=31536000; includeSubDomains
      transfer-encoding:
      - chunked
      vary:
      - Accept-Encoding
      x-content-type-options:
      - nosniff
      x-ms-arm-service-request-id:
      - e136a6a4-3142-4bbb-868b-831700926bbc
    status:
      code: 200
      message: OK
- request:
    body: null
    headers:
      Accept:
      - application/json
      Accept-Encoding:
      - gzip, deflate
      CommandName:
      - network vpn-gateway create
      Connection:
      - keep-alive
      ParameterSetName:
      - -g -n --vhub
      User-Agent:
      - python/3.7.8 (Windows-10-10.0.19041-SP0) msrest/0.6.18 msrest_azure/0.6.3
        azure-mgmt-network/10.2.0 Azure-SDK-For-Python AZURECLI/2.15.1
    method: GET
    uri: https://management.azure.com/subscriptions/00000000-0000-0000-0000-000000000000/providers/Microsoft.Network/locations/westus/operations/0c4ec73b-d33f-45ed-92be-1c5033277f9e?api-version=2020-05-01
  response:
    body:
      string: "{\r\n  \"status\": \"InProgress\"\r\n}"
    headers:
      cache-control:
      - no-cache
      content-length:
      - '30'
      content-type:
      - application/json; charset=utf-8
      date:
      - Mon, 30 Nov 2020 18:02:10 GMT
      expires:
      - '-1'
      pragma:
      - no-cache
      server:
      - Microsoft-HTTPAPI/2.0
      - Microsoft-HTTPAPI/2.0
      strict-transport-security:
      - max-age=31536000; includeSubDomains
      transfer-encoding:
      - chunked
      vary:
      - Accept-Encoding
      x-content-type-options:
      - nosniff
      x-ms-arm-service-request-id:
      - 16a15565-3503-4715-b9e4-19b887c50df0
    status:
      code: 200
      message: OK
- request:
    body: null
    headers:
      Accept:
      - application/json
      Accept-Encoding:
      - gzip, deflate
      CommandName:
      - network vpn-gateway create
      Connection:
      - keep-alive
      ParameterSetName:
      - -g -n --vhub
      User-Agent:
      - python/3.7.8 (Windows-10-10.0.19041-SP0) msrest/0.6.18 msrest_azure/0.6.3
        azure-mgmt-network/10.2.0 Azure-SDK-For-Python AZURECLI/2.15.1
    method: GET
    uri: https://management.azure.com/subscriptions/00000000-0000-0000-0000-000000000000/providers/Microsoft.Network/locations/westus/operations/0c4ec73b-d33f-45ed-92be-1c5033277f9e?api-version=2020-05-01
  response:
    body:
      string: "{\r\n  \"status\": \"Succeeded\"\r\n}"
    headers:
      cache-control:
      - no-cache
      content-length:
      - '29'
      content-type:
      - application/json; charset=utf-8
      date:
      - Mon, 30 Nov 2020 18:05:03 GMT
      expires:
      - '-1'
      pragma:
      - no-cache
      server:
      - Microsoft-HTTPAPI/2.0
      - Microsoft-HTTPAPI/2.0
      strict-transport-security:
      - max-age=31536000; includeSubDomains
      transfer-encoding:
      - chunked
      vary:
      - Accept-Encoding
      x-content-type-options:
      - nosniff
      x-ms-arm-service-request-id:
      - 5cf23546-6c91-4ebf-9a2d-51f580b0b3f6
    status:
      code: 200
      message: OK
- request:
    body: null
    headers:
      Accept:
      - application/json
      Accept-Encoding:
      - gzip, deflate
      CommandName:
      - network vpn-gateway create
      Connection:
      - keep-alive
      ParameterSetName:
      - -g -n --vhub
      User-Agent:
      - python/3.7.8 (Windows-10-10.0.19041-SP0) msrest/0.6.18 msrest_azure/0.6.3
        azure-mgmt-network/10.2.0 Azure-SDK-For-Python AZURECLI/2.15.1
    method: GET
    uri: https://management.azure.com/subscriptions/00000000-0000-0000-0000-000000000000/resourceGroups/clitest.rg000001/providers/Microsoft.Network/vpnGateways/cligateway?api-version=2020-05-01
  response:
    body:
      string: "{\r\n  \"name\": \"cligateway\",\r\n  \"id\": \"/subscriptions/00000000-0000-0000-0000-000000000000/resourceGroups/clitest.rg000001/providers/Microsoft.Network/vpnGateways/cligateway\",\r\n
        \ \"etag\": \"W/\\\"8605398b-8f57-495c-b69f-f02ddfb562d5\\\"\",\r\n  \"type\":
        \"Microsoft.Network/vpnGateways\",\r\n  \"location\": \"westus\",\r\n  \"properties\":
        {\r\n    \"provisioningState\": \"Succeeded\",\r\n    \"connections\": [],\r\n
        \   \"virtualHub\": {\r\n      \"id\": \"/subscriptions/00000000-0000-0000-0000-000000000000/resourceGroups/clitest.rg000001/providers/Microsoft.Network/virtualHubs/clitestvhub\"\r\n
        \   },\r\n    \"bgpSettings\": {\r\n      \"asn\": 65515,\r\n      \"peerWeight\":
        0,\r\n      \"bgpPeeringAddresses\": [\r\n        {\r\n          \"ipconfigurationId\":
        \"Instance0\",\r\n          \"defaultBgpIpAddresses\": [\r\n            \"10.5.0.13\"\r\n
        \         ],\r\n          \"customBgpIpAddresses\": [],\r\n          \"tunnelIpAddresses\":
        [\r\n            \"20.184.250.83\",\r\n            \"10.5.0.4\"\r\n          ]\r\n
        \       },\r\n        {\r\n          \"ipconfigurationId\": \"Instance1\",\r\n
        \         \"defaultBgpIpAddresses\": [\r\n            \"10.5.0.12\"\r\n          ],\r\n
        \         \"customBgpIpAddresses\": [],\r\n          \"tunnelIpAddresses\":
        [\r\n            \"20.184.249.5\",\r\n            \"10.5.0.5\"\r\n          ]\r\n
        \       }\r\n      ]\r\n    },\r\n    \"vpnGatewayScaleUnit\": 1,\r\n    \"packetCaptureDiagnosticState\":
        \"None\",\r\n    \"ipConfigurations\": [\r\n      {\r\n        \"id\": \"Instance0\",\r\n
        \       \"publicIpAddress\": \"20.184.250.83\",\r\n        \"privateIpAddress\":
        \"10.5.0.4\"\r\n      },\r\n      {\r\n        \"id\": \"Instance1\",\r\n
        \       \"publicIpAddress\": \"20.184.249.5\",\r\n        \"privateIpAddress\":
        \"10.5.0.5\"\r\n      }\r\n    ],\r\n    \"natRules\": [],\r\n    \"enableBgpRouteTranslationForNat\":
        false,\r\n    \"isRoutingPreferenceInternet\": false\r\n  }\r\n}"
    headers:
      cache-control:
      - no-cache
      content-length:
      - '1854'
      content-type:
      - application/json; charset=utf-8
      date:
      - Mon, 30 Nov 2020 18:05:04 GMT
      expires:
      - '-1'
      pragma:
      - no-cache
      server:
      - Microsoft-HTTPAPI/2.0
      - Microsoft-HTTPAPI/2.0
      strict-transport-security:
      - max-age=31536000; includeSubDomains
      transfer-encoding:
      - chunked
      vary:
      - Accept-Encoding
      x-content-type-options:
      - nosniff
      x-ms-arm-service-request-id:
      - 3a372881-2c02-404d-86e2-65201697cfc2
    status:
      code: 200
      message: OK
- request:
    body: null
    headers:
      Accept:
      - application/json
      Accept-Encoding:
      - gzip, deflate
      CommandName:
      - network security-partner-provider create
      Connection:
      - keep-alive
      ParameterSetName:
      - -n -g --vhub --provider
      User-Agent:
      - python/3.7.8 (Windows-10-10.0.19041-SP0) msrest/0.6.18 msrest_azure/0.6.3
        azure-mgmt-resource/10.2.0 Azure-SDK-For-Python AZURECLI/2.15.1
      accept-language:
      - en-US
    method: GET
    uri: https://management.azure.com/subscriptions/00000000-0000-0000-0000-000000000000/resourcegroups/clitest.rg000001?api-version=2020-06-01
  response:
    body:
      string: '{"id":"/subscriptions/00000000-0000-0000-0000-000000000000/resourceGroups/clitest.rg000001","name":"clitest.rg000001","type":"Microsoft.Resources/resourceGroups","location":"westus","tags":{"product":"azurecli","cause":"automation","date":"2020-11-30T17:36:04Z"},"properties":{"provisioningState":"Succeeded"}}'
    headers:
      cache-control:
      - no-cache
      content-length:
      - '428'
      content-type:
      - application/json; charset=utf-8
      date:
      - Mon, 30 Nov 2020 18:05:06 GMT
      expires:
      - '-1'
      pragma:
      - no-cache
      strict-transport-security:
      - max-age=31536000; includeSubDomains
      vary:
      - Accept-Encoding
      x-content-type-options:
      - nosniff
    status:
      code: 200
      message: OK
- request:
    body: '{"location": "westus", "properties": {"securityProviderName": "Checkpoint",
      "virtualHub": {"id": "/subscriptions/00000000-0000-0000-0000-000000000000/resourceGroups/clitest.rg000001/providers/Microsoft.Network/virtualHubs/clitestvhub"}}}'
    headers:
      Accept:
      - application/json
      Accept-Encoding:
      - gzip, deflate
      CommandName:
      - network security-partner-provider create
      Connection:
      - keep-alive
      Content-Length:
      - '296'
      Content-Type:
      - application/json; charset=utf-8
      ParameterSetName:
      - -n -g --vhub --provider
      User-Agent:
      - python/3.7.8 (Windows-10-10.0.19041-SP0) msrest/0.6.18 msrest_azure/0.6.3
        azure-mgmt-network/13.0.0 Azure-SDK-For-Python AZURECLI/2.15.1
      accept-language:
      - en-US
    method: PUT
    uri: https://management.azure.com/subscriptions/00000000-0000-0000-0000-000000000000/resourceGroups/clitest.rg000001/providers/Microsoft.Network/securityPartnerProviders/clisecuritypartnerprovider?api-version=2020-07-01
  response:
    body:
      string: "{\r\n  \"name\": \"clisecuritypartnerprovider\",\r\n  \"id\": \"/subscriptions/00000000-0000-0000-0000-000000000000/resourceGroups/clitest.rg000001/providers/Microsoft.Network/securityPartnerProviders/clisecuritypartnerprovider\",\r\n
        \ \"etag\": \"W/\\\"5f597c4e-6934-4cf2-9bd9-97cb6bfc2f02\\\"\",\r\n  \"type\":
        \"Microsoft.Network/securityPartnerProviders\",\r\n  \"location\": \"westus\",\r\n
        \ \"properties\": {\r\n    \"provisioningState\": \"Updating\",\r\n    \"securityProviderName\":
        \"Checkpoint\",\r\n    \"virtualHub\": {\r\n      \"id\": \"/subscriptions/00000000-0000-0000-0000-000000000000/resourceGroups/clitest.rg000001/providers/Microsoft.Network/virtualHubs/clitestvhub\"\r\n
        \   }\r\n  }\r\n}"
    headers:
      azure-asyncnotification:
      - Enabled
      azure-asyncoperation:
      - https://management.azure.com/subscriptions/00000000-0000-0000-0000-000000000000/providers/Microsoft.Network/locations/westus/operations/4f821cf2-7f0b-41cb-bf5a-c39634469549?api-version=2020-07-01
      cache-control:
      - no-cache
      content-length:
      - '762'
      content-type:
      - application/json; charset=utf-8
      date:
      - Mon, 30 Nov 2020 18:05:14 GMT
      expires:
      - '-1'
      pragma:
      - no-cache
      server:
      - Microsoft-HTTPAPI/2.0
      - Microsoft-HTTPAPI/2.0
      strict-transport-security:
      - max-age=31536000; includeSubDomains
      x-content-type-options:
      - nosniff
      x-ms-arm-service-request-id:
      - 21ab1aef-6df8-4896-8336-96b219722ab4
      x-ms-ratelimit-remaining-subscription-writes:
      - '1187'
    status:
      code: 201
      message: Created
- request:
    body: null
    headers:
      Accept:
      - application/json
      Accept-Encoding:
      - gzip, deflate
      CommandName:
      - network security-partner-provider create
      Connection:
      - keep-alive
      ParameterSetName:
      - -n -g --vhub --provider
      User-Agent:
      - python/3.7.8 (Windows-10-10.0.19041-SP0) msrest/0.6.18 msrest_azure/0.6.3
        azure-mgmt-network/13.0.0 Azure-SDK-For-Python AZURECLI/2.15.1
    method: GET
    uri: https://management.azure.com/subscriptions/00000000-0000-0000-0000-000000000000/providers/Microsoft.Network/locations/westus/operations/4f821cf2-7f0b-41cb-bf5a-c39634469549?api-version=2020-07-01
  response:
    body:
      string: "{\r\n  \"status\": \"Succeeded\"\r\n}"
    headers:
      cache-control:
      - no-cache
      content-length:
      - '29'
      content-type:
      - application/json; charset=utf-8
      date:
      - Mon, 30 Nov 2020 18:05:26 GMT
      expires:
      - '-1'
      pragma:
      - no-cache
      server:
      - Microsoft-HTTPAPI/2.0
      - Microsoft-HTTPAPI/2.0
      strict-transport-security:
      - max-age=31536000; includeSubDomains
      transfer-encoding:
      - chunked
      vary:
      - Accept-Encoding
      x-content-type-options:
      - nosniff
      x-ms-arm-service-request-id:
      - 47b17c99-12f5-4dbc-bd86-591a4bb6f42f
    status:
      code: 200
      message: OK
- request:
    body: null
    headers:
      Accept:
      - application/json
      Accept-Encoding:
      - gzip, deflate
      CommandName:
      - network security-partner-provider create
      Connection:
      - keep-alive
      ParameterSetName:
      - -n -g --vhub --provider
      User-Agent:
      - python/3.7.8 (Windows-10-10.0.19041-SP0) msrest/0.6.18 msrest_azure/0.6.3
        azure-mgmt-network/13.0.0 Azure-SDK-For-Python AZURECLI/2.15.1
    method: GET
    uri: https://management.azure.com/subscriptions/00000000-0000-0000-0000-000000000000/resourceGroups/clitest.rg000001/providers/Microsoft.Network/securityPartnerProviders/clisecuritypartnerprovider?api-version=2020-07-01
  response:
    body:
      string: "{\r\n  \"name\": \"clisecuritypartnerprovider\",\r\n  \"id\": \"/subscriptions/00000000-0000-0000-0000-000000000000/resourceGroups/clitest.rg000001/providers/Microsoft.Network/securityPartnerProviders/clisecuritypartnerprovider\",\r\n
        \ \"etag\": \"W/\\\"9cd1287c-14b0-4ff5-86ee-753e0cb80d88\\\"\",\r\n  \"type\":
        \"Microsoft.Network/securityPartnerProviders\",\r\n  \"location\": \"westus\",\r\n
        \ \"properties\": {\r\n    \"provisioningState\": \"Succeeded\",\r\n    \"securityProviderName\":
        \"Checkpoint\",\r\n    \"virtualHub\": {\r\n      \"id\": \"/subscriptions/00000000-0000-0000-0000-000000000000/resourceGroups/clitest.rg000001/providers/Microsoft.Network/virtualHubs/clitestvhub\"\r\n
        \   }\r\n  }\r\n}"
    headers:
      cache-control:
      - no-cache
      content-length:
      - '763'
      content-type:
      - application/json; charset=utf-8
      date:
      - Mon, 30 Nov 2020 18:05:26 GMT
      expires:
      - '-1'
      pragma:
      - no-cache
      server:
      - Microsoft-HTTPAPI/2.0
      - Microsoft-HTTPAPI/2.0
      strict-transport-security:
      - max-age=31536000; includeSubDomains
      transfer-encoding:
      - chunked
      vary:
      - Accept-Encoding
      x-content-type-options:
      - nosniff
      x-ms-arm-service-request-id:
      - 5a24d940-e95b-4014-a659-44fa3dda6422
    status:
      code: 200
      message: OK
- request:
    body: null
    headers:
      Accept:
      - application/json
      Accept-Encoding:
      - gzip, deflate
      CommandName:
      - network security-partner-provider show
      Connection:
      - keep-alive
      ParameterSetName:
      - -n -g
      User-Agent:
      - python/3.7.8 (Windows-10-10.0.19041-SP0) msrest/0.6.18 msrest_azure/0.6.3
        azure-mgmt-network/13.0.0 Azure-SDK-For-Python AZURECLI/2.15.1
      accept-language:
      - en-US
    method: GET
    uri: https://management.azure.com/subscriptions/00000000-0000-0000-0000-000000000000/resourceGroups/clitest.rg000001/providers/Microsoft.Network/securityPartnerProviders/clisecuritypartnerprovider?api-version=2020-07-01
  response:
    body:
      string: "{\r\n  \"name\": \"clisecuritypartnerprovider\",\r\n  \"id\": \"/subscriptions/00000000-0000-0000-0000-000000000000/resourceGroups/clitest.rg000001/providers/Microsoft.Network/securityPartnerProviders/clisecuritypartnerprovider\",\r\n
        \ \"etag\": \"W/\\\"6e794407-a35b-4c91-8cd9-9b7716b51b89\\\"\",\r\n  \"type\":
        \"Microsoft.Network/securityPartnerProviders\",\r\n  \"location\": \"westus\",\r\n
        \ \"properties\": {\r\n    \"provisioningState\": \"Succeeded\",\r\n    \"securityProviderName\":
        \"Checkpoint\",\r\n    \"virtualHub\": {\r\n      \"id\": \"/subscriptions/00000000-0000-0000-0000-000000000000/resourceGroups/clitest.rg000001/providers/Microsoft.Network/virtualHubs/clitestvhub\"\r\n
        \   }\r\n  }\r\n}"
    headers:
      cache-control:
      - no-cache
      content-length:
      - '763'
      content-type:
      - application/json; charset=utf-8
      date:
      - Mon, 30 Nov 2020 18:05:29 GMT
      expires:
      - '-1'
      pragma:
      - no-cache
      server:
      - Microsoft-HTTPAPI/2.0
      - Microsoft-HTTPAPI/2.0
      strict-transport-security:
      - max-age=31536000; includeSubDomains
      transfer-encoding:
      - chunked
      vary:
      - Accept-Encoding
      x-content-type-options:
      - nosniff
      x-ms-arm-service-request-id:
      - edde2df2-46c8-4300-91e1-3abde2fe72fe
    status:
      code: 200
      message: OK
- request:
    body: null
    headers:
      Accept:
      - application/json
      Accept-Encoding:
      - gzip, deflate
      CommandName:
      - network security-partner-provider update
      Connection:
      - keep-alive
      ParameterSetName:
      - -n -g --tag
      User-Agent:
      - python/3.7.8 (Windows-10-10.0.19041-SP0) msrest/0.6.18 msrest_azure/0.6.3
        azure-mgmt-network/13.0.0 Azure-SDK-For-Python AZURECLI/2.15.1
      accept-language:
      - en-US
    method: GET
    uri: https://management.azure.com/subscriptions/00000000-0000-0000-0000-000000000000/resourceGroups/clitest.rg000001/providers/Microsoft.Network/securityPartnerProviders/clisecuritypartnerprovider?api-version=2020-07-01
  response:
    body:
      string: "{\r\n  \"name\": \"clisecuritypartnerprovider\",\r\n  \"id\": \"/subscriptions/00000000-0000-0000-0000-000000000000/resourceGroups/clitest.rg000001/providers/Microsoft.Network/securityPartnerProviders/clisecuritypartnerprovider\",\r\n
        \ \"etag\": \"W/\\\"b6bf49e5-4d67-4412-810b-1f3dcaf26389\\\"\",\r\n  \"type\":
        \"Microsoft.Network/securityPartnerProviders\",\r\n  \"location\": \"westus\",\r\n
        \ \"properties\": {\r\n    \"provisioningState\": \"Succeeded\",\r\n    \"securityProviderName\":
        \"Checkpoint\",\r\n    \"virtualHub\": {\r\n      \"id\": \"/subscriptions/00000000-0000-0000-0000-000000000000/resourceGroups/clitest.rg000001/providers/Microsoft.Network/virtualHubs/clitestvhub\"\r\n
        \   }\r\n  }\r\n}"
    headers:
      cache-control:
      - no-cache
      content-length:
      - '763'
      content-type:
      - application/json; charset=utf-8
      date:
      - Mon, 30 Nov 2020 18:05:32 GMT
      expires:
      - '-1'
      pragma:
      - no-cache
      server:
      - Microsoft-HTTPAPI/2.0
      - Microsoft-HTTPAPI/2.0
      strict-transport-security:
      - max-age=31536000; includeSubDomains
      transfer-encoding:
      - chunked
      vary:
      - Accept-Encoding
      x-content-type-options:
      - nosniff
      x-ms-arm-service-request-id:
      - 37f34632-37b8-485f-89d9-82dd3ff1c758
    status:
      code: 200
      message: OK
- request:
    body: '{"id": "/subscriptions/00000000-0000-0000-0000-000000000000/resourceGroups/clitest.rg000001/providers/Microsoft.Network/securityPartnerProviders/clisecuritypartnerprovider",
      "location": "westus", "tags": {"a": "b"}, "properties": {"securityProviderName":
      "Checkpoint", "virtualHub": {"id": "/subscriptions/00000000-0000-0000-0000-000000000000/resourceGroups/clitest.rg000001/providers/Microsoft.Network/virtualHubs/clitestvhub"}}}'
    headers:
      Accept:
      - application/json
      Accept-Encoding:
      - gzip, deflate
      CommandName:
      - network security-partner-provider update
      Connection:
      - keep-alive
      Content-Length:
      - '548'
      Content-Type:
      - application/json; charset=utf-8
      ParameterSetName:
      - -n -g --tag
      User-Agent:
      - python/3.7.8 (Windows-10-10.0.19041-SP0) msrest/0.6.18 msrest_azure/0.6.3
        azure-mgmt-network/13.0.0 Azure-SDK-For-Python AZURECLI/2.15.1
      accept-language:
      - en-US
    method: PUT
    uri: https://management.azure.com/subscriptions/00000000-0000-0000-0000-000000000000/resourceGroups/clitest.rg000001/providers/Microsoft.Network/securityPartnerProviders/clisecuritypartnerprovider?api-version=2020-07-01
  response:
    body:
      string: "{\r\n  \"name\": \"clisecuritypartnerprovider\",\r\n  \"id\": \"/subscriptions/00000000-0000-0000-0000-000000000000/resourceGroups/clitest.rg000001/providers/Microsoft.Network/securityPartnerProviders/clisecuritypartnerprovider\",\r\n
        \ \"etag\": \"W/\\\"5bf8f948-df72-4d4f-be59-fe5b1145db96\\\"\",\r\n  \"type\":
        \"Microsoft.Network/securityPartnerProviders\",\r\n  \"location\": \"westus\",\r\n
        \ \"tags\": {\r\n    \"a\": \"b\"\r\n  },\r\n  \"properties\": {\r\n    \"provisioningState\":
        \"Updating\",\r\n    \"securityProviderName\": \"Checkpoint\",\r\n    \"virtualHub\":
        {\r\n      \"id\": \"/subscriptions/00000000-0000-0000-0000-000000000000/resourceGroups/clitest.rg000001/providers/Microsoft.Network/virtualHubs/clitestvhub\"\r\n
        \   }\r\n  }\r\n}"
    headers:
      azure-asyncnotification:
      - Enabled
      azure-asyncoperation:
      - https://management.azure.com/subscriptions/00000000-0000-0000-0000-000000000000/providers/Microsoft.Network/locations/westus/operations/6f670658-fe36-40ac-9743-2719ca1f7b15?api-version=2020-07-01
      cache-control:
      - no-cache
      content-length:
      - '795'
      content-type:
      - application/json; charset=utf-8
      date:
      - Mon, 30 Nov 2020 18:05:37 GMT
      expires:
      - '-1'
      pragma:
      - no-cache
      server:
      - Microsoft-HTTPAPI/2.0
      - Microsoft-HTTPAPI/2.0
      strict-transport-security:
      - max-age=31536000; includeSubDomains
      transfer-encoding:
      - chunked
      vary:
      - Accept-Encoding
      x-content-type-options:
      - nosniff
      x-ms-arm-service-request-id:
      - c0527d58-138a-438d-8b3f-111300345212
      x-ms-ratelimit-remaining-subscription-writes:
      - '1189'
    status:
      code: 200
      message: OK
- request:
    body: null
    headers:
      Accept:
      - application/json
      Accept-Encoding:
      - gzip, deflate
      CommandName:
      - network security-partner-provider update
      Connection:
      - keep-alive
      ParameterSetName:
      - -n -g --tag
      User-Agent:
      - python/3.7.8 (Windows-10-10.0.19041-SP0) msrest/0.6.18 msrest_azure/0.6.3
        azure-mgmt-network/13.0.0 Azure-SDK-For-Python AZURECLI/2.15.1
    method: GET
    uri: https://management.azure.com/subscriptions/00000000-0000-0000-0000-000000000000/providers/Microsoft.Network/locations/westus/operations/6f670658-fe36-40ac-9743-2719ca1f7b15?api-version=2020-07-01
  response:
    body:
      string: "{\r\n  \"status\": \"Succeeded\"\r\n}"
    headers:
      cache-control:
      - no-cache
      content-length:
      - '29'
      content-type:
      - application/json; charset=utf-8
      date:
      - Mon, 30 Nov 2020 18:05:49 GMT
      expires:
      - '-1'
      pragma:
      - no-cache
      server:
      - Microsoft-HTTPAPI/2.0
      - Microsoft-HTTPAPI/2.0
      strict-transport-security:
      - max-age=31536000; includeSubDomains
      transfer-encoding:
      - chunked
      vary:
      - Accept-Encoding
      x-content-type-options:
      - nosniff
      x-ms-arm-service-request-id:
      - 0b44aaaf-b209-4dd1-99e2-50473497cb59
    status:
      code: 200
      message: OK
- request:
    body: null
    headers:
      Accept:
      - application/json
      Accept-Encoding:
      - gzip, deflate
      CommandName:
      - network security-partner-provider update
      Connection:
      - keep-alive
      ParameterSetName:
      - -n -g --tag
      User-Agent:
      - python/3.7.8 (Windows-10-10.0.19041-SP0) msrest/0.6.18 msrest_azure/0.6.3
        azure-mgmt-network/13.0.0 Azure-SDK-For-Python AZURECLI/2.15.1
    method: GET
    uri: https://management.azure.com/subscriptions/00000000-0000-0000-0000-000000000000/resourceGroups/clitest.rg000001/providers/Microsoft.Network/securityPartnerProviders/clisecuritypartnerprovider?api-version=2020-07-01
  response:
    body:
      string: "{\r\n  \"name\": \"clisecuritypartnerprovider\",\r\n  \"id\": \"/subscriptions/00000000-0000-0000-0000-000000000000/resourceGroups/clitest.rg000001/providers/Microsoft.Network/securityPartnerProviders/clisecuritypartnerprovider\",\r\n
        \ \"etag\": \"W/\\\"2a0b107a-6032-4931-ac56-52fc05b9c632\\\"\",\r\n  \"type\":
        \"Microsoft.Network/securityPartnerProviders\",\r\n  \"location\": \"westus\",\r\n
        \ \"tags\": {\r\n    \"a\": \"b\"\r\n  },\r\n  \"properties\": {\r\n    \"provisioningState\":
        \"Succeeded\",\r\n    \"securityProviderName\": \"Checkpoint\",\r\n    \"virtualHub\":
        {\r\n      \"id\": \"/subscriptions/00000000-0000-0000-0000-000000000000/resourceGroups/clitest.rg000001/providers/Microsoft.Network/virtualHubs/clitestvhub\"\r\n
        \   }\r\n  }\r\n}"
    headers:
      cache-control:
      - no-cache
      content-length:
      - '796'
      content-type:
      - application/json; charset=utf-8
      date:
      - Mon, 30 Nov 2020 18:05:49 GMT
      expires:
      - '-1'
      pragma:
      - no-cache
      server:
      - Microsoft-HTTPAPI/2.0
      - Microsoft-HTTPAPI/2.0
      strict-transport-security:
      - max-age=31536000; includeSubDomains
      transfer-encoding:
      - chunked
      vary:
      - Accept-Encoding
      x-content-type-options:
      - nosniff
      x-ms-arm-service-request-id:
      - 487ca212-c8ed-4a25-85f9-77f7a0e5c9e3
    status:
      code: 200
      message: OK
- request:
    body: null
    headers:
      Accept:
      - application/json
      Accept-Encoding:
      - gzip, deflate
      CommandName:
      - network security-partner-provider list
      Connection:
      - keep-alive
      ParameterSetName:
      - -g
      User-Agent:
      - python/3.7.8 (Windows-10-10.0.19041-SP0) msrest/0.6.18 msrest_azure/0.6.3
        azure-mgmt-network/13.0.0 Azure-SDK-For-Python AZURECLI/2.15.1
      accept-language:
      - en-US
    method: GET
    uri: https://management.azure.com/subscriptions/00000000-0000-0000-0000-000000000000/resourceGroups/clitest.rg000001/providers/Microsoft.Network/securityPartnerProviders?api-version=2020-07-01
  response:
    body:
      string: "{\r\n  \"value\": [\r\n    {\r\n      \"name\": \"clisecuritypartnerprovider\",\r\n
        \     \"id\": \"/subscriptions/00000000-0000-0000-0000-000000000000/resourceGroups/clitest.rg000001/providers/Microsoft.Network/securityPartnerProviders/clisecuritypartnerprovider\",\r\n
        \     \"etag\": \"W/\\\"17438c2d-c8e2-42ca-8b96-a78b6304c186\\\"\",\r\n      \"type\":
        \"Microsoft.Network/securityPartnerProviders\",\r\n      \"location\": \"westus\",\r\n
        \     \"tags\": {\r\n        \"a\": \"b\"\r\n      },\r\n      \"properties\":
        {\r\n        \"provisioningState\": \"Succeeded\",\r\n        \"securityProviderName\":
        \"Checkpoint\",\r\n        \"virtualHub\": {\r\n          \"id\": \"/subscriptions/00000000-0000-0000-0000-000000000000/resourceGroups/clitest.rg000001/providers/Microsoft.Network/virtualHubs/clitestvhub\"\r\n
        \       }\r\n      }\r\n    }\r\n  ]\r\n}"
    headers:
      cache-control:
      - no-cache
      content-length:
      - '889'
      content-type:
      - application/json; charset=utf-8
      date:
      - Mon, 30 Nov 2020 18:05:52 GMT
      expires:
      - '-1'
      pragma:
      - no-cache
      server:
      - Microsoft-HTTPAPI/2.0
      - Microsoft-HTTPAPI/2.0
      strict-transport-security:
      - max-age=31536000; includeSubDomains
      transfer-encoding:
      - chunked
      vary:
      - Accept-Encoding
      x-content-type-options:
      - nosniff
      x-ms-arm-service-request-id:
      - 94d0cfd3-7d29-476d-91af-a4ffbb8aedfe
    status:
      code: 200
      message: OK
- request:
    body: null
    headers:
      Accept:
      - application/json
      Accept-Encoding:
      - gzip, deflate
      CommandName:
      - network security-partner-provider list
      Connection:
      - keep-alive
      User-Agent:
      - python/3.7.8 (Windows-10-10.0.19041-SP0) msrest/0.6.18 msrest_azure/0.6.3
        azure-mgmt-network/13.0.0 Azure-SDK-For-Python AZURECLI/2.15.1
      accept-language:
      - en-US
    method: GET
    uri: https://management.azure.com/subscriptions/00000000-0000-0000-0000-000000000000/providers/Microsoft.Network/securityPartnerProviders?api-version=2020-07-01
  response:
    body:
      string: "{\r\n  \"value\": [\r\n    {\r\n      \"name\": \"clisecuritypartnerprovider\",\r\n
        \     \"id\": \"/subscriptions/00000000-0000-0000-0000-000000000000/resourceGroups/clitest.rg000001/providers/Microsoft.Network/securityPartnerProviders/clisecuritypartnerprovider\",\r\n
        \     \"etag\": \"W/\\\"955bff41-63b0-451d-a75d-cc96ac59632b\\\"\",\r\n      \"type\":
        \"Microsoft.Network/securityPartnerProviders\",\r\n      \"location\": \"westus\",\r\n
        \     \"tags\": {\r\n        \"a\": \"b\"\r\n      },\r\n      \"properties\":
        {\r\n        \"provisioningState\": \"Succeeded\",\r\n        \"securityProviderName\":
        \"Checkpoint\",\r\n        \"virtualHub\": {\r\n          \"id\": \"/subscriptions/00000000-0000-0000-0000-000000000000/resourceGroups/clitest.rg000001/providers/Microsoft.Network/virtualHubs/clitestvhub\"\r\n
        \       }\r\n      }\r\n    }\r\n  ]\r\n}"
    headers:
      cache-control:
      - no-cache
      content-length:
      - '889'
      content-type:
      - application/json; charset=utf-8
      date:
      - Mon, 30 Nov 2020 18:05:55 GMT
      expires:
      - '-1'
      pragma:
      - no-cache
      server:
      - Microsoft-HTTPAPI/2.0
      - Microsoft-HTTPAPI/2.0
      strict-transport-security:
      - max-age=31536000; includeSubDomains
      transfer-encoding:
      - chunked
      vary:
      - Accept-Encoding
      x-content-type-options:
      - nosniff
      x-ms-arm-service-request-id:
      - 2d9be76d-bea7-45cf-8c99-dc8130540eba
    status:
      code: 200
      message: OK
- request:
    body: null
    headers:
      Accept:
      - application/json
      Accept-Encoding:
      - gzip, deflate
      CommandName:
      - network security-partner-provider delete
      Connection:
      - keep-alive
      Content-Length:
      - '0'
      ParameterSetName:
      - -n -g
      User-Agent:
      - python/3.7.8 (Windows-10-10.0.19041-SP0) msrest/0.6.18 msrest_azure/0.6.3
        azure-mgmt-network/13.0.0 Azure-SDK-For-Python AZURECLI/2.15.1
      accept-language:
      - en-US
    method: DELETE
    uri: https://management.azure.com/subscriptions/00000000-0000-0000-0000-000000000000/resourceGroups/clitest.rg000001/providers/Microsoft.Network/securityPartnerProviders/clisecuritypartnerprovider?api-version=2020-07-01
  response:
    body:
      string: ''
    headers:
      azure-asyncnotification:
      - Enabled
      azure-asyncoperation:
      - https://management.azure.com/subscriptions/00000000-0000-0000-0000-000000000000/providers/Microsoft.Network/locations/westus/operations/8fe96caa-0f36-42ed-95eb-33368e29e825?api-version=2020-07-01
      cache-control:
      - no-cache
      content-length:
      - '0'
      date:
      - Mon, 30 Nov 2020 18:05:57 GMT
      expires:
      - '-1'
      location:
      - https://management.azure.com/subscriptions/00000000-0000-0000-0000-000000000000/providers/Microsoft.Network/locations/westus/operationResults/8fe96caa-0f36-42ed-95eb-33368e29e825?api-version=2020-07-01
      pragma:
      - no-cache
      server:
      - Microsoft-HTTPAPI/2.0
      - Microsoft-HTTPAPI/2.0
      strict-transport-security:
      - max-age=31536000; includeSubDomains
      x-content-type-options:
      - nosniff
      x-ms-arm-service-request-id:
      - 72d3547c-1317-4338-b101-6964182bfa2d
      x-ms-ratelimit-remaining-subscription-deletes:
      - '14995'
    status:
      code: 202
      message: Accepted
- request:
    body: null
    headers:
      Accept:
      - application/json
      Accept-Encoding:
      - gzip, deflate
      CommandName:
      - network security-partner-provider delete
      Connection:
      - keep-alive
      ParameterSetName:
      - -n -g
      User-Agent:
      - python/3.7.8 (Windows-10-10.0.19041-SP0) msrest/0.6.18 msrest_azure/0.6.3
        azure-mgmt-network/13.0.0 Azure-SDK-For-Python AZURECLI/2.15.1
    method: GET
    uri: https://management.azure.com/subscriptions/00000000-0000-0000-0000-000000000000/providers/Microsoft.Network/locations/westus/operations/8fe96caa-0f36-42ed-95eb-33368e29e825?api-version=2020-07-01
  response:
    body:
      string: "{\r\n  \"status\": \"Succeeded\"\r\n}"
    headers:
      cache-control:
      - no-cache
      content-length:
      - '29'
      content-type:
      - application/json; charset=utf-8
      date:
      - Mon, 30 Nov 2020 18:06:09 GMT
      expires:
      - '-1'
      pragma:
      - no-cache
      server:
      - Microsoft-HTTPAPI/2.0
      - Microsoft-HTTPAPI/2.0
      strict-transport-security:
      - max-age=31536000; includeSubDomains
      transfer-encoding:
      - chunked
      vary:
      - Accept-Encoding
      x-content-type-options:
      - nosniff
      x-ms-arm-service-request-id:
      - e45520b8-76fb-4426-9b33-07f13f624852
    status:
      code: 200
      message: OK
version: 1
