interactions:
- request:
    body: '{"location": "eastus2euap", "tags": {}, "extendedLocation": {"name": "microsoftrrdclab3",
      "type": "EdgeZone"}, "properties": {"addressSpace": {"addressPrefixes": ["10.30.0.0/16"]},
      "dhcpOptions": {}}}'
    headers:
      Accept:
      - application/json
      Accept-Encoding:
      - gzip, deflate
      CommandName:
      - network vnet create
      Connection:
      - keep-alive
      Content-Length:
      - '200'
      Content-Type:
      - application/json
      ParameterSetName:
      - -g -n --location --address-prefix --edge-zone
      User-Agent:
      - AZURECLI/2.41.0 azsdk-python-azure-mgmt-network/21.0.1 Python/3.10.8 (Windows-10-10.0.22621-SP0)
    method: PUT
    uri: https://management.azure.com/subscriptions/00000000-0000-0000-0000-000000000000/resourceGroups/test_network_vnet_gateway_local_gateway000001/providers/Microsoft.Network/virtualNetworks/vnet?api-version=2022-01-01
  response:
    body:
      string: "{\r\n  \"name\": \"vnet\",\r\n  \"id\": \"/subscriptions/00000000-0000-0000-0000-000000000000/resourceGroups/test_network_vnet_gateway_local_gateway000001/providers/Microsoft.Network/virtualNetworks/vnet\"\
        ,\r\n  \"etag\": \"W/\\\"6c5ca74e-b3a5-4cde-a89c-df4985c3f180\\\"\",\r\n \
        \ \"type\": \"Microsoft.Network/virtualNetworks\",\r\n  \"location\": \"eastus2euap\"\
        ,\r\n  \"tags\": {},\r\n  \"extendedLocation\": {\r\n    \"type\": \"EdgeZone\"\
        ,\r\n    \"name\": \"microsoftrrdclab3\"\r\n  },\r\n  \"properties\": {\r\n\
        \    \"provisioningState\": \"Updating\",\r\n    \"resourceGuid\": \"5d3595f6-56f7-4d96-ad32-a6e718e4c893\"\
        ,\r\n    \"addressSpace\": {\r\n      \"addressPrefixes\": [\r\n        \"\
        10.30.0.0/16\"\r\n      ]\r\n    },\r\n    \"dhcpOptions\": {\r\n      \"\
        dnsServers\": []\r\n    },\r\n    \"subnets\": [],\r\n    \"virtualNetworkPeerings\"\
        : [],\r\n    \"enableDdosProtection\": false\r\n  }\r\n}"
    headers:
      azure-asyncnotification:
      - Enabled
      azure-asyncoperation:
      - https://management.azure.com/subscriptions/00000000-0000-0000-0000-000000000000/providers/Microsoft.Network/locations/eastus2euap/operations/bdd93de2-4947-4cd0-a2e5-aad8c984e20a?api-version=2022-01-01
      cache-control:
      - no-cache
      content-length:
      - '795'
      content-type:
      - application/json; charset=utf-8
      date:
      - Wed, 07 Dec 2022 00:00:05 GMT
      expires:
      - '-1'
      pragma:
      - no-cache
      server:
      - Microsoft-HTTPAPI/2.0
      - Microsoft-HTTPAPI/2.0
      strict-transport-security:
      - max-age=31536000; includeSubDomains
      x-content-type-options:
      - nosniff
      x-ms-arm-service-request-id:
      - 741f2ed4-3d10-44cc-8516-c485e8b62c0c
      x-ms-ratelimit-remaining-subscription-writes:
      - '1199'
    status:
      code: 201
      message: ''
- request:
    body: null
    headers:
      Accept:
      - '*/*'
      Accept-Encoding:
      - gzip, deflate
      CommandName:
      - network vnet create
      Connection:
      - keep-alive
      ParameterSetName:
      - -g -n --location --address-prefix --edge-zone
      User-Agent:
      - AZURECLI/2.41.0 azsdk-python-azure-mgmt-network/21.0.1 Python/3.10.8 (Windows-10-10.0.22621-SP0)
    method: GET
    uri: https://management.azure.com/subscriptions/00000000-0000-0000-0000-000000000000/providers/Microsoft.Network/locations/eastus2euap/operations/bdd93de2-4947-4cd0-a2e5-aad8c984e20a?api-version=2022-01-01
  response:
    body:
      string: "{\r\n  \"status\": \"Succeeded\"\r\n}"
    headers:
      cache-control:
      - no-cache
      content-length:
      - '29'
      content-type:
      - application/json; charset=utf-8
      date:
      - Wed, 07 Dec 2022 00:00:08 GMT
      expires:
      - '-1'
      pragma:
      - no-cache
      server:
      - Microsoft-HTTPAPI/2.0
      - Microsoft-HTTPAPI/2.0
      strict-transport-security:
      - max-age=31536000; includeSubDomains
      transfer-encoding:
      - chunked
      vary:
      - Accept-Encoding
      x-content-type-options:
      - nosniff
      x-ms-arm-service-request-id:
      - 4ee6fd14-8754-46d5-ac8f-82edba0de84d
    status:
      code: 200
      message: ''
- request:
    body: null
    headers:
      Accept:
      - '*/*'
      Accept-Encoding:
      - gzip, deflate
      CommandName:
      - network vnet create
      Connection:
      - keep-alive
      ParameterSetName:
      - -g -n --location --address-prefix --edge-zone
      User-Agent:
      - AZURECLI/2.41.0 azsdk-python-azure-mgmt-network/21.0.1 Python/3.10.8 (Windows-10-10.0.22621-SP0)
    method: GET
    uri: https://management.azure.com/subscriptions/00000000-0000-0000-0000-000000000000/resourceGroups/test_network_vnet_gateway_local_gateway000001/providers/Microsoft.Network/virtualNetworks/vnet?api-version=2022-01-01
  response:
    body:
      string: "{\r\n  \"name\": \"vnet\",\r\n  \"id\": \"/subscriptions/00000000-0000-0000-0000-000000000000/resourceGroups/test_network_vnet_gateway_local_gateway000001/providers/Microsoft.Network/virtualNetworks/vnet\"\
        ,\r\n  \"etag\": \"W/\\\"79727509-ebe1-4e3e-a772-fed30e137c87\\\"\",\r\n \
        \ \"type\": \"Microsoft.Network/virtualNetworks\",\r\n  \"location\": \"eastus2euap\"\
        ,\r\n  \"tags\": {},\r\n  \"extendedLocation\": {\r\n    \"type\": \"EdgeZone\"\
        ,\r\n    \"name\": \"microsoftrrdclab3\"\r\n  },\r\n  \"properties\": {\r\n\
        \    \"provisioningState\": \"Succeeded\",\r\n    \"resourceGuid\": \"5d3595f6-56f7-4d96-ad32-a6e718e4c893\"\
        ,\r\n    \"addressSpace\": {\r\n      \"addressPrefixes\": [\r\n        \"\
        10.30.0.0/16\"\r\n      ]\r\n    },\r\n    \"dhcpOptions\": {\r\n      \"\
        dnsServers\": []\r\n    },\r\n    \"subnets\": [],\r\n    \"virtualNetworkPeerings\"\
        : [],\r\n    \"enableDdosProtection\": false\r\n  }\r\n}"
    headers:
      cache-control:
      - no-cache
      content-length:
      - '796'
      content-type:
      - application/json; charset=utf-8
      date:
      - Wed, 07 Dec 2022 00:00:08 GMT
      etag:
      - W/"79727509-ebe1-4e3e-a772-fed30e137c87"
      expires:
      - '-1'
      pragma:
      - no-cache
      server:
      - Microsoft-HTTPAPI/2.0
      - Microsoft-HTTPAPI/2.0
      strict-transport-security:
      - max-age=31536000; includeSubDomains
      transfer-encoding:
      - chunked
      vary:
      - Accept-Encoding
      x-content-type-options:
      - nosniff
      x-ms-arm-service-request-id:
      - ce79ed5c-268c-447f-a702-5af0c316c897
    status:
      code: 200
      message: ''
- request:
    body: null
    headers:
      Accept:
      - application/json
      Accept-Encoding:
      - gzip, deflate
      CommandName:
      - network vnet show
      Connection:
      - keep-alive
      ParameterSetName:
      - -g -n
      User-Agent:
      - AZURECLI/2.41.0 (AAZ) azsdk-python-core/1.24.0 Python/3.10.8 (Windows-10-10.0.22621-SP0)
    method: GET
    uri: https://management.azure.com/subscriptions/00000000-0000-0000-0000-000000000000/resourceGroups/test_network_vnet_gateway_local_gateway000001/providers/Microsoft.Network/virtualNetworks/vnet?api-version=2022-01-01
  response:
    body:
      string: "{\r\n  \"name\": \"vnet\",\r\n  \"id\": \"/subscriptions/00000000-0000-0000-0000-000000000000/resourceGroups/test_network_vnet_gateway_local_gateway000001/providers/Microsoft.Network/virtualNetworks/vnet\"\
        ,\r\n  \"etag\": \"W/\\\"79727509-ebe1-4e3e-a772-fed30e137c87\\\"\",\r\n \
        \ \"type\": \"Microsoft.Network/virtualNetworks\",\r\n  \"location\": \"eastus2euap\"\
        ,\r\n  \"tags\": {},\r\n  \"extendedLocation\": {\r\n    \"type\": \"EdgeZone\"\
        ,\r\n    \"name\": \"microsoftrrdclab3\"\r\n  },\r\n  \"properties\": {\r\n\
        \    \"provisioningState\": \"Succeeded\",\r\n    \"resourceGuid\": \"5d3595f6-56f7-4d96-ad32-a6e718e4c893\"\
        ,\r\n    \"addressSpace\": {\r\n      \"addressPrefixes\": [\r\n        \"\
        10.30.0.0/16\"\r\n      ]\r\n    },\r\n    \"dhcpOptions\": {\r\n      \"\
        dnsServers\": []\r\n    },\r\n    \"subnets\": [],\r\n    \"virtualNetworkPeerings\"\
        : [],\r\n    \"enableDdosProtection\": false\r\n  }\r\n}"
    headers:
      cache-control:
      - no-cache
      content-length:
      - '796'
      content-type:
      - application/json; charset=utf-8
      date:
      - Wed, 07 Dec 2022 00:00:10 GMT
      etag:
      - W/"79727509-ebe1-4e3e-a772-fed30e137c87"
      expires:
      - '-1'
      pragma:
      - no-cache
      server:
      - Microsoft-HTTPAPI/2.0
      - Microsoft-HTTPAPI/2.0
      strict-transport-security:
      - max-age=31536000; includeSubDomains
      transfer-encoding:
      - chunked
      vary:
      - Accept-Encoding
      x-content-type-options:
      - nosniff
      x-ms-arm-service-request-id:
      - df81dc50-7ba5-4f7c-be96-acf8328060fa
    status:
      code: 200
      message: ''
- request:
    body: null
    headers:
      Accept:
      - application/json
      Accept-Encoding:
      - gzip, deflate
      CommandName:
      - network vnet-gateway create
      Connection:
      - keep-alive
      ParameterSetName:
      - -g -n --vnet --gateway-type --edge-zone --edge-zone-vnet-id
      User-Agent:
      - AZURECLI/2.41.0 azsdk-python-azure-mgmt-resource/21.1.0b1 Python/3.10.8 (Windows-10-10.0.22621-SP0)
    method: GET
    uri: https://management.azure.com/subscriptions/00000000-0000-0000-0000-000000000000/resourcegroups/test_network_vnet_gateway_local_gateway000001?api-version=2021-04-01
  response:
    body:
      string: '{"id":"/subscriptions/00000000-0000-0000-0000-000000000000/resourceGroups/test_network_vnet_gateway_local_gateway000001","name":"test_network_vnet_gateway_local_gateway000001","type":"Microsoft.Resources/resourceGroups","location":"eastus2euap","tags":{"product":"azurecli","cause":"automation","date":"2022-12-06T23:59:59Z","Created":"2022-12-07T00:00:00.6362322Z"},"properties":{"provisioningState":"Succeeded"}}'
    headers:
      cache-control:
      - no-cache
      content-length:
      - '414'
      content-type:
      - application/json; charset=utf-8
      date:
      - Wed, 07 Dec 2022 00:00:11 GMT
      expires:
      - '-1'
      pragma:
      - no-cache
      strict-transport-security:
      - max-age=31536000; includeSubDomains
      vary:
      - Accept-Encoding
      x-content-type-options:
      - nosniff
    status:
      code: 200
      message: OK
- request:
    body: '{"location": "eastus2euap", "extendedLocation": {"name": "microsoftrrdclab3",
      "type": "EdgeZone"}, "properties": {"ipConfigurations": [], "gatewayType": "LocalGateway",
      "activeActive": false, "vNetExtendedLocationResourceId": "/subscriptions/00000000-0000-0000-0000-000000000000/resourceGroups/test_network_vnet_gateway_local_gateway000001/providers/Microsoft.Network/virtualNetworks/vnet"}}'
    headers:
      Accept:
      - application/json
      Accept-Encoding:
      - gzip, deflate
      CommandName:
      - network vnet-gateway create
      Connection:
      - keep-alive
      Content-Length:
      - '391'
      Content-Type:
      - application/json
      ParameterSetName:
      - -g -n --vnet --gateway-type --edge-zone --edge-zone-vnet-id
      User-Agent:
      - AZURECLI/2.41.0 azsdk-python-azure-mgmt-network/21.0.1 Python/3.10.8 (Windows-10-10.0.22621-SP0)
    method: PUT
    uri: https://management.azure.com/subscriptions/00000000-0000-0000-0000-000000000000/resourceGroups/test_network_vnet_gateway_local_gateway000001/providers/Microsoft.Network/virtualNetworkGateways/vnet-gateway?api-version=2022-01-01
  response:
    body:
      string: "{\r\n  \"name\": \"vnet-gateway\",\r\n  \"id\": \"/subscriptions/00000000-0000-0000-0000-000000000000/resourceGroups/test_network_vnet_gateway_local_gateway000001/providers/Microsoft.Network/virtualNetworkGateways/vnet-gateway\"\
        ,\r\n  \"etag\": \"W/\\\"7fdfca2f-9454-4c86-99c0-dc681a9cfe7f\\\"\",\r\n \
        \ \"type\": \"Microsoft.Network/virtualNetworkGateways\",\r\n  \"location\"\
        : \"eastus2euap\",\r\n  \"extendedLocation\": {\r\n    \"type\": \"EdgeZone\"\
        ,\r\n    \"name\": \"microsoftrrdclab3\"\r\n  },\r\n  \"properties\": {\r\n\
        \    \"provisioningState\": \"Updating\",\r\n    \"resourceGuid\": \"122b089f-3d04-4229-bac9-4572dfb8b517\"\
        ,\r\n    \"packetCaptureDiagnosticState\": \"None\",\r\n    \"enablePrivateIpAddress\"\
        : false,\r\n    \"isMigrateToCSES\": false,\r\n    \"ipConfigurations\": [],\r\
        \n    \"natRules\": [],\r\n    \"virtualNetworkGatewayPolicyGroups\": [],\r\
        \n    \"enableBgpRouteTranslationForNat\": false,\r\n    \"disableIPSecReplayProtection\"\
        : false,\r\n    \"gatewayType\": \"LocalGateway\",\r\n    \"vpnType\": \"\
        PolicyBased\",\r\n    \"enableBgp\": false,\r\n    \"activeActive\": false,\r\
        \n    \"vpnClientConfiguration\": {\r\n      \"vpnClientProtocols\": [\r\n\
        \        \"SSTP\"\r\n      ],\r\n      \"vpnAuthenticationTypes\": [],\r\n\
        \      \"vpnClientRootCertificates\": [],\r\n      \"vpnClientRevokedCertificates\"\
        : [],\r\n      \"vngClientConnectionConfigurations\": [],\r\n      \"radiusServers\"\
        : [],\r\n      \"vpnClientIpsecPolicies\": []\r\n    },\r\n    \"vNetExtendedLocationResourceId\"\
        : \"/subscriptions/00000000-0000-0000-0000-000000000000/resourceGroups/test_network_vnet_gateway_local_gateway000001/providers/Microsoft.Network/virtualNetworks/vnet\"\
        ,\r\n    \"vpnGatewayGeneration\": \"None\"\r\n  }\r\n}"
    headers:
      azure-asyncnotification:
      - Enabled
      azure-asyncoperation:
      - https://management.azure.com/subscriptions/00000000-0000-0000-0000-000000000000/providers/Microsoft.Network/locations/eastus2euap/operations/aa1b26fc-44e3-4017-9889-a6da59bd7f37?api-version=2022-01-01
      cache-control:
      - no-cache
      content-length:
      - '1565'
      content-type:
      - application/json; charset=utf-8
      date:
      - Wed, 07 Dec 2022 00:00:14 GMT
      expires:
      - '-1'
      pragma:
      - no-cache
      server:
      - Microsoft-HTTPAPI/2.0
      - Microsoft-HTTPAPI/2.0
      strict-transport-security:
      - max-age=31536000; includeSubDomains
      x-content-type-options:
      - nosniff
      x-ms-arm-service-request-id:
      - 9422e010-4dfa-40da-afab-59193822f428
      x-ms-ratelimit-remaining-subscription-writes:
      - '1199'
    status:
      code: 201
      message: ''
- request:
    body: null
    headers:
      Accept:
      - '*/*'
      Accept-Encoding:
      - gzip, deflate
      CommandName:
      - network vnet-gateway create
      Connection:
      - keep-alive
      ParameterSetName:
      - -g -n --vnet --gateway-type --edge-zone --edge-zone-vnet-id
      User-Agent:
      - AZURECLI/2.41.0 azsdk-python-azure-mgmt-network/21.0.1 Python/3.10.8 (Windows-10-10.0.22621-SP0)
    method: GET
    uri: https://management.azure.com/subscriptions/00000000-0000-0000-0000-000000000000/providers/Microsoft.Network/locations/eastus2euap/operations/aa1b26fc-44e3-4017-9889-a6da59bd7f37?api-version=2022-01-01
  response:
    body:
      string: "{\r\n  \"status\": \"Failed\",\r\n  \"error\": {\r\n    \"code\": \"\
        InternalServerError\",\r\n    \"message\": \"An error occurred.\",\r\n   \
        \ \"details\": []\r\n  }\r\n}"
    headers:
      cache-control:
      - no-cache
      content-length:
      - '139'
      content-type:
      - application/json; charset=utf-8
      date:
      - Wed, 07 Dec 2022 00:00:25 GMT
      expires:
      - '-1'
      pragma:
      - no-cache
      server:
      - Microsoft-HTTPAPI/2.0
      - Microsoft-HTTPAPI/2.0
      strict-transport-security:
      - max-age=31536000; includeSubDomains
      transfer-encoding:
      - chunked
      vary:
      - Accept-Encoding
      x-content-type-options:
      - nosniff
      x-ms-arm-service-request-id:
      - 44176351-2b2a-4192-a913-eabee6c05c88
    status:
      code: 200
      message: ''
version: 1
