interactions:
- request:
    body: '{"location": "global", "properties": {"zoneType": "Public"}}'
    headers:
      Accept:
      - application/json
      Accept-Encoding:
      - gzip, deflate
      CommandName:
      - network dns zone import
      Connection:
      - keep-alive
      Content-Length:
      - '60'
      Content-Type:
      - application/json; charset=utf-8
      ParameterSetName:
      - -n -g --file-name
      User-Agent:
      - python/3.7.4 (Windows-10-10.0.18362-SP0) msrest/0.6.10 msrest_azure/0.6.2
        azure-mgmt-dns/2.1.0 Azure-SDK-For-Python AZURECLI/2.0.77
      accept-language:
      - en-US
    method: PUT
    uri: https://management.azure.com/subscriptions/00000000-0000-0000-0000-000000000000/resourceGroups/cli_dns_zone8_import000001/providers/Microsoft.Network/dnsZones/zone8.com?api-version=2018-05-01
  response:
    body:
      string: '{"id":"\/subscriptions\/0b1f6471-1bf0-4dda-aec3-cb9272f09590\/resourceGroups\/cli_dns_zone8_import000001\/providers\/Microsoft.Network\/dnszones\/zone8.com","name":"zone8.com","type":"Microsoft.Network\/dnszones","etag":"00000002-0000-0000-24db-34317faed501","location":"global","tags":{},"properties":{"maxNumberOfRecordSets":10000,"maxNumberOfRecordsPerRecordSet":null,"nameServers":["ns1-02.azure-dns.com.","ns2-02.azure-dns.net.","ns3-02.azure-dns.org.","ns4-02.azure-dns.info."],"numberOfRecordSets":2,"zoneType":"Public"}}'
    headers:
      cache-control:
      - private
      content-length:
      - '577'
      content-type:
      - application/json; charset=utf-8
      date:
      - Mon, 09 Dec 2019 10:55:39 GMT
      etag:
      - 00000002-0000-0000-24db-34317faed501
      server:
      - Microsoft-IIS/10.0
      strict-transport-security:
      - max-age=31536000; includeSubDomains
      x-content-type-options:
      - nosniff
      x-ms-ratelimit-remaining-subscription-resource-requests:
      - '11994'
      x-powered-by:
      - ASP.NET
    status:
      code: 201
      message: Created
- request:
    body: null
    headers:
      Accept:
      - application/json
      Accept-Encoding:
      - gzip, deflate
      CommandName:
      - network dns zone import
      Connection:
      - keep-alive
      ParameterSetName:
      - -n -g --file-name
      User-Agent:
      - python/3.7.4 (Windows-10-10.0.18362-SP0) msrest/0.6.10 msrest_azure/0.6.2
        azure-mgmt-dns/2.1.0 Azure-SDK-For-Python AZURECLI/2.0.77
      accept-language:
      - en-US
    method: GET
    uri: https://management.azure.com/subscriptions/00000000-0000-0000-0000-000000000000/resourceGroups/cli_dns_zone8_import000001/providers/Microsoft.Network/dnsZones/zone8.com/SOA/@?api-version=2018-05-01
  response:
    body:
      string: '{"id":"\/subscriptions\/0b1f6471-1bf0-4dda-aec3-cb9272f09590\/resourceGroups\/cli_dns_zone8_import000001\/providers\/Microsoft.Network\/dnszones\/zone8.com\/SOA\/@","name":"@","type":"Microsoft.Network\/dnszones\/SOA","etag":"2acd94fa-426e-4515-a18f-4b941cb70c0c","properties":{"fqdn":"zone8.com.","TTL":3600,"SOARecord":{"email":"azuredns-hostmaster.microsoft.com","expireTime":2419200,"host":"ns1-02.azure-dns.com.","minimumTTL":300,"refreshTime":3600,"retryTime":300,"serialNumber":1},"targetResource":{},"provisioningState":"Succeeded"}}'
    headers:
      cache-control:
      - private
      content-length:
      - '590'
      content-type:
      - application/json; charset=utf-8
      date:
      - Mon, 09 Dec 2019 10:55:40 GMT
      etag:
      - 2acd94fa-426e-4515-a18f-4b941cb70c0c
      server:
      - Microsoft-IIS/10.0
      strict-transport-security:
      - max-age=31536000; includeSubDomains
      transfer-encoding:
      - chunked
      vary:
      - Accept-Encoding
      x-content-type-options:
      - nosniff
      x-ms-ratelimit-remaining-subscription-resource-requests:
      - '499'
      x-powered-by:
      - ASP.NET
    status:
      code: 200
      message: OK
- request:
    body: '{"properties": {"TTL": 3600, "SOARecord": {"host": "ns1-02.azure-dns.com.",
      "email": "azuredns-hostmaster.microsoft.com.", "serialNumber": 1, "refreshTime":
      3600, "retryTime": 300, "expireTime": 2419200, "minimumTTL": 300}}}'
    headers:
      Accept:
      - application/json
      Accept-Encoding:
      - gzip, deflate
      CommandName:
      - network dns zone import
      Connection:
      - keep-alive
      Content-Length:
      - '224'
      Content-Type:
      - application/json; charset=utf-8
      ParameterSetName:
      - -n -g --file-name
      User-Agent:
      - python/3.7.4 (Windows-10-10.0.18362-SP0) msrest/0.6.10 msrest_azure/0.6.2
        azure-mgmt-dns/2.1.0 Azure-SDK-For-Python AZURECLI/2.0.77
      accept-language:
      - en-US
    method: PUT
    uri: https://management.azure.com/subscriptions/00000000-0000-0000-0000-000000000000/resourceGroups/cli_dns_zone8_import000001/providers/Microsoft.Network/dnsZones/zone8.com/SOA/@?api-version=2018-05-01
  response:
    body:
      string: '{"id":"\/subscriptions\/0b1f6471-1bf0-4dda-aec3-cb9272f09590\/resourceGroups\/cli_dns_zone8_import000001\/providers\/Microsoft.Network\/dnszones\/zone8.com\/SOA\/@","name":"@","type":"Microsoft.Network\/dnszones\/SOA","etag":"2a93c8c1-991e-4192-ac2e-e41ca9e11243","properties":{"fqdn":"zone8.com.","TTL":3600,"SOARecord":{"email":"azuredns-hostmaster.microsoft.com.","expireTime":2419200,"host":"ns1-02.azure-dns.com.","minimumTTL":300,"refreshTime":3600,"retryTime":300,"serialNumber":1},"targetResource":{},"provisioningState":"Succeeded"}}'
    headers:
      cache-control:
      - private
      content-length:
      - '591'
      content-type:
      - application/json; charset=utf-8
      date:
      - Mon, 09 Dec 2019 10:55:42 GMT
      etag:
      - 2a93c8c1-991e-4192-ac2e-e41ca9e11243
      server:
      - Microsoft-IIS/10.0
      strict-transport-security:
      - max-age=31536000; includeSubDomains
      transfer-encoding:
      - chunked
      vary:
      - Accept-Encoding
      x-content-type-options:
      - nosniff
      x-ms-ratelimit-remaining-subscription-resource-requests:
      - '11991'
      x-powered-by:
      - ASP.NET
    status:
      code: 200
      message: OK
- request:
    body: null
    headers:
      Accept:
      - application/json
      Accept-Encoding:
      - gzip, deflate
      CommandName:
      - network dns zone import
      Connection:
      - keep-alive
      ParameterSetName:
      - -n -g --file-name
      User-Agent:
      - python/3.7.4 (Windows-10-10.0.18362-SP0) msrest/0.6.10 msrest_azure/0.6.2
        azure-mgmt-dns/2.1.0 Azure-SDK-For-Python AZURECLI/2.0.77
      accept-language:
      - en-US
    method: GET
    uri: https://management.azure.com/subscriptions/00000000-0000-0000-0000-000000000000/resourceGroups/cli_dns_zone8_import000001/providers/Microsoft.Network/dnsZones/zone8.com/NS/@?api-version=2018-05-01
  response:
    body:
      string: '{"id":"\/subscriptions\/0b1f6471-1bf0-4dda-aec3-cb9272f09590\/resourceGroups\/cli_dns_zone8_import000001\/providers\/Microsoft.Network\/dnszones\/zone8.com\/NS\/@","name":"@","type":"Microsoft.Network\/dnszones\/NS","etag":"ef40b17c-aeae-4fa8-b3a7-050ebcfbb255","properties":{"fqdn":"zone8.com.","TTL":172800,"NSRecords":[{"nsdname":"ns1-02.azure-dns.com."},{"nsdname":"ns2-02.azure-dns.net."},{"nsdname":"ns3-02.azure-dns.org."},{"nsdname":"ns4-02.azure-dns.info."}],"targetResource":{},"provisioningState":"Succeeded"}}'
    headers:
      cache-control:
      - private
      content-length:
      - '570'
      content-type:
      - application/json; charset=utf-8
      date:
      - Mon, 09 Dec 2019 10:55:43 GMT
      etag:
      - ef40b17c-aeae-4fa8-b3a7-050ebcfbb255
      server:
      - Microsoft-IIS/10.0
      strict-transport-security:
      - max-age=31536000; includeSubDomains
      transfer-encoding:
      - chunked
      vary:
      - Accept-Encoding
      x-content-type-options:
      - nosniff
      x-ms-ratelimit-remaining-subscription-resource-requests:
      - '499'
      x-powered-by:
      - ASP.NET
    status:
      code: 200
      message: OK
- request:
    body: '{"etag": "ef40b17c-aeae-4fa8-b3a7-050ebcfbb255", "properties": {"TTL":
      172800, "targetResource": {}, "NSRecords": [{"nsdname": "ns1-02.azure-dns.com."},
      {"nsdname": "ns2-02.azure-dns.net."}, {"nsdname": "ns3-02.azure-dns.org."},
      {"nsdname": "ns4-02.azure-dns.info."}]}}'
    headers:
      Accept:
      - application/json
      Accept-Encoding:
      - gzip, deflate
      CommandName:
      - network dns zone import
      Connection:
      - keep-alive
      Content-Length:
      - '269'
      Content-Type:
      - application/json; charset=utf-8
      ParameterSetName:
      - -n -g --file-name
      User-Agent:
      - python/3.7.4 (Windows-10-10.0.18362-SP0) msrest/0.6.10 msrest_azure/0.6.2
        azure-mgmt-dns/2.1.0 Azure-SDK-For-Python AZURECLI/2.0.77
      accept-language:
      - en-US
    method: PUT
    uri: https://management.azure.com/subscriptions/00000000-0000-0000-0000-000000000000/resourceGroups/cli_dns_zone8_import000001/providers/Microsoft.Network/dnsZones/zone8.com/NS/@?api-version=2018-05-01
  response:
    body:
      string: '{"id":"\/subscriptions\/0b1f6471-1bf0-4dda-aec3-cb9272f09590\/resourceGroups\/cli_dns_zone8_import000001\/providers\/Microsoft.Network\/dnszones\/zone8.com\/NS\/@","name":"@","type":"Microsoft.Network\/dnszones\/NS","etag":"d2a2d3e6-6b1d-408e-8210-7574743dece1","properties":{"fqdn":"zone8.com.","TTL":172800,"NSRecords":[{"nsdname":"ns1-02.azure-dns.com."},{"nsdname":"ns2-02.azure-dns.net."},{"nsdname":"ns3-02.azure-dns.org."},{"nsdname":"ns4-02.azure-dns.info."}],"targetResource":{},"provisioningState":"Succeeded"}}'
    headers:
      cache-control:
      - private
      content-length:
      - '570'
      content-type:
      - application/json; charset=utf-8
      date:
      - Mon, 09 Dec 2019 10:55:44 GMT
      etag:
      - d2a2d3e6-6b1d-408e-8210-7574743dece1
      server:
      - Microsoft-IIS/10.0
      strict-transport-security:
      - max-age=31536000; includeSubDomains
      transfer-encoding:
      - chunked
      vary:
      - Accept-Encoding
      x-content-type-options:
      - nosniff
      x-ms-ratelimit-remaining-subscription-resource-requests:
      - '11995'
      x-powered-by:
      - ASP.NET
    status:
      code: 200
      message: OK
- request:
    body: '{"properties": {"TTL": 3600, "ARecords": [{"ipv4Address": "1.2.3.4"}]}}'
    headers:
      Accept:
      - application/json
      Accept-Encoding:
      - gzip, deflate
      CommandName:
      - network dns zone import
      Connection:
      - keep-alive
      Content-Length:
      - '71'
      Content-Type:
      - application/json; charset=utf-8
      ParameterSetName:
      - -n -g --file-name
      User-Agent:
      - python/3.7.4 (Windows-10-10.0.18362-SP0) msrest/0.6.10 msrest_azure/0.6.2
        azure-mgmt-dns/2.1.0 Azure-SDK-For-Python AZURECLI/2.0.77
      accept-language:
      - en-US
    method: PUT
    uri: https://management.azure.com/subscriptions/00000000-0000-0000-0000-000000000000/resourceGroups/cli_dns_zone8_import000001/providers/Microsoft.Network/dnsZones/zone8.com/A/ns?api-version=2018-05-01
  response:
    body:
      string: '{"id":"\/subscriptions\/0b1f6471-1bf0-4dda-aec3-cb9272f09590\/resourceGroups\/cli_dns_zone8_import000001\/providers\/Microsoft.Network\/dnszones\/zone8.com\/A\/ns","name":"ns","type":"Microsoft.Network\/dnszones\/A","etag":"2ff2566d-bf61-4450-8faf-63b3dd31366b","properties":{"fqdn":"ns.zone8.com.","TTL":3600,"ARecords":[{"ipv4Address":"1.2.3.4"}],"targetResource":{},"provisioningState":"Succeeded"}}'
    headers:
      cache-control:
      - private
      content-length:
      - '451'
      content-type:
      - application/json; charset=utf-8
      date:
      - Mon, 09 Dec 2019 10:55:47 GMT
      etag:
      - 2ff2566d-bf61-4450-8faf-63b3dd31366b
      server:
      - Microsoft-IIS/10.0
      strict-transport-security:
      - max-age=31536000; includeSubDomains
      x-content-type-options:
      - nosniff
      x-ms-ratelimit-remaining-subscription-resource-requests:
      - '11970'
      x-powered-by:
      - ASP.NET
    status:
      code: 201
      message: Created
- request:
    body: '{"properties": {"TTL": 3600, "ARecords": [{"ipv4Address": "2.3.4.5"}]}}'
    headers:
      Accept:
      - application/json
      Accept-Encoding:
      - gzip, deflate
      CommandName:
      - network dns zone import
      Connection:
      - keep-alive
      Content-Length:
      - '71'
      Content-Type:
      - application/json; charset=utf-8
      ParameterSetName:
      - -n -g --file-name
      User-Agent:
      - python/3.7.4 (Windows-10-10.0.18362-SP0) msrest/0.6.10 msrest_azure/0.6.2
        azure-mgmt-dns/2.1.0 Azure-SDK-For-Python AZURECLI/2.0.77
      accept-language:
      - en-US
    method: PUT
    uri: https://management.azure.com/subscriptions/00000000-0000-0000-0000-000000000000/resourceGroups/cli_dns_zone8_import000001/providers/Microsoft.Network/dnsZones/zone8.com/A/*?api-version=2018-05-01
  response:
    body:
      string: '{"id":"\/subscriptions\/0b1f6471-1bf0-4dda-aec3-cb9272f09590\/resourceGroups\/cli_dns_zone8_import000001\/providers\/Microsoft.Network\/dnszones\/zone8.com\/A\/*","name":"*","type":"Microsoft.Network\/dnszones\/A","etag":"d6e689a5-96f7-47bf-85e8-f556f09f8bb3","properties":{"fqdn":"*.zone8.com.","TTL":3600,"ARecords":[{"ipv4Address":"2.3.4.5"}],"targetResource":{},"provisioningState":"Succeeded"}}'
    headers:
      cache-control:
      - private
      content-length:
      - '448'
      content-type:
      - application/json; charset=utf-8
      date:
      - Mon, 09 Dec 2019 10:55:47 GMT
      etag:
      - d6e689a5-96f7-47bf-85e8-f556f09f8bb3
      server:
      - Microsoft-IIS/10.0
      strict-transport-security:
      - max-age=31536000; includeSubDomains
      x-content-type-options:
      - nosniff
      x-ms-ratelimit-remaining-subscription-resource-requests:
      - '11975'
      x-powered-by:
      - ASP.NET
    status:
      code: 201
      message: Created
- request:
    body: null
    headers:
      Accept:
      - application/json
      Accept-Encoding:
      - gzip, deflate
      CommandName:
      - network dns record-set list
      Connection:
      - keep-alive
      ParameterSetName:
      - -g -z
      User-Agent:
      - python/3.7.4 (Windows-10-10.0.18362-SP0) msrest/0.6.10 msrest_azure/0.6.2
        azure-mgmt-dns/2.1.0 Azure-SDK-For-Python AZURECLI/2.0.77
      accept-language:
      - en-US
    method: GET
    uri: https://management.azure.com/subscriptions/00000000-0000-0000-0000-000000000000/resourceGroups/cli_dns_zone8_import000001/providers/Microsoft.Network/dnsZones/zone8.com/recordsets?api-version=2018-05-01
  response:
    body:
      string: '{"value":[{"id":"\/subscriptions\/0b1f6471-1bf0-4dda-aec3-cb9272f09590\/resourceGroups\/cli_dns_zone8_import000001\/providers\/Microsoft.Network\/dnszones\/zone8.com\/NS\/@","name":"@","type":"Microsoft.Network\/dnszones\/NS","etag":"d2a2d3e6-6b1d-408e-8210-7574743dece1","properties":{"fqdn":"zone8.com.","TTL":172800,"NSRecords":[{"nsdname":"ns1-02.azure-dns.com."},{"nsdname":"ns2-02.azure-dns.net."},{"nsdname":"ns3-02.azure-dns.org."},{"nsdname":"ns4-02.azure-dns.info."}],"targetResource":{},"provisioningState":"Succeeded"}},{"id":"\/subscriptions\/0b1f6471-1bf0-4dda-aec3-cb9272f09590\/resourceGroups\/cli_dns_zone8_import000001\/providers\/Microsoft.Network\/dnszones\/zone8.com\/SOA\/@","name":"@","type":"Microsoft.Network\/dnszones\/SOA","etag":"2a93c8c1-991e-4192-ac2e-e41ca9e11243","properties":{"fqdn":"zone8.com.","TTL":3600,"SOARecord":{"email":"azuredns-hostmaster.microsoft.com.","expireTime":2419200,"host":"ns1-02.azure-dns.com.","minimumTTL":300,"refreshTime":3600,"retryTime":300,"serialNumber":1},"targetResource":{},"provisioningState":"Succeeded"}},{"id":"\/subscriptions\/0b1f6471-1bf0-4dda-aec3-cb9272f09590\/resourceGroups\/cli_dns_zone8_import000001\/providers\/Microsoft.Network\/dnszones\/zone8.com\/A\/*","name":"*","type":"Microsoft.Network\/dnszones\/A","etag":"d6e689a5-96f7-47bf-85e8-f556f09f8bb3","properties":{"fqdn":"*.zone8.com.","TTL":3600,"ARecords":[{"ipv4Address":"2.3.4.5"}],"targetResource":{},"provisioningState":"Succeeded"}},{"id":"\/subscriptions\/0b1f6471-1bf0-4dda-aec3-cb9272f09590\/resourceGroups\/cli_dns_zone8_import000001\/providers\/Microsoft.Network\/dnszones\/zone8.com\/A\/ns","name":"ns","type":"Microsoft.Network\/dnszones\/A","etag":"2ff2566d-bf61-4450-8faf-63b3dd31366b","properties":{"fqdn":"ns.zone8.com.","TTL":3600,"ARecords":[{"ipv4Address":"1.2.3.4"}],"targetResource":{},"provisioningState":"Succeeded"}}]}'
    headers:
      cache-control:
      - private
      content-length:
      - '2075'
      content-type:
      - application/json; charset=utf-8
      date:
      - Mon, 09 Dec 2019 10:55:49 GMT
      server:
      - Microsoft-IIS/10.0
      strict-transport-security:
      - max-age=31536000; includeSubDomains
      transfer-encoding:
      - chunked
      vary:
      - Accept-Encoding
      x-content-type-options:
      - nosniff
      x-ms-ratelimit-remaining-subscription-resource-entities-read:
      - '59996'
      x-ms-ratelimit-remaining-subscription-resource-requests:
      - '499'
      x-powered-by:
      - ASP.NET
    status:
      code: 200
      message: OK
- request:
    body: null
    headers:
      Accept:
      - application/json
      Accept-Encoding:
      - gzip, deflate
      CommandName:
      - network dns zone export
      Connection:
      - keep-alive
      ParameterSetName:
      - -g -n --file-name
      User-Agent:
      - python/3.7.4 (Windows-10-10.0.18362-SP0) msrest/0.6.10 msrest_azure/0.6.2
        azure-mgmt-dns/2.1.0 Azure-SDK-For-Python AZURECLI/2.0.77
      accept-language:
      - en-US
    method: GET
    uri: https://management.azure.com/subscriptions/00000000-0000-0000-0000-000000000000/resourceGroups/cli_dns_zone8_import000001/providers/Microsoft.Network/dnsZones/zone8.com/recordsets?api-version=2018-05-01
  response:
    body:
      string: '{"value":[{"id":"\/subscriptions\/0b1f6471-1bf0-4dda-aec3-cb9272f09590\/resourceGroups\/cli_dns_zone8_import000001\/providers\/Microsoft.Network\/dnszones\/zone8.com\/NS\/@","name":"@","type":"Microsoft.Network\/dnszones\/NS","etag":"d2a2d3e6-6b1d-408e-8210-7574743dece1","properties":{"fqdn":"zone8.com.","TTL":172800,"NSRecords":[{"nsdname":"ns1-02.azure-dns.com."},{"nsdname":"ns2-02.azure-dns.net."},{"nsdname":"ns3-02.azure-dns.org."},{"nsdname":"ns4-02.azure-dns.info."}],"targetResource":{},"provisioningState":"Succeeded"}},{"id":"\/subscriptions\/0b1f6471-1bf0-4dda-aec3-cb9272f09590\/resourceGroups\/cli_dns_zone8_import000001\/providers\/Microsoft.Network\/dnszones\/zone8.com\/SOA\/@","name":"@","type":"Microsoft.Network\/dnszones\/SOA","etag":"2a93c8c1-991e-4192-ac2e-e41ca9e11243","properties":{"fqdn":"zone8.com.","TTL":3600,"SOARecord":{"email":"azuredns-hostmaster.microsoft.com.","expireTime":2419200,"host":"ns1-02.azure-dns.com.","minimumTTL":300,"refreshTime":3600,"retryTime":300,"serialNumber":1},"targetResource":{},"provisioningState":"Succeeded"}},{"id":"\/subscriptions\/0b1f6471-1bf0-4dda-aec3-cb9272f09590\/resourceGroups\/cli_dns_zone8_import000001\/providers\/Microsoft.Network\/dnszones\/zone8.com\/A\/*","name":"*","type":"Microsoft.Network\/dnszones\/A","etag":"d6e689a5-96f7-47bf-85e8-f556f09f8bb3","properties":{"fqdn":"*.zone8.com.","TTL":3600,"ARecords":[{"ipv4Address":"2.3.4.5"}],"targetResource":{},"provisioningState":"Succeeded"}},{"id":"\/subscriptions\/0b1f6471-1bf0-4dda-aec3-cb9272f09590\/resourceGroups\/cli_dns_zone8_import000001\/providers\/Microsoft.Network\/dnszones\/zone8.com\/A\/ns","name":"ns","type":"Microsoft.Network\/dnszones\/A","etag":"2ff2566d-bf61-4450-8faf-63b3dd31366b","properties":{"fqdn":"ns.zone8.com.","TTL":3600,"ARecords":[{"ipv4Address":"1.2.3.4"}],"targetResource":{},"provisioningState":"Succeeded"}}]}'
    headers:
      cache-control:
      - private
      content-length:
      - '2075'
      content-type:
      - application/json; charset=utf-8
      date:
      - Mon, 09 Dec 2019 10:55:50 GMT
      server:
      - Microsoft-IIS/10.0
      strict-transport-security:
      - max-age=31536000; includeSubDomains
      transfer-encoding:
      - chunked
      vary:
      - Accept-Encoding
      x-content-type-options:
      - nosniff
      x-ms-ratelimit-remaining-subscription-resource-entities-read:
      - '59977'
      x-ms-ratelimit-remaining-subscription-resource-requests:
      - '498'
      x-powered-by:
      - ASP.NET
    status:
      code: 200
      message: OK
- request:
    body: null
    headers:
      Accept:
      - application/json
      Accept-Encoding:
      - gzip, deflate
      CommandName:
      - network dns zone delete
      Connection:
      - keep-alive
      Content-Length:
      - '0'
      ParameterSetName:
      - -g -n -y
      User-Agent:
      - python/3.7.4 (Windows-10-10.0.18362-SP0) msrest/0.6.10 msrest_azure/0.6.2
        azure-mgmt-dns/2.1.0 Azure-SDK-For-Python AZURECLI/2.0.77
      accept-language:
      - en-US
    method: DELETE
    uri: https://management.azure.com/subscriptions/00000000-0000-0000-0000-000000000000/resourceGroups/cli_dns_zone8_import000001/providers/Microsoft.Network/dnsZones/zone8.com?api-version=2018-05-01
  response:
    body:
      string: ''
    headers:
      azure-asyncoperation:
      - https://management.azure.com:443/subscriptions/00000000-0000-0000-0000-000000000000/resourceGroups/cli_dns_zone8_import000001/providers/Microsoft.Network/dnsOperationStatuses/delzone6371148575407467687e5c5a5b?api-version=2018-05-01
      cache-control:
      - private
      content-length:
      - '0'
      date:
      - Mon, 09 Dec 2019 10:55:54 GMT
      location:
      - https://management.azure.com/subscriptions/00000000-0000-0000-0000-000000000000/resourceGroups/cli_dns_zone8_import000001/providers/Microsoft.Network/dnsOperationResults/delzone6371148575407467687e5c5a5b?api-version=2018-05-01
      server:
      - Microsoft-IIS/10.0
      strict-transport-security:
      - max-age=31536000; includeSubDomains
      x-content-type-options:
      - nosniff
      x-ms-ratelimit-remaining-subscription-resource-requests:
      - '11996'
      x-powered-by:
      - ASP.NET
    status:
      code: 202
      message: Accepted
- request:
    body: null
    headers:
      Accept:
      - application/json
      Accept-Encoding:
      - gzip, deflate
      CommandName:
      - network dns zone delete
      Connection:
      - keep-alive
      ParameterSetName:
      - -g -n -y
      User-Agent:
      - python/3.7.4 (Windows-10-10.0.18362-SP0) msrest/0.6.10 msrest_azure/0.6.2
        azure-mgmt-dns/2.1.0 Azure-SDK-For-Python AZURECLI/2.0.77
    method: GET
    uri: https://management.azure.com/subscriptions/00000000-0000-0000-0000-000000000000/resourceGroups/cli_dns_zone8_import000001/providers/Microsoft.Network/dnsOperationStatuses/delzone6371148575407467687e5c5a5b?api-version=2018-05-01
  response:
    body:
      string: '{"status":"Succeeded"}'
    headers:
      cache-control:
      - private
      content-length:
      - '22'
      content-type:
      - application/json; charset=utf-8
      date:
      - Mon, 09 Dec 2019 10:55:57 GMT
      server:
      - Microsoft-IIS/10.0
      strict-transport-security:
      - max-age=31536000; includeSubDomains
      transfer-encoding:
      - chunked
      vary:
      - Accept-Encoding
      x-content-type-options:
      - nosniff
      x-ms-ratelimit-remaining-subscription-resource-requests:
      - '499'
      x-powered-by:
      - ASP.NET
    status:
      code: 200
      message: OK
- request:
    body: '{"location": "global", "properties": {"zoneType": "Public"}}'
    headers:
      Accept:
      - application/json
      Accept-Encoding:
      - gzip, deflate
      CommandName:
      - network dns zone import
      Connection:
      - keep-alive
      Content-Length:
      - '60'
      Content-Type:
      - application/json; charset=utf-8
      ParameterSetName:
      - -n -g --file-name
      User-Agent:
      - python/3.7.4 (Windows-10-10.0.18362-SP0) msrest/0.6.10 msrest_azure/0.6.2
        azure-mgmt-dns/2.1.0 Azure-SDK-For-Python AZURECLI/2.0.77
      accept-language:
      - en-US
    method: PUT
    uri: https://management.azure.com/subscriptions/00000000-0000-0000-0000-000000000000/resourceGroups/cli_dns_zone8_import000001/providers/Microsoft.Network/dnsZones/zone8.com?api-version=2018-05-01
  response:
    body:
      string: '{"id":"\/subscriptions\/0b1f6471-1bf0-4dda-aec3-cb9272f09590\/resourceGroups\/cli_dns_zone8_import000001\/providers\/Microsoft.Network\/dnszones\/zone8.com","name":"zone8.com","type":"Microsoft.Network\/dnszones","etag":"00000002-0000-0000-d112-8f3e7faed501","location":"global","tags":{},"properties":{"maxNumberOfRecordSets":10000,"maxNumberOfRecordsPerRecordSet":null,"nameServers":["ns1-02.azure-dns.com.","ns2-02.azure-dns.net.","ns3-02.azure-dns.org.","ns4-02.azure-dns.info."],"numberOfRecordSets":2,"zoneType":"Public"}}'
    headers:
      cache-control:
      - private
      content-length:
      - '577'
      content-type:
      - application/json; charset=utf-8
      date:
      - Mon, 09 Dec 2019 10:56:01 GMT
      etag:
      - 00000002-0000-0000-d112-8f3e7faed501
      server:
      - Microsoft-IIS/10.0
      strict-transport-security:
      - max-age=31536000; includeSubDomains
      x-content-type-options:
      - nosniff
      x-ms-ratelimit-remaining-subscription-resource-requests:
      - '11993'
      x-powered-by:
      - ASP.NET
    status:
      code: 201
      message: Created
- request:
    body: null
    headers:
      Accept:
      - application/json
      Accept-Encoding:
      - gzip, deflate
      CommandName:
      - network dns zone import
      Connection:
      - keep-alive
      ParameterSetName:
      - -n -g --file-name
      User-Agent:
      - python/3.7.4 (Windows-10-10.0.18362-SP0) msrest/0.6.10 msrest_azure/0.6.2
        azure-mgmt-dns/2.1.0 Azure-SDK-For-Python AZURECLI/2.0.77
      accept-language:
      - en-US
    method: GET
    uri: https://management.azure.com/subscriptions/00000000-0000-0000-0000-000000000000/resourceGroups/cli_dns_zone8_import000001/providers/Microsoft.Network/dnsZones/zone8.com/SOA/@?api-version=2018-05-01
  response:
    body:
      string: '{"id":"\/subscriptions\/0b1f6471-1bf0-4dda-aec3-cb9272f09590\/resourceGroups\/cli_dns_zone8_import000001\/providers\/Microsoft.Network\/dnszones\/zone8.com\/SOA\/@","name":"@","type":"Microsoft.Network\/dnszones\/SOA","etag":"761f270c-b578-40c5-81d3-44ea17951980","properties":{"fqdn":"zone8.com.","TTL":3600,"SOARecord":{"email":"azuredns-hostmaster.microsoft.com","expireTime":2419200,"host":"ns1-02.azure-dns.com.","minimumTTL":300,"refreshTime":3600,"retryTime":300,"serialNumber":1},"targetResource":{},"provisioningState":"Succeeded"}}'
    headers:
      cache-control:
      - private
      content-length:
      - '590'
      content-type:
      - application/json; charset=utf-8
      date:
      - Mon, 09 Dec 2019 10:56:02 GMT
      etag:
      - 761f270c-b578-40c5-81d3-44ea17951980
      server:
      - Microsoft-IIS/10.0
      strict-transport-security:
      - max-age=31536000; includeSubDomains
      transfer-encoding:
      - chunked
      vary:
      - Accept-Encoding
      x-content-type-options:
      - nosniff
      x-ms-ratelimit-remaining-subscription-resource-requests:
      - '499'
      x-powered-by:
      - ASP.NET
    status:
      code: 200
      message: OK
- request:
    body: '{"properties": {"TTL": 3600, "SOARecord": {"host": "ns1-02.azure-dns.com.",
      "email": "azuredns-hostmaster.microsoft.com.", "serialNumber": 1, "refreshTime":
      3600, "retryTime": 300, "expireTime": 2419200, "minimumTTL": 300}}}'
    headers:
      Accept:
      - application/json
      Accept-Encoding:
      - gzip, deflate
      CommandName:
      - network dns zone import
      Connection:
      - keep-alive
      Content-Length:
      - '224'
      Content-Type:
      - application/json; charset=utf-8
      ParameterSetName:
      - -n -g --file-name
      User-Agent:
      - python/3.7.4 (Windows-10-10.0.18362-SP0) msrest/0.6.10 msrest_azure/0.6.2
        azure-mgmt-dns/2.1.0 Azure-SDK-For-Python AZURECLI/2.0.77
      accept-language:
      - en-US
    method: PUT
    uri: https://management.azure.com/subscriptions/00000000-0000-0000-0000-000000000000/resourceGroups/cli_dns_zone8_import000001/providers/Microsoft.Network/dnsZones/zone8.com/SOA/@?api-version=2018-05-01
  response:
    body:
      string: '{"id":"\/subscriptions\/0b1f6471-1bf0-4dda-aec3-cb9272f09590\/resourceGroups\/cli_dns_zone8_import000001\/providers\/Microsoft.Network\/dnszones\/zone8.com\/SOA\/@","name":"@","type":"Microsoft.Network\/dnszones\/SOA","etag":"e30ff56b-52c5-4c12-b700-d74bdf5edcdb","properties":{"fqdn":"zone8.com.","TTL":3600,"SOARecord":{"email":"azuredns-hostmaster.microsoft.com.","expireTime":2419200,"host":"ns1-02.azure-dns.com.","minimumTTL":300,"refreshTime":3600,"retryTime":300,"serialNumber":1},"targetResource":{},"provisioningState":"Succeeded"}}'
    headers:
      cache-control:
      - private
      content-length:
      - '591'
      content-type:
      - application/json; charset=utf-8
      date:
      - Mon, 09 Dec 2019 10:56:04 GMT
      etag:
      - e30ff56b-52c5-4c12-b700-d74bdf5edcdb
      server:
      - Microsoft-IIS/10.0
      strict-transport-security:
      - max-age=31536000; includeSubDomains
      transfer-encoding:
      - chunked
      vary:
      - Accept-Encoding
      x-content-type-options:
      - nosniff
      x-ms-ratelimit-remaining-subscription-resource-requests:
      - '11989'
      x-powered-by:
      - ASP.NET
    status:
      code: 200
      message: OK
- request:
    body: null
    headers:
      Accept:
      - application/json
      Accept-Encoding:
      - gzip, deflate
      CommandName:
      - network dns zone import
      Connection:
      - keep-alive
      ParameterSetName:
      - -n -g --file-name
      User-Agent:
      - python/3.7.4 (Windows-10-10.0.18362-SP0) msrest/0.6.10 msrest_azure/0.6.2
        azure-mgmt-dns/2.1.0 Azure-SDK-For-Python AZURECLI/2.0.77
      accept-language:
      - en-US
    method: GET
    uri: https://management.azure.com/subscriptions/00000000-0000-0000-0000-000000000000/resourceGroups/cli_dns_zone8_import000001/providers/Microsoft.Network/dnsZones/zone8.com/NS/@?api-version=2018-05-01
  response:
    body:
      string: '{"id":"\/subscriptions\/0b1f6471-1bf0-4dda-aec3-cb9272f09590\/resourceGroups\/cli_dns_zone8_import000001\/providers\/Microsoft.Network\/dnszones\/zone8.com\/NS\/@","name":"@","type":"Microsoft.Network\/dnszones\/NS","etag":"79e89e09-1c9d-4a59-a48b-f0dfbbc395e7","properties":{"fqdn":"zone8.com.","TTL":172800,"NSRecords":[{"nsdname":"ns1-02.azure-dns.com."},{"nsdname":"ns2-02.azure-dns.net."},{"nsdname":"ns3-02.azure-dns.org."},{"nsdname":"ns4-02.azure-dns.info."}],"targetResource":{},"provisioningState":"Succeeded"}}'
    headers:
      cache-control:
      - private
      content-length:
      - '570'
      content-type:
      - application/json; charset=utf-8
      date:
      - Mon, 09 Dec 2019 10:56:05 GMT
      etag:
      - 79e89e09-1c9d-4a59-a48b-f0dfbbc395e7
      server:
      - Microsoft-IIS/10.0
      strict-transport-security:
      - max-age=31536000; includeSubDomains
      transfer-encoding:
      - chunked
      vary:
      - Accept-Encoding
      x-content-type-options:
      - nosniff
      x-ms-ratelimit-remaining-subscription-resource-requests:
      - '499'
      x-powered-by:
      - ASP.NET
    status:
      code: 200
      message: OK
- request:
    body: '{"etag": "79e89e09-1c9d-4a59-a48b-f0dfbbc395e7", "properties": {"TTL":
      172800, "targetResource": {}, "NSRecords": [{"nsdname": "ns1-02.azure-dns.com."},
      {"nsdname": "ns2-02.azure-dns.net."}, {"nsdname": "ns3-02.azure-dns.org."},
      {"nsdname": "ns4-02.azure-dns.info."}]}}'
    headers:
      Accept:
      - application/json
      Accept-Encoding:
      - gzip, deflate
      CommandName:
      - network dns zone import
      Connection:
      - keep-alive
      Content-Length:
      - '269'
      Content-Type:
      - application/json; charset=utf-8
      ParameterSetName:
      - -n -g --file-name
      User-Agent:
      - python/3.7.4 (Windows-10-10.0.18362-SP0) msrest/0.6.10 msrest_azure/0.6.2
        azure-mgmt-dns/2.1.0 Azure-SDK-For-Python AZURECLI/2.0.77
      accept-language:
      - en-US
    method: PUT
    uri: https://management.azure.com/subscriptions/00000000-0000-0000-0000-000000000000/resourceGroups/cli_dns_zone8_import000001/providers/Microsoft.Network/dnsZones/zone8.com/NS/@?api-version=2018-05-01
  response:
    body:
      string: '{"id":"\/subscriptions\/0b1f6471-1bf0-4dda-aec3-cb9272f09590\/resourceGroups\/cli_dns_zone8_import000001\/providers\/Microsoft.Network\/dnszones\/zone8.com\/NS\/@","name":"@","type":"Microsoft.Network\/dnszones\/NS","etag":"d7cf4bf4-dc43-4cbe-b5a3-b12e61901921","properties":{"fqdn":"zone8.com.","TTL":172800,"NSRecords":[{"nsdname":"ns1-02.azure-dns.com."},{"nsdname":"ns2-02.azure-dns.net."},{"nsdname":"ns3-02.azure-dns.org."},{"nsdname":"ns4-02.azure-dns.info."}],"targetResource":{},"provisioningState":"Succeeded"}}'
    headers:
      cache-control:
      - private
      content-length:
      - '570'
      content-type:
      - application/json; charset=utf-8
      date:
      - Mon, 09 Dec 2019 10:56:06 GMT
      etag:
      - d7cf4bf4-dc43-4cbe-b5a3-b12e61901921
      server:
      - Microsoft-IIS/10.0
      strict-transport-security:
      - max-age=31536000; includeSubDomains
      transfer-encoding:
      - chunked
      vary:
      - Accept-Encoding
      x-content-type-options:
      - nosniff
      x-ms-ratelimit-remaining-subscription-resource-requests:
      - '11979'
      x-powered-by:
      - ASP.NET
    status:
      code: 200
      message: OK
- request:
    body: '{"properties": {"TTL": 3600, "ARecords": [{"ipv4Address": "2.3.4.5"}]}}'
    headers:
      Accept:
      - application/json
      Accept-Encoding:
      - gzip, deflate
      CommandName:
      - network dns zone import
      Connection:
      - keep-alive
      Content-Length:
      - '71'
      Content-Type:
      - application/json; charset=utf-8
      ParameterSetName:
      - -n -g --file-name
      User-Agent:
      - python/3.7.4 (Windows-10-10.0.18362-SP0) msrest/0.6.10 msrest_azure/0.6.2
        azure-mgmt-dns/2.1.0 Azure-SDK-For-Python AZURECLI/2.0.77
      accept-language:
      - en-US
    method: PUT
    uri: https://management.azure.com/subscriptions/00000000-0000-0000-0000-000000000000/resourceGroups/cli_dns_zone8_import000001/providers/Microsoft.Network/dnsZones/zone8.com/A/*?api-version=2018-05-01
  response:
    body:
      string: '{"id":"\/subscriptions\/0b1f6471-1bf0-4dda-aec3-cb9272f09590\/resourceGroups\/cli_dns_zone8_import000001\/providers\/Microsoft.Network\/dnszones\/zone8.com\/A\/*","name":"*","type":"Microsoft.Network\/dnszones\/A","etag":"7de4fb06-7d1b-4c8c-90f3-6f4f094af8dd","properties":{"fqdn":"*.zone8.com.","TTL":3600,"ARecords":[{"ipv4Address":"2.3.4.5"}],"targetResource":{},"provisioningState":"Succeeded"}}'
    headers:
      cache-control:
      - private
      content-length:
      - '448'
      content-type:
      - application/json; charset=utf-8
      date:
      - Mon, 09 Dec 2019 10:56:08 GMT
      etag:
      - 7de4fb06-7d1b-4c8c-90f3-6f4f094af8dd
      server:
      - Microsoft-IIS/10.0
      strict-transport-security:
      - max-age=31536000; includeSubDomains
      x-content-type-options:
      - nosniff
      x-ms-ratelimit-remaining-subscription-resource-requests:
      - '11974'
      x-powered-by:
      - ASP.NET
    status:
      code: 201
      message: Created
- request:
    body: '{"properties": {"TTL": 3600, "ARecords": [{"ipv4Address": "1.2.3.4"}]}}'
    headers:
      Accept:
      - application/json
      Accept-Encoding:
      - gzip, deflate
      CommandName:
      - network dns zone import
      Connection:
      - keep-alive
      Content-Length:
      - '71'
      Content-Type:
      - application/json; charset=utf-8
      ParameterSetName:
      - -n -g --file-name
      User-Agent:
      - python/3.7.4 (Windows-10-10.0.18362-SP0) msrest/0.6.10 msrest_azure/0.6.2
        azure-mgmt-dns/2.1.0 Azure-SDK-For-Python AZURECLI/2.0.77
      accept-language:
      - en-US
    method: PUT
    uri: https://management.azure.com/subscriptions/00000000-0000-0000-0000-000000000000/resourceGroups/cli_dns_zone8_import000001/providers/Microsoft.Network/dnsZones/zone8.com/A/ns?api-version=2018-05-01
  response:
    body:
      string: '{"id":"\/subscriptions\/0b1f6471-1bf0-4dda-aec3-cb9272f09590\/resourceGroups\/cli_dns_zone8_import000001\/providers\/Microsoft.Network\/dnszones\/zone8.com\/A\/ns","name":"ns","type":"Microsoft.Network\/dnszones\/A","etag":"91430e18-f672-4905-ad5f-2d83bdf1f623","properties":{"fqdn":"ns.zone8.com.","TTL":3600,"ARecords":[{"ipv4Address":"1.2.3.4"}],"targetResource":{},"provisioningState":"Succeeded"}}'
    headers:
      cache-control:
      - private
      content-length:
      - '451'
      content-type:
      - application/json; charset=utf-8
      date:
      - Mon, 09 Dec 2019 10:56:09 GMT
      etag:
      - 91430e18-f672-4905-ad5f-2d83bdf1f623
      server:
      - Microsoft-IIS/10.0
      strict-transport-security:
      - max-age=31536000; includeSubDomains
      x-content-type-options:
      - nosniff
      x-ms-ratelimit-remaining-subscription-resource-requests:
      - '11980'
      x-powered-by:
      - ASP.NET
    status:
      code: 201
      message: Created
- request:
    body: null
    headers:
      Accept:
      - application/json
      Accept-Encoding:
      - gzip, deflate
      CommandName:
      - network dns record-set list
      Connection:
      - keep-alive
      ParameterSetName:
      - -g -z
      User-Agent:
      - python/3.7.4 (Windows-10-10.0.18362-SP0) msrest/0.6.10 msrest_azure/0.6.2
        azure-mgmt-dns/2.1.0 Azure-SDK-For-Python AZURECLI/2.0.77
      accept-language:
      - en-US
    method: GET
    uri: https://management.azure.com/subscriptions/00000000-0000-0000-0000-000000000000/resourceGroups/cli_dns_zone8_import000001/providers/Microsoft.Network/dnsZones/zone8.com/recordsets?api-version=2018-05-01
  response:
    body:
      string: '{"value":[{"id":"\/subscriptions\/0b1f6471-1bf0-4dda-aec3-cb9272f09590\/resourceGroups\/cli_dns_zone8_import000001\/providers\/Microsoft.Network\/dnszones\/zone8.com\/NS\/@","name":"@","type":"Microsoft.Network\/dnszones\/NS","etag":"d7cf4bf4-dc43-4cbe-b5a3-b12e61901921","properties":{"fqdn":"zone8.com.","TTL":172800,"NSRecords":[{"nsdname":"ns1-02.azure-dns.com."},{"nsdname":"ns2-02.azure-dns.net."},{"nsdname":"ns3-02.azure-dns.org."},{"nsdname":"ns4-02.azure-dns.info."}],"targetResource":{},"provisioningState":"Succeeded"}},{"id":"\/subscriptions\/0b1f6471-1bf0-4dda-aec3-cb9272f09590\/resourceGroups\/cli_dns_zone8_import000001\/providers\/Microsoft.Network\/dnszones\/zone8.com\/SOA\/@","name":"@","type":"Microsoft.Network\/dnszones\/SOA","etag":"e30ff56b-52c5-4c12-b700-d74bdf5edcdb","properties":{"fqdn":"zone8.com.","TTL":3600,"SOARecord":{"email":"azuredns-hostmaster.microsoft.com.","expireTime":2419200,"host":"ns1-02.azure-dns.com.","minimumTTL":300,"refreshTime":3600,"retryTime":300,"serialNumber":1},"targetResource":{},"provisioningState":"Succeeded"}},{"id":"\/subscriptions\/0b1f6471-1bf0-4dda-aec3-cb9272f09590\/resourceGroups\/cli_dns_zone8_import000001\/providers\/Microsoft.Network\/dnszones\/zone8.com\/A\/*","name":"*","type":"Microsoft.Network\/dnszones\/A","etag":"7de4fb06-7d1b-4c8c-90f3-6f4f094af8dd","properties":{"fqdn":"*.zone8.com.","TTL":3600,"ARecords":[{"ipv4Address":"2.3.4.5"}],"targetResource":{},"provisioningState":"Succeeded"}},{"id":"\/subscriptions\/0b1f6471-1bf0-4dda-aec3-cb9272f09590\/resourceGroups\/cli_dns_zone8_import000001\/providers\/Microsoft.Network\/dnszones\/zone8.com\/A\/ns","name":"ns","type":"Microsoft.Network\/dnszones\/A","etag":"91430e18-f672-4905-ad5f-2d83bdf1f623","properties":{"fqdn":"ns.zone8.com.","TTL":3600,"ARecords":[{"ipv4Address":"1.2.3.4"}],"targetResource":{},"provisioningState":"Succeeded"}}]}'
    headers:
      cache-control:
      - private
      content-length:
      - '2075'
      content-type:
      - application/json; charset=utf-8
      date:
      - Mon, 09 Dec 2019 10:56:10 GMT
      server:
      - Microsoft-IIS/10.0
      strict-transport-security:
      - max-age=31536000; includeSubDomains
      transfer-encoding:
      - chunked
      vary:
      - Accept-Encoding
      x-content-type-options:
      - nosniff
      x-ms-ratelimit-remaining-subscription-resource-entities-read:
      - '59144'
      x-ms-ratelimit-remaining-subscription-resource-requests:
      - '486'
      x-powered-by:
      - ASP.NET
    status:
      code: 200
      message: OK
version: 1
