interactions:
- request:
    body: null
    headers:
      Accept:
      - application/json
      Accept-Encoding:
      - gzip, deflate
      CommandName:
      - network nsg create
      Connection:
      - keep-alive
      ParameterSetName:
      - -g -n
      User-Agent:
      - AZURECLI/2.28.1 azsdk-python-azure-mgmt-resource/19.0.0 Python/3.8.3 (Windows-10-10.0.18362-SP0)
    method: GET
    uri: https://management.azure.com/subscriptions/00000000-0000-0000-0000-000000000000/resourcegroups/test_nw_flow_log_000001?api-version=2021-04-01
  response:
    body:
      string: '{"id":"/subscriptions/00000000-0000-0000-0000-000000000000/resourceGroups/test_nw_flow_log_000001","name":"test_nw_flow_log_000001","type":"Microsoft.Resources/resourceGroups","location":"eastus","tags":{"product":"azurecli","cause":"automation","date":"2021-09-16T04:53:11Z"},"properties":{"provisioningState":"Succeeded"}}'
    headers:
      cache-control:
      - no-cache
      content-length:
      - '428'
      content-type:
      - application/json; charset=utf-8
      date:
      - Thu, 16 Sep 2021 04:53:44 GMT
      expires:
      - '-1'
      pragma:
      - no-cache
      strict-transport-security:
      - max-age=31536000; includeSubDomains
      vary:
      - Accept-Encoding
      x-content-type-options:
      - nosniff
    status:
      code: 200
      message: OK
- request:
    body: '{"location": "eastus"}'
    headers:
      Accept:
      - application/json
      Accept-Encoding:
      - gzip, deflate
      CommandName:
      - network nsg create
      Connection:
      - keep-alive
      Content-Length:
      - '22'
      Content-Type:
      - application/json
      ParameterSetName:
      - -g -n
      User-Agent:
      - AZURECLI/2.28.1 azsdk-python-azure-mgmt-network/19.0.0 Python/3.8.3 (Windows-10-10.0.18362-SP0)
    method: PUT
    uri: https://management.azure.com/subscriptions/00000000-0000-0000-0000-000000000000/resourceGroups/test_nw_flow_log_000001/providers/Microsoft.Network/networkSecurityGroups/nsg1?api-version=2021-03-01
  response:
    body:
      string: "{\r\n  \"name\": \"nsg1\",\r\n  \"id\": \"/subscriptions/00000000-0000-0000-0000-000000000000/resourceGroups/test_nw_flow_log_000001/providers/Microsoft.Network/networkSecurityGroups/nsg1\",\r\n
        \ \"etag\": \"W/\\\"20d3c68b-02bb-4f33-a4da-b2de33d43298\\\"\",\r\n  \"type\":
        \"Microsoft.Network/networkSecurityGroups\",\r\n  \"location\": \"eastus\",\r\n
        \ \"properties\": {\r\n    \"provisioningState\": \"Updating\",\r\n    \"resourceGuid\":
        \"8b3996ef-3904-4ff8-b915-67734c178cef\",\r\n    \"securityRules\": [],\r\n
        \   \"defaultSecurityRules\": [\r\n      {\r\n        \"name\": \"AllowVnetInBound\",\r\n
        \       \"id\": \"/subscriptions/00000000-0000-0000-0000-000000000000/resourceGroups/test_nw_flow_log_000001/providers/Microsoft.Network/networkSecurityGroups/nsg1/defaultSecurityRules/AllowVnetInBound\",\r\n
        \       \"etag\": \"W/\\\"20d3c68b-02bb-4f33-a4da-b2de33d43298\\\"\",\r\n
        \       \"type\": \"Microsoft.Network/networkSecurityGroups/defaultSecurityRules\",\r\n
        \       \"properties\": {\r\n          \"provisioningState\": \"Updating\",\r\n
        \         \"description\": \"Allow inbound traffic from all VMs in VNET\",\r\n
        \         \"protocol\": \"*\",\r\n          \"sourcePortRange\": \"*\",\r\n
        \         \"destinationPortRange\": \"*\",\r\n          \"sourceAddressPrefix\":
        \"VirtualNetwork\",\r\n          \"destinationAddressPrefix\": \"VirtualNetwork\",\r\n
        \         \"access\": \"Allow\",\r\n          \"priority\": 65000,\r\n          \"direction\":
        \"Inbound\",\r\n          \"sourcePortRanges\": [],\r\n          \"destinationPortRanges\":
        [],\r\n          \"sourceAddressPrefixes\": [],\r\n          \"destinationAddressPrefixes\":
        []\r\n        }\r\n      },\r\n      {\r\n        \"name\": \"AllowAzureLoadBalancerInBound\",\r\n
        \       \"id\": \"/subscriptions/00000000-0000-0000-0000-000000000000/resourceGroups/test_nw_flow_log_000001/providers/Microsoft.Network/networkSecurityGroups/nsg1/defaultSecurityRules/AllowAzureLoadBalancerInBound\",\r\n
        \       \"etag\": \"W/\\\"20d3c68b-02bb-4f33-a4da-b2de33d43298\\\"\",\r\n
        \       \"type\": \"Microsoft.Network/networkSecurityGroups/defaultSecurityRules\",\r\n
        \       \"properties\": {\r\n          \"provisioningState\": \"Updating\",\r\n
        \         \"description\": \"Allow inbound traffic from azure load balancer\",\r\n
        \         \"protocol\": \"*\",\r\n          \"sourcePortRange\": \"*\",\r\n
        \         \"destinationPortRange\": \"*\",\r\n          \"sourceAddressPrefix\":
        \"AzureLoadBalancer\",\r\n          \"destinationAddressPrefix\": \"*\",\r\n
        \         \"access\": \"Allow\",\r\n          \"priority\": 65001,\r\n          \"direction\":
        \"Inbound\",\r\n          \"sourcePortRanges\": [],\r\n          \"destinationPortRanges\":
        [],\r\n          \"sourceAddressPrefixes\": [],\r\n          \"destinationAddressPrefixes\":
        []\r\n        }\r\n      },\r\n      {\r\n        \"name\": \"DenyAllInBound\",\r\n
        \       \"id\": \"/subscriptions/00000000-0000-0000-0000-000000000000/resourceGroups/test_nw_flow_log_000001/providers/Microsoft.Network/networkSecurityGroups/nsg1/defaultSecurityRules/DenyAllInBound\",\r\n
        \       \"etag\": \"W/\\\"20d3c68b-02bb-4f33-a4da-b2de33d43298\\\"\",\r\n
        \       \"type\": \"Microsoft.Network/networkSecurityGroups/defaultSecurityRules\",\r\n
        \       \"properties\": {\r\n          \"provisioningState\": \"Updating\",\r\n
        \         \"description\": \"Deny all inbound traffic\",\r\n          \"protocol\":
        \"*\",\r\n          \"sourcePortRange\": \"*\",\r\n          \"destinationPortRange\":
        \"*\",\r\n          \"sourceAddressPrefix\": \"*\",\r\n          \"destinationAddressPrefix\":
        \"*\",\r\n          \"access\": \"Deny\",\r\n          \"priority\": 65500,\r\n
        \         \"direction\": \"Inbound\",\r\n          \"sourcePortRanges\": [],\r\n
        \         \"destinationPortRanges\": [],\r\n          \"sourceAddressPrefixes\":
        [],\r\n          \"destinationAddressPrefixes\": []\r\n        }\r\n      },\r\n
        \     {\r\n        \"name\": \"AllowVnetOutBound\",\r\n        \"id\": \"/subscriptions/00000000-0000-0000-0000-000000000000/resourceGroups/test_nw_flow_log_000001/providers/Microsoft.Network/networkSecurityGroups/nsg1/defaultSecurityRules/AllowVnetOutBound\",\r\n
        \       \"etag\": \"W/\\\"20d3c68b-02bb-4f33-a4da-b2de33d43298\\\"\",\r\n
        \       \"type\": \"Microsoft.Network/networkSecurityGroups/defaultSecurityRules\",\r\n
        \       \"properties\": {\r\n          \"provisioningState\": \"Updating\",\r\n
        \         \"description\": \"Allow outbound traffic from all VMs to all VMs
        in VNET\",\r\n          \"protocol\": \"*\",\r\n          \"sourcePortRange\":
        \"*\",\r\n          \"destinationPortRange\": \"*\",\r\n          \"sourceAddressPrefix\":
        \"VirtualNetwork\",\r\n          \"destinationAddressPrefix\": \"VirtualNetwork\",\r\n
        \         \"access\": \"Allow\",\r\n          \"priority\": 65000,\r\n          \"direction\":
        \"Outbound\",\r\n          \"sourcePortRanges\": [],\r\n          \"destinationPortRanges\":
        [],\r\n          \"sourceAddressPrefixes\": [],\r\n          \"destinationAddressPrefixes\":
        []\r\n        }\r\n      },\r\n      {\r\n        \"name\": \"AllowInternetOutBound\",\r\n
        \       \"id\": \"/subscriptions/00000000-0000-0000-0000-000000000000/resourceGroups/test_nw_flow_log_000001/providers/Microsoft.Network/networkSecurityGroups/nsg1/defaultSecurityRules/AllowInternetOutBound\",\r\n
        \       \"etag\": \"W/\\\"20d3c68b-02bb-4f33-a4da-b2de33d43298\\\"\",\r\n
        \       \"type\": \"Microsoft.Network/networkSecurityGroups/defaultSecurityRules\",\r\n
        \       \"properties\": {\r\n          \"provisioningState\": \"Updating\",\r\n
        \         \"description\": \"Allow outbound traffic from all VMs to Internet\",\r\n
        \         \"protocol\": \"*\",\r\n          \"sourcePortRange\": \"*\",\r\n
        \         \"destinationPortRange\": \"*\",\r\n          \"sourceAddressPrefix\":
        \"*\",\r\n          \"destinationAddressPrefix\": \"Internet\",\r\n          \"access\":
        \"Allow\",\r\n          \"priority\": 65001,\r\n          \"direction\": \"Outbound\",\r\n
        \         \"sourcePortRanges\": [],\r\n          \"destinationPortRanges\":
        [],\r\n          \"sourceAddressPrefixes\": [],\r\n          \"destinationAddressPrefixes\":
        []\r\n        }\r\n      },\r\n      {\r\n        \"name\": \"DenyAllOutBound\",\r\n
        \       \"id\": \"/subscriptions/00000000-0000-0000-0000-000000000000/resourceGroups/test_nw_flow_log_000001/providers/Microsoft.Network/networkSecurityGroups/nsg1/defaultSecurityRules/DenyAllOutBound\",\r\n
        \       \"etag\": \"W/\\\"20d3c68b-02bb-4f33-a4da-b2de33d43298\\\"\",\r\n
        \       \"type\": \"Microsoft.Network/networkSecurityGroups/defaultSecurityRules\",\r\n
        \       \"properties\": {\r\n          \"provisioningState\": \"Updating\",\r\n
        \         \"description\": \"Deny all outbound traffic\",\r\n          \"protocol\":
        \"*\",\r\n          \"sourcePortRange\": \"*\",\r\n          \"destinationPortRange\":
        \"*\",\r\n          \"sourceAddressPrefix\": \"*\",\r\n          \"destinationAddressPrefix\":
        \"*\",\r\n          \"access\": \"Deny\",\r\n          \"priority\": 65500,\r\n
        \         \"direction\": \"Outbound\",\r\n          \"sourcePortRanges\":
        [],\r\n          \"destinationPortRanges\": [],\r\n          \"sourceAddressPrefixes\":
        [],\r\n          \"destinationAddressPrefixes\": []\r\n        }\r\n      }\r\n
        \   ]\r\n  }\r\n}"
    headers:
      azure-asyncnotification:
      - Enabled
      azure-asyncoperation:
      - https://management.azure.com/subscriptions/00000000-0000-0000-0000-000000000000/providers/Microsoft.Network/locations/eastus/operations/52ff9add-dbc8-439f-822b-0c54f35d6b9b?api-version=2021-03-01
      cache-control:
      - no-cache
      content-length:
      - '6925'
      content-type:
      - application/json; charset=utf-8
      date:
      - Thu, 16 Sep 2021 04:53:52 GMT
      expires:
      - '-1'
      pragma:
      - no-cache
      server:
      - Microsoft-HTTPAPI/2.0
      - Microsoft-HTTPAPI/2.0
      strict-transport-security:
      - max-age=31536000; includeSubDomains
      x-content-type-options:
      - nosniff
      x-ms-arm-service-request-id:
      - cde3e120-4f35-4da9-8425-8ee8fc933f36
      x-ms-ratelimit-remaining-subscription-writes:
      - '1196'
    status:
      code: 201
      message: Created
- request:
    body: null
    headers:
      Accept:
      - '*/*'
      Accept-Encoding:
      - gzip, deflate
      CommandName:
      - network nsg create
      Connection:
      - keep-alive
      ParameterSetName:
      - -g -n
      User-Agent:
      - AZURECLI/2.28.1 azsdk-python-azure-mgmt-network/19.0.0 Python/3.8.3 (Windows-10-10.0.18362-SP0)
    method: GET
    uri: https://management.azure.com/subscriptions/00000000-0000-0000-0000-000000000000/providers/Microsoft.Network/locations/eastus/operations/52ff9add-dbc8-439f-822b-0c54f35d6b9b?api-version=2021-03-01
  response:
    body:
      string: "{\r\n  \"status\": \"Succeeded\"\r\n}"
    headers:
      cache-control:
      - no-cache
      content-length:
      - '29'
      content-type:
      - application/json; charset=utf-8
      date:
      - Thu, 16 Sep 2021 04:53:55 GMT
      expires:
      - '-1'
      pragma:
      - no-cache
      server:
      - Microsoft-HTTPAPI/2.0
      - Microsoft-HTTPAPI/2.0
      strict-transport-security:
      - max-age=31536000; includeSubDomains
      transfer-encoding:
      - chunked
      vary:
      - Accept-Encoding
      x-content-type-options:
      - nosniff
      x-ms-arm-service-request-id:
      - deb2c038-b786-41df-b88d-aa6e92c5ca7f
    status:
      code: 200
      message: OK
- request:
    body: null
    headers:
      Accept:
      - '*/*'
      Accept-Encoding:
      - gzip, deflate
      CommandName:
      - network nsg create
      Connection:
      - keep-alive
      ParameterSetName:
      - -g -n
      User-Agent:
      - AZURECLI/2.28.1 azsdk-python-azure-mgmt-network/19.0.0 Python/3.8.3 (Windows-10-10.0.18362-SP0)
    method: GET
    uri: https://management.azure.com/subscriptions/00000000-0000-0000-0000-000000000000/resourceGroups/test_nw_flow_log_000001/providers/Microsoft.Network/networkSecurityGroups/nsg1?api-version=2021-03-01
  response:
    body:
      string: "{\r\n  \"name\": \"nsg1\",\r\n  \"id\": \"/subscriptions/00000000-0000-0000-0000-000000000000/resourceGroups/test_nw_flow_log_000001/providers/Microsoft.Network/networkSecurityGroups/nsg1\",\r\n
        \ \"etag\": \"W/\\\"2845c7be-4d8d-4afd-8165-c3974f762ed5\\\"\",\r\n  \"type\":
        \"Microsoft.Network/networkSecurityGroups\",\r\n  \"location\": \"eastus\",\r\n
        \ \"properties\": {\r\n    \"provisioningState\": \"Succeeded\",\r\n    \"resourceGuid\":
        \"8b3996ef-3904-4ff8-b915-67734c178cef\",\r\n    \"securityRules\": [],\r\n
        \   \"defaultSecurityRules\": [\r\n      {\r\n        \"name\": \"AllowVnetInBound\",\r\n
        \       \"id\": \"/subscriptions/00000000-0000-0000-0000-000000000000/resourceGroups/test_nw_flow_log_000001/providers/Microsoft.Network/networkSecurityGroups/nsg1/defaultSecurityRules/AllowVnetInBound\",\r\n
        \       \"etag\": \"W/\\\"2845c7be-4d8d-4afd-8165-c3974f762ed5\\\"\",\r\n
        \       \"type\": \"Microsoft.Network/networkSecurityGroups/defaultSecurityRules\",\r\n
        \       \"properties\": {\r\n          \"provisioningState\": \"Succeeded\",\r\n
        \         \"description\": \"Allow inbound traffic from all VMs in VNET\",\r\n
        \         \"protocol\": \"*\",\r\n          \"sourcePortRange\": \"*\",\r\n
        \         \"destinationPortRange\": \"*\",\r\n          \"sourceAddressPrefix\":
        \"VirtualNetwork\",\r\n          \"destinationAddressPrefix\": \"VirtualNetwork\",\r\n
        \         \"access\": \"Allow\",\r\n          \"priority\": 65000,\r\n          \"direction\":
        \"Inbound\",\r\n          \"sourcePortRanges\": [],\r\n          \"destinationPortRanges\":
        [],\r\n          \"sourceAddressPrefixes\": [],\r\n          \"destinationAddressPrefixes\":
        []\r\n        }\r\n      },\r\n      {\r\n        \"name\": \"AllowAzureLoadBalancerInBound\",\r\n
        \       \"id\": \"/subscriptions/00000000-0000-0000-0000-000000000000/resourceGroups/test_nw_flow_log_000001/providers/Microsoft.Network/networkSecurityGroups/nsg1/defaultSecurityRules/AllowAzureLoadBalancerInBound\",\r\n
        \       \"etag\": \"W/\\\"2845c7be-4d8d-4afd-8165-c3974f762ed5\\\"\",\r\n
        \       \"type\": \"Microsoft.Network/networkSecurityGroups/defaultSecurityRules\",\r\n
        \       \"properties\": {\r\n          \"provisioningState\": \"Succeeded\",\r\n
        \         \"description\": \"Allow inbound traffic from azure load balancer\",\r\n
        \         \"protocol\": \"*\",\r\n          \"sourcePortRange\": \"*\",\r\n
        \         \"destinationPortRange\": \"*\",\r\n          \"sourceAddressPrefix\":
        \"AzureLoadBalancer\",\r\n          \"destinationAddressPrefix\": \"*\",\r\n
        \         \"access\": \"Allow\",\r\n          \"priority\": 65001,\r\n          \"direction\":
        \"Inbound\",\r\n          \"sourcePortRanges\": [],\r\n          \"destinationPortRanges\":
        [],\r\n          \"sourceAddressPrefixes\": [],\r\n          \"destinationAddressPrefixes\":
        []\r\n        }\r\n      },\r\n      {\r\n        \"name\": \"DenyAllInBound\",\r\n
        \       \"id\": \"/subscriptions/00000000-0000-0000-0000-000000000000/resourceGroups/test_nw_flow_log_000001/providers/Microsoft.Network/networkSecurityGroups/nsg1/defaultSecurityRules/DenyAllInBound\",\r\n
        \       \"etag\": \"W/\\\"2845c7be-4d8d-4afd-8165-c3974f762ed5\\\"\",\r\n
        \       \"type\": \"Microsoft.Network/networkSecurityGroups/defaultSecurityRules\",\r\n
        \       \"properties\": {\r\n          \"provisioningState\": \"Succeeded\",\r\n
        \         \"description\": \"Deny all inbound traffic\",\r\n          \"protocol\":
        \"*\",\r\n          \"sourcePortRange\": \"*\",\r\n          \"destinationPortRange\":
        \"*\",\r\n          \"sourceAddressPrefix\": \"*\",\r\n          \"destinationAddressPrefix\":
        \"*\",\r\n          \"access\": \"Deny\",\r\n          \"priority\": 65500,\r\n
        \         \"direction\": \"Inbound\",\r\n          \"sourcePortRanges\": [],\r\n
        \         \"destinationPortRanges\": [],\r\n          \"sourceAddressPrefixes\":
        [],\r\n          \"destinationAddressPrefixes\": []\r\n        }\r\n      },\r\n
        \     {\r\n        \"name\": \"AllowVnetOutBound\",\r\n        \"id\": \"/subscriptions/00000000-0000-0000-0000-000000000000/resourceGroups/test_nw_flow_log_000001/providers/Microsoft.Network/networkSecurityGroups/nsg1/defaultSecurityRules/AllowVnetOutBound\",\r\n
        \       \"etag\": \"W/\\\"2845c7be-4d8d-4afd-8165-c3974f762ed5\\\"\",\r\n
        \       \"type\": \"Microsoft.Network/networkSecurityGroups/defaultSecurityRules\",\r\n
        \       \"properties\": {\r\n          \"provisioningState\": \"Succeeded\",\r\n
        \         \"description\": \"Allow outbound traffic from all VMs to all VMs
        in VNET\",\r\n          \"protocol\": \"*\",\r\n          \"sourcePortRange\":
        \"*\",\r\n          \"destinationPortRange\": \"*\",\r\n          \"sourceAddressPrefix\":
        \"VirtualNetwork\",\r\n          \"destinationAddressPrefix\": \"VirtualNetwork\",\r\n
        \         \"access\": \"Allow\",\r\n          \"priority\": 65000,\r\n          \"direction\":
        \"Outbound\",\r\n          \"sourcePortRanges\": [],\r\n          \"destinationPortRanges\":
        [],\r\n          \"sourceAddressPrefixes\": [],\r\n          \"destinationAddressPrefixes\":
        []\r\n        }\r\n      },\r\n      {\r\n        \"name\": \"AllowInternetOutBound\",\r\n
        \       \"id\": \"/subscriptions/00000000-0000-0000-0000-000000000000/resourceGroups/test_nw_flow_log_000001/providers/Microsoft.Network/networkSecurityGroups/nsg1/defaultSecurityRules/AllowInternetOutBound\",\r\n
        \       \"etag\": \"W/\\\"2845c7be-4d8d-4afd-8165-c3974f762ed5\\\"\",\r\n
        \       \"type\": \"Microsoft.Network/networkSecurityGroups/defaultSecurityRules\",\r\n
        \       \"properties\": {\r\n          \"provisioningState\": \"Succeeded\",\r\n
        \         \"description\": \"Allow outbound traffic from all VMs to Internet\",\r\n
        \         \"protocol\": \"*\",\r\n          \"sourcePortRange\": \"*\",\r\n
        \         \"destinationPortRange\": \"*\",\r\n          \"sourceAddressPrefix\":
        \"*\",\r\n          \"destinationAddressPrefix\": \"Internet\",\r\n          \"access\":
        \"Allow\",\r\n          \"priority\": 65001,\r\n          \"direction\": \"Outbound\",\r\n
        \         \"sourcePortRanges\": [],\r\n          \"destinationPortRanges\":
        [],\r\n          \"sourceAddressPrefixes\": [],\r\n          \"destinationAddressPrefixes\":
        []\r\n        }\r\n      },\r\n      {\r\n        \"name\": \"DenyAllOutBound\",\r\n
        \       \"id\": \"/subscriptions/00000000-0000-0000-0000-000000000000/resourceGroups/test_nw_flow_log_000001/providers/Microsoft.Network/networkSecurityGroups/nsg1/defaultSecurityRules/DenyAllOutBound\",\r\n
        \       \"etag\": \"W/\\\"2845c7be-4d8d-4afd-8165-c3974f762ed5\\\"\",\r\n
        \       \"type\": \"Microsoft.Network/networkSecurityGroups/defaultSecurityRules\",\r\n
        \       \"properties\": {\r\n          \"provisioningState\": \"Succeeded\",\r\n
        \         \"description\": \"Deny all outbound traffic\",\r\n          \"protocol\":
        \"*\",\r\n          \"sourcePortRange\": \"*\",\r\n          \"destinationPortRange\":
        \"*\",\r\n          \"sourceAddressPrefix\": \"*\",\r\n          \"destinationAddressPrefix\":
        \"*\",\r\n          \"access\": \"Deny\",\r\n          \"priority\": 65500,\r\n
        \         \"direction\": \"Outbound\",\r\n          \"sourcePortRanges\":
        [],\r\n          \"destinationPortRanges\": [],\r\n          \"sourceAddressPrefixes\":
        [],\r\n          \"destinationAddressPrefixes\": []\r\n        }\r\n      }\r\n
        \   ]\r\n  }\r\n}"
    headers:
      cache-control:
      - no-cache
      content-length:
      - '6932'
      content-type:
      - application/json; charset=utf-8
      date:
      - Thu, 16 Sep 2021 04:53:55 GMT
      etag:
      - W/"2845c7be-4d8d-4afd-8165-c3974f762ed5"
      expires:
      - '-1'
      pragma:
      - no-cache
      server:
      - Microsoft-HTTPAPI/2.0
      - Microsoft-HTTPAPI/2.0
      strict-transport-security:
      - max-age=31536000; includeSubDomains
      transfer-encoding:
      - chunked
      vary:
      - Accept-Encoding
      x-content-type-options:
      - nosniff
      x-ms-arm-service-request-id:
      - 819037d2-317a-492e-bc31-7a1c74c93765
    status:
      code: 200
      message: OK
- request:
    body: '{"location": "eastus", "properties": {"sku": {"name": "PerGB2018"}, "retentionInDays":
      30, "workspaceCapping": {}}}'
    headers:
      Accept:
      - application/json
      Accept-Encoding:
      - gzip, deflate
      CommandName:
      - monitor log-analytics workspace create
      Connection:
      - keep-alive
      Content-Length:
      - '115'
      Content-Type:
      - application/json
      ParameterSetName:
      - --resource-group --location --workspace-name
      User-Agent:
      - AZURECLI/2.28.1 azsdk-python-mgmt-loganalytics/11.0.0 Python/3.8.3 (Windows-10-10.0.18362-SP0)
    method: PUT
    uri: https://management.azure.com/subscriptions/00000000-0000-0000-0000-000000000000/resourcegroups/test_nw_flow_log_000001/providers/Microsoft.OperationalInsights/workspaces/clitest000003?api-version=2020-10-01
  response:
    body:
      string: "{\r\n  \"properties\": {\r\n    \"source\": \"Azure\",\r\n    \"customerId\":
        \"b6ff0955-81f1-4084-8a2b-71edce2896e5\",\r\n    \"provisioningState\": \"Creating\",\r\n
        \   \"sku\": {\r\n      \"name\": \"pergb2018\",\r\n      \"lastSkuUpdate\":
        \"Thu, 16 Sep 2021 04:54:02 GMT\"\r\n    },\r\n    \"retentionInDays\": 30,\r\n
        \   \"features\": {\r\n      \"legacy\": 0,\r\n      \"searchVersion\": 1,\r\n
        \     \"enableLogAccessUsingOnlyResourcePermissions\": true\r\n    },\r\n
        \   \"workspaceCapping\": {\r\n      \"dailyQuotaGb\": -1.0,\r\n      \"quotaNextResetTime\":
        \"Thu, 16 Sep 2021 23:00:00 GMT\",\r\n      \"dataIngestionStatus\": \"RespectQuota\"\r\n
        \   },\r\n    \"publicNetworkAccessForIngestion\": \"Enabled\",\r\n    \"publicNetworkAccessForQuery\":
        \"Enabled\",\r\n    \"createdDate\": \"Thu, 16 Sep 2021 04:54:02 GMT\",\r\n
        \   \"modifiedDate\": \"Thu, 16 Sep 2021 04:54:02 GMT\"\r\n  },\r\n  \"id\":
        \"/subscriptions/00000000-0000-0000-0000-000000000000/resourcegroups/test_nw_flow_log_000001/providers/microsoft.operationalinsights/workspaces/clitest000003\",\r\n
        \ \"name\": \"clitest000003\",\r\n  \"type\": \"Microsoft.OperationalInsights/workspaces\",\r\n
        \ \"location\": \"eastus\"\r\n}"
    headers:
      cache-control:
      - no-cache
      content-length:
      - '1133'
      content-type:
      - application/json
      date:
      - Thu, 16 Sep 2021 04:54:26 GMT
      pragma:
      - no-cache
      server:
      - Microsoft-IIS/10.0
      - Microsoft-IIS/10.0
      strict-transport-security:
      - max-age=31536000; includeSubDomains
      x-content-type-options:
      - nosniff
      x-ms-ratelimit-remaining-subscription-writes:
      - '1191'
      x-powered-by:
      - ASP.NET
      - ASP.NET
    status:
      code: 201
      message: Created
- request:
    body: null
    headers:
      Accept:
      - '*/*'
      Accept-Encoding:
      - gzip, deflate
      CommandName:
      - monitor log-analytics workspace create
      Connection:
      - keep-alive
      ParameterSetName:
      - --resource-group --location --workspace-name
      User-Agent:
      - AZURECLI/2.28.1 azsdk-python-mgmt-loganalytics/11.0.0 Python/3.8.3 (Windows-10-10.0.18362-SP0)
    method: GET
    uri: https://management.azure.com/subscriptions/00000000-0000-0000-0000-000000000000/resourcegroups/test_nw_flow_log_000001/providers/Microsoft.OperationalInsights/workspaces/clitest000003?api-version=2020-10-01
  response:
    body:
      string: "{\r\n  \"properties\": {\r\n    \"source\": \"Azure\",\r\n    \"customerId\":
        \"b6ff0955-81f1-4084-8a2b-71edce2896e5\",\r\n    \"provisioningState\": \"Succeeded\",\r\n
        \   \"sku\": {\r\n      \"name\": \"pergb2018\",\r\n      \"lastSkuUpdate\":
        \"Thu, 16 Sep 2021 04:54:02 GMT\"\r\n    },\r\n    \"retentionInDays\": 30,\r\n
        \   \"features\": {\r\n      \"legacy\": 0,\r\n      \"searchVersion\": 1,\r\n
        \     \"enableLogAccessUsingOnlyResourcePermissions\": true\r\n    },\r\n
        \   \"workspaceCapping\": {\r\n      \"dailyQuotaGb\": -1.0,\r\n      \"quotaNextResetTime\":
        \"Thu, 16 Sep 2021 23:00:00 GMT\",\r\n      \"dataIngestionStatus\": \"RespectQuota\"\r\n
        \   },\r\n    \"publicNetworkAccessForIngestion\": \"Enabled\",\r\n    \"publicNetworkAccessForQuery\":
        \"Enabled\",\r\n    \"createdDate\": \"Thu, 16 Sep 2021 04:54:02 GMT\",\r\n
        \   \"modifiedDate\": \"Thu, 16 Sep 2021 04:54:26 GMT\"\r\n  },\r\n  \"id\":
        \"/subscriptions/00000000-0000-0000-0000-000000000000/resourcegroups/test_nw_flow_log_000001/providers/microsoft.operationalinsights/workspaces/clitest000003\",\r\n
        \ \"name\": \"clitest000003\",\r\n  \"type\": \"Microsoft.OperationalInsights/workspaces\",\r\n
        \ \"location\": \"eastus\"\r\n}"
    headers:
      cache-control:
      - no-cache
      content-length:
      - '1134'
      content-type:
      - application/json
      date:
      - Thu, 16 Sep 2021 04:54:57 GMT
      pragma:
      - no-cache
      server:
      - Microsoft-IIS/10.0
      - Microsoft-IIS/10.0
      strict-transport-security:
      - max-age=31536000; includeSubDomains
      transfer-encoding:
      - chunked
      vary:
      - Accept-Encoding
      x-content-type-options:
      - nosniff
      x-powered-by:
      - ASP.NET
      - ASP.NET
    status:
      code: 200
      message: OK
- request:
    body: null
    headers:
      Accept:
      - application/json
      Accept-Encoding:
      - gzip, deflate
      CommandName:
      - network watcher flow-log create
      Connection:
      - keep-alive
      ParameterSetName:
      - --location --resource-group --nsg --storage-account --workspace --name
      User-Agent:
      - AZURECLI/2.28.1 azsdk-python-azure-mgmt-network/19.0.0 Python/3.8.3 (Windows-10-10.0.18362-SP0)
    method: GET
    uri: https://management.azure.com/subscriptions/00000000-0000-0000-0000-000000000000/providers/Microsoft.Network/networkWatchers?api-version=2021-03-01
  response:
    body:
      string: '{"value":[{"name":"NetworkWatcher_westus","id":"/subscriptions/00000000-0000-0000-0000-000000000000/resourceGroups/NetworkWatcherRG/providers/Microsoft.Network/networkWatchers/NetworkWatcher_westus","etag":"W/\"a4fcab3c-c51a-47f3-896e-9b8152a6ecf4\"","type":"Microsoft.Network/networkWatchers","location":"westus","properties":{"provisioningState":"Succeeded","runningOperationIds":[]}},{"name":"NetworkWatcher_eastus","id":"/subscriptions/00000000-0000-0000-0000-000000000000/resourceGroups/NetworkWatcherRG/providers/Microsoft.Network/networkWatchers/NetworkWatcher_eastus","etag":"W/\"8e92248a-3112-405d-acda-48fcd5e5803d\"","type":"Microsoft.Network/networkWatchers","location":"eastus","properties":{"provisioningState":"Succeeded","runningOperationIds":[]}},{"name":"NetworkWatcher_eastus2","id":"/subscriptions/00000000-0000-0000-0000-000000000000/resourceGroups/NetworkWatcherRG/providers/Microsoft.Network/networkWatchers/NetworkWatcher_eastus2","etag":"W/\"4dd2502a-5e3e-44f8-a124-e9a606acec60\"","type":"Microsoft.Network/networkWatchers","location":"eastus2","properties":{"provisioningState":"Succeeded","runningOperationIds":[]}},{"name":"NetworkWatcher_westcentralus","id":"/subscriptions/00000000-0000-0000-0000-000000000000/resourceGroups/NetworkWatcherRG/providers/Microsoft.Network/networkWatchers/NetworkWatcher_westcentralus","etag":"W/\"0dc03755-d854-4c2b-8bd7-308d1f15e120\"","type":"Microsoft.Network/networkWatchers","location":"westcentralus","properties":{"provisioningState":"Succeeded","runningOperationIds":[]}},{"name":"NetworkWatcher_centraluseuap","id":"/subscriptions/00000000-0000-0000-0000-000000000000/resourceGroups/NetworkWatcherRG/providers/Microsoft.Network/networkWatchers/NetworkWatcher_centraluseuap","etag":"W/\"48265e51-f923-4acf-9593-2153cb9f270d\"","type":"Microsoft.Network/networkWatchers","location":"centraluseuap","properties":{"provisioningState":"Succeeded","runningOperationIds":[]}},{"name":"NetworkWatcher_eastus2euap","id":"/subscriptions/00000000-0000-0000-0000-000000000000/resourceGroups/NetworkWatcherRG/providers/Microsoft.Network/networkWatchers/NetworkWatcher_eastus2euap","etag":"W/\"b2fa049a-916c-4216-b42d-4425f4ce2cb4\"","type":"Microsoft.Network/networkWatchers","location":"eastus2euap","properties":{"provisioningState":"Succeeded","runningOperationIds":[]}}]}'
    headers:
      cache-control:
      - no-cache
      content-length:
      - '2333'
      content-type:
      - application/json; charset=utf-8
      date:
      - Thu, 16 Sep 2021 04:54:59 GMT
      expires:
      - '-1'
      pragma:
      - no-cache
      strict-transport-security:
      - max-age=31536000; includeSubDomains
      vary:
      - Accept-Encoding
      x-content-type-options:
      - nosniff
      x-ms-original-request-ids:
      - dffe7227-0b2f-4d52-8552-708c1d7e6441
      - 1bed7a13-7f73-404b-8724-a577754a70e8
      - 955456a3-8847-4a64-b5ad-8d0ff974dd92
      - 046230e2-1d40-49bd-9593-66fe07d35a93
      - 8551de7c-be2e-4740-9fdc-3e1a4d81c8bd
      - 13a08d66-0a58-41d8-8d2b-48082f7a4154
    status:
      code: 200
      message: OK
- request:
    body: null
    headers:
      Accept:
      - application/json
      Accept-Encoding:
      - gzip, deflate
      CommandName:
      - network watcher flow-log create
      Connection:
      - keep-alive
      ParameterSetName:
      - --location --resource-group --nsg --storage-account --workspace --name
      User-Agent:
      - AZURECLI/2.28.1 azsdk-python-azure-mgmt-resource/19.0.0 Python/3.8.3 (Windows-10-10.0.18362-SP0)
    method: GET
    uri: https://management.azure.com/subscriptions/00000000-0000-0000-0000-000000000000/providers/microsoft.operationalinsights?api-version=2021-04-01
  response:
    body:
      string: '{"id":"/subscriptions/00000000-0000-0000-0000-000000000000/providers/Microsoft.OperationalInsights","namespace":"Microsoft.OperationalInsights","authorizations":[{"applicationId":"d2a0a418-0aac-4541-82b2-b3142c89da77","roleDefinitionId":"86695298-2eb9-48a7-9ec3-2fdb38b6878b"},{"applicationId":"ca7f3f0b-7d91-482c-8e09-c5d840d0eac5","roleDefinitionId":"5d5a2e56-9835-44aa-93db-d2f19e155438"}],"resourceTypes":[{"resourceType":"workspaces","locations":["East
        US","West Europe","Southeast Asia","Australia Southeast","West Central US","Japan
        East","UK South","Central India","Canada Central","West US 2","Australia Central","Australia
        East","France Central","Korea Central","North Europe","Central US","East Asia","East
        US 2","South Central US","North Central US","West US","UK West","South Africa
        North","Brazil South","Switzerland North","Switzerland West","Germany West
        Central","Australia Central 2","UAE Central","UAE North","Japan West","Brazil
        Southeast","Norway East","Norway West","France South","South India","Korea
        South","Sweden Central"],"apiVersions":["2021-06-01","2021-03-01-privatepreview","2020-10-01","2020-08-01","2020-03-01-preview","2017-04-26-preview","2017-03-15-preview","2017-03-03-preview","2017-01-01-preview","2015-11-01-preview","2015-03-20"],"capabilities":"CrossResourceGroupResourceMove,
        CrossSubscriptionResourceMove, SupportsTags, SupportsLocation"},{"resourceType":"querypacks","locations":["West
        Central US","East US","South Central US","North Europe","West Europe","Southeast
        Asia","West US 2","UK South","Canada Central","Central India","Japan East","Australia
        East","Korea Central","France Central","Central US","East US 2","East Asia","West
        US","South Africa North","North Central US","Brazil South","Switzerland North","Norway
        East","Australia Southeast","Australia Central 2","Germany West Central","Switzerland
        West","UAE Central","UK West","Brazil Southeast","Japan West","UAE North","Australia
        Central","France South","South India","Korea South","Sweden Central"],"apiVersions":["2019-09-01-preview"],"capabilities":"SupportsTags,
        SupportsLocation"},{"resourceType":"locations","locations":[],"apiVersions":["2020-10-01","2020-08-01","2020-03-01-preview","2019-08-01-preview","2017-04-26-preview","2017-03-15-preview","2017-03-03-preview","2017-01-01-preview","2015-11-01-preview","2015-03-20"],"defaultApiVersion":"2020-08-01","capabilities":"None"},{"resourceType":"locations/operationStatuses","locations":["East
        US","West Europe","Southeast Asia","Australia Southeast","West Central US","Japan
        East","UK South","Central India","Canada Central","West US 2","Australia Central","Australia
        East","France Central","Korea Central","North Europe","Central US","East Asia","East
        US 2","South Central US","North Central US","West US","UK West","South Africa
        North","Brazil South","Switzerland North","Switzerland West","Germany West
        Central","Australia Central 2","UAE Central","UAE North","Japan West","Brazil
        Southeast","Norway East","Norway West","France South","South India","Korea
        South","Sweden Central"],"apiVersions":["2020-10-01","2020-08-01","2020-03-01-preview","2019-08-01-preview","2017-04-26-preview","2017-03-15-preview","2017-03-03-preview","2017-01-01-preview","2015-11-01-preview","2015-03-20"],"defaultApiVersion":"2020-08-01","capabilities":"None"},{"resourceType":"workspaces/scopedPrivateLinkProxies","locations":["East
        US","West Europe","Southeast Asia","Australia Southeast","West Central US","Japan
        East","UK South","Central India","Canada Central","West US 2","Australia Central","Australia
        East","France Central","Korea Central","North Europe","Central US","East Asia","East
        US 2","South Central US","North Central US","West US","UK West","South Africa
        North","Brazil South","Switzerland North","Switzerland West","Germany West
        Central","Australia Central 2","UAE Central","UAE North","Japan West","Brazil
        Southeast","Norway East","Norway West","France South","South India","Korea
        South","Sweden Central"],"apiVersions":["2020-03-01-preview","2019-08-01-preview","2015-11-01-preview"],"defaultApiVersion":"2020-03-01-preview","capabilities":"None"},{"resourceType":"workspaces/query","locations":[],"apiVersions":["2017-10-01"],"capabilities":"None"},{"resourceType":"workspaces/metadata","locations":[],"apiVersions":["2017-10-01"],"capabilities":"None"},{"resourceType":"workspaces/dataSources","locations":["East
        US","West Europe","Southeast Asia","Australia Southeast","West Central US","Japan
        East","UK South","Central India","Canada Central","West US 2","Australia Central","Australia
        East","France Central","Korea Central","North Europe","Central US","East Asia","East
        US 2","South Central US","North Central US","West US","UK West","South Africa
        North","Brazil South","Switzerland North","Switzerland West","Germany West
        Central","Australia Central 2","UAE Central","UAE North","Japan West","Brazil
        Southeast","Norway East","Norway West","France South","South India","Korea
        South","Sweden Central"],"apiVersions":["2020-08-01","2020-03-01-preview","2015-11-01-preview"],"defaultApiVersion":"2020-08-01","capabilities":"None"},{"resourceType":"workspaces/linkedStorageAccounts","locations":["East
        US","West Europe","Southeast Asia","Australia Southeast","West Central US","Japan
        East","UK South","Central India","Canada Central","West US 2","Australia Central","Australia
        East","France Central","Korea Central","North Europe","Central US","East Asia","East
        US 2","South Central US","North Central US","West US","UK West","South Africa
        North","Brazil South","Switzerland North","Switzerland West","Germany West
        Central","Australia Central 2","UAE Central","UAE North","Japan West","Brazil
        Southeast","Norway East","Norway West","France South","South India","Korea
        South","Sweden Central"],"apiVersions":["2020-08-01","2020-03-01-preview","2019-08-01-preview"],"defaultApiVersion":"2020-08-01","capabilities":"None"},{"resourceType":"workspaces/tables","locations":["East
        US","West Europe","Southeast Asia","Australia Southeast","West Central US","Japan
        East","UK South","Central India","Canada Central","West US 2","Australia East","Australia
        Central","France Central","Korea Central","North Europe","Central US","East
        Asia","East US 2","South Central US","North Central US","West US","UK West","South
        Africa North","Brazil South","Switzerland North","Switzerland West","Germany
        West Central","Australia Central 2","UAE Central","UAE North","Japan West","Brazil
        Southeast","Norway East","Norway West","France South","South India","Korea
        South","Sweden Central"],"apiVersions":["2020-08-01","2020-03-01-preview","2017-04-26-preview"],"capabilities":"None"},{"resourceType":"workspaces/storageInsightConfigs","locations":["East
        US","West Europe","Southeast Asia","Australia Southeast","West Central US","Japan
        East","UK South","Central India","Canada Central","West US 2","Australia East","Australia
        Central","France Central","Korea Central","North Europe","Central US","East
        Asia","East US 2","South Central US","North Central US","West US","UK West","South
        Africa North","Brazil South","Switzerland North","Switzerland West","Germany
        West Central","Australia Central 2","UAE Central","UAE North","Japan West","Brazil
        Southeast","Norway East","Norway West","France South","South India","Korea
        South","Sweden Central"],"apiVersions":["2020-08-01","2020-03-01-preview","2017-04-26-preview","2017-03-15-preview","2017-03-03-preview","2017-01-01-preview","2015-11-01-preview","2015-03-20"],"capabilities":"None"},{"resourceType":"storageInsightConfigs","locations":[],"apiVersions":["2020-08-01","2020-03-01-preview","2014-10-10"],"capabilities":"SupportsExtension"},{"resourceType":"workspaces/linkedServices","locations":["East
        US","West Europe","Southeast Asia","Australia Southeast","West Central US","Japan
        East","UK South","Central India","Canada Central","West US 2","Australia Central","Australia
        East","France Central","Korea Central","North Europe","Central US","East Asia","East
        US 2","South Central US","North Central US","West US","UK West","South Africa
        North","Brazil South","Switzerland North","Switzerland West","Germany West
        Central","Australia Central 2","UAE Central","UAE North","Japan West","Brazil
        Southeast","Norway East","Norway West","France South","South India","Korea
        South","Sweden Central"],"apiVersions":["2020-08-01","2020-03-01-preview","2019-08-01-preview","2015-11-01-preview"],"defaultApiVersion":"2020-08-01","capabilities":"None"},{"resourceType":"linkTargets","locations":["East
        US"],"apiVersions":["2020-03-01-preview","2015-03-20"],"capabilities":"None"},{"resourceType":"deletedWorkspaces","locations":["East
        US","West Europe","Southeast Asia","Australia Southeast","West Central US","Japan
        East","UK South","Central India","Canada Central","West US 2","Australia Central","Australia
        East","France Central","Korea Central","North Europe","Central US","East Asia","East
        US 2","South Central US","North Central US","West US","UK West","South Africa
        North","Brazil South","Switzerland North","Switzerland West","Germany West
        Central","Australia Central 2","UAE Central","UAE North","Japan West","Brazil
        Southeast","Norway East","Norway West","France South","South India","Korea
        South","Sweden Central"],"apiVersions":["2020-10-01","2020-08-01","2020-03-01-preview"],"defaultApiVersion":"2020-08-01","capabilities":"None"},{"resourceType":"operations","locations":[],"apiVersions":["2020-10-01","2020-08-01","2020-03-01-preview","2015-11-01-preview","2014-11-10"],"defaultApiVersion":"2020-08-01","capabilities":"None"},{"resourceType":"clusters","locations":["East
        US","West Europe","Southeast Asia","Australia Southeast","West Central US","Japan
        East","UK South","Central India","Canada Central","West US 2","Australia Central","Australia
        East","France Central","Korea Central","North Europe","Central US","East Asia","East
        US 2","South Central US","North Central US","West US","UK West","South Africa
        North","Switzerland North","Switzerland West","Germany West Central","Australia
        Central 2","UAE Central","Brazil South","UAE North","Japan West","Brazil Southeast","Norway
        East","Norway West","France South","South India","Korea South","Sweden Central"],"apiVersions":["2021-06-01","2020-10-01","2020-08-01","2020-03-01-preview","2019-08-01-preview"],"defaultApiVersion":"2021-06-01","capabilities":"CrossResourceGroupResourceMove,
        CrossSubscriptionResourceMove, SystemAssignedResourceIdentity, SupportsTags,
        SupportsLocation"},{"resourceType":"workspaces/dataExports","locations":["East
        US","West Europe","Southeast Asia","Australia Southeast","West Central US","Japan
        East","UK South","Central India","Canada Central","West US 2","Australia Central","Australia
        East","France Central","Korea Central","North Europe","Central US","East Asia","East
        US 2","South Central US","North Central US","West US","UK West","South Africa
        North","Brazil South"],"apiVersions":["2020-08-01","2020-03-01-preview","2019-08-01-preview"],"defaultApiVersion":"2020-08-01","capabilities":"None"}],"registrationState":"Registered","registrationPolicy":"RegistrationRequired"}'
    headers:
      cache-control:
      - no-cache
      content-length:
      - '11063'
      content-type:
      - application/json; charset=utf-8
      date:
      - Thu, 16 Sep 2021 04:55:01 GMT
      expires:
      - '-1'
      pragma:
      - no-cache
      strict-transport-security:
      - max-age=31536000; includeSubDomains
      vary:
      - Accept-Encoding
      x-content-type-options:
      - nosniff
    status:
      code: 200
      message: OK
- request:
    body: null
    headers:
      Accept:
      - application/json
      Accept-Encoding:
      - gzip, deflate
      CommandName:
      - network watcher flow-log create
      Connection:
      - keep-alive
      ParameterSetName:
      - --location --resource-group --nsg --storage-account --workspace --name
      User-Agent:
      - AZURECLI/2.28.1 azsdk-python-azure-mgmt-resource/19.0.0 Python/3.8.3 (Windows-10-10.0.18362-SP0)
    method: GET
    uri: https://management.azure.com/subscriptions/00000000-0000-0000-0000-000000000000/resourcegroups/test_nw_flow_log_000001/providers/microsoft.operationalinsights/workspaces/clitest000003?api-version=2021-06-01
  response:
    body:
      string: "{\r\n  \"properties\": {\r\n    \"source\": \"Azure\",\r\n    \"customerId\":
        \"b6ff0955-81f1-4084-8a2b-71edce2896e5\",\r\n    \"provisioningState\": \"Succeeded\",\r\n
        \   \"sku\": {\r\n      \"name\": \"pergb2018\",\r\n      \"lastSkuUpdate\":
        \"Thu, 16 Sep 2021 04:54:02 GMT\"\r\n    },\r\n    \"retentionInDays\": 30,\r\n
        \   \"features\": {\r\n      \"legacy\": 0,\r\n      \"searchVersion\": 1,\r\n
        \     \"enableLogAccessUsingOnlyResourcePermissions\": true\r\n    },\r\n
        \   \"workspaceCapping\": {\r\n      \"dailyQuotaGb\": -1.0,\r\n      \"quotaNextResetTime\":
        \"Thu, 16 Sep 2021 23:00:00 GMT\",\r\n      \"dataIngestionStatus\": \"RespectQuota\"\r\n
        \   },\r\n    \"publicNetworkAccessForIngestion\": \"Enabled\",\r\n    \"publicNetworkAccessForQuery\":
        \"Enabled\",\r\n    \"createdDate\": \"Thu, 16 Sep 2021 04:54:02 GMT\",\r\n
        \   \"modifiedDate\": \"Thu, 16 Sep 2021 04:54:26 GMT\"\r\n  },\r\n  \"id\":
        \"/subscriptions/00000000-0000-0000-0000-000000000000/resourcegroups/test_nw_flow_log_000001/providers/microsoft.operationalinsights/workspaces/clitest000003\",\r\n
        \ \"name\": \"clitest000003\",\r\n  \"type\": \"Microsoft.OperationalInsights/workspaces\",\r\n
        \ \"location\": \"eastus\"\r\n}"
    headers:
      cache-control:
      - no-cache
      content-length:
      - '1134'
      content-type:
      - application/json
      date:
      - Thu, 16 Sep 2021 04:55:02 GMT
      pragma:
      - no-cache
      server:
      - Microsoft-IIS/10.0
      - Microsoft-IIS/10.0
      strict-transport-security:
      - max-age=31536000; includeSubDomains
      transfer-encoding:
      - chunked
      vary:
      - Accept-Encoding
      x-content-type-options:
      - nosniff
      x-powered-by:
      - ASP.NET
      - ASP.NET
    status:
      code: 200
      message: OK
- request:
    body: '{"location": "eastus", "properties": {"targetResourceId": "/subscriptions/00000000-0000-0000-0000-000000000000/resourceGroups/test_nw_flow_log_000001/providers/Microsoft.Network/networkSecurityGroups/nsg1",
      "storageId": "/subscriptions/00000000-0000-0000-0000-000000000000/resourceGroups/test_nw_flow_log_000001/providers/Microsoft.Storage/storageAccounts/testflowlog000002",
      "enabled": true, "flowAnalyticsConfiguration": {"networkWatcherFlowAnalyticsConfiguration":
      {"workspaceId": "b6ff0955-81f1-4084-8a2b-71edce2896e5", "workspaceRegion": "eastus",
      "workspaceResourceId": "/subscriptions/00000000-0000-0000-0000-000000000000/resourcegroups/test_nw_flow_log_000001/providers/microsoft.operationalinsights/workspaces/clitest000003",
      "trafficAnalyticsInterval": 60}}}}'
    headers:
      Accept:
      - application/json
      Accept-Encoding:
      - gzip, deflate
      CommandName:
      - network watcher flow-log create
      Connection:
      - keep-alive
      Content-Length:
      - '939'
      Content-Type:
      - application/json
      ParameterSetName:
      - --location --resource-group --nsg --storage-account --workspace --name
      User-Agent:
      - AZURECLI/2.28.1 azsdk-python-azure-mgmt-network/19.0.0 Python/3.8.3 (Windows-10-10.0.18362-SP0)
    method: PUT
    uri: https://management.azure.com/subscriptions/00000000-0000-0000-0000-000000000000/resourceGroups/NetworkWatcherRG/providers/Microsoft.Network/networkWatchers/NetworkWatcher_eastus/flowLogs/flow_log_test?api-version=2021-03-01
  response:
    body:
      string: "{\r\n  \"name\": \"flow_log_test\",\r\n  \"id\": \"/subscriptions/00000000-0000-0000-0000-000000000000/resourceGroups/NetworkWatcherRG/providers/Microsoft.Network/networkWatchers/NetworkWatcher_eastus/flowLogs/flow_log_test\",\r\n
        \ \"etag\": \"W/\\\"5b6cb1a8-b3fa-4372-9cb3-52d8ff8e99fa\\\"\",\r\n  \"properties\":
        {\r\n    \"provisioningState\": \"Updating\",\r\n    \"targetResourceId\":
        \"/subscriptions/00000000-0000-0000-0000-000000000000/resourceGroups/test_nw_flow_log_000001/providers/Microsoft.Network/networkSecurityGroups/nsg1\",\r\n
        \   \"targetResourceGuid\": \"8b3996ef-3904-4ff8-b915-67734c178cef\",\r\n
        \   \"storageId\": \"/subscriptions/00000000-0000-0000-0000-000000000000/resourceGroups/test_nw_flow_log_000001/providers/Microsoft.Storage/storageAccounts/testflowlog000002\",\r\n
        \   \"enabled\": true,\r\n    \"flowAnalyticsConfiguration\": {\r\n      \"networkWatcherFlowAnalyticsConfiguration\":
        {\r\n        \"enabled\": false,\r\n        \"workspaceId\": \"b6ff0955-81f1-4084-8a2b-71edce2896e5\",\r\n
        \       \"workspaceRegion\": \"eastus\",\r\n        \"workspaceResourceId\":
        \"/subscriptions/00000000-0000-0000-0000-000000000000/resourcegroups/test_nw_flow_log_000001/providers/microsoft.operationalinsights/workspaces/clitest000003\",\r\n
        \       \"trafficAnalyticsInterval\": 60\r\n      }\r\n    },\r\n    \"retentionPolicy\":
        {\r\n      \"days\": 0,\r\n      \"enabled\": false\r\n    },\r\n    \"format\":
        {\r\n      \"type\": \"JSON\",\r\n      \"version\": 1\r\n    }\r\n  },\r\n
        \ \"type\": \"Microsoft.Network/networkWatchers/flowLogs\",\r\n  \"location\":
        \"eastus\"\r\n}"
    headers:
      azure-asyncnotification:
      - Enabled
      azure-asyncoperation:
      - https://management.azure.com/subscriptions/00000000-0000-0000-0000-000000000000/providers/Microsoft.Network/locations/eastus/operations/587bbb8d-58f3-4714-9ccf-88a3b2ceab89?api-version=2021-03-01
      cache-control:
      - no-cache
      content-length:
      - '1635'
      content-type:
      - application/json; charset=utf-8
      date:
      - Thu, 16 Sep 2021 04:55:09 GMT
      expires:
      - '-1'
      pragma:
      - no-cache
      server:
      - Microsoft-HTTPAPI/2.0
      - Microsoft-HTTPAPI/2.0
      strict-transport-security:
      - max-age=31536000; includeSubDomains
      x-content-type-options:
      - nosniff
      x-ms-arm-service-request-id:
      - f224b29a-3350-4ab2-bef6-d2fc5150f5ec
      x-ms-ratelimit-remaining-subscription-writes:
      - '1193'
    status:
      code: 201
      message: Created
- request:
    body: null
    headers:
      Accept:
      - '*/*'
      Accept-Encoding:
      - gzip, deflate
      CommandName:
      - network watcher flow-log create
      Connection:
      - keep-alive
      ParameterSetName:
      - --location --resource-group --nsg --storage-account --workspace --name
      User-Agent:
      - AZURECLI/2.28.1 azsdk-python-azure-mgmt-network/19.0.0 Python/3.8.3 (Windows-10-10.0.18362-SP0)
    method: GET
    uri: https://management.azure.com/subscriptions/00000000-0000-0000-0000-000000000000/providers/Microsoft.Network/locations/eastus/operations/587bbb8d-58f3-4714-9ccf-88a3b2ceab89?api-version=2021-03-01
  response:
    body:
      string: "{\r\n  \"status\": \"Succeeded\"\r\n}"
    headers:
      cache-control:
      - no-cache
      content-length:
      - '29'
      content-type:
      - application/json; charset=utf-8
      date:
      - Thu, 16 Sep 2021 04:55:19 GMT
      expires:
      - '-1'
      pragma:
      - no-cache
      server:
      - Microsoft-HTTPAPI/2.0
      - Microsoft-HTTPAPI/2.0
      strict-transport-security:
      - max-age=31536000; includeSubDomains
      transfer-encoding:
      - chunked
      vary:
      - Accept-Encoding
      x-content-type-options:
      - nosniff
      x-ms-arm-service-request-id:
      - 418cb2b7-b574-42ab-acba-06ce349f50cc
    status:
      code: 200
      message: OK
- request:
    body: null
    headers:
      Accept:
      - '*/*'
      Accept-Encoding:
      - gzip, deflate
      CommandName:
      - network watcher flow-log create
      Connection:
      - keep-alive
      ParameterSetName:
      - --location --resource-group --nsg --storage-account --workspace --name
      User-Agent:
      - AZURECLI/2.28.1 azsdk-python-azure-mgmt-network/19.0.0 Python/3.8.3 (Windows-10-10.0.18362-SP0)
    method: GET
    uri: https://management.azure.com/subscriptions/00000000-0000-0000-0000-000000000000/resourceGroups/NetworkWatcherRG/providers/Microsoft.Network/networkWatchers/NetworkWatcher_eastus/flowLogs/flow_log_test?api-version=2021-03-01
  response:
    body:
      string: "{\r\n  \"name\": \"flow_log_test\",\r\n  \"id\": \"/subscriptions/00000000-0000-0000-0000-000000000000/resourceGroups/NetworkWatcherRG/providers/Microsoft.Network/networkWatchers/NetworkWatcher_eastus/flowLogs/flow_log_test\",\r\n
        \ \"etag\": \"W/\\\"2ebfd31b-a38b-42c4-86d5-ef6e6f433729\\\"\",\r\n  \"properties\":
        {\r\n    \"provisioningState\": \"Succeeded\",\r\n    \"targetResourceId\":
        \"/subscriptions/00000000-0000-0000-0000-000000000000/resourceGroups/test_nw_flow_log_000001/providers/Microsoft.Network/networkSecurityGroups/nsg1\",\r\n
        \   \"targetResourceGuid\": \"8b3996ef-3904-4ff8-b915-67734c178cef\",\r\n
        \   \"storageId\": \"/subscriptions/00000000-0000-0000-0000-000000000000/resourceGroups/test_nw_flow_log_000001/providers/Microsoft.Storage/storageAccounts/testflowlog000002\",\r\n
        \   \"enabled\": true,\r\n    \"flowAnalyticsConfiguration\": {\r\n      \"networkWatcherFlowAnalyticsConfiguration\":
        {\r\n        \"enabled\": false,\r\n        \"workspaceId\": \"b6ff0955-81f1-4084-8a2b-71edce2896e5\",\r\n
        \       \"workspaceRegion\": \"eastus\",\r\n        \"workspaceResourceId\":
        \"/subscriptions/00000000-0000-0000-0000-000000000000/resourcegroups/test_nw_flow_log_000001/providers/microsoft.operationalinsights/workspaces/clitest000003\",\r\n
        \       \"trafficAnalyticsInterval\": 60\r\n      }\r\n    },\r\n    \"retentionPolicy\":
        {\r\n      \"days\": 0,\r\n      \"enabled\": false\r\n    },\r\n    \"format\":
        {\r\n      \"type\": \"JSON\",\r\n      \"version\": 1\r\n    }\r\n  },\r\n
        \ \"type\": \"Microsoft.Network/networkWatchers/flowLogs\",\r\n  \"location\":
        \"eastus\"\r\n}"
    headers:
      cache-control:
      - no-cache
      content-length:
      - '1636'
      content-type:
      - application/json; charset=utf-8
      date:
      - Thu, 16 Sep 2021 04:55:20 GMT
      expires:
      - '-1'
      pragma:
      - no-cache
      server:
      - Microsoft-HTTPAPI/2.0
      - Microsoft-HTTPAPI/2.0
      strict-transport-security:
      - max-age=31536000; includeSubDomains
      transfer-encoding:
      - chunked
      vary:
      - Accept-Encoding
      x-content-type-options:
      - nosniff
      x-ms-arm-service-request-id:
      - 4fdd3afc-c012-4278-86c3-975b80d9e48d
    status:
      code: 200
      message: OK
- request:
    body: null
    headers:
      Accept:
      - application/json
      Accept-Encoding:
      - gzip, deflate
      CommandName:
      - network watcher flow-log list
      Connection:
      - keep-alive
      ParameterSetName:
      - --location
      User-Agent:
      - AZURECLI/2.28.1 azsdk-python-azure-mgmt-network/19.0.0 Python/3.8.3 (Windows-10-10.0.18362-SP0)
    method: GET
    uri: https://management.azure.com/subscriptions/00000000-0000-0000-0000-000000000000/providers/Microsoft.Network/networkWatchers?api-version=2021-03-01
  response:
    body:
      string: '{"value":[{"name":"NetworkWatcher_westus","id":"/subscriptions/00000000-0000-0000-0000-000000000000/resourceGroups/NetworkWatcherRG/providers/Microsoft.Network/networkWatchers/NetworkWatcher_westus","etag":"W/\"a4fcab3c-c51a-47f3-896e-9b8152a6ecf4\"","type":"Microsoft.Network/networkWatchers","location":"westus","properties":{"provisioningState":"Succeeded","runningOperationIds":[]}},{"name":"NetworkWatcher_eastus","id":"/subscriptions/00000000-0000-0000-0000-000000000000/resourceGroups/NetworkWatcherRG/providers/Microsoft.Network/networkWatchers/NetworkWatcher_eastus","etag":"W/\"2ebfd31b-a38b-42c4-86d5-ef6e6f433729\"","type":"Microsoft.Network/networkWatchers","location":"eastus","properties":{"provisioningState":"Succeeded","runningOperationIds":[]}},{"name":"NetworkWatcher_eastus2","id":"/subscriptions/00000000-0000-0000-0000-000000000000/resourceGroups/NetworkWatcherRG/providers/Microsoft.Network/networkWatchers/NetworkWatcher_eastus2","etag":"W/\"4dd2502a-5e3e-44f8-a124-e9a606acec60\"","type":"Microsoft.Network/networkWatchers","location":"eastus2","properties":{"provisioningState":"Succeeded","runningOperationIds":[]}},{"name":"NetworkWatcher_westcentralus","id":"/subscriptions/00000000-0000-0000-0000-000000000000/resourceGroups/NetworkWatcherRG/providers/Microsoft.Network/networkWatchers/NetworkWatcher_westcentralus","etag":"W/\"0dc03755-d854-4c2b-8bd7-308d1f15e120\"","type":"Microsoft.Network/networkWatchers","location":"westcentralus","properties":{"provisioningState":"Succeeded","runningOperationIds":[]}},{"name":"NetworkWatcher_centraluseuap","id":"/subscriptions/00000000-0000-0000-0000-000000000000/resourceGroups/NetworkWatcherRG/providers/Microsoft.Network/networkWatchers/NetworkWatcher_centraluseuap","etag":"W/\"48265e51-f923-4acf-9593-2153cb9f270d\"","type":"Microsoft.Network/networkWatchers","location":"centraluseuap","properties":{"provisioningState":"Succeeded","runningOperationIds":[]}},{"name":"NetworkWatcher_eastus2euap","id":"/subscriptions/00000000-0000-0000-0000-000000000000/resourceGroups/NetworkWatcherRG/providers/Microsoft.Network/networkWatchers/NetworkWatcher_eastus2euap","etag":"W/\"b2fa049a-916c-4216-b42d-4425f4ce2cb4\"","type":"Microsoft.Network/networkWatchers","location":"eastus2euap","properties":{"provisioningState":"Succeeded","runningOperationIds":[]}}]}'
    headers:
      cache-control:
      - no-cache
      content-length:
      - '2333'
      content-type:
      - application/json; charset=utf-8
      date:
      - Thu, 16 Sep 2021 04:55:22 GMT
      expires:
      - '-1'
      pragma:
      - no-cache
      strict-transport-security:
      - max-age=31536000; includeSubDomains
      vary:
      - Accept-Encoding
      x-content-type-options:
      - nosniff
      x-ms-original-request-ids:
      - 1e7054f2-81ac-4420-88d9-61128127f6a7
      - 040f6279-1f31-44ee-918c-8ac6067a7dc4
      - 1d422ede-07c8-43d0-9128-fa8ef781c6b5
      - 70d8698b-1837-4f56-880f-5df1d8609b36
      - 40942889-9432-4265-961d-b8cd7019adc0
      - a1014148-10d2-42fa-8d7b-a9fb2ba97610
    status:
      code: 200
      message: OK
- request:
    body: null
    headers:
      Accept:
      - application/json
      Accept-Encoding:
      - gzip, deflate
      CommandName:
      - network watcher flow-log list
      Connection:
      - keep-alive
      ParameterSetName:
      - --location
      User-Agent:
      - AZURECLI/2.28.1 azsdk-python-azure-mgmt-network/19.0.0 Python/3.8.3 (Windows-10-10.0.18362-SP0)
    method: GET
    uri: https://management.azure.com/subscriptions/00000000-0000-0000-0000-000000000000/resourceGroups/NetworkWatcherRG/providers/Microsoft.Network/networkWatchers/NetworkWatcher_eastus/flowLogs?api-version=2021-03-01
  response:
    body:
      string: "{\r\n  \"value\": [\r\n    {\r\n      \"name\": \"flow_log_test\",\r\n
        \     \"id\": \"/subscriptions/00000000-0000-0000-0000-000000000000/resourceGroups/NetworkWatcherRG/providers/Microsoft.Network/networkWatchers/NetworkWatcher_eastus/flowLogs/flow_log_test\",\r\n
        \     \"etag\": \"W/\\\"2ebfd31b-a38b-42c4-86d5-ef6e6f433729\\\"\",\r\n      \"properties\":
        {\r\n        \"provisioningState\": \"Succeeded\",\r\n        \"targetResourceId\":
        \"/subscriptions/00000000-0000-0000-0000-000000000000/resourceGroups/test_nw_flow_log_000001/providers/Microsoft.Network/networkSecurityGroups/nsg1\",\r\n
        \       \"targetResourceGuid\": \"8b3996ef-3904-4ff8-b915-67734c178cef\",\r\n
        \       \"storageId\": \"/subscriptions/00000000-0000-0000-0000-000000000000/resourceGroups/test_nw_flow_log_000001/providers/Microsoft.Storage/storageAccounts/testflowlog000002\",\r\n
        \       \"enabled\": true,\r\n        \"flowAnalyticsConfiguration\": {\r\n
        \         \"networkWatcherFlowAnalyticsConfiguration\": {\r\n            \"enabled\":
        false,\r\n            \"workspaceId\": \"b6ff0955-81f1-4084-8a2b-71edce2896e5\",\r\n
        \           \"workspaceRegion\": \"eastus\",\r\n            \"workspaceResourceId\":
        \"/subscriptions/00000000-0000-0000-0000-000000000000/resourcegroups/test_nw_flow_log_000001/providers/microsoft.operationalinsights/workspaces/clitest000003\",\r\n
        \           \"trafficAnalyticsInterval\": 60\r\n          }\r\n        },\r\n
        \       \"retentionPolicy\": {\r\n          \"days\": 0,\r\n          \"enabled\":
        false\r\n        },\r\n        \"format\": {\r\n          \"type\": \"JSON\",\r\n
        \         \"version\": 1\r\n        }\r\n      },\r\n      \"type\": \"Microsoft.Network/networkWatchers/flowLogs\",\r\n
        \     \"location\": \"eastus\"\r\n    }\r\n  ]\r\n}"
    headers:
      cache-control:
      - no-cache
      content-length:
      - '1785'
      content-type:
      - application/json; charset=utf-8
      date:
      - Thu, 16 Sep 2021 04:55:24 GMT
      expires:
      - '-1'
      pragma:
      - no-cache
      server:
      - Microsoft-HTTPAPI/2.0
      - Microsoft-HTTPAPI/2.0
      strict-transport-security:
      - max-age=31536000; includeSubDomains
      transfer-encoding:
      - chunked
      vary:
      - Accept-Encoding
      x-content-type-options:
      - nosniff
      x-ms-arm-service-request-id:
      - aae3d82a-b27e-4192-84aa-e28858e4c598
    status:
      code: 200
      message: OK
- request:
    body: null
    headers:
      Accept:
      - application/json
      Accept-Encoding:
      - gzip, deflate
      CommandName:
      - network watcher flow-log show
      Connection:
      - keep-alive
      ParameterSetName:
      - --location --name
      User-Agent:
      - AZURECLI/2.28.1 azsdk-python-azure-mgmt-network/19.0.0 Python/3.8.3 (Windows-10-10.0.18362-SP0)
    method: GET
    uri: https://management.azure.com/subscriptions/00000000-0000-0000-0000-000000000000/providers/Microsoft.Network/networkWatchers?api-version=2021-03-01
  response:
    body:
      string: '{"value":[{"name":"NetworkWatcher_westus","id":"/subscriptions/00000000-0000-0000-0000-000000000000/resourceGroups/NetworkWatcherRG/providers/Microsoft.Network/networkWatchers/NetworkWatcher_westus","etag":"W/\"a4fcab3c-c51a-47f3-896e-9b8152a6ecf4\"","type":"Microsoft.Network/networkWatchers","location":"westus","properties":{"provisioningState":"Succeeded","runningOperationIds":[]}},{"name":"NetworkWatcher_eastus","id":"/subscriptions/00000000-0000-0000-0000-000000000000/resourceGroups/NetworkWatcherRG/providers/Microsoft.Network/networkWatchers/NetworkWatcher_eastus","etag":"W/\"2ebfd31b-a38b-42c4-86d5-ef6e6f433729\"","type":"Microsoft.Network/networkWatchers","location":"eastus","properties":{"provisioningState":"Succeeded","runningOperationIds":[]}},{"name":"NetworkWatcher_eastus2","id":"/subscriptions/00000000-0000-0000-0000-000000000000/resourceGroups/NetworkWatcherRG/providers/Microsoft.Network/networkWatchers/NetworkWatcher_eastus2","etag":"W/\"4dd2502a-5e3e-44f8-a124-e9a606acec60\"","type":"Microsoft.Network/networkWatchers","location":"eastus2","properties":{"provisioningState":"Succeeded","runningOperationIds":[]}},{"name":"NetworkWatcher_westcentralus","id":"/subscriptions/00000000-0000-0000-0000-000000000000/resourceGroups/NetworkWatcherRG/providers/Microsoft.Network/networkWatchers/NetworkWatcher_westcentralus","etag":"W/\"0dc03755-d854-4c2b-8bd7-308d1f15e120\"","type":"Microsoft.Network/networkWatchers","location":"westcentralus","properties":{"provisioningState":"Succeeded","runningOperationIds":[]}},{"name":"NetworkWatcher_centraluseuap","id":"/subscriptions/00000000-0000-0000-0000-000000000000/resourceGroups/NetworkWatcherRG/providers/Microsoft.Network/networkWatchers/NetworkWatcher_centraluseuap","etag":"W/\"48265e51-f923-4acf-9593-2153cb9f270d\"","type":"Microsoft.Network/networkWatchers","location":"centraluseuap","properties":{"provisioningState":"Succeeded","runningOperationIds":[]}},{"name":"NetworkWatcher_eastus2euap","id":"/subscriptions/00000000-0000-0000-0000-000000000000/resourceGroups/NetworkWatcherRG/providers/Microsoft.Network/networkWatchers/NetworkWatcher_eastus2euap","etag":"W/\"b2fa049a-916c-4216-b42d-4425f4ce2cb4\"","type":"Microsoft.Network/networkWatchers","location":"eastus2euap","properties":{"provisioningState":"Succeeded","runningOperationIds":[]}}]}'
    headers:
      cache-control:
      - no-cache
      content-length:
      - '2333'
      content-type:
      - application/json; charset=utf-8
      date:
      - Thu, 16 Sep 2021 04:55:26 GMT
      expires:
      - '-1'
      pragma:
      - no-cache
      strict-transport-security:
      - max-age=31536000; includeSubDomains
      vary:
      - Accept-Encoding
      x-content-type-options:
      - nosniff
      x-ms-original-request-ids:
      - e056fc80-125c-4805-8b18-3db76162660e
      - 7829aaf8-386d-46a2-b4f9-e2977ff04fa2
      - 21aaf019-4eca-42ba-b8b4-a5c8fb8c04c3
      - adc3f185-a401-4185-9ae0-c951350efc51
      - bc8afd15-afd4-40e2-bac4-d16d61136d37
      - d98dc5d9-9f10-4a0a-af40-c820ad62bdb1
    status:
      code: 200
      message: OK
- request:
    body: null
    headers:
      Accept:
      - application/json
      Accept-Encoding:
      - gzip, deflate
      CommandName:
      - network watcher flow-log show
      Connection:
      - keep-alive
      ParameterSetName:
      - --location --name
      User-Agent:
      - AZURECLI/2.28.1 azsdk-python-azure-mgmt-network/19.0.0 Python/3.8.3 (Windows-10-10.0.18362-SP0)
    method: GET
    uri: https://management.azure.com/subscriptions/00000000-0000-0000-0000-000000000000/resourceGroups/NetworkWatcherRG/providers/Microsoft.Network/networkWatchers/NetworkWatcher_eastus/flowLogs/flow_log_test?api-version=2021-03-01
  response:
    body:
      string: "{\r\n  \"name\": \"flow_log_test\",\r\n  \"id\": \"/subscriptions/00000000-0000-0000-0000-000000000000/resourceGroups/NetworkWatcherRG/providers/Microsoft.Network/networkWatchers/NetworkWatcher_eastus/flowLogs/flow_log_test\",\r\n
        \ \"etag\": \"W/\\\"2ebfd31b-a38b-42c4-86d5-ef6e6f433729\\\"\",\r\n  \"properties\":
        {\r\n    \"provisioningState\": \"Succeeded\",\r\n    \"targetResourceId\":
        \"/subscriptions/00000000-0000-0000-0000-000000000000/resourceGroups/test_nw_flow_log_000001/providers/Microsoft.Network/networkSecurityGroups/nsg1\",\r\n
        \   \"targetResourceGuid\": \"8b3996ef-3904-4ff8-b915-67734c178cef\",\r\n
        \   \"storageId\": \"/subscriptions/00000000-0000-0000-0000-000000000000/resourceGroups/test_nw_flow_log_000001/providers/Microsoft.Storage/storageAccounts/testflowlog000002\",\r\n
        \   \"enabled\": true,\r\n    \"flowAnalyticsConfiguration\": {\r\n      \"networkWatcherFlowAnalyticsConfiguration\":
        {\r\n        \"enabled\": false,\r\n        \"workspaceId\": \"b6ff0955-81f1-4084-8a2b-71edce2896e5\",\r\n
        \       \"workspaceRegion\": \"eastus\",\r\n        \"workspaceResourceId\":
        \"/subscriptions/00000000-0000-0000-0000-000000000000/resourcegroups/test_nw_flow_log_000001/providers/microsoft.operationalinsights/workspaces/clitest000003\",\r\n
        \       \"trafficAnalyticsInterval\": 60\r\n      }\r\n    },\r\n    \"retentionPolicy\":
        {\r\n      \"days\": 0,\r\n      \"enabled\": false\r\n    },\r\n    \"format\":
        {\r\n      \"type\": \"JSON\",\r\n      \"version\": 1\r\n    }\r\n  },\r\n
        \ \"type\": \"Microsoft.Network/networkWatchers/flowLogs\",\r\n  \"location\":
        \"eastus\"\r\n}"
    headers:
      cache-control:
      - no-cache
      content-length:
      - '1636'
      content-type:
      - application/json; charset=utf-8
      date:
      - Thu, 16 Sep 2021 04:55:29 GMT
      expires:
      - '-1'
      pragma:
      - no-cache
      server:
      - Microsoft-HTTPAPI/2.0
      - Microsoft-HTTPAPI/2.0
      strict-transport-security:
      - max-age=31536000; includeSubDomains
      transfer-encoding:
      - chunked
      vary:
      - Accept-Encoding
      x-content-type-options:
      - nosniff
      x-ms-arm-service-request-id:
      - d61b4b85-d830-43d8-9faf-8682b175760c
    status:
      code: 200
      message: OK
version: 1
