interactions:
- request:
    body: null
    headers:
      Accept:
      - application/json
      Accept-Encoding:
      - gzip, deflate
      CommandName:
      - vm create
      Connection:
      - keep-alive
      ParameterSetName:
      - -g -n --image --admin-username --admin-password --authentication-type --nsg-rule
      User-Agent:
      - python/3.7.4 (Windows-10-10.0.18362-SP0) msrest/0.6.9 msrest_azure/0.6.3 azure-mgmt-resource/9.0.0
        Azure-SDK-For-Python AZURECLI/2.5.1
      accept-language:
      - en-US
    method: GET
    uri: https://management.azure.com/subscriptions/00000000-0000-0000-0000-000000000000/resourcegroups/cli_nic_convenience_test000001?api-version=2019-07-01
  response:
    body:
      string: '{"id":"/subscriptions/00000000-0000-0000-0000-000000000000/resourceGroups/cli_nic_convenience_test000001","name":"cli_nic_convenience_test000001","type":"Microsoft.Resources/resourceGroups","location":"westus","tags":{"product":"azurecli","cause":"automation","date":"2020-05-15T17:13:32Z","StorageType":"Standard_LRS","type":"test"},"properties":{"provisioningState":"Succeeded"}}'
    headers:
      cache-control:
      - no-cache
      content-length:
      - '471'
      content-type:
      - application/json; charset=utf-8
      date:
      - Fri, 15 May 2020 17:13:36 GMT
      expires:
      - '-1'
      pragma:
      - no-cache
      strict-transport-security:
      - max-age=31536000; includeSubDomains
      vary:
      - Accept-Encoding
      x-content-type-options:
      - nosniff
    status:
      code: 200
      message: OK
- request:
    body: null
    headers:
      Accept:
      - '*/*'
      Accept-Encoding:
      - gzip, deflate
      Connection:
      - keep-alive
      User-Agent:
      - python-requests/2.22.0
    method: GET
    uri: https://raw.githubusercontent.com/Azure/azure-rest-api-specs/master/arm-compute/quickstart-templates/aliases.json
  response:
    body:
      string: "{\n  \"$schema\": \"http://schema.management.azure.com/schemas/2015-01-01/deploymentTemplate.json\",\n
        \ \"contentVersion\": \"1.0.0.0\",\n  \"parameters\": {},\n  \"variables\":
        {},\n  \"resources\": [],\n  \"outputs\": {\n    \"aliases\": {\n      \"type\":
        \"object\",\n      \"value\": {\n        \"Linux\": {\n          \"CentOS\":
        {\n            \"publisher\": \"OpenLogic\",\n            \"offer\": \"CentOS\",\n
        \           \"sku\": \"7.5\",\n            \"version\": \"latest\"\n          },\n
        \         \"CoreOS\": {\n            \"publisher\": \"CoreOS\",\n            \"offer\":
        \"CoreOS\",\n            \"sku\": \"Stable\",\n            \"version\": \"latest\"\n
        \         },\n          \"Debian\": {\n            \"publisher\": \"Debian\",\n
        \           \"offer\": \"debian-10\",\n            \"sku\": \"10\",\n            \"version\":
        \"latest\"\n          },\n          \"openSUSE-Leap\": {\n            \"publisher\":
        \"SUSE\",\n            \"offer\": \"openSUSE-Leap\",\n            \"sku\":
        \"42.3\",\n            \"version\": \"latest\"\n          },\n          \"RHEL\":
        {\n            \"publisher\": \"RedHat\",\n            \"offer\": \"RHEL\",\n
        \           \"sku\": \"7-LVM\",\n            \"version\": \"latest\"\n          },\n
        \         \"SLES\": {\n            \"publisher\": \"SUSE\",\n            \"offer\":
        \"SLES\",\n            \"sku\": \"15\",\n            \"version\": \"latest\"\n
        \         },\n          \"UbuntuLTS\": {\n            \"publisher\": \"Canonical\",\n
        \           \"offer\": \"UbuntuServer\",\n            \"sku\": \"18.04-LTS\",\n
        \           \"version\": \"latest\"\n          }\n        },\n        \"Windows\":
        {\n          \"Win2019Datacenter\": {\n            \"publisher\": \"MicrosoftWindowsServer\",\n
        \           \"offer\": \"WindowsServer\",\n            \"sku\": \"2019-Datacenter\",\n
        \           \"version\": \"latest\"\n          },\n          \"Win2016Datacenter\":
        {\n            \"publisher\": \"MicrosoftWindowsServer\",\n            \"offer\":
        \"WindowsServer\",\n            \"sku\": \"2016-Datacenter\",\n            \"version\":
        \"latest\"\n          },\n          \"Win2012R2Datacenter\": {\n            \"publisher\":
        \"MicrosoftWindowsServer\",\n            \"offer\": \"WindowsServer\",\n            \"sku\":
        \"2012-R2-Datacenter\",\n            \"version\": \"latest\"\n          },\n
        \         \"Win2012Datacenter\": {\n            \"publisher\": \"MicrosoftWindowsServer\",\n
        \           \"offer\": \"WindowsServer\",\n            \"sku\": \"2012-Datacenter\",\n
        \           \"version\": \"latest\"\n          },\n          \"Win2008R2SP1\":
        {\n            \"publisher\": \"MicrosoftWindowsServer\",\n            \"offer\":
        \"WindowsServer\",\n            \"sku\": \"2008-R2-SP1\",\n            \"version\":
        \"latest\"\n          }\n        }\n      }\n    }\n  }\n}\n"
    headers:
      accept-ranges:
      - bytes
      access-control-allow-origin:
      - '*'
      cache-control:
      - max-age=300
      connection:
      - keep-alive
      content-length:
      - '2501'
      content-security-policy:
      - default-src 'none'; style-src 'unsafe-inline'; sandbox
      content-type:
      - text/plain; charset=utf-8
      date:
      - Fri, 15 May 2020 17:13:38 GMT
      etag:
      - W/"540044b4084c3c314537f1baa1770f248628b2bc9ba0328f1004c33862e049da"
      expires:
      - Fri, 15 May 2020 17:18:38 GMT
      source-age:
      - '0'
      strict-transport-security:
      - max-age=31536000
      vary:
      - Authorization,Accept-Encoding
      via:
      - 1.1 varnish (Varnish/6.0)
      - 1.1 varnish
      x-cache:
      - HIT, HIT
      x-cache-hits:
      - 3, 1
      x-content-type-options:
      - nosniff
      x-fastly-request-id:
      - 8474f6f22c845b02fa542e37e8f850423e0bff34
      x-frame-options:
      - deny
      x-github-request-id:
      - CA84:2E61:CE269:E38B8:5EBE9D1A
      x-served-by:
      - cache-sin18035-SIN
      x-timer:
      - S1589562818.765765,VS0,VE352
      x-xss-protection:
      - 1; mode=block
    status:
      code: 200
      message: OK
- request:
    body: null
    headers:
      Accept:
      - application/json
      Accept-Encoding:
      - gzip, deflate
      CommandName:
      - vm create
      Connection:
      - keep-alive
      ParameterSetName:
      - -g -n --image --admin-username --admin-password --authentication-type --nsg-rule
      User-Agent:
      - python/3.7.4 (Windows-10-10.0.18362-SP0) msrest/0.6.9 msrest_azure/0.6.3 azure-mgmt-network/10.2.0
        Azure-SDK-For-Python AZURECLI/2.5.1
      accept-language:
      - en-US
    method: GET
    uri: https://management.azure.com/subscriptions/00000000-0000-0000-0000-000000000000/resourceGroups/cli_nic_convenience_test000001/providers/Microsoft.Network/virtualNetworks?api-version=2018-01-01
  response:
    body:
      string: '{"value":[]}'
    headers:
      cache-control:
      - no-cache
      content-length:
      - '12'
      content-type:
      - application/json; charset=utf-8
      date:
      - Fri, 15 May 2020 17:13:37 GMT
      expires:
      - '-1'
      pragma:
      - no-cache
      strict-transport-security:
      - max-age=31536000; includeSubDomains
      vary:
      - Accept-Encoding
      x-content-type-options:
      - nosniff
    status:
      code: 200
      message: OK
- request:
    body: 'b''{"properties": {"template": {"$schema": "https://schema.management.azure.com/schemas/2015-01-01/deploymentTemplate.json#",
      "contentVersion": "1.0.0.0", "parameters": {"adminPassword": {"type": "securestring",
      "metadata": {"description": "Secure adminPassword"}}}, "variables": {}, "resources":
      [{"name": "conveniencevm1VNET", "type": "Microsoft.Network/virtualNetworks",
      "location": "westus", "apiVersion": "2015-06-15", "dependsOn": [], "tags": {},
      "properties": {"addressSpace": {"addressPrefixes": ["10.0.0.0/16"]}, "subnets":
      [{"name": "conveniencevm1Subnet", "properties": {"addressPrefix": "10.0.0.0/24"}}]}},
      {"type": "Microsoft.Network/networkSecurityGroups", "name": "conveniencevm1NSG",
      "apiVersion": "2015-06-15", "location": "westus", "tags": {}, "dependsOn": []},
      {"apiVersion": "2018-01-01", "type": "Microsoft.Network/publicIPAddresses",
      "name": "conveniencevm1PublicIP", "location": "westus", "tags": {}, "dependsOn":
      [], "properties": {"publicIPAllocationMethod": null}}, {"apiVersion": "2015-06-15",
      "type": "Microsoft.Network/networkInterfaces", "name": "conveniencevm1VMNic",
      "location": "westus", "tags": {}, "dependsOn": ["Microsoft.Network/virtualNetworks/conveniencevm1VNET",
      "Microsoft.Network/networkSecurityGroups/conveniencevm1NSG", "Microsoft.Network/publicIpAddresses/conveniencevm1PublicIP"],
      "properties": {"ipConfigurations": [{"name": "ipconfigconveniencevm1", "properties":
      {"privateIPAllocationMethod": "Dynamic", "subnet": {"id": "/subscriptions/00000000-0000-0000-0000-000000000000/resourceGroups/cli_nic_convenience_test000001/providers/Microsoft.Network/virtualNetworks/conveniencevm1VNET/subnets/conveniencevm1Subnet"},
      "publicIPAddress": {"id": "/subscriptions/00000000-0000-0000-0000-000000000000/resourceGroups/cli_nic_convenience_test000001/providers/Microsoft.Network/publicIPAddresses/conveniencevm1PublicIP"}}}],
      "networkSecurityGroup": {"id": "/subscriptions/00000000-0000-0000-0000-000000000000/resourceGroups/cli_nic_convenience_test000001/providers/Microsoft.Network/networkSecurityGroups/conveniencevm1NSG"}}},
      {"apiVersion": "2019-07-01", "type": "Microsoft.Compute/virtualMachines", "name":
      "conveniencevm1", "location": "westus", "tags": {}, "dependsOn": ["Microsoft.Network/networkInterfaces/conveniencevm1VMNic"],
      "properties": {"hardwareProfile": {"vmSize": "Standard_DS1_v2"}, "networkProfile":
      {"networkInterfaces": [{"id": "/subscriptions/00000000-0000-0000-0000-000000000000/resourceGroups/cli_nic_convenience_test000001/providers/Microsoft.Network/networkInterfaces/conveniencevm1VMNic"}]},
      "storageProfile": {"osDisk": {"createOption": "fromImage", "name": null, "caching":
      "ReadWrite", "managedDisk": {"storageAccountType": null}}, "imageReference":
      {"publisher": "Canonical", "offer": "UbuntuServer", "sku": "18.04-LTS", "version":
      "latest"}}, "osProfile": {"computerName": "conveniencevm1", "adminUsername":
      "myusername", "adminPassword": "[parameters(\''adminPassword\'')]"}}}], "outputs":
      {}}, "parameters": {"adminPassword": {"value": "aBcD1234!@#$"}}, "mode": "Incremental"}}'''
    headers:
      Accept:
      - application/json
      Accept-Encoding:
      - gzip, deflate
      CommandName:
      - vm create
      Connection:
      - keep-alive
      Content-Length:
      - '3223'
      Content-Type:
      - application/json; charset=utf-8
      ParameterSetName:
      - -g -n --image --admin-username --admin-password --authentication-type --nsg-rule
      User-Agent:
      - python/3.7.4 (Windows-10-10.0.18362-SP0) msrest/0.6.9 msrest_azure/0.6.3 azure-mgmt-resource/9.0.0
        Azure-SDK-For-Python AZURECLI/2.5.1
      accept-language:
      - en-US
    method: PUT
    uri: https://management.azure.com/subscriptions/00000000-0000-0000-0000-000000000000/resourcegroups/cli_nic_convenience_test000001/providers/Microsoft.Resources/deployments/mock-deployment?api-version=2019-07-01
  response:
    body:
      string: '{"id":"/subscriptions/00000000-0000-0000-0000-000000000000/resourceGroups/cli_nic_convenience_test000001/providers/Microsoft.Resources/deployments/vm_deploy_QnORJpCWs4NdNF6SJ0ZT1tdpefKCrqJ7","name":"vm_deploy_QnORJpCWs4NdNF6SJ0ZT1tdpefKCrqJ7","type":"Microsoft.Resources/deployments","properties":{"templateHash":"47090589418846263","parameters":{"adminPassword":{"type":"SecureString"}},"mode":"Incremental","provisioningState":"Accepted","timestamp":"2020-05-15T17:13:42.8382793Z","duration":"PT2.7457958S","correlationId":"a85154ff-31fe-4564-b6da-22705349ed62","providers":[{"namespace":"Microsoft.Network","resourceTypes":[{"resourceType":"virtualNetworks","locations":["westus"]},{"resourceType":"networkSecurityGroups","locations":["westus"]},{"resourceType":"publicIPAddresses","locations":["westus"]},{"resourceType":"networkInterfaces","locations":["westus"]}]},{"namespace":"Microsoft.Compute","resourceTypes":[{"resourceType":"virtualMachines","locations":["westus"]}]}],"dependencies":[{"dependsOn":[{"id":"/subscriptions/00000000-0000-0000-0000-000000000000/resourceGroups/cli_nic_convenience_test000001/providers/Microsoft.Network/virtualNetworks/conveniencevm1VNET","resourceType":"Microsoft.Network/virtualNetworks","resourceName":"conveniencevm1VNET"},{"id":"/subscriptions/00000000-0000-0000-0000-000000000000/resourceGroups/cli_nic_convenience_test000001/providers/Microsoft.Network/networkSecurityGroups/conveniencevm1NSG","resourceType":"Microsoft.Network/networkSecurityGroups","resourceName":"conveniencevm1NSG"},{"id":"/subscriptions/00000000-0000-0000-0000-000000000000/resourceGroups/cli_nic_convenience_test000001/providers/Microsoft.Network/publicIPAddresses/conveniencevm1PublicIP","resourceType":"Microsoft.Network/publicIPAddresses","resourceName":"conveniencevm1PublicIP"}],"id":"/subscriptions/00000000-0000-0000-0000-000000000000/resourceGroups/cli_nic_convenience_test000001/providers/Microsoft.Network/networkInterfaces/conveniencevm1VMNic","resourceType":"Microsoft.Network/networkInterfaces","resourceName":"conveniencevm1VMNic"},{"dependsOn":[{"id":"/subscriptions/00000000-0000-0000-0000-000000000000/resourceGroups/cli_nic_convenience_test000001/providers/Microsoft.Network/networkInterfaces/conveniencevm1VMNic","resourceType":"Microsoft.Network/networkInterfaces","resourceName":"conveniencevm1VMNic"}],"id":"/subscriptions/00000000-0000-0000-0000-000000000000/resourceGroups/cli_nic_convenience_test000001/providers/Microsoft.Compute/virtualMachines/conveniencevm1","resourceType":"Microsoft.Compute/virtualMachines","resourceName":"conveniencevm1"}]}}'
    headers:
      azure-asyncoperation:
      - https://management.azure.com/subscriptions/00000000-0000-0000-0000-000000000000/resourcegroups/cli_nic_convenience_test000001/providers/Microsoft.Resources/deployments/vm_deploy_QnORJpCWs4NdNF6SJ0ZT1tdpefKCrqJ7/operationStatuses/08586120440653851591?api-version=2019-07-01
      cache-control:
      - no-cache
      content-length:
      - '2911'
      content-type:
      - application/json; charset=utf-8
      date:
      - Fri, 15 May 2020 17:13:44 GMT
      expires:
      - '-1'
      pragma:
      - no-cache
      strict-transport-security:
      - max-age=31536000; includeSubDomains
      x-content-type-options:
      - nosniff
      x-ms-ratelimit-remaining-subscription-writes:
      - '1194'
    status:
      code: 201
      message: Created
- request:
    body: null
    headers:
      Accept:
      - application/json
      Accept-Encoding:
      - gzip, deflate
      CommandName:
      - vm create
      Connection:
      - keep-alive
      ParameterSetName:
      - -g -n --image --admin-username --admin-password --authentication-type --nsg-rule
      User-Agent:
      - python/3.7.4 (Windows-10-10.0.18362-SP0) msrest/0.6.9 msrest_azure/0.6.3 azure-mgmt-resource/9.0.0
        Azure-SDK-For-Python AZURECLI/2.5.1
    method: GET
    uri: https://management.azure.com/subscriptions/00000000-0000-0000-0000-000000000000/resourcegroups/cli_nic_convenience_test000001/providers/Microsoft.Resources/deployments/mock-deployment/operationStatuses/08586120440653851591?api-version=2019-07-01
  response:
    body:
      string: '{"status":"Running"}'
    headers:
      cache-control:
      - no-cache
      content-length:
      - '20'
      content-type:
      - application/json; charset=utf-8
      date:
      - Fri, 15 May 2020 17:14:14 GMT
      expires:
      - '-1'
      pragma:
      - no-cache
      strict-transport-security:
      - max-age=31536000; includeSubDomains
      vary:
      - Accept-Encoding
      x-content-type-options:
      - nosniff
    status:
      code: 200
      message: OK
- request:
    body: null
    headers:
      Accept:
      - application/json
      Accept-Encoding:
      - gzip, deflate
      CommandName:
      - vm create
      Connection:
      - keep-alive
      ParameterSetName:
      - -g -n --image --admin-username --admin-password --authentication-type --nsg-rule
      User-Agent:
      - python/3.7.4 (Windows-10-10.0.18362-SP0) msrest/0.6.9 msrest_azure/0.6.3 azure-mgmt-resource/9.0.0
        Azure-SDK-For-Python AZURECLI/2.5.1
    method: GET
    uri: https://management.azure.com/subscriptions/00000000-0000-0000-0000-000000000000/resourcegroups/cli_nic_convenience_test000001/providers/Microsoft.Resources/deployments/mock-deployment/operationStatuses/08586120440653851591?api-version=2019-07-01
  response:
    body:
      string: '{"status":"Succeeded"}'
    headers:
      cache-control:
      - no-cache
      content-length:
      - '22'
      content-type:
      - application/json; charset=utf-8
      date:
      - Fri, 15 May 2020 17:14:44 GMT
      expires:
      - '-1'
      pragma:
      - no-cache
      strict-transport-security:
      - max-age=31536000; includeSubDomains
      vary:
      - Accept-Encoding
      x-content-type-options:
      - nosniff
    status:
      code: 200
      message: OK
- request:
    body: null
    headers:
      Accept:
      - application/json
      Accept-Encoding:
      - gzip, deflate
      CommandName:
      - vm create
      Connection:
      - keep-alive
      ParameterSetName:
      - -g -n --image --admin-username --admin-password --authentication-type --nsg-rule
      User-Agent:
      - python/3.7.4 (Windows-10-10.0.18362-SP0) msrest/0.6.9 msrest_azure/0.6.3 azure-mgmt-resource/9.0.0
        Azure-SDK-For-Python AZURECLI/2.5.1
    method: GET
    uri: https://management.azure.com/subscriptions/00000000-0000-0000-0000-000000000000/resourcegroups/cli_nic_convenience_test000001/providers/Microsoft.Resources/deployments/mock-deployment?api-version=2019-07-01
  response:
    body:
      string: '{"id":"/subscriptions/00000000-0000-0000-0000-000000000000/resourceGroups/cli_nic_convenience_test000001/providers/Microsoft.Resources/deployments/vm_deploy_QnORJpCWs4NdNF6SJ0ZT1tdpefKCrqJ7","name":"vm_deploy_QnORJpCWs4NdNF6SJ0ZT1tdpefKCrqJ7","type":"Microsoft.Resources/deployments","properties":{"templateHash":"47090589418846263","parameters":{"adminPassword":{"type":"SecureString"}},"mode":"Incremental","provisioningState":"Succeeded","timestamp":"2020-05-15T17:14:44.3691166Z","duration":"PT1M4.2766331S","correlationId":"a85154ff-31fe-4564-b6da-22705349ed62","providers":[{"namespace":"Microsoft.Network","resourceTypes":[{"resourceType":"virtualNetworks","locations":["westus"]},{"resourceType":"networkSecurityGroups","locations":["westus"]},{"resourceType":"publicIPAddresses","locations":["westus"]},{"resourceType":"networkInterfaces","locations":["westus"]}]},{"namespace":"Microsoft.Compute","resourceTypes":[{"resourceType":"virtualMachines","locations":["westus"]}]}],"dependencies":[{"dependsOn":[{"id":"/subscriptions/00000000-0000-0000-0000-000000000000/resourceGroups/cli_nic_convenience_test000001/providers/Microsoft.Network/virtualNetworks/conveniencevm1VNET","resourceType":"Microsoft.Network/virtualNetworks","resourceName":"conveniencevm1VNET"},{"id":"/subscriptions/00000000-0000-0000-0000-000000000000/resourceGroups/cli_nic_convenience_test000001/providers/Microsoft.Network/networkSecurityGroups/conveniencevm1NSG","resourceType":"Microsoft.Network/networkSecurityGroups","resourceName":"conveniencevm1NSG"},{"id":"/subscriptions/00000000-0000-0000-0000-000000000000/resourceGroups/cli_nic_convenience_test000001/providers/Microsoft.Network/publicIPAddresses/conveniencevm1PublicIP","resourceType":"Microsoft.Network/publicIPAddresses","resourceName":"conveniencevm1PublicIP"}],"id":"/subscriptions/00000000-0000-0000-0000-000000000000/resourceGroups/cli_nic_convenience_test000001/providers/Microsoft.Network/networkInterfaces/conveniencevm1VMNic","resourceType":"Microsoft.Network/networkInterfaces","resourceName":"conveniencevm1VMNic"},{"dependsOn":[{"id":"/subscriptions/00000000-0000-0000-0000-000000000000/resourceGroups/cli_nic_convenience_test000001/providers/Microsoft.Network/networkInterfaces/conveniencevm1VMNic","resourceType":"Microsoft.Network/networkInterfaces","resourceName":"conveniencevm1VMNic"}],"id":"/subscriptions/00000000-0000-0000-0000-000000000000/resourceGroups/cli_nic_convenience_test000001/providers/Microsoft.Compute/virtualMachines/conveniencevm1","resourceType":"Microsoft.Compute/virtualMachines","resourceName":"conveniencevm1"}],"outputs":{},"outputResources":[{"id":"/subscriptions/00000000-0000-0000-0000-000000000000/resourceGroups/cli_nic_convenience_test000001/providers/Microsoft.Compute/virtualMachines/conveniencevm1"},{"id":"/subscriptions/00000000-0000-0000-0000-000000000000/resourceGroups/cli_nic_convenience_test000001/providers/Microsoft.Network/networkInterfaces/conveniencevm1VMNic"},{"id":"/subscriptions/00000000-0000-0000-0000-000000000000/resourceGroups/cli_nic_convenience_test000001/providers/Microsoft.Network/networkSecurityGroups/conveniencevm1NSG"},{"id":"/subscriptions/00000000-0000-0000-0000-000000000000/resourceGroups/cli_nic_convenience_test000001/providers/Microsoft.Network/publicIPAddresses/conveniencevm1PublicIP"},{"id":"/subscriptions/00000000-0000-0000-0000-000000000000/resourceGroups/cli_nic_convenience_test000001/providers/Microsoft.Network/virtualNetworks/conveniencevm1VNET"}]}}'
    headers:
      cache-control:
      - no-cache
      content-length:
      - '4032'
      content-type:
      - application/json; charset=utf-8
      date:
      - Fri, 15 May 2020 17:14:45 GMT
      expires:
      - '-1'
      pragma:
      - no-cache
      strict-transport-security:
      - max-age=31536000; includeSubDomains
      vary:
      - Accept-Encoding
      x-content-type-options:
      - nosniff
    status:
      code: 200
      message: OK
- request:
    body: null
    headers:
      Accept:
      - application/json
      Accept-Encoding:
      - gzip, deflate
      CommandName:
      - vm create
      Connection:
      - keep-alive
      ParameterSetName:
      - -g -n --image --admin-username --admin-password --authentication-type --nsg-rule
      User-Agent:
      - python/3.7.4 (Windows-10-10.0.18362-SP0) msrest/0.6.9 msrest_azure/0.6.3 azure-mgmt-compute/12.0.0
        Azure-SDK-For-Python AZURECLI/2.5.1
      accept-language:
      - en-US
    method: GET
    uri: https://management.azure.com/subscriptions/00000000-0000-0000-0000-000000000000/resourceGroups/cli_nic_convenience_test000001/providers/Microsoft.Compute/virtualMachines/conveniencevm1?$expand=instanceView&api-version=2019-07-01
  response:
    body:
      string: "{\r\n  \"name\": \"conveniencevm1\",\r\n  \"id\": \"/subscriptions/00000000-0000-0000-0000-000000000000/resourceGroups/cli_nic_convenience_test000001/providers/Microsoft.Compute/virtualMachines/conveniencevm1\",\r\n
        \ \"type\": \"Microsoft.Compute/virtualMachines\",\r\n  \"location\": \"westus\",\r\n
        \ \"tags\": {},\r\n  \"properties\": {\r\n    \"vmId\": \"733aa801-83a9-4c7e-888f-8e2141a42d63\",\r\n
        \   \"hardwareProfile\": {\r\n      \"vmSize\": \"Standard_DS1_v2\"\r\n    },\r\n
        \   \"storageProfile\": {\r\n      \"imageReference\": {\r\n        \"publisher\":
        \"Canonical\",\r\n        \"offer\": \"UbuntuServer\",\r\n        \"sku\":
        \"18.04-LTS\",\r\n        \"version\": \"latest\",\r\n        \"exactVersion\":
        \"18.04.202004290\"\r\n      },\r\n      \"osDisk\": {\r\n        \"osType\":
        \"Linux\",\r\n        \"name\": \"conveniencevm1_disk1_0c383cb0f2e247288f3a4a3bf2690ffc\",\r\n
        \       \"createOption\": \"FromImage\",\r\n        \"caching\": \"ReadWrite\",\r\n
        \       \"managedDisk\": {\r\n          \"storageAccountType\": \"Premium_LRS\",\r\n
        \         \"id\": \"/subscriptions/00000000-0000-0000-0000-000000000000/resourceGroups/CLI_NIC_CONVENIENCE_TESTCM2VBAX6WEW53M2CIZWIG4SCPPN33IWOBKB54PUCZD6M77DEK3S/providers/Microsoft.Compute/disks/conveniencevm1_disk1_0c383cb0f2e247288f3a4a3bf2690ffc\"\r\n
        \       },\r\n        \"diskSizeGB\": 30\r\n      },\r\n      \"dataDisks\":
        []\r\n    },\r\n    \"osProfile\": {\r\n      \"computerName\": \"conveniencevm1\",\r\n
        \     \"adminUsername\": \"myusername\",\r\n      \"linuxConfiguration\":
        {\r\n        \"disablePasswordAuthentication\": false,\r\n        \"provisionVMAgent\":
        true\r\n      },\r\n      \"secrets\": [],\r\n      \"allowExtensionOperations\":
        true,\r\n      \"requireGuestProvisionSignal\": true\r\n    },\r\n    \"networkProfile\":
        {\"networkInterfaces\":[{\"id\":\"/subscriptions/00000000-0000-0000-0000-000000000000/resourceGroups/cli_nic_convenience_test000001/providers/Microsoft.Network/networkInterfaces/conveniencevm1VMNic\"}]},\r\n
        \   \"provisioningState\": \"Succeeded\",\r\n    \"instanceView\": {\r\n      \"vmAgent\":
        {\r\n        \"vmAgentVersion\": \"Unknown\",\r\n        \"statuses\": [\r\n
        \         {\r\n            \"code\": \"ProvisioningState/Unavailable\",\r\n
        \           \"level\": \"Warning\",\r\n            \"displayStatus\": \"Not
        Ready\",\r\n            \"message\": \"VM status blob is found but not yet
        populated.\",\r\n            \"time\": \"2020-05-15T17:14:47+00:00\"\r\n          }\r\n
        \       ]\r\n      },\r\n      \"disks\": [\r\n        {\r\n          \"name\":
        \"conveniencevm1_disk1_0c383cb0f2e247288f3a4a3bf2690ffc\",\r\n          \"statuses\":
        [\r\n            {\r\n              \"code\": \"ProvisioningState/succeeded\",\r\n
        \             \"level\": \"Info\",\r\n              \"displayStatus\": \"Provisioning
        succeeded\",\r\n              \"time\": \"2020-05-15T17:14:09.618636+00:00\"\r\n
        \           }\r\n          ]\r\n        }\r\n      ],\r\n      \"hyperVGeneration\":
        \"V1\",\r\n      \"statuses\": [\r\n        {\r\n          \"code\": \"ProvisioningState/succeeded\",\r\n
        \         \"level\": \"Info\",\r\n          \"displayStatus\": \"Provisioning
        succeeded\",\r\n          \"time\": \"2020-05-15T17:14:40.9467452+00:00\"\r\n
        \       },\r\n        {\r\n          \"code\": \"PowerState/running\",\r\n
        \         \"level\": \"Info\",\r\n          \"displayStatus\": \"VM running\"\r\n
        \       }\r\n      ]\r\n    }\r\n  }\r\n}"
    headers:
      cache-control:
      - no-cache
      content-length:
      - '3163'
      content-type:
      - application/json; charset=utf-8
      date:
      - Fri, 15 May 2020 17:14:46 GMT
      expires:
      - '-1'
      pragma:
      - no-cache
      server:
      - Microsoft-HTTPAPI/2.0
      - Microsoft-HTTPAPI/2.0
      strict-transport-security:
      - max-age=31536000; includeSubDomains
      transfer-encoding:
      - chunked
      vary:
      - Accept-Encoding
      x-content-type-options:
      - nosniff
      x-ms-ratelimit-remaining-resource:
      - Microsoft.Compute/LowCostGet3Min;3997,Microsoft.Compute/LowCostGet30Min;31997
    status:
      code: 200
      message: OK
- request:
    body: null
    headers:
      Accept:
      - application/json
      Accept-Encoding:
      - gzip, deflate
      CommandName:
      - vm create
      Connection:
      - keep-alive
      ParameterSetName:
      - -g -n --image --admin-username --admin-password --authentication-type --nsg-rule
      User-Agent:
      - python/3.7.4 (Windows-10-10.0.18362-SP0) msrest/0.6.9 msrest_azure/0.6.3 azure-mgmt-network/10.2.0
        Azure-SDK-For-Python AZURECLI/2.5.1
      accept-language:
      - en-US
    method: GET
    uri: https://management.azure.com/subscriptions/00000000-0000-0000-0000-000000000000/resourceGroups/cli_nic_convenience_test000001/providers/Microsoft.Network/networkInterfaces/conveniencevm1VMNic?api-version=2018-01-01
  response:
    body:
      string: "{\r\n  \"name\": \"conveniencevm1VMNic\",\r\n  \"id\": \"/subscriptions/00000000-0000-0000-0000-000000000000/resourceGroups/cli_nic_convenience_test000001/providers/Microsoft.Network/networkInterfaces/conveniencevm1VMNic\",\r\n
        \ \"etag\": \"W/\\\"2c776e34-7ec7-4441-bf53-a5ba3ac9e014\\\"\",\r\n  \"location\":
        \"westus\",\r\n  \"tags\": {},\r\n  \"properties\": {\r\n    \"provisioningState\":
        \"Succeeded\",\r\n    \"resourceGuid\": \"0a997b03-6ec9-4830-9930-fe7e02a32b43\",\r\n
        \   \"ipConfigurations\": [\r\n      {\r\n        \"name\": \"ipconfigconveniencevm1\",\r\n
        \       \"id\": \"/subscriptions/00000000-0000-0000-0000-000000000000/resourceGroups/cli_nic_convenience_test000001/providers/Microsoft.Network/networkInterfaces/conveniencevm1VMNic/ipConfigurations/ipconfigconveniencevm1\",\r\n
        \       \"etag\": \"W/\\\"2c776e34-7ec7-4441-bf53-a5ba3ac9e014\\\"\",\r\n
        \       \"type\": \"Microsoft.Network/networkInterfaces/ipConfigurations\",\r\n
        \       \"properties\": {\r\n          \"provisioningState\": \"Succeeded\",\r\n
        \         \"privateIPAddress\": \"10.0.0.4\",\r\n          \"privateIPAllocationMethod\":
        \"Dynamic\",\r\n          \"publicIPAddress\": {\r\n            \"id\": \"/subscriptions/00000000-0000-0000-0000-000000000000/resourceGroups/cli_nic_convenience_test000001/providers/Microsoft.Network/publicIPAddresses/conveniencevm1PublicIP\"\r\n
        \         },\r\n          \"subnet\": {\r\n            \"id\": \"/subscriptions/00000000-0000-0000-0000-000000000000/resourceGroups/cli_nic_convenience_test000001/providers/Microsoft.Network/virtualNetworks/conveniencevm1VNET/subnets/conveniencevm1Subnet\"\r\n
        \         },\r\n          \"primary\": true,\r\n          \"privateIPAddressVersion\":
        \"IPv4\"\r\n        }\r\n      }\r\n    ],\r\n    \"dnsSettings\": {\r\n      \"dnsServers\":
        [],\r\n      \"appliedDnsServers\": [],\r\n      \"internalDomainNameSuffix\":
        \"a0yvelzh1pmuffdqjiaxtmpemd.dx.internal.cloudapp.net\"\r\n    },\r\n    \"macAddress\":
        \"00-0D-3A-3B-DE-CD\",\r\n    \"enableAcceleratedNetworking\": false,\r\n
        \   \"enableIPForwarding\": false,\r\n    \"networkSecurityGroup\": {\r\n
        \     \"id\": \"/subscriptions/00000000-0000-0000-0000-000000000000/resourceGroups/cli_nic_convenience_test000001/providers/Microsoft.Network/networkSecurityGroups/conveniencevm1NSG\"\r\n
        \   },\r\n    \"primary\": true,\r\n    \"virtualMachine\": {\r\n      \"id\":
        \"/subscriptions/00000000-0000-0000-0000-000000000000/resourceGroups/cli_nic_convenience_test000001/providers/Microsoft.Compute/virtualMachines/conveniencevm1\"\r\n
        \   }\r\n  },\r\n  \"type\": \"Microsoft.Network/networkInterfaces\"\r\n}"
    headers:
      cache-control:
      - no-cache
      content-length:
      - '2678'
      content-type:
      - application/json; charset=utf-8
      date:
      - Fri, 15 May 2020 17:14:46 GMT
      etag:
      - W/"2c776e34-7ec7-4441-bf53-a5ba3ac9e014"
      expires:
      - '-1'
      pragma:
      - no-cache
      server:
      - Microsoft-HTTPAPI/2.0
      - Microsoft-HTTPAPI/2.0
      strict-transport-security:
      - max-age=31536000; includeSubDomains
      transfer-encoding:
      - chunked
      vary:
      - Accept-Encoding
      x-content-type-options:
      - nosniff
      x-ms-arm-service-request-id:
      - 231d5e52-39a1-40f6-94bc-92b51439d3ba
    status:
      code: 200
      message: OK
- request:
    body: null
    headers:
      Accept:
      - application/json
      Accept-Encoding:
      - gzip, deflate
      CommandName:
      - vm create
      Connection:
      - keep-alive
      ParameterSetName:
      - -g -n --image --admin-username --admin-password --authentication-type --nsg-rule
      User-Agent:
      - python/3.7.4 (Windows-10-10.0.18362-SP0) msrest/0.6.9 msrest_azure/0.6.3 azure-mgmt-network/10.2.0
        Azure-SDK-For-Python AZURECLI/2.5.1
      accept-language:
      - en-US
    method: GET
    uri: https://management.azure.com/subscriptions/00000000-0000-0000-0000-000000000000/resourceGroups/cli_nic_convenience_test000001/providers/Microsoft.Network/publicIPAddresses/conveniencevm1PublicIP?api-version=2018-01-01
  response:
    body:
      string: "{\r\n  \"name\": \"conveniencevm1PublicIP\",\r\n  \"id\": \"/subscriptions/00000000-0000-0000-0000-000000000000/resourceGroups/cli_nic_convenience_test000001/providers/Microsoft.Network/publicIPAddresses/conveniencevm1PublicIP\",\r\n
        \ \"etag\": \"W/\\\"351c1b36-9abd-4aed-a3ca-1a1bb16e8c3b\\\"\",\r\n  \"location\":
        \"westus\",\r\n  \"tags\": {},\r\n  \"properties\": {\r\n    \"provisioningState\":
        \"Succeeded\",\r\n    \"resourceGuid\": \"a46b9bb0-b83f-4a2c-a8cc-b2d7380d8923\",\r\n
        \   \"ipAddress\": \"40.112.196.98\",\r\n    \"publicIPAddressVersion\": \"IPv4\",\r\n
        \   \"publicIPAllocationMethod\": \"Dynamic\",\r\n    \"idleTimeoutInMinutes\":
        4,\r\n    \"ipTags\": [],\r\n    \"ipConfiguration\": {\r\n      \"id\": \"/subscriptions/00000000-0000-0000-0000-000000000000/resourceGroups/cli_nic_convenience_test000001/providers/Microsoft.Network/networkInterfaces/conveniencevm1VMNic/ipConfigurations/ipconfigconveniencevm1\"\r\n
        \   }\r\n  },\r\n  \"type\": \"Microsoft.Network/publicIPAddresses\",\r\n
        \ \"sku\": {\r\n    \"name\": \"Basic\"\r\n  }\r\n}"
    headers:
      cache-control:
      - no-cache
      content-length:
      - '1041'
      content-type:
      - application/json; charset=utf-8
      date:
      - Fri, 15 May 2020 17:14:47 GMT
      etag:
      - W/"351c1b36-9abd-4aed-a3ca-1a1bb16e8c3b"
      expires:
      - '-1'
      pragma:
      - no-cache
      server:
      - Microsoft-HTTPAPI/2.0
      - Microsoft-HTTPAPI/2.0
      strict-transport-security:
      - max-age=31536000; includeSubDomains
      transfer-encoding:
      - chunked
      vary:
      - Accept-Encoding
      x-content-type-options:
      - nosniff
      x-ms-arm-service-request-id:
      - db280c4a-ced3-4b14-9644-9fbbdf386988
    status:
      code: 200
      message: OK
- request:
    body: null
    headers:
      Accept:
      - application/json
      Accept-Encoding:
      - gzip, deflate
      CommandName:
      - vm show
      Connection:
      - keep-alive
      ParameterSetName:
      - -g -n --query
      User-Agent:
      - python/3.7.4 (Windows-10-10.0.18362-SP0) msrest/0.6.9 msrest_azure/0.6.3 azure-mgmt-compute/12.0.0
        Azure-SDK-For-Python AZURECLI/2.5.1
      accept-language:
      - en-US
    method: GET
    uri: https://management.azure.com/subscriptions/00000000-0000-0000-0000-000000000000/resourceGroups/cli_nic_convenience_test000001/providers/Microsoft.Compute/virtualMachines/conveniencevm1?api-version=2019-07-01
  response:
    body:
      string: "{\r\n  \"name\": \"conveniencevm1\",\r\n  \"id\": \"/subscriptions/00000000-0000-0000-0000-000000000000/resourceGroups/cli_nic_convenience_test000001/providers/Microsoft.Compute/virtualMachines/conveniencevm1\",\r\n
        \ \"type\": \"Microsoft.Compute/virtualMachines\",\r\n  \"location\": \"westus\",\r\n
        \ \"tags\": {},\r\n  \"properties\": {\r\n    \"vmId\": \"733aa801-83a9-4c7e-888f-8e2141a42d63\",\r\n
        \   \"hardwareProfile\": {\r\n      \"vmSize\": \"Standard_DS1_v2\"\r\n    },\r\n
        \   \"storageProfile\": {\r\n      \"imageReference\": {\r\n        \"publisher\":
        \"Canonical\",\r\n        \"offer\": \"UbuntuServer\",\r\n        \"sku\":
        \"18.04-LTS\",\r\n        \"version\": \"latest\",\r\n        \"exactVersion\":
        \"18.04.202004290\"\r\n      },\r\n      \"osDisk\": {\r\n        \"osType\":
        \"Linux\",\r\n        \"name\": \"conveniencevm1_disk1_0c383cb0f2e247288f3a4a3bf2690ffc\",\r\n
        \       \"createOption\": \"FromImage\",\r\n        \"caching\": \"ReadWrite\",\r\n
        \       \"managedDisk\": {\r\n          \"storageAccountType\": \"Premium_LRS\",\r\n
        \         \"id\": \"/subscriptions/00000000-0000-0000-0000-000000000000/resourceGroups/CLI_NIC_CONVENIENCE_TESTCM2VBAX6WEW53M2CIZWIG4SCPPN33IWOBKB54PUCZD6M77DEK3S/providers/Microsoft.Compute/disks/conveniencevm1_disk1_0c383cb0f2e247288f3a4a3bf2690ffc\"\r\n
        \       },\r\n        \"diskSizeGB\": 30\r\n      },\r\n      \"dataDisks\":
        []\r\n    },\r\n    \"osProfile\": {\r\n      \"computerName\": \"conveniencevm1\",\r\n
        \     \"adminUsername\": \"myusername\",\r\n      \"linuxConfiguration\":
        {\r\n        \"disablePasswordAuthentication\": false,\r\n        \"provisionVMAgent\":
        true\r\n      },\r\n      \"secrets\": [],\r\n      \"allowExtensionOperations\":
        true,\r\n      \"requireGuestProvisionSignal\": true\r\n    },\r\n    \"networkProfile\":
        {\"networkInterfaces\":[{\"id\":\"/subscriptions/00000000-0000-0000-0000-000000000000/resourceGroups/cli_nic_convenience_test000001/providers/Microsoft.Network/networkInterfaces/conveniencevm1VMNic\"}]},\r\n
        \   \"provisioningState\": \"Succeeded\"\r\n  }\r\n}"
    headers:
      cache-control:
      - no-cache
      content-length:
      - '1950'
      content-type:
      - application/json; charset=utf-8
      date:
      - Fri, 15 May 2020 17:14:48 GMT
      expires:
      - '-1'
      pragma:
      - no-cache
      server:
      - Microsoft-HTTPAPI/2.0
      - Microsoft-HTTPAPI/2.0
      strict-transport-security:
      - max-age=31536000; includeSubDomains
      transfer-encoding:
      - chunked
      vary:
      - Accept-Encoding
      x-content-type-options:
      - nosniff
      x-ms-ratelimit-remaining-resource:
      - Microsoft.Compute/LowCostGet3Min;3996,Microsoft.Compute/LowCostGet30Min;31996
    status:
      code: 200
      message: OK
- request:
    body: null
    headers:
      Accept:
      - application/json
      Accept-Encoding:
      - gzip, deflate
      CommandName:
      - network nic list-effective-nsg
      Connection:
      - keep-alive
      Content-Length:
      - '0'
      ParameterSetName:
      - --ids
      User-Agent:
      - python/3.7.4 (Windows-10-10.0.18362-SP0) msrest/0.6.9 msrest_azure/0.6.3 azure-mgmt-network/10.2.0
        Azure-SDK-For-Python AZURECLI/2.5.1
      accept-language:
      - en-US
    method: POST
    uri: https://management.azure.com/subscriptions/00000000-0000-0000-0000-000000000000/resourceGroups/cli_nic_convenience_test000001/providers/Microsoft.Network/networkInterfaces/conveniencevm1VMNic/effectiveNetworkSecurityGroups?api-version=2020-04-01
  response:
    body:
      string: 'null'
    headers:
      cache-control:
      - no-cache
      content-length:
      - '4'
      content-type:
      - application/json; charset=utf-8
      date:
      - Fri, 15 May 2020 17:14:49 GMT
      expires:
      - '-1'
      location:
      - https://management.azure.com/subscriptions/00000000-0000-0000-0000-000000000000/providers/Microsoft.Network/locations/westus/operationResults/77403b7f-82d2-457b-8e93-661df2260560?api-version=2020-04-01
      pragma:
      - no-cache
      server:
      - Microsoft-HTTPAPI/2.0
      - Microsoft-HTTPAPI/2.0
      strict-transport-security:
      - max-age=31536000; includeSubDomains
      x-content-type-options:
      - nosniff
      x-ms-arm-service-request-id:
      - 6123c4bc-e4a4-4070-a4be-698453db4b3e
      x-ms-ratelimit-remaining-subscription-writes:
      - '1199'
    status:
      code: 202
      message: Accepted
- request:
    body: null
    headers:
      Accept:
      - application/json
      Accept-Encoding:
      - gzip, deflate
      CommandName:
      - network nic list-effective-nsg
      Connection:
      - keep-alive
      ParameterSetName:
      - --ids
      User-Agent:
      - python/3.7.4 (Windows-10-10.0.18362-SP0) msrest/0.6.9 msrest_azure/0.6.3 azure-mgmt-network/10.2.0
        Azure-SDK-For-Python AZURECLI/2.5.1
    method: GET
    uri: https://management.azure.com/subscriptions/00000000-0000-0000-0000-000000000000/providers/Microsoft.Network/locations/westus/operationResults/77403b7f-82d2-457b-8e93-661df2260560?api-version=2020-04-01
  response:
    body:
      string: "{\r\n  \"value\": [\r\n    {\r\n      \"networkSecurityGroup\": {\r\n
        \       \"id\": \"/subscriptions/00000000-0000-0000-0000-000000000000/resourceGroups/cli_nic_convenience_test000001/providers/Microsoft.Network/networkSecurityGroups/conveniencevm1NSG\"\r\n
        \     },\r\n      \"association\": {\r\n        \"networkInterface\": {\r\n
        \         \"id\": \"/subscriptions/00000000-0000-0000-0000-000000000000/resourceGroups/cli_nic_convenience_test000001/providers/Microsoft.Network/networkInterfaces/conveniencevm1VMNic\"\r\n
        \       }\r\n      },\r\n      \"effectiveSecurityRules\": [\r\n        {\r\n
        \         \"name\": \"defaultSecurityRules/AllowVnetInBound\",\r\n          \"protocol\":
        \"All\",\r\n          \"sourcePortRange\": \"0-65535\",\r\n          \"destinationPortRange\":
        \"0-65535\",\r\n          \"sourcePortRanges\": [\r\n            \"0-65535\"\r\n
        \         ],\r\n          \"destinationPortRanges\": [\r\n            \"0-65535\"\r\n
        \         ],\r\n          \"sourceAddressPrefix\": \"VirtualNetwork\",\r\n
        \         \"destinationAddressPrefix\": \"VirtualNetwork\",\r\n          \"sourceAddressPrefixes\":
        [\r\n            \"VirtualNetwork\"\r\n          ],\r\n          \"destinationAddressPrefixes\":
        [\r\n            \"VirtualNetwork\"\r\n          ],\r\n          \"expandedSourceAddressPrefix\":
        [\r\n            \"10.0.0.0/16\",\r\n            \"168.63.129.16/32\"\r\n
        \         ],\r\n          \"expandedDestinationAddressPrefix\": [\r\n            \"10.0.0.0/16\",\r\n
        \           \"168.63.129.16/32\"\r\n          ],\r\n          \"access\":
        \"Allow\",\r\n          \"priority\": 65000,\r\n          \"direction\": \"Inbound\"\r\n
        \       },\r\n        {\r\n          \"name\": \"defaultSecurityRules/AllowAzureLoadBalancerInBound\",\r\n
        \         \"protocol\": \"All\",\r\n          \"sourcePortRange\": \"0-65535\",\r\n
        \         \"destinationPortRange\": \"0-65535\",\r\n          \"sourcePortRanges\":
        [\r\n            \"0-65535\"\r\n          ],\r\n          \"destinationPortRanges\":
        [\r\n            \"0-65535\"\r\n          ],\r\n          \"sourceAddressPrefix\":
        \"AzureLoadBalancer\",\r\n          \"destinationAddressPrefix\": \"0.0.0.0/0\",\r\n
        \         \"sourceAddressPrefixes\": [\r\n            \"AzureLoadBalancer\"\r\n
        \         ],\r\n          \"destinationAddressPrefixes\": [\r\n            \"0.0.0.0/0\",\r\n
        \           \"0.0.0.0/0\"\r\n          ],\r\n          \"expandedSourceAddressPrefix\":
        [\r\n            \"168.63.129.16/32\",\r\n            \"fe80::1234:5678:9abc/128\"\r\n
        \         ],\r\n          \"access\": \"Allow\",\r\n          \"priority\":
        65001,\r\n          \"direction\": \"Inbound\"\r\n        },\r\n        {\r\n
        \         \"name\": \"defaultSecurityRules/DenyAllInBound\",\r\n          \"protocol\":
        \"All\",\r\n          \"sourcePortRange\": \"0-65535\",\r\n          \"destinationPortRange\":
        \"0-65535\",\r\n          \"sourcePortRanges\": [\r\n            \"0-65535\"\r\n
        \         ],\r\n          \"destinationPortRanges\": [\r\n            \"0-65535\"\r\n
        \         ],\r\n          \"sourceAddressPrefix\": \"0.0.0.0/0\",\r\n          \"destinationAddressPrefix\":
        \"0.0.0.0/0\",\r\n          \"sourceAddressPrefixes\": [\r\n            \"0.0.0.0/0\",\r\n
        \           \"0.0.0.0/0\"\r\n          ],\r\n          \"destinationAddressPrefixes\":
        [\r\n            \"0.0.0.0/0\",\r\n            \"0.0.0.0/0\"\r\n          ],\r\n
        \         \"access\": \"Deny\",\r\n          \"priority\": 65500,\r\n          \"direction\":
        \"Inbound\"\r\n        },\r\n        {\r\n          \"name\": \"defaultSecurityRules/AllowVnetOutBound\",\r\n
        \         \"protocol\": \"All\",\r\n          \"sourcePortRange\": \"0-65535\",\r\n
        \         \"destinationPortRange\": \"0-65535\",\r\n          \"sourcePortRanges\":
        [\r\n            \"0-65535\"\r\n          ],\r\n          \"destinationPortRanges\":
        [\r\n            \"0-65535\"\r\n          ],\r\n          \"sourceAddressPrefix\":
        \"VirtualNetwork\",\r\n          \"destinationAddressPrefix\": \"VirtualNetwork\",\r\n
        \         \"sourceAddressPrefixes\": [\r\n            \"VirtualNetwork\"\r\n
        \         ],\r\n          \"destinationAddressPrefixes\": [\r\n            \"VirtualNetwork\"\r\n
        \         ],\r\n          \"expandedSourceAddressPrefix\": [\r\n            \"10.0.0.0/16\",\r\n
        \           \"168.63.129.16/32\"\r\n          ],\r\n          \"expandedDestinationAddressPrefix\":
        [\r\n            \"10.0.0.0/16\",\r\n            \"168.63.129.16/32\"\r\n
        \         ],\r\n          \"access\": \"Allow\",\r\n          \"priority\":
        65000,\r\n          \"direction\": \"Outbound\"\r\n        },\r\n        {\r\n
        \         \"name\": \"defaultSecurityRules/AllowInternetOutBound\",\r\n          \"protocol\":
        \"All\",\r\n          \"sourcePortRange\": \"0-65535\",\r\n          \"destinationPortRange\":
        \"0-65535\",\r\n          \"sourcePortRanges\": [\r\n            \"0-65535\"\r\n
        \         ],\r\n          \"destinationPortRanges\": [\r\n            \"0-65535\"\r\n
        \         ],\r\n          \"sourceAddressPrefix\": \"0.0.0.0/0\",\r\n          \"destinationAddressPrefix\":
        \"Internet\",\r\n          \"sourceAddressPrefixes\": [\r\n            \"0.0.0.0/0\",\r\n
        \           \"0.0.0.0/0\"\r\n          ],\r\n          \"destinationAddressPrefixes\":
        [\r\n            \"Internet\"\r\n          ],\r\n          \"expandedDestinationAddressPrefix\":
        [\r\n            \"1.0.0.0/8\",\r\n            \"2.0.0.0/7\",\r\n            \"4.0.0.0/6\",\r\n
        \           \"8.0.0.0/7\",\r\n            \"11.0.0.0/8\",\r\n            \"12.0.0.0/8\",\r\n
        \           \"13.0.0.0/10\",\r\n            \"13.64.0.0/11\",\r\n            \"13.104.0.0/13\",\r\n
        \           \"13.112.0.0/12\",\r\n            \"13.128.0.0/9\",\r\n            \"14.0.0.0/7\",\r\n
        \           \"16.0.0.0/6\",\r\n            \"20.0.0.0/9\",\r\n            \"20.129.0.0/16\",\r\n
        \           \"20.131.0.0/16\",\r\n            \"20.132.0.0/14\",\r\n            \"20.136.0.0/13\",\r\n
        \           \"20.148.0.0/14\",\r\n            \"20.152.0.0/13\",\r\n            \"20.160.0.0/12\",\r\n
        \           \"20.184.0.0/13\",\r\n            \"20.192.0.0/10\",\r\n            \"23.0.0.0/8\",\r\n
        \           \"24.0.0.0/8\",\r\n            \"25.25.0.0/16\",\r\n            \"25.26.0.0/15\",\r\n
        \           \"25.132.0.0/14\",\r\n            \"25.136.0.0/14\",\r\n            \"25.140.0.0/15\",\r\n
        \           \"25.240.0.0/14\",\r\n            \"25.250.86.0/23\",\r\n            \"25.250.88.0/21\",\r\n
        \           \"25.250.96.0/19\",\r\n            \"25.250.128.0/17\",\r\n            \"25.254.9.0/24\",\r\n
        \           \"25.254.10.0/23\",\r\n            \"25.254.12.0/22\",\r\n            \"25.254.32.0/19\",\r\n
        \           \"26.0.0.0/7\",\r\n            \"28.0.0.0/6\",\r\n            \"32.0.0.0/5\",\r\n
        \           \"40.0.0.0/10\",\r\n            \"40.64.0.0/15\",\r\n            \"40.66.0.0/17\",\r\n
        \           \"40.67.0.0/16\",\r\n            \"40.68.0.0/14\",\r\n            \"40.72.0.0/13\",\r\n
        \           \"40.80.0.0/12\",\r\n            \"40.96.0.0/11\",\r\n            \"40.128.0.0/9\",\r\n
        \           \"41.0.0.0/8\",\r\n            \"42.0.0.0/7\",\r\n            \"44.0.0.0/6\",\r\n
        \           \"48.0.0.0/6\",\r\n            \"52.0.0.0/9\",\r\n            \"52.128.0.0/14\",\r\n
        \           \"52.136.0.0/13\",\r\n            \"52.144.0.0/16\",\r\n            \"52.146.0.0/15\",\r\n
        \           \"52.148.0.0/14\",\r\n            \"52.152.0.0/13\",\r\n            \"52.160.0.0/11\",\r\n
        \           \"52.192.0.0/10\",\r\n            \"53.0.0.0/8\",\r\n            \"54.0.0.0/7\",\r\n
        \           \"56.0.0.0/5\",\r\n            \"64.0.0.0/3\",\r\n            \"96.0.0.0/6\",\r\n
        \           \"100.0.0.0/10\",\r\n            \"100.128.0.0/9\",\r\n            \"101.0.0.0/8\",\r\n
        \           \"102.0.0.0/7\",\r\n            \"104.0.0.0/9\",\r\n            \"104.128.0.0/10\",\r\n
        \           \"104.192.0.0/12\",\r\n            \"104.208.0.0/14\",\r\n            \"104.212.0.0/19\",\r\n
        \           \"104.212.32.0/22\",\r\n            \"104.212.40.0/21\",\r\n            \"104.212.48.0/22\",\r\n
        \           \"104.212.56.0/21\",\r\n            \"104.212.64.0/18\",\r\n            \"104.212.128.0/17\",\r\n
        \           \"104.213.0.0/16\",\r\n            \"104.214.0.0/15\",\r\n            \"104.216.0.0/13\",\r\n
        \           \"104.224.0.0/11\",\r\n            \"105.0.0.0/8\",\r\n            \"106.0.0.0/7\",\r\n
        \           \"108.0.0.0/6\",\r\n            \"112.0.0.0/5\",\r\n            \"120.0.0.0/6\",\r\n
        \           \"124.0.0.0/7\",\r\n            \"126.0.0.0/8\",\r\n            \"128.0.0.0/8\",\r\n
        \           \"129.0.0.0/10\",\r\n            \"129.64.0.0/13\",\r\n            \"129.72.0.0/15\",\r\n
        \           \"129.74.0.0/16\",\r\n            \"129.76.0.0/14\",\r\n            \"129.80.0.0/12\",\r\n
        \           \"129.96.0.0/11\",\r\n            \"129.128.0.0/9\",\r\n            \"130.0.0.0/7\",\r\n
        \           \"132.0.0.0/7\",\r\n            \"134.0.0.0/9\",\r\n            \"134.128.0.0/11\",\r\n
        \           \"134.160.0.0/12\",\r\n            \"134.176.0.0/16\",\r\n            \"134.178.0.0/15\",\r\n
        \           \"134.180.0.0/14\",\r\n            \"134.184.0.0/13\",\r\n            \"134.192.0.0/10\",\r\n
        \           \"135.0.0.0/8\",\r\n            \"136.0.0.0/7\",\r\n            \"138.0.0.0/9\",\r\n
        \           \"138.128.0.0/10\",\r\n            \"138.192.0.0/14\",\r\n            \"138.197.0.0/16\",\r\n
        \           \"138.198.0.0/15\",\r\n            \"138.200.0.0/13\",\r\n            \"138.208.0.0/12\",\r\n
        \           \"138.224.0.0/11\",\r\n            \"139.0.0.0/8\",\r\n            \"140.0.0.0/8\",\r\n
        \           \"141.0.0.0/9\",\r\n            \"141.128.0.0/10\",\r\n            \"141.192.0.0/11\",\r\n
        \           \"141.224.0.0/12\",\r\n            \"141.240.0.0/13\",\r\n            \"141.248.0.0/15\",\r\n
        \           \"141.250.0.0/16\",\r\n            \"141.252.0.0/14\",\r\n            \"142.0.0.0/7\",\r\n
        \           \"144.0.0.0/7\",\r\n            \"146.0.0.0/9\",\r\n            \"146.128.0.0/12\",\r\n
        \           \"146.144.0.0/15\",\r\n            \"146.146.0.0/16\",\r\n            \"146.148.0.0/14\",\r\n
        \           \"146.152.0.0/13\",\r\n            \"146.160.0.0/11\",\r\n            \"146.192.0.0/10\",\r\n
        \           \"147.0.0.0/8\",\r\n            \"148.0.0.0/6\",\r\n            \"152.0.0.0/5\",\r\n
        \           \"160.0.0.0/5\",\r\n            \"168.0.0.0/8\",\r\n            \"169.0.0.0/9\",\r\n
        \           \"169.128.0.0/10\",\r\n            \"169.192.0.0/11\",\r\n            \"169.224.0.0/12\",\r\n
        \           \"169.240.0.0/13\",\r\n            \"169.248.0.0/14\",\r\n            \"169.252.0.0/15\",\r\n
        \           \"169.255.0.0/16\",\r\n            \"170.0.0.0/7\",\r\n            \"172.0.0.0/12\",\r\n
        \           \"172.32.0.0/11\",\r\n            \"172.64.0.0/10\",\r\n            \"172.128.0.0/9\",\r\n
        \           \"173.0.0.0/8\",\r\n            \"174.0.0.0/7\",\r\n            \"176.0.0.0/4\",\r\n
        \           \"192.0.0.0/23\",\r\n            \"192.0.3.0/24\",\r\n            \"192.0.4.0/22\",\r\n
        \           \"192.0.8.0/21\",\r\n            \"192.0.16.0/20\",\r\n            \"192.0.32.0/19\",\r\n
        \           \"192.0.64.0/18\",\r\n            \"192.0.128.0/17\",\r\n            \"192.1.0.0/16\",\r\n
        \           \"192.2.0.0/15\",\r\n            \"192.4.0.0/14\",\r\n            \"192.8.0.0/13\",\r\n
        \           \"192.16.0.0/12\",\r\n            \"192.33.0.0/16\",\r\n            \"192.34.0.0/15\",\r\n
        \           \"192.36.0.0/14\",\r\n            \"192.40.0.0/13\",\r\n            \"192.48.0.0/12\",\r\n
        \           \"192.64.0.0/11\",\r\n            \"192.96.0.0/14\",\r\n            \"192.100.0.0/18\",\r\n
        \           \"192.100.64.0/19\",\r\n            \"192.100.96.0/22\",\r\n            \"192.100.100.0/23\",\r\n
        \           \"192.100.104.0/21\",\r\n            \"192.100.112.0/20\",\r\n
        \           \"192.100.128.0/17\",\r\n            \"192.101.0.0/16\",\r\n            \"192.102.0.0/15\",\r\n
        \           \"192.104.0.0/13\",\r\n            \"192.112.0.0/12\",\r\n            \"192.128.0.0/11\",\r\n
        \           \"192.160.0.0/13\",\r\n            \"192.169.0.0/16\",\r\n            \"192.170.0.0/15\",\r\n
        \           \"192.172.0.0/14\",\r\n            \"192.176.0.0/12\",\r\n            \"192.192.0.0/10\",\r\n
        \           \"193.0.0.0/8\",\r\n            \"194.0.0.0/7\",\r\n            \"196.0.0.0/7\",\r\n
        \           \"198.0.0.0/12\",\r\n            \"198.16.0.0/15\",\r\n            \"198.20.0.0/14\",\r\n
        \           \"198.24.0.0/13\",\r\n            \"198.32.0.0/11\",\r\n            \"198.64.0.0/10\",\r\n
        \           \"198.128.0.0/9\",\r\n            \"199.0.0.0/8\",\r\n            \"200.0.0.0/5\",\r\n
        \           \"208.0.0.0/4\"\r\n          ],\r\n          \"access\": \"Allow\",\r\n
        \         \"priority\": 65001,\r\n          \"direction\": \"Outbound\"\r\n
        \       },\r\n        {\r\n          \"name\": \"defaultSecurityRules/DenyAllOutBound\",\r\n
        \         \"protocol\": \"All\",\r\n          \"sourcePortRange\": \"0-65535\",\r\n
        \         \"destinationPortRange\": \"0-65535\",\r\n          \"sourcePortRanges\":
        [\r\n            \"0-65535\"\r\n          ],\r\n          \"destinationPortRanges\":
        [\r\n            \"0-65535\"\r\n          ],\r\n          \"sourceAddressPrefix\":
        \"0.0.0.0/0\",\r\n          \"destinationAddressPrefix\": \"0.0.0.0/0\",\r\n
        \         \"sourceAddressPrefixes\": [\r\n            \"0.0.0.0/0\",\r\n            \"0.0.0.0/0\"\r\n
        \         ],\r\n          \"destinationAddressPrefixes\": [\r\n            \"0.0.0.0/0\",\r\n
        \           \"0.0.0.0/0\"\r\n          ],\r\n          \"access\": \"Deny\",\r\n
        \         \"priority\": 65500,\r\n          \"direction\": \"Outbound\"\r\n
        \       }\r\n      ],\r\n      \"tagMap\": {\r\n        \"VirtualNetwork\":
        [\r\n          \"10.0.0.0/16\",\r\n          \"168.63.129.16/32\"\r\n        ],\r\n
        \       \"AzureLoadBalancer\": [\r\n          \"168.63.129.16/32\",\r\n          \"fe80::1234:5678:9abc/128\"\r\n
        \       ],\r\n        \"Internet\": [\r\n          \"1.0.0.0/8\",\r\n          \"2.0.0.0/7\",\r\n
        \         \"4.0.0.0/6\",\r\n          \"8.0.0.0/7\",\r\n          \"11.0.0.0/8\",\r\n
        \         \"12.0.0.0/8\",\r\n          \"13.0.0.0/10\",\r\n          \"13.64.0.0/11\",\r\n
        \         \"13.104.0.0/13\",\r\n          \"13.112.0.0/12\",\r\n          \"13.128.0.0/9\",\r\n
        \         \"14.0.0.0/7\",\r\n          \"16.0.0.0/6\",\r\n          \"20.0.0.0/9\",\r\n
        \         \"20.129.0.0/16\",\r\n          \"20.131.0.0/16\",\r\n          \"20.132.0.0/14\",\r\n
        \         \"20.136.0.0/13\",\r\n          \"20.148.0.0/14\",\r\n          \"20.152.0.0/13\",\r\n
        \         \"20.160.0.0/12\",\r\n          \"20.184.0.0/13\",\r\n          \"20.192.0.0/10\",\r\n
        \         \"23.0.0.0/8\",\r\n          \"24.0.0.0/8\",\r\n          \"25.25.0.0/16\",\r\n
        \         \"25.26.0.0/15\",\r\n          \"25.132.0.0/14\",\r\n          \"25.136.0.0/14\",\r\n
        \         \"25.140.0.0/15\",\r\n          \"25.240.0.0/14\",\r\n          \"25.250.86.0/23\",\r\n
        \         \"25.250.88.0/21\",\r\n          \"25.250.96.0/19\",\r\n          \"25.250.128.0/17\",\r\n
        \         \"25.254.9.0/24\",\r\n          \"25.254.10.0/23\",\r\n          \"25.254.12.0/22\",\r\n
        \         \"25.254.32.0/19\",\r\n          \"26.0.0.0/7\",\r\n          \"28.0.0.0/6\",\r\n
        \         \"32.0.0.0/5\",\r\n          \"40.0.0.0/10\",\r\n          \"40.64.0.0/15\",\r\n
        \         \"40.66.0.0/17\",\r\n          \"40.67.0.0/16\",\r\n          \"40.68.0.0/14\",\r\n
        \         \"40.72.0.0/13\",\r\n          \"40.80.0.0/12\",\r\n          \"40.96.0.0/11\",\r\n
        \         \"40.128.0.0/9\",\r\n          \"41.0.0.0/8\",\r\n          \"42.0.0.0/7\",\r\n
        \         \"44.0.0.0/6\",\r\n          \"48.0.0.0/6\",\r\n          \"52.0.0.0/9\",\r\n
        \         \"52.128.0.0/14\",\r\n          \"52.136.0.0/13\",\r\n          \"52.144.0.0/16\",\r\n
        \         \"52.146.0.0/15\",\r\n          \"52.148.0.0/14\",\r\n          \"52.152.0.0/13\",\r\n
        \         \"52.160.0.0/11\",\r\n          \"52.192.0.0/10\",\r\n          \"53.0.0.0/8\",\r\n
        \         \"54.0.0.0/7\",\r\n          \"56.0.0.0/5\",\r\n          \"64.0.0.0/3\",\r\n
        \         \"96.0.0.0/6\",\r\n          \"100.0.0.0/10\",\r\n          \"100.128.0.0/9\",\r\n
        \         \"101.0.0.0/8\",\r\n          \"102.0.0.0/7\",\r\n          \"104.0.0.0/9\",\r\n
        \         \"104.128.0.0/10\",\r\n          \"104.192.0.0/12\",\r\n          \"104.208.0.0/14\",\r\n
        \         \"104.212.0.0/19\",\r\n          \"104.212.32.0/22\",\r\n          \"104.212.40.0/21\",\r\n
        \         \"104.212.48.0/22\",\r\n          \"104.212.56.0/21\",\r\n          \"104.212.64.0/18\",\r\n
        \         \"104.212.128.0/17\",\r\n          \"104.213.0.0/16\",\r\n          \"104.214.0.0/15\",\r\n
        \         \"104.216.0.0/13\",\r\n          \"104.224.0.0/11\",\r\n          \"105.0.0.0/8\",\r\n
        \         \"106.0.0.0/7\",\r\n          \"108.0.0.0/6\",\r\n          \"112.0.0.0/5\",\r\n
        \         \"120.0.0.0/6\",\r\n          \"124.0.0.0/7\",\r\n          \"126.0.0.0/8\",\r\n
        \         \"128.0.0.0/8\",\r\n          \"129.0.0.0/10\",\r\n          \"129.64.0.0/13\",\r\n
        \         \"129.72.0.0/15\",\r\n          \"129.74.0.0/16\",\r\n          \"129.76.0.0/14\",\r\n
        \         \"129.80.0.0/12\",\r\n          \"129.96.0.0/11\",\r\n          \"129.128.0.0/9\",\r\n
        \         \"130.0.0.0/7\",\r\n          \"132.0.0.0/7\",\r\n          \"134.0.0.0/9\",\r\n
        \         \"134.128.0.0/11\",\r\n          \"134.160.0.0/12\",\r\n          \"134.176.0.0/16\",\r\n
        \         \"134.178.0.0/15\",\r\n          \"134.180.0.0/14\",\r\n          \"134.184.0.0/13\",\r\n
        \         \"134.192.0.0/10\",\r\n          \"135.0.0.0/8\",\r\n          \"136.0.0.0/7\",\r\n
        \         \"138.0.0.0/9\",\r\n          \"138.128.0.0/10\",\r\n          \"138.192.0.0/14\",\r\n
        \         \"138.197.0.0/16\",\r\n          \"138.198.0.0/15\",\r\n          \"138.200.0.0/13\",\r\n
        \         \"138.208.0.0/12\",\r\n          \"138.224.0.0/11\",\r\n          \"139.0.0.0/8\",\r\n
        \         \"140.0.0.0/8\",\r\n          \"141.0.0.0/9\",\r\n          \"141.128.0.0/10\",\r\n
        \         \"141.192.0.0/11\",\r\n          \"141.224.0.0/12\",\r\n          \"141.240.0.0/13\",\r\n
        \         \"141.248.0.0/15\",\r\n          \"141.250.0.0/16\",\r\n          \"141.252.0.0/14\",\r\n
        \         \"142.0.0.0/7\",\r\n          \"144.0.0.0/7\",\r\n          \"146.0.0.0/9\",\r\n
        \         \"146.128.0.0/12\",\r\n          \"146.144.0.0/15\",\r\n          \"146.146.0.0/16\",\r\n
        \         \"146.148.0.0/14\",\r\n          \"146.152.0.0/13\",\r\n          \"146.160.0.0/11\",\r\n
        \         \"146.192.0.0/10\",\r\n          \"147.0.0.0/8\",\r\n          \"148.0.0.0/6\",\r\n
        \         \"152.0.0.0/5\",\r\n          \"160.0.0.0/5\",\r\n          \"168.0.0.0/8\",\r\n
        \         \"169.0.0.0/9\",\r\n          \"169.128.0.0/10\",\r\n          \"169.192.0.0/11\",\r\n
        \         \"169.224.0.0/12\",\r\n          \"169.240.0.0/13\",\r\n          \"169.248.0.0/14\",\r\n
        \         \"169.252.0.0/15\",\r\n          \"169.255.0.0/16\",\r\n          \"170.0.0.0/7\",\r\n
        \         \"172.0.0.0/12\",\r\n          \"172.32.0.0/11\",\r\n          \"172.64.0.0/10\",\r\n
        \         \"172.128.0.0/9\",\r\n          \"173.0.0.0/8\",\r\n          \"174.0.0.0/7\",\r\n
        \         \"176.0.0.0/4\",\r\n          \"192.0.0.0/23\",\r\n          \"192.0.3.0/24\",\r\n
        \         \"192.0.4.0/22\",\r\n          \"192.0.8.0/21\",\r\n          \"192.0.16.0/20\",\r\n
        \         \"192.0.32.0/19\",\r\n          \"192.0.64.0/18\",\r\n          \"192.0.128.0/17\",\r\n
        \         \"192.1.0.0/16\",\r\n          \"192.2.0.0/15\",\r\n          \"192.4.0.0/14\",\r\n
        \         \"192.8.0.0/13\",\r\n          \"192.16.0.0/12\",\r\n          \"192.33.0.0/16\",\r\n
        \         \"192.34.0.0/15\",\r\n          \"192.36.0.0/14\",\r\n          \"192.40.0.0/13\",\r\n
        \         \"192.48.0.0/12\",\r\n          \"192.64.0.0/11\",\r\n          \"192.96.0.0/14\",\r\n
        \         \"192.100.0.0/18\",\r\n          \"192.100.64.0/19\",\r\n          \"192.100.96.0/22\",\r\n
        \         \"192.100.100.0/23\",\r\n          \"192.100.104.0/21\",\r\n          \"192.100.112.0/20\",\r\n
        \         \"192.100.128.0/17\",\r\n          \"192.101.0.0/16\",\r\n          \"192.102.0.0/15\",\r\n
        \         \"192.104.0.0/13\",\r\n          \"192.112.0.0/12\",\r\n          \"192.128.0.0/11\",\r\n
        \         \"192.160.0.0/13\",\r\n          \"192.169.0.0/16\",\r\n          \"192.170.0.0/15\",\r\n
        \         \"192.172.0.0/14\",\r\n          \"192.176.0.0/12\",\r\n          \"192.192.0.0/10\",\r\n
        \         \"193.0.0.0/8\",\r\n          \"194.0.0.0/7\",\r\n          \"196.0.0.0/7\",\r\n
        \         \"198.0.0.0/12\",\r\n          \"198.16.0.0/15\",\r\n          \"198.20.0.0/14\",\r\n
        \         \"198.24.0.0/13\",\r\n          \"198.32.0.0/11\",\r\n          \"198.64.0.0/10\",\r\n
        \         \"198.128.0.0/9\",\r\n          \"199.0.0.0/8\",\r\n          \"200.0.0.0/5\",\r\n
        \         \"208.0.0.0/4\"\r\n        ]\r\n      }\r\n    }\r\n  ]\r\n}"
    headers:
      cache-control:
      - no-cache
      content-length:
      - '18361'
      content-type:
      - application/json; charset=utf-8
      date:
      - Fri, 15 May 2020 17:15:00 GMT
      expires:
      - '-1'
      location:
      - https://management.azure.com/subscriptions/00000000-0000-0000-0000-000000000000/providers/Microsoft.Network/locations/westus/operationResults/77403b7f-82d2-457b-8e93-661df2260560?api-version=2020-04-01
      pragma:
      - no-cache
      server:
      - Microsoft-HTTPAPI/2.0
      - Microsoft-HTTPAPI/2.0
      strict-transport-security:
      - max-age=31536000; includeSubDomains
      transfer-encoding:
      - chunked
      vary:
      - Accept-Encoding
      x-content-type-options:
      - nosniff
      x-ms-arm-service-request-id:
      - 6123c4bc-e4a4-4070-a4be-698453db4b3e
    status:
      code: 200
      message: OK
- request:
    body: null
    headers:
      Accept:
      - application/json
      Accept-Encoding:
      - gzip, deflate
      CommandName:
      - network nic show-effective-route-table
      Connection:
      - keep-alive
      Content-Length:
      - '0'
      ParameterSetName:
      - --ids
      User-Agent:
      - python/3.7.4 (Windows-10-10.0.18362-SP0) msrest/0.6.9 msrest_azure/0.6.3 azure-mgmt-network/10.2.0
        Azure-SDK-For-Python AZURECLI/2.5.1
      accept-language:
      - en-US
    method: POST
    uri: https://management.azure.com/subscriptions/00000000-0000-0000-0000-000000000000/resourceGroups/cli_nic_convenience_test000001/providers/Microsoft.Network/networkInterfaces/conveniencevm1VMNic/effectiveRouteTable?api-version=2020-04-01
  response:
    body:
      string: 'null'
    headers:
      cache-control:
      - no-cache
      content-length:
      - '4'
      content-type:
      - application/json; charset=utf-8
      date:
      - Fri, 15 May 2020 17:15:57 GMT
      expires:
      - '-1'
      location:
      - https://management.azure.com/subscriptions/00000000-0000-0000-0000-000000000000/providers/Microsoft.Network/locations/westus/operationResults/6d0bb8c5-15d4-4f63-a551-d29e47753962?api-version=2020-04-01
      pragma:
      - no-cache
      server:
      - Microsoft-HTTPAPI/2.0
      - Microsoft-HTTPAPI/2.0
      strict-transport-security:
      - max-age=31536000; includeSubDomains
      x-content-type-options:
      - nosniff
      x-ms-arm-service-request-id:
      - ea553d26-3885-4907-9031-e86db91f81bf
      x-ms-ratelimit-remaining-subscription-writes:
      - '1199'
    status:
      code: 202
      message: Accepted
- request:
    body: null
    headers:
      Accept:
      - application/json
      Accept-Encoding:
      - gzip, deflate
      CommandName:
      - network nic show-effective-route-table
      Connection:
      - keep-alive
      ParameterSetName:
      - --ids
      User-Agent:
      - python/3.7.4 (Windows-10-10.0.18362-SP0) msrest/0.6.9 msrest_azure/0.6.3 azure-mgmt-network/10.2.0
        Azure-SDK-For-Python AZURECLI/2.5.1
    method: GET
    uri: https://management.azure.com/subscriptions/00000000-0000-0000-0000-000000000000/providers/Microsoft.Network/locations/westus/operationResults/6d0bb8c5-15d4-4f63-a551-d29e47753962?api-version=2020-04-01
  response:
    body:
      string: "{\r\n  \"value\": [\r\n    {\r\n      \"disableBgpRoutePropagation\":
        false,\r\n      \"source\": \"Default\",\r\n      \"state\": \"Active\",\r\n
        \     \"hasBgpOverride\": false,\r\n      \"addressPrefix\": [\r\n        \"10.0.0.0/16\"\r\n
        \     ],\r\n      \"nextHopType\": \"VnetLocal\",\r\n      \"nextHopIpAddress\":
        [],\r\n      \"destinationServiceTags\": [],\r\n      \"tagMap\": {}\r\n    },\r\n
        \   {\r\n      \"disableBgpRoutePropagation\": false,\r\n      \"source\":
        \"Default\",\r\n      \"state\": \"Active\",\r\n      \"hasBgpOverride\":
        false,\r\n      \"addressPrefix\": [\r\n        \"0.0.0.0/0\"\r\n      ],\r\n
        \     \"nextHopType\": \"Internet\",\r\n      \"nextHopIpAddress\": [],\r\n
        \     \"destinationServiceTags\": [],\r\n      \"tagMap\": {}\r\n    },\r\n
        \   {\r\n      \"disableBgpRoutePropagation\": false,\r\n      \"source\":
        \"Default\",\r\n      \"state\": \"Active\",\r\n      \"hasBgpOverride\":
        false,\r\n      \"addressPrefix\": [\r\n        \"10.0.0.0/8\"\r\n      ],\r\n
        \     \"nextHopType\": \"None\",\r\n      \"nextHopIpAddress\": [],\r\n      \"destinationServiceTags\":
        [],\r\n      \"tagMap\": {}\r\n    },\r\n    {\r\n      \"disableBgpRoutePropagation\":
        false,\r\n      \"source\": \"Default\",\r\n      \"state\": \"Active\",\r\n
        \     \"hasBgpOverride\": false,\r\n      \"addressPrefix\": [\r\n        \"100.64.0.0/10\"\r\n
        \     ],\r\n      \"nextHopType\": \"None\",\r\n      \"nextHopIpAddress\":
        [],\r\n      \"destinationServiceTags\": [],\r\n      \"tagMap\": {}\r\n    },\r\n
        \   {\r\n      \"disableBgpRoutePropagation\": false,\r\n      \"source\":
        \"Default\",\r\n      \"state\": \"Active\",\r\n      \"hasBgpOverride\":
        false,\r\n      \"addressPrefix\": [\r\n        \"192.168.0.0/16\"\r\n      ],\r\n
        \     \"nextHopType\": \"None\",\r\n      \"nextHopIpAddress\": [],\r\n      \"destinationServiceTags\":
        [],\r\n      \"tagMap\": {}\r\n    }\r\n  ]\r\n}"
    headers:
      cache-control:
      - no-cache
      content-length:
      - '1643'
      content-type:
      - application/json; charset=utf-8
      date:
      - Fri, 15 May 2020 17:16:09 GMT
      expires:
      - '-1'
      location:
      - https://management.azure.com/subscriptions/00000000-0000-0000-0000-000000000000/providers/Microsoft.Network/locations/westus/operationResults/6d0bb8c5-15d4-4f63-a551-d29e47753962?api-version=2020-04-01
      pragma:
      - no-cache
      server:
      - Microsoft-HTTPAPI/2.0
      - Microsoft-HTTPAPI/2.0
      strict-transport-security:
      - max-age=31536000; includeSubDomains
      transfer-encoding:
      - chunked
      vary:
      - Accept-Encoding
      x-content-type-options:
      - nosniff
      x-ms-arm-service-request-id:
      - ea553d26-3885-4907-9031-e86db91f81bf
    status:
      code: 200
      message: OK
version: 1
