interactions:
- request:
    body: null
    headers:
      Accept:
      - application/json
      Accept-Encoding:
      - gzip, deflate
      CommandName:
      - network lb create
      Connection:
      - keep-alive
      ParameterSetName:
      - -g -n --sku
      User-Agent:
      - AZURECLI/2.44.1 azsdk-python-azure-mgmt-resource/22.0.0 Python/3.10.9 (Linux-5.15.0-1031-azure-x86_64-with-glibc2.31)
        VSTS_7b238909-6802-4b65-b90d-184bca47f458_build_220_0
    method: GET
    uri: https://management.azure.com/subscriptions/00000000-0000-0000-0000-000000000000/resourcegroups/cli_test_lb_nat_rules_v3000001?api-version=2022-09-01
  response:
    body:
      string: '{"id":"/subscriptions/00000000-0000-0000-0000-000000000000/resourceGroups/cli_test_lb_nat_rules_v3000001","name":"cli_test_lb_nat_rules_v3000001","type":"Microsoft.Resources/resourceGroups","location":"eastus2euap","tags":{"product":"azurecli","cause":"automation","date":"2023-01-28T19:39:28Z"},"properties":{"provisioningState":"Succeeded"}}'
    headers:
      cache-control:
      - no-cache
      content-length:
      - '343'
      content-type:
      - application/json; charset=utf-8
      date:
      - Sat, 28 Jan 2023 19:39:29 GMT
      expires:
      - '-1'
      pragma:
      - no-cache
      strict-transport-security:
      - max-age=31536000; includeSubDomains
      vary:
      - Accept-Encoding
      x-content-type-options:
      - nosniff
    status:
      code: 200
      message: OK
- request:
    body: null
    headers:
      Accept:
      - application/json
      Accept-Encoding:
      - gzip, deflate
      CommandName:
      - network lb create
      Connection:
      - keep-alive
      ParameterSetName:
      - -g -n --sku
      User-Agent:
      - AZURECLI/2.44.1 azsdk-python-azure-mgmt-resource/22.0.0 Python/3.10.9 (Linux-5.15.0-1031-azure-x86_64-with-glibc2.31)
        VSTS_7b238909-6802-4b65-b90d-184bca47f458_build_220_0
    method: GET
    uri: https://management.azure.com/subscriptions/00000000-0000-0000-0000-000000000000/resources?$filter=resourceGroup%20eq%20%27cli_test_lb_nat_rules_v3000001%27%20and%20name%20eq%20%27None%27%20and%20resourceType%20eq%20%27Microsoft.Network%2FpublicIPAddresses%27&api-version=2022-09-01
  response:
    body:
      string: '{"value":[],"nextLink":"https://management.azure.com/subscriptions/00000000-0000-0000-0000-000000000000/resources?%24filter=resourceGroup+eq+%27cli_test_lb_nat_rules_v3000001%27+and+name+eq+%27None%27+and+resourceType+eq+%27Microsoft.Network%2fpublicIPAddresses%27&api-version=2022-09-01&%24skiptoken=eyJuZXh0UGFydGl0aW9uS2V5IjoiMSE4IU9FTTVOa1UtIiwibmV4dFJvd0tleSI6IjEhMTQ4IU1FSXhSalkwTnpFeFFrWXdORVJFUVVGRlF6TkRRamt5TnpKR01EazFPVEJmUjFKTUxVZEJURXhGVWxsQlVGQTZNa1JVUlZOVUxVMUpRMUpQVTA5R1ZEb3lSVU5QVFZCVlZFVTZNa1pIUVV4TVJWSkpSVk02TWtaSFJVeE1SVkpaVlVGWVdqVk9ORk10VjBWVFZGVlQifQ%3d%3d"}'
    headers:
      cache-control:
      - no-cache
      content-length:
      - '583'
      content-type:
      - application/json; charset=utf-8
      date:
      - Sat, 28 Jan 2023 19:39:29 GMT
      expires:
      - '-1'
      pragma:
      - no-cache
      strict-transport-security:
      - max-age=31536000; includeSubDomains
      vary:
      - Accept-Encoding
      x-content-type-options:
      - nosniff
    status:
      code: 200
      message: OK
- request:
    body: null
    headers:
      Accept:
      - '*/*'
      Accept-Encoding:
      - gzip, deflate
      CommandName:
      - network lb create
      Connection:
      - keep-alive
      ParameterSetName:
      - -g -n --sku
      User-Agent:
      - AZURECLI/2.44.1 azsdk-python-azure-mgmt-resource/22.0.0 Python/3.10.9 (Linux-5.15.0-1031-azure-x86_64-with-glibc2.31)
        VSTS_7b238909-6802-4b65-b90d-184bca47f458_build_220_0
    method: GET
    uri: https://management.azure.com/subscriptions/00000000-0000-0000-0000-000000000000/resources?$filter=resourceGroup%20eq%20%27cli_test_lb_nat_rules_v3000001%27%20and%20name%20eq%20%27None%27%20and%20resourceType%20eq%20%27Microsoft.Network/publicIPAddresses%27&api-version=2022-09-01&$skiptoken=eyJuZXh0UGFydGl0aW9uS2V5IjoiMSE4IU9FTTVOa1UtIiwibmV4dFJvd0tleSI6IjEhMTQ4IU1FSXhSalkwTnpFeFFrWXdORVJFUVVGRlF6TkRRamt5TnpKR01EazFPVEJmUjFKTUxVZEJURXhGVWxsQlVGQTZNa1JVUlZOVUxVMUpRMUpQVTA5R1ZEb3lSVU5QVFZCVlZFVTZNa1pIUVV4TVJWSkpSVk02TWtaSFJVeE1SVkpaVlVGWVdqVk9ORk10VjBWVFZGVlQifQ%3D%3D
  response:
    body:
      string: '{"value":[]}'
    headers:
      cache-control:
      - no-cache
      content-length:
      - '12'
      content-type:
      - application/json; charset=utf-8
      date:
      - Sat, 28 Jan 2023 19:39:29 GMT
      expires:
      - '-1'
      pragma:
      - no-cache
      strict-transport-security:
      - max-age=31536000; includeSubDomains
      vary:
      - Accept-Encoding
      x-content-type-options:
      - nosniff
    status:
      code: 200
      message: OK
- request:
    body: '{"properties": {"template": {"$schema": "https://schema.management.azure.com/schemas/2015-01-01/deploymentTemplate.json#",
      "contentVersion": "1.0.0.0", "parameters": {}, "variables": {}, "resources":
      [{"apiVersion": "2022-01-01", "type": "Microsoft.Network/publicIPAddresses",
      "name": "PublicIPlb1", "location": "eastus2euap", "tags": {}, "dependsOn": [],
      "properties": {"publicIPAllocationMethod": "Static"}, "sku": {"name": "Standard"}},
      {"type": "Microsoft.Network/loadBalancers", "name": "lb1", "location": "eastus2euap",
      "tags": {}, "apiVersion": "2022-01-01", "dependsOn": ["Microsoft.Network/publicIpAddresses/PublicIPlb1"],
      "properties": {"backendAddressPools": [{"name": "lb1bepool"}], "frontendIPConfigurations":
      [{"name": "LoadBalancerFrontEnd", "properties": {"publicIPAddress": {"id": "/subscriptions/00000000-0000-0000-0000-000000000000/resourceGroups/cli_test_lb_nat_rules_v3000001/providers/Microsoft.Network/publicIPAddresses/PublicIPlb1"},
      "privateIPAddressVersion": "IPv4"}}]}, "sku": {"name": "Standard"}}], "outputs":
      {"loadBalancer": {"type": "object", "value": "[reference(''lb1'')]"}}}, "parameters":
      {}, "mode": "incremental"}}'
    headers:
      Accept:
      - application/json
      Accept-Encoding:
      - gzip, deflate
      CommandName:
      - network lb create
      Connection:
      - keep-alive
      Content-Length:
      - '1150'
      Content-Type:
      - application/json
      ParameterSetName:
      - -g -n --sku
      User-Agent:
      - AZURECLI/2.44.1 azsdk-python-azure-mgmt-resource/22.0.0 Python/3.10.9 (Linux-5.15.0-1031-azure-x86_64-with-glibc2.31)
        VSTS_7b238909-6802-4b65-b90d-184bca47f458_build_220_0
    method: PUT
    uri: https://management.azure.com/subscriptions/00000000-0000-0000-0000-000000000000/resourcegroups/cli_test_lb_nat_rules_v3000001/providers/Microsoft.Resources/deployments/mock-deployment?api-version=2022-09-01
  response:
    body:
      string: '{"id":"/subscriptions/00000000-0000-0000-0000-000000000000/resourceGroups/cli_test_lb_nat_rules_v3000001/providers/Microsoft.Resources/deployments/lb_deploy_4OHeIea2QSzzwTyNG8YCNRLZEtZXo39e","name":"lb_deploy_4OHeIea2QSzzwTyNG8YCNRLZEtZXo39e","type":"Microsoft.Resources/deployments","properties":{"templateHash":"9254654003215944984","parameters":{},"mode":"Incremental","provisioningState":"Accepted","timestamp":"2023-01-28T19:39:31.6132061Z","duration":"PT0.0003044S","correlationId":"66b302e2-367d-4788-a5d6-9013230b2037","providers":[{"namespace":"Microsoft.Network","resourceTypes":[{"resourceType":"publicIPAddresses","locations":["eastus2euap"]},{"resourceType":"loadBalancers","locations":["eastus2euap"]}]}],"dependencies":[{"dependsOn":[{"id":"/subscriptions/00000000-0000-0000-0000-000000000000/resourceGroups/cli_test_lb_nat_rules_v3000001/providers/Microsoft.Network/publicIPAddresses/PublicIPlb1","resourceType":"Microsoft.Network/publicIPAddresses","resourceName":"PublicIPlb1"}],"id":"/subscriptions/00000000-0000-0000-0000-000000000000/resourceGroups/cli_test_lb_nat_rules_v3000001/providers/Microsoft.Network/loadBalancers/lb1","resourceType":"Microsoft.Network/loadBalancers","resourceName":"lb1"}]}}'
    headers:
      azure-asyncoperation:
      - https://management.azure.com/subscriptions/00000000-0000-0000-0000-000000000000/resourcegroups/cli_test_lb_nat_rules_v3000001/providers/Microsoft.Resources/deployments/lb_deploy_4OHeIea2QSzzwTyNG8YCNRLZEtZXo39e/operationStatuses/08585266721144660629?api-version=2022-09-01
      cache-control:
      - no-cache
      content-length:
      - '1221'
      content-type:
      - application/json; charset=utf-8
      date:
      - Sat, 28 Jan 2023 19:39:31 GMT
      expires:
      - '-1'
      pragma:
      - no-cache
      strict-transport-security:
      - max-age=31536000; includeSubDomains
      x-content-type-options:
      - nosniff
      x-ms-ratelimit-remaining-subscription-writes:
      - '1195'
    status:
      code: 201
      message: Created
- request:
    body: null
    headers:
      Accept:
      - '*/*'
      Accept-Encoding:
      - gzip, deflate
      CommandName:
      - network lb create
      Connection:
      - keep-alive
      ParameterSetName:
      - -g -n --sku
      User-Agent:
      - AZURECLI/2.44.1 azsdk-python-azure-mgmt-resource/22.0.0 Python/3.10.9 (Linux-5.15.0-1031-azure-x86_64-with-glibc2.31)
        VSTS_7b238909-6802-4b65-b90d-184bca47f458_build_220_0
    method: GET
    uri: https://management.azure.com/subscriptions/00000000-0000-0000-0000-000000000000/resourcegroups/cli_test_lb_nat_rules_v3000001/providers/Microsoft.Resources/deployments/mock-deployment/operationStatuses/08585266721144660629?api-version=2022-09-01
  response:
    body:
      string: '{"status":"Succeeded"}'
    headers:
      cache-control:
      - no-cache
      content-length:
      - '22'
      content-type:
      - application/json; charset=utf-8
      date:
      - Sat, 28 Jan 2023 19:40:01 GMT
      expires:
      - '-1'
      pragma:
      - no-cache
      strict-transport-security:
      - max-age=31536000; includeSubDomains
      vary:
      - Accept-Encoding
      x-content-type-options:
      - nosniff
    status:
      code: 200
      message: OK
- request:
    body: null
    headers:
      Accept:
      - '*/*'
      Accept-Encoding:
      - gzip, deflate
      CommandName:
      - network lb create
      Connection:
      - keep-alive
      ParameterSetName:
      - -g -n --sku
      User-Agent:
      - AZURECLI/2.44.1 azsdk-python-azure-mgmt-resource/22.0.0 Python/3.10.9 (Linux-5.15.0-1031-azure-x86_64-with-glibc2.31)
        VSTS_7b238909-6802-4b65-b90d-184bca47f458_build_220_0
    method: GET
    uri: https://management.azure.com/subscriptions/00000000-0000-0000-0000-000000000000/resourcegroups/cli_test_lb_nat_rules_v3000001/providers/Microsoft.Resources/deployments/mock-deployment?api-version=2022-09-01
  response:
    body:
      string: '{"id":"/subscriptions/00000000-0000-0000-0000-000000000000/resourceGroups/cli_test_lb_nat_rules_v3000001/providers/Microsoft.Resources/deployments/lb_deploy_4OHeIea2QSzzwTyNG8YCNRLZEtZXo39e","name":"lb_deploy_4OHeIea2QSzzwTyNG8YCNRLZEtZXo39e","type":"Microsoft.Resources/deployments","properties":{"templateHash":"9254654003215944984","parameters":{},"mode":"Incremental","provisioningState":"Succeeded","timestamp":"2023-01-28T19:39:38.9870161Z","duration":"PT7.3741144S","correlationId":"66b302e2-367d-4788-a5d6-9013230b2037","providers":[{"namespace":"Microsoft.Network","resourceTypes":[{"resourceType":"publicIPAddresses","locations":["eastus2euap"]},{"resourceType":"loadBalancers","locations":["eastus2euap"]}]}],"dependencies":[{"dependsOn":[{"id":"/subscriptions/00000000-0000-0000-0000-000000000000/resourceGroups/cli_test_lb_nat_rules_v3000001/providers/Microsoft.Network/publicIPAddresses/PublicIPlb1","resourceType":"Microsoft.Network/publicIPAddresses","resourceName":"PublicIPlb1"}],"id":"/subscriptions/00000000-0000-0000-0000-000000000000/resourceGroups/cli_test_lb_nat_rules_v3000001/providers/Microsoft.Network/loadBalancers/lb1","resourceType":"Microsoft.Network/loadBalancers","resourceName":"lb1"}],"outputs":{"loadBalancer":{"type":"Object","value":{"provisioningState":"Succeeded","resourceGuid":"f0391d5b-7ad7-4abe-a003-99f0f536dbfa","frontendIPConfigurations":[{"name":"LoadBalancerFrontEnd","id":"/subscriptions/00000000-0000-0000-0000-000000000000/resourceGroups/cli_test_lb_nat_rules_v3000001/providers/Microsoft.Network/loadBalancers/lb1/frontendIPConfigurations/LoadBalancerFrontEnd","etag":"W/\"486fb91b-4582-437e-b9c9-da66a88954e9\"","type":"Microsoft.Network/loadBalancers/frontendIPConfigurations","properties":{"provisioningState":"Succeeded","privateIPAllocationMethod":"Dynamic","publicIPAddress":{"id":"/subscriptions/00000000-0000-0000-0000-000000000000/resourceGroups/cli_test_lb_nat_rules_v3000001/providers/Microsoft.Network/publicIPAddresses/PublicIPlb1"}}}],"backendAddressPools":[{"name":"lb1bepool","id":"/subscriptions/00000000-0000-0000-0000-000000000000/resourceGroups/cli_test_lb_nat_rules_v3000001/providers/Microsoft.Network/loadBalancers/lb1/backendAddressPools/lb1bepool","etag":"W/\"486fb91b-4582-437e-b9c9-da66a88954e9\"","properties":{"provisioningState":"Succeeded","loadBalancerBackendAddresses":[]},"type":"Microsoft.Network/loadBalancers/backendAddressPools"}],"loadBalancingRules":[],"probes":[],"inboundNatRules":[],"outboundRules":[],"inboundNatPools":[]}}},"outputResources":[{"id":"/subscriptions/00000000-0000-0000-0000-000000000000/resourceGroups/cli_test_lb_nat_rules_v3000001/providers/Microsoft.Network/loadBalancers/lb1"},{"id":"/subscriptions/00000000-0000-0000-0000-000000000000/resourceGroups/cli_test_lb_nat_rules_v3000001/providers/Microsoft.Network/publicIPAddresses/PublicIPlb1"}]}}'
    headers:
      cache-control:
      - no-cache
      content-length:
      - '2862'
      content-type:
      - application/json; charset=utf-8
      date:
      - Sat, 28 Jan 2023 19:40:01 GMT
      expires:
      - '-1'
      pragma:
      - no-cache
      strict-transport-security:
      - max-age=31536000; includeSubDomains
      vary:
      - Accept-Encoding
      x-content-type-options:
      - nosniff
    status:
      code: 200
      message: OK
- request:
    body: null
    headers:
      Accept:
      - application/json
      Accept-Encoding:
      - gzip, deflate
      CommandName:
      - network lb inbound-nat-rule create
      Connection:
      - keep-alive
      ParameterSetName:
      - -g --lb-name -n --protocol --backend-port --frontend-port-range-start --frontend-port-range-end
        --backend-pool-name
      User-Agent:
      - AZURECLI/2.44.1 (AAZ) azsdk-python-core/1.24.0 Python/3.10.9 (Linux-5.15.0-1031-azure-x86_64-with-glibc2.31)
        VSTS_7b238909-6802-4b65-b90d-184bca47f458_build_220_0
    method: GET
    uri: https://management.azure.com/subscriptions/00000000-0000-0000-0000-000000000000/resourceGroups/cli_test_lb_nat_rules_v3000001/providers/Microsoft.Network/loadBalancers/lb1?api-version=2022-05-01
  response:
    body:
      string: "{\r\n  \"name\": \"lb1\",\r\n  \"id\": \"/subscriptions/00000000-0000-0000-0000-000000000000/resourceGroups/cli_test_lb_nat_rules_v3000001/providers/Microsoft.Network/loadBalancers/lb1\",\r\n
        \ \"etag\": \"W/\\\"486fb91b-4582-437e-b9c9-da66a88954e9\\\"\",\r\n  \"type\":
        \"Microsoft.Network/loadBalancers\",\r\n  \"location\": \"eastus2euap\",\r\n
        \ \"tags\": {},\r\n  \"properties\": {\r\n    \"provisioningState\": \"Succeeded\",\r\n
        \   \"resourceGuid\": \"f0391d5b-7ad7-4abe-a003-99f0f536dbfa\",\r\n    \"frontendIPConfigurations\":
        [\r\n      {\r\n        \"name\": \"LoadBalancerFrontEnd\",\r\n        \"id\":
        \"/subscriptions/00000000-0000-0000-0000-000000000000/resourceGroups/cli_test_lb_nat_rules_v3000001/providers/Microsoft.Network/loadBalancers/lb1/frontendIPConfigurations/LoadBalancerFrontEnd\",\r\n
        \       \"etag\": \"W/\\\"486fb91b-4582-437e-b9c9-da66a88954e9\\\"\",\r\n
        \       \"type\": \"Microsoft.Network/loadBalancers/frontendIPConfigurations\",\r\n
        \       \"properties\": {\r\n          \"provisioningState\": \"Succeeded\",\r\n
        \         \"privateIPAllocationMethod\": \"Dynamic\",\r\n          \"publicIPAddress\":
        {\r\n            \"id\": \"/subscriptions/00000000-0000-0000-0000-000000000000/resourceGroups/cli_test_lb_nat_rules_v3000001/providers/Microsoft.Network/publicIPAddresses/PublicIPlb1\"\r\n
        \         }\r\n        }\r\n      }\r\n    ],\r\n    \"backendAddressPools\":
        [\r\n      {\r\n        \"name\": \"lb1bepool\",\r\n        \"id\": \"/subscriptions/00000000-0000-0000-0000-000000000000/resourceGroups/cli_test_lb_nat_rules_v3000001/providers/Microsoft.Network/loadBalancers/lb1/backendAddressPools/lb1bepool\",\r\n
        \       \"etag\": \"W/\\\"486fb91b-4582-437e-b9c9-da66a88954e9\\\"\",\r\n
        \       \"properties\": {\r\n          \"provisioningState\": \"Succeeded\",\r\n
        \         \"loadBalancerBackendAddresses\": []\r\n        },\r\n        \"type\":
        \"Microsoft.Network/loadBalancers/backendAddressPools\"\r\n      }\r\n    ],\r\n
        \   \"loadBalancingRules\": [],\r\n    \"probes\": [],\r\n    \"inboundNatRules\":
        [],\r\n    \"outboundRules\": [],\r\n    \"inboundNatPools\": []\r\n  },\r\n
        \ \"sku\": {\r\n    \"name\": \"Standard\",\r\n    \"tier\": \"Regional\"\r\n
        \ }\r\n}"
    headers:
      cache-control:
      - no-cache
      content-length:
      - '1992'
      content-type:
      - application/json; charset=utf-8
      date:
      - Sat, 28 Jan 2023 19:40:02 GMT
      etag:
      - W/"486fb91b-4582-437e-b9c9-da66a88954e9"
      expires:
      - '-1'
      pragma:
      - no-cache
      server:
      - Microsoft-HTTPAPI/2.0
      - Microsoft-HTTPAPI/2.0
      strict-transport-security:
      - max-age=31536000; includeSubDomains
      transfer-encoding:
      - chunked
      vary:
      - Accept-Encoding
      x-content-type-options:
      - nosniff
      x-ms-arm-service-request-id:
      - 626bb69e-7be4-4329-8c03-5face582cc77
    status:
      code: 200
      message: OK
- request:
    body: '{"id": "/subscriptions/00000000-0000-0000-0000-000000000000/resourceGroups/cli_test_lb_nat_rules_v3000001/providers/Microsoft.Network/loadBalancers/lb1",
      "location": "eastus2euap", "properties": {"backendAddressPools": [{"id": "/subscriptions/00000000-0000-0000-0000-000000000000/resourceGroups/cli_test_lb_nat_rules_v3000001/providers/Microsoft.Network/loadBalancers/lb1/backendAddressPools/lb1bepool",
      "name": "lb1bepool", "properties": {"loadBalancerBackendAddresses": []}}], "frontendIPConfigurations":
      [{"id": "/subscriptions/00000000-0000-0000-0000-000000000000/resourceGroups/cli_test_lb_nat_rules_v3000001/providers/Microsoft.Network/loadBalancers/lb1/frontendIPConfigurations/LoadBalancerFrontEnd",
      "name": "LoadBalancerFrontEnd", "properties": {"privateIPAllocationMethod":
      "Dynamic", "publicIPAddress": {"id": "/subscriptions/00000000-0000-0000-0000-000000000000/resourceGroups/cli_test_lb_nat_rules_v3000001/providers/Microsoft.Network/publicIPAddresses/PublicIPlb1"}}}],
      "inboundNatPools": [], "inboundNatRules": [{"name": "rule3", "properties": {"backendAddressPool":
      {"id": "/subscriptions/00000000-0000-0000-0000-000000000000/resourceGroups/cli_test_lb_nat_rules_v3000001/providers/Microsoft.Network/loadBalancers/lb1/backendAddressPools/lb1bepool"},
      "backendPort": 30, "frontendIPConfiguration": {"id": "/subscriptions/00000000-0000-0000-0000-000000000000/resourceGroups/cli_test_lb_nat_rules_v3000001/providers/Microsoft.Network/loadBalancers/lb1/frontendIPConfigurations/LoadBalancerFrontEnd"},
      "frontendPortRangeEnd": 3, "frontendPortRangeStart": 0, "protocol": "Tcp"}}],
      "loadBalancingRules": [], "outboundRules": [], "probes": []}, "sku": {"name":
      "Standard", "tier": "Regional"}, "tags": {}}'
    headers:
      Accept:
      - application/json
      Accept-Encoding:
      - gzip, deflate
      CommandName:
      - network lb inbound-nat-rule create
      Connection:
      - keep-alive
      Content-Length:
      - '1714'
      Content-Type:
      - application/json
      ParameterSetName:
      - -g --lb-name -n --protocol --backend-port --frontend-port-range-start --frontend-port-range-end
        --backend-pool-name
      User-Agent:
      - AZURECLI/2.44.1 (AAZ) azsdk-python-core/1.24.0 Python/3.10.9 (Linux-5.15.0-1031-azure-x86_64-with-glibc2.31)
        VSTS_7b238909-6802-4b65-b90d-184bca47f458_build_220_0
    method: PUT
    uri: https://management.azure.com/subscriptions/00000000-0000-0000-0000-000000000000/resourceGroups/cli_test_lb_nat_rules_v3000001/providers/Microsoft.Network/loadBalancers/lb1?api-version=2022-05-01
  response:
    body:
      string: "{\r\n  \"name\": \"lb1\",\r\n  \"id\": \"/subscriptions/00000000-0000-0000-0000-000000000000/resourceGroups/cli_test_lb_nat_rules_v3000001/providers/Microsoft.Network/loadBalancers/lb1\",\r\n
        \ \"etag\": \"W/\\\"4f7ce1bd-f86e-4b8d-8e30-1638f250cb3d\\\"\",\r\n  \"type\":
        \"Microsoft.Network/loadBalancers\",\r\n  \"location\": \"eastus2euap\",\r\n
        \ \"tags\": {},\r\n  \"properties\": {\r\n    \"provisioningState\": \"Succeeded\",\r\n
        \   \"resourceGuid\": \"f0391d5b-7ad7-4abe-a003-99f0f536dbfa\",\r\n    \"frontendIPConfigurations\":
        [\r\n      {\r\n        \"name\": \"LoadBalancerFrontEnd\",\r\n        \"id\":
        \"/subscriptions/00000000-0000-0000-0000-000000000000/resourceGroups/cli_test_lb_nat_rules_v3000001/providers/Microsoft.Network/loadBalancers/lb1/frontendIPConfigurations/LoadBalancerFrontEnd\",\r\n
        \       \"etag\": \"W/\\\"4f7ce1bd-f86e-4b8d-8e30-1638f250cb3d\\\"\",\r\n
        \       \"type\": \"Microsoft.Network/loadBalancers/frontendIPConfigurations\",\r\n
        \       \"properties\": {\r\n          \"provisioningState\": \"Succeeded\",\r\n
        \         \"privateIPAllocationMethod\": \"Dynamic\",\r\n          \"publicIPAddress\":
        {\r\n            \"id\": \"/subscriptions/00000000-0000-0000-0000-000000000000/resourceGroups/cli_test_lb_nat_rules_v3000001/providers/Microsoft.Network/publicIPAddresses/PublicIPlb1\"\r\n
        \         },\r\n          \"inboundNatRules\": [\r\n            {\r\n              \"id\":
        \"/subscriptions/00000000-0000-0000-0000-000000000000/resourceGroups/cli_test_lb_nat_rules_v3000001/providers/Microsoft.Network/loadBalancers/lb1/inboundNatRules/rule3\"\r\n
        \           }\r\n          ]\r\n        }\r\n      }\r\n    ],\r\n    \"backendAddressPools\":
        [\r\n      {\r\n        \"name\": \"lb1bepool\",\r\n        \"id\": \"/subscriptions/00000000-0000-0000-0000-000000000000/resourceGroups/cli_test_lb_nat_rules_v3000001/providers/Microsoft.Network/loadBalancers/lb1/backendAddressPools/lb1bepool\",\r\n
        \       \"etag\": \"W/\\\"4f7ce1bd-f86e-4b8d-8e30-1638f250cb3d\\\"\",\r\n
        \       \"properties\": {\r\n          \"provisioningState\": \"Succeeded\",\r\n
        \         \"loadBalancerBackendAddresses\": [],\r\n          \"inboundNatRules\":
        [\r\n            {\r\n              \"id\": \"/subscriptions/00000000-0000-0000-0000-000000000000/resourceGroups/cli_test_lb_nat_rules_v3000001/providers/Microsoft.Network/loadBalancers/lb1/inboundNatRules/rule3\"\r\n
        \           }\r\n          ]\r\n        },\r\n        \"type\": \"Microsoft.Network/loadBalancers/backendAddressPools\"\r\n
        \     }\r\n    ],\r\n    \"loadBalancingRules\": [],\r\n    \"probes\": [],\r\n
        \   \"inboundNatRules\": [\r\n      {\r\n        \"name\": \"rule3\",\r\n
        \       \"id\": \"/subscriptions/00000000-0000-0000-0000-000000000000/resourceGroups/cli_test_lb_nat_rules_v3000001/providers/Microsoft.Network/loadBalancers/lb1/inboundNatRules/rule3\",\r\n
        \       \"etag\": \"W/\\\"4f7ce1bd-f86e-4b8d-8e30-1638f250cb3d\\\"\",\r\n
        \       \"type\": \"Microsoft.Network/loadBalancers/inboundNatRules\",\r\n
        \       \"properties\": {\r\n          \"provisioningState\": \"Succeeded\",\r\n
        \         \"frontendIPConfiguration\": {\r\n            \"id\": \"/subscriptions/00000000-0000-0000-0000-000000000000/resourceGroups/cli_test_lb_nat_rules_v3000001/providers/Microsoft.Network/loadBalancers/lb1/frontendIPConfigurations/LoadBalancerFrontEnd\"\r\n
        \         },\r\n          \"frontendPort\": 0,\r\n          \"backendPort\":
        30,\r\n          \"enableFloatingIP\": false,\r\n          \"idleTimeoutInMinutes\":
        4,\r\n          \"protocol\": \"Tcp\",\r\n          \"enableDestinationServiceEndpoint\":
        false,\r\n          \"enableTcpReset\": false,\r\n          \"allowBackendPortConflict\":
        false,\r\n          \"frontendPortRangeStart\": 0,\r\n          \"frontendPortRangeEnd\":
        3,\r\n          \"backendAddressPool\": {\r\n            \"id\": \"/subscriptions/00000000-0000-0000-0000-000000000000/resourceGroups/cli_test_lb_nat_rules_v3000001/providers/Microsoft.Network/loadBalancers/lb1/backendAddressPools/lb1bepool\"\r\n
        \         }\r\n        }\r\n      }\r\n    ],\r\n    \"outboundRules\": [],\r\n
        \   \"inboundNatPools\": []\r\n  },\r\n  \"sku\": {\r\n    \"name\": \"Standard\",\r\n
        \   \"tier\": \"Regional\"\r\n  }\r\n}"
    headers:
      azure-asyncnotification:
      - Enabled
      azure-asyncoperation:
      - https://management.azure.com/subscriptions/00000000-0000-0000-0000-000000000000/providers/Microsoft.Network/locations/eastus2euap/operations/a6ae4924-9b4c-439c-bac8-e10c04ae3ef3?api-version=2022-05-01
      cache-control:
      - no-cache
      content-length:
      - '3856'
      content-type:
      - application/json; charset=utf-8
      date:
      - Sat, 28 Jan 2023 19:40:04 GMT
      expires:
      - '-1'
      pragma:
      - no-cache
      server:
      - Microsoft-HTTPAPI/2.0
      - Microsoft-HTTPAPI/2.0
      strict-transport-security:
      - max-age=31536000; includeSubDomains
      transfer-encoding:
      - chunked
      vary:
      - Accept-Encoding
      x-content-type-options:
      - nosniff
      x-ms-arm-service-request-id:
      - 28357296-8341-4e77-90f1-8de6c8846485
      x-ms-ratelimit-remaining-subscription-writes:
      - '1193'
    status:
      code: 200
      message: OK
- request:
    body: null
    headers:
      Accept:
      - '*/*'
      Accept-Encoding:
      - gzip, deflate
      CommandName:
      - network lb inbound-nat-rule create
      Connection:
      - keep-alive
      ParameterSetName:
      - -g --lb-name -n --protocol --backend-port --frontend-port-range-start --frontend-port-range-end
        --backend-pool-name
      User-Agent:
      - AZURECLI/2.44.1 (AAZ) azsdk-python-core/1.24.0 Python/3.10.9 (Linux-5.15.0-1031-azure-x86_64-with-glibc2.31)
        VSTS_7b238909-6802-4b65-b90d-184bca47f458_build_220_0
    method: GET
    uri: https://management.azure.com/subscriptions/00000000-0000-0000-0000-000000000000/providers/Microsoft.Network/locations/eastus2euap/operations/a6ae4924-9b4c-439c-bac8-e10c04ae3ef3?api-version=2022-05-01
  response:
    body:
      string: "{\r\n  \"status\": \"Succeeded\"\r\n}"
    headers:
      cache-control:
      - no-cache
      content-length:
      - '29'
      content-type:
      - application/json; charset=utf-8
      date:
      - Sat, 28 Jan 2023 19:40:34 GMT
      expires:
      - '-1'
      pragma:
      - no-cache
      server:
      - Microsoft-HTTPAPI/2.0
      - Microsoft-HTTPAPI/2.0
      strict-transport-security:
      - max-age=31536000; includeSubDomains
      transfer-encoding:
      - chunked
      vary:
      - Accept-Encoding
      x-content-type-options:
      - nosniff
      x-ms-arm-service-request-id:
      - dbbf19f0-2c99-4102-a275-29191799e507
    status:
      code: 200
      message: OK
- request:
    body: null
    headers:
      Accept:
      - '*/*'
      Accept-Encoding:
      - gzip, deflate
      CommandName:
      - network lb inbound-nat-rule create
      Connection:
      - keep-alive
      ParameterSetName:
      - -g --lb-name -n --protocol --backend-port --frontend-port-range-start --frontend-port-range-end
        --backend-pool-name
      User-Agent:
      - AZURECLI/2.44.1 (AAZ) azsdk-python-core/1.24.0 Python/3.10.9 (Linux-5.15.0-1031-azure-x86_64-with-glibc2.31)
        VSTS_7b238909-6802-4b65-b90d-184bca47f458_build_220_0
    method: GET
    uri: https://management.azure.com/subscriptions/00000000-0000-0000-0000-000000000000/resourceGroups/cli_test_lb_nat_rules_v3000001/providers/Microsoft.Network/loadBalancers/lb1?api-version=2022-05-01
  response:
    body:
      string: "{\r\n  \"name\": \"lb1\",\r\n  \"id\": \"/subscriptions/00000000-0000-0000-0000-000000000000/resourceGroups/cli_test_lb_nat_rules_v3000001/providers/Microsoft.Network/loadBalancers/lb1\",\r\n
        \ \"etag\": \"W/\\\"4f7ce1bd-f86e-4b8d-8e30-1638f250cb3d\\\"\",\r\n  \"type\":
        \"Microsoft.Network/loadBalancers\",\r\n  \"location\": \"eastus2euap\",\r\n
        \ \"tags\": {},\r\n  \"properties\": {\r\n    \"provisioningState\": \"Succeeded\",\r\n
        \   \"resourceGuid\": \"f0391d5b-7ad7-4abe-a003-99f0f536dbfa\",\r\n    \"frontendIPConfigurations\":
        [\r\n      {\r\n        \"name\": \"LoadBalancerFrontEnd\",\r\n        \"id\":
        \"/subscriptions/00000000-0000-0000-0000-000000000000/resourceGroups/cli_test_lb_nat_rules_v3000001/providers/Microsoft.Network/loadBalancers/lb1/frontendIPConfigurations/LoadBalancerFrontEnd\",\r\n
        \       \"etag\": \"W/\\\"4f7ce1bd-f86e-4b8d-8e30-1638f250cb3d\\\"\",\r\n
        \       \"type\": \"Microsoft.Network/loadBalancers/frontendIPConfigurations\",\r\n
        \       \"properties\": {\r\n          \"provisioningState\": \"Succeeded\",\r\n
        \         \"privateIPAllocationMethod\": \"Dynamic\",\r\n          \"publicIPAddress\":
        {\r\n            \"id\": \"/subscriptions/00000000-0000-0000-0000-000000000000/resourceGroups/cli_test_lb_nat_rules_v3000001/providers/Microsoft.Network/publicIPAddresses/PublicIPlb1\"\r\n
        \         },\r\n          \"inboundNatRules\": [\r\n            {\r\n              \"id\":
        \"/subscriptions/00000000-0000-0000-0000-000000000000/resourceGroups/cli_test_lb_nat_rules_v3000001/providers/Microsoft.Network/loadBalancers/lb1/inboundNatRules/rule3\"\r\n
        \           }\r\n          ]\r\n        }\r\n      }\r\n    ],\r\n    \"backendAddressPools\":
        [\r\n      {\r\n        \"name\": \"lb1bepool\",\r\n        \"id\": \"/subscriptions/00000000-0000-0000-0000-000000000000/resourceGroups/cli_test_lb_nat_rules_v3000001/providers/Microsoft.Network/loadBalancers/lb1/backendAddressPools/lb1bepool\",\r\n
        \       \"etag\": \"W/\\\"4f7ce1bd-f86e-4b8d-8e30-1638f250cb3d\\\"\",\r\n
        \       \"properties\": {\r\n          \"provisioningState\": \"Succeeded\",\r\n
        \         \"loadBalancerBackendAddresses\": [],\r\n          \"inboundNatRules\":
        [\r\n            {\r\n              \"id\": \"/subscriptions/00000000-0000-0000-0000-000000000000/resourceGroups/cli_test_lb_nat_rules_v3000001/providers/Microsoft.Network/loadBalancers/lb1/inboundNatRules/rule3\"\r\n
        \           }\r\n          ]\r\n        },\r\n        \"type\": \"Microsoft.Network/loadBalancers/backendAddressPools\"\r\n
        \     }\r\n    ],\r\n    \"loadBalancingRules\": [],\r\n    \"probes\": [],\r\n
        \   \"inboundNatRules\": [\r\n      {\r\n        \"name\": \"rule3\",\r\n
        \       \"id\": \"/subscriptions/00000000-0000-0000-0000-000000000000/resourceGroups/cli_test_lb_nat_rules_v3000001/providers/Microsoft.Network/loadBalancers/lb1/inboundNatRules/rule3\",\r\n
        \       \"etag\": \"W/\\\"4f7ce1bd-f86e-4b8d-8e30-1638f250cb3d\\\"\",\r\n
        \       \"type\": \"Microsoft.Network/loadBalancers/inboundNatRules\",\r\n
        \       \"properties\": {\r\n          \"provisioningState\": \"Succeeded\",\r\n
        \         \"frontendIPConfiguration\": {\r\n            \"id\": \"/subscriptions/00000000-0000-0000-0000-000000000000/resourceGroups/cli_test_lb_nat_rules_v3000001/providers/Microsoft.Network/loadBalancers/lb1/frontendIPConfigurations/LoadBalancerFrontEnd\"\r\n
        \         },\r\n          \"frontendPort\": 0,\r\n          \"backendPort\":
        30,\r\n          \"enableFloatingIP\": false,\r\n          \"idleTimeoutInMinutes\":
        4,\r\n          \"protocol\": \"Tcp\",\r\n          \"enableDestinationServiceEndpoint\":
        false,\r\n          \"enableTcpReset\": false,\r\n          \"allowBackendPortConflict\":
        false,\r\n          \"frontendPortRangeStart\": 0,\r\n          \"frontendPortRangeEnd\":
        3,\r\n          \"backendAddressPool\": {\r\n            \"id\": \"/subscriptions/00000000-0000-0000-0000-000000000000/resourceGroups/cli_test_lb_nat_rules_v3000001/providers/Microsoft.Network/loadBalancers/lb1/backendAddressPools/lb1bepool\"\r\n
        \         }\r\n        }\r\n      }\r\n    ],\r\n    \"outboundRules\": [],\r\n
        \   \"inboundNatPools\": []\r\n  },\r\n  \"sku\": {\r\n    \"name\": \"Standard\",\r\n
        \   \"tier\": \"Regional\"\r\n  }\r\n}"
    headers:
      cache-control:
      - no-cache
      content-length:
      - '3856'
      content-type:
      - application/json; charset=utf-8
      date:
      - Sat, 28 Jan 2023 19:40:34 GMT
      etag:
      - W/"4f7ce1bd-f86e-4b8d-8e30-1638f250cb3d"
      expires:
      - '-1'
      pragma:
      - no-cache
      server:
      - Microsoft-HTTPAPI/2.0
      - Microsoft-HTTPAPI/2.0
      strict-transport-security:
      - max-age=31536000; includeSubDomains
      transfer-encoding:
      - chunked
      vary:
      - Accept-Encoding
      x-content-type-options:
      - nosniff
      x-ms-arm-service-request-id:
      - 16dfab29-3f8d-46e3-bd9d-98000db15be1
    status:
      code: 200
      message: OK
- request:
    body: null
    headers:
      Accept:
      - application/json
      Accept-Encoding:
      - gzip, deflate
      CommandName:
      - network lb inbound-nat-rule update
      Connection:
      - keep-alive
      ParameterSetName:
      - -g --lb-name -n --floating-ip --idle-timeout --frontend-port-range-end
      User-Agent:
      - AZURECLI/2.44.1 (AAZ) azsdk-python-core/1.24.0 Python/3.10.9 (Linux-5.15.0-1031-azure-x86_64-with-glibc2.31)
        VSTS_7b238909-6802-4b65-b90d-184bca47f458_build_220_0
    method: GET
    uri: https://management.azure.com/subscriptions/00000000-0000-0000-0000-000000000000/resourceGroups/cli_test_lb_nat_rules_v3000001/providers/Microsoft.Network/loadBalancers/lb1?api-version=2022-05-01
  response:
    body:
      string: "{\r\n  \"name\": \"lb1\",\r\n  \"id\": \"/subscriptions/00000000-0000-0000-0000-000000000000/resourceGroups/cli_test_lb_nat_rules_v3000001/providers/Microsoft.Network/loadBalancers/lb1\",\r\n
        \ \"etag\": \"W/\\\"4f7ce1bd-f86e-4b8d-8e30-1638f250cb3d\\\"\",\r\n  \"type\":
        \"Microsoft.Network/loadBalancers\",\r\n  \"location\": \"eastus2euap\",\r\n
        \ \"tags\": {},\r\n  \"properties\": {\r\n    \"provisioningState\": \"Succeeded\",\r\n
        \   \"resourceGuid\": \"f0391d5b-7ad7-4abe-a003-99f0f536dbfa\",\r\n    \"frontendIPConfigurations\":
        [\r\n      {\r\n        \"name\": \"LoadBalancerFrontEnd\",\r\n        \"id\":
        \"/subscriptions/00000000-0000-0000-0000-000000000000/resourceGroups/cli_test_lb_nat_rules_v3000001/providers/Microsoft.Network/loadBalancers/lb1/frontendIPConfigurations/LoadBalancerFrontEnd\",\r\n
        \       \"etag\": \"W/\\\"4f7ce1bd-f86e-4b8d-8e30-1638f250cb3d\\\"\",\r\n
        \       \"type\": \"Microsoft.Network/loadBalancers/frontendIPConfigurations\",\r\n
        \       \"properties\": {\r\n          \"provisioningState\": \"Succeeded\",\r\n
        \         \"privateIPAllocationMethod\": \"Dynamic\",\r\n          \"publicIPAddress\":
        {\r\n            \"id\": \"/subscriptions/00000000-0000-0000-0000-000000000000/resourceGroups/cli_test_lb_nat_rules_v3000001/providers/Microsoft.Network/publicIPAddresses/PublicIPlb1\"\r\n
        \         },\r\n          \"inboundNatRules\": [\r\n            {\r\n              \"id\":
        \"/subscriptions/00000000-0000-0000-0000-000000000000/resourceGroups/cli_test_lb_nat_rules_v3000001/providers/Microsoft.Network/loadBalancers/lb1/inboundNatRules/rule3\"\r\n
        \           }\r\n          ]\r\n        }\r\n      }\r\n    ],\r\n    \"backendAddressPools\":
        [\r\n      {\r\n        \"name\": \"lb1bepool\",\r\n        \"id\": \"/subscriptions/00000000-0000-0000-0000-000000000000/resourceGroups/cli_test_lb_nat_rules_v3000001/providers/Microsoft.Network/loadBalancers/lb1/backendAddressPools/lb1bepool\",\r\n
        \       \"etag\": \"W/\\\"4f7ce1bd-f86e-4b8d-8e30-1638f250cb3d\\\"\",\r\n
        \       \"properties\": {\r\n          \"provisioningState\": \"Succeeded\",\r\n
        \         \"loadBalancerBackendAddresses\": [],\r\n          \"inboundNatRules\":
        [\r\n            {\r\n              \"id\": \"/subscriptions/00000000-0000-0000-0000-000000000000/resourceGroups/cli_test_lb_nat_rules_v3000001/providers/Microsoft.Network/loadBalancers/lb1/inboundNatRules/rule3\"\r\n
        \           }\r\n          ]\r\n        },\r\n        \"type\": \"Microsoft.Network/loadBalancers/backendAddressPools\"\r\n
        \     }\r\n    ],\r\n    \"loadBalancingRules\": [],\r\n    \"probes\": [],\r\n
        \   \"inboundNatRules\": [\r\n      {\r\n        \"name\": \"rule3\",\r\n
        \       \"id\": \"/subscriptions/00000000-0000-0000-0000-000000000000/resourceGroups/cli_test_lb_nat_rules_v3000001/providers/Microsoft.Network/loadBalancers/lb1/inboundNatRules/rule3\",\r\n
        \       \"etag\": \"W/\\\"4f7ce1bd-f86e-4b8d-8e30-1638f250cb3d\\\"\",\r\n
        \       \"type\": \"Microsoft.Network/loadBalancers/inboundNatRules\",\r\n
        \       \"properties\": {\r\n          \"provisioningState\": \"Succeeded\",\r\n
        \         \"frontendIPConfiguration\": {\r\n            \"id\": \"/subscriptions/00000000-0000-0000-0000-000000000000/resourceGroups/cli_test_lb_nat_rules_v3000001/providers/Microsoft.Network/loadBalancers/lb1/frontendIPConfigurations/LoadBalancerFrontEnd\"\r\n
        \         },\r\n          \"frontendPort\": 0,\r\n          \"backendPort\":
        30,\r\n          \"enableFloatingIP\": false,\r\n          \"idleTimeoutInMinutes\":
        4,\r\n          \"protocol\": \"Tcp\",\r\n          \"enableDestinationServiceEndpoint\":
        false,\r\n          \"enableTcpReset\": false,\r\n          \"allowBackendPortConflict\":
        false,\r\n          \"frontendPortRangeStart\": 0,\r\n          \"frontendPortRangeEnd\":
        3,\r\n          \"backendAddressPool\": {\r\n            \"id\": \"/subscriptions/00000000-0000-0000-0000-000000000000/resourceGroups/cli_test_lb_nat_rules_v3000001/providers/Microsoft.Network/loadBalancers/lb1/backendAddressPools/lb1bepool\"\r\n
        \         }\r\n        }\r\n      }\r\n    ],\r\n    \"outboundRules\": [],\r\n
        \   \"inboundNatPools\": []\r\n  },\r\n  \"sku\": {\r\n    \"name\": \"Standard\",\r\n
        \   \"tier\": \"Regional\"\r\n  }\r\n}"
    headers:
      cache-control:
      - no-cache
      content-length:
      - '3856'
      content-type:
      - application/json; charset=utf-8
      date:
      - Sat, 28 Jan 2023 19:40:35 GMT
      etag:
      - W/"4f7ce1bd-f86e-4b8d-8e30-1638f250cb3d"
      expires:
      - '-1'
      pragma:
      - no-cache
      server:
      - Microsoft-HTTPAPI/2.0
      - Microsoft-HTTPAPI/2.0
      strict-transport-security:
      - max-age=31536000; includeSubDomains
      transfer-encoding:
      - chunked
      vary:
      - Accept-Encoding
      x-content-type-options:
      - nosniff
      x-ms-arm-service-request-id:
      - 22fe9ff1-a096-4884-b2ac-112e41216d38
    status:
      code: 200
      message: ''
- request:
    body: '{"id": "/subscriptions/00000000-0000-0000-0000-000000000000/resourceGroups/cli_test_lb_nat_rules_v3000001/providers/Microsoft.Network/loadBalancers/lb1",
      "location": "eastus2euap", "properties": {"backendAddressPools": [{"id": "/subscriptions/00000000-0000-0000-0000-000000000000/resourceGroups/cli_test_lb_nat_rules_v3000001/providers/Microsoft.Network/loadBalancers/lb1/backendAddressPools/lb1bepool",
      "name": "lb1bepool", "properties": {"loadBalancerBackendAddresses": []}}], "frontendIPConfigurations":
      [{"id": "/subscriptions/00000000-0000-0000-0000-000000000000/resourceGroups/cli_test_lb_nat_rules_v3000001/providers/Microsoft.Network/loadBalancers/lb1/frontendIPConfigurations/LoadBalancerFrontEnd",
      "name": "LoadBalancerFrontEnd", "properties": {"privateIPAllocationMethod":
      "Dynamic", "publicIPAddress": {"id": "/subscriptions/00000000-0000-0000-0000-000000000000/resourceGroups/cli_test_lb_nat_rules_v3000001/providers/Microsoft.Network/publicIPAddresses/PublicIPlb1"}}}],
      "inboundNatPools": [], "inboundNatRules": [{"id": "/subscriptions/00000000-0000-0000-0000-000000000000/resourceGroups/cli_test_lb_nat_rules_v3000001/providers/Microsoft.Network/loadBalancers/lb1/inboundNatRules/rule3",
      "name": "rule3", "properties": {"backendAddressPool": {"id": "/subscriptions/00000000-0000-0000-0000-000000000000/resourceGroups/cli_test_lb_nat_rules_v3000001/providers/Microsoft.Network/loadBalancers/lb1/backendAddressPools/lb1bepool"},
      "backendPort": 30, "enableFloatingIP": true, "enableTcpReset": false, "frontendIPConfiguration":
      {"id": "/subscriptions/00000000-0000-0000-0000-000000000000/resourceGroups/cli_test_lb_nat_rules_v3000001/providers/Microsoft.Network/loadBalancers/lb1/frontendIPConfigurations/LoadBalancerFrontEnd"},
      "frontendPort": 0, "frontendPortRangeEnd": 5, "frontendPortRangeStart": 0, "idleTimeoutInMinutes":
      10, "protocol": "Tcp"}}], "loadBalancingRules": [], "outboundRules": [], "probes":
      []}, "sku": {"name": "Standard", "tier": "Regional"}, "tags": {}}'
    headers:
      Accept:
      - application/json
      Accept-Encoding:
      - gzip, deflate
      CommandName:
      - network lb inbound-nat-rule update
      Connection:
      - keep-alive
      Content-Length:
      - '1987'
      Content-Type:
      - application/json
      ParameterSetName:
      - -g --lb-name -n --floating-ip --idle-timeout --frontend-port-range-end
      User-Agent:
      - AZURECLI/2.44.1 (AAZ) azsdk-python-core/1.24.0 Python/3.10.9 (Linux-5.15.0-1031-azure-x86_64-with-glibc2.31)
        VSTS_7b238909-6802-4b65-b90d-184bca47f458_build_220_0
    method: PUT
    uri: https://management.azure.com/subscriptions/00000000-0000-0000-0000-000000000000/resourceGroups/cli_test_lb_nat_rules_v3000001/providers/Microsoft.Network/loadBalancers/lb1?api-version=2022-05-01
  response:
    body:
      string: "{\r\n  \"name\": \"lb1\",\r\n  \"id\": \"/subscriptions/00000000-0000-0000-0000-000000000000/resourceGroups/cli_test_lb_nat_rules_v3000001/providers/Microsoft.Network/loadBalancers/lb1\",\r\n
        \ \"etag\": \"W/\\\"a1002717-daa3-4d20-b51f-4bbad67cfba2\\\"\",\r\n  \"type\":
        \"Microsoft.Network/loadBalancers\",\r\n  \"location\": \"eastus2euap\",\r\n
        \ \"tags\": {},\r\n  \"properties\": {\r\n    \"provisioningState\": \"Succeeded\",\r\n
        \   \"resourceGuid\": \"f0391d5b-7ad7-4abe-a003-99f0f536dbfa\",\r\n    \"frontendIPConfigurations\":
        [\r\n      {\r\n        \"name\": \"LoadBalancerFrontEnd\",\r\n        \"id\":
        \"/subscriptions/00000000-0000-0000-0000-000000000000/resourceGroups/cli_test_lb_nat_rules_v3000001/providers/Microsoft.Network/loadBalancers/lb1/frontendIPConfigurations/LoadBalancerFrontEnd\",\r\n
        \       \"etag\": \"W/\\\"a1002717-daa3-4d20-b51f-4bbad67cfba2\\\"\",\r\n
        \       \"type\": \"Microsoft.Network/loadBalancers/frontendIPConfigurations\",\r\n
        \       \"properties\": {\r\n          \"provisioningState\": \"Succeeded\",\r\n
        \         \"privateIPAllocationMethod\": \"Dynamic\",\r\n          \"publicIPAddress\":
        {\r\n            \"id\": \"/subscriptions/00000000-0000-0000-0000-000000000000/resourceGroups/cli_test_lb_nat_rules_v3000001/providers/Microsoft.Network/publicIPAddresses/PublicIPlb1\"\r\n
        \         },\r\n          \"inboundNatRules\": [\r\n            {\r\n              \"id\":
        \"/subscriptions/00000000-0000-0000-0000-000000000000/resourceGroups/cli_test_lb_nat_rules_v3000001/providers/Microsoft.Network/loadBalancers/lb1/inboundNatRules/rule3\"\r\n
        \           }\r\n          ]\r\n        }\r\n      }\r\n    ],\r\n    \"backendAddressPools\":
        [\r\n      {\r\n        \"name\": \"lb1bepool\",\r\n        \"id\": \"/subscriptions/00000000-0000-0000-0000-000000000000/resourceGroups/cli_test_lb_nat_rules_v3000001/providers/Microsoft.Network/loadBalancers/lb1/backendAddressPools/lb1bepool\",\r\n
        \       \"etag\": \"W/\\\"a1002717-daa3-4d20-b51f-4bbad67cfba2\\\"\",\r\n
        \       \"properties\": {\r\n          \"provisioningState\": \"Succeeded\",\r\n
        \         \"loadBalancerBackendAddresses\": [],\r\n          \"inboundNatRules\":
        [\r\n            {\r\n              \"id\": \"/subscriptions/00000000-0000-0000-0000-000000000000/resourceGroups/cli_test_lb_nat_rules_v3000001/providers/Microsoft.Network/loadBalancers/lb1/inboundNatRules/rule3\"\r\n
        \           }\r\n          ]\r\n        },\r\n        \"type\": \"Microsoft.Network/loadBalancers/backendAddressPools\"\r\n
        \     }\r\n    ],\r\n    \"loadBalancingRules\": [],\r\n    \"probes\": [],\r\n
        \   \"inboundNatRules\": [\r\n      {\r\n        \"name\": \"rule3\",\r\n
        \       \"id\": \"/subscriptions/00000000-0000-0000-0000-000000000000/resourceGroups/cli_test_lb_nat_rules_v3000001/providers/Microsoft.Network/loadBalancers/lb1/inboundNatRules/rule3\",\r\n
        \       \"etag\": \"W/\\\"a1002717-daa3-4d20-b51f-4bbad67cfba2\\\"\",\r\n
        \       \"type\": \"Microsoft.Network/loadBalancers/inboundNatRules\",\r\n
        \       \"properties\": {\r\n          \"provisioningState\": \"Succeeded\",\r\n
        \         \"frontendIPConfiguration\": {\r\n            \"id\": \"/subscriptions/00000000-0000-0000-0000-000000000000/resourceGroups/cli_test_lb_nat_rules_v3000001/providers/Microsoft.Network/loadBalancers/lb1/frontendIPConfigurations/LoadBalancerFrontEnd\"\r\n
        \         },\r\n          \"frontendPort\": 0,\r\n          \"backendPort\":
        30,\r\n          \"enableFloatingIP\": true,\r\n          \"idleTimeoutInMinutes\":
        10,\r\n          \"protocol\": \"Tcp\",\r\n          \"enableDestinationServiceEndpoint\":
        false,\r\n          \"enableTcpReset\": false,\r\n          \"allowBackendPortConflict\":
        false,\r\n          \"frontendPortRangeStart\": 0,\r\n          \"frontendPortRangeEnd\":
        5,\r\n          \"backendAddressPool\": {\r\n            \"id\": \"/subscriptions/00000000-0000-0000-0000-000000000000/resourceGroups/cli_test_lb_nat_rules_v3000001/providers/Microsoft.Network/loadBalancers/lb1/backendAddressPools/lb1bepool\"\r\n
        \         }\r\n        }\r\n      }\r\n    ],\r\n    \"outboundRules\": [],\r\n
        \   \"inboundNatPools\": []\r\n  },\r\n  \"sku\": {\r\n    \"name\": \"Standard\",\r\n
        \   \"tier\": \"Regional\"\r\n  }\r\n}"
    headers:
      azure-asyncnotification:
      - Enabled
      azure-asyncoperation:
      - https://management.azure.com/subscriptions/00000000-0000-0000-0000-000000000000/providers/Microsoft.Network/locations/eastus2euap/operations/4e818e1e-6001-4125-b47f-04d0c1d34482?api-version=2022-05-01
      cache-control:
      - no-cache
      content-length:
      - '3856'
      content-type:
      - application/json; charset=utf-8
      date:
      - Sat, 28 Jan 2023 19:40:37 GMT
      expires:
      - '-1'
      pragma:
      - no-cache
      server:
      - Microsoft-HTTPAPI/2.0
      - Microsoft-HTTPAPI/2.0
      strict-transport-security:
      - max-age=31536000; includeSubDomains
      transfer-encoding:
      - chunked
      vary:
      - Accept-Encoding
      x-content-type-options:
      - nosniff
      x-ms-arm-service-request-id:
      - 53468a13-d034-4549-b47d-00f3cc5e80f5
      x-ms-ratelimit-remaining-subscription-writes:
      - '1195'
    status:
      code: 200
      message: ''
- request:
    body: null
    headers:
      Accept:
      - '*/*'
      Accept-Encoding:
      - gzip, deflate
      CommandName:
      - network lb inbound-nat-rule update
      Connection:
      - keep-alive
      ParameterSetName:
      - -g --lb-name -n --floating-ip --idle-timeout --frontend-port-range-end
      User-Agent:
      - AZURECLI/2.44.1 (AAZ) azsdk-python-core/1.24.0 Python/3.10.9 (Linux-5.15.0-1031-azure-x86_64-with-glibc2.31)
        VSTS_7b238909-6802-4b65-b90d-184bca47f458_build_220_0
    method: GET
    uri: https://management.azure.com/subscriptions/00000000-0000-0000-0000-000000000000/providers/Microsoft.Network/locations/eastus2euap/operations/4e818e1e-6001-4125-b47f-04d0c1d34482?api-version=2022-05-01
  response:
    body:
      string: "{\r\n  \"status\": \"Succeeded\"\r\n}"
    headers:
      cache-control:
      - no-cache
      content-length:
      - '29'
      content-type:
      - application/json; charset=utf-8
      date:
      - Sat, 28 Jan 2023 19:41:07 GMT
      expires:
      - '-1'
      pragma:
      - no-cache
      server:
      - Microsoft-HTTPAPI/2.0
      - Microsoft-HTTPAPI/2.0
      strict-transport-security:
      - max-age=31536000; includeSubDomains
      transfer-encoding:
      - chunked
      vary:
      - Accept-Encoding
      x-content-type-options:
      - nosniff
      x-ms-arm-service-request-id:
      - 0a81940d-17dc-4991-ad4a-92dc10f5739a
    status:
      code: 200
      message: OK
- request:
    body: null
    headers:
      Accept:
      - '*/*'
      Accept-Encoding:
      - gzip, deflate
      CommandName:
      - network lb inbound-nat-rule update
      Connection:
      - keep-alive
      ParameterSetName:
      - -g --lb-name -n --floating-ip --idle-timeout --frontend-port-range-end
      User-Agent:
      - AZURECLI/2.44.1 (AAZ) azsdk-python-core/1.24.0 Python/3.10.9 (Linux-5.15.0-1031-azure-x86_64-with-glibc2.31)
        VSTS_7b238909-6802-4b65-b90d-184bca47f458_build_220_0
    method: GET
    uri: https://management.azure.com/subscriptions/00000000-0000-0000-0000-000000000000/resourceGroups/cli_test_lb_nat_rules_v3000001/providers/Microsoft.Network/loadBalancers/lb1?api-version=2022-05-01
  response:
    body:
      string: "{\r\n  \"name\": \"lb1\",\r\n  \"id\": \"/subscriptions/00000000-0000-0000-0000-000000000000/resourceGroups/cli_test_lb_nat_rules_v3000001/providers/Microsoft.Network/loadBalancers/lb1\",\r\n
        \ \"etag\": \"W/\\\"a1002717-daa3-4d20-b51f-4bbad67cfba2\\\"\",\r\n  \"type\":
        \"Microsoft.Network/loadBalancers\",\r\n  \"location\": \"eastus2euap\",\r\n
        \ \"tags\": {},\r\n  \"properties\": {\r\n    \"provisioningState\": \"Succeeded\",\r\n
        \   \"resourceGuid\": \"f0391d5b-7ad7-4abe-a003-99f0f536dbfa\",\r\n    \"frontendIPConfigurations\":
        [\r\n      {\r\n        \"name\": \"LoadBalancerFrontEnd\",\r\n        \"id\":
        \"/subscriptions/00000000-0000-0000-0000-000000000000/resourceGroups/cli_test_lb_nat_rules_v3000001/providers/Microsoft.Network/loadBalancers/lb1/frontendIPConfigurations/LoadBalancerFrontEnd\",\r\n
        \       \"etag\": \"W/\\\"a1002717-daa3-4d20-b51f-4bbad67cfba2\\\"\",\r\n
        \       \"type\": \"Microsoft.Network/loadBalancers/frontendIPConfigurations\",\r\n
        \       \"properties\": {\r\n          \"provisioningState\": \"Succeeded\",\r\n
        \         \"privateIPAllocationMethod\": \"Dynamic\",\r\n          \"publicIPAddress\":
        {\r\n            \"id\": \"/subscriptions/00000000-0000-0000-0000-000000000000/resourceGroups/cli_test_lb_nat_rules_v3000001/providers/Microsoft.Network/publicIPAddresses/PublicIPlb1\"\r\n
        \         },\r\n          \"inboundNatRules\": [\r\n            {\r\n              \"id\":
        \"/subscriptions/00000000-0000-0000-0000-000000000000/resourceGroups/cli_test_lb_nat_rules_v3000001/providers/Microsoft.Network/loadBalancers/lb1/inboundNatRules/rule3\"\r\n
        \           }\r\n          ]\r\n        }\r\n      }\r\n    ],\r\n    \"backendAddressPools\":
        [\r\n      {\r\n        \"name\": \"lb1bepool\",\r\n        \"id\": \"/subscriptions/00000000-0000-0000-0000-000000000000/resourceGroups/cli_test_lb_nat_rules_v3000001/providers/Microsoft.Network/loadBalancers/lb1/backendAddressPools/lb1bepool\",\r\n
        \       \"etag\": \"W/\\\"a1002717-daa3-4d20-b51f-4bbad67cfba2\\\"\",\r\n
        \       \"properties\": {\r\n          \"provisioningState\": \"Succeeded\",\r\n
        \         \"loadBalancerBackendAddresses\": [],\r\n          \"inboundNatRules\":
        [\r\n            {\r\n              \"id\": \"/subscriptions/00000000-0000-0000-0000-000000000000/resourceGroups/cli_test_lb_nat_rules_v3000001/providers/Microsoft.Network/loadBalancers/lb1/inboundNatRules/rule3\"\r\n
        \           }\r\n          ]\r\n        },\r\n        \"type\": \"Microsoft.Network/loadBalancers/backendAddressPools\"\r\n
        \     }\r\n    ],\r\n    \"loadBalancingRules\": [],\r\n    \"probes\": [],\r\n
        \   \"inboundNatRules\": [\r\n      {\r\n        \"name\": \"rule3\",\r\n
        \       \"id\": \"/subscriptions/00000000-0000-0000-0000-000000000000/resourceGroups/cli_test_lb_nat_rules_v3000001/providers/Microsoft.Network/loadBalancers/lb1/inboundNatRules/rule3\",\r\n
        \       \"etag\": \"W/\\\"a1002717-daa3-4d20-b51f-4bbad67cfba2\\\"\",\r\n
        \       \"type\": \"Microsoft.Network/loadBalancers/inboundNatRules\",\r\n
        \       \"properties\": {\r\n          \"provisioningState\": \"Succeeded\",\r\n
        \         \"frontendIPConfiguration\": {\r\n            \"id\": \"/subscriptions/00000000-0000-0000-0000-000000000000/resourceGroups/cli_test_lb_nat_rules_v3000001/providers/Microsoft.Network/loadBalancers/lb1/frontendIPConfigurations/LoadBalancerFrontEnd\"\r\n
        \         },\r\n          \"frontendPort\": 0,\r\n          \"backendPort\":
        30,\r\n          \"enableFloatingIP\": true,\r\n          \"idleTimeoutInMinutes\":
        10,\r\n          \"protocol\": \"Tcp\",\r\n          \"enableDestinationServiceEndpoint\":
        false,\r\n          \"enableTcpReset\": false,\r\n          \"allowBackendPortConflict\":
        false,\r\n          \"frontendPortRangeStart\": 0,\r\n          \"frontendPortRangeEnd\":
        5,\r\n          \"backendAddressPool\": {\r\n            \"id\": \"/subscriptions/00000000-0000-0000-0000-000000000000/resourceGroups/cli_test_lb_nat_rules_v3000001/providers/Microsoft.Network/loadBalancers/lb1/backendAddressPools/lb1bepool\"\r\n
        \         }\r\n        }\r\n      }\r\n    ],\r\n    \"outboundRules\": [],\r\n
        \   \"inboundNatPools\": []\r\n  },\r\n  \"sku\": {\r\n    \"name\": \"Standard\",\r\n
        \   \"tier\": \"Regional\"\r\n  }\r\n}"
    headers:
      cache-control:
      - no-cache
      content-length:
      - '3856'
      content-type:
      - application/json; charset=utf-8
      date:
      - Sat, 28 Jan 2023 19:41:07 GMT
      etag:
      - W/"a1002717-daa3-4d20-b51f-4bbad67cfba2"
      expires:
      - '-1'
      pragma:
      - no-cache
      server:
      - Microsoft-HTTPAPI/2.0
      - Microsoft-HTTPAPI/2.0
      strict-transport-security:
      - max-age=31536000; includeSubDomains
      transfer-encoding:
      - chunked
      vary:
      - Accept-Encoding
      x-content-type-options:
      - nosniff
      x-ms-arm-service-request-id:
      - 2e086472-6dd2-4cb7-9f5d-e7b051fe0c4c
    status:
      code: 200
      message: OK
- request:
    body: null
    headers:
      Accept:
      - application/json
      Accept-Encoding:
      - gzip, deflate
      CommandName:
      - network lb inbound-nat-rule delete
      Connection:
      - keep-alive
      ParameterSetName:
      - -g --lb-name -n
      User-Agent:
      - AZURECLI/2.44.1 (AAZ) azsdk-python-core/1.24.0 Python/3.10.9 (Linux-5.15.0-1031-azure-x86_64-with-glibc2.31)
        VSTS_7b238909-6802-4b65-b90d-184bca47f458_build_220_0
    method: GET
    uri: https://management.azure.com/subscriptions/00000000-0000-0000-0000-000000000000/resourceGroups/cli_test_lb_nat_rules_v3000001/providers/Microsoft.Network/loadBalancers/lb1?api-version=2022-05-01
  response:
    body:
      string: "{\r\n  \"name\": \"lb1\",\r\n  \"id\": \"/subscriptions/00000000-0000-0000-0000-000000000000/resourceGroups/cli_test_lb_nat_rules_v3000001/providers/Microsoft.Network/loadBalancers/lb1\",\r\n
        \ \"etag\": \"W/\\\"a1002717-daa3-4d20-b51f-4bbad67cfba2\\\"\",\r\n  \"type\":
        \"Microsoft.Network/loadBalancers\",\r\n  \"location\": \"eastus2euap\",\r\n
        \ \"tags\": {},\r\n  \"properties\": {\r\n    \"provisioningState\": \"Succeeded\",\r\n
        \   \"resourceGuid\": \"f0391d5b-7ad7-4abe-a003-99f0f536dbfa\",\r\n    \"frontendIPConfigurations\":
        [\r\n      {\r\n        \"name\": \"LoadBalancerFrontEnd\",\r\n        \"id\":
        \"/subscriptions/00000000-0000-0000-0000-000000000000/resourceGroups/cli_test_lb_nat_rules_v3000001/providers/Microsoft.Network/loadBalancers/lb1/frontendIPConfigurations/LoadBalancerFrontEnd\",\r\n
        \       \"etag\": \"W/\\\"a1002717-daa3-4d20-b51f-4bbad67cfba2\\\"\",\r\n
        \       \"type\": \"Microsoft.Network/loadBalancers/frontendIPConfigurations\",\r\n
        \       \"properties\": {\r\n          \"provisioningState\": \"Succeeded\",\r\n
        \         \"privateIPAllocationMethod\": \"Dynamic\",\r\n          \"publicIPAddress\":
        {\r\n            \"id\": \"/subscriptions/00000000-0000-0000-0000-000000000000/resourceGroups/cli_test_lb_nat_rules_v3000001/providers/Microsoft.Network/publicIPAddresses/PublicIPlb1\"\r\n
        \         },\r\n          \"inboundNatRules\": [\r\n            {\r\n              \"id\":
        \"/subscriptions/00000000-0000-0000-0000-000000000000/resourceGroups/cli_test_lb_nat_rules_v3000001/providers/Microsoft.Network/loadBalancers/lb1/inboundNatRules/rule3\"\r\n
        \           }\r\n          ]\r\n        }\r\n      }\r\n    ],\r\n    \"backendAddressPools\":
        [\r\n      {\r\n        \"name\": \"lb1bepool\",\r\n        \"id\": \"/subscriptions/00000000-0000-0000-0000-000000000000/resourceGroups/cli_test_lb_nat_rules_v3000001/providers/Microsoft.Network/loadBalancers/lb1/backendAddressPools/lb1bepool\",\r\n
        \       \"etag\": \"W/\\\"a1002717-daa3-4d20-b51f-4bbad67cfba2\\\"\",\r\n
        \       \"properties\": {\r\n          \"provisioningState\": \"Succeeded\",\r\n
        \         \"loadBalancerBackendAddresses\": [],\r\n          \"inboundNatRules\":
        [\r\n            {\r\n              \"id\": \"/subscriptions/00000000-0000-0000-0000-000000000000/resourceGroups/cli_test_lb_nat_rules_v3000001/providers/Microsoft.Network/loadBalancers/lb1/inboundNatRules/rule3\"\r\n
        \           }\r\n          ]\r\n        },\r\n        \"type\": \"Microsoft.Network/loadBalancers/backendAddressPools\"\r\n
        \     }\r\n    ],\r\n    \"loadBalancingRules\": [],\r\n    \"probes\": [],\r\n
        \   \"inboundNatRules\": [\r\n      {\r\n        \"name\": \"rule3\",\r\n
        \       \"id\": \"/subscriptions/00000000-0000-0000-0000-000000000000/resourceGroups/cli_test_lb_nat_rules_v3000001/providers/Microsoft.Network/loadBalancers/lb1/inboundNatRules/rule3\",\r\n
        \       \"etag\": \"W/\\\"a1002717-daa3-4d20-b51f-4bbad67cfba2\\\"\",\r\n
        \       \"type\": \"Microsoft.Network/loadBalancers/inboundNatRules\",\r\n
        \       \"properties\": {\r\n          \"provisioningState\": \"Succeeded\",\r\n
        \         \"frontendIPConfiguration\": {\r\n            \"id\": \"/subscriptions/00000000-0000-0000-0000-000000000000/resourceGroups/cli_test_lb_nat_rules_v3000001/providers/Microsoft.Network/loadBalancers/lb1/frontendIPConfigurations/LoadBalancerFrontEnd\"\r\n
        \         },\r\n          \"frontendPort\": 0,\r\n          \"backendPort\":
        30,\r\n          \"enableFloatingIP\": true,\r\n          \"idleTimeoutInMinutes\":
        10,\r\n          \"protocol\": \"Tcp\",\r\n          \"enableDestinationServiceEndpoint\":
        false,\r\n          \"enableTcpReset\": false,\r\n          \"allowBackendPortConflict\":
        false,\r\n          \"frontendPortRangeStart\": 0,\r\n          \"frontendPortRangeEnd\":
        5,\r\n          \"backendAddressPool\": {\r\n            \"id\": \"/subscriptions/00000000-0000-0000-0000-000000000000/resourceGroups/cli_test_lb_nat_rules_v3000001/providers/Microsoft.Network/loadBalancers/lb1/backendAddressPools/lb1bepool\"\r\n
        \         }\r\n        }\r\n      }\r\n    ],\r\n    \"outboundRules\": [],\r\n
        \   \"inboundNatPools\": []\r\n  },\r\n  \"sku\": {\r\n    \"name\": \"Standard\",\r\n
        \   \"tier\": \"Regional\"\r\n  }\r\n}"
    headers:
      cache-control:
      - no-cache
      content-length:
      - '3856'
      content-type:
      - application/json; charset=utf-8
      date:
      - Sat, 28 Jan 2023 19:41:08 GMT
      etag:
      - W/"a1002717-daa3-4d20-b51f-4bbad67cfba2"
      expires:
      - '-1'
      pragma:
      - no-cache
      server:
      - Microsoft-HTTPAPI/2.0
      - Microsoft-HTTPAPI/2.0
      strict-transport-security:
      - max-age=31536000; includeSubDomains
      transfer-encoding:
      - chunked
      vary:
      - Accept-Encoding
      x-content-type-options:
      - nosniff
      x-ms-arm-service-request-id:
      - 9552b11d-4b14-4fd7-a0c9-6fed1bedcda5
    status:
      code: 200
      message: OK
- request:
    body: '{"id": "/subscriptions/00000000-0000-0000-0000-000000000000/resourceGroups/cli_test_lb_nat_rules_v3000001/providers/Microsoft.Network/loadBalancers/lb1",
      "location": "eastus2euap", "properties": {"backendAddressPools": [{"id": "/subscriptions/00000000-0000-0000-0000-000000000000/resourceGroups/cli_test_lb_nat_rules_v3000001/providers/Microsoft.Network/loadBalancers/lb1/backendAddressPools/lb1bepool",
      "name": "lb1bepool", "properties": {"loadBalancerBackendAddresses": []}}], "frontendIPConfigurations":
      [{"id": "/subscriptions/00000000-0000-0000-0000-000000000000/resourceGroups/cli_test_lb_nat_rules_v3000001/providers/Microsoft.Network/loadBalancers/lb1/frontendIPConfigurations/LoadBalancerFrontEnd",
      "name": "LoadBalancerFrontEnd", "properties": {"privateIPAllocationMethod":
      "Dynamic", "publicIPAddress": {"id": "/subscriptions/00000000-0000-0000-0000-000000000000/resourceGroups/cli_test_lb_nat_rules_v3000001/providers/Microsoft.Network/publicIPAddresses/PublicIPlb1"}}}],
      "inboundNatPools": [], "inboundNatRules": [], "loadBalancingRules": [], "outboundRules":
      [], "probes": []}, "sku": {"name": "Standard", "tier": "Regional"}, "tags":
      {}}'
    headers:
      Accept:
      - application/json
      Accept-Encoding:
      - gzip, deflate
      CommandName:
      - network lb inbound-nat-rule delete
      Connection:
      - keep-alive
      Content-Length:
      - '1152'
      Content-Type:
      - application/json
      ParameterSetName:
      - -g --lb-name -n
      User-Agent:
      - AZURECLI/2.44.1 (AAZ) azsdk-python-core/1.24.0 Python/3.10.9 (Linux-5.15.0-1031-azure-x86_64-with-glibc2.31)
        VSTS_7b238909-6802-4b65-b90d-184bca47f458_build_220_0
    method: PUT
    uri: https://management.azure.com/subscriptions/00000000-0000-0000-0000-000000000000/resourceGroups/cli_test_lb_nat_rules_v3000001/providers/Microsoft.Network/loadBalancers/lb1?api-version=2022-05-01
  response:
    body:
      string: "{\r\n  \"name\": \"lb1\",\r\n  \"id\": \"/subscriptions/00000000-0000-0000-0000-000000000000/resourceGroups/cli_test_lb_nat_rules_v3000001/providers/Microsoft.Network/loadBalancers/lb1\",\r\n
        \ \"etag\": \"W/\\\"9a313d7f-bffa-44c5-b827-c9ae925817a8\\\"\",\r\n  \"type\":
        \"Microsoft.Network/loadBalancers\",\r\n  \"location\": \"eastus2euap\",\r\n
        \ \"tags\": {},\r\n  \"properties\": {\r\n    \"provisioningState\": \"Succeeded\",\r\n
        \   \"resourceGuid\": \"f0391d5b-7ad7-4abe-a003-99f0f536dbfa\",\r\n    \"frontendIPConfigurations\":
        [\r\n      {\r\n        \"name\": \"LoadBalancerFrontEnd\",\r\n        \"id\":
        \"/subscriptions/00000000-0000-0000-0000-000000000000/resourceGroups/cli_test_lb_nat_rules_v3000001/providers/Microsoft.Network/loadBalancers/lb1/frontendIPConfigurations/LoadBalancerFrontEnd\",\r\n
        \       \"etag\": \"W/\\\"9a313d7f-bffa-44c5-b827-c9ae925817a8\\\"\",\r\n
        \       \"type\": \"Microsoft.Network/loadBalancers/frontendIPConfigurations\",\r\n
        \       \"properties\": {\r\n          \"provisioningState\": \"Succeeded\",\r\n
        \         \"privateIPAllocationMethod\": \"Dynamic\",\r\n          \"publicIPAddress\":
        {\r\n            \"id\": \"/subscriptions/00000000-0000-0000-0000-000000000000/resourceGroups/cli_test_lb_nat_rules_v3000001/providers/Microsoft.Network/publicIPAddresses/PublicIPlb1\"\r\n
        \         }\r\n        }\r\n      }\r\n    ],\r\n    \"backendAddressPools\":
        [\r\n      {\r\n        \"name\": \"lb1bepool\",\r\n        \"id\": \"/subscriptions/00000000-0000-0000-0000-000000000000/resourceGroups/cli_test_lb_nat_rules_v3000001/providers/Microsoft.Network/loadBalancers/lb1/backendAddressPools/lb1bepool\",\r\n
        \       \"etag\": \"W/\\\"9a313d7f-bffa-44c5-b827-c9ae925817a8\\\"\",\r\n
        \       \"properties\": {\r\n          \"provisioningState\": \"Succeeded\",\r\n
        \         \"loadBalancerBackendAddresses\": []\r\n        },\r\n        \"type\":
        \"Microsoft.Network/loadBalancers/backendAddressPools\"\r\n      }\r\n    ],\r\n
        \   \"loadBalancingRules\": [],\r\n    \"probes\": [],\r\n    \"inboundNatRules\":
        [],\r\n    \"outboundRules\": [],\r\n    \"inboundNatPools\": []\r\n  },\r\n
        \ \"sku\": {\r\n    \"name\": \"Standard\",\r\n    \"tier\": \"Regional\"\r\n
        \ }\r\n}"
    headers:
      azure-asyncnotification:
      - Enabled
      azure-asyncoperation:
      - https://management.azure.com/subscriptions/00000000-0000-0000-0000-000000000000/providers/Microsoft.Network/locations/eastus2euap/operations/2a81b8ef-16e0-4a58-8247-9c812b7e5186?api-version=2022-05-01
      cache-control:
      - no-cache
      content-length:
      - '1992'
      content-type:
      - application/json; charset=utf-8
      date:
      - Sat, 28 Jan 2023 19:41:10 GMT
      expires:
      - '-1'
      pragma:
      - no-cache
      server:
      - Microsoft-HTTPAPI/2.0
      - Microsoft-HTTPAPI/2.0
      strict-transport-security:
      - max-age=31536000; includeSubDomains
      transfer-encoding:
      - chunked
      vary:
      - Accept-Encoding
      x-content-type-options:
      - nosniff
      x-ms-arm-service-request-id:
      - ddde2648-8e17-4e08-a8ea-4176e90ae8ae
      x-ms-ratelimit-remaining-subscription-writes:
      - '1197'
    status:
      code: 200
      message: OK
- request:
    body: null
    headers:
      Accept:
      - '*/*'
      Accept-Encoding:
      - gzip, deflate
      CommandName:
      - network lb inbound-nat-rule delete
      Connection:
      - keep-alive
      ParameterSetName:
      - -g --lb-name -n
      User-Agent:
      - AZURECLI/2.44.1 (AAZ) azsdk-python-core/1.24.0 Python/3.10.9 (Linux-5.15.0-1031-azure-x86_64-with-glibc2.31)
        VSTS_7b238909-6802-4b65-b90d-184bca47f458_build_220_0
    method: GET
    uri: https://management.azure.com/subscriptions/00000000-0000-0000-0000-000000000000/providers/Microsoft.Network/locations/eastus2euap/operations/2a81b8ef-16e0-4a58-8247-9c812b7e5186?api-version=2022-05-01
  response:
    body:
      string: "{\r\n  \"status\": \"Succeeded\"\r\n}"
    headers:
      cache-control:
      - no-cache
      content-length:
      - '29'
      content-type:
      - application/json; charset=utf-8
      date:
      - Sat, 28 Jan 2023 19:41:41 GMT
      expires:
      - '-1'
      pragma:
      - no-cache
      server:
      - Microsoft-HTTPAPI/2.0
      - Microsoft-HTTPAPI/2.0
      strict-transport-security:
      - max-age=31536000; includeSubDomains
      transfer-encoding:
      - chunked
      vary:
      - Accept-Encoding
      x-content-type-options:
      - nosniff
      x-ms-arm-service-request-id:
      - b630494e-64b0-4f5e-b5c5-1f472d4d4a04
    status:
      code: 200
      message: OK
- request:
    body: null
    headers:
      Accept:
      - '*/*'
      Accept-Encoding:
      - gzip, deflate
      CommandName:
      - network lb inbound-nat-rule delete
      Connection:
      - keep-alive
      ParameterSetName:
      - -g --lb-name -n
      User-Agent:
      - AZURECLI/2.44.1 (AAZ) azsdk-python-core/1.24.0 Python/3.10.9 (Linux-5.15.0-1031-azure-x86_64-with-glibc2.31)
        VSTS_7b238909-6802-4b65-b90d-184bca47f458_build_220_0
    method: GET
    uri: https://management.azure.com/subscriptions/00000000-0000-0000-0000-000000000000/resourceGroups/cli_test_lb_nat_rules_v3000001/providers/Microsoft.Network/loadBalancers/lb1?api-version=2022-05-01
  response:
    body:
      string: "{\r\n  \"name\": \"lb1\",\r\n  \"id\": \"/subscriptions/00000000-0000-0000-0000-000000000000/resourceGroups/cli_test_lb_nat_rules_v3000001/providers/Microsoft.Network/loadBalancers/lb1\",\r\n
        \ \"etag\": \"W/\\\"9a313d7f-bffa-44c5-b827-c9ae925817a8\\\"\",\r\n  \"type\":
        \"Microsoft.Network/loadBalancers\",\r\n  \"location\": \"eastus2euap\",\r\n
        \ \"tags\": {},\r\n  \"properties\": {\r\n    \"provisioningState\": \"Succeeded\",\r\n
        \   \"resourceGuid\": \"f0391d5b-7ad7-4abe-a003-99f0f536dbfa\",\r\n    \"frontendIPConfigurations\":
        [\r\n      {\r\n        \"name\": \"LoadBalancerFrontEnd\",\r\n        \"id\":
        \"/subscriptions/00000000-0000-0000-0000-000000000000/resourceGroups/cli_test_lb_nat_rules_v3000001/providers/Microsoft.Network/loadBalancers/lb1/frontendIPConfigurations/LoadBalancerFrontEnd\",\r\n
        \       \"etag\": \"W/\\\"9a313d7f-bffa-44c5-b827-c9ae925817a8\\\"\",\r\n
        \       \"type\": \"Microsoft.Network/loadBalancers/frontendIPConfigurations\",\r\n
        \       \"properties\": {\r\n          \"provisioningState\": \"Succeeded\",\r\n
        \         \"privateIPAllocationMethod\": \"Dynamic\",\r\n          \"publicIPAddress\":
        {\r\n            \"id\": \"/subscriptions/00000000-0000-0000-0000-000000000000/resourceGroups/cli_test_lb_nat_rules_v3000001/providers/Microsoft.Network/publicIPAddresses/PublicIPlb1\"\r\n
        \         }\r\n        }\r\n      }\r\n    ],\r\n    \"backendAddressPools\":
        [\r\n      {\r\n        \"name\": \"lb1bepool\",\r\n        \"id\": \"/subscriptions/00000000-0000-0000-0000-000000000000/resourceGroups/cli_test_lb_nat_rules_v3000001/providers/Microsoft.Network/loadBalancers/lb1/backendAddressPools/lb1bepool\",\r\n
        \       \"etag\": \"W/\\\"9a313d7f-bffa-44c5-b827-c9ae925817a8\\\"\",\r\n
        \       \"properties\": {\r\n          \"provisioningState\": \"Succeeded\",\r\n
        \         \"loadBalancerBackendAddresses\": []\r\n        },\r\n        \"type\":
        \"Microsoft.Network/loadBalancers/backendAddressPools\"\r\n      }\r\n    ],\r\n
        \   \"loadBalancingRules\": [],\r\n    \"probes\": [],\r\n    \"inboundNatRules\":
        [],\r\n    \"outboundRules\": [],\r\n    \"inboundNatPools\": []\r\n  },\r\n
        \ \"sku\": {\r\n    \"name\": \"Standard\",\r\n    \"tier\": \"Regional\"\r\n
        \ }\r\n}"
    headers:
      cache-control:
      - no-cache
      content-length:
      - '1992'
      content-type:
      - application/json; charset=utf-8
      date:
      - Sat, 28 Jan 2023 19:41:41 GMT
      etag:
      - W/"9a313d7f-bffa-44c5-b827-c9ae925817a8"
      expires:
      - '-1'
      pragma:
      - no-cache
      server:
      - Microsoft-HTTPAPI/2.0
      - Microsoft-HTTPAPI/2.0
      strict-transport-security:
      - max-age=31536000; includeSubDomains
      transfer-encoding:
      - chunked
      vary:
      - Accept-Encoding
      x-content-type-options:
      - nosniff
      x-ms-arm-service-request-id:
      - 1d670648-91f6-4322-a479-241a94d408e2
    status:
      code: 200
      message: OK
version: 1
