interactions:
- request:
    body: null
    headers:
      Accept:
      - application/json
      Accept-Encoding:
      - gzip, deflate
      CommandName:
      - network express-route create
      Connection:
      - keep-alive
      ParameterSetName:
      - -g -n --bandwidth --provider --peering-location --sku-tier
      User-Agent:
      - python/3.7.4 (Linux-4.15.0-112-generic-x86_64-with-debian-buster-sid) msrest/0.6.18
        msrest_azure/0.6.4 azure-mgmt-resource/10.2.0 Azure-SDK-For-Python AZURECLI/2.10.1
      accept-language:
      - en-US
    method: GET
    uri: https://management.azure.com/subscriptions/00000000-0000-0000-0000-000000000000/resourcegroups/cli_test_express_route_ipv6_peering000001?api-version=2020-06-01
  response:
    body:
      string: '{"id":"/subscriptions/00000000-0000-0000-0000-000000000000/resourceGroups/cli_test_express_route_ipv6_peering000001","name":"cli_test_express_route_ipv6_peering000001","type":"Microsoft.Resources/resourceGroups","location":"westus","tags":{"product":"azurecli","cause":"automation","date":"2020-08-20T07:29:00Z","StorageType":"Standard_LRS"},"properties":{"provisioningState":"Succeeded"}}'
    headers:
      cache-control:
      - no-cache
      content-length:
      - '457'
      content-type:
      - application/json; charset=utf-8
      date:
      - Thu, 20 Aug 2020 07:29:02 GMT
      expires:
      - '-1'
      pragma:
      - no-cache
      strict-transport-security:
      - max-age=31536000; includeSubDomains
      vary:
      - Accept-Encoding
      x-content-type-options:
      - nosniff
    status:
      code: 200
      message: OK
- request:
    body: '{"location": "westus", "sku": {"name": "Premium_MeteredData", "tier": "Premium",
      "family": "MeteredData"}, "properties": {"serviceProviderProperties": {"serviceProviderName":
      "Ibiza Test Provider", "peeringLocation": "Area51", "bandwidthInMbps": 50}}}'
    headers:
      Accept:
      - application/json
      Accept-Encoding:
      - gzip, deflate
      CommandName:
      - network express-route create
      Connection:
      - keep-alive
      Content-Length:
      - '251'
      Content-Type:
      - application/json; charset=utf-8
      ParameterSetName:
      - -g -n --bandwidth --provider --peering-location --sku-tier
      User-Agent:
      - python/3.7.4 (Linux-4.15.0-112-generic-x86_64-with-debian-buster-sid) msrest/0.6.18
        msrest_azure/0.6.4 azure-mgmt-network/11.0.0 Azure-SDK-For-Python AZURECLI/2.10.1
      accept-language:
      - en-US
    method: PUT
    uri: https://management.azure.com/subscriptions/00000000-0000-0000-0000-000000000000/resourceGroups/cli_test_express_route_ipv6_peering000001/providers/Microsoft.Network/expressRouteCircuits/circuit1?api-version=2020-06-01
  response:
    body:
      string: "{\r\n  \"name\": \"circuit1\",\r\n  \"id\": \"/subscriptions/00000000-0000-0000-0000-000000000000/resourceGroups/cli_test_express_route_ipv6_peering000001/providers/Microsoft.Network/expressRouteCircuits/circuit1\"\
        ,\r\n  \"etag\": \"W/\\\"f3ca72ee-204b-4480-a865-fd0089ce2a3a\\\"\",\r\n \
        \ \"type\": \"Microsoft.Network/expressRouteCircuits\",\r\n  \"location\"\
        : \"westus\",\r\n  \"properties\": {\r\n    \"provisioningState\": \"Updating\"\
        ,\r\n    \"resourceGuid\": \"eae4d840-a778-46ae-a19d-fe4b8827ac25\",\r\n \
        \   \"peerings\": [],\r\n    \"authorizations\": [],\r\n    \"serviceProviderProperties\"\
        : {\r\n      \"serviceProviderName\": \"Ibiza Test Provider\",\r\n      \"\
        peeringLocation\": \"Area51\",\r\n      \"bandwidthInMbps\": 50\r\n    },\r\
        \n    \"circuitProvisioningState\": \"Disabled\",\r\n    \"allowClassicOperations\"\
        : false,\r\n    \"serviceKey\": \"00000000-0000-0000-0000-000000000000\",\r\
        \n    \"serviceProviderProvisioningState\": \"NotProvisioned\",\r\n    \"\
        allowGlobalReach\": false,\r\n    \"globalReachEnabled\": false\r\n  },\r\n\
        \  \"sku\": {\r\n    \"name\": \"Premium_MeteredData\",\r\n    \"tier\": \"\
        Premium\",\r\n    \"family\": \"MeteredData\"\r\n  }\r\n}"
    headers:
      azure-asyncnotification:
      - Enabled
      azure-asyncoperation:
      - https://management.azure.com/subscriptions/00000000-0000-0000-0000-000000000000/providers/Microsoft.Network/locations/westus/operations/f42d2df6-f423-4005-a30a-1aded4b9f3db?api-version=2020-06-01
      cache-control:
      - no-cache
      content-length:
      - '1081'
      content-type:
      - application/json; charset=utf-8
      date:
      - Thu, 20 Aug 2020 07:29:07 GMT
      expires:
      - '-1'
      pragma:
      - no-cache
      server:
      - Microsoft-HTTPAPI/2.0
      - Microsoft-HTTPAPI/2.0
      strict-transport-security:
      - max-age=31536000; includeSubDomains
      x-content-type-options:
      - nosniff
      x-ms-arm-service-request-id:
      - b09595c5-3b7e-4631-992b-1866bbe4eda2
      x-ms-ratelimit-remaining-subscription-writes:
      - '1170'
    status:
      code: 201
      message: Created
- request:
    body: null
    headers:
      Accept:
      - application/json
      Accept-Encoding:
      - gzip, deflate
      CommandName:
      - network express-route create
      Connection:
      - keep-alive
      ParameterSetName:
      - -g -n --bandwidth --provider --peering-location --sku-tier
      User-Agent:
      - python/3.7.4 (Linux-4.15.0-112-generic-x86_64-with-debian-buster-sid) msrest/0.6.18
        msrest_azure/0.6.4 azure-mgmt-network/11.0.0 Azure-SDK-For-Python AZURECLI/2.10.1
    method: GET
    uri: https://management.azure.com/subscriptions/00000000-0000-0000-0000-000000000000/providers/Microsoft.Network/locations/westus/operations/f42d2df6-f423-4005-a30a-1aded4b9f3db?api-version=2020-06-01
  response:
    body:
      string: "{\r\n  \"status\": \"InProgress\"\r\n}"
    headers:
      cache-control:
      - no-cache
      content-length:
      - '30'
      content-type:
      - application/json; charset=utf-8
      date:
      - Thu, 20 Aug 2020 07:29:18 GMT
      expires:
      - '-1'
      pragma:
      - no-cache
      server:
      - Microsoft-HTTPAPI/2.0
      - Microsoft-HTTPAPI/2.0
      strict-transport-security:
      - max-age=31536000; includeSubDomains
      transfer-encoding:
      - chunked
      vary:
      - Accept-Encoding
      x-content-type-options:
      - nosniff
      x-ms-arm-service-request-id:
      - b5ee25d3-3d92-4920-abe8-e3f4a098a702
    status:
      code: 200
      message: OK
- request:
    body: null
    headers:
      Accept:
      - application/json
      Accept-Encoding:
      - gzip, deflate
      CommandName:
      - network express-route create
      Connection:
      - keep-alive
      ParameterSetName:
      - -g -n --bandwidth --provider --peering-location --sku-tier
      User-Agent:
      - python/3.7.4 (Linux-4.15.0-112-generic-x86_64-with-debian-buster-sid) msrest/0.6.18
        msrest_azure/0.6.4 azure-mgmt-network/11.0.0 Azure-SDK-For-Python AZURECLI/2.10.1
    method: GET
    uri: https://management.azure.com/subscriptions/00000000-0000-0000-0000-000000000000/providers/Microsoft.Network/locations/westus/operations/f42d2df6-f423-4005-a30a-1aded4b9f3db?api-version=2020-06-01
  response:
    body:
      string: "{\r\n  \"status\": \"Succeeded\"\r\n}"
    headers:
      cache-control:
      - no-cache
      content-length:
      - '29'
      content-type:
      - application/json; charset=utf-8
      date:
      - Thu, 20 Aug 2020 07:29:29 GMT
      expires:
      - '-1'
      pragma:
      - no-cache
      server:
      - Microsoft-HTTPAPI/2.0
      - Microsoft-HTTPAPI/2.0
      strict-transport-security:
      - max-age=31536000; includeSubDomains
      transfer-encoding:
      - chunked
      vary:
      - Accept-Encoding
      x-content-type-options:
      - nosniff
      x-ms-arm-service-request-id:
      - d8e74ff5-4167-4783-afd6-33274cd0448c
    status:
      code: 200
      message: OK
- request:
    body: null
    headers:
      Accept:
      - application/json
      Accept-Encoding:
      - gzip, deflate
      CommandName:
      - network express-route create
      Connection:
      - keep-alive
      ParameterSetName:
      - -g -n --bandwidth --provider --peering-location --sku-tier
      User-Agent:
      - python/3.7.4 (Linux-4.15.0-112-generic-x86_64-with-debian-buster-sid) msrest/0.6.18
        msrest_azure/0.6.4 azure-mgmt-network/11.0.0 Azure-SDK-For-Python AZURECLI/2.10.1
    method: GET
    uri: https://management.azure.com/subscriptions/00000000-0000-0000-0000-000000000000/resourceGroups/cli_test_express_route_ipv6_peering000001/providers/Microsoft.Network/expressRouteCircuits/circuit1?api-version=2020-06-01
  response:
    body:
      string: "{\r\n  \"name\": \"circuit1\",\r\n  \"id\": \"/subscriptions/00000000-0000-0000-0000-000000000000/resourceGroups/cli_test_express_route_ipv6_peering000001/providers/Microsoft.Network/expressRouteCircuits/circuit1\"\
        ,\r\n  \"etag\": \"W/\\\"5b90da27-cf9d-4d0f-9c29-200b13016cf1\\\"\",\r\n \
        \ \"type\": \"Microsoft.Network/expressRouteCircuits\",\r\n  \"location\"\
        : \"westus\",\r\n  \"properties\": {\r\n    \"provisioningState\": \"Succeeded\"\
        ,\r\n    \"resourceGuid\": \"eae4d840-a778-46ae-a19d-fe4b8827ac25\",\r\n \
        \   \"peerings\": [],\r\n    \"authorizations\": [],\r\n    \"serviceProviderProperties\"\
        : {\r\n      \"serviceProviderName\": \"Ibiza Test Provider\",\r\n      \"\
        peeringLocation\": \"Area51\",\r\n      \"bandwidthInMbps\": 50\r\n    },\r\
        \n    \"circuitProvisioningState\": \"Enabled\",\r\n    \"allowClassicOperations\"\
        : false,\r\n    \"gatewayManagerEtag\": \"\",\r\n    \"serviceKey\": \"073d42e3-2fe9-481e-8ee5-1e1eec8cfd58\"\
        ,\r\n    \"serviceProviderProvisioningState\": \"NotProvisioned\",\r\n   \
        \ \"allowGlobalReach\": false,\r\n    \"globalReachEnabled\": false,\r\n \
        \   \"stag\": 6\r\n  },\r\n  \"sku\": {\r\n    \"name\": \"Premium_MeteredData\"\
        ,\r\n    \"tier\": \"Premium\",\r\n    \"family\": \"MeteredData\"\r\n  }\r\
        \n}"
    headers:
      cache-control:
      - no-cache
      content-length:
      - '1128'
      content-type:
      - application/json; charset=utf-8
      date:
      - Thu, 20 Aug 2020 07:29:29 GMT
      expires:
      - '-1'
      pragma:
      - no-cache
      server:
      - Microsoft-HTTPAPI/2.0
      - Microsoft-HTTPAPI/2.0
      strict-transport-security:
      - max-age=31536000; includeSubDomains
      transfer-encoding:
      - chunked
      vary:
      - Accept-Encoding
      x-content-type-options:
      - nosniff
      x-ms-arm-service-request-id:
      - 00881a8e-b70e-404e-9261-30173b7a9296
    status:
      code: 200
      message: OK
- request:
    body: '{"properties": {"peeringType": "MicrosoftPeering", "peerASN": 10002, "primaryPeerAddressPrefix":
      "104.0.0.0/30", "secondaryPeerAddressPrefix": "105.0.0.0/30", "vlanId": 103,
      "microsoftPeeringConfig": {"advertisedPublicPrefixes": ["104.0.0.0/30"], "customerASN":
      10000, "routingRegistryName": "LEVEL3"}}}'
    headers:
      Accept:
      - application/json
      Accept-Encoding:
      - gzip, deflate
      CommandName:
      - network express-route peering create
      Connection:
      - keep-alive
      Content-Length:
      - '303'
      Content-Type:
      - application/json; charset=utf-8
      ParameterSetName:
      - -g --circuit-name --peering-type --peer-asn --vlan-id --primary-peer-subnet
        --secondary-peer-subnet --advertised-public-prefixes --customer-asn --routing-registry-name
      User-Agent:
      - python/3.7.4 (Linux-4.15.0-112-generic-x86_64-with-debian-buster-sid) msrest/0.6.18
        msrest_azure/0.6.4 azure-mgmt-network/11.0.0 Azure-SDK-For-Python AZURECLI/2.10.1
      accept-language:
      - en-US
    method: PUT
    uri: https://management.azure.com/subscriptions/00000000-0000-0000-0000-000000000000/resourceGroups/cli_test_express_route_ipv6_peering000001/providers/Microsoft.Network/expressRouteCircuits/circuit1/peerings/MicrosoftPeering?api-version=2020-06-01
  response:
    body:
      string: "{\r\n  \"name\": \"MicrosoftPeering\",\r\n  \"id\": \"/subscriptions/00000000-0000-0000-0000-000000000000/resourceGroups/cli_test_express_route_ipv6_peering000001/providers/Microsoft.Network/expressRouteCircuits/circuit1/peerings/MicrosoftPeering\"\
        ,\r\n  \"etag\": \"W/\\\"f14446da-c161-4a18-8cc5-d20d39915bc6\\\"\",\r\n \
        \ \"properties\": {\r\n    \"provisioningState\": \"Updating\",\r\n    \"\
        peeringType\": \"MicrosoftPeering\",\r\n    \"azureASN\": 0,\r\n    \"peerASN\"\
        : 10002,\r\n    \"primaryPeerAddressPrefix\": \"104.0.0.0/30\",\r\n    \"\
        secondaryPeerAddressPrefix\": \"105.0.0.0/30\",\r\n    \"state\": \"Enabled\"\
        ,\r\n    \"vlanId\": 103,\r\n    \"lastModifiedBy\": \"\",\r\n    \"microsoftPeeringConfig\"\
        : {\r\n      \"advertisedPublicPrefixes\": [\r\n        \"104.0.0.0/30\"\r\
        \n      ],\r\n      \"advertisedPublicPrefixesState\": \"NotConfigured\",\r\
        \n      \"customerASN\": 10000,\r\n      \"legacyMode\": 0,\r\n      \"routingRegistryName\"\
        : \"LEVEL3\"\r\n    },\r\n    \"connections\": [],\r\n    \"peeredConnections\"\
        : []\r\n  },\r\n  \"type\": \"Microsoft.Network/expressRouteCircuits/peerings\"\
        \r\n}"
    headers:
      azure-asyncoperation:
      - https://management.azure.com/subscriptions/00000000-0000-0000-0000-000000000000/providers/Microsoft.Network/locations/westus/operations/c90680a3-1b24-4d2c-b619-21e2c64bdd17?api-version=2020-06-01
      cache-control:
      - no-cache
      content-length:
      - '1024'
      content-type:
      - application/json; charset=utf-8
      date:
      - Thu, 20 Aug 2020 07:29:30 GMT
      expires:
      - '-1'
      pragma:
      - no-cache
      server:
      - Microsoft-HTTPAPI/2.0
      - Microsoft-HTTPAPI/2.0
      strict-transport-security:
      - max-age=31536000; includeSubDomains
      x-content-type-options:
      - nosniff
      x-ms-arm-service-request-id:
      - 3aa7f3f4-471d-44d4-8828-765f9e73c823
      x-ms-ratelimit-remaining-subscription-writes:
      - '1190'
    status:
      code: 201
      message: Created
- request:
    body: null
    headers:
      Accept:
      - application/json
      Accept-Encoding:
      - gzip, deflate
      CommandName:
      - network express-route peering create
      Connection:
      - keep-alive
      ParameterSetName:
      - -g --circuit-name --peering-type --peer-asn --vlan-id --primary-peer-subnet
        --secondary-peer-subnet --advertised-public-prefixes --customer-asn --routing-registry-name
      User-Agent:
      - python/3.7.4 (Linux-4.15.0-112-generic-x86_64-with-debian-buster-sid) msrest/0.6.18
        msrest_azure/0.6.4 azure-mgmt-network/11.0.0 Azure-SDK-For-Python AZURECLI/2.10.1
    method: GET
    uri: https://management.azure.com/subscriptions/00000000-0000-0000-0000-000000000000/providers/Microsoft.Network/locations/westus/operations/c90680a3-1b24-4d2c-b619-21e2c64bdd17?api-version=2020-06-01
  response:
    body:
      string: "{\r\n  \"status\": \"InProgress\"\r\n}"
    headers:
      cache-control:
      - no-cache
      content-length:
      - '30'
      content-type:
      - application/json; charset=utf-8
      date:
      - Thu, 20 Aug 2020 07:29:42 GMT
      expires:
      - '-1'
      pragma:
      - no-cache
      server:
      - Microsoft-HTTPAPI/2.0
      - Microsoft-HTTPAPI/2.0
      strict-transport-security:
      - max-age=31536000; includeSubDomains
      transfer-encoding:
      - chunked
      vary:
      - Accept-Encoding
      x-content-type-options:
      - nosniff
      x-ms-arm-service-request-id:
      - 255e95fa-f8df-4ead-849d-e9c21cbbaf1d
    status:
      code: 200
      message: OK
- request:
    body: null
    headers:
      Accept:
      - application/json
      Accept-Encoding:
      - gzip, deflate
      CommandName:
      - network express-route peering create
      Connection:
      - keep-alive
      ParameterSetName:
      - -g --circuit-name --peering-type --peer-asn --vlan-id --primary-peer-subnet
        --secondary-peer-subnet --advertised-public-prefixes --customer-asn --routing-registry-name
      User-Agent:
      - python/3.7.4 (Linux-4.15.0-112-generic-x86_64-with-debian-buster-sid) msrest/0.6.18
        msrest_azure/0.6.4 azure-mgmt-network/11.0.0 Azure-SDK-For-Python AZURECLI/2.10.1
    method: GET
    uri: https://management.azure.com/subscriptions/00000000-0000-0000-0000-000000000000/providers/Microsoft.Network/locations/westus/operations/c90680a3-1b24-4d2c-b619-21e2c64bdd17?api-version=2020-06-01
  response:
    body:
      string: "{\r\n  \"status\": \"Succeeded\"\r\n}"
    headers:
      cache-control:
      - no-cache
      content-length:
      - '29'
      content-type:
      - application/json; charset=utf-8
      date:
      - Thu, 20 Aug 2020 07:29:52 GMT
      expires:
      - '-1'
      pragma:
      - no-cache
      server:
      - Microsoft-HTTPAPI/2.0
      - Microsoft-HTTPAPI/2.0
      strict-transport-security:
      - max-age=31536000; includeSubDomains
      transfer-encoding:
      - chunked
      vary:
      - Accept-Encoding
      x-content-type-options:
      - nosniff
      x-ms-arm-service-request-id:
      - d320aff5-8d1d-4691-a7f8-e9673fe9fe61
    status:
      code: 200
      message: OK
- request:
    body: null
    headers:
      Accept:
      - application/json
      Accept-Encoding:
      - gzip, deflate
      CommandName:
      - network express-route peering create
      Connection:
      - keep-alive
      ParameterSetName:
      - -g --circuit-name --peering-type --peer-asn --vlan-id --primary-peer-subnet
        --secondary-peer-subnet --advertised-public-prefixes --customer-asn --routing-registry-name
      User-Agent:
      - python/3.7.4 (Linux-4.15.0-112-generic-x86_64-with-debian-buster-sid) msrest/0.6.18
        msrest_azure/0.6.4 azure-mgmt-network/11.0.0 Azure-SDK-For-Python AZURECLI/2.10.1
    method: GET
    uri: https://management.azure.com/subscriptions/00000000-0000-0000-0000-000000000000/resourceGroups/cli_test_express_route_ipv6_peering000001/providers/Microsoft.Network/expressRouteCircuits/circuit1/peerings/MicrosoftPeering?api-version=2020-06-01
  response:
    body:
      string: "{\r\n  \"name\": \"MicrosoftPeering\",\r\n  \"id\": \"/subscriptions/00000000-0000-0000-0000-000000000000/resourceGroups/cli_test_express_route_ipv6_peering000001/providers/Microsoft.Network/expressRouteCircuits/circuit1/peerings/MicrosoftPeering\"\
        ,\r\n  \"etag\": \"W/\\\"a66436bd-9b3c-44dd-a9eb-738a0e022fcd\\\"\",\r\n \
        \ \"properties\": {\r\n    \"provisioningState\": \"Succeeded\",\r\n    \"\
        peeringType\": \"MicrosoftPeering\",\r\n    \"azureASN\": 12076,\r\n    \"\
        peerASN\": 10002,\r\n    \"primaryPeerAddressPrefix\": \"104.0.0.0/30\",\r\
        \n    \"secondaryPeerAddressPrefix\": \"105.0.0.0/30\",\r\n    \"primaryAzurePort\"\
        : \"A51-IBIZA-06GMR-CIS-1-PRI-A\",\r\n    \"secondaryAzurePort\": \"A51-IBIZA-06GMR-CIS-2-SEC-A\"\
        ,\r\n    \"state\": \"Enabled\",\r\n    \"vlanId\": 103,\r\n    \"gatewayManagerEtag\"\
        : \"\",\r\n    \"lastModifiedBy\": \"Customer\",\r\n    \"microsoftPeeringConfig\"\
        : {\r\n      \"advertisedPublicPrefixes\": [\r\n        \"104.0.0.0/30\"\r\
        \n      ],\r\n      \"advertisedPublicPrefixesState\": \"ValidationNeeded\"\
        ,\r\n      \"customerASN\": 10000,\r\n      \"legacyMode\": 0,\r\n      \"\
        routingRegistryName\": \"LEVEL3\"\r\n    },\r\n    \"connections\": [],\r\n\
        \    \"peeredConnections\": []\r\n  },\r\n  \"type\": \"Microsoft.Network/expressRouteCircuits/peerings\"\
        \r\n}"
    headers:
      cache-control:
      - no-cache
      content-length:
      - '1185'
      content-type:
      - application/json; charset=utf-8
      date:
      - Thu, 20 Aug 2020 07:29:53 GMT
      expires:
      - '-1'
      pragma:
      - no-cache
      server:
      - Microsoft-HTTPAPI/2.0
      - Microsoft-HTTPAPI/2.0
      strict-transport-security:
      - max-age=31536000; includeSubDomains
      transfer-encoding:
      - chunked
      vary:
      - Accept-Encoding
      x-content-type-options:
      - nosniff
      x-ms-arm-service-request-id:
      - 51e64927-91bc-4e94-92e3-20becfdf73bd
    status:
      code: 200
      message: OK
- request:
    body: null
    headers:
      Accept:
      - application/json
      Accept-Encoding:
      - gzip, deflate
      CommandName:
      - network express-route peering update
      Connection:
      - keep-alive
      ParameterSetName:
      - -g --circuit-name -n --ip-version --primary-peer-subnet --secondary-peer-subnet
        --advertised-public-prefixes --customer-asn --routing-registry-name
      User-Agent:
      - python/3.7.4 (Linux-4.15.0-112-generic-x86_64-with-debian-buster-sid) msrest/0.6.18
        msrest_azure/0.6.4 azure-mgmt-network/11.0.0 Azure-SDK-For-Python AZURECLI/2.10.1
      accept-language:
      - en-US
    method: GET
    uri: https://management.azure.com/subscriptions/00000000-0000-0000-0000-000000000000/resourceGroups/cli_test_express_route_ipv6_peering000001/providers/Microsoft.Network/expressRouteCircuits/circuit1/peerings/MicrosoftPeering?api-version=2020-06-01
  response:
    body:
      string: "{\r\n  \"name\": \"MicrosoftPeering\",\r\n  \"id\": \"/subscriptions/00000000-0000-0000-0000-000000000000/resourceGroups/cli_test_express_route_ipv6_peering000001/providers/Microsoft.Network/expressRouteCircuits/circuit1/peerings/MicrosoftPeering\"\
        ,\r\n  \"etag\": \"W/\\\"a66436bd-9b3c-44dd-a9eb-738a0e022fcd\\\"\",\r\n \
        \ \"properties\": {\r\n    \"provisioningState\": \"Succeeded\",\r\n    \"\
        peeringType\": \"MicrosoftPeering\",\r\n    \"azureASN\": 12076,\r\n    \"\
        peerASN\": 10002,\r\n    \"primaryPeerAddressPrefix\": \"104.0.0.0/30\",\r\
        \n    \"secondaryPeerAddressPrefix\": \"105.0.0.0/30\",\r\n    \"primaryAzurePort\"\
        : \"A51-IBIZA-06GMR-CIS-1-PRI-A\",\r\n    \"secondaryAzurePort\": \"A51-IBIZA-06GMR-CIS-2-SEC-A\"\
        ,\r\n    \"state\": \"Enabled\",\r\n    \"vlanId\": 103,\r\n    \"gatewayManagerEtag\"\
        : \"\",\r\n    \"lastModifiedBy\": \"Customer\",\r\n    \"microsoftPeeringConfig\"\
        : {\r\n      \"advertisedPublicPrefixes\": [\r\n        \"104.0.0.0/30\"\r\
        \n      ],\r\n      \"advertisedPublicPrefixesState\": \"ValidationNeeded\"\
        ,\r\n      \"customerASN\": 10000,\r\n      \"legacyMode\": 0,\r\n      \"\
        routingRegistryName\": \"LEVEL3\"\r\n    },\r\n    \"connections\": [],\r\n\
        \    \"peeredConnections\": []\r\n  },\r\n  \"type\": \"Microsoft.Network/expressRouteCircuits/peerings\"\
        \r\n}"
    headers:
      cache-control:
      - no-cache
      content-length:
      - '1185'
      content-type:
      - application/json; charset=utf-8
      date:
      - Thu, 20 Aug 2020 07:29:53 GMT
      expires:
      - '-1'
      pragma:
      - no-cache
      server:
      - Microsoft-HTTPAPI/2.0
      - Microsoft-HTTPAPI/2.0
      strict-transport-security:
      - max-age=31536000; includeSubDomains
      transfer-encoding:
      - chunked
      vary:
      - Accept-Encoding
      x-content-type-options:
      - nosniff
      x-ms-arm-service-request-id:
      - 56ba269d-b3eb-4dc9-85a9-a569f3f3bcbf
    status:
      code: 200
      message: OK
- request:
    body: '{"id": "/subscriptions/00000000-0000-0000-0000-000000000000/resourceGroups/cli_test_express_route_ipv6_peering000001/providers/Microsoft.Network/expressRouteCircuits/circuit1/peerings/MicrosoftPeering",
      "properties": {"peeringType": "MicrosoftPeering", "state": "Enabled", "azureASN":
      12076, "peerASN": 10002, "primaryPeerAddressPrefix": "104.0.0.0/30", "secondaryPeerAddressPrefix":
      "105.0.0.0/30", "primaryAzurePort": "A51-IBIZA-06GMR-CIS-1-PRI-A", "secondaryAzurePort":
      "A51-IBIZA-06GMR-CIS-2-SEC-A", "vlanId": 103, "microsoftPeeringConfig": {"advertisedPublicPrefixes":
      ["104.0.0.0/30"], "legacyMode": 0, "customerASN": 10000, "routingRegistryName":
      "LEVEL3"}, "gatewayManagerEtag": "", "ipv6PeeringConfig": {"primaryPeerAddressPrefix":
      "2001:db00::/126", "secondaryPeerAddressPrefix": "2002:db00::/126", "microsoftPeeringConfig":
      {"advertisedPublicPrefixes": ["2001:db00::/126"], "customerASN": 100001, "routingRegistryName":
      "LEVEL3"}}, "connections": []}, "name": "MicrosoftPeering"}'
    headers:
      Accept:
      - application/json
      Accept-Encoding:
      - gzip, deflate
      CommandName:
      - network express-route peering update
      Connection:
      - keep-alive
      Content-Length:
      - '1024'
      Content-Type:
      - application/json; charset=utf-8
      ParameterSetName:
      - -g --circuit-name -n --ip-version --primary-peer-subnet --secondary-peer-subnet
        --advertised-public-prefixes --customer-asn --routing-registry-name
      User-Agent:
      - python/3.7.4 (Linux-4.15.0-112-generic-x86_64-with-debian-buster-sid) msrest/0.6.18
        msrest_azure/0.6.4 azure-mgmt-network/11.0.0 Azure-SDK-For-Python AZURECLI/2.10.1
      accept-language:
      - en-US
    method: PUT
    uri: https://management.azure.com/subscriptions/00000000-0000-0000-0000-000000000000/resourceGroups/cli_test_express_route_ipv6_peering000001/providers/Microsoft.Network/expressRouteCircuits/circuit1/peerings/MicrosoftPeering?api-version=2020-06-01
  response:
    body:
      string: "{\r\n  \"name\": \"MicrosoftPeering\",\r\n  \"id\": \"/subscriptions/00000000-0000-0000-0000-000000000000/resourceGroups/cli_test_express_route_ipv6_peering000001/providers/Microsoft.Network/expressRouteCircuits/circuit1/peerings/MicrosoftPeering\"\
        ,\r\n  \"etag\": \"W/\\\"05c4a66d-bd54-4e2a-aa98-64e54b4d32f1\\\"\",\r\n \
        \ \"properties\": {\r\n    \"provisioningState\": \"Updating\",\r\n    \"\
        peeringType\": \"MicrosoftPeering\",\r\n    \"azureASN\": 12076,\r\n    \"\
        peerASN\": 10002,\r\n    \"primaryPeerAddressPrefix\": \"104.0.0.0/30\",\r\
        \n    \"secondaryPeerAddressPrefix\": \"105.0.0.0/30\",\r\n    \"primaryAzurePort\"\
        : \"A51-IBIZA-06GMR-CIS-1-PRI-A\",\r\n    \"secondaryAzurePort\": \"A51-IBIZA-06GMR-CIS-2-SEC-A\"\
        ,\r\n    \"state\": \"Enabled\",\r\n    \"vlanId\": 103,\r\n    \"gatewayManagerEtag\"\
        : \"\",\r\n    \"lastModifiedBy\": \"Customer\",\r\n    \"microsoftPeeringConfig\"\
        : {\r\n      \"advertisedPublicPrefixes\": [\r\n        \"104.0.0.0/30\"\r\
        \n      ],\r\n      \"advertisedPublicPrefixesState\": \"ValidationNeeded\"\
        ,\r\n      \"customerASN\": 10000,\r\n      \"legacyMode\": 0,\r\n      \"\
        routingRegistryName\": \"LEVEL3\"\r\n    },\r\n    \"ipv6PeeringConfig\":\
        \ {\r\n      \"primaryPeerAddressPrefix\": \"2001:db00::/126\",\r\n      \"\
        secondaryPeerAddressPrefix\": \"2002:db00::/126\",\r\n      \"state\": \"\
        Enabled\",\r\n      \"microsoftPeeringConfig\": {\r\n        \"advertisedPublicPrefixes\"\
        : [\r\n          \"2001:db00::/126\"\r\n        ],\r\n        \"advertisedPublicPrefixesState\"\
        : \"NotConfigured\",\r\n        \"customerASN\": 100001,\r\n        \"legacyMode\"\
        : 0,\r\n        \"routingRegistryName\": \"LEVEL3\"\r\n      }\r\n    },\r\
        \n    \"connections\": [],\r\n    \"peeredConnections\": []\r\n  },\r\n  \"\
        type\": \"Microsoft.Network/expressRouteCircuits/peerings\"\r\n}"
    headers:
      azure-asyncoperation:
      - https://management.azure.com/subscriptions/00000000-0000-0000-0000-000000000000/providers/Microsoft.Network/locations/westus/operations/83d3070f-ba1a-448b-a98f-4b4a5cb06a7d?api-version=2020-06-01
      cache-control:
      - no-cache
      content-length:
      - '1639'
      content-type:
      - application/json; charset=utf-8
      date:
      - Thu, 20 Aug 2020 07:29:53 GMT
      expires:
      - '-1'
      pragma:
      - no-cache
      server:
      - Microsoft-HTTPAPI/2.0
      - Microsoft-HTTPAPI/2.0
      strict-transport-security:
      - max-age=31536000; includeSubDomains
      transfer-encoding:
      - chunked
      vary:
      - Accept-Encoding
      x-content-type-options:
      - nosniff
      x-ms-arm-service-request-id:
      - 2dc2c2f3-1bdf-41cb-84e5-7ebdcaefea45
      x-ms-ratelimit-remaining-subscription-writes:
      - '1188'
    status:
      code: 200
      message: OK
- request:
    body: null
    headers:
      Accept:
      - application/json
      Accept-Encoding:
      - gzip, deflate
      CommandName:
      - network express-route peering update
      Connection:
      - keep-alive
      ParameterSetName:
      - -g --circuit-name -n --ip-version --primary-peer-subnet --secondary-peer-subnet
        --advertised-public-prefixes --customer-asn --routing-registry-name
      User-Agent:
      - python/3.7.4 (Linux-4.15.0-112-generic-x86_64-with-debian-buster-sid) msrest/0.6.18
        msrest_azure/0.6.4 azure-mgmt-network/11.0.0 Azure-SDK-For-Python AZURECLI/2.10.1
    method: GET
    uri: https://management.azure.com/subscriptions/00000000-0000-0000-0000-000000000000/providers/Microsoft.Network/locations/westus/operations/83d3070f-ba1a-448b-a98f-4b4a5cb06a7d?api-version=2020-06-01
  response:
    body:
      string: "{\r\n  \"status\": \"InProgress\"\r\n}"
    headers:
      cache-control:
      - no-cache
      content-length:
      - '30'
      content-type:
      - application/json; charset=utf-8
      date:
      - Thu, 20 Aug 2020 07:30:05 GMT
      expires:
      - '-1'
      pragma:
      - no-cache
      server:
      - Microsoft-HTTPAPI/2.0
      - Microsoft-HTTPAPI/2.0
      strict-transport-security:
      - max-age=31536000; includeSubDomains
      transfer-encoding:
      - chunked
      vary:
      - Accept-Encoding
      x-content-type-options:
      - nosniff
      x-ms-arm-service-request-id:
      - 75a8f334-1855-4619-b3d0-def431b56184
    status:
      code: 200
      message: OK
- request:
    body: null
    headers:
      Accept:
      - application/json
      Accept-Encoding:
      - gzip, deflate
      CommandName:
      - network express-route peering update
      Connection:
      - keep-alive
      ParameterSetName:
      - -g --circuit-name -n --ip-version --primary-peer-subnet --secondary-peer-subnet
        --advertised-public-prefixes --customer-asn --routing-registry-name
      User-Agent:
      - python/3.7.4 (Linux-4.15.0-112-generic-x86_64-with-debian-buster-sid) msrest/0.6.18
        msrest_azure/0.6.4 azure-mgmt-network/11.0.0 Azure-SDK-For-Python AZURECLI/2.10.1
    method: GET
    uri: https://management.azure.com/subscriptions/00000000-0000-0000-0000-000000000000/providers/Microsoft.Network/locations/westus/operations/83d3070f-ba1a-448b-a98f-4b4a5cb06a7d?api-version=2020-06-01
  response:
    body:
      string: "{\r\n  \"status\": \"Succeeded\"\r\n}"
    headers:
      cache-control:
      - no-cache
      content-length:
      - '29'
      content-type:
      - application/json; charset=utf-8
      date:
      - Thu, 20 Aug 2020 07:30:15 GMT
      expires:
      - '-1'
      pragma:
      - no-cache
      server:
      - Microsoft-HTTPAPI/2.0
      - Microsoft-HTTPAPI/2.0
      strict-transport-security:
      - max-age=31536000; includeSubDomains
      transfer-encoding:
      - chunked
      vary:
      - Accept-Encoding
      x-content-type-options:
      - nosniff
      x-ms-arm-service-request-id:
      - 9dc31d16-0eb9-484d-a4e1-a70839e4cf97
    status:
      code: 200
      message: OK
- request:
    body: null
    headers:
      Accept:
      - application/json
      Accept-Encoding:
      - gzip, deflate
      CommandName:
      - network express-route peering update
      Connection:
      - keep-alive
      ParameterSetName:
      - -g --circuit-name -n --ip-version --primary-peer-subnet --secondary-peer-subnet
        --advertised-public-prefixes --customer-asn --routing-registry-name
      User-Agent:
      - python/3.7.4 (Linux-4.15.0-112-generic-x86_64-with-debian-buster-sid) msrest/0.6.18
        msrest_azure/0.6.4 azure-mgmt-network/11.0.0 Azure-SDK-For-Python AZURECLI/2.10.1
    method: GET
    uri: https://management.azure.com/subscriptions/00000000-0000-0000-0000-000000000000/resourceGroups/cli_test_express_route_ipv6_peering000001/providers/Microsoft.Network/expressRouteCircuits/circuit1/peerings/MicrosoftPeering?api-version=2020-06-01
  response:
    body:
      string: "{\r\n  \"name\": \"MicrosoftPeering\",\r\n  \"id\": \"/subscriptions/00000000-0000-0000-0000-000000000000/resourceGroups/cli_test_express_route_ipv6_peering000001/providers/Microsoft.Network/expressRouteCircuits/circuit1/peerings/MicrosoftPeering\"\
        ,\r\n  \"etag\": \"W/\\\"14687b27-47ee-4410-8848-921e30feb2df\\\"\",\r\n \
        \ \"properties\": {\r\n    \"provisioningState\": \"Succeeded\",\r\n    \"\
        peeringType\": \"MicrosoftPeering\",\r\n    \"azureASN\": 12076,\r\n    \"\
        peerASN\": 10002,\r\n    \"primaryPeerAddressPrefix\": \"104.0.0.0/30\",\r\
        \n    \"secondaryPeerAddressPrefix\": \"105.0.0.0/30\",\r\n    \"primaryAzurePort\"\
        : \"A51-IBIZA-06GMR-CIS-1-PRI-A\",\r\n    \"secondaryAzurePort\": \"A51-IBIZA-06GMR-CIS-2-SEC-A\"\
        ,\r\n    \"state\": \"Enabled\",\r\n    \"vlanId\": 103,\r\n    \"gatewayManagerEtag\"\
        : \"\",\r\n    \"lastModifiedBy\": \"Customer\",\r\n    \"microsoftPeeringConfig\"\
        : {\r\n      \"advertisedPublicPrefixes\": [\r\n        \"104.0.0.0/30\"\r\
        \n      ],\r\n      \"advertisedPublicPrefixesState\": \"ValidationNeeded\"\
        ,\r\n      \"customerASN\": 10000,\r\n      \"legacyMode\": 0,\r\n      \"\
        routingRegistryName\": \"LEVEL3\"\r\n    },\r\n    \"ipv6PeeringConfig\":\
        \ {\r\n      \"primaryPeerAddressPrefix\": \"2001:db00::/126\",\r\n      \"\
        secondaryPeerAddressPrefix\": \"2002:db00::/126\",\r\n      \"state\": \"\
        Enabled\",\r\n      \"microsoftPeeringConfig\": {\r\n        \"advertisedPublicPrefixes\"\
        : [\r\n          \"2001:db00::/126\"\r\n        ],\r\n        \"advertisedPublicPrefixesState\"\
        : \"ValidationNeeded\",\r\n        \"customerASN\": 100001,\r\n        \"\
        legacyMode\": 0,\r\n        \"routingRegistryName\": \"LEVEL3\"\r\n      }\r\
        \n    },\r\n    \"connections\": [],\r\n    \"peeredConnections\": []\r\n\
        \  },\r\n  \"type\": \"Microsoft.Network/expressRouteCircuits/peerings\"\r\
        \n}"
    headers:
      cache-control:
      - no-cache
      content-length:
      - '1643'
      content-type:
      - application/json; charset=utf-8
      date:
      - Thu, 20 Aug 2020 07:30:16 GMT
      expires:
      - '-1'
      pragma:
      - no-cache
      server:
      - Microsoft-HTTPAPI/2.0
      - Microsoft-HTTPAPI/2.0
      strict-transport-security:
      - max-age=31536000; includeSubDomains
      transfer-encoding:
      - chunked
      vary:
      - Accept-Encoding
      x-content-type-options:
      - nosniff
      x-ms-arm-service-request-id:
      - 18748e36-c1ef-4ba6-aa4f-2d185e94d62d
    status:
      code: 200
      message: OK
- request:
    body: null
    headers:
      Accept:
      - application/json
      Accept-Encoding:
      - gzip, deflate
      CommandName:
      - network express-route peering show
      Connection:
      - keep-alive
      ParameterSetName:
      - -g --circuit-name -n
      User-Agent:
      - python/3.7.4 (Linux-4.15.0-112-generic-x86_64-with-debian-buster-sid) msrest/0.6.18
        msrest_azure/0.6.4 azure-mgmt-network/11.0.0 Azure-SDK-For-Python AZURECLI/2.10.1
      accept-language:
      - en-US
    method: GET
    uri: https://management.azure.com/subscriptions/00000000-0000-0000-0000-000000000000/resourceGroups/cli_test_express_route_ipv6_peering000001/providers/Microsoft.Network/expressRouteCircuits/circuit1/peerings/MicrosoftPeering?api-version=2020-06-01
  response:
    body:
      string: "{\r\n  \"name\": \"MicrosoftPeering\",\r\n  \"id\": \"/subscriptions/00000000-0000-0000-0000-000000000000/resourceGroups/cli_test_express_route_ipv6_peering000001/providers/Microsoft.Network/expressRouteCircuits/circuit1/peerings/MicrosoftPeering\"\
        ,\r\n  \"etag\": \"W/\\\"14687b27-47ee-4410-8848-921e30feb2df\\\"\",\r\n \
        \ \"properties\": {\r\n    \"provisioningState\": \"Succeeded\",\r\n    \"\
        peeringType\": \"MicrosoftPeering\",\r\n    \"azureASN\": 12076,\r\n    \"\
        peerASN\": 10002,\r\n    \"primaryPeerAddressPrefix\": \"104.0.0.0/30\",\r\
        \n    \"secondaryPeerAddressPrefix\": \"105.0.0.0/30\",\r\n    \"primaryAzurePort\"\
        : \"A51-IBIZA-06GMR-CIS-1-PRI-A\",\r\n    \"secondaryAzurePort\": \"A51-IBIZA-06GMR-CIS-2-SEC-A\"\
        ,\r\n    \"state\": \"Enabled\",\r\n    \"vlanId\": 103,\r\n    \"gatewayManagerEtag\"\
        : \"\",\r\n    \"lastModifiedBy\": \"Customer\",\r\n    \"microsoftPeeringConfig\"\
        : {\r\n      \"advertisedPublicPrefixes\": [\r\n        \"104.0.0.0/30\"\r\
        \n      ],\r\n      \"advertisedPublicPrefixesState\": \"ValidationNeeded\"\
        ,\r\n      \"customerASN\": 10000,\r\n      \"legacyMode\": 0,\r\n      \"\
        routingRegistryName\": \"LEVEL3\"\r\n    },\r\n    \"ipv6PeeringConfig\":\
        \ {\r\n      \"primaryPeerAddressPrefix\": \"2001:db00::/126\",\r\n      \"\
        secondaryPeerAddressPrefix\": \"2002:db00::/126\",\r\n      \"state\": \"\
        Enabled\",\r\n      \"microsoftPeeringConfig\": {\r\n        \"advertisedPublicPrefixes\"\
        : [\r\n          \"2001:db00::/126\"\r\n        ],\r\n        \"advertisedPublicPrefixesState\"\
        : \"ValidationNeeded\",\r\n        \"customerASN\": 100001,\r\n        \"\
        legacyMode\": 0,\r\n        \"routingRegistryName\": \"LEVEL3\"\r\n      }\r\
        \n    },\r\n    \"connections\": [],\r\n    \"peeredConnections\": []\r\n\
        \  },\r\n  \"type\": \"Microsoft.Network/expressRouteCircuits/peerings\"\r\
        \n}"
    headers:
      cache-control:
      - no-cache
      content-length:
      - '1643'
      content-type:
      - application/json; charset=utf-8
      date:
      - Thu, 20 Aug 2020 07:30:16 GMT
      expires:
      - '-1'
      pragma:
      - no-cache
      server:
      - Microsoft-HTTPAPI/2.0
      - Microsoft-HTTPAPI/2.0
      strict-transport-security:
      - max-age=31536000; includeSubDomains
      transfer-encoding:
      - chunked
      vary:
      - Accept-Encoding
      x-content-type-options:
      - nosniff
      x-ms-arm-service-request-id:
      - 3b0631c4-2c72-4f58-9254-0261d1b79ad1
    status:
      code: 200
      message: OK
version: 1
