interactions:
- request:
    body: null
    headers:
      Accept:
      - application/json
      Accept-Encoding:
      - gzip, deflate
      CommandName:
      - network vnet subnet list-available-delegations
      Connection:
      - keep-alive
      ParameterSetName:
      - -l
      User-Agent:
      - python/3.7.4 (Windows-10-10.0.18362-SP0) msrest/0.6.9 msrest_azure/0.6.3 azure-mgmt-network/10.2.0
        Azure-SDK-For-Python AZURECLI/2.5.1
      accept-language:
      - en-US
    method: GET
    uri: https://management.azure.com/subscriptions/00000000-0000-0000-0000-000000000000/providers/Microsoft.Network/locations/westcentralus/availableDelegations?api-version=2020-04-01
  response:
    body:
      string: "{\r\n  \"value\": [\r\n    {\r\n      \"name\": \"Microsoft.Web.serverFarms\",\r\n
        \     \"id\": \"/subscriptions/00000000-0000-0000-0000-000000000000/providers/Microsoft.Network/availableDelegations/Microsoft.Web.serverFarms\",\r\n
        \     \"type\": \"Microsoft.Network/availableDelegations\",\r\n      \"serviceName\":
        \"Microsoft.Web/serverFarms\",\r\n      \"actions\": [\r\n        \"Microsoft.Network/virtualNetworks/subnets/action\"\r\n
        \     ]\r\n    },\r\n    {\r\n      \"name\": \"Microsoft.ContainerInstance.containerGroups\",\r\n
        \     \"id\": \"/subscriptions/00000000-0000-0000-0000-000000000000/providers/Microsoft.Network/availableDelegations/Microsoft.ContainerInstance.containerGroups\",\r\n
        \     \"type\": \"Microsoft.Network/availableDelegations\",\r\n      \"serviceName\":
        \"Microsoft.ContainerInstance/containerGroups\",\r\n      \"actions\": [\r\n
        \       \"Microsoft.Network/virtualNetworks/subnets/action\"\r\n      ]\r\n
        \   },\r\n    {\r\n      \"name\": \"Microsoft.Netapp.volumes\",\r\n      \"id\":
        \"/subscriptions/00000000-0000-0000-0000-000000000000/providers/Microsoft.Network/availableDelegations/Microsoft.Netapp.volumes\",\r\n
        \     \"type\": \"Microsoft.Network/availableDelegations\",\r\n      \"serviceName\":
        \"Microsoft.Netapp/volumes\",\r\n      \"actions\": [\r\n        \"Microsoft.Network/networkinterfaces/*\",\r\n
        \       \"Microsoft.Network/virtualNetworks/subnets/join/action\"\r\n      ]\r\n
        \   },\r\n    {\r\n      \"name\": \"Microsoft.HardwareSecurityModules.dedicatedHSMs\",\r\n
        \     \"id\": \"/subscriptions/00000000-0000-0000-0000-000000000000/providers/Microsoft.Network/availableDelegations/Microsoft.HardwareSecurityModules.dedicatedHSMs\",\r\n
        \     \"type\": \"Microsoft.Network/availableDelegations\",\r\n      \"serviceName\":
        \"Microsoft.HardwareSecurityModules/dedicatedHSMs\",\r\n      \"actions\":
        [\r\n        \"Microsoft.Network/networkinterfaces/*\",\r\n        \"Microsoft.Network/virtualNetworks/subnets/join/action\"\r\n
        \     ]\r\n    },\r\n    {\r\n      \"name\": \"Microsoft.ServiceFabricMesh.networks\",\r\n
        \     \"id\": \"/subscriptions/00000000-0000-0000-0000-000000000000/providers/Microsoft.Network/availableDelegations/Microsoft.ServiceFabricMesh.networks\",\r\n
        \     \"type\": \"Microsoft.Network/availableDelegations\",\r\n      \"serviceName\":
        \"Microsoft.ServiceFabricMesh/networks\",\r\n      \"actions\": [\r\n        \"Microsoft.Network/virtualNetworks/subnets/action\"\r\n
        \     ]\r\n    },\r\n    {\r\n      \"name\": \"Microsoft.Logic.integrationServiceEnvironments\",\r\n
        \     \"id\": \"/subscriptions/00000000-0000-0000-0000-000000000000/providers/Microsoft.Network/availableDelegations/Microsoft.Logic.integrationServiceEnvironments\",\r\n
        \     \"type\": \"Microsoft.Network/availableDelegations\",\r\n      \"serviceName\":
        \"Microsoft.Logic/integrationServiceEnvironments\",\r\n      \"actions\":
        [\r\n        \"Microsoft.Network/virtualNetworks/subnets/action\"\r\n      ]\r\n
        \   },\r\n    {\r\n      \"name\": \"Microsoft.Batch.batchAccounts\",\r\n
        \     \"id\": \"/subscriptions/00000000-0000-0000-0000-000000000000/providers/Microsoft.Network/availableDelegations/Microsoft.Batch.batchAccounts\",\r\n
        \     \"type\": \"Microsoft.Network/availableDelegations\",\r\n      \"serviceName\":
        \"Microsoft.Batch/batchAccounts\",\r\n      \"actions\": [\r\n        \"Microsoft.Network/virtualNetworks/subnets/action\"\r\n
        \     ]\r\n    },\r\n    {\r\n      \"name\": \"Microsoft.Sql.managedInstances\",\r\n
        \     \"id\": \"/subscriptions/00000000-0000-0000-0000-000000000000/providers/Microsoft.Network/availableDelegations/Microsoft.Sql.managedInstances\",\r\n
        \     \"type\": \"Microsoft.Network/availableDelegations\",\r\n      \"serviceName\":
        \"Microsoft.Sql/managedInstances\",\r\n      \"actions\": [\r\n        \"Microsoft.Network/virtualNetworks/subnets/join/action\",\r\n
        \       \"Microsoft.Network/virtualNetworks/subnets/prepareNetworkPolicies/action\",\r\n
        \       \"Microsoft.Network/virtualNetworks/subnets/unprepareNetworkPolicies/action\"\r\n
        \     ]\r\n    },\r\n    {\r\n      \"name\": \"Microsoft.Web.hostingEnvironments\",\r\n
        \     \"id\": \"/subscriptions/00000000-0000-0000-0000-000000000000/providers/Microsoft.Network/availableDelegations/Microsoft.Web.hostingEnvironments\",\r\n
        \     \"type\": \"Microsoft.Network/availableDelegations\",\r\n      \"serviceName\":
        \"Microsoft.Web/hostingEnvironments\",\r\n      \"actions\": [\r\n        \"Microsoft.Network/virtualNetworks/subnets/action\"\r\n
        \     ]\r\n    },\r\n    {\r\n      \"name\": \"Microsoft.BareMetal.CrayServers\",\r\n
        \     \"id\": \"/subscriptions/00000000-0000-0000-0000-000000000000/providers/Microsoft.Network/availableDelegations/Microsoft.BareMetal.CrayServers\",\r\n
        \     \"type\": \"Microsoft.Network/availableDelegations\",\r\n      \"serviceName\":
        \"Microsoft.BareMetal/CrayServers\",\r\n      \"actions\": [\r\n        \"Microsoft.Network/networkinterfaces/*\",\r\n
        \       \"Microsoft.Network/virtualNetworks/subnets/join/action\"\r\n      ]\r\n
        \   },\r\n    {\r\n      \"name\": \"Microsoft.Databricks.workspaces\",\r\n
        \     \"id\": \"/subscriptions/00000000-0000-0000-0000-000000000000/providers/Microsoft.Network/availableDelegations/Microsoft.Databricks.workspaces\",\r\n
        \     \"type\": \"Microsoft.Network/availableDelegations\",\r\n      \"serviceName\":
        \"Microsoft.Databricks/workspaces\",\r\n      \"actions\": [\r\n        \"Microsoft.Network/virtualNetworks/subnets/join/action\",\r\n
        \       \"Microsoft.Network/virtualNetworks/subnets/prepareNetworkPolicies/action\",\r\n
        \       \"Microsoft.Network/virtualNetworks/subnets/unprepareNetworkPolicies/action\"\r\n
        \     ]\r\n    },\r\n    {\r\n      \"name\": \"Microsoft.BareMetal.AzureVMware\",\r\n
        \     \"id\": \"/subscriptions/00000000-0000-0000-0000-000000000000/providers/Microsoft.Network/availableDelegations/Microsoft.BareMetal.AzureVMware\",\r\n
        \     \"type\": \"Microsoft.Network/availableDelegations\",\r\n      \"serviceName\":
        \"Microsoft.BareMetal/AzureVMware\",\r\n      \"actions\": [\r\n        \"Microsoft.Network/networkinterfaces/*\",\r\n
        \       \"Microsoft.Network/virtualNetworks/subnets/join/action\"\r\n      ]\r\n
        \   },\r\n    {\r\n      \"name\": \"Microsoft.StreamAnalytics.streamingJobs\",\r\n
        \     \"id\": \"/subscriptions/00000000-0000-0000-0000-000000000000/providers/Microsoft.Network/availableDelegations/Microsoft.StreamAnalytics.streamingJobs\",\r\n
        \     \"type\": \"Microsoft.Network/availableDelegations\",\r\n      \"serviceName\":
        \"Microsoft.StreamAnalytics/streamingJobs\",\r\n      \"actions\": [\r\n        \"Microsoft.Network/virtualNetworks/subnets/join/action\"\r\n
        \     ]\r\n    },\r\n    {\r\n      \"name\": \"Microsoft.DBforPostgreSQL.serversv2\",\r\n
        \     \"id\": \"/subscriptions/00000000-0000-0000-0000-000000000000/providers/Microsoft.Network/availableDelegations/Microsoft.DBforPostgreSQL.serversv2\",\r\n
        \     \"type\": \"Microsoft.Network/availableDelegations\",\r\n      \"serviceName\":
        \"Microsoft.DBforPostgreSQL/serversv2\",\r\n      \"actions\": [\r\n        \"Microsoft.Network/virtualNetworks/subnets/join/action\"\r\n
        \     ]\r\n    },\r\n    {\r\n      \"name\": \"Microsoft.AzureCosmosDB.clusters\",\r\n
        \     \"id\": \"/subscriptions/00000000-0000-0000-0000-000000000000/providers/Microsoft.Network/availableDelegations/Microsoft.AzureCosmosDB.clusters\",\r\n
        \     \"type\": \"Microsoft.Network/availableDelegations\",\r\n      \"serviceName\":
        \"Microsoft.AzureCosmosDB/clusters\",\r\n      \"actions\": [\r\n        \"Microsoft.Network/virtualNetworks/subnets/join/action\"\r\n
        \     ]\r\n    },\r\n    {\r\n      \"name\": \"Microsoft.MachineLearningServices.workspaces\",\r\n
        \     \"id\": \"/subscriptions/00000000-0000-0000-0000-000000000000/providers/Microsoft.Network/availableDelegations/Microsoft.MachineLearningServices.workspaces\",\r\n
        \     \"type\": \"Microsoft.Network/availableDelegations\",\r\n      \"serviceName\":
        \"Microsoft.MachineLearningServices/workspaces\",\r\n      \"actions\": [\r\n
        \       \"Microsoft.Network/virtualNetworks/subnets/join/action\"\r\n      ]\r\n
        \   },\r\n    {\r\n      \"name\": \"Microsoft.DBforPostgreSQL.singleServers\",\r\n
        \     \"id\": \"/subscriptions/00000000-0000-0000-0000-000000000000/providers/Microsoft.Network/availableDelegations/Microsoft.DBforPostgreSQL.singleServers\",\r\n
        \     \"type\": \"Microsoft.Network/availableDelegations\",\r\n      \"serviceName\":
        \"Microsoft.DBforPostgreSQL/singleServers\",\r\n      \"actions\": [\r\n        \"Microsoft.Network/virtualNetworks/subnets/join/action\"\r\n
        \     ]\r\n    },\r\n    {\r\n      \"name\": \"Microsoft.ApiManagement.service\",\r\n
        \     \"id\": \"/subscriptions/00000000-0000-0000-0000-000000000000/providers/Microsoft.Network/availableDelegations/Microsoft.ApiManagement.service\",\r\n
        \     \"type\": \"Microsoft.Network/availableDelegations\",\r\n      \"serviceName\":
        \"Microsoft.ApiManagement/service\",\r\n      \"actions\": [\r\n        \"Microsoft.Network/virtualNetworks/subnets/join/action\",\r\n
        \       \"Microsoft.Network/virtualNetworks/subnets/prepareNetworkPolicies/action\"\r\n
        \     ]\r\n    }\r\n  ]\r\n}"
    headers:
      cache-control:
      - no-cache
      content-length:
      - '8416'
      content-type:
      - application/json; charset=utf-8
      date:
      - Fri, 15 May 2020 17:51:17 GMT
      expires:
      - '-1'
      pragma:
      - no-cache
      server:
      - Microsoft-HTTPAPI/2.0
      - Microsoft-HTTPAPI/2.0
      strict-transport-security:
      - max-age=31536000; includeSubDomains
      transfer-encoding:
      - chunked
      vary:
      - Accept-Encoding
      x-content-type-options:
      - nosniff
      x-ms-arm-service-request-id:
      - eee90a70-c58b-4363-9049-2753f2f3df5f
    status:
      code: 200
      message: OK
- request:
    body: null
    headers:
      Accept:
      - application/json
      Accept-Encoding:
      - gzip, deflate
      CommandName:
      - network vnet subnet list-available-delegations
      Connection:
      - keep-alive
      ParameterSetName:
      - -g
      User-Agent:
      - python/3.7.4 (Windows-10-10.0.18362-SP0) msrest/0.6.9 msrest_azure/0.6.3 azure-mgmt-resource/9.0.0
        Azure-SDK-For-Python AZURECLI/2.5.1
      accept-language:
      - en-US
    method: GET
    uri: https://management.azure.com/subscriptions/00000000-0000-0000-0000-000000000000/resourcegroups/cli_subnet_delegation000001?api-version=2019-07-01
  response:
    body:
      string: '{"id":"/subscriptions/00000000-0000-0000-0000-000000000000/resourceGroups/cli_subnet_delegation000001","name":"cli_subnet_delegation000001","type":"Microsoft.Resources/resourceGroups","location":"westus","tags":{"product":"azurecli","cause":"automation","date":"2020-05-15T17:51:14Z","StorageType":"Standard_LRS","type":"test"},"properties":{"provisioningState":"Succeeded"}}'
    headers:
      cache-control:
      - no-cache
      content-length:
      - '471'
      content-type:
      - application/json; charset=utf-8
      date:
      - Fri, 15 May 2020 17:51:18 GMT
      expires:
      - '-1'
      pragma:
      - no-cache
      strict-transport-security:
      - max-age=31536000; includeSubDomains
      vary:
      - Accept-Encoding
      x-content-type-options:
      - nosniff
    status:
      code: 200
      message: OK
- request:
    body: null
    headers:
      Accept:
      - application/json
      Accept-Encoding:
      - gzip, deflate
      CommandName:
      - network vnet subnet list-available-delegations
      Connection:
      - keep-alive
      ParameterSetName:
      - -g
      User-Agent:
      - python/3.7.4 (Windows-10-10.0.18362-SP0) msrest/0.6.9 msrest_azure/0.6.3 azure-mgmt-network/10.2.0
        Azure-SDK-For-Python AZURECLI/2.5.1
      accept-language:
      - en-US
    method: GET
    uri: https://management.azure.com/subscriptions/00000000-0000-0000-0000-000000000000/resourceGroups/cli_subnet_delegation000001/providers/Microsoft.Network/locations/westus/availableDelegations?api-version=2020-04-01
  response:
    body:
      string: "{\r\n  \"value\": [\r\n    {\r\n      \"name\": \"Microsoft.Web.serverFarms\",\r\n
        \     \"id\": \"/subscriptions/00000000-0000-0000-0000-000000000000/resourceGroup/cli_subnet_delegation000001/providers/Microsoft.Network/availableDelegations/Microsoft.Web.serverFarms\",\r\n
        \     \"type\": \"Microsoft.Network/availableDelegations\",\r\n      \"serviceName\":
        \"Microsoft.Web/serverFarms\",\r\n      \"actions\": [\r\n        \"Microsoft.Network/virtualNetworks/subnets/action\"\r\n
        \     ]\r\n    },\r\n    {\r\n      \"name\": \"Microsoft.ContainerInstance.containerGroups\",\r\n
        \     \"id\": \"/subscriptions/00000000-0000-0000-0000-000000000000/resourceGroup/cli_subnet_delegation000001/providers/Microsoft.Network/availableDelegations/Microsoft.ContainerInstance.containerGroups\",\r\n
        \     \"type\": \"Microsoft.Network/availableDelegations\",\r\n      \"serviceName\":
        \"Microsoft.ContainerInstance/containerGroups\",\r\n      \"actions\": [\r\n
        \       \"Microsoft.Network/virtualNetworks/subnets/action\"\r\n      ]\r\n
        \   },\r\n    {\r\n      \"name\": \"Microsoft.Netapp.volumes\",\r\n      \"id\":
        \"/subscriptions/00000000-0000-0000-0000-000000000000/resourceGroup/cli_subnet_delegation000001/providers/Microsoft.Network/availableDelegations/Microsoft.Netapp.volumes\",\r\n
        \     \"type\": \"Microsoft.Network/availableDelegations\",\r\n      \"serviceName\":
        \"Microsoft.Netapp/volumes\",\r\n      \"actions\": [\r\n        \"Microsoft.Network/networkinterfaces/*\",\r\n
        \       \"Microsoft.Network/virtualNetworks/subnets/join/action\"\r\n      ]\r\n
        \   },\r\n    {\r\n      \"name\": \"Microsoft.HardwareSecurityModules.dedicatedHSMs\",\r\n
        \     \"id\": \"/subscriptions/00000000-0000-0000-0000-000000000000/resourceGroup/cli_subnet_delegation000001/providers/Microsoft.Network/availableDelegations/Microsoft.HardwareSecurityModules.dedicatedHSMs\",\r\n
        \     \"type\": \"Microsoft.Network/availableDelegations\",\r\n      \"serviceName\":
        \"Microsoft.HardwareSecurityModules/dedicatedHSMs\",\r\n      \"actions\":
        [\r\n        \"Microsoft.Network/networkinterfaces/*\",\r\n        \"Microsoft.Network/virtualNetworks/subnets/join/action\"\r\n
        \     ]\r\n    },\r\n    {\r\n      \"name\": \"Microsoft.ServiceFabricMesh.networks\",\r\n
        \     \"id\": \"/subscriptions/00000000-0000-0000-0000-000000000000/resourceGroup/cli_subnet_delegation000001/providers/Microsoft.Network/availableDelegations/Microsoft.ServiceFabricMesh.networks\",\r\n
        \     \"type\": \"Microsoft.Network/availableDelegations\",\r\n      \"serviceName\":
        \"Microsoft.ServiceFabricMesh/networks\",\r\n      \"actions\": [\r\n        \"Microsoft.Network/virtualNetworks/subnets/action\"\r\n
        \     ]\r\n    },\r\n    {\r\n      \"name\": \"Microsoft.Logic.integrationServiceEnvironments\",\r\n
        \     \"id\": \"/subscriptions/00000000-0000-0000-0000-000000000000/resourceGroup/cli_subnet_delegation000001/providers/Microsoft.Network/availableDelegations/Microsoft.Logic.integrationServiceEnvironments\",\r\n
        \     \"type\": \"Microsoft.Network/availableDelegations\",\r\n      \"serviceName\":
        \"Microsoft.Logic/integrationServiceEnvironments\",\r\n      \"actions\":
        [\r\n        \"Microsoft.Network/virtualNetworks/subnets/action\"\r\n      ]\r\n
        \   },\r\n    {\r\n      \"name\": \"Microsoft.Batch.batchAccounts\",\r\n
        \     \"id\": \"/subscriptions/00000000-0000-0000-0000-000000000000/resourceGroup/cli_subnet_delegation000001/providers/Microsoft.Network/availableDelegations/Microsoft.Batch.batchAccounts\",\r\n
        \     \"type\": \"Microsoft.Network/availableDelegations\",\r\n      \"serviceName\":
        \"Microsoft.Batch/batchAccounts\",\r\n      \"actions\": [\r\n        \"Microsoft.Network/virtualNetworks/subnets/action\"\r\n
        \     ]\r\n    },\r\n    {\r\n      \"name\": \"Microsoft.Sql.managedInstances\",\r\n
        \     \"id\": \"/subscriptions/00000000-0000-0000-0000-000000000000/resourceGroup/cli_subnet_delegation000001/providers/Microsoft.Network/availableDelegations/Microsoft.Sql.managedInstances\",\r\n
        \     \"type\": \"Microsoft.Network/availableDelegations\",\r\n      \"serviceName\":
        \"Microsoft.Sql/managedInstances\",\r\n      \"actions\": [\r\n        \"Microsoft.Network/virtualNetworks/subnets/join/action\",\r\n
        \       \"Microsoft.Network/virtualNetworks/subnets/prepareNetworkPolicies/action\",\r\n
        \       \"Microsoft.Network/virtualNetworks/subnets/unprepareNetworkPolicies/action\"\r\n
        \     ]\r\n    },\r\n    {\r\n      \"name\": \"Microsoft.Web.hostingEnvironments\",\r\n
        \     \"id\": \"/subscriptions/00000000-0000-0000-0000-000000000000/resourceGroup/cli_subnet_delegation000001/providers/Microsoft.Network/availableDelegations/Microsoft.Web.hostingEnvironments\",\r\n
        \     \"type\": \"Microsoft.Network/availableDelegations\",\r\n      \"serviceName\":
        \"Microsoft.Web/hostingEnvironments\",\r\n      \"actions\": [\r\n        \"Microsoft.Network/virtualNetworks/subnets/action\"\r\n
        \     ]\r\n    },\r\n    {\r\n      \"name\": \"Microsoft.BareMetal.CrayServers\",\r\n
        \     \"id\": \"/subscriptions/00000000-0000-0000-0000-000000000000/resourceGroup/cli_subnet_delegation000001/providers/Microsoft.Network/availableDelegations/Microsoft.BareMetal.CrayServers\",\r\n
        \     \"type\": \"Microsoft.Network/availableDelegations\",\r\n      \"serviceName\":
        \"Microsoft.BareMetal/CrayServers\",\r\n      \"actions\": [\r\n        \"Microsoft.Network/networkinterfaces/*\",\r\n
        \       \"Microsoft.Network/virtualNetworks/subnets/join/action\"\r\n      ]\r\n
        \   },\r\n    {\r\n      \"name\": \"Microsoft.Databricks.workspaces\",\r\n
        \     \"id\": \"/subscriptions/00000000-0000-0000-0000-000000000000/resourceGroup/cli_subnet_delegation000001/providers/Microsoft.Network/availableDelegations/Microsoft.Databricks.workspaces\",\r\n
        \     \"type\": \"Microsoft.Network/availableDelegations\",\r\n      \"serviceName\":
        \"Microsoft.Databricks/workspaces\",\r\n      \"actions\": [\r\n        \"Microsoft.Network/virtualNetworks/subnets/join/action\",\r\n
        \       \"Microsoft.Network/virtualNetworks/subnets/prepareNetworkPolicies/action\",\r\n
        \       \"Microsoft.Network/virtualNetworks/subnets/unprepareNetworkPolicies/action\"\r\n
        \     ]\r\n    },\r\n    {\r\n      \"name\": \"Microsoft.BareMetal.AzureVMware\",\r\n
        \     \"id\": \"/subscriptions/00000000-0000-0000-0000-000000000000/resourceGroup/cli_subnet_delegation000001/providers/Microsoft.Network/availableDelegations/Microsoft.BareMetal.AzureVMware\",\r\n
        \     \"type\": \"Microsoft.Network/availableDelegations\",\r\n      \"serviceName\":
        \"Microsoft.BareMetal/AzureVMware\",\r\n      \"actions\": [\r\n        \"Microsoft.Network/networkinterfaces/*\",\r\n
        \       \"Microsoft.Network/virtualNetworks/subnets/join/action\"\r\n      ]\r\n
        \   },\r\n    {\r\n      \"name\": \"Microsoft.StreamAnalytics.streamingJobs\",\r\n
        \     \"id\": \"/subscriptions/00000000-0000-0000-0000-000000000000/resourceGroup/cli_subnet_delegation000001/providers/Microsoft.Network/availableDelegations/Microsoft.StreamAnalytics.streamingJobs\",\r\n
        \     \"type\": \"Microsoft.Network/availableDelegations\",\r\n      \"serviceName\":
        \"Microsoft.StreamAnalytics/streamingJobs\",\r\n      \"actions\": [\r\n        \"Microsoft.Network/virtualNetworks/subnets/join/action\"\r\n
        \     ]\r\n    },\r\n    {\r\n      \"name\": \"Microsoft.DBforPostgreSQL.serversv2\",\r\n
        \     \"id\": \"/subscriptions/00000000-0000-0000-0000-000000000000/resourceGroup/cli_subnet_delegation000001/providers/Microsoft.Network/availableDelegations/Microsoft.DBforPostgreSQL.serversv2\",\r\n
        \     \"type\": \"Microsoft.Network/availableDelegations\",\r\n      \"serviceName\":
        \"Microsoft.DBforPostgreSQL/serversv2\",\r\n      \"actions\": [\r\n        \"Microsoft.Network/virtualNetworks/subnets/join/action\"\r\n
        \     ]\r\n    },\r\n    {\r\n      \"name\": \"Microsoft.AzureCosmosDB.clusters\",\r\n
        \     \"id\": \"/subscriptions/00000000-0000-0000-0000-000000000000/resourceGroup/cli_subnet_delegation000001/providers/Microsoft.Network/availableDelegations/Microsoft.AzureCosmosDB.clusters\",\r\n
        \     \"type\": \"Microsoft.Network/availableDelegations\",\r\n      \"serviceName\":
        \"Microsoft.AzureCosmosDB/clusters\",\r\n      \"actions\": [\r\n        \"Microsoft.Network/virtualNetworks/subnets/join/action\"\r\n
        \     ]\r\n    }\r\n  ]\r\n}"
    headers:
      cache-control:
      - no-cache
      content-length:
      - '8353'
      content-type:
      - application/json; charset=utf-8
      date:
      - Fri, 15 May 2020 17:51:19 GMT
      expires:
      - '-1'
      pragma:
      - no-cache
      server:
      - Microsoft-HTTPAPI/2.0
      - Microsoft-HTTPAPI/2.0
      strict-transport-security:
      - max-age=31536000; includeSubDomains
      transfer-encoding:
      - chunked
      vary:
      - Accept-Encoding
      x-content-type-options:
      - nosniff
      x-ms-arm-service-request-id:
      - 049277d6-5a42-4d91-8cbf-4e987658f10c
    status:
      code: 200
      message: OK
- request:
    body: '{"location": "westcentralus", "tags": {}, "properties": {"addressSpace":
      {"addressPrefixes": ["10.0.0.0/16"]}, "dhcpOptions": {}}}'
    headers:
      Accept:
      - application/json
      Accept-Encoding:
      - gzip, deflate
      CommandName:
      - network vnet create
      Connection:
      - keep-alive
      Content-Length:
      - '130'
      Content-Type:
      - application/json; charset=utf-8
      ParameterSetName:
      - -g -n -l
      User-Agent:
      - python/3.7.4 (Windows-10-10.0.18362-SP0) msrest/0.6.9 msrest_azure/0.6.3 azure-mgmt-network/10.2.0
        Azure-SDK-For-Python AZURECLI/2.5.1
      accept-language:
      - en-US
    method: PUT
    uri: https://management.azure.com/subscriptions/00000000-0000-0000-0000-000000000000/resourceGroups/cli_subnet_delegation000001/providers/Microsoft.Network/virtualNetworks/vnet1?api-version=2020-04-01
  response:
    body:
      string: "{\r\n  \"name\": \"vnet1\",\r\n  \"id\": \"/subscriptions/00000000-0000-0000-0000-000000000000/resourceGroups/cli_subnet_delegation000001/providers/Microsoft.Network/virtualNetworks/vnet1\",\r\n
        \ \"etag\": \"W/\\\"18a69ff6-2d09-411d-906a-9192e5e7632e\\\"\",\r\n  \"type\":
        \"Microsoft.Network/virtualNetworks\",\r\n  \"location\": \"westcentralus\",\r\n
        \ \"tags\": {},\r\n  \"properties\": {\r\n    \"provisioningState\": \"Updating\",\r\n
        \   \"resourceGuid\": \"dfc87831-e3d5-4906-86b3-fff42a178eab\",\r\n    \"addressSpace\":
        {\r\n      \"addressPrefixes\": [\r\n        \"10.0.0.0/16\"\r\n      ]\r\n
        \   },\r\n    \"dhcpOptions\": {\r\n      \"dnsServers\": []\r\n    },\r\n
        \   \"subnets\": [],\r\n    \"virtualNetworkPeerings\": [],\r\n    \"enableDdosProtection\":
        false,\r\n    \"enableVmProtection\": false\r\n  }\r\n}"
    headers:
      azure-asyncoperation:
      - https://management.azure.com/subscriptions/00000000-0000-0000-0000-000000000000/providers/Microsoft.Network/locations/westcentralus/operations/9e5a2203-6c6b-4fd9-9f95-909364805a58?api-version=2020-04-01
      cache-control:
      - no-cache
      content-length:
      - '773'
      content-type:
      - application/json; charset=utf-8
      date:
      - Fri, 15 May 2020 17:51:26 GMT
      expires:
      - '-1'
      pragma:
      - no-cache
      server:
      - Microsoft-HTTPAPI/2.0
      - Microsoft-HTTPAPI/2.0
      strict-transport-security:
      - max-age=31536000; includeSubDomains
      x-content-type-options:
      - nosniff
      x-ms-arm-service-request-id:
      - aac3fbbe-4bad-4446-86b1-c09297de7733
      x-ms-ratelimit-remaining-subscription-writes:
      - '1194'
    status:
      code: 201
      message: Created
- request:
    body: null
    headers:
      Accept:
      - application/json
      Accept-Encoding:
      - gzip, deflate
      CommandName:
      - network vnet create
      Connection:
      - keep-alive
      ParameterSetName:
      - -g -n -l
      User-Agent:
      - python/3.7.4 (Windows-10-10.0.18362-SP0) msrest/0.6.9 msrest_azure/0.6.3 azure-mgmt-network/10.2.0
        Azure-SDK-For-Python AZURECLI/2.5.1
    method: GET
    uri: https://management.azure.com/subscriptions/00000000-0000-0000-0000-000000000000/providers/Microsoft.Network/locations/westcentralus/operations/9e5a2203-6c6b-4fd9-9f95-909364805a58?api-version=2020-04-01
  response:
    body:
      string: "{\r\n  \"status\": \"Succeeded\"\r\n}"
    headers:
      cache-control:
      - no-cache
      content-length:
      - '29'
      content-type:
      - application/json; charset=utf-8
      date:
      - Fri, 15 May 2020 17:51:30 GMT
      expires:
      - '-1'
      pragma:
      - no-cache
      server:
      - Microsoft-HTTPAPI/2.0
      - Microsoft-HTTPAPI/2.0
      strict-transport-security:
      - max-age=31536000; includeSubDomains
      transfer-encoding:
      - chunked
      vary:
      - Accept-Encoding
      x-content-type-options:
      - nosniff
      x-ms-arm-service-request-id:
      - 5dfde362-1e5b-412a-9310-fe14c5ddfa55
    status:
      code: 200
      message: OK
- request:
    body: null
    headers:
      Accept:
      - application/json
      Accept-Encoding:
      - gzip, deflate
      CommandName:
      - network vnet create
      Connection:
      - keep-alive
      ParameterSetName:
      - -g -n -l
      User-Agent:
      - python/3.7.4 (Windows-10-10.0.18362-SP0) msrest/0.6.9 msrest_azure/0.6.3 azure-mgmt-network/10.2.0
        Azure-SDK-For-Python AZURECLI/2.5.1
    method: GET
    uri: https://management.azure.com/subscriptions/00000000-0000-0000-0000-000000000000/resourceGroups/cli_subnet_delegation000001/providers/Microsoft.Network/virtualNetworks/vnet1?api-version=2020-04-01
  response:
    body:
      string: "{\r\n  \"name\": \"vnet1\",\r\n  \"id\": \"/subscriptions/00000000-0000-0000-0000-000000000000/resourceGroups/cli_subnet_delegation000001/providers/Microsoft.Network/virtualNetworks/vnet1\",\r\n
        \ \"etag\": \"W/\\\"0ac24143-6f6e-4451-ac91-05bcda26a048\\\"\",\r\n  \"type\":
        \"Microsoft.Network/virtualNetworks\",\r\n  \"location\": \"westcentralus\",\r\n
        \ \"tags\": {},\r\n  \"properties\": {\r\n    \"provisioningState\": \"Succeeded\",\r\n
        \   \"resourceGuid\": \"dfc87831-e3d5-4906-86b3-fff42a178eab\",\r\n    \"addressSpace\":
        {\r\n      \"addressPrefixes\": [\r\n        \"10.0.0.0/16\"\r\n      ]\r\n
        \   },\r\n    \"dhcpOptions\": {\r\n      \"dnsServers\": []\r\n    },\r\n
        \   \"subnets\": [],\r\n    \"virtualNetworkPeerings\": [],\r\n    \"enableDdosProtection\":
        false,\r\n    \"enableVmProtection\": false\r\n  }\r\n}"
    headers:
      cache-control:
      - no-cache
      content-length:
      - '774'
      content-type:
      - application/json; charset=utf-8
      date:
      - Fri, 15 May 2020 17:51:30 GMT
      etag:
      - W/"0ac24143-6f6e-4451-ac91-05bcda26a048"
      expires:
      - '-1'
      pragma:
      - no-cache
      server:
      - Microsoft-HTTPAPI/2.0
      - Microsoft-HTTPAPI/2.0
      strict-transport-security:
      - max-age=31536000; includeSubDomains
      transfer-encoding:
      - chunked
      vary:
      - Accept-Encoding
      x-content-type-options:
      - nosniff
      x-ms-arm-service-request-id:
      - 2eed9bd9-8efe-4f95-ab4a-242fe00d17c8
    status:
      code: 200
      message: OK
- request:
    body: null
    headers:
      Accept:
      - application/json
      Accept-Encoding:
      - gzip, deflate
      CommandName:
      - network vnet subnet create
      Connection:
      - keep-alive
      ParameterSetName:
      - -g --vnet-name -n --address-prefix --delegations
      User-Agent:
      - python/3.7.4 (Windows-10-10.0.18362-SP0) msrest/0.6.9 msrest_azure/0.6.3 azure-mgmt-network/10.2.0
        Azure-SDK-For-Python AZURECLI/2.5.1
      accept-language:
      - en-US
    method: GET
    uri: https://management.azure.com/subscriptions/00000000-0000-0000-0000-000000000000/resourceGroups/cli_subnet_delegation000001/providers/Microsoft.Network/virtualNetworks/vnet1?api-version=2020-04-01
  response:
    body:
      string: "{\r\n  \"name\": \"vnet1\",\r\n  \"id\": \"/subscriptions/00000000-0000-0000-0000-000000000000/resourceGroups/cli_subnet_delegation000001/providers/Microsoft.Network/virtualNetworks/vnet1\",\r\n
        \ \"etag\": \"W/\\\"0ac24143-6f6e-4451-ac91-05bcda26a048\\\"\",\r\n  \"type\":
        \"Microsoft.Network/virtualNetworks\",\r\n  \"location\": \"westcentralus\",\r\n
        \ \"tags\": {},\r\n  \"properties\": {\r\n    \"provisioningState\": \"Succeeded\",\r\n
        \   \"resourceGuid\": \"dfc87831-e3d5-4906-86b3-fff42a178eab\",\r\n    \"addressSpace\":
        {\r\n      \"addressPrefixes\": [\r\n        \"10.0.0.0/16\"\r\n      ]\r\n
        \   },\r\n    \"dhcpOptions\": {\r\n      \"dnsServers\": []\r\n    },\r\n
        \   \"subnets\": [],\r\n    \"virtualNetworkPeerings\": [],\r\n    \"enableDdosProtection\":
        false,\r\n    \"enableVmProtection\": false\r\n  }\r\n}"
    headers:
      cache-control:
      - no-cache
      content-length:
      - '774'
      content-type:
      - application/json; charset=utf-8
      date:
      - Fri, 15 May 2020 17:51:31 GMT
      etag:
      - W/"0ac24143-6f6e-4451-ac91-05bcda26a048"
      expires:
      - '-1'
      pragma:
      - no-cache
      server:
      - Microsoft-HTTPAPI/2.0
      - Microsoft-HTTPAPI/2.0
      strict-transport-security:
      - max-age=31536000; includeSubDomains
      transfer-encoding:
      - chunked
      vary:
      - Accept-Encoding
      x-content-type-options:
      - nosniff
      x-ms-arm-service-request-id:
      - c8c65f82-e6fd-4ade-b037-4b03ae71468c
    status:
      code: 200
      message: OK
- request:
    body: 'b''{"id": "/subscriptions/00000000-0000-0000-0000-000000000000/resourceGroups/cli_subnet_delegation000001/providers/Microsoft.Network/virtualNetworks/vnet1",
      "location": "westcentralus", "tags": {}, "properties": {"addressSpace": {"addressPrefixes":
      ["10.0.0.0/16"]}, "dhcpOptions": {"dnsServers": []}, "subnets": [{"properties":
      {"addressPrefix": "10.0.0.0/24", "delegations": [{"properties": {"serviceName":
      "Microsoft.Web/serverFarms"}, "name": "0"}]}, "name": "subnet1"}], "virtualNetworkPeerings":
      [], "enableDdosProtection": false, "enableVmProtection": false}}'''
    headers:
      Accept:
      - application/json
      Accept-Encoding:
      - gzip, deflate
      CommandName:
      - network vnet subnet create
      Connection:
      - keep-alive
      Content-Length:
      - '612'
      Content-Type:
      - application/json; charset=utf-8
      ParameterSetName:
      - -g --vnet-name -n --address-prefix --delegations
      User-Agent:
      - python/3.7.4 (Windows-10-10.0.18362-SP0) msrest/0.6.9 msrest_azure/0.6.3 azure-mgmt-network/10.2.0
        Azure-SDK-For-Python AZURECLI/2.5.1
      accept-language:
      - en-US
    method: PUT
    uri: https://management.azure.com/subscriptions/00000000-0000-0000-0000-000000000000/resourceGroups/cli_subnet_delegation000001/providers/Microsoft.Network/virtualNetworks/vnet1?api-version=2020-04-01
  response:
    body:
      string: "{\r\n  \"name\": \"vnet1\",\r\n  \"id\": \"/subscriptions/00000000-0000-0000-0000-000000000000/resourceGroups/cli_subnet_delegation000001/providers/Microsoft.Network/virtualNetworks/vnet1\",\r\n
        \ \"etag\": \"W/\\\"741b73fb-4ac2-46cc-a52a-e92900ee1b45\\\"\",\r\n  \"type\":
        \"Microsoft.Network/virtualNetworks\",\r\n  \"location\": \"westcentralus\",\r\n
        \ \"tags\": {},\r\n  \"properties\": {\r\n    \"provisioningState\": \"Updating\",\r\n
        \   \"resourceGuid\": \"dfc87831-e3d5-4906-86b3-fff42a178eab\",\r\n    \"addressSpace\":
        {\r\n      \"addressPrefixes\": [\r\n        \"10.0.0.0/16\"\r\n      ]\r\n
        \   },\r\n    \"dhcpOptions\": {\r\n      \"dnsServers\": []\r\n    },\r\n
        \   \"subnets\": [\r\n      {\r\n        \"name\": \"subnet1\",\r\n        \"id\":
        \"/subscriptions/00000000-0000-0000-0000-000000000000/resourceGroups/cli_subnet_delegation000001/providers/Microsoft.Network/virtualNetworks/vnet1/subnets/subnet1\",\r\n
        \       \"etag\": \"W/\\\"741b73fb-4ac2-46cc-a52a-e92900ee1b45\\\"\",\r\n
        \       \"properties\": {\r\n          \"provisioningState\": \"Updating\",\r\n
        \         \"addressPrefix\": \"10.0.0.0/24\",\r\n          \"delegations\":
        [\r\n            {\r\n              \"name\": \"0\",\r\n              \"id\":
        \"/subscriptions/00000000-0000-0000-0000-000000000000/resourceGroups/cli_subnet_delegation000001/providers/Microsoft.Network/virtualNetworks/vnet1/subnets/subnet1/delegations/0\",\r\n
        \             \"etag\": \"W/\\\"741b73fb-4ac2-46cc-a52a-e92900ee1b45\\\"\",\r\n
        \             \"properties\": {\r\n                \"provisioningState\":
        \"Succeeded\",\r\n                \"serviceName\": \"Microsoft.Web/serverFarms\",\r\n
        \               \"actions\": [\r\n                  \"Microsoft.Network/virtualNetworks/subnets/action\"\r\n
        \               ]\r\n              },\r\n              \"type\": \"Microsoft.Network/virtualNetworks/subnets/delegations\"\r\n
        \           }\r\n          ],\r\n          \"privateEndpointNetworkPolicies\":
        \"Enabled\",\r\n          \"privateLinkServiceNetworkPolicies\": \"Enabled\"\r\n
        \       },\r\n        \"type\": \"Microsoft.Network/virtualNetworks/subnets\"\r\n
        \     }\r\n    ],\r\n    \"virtualNetworkPeerings\": [],\r\n    \"enableDdosProtection\":
        false,\r\n    \"enableVmProtection\": false\r\n  }\r\n}"
    headers:
      azure-asyncoperation:
      - https://management.azure.com/subscriptions/00000000-0000-0000-0000-000000000000/providers/Microsoft.Network/locations/westcentralus/operations/4321e24f-2482-446b-8c81-1e2293808150?api-version=2020-04-01
      cache-control:
      - no-cache
      content-length:
      - '2189'
      content-type:
      - application/json; charset=utf-8
      date:
      - Fri, 15 May 2020 17:51:32 GMT
      expires:
      - '-1'
      pragma:
      - no-cache
      server:
      - Microsoft-HTTPAPI/2.0
      - Microsoft-HTTPAPI/2.0
      strict-transport-security:
      - max-age=31536000; includeSubDomains
      transfer-encoding:
      - chunked
      vary:
      - Accept-Encoding
      x-content-type-options:
      - nosniff
      x-ms-arm-service-request-id:
      - e5e00b31-5928-4d4a-a941-04c8c7575053
      x-ms-ratelimit-remaining-subscription-writes:
      - '1189'
    status:
      code: 200
      message: OK
- request:
    body: null
    headers:
      Accept:
      - application/json
      Accept-Encoding:
      - gzip, deflate
      CommandName:
      - network vnet subnet create
      Connection:
      - keep-alive
      ParameterSetName:
      - -g --vnet-name -n --address-prefix --delegations
      User-Agent:
      - python/3.7.4 (Windows-10-10.0.18362-SP0) msrest/0.6.9 msrest_azure/0.6.3 azure-mgmt-network/10.2.0
        Azure-SDK-For-Python AZURECLI/2.5.1
    method: GET
    uri: https://management.azure.com/subscriptions/00000000-0000-0000-0000-000000000000/providers/Microsoft.Network/locations/westcentralus/operations/4321e24f-2482-446b-8c81-1e2293808150?api-version=2020-04-01
  response:
    body:
      string: "{\r\n  \"status\": \"Succeeded\"\r\n}"
    headers:
      cache-control:
      - no-cache
      content-length:
      - '29'
      content-type:
      - application/json; charset=utf-8
      date:
      - Fri, 15 May 2020 17:51:37 GMT
      expires:
      - '-1'
      pragma:
      - no-cache
      server:
      - Microsoft-HTTPAPI/2.0
      - Microsoft-HTTPAPI/2.0
      strict-transport-security:
      - max-age=31536000; includeSubDomains
      transfer-encoding:
      - chunked
      vary:
      - Accept-Encoding
      x-content-type-options:
      - nosniff
      x-ms-arm-service-request-id:
      - 31d7f90f-b9c3-4bc3-9dfa-488f0a0f5c9a
    status:
      code: 200
      message: OK
- request:
    body: null
    headers:
      Accept:
      - application/json
      Accept-Encoding:
      - gzip, deflate
      CommandName:
      - network vnet subnet create
      Connection:
      - keep-alive
      ParameterSetName:
      - -g --vnet-name -n --address-prefix --delegations
      User-Agent:
      - python/3.7.4 (Windows-10-10.0.18362-SP0) msrest/0.6.9 msrest_azure/0.6.3 azure-mgmt-network/10.2.0
        Azure-SDK-For-Python AZURECLI/2.5.1
    method: GET
    uri: https://management.azure.com/subscriptions/00000000-0000-0000-0000-000000000000/resourceGroups/cli_subnet_delegation000001/providers/Microsoft.Network/virtualNetworks/vnet1?api-version=2020-04-01
  response:
    body:
      string: "{\r\n  \"name\": \"vnet1\",\r\n  \"id\": \"/subscriptions/00000000-0000-0000-0000-000000000000/resourceGroups/cli_subnet_delegation000001/providers/Microsoft.Network/virtualNetworks/vnet1\",\r\n
        \ \"etag\": \"W/\\\"8d2f08d3-b65a-44d9-a81f-973a8c494a81\\\"\",\r\n  \"type\":
        \"Microsoft.Network/virtualNetworks\",\r\n  \"location\": \"westcentralus\",\r\n
        \ \"tags\": {},\r\n  \"properties\": {\r\n    \"provisioningState\": \"Succeeded\",\r\n
        \   \"resourceGuid\": \"dfc87831-e3d5-4906-86b3-fff42a178eab\",\r\n    \"addressSpace\":
        {\r\n      \"addressPrefixes\": [\r\n        \"10.0.0.0/16\"\r\n      ]\r\n
        \   },\r\n    \"dhcpOptions\": {\r\n      \"dnsServers\": []\r\n    },\r\n
        \   \"subnets\": [\r\n      {\r\n        \"name\": \"subnet1\",\r\n        \"id\":
        \"/subscriptions/00000000-0000-0000-0000-000000000000/resourceGroups/cli_subnet_delegation000001/providers/Microsoft.Network/virtualNetworks/vnet1/subnets/subnet1\",\r\n
        \       \"etag\": \"W/\\\"8d2f08d3-b65a-44d9-a81f-973a8c494a81\\\"\",\r\n
        \       \"properties\": {\r\n          \"provisioningState\": \"Succeeded\",\r\n
        \         \"addressPrefix\": \"10.0.0.0/24\",\r\n          \"delegations\":
        [\r\n            {\r\n              \"name\": \"0\",\r\n              \"id\":
        \"/subscriptions/00000000-0000-0000-0000-000000000000/resourceGroups/cli_subnet_delegation000001/providers/Microsoft.Network/virtualNetworks/vnet1/subnets/subnet1/delegations/0\",\r\n
        \             \"etag\": \"W/\\\"8d2f08d3-b65a-44d9-a81f-973a8c494a81\\\"\",\r\n
        \             \"properties\": {\r\n                \"provisioningState\":
        \"Succeeded\",\r\n                \"serviceName\": \"Microsoft.Web/serverFarms\",\r\n
        \               \"actions\": [\r\n                  \"Microsoft.Network/virtualNetworks/subnets/action\"\r\n
        \               ]\r\n              },\r\n              \"type\": \"Microsoft.Network/virtualNetworks/subnets/delegations\"\r\n
        \           }\r\n          ],\r\n          \"privateEndpointNetworkPolicies\":
        \"Enabled\",\r\n          \"privateLinkServiceNetworkPolicies\": \"Enabled\"\r\n
        \       },\r\n        \"type\": \"Microsoft.Network/virtualNetworks/subnets\"\r\n
        \     }\r\n    ],\r\n    \"virtualNetworkPeerings\": [],\r\n    \"enableDdosProtection\":
        false,\r\n    \"enableVmProtection\": false\r\n  }\r\n}"
    headers:
      cache-control:
      - no-cache
      content-length:
      - '2191'
      content-type:
      - application/json; charset=utf-8
      date:
      - Fri, 15 May 2020 17:53:59 GMT
      etag:
      - W/"8d2f08d3-b65a-44d9-a81f-973a8c494a81"
      expires:
      - '-1'
      pragma:
      - no-cache
      server:
      - Microsoft-HTTPAPI/2.0
      - Microsoft-HTTPAPI/2.0
      strict-transport-security:
      - max-age=31536000; includeSubDomains
      transfer-encoding:
      - chunked
      vary:
      - Accept-Encoding
      x-content-type-options:
      - nosniff
      x-ms-arm-service-request-id:
      - 8efc116b-472f-4a8d-81a6-d879cdce4437
    status:
      code: 200
      message: OK
- request:
    body: null
    headers:
      Accept:
      - application/json
      Accept-Encoding:
      - gzip, deflate
      CommandName:
      - network vnet subnet update
      Connection:
      - keep-alive
      ParameterSetName:
      - -g --vnet-name -n --delegations
      User-Agent:
      - python/3.7.4 (Windows-10-10.0.18362-SP0) msrest/0.6.9 msrest_azure/0.6.3 azure-mgmt-network/10.2.0
        Azure-SDK-For-Python AZURECLI/2.5.1
      accept-language:
      - en-US
    method: GET
    uri: https://management.azure.com/subscriptions/00000000-0000-0000-0000-000000000000/resourceGroups/cli_subnet_delegation000001/providers/Microsoft.Network/virtualNetworks/vnet1/subnets/subnet1?api-version=2020-04-01
  response:
    body:
      string: "{\r\n  \"name\": \"subnet1\",\r\n  \"id\": \"/subscriptions/00000000-0000-0000-0000-000000000000/resourceGroups/cli_subnet_delegation000001/providers/Microsoft.Network/virtualNetworks/vnet1/subnets/subnet1\",\r\n
        \ \"etag\": \"W/\\\"8d2f08d3-b65a-44d9-a81f-973a8c494a81\\\"\",\r\n  \"properties\":
        {\r\n    \"provisioningState\": \"Succeeded\",\r\n    \"addressPrefix\": \"10.0.0.0/24\",\r\n
        \   \"delegations\": [\r\n      {\r\n        \"name\": \"0\",\r\n        \"id\":
        \"/subscriptions/00000000-0000-0000-0000-000000000000/resourceGroups/cli_subnet_delegation000001/providers/Microsoft.Network/virtualNetworks/vnet1/subnets/subnet1/delegations/0\",\r\n
        \       \"etag\": \"W/\\\"8d2f08d3-b65a-44d9-a81f-973a8c494a81\\\"\",\r\n
        \       \"properties\": {\r\n          \"provisioningState\": \"Succeeded\",\r\n
        \         \"serviceName\": \"Microsoft.Web/serverFarms\",\r\n          \"actions\":
        [\r\n            \"Microsoft.Network/virtualNetworks/subnets/action\"\r\n
        \         ]\r\n        },\r\n        \"type\": \"Microsoft.Network/virtualNetworks/subnets/delegations\"\r\n
        \     }\r\n    ],\r\n    \"privateEndpointNetworkPolicies\": \"Enabled\",\r\n
        \   \"privateLinkServiceNetworkPolicies\": \"Enabled\"\r\n  },\r\n  \"type\":
        \"Microsoft.Network/virtualNetworks/subnets\"\r\n}"
    headers:
      cache-control:
      - no-cache
      content-length:
      - '1247'
      content-type:
      - application/json; charset=utf-8
      date:
      - Fri, 15 May 2020 17:54:00 GMT
      etag:
      - W/"8d2f08d3-b65a-44d9-a81f-973a8c494a81"
      expires:
      - '-1'
      pragma:
      - no-cache
      server:
      - Microsoft-HTTPAPI/2.0
      - Microsoft-HTTPAPI/2.0
      strict-transport-security:
      - max-age=31536000; includeSubDomains
      transfer-encoding:
      - chunked
      vary:
      - Accept-Encoding
      x-content-type-options:
      - nosniff
      x-ms-arm-service-request-id:
      - 31cc0787-79bc-4497-aed6-a9bd52e4d608
    status:
      code: 200
      message: OK
- request:
    body: 'b''{"id": "/subscriptions/00000000-0000-0000-0000-000000000000/resourceGroups/cli_subnet_delegation000001/providers/Microsoft.Network/virtualNetworks/vnet1/subnets/subnet1",
      "properties": {"addressPrefix": "10.0.0.0/24", "delegations": [{"properties":
      {"serviceName": "Microsoft.Sql/managedInstances"}, "name": "0"}], "privateEndpointNetworkPolicies":
      "Enabled", "privateLinkServiceNetworkPolicies": "Enabled"}, "name": "subnet1"}'''
    headers:
      Accept:
      - application/json
      Accept-Encoding:
      - gzip, deflate
      CommandName:
      - network vnet subnet update
      Connection:
      - keep-alive
      Content-Length:
      - '475'
      Content-Type:
      - application/json; charset=utf-8
      ParameterSetName:
      - -g --vnet-name -n --delegations
      User-Agent:
      - python/3.7.4 (Windows-10-10.0.18362-SP0) msrest/0.6.9 msrest_azure/0.6.3 azure-mgmt-network/10.2.0
        Azure-SDK-For-Python AZURECLI/2.5.1
      accept-language:
      - en-US
    method: PUT
    uri: https://management.azure.com/subscriptions/00000000-0000-0000-0000-000000000000/resourceGroups/cli_subnet_delegation000001/providers/Microsoft.Network/virtualNetworks/vnet1/subnets/subnet1?api-version=2020-04-01
  response:
    body:
      string: "{\r\n  \"name\": \"subnet1\",\r\n  \"id\": \"/subscriptions/00000000-0000-0000-0000-000000000000/resourceGroups/cli_subnet_delegation000001/providers/Microsoft.Network/virtualNetworks/vnet1/subnets/subnet1\",\r\n
        \ \"etag\": \"W/\\\"0e40777d-0dbe-4d02-8db4-e572e75f2c94\\\"\",\r\n  \"properties\":
        {\r\n    \"provisioningState\": \"Updating\",\r\n    \"addressPrefix\": \"10.0.0.0/24\",\r\n
        \   \"delegations\": [\r\n      {\r\n        \"name\": \"0\",\r\n        \"id\":
        \"/subscriptions/00000000-0000-0000-0000-000000000000/resourceGroups/cli_subnet_delegation000001/providers/Microsoft.Network/virtualNetworks/vnet1/subnets/subnet1/delegations/0\",\r\n
        \       \"etag\": \"W/\\\"0e40777d-0dbe-4d02-8db4-e572e75f2c94\\\"\",\r\n
        \       \"properties\": {\r\n          \"provisioningState\": \"Succeeded\",\r\n
        \         \"serviceName\": \"Microsoft.Sql/managedInstances\",\r\n          \"actions\":
        [\r\n            \"Microsoft.Network/virtualNetworks/subnets/join/action\",\r\n
        \           \"Microsoft.Network/virtualNetworks/subnets/prepareNetworkPolicies/action\",\r\n
        \           \"Microsoft.Network/virtualNetworks/subnets/unprepareNetworkPolicies/action\"\r\n
        \         ]\r\n        },\r\n        \"type\": \"Microsoft.Network/virtualNetworks/subnets/delegations\"\r\n
        \     }\r\n    ],\r\n    \"privateEndpointNetworkPolicies\": \"Enabled\",\r\n
        \   \"privateLinkServiceNetworkPolicies\": \"Enabled\"\r\n  },\r\n  \"type\":
        \"Microsoft.Network/virtualNetworks/subnets\"\r\n}"
    headers:
      azure-asyncoperation:
      - https://management.azure.com/subscriptions/00000000-0000-0000-0000-000000000000/providers/Microsoft.Network/locations/westcentralus/operations/15901e66-51df-4b46-a2aa-9314476eb014?api-version=2020-04-01
      cache-control:
      - no-cache
      content-length:
      - '1434'
      content-type:
      - application/json; charset=utf-8
      date:
      - Fri, 15 May 2020 17:54:01 GMT
      expires:
      - '-1'
      pragma:
      - no-cache
      server:
      - Microsoft-HTTPAPI/2.0
      - Microsoft-HTTPAPI/2.0
      strict-transport-security:
      - max-age=31536000; includeSubDomains
      transfer-encoding:
      - chunked
      vary:
      - Accept-Encoding
      x-content-type-options:
      - nosniff
      x-ms-arm-service-request-id:
      - e9377046-0c7e-407a-b562-5cc43f6f008d
      x-ms-ratelimit-remaining-subscription-writes:
      - '1194'
    status:
      code: 200
      message: OK
- request:
    body: null
    headers:
      Accept:
      - application/json
      Accept-Encoding:
      - gzip, deflate
      CommandName:
      - network vnet subnet update
      Connection:
      - keep-alive
      ParameterSetName:
      - -g --vnet-name -n --delegations
      User-Agent:
      - python/3.7.4 (Windows-10-10.0.18362-SP0) msrest/0.6.9 msrest_azure/0.6.3 azure-mgmt-network/10.2.0
        Azure-SDK-For-Python AZURECLI/2.5.1
    method: GET
    uri: https://management.azure.com/subscriptions/00000000-0000-0000-0000-000000000000/providers/Microsoft.Network/locations/westcentralus/operations/15901e66-51df-4b46-a2aa-9314476eb014?api-version=2020-04-01
  response:
    body:
      string: "{\r\n  \"status\": \"Succeeded\"\r\n}"
    headers:
      cache-control:
      - no-cache
      content-length:
      - '29'
      content-type:
      - application/json; charset=utf-8
      date:
      - Fri, 15 May 2020 17:54:05 GMT
      expires:
      - '-1'
      pragma:
      - no-cache
      server:
      - Microsoft-HTTPAPI/2.0
      - Microsoft-HTTPAPI/2.0
      strict-transport-security:
      - max-age=31536000; includeSubDomains
      transfer-encoding:
      - chunked
      vary:
      - Accept-Encoding
      x-content-type-options:
      - nosniff
      x-ms-arm-service-request-id:
      - 04495435-d8cf-4b74-8ef0-e65b2bc6f72f
    status:
      code: 200
      message: OK
- request:
    body: null
    headers:
      Accept:
      - application/json
      Accept-Encoding:
      - gzip, deflate
      CommandName:
      - network vnet subnet update
      Connection:
      - keep-alive
      ParameterSetName:
      - -g --vnet-name -n --delegations
      User-Agent:
      - python/3.7.4 (Windows-10-10.0.18362-SP0) msrest/0.6.9 msrest_azure/0.6.3 azure-mgmt-network/10.2.0
        Azure-SDK-For-Python AZURECLI/2.5.1
    method: GET
    uri: https://management.azure.com/subscriptions/00000000-0000-0000-0000-000000000000/resourceGroups/cli_subnet_delegation000001/providers/Microsoft.Network/virtualNetworks/vnet1/subnets/subnet1?api-version=2020-04-01
  response:
    body:
      string: "{\r\n  \"name\": \"subnet1\",\r\n  \"id\": \"/subscriptions/00000000-0000-0000-0000-000000000000/resourceGroups/cli_subnet_delegation000001/providers/Microsoft.Network/virtualNetworks/vnet1/subnets/subnet1\",\r\n
        \ \"etag\": \"W/\\\"765dfcdb-a89c-4033-b143-3b5ecffbd1b2\\\"\",\r\n  \"properties\":
        {\r\n    \"provisioningState\": \"Succeeded\",\r\n    \"addressPrefix\": \"10.0.0.0/24\",\r\n
        \   \"delegations\": [\r\n      {\r\n        \"name\": \"0\",\r\n        \"id\":
        \"/subscriptions/00000000-0000-0000-0000-000000000000/resourceGroups/cli_subnet_delegation000001/providers/Microsoft.Network/virtualNetworks/vnet1/subnets/subnet1/delegations/0\",\r\n
        \       \"etag\": \"W/\\\"765dfcdb-a89c-4033-b143-3b5ecffbd1b2\\\"\",\r\n
        \       \"properties\": {\r\n          \"provisioningState\": \"Succeeded\",\r\n
        \         \"serviceName\": \"Microsoft.Sql/managedInstances\",\r\n          \"actions\":
        [\r\n            \"Microsoft.Network/virtualNetworks/subnets/join/action\",\r\n
        \           \"Microsoft.Network/virtualNetworks/subnets/prepareNetworkPolicies/action\",\r\n
        \           \"Microsoft.Network/virtualNetworks/subnets/unprepareNetworkPolicies/action\"\r\n
        \         ]\r\n        },\r\n        \"type\": \"Microsoft.Network/virtualNetworks/subnets/delegations\"\r\n
        \     }\r\n    ],\r\n    \"privateEndpointNetworkPolicies\": \"Enabled\",\r\n
        \   \"privateLinkServiceNetworkPolicies\": \"Enabled\"\r\n  },\r\n  \"type\":
        \"Microsoft.Network/virtualNetworks/subnets\"\r\n}"
    headers:
      cache-control:
      - no-cache
      content-length:
      - '1435'
      content-type:
      - application/json; charset=utf-8
      date:
      - Fri, 15 May 2020 17:54:06 GMT
      etag:
      - W/"765dfcdb-a89c-4033-b143-3b5ecffbd1b2"
      expires:
      - '-1'
      pragma:
      - no-cache
      server:
      - Microsoft-HTTPAPI/2.0
      - Microsoft-HTTPAPI/2.0
      strict-transport-security:
      - max-age=31536000; includeSubDomains
      transfer-encoding:
      - chunked
      vary:
      - Accept-Encoding
      x-content-type-options:
      - nosniff
      x-ms-arm-service-request-id:
      - 9be5e3e6-0b09-4aa6-be7d-bfb0c6b6614a
    status:
      code: 200
      message: OK
version: 1
