interactions:
- request:
    body: '{"location": "global", "properties": {"zoneType": "Public"}}'
    headers:
      Accept:
      - application/json
      Accept-Encoding:
      - gzip, deflate
      CommandName:
      - network dns zone create
      Connection:
      - keep-alive
      Content-Length:
      - '60'
      Content-Type:
      - application/json; charset=utf-8
      ParameterSetName:
      - -g -n
      User-Agent:
      - python/3.7.4 (Windows-10-10.0.18362-SP0) msrest/0.6.9 msrest_azure/0.6.2 azure-mgmt-dns/2.1.0
        Azure-SDK-For-Python AZURECLI/2.2.0
      accept-language:
      - en-US
    method: PUT
    uri: https://management.azure.com/subscriptions/00000000-0000-0000-0000-000000000000/resourceGroups/cli_test_dns_alias000001/providers/Microsoft.Network/dnsZones/mytestzone1.com?api-version=2018-05-01
  response:
    body:
      string: '{"id":"\/subscriptions\/0b1f6471-1bf0-4dda-aec3-cb9272f09590\/resourceGroups\/cli_test_dns_alias000001\/providers\/Microsoft.Network\/dnszones\/mytestzone1.com","name":"mytestzone1.com","type":"Microsoft.Network\/dnszones","etag":"00000002-0000-0000-a91f-53e67d02d601","location":"global","tags":{},"properties":{"maxNumberOfRecordSets":10000,"maxNumberOfRecordsPerRecordSet":null,"nameServers":["ns1-06.azure-dns.com.","ns2-06.azure-dns.net.","ns3-06.azure-dns.org.","ns4-06.azure-dns.info."],"numberOfRecordSets":2,"zoneType":"Public"}}'
    headers:
      cache-control:
      - private
      content-length:
      - '589'
      content-type:
      - application/json; charset=utf-8
      date:
      - Wed, 25 Mar 2020 08:18:02 GMT
      etag:
      - 00000002-0000-0000-a91f-53e67d02d601
      server:
      - Microsoft-IIS/10.0
      strict-transport-security:
      - max-age=31536000; includeSubDomains
      x-content-type-options:
      - nosniff
      x-ms-ratelimit-remaining-subscription-resource-requests:
      - '11996'
      x-powered-by:
      - ASP.NET
    status:
      code: 201
      message: Created
- request:
    body: '{"location": "global", "properties": {"profileStatus": "Enabled", "trafficRoutingMethod":
      "Geographic", "dnsConfig": {"relativeName": "mytesttrafficmanager12", "ttl":
      30}, "monitorConfig": {"protocol": "HTTP", "port": 80, "path": "/"}}}'
    headers:
      Accept:
      - application/json
      Accept-Encoding:
      - gzip, deflate
      CommandName:
      - network traffic-manager profile create
      Connection:
      - keep-alive
      Content-Length:
      - '236'
      Content-Type:
      - application/json; charset=utf-8
      ParameterSetName:
      - -g -n --unique-dns-name --routing-method
      User-Agent:
      - python/3.7.4 (Windows-10-10.0.18362-SP0) msrest/0.6.9 msrest_azure/0.6.2 azure-mgmt-trafficmanager/0.51.0
        Azure-SDK-For-Python AZURECLI/2.2.0
      accept-language:
      - en-US
    method: PUT
    uri: https://management.azure.com/subscriptions/00000000-0000-0000-0000-000000000000/resourceGroups/cli_test_dns_alias000001/providers/Microsoft.Network/trafficmanagerprofiles/tm1?api-version=2018-04-01
  response:
    body:
      string: '{"id":"\/subscriptions\/0b1f6471-1bf0-4dda-aec3-cb9272f09590\/resourceGroups\/cli_test_dns_alias000001\/providers\/Microsoft.Network\/trafficManagerProfiles\/tm1","name":"tm1","type":"Microsoft.Network\/trafficManagerProfiles","location":"global","properties":{"profileStatus":"Enabled","trafficRoutingMethod":"Geographic","dnsConfig":{"relativeName":"mytesttrafficmanager12","fqdn":"mytesttrafficmanager12.trafficmanager.net","ttl":30},"monitorConfig":{"profileMonitorStatus":"Inactive","protocol":"HTTP","port":80,"path":"\/","intervalInSeconds":30,"toleratedNumberOfFailures":3,"timeoutInSeconds":10},"endpoints":[],"trafficViewEnrollmentStatus":"Disabled"}}'
    headers:
      cache-control:
      - private
      content-length:
      - '712'
      content-type:
      - application/json; charset=utf-8
      date:
      - Wed, 25 Mar 2020 08:18:09 GMT
      server:
      - Microsoft-IIS/10.0
      strict-transport-security:
      - max-age=31536000; includeSubDomains
      x-aspnet-version:
      - 4.0.30319
      x-content-type-options:
      - nosniff
      x-ms-ratelimit-remaining-subscription-resource-requests:
      - '10799'
      x-powered-by:
      - ASP.NET
    status:
      code: 201
      message: Created
- request:
    body: 'b''{"properties": {"TTL": 3600, "targetResource": {"id": "/subscriptions/00000000-0000-0000-0000-000000000000/resourceGroups/cli_test_dns_alias000001/providers/Microsoft.Network/trafficManagerProfiles/tm1"}}}'''
    headers:
      Accept:
      - application/json
      Accept-Encoding:
      - gzip, deflate
      CommandName:
      - network dns record-set a create
      Connection:
      - keep-alive
      Content-Length:
      - '256'
      Content-Type:
      - application/json; charset=utf-8
      ParameterSetName:
      - -g -z -n --target-resource
      User-Agent:
      - python/3.7.4 (Windows-10-10.0.18362-SP0) msrest/0.6.9 msrest_azure/0.6.2 azure-mgmt-dns/2.1.0
        Azure-SDK-For-Python AZURECLI/2.2.0
      accept-language:
      - en-US
    method: PUT
    uri: https://management.azure.com/subscriptions/00000000-0000-0000-0000-000000000000/resourceGroups/cli_test_dns_alias000001/providers/Microsoft.Network/dnsZones/mytestzone1.com/A/a1?api-version=2018-05-01
  response:
    body:
      string: '{"id":"\/subscriptions\/0b1f6471-1bf0-4dda-aec3-cb9272f09590\/resourceGroups\/cli_test_dns_alias000001\/providers\/Microsoft.Network\/dnszones\/mytestzone1.com\/A\/a1","name":"a1","type":"Microsoft.Network\/dnszones\/A","etag":"a2f65387-b783-4b37-bed5-71f27bfbbe96","properties":{"fqdn":"a1.mytestzone1.com.","TTL":30,"targetResource":{"id":"\/subscriptions\/0b1f6471-1bf0-4dda-aec3-cb9272f09590\/resourceGroups\/cli_test_dns_alias000001\/providers\/Microsoft.Network\/trafficManagerProfiles\/tm1"},"provisioningState":"Succeeded"}}'
    headers:
      cache-control:
      - private
      content-length:
      - '634'
      content-type:
      - application/json; charset=utf-8
      date:
      - Wed, 25 Mar 2020 08:18:20 GMT
      etag:
      - a2f65387-b783-4b37-bed5-71f27bfbbe96
      server:
      - Microsoft-IIS/10.0
      strict-transport-security:
      - max-age=31536000; includeSubDomains
      x-content-type-options:
      - nosniff
      x-ms-ratelimit-remaining-subscription-resource-requests:
      - '11993'
      x-powered-by:
      - ASP.NET
    status:
      code: 201
      message: Created
- request:
    body: null
    headers:
      Accept:
      - application/json
      Accept-Encoding:
      - gzip, deflate
      CommandName:
      - network dns record-set a update
      Connection:
      - keep-alive
      ParameterSetName:
      - -g -z -n --target-resource
      User-Agent:
      - python/3.7.4 (Windows-10-10.0.18362-SP0) msrest/0.6.9 msrest_azure/0.6.2 azure-mgmt-dns/2.1.0
        Azure-SDK-For-Python AZURECLI/2.2.0
      accept-language:
      - en-US
    method: GET
    uri: https://management.azure.com/subscriptions/00000000-0000-0000-0000-000000000000/resourceGroups/cli_test_dns_alias000001/providers/Microsoft.Network/dnsZones/mytestzone1.com/A/a1?api-version=2018-05-01
  response:
    body:
      string: '{"id":"\/subscriptions\/0b1f6471-1bf0-4dda-aec3-cb9272f09590\/resourceGroups\/cli_test_dns_alias000001\/providers\/Microsoft.Network\/dnszones\/mytestzone1.com\/A\/a1","name":"a1","type":"Microsoft.Network\/dnszones\/A","etag":"a2f65387-b783-4b37-bed5-71f27bfbbe96","properties":{"fqdn":"a1.mytestzone1.com.","TTL":30,"targetResource":{"id":"\/subscriptions\/0b1f6471-1bf0-4dda-aec3-cb9272f09590\/resourceGroups\/cli_test_dns_alias000001\/providers\/Microsoft.Network\/trafficManagerProfiles\/tm1"},"provisioningState":"Succeeded"}}'
    headers:
      cache-control:
      - private
      content-length:
      - '634'
      content-type:
      - application/json; charset=utf-8
      date:
      - Wed, 25 Mar 2020 08:18:21 GMT
      etag:
      - a2f65387-b783-4b37-bed5-71f27bfbbe96
      server:
      - Microsoft-IIS/10.0
      strict-transport-security:
      - max-age=31536000; includeSubDomains
      transfer-encoding:
      - chunked
      vary:
      - Accept-Encoding
      x-content-type-options:
      - nosniff
      x-ms-ratelimit-remaining-subscription-resource-requests:
      - '499'
      x-powered-by:
      - ASP.NET
    status:
      code: 200
      message: OK
- request:
    body: '{"etag": "a2f65387-b783-4b37-bed5-71f27bfbbe96", "properties": {"TTL":
      30}}'
    headers:
      Accept:
      - application/json
      Accept-Encoding:
      - gzip, deflate
      CommandName:
      - network dns record-set a update
      Connection:
      - keep-alive
      Content-Length:
      - '75'
      Content-Type:
      - application/json; charset=utf-8
      ParameterSetName:
      - -g -z -n --target-resource
      User-Agent:
      - python/3.7.4 (Windows-10-10.0.18362-SP0) msrest/0.6.9 msrest_azure/0.6.2 azure-mgmt-dns/2.1.0
        Azure-SDK-For-Python AZURECLI/2.2.0
      accept-language:
      - en-US
    method: PUT
    uri: https://management.azure.com/subscriptions/00000000-0000-0000-0000-000000000000/resourceGroups/cli_test_dns_alias000001/providers/Microsoft.Network/dnsZones/mytestzone1.com/A/a1?api-version=2018-05-01
  response:
    body:
      string: '{"id":"\/subscriptions\/0b1f6471-1bf0-4dda-aec3-cb9272f09590\/resourceGroups\/cli_test_dns_alias000001\/providers\/Microsoft.Network\/dnszones\/mytestzone1.com\/A\/a1","name":"a1","type":"Microsoft.Network\/dnszones\/A","etag":"91453a5d-9e3a-4965-b957-190cd5319eb2","properties":{"fqdn":"a1.mytestzone1.com.","TTL":30,"ARecords":[],"targetResource":{},"provisioningState":"Succeeded"}}'
    headers:
      cache-control:
      - private
      content-length:
      - '436'
      content-type:
      - application/json; charset=utf-8
      date:
      - Wed, 25 Mar 2020 08:18:31 GMT
      etag:
      - 91453a5d-9e3a-4965-b957-190cd5319eb2
      server:
      - Microsoft-IIS/10.0
      strict-transport-security:
      - max-age=31536000; includeSubDomains
      transfer-encoding:
      - chunked
      vary:
      - Accept-Encoding
      x-content-type-options:
      - nosniff
      x-ms-ratelimit-remaining-subscription-resource-requests:
      - '11995'
      x-powered-by:
      - ASP.NET
    status:
      code: 200
      message: OK
version: 1
