interactions:
- request:
    body: null
    headers:
      Accept:
      - application/json
      Accept-Encoding:
      - gzip, deflate
      CommandName:
      - network vnet create
      Connection:
      - keep-alive
      ParameterSetName:
      - -g -n --subnet-name
      User-Agent:
      - AZURECLI/2.41.0 azsdk-python-azure-mgmt-resource/21.1.0b1 Python/3.8.10 (Windows-10-10.0.19044-SP0)
    method: GET
    uri: https://management.azure.com/subscriptions/00000000-0000-0000-0000-000000000000/resourcegroups/cli_test_private_endpoint_pls000001?api-version=2021-04-01
  response:
    body:
      string: '{"id":"/subscriptions/00000000-0000-0000-0000-000000000000/resourceGroups/cli_test_private_endpoint_pls000001","name":"cli_test_private_endpoint_pls000001","type":"Microsoft.Resources/resourceGroups","location":"centralus","tags":{"product":"azurecli","cause":"automation","date":"2022-10-25T09:16:57Z"},"properties":{"provisioningState":"Succeeded"}}'
    headers:
      cache-control:
      - no-cache
      content-length:
      - '351'
      content-type:
      - application/json; charset=utf-8
      date:
      - Tue, 25 Oct 2022 09:17:01 GMT
      expires:
      - '-1'
      pragma:
      - no-cache
      strict-transport-security:
      - max-age=31536000; includeSubDomains
      vary:
      - Accept-Encoding
      x-content-type-options:
      - nosniff
    status:
      code: 200
      message: OK
- request:
    body: '{"location": "centralus", "tags": {}, "properties": {"addressSpace": {"addressPrefixes":
      ["10.0.0.0/16"]}, "dhcpOptions": {}, "subnets": [{"name": "cli-test-subnet-000004",
      "properties": {"addressPrefix": "10.0.0.0/24", "privateEndpointNetworkPolicies":
      "Disabled", "privateLinkServiceNetworkPolicies": "Enabled"}}]}}'
    headers:
      Accept:
      - application/json
      Accept-Encoding:
      - gzip, deflate
      CommandName:
      - network vnet create
      Connection:
      - keep-alive
      Content-Length:
      - '317'
      Content-Type:
      - application/json
      ParameterSetName:
      - -g -n --subnet-name
      User-Agent:
      - AZURECLI/2.41.0 azsdk-python-azure-mgmt-network/21.0.1 Python/3.8.10 (Windows-10-10.0.19044-SP0)
    method: PUT
    uri: https://management.azure.com/subscriptions/00000000-0000-0000-0000-000000000000/resourceGroups/cli_test_private_endpoint_pls000001/providers/Microsoft.Network/virtualNetworks/cli-test-vnet-000002?api-version=2022-01-01
  response:
    body:
      string: "{\r\n  \"name\": \"cli-test-vnet-000002\",\r\n  \"id\": \"/subscriptions/00000000-0000-0000-0000-000000000000/resourceGroups/cli_test_private_endpoint_pls000001/providers/Microsoft.Network/virtualNetworks/cli-test-vnet-000002\",\r\n
        \ \"etag\": \"W/\\\"4b0234b1-e6ce-4e7a-8fe6-117185606025\\\"\",\r\n  \"type\":
        \"Microsoft.Network/virtualNetworks\",\r\n  \"location\": \"centralus\",\r\n
        \ \"tags\": {},\r\n  \"properties\": {\r\n    \"provisioningState\": \"Updating\",\r\n
        \   \"resourceGuid\": \"f8b24f60-8d5e-47b3-8d54-17009fdd2964\",\r\n    \"addressSpace\":
        {\r\n      \"addressPrefixes\": [\r\n        \"10.0.0.0/16\"\r\n      ]\r\n
        \   },\r\n    \"dhcpOptions\": {\r\n      \"dnsServers\": []\r\n    },\r\n
        \   \"subnets\": [\r\n      {\r\n        \"name\": \"cli-test-subnet-000004\",\r\n
        \       \"id\": \"/subscriptions/00000000-0000-0000-0000-000000000000/resourceGroups/cli_test_private_endpoint_pls000001/providers/Microsoft.Network/virtualNetworks/cli-test-vnet-000002/subnets/cli-test-subnet-000004\",\r\n
        \       \"etag\": \"W/\\\"4b0234b1-e6ce-4e7a-8fe6-117185606025\\\"\",\r\n
        \       \"properties\": {\r\n          \"provisioningState\": \"Updating\",\r\n
        \         \"addressPrefix\": \"10.0.0.0/24\",\r\n          \"delegations\":
        [],\r\n          \"privateEndpointNetworkPolicies\": \"Disabled\",\r\n          \"privateLinkServiceNetworkPolicies\":
        \"Enabled\"\r\n        },\r\n        \"type\": \"Microsoft.Network/virtualNetworks/subnets\"\r\n
        \     }\r\n    ],\r\n    \"virtualNetworkPeerings\": [],\r\n    \"enableDdosProtection\":
        false\r\n  }\r\n}"
    headers:
      azure-asyncnotification:
      - Enabled
      azure-asyncoperation:
      - https://management.azure.com/subscriptions/00000000-0000-0000-0000-000000000000/providers/Microsoft.Network/locations/centralus/operations/e77abcf8-4524-4ca4-b000-c56ea421ee07?api-version=2022-01-01
      cache-control:
      - no-cache
      content-length:
      - '1402'
      content-type:
      - application/json; charset=utf-8
      date:
      - Tue, 25 Oct 2022 09:17:06 GMT
      expires:
      - '-1'
      pragma:
      - no-cache
      server:
      - Microsoft-HTTPAPI/2.0
      - Microsoft-HTTPAPI/2.0
      strict-transport-security:
      - max-age=31536000; includeSubDomains
      x-content-type-options:
      - nosniff
      x-ms-arm-service-request-id:
      - e1b7520a-2472-463f-bfca-b9e16cd95807
      x-ms-ratelimit-remaining-subscription-writes:
      - '1189'
    status:
      code: 201
      message: Created
- request:
    body: null
    headers:
      Accept:
      - '*/*'
      Accept-Encoding:
      - gzip, deflate
      CommandName:
      - network vnet create
      Connection:
      - keep-alive
      ParameterSetName:
      - -g -n --subnet-name
      User-Agent:
      - AZURECLI/2.41.0 azsdk-python-azure-mgmt-network/21.0.1 Python/3.8.10 (Windows-10-10.0.19044-SP0)
    method: GET
    uri: https://management.azure.com/subscriptions/00000000-0000-0000-0000-000000000000/providers/Microsoft.Network/locations/centralus/operations/e77abcf8-4524-4ca4-b000-c56ea421ee07?api-version=2022-01-01
  response:
    body:
      string: "{\r\n  \"status\": \"Succeeded\"\r\n}"
    headers:
      cache-control:
      - no-cache
      content-length:
      - '29'
      content-type:
      - application/json; charset=utf-8
      date:
      - Tue, 25 Oct 2022 09:17:11 GMT
      expires:
      - '-1'
      pragma:
      - no-cache
      server:
      - Microsoft-HTTPAPI/2.0
      - Microsoft-HTTPAPI/2.0
      strict-transport-security:
      - max-age=31536000; includeSubDomains
      transfer-encoding:
      - chunked
      vary:
      - Accept-Encoding
      x-content-type-options:
      - nosniff
      x-ms-arm-service-request-id:
      - 55d132d9-30d6-42ad-9086-8d6f8975c92a
    status:
      code: 200
      message: OK
- request:
    body: null
    headers:
      Accept:
      - '*/*'
      Accept-Encoding:
      - gzip, deflate
      CommandName:
      - network vnet create
      Connection:
      - keep-alive
      ParameterSetName:
      - -g -n --subnet-name
      User-Agent:
      - AZURECLI/2.41.0 azsdk-python-azure-mgmt-network/21.0.1 Python/3.8.10 (Windows-10-10.0.19044-SP0)
    method: GET
    uri: https://management.azure.com/subscriptions/00000000-0000-0000-0000-000000000000/resourceGroups/cli_test_private_endpoint_pls000001/providers/Microsoft.Network/virtualNetworks/cli-test-vnet-000002?api-version=2022-01-01
  response:
    body:
      string: "{\r\n  \"name\": \"cli-test-vnet-000002\",\r\n  \"id\": \"/subscriptions/00000000-0000-0000-0000-000000000000/resourceGroups/cli_test_private_endpoint_pls000001/providers/Microsoft.Network/virtualNetworks/cli-test-vnet-000002\",\r\n
        \ \"etag\": \"W/\\\"e00954ae-c9f2-4364-b6e9-25d9fd145499\\\"\",\r\n  \"type\":
        \"Microsoft.Network/virtualNetworks\",\r\n  \"location\": \"centralus\",\r\n
        \ \"tags\": {},\r\n  \"properties\": {\r\n    \"provisioningState\": \"Succeeded\",\r\n
        \   \"resourceGuid\": \"f8b24f60-8d5e-47b3-8d54-17009fdd2964\",\r\n    \"addressSpace\":
        {\r\n      \"addressPrefixes\": [\r\n        \"10.0.0.0/16\"\r\n      ]\r\n
        \   },\r\n    \"dhcpOptions\": {\r\n      \"dnsServers\": []\r\n    },\r\n
        \   \"subnets\": [\r\n      {\r\n        \"name\": \"cli-test-subnet-000004\",\r\n
        \       \"id\": \"/subscriptions/00000000-0000-0000-0000-000000000000/resourceGroups/cli_test_private_endpoint_pls000001/providers/Microsoft.Network/virtualNetworks/cli-test-vnet-000002/subnets/cli-test-subnet-000004\",\r\n
        \       \"etag\": \"W/\\\"e00954ae-c9f2-4364-b6e9-25d9fd145499\\\"\",\r\n
        \       \"properties\": {\r\n          \"provisioningState\": \"Succeeded\",\r\n
        \         \"addressPrefix\": \"10.0.0.0/24\",\r\n          \"delegations\":
        [],\r\n          \"privateEndpointNetworkPolicies\": \"Disabled\",\r\n          \"privateLinkServiceNetworkPolicies\":
        \"Enabled\"\r\n        },\r\n        \"type\": \"Microsoft.Network/virtualNetworks/subnets\"\r\n
        \     }\r\n    ],\r\n    \"virtualNetworkPeerings\": [],\r\n    \"enableDdosProtection\":
        false\r\n  }\r\n}"
    headers:
      cache-control:
      - no-cache
      content-length:
      - '1404'
      content-type:
      - application/json; charset=utf-8
      date:
      - Tue, 25 Oct 2022 09:17:11 GMT
      etag:
      - W/"e00954ae-c9f2-4364-b6e9-25d9fd145499"
      expires:
      - '-1'
      pragma:
      - no-cache
      server:
      - Microsoft-HTTPAPI/2.0
      - Microsoft-HTTPAPI/2.0
      strict-transport-security:
      - max-age=31536000; includeSubDomains
      transfer-encoding:
      - chunked
      vary:
      - Accept-Encoding
      x-content-type-options:
      - nosniff
      x-ms-arm-service-request-id:
      - d1fa7c63-04a8-4bf0-994b-62210c3fca6c
    status:
      code: 200
      message: OK
- request:
    body: null
    headers:
      Accept:
      - application/json
      Accept-Encoding:
      - gzip, deflate
      CommandName:
      - network vnet subnet update
      Connection:
      - keep-alive
      ParameterSetName:
      - -g -n --vnet-name --disable-private-link-service-network-policies
      User-Agent:
      - AZURECLI/2.41.0 azsdk-python-azure-mgmt-network/21.0.1 Python/3.8.10 (Windows-10-10.0.19044-SP0)
    method: GET
    uri: https://management.azure.com/subscriptions/00000000-0000-0000-0000-000000000000/resourceGroups/cli_test_private_endpoint_pls000001/providers/Microsoft.Network/virtualNetworks/cli-test-vnet-000002/subnets/cli-test-subnet-000004?api-version=2022-01-01
  response:
    body:
      string: "{\r\n  \"name\": \"cli-test-subnet-000004\",\r\n  \"id\": \"/subscriptions/00000000-0000-0000-0000-000000000000/resourceGroups/cli_test_private_endpoint_pls000001/providers/Microsoft.Network/virtualNetworks/cli-test-vnet-000002/subnets/cli-test-subnet-000004\",\r\n
        \ \"etag\": \"W/\\\"e00954ae-c9f2-4364-b6e9-25d9fd145499\\\"\",\r\n  \"properties\":
        {\r\n    \"provisioningState\": \"Succeeded\",\r\n    \"addressPrefix\": \"10.0.0.0/24\",\r\n
        \   \"delegations\": [],\r\n    \"privateEndpointNetworkPolicies\": \"Disabled\",\r\n
        \   \"privateLinkServiceNetworkPolicies\": \"Enabled\"\r\n  },\r\n  \"type\":
        \"Microsoft.Network/virtualNetworks/subnets\"\r\n}"
    headers:
      cache-control:
      - no-cache
      content-length:
      - '592'
      content-type:
      - application/json; charset=utf-8
      date:
      - Tue, 25 Oct 2022 09:17:12 GMT
      etag:
      - W/"e00954ae-c9f2-4364-b6e9-25d9fd145499"
      expires:
      - '-1'
      pragma:
      - no-cache
      server:
      - Microsoft-HTTPAPI/2.0
      - Microsoft-HTTPAPI/2.0
      strict-transport-security:
      - max-age=31536000; includeSubDomains
      transfer-encoding:
      - chunked
      vary:
      - Accept-Encoding
      x-content-type-options:
      - nosniff
      x-ms-arm-service-request-id:
      - 4ecefae8-5b95-479a-9a8e-415aae465ab2
    status:
      code: 200
      message: OK
- request:
    body: '{"id": "/subscriptions/00000000-0000-0000-0000-000000000000/resourceGroups/cli_test_private_endpoint_pls000001/providers/Microsoft.Network/virtualNetworks/cli-test-vnet-000002/subnets/cli-test-subnet-000004",
      "name": "cli-test-subnet-000004", "type": "Microsoft.Network/virtualNetworks/subnets",
      "properties": {"addressPrefix": "10.0.0.0/24", "delegations": [], "privateEndpointNetworkPolicies":
      "Disabled", "privateLinkServiceNetworkPolicies": "Disabled"}}'
    headers:
      Accept:
      - application/json
      Accept-Encoding:
      - gzip, deflate
      CommandName:
      - network vnet subnet update
      Connection:
      - keep-alive
      Content-Length:
      - '457'
      Content-Type:
      - application/json
      ParameterSetName:
      - -g -n --vnet-name --disable-private-link-service-network-policies
      User-Agent:
      - AZURECLI/2.41.0 azsdk-python-azure-mgmt-network/21.0.1 Python/3.8.10 (Windows-10-10.0.19044-SP0)
    method: PUT
    uri: https://management.azure.com/subscriptions/00000000-0000-0000-0000-000000000000/resourceGroups/cli_test_private_endpoint_pls000001/providers/Microsoft.Network/virtualNetworks/cli-test-vnet-000002/subnets/cli-test-subnet-000004?api-version=2022-01-01
  response:
    body:
      string: "{\r\n  \"name\": \"cli-test-subnet-000004\",\r\n  \"id\": \"/subscriptions/00000000-0000-0000-0000-000000000000/resourceGroups/cli_test_private_endpoint_pls000001/providers/Microsoft.Network/virtualNetworks/cli-test-vnet-000002/subnets/cli-test-subnet-000004\",\r\n
        \ \"etag\": \"W/\\\"72223a6c-620d-43de-99e0-fc0363d21d78\\\"\",\r\n  \"properties\":
        {\r\n    \"provisioningState\": \"Updating\",\r\n    \"addressPrefix\": \"10.0.0.0/24\",\r\n
        \   \"delegations\": [],\r\n    \"privateEndpointNetworkPolicies\": \"Disabled\",\r\n
        \   \"privateLinkServiceNetworkPolicies\": \"Disabled\"\r\n  },\r\n  \"type\":
        \"Microsoft.Network/virtualNetworks/subnets\"\r\n}"
    headers:
      azure-asyncnotification:
      - Enabled
      azure-asyncoperation:
      - https://management.azure.com/subscriptions/00000000-0000-0000-0000-000000000000/providers/Microsoft.Network/locations/centralus/operations/b499a491-c953-486a-9855-605c8ea3b199?api-version=2022-01-01
      cache-control:
      - no-cache
      content-length:
      - '592'
      content-type:
      - application/json; charset=utf-8
      date:
      - Tue, 25 Oct 2022 09:17:14 GMT
      expires:
      - '-1'
      pragma:
      - no-cache
      server:
      - Microsoft-HTTPAPI/2.0
      - Microsoft-HTTPAPI/2.0
      strict-transport-security:
      - max-age=31536000; includeSubDomains
      transfer-encoding:
      - chunked
      vary:
      - Accept-Encoding
      x-content-type-options:
      - nosniff
      x-ms-arm-service-request-id:
      - 771e99ab-0fbd-42a2-865f-166e13dd9932
      x-ms-ratelimit-remaining-subscription-writes:
      - '1195'
    status:
      code: 200
      message: OK
- request:
    body: null
    headers:
      Accept:
      - '*/*'
      Accept-Encoding:
      - gzip, deflate
      CommandName:
      - network vnet subnet update
      Connection:
      - keep-alive
      ParameterSetName:
      - -g -n --vnet-name --disable-private-link-service-network-policies
      User-Agent:
      - AZURECLI/2.41.0 azsdk-python-azure-mgmt-network/21.0.1 Python/3.8.10 (Windows-10-10.0.19044-SP0)
    method: GET
    uri: https://management.azure.com/subscriptions/00000000-0000-0000-0000-000000000000/providers/Microsoft.Network/locations/centralus/operations/b499a491-c953-486a-9855-605c8ea3b199?api-version=2022-01-01
  response:
    body:
      string: "{\r\n  \"status\": \"Succeeded\"\r\n}"
    headers:
      cache-control:
      - no-cache
      content-length:
      - '29'
      content-type:
      - application/json; charset=utf-8
      date:
      - Tue, 25 Oct 2022 09:17:17 GMT
      expires:
      - '-1'
      pragma:
      - no-cache
      server:
      - Microsoft-HTTPAPI/2.0
      - Microsoft-HTTPAPI/2.0
      strict-transport-security:
      - max-age=31536000; includeSubDomains
      transfer-encoding:
      - chunked
      vary:
      - Accept-Encoding
      x-content-type-options:
      - nosniff
      x-ms-arm-service-request-id:
      - a90e9449-d41b-4d08-9bef-83a80595e3fa
    status:
      code: 200
      message: OK
- request:
    body: null
    headers:
      Accept:
      - '*/*'
      Accept-Encoding:
      - gzip, deflate
      CommandName:
      - network vnet subnet update
      Connection:
      - keep-alive
      ParameterSetName:
      - -g -n --vnet-name --disable-private-link-service-network-policies
      User-Agent:
      - AZURECLI/2.41.0 azsdk-python-azure-mgmt-network/21.0.1 Python/3.8.10 (Windows-10-10.0.19044-SP0)
    method: GET
    uri: https://management.azure.com/subscriptions/00000000-0000-0000-0000-000000000000/resourceGroups/cli_test_private_endpoint_pls000001/providers/Microsoft.Network/virtualNetworks/cli-test-vnet-000002/subnets/cli-test-subnet-000004?api-version=2022-01-01
  response:
    body:
      string: "{\r\n  \"name\": \"cli-test-subnet-000004\",\r\n  \"id\": \"/subscriptions/00000000-0000-0000-0000-000000000000/resourceGroups/cli_test_private_endpoint_pls000001/providers/Microsoft.Network/virtualNetworks/cli-test-vnet-000002/subnets/cli-test-subnet-000004\",\r\n
        \ \"etag\": \"W/\\\"3b45dea7-e314-4019-afd1-bf107e950182\\\"\",\r\n  \"properties\":
        {\r\n    \"provisioningState\": \"Succeeded\",\r\n    \"addressPrefix\": \"10.0.0.0/24\",\r\n
        \   \"delegations\": [],\r\n    \"privateEndpointNetworkPolicies\": \"Disabled\",\r\n
        \   \"privateLinkServiceNetworkPolicies\": \"Disabled\"\r\n  },\r\n  \"type\":
        \"Microsoft.Network/virtualNetworks/subnets\"\r\n}"
    headers:
      cache-control:
      - no-cache
      content-length:
      - '593'
      content-type:
      - application/json; charset=utf-8
      date:
      - Tue, 25 Oct 2022 09:17:18 GMT
      etag:
      - W/"3b45dea7-e314-4019-afd1-bf107e950182"
      expires:
      - '-1'
      pragma:
      - no-cache
      server:
      - Microsoft-HTTPAPI/2.0
      - Microsoft-HTTPAPI/2.0
      strict-transport-security:
      - max-age=31536000; includeSubDomains
      transfer-encoding:
      - chunked
      vary:
      - Accept-Encoding
      x-content-type-options:
      - nosniff
      x-ms-arm-service-request-id:
      - 4f3d2698-b99a-44ac-bc9c-738b7181260c
    status:
      code: 200
      message: OK
- request:
    body: null
    headers:
      Accept:
      - application/json
      Accept-Encoding:
      - gzip, deflate
      CommandName:
      - network lb create
      Connection:
      - keep-alive
      ParameterSetName:
      - -g -n --public-ip-address --sku
      User-Agent:
      - AZURECLI/2.41.0 azsdk-python-azure-mgmt-resource/21.1.0b1 Python/3.8.10 (Windows-10-10.0.19044-SP0)
    method: GET
    uri: https://management.azure.com/subscriptions/00000000-0000-0000-0000-000000000000/resourcegroups/cli_test_private_endpoint_pls000001?api-version=2021-04-01
  response:
    body:
      string: '{"id":"/subscriptions/00000000-0000-0000-0000-000000000000/resourceGroups/cli_test_private_endpoint_pls000001","name":"cli_test_private_endpoint_pls000001","type":"Microsoft.Resources/resourceGroups","location":"centralus","tags":{"product":"azurecli","cause":"automation","date":"2022-10-25T09:16:57Z"},"properties":{"provisioningState":"Succeeded"}}'
    headers:
      cache-control:
      - no-cache
      content-length:
      - '351'
      content-type:
      - application/json; charset=utf-8
      date:
      - Tue, 25 Oct 2022 09:17:19 GMT
      expires:
      - '-1'
      pragma:
      - no-cache
      strict-transport-security:
      - max-age=31536000; includeSubDomains
      vary:
      - Accept-Encoding
      x-content-type-options:
      - nosniff
    status:
      code: 200
      message: OK
- request:
    body: null
    headers:
      Accept:
      - application/json
      Accept-Encoding:
      - gzip, deflate
      CommandName:
      - network lb create
      Connection:
      - keep-alive
      ParameterSetName:
      - -g -n --public-ip-address --sku
      User-Agent:
      - AZURECLI/2.41.0 azsdk-python-azure-mgmt-resource/21.1.0b1 Python/3.8.10 (Windows-10-10.0.19044-SP0)
    method: GET
    uri: https://management.azure.com/subscriptions/00000000-0000-0000-0000-000000000000/resources?$filter=resourceGroup%20eq%20%27cli_test_private_endpoint_pls000001%27%20and%20name%20eq%20%27cli-test-ip-000006%27%20and%20resourceType%20eq%20%27Microsoft.Network%2FpublicIPAddresses%27&api-version=2021-04-01
  response:
    body:
      string: '{"value":[],"nextLink":"https://management.azure.com/subscriptions/00000000-0000-0000-0000-000000000000/resources?%24filter=resourceGroup+eq+%27cli_test_private_endpoint_pls000001%27+and+name+eq+%27cli-test-ip-000006%27+and+resourceType+eq+%27Microsoft.Network%2fpublicIPAddresses%27&api-version=2021-04-01&%24skiptoken=eyJuZXh0UGFydGl0aW9uS2V5IjoiMSE4IU9FTTVOa1UtIiwibmV4dFJvd0tleSI6IjEhMTUyIU1FSXhSalkwTnpFeFFrWXdORVJFUVVGRlF6TkRRamt5TnpKR01EazFPVEJmUjFKTUxWcFpWRVZUVkRJdFRVbERVazlUVDBaVU9qSkZUa1ZVVjA5U1N6b3lSbEJWUWt4SlEwbFFRVVJFVWtWVFUwVlRPakpHVmsweVVGVkNURWxEU1ZBdFEwVk9WRkpCVEZWVFJWVkJVQS0tIn0%3d"}'
    headers:
      cache-control:
      - no-cache
      content-length:
      - '604'
      content-type:
      - application/json; charset=utf-8
      date:
      - Tue, 25 Oct 2022 09:17:19 GMT
      expires:
      - '-1'
      pragma:
      - no-cache
      strict-transport-security:
      - max-age=31536000; includeSubDomains
      vary:
      - Accept-Encoding
      x-content-type-options:
      - nosniff
    status:
      code: 200
      message: OK
- request:
    body: null
    headers:
      Accept:
      - application/json
      Accept-Encoding:
      - gzip, deflate
      CommandName:
      - network lb create
      Connection:
      - keep-alive
      ParameterSetName:
      - -g -n --public-ip-address --sku
      User-Agent:
      - AZURECLI/2.41.0 azsdk-python-azure-mgmt-resource/21.1.0b1 Python/3.8.10 (Windows-10-10.0.19044-SP0)
    method: GET
    uri: https://management.azure.com/subscriptions/00000000-0000-0000-0000-000000000000/resources?api-version=2021-04-01&%24filter=resourceGroup+eq+%27cli_test_private_endpoint_pls000001%27+and+name+eq+%27cli-test-ip-000006%27+and+resourceType+eq+%27Microsoft.Network%2FpublicIPAddresses%27&%24skiptoken=eyJuZXh0UGFydGl0aW9uS2V5IjoiMSE4IU9FTTVOa1UtIiwibmV4dFJvd0tleSI6IjEhMTUyIU1FSXhSalkwTnpFeFFrWXdORVJFUVVGRlF6TkRRamt5TnpKR01EazFPVEJmUjFKTUxWcFpWRVZUVkRJdFRVbERVazlUVDBaVU9qSkZUa1ZVVjA5U1N6b3lSbEJWUWt4SlEwbFFRVVJFVWtWVFUwVlRPakpHVmsweVVGVkNURWxEU1ZBdFEwVk9WRkpCVEZWVFJWVkJVQS0tIn0%3D
  response:
    body:
      string: '{"value":[]}'
    headers:
      cache-control:
      - no-cache
      content-length:
      - '12'
      content-type:
      - application/json; charset=utf-8
      date:
      - Tue, 25 Oct 2022 09:17:19 GMT
      expires:
      - '-1'
      pragma:
      - no-cache
      strict-transport-security:
      - max-age=31536000; includeSubDomains
      vary:
      - Accept-Encoding
      x-content-type-options:
      - nosniff
    status:
      code: 200
      message: OK
- request:
    body: '{"properties": {"template": {"$schema": "https://schema.management.azure.com/schemas/2015-01-01/deploymentTemplate.json#",
      "contentVersion": "1.0.0.0", "parameters": {}, "variables": {}, "resources":
      [{"apiVersion": "2022-01-01", "type": "Microsoft.Network/publicIPAddresses",
      "name": "cli-test-ip-000006", "location": "centralus", "tags": {}, "dependsOn":
      [], "properties": {"publicIPAllocationMethod": "Static"}, "sku": {"name": "Standard"}},
      {"type": "Microsoft.Network/loadBalancers", "name": "cli-test-lb-000005", "location":
      "centralus", "tags": {}, "apiVersion": "2022-01-01", "dependsOn": ["Microsoft.Network/publicIpAddresses/cli-test-ip-000006"],
      "properties": {"backendAddressPools": [{"name": "cli-test-lb-000005bepool"}],
      "frontendIPConfigurations": [{"name": "LoadBalancerFrontEnd", "properties":
      {"publicIPAddress": {"id": "/subscriptions/00000000-0000-0000-0000-000000000000/resourceGroups/cli_test_private_endpoint_pls000001/providers/Microsoft.Network/publicIPAddresses/cli-test-ip-000006"},
      "privateIPAddressVersion": "IPv4"}}]}, "sku": {"name": "Standard"}}], "outputs":
      {"loadBalancer": {"type": "object", "value": "[reference(''cli-test-lb-000005'')]"}}},
      "parameters": {}, "mode": "incremental"}}'
    headers:
      Accept:
      - application/json
      Accept-Encoding:
      - gzip, deflate
      CommandName:
      - network lb create
      Connection:
      - keep-alive
      Content-Length:
      - '1217'
      Content-Type:
      - application/json
      ParameterSetName:
      - -g -n --public-ip-address --sku
      User-Agent:
      - AZURECLI/2.41.0 azsdk-python-azure-mgmt-resource/21.1.0b1 Python/3.8.10 (Windows-10-10.0.19044-SP0)
    method: PUT
    uri: https://management.azure.com/subscriptions/00000000-0000-0000-0000-000000000000/resourcegroups/cli_test_private_endpoint_pls000001/providers/Microsoft.Resources/deployments/mock-deployment?api-version=2021-04-01
  response:
    body:
      string: '{"id":"/subscriptions/00000000-0000-0000-0000-000000000000/resourceGroups/cli_test_private_endpoint_pls000001/providers/Microsoft.Resources/deployments/lb_deploy_YdK736D2eF6qLRukUGIZqiUwR4QNwkzz","name":"lb_deploy_YdK736D2eF6qLRukUGIZqiUwR4QNwkzz","type":"Microsoft.Resources/deployments","properties":{"templateHash":"9008139145441091761","parameters":{},"mode":"Incremental","provisioningState":"Accepted","timestamp":"2022-10-25T09:17:27.0546702Z","duration":"PT0.0005544S","correlationId":"efc966e5-611f-41a3-8320-559f639d4c61","providers":[{"namespace":"Microsoft.Network","resourceTypes":[{"resourceType":"publicIPAddresses","locations":["centralus"]},{"resourceType":"loadBalancers","locations":["centralus"]}]}],"dependencies":[{"dependsOn":[{"id":"/subscriptions/00000000-0000-0000-0000-000000000000/resourceGroups/cli_test_private_endpoint_pls000001/providers/Microsoft.Network/publicIPAddresses/cli-test-ip-000006","resourceType":"Microsoft.Network/publicIPAddresses","resourceName":"cli-test-ip-000006"}],"id":"/subscriptions/00000000-0000-0000-0000-000000000000/resourceGroups/cli_test_private_endpoint_pls000001/providers/Microsoft.Network/loadBalancers/cli-test-lb-000005","resourceType":"Microsoft.Network/loadBalancers","resourceName":"cli-test-lb-000005"}]}}'
    headers:
      azure-asyncoperation:
      - https://management.azure.com/subscriptions/00000000-0000-0000-0000-000000000000/resourcegroups/cli_test_private_endpoint_pls000001/providers/Microsoft.Resources/deployments/lb_deploy_YdK736D2eF6qLRukUGIZqiUwR4QNwkzz/operationStatuses/08585349174406466945?api-version=2021-04-01
      cache-control:
      - no-cache
      content-length:
      - '1276'
      content-type:
      - application/json; charset=utf-8
      date:
      - Tue, 25 Oct 2022 09:17:28 GMT
      expires:
      - '-1'
      pragma:
      - no-cache
      strict-transport-security:
      - max-age=31536000; includeSubDomains
      x-content-type-options:
      - nosniff
      x-ms-ratelimit-remaining-subscription-writes:
      - '1196'
    status:
      code: 201
      message: Created
- request:
    body: null
    headers:
      Accept:
      - '*/*'
      Accept-Encoding:
      - gzip, deflate
      CommandName:
      - network lb create
      Connection:
      - keep-alive
      ParameterSetName:
      - -g -n --public-ip-address --sku
      User-Agent:
      - AZURECLI/2.41.0 azsdk-python-azure-mgmt-resource/21.1.0b1 Python/3.8.10 (Windows-10-10.0.19044-SP0)
    method: GET
    uri: https://management.azure.com/subscriptions/00000000-0000-0000-0000-000000000000/resourcegroups/cli_test_private_endpoint_pls000001/providers/Microsoft.Resources/deployments/mock-deployment/operationStatuses/08585349174406466945?api-version=2021-04-01
  response:
    body:
      string: '{"status":"Succeeded"}'
    headers:
      cache-control:
      - no-cache
      content-length:
      - '22'
      content-type:
      - application/json; charset=utf-8
      date:
      - Tue, 25 Oct 2022 09:17:58 GMT
      expires:
      - '-1'
      pragma:
      - no-cache
      strict-transport-security:
      - max-age=31536000; includeSubDomains
      vary:
      - Accept-Encoding
      x-content-type-options:
      - nosniff
    status:
      code: 200
      message: OK
- request:
    body: null
    headers:
      Accept:
      - '*/*'
      Accept-Encoding:
      - gzip, deflate
      CommandName:
      - network lb create
      Connection:
      - keep-alive
      ParameterSetName:
      - -g -n --public-ip-address --sku
      User-Agent:
      - AZURECLI/2.41.0 azsdk-python-azure-mgmt-resource/21.1.0b1 Python/3.8.10 (Windows-10-10.0.19044-SP0)
    method: GET
    uri: https://management.azure.com/subscriptions/00000000-0000-0000-0000-000000000000/resourcegroups/cli_test_private_endpoint_pls000001/providers/Microsoft.Resources/deployments/mock-deployment?api-version=2021-04-01
  response:
    body:
      string: '{"id":"/subscriptions/00000000-0000-0000-0000-000000000000/resourceGroups/cli_test_private_endpoint_pls000001/providers/Microsoft.Resources/deployments/lb_deploy_YdK736D2eF6qLRukUGIZqiUwR4QNwkzz","name":"lb_deploy_YdK736D2eF6qLRukUGIZqiUwR4QNwkzz","type":"Microsoft.Resources/deployments","properties":{"templateHash":"9008139145441091761","parameters":{},"mode":"Incremental","provisioningState":"Succeeded","timestamp":"2022-10-25T09:17:45.3193645Z","duration":"PT18.2652487S","correlationId":"efc966e5-611f-41a3-8320-559f639d4c61","providers":[{"namespace":"Microsoft.Network","resourceTypes":[{"resourceType":"publicIPAddresses","locations":["centralus"]},{"resourceType":"loadBalancers","locations":["centralus"]}]}],"dependencies":[{"dependsOn":[{"id":"/subscriptions/00000000-0000-0000-0000-000000000000/resourceGroups/cli_test_private_endpoint_pls000001/providers/Microsoft.Network/publicIPAddresses/cli-test-ip-000006","resourceType":"Microsoft.Network/publicIPAddresses","resourceName":"cli-test-ip-000006"}],"id":"/subscriptions/00000000-0000-0000-0000-000000000000/resourceGroups/cli_test_private_endpoint_pls000001/providers/Microsoft.Network/loadBalancers/cli-test-lb-000005","resourceType":"Microsoft.Network/loadBalancers","resourceName":"cli-test-lb-000005"}],"outputs":{"loadBalancer":{"type":"Object","value":{"provisioningState":"Succeeded","resourceGuid":"0238df87-b9fe-4e74-ae2b-7ee21a1827e8","frontendIPConfigurations":[{"name":"LoadBalancerFrontEnd","id":"/subscriptions/00000000-0000-0000-0000-000000000000/resourceGroups/cli_test_private_endpoint_pls000001/providers/Microsoft.Network/loadBalancers/cli-test-lb-000005/frontendIPConfigurations/LoadBalancerFrontEnd","etag":"W/\"4da82794-3377-46d7-a344-4c7132247fb2\"","type":"Microsoft.Network/loadBalancers/frontendIPConfigurations","properties":{"provisioningState":"Succeeded","privateIPAllocationMethod":"Dynamic","publicIPAddress":{"id":"/subscriptions/00000000-0000-0000-0000-000000000000/resourceGroups/cli_test_private_endpoint_pls000001/providers/Microsoft.Network/publicIPAddresses/cli-test-ip-000006"}}}],"backendAddressPools":[{"name":"cli-test-lb-000005bepool","id":"/subscriptions/00000000-0000-0000-0000-000000000000/resourceGroups/cli_test_private_endpoint_pls000001/providers/Microsoft.Network/loadBalancers/cli-test-lb-000005/backendAddressPools/cli-test-lb-000005bepool","etag":"W/\"4da82794-3377-46d7-a344-4c7132247fb2\"","properties":{"provisioningState":"Succeeded","loadBalancerBackendAddresses":[]},"type":"Microsoft.Network/loadBalancers/backendAddressPools"}],"loadBalancingRules":[],"probes":[],"inboundNatRules":[],"outboundRules":[],"inboundNatPools":[]}}},"outputResources":[{"id":"/subscriptions/00000000-0000-0000-0000-000000000000/resourceGroups/cli_test_private_endpoint_pls000001/providers/Microsoft.Network/loadBalancers/cli-test-lb-000005"},{"id":"/subscriptions/00000000-0000-0000-0000-000000000000/resourceGroups/cli_test_private_endpoint_pls000001/providers/Microsoft.Network/publicIPAddresses/cli-test-ip-000006"}]}}'
    headers:
      cache-control:
      - no-cache
      content-length:
      - '3032'
      content-type:
      - application/json; charset=utf-8
      date:
      - Tue, 25 Oct 2022 09:17:59 GMT
      expires:
      - '-1'
      pragma:
      - no-cache
      strict-transport-security:
      - max-age=31536000; includeSubDomains
      vary:
      - Accept-Encoding
      x-content-type-options:
      - nosniff
    status:
      code: 200
      message: OK
- request:
    body: null
    headers:
      Accept:
      - application/json
      Accept-Encoding:
      - gzip, deflate
      CommandName:
      - network private-link-service create
      Connection:
      - keep-alive
      ParameterSetName:
      - -g -n --vnet-name --subnet --lb-name --lb-frontend-ip-configs
      User-Agent:
      - AZURECLI/2.41.0 azsdk-python-azure-mgmt-resource/21.1.0b1 Python/3.8.10 (Windows-10-10.0.19044-SP0)
    method: GET
    uri: https://management.azure.com/subscriptions/00000000-0000-0000-0000-000000000000/resourcegroups/cli_test_private_endpoint_pls000001?api-version=2021-04-01
  response:
    body:
      string: '{"id":"/subscriptions/00000000-0000-0000-0000-000000000000/resourceGroups/cli_test_private_endpoint_pls000001","name":"cli_test_private_endpoint_pls000001","type":"Microsoft.Resources/resourceGroups","location":"centralus","tags":{"product":"azurecli","cause":"automation","date":"2022-10-25T09:16:57Z"},"properties":{"provisioningState":"Succeeded"}}'
    headers:
      cache-control:
      - no-cache
      content-length:
      - '351'
      content-type:
      - application/json; charset=utf-8
      date:
      - Tue, 25 Oct 2022 09:18:00 GMT
      expires:
      - '-1'
      pragma:
      - no-cache
      strict-transport-security:
      - max-age=31536000; includeSubDomains
      vary:
      - Accept-Encoding
      x-content-type-options:
      - nosniff
    status:
      code: 200
      message: OK
- request:
    body: '{"location": "centralus", "properties": {"loadBalancerFrontendIpConfigurations":
      [{"id": "/subscriptions/00000000-0000-0000-0000-000000000000/resourceGroups/cli_test_private_endpoint_pls000001/providers/Microsoft.Network/loadBalancers/cli-test-lb-000005/frontendIpConfigurations/LoadBalancerFrontEnd"}],
      "ipConfigurations": [{"name": "cli-test-pls-000007_ipconfig_0", "properties":
      {"subnet": {"id": "/subscriptions/00000000-0000-0000-0000-000000000000/resourceGroups/cli_test_private_endpoint_pls000001/providers/Microsoft.Network/virtualNetworks/cli-test-vnet-000002/subnets/cli-test-subnet-000004",
      "properties": {"privateEndpointNetworkPolicies": "Disabled", "privateLinkServiceNetworkPolicies":
      "Enabled"}}, "privateIPAddressVersion": "IPv4"}}]}}'
    headers:
      Accept:
      - application/json
      Accept-Encoding:
      - gzip, deflate
      CommandName:
      - network private-link-service create
      Connection:
      - keep-alive
      Content-Length:
      - '751'
      Content-Type:
      - application/json
      ParameterSetName:
      - -g -n --vnet-name --subnet --lb-name --lb-frontend-ip-configs
      User-Agent:
      - AZURECLI/2.41.0 azsdk-python-azure-mgmt-network/21.0.1 Python/3.8.10 (Windows-10-10.0.19044-SP0)
    method: PUT
    uri: https://management.azure.com/subscriptions/00000000-0000-0000-0000-000000000000/resourceGroups/cli_test_private_endpoint_pls000001/providers/Microsoft.Network/privateLinkServices/cli-test-pls-000007?api-version=2022-01-01
  response:
    body:
      string: "{\r\n  \"name\": \"cli-test-pls-000007\",\r\n  \"id\": \"/subscriptions/00000000-0000-0000-0000-000000000000/resourceGroups/cli_test_private_endpoint_pls000001/providers/Microsoft.Network/privateLinkServices/cli-test-pls-000007\",\r\n
        \ \"etag\": \"W/\\\"497a0720-11c4-4c49-9ed9-e2d9ca1347ba\\\"\",\r\n  \"type\":
        \"Microsoft.Network/privateLinkServices\",\r\n  \"location\": \"centralus\",\r\n
        \ \"properties\": {\r\n    \"provisioningState\": \"Updating\",\r\n    \"resourceGuid\":
        \"88118393-e914-4a79-8edc-f9d6a1d66318\",\r\n    \"fqdns\": [],\r\n    \"alias\":
        \"cli-test-pls-000007.f87e255e-b5f5-4c11-80c2-0ee8a6842869.centralus.azure.privatelinkservice\",\r\n
        \   \"enableProxyProtocol\": false,\r\n    \"loadBalancerFrontendIpConfigurations\":
        [\r\n      {\r\n        \"id\": \"/subscriptions/00000000-0000-0000-0000-000000000000/resourceGroups/cli_test_private_endpoint_pls000001/providers/Microsoft.Network/loadBalancers/cli-test-lb-000005/frontendIPConfigurations/LoadBalancerFrontEnd\"\r\n
        \     }\r\n    ],\r\n    \"ipConfigurations\": [\r\n      {\r\n        \"name\":
        \"cli-test-pls-000007_ipconfig_0\",\r\n        \"id\": \"/subscriptions/00000000-0000-0000-0000-000000000000/resourceGroups/cli_test_private_endpoint_pls000001/providers/Microsoft.Network/privateLinkServices/cli-test-pls-000007/ipConfigurations/cli-test-pls-000007_ipconfig_0\",\r\n
        \       \"etag\": \"W/\\\"497a0720-11c4-4c49-9ed9-e2d9ca1347ba\\\"\",\r\n
        \       \"type\": \"Microsoft.Network/privateLinkServices/ipConfigurations\",\r\n
        \       \"properties\": {\r\n          \"provisioningState\": \"Succeeded\",\r\n
        \         \"privateIPAllocationMethod\": \"Dynamic\",\r\n          \"subnet\":
        {\r\n            \"id\": \"/subscriptions/00000000-0000-0000-0000-000000000000/resourceGroups/cli_test_private_endpoint_pls000001/providers/Microsoft.Network/virtualNetworks/cli-test-vnet-000002/subnets/cli-test-subnet-000004\"\r\n
        \         },\r\n          \"primary\": true,\r\n          \"privateIPAddressVersion\":
        \"IPv4\"\r\n        }\r\n      }\r\n    ],\r\n    \"privateEndpointConnections\":
        [],\r\n    \"networkInterfaces\": [\r\n      {\r\n        \"id\": \"/subscriptions/00000000-0000-0000-0000-000000000000/resourceGroups/cli_test_private_endpoint_pls000001/providers/Microsoft.Network/networkInterfaces/cli-test-pls-000007.nic.b59ecbe0-202e-46e6-8d1f-bdecca15a2d9\"\r\n
        \     }\r\n    ]\r\n  }\r\n}"
    headers:
      azure-asyncnotification:
      - Enabled
      azure-asyncoperation:
      - https://management.azure.com/subscriptions/00000000-0000-0000-0000-000000000000/providers/Microsoft.Network/locations/centralus/operations/54a57dec-1208-45cb-980a-a2670f18babd?api-version=2022-01-01
      cache-control:
      - no-cache
      content-length:
      - '2203'
      content-type:
      - application/json; charset=utf-8
      date:
      - Tue, 25 Oct 2022 09:18:07 GMT
      expires:
      - '-1'
      pragma:
      - no-cache
      server:
      - Microsoft-HTTPAPI/2.0
      - Microsoft-HTTPAPI/2.0
      strict-transport-security:
      - max-age=31536000; includeSubDomains
      x-content-type-options:
      - nosniff
      x-ms-arm-service-request-id:
      - abba9817-a93e-452d-be29-f154dd623a01
      x-ms-ratelimit-remaining-subscription-writes:
      - '1193'
    status:
      code: 201
      message: Created
- request:
    body: null
    headers:
      Accept:
      - '*/*'
      Accept-Encoding:
      - gzip, deflate
      CommandName:
      - network private-link-service create
      Connection:
      - keep-alive
      ParameterSetName:
      - -g -n --vnet-name --subnet --lb-name --lb-frontend-ip-configs
      User-Agent:
      - AZURECLI/2.41.0 azsdk-python-azure-mgmt-network/21.0.1 Python/3.8.10 (Windows-10-10.0.19044-SP0)
    method: GET
    uri: https://management.azure.com/subscriptions/00000000-0000-0000-0000-000000000000/providers/Microsoft.Network/locations/centralus/operations/54a57dec-1208-45cb-980a-a2670f18babd?api-version=2022-01-01
  response:
    body:
      string: "{\r\n  \"status\": \"Succeeded\"\r\n}"
    headers:
      cache-control:
      - no-cache
      content-length:
      - '29'
      content-type:
      - application/json; charset=utf-8
      date:
      - Tue, 25 Oct 2022 09:18:17 GMT
      expires:
      - '-1'
      pragma:
      - no-cache
      server:
      - Microsoft-HTTPAPI/2.0
      - Microsoft-HTTPAPI/2.0
      strict-transport-security:
      - max-age=31536000; includeSubDomains
      transfer-encoding:
      - chunked
      vary:
      - Accept-Encoding
      x-content-type-options:
      - nosniff
      x-ms-arm-service-request-id:
      - 4c35b33d-5894-4404-bdf6-1571e9d6e583
    status:
      code: 200
      message: OK
- request:
    body: null
    headers:
      Accept:
      - '*/*'
      Accept-Encoding:
      - gzip, deflate
      CommandName:
      - network private-link-service create
      Connection:
      - keep-alive
      ParameterSetName:
      - -g -n --vnet-name --subnet --lb-name --lb-frontend-ip-configs
      User-Agent:
      - AZURECLI/2.41.0 azsdk-python-azure-mgmt-network/21.0.1 Python/3.8.10 (Windows-10-10.0.19044-SP0)
    method: GET
    uri: https://management.azure.com/subscriptions/00000000-0000-0000-0000-000000000000/resourceGroups/cli_test_private_endpoint_pls000001/providers/Microsoft.Network/privateLinkServices/cli-test-pls-000007?api-version=2022-01-01
  response:
    body:
      string: "{\r\n  \"name\": \"cli-test-pls-000007\",\r\n  \"id\": \"/subscriptions/00000000-0000-0000-0000-000000000000/resourceGroups/cli_test_private_endpoint_pls000001/providers/Microsoft.Network/privateLinkServices/cli-test-pls-000007\",\r\n
        \ \"etag\": \"W/\\\"68888fa8-558f-4c70-b731-fa3ec13b5e3a\\\"\",\r\n  \"type\":
        \"Microsoft.Network/privateLinkServices\",\r\n  \"location\": \"centralus\",\r\n
        \ \"properties\": {\r\n    \"provisioningState\": \"Succeeded\",\r\n    \"resourceGuid\":
        \"88118393-e914-4a79-8edc-f9d6a1d66318\",\r\n    \"fqdns\": [],\r\n    \"alias\":
        \"cli-test-pls-000007.f87e255e-b5f5-4c11-80c2-0ee8a6842869.centralus.azure.privatelinkservice\",\r\n
        \   \"enableProxyProtocol\": false,\r\n    \"loadBalancerFrontendIpConfigurations\":
        [\r\n      {\r\n        \"id\": \"/subscriptions/00000000-0000-0000-0000-000000000000/resourceGroups/cli_test_private_endpoint_pls000001/providers/Microsoft.Network/loadBalancers/cli-test-lb-000005/frontendIPConfigurations/LoadBalancerFrontEnd\"\r\n
        \     }\r\n    ],\r\n    \"ipConfigurations\": [\r\n      {\r\n        \"name\":
        \"cli-test-pls-000007_ipconfig_0\",\r\n        \"id\": \"/subscriptions/00000000-0000-0000-0000-000000000000/resourceGroups/cli_test_private_endpoint_pls000001/providers/Microsoft.Network/privateLinkServices/cli-test-pls-000007/ipConfigurations/cli-test-pls-000007_ipconfig_0\",\r\n
        \       \"etag\": \"W/\\\"68888fa8-558f-4c70-b731-fa3ec13b5e3a\\\"\",\r\n
        \       \"type\": \"Microsoft.Network/privateLinkServices/ipConfigurations\",\r\n
        \       \"properties\": {\r\n          \"provisioningState\": \"Succeeded\",\r\n
        \         \"privateIPAllocationMethod\": \"Dynamic\",\r\n          \"subnet\":
        {\r\n            \"id\": \"/subscriptions/00000000-0000-0000-0000-000000000000/resourceGroups/cli_test_private_endpoint_pls000001/providers/Microsoft.Network/virtualNetworks/cli-test-vnet-000002/subnets/cli-test-subnet-000004\"\r\n
        \         },\r\n          \"primary\": true,\r\n          \"privateIPAddressVersion\":
        \"IPv4\"\r\n        }\r\n      }\r\n    ],\r\n    \"privateEndpointConnections\":
        [],\r\n    \"networkInterfaces\": [\r\n      {\r\n        \"id\": \"/subscriptions/00000000-0000-0000-0000-000000000000/resourceGroups/cli_test_private_endpoint_pls000001/providers/Microsoft.Network/networkInterfaces/cli-test-pls-000007.nic.b59ecbe0-202e-46e6-8d1f-bdecca15a2d9\"\r\n
        \     }\r\n    ]\r\n  }\r\n}"
    headers:
      cache-control:
      - no-cache
      content-length:
      - '2204'
      content-type:
      - application/json; charset=utf-8
      date:
      - Tue, 25 Oct 2022 09:18:18 GMT
      etag:
      - W/"68888fa8-558f-4c70-b731-fa3ec13b5e3a"
      expires:
      - '-1'
      pragma:
      - no-cache
      server:
      - Microsoft-HTTPAPI/2.0
      - Microsoft-HTTPAPI/2.0
      strict-transport-security:
      - max-age=31536000; includeSubDomains
      transfer-encoding:
      - chunked
      vary:
      - Accept-Encoding
      x-content-type-options:
      - nosniff
      x-ms-arm-service-request-id:
      - c660d78c-6656-481c-b0ff-5e1fc3c41bc6
    status:
      code: 200
      message: OK
- request:
    body: null
    headers:
      Accept:
      - application/json
      Accept-Encoding:
      - gzip, deflate
      CommandName:
      - network vnet subnet create
      Connection:
      - keep-alive
      ParameterSetName:
      - -g -n --vnet-name --address-prefixes
      User-Agent:
      - AZURECLI/2.41.0 azsdk-python-azure-mgmt-network/21.0.1 Python/3.8.10 (Windows-10-10.0.19044-SP0)
    method: GET
    uri: https://management.azure.com/subscriptions/00000000-0000-0000-0000-000000000000/resourceGroups/cli_test_private_endpoint_pls000001/providers/Microsoft.Network/virtualNetworks/cli-test-vnet-000002?api-version=2022-01-01
  response:
    body:
      string: "{\r\n  \"name\": \"cli-test-vnet-000002\",\r\n  \"id\": \"/subscriptions/00000000-0000-0000-0000-000000000000/resourceGroups/cli_test_private_endpoint_pls000001/providers/Microsoft.Network/virtualNetworks/cli-test-vnet-000002\",\r\n
        \ \"etag\": \"W/\\\"1c1f8e18-62b5-478b-810a-85cda09debf6\\\"\",\r\n  \"type\":
        \"Microsoft.Network/virtualNetworks\",\r\n  \"location\": \"centralus\",\r\n
        \ \"tags\": {},\r\n  \"properties\": {\r\n    \"provisioningState\": \"Succeeded\",\r\n
        \   \"resourceGuid\": \"f8b24f60-8d5e-47b3-8d54-17009fdd2964\",\r\n    \"addressSpace\":
        {\r\n      \"addressPrefixes\": [\r\n        \"10.0.0.0/16\"\r\n      ]\r\n
        \   },\r\n    \"dhcpOptions\": {\r\n      \"dnsServers\": []\r\n    },\r\n
        \   \"subnets\": [\r\n      {\r\n        \"name\": \"cli-test-subnet-000004\",\r\n
        \       \"id\": \"/subscriptions/00000000-0000-0000-0000-000000000000/resourceGroups/cli_test_private_endpoint_pls000001/providers/Microsoft.Network/virtualNetworks/cli-test-vnet-000002/subnets/cli-test-subnet-000004\",\r\n
        \       \"etag\": \"W/\\\"1c1f8e18-62b5-478b-810a-85cda09debf6\\\"\",\r\n
        \       \"properties\": {\r\n          \"provisioningState\": \"Succeeded\",\r\n
        \         \"addressPrefix\": \"10.0.0.0/24\",\r\n          \"ipConfigurations\":
        [\r\n            {\r\n              \"id\": \"/subscriptions/00000000-0000-0000-0000-000000000000/resourceGroups/cli_test_private_endpoint_pls000001/providers/Microsoft.Network/networkInterfaces/cli-test-pls-000007.nic.b59ecbe0-202e-46e6-8d1f-bdecca15a2d9/ipConfigurations/cli-test-pls-000007_ipconfig_0\"\r\n
        \           },\r\n            {\r\n              \"id\": \"/subscriptions/00000000-0000-0000-0000-000000000000/resourceGroups/cli_test_private_endpoint_pls000001/providers/Microsoft.Network/privateLinkServices/cli-test-pls-000007/ipConfigurations/cli-test-pls-000007_ipconfig_0\"\r\n
        \           }\r\n          ],\r\n          \"delegations\": [],\r\n          \"privateEndpointNetworkPolicies\":
        \"Disabled\",\r\n          \"privateLinkServiceNetworkPolicies\": \"Disabled\"\r\n
        \       },\r\n        \"type\": \"Microsoft.Network/virtualNetworks/subnets\"\r\n
        \     }\r\n    ],\r\n    \"virtualNetworkPeerings\": [],\r\n    \"enableDdosProtection\":
        false\r\n  }\r\n}"
    headers:
      cache-control:
      - no-cache
      content-length:
      - '2036'
      content-type:
      - application/json; charset=utf-8
      date:
      - Tue, 25 Oct 2022 09:18:20 GMT
      etag:
      - W/"1c1f8e18-62b5-478b-810a-85cda09debf6"
      expires:
      - '-1'
      pragma:
      - no-cache
      server:
      - Microsoft-HTTPAPI/2.0
      - Microsoft-HTTPAPI/2.0
      strict-transport-security:
      - max-age=31536000; includeSubDomains
      x-content-type-options:
      - nosniff
      x-ms-arm-service-request-id:
      - edf35602-c7ba-4534-90ff-a844930da1bb
    status:
      code: 200
      message: OK
- request:
    body: '{"id": "/subscriptions/00000000-0000-0000-0000-000000000000/resourceGroups/cli_test_private_endpoint_pls000001/providers/Microsoft.Network/virtualNetworks/cli-test-vnet-000002",
      "location": "centralus", "tags": {}, "properties": {"addressSpace": {"addressPrefixes":
      ["10.0.0.0/16"]}, "dhcpOptions": {"dnsServers": []}, "subnets": [{"id": "/subscriptions/00000000-0000-0000-0000-000000000000/resourceGroups/cli_test_private_endpoint_pls000001/providers/Microsoft.Network/virtualNetworks/cli-test-vnet-000002/subnets/cli-test-subnet-000004",
      "name": "cli-test-subnet-000004", "type": "Microsoft.Network/virtualNetworks/subnets",
      "properties": {"addressPrefix": "10.0.0.0/24", "delegations": [], "privateEndpointNetworkPolicies":
      "Disabled", "privateLinkServiceNetworkPolicies": "Disabled"}}, {"name": "cli-test-subnet-000003",
      "properties": {"addressPrefix": "10.0.2.0/24", "privateEndpointNetworkPolicies":
      "Disabled", "privateLinkServiceNetworkPolicies": "Enabled"}}], "virtualNetworkPeerings":
      [], "enableDdosProtection": false}}'
    headers:
      Accept:
      - application/json
      Accept-Encoding:
      - gzip, deflate
      CommandName:
      - network vnet subnet create
      Connection:
      - keep-alive
      Content-Length:
      - '1030'
      Content-Type:
      - application/json
      ParameterSetName:
      - -g -n --vnet-name --address-prefixes
      User-Agent:
      - AZURECLI/2.41.0 azsdk-python-azure-mgmt-network/21.0.1 Python/3.8.10 (Windows-10-10.0.19044-SP0)
    method: PUT
    uri: https://management.azure.com/subscriptions/00000000-0000-0000-0000-000000000000/resourceGroups/cli_test_private_endpoint_pls000001/providers/Microsoft.Network/virtualNetworks/cli-test-vnet-000002?api-version=2022-01-01
  response:
    body:
      string: "{\r\n  \"name\": \"cli-test-vnet-000002\",\r\n  \"id\": \"/subscriptions/00000000-0000-0000-0000-000000000000/resourceGroups/cli_test_private_endpoint_pls000001/providers/Microsoft.Network/virtualNetworks/cli-test-vnet-000002\",\r\n
        \ \"etag\": \"W/\\\"6c1797cc-cf51-4473-915a-c31940925f78\\\"\",\r\n  \"type\":
        \"Microsoft.Network/virtualNetworks\",\r\n  \"location\": \"centralus\",\r\n
        \ \"tags\": {},\r\n  \"properties\": {\r\n    \"provisioningState\": \"Updating\",\r\n
        \   \"resourceGuid\": \"f8b24f60-8d5e-47b3-8d54-17009fdd2964\",\r\n    \"addressSpace\":
        {\r\n      \"addressPrefixes\": [\r\n        \"10.0.0.0/16\"\r\n      ]\r\n
        \   },\r\n    \"dhcpOptions\": {\r\n      \"dnsServers\": []\r\n    },\r\n
        \   \"subnets\": [\r\n      {\r\n        \"name\": \"cli-test-subnet-000004\",\r\n
        \       \"id\": \"/subscriptions/00000000-0000-0000-0000-000000000000/resourceGroups/cli_test_private_endpoint_pls000001/providers/Microsoft.Network/virtualNetworks/cli-test-vnet-000002/subnets/cli-test-subnet-000004\",\r\n
        \       \"etag\": \"W/\\\"6c1797cc-cf51-4473-915a-c31940925f78\\\"\",\r\n
        \       \"properties\": {\r\n          \"provisioningState\": \"Updating\",\r\n
        \         \"addressPrefix\": \"10.0.0.0/24\",\r\n          \"ipConfigurations\":
        [\r\n            {\r\n              \"id\": \"/subscriptions/00000000-0000-0000-0000-000000000000/resourceGroups/cli_test_private_endpoint_pls000001/providers/Microsoft.Network/networkInterfaces/cli-test-pls-000007.nic.b59ecbe0-202e-46e6-8d1f-bdecca15a2d9/ipConfigurations/cli-test-pls-000007_ipconfig_0\"\r\n
        \           },\r\n            {\r\n              \"id\": \"/subscriptions/00000000-0000-0000-0000-000000000000/resourceGroups/cli_test_private_endpoint_pls000001/providers/Microsoft.Network/privateLinkServices/cli-test-pls-000007/ipConfigurations/cli-test-pls-000007_ipconfig_0\"\r\n
        \           }\r\n          ],\r\n          \"delegations\": [],\r\n          \"privateEndpointNetworkPolicies\":
        \"Disabled\",\r\n          \"privateLinkServiceNetworkPolicies\": \"Disabled\"\r\n
        \       },\r\n        \"type\": \"Microsoft.Network/virtualNetworks/subnets\"\r\n
        \     },\r\n      {\r\n        \"name\": \"cli-test-subnet-000003\",\r\n        \"id\":
        \"/subscriptions/00000000-0000-0000-0000-000000000000/resourceGroups/cli_test_private_endpoint_pls000001/providers/Microsoft.Network/virtualNetworks/cli-test-vnet-000002/subnets/cli-test-subnet-000003\",\r\n
        \       \"etag\": \"W/\\\"6c1797cc-cf51-4473-915a-c31940925f78\\\"\",\r\n
        \       \"properties\": {\r\n          \"provisioningState\": \"Updating\",\r\n
        \         \"addressPrefix\": \"10.0.2.0/24\",\r\n          \"delegations\":
        [],\r\n          \"privateEndpointNetworkPolicies\": \"Disabled\",\r\n          \"privateLinkServiceNetworkPolicies\":
        \"Enabled\"\r\n        },\r\n        \"type\": \"Microsoft.Network/virtualNetworks/subnets\"\r\n
        \     }\r\n    ],\r\n    \"virtualNetworkPeerings\": [],\r\n    \"enableDdosProtection\":
        false\r\n  }\r\n}"
    headers:
      azure-asyncnotification:
      - Enabled
      azure-asyncoperation:
      - https://management.azure.com/subscriptions/00000000-0000-0000-0000-000000000000/providers/Microsoft.Network/locations/centralus/operations/b2c16102-7b68-424c-8b8c-24d5cf5449a9?api-version=2022-01-01
      cache-control:
      - no-cache
      content-length:
      - '2706'
      content-type:
      - application/json; charset=utf-8
      date:
      - Tue, 25 Oct 2022 09:18:23 GMT
      expires:
      - '-1'
      pragma:
      - no-cache
      server:
      - Microsoft-HTTPAPI/2.0
      - Microsoft-HTTPAPI/2.0
      strict-transport-security:
      - max-age=31536000; includeSubDomains
      x-content-type-options:
      - nosniff
      x-ms-arm-service-request-id:
      - d23d6a95-37d4-42d5-bc2d-bbeebac9fc36
      x-ms-ratelimit-remaining-subscription-writes:
      - '1194'
    status:
      code: 200
      message: OK
- request:
    body: null
    headers:
      Accept:
      - '*/*'
      Accept-Encoding:
      - gzip, deflate
      CommandName:
      - network vnet subnet create
      Connection:
      - keep-alive
      ParameterSetName:
      - -g -n --vnet-name --address-prefixes
      User-Agent:
      - AZURECLI/2.41.0 azsdk-python-azure-mgmt-network/21.0.1 Python/3.8.10 (Windows-10-10.0.19044-SP0)
    method: GET
    uri: https://management.azure.com/subscriptions/00000000-0000-0000-0000-000000000000/providers/Microsoft.Network/locations/centralus/operations/b2c16102-7b68-424c-8b8c-24d5cf5449a9?api-version=2022-01-01
  response:
    body:
      string: "{\r\n  \"status\": \"Succeeded\"\r\n}"
    headers:
      cache-control:
      - no-cache
      content-length:
      - '29'
      content-type:
      - application/json; charset=utf-8
      date:
      - Tue, 25 Oct 2022 09:18:26 GMT
      expires:
      - '-1'
      pragma:
      - no-cache
      server:
      - Microsoft-HTTPAPI/2.0
      - Microsoft-HTTPAPI/2.0
      strict-transport-security:
      - max-age=31536000; includeSubDomains
      x-content-type-options:
      - nosniff
      x-ms-arm-service-request-id:
      - cba5ca7b-5e0e-460f-84e5-67ee7581e0b2
    status:
      code: 200
      message: OK
- request:
    body: null
    headers:
      Accept:
      - '*/*'
      Accept-Encoding:
      - gzip, deflate
      CommandName:
      - network vnet subnet create
      Connection:
      - keep-alive
      ParameterSetName:
      - -g -n --vnet-name --address-prefixes
      User-Agent:
      - AZURECLI/2.41.0 azsdk-python-azure-mgmt-network/21.0.1 Python/3.8.10 (Windows-10-10.0.19044-SP0)
    method: GET
    uri: https://management.azure.com/subscriptions/00000000-0000-0000-0000-000000000000/resourceGroups/cli_test_private_endpoint_pls000001/providers/Microsoft.Network/virtualNetworks/cli-test-vnet-000002?api-version=2022-01-01
  response:
    body:
      string: "{\r\n  \"name\": \"cli-test-vnet-000002\",\r\n  \"id\": \"/subscriptions/00000000-0000-0000-0000-000000000000/resourceGroups/cli_test_private_endpoint_pls000001/providers/Microsoft.Network/virtualNetworks/cli-test-vnet-000002\",\r\n
        \ \"etag\": \"W/\\\"af5b4174-7670-49f7-8cae-cb98fd5b11e5\\\"\",\r\n  \"type\":
        \"Microsoft.Network/virtualNetworks\",\r\n  \"location\": \"centralus\",\r\n
        \ \"tags\": {},\r\n  \"properties\": {\r\n    \"provisioningState\": \"Succeeded\",\r\n
        \   \"resourceGuid\": \"f8b24f60-8d5e-47b3-8d54-17009fdd2964\",\r\n    \"addressSpace\":
        {\r\n      \"addressPrefixes\": [\r\n        \"10.0.0.0/16\"\r\n      ]\r\n
        \   },\r\n    \"dhcpOptions\": {\r\n      \"dnsServers\": []\r\n    },\r\n
        \   \"subnets\": [\r\n      {\r\n        \"name\": \"cli-test-subnet-000004\",\r\n
        \       \"id\": \"/subscriptions/00000000-0000-0000-0000-000000000000/resourceGroups/cli_test_private_endpoint_pls000001/providers/Microsoft.Network/virtualNetworks/cli-test-vnet-000002/subnets/cli-test-subnet-000004\",\r\n
        \       \"etag\": \"W/\\\"af5b4174-7670-49f7-8cae-cb98fd5b11e5\\\"\",\r\n
        \       \"properties\": {\r\n          \"provisioningState\": \"Succeeded\",\r\n
        \         \"addressPrefix\": \"10.0.0.0/24\",\r\n          \"ipConfigurations\":
        [\r\n            {\r\n              \"id\": \"/subscriptions/00000000-0000-0000-0000-000000000000/resourceGroups/cli_test_private_endpoint_pls000001/providers/Microsoft.Network/networkInterfaces/cli-test-pls-000007.nic.b59ecbe0-202e-46e6-8d1f-bdecca15a2d9/ipConfigurations/cli-test-pls-000007_ipconfig_0\"\r\n
        \           },\r\n            {\r\n              \"id\": \"/subscriptions/00000000-0000-0000-0000-000000000000/resourceGroups/cli_test_private_endpoint_pls000001/providers/Microsoft.Network/privateLinkServices/cli-test-pls-000007/ipConfigurations/cli-test-pls-000007_ipconfig_0\"\r\n
        \           }\r\n          ],\r\n          \"delegations\": [],\r\n          \"privateEndpointNetworkPolicies\":
        \"Disabled\",\r\n          \"privateLinkServiceNetworkPolicies\": \"Disabled\"\r\n
        \       },\r\n        \"type\": \"Microsoft.Network/virtualNetworks/subnets\"\r\n
        \     },\r\n      {\r\n        \"name\": \"cli-test-subnet-000003\",\r\n        \"id\":
        \"/subscriptions/00000000-0000-0000-0000-000000000000/resourceGroups/cli_test_private_endpoint_pls000001/providers/Microsoft.Network/virtualNetworks/cli-test-vnet-000002/subnets/cli-test-subnet-000003\",\r\n
        \       \"etag\": \"W/\\\"af5b4174-7670-49f7-8cae-cb98fd5b11e5\\\"\",\r\n
        \       \"properties\": {\r\n          \"provisioningState\": \"Succeeded\",\r\n
        \         \"addressPrefix\": \"10.0.2.0/24\",\r\n          \"delegations\":
        [],\r\n          \"privateEndpointNetworkPolicies\": \"Disabled\",\r\n          \"privateLinkServiceNetworkPolicies\":
        \"Enabled\"\r\n        },\r\n        \"type\": \"Microsoft.Network/virtualNetworks/subnets\"\r\n
        \     }\r\n    ],\r\n    \"virtualNetworkPeerings\": [],\r\n    \"enableDdosProtection\":
        false\r\n  }\r\n}"
    headers:
      cache-control:
      - no-cache
      content-length:
      - '2709'
      content-type:
      - application/json; charset=utf-8
      date:
      - Tue, 25 Oct 2022 09:18:27 GMT
      etag:
      - W/"af5b4174-7670-49f7-8cae-cb98fd5b11e5"
      expires:
      - '-1'
      pragma:
      - no-cache
      server:
      - Microsoft-HTTPAPI/2.0
      - Microsoft-HTTPAPI/2.0
      strict-transport-security:
      - max-age=31536000; includeSubDomains
      x-content-type-options:
      - nosniff
      x-ms-arm-service-request-id:
      - 2bcd4a11-b023-45cc-8bfb-e9b819632507
    status:
      code: 200
      message: OK
- request:
    body: null
    headers:
      Accept:
      - application/json
      Accept-Encoding:
      - gzip, deflate
      CommandName:
      - network vnet subnet update
      Connection:
      - keep-alive
      ParameterSetName:
      - -g -n --vnet-name --disable-private-endpoint-network-policies
      User-Agent:
      - AZURECLI/2.41.0 azsdk-python-azure-mgmt-network/21.0.1 Python/3.8.10 (Windows-10-10.0.19044-SP0)
    method: GET
    uri: https://management.azure.com/subscriptions/00000000-0000-0000-0000-000000000000/resourceGroups/cli_test_private_endpoint_pls000001/providers/Microsoft.Network/virtualNetworks/cli-test-vnet-000002/subnets/cli-test-subnet-000003?api-version=2022-01-01
  response:
    body:
      string: "{\r\n  \"name\": \"cli-test-subnet-000003\",\r\n  \"id\": \"/subscriptions/00000000-0000-0000-0000-000000000000/resourceGroups/cli_test_private_endpoint_pls000001/providers/Microsoft.Network/virtualNetworks/cli-test-vnet-000002/subnets/cli-test-subnet-000003\",\r\n
        \ \"etag\": \"W/\\\"af5b4174-7670-49f7-8cae-cb98fd5b11e5\\\"\",\r\n  \"properties\":
        {\r\n    \"provisioningState\": \"Succeeded\",\r\n    \"addressPrefix\": \"10.0.2.0/24\",\r\n
        \   \"delegations\": [],\r\n    \"privateEndpointNetworkPolicies\": \"Disabled\",\r\n
        \   \"privateLinkServiceNetworkPolicies\": \"Enabled\"\r\n  },\r\n  \"type\":
        \"Microsoft.Network/virtualNetworks/subnets\"\r\n}"
    headers:
      cache-control:
      - no-cache
      content-length:
      - '592'
      content-type:
      - application/json; charset=utf-8
      date:
      - Tue, 25 Oct 2022 09:18:28 GMT
      etag:
      - W/"af5b4174-7670-49f7-8cae-cb98fd5b11e5"
      expires:
      - '-1'
      pragma:
      - no-cache
      server:
      - Microsoft-HTTPAPI/2.0
      - Microsoft-HTTPAPI/2.0
      strict-transport-security:
      - max-age=31536000; includeSubDomains
      transfer-encoding:
      - chunked
      vary:
      - Accept-Encoding
      x-content-type-options:
      - nosniff
      x-ms-arm-service-request-id:
      - e4bfa025-8eaa-48c5-9378-aa676cc43daf
    status:
      code: 200
      message: OK
- request:
    body: '{"id": "/subscriptions/00000000-0000-0000-0000-000000000000/resourceGroups/cli_test_private_endpoint_pls000001/providers/Microsoft.Network/virtualNetworks/cli-test-vnet-000002/subnets/cli-test-subnet-000003",
      "name": "cli-test-subnet-000003", "type": "Microsoft.Network/virtualNetworks/subnets",
      "properties": {"addressPrefix": "10.0.2.0/24", "delegations": [], "privateEndpointNetworkPolicies":
      "Disabled", "privateLinkServiceNetworkPolicies": "Enabled"}}'
    headers:
      Accept:
      - application/json
      Accept-Encoding:
      - gzip, deflate
      CommandName:
      - network vnet subnet update
      Connection:
      - keep-alive
      Content-Length:
      - '456'
      Content-Type:
      - application/json
      ParameterSetName:
      - -g -n --vnet-name --disable-private-endpoint-network-policies
      User-Agent:
      - AZURECLI/2.41.0 azsdk-python-azure-mgmt-network/21.0.1 Python/3.8.10 (Windows-10-10.0.19044-SP0)
    method: PUT
    uri: https://management.azure.com/subscriptions/00000000-0000-0000-0000-000000000000/resourceGroups/cli_test_private_endpoint_pls000001/providers/Microsoft.Network/virtualNetworks/cli-test-vnet-000002/subnets/cli-test-subnet-000003?api-version=2022-01-01
  response:
    body:
      string: "{\r\n  \"name\": \"cli-test-subnet-000003\",\r\n  \"id\": \"/subscriptions/00000000-0000-0000-0000-000000000000/resourceGroups/cli_test_private_endpoint_pls000001/providers/Microsoft.Network/virtualNetworks/cli-test-vnet-000002/subnets/cli-test-subnet-000003\",\r\n
        \ \"etag\": \"W/\\\"da668fc2-3e4b-4e9f-85d6-d00d222fcdb4\\\"\",\r\n  \"properties\":
        {\r\n    \"provisioningState\": \"Succeeded\",\r\n    \"addressPrefix\": \"10.0.2.0/24\",\r\n
        \   \"delegations\": [],\r\n    \"privateEndpointNetworkPolicies\": \"Disabled\",\r\n
        \   \"privateLinkServiceNetworkPolicies\": \"Enabled\"\r\n  },\r\n  \"type\":
        \"Microsoft.Network/virtualNetworks/subnets\"\r\n}"
    headers:
      azure-asyncnotification:
      - Enabled
      azure-asyncoperation:
      - https://management.azure.com/subscriptions/00000000-0000-0000-0000-000000000000/providers/Microsoft.Network/locations/centralus/operations/b4a3a292-12eb-4697-84b7-f00d1a614d78?api-version=2022-01-01
      cache-control:
      - no-cache
      content-length:
      - '592'
      content-type:
      - application/json; charset=utf-8
      date:
      - Tue, 25 Oct 2022 09:18:30 GMT
      expires:
      - '-1'
      pragma:
      - no-cache
      server:
      - Microsoft-HTTPAPI/2.0
      - Microsoft-HTTPAPI/2.0
      strict-transport-security:
      - max-age=31536000; includeSubDomains
      transfer-encoding:
      - chunked
      vary:
      - Accept-Encoding
      x-content-type-options:
      - nosniff
      x-ms-arm-service-request-id:
      - d5b39f2e-ecf3-430e-a5ef-b4b73b25790a
      x-ms-ratelimit-remaining-subscription-writes:
      - '1192'
    status:
      code: 200
      message: OK
- request:
    body: null
    headers:
      Accept:
      - '*/*'
      Accept-Encoding:
      - gzip, deflate
      CommandName:
      - network vnet subnet update
      Connection:
      - keep-alive
      ParameterSetName:
      - -g -n --vnet-name --disable-private-endpoint-network-policies
      User-Agent:
      - AZURECLI/2.41.0 azsdk-python-azure-mgmt-network/21.0.1 Python/3.8.10 (Windows-10-10.0.19044-SP0)
    method: GET
    uri: https://management.azure.com/subscriptions/00000000-0000-0000-0000-000000000000/providers/Microsoft.Network/locations/centralus/operations/b4a3a292-12eb-4697-84b7-f00d1a614d78?api-version=2022-01-01
  response:
    body:
      string: "{\r\n  \"status\": \"Succeeded\"\r\n}"
    headers:
      cache-control:
      - no-cache
      content-length:
      - '29'
      content-type:
      - application/json; charset=utf-8
      date:
      - Tue, 25 Oct 2022 09:19:00 GMT
      expires:
      - '-1'
      pragma:
      - no-cache
      server:
      - Microsoft-HTTPAPI/2.0
      - Microsoft-HTTPAPI/2.0
      strict-transport-security:
      - max-age=31536000; includeSubDomains
      transfer-encoding:
      - chunked
      vary:
      - Accept-Encoding
      x-content-type-options:
      - nosniff
      x-ms-arm-service-request-id:
      - c1c1965e-3b1c-4036-989b-ececf6824978
    status:
      code: 200
      message: OK
- request:
    body: null
    headers:
      Accept:
      - '*/*'
      Accept-Encoding:
      - gzip, deflate
      CommandName:
      - network vnet subnet update
      Connection:
      - keep-alive
      ParameterSetName:
      - -g -n --vnet-name --disable-private-endpoint-network-policies
      User-Agent:
      - AZURECLI/2.41.0 azsdk-python-azure-mgmt-network/21.0.1 Python/3.8.10 (Windows-10-10.0.19044-SP0)
    method: GET
    uri: https://management.azure.com/subscriptions/00000000-0000-0000-0000-000000000000/resourceGroups/cli_test_private_endpoint_pls000001/providers/Microsoft.Network/virtualNetworks/cli-test-vnet-000002/subnets/cli-test-subnet-000003?api-version=2022-01-01
  response:
    body:
      string: "{\r\n  \"name\": \"cli-test-subnet-000003\",\r\n  \"id\": \"/subscriptions/00000000-0000-0000-0000-000000000000/resourceGroups/cli_test_private_endpoint_pls000001/providers/Microsoft.Network/virtualNetworks/cli-test-vnet-000002/subnets/cli-test-subnet-000003\",\r\n
        \ \"etag\": \"W/\\\"da668fc2-3e4b-4e9f-85d6-d00d222fcdb4\\\"\",\r\n  \"properties\":
        {\r\n    \"provisioningState\": \"Succeeded\",\r\n    \"addressPrefix\": \"10.0.2.0/24\",\r\n
        \   \"delegations\": [],\r\n    \"privateEndpointNetworkPolicies\": \"Disabled\",\r\n
        \   \"privateLinkServiceNetworkPolicies\": \"Enabled\"\r\n  },\r\n  \"type\":
        \"Microsoft.Network/virtualNetworks/subnets\"\r\n}"
    headers:
      cache-control:
      - no-cache
      content-length:
      - '592'
      content-type:
      - application/json; charset=utf-8
      date:
      - Tue, 25 Oct 2022 09:19:01 GMT
      etag:
      - W/"da668fc2-3e4b-4e9f-85d6-d00d222fcdb4"
      expires:
      - '-1'
      pragma:
      - no-cache
      server:
      - Microsoft-HTTPAPI/2.0
      - Microsoft-HTTPAPI/2.0
      strict-transport-security:
      - max-age=31536000; includeSubDomains
      transfer-encoding:
      - chunked
      vary:
      - Accept-Encoding
      x-content-type-options:
      - nosniff
      x-ms-arm-service-request-id:
      - 78606474-679e-4d56-ad7f-ee4c7774ff32
    status:
      code: 200
      message: OK
- request:
    body: null
    headers:
      Accept:
      - application/json
      Accept-Encoding:
      - gzip, deflate
      CommandName:
      - network private-endpoint create
      Connection:
      - keep-alive
      ParameterSetName:
      - -g -n --vnet-name --subnet --private-connection-resource-id --connection-name
      User-Agent:
      - AZURECLI/2.41.0 azsdk-python-azure-mgmt-resource/21.1.0b1 Python/3.8.10 (Windows-10-10.0.19044-SP0)
    method: GET
    uri: https://management.azure.com/subscriptions/00000000-0000-0000-0000-000000000000/resourcegroups/cli_test_private_endpoint_pls000001?api-version=2021-04-01
  response:
    body:
      string: '{"id":"/subscriptions/00000000-0000-0000-0000-000000000000/resourceGroups/cli_test_private_endpoint_pls000001","name":"cli_test_private_endpoint_pls000001","type":"Microsoft.Resources/resourceGroups","location":"centralus","tags":{"product":"azurecli","cause":"automation","date":"2022-10-25T09:16:57Z"},"properties":{"provisioningState":"Succeeded"}}'
    headers:
      cache-control:
      - no-cache
      content-length:
      - '351'
      content-type:
      - application/json; charset=utf-8
      date:
      - Tue, 25 Oct 2022 09:19:02 GMT
      expires:
      - '-1'
      pragma:
      - no-cache
      strict-transport-security:
      - max-age=31536000; includeSubDomains
      vary:
      - Accept-Encoding
      x-content-type-options:
      - nosniff
    status:
      code: 200
      message: OK
- request:
    body: '{"location": "centralus", "properties": {"subnet": {"id": "/subscriptions/00000000-0000-0000-0000-000000000000/resourceGroups/cli_test_private_endpoint_pls000001/providers/Microsoft.Network/virtualNetworks/cli-test-vnet-000002/subnets/cli-test-subnet-000003",
      "properties": {"privateEndpointNetworkPolicies": "Disabled", "privateLinkServiceNetworkPolicies":
      "Enabled"}}, "privateLinkServiceConnections": [{"name": "cli-test-conn-000010",
      "properties": {"privateLinkServiceId": "/subscriptions/00000000-0000-0000-0000-000000000000/resourceGroups/cli_test_private_endpoint_pls000001/providers/Microsoft.Network/privateLinkServices/cli-test-pls-000007"}}]}}'
    headers:
      Accept:
      - application/json
      Accept-Encoding:
      - gzip, deflate
      CommandName:
      - network private-endpoint create
      Connection:
      - keep-alive
      Content-Length:
      - '654'
      Content-Type:
      - application/json
      ParameterSetName:
      - -g -n --vnet-name --subnet --private-connection-resource-id --connection-name
      User-Agent:
      - AZURECLI/2.41.0 azsdk-python-azure-mgmt-network/21.0.1 Python/3.8.10 (Windows-10-10.0.19044-SP0)
    method: PUT
    uri: https://management.azure.com/subscriptions/00000000-0000-0000-0000-000000000000/resourceGroups/cli_test_private_endpoint_pls000001/providers/Microsoft.Network/privateEndpoints/cli-test-endpoint-000008?api-version=2022-01-01
  response:
    body:
      string: "{\r\n  \"name\": \"cli-test-endpoint-000008\",\r\n  \"id\": \"/subscriptions/00000000-0000-0000-0000-000000000000/resourceGroups/cli_test_private_endpoint_pls000001/providers/Microsoft.Network/privateEndpoints/cli-test-endpoint-000008\",\r\n
        \ \"etag\": \"W/\\\"1ce37ae4-8cb2-4cda-a20d-df5a42a91ac6\\\"\",\r\n  \"type\":
        \"Microsoft.Network/privateEndpoints\",\r\n  \"location\": \"centralus\",\r\n
        \ \"properties\": {\r\n    \"provisioningState\": \"Updating\",\r\n    \"resourceGuid\":
        \"7e7c956c-ed44-47c1-b097-9a2ba7416d83\",\r\n    \"privateLinkServiceConnections\":
        [\r\n      {\r\n        \"name\": \"cli-test-conn-000010\",\r\n        \"id\":
        \"/subscriptions/00000000-0000-0000-0000-000000000000/resourceGroups/cli_test_private_endpoint_pls000001/providers/Microsoft.Network/privateEndpoints/cli-test-endpoint-000008/privateLinkServiceConnections/cli-test-conn-000010\",\r\n
        \       \"etag\": \"W/\\\"1ce37ae4-8cb2-4cda-a20d-df5a42a91ac6\\\"\",\r\n
        \       \"properties\": {\r\n          \"provisioningState\": \"Succeeded\",\r\n
        \         \"privateLinkServiceId\": \"/subscriptions/00000000-0000-0000-0000-000000000000/resourceGroups/cli_test_private_endpoint_pls000001/providers/Microsoft.Network/privateLinkServices/cli-test-pls-000007\",\r\n
        \         \"privateLinkServiceConnectionState\": {\r\n            \"status\":
        \"Approved\",\r\n            \"description\": \"Auto Approved\",\r\n            \"actionsRequired\":
        \"None\"\r\n          }\r\n        },\r\n        \"type\": \"Microsoft.Network/privateEndpoints/privateLinkServiceConnections\"\r\n
        \     }\r\n    ],\r\n    \"manualPrivateLinkServiceConnections\": [],\r\n
        \   \"customNetworkInterfaceName\": \"\",\r\n    \"subnet\": {\r\n      \"id\":
        \"/subscriptions/00000000-0000-0000-0000-000000000000/resourceGroups/cli_test_private_endpoint_pls000001/providers/Microsoft.Network/virtualNetworks/cli-test-vnet-000002/subnets/cli-test-subnet-000003\"\r\n
        \   },\r\n    \"ipConfigurations\": [],\r\n    \"networkInterfaces\": [\r\n
        \     {\r\n        \"id\": \"/subscriptions/00000000-0000-0000-0000-000000000000/resourceGroups/cli_test_private_endpoint_pls000001/providers/Microsoft.Network/networkInterfaces/cli-test-endpoint-000008.nic.a73df99e-56c1-4f18-866d-bf4793883ad9\"\r\n
        \     }\r\n    ],\r\n    \"customDnsConfigs\": []\r\n  }\r\n}"
    headers:
      azure-asyncnotification:
      - Enabled
      azure-asyncoperation:
      - https://management.azure.com/subscriptions/00000000-0000-0000-0000-000000000000/providers/Microsoft.Network/locations/centralus/operations/9a96e2ef-56f9-4311-ac1d-390ce295ac64?api-version=2022-01-01
      cache-control:
      - no-cache
      content-length:
      - '2123'
      content-type:
      - application/json; charset=utf-8
      date:
      - Tue, 25 Oct 2022 09:19:08 GMT
      expires:
      - '-1'
      pragma:
      - no-cache
      server:
      - Microsoft-HTTPAPI/2.0
      - Microsoft-HTTPAPI/2.0
      strict-transport-security:
      - max-age=31536000; includeSubDomains
      x-content-type-options:
      - nosniff
      x-ms-arm-service-request-id:
      - dcce0a71-fc2f-4df6-aa0f-047c8e086700
      x-ms-ratelimit-remaining-subscription-writes:
      - '1196'
    status:
      code: 201
      message: Created
- request:
    body: null
    headers:
      Accept:
      - '*/*'
      Accept-Encoding:
      - gzip, deflate
      CommandName:
      - network private-endpoint create
      Connection:
      - keep-alive
      ParameterSetName:
      - -g -n --vnet-name --subnet --private-connection-resource-id --connection-name
      User-Agent:
      - AZURECLI/2.41.0 azsdk-python-azure-mgmt-network/21.0.1 Python/3.8.10 (Windows-10-10.0.19044-SP0)
    method: GET
    uri: https://management.azure.com/subscriptions/00000000-0000-0000-0000-000000000000/providers/Microsoft.Network/locations/centralus/operations/9a96e2ef-56f9-4311-ac1d-390ce295ac64?api-version=2022-01-01
  response:
    body:
      string: "{\r\n  \"status\": \"InProgress\"\r\n}"
    headers:
      cache-control:
      - no-cache
      content-length:
      - '30'
      content-type:
      - application/json; charset=utf-8
      date:
      - Tue, 25 Oct 2022 09:19:19 GMT
      expires:
      - '-1'
      pragma:
      - no-cache
      server:
      - Microsoft-HTTPAPI/2.0
      - Microsoft-HTTPAPI/2.0
      strict-transport-security:
      - max-age=31536000; includeSubDomains
      transfer-encoding:
      - chunked
      vary:
      - Accept-Encoding
      x-content-type-options:
      - nosniff
      x-ms-arm-service-request-id:
      - beba50c7-1a67-44be-bf78-7a8c8a177b3e
    status:
      code: 200
      message: OK
- request:
    body: null
    headers:
      Accept:
      - '*/*'
      Accept-Encoding:
      - gzip, deflate
      CommandName:
      - network private-endpoint create
      Connection:
      - keep-alive
      ParameterSetName:
      - -g -n --vnet-name --subnet --private-connection-resource-id --connection-name
      User-Agent:
      - AZURECLI/2.41.0 azsdk-python-azure-mgmt-network/21.0.1 Python/3.8.10 (Windows-10-10.0.19044-SP0)
    method: GET
    uri: https://management.azure.com/subscriptions/00000000-0000-0000-0000-000000000000/providers/Microsoft.Network/locations/centralus/operations/9a96e2ef-56f9-4311-ac1d-390ce295ac64?api-version=2022-01-01
  response:
    body:
      string: "{\r\n  \"status\": \"InProgress\"\r\n}"
    headers:
      cache-control:
      - no-cache
      content-length:
      - '30'
      content-type:
      - application/json; charset=utf-8
      date:
      - Tue, 25 Oct 2022 09:19:29 GMT
      expires:
      - '-1'
      pragma:
      - no-cache
      server:
      - Microsoft-HTTPAPI/2.0
      - Microsoft-HTTPAPI/2.0
      strict-transport-security:
      - max-age=31536000; includeSubDomains
      transfer-encoding:
      - chunked
      vary:
      - Accept-Encoding
      x-content-type-options:
      - nosniff
      x-ms-arm-service-request-id:
      - e9c78b78-c1e3-4d20-acd7-2255f8842935
    status:
      code: 200
      message: OK
- request:
    body: null
    headers:
      Accept:
      - '*/*'
      Accept-Encoding:
      - gzip, deflate
      CommandName:
      - network private-endpoint create
      Connection:
      - keep-alive
      ParameterSetName:
      - -g -n --vnet-name --subnet --private-connection-resource-id --connection-name
      User-Agent:
      - AZURECLI/2.41.0 azsdk-python-azure-mgmt-network/21.0.1 Python/3.8.10 (Windows-10-10.0.19044-SP0)
    method: GET
    uri: https://management.azure.com/subscriptions/00000000-0000-0000-0000-000000000000/providers/Microsoft.Network/locations/centralus/operations/9a96e2ef-56f9-4311-ac1d-390ce295ac64?api-version=2022-01-01
  response:
    body:
      string: "{\r\n  \"status\": \"InProgress\"\r\n}"
    headers:
      cache-control:
      - no-cache
      content-length:
      - '30'
      content-type:
      - application/json; charset=utf-8
      date:
      - Tue, 25 Oct 2022 09:19:50 GMT
      expires:
      - '-1'
      pragma:
      - no-cache
      server:
      - Microsoft-HTTPAPI/2.0
      - Microsoft-HTTPAPI/2.0
      strict-transport-security:
      - max-age=31536000; includeSubDomains
      transfer-encoding:
      - chunked
      vary:
      - Accept-Encoding
      x-content-type-options:
      - nosniff
      x-ms-arm-service-request-id:
      - 6f3d182e-6a22-44a2-9db0-413cbc50be31
    status:
      code: 200
      message: OK
- request:
    body: null
    headers:
      Accept:
      - '*/*'
      Accept-Encoding:
      - gzip, deflate
      CommandName:
      - network private-endpoint create
      Connection:
      - keep-alive
      ParameterSetName:
      - -g -n --vnet-name --subnet --private-connection-resource-id --connection-name
      User-Agent:
      - AZURECLI/2.41.0 azsdk-python-azure-mgmt-network/21.0.1 Python/3.8.10 (Windows-10-10.0.19044-SP0)
    method: GET
    uri: https://management.azure.com/subscriptions/00000000-0000-0000-0000-000000000000/providers/Microsoft.Network/locations/centralus/operations/9a96e2ef-56f9-4311-ac1d-390ce295ac64?api-version=2022-01-01
  response:
    body:
      string: "{\r\n  \"status\": \"Succeeded\"\r\n}"
    headers:
      cache-control:
      - no-cache
      content-length:
      - '29'
      content-type:
      - application/json; charset=utf-8
      date:
      - Tue, 25 Oct 2022 09:20:11 GMT
      expires:
      - '-1'
      pragma:
      - no-cache
      server:
      - Microsoft-HTTPAPI/2.0
      - Microsoft-HTTPAPI/2.0
      strict-transport-security:
      - max-age=31536000; includeSubDomains
      transfer-encoding:
      - chunked
      vary:
      - Accept-Encoding
      x-content-type-options:
      - nosniff
      x-ms-arm-service-request-id:
      - 70f704fc-ae22-47f7-8634-147ed716d9e4
    status:
      code: 200
      message: OK
- request:
    body: null
    headers:
      Accept:
      - '*/*'
      Accept-Encoding:
      - gzip, deflate
      CommandName:
      - network private-endpoint create
      Connection:
      - keep-alive
      ParameterSetName:
      - -g -n --vnet-name --subnet --private-connection-resource-id --connection-name
      User-Agent:
      - AZURECLI/2.41.0 azsdk-python-azure-mgmt-network/21.0.1 Python/3.8.10 (Windows-10-10.0.19044-SP0)
    method: GET
    uri: https://management.azure.com/subscriptions/00000000-0000-0000-0000-000000000000/resourceGroups/cli_test_private_endpoint_pls000001/providers/Microsoft.Network/privateEndpoints/cli-test-endpoint-000008?api-version=2022-01-01
  response:
    body:
      string: "{\r\n  \"name\": \"cli-test-endpoint-000008\",\r\n  \"id\": \"/subscriptions/00000000-0000-0000-0000-000000000000/resourceGroups/cli_test_private_endpoint_pls000001/providers/Microsoft.Network/privateEndpoints/cli-test-endpoint-000008\",\r\n
        \ \"etag\": \"W/\\\"30fbaf17-767a-421f-81bc-4de5da6a1f4b\\\"\",\r\n  \"type\":
        \"Microsoft.Network/privateEndpoints\",\r\n  \"location\": \"centralus\",\r\n
        \ \"properties\": {\r\n    \"provisioningState\": \"Succeeded\",\r\n    \"resourceGuid\":
        \"7e7c956c-ed44-47c1-b097-9a2ba7416d83\",\r\n    \"privateLinkServiceConnections\":
        [\r\n      {\r\n        \"name\": \"cli-test-conn-000010\",\r\n        \"id\":
        \"/subscriptions/00000000-0000-0000-0000-000000000000/resourceGroups/cli_test_private_endpoint_pls000001/providers/Microsoft.Network/privateEndpoints/cli-test-endpoint-000008/privateLinkServiceConnections/cli-test-conn-000010\",\r\n
        \       \"etag\": \"W/\\\"30fbaf17-767a-421f-81bc-4de5da6a1f4b\\\"\",\r\n
        \       \"properties\": {\r\n          \"provisioningState\": \"Succeeded\",\r\n
        \         \"privateLinkServiceId\": \"/subscriptions/00000000-0000-0000-0000-000000000000/resourceGroups/cli_test_private_endpoint_pls000001/providers/Microsoft.Network/privateLinkServices/cli-test-pls-000007\",\r\n
        \         \"privateLinkServiceConnectionState\": {\r\n            \"status\":
        \"Approved\",\r\n            \"description\": \"Auto Approved\",\r\n            \"actionsRequired\":
        \"None\"\r\n          }\r\n        },\r\n        \"type\": \"Microsoft.Network/privateEndpoints/privateLinkServiceConnections\"\r\n
        \     }\r\n    ],\r\n    \"manualPrivateLinkServiceConnections\": [],\r\n
        \   \"customNetworkInterfaceName\": \"\",\r\n    \"subnet\": {\r\n      \"id\":
        \"/subscriptions/00000000-0000-0000-0000-000000000000/resourceGroups/cli_test_private_endpoint_pls000001/providers/Microsoft.Network/virtualNetworks/cli-test-vnet-000002/subnets/cli-test-subnet-000003\"\r\n
        \   },\r\n    \"ipConfigurations\": [],\r\n    \"networkInterfaces\": [\r\n
        \     {\r\n        \"id\": \"/subscriptions/00000000-0000-0000-0000-000000000000/resourceGroups/cli_test_private_endpoint_pls000001/providers/Microsoft.Network/networkInterfaces/cli-test-endpoint-000008.nic.a73df99e-56c1-4f18-866d-bf4793883ad9\"\r\n
        \     }\r\n    ],\r\n    \"customDnsConfigs\": []\r\n  }\r\n}"
    headers:
      cache-control:
      - no-cache
      content-length:
      - '2124'
      content-type:
      - application/json; charset=utf-8
      date:
      - Tue, 25 Oct 2022 09:20:11 GMT
      etag:
      - W/"30fbaf17-767a-421f-81bc-4de5da6a1f4b"
      expires:
      - '-1'
      pragma:
      - no-cache
      server:
      - Microsoft-HTTPAPI/2.0
      - Microsoft-HTTPAPI/2.0
      strict-transport-security:
      - max-age=31536000; includeSubDomains
      transfer-encoding:
      - chunked
      vary:
      - Accept-Encoding
      x-content-type-options:
      - nosniff
      x-ms-arm-service-request-id:
      - 19af5193-3c26-47fb-ac35-f56e662a986c
    status:
      code: 200
      message: OK
- request:
    body: null
    headers:
      Accept:
      - '*/*'
      Accept-Encoding:
      - gzip, deflate
      CommandName:
      - network private-endpoint-connection list
      Connection:
      - keep-alive
      ParameterSetName:
      - -g -n --type
      User-Agent:
      - python/3.8.10 (Windows-10-10.0.19044-SP0) AZURECLI/2.41.0
    method: GET
    uri: https://management.azure.com/subscriptions/00000000-0000-0000-0000-000000000000/resourceGroups/cli_test_private_endpoint_pls000001/providers/Microsoft.Network/privateLinkServices/cli-test-pls-000007/privateEndpointConnections?api-version=2021-05-01
  response:
    body:
      string: "{\r\n  \"value\": [\r\n    {\r\n      \"name\": \"cli-test-endpoint-000008.7e7c956c-ed44-47c1-b097-9a2ba7416d83\",\r\n
        \     \"id\": \"/subscriptions/00000000-0000-0000-0000-000000000000/resourceGroups/cli_test_private_endpoint_pls000001/providers/Microsoft.Network/privateLinkServices/cli-test-pls-000007/privateEndpointConnections/cli-test-endpoint-000008.7e7c956c-ed44-47c1-b097-9a2ba7416d83\",\r\n
        \     \"etag\": \"W/\\\"0ca515ee-ec71-4cf5-bcdd-ce34d298c8c7\\\"\",\r\n      \"properties\":
        {\r\n        \"provisioningState\": \"Succeeded\",\r\n        \"privateEndpoint\":
        {\r\n          \"id\": \"/subscriptions/00000000-0000-0000-0000-000000000000/resourceGroups/cli_test_private_endpoint_pls000001/providers/Microsoft.Network/privateEndpoints/cli-test-endpoint-000008\"\r\n
        \       },\r\n        \"privateLinkServiceConnectionState\": {\r\n          \"status\":
        \"Approved\",\r\n          \"description\": \"Auto Approved\",\r\n          \"actionsRequired\":
        \"None\"\r\n        },\r\n        \"linkIdentifier\": \"520110984\"\r\n      },\r\n
        \     \"type\": \"Microsoft.Network/privateLinkServices/privateEndpointConnections\"\r\n
        \   }\r\n  ]\r\n}"
    headers:
      cache-control:
      - no-cache
      content-length:
      - '1058'
      content-type:
      - application/json; charset=utf-8
      date:
      - Tue, 25 Oct 2022 09:20:12 GMT
      expires:
      - '-1'
      pragma:
      - no-cache
      server:
      - Microsoft-HTTPAPI/2.0
      - Microsoft-HTTPAPI/2.0
      strict-transport-security:
      - max-age=31536000; includeSubDomains
      transfer-encoding:
      - chunked
      vary:
      - Accept-Encoding
      x-content-type-options:
      - nosniff
      x-ms-arm-service-request-id:
      - 2ee5b68a-acbb-485c-9b0b-ae9c9d5245d3
    status:
      code: 200
      message: OK
- request:
    body: null
    headers:
      Accept:
      - '*/*'
      Accept-Encoding:
      - gzip, deflate
      CommandName:
      - network private-endpoint-connection approve
      Connection:
      - keep-alive
      ParameterSetName:
      - -n -g --resource-name --type --description
      User-Agent:
      - python/3.8.10 (Windows-10-10.0.19044-SP0) AZURECLI/2.41.0
    method: GET
    uri: https://management.azure.com/subscriptions/00000000-0000-0000-0000-000000000000/resourceGroups/cli_test_private_endpoint_pls000001/providers/Microsoft.Network/privateLinkServices/cli-test-pls-000007/privateEndpointConnections/cli-test-endpoint-000008.7e7c956c-ed44-47c1-b097-9a2ba7416d83?api-version=2021-05-01
  response:
    body:
      string: "{\r\n  \"name\": \"cli-test-endpoint-000008.7e7c956c-ed44-47c1-b097-9a2ba7416d83\",\r\n
        \ \"id\": \"/subscriptions/00000000-0000-0000-0000-000000000000/resourceGroups/cli_test_private_endpoint_pls000001/providers/Microsoft.Network/privateLinkServices/cli-test-pls-000007/privateEndpointConnections/cli-test-endpoint-000008.7e7c956c-ed44-47c1-b097-9a2ba7416d83\",\r\n
        \ \"etag\": \"W/\\\"0ca515ee-ec71-4cf5-bcdd-ce34d298c8c7\\\"\",\r\n  \"properties\":
        {\r\n    \"provisioningState\": \"Succeeded\",\r\n    \"privateEndpoint\":
        {\r\n      \"id\": \"/subscriptions/00000000-0000-0000-0000-000000000000/resourceGroups/cli_test_private_endpoint_pls000001/providers/Microsoft.Network/privateEndpoints/cli-test-endpoint-000008\"\r\n
        \   },\r\n    \"privateLinkServiceConnectionState\": {\r\n      \"status\":
        \"Approved\",\r\n      \"description\": \"Auto Approved\",\r\n      \"actionsRequired\":
        \"None\"\r\n    },\r\n    \"linkIdentifier\": \"520110984\"\r\n  },\r\n  \"type\":
        \"Microsoft.Network/privateLinkServices/privateEndpointConnections\"\r\n}"
    headers:
      cache-control:
      - no-cache
      content-length:
      - '961'
      content-type:
      - application/json; charset=utf-8
      date:
      - Tue, 25 Oct 2022 09:20:14 GMT
      etag:
      - W/"0ca515ee-ec71-4cf5-bcdd-ce34d298c8c7"
      expires:
      - '-1'
      pragma:
      - no-cache
      server:
      - Microsoft-HTTPAPI/2.0
      - Microsoft-HTTPAPI/2.0
      strict-transport-security:
      - max-age=31536000; includeSubDomains
      transfer-encoding:
      - chunked
      vary:
      - Accept-Encoding
      x-content-type-options:
      - nosniff
      x-ms-arm-service-request-id:
      - a84451c8-1a65-482b-b159-eecf292cbee6
    status:
      code: 200
      message: OK
- request:
    body: '{"name": "cli-test-endpoint-000008.7e7c956c-ed44-47c1-b097-9a2ba7416d83",
      "id": "/subscriptions/00000000-0000-0000-0000-000000000000/resourceGroups/cli_test_private_endpoint_pls000001/providers/Microsoft.Network/privateLinkServices/cli-test-pls-000007/privateEndpointConnections/cli-test-endpoint-000008.7e7c956c-ed44-47c1-b097-9a2ba7416d83",
      "etag": "W/\"0ca515ee-ec71-4cf5-bcdd-ce34d298c8c7\"", "properties": {"provisioningState":
      "Succeeded", "privateEndpoint": {"id": "/subscriptions/00000000-0000-0000-0000-000000000000/resourceGroups/cli_test_private_endpoint_pls000001/providers/Microsoft.Network/privateEndpoints/cli-test-endpoint-000008"},
      "privateLinkServiceConnectionState": {"status": "Approved", "description": "Approved",
      "actionsRequired": "None"}, "linkIdentifier": "520110984"}, "type": "Microsoft.Network/privateLinkServices/privateEndpointConnections"}'
    headers:
      Accept:
      - '*/*'
      Accept-Encoding:
      - gzip, deflate
      CommandName:
      - network private-endpoint-connection approve
      Connection:
      - keep-alive
      Content-Length:
      - '871'
      Content-Type:
      - application/json
      ParameterSetName:
      - -n -g --resource-name --type --description
      User-Agent:
      - python/3.8.10 (Windows-10-10.0.19044-SP0) AZURECLI/2.41.0
    method: PUT
    uri: https://management.azure.com/subscriptions/00000000-0000-0000-0000-000000000000/resourceGroups/cli_test_private_endpoint_pls000001/providers/Microsoft.Network/privateLinkServices/cli-test-pls-000007/privateEndpointConnections/cli-test-endpoint-000008.7e7c956c-ed44-47c1-b097-9a2ba7416d83?api-version=2021-05-01
  response:
    body:
      string: "{\r\n  \"name\": \"cli-test-endpoint-000008.7e7c956c-ed44-47c1-b097-9a2ba7416d83\",\r\n
        \ \"id\": \"/subscriptions/00000000-0000-0000-0000-000000000000/resourceGroups/cli_test_private_endpoint_pls000001/providers/Microsoft.Network/privateLinkServices/cli-test-pls-000007/privateEndpointConnections/cli-test-endpoint-000008.7e7c956c-ed44-47c1-b097-9a2ba7416d83\",\r\n
        \ \"etag\": \"W/\\\"01e2949b-5e7d-4878-ac65-7af3234c98f7\\\"\",\r\n  \"properties\":
        {\r\n    \"provisioningState\": \"Updating\",\r\n    \"privateEndpoint\":
        {\r\n      \"id\": \"/subscriptions/00000000-0000-0000-0000-000000000000/resourceGroups/cli_test_private_endpoint_pls000001/providers/Microsoft.Network/privateEndpoints/cli-test-endpoint-000008\"\r\n
        \   },\r\n    \"privateLinkServiceConnectionState\": {\r\n      \"status\":
        \"Approved\",\r\n      \"description\": \"Approved\",\r\n      \"actionsRequired\":
        \"None\"\r\n    },\r\n    \"linkIdentifier\": \"520110984\"\r\n  },\r\n  \"type\":
        \"Microsoft.Network/privateLinkServices/privateEndpointConnections\"\r\n}"
    headers:
      azure-asyncnotification:
      - Enabled
      azure-asyncoperation:
      - https://management.azure.com/subscriptions/00000000-0000-0000-0000-000000000000/providers/Microsoft.Network/locations/centralus/operations/57e29efe-4aaf-42a2-aeb4-2d116072d104?api-version=2021-05-01
      cache-control:
      - no-cache
      content-length:
      - '955'
      content-type:
      - application/json; charset=utf-8
      date:
      - Tue, 25 Oct 2022 09:20:15 GMT
      expires:
      - '-1'
      pragma:
      - no-cache
      server:
      - Microsoft-HTTPAPI/2.0
      - Microsoft-HTTPAPI/2.0
      strict-transport-security:
      - max-age=31536000; includeSubDomains
      transfer-encoding:
      - chunked
      vary:
      - Accept-Encoding
      x-content-type-options:
      - nosniff
      x-ms-arm-service-request-id:
      - ed22a4d3-80fc-4055-a11a-0ad8e9c07b2e
      x-ms-ratelimit-remaining-subscription-writes:
      - '1196'
    status:
      code: 200
      message: OK
- request:
    body: null
    headers:
      Accept:
      - '*/*'
      Accept-Encoding:
      - gzip, deflate
      CommandName:
      - network private-endpoint-connection approve
      Connection:
      - keep-alive
      ParameterSetName:
      - -n -g --resource-name --type --description
      User-Agent:
      - python/3.8.10 (Windows-10-10.0.19044-SP0) AZURECLI/2.41.0
    method: GET
    uri: https://management.azure.com/subscriptions/00000000-0000-0000-0000-000000000000/resourceGroups/cli_test_private_endpoint_pls000001/providers/Microsoft.Network/privateLinkServices/cli-test-pls-000007/privateEndpointConnections/cli-test-endpoint-000008.7e7c956c-ed44-47c1-b097-9a2ba7416d83?api-version=2021-05-01
  response:
    body:
      string: "{\r\n  \"name\": \"cli-test-endpoint-000008.7e7c956c-ed44-47c1-b097-9a2ba7416d83\",\r\n
        \ \"id\": \"/subscriptions/00000000-0000-0000-0000-000000000000/resourceGroups/cli_test_private_endpoint_pls000001/providers/Microsoft.Network/privateLinkServices/cli-test-pls-000007/privateEndpointConnections/cli-test-endpoint-000008.7e7c956c-ed44-47c1-b097-9a2ba7416d83\",\r\n
        \ \"etag\": \"W/\\\"9d73cc95-32fb-46be-8241-b0516c98200c\\\"\",\r\n  \"properties\":
        {\r\n    \"provisioningState\": \"Succeeded\",\r\n    \"privateEndpoint\":
        {\r\n      \"id\": \"/subscriptions/00000000-0000-0000-0000-000000000000/resourceGroups/cli_test_private_endpoint_pls000001/providers/Microsoft.Network/privateEndpoints/cli-test-endpoint-000008\"\r\n
        \   },\r\n    \"privateLinkServiceConnectionState\": {\r\n      \"status\":
        \"Approved\",\r\n      \"description\": \"Approved\",\r\n      \"actionsRequired\":
        \"None\"\r\n    },\r\n    \"linkIdentifier\": \"520110984\"\r\n  },\r\n  \"type\":
        \"Microsoft.Network/privateLinkServices/privateEndpointConnections\"\r\n}"
    headers:
      cache-control:
      - no-cache
      content-length:
      - '956'
      content-type:
      - application/json; charset=utf-8
      date:
      - Tue, 25 Oct 2022 09:20:26 GMT
      etag:
      - W/"9d73cc95-32fb-46be-8241-b0516c98200c"
      expires:
      - '-1'
      pragma:
      - no-cache
      server:
      - Microsoft-HTTPAPI/2.0
      - Microsoft-HTTPAPI/2.0
      strict-transport-security:
      - max-age=31536000; includeSubDomains
      transfer-encoding:
      - chunked
      vary:
      - Accept-Encoding
      x-content-type-options:
      - nosniff
      x-ms-arm-service-request-id:
      - b3b9f6ea-fa5d-4a11-8baa-976110ea5d83
    status:
      code: 200
      message: OK
- request:
    body: null
    headers:
      Accept:
      - application/json
      Accept-Encoding:
      - gzip, deflate
      CommandName:
      - network private-endpoint create
      Connection:
      - keep-alive
      ParameterSetName:
      - -g -n --vnet-name --subnet --private-connection-resource-id --connection-name
      User-Agent:
      - AZURECLI/2.41.0 azsdk-python-azure-mgmt-resource/21.1.0b1 Python/3.8.10 (Windows-10-10.0.19044-SP0)
    method: GET
    uri: https://management.azure.com/subscriptions/00000000-0000-0000-0000-000000000000/resourcegroups/cli_test_private_endpoint_pls000001?api-version=2021-04-01
  response:
    body:
      string: '{"id":"/subscriptions/00000000-0000-0000-0000-000000000000/resourceGroups/cli_test_private_endpoint_pls000001","name":"cli_test_private_endpoint_pls000001","type":"Microsoft.Resources/resourceGroups","location":"centralus","tags":{"product":"azurecli","cause":"automation","date":"2022-10-25T09:16:57Z"},"properties":{"provisioningState":"Succeeded"}}'
    headers:
      cache-control:
      - no-cache
      content-length:
      - '351'
      content-type:
      - application/json; charset=utf-8
      date:
      - Tue, 25 Oct 2022 09:20:28 GMT
      expires:
      - '-1'
      pragma:
      - no-cache
      strict-transport-security:
      - max-age=31536000; includeSubDomains
      vary:
      - Accept-Encoding
      x-content-type-options:
      - nosniff
    status:
      code: 200
      message: OK
- request:
    body: '{"location": "centralus", "properties": {"subnet": {"id": "/subscriptions/00000000-0000-0000-0000-000000000000/resourceGroups/cli_test_private_endpoint_pls000001/providers/Microsoft.Network/virtualNetworks/cli-test-vnet-000002/subnets/cli-test-subnet-000003",
      "properties": {"privateEndpointNetworkPolicies": "Disabled", "privateLinkServiceNetworkPolicies":
      "Enabled"}}, "privateLinkServiceConnections": [{"name": "cli-test-conn-000011",
      "properties": {"privateLinkServiceId": "/subscriptions/00000000-0000-0000-0000-000000000000/resourceGroups/cli_test_private_endpoint_pls000001/providers/Microsoft.Network/privateLinkServices/cli-test-pls-000007"}}]}}'
    headers:
      Accept:
      - application/json
      Accept-Encoding:
      - gzip, deflate
      CommandName:
      - network private-endpoint create
      Connection:
      - keep-alive
      Content-Length:
      - '654'
      Content-Type:
      - application/json
      ParameterSetName:
      - -g -n --vnet-name --subnet --private-connection-resource-id --connection-name
      User-Agent:
      - AZURECLI/2.41.0 azsdk-python-azure-mgmt-network/21.0.1 Python/3.8.10 (Windows-10-10.0.19044-SP0)
    method: PUT
    uri: https://management.azure.com/subscriptions/00000000-0000-0000-0000-000000000000/resourceGroups/cli_test_private_endpoint_pls000001/providers/Microsoft.Network/privateEndpoints/cli-test-endpoint-000009?api-version=2022-01-01
  response:
    body:
      string: "{\r\n  \"name\": \"cli-test-endpoint-000009\",\r\n  \"id\": \"/subscriptions/00000000-0000-0000-0000-000000000000/resourceGroups/cli_test_private_endpoint_pls000001/providers/Microsoft.Network/privateEndpoints/cli-test-endpoint-000009\",\r\n
        \ \"etag\": \"W/\\\"769a443c-74e3-44dc-a867-c52f7531a93a\\\"\",\r\n  \"type\":
        \"Microsoft.Network/privateEndpoints\",\r\n  \"location\": \"centralus\",\r\n
        \ \"properties\": {\r\n    \"provisioningState\": \"Updating\",\r\n    \"resourceGuid\":
        \"65c8fadf-2f80-41e4-b7e2-4adbab2f7d70\",\r\n    \"privateLinkServiceConnections\":
        [\r\n      {\r\n        \"name\": \"cli-test-conn-000011\",\r\n        \"id\":
        \"/subscriptions/00000000-0000-0000-0000-000000000000/resourceGroups/cli_test_private_endpoint_pls000001/providers/Microsoft.Network/privateEndpoints/cli-test-endpoint-000009/privateLinkServiceConnections/cli-test-conn-000011\",\r\n
        \       \"etag\": \"W/\\\"769a443c-74e3-44dc-a867-c52f7531a93a\\\"\",\r\n
        \       \"properties\": {\r\n          \"provisioningState\": \"Succeeded\",\r\n
        \         \"privateLinkServiceId\": \"/subscriptions/00000000-0000-0000-0000-000000000000/resourceGroups/cli_test_private_endpoint_pls000001/providers/Microsoft.Network/privateLinkServices/cli-test-pls-000007\",\r\n
        \         \"privateLinkServiceConnectionState\": {\r\n            \"status\":
        \"Approved\",\r\n            \"description\": \"Auto Approved\",\r\n            \"actionsRequired\":
        \"None\"\r\n          }\r\n        },\r\n        \"type\": \"Microsoft.Network/privateEndpoints/privateLinkServiceConnections\"\r\n
        \     }\r\n    ],\r\n    \"manualPrivateLinkServiceConnections\": [],\r\n
        \   \"customNetworkInterfaceName\": \"\",\r\n    \"subnet\": {\r\n      \"id\":
        \"/subscriptions/00000000-0000-0000-0000-000000000000/resourceGroups/cli_test_private_endpoint_pls000001/providers/Microsoft.Network/virtualNetworks/cli-test-vnet-000002/subnets/cli-test-subnet-000003\"\r\n
        \   },\r\n    \"ipConfigurations\": [],\r\n    \"networkInterfaces\": [\r\n
        \     {\r\n        \"id\": \"/subscriptions/00000000-0000-0000-0000-000000000000/resourceGroups/cli_test_private_endpoint_pls000001/providers/Microsoft.Network/networkInterfaces/cli-test-endpoint-000009.nic.d9d4caec-9d49-4f36-a1b8-fc2dbafe2843\"\r\n
        \     }\r\n    ],\r\n    \"customDnsConfigs\": []\r\n  }\r\n}"
    headers:
      azure-asyncnotification:
      - Enabled
      azure-asyncoperation:
      - https://management.azure.com/subscriptions/00000000-0000-0000-0000-000000000000/providers/Microsoft.Network/locations/centralus/operations/b938e720-c2d6-44c0-9a7d-b16aaa64f33a?api-version=2022-01-01
      cache-control:
      - no-cache
      content-length:
      - '2123'
      content-type:
      - application/json; charset=utf-8
      date:
      - Tue, 25 Oct 2022 09:20:33 GMT
      expires:
      - '-1'
      pragma:
      - no-cache
      server:
      - Microsoft-HTTPAPI/2.0
      - Microsoft-HTTPAPI/2.0
      strict-transport-security:
      - max-age=31536000; includeSubDomains
      x-content-type-options:
      - nosniff
      x-ms-arm-service-request-id:
      - 4f7d491b-ce8b-46f3-9b85-6188aa8ca5c4
      x-ms-ratelimit-remaining-subscription-writes:
      - '1192'
    status:
      code: 201
      message: Created
- request:
    body: null
    headers:
      Accept:
      - '*/*'
      Accept-Encoding:
      - gzip, deflate
      CommandName:
      - network private-endpoint create
      Connection:
      - keep-alive
      ParameterSetName:
      - -g -n --vnet-name --subnet --private-connection-resource-id --connection-name
      User-Agent:
      - AZURECLI/2.41.0 azsdk-python-azure-mgmt-network/21.0.1 Python/3.8.10 (Windows-10-10.0.19044-SP0)
    method: GET
    uri: https://management.azure.com/subscriptions/00000000-0000-0000-0000-000000000000/providers/Microsoft.Network/locations/centralus/operations/b938e720-c2d6-44c0-9a7d-b16aaa64f33a?api-version=2022-01-01
  response:
    body:
      string: "{\r\n  \"status\": \"InProgress\"\r\n}"
    headers:
      cache-control:
      - no-cache
      content-length:
      - '30'
      content-type:
      - application/json; charset=utf-8
      date:
      - Tue, 25 Oct 2022 09:20:43 GMT
      expires:
      - '-1'
      pragma:
      - no-cache
      server:
      - Microsoft-HTTPAPI/2.0
      - Microsoft-HTTPAPI/2.0
      strict-transport-security:
      - max-age=31536000; includeSubDomains
      transfer-encoding:
      - chunked
      vary:
      - Accept-Encoding
      x-content-type-options:
      - nosniff
      x-ms-arm-service-request-id:
      - e856f351-88cb-4fde-81fe-aee8c4a6f408
    status:
      code: 200
      message: OK
- request:
    body: null
    headers:
      Accept:
      - '*/*'
      Accept-Encoding:
      - gzip, deflate
      CommandName:
      - network private-endpoint create
      Connection:
      - keep-alive
      ParameterSetName:
      - -g -n --vnet-name --subnet --private-connection-resource-id --connection-name
      User-Agent:
      - AZURECLI/2.41.0 azsdk-python-azure-mgmt-network/21.0.1 Python/3.8.10 (Windows-10-10.0.19044-SP0)
    method: GET
    uri: https://management.azure.com/subscriptions/00000000-0000-0000-0000-000000000000/providers/Microsoft.Network/locations/centralus/operations/b938e720-c2d6-44c0-9a7d-b16aaa64f33a?api-version=2022-01-01
  response:
    body:
      string: "{\r\n  \"status\": \"Succeeded\"\r\n}"
    headers:
      cache-control:
      - no-cache
      content-length:
      - '29'
      content-type:
      - application/json; charset=utf-8
      date:
      - Tue, 25 Oct 2022 09:20:53 GMT
      expires:
      - '-1'
      pragma:
      - no-cache
      server:
      - Microsoft-HTTPAPI/2.0
      - Microsoft-HTTPAPI/2.0
      strict-transport-security:
      - max-age=31536000; includeSubDomains
      transfer-encoding:
      - chunked
      vary:
      - Accept-Encoding
      x-content-type-options:
      - nosniff
      x-ms-arm-service-request-id:
      - 7b6f6795-aa8d-4563-8c61-1d1a5368373e
    status:
      code: 200
      message: OK
- request:
    body: null
    headers:
      Accept:
      - '*/*'
      Accept-Encoding:
      - gzip, deflate
      CommandName:
      - network private-endpoint create
      Connection:
      - keep-alive
      ParameterSetName:
      - -g -n --vnet-name --subnet --private-connection-resource-id --connection-name
      User-Agent:
      - AZURECLI/2.41.0 azsdk-python-azure-mgmt-network/21.0.1 Python/3.8.10 (Windows-10-10.0.19044-SP0)
    method: GET
    uri: https://management.azure.com/subscriptions/00000000-0000-0000-0000-000000000000/resourceGroups/cli_test_private_endpoint_pls000001/providers/Microsoft.Network/privateEndpoints/cli-test-endpoint-000009?api-version=2022-01-01
  response:
    body:
      string: "{\r\n  \"name\": \"cli-test-endpoint-000009\",\r\n  \"id\": \"/subscriptions/00000000-0000-0000-0000-000000000000/resourceGroups/cli_test_private_endpoint_pls000001/providers/Microsoft.Network/privateEndpoints/cli-test-endpoint-000009\",\r\n
        \ \"etag\": \"W/\\\"fa0768b6-0a2c-45a9-aedd-22a4d4b30163\\\"\",\r\n  \"type\":
        \"Microsoft.Network/privateEndpoints\",\r\n  \"location\": \"centralus\",\r\n
        \ \"properties\": {\r\n    \"provisioningState\": \"Succeeded\",\r\n    \"resourceGuid\":
        \"65c8fadf-2f80-41e4-b7e2-4adbab2f7d70\",\r\n    \"privateLinkServiceConnections\":
        [\r\n      {\r\n        \"name\": \"cli-test-conn-000011\",\r\n        \"id\":
        \"/subscriptions/00000000-0000-0000-0000-000000000000/resourceGroups/cli_test_private_endpoint_pls000001/providers/Microsoft.Network/privateEndpoints/cli-test-endpoint-000009/privateLinkServiceConnections/cli-test-conn-000011\",\r\n
        \       \"etag\": \"W/\\\"fa0768b6-0a2c-45a9-aedd-22a4d4b30163\\\"\",\r\n
        \       \"properties\": {\r\n          \"provisioningState\": \"Succeeded\",\r\n
        \         \"privateLinkServiceId\": \"/subscriptions/00000000-0000-0000-0000-000000000000/resourceGroups/cli_test_private_endpoint_pls000001/providers/Microsoft.Network/privateLinkServices/cli-test-pls-000007\",\r\n
        \         \"privateLinkServiceConnectionState\": {\r\n            \"status\":
        \"Approved\",\r\n            \"description\": \"Auto Approved\",\r\n            \"actionsRequired\":
        \"None\"\r\n          }\r\n        },\r\n        \"type\": \"Microsoft.Network/privateEndpoints/privateLinkServiceConnections\"\r\n
        \     }\r\n    ],\r\n    \"manualPrivateLinkServiceConnections\": [],\r\n
        \   \"customNetworkInterfaceName\": \"\",\r\n    \"subnet\": {\r\n      \"id\":
        \"/subscriptions/00000000-0000-0000-0000-000000000000/resourceGroups/cli_test_private_endpoint_pls000001/providers/Microsoft.Network/virtualNetworks/cli-test-vnet-000002/subnets/cli-test-subnet-000003\"\r\n
        \   },\r\n    \"ipConfigurations\": [],\r\n    \"networkInterfaces\": [\r\n
        \     {\r\n        \"id\": \"/subscriptions/00000000-0000-0000-0000-000000000000/resourceGroups/cli_test_private_endpoint_pls000001/providers/Microsoft.Network/networkInterfaces/cli-test-endpoint-000009.nic.d9d4caec-9d49-4f36-a1b8-fc2dbafe2843\"\r\n
        \     }\r\n    ],\r\n    \"customDnsConfigs\": []\r\n  }\r\n}"
    headers:
      cache-control:
      - no-cache
      content-length:
      - '2124'
      content-type:
      - application/json; charset=utf-8
      date:
      - Tue, 25 Oct 2022 09:20:54 GMT
      etag:
      - W/"fa0768b6-0a2c-45a9-aedd-22a4d4b30163"
      expires:
      - '-1'
      pragma:
      - no-cache
      server:
      - Microsoft-HTTPAPI/2.0
      - Microsoft-HTTPAPI/2.0
      strict-transport-security:
      - max-age=31536000; includeSubDomains
      transfer-encoding:
      - chunked
      vary:
      - Accept-Encoding
      x-content-type-options:
      - nosniff
      x-ms-arm-service-request-id:
      - 95428fef-8095-4c28-9e08-5234c6f90d1c
    status:
      code: 200
      message: OK
- request:
    body: null
    headers:
      Accept:
      - '*/*'
      Accept-Encoding:
      - gzip, deflate
      CommandName:
      - network private-endpoint-connection list
      Connection:
      - keep-alive
      ParameterSetName:
      - -g -n --type
      User-Agent:
      - python/3.8.10 (Windows-10-10.0.19044-SP0) AZURECLI/2.41.0
    method: GET
    uri: https://management.azure.com/subscriptions/00000000-0000-0000-0000-000000000000/resourceGroups/cli_test_private_endpoint_pls000001/providers/Microsoft.Network/privateLinkServices/cli-test-pls-000007/privateEndpointConnections?api-version=2021-05-01
  response:
    body:
      string: "{\r\n  \"value\": [\r\n    {\r\n      \"name\": \"cli-test-endpoint-000008.7e7c956c-ed44-47c1-b097-9a2ba7416d83\",\r\n
        \     \"id\": \"/subscriptions/00000000-0000-0000-0000-000000000000/resourceGroups/cli_test_private_endpoint_pls000001/providers/Microsoft.Network/privateLinkServices/cli-test-pls-000007/privateEndpointConnections/cli-test-endpoint-000008.7e7c956c-ed44-47c1-b097-9a2ba7416d83\",\r\n
        \     \"etag\": \"W/\\\"624be5af-739b-47eb-94ef-f3488b40e5c8\\\"\",\r\n      \"properties\":
        {\r\n        \"provisioningState\": \"Succeeded\",\r\n        \"privateEndpoint\":
        {\r\n          \"id\": \"/subscriptions/00000000-0000-0000-0000-000000000000/resourceGroups/cli_test_private_endpoint_pls000001/providers/Microsoft.Network/privateEndpoints/cli-test-endpoint-000008\"\r\n
        \       },\r\n        \"privateLinkServiceConnectionState\": {\r\n          \"status\":
        \"Approved\",\r\n          \"description\": \"Approved\",\r\n          \"actionsRequired\":
        \"None\"\r\n        },\r\n        \"linkIdentifier\": \"520110984\"\r\n      },\r\n
        \     \"type\": \"Microsoft.Network/privateLinkServices/privateEndpointConnections\"\r\n
        \   },\r\n    {\r\n      \"name\": \"cli-test-endpoint-000009.65c8fadf-2f80-41e4-b7e2-4adbab2f7d70\",\r\n
        \     \"id\": \"/subscriptions/00000000-0000-0000-0000-000000000000/resourceGroups/cli_test_private_endpoint_pls000001/providers/Microsoft.Network/privateLinkServices/cli-test-pls-000007/privateEndpointConnections/cli-test-endpoint-000009.65c8fadf-2f80-41e4-b7e2-4adbab2f7d70\",\r\n
        \     \"etag\": \"W/\\\"624be5af-739b-47eb-94ef-f3488b40e5c8\\\"\",\r\n      \"properties\":
        {\r\n        \"provisioningState\": \"Succeeded\",\r\n        \"privateEndpoint\":
        {\r\n          \"id\": \"/subscriptions/00000000-0000-0000-0000-000000000000/resourceGroups/cli_test_private_endpoint_pls000001/providers/Microsoft.Network/privateEndpoints/cli-test-endpoint-000009\"\r\n
        \       },\r\n        \"privateLinkServiceConnectionState\": {\r\n          \"status\":
        \"Approved\",\r\n          \"description\": \"Auto Approved\",\r\n          \"actionsRequired\":
        \"None\"\r\n        },\r\n        \"linkIdentifier\": \"520167947\"\r\n      },\r\n
        \     \"type\": \"Microsoft.Network/privateLinkServices/privateEndpointConnections\"\r\n
        \   }\r\n  ]\r\n}"
    headers:
      cache-control:
      - no-cache
      content-length:
      - '2089'
      content-type:
      - application/json; charset=utf-8
      date:
      - Tue, 25 Oct 2022 09:20:56 GMT
      expires:
      - '-1'
      pragma:
      - no-cache
      server:
      - Microsoft-HTTPAPI/2.0
      - Microsoft-HTTPAPI/2.0
      strict-transport-security:
      - max-age=31536000; includeSubDomains
      transfer-encoding:
      - chunked
      vary:
      - Accept-Encoding
      x-content-type-options:
      - nosniff
      x-ms-arm-service-request-id:
      - b84e148e-798b-4e8e-807f-d0ccbba36bec
    status:
      code: 200
      message: OK
- request:
    body: null
    headers:
      Accept:
      - '*/*'
      Accept-Encoding:
      - gzip, deflate
      CommandName:
      - network private-endpoint-connection reject
      Connection:
      - keep-alive
      ParameterSetName:
      - -n -g --resource-name --type --description
      User-Agent:
      - python/3.8.10 (Windows-10-10.0.19044-SP0) AZURECLI/2.41.0
    method: GET
    uri: https://management.azure.com/subscriptions/00000000-0000-0000-0000-000000000000/resourceGroups/cli_test_private_endpoint_pls000001/providers/Microsoft.Network/privateLinkServices/cli-test-pls-000007/privateEndpointConnections/cli-test-endpoint-000009.65c8fadf-2f80-41e4-b7e2-4adbab2f7d70?api-version=2021-05-01
  response:
    body:
      string: "{\r\n  \"name\": \"cli-test-endpoint-000009.65c8fadf-2f80-41e4-b7e2-4adbab2f7d70\",\r\n
        \ \"id\": \"/subscriptions/00000000-0000-0000-0000-000000000000/resourceGroups/cli_test_private_endpoint_pls000001/providers/Microsoft.Network/privateLinkServices/cli-test-pls-000007/privateEndpointConnections/cli-test-endpoint-000009.65c8fadf-2f80-41e4-b7e2-4adbab2f7d70\",\r\n
        \ \"etag\": \"W/\\\"624be5af-739b-47eb-94ef-f3488b40e5c8\\\"\",\r\n  \"properties\":
        {\r\n    \"provisioningState\": \"Succeeded\",\r\n    \"privateEndpoint\":
        {\r\n      \"id\": \"/subscriptions/00000000-0000-0000-0000-000000000000/resourceGroups/cli_test_private_endpoint_pls000001/providers/Microsoft.Network/privateEndpoints/cli-test-endpoint-000009\"\r\n
        \   },\r\n    \"privateLinkServiceConnectionState\": {\r\n      \"status\":
        \"Approved\",\r\n      \"description\": \"Auto Approved\",\r\n      \"actionsRequired\":
        \"None\"\r\n    },\r\n    \"linkIdentifier\": \"520167947\"\r\n  },\r\n  \"type\":
        \"Microsoft.Network/privateLinkServices/privateEndpointConnections\"\r\n}"
    headers:
      cache-control:
      - no-cache
      content-length:
      - '961'
      content-type:
      - application/json; charset=utf-8
      date:
      - Tue, 25 Oct 2022 09:20:57 GMT
      etag:
      - W/"624be5af-739b-47eb-94ef-f3488b40e5c8"
      expires:
      - '-1'
      pragma:
      - no-cache
      server:
      - Microsoft-HTTPAPI/2.0
      - Microsoft-HTTPAPI/2.0
      strict-transport-security:
      - max-age=31536000; includeSubDomains
      transfer-encoding:
      - chunked
      vary:
      - Accept-Encoding
      x-content-type-options:
      - nosniff
      x-ms-arm-service-request-id:
      - 66329765-fb91-49ee-af3a-0072eb8af95e
    status:
      code: 200
      message: OK
- request:
    body: '{"name": "cli-test-endpoint-000009.65c8fadf-2f80-41e4-b7e2-4adbab2f7d70",
      "id": "/subscriptions/00000000-0000-0000-0000-000000000000/resourceGroups/cli_test_private_endpoint_pls000001/providers/Microsoft.Network/privateLinkServices/cli-test-pls-000007/privateEndpointConnections/cli-test-endpoint-000009.65c8fadf-2f80-41e4-b7e2-4adbab2f7d70",
      "etag": "W/\"624be5af-739b-47eb-94ef-f3488b40e5c8\"", "properties": {"provisioningState":
      "Succeeded", "privateEndpoint": {"id": "/subscriptions/00000000-0000-0000-0000-000000000000/resourceGroups/cli_test_private_endpoint_pls000001/providers/Microsoft.Network/privateEndpoints/cli-test-endpoint-000009"},
      "privateLinkServiceConnectionState": {"status": "Rejected", "description": "Rejected",
      "actionsRequired": "None"}, "linkIdentifier": "520167947"}, "type": "Microsoft.Network/privateLinkServices/privateEndpointConnections"}'
    headers:
      Accept:
      - '*/*'
      Accept-Encoding:
      - gzip, deflate
      CommandName:
      - network private-endpoint-connection reject
      Connection:
      - keep-alive
      Content-Length:
      - '871'
      Content-Type:
      - application/json
      ParameterSetName:
      - -n -g --resource-name --type --description
      User-Agent:
      - python/3.8.10 (Windows-10-10.0.19044-SP0) AZURECLI/2.41.0
    method: PUT
    uri: https://management.azure.com/subscriptions/00000000-0000-0000-0000-000000000000/resourceGroups/cli_test_private_endpoint_pls000001/providers/Microsoft.Network/privateLinkServices/cli-test-pls-000007/privateEndpointConnections/cli-test-endpoint-000009.65c8fadf-2f80-41e4-b7e2-4adbab2f7d70?api-version=2021-05-01
  response:
    body:
      string: "{\r\n  \"name\": \"cli-test-endpoint-000009.65c8fadf-2f80-41e4-b7e2-4adbab2f7d70\",\r\n
        \ \"id\": \"/subscriptions/00000000-0000-0000-0000-000000000000/resourceGroups/cli_test_private_endpoint_pls000001/providers/Microsoft.Network/privateLinkServices/cli-test-pls-000007/privateEndpointConnections/cli-test-endpoint-000009.65c8fadf-2f80-41e4-b7e2-4adbab2f7d70\",\r\n
        \ \"etag\": \"W/\\\"e7f0d268-f597-467e-83cb-1e7d1221059e\\\"\",\r\n  \"properties\":
        {\r\n    \"provisioningState\": \"Updating\",\r\n    \"privateEndpoint\":
        {\r\n      \"id\": \"/subscriptions/00000000-0000-0000-0000-000000000000/resourceGroups/cli_test_private_endpoint_pls000001/providers/Microsoft.Network/privateEndpoints/cli-test-endpoint-000009\"\r\n
        \   },\r\n    \"privateLinkServiceConnectionState\": {\r\n      \"status\":
        \"Rejected\",\r\n      \"description\": \"Rejected\",\r\n      \"actionsRequired\":
        \"None\"\r\n    },\r\n    \"linkIdentifier\": \"520167947\"\r\n  },\r\n  \"type\":
        \"Microsoft.Network/privateLinkServices/privateEndpointConnections\"\r\n}"
    headers:
      azure-asyncnotification:
      - Enabled
      azure-asyncoperation:
      - https://management.azure.com/subscriptions/00000000-0000-0000-0000-000000000000/providers/Microsoft.Network/locations/centralus/operations/5f14d563-28fe-41d3-ae6e-c5c8c29712f0?api-version=2021-05-01
      cache-control:
      - no-cache
      content-length:
      - '955'
      content-type:
      - application/json; charset=utf-8
      date:
      - Tue, 25 Oct 2022 09:20:59 GMT
      expires:
      - '-1'
      pragma:
      - no-cache
      server:
      - Microsoft-HTTPAPI/2.0
      - Microsoft-HTTPAPI/2.0
      strict-transport-security:
      - max-age=31536000; includeSubDomains
      transfer-encoding:
      - chunked
      vary:
      - Accept-Encoding
      x-content-type-options:
      - nosniff
      x-ms-arm-service-request-id:
      - acfbe5c1-c48c-4617-8796-5af0130e576c
      x-ms-ratelimit-remaining-subscription-writes:
      - '1191'
    status:
      code: 200
      message: OK
- request:
    body: null
    headers:
      Accept:
      - '*/*'
      Accept-Encoding:
      - gzip, deflate
      CommandName:
      - network private-endpoint-connection reject
      Connection:
      - keep-alive
      ParameterSetName:
      - -n -g --resource-name --type --description
      User-Agent:
      - python/3.8.10 (Windows-10-10.0.19044-SP0) AZURECLI/2.41.0
    method: GET
    uri: https://management.azure.com/subscriptions/00000000-0000-0000-0000-000000000000/resourceGroups/cli_test_private_endpoint_pls000001/providers/Microsoft.Network/privateLinkServices/cli-test-pls-000007/privateEndpointConnections/cli-test-endpoint-000009.65c8fadf-2f80-41e4-b7e2-4adbab2f7d70?api-version=2021-05-01
  response:
    body:
      string: "{\r\n  \"name\": \"cli-test-endpoint-000009.65c8fadf-2f80-41e4-b7e2-4adbab2f7d70\",\r\n
        \ \"id\": \"/subscriptions/00000000-0000-0000-0000-000000000000/resourceGroups/cli_test_private_endpoint_pls000001/providers/Microsoft.Network/privateLinkServices/cli-test-pls-000007/privateEndpointConnections/cli-test-endpoint-000009.65c8fadf-2f80-41e4-b7e2-4adbab2f7d70\",\r\n
        \ \"etag\": \"W/\\\"c167655e-abda-4b69-beda-056bbf1ba1dc\\\"\",\r\n  \"properties\":
        {\r\n    \"provisioningState\": \"Succeeded\",\r\n    \"privateEndpoint\":
        {\r\n      \"id\": \"/subscriptions/00000000-0000-0000-0000-000000000000/resourceGroups/cli_test_private_endpoint_pls000001/providers/Microsoft.Network/privateEndpoints/cli-test-endpoint-000009\"\r\n
        \   },\r\n    \"privateLinkServiceConnectionState\": {\r\n      \"status\":
        \"Rejected\",\r\n      \"description\": \"Rejected\",\r\n      \"actionsRequired\":
        \"None\"\r\n    },\r\n    \"linkIdentifier\": \"520167947\"\r\n  },\r\n  \"type\":
        \"Microsoft.Network/privateLinkServices/privateEndpointConnections\"\r\n}"
    headers:
      cache-control:
      - no-cache
      content-length:
      - '956'
      content-type:
      - application/json; charset=utf-8
      date:
      - Tue, 25 Oct 2022 09:21:11 GMT
      etag:
      - W/"c167655e-abda-4b69-beda-056bbf1ba1dc"
      expires:
      - '-1'
      pragma:
      - no-cache
      server:
      - Microsoft-HTTPAPI/2.0
      - Microsoft-HTTPAPI/2.0
      strict-transport-security:
      - max-age=31536000; includeSubDomains
      transfer-encoding:
      - chunked
      vary:
      - Accept-Encoding
      x-content-type-options:
      - nosniff
      x-ms-arm-service-request-id:
      - 117d87af-9a4e-40ec-a68d-20c8302647a4
    status:
      code: 200
      message: OK
- request:
    body: null
    headers:
      Accept:
      - '*/*'
      Accept-Encoding:
      - gzip, deflate
      CommandName:
      - network private-endpoint-connection delete
      Connection:
      - keep-alive
      Content-Length:
      - '0'
      ParameterSetName:
      - -g --resource-name -n --type --yes
      User-Agent:
      - python/3.8.10 (Windows-10-10.0.19044-SP0) AZURECLI/2.41.0
    method: DELETE
    uri: https://management.azure.com/subscriptions/00000000-0000-0000-0000-000000000000/resourceGroups/cli_test_private_endpoint_pls000001/providers/Microsoft.Network/privateLinkServices/cli-test-pls-000007/privateEndpointConnections/cli-test-endpoint-000009.65c8fadf-2f80-41e4-b7e2-4adbab2f7d70?api-version=2021-05-01
  response:
    body:
      string: ''
    headers:
      azure-asyncnotification:
      - Enabled
      azure-asyncoperation:
      - https://management.azure.com/subscriptions/00000000-0000-0000-0000-000000000000/providers/Microsoft.Network/locations/centralus/operations/8092d898-6b62-4353-a55f-8642e23dc7fe?api-version=2021-05-01
      cache-control:
      - no-cache
      content-length:
      - '0'
      date:
      - Tue, 25 Oct 2022 09:21:12 GMT
      expires:
      - '-1'
      location:
      - https://management.azure.com/subscriptions/00000000-0000-0000-0000-000000000000/providers/Microsoft.Network/locations/centralus/operationResults/8092d898-6b62-4353-a55f-8642e23dc7fe?api-version=2021-05-01
      pragma:
      - no-cache
      server:
      - Microsoft-HTTPAPI/2.0
      - Microsoft-HTTPAPI/2.0
      strict-transport-security:
      - max-age=31536000; includeSubDomains
      x-content-type-options:
      - nosniff
      x-ms-arm-service-request-id:
      - 43f1bc65-4304-4044-bb1e-1367c964aacd
      x-ms-ratelimit-remaining-subscription-deletes:
      - '14999'
    status:
      code: 202
      message: Accepted
- request:
    body: null
    headers:
      Accept:
      - '*/*'
      Accept-Encoding:
      - gzip, deflate
      CommandName:
      - network private-endpoint-connection show
      Connection:
      - keep-alive
      ParameterSetName:
      - -g --resource-name -n --type
      User-Agent:
      - python/3.8.10 (Windows-10-10.0.19044-SP0) AZURECLI/2.41.0
    method: GET
    uri: https://management.azure.com/subscriptions/00000000-0000-0000-0000-000000000000/resourceGroups/cli_test_private_endpoint_pls000001/providers/Microsoft.Network/privateLinkServices/cli-test-pls-000007/privateEndpointConnections/cli-test-endpoint-000008.7e7c956c-ed44-47c1-b097-9a2ba7416d83?api-version=2021-05-01
  response:
    body:
      string: "{\r\n  \"name\": \"cli-test-endpoint-000008.7e7c956c-ed44-47c1-b097-9a2ba7416d83\",\r\n
        \ \"id\": \"/subscriptions/00000000-0000-0000-0000-000000000000/resourceGroups/cli_test_private_endpoint_pls000001/providers/Microsoft.Network/privateLinkServices/cli-test-pls-000007/privateEndpointConnections/cli-test-endpoint-000008.7e7c956c-ed44-47c1-b097-9a2ba7416d83\",\r\n
        \ \"etag\": \"W/\\\"c021e302-6e87-4d88-af30-321041b529fb\\\"\",\r\n  \"properties\":
        {\r\n    \"provisioningState\": \"Succeeded\",\r\n    \"privateEndpoint\":
        {\r\n      \"id\": \"/subscriptions/00000000-0000-0000-0000-000000000000/resourceGroups/cli_test_private_endpoint_pls000001/providers/Microsoft.Network/privateEndpoints/cli-test-endpoint-000008\"\r\n
        \   },\r\n    \"privateLinkServiceConnectionState\": {\r\n      \"status\":
        \"Approved\",\r\n      \"description\": \"Approved\",\r\n      \"actionsRequired\":
        \"None\"\r\n    },\r\n    \"linkIdentifier\": \"520110984\"\r\n  },\r\n  \"type\":
        \"Microsoft.Network/privateLinkServices/privateEndpointConnections\"\r\n}"
    headers:
      cache-control:
      - no-cache
      content-length:
      - '956'
      content-type:
      - application/json; charset=utf-8
      date:
      - Tue, 25 Oct 2022 09:21:44 GMT
      etag:
      - W/"c021e302-6e87-4d88-af30-321041b529fb"
      expires:
      - '-1'
      pragma:
      - no-cache
      server:
      - Microsoft-HTTPAPI/2.0
      - Microsoft-HTTPAPI/2.0
      strict-transport-security:
      - max-age=31536000; includeSubDomains
      transfer-encoding:
      - chunked
      vary:
      - Accept-Encoding
      x-content-type-options:
      - nosniff
      x-ms-arm-service-request-id:
      - b746a082-3cb8-4f1f-8110-9a9bf3da11e9
    status:
      code: 200
      message: OK
- request:
    body: null
    headers:
      Accept:
      - '*/*'
      Accept-Encoding:
      - gzip, deflate
      CommandName:
      - network private-endpoint-connection delete
      Connection:
      - keep-alive
      Content-Length:
      - '0'
      ParameterSetName:
      - -g --resource-name -n --type --yes
      User-Agent:
      - python/3.8.10 (Windows-10-10.0.19044-SP0) AZURECLI/2.41.0
    method: DELETE
    uri: https://management.azure.com/subscriptions/00000000-0000-0000-0000-000000000000/resourceGroups/cli_test_private_endpoint_pls000001/providers/Microsoft.Network/privateLinkServices/cli-test-pls-000007/privateEndpointConnections/cli-test-endpoint-000008.7e7c956c-ed44-47c1-b097-9a2ba7416d83?api-version=2021-05-01
  response:
    body:
      string: ''
    headers:
      azure-asyncnotification:
      - Enabled
      azure-asyncoperation:
      - https://management.azure.com/subscriptions/00000000-0000-0000-0000-000000000000/providers/Microsoft.Network/locations/centralus/operations/a2f952c4-a46c-414e-aff1-6046c1ba3ac0?api-version=2021-05-01
      cache-control:
      - no-cache
      content-length:
      - '0'
      date:
      - Tue, 25 Oct 2022 09:21:44 GMT
      expires:
      - '-1'
      location:
      - https://management.azure.com/subscriptions/00000000-0000-0000-0000-000000000000/providers/Microsoft.Network/locations/centralus/operationResults/a2f952c4-a46c-414e-aff1-6046c1ba3ac0?api-version=2021-05-01
      pragma:
      - no-cache
      server:
      - Microsoft-HTTPAPI/2.0
      - Microsoft-HTTPAPI/2.0
      strict-transport-security:
      - max-age=31536000; includeSubDomains
      x-content-type-options:
      - nosniff
      x-ms-arm-service-request-id:
      - a789908f-5b2d-4092-87d9-9ce44ea087e7
      x-ms-ratelimit-remaining-subscription-deletes:
      - '14998'
    status:
      code: 202
      message: Accepted
version: 1
