interactions:
- request:
    body: null
    headers:
      Accept:
      - application/json
      Accept-Encoding:
      - gzip, deflate
      CommandName:
      - network nsg create
      Connection:
      - keep-alive
      ParameterSetName:
      - -g -n
      User-Agent:
      - python/3.6.8 (Windows-10-10.0.18362-SP0) msrest/0.6.10 msrest_azure/0.6.2
        azure-mgmt-resource/8.0.1 Azure-SDK-For-Python AZURECLI/2.1.0
      accept-language:
      - en-US
    method: GET
    uri: https://management.azure.com/subscriptions/00000000-0000-0000-0000-000000000000/resourcegroups/test_nw_flow_log_000001?api-version=2019-07-01
  response:
    body:
      string: '{"id":"/subscriptions/00000000-0000-0000-0000-000000000000/resourceGroups/test_nw_flow_log_000001","name":"test_nw_flow_log_000001","type":"Microsoft.Resources/resourceGroups","location":"westus","tags":{"product":"azurecli","cause":"automation","date":"2020-02-27T19:04:56Z"},"properties":{"provisioningState":"Succeeded"}}'
    headers:
      cache-control:
      - no-cache
      content-length:
      - '428'
      content-type:
      - application/json; charset=utf-8
      date:
      - Thu, 27 Feb 2020 19:05:26 GMT
      expires:
      - '-1'
      pragma:
      - no-cache
      strict-transport-security:
      - max-age=31536000; includeSubDomains
      vary:
      - Accept-Encoding
      x-content-type-options:
      - nosniff
    status:
      code: 200
      message: OK
- request:
    body: '{"location": "westus"}'
    headers:
      Accept:
      - application/json
      Accept-Encoding:
      - gzip, deflate
      CommandName:
      - network nsg create
      Connection:
      - keep-alive
      Content-Length:
      - '22'
      Content-Type:
      - application/json; charset=utf-8
      ParameterSetName:
      - -g -n
      User-Agent:
      - python/3.6.8 (Windows-10-10.0.18362-SP0) msrest/0.6.10 msrest_azure/0.6.2
        azure-mgmt-network/9.0.0 Azure-SDK-For-Python AZURECLI/2.1.0
      accept-language:
      - en-US
    method: PUT
    uri: https://management.azure.com/subscriptions/00000000-0000-0000-0000-000000000000/resourceGroups/test_nw_flow_log_000001/providers/Microsoft.Network/networkSecurityGroups/nsg1?api-version=2019-11-01
  response:
    body:
      string: "{\r\n  \"name\": \"nsg1\",\r\n  \"id\": \"/subscriptions/00000000-0000-0000-0000-000000000000/resourceGroups/test_nw_flow_log_000001/providers/Microsoft.Network/networkSecurityGroups/nsg1\",\r\n
        \ \"etag\": \"W/\\\"b4f08d4d-c9e6-4da2-a53f-7517b6f11360\\\"\",\r\n  \"type\":
        \"Microsoft.Network/networkSecurityGroups\",\r\n  \"location\": \"westus\",\r\n
        \ \"properties\": {\r\n    \"provisioningState\": \"Updating\",\r\n    \"resourceGuid\":
        \"9c580b16-78b3-414c-b5bc-2682be9cd155\",\r\n    \"securityRules\": [],\r\n
        \   \"defaultSecurityRules\": [\r\n      {\r\n        \"name\": \"AllowVnetInBound\",\r\n
        \       \"id\": \"/subscriptions/00000000-0000-0000-0000-000000000000/resourceGroups/test_nw_flow_log_000001/providers/Microsoft.Network/networkSecurityGroups/nsg1/defaultSecurityRules/AllowVnetInBound\",\r\n
        \       \"etag\": \"W/\\\"b4f08d4d-c9e6-4da2-a53f-7517b6f11360\\\"\",\r\n
        \       \"type\": \"Microsoft.Network/networkSecurityGroups/defaultSecurityRules\",\r\n
        \       \"properties\": {\r\n          \"provisioningState\": \"Updating\",\r\n
        \         \"description\": \"Allow inbound traffic from all VMs in VNET\",\r\n
        \         \"protocol\": \"*\",\r\n          \"sourcePortRange\": \"*\",\r\n
        \         \"destinationPortRange\": \"*\",\r\n          \"sourceAddressPrefix\":
        \"VirtualNetwork\",\r\n          \"destinationAddressPrefix\": \"VirtualNetwork\",\r\n
        \         \"access\": \"Allow\",\r\n          \"priority\": 65000,\r\n          \"direction\":
        \"Inbound\",\r\n          \"sourcePortRanges\": [],\r\n          \"destinationPortRanges\":
        [],\r\n          \"sourceAddressPrefixes\": [],\r\n          \"destinationAddressPrefixes\":
        []\r\n        }\r\n      },\r\n      {\r\n        \"name\": \"AllowAzureLoadBalancerInBound\",\r\n
        \       \"id\": \"/subscriptions/00000000-0000-0000-0000-000000000000/resourceGroups/test_nw_flow_log_000001/providers/Microsoft.Network/networkSecurityGroups/nsg1/defaultSecurityRules/AllowAzureLoadBalancerInBound\",\r\n
        \       \"etag\": \"W/\\\"b4f08d4d-c9e6-4da2-a53f-7517b6f11360\\\"\",\r\n
        \       \"type\": \"Microsoft.Network/networkSecurityGroups/defaultSecurityRules\",\r\n
        \       \"properties\": {\r\n          \"provisioningState\": \"Updating\",\r\n
        \         \"description\": \"Allow inbound traffic from azure load balancer\",\r\n
        \         \"protocol\": \"*\",\r\n          \"sourcePortRange\": \"*\",\r\n
        \         \"destinationPortRange\": \"*\",\r\n          \"sourceAddressPrefix\":
        \"AzureLoadBalancer\",\r\n          \"destinationAddressPrefix\": \"*\",\r\n
        \         \"access\": \"Allow\",\r\n          \"priority\": 65001,\r\n          \"direction\":
        \"Inbound\",\r\n          \"sourcePortRanges\": [],\r\n          \"destinationPortRanges\":
        [],\r\n          \"sourceAddressPrefixes\": [],\r\n          \"destinationAddressPrefixes\":
        []\r\n        }\r\n      },\r\n      {\r\n        \"name\": \"DenyAllInBound\",\r\n
        \       \"id\": \"/subscriptions/00000000-0000-0000-0000-000000000000/resourceGroups/test_nw_flow_log_000001/providers/Microsoft.Network/networkSecurityGroups/nsg1/defaultSecurityRules/DenyAllInBound\",\r\n
        \       \"etag\": \"W/\\\"b4f08d4d-c9e6-4da2-a53f-7517b6f11360\\\"\",\r\n
        \       \"type\": \"Microsoft.Network/networkSecurityGroups/defaultSecurityRules\",\r\n
        \       \"properties\": {\r\n          \"provisioningState\": \"Updating\",\r\n
        \         \"description\": \"Deny all inbound traffic\",\r\n          \"protocol\":
        \"*\",\r\n          \"sourcePortRange\": \"*\",\r\n          \"destinationPortRange\":
        \"*\",\r\n          \"sourceAddressPrefix\": \"*\",\r\n          \"destinationAddressPrefix\":
        \"*\",\r\n          \"access\": \"Deny\",\r\n          \"priority\": 65500,\r\n
        \         \"direction\": \"Inbound\",\r\n          \"sourcePortRanges\": [],\r\n
        \         \"destinationPortRanges\": [],\r\n          \"sourceAddressPrefixes\":
        [],\r\n          \"destinationAddressPrefixes\": []\r\n        }\r\n      },\r\n
        \     {\r\n        \"name\": \"AllowVnetOutBound\",\r\n        \"id\": \"/subscriptions/00000000-0000-0000-0000-000000000000/resourceGroups/test_nw_flow_log_000001/providers/Microsoft.Network/networkSecurityGroups/nsg1/defaultSecurityRules/AllowVnetOutBound\",\r\n
        \       \"etag\": \"W/\\\"b4f08d4d-c9e6-4da2-a53f-7517b6f11360\\\"\",\r\n
        \       \"type\": \"Microsoft.Network/networkSecurityGroups/defaultSecurityRules\",\r\n
        \       \"properties\": {\r\n          \"provisioningState\": \"Updating\",\r\n
        \         \"description\": \"Allow outbound traffic from all VMs to all VMs
        in VNET\",\r\n          \"protocol\": \"*\",\r\n          \"sourcePortRange\":
        \"*\",\r\n          \"destinationPortRange\": \"*\",\r\n          \"sourceAddressPrefix\":
        \"VirtualNetwork\",\r\n          \"destinationAddressPrefix\": \"VirtualNetwork\",\r\n
        \         \"access\": \"Allow\",\r\n          \"priority\": 65000,\r\n          \"direction\":
        \"Outbound\",\r\n          \"sourcePortRanges\": [],\r\n          \"destinationPortRanges\":
        [],\r\n          \"sourceAddressPrefixes\": [],\r\n          \"destinationAddressPrefixes\":
        []\r\n        }\r\n      },\r\n      {\r\n        \"name\": \"AllowInternetOutBound\",\r\n
        \       \"id\": \"/subscriptions/00000000-0000-0000-0000-000000000000/resourceGroups/test_nw_flow_log_000001/providers/Microsoft.Network/networkSecurityGroups/nsg1/defaultSecurityRules/AllowInternetOutBound\",\r\n
        \       \"etag\": \"W/\\\"b4f08d4d-c9e6-4da2-a53f-7517b6f11360\\\"\",\r\n
        \       \"type\": \"Microsoft.Network/networkSecurityGroups/defaultSecurityRules\",\r\n
        \       \"properties\": {\r\n          \"provisioningState\": \"Updating\",\r\n
        \         \"description\": \"Allow outbound traffic from all VMs to Internet\",\r\n
        \         \"protocol\": \"*\",\r\n          \"sourcePortRange\": \"*\",\r\n
        \         \"destinationPortRange\": \"*\",\r\n          \"sourceAddressPrefix\":
        \"*\",\r\n          \"destinationAddressPrefix\": \"Internet\",\r\n          \"access\":
        \"Allow\",\r\n          \"priority\": 65001,\r\n          \"direction\": \"Outbound\",\r\n
        \         \"sourcePortRanges\": [],\r\n          \"destinationPortRanges\":
        [],\r\n          \"sourceAddressPrefixes\": [],\r\n          \"destinationAddressPrefixes\":
        []\r\n        }\r\n      },\r\n      {\r\n        \"name\": \"DenyAllOutBound\",\r\n
        \       \"id\": \"/subscriptions/00000000-0000-0000-0000-000000000000/resourceGroups/test_nw_flow_log_000001/providers/Microsoft.Network/networkSecurityGroups/nsg1/defaultSecurityRules/DenyAllOutBound\",\r\n
        \       \"etag\": \"W/\\\"b4f08d4d-c9e6-4da2-a53f-7517b6f11360\\\"\",\r\n
        \       \"type\": \"Microsoft.Network/networkSecurityGroups/defaultSecurityRules\",\r\n
        \       \"properties\": {\r\n          \"provisioningState\": \"Updating\",\r\n
        \         \"description\": \"Deny all outbound traffic\",\r\n          \"protocol\":
        \"*\",\r\n          \"sourcePortRange\": \"*\",\r\n          \"destinationPortRange\":
        \"*\",\r\n          \"sourceAddressPrefix\": \"*\",\r\n          \"destinationAddressPrefix\":
        \"*\",\r\n          \"access\": \"Deny\",\r\n          \"priority\": 65500,\r\n
        \         \"direction\": \"Outbound\",\r\n          \"sourcePortRanges\":
        [],\r\n          \"destinationPortRanges\": [],\r\n          \"sourceAddressPrefixes\":
        [],\r\n          \"destinationAddressPrefixes\": []\r\n        }\r\n      }\r\n
        \   ]\r\n  }\r\n}"
    headers:
      azure-asyncnotification:
      - Enabled
      azure-asyncoperation:
      - https://management.azure.com/subscriptions/00000000-0000-0000-0000-000000000000/providers/Microsoft.Network/locations/westus/operations/7e422b34-ed98-483a-af16-04ac3639ef01?api-version=2019-11-01
      cache-control:
      - no-cache
      content-length:
      - '6925'
      content-type:
      - application/json; charset=utf-8
      date:
      - Thu, 27 Feb 2020 19:05:30 GMT
      expires:
      - '-1'
      pragma:
      - no-cache
      server:
      - Microsoft-HTTPAPI/2.0
      - Microsoft-HTTPAPI/2.0
      strict-transport-security:
      - max-age=31536000; includeSubDomains
      x-content-type-options:
      - nosniff
      x-ms-arm-service-request-id:
      - 6f8c65cc-e52e-4830-a666-f8c225ac6467
      x-ms-ratelimit-remaining-subscription-writes:
      - '1190'
    status:
      code: 201
      message: Created
- request:
    body: null
    headers:
      Accept:
      - application/json
      Accept-Encoding:
      - gzip, deflate
      CommandName:
      - network nsg create
      Connection:
      - keep-alive
      ParameterSetName:
      - -g -n
      User-Agent:
      - python/3.6.8 (Windows-10-10.0.18362-SP0) msrest/0.6.10 msrest_azure/0.6.2
        azure-mgmt-network/9.0.0 Azure-SDK-For-Python AZURECLI/2.1.0
    method: GET
    uri: https://management.azure.com/subscriptions/00000000-0000-0000-0000-000000000000/providers/Microsoft.Network/locations/westus/operations/7e422b34-ed98-483a-af16-04ac3639ef01?api-version=2019-11-01
  response:
    body:
      string: "{\r\n  \"status\": \"Succeeded\"\r\n}"
    headers:
      cache-control:
      - no-cache
      content-length:
      - '29'
      content-type:
      - application/json; charset=utf-8
      date:
      - Thu, 27 Feb 2020 19:05:35 GMT
      expires:
      - '-1'
      pragma:
      - no-cache
      server:
      - Microsoft-HTTPAPI/2.0
      - Microsoft-HTTPAPI/2.0
      strict-transport-security:
      - max-age=31536000; includeSubDomains
      transfer-encoding:
      - chunked
      vary:
      - Accept-Encoding
      x-content-type-options:
      - nosniff
      x-ms-arm-service-request-id:
      - 098b581d-6b8e-4f20-bff2-59ea33d9e046
    status:
      code: 200
      message: OK
- request:
    body: null
    headers:
      Accept:
      - application/json
      Accept-Encoding:
      - gzip, deflate
      CommandName:
      - network nsg create
      Connection:
      - keep-alive
      ParameterSetName:
      - -g -n
      User-Agent:
      - python/3.6.8 (Windows-10-10.0.18362-SP0) msrest/0.6.10 msrest_azure/0.6.2
        azure-mgmt-network/9.0.0 Azure-SDK-For-Python AZURECLI/2.1.0
    method: GET
    uri: https://management.azure.com/subscriptions/00000000-0000-0000-0000-000000000000/resourceGroups/test_nw_flow_log_000001/providers/Microsoft.Network/networkSecurityGroups/nsg1?api-version=2019-11-01
  response:
    body:
      string: "{\r\n  \"name\": \"nsg1\",\r\n  \"id\": \"/subscriptions/00000000-0000-0000-0000-000000000000/resourceGroups/test_nw_flow_log_000001/providers/Microsoft.Network/networkSecurityGroups/nsg1\",\r\n
        \ \"etag\": \"W/\\\"adfd21f5-f229-4a84-bc63-2367c81d0863\\\"\",\r\n  \"type\":
        \"Microsoft.Network/networkSecurityGroups\",\r\n  \"location\": \"westus\",\r\n
        \ \"properties\": {\r\n    \"provisioningState\": \"Succeeded\",\r\n    \"resourceGuid\":
        \"9c580b16-78b3-414c-b5bc-2682be9cd155\",\r\n    \"securityRules\": [],\r\n
        \   \"defaultSecurityRules\": [\r\n      {\r\n        \"name\": \"AllowVnetInBound\",\r\n
        \       \"id\": \"/subscriptions/00000000-0000-0000-0000-000000000000/resourceGroups/test_nw_flow_log_000001/providers/Microsoft.Network/networkSecurityGroups/nsg1/defaultSecurityRules/AllowVnetInBound\",\r\n
        \       \"etag\": \"W/\\\"adfd21f5-f229-4a84-bc63-2367c81d0863\\\"\",\r\n
        \       \"type\": \"Microsoft.Network/networkSecurityGroups/defaultSecurityRules\",\r\n
        \       \"properties\": {\r\n          \"provisioningState\": \"Succeeded\",\r\n
        \         \"description\": \"Allow inbound traffic from all VMs in VNET\",\r\n
        \         \"protocol\": \"*\",\r\n          \"sourcePortRange\": \"*\",\r\n
        \         \"destinationPortRange\": \"*\",\r\n          \"sourceAddressPrefix\":
        \"VirtualNetwork\",\r\n          \"destinationAddressPrefix\": \"VirtualNetwork\",\r\n
        \         \"access\": \"Allow\",\r\n          \"priority\": 65000,\r\n          \"direction\":
        \"Inbound\",\r\n          \"sourcePortRanges\": [],\r\n          \"destinationPortRanges\":
        [],\r\n          \"sourceAddressPrefixes\": [],\r\n          \"destinationAddressPrefixes\":
        []\r\n        }\r\n      },\r\n      {\r\n        \"name\": \"AllowAzureLoadBalancerInBound\",\r\n
        \       \"id\": \"/subscriptions/00000000-0000-0000-0000-000000000000/resourceGroups/test_nw_flow_log_000001/providers/Microsoft.Network/networkSecurityGroups/nsg1/defaultSecurityRules/AllowAzureLoadBalancerInBound\",\r\n
        \       \"etag\": \"W/\\\"adfd21f5-f229-4a84-bc63-2367c81d0863\\\"\",\r\n
        \       \"type\": \"Microsoft.Network/networkSecurityGroups/defaultSecurityRules\",\r\n
        \       \"properties\": {\r\n          \"provisioningState\": \"Succeeded\",\r\n
        \         \"description\": \"Allow inbound traffic from azure load balancer\",\r\n
        \         \"protocol\": \"*\",\r\n          \"sourcePortRange\": \"*\",\r\n
        \         \"destinationPortRange\": \"*\",\r\n          \"sourceAddressPrefix\":
        \"AzureLoadBalancer\",\r\n          \"destinationAddressPrefix\": \"*\",\r\n
        \         \"access\": \"Allow\",\r\n          \"priority\": 65001,\r\n          \"direction\":
        \"Inbound\",\r\n          \"sourcePortRanges\": [],\r\n          \"destinationPortRanges\":
        [],\r\n          \"sourceAddressPrefixes\": [],\r\n          \"destinationAddressPrefixes\":
        []\r\n        }\r\n      },\r\n      {\r\n        \"name\": \"DenyAllInBound\",\r\n
        \       \"id\": \"/subscriptions/00000000-0000-0000-0000-000000000000/resourceGroups/test_nw_flow_log_000001/providers/Microsoft.Network/networkSecurityGroups/nsg1/defaultSecurityRules/DenyAllInBound\",\r\n
        \       \"etag\": \"W/\\\"adfd21f5-f229-4a84-bc63-2367c81d0863\\\"\",\r\n
        \       \"type\": \"Microsoft.Network/networkSecurityGroups/defaultSecurityRules\",\r\n
        \       \"properties\": {\r\n          \"provisioningState\": \"Succeeded\",\r\n
        \         \"description\": \"Deny all inbound traffic\",\r\n          \"protocol\":
        \"*\",\r\n          \"sourcePortRange\": \"*\",\r\n          \"destinationPortRange\":
        \"*\",\r\n          \"sourceAddressPrefix\": \"*\",\r\n          \"destinationAddressPrefix\":
        \"*\",\r\n          \"access\": \"Deny\",\r\n          \"priority\": 65500,\r\n
        \         \"direction\": \"Inbound\",\r\n          \"sourcePortRanges\": [],\r\n
        \         \"destinationPortRanges\": [],\r\n          \"sourceAddressPrefixes\":
        [],\r\n          \"destinationAddressPrefixes\": []\r\n        }\r\n      },\r\n
        \     {\r\n        \"name\": \"AllowVnetOutBound\",\r\n        \"id\": \"/subscriptions/00000000-0000-0000-0000-000000000000/resourceGroups/test_nw_flow_log_000001/providers/Microsoft.Network/networkSecurityGroups/nsg1/defaultSecurityRules/AllowVnetOutBound\",\r\n
        \       \"etag\": \"W/\\\"adfd21f5-f229-4a84-bc63-2367c81d0863\\\"\",\r\n
        \       \"type\": \"Microsoft.Network/networkSecurityGroups/defaultSecurityRules\",\r\n
        \       \"properties\": {\r\n          \"provisioningState\": \"Succeeded\",\r\n
        \         \"description\": \"Allow outbound traffic from all VMs to all VMs
        in VNET\",\r\n          \"protocol\": \"*\",\r\n          \"sourcePortRange\":
        \"*\",\r\n          \"destinationPortRange\": \"*\",\r\n          \"sourceAddressPrefix\":
        \"VirtualNetwork\",\r\n          \"destinationAddressPrefix\": \"VirtualNetwork\",\r\n
        \         \"access\": \"Allow\",\r\n          \"priority\": 65000,\r\n          \"direction\":
        \"Outbound\",\r\n          \"sourcePortRanges\": [],\r\n          \"destinationPortRanges\":
        [],\r\n          \"sourceAddressPrefixes\": [],\r\n          \"destinationAddressPrefixes\":
        []\r\n        }\r\n      },\r\n      {\r\n        \"name\": \"AllowInternetOutBound\",\r\n
        \       \"id\": \"/subscriptions/00000000-0000-0000-0000-000000000000/resourceGroups/test_nw_flow_log_000001/providers/Microsoft.Network/networkSecurityGroups/nsg1/defaultSecurityRules/AllowInternetOutBound\",\r\n
        \       \"etag\": \"W/\\\"adfd21f5-f229-4a84-bc63-2367c81d0863\\\"\",\r\n
        \       \"type\": \"Microsoft.Network/networkSecurityGroups/defaultSecurityRules\",\r\n
        \       \"properties\": {\r\n          \"provisioningState\": \"Succeeded\",\r\n
        \         \"description\": \"Allow outbound traffic from all VMs to Internet\",\r\n
        \         \"protocol\": \"*\",\r\n          \"sourcePortRange\": \"*\",\r\n
        \         \"destinationPortRange\": \"*\",\r\n          \"sourceAddressPrefix\":
        \"*\",\r\n          \"destinationAddressPrefix\": \"Internet\",\r\n          \"access\":
        \"Allow\",\r\n          \"priority\": 65001,\r\n          \"direction\": \"Outbound\",\r\n
        \         \"sourcePortRanges\": [],\r\n          \"destinationPortRanges\":
        [],\r\n          \"sourceAddressPrefixes\": [],\r\n          \"destinationAddressPrefixes\":
        []\r\n        }\r\n      },\r\n      {\r\n        \"name\": \"DenyAllOutBound\",\r\n
        \       \"id\": \"/subscriptions/00000000-0000-0000-0000-000000000000/resourceGroups/test_nw_flow_log_000001/providers/Microsoft.Network/networkSecurityGroups/nsg1/defaultSecurityRules/DenyAllOutBound\",\r\n
        \       \"etag\": \"W/\\\"adfd21f5-f229-4a84-bc63-2367c81d0863\\\"\",\r\n
        \       \"type\": \"Microsoft.Network/networkSecurityGroups/defaultSecurityRules\",\r\n
        \       \"properties\": {\r\n          \"provisioningState\": \"Succeeded\",\r\n
        \         \"description\": \"Deny all outbound traffic\",\r\n          \"protocol\":
        \"*\",\r\n          \"sourcePortRange\": \"*\",\r\n          \"destinationPortRange\":
        \"*\",\r\n          \"sourceAddressPrefix\": \"*\",\r\n          \"destinationAddressPrefix\":
        \"*\",\r\n          \"access\": \"Deny\",\r\n          \"priority\": 65500,\r\n
        \         \"direction\": \"Outbound\",\r\n          \"sourcePortRanges\":
        [],\r\n          \"destinationPortRanges\": [],\r\n          \"sourceAddressPrefixes\":
        [],\r\n          \"destinationAddressPrefixes\": []\r\n        }\r\n      }\r\n
        \   ]\r\n  }\r\n}"
    headers:
      cache-control:
      - no-cache
      content-length:
      - '6932'
      content-type:
      - application/json; charset=utf-8
      date:
      - Thu, 27 Feb 2020 19:05:35 GMT
      etag:
      - W/"adfd21f5-f229-4a84-bc63-2367c81d0863"
      expires:
      - '-1'
      pragma:
      - no-cache
      server:
      - Microsoft-HTTPAPI/2.0
      - Microsoft-HTTPAPI/2.0
      strict-transport-security:
      - max-age=31536000; includeSubDomains
      transfer-encoding:
      - chunked
      vary:
      - Accept-Encoding
      x-content-type-options:
      - nosniff
      x-ms-arm-service-request-id:
      - ef109b1b-3b04-49a2-8799-9feefc82a183
    status:
      code: 200
      message: OK
- request:
    body: '{"location": "westus", "properties": {"sku": {"name": "PerGB2018"}, "retentionInDays":
      30}}'
    headers:
      Accept:
      - application/json
      Accept-Encoding:
      - gzip, deflate
      CommandName:
      - monitor log-analytics workspace create
      Connection:
      - keep-alive
      Content-Length:
      - '91'
      Content-Type:
      - application/json; charset=utf-8
      ParameterSetName:
      - --resource-group --location --workspace-name
      User-Agent:
      - python/3.6.8 (Windows-10-10.0.18362-SP0) msrest/0.6.10 msrest_azure/0.6.2
        azure-mgmt-loganalytics/0.2.0 Azure-SDK-For-Python AZURECLI/2.1.0
      accept-language:
      - en-US
    method: PUT
    uri: https://management.azure.com/subscriptions/00000000-0000-0000-0000-000000000000/resourcegroups/test_nw_flow_log_000001/providers/Microsoft.OperationalInsights/workspaces/workspace0421?api-version=2015-11-01-preview
  response:
    body:
      string: "{\r\n  \"properties\": {\r\n    \"source\": \"Azure\",\r\n    \"customerId\":
        \"189e245d-a224-464f-87f5-a28496627336\",\r\n    \"provisioningState\": \"Creating\",\r\n
        \   \"sku\": {\r\n      \"name\": \"pergb2018\",\r\n      \"lastSkuUpdate\":
        \"Thu, 27 Feb 2020 19:05:41 GMT\"\r\n    },\r\n    \"retentionInDays\": 30,\r\n
        \   \"features\": {\r\n      \"legacy\": 0,\r\n      \"searchVersion\": 1,\r\n
        \     \"enableLogAccessUsingOnlyResourcePermissions\": true\r\n    },\r\n
        \   \"workspaceCapping\": {\r\n      \"dailyQuotaGb\": -1.0,\r\n      \"quotaNextResetTime\":
        \"Fri, 28 Feb 2020 14:00:00 GMT\",\r\n      \"dataIngestionStatus\": \"RespectQuota\"\r\n
        \   }\r\n  },\r\n  \"id\": \"/subscriptions/00000000-0000-0000-0000-000000000000/resourcegroups/test_nw_flow_log_000001/providers/microsoft.operationalinsights/workspaces/workspace0421\",\r\n
        \ \"name\": \"workspace0421\",\r\n  \"type\": \"Microsoft.OperationalInsights/workspaces\",\r\n
        \ \"location\": \"westus\"\r\n}"
    headers:
      cache-control:
      - no-cache
      content-length:
      - '914'
      content-type:
      - application/json
      date:
      - Thu, 27 Feb 2020 19:05:41 GMT
      pragma:
      - no-cache
      server:
      - Microsoft-IIS/10.0
      - Microsoft-IIS/10.0
      strict-transport-security:
      - max-age=31536000; includeSubDomains
      x-content-type-options:
      - nosniff
      x-ms-ratelimit-remaining-subscription-writes:
      - '1190'
      x-powered-by:
      - ASP.NET
      - ASP.NET
    status:
      code: 201
      message: Created
- request:
    body: null
    headers:
      Accept:
      - application/json
      Accept-Encoding:
      - gzip, deflate
      CommandName:
      - monitor log-analytics workspace create
      Connection:
      - keep-alive
      ParameterSetName:
      - --resource-group --location --workspace-name
      User-Agent:
      - python/3.6.8 (Windows-10-10.0.18362-SP0) msrest/0.6.10 msrest_azure/0.6.2
        azure-mgmt-loganalytics/0.2.0 Azure-SDK-For-Python AZURECLI/2.1.0
    method: GET
    uri: https://management.azure.com/subscriptions/00000000-0000-0000-0000-000000000000/resourcegroups/test_nw_flow_log_000001/providers/Microsoft.OperationalInsights/workspaces/workspace0421?api-version=2015-11-01-preview
  response:
    body:
      string: "{\r\n  \"properties\": {\r\n    \"source\": \"Azure\",\r\n    \"customerId\":
        \"189e245d-a224-464f-87f5-a28496627336\",\r\n    \"provisioningState\": \"Succeeded\",\r\n
        \   \"sku\": {\r\n      \"name\": \"pergb2018\",\r\n      \"lastSkuUpdate\":
        \"Thu, 27 Feb 2020 19:05:41 GMT\"\r\n    },\r\n    \"retentionInDays\": 30,\r\n
        \   \"features\": {\r\n      \"legacy\": 0,\r\n      \"searchVersion\": 1,\r\n
        \     \"enableLogAccessUsingOnlyResourcePermissions\": true\r\n    },\r\n
        \   \"workspaceCapping\": {\r\n      \"dailyQuotaGb\": -1.0,\r\n      \"quotaNextResetTime\":
        \"Fri, 28 Feb 2020 14:00:00 GMT\",\r\n      \"dataIngestionStatus\": \"RespectQuota\"\r\n
        \   }\r\n  },\r\n  \"id\": \"/subscriptions/00000000-0000-0000-0000-000000000000/resourcegroups/test_nw_flow_log_000001/providers/microsoft.operationalinsights/workspaces/workspace0421\",\r\n
        \ \"name\": \"workspace0421\",\r\n  \"type\": \"Microsoft.OperationalInsights/workspaces\",\r\n
        \ \"location\": \"westus\"\r\n}"
    headers:
      cache-control:
      - no-cache
      content-length:
      - '915'
      content-type:
      - application/json
      date:
      - Thu, 27 Feb 2020 19:06:13 GMT
      pragma:
      - no-cache
      server:
      - Microsoft-IIS/10.0
      - Microsoft-IIS/10.0
      strict-transport-security:
      - max-age=31536000; includeSubDomains
      transfer-encoding:
      - chunked
      vary:
      - Accept-Encoding
      x-content-type-options:
      - nosniff
      x-powered-by:
      - ASP.NET
      - ASP.NET
    status:
      code: 200
      message: OK
- request:
    body: null
    headers:
      Accept:
      - application/json
      Accept-Encoding:
      - gzip, deflate
      CommandName:
      - network watcher flow-log create
      Connection:
      - keep-alive
      ParameterSetName:
      - --location --resource-group --nsg --storage-account --workspace --name
      User-Agent:
      - python/3.6.8 (Windows-10-10.0.18362-SP0) msrest/0.6.10 msrest_azure/0.6.2
        azure-mgmt-network/9.0.0 Azure-SDK-For-Python AZURECLI/2.1.0
      accept-language:
      - en-US
    method: GET
    uri: https://management.azure.com/subscriptions/00000000-0000-0000-0000-000000000000/providers/Microsoft.Network/networkWatchers?api-version=2019-11-01
  response:
    body:
      string: '{"value":[{"name":"NetworkWatcher_westus","id":"/subscriptions/00000000-0000-0000-0000-000000000000/resourceGroups/NetworkWatcherRG/providers/Microsoft.Network/networkWatchers/NetworkWatcher_westus","etag":"W/\"c2d1a83e-dbb1-4546-a834-78fc675e2fd4\"","type":"Microsoft.Network/networkWatchers","location":"westus","properties":{"provisioningState":"Failed","runningOperationIds":[]}},{"name":"NetworkWatcher_eastus","id":"/subscriptions/00000000-0000-0000-0000-000000000000/resourceGroups/NetworkWatcherRG/providers/Microsoft.Network/networkWatchers/NetworkWatcher_eastus","etag":"W/\"3c9079b3-ae27-468b-bb95-42dc786a34cd\"","type":"Microsoft.Network/networkWatchers","location":"eastus","properties":{"provisioningState":"Succeeded","runningOperationIds":[]}}]}'
    headers:
      cache-control:
      - no-cache
      content-length:
      - '762'
      content-type:
      - application/json; charset=utf-8
      date:
      - Thu, 27 Feb 2020 19:06:15 GMT
      expires:
      - '-1'
      pragma:
      - no-cache
      strict-transport-security:
      - max-age=31536000; includeSubDomains
      vary:
      - Accept-Encoding
      x-content-type-options:
      - nosniff
      x-ms-original-request-ids:
      - 733a210d-c158-4328-a63d-e8ee5c43ec12
      - 74071e23-877e-4b28-8924-1e9db0567416
    status:
      code: 200
      message: OK
- request:
    body: null
    headers:
      Accept:
      - application/json
      Accept-Encoding:
      - gzip, deflate
      CommandName:
      - network watcher flow-log create
      Connection:
      - keep-alive
      ParameterSetName:
      - --location --resource-group --nsg --storage-account --workspace --name
      User-Agent:
      - python/3.6.8 (Windows-10-10.0.18362-SP0) msrest/0.6.10 msrest_azure/0.6.2
        azure-mgmt-resource/8.0.1 Azure-SDK-For-Python AZURECLI/2.1.0
      accept-language:
      - en-US
    method: GET
    uri: https://management.azure.com/subscriptions/00000000-0000-0000-0000-000000000000/providers/microsoft.operationalinsights?api-version=2019-07-01
  response:
    body:
      string: '{"id":"/subscriptions/00000000-0000-0000-0000-000000000000/providers/Microsoft.OperationalInsights","namespace":"Microsoft.OperationalInsights","authorizations":[{"applicationId":"d2a0a418-0aac-4541-82b2-b3142c89da77","roleDefinitionId":"86695298-2eb9-48a7-9ec3-2fdb38b6878b"},{"applicationId":"ca7f3f0b-7d91-482c-8e09-c5d840d0eac5","roleDefinitionId":"5d5a2e56-9835-44aa-93db-d2f19e155438"}],"resourceTypes":[{"resourceType":"workspaces","locations":["East
        US","West Europe","Southeast Asia","Australia Southeast","West Central US","Japan
        East","UK South","Central India","Canada Central","West US 2","Australia Central","Australia
        East","France Central","Korea Central","North Europe","Central US","East Asia","East
        US 2","South Central US","North Central US","West US","UK West","South Africa
        North","Brazil South","Switzerland North","Switzerland West"],"apiVersions":["2017-04-26-preview","2017-03-15-preview","2017-03-03-preview","2017-01-01-preview","2015-11-01-preview","2015-03-20"],"capabilities":"CrossResourceGroupResourceMove,
        CrossSubscriptionResourceMove, SupportsTags, SupportsLocation"},{"resourceType":"locations","locations":[],"apiVersions":["2019-08-01-preview","2017-04-26-preview","2017-03-15-preview","2017-03-03-preview","2017-01-01-preview","2015-11-01-preview","2015-03-20"],"defaultApiVersion":"2015-11-01-preview","capabilities":"None"},{"resourceType":"locations/operationStatuses","locations":["East
        US","West Europe","Southeast Asia","Australia Southeast","West Central US","Japan
        East","UK South","Central India","Canada Central","West US 2","Australia Central","Australia
        East","France Central","Korea Central","North Europe","Central US","East Asia","East
        US 2","South Central US","North Central US","West US","UK West","South Africa
        North","Brazil South","Switzerland North","Switzerland West"],"apiVersions":["2019-08-01-preview","2017-04-26-preview","2017-03-15-preview","2017-03-03-preview","2017-01-01-preview","2015-11-01-preview","2015-03-20"],"defaultApiVersion":"2015-11-01-preview","capabilities":"None"},{"resourceType":"workspaces/privateEndpointConnections","locations":["East
        US","West Europe","Southeast Asia","Australia Southeast","West Central US","Japan
        East","UK South","Central India","Canada Central","West US 2","Australia Central","Australia
        East","France Central","Korea Central","North Europe","Central US","East Asia","East
        US 2","South Central US","North Central US","West US","UK West","South Africa
        North","Brazil South","Switzerland North","Switzerland West"],"apiVersions":["2019-08-01-preview","2015-11-01-preview"],"defaultApiVersion":"2015-11-01-preview","capabilities":"None"},{"resourceType":"workspaces/privateLinkResources","locations":["East
        US","West Europe","Southeast Asia","Australia Southeast","West Central US","Japan
        East","UK South","Central India","Canada Central","West US 2","Australia Central","Australia
        East","France Central","Korea Central","North Europe","Central US","East Asia","East
        US 2","South Central US","North Central US","West US","UK West","South Africa
        North","Brazil South","Switzerland North","Switzerland West"],"apiVersions":["2019-08-01-preview","2015-11-01-preview"],"defaultApiVersion":"2015-11-01-preview","capabilities":"None"},{"resourceType":"workspaces/privateEndpointConnectionProxies","locations":["East
        US","West Europe","Southeast Asia","Australia Southeast","West Central US","Japan
        East","UK South","Central India","Canada Central","West US 2","Australia Central","Australia
        East","France Central","Korea Central","North Europe","Central US","East Asia","East
        US 2","South Central US","North Central US","West US","UK West","South Africa
        North","Brazil South","Switzerland North","Switzerland West"],"apiVersions":["2019-08-01-preview","2015-11-01-preview"],"defaultApiVersion":"2015-11-01-preview","capabilities":"None"},{"resourceType":"workspaces/scopedPrivateLinkProxies","locations":["East
        US","West Europe","Southeast Asia","Australia Southeast","West Central US","Japan
        East","UK South","Central India","Canada Central","West US 2","Australia Central","Australia
        East","France Central","Korea Central","North Europe","Central US","East Asia","East
        US 2","South Central US","North Central US","West US","UK West","South Africa
        North","Brazil South","Switzerland North","Switzerland West"],"apiVersions":["2019-08-01-preview","2015-11-01-preview"],"defaultApiVersion":"2015-11-01-preview","capabilities":"None"},{"resourceType":"workspaces/query","locations":["West
        Central US","Australia Southeast","West Europe","East US","Southeast Asia","Japan
        East","UK South","Central India","Canada Central","West US 2","Australia Central","Australia
        East","France Central","Korea Central","North Europe","Central US","East Asia","East
        US 2","South Central US","North Central US","West US","UK West","South Africa
        North","Brazil South","Switzerland West","Switzerland North"],"apiVersions":["2017-10-01"],"capabilities":"None"},{"resourceType":"workspaces/dataSources","locations":["East
        US","West Europe","Southeast Asia","Australia Southeast","West Central US","Japan
        East","UK South","Central India","Canada Central","West US 2","Australia Central","Australia
        East","France Central","Korea Central","North Europe","Central US","East Asia","East
        US 2","South Central US","North Central US","West US","UK West","South Africa
        North","Brazil South","Switzerland North","Switzerland West"],"apiVersions":["2015-11-01-preview"],"capabilities":"None"},{"resourceType":"storageInsightConfigs","locations":[],"apiVersions":["2014-10-10"],"capabilities":"SupportsExtension"},{"resourceType":"workspaces/linkedServices","locations":["East
        US","West Europe","Southeast Asia","Australia Southeast","West Central US","Japan
        East","UK South","Central India","Canada Central","West US 2","Australia Central","Australia
        East","France Central","Korea Central","North Europe","Central US","East Asia","East
        US 2","South Central US","North Central US","West US","UK West","South Africa
        North","Brazil South","Switzerland North","Switzerland West"],"apiVersions":["2019-08-01-preview","2015-11-01-preview"],"capabilities":"None"},{"resourceType":"linkTargets","locations":["East
        US"],"apiVersions":["2015-03-20"],"capabilities":"None"},{"resourceType":"operations","locations":[],"apiVersions":["2014-11-10"],"capabilities":"None"}],"registrationState":"Registered","registrationPolicy":"RegistrationRequired"}'
    headers:
      cache-control:
      - no-cache
      content-length:
      - '6406'
      content-type:
      - application/json; charset=utf-8
      date:
      - Thu, 27 Feb 2020 19:06:15 GMT
      expires:
      - '-1'
      pragma:
      - no-cache
      strict-transport-security:
      - max-age=31536000; includeSubDomains
      vary:
      - Accept-Encoding
      x-content-type-options:
      - nosniff
    status:
      code: 200
      message: OK
- request:
    body: null
    headers:
      Accept:
      - application/json
      Accept-Encoding:
      - gzip, deflate
      CommandName:
      - network watcher flow-log create
      Connection:
      - keep-alive
      ParameterSetName:
      - --location --resource-group --nsg --storage-account --workspace --name
      User-Agent:
      - python/3.6.8 (Windows-10-10.0.18362-SP0) msrest/0.6.10 msrest_azure/0.6.2
        azure-mgmt-resource/8.0.1 Azure-SDK-For-Python AZURECLI/2.1.0
      accept-language:
      - en-US
    method: GET
    uri: https://management.azure.com/subscriptions/00000000-0000-0000-0000-000000000000/resourcegroups/test_nw_flow_log_000001/providers/microsoft.operationalinsights/workspaces/workspace0421?api-version=2015-03-20
  response:
    body:
      string: "{\r\n  \"properties\": {\r\n    \"source\": \"Azure\",\r\n    \"customerId\":
        \"189e245d-a224-464f-87f5-a28496627336\",\r\n    \"provisioningState\": \"Succeeded\",\r\n
        \   \"sku\": {\r\n      \"name\": \"pergb2018\",\r\n      \"lastSkuUpdate\":
        \"Thu, 27 Feb 2020 19:05:41 GMT\"\r\n    },\r\n    \"retentionInDays\": 30,\r\n
        \   \"features\": {\r\n      \"legacy\": 0,\r\n      \"searchVersion\": 1,\r\n
        \     \"enableLogAccessUsingOnlyResourcePermissions\": true\r\n    },\r\n
        \   \"workspaceCapping\": {\r\n      \"dailyQuotaGb\": -1.0,\r\n      \"quotaNextResetTime\":
        \"Fri, 28 Feb 2020 14:00:00 GMT\",\r\n      \"dataIngestionStatus\": \"RespectQuota\"\r\n
        \   }\r\n  },\r\n  \"id\": \"/subscriptions/00000000-0000-0000-0000-000000000000/resourcegroups/test_nw_flow_log_000001/providers/microsoft.operationalinsights/workspaces/workspace0421\",\r\n
        \ \"name\": \"workspace0421\",\r\n  \"type\": \"Microsoft.OperationalInsights/workspaces\",\r\n
        \ \"location\": \"westus\"\r\n}"
    headers:
      cache-control:
      - no-cache
      content-length:
      - '915'
      content-type:
      - application/json
      date:
      - Thu, 27 Feb 2020 19:06:17 GMT
      pragma:
      - no-cache
      server:
      - Microsoft-IIS/10.0
      - Microsoft-IIS/10.0
      strict-transport-security:
      - max-age=31536000; includeSubDomains
      transfer-encoding:
      - chunked
      vary:
      - Accept-Encoding
      x-content-type-options:
      - nosniff
      x-powered-by:
      - ASP.NET
      - ASP.NET
    status:
      code: 200
      message: OK
- request:
    body: 'b''b\''{"location": "westus", "properties": {"targetResourceId": "/subscriptions/00000000-0000-0000-0000-000000000000/resourceGroups/test_nw_flow_log_000001/providers/Microsoft.Network/networkSecurityGroups/nsg1",
      "storageId": "/subscriptions/00000000-0000-0000-0000-000000000000/resourceGroups/test_nw_flow_log_000001/providers/Microsoft.Storage/storageAccounts/testflowlog000002",
      "enabled": true, "flowAnalyticsConfiguration": {"networkWatcherFlowAnalyticsConfiguration":
      {"workspaceId": "189e245d-a224-464f-87f5-a28496627336", "workspaceRegion": "westus",
      "workspaceResourceId": "/subscriptions/00000000-0000-0000-0000-000000000000/resourcegroups/test_nw_flow_log_000001/providers/microsoft.operationalinsights/workspaces/workspace0421",
      "trafficAnalyticsInterval": 60}}}}\'''''
    headers:
      Accept:
      - application/json
      Accept-Encoding:
      - gzip, deflate
      CommandName:
      - network watcher flow-log create
      Connection:
      - keep-alive
      Content-Length:
      - '932'
      Content-Type:
      - application/json; charset=utf-8
      ParameterSetName:
      - --location --resource-group --nsg --storage-account --workspace --name
      User-Agent:
      - python/3.6.8 (Windows-10-10.0.18362-SP0) msrest/0.6.10 msrest_azure/0.6.2
        azure-mgmt-network/9.0.0 Azure-SDK-For-Python AZURECLI/2.1.0
      accept-language:
      - en-US
    method: PUT
    uri: https://management.azure.com/subscriptions/00000000-0000-0000-0000-000000000000/resourceGroups/NetworkWatcherRG/providers/Microsoft.Network/networkWatchers/NetworkWatcher_westus/flowLogs/flow_log_test2?api-version=2019-11-01
  response:
    body:
      string: "{\r\n  \"name\": \"flow_log_test2\",\r\n  \"id\": \"/subscriptions/00000000-0000-0000-0000-000000000000/resourceGroups/NetworkWatcherRG/providers/Microsoft.Network/networkWatchers/NetworkWatcher_westus/FlowLogs/flow_log_test2\",\r\n
        \ \"etag\": \"W/\\\"9de7b699-37d3-4167-b9ec-94c9ed12fa05\\\"\",\r\n  \"properties\":
        {\r\n    \"provisioningState\": \"Updating\",\r\n    \"targetResourceId\":
        \"/subscriptions/00000000-0000-0000-0000-000000000000/resourceGroups/test_nw_flow_log_000001/providers/Microsoft.Network/networkSecurityGroups/nsg1\",\r\n
        \   \"targetResourceGuid\": \"9c580b16-78b3-414c-b5bc-2682be9cd155\",\r\n
        \   \"storageId\": \"/subscriptions/00000000-0000-0000-0000-000000000000/resourceGroups/test_nw_flow_log_000001/providers/Microsoft.Storage/storageAccounts/testflowlog000002\",\r\n
        \   \"enabled\": true,\r\n    \"flowAnalyticsConfiguration\": {\r\n      \"networkWatcherFlowAnalyticsConfiguration\":
        {\r\n        \"enabled\": false,\r\n        \"workspaceId\": \"189e245d-a224-464f-87f5-a28496627336\",\r\n
        \       \"workspaceRegion\": \"westus\",\r\n        \"workspaceResourceId\":
        \"/subscriptions/00000000-0000-0000-0000-000000000000/resourcegroups/test_nw_flow_log_000001/providers/microsoft.operationalinsights/workspaces/workspace0421\",\r\n
        \       \"trafficAnalyticsInterval\": 60\r\n      }\r\n    },\r\n    \"retentionPolicy\":
        {\r\n      \"days\": 0,\r\n      \"enabled\": false\r\n    },\r\n    \"format\":
        {\r\n      \"type\": \"JSON\",\r\n      \"version\": 1\r\n    }\r\n  },\r\n
        \ \"type\": \"Microsoft.Network/networkWatchers/FlowLogs\",\r\n  \"location\":
        \"westus\"\r\n}"
    headers:
      azure-asyncnotification:
      - Enabled
      azure-asyncoperation:
      - https://management.azure.com/subscriptions/00000000-0000-0000-0000-000000000000/providers/Microsoft.Network/locations/westus/operations/fe30e031-0b7b-4fe4-b967-faa6de8acdc6?api-version=2019-11-01
      cache-control:
      - no-cache
      content-length:
      - '1630'
      content-type:
      - application/json; charset=utf-8
      date:
      - Thu, 27 Feb 2020 19:06:21 GMT
      expires:
      - '-1'
      pragma:
      - no-cache
      server:
      - Microsoft-HTTPAPI/2.0
      - Microsoft-HTTPAPI/2.0
      strict-transport-security:
      - max-age=31536000; includeSubDomains
      x-content-type-options:
      - nosniff
      x-ms-arm-service-request-id:
      - c605ce5d-6eb4-4696-ba3e-151fd5b52e34
      x-ms-ratelimit-remaining-subscription-writes:
      - '1189'
    status:
      code: 201
      message: Created
- request:
    body: null
    headers:
      Accept:
      - application/json
      Accept-Encoding:
      - gzip, deflate
      CommandName:
      - network watcher flow-log create
      Connection:
      - keep-alive
      ParameterSetName:
      - --location --resource-group --nsg --storage-account --workspace --name
      User-Agent:
      - python/3.6.8 (Windows-10-10.0.18362-SP0) msrest/0.6.10 msrest_azure/0.6.2
        azure-mgmt-network/9.0.0 Azure-SDK-For-Python AZURECLI/2.1.0
    method: GET
    uri: https://management.azure.com/subscriptions/00000000-0000-0000-0000-000000000000/providers/Microsoft.Network/locations/westus/operations/fe30e031-0b7b-4fe4-b967-faa6de8acdc6?api-version=2019-11-01
  response:
    body:
      string: "{\r\n  \"status\": \"Succeeded\"\r\n}"
    headers:
      cache-control:
      - no-cache
      content-length:
      - '29'
      content-type:
      - application/json; charset=utf-8
      date:
      - Thu, 27 Feb 2020 19:06:40 GMT
      expires:
      - '-1'
      pragma:
      - no-cache
      server:
      - Microsoft-HTTPAPI/2.0
      - Microsoft-HTTPAPI/2.0
      strict-transport-security:
      - max-age=31536000; includeSubDomains
      transfer-encoding:
      - chunked
      vary:
      - Accept-Encoding
      x-content-type-options:
      - nosniff
      x-ms-arm-service-request-id:
      - 6ab336a1-e115-46b4-ae4d-38a61f2a2be9
    status:
      code: 200
      message: OK
- request:
    body: null
    headers:
      Accept:
      - application/json
      Accept-Encoding:
      - gzip, deflate
      CommandName:
      - network watcher flow-log create
      Connection:
      - keep-alive
      ParameterSetName:
      - --location --resource-group --nsg --storage-account --workspace --name
      User-Agent:
      - python/3.6.8 (Windows-10-10.0.18362-SP0) msrest/0.6.10 msrest_azure/0.6.2
        azure-mgmt-network/9.0.0 Azure-SDK-For-Python AZURECLI/2.1.0
    method: GET
    uri: https://management.azure.com/subscriptions/00000000-0000-0000-0000-000000000000/resourceGroups/NetworkWatcherRG/providers/Microsoft.Network/networkWatchers/NetworkWatcher_westus/flowLogs/flow_log_test2?api-version=2019-11-01
  response:
    body:
      string: "{\r\n  \"name\": \"flow_log_test2\",\r\n  \"id\": \"/subscriptions/00000000-0000-0000-0000-000000000000/resourceGroups/NetworkWatcherRG/providers/Microsoft.Network/networkWatchers/NetworkWatcher_westus/FlowLogs/flow_log_test2\",\r\n
        \ \"etag\": \"W/\\\"e1d4a533-bb55-4c85-a5e2-19a3f1399ef7\\\"\",\r\n  \"properties\":
        {\r\n    \"provisioningState\": \"Succeeded\",\r\n    \"targetResourceId\":
        \"/subscriptions/00000000-0000-0000-0000-000000000000/resourceGroups/test_nw_flow_log_000001/providers/Microsoft.Network/networkSecurityGroups/nsg1\",\r\n
        \   \"targetResourceGuid\": \"9c580b16-78b3-414c-b5bc-2682be9cd155\",\r\n
        \   \"storageId\": \"/subscriptions/00000000-0000-0000-0000-000000000000/resourceGroups/test_nw_flow_log_000001/providers/Microsoft.Storage/storageAccounts/testflowlog000002\",\r\n
        \   \"enabled\": true,\r\n    \"flowAnalyticsConfiguration\": {\r\n      \"networkWatcherFlowAnalyticsConfiguration\":
        {\r\n        \"enabled\": false,\r\n        \"workspaceId\": \"189e245d-a224-464f-87f5-a28496627336\",\r\n
        \       \"workspaceRegion\": \"westus\",\r\n        \"workspaceResourceId\":
        \"/subscriptions/00000000-0000-0000-0000-000000000000/resourcegroups/test_nw_flow_log_000001/providers/microsoft.operationalinsights/workspaces/workspace0421\",\r\n
        \       \"trafficAnalyticsInterval\": 60\r\n      }\r\n    },\r\n    \"retentionPolicy\":
        {\r\n      \"days\": 0,\r\n      \"enabled\": false\r\n    },\r\n    \"format\":
        {\r\n      \"type\": \"JSON\",\r\n      \"version\": 1\r\n    }\r\n  },\r\n
        \ \"type\": \"Microsoft.Network/networkWatchers/FlowLogs\",\r\n  \"location\":
        \"westus\"\r\n}"
    headers:
      cache-control:
      - no-cache
      content-length:
      - '1631'
      content-type:
      - application/json; charset=utf-8
      date:
      - Thu, 27 Feb 2020 19:06:40 GMT
      etag:
      - W/"e1d4a533-bb55-4c85-a5e2-19a3f1399ef7"
      expires:
      - '-1'
      pragma:
      - no-cache
      server:
      - Microsoft-HTTPAPI/2.0
      - Microsoft-HTTPAPI/2.0
      strict-transport-security:
      - max-age=31536000; includeSubDomains
      transfer-encoding:
      - chunked
      vary:
      - Accept-Encoding
      x-content-type-options:
      - nosniff
      x-ms-arm-service-request-id:
      - f31bd03c-d8ef-427d-97a7-35382a1c1eaf
    status:
      code: 200
      message: OK
- request:
    body: null
    headers:
      Accept:
      - application/json
      Accept-Encoding:
      - gzip, deflate
      CommandName:
      - network watcher flow-log show
      Connection:
      - keep-alive
      ParameterSetName:
      - --location --name
      User-Agent:
      - python/3.6.8 (Windows-10-10.0.18362-SP0) msrest/0.6.10 msrest_azure/0.6.2
        azure-mgmt-network/9.0.0 Azure-SDK-For-Python AZURECLI/2.1.0
      accept-language:
      - en-US
    method: GET
    uri: https://management.azure.com/subscriptions/00000000-0000-0000-0000-000000000000/providers/Microsoft.Network/networkWatchers?api-version=2019-11-01
  response:
    body:
      string: '{"value":[{"name":"NetworkWatcher_westus","id":"/subscriptions/00000000-0000-0000-0000-000000000000/resourceGroups/NetworkWatcherRG/providers/Microsoft.Network/networkWatchers/NetworkWatcher_westus","etag":"W/\"e1d4a533-bb55-4c85-a5e2-19a3f1399ef7\"","type":"Microsoft.Network/networkWatchers","location":"westus","properties":{"provisioningState":"Failed","runningOperationIds":[]}},{"name":"NetworkWatcher_eastus","id":"/subscriptions/00000000-0000-0000-0000-000000000000/resourceGroups/NetworkWatcherRG/providers/Microsoft.Network/networkWatchers/NetworkWatcher_eastus","etag":"W/\"3c9079b3-ae27-468b-bb95-42dc786a34cd\"","type":"Microsoft.Network/networkWatchers","location":"eastus","properties":{"provisioningState":"Succeeded","runningOperationIds":[]}}]}'
    headers:
      cache-control:
      - no-cache
      content-length:
      - '762'
      content-type:
      - application/json; charset=utf-8
      date:
      - Thu, 27 Feb 2020 19:06:42 GMT
      expires:
      - '-1'
      pragma:
      - no-cache
      strict-transport-security:
      - max-age=31536000; includeSubDomains
      vary:
      - Accept-Encoding
      x-content-type-options:
      - nosniff
      x-ms-original-request-ids:
      - c0c4ca66-a83e-40c8-b3c7-2b0ff0fba3cd
      - 237ff9fd-dfcc-45ff-9466-ebf656fab8b6
    status:
      code: 200
      message: OK
- request:
    body: null
    headers:
      Accept:
      - application/json
      Accept-Encoding:
      - gzip, deflate
      CommandName:
      - network watcher flow-log show
      Connection:
      - keep-alive
      ParameterSetName:
      - --location --name
      User-Agent:
      - python/3.6.8 (Windows-10-10.0.18362-SP0) msrest/0.6.10 msrest_azure/0.6.2
        azure-mgmt-network/9.0.0 Azure-SDK-For-Python AZURECLI/2.1.0
      accept-language:
      - en-US
    method: GET
    uri: https://management.azure.com/subscriptions/00000000-0000-0000-0000-000000000000/resourceGroups/NetworkWatcherRG/providers/Microsoft.Network/networkWatchers/NetworkWatcher_westus/flowLogs/flow_log_test2?api-version=2019-11-01
  response:
    body:
      string: "{\r\n  \"name\": \"flow_log_test2\",\r\n  \"id\": \"/subscriptions/00000000-0000-0000-0000-000000000000/resourceGroups/NetworkWatcherRG/providers/Microsoft.Network/networkWatchers/NetworkWatcher_westus/FlowLogs/flow_log_test2\",\r\n
        \ \"etag\": \"W/\\\"e1d4a533-bb55-4c85-a5e2-19a3f1399ef7\\\"\",\r\n  \"properties\":
        {\r\n    \"provisioningState\": \"Succeeded\",\r\n    \"targetResourceId\":
        \"/subscriptions/00000000-0000-0000-0000-000000000000/resourceGroups/test_nw_flow_log_000001/providers/Microsoft.Network/networkSecurityGroups/nsg1\",\r\n
        \   \"targetResourceGuid\": \"9c580b16-78b3-414c-b5bc-2682be9cd155\",\r\n
        \   \"storageId\": \"/subscriptions/00000000-0000-0000-0000-000000000000/resourceGroups/test_nw_flow_log_000001/providers/Microsoft.Storage/storageAccounts/testflowlog000002\",\r\n
        \   \"enabled\": true,\r\n    \"flowAnalyticsConfiguration\": {\r\n      \"networkWatcherFlowAnalyticsConfiguration\":
        {\r\n        \"enabled\": false,\r\n        \"workspaceId\": \"189e245d-a224-464f-87f5-a28496627336\",\r\n
        \       \"workspaceRegion\": \"westus\",\r\n        \"workspaceResourceId\":
        \"/subscriptions/00000000-0000-0000-0000-000000000000/resourcegroups/test_nw_flow_log_000001/providers/microsoft.operationalinsights/workspaces/workspace0421\",\r\n
        \       \"trafficAnalyticsInterval\": 60\r\n      }\r\n    },\r\n    \"retentionPolicy\":
        {\r\n      \"days\": 0,\r\n      \"enabled\": false\r\n    },\r\n    \"format\":
        {\r\n      \"type\": \"JSON\",\r\n      \"version\": 1\r\n    }\r\n  },\r\n
        \ \"type\": \"Microsoft.Network/networkWatchers/FlowLogs\",\r\n  \"location\":
        \"westus\"\r\n}"
    headers:
      cache-control:
      - no-cache
      content-length:
      - '1631'
      content-type:
      - application/json; charset=utf-8
      date:
      - Thu, 27 Feb 2020 19:06:43 GMT
      etag:
      - W/"e1d4a533-bb55-4c85-a5e2-19a3f1399ef7"
      expires:
      - '-1'
      pragma:
      - no-cache
      server:
      - Microsoft-HTTPAPI/2.0
      - Microsoft-HTTPAPI/2.0
      strict-transport-security:
      - max-age=31536000; includeSubDomains
      transfer-encoding:
      - chunked
      vary:
      - Accept-Encoding
      x-content-type-options:
      - nosniff
      x-ms-arm-service-request-id:
      - f45b4e0a-db0f-4d5a-a80b-b5fef9fcb571
    status:
      code: 200
      message: OK
- request:
    body: null
    headers:
      Accept:
      - application/json
      Accept-Encoding:
      - gzip, deflate
      CommandName:
      - network watcher flow-log show
      Connection:
      - keep-alive
      ParameterSetName:
      - --nsg
      User-Agent:
      - python/3.6.8 (Windows-10-10.0.18362-SP0) msrest/0.6.10 msrest_azure/0.6.2
        azure-mgmt-resource/8.0.1 Azure-SDK-For-Python AZURECLI/2.1.0
      accept-language:
      - en-US
    method: GET
    uri: https://management.azure.com/subscriptions/00000000-0000-0000-0000-000000000000/providers/Microsoft.Network?api-version=2019-07-01
  response:
    body:
      string: '{"id":"/subscriptions/00000000-0000-0000-0000-000000000000/providers/Microsoft.Network","namespace":"Microsoft.Network","authorizations":[{"applicationId":"2cf9eb86-36b5-49dc-86ae-9a63135dfa8c","roleDefinitionId":"13ba9ab4-19f0-4804-adc4-14ece36cc7a1"},{"applicationId":"7c33bfcb-8d33-48d6-8e60-dc6404003489","roleDefinitionId":"ad6261e4-fa9a-4642-aa5f-104f1b67e9e3"},{"applicationId":"1e3e4475-288f-4018-a376-df66fd7fac5f","roleDefinitionId":"1d538b69-3d87-4e56-8ff8-25786fd48261"},{"applicationId":"a0be0c72-870e-46f0-9c49-c98333a996f7","roleDefinitionId":"7ce22727-ffce-45a9-930c-ddb2e56fa131"},{"applicationId":"486c78bf-a0f7-45f1-92fd-37215929e116","roleDefinitionId":"98a9e526-0a60-4c1f-a33a-ae46e1f8dc0d"},{"applicationId":"19947cfd-0303-466c-ac3c-fcc19a7a1570","roleDefinitionId":"d813ab6c-bfb7-413e-9462-005b21f0ce09"},{"applicationId":"341b7f3d-69b3-47f9-9ce7-5b7f4945fdbd","roleDefinitionId":"8141843c-c51c-4c1e-a5bf-0d351594b86c"},{"applicationId":"328fd23b-de6e-462c-9433-e207470a5727","roleDefinitionId":"79e29e06-4056-41e5-a6b2-959f1f47747e"}],"resourceTypes":[{"resourceType":"virtualNetworks","locations":["West
        US","East US","North Europe","West Europe","East Asia","Southeast Asia","North
        Central US","South Central US","Central US","East US 2","Japan East","Japan
        West","Brazil South","Australia East","Australia Southeast","Central India","South
        India","West India","Canada Central","Canada East","West Central US","West
        US 2","UK West","UK South","Korea Central","Korea South","France Central","Australia
        Central","South Africa North","UAE North","Switzerland North","Germany West
        Central","Norway East","Central US EUAP","East US 2 EUAP"],"apiVersions":["2019-11-01","2019-09-01","2019-08-01","2019-07-01","2019-06-01","2019-04-01","2019-02-01","2018-12-01","2018-11-01","2018-10-01","2018-08-01","2018-07-01","2018-06-01","2018-05-01","2018-04-01","2018-03-01","2018-02-01","2018-01-01","2017-11-01","2017-10-01","2017-09-01","2017-08-01","2017-06-01","2017-04-01","2017-03-01","2016-12-01","2016-11-01","2016-10-01","2016-09-01","2016-08-01","2016-07-01","2016-06-01","2016-03-30","2015-06-15","2015-05-01-preview","2014-12-01-preview"],"defaultApiVersion":"2017-09-01","apiProfiles":[{"profileVersion":"2017-03-09-profile","apiVersion":"2015-06-15"},{"profileVersion":"2018-03-01-hybrid","apiVersion":"2017-10-01"},{"profileVersion":"2019-03-01-hybrid","apiVersion":"2017-10-01"}],"capabilities":"CrossResourceGroupResourceMove,
        CrossSubscriptionResourceMove, SupportsTags, SupportsLocation"},{"resourceType":"publicIPAddresses","locations":["West
        US","East US","North Europe","West Europe","East Asia","Southeast Asia","North
        Central US","South Central US","Central US","East US 2","Japan East","Japan
        West","Brazil South","Australia East","Australia Southeast","Central India","South
        India","West India","Canada Central","Canada East","West Central US","West
        US 2","UK West","UK South","Korea Central","Korea South","France Central","Australia
        Central","South Africa North","UAE North","Switzerland North","Germany West
        Central","Norway East","Central US EUAP","East US 2 EUAP"],"apiVersions":["2019-11-01","2019-09-01","2019-08-01","2019-07-01","2019-06-01","2019-04-01","2019-02-01","2018-12-01","2018-11-01","2018-10-01","2018-08-01","2018-07-01","2018-06-01","2018-05-01","2018-04-01","2018-03-01","2018-02-01","2018-01-01","2017-11-01","2017-10-01","2017-09-01","2017-08-01","2017-06-01","2017-04-01","2017-03-01","2016-12-01","2016-11-01","2016-10-01","2016-09-01","2016-08-01","2016-07-01","2016-06-01","2016-03-30","2015-06-15","2015-05-01-preview","2014-12-01-preview"],"defaultApiVersion":"2017-09-01","apiProfiles":[{"profileVersion":"2017-03-09-profile","apiVersion":"2015-06-15"},{"profileVersion":"2018-03-01-hybrid","apiVersion":"2017-10-01"},{"profileVersion":"2019-03-01-hybrid","apiVersion":"2017-10-01"}],"zoneMappings":[{"location":"East
        US 2","zones":["2","3","1"]},{"location":"Central US","zones":["2","3","1"]},{"location":"West
        Europe","zones":["2","3","1"]},{"location":"East US 2 EUAP","zones":["1","2","3"]},{"location":"Central
        US EUAP","zones":["1","2"]},{"location":"France Central","zones":["2","3","1"]},{"location":"Southeast
        Asia","zones":["2","3","1"]},{"location":"West US 2","zones":["2","3","1"]},{"location":"North
        Europe","zones":["2","3","1"]},{"location":"East US","zones":["2","3","1"]},{"location":"UK
        South","zones":["2","3","1"]},{"location":"Japan East","zones":["2","3","1"]},{"location":"Australia
        East","zones":[]},{"location":"South Africa North","zones":[]},{"location":"South
        Central US","zones":[]},{"location":"Canada Central","zones":[]}],"capabilities":"CrossResourceGroupResourceMove,
        CrossSubscriptionResourceMove, SupportsTags, SupportsLocation"},{"resourceType":"networkInterfaces","locations":["West
        US","East US","North Europe","West Europe","East Asia","Southeast Asia","North
        Central US","South Central US","Central US","East US 2","Japan East","Japan
        West","Brazil South","Australia East","Australia Southeast","Central India","South
        India","West India","Canada Central","Canada East","West Central US","West
        US 2","UK West","UK South","Korea Central","Korea South","France Central","Australia
        Central","South Africa North","UAE North","Switzerland North","Germany West
        Central","Norway East","Central US EUAP","East US 2 EUAP"],"apiVersions":["2019-11-01","2019-09-01","2019-08-01","2019-07-01","2019-06-01","2019-04-01","2019-02-01","2018-12-01","2018-11-01","2018-10-01","2018-08-01","2018-07-01","2018-06-01","2018-05-01","2018-04-01","2018-03-01","2018-02-01","2018-01-01","2017-11-01","2017-10-01","2017-09-01","2017-08-01","2017-06-01","2017-04-01","2017-03-01","2016-12-01","2016-11-01","2016-10-01","2016-09-01","2016-08-01","2016-07-01","2016-06-01","2016-03-30","2015-06-15","2015-05-01-preview","2014-12-01-preview"],"defaultApiVersion":"2017-09-01","apiProfiles":[{"profileVersion":"2017-03-09-profile","apiVersion":"2015-06-15"},{"profileVersion":"2018-03-01-hybrid","apiVersion":"2017-10-01"},{"profileVersion":"2019-03-01-hybrid","apiVersion":"2017-10-01"}],"capabilities":"CrossResourceGroupResourceMove,
        CrossSubscriptionResourceMove, SupportsTags, SupportsLocation"},{"resourceType":"privateEndpoints","locations":["West
        US","East US","North Europe","West Europe","East Asia","Southeast Asia","North
        Central US","South Central US","Central US","East US 2","Japan East","Japan
        West","Brazil South","Australia East","Australia Southeast","Central India","South
        India","West India","Canada Central","Canada East","West Central US","West
        US 2","UK West","UK South","Korea Central","Korea South","France Central","Australia
        Central","South Africa North","UAE North","Switzerland North","Germany West
        Central","Norway East","Central US EUAP","East US 2 EUAP"],"apiVersions":["2019-11-01","2019-09-01","2019-08-01","2019-07-01","2019-06-01","2019-04-01","2019-02-01"],"defaultApiVersion":"2019-02-01","capabilities":"SupportsTags,
        SupportsLocation"},{"resourceType":"privateEndpointRedirectMaps","locations":["West
        US","East US","North Europe","West Europe","East Asia","Southeast Asia","North
        Central US","South Central US","Central US","East US 2","Japan East","Japan
        West","Brazil South","Australia East","Australia Southeast","Central India","South
        India","West India","Canada Central","Canada East","West Central US","West
        US 2","UK West","UK South","Korea Central","Korea South","France Central","South
        Africa North","UAE North","Switzerland North","Germany West Central","Norway
        East","Central US EUAP","East US 2 EUAP"],"apiVersions":["2019-11-01","2019-09-01","2019-08-01","2019-07-01"],"defaultApiVersion":"2019-07-01","capabilities":"SupportsTags,
        SupportsLocation"},{"resourceType":"loadBalancers","locations":["West US","East
        US","North Europe","West Europe","East Asia","Southeast Asia","North Central
        US","South Central US","Central US","East US 2","Japan East","Japan West","Brazil
        South","Australia East","Australia Southeast","Central India","South India","West
        India","Canada Central","Canada East","West Central US","West US 2","UK West","UK
        South","Korea Central","Korea South","France Central","Australia Central","South
        Africa North","UAE North","Switzerland North","Germany West Central","Norway
        East","Central US EUAP","East US 2 EUAP"],"apiVersions":["2019-11-01","2019-09-01","2019-08-01","2019-07-01","2019-06-01","2019-04-01","2019-02-01","2018-12-01","2018-11-01","2018-10-01","2018-08-01","2018-07-01","2018-06-01","2018-05-01","2018-04-01","2018-03-01","2018-02-01","2018-01-01","2017-11-01","2017-10-01","2017-09-01","2017-08-01","2017-06-01","2017-04-01","2017-03-01","2016-12-01","2016-11-01","2016-10-01","2016-09-01","2016-08-01","2016-07-01","2016-06-01","2016-03-30","2015-06-15","2015-05-01-preview","2014-12-01-preview"],"defaultApiVersion":"2017-09-01","apiProfiles":[{"profileVersion":"2017-03-09-profile","apiVersion":"2015-06-15"},{"profileVersion":"2018-03-01-hybrid","apiVersion":"2017-10-01"},{"profileVersion":"2019-03-01-hybrid","apiVersion":"2017-10-01"}],"capabilities":"CrossResourceGroupResourceMove,
        CrossSubscriptionResourceMove, SupportsTags, SupportsLocation"},{"resourceType":"networkSecurityGroups","locations":["West
        US","East US","North Europe","West Europe","East Asia","Southeast Asia","North
        Central US","South Central US","Central US","East US 2","Japan East","Japan
        West","Brazil South","Australia East","Australia Southeast","Central India","South
        India","West India","Canada Central","Canada East","West Central US","West
        US 2","UK West","UK South","Korea Central","Korea South","France Central","Australia
        Central","South Africa North","UAE North","Switzerland North","Germany West
        Central","Norway East","Central US EUAP","East US 2 EUAP"],"apiVersions":["2019-11-01","2019-09-01","2019-08-01","2019-07-01","2019-06-01","2019-04-01","2019-02-01","2018-12-01","2018-11-01","2018-10-01","2018-08-01","2018-07-01","2018-06-01","2018-05-01","2018-04-01","2018-03-01","2018-02-01","2018-01-01","2017-11-01","2017-10-01","2017-09-01","2017-08-01","2017-06-01","2017-04-01","2017-03-01","2016-12-01","2016-11-01","2016-10-01","2016-09-01","2016-08-01","2016-07-01","2016-06-01","2016-03-30","2015-06-15","2015-05-01-preview","2014-12-01-preview"],"defaultApiVersion":"2017-09-01","apiProfiles":[{"profileVersion":"2017-03-09-profile","apiVersion":"2015-06-15"},{"profileVersion":"2018-03-01-hybrid","apiVersion":"2017-10-01"},{"profileVersion":"2019-03-01-hybrid","apiVersion":"2017-10-01"}],"capabilities":"CrossResourceGroupResourceMove,
        CrossSubscriptionResourceMove, SupportsTags, SupportsLocation"},{"resourceType":"applicationSecurityGroups","locations":["West
        US","East US","North Europe","West Europe","East Asia","Southeast Asia","North
        Central US","South Central US","Central US","East US 2","Japan East","Japan
        West","Brazil South","Australia East","Australia Southeast","Central India","South
        India","West India","Canada Central","Canada East","West Central US","West
        US 2","UK West","UK South","Korea Central","Korea South","France Central","Australia
        Central","South Africa North","UAE North","Switzerland North","Germany West
        Central","Norway East","Central US EUAP","East US 2 EUAP"],"apiVersions":["2019-11-01","2019-09-01","2019-08-01","2019-07-01","2019-06-01","2019-04-01","2019-02-01","2018-12-01","2018-11-01","2018-10-01","2018-08-01","2018-07-01","2018-06-01","2018-05-01","2018-04-01","2018-03-01","2018-02-01","2018-01-01","2017-11-01","2017-10-01","2017-09-01"],"defaultApiVersion":"2017-09-01","apiProfiles":[{"profileVersion":"2017-03-09-profile","apiVersion":"2017-09-01"},{"profileVersion":"2018-03-01-hybrid","apiVersion":"2017-10-01"}],"capabilities":"CrossResourceGroupResourceMove,
        CrossSubscriptionResourceMove, SupportsTags, SupportsLocation"},{"resourceType":"serviceEndpointPolicies","locations":["West
        US","East US","North Europe","West Europe","East Asia","Southeast Asia","North
        Central US","South Central US","Central US","East US 2","Japan East","Japan
        West","Brazil South","Australia East","Australia Southeast","Central India","South
        India","West India","Canada Central","Canada East","West Central US","West
        US 2","UK West","UK South","Korea Central","Korea South","France Central","Australia
        Central","South Africa North","UAE North","Switzerland North","Germany West
        Central","Norway East","Central US EUAP","East US 2 EUAP"],"apiVersions":["2019-11-01","2019-09-01","2019-08-01","2019-07-01","2019-06-01","2019-04-01","2019-02-01","2018-12-01","2018-11-01","2018-10-01","2018-08-01","2018-07-01","2018-06-01","2018-05-01","2018-04-01","2018-03-01","2018-02-01","2018-01-01"],"defaultApiVersion":"2018-01-01","capabilities":"CrossResourceGroupResourceMove,
        CrossSubscriptionResourceMove, SupportsTags, SupportsLocation"},{"resourceType":"networkIntentPolicies","locations":["West
        US","East US","North Europe","West Europe","East Asia","Southeast Asia","North
        Central US","South Central US","Central US","East US 2","Japan East","Japan
        West","Brazil South","Australia East","Australia Southeast","Central India","South
        India","West India","Canada Central","Canada East","West Central US","West
        US 2","UK West","UK South","Korea Central","Korea South","France Central","France
        South","Australia Central","South Africa North","UAE North","Switzerland North","Germany
        West Central","Norway East","Central US EUAP","East US 2 EUAP"],"apiVersions":["2019-11-01","2019-09-01","2019-08-01","2019-07-01","2019-06-01","2019-04-01","2019-02-01","2018-12-01","2018-11-01","2018-10-01","2018-08-01","2018-07-01","2018-06-01","2018-05-01","2018-04-01"],"defaultApiVersion":"2018-04-01","capabilities":"CrossResourceGroupResourceMove,
        CrossSubscriptionResourceMove, SupportsTags, SupportsLocation"},{"resourceType":"routeTables","locations":["West
        US","East US","North Europe","West Europe","East Asia","Southeast Asia","North
        Central US","South Central US","Central US","East US 2","Japan East","Japan
        West","Brazil South","Australia East","Australia Southeast","Central India","South
        India","West India","Canada Central","Canada East","West Central US","West
        US 2","UK West","UK South","Korea Central","Korea South","France Central","Australia
        Central","South Africa North","UAE North","Switzerland North","Germany West
        Central","Norway East","Central US EUAP","East US 2 EUAP"],"apiVersions":["2019-11-01","2019-09-01","2019-08-01","2019-07-01","2019-06-01","2019-04-01","2019-02-01","2018-12-01","2018-11-01","2018-10-01","2018-08-01","2018-07-01","2018-06-01","2018-05-01","2018-04-01","2018-03-01","2018-02-01","2018-01-01","2017-11-01","2017-10-01","2017-09-01","2017-08-01","2017-06-01","2017-04-01","2017-03-01","2016-12-01","2016-11-01","2016-10-01","2016-09-01","2016-08-01","2016-07-01","2016-06-01","2016-03-30","2015-06-15","2015-05-01-preview","2014-12-01-preview"],"defaultApiVersion":"2017-09-01","apiProfiles":[{"profileVersion":"2017-03-09-profile","apiVersion":"2015-06-15"},{"profileVersion":"2018-03-01-hybrid","apiVersion":"2017-10-01"},{"profileVersion":"2019-03-01-hybrid","apiVersion":"2017-10-01"}],"capabilities":"CrossResourceGroupResourceMove,
        CrossSubscriptionResourceMove, SupportsTags, SupportsLocation"},{"resourceType":"publicIPPrefixes","locations":["West
        US","East US","North Europe","West Europe","East Asia","Southeast Asia","North
        Central US","South Central US","Central US","East US 2","Japan East","Japan
        West","Brazil South","Australia East","Australia Southeast","Central India","South
        India","West India","Canada Central","Canada East","West Central US","West
        US 2","UK West","UK South","Korea Central","Korea South","France Central","Australia
        Central","South Africa North","UAE North","Switzerland North","Germany West
        Central","Norway East","Central US EUAP","East US 2 EUAP"],"apiVersions":["2019-11-01","2019-09-01","2019-08-01","2019-07-01","2019-06-01","2019-04-01","2019-02-01","2018-12-01","2018-11-01","2018-10-01","2018-08-01","2018-07-01"],"defaultApiVersion":"2018-07-01","zoneMappings":[{"location":"East
        US 2","zones":["2","3","1"]},{"location":"Central US","zones":["2","3","1"]},{"location":"West
        Europe","zones":["2","3","1"]},{"location":"East US 2 EUAP","zones":["1","2","3"]},{"location":"Central
        US EUAP","zones":["1","2"]},{"location":"France Central","zones":["2","3","1"]},{"location":"Southeast
        Asia","zones":["2","3","1"]},{"location":"West US 2","zones":["2","3","1"]},{"location":"North
        Europe","zones":["2","3","1"]},{"location":"East US","zones":["2","3","1"]},{"location":"UK
        South","zones":["2","3","1"]},{"location":"Japan East","zones":["2","3","1"]},{"location":"Australia
        East","zones":[]},{"location":"South Africa North","zones":[]},{"location":"South
        Central US","zones":[]},{"location":"Canada Central","zones":[]}],"capabilities":"CrossResourceGroupResourceMove,
        CrossSubscriptionResourceMove, SupportsTags, SupportsLocation"},{"resourceType":"ddosCustomPolicies","locations":["West
        US","East US","North Europe","West Europe","East Asia","Southeast Asia","North
        Central US","South Central US","Central US","East US 2","Japan East","Japan
        West","Brazil South","Australia East","Australia Southeast","Central India","South
        India","West India","Canada Central","Canada East","West Central US","West
        US 2","UK West","UK South","Korea Central","Korea South","France Central","Australia
        Central","South Africa North","UAE North","Switzerland North","Germany West
        Central","Norway East","Central US EUAP","East US 2 EUAP"],"apiVersions":["2019-11-01","2019-09-01","2019-08-01","2019-07-01","2019-06-01","2019-04-01","2019-02-01","2018-12-01","2018-11-01","2018-10-01"],"defaultApiVersion":"2018-10-01","capabilities":"CrossResourceGroupResourceMove,
        CrossSubscriptionResourceMove, SupportsTags, SupportsLocation"},{"resourceType":"networkWatchers","locations":["West
        US","East US","North Europe","West Europe","East Asia","Southeast Asia","North
        Central US","South Central US","Central US","East US 2","Japan East","Japan
        West","Brazil South","Australia East","Australia Southeast","Central India","South
        India","West India","Canada Central","Canada East","West Central US","West
        US 2","UK West","UK South","Korea Central","Korea South","France Central","Australia
        Central","South Africa North","UAE North","Switzerland North","Germany West
        Central","Norway East","Central US EUAP","East US 2 EUAP"],"apiVersions":["2019-11-01","2019-09-01","2019-08-01","2019-07-01","2019-06-01","2019-04-01","2019-02-01","2018-12-01","2018-11-01","2018-10-01","2018-08-01","2018-07-01","2018-06-01","2018-05-01","2018-04-01","2018-03-01","2018-02-01","2018-01-01","2017-11-01","2017-10-01","2017-09-01","2017-08-01","2017-06-01","2017-04-01","2017-03-01","2016-12-01","2016-11-01","2016-10-01","2016-09-01","2016-08-01","2016-07-01","2016-06-01","2016-03-30"],"defaultApiVersion":"2017-09-01","capabilities":"CrossResourceGroupResourceMove,
        CrossSubscriptionResourceMove, SupportsTags, SupportsLocation"},{"resourceType":"networkWatchers/connectionMonitors","locations":["West
        US","East US","North Europe","West Europe","East Asia","Southeast Asia","North
        Central US","South Central US","Central US","East US 2","Japan East","Japan
        West","Brazil South","Australia East","Australia Southeast","Central India","South
        India","West India","Canada Central","Canada East","West Central US","West
        US 2","UK West","UK South","Korea Central","Korea South","France Central","Australia
        Central","South Africa North","UAE North","Switzerland North","Germany West
        Central","Norway East","Central US EUAP","East US 2 EUAP"],"apiVersions":["2019-11-01","2019-09-01","2019-08-01","2019-07-01","2019-06-01","2019-04-01","2019-02-01","2018-12-01","2018-11-01","2018-10-01","2018-08-01","2018-07-01","2018-06-01","2018-05-01","2018-04-01","2018-03-01","2018-02-01","2018-01-01","2017-11-01","2017-10-01","2017-09-01"],"defaultApiVersion":"2017-09-01","capabilities":"CrossResourceGroupResourceMove,
        CrossSubscriptionResourceMove, SupportsTags, SupportsLocation"},{"resourceType":"networkWatchers/flowLogs","locations":["West
        US","East US","North Europe","West Europe","East Asia","Southeast Asia","North
        Central US","South Central US","Central US","East US 2","Japan East","Japan
        West","Brazil South","Australia East","Australia Southeast","Central India","South
        India","West India","Canada Central","Canada East","West Central US","West
        US 2","UK West","UK South","Korea Central","Korea South","France Central","Australia
        Central","South Africa North","UAE North","Switzerland North","Germany West
        Central","Norway East","Central US EUAP","East US 2 EUAP"],"apiVersions":["2019-11-01","2019-09-01","2019-08-01","2019-07-01","2019-06-01","2019-04-01","2019-02-01","2018-12-01","2018-11-01","2018-10-01","2018-08-01","2018-07-01","2018-06-01","2018-05-01","2018-04-01","2018-03-01","2018-02-01","2018-01-01","2017-11-01","2017-10-01","2017-09-01"],"defaultApiVersion":"2019-07-01","capabilities":"CrossResourceGroupResourceMove,
        CrossSubscriptionResourceMove, SupportsTags, SupportsLocation"},{"resourceType":"networkWatchers/lenses","locations":["West
        US","East US","North Europe","West Europe","East Asia","Southeast Asia","North
        Central US","South Central US","Central US","East US 2","Japan East","Japan
        West","Brazil South","Australia East","Australia Southeast","Central India","South
        India","West India","Canada Central","Canada East","West Central US","West
        US 2","UK West","UK South","Korea Central","Korea South","France Central","Australia
        Central","South Africa North","UAE North","Switzerland North","Germany West
        Central","Norway East","Central US EUAP","East US 2 EUAP"],"apiVersions":["2019-11-01","2019-09-01","2019-08-01","2019-07-01","2019-06-01","2019-04-01","2019-02-01","2018-12-01","2018-11-01","2018-10-01","2018-08-01","2018-07-01","2018-06-01","2018-01-01","2017-11-01","2017-10-01","2017-09-01"],"defaultApiVersion":"2017-09-01","capabilities":"CrossResourceGroupResourceMove,
        CrossSubscriptionResourceMove, SupportsTags, SupportsLocation"},{"resourceType":"networkWatchers/pingMeshes","locations":["West
        US","East US","North Europe","West Europe","East Asia","Southeast Asia","North
        Central US","South Central US","Central US","East US 2","Japan East","Japan
        West","Brazil South","Australia East","Australia Southeast","Central India","South
        India","West India","Canada Central","Canada East","West Central US","West
        US 2","UK West","UK South","Korea Central","Korea South","France Central","Australia
        Central","South Africa North","UAE North","Switzerland North","Germany West
        Central","Norway East","Central US EUAP","East US 2 EUAP"],"apiVersions":["2019-11-01","2019-09-01","2019-08-01","2019-07-01","2019-06-01","2019-04-01","2019-02-01","2018-12-01","2018-11-01","2018-10-01","2018-08-01","2018-07-01","2018-06-01","2018-04-01","2018-03-01","2018-02-01","2018-01-01","2017-11-01","2017-10-01","2017-09-01"],"defaultApiVersion":"2017-09-01","capabilities":"CrossResourceGroupResourceMove,
        CrossSubscriptionResourceMove, SupportsTags, SupportsLocation"},{"resourceType":"virtualNetworkGateways","locations":["West
        US","East US","North Europe","West Europe","East Asia","Southeast Asia","North
        Central US","South Central US","Central US","East US 2","Japan East","Japan
        West","Brazil South","Australia East","Australia Southeast","Central India","South
        India","West India","Canada Central","Canada East","West Central US","West
        US 2","UK West","UK South","Korea Central","Korea South","France Central","Australia
        Central","South Africa North","UAE North","Switzerland North","Germany West
        Central","Norway East","Central US EUAP","East US 2 EUAP"],"apiVersions":["2019-11-01","2019-09-01","2019-08-01","2019-07-01","2019-06-01","2019-04-01","2019-02-01","2018-12-01","2018-11-01","2018-10-01","2018-08-01","2018-07-01","2018-06-01","2018-05-01","2018-04-01","2018-03-01","2018-02-01","2018-01-01","2017-11-01","2017-10-01","2017-09-01","2017-08-01","2017-06-01","2017-04-01","2017-03-01","2016-12-01","2016-11-01","2016-10-01","2016-09-01","2016-08-01","2016-07-01","2016-06-01","2016-03-30","2015-06-15","2015-05-01-preview","2014-12-01-preview"],"defaultApiVersion":"2017-09-01","apiProfiles":[{"profileVersion":"2017-03-09-profile","apiVersion":"2015-06-15"},{"profileVersion":"2018-03-01-hybrid","apiVersion":"2017-03-01"},{"profileVersion":"2019-03-01-hybrid","apiVersion":"2017-10-01"}],"capabilities":"CrossResourceGroupResourceMove,
        CrossSubscriptionResourceMove, SupportsTags, SupportsLocation"},{"resourceType":"localNetworkGateways","locations":["West
        US","East US","North Europe","West Europe","East Asia","Southeast Asia","North
        Central US","South Central US","Central US","East US 2","Japan East","Japan
        West","Brazil South","Australia East","Australia Southeast","Central India","South
        India","West India","Canada Central","Canada East","West Central US","West
        US 2","UK West","UK South","Korea Central","Korea South","France Central","Australia
        Central","South Africa North","UAE North","Switzerland North","Germany West
        Central","Norway East","Central US EUAP","East US 2 EUAP"],"apiVersions":["2019-11-01","2019-09-01","2019-08-01","2019-07-01","2019-06-01","2019-04-01","2019-02-01","2018-12-01","2018-11-01","2018-10-01","2018-08-01","2018-07-01","2018-06-01","2018-05-01","2018-04-01","2018-03-01","2018-02-01","2018-01-01","2017-11-01","2017-10-01","2017-09-01","2017-08-01","2017-06-01","2017-04-01","2017-03-01","2016-12-01","2016-11-01","2016-10-01","2016-09-01","2016-08-01","2016-07-01","2016-06-01","2016-03-30","2015-06-15","2015-05-01-preview","2014-12-01-preview"],"defaultApiVersion":"2017-09-01","apiProfiles":[{"profileVersion":"2017-03-09-profile","apiVersion":"2015-06-15"},{"profileVersion":"2018-03-01-hybrid","apiVersion":"2017-03-01"},{"profileVersion":"2019-03-01-hybrid","apiVersion":"2017-10-01"}],"capabilities":"CrossResourceGroupResourceMove,
        CrossSubscriptionResourceMove, SupportsTags, SupportsLocation"},{"resourceType":"connections","locations":["West
        US","East US","North Europe","West Europe","East Asia","Southeast Asia","North
        Central US","South Central US","Central US","East US 2","Japan East","Japan
        West","Brazil South","Australia East","Australia Southeast","Central India","South
        India","West India","Canada Central","Canada East","West Central US","West
        US 2","UK West","UK South","Korea Central","Korea South","France Central","Australia
        Central","South Africa North","UAE North","Switzerland North","Germany West
        Central","Norway East","Central US EUAP","East US 2 EUAP"],"apiVersions":["2019-11-01","2019-09-01","2019-08-01","2019-07-01","2019-06-01","2019-04-01","2019-02-01","2018-12-01","2018-11-01","2018-10-01","2018-08-01","2018-07-01","2018-06-01","2018-05-01","2018-04-01","2018-03-01","2018-02-01","2018-01-01","2017-11-01","2017-10-01","2017-09-01","2017-08-01","2017-06-01","2017-04-01","2017-03-01","2016-12-01","2016-11-01","2016-10-01","2016-09-01","2016-08-01","2016-07-01","2016-06-01","2016-03-30","2015-06-15","2015-05-01-preview","2014-12-01-preview"],"defaultApiVersion":"2017-09-01","apiProfiles":[{"profileVersion":"2017-03-09-profile","apiVersion":"2015-06-15"},{"profileVersion":"2018-03-01-hybrid","apiVersion":"2017-03-01"},{"profileVersion":"2019-03-01-hybrid","apiVersion":"2017-10-01"}],"capabilities":"CrossResourceGroupResourceMove,
        CrossSubscriptionResourceMove, SupportsTags, SupportsLocation"},{"resourceType":"applicationGateways","locations":["West
        US","East US","North Europe","West Europe","East Asia","Southeast Asia","North
        Central US","South Central US","Central US","East US 2","Japan East","Japan
        West","Brazil South","Australia East","Australia Southeast","Central India","South
        India","West India","Canada Central","Canada East","West Central US","West
        US 2","UK West","UK South","Korea Central","Korea South","France Central","Australia
        Central","South Africa North","UAE North","Switzerland North","Germany West
        Central","Norway East","Central US EUAP","East US 2 EUAP"],"apiVersions":["2019-11-01","2019-09-01","2019-08-01","2019-07-01","2019-06-01","2019-04-01","2019-02-01","2018-12-01","2018-11-01","2018-10-01","2018-08-01","2018-07-01","2018-06-01","2018-05-01","2018-04-01","2018-03-01","2018-02-01","2018-01-01","2017-11-01","2017-10-01","2017-09-01","2017-08-01","2017-06-01","2017-04-01","2017-03-01","2016-12-01","2016-11-01","2016-10-01","2016-09-01","2016-08-01","2016-07-01","2016-06-01","2016-03-30","2015-06-15","2015-05-01-preview","2014-12-01-preview"],"defaultApiVersion":"2018-12-01","zoneMappings":[{"location":"East
        US 2","zones":["2","3","1"]},{"location":"Central US","zones":["2","3","1"]},{"location":"West
        Europe","zones":["2","3","1"]},{"location":"East US 2 EUAP","zones":["1","2","3"]},{"location":"Central
        US EUAP","zones":["1","2"]},{"location":"France Central","zones":["2","3","1"]},{"location":"Southeast
        Asia","zones":["2","3","1"]},{"location":"West US 2","zones":["2","3","1"]},{"location":"North
        Europe","zones":["2","3","1"]},{"location":"East US","zones":["2","3","1"]},{"location":"UK
        South","zones":["2","3","1"]},{"location":"Japan East","zones":["2","3","1"]},{"location":"Australia
        East","zones":[]},{"location":"South Africa North","zones":[]},{"location":"South
        Central US","zones":[]},{"location":"Canada Central","zones":[]}],"capabilities":"SupportsTags,
        SupportsLocation"},{"resourceType":"applicationGatewayWebApplicationFirewallPolicies","locations":["West
        US","East US","North Europe","West Europe","East Asia","Southeast Asia","North
        Central US","South Central US","Central US","East US 2","Japan East","Japan
        West","Brazil South","Australia East","Australia Southeast","Central India","South
        India","West India","Canada Central","Canada East","West Central US","West
        US 2","UK West","UK South","Korea Central","Korea South","France Central","Australia
        Central","South Africa North","UAE North","Switzerland North","Germany West
        Central","Norway East","Central US EUAP","East US 2 EUAP"],"apiVersions":["2019-11-01","2019-09-01","2019-08-01","2019-07-01","2019-06-01","2019-04-01","2019-02-01","2018-12-01"],"defaultApiVersion":"2018-12-01","capabilities":"SupportsTags,
        SupportsLocation"},{"resourceType":"locations","locations":[],"apiVersions":["2019-11-01","2019-09-01","2019-08-01","2019-07-01","2019-06-01","2019-04-01","2019-02-01","2018-12-01","2018-11-01","2018-10-01","2018-08-01","2018-07-01","2018-06-01","2018-05-01","2018-04-01","2018-03-01","2018-02-01","2018-01-01","2017-11-01","2017-10-01","2017-09-01","2017-08-01","2017-06-01","2017-04-01","2017-03-01","2016-12-01","2016-11-01","2016-10-01","2016-09-01","2016-08-01","2016-07-01","2016-06-01","2016-03-30","2015-06-15","2015-05-01-preview","2014-12-01-preview"],"apiProfiles":[{"profileVersion":"2017-03-09-profile","apiVersion":"2015-06-15"},{"profileVersion":"2018-03-01-hybrid","apiVersion":"2017-10-01"},{"profileVersion":"2019-03-01-hybrid","apiVersion":"2017-10-01"}],"capabilities":"None"},{"resourceType":"locations/operations","locations":[],"apiVersions":["2019-11-01","2019-09-01","2019-08-01","2019-07-01","2019-06-01","2019-04-01","2019-02-01","2018-12-01","2018-11-01","2018-10-01","2018-08-01","2018-07-01","2018-06-01","2018-05-01","2018-04-01","2018-03-01","2018-02-01","2018-01-01","2017-11-01","2017-10-01","2017-09-01","2017-08-01","2017-06-01","2017-04-01","2017-03-01","2016-12-01","2016-11-01","2016-10-01","2016-09-01","2016-08-01","2016-07-01","2016-06-01","2016-03-30","2015-06-15","2015-05-01-preview","2014-12-01-preview"],"apiProfiles":[{"profileVersion":"2017-03-09-profile","apiVersion":"2015-06-15"},{"profileVersion":"2018-03-01-hybrid","apiVersion":"2017-10-01"},{"profileVersion":"2019-03-01-hybrid","apiVersion":"2017-10-01"}],"capabilities":"None"},{"resourceType":"locations/operationResults","locations":[],"apiVersions":["2019-11-01","2019-09-01","2019-08-01","2019-07-01","2019-06-01","2019-04-01","2019-02-01","2018-12-01","2018-11-01","2018-10-01","2018-08-01","2018-07-01","2018-06-01","2018-05-01","2018-04-01","2018-03-01","2018-02-01","2018-01-01","2017-11-01","2017-10-01","2017-09-01","2017-08-01","2017-06-01","2017-04-01","2017-03-01","2016-12-01","2016-11-01","2016-10-01","2016-09-01","2016-08-01","2016-07-01","2016-06-01","2016-03-30","2015-06-15","2015-05-01-preview","2014-12-01-preview"],"apiProfiles":[{"profileVersion":"2017-03-09-profile","apiVersion":"2015-06-15"},{"profileVersion":"2018-03-01-hybrid","apiVersion":"2017-10-01"},{"profileVersion":"2019-03-01-hybrid","apiVersion":"2017-10-01"}],"capabilities":"None"},{"resourceType":"locations/CheckDnsNameAvailability","locations":["West
        US","East US","North Europe","West Europe","East Asia","Southeast Asia","North
        Central US","South Central US","Central US","East US 2","Japan East","Japan
        West","Brazil South","Australia East","Australia Southeast","Central India","South
        India","West India","Canada Central","Canada East","West Central US","West
        US 2","UK West","UK South","Korea Central","Korea South","France Central","Australia
        Central","South Africa North","UAE North","Switzerland North","Germany West
        Central","Norway East","Central US EUAP","East US 2 EUAP"],"apiVersions":["2019-11-01","2019-09-01","2019-08-01","2019-07-01","2019-06-01","2019-04-01","2019-02-01","2018-12-01","2018-11-01","2018-10-01","2018-08-01","2018-07-01","2018-06-01","2018-05-01","2018-04-01","2018-03-01","2018-02-01","2018-01-01","2017-11-01","2017-10-01","2017-09-01","2017-08-01","2017-06-01","2017-04-01","2017-03-01","2016-12-01","2016-11-01","2016-10-01","2016-09-01","2016-08-01","2016-07-01","2016-06-01","2016-03-30","2015-06-15","2015-05-01-preview","2014-12-01-preview"],"capabilities":"None"},{"resourceType":"locations/usages","locations":["West
        US","East US","North Europe","West Europe","East Asia","Southeast Asia","North
        Central US","South Central US","Central US","East US 2","Japan East","Japan
        West","Brazil South","Australia East","Australia Southeast","Central India","South
        India","West India","Canada Central","Canada East","West Central US","West
        US 2","UK West","UK South","Korea Central","Korea South","France Central","Australia
        Central","South Africa North","UAE North","Switzerland North","Germany West
        Central","Norway East","Central US EUAP","East US 2 EUAP"],"apiVersions":["2019-11-01","2019-09-01","2019-08-01","2019-07-01","2019-06-01","2019-04-01","2019-02-01","2018-12-01","2018-11-01","2018-10-01","2018-08-01","2018-07-01","2018-06-01","2018-05-01","2018-04-01","2018-03-01","2018-02-01","2018-01-01","2017-11-01","2017-10-01","2017-09-01","2017-08-01","2017-06-01","2017-04-01","2017-03-01","2016-12-01","2016-11-01","2016-10-01","2016-09-01","2016-08-01","2016-07-01","2016-06-01","2016-03-30","2015-06-15","2015-05-01-preview","2014-12-01-preview"],"apiProfiles":[{"profileVersion":"2017-03-09-profile","apiVersion":"2015-06-15"},{"profileVersion":"2018-03-01-hybrid","apiVersion":"2017-10-01"},{"profileVersion":"2019-03-01-hybrid","apiVersion":"2017-10-01"}],"capabilities":"None"},{"resourceType":"locations/virtualNetworkAvailableEndpointServices","locations":["West
        US","East US","North Europe","West Europe","East Asia","Southeast Asia","North
        Central US","South Central US","Central US","East US 2","Japan East","Japan
        West","Brazil South","Australia East","Australia Southeast","Central India","South
        India","West India","Canada Central","Canada East","West Central US","West
        US 2","UK West","UK South","Korea Central","Korea South","France Central","Australia
        Central","South Africa North","UAE North","Switzerland North","Germany West
        Central","Norway East","Central US EUAP","East US 2 EUAP"],"apiVersions":["2019-11-01","2019-09-01","2019-08-01","2019-07-01","2019-06-01","2019-04-01","2019-02-01","2018-12-01","2018-11-01","2018-10-01","2018-08-01","2018-07-01","2018-06-01","2018-05-01","2018-04-01","2018-03-01","2018-02-01","2018-01-01","2017-11-01","2017-10-01","2017-09-01","2017-08-01","2017-06-01","2017-04-01"],"capabilities":"None"},{"resourceType":"locations/availableDelegations","locations":["West
        US","East US","North Europe","West Europe","East Asia","Southeast Asia","North
        Central US","South Central US","Central US","East US 2","Japan East","Japan
        West","Brazil South","Australia East","Australia Southeast","Central India","South
        India","West India","Canada Central","Canada East","West Central US","West
        US 2","UK West","UK South","Korea Central","Korea South","France Central","Australia
        Central","South Africa North","UAE North","Switzerland North","Germany West
        Central","Norway East","Central US EUAP","East US 2 EUAP"],"apiVersions":["2019-11-01","2019-09-01","2019-08-01","2019-07-01","2019-06-01","2019-04-01","2019-02-01","2018-12-01","2018-11-01","2018-10-01","2018-08-01","2018-07-01","2018-06-01","2018-05-01","2018-04-01"],"capabilities":"None"},{"resourceType":"locations/serviceTags","locations":["West
        US","East US","North Europe","West Europe","East Asia","Southeast Asia","North
        Central US","South Central US","Central US","East US 2","Japan East","Japan
        West","Brazil South","Australia East","Australia Southeast","Central India","South
        India","West India","Canada Central","Canada East","West Central US","West
        US 2","UK West","UK South","Korea Central","Korea South","France Central","Australia
        Central","South Africa North","UAE North","Switzerland North","Germany West
        Central","Norway East","Central US EUAP","East US 2 EUAP"],"apiVersions":["2019-11-01","2019-09-01","2019-08-01","2019-07-01","2019-06-01","2019-04-01","2019-02-01"],"capabilities":"None"},{"resourceType":"locations/availablePrivateEndpointTypes","locations":["West
        US","East US","North Europe","West Europe","East Asia","Southeast Asia","North
        Central US","South Central US","Central US","East US 2","Japan East","Japan
        West","Brazil South","Australia East","Australia Southeast","Central India","South
        India","West India","Canada Central","Canada East","West Central US","West
        US 2","UK West","UK South","Korea Central","Korea South","France Central","Australia
        Central","South Africa North","UAE North","Switzerland North","Germany West
        Central","Norway East","Central US EUAP","East US 2 EUAP"],"apiVersions":["2019-11-01","2019-09-01","2019-08-01","2019-07-01","2019-06-01","2019-04-01","2019-02-01"],"capabilities":"None"},{"resourceType":"locations/availableServiceAliases","locations":["West
        US","East US","North Europe","West Europe","East Asia","Southeast Asia","North
        Central US","South Central US","Central US","East US 2","Japan East","Japan
        West","Brazil South","Australia East","Australia Southeast","Central India","South
        India","West India","Canada Central","Canada East","West Central US","West
        US 2","UK West","UK South","Korea Central","Korea South","France Central","Australia
        Central","South Africa North","UAE North","Switzerland North","Germany West
        Central","Norway East","Central US EUAP","East US 2 EUAP"],"apiVersions":["2019-11-01","2019-09-01","2019-08-01"],"capabilities":"None"},{"resourceType":"locations/checkPrivateLinkServiceVisibility","locations":["West
        US","East US","North Europe","West Europe","East Asia","Southeast Asia","North
        Central US","South Central US","Central US","East US 2","Japan East","Japan
        West","Brazil South","Australia East","Australia Southeast","Central India","South
        India","West India","Canada Central","Canada East","West Central US","West
        US 2","UK West","UK South","Korea Central","Korea South","France Central","Australia
        Central","South Africa North","UAE North","Switzerland North","Germany West
        Central","Norway East","Central US EUAP","East US 2 EUAP"],"apiVersions":["2019-11-01","2019-09-01","2019-08-01","2019-07-01","2019-06-01","2019-04-01"],"capabilities":"None"},{"resourceType":"locations/autoApprovedPrivateLinkServices","locations":["West
        US","East US","North Europe","West Europe","East Asia","Southeast Asia","North
        Central US","South Central US","Central US","East US 2","Japan East","Japan
        West","Brazil South","Australia East","Australia Southeast","Central India","South
        India","West India","Canada Central","Canada East","West Central US","West
        US 2","UK West","UK South","Korea Central","Korea South","France Central","Australia
        Central","South Africa North","UAE North","Switzerland North","Germany West
        Central","Norway East","Central US EUAP","East US 2 EUAP"],"apiVersions":["2019-11-01","2019-09-01","2019-08-01","2019-07-01","2019-06-01","2019-04-01"],"capabilities":"None"},{"resourceType":"locations/supportedVirtualMachineSizes","locations":["West
        US","East US","North Europe","West Europe","East Asia","Southeast Asia","North
        Central US","South Central US","Central US","East US 2","Japan East","Japan
        West","Brazil South","Australia East","Australia Southeast","Central India","South
        India","West India","Canada Central","Canada East","West Central US","West
        US 2","UK West","UK South","Korea Central","Korea South","France Central","Australia
        Central","South Africa North","UAE North","Switzerland North","Germany West
        Central","Norway East","Central US EUAP","East US 2 EUAP"],"apiVersions":["2019-11-01","2019-09-01","2019-08-01","2019-07-01","2019-06-01","2019-04-01","2019-02-01","2018-12-01","2018-11-01","2018-10-01","2018-08-01","2018-07-01","2018-06-01","2018-05-01","2018-04-01"],"capabilities":"None"},{"resourceType":"locations/checkAcceleratedNetworkingSupport","locations":["West
        US","East US","North Europe","West Europe","East Asia","Southeast Asia","North
        Central US","South Central US","Central US","East US 2","Japan East","Japan
        West","Brazil South","Australia East","Australia Southeast","Central India","South
        India","West India","Canada Central","Canada East","West Central US","West
        US 2","UK West","UK South","Korea Central","Korea South","France Central","Australia
        Central","South Africa North","UAE North","Switzerland North","Germany West
        Central","Norway East","Central US EUAP","East US 2 EUAP"],"apiVersions":["2019-11-01","2019-09-01","2019-08-01","2019-07-01","2019-06-01","2019-04-01","2019-02-01","2018-12-01","2018-11-01","2018-10-01","2018-08-01","2018-07-01","2018-06-01","2018-05-01","2018-04-01"],"capabilities":"None"},{"resourceType":"locations/validateResourceOwnership","locations":["West
        US","East US","North Europe","West Europe","East Asia","Southeast Asia","North
        Central US","South Central US","Central US","East US 2","Japan East","Japan
        West","Brazil South","Australia East","Australia Southeast","Central India","South
        India","West India","Canada Central","Canada East","West Central US","West
        US 2","UK West","UK South","Korea Central","Korea South","France Central","Australia
        Central","South Africa North","UAE North","Switzerland North","Germany West
        Central","Norway East","Central US EUAP","East US 2 EUAP"],"apiVersions":["2019-11-01","2019-09-01","2019-08-01","2019-07-01","2019-06-01","2019-04-01","2019-02-01","2018-12-01","2018-11-01","2018-10-01","2018-08-01","2018-07-01","2018-06-01","2018-05-01","2018-04-01"],"capabilities":"None"},{"resourceType":"locations/setResourceOwnership","locations":["West
        US","East US","North Europe","West Europe","East Asia","Southeast Asia","North
        Central US","South Central US","Central US","East US 2","Japan East","Japan
        West","Brazil South","Australia East","Australia Southeast","Central India","South
        India","West India","Canada Central","Canada East","West Central US","West
        US 2","UK West","UK South","Korea Central","Korea South","France Central","Australia
        Central","South Africa North","UAE North","Switzerland North","Germany West
        Central","Norway East","Central US EUAP","East US 2 EUAP"],"apiVersions":["2019-11-01","2019-09-01","2019-08-01","2019-07-01","2019-06-01","2019-04-01","2019-02-01","2018-12-01","2018-11-01","2018-10-01","2018-08-01","2018-07-01","2018-06-01","2018-05-01","2018-04-01"],"capabilities":"None"},{"resourceType":"locations/effectiveResourceOwnership","locations":["West
        US","East US","North Europe","West Europe","East Asia","Southeast Asia","North
        Central US","South Central US","Central US","East US 2","Japan East","Japan
        West","Brazil South","Australia East","Australia Southeast","Central India","South
        India","West India","Canada Central","Canada East","West Central US","West
        US 2","UK West","UK South","Korea Central","Korea South","France Central","Australia
        Central","South Africa North","UAE North","Switzerland North","Germany West
        Central","Norway East","Central US EUAP","East US 2 EUAP"],"apiVersions":["2019-11-01","2019-09-01","2019-08-01","2019-07-01","2019-06-01","2019-04-01","2019-02-01","2018-12-01","2018-11-01","2018-10-01","2018-08-01","2018-07-01","2018-06-01","2018-05-01","2018-04-01"],"capabilities":"None"},{"resourceType":"operations","locations":[],"apiVersions":["2019-11-01","2019-09-01","2019-08-01","2019-07-01","2019-06-01","2019-04-01","2019-02-01","2018-12-01","2018-11-01","2018-10-01","2018-08-01","2018-07-01","2018-06-01","2018-05-01","2018-04-01","2018-03-01","2018-02-01","2018-01-01","2017-11-01","2017-10-01","2017-09-01","2017-08-01","2017-06-01","2017-04-01","2017-03-01","2016-12-01","2016-11-01","2016-10-01","2016-09-01","2016-08-01","2016-07-01","2016-06-01","2016-03-30","2015-06-15","2015-05-01-preview","2014-12-01-preview"],"capabilities":"None"},{"resourceType":"dnszones","locations":["global"],"apiVersions":["2018-05-01","2018-03-01-preview","2017-10-01","2017-09-15-preview","2017-09-01","2016-04-01","2015-05-04-preview"],"defaultApiVersion":"2018-05-01","apiProfiles":[{"profileVersion":"2017-03-09-profile","apiVersion":"2016-04-01"},{"profileVersion":"2018-03-01-hybrid","apiVersion":"2016-04-01"},{"profileVersion":"2019-03-01-hybrid","apiVersion":"2016-04-01"}],"capabilities":"CrossResourceGroupResourceMove,
        CrossSubscriptionResourceMove, SupportsTags, SupportsLocation"},{"resourceType":"dnsOperationResults","locations":["global"],"apiVersions":["2018-05-01","2018-03-01-preview","2017-10-01","2017-09-15-preview","2017-09-01","2016-04-01"],"defaultApiVersion":"2018-05-01","capabilities":"None"},{"resourceType":"dnsOperationStatuses","locations":["global"],"apiVersions":["2018-05-01","2018-03-01-preview","2017-10-01","2017-09-15-preview","2017-09-01","2016-04-01"],"defaultApiVersion":"2018-05-01","capabilities":"None"},{"resourceType":"getDnsResourceReference","locations":["global"],"apiVersions":["2018-05-01"],"defaultApiVersion":"2018-05-01","capabilities":"None"},{"resourceType":"internalNotify","locations":["global"],"apiVersions":["2018-05-01"],"defaultApiVersion":"2018-05-01","capabilities":"None"},{"resourceType":"dnszones/A","locations":["global"],"apiVersions":["2018-05-01","2018-03-01-preview","2017-10-01","2017-09-15-preview","2017-09-01","2016-04-01","2015-05-04-preview"],"defaultApiVersion":"2018-05-01","capabilities":"None"},{"resourceType":"dnszones/AAAA","locations":["global"],"apiVersions":["2018-05-01","2018-03-01-preview","2017-10-01","2017-09-15-preview","2017-09-01","2016-04-01","2015-05-04-preview"],"defaultApiVersion":"2018-05-01","capabilities":"None"},{"resourceType":"dnszones/CNAME","locations":["global"],"apiVersions":["2018-05-01","2018-03-01-preview","2017-10-01","2017-09-15-preview","2017-09-01","2016-04-01","2015-05-04-preview"],"defaultApiVersion":"2018-05-01","capabilities":"None"},{"resourceType":"dnszones/PTR","locations":["global"],"apiVersions":["2018-05-01","2018-03-01-preview","2017-10-01","2017-09-15-preview","2017-09-01","2016-04-01","2015-05-04-preview"],"defaultApiVersion":"2018-05-01","capabilities":"None"},{"resourceType":"dnszones/MX","locations":["global"],"apiVersions":["2018-05-01","2018-03-01-preview","2017-10-01","2017-09-15-preview","2017-09-01","2016-04-01","2015-05-04-preview"],"defaultApiVersion":"2018-05-01","capabilities":"None"},{"resourceType":"dnszones/TXT","locations":["global"],"apiVersions":["2018-05-01","2018-03-01-preview","2017-10-01","2017-09-15-preview","2017-09-01","2016-04-01","2015-05-04-preview"],"defaultApiVersion":"2018-05-01","capabilities":"None"},{"resourceType":"dnszones/SRV","locations":["global"],"apiVersions":["2018-05-01","2018-03-01-preview","2017-10-01","2017-09-15-preview","2017-09-01","2016-04-01","2015-05-04-preview"],"defaultApiVersion":"2018-05-01","capabilities":"None"},{"resourceType":"dnszones/SOA","locations":["global"],"apiVersions":["2018-05-01","2018-03-01-preview","2017-10-01","2017-09-15-preview","2017-09-01","2016-04-01","2015-05-04-preview"],"defaultApiVersion":"2018-05-01","capabilities":"None"},{"resourceType":"dnszones/NS","locations":["global"],"apiVersions":["2018-05-01","2018-03-01-preview","2017-10-01","2017-09-15-preview","2017-09-01","2016-04-01","2015-05-04-preview"],"defaultApiVersion":"2018-05-01","capabilities":"None"},{"resourceType":"dnszones/CAA","locations":["global"],"apiVersions":["2018-05-01","2018-03-01-preview","2017-10-01","2017-09-15-preview","2017-09-01"],"defaultApiVersion":"2018-05-01","capabilities":"None"},{"resourceType":"dnszones/recordsets","locations":["global"],"apiVersions":["2018-05-01","2018-03-01-preview","2017-10-01","2017-09-15-preview","2017-09-01","2016-04-01","2015-05-04-preview"],"defaultApiVersion":"2018-05-01","capabilities":"None"},{"resourceType":"dnszones/all","locations":["global"],"apiVersions":["2018-05-01","2018-03-01-preview","2017-10-01","2017-09-15-preview","2017-09-01","2016-04-01","2015-05-04-preview"],"defaultApiVersion":"2018-05-01","capabilities":"None"},{"resourceType":"privateDnsZones","locations":["global"],"apiVersions":["2018-09-01"],"defaultApiVersion":"2018-09-01","capabilities":"CrossResourceGroupResourceMove,
        CrossSubscriptionResourceMove, SupportsTags, SupportsLocation"},{"resourceType":"privateDnsZones/virtualNetworkLinks","locations":["global"],"apiVersions":["2018-09-01"],"defaultApiVersion":"2018-09-01","capabilities":"CrossResourceGroupResourceMove,
        CrossSubscriptionResourceMove, SupportsTags, SupportsLocation"},{"resourceType":"privateDnsOperationResults","locations":["global"],"apiVersions":["2018-09-01"],"defaultApiVersion":"2018-09-01","capabilities":"None"},{"resourceType":"privateDnsOperationStatuses","locations":["global"],"apiVersions":["2018-09-01"],"defaultApiVersion":"2018-09-01","capabilities":"None"},{"resourceType":"privateDnsZones/A","locations":["global"],"apiVersions":["2018-09-01"],"defaultApiVersion":"2018-09-01","capabilities":"None"},{"resourceType":"privateDnsZones/AAAA","locations":["global"],"apiVersions":["2018-09-01"],"defaultApiVersion":"2018-09-01","capabilities":"None"},{"resourceType":"privateDnsZones/CNAME","locations":["global"],"apiVersions":["2018-09-01"],"defaultApiVersion":"2018-09-01","capabilities":"None"},{"resourceType":"privateDnsZones/PTR","locations":["global"],"apiVersions":["2018-09-01"],"defaultApiVersion":"2018-09-01","capabilities":"None"},{"resourceType":"privateDnsZones/MX","locations":["global"],"apiVersions":["2018-09-01"],"defaultApiVersion":"2018-09-01","capabilities":"None"},{"resourceType":"privateDnsZones/TXT","locations":["global"],"apiVersions":["2018-09-01"],"defaultApiVersion":"2018-09-01","capabilities":"None"},{"resourceType":"privateDnsZones/SRV","locations":["global"],"apiVersions":["2018-09-01"],"defaultApiVersion":"2018-09-01","capabilities":"None"},{"resourceType":"privateDnsZones/SOA","locations":["global"],"apiVersions":["2018-09-01"],"defaultApiVersion":"2018-09-01","capabilities":"None"},{"resourceType":"privateDnsZones/all","locations":["global"],"apiVersions":["2018-09-01"],"defaultApiVersion":"2018-09-01","capabilities":"None"},{"resourceType":"trafficmanagerprofiles","locations":["global"],"apiVersions":["2018-08-01","2018-04-01","2018-03-01","2018-02-01","2017-05-01","2017-03-01","2015-11-01","2015-04-28-preview"],"defaultApiVersion":"2018-08-01","capabilities":"CrossResourceGroupResourceMove,
        CrossSubscriptionResourceMove, SupportsTags, SupportsLocation"},{"resourceType":"trafficmanagerprofiles/heatMaps","locations":["global"],"apiVersions":["2018-08-01","2018-04-01","2018-03-01","2018-02-01","2017-09-01-preview"],"defaultApiVersion":"2018-08-01","capabilities":"None"},{"resourceType":"checkTrafficManagerNameAvailability","locations":["global"],"apiVersions":["2018-08-01","2018-04-01","2018-03-01","2018-02-01","2017-05-01","2017-03-01","2015-11-01","2015-04-28-preview"],"defaultApiVersion":"2018-08-01","capabilities":"None"},{"resourceType":"trafficManagerUserMetricsKeys","locations":["global"],"apiVersions":["2018-08-01","2018-04-01","2017-09-01-preview"],"defaultApiVersion":"2018-08-01","capabilities":"None"},{"resourceType":"trafficManagerGeographicHierarchies","locations":["global"],"apiVersions":["2018-08-01","2018-04-01","2018-03-01","2018-02-01","2017-05-01","2017-03-01"],"defaultApiVersion":"2018-08-01","capabilities":"None"},{"resourceType":"expressRouteCircuits","locations":["West
        US","East US","North Europe","West Europe","East Asia","Southeast Asia","North
        Central US","South Central US","Central US","East US 2","Japan East","Japan
        West","Brazil South","Australia East","Australia Southeast","Central India","South
        India","West India","Canada Central","Canada East","West Central US","West
        US 2","UK West","UK South","Korea Central","Korea South","France Central","Australia
        Central","South Africa North","UAE North","Switzerland North","Germany West
        Central","Norway East","Central US EUAP","East US 2 EUAP"],"apiVersions":["2019-11-01","2019-09-01","2019-08-01","2019-07-01","2019-06-01","2019-04-01","2019-02-01","2018-12-01","2018-11-01","2018-10-01","2018-08-01","2018-07-01","2018-06-01","2018-05-01","2018-04-01","2018-03-01","2018-02-01","2018-01-01","2017-11-01","2017-10-01","2017-09-01","2017-08-01","2017-06-01","2017-04-01","2017-03-01","2016-12-01","2016-11-01","2016-10-01","2016-09-01","2016-08-01","2016-07-01","2016-06-01","2016-03-30","2015-06-15","2015-05-01-preview","2014-12-01-preview"],"defaultApiVersion":"2017-09-01","capabilities":"SupportsTags,
        SupportsLocation"},{"resourceType":"expressRouteServiceProviders","locations":[],"apiVersions":["2019-11-01","2019-09-01","2019-08-01","2019-07-01","2019-06-01","2019-04-01","2019-02-01","2018-12-01","2018-11-01","2018-10-01","2018-08-01","2018-07-01","2018-06-01","2018-05-01","2018-04-01","2018-03-01","2018-02-01","2018-01-01","2017-11-01","2017-10-01","2017-09-01","2017-08-01","2017-06-01","2017-04-01","2017-03-01","2016-12-01","2016-11-01","2016-10-01","2016-09-01","2016-08-01","2016-07-01","2016-06-01","2016-03-30","2015-06-15","2015-05-01-preview","2014-12-01-preview"],"capabilities":"None"},{"resourceType":"applicationGatewayAvailableWafRuleSets","locations":[],"apiVersions":["2019-11-01","2019-09-01","2019-08-01","2019-07-01","2019-06-01","2019-04-01","2019-02-01","2018-12-01","2018-11-01","2018-10-01","2018-08-01","2018-07-01","2018-06-01","2018-05-01","2018-04-01","2018-03-01","2018-02-01","2018-01-01","2017-11-01","2017-10-01","2017-09-01","2017-08-01","2017-06-01","2017-04-01","2017-03-01"],"capabilities":"None"},{"resourceType":"applicationGatewayAvailableSslOptions","locations":[],"apiVersions":["2019-11-01","2019-09-01","2019-08-01","2019-07-01","2019-06-01","2019-04-01","2019-02-01","2018-12-01","2018-11-01","2018-10-01","2018-08-01","2018-07-01","2018-06-01","2018-05-01","2018-04-01","2018-03-01","2018-02-01","2018-01-01","2017-11-01","2017-10-01","2017-09-01","2017-08-01","2017-06-01"],"capabilities":"None"},{"resourceType":"applicationGatewayAvailableServerVariables","locations":[],"apiVersions":["2019-11-01","2019-09-01","2019-08-01","2019-07-01","2019-06-01","2019-04-01","2019-02-01","2018-12-01","2018-11-01"],"capabilities":"None"},{"resourceType":"applicationGatewayAvailableRequestHeaders","locations":[],"apiVersions":["2019-11-01","2019-09-01","2019-08-01","2019-07-01","2019-06-01","2019-04-01","2019-02-01","2018-12-01","2018-11-01"],"capabilities":"None"},{"resourceType":"applicationGatewayAvailableResponseHeaders","locations":[],"apiVersions":["2019-11-01","2019-09-01","2019-08-01","2019-07-01","2019-06-01","2019-04-01","2019-02-01","2018-12-01","2018-11-01"],"capabilities":"None"},{"resourceType":"routeFilters","locations":["West
        US","East US","North Europe","West Europe","East Asia","Southeast Asia","North
        Central US","South Central US","Central US","East US 2","Japan East","Japan
        West","Brazil South","Australia East","Australia Southeast","Central India","South
        India","West India","Canada Central","Canada East","West Central US","West
        US 2","UK West","UK South","Korea Central","Korea South","France Central","Australia
        Central","South Africa North","UAE North","Switzerland North","Germany West
        Central","Norway East","Central US EUAP","East US 2 EUAP"],"apiVersions":["2019-11-01","2019-09-01","2019-08-01","2019-07-01","2019-06-01","2019-04-01","2019-02-01","2018-12-01","2018-11-01","2018-10-01","2018-08-01","2018-07-01","2018-06-01","2018-05-01","2018-04-01","2018-03-01","2018-02-01","2018-01-01","2017-11-01","2017-10-01","2017-09-01","2017-08-01","2017-06-01","2017-04-01","2017-03-01","2016-12-01"],"defaultApiVersion":"2016-12-01","capabilities":"SupportsTags,
        SupportsLocation"},{"resourceType":"bgpServiceCommunities","locations":[],"apiVersions":["2019-11-01","2019-09-01","2019-08-01","2019-07-01","2019-06-01","2019-04-01","2019-02-01","2018-12-01","2018-11-01","2018-10-01","2018-08-01","2018-07-01","2018-06-01","2018-05-01","2018-04-01","2018-03-01","2018-02-01","2018-01-01","2017-11-01","2017-10-01","2017-09-01","2017-08-01","2017-06-01","2017-04-01","2017-03-01","2016-12-01"],"capabilities":"None"},{"resourceType":"virtualWans","locations":["West
        US","East US","North Europe","West Europe","East Asia","Southeast Asia","North
        Central US","South Central US","Central US","East US 2","Japan East","Japan
        West","Brazil South","Australia East","Australia Southeast","Central India","South
        India","West India","Canada Central","Canada East","West Central US","West
        US 2","UK West","UK South","Korea Central","Korea South","France Central","Australia
        Central","South Africa North","UAE North","Switzerland North","Germany West
        Central","Norway East","Central US EUAP","East US 2 EUAP"],"apiVersions":["2019-11-01","2019-09-01","2019-08-01","2019-07-01","2019-06-01","2019-04-01","2019-02-01","2018-12-01","2018-11-01","2018-10-01","2018-08-01","2018-07-01","2018-06-01","2018-05-01","2018-04-01","2018-03-01","2018-02-01","2018-01-01","2017-11-01","2017-10-01","2017-09-01"],"defaultApiVersion":"2017-09-01","capabilities":"SupportsTags,
        SupportsLocation"},{"resourceType":"vpnSites","locations":["West US","East
        US","North Europe","West Europe","East Asia","Southeast Asia","North Central
        US","South Central US","Central US","East US 2","Japan East","Japan West","Brazil
        South","Australia East","Australia Southeast","Central India","South India","West
        India","Canada Central","Canada East","West Central US","West US 2","UK West","UK
        South","Korea Central","Korea South","France Central","Australia Central","South
        Africa North","UAE North","Switzerland North","Germany West Central","Norway
        East","Central US EUAP","East US 2 EUAP"],"apiVersions":["2019-11-01","2019-09-01","2019-08-01","2019-07-01","2019-06-01","2019-04-01","2019-02-01","2018-12-01","2018-11-01","2018-10-01","2018-08-01","2018-07-01","2018-06-01","2018-05-01","2018-04-01","2018-03-01","2018-02-01","2018-01-01","2017-11-01","2017-10-01","2017-09-01"],"defaultApiVersion":"2017-09-01","capabilities":"SupportsTags,
        SupportsLocation"},{"resourceType":"vpnServerConfigurations","locations":["West
        US","East US","North Europe","West Europe","East Asia","Southeast Asia","North
        Central US","South Central US","Central US","East US 2","Japan East","Japan
        West","Brazil South","Australia East","Australia Southeast","Central India","South
        India","West India","Canada Central","Canada East","West Central US","West
        US 2","UK West","UK South","Korea Central","Korea South","France Central","South
        Africa North","Switzerland North","Germany West Central","Norway East","Central
        US EUAP","East US 2 EUAP"],"apiVersions":["2019-11-01","2019-09-01","2019-08-01"],"defaultApiVersion":"2019-08-01","capabilities":"SupportsTags,
        SupportsLocation"},{"resourceType":"virtualHubs","locations":["West US","East
        US","North Europe","West Europe","East Asia","Southeast Asia","North Central
        US","South Central US","Central US","East US 2","Japan East","Japan West","Brazil
        South","Australia East","Australia Southeast","Central India","South India","West
        India","Canada Central","Canada East","West Central US","West US 2","UK West","UK
        South","Korea Central","Korea South","France Central","Australia Central","South
        Africa North","UAE North","Switzerland North","Germany West Central","Norway
        East","Central US EUAP","East US 2 EUAP"],"apiVersions":["2019-11-01","2019-09-01","2019-08-01","2019-07-01","2019-06-01","2019-04-01","2019-02-01","2018-12-01","2018-11-01","2018-10-01","2018-08-01","2018-07-01","2018-06-01","2018-05-01","2018-04-01","2018-03-01","2018-02-01","2018-01-01","2017-11-01","2017-10-01","2017-09-01"],"defaultApiVersion":"2017-11-01","capabilities":"SupportsTags,
        SupportsLocation"},{"resourceType":"vpnGateways","locations":["West US","East
        US","North Europe","West Europe","East Asia","Southeast Asia","North Central
        US","South Central US","Central US","East US 2","Japan East","Japan West","Brazil
        South","Australia East","Australia Southeast","Central India","South India","West
        India","Canada Central","Canada East","West Central US","West US 2","UK West","UK
        South","Korea Central","Korea South","France Central","Australia Central","South
        Africa North","UAE North","Switzerland North","Germany West Central","Norway
        East","Central US EUAP","East US 2 EUAP"],"apiVersions":["2019-11-01","2019-09-01","2019-08-01","2019-07-01","2019-06-01","2019-04-01","2019-02-01","2018-12-01","2018-11-01","2018-10-01","2018-08-01","2018-07-01","2018-06-01","2018-05-01","2018-04-01","2018-03-01","2018-02-01","2018-01-01","2017-11-01","2017-10-01","2017-09-01"],"defaultApiVersion":"2017-11-01","capabilities":"SupportsTags,
        SupportsLocation"},{"resourceType":"p2sVpnGateways","locations":["West US","East
        US","North Europe","West Europe","East Asia","Southeast Asia","North Central
        US","South Central US","Central US","East US 2","Japan East","Japan West","Brazil
        South","Australia East","Australia Southeast","Central India","South India","West
        India","Canada Central","Canada East","West Central US","West US 2","UK West","UK
        South","Korea Central","Korea South","France Central","Australia Central","UAE
        North","South Africa North","Switzerland North","Germany West Central","Norway
        East","Central US EUAP","East US 2 EUAP"],"apiVersions":["2019-11-01","2019-09-01","2019-08-01","2019-07-01","2019-06-01","2019-04-01","2019-02-01","2018-12-01","2018-11-01","2018-10-01","2018-08-01"],"defaultApiVersion":"2019-08-01","capabilities":"SupportsTags,
        SupportsLocation"},{"resourceType":"expressRouteGateways","locations":["West
        US","East US","North Europe","West Europe","East Asia","Southeast Asia","North
        Central US","South Central US","Central US","East US 2","Japan East","Japan
        West","Brazil South","Australia East","Australia Southeast","Central India","South
        India","West India","Canada Central","Canada East","West Central US","West
        US 2","UK West","UK South","Korea Central","Korea South","France Central","Australia
        Central","South Africa North","UAE North","Switzerland North","Germany West
        Central","Norway East","Central US EUAP","East US 2 EUAP"],"apiVersions":["2019-11-01","2019-09-01","2019-08-01","2019-07-01","2019-06-01","2019-04-01","2019-02-01","2018-12-01","2018-11-01","2018-10-01","2018-08-01"],"defaultApiVersion":"2018-08-01","capabilities":"SupportsTags,
        SupportsLocation"},{"resourceType":"firewallPolicies","locations":["UAE North","Australia
        Central 2","UAE Central","Germany North","Central India","Korea South","Switzerland
        North","Switzerland West","Japan West","France South","South Africa West","West
        India","Canada East","South India","Germany West Central","Norway East","Norway
        West","South Africa North","East Asia","Southeast Asia","Korea Central","Brazil
        South","Japan East","UK West","West US","East US","North Europe","West Europe","West
        Central US","South Central US","Australia East","Australia Central","Australia
        Southeast","UK South","East US 2","West US 2","North Central US","Canada Central","France
        Central","Central US","Central US EUAP","East US 2 EUAP"],"apiVersions":["2019-11-01","2019-09-01","2019-08-01","2019-07-01","2019-06-01"],"defaultApiVersion":"2019-06-01","capabilities":"CrossResourceGroupResourceMove,
        CrossSubscriptionResourceMove, SupportsTags, SupportsLocation"},{"resourceType":"ipGroups","locations":["UAE
        North","Australia Central 2","UAE Central","Germany North","Central India","Korea
        South","Switzerland North","Switzerland West","Japan West","France South","South
        Africa West","West India","Canada East","South India","Germany West Central","Norway
        East","Norway West","South Africa North","East Asia","Southeast Asia","Korea
        Central","Brazil South","Japan East","UK West","West US","East US","North
        Europe","West Europe","South Central US","Australia East","Australia Central","Australia
        Southeast","UK South","East US 2","West US 2","North Central US","Canada Central","France
        Central","West Central US","Central US","Central US EUAP","East US 2 EUAP"],"apiVersions":["2019-11-01","2019-09-01","2019-08-01"],"defaultApiVersion":"2019-08-01","capabilities":"CrossResourceGroupResourceMove,
        CrossSubscriptionResourceMove, SupportsTags, SupportsLocation"},{"resourceType":"locations/nfvOperations","locations":[],"apiVersions":["2019-11-01","2019-09-01","2019-08-01","2019-07-01","2019-06-01"],"capabilities":"None"},{"resourceType":"locations/nfvOperationResults","locations":[],"apiVersions":["2019-11-01","2019-09-01","2019-08-01","2019-07-01","2019-06-01"],"capabilities":"None"},{"resourceType":"azureFirewalls","locations":["West
        US","East US","North Europe","West Europe","East Asia","Southeast Asia","North
        Central US","South Central US","Central US","East US 2","Brazil South","Australia
        East","Australia Southeast","Central India","South India","West India","Canada
        Central","Canada East","West Central US","West US 2","UK West","UK South","France
        Central","Australia Central","Japan West","Japan East","Korea Central","Korea
        South","South Africa North","UAE North","Switzerland North","Germany West
        Central","Norway East","Central US EUAP","East US 2 EUAP"],"apiVersions":["2019-11-01","2019-09-01","2019-08-01","2019-07-01","2019-06-01","2019-04-01","2019-02-01","2018-12-01","2018-11-01","2018-10-01","2018-08-01","2018-07-01","2018-06-01","2018-05-01","2018-04-01"],"defaultApiVersion":"2018-04-01","zoneMappings":[{"location":"East
        US 2","zones":["2","3","1"]},{"location":"Central US","zones":["2","3","1"]},{"location":"West
        Europe","zones":["2","3","1"]},{"location":"East US 2 EUAP","zones":["1","2","3"]},{"location":"Central
        US EUAP","zones":["1","2"]},{"location":"France Central","zones":["2","3","1"]},{"location":"Southeast
        Asia","zones":["2","3","1"]},{"location":"West US 2","zones":["2","3","1"]},{"location":"North
        Europe","zones":["2","3","1"]},{"location":"East US","zones":["2","3","1"]},{"location":"UK
        South","zones":["2","3","1"]},{"location":"Japan East","zones":["2","3","1"]},{"location":"Australia
        East","zones":[]},{"location":"South Africa North","zones":[]},{"location":"South
        Central US","zones":[]},{"location":"Canada Central","zones":[]}],"capabilities":"CrossResourceGroupResourceMove,
        CrossSubscriptionResourceMove, SupportsTags, SupportsLocation"},{"resourceType":"azureFirewallFqdnTags","locations":[],"apiVersions":["2019-11-01","2019-09-01","2019-08-01","2019-07-01","2019-06-01","2019-04-01","2019-02-01","2018-12-01","2018-11-01","2018-10-01","2018-08-01"],"capabilities":"None"},{"resourceType":"virtualNetworkTaps","locations":["West
        US","East US","North Europe","West Europe","East Asia","Southeast Asia","North
        Central US","South Central US","Central US","East US 2","Japan East","Japan
        West","Brazil South","Australia East","Australia Southeast","Central India","South
        India","West India","Canada Central","Canada East","West Central US","West
        US 2","UK West","UK South","Korea Central","Korea South","France Central","Australia
        Central","South Africa North","UAE North","Switzerland North","Germany West
        Central","Norway East","Central US EUAP","East US 2 EUAP"],"apiVersions":["2019-11-01","2019-09-01","2019-08-01","2019-07-01","2019-06-01","2019-04-01","2019-02-01","2018-12-01","2018-11-01","2018-10-01","2018-08-01"],"defaultApiVersion":"2018-08-01","capabilities":"SupportsTags,
        SupportsLocation"},{"resourceType":"privateLinkServices","locations":["West
        US","East US","North Europe","West Europe","East Asia","Southeast Asia","North
        Central US","South Central US","Central US","East US 2","Japan East","Japan
        West","Brazil South","Australia East","Australia Southeast","Central India","South
        India","West India","Canada Central","Canada East","West Central US","West
        US 2","UK West","UK South","Korea Central","Korea South","France Central","Australia
        Central","South Africa North","UAE North","Switzerland North","Germany West
        Central","Norway East","Central US EUAP","East US 2 EUAP"],"apiVersions":["2019-11-01","2019-09-01","2019-08-01","2019-07-01","2019-06-01","2019-04-01","2019-02-01","2018-12-01","2018-11-01","2018-10-01","2018-08-01"],"defaultApiVersion":"2018-08-01","capabilities":"SupportsTags,
        SupportsLocation"},{"resourceType":"ddosProtectionPlans","locations":["West
        US","East US","North Europe","West Europe","East Asia","Southeast Asia","North
        Central US","South Central US","Central US","East US 2","Japan East","Japan
        West","Brazil South","Australia East","Australia Southeast","Central India","South
        India","West India","Canada Central","Canada East","West Central US","West
        US 2","UK West","UK South","Korea Central","Korea South","France Central","Australia
        Central","South Africa North","UAE North","Switzerland North","Germany West
        Central","Norway East","Central US EUAP","East US 2 EUAP"],"apiVersions":["2019-11-01","2019-09-01","2019-08-01","2019-07-01","2019-06-01","2019-04-01","2019-02-01","2018-12-01","2018-11-01","2018-10-01","2018-08-01","2018-07-01","2018-06-01","2018-05-01","2018-04-01","2018-03-01","2018-02-01"],"defaultApiVersion":"2018-02-01","apiProfiles":[{"profileVersion":"2017-03-09-profile","apiVersion":"2018-02-01"}],"capabilities":"SupportsTags,
        SupportsLocation"},{"resourceType":"networkProfiles","locations":["West US","East
        US","North Europe","West Europe","East Asia","Southeast Asia","North Central
        US","South Central US","Central US","East US 2","Japan East","Japan West","Brazil
        South","Australia East","Australia Southeast","Central India","South India","West
        India","Canada Central","Canada East","West Central US","West US 2","UK West","UK
        South","Korea Central","Korea South","France Central","Australia Central","South
        Africa North","UAE North","Switzerland North","Germany West Central","Norway
        East","Central US EUAP","East US 2 EUAP"],"apiVersions":["2019-11-01","2019-09-01","2019-08-01","2019-07-01","2019-06-01","2019-04-01","2019-02-01","2018-12-01","2018-11-01","2018-10-01","2018-08-01","2018-07-01","2018-06-01","2018-05-01"],"defaultApiVersion":"2018-05-01","capabilities":"SupportsTags,
        SupportsLocation"},{"resourceType":"checkFrontdoorNameAvailability","locations":["global","Central
        US","East US","East US 2","North Central US","South Central US","West US","North
        Europe","West Europe","East Asia","Southeast Asia","Japan East","Japan West","Brazil
        South","Australia East","Australia Southeast"],"apiVersions":["2019-11-01","2019-09-01","2019-08-01","2019-05-01","2019-04-01","2018-08-01"],"defaultApiVersion":"2019-05-01","capabilities":"None"},{"resourceType":"frontdoorWebApplicationFirewallManagedRuleSets","locations":["global","Central
        US","East US","East US 2","North Central US","South Central US","West US","North
        Europe","West Europe","East Asia","Southeast Asia","Japan East","Japan West","Brazil
        South","Australia East","Australia Southeast"],"apiVersions":["2019-11-01","2019-10-01","2019-09-01","2019-08-01","2019-03-01"],"defaultApiVersion":"2019-03-01","capabilities":"None"},{"resourceType":"locations/bareMetalTenants","locations":["West
        US","East US","North Europe","West Europe","East Asia","Southeast Asia","North
        Central US","South Central US","Central US","East US 2","Japan East","Japan
        West","Brazil South","Australia East","Australia Southeast","Central India","South
        India","West India","Canada Central","Canada East","West Central US","West
        US 2","UK West","UK South","Korea Central","Korea South","France Central","Australia
        Central","South Africa North","UAE North","Switzerland North","Germany West
        Central","Norway East","Central US EUAP","East US 2 EUAP"],"apiVersions":["2019-11-01","2019-09-01","2019-08-01","2019-07-01","2019-06-01","2019-04-01","2019-02-01","2018-12-01","2018-11-01","2018-10-01","2018-08-01","2018-07-01"],"capabilities":"None"},{"resourceType":"bastionHosts","locations":["West
        US","East US","North Europe","West Europe","East Asia","Southeast Asia","North
        Central US","South Central US","Central US","East US 2","Japan East","Japan
        West","Brazil South","Australia East","Australia Southeast","Central India","South
        India","West India","Canada Central","Canada East","West Central US","West
        US 2","UK West","UK South","Korea Central","Korea South","France Central","Australia
        Central","South Africa North","UAE North","Switzerland North","Germany West
        Central","Norway East","Central US EUAP","East US 2 EUAP"],"apiVersions":["2019-11-01","2019-09-01","2019-08-01","2019-07-01","2019-06-01","2019-04-01","2019-02-01","2018-12-01","2018-11-01","2018-10-01"],"defaultApiVersion":"2018-10-01","capabilities":"SupportsTags,
        SupportsLocation"},{"resourceType":"virtualRouters","locations":["UAE North","Australia
        Central 2","UAE Central","Germany North","Central India","Korea South","Switzerland
        North","Switzerland West","Japan West","France South","South Africa West","West
        India","Canada East","South India","Germany West Central","Norway East","Norway
        West","South Africa North","East Asia","Southeast Asia","Korea Central","Brazil
        South","Japan East","UK West","West US","East US","North Europe","West Europe","West
        Central US","South Central US","Australia East","Australia Central","Australia
        Southeast","UK South","East US 2","West US 2","North Central US","Canada Central","France
        Central","Central US","Central US EUAP","East US 2 EUAP"],"apiVersions":["2019-11-01","2019-09-01","2019-08-01","2019-07-01"],"defaultApiVersion":"2019-07-01","capabilities":"CrossResourceGroupResourceMove,
        CrossSubscriptionResourceMove, SupportsTags, SupportsLocation"},{"resourceType":"natGateways","locations":["Central
        US EUAP"],"apiVersions":["2019-11-01","2019-09-01","2019-08-01","2019-07-01","2019-06-01","2019-04-01","2019-02-01","2018-12-01","2018-11-01"],"defaultApiVersion":"2018-11-01","zoneMappings":[{"location":"Central
        US EUAP","zones":["1","2"]}],"capabilities":"CrossResourceGroupResourceMove,
        CrossSubscriptionResourceMove, SupportsTags, SupportsLocation"},{"resourceType":"frontdoorOperationResults","locations":["global"],"apiVersions":["2019-11-01","2019-10-01","2019-09-01","2019-08-01","2019-05-01","2019-04-01","2019-03-01","2018-08-01"],"defaultApiVersion":"2019-05-01","capabilities":"None"},{"resourceType":"frontdoors","locations":["Central
        US EUAP","East US 2 EUAP","global","Central US","East US","East US 2","North
        Central US","South Central US","West US","North Europe","West Europe","East
        Asia","Southeast Asia","Japan East","Japan West","Brazil South","Australia
        East","Australia Southeast"],"apiVersions":["2019-11-01","2019-09-01","2019-08-01","2019-05-01","2019-04-01","2019-02-01","2018-12-01","2018-11-01","2018-10-01","2018-08-01","2018-05-01"],"defaultApiVersion":"2019-05-01","capabilities":"CrossResourceGroupResourceMove,
        CrossSubscriptionResourceMove, SupportsTags, SupportsLocation"},{"resourceType":"frontdoorWebApplicationFirewallPolicies","locations":["East
        US 2 EUAP","global","Central US","East US","East US 2","North Central US","South
        Central US","West US","North Europe","West Europe","East Asia","Southeast
        Asia","Japan East","Japan West","Brazil South","Australia East","Australia
        Southeast"],"apiVersions":["2019-11-01","2019-10-01","2019-09-01","2019-08-01","2019-03-01","2018-08-01"],"defaultApiVersion":"2019-03-01","capabilities":"CrossResourceGroupResourceMove,
        CrossSubscriptionResourceMove, SupportsTags, SupportsLocation"},{"resourceType":"webApplicationFirewallPolicies","locations":["East
        US 2 EUAP","global","Central US","East US","East US 2","North Central US","South
        Central US","West US","North Europe","West Europe","East Asia","Southeast
        Asia","Japan East","Japan West","Brazil South","Australia East","Australia
        Southeast"],"apiVersions":["2019-11-01","2019-09-01","2019-08-01","2018-08-01"],"defaultApiVersion":"2018-08-01","capabilities":"CrossResourceGroupResourceMove,
        CrossSubscriptionResourceMove, SupportsTags, SupportsLocation"},{"resourceType":"networkExperimentProfiles","locations":["Central
        US EUAP","East US 2 EUAP","global","Central US","East US","East US 2","North
        Central US","South Central US","West US","West US 2","North Europe","West
        Europe","East Asia","Southeast Asia","Japan East","Japan West","Brazil South","Australia
        East","Australia Southeast"],"apiVersions":["2019-11-01","2019-09-01","2019-08-01"],"defaultApiVersion":"2019-11-01","capabilities":"CrossResourceGroupResourceMove,
        CrossSubscriptionResourceMove, SupportsTags, SupportsLocation"}],"registrationState":"Registered","registrationPolicy":"RegistrationRequired"}'
    headers:
      cache-control:
      - no-cache
      content-length:
      - '77426'
      content-type:
      - application/json; charset=utf-8
      date:
      - Thu, 27 Feb 2020 19:06:45 GMT
      expires:
      - '-1'
      pragma:
      - no-cache
      strict-transport-security:
      - max-age=31536000; includeSubDomains
      vary:
      - Accept-Encoding
      x-content-type-options:
      - nosniff
    status:
      code: 200
      message: OK
- request:
    body: null
    headers:
      Accept:
      - application/json
      Accept-Encoding:
      - gzip, deflate
      CommandName:
      - network watcher flow-log show
      Connection:
      - keep-alive
      ParameterSetName:
      - --nsg
      User-Agent:
      - python/3.6.8 (Windows-10-10.0.18362-SP0) msrest/0.6.10 msrest_azure/0.6.2
        azure-mgmt-resource/8.0.1 Azure-SDK-For-Python AZURECLI/2.1.0
      accept-language:
      - en-US
    method: GET
    uri: https://management.azure.com/subscriptions/00000000-0000-0000-0000-000000000000/resourceGroups/test_nw_flow_log_000001/providers/Microsoft.Network/networkSecurityGroups/nsg1?api-version=2019-11-01
  response:
    body:
      string: "{\r\n  \"name\": \"nsg1\",\r\n  \"id\": \"/subscriptions/00000000-0000-0000-0000-000000000000/resourceGroups/test_nw_flow_log_000001/providers/Microsoft.Network/networkSecurityGroups/nsg1\",\r\n
        \ \"etag\": \"W/\\\"4927cfbb-d6a9-4813-8a39-0c22a1b80b7c\\\"\",\r\n  \"type\":
        \"Microsoft.Network/networkSecurityGroups\",\r\n  \"location\": \"westus\",\r\n
        \ \"properties\": {\r\n    \"provisioningState\": \"Succeeded\",\r\n    \"resourceGuid\":
        \"9c580b16-78b3-414c-b5bc-2682be9cd155\",\r\n    \"securityRules\": [],\r\n
        \   \"defaultSecurityRules\": [\r\n      {\r\n        \"name\": \"AllowVnetInBound\",\r\n
        \       \"id\": \"/subscriptions/00000000-0000-0000-0000-000000000000/resourceGroups/test_nw_flow_log_000001/providers/Microsoft.Network/networkSecurityGroups/nsg1/defaultSecurityRules/AllowVnetInBound\",\r\n
        \       \"etag\": \"W/\\\"4927cfbb-d6a9-4813-8a39-0c22a1b80b7c\\\"\",\r\n
        \       \"type\": \"Microsoft.Network/networkSecurityGroups/defaultSecurityRules\",\r\n
        \       \"properties\": {\r\n          \"provisioningState\": \"Succeeded\",\r\n
        \         \"description\": \"Allow inbound traffic from all VMs in VNET\",\r\n
        \         \"protocol\": \"*\",\r\n          \"sourcePortRange\": \"*\",\r\n
        \         \"destinationPortRange\": \"*\",\r\n          \"sourceAddressPrefix\":
        \"VirtualNetwork\",\r\n          \"destinationAddressPrefix\": \"VirtualNetwork\",\r\n
        \         \"access\": \"Allow\",\r\n          \"priority\": 65000,\r\n          \"direction\":
        \"Inbound\",\r\n          \"sourcePortRanges\": [],\r\n          \"destinationPortRanges\":
        [],\r\n          \"sourceAddressPrefixes\": [],\r\n          \"destinationAddressPrefixes\":
        []\r\n        }\r\n      },\r\n      {\r\n        \"name\": \"AllowAzureLoadBalancerInBound\",\r\n
        \       \"id\": \"/subscriptions/00000000-0000-0000-0000-000000000000/resourceGroups/test_nw_flow_log_000001/providers/Microsoft.Network/networkSecurityGroups/nsg1/defaultSecurityRules/AllowAzureLoadBalancerInBound\",\r\n
        \       \"etag\": \"W/\\\"4927cfbb-d6a9-4813-8a39-0c22a1b80b7c\\\"\",\r\n
        \       \"type\": \"Microsoft.Network/networkSecurityGroups/defaultSecurityRules\",\r\n
        \       \"properties\": {\r\n          \"provisioningState\": \"Succeeded\",\r\n
        \         \"description\": \"Allow inbound traffic from azure load balancer\",\r\n
        \         \"protocol\": \"*\",\r\n          \"sourcePortRange\": \"*\",\r\n
        \         \"destinationPortRange\": \"*\",\r\n          \"sourceAddressPrefix\":
        \"AzureLoadBalancer\",\r\n          \"destinationAddressPrefix\": \"*\",\r\n
        \         \"access\": \"Allow\",\r\n          \"priority\": 65001,\r\n          \"direction\":
        \"Inbound\",\r\n          \"sourcePortRanges\": [],\r\n          \"destinationPortRanges\":
        [],\r\n          \"sourceAddressPrefixes\": [],\r\n          \"destinationAddressPrefixes\":
        []\r\n        }\r\n      },\r\n      {\r\n        \"name\": \"DenyAllInBound\",\r\n
        \       \"id\": \"/subscriptions/00000000-0000-0000-0000-000000000000/resourceGroups/test_nw_flow_log_000001/providers/Microsoft.Network/networkSecurityGroups/nsg1/defaultSecurityRules/DenyAllInBound\",\r\n
        \       \"etag\": \"W/\\\"4927cfbb-d6a9-4813-8a39-0c22a1b80b7c\\\"\",\r\n
        \       \"type\": \"Microsoft.Network/networkSecurityGroups/defaultSecurityRules\",\r\n
        \       \"properties\": {\r\n          \"provisioningState\": \"Succeeded\",\r\n
        \         \"description\": \"Deny all inbound traffic\",\r\n          \"protocol\":
        \"*\",\r\n          \"sourcePortRange\": \"*\",\r\n          \"destinationPortRange\":
        \"*\",\r\n          \"sourceAddressPrefix\": \"*\",\r\n          \"destinationAddressPrefix\":
        \"*\",\r\n          \"access\": \"Deny\",\r\n          \"priority\": 65500,\r\n
        \         \"direction\": \"Inbound\",\r\n          \"sourcePortRanges\": [],\r\n
        \         \"destinationPortRanges\": [],\r\n          \"sourceAddressPrefixes\":
        [],\r\n          \"destinationAddressPrefixes\": []\r\n        }\r\n      },\r\n
        \     {\r\n        \"name\": \"AllowVnetOutBound\",\r\n        \"id\": \"/subscriptions/00000000-0000-0000-0000-000000000000/resourceGroups/test_nw_flow_log_000001/providers/Microsoft.Network/networkSecurityGroups/nsg1/defaultSecurityRules/AllowVnetOutBound\",\r\n
        \       \"etag\": \"W/\\\"4927cfbb-d6a9-4813-8a39-0c22a1b80b7c\\\"\",\r\n
        \       \"type\": \"Microsoft.Network/networkSecurityGroups/defaultSecurityRules\",\r\n
        \       \"properties\": {\r\n          \"provisioningState\": \"Succeeded\",\r\n
        \         \"description\": \"Allow outbound traffic from all VMs to all VMs
        in VNET\",\r\n          \"protocol\": \"*\",\r\n          \"sourcePortRange\":
        \"*\",\r\n          \"destinationPortRange\": \"*\",\r\n          \"sourceAddressPrefix\":
        \"VirtualNetwork\",\r\n          \"destinationAddressPrefix\": \"VirtualNetwork\",\r\n
        \         \"access\": \"Allow\",\r\n          \"priority\": 65000,\r\n          \"direction\":
        \"Outbound\",\r\n          \"sourcePortRanges\": [],\r\n          \"destinationPortRanges\":
        [],\r\n          \"sourceAddressPrefixes\": [],\r\n          \"destinationAddressPrefixes\":
        []\r\n        }\r\n      },\r\n      {\r\n        \"name\": \"AllowInternetOutBound\",\r\n
        \       \"id\": \"/subscriptions/00000000-0000-0000-0000-000000000000/resourceGroups/test_nw_flow_log_000001/providers/Microsoft.Network/networkSecurityGroups/nsg1/defaultSecurityRules/AllowInternetOutBound\",\r\n
        \       \"etag\": \"W/\\\"4927cfbb-d6a9-4813-8a39-0c22a1b80b7c\\\"\",\r\n
        \       \"type\": \"Microsoft.Network/networkSecurityGroups/defaultSecurityRules\",\r\n
        \       \"properties\": {\r\n          \"provisioningState\": \"Succeeded\",\r\n
        \         \"description\": \"Allow outbound traffic from all VMs to Internet\",\r\n
        \         \"protocol\": \"*\",\r\n          \"sourcePortRange\": \"*\",\r\n
        \         \"destinationPortRange\": \"*\",\r\n          \"sourceAddressPrefix\":
        \"*\",\r\n          \"destinationAddressPrefix\": \"Internet\",\r\n          \"access\":
        \"Allow\",\r\n          \"priority\": 65001,\r\n          \"direction\": \"Outbound\",\r\n
        \         \"sourcePortRanges\": [],\r\n          \"destinationPortRanges\":
        [],\r\n          \"sourceAddressPrefixes\": [],\r\n          \"destinationAddressPrefixes\":
        []\r\n        }\r\n      },\r\n      {\r\n        \"name\": \"DenyAllOutBound\",\r\n
        \       \"id\": \"/subscriptions/00000000-0000-0000-0000-000000000000/resourceGroups/test_nw_flow_log_000001/providers/Microsoft.Network/networkSecurityGroups/nsg1/defaultSecurityRules/DenyAllOutBound\",\r\n
        \       \"etag\": \"W/\\\"4927cfbb-d6a9-4813-8a39-0c22a1b80b7c\\\"\",\r\n
        \       \"type\": \"Microsoft.Network/networkSecurityGroups/defaultSecurityRules\",\r\n
        \       \"properties\": {\r\n          \"provisioningState\": \"Succeeded\",\r\n
        \         \"description\": \"Deny all outbound traffic\",\r\n          \"protocol\":
        \"*\",\r\n          \"sourcePortRange\": \"*\",\r\n          \"destinationPortRange\":
        \"*\",\r\n          \"sourceAddressPrefix\": \"*\",\r\n          \"destinationAddressPrefix\":
        \"*\",\r\n          \"access\": \"Deny\",\r\n          \"priority\": 65500,\r\n
        \         \"direction\": \"Outbound\",\r\n          \"sourcePortRanges\":
        [],\r\n          \"destinationPortRanges\": [],\r\n          \"sourceAddressPrefixes\":
        [],\r\n          \"destinationAddressPrefixes\": []\r\n        }\r\n      }\r\n
        \   ],\r\n    \"flowLogs\": [\r\n      {\r\n        \"id\": \"/subscriptions/00000000-0000-0000-0000-000000000000/resourceGroups/NetworkWatcherRG/providers/Microsoft.Network/networkWatchers/NetworkWatcher_westus/FlowLogs/flow_log_test2\"\r\n
        \     }\r\n    ]\r\n  }\r\n}"
    headers:
      cache-control:
      - no-cache
      content-length:
      - '7168'
      content-type:
      - application/json; charset=utf-8
      date:
      - Thu, 27 Feb 2020 19:06:45 GMT
      etag:
      - W/"4927cfbb-d6a9-4813-8a39-0c22a1b80b7c"
      expires:
      - '-1'
      pragma:
      - no-cache
      server:
      - Microsoft-HTTPAPI/2.0
      - Microsoft-HTTPAPI/2.0
      strict-transport-security:
      - max-age=31536000; includeSubDomains
      transfer-encoding:
      - chunked
      vary:
      - Accept-Encoding
      x-content-type-options:
      - nosniff
      x-ms-arm-service-request-id:
      - 395e1f77-1b7d-407b-bb65-4e0dcc11a450
    status:
      code: 200
      message: OK
- request:
    body: null
    headers:
      Accept:
      - application/json
      Accept-Encoding:
      - gzip, deflate
      CommandName:
      - network watcher flow-log show
      Connection:
      - keep-alive
      ParameterSetName:
      - --nsg
      User-Agent:
      - python/3.6.8 (Windows-10-10.0.18362-SP0) msrest/0.6.10 msrest_azure/0.6.2
        azure-mgmt-network/9.0.0 Azure-SDK-For-Python AZURECLI/2.1.0
      accept-language:
      - en-US
    method: GET
    uri: https://management.azure.com/subscriptions/00000000-0000-0000-0000-000000000000/providers/Microsoft.Network/networkWatchers?api-version=2019-11-01
  response:
    body:
      string: '{"value":[{"name":"NetworkWatcher_westus","id":"/subscriptions/00000000-0000-0000-0000-000000000000/resourceGroups/NetworkWatcherRG/providers/Microsoft.Network/networkWatchers/NetworkWatcher_westus","etag":"W/\"e1d4a533-bb55-4c85-a5e2-19a3f1399ef7\"","type":"Microsoft.Network/networkWatchers","location":"westus","properties":{"provisioningState":"Failed","runningOperationIds":[]}},{"name":"NetworkWatcher_eastus","id":"/subscriptions/00000000-0000-0000-0000-000000000000/resourceGroups/NetworkWatcherRG/providers/Microsoft.Network/networkWatchers/NetworkWatcher_eastus","etag":"W/\"3c9079b3-ae27-468b-bb95-42dc786a34cd\"","type":"Microsoft.Network/networkWatchers","location":"eastus","properties":{"provisioningState":"Succeeded","runningOperationIds":[]}}]}'
    headers:
      cache-control:
      - no-cache
      content-length:
      - '762'
      content-type:
      - application/json; charset=utf-8
      date:
      - Thu, 27 Feb 2020 19:06:46 GMT
      expires:
      - '-1'
      pragma:
      - no-cache
      strict-transport-security:
      - max-age=31536000; includeSubDomains
      vary:
      - Accept-Encoding
      x-content-type-options:
      - nosniff
      x-ms-original-request-ids:
      - 329376ba-de66-4ca6-9092-56afecfc7169
      - cb33395e-0c6e-47f2-bc9d-7c20593fb9d7
    status:
      code: 200
      message: OK
- request:
    body: 'b''{"targetResourceId": "/subscriptions/00000000-0000-0000-0000-000000000000/resourceGroups/test_nw_flow_log_000001/providers/Microsoft.Network/networkSecurityGroups/nsg1"}'''
    headers:
      Accept:
      - application/json
      Accept-Encoding:
      - gzip, deflate
      CommandName:
      - network watcher flow-log show
      Connection:
      - keep-alive
      Content-Length:
      - '221'
      Content-Type:
      - application/json; charset=utf-8
      ParameterSetName:
      - --nsg
      User-Agent:
      - python/3.6.8 (Windows-10-10.0.18362-SP0) msrest/0.6.10 msrest_azure/0.6.2
        azure-mgmt-network/9.0.0 Azure-SDK-For-Python AZURECLI/2.1.0
      accept-language:
      - en-US
    method: POST
    uri: https://management.azure.com/subscriptions/00000000-0000-0000-0000-000000000000/resourceGroups/NetworkWatcherRG/providers/Microsoft.Network/networkWatchers/NetworkWatcher_westus/queryFlowLogStatus?api-version=2019-11-01
  response:
    body:
      string: "{\r\n  \"targetResourceId\": \"/subscriptions/00000000-0000-0000-0000-000000000000/resourceGroups/test_nw_flow_log_000001/providers/Microsoft.Network/networkSecurityGroups/nsg1\",\r\n
        \ \"properties\": {\r\n    \"storageId\": \"/subscriptions/00000000-0000-0000-0000-000000000000/resourceGroups/test_nw_flow_log_000001/providers/Microsoft.Storage/storageAccounts/testflowlog000002\",\r\n
        \   \"enabled\": true,\r\n    \"retentionPolicy\": {\r\n      \"days\": 0,\r\n
        \     \"enabled\": false\r\n    },\r\n    \"format\": {\r\n      \"type\":
        \"JSON\",\r\n      \"version\": 1\r\n    }\r\n  },\r\n  \"flowAnalyticsConfiguration\":
        {}\r\n}"
    headers:
      cache-control:
      - no-cache
      content-length:
      - '687'
      content-type:
      - application/json; charset=utf-8
      date:
      - Thu, 27 Feb 2020 19:06:48 GMT
      expires:
      - '-1'
      pragma:
      - no-cache
      server:
      - Microsoft-HTTPAPI/2.0
      - Microsoft-HTTPAPI/2.0
      strict-transport-security:
      - max-age=31536000; includeSubDomains
      transfer-encoding:
      - chunked
      vary:
      - Accept-Encoding
      x-content-type-options:
      - nosniff
      x-ms-arm-service-request-id:
      - a40f9271-f183-4a66-b03b-8c552236cb84
      x-ms-ratelimit-remaining-subscription-writes:
      - '1198'
    status:
      code: 200
      message: OK
version: 1
