interactions:
- request:
    body: null
    headers:
      Accept:
      - application/json
      Accept-Encoding:
      - gzip, deflate
      CommandName:
      - network local-gateway create
      Connection:
      - keep-alive
      ParameterSetName:
      - --resource-group --name --gateway-ip-address --tags
      User-Agent:
      - AZURECLI/2.23.0 azsdk-python-azure-mgmt-resource/16.1.0 Python/3.7.3 (Windows-10-10.0.19041-SP0)
    method: GET
    uri: https://management.azure.com/subscriptions/00000000-0000-0000-0000-000000000000/resourcegroups/local_gateway_scenario000001?api-version=2021-04-01
  response:
    body:
      string: '{"id":"/subscriptions/00000000-0000-0000-0000-000000000000/resourceGroups/local_gateway_scenario000001","name":"local_gateway_scenario000001","type":"Microsoft.Resources/resourceGroups","location":"westus","tags":{"product":"azurecli","cause":"automation","date":"2021-05-14T06:10:31Z"},"properties":{"provisioningState":"Succeeded"}}'
    headers:
      cache-control:
      - no-cache
      content-length:
      - '428'
      content-type:
      - application/json; charset=utf-8
      date:
      - Fri, 14 May 2021 06:10:33 GMT
      expires:
      - '-1'
      pragma:
      - no-cache
      strict-transport-security:
      - max-age=31536000; includeSubDomains
      vary:
      - Accept-Encoding
      x-content-type-options:
      - nosniff
    status:
      code: 200
      message: OK
- request:
    body: '{"location": "westus", "tags": {"foo": "doo"}, "properties": {"localNetworkAddressSpace":
      {"addressPrefixes": []}, "gatewayIpAddress": "10.1.1.1"}}'
    headers:
      Accept:
      - application/json
      Accept-Encoding:
      - gzip, deflate
      CommandName:
      - network local-gateway create
      Connection:
      - keep-alive
      Content-Length:
      - '147'
      Content-Type:
      - application/json
      ParameterSetName:
      - --resource-group --name --gateway-ip-address --tags
      User-Agent:
      - AZURECLI/2.23.0 azsdk-python-azure-mgmt-network/18.0.0 Python/3.7.3 (Windows-10-10.0.19041-SP0)
    method: PUT
    uri: https://management.azure.com/subscriptions/00000000-0000-0000-0000-000000000000/resourceGroups/local_gateway_scenario000001/providers/Microsoft.Network/localNetworkGateways/lgw1?api-version=2021-02-01
  response:
    body:
      string: "{\r\n  \"name\": \"lgw1\",\r\n  \"id\": \"/subscriptions/00000000-0000-0000-0000-000000000000/resourceGroups/local_gateway_scenario000001/providers/Microsoft.Network/localNetworkGateways/lgw1\",\r\n
        \ \"etag\": \"W/\\\"d5bec72e-71ba-47d1-bf7b-183a1974f8ec\\\"\",\r\n  \"type\":
        \"Microsoft.Network/localNetworkGateways\",\r\n  \"location\": \"westus\",\r\n
        \ \"tags\": {\r\n    \"foo\": \"doo\"\r\n  },\r\n  \"properties\": {\r\n    \"provisioningState\":
        \"Updating\",\r\n    \"resourceGuid\": \"aa7c4127-c03c-4967-96ae-0d10c08b06ce\",\r\n
        \   \"localNetworkAddressSpace\": {\r\n      \"addressPrefixes\": []\r\n    },\r\n
        \   \"gatewayIpAddress\": \"10.1.1.1\"\r\n  }\r\n}"
    headers:
      azure-asyncnotification:
      - Enabled
      azure-asyncoperation:
      - https://management.azure.com/subscriptions/00000000-0000-0000-0000-000000000000/providers/Microsoft.Network/locations/westus/operations/f206e1f2-e3e5-43f3-9fae-4f1be0608f55?api-version=2021-02-01
      cache-control:
      - no-cache
      content-length:
      - '635'
      content-type:
      - application/json; charset=utf-8
      date:
      - Fri, 14 May 2021 06:10:39 GMT
      expires:
      - '-1'
      pragma:
      - no-cache
      server:
      - Microsoft-HTTPAPI/2.0
      - Microsoft-HTTPAPI/2.0
      strict-transport-security:
      - max-age=31536000; includeSubDomains
      x-content-type-options:
      - nosniff
      x-ms-arm-service-request-id:
      - 7383966b-5402-49a2-81f1-0a25ed6505ea
      x-ms-ratelimit-remaining-subscription-writes:
      - '1182'
    status:
      code: 201
      message: Created
- request:
    body: null
    headers:
      Accept:
      - '*/*'
      Accept-Encoding:
      - gzip, deflate
      CommandName:
      - network local-gateway create
      Connection:
      - keep-alive
      ParameterSetName:
      - --resource-group --name --gateway-ip-address --tags
      User-Agent:
      - AZURECLI/2.23.0 azsdk-python-azure-mgmt-network/18.0.0 Python/3.7.3 (Windows-10-10.0.19041-SP0)
    method: GET
    uri: https://management.azure.com/subscriptions/00000000-0000-0000-0000-000000000000/providers/Microsoft.Network/locations/westus/operations/f206e1f2-e3e5-43f3-9fae-4f1be0608f55?api-version=2021-02-01
  response:
    body:
      string: "{\r\n  \"status\": \"Succeeded\"\r\n}"
    headers:
      cache-control:
      - no-cache
      content-length:
      - '29'
      content-type:
      - application/json; charset=utf-8
      date:
      - Fri, 14 May 2021 06:10:50 GMT
      expires:
      - '-1'
      pragma:
      - no-cache
      server:
      - Microsoft-HTTPAPI/2.0
      - Microsoft-HTTPAPI/2.0
      strict-transport-security:
      - max-age=31536000; includeSubDomains
      transfer-encoding:
      - chunked
      vary:
      - Accept-Encoding
      x-content-type-options:
      - nosniff
      x-ms-arm-service-request-id:
      - 29645375-aa7e-4cab-846c-43afc2ec9400
    status:
      code: 200
      message: OK
- request:
    body: null
    headers:
      Accept:
      - '*/*'
      Accept-Encoding:
      - gzip, deflate
      CommandName:
      - network local-gateway create
      Connection:
      - keep-alive
      ParameterSetName:
      - --resource-group --name --gateway-ip-address --tags
      User-Agent:
      - AZURECLI/2.23.0 azsdk-python-azure-mgmt-network/18.0.0 Python/3.7.3 (Windows-10-10.0.19041-SP0)
    method: GET
    uri: https://management.azure.com/subscriptions/00000000-0000-0000-0000-000000000000/resourceGroups/local_gateway_scenario000001/providers/Microsoft.Network/localNetworkGateways/lgw1?api-version=2021-02-01
  response:
    body:
      string: "{\r\n  \"name\": \"lgw1\",\r\n  \"id\": \"/subscriptions/00000000-0000-0000-0000-000000000000/resourceGroups/local_gateway_scenario000001/providers/Microsoft.Network/localNetworkGateways/lgw1\",\r\n
        \ \"etag\": \"W/\\\"ae0ef9c3-20cd-4298-9a79-df9cbea988d0\\\"\",\r\n  \"type\":
        \"Microsoft.Network/localNetworkGateways\",\r\n  \"location\": \"westus\",\r\n
        \ \"tags\": {\r\n    \"foo\": \"doo\"\r\n  },\r\n  \"properties\": {\r\n    \"provisioningState\":
        \"Succeeded\",\r\n    \"resourceGuid\": \"aa7c4127-c03c-4967-96ae-0d10c08b06ce\",\r\n
        \   \"localNetworkAddressSpace\": {\r\n      \"addressPrefixes\": []\r\n    },\r\n
        \   \"gatewayIpAddress\": \"10.1.1.1\"\r\n  }\r\n}"
    headers:
      cache-control:
      - no-cache
      content-length:
      - '636'
      content-type:
      - application/json; charset=utf-8
      date:
      - Fri, 14 May 2021 06:10:50 GMT
      etag:
      - W/"ae0ef9c3-20cd-4298-9a79-df9cbea988d0"
      expires:
      - '-1'
      pragma:
      - no-cache
      server:
      - Microsoft-HTTPAPI/2.0
      - Microsoft-HTTPAPI/2.0
      strict-transport-security:
      - max-age=31536000; includeSubDomains
      transfer-encoding:
      - chunked
      vary:
      - Accept-Encoding
      x-content-type-options:
      - nosniff
      x-ms-arm-service-request-id:
      - 9ca0f31a-6c12-4d0b-ac86-b620b44bcf69
    status:
      code: 200
      message: OK
- request:
    body: null
    headers:
      Accept:
      - application/json
      Accept-Encoding:
      - gzip, deflate
      CommandName:
      - network local-gateway update
      Connection:
      - keep-alive
      ParameterSetName:
      - --resource-group --name --tags
      User-Agent:
      - AZURECLI/2.23.0 azsdk-python-azure-mgmt-network/18.0.0 Python/3.7.3 (Windows-10-10.0.19041-SP0)
    method: GET
    uri: https://management.azure.com/subscriptions/00000000-0000-0000-0000-000000000000/resourceGroups/local_gateway_scenario000001/providers/Microsoft.Network/localNetworkGateways/lgw1?api-version=2021-02-01
  response:
    body:
      string: "{\r\n  \"name\": \"lgw1\",\r\n  \"id\": \"/subscriptions/00000000-0000-0000-0000-000000000000/resourceGroups/local_gateway_scenario000001/providers/Microsoft.Network/localNetworkGateways/lgw1\",\r\n
        \ \"etag\": \"W/\\\"ae0ef9c3-20cd-4298-9a79-df9cbea988d0\\\"\",\r\n  \"type\":
        \"Microsoft.Network/localNetworkGateways\",\r\n  \"location\": \"westus\",\r\n
        \ \"tags\": {\r\n    \"foo\": \"doo\"\r\n  },\r\n  \"properties\": {\r\n    \"provisioningState\":
        \"Succeeded\",\r\n    \"resourceGuid\": \"aa7c4127-c03c-4967-96ae-0d10c08b06ce\",\r\n
        \   \"localNetworkAddressSpace\": {\r\n      \"addressPrefixes\": []\r\n    },\r\n
        \   \"gatewayIpAddress\": \"10.1.1.1\"\r\n  }\r\n}"
    headers:
      cache-control:
      - no-cache
      content-length:
      - '636'
      content-type:
      - application/json; charset=utf-8
      date:
      - Fri, 14 May 2021 06:10:51 GMT
      etag:
      - W/"ae0ef9c3-20cd-4298-9a79-df9cbea988d0"
      expires:
      - '-1'
      pragma:
      - no-cache
      server:
      - Microsoft-HTTPAPI/2.0
      - Microsoft-HTTPAPI/2.0
      strict-transport-security:
      - max-age=31536000; includeSubDomains
      transfer-encoding:
      - chunked
      vary:
      - Accept-Encoding
      x-content-type-options:
      - nosniff
      x-ms-arm-service-request-id:
      - 266bdcdc-b04c-459e-8736-0af0a9c88a91
    status:
      code: 200
      message: OK
- request:
    body: '{"id": "/subscriptions/00000000-0000-0000-0000-000000000000/resourceGroups/local_gateway_scenario000001/providers/Microsoft.Network/localNetworkGateways/lgw1",
      "location": "westus", "tags": {"foo": "boo"}, "properties": {"localNetworkAddressSpace":
      {"addressPrefixes": []}, "gatewayIpAddress": "10.1.1.1"}}'
    headers:
      Accept:
      - application/json
      Accept-Encoding:
      - gzip, deflate
      CommandName:
      - network local-gateway update
      Connection:
      - keep-alive
      Content-Length:
      - '353'
      Content-Type:
      - application/json
      ParameterSetName:
      - --resource-group --name --tags
      User-Agent:
      - AZURECLI/2.23.0 azsdk-python-azure-mgmt-network/18.0.0 Python/3.7.3 (Windows-10-10.0.19041-SP0)
    method: PUT
    uri: https://management.azure.com/subscriptions/00000000-0000-0000-0000-000000000000/resourceGroups/local_gateway_scenario000001/providers/Microsoft.Network/localNetworkGateways/lgw1?api-version=2021-02-01
  response:
    body:
      string: "{\r\n  \"name\": \"lgw1\",\r\n  \"id\": \"/subscriptions/00000000-0000-0000-0000-000000000000/resourceGroups/local_gateway_scenario000001/providers/Microsoft.Network/localNetworkGateways/lgw1\",\r\n
        \ \"etag\": \"W/\\\"0f1e7053-af48-4e51-8470-f823babc15ca\\\"\",\r\n  \"type\":
        \"Microsoft.Network/localNetworkGateways\",\r\n  \"location\": \"westus\",\r\n
        \ \"tags\": {\r\n    \"foo\": \"boo\"\r\n  },\r\n  \"properties\": {\r\n    \"provisioningState\":
        \"Succeeded\",\r\n    \"resourceGuid\": \"aa7c4127-c03c-4967-96ae-0d10c08b06ce\",\r\n
        \   \"localNetworkAddressSpace\": {\r\n      \"addressPrefixes\": []\r\n    },\r\n
        \   \"gatewayIpAddress\": \"10.1.1.1\"\r\n  }\r\n}"
    headers:
      azure-asyncnotification:
      - Enabled
      azure-asyncoperation:
      - https://management.azure.com/subscriptions/00000000-0000-0000-0000-000000000000/providers/Microsoft.Network/locations/westus/operations/8dbce10f-80df-4cba-84f7-75f82e77d380?api-version=2021-02-01
      cache-control:
      - no-cache
      content-length:
      - '636'
      content-type:
      - application/json; charset=utf-8
      date:
      - Fri, 14 May 2021 06:10:55 GMT
      expires:
      - '-1'
      pragma:
      - no-cache
      server:
      - Microsoft-HTTPAPI/2.0
      - Microsoft-HTTPAPI/2.0
      strict-transport-security:
      - max-age=31536000; includeSubDomains
      transfer-encoding:
      - chunked
      vary:
      - Accept-Encoding
      x-content-type-options:
      - nosniff
      x-ms-arm-service-request-id:
      - f3813e13-d3f5-451d-a79f-05231d5f46d2
      x-ms-ratelimit-remaining-subscription-writes:
      - '1185'
    status:
      code: 200
      message: OK
- request:
    body: null
    headers:
      Accept:
      - '*/*'
      Accept-Encoding:
      - gzip, deflate
      CommandName:
      - network local-gateway update
      Connection:
      - keep-alive
      ParameterSetName:
      - --resource-group --name --tags
      User-Agent:
      - AZURECLI/2.23.0 azsdk-python-azure-mgmt-network/18.0.0 Python/3.7.3 (Windows-10-10.0.19041-SP0)
    method: GET
    uri: https://management.azure.com/subscriptions/00000000-0000-0000-0000-000000000000/providers/Microsoft.Network/locations/westus/operations/8dbce10f-80df-4cba-84f7-75f82e77d380?api-version=2021-02-01
  response:
    body:
      string: "{\r\n  \"status\": \"Succeeded\"\r\n}"
    headers:
      cache-control:
      - no-cache
      content-length:
      - '29'
      content-type:
      - application/json; charset=utf-8
      date:
      - Fri, 14 May 2021 06:11:25 GMT
      expires:
      - '-1'
      pragma:
      - no-cache
      server:
      - Microsoft-HTTPAPI/2.0
      - Microsoft-HTTPAPI/2.0
      strict-transport-security:
      - max-age=31536000; includeSubDomains
      transfer-encoding:
      - chunked
      vary:
      - Accept-Encoding
      x-content-type-options:
      - nosniff
      x-ms-arm-service-request-id:
      - d0eab527-d4a1-4b79-8306-6ee1f20cb3b5
    status:
      code: 200
      message: OK
- request:
    body: null
    headers:
      Accept:
      - '*/*'
      Accept-Encoding:
      - gzip, deflate
      CommandName:
      - network local-gateway update
      Connection:
      - keep-alive
      ParameterSetName:
      - --resource-group --name --tags
      User-Agent:
      - AZURECLI/2.23.0 azsdk-python-azure-mgmt-network/18.0.0 Python/3.7.3 (Windows-10-10.0.19041-SP0)
    method: GET
    uri: https://management.azure.com/subscriptions/00000000-0000-0000-0000-000000000000/resourceGroups/local_gateway_scenario000001/providers/Microsoft.Network/localNetworkGateways/lgw1?api-version=2021-02-01
  response:
    body:
      string: "{\r\n  \"name\": \"lgw1\",\r\n  \"id\": \"/subscriptions/00000000-0000-0000-0000-000000000000/resourceGroups/local_gateway_scenario000001/providers/Microsoft.Network/localNetworkGateways/lgw1\",\r\n
        \ \"etag\": \"W/\\\"0f1e7053-af48-4e51-8470-f823babc15ca\\\"\",\r\n  \"type\":
        \"Microsoft.Network/localNetworkGateways\",\r\n  \"location\": \"westus\",\r\n
        \ \"tags\": {\r\n    \"foo\": \"boo\"\r\n  },\r\n  \"properties\": {\r\n    \"provisioningState\":
        \"Succeeded\",\r\n    \"resourceGuid\": \"aa7c4127-c03c-4967-96ae-0d10c08b06ce\",\r\n
        \   \"localNetworkAddressSpace\": {\r\n      \"addressPrefixes\": []\r\n    },\r\n
        \   \"gatewayIpAddress\": \"10.1.1.1\"\r\n  }\r\n}"
    headers:
      cache-control:
      - no-cache
      content-length:
      - '636'
      content-type:
      - application/json; charset=utf-8
      date:
      - Fri, 14 May 2021 06:11:26 GMT
      etag:
      - W/"0f1e7053-af48-4e51-8470-f823babc15ca"
      expires:
      - '-1'
      pragma:
      - no-cache
      server:
      - Microsoft-HTTPAPI/2.0
      - Microsoft-HTTPAPI/2.0
      strict-transport-security:
      - max-age=31536000; includeSubDomains
      transfer-encoding:
      - chunked
      vary:
      - Accept-Encoding
      x-content-type-options:
      - nosniff
      x-ms-arm-service-request-id:
      - 4e37db80-f3a8-456c-ae76-5a61323b03be
    status:
      code: 200
      message: OK
- request:
    body: null
    headers:
      Accept:
      - application/json
      Accept-Encoding:
      - gzip, deflate
      CommandName:
      - network local-gateway show
      Connection:
      - keep-alive
      ParameterSetName:
      - --resource-group --name
      User-Agent:
      - AZURECLI/2.23.0 azsdk-python-azure-mgmt-network/18.0.0 Python/3.7.3 (Windows-10-10.0.19041-SP0)
    method: GET
    uri: https://management.azure.com/subscriptions/00000000-0000-0000-0000-000000000000/resourceGroups/local_gateway_scenario000001/providers/Microsoft.Network/localNetworkGateways/lgw1?api-version=2021-02-01
  response:
    body:
      string: "{\r\n  \"name\": \"lgw1\",\r\n  \"id\": \"/subscriptions/00000000-0000-0000-0000-000000000000/resourceGroups/local_gateway_scenario000001/providers/Microsoft.Network/localNetworkGateways/lgw1\",\r\n
        \ \"etag\": \"W/\\\"0f1e7053-af48-4e51-8470-f823babc15ca\\\"\",\r\n  \"type\":
        \"Microsoft.Network/localNetworkGateways\",\r\n  \"location\": \"westus\",\r\n
        \ \"tags\": {\r\n    \"foo\": \"boo\"\r\n  },\r\n  \"properties\": {\r\n    \"provisioningState\":
        \"Succeeded\",\r\n    \"resourceGuid\": \"aa7c4127-c03c-4967-96ae-0d10c08b06ce\",\r\n
        \   \"localNetworkAddressSpace\": {\r\n      \"addressPrefixes\": []\r\n    },\r\n
        \   \"gatewayIpAddress\": \"10.1.1.1\"\r\n  }\r\n}"
    headers:
      cache-control:
      - no-cache
      content-length:
      - '636'
      content-type:
      - application/json; charset=utf-8
      date:
      - Fri, 14 May 2021 06:11:26 GMT
      etag:
      - W/"0f1e7053-af48-4e51-8470-f823babc15ca"
      expires:
      - '-1'
      pragma:
      - no-cache
      server:
      - Microsoft-HTTPAPI/2.0
      - Microsoft-HTTPAPI/2.0
      strict-transport-security:
      - max-age=31536000; includeSubDomains
      transfer-encoding:
      - chunked
      vary:
      - Accept-Encoding
      x-content-type-options:
      - nosniff
      x-ms-arm-service-request-id:
      - c0580f1e-37dc-4be5-b7dd-7fb29669894c
    status:
      code: 200
      message: OK
- request:
    body: null
    headers:
      Accept:
      - application/json
      Accept-Encoding:
      - gzip, deflate
      CommandName:
      - network local-gateway create
      Connection:
      - keep-alive
      ParameterSetName:
      - --resource-group --name --gateway-ip-address --local-address-prefixes
      User-Agent:
      - AZURECLI/2.23.0 azsdk-python-azure-mgmt-resource/16.1.0 Python/3.7.3 (Windows-10-10.0.19041-SP0)
    method: GET
    uri: https://management.azure.com/subscriptions/00000000-0000-0000-0000-000000000000/resourcegroups/local_gateway_scenario000001?api-version=2021-04-01
  response:
    body:
      string: '{"id":"/subscriptions/00000000-0000-0000-0000-000000000000/resourceGroups/local_gateway_scenario000001","name":"local_gateway_scenario000001","type":"Microsoft.Resources/resourceGroups","location":"westus","tags":{"product":"azurecli","cause":"automation","date":"2021-05-14T06:10:31Z"},"properties":{"provisioningState":"Succeeded"}}'
    headers:
      cache-control:
      - no-cache
      content-length:
      - '428'
      content-type:
      - application/json; charset=utf-8
      date:
      - Fri, 14 May 2021 06:11:26 GMT
      expires:
      - '-1'
      pragma:
      - no-cache
      strict-transport-security:
      - max-age=31536000; includeSubDomains
      vary:
      - Accept-Encoding
      x-content-type-options:
      - nosniff
    status:
      code: 200
      message: OK
- request:
    body: '{"location": "westus", "properties": {"localNetworkAddressSpace": {"addressPrefixes":
      ["10.0.1.0/24"]}, "gatewayIpAddress": "10.1.1.2"}}'
    headers:
      Accept:
      - application/json
      Accept-Encoding:
      - gzip, deflate
      CommandName:
      - network local-gateway create
      Connection:
      - keep-alive
      Content-Length:
      - '136'
      Content-Type:
      - application/json
      ParameterSetName:
      - --resource-group --name --gateway-ip-address --local-address-prefixes
      User-Agent:
      - AZURECLI/2.23.0 azsdk-python-azure-mgmt-network/18.0.0 Python/3.7.3 (Windows-10-10.0.19041-SP0)
    method: PUT
    uri: https://management.azure.com/subscriptions/00000000-0000-0000-0000-000000000000/resourceGroups/local_gateway_scenario000001/providers/Microsoft.Network/localNetworkGateways/lgw2?api-version=2021-02-01
  response:
    body:
      string: "{\r\n  \"name\": \"lgw2\",\r\n  \"id\": \"/subscriptions/00000000-0000-0000-0000-000000000000/resourceGroups/local_gateway_scenario000001/providers/Microsoft.Network/localNetworkGateways/lgw2\",\r\n
        \ \"etag\": \"W/\\\"e2c69b46-053c-4898-86c5-4f00c860a398\\\"\",\r\n  \"type\":
        \"Microsoft.Network/localNetworkGateways\",\r\n  \"location\": \"westus\",\r\n
        \ \"properties\": {\r\n    \"provisioningState\": \"Updating\",\r\n    \"resourceGuid\":
        \"687c783c-225b-42ea-b6a6-486db2108cbe\",\r\n    \"localNetworkAddressSpace\":
        {\r\n      \"addressPrefixes\": [\r\n        \"10.0.1.0/24\"\r\n      ]\r\n
        \   },\r\n    \"gatewayIpAddress\": \"10.1.1.2\"\r\n  }\r\n}"
    headers:
      azure-asyncnotification:
      - Enabled
      azure-asyncoperation:
      - https://management.azure.com/subscriptions/00000000-0000-0000-0000-000000000000/providers/Microsoft.Network/locations/westus/operations/31b2597f-7d6f-4a56-88b7-5b10f55808db?api-version=2021-02-01
      cache-control:
      - no-cache
      content-length:
      - '629'
      content-type:
      - application/json; charset=utf-8
      date:
      - Fri, 14 May 2021 06:11:31 GMT
      expires:
      - '-1'
      pragma:
      - no-cache
      server:
      - Microsoft-HTTPAPI/2.0
      - Microsoft-HTTPAPI/2.0
      strict-transport-security:
      - max-age=31536000; includeSubDomains
      x-content-type-options:
      - nosniff
      x-ms-arm-service-request-id:
      - 5d1a7a66-d3cd-421f-bbf0-55c0f0651ebd
      x-ms-ratelimit-remaining-subscription-writes:
      - '1183'
    status:
      code: 201
      message: Created
- request:
    body: null
    headers:
      Accept:
      - '*/*'
      Accept-Encoding:
      - gzip, deflate
      CommandName:
      - network local-gateway create
      Connection:
      - keep-alive
      ParameterSetName:
      - --resource-group --name --gateway-ip-address --local-address-prefixes
      User-Agent:
      - AZURECLI/2.23.0 azsdk-python-azure-mgmt-network/18.0.0 Python/3.7.3 (Windows-10-10.0.19041-SP0)
    method: GET
    uri: https://management.azure.com/subscriptions/00000000-0000-0000-0000-000000000000/providers/Microsoft.Network/locations/westus/operations/31b2597f-7d6f-4a56-88b7-5b10f55808db?api-version=2021-02-01
  response:
    body:
      string: "{\r\n  \"status\": \"Succeeded\"\r\n}"
    headers:
      cache-control:
      - no-cache
      content-length:
      - '29'
      content-type:
      - application/json; charset=utf-8
      date:
      - Fri, 14 May 2021 06:11:42 GMT
      expires:
      - '-1'
      pragma:
      - no-cache
      server:
      - Microsoft-HTTPAPI/2.0
      - Microsoft-HTTPAPI/2.0
      strict-transport-security:
      - max-age=31536000; includeSubDomains
      transfer-encoding:
      - chunked
      vary:
      - Accept-Encoding
      x-content-type-options:
      - nosniff
      x-ms-arm-service-request-id:
      - f910045e-4da7-43f8-a18b-0cc0ea30072a
    status:
      code: 200
      message: OK
- request:
    body: null
    headers:
      Accept:
      - '*/*'
      Accept-Encoding:
      - gzip, deflate
      CommandName:
      - network local-gateway create
      Connection:
      - keep-alive
      ParameterSetName:
      - --resource-group --name --gateway-ip-address --local-address-prefixes
      User-Agent:
      - AZURECLI/2.23.0 azsdk-python-azure-mgmt-network/18.0.0 Python/3.7.3 (Windows-10-10.0.19041-SP0)
    method: GET
    uri: https://management.azure.com/subscriptions/00000000-0000-0000-0000-000000000000/resourceGroups/local_gateway_scenario000001/providers/Microsoft.Network/localNetworkGateways/lgw2?api-version=2021-02-01
  response:
    body:
      string: "{\r\n  \"name\": \"lgw2\",\r\n  \"id\": \"/subscriptions/00000000-0000-0000-0000-000000000000/resourceGroups/local_gateway_scenario000001/providers/Microsoft.Network/localNetworkGateways/lgw2\",\r\n
        \ \"etag\": \"W/\\\"f67136f8-cffc-437f-97b3-669a376d3e2a\\\"\",\r\n  \"type\":
        \"Microsoft.Network/localNetworkGateways\",\r\n  \"location\": \"westus\",\r\n
        \ \"properties\": {\r\n    \"provisioningState\": \"Succeeded\",\r\n    \"resourceGuid\":
        \"687c783c-225b-42ea-b6a6-486db2108cbe\",\r\n    \"localNetworkAddressSpace\":
        {\r\n      \"addressPrefixes\": [\r\n        \"10.0.1.0/24\"\r\n      ]\r\n
        \   },\r\n    \"gatewayIpAddress\": \"10.1.1.2\"\r\n  }\r\n}"
    headers:
      cache-control:
      - no-cache
      content-length:
      - '630'
      content-type:
      - application/json; charset=utf-8
      date:
      - Fri, 14 May 2021 06:11:42 GMT
      etag:
      - W/"f67136f8-cffc-437f-97b3-669a376d3e2a"
      expires:
      - '-1'
      pragma:
      - no-cache
      server:
      - Microsoft-HTTPAPI/2.0
      - Microsoft-HTTPAPI/2.0
      strict-transport-security:
      - max-age=31536000; includeSubDomains
      transfer-encoding:
      - chunked
      vary:
      - Accept-Encoding
      x-content-type-options:
      - nosniff
      x-ms-arm-service-request-id:
      - f051fedc-cad5-42e8-bfe3-291bbc5db401
    status:
      code: 200
      message: OK
- request:
    body: null
    headers:
      Accept:
      - application/json
      Accept-Encoding:
      - gzip, deflate
      CommandName:
      - network local-gateway list
      Connection:
      - keep-alive
      ParameterSetName:
      - --resource-group
      User-Agent:
      - AZURECLI/2.23.0 azsdk-python-azure-mgmt-network/18.0.0 Python/3.7.3 (Windows-10-10.0.19041-SP0)
    method: GET
    uri: https://management.azure.com/subscriptions/00000000-0000-0000-0000-000000000000/resourceGroups/local_gateway_scenario000001/providers/Microsoft.Network/localNetworkGateways?api-version=2021-02-01
  response:
    body:
      string: "{\r\n  \"value\": [\r\n    {\r\n      \"name\": \"lgw1\",\r\n      \"id\":
        \"/subscriptions/00000000-0000-0000-0000-000000000000/resourceGroups/local_gateway_scenario000001/providers/Microsoft.Network/localNetworkGateways/lgw1\",\r\n
        \     \"etag\": \"W/\\\"0f1e7053-af48-4e51-8470-f823babc15ca\\\"\",\r\n      \"type\":
        \"Microsoft.Network/localNetworkGateways\",\r\n      \"location\": \"westus\",\r\n
        \     \"tags\": {\r\n        \"foo\": \"boo\"\r\n      },\r\n      \"properties\":
        {\r\n        \"provisioningState\": \"Succeeded\",\r\n        \"resourceGuid\":
        \"aa7c4127-c03c-4967-96ae-0d10c08b06ce\",\r\n        \"localNetworkAddressSpace\":
        {\r\n          \"addressPrefixes\": []\r\n        },\r\n        \"gatewayIpAddress\":
        \"10.1.1.1\"\r\n      }\r\n    },\r\n    {\r\n      \"name\": \"lgw2\",\r\n
        \     \"id\": \"/subscriptions/00000000-0000-0000-0000-000000000000/resourceGroups/local_gateway_scenario000001/providers/Microsoft.Network/localNetworkGateways/lgw2\",\r\n
        \     \"etag\": \"W/\\\"f67136f8-cffc-437f-97b3-669a376d3e2a\\\"\",\r\n      \"type\":
        \"Microsoft.Network/localNetworkGateways\",\r\n      \"location\": \"westus\",\r\n
        \     \"properties\": {\r\n        \"provisioningState\": \"Succeeded\",\r\n
        \       \"resourceGuid\": \"687c783c-225b-42ea-b6a6-486db2108cbe\",\r\n        \"localNetworkAddressSpace\":
        {\r\n          \"addressPrefixes\": [\r\n            \"10.0.1.0/24\"\r\n          ]\r\n
        \       },\r\n        \"gatewayIpAddress\": \"10.1.1.2\"\r\n      }\r\n    }\r\n
        \ ]\r\n}"
    headers:
      cache-control:
      - no-cache
      content-length:
      - '1434'
      content-type:
      - application/json; charset=utf-8
      date:
      - Fri, 14 May 2021 06:11:43 GMT
      expires:
      - '-1'
      pragma:
      - no-cache
      server:
      - Microsoft-HTTPAPI/2.0
      - Microsoft-HTTPAPI/2.0
      strict-transport-security:
      - max-age=31536000; includeSubDomains
      transfer-encoding:
      - chunked
      vary:
      - Accept-Encoding
      x-content-type-options:
      - nosniff
      x-ms-arm-service-request-id:
      - f53bc424-994d-4a72-8a76-6029aada370a
    status:
      code: 200
      message: OK
- request:
    body: null
    headers:
      Accept:
      - application/json
      Accept-Encoding:
      - gzip, deflate
      CommandName:
      - network local-gateway delete
      Connection:
      - keep-alive
      Content-Length:
      - '0'
      ParameterSetName:
      - --resource-group --name
      User-Agent:
      - AZURECLI/2.23.0 azsdk-python-azure-mgmt-network/18.0.0 Python/3.7.3 (Windows-10-10.0.19041-SP0)
    method: DELETE
    uri: https://management.azure.com/subscriptions/00000000-0000-0000-0000-000000000000/resourceGroups/local_gateway_scenario000001/providers/Microsoft.Network/localNetworkGateways/lgw1?api-version=2021-02-01
  response:
    body:
      string: ''
    headers:
      azure-asyncnotification:
      - Enabled
      azure-asyncoperation:
      - https://management.azure.com/subscriptions/00000000-0000-0000-0000-000000000000/providers/Microsoft.Network/locations/westus/operations/920fe34f-cf79-4e32-aa0f-0b448d526b58?api-version=2021-02-01
      cache-control:
      - no-cache
      content-length:
      - '0'
      date:
      - Fri, 14 May 2021 06:11:45 GMT
      expires:
      - '-1'
      location:
      - https://management.azure.com/subscriptions/00000000-0000-0000-0000-000000000000/providers/Microsoft.Network/locations/westus/operationResults/920fe34f-cf79-4e32-aa0f-0b448d526b58?api-version=2021-02-01
      pragma:
      - no-cache
      server:
      - Microsoft-HTTPAPI/2.0
      - Microsoft-HTTPAPI/2.0
      strict-transport-security:
      - max-age=31536000; includeSubDomains
      x-content-type-options:
      - nosniff
      x-ms-arm-service-request-id:
      - cee0d65e-9b65-45c9-a67f-579b1e8d60a6
      x-ms-ratelimit-remaining-subscription-deletes:
      - '14998'
    status:
      code: 202
      message: Accepted
- request:
    body: null
    headers:
      Accept:
      - '*/*'
      Accept-Encoding:
      - gzip, deflate
      CommandName:
      - network local-gateway delete
      Connection:
      - keep-alive
      ParameterSetName:
      - --resource-group --name
      User-Agent:
      - AZURECLI/2.23.0 azsdk-python-azure-mgmt-network/18.0.0 Python/3.7.3 (Windows-10-10.0.19041-SP0)
    method: GET
    uri: https://management.azure.com/subscriptions/00000000-0000-0000-0000-000000000000/providers/Microsoft.Network/locations/westus/operations/920fe34f-cf79-4e32-aa0f-0b448d526b58?api-version=2021-02-01
  response:
    body:
      string: "{\r\n  \"status\": \"Succeeded\"\r\n}"
    headers:
      cache-control:
      - no-cache
      content-length:
      - '29'
      content-type:
      - application/json; charset=utf-8
      date:
      - Fri, 14 May 2021 06:11:55 GMT
      expires:
      - '-1'
      pragma:
      - no-cache
      server:
      - Microsoft-HTTPAPI/2.0
      - Microsoft-HTTPAPI/2.0
      strict-transport-security:
      - max-age=31536000; includeSubDomains
      transfer-encoding:
      - chunked
      vary:
      - Accept-Encoding
      x-content-type-options:
      - nosniff
      x-ms-arm-service-request-id:
      - c63af8de-e856-4731-8202-1b8ad9fb2f50
    status:
      code: 200
      message: OK
- request:
    body: null
    headers:
      Accept:
      - application/json
      Accept-Encoding:
      - gzip, deflate
      CommandName:
      - network local-gateway list
      Connection:
      - keep-alive
      ParameterSetName:
      - --resource-group
      User-Agent:
      - AZURECLI/2.23.0 azsdk-python-azure-mgmt-network/18.0.0 Python/3.7.3 (Windows-10-10.0.19041-SP0)
    method: GET
    uri: https://management.azure.com/subscriptions/00000000-0000-0000-0000-000000000000/resourceGroups/local_gateway_scenario000001/providers/Microsoft.Network/localNetworkGateways?api-version=2021-02-01
  response:
    body:
      string: "{\r\n  \"value\": [\r\n    {\r\n      \"name\": \"lgw2\",\r\n      \"id\":
        \"/subscriptions/00000000-0000-0000-0000-000000000000/resourceGroups/local_gateway_scenario000001/providers/Microsoft.Network/localNetworkGateways/lgw2\",\r\n
        \     \"etag\": \"W/\\\"f67136f8-cffc-437f-97b3-669a376d3e2a\\\"\",\r\n      \"type\":
        \"Microsoft.Network/localNetworkGateways\",\r\n      \"location\": \"westus\",\r\n
        \     \"properties\": {\r\n        \"provisioningState\": \"Succeeded\",\r\n
        \       \"resourceGuid\": \"687c783c-225b-42ea-b6a6-486db2108cbe\",\r\n        \"localNetworkAddressSpace\":
        {\r\n          \"addressPrefixes\": [\r\n            \"10.0.1.0/24\"\r\n          ]\r\n
        \       },\r\n        \"gatewayIpAddress\": \"10.1.1.2\"\r\n      }\r\n    }\r\n
        \ ]\r\n}"
    headers:
      cache-control:
      - no-cache
      content-length:
      - '723'
      content-type:
      - application/json; charset=utf-8
      date:
      - Fri, 14 May 2021 06:11:56 GMT
      expires:
      - '-1'
      pragma:
      - no-cache
      server:
      - Microsoft-HTTPAPI/2.0
      - Microsoft-HTTPAPI/2.0
      strict-transport-security:
      - max-age=31536000; includeSubDomains
      transfer-encoding:
      - chunked
      vary:
      - Accept-Encoding
      x-content-type-options:
      - nosniff
      x-ms-arm-service-request-id:
      - 363acd15-2e20-404c-9584-2809da996499
    status:
      code: 200
      message: OK
version: 1
