interactions:
- request:
    body: '{"location": "centraluseuap", "sku": {"name": "Standard_S1", "capacity":
      1}, "properties": {"publicNetworkAccess": "Enabled"}}'
    headers:
      Accept:
      - application/json
      Accept-Encoding:
      - gzip, deflate
      CommandName:
      - webpubsub create
      Connection:
      - keep-alive
      Content-Length:
      - '126'
      Content-Type:
      - application/json; charset=utf-8
      ParameterSetName:
      - -n -g --sku -l
      User-Agent:
      - python/3.9.2 (Windows-10-10.0.19041-SP0) msrest/0.6.21 msrest_azure/0.6.3
        azure-mgmt-webpubsub/0.1.0 Azure-SDK-For-Python AZURECLI/2.22.0
      accept-language:
      - en-US
    method: PUT
    uri: https://management.azure.com/subscriptions/00000000-0000-0000-0000-000000000000/resourceGroups/clitest.rg000001/providers/Microsoft.SignalRService/webPubSub/webpubsub000002?api-version=2021-04-01-preview
  response:
    body:
      string: '{"sku":{"name":"Standard_S1","tier":"Standard","size":"S1","capacity":1},"properties":{"provisioningState":"Creating","externalIP":null,"hostName":"webpubsub000002.webpubsub.azure.com","publicPort":443,"serverPort":443,"version":"1.0-preview","privateEndpointConnections":[],"sharedPrivateLinkResources":[],"tls":{"clientCertEnabled":false},"features":[{"flag":"EnableConnectivityLogs","value":"False","properties":{}},{"flag":"EnableMessagingLogs","value":"False","properties":{}},{"flag":"EnableLiveTrace","value":"False","properties":{}}],"eventHandler":{"items":null},"networkACLs":{"defaultAction":"Deny","publicNetwork":{"allow":["ServerConnection","ClientConnection","RESTAPI","Trace"],"deny":null},"privateEndpoints":[]},"publicNetworkAccess":"Enabled"},"systemData":{"createdBy":"chenyl@microsoft.com","createdByType":"User","createdAt":"2021-04-20T02:42:51.6132591Z","lastModifiedBy":"chenyl@microsoft.com","lastModifiedByType":"User","lastModifiedAt":"2021-04-20T02:42:51.6132591Z"},"location":"centraluseuap","tags":null,"id":"/subscriptions/00000000-0000-0000-0000-000000000000/resourceGroups/clitest.rg000001/providers/Microsoft.SignalRService/WebPubSub/webpubsub000002","name":"webpubsub000002","type":"Microsoft.SignalRService/WebPubSub"}'
    headers:
      azure-asyncoperation:
      - https://management.azure.com/subscriptions/00000000-0000-0000-0000-000000000000/resourceGroups/clitest.rg000001/providers/Microsoft.SignalRService/locations/centraluseuap/operationStatuses/a739a9f8-5c32-40ec-b63b-f5c3ab8e2f4f/WebPubSub/webpubsub000002?api-version=2021-04-01-preview
      cache-control:
      - no-cache
      content-length:
      - '1261'
      content-type:
      - application/json; charset=utf-8
      date:
      - Tue, 20 Apr 2021 02:42:54 GMT
      expires:
      - '-1'
      location:
      - https://management.azure.com/subscriptions/00000000-0000-0000-0000-000000000000/resourceGroups/clitest.rg000001/providers/Microsoft.SignalRService/locations/centraluseuap/operationResults/a739a9f8-5c32-40ec-b63b-f5c3ab8e2f4f/WebPubSub/webpubsub000002?api-version=2021-04-01-preview
      pragma:
      - no-cache
      server:
      - Kestrel
      strict-transport-security:
      - max-age=31536000; includeSubDomains
      x-content-type-options:
      - nosniff
      x-ms-ratelimit-remaining-subscription-writes:
      - '1197'
      x-rp-server-mvid:
      - a2f7c14d-3749-40f0-a36e-ddee0281a049
    status:
      code: 201
      message: Created
- request:
    body: null
    headers:
      Accept:
      - application/json
      Accept-Encoding:
      - gzip, deflate
      CommandName:
      - webpubsub create
      Connection:
      - keep-alive
      ParameterSetName:
      - -n -g --sku -l
      User-Agent:
      - python/3.9.2 (Windows-10-10.0.19041-SP0) msrest/0.6.21 msrest_azure/0.6.3
        azure-mgmt-webpubsub/0.1.0 Azure-SDK-For-Python AZURECLI/2.22.0
    method: GET
    uri: https://management.azure.com/subscriptions/00000000-0000-0000-0000-000000000000/resourceGroups/clitest.rg000001/providers/Microsoft.SignalRService/locations/centraluseuap/operationStatuses/a739a9f8-5c32-40ec-b63b-f5c3ab8e2f4f/WebPubSub/webpubsub000002?api-version=2021-04-01-preview
  response:
    body:
      string: '{"id":"/subscriptions/00000000-0000-0000-0000-000000000000/resourceGroups/clitest.rg000001/providers/Microsoft.SignalRService/locations/centraluseuap/operationStatuses/a739a9f8-5c32-40ec-b63b-f5c3ab8e2f4f/WebPubSub/webpubsub000002","name":"a739a9f8-5c32-40ec-b63b-f5c3ab8e2f4f","status":"Running","startTime":"2021-04-20T02:42:52.6367286Z"}'
    headers:
      cache-control:
      - no-cache
      content-length:
      - '345'
      content-type:
      - application/json; charset=utf-8
      date:
      - Tue, 20 Apr 2021 02:43:25 GMT
      expires:
      - '-1'
      pragma:
      - no-cache
      server:
      - Kestrel
      strict-transport-security:
      - max-age=31536000; includeSubDomains
      transfer-encoding:
      - chunked
      vary:
      - Accept-Encoding
      x-content-type-options:
      - nosniff
      x-rp-server-mvid:
      - a2f7c14d-3749-40f0-a36e-ddee0281a049
    status:
      code: 200
      message: OK
- request:
    body: null
    headers:
      Accept:
      - application/json
      Accept-Encoding:
      - gzip, deflate
      CommandName:
      - webpubsub create
      Connection:
      - keep-alive
      ParameterSetName:
      - -n -g --sku -l
      User-Agent:
      - python/3.9.2 (Windows-10-10.0.19041-SP0) msrest/0.6.21 msrest_azure/0.6.3
        azure-mgmt-webpubsub/0.1.0 Azure-SDK-For-Python AZURECLI/2.22.0
    method: GET
    uri: https://management.azure.com/subscriptions/00000000-0000-0000-0000-000000000000/resourceGroups/clitest.rg000001/providers/Microsoft.SignalRService/locations/centraluseuap/operationStatuses/a739a9f8-5c32-40ec-b63b-f5c3ab8e2f4f/WebPubSub/webpubsub000002?api-version=2021-04-01-preview
  response:
    body:
      string: '{"id":"/subscriptions/00000000-0000-0000-0000-000000000000/resourceGroups/clitest.rg000001/providers/Microsoft.SignalRService/locations/centraluseuap/operationStatuses/a739a9f8-5c32-40ec-b63b-f5c3ab8e2f4f/WebPubSub/webpubsub000002","name":"a739a9f8-5c32-40ec-b63b-f5c3ab8e2f4f","status":"Succeeded","startTime":"2021-04-20T02:42:52.6367286Z","endTime":"2021-04-20T02:43:48.1515258Z"}'
    headers:
      cache-control:
      - no-cache
      content-length:
      - '388'
      content-type:
      - application/json; charset=utf-8
      date:
      - Tue, 20 Apr 2021 02:43:55 GMT
      expires:
      - '-1'
      pragma:
      - no-cache
      server:
      - Kestrel
      strict-transport-security:
      - max-age=31536000; includeSubDomains
      transfer-encoding:
      - chunked
      vary:
      - Accept-Encoding
      x-content-type-options:
      - nosniff
      x-rp-server-mvid:
      - a2f7c14d-3749-40f0-a36e-ddee0281a049
    status:
      code: 200
      message: OK
- request:
    body: null
    headers:
      Accept:
      - application/json
      Accept-Encoding:
      - gzip, deflate
      CommandName:
      - webpubsub create
      Connection:
      - keep-alive
      ParameterSetName:
      - -n -g --sku -l
      User-Agent:
      - python/3.9.2 (Windows-10-10.0.19041-SP0) msrest/0.6.21 msrest_azure/0.6.3
        azure-mgmt-webpubsub/0.1.0 Azure-SDK-For-Python AZURECLI/2.22.0
    method: GET
    uri: https://management.azure.com/subscriptions/00000000-0000-0000-0000-000000000000/resourceGroups/clitest.rg000001/providers/Microsoft.SignalRService/webPubSub/webpubsub000002?api-version=2021-04-01-preview
  response:
    body:
      string: '{"sku":{"name":"Standard_S1","tier":"Standard","size":"S1","capacity":1},"properties":{"provisioningState":"Succeeded","externalIP":"168.61.142.65","hostName":"webpubsub000002.webpubsub.azure.com","publicPort":443,"serverPort":443,"version":"1.0","privateEndpointConnections":[],"sharedPrivateLinkResources":[],"tls":{"clientCertEnabled":false},"features":[{"flag":"EnableConnectivityLogs","value":"False","properties":{}},{"flag":"EnableMessagingLogs","value":"False","properties":{}},{"flag":"EnableLiveTrace","value":"False","properties":{}}],"eventHandler":{"items":null},"networkACLs":{"defaultAction":"Deny","publicNetwork":{"allow":["ServerConnection","ClientConnection","RESTAPI","Trace"],"deny":null},"privateEndpoints":[]},"publicNetworkAccess":"Enabled"},"systemData":{"createdBy":"chenyl@microsoft.com","createdByType":"User","createdAt":"2021-04-20T02:42:51.6132591Z","lastModifiedBy":"chenyl@microsoft.com","lastModifiedByType":"User","lastModifiedAt":"2021-04-20T02:42:51.6132591Z"},"location":"centraluseuap","tags":null,"id":"/subscriptions/00000000-0000-0000-0000-000000000000/resourceGroups/clitest.rg000001/providers/Microsoft.SignalRService/WebPubSub/webpubsub000002","name":"webpubsub000002","type":"Microsoft.SignalRService/WebPubSub"}'
    headers:
      cache-control:
      - no-cache
      content-length:
      - '1265'
      content-type:
      - application/json; charset=utf-8
      date:
      - Tue, 20 Apr 2021 02:43:56 GMT
      expires:
      - '-1'
      pragma:
      - no-cache
      server:
      - Kestrel
      strict-transport-security:
      - max-age=31536000; includeSubDomains
      transfer-encoding:
      - chunked
      vary:
      - Accept-Encoding
      x-content-type-options:
      - nosniff
      x-rp-server-mvid:
      - a2f7c14d-3749-40f0-a36e-ddee0281a049
    status:
      code: 200
      message: OK
- request:
    body: '{"location": "centraluseuap", "tags": {}, "properties": {"addressSpace":
      {"addressPrefixes": ["10.0.0.0/16"]}, "dhcpOptions": {}, "subnets": [{"name":
      "subnet1", "properties": {"addressPrefix": "10.0.0.0/24"}}]}}'
    headers:
      Accept:
      - application/json
      Accept-Encoding:
      - gzip, deflate
      CommandName:
      - network vnet create
      Connection:
      - keep-alive
      Content-Length:
      - '212'
      Content-Type:
      - application/json
      ParameterSetName:
      - -g -n -l --subnet-name
      User-Agent:
      - AZURECLI/2.22.0 azsdk-python-azure-mgmt-network/18.0.0 Python/3.9.2 (Windows-10-10.0.19041-SP0)
    method: PUT
    uri: https://management.azure.com/subscriptions/00000000-0000-0000-0000-000000000000/resourceGroups/clitest.rg000001/providers/Microsoft.Network/virtualNetworks/vnet1?api-version=2020-11-01
  response:
    body:
      string: "{\r\n  \"name\": \"vnet1\",\r\n  \"id\": \"/subscriptions/00000000-0000-0000-0000-000000000000/resourceGroups/clitest.rg000001/providers/Microsoft.Network/virtualNetworks/vnet1\",\r\n
        \ \"etag\": \"W/\\\"d46ef998-0fb4-4406-bcdf-fd2da28e85f1\\\"\",\r\n  \"type\":
        \"Microsoft.Network/virtualNetworks\",\r\n  \"location\": \"centraluseuap\",\r\n
        \ \"tags\": {},\r\n  \"properties\": {\r\n    \"provisioningState\": \"Updating\",\r\n
        \   \"resourceGuid\": \"9668b9e0-0d0e-4d12-a867-d6a1944e8e30\",\r\n    \"addressSpace\":
        {\r\n      \"addressPrefixes\": [\r\n        \"10.0.0.0/16\"\r\n      ]\r\n
        \   },\r\n    \"dhcpOptions\": {\r\n      \"dnsServers\": []\r\n    },\r\n
        \   \"subnets\": [\r\n      {\r\n        \"name\": \"subnet1\",\r\n        \"id\":
        \"/subscriptions/00000000-0000-0000-0000-000000000000/resourceGroups/clitest.rg000001/providers/Microsoft.Network/virtualNetworks/vnet1/subnets/subnet1\",\r\n
        \       \"etag\": \"W/\\\"d46ef998-0fb4-4406-bcdf-fd2da28e85f1\\\"\",\r\n
        \       \"properties\": {\r\n          \"provisioningState\": \"Updating\",\r\n
        \         \"addressPrefix\": \"10.0.0.0/24\",\r\n          \"delegations\":
        [],\r\n          \"privateEndpointNetworkPolicies\": \"Enabled\",\r\n          \"privateLinkServiceNetworkPolicies\":
        \"Enabled\"\r\n        },\r\n        \"type\": \"Microsoft.Network/virtualNetworks/subnets\"\r\n
        \     }\r\n    ],\r\n    \"virtualNetworkPeerings\": [],\r\n    \"enableDdosProtection\":
        false\r\n  }\r\n}"
    headers:
      azure-asyncnotification:
      - Enabled
      azure-asyncoperation:
      - https://management.azure.com/subscriptions/00000000-0000-0000-0000-000000000000/providers/Microsoft.Network/locations/centraluseuap/operations/bf3646dc-dc87-4ebf-b8ab-fe5e12e0539b?api-version=2020-11-01
      cache-control:
      - no-cache
      content-length:
      - '1300'
      content-type:
      - application/json; charset=utf-8
      date:
      - Tue, 20 Apr 2021 02:44:03 GMT
      expires:
      - '-1'
      pragma:
      - no-cache
      server:
      - Microsoft-HTTPAPI/2.0
      - Microsoft-HTTPAPI/2.0
      strict-transport-security:
      - max-age=31536000; includeSubDomains
      x-content-type-options:
      - nosniff
      x-ms-arm-service-request-id:
      - f6c0fd39-0ee8-492f-ad8e-5c8cc1a8cb5b
      x-ms-ratelimit-remaining-subscription-writes:
      - '1199'
    status:
      code: 201
      message: Created
- request:
    body: null
    headers:
      Accept:
      - '*/*'
      Accept-Encoding:
      - gzip, deflate
      CommandName:
      - network vnet create
      Connection:
      - keep-alive
      ParameterSetName:
      - -g -n -l --subnet-name
      User-Agent:
      - AZURECLI/2.22.0 azsdk-python-azure-mgmt-network/18.0.0 Python/3.9.2 (Windows-10-10.0.19041-SP0)
    method: GET
    uri: https://management.azure.com/subscriptions/00000000-0000-0000-0000-000000000000/providers/Microsoft.Network/locations/centraluseuap/operations/bf3646dc-dc87-4ebf-b8ab-fe5e12e0539b?api-version=2020-11-01
  response:
    body:
      string: "{\r\n  \"status\": \"Succeeded\"\r\n}"
    headers:
      cache-control:
      - no-cache
      content-length:
      - '29'
      content-type:
      - application/json; charset=utf-8
      date:
      - Tue, 20 Apr 2021 02:44:06 GMT
      expires:
      - '-1'
      pragma:
      - no-cache
      server:
      - Microsoft-HTTPAPI/2.0
      - Microsoft-HTTPAPI/2.0
      strict-transport-security:
      - max-age=31536000; includeSubDomains
      transfer-encoding:
      - chunked
      vary:
      - Accept-Encoding
      x-content-type-options:
      - nosniff
      x-ms-arm-service-request-id:
      - cb8d9f76-cfd3-4171-ad9c-7d5bd58ba65f
    status:
      code: 200
      message: OK
- request:
    body: null
    headers:
      Accept:
      - '*/*'
      Accept-Encoding:
      - gzip, deflate
      CommandName:
      - network vnet create
      Connection:
      - keep-alive
      ParameterSetName:
      - -g -n -l --subnet-name
      User-Agent:
      - AZURECLI/2.22.0 azsdk-python-azure-mgmt-network/18.0.0 Python/3.9.2 (Windows-10-10.0.19041-SP0)
    method: GET
    uri: https://management.azure.com/subscriptions/00000000-0000-0000-0000-000000000000/resourceGroups/clitest.rg000001/providers/Microsoft.Network/virtualNetworks/vnet1?api-version=2020-11-01
  response:
    body:
      string: "{\r\n  \"name\": \"vnet1\",\r\n  \"id\": \"/subscriptions/00000000-0000-0000-0000-000000000000/resourceGroups/clitest.rg000001/providers/Microsoft.Network/virtualNetworks/vnet1\",\r\n
        \ \"etag\": \"W/\\\"cdfda8f6-9676-4c5d-8604-88edc2d5e632\\\"\",\r\n  \"type\":
        \"Microsoft.Network/virtualNetworks\",\r\n  \"location\": \"centraluseuap\",\r\n
        \ \"tags\": {},\r\n  \"properties\": {\r\n    \"provisioningState\": \"Succeeded\",\r\n
        \   \"resourceGuid\": \"9668b9e0-0d0e-4d12-a867-d6a1944e8e30\",\r\n    \"addressSpace\":
        {\r\n      \"addressPrefixes\": [\r\n        \"10.0.0.0/16\"\r\n      ]\r\n
        \   },\r\n    \"dhcpOptions\": {\r\n      \"dnsServers\": []\r\n    },\r\n
        \   \"subnets\": [\r\n      {\r\n        \"name\": \"subnet1\",\r\n        \"id\":
        \"/subscriptions/00000000-0000-0000-0000-000000000000/resourceGroups/clitest.rg000001/providers/Microsoft.Network/virtualNetworks/vnet1/subnets/subnet1\",\r\n
        \       \"etag\": \"W/\\\"cdfda8f6-9676-4c5d-8604-88edc2d5e632\\\"\",\r\n
        \       \"properties\": {\r\n          \"provisioningState\": \"Succeeded\",\r\n
        \         \"addressPrefix\": \"10.0.0.0/24\",\r\n          \"delegations\":
        [],\r\n          \"privateEndpointNetworkPolicies\": \"Enabled\",\r\n          \"privateLinkServiceNetworkPolicies\":
        \"Enabled\"\r\n        },\r\n        \"type\": \"Microsoft.Network/virtualNetworks/subnets\"\r\n
        \     }\r\n    ],\r\n    \"virtualNetworkPeerings\": [],\r\n    \"enableDdosProtection\":
        false\r\n  }\r\n}"
    headers:
      cache-control:
      - no-cache
      content-length:
      - '1302'
      content-type:
      - application/json; charset=utf-8
      date:
      - Tue, 20 Apr 2021 02:44:07 GMT
      etag:
      - W/"cdfda8f6-9676-4c5d-8604-88edc2d5e632"
      expires:
      - '-1'
      pragma:
      - no-cache
      server:
      - Microsoft-HTTPAPI/2.0
      - Microsoft-HTTPAPI/2.0
      strict-transport-security:
      - max-age=31536000; includeSubDomains
      transfer-encoding:
      - chunked
      vary:
      - Accept-Encoding
      x-content-type-options:
      - nosniff
      x-ms-arm-service-request-id:
      - aab49266-bf2e-4b78-b7e4-d26afec97083
    status:
      code: 200
      message: OK
- request:
    body: null
    headers:
      Accept:
      - application/json
      Accept-Encoding:
      - gzip, deflate
      CommandName:
      - network vnet subnet update
      Connection:
      - keep-alive
      ParameterSetName:
      - --name --resource-group --vnet-name --disable-private-endpoint-network-policies
      User-Agent:
      - AZURECLI/2.22.0 azsdk-python-azure-mgmt-network/18.0.0 Python/3.9.2 (Windows-10-10.0.19041-SP0)
    method: GET
    uri: https://management.azure.com/subscriptions/00000000-0000-0000-0000-000000000000/resourceGroups/clitest.rg000001/providers/Microsoft.Network/virtualNetworks/vnet1/subnets/subnet1?api-version=2020-11-01
  response:
    body:
      string: "{\r\n  \"name\": \"subnet1\",\r\n  \"id\": \"/subscriptions/00000000-0000-0000-0000-000000000000/resourceGroups/clitest.rg000001/providers/Microsoft.Network/virtualNetworks/vnet1/subnets/subnet1\",\r\n
        \ \"etag\": \"W/\\\"cdfda8f6-9676-4c5d-8604-88edc2d5e632\\\"\",\r\n  \"properties\":
        {\r\n    \"provisioningState\": \"Succeeded\",\r\n    \"addressPrefix\": \"10.0.0.0/24\",\r\n
        \   \"delegations\": [],\r\n    \"privateEndpointNetworkPolicies\": \"Enabled\",\r\n
        \   \"privateLinkServiceNetworkPolicies\": \"Enabled\"\r\n  },\r\n  \"type\":
        \"Microsoft.Network/virtualNetworks/subnets\"\r\n}"
    headers:
      cache-control:
      - no-cache
      content-length:
      - '531'
      content-type:
      - application/json; charset=utf-8
      date:
      - Tue, 20 Apr 2021 02:44:08 GMT
      etag:
      - W/"cdfda8f6-9676-4c5d-8604-88edc2d5e632"
      expires:
      - '-1'
      pragma:
      - no-cache
      server:
      - Microsoft-HTTPAPI/2.0
      - Microsoft-HTTPAPI/2.0
      strict-transport-security:
      - max-age=31536000; includeSubDomains
      transfer-encoding:
      - chunked
      vary:
      - Accept-Encoding
      x-content-type-options:
      - nosniff
      x-ms-arm-service-request-id:
      - 2e215d60-0ce8-4f46-b3ea-a4e5fac4b3e6
    status:
      code: 200
      message: OK
- request:
    body: '{"id": "/subscriptions/00000000-0000-0000-0000-000000000000/resourceGroups/clitest.rg000001/providers/Microsoft.Network/virtualNetworks/vnet1/subnets/subnet1",
      "name": "subnet1", "properties": {"addressPrefix": "10.0.0.0/24", "delegations":
      [], "privateEndpointNetworkPolicies": "Disabled", "privateLinkServiceNetworkPolicies":
      "Enabled"}}'
    headers:
      Accept:
      - application/json
      Accept-Encoding:
      - gzip, deflate
      CommandName:
      - network vnet subnet update
      Connection:
      - keep-alive
      Content-Length:
      - '343'
      Content-Type:
      - application/json
      ParameterSetName:
      - --name --resource-group --vnet-name --disable-private-endpoint-network-policies
      User-Agent:
      - AZURECLI/2.22.0 azsdk-python-azure-mgmt-network/18.0.0 Python/3.9.2 (Windows-10-10.0.19041-SP0)
    method: PUT
    uri: https://management.azure.com/subscriptions/00000000-0000-0000-0000-000000000000/resourceGroups/clitest.rg000001/providers/Microsoft.Network/virtualNetworks/vnet1/subnets/subnet1?api-version=2020-11-01
  response:
    body:
      string: "{\r\n  \"name\": \"subnet1\",\r\n  \"id\": \"/subscriptions/00000000-0000-0000-0000-000000000000/resourceGroups/clitest.rg000001/providers/Microsoft.Network/virtualNetworks/vnet1/subnets/subnet1\",\r\n
        \ \"etag\": \"W/\\\"5e1d91bc-5e92-4ac0-914b-55b8cb706462\\\"\",\r\n  \"properties\":
        {\r\n    \"provisioningState\": \"Updating\",\r\n    \"addressPrefix\": \"10.0.0.0/24\",\r\n
        \   \"delegations\": [],\r\n    \"privateEndpointNetworkPolicies\": \"Disabled\",\r\n
        \   \"privateLinkServiceNetworkPolicies\": \"Enabled\"\r\n  },\r\n  \"type\":
        \"Microsoft.Network/virtualNetworks/subnets\"\r\n}"
    headers:
      azure-asyncoperation:
      - https://management.azure.com/subscriptions/00000000-0000-0000-0000-000000000000/providers/Microsoft.Network/locations/centraluseuap/operations/ba50d116-8f63-46c4-b9f1-ff8b691817ef?api-version=2020-11-01
      cache-control:
      - no-cache
      content-length:
      - '531'
      content-type:
      - application/json; charset=utf-8
      date:
      - Tue, 20 Apr 2021 02:44:09 GMT
      expires:
      - '-1'
      pragma:
      - no-cache
      server:
      - Microsoft-HTTPAPI/2.0
      - Microsoft-HTTPAPI/2.0
      strict-transport-security:
      - max-age=31536000; includeSubDomains
      transfer-encoding:
      - chunked
      vary:
      - Accept-Encoding
      x-content-type-options:
      - nosniff
      x-ms-arm-service-request-id:
      - 36b2888a-61a2-4d87-995b-13943de493fe
      x-ms-ratelimit-remaining-subscription-writes:
      - '1197'
    status:
      code: 200
      message: OK
- request:
    body: null
    headers:
      Accept:
      - '*/*'
      Accept-Encoding:
      - gzip, deflate
      CommandName:
      - network vnet subnet update
      Connection:
      - keep-alive
      ParameterSetName:
      - --name --resource-group --vnet-name --disable-private-endpoint-network-policies
      User-Agent:
      - AZURECLI/2.22.0 azsdk-python-azure-mgmt-network/18.0.0 Python/3.9.2 (Windows-10-10.0.19041-SP0)
    method: GET
    uri: https://management.azure.com/subscriptions/00000000-0000-0000-0000-000000000000/providers/Microsoft.Network/locations/centraluseuap/operations/ba50d116-8f63-46c4-b9f1-ff8b691817ef?api-version=2020-11-01
  response:
    body:
      string: "{\r\n  \"status\": \"Succeeded\"\r\n}"
    headers:
      cache-control:
      - no-cache
      content-length:
      - '29'
      content-type:
      - application/json; charset=utf-8
      date:
      - Tue, 20 Apr 2021 02:44:12 GMT
      expires:
      - '-1'
      pragma:
      - no-cache
      server:
      - Microsoft-HTTPAPI/2.0
      - Microsoft-HTTPAPI/2.0
      strict-transport-security:
      - max-age=31536000; includeSubDomains
      transfer-encoding:
      - chunked
      vary:
      - Accept-Encoding
      x-content-type-options:
      - nosniff
      x-ms-arm-service-request-id:
      - 40600c95-cc87-4537-b354-e089302372c5
    status:
      code: 200
      message: OK
- request:
    body: null
    headers:
      Accept:
      - '*/*'
      Accept-Encoding:
      - gzip, deflate
      CommandName:
      - network vnet subnet update
      Connection:
      - keep-alive
      ParameterSetName:
      - --name --resource-group --vnet-name --disable-private-endpoint-network-policies
      User-Agent:
      - AZURECLI/2.22.0 azsdk-python-azure-mgmt-network/18.0.0 Python/3.9.2 (Windows-10-10.0.19041-SP0)
    method: GET
    uri: https://management.azure.com/subscriptions/00000000-0000-0000-0000-000000000000/resourceGroups/clitest.rg000001/providers/Microsoft.Network/virtualNetworks/vnet1/subnets/subnet1?api-version=2020-11-01
  response:
    body:
      string: "{\r\n  \"name\": \"subnet1\",\r\n  \"id\": \"/subscriptions/00000000-0000-0000-0000-000000000000/resourceGroups/clitest.rg000001/providers/Microsoft.Network/virtualNetworks/vnet1/subnets/subnet1\",\r\n
        \ \"etag\": \"W/\\\"e874c805-603f-477d-8c67-d91d56896e15\\\"\",\r\n  \"properties\":
        {\r\n    \"provisioningState\": \"Succeeded\",\r\n    \"addressPrefix\": \"10.0.0.0/24\",\r\n
        \   \"delegations\": [],\r\n    \"privateEndpointNetworkPolicies\": \"Disabled\",\r\n
        \   \"privateLinkServiceNetworkPolicies\": \"Enabled\"\r\n  },\r\n  \"type\":
        \"Microsoft.Network/virtualNetworks/subnets\"\r\n}"
    headers:
      cache-control:
      - no-cache
      content-length:
      - '532'
      content-type:
      - application/json; charset=utf-8
      date:
      - Tue, 20 Apr 2021 02:44:13 GMT
      etag:
      - W/"e874c805-603f-477d-8c67-d91d56896e15"
      expires:
      - '-1'
      pragma:
      - no-cache
      server:
      - Microsoft-HTTPAPI/2.0
      - Microsoft-HTTPAPI/2.0
      strict-transport-security:
      - max-age=31536000; includeSubDomains
      transfer-encoding:
      - chunked
      vary:
      - Accept-Encoding
      x-content-type-options:
      - nosniff
      x-ms-arm-service-request-id:
      - de9d295d-5a78-4278-af09-994753501700
    status:
      code: 200
      message: OK
- request:
    body: '{"location": "centraluseuap", "properties": {"subnet": {"id": "/subscriptions/00000000-0000-0000-0000-000000000000/resourceGroups/clitest.rg000001/providers/Microsoft.Network/virtualNetworks/vnet1/subnets/subnet1"},
      "manualPrivateLinkServiceConnections": [{"name": "private_endpoint_connection1",
      "properties": {"privateLinkServiceId": "/subscriptions/00000000-0000-0000-0000-000000000000/resourceGroups/clitest.rg000001/providers/Microsoft.SignalRService/WebPubSub/webpubsub000002",
      "groupIds": ["webpubsub"]}}]}}'
    headers:
      Accept:
      - application/json
      Accept-Encoding:
      - gzip, deflate
      CommandName:
      - network private-endpoint create
      Connection:
      - keep-alive
      Content-Length:
      - '523'
      Content-Type:
      - application/json
      ParameterSetName:
      - --resource-group --vnet-name --subnet --name --private-connection-resource-id
        --group-ids --connection-name --location --manual-request
      User-Agent:
      - AZURECLI/2.22.0 azsdk-python-azure-mgmt-network/18.0.0 Python/3.9.2 (Windows-10-10.0.19041-SP0)
    method: PUT
    uri: https://management.azure.com/subscriptions/00000000-0000-0000-0000-000000000000/resourceGroups/clitest.rg000001/providers/Microsoft.Network/privateEndpoints/private_endpoint1?api-version=2020-11-01
  response:
    body:
      string: "{\r\n  \"name\": \"private_endpoint1\",\r\n  \"id\": \"/subscriptions/00000000-0000-0000-0000-000000000000/resourceGroups/clitest.rg000001/providers/Microsoft.Network/privateEndpoints/private_endpoint1\",\r\n
        \ \"etag\": \"W/\\\"6025bcc3-a582-4d5c-98c9-970a521ad104\\\"\",\r\n  \"type\":
        \"Microsoft.Network/privateEndpoints\",\r\n  \"location\": \"centraluseuap\",\r\n
        \ \"properties\": {\r\n    \"provisioningState\": \"Updating\",\r\n    \"resourceGuid\":
        \"e97dd1ab-4d7a-4ba9-a25d-8d40800021e5\",\r\n    \"privateLinkServiceConnections\":
        [],\r\n    \"manualPrivateLinkServiceConnections\": [\r\n      {\r\n        \"name\":
        \"private_endpoint_connection1\",\r\n        \"id\": \"/subscriptions/00000000-0000-0000-0000-000000000000/resourceGroups/clitest.rg000001/providers/Microsoft.Network/privateEndpoints/private_endpoint1/manualPrivateLinkServiceConnections/private_endpoint_connection1\",\r\n
        \       \"etag\": \"W/\\\"6025bcc3-a582-4d5c-98c9-970a521ad104\\\"\",\r\n
        \       \"properties\": {\r\n          \"provisioningState\": \"Succeeded\",\r\n
        \         \"privateLinkServiceId\": \"/subscriptions/00000000-0000-0000-0000-000000000000/resourceGroups/clitest.rg000001/providers/Microsoft.SignalRService/WebPubSub/webpubsub000002\",\r\n
        \         \"groupIds\": [\r\n            \"webpubsub\"\r\n          ],\r\n
        \         \"privateLinkServiceConnectionState\": {\r\n            \"status\":
        \"Pending\",\r\n            \"description\": \"Awaiting Approval\",\r\n            \"actionsRequired\":
        \"None\"\r\n          }\r\n        },\r\n        \"type\": \"Microsoft.Network/privateEndpoints/manualPrivateLinkServiceConnections\"\r\n
        \     }\r\n    ],\r\n    \"subnet\": {\r\n      \"id\": \"/subscriptions/00000000-0000-0000-0000-000000000000/resourceGroups/clitest.rg000001/providers/Microsoft.Network/virtualNetworks/vnet1/subnets/subnet1\"\r\n
        \   },\r\n    \"networkInterfaces\": [\r\n      {\r\n        \"id\": \"/subscriptions/00000000-0000-0000-0000-000000000000/resourceGroups/clitest.rg000001/providers/Microsoft.Network/networkInterfaces/private_endpoint1.nic.7bb81986-93d3-4d61-8e90-a0de2d18b994\"\r\n
        \     }\r\n    ],\r\n    \"customDnsConfigs\": []\r\n  }\r\n}"
    headers:
      azure-asyncnotification:
      - Enabled
      azure-asyncoperation:
      - https://management.azure.com/subscriptions/00000000-0000-0000-0000-000000000000/providers/Microsoft.Network/locations/centraluseuap/operations/4958e094-d5e5-489a-83a7-8f2c1272cec4?api-version=2020-11-01
      cache-control:
      - no-cache
      content-length:
      - '2015'
      content-type:
      - application/json; charset=utf-8
      date:
      - Tue, 20 Apr 2021 02:44:22 GMT
      expires:
      - '-1'
      pragma:
      - no-cache
      server:
      - Microsoft-HTTPAPI/2.0
      - Microsoft-HTTPAPI/2.0
      strict-transport-security:
      - max-age=31536000; includeSubDomains
      x-content-type-options:
      - nosniff
      x-ms-arm-service-request-id:
      - 190f5f91-e01a-4e37-be07-d3b779691eed
      x-ms-ratelimit-remaining-subscription-writes:
      - '1199'
    status:
      code: 201
      message: Created
- request:
    body: null
    headers:
      Accept:
      - '*/*'
      Accept-Encoding:
      - gzip, deflate
      CommandName:
      - network private-endpoint create
      Connection:
      - keep-alive
      ParameterSetName:
      - --resource-group --vnet-name --subnet --name --private-connection-resource-id
        --group-ids --connection-name --location --manual-request
      User-Agent:
      - AZURECLI/2.22.0 azsdk-python-azure-mgmt-network/18.0.0 Python/3.9.2 (Windows-10-10.0.19041-SP0)
    method: GET
    uri: https://management.azure.com/subscriptions/00000000-0000-0000-0000-000000000000/providers/Microsoft.Network/locations/centraluseuap/operations/4958e094-d5e5-489a-83a7-8f2c1272cec4?api-version=2020-11-01
  response:
    body:
      string: "{\r\n  \"status\": \"InProgress\"\r\n}"
    headers:
      cache-control:
      - no-cache
      content-length:
      - '30'
      content-type:
      - application/json; charset=utf-8
      date:
      - Tue, 20 Apr 2021 02:44:33 GMT
      expires:
      - '-1'
      pragma:
      - no-cache
      server:
      - Microsoft-HTTPAPI/2.0
      - Microsoft-HTTPAPI/2.0
      strict-transport-security:
      - max-age=31536000; includeSubDomains
      transfer-encoding:
      - chunked
      vary:
      - Accept-Encoding
      x-content-type-options:
      - nosniff
      x-ms-arm-service-request-id:
      - 73ca8c50-65e9-4144-8412-ab7727c77faf
    status:
      code: 200
      message: OK
- request:
    body: null
    headers:
      Accept:
      - '*/*'
      Accept-Encoding:
      - gzip, deflate
      CommandName:
      - network private-endpoint create
      Connection:
      - keep-alive
      ParameterSetName:
      - --resource-group --vnet-name --subnet --name --private-connection-resource-id
        --group-ids --connection-name --location --manual-request
      User-Agent:
      - AZURECLI/2.22.0 azsdk-python-azure-mgmt-network/18.0.0 Python/3.9.2 (Windows-10-10.0.19041-SP0)
    method: GET
    uri: https://management.azure.com/subscriptions/00000000-0000-0000-0000-000000000000/providers/Microsoft.Network/locations/centraluseuap/operations/4958e094-d5e5-489a-83a7-8f2c1272cec4?api-version=2020-11-01
  response:
    body:
      string: "{\r\n  \"status\": \"Succeeded\"\r\n}"
    headers:
      cache-control:
      - no-cache
      content-length:
      - '29'
      content-type:
      - application/json; charset=utf-8
      date:
      - Tue, 20 Apr 2021 02:44:53 GMT
      expires:
      - '-1'
      pragma:
      - no-cache
      server:
      - Microsoft-HTTPAPI/2.0
      - Microsoft-HTTPAPI/2.0
      strict-transport-security:
      - max-age=31536000; includeSubDomains
      transfer-encoding:
      - chunked
      vary:
      - Accept-Encoding
      x-content-type-options:
      - nosniff
      x-ms-arm-service-request-id:
      - 9c588925-cee2-4b47-828a-4dc1ff5fd102
    status:
      code: 200
      message: OK
- request:
    body: null
    headers:
      Accept:
      - '*/*'
      Accept-Encoding:
      - gzip, deflate
      CommandName:
      - network private-endpoint create
      Connection:
      - keep-alive
      ParameterSetName:
      - --resource-group --vnet-name --subnet --name --private-connection-resource-id
        --group-ids --connection-name --location --manual-request
      User-Agent:
      - AZURECLI/2.22.0 azsdk-python-azure-mgmt-network/18.0.0 Python/3.9.2 (Windows-10-10.0.19041-SP0)
    method: GET
    uri: https://management.azure.com/subscriptions/00000000-0000-0000-0000-000000000000/resourceGroups/clitest.rg000001/providers/Microsoft.Network/privateEndpoints/private_endpoint1?api-version=2020-11-01
  response:
    body:
      string: "{\r\n  \"name\": \"private_endpoint1\",\r\n  \"id\": \"/subscriptions/00000000-0000-0000-0000-000000000000/resourceGroups/clitest.rg000001/providers/Microsoft.Network/privateEndpoints/private_endpoint1\",\r\n
        \ \"etag\": \"W/\\\"77b8c41d-c2e5-4294-8ba1-1b14c58edcf8\\\"\",\r\n  \"type\":
        \"Microsoft.Network/privateEndpoints\",\r\n  \"location\": \"centraluseuap\",\r\n
        \ \"properties\": {\r\n    \"provisioningState\": \"Succeeded\",\r\n    \"resourceGuid\":
        \"e97dd1ab-4d7a-4ba9-a25d-8d40800021e5\",\r\n    \"privateLinkServiceConnections\":
        [],\r\n    \"manualPrivateLinkServiceConnections\": [\r\n      {\r\n        \"name\":
        \"private_endpoint_connection1\",\r\n        \"id\": \"/subscriptions/00000000-0000-0000-0000-000000000000/resourceGroups/clitest.rg000001/providers/Microsoft.Network/privateEndpoints/private_endpoint1/manualPrivateLinkServiceConnections/private_endpoint_connection1\",\r\n
        \       \"etag\": \"W/\\\"77b8c41d-c2e5-4294-8ba1-1b14c58edcf8\\\"\",\r\n
        \       \"properties\": {\r\n          \"provisioningState\": \"Succeeded\",\r\n
        \         \"privateLinkServiceId\": \"/subscriptions/00000000-0000-0000-0000-000000000000/resourceGroups/clitest.rg000001/providers/Microsoft.SignalRService/WebPubSub/webpubsub000002\",\r\n
        \         \"groupIds\": [\r\n            \"webpubsub\"\r\n          ],\r\n
        \         \"privateLinkServiceConnectionState\": {\r\n            \"status\":
        \"Pending\",\r\n            \"description\": \"\",\r\n            \"actionsRequired\":
        \"None\"\r\n          }\r\n        },\r\n        \"type\": \"Microsoft.Network/privateEndpoints/manualPrivateLinkServiceConnections\"\r\n
        \     }\r\n    ],\r\n    \"subnet\": {\r\n      \"id\": \"/subscriptions/00000000-0000-0000-0000-000000000000/resourceGroups/clitest.rg000001/providers/Microsoft.Network/virtualNetworks/vnet1/subnets/subnet1\"\r\n
        \   },\r\n    \"networkInterfaces\": [\r\n      {\r\n        \"id\": \"/subscriptions/00000000-0000-0000-0000-000000000000/resourceGroups/clitest.rg000001/providers/Microsoft.Network/networkInterfaces/private_endpoint1.nic.7bb81986-93d3-4d61-8e90-a0de2d18b994\"\r\n
        \     }\r\n    ],\r\n    \"customDnsConfigs\": []\r\n  }\r\n}"
    headers:
      cache-control:
      - no-cache
      content-length:
      - '1999'
      content-type:
      - application/json; charset=utf-8
      date:
      - Tue, 20 Apr 2021 02:44:53 GMT
      etag:
      - W/"77b8c41d-c2e5-4294-8ba1-1b14c58edcf8"
      expires:
      - '-1'
      pragma:
      - no-cache
      server:
      - Microsoft-HTTPAPI/2.0
      - Microsoft-HTTPAPI/2.0
      strict-transport-security:
      - max-age=31536000; includeSubDomains
      transfer-encoding:
      - chunked
      vary:
      - Accept-Encoding
      x-content-type-options:
      - nosniff
      x-ms-arm-service-request-id:
      - ce0dbae8-26c2-4c58-b2d1-022378735715
    status:
      code: 200
      message: OK
- request:
    body: null
    headers:
      Accept:
      - '*/*'
      Accept-Encoding:
      - gzip, deflate
      CommandName:
      - network private-link-resource list
      Connection:
      - keep-alive
      ParameterSetName:
      - -n -g --type
      User-Agent:
      - python/3.9.2 (Windows-10-10.0.19041-SP0) AZURECLI/2.22.0
    method: GET
    uri: https://management.azure.com/subscriptions/00000000-0000-0000-0000-000000000000/resourceGroups/clitest.rg000001/providers/Microsoft.SignalRService/WebPubSub/webpubsub000002/privateLinkResources?api-version=2021-04-01-preview
  response:
    body:
      string: '{"value":[{"properties":{"groupId":"webpubsub","requiredMembers":["webpubsub"],"requiredZoneNames":["privatelink.webpubsub.azure.com"],"shareablePrivateLinkResourceTypes":[{"name":"site","properties":{"description":"Azure
        App Service can be used as an upstream","groupId":"sites","type":"Microsoft.Web/sites"}}]},"id":"/subscriptions/00000000-0000-0000-0000-000000000000/resourceGroups/clitest.rg000001/providers/Microsoft.SignalRService/WebPubSub/webpubsub000002/privateLinkResources/webpubsub","name":"webpubsub","type":"privateLinkResources"}]}'
    headers:
      cache-control:
      - no-cache
      content-length:
      - '552'
      content-type:
      - application/json; charset=utf-8
      date:
      - Tue, 20 Apr 2021 02:44:54 GMT
      expires:
      - '-1'
      pragma:
      - no-cache
      server:
      - Kestrel
      strict-transport-security:
      - max-age=31536000; includeSubDomains
      transfer-encoding:
      - chunked
      vary:
      - Accept-Encoding
      x-content-type-options:
      - nosniff
      x-rp-server-mvid:
      - a2f7c14d-3749-40f0-a36e-ddee0281a049
    status:
      code: 200
      message: OK
- request:
    body: null
    headers:
      Accept:
      - application/json
      Accept-Encoding:
      - gzip, deflate
      CommandName:
      - webpubsub show
      Connection:
      - keep-alive
      ParameterSetName:
      - -n -g
      User-Agent:
      - python/3.9.2 (Windows-10-10.0.19041-SP0) msrest/0.6.21 msrest_azure/0.6.3
        azure-mgmt-webpubsub/0.1.0 Azure-SDK-For-Python AZURECLI/2.22.0
      accept-language:
      - en-US
    method: GET
    uri: https://management.azure.com/subscriptions/00000000-0000-0000-0000-000000000000/resourceGroups/clitest.rg000001/providers/Microsoft.SignalRService/webPubSub/webpubsub000002?api-version=2021-04-01-preview
  response:
    body:
      string: '{"sku":{"name":"Standard_S1","tier":"Standard","size":"S1","capacity":1},"properties":{"provisioningState":"Succeeded","externalIP":"168.61.142.65","hostName":"webpubsub000002.webpubsub.azure.com","publicPort":443,"serverPort":443,"version":"1.0","privateEndpointConnections":[{"properties":{"provisioningState":"Succeeded","privateEndpoint":{"id":"/subscriptions/00000000-0000-0000-0000-000000000000/resourceGroups/clitest.rg000001/providers/Microsoft.Network/privateEndpoints/private_endpoint1"},"privateLinkServiceConnectionState":{"status":"Pending","description":null,"actionsRequired":"None"}},"id":"/subscriptions/00000000-0000-0000-0000-000000000000/resourceGroups/clitest.rg000001/providers/Microsoft.SignalRService/WebPubSub/webpubsub000002/privateEndpointConnections/webpubsub000002.155525fb-c285-4956-ad29-11b1353c1bf0","name":"webpubsub000002.155525fb-c285-4956-ad29-11b1353c1bf0","type":"Microsoft.SignalRService/WebPubSub/privateEndpointConnections"}],"sharedPrivateLinkResources":[],"tls":{"clientCertEnabled":false},"features":[{"flag":"EnableConnectivityLogs","value":"False","properties":{}},{"flag":"EnableMessagingLogs","value":"False","properties":{}},{"flag":"EnableLiveTrace","value":"False","properties":{}}],"eventHandler":{"items":null},"networkACLs":{"defaultAction":"Deny","publicNetwork":{"allow":["ServerConnection","ClientConnection","RESTAPI","Trace"],"deny":null},"privateEndpoints":[{"name":"webpubsub000002.155525fb-c285-4956-ad29-11b1353c1bf0","allow":["ServerConnection","ClientConnection","RESTAPI","Trace"],"deny":null}]},"publicNetworkAccess":"Enabled"},"systemData":{"createdBy":"chenyl@microsoft.com","createdByType":"User","createdAt":"2021-04-20T02:42:51.6132591Z","lastModifiedBy":"chenyl@microsoft.com","lastModifiedByType":"User","lastModifiedAt":"2021-04-20T02:42:51.6132591Z"},"location":"centraluseuap","tags":null,"id":"/subscriptions/00000000-0000-0000-0000-000000000000/resourceGroups/clitest.rg000001/providers/Microsoft.SignalRService/WebPubSub/webpubsub000002","name":"webpubsub000002","type":"Microsoft.SignalRService/WebPubSub"}'
    headers:
      cache-control:
      - no-cache
      content-length:
      - '2106'
      content-type:
      - application/json; charset=utf-8
      date:
      - Tue, 20 Apr 2021 02:44:56 GMT
      expires:
      - '-1'
      pragma:
      - no-cache
      server:
      - Kestrel
      strict-transport-security:
      - max-age=31536000; includeSubDomains
      transfer-encoding:
      - chunked
      vary:
      - Accept-Encoding
      x-content-type-options:
      - nosniff
      x-rp-server-mvid:
      - a2f7c14d-3749-40f0-a36e-ddee0281a049
    status:
      code: 200
      message: OK
- request:
    body: null
    headers:
      Accept:
      - '*/*'
      Accept-Encoding:
      - gzip, deflate
      CommandName:
      - network private-endpoint-connection show
      Connection:
      - keep-alive
      ParameterSetName:
      - --id
      User-Agent:
      - python/3.9.2 (Windows-10-10.0.19041-SP0) AZURECLI/2.22.0
    method: GET
    uri: https://management.azure.com/subscriptions/00000000-0000-0000-0000-000000000000/resourceGroups/clitest.rg000001/providers/Microsoft.SignalRService/WebPubSub/webpubsub000002/privateEndpointConnections/webpubsub000002.155525fb-c285-4956-ad29-11b1353c1bf0?api-version=2021-04-01-preview
  response:
    body:
      string: '{"properties":{"provisioningState":"Succeeded","privateEndpoint":{"id":"/subscriptions/00000000-0000-0000-0000-000000000000/resourceGroups/clitest.rg000001/providers/Microsoft.Network/privateEndpoints/private_endpoint1"},"privateLinkServiceConnectionState":{"status":"Pending","description":null,"actionsRequired":"None"}},"id":"/subscriptions/00000000-0000-0000-0000-000000000000/resourceGroups/clitest.rg000001/providers/Microsoft.SignalRService/WebPubSub/webpubsub000002/privateEndpointConnections/webpubsub000002.155525fb-c285-4956-ad29-11b1353c1bf0","name":"webpubsub000002.155525fb-c285-4956-ad29-11b1353c1bf0","type":"Microsoft.SignalRService/WebPubSub/privateEndpointConnections"}'
    headers:
      cache-control:
      - no-cache
      content-length:
      - '699'
      content-type:
      - application/json; charset=utf-8
      date:
      - Tue, 20 Apr 2021 02:44:57 GMT
      expires:
      - '-1'
      pragma:
      - no-cache
      server:
      - Kestrel
      strict-transport-security:
      - max-age=31536000; includeSubDomains
      transfer-encoding:
      - chunked
      vary:
      - Accept-Encoding
      x-content-type-options:
      - nosniff
      x-rp-server-mvid:
      - a2f7c14d-3749-40f0-a36e-ddee0281a049
    status:
      code: 200
      message: OK
- request:
    body: null
    headers:
      Accept:
      - '*/*'
      Accept-Encoding:
      - gzip, deflate
      CommandName:
      - network private-endpoint-connection list
      Connection:
      - keep-alive
      ParameterSetName:
      - --id
      User-Agent:
      - python/3.9.2 (Windows-10-10.0.19041-SP0) AZURECLI/2.22.0
    method: GET
    uri: https://management.azure.com/subscriptions/00000000-0000-0000-0000-000000000000/resourceGroups/clitest.rg000001/providers/Microsoft.SignalRService/WebPubSub/webpubsub000002?api-version=2021-04-01-preview
  response:
    body:
      string: '{"sku":{"name":"Standard_S1","tier":"Standard","size":"S1","capacity":1},"properties":{"provisioningState":"Succeeded","externalIP":"168.61.142.65","hostName":"webpubsub000002.webpubsub.azure.com","publicPort":443,"serverPort":443,"version":"1.0","privateEndpointConnections":[{"properties":{"provisioningState":"Succeeded","privateEndpoint":{"id":"/subscriptions/00000000-0000-0000-0000-000000000000/resourceGroups/clitest.rg000001/providers/Microsoft.Network/privateEndpoints/private_endpoint1"},"privateLinkServiceConnectionState":{"status":"Pending","description":null,"actionsRequired":"None"}},"id":"/subscriptions/00000000-0000-0000-0000-000000000000/resourceGroups/clitest.rg000001/providers/Microsoft.SignalRService/WebPubSub/webpubsub000002/privateEndpointConnections/webpubsub000002.155525fb-c285-4956-ad29-11b1353c1bf0","name":"webpubsub000002.155525fb-c285-4956-ad29-11b1353c1bf0","type":"Microsoft.SignalRService/WebPubSub/privateEndpointConnections"}],"sharedPrivateLinkResources":[],"tls":{"clientCertEnabled":false},"features":[{"flag":"EnableConnectivityLogs","value":"False","properties":{}},{"flag":"EnableMessagingLogs","value":"False","properties":{}},{"flag":"EnableLiveTrace","value":"False","properties":{}}],"eventHandler":{"items":null},"networkACLs":{"defaultAction":"Deny","publicNetwork":{"allow":["ServerConnection","ClientConnection","RESTAPI","Trace"],"deny":null},"privateEndpoints":[{"name":"webpubsub000002.155525fb-c285-4956-ad29-11b1353c1bf0","allow":["ServerConnection","ClientConnection","RESTAPI","Trace"],"deny":null}]},"publicNetworkAccess":"Enabled"},"systemData":{"createdBy":"chenyl@microsoft.com","createdByType":"User","createdAt":"2021-04-20T02:42:51.6132591Z","lastModifiedBy":"chenyl@microsoft.com","lastModifiedByType":"User","lastModifiedAt":"2021-04-20T02:42:51.6132591Z"},"location":"centraluseuap","tags":null,"id":"/subscriptions/00000000-0000-0000-0000-000000000000/resourceGroups/clitest.rg000001/providers/Microsoft.SignalRService/WebPubSub/webpubsub000002","name":"webpubsub000002","type":"Microsoft.SignalRService/WebPubSub"}'
    headers:
      cache-control:
      - no-cache
      content-length:
      - '2106'
      content-type:
      - application/json; charset=utf-8
      date:
      - Tue, 20 Apr 2021 02:44:57 GMT
      expires:
      - '-1'
      pragma:
      - no-cache
      server:
      - Kestrel
      strict-transport-security:
      - max-age=31536000; includeSubDomains
      transfer-encoding:
      - chunked
      vary:
      - Accept-Encoding
      x-content-type-options:
      - nosniff
      x-rp-server-mvid:
      - a2f7c14d-3749-40f0-a36e-ddee0281a049
    status:
      code: 200
      message: OK
- request:
    body: null
    headers:
      Accept:
      - '*/*'
      Accept-Encoding:
      - gzip, deflate
      CommandName:
      - network private-endpoint-connection approve
      Connection:
      - keep-alive
      ParameterSetName:
      - --id
      User-Agent:
      - python/3.9.2 (Windows-10-10.0.19041-SP0) AZURECLI/2.22.0
    method: GET
    uri: https://management.azure.com/subscriptions/00000000-0000-0000-0000-000000000000/resourceGroups/clitest.rg000001/providers/Microsoft.SignalRService/WebPubSub/webpubsub000002/privateEndpointConnections/webpubsub000002.155525fb-c285-4956-ad29-11b1353c1bf0?api-version=2021-04-01-preview
  response:
    body:
      string: '{"properties":{"provisioningState":"Succeeded","privateEndpoint":{"id":"/subscriptions/00000000-0000-0000-0000-000000000000/resourceGroups/clitest.rg000001/providers/Microsoft.Network/privateEndpoints/private_endpoint1"},"privateLinkServiceConnectionState":{"status":"Pending","description":null,"actionsRequired":"None"}},"id":"/subscriptions/00000000-0000-0000-0000-000000000000/resourceGroups/clitest.rg000001/providers/Microsoft.SignalRService/WebPubSub/webpubsub000002/privateEndpointConnections/webpubsub000002.155525fb-c285-4956-ad29-11b1353c1bf0","name":"webpubsub000002.155525fb-c285-4956-ad29-11b1353c1bf0","type":"Microsoft.SignalRService/WebPubSub/privateEndpointConnections"}'
    headers:
      cache-control:
      - no-cache
      content-length:
      - '699'
      content-type:
      - application/json; charset=utf-8
      date:
      - Tue, 20 Apr 2021 02:44:59 GMT
      expires:
      - '-1'
      pragma:
      - no-cache
      server:
      - Kestrel
      strict-transport-security:
      - max-age=31536000; includeSubDomains
      transfer-encoding:
      - chunked
      vary:
      - Accept-Encoding
      x-content-type-options:
      - nosniff
      x-rp-server-mvid:
      - a2f7c14d-3749-40f0-a36e-ddee0281a049
    status:
      code: 200
      message: OK
- request:
    body: '{"properties": {"provisioningState": "Succeeded", "privateEndpoint": {"id":
      "/subscriptions/00000000-0000-0000-0000-000000000000/resourceGroups/clitest.rg000001/providers/Microsoft.Network/privateEndpoints/private_endpoint1"},
      "privateLinkServiceConnectionState": {"status": "Approved", "description": null,
      "actionsRequired": "None"}}, "id": "/subscriptions/00000000-0000-0000-0000-000000000000/resourceGroups/clitest.rg000001/providers/Microsoft.SignalRService/WebPubSub/webpubsub000002/privateEndpointConnections/webpubsub000002.155525fb-c285-4956-ad29-11b1353c1bf0",
      "name": "webpubsub000002.155525fb-c285-4956-ad29-11b1353c1bf0", "type": "Microsoft.SignalRService/WebPubSub/privateEndpointConnections"}'
    headers:
      Accept:
      - '*/*'
      Accept-Encoding:
      - gzip, deflate
      CommandName:
      - network private-endpoint-connection approve
      Connection:
      - keep-alive
      Content-Length:
      - '718'
      Content-Type:
      - application/json
      ParameterSetName:
      - --id
      User-Agent:
      - python/3.9.2 (Windows-10-10.0.19041-SP0) AZURECLI/2.22.0
    method: PUT
    uri: https://management.azure.com/subscriptions/00000000-0000-0000-0000-000000000000/resourceGroups/clitest.rg000001/providers/Microsoft.SignalRService/WebPubSub/webpubsub000002/privateEndpointConnections/webpubsub000002.155525fb-c285-4956-ad29-11b1353c1bf0?api-version=2021-04-01-preview
  response:
    body:
      string: '{"systemData":{"createdBy":"chenyl@microsoft.com","createdByType":"User","createdAt":"2021-04-20T02:45:00.3204885Z","lastModifiedBy":"chenyl@microsoft.com","lastModifiedByType":"User","lastModifiedAt":"2021-04-20T02:45:00.3204885Z"},"properties":{"provisioningState":"Updating","privateEndpoint":{"id":"/subscriptions/00000000-0000-0000-0000-000000000000/resourceGroups/clitest.rg000001/providers/Microsoft.Network/privateEndpoints/private_endpoint1"},"privateLinkServiceConnectionState":{"status":"Approved","description":null,"actionsRequired":"None"}},"id":"/subscriptions/00000000-0000-0000-0000-000000000000/resourceGroups/clitest.rg000001/providers/Microsoft.SignalRService/WebPubSub/webpubsub000002/privateEndpointConnections/webpubsub000002.155525fb-c285-4956-ad29-11b1353c1bf0","name":"webpubsub000002.155525fb-c285-4956-ad29-11b1353c1bf0","type":"Microsoft.SignalRService/WebPubSub/privateEndpointConnections"}'
    headers:
      azure-asyncoperation:
      - https://management.azure.com/subscriptions/00000000-0000-0000-0000-000000000000/resourceGroups/clitest.rg000001/providers/Microsoft.SignalRService/locations/centraluseuap/operationStatuses/fb5cfecf-e10e-4a4a-ae82-6a13a5fc4931/WebPubSub/webpubsub000002?api-version=2021-04-01-preview
      cache-control:
      - no-cache
      content-length:
      - '931'
      content-type:
      - application/json; charset=utf-8
      date:
      - Tue, 20 Apr 2021 02:45:00 GMT
      expires:
      - '-1'
      pragma:
      - no-cache
      server:
      - Kestrel
      strict-transport-security:
      - max-age=31536000; includeSubDomains
      transfer-encoding:
      - chunked
      vary:
      - Accept-Encoding
      x-content-type-options:
      - nosniff
      x-ms-ratelimit-remaining-subscription-writes:
      - '1198'
      x-rp-server-mvid:
      - a2f7c14d-3749-40f0-a36e-ddee0281a049
    status:
      code: 200
      message: OK
- request:
    body: null
    headers:
      Accept:
      - '*/*'
      Accept-Encoding:
      - gzip, deflate
      CommandName:
      - network private-endpoint-connection approve
      Connection:
      - keep-alive
      ParameterSetName:
      - --id
      User-Agent:
      - python/3.9.2 (Windows-10-10.0.19041-SP0) AZURECLI/2.22.0
    method: GET
    uri: https://management.azure.com/subscriptions/00000000-0000-0000-0000-000000000000/resourceGroups/clitest.rg000001/providers/Microsoft.SignalRService/WebPubSub/webpubsub000002/privateEndpointConnections/webpubsub000002.155525fb-c285-4956-ad29-11b1353c1bf0?api-version=2021-04-01-preview
  response:
    body:
      string: '{"systemData":{"createdBy":"chenyl@microsoft.com","createdByType":"User","createdAt":"2021-04-20T02:45:00.3204885Z","lastModifiedBy":"chenyl@microsoft.com","lastModifiedByType":"User","lastModifiedAt":"2021-04-20T02:45:00.3204885Z"},"properties":{"provisioningState":"Updating","privateEndpoint":{"id":"/subscriptions/00000000-0000-0000-0000-000000000000/resourceGroups/clitest.rg000001/providers/Microsoft.Network/privateEndpoints/private_endpoint1"},"privateLinkServiceConnectionState":{"status":"Approved","description":null,"actionsRequired":"None"}},"id":"/subscriptions/00000000-0000-0000-0000-000000000000/resourceGroups/clitest.rg000001/providers/Microsoft.SignalRService/WebPubSub/webpubsub000002/privateEndpointConnections/webpubsub000002.155525fb-c285-4956-ad29-11b1353c1bf0","name":"webpubsub000002.155525fb-c285-4956-ad29-11b1353c1bf0","type":"Microsoft.SignalRService/WebPubSub/privateEndpointConnections"}'
    headers:
      cache-control:
      - no-cache
      content-length:
      - '931'
      content-type:
      - application/json; charset=utf-8
      date:
      - Tue, 20 Apr 2021 02:45:11 GMT
      expires:
      - '-1'
      pragma:
      - no-cache
      server:
      - Kestrel
      strict-transport-security:
      - max-age=31536000; includeSubDomains
      transfer-encoding:
      - chunked
      vary:
      - Accept-Encoding
      x-content-type-options:
      - nosniff
      x-rp-server-mvid:
      - a2f7c14d-3749-40f0-a36e-ddee0281a049
    status:
      code: 200
      message: OK
- request:
    body: null
    headers:
      Accept:
      - '*/*'
      Accept-Encoding:
      - gzip, deflate
      CommandName:
      - network private-endpoint-connection approve
      Connection:
      - keep-alive
      ParameterSetName:
      - --id
      User-Agent:
      - python/3.9.2 (Windows-10-10.0.19041-SP0) AZURECLI/2.22.0
    method: GET
    uri: https://management.azure.com/subscriptions/00000000-0000-0000-0000-000000000000/resourceGroups/clitest.rg000001/providers/Microsoft.SignalRService/WebPubSub/webpubsub000002/privateEndpointConnections/webpubsub000002.155525fb-c285-4956-ad29-11b1353c1bf0?api-version=2021-04-01-preview
  response:
    body:
      string: '{"systemData":{"createdBy":"chenyl@microsoft.com","createdByType":"User","createdAt":"2021-04-20T02:45:00.3204885Z","lastModifiedBy":"chenyl@microsoft.com","lastModifiedByType":"User","lastModifiedAt":"2021-04-20T02:45:00.3204885Z"},"properties":{"provisioningState":"Updating","privateEndpoint":{"id":"/subscriptions/00000000-0000-0000-0000-000000000000/resourceGroups/clitest.rg000001/providers/Microsoft.Network/privateEndpoints/private_endpoint1"},"privateLinkServiceConnectionState":{"status":"Approved","description":null,"actionsRequired":"None"}},"id":"/subscriptions/00000000-0000-0000-0000-000000000000/resourceGroups/clitest.rg000001/providers/Microsoft.SignalRService/WebPubSub/webpubsub000002/privateEndpointConnections/webpubsub000002.155525fb-c285-4956-ad29-11b1353c1bf0","name":"webpubsub000002.155525fb-c285-4956-ad29-11b1353c1bf0","type":"Microsoft.SignalRService/WebPubSub/privateEndpointConnections"}'
    headers:
      cache-control:
      - no-cache
      content-length:
      - '931'
      content-type:
      - application/json; charset=utf-8
      date:
      - Tue, 20 Apr 2021 02:45:22 GMT
      expires:
      - '-1'
      pragma:
      - no-cache
      server:
      - Kestrel
      strict-transport-security:
      - max-age=31536000; includeSubDomains
      transfer-encoding:
      - chunked
      vary:
      - Accept-Encoding
      x-content-type-options:
      - nosniff
      x-rp-server-mvid:
      - a2f7c14d-3749-40f0-a36e-ddee0281a049
    status:
      code: 200
      message: OK
- request:
    body: null
    headers:
      Accept:
      - '*/*'
      Accept-Encoding:
      - gzip, deflate
      CommandName:
      - network private-endpoint-connection approve
      Connection:
      - keep-alive
      ParameterSetName:
      - --id
      User-Agent:
      - python/3.9.2 (Windows-10-10.0.19041-SP0) AZURECLI/2.22.0
    method: GET
    uri: https://management.azure.com/subscriptions/00000000-0000-0000-0000-000000000000/resourceGroups/clitest.rg000001/providers/Microsoft.SignalRService/WebPubSub/webpubsub000002/privateEndpointConnections/webpubsub000002.155525fb-c285-4956-ad29-11b1353c1bf0?api-version=2021-04-01-preview
  response:
    body:
      string: '{"systemData":{"createdBy":"chenyl@microsoft.com","createdByType":"User","createdAt":"2021-04-20T02:45:00.3204885Z","lastModifiedBy":"chenyl@microsoft.com","lastModifiedByType":"User","lastModifiedAt":"2021-04-20T02:45:00.3204885Z"},"properties":{"provisioningState":"Succeeded","privateEndpoint":{"id":"/subscriptions/00000000-0000-0000-0000-000000000000/resourceGroups/clitest.rg000001/providers/Microsoft.Network/privateEndpoints/private_endpoint1"},"privateLinkServiceConnectionState":{"status":"Approved","description":null,"actionsRequired":"None"}},"id":"/subscriptions/00000000-0000-0000-0000-000000000000/resourceGroups/clitest.rg000001/providers/Microsoft.SignalRService/WebPubSub/webpubsub000002/privateEndpointConnections/webpubsub000002.155525fb-c285-4956-ad29-11b1353c1bf0","name":"webpubsub000002.155525fb-c285-4956-ad29-11b1353c1bf0","type":"Microsoft.SignalRService/WebPubSub/privateEndpointConnections"}'
    headers:
      cache-control:
      - no-cache
      content-length:
      - '932'
      content-type:
      - application/json; charset=utf-8
      date:
      - Tue, 20 Apr 2021 02:45:33 GMT
      expires:
      - '-1'
      pragma:
      - no-cache
      server:
      - Kestrel
      strict-transport-security:
      - max-age=31536000; includeSubDomains
      transfer-encoding:
      - chunked
      vary:
      - Accept-Encoding
      x-content-type-options:
      - nosniff
      x-rp-server-mvid:
      - a2f7c14d-3749-40f0-a36e-ddee0281a049
    status:
      code: 200
      message: OK
- request:
    body: null
    headers:
      Accept:
      - '*/*'
      Accept-Encoding:
      - gzip, deflate
      CommandName:
      - network private-endpoint-connection reject
      Connection:
      - keep-alive
      ParameterSetName:
      - --id
      User-Agent:
      - python/3.9.2 (Windows-10-10.0.19041-SP0) AZURECLI/2.22.0
    method: GET
    uri: https://management.azure.com/subscriptions/00000000-0000-0000-0000-000000000000/resourceGroups/clitest.rg000001/providers/Microsoft.SignalRService/WebPubSub/webpubsub000002/privateEndpointConnections/webpubsub000002.155525fb-c285-4956-ad29-11b1353c1bf0?api-version=2021-04-01-preview
  response:
    body:
      string: '{"systemData":{"createdBy":"chenyl@microsoft.com","createdByType":"User","createdAt":"2021-04-20T02:45:00.3204885Z","lastModifiedBy":"chenyl@microsoft.com","lastModifiedByType":"User","lastModifiedAt":"2021-04-20T02:45:00.3204885Z"},"properties":{"provisioningState":"Succeeded","privateEndpoint":{"id":"/subscriptions/00000000-0000-0000-0000-000000000000/resourceGroups/clitest.rg000001/providers/Microsoft.Network/privateEndpoints/private_endpoint1"},"privateLinkServiceConnectionState":{"status":"Approved","description":null,"actionsRequired":"None"}},"id":"/subscriptions/00000000-0000-0000-0000-000000000000/resourceGroups/clitest.rg000001/providers/Microsoft.SignalRService/WebPubSub/webpubsub000002/privateEndpointConnections/webpubsub000002.155525fb-c285-4956-ad29-11b1353c1bf0","name":"webpubsub000002.155525fb-c285-4956-ad29-11b1353c1bf0","type":"Microsoft.SignalRService/WebPubSub/privateEndpointConnections"}'
    headers:
      cache-control:
      - no-cache
      content-length:
      - '932'
      content-type:
      - application/json; charset=utf-8
      date:
      - Tue, 20 Apr 2021 02:45:33 GMT
      expires:
      - '-1'
      pragma:
      - no-cache
      server:
      - Kestrel
      strict-transport-security:
      - max-age=31536000; includeSubDomains
      transfer-encoding:
      - chunked
      vary:
      - Accept-Encoding
      x-content-type-options:
      - nosniff
      x-rp-server-mvid:
      - a2f7c14d-3749-40f0-a36e-ddee0281a049
    status:
      code: 200
      message: OK
- request:
    body: '{"systemData": {"createdBy": "chenyl@microsoft.com", "createdByType": "User",
      "createdAt": "2021-04-20T02:45:00.3204885Z", "lastModifiedBy": "chenyl@microsoft.com",
      "lastModifiedByType": "User", "lastModifiedAt": "2021-04-20T02:45:00.3204885Z"},
      "properties": {"provisioningState": "Succeeded", "privateEndpoint": {"id": "/subscriptions/00000000-0000-0000-0000-000000000000/resourceGroups/clitest.rg000001/providers/Microsoft.Network/privateEndpoints/private_endpoint1"},
      "privateLinkServiceConnectionState": {"status": "Rejected", "description": null,
      "actionsRequired": "None"}}, "id": "/subscriptions/00000000-0000-0000-0000-000000000000/resourceGroups/clitest.rg000001/providers/Microsoft.SignalRService/WebPubSub/webpubsub000002/privateEndpointConnections/webpubsub000002.155525fb-c285-4956-ad29-11b1353c1bf0",
      "name": "webpubsub000002.155525fb-c285-4956-ad29-11b1353c1bf0", "type": "Microsoft.SignalRService/WebPubSub/privateEndpointConnections"}'
    headers:
      Accept:
      - '*/*'
      Accept-Encoding:
      - gzip, deflate
      CommandName:
      - network private-endpoint-connection reject
      Connection:
      - keep-alive
      Content-Length:
      - '963'
      Content-Type:
      - application/json
      ParameterSetName:
      - --id
      User-Agent:
      - python/3.9.2 (Windows-10-10.0.19041-SP0) AZURECLI/2.22.0
    method: PUT
    uri: https://management.azure.com/subscriptions/00000000-0000-0000-0000-000000000000/resourceGroups/clitest.rg000001/providers/Microsoft.SignalRService/WebPubSub/webpubsub000002/privateEndpointConnections/webpubsub000002.155525fb-c285-4956-ad29-11b1353c1bf0?api-version=2021-04-01-preview
  response:
    body:
      string: '{"systemData":{"createdBy":"chenyl@microsoft.com","createdByType":"User","createdAt":"2021-04-20T02:45:35.2463035Z","lastModifiedBy":"chenyl@microsoft.com","lastModifiedByType":"User","lastModifiedAt":"2021-04-20T02:45:35.2463035Z"},"properties":{"provisioningState":"Updating","privateEndpoint":{"id":"/subscriptions/00000000-0000-0000-0000-000000000000/resourceGroups/clitest.rg000001/providers/Microsoft.Network/privateEndpoints/private_endpoint1"},"privateLinkServiceConnectionState":{"status":"Rejected","description":null,"actionsRequired":"None"}},"id":"/subscriptions/00000000-0000-0000-0000-000000000000/resourceGroups/clitest.rg000001/providers/Microsoft.SignalRService/WebPubSub/webpubsub000002/privateEndpointConnections/webpubsub000002.155525fb-c285-4956-ad29-11b1353c1bf0","name":"webpubsub000002.155525fb-c285-4956-ad29-11b1353c1bf0","type":"Microsoft.SignalRService/WebPubSub/privateEndpointConnections"}'
    headers:
      azure-asyncoperation:
      - https://management.azure.com/subscriptions/00000000-0000-0000-0000-000000000000/resourceGroups/clitest.rg000001/providers/Microsoft.SignalRService/locations/centraluseuap/operationStatuses/150faf61-59b8-4ab9-9d6a-9de3deee7cfe/WebPubSub/webpubsub000002?api-version=2021-04-01-preview
      cache-control:
      - no-cache
      content-length:
      - '931'
      content-type:
      - application/json; charset=utf-8
      date:
      - Tue, 20 Apr 2021 02:45:35 GMT
      expires:
      - '-1'
      pragma:
      - no-cache
      server:
      - Kestrel
      strict-transport-security:
      - max-age=31536000; includeSubDomains
      transfer-encoding:
      - chunked
      vary:
      - Accept-Encoding
      x-content-type-options:
      - nosniff
      x-ms-ratelimit-remaining-subscription-writes:
      - '1197'
      x-rp-server-mvid:
      - a2f7c14d-3749-40f0-a36e-ddee0281a049
    status:
      code: 200
      message: OK
- request:
    body: null
    headers:
      Accept:
      - '*/*'
      Accept-Encoding:
      - gzip, deflate
      CommandName:
      - network private-endpoint-connection reject
      Connection:
      - keep-alive
      ParameterSetName:
      - --id
      User-Agent:
      - python/3.9.2 (Windows-10-10.0.19041-SP0) AZURECLI/2.22.0
    method: GET
    uri: https://management.azure.com/subscriptions/00000000-0000-0000-0000-000000000000/resourceGroups/clitest.rg000001/providers/Microsoft.SignalRService/WebPubSub/webpubsub000002/privateEndpointConnections/webpubsub000002.155525fb-c285-4956-ad29-11b1353c1bf0?api-version=2021-04-01-preview
  response:
    body:
      string: '{"systemData":{"createdBy":"chenyl@microsoft.com","createdByType":"User","createdAt":"2021-04-20T02:45:35.2463035Z","lastModifiedBy":"chenyl@microsoft.com","lastModifiedByType":"User","lastModifiedAt":"2021-04-20T02:45:35.2463035Z"},"properties":{"provisioningState":"Updating","privateEndpoint":{"id":"/subscriptions/00000000-0000-0000-0000-000000000000/resourceGroups/clitest.rg000001/providers/Microsoft.Network/privateEndpoints/private_endpoint1"},"privateLinkServiceConnectionState":{"status":"Rejected","description":null,"actionsRequired":"None"}},"id":"/subscriptions/00000000-0000-0000-0000-000000000000/resourceGroups/clitest.rg000001/providers/Microsoft.SignalRService/WebPubSub/webpubsub000002/privateEndpointConnections/webpubsub000002.155525fb-c285-4956-ad29-11b1353c1bf0","name":"webpubsub000002.155525fb-c285-4956-ad29-11b1353c1bf0","type":"Microsoft.SignalRService/WebPubSub/privateEndpointConnections"}'
    headers:
      cache-control:
      - no-cache
      content-length:
      - '931'
      content-type:
      - application/json; charset=utf-8
      date:
      - Tue, 20 Apr 2021 02:45:46 GMT
      expires:
      - '-1'
      pragma:
      - no-cache
      server:
      - Kestrel
      strict-transport-security:
      - max-age=31536000; includeSubDomains
      transfer-encoding:
      - chunked
      vary:
      - Accept-Encoding
      x-content-type-options:
      - nosniff
      x-rp-server-mvid:
      - a2f7c14d-3749-40f0-a36e-ddee0281a049
    status:
      code: 200
      message: OK
- request:
    body: null
    headers:
      Accept:
      - '*/*'
      Accept-Encoding:
      - gzip, deflate
      CommandName:
      - network private-endpoint-connection reject
      Connection:
      - keep-alive
      ParameterSetName:
      - --id
      User-Agent:
      - python/3.9.2 (Windows-10-10.0.19041-SP0) AZURECLI/2.22.0
    method: GET
    uri: https://management.azure.com/subscriptions/00000000-0000-0000-0000-000000000000/resourceGroups/clitest.rg000001/providers/Microsoft.SignalRService/WebPubSub/webpubsub000002/privateEndpointConnections/webpubsub000002.155525fb-c285-4956-ad29-11b1353c1bf0?api-version=2021-04-01-preview
  response:
    body:
      string: '{"systemData":{"createdBy":"chenyl@microsoft.com","createdByType":"User","createdAt":"2021-04-20T02:45:35.2463035Z","lastModifiedBy":"chenyl@microsoft.com","lastModifiedByType":"User","lastModifiedAt":"2021-04-20T02:45:35.2463035Z"},"properties":{"provisioningState":"Succeeded","privateEndpoint":{"id":"/subscriptions/00000000-0000-0000-0000-000000000000/resourceGroups/clitest.rg000001/providers/Microsoft.Network/privateEndpoints/private_endpoint1"},"privateLinkServiceConnectionState":{"status":"Rejected","description":null,"actionsRequired":"None"}},"id":"/subscriptions/00000000-0000-0000-0000-000000000000/resourceGroups/clitest.rg000001/providers/Microsoft.SignalRService/WebPubSub/webpubsub000002/privateEndpointConnections/webpubsub000002.155525fb-c285-4956-ad29-11b1353c1bf0","name":"webpubsub000002.155525fb-c285-4956-ad29-11b1353c1bf0","type":"Microsoft.SignalRService/WebPubSub/privateEndpointConnections"}'
    headers:
      cache-control:
      - no-cache
      content-length:
      - '932'
      content-type:
      - application/json; charset=utf-8
      date:
      - Tue, 20 Apr 2021 02:45:57 GMT
      expires:
      - '-1'
      pragma:
      - no-cache
      server:
      - Kestrel
      strict-transport-security:
      - max-age=31536000; includeSubDomains
      transfer-encoding:
      - chunked
      vary:
      - Accept-Encoding
      x-content-type-options:
      - nosniff
      x-rp-server-mvid:
      - a2f7c14d-3749-40f0-a36e-ddee0281a049
    status:
      code: 200
      message: OK
- request:
    body: null
    headers:
      Accept:
      - application/json
      Accept-Encoding:
      - gzip, deflate
      CommandName:
      - webpubsub network-rule update
      Connection:
      - keep-alive
      ParameterSetName:
      - --public-network -n -g --allow
      User-Agent:
      - python/3.9.2 (Windows-10-10.0.19041-SP0) msrest/0.6.21 msrest_azure/0.6.3
        azure-mgmt-webpubsub/0.1.0 Azure-SDK-For-Python AZURECLI/2.22.0
      accept-language:
      - en-US
    method: GET
    uri: https://management.azure.com/subscriptions/00000000-0000-0000-0000-000000000000/resourceGroups/clitest.rg000001/providers/Microsoft.SignalRService/webPubSub/webpubsub000002?api-version=2021-04-01-preview
  response:
    body:
      string: '{"sku":{"name":"Standard_S1","tier":"Standard","size":"S1","capacity":1},"properties":{"provisioningState":"Succeeded","externalIP":"168.61.142.65","hostName":"webpubsub000002.webpubsub.azure.com","publicPort":443,"serverPort":443,"version":"1.0","privateEndpointConnections":[{"systemData":{"createdBy":"chenyl@microsoft.com","createdByType":"User","createdAt":"2021-04-20T02:45:35.2463035Z","lastModifiedBy":"chenyl@microsoft.com","lastModifiedByType":"User","lastModifiedAt":"2021-04-20T02:45:35.2463035Z"},"properties":{"provisioningState":"Succeeded","privateEndpoint":{"id":"/subscriptions/00000000-0000-0000-0000-000000000000/resourceGroups/clitest.rg000001/providers/Microsoft.Network/privateEndpoints/private_endpoint1"},"privateLinkServiceConnectionState":{"status":"Rejected","description":null,"actionsRequired":"None"}},"id":"/subscriptions/00000000-0000-0000-0000-000000000000/resourceGroups/clitest.rg000001/providers/Microsoft.SignalRService/WebPubSub/webpubsub000002/privateEndpointConnections/webpubsub000002.155525fb-c285-4956-ad29-11b1353c1bf0","name":"webpubsub000002.155525fb-c285-4956-ad29-11b1353c1bf0","type":"Microsoft.SignalRService/WebPubSub/privateEndpointConnections"}],"sharedPrivateLinkResources":[],"tls":{"clientCertEnabled":false},"features":[{"flag":"EnableConnectivityLogs","value":"False","properties":{}},{"flag":"EnableMessagingLogs","value":"False","properties":{}},{"flag":"EnableLiveTrace","value":"False","properties":{}}],"eventHandler":{"items":null},"networkACLs":{"defaultAction":"Deny","publicNetwork":{"allow":["ServerConnection","ClientConnection","RESTAPI","Trace"],"deny":null},"privateEndpoints":[{"name":"webpubsub000002.155525fb-c285-4956-ad29-11b1353c1bf0","allow":["ServerConnection","ClientConnection","RESTAPI","Trace"],"deny":null}]},"publicNetworkAccess":"Enabled"},"systemData":{"createdBy":"chenyl@microsoft.com","createdByType":"User","createdAt":"2021-04-20T02:42:51.6132591Z","lastModifiedBy":"chenyl@microsoft.com","lastModifiedByType":"User","lastModifiedAt":"2021-04-20T02:42:51.6132591Z"},"location":"centraluseuap","tags":null,"id":"/subscriptions/00000000-0000-0000-0000-000000000000/resourceGroups/clitest.rg000001/providers/Microsoft.SignalRService/WebPubSub/webpubsub000002","name":"webpubsub000002","type":"Microsoft.SignalRService/WebPubSub"}'
    headers:
      cache-control:
      - no-cache
      content-length:
      - '2339'
      content-type:
      - application/json; charset=utf-8
      date:
      - Tue, 20 Apr 2021 02:45:58 GMT
      expires:
      - '-1'
      pragma:
      - no-cache
      server:
      - Kestrel
      strict-transport-security:
      - max-age=31536000; includeSubDomains
      transfer-encoding:
      - chunked
      vary:
      - Accept-Encoding
      x-content-type-options:
      - nosniff
      x-rp-server-mvid:
      - a2f7c14d-3749-40f0-a36e-ddee0281a049
    status:
      code: 200
      message: OK
- request:
    body: '{"properties": {"networkACLs": {"defaultAction": "Deny", "publicNetwork":
      {"allow": ["RESTAPI"], "deny": []}, "privateEndpoints": [{"allow": ["ServerConnection",
      "ClientConnection", "RESTAPI", "Trace"], "name": "webpubsub000002.155525fb-c285-4956-ad29-11b1353c1bf0"}]},
      "publicNetworkAccess": "Enabled"}}'
    headers:
      Accept:
      - application/json
      Accept-Encoding:
      - gzip, deflate
      CommandName:
      - webpubsub network-rule update
      Connection:
      - keep-alive
      Content-Length:
      - '305'
      Content-Type:
      - application/json; charset=utf-8
      ParameterSetName:
      - --public-network -n -g --allow
      User-Agent:
      - python/3.9.2 (Windows-10-10.0.19041-SP0) msrest/0.6.21 msrest_azure/0.6.3
        azure-mgmt-webpubsub/0.1.0 Azure-SDK-For-Python AZURECLI/2.22.0
      accept-language:
      - en-US
    method: PATCH
    uri: https://management.azure.com/subscriptions/00000000-0000-0000-0000-000000000000/resourceGroups/clitest.rg000001/providers/Microsoft.SignalRService/webPubSub/webpubsub000002?api-version=2021-04-01-preview
  response:
    body:
      string: ''
    headers:
      azure-asyncoperation:
      - https://management.azure.com/subscriptions/00000000-0000-0000-0000-000000000000/resourceGroups/clitest.rg000001/providers/Microsoft.SignalRService/locations/centraluseuap/operationStatuses/c04fdf7c-bcd4-4b33-bce0-1f33b10cec59/WebPubSub/webpubsub000002?api-version=2021-04-01-preview
      cache-control:
      - no-cache
      content-length:
      - '0'
      date:
      - Tue, 20 Apr 2021 02:45:59 GMT
      expires:
      - '-1'
      location:
      - https://management.azure.com/subscriptions/00000000-0000-0000-0000-000000000000/resourceGroups/clitest.rg000001/providers/Microsoft.SignalRService/locations/centraluseuap/operationResults/c04fdf7c-bcd4-4b33-bce0-1f33b10cec59/WebPubSub/webpubsub000002?api-version=2021-04-01-preview
      pragma:
      - no-cache
      server:
      - Kestrel
      strict-transport-security:
      - max-age=31536000; includeSubDomains
      x-content-type-options:
      - nosniff
      x-ms-ratelimit-remaining-subscription-writes:
      - '1199'
      x-rp-server-mvid:
      - a2f7c14d-3749-40f0-a36e-ddee0281a049
    status:
      code: 202
      message: Accepted
- request:
    body: null
    headers:
      Accept:
      - application/json
      Accept-Encoding:
      - gzip, deflate
      CommandName:
      - webpubsub network-rule update
      Connection:
      - keep-alive
      ParameterSetName:
      - --public-network -n -g --allow
      User-Agent:
      - python/3.9.2 (Windows-10-10.0.19041-SP0) msrest/0.6.21 msrest_azure/0.6.3
        azure-mgmt-webpubsub/0.1.0 Azure-SDK-For-Python AZURECLI/2.22.0
    method: GET
    uri: https://management.azure.com/subscriptions/00000000-0000-0000-0000-000000000000/resourceGroups/clitest.rg000001/providers/Microsoft.SignalRService/locations/centraluseuap/operationStatuses/c04fdf7c-bcd4-4b33-bce0-1f33b10cec59/WebPubSub/webpubsub000002?api-version=2021-04-01-preview
  response:
    body:
      string: '{"id":"/subscriptions/00000000-0000-0000-0000-000000000000/resourceGroups/clitest.rg000001/providers/Microsoft.SignalRService/locations/centraluseuap/operationStatuses/c04fdf7c-bcd4-4b33-bce0-1f33b10cec59/WebPubSub/webpubsub000002","name":"c04fdf7c-bcd4-4b33-bce0-1f33b10cec59","status":"Running","startTime":"2021-04-20T02:45:59.7559188Z"}'
    headers:
      cache-control:
      - no-cache
      content-length:
      - '345'
      content-type:
      - application/json; charset=utf-8
      date:
      - Tue, 20 Apr 2021 02:46:30 GMT
      expires:
      - '-1'
      pragma:
      - no-cache
      server:
      - Kestrel
      strict-transport-security:
      - max-age=31536000; includeSubDomains
      transfer-encoding:
      - chunked
      vary:
      - Accept-Encoding
      x-content-type-options:
      - nosniff
      x-rp-server-mvid:
      - a2f7c14d-3749-40f0-a36e-ddee0281a049
    status:
      code: 200
      message: OK
- request:
    body: null
    headers:
      Accept:
      - application/json
      Accept-Encoding:
      - gzip, deflate
      CommandName:
      - webpubsub network-rule update
      Connection:
      - keep-alive
      ParameterSetName:
      - --public-network -n -g --allow
      User-Agent:
      - python/3.9.2 (Windows-10-10.0.19041-SP0) msrest/0.6.21 msrest_azure/0.6.3
        azure-mgmt-webpubsub/0.1.0 Azure-SDK-For-Python AZURECLI/2.22.0
    method: GET
    uri: https://management.azure.com/subscriptions/00000000-0000-0000-0000-000000000000/resourceGroups/clitest.rg000001/providers/Microsoft.SignalRService/locations/centraluseuap/operationStatuses/c04fdf7c-bcd4-4b33-bce0-1f33b10cec59/WebPubSub/webpubsub000002?api-version=2021-04-01-preview
  response:
    body:
      string: '{"id":"/subscriptions/00000000-0000-0000-0000-000000000000/resourceGroups/clitest.rg000001/providers/Microsoft.SignalRService/locations/centraluseuap/operationStatuses/c04fdf7c-bcd4-4b33-bce0-1f33b10cec59/WebPubSub/webpubsub000002","name":"c04fdf7c-bcd4-4b33-bce0-1f33b10cec59","status":"Running","startTime":"2021-04-20T02:45:59.7559188Z"}'
    headers:
      cache-control:
      - no-cache
      content-length:
      - '345'
      content-type:
      - application/json; charset=utf-8
      date:
      - Tue, 20 Apr 2021 02:47:00 GMT
      expires:
      - '-1'
      pragma:
      - no-cache
      server:
      - Kestrel
      strict-transport-security:
      - max-age=31536000; includeSubDomains
      transfer-encoding:
      - chunked
      vary:
      - Accept-Encoding
      x-content-type-options:
      - nosniff
      x-rp-server-mvid:
      - a2f7c14d-3749-40f0-a36e-ddee0281a049
    status:
      code: 200
      message: OK
- request:
    body: null
    headers:
      Accept:
      - application/json
      Accept-Encoding:
      - gzip, deflate
      CommandName:
      - webpubsub network-rule update
      Connection:
      - keep-alive
      ParameterSetName:
      - --public-network -n -g --allow
      User-Agent:
      - python/3.9.2 (Windows-10-10.0.19041-SP0) msrest/0.6.21 msrest_azure/0.6.3
        azure-mgmt-webpubsub/0.1.0 Azure-SDK-For-Python AZURECLI/2.22.0
    method: GET
    uri: https://management.azure.com/subscriptions/00000000-0000-0000-0000-000000000000/resourceGroups/clitest.rg000001/providers/Microsoft.SignalRService/locations/centraluseuap/operationStatuses/c04fdf7c-bcd4-4b33-bce0-1f33b10cec59/WebPubSub/webpubsub000002?api-version=2021-04-01-preview
  response:
    body:
      string: '{"id":"/subscriptions/00000000-0000-0000-0000-000000000000/resourceGroups/clitest.rg000001/providers/Microsoft.SignalRService/locations/centraluseuap/operationStatuses/c04fdf7c-bcd4-4b33-bce0-1f33b10cec59/WebPubSub/webpubsub000002","name":"c04fdf7c-bcd4-4b33-bce0-1f33b10cec59","status":"Succeeded","startTime":"2021-04-20T02:45:59.7559188Z","endTime":"2021-04-20T02:47:13.8148915Z"}'
    headers:
      cache-control:
      - no-cache
      content-length:
      - '388'
      content-type:
      - application/json; charset=utf-8
      date:
      - Tue, 20 Apr 2021 02:47:31 GMT
      expires:
      - '-1'
      pragma:
      - no-cache
      server:
      - Kestrel
      strict-transport-security:
      - max-age=31536000; includeSubDomains
      transfer-encoding:
      - chunked
      vary:
      - Accept-Encoding
      x-content-type-options:
      - nosniff
      x-rp-server-mvid:
      - a2f7c14d-3749-40f0-a36e-ddee0281a049
    status:
      code: 200
      message: OK
- request:
    body: null
    headers:
      Accept:
      - application/json
      Accept-Encoding:
      - gzip, deflate
      CommandName:
      - webpubsub network-rule update
      Connection:
      - keep-alive
      ParameterSetName:
      - --public-network -n -g --allow
      User-Agent:
      - python/3.9.2 (Windows-10-10.0.19041-SP0) msrest/0.6.21 msrest_azure/0.6.3
        azure-mgmt-webpubsub/0.1.0 Azure-SDK-For-Python AZURECLI/2.22.0
    method: GET
    uri: https://management.azure.com/subscriptions/00000000-0000-0000-0000-000000000000/resourceGroups/clitest.rg000001/providers/Microsoft.SignalRService/webPubSub/webpubsub000002?api-version=2021-04-01-preview
  response:
    body:
      string: '{"sku":{"name":"Standard_S1","tier":"Standard","size":"S1","capacity":1},"properties":{"provisioningState":"Succeeded","externalIP":"168.61.142.65","hostName":"webpubsub000002.webpubsub.azure.com","publicPort":443,"serverPort":443,"version":"1.0","privateEndpointConnections":[{"systemData":{"createdBy":"chenyl@microsoft.com","createdByType":"User","createdAt":"2021-04-20T02:45:35.2463035Z","lastModifiedBy":"chenyl@microsoft.com","lastModifiedByType":"User","lastModifiedAt":"2021-04-20T02:45:35.2463035Z"},"properties":{"provisioningState":"Succeeded","privateEndpoint":{"id":"/subscriptions/00000000-0000-0000-0000-000000000000/resourceGroups/clitest.rg000001/providers/Microsoft.Network/privateEndpoints/private_endpoint1"},"privateLinkServiceConnectionState":{"status":"Rejected","description":null,"actionsRequired":"None"}},"id":"/subscriptions/00000000-0000-0000-0000-000000000000/resourceGroups/clitest.rg000001/providers/Microsoft.SignalRService/WebPubSub/webpubsub000002/privateEndpointConnections/webpubsub000002.155525fb-c285-4956-ad29-11b1353c1bf0","name":"webpubsub000002.155525fb-c285-4956-ad29-11b1353c1bf0","type":"Microsoft.SignalRService/WebPubSub/privateEndpointConnections"}],"sharedPrivateLinkResources":[],"tls":{"clientCertEnabled":false},"features":[{"flag":"EnableConnectivityLogs","value":"False","properties":{}},{"flag":"EnableMessagingLogs","value":"False","properties":{}},{"flag":"EnableLiveTrace","value":"False","properties":{}}],"eventHandler":{"items":null},"networkACLs":{"defaultAction":"Deny","publicNetwork":{"allow":["RESTAPI"],"deny":[]},"privateEndpoints":[{"name":"webpubsub000002.155525fb-c285-4956-ad29-11b1353c1bf0","allow":["ServerConnection","ClientConnection","RESTAPI","Trace"],"deny":null}]},"publicNetworkAccess":"Enabled"},"systemData":{"createdBy":"chenyl@microsoft.com","createdByType":"User","createdAt":"2021-04-20T02:42:51.6132591Z","lastModifiedBy":"chenyl@microsoft.com","lastModifiedByType":"User","lastModifiedAt":"2021-04-20T02:45:59.6355756Z"},"location":"centraluseuap","tags":null,"id":"/subscriptions/00000000-0000-0000-0000-000000000000/resourceGroups/clitest.rg000001/providers/Microsoft.SignalRService/WebPubSub/webpubsub000002","name":"webpubsub000002","type":"Microsoft.SignalRService/WebPubSub"}'
    headers:
      cache-control:
      - no-cache
      content-length:
      - '2291'
      content-type:
      - application/json; charset=utf-8
      date:
      - Tue, 20 Apr 2021 02:47:31 GMT
      expires:
      - '-1'
      pragma:
      - no-cache
      server:
      - Kestrel
      strict-transport-security:
      - max-age=31536000; includeSubDomains
      transfer-encoding:
      - chunked
      vary:
      - Accept-Encoding
      x-content-type-options:
      - nosniff
      x-rp-server-mvid:
      - a2f7c14d-3749-40f0-a36e-ddee0281a049
    status:
      code: 200
      message: OK
- request:
    body: null
    headers:
      Accept:
      - application/json
      Accept-Encoding:
      - gzip, deflate
      CommandName:
      - webpubsub network-rule list
      Connection:
      - keep-alive
      ParameterSetName:
      - -n -g
      User-Agent:
      - python/3.9.2 (Windows-10-10.0.19041-SP0) msrest/0.6.21 msrest_azure/0.6.3
        azure-mgmt-webpubsub/0.1.0 Azure-SDK-For-Python AZURECLI/2.22.0
      accept-language:
      - en-US
    method: GET
    uri: https://management.azure.com/subscriptions/00000000-0000-0000-0000-000000000000/resourceGroups/clitest.rg000001/providers/Microsoft.SignalRService/webPubSub/webpubsub000002?api-version=2021-04-01-preview
  response:
    body:
      string: '{"sku":{"name":"Standard_S1","tier":"Standard","size":"S1","capacity":1},"properties":{"provisioningState":"Succeeded","externalIP":"168.61.142.65","hostName":"webpubsub000002.webpubsub.azure.com","publicPort":443,"serverPort":443,"version":"1.0","privateEndpointConnections":[{"systemData":{"createdBy":"chenyl@microsoft.com","createdByType":"User","createdAt":"2021-04-20T02:45:35.2463035Z","lastModifiedBy":"chenyl@microsoft.com","lastModifiedByType":"User","lastModifiedAt":"2021-04-20T02:45:35.2463035Z"},"properties":{"provisioningState":"Succeeded","privateEndpoint":{"id":"/subscriptions/00000000-0000-0000-0000-000000000000/resourceGroups/clitest.rg000001/providers/Microsoft.Network/privateEndpoints/private_endpoint1"},"privateLinkServiceConnectionState":{"status":"Rejected","description":null,"actionsRequired":"None"}},"id":"/subscriptions/00000000-0000-0000-0000-000000000000/resourceGroups/clitest.rg000001/providers/Microsoft.SignalRService/WebPubSub/webpubsub000002/privateEndpointConnections/webpubsub000002.155525fb-c285-4956-ad29-11b1353c1bf0","name":"webpubsub000002.155525fb-c285-4956-ad29-11b1353c1bf0","type":"Microsoft.SignalRService/WebPubSub/privateEndpointConnections"}],"sharedPrivateLinkResources":[],"tls":{"clientCertEnabled":false},"features":[{"flag":"EnableConnectivityLogs","value":"False","properties":{}},{"flag":"EnableMessagingLogs","value":"False","properties":{}},{"flag":"EnableLiveTrace","value":"False","properties":{}}],"eventHandler":{"items":null},"networkACLs":{"defaultAction":"Deny","publicNetwork":{"allow":["RESTAPI"],"deny":[]},"privateEndpoints":[{"name":"webpubsub000002.155525fb-c285-4956-ad29-11b1353c1bf0","allow":["ServerConnection","ClientConnection","RESTAPI","Trace"],"deny":null}]},"publicNetworkAccess":"Enabled"},"systemData":{"createdBy":"chenyl@microsoft.com","createdByType":"User","createdAt":"2021-04-20T02:42:51.6132591Z","lastModifiedBy":"chenyl@microsoft.com","lastModifiedByType":"User","lastModifiedAt":"2021-04-20T02:45:59.6355756Z"},"location":"centraluseuap","tags":null,"id":"/subscriptions/00000000-0000-0000-0000-000000000000/resourceGroups/clitest.rg000001/providers/Microsoft.SignalRService/WebPubSub/webpubsub000002","name":"webpubsub000002","type":"Microsoft.SignalRService/WebPubSub"}'
    headers:
      cache-control:
      - no-cache
      content-length:
      - '2291'
      content-type:
      - application/json; charset=utf-8
      date:
      - Tue, 20 Apr 2021 02:47:32 GMT
      expires:
      - '-1'
      pragma:
      - no-cache
      server:
      - Kestrel
      strict-transport-security:
      - max-age=31536000; includeSubDomains
      transfer-encoding:
      - chunked
      vary:
      - Accept-Encoding
      x-content-type-options:
      - nosniff
      x-rp-server-mvid:
      - a2f7c14d-3749-40f0-a36e-ddee0281a049
    status:
      code: 200
      message: OK
- request:
    body: null
    headers:
      Accept:
      - application/json
      Accept-Encoding:
      - gzip, deflate
      CommandName:
      - webpubsub network-rule update
      Connection:
      - keep-alive
      ParameterSetName:
      - --connection-name -n -g --allow
      User-Agent:
      - python/3.9.2 (Windows-10-10.0.19041-SP0) msrest/0.6.21 msrest_azure/0.6.3
        azure-mgmt-webpubsub/0.1.0 Azure-SDK-For-Python AZURECLI/2.22.0
      accept-language:
      - en-US
    method: GET
    uri: https://management.azure.com/subscriptions/00000000-0000-0000-0000-000000000000/resourceGroups/clitest.rg000001/providers/Microsoft.SignalRService/webPubSub/webpubsub000002?api-version=2021-04-01-preview
  response:
    body:
      string: '{"sku":{"name":"Standard_S1","tier":"Standard","size":"S1","capacity":1},"properties":{"provisioningState":"Succeeded","externalIP":"168.61.142.65","hostName":"webpubsub000002.webpubsub.azure.com","publicPort":443,"serverPort":443,"version":"1.0","privateEndpointConnections":[{"systemData":{"createdBy":"chenyl@microsoft.com","createdByType":"User","createdAt":"2021-04-20T02:45:35.2463035Z","lastModifiedBy":"chenyl@microsoft.com","lastModifiedByType":"User","lastModifiedAt":"2021-04-20T02:45:35.2463035Z"},"properties":{"provisioningState":"Succeeded","privateEndpoint":{"id":"/subscriptions/00000000-0000-0000-0000-000000000000/resourceGroups/clitest.rg000001/providers/Microsoft.Network/privateEndpoints/private_endpoint1"},"privateLinkServiceConnectionState":{"status":"Rejected","description":null,"actionsRequired":"None"}},"id":"/subscriptions/00000000-0000-0000-0000-000000000000/resourceGroups/clitest.rg000001/providers/Microsoft.SignalRService/WebPubSub/webpubsub000002/privateEndpointConnections/webpubsub000002.155525fb-c285-4956-ad29-11b1353c1bf0","name":"webpubsub000002.155525fb-c285-4956-ad29-11b1353c1bf0","type":"Microsoft.SignalRService/WebPubSub/privateEndpointConnections"}],"sharedPrivateLinkResources":[],"tls":{"clientCertEnabled":false},"features":[{"flag":"EnableConnectivityLogs","value":"False","properties":{}},{"flag":"EnableMessagingLogs","value":"False","properties":{}},{"flag":"EnableLiveTrace","value":"False","properties":{}}],"eventHandler":{"items":null},"networkACLs":{"defaultAction":"Deny","publicNetwork":{"allow":["RESTAPI"],"deny":[]},"privateEndpoints":[{"name":"webpubsub000002.155525fb-c285-4956-ad29-11b1353c1bf0","allow":["ServerConnection","ClientConnection","RESTAPI","Trace"],"deny":null}]},"publicNetworkAccess":"Enabled"},"systemData":{"createdBy":"chenyl@microsoft.com","createdByType":"User","createdAt":"2021-04-20T02:42:51.6132591Z","lastModifiedBy":"chenyl@microsoft.com","lastModifiedByType":"User","lastModifiedAt":"2021-04-20T02:45:59.6355756Z"},"location":"centraluseuap","tags":null,"id":"/subscriptions/00000000-0000-0000-0000-000000000000/resourceGroups/clitest.rg000001/providers/Microsoft.SignalRService/WebPubSub/webpubsub000002","name":"webpubsub000002","type":"Microsoft.SignalRService/WebPubSub"}'
    headers:
      cache-control:
      - no-cache
      content-length:
      - '2291'
      content-type:
      - application/json; charset=utf-8
      date:
      - Tue, 20 Apr 2021 02:47:33 GMT
      expires:
      - '-1'
      pragma:
      - no-cache
      server:
      - Kestrel
      strict-transport-security:
      - max-age=31536000; includeSubDomains
      transfer-encoding:
      - chunked
      vary:
      - Accept-Encoding
      x-content-type-options:
      - nosniff
      x-rp-server-mvid:
      - a2f7c14d-3749-40f0-a36e-ddee0281a049
    status:
      code: 200
      message: OK
- request:
    body: '{"properties": {"networkACLs": {"defaultAction": "Deny", "publicNetwork":
      {"allow": ["RESTAPI"], "deny": []}, "privateEndpoints": [{"allow": ["RESTAPI"],
      "deny": [], "name": "webpubsub000002.155525fb-c285-4956-ad29-11b1353c1bf0"}]},
      "publicNetworkAccess": "Enabled"}}'
    headers:
      Accept:
      - application/json
      Accept-Encoding:
      - gzip, deflate
      CommandName:
      - webpubsub network-rule update
      Connection:
      - keep-alive
      Content-Length:
      - '268'
      Content-Type:
      - application/json; charset=utf-8
      ParameterSetName:
      - --connection-name -n -g --allow
      User-Agent:
      - python/3.9.2 (Windows-10-10.0.19041-SP0) msrest/0.6.21 msrest_azure/0.6.3
        azure-mgmt-webpubsub/0.1.0 Azure-SDK-For-Python AZURECLI/2.22.0
      accept-language:
      - en-US
    method: PATCH
    uri: https://management.azure.com/subscriptions/00000000-0000-0000-0000-000000000000/resourceGroups/clitest.rg000001/providers/Microsoft.SignalRService/webPubSub/webpubsub000002?api-version=2021-04-01-preview
  response:
    body:
      string: ''
    headers:
      azure-asyncoperation:
      - https://management.azure.com/subscriptions/00000000-0000-0000-0000-000000000000/resourceGroups/clitest.rg000001/providers/Microsoft.SignalRService/locations/centraluseuap/operationStatuses/6947a486-a4c8-41e8-9ee7-2e72b0e0d1e1/WebPubSub/webpubsub000002?api-version=2021-04-01-preview
      cache-control:
      - no-cache
      content-length:
      - '0'
      date:
      - Tue, 20 Apr 2021 02:47:34 GMT
      expires:
      - '-1'
      location:
      - https://management.azure.com/subscriptions/00000000-0000-0000-0000-000000000000/resourceGroups/clitest.rg000001/providers/Microsoft.SignalRService/locations/centraluseuap/operationResults/6947a486-a4c8-41e8-9ee7-2e72b0e0d1e1/WebPubSub/webpubsub000002?api-version=2021-04-01-preview
      pragma:
      - no-cache
      server:
      - Kestrel
      strict-transport-security:
      - max-age=31536000; includeSubDomains
      x-content-type-options:
      - nosniff
      x-ms-ratelimit-remaining-subscription-writes:
      - '1199'
      x-rp-server-mvid:
      - a2f7c14d-3749-40f0-a36e-ddee0281a049
    status:
      code: 202
      message: Accepted
- request:
    body: null
    headers:
      Accept:
      - application/json
      Accept-Encoding:
      - gzip, deflate
      CommandName:
      - webpubsub network-rule update
      Connection:
      - keep-alive
      ParameterSetName:
      - --connection-name -n -g --allow
      User-Agent:
      - python/3.9.2 (Windows-10-10.0.19041-SP0) msrest/0.6.21 msrest_azure/0.6.3
        azure-mgmt-webpubsub/0.1.0 Azure-SDK-For-Python AZURECLI/2.22.0
    method: GET
    uri: https://management.azure.com/subscriptions/00000000-0000-0000-0000-000000000000/resourceGroups/clitest.rg000001/providers/Microsoft.SignalRService/locations/centraluseuap/operationStatuses/6947a486-a4c8-41e8-9ee7-2e72b0e0d1e1/WebPubSub/webpubsub000002?api-version=2021-04-01-preview
  response:
    body:
      string: '{"id":"/subscriptions/00000000-0000-0000-0000-000000000000/resourceGroups/clitest.rg000001/providers/Microsoft.SignalRService/locations/centraluseuap/operationStatuses/6947a486-a4c8-41e8-9ee7-2e72b0e0d1e1/WebPubSub/webpubsub000002","name":"6947a486-a4c8-41e8-9ee7-2e72b0e0d1e1","status":"Running","startTime":"2021-04-20T02:47:34.80749Z"}'
    headers:
      cache-control:
      - no-cache
      content-length:
      - '343'
      content-type:
      - application/json; charset=utf-8
      date:
      - Tue, 20 Apr 2021 02:48:05 GMT
      expires:
      - '-1'
      pragma:
      - no-cache
      server:
      - Kestrel
      strict-transport-security:
      - max-age=31536000; includeSubDomains
      transfer-encoding:
      - chunked
      vary:
      - Accept-Encoding
      x-content-type-options:
      - nosniff
      x-rp-server-mvid:
      - a2f7c14d-3749-40f0-a36e-ddee0281a049
    status:
      code: 200
      message: OK
- request:
    body: null
    headers:
      Accept:
      - application/json
      Accept-Encoding:
      - gzip, deflate
      CommandName:
      - webpubsub network-rule update
      Connection:
      - keep-alive
      ParameterSetName:
      - --connection-name -n -g --allow
      User-Agent:
      - python/3.9.2 (Windows-10-10.0.19041-SP0) msrest/0.6.21 msrest_azure/0.6.3
        azure-mgmt-webpubsub/0.1.0 Azure-SDK-For-Python AZURECLI/2.22.0
    method: GET
    uri: https://management.azure.com/subscriptions/00000000-0000-0000-0000-000000000000/resourceGroups/clitest.rg000001/providers/Microsoft.SignalRService/locations/centraluseuap/operationStatuses/6947a486-a4c8-41e8-9ee7-2e72b0e0d1e1/WebPubSub/webpubsub000002?api-version=2021-04-01-preview
  response:
    body:
      string: '{"id":"/subscriptions/00000000-0000-0000-0000-000000000000/resourceGroups/clitest.rg000001/providers/Microsoft.SignalRService/locations/centraluseuap/operationStatuses/6947a486-a4c8-41e8-9ee7-2e72b0e0d1e1/WebPubSub/webpubsub000002","name":"6947a486-a4c8-41e8-9ee7-2e72b0e0d1e1","status":"Running","startTime":"2021-04-20T02:47:34.80749Z"}'
    headers:
      cache-control:
      - no-cache
      content-length:
      - '343'
      content-type:
      - application/json; charset=utf-8
      date:
      - Tue, 20 Apr 2021 02:48:36 GMT
      expires:
      - '-1'
      pragma:
      - no-cache
      server:
      - Kestrel
      strict-transport-security:
      - max-age=31536000; includeSubDomains
      transfer-encoding:
      - chunked
      vary:
      - Accept-Encoding
      x-content-type-options:
      - nosniff
      x-rp-server-mvid:
      - a2f7c14d-3749-40f0-a36e-ddee0281a049
    status:
      code: 200
      message: OK
- request:
    body: null
    headers:
      Accept:
      - application/json
      Accept-Encoding:
      - gzip, deflate
      CommandName:
      - webpubsub network-rule update
      Connection:
      - keep-alive
      ParameterSetName:
      - --connection-name -n -g --allow
      User-Agent:
      - python/3.9.2 (Windows-10-10.0.19041-SP0) msrest/0.6.21 msrest_azure/0.6.3
        azure-mgmt-webpubsub/0.1.0 Azure-SDK-For-Python AZURECLI/2.22.0
    method: GET
    uri: https://management.azure.com/subscriptions/00000000-0000-0000-0000-000000000000/resourceGroups/clitest.rg000001/providers/Microsoft.SignalRService/locations/centraluseuap/operationStatuses/6947a486-a4c8-41e8-9ee7-2e72b0e0d1e1/WebPubSub/webpubsub000002?api-version=2021-04-01-preview
  response:
    body:
      string: '{"id":"/subscriptions/00000000-0000-0000-0000-000000000000/resourceGroups/clitest.rg000001/providers/Microsoft.SignalRService/locations/centraluseuap/operationStatuses/6947a486-a4c8-41e8-9ee7-2e72b0e0d1e1/WebPubSub/webpubsub000002","name":"6947a486-a4c8-41e8-9ee7-2e72b0e0d1e1","status":"Succeeded","startTime":"2021-04-20T02:47:34.80749Z","endTime":"2021-04-20T02:48:49.1680372Z"}'
    headers:
      cache-control:
      - no-cache
      content-length:
      - '386'
      content-type:
      - application/json; charset=utf-8
      date:
      - Tue, 20 Apr 2021 02:49:06 GMT
      expires:
      - '-1'
      pragma:
      - no-cache
      server:
      - Kestrel
      strict-transport-security:
      - max-age=31536000; includeSubDomains
      transfer-encoding:
      - chunked
      vary:
      - Accept-Encoding
      x-content-type-options:
      - nosniff
      x-rp-server-mvid:
      - a2f7c14d-3749-40f0-a36e-ddee0281a049
    status:
      code: 200
      message: OK
- request:
    body: null
    headers:
      Accept:
      - application/json
      Accept-Encoding:
      - gzip, deflate
      CommandName:
      - webpubsub network-rule update
      Connection:
      - keep-alive
      ParameterSetName:
      - --connection-name -n -g --allow
      User-Agent:
      - python/3.9.2 (Windows-10-10.0.19041-SP0) msrest/0.6.21 msrest_azure/0.6.3
        azure-mgmt-webpubsub/0.1.0 Azure-SDK-For-Python AZURECLI/2.22.0
    method: GET
    uri: https://management.azure.com/subscriptions/00000000-0000-0000-0000-000000000000/resourceGroups/clitest.rg000001/providers/Microsoft.SignalRService/webPubSub/webpubsub000002?api-version=2021-04-01-preview
  response:
    body:
      string: '{"sku":{"name":"Standard_S1","tier":"Standard","size":"S1","capacity":1},"properties":{"provisioningState":"Succeeded","externalIP":"168.61.142.65","hostName":"webpubsub000002.webpubsub.azure.com","publicPort":443,"serverPort":443,"version":"1.0","privateEndpointConnections":[{"systemData":{"createdBy":"chenyl@microsoft.com","createdByType":"User","createdAt":"2021-04-20T02:45:35.2463035Z","lastModifiedBy":"chenyl@microsoft.com","lastModifiedByType":"User","lastModifiedAt":"2021-04-20T02:45:35.2463035Z"},"properties":{"provisioningState":"Succeeded","privateEndpoint":{"id":"/subscriptions/00000000-0000-0000-0000-000000000000/resourceGroups/clitest.rg000001/providers/Microsoft.Network/privateEndpoints/private_endpoint1"},"privateLinkServiceConnectionState":{"status":"Rejected","description":null,"actionsRequired":"None"}},"id":"/subscriptions/00000000-0000-0000-0000-000000000000/resourceGroups/clitest.rg000001/providers/Microsoft.SignalRService/WebPubSub/webpubsub000002/privateEndpointConnections/webpubsub000002.155525fb-c285-4956-ad29-11b1353c1bf0","name":"webpubsub000002.155525fb-c285-4956-ad29-11b1353c1bf0","type":"Microsoft.SignalRService/WebPubSub/privateEndpointConnections"}],"sharedPrivateLinkResources":[],"tls":{"clientCertEnabled":false},"features":[{"flag":"EnableConnectivityLogs","value":"False","properties":{}},{"flag":"EnableMessagingLogs","value":"False","properties":{}},{"flag":"EnableLiveTrace","value":"False","properties":{}}],"eventHandler":{"items":null},"networkACLs":{"defaultAction":"Deny","publicNetwork":{"allow":["RESTAPI"],"deny":[]},"privateEndpoints":[{"name":"webpubsub000002.155525fb-c285-4956-ad29-11b1353c1bf0","allow":["RESTAPI"],"deny":[]}]},"publicNetworkAccess":"Enabled"},"systemData":{"createdBy":"chenyl@microsoft.com","createdByType":"User","createdAt":"2021-04-20T02:42:51.6132591Z","lastModifiedBy":"chenyl@microsoft.com","lastModifiedByType":"User","lastModifiedAt":"2021-04-20T02:47:34.6632713Z"},"location":"centraluseuap","tags":null,"id":"/subscriptions/00000000-0000-0000-0000-000000000000/resourceGroups/clitest.rg000001/providers/Microsoft.SignalRService/WebPubSub/webpubsub000002","name":"webpubsub000002","type":"Microsoft.SignalRService/WebPubSub"}'
    headers:
      cache-control:
      - no-cache
      content-length:
      - '2243'
      content-type:
      - application/json; charset=utf-8
      date:
      - Tue, 20 Apr 2021 02:49:06 GMT
      expires:
      - '-1'
      pragma:
      - no-cache
      server:
      - Kestrel
      strict-transport-security:
      - max-age=31536000; includeSubDomains
      transfer-encoding:
      - chunked
      vary:
      - Accept-Encoding
      x-content-type-options:
      - nosniff
      x-rp-server-mvid:
      - a2f7c14d-3749-40f0-a36e-ddee0281a049
    status:
      code: 200
      message: OK
- request:
    body: null
    headers:
      Accept:
      - '*/*'
      Accept-Encoding:
      - gzip, deflate
      CommandName:
      - network private-endpoint-connection delete
      Connection:
      - keep-alive
      Content-Length:
      - '0'
      ParameterSetName:
      - --id -y
      User-Agent:
      - python/3.9.2 (Windows-10-10.0.19041-SP0) AZURECLI/2.22.0
    method: DELETE
    uri: https://management.azure.com/subscriptions/00000000-0000-0000-0000-000000000000/resourceGroups/clitest.rg000001/providers/Microsoft.SignalRService/WebPubSub/webpubsub000002/privateEndpointConnections/webpubsub000002.155525fb-c285-4956-ad29-11b1353c1bf0?api-version=2021-04-01-preview
  response:
    body:
      string: ''
    headers:
      azure-asyncoperation:
      - https://management.azure.com/subscriptions/00000000-0000-0000-0000-000000000000/resourceGroups/clitest.rg000001/providers/Microsoft.SignalRService/locations/centraluseuap/operationStatuses/e5eefef6-8041-408e-ac06-0c028b05be6b/WebPubSub/webpubsub000002?api-version=2021-04-01-preview
      cache-control:
      - no-cache
      content-length:
      - '0'
      date:
      - Tue, 20 Apr 2021 02:49:08 GMT
      expires:
      - '-1'
      location:
      - https://management.azure.com/subscriptions/00000000-0000-0000-0000-000000000000/resourceGroups/clitest.rg000001/providers/Microsoft.SignalRService/locations/centraluseuap/operationResults/e5eefef6-8041-408e-ac06-0c028b05be6b/WebPubSub/webpubsub000002?api-version=2021-04-01-preview
      pragma:
      - no-cache
      server:
      - Kestrel
      strict-transport-security:
      - max-age=31536000; includeSubDomains
      x-content-type-options:
      - nosniff
      x-ms-ratelimit-remaining-subscription-deletes:
      - '14999'
      x-rp-server-mvid:
      - a2f7c14d-3749-40f0-a36e-ddee0281a049
    status:
      code: 202
      message: Accepted
- request:
    body: null
    headers:
      Accept:
      - '*/*'
      Accept-Encoding:
      - gzip, deflate
      CommandName:
      - network private-endpoint-connection list
      Connection:
      - keep-alive
      ParameterSetName:
      - --id
      User-Agent:
      - python/3.9.2 (Windows-10-10.0.19041-SP0) AZURECLI/2.22.0
    method: GET
    uri: https://management.azure.com/subscriptions/00000000-0000-0000-0000-000000000000/resourceGroups/clitest.rg000001/providers/Microsoft.SignalRService/WebPubSub/webpubsub000002?api-version=2021-04-01-preview
  response:
    body:
      string: '{"sku":{"name":"Standard_S1","tier":"Standard","size":"S1","capacity":1},"properties":{"provisioningState":"Succeeded","externalIP":"168.61.142.65","hostName":"webpubsub000002.webpubsub.azure.com","publicPort":443,"serverPort":443,"version":"1.0","privateEndpointConnections":[],"sharedPrivateLinkResources":[],"tls":{"clientCertEnabled":false},"features":[{"flag":"EnableConnectivityLogs","value":"False","properties":{}},{"flag":"EnableMessagingLogs","value":"False","properties":{}},{"flag":"EnableLiveTrace","value":"False","properties":{}}],"eventHandler":{"items":null},"networkACLs":{"defaultAction":"Deny","publicNetwork":{"allow":["RESTAPI"],"deny":[]},"privateEndpoints":[]},"publicNetworkAccess":"Enabled"},"systemData":{"createdBy":"chenyl@microsoft.com","createdByType":"User","createdAt":"2021-04-20T02:42:51.6132591Z","lastModifiedBy":"chenyl@microsoft.com","lastModifiedByType":"User","lastModifiedAt":"2021-04-20T02:47:34.6632713Z"},"location":"centraluseuap","tags":null,"id":"/subscriptions/00000000-0000-0000-0000-000000000000/resourceGroups/clitest.rg000001/providers/Microsoft.SignalRService/WebPubSub/webpubsub000002","name":"webpubsub000002","type":"Microsoft.SignalRService/WebPubSub"}'
    headers:
      cache-control:
      - no-cache
      content-length:
      - '1217'
      content-type:
      - application/json; charset=utf-8
      date:
      - Tue, 20 Apr 2021 02:49:39 GMT
      expires:
      - '-1'
      pragma:
      - no-cache
      server:
      - Kestrel
      strict-transport-security:
      - max-age=31536000; includeSubDomains
      transfer-encoding:
      - chunked
      vary:
      - Accept-Encoding
      x-content-type-options:
      - nosniff
      x-rp-server-mvid:
      - a2f7c14d-3749-40f0-a36e-ddee0281a049
    status:
      code: 200
      message: OK
version: 1
