interactions:
- request:
    body: null
    headers:
      Accept:
      - application/json
      Accept-Encoding:
      - gzip, deflate
      CommandName:
      - network public-ip create
      Connection:
      - keep-alive
      ParameterSetName:
      - -g -n --sku
      User-Agent:
      - python/3.7.4 (Linux-4.15.0-112-generic-x86_64-with-debian-buster-sid) msrest/0.6.18
        msrest_azure/0.6.3 azure-mgmt-resource/10.2.0 Azure-SDK-For-Python AZURECLI/2.14.0
      accept-language:
      - en-US
    method: GET
    uri: https://management.azure.com/subscriptions/00000000-0000-0000-0000-000000000000/resourcegroups/cli_test_ag_probe000001?api-version=2020-06-01
  response:
    body:
      string: '{"id":"/subscriptions/00000000-0000-0000-0000-000000000000/resourceGroups/cli_test_ag_probe000001","name":"cli_test_ag_probe000001","type":"Microsoft.Resources/resourceGroups","location":"westus","tags":{"product":"azurecli","cause":"automation","date":"2020-11-06T05:38:27Z"},"properties":{"provisioningState":"Succeeded"}}'
    headers:
      cache-control:
      - no-cache
      content-length:
      - '428'
      content-type:
      - application/json; charset=utf-8
      date:
      - Fri, 06 Nov 2020 05:38:32 GMT
      expires:
      - '-1'
      pragma:
      - no-cache
      strict-transport-security:
      - max-age=31536000; includeSubDomains
      vary:
      - Accept-Encoding
      x-content-type-options:
      - nosniff
    status:
      code: 200
      message: OK
- request:
    body: '{"location": "westus", "sku": {"name": "Standard"}, "properties": {"publicIPAllocationMethod":
      "Static", "publicIPAddressVersion": "IPv4", "idleTimeoutInMinutes": 4}}'
    headers:
      Accept:
      - application/json
      Accept-Encoding:
      - gzip, deflate
      CommandName:
      - network public-ip create
      Connection:
      - keep-alive
      Content-Length:
      - '166'
      Content-Type:
      - application/json; charset=utf-8
      ParameterSetName:
      - -g -n --sku
      User-Agent:
      - python/3.7.4 (Linux-4.15.0-112-generic-x86_64-with-debian-buster-sid) msrest/0.6.18
        msrest_azure/0.6.3 azure-mgmt-network/12.0.0 Azure-SDK-For-Python AZURECLI/2.14.0
      accept-language:
      - en-US
    method: PUT
    uri: https://management.azure.com/subscriptions/00000000-0000-0000-0000-000000000000/resourceGroups/cli_test_ag_probe000001/providers/Microsoft.Network/publicIPAddresses/gateway_ip?api-version=2020-06-01
  response:
    body:
      string: "{\r\n  \"name\": \"gateway_ip\",\r\n  \"id\": \"/subscriptions/00000000-0000-0000-0000-000000000000/resourceGroups/cli_test_ag_probe000001/providers/Microsoft.Network/publicIPAddresses/gateway_ip\"\
        ,\r\n  \"etag\": \"W/\\\"7e1502c3-4af3-475c-9a5c-b2be5e36d957\\\"\",\r\n \
        \ \"location\": \"westus\",\r\n  \"properties\": {\r\n    \"provisioningState\"\
        : \"Updating\",\r\n    \"resourceGuid\": \"2b45a351-7d3f-43ae-8b65-2b9cf2908db8\"\
        ,\r\n    \"publicIPAddressVersion\": \"IPv4\",\r\n    \"publicIPAllocationMethod\"\
        : \"Static\",\r\n    \"idleTimeoutInMinutes\": 4,\r\n    \"ipTags\": []\r\n\
        \  },\r\n  \"type\": \"Microsoft.Network/publicIPAddresses\",\r\n  \"sku\"\
        : {\r\n    \"name\": \"Standard\"\r\n  }\r\n}"
    headers:
      azure-asyncnotification:
      - Enabled
      azure-asyncoperation:
      - https://management.azure.com/subscriptions/00000000-0000-0000-0000-000000000000/providers/Microsoft.Network/locations/westus/operations/6932e7fd-24a4-4aee-961f-8791cb3f8586?api-version=2020-06-01
      cache-control:
      - no-cache
      content-length:
      - '670'
      content-type:
      - application/json; charset=utf-8
      date:
      - Fri, 06 Nov 2020 05:38:38 GMT
      expires:
      - '-1'
      pragma:
      - no-cache
      server:
      - Microsoft-HTTPAPI/2.0
      - Microsoft-HTTPAPI/2.0
      strict-transport-security:
      - max-age=31536000; includeSubDomains
      x-content-type-options:
      - nosniff
      x-ms-arm-service-request-id:
      - 206a59ff-dfd1-4442-b601-dd8236348a41
      x-ms-ratelimit-remaining-subscription-writes:
      - '1195'
    status:
      code: 201
      message: Created
- request:
    body: null
    headers:
      Accept:
      - application/json
      Accept-Encoding:
      - gzip, deflate
      CommandName:
      - network public-ip create
      Connection:
      - keep-alive
      ParameterSetName:
      - -g -n --sku
      User-Agent:
      - python/3.7.4 (Linux-4.15.0-112-generic-x86_64-with-debian-buster-sid) msrest/0.6.18
        msrest_azure/0.6.3 azure-mgmt-network/12.0.0 Azure-SDK-For-Python AZURECLI/2.14.0
    method: GET
    uri: https://management.azure.com/subscriptions/00000000-0000-0000-0000-000000000000/providers/Microsoft.Network/locations/westus/operations/6932e7fd-24a4-4aee-961f-8791cb3f8586?api-version=2020-06-01
  response:
    body:
      string: "{\r\n  \"status\": \"Succeeded\"\r\n}"
    headers:
      cache-control:
      - no-cache
      content-length:
      - '29'
      content-type:
      - application/json; charset=utf-8
      date:
      - Fri, 06 Nov 2020 05:38:40 GMT
      expires:
      - '-1'
      pragma:
      - no-cache
      server:
      - Microsoft-HTTPAPI/2.0
      - Microsoft-HTTPAPI/2.0
      strict-transport-security:
      - max-age=31536000; includeSubDomains
      transfer-encoding:
      - chunked
      vary:
      - Accept-Encoding
      x-content-type-options:
      - nosniff
      x-ms-arm-service-request-id:
      - 9b064393-5217-407c-abdf-5c03df54cd2b
    status:
      code: 200
      message: OK
- request:
    body: null
    headers:
      Accept:
      - application/json
      Accept-Encoding:
      - gzip, deflate
      CommandName:
      - network public-ip create
      Connection:
      - keep-alive
      ParameterSetName:
      - -g -n --sku
      User-Agent:
      - python/3.7.4 (Linux-4.15.0-112-generic-x86_64-with-debian-buster-sid) msrest/0.6.18
        msrest_azure/0.6.3 azure-mgmt-network/12.0.0 Azure-SDK-For-Python AZURECLI/2.14.0
    method: GET
    uri: https://management.azure.com/subscriptions/00000000-0000-0000-0000-000000000000/resourceGroups/cli_test_ag_probe000001/providers/Microsoft.Network/publicIPAddresses/gateway_ip?api-version=2020-06-01
  response:
    body:
      string: "{\r\n  \"name\": \"gateway_ip\",\r\n  \"id\": \"/subscriptions/00000000-0000-0000-0000-000000000000/resourceGroups/cli_test_ag_probe000001/providers/Microsoft.Network/publicIPAddresses/gateway_ip\"\
        ,\r\n  \"etag\": \"W/\\\"41d684df-6635-461e-bcd8-669c9e722341\\\"\",\r\n \
        \ \"location\": \"westus\",\r\n  \"properties\": {\r\n    \"provisioningState\"\
        : \"Succeeded\",\r\n    \"resourceGuid\": \"2b45a351-7d3f-43ae-8b65-2b9cf2908db8\"\
        ,\r\n    \"ipAddress\": \"40.81.2.63\",\r\n    \"publicIPAddressVersion\"\
        : \"IPv4\",\r\n    \"publicIPAllocationMethod\": \"Static\",\r\n    \"idleTimeoutInMinutes\"\
        : 4,\r\n    \"ipTags\": []\r\n  },\r\n  \"type\": \"Microsoft.Network/publicIPAddresses\"\
        ,\r\n  \"sku\": {\r\n    \"name\": \"Standard\"\r\n  }\r\n}"
    headers:
      cache-control:
      - no-cache
      content-length:
      - '703'
      content-type:
      - application/json; charset=utf-8
      date:
      - Fri, 06 Nov 2020 05:38:40 GMT
      etag:
      - W/"41d684df-6635-461e-bcd8-669c9e722341"
      expires:
      - '-1'
      pragma:
      - no-cache
      server:
      - Microsoft-HTTPAPI/2.0
      - Microsoft-HTTPAPI/2.0
      strict-transport-security:
      - max-age=31536000; includeSubDomains
      transfer-encoding:
      - chunked
      vary:
      - Accept-Encoding
      x-content-type-options:
      - nosniff
      x-ms-arm-service-request-id:
      - 0f83c300-0a4f-491e-9cee-21f4241bda7d
    status:
      code: 200
      message: OK
- request:
    body: null
    headers:
      Accept:
      - application/json
      Accept-Encoding:
      - gzip, deflate
      CommandName:
      - network application-gateway create
      Connection:
      - keep-alive
      ParameterSetName:
      - -g -n --sku --public-ip-address
      User-Agent:
      - python/3.7.4 (Linux-4.15.0-112-generic-x86_64-with-debian-buster-sid) msrest/0.6.18
        msrest_azure/0.6.3 azure-mgmt-resource/10.2.0 Azure-SDK-For-Python AZURECLI/2.14.0
      accept-language:
      - en-US
    method: GET
    uri: https://management.azure.com/subscriptions/00000000-0000-0000-0000-000000000000/resourcegroups/cli_test_ag_probe000001?api-version=2020-06-01
  response:
    body:
      string: '{"id":"/subscriptions/00000000-0000-0000-0000-000000000000/resourceGroups/cli_test_ag_probe000001","name":"cli_test_ag_probe000001","type":"Microsoft.Resources/resourceGroups","location":"westus","tags":{"product":"azurecli","cause":"automation","date":"2020-11-06T05:38:27Z"},"properties":{"provisioningState":"Succeeded"}}'
    headers:
      cache-control:
      - no-cache
      content-length:
      - '428'
      content-type:
      - application/json; charset=utf-8
      date:
      - Fri, 06 Nov 2020 05:38:41 GMT
      expires:
      - '-1'
      pragma:
      - no-cache
      strict-transport-security:
      - max-age=31536000; includeSubDomains
      vary:
      - Accept-Encoding
      x-content-type-options:
      - nosniff
    status:
      code: 200
      message: OK
- request:
    body: null
    headers:
      Accept:
      - application/json
      Accept-Encoding:
      - gzip, deflate
      CommandName:
      - network application-gateway create
      Connection:
      - keep-alive
      ParameterSetName:
      - -g -n --sku --public-ip-address
      User-Agent:
      - python/3.7.4 (Linux-4.15.0-112-generic-x86_64-with-debian-buster-sid) msrest/0.6.18
        msrest_azure/0.6.3 azure-mgmt-resource/10.2.0 Azure-SDK-For-Python AZURECLI/2.14.0
      accept-language:
      - en-US
    method: GET
    uri: https://management.azure.com/subscriptions/00000000-0000-0000-0000-000000000000/resources?$filter=resourceGroup%20eq%20%27cli_test_ag_probe000001%27%20and%20name%20eq%20%27None%27%20and%20resourceType%20eq%20%27Microsoft.Network%2FvirtualNetworks%27&api-version=2020-06-01
  response:
    body:
      string: '{"value":[]}'
    headers:
      cache-control:
      - no-cache
      content-length:
      - '12'
      content-type:
      - application/json; charset=utf-8
      date:
      - Fri, 06 Nov 2020 05:38:41 GMT
      expires:
      - '-1'
      pragma:
      - no-cache
      strict-transport-security:
      - max-age=31536000; includeSubDomains
      vary:
      - Accept-Encoding
      x-content-type-options:
      - nosniff
    status:
      code: 200
      message: OK
- request:
    body: null
    headers:
      Accept:
      - application/json
      Accept-Encoding:
      - gzip, deflate
      CommandName:
      - network application-gateway create
      Connection:
      - keep-alive
      ParameterSetName:
      - -g -n --sku --public-ip-address
      User-Agent:
      - python/3.7.4 (Linux-4.15.0-112-generic-x86_64-with-debian-buster-sid) msrest/0.6.18
        msrest_azure/0.6.3 azure-mgmt-resource/10.2.0 Azure-SDK-For-Python AZURECLI/2.14.0
      accept-language:
      - en-US
    method: GET
    uri: https://management.azure.com/subscriptions/00000000-0000-0000-0000-000000000000/resources?$filter=resourceGroup%20eq%20%27cli_test_ag_probe000001%27%20and%20name%20eq%20%27gateway_ip%27%20and%20resourceType%20eq%20%27Microsoft.Network%2FpublicIPAddresses%27&api-version=2020-06-01
  response:
    body:
      string: '{"value":[{"id":"/subscriptions/00000000-0000-0000-0000-000000000000/resourceGroups/cli_test_ag_probe000001/providers/Microsoft.Network/publicIPAddresses/gateway_ip","name":"gateway_ip","type":"Microsoft.Network/publicIPAddresses","sku":{"name":"Standard"},"location":"westus"}]}'
    headers:
      cache-control:
      - no-cache
      content-length:
      - '331'
      content-type:
      - application/json; charset=utf-8
      date:
      - Fri, 06 Nov 2020 05:38:42 GMT
      expires:
      - '-1'
      pragma:
      - no-cache
      strict-transport-security:
      - max-age=31536000; includeSubDomains
      vary:
      - Accept-Encoding
      x-content-type-options:
      - nosniff
    status:
      code: 200
      message: OK
- request:
    body: '{"properties": {"template": {"$schema": "https://schema.management.azure.com/schemas/2015-01-01/deploymentTemplate.json#",
      "contentVersion": "1.0.0.0", "parameters": {}, "variables": {"appGwID": "[resourceId(''Microsoft.Network/applicationGateways'',
      ''ag1'')]"}, "resources": [{"name": "ag1Vnet", "type": "Microsoft.Network/virtualNetworks",
      "location": "westus", "apiVersion": "2015-06-15", "dependsOn": [], "tags": {},
      "properties": {"addressSpace": {"addressPrefixes": ["10.0.0.0/16"]}, "subnets":
      [{"name": "default", "properties": {"addressPrefix": "10.0.0.0/24"}}]}}, {"type":
      "Microsoft.Network/applicationGateways", "name": "ag1", "location": "westus",
      "tags": {}, "apiVersion": "2020-06-01", "dependsOn": ["Microsoft.Network/virtualNetworks/ag1Vnet"],
      "properties": {"backendAddressPools": [{"name": "appGatewayBackendPool"}], "backendHttpSettingsCollection":
      [{"name": "appGatewayBackendHttpSettings", "properties": {"Port": 80, "Protocol":
      "Http", "CookieBasedAffinity": "disabled", "connectionDraining": {"enabled":
      false, "drainTimeoutInSec": 1}}}], "frontendIPConfigurations": [{"name": "appGatewayFrontendIP",
      "properties": {"publicIPAddress": {"id": "/subscriptions/00000000-0000-0000-0000-000000000000/resourceGroups/cli_test_ag_probe000001/providers/Microsoft.Network/publicIPAddresses/gateway_ip"}}}],
      "frontendPorts": [{"name": "appGatewayFrontendPort", "properties": {"Port":
      80}}], "gatewayIPConfigurations": [{"name": "appGatewayFrontendIP", "properties":
      {"subnet": {"id": "/subscriptions/00000000-0000-0000-0000-000000000000/resourceGroups/cli_test_ag_probe000001/providers/Microsoft.Network/virtualNetworks/ag1Vnet/subnets/default"}}}],
      "httpListeners": [{"name": "appGatewayHttpListener", "properties": {"FrontendIpConfiguration":
      {"Id": "[concat(variables(''appGwID''), ''/frontendIPConfigurations/appGatewayFrontendIP'')]"},
      "FrontendPort": {"Id": "[concat(variables(''appGwID''), ''/frontendPorts/appGatewayFrontendPort'')]"},
      "Protocol": "http", "SslCertificate": null}}], "sku": {"name": "WAF_v2", "tier":
      "WAF_v2", "capacity": 2}, "requestRoutingRules": [{"Name": "rule1", "properties":
      {"RuleType": "Basic", "httpListener": {"id": "[concat(variables(''appGwID''),
      ''/httpListeners/appGatewayHttpListener'')]"}, "backendAddressPool": {"id":
      "[concat(variables(''appGwID''), ''/backendAddressPools/appGatewayBackendPool'')]"},
      "backendHttpSettings": {"id": "[concat(variables(''appGwID''), ''/backendHttpSettingsCollection/appGatewayBackendHttpSettings'')]"}}}],
      "privateLinkConfigurations": []}, "zones": null}], "outputs": {"applicationGateway":
      {"type": "object", "value": "[reference(''ag1'')]"}}}, "parameters": {}, "mode":
      "Incremental"}}'
    headers:
      Accept:
      - application/json
      Accept-Encoding:
      - gzip, deflate
      CommandName:
      - network application-gateway create
      Connection:
      - keep-alive
      Content-Length:
      - '2755'
      Content-Type:
      - application/json; charset=utf-8
      ParameterSetName:
      - -g -n --sku --public-ip-address
      User-Agent:
      - python/3.7.4 (Linux-4.15.0-112-generic-x86_64-with-debian-buster-sid) msrest/0.6.18
        msrest_azure/0.6.3 azure-mgmt-resource/10.2.0 Azure-SDK-For-Python AZURECLI/2.14.0
      accept-language:
      - en-US
    method: PUT
    uri: https://management.azure.com/subscriptions/00000000-0000-0000-0000-000000000000/resourcegroups/cli_test_ag_probe000001/providers/Microsoft.Resources/deployments/mock-deployment?api-version=2020-06-01
  response:
    body:
      string: '{"id":"/subscriptions/00000000-0000-0000-0000-000000000000/resourceGroups/cli_test_ag_probe000001/providers/Microsoft.Resources/deployments/ag_deploy_EWZkFizUpTYE278AhRKJMfjjLFetccp3","name":"ag_deploy_EWZkFizUpTYE278AhRKJMfjjLFetccp3","type":"Microsoft.Resources/deployments","properties":{"templateHash":"16840324672947378449","parameters":{},"mode":"Incremental","provisioningState":"Accepted","timestamp":"2020-11-06T05:38:46.4025655Z","duration":"PT2.945822S","correlationId":"7213a5ca-6a72-4b5e-92d6-1cf48f04eeb5","providers":[{"namespace":"Microsoft.Network","resourceTypes":[{"resourceType":"virtualNetworks","locations":["westus"]},{"resourceType":"applicationGateways","locations":["westus"]}]}],"dependencies":[{"dependsOn":[{"id":"/subscriptions/00000000-0000-0000-0000-000000000000/resourceGroups/cli_test_ag_probe000001/providers/Microsoft.Network/virtualNetworks/ag1Vnet","resourceType":"Microsoft.Network/virtualNetworks","resourceName":"ag1Vnet"}],"id":"/subscriptions/00000000-0000-0000-0000-000000000000/resourceGroups/cli_test_ag_probe000001/providers/Microsoft.Network/applicationGateways/ag1","resourceType":"Microsoft.Network/applicationGateways","resourceName":"ag1"}]}}'
    headers:
      azure-asyncoperation:
      - https://management.azure.com/subscriptions/00000000-0000-0000-0000-000000000000/resourcegroups/cli_test_ag_probe000001/providers/Microsoft.Resources/deployments/ag_deploy_EWZkFizUpTYE278AhRKJMfjjLFetccp3/operationStatuses/08585969657620208751?api-version=2020-06-01
      cache-control:
      - no-cache
      content-length:
      - '1350'
      content-type:
      - application/json; charset=utf-8
      date:
      - Fri, 06 Nov 2020 05:38:47 GMT
      expires:
      - '-1'
      pragma:
      - no-cache
      strict-transport-security:
      - max-age=31536000; includeSubDomains
      x-content-type-options:
      - nosniff
      x-ms-ratelimit-remaining-subscription-writes:
      - '1192'
    status:
      code: 201
      message: Created
- request:
    body: null
    headers:
      Accept:
      - application/json
      Accept-Encoding:
      - gzip, deflate
      CommandName:
      - network application-gateway create
      Connection:
      - keep-alive
      ParameterSetName:
      - -g -n --sku --public-ip-address
      User-Agent:
      - python/3.7.4 (Linux-4.15.0-112-generic-x86_64-with-debian-buster-sid) msrest/0.6.18
        msrest_azure/0.6.3 azure-mgmt-resource/10.2.0 Azure-SDK-For-Python AZURECLI/2.14.0
    method: GET
    uri: https://management.azure.com/subscriptions/00000000-0000-0000-0000-000000000000/resourcegroups/cli_test_ag_probe000001/providers/Microsoft.Resources/deployments/mock-deployment/operationStatuses/08585969657620208751?api-version=2020-06-01
  response:
    body:
      string: '{"status":"Running"}'
    headers:
      cache-control:
      - no-cache
      content-length:
      - '20'
      content-type:
      - application/json; charset=utf-8
      date:
      - Fri, 06 Nov 2020 05:39:19 GMT
      expires:
      - '-1'
      pragma:
      - no-cache
      strict-transport-security:
      - max-age=31536000; includeSubDomains
      vary:
      - Accept-Encoding
      x-content-type-options:
      - nosniff
    status:
      code: 200
      message: OK
- request:
    body: null
    headers:
      Accept:
      - application/json
      Accept-Encoding:
      - gzip, deflate
      CommandName:
      - network application-gateway create
      Connection:
      - keep-alive
      ParameterSetName:
      - -g -n --sku --public-ip-address
      User-Agent:
      - python/3.7.4 (Linux-4.15.0-112-generic-x86_64-with-debian-buster-sid) msrest/0.6.18
        msrest_azure/0.6.3 azure-mgmt-resource/10.2.0 Azure-SDK-For-Python AZURECLI/2.14.0
    method: GET
    uri: https://management.azure.com/subscriptions/00000000-0000-0000-0000-000000000000/resourcegroups/cli_test_ag_probe000001/providers/Microsoft.Resources/deployments/mock-deployment/operationStatuses/08585969657620208751?api-version=2020-06-01
  response:
    body:
      string: '{"status":"Running"}'
    headers:
      cache-control:
      - no-cache
      content-length:
      - '20'
      content-type:
      - application/json; charset=utf-8
      date:
      - Fri, 06 Nov 2020 05:39:49 GMT
      expires:
      - '-1'
      pragma:
      - no-cache
      strict-transport-security:
      - max-age=31536000; includeSubDomains
      vary:
      - Accept-Encoding
      x-content-type-options:
      - nosniff
    status:
      code: 200
      message: OK
- request:
    body: null
    headers:
      Accept:
      - application/json
      Accept-Encoding:
      - gzip, deflate
      CommandName:
      - network application-gateway create
      Connection:
      - keep-alive
      ParameterSetName:
      - -g -n --sku --public-ip-address
      User-Agent:
      - python/3.7.4 (Linux-4.15.0-112-generic-x86_64-with-debian-buster-sid) msrest/0.6.18
        msrest_azure/0.6.3 azure-mgmt-resource/10.2.0 Azure-SDK-For-Python AZURECLI/2.14.0
    method: GET
    uri: https://management.azure.com/subscriptions/00000000-0000-0000-0000-000000000000/resourcegroups/cli_test_ag_probe000001/providers/Microsoft.Resources/deployments/mock-deployment/operationStatuses/08585969657620208751?api-version=2020-06-01
  response:
    body:
      string: '{"status":"Running"}'
    headers:
      cache-control:
      - no-cache
      content-length:
      - '20'
      content-type:
      - application/json; charset=utf-8
      date:
      - Fri, 06 Nov 2020 05:40:19 GMT
      expires:
      - '-1'
      pragma:
      - no-cache
      strict-transport-security:
      - max-age=31536000; includeSubDomains
      vary:
      - Accept-Encoding
      x-content-type-options:
      - nosniff
    status:
      code: 200
      message: OK
- request:
    body: null
    headers:
      Accept:
      - application/json
      Accept-Encoding:
      - gzip, deflate
      CommandName:
      - network application-gateway create
      Connection:
      - keep-alive
      ParameterSetName:
      - -g -n --sku --public-ip-address
      User-Agent:
      - python/3.7.4 (Linux-4.15.0-112-generic-x86_64-with-debian-buster-sid) msrest/0.6.18
        msrest_azure/0.6.3 azure-mgmt-resource/10.2.0 Azure-SDK-For-Python AZURECLI/2.14.0
    method: GET
    uri: https://management.azure.com/subscriptions/00000000-0000-0000-0000-000000000000/resourcegroups/cli_test_ag_probe000001/providers/Microsoft.Resources/deployments/mock-deployment/operationStatuses/08585969657620208751?api-version=2020-06-01
  response:
    body:
      string: '{"status":"Running"}'
    headers:
      cache-control:
      - no-cache
      content-length:
      - '20'
      content-type:
      - application/json; charset=utf-8
      date:
      - Fri, 06 Nov 2020 05:40:50 GMT
      expires:
      - '-1'
      pragma:
      - no-cache
      strict-transport-security:
      - max-age=31536000; includeSubDomains
      vary:
      - Accept-Encoding
      x-content-type-options:
      - nosniff
    status:
      code: 200
      message: OK
- request:
    body: null
    headers:
      Accept:
      - application/json
      Accept-Encoding:
      - gzip, deflate
      CommandName:
      - network application-gateway create
      Connection:
      - keep-alive
      ParameterSetName:
      - -g -n --sku --public-ip-address
      User-Agent:
      - python/3.7.4 (Linux-4.15.0-112-generic-x86_64-with-debian-buster-sid) msrest/0.6.18
        msrest_azure/0.6.3 azure-mgmt-resource/10.2.0 Azure-SDK-For-Python AZURECLI/2.14.0
    method: GET
    uri: https://management.azure.com/subscriptions/00000000-0000-0000-0000-000000000000/resourcegroups/cli_test_ag_probe000001/providers/Microsoft.Resources/deployments/mock-deployment/operationStatuses/08585969657620208751?api-version=2020-06-01
  response:
    body:
      string: '{"status":"Running"}'
    headers:
      cache-control:
      - no-cache
      content-length:
      - '20'
      content-type:
      - application/json; charset=utf-8
      date:
      - Fri, 06 Nov 2020 05:41:20 GMT
      expires:
      - '-1'
      pragma:
      - no-cache
      strict-transport-security:
      - max-age=31536000; includeSubDomains
      vary:
      - Accept-Encoding
      x-content-type-options:
      - nosniff
    status:
      code: 200
      message: OK
- request:
    body: null
    headers:
      Accept:
      - application/json
      Accept-Encoding:
      - gzip, deflate
      CommandName:
      - network application-gateway create
      Connection:
      - keep-alive
      ParameterSetName:
      - -g -n --sku --public-ip-address
      User-Agent:
      - python/3.7.4 (Linux-4.15.0-112-generic-x86_64-with-debian-buster-sid) msrest/0.6.18
        msrest_azure/0.6.3 azure-mgmt-resource/10.2.0 Azure-SDK-For-Python AZURECLI/2.14.0
    method: GET
    uri: https://management.azure.com/subscriptions/00000000-0000-0000-0000-000000000000/resourcegroups/cli_test_ag_probe000001/providers/Microsoft.Resources/deployments/mock-deployment/operationStatuses/08585969657620208751?api-version=2020-06-01
  response:
    body:
      string: '{"status":"Running"}'
    headers:
      cache-control:
      - no-cache
      content-length:
      - '20'
      content-type:
      - application/json; charset=utf-8
      date:
      - Fri, 06 Nov 2020 05:41:50 GMT
      expires:
      - '-1'
      pragma:
      - no-cache
      strict-transport-security:
      - max-age=31536000; includeSubDomains
      vary:
      - Accept-Encoding
      x-content-type-options:
      - nosniff
    status:
      code: 200
      message: OK
- request:
    body: null
    headers:
      Accept:
      - application/json
      Accept-Encoding:
      - gzip, deflate
      CommandName:
      - network application-gateway create
      Connection:
      - keep-alive
      ParameterSetName:
      - -g -n --sku --public-ip-address
      User-Agent:
      - python/3.7.4 (Linux-4.15.0-112-generic-x86_64-with-debian-buster-sid) msrest/0.6.18
        msrest_azure/0.6.3 azure-mgmt-resource/10.2.0 Azure-SDK-For-Python AZURECLI/2.14.0
    method: GET
    uri: https://management.azure.com/subscriptions/00000000-0000-0000-0000-000000000000/resourcegroups/cli_test_ag_probe000001/providers/Microsoft.Resources/deployments/mock-deployment/operationStatuses/08585969657620208751?api-version=2020-06-01
  response:
    body:
      string: '{"status":"Running"}'
    headers:
      cache-control:
      - no-cache
      content-length:
      - '20'
      content-type:
      - application/json; charset=utf-8
      date:
      - Fri, 06 Nov 2020 05:42:22 GMT
      expires:
      - '-1'
      pragma:
      - no-cache
      strict-transport-security:
      - max-age=31536000; includeSubDomains
      vary:
      - Accept-Encoding
      x-content-type-options:
      - nosniff
    status:
      code: 200
      message: OK
- request:
    body: null
    headers:
      Accept:
      - application/json
      Accept-Encoding:
      - gzip, deflate
      CommandName:
      - network application-gateway create
      Connection:
      - keep-alive
      ParameterSetName:
      - -g -n --sku --public-ip-address
      User-Agent:
      - python/3.7.4 (Linux-4.15.0-112-generic-x86_64-with-debian-buster-sid) msrest/0.6.18
        msrest_azure/0.6.3 azure-mgmt-resource/10.2.0 Azure-SDK-For-Python AZURECLI/2.14.0
    method: GET
    uri: https://management.azure.com/subscriptions/00000000-0000-0000-0000-000000000000/resourcegroups/cli_test_ag_probe000001/providers/Microsoft.Resources/deployments/mock-deployment/operationStatuses/08585969657620208751?api-version=2020-06-01
  response:
    body:
      string: '{"status":"Running"}'
    headers:
      cache-control:
      - no-cache
      content-length:
      - '20'
      content-type:
      - application/json; charset=utf-8
      date:
      - Fri, 06 Nov 2020 05:42:52 GMT
      expires:
      - '-1'
      pragma:
      - no-cache
      strict-transport-security:
      - max-age=31536000; includeSubDomains
      vary:
      - Accept-Encoding
      x-content-type-options:
      - nosniff
    status:
      code: 200
      message: OK
- request:
    body: null
    headers:
      Accept:
      - application/json
      Accept-Encoding:
      - gzip, deflate
      CommandName:
      - network application-gateway create
      Connection:
      - keep-alive
      ParameterSetName:
      - -g -n --sku --public-ip-address
      User-Agent:
      - python/3.7.4 (Linux-4.15.0-112-generic-x86_64-with-debian-buster-sid) msrest/0.6.18
        msrest_azure/0.6.3 azure-mgmt-resource/10.2.0 Azure-SDK-For-Python AZURECLI/2.14.0
    method: GET
    uri: https://management.azure.com/subscriptions/00000000-0000-0000-0000-000000000000/resourcegroups/cli_test_ag_probe000001/providers/Microsoft.Resources/deployments/mock-deployment/operationStatuses/08585969657620208751?api-version=2020-06-01
  response:
    body:
      string: '{"status":"Running"}'
    headers:
      cache-control:
      - no-cache
      content-length:
      - '20'
      content-type:
      - application/json; charset=utf-8
      date:
      - Fri, 06 Nov 2020 05:43:22 GMT
      expires:
      - '-1'
      pragma:
      - no-cache
      strict-transport-security:
      - max-age=31536000; includeSubDomains
      vary:
      - Accept-Encoding
      x-content-type-options:
      - nosniff
    status:
      code: 200
      message: OK
- request:
    body: null
    headers:
      Accept:
      - application/json
      Accept-Encoding:
      - gzip, deflate
      CommandName:
      - network application-gateway create
      Connection:
      - keep-alive
      ParameterSetName:
      - -g -n --sku --public-ip-address
      User-Agent:
      - python/3.7.4 (Linux-4.15.0-112-generic-x86_64-with-debian-buster-sid) msrest/0.6.18
        msrest_azure/0.6.3 azure-mgmt-resource/10.2.0 Azure-SDK-For-Python AZURECLI/2.14.0
    method: GET
    uri: https://management.azure.com/subscriptions/00000000-0000-0000-0000-000000000000/resourcegroups/cli_test_ag_probe000001/providers/Microsoft.Resources/deployments/mock-deployment/operationStatuses/08585969657620208751?api-version=2020-06-01
  response:
    body:
      string: '{"status":"Running"}'
    headers:
      cache-control:
      - no-cache
      content-length:
      - '20'
      content-type:
      - application/json; charset=utf-8
      date:
      - Fri, 06 Nov 2020 05:43:52 GMT
      expires:
      - '-1'
      pragma:
      - no-cache
      strict-transport-security:
      - max-age=31536000; includeSubDomains
      vary:
      - Accept-Encoding
      x-content-type-options:
      - nosniff
    status:
      code: 200
      message: OK
- request:
    body: null
    headers:
      Accept:
      - application/json
      Accept-Encoding:
      - gzip, deflate
      CommandName:
      - network application-gateway create
      Connection:
      - keep-alive
      ParameterSetName:
      - -g -n --sku --public-ip-address
      User-Agent:
      - python/3.7.4 (Linux-4.15.0-112-generic-x86_64-with-debian-buster-sid) msrest/0.6.18
        msrest_azure/0.6.3 azure-mgmt-resource/10.2.0 Azure-SDK-For-Python AZURECLI/2.14.0
    method: GET
    uri: https://management.azure.com/subscriptions/00000000-0000-0000-0000-000000000000/resourcegroups/cli_test_ag_probe000001/providers/Microsoft.Resources/deployments/mock-deployment/operationStatuses/08585969657620208751?api-version=2020-06-01
  response:
    body:
      string: '{"status":"Running"}'
    headers:
      cache-control:
      - no-cache
      content-length:
      - '20'
      content-type:
      - application/json; charset=utf-8
      date:
      - Fri, 06 Nov 2020 05:44:23 GMT
      expires:
      - '-1'
      pragma:
      - no-cache
      strict-transport-security:
      - max-age=31536000; includeSubDomains
      vary:
      - Accept-Encoding
      x-content-type-options:
      - nosniff
    status:
      code: 200
      message: OK
- request:
    body: null
    headers:
      Accept:
      - application/json
      Accept-Encoding:
      - gzip, deflate
      CommandName:
      - network application-gateway create
      Connection:
      - keep-alive
      ParameterSetName:
      - -g -n --sku --public-ip-address
      User-Agent:
      - python/3.7.4 (Linux-4.15.0-112-generic-x86_64-with-debian-buster-sid) msrest/0.6.18
        msrest_azure/0.6.3 azure-mgmt-resource/10.2.0 Azure-SDK-For-Python AZURECLI/2.14.0
    method: GET
    uri: https://management.azure.com/subscriptions/00000000-0000-0000-0000-000000000000/resourcegroups/cli_test_ag_probe000001/providers/Microsoft.Resources/deployments/mock-deployment/operationStatuses/08585969657620208751?api-version=2020-06-01
  response:
    body:
      string: '{"status":"Succeeded"}'
    headers:
      cache-control:
      - no-cache
      content-length:
      - '22'
      content-type:
      - application/json; charset=utf-8
      date:
      - Fri, 06 Nov 2020 05:44:54 GMT
      expires:
      - '-1'
      pragma:
      - no-cache
      strict-transport-security:
      - max-age=31536000; includeSubDomains
      vary:
      - Accept-Encoding
      x-content-type-options:
      - nosniff
    status:
      code: 200
      message: OK
- request:
    body: null
    headers:
      Accept:
      - application/json
      Accept-Encoding:
      - gzip, deflate
      CommandName:
      - network application-gateway create
      Connection:
      - keep-alive
      ParameterSetName:
      - -g -n --sku --public-ip-address
      User-Agent:
      - python/3.7.4 (Linux-4.15.0-112-generic-x86_64-with-debian-buster-sid) msrest/0.6.18
        msrest_azure/0.6.3 azure-mgmt-resource/10.2.0 Azure-SDK-For-Python AZURECLI/2.14.0
    method: GET
    uri: https://management.azure.com/subscriptions/00000000-0000-0000-0000-000000000000/resourcegroups/cli_test_ag_probe000001/providers/Microsoft.Resources/deployments/mock-deployment?api-version=2020-06-01
  response:
    body:
      string: '{"id":"/subscriptions/00000000-0000-0000-0000-000000000000/resourceGroups/cli_test_ag_probe000001/providers/Microsoft.Resources/deployments/ag_deploy_EWZkFizUpTYE278AhRKJMfjjLFetccp3","name":"ag_deploy_EWZkFizUpTYE278AhRKJMfjjLFetccp3","type":"Microsoft.Resources/deployments","properties":{"templateHash":"16840324672947378449","parameters":{},"mode":"Incremental","provisioningState":"Succeeded","timestamp":"2020-11-06T05:44:52.045857Z","duration":"PT6M8.5891135S","correlationId":"7213a5ca-6a72-4b5e-92d6-1cf48f04eeb5","providers":[{"namespace":"Microsoft.Network","resourceTypes":[{"resourceType":"virtualNetworks","locations":["westus"]},{"resourceType":"applicationGateways","locations":["westus"]}]}],"dependencies":[{"dependsOn":[{"id":"/subscriptions/00000000-0000-0000-0000-000000000000/resourceGroups/cli_test_ag_probe000001/providers/Microsoft.Network/virtualNetworks/ag1Vnet","resourceType":"Microsoft.Network/virtualNetworks","resourceName":"ag1Vnet"}],"id":"/subscriptions/00000000-0000-0000-0000-000000000000/resourceGroups/cli_test_ag_probe000001/providers/Microsoft.Network/applicationGateways/ag1","resourceType":"Microsoft.Network/applicationGateways","resourceName":"ag1"}],"outputs":{"applicationGateway":{"type":"Object","value":{"provisioningState":"Succeeded","resourceGuid":"fa41bf44-6de2-43d5-a590-7eb91effd9b7","sku":{"name":"WAF_v2","tier":"WAF_v2","capacity":2},"operationalState":"Running","gatewayIPConfigurations":[{"name":"appGatewayFrontendIP","id":"/subscriptions/00000000-0000-0000-0000-000000000000/resourceGroups/cli_test_ag_probe000001/providers/Microsoft.Network/applicationGateways/ag1/gatewayIPConfigurations/appGatewayFrontendIP","etag":"W/\"db88f44a-1257-4f69-b44e-8da0caa2c32e\"","properties":{"provisioningState":"Succeeded","subnet":{"id":"/subscriptions/00000000-0000-0000-0000-000000000000/resourceGroups/cli_test_ag_probe000001/providers/Microsoft.Network/virtualNetworks/ag1Vnet/subnets/default"}},"type":"Microsoft.Network/applicationGateways/gatewayIPConfigurations"}],"sslCertificates":[],"trustedRootCertificates":[],"trustedClientCertificates":[],"sslProfiles":[],"frontendIPConfigurations":[{"name":"appGatewayFrontendIP","id":"/subscriptions/00000000-0000-0000-0000-000000000000/resourceGroups/cli_test_ag_probe000001/providers/Microsoft.Network/applicationGateways/ag1/frontendIPConfigurations/appGatewayFrontendIP","etag":"W/\"db88f44a-1257-4f69-b44e-8da0caa2c32e\"","type":"Microsoft.Network/applicationGateways/frontendIPConfigurations","properties":{"provisioningState":"Succeeded","privateIPAllocationMethod":"Dynamic","publicIPAddress":{"id":"/subscriptions/00000000-0000-0000-0000-000000000000/resourceGroups/cli_test_ag_probe000001/providers/Microsoft.Network/publicIPAddresses/gateway_ip"},"httpListeners":[{"id":"/subscriptions/00000000-0000-0000-0000-000000000000/resourceGroups/cli_test_ag_probe000001/providers/Microsoft.Network/applicationGateways/ag1/httpListeners/appGatewayHttpListener"}]}}],"frontendPorts":[{"name":"appGatewayFrontendPort","id":"/subscriptions/00000000-0000-0000-0000-000000000000/resourceGroups/cli_test_ag_probe000001/providers/Microsoft.Network/applicationGateways/ag1/frontendPorts/appGatewayFrontendPort","etag":"W/\"db88f44a-1257-4f69-b44e-8da0caa2c32e\"","properties":{"provisioningState":"Succeeded","port":80,"httpListeners":[{"id":"/subscriptions/00000000-0000-0000-0000-000000000000/resourceGroups/cli_test_ag_probe000001/providers/Microsoft.Network/applicationGateways/ag1/httpListeners/appGatewayHttpListener"}]},"type":"Microsoft.Network/applicationGateways/frontendPorts"}],"backendAddressPools":[{"name":"appGatewayBackendPool","id":"/subscriptions/00000000-0000-0000-0000-000000000000/resourceGroups/cli_test_ag_probe000001/providers/Microsoft.Network/applicationGateways/ag1/backendAddressPools/appGatewayBackendPool","etag":"W/\"db88f44a-1257-4f69-b44e-8da0caa2c32e\"","properties":{"provisioningState":"Succeeded","backendAddresses":[],"requestRoutingRules":[{"id":"/subscriptions/00000000-0000-0000-0000-000000000000/resourceGroups/cli_test_ag_probe000001/providers/Microsoft.Network/applicationGateways/ag1/requestRoutingRules/rule1"}]},"type":"Microsoft.Network/applicationGateways/backendAddressPools"}],"loadDistributionPolicies":[],"backendHttpSettingsCollection":[{"name":"appGatewayBackendHttpSettings","id":"/subscriptions/00000000-0000-0000-0000-000000000000/resourceGroups/cli_test_ag_probe000001/providers/Microsoft.Network/applicationGateways/ag1/backendHttpSettingsCollection/appGatewayBackendHttpSettings","etag":"W/\"db88f44a-1257-4f69-b44e-8da0caa2c32e\"","properties":{"provisioningState":"Succeeded","port":80,"protocol":"Http","cookieBasedAffinity":"Disabled","connectionDraining":{"enabled":false,"drainTimeoutInSec":1},"pickHostNameFromBackendAddress":false,"requestTimeout":30,"requestRoutingRules":[{"id":"/subscriptions/00000000-0000-0000-0000-000000000000/resourceGroups/cli_test_ag_probe000001/providers/Microsoft.Network/applicationGateways/ag1/requestRoutingRules/rule1"}]},"type":"Microsoft.Network/applicationGateways/backendHttpSettingsCollection"}],"httpListeners":[{"name":"appGatewayHttpListener","id":"/subscriptions/00000000-0000-0000-0000-000000000000/resourceGroups/cli_test_ag_probe000001/providers/Microsoft.Network/applicationGateways/ag1/httpListeners/appGatewayHttpListener","etag":"W/\"db88f44a-1257-4f69-b44e-8da0caa2c32e\"","properties":{"provisioningState":"Succeeded","frontendIPConfiguration":{"id":"/subscriptions/00000000-0000-0000-0000-000000000000/resourceGroups/cli_test_ag_probe000001/providers/Microsoft.Network/applicationGateways/ag1/frontendIPConfigurations/appGatewayFrontendIP"},"frontendPort":{"id":"/subscriptions/00000000-0000-0000-0000-000000000000/resourceGroups/cli_test_ag_probe000001/providers/Microsoft.Network/applicationGateways/ag1/frontendPorts/appGatewayFrontendPort"},"protocol":"Http","hostNames":[],"requireServerNameIndication":false,"requestRoutingRules":[{"id":"/subscriptions/00000000-0000-0000-0000-000000000000/resourceGroups/cli_test_ag_probe000001/providers/Microsoft.Network/applicationGateways/ag1/requestRoutingRules/rule1"}]},"type":"Microsoft.Network/applicationGateways/httpListeners"}],"urlPathMaps":[],"requestRoutingRules":[{"name":"rule1","id":"/subscriptions/00000000-0000-0000-0000-000000000000/resourceGroups/cli_test_ag_probe000001/providers/Microsoft.Network/applicationGateways/ag1/requestRoutingRules/rule1","etag":"W/\"db88f44a-1257-4f69-b44e-8da0caa2c32e\"","properties":{"provisioningState":"Succeeded","ruleType":"Basic","httpListener":{"id":"/subscriptions/00000000-0000-0000-0000-000000000000/resourceGroups/cli_test_ag_probe000001/providers/Microsoft.Network/applicationGateways/ag1/httpListeners/appGatewayHttpListener"},"backendAddressPool":{"id":"/subscriptions/00000000-0000-0000-0000-000000000000/resourceGroups/cli_test_ag_probe000001/providers/Microsoft.Network/applicationGateways/ag1/backendAddressPools/appGatewayBackendPool"},"backendHttpSettings":{"id":"/subscriptions/00000000-0000-0000-0000-000000000000/resourceGroups/cli_test_ag_probe000001/providers/Microsoft.Network/applicationGateways/ag1/backendHttpSettingsCollection/appGatewayBackendHttpSettings"}},"type":"Microsoft.Network/applicationGateways/requestRoutingRules"}],"probes":[],"rewriteRuleSets":[],"redirectConfigurations":[],"privateLinkConfigurations":[],"privateEndpointConnections":[]}}},"outputResources":[{"id":"/subscriptions/00000000-0000-0000-0000-000000000000/resourceGroups/cli_test_ag_probe000001/providers/Microsoft.Network/applicationGateways/ag1"},{"id":"/subscriptions/00000000-0000-0000-0000-000000000000/resourceGroups/cli_test_ag_probe000001/providers/Microsoft.Network/virtualNetworks/ag1Vnet"}]}}'
    headers:
      cache-control:
      - no-cache
      content-length:
      - '8969'
      content-type:
      - application/json; charset=utf-8
      date:
      - Fri, 06 Nov 2020 05:44:55 GMT
      expires:
      - '-1'
      pragma:
      - no-cache
      strict-transport-security:
      - max-age=31536000; includeSubDomains
      vary:
      - Accept-Encoding
      x-content-type-options:
      - nosniff
    status:
      code: 200
      message: OK
- request:
    body: null
    headers:
      Accept:
      - application/json
      Accept-Encoding:
      - gzip, deflate
      CommandName:
      - network application-gateway probe create
      Connection:
      - keep-alive
      ParameterSetName:
      - -g --gateway-name -n --no-wait --path --protocol --interval --timeout --threshold
        --min-servers --host --match-status-codes --host-name-from-http-settings --port
      User-Agent:
      - python/3.7.4 (Linux-4.15.0-112-generic-x86_64-with-debian-buster-sid) msrest/0.6.18
        msrest_azure/0.6.3 azure-mgmt-network/12.0.0 Azure-SDK-For-Python AZURECLI/2.14.0
      accept-language:
      - en-US
    method: GET
    uri: https://management.azure.com/subscriptions/00000000-0000-0000-0000-000000000000/resourceGroups/cli_test_ag_probe000001/providers/Microsoft.Network/applicationGateways/ag1?api-version=2020-06-01
  response:
    body:
      string: "{\r\n  \"name\": \"ag1\",\r\n  \"id\": \"/subscriptions/00000000-0000-0000-0000-000000000000/resourceGroups/cli_test_ag_probe000001/providers/Microsoft.Network/applicationGateways/ag1\"\
        ,\r\n  \"etag\": \"W/\\\"db88f44a-1257-4f69-b44e-8da0caa2c32e\\\"\",\r\n \
        \ \"type\": \"Microsoft.Network/applicationGateways\",\r\n  \"location\":\
        \ \"westus\",\r\n  \"tags\": {},\r\n  \"properties\": {\r\n    \"provisioningState\"\
        : \"Succeeded\",\r\n    \"resourceGuid\": \"fa41bf44-6de2-43d5-a590-7eb91effd9b7\"\
        ,\r\n    \"sku\": {\r\n      \"name\": \"WAF_v2\",\r\n      \"tier\": \"WAF_v2\"\
        ,\r\n      \"capacity\": 2\r\n    },\r\n    \"operationalState\": \"Running\"\
        ,\r\n    \"gatewayIPConfigurations\": [\r\n      {\r\n        \"name\": \"\
        appGatewayFrontendIP\",\r\n        \"id\": \"/subscriptions/00000000-0000-0000-0000-000000000000/resourceGroups/cli_test_ag_probe000001/providers/Microsoft.Network/applicationGateways/ag1/gatewayIPConfigurations/appGatewayFrontendIP\"\
        ,\r\n        \"etag\": \"W/\\\"db88f44a-1257-4f69-b44e-8da0caa2c32e\\\"\"\
        ,\r\n        \"properties\": {\r\n          \"provisioningState\": \"Succeeded\"\
        ,\r\n          \"subnet\": {\r\n            \"id\": \"/subscriptions/00000000-0000-0000-0000-000000000000/resourceGroups/cli_test_ag_probe000001/providers/Microsoft.Network/virtualNetworks/ag1Vnet/subnets/default\"\
        \r\n          }\r\n        },\r\n        \"type\": \"Microsoft.Network/applicationGateways/gatewayIPConfigurations\"\
        \r\n      }\r\n    ],\r\n    \"sslCertificates\": [],\r\n    \"trustedRootCertificates\"\
        : [],\r\n    \"trustedClientCertificates\": [],\r\n    \"sslProfiles\": [],\r\
        \n    \"frontendIPConfigurations\": [\r\n      {\r\n        \"name\": \"appGatewayFrontendIP\"\
        ,\r\n        \"id\": \"/subscriptions/00000000-0000-0000-0000-000000000000/resourceGroups/cli_test_ag_probe000001/providers/Microsoft.Network/applicationGateways/ag1/frontendIPConfigurations/appGatewayFrontendIP\"\
        ,\r\n        \"etag\": \"W/\\\"db88f44a-1257-4f69-b44e-8da0caa2c32e\\\"\"\
        ,\r\n        \"type\": \"Microsoft.Network/applicationGateways/frontendIPConfigurations\"\
        ,\r\n        \"properties\": {\r\n          \"provisioningState\": \"Succeeded\"\
        ,\r\n          \"privateIPAllocationMethod\": \"Dynamic\",\r\n          \"\
        publicIPAddress\": {\r\n            \"id\": \"/subscriptions/00000000-0000-0000-0000-000000000000/resourceGroups/cli_test_ag_probe000001/providers/Microsoft.Network/publicIPAddresses/gateway_ip\"\
        \r\n          },\r\n          \"httpListeners\": [\r\n            {\r\n  \
        \            \"id\": \"/subscriptions/00000000-0000-0000-0000-000000000000/resourceGroups/cli_test_ag_probe000001/providers/Microsoft.Network/applicationGateways/ag1/httpListeners/appGatewayHttpListener\"\
        \r\n            }\r\n          ]\r\n        }\r\n      }\r\n    ],\r\n   \
        \ \"frontendPorts\": [\r\n      {\r\n        \"name\": \"appGatewayFrontendPort\"\
        ,\r\n        \"id\": \"/subscriptions/00000000-0000-0000-0000-000000000000/resourceGroups/cli_test_ag_probe000001/providers/Microsoft.Network/applicationGateways/ag1/frontendPorts/appGatewayFrontendPort\"\
        ,\r\n        \"etag\": \"W/\\\"db88f44a-1257-4f69-b44e-8da0caa2c32e\\\"\"\
        ,\r\n        \"properties\": {\r\n          \"provisioningState\": \"Succeeded\"\
        ,\r\n          \"port\": 80,\r\n          \"httpListeners\": [\r\n       \
        \     {\r\n              \"id\": \"/subscriptions/00000000-0000-0000-0000-000000000000/resourceGroups/cli_test_ag_probe000001/providers/Microsoft.Network/applicationGateways/ag1/httpListeners/appGatewayHttpListener\"\
        \r\n            }\r\n          ]\r\n        },\r\n        \"type\": \"Microsoft.Network/applicationGateways/frontendPorts\"\
        \r\n      }\r\n    ],\r\n    \"backendAddressPools\": [\r\n      {\r\n   \
        \     \"name\": \"appGatewayBackendPool\",\r\n        \"id\": \"/subscriptions/00000000-0000-0000-0000-000000000000/resourceGroups/cli_test_ag_probe000001/providers/Microsoft.Network/applicationGateways/ag1/backendAddressPools/appGatewayBackendPool\"\
        ,\r\n        \"etag\": \"W/\\\"db88f44a-1257-4f69-b44e-8da0caa2c32e\\\"\"\
        ,\r\n        \"properties\": {\r\n          \"provisioningState\": \"Succeeded\"\
        ,\r\n          \"backendAddresses\": [],\r\n          \"requestRoutingRules\"\
        : [\r\n            {\r\n              \"id\": \"/subscriptions/00000000-0000-0000-0000-000000000000/resourceGroups/cli_test_ag_probe000001/providers/Microsoft.Network/applicationGateways/ag1/requestRoutingRules/rule1\"\
        \r\n            }\r\n          ]\r\n        },\r\n        \"type\": \"Microsoft.Network/applicationGateways/backendAddressPools\"\
        \r\n      }\r\n    ],\r\n    \"loadDistributionPolicies\": [],\r\n    \"backendHttpSettingsCollection\"\
        : [\r\n      {\r\n        \"name\": \"appGatewayBackendHttpSettings\",\r\n\
        \        \"id\": \"/subscriptions/00000000-0000-0000-0000-000000000000/resourceGroups/cli_test_ag_probe000001/providers/Microsoft.Network/applicationGateways/ag1/backendHttpSettingsCollection/appGatewayBackendHttpSettings\"\
        ,\r\n        \"etag\": \"W/\\\"db88f44a-1257-4f69-b44e-8da0caa2c32e\\\"\"\
        ,\r\n        \"properties\": {\r\n          \"provisioningState\": \"Succeeded\"\
        ,\r\n          \"port\": 80,\r\n          \"protocol\": \"Http\",\r\n    \
        \      \"cookieBasedAffinity\": \"Disabled\",\r\n          \"connectionDraining\"\
        : {\r\n            \"enabled\": false,\r\n            \"drainTimeoutInSec\"\
        : 1\r\n          },\r\n          \"pickHostNameFromBackendAddress\": false,\r\
        \n          \"requestTimeout\": 30,\r\n          \"requestRoutingRules\":\
        \ [\r\n            {\r\n              \"id\": \"/subscriptions/00000000-0000-0000-0000-000000000000/resourceGroups/cli_test_ag_probe000001/providers/Microsoft.Network/applicationGateways/ag1/requestRoutingRules/rule1\"\
        \r\n            }\r\n          ]\r\n        },\r\n        \"type\": \"Microsoft.Network/applicationGateways/backendHttpSettingsCollection\"\
        \r\n      }\r\n    ],\r\n    \"httpListeners\": [\r\n      {\r\n        \"\
        name\": \"appGatewayHttpListener\",\r\n        \"id\": \"/subscriptions/00000000-0000-0000-0000-000000000000/resourceGroups/cli_test_ag_probe000001/providers/Microsoft.Network/applicationGateways/ag1/httpListeners/appGatewayHttpListener\"\
        ,\r\n        \"etag\": \"W/\\\"db88f44a-1257-4f69-b44e-8da0caa2c32e\\\"\"\
        ,\r\n        \"properties\": {\r\n          \"provisioningState\": \"Succeeded\"\
        ,\r\n          \"frontendIPConfiguration\": {\r\n            \"id\": \"/subscriptions/00000000-0000-0000-0000-000000000000/resourceGroups/cli_test_ag_probe000001/providers/Microsoft.Network/applicationGateways/ag1/frontendIPConfigurations/appGatewayFrontendIP\"\
        \r\n          },\r\n          \"frontendPort\": {\r\n            \"id\": \"\
        /subscriptions/00000000-0000-0000-0000-000000000000/resourceGroups/cli_test_ag_probe000001/providers/Microsoft.Network/applicationGateways/ag1/frontendPorts/appGatewayFrontendPort\"\
        \r\n          },\r\n          \"protocol\": \"Http\",\r\n          \"hostNames\"\
        : [],\r\n          \"requireServerNameIndication\": false,\r\n          \"\
        requestRoutingRules\": [\r\n            {\r\n              \"id\": \"/subscriptions/00000000-0000-0000-0000-000000000000/resourceGroups/cli_test_ag_probe000001/providers/Microsoft.Network/applicationGateways/ag1/requestRoutingRules/rule1\"\
        \r\n            }\r\n          ]\r\n        },\r\n        \"type\": \"Microsoft.Network/applicationGateways/httpListeners\"\
        \r\n      }\r\n    ],\r\n    \"urlPathMaps\": [],\r\n    \"requestRoutingRules\"\
        : [\r\n      {\r\n        \"name\": \"rule1\",\r\n        \"id\": \"/subscriptions/00000000-0000-0000-0000-000000000000/resourceGroups/cli_test_ag_probe000001/providers/Microsoft.Network/applicationGateways/ag1/requestRoutingRules/rule1\"\
        ,\r\n        \"etag\": \"W/\\\"db88f44a-1257-4f69-b44e-8da0caa2c32e\\\"\"\
        ,\r\n        \"properties\": {\r\n          \"provisioningState\": \"Succeeded\"\
        ,\r\n          \"ruleType\": \"Basic\",\r\n          \"httpListener\": {\r\
        \n            \"id\": \"/subscriptions/00000000-0000-0000-0000-000000000000/resourceGroups/cli_test_ag_probe000001/providers/Microsoft.Network/applicationGateways/ag1/httpListeners/appGatewayHttpListener\"\
        \r\n          },\r\n          \"backendAddressPool\": {\r\n            \"\
        id\": \"/subscriptions/00000000-0000-0000-0000-000000000000/resourceGroups/cli_test_ag_probe000001/providers/Microsoft.Network/applicationGateways/ag1/backendAddressPools/appGatewayBackendPool\"\
        \r\n          },\r\n          \"backendHttpSettings\": {\r\n            \"\
        id\": \"/subscriptions/00000000-0000-0000-0000-000000000000/resourceGroups/cli_test_ag_probe000001/providers/Microsoft.Network/applicationGateways/ag1/backendHttpSettingsCollection/appGatewayBackendHttpSettings\"\
        \r\n          }\r\n        },\r\n        \"type\": \"Microsoft.Network/applicationGateways/requestRoutingRules\"\
        \r\n      }\r\n    ],\r\n    \"probes\": [],\r\n    \"rewriteRuleSets\": [],\r\
        \n    \"redirectConfigurations\": [],\r\n    \"privateLinkConfigurations\"\
        : [],\r\n    \"privateEndpointConnections\": []\r\n  }\r\n}"
    headers:
      cache-control:
      - no-cache
      content-length:
      - '9256'
      content-type:
      - application/json; charset=utf-8
      date:
      - Fri, 06 Nov 2020 05:44:55 GMT
      etag:
      - W/"db88f44a-1257-4f69-b44e-8da0caa2c32e"
      expires:
      - '-1'
      pragma:
      - no-cache
      server:
      - Microsoft-HTTPAPI/2.0
      - Microsoft-HTTPAPI/2.0
      strict-transport-security:
      - max-age=31536000; includeSubDomains
      transfer-encoding:
      - chunked
      vary:
      - Accept-Encoding
      x-content-type-options:
      - nosniff
      x-ms-arm-service-request-id:
      - f01c1b29-ad7f-49ff-a1cc-10483dfac57e
    status:
      code: 200
      message: OK
- request:
    body: '{"id": "/subscriptions/00000000-0000-0000-0000-000000000000/resourceGroups/cli_test_ag_probe000001/providers/Microsoft.Network/applicationGateways/ag1",
      "location": "westus", "tags": {}, "properties": {"sku": {"name": "WAF_v2", "tier":
      "WAF_v2", "capacity": 2}, "gatewayIPConfigurations": [{"id": "/subscriptions/00000000-0000-0000-0000-000000000000/resourceGroups/cli_test_ag_probe000001/providers/Microsoft.Network/applicationGateways/ag1/gatewayIPConfigurations/appGatewayFrontendIP",
      "properties": {"subnet": {"id": "/subscriptions/00000000-0000-0000-0000-000000000000/resourceGroups/cli_test_ag_probe000001/providers/Microsoft.Network/virtualNetworks/ag1Vnet/subnets/default"}},
      "name": "appGatewayFrontendIP"}], "trustedRootCertificates": [], "trustedClientCertificates":
      [], "sslCertificates": [], "frontendIPConfigurations": [{"id": "/subscriptions/00000000-0000-0000-0000-000000000000/resourceGroups/cli_test_ag_probe000001/providers/Microsoft.Network/applicationGateways/ag1/frontendIPConfigurations/appGatewayFrontendIP",
      "properties": {"privateIPAllocationMethod": "Dynamic", "publicIPAddress": {"id":
      "/subscriptions/00000000-0000-0000-0000-000000000000/resourceGroups/cli_test_ag_probe000001/providers/Microsoft.Network/publicIPAddresses/gateway_ip"}},
      "name": "appGatewayFrontendIP"}], "frontendPorts": [{"id": "/subscriptions/00000000-0000-0000-0000-000000000000/resourceGroups/cli_test_ag_probe000001/providers/Microsoft.Network/applicationGateways/ag1/frontendPorts/appGatewayFrontendPort",
      "properties": {"port": 80}, "name": "appGatewayFrontendPort"}], "probes": [{"properties":
      {"protocol": "Http", "host": "www.test.com", "path": "/test", "interval": 25,
      "timeout": 100, "unhealthyThreshold": 10, "pickHostNameFromBackendHttpSettings":
      false, "minServers": 2, "match": {"statusCodes": ["200", "204"]}, "port": 2048},
      "name": "myprobe"}], "backendAddressPools": [{"id": "/subscriptions/00000000-0000-0000-0000-000000000000/resourceGroups/cli_test_ag_probe000001/providers/Microsoft.Network/applicationGateways/ag1/backendAddressPools/appGatewayBackendPool",
      "properties": {"backendAddresses": []}, "name": "appGatewayBackendPool"}], "backendHttpSettingsCollection":
      [{"id": "/subscriptions/00000000-0000-0000-0000-000000000000/resourceGroups/cli_test_ag_probe000001/providers/Microsoft.Network/applicationGateways/ag1/backendHttpSettingsCollection/appGatewayBackendHttpSettings",
      "properties": {"port": 80, "protocol": "Http", "cookieBasedAffinity": "Disabled",
      "requestTimeout": 30, "connectionDraining": {"enabled": false, "drainTimeoutInSec":
      1}, "pickHostNameFromBackendAddress": false}, "name": "appGatewayBackendHttpSettings"}],
      "httpListeners": [{"id": "/subscriptions/00000000-0000-0000-0000-000000000000/resourceGroups/cli_test_ag_probe000001/providers/Microsoft.Network/applicationGateways/ag1/httpListeners/appGatewayHttpListener",
      "properties": {"frontendIPConfiguration": {"id": "/subscriptions/00000000-0000-0000-0000-000000000000/resourceGroups/cli_test_ag_probe000001/providers/Microsoft.Network/applicationGateways/ag1/frontendIPConfigurations/appGatewayFrontendIP"},
      "frontendPort": {"id": "/subscriptions/00000000-0000-0000-0000-000000000000/resourceGroups/cli_test_ag_probe000001/providers/Microsoft.Network/applicationGateways/ag1/frontendPorts/appGatewayFrontendPort"},
      "protocol": "Http", "requireServerNameIndication": false, "hostNames": []},
      "name": "appGatewayHttpListener"}], "sslProfiles": [], "urlPathMaps": [], "requestRoutingRules":
      [{"id": "/subscriptions/00000000-0000-0000-0000-000000000000/resourceGroups/cli_test_ag_probe000001/providers/Microsoft.Network/applicationGateways/ag1/requestRoutingRules/rule1",
      "properties": {"ruleType": "Basic", "backendAddressPool": {"id": "/subscriptions/00000000-0000-0000-0000-000000000000/resourceGroups/cli_test_ag_probe000001/providers/Microsoft.Network/applicationGateways/ag1/backendAddressPools/appGatewayBackendPool"},
      "backendHttpSettings": {"id": "/subscriptions/00000000-0000-0000-0000-000000000000/resourceGroups/cli_test_ag_probe000001/providers/Microsoft.Network/applicationGateways/ag1/backendHttpSettingsCollection/appGatewayBackendHttpSettings"},
      "httpListener": {"id": "/subscriptions/00000000-0000-0000-0000-000000000000/resourceGroups/cli_test_ag_probe000001/providers/Microsoft.Network/applicationGateways/ag1/httpListeners/appGatewayHttpListener"}},
      "name": "rule1"}], "rewriteRuleSets": [], "redirectConfigurations": [], "privateLinkConfigurations":
      []}}'
    headers:
      Accept:
      - application/json
      Accept-Encoding:
      - gzip, deflate
      CommandName:
      - network application-gateway probe create
      Connection:
      - keep-alive
      Content-Length:
      - '5250'
      Content-Type:
      - application/json; charset=utf-8
      ParameterSetName:
      - -g --gateway-name -n --no-wait --path --protocol --interval --timeout --threshold
        --min-servers --host --match-status-codes --host-name-from-http-settings --port
      User-Agent:
      - python/3.7.4 (Linux-4.15.0-112-generic-x86_64-with-debian-buster-sid) msrest/0.6.18
        msrest_azure/0.6.3 azure-mgmt-network/12.0.0 Azure-SDK-For-Python AZURECLI/2.14.0
      accept-language:
      - en-US
    method: PUT
    uri: https://management.azure.com/subscriptions/00000000-0000-0000-0000-000000000000/resourceGroups/cli_test_ag_probe000001/providers/Microsoft.Network/applicationGateways/ag1?api-version=2020-06-01
  response:
    body:
      string: "{\r\n  \"name\": \"ag1\",\r\n  \"id\": \"/subscriptions/00000000-0000-0000-0000-000000000000/resourceGroups/cli_test_ag_probe000001/providers/Microsoft.Network/applicationGateways/ag1\"\
        ,\r\n  \"etag\": \"W/\\\"b2131ed9-f530-471c-942c-fc51622011c7\\\"\",\r\n \
        \ \"type\": \"Microsoft.Network/applicationGateways\",\r\n  \"location\":\
        \ \"westus\",\r\n  \"tags\": {},\r\n  \"properties\": {\r\n    \"provisioningState\"\
        : \"Updating\",\r\n    \"resourceGuid\": \"fa41bf44-6de2-43d5-a590-7eb91effd9b7\"\
        ,\r\n    \"sku\": {\r\n      \"name\": \"WAF_v2\",\r\n      \"tier\": \"WAF_v2\"\
        ,\r\n      \"capacity\": 2\r\n    },\r\n    \"operationalState\": \"Running\"\
        ,\r\n    \"gatewayIPConfigurations\": [\r\n      {\r\n        \"name\": \"\
        appGatewayFrontendIP\",\r\n        \"id\": \"/subscriptions/00000000-0000-0000-0000-000000000000/resourceGroups/cli_test_ag_probe000001/providers/Microsoft.Network/applicationGateways/ag1/gatewayIPConfigurations/appGatewayFrontendIP\"\
        ,\r\n        \"etag\": \"W/\\\"b2131ed9-f530-471c-942c-fc51622011c7\\\"\"\
        ,\r\n        \"properties\": {\r\n          \"provisioningState\": \"Updating\"\
        ,\r\n          \"subnet\": {\r\n            \"id\": \"/subscriptions/00000000-0000-0000-0000-000000000000/resourceGroups/cli_test_ag_probe000001/providers/Microsoft.Network/virtualNetworks/ag1Vnet/subnets/default\"\
        \r\n          }\r\n        },\r\n        \"type\": \"Microsoft.Network/applicationGateways/gatewayIPConfigurations\"\
        \r\n      }\r\n    ],\r\n    \"sslCertificates\": [],\r\n    \"trustedRootCertificates\"\
        : [],\r\n    \"trustedClientCertificates\": [],\r\n    \"sslProfiles\": [],\r\
        \n    \"frontendIPConfigurations\": [\r\n      {\r\n        \"name\": \"appGatewayFrontendIP\"\
        ,\r\n        \"id\": \"/subscriptions/00000000-0000-0000-0000-000000000000/resourceGroups/cli_test_ag_probe000001/providers/Microsoft.Network/applicationGateways/ag1/frontendIPConfigurations/appGatewayFrontendIP\"\
        ,\r\n        \"etag\": \"W/\\\"b2131ed9-f530-471c-942c-fc51622011c7\\\"\"\
        ,\r\n        \"type\": \"Microsoft.Network/applicationGateways/frontendIPConfigurations\"\
        ,\r\n        \"properties\": {\r\n          \"provisioningState\": \"Updating\"\
        ,\r\n          \"privateIPAllocationMethod\": \"Dynamic\",\r\n          \"\
        publicIPAddress\": {\r\n            \"id\": \"/subscriptions/00000000-0000-0000-0000-000000000000/resourceGroups/cli_test_ag_probe000001/providers/Microsoft.Network/publicIPAddresses/gateway_ip\"\
        \r\n          },\r\n          \"httpListeners\": [\r\n            {\r\n  \
        \            \"id\": \"/subscriptions/00000000-0000-0000-0000-000000000000/resourceGroups/cli_test_ag_probe000001/providers/Microsoft.Network/applicationGateways/ag1/httpListeners/appGatewayHttpListener\"\
        \r\n            }\r\n          ]\r\n        }\r\n      }\r\n    ],\r\n   \
        \ \"frontendPorts\": [\r\n      {\r\n        \"name\": \"appGatewayFrontendPort\"\
        ,\r\n        \"id\": \"/subscriptions/00000000-0000-0000-0000-000000000000/resourceGroups/cli_test_ag_probe000001/providers/Microsoft.Network/applicationGateways/ag1/frontendPorts/appGatewayFrontendPort\"\
        ,\r\n        \"etag\": \"W/\\\"b2131ed9-f530-471c-942c-fc51622011c7\\\"\"\
        ,\r\n        \"properties\": {\r\n          \"provisioningState\": \"Updating\"\
        ,\r\n          \"port\": 80,\r\n          \"httpListeners\": [\r\n       \
        \     {\r\n              \"id\": \"/subscriptions/00000000-0000-0000-0000-000000000000/resourceGroups/cli_test_ag_probe000001/providers/Microsoft.Network/applicationGateways/ag1/httpListeners/appGatewayHttpListener\"\
        \r\n            }\r\n          ]\r\n        },\r\n        \"type\": \"Microsoft.Network/applicationGateways/frontendPorts\"\
        \r\n      }\r\n    ],\r\n    \"backendAddressPools\": [\r\n      {\r\n   \
        \     \"name\": \"appGatewayBackendPool\",\r\n        \"id\": \"/subscriptions/00000000-0000-0000-0000-000000000000/resourceGroups/cli_test_ag_probe000001/providers/Microsoft.Network/applicationGateways/ag1/backendAddressPools/appGatewayBackendPool\"\
        ,\r\n        \"etag\": \"W/\\\"b2131ed9-f530-471c-942c-fc51622011c7\\\"\"\
        ,\r\n        \"properties\": {\r\n          \"provisioningState\": \"Updating\"\
        ,\r\n          \"backendAddresses\": [],\r\n          \"requestRoutingRules\"\
        : [\r\n            {\r\n              \"id\": \"/subscriptions/00000000-0000-0000-0000-000000000000/resourceGroups/cli_test_ag_probe000001/providers/Microsoft.Network/applicationGateways/ag1/requestRoutingRules/rule1\"\
        \r\n            }\r\n          ]\r\n        },\r\n        \"type\": \"Microsoft.Network/applicationGateways/backendAddressPools\"\
        \r\n      }\r\n    ],\r\n    \"loadDistributionPolicies\": [],\r\n    \"backendHttpSettingsCollection\"\
        : [\r\n      {\r\n        \"name\": \"appGatewayBackendHttpSettings\",\r\n\
        \        \"id\": \"/subscriptions/00000000-0000-0000-0000-000000000000/resourceGroups/cli_test_ag_probe000001/providers/Microsoft.Network/applicationGateways/ag1/backendHttpSettingsCollection/appGatewayBackendHttpSettings\"\
        ,\r\n        \"etag\": \"W/\\\"b2131ed9-f530-471c-942c-fc51622011c7\\\"\"\
        ,\r\n        \"properties\": {\r\n          \"provisioningState\": \"Updating\"\
        ,\r\n          \"port\": 80,\r\n          \"protocol\": \"Http\",\r\n    \
        \      \"cookieBasedAffinity\": \"Disabled\",\r\n          \"connectionDraining\"\
        : {\r\n            \"enabled\": false,\r\n            \"drainTimeoutInSec\"\
        : 1\r\n          },\r\n          \"pickHostNameFromBackendAddress\": false,\r\
        \n          \"requestTimeout\": 30,\r\n          \"requestRoutingRules\":\
        \ [\r\n            {\r\n              \"id\": \"/subscriptions/00000000-0000-0000-0000-000000000000/resourceGroups/cli_test_ag_probe000001/providers/Microsoft.Network/applicationGateways/ag1/requestRoutingRules/rule1\"\
        \r\n            }\r\n          ]\r\n        },\r\n        \"type\": \"Microsoft.Network/applicationGateways/backendHttpSettingsCollection\"\
        \r\n      }\r\n    ],\r\n    \"httpListeners\": [\r\n      {\r\n        \"\
        name\": \"appGatewayHttpListener\",\r\n        \"id\": \"/subscriptions/00000000-0000-0000-0000-000000000000/resourceGroups/cli_test_ag_probe000001/providers/Microsoft.Network/applicationGateways/ag1/httpListeners/appGatewayHttpListener\"\
        ,\r\n        \"etag\": \"W/\\\"b2131ed9-f530-471c-942c-fc51622011c7\\\"\"\
        ,\r\n        \"properties\": {\r\n          \"provisioningState\": \"Updating\"\
        ,\r\n          \"frontendIPConfiguration\": {\r\n            \"id\": \"/subscriptions/00000000-0000-0000-0000-000000000000/resourceGroups/cli_test_ag_probe000001/providers/Microsoft.Network/applicationGateways/ag1/frontendIPConfigurations/appGatewayFrontendIP\"\
        \r\n          },\r\n          \"frontendPort\": {\r\n            \"id\": \"\
        /subscriptions/00000000-0000-0000-0000-000000000000/resourceGroups/cli_test_ag_probe000001/providers/Microsoft.Network/applicationGateways/ag1/frontendPorts/appGatewayFrontendPort\"\
        \r\n          },\r\n          \"protocol\": \"Http\",\r\n          \"hostNames\"\
        : [],\r\n          \"requireServerNameIndication\": false,\r\n          \"\
        requestRoutingRules\": [\r\n            {\r\n              \"id\": \"/subscriptions/00000000-0000-0000-0000-000000000000/resourceGroups/cli_test_ag_probe000001/providers/Microsoft.Network/applicationGateways/ag1/requestRoutingRules/rule1\"\
        \r\n            }\r\n          ]\r\n        },\r\n        \"type\": \"Microsoft.Network/applicationGateways/httpListeners\"\
        \r\n      }\r\n    ],\r\n    \"urlPathMaps\": [],\r\n    \"requestRoutingRules\"\
        : [\r\n      {\r\n        \"name\": \"rule1\",\r\n        \"id\": \"/subscriptions/00000000-0000-0000-0000-000000000000/resourceGroups/cli_test_ag_probe000001/providers/Microsoft.Network/applicationGateways/ag1/requestRoutingRules/rule1\"\
        ,\r\n        \"etag\": \"W/\\\"b2131ed9-f530-471c-942c-fc51622011c7\\\"\"\
        ,\r\n        \"properties\": {\r\n          \"provisioningState\": \"Updating\"\
        ,\r\n          \"ruleType\": \"Basic\",\r\n          \"httpListener\": {\r\
        \n            \"id\": \"/subscriptions/00000000-0000-0000-0000-000000000000/resourceGroups/cli_test_ag_probe000001/providers/Microsoft.Network/applicationGateways/ag1/httpListeners/appGatewayHttpListener\"\
        \r\n          },\r\n          \"backendAddressPool\": {\r\n            \"\
        id\": \"/subscriptions/00000000-0000-0000-0000-000000000000/resourceGroups/cli_test_ag_probe000001/providers/Microsoft.Network/applicationGateways/ag1/backendAddressPools/appGatewayBackendPool\"\
        \r\n          },\r\n          \"backendHttpSettings\": {\r\n            \"\
        id\": \"/subscriptions/00000000-0000-0000-0000-000000000000/resourceGroups/cli_test_ag_probe000001/providers/Microsoft.Network/applicationGateways/ag1/backendHttpSettingsCollection/appGatewayBackendHttpSettings\"\
        \r\n          }\r\n        },\r\n        \"type\": \"Microsoft.Network/applicationGateways/requestRoutingRules\"\
        \r\n      }\r\n    ],\r\n    \"probes\": [\r\n      {\r\n        \"name\"\
        : \"myprobe\",\r\n        \"id\": \"/subscriptions/00000000-0000-0000-0000-000000000000/resourceGroups/cli_test_ag_probe000001/providers/Microsoft.Network/applicationGateways/ag1/probes/myprobe\"\
        ,\r\n        \"etag\": \"W/\\\"b2131ed9-f530-471c-942c-fc51622011c7\\\"\"\
        ,\r\n        \"properties\": {\r\n          \"provisioningState\": \"Updating\"\
        ,\r\n          \"protocol\": \"Http\",\r\n          \"host\": \"www.test.com\"\
        ,\r\n          \"port\": 2048,\r\n          \"path\": \"/test\",\r\n     \
        \     \"interval\": 25,\r\n          \"timeout\": 100,\r\n          \"unhealthyThreshold\"\
        : 10,\r\n          \"pickHostNameFromBackendHttpSettings\": false,\r\n   \
        \       \"minServers\": 2,\r\n          \"match\": {\r\n            \"statusCodes\"\
        : [\r\n              \"200\",\r\n              \"204\"\r\n            ]\r\n\
        \          }\r\n        },\r\n        \"type\": \"Microsoft.Network/applicationGateways/probes\"\
        \r\n      }\r\n    ],\r\n    \"rewriteRuleSets\": [],\r\n    \"redirectConfigurations\"\
        : [],\r\n    \"privateLinkConfigurations\": [],\r\n    \"privateEndpointConnections\"\
        : []\r\n  }\r\n}"
    headers:
      azure-asyncoperation:
      - https://management.azure.com/subscriptions/00000000-0000-0000-0000-000000000000/providers/Microsoft.Network/locations/westus/operations/e9c1120f-1820-4503-98db-d1470f0df65b?api-version=2020-06-01
      cache-control:
      - no-cache
      content-length:
      - '10154'
      content-type:
      - application/json; charset=utf-8
      date:
      - Fri, 06 Nov 2020 05:44:56 GMT
      expires:
      - '-1'
      pragma:
      - no-cache
      server:
      - Microsoft-HTTPAPI/2.0
      - Microsoft-HTTPAPI/2.0
      strict-transport-security:
      - max-age=31536000; includeSubDomains
      transfer-encoding:
      - chunked
      vary:
      - Accept-Encoding
      x-content-type-options:
      - nosniff
      x-ms-arm-service-request-id:
      - 35d2b774-ccf8-498b-9858-cefc4517f277
      x-ms-ratelimit-remaining-subscription-writes:
      - '1194'
    status:
      code: 200
      message: OK
- request:
    body: null
    headers:
      Accept:
      - application/json
      Accept-Encoding:
      - gzip, deflate
      CommandName:
      - network application-gateway probe show
      Connection:
      - keep-alive
      ParameterSetName:
      - -g --gateway-name -n
      User-Agent:
      - python/3.7.4 (Linux-4.15.0-112-generic-x86_64-with-debian-buster-sid) msrest/0.6.18
        msrest_azure/0.6.3 azure-mgmt-network/12.0.0 Azure-SDK-For-Python AZURECLI/2.14.0
      accept-language:
      - en-US
    method: GET
    uri: https://management.azure.com/subscriptions/00000000-0000-0000-0000-000000000000/resourceGroups/cli_test_ag_probe000001/providers/Microsoft.Network/applicationGateways/ag1?api-version=2020-06-01
  response:
    body:
      string: "{\r\n  \"name\": \"ag1\",\r\n  \"id\": \"/subscriptions/00000000-0000-0000-0000-000000000000/resourceGroups/cli_test_ag_probe000001/providers/Microsoft.Network/applicationGateways/ag1\"\
        ,\r\n  \"etag\": \"W/\\\"9c030bb8-91d4-4646-86f7-e0e756194cc9\\\"\",\r\n \
        \ \"type\": \"Microsoft.Network/applicationGateways\",\r\n  \"location\":\
        \ \"westus\",\r\n  \"tags\": {},\r\n  \"properties\": {\r\n    \"provisioningState\"\
        : \"Updating\",\r\n    \"resourceGuid\": \"fa41bf44-6de2-43d5-a590-7eb91effd9b7\"\
        ,\r\n    \"sku\": {\r\n      \"name\": \"WAF_v2\",\r\n      \"tier\": \"WAF_v2\"\
        ,\r\n      \"capacity\": 2\r\n    },\r\n    \"operationalState\": \"Running\"\
        ,\r\n    \"gatewayIPConfigurations\": [\r\n      {\r\n        \"name\": \"\
        appGatewayFrontendIP\",\r\n        \"id\": \"/subscriptions/00000000-0000-0000-0000-000000000000/resourceGroups/cli_test_ag_probe000001/providers/Microsoft.Network/applicationGateways/ag1/gatewayIPConfigurations/appGatewayFrontendIP\"\
        ,\r\n        \"etag\": \"W/\\\"9c030bb8-91d4-4646-86f7-e0e756194cc9\\\"\"\
        ,\r\n        \"properties\": {\r\n          \"provisioningState\": \"Updating\"\
        ,\r\n          \"subnet\": {\r\n            \"id\": \"/subscriptions/00000000-0000-0000-0000-000000000000/resourceGroups/cli_test_ag_probe000001/providers/Microsoft.Network/virtualNetworks/ag1Vnet/subnets/default\"\
        \r\n          }\r\n        },\r\n        \"type\": \"Microsoft.Network/applicationGateways/gatewayIPConfigurations\"\
        \r\n      }\r\n    ],\r\n    \"sslCertificates\": [],\r\n    \"trustedRootCertificates\"\
        : [],\r\n    \"trustedClientCertificates\": [],\r\n    \"sslProfiles\": [],\r\
        \n    \"frontendIPConfigurations\": [\r\n      {\r\n        \"name\": \"appGatewayFrontendIP\"\
        ,\r\n        \"id\": \"/subscriptions/00000000-0000-0000-0000-000000000000/resourceGroups/cli_test_ag_probe000001/providers/Microsoft.Network/applicationGateways/ag1/frontendIPConfigurations/appGatewayFrontendIP\"\
        ,\r\n        \"etag\": \"W/\\\"9c030bb8-91d4-4646-86f7-e0e756194cc9\\\"\"\
        ,\r\n        \"type\": \"Microsoft.Network/applicationGateways/frontendIPConfigurations\"\
        ,\r\n        \"properties\": {\r\n          \"provisioningState\": \"Updating\"\
        ,\r\n          \"privateIPAllocationMethod\": \"Dynamic\",\r\n          \"\
        publicIPAddress\": {\r\n            \"id\": \"/subscriptions/00000000-0000-0000-0000-000000000000/resourceGroups/cli_test_ag_probe000001/providers/Microsoft.Network/publicIPAddresses/gateway_ip\"\
        \r\n          },\r\n          \"httpListeners\": [\r\n            {\r\n  \
        \            \"id\": \"/subscriptions/00000000-0000-0000-0000-000000000000/resourceGroups/cli_test_ag_probe000001/providers/Microsoft.Network/applicationGateways/ag1/httpListeners/appGatewayHttpListener\"\
        \r\n            }\r\n          ]\r\n        }\r\n      }\r\n    ],\r\n   \
        \ \"frontendPorts\": [\r\n      {\r\n        \"name\": \"appGatewayFrontendPort\"\
        ,\r\n        \"id\": \"/subscriptions/00000000-0000-0000-0000-000000000000/resourceGroups/cli_test_ag_probe000001/providers/Microsoft.Network/applicationGateways/ag1/frontendPorts/appGatewayFrontendPort\"\
        ,\r\n        \"etag\": \"W/\\\"9c030bb8-91d4-4646-86f7-e0e756194cc9\\\"\"\
        ,\r\n        \"properties\": {\r\n          \"provisioningState\": \"Updating\"\
        ,\r\n          \"port\": 80,\r\n          \"httpListeners\": [\r\n       \
        \     {\r\n              \"id\": \"/subscriptions/00000000-0000-0000-0000-000000000000/resourceGroups/cli_test_ag_probe000001/providers/Microsoft.Network/applicationGateways/ag1/httpListeners/appGatewayHttpListener\"\
        \r\n            }\r\n          ]\r\n        },\r\n        \"type\": \"Microsoft.Network/applicationGateways/frontendPorts\"\
        \r\n      }\r\n    ],\r\n    \"backendAddressPools\": [\r\n      {\r\n   \
        \     \"name\": \"appGatewayBackendPool\",\r\n        \"id\": \"/subscriptions/00000000-0000-0000-0000-000000000000/resourceGroups/cli_test_ag_probe000001/providers/Microsoft.Network/applicationGateways/ag1/backendAddressPools/appGatewayBackendPool\"\
        ,\r\n        \"etag\": \"W/\\\"9c030bb8-91d4-4646-86f7-e0e756194cc9\\\"\"\
        ,\r\n        \"properties\": {\r\n          \"provisioningState\": \"Updating\"\
        ,\r\n          \"backendAddresses\": [],\r\n          \"requestRoutingRules\"\
        : [\r\n            {\r\n              \"id\": \"/subscriptions/00000000-0000-0000-0000-000000000000/resourceGroups/cli_test_ag_probe000001/providers/Microsoft.Network/applicationGateways/ag1/requestRoutingRules/rule1\"\
        \r\n            }\r\n          ]\r\n        },\r\n        \"type\": \"Microsoft.Network/applicationGateways/backendAddressPools\"\
        \r\n      }\r\n    ],\r\n    \"loadDistributionPolicies\": [],\r\n    \"backendHttpSettingsCollection\"\
        : [\r\n      {\r\n        \"name\": \"appGatewayBackendHttpSettings\",\r\n\
        \        \"id\": \"/subscriptions/00000000-0000-0000-0000-000000000000/resourceGroups/cli_test_ag_probe000001/providers/Microsoft.Network/applicationGateways/ag1/backendHttpSettingsCollection/appGatewayBackendHttpSettings\"\
        ,\r\n        \"etag\": \"W/\\\"9c030bb8-91d4-4646-86f7-e0e756194cc9\\\"\"\
        ,\r\n        \"properties\": {\r\n          \"provisioningState\": \"Updating\"\
        ,\r\n          \"port\": 80,\r\n          \"protocol\": \"Http\",\r\n    \
        \      \"cookieBasedAffinity\": \"Disabled\",\r\n          \"connectionDraining\"\
        : {\r\n            \"enabled\": false,\r\n            \"drainTimeoutInSec\"\
        : 1\r\n          },\r\n          \"pickHostNameFromBackendAddress\": false,\r\
        \n          \"requestTimeout\": 30,\r\n          \"requestRoutingRules\":\
        \ [\r\n            {\r\n              \"id\": \"/subscriptions/00000000-0000-0000-0000-000000000000/resourceGroups/cli_test_ag_probe000001/providers/Microsoft.Network/applicationGateways/ag1/requestRoutingRules/rule1\"\
        \r\n            }\r\n          ]\r\n        },\r\n        \"type\": \"Microsoft.Network/applicationGateways/backendHttpSettingsCollection\"\
        \r\n      }\r\n    ],\r\n    \"httpListeners\": [\r\n      {\r\n        \"\
        name\": \"appGatewayHttpListener\",\r\n        \"id\": \"/subscriptions/00000000-0000-0000-0000-000000000000/resourceGroups/cli_test_ag_probe000001/providers/Microsoft.Network/applicationGateways/ag1/httpListeners/appGatewayHttpListener\"\
        ,\r\n        \"etag\": \"W/\\\"9c030bb8-91d4-4646-86f7-e0e756194cc9\\\"\"\
        ,\r\n        \"properties\": {\r\n          \"provisioningState\": \"Updating\"\
        ,\r\n          \"frontendIPConfiguration\": {\r\n            \"id\": \"/subscriptions/00000000-0000-0000-0000-000000000000/resourceGroups/cli_test_ag_probe000001/providers/Microsoft.Network/applicationGateways/ag1/frontendIPConfigurations/appGatewayFrontendIP\"\
        \r\n          },\r\n          \"frontendPort\": {\r\n            \"id\": \"\
        /subscriptions/00000000-0000-0000-0000-000000000000/resourceGroups/cli_test_ag_probe000001/providers/Microsoft.Network/applicationGateways/ag1/frontendPorts/appGatewayFrontendPort\"\
        \r\n          },\r\n          \"protocol\": \"Http\",\r\n          \"hostNames\"\
        : [],\r\n          \"requireServerNameIndication\": false,\r\n          \"\
        requestRoutingRules\": [\r\n            {\r\n              \"id\": \"/subscriptions/00000000-0000-0000-0000-000000000000/resourceGroups/cli_test_ag_probe000001/providers/Microsoft.Network/applicationGateways/ag1/requestRoutingRules/rule1\"\
        \r\n            }\r\n          ]\r\n        },\r\n        \"type\": \"Microsoft.Network/applicationGateways/httpListeners\"\
        \r\n      }\r\n    ],\r\n    \"urlPathMaps\": [],\r\n    \"requestRoutingRules\"\
        : [\r\n      {\r\n        \"name\": \"rule1\",\r\n        \"id\": \"/subscriptions/00000000-0000-0000-0000-000000000000/resourceGroups/cli_test_ag_probe000001/providers/Microsoft.Network/applicationGateways/ag1/requestRoutingRules/rule1\"\
        ,\r\n        \"etag\": \"W/\\\"9c030bb8-91d4-4646-86f7-e0e756194cc9\\\"\"\
        ,\r\n        \"properties\": {\r\n          \"provisioningState\": \"Updating\"\
        ,\r\n          \"ruleType\": \"Basic\",\r\n          \"httpListener\": {\r\
        \n            \"id\": \"/subscriptions/00000000-0000-0000-0000-000000000000/resourceGroups/cli_test_ag_probe000001/providers/Microsoft.Network/applicationGateways/ag1/httpListeners/appGatewayHttpListener\"\
        \r\n          },\r\n          \"backendAddressPool\": {\r\n            \"\
        id\": \"/subscriptions/00000000-0000-0000-0000-000000000000/resourceGroups/cli_test_ag_probe000001/providers/Microsoft.Network/applicationGateways/ag1/backendAddressPools/appGatewayBackendPool\"\
        \r\n          },\r\n          \"backendHttpSettings\": {\r\n            \"\
        id\": \"/subscriptions/00000000-0000-0000-0000-000000000000/resourceGroups/cli_test_ag_probe000001/providers/Microsoft.Network/applicationGateways/ag1/backendHttpSettingsCollection/appGatewayBackendHttpSettings\"\
        \r\n          }\r\n        },\r\n        \"type\": \"Microsoft.Network/applicationGateways/requestRoutingRules\"\
        \r\n      }\r\n    ],\r\n    \"probes\": [\r\n      {\r\n        \"name\"\
        : \"myprobe\",\r\n        \"id\": \"/subscriptions/00000000-0000-0000-0000-000000000000/resourceGroups/cli_test_ag_probe000001/providers/Microsoft.Network/applicationGateways/ag1/probes/myprobe\"\
        ,\r\n        \"etag\": \"W/\\\"9c030bb8-91d4-4646-86f7-e0e756194cc9\\\"\"\
        ,\r\n        \"properties\": {\r\n          \"provisioningState\": \"Updating\"\
        ,\r\n          \"protocol\": \"Http\",\r\n          \"host\": \"www.test.com\"\
        ,\r\n          \"port\": 2048,\r\n          \"path\": \"/test\",\r\n     \
        \     \"interval\": 25,\r\n          \"timeout\": 100,\r\n          \"unhealthyThreshold\"\
        : 10,\r\n          \"pickHostNameFromBackendHttpSettings\": false,\r\n   \
        \       \"minServers\": 2,\r\n          \"match\": {\r\n            \"statusCodes\"\
        : [\r\n              \"200\",\r\n              \"204\"\r\n            ]\r\n\
        \          }\r\n        },\r\n        \"type\": \"Microsoft.Network/applicationGateways/probes\"\
        \r\n      }\r\n    ],\r\n    \"rewriteRuleSets\": [],\r\n    \"redirectConfigurations\"\
        : [],\r\n    \"privateLinkConfigurations\": [],\r\n    \"privateEndpointConnections\"\
        : []\r\n  }\r\n}"
    headers:
      cache-control:
      - no-cache
      content-length:
      - '10154'
      content-type:
      - application/json; charset=utf-8
      date:
      - Fri, 06 Nov 2020 05:44:57 GMT
      etag:
      - W/"9c030bb8-91d4-4646-86f7-e0e756194cc9"
      expires:
      - '-1'
      pragma:
      - no-cache
      server:
      - Microsoft-HTTPAPI/2.0
      - Microsoft-HTTPAPI/2.0
      strict-transport-security:
      - max-age=31536000; includeSubDomains
      transfer-encoding:
      - chunked
      vary:
      - Accept-Encoding
      x-content-type-options:
      - nosniff
      x-ms-arm-service-request-id:
      - 3c7a9f55-7152-4997-a723-215bd813fefe
    status:
      code: 200
      message: OK
- request:
    body: null
    headers:
      Accept:
      - application/json
      Accept-Encoding:
      - gzip, deflate
      CommandName:
      - network application-gateway probe update
      Connection:
      - keep-alive
      ParameterSetName:
      - -g --gateway-name -n --no-wait --path --protocol --interval --timeout --threshold
        --min-servers --host --match-status-codes --host-name-from-http-settings --port
      User-Agent:
      - python/3.7.4 (Linux-4.15.0-112-generic-x86_64-with-debian-buster-sid) msrest/0.6.18
        msrest_azure/0.6.3 azure-mgmt-network/12.0.0 Azure-SDK-For-Python AZURECLI/2.14.0
      accept-language:
      - en-US
    method: GET
    uri: https://management.azure.com/subscriptions/00000000-0000-0000-0000-000000000000/resourceGroups/cli_test_ag_probe000001/providers/Microsoft.Network/applicationGateways/ag1?api-version=2020-06-01
  response:
    body:
      string: "{\r\n  \"name\": \"ag1\",\r\n  \"id\": \"/subscriptions/00000000-0000-0000-0000-000000000000/resourceGroups/cli_test_ag_probe000001/providers/Microsoft.Network/applicationGateways/ag1\"\
        ,\r\n  \"etag\": \"W/\\\"9c030bb8-91d4-4646-86f7-e0e756194cc9\\\"\",\r\n \
        \ \"type\": \"Microsoft.Network/applicationGateways\",\r\n  \"location\":\
        \ \"westus\",\r\n  \"tags\": {},\r\n  \"properties\": {\r\n    \"provisioningState\"\
        : \"Updating\",\r\n    \"resourceGuid\": \"fa41bf44-6de2-43d5-a590-7eb91effd9b7\"\
        ,\r\n    \"sku\": {\r\n      \"name\": \"WAF_v2\",\r\n      \"tier\": \"WAF_v2\"\
        ,\r\n      \"capacity\": 2\r\n    },\r\n    \"operationalState\": \"Running\"\
        ,\r\n    \"gatewayIPConfigurations\": [\r\n      {\r\n        \"name\": \"\
        appGatewayFrontendIP\",\r\n        \"id\": \"/subscriptions/00000000-0000-0000-0000-000000000000/resourceGroups/cli_test_ag_probe000001/providers/Microsoft.Network/applicationGateways/ag1/gatewayIPConfigurations/appGatewayFrontendIP\"\
        ,\r\n        \"etag\": \"W/\\\"9c030bb8-91d4-4646-86f7-e0e756194cc9\\\"\"\
        ,\r\n        \"properties\": {\r\n          \"provisioningState\": \"Updating\"\
        ,\r\n          \"subnet\": {\r\n            \"id\": \"/subscriptions/00000000-0000-0000-0000-000000000000/resourceGroups/cli_test_ag_probe000001/providers/Microsoft.Network/virtualNetworks/ag1Vnet/subnets/default\"\
        \r\n          }\r\n        },\r\n        \"type\": \"Microsoft.Network/applicationGateways/gatewayIPConfigurations\"\
        \r\n      }\r\n    ],\r\n    \"sslCertificates\": [],\r\n    \"trustedRootCertificates\"\
        : [],\r\n    \"trustedClientCertificates\": [],\r\n    \"sslProfiles\": [],\r\
        \n    \"frontendIPConfigurations\": [\r\n      {\r\n        \"name\": \"appGatewayFrontendIP\"\
        ,\r\n        \"id\": \"/subscriptions/00000000-0000-0000-0000-000000000000/resourceGroups/cli_test_ag_probe000001/providers/Microsoft.Network/applicationGateways/ag1/frontendIPConfigurations/appGatewayFrontendIP\"\
        ,\r\n        \"etag\": \"W/\\\"9c030bb8-91d4-4646-86f7-e0e756194cc9\\\"\"\
        ,\r\n        \"type\": \"Microsoft.Network/applicationGateways/frontendIPConfigurations\"\
        ,\r\n        \"properties\": {\r\n          \"provisioningState\": \"Updating\"\
        ,\r\n          \"privateIPAllocationMethod\": \"Dynamic\",\r\n          \"\
        publicIPAddress\": {\r\n            \"id\": \"/subscriptions/00000000-0000-0000-0000-000000000000/resourceGroups/cli_test_ag_probe000001/providers/Microsoft.Network/publicIPAddresses/gateway_ip\"\
        \r\n          },\r\n          \"httpListeners\": [\r\n            {\r\n  \
        \            \"id\": \"/subscriptions/00000000-0000-0000-0000-000000000000/resourceGroups/cli_test_ag_probe000001/providers/Microsoft.Network/applicationGateways/ag1/httpListeners/appGatewayHttpListener\"\
        \r\n            }\r\n          ]\r\n        }\r\n      }\r\n    ],\r\n   \
        \ \"frontendPorts\": [\r\n      {\r\n        \"name\": \"appGatewayFrontendPort\"\
        ,\r\n        \"id\": \"/subscriptions/00000000-0000-0000-0000-000000000000/resourceGroups/cli_test_ag_probe000001/providers/Microsoft.Network/applicationGateways/ag1/frontendPorts/appGatewayFrontendPort\"\
        ,\r\n        \"etag\": \"W/\\\"9c030bb8-91d4-4646-86f7-e0e756194cc9\\\"\"\
        ,\r\n        \"properties\": {\r\n          \"provisioningState\": \"Updating\"\
        ,\r\n          \"port\": 80,\r\n          \"httpListeners\": [\r\n       \
        \     {\r\n              \"id\": \"/subscriptions/00000000-0000-0000-0000-000000000000/resourceGroups/cli_test_ag_probe000001/providers/Microsoft.Network/applicationGateways/ag1/httpListeners/appGatewayHttpListener\"\
        \r\n            }\r\n          ]\r\n        },\r\n        \"type\": \"Microsoft.Network/applicationGateways/frontendPorts\"\
        \r\n      }\r\n    ],\r\n    \"backendAddressPools\": [\r\n      {\r\n   \
        \     \"name\": \"appGatewayBackendPool\",\r\n        \"id\": \"/subscriptions/00000000-0000-0000-0000-000000000000/resourceGroups/cli_test_ag_probe000001/providers/Microsoft.Network/applicationGateways/ag1/backendAddressPools/appGatewayBackendPool\"\
        ,\r\n        \"etag\": \"W/\\\"9c030bb8-91d4-4646-86f7-e0e756194cc9\\\"\"\
        ,\r\n        \"properties\": {\r\n          \"provisioningState\": \"Updating\"\
        ,\r\n          \"backendAddresses\": [],\r\n          \"requestRoutingRules\"\
        : [\r\n            {\r\n              \"id\": \"/subscriptions/00000000-0000-0000-0000-000000000000/resourceGroups/cli_test_ag_probe000001/providers/Microsoft.Network/applicationGateways/ag1/requestRoutingRules/rule1\"\
        \r\n            }\r\n          ]\r\n        },\r\n        \"type\": \"Microsoft.Network/applicationGateways/backendAddressPools\"\
        \r\n      }\r\n    ],\r\n    \"loadDistributionPolicies\": [],\r\n    \"backendHttpSettingsCollection\"\
        : [\r\n      {\r\n        \"name\": \"appGatewayBackendHttpSettings\",\r\n\
        \        \"id\": \"/subscriptions/00000000-0000-0000-0000-000000000000/resourceGroups/cli_test_ag_probe000001/providers/Microsoft.Network/applicationGateways/ag1/backendHttpSettingsCollection/appGatewayBackendHttpSettings\"\
        ,\r\n        \"etag\": \"W/\\\"9c030bb8-91d4-4646-86f7-e0e756194cc9\\\"\"\
        ,\r\n        \"properties\": {\r\n          \"provisioningState\": \"Updating\"\
        ,\r\n          \"port\": 80,\r\n          \"protocol\": \"Http\",\r\n    \
        \      \"cookieBasedAffinity\": \"Disabled\",\r\n          \"connectionDraining\"\
        : {\r\n            \"enabled\": false,\r\n            \"drainTimeoutInSec\"\
        : 1\r\n          },\r\n          \"pickHostNameFromBackendAddress\": false,\r\
        \n          \"requestTimeout\": 30,\r\n          \"requestRoutingRules\":\
        \ [\r\n            {\r\n              \"id\": \"/subscriptions/00000000-0000-0000-0000-000000000000/resourceGroups/cli_test_ag_probe000001/providers/Microsoft.Network/applicationGateways/ag1/requestRoutingRules/rule1\"\
        \r\n            }\r\n          ]\r\n        },\r\n        \"type\": \"Microsoft.Network/applicationGateways/backendHttpSettingsCollection\"\
        \r\n      }\r\n    ],\r\n    \"httpListeners\": [\r\n      {\r\n        \"\
        name\": \"appGatewayHttpListener\",\r\n        \"id\": \"/subscriptions/00000000-0000-0000-0000-000000000000/resourceGroups/cli_test_ag_probe000001/providers/Microsoft.Network/applicationGateways/ag1/httpListeners/appGatewayHttpListener\"\
        ,\r\n        \"etag\": \"W/\\\"9c030bb8-91d4-4646-86f7-e0e756194cc9\\\"\"\
        ,\r\n        \"properties\": {\r\n          \"provisioningState\": \"Updating\"\
        ,\r\n          \"frontendIPConfiguration\": {\r\n            \"id\": \"/subscriptions/00000000-0000-0000-0000-000000000000/resourceGroups/cli_test_ag_probe000001/providers/Microsoft.Network/applicationGateways/ag1/frontendIPConfigurations/appGatewayFrontendIP\"\
        \r\n          },\r\n          \"frontendPort\": {\r\n            \"id\": \"\
        /subscriptions/00000000-0000-0000-0000-000000000000/resourceGroups/cli_test_ag_probe000001/providers/Microsoft.Network/applicationGateways/ag1/frontendPorts/appGatewayFrontendPort\"\
        \r\n          },\r\n          \"protocol\": \"Http\",\r\n          \"hostNames\"\
        : [],\r\n          \"requireServerNameIndication\": false,\r\n          \"\
        requestRoutingRules\": [\r\n            {\r\n              \"id\": \"/subscriptions/00000000-0000-0000-0000-000000000000/resourceGroups/cli_test_ag_probe000001/providers/Microsoft.Network/applicationGateways/ag1/requestRoutingRules/rule1\"\
        \r\n            }\r\n          ]\r\n        },\r\n        \"type\": \"Microsoft.Network/applicationGateways/httpListeners\"\
        \r\n      }\r\n    ],\r\n    \"urlPathMaps\": [],\r\n    \"requestRoutingRules\"\
        : [\r\n      {\r\n        \"name\": \"rule1\",\r\n        \"id\": \"/subscriptions/00000000-0000-0000-0000-000000000000/resourceGroups/cli_test_ag_probe000001/providers/Microsoft.Network/applicationGateways/ag1/requestRoutingRules/rule1\"\
        ,\r\n        \"etag\": \"W/\\\"9c030bb8-91d4-4646-86f7-e0e756194cc9\\\"\"\
        ,\r\n        \"properties\": {\r\n          \"provisioningState\": \"Updating\"\
        ,\r\n          \"ruleType\": \"Basic\",\r\n          \"httpListener\": {\r\
        \n            \"id\": \"/subscriptions/00000000-0000-0000-0000-000000000000/resourceGroups/cli_test_ag_probe000001/providers/Microsoft.Network/applicationGateways/ag1/httpListeners/appGatewayHttpListener\"\
        \r\n          },\r\n          \"backendAddressPool\": {\r\n            \"\
        id\": \"/subscriptions/00000000-0000-0000-0000-000000000000/resourceGroups/cli_test_ag_probe000001/providers/Microsoft.Network/applicationGateways/ag1/backendAddressPools/appGatewayBackendPool\"\
        \r\n          },\r\n          \"backendHttpSettings\": {\r\n            \"\
        id\": \"/subscriptions/00000000-0000-0000-0000-000000000000/resourceGroups/cli_test_ag_probe000001/providers/Microsoft.Network/applicationGateways/ag1/backendHttpSettingsCollection/appGatewayBackendHttpSettings\"\
        \r\n          }\r\n        },\r\n        \"type\": \"Microsoft.Network/applicationGateways/requestRoutingRules\"\
        \r\n      }\r\n    ],\r\n    \"probes\": [\r\n      {\r\n        \"name\"\
        : \"myprobe\",\r\n        \"id\": \"/subscriptions/00000000-0000-0000-0000-000000000000/resourceGroups/cli_test_ag_probe000001/providers/Microsoft.Network/applicationGateways/ag1/probes/myprobe\"\
        ,\r\n        \"etag\": \"W/\\\"9c030bb8-91d4-4646-86f7-e0e756194cc9\\\"\"\
        ,\r\n        \"properties\": {\r\n          \"provisioningState\": \"Updating\"\
        ,\r\n          \"protocol\": \"Http\",\r\n          \"host\": \"www.test.com\"\
        ,\r\n          \"port\": 2048,\r\n          \"path\": \"/test\",\r\n     \
        \     \"interval\": 25,\r\n          \"timeout\": 100,\r\n          \"unhealthyThreshold\"\
        : 10,\r\n          \"pickHostNameFromBackendHttpSettings\": false,\r\n   \
        \       \"minServers\": 2,\r\n          \"match\": {\r\n            \"statusCodes\"\
        : [\r\n              \"200\",\r\n              \"204\"\r\n            ]\r\n\
        \          }\r\n        },\r\n        \"type\": \"Microsoft.Network/applicationGateways/probes\"\
        \r\n      }\r\n    ],\r\n    \"rewriteRuleSets\": [],\r\n    \"redirectConfigurations\"\
        : [],\r\n    \"privateLinkConfigurations\": [],\r\n    \"privateEndpointConnections\"\
        : []\r\n  }\r\n}"
    headers:
      cache-control:
      - no-cache
      content-length:
      - '10154'
      content-type:
      - application/json; charset=utf-8
      date:
      - Fri, 06 Nov 2020 05:44:58 GMT
      etag:
      - W/"9c030bb8-91d4-4646-86f7-e0e756194cc9"
      expires:
      - '-1'
      pragma:
      - no-cache
      server:
      - Microsoft-HTTPAPI/2.0
      - Microsoft-HTTPAPI/2.0
      strict-transport-security:
      - max-age=31536000; includeSubDomains
      transfer-encoding:
      - chunked
      vary:
      - Accept-Encoding
      x-content-type-options:
      - nosniff
      x-ms-arm-service-request-id:
      - 74acaadd-c78a-4bf7-be10-dd444fa3c17c
    status:
      code: 200
      message: OK
- request:
    body: '{"id": "/subscriptions/00000000-0000-0000-0000-000000000000/resourceGroups/cli_test_ag_probe000001/providers/Microsoft.Network/applicationGateways/ag1",
      "location": "westus", "tags": {}, "properties": {"sku": {"name": "WAF_v2", "tier":
      "WAF_v2", "capacity": 2}, "gatewayIPConfigurations": [{"id": "/subscriptions/00000000-0000-0000-0000-000000000000/resourceGroups/cli_test_ag_probe000001/providers/Microsoft.Network/applicationGateways/ag1/gatewayIPConfigurations/appGatewayFrontendIP",
      "properties": {"subnet": {"id": "/subscriptions/00000000-0000-0000-0000-000000000000/resourceGroups/cli_test_ag_probe000001/providers/Microsoft.Network/virtualNetworks/ag1Vnet/subnets/default"}},
      "name": "appGatewayFrontendIP"}], "trustedRootCertificates": [], "trustedClientCertificates":
      [], "sslCertificates": [], "frontendIPConfigurations": [{"id": "/subscriptions/00000000-0000-0000-0000-000000000000/resourceGroups/cli_test_ag_probe000001/providers/Microsoft.Network/applicationGateways/ag1/frontendIPConfigurations/appGatewayFrontendIP",
      "properties": {"privateIPAllocationMethod": "Dynamic", "publicIPAddress": {"id":
      "/subscriptions/00000000-0000-0000-0000-000000000000/resourceGroups/cli_test_ag_probe000001/providers/Microsoft.Network/publicIPAddresses/gateway_ip"}},
      "name": "appGatewayFrontendIP"}], "frontendPorts": [{"id": "/subscriptions/00000000-0000-0000-0000-000000000000/resourceGroups/cli_test_ag_probe000001/providers/Microsoft.Network/applicationGateways/ag1/frontendPorts/appGatewayFrontendPort",
      "properties": {"port": 80}, "name": "appGatewayFrontendPort"}], "probes": [{"id":
      "/subscriptions/00000000-0000-0000-0000-000000000000/resourceGroups/cli_test_ag_probe000001/providers/Microsoft.Network/applicationGateways/ag1/probes/myprobe",
      "properties": {"protocol": "Https", "host": "", "path": "/test2", "interval":
      26, "timeout": 101, "unhealthyThreshold": 11, "pickHostNameFromBackendHttpSettings":
      true, "minServers": 3, "match": {"statusCodes": ["201"]}, "port": 4096}, "name":
      "myprobe"}], "backendAddressPools": [{"id": "/subscriptions/00000000-0000-0000-0000-000000000000/resourceGroups/cli_test_ag_probe000001/providers/Microsoft.Network/applicationGateways/ag1/backendAddressPools/appGatewayBackendPool",
      "properties": {"backendAddresses": []}, "name": "appGatewayBackendPool"}], "backendHttpSettingsCollection":
      [{"id": "/subscriptions/00000000-0000-0000-0000-000000000000/resourceGroups/cli_test_ag_probe000001/providers/Microsoft.Network/applicationGateways/ag1/backendHttpSettingsCollection/appGatewayBackendHttpSettings",
      "properties": {"port": 80, "protocol": "Http", "cookieBasedAffinity": "Disabled",
      "requestTimeout": 30, "connectionDraining": {"enabled": false, "drainTimeoutInSec":
      1}, "pickHostNameFromBackendAddress": false}, "name": "appGatewayBackendHttpSettings"}],
      "httpListeners": [{"id": "/subscriptions/00000000-0000-0000-0000-000000000000/resourceGroups/cli_test_ag_probe000001/providers/Microsoft.Network/applicationGateways/ag1/httpListeners/appGatewayHttpListener",
      "properties": {"frontendIPConfiguration": {"id": "/subscriptions/00000000-0000-0000-0000-000000000000/resourceGroups/cli_test_ag_probe000001/providers/Microsoft.Network/applicationGateways/ag1/frontendIPConfigurations/appGatewayFrontendIP"},
      "frontendPort": {"id": "/subscriptions/00000000-0000-0000-0000-000000000000/resourceGroups/cli_test_ag_probe000001/providers/Microsoft.Network/applicationGateways/ag1/frontendPorts/appGatewayFrontendPort"},
      "protocol": "Http", "requireServerNameIndication": false, "hostNames": []},
      "name": "appGatewayHttpListener"}], "sslProfiles": [], "urlPathMaps": [], "requestRoutingRules":
      [{"id": "/subscriptions/00000000-0000-0000-0000-000000000000/resourceGroups/cli_test_ag_probe000001/providers/Microsoft.Network/applicationGateways/ag1/requestRoutingRules/rule1",
      "properties": {"ruleType": "Basic", "backendAddressPool": {"id": "/subscriptions/00000000-0000-0000-0000-000000000000/resourceGroups/cli_test_ag_probe000001/providers/Microsoft.Network/applicationGateways/ag1/backendAddressPools/appGatewayBackendPool"},
      "backendHttpSettings": {"id": "/subscriptions/00000000-0000-0000-0000-000000000000/resourceGroups/cli_test_ag_probe000001/providers/Microsoft.Network/applicationGateways/ag1/backendHttpSettingsCollection/appGatewayBackendHttpSettings"},
      "httpListener": {"id": "/subscriptions/00000000-0000-0000-0000-000000000000/resourceGroups/cli_test_ag_probe000001/providers/Microsoft.Network/applicationGateways/ag1/httpListeners/appGatewayHttpListener"}},
      "name": "rule1"}], "rewriteRuleSets": [], "redirectConfigurations": [], "privateLinkConfigurations":
      []}}'
    headers:
      Accept:
      - application/json
      Accept-Encoding:
      - gzip, deflate
      CommandName:
      - network application-gateway probe update
      Connection:
      - keep-alive
      Content-Length:
      - '5451'
      Content-Type:
      - application/json; charset=utf-8
      ParameterSetName:
      - -g --gateway-name -n --no-wait --path --protocol --interval --timeout --threshold
        --min-servers --host --match-status-codes --host-name-from-http-settings --port
      User-Agent:
      - python/3.7.4 (Linux-4.15.0-112-generic-x86_64-with-debian-buster-sid) msrest/0.6.18
        msrest_azure/0.6.3 azure-mgmt-network/12.0.0 Azure-SDK-For-Python AZURECLI/2.14.0
      accept-language:
      - en-US
    method: PUT
    uri: https://management.azure.com/subscriptions/00000000-0000-0000-0000-000000000000/resourceGroups/cli_test_ag_probe000001/providers/Microsoft.Network/applicationGateways/ag1?api-version=2020-06-01
  response:
    body:
      string: "{\r\n  \"name\": \"ag1\",\r\n  \"id\": \"/subscriptions/00000000-0000-0000-0000-000000000000/resourceGroups/cli_test_ag_probe000001/providers/Microsoft.Network/applicationGateways/ag1\"\
        ,\r\n  \"etag\": \"W/\\\"4622d003-2b19-4bd3-890b-2ea479873aee\\\"\",\r\n \
        \ \"type\": \"Microsoft.Network/applicationGateways\",\r\n  \"location\":\
        \ \"westus\",\r\n  \"tags\": {},\r\n  \"properties\": {\r\n    \"provisioningState\"\
        : \"Updating\",\r\n    \"resourceGuid\": \"fa41bf44-6de2-43d5-a590-7eb91effd9b7\"\
        ,\r\n    \"sku\": {\r\n      \"name\": \"WAF_v2\",\r\n      \"tier\": \"WAF_v2\"\
        ,\r\n      \"capacity\": 2\r\n    },\r\n    \"operationalState\": \"Running\"\
        ,\r\n    \"gatewayIPConfigurations\": [\r\n      {\r\n        \"name\": \"\
        appGatewayFrontendIP\",\r\n        \"id\": \"/subscriptions/00000000-0000-0000-0000-000000000000/resourceGroups/cli_test_ag_probe000001/providers/Microsoft.Network/applicationGateways/ag1/gatewayIPConfigurations/appGatewayFrontendIP\"\
        ,\r\n        \"etag\": \"W/\\\"4622d003-2b19-4bd3-890b-2ea479873aee\\\"\"\
        ,\r\n        \"properties\": {\r\n          \"provisioningState\": \"Updating\"\
        ,\r\n          \"subnet\": {\r\n            \"id\": \"/subscriptions/00000000-0000-0000-0000-000000000000/resourceGroups/cli_test_ag_probe000001/providers/Microsoft.Network/virtualNetworks/ag1Vnet/subnets/default\"\
        \r\n          }\r\n        },\r\n        \"type\": \"Microsoft.Network/applicationGateways/gatewayIPConfigurations\"\
        \r\n      }\r\n    ],\r\n    \"sslCertificates\": [],\r\n    \"trustedRootCertificates\"\
        : [],\r\n    \"trustedClientCertificates\": [],\r\n    \"sslProfiles\": [],\r\
        \n    \"frontendIPConfigurations\": [\r\n      {\r\n        \"name\": \"appGatewayFrontendIP\"\
        ,\r\n        \"id\": \"/subscriptions/00000000-0000-0000-0000-000000000000/resourceGroups/cli_test_ag_probe000001/providers/Microsoft.Network/applicationGateways/ag1/frontendIPConfigurations/appGatewayFrontendIP\"\
        ,\r\n        \"etag\": \"W/\\\"4622d003-2b19-4bd3-890b-2ea479873aee\\\"\"\
        ,\r\n        \"type\": \"Microsoft.Network/applicationGateways/frontendIPConfigurations\"\
        ,\r\n        \"properties\": {\r\n          \"provisioningState\": \"Updating\"\
        ,\r\n          \"privateIPAllocationMethod\": \"Dynamic\",\r\n          \"\
        publicIPAddress\": {\r\n            \"id\": \"/subscriptions/00000000-0000-0000-0000-000000000000/resourceGroups/cli_test_ag_probe000001/providers/Microsoft.Network/publicIPAddresses/gateway_ip\"\
        \r\n          },\r\n          \"httpListeners\": [\r\n            {\r\n  \
        \            \"id\": \"/subscriptions/00000000-0000-0000-0000-000000000000/resourceGroups/cli_test_ag_probe000001/providers/Microsoft.Network/applicationGateways/ag1/httpListeners/appGatewayHttpListener\"\
        \r\n            }\r\n          ]\r\n        }\r\n      }\r\n    ],\r\n   \
        \ \"frontendPorts\": [\r\n      {\r\n        \"name\": \"appGatewayFrontendPort\"\
        ,\r\n        \"id\": \"/subscriptions/00000000-0000-0000-0000-000000000000/resourceGroups/cli_test_ag_probe000001/providers/Microsoft.Network/applicationGateways/ag1/frontendPorts/appGatewayFrontendPort\"\
        ,\r\n        \"etag\": \"W/\\\"4622d003-2b19-4bd3-890b-2ea479873aee\\\"\"\
        ,\r\n        \"properties\": {\r\n          \"provisioningState\": \"Updating\"\
        ,\r\n          \"port\": 80,\r\n          \"httpListeners\": [\r\n       \
        \     {\r\n              \"id\": \"/subscriptions/00000000-0000-0000-0000-000000000000/resourceGroups/cli_test_ag_probe000001/providers/Microsoft.Network/applicationGateways/ag1/httpListeners/appGatewayHttpListener\"\
        \r\n            }\r\n          ]\r\n        },\r\n        \"type\": \"Microsoft.Network/applicationGateways/frontendPorts\"\
        \r\n      }\r\n    ],\r\n    \"backendAddressPools\": [\r\n      {\r\n   \
        \     \"name\": \"appGatewayBackendPool\",\r\n        \"id\": \"/subscriptions/00000000-0000-0000-0000-000000000000/resourceGroups/cli_test_ag_probe000001/providers/Microsoft.Network/applicationGateways/ag1/backendAddressPools/appGatewayBackendPool\"\
        ,\r\n        \"etag\": \"W/\\\"4622d003-2b19-4bd3-890b-2ea479873aee\\\"\"\
        ,\r\n        \"properties\": {\r\n          \"provisioningState\": \"Updating\"\
        ,\r\n          \"backendAddresses\": [],\r\n          \"requestRoutingRules\"\
        : [\r\n            {\r\n              \"id\": \"/subscriptions/00000000-0000-0000-0000-000000000000/resourceGroups/cli_test_ag_probe000001/providers/Microsoft.Network/applicationGateways/ag1/requestRoutingRules/rule1\"\
        \r\n            }\r\n          ]\r\n        },\r\n        \"type\": \"Microsoft.Network/applicationGateways/backendAddressPools\"\
        \r\n      }\r\n    ],\r\n    \"loadDistributionPolicies\": [],\r\n    \"backendHttpSettingsCollection\"\
        : [\r\n      {\r\n        \"name\": \"appGatewayBackendHttpSettings\",\r\n\
        \        \"id\": \"/subscriptions/00000000-0000-0000-0000-000000000000/resourceGroups/cli_test_ag_probe000001/providers/Microsoft.Network/applicationGateways/ag1/backendHttpSettingsCollection/appGatewayBackendHttpSettings\"\
        ,\r\n        \"etag\": \"W/\\\"4622d003-2b19-4bd3-890b-2ea479873aee\\\"\"\
        ,\r\n        \"properties\": {\r\n          \"provisioningState\": \"Updating\"\
        ,\r\n          \"port\": 80,\r\n          \"protocol\": \"Http\",\r\n    \
        \      \"cookieBasedAffinity\": \"Disabled\",\r\n          \"connectionDraining\"\
        : {\r\n            \"enabled\": false,\r\n            \"drainTimeoutInSec\"\
        : 1\r\n          },\r\n          \"pickHostNameFromBackendAddress\": false,\r\
        \n          \"requestTimeout\": 30,\r\n          \"requestRoutingRules\":\
        \ [\r\n            {\r\n              \"id\": \"/subscriptions/00000000-0000-0000-0000-000000000000/resourceGroups/cli_test_ag_probe000001/providers/Microsoft.Network/applicationGateways/ag1/requestRoutingRules/rule1\"\
        \r\n            }\r\n          ]\r\n        },\r\n        \"type\": \"Microsoft.Network/applicationGateways/backendHttpSettingsCollection\"\
        \r\n      }\r\n    ],\r\n    \"httpListeners\": [\r\n      {\r\n        \"\
        name\": \"appGatewayHttpListener\",\r\n        \"id\": \"/subscriptions/00000000-0000-0000-0000-000000000000/resourceGroups/cli_test_ag_probe000001/providers/Microsoft.Network/applicationGateways/ag1/httpListeners/appGatewayHttpListener\"\
        ,\r\n        \"etag\": \"W/\\\"4622d003-2b19-4bd3-890b-2ea479873aee\\\"\"\
        ,\r\n        \"properties\": {\r\n          \"provisioningState\": \"Updating\"\
        ,\r\n          \"frontendIPConfiguration\": {\r\n            \"id\": \"/subscriptions/00000000-0000-0000-0000-000000000000/resourceGroups/cli_test_ag_probe000001/providers/Microsoft.Network/applicationGateways/ag1/frontendIPConfigurations/appGatewayFrontendIP\"\
        \r\n          },\r\n          \"frontendPort\": {\r\n            \"id\": \"\
        /subscriptions/00000000-0000-0000-0000-000000000000/resourceGroups/cli_test_ag_probe000001/providers/Microsoft.Network/applicationGateways/ag1/frontendPorts/appGatewayFrontendPort\"\
        \r\n          },\r\n          \"protocol\": \"Http\",\r\n          \"hostNames\"\
        : [],\r\n          \"requireServerNameIndication\": false,\r\n          \"\
        requestRoutingRules\": [\r\n            {\r\n              \"id\": \"/subscriptions/00000000-0000-0000-0000-000000000000/resourceGroups/cli_test_ag_probe000001/providers/Microsoft.Network/applicationGateways/ag1/requestRoutingRules/rule1\"\
        \r\n            }\r\n          ]\r\n        },\r\n        \"type\": \"Microsoft.Network/applicationGateways/httpListeners\"\
        \r\n      }\r\n    ],\r\n    \"urlPathMaps\": [],\r\n    \"requestRoutingRules\"\
        : [\r\n      {\r\n        \"name\": \"rule1\",\r\n        \"id\": \"/subscriptions/00000000-0000-0000-0000-000000000000/resourceGroups/cli_test_ag_probe000001/providers/Microsoft.Network/applicationGateways/ag1/requestRoutingRules/rule1\"\
        ,\r\n        \"etag\": \"W/\\\"4622d003-2b19-4bd3-890b-2ea479873aee\\\"\"\
        ,\r\n        \"properties\": {\r\n          \"provisioningState\": \"Updating\"\
        ,\r\n          \"ruleType\": \"Basic\",\r\n          \"httpListener\": {\r\
        \n            \"id\": \"/subscriptions/00000000-0000-0000-0000-000000000000/resourceGroups/cli_test_ag_probe000001/providers/Microsoft.Network/applicationGateways/ag1/httpListeners/appGatewayHttpListener\"\
        \r\n          },\r\n          \"backendAddressPool\": {\r\n            \"\
        id\": \"/subscriptions/00000000-0000-0000-0000-000000000000/resourceGroups/cli_test_ag_probe000001/providers/Microsoft.Network/applicationGateways/ag1/backendAddressPools/appGatewayBackendPool\"\
        \r\n          },\r\n          \"backendHttpSettings\": {\r\n            \"\
        id\": \"/subscriptions/00000000-0000-0000-0000-000000000000/resourceGroups/cli_test_ag_probe000001/providers/Microsoft.Network/applicationGateways/ag1/backendHttpSettingsCollection/appGatewayBackendHttpSettings\"\
        \r\n          }\r\n        },\r\n        \"type\": \"Microsoft.Network/applicationGateways/requestRoutingRules\"\
        \r\n      }\r\n    ],\r\n    \"probes\": [\r\n      {\r\n        \"name\"\
        : \"myprobe\",\r\n        \"id\": \"/subscriptions/00000000-0000-0000-0000-000000000000/resourceGroups/cli_test_ag_probe000001/providers/Microsoft.Network/applicationGateways/ag1/probes/myprobe\"\
        ,\r\n        \"etag\": \"W/\\\"4622d003-2b19-4bd3-890b-2ea479873aee\\\"\"\
        ,\r\n        \"properties\": {\r\n          \"provisioningState\": \"Updating\"\
        ,\r\n          \"protocol\": \"Https\",\r\n          \"host\": \"\",\r\n \
        \         \"port\": 4096,\r\n          \"path\": \"/test2\",\r\n         \
        \ \"interval\": 26,\r\n          \"timeout\": 101,\r\n          \"unhealthyThreshold\"\
        : 11,\r\n          \"pickHostNameFromBackendHttpSettings\": true,\r\n    \
        \      \"minServers\": 3,\r\n          \"match\": {\r\n            \"statusCodes\"\
        : [\r\n              \"201\"\r\n            ]\r\n          }\r\n        },\r\
        \n        \"type\": \"Microsoft.Network/applicationGateways/probes\"\r\n \
        \     }\r\n    ],\r\n    \"rewriteRuleSets\": [],\r\n    \"redirectConfigurations\"\
        : [],\r\n    \"privateLinkConfigurations\": [],\r\n    \"privateEndpointConnections\"\
        : []\r\n  }\r\n}"
    headers:
      azure-asyncoperation:
      - https://management.azure.com/subscriptions/00000000-0000-0000-0000-000000000000/providers/Microsoft.Network/locations/westus/operations/bfcb8d0c-fb4d-447e-84f9-b6fc59fd3758?api-version=2020-06-01
      cache-control:
      - no-cache
      content-length:
      - '10121'
      content-type:
      - application/json; charset=utf-8
      date:
      - Fri, 06 Nov 2020 05:44:59 GMT
      expires:
      - '-1'
      pragma:
      - no-cache
      server:
      - Microsoft-HTTPAPI/2.0
      - Microsoft-HTTPAPI/2.0
      strict-transport-security:
      - max-age=31536000; includeSubDomains
      transfer-encoding:
      - chunked
      vary:
      - Accept-Encoding
      x-content-type-options:
      - nosniff
      x-ms-arm-service-request-id:
      - 0e454aab-79b9-46e2-b664-4097cf34d877
      x-ms-ratelimit-remaining-subscription-writes:
      - '1194'
    status:
      code: 200
      message: OK
- request:
    body: null
    headers:
      Accept:
      - application/json
      Accept-Encoding:
      - gzip, deflate
      CommandName:
      - network application-gateway probe show
      Connection:
      - keep-alive
      ParameterSetName:
      - -g --gateway-name -n
      User-Agent:
      - python/3.7.4 (Linux-4.15.0-112-generic-x86_64-with-debian-buster-sid) msrest/0.6.18
        msrest_azure/0.6.3 azure-mgmt-network/12.0.0 Azure-SDK-For-Python AZURECLI/2.14.0
      accept-language:
      - en-US
    method: GET
    uri: https://management.azure.com/subscriptions/00000000-0000-0000-0000-000000000000/resourceGroups/cli_test_ag_probe000001/providers/Microsoft.Network/applicationGateways/ag1?api-version=2020-06-01
  response:
    body:
      string: "{\r\n  \"name\": \"ag1\",\r\n  \"id\": \"/subscriptions/00000000-0000-0000-0000-000000000000/resourceGroups/cli_test_ag_probe000001/providers/Microsoft.Network/applicationGateways/ag1\"\
        ,\r\n  \"etag\": \"W/\\\"cfc08e50-3a9e-4590-a5ff-1ac6c52cfa10\\\"\",\r\n \
        \ \"type\": \"Microsoft.Network/applicationGateways\",\r\n  \"location\":\
        \ \"westus\",\r\n  \"tags\": {},\r\n  \"properties\": {\r\n    \"provisioningState\"\
        : \"Updating\",\r\n    \"resourceGuid\": \"fa41bf44-6de2-43d5-a590-7eb91effd9b7\"\
        ,\r\n    \"sku\": {\r\n      \"name\": \"WAF_v2\",\r\n      \"tier\": \"WAF_v2\"\
        ,\r\n      \"capacity\": 2\r\n    },\r\n    \"operationalState\": \"Running\"\
        ,\r\n    \"gatewayIPConfigurations\": [\r\n      {\r\n        \"name\": \"\
        appGatewayFrontendIP\",\r\n        \"id\": \"/subscriptions/00000000-0000-0000-0000-000000000000/resourceGroups/cli_test_ag_probe000001/providers/Microsoft.Network/applicationGateways/ag1/gatewayIPConfigurations/appGatewayFrontendIP\"\
        ,\r\n        \"etag\": \"W/\\\"cfc08e50-3a9e-4590-a5ff-1ac6c52cfa10\\\"\"\
        ,\r\n        \"properties\": {\r\n          \"provisioningState\": \"Updating\"\
        ,\r\n          \"subnet\": {\r\n            \"id\": \"/subscriptions/00000000-0000-0000-0000-000000000000/resourceGroups/cli_test_ag_probe000001/providers/Microsoft.Network/virtualNetworks/ag1Vnet/subnets/default\"\
        \r\n          }\r\n        },\r\n        \"type\": \"Microsoft.Network/applicationGateways/gatewayIPConfigurations\"\
        \r\n      }\r\n    ],\r\n    \"sslCertificates\": [],\r\n    \"trustedRootCertificates\"\
        : [],\r\n    \"trustedClientCertificates\": [],\r\n    \"sslProfiles\": [],\r\
        \n    \"frontendIPConfigurations\": [\r\n      {\r\n        \"name\": \"appGatewayFrontendIP\"\
        ,\r\n        \"id\": \"/subscriptions/00000000-0000-0000-0000-000000000000/resourceGroups/cli_test_ag_probe000001/providers/Microsoft.Network/applicationGateways/ag1/frontendIPConfigurations/appGatewayFrontendIP\"\
        ,\r\n        \"etag\": \"W/\\\"cfc08e50-3a9e-4590-a5ff-1ac6c52cfa10\\\"\"\
        ,\r\n        \"type\": \"Microsoft.Network/applicationGateways/frontendIPConfigurations\"\
        ,\r\n        \"properties\": {\r\n          \"provisioningState\": \"Updating\"\
        ,\r\n          \"privateIPAllocationMethod\": \"Dynamic\",\r\n          \"\
        publicIPAddress\": {\r\n            \"id\": \"/subscriptions/00000000-0000-0000-0000-000000000000/resourceGroups/cli_test_ag_probe000001/providers/Microsoft.Network/publicIPAddresses/gateway_ip\"\
        \r\n          },\r\n          \"httpListeners\": [\r\n            {\r\n  \
        \            \"id\": \"/subscriptions/00000000-0000-0000-0000-000000000000/resourceGroups/cli_test_ag_probe000001/providers/Microsoft.Network/applicationGateways/ag1/httpListeners/appGatewayHttpListener\"\
        \r\n            }\r\n          ]\r\n        }\r\n      }\r\n    ],\r\n   \
        \ \"frontendPorts\": [\r\n      {\r\n        \"name\": \"appGatewayFrontendPort\"\
        ,\r\n        \"id\": \"/subscriptions/00000000-0000-0000-0000-000000000000/resourceGroups/cli_test_ag_probe000001/providers/Microsoft.Network/applicationGateways/ag1/frontendPorts/appGatewayFrontendPort\"\
        ,\r\n        \"etag\": \"W/\\\"cfc08e50-3a9e-4590-a5ff-1ac6c52cfa10\\\"\"\
        ,\r\n        \"properties\": {\r\n          \"provisioningState\": \"Updating\"\
        ,\r\n          \"port\": 80,\r\n          \"httpListeners\": [\r\n       \
        \     {\r\n              \"id\": \"/subscriptions/00000000-0000-0000-0000-000000000000/resourceGroups/cli_test_ag_probe000001/providers/Microsoft.Network/applicationGateways/ag1/httpListeners/appGatewayHttpListener\"\
        \r\n            }\r\n          ]\r\n        },\r\n        \"type\": \"Microsoft.Network/applicationGateways/frontendPorts\"\
        \r\n      }\r\n    ],\r\n    \"backendAddressPools\": [\r\n      {\r\n   \
        \     \"name\": \"appGatewayBackendPool\",\r\n        \"id\": \"/subscriptions/00000000-0000-0000-0000-000000000000/resourceGroups/cli_test_ag_probe000001/providers/Microsoft.Network/applicationGateways/ag1/backendAddressPools/appGatewayBackendPool\"\
        ,\r\n        \"etag\": \"W/\\\"cfc08e50-3a9e-4590-a5ff-1ac6c52cfa10\\\"\"\
        ,\r\n        \"properties\": {\r\n          \"provisioningState\": \"Updating\"\
        ,\r\n          \"backendAddresses\": [],\r\n          \"requestRoutingRules\"\
        : [\r\n            {\r\n              \"id\": \"/subscriptions/00000000-0000-0000-0000-000000000000/resourceGroups/cli_test_ag_probe000001/providers/Microsoft.Network/applicationGateways/ag1/requestRoutingRules/rule1\"\
        \r\n            }\r\n          ]\r\n        },\r\n        \"type\": \"Microsoft.Network/applicationGateways/backendAddressPools\"\
        \r\n      }\r\n    ],\r\n    \"loadDistributionPolicies\": [],\r\n    \"backendHttpSettingsCollection\"\
        : [\r\n      {\r\n        \"name\": \"appGatewayBackendHttpSettings\",\r\n\
        \        \"id\": \"/subscriptions/00000000-0000-0000-0000-000000000000/resourceGroups/cli_test_ag_probe000001/providers/Microsoft.Network/applicationGateways/ag1/backendHttpSettingsCollection/appGatewayBackendHttpSettings\"\
        ,\r\n        \"etag\": \"W/\\\"cfc08e50-3a9e-4590-a5ff-1ac6c52cfa10\\\"\"\
        ,\r\n        \"properties\": {\r\n          \"provisioningState\": \"Updating\"\
        ,\r\n          \"port\": 80,\r\n          \"protocol\": \"Http\",\r\n    \
        \      \"cookieBasedAffinity\": \"Disabled\",\r\n          \"connectionDraining\"\
        : {\r\n            \"enabled\": false,\r\n            \"drainTimeoutInSec\"\
        : 1\r\n          },\r\n          \"pickHostNameFromBackendAddress\": false,\r\
        \n          \"requestTimeout\": 30,\r\n          \"requestRoutingRules\":\
        \ [\r\n            {\r\n              \"id\": \"/subscriptions/00000000-0000-0000-0000-000000000000/resourceGroups/cli_test_ag_probe000001/providers/Microsoft.Network/applicationGateways/ag1/requestRoutingRules/rule1\"\
        \r\n            }\r\n          ]\r\n        },\r\n        \"type\": \"Microsoft.Network/applicationGateways/backendHttpSettingsCollection\"\
        \r\n      }\r\n    ],\r\n    \"httpListeners\": [\r\n      {\r\n        \"\
        name\": \"appGatewayHttpListener\",\r\n        \"id\": \"/subscriptions/00000000-0000-0000-0000-000000000000/resourceGroups/cli_test_ag_probe000001/providers/Microsoft.Network/applicationGateways/ag1/httpListeners/appGatewayHttpListener\"\
        ,\r\n        \"etag\": \"W/\\\"cfc08e50-3a9e-4590-a5ff-1ac6c52cfa10\\\"\"\
        ,\r\n        \"properties\": {\r\n          \"provisioningState\": \"Updating\"\
        ,\r\n          \"frontendIPConfiguration\": {\r\n            \"id\": \"/subscriptions/00000000-0000-0000-0000-000000000000/resourceGroups/cli_test_ag_probe000001/providers/Microsoft.Network/applicationGateways/ag1/frontendIPConfigurations/appGatewayFrontendIP\"\
        \r\n          },\r\n          \"frontendPort\": {\r\n            \"id\": \"\
        /subscriptions/00000000-0000-0000-0000-000000000000/resourceGroups/cli_test_ag_probe000001/providers/Microsoft.Network/applicationGateways/ag1/frontendPorts/appGatewayFrontendPort\"\
        \r\n          },\r\n          \"protocol\": \"Http\",\r\n          \"hostNames\"\
        : [],\r\n          \"requireServerNameIndication\": false,\r\n          \"\
        requestRoutingRules\": [\r\n            {\r\n              \"id\": \"/subscriptions/00000000-0000-0000-0000-000000000000/resourceGroups/cli_test_ag_probe000001/providers/Microsoft.Network/applicationGateways/ag1/requestRoutingRules/rule1\"\
        \r\n            }\r\n          ]\r\n        },\r\n        \"type\": \"Microsoft.Network/applicationGateways/httpListeners\"\
        \r\n      }\r\n    ],\r\n    \"urlPathMaps\": [],\r\n    \"requestRoutingRules\"\
        : [\r\n      {\r\n        \"name\": \"rule1\",\r\n        \"id\": \"/subscriptions/00000000-0000-0000-0000-000000000000/resourceGroups/cli_test_ag_probe000001/providers/Microsoft.Network/applicationGateways/ag1/requestRoutingRules/rule1\"\
        ,\r\n        \"etag\": \"W/\\\"cfc08e50-3a9e-4590-a5ff-1ac6c52cfa10\\\"\"\
        ,\r\n        \"properties\": {\r\n          \"provisioningState\": \"Updating\"\
        ,\r\n          \"ruleType\": \"Basic\",\r\n          \"httpListener\": {\r\
        \n            \"id\": \"/subscriptions/00000000-0000-0000-0000-000000000000/resourceGroups/cli_test_ag_probe000001/providers/Microsoft.Network/applicationGateways/ag1/httpListeners/appGatewayHttpListener\"\
        \r\n          },\r\n          \"backendAddressPool\": {\r\n            \"\
        id\": \"/subscriptions/00000000-0000-0000-0000-000000000000/resourceGroups/cli_test_ag_probe000001/providers/Microsoft.Network/applicationGateways/ag1/backendAddressPools/appGatewayBackendPool\"\
        \r\n          },\r\n          \"backendHttpSettings\": {\r\n            \"\
        id\": \"/subscriptions/00000000-0000-0000-0000-000000000000/resourceGroups/cli_test_ag_probe000001/providers/Microsoft.Network/applicationGateways/ag1/backendHttpSettingsCollection/appGatewayBackendHttpSettings\"\
        \r\n          }\r\n        },\r\n        \"type\": \"Microsoft.Network/applicationGateways/requestRoutingRules\"\
        \r\n      }\r\n    ],\r\n    \"probes\": [\r\n      {\r\n        \"name\"\
        : \"myprobe\",\r\n        \"id\": \"/subscriptions/00000000-0000-0000-0000-000000000000/resourceGroups/cli_test_ag_probe000001/providers/Microsoft.Network/applicationGateways/ag1/probes/myprobe\"\
        ,\r\n        \"etag\": \"W/\\\"cfc08e50-3a9e-4590-a5ff-1ac6c52cfa10\\\"\"\
        ,\r\n        \"properties\": {\r\n          \"provisioningState\": \"Updating\"\
        ,\r\n          \"protocol\": \"Https\",\r\n          \"host\": \"\",\r\n \
        \         \"port\": 4096,\r\n          \"path\": \"/test2\",\r\n         \
        \ \"interval\": 26,\r\n          \"timeout\": 101,\r\n          \"unhealthyThreshold\"\
        : 11,\r\n          \"pickHostNameFromBackendHttpSettings\": true,\r\n    \
        \      \"minServers\": 3,\r\n          \"match\": {\r\n            \"statusCodes\"\
        : [\r\n              \"201\"\r\n            ]\r\n          }\r\n        },\r\
        \n        \"type\": \"Microsoft.Network/applicationGateways/probes\"\r\n \
        \     }\r\n    ],\r\n    \"rewriteRuleSets\": [],\r\n    \"redirectConfigurations\"\
        : [],\r\n    \"privateLinkConfigurations\": [],\r\n    \"privateEndpointConnections\"\
        : []\r\n  }\r\n}"
    headers:
      cache-control:
      - no-cache
      content-length:
      - '10121'
      content-type:
      - application/json; charset=utf-8
      date:
      - Fri, 06 Nov 2020 05:45:00 GMT
      etag:
      - W/"cfc08e50-3a9e-4590-a5ff-1ac6c52cfa10"
      expires:
      - '-1'
      pragma:
      - no-cache
      server:
      - Microsoft-HTTPAPI/2.0
      - Microsoft-HTTPAPI/2.0
      strict-transport-security:
      - max-age=31536000; includeSubDomains
      transfer-encoding:
      - chunked
      vary:
      - Accept-Encoding
      x-content-type-options:
      - nosniff
      x-ms-arm-service-request-id:
      - 9841dfe9-b988-490f-a7ec-44d9c75efda6
    status:
      code: 200
      message: OK
- request:
    body: null
    headers:
      Accept:
      - application/json
      Accept-Encoding:
      - gzip, deflate
      CommandName:
      - network application-gateway probe list
      Connection:
      - keep-alive
      ParameterSetName:
      - -g --gateway-name
      User-Agent:
      - python/3.7.4 (Linux-4.15.0-112-generic-x86_64-with-debian-buster-sid) msrest/0.6.18
        msrest_azure/0.6.3 azure-mgmt-network/12.0.0 Azure-SDK-For-Python AZURECLI/2.14.0
      accept-language:
      - en-US
    method: GET
    uri: https://management.azure.com/subscriptions/00000000-0000-0000-0000-000000000000/resourceGroups/cli_test_ag_probe000001/providers/Microsoft.Network/applicationGateways/ag1?api-version=2020-06-01
  response:
    body:
      string: "{\r\n  \"name\": \"ag1\",\r\n  \"id\": \"/subscriptions/00000000-0000-0000-0000-000000000000/resourceGroups/cli_test_ag_probe000001/providers/Microsoft.Network/applicationGateways/ag1\"\
        ,\r\n  \"etag\": \"W/\\\"cfc08e50-3a9e-4590-a5ff-1ac6c52cfa10\\\"\",\r\n \
        \ \"type\": \"Microsoft.Network/applicationGateways\",\r\n  \"location\":\
        \ \"westus\",\r\n  \"tags\": {},\r\n  \"properties\": {\r\n    \"provisioningState\"\
        : \"Updating\",\r\n    \"resourceGuid\": \"fa41bf44-6de2-43d5-a590-7eb91effd9b7\"\
        ,\r\n    \"sku\": {\r\n      \"name\": \"WAF_v2\",\r\n      \"tier\": \"WAF_v2\"\
        ,\r\n      \"capacity\": 2\r\n    },\r\n    \"operationalState\": \"Running\"\
        ,\r\n    \"gatewayIPConfigurations\": [\r\n      {\r\n        \"name\": \"\
        appGatewayFrontendIP\",\r\n        \"id\": \"/subscriptions/00000000-0000-0000-0000-000000000000/resourceGroups/cli_test_ag_probe000001/providers/Microsoft.Network/applicationGateways/ag1/gatewayIPConfigurations/appGatewayFrontendIP\"\
        ,\r\n        \"etag\": \"W/\\\"cfc08e50-3a9e-4590-a5ff-1ac6c52cfa10\\\"\"\
        ,\r\n        \"properties\": {\r\n          \"provisioningState\": \"Updating\"\
        ,\r\n          \"subnet\": {\r\n            \"id\": \"/subscriptions/00000000-0000-0000-0000-000000000000/resourceGroups/cli_test_ag_probe000001/providers/Microsoft.Network/virtualNetworks/ag1Vnet/subnets/default\"\
        \r\n          }\r\n        },\r\n        \"type\": \"Microsoft.Network/applicationGateways/gatewayIPConfigurations\"\
        \r\n      }\r\n    ],\r\n    \"sslCertificates\": [],\r\n    \"trustedRootCertificates\"\
        : [],\r\n    \"trustedClientCertificates\": [],\r\n    \"sslProfiles\": [],\r\
        \n    \"frontendIPConfigurations\": [\r\n      {\r\n        \"name\": \"appGatewayFrontendIP\"\
        ,\r\n        \"id\": \"/subscriptions/00000000-0000-0000-0000-000000000000/resourceGroups/cli_test_ag_probe000001/providers/Microsoft.Network/applicationGateways/ag1/frontendIPConfigurations/appGatewayFrontendIP\"\
        ,\r\n        \"etag\": \"W/\\\"cfc08e50-3a9e-4590-a5ff-1ac6c52cfa10\\\"\"\
        ,\r\n        \"type\": \"Microsoft.Network/applicationGateways/frontendIPConfigurations\"\
        ,\r\n        \"properties\": {\r\n          \"provisioningState\": \"Updating\"\
        ,\r\n          \"privateIPAllocationMethod\": \"Dynamic\",\r\n          \"\
        publicIPAddress\": {\r\n            \"id\": \"/subscriptions/00000000-0000-0000-0000-000000000000/resourceGroups/cli_test_ag_probe000001/providers/Microsoft.Network/publicIPAddresses/gateway_ip\"\
        \r\n          },\r\n          \"httpListeners\": [\r\n            {\r\n  \
        \            \"id\": \"/subscriptions/00000000-0000-0000-0000-000000000000/resourceGroups/cli_test_ag_probe000001/providers/Microsoft.Network/applicationGateways/ag1/httpListeners/appGatewayHttpListener\"\
        \r\n            }\r\n          ]\r\n        }\r\n      }\r\n    ],\r\n   \
        \ \"frontendPorts\": [\r\n      {\r\n        \"name\": \"appGatewayFrontendPort\"\
        ,\r\n        \"id\": \"/subscriptions/00000000-0000-0000-0000-000000000000/resourceGroups/cli_test_ag_probe000001/providers/Microsoft.Network/applicationGateways/ag1/frontendPorts/appGatewayFrontendPort\"\
        ,\r\n        \"etag\": \"W/\\\"cfc08e50-3a9e-4590-a5ff-1ac6c52cfa10\\\"\"\
        ,\r\n        \"properties\": {\r\n          \"provisioningState\": \"Updating\"\
        ,\r\n          \"port\": 80,\r\n          \"httpListeners\": [\r\n       \
        \     {\r\n              \"id\": \"/subscriptions/00000000-0000-0000-0000-000000000000/resourceGroups/cli_test_ag_probe000001/providers/Microsoft.Network/applicationGateways/ag1/httpListeners/appGatewayHttpListener\"\
        \r\n            }\r\n          ]\r\n        },\r\n        \"type\": \"Microsoft.Network/applicationGateways/frontendPorts\"\
        \r\n      }\r\n    ],\r\n    \"backendAddressPools\": [\r\n      {\r\n   \
        \     \"name\": \"appGatewayBackendPool\",\r\n        \"id\": \"/subscriptions/00000000-0000-0000-0000-000000000000/resourceGroups/cli_test_ag_probe000001/providers/Microsoft.Network/applicationGateways/ag1/backendAddressPools/appGatewayBackendPool\"\
        ,\r\n        \"etag\": \"W/\\\"cfc08e50-3a9e-4590-a5ff-1ac6c52cfa10\\\"\"\
        ,\r\n        \"properties\": {\r\n          \"provisioningState\": \"Updating\"\
        ,\r\n          \"backendAddresses\": [],\r\n          \"requestRoutingRules\"\
        : [\r\n            {\r\n              \"id\": \"/subscriptions/00000000-0000-0000-0000-000000000000/resourceGroups/cli_test_ag_probe000001/providers/Microsoft.Network/applicationGateways/ag1/requestRoutingRules/rule1\"\
        \r\n            }\r\n          ]\r\n        },\r\n        \"type\": \"Microsoft.Network/applicationGateways/backendAddressPools\"\
        \r\n      }\r\n    ],\r\n    \"loadDistributionPolicies\": [],\r\n    \"backendHttpSettingsCollection\"\
        : [\r\n      {\r\n        \"name\": \"appGatewayBackendHttpSettings\",\r\n\
        \        \"id\": \"/subscriptions/00000000-0000-0000-0000-000000000000/resourceGroups/cli_test_ag_probe000001/providers/Microsoft.Network/applicationGateways/ag1/backendHttpSettingsCollection/appGatewayBackendHttpSettings\"\
        ,\r\n        \"etag\": \"W/\\\"cfc08e50-3a9e-4590-a5ff-1ac6c52cfa10\\\"\"\
        ,\r\n        \"properties\": {\r\n          \"provisioningState\": \"Updating\"\
        ,\r\n          \"port\": 80,\r\n          \"protocol\": \"Http\",\r\n    \
        \      \"cookieBasedAffinity\": \"Disabled\",\r\n          \"connectionDraining\"\
        : {\r\n            \"enabled\": false,\r\n            \"drainTimeoutInSec\"\
        : 1\r\n          },\r\n          \"pickHostNameFromBackendAddress\": false,\r\
        \n          \"requestTimeout\": 30,\r\n          \"requestRoutingRules\":\
        \ [\r\n            {\r\n              \"id\": \"/subscriptions/00000000-0000-0000-0000-000000000000/resourceGroups/cli_test_ag_probe000001/providers/Microsoft.Network/applicationGateways/ag1/requestRoutingRules/rule1\"\
        \r\n            }\r\n          ]\r\n        },\r\n        \"type\": \"Microsoft.Network/applicationGateways/backendHttpSettingsCollection\"\
        \r\n      }\r\n    ],\r\n    \"httpListeners\": [\r\n      {\r\n        \"\
        name\": \"appGatewayHttpListener\",\r\n        \"id\": \"/subscriptions/00000000-0000-0000-0000-000000000000/resourceGroups/cli_test_ag_probe000001/providers/Microsoft.Network/applicationGateways/ag1/httpListeners/appGatewayHttpListener\"\
        ,\r\n        \"etag\": \"W/\\\"cfc08e50-3a9e-4590-a5ff-1ac6c52cfa10\\\"\"\
        ,\r\n        \"properties\": {\r\n          \"provisioningState\": \"Updating\"\
        ,\r\n          \"frontendIPConfiguration\": {\r\n            \"id\": \"/subscriptions/00000000-0000-0000-0000-000000000000/resourceGroups/cli_test_ag_probe000001/providers/Microsoft.Network/applicationGateways/ag1/frontendIPConfigurations/appGatewayFrontendIP\"\
        \r\n          },\r\n          \"frontendPort\": {\r\n            \"id\": \"\
        /subscriptions/00000000-0000-0000-0000-000000000000/resourceGroups/cli_test_ag_probe000001/providers/Microsoft.Network/applicationGateways/ag1/frontendPorts/appGatewayFrontendPort\"\
        \r\n          },\r\n          \"protocol\": \"Http\",\r\n          \"hostNames\"\
        : [],\r\n          \"requireServerNameIndication\": false,\r\n          \"\
        requestRoutingRules\": [\r\n            {\r\n              \"id\": \"/subscriptions/00000000-0000-0000-0000-000000000000/resourceGroups/cli_test_ag_probe000001/providers/Microsoft.Network/applicationGateways/ag1/requestRoutingRules/rule1\"\
        \r\n            }\r\n          ]\r\n        },\r\n        \"type\": \"Microsoft.Network/applicationGateways/httpListeners\"\
        \r\n      }\r\n    ],\r\n    \"urlPathMaps\": [],\r\n    \"requestRoutingRules\"\
        : [\r\n      {\r\n        \"name\": \"rule1\",\r\n        \"id\": \"/subscriptions/00000000-0000-0000-0000-000000000000/resourceGroups/cli_test_ag_probe000001/providers/Microsoft.Network/applicationGateways/ag1/requestRoutingRules/rule1\"\
        ,\r\n        \"etag\": \"W/\\\"cfc08e50-3a9e-4590-a5ff-1ac6c52cfa10\\\"\"\
        ,\r\n        \"properties\": {\r\n          \"provisioningState\": \"Updating\"\
        ,\r\n          \"ruleType\": \"Basic\",\r\n          \"httpListener\": {\r\
        \n            \"id\": \"/subscriptions/00000000-0000-0000-0000-000000000000/resourceGroups/cli_test_ag_probe000001/providers/Microsoft.Network/applicationGateways/ag1/httpListeners/appGatewayHttpListener\"\
        \r\n          },\r\n          \"backendAddressPool\": {\r\n            \"\
        id\": \"/subscriptions/00000000-0000-0000-0000-000000000000/resourceGroups/cli_test_ag_probe000001/providers/Microsoft.Network/applicationGateways/ag1/backendAddressPools/appGatewayBackendPool\"\
        \r\n          },\r\n          \"backendHttpSettings\": {\r\n            \"\
        id\": \"/subscriptions/00000000-0000-0000-0000-000000000000/resourceGroups/cli_test_ag_probe000001/providers/Microsoft.Network/applicationGateways/ag1/backendHttpSettingsCollection/appGatewayBackendHttpSettings\"\
        \r\n          }\r\n        },\r\n        \"type\": \"Microsoft.Network/applicationGateways/requestRoutingRules\"\
        \r\n      }\r\n    ],\r\n    \"probes\": [\r\n      {\r\n        \"name\"\
        : \"myprobe\",\r\n        \"id\": \"/subscriptions/00000000-0000-0000-0000-000000000000/resourceGroups/cli_test_ag_probe000001/providers/Microsoft.Network/applicationGateways/ag1/probes/myprobe\"\
        ,\r\n        \"etag\": \"W/\\\"cfc08e50-3a9e-4590-a5ff-1ac6c52cfa10\\\"\"\
        ,\r\n        \"properties\": {\r\n          \"provisioningState\": \"Updating\"\
        ,\r\n          \"protocol\": \"Https\",\r\n          \"host\": \"\",\r\n \
        \         \"port\": 4096,\r\n          \"path\": \"/test2\",\r\n         \
        \ \"interval\": 26,\r\n          \"timeout\": 101,\r\n          \"unhealthyThreshold\"\
        : 11,\r\n          \"pickHostNameFromBackendHttpSettings\": true,\r\n    \
        \      \"minServers\": 3,\r\n          \"match\": {\r\n            \"statusCodes\"\
        : [\r\n              \"201\"\r\n            ]\r\n          }\r\n        },\r\
        \n        \"type\": \"Microsoft.Network/applicationGateways/probes\"\r\n \
        \     }\r\n    ],\r\n    \"rewriteRuleSets\": [],\r\n    \"redirectConfigurations\"\
        : [],\r\n    \"privateLinkConfigurations\": [],\r\n    \"privateEndpointConnections\"\
        : []\r\n  }\r\n}"
    headers:
      cache-control:
      - no-cache
      content-length:
      - '10121'
      content-type:
      - application/json; charset=utf-8
      date:
      - Fri, 06 Nov 2020 05:45:00 GMT
      etag:
      - W/"cfc08e50-3a9e-4590-a5ff-1ac6c52cfa10"
      expires:
      - '-1'
      pragma:
      - no-cache
      server:
      - Microsoft-HTTPAPI/2.0
      - Microsoft-HTTPAPI/2.0
      strict-transport-security:
      - max-age=31536000; includeSubDomains
      transfer-encoding:
      - chunked
      vary:
      - Accept-Encoding
      x-content-type-options:
      - nosniff
      x-ms-arm-service-request-id:
      - 90aa5314-a25e-40e2-8cce-4f40bb4809ac
    status:
      code: 200
      message: OK
- request:
    body: null
    headers:
      Accept:
      - application/json
      Accept-Encoding:
      - gzip, deflate
      CommandName:
      - network application-gateway probe delete
      Connection:
      - keep-alive
      ParameterSetName:
      - -g --gateway-name --no-wait -n
      User-Agent:
      - python/3.7.4 (Linux-4.15.0-112-generic-x86_64-with-debian-buster-sid) msrest/0.6.18
        msrest_azure/0.6.3 azure-mgmt-network/12.0.0 Azure-SDK-For-Python AZURECLI/2.14.0
      accept-language:
      - en-US
    method: GET
    uri: https://management.azure.com/subscriptions/00000000-0000-0000-0000-000000000000/resourceGroups/cli_test_ag_probe000001/providers/Microsoft.Network/applicationGateways/ag1?api-version=2020-06-01
  response:
    body:
      string: "{\r\n  \"name\": \"ag1\",\r\n  \"id\": \"/subscriptions/00000000-0000-0000-0000-000000000000/resourceGroups/cli_test_ag_probe000001/providers/Microsoft.Network/applicationGateways/ag1\"\
        ,\r\n  \"etag\": \"W/\\\"cfc08e50-3a9e-4590-a5ff-1ac6c52cfa10\\\"\",\r\n \
        \ \"type\": \"Microsoft.Network/applicationGateways\",\r\n  \"location\":\
        \ \"westus\",\r\n  \"tags\": {},\r\n  \"properties\": {\r\n    \"provisioningState\"\
        : \"Updating\",\r\n    \"resourceGuid\": \"fa41bf44-6de2-43d5-a590-7eb91effd9b7\"\
        ,\r\n    \"sku\": {\r\n      \"name\": \"WAF_v2\",\r\n      \"tier\": \"WAF_v2\"\
        ,\r\n      \"capacity\": 2\r\n    },\r\n    \"operationalState\": \"Running\"\
        ,\r\n    \"gatewayIPConfigurations\": [\r\n      {\r\n        \"name\": \"\
        appGatewayFrontendIP\",\r\n        \"id\": \"/subscriptions/00000000-0000-0000-0000-000000000000/resourceGroups/cli_test_ag_probe000001/providers/Microsoft.Network/applicationGateways/ag1/gatewayIPConfigurations/appGatewayFrontendIP\"\
        ,\r\n        \"etag\": \"W/\\\"cfc08e50-3a9e-4590-a5ff-1ac6c52cfa10\\\"\"\
        ,\r\n        \"properties\": {\r\n          \"provisioningState\": \"Updating\"\
        ,\r\n          \"subnet\": {\r\n            \"id\": \"/subscriptions/00000000-0000-0000-0000-000000000000/resourceGroups/cli_test_ag_probe000001/providers/Microsoft.Network/virtualNetworks/ag1Vnet/subnets/default\"\
        \r\n          }\r\n        },\r\n        \"type\": \"Microsoft.Network/applicationGateways/gatewayIPConfigurations\"\
        \r\n      }\r\n    ],\r\n    \"sslCertificates\": [],\r\n    \"trustedRootCertificates\"\
        : [],\r\n    \"trustedClientCertificates\": [],\r\n    \"sslProfiles\": [],\r\
        \n    \"frontendIPConfigurations\": [\r\n      {\r\n        \"name\": \"appGatewayFrontendIP\"\
        ,\r\n        \"id\": \"/subscriptions/00000000-0000-0000-0000-000000000000/resourceGroups/cli_test_ag_probe000001/providers/Microsoft.Network/applicationGateways/ag1/frontendIPConfigurations/appGatewayFrontendIP\"\
        ,\r\n        \"etag\": \"W/\\\"cfc08e50-3a9e-4590-a5ff-1ac6c52cfa10\\\"\"\
        ,\r\n        \"type\": \"Microsoft.Network/applicationGateways/frontendIPConfigurations\"\
        ,\r\n        \"properties\": {\r\n          \"provisioningState\": \"Updating\"\
        ,\r\n          \"privateIPAllocationMethod\": \"Dynamic\",\r\n          \"\
        publicIPAddress\": {\r\n            \"id\": \"/subscriptions/00000000-0000-0000-0000-000000000000/resourceGroups/cli_test_ag_probe000001/providers/Microsoft.Network/publicIPAddresses/gateway_ip\"\
        \r\n          },\r\n          \"httpListeners\": [\r\n            {\r\n  \
        \            \"id\": \"/subscriptions/00000000-0000-0000-0000-000000000000/resourceGroups/cli_test_ag_probe000001/providers/Microsoft.Network/applicationGateways/ag1/httpListeners/appGatewayHttpListener\"\
        \r\n            }\r\n          ]\r\n        }\r\n      }\r\n    ],\r\n   \
        \ \"frontendPorts\": [\r\n      {\r\n        \"name\": \"appGatewayFrontendPort\"\
        ,\r\n        \"id\": \"/subscriptions/00000000-0000-0000-0000-000000000000/resourceGroups/cli_test_ag_probe000001/providers/Microsoft.Network/applicationGateways/ag1/frontendPorts/appGatewayFrontendPort\"\
        ,\r\n        \"etag\": \"W/\\\"cfc08e50-3a9e-4590-a5ff-1ac6c52cfa10\\\"\"\
        ,\r\n        \"properties\": {\r\n          \"provisioningState\": \"Updating\"\
        ,\r\n          \"port\": 80,\r\n          \"httpListeners\": [\r\n       \
        \     {\r\n              \"id\": \"/subscriptions/00000000-0000-0000-0000-000000000000/resourceGroups/cli_test_ag_probe000001/providers/Microsoft.Network/applicationGateways/ag1/httpListeners/appGatewayHttpListener\"\
        \r\n            }\r\n          ]\r\n        },\r\n        \"type\": \"Microsoft.Network/applicationGateways/frontendPorts\"\
        \r\n      }\r\n    ],\r\n    \"backendAddressPools\": [\r\n      {\r\n   \
        \     \"name\": \"appGatewayBackendPool\",\r\n        \"id\": \"/subscriptions/00000000-0000-0000-0000-000000000000/resourceGroups/cli_test_ag_probe000001/providers/Microsoft.Network/applicationGateways/ag1/backendAddressPools/appGatewayBackendPool\"\
        ,\r\n        \"etag\": \"W/\\\"cfc08e50-3a9e-4590-a5ff-1ac6c52cfa10\\\"\"\
        ,\r\n        \"properties\": {\r\n          \"provisioningState\": \"Updating\"\
        ,\r\n          \"backendAddresses\": [],\r\n          \"requestRoutingRules\"\
        : [\r\n            {\r\n              \"id\": \"/subscriptions/00000000-0000-0000-0000-000000000000/resourceGroups/cli_test_ag_probe000001/providers/Microsoft.Network/applicationGateways/ag1/requestRoutingRules/rule1\"\
        \r\n            }\r\n          ]\r\n        },\r\n        \"type\": \"Microsoft.Network/applicationGateways/backendAddressPools\"\
        \r\n      }\r\n    ],\r\n    \"loadDistributionPolicies\": [],\r\n    \"backendHttpSettingsCollection\"\
        : [\r\n      {\r\n        \"name\": \"appGatewayBackendHttpSettings\",\r\n\
        \        \"id\": \"/subscriptions/00000000-0000-0000-0000-000000000000/resourceGroups/cli_test_ag_probe000001/providers/Microsoft.Network/applicationGateways/ag1/backendHttpSettingsCollection/appGatewayBackendHttpSettings\"\
        ,\r\n        \"etag\": \"W/\\\"cfc08e50-3a9e-4590-a5ff-1ac6c52cfa10\\\"\"\
        ,\r\n        \"properties\": {\r\n          \"provisioningState\": \"Updating\"\
        ,\r\n          \"port\": 80,\r\n          \"protocol\": \"Http\",\r\n    \
        \      \"cookieBasedAffinity\": \"Disabled\",\r\n          \"connectionDraining\"\
        : {\r\n            \"enabled\": false,\r\n            \"drainTimeoutInSec\"\
        : 1\r\n          },\r\n          \"pickHostNameFromBackendAddress\": false,\r\
        \n          \"requestTimeout\": 30,\r\n          \"requestRoutingRules\":\
        \ [\r\n            {\r\n              \"id\": \"/subscriptions/00000000-0000-0000-0000-000000000000/resourceGroups/cli_test_ag_probe000001/providers/Microsoft.Network/applicationGateways/ag1/requestRoutingRules/rule1\"\
        \r\n            }\r\n          ]\r\n        },\r\n        \"type\": \"Microsoft.Network/applicationGateways/backendHttpSettingsCollection\"\
        \r\n      }\r\n    ],\r\n    \"httpListeners\": [\r\n      {\r\n        \"\
        name\": \"appGatewayHttpListener\",\r\n        \"id\": \"/subscriptions/00000000-0000-0000-0000-000000000000/resourceGroups/cli_test_ag_probe000001/providers/Microsoft.Network/applicationGateways/ag1/httpListeners/appGatewayHttpListener\"\
        ,\r\n        \"etag\": \"W/\\\"cfc08e50-3a9e-4590-a5ff-1ac6c52cfa10\\\"\"\
        ,\r\n        \"properties\": {\r\n          \"provisioningState\": \"Updating\"\
        ,\r\n          \"frontendIPConfiguration\": {\r\n            \"id\": \"/subscriptions/00000000-0000-0000-0000-000000000000/resourceGroups/cli_test_ag_probe000001/providers/Microsoft.Network/applicationGateways/ag1/frontendIPConfigurations/appGatewayFrontendIP\"\
        \r\n          },\r\n          \"frontendPort\": {\r\n            \"id\": \"\
        /subscriptions/00000000-0000-0000-0000-000000000000/resourceGroups/cli_test_ag_probe000001/providers/Microsoft.Network/applicationGateways/ag1/frontendPorts/appGatewayFrontendPort\"\
        \r\n          },\r\n          \"protocol\": \"Http\",\r\n          \"hostNames\"\
        : [],\r\n          \"requireServerNameIndication\": false,\r\n          \"\
        requestRoutingRules\": [\r\n            {\r\n              \"id\": \"/subscriptions/00000000-0000-0000-0000-000000000000/resourceGroups/cli_test_ag_probe000001/providers/Microsoft.Network/applicationGateways/ag1/requestRoutingRules/rule1\"\
        \r\n            }\r\n          ]\r\n        },\r\n        \"type\": \"Microsoft.Network/applicationGateways/httpListeners\"\
        \r\n      }\r\n    ],\r\n    \"urlPathMaps\": [],\r\n    \"requestRoutingRules\"\
        : [\r\n      {\r\n        \"name\": \"rule1\",\r\n        \"id\": \"/subscriptions/00000000-0000-0000-0000-000000000000/resourceGroups/cli_test_ag_probe000001/providers/Microsoft.Network/applicationGateways/ag1/requestRoutingRules/rule1\"\
        ,\r\n        \"etag\": \"W/\\\"cfc08e50-3a9e-4590-a5ff-1ac6c52cfa10\\\"\"\
        ,\r\n        \"properties\": {\r\n          \"provisioningState\": \"Updating\"\
        ,\r\n          \"ruleType\": \"Basic\",\r\n          \"httpListener\": {\r\
        \n            \"id\": \"/subscriptions/00000000-0000-0000-0000-000000000000/resourceGroups/cli_test_ag_probe000001/providers/Microsoft.Network/applicationGateways/ag1/httpListeners/appGatewayHttpListener\"\
        \r\n          },\r\n          \"backendAddressPool\": {\r\n            \"\
        id\": \"/subscriptions/00000000-0000-0000-0000-000000000000/resourceGroups/cli_test_ag_probe000001/providers/Microsoft.Network/applicationGateways/ag1/backendAddressPools/appGatewayBackendPool\"\
        \r\n          },\r\n          \"backendHttpSettings\": {\r\n            \"\
        id\": \"/subscriptions/00000000-0000-0000-0000-000000000000/resourceGroups/cli_test_ag_probe000001/providers/Microsoft.Network/applicationGateways/ag1/backendHttpSettingsCollection/appGatewayBackendHttpSettings\"\
        \r\n          }\r\n        },\r\n        \"type\": \"Microsoft.Network/applicationGateways/requestRoutingRules\"\
        \r\n      }\r\n    ],\r\n    \"probes\": [\r\n      {\r\n        \"name\"\
        : \"myprobe\",\r\n        \"id\": \"/subscriptions/00000000-0000-0000-0000-000000000000/resourceGroups/cli_test_ag_probe000001/providers/Microsoft.Network/applicationGateways/ag1/probes/myprobe\"\
        ,\r\n        \"etag\": \"W/\\\"cfc08e50-3a9e-4590-a5ff-1ac6c52cfa10\\\"\"\
        ,\r\n        \"properties\": {\r\n          \"provisioningState\": \"Updating\"\
        ,\r\n          \"protocol\": \"Https\",\r\n          \"host\": \"\",\r\n \
        \         \"port\": 4096,\r\n          \"path\": \"/test2\",\r\n         \
        \ \"interval\": 26,\r\n          \"timeout\": 101,\r\n          \"unhealthyThreshold\"\
        : 11,\r\n          \"pickHostNameFromBackendHttpSettings\": true,\r\n    \
        \      \"minServers\": 3,\r\n          \"match\": {\r\n            \"statusCodes\"\
        : [\r\n              \"201\"\r\n            ]\r\n          }\r\n        },\r\
        \n        \"type\": \"Microsoft.Network/applicationGateways/probes\"\r\n \
        \     }\r\n    ],\r\n    \"rewriteRuleSets\": [],\r\n    \"redirectConfigurations\"\
        : [],\r\n    \"privateLinkConfigurations\": [],\r\n    \"privateEndpointConnections\"\
        : []\r\n  }\r\n}"
    headers:
      cache-control:
      - no-cache
      content-length:
      - '10121'
      content-type:
      - application/json; charset=utf-8
      date:
      - Fri, 06 Nov 2020 05:45:01 GMT
      etag:
      - W/"cfc08e50-3a9e-4590-a5ff-1ac6c52cfa10"
      expires:
      - '-1'
      pragma:
      - no-cache
      server:
      - Microsoft-HTTPAPI/2.0
      - Microsoft-HTTPAPI/2.0
      strict-transport-security:
      - max-age=31536000; includeSubDomains
      transfer-encoding:
      - chunked
      vary:
      - Accept-Encoding
      x-content-type-options:
      - nosniff
      x-ms-arm-service-request-id:
      - 62b10063-182b-4326-8fde-0fbb16dc9896
    status:
      code: 200
      message: OK
- request:
    body: '{"id": "/subscriptions/00000000-0000-0000-0000-000000000000/resourceGroups/cli_test_ag_probe000001/providers/Microsoft.Network/applicationGateways/ag1",
      "location": "westus", "tags": {}, "properties": {"sku": {"name": "WAF_v2", "tier":
      "WAF_v2", "capacity": 2}, "gatewayIPConfigurations": [{"id": "/subscriptions/00000000-0000-0000-0000-000000000000/resourceGroups/cli_test_ag_probe000001/providers/Microsoft.Network/applicationGateways/ag1/gatewayIPConfigurations/appGatewayFrontendIP",
      "properties": {"subnet": {"id": "/subscriptions/00000000-0000-0000-0000-000000000000/resourceGroups/cli_test_ag_probe000001/providers/Microsoft.Network/virtualNetworks/ag1Vnet/subnets/default"}},
      "name": "appGatewayFrontendIP"}], "trustedRootCertificates": [], "trustedClientCertificates":
      [], "sslCertificates": [], "frontendIPConfigurations": [{"id": "/subscriptions/00000000-0000-0000-0000-000000000000/resourceGroups/cli_test_ag_probe000001/providers/Microsoft.Network/applicationGateways/ag1/frontendIPConfigurations/appGatewayFrontendIP",
      "properties": {"privateIPAllocationMethod": "Dynamic", "publicIPAddress": {"id":
      "/subscriptions/00000000-0000-0000-0000-000000000000/resourceGroups/cli_test_ag_probe000001/providers/Microsoft.Network/publicIPAddresses/gateway_ip"}},
      "name": "appGatewayFrontendIP"}], "frontendPorts": [{"id": "/subscriptions/00000000-0000-0000-0000-000000000000/resourceGroups/cli_test_ag_probe000001/providers/Microsoft.Network/applicationGateways/ag1/frontendPorts/appGatewayFrontendPort",
      "properties": {"port": 80}, "name": "appGatewayFrontendPort"}], "probes": [],
      "backendAddressPools": [{"id": "/subscriptions/00000000-0000-0000-0000-000000000000/resourceGroups/cli_test_ag_probe000001/providers/Microsoft.Network/applicationGateways/ag1/backendAddressPools/appGatewayBackendPool",
      "properties": {"backendAddresses": []}, "name": "appGatewayBackendPool"}], "backendHttpSettingsCollection":
      [{"id": "/subscriptions/00000000-0000-0000-0000-000000000000/resourceGroups/cli_test_ag_probe000001/providers/Microsoft.Network/applicationGateways/ag1/backendHttpSettingsCollection/appGatewayBackendHttpSettings",
      "properties": {"port": 80, "protocol": "Http", "cookieBasedAffinity": "Disabled",
      "requestTimeout": 30, "connectionDraining": {"enabled": false, "drainTimeoutInSec":
      1}, "pickHostNameFromBackendAddress": false}, "name": "appGatewayBackendHttpSettings"}],
      "httpListeners": [{"id": "/subscriptions/00000000-0000-0000-0000-000000000000/resourceGroups/cli_test_ag_probe000001/providers/Microsoft.Network/applicationGateways/ag1/httpListeners/appGatewayHttpListener",
      "properties": {"frontendIPConfiguration": {"id": "/subscriptions/00000000-0000-0000-0000-000000000000/resourceGroups/cli_test_ag_probe000001/providers/Microsoft.Network/applicationGateways/ag1/frontendIPConfigurations/appGatewayFrontendIP"},
      "frontendPort": {"id": "/subscriptions/00000000-0000-0000-0000-000000000000/resourceGroups/cli_test_ag_probe000001/providers/Microsoft.Network/applicationGateways/ag1/frontendPorts/appGatewayFrontendPort"},
      "protocol": "Http", "requireServerNameIndication": false, "hostNames": []},
      "name": "appGatewayHttpListener"}], "sslProfiles": [], "urlPathMaps": [], "requestRoutingRules":
      [{"id": "/subscriptions/00000000-0000-0000-0000-000000000000/resourceGroups/cli_test_ag_probe000001/providers/Microsoft.Network/applicationGateways/ag1/requestRoutingRules/rule1",
      "properties": {"ruleType": "Basic", "backendAddressPool": {"id": "/subscriptions/00000000-0000-0000-0000-000000000000/resourceGroups/cli_test_ag_probe000001/providers/Microsoft.Network/applicationGateways/ag1/backendAddressPools/appGatewayBackendPool"},
      "backendHttpSettings": {"id": "/subscriptions/00000000-0000-0000-0000-000000000000/resourceGroups/cli_test_ag_probe000001/providers/Microsoft.Network/applicationGateways/ag1/backendHttpSettingsCollection/appGatewayBackendHttpSettings"},
      "httpListener": {"id": "/subscriptions/00000000-0000-0000-0000-000000000000/resourceGroups/cli_test_ag_probe000001/providers/Microsoft.Network/applicationGateways/ag1/httpListeners/appGatewayHttpListener"}},
      "name": "rule1"}], "rewriteRuleSets": [], "redirectConfigurations": [], "privateLinkConfigurations":
      []}}'
    headers:
      Accept:
      - application/json
      Accept-Encoding:
      - gzip, deflate
      CommandName:
      - network application-gateway probe delete
      Connection:
      - keep-alive
      Content-Length:
      - '4977'
      Content-Type:
      - application/json; charset=utf-8
      ParameterSetName:
      - -g --gateway-name --no-wait -n
      User-Agent:
      - python/3.7.4 (Linux-4.15.0-112-generic-x86_64-with-debian-buster-sid) msrest/0.6.18
        msrest_azure/0.6.3 azure-mgmt-network/12.0.0 Azure-SDK-For-Python AZURECLI/2.14.0
      accept-language:
      - en-US
    method: PUT
    uri: https://management.azure.com/subscriptions/00000000-0000-0000-0000-000000000000/resourceGroups/cli_test_ag_probe000001/providers/Microsoft.Network/applicationGateways/ag1?api-version=2020-06-01
  response:
    body:
      string: "{\r\n  \"name\": \"ag1\",\r\n  \"id\": \"/subscriptions/00000000-0000-0000-0000-000000000000/resourceGroups/cli_test_ag_probe000001/providers/Microsoft.Network/applicationGateways/ag1\"\
        ,\r\n  \"etag\": \"W/\\\"d87133a6-805d-41d2-9948-a8ae4c4a92c4\\\"\",\r\n \
        \ \"type\": \"Microsoft.Network/applicationGateways\",\r\n  \"location\":\
        \ \"westus\",\r\n  \"tags\": {},\r\n  \"properties\": {\r\n    \"provisioningState\"\
        : \"Updating\",\r\n    \"resourceGuid\": \"fa41bf44-6de2-43d5-a590-7eb91effd9b7\"\
        ,\r\n    \"sku\": {\r\n      \"name\": \"WAF_v2\",\r\n      \"tier\": \"WAF_v2\"\
        ,\r\n      \"capacity\": 2\r\n    },\r\n    \"operationalState\": \"Running\"\
        ,\r\n    \"gatewayIPConfigurations\": [\r\n      {\r\n        \"name\": \"\
        appGatewayFrontendIP\",\r\n        \"id\": \"/subscriptions/00000000-0000-0000-0000-000000000000/resourceGroups/cli_test_ag_probe000001/providers/Microsoft.Network/applicationGateways/ag1/gatewayIPConfigurations/appGatewayFrontendIP\"\
        ,\r\n        \"etag\": \"W/\\\"d87133a6-805d-41d2-9948-a8ae4c4a92c4\\\"\"\
        ,\r\n        \"properties\": {\r\n          \"provisioningState\": \"Updating\"\
        ,\r\n          \"subnet\": {\r\n            \"id\": \"/subscriptions/00000000-0000-0000-0000-000000000000/resourceGroups/cli_test_ag_probe000001/providers/Microsoft.Network/virtualNetworks/ag1Vnet/subnets/default\"\
        \r\n          }\r\n        },\r\n        \"type\": \"Microsoft.Network/applicationGateways/gatewayIPConfigurations\"\
        \r\n      }\r\n    ],\r\n    \"sslCertificates\": [],\r\n    \"trustedRootCertificates\"\
        : [],\r\n    \"trustedClientCertificates\": [],\r\n    \"sslProfiles\": [],\r\
        \n    \"frontendIPConfigurations\": [\r\n      {\r\n        \"name\": \"appGatewayFrontendIP\"\
        ,\r\n        \"id\": \"/subscriptions/00000000-0000-0000-0000-000000000000/resourceGroups/cli_test_ag_probe000001/providers/Microsoft.Network/applicationGateways/ag1/frontendIPConfigurations/appGatewayFrontendIP\"\
        ,\r\n        \"etag\": \"W/\\\"d87133a6-805d-41d2-9948-a8ae4c4a92c4\\\"\"\
        ,\r\n        \"type\": \"Microsoft.Network/applicationGateways/frontendIPConfigurations\"\
        ,\r\n        \"properties\": {\r\n          \"provisioningState\": \"Updating\"\
        ,\r\n          \"privateIPAllocationMethod\": \"Dynamic\",\r\n          \"\
        publicIPAddress\": {\r\n            \"id\": \"/subscriptions/00000000-0000-0000-0000-000000000000/resourceGroups/cli_test_ag_probe000001/providers/Microsoft.Network/publicIPAddresses/gateway_ip\"\
        \r\n          },\r\n          \"httpListeners\": [\r\n            {\r\n  \
        \            \"id\": \"/subscriptions/00000000-0000-0000-0000-000000000000/resourceGroups/cli_test_ag_probe000001/providers/Microsoft.Network/applicationGateways/ag1/httpListeners/appGatewayHttpListener\"\
        \r\n            }\r\n          ]\r\n        }\r\n      }\r\n    ],\r\n   \
        \ \"frontendPorts\": [\r\n      {\r\n        \"name\": \"appGatewayFrontendPort\"\
        ,\r\n        \"id\": \"/subscriptions/00000000-0000-0000-0000-000000000000/resourceGroups/cli_test_ag_probe000001/providers/Microsoft.Network/applicationGateways/ag1/frontendPorts/appGatewayFrontendPort\"\
        ,\r\n        \"etag\": \"W/\\\"d87133a6-805d-41d2-9948-a8ae4c4a92c4\\\"\"\
        ,\r\n        \"properties\": {\r\n          \"provisioningState\": \"Updating\"\
        ,\r\n          \"port\": 80,\r\n          \"httpListeners\": [\r\n       \
        \     {\r\n              \"id\": \"/subscriptions/00000000-0000-0000-0000-000000000000/resourceGroups/cli_test_ag_probe000001/providers/Microsoft.Network/applicationGateways/ag1/httpListeners/appGatewayHttpListener\"\
        \r\n            }\r\n          ]\r\n        },\r\n        \"type\": \"Microsoft.Network/applicationGateways/frontendPorts\"\
        \r\n      }\r\n    ],\r\n    \"backendAddressPools\": [\r\n      {\r\n   \
        \     \"name\": \"appGatewayBackendPool\",\r\n        \"id\": \"/subscriptions/00000000-0000-0000-0000-000000000000/resourceGroups/cli_test_ag_probe000001/providers/Microsoft.Network/applicationGateways/ag1/backendAddressPools/appGatewayBackendPool\"\
        ,\r\n        \"etag\": \"W/\\\"d87133a6-805d-41d2-9948-a8ae4c4a92c4\\\"\"\
        ,\r\n        \"properties\": {\r\n          \"provisioningState\": \"Updating\"\
        ,\r\n          \"backendAddresses\": [],\r\n          \"requestRoutingRules\"\
        : [\r\n            {\r\n              \"id\": \"/subscriptions/00000000-0000-0000-0000-000000000000/resourceGroups/cli_test_ag_probe000001/providers/Microsoft.Network/applicationGateways/ag1/requestRoutingRules/rule1\"\
        \r\n            }\r\n          ]\r\n        },\r\n        \"type\": \"Microsoft.Network/applicationGateways/backendAddressPools\"\
        \r\n      }\r\n    ],\r\n    \"loadDistributionPolicies\": [],\r\n    \"backendHttpSettingsCollection\"\
        : [\r\n      {\r\n        \"name\": \"appGatewayBackendHttpSettings\",\r\n\
        \        \"id\": \"/subscriptions/00000000-0000-0000-0000-000000000000/resourceGroups/cli_test_ag_probe000001/providers/Microsoft.Network/applicationGateways/ag1/backendHttpSettingsCollection/appGatewayBackendHttpSettings\"\
        ,\r\n        \"etag\": \"W/\\\"d87133a6-805d-41d2-9948-a8ae4c4a92c4\\\"\"\
        ,\r\n        \"properties\": {\r\n          \"provisioningState\": \"Updating\"\
        ,\r\n          \"port\": 80,\r\n          \"protocol\": \"Http\",\r\n    \
        \      \"cookieBasedAffinity\": \"Disabled\",\r\n          \"connectionDraining\"\
        : {\r\n            \"enabled\": false,\r\n            \"drainTimeoutInSec\"\
        : 1\r\n          },\r\n          \"pickHostNameFromBackendAddress\": false,\r\
        \n          \"requestTimeout\": 30,\r\n          \"requestRoutingRules\":\
        \ [\r\n            {\r\n              \"id\": \"/subscriptions/00000000-0000-0000-0000-000000000000/resourceGroups/cli_test_ag_probe000001/providers/Microsoft.Network/applicationGateways/ag1/requestRoutingRules/rule1\"\
        \r\n            }\r\n          ]\r\n        },\r\n        \"type\": \"Microsoft.Network/applicationGateways/backendHttpSettingsCollection\"\
        \r\n      }\r\n    ],\r\n    \"httpListeners\": [\r\n      {\r\n        \"\
        name\": \"appGatewayHttpListener\",\r\n        \"id\": \"/subscriptions/00000000-0000-0000-0000-000000000000/resourceGroups/cli_test_ag_probe000001/providers/Microsoft.Network/applicationGateways/ag1/httpListeners/appGatewayHttpListener\"\
        ,\r\n        \"etag\": \"W/\\\"d87133a6-805d-41d2-9948-a8ae4c4a92c4\\\"\"\
        ,\r\n        \"properties\": {\r\n          \"provisioningState\": \"Updating\"\
        ,\r\n          \"frontendIPConfiguration\": {\r\n            \"id\": \"/subscriptions/00000000-0000-0000-0000-000000000000/resourceGroups/cli_test_ag_probe000001/providers/Microsoft.Network/applicationGateways/ag1/frontendIPConfigurations/appGatewayFrontendIP\"\
        \r\n          },\r\n          \"frontendPort\": {\r\n            \"id\": \"\
        /subscriptions/00000000-0000-0000-0000-000000000000/resourceGroups/cli_test_ag_probe000001/providers/Microsoft.Network/applicationGateways/ag1/frontendPorts/appGatewayFrontendPort\"\
        \r\n          },\r\n          \"protocol\": \"Http\",\r\n          \"hostNames\"\
        : [],\r\n          \"requireServerNameIndication\": false,\r\n          \"\
        requestRoutingRules\": [\r\n            {\r\n              \"id\": \"/subscriptions/00000000-0000-0000-0000-000000000000/resourceGroups/cli_test_ag_probe000001/providers/Microsoft.Network/applicationGateways/ag1/requestRoutingRules/rule1\"\
        \r\n            }\r\n          ]\r\n        },\r\n        \"type\": \"Microsoft.Network/applicationGateways/httpListeners\"\
        \r\n      }\r\n    ],\r\n    \"urlPathMaps\": [],\r\n    \"requestRoutingRules\"\
        : [\r\n      {\r\n        \"name\": \"rule1\",\r\n        \"id\": \"/subscriptions/00000000-0000-0000-0000-000000000000/resourceGroups/cli_test_ag_probe000001/providers/Microsoft.Network/applicationGateways/ag1/requestRoutingRules/rule1\"\
        ,\r\n        \"etag\": \"W/\\\"d87133a6-805d-41d2-9948-a8ae4c4a92c4\\\"\"\
        ,\r\n        \"properties\": {\r\n          \"provisioningState\": \"Updating\"\
        ,\r\n          \"ruleType\": \"Basic\",\r\n          \"httpListener\": {\r\
        \n            \"id\": \"/subscriptions/00000000-0000-0000-0000-000000000000/resourceGroups/cli_test_ag_probe000001/providers/Microsoft.Network/applicationGateways/ag1/httpListeners/appGatewayHttpListener\"\
        \r\n          },\r\n          \"backendAddressPool\": {\r\n            \"\
        id\": \"/subscriptions/00000000-0000-0000-0000-000000000000/resourceGroups/cli_test_ag_probe000001/providers/Microsoft.Network/applicationGateways/ag1/backendAddressPools/appGatewayBackendPool\"\
        \r\n          },\r\n          \"backendHttpSettings\": {\r\n            \"\
        id\": \"/subscriptions/00000000-0000-0000-0000-000000000000/resourceGroups/cli_test_ag_probe000001/providers/Microsoft.Network/applicationGateways/ag1/backendHttpSettingsCollection/appGatewayBackendHttpSettings\"\
        \r\n          }\r\n        },\r\n        \"type\": \"Microsoft.Network/applicationGateways/requestRoutingRules\"\
        \r\n      }\r\n    ],\r\n    \"probes\": [],\r\n    \"rewriteRuleSets\": [],\r\
        \n    \"redirectConfigurations\": [],\r\n    \"privateLinkConfigurations\"\
        : [],\r\n    \"privateEndpointConnections\": []\r\n  }\r\n}"
    headers:
      azure-asyncoperation:
      - https://management.azure.com/subscriptions/00000000-0000-0000-0000-000000000000/providers/Microsoft.Network/locations/westus/operations/c3d18077-ce56-4dd9-ab00-3aa9b9d0a24a?api-version=2020-06-01
      cache-control:
      - no-cache
      content-length:
      - '9248'
      content-type:
      - application/json; charset=utf-8
      date:
      - Fri, 06 Nov 2020 05:45:02 GMT
      expires:
      - '-1'
      pragma:
      - no-cache
      server:
      - Microsoft-HTTPAPI/2.0
      - Microsoft-HTTPAPI/2.0
      strict-transport-security:
      - max-age=31536000; includeSubDomains
      transfer-encoding:
      - chunked
      vary:
      - Accept-Encoding
      x-content-type-options:
      - nosniff
      x-ms-arm-service-request-id:
      - bc57f131-2821-4f99-8c30-51f4310183a8
      x-ms-ratelimit-remaining-subscription-writes:
      - '1192'
    status:
      code: 200
      message: OK
- request:
    body: null
    headers:
      Accept:
      - application/json
      Accept-Encoding:
      - gzip, deflate
      CommandName:
      - network application-gateway probe list
      Connection:
      - keep-alive
      ParameterSetName:
      - -g --gateway-name
      User-Agent:
      - python/3.7.4 (Linux-4.15.0-112-generic-x86_64-with-debian-buster-sid) msrest/0.6.18
        msrest_azure/0.6.3 azure-mgmt-network/12.0.0 Azure-SDK-For-Python AZURECLI/2.14.0
      accept-language:
      - en-US
    method: GET
    uri: https://management.azure.com/subscriptions/00000000-0000-0000-0000-000000000000/resourceGroups/cli_test_ag_probe000001/providers/Microsoft.Network/applicationGateways/ag1?api-version=2020-06-01
  response:
    body:
      string: "{\r\n  \"name\": \"ag1\",\r\n  \"id\": \"/subscriptions/00000000-0000-0000-0000-000000000000/resourceGroups/cli_test_ag_probe000001/providers/Microsoft.Network/applicationGateways/ag1\"\
        ,\r\n  \"etag\": \"W/\\\"ecf42480-2df4-47a6-abfd-f0433ed8678f\\\"\",\r\n \
        \ \"type\": \"Microsoft.Network/applicationGateways\",\r\n  \"location\":\
        \ \"westus\",\r\n  \"tags\": {},\r\n  \"properties\": {\r\n    \"provisioningState\"\
        : \"Updating\",\r\n    \"resourceGuid\": \"fa41bf44-6de2-43d5-a590-7eb91effd9b7\"\
        ,\r\n    \"sku\": {\r\n      \"name\": \"WAF_v2\",\r\n      \"tier\": \"WAF_v2\"\
        ,\r\n      \"capacity\": 2\r\n    },\r\n    \"operationalState\": \"Running\"\
        ,\r\n    \"gatewayIPConfigurations\": [\r\n      {\r\n        \"name\": \"\
        appGatewayFrontendIP\",\r\n        \"id\": \"/subscriptions/00000000-0000-0000-0000-000000000000/resourceGroups/cli_test_ag_probe000001/providers/Microsoft.Network/applicationGateways/ag1/gatewayIPConfigurations/appGatewayFrontendIP\"\
        ,\r\n        \"etag\": \"W/\\\"ecf42480-2df4-47a6-abfd-f0433ed8678f\\\"\"\
        ,\r\n        \"properties\": {\r\n          \"provisioningState\": \"Updating\"\
        ,\r\n          \"subnet\": {\r\n            \"id\": \"/subscriptions/00000000-0000-0000-0000-000000000000/resourceGroups/cli_test_ag_probe000001/providers/Microsoft.Network/virtualNetworks/ag1Vnet/subnets/default\"\
        \r\n          }\r\n        },\r\n        \"type\": \"Microsoft.Network/applicationGateways/gatewayIPConfigurations\"\
        \r\n      }\r\n    ],\r\n    \"sslCertificates\": [],\r\n    \"trustedRootCertificates\"\
        : [],\r\n    \"trustedClientCertificates\": [],\r\n    \"sslProfiles\": [],\r\
        \n    \"frontendIPConfigurations\": [\r\n      {\r\n        \"name\": \"appGatewayFrontendIP\"\
        ,\r\n        \"id\": \"/subscriptions/00000000-0000-0000-0000-000000000000/resourceGroups/cli_test_ag_probe000001/providers/Microsoft.Network/applicationGateways/ag1/frontendIPConfigurations/appGatewayFrontendIP\"\
        ,\r\n        \"etag\": \"W/\\\"ecf42480-2df4-47a6-abfd-f0433ed8678f\\\"\"\
        ,\r\n        \"type\": \"Microsoft.Network/applicationGateways/frontendIPConfigurations\"\
        ,\r\n        \"properties\": {\r\n          \"provisioningState\": \"Updating\"\
        ,\r\n          \"privateIPAllocationMethod\": \"Dynamic\",\r\n          \"\
        publicIPAddress\": {\r\n            \"id\": \"/subscriptions/00000000-0000-0000-0000-000000000000/resourceGroups/cli_test_ag_probe000001/providers/Microsoft.Network/publicIPAddresses/gateway_ip\"\
        \r\n          },\r\n          \"httpListeners\": [\r\n            {\r\n  \
        \            \"id\": \"/subscriptions/00000000-0000-0000-0000-000000000000/resourceGroups/cli_test_ag_probe000001/providers/Microsoft.Network/applicationGateways/ag1/httpListeners/appGatewayHttpListener\"\
        \r\n            }\r\n          ]\r\n        }\r\n      }\r\n    ],\r\n   \
        \ \"frontendPorts\": [\r\n      {\r\n        \"name\": \"appGatewayFrontendPort\"\
        ,\r\n        \"id\": \"/subscriptions/00000000-0000-0000-0000-000000000000/resourceGroups/cli_test_ag_probe000001/providers/Microsoft.Network/applicationGateways/ag1/frontendPorts/appGatewayFrontendPort\"\
        ,\r\n        \"etag\": \"W/\\\"ecf42480-2df4-47a6-abfd-f0433ed8678f\\\"\"\
        ,\r\n        \"properties\": {\r\n          \"provisioningState\": \"Updating\"\
        ,\r\n          \"port\": 80,\r\n          \"httpListeners\": [\r\n       \
        \     {\r\n              \"id\": \"/subscriptions/00000000-0000-0000-0000-000000000000/resourceGroups/cli_test_ag_probe000001/providers/Microsoft.Network/applicationGateways/ag1/httpListeners/appGatewayHttpListener\"\
        \r\n            }\r\n          ]\r\n        },\r\n        \"type\": \"Microsoft.Network/applicationGateways/frontendPorts\"\
        \r\n      }\r\n    ],\r\n    \"backendAddressPools\": [\r\n      {\r\n   \
        \     \"name\": \"appGatewayBackendPool\",\r\n        \"id\": \"/subscriptions/00000000-0000-0000-0000-000000000000/resourceGroups/cli_test_ag_probe000001/providers/Microsoft.Network/applicationGateways/ag1/backendAddressPools/appGatewayBackendPool\"\
        ,\r\n        \"etag\": \"W/\\\"ecf42480-2df4-47a6-abfd-f0433ed8678f\\\"\"\
        ,\r\n        \"properties\": {\r\n          \"provisioningState\": \"Updating\"\
        ,\r\n          \"backendAddresses\": [],\r\n          \"requestRoutingRules\"\
        : [\r\n            {\r\n              \"id\": \"/subscriptions/00000000-0000-0000-0000-000000000000/resourceGroups/cli_test_ag_probe000001/providers/Microsoft.Network/applicationGateways/ag1/requestRoutingRules/rule1\"\
        \r\n            }\r\n          ]\r\n        },\r\n        \"type\": \"Microsoft.Network/applicationGateways/backendAddressPools\"\
        \r\n      }\r\n    ],\r\n    \"loadDistributionPolicies\": [],\r\n    \"backendHttpSettingsCollection\"\
        : [\r\n      {\r\n        \"name\": \"appGatewayBackendHttpSettings\",\r\n\
        \        \"id\": \"/subscriptions/00000000-0000-0000-0000-000000000000/resourceGroups/cli_test_ag_probe000001/providers/Microsoft.Network/applicationGateways/ag1/backendHttpSettingsCollection/appGatewayBackendHttpSettings\"\
        ,\r\n        \"etag\": \"W/\\\"ecf42480-2df4-47a6-abfd-f0433ed8678f\\\"\"\
        ,\r\n        \"properties\": {\r\n          \"provisioningState\": \"Updating\"\
        ,\r\n          \"port\": 80,\r\n          \"protocol\": \"Http\",\r\n    \
        \      \"cookieBasedAffinity\": \"Disabled\",\r\n          \"connectionDraining\"\
        : {\r\n            \"enabled\": false,\r\n            \"drainTimeoutInSec\"\
        : 1\r\n          },\r\n          \"pickHostNameFromBackendAddress\": false,\r\
        \n          \"requestTimeout\": 30,\r\n          \"requestRoutingRules\":\
        \ [\r\n            {\r\n              \"id\": \"/subscriptions/00000000-0000-0000-0000-000000000000/resourceGroups/cli_test_ag_probe000001/providers/Microsoft.Network/applicationGateways/ag1/requestRoutingRules/rule1\"\
        \r\n            }\r\n          ]\r\n        },\r\n        \"type\": \"Microsoft.Network/applicationGateways/backendHttpSettingsCollection\"\
        \r\n      }\r\n    ],\r\n    \"httpListeners\": [\r\n      {\r\n        \"\
        name\": \"appGatewayHttpListener\",\r\n        \"id\": \"/subscriptions/00000000-0000-0000-0000-000000000000/resourceGroups/cli_test_ag_probe000001/providers/Microsoft.Network/applicationGateways/ag1/httpListeners/appGatewayHttpListener\"\
        ,\r\n        \"etag\": \"W/\\\"ecf42480-2df4-47a6-abfd-f0433ed8678f\\\"\"\
        ,\r\n        \"properties\": {\r\n          \"provisioningState\": \"Updating\"\
        ,\r\n          \"frontendIPConfiguration\": {\r\n            \"id\": \"/subscriptions/00000000-0000-0000-0000-000000000000/resourceGroups/cli_test_ag_probe000001/providers/Microsoft.Network/applicationGateways/ag1/frontendIPConfigurations/appGatewayFrontendIP\"\
        \r\n          },\r\n          \"frontendPort\": {\r\n            \"id\": \"\
        /subscriptions/00000000-0000-0000-0000-000000000000/resourceGroups/cli_test_ag_probe000001/providers/Microsoft.Network/applicationGateways/ag1/frontendPorts/appGatewayFrontendPort\"\
        \r\n          },\r\n          \"protocol\": \"Http\",\r\n          \"hostNames\"\
        : [],\r\n          \"requireServerNameIndication\": false,\r\n          \"\
        requestRoutingRules\": [\r\n            {\r\n              \"id\": \"/subscriptions/00000000-0000-0000-0000-000000000000/resourceGroups/cli_test_ag_probe000001/providers/Microsoft.Network/applicationGateways/ag1/requestRoutingRules/rule1\"\
        \r\n            }\r\n          ]\r\n        },\r\n        \"type\": \"Microsoft.Network/applicationGateways/httpListeners\"\
        \r\n      }\r\n    ],\r\n    \"urlPathMaps\": [],\r\n    \"requestRoutingRules\"\
        : [\r\n      {\r\n        \"name\": \"rule1\",\r\n        \"id\": \"/subscriptions/00000000-0000-0000-0000-000000000000/resourceGroups/cli_test_ag_probe000001/providers/Microsoft.Network/applicationGateways/ag1/requestRoutingRules/rule1\"\
        ,\r\n        \"etag\": \"W/\\\"ecf42480-2df4-47a6-abfd-f0433ed8678f\\\"\"\
        ,\r\n        \"properties\": {\r\n          \"provisioningState\": \"Updating\"\
        ,\r\n          \"ruleType\": \"Basic\",\r\n          \"httpListener\": {\r\
        \n            \"id\": \"/subscriptions/00000000-0000-0000-0000-000000000000/resourceGroups/cli_test_ag_probe000001/providers/Microsoft.Network/applicationGateways/ag1/httpListeners/appGatewayHttpListener\"\
        \r\n          },\r\n          \"backendAddressPool\": {\r\n            \"\
        id\": \"/subscriptions/00000000-0000-0000-0000-000000000000/resourceGroups/cli_test_ag_probe000001/providers/Microsoft.Network/applicationGateways/ag1/backendAddressPools/appGatewayBackendPool\"\
        \r\n          },\r\n          \"backendHttpSettings\": {\r\n            \"\
        id\": \"/subscriptions/00000000-0000-0000-0000-000000000000/resourceGroups/cli_test_ag_probe000001/providers/Microsoft.Network/applicationGateways/ag1/backendHttpSettingsCollection/appGatewayBackendHttpSettings\"\
        \r\n          }\r\n        },\r\n        \"type\": \"Microsoft.Network/applicationGateways/requestRoutingRules\"\
        \r\n      }\r\n    ],\r\n    \"probes\": [],\r\n    \"rewriteRuleSets\": [],\r\
        \n    \"redirectConfigurations\": [],\r\n    \"privateLinkConfigurations\"\
        : [],\r\n    \"privateEndpointConnections\": []\r\n  }\r\n}"
    headers:
      cache-control:
      - no-cache
      content-length:
      - '9248'
      content-type:
      - application/json; charset=utf-8
      date:
      - Fri, 06 Nov 2020 05:45:03 GMT
      etag:
      - W/"ecf42480-2df4-47a6-abfd-f0433ed8678f"
      expires:
      - '-1'
      pragma:
      - no-cache
      server:
      - Microsoft-HTTPAPI/2.0
      - Microsoft-HTTPAPI/2.0
      strict-transport-security:
      - max-age=31536000; includeSubDomains
      transfer-encoding:
      - chunked
      vary:
      - Accept-Encoding
      x-content-type-options:
      - nosniff
      x-ms-arm-service-request-id:
      - 19324029-60db-463a-b970-5b7ca939069b
    status:
      code: 200
      message: OK
version: 1
