interactions:
- request:
    body: null
    headers:
      Accept:
      - application/json
      Accept-Encoding:
      - gzip, deflate
      CommandName:
      - network custom-ip prefix create
      Connection:
      - keep-alive
      ParameterSetName:
      - -n -z -g --cidr --asn --geo --is-advertised
      User-Agent:
      - AZURECLI/2.45.0 azsdk-python-azure-mgmt-resource/22.0.0 Python/3.10.9 (Linux-5.15.0-1031-azure-x86_64-with-glibc2.31)
        VSTS_7b238909-6802-4b65-b90d-184bca47f458_build_220_0
    method: GET
    uri: https://management.azure.com/subscriptions/00000000-0000-0000-0000-000000000000/resourcegroups/cli_test_network_custom_ip_prefix_000001?api-version=2022-09-01
  response:
    body:
      string: '{"id":"/subscriptions/00000000-0000-0000-0000-000000000000/resourceGroups/cli_test_network_custom_ip_prefix_000001","name":"cli_test_network_custom_ip_prefix_000001","type":"Microsoft.Resources/resourceGroups","location":"eastus2","tags":{"product":"azurecli","cause":"automation","date":"2023-02-07T10:50:44Z"},"properties":{"provisioningState":"Succeeded"}}'
    headers:
      cache-control:
      - no-cache
      content-length:
      - '359'
      content-type:
      - application/json; charset=utf-8
      date:
      - Tue, 07 Feb 2023 10:50:45 GMT
      expires:
      - '-1'
      pragma:
      - no-cache
      strict-transport-security:
      - max-age=31536000; includeSubDomains
      vary:
      - Accept-Encoding
      x-content-type-options:
      - nosniff
    status:
      code: 200
      message: OK
- request:
    body: '{"location": "eastus2", "properties": {"asn": "65515", "cidr": "0.0.0.0/24",
      "expressRouteAdvertise": false, "geo": "GLOBAL"}, "zones": ["1"]}'
    headers:
      Accept:
      - application/json
      Accept-Encoding:
      - gzip, deflate
      CommandName:
      - network custom-ip prefix create
      Connection:
      - keep-alive
      Content-Length:
      - '142'
      Content-Type:
      - application/json
      ParameterSetName:
      - -n -z -g --cidr --asn --geo --is-advertised
      User-Agent:
      - AZURECLI/2.45.0 (AAZ) azsdk-python-core/1.24.0 Python/3.10.9 (Linux-5.15.0-1031-azure-x86_64-with-glibc2.31)
        VSTS_7b238909-6802-4b65-b90d-184bca47f458_build_220_0
    method: PUT
    uri: https://management.azure.com/subscriptions/00000000-0000-0000-0000-000000000000/resourceGroups/cli_test_network_custom_ip_prefix_000001/providers/Microsoft.Network/customIpPrefixes/cip-000002?api-version=2022-05-01
  response:
    body:
      string: "{\r\n  \"name\": \"cip-000002\",\r\n  \"id\": \"/subscriptions/00000000-0000-0000-0000-000000000000/resourceGroups/cli_test_network_custom_ip_prefix_000001/providers/Microsoft.Network/customIPPrefixes/cip-000002\",\r\n
        \ \"etag\": \"W/\\\"e1afc2a1-a653-44e7-a364-f1eebd152198\\\"\",\r\n  \"type\":
        \"Microsoft.Network/customIPPrefixes\",\r\n  \"location\": \"eastus2\",\r\n
        \ \"zones\": [\r\n    \"1\"\r\n  ],\r\n  \"properties\": {\r\n    \"provisioningState\":
        \"Updating\",\r\n    \"resourceGuid\": \"9efc4574-b194-41cf-9104-c62831acceda\",\r\n
        \   \"commissionedState\": \"Provisioning\",\r\n    \"failedReason\": \"\",\r\n
        \   \"noInternetAdvertise\": false,\r\n    \"expressRouteAdvertise\": false,\r\n
        \   \"geo\": \"GLOBAL\",\r\n    \"cidr\": \"0.0.0.0/24\",\r\n    \"childCustomIpPrefixes\":
        [],\r\n    \"asn\": \"65515\"\r\n  }\r\n}"
    headers:
      azure-asyncnotification:
      - Enabled
      azure-asyncoperation:
      - https://management.azure.com/subscriptions/00000000-0000-0000-0000-000000000000/providers/Microsoft.Network/locations/eastus2/operations/6e9a02bc-4255-4a43-86a8-a948a93bdcfb?api-version=2022-05-01
      cache-control:
      - no-cache
      content-length:
      - '731'
      content-type:
      - application/json; charset=utf-8
      date:
      - Tue, 07 Feb 2023 10:50:46 GMT
      expires:
      - '-1'
      pragma:
      - no-cache
      server:
      - Microsoft-HTTPAPI/2.0
      - Microsoft-HTTPAPI/2.0
      strict-transport-security:
      - max-age=31536000; includeSubDomains
      x-content-type-options:
      - nosniff
      x-ms-arm-service-request-id:
      - 2e28b703-f084-4696-969b-df5217af691b
      x-ms-ratelimit-remaining-subscription-writes:
      - '1199'
    status:
      code: 201
      message: Created
- request:
    body: null
    headers:
      Accept:
      - '*/*'
      Accept-Encoding:
      - gzip, deflate
      CommandName:
      - network custom-ip prefix create
      Connection:
      - keep-alive
      ParameterSetName:
      - -n -z -g --cidr --asn --geo --is-advertised
      User-Agent:
      - AZURECLI/2.45.0 (AAZ) azsdk-python-core/1.24.0 Python/3.10.9 (Linux-5.15.0-1031-azure-x86_64-with-glibc2.31)
        VSTS_7b238909-6802-4b65-b90d-184bca47f458_build_220_0
    method: GET
    uri: https://management.azure.com/subscriptions/00000000-0000-0000-0000-000000000000/providers/Microsoft.Network/locations/eastus2/operations/6e9a02bc-4255-4a43-86a8-a948a93bdcfb?api-version=2022-05-01
  response:
    body:
      string: "{\r\n  \"status\": \"Succeeded\"\r\n}"
    headers:
      cache-control:
      - no-cache
      content-length:
      - '29'
      content-type:
      - application/json; charset=utf-8
      date:
      - Tue, 07 Feb 2023 10:50:49 GMT
      expires:
      - '-1'
      pragma:
      - no-cache
      server:
      - Microsoft-HTTPAPI/2.0
      - Microsoft-HTTPAPI/2.0
      strict-transport-security:
      - max-age=31536000; includeSubDomains
      transfer-encoding:
      - chunked
      vary:
      - Accept-Encoding
      x-content-type-options:
      - nosniff
      x-ms-arm-service-request-id:
      - d1659257-661b-4e92-846f-1a6edc8e2668
    status:
      code: 200
      message: OK
- request:
    body: null
    headers:
      Accept:
      - '*/*'
      Accept-Encoding:
      - gzip, deflate
      CommandName:
      - network custom-ip prefix create
      Connection:
      - keep-alive
      ParameterSetName:
      - -n -z -g --cidr --asn --geo --is-advertised
      User-Agent:
      - AZURECLI/2.45.0 (AAZ) azsdk-python-core/1.24.0 Python/3.10.9 (Linux-5.15.0-1031-azure-x86_64-with-glibc2.31)
        VSTS_7b238909-6802-4b65-b90d-184bca47f458_build_220_0
    method: GET
    uri: https://management.azure.com/subscriptions/00000000-0000-0000-0000-000000000000/resourceGroups/cli_test_network_custom_ip_prefix_000001/providers/Microsoft.Network/customIpPrefixes/cip-000002?api-version=2022-05-01
  response:
    body:
      string: "{\r\n  \"name\": \"cip-000002\",\r\n  \"id\": \"/subscriptions/00000000-0000-0000-0000-000000000000/resourceGroups/cli_test_network_custom_ip_prefix_000001/providers/Microsoft.Network/customIPPrefixes/cip-000002\",\r\n
        \ \"etag\": \"W/\\\"202bf80d-386d-49d8-9a6f-143ee13b1114\\\"\",\r\n  \"type\":
        \"Microsoft.Network/customIPPrefixes\",\r\n  \"location\": \"eastus2\",\r\n
        \ \"zones\": [\r\n    \"1\"\r\n  ],\r\n  \"properties\": {\r\n    \"provisioningState\":
        \"Succeeded\",\r\n    \"resourceGuid\": \"9efc4574-b194-41cf-9104-c62831acceda\",\r\n
        \   \"commissionedState\": \"Provisioning\",\r\n    \"failedReason\": \"\",\r\n
        \   \"noInternetAdvertise\": false,\r\n    \"expressRouteAdvertise\": false,\r\n
        \   \"geo\": \"GLOBAL\",\r\n    \"cidr\": \"0.0.0.0/24\",\r\n    \"childCustomIpPrefixes\":
        [],\r\n    \"asn\": \"65515\"\r\n  }\r\n}"
    headers:
      cache-control:
      - no-cache
      content-length:
      - '732'
      content-type:
      - application/json; charset=utf-8
      date:
      - Tue, 07 Feb 2023 10:50:49 GMT
      etag:
      - W/"202bf80d-386d-49d8-9a6f-143ee13b1114"
      expires:
      - '-1'
      pragma:
      - no-cache
      server:
      - Microsoft-HTTPAPI/2.0
      - Microsoft-HTTPAPI/2.0
      strict-transport-security:
      - max-age=31536000; includeSubDomains
      transfer-encoding:
      - chunked
      vary:
      - Accept-Encoding
      x-content-type-options:
      - nosniff
      x-ms-arm-service-request-id:
      - f9561f14-3abb-4e5e-af02-6a16b5bc5a06
    status:
      code: 200
      message: OK
- request:
    body: null
    headers:
      Accept:
      - application/json
      Accept-Encoding:
      - gzip, deflate
      CommandName:
      - network custom-ip prefix list
      Connection:
      - keep-alive
      ParameterSetName:
      - -g
      User-Agent:
      - AZURECLI/2.45.0 (AAZ) azsdk-python-core/1.24.0 Python/3.10.9 (Linux-5.15.0-1031-azure-x86_64-with-glibc2.31)
        VSTS_7b238909-6802-4b65-b90d-184bca47f458_build_220_0
    method: GET
    uri: https://management.azure.com/subscriptions/00000000-0000-0000-0000-000000000000/resourceGroups/cli_test_network_custom_ip_prefix_000001/providers/Microsoft.Network/customIpPrefixes?api-version=2022-05-01
  response:
    body:
      string: "{\r\n  \"value\": [\r\n    {\r\n      \"name\": \"cip-000002\",\r\n
        \     \"id\": \"/subscriptions/00000000-0000-0000-0000-000000000000/resourceGroups/cli_test_network_custom_ip_prefix_000001/providers/Microsoft.Network/customIPPrefixes/cip-000002\",\r\n
        \     \"etag\": \"W/\\\"202bf80d-386d-49d8-9a6f-143ee13b1114\\\"\",\r\n      \"type\":
        \"Microsoft.Network/customIPPrefixes\",\r\n      \"location\": \"eastus2\",\r\n
        \     \"zones\": [\r\n        \"1\"\r\n      ],\r\n      \"properties\": {\r\n
        \       \"provisioningState\": \"Succeeded\",\r\n        \"resourceGuid\":
        \"9efc4574-b194-41cf-9104-c62831acceda\",\r\n        \"commissionedState\":
        \"Provisioning\",\r\n        \"failedReason\": \"\",\r\n        \"noInternetAdvertise\":
        false,\r\n        \"expressRouteAdvertise\": false,\r\n        \"geo\": \"GLOBAL\",\r\n
        \       \"cidr\": \"0.0.0.0/24\",\r\n        \"childCustomIpPrefixes\": [],\r\n
        \       \"asn\": \"65515\"\r\n      }\r\n    }\r\n  ]\r\n}"
    headers:
      cache-control:
      - no-cache
      content-length:
      - '845'
      content-type:
      - application/json; charset=utf-8
      date:
      - Tue, 07 Feb 2023 10:50:50 GMT
      expires:
      - '-1'
      pragma:
      - no-cache
      server:
      - Microsoft-HTTPAPI/2.0
      - Microsoft-HTTPAPI/2.0
      strict-transport-security:
      - max-age=31536000; includeSubDomains
      x-content-type-options:
      - nosniff
      x-ms-arm-service-request-id:
      - d6749e12-c513-4d6a-bb51-019768eeed9e
    status:
      code: 200
      message: OK
- request:
    body: null
    headers:
      Accept:
      - application/json
      Accept-Encoding:
      - gzip, deflate
      CommandName:
      - network custom-ip prefix update
      Connection:
      - keep-alive
      ParameterSetName:
      - -n -g --tags
      User-Agent:
      - AZURECLI/2.45.0 (AAZ) azsdk-python-core/1.24.0 Python/3.10.9 (Linux-5.15.0-1031-azure-x86_64-with-glibc2.31)
        VSTS_7b238909-6802-4b65-b90d-184bca47f458_build_220_0
    method: GET
    uri: https://management.azure.com/subscriptions/00000000-0000-0000-0000-000000000000/resourceGroups/cli_test_network_custom_ip_prefix_000001/providers/Microsoft.Network/customIpPrefixes/cip-000002?api-version=2022-05-01
  response:
    body:
      string: "{\r\n  \"name\": \"cip-000002\",\r\n  \"id\": \"/subscriptions/00000000-0000-0000-0000-000000000000/resourceGroups/cli_test_network_custom_ip_prefix_000001/providers/Microsoft.Network/customIPPrefixes/cip-000002\",\r\n
        \ \"etag\": \"W/\\\"202bf80d-386d-49d8-9a6f-143ee13b1114\\\"\",\r\n  \"type\":
        \"Microsoft.Network/customIPPrefixes\",\r\n  \"location\": \"eastus2\",\r\n
        \ \"zones\": [\r\n    \"1\"\r\n  ],\r\n  \"properties\": {\r\n    \"provisioningState\":
        \"Succeeded\",\r\n    \"resourceGuid\": \"9efc4574-b194-41cf-9104-c62831acceda\",\r\n
        \   \"commissionedState\": \"Provisioning\",\r\n    \"failedReason\": \"\",\r\n
        \   \"noInternetAdvertise\": false,\r\n    \"expressRouteAdvertise\": false,\r\n
        \   \"geo\": \"GLOBAL\",\r\n    \"cidr\": \"0.0.0.0/24\",\r\n    \"childCustomIpPrefixes\":
        [],\r\n    \"asn\": \"65515\"\r\n  }\r\n}"
    headers:
      cache-control:
      - no-cache
      content-length:
      - '732'
      content-type:
      - application/json; charset=utf-8
      date:
      - Tue, 07 Feb 2023 10:50:51 GMT
      etag:
      - W/"202bf80d-386d-49d8-9a6f-143ee13b1114"
      expires:
      - '-1'
      pragma:
      - no-cache
      server:
      - Microsoft-HTTPAPI/2.0
      - Microsoft-HTTPAPI/2.0
      strict-transport-security:
      - max-age=31536000; includeSubDomains
      transfer-encoding:
      - chunked
      vary:
      - Accept-Encoding
      x-content-type-options:
      - nosniff
      x-ms-arm-service-request-id:
      - eb6286e3-5a80-4108-b8d3-ba8a655428bb
    status:
      code: 200
      message: OK
- request:
    body: '{"id": "/subscriptions/00000000-0000-0000-0000-000000000000/resourceGroups/cli_test_network_custom_ip_prefix_000001/providers/Microsoft.Network/customIPPrefixes/cip-000002",
      "location": "eastus2", "properties": {"asn": "65515", "cidr": "0.0.0.0/24",
      "commissionedState": "Provisioning", "expressRouteAdvertise": false, "geo":
      "GLOBAL", "noInternetAdvertise": false}, "tags": {"foo": "bar"}, "zones": ["1"]}'
    headers:
      Accept:
      - application/json
      Accept-Encoding:
      - gzip, deflate
      CommandName:
      - network custom-ip prefix update
      Connection:
      - keep-alive
      Content-Length:
      - '406'
      Content-Type:
      - application/json
      ParameterSetName:
      - -n -g --tags
      User-Agent:
      - AZURECLI/2.45.0 (AAZ) azsdk-python-core/1.24.0 Python/3.10.9 (Linux-5.15.0-1031-azure-x86_64-with-glibc2.31)
        VSTS_7b238909-6802-4b65-b90d-184bca47f458_build_220_0
    method: PUT
    uri: https://management.azure.com/subscriptions/00000000-0000-0000-0000-000000000000/resourceGroups/cli_test_network_custom_ip_prefix_000001/providers/Microsoft.Network/customIpPrefixes/cip-000002?api-version=2022-05-01
  response:
    body:
      string: "{\r\n  \"name\": \"cip-000002\",\r\n  \"id\": \"/subscriptions/00000000-0000-0000-0000-000000000000/resourceGroups/cli_test_network_custom_ip_prefix_000001/providers/Microsoft.Network/customIPPrefixes/cip-000002\",\r\n
        \ \"etag\": \"W/\\\"f0c33568-a1b6-47b6-b03f-1dc0ca13bcbb\\\"\",\r\n  \"type\":
        \"Microsoft.Network/customIPPrefixes\",\r\n  \"location\": \"eastus2\",\r\n
        \ \"tags\": {\r\n    \"foo\": \"bar\"\r\n  },\r\n  \"zones\": [\r\n    \"1\"\r\n
        \ ],\r\n  \"properties\": {\r\n    \"provisioningState\": \"Updating\",\r\n
        \   \"resourceGuid\": \"9efc4574-b194-41cf-9104-c62831acceda\",\r\n    \"commissionedState\":
        \"Provisioning\",\r\n    \"failedReason\": \"\",\r\n    \"noInternetAdvertise\":
        false,\r\n    \"expressRouteAdvertise\": false,\r\n    \"geo\": \"GLOBAL\",\r\n
        \   \"cidr\": \"0.0.0.0/24\",\r\n    \"childCustomIpPrefixes\": [],\r\n    \"asn\":
        \"65515\"\r\n  }\r\n}"
    headers:
      azure-asyncnotification:
      - Enabled
      azure-asyncoperation:
      - https://management.azure.com/subscriptions/00000000-0000-0000-0000-000000000000/providers/Microsoft.Network/locations/eastus2/operations/1784247d-0f29-44e0-b732-1ec3fd4aa2f8?api-version=2022-05-01
      cache-control:
      - no-cache
      content-length:
      - '768'
      content-type:
      - application/json; charset=utf-8
      date:
      - Tue, 07 Feb 2023 10:50:51 GMT
      expires:
      - '-1'
      pragma:
      - no-cache
      server:
      - Microsoft-HTTPAPI/2.0
      - Microsoft-HTTPAPI/2.0
      strict-transport-security:
      - max-age=31536000; includeSubDomains
      transfer-encoding:
      - chunked
      vary:
      - Accept-Encoding
      x-content-type-options:
      - nosniff
      x-ms-arm-service-request-id:
      - d1f0c47b-0d6f-4c39-a693-8a3f64f3c553
      x-ms-ratelimit-remaining-subscription-writes:
      - '1199'
    status:
      code: 200
      message: OK
- request:
    body: null
    headers:
      Accept:
      - '*/*'
      Accept-Encoding:
      - gzip, deflate
      CommandName:
      - network custom-ip prefix update
      Connection:
      - keep-alive
      ParameterSetName:
      - -n -g --tags
      User-Agent:
      - AZURECLI/2.45.0 (AAZ) azsdk-python-core/1.24.0 Python/3.10.9 (Linux-5.15.0-1031-azure-x86_64-with-glibc2.31)
        VSTS_7b238909-6802-4b65-b90d-184bca47f458_build_220_0
    method: GET
    uri: https://management.azure.com/subscriptions/00000000-0000-0000-0000-000000000000/providers/Microsoft.Network/locations/eastus2/operations/1784247d-0f29-44e0-b732-1ec3fd4aa2f8?api-version=2022-05-01
  response:
    body:
      string: "{\r\n  \"status\": \"Succeeded\"\r\n}"
    headers:
      cache-control:
      - no-cache
      content-length:
      - '29'
      content-type:
      - application/json; charset=utf-8
      date:
      - Tue, 07 Feb 2023 10:50:54 GMT
      expires:
      - '-1'
      pragma:
      - no-cache
      server:
      - Microsoft-HTTPAPI/2.0
      - Microsoft-HTTPAPI/2.0
      strict-transport-security:
      - max-age=31536000; includeSubDomains
      transfer-encoding:
      - chunked
      vary:
      - Accept-Encoding
      x-content-type-options:
      - nosniff
      x-ms-arm-service-request-id:
      - 85124503-b2b5-4741-9a62-b6b4f4e6bb7f
    status:
      code: 200
      message: OK
- request:
    body: null
    headers:
      Accept:
      - '*/*'
      Accept-Encoding:
      - gzip, deflate
      CommandName:
      - network custom-ip prefix update
      Connection:
      - keep-alive
      ParameterSetName:
      - -n -g --tags
      User-Agent:
      - AZURECLI/2.45.0 (AAZ) azsdk-python-core/1.24.0 Python/3.10.9 (Linux-5.15.0-1031-azure-x86_64-with-glibc2.31)
        VSTS_7b238909-6802-4b65-b90d-184bca47f458_build_220_0
    method: GET
    uri: https://management.azure.com/subscriptions/00000000-0000-0000-0000-000000000000/resourceGroups/cli_test_network_custom_ip_prefix_000001/providers/Microsoft.Network/customIpPrefixes/cip-000002?api-version=2022-05-01
  response:
    body:
      string: "{\r\n  \"name\": \"cip-000002\",\r\n  \"id\": \"/subscriptions/00000000-0000-0000-0000-000000000000/resourceGroups/cli_test_network_custom_ip_prefix_000001/providers/Microsoft.Network/customIPPrefixes/cip-000002\",\r\n
        \ \"etag\": \"W/\\\"b3a1b5d4-09e2-4086-b5a4-20f73e4c5905\\\"\",\r\n  \"type\":
        \"Microsoft.Network/customIPPrefixes\",\r\n  \"location\": \"eastus2\",\r\n
        \ \"tags\": {\r\n    \"foo\": \"bar\"\r\n  },\r\n  \"zones\": [\r\n    \"1\"\r\n
        \ ],\r\n  \"properties\": {\r\n    \"provisioningState\": \"Succeeded\",\r\n
        \   \"resourceGuid\": \"9efc4574-b194-41cf-9104-c62831acceda\",\r\n    \"commissionedState\":
        \"Provisioning\",\r\n    \"failedReason\": \"\",\r\n    \"noInternetAdvertise\":
        false,\r\n    \"expressRouteAdvertise\": false,\r\n    \"geo\": \"GLOBAL\",\r\n
        \   \"cidr\": \"0.0.0.0/24\",\r\n    \"childCustomIpPrefixes\": [],\r\n    \"asn\":
        \"65515\"\r\n  }\r\n}"
    headers:
      cache-control:
      - no-cache
      content-length:
      - '769'
      content-type:
      - application/json; charset=utf-8
      date:
      - Tue, 07 Feb 2023 10:50:54 GMT
      etag:
      - W/"b3a1b5d4-09e2-4086-b5a4-20f73e4c5905"
      expires:
      - '-1'
      pragma:
      - no-cache
      server:
      - Microsoft-HTTPAPI/2.0
      - Microsoft-HTTPAPI/2.0
      strict-transport-security:
      - max-age=31536000; includeSubDomains
      transfer-encoding:
      - chunked
      vary:
      - Accept-Encoding
      x-content-type-options:
      - nosniff
      x-ms-arm-service-request-id:
      - 57054c39-3ab6-4f54-807f-02b5bd2f44f1
    status:
      code: 200
      message: OK
- request:
    body: null
    headers:
      Accept:
      - application/json
      Accept-Encoding:
      - gzip, deflate
      CommandName:
      - network custom-ip prefix show
      Connection:
      - keep-alive
      ParameterSetName:
      - -n -g
      User-Agent:
      - AZURECLI/2.45.0 (AAZ) azsdk-python-core/1.24.0 Python/3.10.9 (Linux-5.15.0-1031-azure-x86_64-with-glibc2.31)
        VSTS_7b238909-6802-4b65-b90d-184bca47f458_build_220_0
    method: GET
    uri: https://management.azure.com/subscriptions/00000000-0000-0000-0000-000000000000/resourceGroups/cli_test_network_custom_ip_prefix_000001/providers/Microsoft.Network/customIpPrefixes/cip-000002?api-version=2022-05-01
  response:
    body:
      string: "{\r\n  \"name\": \"cip-000002\",\r\n  \"id\": \"/subscriptions/00000000-0000-0000-0000-000000000000/resourceGroups/cli_test_network_custom_ip_prefix_000001/providers/Microsoft.Network/customIPPrefixes/cip-000002\",\r\n
        \ \"etag\": \"W/\\\"b3a1b5d4-09e2-4086-b5a4-20f73e4c5905\\\"\",\r\n  \"type\":
        \"Microsoft.Network/customIPPrefixes\",\r\n  \"location\": \"eastus2\",\r\n
        \ \"tags\": {\r\n    \"foo\": \"bar\"\r\n  },\r\n  \"zones\": [\r\n    \"1\"\r\n
        \ ],\r\n  \"properties\": {\r\n    \"provisioningState\": \"Succeeded\",\r\n
        \   \"resourceGuid\": \"9efc4574-b194-41cf-9104-c62831acceda\",\r\n    \"commissionedState\":
        \"Provisioning\",\r\n    \"failedReason\": \"\",\r\n    \"noInternetAdvertise\":
        false,\r\n    \"expressRouteAdvertise\": false,\r\n    \"geo\": \"GLOBAL\",\r\n
        \   \"cidr\": \"0.0.0.0/24\",\r\n    \"childCustomIpPrefixes\": [],\r\n    \"asn\":
        \"65515\"\r\n  }\r\n}"
    headers:
      cache-control:
      - no-cache
      content-length:
      - '769'
      content-type:
      - application/json; charset=utf-8
      date:
      - Tue, 07 Feb 2023 10:50:55 GMT
      etag:
      - W/"b3a1b5d4-09e2-4086-b5a4-20f73e4c5905"
      expires:
      - '-1'
      pragma:
      - no-cache
      server:
      - Microsoft-HTTPAPI/2.0
      - Microsoft-HTTPAPI/2.0
      strict-transport-security:
      - max-age=31536000; includeSubDomains
      transfer-encoding:
      - chunked
      vary:
      - Accept-Encoding
      x-content-type-options:
      - nosniff
      x-ms-arm-service-request-id:
      - 1c243cd3-ddb0-4682-b7d1-0fd44aac756d
    status:
      code: 200
      message: OK
version: 1
