interactions:
- request:
    body: null
    headers:
      Accept:
      - application/json
      Accept-Encoding:
      - gzip, deflate
      CommandName:
      - network public-ip create
      Connection:
      - keep-alive
      ParameterSetName:
      - -g -n --dns-name --allocation-method
      User-Agent:
      - AZURECLI/2.28.1 azsdk-python-azure-mgmt-resource/19.0.0 Python/3.8.3 (Windows-10-10.0.18362-SP0)
    method: GET
    uri: https://management.azure.com/subscriptions/00000000-0000-0000-0000-000000000000/resourcegroups/cli_test_public_ip000001?api-version=2021-04-01
  response:
    body:
      string: '{"id":"/subscriptions/00000000-0000-0000-0000-000000000000/resourceGroups/cli_test_public_ip000001","name":"cli_test_public_ip000001","type":"Microsoft.Resources/resourceGroups","location":"westus","tags":{"product":"azurecli","cause":"automation","date":"2021-09-15T08:20:55Z"},"properties":{"provisioningState":"Succeeded"}}'
    headers:
      cache-control:
      - no-cache
      content-length:
      - '428'
      content-type:
      - application/json; charset=utf-8
      date:
      - Wed, 15 Sep 2021 08:20:58 GMT
      expires:
      - '-1'
      pragma:
      - no-cache
      strict-transport-security:
      - max-age=31536000; includeSubDomains
      vary:
      - Accept-Encoding
      x-content-type-options:
      - nosniff
    status:
      code: 200
      message: OK
- request:
    body: '{"location": "westus", "properties": {"publicIPAllocationMethod": "Static",
      "publicIPAddressVersion": "IPv4", "dnsSettings": {"domainNameLabel": "woot"},
      "idleTimeoutInMinutes": 4}}'
    headers:
      Accept:
      - application/json
      Accept-Encoding:
      - gzip, deflate
      CommandName:
      - network public-ip create
      Connection:
      - keep-alive
      Content-Length:
      - '181'
      Content-Type:
      - application/json
      ParameterSetName:
      - -g -n --dns-name --allocation-method
      User-Agent:
      - AZURECLI/2.28.1 azsdk-python-azure-mgmt-network/19.0.0 Python/3.8.3 (Windows-10-10.0.18362-SP0)
    method: PUT
    uri: https://management.azure.com/subscriptions/00000000-0000-0000-0000-000000000000/resourceGroups/cli_test_public_ip000001/providers/Microsoft.Network/publicIPAddresses/pubipdns?api-version=2021-03-01
  response:
    body:
      string: "{\r\n  \"name\": \"pubipdns\",\r\n  \"id\": \"/subscriptions/00000000-0000-0000-0000-000000000000/resourceGroups/cli_test_public_ip000001/providers/Microsoft.Network/publicIPAddresses/pubipdns\",\r\n
        \ \"etag\": \"W/\\\"dfef5270-1423-4340-ab09-51003bbdd49c\\\"\",\r\n  \"location\":
        \"westus\",\r\n  \"properties\": {\r\n    \"provisioningState\": \"Updating\",\r\n
        \   \"resourceGuid\": \"cd29617a-b984-47a0-9436-508cd082da21\",\r\n    \"publicIPAddressVersion\":
        \"IPv4\",\r\n    \"publicIPAllocationMethod\": \"Static\",\r\n    \"idleTimeoutInMinutes\":
        4,\r\n    \"dnsSettings\": {\r\n      \"domainNameLabel\": \"woot\",\r\n      \"fqdn\":
        \"woot.westus.cloudapp.azure.com\"\r\n    },\r\n    \"ipTags\": []\r\n  },\r\n
        \ \"type\": \"Microsoft.Network/publicIPAddresses\",\r\n  \"sku\": {\r\n    \"name\":
        \"Basic\",\r\n    \"tier\": \"Regional\"\r\n  }\r\n}"
    headers:
      azure-asyncnotification:
      - Enabled
      azure-asyncoperation:
      - https://management.azure.com/subscriptions/00000000-0000-0000-0000-000000000000/providers/Microsoft.Network/locations/westus/operations/5d6db493-ed0c-4ff3-b223-5510bcd88cb7?api-version=2021-03-01
      cache-control:
      - no-cache
      content-length:
      - '800'
      content-type:
      - application/json; charset=utf-8
      date:
      - Wed, 15 Sep 2021 08:21:06 GMT
      expires:
      - '-1'
      pragma:
      - no-cache
      server:
      - Microsoft-HTTPAPI/2.0
      - Microsoft-HTTPAPI/2.0
      strict-transport-security:
      - max-age=31536000; includeSubDomains
      x-content-type-options:
      - nosniff
      x-ms-arm-service-request-id:
      - 8895eba6-9892-48da-86aa-639b4d18442c
      x-ms-ratelimit-remaining-subscription-writes:
      - '1190'
    status:
      code: 201
      message: Created
- request:
    body: null
    headers:
      Accept:
      - '*/*'
      Accept-Encoding:
      - gzip, deflate
      CommandName:
      - network public-ip create
      Connection:
      - keep-alive
      ParameterSetName:
      - -g -n --dns-name --allocation-method
      User-Agent:
      - AZURECLI/2.28.1 azsdk-python-azure-mgmt-network/19.0.0 Python/3.8.3 (Windows-10-10.0.18362-SP0)
    method: GET
    uri: https://management.azure.com/subscriptions/00000000-0000-0000-0000-000000000000/providers/Microsoft.Network/locations/westus/operations/5d6db493-ed0c-4ff3-b223-5510bcd88cb7?api-version=2021-03-01
  response:
    body:
      string: "{\r\n  \"status\": \"Succeeded\"\r\n}"
    headers:
      cache-control:
      - no-cache
      content-length:
      - '29'
      content-type:
      - application/json; charset=utf-8
      date:
      - Wed, 15 Sep 2021 08:21:08 GMT
      expires:
      - '-1'
      pragma:
      - no-cache
      server:
      - Microsoft-HTTPAPI/2.0
      - Microsoft-HTTPAPI/2.0
      strict-transport-security:
      - max-age=31536000; includeSubDomains
      transfer-encoding:
      - chunked
      vary:
      - Accept-Encoding
      x-content-type-options:
      - nosniff
      x-ms-arm-service-request-id:
      - 116fdc09-af11-4b7a-a4f3-21dfcc1201c6
    status:
      code: 200
      message: OK
- request:
    body: null
    headers:
      Accept:
      - '*/*'
      Accept-Encoding:
      - gzip, deflate
      CommandName:
      - network public-ip create
      Connection:
      - keep-alive
      ParameterSetName:
      - -g -n --dns-name --allocation-method
      User-Agent:
      - AZURECLI/2.28.1 azsdk-python-azure-mgmt-network/19.0.0 Python/3.8.3 (Windows-10-10.0.18362-SP0)
    method: GET
    uri: https://management.azure.com/subscriptions/00000000-0000-0000-0000-000000000000/resourceGroups/cli_test_public_ip000001/providers/Microsoft.Network/publicIPAddresses/pubipdns?api-version=2021-03-01
  response:
    body:
      string: "{\r\n  \"name\": \"pubipdns\",\r\n  \"id\": \"/subscriptions/00000000-0000-0000-0000-000000000000/resourceGroups/cli_test_public_ip000001/providers/Microsoft.Network/publicIPAddresses/pubipdns\",\r\n
        \ \"etag\": \"W/\\\"78bd4431-87db-4c94-b440-6fc3b58765c3\\\"\",\r\n  \"location\":
        \"westus\",\r\n  \"properties\": {\r\n    \"provisioningState\": \"Succeeded\",\r\n
        \   \"resourceGuid\": \"cd29617a-b984-47a0-9436-508cd082da21\",\r\n    \"ipAddress\":
        \"40.83.192.254\",\r\n    \"publicIPAddressVersion\": \"IPv4\",\r\n    \"publicIPAllocationMethod\":
        \"Static\",\r\n    \"idleTimeoutInMinutes\": 4,\r\n    \"dnsSettings\": {\r\n
        \     \"domainNameLabel\": \"woot\",\r\n      \"fqdn\": \"woot.westus.cloudapp.azure.com\"\r\n
        \   },\r\n    \"ipTags\": []\r\n  },\r\n  \"type\": \"Microsoft.Network/publicIPAddresses\",\r\n
        \ \"sku\": {\r\n    \"name\": \"Basic\",\r\n    \"tier\": \"Regional\"\r\n
        \ }\r\n}"
    headers:
      cache-control:
      - no-cache
      content-length:
      - '836'
      content-type:
      - application/json; charset=utf-8
      date:
      - Wed, 15 Sep 2021 08:21:08 GMT
      etag:
      - W/"78bd4431-87db-4c94-b440-6fc3b58765c3"
      expires:
      - '-1'
      pragma:
      - no-cache
      server:
      - Microsoft-HTTPAPI/2.0
      - Microsoft-HTTPAPI/2.0
      strict-transport-security:
      - max-age=31536000; includeSubDomains
      transfer-encoding:
      - chunked
      vary:
      - Accept-Encoding
      x-content-type-options:
      - nosniff
      x-ms-arm-service-request-id:
      - 10dd8255-b9a7-46b1-b9dc-2975dfbd1803
    status:
      code: 200
      message: OK
- request:
    body: null
    headers:
      Accept:
      - application/json
      Accept-Encoding:
      - gzip, deflate
      CommandName:
      - network public-ip create
      Connection:
      - keep-alive
      ParameterSetName:
      - -g -n
      User-Agent:
      - AZURECLI/2.28.1 azsdk-python-azure-mgmt-resource/19.0.0 Python/3.8.3 (Windows-10-10.0.18362-SP0)
    method: GET
    uri: https://management.azure.com/subscriptions/00000000-0000-0000-0000-000000000000/resourcegroups/cli_test_public_ip000001?api-version=2021-04-01
  response:
    body:
      string: '{"id":"/subscriptions/00000000-0000-0000-0000-000000000000/resourceGroups/cli_test_public_ip000001","name":"cli_test_public_ip000001","type":"Microsoft.Resources/resourceGroups","location":"westus","tags":{"product":"azurecli","cause":"automation","date":"2021-09-15T08:20:55Z"},"properties":{"provisioningState":"Succeeded"}}'
    headers:
      cache-control:
      - no-cache
      content-length:
      - '428'
      content-type:
      - application/json; charset=utf-8
      date:
      - Wed, 15 Sep 2021 08:21:10 GMT
      expires:
      - '-1'
      pragma:
      - no-cache
      strict-transport-security:
      - max-age=31536000; includeSubDomains
      vary:
      - Accept-Encoding
      x-content-type-options:
      - nosniff
    status:
      code: 200
      message: OK
- request:
    body: '{"location": "westus", "properties": {"publicIPAllocationMethod": "Dynamic",
      "publicIPAddressVersion": "IPv4", "idleTimeoutInMinutes": 4}}'
    headers:
      Accept:
      - application/json
      Accept-Encoding:
      - gzip, deflate
      CommandName:
      - network public-ip create
      Connection:
      - keep-alive
      Content-Length:
      - '138'
      Content-Type:
      - application/json
      ParameterSetName:
      - -g -n
      User-Agent:
      - AZURECLI/2.28.1 azsdk-python-azure-mgmt-network/19.0.0 Python/3.8.3 (Windows-10-10.0.18362-SP0)
    method: PUT
    uri: https://management.azure.com/subscriptions/00000000-0000-0000-0000-000000000000/resourceGroups/cli_test_public_ip000001/providers/Microsoft.Network/publicIPAddresses/pubipnodns?api-version=2021-03-01
  response:
    body:
      string: "{\r\n  \"name\": \"pubipnodns\",\r\n  \"id\": \"/subscriptions/00000000-0000-0000-0000-000000000000/resourceGroups/cli_test_public_ip000001/providers/Microsoft.Network/publicIPAddresses/pubipnodns\",\r\n
        \ \"etag\": \"W/\\\"a96bc1e0-bc81-423e-81c6-a6857d1786aa\\\"\",\r\n  \"location\":
        \"westus\",\r\n  \"properties\": {\r\n    \"provisioningState\": \"Updating\",\r\n
        \   \"resourceGuid\": \"9777b749-23e7-45c4-b485-fc22be362b6b\",\r\n    \"publicIPAddressVersion\":
        \"IPv4\",\r\n    \"publicIPAllocationMethod\": \"Dynamic\",\r\n    \"idleTimeoutInMinutes\":
        4,\r\n    \"ipTags\": []\r\n  },\r\n  \"type\": \"Microsoft.Network/publicIPAddresses\",\r\n
        \ \"sku\": {\r\n    \"name\": \"Basic\",\r\n    \"tier\": \"Regional\"\r\n
        \ }\r\n}"
    headers:
      azure-asyncnotification:
      - Enabled
      azure-asyncoperation:
      - https://management.azure.com/subscriptions/00000000-0000-0000-0000-000000000000/providers/Microsoft.Network/locations/westus/operations/c6ea734c-e596-4998-8a49-18d36ac07a50?api-version=2021-03-01
      cache-control:
      - no-cache
      content-length:
      - '693'
      content-type:
      - application/json; charset=utf-8
      date:
      - Wed, 15 Sep 2021 08:21:17 GMT
      expires:
      - '-1'
      pragma:
      - no-cache
      server:
      - Microsoft-HTTPAPI/2.0
      - Microsoft-HTTPAPI/2.0
      strict-transport-security:
      - max-age=31536000; includeSubDomains
      x-content-type-options:
      - nosniff
      x-ms-arm-service-request-id:
      - 23efbd91-7535-48da-8536-7837e0b85db3
      x-ms-ratelimit-remaining-subscription-writes:
      - '1191'
    status:
      code: 201
      message: Created
- request:
    body: null
    headers:
      Accept:
      - '*/*'
      Accept-Encoding:
      - gzip, deflate
      CommandName:
      - network public-ip create
      Connection:
      - keep-alive
      ParameterSetName:
      - -g -n
      User-Agent:
      - AZURECLI/2.28.1 azsdk-python-azure-mgmt-network/19.0.0 Python/3.8.3 (Windows-10-10.0.18362-SP0)
    method: GET
    uri: https://management.azure.com/subscriptions/00000000-0000-0000-0000-000000000000/providers/Microsoft.Network/locations/westus/operations/c6ea734c-e596-4998-8a49-18d36ac07a50?api-version=2021-03-01
  response:
    body:
      string: "{\r\n  \"status\": \"Succeeded\"\r\n}"
    headers:
      cache-control:
      - no-cache
      content-length:
      - '29'
      content-type:
      - application/json; charset=utf-8
      date:
      - Wed, 15 Sep 2021 08:21:18 GMT
      expires:
      - '-1'
      pragma:
      - no-cache
      server:
      - Microsoft-HTTPAPI/2.0
      - Microsoft-HTTPAPI/2.0
      strict-transport-security:
      - max-age=31536000; includeSubDomains
      transfer-encoding:
      - chunked
      vary:
      - Accept-Encoding
      x-content-type-options:
      - nosniff
      x-ms-arm-service-request-id:
      - e938887d-b823-4e7b-a09b-6169ac573b0c
    status:
      code: 200
      message: OK
- request:
    body: null
    headers:
      Accept:
      - '*/*'
      Accept-Encoding:
      - gzip, deflate
      CommandName:
      - network public-ip create
      Connection:
      - keep-alive
      ParameterSetName:
      - -g -n
      User-Agent:
      - AZURECLI/2.28.1 azsdk-python-azure-mgmt-network/19.0.0 Python/3.8.3 (Windows-10-10.0.18362-SP0)
    method: GET
    uri: https://management.azure.com/subscriptions/00000000-0000-0000-0000-000000000000/resourceGroups/cli_test_public_ip000001/providers/Microsoft.Network/publicIPAddresses/pubipnodns?api-version=2021-03-01
  response:
    body:
      string: "{\r\n  \"name\": \"pubipnodns\",\r\n  \"id\": \"/subscriptions/00000000-0000-0000-0000-000000000000/resourceGroups/cli_test_public_ip000001/providers/Microsoft.Network/publicIPAddresses/pubipnodns\",\r\n
        \ \"etag\": \"W/\\\"20237ec3-0037-4640-b068-1a9e56b17ff8\\\"\",\r\n  \"location\":
        \"westus\",\r\n  \"properties\": {\r\n    \"provisioningState\": \"Succeeded\",\r\n
        \   \"resourceGuid\": \"9777b749-23e7-45c4-b485-fc22be362b6b\",\r\n    \"publicIPAddressVersion\":
        \"IPv4\",\r\n    \"publicIPAllocationMethod\": \"Dynamic\",\r\n    \"idleTimeoutInMinutes\":
        4,\r\n    \"ipTags\": []\r\n  },\r\n  \"type\": \"Microsoft.Network/publicIPAddresses\",\r\n
        \ \"sku\": {\r\n    \"name\": \"Basic\",\r\n    \"tier\": \"Regional\"\r\n
        \ }\r\n}"
    headers:
      cache-control:
      - no-cache
      content-length:
      - '694'
      content-type:
      - application/json; charset=utf-8
      date:
      - Wed, 15 Sep 2021 08:21:19 GMT
      etag:
      - W/"20237ec3-0037-4640-b068-1a9e56b17ff8"
      expires:
      - '-1'
      pragma:
      - no-cache
      server:
      - Microsoft-HTTPAPI/2.0
      - Microsoft-HTTPAPI/2.0
      strict-transport-security:
      - max-age=31536000; includeSubDomains
      transfer-encoding:
      - chunked
      vary:
      - Accept-Encoding
      x-content-type-options:
      - nosniff
      x-ms-arm-service-request-id:
      - abecf914-5b78-49f2-8d8c-a17cd11a1c56
    status:
      code: 200
      message: OK
- request:
    body: null
    headers:
      Accept:
      - application/json
      Accept-Encoding:
      - gzip, deflate
      CommandName:
      - network public-ip update
      Connection:
      - keep-alive
      ParameterSetName:
      - -g -n --allocation-method --dns-name --idle-timeout --tags
      User-Agent:
      - AZURECLI/2.28.1 azsdk-python-azure-mgmt-network/19.0.0 Python/3.8.3 (Windows-10-10.0.18362-SP0)
    method: GET
    uri: https://management.azure.com/subscriptions/00000000-0000-0000-0000-000000000000/resourceGroups/cli_test_public_ip000001/providers/Microsoft.Network/publicIPAddresses/pubipnodns?api-version=2021-03-01
  response:
    body:
      string: "{\r\n  \"name\": \"pubipnodns\",\r\n  \"id\": \"/subscriptions/00000000-0000-0000-0000-000000000000/resourceGroups/cli_test_public_ip000001/providers/Microsoft.Network/publicIPAddresses/pubipnodns\",\r\n
        \ \"etag\": \"W/\\\"20237ec3-0037-4640-b068-1a9e56b17ff8\\\"\",\r\n  \"location\":
        \"westus\",\r\n  \"properties\": {\r\n    \"provisioningState\": \"Succeeded\",\r\n
        \   \"resourceGuid\": \"9777b749-23e7-45c4-b485-fc22be362b6b\",\r\n    \"publicIPAddressVersion\":
        \"IPv4\",\r\n    \"publicIPAllocationMethod\": \"Dynamic\",\r\n    \"idleTimeoutInMinutes\":
        4,\r\n    \"ipTags\": []\r\n  },\r\n  \"type\": \"Microsoft.Network/publicIPAddresses\",\r\n
        \ \"sku\": {\r\n    \"name\": \"Basic\",\r\n    \"tier\": \"Regional\"\r\n
        \ }\r\n}"
    headers:
      cache-control:
      - no-cache
      content-length:
      - '694'
      content-type:
      - application/json; charset=utf-8
      date:
      - Wed, 15 Sep 2021 08:21:21 GMT
      etag:
      - W/"20237ec3-0037-4640-b068-1a9e56b17ff8"
      expires:
      - '-1'
      pragma:
      - no-cache
      server:
      - Microsoft-HTTPAPI/2.0
      - Microsoft-HTTPAPI/2.0
      strict-transport-security:
      - max-age=31536000; includeSubDomains
      transfer-encoding:
      - chunked
      vary:
      - Accept-Encoding
      x-content-type-options:
      - nosniff
      x-ms-arm-service-request-id:
      - e3898192-7c12-450c-bb1e-f1852b4e224d
    status:
      code: 200
      message: OK
- request:
    body: '{"id": "/subscriptions/00000000-0000-0000-0000-000000000000/resourceGroups/cli_test_public_ip000001/providers/Microsoft.Network/publicIPAddresses/pubipnodns",
      "location": "westus", "tags": {"foo": "doo"}, "sku": {"name": "Basic", "tier":
      "Regional"}, "properties": {"publicIPAllocationMethod": "Static", "publicIPAddressVersion":
      "IPv4", "dnsSettings": {"domainNameLabel": "wowza2"}, "ipTags": [], "idleTimeoutInMinutes":
      10}}'
    headers:
      Accept:
      - application/json
      Accept-Encoding:
      - gzip, deflate
      CommandName:
      - network public-ip update
      Connection:
      - keep-alive
      Content-Length:
      - '477'
      Content-Type:
      - application/json
      ParameterSetName:
      - -g -n --allocation-method --dns-name --idle-timeout --tags
      User-Agent:
      - AZURECLI/2.28.1 azsdk-python-azure-mgmt-network/19.0.0 Python/3.8.3 (Windows-10-10.0.18362-SP0)
    method: PUT
    uri: https://management.azure.com/subscriptions/00000000-0000-0000-0000-000000000000/resourceGroups/cli_test_public_ip000001/providers/Microsoft.Network/publicIPAddresses/pubipnodns?api-version=2021-03-01
  response:
    body:
      string: "{\r\n  \"name\": \"pubipnodns\",\r\n  \"id\": \"/subscriptions/00000000-0000-0000-0000-000000000000/resourceGroups/cli_test_public_ip000001/providers/Microsoft.Network/publicIPAddresses/pubipnodns\",\r\n
        \ \"etag\": \"W/\\\"bb9f3494-5a4f-4830-892d-3fa17970d305\\\"\",\r\n  \"location\":
        \"westus\",\r\n  \"tags\": {\r\n    \"foo\": \"doo\"\r\n  },\r\n  \"properties\":
        {\r\n    \"provisioningState\": \"Updating\",\r\n    \"resourceGuid\": \"9777b749-23e7-45c4-b485-fc22be362b6b\",\r\n
        \   \"publicIPAddressVersion\": \"IPv4\",\r\n    \"publicIPAllocationMethod\":
        \"Static\",\r\n    \"idleTimeoutInMinutes\": 10,\r\n    \"dnsSettings\": {\r\n
        \     \"domainNameLabel\": \"wowza2\",\r\n      \"fqdn\": \"wowza2.westus.cloudapp.azure.com\"\r\n
        \   },\r\n    \"ipTags\": []\r\n  },\r\n  \"type\": \"Microsoft.Network/publicIPAddresses\",\r\n
        \ \"sku\": {\r\n    \"name\": \"Basic\",\r\n    \"tier\": \"Regional\"\r\n
        \ }\r\n}"
    headers:
      azure-asyncnotification:
      - Enabled
      azure-asyncoperation:
      - https://management.azure.com/subscriptions/00000000-0000-0000-0000-000000000000/providers/Microsoft.Network/locations/westus/operations/6ddb998e-2ccc-4c06-a390-4fd03ebf4baf?api-version=2021-03-01
      cache-control:
      - no-cache
      content-length:
      - '846'
      content-type:
      - application/json; charset=utf-8
      date:
      - Wed, 15 Sep 2021 08:21:26 GMT
      expires:
      - '-1'
      pragma:
      - no-cache
      server:
      - Microsoft-HTTPAPI/2.0
      - Microsoft-HTTPAPI/2.0
      strict-transport-security:
      - max-age=31536000; includeSubDomains
      transfer-encoding:
      - chunked
      vary:
      - Accept-Encoding
      x-content-type-options:
      - nosniff
      x-ms-arm-service-request-id:
      - c6980e0c-1adf-485a-90b9-7e83817c06bf
      x-ms-ratelimit-remaining-subscription-writes:
      - '1196'
    status:
      code: 200
      message: OK
- request:
    body: null
    headers:
      Accept:
      - '*/*'
      Accept-Encoding:
      - gzip, deflate
      CommandName:
      - network public-ip update
      Connection:
      - keep-alive
      ParameterSetName:
      - -g -n --allocation-method --dns-name --idle-timeout --tags
      User-Agent:
      - AZURECLI/2.28.1 azsdk-python-azure-mgmt-network/19.0.0 Python/3.8.3 (Windows-10-10.0.18362-SP0)
    method: GET
    uri: https://management.azure.com/subscriptions/00000000-0000-0000-0000-000000000000/providers/Microsoft.Network/locations/westus/operations/6ddb998e-2ccc-4c06-a390-4fd03ebf4baf?api-version=2021-03-01
  response:
    body:
      string: "{\r\n  \"status\": \"Succeeded\"\r\n}"
    headers:
      cache-control:
      - no-cache
      content-length:
      - '29'
      content-type:
      - application/json; charset=utf-8
      date:
      - Wed, 15 Sep 2021 08:21:27 GMT
      expires:
      - '-1'
      pragma:
      - no-cache
      server:
      - Microsoft-HTTPAPI/2.0
      - Microsoft-HTTPAPI/2.0
      strict-transport-security:
      - max-age=31536000; includeSubDomains
      transfer-encoding:
      - chunked
      vary:
      - Accept-Encoding
      x-content-type-options:
      - nosniff
      x-ms-arm-service-request-id:
      - 722b9b65-47e0-4a21-bf2f-b60f17891c64
    status:
      code: 200
      message: OK
- request:
    body: null
    headers:
      Accept:
      - '*/*'
      Accept-Encoding:
      - gzip, deflate
      CommandName:
      - network public-ip update
      Connection:
      - keep-alive
      ParameterSetName:
      - -g -n --allocation-method --dns-name --idle-timeout --tags
      User-Agent:
      - AZURECLI/2.28.1 azsdk-python-azure-mgmt-network/19.0.0 Python/3.8.3 (Windows-10-10.0.18362-SP0)
    method: GET
    uri: https://management.azure.com/subscriptions/00000000-0000-0000-0000-000000000000/resourceGroups/cli_test_public_ip000001/providers/Microsoft.Network/publicIPAddresses/pubipnodns?api-version=2021-03-01
  response:
    body:
      string: "{\r\n  \"name\": \"pubipnodns\",\r\n  \"id\": \"/subscriptions/00000000-0000-0000-0000-000000000000/resourceGroups/cli_test_public_ip000001/providers/Microsoft.Network/publicIPAddresses/pubipnodns\",\r\n
        \ \"etag\": \"W/\\\"273c0f33-bf9d-46ed-91c1-7fe6dcd4fa66\\\"\",\r\n  \"location\":
        \"westus\",\r\n  \"tags\": {\r\n    \"foo\": \"doo\"\r\n  },\r\n  \"properties\":
        {\r\n    \"provisioningState\": \"Succeeded\",\r\n    \"resourceGuid\": \"9777b749-23e7-45c4-b485-fc22be362b6b\",\r\n
        \   \"ipAddress\": \"40.118.232.89\",\r\n    \"publicIPAddressVersion\": \"IPv4\",\r\n
        \   \"publicIPAllocationMethod\": \"Static\",\r\n    \"idleTimeoutInMinutes\":
        10,\r\n    \"dnsSettings\": {\r\n      \"domainNameLabel\": \"wowza2\",\r\n
        \     \"fqdn\": \"wowza2.westus.cloudapp.azure.com\"\r\n    },\r\n    \"ipTags\":
        []\r\n  },\r\n  \"type\": \"Microsoft.Network/publicIPAddresses\",\r\n  \"sku\":
        {\r\n    \"name\": \"Basic\",\r\n    \"tier\": \"Regional\"\r\n  }\r\n}"
    headers:
      cache-control:
      - no-cache
      content-length:
      - '882'
      content-type:
      - application/json; charset=utf-8
      date:
      - Wed, 15 Sep 2021 08:21:27 GMT
      etag:
      - W/"273c0f33-bf9d-46ed-91c1-7fe6dcd4fa66"
      expires:
      - '-1'
      pragma:
      - no-cache
      server:
      - Microsoft-HTTPAPI/2.0
      - Microsoft-HTTPAPI/2.0
      strict-transport-security:
      - max-age=31536000; includeSubDomains
      transfer-encoding:
      - chunked
      vary:
      - Accept-Encoding
      x-content-type-options:
      - nosniff
      x-ms-arm-service-request-id:
      - 5abe5541-3eb9-4379-8360-641eea626ed6
    status:
      code: 200
      message: OK
- request:
    body: null
    headers:
      Accept:
      - application/json
      Accept-Encoding:
      - gzip, deflate
      CommandName:
      - network public-ip list
      Connection:
      - keep-alive
      ParameterSetName:
      - -g
      User-Agent:
      - AZURECLI/2.28.1 azsdk-python-azure-mgmt-network/19.0.0 Python/3.8.3 (Windows-10-10.0.18362-SP0)
    method: GET
    uri: https://management.azure.com/subscriptions/00000000-0000-0000-0000-000000000000/resourceGroups/cli_test_public_ip000001/providers/Microsoft.Network/publicIPAddresses?api-version=2021-03-01
  response:
    body:
      string: "{\r\n  \"value\": [\r\n    {\r\n      \"name\": \"pubipdns\",\r\n      \"id\":
        \"/subscriptions/00000000-0000-0000-0000-000000000000/resourceGroups/cli_test_public_ip000001/providers/Microsoft.Network/publicIPAddresses/pubipdns\",\r\n
        \     \"etag\": \"W/\\\"78bd4431-87db-4c94-b440-6fc3b58765c3\\\"\",\r\n      \"location\":
        \"westus\",\r\n      \"properties\": {\r\n        \"provisioningState\": \"Succeeded\",\r\n
        \       \"resourceGuid\": \"cd29617a-b984-47a0-9436-508cd082da21\",\r\n        \"ipAddress\":
        \"40.83.192.254\",\r\n        \"publicIPAddressVersion\": \"IPv4\",\r\n        \"publicIPAllocationMethod\":
        \"Static\",\r\n        \"idleTimeoutInMinutes\": 4,\r\n        \"dnsSettings\":
        {\r\n          \"domainNameLabel\": \"woot\",\r\n          \"fqdn\": \"woot.westus.cloudapp.azure.com\"\r\n
        \       },\r\n        \"ipTags\": []\r\n      },\r\n      \"type\": \"Microsoft.Network/publicIPAddresses\",\r\n
        \     \"sku\": {\r\n        \"name\": \"Basic\",\r\n        \"tier\": \"Regional\"\r\n
        \     }\r\n    },\r\n    {\r\n      \"name\": \"pubipnodns\",\r\n      \"id\":
        \"/subscriptions/00000000-0000-0000-0000-000000000000/resourceGroups/cli_test_public_ip000001/providers/Microsoft.Network/publicIPAddresses/pubipnodns\",\r\n
        \     \"etag\": \"W/\\\"273c0f33-bf9d-46ed-91c1-7fe6dcd4fa66\\\"\",\r\n      \"location\":
        \"westus\",\r\n      \"tags\": {\r\n        \"foo\": \"doo\"\r\n      },\r\n
        \     \"properties\": {\r\n        \"provisioningState\": \"Succeeded\",\r\n
        \       \"resourceGuid\": \"9777b749-23e7-45c4-b485-fc22be362b6b\",\r\n        \"ipAddress\":
        \"40.118.232.89\",\r\n        \"publicIPAddressVersion\": \"IPv4\",\r\n        \"publicIPAllocationMethod\":
        \"Static\",\r\n        \"idleTimeoutInMinutes\": 10,\r\n        \"dnsSettings\":
        {\r\n          \"domainNameLabel\": \"wowza2\",\r\n          \"fqdn\": \"wowza2.westus.cloudapp.azure.com\"\r\n
        \       },\r\n        \"ipTags\": []\r\n      },\r\n      \"type\": \"Microsoft.Network/publicIPAddresses\",\r\n
        \     \"sku\": {\r\n        \"name\": \"Basic\",\r\n        \"tier\": \"Regional\"\r\n
        \     }\r\n    }\r\n  ]\r\n}"
    headers:
      cache-control:
      - no-cache
      content-length:
      - '1950'
      content-type:
      - application/json; charset=utf-8
      date:
      - Wed, 15 Sep 2021 08:21:29 GMT
      expires:
      - '-1'
      pragma:
      - no-cache
      server:
      - Microsoft-HTTPAPI/2.0
      - Microsoft-HTTPAPI/2.0
      strict-transport-security:
      - max-age=31536000; includeSubDomains
      transfer-encoding:
      - chunked
      vary:
      - Accept-Encoding
      x-content-type-options:
      - nosniff
      x-ms-arm-service-request-id:
      - 1833a10c-38d0-48ce-b417-67893c26a7e1
    status:
      code: 200
      message: OK
- request:
    body: null
    headers:
      Accept:
      - application/json
      Accept-Encoding:
      - gzip, deflate
      CommandName:
      - network public-ip show
      Connection:
      - keep-alive
      ParameterSetName:
      - -g -n
      User-Agent:
      - AZURECLI/2.28.1 azsdk-python-azure-mgmt-network/19.0.0 Python/3.8.3 (Windows-10-10.0.18362-SP0)
    method: GET
    uri: https://management.azure.com/subscriptions/00000000-0000-0000-0000-000000000000/resourceGroups/cli_test_public_ip000001/providers/Microsoft.Network/publicIPAddresses/pubipdns?api-version=2021-03-01
  response:
    body:
      string: "{\r\n  \"name\": \"pubipdns\",\r\n  \"id\": \"/subscriptions/00000000-0000-0000-0000-000000000000/resourceGroups/cli_test_public_ip000001/providers/Microsoft.Network/publicIPAddresses/pubipdns\",\r\n
        \ \"etag\": \"W/\\\"78bd4431-87db-4c94-b440-6fc3b58765c3\\\"\",\r\n  \"location\":
        \"westus\",\r\n  \"properties\": {\r\n    \"provisioningState\": \"Succeeded\",\r\n
        \   \"resourceGuid\": \"cd29617a-b984-47a0-9436-508cd082da21\",\r\n    \"ipAddress\":
        \"40.83.192.254\",\r\n    \"publicIPAddressVersion\": \"IPv4\",\r\n    \"publicIPAllocationMethod\":
        \"Static\",\r\n    \"idleTimeoutInMinutes\": 4,\r\n    \"dnsSettings\": {\r\n
        \     \"domainNameLabel\": \"woot\",\r\n      \"fqdn\": \"woot.westus.cloudapp.azure.com\"\r\n
        \   },\r\n    \"ipTags\": []\r\n  },\r\n  \"type\": \"Microsoft.Network/publicIPAddresses\",\r\n
        \ \"sku\": {\r\n    \"name\": \"Basic\",\r\n    \"tier\": \"Regional\"\r\n
        \ }\r\n}"
    headers:
      cache-control:
      - no-cache
      content-length:
      - '836'
      content-type:
      - application/json; charset=utf-8
      date:
      - Wed, 15 Sep 2021 08:21:32 GMT
      etag:
      - W/"78bd4431-87db-4c94-b440-6fc3b58765c3"
      expires:
      - '-1'
      pragma:
      - no-cache
      server:
      - Microsoft-HTTPAPI/2.0
      - Microsoft-HTTPAPI/2.0
      strict-transport-security:
      - max-age=31536000; includeSubDomains
      transfer-encoding:
      - chunked
      vary:
      - Accept-Encoding
      x-content-type-options:
      - nosniff
      x-ms-arm-service-request-id:
      - 91632484-659c-41be-96ce-30a265126b39
    status:
      code: 200
      message: OK
- request:
    body: null
    headers:
      Accept:
      - application/json
      Accept-Encoding:
      - gzip, deflate
      CommandName:
      - network public-ip delete
      Connection:
      - keep-alive
      Content-Length:
      - '0'
      ParameterSetName:
      - -g -n
      User-Agent:
      - AZURECLI/2.28.1 azsdk-python-azure-mgmt-network/19.0.0 Python/3.8.3 (Windows-10-10.0.18362-SP0)
    method: DELETE
    uri: https://management.azure.com/subscriptions/00000000-0000-0000-0000-000000000000/resourceGroups/cli_test_public_ip000001/providers/Microsoft.Network/publicIPAddresses/pubipdns?api-version=2021-03-01
  response:
    body:
      string: ''
    headers:
      azure-asyncnotification:
      - Enabled
      azure-asyncoperation:
      - https://management.azure.com/subscriptions/00000000-0000-0000-0000-000000000000/providers/Microsoft.Network/locations/westus/operations/4a9b4c82-f15c-448f-8db5-aed1e5c21767?api-version=2021-03-01
      cache-control:
      - no-cache
      content-length:
      - '0'
      date:
      - Wed, 15 Sep 2021 08:21:35 GMT
      expires:
      - '-1'
      location:
      - https://management.azure.com/subscriptions/00000000-0000-0000-0000-000000000000/providers/Microsoft.Network/locations/westus/operationResults/4a9b4c82-f15c-448f-8db5-aed1e5c21767?api-version=2021-03-01
      pragma:
      - no-cache
      server:
      - Microsoft-HTTPAPI/2.0
      - Microsoft-HTTPAPI/2.0
      strict-transport-security:
      - max-age=31536000; includeSubDomains
      x-content-type-options:
      - nosniff
      x-ms-arm-service-request-id:
      - 930f5775-0e4a-4678-bad6-bf7be17d744f
      x-ms-ratelimit-remaining-subscription-deletes:
      - '14999'
    status:
      code: 202
      message: Accepted
- request:
    body: null
    headers:
      Accept:
      - '*/*'
      Accept-Encoding:
      - gzip, deflate
      CommandName:
      - network public-ip delete
      Connection:
      - keep-alive
      ParameterSetName:
      - -g -n
      User-Agent:
      - AZURECLI/2.28.1 azsdk-python-azure-mgmt-network/19.0.0 Python/3.8.3 (Windows-10-10.0.18362-SP0)
    method: GET
    uri: https://management.azure.com/subscriptions/00000000-0000-0000-0000-000000000000/providers/Microsoft.Network/locations/westus/operations/4a9b4c82-f15c-448f-8db5-aed1e5c21767?api-version=2021-03-01
  response:
    body:
      string: "{\r\n  \"status\": \"InProgress\"\r\n}"
    headers:
      cache-control:
      - no-cache
      content-length:
      - '30'
      content-type:
      - application/json; charset=utf-8
      date:
      - Wed, 15 Sep 2021 08:21:45 GMT
      expires:
      - '-1'
      pragma:
      - no-cache
      server:
      - Microsoft-HTTPAPI/2.0
      - Microsoft-HTTPAPI/2.0
      strict-transport-security:
      - max-age=31536000; includeSubDomains
      transfer-encoding:
      - chunked
      vary:
      - Accept-Encoding
      x-content-type-options:
      - nosniff
      x-ms-arm-service-request-id:
      - 0ecb4594-b4db-44e6-a203-b0a0ab7f75bc
    status:
      code: 200
      message: OK
- request:
    body: null
    headers:
      Accept:
      - '*/*'
      Accept-Encoding:
      - gzip, deflate
      CommandName:
      - network public-ip delete
      Connection:
      - keep-alive
      ParameterSetName:
      - -g -n
      User-Agent:
      - AZURECLI/2.28.1 azsdk-python-azure-mgmt-network/19.0.0 Python/3.8.3 (Windows-10-10.0.18362-SP0)
    method: GET
    uri: https://management.azure.com/subscriptions/00000000-0000-0000-0000-000000000000/providers/Microsoft.Network/locations/westus/operations/4a9b4c82-f15c-448f-8db5-aed1e5c21767?api-version=2021-03-01
  response:
    body:
      string: "{\r\n  \"status\": \"Succeeded\"\r\n}"
    headers:
      cache-control:
      - no-cache
      content-length:
      - '29'
      content-type:
      - application/json; charset=utf-8
      date:
      - Wed, 15 Sep 2021 08:21:56 GMT
      expires:
      - '-1'
      pragma:
      - no-cache
      server:
      - Microsoft-HTTPAPI/2.0
      - Microsoft-HTTPAPI/2.0
      strict-transport-security:
      - max-age=31536000; includeSubDomains
      transfer-encoding:
      - chunked
      vary:
      - Accept-Encoding
      x-content-type-options:
      - nosniff
      x-ms-arm-service-request-id:
      - 3b2a9426-9ece-4159-ac25-32def548096e
    status:
      code: 200
      message: OK
- request:
    body: null
    headers:
      Accept:
      - application/json
      Accept-Encoding:
      - gzip, deflate
      CommandName:
      - network public-ip list
      Connection:
      - keep-alive
      ParameterSetName:
      - -g
      User-Agent:
      - AZURECLI/2.28.1 azsdk-python-azure-mgmt-network/19.0.0 Python/3.8.3 (Windows-10-10.0.18362-SP0)
    method: GET
    uri: https://management.azure.com/subscriptions/00000000-0000-0000-0000-000000000000/resourceGroups/cli_test_public_ip000001/providers/Microsoft.Network/publicIPAddresses?api-version=2021-03-01
  response:
    body:
      string: "{\r\n  \"value\": [\r\n    {\r\n      \"name\": \"pubipnodns\",\r\n
        \     \"id\": \"/subscriptions/00000000-0000-0000-0000-000000000000/resourceGroups/cli_test_public_ip000001/providers/Microsoft.Network/publicIPAddresses/pubipnodns\",\r\n
        \     \"etag\": \"W/\\\"273c0f33-bf9d-46ed-91c1-7fe6dcd4fa66\\\"\",\r\n      \"location\":
        \"westus\",\r\n      \"tags\": {\r\n        \"foo\": \"doo\"\r\n      },\r\n
        \     \"properties\": {\r\n        \"provisioningState\": \"Succeeded\",\r\n
        \       \"resourceGuid\": \"9777b749-23e7-45c4-b485-fc22be362b6b\",\r\n        \"ipAddress\":
        \"40.118.232.89\",\r\n        \"publicIPAddressVersion\": \"IPv4\",\r\n        \"publicIPAllocationMethod\":
        \"Static\",\r\n        \"idleTimeoutInMinutes\": 10,\r\n        \"dnsSettings\":
        {\r\n          \"domainNameLabel\": \"wowza2\",\r\n          \"fqdn\": \"wowza2.westus.cloudapp.azure.com\"\r\n
        \       },\r\n        \"ipTags\": []\r\n      },\r\n      \"type\": \"Microsoft.Network/publicIPAddresses\",\r\n
        \     \"sku\": {\r\n        \"name\": \"Basic\",\r\n        \"tier\": \"Regional\"\r\n
        \     }\r\n    }\r\n  ]\r\n}"
    headers:
      cache-control:
      - no-cache
      content-length:
      - '1015'
      content-type:
      - application/json; charset=utf-8
      date:
      - Wed, 15 Sep 2021 08:21:59 GMT
      expires:
      - '-1'
      pragma:
      - no-cache
      server:
      - Microsoft-HTTPAPI/2.0
      - Microsoft-HTTPAPI/2.0
      strict-transport-security:
      - max-age=31536000; includeSubDomains
      transfer-encoding:
      - chunked
      vary:
      - Accept-Encoding
      x-content-type-options:
      - nosniff
      x-ms-arm-service-request-id:
      - aaeb087d-80e3-4ed7-aa35-912895dc9fc9
    status:
      code: 200
      message: OK
version: 1
