interactions:
- request:
    body: null
    headers:
      Accept:
      - application/json
      Accept-Encoding:
      - gzip, deflate
      CommandName:
      - network dns zone list
      Connection:
      - keep-alive
      User-Agent:
      - AZURECLI/2.48.1 (PIP) azsdk-python-azure-mgmt-dns/8.0.0 Python/3.8.10 (Windows-10-10.0.19045-SP0)
    method: GET
    uri: https://management.azure.com/subscriptions/00000000-0000-0000-0000-000000000000/providers/Microsoft.Network/dnszones?api-version=2018-05-01
  response:
    body:
      string: '{"value":[{"id":"\/subscriptions\/00000000-0000-0000-0000-000000000000\/resourceGroups\/zhwen-domain\/providers\/Microsoft.Network\/dnszones\/emoranran.com","name":"emoranran.com","type":"Microsoft.Network\/dnszones","etag":"0fcd0dad-a80d-4b69-880f-dbb78cd1a216","location":"global","tags":{},"properties":{"maxNumberOfRecordSets":10000,"maxNumberOfRecordsPerRecordSet":null,"nameServers":["ns1-06.azure-dns.com.","ns2-06.azure-dns.net.","ns3-06.azure-dns.org.","ns4-06.azure-dns.info."],"numberOfRecordSets":2,"zoneType":"Public"}}]}'
    headers:
      cache-control:
      - private
      content-length:
      - '534'
      content-type:
      - application/json; charset=utf-8
      date:
      - Wed, 26 Apr 2023 05:03:59 GMT
      server:
      - Microsoft-IIS/10.0
      strict-transport-security:
      - max-age=31536000; includeSubDomains
      transfer-encoding:
      - chunked
      vary:
      - Accept-Encoding
      x-content-type-options:
      - nosniff
      x-ms-ratelimit-remaining-subscription-resource-entities-read:
      - '59999'
      x-ms-ratelimit-remaining-subscription-resource-requests:
      - '499'
      x-powered-by:
      - ASP.NET
    status:
      code: 200
      message: OK
- request:
    body: '{"location": "global", "properties": {"zoneType": "Public"}}'
    headers:
      Accept:
      - application/json
      Accept-Encoding:
      - gzip, deflate
      CommandName:
      - network dns zone create
      Connection:
      - keep-alive
      Content-Length:
      - '60'
      Content-Type:
      - application/json
      ParameterSetName:
      - -n -g
      User-Agent:
      - AZURECLI/2.48.1 (PIP) azsdk-python-azure-mgmt-dns/8.0.0 Python/3.8.10 (Windows-10-10.0.19045-SP0)
    method: PUT
    uri: https://management.azure.com/subscriptions/00000000-0000-0000-0000-000000000000/resourceGroups/cli_test_dns000001/providers/Microsoft.Network/dnsZones/myzonex.com?api-version=2018-05-01
  response:
    body:
      string: '{"id":"\/subscriptions\/00000000-0000-0000-0000-000000000000\/resourceGroups\/cli_test_dns000001\/providers\/Microsoft.Network\/dnszones\/myzonex.com","name":"myzonex.com","type":"Microsoft.Network\/dnszones","etag":"4e58e960-fd05-43f1-ba05-1daf68dbadd5","location":"global","tags":{},"properties":{"maxNumberOfRecordSets":10000,"maxNumberOfRecordsPerRecordSet":null,"nameServers":["ns1-01.azure-dns.com.","ns2-01.azure-dns.net.","ns3-01.azure-dns.org.","ns4-01.azure-dns.info."],"numberOfRecordSets":2,"zoneType":"Public"}}'
    headers:
      cache-control:
      - private
      content-length:
      - '524'
      content-type:
      - application/json; charset=utf-8
      date:
      - Wed, 26 Apr 2023 05:04:23 GMT
      etag:
      - 4e58e960-fd05-43f1-ba05-1daf68dbadd5
      server:
      - Microsoft-IIS/10.0
      strict-transport-security:
      - max-age=31536000; includeSubDomains
      x-content-type-options:
      - nosniff
      x-ms-ratelimit-remaining-subscription-resource-requests:
      - '11999'
      x-powered-by:
      - ASP.NET
    status:
      code: 201
      message: Created
- request:
    body: null
    headers:
      Accept:
      - application/json
      Accept-Encoding:
      - gzip, deflate
      CommandName:
      - network dns zone list
      Connection:
      - keep-alive
      ParameterSetName:
      - -g
      User-Agent:
      - AZURECLI/2.48.1 (PIP) azsdk-python-azure-mgmt-dns/8.0.0 Python/3.8.10 (Windows-10-10.0.19045-SP0)
    method: GET
    uri: https://management.azure.com/subscriptions/00000000-0000-0000-0000-000000000000/resourceGroups/cli_test_dns000001/providers/Microsoft.Network/dnsZones?api-version=2018-05-01
  response:
    body:
      string: '{"value":[{"id":"\/subscriptions\/00000000-0000-0000-0000-000000000000\/resourceGroups\/cli_test_dns000001\/providers\/Microsoft.Network\/dnszones\/myzonex.com","name":"myzonex.com","type":"Microsoft.Network\/dnszones","etag":"4e58e960-fd05-43f1-ba05-1daf68dbadd5","location":"global","tags":{},"properties":{"maxNumberOfRecordSets":10000,"maxNumberOfRecordsPerRecordSet":null,"nameServers":["ns1-01.azure-dns.com.","ns2-01.azure-dns.net.","ns3-01.azure-dns.org.","ns4-01.azure-dns.info."],"numberOfRecordSets":2,"zoneType":"Public"}}]}'
    headers:
      cache-control:
      - private
      content-length:
      - '536'
      content-type:
      - application/json; charset=utf-8
      date:
      - Wed, 26 Apr 2023 05:04:23 GMT
      server:
      - Microsoft-IIS/10.0
      strict-transport-security:
      - max-age=31536000; includeSubDomains
      transfer-encoding:
      - chunked
      vary:
      - Accept-Encoding
      x-content-type-options:
      - nosniff
      x-ms-ratelimit-remaining-subscription-resource-entities-read:
      - '59999'
      x-ms-ratelimit-remaining-subscription-resource-requests:
      - '499'
      x-powered-by:
      - ASP.NET
    status:
      code: 200
      message: OK
- request:
    body: null
    headers:
      Accept:
      - application/json
      Accept-Encoding:
      - gzip, deflate
      CommandName:
      - network dns zone show
      Connection:
      - keep-alive
      ParameterSetName:
      - -n -g
      User-Agent:
      - AZURECLI/2.48.1 (PIP) azsdk-python-azure-mgmt-dns/8.0.0 Python/3.8.10 (Windows-10-10.0.19045-SP0)
    method: GET
    uri: https://management.azure.com/subscriptions/00000000-0000-0000-0000-000000000000/resourceGroups/cli_test_dns000001/providers/Microsoft.Network/dnsZones/myzonex.com?api-version=2018-05-01
  response:
    body:
      string: '{"id":"\/subscriptions\/00000000-0000-0000-0000-000000000000\/resourceGroups\/cli_test_dns000001\/providers\/Microsoft.Network\/dnszones\/myzonex.com","name":"myzonex.com","type":"Microsoft.Network\/dnszones","etag":"4e58e960-fd05-43f1-ba05-1daf68dbadd5","location":"global","tags":{},"properties":{"maxNumberOfRecordSets":10000,"maxNumberOfRecordsPerRecordSet":null,"nameServers":["ns1-01.azure-dns.com.","ns2-01.azure-dns.net.","ns3-01.azure-dns.org.","ns4-01.azure-dns.info."],"numberOfRecordSets":2,"zoneType":"Public"}}'
    headers:
      cache-control:
      - private
      content-length:
      - '524'
      content-type:
      - application/json; charset=utf-8
      date:
      - Wed, 26 Apr 2023 05:04:24 GMT
      etag:
      - 4e58e960-fd05-43f1-ba05-1daf68dbadd5
      server:
      - Microsoft-IIS/10.0
      strict-transport-security:
      - max-age=31536000; includeSubDomains
      transfer-encoding:
      - chunked
      vary:
      - Accept-Encoding
      x-content-type-options:
      - nosniff
      x-ms-ratelimit-remaining-subscription-resource-requests:
      - '499'
      x-powered-by:
      - ASP.NET
    status:
      code: 200
      message: OK
- request:
    body: '{"properties": {"TTL": 3600}}'
    headers:
      Accept:
      - application/json
      Accept-Encoding:
      - gzip, deflate
      CommandName:
      - network dns record-set a create
      Connection:
      - keep-alive
      Content-Length:
      - '29'
      Content-Type:
      - application/json
      ParameterSetName:
      - -n -g --zone-name
      User-Agent:
      - AZURECLI/2.48.1 (PIP) (AAZ) azsdk-python-core/1.24.0 Python/3.8.10 (Windows-10-10.0.19045-SP0)
    method: PUT
    uri: https://management.azure.com/subscriptions/00000000-0000-0000-0000-000000000000/resourceGroups/cli_test_dns000001/providers/Microsoft.Network/dnsZones/myzonex.com/a/myrsa?api-version=2018-05-01
  response:
    body:
      string: '{"id":"\/subscriptions\/00000000-0000-0000-0000-000000000000\/resourceGroups\/cli_test_dns000001\/providers\/Microsoft.Network\/dnszones\/myzonex.com\/A\/myrsa","name":"myrsa","type":"Microsoft.Network\/dnszones\/A","etag":"0490c302-c517-404b-a071-cf7ee180b074","properties":{"fqdn":"myrsa.myzonex.com.","TTL":3600,"ARecords":[],"targetResource":{},"provisioningState":"Succeeded"}}'
    headers:
      cache-control:
      - private
      content-length:
      - '382'
      content-type:
      - application/json; charset=utf-8
      date:
      - Wed, 26 Apr 2023 05:04:26 GMT
      etag:
      - 0490c302-c517-404b-a071-cf7ee180b074
      server:
      - Microsoft-IIS/10.0
      strict-transport-security:
      - max-age=31536000; includeSubDomains
      x-content-type-options:
      - nosniff
      x-ms-ratelimit-remaining-subscription-resource-requests:
      - '11999'
      x-powered-by:
      - ASP.NET
    status:
      code: 201
      message: Created
- request:
    body: null
    headers:
      Accept:
      - application/json
      Accept-Encoding:
      - gzip, deflate
      CommandName:
      - network dns record-set a add-record
      Connection:
      - keep-alive
      ParameterSetName:
      - -g --zone-name --record-set-name --ipv4-address
      User-Agent:
      - AZURECLI/2.48.1 (PIP) (AAZ) azsdk-python-core/1.24.0 Python/3.8.10 (Windows-10-10.0.19045-SP0)
    method: GET
    uri: https://management.azure.com/subscriptions/00000000-0000-0000-0000-000000000000/resourceGroups/cli_test_dns000001/providers/Microsoft.Network/dnsZones/myzonex.com/a/myrsa?api-version=2018-05-01
  response:
    body:
      string: '{"id":"\/subscriptions\/00000000-0000-0000-0000-000000000000\/resourceGroups\/cli_test_dns000001\/providers\/Microsoft.Network\/dnszones\/myzonex.com\/A\/myrsa","name":"myrsa","type":"Microsoft.Network\/dnszones\/A","etag":"0490c302-c517-404b-a071-cf7ee180b074","properties":{"fqdn":"myrsa.myzonex.com.","TTL":3600,"ARecords":[],"targetResource":{},"provisioningState":"Succeeded"}}'
    headers:
      cache-control:
      - private
      content-length:
      - '382'
      content-type:
      - application/json; charset=utf-8
      date:
      - Wed, 26 Apr 2023 05:04:28 GMT
      etag:
      - 0490c302-c517-404b-a071-cf7ee180b074
      server:
      - Microsoft-IIS/10.0
      strict-transport-security:
      - max-age=31536000; includeSubDomains
      transfer-encoding:
      - chunked
      vary:
      - Accept-Encoding
      x-content-type-options:
      - nosniff
      x-ms-ratelimit-remaining-subscription-resource-requests:
      - '499'
      x-powered-by:
      - ASP.NET
    status:
      code: 200
      message: OK
- request:
    body: '{"properties": {"ARecords": [{"ipv4Address": "10.0.0.10"}], "TTL": 3600}}'
    headers:
      Accept:
      - application/json
      Accept-Encoding:
      - gzip, deflate
      CommandName:
      - network dns record-set a add-record
      Connection:
      - keep-alive
      Content-Length:
      - '73'
      Content-Type:
      - application/json
      ParameterSetName:
      - -g --zone-name --record-set-name --ipv4-address
      User-Agent:
      - AZURECLI/2.48.1 (PIP) (AAZ) azsdk-python-core/1.24.0 Python/3.8.10 (Windows-10-10.0.19045-SP0)
    method: PUT
    uri: https://management.azure.com/subscriptions/00000000-0000-0000-0000-000000000000/resourceGroups/cli_test_dns000001/providers/Microsoft.Network/dnsZones/myzonex.com/a/myrsa?api-version=2018-05-01
  response:
    body:
      string: '{"id":"\/subscriptions\/00000000-0000-0000-0000-000000000000\/resourceGroups\/cli_test_dns000001\/providers\/Microsoft.Network\/dnszones\/myzonex.com\/A\/myrsa","name":"myrsa","type":"Microsoft.Network\/dnszones\/A","etag":"71e74772-0ab5-4055-beba-61b1a6c29606","properties":{"fqdn":"myrsa.myzonex.com.","TTL":3600,"ARecords":[{"ipv4Address":"10.0.0.10"}],"targetResource":{},"provisioningState":"Succeeded"}}'
    headers:
      cache-control:
      - private
      content-length:
      - '409'
      content-type:
      - application/json; charset=utf-8
      date:
      - Wed, 26 Apr 2023 05:04:30 GMT
      etag:
      - 71e74772-0ab5-4055-beba-61b1a6c29606
      server:
      - Microsoft-IIS/10.0
      strict-transport-security:
      - max-age=31536000; includeSubDomains
      transfer-encoding:
      - chunked
      vary:
      - Accept-Encoding
      x-content-type-options:
      - nosniff
      x-ms-ratelimit-remaining-subscription-resource-requests:
      - '11999'
      x-powered-by:
      - ASP.NET
    status:
      code: 200
      message: OK
- request:
    body: null
    headers:
      Accept:
      - application/json
      Accept-Encoding:
      - gzip, deflate
      CommandName:
      - network dns record-set a add-record
      Connection:
      - keep-alive
      ParameterSetName:
      - -g --zone-name --record-set-name --ipv4-address
      User-Agent:
      - AZURECLI/2.48.1 (PIP) (AAZ) azsdk-python-core/1.24.0 Python/3.8.10 (Windows-10-10.0.19045-SP0)
    method: GET
    uri: https://management.azure.com/subscriptions/00000000-0000-0000-0000-000000000000/resourceGroups/cli_test_dns000001/providers/Microsoft.Network/dnsZones/myzonex.com/a/myrsa?api-version=2018-05-01
  response:
    body:
      string: '{"id":"\/subscriptions\/00000000-0000-0000-0000-000000000000\/resourceGroups\/cli_test_dns000001\/providers\/Microsoft.Network\/dnszones\/myzonex.com\/A\/myrsa","name":"myrsa","type":"Microsoft.Network\/dnszones\/A","etag":"71e74772-0ab5-4055-beba-61b1a6c29606","properties":{"fqdn":"myrsa.myzonex.com.","TTL":3600,"ARecords":[{"ipv4Address":"10.0.0.10"}],"targetResource":{},"provisioningState":"Succeeded"}}'
    headers:
      cache-control:
      - private
      content-length:
      - '409'
      content-type:
      - application/json; charset=utf-8
      date:
      - Wed, 26 Apr 2023 05:04:31 GMT
      etag:
      - 71e74772-0ab5-4055-beba-61b1a6c29606
      server:
      - Microsoft-IIS/10.0
      strict-transport-security:
      - max-age=31536000; includeSubDomains
      transfer-encoding:
      - chunked
      vary:
      - Accept-Encoding
      x-content-type-options:
      - nosniff
      x-ms-ratelimit-remaining-subscription-resource-requests:
      - '499'
      x-powered-by:
      - ASP.NET
    status:
      code: 200
      message: OK
- request:
    body: '{"properties": {"ARecords": [{"ipv4Address": "10.0.0.10"}], "TTL": 3600}}'
    headers:
      Accept:
      - application/json
      Accept-Encoding:
      - gzip, deflate
      CommandName:
      - network dns record-set a add-record
      Connection:
      - keep-alive
      Content-Length:
      - '73'
      Content-Type:
      - application/json
      ParameterSetName:
      - -g --zone-name --record-set-name --ipv4-address
      User-Agent:
      - AZURECLI/2.48.1 (PIP) (AAZ) azsdk-python-core/1.24.0 Python/3.8.10 (Windows-10-10.0.19045-SP0)
    method: PUT
    uri: https://management.azure.com/subscriptions/00000000-0000-0000-0000-000000000000/resourceGroups/cli_test_dns000001/providers/Microsoft.Network/dnsZones/myzonex.com/a/myrsa?api-version=2018-05-01
  response:
    body:
      string: '{"id":"\/subscriptions\/00000000-0000-0000-0000-000000000000\/resourceGroups\/cli_test_dns000001\/providers\/Microsoft.Network\/dnszones\/myzonex.com\/A\/myrsa","name":"myrsa","type":"Microsoft.Network\/dnszones\/A","etag":"4ca1ded2-332e-4bcb-9ad0-63411b05b1c6","properties":{"fqdn":"myrsa.myzonex.com.","TTL":3600,"ARecords":[{"ipv4Address":"10.0.0.10"}],"targetResource":{},"provisioningState":"Succeeded"}}'
    headers:
      cache-control:
      - private
      content-length:
      - '409'
      content-type:
      - application/json; charset=utf-8
      date:
      - Wed, 26 Apr 2023 05:04:33 GMT
      etag:
      - 4ca1ded2-332e-4bcb-9ad0-63411b05b1c6
      server:
      - Microsoft-IIS/10.0
      strict-transport-security:
      - max-age=31536000; includeSubDomains
      transfer-encoding:
      - chunked
      vary:
      - Accept-Encoding
      x-content-type-options:
      - nosniff
      x-ms-ratelimit-remaining-subscription-resource-requests:
      - '11999'
      x-powered-by:
      - ASP.NET
    status:
      code: 200
      message: OK
- request:
    body: null
    headers:
      Accept:
      - application/json
      Accept-Encoding:
      - gzip, deflate
      CommandName:
      - network dns record-set a add-record
      Connection:
      - keep-alive
      ParameterSetName:
      - -g --zone-name --record-set-name --ipv4-address
      User-Agent:
      - AZURECLI/2.48.1 (PIP) (AAZ) azsdk-python-core/1.24.0 Python/3.8.10 (Windows-10-10.0.19045-SP0)
    method: GET
    uri: https://management.azure.com/subscriptions/00000000-0000-0000-0000-000000000000/resourceGroups/cli_test_dns000001/providers/Microsoft.Network/dnsZones/myzonex.com/a/myrsaalt?api-version=2018-05-01
  response:
    body:
      string: '{"code":"NotFound","message":"The resource record ''myrsaalt'' does
        not exist in resource group ''cli_test_dns000001'' of subscription ''0b1f6471-1bf0-4dda-aec3-cb9272f09590''."}'
    headers:
      cache-control:
      - private
      content-length:
      - '172'
      content-type:
      - application/json; charset=utf-8
      date:
      - Wed, 26 Apr 2023 05:04:34 GMT
      server:
      - Microsoft-IIS/10.0
      strict-transport-security:
      - max-age=31536000; includeSubDomains
      x-content-type-options:
      - nosniff
      x-ms-ratelimit-remaining-subscription-resource-requests:
      - '498'
      x-powered-by:
      - ASP.NET
    status:
      code: 404
      message: Not Found
- request:
    body: '{"properties": {"ARecords": [{"ipv4Address": "10.0.0.10"}], "TTL": 3600}}'
    headers:
      Accept:
      - application/json
      Accept-Encoding:
      - gzip, deflate
      CommandName:
      - network dns record-set a add-record
      Connection:
      - keep-alive
      Content-Length:
      - '73'
      Content-Type:
      - application/json
      ParameterSetName:
      - -g --zone-name --record-set-name --ipv4-address
      User-Agent:
      - AZURECLI/2.48.1 (PIP) (AAZ) azsdk-python-core/1.24.0 Python/3.8.10 (Windows-10-10.0.19045-SP0)
    method: PUT
    uri: https://management.azure.com/subscriptions/00000000-0000-0000-0000-000000000000/resourceGroups/cli_test_dns000001/providers/Microsoft.Network/dnsZones/myzonex.com/a/myrsaalt?api-version=2018-05-01
  response:
    body:
      string: '{"id":"\/subscriptions\/00000000-0000-0000-0000-000000000000\/resourceGroups\/cli_test_dns000001\/providers\/Microsoft.Network\/dnszones\/myzonex.com\/A\/myrsaalt","name":"myrsaalt","type":"Microsoft.Network\/dnszones\/A","etag":"d5d7d5e4-c8cf-49cc-aa5b-6cdd40c12284","properties":{"fqdn":"myrsaalt.myzonex.com.","TTL":3600,"ARecords":[{"ipv4Address":"10.0.0.10"}],"targetResource":{},"provisioningState":"Succeeded"}}'
    headers:
      cache-control:
      - private
      content-length:
      - '418'
      content-type:
      - application/json; charset=utf-8
      date:
      - Wed, 26 Apr 2023 05:04:35 GMT
      etag:
      - d5d7d5e4-c8cf-49cc-aa5b-6cdd40c12284
      server:
      - Microsoft-IIS/10.0
      strict-transport-security:
      - max-age=31536000; includeSubDomains
      x-content-type-options:
      - nosniff
      x-ms-ratelimit-remaining-subscription-resource-requests:
      - '11999'
      x-powered-by:
      - ASP.NET
    status:
      code: 201
      message: Created
- request:
    body: '{"properties": {"TTL": 3600}}'
    headers:
      Accept:
      - application/json
      Accept-Encoding:
      - gzip, deflate
      CommandName:
      - network dns record-set aaaa create
      Connection:
      - keep-alive
      Content-Length:
      - '29'
      Content-Type:
      - application/json
      ParameterSetName:
      - -n -g --zone-name
      User-Agent:
      - AZURECLI/2.48.1 (PIP) (AAZ) azsdk-python-core/1.24.0 Python/3.8.10 (Windows-10-10.0.19045-SP0)
    method: PUT
    uri: https://management.azure.com/subscriptions/00000000-0000-0000-0000-000000000000/resourceGroups/cli_test_dns000001/providers/Microsoft.Network/dnsZones/myzonex.com/aaaa/myrsaaaa?api-version=2018-05-01
  response:
    body:
      string: '{"id":"\/subscriptions\/00000000-0000-0000-0000-000000000000\/resourceGroups\/cli_test_dns000001\/providers\/Microsoft.Network\/dnszones\/myzonex.com\/AAAA\/myrsaaaa","name":"myrsaaaa","type":"Microsoft.Network\/dnszones\/AAAA","etag":"e6c5b838-7a58-4525-a677-eaa7ca092fd2","properties":{"fqdn":"myrsaaaa.myzonex.com.","TTL":3600,"AAAARecords":[],"targetResource":{},"provisioningState":"Succeeded"}}'
    headers:
      cache-control:
      - private
      content-length:
      - '400'
      content-type:
      - application/json; charset=utf-8
      date:
      - Wed, 26 Apr 2023 05:04:39 GMT
      etag:
      - e6c5b838-7a58-4525-a677-eaa7ca092fd2
      server:
      - Microsoft-IIS/10.0
      strict-transport-security:
      - max-age=31536000; includeSubDomains
      x-content-type-options:
      - nosniff
      x-ms-ratelimit-remaining-subscription-resource-requests:
      - '11999'
      x-powered-by:
      - ASP.NET
    status:
      code: 201
      message: Created
- request:
    body: null
    headers:
      Accept:
      - application/json
      Accept-Encoding:
      - gzip, deflate
      CommandName:
      - network dns record-set aaaa add-record
      Connection:
      - keep-alive
      ParameterSetName:
      - -g --zone-name --record-set-name --ipv6-address
      User-Agent:
      - AZURECLI/2.48.1 (PIP) (AAZ) azsdk-python-core/1.24.0 Python/3.8.10 (Windows-10-10.0.19045-SP0)
    method: GET
    uri: https://management.azure.com/subscriptions/00000000-0000-0000-0000-000000000000/resourceGroups/cli_test_dns000001/providers/Microsoft.Network/dnsZones/myzonex.com/aaaa/myrsaaaa?api-version=2018-05-01
  response:
    body:
      string: '{"id":"\/subscriptions\/00000000-0000-0000-0000-000000000000\/resourceGroups\/cli_test_dns000001\/providers\/Microsoft.Network\/dnszones\/myzonex.com\/AAAA\/myrsaaaa","name":"myrsaaaa","type":"Microsoft.Network\/dnszones\/AAAA","etag":"e6c5b838-7a58-4525-a677-eaa7ca092fd2","properties":{"fqdn":"myrsaaaa.myzonex.com.","TTL":3600,"AAAARecords":[],"targetResource":{},"provisioningState":"Succeeded"}}'
    headers:
      cache-control:
      - private
      content-length:
      - '400'
      content-type:
      - application/json; charset=utf-8
      date:
      - Wed, 26 Apr 2023 05:04:39 GMT
      etag:
      - e6c5b838-7a58-4525-a677-eaa7ca092fd2
      server:
      - Microsoft-IIS/10.0
      strict-transport-security:
      - max-age=31536000; includeSubDomains
      transfer-encoding:
      - chunked
      vary:
      - Accept-Encoding
      x-content-type-options:
      - nosniff
      x-ms-ratelimit-remaining-subscription-resource-requests:
      - '499'
      x-powered-by:
      - ASP.NET
    status:
      code: 200
      message: OK
- request:
    body: '{"properties": {"AAAARecords": [{"ipv6Address": "2001:db8:0:1:1:1:1:1"}],
      "TTL": 3600}}'
    headers:
      Accept:
      - application/json
      Accept-Encoding:
      - gzip, deflate
      CommandName:
      - network dns record-set aaaa add-record
      Connection:
      - keep-alive
      Content-Length:
      - '87'
      Content-Type:
      - application/json
      ParameterSetName:
      - -g --zone-name --record-set-name --ipv6-address
      User-Agent:
      - AZURECLI/2.48.1 (PIP) (AAZ) azsdk-python-core/1.24.0 Python/3.8.10 (Windows-10-10.0.19045-SP0)
    method: PUT
    uri: https://management.azure.com/subscriptions/00000000-0000-0000-0000-000000000000/resourceGroups/cli_test_dns000001/providers/Microsoft.Network/dnsZones/myzonex.com/aaaa/myrsaaaa?api-version=2018-05-01
  response:
    body:
      string: '{"id":"\/subscriptions\/00000000-0000-0000-0000-000000000000\/resourceGroups\/cli_test_dns000001\/providers\/Microsoft.Network\/dnszones\/myzonex.com\/AAAA\/myrsaaaa","name":"myrsaaaa","type":"Microsoft.Network\/dnszones\/AAAA","etag":"c572a14b-314d-446e-ae6b-05a62375784f","properties":{"fqdn":"myrsaaaa.myzonex.com.","TTL":3600,"AAAARecords":[{"ipv6Address":"2001:db8:0:1:1:1:1:1"}],"targetResource":{},"provisioningState":"Succeeded"}}'
    headers:
      cache-control:
      - private
      content-length:
      - '438'
      content-type:
      - application/json; charset=utf-8
      date:
      - Wed, 26 Apr 2023 05:04:41 GMT
      etag:
      - c572a14b-314d-446e-ae6b-05a62375784f
      server:
      - Microsoft-IIS/10.0
      strict-transport-security:
      - max-age=31536000; includeSubDomains
      transfer-encoding:
      - chunked
      vary:
      - Accept-Encoding
      x-content-type-options:
      - nosniff
      x-ms-ratelimit-remaining-subscription-resource-requests:
      - '11999'
      x-powered-by:
      - ASP.NET
    status:
      code: 200
      message: OK
- request:
    body: null
    headers:
      Accept:
      - application/json
      Accept-Encoding:
      - gzip, deflate
      CommandName:
      - network dns record-set aaaa add-record
      Connection:
      - keep-alive
      ParameterSetName:
      - -g --zone-name --record-set-name --ipv6-address
      User-Agent:
      - AZURECLI/2.48.1 (PIP) (AAZ) azsdk-python-core/1.24.0 Python/3.8.10 (Windows-10-10.0.19045-SP0)
    method: GET
    uri: https://management.azure.com/subscriptions/00000000-0000-0000-0000-000000000000/resourceGroups/cli_test_dns000001/providers/Microsoft.Network/dnsZones/myzonex.com/aaaa/myrsaaaa?api-version=2018-05-01
  response:
    body:
      string: '{"id":"\/subscriptions\/00000000-0000-0000-0000-000000000000\/resourceGroups\/cli_test_dns000001\/providers\/Microsoft.Network\/dnszones\/myzonex.com\/AAAA\/myrsaaaa","name":"myrsaaaa","type":"Microsoft.Network\/dnszones\/AAAA","etag":"c572a14b-314d-446e-ae6b-05a62375784f","properties":{"fqdn":"myrsaaaa.myzonex.com.","TTL":3600,"AAAARecords":[{"ipv6Address":"2001:db8:0:1:1:1:1:1"}],"targetResource":{},"provisioningState":"Succeeded"}}'
    headers:
      cache-control:
      - private
      content-length:
      - '438'
      content-type:
      - application/json; charset=utf-8
      date:
      - Wed, 26 Apr 2023 05:04:43 GMT
      etag:
      - c572a14b-314d-446e-ae6b-05a62375784f
      server:
      - Microsoft-IIS/10.0
      strict-transport-security:
      - max-age=31536000; includeSubDomains
      transfer-encoding:
      - chunked
      vary:
      - Accept-Encoding
      x-content-type-options:
      - nosniff
      x-ms-ratelimit-remaining-subscription-resource-requests:
      - '499'
      x-powered-by:
      - ASP.NET
    status:
      code: 200
      message: OK
- request:
    body: '{"properties": {"AAAARecords": [{"ipv6Address": "2001:db8:0:1:1:1:1:1"}],
      "TTL": 3600}}'
    headers:
      Accept:
      - application/json
      Accept-Encoding:
      - gzip, deflate
      CommandName:
      - network dns record-set aaaa add-record
      Connection:
      - keep-alive
      Content-Length:
      - '87'
      Content-Type:
      - application/json
      ParameterSetName:
      - -g --zone-name --record-set-name --ipv6-address
      User-Agent:
      - AZURECLI/2.48.1 (PIP) (AAZ) azsdk-python-core/1.24.0 Python/3.8.10 (Windows-10-10.0.19045-SP0)
    method: PUT
    uri: https://management.azure.com/subscriptions/00000000-0000-0000-0000-000000000000/resourceGroups/cli_test_dns000001/providers/Microsoft.Network/dnsZones/myzonex.com/aaaa/myrsaaaa?api-version=2018-05-01
  response:
    body:
      string: '{"id":"\/subscriptions\/00000000-0000-0000-0000-000000000000\/resourceGroups\/cli_test_dns000001\/providers\/Microsoft.Network\/dnszones\/myzonex.com\/AAAA\/myrsaaaa","name":"myrsaaaa","type":"Microsoft.Network\/dnszones\/AAAA","etag":"e617941b-1247-4f65-9fc9-e49ef4e4225e","properties":{"fqdn":"myrsaaaa.myzonex.com.","TTL":3600,"AAAARecords":[{"ipv6Address":"2001:db8:0:1:1:1:1:1"}],"targetResource":{},"provisioningState":"Succeeded"}}'
    headers:
      cache-control:
      - private
      content-length:
      - '438'
      content-type:
      - application/json; charset=utf-8
      date:
      - Wed, 26 Apr 2023 05:04:45 GMT
      etag:
      - e617941b-1247-4f65-9fc9-e49ef4e4225e
      server:
      - Microsoft-IIS/10.0
      strict-transport-security:
      - max-age=31536000; includeSubDomains
      transfer-encoding:
      - chunked
      vary:
      - Accept-Encoding
      x-content-type-options:
      - nosniff
      x-ms-ratelimit-remaining-subscription-resource-requests:
      - '11999'
      x-powered-by:
      - ASP.NET
    status:
      code: 200
      message: OK
- request:
    body: null
    headers:
      Accept:
      - application/json
      Accept-Encoding:
      - gzip, deflate
      CommandName:
      - network dns record-set aaaa add-record
      Connection:
      - keep-alive
      ParameterSetName:
      - -g --zone-name --record-set-name --ipv6-address
      User-Agent:
      - AZURECLI/2.48.1 (PIP) (AAZ) azsdk-python-core/1.24.0 Python/3.8.10 (Windows-10-10.0.19045-SP0)
    method: GET
    uri: https://management.azure.com/subscriptions/00000000-0000-0000-0000-000000000000/resourceGroups/cli_test_dns000001/providers/Microsoft.Network/dnsZones/myzonex.com/aaaa/myrsaaaaalt?api-version=2018-05-01
  response:
    body:
      string: '{"code":"NotFound","message":"The resource record ''myrsaaaaalt'' does
        not exist in resource group ''cli_test_dns000001'' of subscription ''0b1f6471-1bf0-4dda-aec3-cb9272f09590''."}'
    headers:
      cache-control:
      - private
      content-length:
      - '175'
      content-type:
      - application/json; charset=utf-8
      date:
      - Wed, 26 Apr 2023 05:04:46 GMT
      server:
      - Microsoft-IIS/10.0
      strict-transport-security:
      - max-age=31536000; includeSubDomains
      x-content-type-options:
      - nosniff
      x-ms-ratelimit-remaining-subscription-resource-requests:
      - '499'
      x-powered-by:
      - ASP.NET
    status:
      code: 404
      message: Not Found
- request:
    body: '{"properties": {"AAAARecords": [{"ipv6Address": "2001:db8:0:1:1:1:1:1"}],
      "TTL": 3600}}'
    headers:
      Accept:
      - application/json
      Accept-Encoding:
      - gzip, deflate
      CommandName:
      - network dns record-set aaaa add-record
      Connection:
      - keep-alive
      Content-Length:
      - '87'
      Content-Type:
      - application/json
      ParameterSetName:
      - -g --zone-name --record-set-name --ipv6-address
      User-Agent:
      - AZURECLI/2.48.1 (PIP) (AAZ) azsdk-python-core/1.24.0 Python/3.8.10 (Windows-10-10.0.19045-SP0)
    method: PUT
    uri: https://management.azure.com/subscriptions/00000000-0000-0000-0000-000000000000/resourceGroups/cli_test_dns000001/providers/Microsoft.Network/dnsZones/myzonex.com/aaaa/myrsaaaaalt?api-version=2018-05-01
  response:
    body:
      string: '{"id":"\/subscriptions\/00000000-0000-0000-0000-000000000000\/resourceGroups\/cli_test_dns000001\/providers\/Microsoft.Network\/dnszones\/myzonex.com\/AAAA\/myrsaaaaalt","name":"myrsaaaaalt","type":"Microsoft.Network\/dnszones\/AAAA","etag":"c62ca6d3-5552-4df6-9ee7-ee5c785e4b37","properties":{"fqdn":"myrsaaaaalt.myzonex.com.","TTL":3600,"AAAARecords":[{"ipv6Address":"2001:db8:0:1:1:1:1:1"}],"targetResource":{},"provisioningState":"Succeeded"}}'
    headers:
      cache-control:
      - private
      content-length:
      - '447'
      content-type:
      - application/json; charset=utf-8
      date:
      - Wed, 26 Apr 2023 05:04:49 GMT
      etag:
      - c62ca6d3-5552-4df6-9ee7-ee5c785e4b37
      server:
      - Microsoft-IIS/10.0
      strict-transport-security:
      - max-age=31536000; includeSubDomains
      x-content-type-options:
      - nosniff
      x-ms-ratelimit-remaining-subscription-resource-requests:
      - '11999'
      x-powered-by:
      - ASP.NET
    status:
      code: 201
      message: Created
- request:
    body: '{"properties": {"TTL": 3600}}'
    headers:
      Accept:
      - application/json
      Accept-Encoding:
      - gzip, deflate
      CommandName:
      - network dns record-set caa create
      Connection:
      - keep-alive
      Content-Length:
      - '29'
      Content-Type:
      - application/json
      ParameterSetName:
      - -n -g --zone-name
      User-Agent:
      - AZURECLI/2.48.1 (PIP) (AAZ) azsdk-python-core/1.24.0 Python/3.8.10 (Windows-10-10.0.19045-SP0)
    method: PUT
    uri: https://management.azure.com/subscriptions/00000000-0000-0000-0000-000000000000/resourceGroups/cli_test_dns000001/providers/Microsoft.Network/dnsZones/myzonex.com/caa/myrscaa?api-version=2018-05-01
  response:
    body:
      string: '{"id":"\/subscriptions\/00000000-0000-0000-0000-000000000000\/resourceGroups\/cli_test_dns000001\/providers\/Microsoft.Network\/dnszones\/myzonex.com\/CAA\/myrscaa","name":"myrscaa","type":"Microsoft.Network\/dnszones\/CAA","etag":"2826e258-7cd0-4c40-9a4d-d523fee90eaa","properties":{"fqdn":"myrscaa.myzonex.com.","TTL":3600,"caaRecords":[],"targetResource":{},"provisioningState":"Succeeded"}}'
    headers:
      cache-control:
      - private
      content-length:
      - '394'
      content-type:
      - application/json; charset=utf-8
      date:
      - Wed, 26 Apr 2023 05:04:51 GMT
      etag:
      - 2826e258-7cd0-4c40-9a4d-d523fee90eaa
      server:
      - Microsoft-IIS/10.0
      strict-transport-security:
      - max-age=31536000; includeSubDomains
      x-content-type-options:
      - nosniff
      x-ms-ratelimit-remaining-subscription-resource-requests:
      - '11998'
      x-powered-by:
      - ASP.NET
    status:
      code: 201
      message: Created
- request:
    body: null
    headers:
      Accept:
      - application/json
      Accept-Encoding:
      - gzip, deflate
      CommandName:
      - network dns record-set caa add-record
      Connection:
      - keep-alive
      ParameterSetName:
      - -g --zone-name --record-set-name --flags --tag --value
      User-Agent:
      - AZURECLI/2.48.1 (PIP) (AAZ) azsdk-python-core/1.24.0 Python/3.8.10 (Windows-10-10.0.19045-SP0)
    method: GET
    uri: https://management.azure.com/subscriptions/00000000-0000-0000-0000-000000000000/resourceGroups/cli_test_dns000001/providers/Microsoft.Network/dnsZones/myzonex.com/caa/myrscaa?api-version=2018-05-01
  response:
    body:
      string: '{"id":"\/subscriptions\/00000000-0000-0000-0000-000000000000\/resourceGroups\/cli_test_dns000001\/providers\/Microsoft.Network\/dnszones\/myzonex.com\/CAA\/myrscaa","name":"myrscaa","type":"Microsoft.Network\/dnszones\/CAA","etag":"2826e258-7cd0-4c40-9a4d-d523fee90eaa","properties":{"fqdn":"myrscaa.myzonex.com.","TTL":3600,"caaRecords":[],"targetResource":{},"provisioningState":"Succeeded"}}'
    headers:
      cache-control:
      - private
      content-length:
      - '394'
      content-type:
      - application/json; charset=utf-8
      date:
      - Wed, 26 Apr 2023 05:04:51 GMT
      etag:
      - 2826e258-7cd0-4c40-9a4d-d523fee90eaa
      server:
      - Microsoft-IIS/10.0
      strict-transport-security:
      - max-age=31536000; includeSubDomains
      transfer-encoding:
      - chunked
      vary:
      - Accept-Encoding
      x-content-type-options:
      - nosniff
      x-ms-ratelimit-remaining-subscription-resource-requests:
      - '499'
      x-powered-by:
      - ASP.NET
    status:
      code: 200
      message: OK
- request:
    body: '{"properties": {"TTL": 3600, "caaRecords": [{"flags": 0, "tag": "foo",
      "value": "my value"}]}}'
    headers:
      Accept:
      - application/json
      Accept-Encoding:
      - gzip, deflate
      CommandName:
      - network dns record-set caa add-record
      Connection:
      - keep-alive
      Content-Length:
      - '94'
      Content-Type:
      - application/json
      ParameterSetName:
      - -g --zone-name --record-set-name --flags --tag --value
      User-Agent:
      - AZURECLI/2.48.1 (PIP) (AAZ) azsdk-python-core/1.24.0 Python/3.8.10 (Windows-10-10.0.19045-SP0)
    method: PUT
    uri: https://management.azure.com/subscriptions/00000000-0000-0000-0000-000000000000/resourceGroups/cli_test_dns000001/providers/Microsoft.Network/dnsZones/myzonex.com/caa/myrscaa?api-version=2018-05-01
  response:
    body:
      string: '{"id":"\/subscriptions\/00000000-0000-0000-0000-000000000000\/resourceGroups\/cli_test_dns000001\/providers\/Microsoft.Network\/dnszones\/myzonex.com\/CAA\/myrscaa","name":"myrscaa","type":"Microsoft.Network\/dnszones\/CAA","etag":"06b0621f-cb34-4244-a376-954e54120c24","properties":{"fqdn":"myrscaa.myzonex.com.","TTL":3600,"caaRecords":[{"flags":0,"tag":"foo","value":"my
        value"}],"targetResource":{},"provisioningState":"Succeeded"}}'
    headers:
      cache-control:
      - private
      content-length:
      - '436'
      content-type:
      - application/json; charset=utf-8
      date:
      - Wed, 26 Apr 2023 05:04:54 GMT
      etag:
      - 06b0621f-cb34-4244-a376-954e54120c24
      server:
      - Microsoft-IIS/10.0
      strict-transport-security:
      - max-age=31536000; includeSubDomains
      transfer-encoding:
      - chunked
      vary:
      - Accept-Encoding
      x-content-type-options:
      - nosniff
      x-ms-ratelimit-remaining-subscription-resource-requests:
      - '11999'
      x-powered-by:
      - ASP.NET
    status:
      code: 200
      message: OK
- request:
    body: null
    headers:
      Accept:
      - application/json
      Accept-Encoding:
      - gzip, deflate
      CommandName:
      - network dns record-set caa add-record
      Connection:
      - keep-alive
      ParameterSetName:
      - -g --zone-name --record-set-name --flags --tag --value
      User-Agent:
      - AZURECLI/2.48.1 (PIP) (AAZ) azsdk-python-core/1.24.0 Python/3.8.10 (Windows-10-10.0.19045-SP0)
    method: GET
    uri: https://management.azure.com/subscriptions/00000000-0000-0000-0000-000000000000/resourceGroups/cli_test_dns000001/providers/Microsoft.Network/dnsZones/myzonex.com/caa/myrscaa?api-version=2018-05-01
  response:
    body:
      string: '{"id":"\/subscriptions\/00000000-0000-0000-0000-000000000000\/resourceGroups\/cli_test_dns000001\/providers\/Microsoft.Network\/dnszones\/myzonex.com\/CAA\/myrscaa","name":"myrscaa","type":"Microsoft.Network\/dnszones\/CAA","etag":"06b0621f-cb34-4244-a376-954e54120c24","properties":{"fqdn":"myrscaa.myzonex.com.","TTL":3600,"caaRecords":[{"flags":0,"tag":"foo","value":"my
        value"}],"targetResource":{},"provisioningState":"Succeeded"}}'
    headers:
      cache-control:
      - private
      content-length:
      - '436'
      content-type:
      - application/json; charset=utf-8
      date:
      - Wed, 26 Apr 2023 05:04:55 GMT
      etag:
      - 06b0621f-cb34-4244-a376-954e54120c24
      server:
      - Microsoft-IIS/10.0
      strict-transport-security:
      - max-age=31536000; includeSubDomains
      transfer-encoding:
      - chunked
      vary:
      - Accept-Encoding
      x-content-type-options:
      - nosniff
      x-ms-ratelimit-remaining-subscription-resource-requests:
      - '499'
      x-powered-by:
      - ASP.NET
    status:
      code: 200
      message: OK
- request:
    body: '{"properties": {"TTL": 3600, "caaRecords": [{"flags": 0, "tag": "foo",
      "value": "my value"}]}}'
    headers:
      Accept:
      - application/json
      Accept-Encoding:
      - gzip, deflate
      CommandName:
      - network dns record-set caa add-record
      Connection:
      - keep-alive
      Content-Length:
      - '94'
      Content-Type:
      - application/json
      ParameterSetName:
      - -g --zone-name --record-set-name --flags --tag --value
      User-Agent:
      - AZURECLI/2.48.1 (PIP) (AAZ) azsdk-python-core/1.24.0 Python/3.8.10 (Windows-10-10.0.19045-SP0)
    method: PUT
    uri: https://management.azure.com/subscriptions/00000000-0000-0000-0000-000000000000/resourceGroups/cli_test_dns000001/providers/Microsoft.Network/dnsZones/myzonex.com/caa/myrscaa?api-version=2018-05-01
  response:
    body:
      string: '{"id":"\/subscriptions\/00000000-0000-0000-0000-000000000000\/resourceGroups\/cli_test_dns000001\/providers\/Microsoft.Network\/dnszones\/myzonex.com\/CAA\/myrscaa","name":"myrscaa","type":"Microsoft.Network\/dnszones\/CAA","etag":"a879eb62-5ad9-49c5-8211-b542bfd52919","properties":{"fqdn":"myrscaa.myzonex.com.","TTL":3600,"caaRecords":[{"flags":0,"tag":"foo","value":"my
        value"}],"targetResource":{},"provisioningState":"Succeeded"}}'
    headers:
      cache-control:
      - private
      content-length:
      - '436'
      content-type:
      - application/json; charset=utf-8
      date:
      - Wed, 26 Apr 2023 05:04:57 GMT
      etag:
      - a879eb62-5ad9-49c5-8211-b542bfd52919
      server:
      - Microsoft-IIS/10.0
      strict-transport-security:
      - max-age=31536000; includeSubDomains
      transfer-encoding:
      - chunked
      vary:
      - Accept-Encoding
      x-content-type-options:
      - nosniff
      x-ms-ratelimit-remaining-subscription-resource-requests:
      - '11997'
      x-powered-by:
      - ASP.NET
    status:
      code: 200
      message: OK
- request:
    body: null
    headers:
      Accept:
      - application/json
      Accept-Encoding:
      - gzip, deflate
      CommandName:
      - network dns record-set caa add-record
      Connection:
      - keep-alive
      ParameterSetName:
      - -g --zone-name --record-set-name --flags --tag --value
      User-Agent:
      - AZURECLI/2.48.1 (PIP) (AAZ) azsdk-python-core/1.24.0 Python/3.8.10 (Windows-10-10.0.19045-SP0)
    method: GET
    uri: https://management.azure.com/subscriptions/00000000-0000-0000-0000-000000000000/resourceGroups/cli_test_dns000001/providers/Microsoft.Network/dnsZones/myzonex.com/caa/myrscaaalt?api-version=2018-05-01
  response:
    body:
      string: '{"code":"NotFound","message":"The resource record ''myrscaaalt'' does
        not exist in resource group ''cli_test_dns000001'' of subscription ''0b1f6471-1bf0-4dda-aec3-cb9272f09590''."}'
    headers:
      cache-control:
      - private
      content-length:
      - '174'
      content-type:
      - application/json; charset=utf-8
      date:
      - Wed, 26 Apr 2023 05:04:57 GMT
      server:
      - Microsoft-IIS/10.0
      strict-transport-security:
      - max-age=31536000; includeSubDomains
      x-content-type-options:
      - nosniff
      x-ms-ratelimit-remaining-subscription-resource-requests:
      - '499'
      x-powered-by:
      - ASP.NET
    status:
      code: 404
      message: Not Found
- request:
    body: '{"properties": {"TTL": 3600, "caaRecords": [{"flags": 0, "tag": "foo",
      "value": "my value"}]}}'
    headers:
      Accept:
      - application/json
      Accept-Encoding:
      - gzip, deflate
      CommandName:
      - network dns record-set caa add-record
      Connection:
      - keep-alive
      Content-Length:
      - '94'
      Content-Type:
      - application/json
      ParameterSetName:
      - -g --zone-name --record-set-name --flags --tag --value
      User-Agent:
      - AZURECLI/2.48.1 (PIP) (AAZ) azsdk-python-core/1.24.0 Python/3.8.10 (Windows-10-10.0.19045-SP0)
    method: PUT
    uri: https://management.azure.com/subscriptions/00000000-0000-0000-0000-000000000000/resourceGroups/cli_test_dns000001/providers/Microsoft.Network/dnsZones/myzonex.com/caa/myrscaaalt?api-version=2018-05-01
  response:
    body:
      string: '{"id":"\/subscriptions\/00000000-0000-0000-0000-000000000000\/resourceGroups\/cli_test_dns000001\/providers\/Microsoft.Network\/dnszones\/myzonex.com\/CAA\/myrscaaalt","name":"myrscaaalt","type":"Microsoft.Network\/dnszones\/CAA","etag":"e7ee039d-2a8a-439c-8c1f-df2ba5ce36cb","properties":{"fqdn":"myrscaaalt.myzonex.com.","TTL":3600,"caaRecords":[{"flags":0,"tag":"foo","value":"my
        value"}],"targetResource":{},"provisioningState":"Succeeded"}}'
    headers:
      cache-control:
      - private
      content-length:
      - '445'
      content-type:
      - application/json; charset=utf-8
      date:
      - Wed, 26 Apr 2023 05:05:00 GMT
      etag:
      - e7ee039d-2a8a-439c-8c1f-df2ba5ce36cb
      server:
      - Microsoft-IIS/10.0
      strict-transport-security:
      - max-age=31536000; includeSubDomains
      x-content-type-options:
      - nosniff
      x-ms-ratelimit-remaining-subscription-resource-requests:
      - '11999'
      x-powered-by:
      - ASP.NET
    status:
      code: 201
      message: Created
- request:
    body: '{"properties": {"TTL": 3600}}'
    headers:
      Accept:
      - application/json
      Accept-Encoding:
      - gzip, deflate
      CommandName:
      - network dns record-set cname create
      Connection:
      - keep-alive
      Content-Length:
      - '29'
      Content-Type:
      - application/json
      ParameterSetName:
      - -n -g --zone-name
      User-Agent:
      - AZURECLI/2.48.1 (PIP) (AAZ) azsdk-python-core/1.24.0 Python/3.8.10 (Windows-10-10.0.19045-SP0)
    method: PUT
    uri: https://management.azure.com/subscriptions/00000000-0000-0000-0000-000000000000/resourceGroups/cli_test_dns000001/providers/Microsoft.Network/dnsZones/myzonex.com/cname/myrscname?api-version=2018-05-01
  response:
    body:
      string: '{"id":"\/subscriptions\/00000000-0000-0000-0000-000000000000\/resourceGroups\/cli_test_dns000001\/providers\/Microsoft.Network\/dnszones\/myzonex.com\/CNAME\/myrscname","name":"myrscname","type":"Microsoft.Network\/dnszones\/CNAME","etag":"8dfed489-6358-403c-b954-25670aa16063","properties":{"fqdn":"myrscname.myzonex.com.","TTL":3600,"targetResource":{},"provisioningState":"Succeeded"}}'
    headers:
      cache-control:
      - private
      content-length:
      - '388'
      content-type:
      - application/json; charset=utf-8
      date:
      - Wed, 26 Apr 2023 05:05:01 GMT
      etag:
      - 8dfed489-6358-403c-b954-25670aa16063
      server:
      - Microsoft-IIS/10.0
      strict-transport-security:
      - max-age=31536000; includeSubDomains
      x-content-type-options:
      - nosniff
      x-ms-ratelimit-remaining-subscription-resource-requests:
      - '11999'
      x-powered-by:
      - ASP.NET
    status:
      code: 201
      message: Created
- request:
    body: null
    headers:
      Accept:
      - application/json
      Accept-Encoding:
      - gzip, deflate
      CommandName:
      - network dns record-set cname set-record
      Connection:
      - keep-alive
      ParameterSetName:
      - -g --zone-name --record-set-name --cname
      User-Agent:
      - AZURECLI/2.48.1 (PIP) (AAZ) azsdk-python-core/1.24.0 Python/3.8.10 (Windows-10-10.0.19045-SP0)
    method: GET
    uri: https://management.azure.com/subscriptions/00000000-0000-0000-0000-000000000000/resourceGroups/cli_test_dns000001/providers/Microsoft.Network/dnsZones/myzonex.com/cname/myrscname?api-version=2018-05-01
  response:
    body:
      string: '{"id":"\/subscriptions\/00000000-0000-0000-0000-000000000000\/resourceGroups\/cli_test_dns000001\/providers\/Microsoft.Network\/dnszones\/myzonex.com\/CNAME\/myrscname","name":"myrscname","type":"Microsoft.Network\/dnszones\/CNAME","etag":"8dfed489-6358-403c-b954-25670aa16063","properties":{"fqdn":"myrscname.myzonex.com.","TTL":3600,"targetResource":{},"provisioningState":"Succeeded"}}'
    headers:
      cache-control:
      - private
      content-length:
      - '388'
      content-type:
      - application/json; charset=utf-8
      date:
      - Wed, 26 Apr 2023 05:05:03 GMT
      etag:
      - 8dfed489-6358-403c-b954-25670aa16063
      server:
      - Microsoft-IIS/10.0
      strict-transport-security:
      - max-age=31536000; includeSubDomains
      transfer-encoding:
      - chunked
      vary:
      - Accept-Encoding
      x-content-type-options:
      - nosniff
      x-ms-ratelimit-remaining-subscription-resource-requests:
      - '499'
      x-powered-by:
      - ASP.NET
    status:
      code: 200
      message: OK
- request:
    body: '{"properties": {"CNAMERecord": {"cname": "mycname"}, "TTL": 3600}}'
    headers:
      Accept:
      - application/json
      Accept-Encoding:
      - gzip, deflate
      CommandName:
      - network dns record-set cname set-record
      Connection:
      - keep-alive
      Content-Length:
      - '66'
      Content-Type:
      - application/json
      ParameterSetName:
      - -g --zone-name --record-set-name --cname
      User-Agent:
      - AZURECLI/2.48.1 (PIP) (AAZ) azsdk-python-core/1.24.0 Python/3.8.10 (Windows-10-10.0.19045-SP0)
    method: PUT
    uri: https://management.azure.com/subscriptions/00000000-0000-0000-0000-000000000000/resourceGroups/cli_test_dns000001/providers/Microsoft.Network/dnsZones/myzonex.com/cname/myrscname?api-version=2018-05-01
  response:
    body:
      string: '{"id":"\/subscriptions\/00000000-0000-0000-0000-000000000000\/resourceGroups\/cli_test_dns000001\/providers\/Microsoft.Network\/dnszones\/myzonex.com\/CNAME\/myrscname","name":"myrscname","type":"Microsoft.Network\/dnszones\/CNAME","etag":"aafe5bd2-2ff3-46df-bccb-6b564a44ed3c","properties":{"fqdn":"myrscname.myzonex.com.","TTL":3600,"CNAMERecord":{"cname":"mycname"},"targetResource":{},"provisioningState":"Succeeded"}}'
    headers:
      cache-control:
      - private
      content-length:
      - '422'
      content-type:
      - application/json; charset=utf-8
      date:
      - Wed, 26 Apr 2023 05:05:05 GMT
      etag:
      - aafe5bd2-2ff3-46df-bccb-6b564a44ed3c
      server:
      - Microsoft-IIS/10.0
      strict-transport-security:
      - max-age=31536000; includeSubDomains
      transfer-encoding:
      - chunked
      vary:
      - Accept-Encoding
      x-content-type-options:
      - nosniff
      x-ms-ratelimit-remaining-subscription-resource-requests:
      - '11999'
      x-powered-by:
      - ASP.NET
    status:
      code: 200
      message: OK
- request:
    body: null
    headers:
      Accept:
      - application/json
      Accept-Encoding:
      - gzip, deflate
      CommandName:
      - network dns record-set cname set-record
      Connection:
      - keep-alive
      ParameterSetName:
      - -g --zone-name --record-set-name --cname
      User-Agent:
      - AZURECLI/2.48.1 (PIP) (AAZ) azsdk-python-core/1.24.0 Python/3.8.10 (Windows-10-10.0.19045-SP0)
    method: GET
    uri: https://management.azure.com/subscriptions/00000000-0000-0000-0000-000000000000/resourceGroups/cli_test_dns000001/providers/Microsoft.Network/dnsZones/myzonex.com/cname/myrscname?api-version=2018-05-01
  response:
    body:
      string: '{"id":"\/subscriptions\/00000000-0000-0000-0000-000000000000\/resourceGroups\/cli_test_dns000001\/providers\/Microsoft.Network\/dnszones\/myzonex.com\/CNAME\/myrscname","name":"myrscname","type":"Microsoft.Network\/dnszones\/CNAME","etag":"aafe5bd2-2ff3-46df-bccb-6b564a44ed3c","properties":{"fqdn":"myrscname.myzonex.com.","TTL":3600,"CNAMERecord":{"cname":"mycname"},"targetResource":{},"provisioningState":"Succeeded"}}'
    headers:
      cache-control:
      - private
      content-length:
      - '422'
      content-type:
      - application/json; charset=utf-8
      date:
      - Wed, 26 Apr 2023 05:05:06 GMT
      etag:
      - aafe5bd2-2ff3-46df-bccb-6b564a44ed3c
      server:
      - Microsoft-IIS/10.0
      strict-transport-security:
      - max-age=31536000; includeSubDomains
      transfer-encoding:
      - chunked
      vary:
      - Accept-Encoding
      x-content-type-options:
      - nosniff
      x-ms-ratelimit-remaining-subscription-resource-requests:
      - '499'
      x-powered-by:
      - ASP.NET
    status:
      code: 200
      message: OK
- request:
    body: '{"properties": {"CNAMERecord": {"cname": "mycname"}, "TTL": 3600}}'
    headers:
      Accept:
      - application/json
      Accept-Encoding:
      - gzip, deflate
      CommandName:
      - network dns record-set cname set-record
      Connection:
      - keep-alive
      Content-Length:
      - '66'
      Content-Type:
      - application/json
      ParameterSetName:
      - -g --zone-name --record-set-name --cname
      User-Agent:
      - AZURECLI/2.48.1 (PIP) (AAZ) azsdk-python-core/1.24.0 Python/3.8.10 (Windows-10-10.0.19045-SP0)
    method: PUT
    uri: https://management.azure.com/subscriptions/00000000-0000-0000-0000-000000000000/resourceGroups/cli_test_dns000001/providers/Microsoft.Network/dnsZones/myzonex.com/cname/myrscname?api-version=2018-05-01
  response:
    body:
      string: '{"id":"\/subscriptions\/00000000-0000-0000-0000-000000000000\/resourceGroups\/cli_test_dns000001\/providers\/Microsoft.Network\/dnszones\/myzonex.com\/CNAME\/myrscname","name":"myrscname","type":"Microsoft.Network\/dnszones\/CNAME","etag":"66da880d-7688-4077-a585-0a455d2eb05e","properties":{"fqdn":"myrscname.myzonex.com.","TTL":3600,"CNAMERecord":{"cname":"mycname"},"targetResource":{},"provisioningState":"Succeeded"}}'
    headers:
      cache-control:
      - private
      content-length:
      - '422'
      content-type:
      - application/json; charset=utf-8
      date:
      - Wed, 26 Apr 2023 05:05:09 GMT
      etag:
      - 66da880d-7688-4077-a585-0a455d2eb05e
      server:
      - Microsoft-IIS/10.0
      strict-transport-security:
      - max-age=31536000; includeSubDomains
      transfer-encoding:
      - chunked
      vary:
      - Accept-Encoding
      x-content-type-options:
      - nosniff
      x-ms-ratelimit-remaining-subscription-resource-requests:
      - '11999'
      x-powered-by:
      - ASP.NET
    status:
      code: 200
      message: OK
- request:
    body: null
    headers:
      Accept:
      - application/json
      Accept-Encoding:
      - gzip, deflate
      CommandName:
      - network dns record-set cname set-record
      Connection:
      - keep-alive
      ParameterSetName:
      - -g --zone-name --record-set-name --cname
      User-Agent:
      - AZURECLI/2.48.1 (PIP) (AAZ) azsdk-python-core/1.24.0 Python/3.8.10 (Windows-10-10.0.19045-SP0)
    method: GET
    uri: https://management.azure.com/subscriptions/00000000-0000-0000-0000-000000000000/resourceGroups/cli_test_dns000001/providers/Microsoft.Network/dnsZones/myzonex.com/cname/myrscnamealt?api-version=2018-05-01
  response:
    body:
      string: '{"code":"NotFound","message":"The resource record ''myrscnamealt''
        does not exist in resource group ''cli_test_dns000001'' of subscription ''0b1f6471-1bf0-4dda-aec3-cb9272f09590''."}'
    headers:
      cache-control:
      - private
      content-length:
      - '176'
      content-type:
      - application/json; charset=utf-8
      date:
      - Wed, 26 Apr 2023 05:05:11 GMT
      server:
      - Microsoft-IIS/10.0
      strict-transport-security:
      - max-age=31536000; includeSubDomains
      x-content-type-options:
      - nosniff
      x-ms-ratelimit-remaining-subscription-resource-requests:
      - '499'
      x-powered-by:
      - ASP.NET
    status:
      code: 404
      message: Not Found
- request:
    body: '{"properties": {"CNAMERecord": {"cname": "mycname"}, "TTL": 3600}}'
    headers:
      Accept:
      - application/json
      Accept-Encoding:
      - gzip, deflate
      CommandName:
      - network dns record-set cname set-record
      Connection:
      - keep-alive
      Content-Length:
      - '66'
      Content-Type:
      - application/json
      ParameterSetName:
      - -g --zone-name --record-set-name --cname
      User-Agent:
      - AZURECLI/2.48.1 (PIP) (AAZ) azsdk-python-core/1.24.0 Python/3.8.10 (Windows-10-10.0.19045-SP0)
    method: PUT
    uri: https://management.azure.com/subscriptions/00000000-0000-0000-0000-000000000000/resourceGroups/cli_test_dns000001/providers/Microsoft.Network/dnsZones/myzonex.com/cname/myrscnamealt?api-version=2018-05-01
  response:
    body:
      string: '{"id":"\/subscriptions\/00000000-0000-0000-0000-000000000000\/resourceGroups\/cli_test_dns000001\/providers\/Microsoft.Network\/dnszones\/myzonex.com\/CNAME\/myrscnamealt","name":"myrscnamealt","type":"Microsoft.Network\/dnszones\/CNAME","etag":"b3020d7c-7ea3-443c-8cbb-4de294436f37","properties":{"fqdn":"myrscnamealt.myzonex.com.","TTL":3600,"CNAMERecord":{"cname":"mycname"},"targetResource":{},"provisioningState":"Succeeded"}}'
    headers:
      cache-control:
      - private
      content-length:
      - '431'
      content-type:
      - application/json; charset=utf-8
      date:
      - Wed, 26 Apr 2023 05:05:13 GMT
      etag:
      - b3020d7c-7ea3-443c-8cbb-4de294436f37
      server:
      - Microsoft-IIS/10.0
      strict-transport-security:
      - max-age=31536000; includeSubDomains
      x-content-type-options:
      - nosniff
      x-ms-ratelimit-remaining-subscription-resource-requests:
      - '11999'
      x-powered-by:
      - ASP.NET
    status:
      code: 201
      message: Created
- request:
    body: '{"properties": {"TTL": 3600}}'
    headers:
      Accept:
      - application/json
      Accept-Encoding:
      - gzip, deflate
      CommandName:
      - network dns record-set mx create
      Connection:
      - keep-alive
      Content-Length:
      - '29'
      Content-Type:
      - application/json
      ParameterSetName:
      - -n -g --zone-name
      User-Agent:
      - AZURECLI/2.48.1 (PIP) (AAZ) azsdk-python-core/1.24.0 Python/3.8.10 (Windows-10-10.0.19045-SP0)
    method: PUT
    uri: https://management.azure.com/subscriptions/00000000-0000-0000-0000-000000000000/resourceGroups/cli_test_dns000001/providers/Microsoft.Network/dnsZones/myzonex.com/mx/myrsmx?api-version=2018-05-01
  response:
    body:
      string: '{"id":"\/subscriptions\/00000000-0000-0000-0000-000000000000\/resourceGroups\/cli_test_dns000001\/providers\/Microsoft.Network\/dnszones\/myzonex.com\/MX\/myrsmx","name":"myrsmx","type":"Microsoft.Network\/dnszones\/MX","etag":"c4deb9d0-0cdf-46b7-bcdb-ef8f57905738","properties":{"fqdn":"myrsmx.myzonex.com.","TTL":3600,"MXRecords":[],"targetResource":{},"provisioningState":"Succeeded"}}'
    headers:
      cache-control:
      - private
      content-length:
      - '388'
      content-type:
      - application/json; charset=utf-8
      date:
      - Wed, 26 Apr 2023 05:05:14 GMT
      etag:
      - c4deb9d0-0cdf-46b7-bcdb-ef8f57905738
      server:
      - Microsoft-IIS/10.0
      strict-transport-security:
      - max-age=31536000; includeSubDomains
      x-content-type-options:
      - nosniff
      x-ms-ratelimit-remaining-subscription-resource-requests:
      - '11999'
      x-powered-by:
      - ASP.NET
    status:
      code: 201
      message: Created
- request:
    body: null
    headers:
      Accept:
      - application/json
      Accept-Encoding:
      - gzip, deflate
      CommandName:
      - network dns record-set mx add-record
      Connection:
      - keep-alive
      ParameterSetName:
      - -g --zone-name --record-set-name --exchange --preference
      User-Agent:
      - AZURECLI/2.48.1 (PIP) (AAZ) azsdk-python-core/1.24.0 Python/3.8.10 (Windows-10-10.0.19045-SP0)
    method: GET
    uri: https://management.azure.com/subscriptions/00000000-0000-0000-0000-000000000000/resourceGroups/cli_test_dns000001/providers/Microsoft.Network/dnsZones/myzonex.com/mx/myrsmx?api-version=2018-05-01
  response:
    body:
      string: '{"id":"\/subscriptions\/00000000-0000-0000-0000-000000000000\/resourceGroups\/cli_test_dns000001\/providers\/Microsoft.Network\/dnszones\/myzonex.com\/MX\/myrsmx","name":"myrsmx","type":"Microsoft.Network\/dnszones\/MX","etag":"c4deb9d0-0cdf-46b7-bcdb-ef8f57905738","properties":{"fqdn":"myrsmx.myzonex.com.","TTL":3600,"MXRecords":[],"targetResource":{},"provisioningState":"Succeeded"}}'
    headers:
      cache-control:
      - private
      content-length:
      - '388'
      content-type:
      - application/json; charset=utf-8
      date:
      - Wed, 26 Apr 2023 05:05:15 GMT
      etag:
      - c4deb9d0-0cdf-46b7-bcdb-ef8f57905738
      server:
      - Microsoft-IIS/10.0
      strict-transport-security:
      - max-age=31536000; includeSubDomains
      transfer-encoding:
      - chunked
      vary:
      - Accept-Encoding
      x-content-type-options:
      - nosniff
      x-ms-ratelimit-remaining-subscription-resource-requests:
      - '499'
      x-powered-by:
      - ASP.NET
    status:
      code: 200
      message: OK
- request:
    body: '{"properties": {"MXRecords": [{"exchange": "12", "preference": 13}], "TTL":
      3600}}'
    headers:
      Accept:
      - application/json
      Accept-Encoding:
      - gzip, deflate
      CommandName:
      - network dns record-set mx add-record
      Connection:
      - keep-alive
      Content-Length:
      - '82'
      Content-Type:
      - application/json
      ParameterSetName:
      - -g --zone-name --record-set-name --exchange --preference
      User-Agent:
      - AZURECLI/2.48.1 (PIP) (AAZ) azsdk-python-core/1.24.0 Python/3.8.10 (Windows-10-10.0.19045-SP0)
    method: PUT
    uri: https://management.azure.com/subscriptions/00000000-0000-0000-0000-000000000000/resourceGroups/cli_test_dns000001/providers/Microsoft.Network/dnsZones/myzonex.com/mx/myrsmx?api-version=2018-05-01
  response:
    body:
      string: '{"id":"\/subscriptions\/00000000-0000-0000-0000-000000000000\/resourceGroups\/cli_test_dns000001\/providers\/Microsoft.Network\/dnszones\/myzonex.com\/MX\/myrsmx","name":"myrsmx","type":"Microsoft.Network\/dnszones\/MX","etag":"f7cbd85f-a3a1-4e16-b1b9-610924a2719c","properties":{"fqdn":"myrsmx.myzonex.com.","TTL":3600,"MXRecords":[{"exchange":"12","preference":13}],"targetResource":{},"provisioningState":"Succeeded"}}'
    headers:
      cache-control:
      - private
      content-length:
      - '421'
      content-type:
      - application/json; charset=utf-8
      date:
      - Wed, 26 Apr 2023 05:05:18 GMT
      etag:
      - f7cbd85f-a3a1-4e16-b1b9-610924a2719c
      server:
      - Microsoft-IIS/10.0
      strict-transport-security:
      - max-age=31536000; includeSubDomains
      transfer-encoding:
      - chunked
      vary:
      - Accept-Encoding
      x-content-type-options:
      - nosniff
      x-ms-ratelimit-remaining-subscription-resource-requests:
      - '11999'
      x-powered-by:
      - ASP.NET
    status:
      code: 200
      message: OK
- request:
    body: null
    headers:
      Accept:
      - application/json
      Accept-Encoding:
      - gzip, deflate
      CommandName:
      - network dns record-set mx add-record
      Connection:
      - keep-alive
      ParameterSetName:
      - -g --zone-name --record-set-name --exchange --preference
      User-Agent:
      - AZURECLI/2.48.1 (PIP) (AAZ) azsdk-python-core/1.24.0 Python/3.8.10 (Windows-10-10.0.19045-SP0)
    method: GET
    uri: https://management.azure.com/subscriptions/00000000-0000-0000-0000-000000000000/resourceGroups/cli_test_dns000001/providers/Microsoft.Network/dnsZones/myzonex.com/mx/myrsmx?api-version=2018-05-01
  response:
    body:
      string: '{"id":"\/subscriptions\/00000000-0000-0000-0000-000000000000\/resourceGroups\/cli_test_dns000001\/providers\/Microsoft.Network\/dnszones\/myzonex.com\/MX\/myrsmx","name":"myrsmx","type":"Microsoft.Network\/dnszones\/MX","etag":"f7cbd85f-a3a1-4e16-b1b9-610924a2719c","properties":{"fqdn":"myrsmx.myzonex.com.","TTL":3600,"MXRecords":[{"exchange":"12","preference":13}],"targetResource":{},"provisioningState":"Succeeded"}}'
    headers:
      cache-control:
      - private
      content-length:
      - '421'
      content-type:
      - application/json; charset=utf-8
      date:
      - Wed, 26 Apr 2023 05:05:19 GMT
      etag:
      - f7cbd85f-a3a1-4e16-b1b9-610924a2719c
      server:
      - Microsoft-IIS/10.0
      strict-transport-security:
      - max-age=31536000; includeSubDomains
      transfer-encoding:
      - chunked
      vary:
      - Accept-Encoding
      x-content-type-options:
      - nosniff
      x-ms-ratelimit-remaining-subscription-resource-requests:
      - '499'
      x-powered-by:
      - ASP.NET
    status:
      code: 200
      message: OK
- request:
    body: '{"properties": {"MXRecords": [{"exchange": "12", "preference": 13}], "TTL":
      3600}}'
    headers:
      Accept:
      - application/json
      Accept-Encoding:
      - gzip, deflate
      CommandName:
      - network dns record-set mx add-record
      Connection:
      - keep-alive
      Content-Length:
      - '82'
      Content-Type:
      - application/json
      ParameterSetName:
      - -g --zone-name --record-set-name --exchange --preference
      User-Agent:
      - AZURECLI/2.48.1 (PIP) (AAZ) azsdk-python-core/1.24.0 Python/3.8.10 (Windows-10-10.0.19045-SP0)
    method: PUT
    uri: https://management.azure.com/subscriptions/00000000-0000-0000-0000-000000000000/resourceGroups/cli_test_dns000001/providers/Microsoft.Network/dnsZones/myzonex.com/mx/myrsmx?api-version=2018-05-01
  response:
    body:
      string: '{"id":"\/subscriptions\/00000000-0000-0000-0000-000000000000\/resourceGroups\/cli_test_dns000001\/providers\/Microsoft.Network\/dnszones\/myzonex.com\/MX\/myrsmx","name":"myrsmx","type":"Microsoft.Network\/dnszones\/MX","etag":"d778b515-940e-482b-a316-47bef479f852","properties":{"fqdn":"myrsmx.myzonex.com.","TTL":3600,"MXRecords":[{"exchange":"12","preference":13}],"targetResource":{},"provisioningState":"Succeeded"}}'
    headers:
      cache-control:
      - private
      content-length:
      - '421'
      content-type:
      - application/json; charset=utf-8
      date:
      - Wed, 26 Apr 2023 05:05:22 GMT
      etag:
      - d778b515-940e-482b-a316-47bef479f852
      server:
      - Microsoft-IIS/10.0
      strict-transport-security:
      - max-age=31536000; includeSubDomains
      transfer-encoding:
      - chunked
      vary:
      - Accept-Encoding
      x-content-type-options:
      - nosniff
      x-ms-ratelimit-remaining-subscription-resource-requests:
      - '11999'
      x-powered-by:
      - ASP.NET
    status:
      code: 200
      message: OK
- request:
    body: null
    headers:
      Accept:
      - application/json
      Accept-Encoding:
      - gzip, deflate
      CommandName:
      - network dns record-set mx add-record
      Connection:
      - keep-alive
      ParameterSetName:
      - -g --zone-name --record-set-name --exchange --preference
      User-Agent:
      - AZURECLI/2.48.1 (PIP) (AAZ) azsdk-python-core/1.24.0 Python/3.8.10 (Windows-10-10.0.19045-SP0)
    method: GET
    uri: https://management.azure.com/subscriptions/00000000-0000-0000-0000-000000000000/resourceGroups/cli_test_dns000001/providers/Microsoft.Network/dnsZones/myzonex.com/mx/myrsmxalt?api-version=2018-05-01
  response:
    body:
      string: '{"code":"NotFound","message":"The resource record ''myrsmxalt'' does
        not exist in resource group ''cli_test_dns000001'' of subscription ''0b1f6471-1bf0-4dda-aec3-cb9272f09590''."}'
    headers:
      cache-control:
      - private
      content-length:
      - '173'
      content-type:
      - application/json; charset=utf-8
      date:
      - Wed, 26 Apr 2023 05:05:22 GMT
      server:
      - Microsoft-IIS/10.0
      strict-transport-security:
      - max-age=31536000; includeSubDomains
      x-content-type-options:
      - nosniff
      x-ms-ratelimit-remaining-subscription-resource-requests:
      - '499'
      x-powered-by:
      - ASP.NET
    status:
      code: 404
      message: Not Found
- request:
    body: '{"properties": {"MXRecords": [{"exchange": "12", "preference": 13}], "TTL":
      3600}}'
    headers:
      Accept:
      - application/json
      Accept-Encoding:
      - gzip, deflate
      CommandName:
      - network dns record-set mx add-record
      Connection:
      - keep-alive
      Content-Length:
      - '82'
      Content-Type:
      - application/json
      ParameterSetName:
      - -g --zone-name --record-set-name --exchange --preference
      User-Agent:
      - AZURECLI/2.48.1 (PIP) (AAZ) azsdk-python-core/1.24.0 Python/3.8.10 (Windows-10-10.0.19045-SP0)
    method: PUT
    uri: https://management.azure.com/subscriptions/00000000-0000-0000-0000-000000000000/resourceGroups/cli_test_dns000001/providers/Microsoft.Network/dnsZones/myzonex.com/mx/myrsmxalt?api-version=2018-05-01
  response:
    body:
      string: '{"id":"\/subscriptions\/00000000-0000-0000-0000-000000000000\/resourceGroups\/cli_test_dns000001\/providers\/Microsoft.Network\/dnszones\/myzonex.com\/MX\/myrsmxalt","name":"myrsmxalt","type":"Microsoft.Network\/dnszones\/MX","etag":"f18ba846-c471-4210-a8d6-5d35eddc41ca","properties":{"fqdn":"myrsmxalt.myzonex.com.","TTL":3600,"MXRecords":[{"exchange":"12","preference":13}],"targetResource":{},"provisioningState":"Succeeded"}}'
    headers:
      cache-control:
      - private
      content-length:
      - '430'
      content-type:
      - application/json; charset=utf-8
      date:
      - Wed, 26 Apr 2023 05:05:24 GMT
      etag:
      - f18ba846-c471-4210-a8d6-5d35eddc41ca
      server:
      - Microsoft-IIS/10.0
      strict-transport-security:
      - max-age=31536000; includeSubDomains
      x-content-type-options:
      - nosniff
      x-ms-ratelimit-remaining-subscription-resource-requests:
      - '11999'
      x-powered-by:
      - ASP.NET
    status:
      code: 201
      message: Created
- request:
    body: '{"properties": {"TTL": 3600}}'
    headers:
      Accept:
      - application/json
      Accept-Encoding:
      - gzip, deflate
      CommandName:
      - network dns record-set ns create
      Connection:
      - keep-alive
      Content-Length:
      - '29'
      Content-Type:
      - application/json
      ParameterSetName:
      - -n -g --zone-name
      User-Agent:
      - AZURECLI/2.48.1 (PIP) (AAZ) azsdk-python-core/1.24.0 Python/3.8.10 (Windows-10-10.0.19045-SP0)
    method: PUT
    uri: https://management.azure.com/subscriptions/00000000-0000-0000-0000-000000000000/resourceGroups/cli_test_dns000001/providers/Microsoft.Network/dnsZones/myzonex.com/ns/myrsns?api-version=2018-05-01
  response:
    body:
      string: '{"id":"\/subscriptions\/00000000-0000-0000-0000-000000000000\/resourceGroups\/cli_test_dns000001\/providers\/Microsoft.Network\/dnszones\/myzonex.com\/NS\/myrsns","name":"myrsns","type":"Microsoft.Network\/dnszones\/NS","etag":"cbede66d-490b-4541-9b67-f270705483c9","properties":{"fqdn":"myrsns.myzonex.com.","TTL":3600,"NSRecords":[],"targetResource":{},"provisioningState":"Succeeded"}}'
    headers:
      cache-control:
      - private
      content-length:
      - '388'
      content-type:
      - application/json; charset=utf-8
      date:
      - Wed, 26 Apr 2023 05:05:26 GMT
      etag:
      - cbede66d-490b-4541-9b67-f270705483c9
      server:
      - Microsoft-IIS/10.0
      strict-transport-security:
      - max-age=31536000; includeSubDomains
      x-content-type-options:
      - nosniff
      x-ms-ratelimit-remaining-subscription-resource-requests:
      - '11999'
      x-powered-by:
      - ASP.NET
    status:
      code: 201
      message: Created
- request:
    body: null
    headers:
      Accept:
      - application/json
      Accept-Encoding:
      - gzip, deflate
      CommandName:
      - network dns record-set ns add-record
      Connection:
      - keep-alive
      ParameterSetName:
      - -g --zone-name --record-set-name --nsdname
      User-Agent:
      - AZURECLI/2.48.1 (PIP) (AAZ) azsdk-python-core/1.24.0 Python/3.8.10 (Windows-10-10.0.19045-SP0)
    method: GET
    uri: https://management.azure.com/subscriptions/00000000-0000-0000-0000-000000000000/resourceGroups/cli_test_dns000001/providers/Microsoft.Network/dnsZones/myzonex.com/ns/myrsns?api-version=2018-05-01
  response:
    body:
      string: '{"id":"\/subscriptions\/00000000-0000-0000-0000-000000000000\/resourceGroups\/cli_test_dns000001\/providers\/Microsoft.Network\/dnszones\/myzonex.com\/NS\/myrsns","name":"myrsns","type":"Microsoft.Network\/dnszones\/NS","etag":"cbede66d-490b-4541-9b67-f270705483c9","properties":{"fqdn":"myrsns.myzonex.com.","TTL":3600,"NSRecords":[],"targetResource":{},"provisioningState":"Succeeded"}}'
    headers:
      cache-control:
      - private
      content-length:
      - '388'
      content-type:
      - application/json; charset=utf-8
      date:
      - Wed, 26 Apr 2023 05:05:27 GMT
      etag:
      - cbede66d-490b-4541-9b67-f270705483c9
      server:
      - Microsoft-IIS/10.0
      strict-transport-security:
      - max-age=31536000; includeSubDomains
      transfer-encoding:
      - chunked
      vary:
      - Accept-Encoding
      x-content-type-options:
      - nosniff
      x-ms-ratelimit-remaining-subscription-resource-requests:
      - '499'
      x-powered-by:
      - ASP.NET
    status:
      code: 200
      message: OK
- request:
    body: '{"properties": {"NSRecords": [{"nsdname": "foobar.com"}], "TTL": 3600}}'
    headers:
      Accept:
      - application/json
      Accept-Encoding:
      - gzip, deflate
      CommandName:
      - network dns record-set ns add-record
      Connection:
      - keep-alive
      Content-Length:
      - '71'
      Content-Type:
      - application/json
      ParameterSetName:
      - -g --zone-name --record-set-name --nsdname
      User-Agent:
      - AZURECLI/2.48.1 (PIP) (AAZ) azsdk-python-core/1.24.0 Python/3.8.10 (Windows-10-10.0.19045-SP0)
    method: PUT
    uri: https://management.azure.com/subscriptions/00000000-0000-0000-0000-000000000000/resourceGroups/cli_test_dns000001/providers/Microsoft.Network/dnsZones/myzonex.com/ns/myrsns?api-version=2018-05-01
  response:
    body:
      string: '{"id":"\/subscriptions\/00000000-0000-0000-0000-000000000000\/resourceGroups\/cli_test_dns000001\/providers\/Microsoft.Network\/dnszones\/myzonex.com\/NS\/myrsns","name":"myrsns","type":"Microsoft.Network\/dnszones\/NS","etag":"8914ac1f-a921-429f-9b57-131807738b45","properties":{"fqdn":"myrsns.myzonex.com.","TTL":3600,"NSRecords":[{"nsdname":"foobar.com"}],"targetResource":{},"provisioningState":"Succeeded"}}'
    headers:
      cache-control:
      - private
      content-length:
      - '412'
      content-type:
      - application/json; charset=utf-8
      date:
      - Wed, 26 Apr 2023 05:05:30 GMT
      etag:
      - 8914ac1f-a921-429f-9b57-131807738b45
      server:
      - Microsoft-IIS/10.0
      strict-transport-security:
      - max-age=31536000; includeSubDomains
      transfer-encoding:
      - chunked
      vary:
      - Accept-Encoding
      x-content-type-options:
      - nosniff
      x-ms-ratelimit-remaining-subscription-resource-requests:
      - '11999'
      x-powered-by:
      - ASP.NET
    status:
      code: 200
      message: OK
- request:
    body: null
    headers:
      Accept:
      - application/json
      Accept-Encoding:
      - gzip, deflate
      CommandName:
      - network dns record-set ns add-record
      Connection:
      - keep-alive
      ParameterSetName:
      - -g --zone-name --record-set-name --nsdname
      User-Agent:
      - AZURECLI/2.48.1 (PIP) (AAZ) azsdk-python-core/1.24.0 Python/3.8.10 (Windows-10-10.0.19045-SP0)
    method: GET
    uri: https://management.azure.com/subscriptions/00000000-0000-0000-0000-000000000000/resourceGroups/cli_test_dns000001/providers/Microsoft.Network/dnsZones/myzonex.com/ns/myrsns?api-version=2018-05-01
  response:
    body:
      string: '{"id":"\/subscriptions\/00000000-0000-0000-0000-000000000000\/resourceGroups\/cli_test_dns000001\/providers\/Microsoft.Network\/dnszones\/myzonex.com\/NS\/myrsns","name":"myrsns","type":"Microsoft.Network\/dnszones\/NS","etag":"8914ac1f-a921-429f-9b57-131807738b45","properties":{"fqdn":"myrsns.myzonex.com.","TTL":3600,"NSRecords":[{"nsdname":"foobar.com"}],"targetResource":{},"provisioningState":"Succeeded"}}'
    headers:
      cache-control:
      - private
      content-length:
      - '412'
      content-type:
      - application/json; charset=utf-8
      date:
      - Wed, 26 Apr 2023 05:05:30 GMT
      etag:
      - 8914ac1f-a921-429f-9b57-131807738b45
      server:
      - Microsoft-IIS/10.0
      strict-transport-security:
      - max-age=31536000; includeSubDomains
      transfer-encoding:
      - chunked
      vary:
      - Accept-Encoding
      x-content-type-options:
      - nosniff
      x-ms-ratelimit-remaining-subscription-resource-requests:
      - '499'
      x-powered-by:
      - ASP.NET
    status:
      code: 200
      message: OK
- request:
    body: '{"properties": {"NSRecords": [{"nsdname": "foobar.com"}], "TTL": 3600}}'
    headers:
      Accept:
      - application/json
      Accept-Encoding:
      - gzip, deflate
      CommandName:
      - network dns record-set ns add-record
      Connection:
      - keep-alive
      Content-Length:
      - '71'
      Content-Type:
      - application/json
      ParameterSetName:
      - -g --zone-name --record-set-name --nsdname
      User-Agent:
      - AZURECLI/2.48.1 (PIP) (AAZ) azsdk-python-core/1.24.0 Python/3.8.10 (Windows-10-10.0.19045-SP0)
    method: PUT
    uri: https://management.azure.com/subscriptions/00000000-0000-0000-0000-000000000000/resourceGroups/cli_test_dns000001/providers/Microsoft.Network/dnsZones/myzonex.com/ns/myrsns?api-version=2018-05-01
  response:
    body:
      string: '{"id":"\/subscriptions\/00000000-0000-0000-0000-000000000000\/resourceGroups\/cli_test_dns000001\/providers\/Microsoft.Network\/dnszones\/myzonex.com\/NS\/myrsns","name":"myrsns","type":"Microsoft.Network\/dnszones\/NS","etag":"2f36cf44-4b81-431d-9642-eac4f6f807de","properties":{"fqdn":"myrsns.myzonex.com.","TTL":3600,"NSRecords":[{"nsdname":"foobar.com"}],"targetResource":{},"provisioningState":"Succeeded"}}'
    headers:
      cache-control:
      - private
      content-length:
      - '412'
      content-type:
      - application/json; charset=utf-8
      date:
      - Wed, 26 Apr 2023 05:05:32 GMT
      etag:
      - 2f36cf44-4b81-431d-9642-eac4f6f807de
      server:
      - Microsoft-IIS/10.0
      strict-transport-security:
      - max-age=31536000; includeSubDomains
      transfer-encoding:
      - chunked
      vary:
      - Accept-Encoding
      x-content-type-options:
      - nosniff
      x-ms-ratelimit-remaining-subscription-resource-requests:
      - '11999'
      x-powered-by:
      - ASP.NET
    status:
      code: 200
      message: OK
- request:
    body: null
    headers:
      Accept:
      - application/json
      Accept-Encoding:
      - gzip, deflate
      CommandName:
      - network dns record-set ns add-record
      Connection:
      - keep-alive
      ParameterSetName:
      - -g --zone-name --record-set-name --nsdname
      User-Agent:
      - AZURECLI/2.48.1 (PIP) (AAZ) azsdk-python-core/1.24.0 Python/3.8.10 (Windows-10-10.0.19045-SP0)
    method: GET
    uri: https://management.azure.com/subscriptions/00000000-0000-0000-0000-000000000000/resourceGroups/cli_test_dns000001/providers/Microsoft.Network/dnsZones/myzonex.com/ns/myrsnsalt?api-version=2018-05-01
  response:
    body:
      string: '{"code":"NotFound","message":"The resource record ''myrsnsalt'' does
        not exist in resource group ''cli_test_dns000001'' of subscription ''0b1f6471-1bf0-4dda-aec3-cb9272f09590''."}'
    headers:
      cache-control:
      - private
      content-length:
      - '173'
      content-type:
      - application/json; charset=utf-8
      date:
      - Wed, 26 Apr 2023 05:05:33 GMT
      server:
      - Microsoft-IIS/10.0
      strict-transport-security:
      - max-age=31536000; includeSubDomains
      x-content-type-options:
      - nosniff
      x-ms-ratelimit-remaining-subscription-resource-requests:
      - '499'
      x-powered-by:
      - ASP.NET
    status:
      code: 404
      message: Not Found
- request:
    body: '{"properties": {"NSRecords": [{"nsdname": "foobar.com"}], "TTL": 3600}}'
    headers:
      Accept:
      - application/json
      Accept-Encoding:
      - gzip, deflate
      CommandName:
      - network dns record-set ns add-record
      Connection:
      - keep-alive
      Content-Length:
      - '71'
      Content-Type:
      - application/json
      ParameterSetName:
      - -g --zone-name --record-set-name --nsdname
      User-Agent:
      - AZURECLI/2.48.1 (PIP) (AAZ) azsdk-python-core/1.24.0 Python/3.8.10 (Windows-10-10.0.19045-SP0)
    method: PUT
    uri: https://management.azure.com/subscriptions/00000000-0000-0000-0000-000000000000/resourceGroups/cli_test_dns000001/providers/Microsoft.Network/dnsZones/myzonex.com/ns/myrsnsalt?api-version=2018-05-01
  response:
    body:
      string: '{"id":"\/subscriptions\/00000000-0000-0000-0000-000000000000\/resourceGroups\/cli_test_dns000001\/providers\/Microsoft.Network\/dnszones\/myzonex.com\/NS\/myrsnsalt","name":"myrsnsalt","type":"Microsoft.Network\/dnszones\/NS","etag":"cde77379-3a7b-40fc-9aef-520a0e3659a5","properties":{"fqdn":"myrsnsalt.myzonex.com.","TTL":3600,"NSRecords":[{"nsdname":"foobar.com"}],"targetResource":{},"provisioningState":"Succeeded"}}'
    headers:
      cache-control:
      - private
      content-length:
      - '421'
      content-type:
      - application/json; charset=utf-8
      date:
      - Wed, 26 Apr 2023 05:05:35 GMT
      etag:
      - cde77379-3a7b-40fc-9aef-520a0e3659a5
      server:
      - Microsoft-IIS/10.0
      strict-transport-security:
      - max-age=31536000; includeSubDomains
      x-content-type-options:
      - nosniff
      x-ms-ratelimit-remaining-subscription-resource-requests:
      - '11999'
      x-powered-by:
      - ASP.NET
    status:
      code: 201
      message: Created
- request:
    body: '{"properties": {"TTL": 3600}}'
    headers:
      Accept:
      - application/json
      Accept-Encoding:
      - gzip, deflate
      CommandName:
      - network dns record-set ptr create
      Connection:
      - keep-alive
      Content-Length:
      - '29'
      Content-Type:
      - application/json
      ParameterSetName:
      - -n -g --zone-name
      User-Agent:
      - AZURECLI/2.48.1 (PIP) (AAZ) azsdk-python-core/1.24.0 Python/3.8.10 (Windows-10-10.0.19045-SP0)
    method: PUT
    uri: https://management.azure.com/subscriptions/00000000-0000-0000-0000-000000000000/resourceGroups/cli_test_dns000001/providers/Microsoft.Network/dnsZones/myzonex.com/ptr/myrsptr?api-version=2018-05-01
  response:
    body:
      string: '{"id":"\/subscriptions\/00000000-0000-0000-0000-000000000000\/resourceGroups\/cli_test_dns000001\/providers\/Microsoft.Network\/dnszones\/myzonex.com\/PTR\/myrsptr","name":"myrsptr","type":"Microsoft.Network\/dnszones\/PTR","etag":"f217e7c9-7e24-44d8-a2cd-101a09b7e5f3","properties":{"fqdn":"myrsptr.myzonex.com.","TTL":3600,"PTRRecords":[],"targetResource":{},"provisioningState":"Succeeded"}}'
    headers:
      cache-control:
      - private
      content-length:
      - '394'
      content-type:
      - application/json; charset=utf-8
      date:
      - Wed, 26 Apr 2023 05:05:38 GMT
      etag:
      - f217e7c9-7e24-44d8-a2cd-101a09b7e5f3
      server:
      - Microsoft-IIS/10.0
      strict-transport-security:
      - max-age=31536000; includeSubDomains
      x-content-type-options:
      - nosniff
      x-ms-ratelimit-remaining-subscription-resource-requests:
      - '11999'
      x-powered-by:
      - ASP.NET
    status:
      code: 201
      message: Created
- request:
    body: null
    headers:
      Accept:
      - application/json
      Accept-Encoding:
      - gzip, deflate
      CommandName:
      - network dns record-set ptr add-record
      Connection:
      - keep-alive
      ParameterSetName:
      - -g --zone-name --record-set-name --ptrdname
      User-Agent:
      - AZURECLI/2.48.1 (PIP) (AAZ) azsdk-python-core/1.24.0 Python/3.8.10 (Windows-10-10.0.19045-SP0)
    method: GET
    uri: https://management.azure.com/subscriptions/00000000-0000-0000-0000-000000000000/resourceGroups/cli_test_dns000001/providers/Microsoft.Network/dnsZones/myzonex.com/ptr/myrsptr?api-version=2018-05-01
  response:
    body:
      string: '{"id":"\/subscriptions\/00000000-0000-0000-0000-000000000000\/resourceGroups\/cli_test_dns000001\/providers\/Microsoft.Network\/dnszones\/myzonex.com\/PTR\/myrsptr","name":"myrsptr","type":"Microsoft.Network\/dnszones\/PTR","etag":"f217e7c9-7e24-44d8-a2cd-101a09b7e5f3","properties":{"fqdn":"myrsptr.myzonex.com.","TTL":3600,"PTRRecords":[],"targetResource":{},"provisioningState":"Succeeded"}}'
    headers:
      cache-control:
      - private
      content-length:
      - '394'
      content-type:
      - application/json; charset=utf-8
      date:
      - Wed, 26 Apr 2023 05:05:39 GMT
      etag:
      - f217e7c9-7e24-44d8-a2cd-101a09b7e5f3
      server:
      - Microsoft-IIS/10.0
      strict-transport-security:
      - max-age=31536000; includeSubDomains
      transfer-encoding:
      - chunked
      vary:
      - Accept-Encoding
      x-content-type-options:
      - nosniff
      x-ms-ratelimit-remaining-subscription-resource-requests:
      - '499'
      x-powered-by:
      - ASP.NET
    status:
      code: 200
      message: OK
- request:
    body: '{"properties": {"PTRRecords": [{"ptrdname": "foobar.com"}], "TTL": 3600}}'
    headers:
      Accept:
      - application/json
      Accept-Encoding:
      - gzip, deflate
      CommandName:
      - network dns record-set ptr add-record
      Connection:
      - keep-alive
      Content-Length:
      - '73'
      Content-Type:
      - application/json
      ParameterSetName:
      - -g --zone-name --record-set-name --ptrdname
      User-Agent:
      - AZURECLI/2.48.1 (PIP) (AAZ) azsdk-python-core/1.24.0 Python/3.8.10 (Windows-10-10.0.19045-SP0)
    method: PUT
    uri: https://management.azure.com/subscriptions/00000000-0000-0000-0000-000000000000/resourceGroups/cli_test_dns000001/providers/Microsoft.Network/dnsZones/myzonex.com/ptr/myrsptr?api-version=2018-05-01
  response:
    body:
      string: '{"id":"\/subscriptions\/00000000-0000-0000-0000-000000000000\/resourceGroups\/cli_test_dns000001\/providers\/Microsoft.Network\/dnszones\/myzonex.com\/PTR\/myrsptr","name":"myrsptr","type":"Microsoft.Network\/dnszones\/PTR","etag":"686c75a2-e295-4bbd-b3d2-ffd454f7f0d6","properties":{"fqdn":"myrsptr.myzonex.com.","TTL":3600,"PTRRecords":[{"ptrdname":"foobar.com"}],"targetResource":{},"provisioningState":"Succeeded"}}'
    headers:
      cache-control:
      - private
      content-length:
      - '419'
      content-type:
      - application/json; charset=utf-8
      date:
      - Wed, 26 Apr 2023 05:05:42 GMT
      etag:
      - 686c75a2-e295-4bbd-b3d2-ffd454f7f0d6
      server:
      - Microsoft-IIS/10.0
      strict-transport-security:
      - max-age=31536000; includeSubDomains
      transfer-encoding:
      - chunked
      vary:
      - Accept-Encoding
      x-content-type-options:
      - nosniff
      x-ms-ratelimit-remaining-subscription-resource-requests:
      - '11999'
      x-powered-by:
      - ASP.NET
    status:
      code: 200
      message: OK
- request:
    body: null
    headers:
      Accept:
      - application/json
      Accept-Encoding:
      - gzip, deflate
      CommandName:
      - network dns record-set ptr add-record
      Connection:
      - keep-alive
      ParameterSetName:
      - -g --zone-name --record-set-name --ptrdname
      User-Agent:
      - AZURECLI/2.48.1 (PIP) (AAZ) azsdk-python-core/1.24.0 Python/3.8.10 (Windows-10-10.0.19045-SP0)
    method: GET
    uri: https://management.azure.com/subscriptions/00000000-0000-0000-0000-000000000000/resourceGroups/cli_test_dns000001/providers/Microsoft.Network/dnsZones/myzonex.com/ptr/myrsptr?api-version=2018-05-01
  response:
    body:
      string: '{"id":"\/subscriptions\/00000000-0000-0000-0000-000000000000\/resourceGroups\/cli_test_dns000001\/providers\/Microsoft.Network\/dnszones\/myzonex.com\/PTR\/myrsptr","name":"myrsptr","type":"Microsoft.Network\/dnszones\/PTR","etag":"686c75a2-e295-4bbd-b3d2-ffd454f7f0d6","properties":{"fqdn":"myrsptr.myzonex.com.","TTL":3600,"PTRRecords":[{"ptrdname":"foobar.com"}],"targetResource":{},"provisioningState":"Succeeded"}}'
    headers:
      cache-control:
      - private
      content-length:
      - '419'
      content-type:
      - application/json; charset=utf-8
      date:
      - Wed, 26 Apr 2023 05:05:43 GMT
      etag:
      - 686c75a2-e295-4bbd-b3d2-ffd454f7f0d6
      server:
      - Microsoft-IIS/10.0
      strict-transport-security:
      - max-age=31536000; includeSubDomains
      transfer-encoding:
      - chunked
      vary:
      - Accept-Encoding
      x-content-type-options:
      - nosniff
      x-ms-ratelimit-remaining-subscription-resource-requests:
      - '499'
      x-powered-by:
      - ASP.NET
    status:
      code: 200
      message: OK
- request:
    body: '{"properties": {"PTRRecords": [{"ptrdname": "foobar.com"}], "TTL": 3600}}'
    headers:
      Accept:
      - application/json
      Accept-Encoding:
      - gzip, deflate
      CommandName:
      - network dns record-set ptr add-record
      Connection:
      - keep-alive
      Content-Length:
      - '73'
      Content-Type:
      - application/json
      ParameterSetName:
      - -g --zone-name --record-set-name --ptrdname
      User-Agent:
      - AZURECLI/2.48.1 (PIP) (AAZ) azsdk-python-core/1.24.0 Python/3.8.10 (Windows-10-10.0.19045-SP0)
    method: PUT
    uri: https://management.azure.com/subscriptions/00000000-0000-0000-0000-000000000000/resourceGroups/cli_test_dns000001/providers/Microsoft.Network/dnsZones/myzonex.com/ptr/myrsptr?api-version=2018-05-01
  response:
    body:
      string: '{"id":"\/subscriptions\/00000000-0000-0000-0000-000000000000\/resourceGroups\/cli_test_dns000001\/providers\/Microsoft.Network\/dnszones\/myzonex.com\/PTR\/myrsptr","name":"myrsptr","type":"Microsoft.Network\/dnszones\/PTR","etag":"a74a24bb-a64a-4647-8e73-661e168935ac","properties":{"fqdn":"myrsptr.myzonex.com.","TTL":3600,"PTRRecords":[{"ptrdname":"foobar.com"}],"targetResource":{},"provisioningState":"Succeeded"}}'
    headers:
      cache-control:
      - private
      content-length:
      - '419'
      content-type:
      - application/json; charset=utf-8
      date:
      - Wed, 26 Apr 2023 05:05:46 GMT
      etag:
      - a74a24bb-a64a-4647-8e73-661e168935ac
      server:
      - Microsoft-IIS/10.0
      strict-transport-security:
      - max-age=31536000; includeSubDomains
      transfer-encoding:
      - chunked
      vary:
      - Accept-Encoding
      x-content-type-options:
      - nosniff
      x-ms-ratelimit-remaining-subscription-resource-requests:
      - '11999'
      x-powered-by:
      - ASP.NET
    status:
      code: 200
      message: OK
- request:
    body: null
    headers:
      Accept:
      - application/json
      Accept-Encoding:
      - gzip, deflate
      CommandName:
      - network dns record-set ptr add-record
      Connection:
      - keep-alive
      ParameterSetName:
      - -g --zone-name --record-set-name --ptrdname
      User-Agent:
      - AZURECLI/2.48.1 (PIP) (AAZ) azsdk-python-core/1.24.0 Python/3.8.10 (Windows-10-10.0.19045-SP0)
    method: GET
    uri: https://management.azure.com/subscriptions/00000000-0000-0000-0000-000000000000/resourceGroups/cli_test_dns000001/providers/Microsoft.Network/dnsZones/myzonex.com/ptr/myrsptralt?api-version=2018-05-01
  response:
    body:
      string: '{"code":"NotFound","message":"The resource record ''myrsptralt'' does
        not exist in resource group ''cli_test_dns000001'' of subscription ''0b1f6471-1bf0-4dda-aec3-cb9272f09590''."}'
    headers:
      cache-control:
      - private
      content-length:
      - '174'
      content-type:
      - application/json; charset=utf-8
      date:
      - Wed, 26 Apr 2023 05:05:47 GMT
      server:
      - Microsoft-IIS/10.0
      strict-transport-security:
      - max-age=31536000; includeSubDomains
      x-content-type-options:
      - nosniff
      x-ms-ratelimit-remaining-subscription-resource-requests:
      - '499'
      x-powered-by:
      - ASP.NET
    status:
      code: 404
      message: Not Found
- request:
    body: '{"properties": {"PTRRecords": [{"ptrdname": "foobar.com"}], "TTL": 3600}}'
    headers:
      Accept:
      - application/json
      Accept-Encoding:
      - gzip, deflate
      CommandName:
      - network dns record-set ptr add-record
      Connection:
      - keep-alive
      Content-Length:
      - '73'
      Content-Type:
      - application/json
      ParameterSetName:
      - -g --zone-name --record-set-name --ptrdname
      User-Agent:
      - AZURECLI/2.48.1 (PIP) (AAZ) azsdk-python-core/1.24.0 Python/3.8.10 (Windows-10-10.0.19045-SP0)
    method: PUT
    uri: https://management.azure.com/subscriptions/00000000-0000-0000-0000-000000000000/resourceGroups/cli_test_dns000001/providers/Microsoft.Network/dnsZones/myzonex.com/ptr/myrsptralt?api-version=2018-05-01
  response:
    body:
      string: '{"id":"\/subscriptions\/00000000-0000-0000-0000-000000000000\/resourceGroups\/cli_test_dns000001\/providers\/Microsoft.Network\/dnszones\/myzonex.com\/PTR\/myrsptralt","name":"myrsptralt","type":"Microsoft.Network\/dnszones\/PTR","etag":"e43dd203-a136-4c74-84d7-7e4ae8829d5b","properties":{"fqdn":"myrsptralt.myzonex.com.","TTL":3600,"PTRRecords":[{"ptrdname":"foobar.com"}],"targetResource":{},"provisioningState":"Succeeded"}}'
    headers:
      cache-control:
      - private
      content-length:
      - '428'
      content-type:
      - application/json; charset=utf-8
      date:
      - Wed, 26 Apr 2023 05:05:48 GMT
      etag:
      - e43dd203-a136-4c74-84d7-7e4ae8829d5b
      server:
      - Microsoft-IIS/10.0
      strict-transport-security:
      - max-age=31536000; includeSubDomains
      x-content-type-options:
      - nosniff
      x-ms-ratelimit-remaining-subscription-resource-requests:
      - '11999'
      x-powered-by:
      - ASP.NET
    status:
      code: 201
      message: Created
- request:
    body: '{"properties": {"TTL": 3600}}'
    headers:
      Accept:
      - application/json
      Accept-Encoding:
      - gzip, deflate
      CommandName:
      - network dns record-set srv create
      Connection:
      - keep-alive
      Content-Length:
      - '29'
      Content-Type:
      - application/json
      ParameterSetName:
      - -n -g --zone-name
      User-Agent:
      - AZURECLI/2.48.1 (PIP) (AAZ) azsdk-python-core/1.24.0 Python/3.8.10 (Windows-10-10.0.19045-SP0)
    method: PUT
    uri: https://management.azure.com/subscriptions/00000000-0000-0000-0000-000000000000/resourceGroups/cli_test_dns000001/providers/Microsoft.Network/dnsZones/myzonex.com/srv/myrssrv?api-version=2018-05-01
  response:
    body:
      string: '{"id":"\/subscriptions\/00000000-0000-0000-0000-000000000000\/resourceGroups\/cli_test_dns000001\/providers\/Microsoft.Network\/dnszones\/myzonex.com\/SRV\/myrssrv","name":"myrssrv","type":"Microsoft.Network\/dnszones\/SRV","etag":"8dfae461-2257-4d94-9322-f5e6473dcd87","properties":{"fqdn":"myrssrv.myzonex.com.","TTL":3600,"SRVRecords":[],"targetResource":{},"provisioningState":"Succeeded"}}'
    headers:
      cache-control:
      - private
      content-length:
      - '394'
      content-type:
      - application/json; charset=utf-8
      date:
      - Wed, 26 Apr 2023 05:05:50 GMT
      etag:
      - 8dfae461-2257-4d94-9322-f5e6473dcd87
      server:
      - Microsoft-IIS/10.0
      strict-transport-security:
      - max-age=31536000; includeSubDomains
      x-content-type-options:
      - nosniff
      x-ms-ratelimit-remaining-subscription-resource-requests:
      - '11999'
      x-powered-by:
      - ASP.NET
    status:
      code: 201
      message: Created
- request:
    body: null
    headers:
      Accept:
      - application/json
      Accept-Encoding:
      - gzip, deflate
      CommandName:
      - network dns record-set srv add-record
      Connection:
      - keep-alive
      ParameterSetName:
      - -g --zone-name --record-set-name --port --priority --target --weight
      User-Agent:
      - AZURECLI/2.48.1 (PIP) (AAZ) azsdk-python-core/1.24.0 Python/3.8.10 (Windows-10-10.0.19045-SP0)
    method: GET
    uri: https://management.azure.com/subscriptions/00000000-0000-0000-0000-000000000000/resourceGroups/cli_test_dns000001/providers/Microsoft.Network/dnsZones/myzonex.com/srv/myrssrv?api-version=2018-05-01
  response:
    body:
      string: '{"id":"\/subscriptions\/00000000-0000-0000-0000-000000000000\/resourceGroups\/cli_test_dns000001\/providers\/Microsoft.Network\/dnszones\/myzonex.com\/SRV\/myrssrv","name":"myrssrv","type":"Microsoft.Network\/dnszones\/SRV","etag":"8dfae461-2257-4d94-9322-f5e6473dcd87","properties":{"fqdn":"myrssrv.myzonex.com.","TTL":3600,"SRVRecords":[],"targetResource":{},"provisioningState":"Succeeded"}}'
    headers:
      cache-control:
      - private
      content-length:
      - '394'
      content-type:
      - application/json; charset=utf-8
      date:
      - Wed, 26 Apr 2023 05:05:52 GMT
      etag:
      - 8dfae461-2257-4d94-9322-f5e6473dcd87
      server:
      - Microsoft-IIS/10.0
      strict-transport-security:
      - max-age=31536000; includeSubDomains
      transfer-encoding:
      - chunked
      vary:
      - Accept-Encoding
      x-content-type-options:
      - nosniff
      x-ms-ratelimit-remaining-subscription-resource-requests:
      - '499'
      x-powered-by:
      - ASP.NET
    status:
      code: 200
      message: OK
- request:
    body: '{"properties": {"SRVRecords": [{"port": 1234, "priority": 1, "target":
      "target.com", "weight": 50}], "TTL": 3600}}'
    headers:
      Accept:
      - application/json
      Accept-Encoding:
      - gzip, deflate
      CommandName:
      - network dns record-set srv add-record
      Connection:
      - keep-alive
      Content-Length:
      - '114'
      Content-Type:
      - application/json
      ParameterSetName:
      - -g --zone-name --record-set-name --port --priority --target --weight
      User-Agent:
      - AZURECLI/2.48.1 (PIP) (AAZ) azsdk-python-core/1.24.0 Python/3.8.10 (Windows-10-10.0.19045-SP0)
    method: PUT
    uri: https://management.azure.com/subscriptions/00000000-0000-0000-0000-000000000000/resourceGroups/cli_test_dns000001/providers/Microsoft.Network/dnsZones/myzonex.com/srv/myrssrv?api-version=2018-05-01
  response:
    body:
      string: '{"id":"\/subscriptions\/00000000-0000-0000-0000-000000000000\/resourceGroups\/cli_test_dns000001\/providers\/Microsoft.Network\/dnszones\/myzonex.com\/SRV\/myrssrv","name":"myrssrv","type":"Microsoft.Network\/dnszones\/SRV","etag":"fb13db21-3326-46bd-915a-d5565802b4ee","properties":{"fqdn":"myrssrv.myzonex.com.","TTL":3600,"SRVRecords":[{"port":1234,"priority":1,"target":"target.com","weight":50}],"targetResource":{},"provisioningState":"Succeeded"}}'
    headers:
      cache-control:
      - private
      content-length:
      - '454'
      content-type:
      - application/json; charset=utf-8
      date:
      - Wed, 26 Apr 2023 05:05:54 GMT
      etag:
      - fb13db21-3326-46bd-915a-d5565802b4ee
      server:
      - Microsoft-IIS/10.0
      strict-transport-security:
      - max-age=31536000; includeSubDomains
      transfer-encoding:
      - chunked
      vary:
      - Accept-Encoding
      x-content-type-options:
      - nosniff
      x-ms-ratelimit-remaining-subscription-resource-requests:
      - '11999'
      x-powered-by:
      - ASP.NET
    status:
      code: 200
      message: OK
- request:
    body: null
    headers:
      Accept:
      - application/json
      Accept-Encoding:
      - gzip, deflate
      CommandName:
      - network dns record-set srv add-record
      Connection:
      - keep-alive
      ParameterSetName:
      - -g --zone-name --record-set-name --port --priority --target --weight
      User-Agent:
      - AZURECLI/2.48.1 (PIP) (AAZ) azsdk-python-core/1.24.0 Python/3.8.10 (Windows-10-10.0.19045-SP0)
    method: GET
    uri: https://management.azure.com/subscriptions/00000000-0000-0000-0000-000000000000/resourceGroups/cli_test_dns000001/providers/Microsoft.Network/dnsZones/myzonex.com/srv/myrssrv?api-version=2018-05-01
  response:
    body:
      string: '{"id":"\/subscriptions\/00000000-0000-0000-0000-000000000000\/resourceGroups\/cli_test_dns000001\/providers\/Microsoft.Network\/dnszones\/myzonex.com\/SRV\/myrssrv","name":"myrssrv","type":"Microsoft.Network\/dnszones\/SRV","etag":"fb13db21-3326-46bd-915a-d5565802b4ee","properties":{"fqdn":"myrssrv.myzonex.com.","TTL":3600,"SRVRecords":[{"port":1234,"priority":1,"target":"target.com","weight":50}],"targetResource":{},"provisioningState":"Succeeded"}}'
    headers:
      cache-control:
      - private
      content-length:
      - '454'
      content-type:
      - application/json; charset=utf-8
      date:
      - Wed, 26 Apr 2023 05:05:55 GMT
      etag:
      - fb13db21-3326-46bd-915a-d5565802b4ee
      server:
      - Microsoft-IIS/10.0
      strict-transport-security:
      - max-age=31536000; includeSubDomains
      transfer-encoding:
      - chunked
      vary:
      - Accept-Encoding
      x-content-type-options:
      - nosniff
      x-ms-ratelimit-remaining-subscription-resource-requests:
      - '499'
      x-powered-by:
      - ASP.NET
    status:
      code: 200
      message: OK
- request:
    body: '{"properties": {"SRVRecords": [{"port": 1234, "priority": 1, "target":
      "target.com", "weight": 50}], "TTL": 3600}}'
    headers:
      Accept:
      - application/json
      Accept-Encoding:
      - gzip, deflate
      CommandName:
      - network dns record-set srv add-record
      Connection:
      - keep-alive
      Content-Length:
      - '114'
      Content-Type:
      - application/json
      ParameterSetName:
      - -g --zone-name --record-set-name --port --priority --target --weight
      User-Agent:
      - AZURECLI/2.48.1 (PIP) (AAZ) azsdk-python-core/1.24.0 Python/3.8.10 (Windows-10-10.0.19045-SP0)
    method: PUT
    uri: https://management.azure.com/subscriptions/00000000-0000-0000-0000-000000000000/resourceGroups/cli_test_dns000001/providers/Microsoft.Network/dnsZones/myzonex.com/srv/myrssrv?api-version=2018-05-01
  response:
    body:
      string: '{"id":"\/subscriptions\/00000000-0000-0000-0000-000000000000\/resourceGroups\/cli_test_dns000001\/providers\/Microsoft.Network\/dnszones\/myzonex.com\/SRV\/myrssrv","name":"myrssrv","type":"Microsoft.Network\/dnszones\/SRV","etag":"215175ef-6849-4634-875b-c7188824957f","properties":{"fqdn":"myrssrv.myzonex.com.","TTL":3600,"SRVRecords":[{"port":1234,"priority":1,"target":"target.com","weight":50}],"targetResource":{},"provisioningState":"Succeeded"}}'
    headers:
      cache-control:
      - private
      content-length:
      - '454'
      content-type:
      - application/json; charset=utf-8
      date:
      - Wed, 26 Apr 2023 05:05:58 GMT
      etag:
      - 215175ef-6849-4634-875b-c7188824957f
      server:
      - Microsoft-IIS/10.0
      strict-transport-security:
      - max-age=31536000; includeSubDomains
      transfer-encoding:
      - chunked
      vary:
      - Accept-Encoding
      x-content-type-options:
      - nosniff
      x-ms-ratelimit-remaining-subscription-resource-requests:
      - '11999'
      x-powered-by:
      - ASP.NET
    status:
      code: 200
      message: OK
- request:
    body: null
    headers:
      Accept:
      - application/json
      Accept-Encoding:
      - gzip, deflate
      CommandName:
      - network dns record-set srv add-record
      Connection:
      - keep-alive
      ParameterSetName:
      - -g --zone-name --record-set-name --port --priority --target --weight
      User-Agent:
      - AZURECLI/2.48.1 (PIP) (AAZ) azsdk-python-core/1.24.0 Python/3.8.10 (Windows-10-10.0.19045-SP0)
    method: GET
    uri: https://management.azure.com/subscriptions/00000000-0000-0000-0000-000000000000/resourceGroups/cli_test_dns000001/providers/Microsoft.Network/dnsZones/myzonex.com/srv/myrssrvalt?api-version=2018-05-01
  response:
    body:
      string: '{"code":"NotFound","message":"The resource record ''myrssrvalt'' does
        not exist in resource group ''cli_test_dns000001'' of subscription ''0b1f6471-1bf0-4dda-aec3-cb9272f09590''."}'
    headers:
      cache-control:
      - private
      content-length:
      - '174'
      content-type:
      - application/json; charset=utf-8
      date:
      - Wed, 26 Apr 2023 05:05:58 GMT
      server:
      - Microsoft-IIS/10.0
      strict-transport-security:
      - max-age=31536000; includeSubDomains
      x-content-type-options:
      - nosniff
      x-ms-ratelimit-remaining-subscription-resource-requests:
      - '499'
      x-powered-by:
      - ASP.NET
    status:
      code: 404
      message: Not Found
- request:
    body: '{"properties": {"SRVRecords": [{"port": 1234, "priority": 1, "target":
      "target.com", "weight": 50}], "TTL": 3600}}'
    headers:
      Accept:
      - application/json
      Accept-Encoding:
      - gzip, deflate
      CommandName:
      - network dns record-set srv add-record
      Connection:
      - keep-alive
      Content-Length:
      - '114'
      Content-Type:
      - application/json
      ParameterSetName:
      - -g --zone-name --record-set-name --port --priority --target --weight
      User-Agent:
      - AZURECLI/2.48.1 (PIP) (AAZ) azsdk-python-core/1.24.0 Python/3.8.10 (Windows-10-10.0.19045-SP0)
    method: PUT
    uri: https://management.azure.com/subscriptions/00000000-0000-0000-0000-000000000000/resourceGroups/cli_test_dns000001/providers/Microsoft.Network/dnsZones/myzonex.com/srv/myrssrvalt?api-version=2018-05-01
  response:
    body:
      string: '{"id":"\/subscriptions\/00000000-0000-0000-0000-000000000000\/resourceGroups\/cli_test_dns000001\/providers\/Microsoft.Network\/dnszones\/myzonex.com\/SRV\/myrssrvalt","name":"myrssrvalt","type":"Microsoft.Network\/dnszones\/SRV","etag":"a882ee43-e9b8-42fc-bd6a-d3903562608e","properties":{"fqdn":"myrssrvalt.myzonex.com.","TTL":3600,"SRVRecords":[{"port":1234,"priority":1,"target":"target.com","weight":50}],"targetResource":{},"provisioningState":"Succeeded"}}'
    headers:
      cache-control:
      - private
      content-length:
      - '463'
      content-type:
      - application/json; charset=utf-8
      date:
      - Wed, 26 Apr 2023 05:06:01 GMT
      etag:
      - a882ee43-e9b8-42fc-bd6a-d3903562608e
      server:
      - Microsoft-IIS/10.0
      strict-transport-security:
      - max-age=31536000; includeSubDomains
      x-content-type-options:
      - nosniff
      x-ms-ratelimit-remaining-subscription-resource-requests:
      - '11999'
      x-powered-by:
      - ASP.NET
    status:
      code: 201
      message: Created
- request:
    body: '{"properties": {"TTL": 3600}}'
    headers:
      Accept:
      - application/json
      Accept-Encoding:
      - gzip, deflate
      CommandName:
      - network dns record-set txt create
      Connection:
      - keep-alive
      Content-Length:
      - '29'
      Content-Type:
      - application/json
      ParameterSetName:
      - -n -g --zone-name
      User-Agent:
      - AZURECLI/2.48.1 (PIP) (AAZ) azsdk-python-core/1.24.0 Python/3.8.10 (Windows-10-10.0.19045-SP0)
    method: PUT
    uri: https://management.azure.com/subscriptions/00000000-0000-0000-0000-000000000000/resourceGroups/cli_test_dns000001/providers/Microsoft.Network/dnsZones/myzonex.com/txt/myrstxt?api-version=2018-05-01
  response:
    body:
      string: '{"id":"\/subscriptions\/00000000-0000-0000-0000-000000000000\/resourceGroups\/cli_test_dns000001\/providers\/Microsoft.Network\/dnszones\/myzonex.com\/TXT\/myrstxt","name":"myrstxt","type":"Microsoft.Network\/dnszones\/TXT","etag":"cefc1ed5-1914-465b-a9c2-7ef25459b5f2","properties":{"fqdn":"myrstxt.myzonex.com.","TTL":3600,"TXTRecords":[],"targetResource":{},"provisioningState":"Succeeded"}}'
    headers:
      cache-control:
      - private
      content-length:
      - '394'
      content-type:
      - application/json; charset=utf-8
      date:
      - Wed, 26 Apr 2023 05:06:02 GMT
      etag:
      - cefc1ed5-1914-465b-a9c2-7ef25459b5f2
      server:
      - Microsoft-IIS/10.0
      strict-transport-security:
      - max-age=31536000; includeSubDomains
      x-content-type-options:
      - nosniff
      x-ms-ratelimit-remaining-subscription-resource-requests:
      - '11999'
      x-powered-by:
      - ASP.NET
    status:
      code: 201
      message: Created
- request:
    body: null
    headers:
      Accept:
      - application/json
      Accept-Encoding:
      - gzip, deflate
      CommandName:
      - network dns record-set txt add-record
      Connection:
      - keep-alive
      ParameterSetName:
      - -g --zone-name --record-set-name --value
      User-Agent:
      - AZURECLI/2.48.1 (PIP) (AAZ) azsdk-python-core/1.24.0 Python/3.8.10 (Windows-10-10.0.19045-SP0)
    method: GET
    uri: https://management.azure.com/subscriptions/00000000-0000-0000-0000-000000000000/resourceGroups/cli_test_dns000001/providers/Microsoft.Network/dnsZones/myzonex.com/txt/myrstxt?api-version=2018-05-01
  response:
    body:
      string: '{"id":"\/subscriptions\/00000000-0000-0000-0000-000000000000\/resourceGroups\/cli_test_dns000001\/providers\/Microsoft.Network\/dnszones\/myzonex.com\/TXT\/myrstxt","name":"myrstxt","type":"Microsoft.Network\/dnszones\/TXT","etag":"cefc1ed5-1914-465b-a9c2-7ef25459b5f2","properties":{"fqdn":"myrstxt.myzonex.com.","TTL":3600,"TXTRecords":[],"targetResource":{},"provisioningState":"Succeeded"}}'
    headers:
      cache-control:
      - private
      content-length:
      - '394'
      content-type:
      - application/json; charset=utf-8
      date:
      - Wed, 26 Apr 2023 05:06:04 GMT
      etag:
      - cefc1ed5-1914-465b-a9c2-7ef25459b5f2
      server:
      - Microsoft-IIS/10.0
      strict-transport-security:
      - max-age=31536000; includeSubDomains
      transfer-encoding:
      - chunked
      vary:
      - Accept-Encoding
      x-content-type-options:
      - nosniff
      x-ms-ratelimit-remaining-subscription-resource-requests:
      - '499'
      x-powered-by:
      - ASP.NET
    status:
      code: 200
      message: OK
- request:
    body: '{"properties": {"TTL": 3600, "TXTRecords": [{"value": ["some_text"]}]}}'
    headers:
      Accept:
      - application/json
      Accept-Encoding:
      - gzip, deflate
      CommandName:
      - network dns record-set txt add-record
      Connection:
      - keep-alive
      Content-Length:
      - '71'
      Content-Type:
      - application/json
      ParameterSetName:
      - -g --zone-name --record-set-name --value
      User-Agent:
      - AZURECLI/2.48.1 (PIP) (AAZ) azsdk-python-core/1.24.0 Python/3.8.10 (Windows-10-10.0.19045-SP0)
    method: PUT
    uri: https://management.azure.com/subscriptions/00000000-0000-0000-0000-000000000000/resourceGroups/cli_test_dns000001/providers/Microsoft.Network/dnsZones/myzonex.com/txt/myrstxt?api-version=2018-05-01
  response:
    body:
      string: '{"id":"\/subscriptions\/00000000-0000-0000-0000-000000000000\/resourceGroups\/cli_test_dns000001\/providers\/Microsoft.Network\/dnszones\/myzonex.com\/TXT\/myrstxt","name":"myrstxt","type":"Microsoft.Network\/dnszones\/TXT","etag":"844f8edd-ab47-479c-9859-0bd2365f5d44","properties":{"fqdn":"myrstxt.myzonex.com.","TTL":3600,"TXTRecords":[{"value":["some_text"]}],"targetResource":{},"provisioningState":"Succeeded"}}'
    headers:
      cache-control:
      - private
      content-length:
      - '417'
      content-type:
      - application/json; charset=utf-8
      date:
      - Wed, 26 Apr 2023 05:06:06 GMT
      etag:
      - 844f8edd-ab47-479c-9859-0bd2365f5d44
      server:
      - Microsoft-IIS/10.0
      strict-transport-security:
      - max-age=31536000; includeSubDomains
      transfer-encoding:
      - chunked
      vary:
      - Accept-Encoding
      x-content-type-options:
      - nosniff
      x-ms-ratelimit-remaining-subscription-resource-requests:
      - '11999'
      x-powered-by:
      - ASP.NET
    status:
      code: 200
      message: OK
- request:
    body: null
    headers:
      Accept:
      - application/json
      Accept-Encoding:
      - gzip, deflate
      CommandName:
      - network dns record-set txt add-record
      Connection:
      - keep-alive
      ParameterSetName:
      - -g --zone-name --record-set-name --value
      User-Agent:
      - AZURECLI/2.48.1 (PIP) (AAZ) azsdk-python-core/1.24.0 Python/3.8.10 (Windows-10-10.0.19045-SP0)
    method: GET
    uri: https://management.azure.com/subscriptions/00000000-0000-0000-0000-000000000000/resourceGroups/cli_test_dns000001/providers/Microsoft.Network/dnsZones/myzonex.com/txt/myrstxt?api-version=2018-05-01
  response:
    body:
      string: '{"id":"\/subscriptions\/00000000-0000-0000-0000-000000000000\/resourceGroups\/cli_test_dns000001\/providers\/Microsoft.Network\/dnszones\/myzonex.com\/TXT\/myrstxt","name":"myrstxt","type":"Microsoft.Network\/dnszones\/TXT","etag":"844f8edd-ab47-479c-9859-0bd2365f5d44","properties":{"fqdn":"myrstxt.myzonex.com.","TTL":3600,"TXTRecords":[{"value":["some_text"]}],"targetResource":{},"provisioningState":"Succeeded"}}'
    headers:
      cache-control:
      - private
      content-length:
      - '417'
      content-type:
      - application/json; charset=utf-8
      date:
      - Wed, 26 Apr 2023 05:06:07 GMT
      etag:
      - 844f8edd-ab47-479c-9859-0bd2365f5d44
      server:
      - Microsoft-IIS/10.0
      strict-transport-security:
      - max-age=31536000; includeSubDomains
      transfer-encoding:
      - chunked
      vary:
      - Accept-Encoding
      x-content-type-options:
      - nosniff
      x-ms-ratelimit-remaining-subscription-resource-requests:
      - '499'
      x-powered-by:
      - ASP.NET
    status:
      code: 200
      message: OK
- request:
    body: '{"properties": {"TTL": 3600, "TXTRecords": [{"value": ["some_text"]}]}}'
    headers:
      Accept:
      - application/json
      Accept-Encoding:
      - gzip, deflate
      CommandName:
      - network dns record-set txt add-record
      Connection:
      - keep-alive
      Content-Length:
      - '71'
      Content-Type:
      - application/json
      ParameterSetName:
      - -g --zone-name --record-set-name --value
      User-Agent:
      - AZURECLI/2.48.1 (PIP) (AAZ) azsdk-python-core/1.24.0 Python/3.8.10 (Windows-10-10.0.19045-SP0)
    method: PUT
    uri: https://management.azure.com/subscriptions/00000000-0000-0000-0000-000000000000/resourceGroups/cli_test_dns000001/providers/Microsoft.Network/dnsZones/myzonex.com/txt/myrstxt?api-version=2018-05-01
  response:
    body:
      string: '{"id":"\/subscriptions\/00000000-0000-0000-0000-000000000000\/resourceGroups\/cli_test_dns000001\/providers\/Microsoft.Network\/dnszones\/myzonex.com\/TXT\/myrstxt","name":"myrstxt","type":"Microsoft.Network\/dnszones\/TXT","etag":"4f481018-46aa-4cf2-b14f-1bb39c024535","properties":{"fqdn":"myrstxt.myzonex.com.","TTL":3600,"TXTRecords":[{"value":["some_text"]}],"targetResource":{},"provisioningState":"Succeeded"}}'
    headers:
      cache-control:
      - private
      content-length:
      - '417'
      content-type:
      - application/json; charset=utf-8
      date:
      - Wed, 26 Apr 2023 05:06:09 GMT
      etag:
      - 4f481018-46aa-4cf2-b14f-1bb39c024535
      server:
      - Microsoft-IIS/10.0
      strict-transport-security:
      - max-age=31536000; includeSubDomains
      transfer-encoding:
      - chunked
      vary:
      - Accept-Encoding
      x-content-type-options:
      - nosniff
      x-ms-ratelimit-remaining-subscription-resource-requests:
      - '11999'
      x-powered-by:
      - ASP.NET
    status:
      code: 200
      message: OK
- request:
    body: null
    headers:
      Accept:
      - application/json
      Accept-Encoding:
      - gzip, deflate
      CommandName:
      - network dns record-set txt add-record
      Connection:
      - keep-alive
      ParameterSetName:
      - -g --zone-name --record-set-name --value
      User-Agent:
      - AZURECLI/2.48.1 (PIP) (AAZ) azsdk-python-core/1.24.0 Python/3.8.10 (Windows-10-10.0.19045-SP0)
    method: GET
    uri: https://management.azure.com/subscriptions/00000000-0000-0000-0000-000000000000/resourceGroups/cli_test_dns000001/providers/Microsoft.Network/dnsZones/myzonex.com/txt/myrstxtalt?api-version=2018-05-01
  response:
    body:
      string: '{"code":"NotFound","message":"The resource record ''myrstxtalt'' does
        not exist in resource group ''cli_test_dns000001'' of subscription ''0b1f6471-1bf0-4dda-aec3-cb9272f09590''."}'
    headers:
      cache-control:
      - private
      content-length:
      - '174'
      content-type:
      - application/json; charset=utf-8
      date:
      - Wed, 26 Apr 2023 05:06:10 GMT
      server:
      - Microsoft-IIS/10.0
      strict-transport-security:
      - max-age=31536000; includeSubDomains
      x-content-type-options:
      - nosniff
      x-ms-ratelimit-remaining-subscription-resource-requests:
      - '499'
      x-powered-by:
      - ASP.NET
    status:
      code: 404
      message: Not Found
- request:
    body: '{"properties": {"TTL": 3600, "TXTRecords": [{"value": ["some_text"]}]}}'
    headers:
      Accept:
      - application/json
      Accept-Encoding:
      - gzip, deflate
      CommandName:
      - network dns record-set txt add-record
      Connection:
      - keep-alive
      Content-Length:
      - '71'
      Content-Type:
      - application/json
      ParameterSetName:
      - -g --zone-name --record-set-name --value
      User-Agent:
      - AZURECLI/2.48.1 (PIP) (AAZ) azsdk-python-core/1.24.0 Python/3.8.10 (Windows-10-10.0.19045-SP0)
    method: PUT
    uri: https://management.azure.com/subscriptions/00000000-0000-0000-0000-000000000000/resourceGroups/cli_test_dns000001/providers/Microsoft.Network/dnsZones/myzonex.com/txt/myrstxtalt?api-version=2018-05-01
  response:
    body:
      string: '{"id":"\/subscriptions\/00000000-0000-0000-0000-000000000000\/resourceGroups\/cli_test_dns000001\/providers\/Microsoft.Network\/dnszones\/myzonex.com\/TXT\/myrstxtalt","name":"myrstxtalt","type":"Microsoft.Network\/dnszones\/TXT","etag":"f69ccb47-33ae-4357-bea4-7222f1b937c4","properties":{"fqdn":"myrstxtalt.myzonex.com.","TTL":3600,"TXTRecords":[{"value":["some_text"]}],"targetResource":{},"provisioningState":"Succeeded"}}'
    headers:
      cache-control:
      - private
      content-length:
      - '426'
      content-type:
      - application/json; charset=utf-8
      date:
      - Wed, 26 Apr 2023 05:06:12 GMT
      etag:
      - f69ccb47-33ae-4357-bea4-7222f1b937c4
      server:
      - Microsoft-IIS/10.0
      strict-transport-security:
      - max-age=31536000; includeSubDomains
      x-content-type-options:
      - nosniff
      x-ms-ratelimit-remaining-subscription-resource-requests:
      - '11999'
      x-powered-by:
      - ASP.NET
    status:
      code: 201
      message: Created
- request:
    body: null
    headers:
      Accept:
      - application/json
      Accept-Encoding:
      - gzip, deflate
      CommandName:
      - network dns record-set a add-record
      Connection:
      - keep-alive
      ParameterSetName:
      - -g --zone-name --record-set-name --ipv4-address
      User-Agent:
      - AZURECLI/2.48.1 (PIP) (AAZ) azsdk-python-core/1.24.0 Python/3.8.10 (Windows-10-10.0.19045-SP0)
    method: GET
    uri: https://management.azure.com/subscriptions/00000000-0000-0000-0000-000000000000/resourceGroups/cli_test_dns000001/providers/Microsoft.Network/dnsZones/myzonex.com/a/myrsa?api-version=2018-05-01
  response:
    body:
      string: '{"id":"\/subscriptions\/00000000-0000-0000-0000-000000000000\/resourceGroups\/cli_test_dns000001\/providers\/Microsoft.Network\/dnszones\/myzonex.com\/A\/myrsa","name":"myrsa","type":"Microsoft.Network\/dnszones\/A","etag":"4ca1ded2-332e-4bcb-9ad0-63411b05b1c6","properties":{"fqdn":"myrsa.myzonex.com.","TTL":3600,"ARecords":[{"ipv4Address":"10.0.0.10"}],"targetResource":{},"provisioningState":"Succeeded"}}'
    headers:
      cache-control:
      - private
      content-length:
      - '409'
      content-type:
      - application/json; charset=utf-8
      date:
      - Wed, 26 Apr 2023 05:06:14 GMT
      etag:
      - 4ca1ded2-332e-4bcb-9ad0-63411b05b1c6
      server:
      - Microsoft-IIS/10.0
      strict-transport-security:
      - max-age=31536000; includeSubDomains
      transfer-encoding:
      - chunked
      vary:
      - Accept-Encoding
      x-content-type-options:
      - nosniff
      x-ms-ratelimit-remaining-subscription-resource-requests:
      - '499'
      x-powered-by:
      - ASP.NET
    status:
      code: 200
      message: OK
- request:
    body: '{"properties": {"ARecords": [{"ipv4Address": "10.0.0.10"}, {"ipv4Address":
      "10.0.0.11"}], "TTL": 3600}}'
    headers:
      Accept:
      - application/json
      Accept-Encoding:
      - gzip, deflate
      CommandName:
      - network dns record-set a add-record
      Connection:
      - keep-alive
      Content-Length:
      - '103'
      Content-Type:
      - application/json
      ParameterSetName:
      - -g --zone-name --record-set-name --ipv4-address
      User-Agent:
      - AZURECLI/2.48.1 (PIP) (AAZ) azsdk-python-core/1.24.0 Python/3.8.10 (Windows-10-10.0.19045-SP0)
    method: PUT
    uri: https://management.azure.com/subscriptions/00000000-0000-0000-0000-000000000000/resourceGroups/cli_test_dns000001/providers/Microsoft.Network/dnsZones/myzonex.com/a/myrsa?api-version=2018-05-01
  response:
    body:
      string: '{"id":"\/subscriptions\/00000000-0000-0000-0000-000000000000\/resourceGroups\/cli_test_dns000001\/providers\/Microsoft.Network\/dnszones\/myzonex.com\/A\/myrsa","name":"myrsa","type":"Microsoft.Network\/dnszones\/A","etag":"375be692-b10a-4e2c-a3f4-bf6206147bba","properties":{"fqdn":"myrsa.myzonex.com.","TTL":3600,"ARecords":[{"ipv4Address":"10.0.0.10"},{"ipv4Address":"10.0.0.11"}],"targetResource":{},"provisioningState":"Succeeded"}}'
    headers:
      cache-control:
      - private
      content-length:
      - '437'
      content-type:
      - application/json; charset=utf-8
      date:
      - Wed, 26 Apr 2023 05:06:16 GMT
      etag:
      - 375be692-b10a-4e2c-a3f4-bf6206147bba
      server:
      - Microsoft-IIS/10.0
      strict-transport-security:
      - max-age=31536000; includeSubDomains
      transfer-encoding:
      - chunked
      vary:
      - Accept-Encoding
      x-content-type-options:
      - nosniff
      x-ms-ratelimit-remaining-subscription-resource-requests:
      - '11999'
      x-powered-by:
      - ASP.NET
    status:
      code: 200
      message: OK
- request:
    body: null
    headers:
      Accept:
      - application/json
      Accept-Encoding:
      - gzip, deflate
      CommandName:
      - network dns record-set soa update
      Connection:
      - keep-alive
      ParameterSetName:
      - -g --zone-name --email --expire-time --minimum-ttl --refresh-time --retry-time
        --serial-number
      User-Agent:
      - AZURECLI/2.48.1 (PIP) (AAZ) azsdk-python-core/1.24.0 Python/3.8.10 (Windows-10-10.0.19045-SP0)
    method: GET
    uri: https://management.azure.com/subscriptions/00000000-0000-0000-0000-000000000000/resourceGroups/cli_test_dns000001/providers/Microsoft.Network/dnsZones/myzonex.com/soa/@?api-version=2018-05-01
  response:
    body:
      string: '{"id":"\/subscriptions\/00000000-0000-0000-0000-000000000000\/resourceGroups\/cli_test_dns000001\/providers\/Microsoft.Network\/dnszones\/myzonex.com\/SOA\/@","name":"@","type":"Microsoft.Network\/dnszones\/SOA","etag":"3e88ff66-c5a8-48e9-bf18-86215fde8c20","properties":{"fqdn":"myzonex.com.","TTL":3600,"SOARecord":{"email":"azuredns-hostmaster.microsoft.com","expireTime":2419200,"host":"ns1-01.azure-dns.com.","minimumTTL":300,"refreshTime":3600,"retryTime":300,"serialNumber":1},"targetResource":{},"provisioningState":"Succeeded"}}'
    headers:
      cache-control:
      - private
      content-length:
      - '537'
      content-type:
      - application/json; charset=utf-8
      date:
      - Wed, 26 Apr 2023 05:06:17 GMT
      etag:
      - 3e88ff66-c5a8-48e9-bf18-86215fde8c20
      server:
      - Microsoft-IIS/10.0
      strict-transport-security:
      - max-age=31536000; includeSubDomains
      transfer-encoding:
      - chunked
      vary:
      - Accept-Encoding
      x-content-type-options:
      - nosniff
      x-ms-ratelimit-remaining-subscription-resource-requests:
      - '499'
      x-powered-by:
      - ASP.NET
    status:
      code: 200
      message: OK
- request:
    body: null
    headers:
      Accept:
      - application/json
      Accept-Encoding:
      - gzip, deflate
      CommandName:
      - network dns record-set soa update
      Connection:
      - keep-alive
      ParameterSetName:
      - -g --zone-name --email --expire-time --minimum-ttl --refresh-time --retry-time
        --serial-number
      User-Agent:
      - AZURECLI/2.48.1 (PIP) (AAZ) azsdk-python-core/1.24.0 Python/3.8.10 (Windows-10-10.0.19045-SP0)
    method: GET
    uri: https://management.azure.com/subscriptions/00000000-0000-0000-0000-000000000000/resourceGroups/cli_test_dns000001/providers/Microsoft.Network/dnsZones/myzonex.com/soa/@?api-version=2018-05-01
  response:
    body:
      string: '{"id":"\/subscriptions\/00000000-0000-0000-0000-000000000000\/resourceGroups\/cli_test_dns000001\/providers\/Microsoft.Network\/dnszones\/myzonex.com\/SOA\/@","name":"@","type":"Microsoft.Network\/dnszones\/SOA","etag":"3e88ff66-c5a8-48e9-bf18-86215fde8c20","properties":{"fqdn":"myzonex.com.","TTL":3600,"SOARecord":{"email":"azuredns-hostmaster.microsoft.com","expireTime":2419200,"host":"ns1-01.azure-dns.com.","minimumTTL":300,"refreshTime":3600,"retryTime":300,"serialNumber":1},"targetResource":{},"provisioningState":"Succeeded"}}'
    headers:
      cache-control:
      - private
      content-length:
      - '537'
      content-type:
      - application/json; charset=utf-8
      date:
      - Wed, 26 Apr 2023 05:06:19 GMT
      etag:
      - 3e88ff66-c5a8-48e9-bf18-86215fde8c20
      server:
      - Microsoft-IIS/10.0
      strict-transport-security:
      - max-age=31536000; includeSubDomains
      transfer-encoding:
      - chunked
      vary:
      - Accept-Encoding
      x-content-type-options:
      - nosniff
      x-ms-ratelimit-remaining-subscription-resource-requests:
      - '499'
      x-powered-by:
      - ASP.NET
    status:
      code: 200
      message: OK
- request:
    body: '{"properties": {"SOARecord": {"email": "foo.com", "expireTime": 30, "host":
      "ns1-01.azure-dns.com.", "minimumTTL": 20, "refreshTime": 60, "retryTime": 90,
      "serialNumber": 123}, "TTL": 3600}}'
    headers:
      Accept:
      - application/json
      Accept-Encoding:
      - gzip, deflate
      CommandName:
      - network dns record-set soa update
      Connection:
      - keep-alive
      Content-Length:
      - '190'
      Content-Type:
      - application/json
      ParameterSetName:
      - -g --zone-name --email --expire-time --minimum-ttl --refresh-time --retry-time
        --serial-number
      User-Agent:
      - AZURECLI/2.48.1 (PIP) (AAZ) azsdk-python-core/1.24.0 Python/3.8.10 (Windows-10-10.0.19045-SP0)
    method: PUT
    uri: https://management.azure.com/subscriptions/00000000-0000-0000-0000-000000000000/resourceGroups/cli_test_dns000001/providers/Microsoft.Network/dnsZones/myzonex.com/soa/@?api-version=2018-05-01
  response:
    body:
      string: '{"id":"\/subscriptions\/00000000-0000-0000-0000-000000000000\/resourceGroups\/cli_test_dns000001\/providers\/Microsoft.Network\/dnszones\/myzonex.com\/SOA\/@","name":"@","type":"Microsoft.Network\/dnszones\/SOA","etag":"51ef05b0-7882-439d-897e-d5983a8928d9","properties":{"fqdn":"myzonex.com.","TTL":3600,"SOARecord":{"email":"foo.com","expireTime":30,"host":"ns1-01.azure-dns.com.","minimumTTL":20,"refreshTime":60,"retryTime":90,"serialNumber":123},"targetResource":{},"provisioningState":"Succeeded"}}'
    headers:
      cache-control:
      - private
      content-length:
      - '504'
      content-type:
      - application/json; charset=utf-8
      date:
      - Wed, 26 Apr 2023 05:06:20 GMT
      etag:
      - 51ef05b0-7882-439d-897e-d5983a8928d9
      server:
      - Microsoft-IIS/10.0
      strict-transport-security:
      - max-age=31536000; includeSubDomains
      transfer-encoding:
      - chunked
      vary:
      - Accept-Encoding
      x-content-type-options:
      - nosniff
      x-ms-ratelimit-remaining-subscription-resource-requests:
      - '11999'
      x-powered-by:
      - ASP.NET
    status:
      code: 200
      message: OK
- request:
    body: null
    headers:
      Accept:
      - application/json
      Accept-Encoding:
      - gzip, deflate
      CommandName:
      - network dns record-set txt add-record
      Connection:
      - keep-alive
      ParameterSetName:
      - -g -z -n -v
      User-Agent:
      - AZURECLI/2.48.1 (PIP) (AAZ) azsdk-python-core/1.24.0 Python/3.8.10 (Windows-10-10.0.19045-SP0)
    method: GET
    uri: https://management.azure.com/subscriptions/00000000-0000-0000-0000-000000000000/resourceGroups/cli_test_dns000001/providers/Microsoft.Network/dnsZones/myzonex.com/txt/longtxt?api-version=2018-05-01
  response:
    body:
      string: '{"code":"NotFound","message":"The resource record ''longtxt'' does
        not exist in resource group ''cli_test_dns000001'' of subscription ''0b1f6471-1bf0-4dda-aec3-cb9272f09590''."}'
    headers:
      cache-control:
      - private
      content-length:
      - '171'
      content-type:
      - application/json; charset=utf-8
      date:
      - Wed, 26 Apr 2023 05:06:22 GMT
      server:
      - Microsoft-IIS/10.0
      strict-transport-security:
      - max-age=31536000; includeSubDomains
      x-content-type-options:
      - nosniff
      x-ms-ratelimit-remaining-subscription-resource-requests:
      - '499'
      x-powered-by:
      - ASP.NET
    status:
      code: 404
      message: Not Found
- request:
    body: '{"properties": {"TTL": 3600, "TXTRecords": [{"value": ["012345678901234567890123456789012345678901234567890123456789012345678901234567890123456789012345678901234567890123456789012345678901234567890123456789012345678901234567890123456789012345678901234567890123456789012345678901234567890123456789012345678901234",
      "56789012345678901234567890123456789012345678901234567890123456789012345678901234567890123456789012345678901234567890123456789012345678901234567890123456789012345678901234567890123456789012345678901234567890123456789012345678901234567890123456789"]}]}}'
    headers:
      Accept:
      - application/json
      Accept-Encoding:
      - gzip, deflate
      CommandName:
      - network dns record-set txt add-record
      Connection:
      - keep-alive
      Content-Length:
      - '566'
      Content-Type:
      - application/json
      ParameterSetName:
      - -g -z -n -v
      User-Agent:
      - AZURECLI/2.48.1 (PIP) (AAZ) azsdk-python-core/1.24.0 Python/3.8.10 (Windows-10-10.0.19045-SP0)
    method: PUT
    uri: https://management.azure.com/subscriptions/00000000-0000-0000-0000-000000000000/resourceGroups/cli_test_dns000001/providers/Microsoft.Network/dnsZones/myzonex.com/txt/longtxt?api-version=2018-05-01
  response:
    body:
      string: '{"id":"\/subscriptions\/00000000-0000-0000-0000-000000000000\/resourceGroups\/cli_test_dns000001\/providers\/Microsoft.Network\/dnszones\/myzonex.com\/TXT\/longtxt","name":"longtxt","type":"Microsoft.Network\/dnszones\/TXT","etag":"0e654e11-7aa2-4d01-b404-098392661709","properties":{"fqdn":"longtxt.myzonex.com.","TTL":3600,"TXTRecords":[{"value":["012345678901234567890123456789012345678901234567890123456789012345678901234567890123456789012345678901234567890123456789012345678901234567890123456789012345678901234567890123456789012345678901234567890123456789012345678901234567890123456789012345678901234","56789012345678901234567890123456789012345678901234567890123456789012345678901234567890123456789012345678901234567890123456789012345678901234567890123456789012345678901234567890123456789012345678901234567890123456789012345678901234567890123456789"]}],"targetResource":{},"provisioningState":"Succeeded"}}'
    headers:
      cache-control:
      - private
      content-length:
      - '911'
      content-type:
      - application/json; charset=utf-8
      date:
      - Wed, 26 Apr 2023 05:06:24 GMT
      etag:
      - 0e654e11-7aa2-4d01-b404-098392661709
      server:
      - Microsoft-IIS/10.0
      strict-transport-security:
      - max-age=31536000; includeSubDomains
      x-content-type-options:
      - nosniff
      x-ms-ratelimit-remaining-subscription-resource-requests:
      - '11999'
      x-powered-by:
      - ASP.NET
    status:
      code: 201
      message: Created
- request:
    body: null
    headers:
      Accept:
      - application/json
      Accept-Encoding:
      - gzip, deflate
      CommandName:
      - network dns zone show
      Connection:
      - keep-alive
      ParameterSetName:
      - -n -g
      User-Agent:
      - AZURECLI/2.48.1 (PIP) azsdk-python-azure-mgmt-dns/8.0.0 Python/3.8.10 (Windows-10-10.0.19045-SP0)
    method: GET
    uri: https://management.azure.com/subscriptions/00000000-0000-0000-0000-000000000000/resourceGroups/cli_test_dns000001/providers/Microsoft.Network/dnsZones/myzonex.com?api-version=2018-05-01
  response:
    body:
      string: '{"id":"\/subscriptions\/00000000-0000-0000-0000-000000000000\/resourceGroups\/cli_test_dns000001\/providers\/Microsoft.Network\/dnszones\/myzonex.com","name":"myzonex.com","type":"Microsoft.Network\/dnszones","etag":"4e58e960-fd05-43f1-ba05-1daf68dbadd5","location":"global","tags":{},"properties":{"maxNumberOfRecordSets":10000,"maxNumberOfRecordsPerRecordSet":null,"nameServers":["ns1-01.azure-dns.com.","ns2-01.azure-dns.net.","ns3-01.azure-dns.org.","ns4-01.azure-dns.info."],"numberOfRecordSets":21,"zoneType":"Public"}}'
    headers:
      cache-control:
      - private
      content-length:
      - '525'
      content-type:
      - application/json; charset=utf-8
      date:
      - Wed, 26 Apr 2023 05:06:24 GMT
      etag:
      - 4e58e960-fd05-43f1-ba05-1daf68dbadd5
      server:
      - Microsoft-IIS/10.0
      strict-transport-security:
      - max-age=31536000; includeSubDomains
      transfer-encoding:
      - chunked
      vary:
      - Accept-Encoding
      x-content-type-options:
      - nosniff
      x-ms-ratelimit-remaining-subscription-resource-requests:
      - '499'
      x-powered-by:
      - ASP.NET
    status:
      code: 200
      message: OK
- request:
    body: null
    headers:
      Accept:
      - application/json
      Accept-Encoding:
      - gzip, deflate
      CommandName:
      - network dns record-set a show
      Connection:
      - keep-alive
      ParameterSetName:
      - -n -g --zone-name
      User-Agent:
      - AZURECLI/2.48.1 (PIP) azsdk-python-azure-mgmt-dns/8.0.0 Python/3.8.10 (Windows-10-10.0.19045-SP0)
    method: GET
    uri: https://management.azure.com/subscriptions/00000000-0000-0000-0000-000000000000/resourceGroups/cli_test_dns000001/providers/Microsoft.Network/dnsZones/myzonex.com/a/myrsa?api-version=2018-05-01
  response:
    body:
      string: '{"id":"\/subscriptions\/00000000-0000-0000-0000-000000000000\/resourceGroups\/cli_test_dns000001\/providers\/Microsoft.Network\/dnszones\/myzonex.com\/A\/myrsa","name":"myrsa","type":"Microsoft.Network\/dnszones\/A","etag":"375be692-b10a-4e2c-a3f4-bf6206147bba","properties":{"fqdn":"myrsa.myzonex.com.","TTL":3600,"ARecords":[{"ipv4Address":"10.0.0.10"},{"ipv4Address":"10.0.0.11"}],"targetResource":{},"provisioningState":"Succeeded"}}'
    headers:
      cache-control:
      - private
      content-length:
      - '437'
      content-type:
      - application/json; charset=utf-8
      date:
      - Wed, 26 Apr 2023 05:06:25 GMT
      etag:
      - 375be692-b10a-4e2c-a3f4-bf6206147bba
      server:
      - Microsoft-IIS/10.0
      strict-transport-security:
      - max-age=31536000; includeSubDomains
      transfer-encoding:
      - chunked
      vary:
      - Accept-Encoding
      x-content-type-options:
      - nosniff
      x-ms-ratelimit-remaining-subscription-resource-requests:
      - '499'
      x-powered-by:
      - ASP.NET
    status:
      code: 200
      message: OK
- request:
    body: null
    headers:
      Accept:
      - application/json
      Accept-Encoding:
      - gzip, deflate
      CommandName:
      - network dns record-set list
      Connection:
      - keep-alive
      ParameterSetName:
      - -g -z
      User-Agent:
      - AZURECLI/2.48.1 (PIP) (AAZ) azsdk-python-core/1.24.0 Python/3.8.10 (Windows-10-10.0.19045-SP0)
    method: GET
    uri: https://management.azure.com/subscriptions/00000000-0000-0000-0000-000000000000/resourceGroups/cli_test_dns000001/providers/Microsoft.Network/dnsZones/myzonex.com/recordsets?api-version=2018-05-01
  response:
    body:
      string: '{"value":[{"id":"\/subscriptions\/00000000-0000-0000-0000-000000000000\/resourceGroups\/cli_test_dns000001\/providers\/Microsoft.Network\/dnszones\/myzonex.com\/NS\/@","name":"@","type":"Microsoft.Network\/dnszones\/NS","etag":"86a3618e-82d6-4f36-8679-d857764c543c","properties":{"fqdn":"myzonex.com.","TTL":172800,"NSRecords":[{"nsdname":"ns1-01.azure-dns.com."},{"nsdname":"ns2-01.azure-dns.net."},{"nsdname":"ns3-01.azure-dns.org."},{"nsdname":"ns4-01.azure-dns.info."}],"targetResource":{},"provisioningState":"Succeeded"}},{"id":"\/subscriptions\/00000000-0000-0000-0000-000000000000\/resourceGroups\/cli_test_dns000001\/providers\/Microsoft.Network\/dnszones\/myzonex.com\/SOA\/@","name":"@","type":"Microsoft.Network\/dnszones\/SOA","etag":"51ef05b0-7882-439d-897e-d5983a8928d9","properties":{"fqdn":"myzonex.com.","TTL":3600,"SOARecord":{"email":"foo.com","expireTime":30,"host":"ns1-01.azure-dns.com.","minimumTTL":20,"refreshTime":60,"retryTime":90,"serialNumber":123},"targetResource":{},"provisioningState":"Succeeded"}},{"id":"\/subscriptions\/00000000-0000-0000-0000-000000000000\/resourceGroups\/cli_test_dns000001\/providers\/Microsoft.Network\/dnszones\/myzonex.com\/TXT\/longtxt","name":"longtxt","type":"Microsoft.Network\/dnszones\/TXT","etag":"0e654e11-7aa2-4d01-b404-098392661709","properties":{"fqdn":"longtxt.myzonex.com.","TTL":3600,"TXTRecords":[{"value":["012345678901234567890123456789012345678901234567890123456789012345678901234567890123456789012345678901234567890123456789012345678901234567890123456789012345678901234567890123456789012345678901234567890123456789012345678901234567890123456789012345678901234","56789012345678901234567890123456789012345678901234567890123456789012345678901234567890123456789012345678901234567890123456789012345678901234567890123456789012345678901234567890123456789012345678901234567890123456789012345678901234567890123456789"]}],"targetResource":{},"provisioningState":"Succeeded"}},{"id":"\/subscriptions\/00000000-0000-0000-0000-000000000000\/resourceGroups\/cli_test_dns000001\/providers\/Microsoft.Network\/dnszones\/myzonex.com\/A\/myrsa","name":"myrsa","type":"Microsoft.Network\/dnszones\/A","etag":"375be692-b10a-4e2c-a3f4-bf6206147bba","properties":{"fqdn":"myrsa.myzonex.com.","TTL":3600,"ARecords":[{"ipv4Address":"10.0.0.10"},{"ipv4Address":"10.0.0.11"}],"targetResource":{},"provisioningState":"Succeeded"}},{"id":"\/subscriptions\/00000000-0000-0000-0000-000000000000\/resourceGroups\/cli_test_dns000001\/providers\/Microsoft.Network\/dnszones\/myzonex.com\/AAAA\/myrsaaaa","name":"myrsaaaa","type":"Microsoft.Network\/dnszones\/AAAA","etag":"e617941b-1247-4f65-9fc9-e49ef4e4225e","properties":{"fqdn":"myrsaaaa.myzonex.com.","TTL":3600,"AAAARecords":[{"ipv6Address":"2001:db8:0:1:1:1:1:1"}],"targetResource":{},"provisioningState":"Succeeded"}},{"id":"\/subscriptions\/00000000-0000-0000-0000-000000000000\/resourceGroups\/cli_test_dns000001\/providers\/Microsoft.Network\/dnszones\/myzonex.com\/AAAA\/myrsaaaaalt","name":"myrsaaaaalt","type":"Microsoft.Network\/dnszones\/AAAA","etag":"c62ca6d3-5552-4df6-9ee7-ee5c785e4b37","properties":{"fqdn":"myrsaaaaalt.myzonex.com.","TTL":3600,"AAAARecords":[{"ipv6Address":"2001:db8:0:1:1:1:1:1"}],"targetResource":{},"provisioningState":"Succeeded"}},{"id":"\/subscriptions\/00000000-0000-0000-0000-000000000000\/resourceGroups\/cli_test_dns000001\/providers\/Microsoft.Network\/dnszones\/myzonex.com\/A\/myrsaalt","name":"myrsaalt","type":"Microsoft.Network\/dnszones\/A","etag":"d5d7d5e4-c8cf-49cc-aa5b-6cdd40c12284","properties":{"fqdn":"myrsaalt.myzonex.com.","TTL":3600,"ARecords":[{"ipv4Address":"10.0.0.10"}],"targetResource":{},"provisioningState":"Succeeded"}},{"id":"\/subscriptions\/00000000-0000-0000-0000-000000000000\/resourceGroups\/cli_test_dns000001\/providers\/Microsoft.Network\/dnszones\/myzonex.com\/CAA\/myrscaa","name":"myrscaa","type":"Microsoft.Network\/dnszones\/CAA","etag":"a879eb62-5ad9-49c5-8211-b542bfd52919","properties":{"fqdn":"myrscaa.myzonex.com.","TTL":3600,"caaRecords":[{"flags":0,"tag":"foo","value":"my
        value"}],"targetResource":{},"provisioningState":"Succeeded"}},{"id":"\/subscriptions\/00000000-0000-0000-0000-000000000000\/resourceGroups\/cli_test_dns000001\/providers\/Microsoft.Network\/dnszones\/myzonex.com\/CAA\/myrscaaalt","name":"myrscaaalt","type":"Microsoft.Network\/dnszones\/CAA","etag":"e7ee039d-2a8a-439c-8c1f-df2ba5ce36cb","properties":{"fqdn":"myrscaaalt.myzonex.com.","TTL":3600,"caaRecords":[{"flags":0,"tag":"foo","value":"my
        value"}],"targetResource":{},"provisioningState":"Succeeded"}},{"id":"\/subscriptions\/00000000-0000-0000-0000-000000000000\/resourceGroups\/cli_test_dns000001\/providers\/Microsoft.Network\/dnszones\/myzonex.com\/CNAME\/myrscname","name":"myrscname","type":"Microsoft.Network\/dnszones\/CNAME","etag":"66da880d-7688-4077-a585-0a455d2eb05e","properties":{"fqdn":"myrscname.myzonex.com.","TTL":3600,"CNAMERecord":{"cname":"mycname"},"targetResource":{},"provisioningState":"Succeeded"}},{"id":"\/subscriptions\/00000000-0000-0000-0000-000000000000\/resourceGroups\/cli_test_dns000001\/providers\/Microsoft.Network\/dnszones\/myzonex.com\/CNAME\/myrscnamealt","name":"myrscnamealt","type":"Microsoft.Network\/dnszones\/CNAME","etag":"b3020d7c-7ea3-443c-8cbb-4de294436f37","properties":{"fqdn":"myrscnamealt.myzonex.com.","TTL":3600,"CNAMERecord":{"cname":"mycname"},"targetResource":{},"provisioningState":"Succeeded"}},{"id":"\/subscriptions\/00000000-0000-0000-0000-000000000000\/resourceGroups\/cli_test_dns000001\/providers\/Microsoft.Network\/dnszones\/myzonex.com\/MX\/myrsmx","name":"myrsmx","type":"Microsoft.Network\/dnszones\/MX","etag":"d778b515-940e-482b-a316-47bef479f852","properties":{"fqdn":"myrsmx.myzonex.com.","TTL":3600,"MXRecords":[{"exchange":"12","preference":13}],"targetResource":{},"provisioningState":"Succeeded"}},{"id":"\/subscriptions\/00000000-0000-0000-0000-000000000000\/resourceGroups\/cli_test_dns000001\/providers\/Microsoft.Network\/dnszones\/myzonex.com\/MX\/myrsmxalt","name":"myrsmxalt","type":"Microsoft.Network\/dnszones\/MX","etag":"f18ba846-c471-4210-a8d6-5d35eddc41ca","properties":{"fqdn":"myrsmxalt.myzonex.com.","TTL":3600,"MXRecords":[{"exchange":"12","preference":13}],"targetResource":{},"provisioningState":"Succeeded"}},{"id":"\/subscriptions\/00000000-0000-0000-0000-000000000000\/resourceGroups\/cli_test_dns000001\/providers\/Microsoft.Network\/dnszones\/myzonex.com\/NS\/myrsns","name":"myrsns","type":"Microsoft.Network\/dnszones\/NS","etag":"2f36cf44-4b81-431d-9642-eac4f6f807de","properties":{"fqdn":"myrsns.myzonex.com.","TTL":3600,"NSRecords":[{"nsdname":"foobar.com"}],"targetResource":{},"provisioningState":"Succeeded"}},{"id":"\/subscriptions\/00000000-0000-0000-0000-000000000000\/resourceGroups\/cli_test_dns000001\/providers\/Microsoft.Network\/dnszones\/myzonex.com\/NS\/myrsnsalt","name":"myrsnsalt","type":"Microsoft.Network\/dnszones\/NS","etag":"cde77379-3a7b-40fc-9aef-520a0e3659a5","properties":{"fqdn":"myrsnsalt.myzonex.com.","TTL":3600,"NSRecords":[{"nsdname":"foobar.com"}],"targetResource":{},"provisioningState":"Succeeded"}},{"id":"\/subscriptions\/00000000-0000-0000-0000-000000000000\/resourceGroups\/cli_test_dns000001\/providers\/Microsoft.Network\/dnszones\/myzonex.com\/PTR\/myrsptr","name":"myrsptr","type":"Microsoft.Network\/dnszones\/PTR","etag":"a74a24bb-a64a-4647-8e73-661e168935ac","properties":{"fqdn":"myrsptr.myzonex.com.","TTL":3600,"PTRRecords":[{"ptrdname":"foobar.com"}],"targetResource":{},"provisioningState":"Succeeded"}},{"id":"\/subscriptions\/00000000-0000-0000-0000-000000000000\/resourceGroups\/cli_test_dns000001\/providers\/Microsoft.Network\/dnszones\/myzonex.com\/PTR\/myrsptralt","name":"myrsptralt","type":"Microsoft.Network\/dnszones\/PTR","etag":"e43dd203-a136-4c74-84d7-7e4ae8829d5b","properties":{"fqdn":"myrsptralt.myzonex.com.","TTL":3600,"PTRRecords":[{"ptrdname":"foobar.com"}],"targetResource":{},"provisioningState":"Succeeded"}},{"id":"\/subscriptions\/00000000-0000-0000-0000-000000000000\/resourceGroups\/cli_test_dns000001\/providers\/Microsoft.Network\/dnszones\/myzonex.com\/SRV\/myrssrv","name":"myrssrv","type":"Microsoft.Network\/dnszones\/SRV","etag":"215175ef-6849-4634-875b-c7188824957f","properties":{"fqdn":"myrssrv.myzonex.com.","TTL":3600,"SRVRecords":[{"port":1234,"priority":1,"target":"target.com","weight":50}],"targetResource":{},"provisioningState":"Succeeded"}},{"id":"\/subscriptions\/00000000-0000-0000-0000-000000000000\/resourceGroups\/cli_test_dns000001\/providers\/Microsoft.Network\/dnszones\/myzonex.com\/SRV\/myrssrvalt","name":"myrssrvalt","type":"Microsoft.Network\/dnszones\/SRV","etag":"a882ee43-e9b8-42fc-bd6a-d3903562608e","properties":{"fqdn":"myrssrvalt.myzonex.com.","TTL":3600,"SRVRecords":[{"port":1234,"priority":1,"target":"target.com","weight":50}],"targetResource":{},"provisioningState":"Succeeded"}},{"id":"\/subscriptions\/00000000-0000-0000-0000-000000000000\/resourceGroups\/cli_test_dns000001\/providers\/Microsoft.Network\/dnszones\/myzonex.com\/TXT\/myrstxt","name":"myrstxt","type":"Microsoft.Network\/dnszones\/TXT","etag":"4f481018-46aa-4cf2-b14f-1bb39c024535","properties":{"fqdn":"myrstxt.myzonex.com.","TTL":3600,"TXTRecords":[{"value":["some_text"]}],"targetResource":{},"provisioningState":"Succeeded"}},{"id":"\/subscriptions\/00000000-0000-0000-0000-000000000000\/resourceGroups\/cli_test_dns000001\/providers\/Microsoft.Network\/dnszones\/myzonex.com\/TXT\/myrstxtalt","name":"myrstxtalt","type":"Microsoft.Network\/dnszones\/TXT","etag":"f69ccb47-33ae-4357-bea4-7222f1b937c4","properties":{"fqdn":"myrstxtalt.myzonex.com.","TTL":3600,"TXTRecords":[{"value":["some_text"]}],"targetResource":{},"provisioningState":"Succeeded"}}]}'
    headers:
      cache-control:
      - private
      content-length:
      - '9729'
      content-type:
      - application/json; charset=utf-8
      date:
      - Wed, 26 Apr 2023 05:06:27 GMT
      server:
      - Microsoft-IIS/10.0
      strict-transport-security:
      - max-age=31536000; includeSubDomains
      transfer-encoding:
      - chunked
      vary:
      - Accept-Encoding
      x-content-type-options:
      - nosniff
      x-ms-ratelimit-remaining-subscription-resource-entities-read:
      - '59979'
      x-ms-ratelimit-remaining-subscription-resource-requests:
      - '499'
      x-powered-by:
      - ASP.NET
    status:
      code: 200
      message: OK
- request:
    body: null
    headers:
      Accept:
      - application/json
      Accept-Encoding:
      - gzip, deflate
      CommandName:
      - network dns record-set txt list
      Connection:
      - keep-alive
      ParameterSetName:
      - -g -z
      User-Agent:
      - AZURECLI/2.48.1 (PIP) (AAZ) azsdk-python-core/1.24.0 Python/3.8.10 (Windows-10-10.0.19045-SP0)
    method: GET
    uri: https://management.azure.com/subscriptions/00000000-0000-0000-0000-000000000000/resourceGroups/cli_test_dns000001/providers/Microsoft.Network/dnsZones/myzonex.com/txt?api-version=2018-05-01
  response:
    body:
      string: '{"value":[{"id":"\/subscriptions\/00000000-0000-0000-0000-000000000000\/resourceGroups\/cli_test_dns000001\/providers\/Microsoft.Network\/dnszones\/myzonex.com\/TXT\/longtxt","name":"longtxt","type":"Microsoft.Network\/dnszones\/TXT","etag":"0e654e11-7aa2-4d01-b404-098392661709","properties":{"fqdn":"longtxt.myzonex.com.","TTL":3600,"TXTRecords":[{"value":["012345678901234567890123456789012345678901234567890123456789012345678901234567890123456789012345678901234567890123456789012345678901234567890123456789012345678901234567890123456789012345678901234567890123456789012345678901234567890123456789012345678901234","56789012345678901234567890123456789012345678901234567890123456789012345678901234567890123456789012345678901234567890123456789012345678901234567890123456789012345678901234567890123456789012345678901234567890123456789012345678901234567890123456789"]}],"targetResource":{},"provisioningState":"Succeeded"}},{"id":"\/subscriptions\/00000000-0000-0000-0000-000000000000\/resourceGroups\/cli_test_dns000001\/providers\/Microsoft.Network\/dnszones\/myzonex.com\/TXT\/myrstxt","name":"myrstxt","type":"Microsoft.Network\/dnszones\/TXT","etag":"4f481018-46aa-4cf2-b14f-1bb39c024535","properties":{"fqdn":"myrstxt.myzonex.com.","TTL":3600,"TXTRecords":[{"value":["some_text"]}],"targetResource":{},"provisioningState":"Succeeded"}},{"id":"\/subscriptions\/00000000-0000-0000-0000-000000000000\/resourceGroups\/cli_test_dns000001\/providers\/Microsoft.Network\/dnszones\/myzonex.com\/TXT\/myrstxtalt","name":"myrstxtalt","type":"Microsoft.Network\/dnszones\/TXT","etag":"f69ccb47-33ae-4357-bea4-7222f1b937c4","properties":{"fqdn":"myrstxtalt.myzonex.com.","TTL":3600,"TXTRecords":[{"value":["some_text"]}],"targetResource":{},"provisioningState":"Succeeded"}}]}'
    headers:
      cache-control:
      - private
      content-length:
      - '1768'
      content-type:
      - application/json; charset=utf-8
      date:
      - Wed, 26 Apr 2023 05:06:27 GMT
      server:
      - Microsoft-IIS/10.0
      strict-transport-security:
      - max-age=31536000; includeSubDomains
      transfer-encoding:
      - chunked
      vary:
      - Accept-Encoding
      x-content-type-options:
      - nosniff
      x-ms-ratelimit-remaining-subscription-resource-entities-read:
      - '59997'
      x-ms-ratelimit-remaining-subscription-resource-requests:
      - '499'
      x-powered-by:
      - ASP.NET
    status:
      code: 200
      message: OK
- request:
    body: null
    headers:
      Accept:
      - application/json
      Accept-Encoding:
      - gzip, deflate
      CommandName:
      - network dns record-set a remove-record
      Connection:
      - keep-alive
      ParameterSetName:
      - -g --zone-name --record-set-name --ipv4-address
      User-Agent:
      - AZURECLI/2.48.1 (PIP) (AAZ) azsdk-python-core/1.24.0 Python/3.8.10 (Windows-10-10.0.19045-SP0)
    method: GET
    uri: https://management.azure.com/subscriptions/00000000-0000-0000-0000-000000000000/resourceGroups/cli_test_dns000001/providers/Microsoft.Network/dnsZones/myzonex.com/a/myrsa?api-version=2018-05-01
  response:
    body:
      string: '{"id":"\/subscriptions\/00000000-0000-0000-0000-000000000000\/resourceGroups\/cli_test_dns000001\/providers\/Microsoft.Network\/dnszones\/myzonex.com\/A\/myrsa","name":"myrsa","type":"Microsoft.Network\/dnszones\/A","etag":"375be692-b10a-4e2c-a3f4-bf6206147bba","properties":{"fqdn":"myrsa.myzonex.com.","TTL":3600,"ARecords":[{"ipv4Address":"10.0.0.10"},{"ipv4Address":"10.0.0.11"}],"targetResource":{},"provisioningState":"Succeeded"}}'
    headers:
      cache-control:
      - private
      content-length:
      - '437'
      content-type:
      - application/json; charset=utf-8
      date:
      - Wed, 26 Apr 2023 05:06:28 GMT
      etag:
      - 375be692-b10a-4e2c-a3f4-bf6206147bba
      server:
      - Microsoft-IIS/10.0
      strict-transport-security:
      - max-age=31536000; includeSubDomains
      transfer-encoding:
      - chunked
      vary:
      - Accept-Encoding
      x-content-type-options:
      - nosniff
      x-ms-ratelimit-remaining-subscription-resource-requests:
      - '499'
      x-powered-by:
      - ASP.NET
    status:
      code: 200
      message: OK
- request:
    body: null
    headers:
      Accept:
      - application/json
      Accept-Encoding:
      - gzip, deflate
      CommandName:
      - network dns record-set a remove-record
      Connection:
      - keep-alive
      ParameterSetName:
      - -g --zone-name --record-set-name --ipv4-address
      User-Agent:
      - AZURECLI/2.48.1 (PIP) (AAZ) azsdk-python-core/1.24.0 Python/3.8.10 (Windows-10-10.0.19045-SP0)
    method: GET
    uri: https://management.azure.com/subscriptions/00000000-0000-0000-0000-000000000000/resourceGroups/cli_test_dns000001/providers/Microsoft.Network/dnsZones/myzonex.com/a/myrsa?api-version=2018-05-01
  response:
    body:
      string: '{"id":"\/subscriptions\/00000000-0000-0000-0000-000000000000\/resourceGroups\/cli_test_dns000001\/providers\/Microsoft.Network\/dnszones\/myzonex.com\/A\/myrsa","name":"myrsa","type":"Microsoft.Network\/dnszones\/A","etag":"375be692-b10a-4e2c-a3f4-bf6206147bba","properties":{"fqdn":"myrsa.myzonex.com.","TTL":3600,"ARecords":[{"ipv4Address":"10.0.0.10"},{"ipv4Address":"10.0.0.11"}],"targetResource":{},"provisioningState":"Succeeded"}}'
    headers:
      cache-control:
      - private
      content-length:
      - '437'
      content-type:
      - application/json; charset=utf-8
      date:
      - Wed, 26 Apr 2023 05:06:30 GMT
      etag:
      - 375be692-b10a-4e2c-a3f4-bf6206147bba
      server:
      - Microsoft-IIS/10.0
      strict-transport-security:
      - max-age=31536000; includeSubDomains
      transfer-encoding:
      - chunked
      vary:
      - Accept-Encoding
      x-content-type-options:
      - nosniff
      x-ms-ratelimit-remaining-subscription-resource-requests:
      - '499'
      x-powered-by:
      - ASP.NET
    status:
      code: 200
      message: OK
- request:
    body: '{"etag": "375be692-b10a-4e2c-a3f4-bf6206147bba", "properties": {"ARecords":
      [{"ipv4Address": "10.0.0.11"}], "TTL": 3600, "targetResource": {}}}'
    headers:
      Accept:
      - application/json
      Accept-Encoding:
      - gzip, deflate
      CommandName:
      - network dns record-set a remove-record
      Connection:
      - keep-alive
      Content-Length:
      - '143'
      Content-Type:
      - application/json
      ParameterSetName:
      - -g --zone-name --record-set-name --ipv4-address
      User-Agent:
      - AZURECLI/2.48.1 (PIP) (AAZ) azsdk-python-core/1.24.0 Python/3.8.10 (Windows-10-10.0.19045-SP0)
    method: PUT
    uri: https://management.azure.com/subscriptions/00000000-0000-0000-0000-000000000000/resourceGroups/cli_test_dns000001/providers/Microsoft.Network/dnsZones/myzonex.com/a/myrsa?api-version=2018-05-01
  response:
    body:
      string: '{"id":"\/subscriptions\/00000000-0000-0000-0000-000000000000\/resourceGroups\/cli_test_dns000001\/providers\/Microsoft.Network\/dnszones\/myzonex.com\/A\/myrsa","name":"myrsa","type":"Microsoft.Network\/dnszones\/A","etag":"8c34e282-65ea-4d59-8bb8-1a9e68357f63","properties":{"fqdn":"myrsa.myzonex.com.","TTL":3600,"ARecords":[{"ipv4Address":"10.0.0.11"}],"targetResource":{},"provisioningState":"Succeeded"}}'
    headers:
      cache-control:
      - private
      content-length:
      - '409'
      content-type:
      - application/json; charset=utf-8
      date:
      - Wed, 26 Apr 2023 05:06:32 GMT
      etag:
      - 8c34e282-65ea-4d59-8bb8-1a9e68357f63
      server:
      - Microsoft-IIS/10.0
      strict-transport-security:
      - max-age=31536000; includeSubDomains
      transfer-encoding:
      - chunked
      vary:
      - Accept-Encoding
      x-content-type-options:
      - nosniff
      x-ms-ratelimit-remaining-subscription-resource-requests:
      - '11999'
      x-powered-by:
      - ASP.NET
    status:
      code: 200
      message: OK
- request:
    body: null
    headers:
      Accept:
      - application/json
      Accept-Encoding:
      - gzip, deflate
      CommandName:
      - network dns record-set aaaa remove-record
      Connection:
      - keep-alive
      ParameterSetName:
      - -g --zone-name --record-set-name --ipv6-address
      User-Agent:
      - AZURECLI/2.48.1 (PIP) (AAZ) azsdk-python-core/1.24.0 Python/3.8.10 (Windows-10-10.0.19045-SP0)
    method: GET
    uri: https://management.azure.com/subscriptions/00000000-0000-0000-0000-000000000000/resourceGroups/cli_test_dns000001/providers/Microsoft.Network/dnsZones/myzonex.com/aaaa/myrsaaaa?api-version=2018-05-01
  response:
    body:
      string: '{"id":"\/subscriptions\/00000000-0000-0000-0000-000000000000\/resourceGroups\/cli_test_dns000001\/providers\/Microsoft.Network\/dnszones\/myzonex.com\/AAAA\/myrsaaaa","name":"myrsaaaa","type":"Microsoft.Network\/dnszones\/AAAA","etag":"e617941b-1247-4f65-9fc9-e49ef4e4225e","properties":{"fqdn":"myrsaaaa.myzonex.com.","TTL":3600,"AAAARecords":[{"ipv6Address":"2001:db8:0:1:1:1:1:1"}],"targetResource":{},"provisioningState":"Succeeded"}}'
    headers:
      cache-control:
      - private
      content-length:
      - '438'
      content-type:
      - application/json; charset=utf-8
      date:
      - Wed, 26 Apr 2023 05:06:33 GMT
      etag:
      - e617941b-1247-4f65-9fc9-e49ef4e4225e
      server:
      - Microsoft-IIS/10.0
      strict-transport-security:
      - max-age=31536000; includeSubDomains
      transfer-encoding:
      - chunked
      vary:
      - Accept-Encoding
      x-content-type-options:
      - nosniff
      x-ms-ratelimit-remaining-subscription-resource-requests:
      - '499'
      x-powered-by:
      - ASP.NET
    status:
      code: 200
      message: OK
- request:
    body: null
    headers:
      Accept:
      - '*/*'
      Accept-Encoding:
      - gzip, deflate
      CommandName:
      - network dns record-set aaaa remove-record
      Connection:
      - keep-alive
      Content-Length:
      - '0'
      ParameterSetName:
      - -g --zone-name --record-set-name --ipv6-address
      User-Agent:
      - AZURECLI/2.48.1 (PIP) (AAZ) azsdk-python-core/1.24.0 Python/3.8.10 (Windows-10-10.0.19045-SP0)
    method: DELETE
    uri: https://management.azure.com/subscriptions/00000000-0000-0000-0000-000000000000/resourceGroups/cli_test_dns000001/providers/Microsoft.Network/dnsZones/myzonex.com/aaaa/myrsaaaa?api-version=2018-05-01
  response:
    body:
      string: ''
    headers:
      cache-control:
      - private
      content-length:
      - '0'
      date:
      - Wed, 26 Apr 2023 05:06:35 GMT
      server:
      - Microsoft-IIS/10.0
      strict-transport-security:
      - max-age=31536000; includeSubDomains
      x-content-type-options:
      - nosniff
      x-ms-ratelimit-remaining-subscription-resource-requests:
      - '11999'
      x-powered-by:
      - ASP.NET
    status:
      code: 200
      message: OK
- request:
    body: null
    headers:
      Accept:
      - application/json
      Accept-Encoding:
      - gzip, deflate
      CommandName:
      - network dns record-set caa remove-record
      Connection:
      - keep-alive
      ParameterSetName:
      - -g --zone-name --record-set-name --flags --tag --value
      User-Agent:
      - AZURECLI/2.48.1 (PIP) (AAZ) azsdk-python-core/1.24.0 Python/3.8.10 (Windows-10-10.0.19045-SP0)
    method: GET
    uri: https://management.azure.com/subscriptions/00000000-0000-0000-0000-000000000000/resourceGroups/cli_test_dns000001/providers/Microsoft.Network/dnsZones/myzonex.com/caa/myrscaa?api-version=2018-05-01
  response:
    body:
      string: '{"id":"\/subscriptions\/00000000-0000-0000-0000-000000000000\/resourceGroups\/cli_test_dns000001\/providers\/Microsoft.Network\/dnszones\/myzonex.com\/CAA\/myrscaa","name":"myrscaa","type":"Microsoft.Network\/dnszones\/CAA","etag":"a879eb62-5ad9-49c5-8211-b542bfd52919","properties":{"fqdn":"myrscaa.myzonex.com.","TTL":3600,"caaRecords":[{"flags":0,"tag":"foo","value":"my
        value"}],"targetResource":{},"provisioningState":"Succeeded"}}'
    headers:
      cache-control:
      - private
      content-length:
      - '436'
      content-type:
      - application/json; charset=utf-8
      date:
      - Wed, 26 Apr 2023 05:06:38 GMT
      etag:
      - a879eb62-5ad9-49c5-8211-b542bfd52919
      server:
      - Microsoft-IIS/10.0
      strict-transport-security:
      - max-age=31536000; includeSubDomains
      transfer-encoding:
      - chunked
      vary:
      - Accept-Encoding
      x-content-type-options:
      - nosniff
      x-ms-ratelimit-remaining-subscription-resource-requests:
      - '499'
      x-powered-by:
      - ASP.NET
    status:
      code: 200
      message: OK
- request:
    body: null
    headers:
      Accept:
      - '*/*'
      Accept-Encoding:
      - gzip, deflate
      CommandName:
      - network dns record-set caa remove-record
      Connection:
      - keep-alive
      Content-Length:
      - '0'
      ParameterSetName:
      - -g --zone-name --record-set-name --flags --tag --value
      User-Agent:
      - AZURECLI/2.48.1 (PIP) (AAZ) azsdk-python-core/1.24.0 Python/3.8.10 (Windows-10-10.0.19045-SP0)
    method: DELETE
    uri: https://management.azure.com/subscriptions/00000000-0000-0000-0000-000000000000/resourceGroups/cli_test_dns000001/providers/Microsoft.Network/dnsZones/myzonex.com/caa/myrscaa?api-version=2018-05-01
  response:
    body:
      string: ''
    headers:
      cache-control:
      - private
      content-length:
      - '0'
      date:
      - Wed, 26 Apr 2023 05:06:38 GMT
      server:
      - Microsoft-IIS/10.0
      strict-transport-security:
      - max-age=31536000; includeSubDomains
      x-content-type-options:
      - nosniff
      x-ms-ratelimit-remaining-subscription-resource-requests:
      - '11999'
      x-powered-by:
      - ASP.NET
    status:
      code: 200
      message: OK
- request:
    body: null
    headers:
      Accept:
      - application/json
      Accept-Encoding:
      - gzip, deflate
      CommandName:
      - network dns record-set cname remove-record
      Connection:
      - keep-alive
      ParameterSetName:
      - -g --zone-name --record-set-name --cname
      User-Agent:
      - AZURECLI/2.48.1 (PIP) (AAZ) azsdk-python-core/1.24.0 Python/3.8.10 (Windows-10-10.0.19045-SP0)
    method: GET
    uri: https://management.azure.com/subscriptions/00000000-0000-0000-0000-000000000000/resourceGroups/cli_test_dns000001/providers/Microsoft.Network/dnsZones/myzonex.com/cname/myrscname?api-version=2018-05-01
  response:
    body:
      string: '{"id":"\/subscriptions\/00000000-0000-0000-0000-000000000000\/resourceGroups\/cli_test_dns000001\/providers\/Microsoft.Network\/dnszones\/myzonex.com\/CNAME\/myrscname","name":"myrscname","type":"Microsoft.Network\/dnszones\/CNAME","etag":"66da880d-7688-4077-a585-0a455d2eb05e","properties":{"fqdn":"myrscname.myzonex.com.","TTL":3600,"CNAMERecord":{"cname":"mycname"},"targetResource":{},"provisioningState":"Succeeded"}}'
    headers:
      cache-control:
      - private
      content-length:
      - '422'
      content-type:
      - application/json; charset=utf-8
      date:
      - Wed, 26 Apr 2023 05:06:40 GMT
      etag:
      - 66da880d-7688-4077-a585-0a455d2eb05e
      server:
      - Microsoft-IIS/10.0
      strict-transport-security:
      - max-age=31536000; includeSubDomains
      transfer-encoding:
      - chunked
      vary:
      - Accept-Encoding
      x-content-type-options:
      - nosniff
      x-ms-ratelimit-remaining-subscription-resource-requests:
      - '499'
      x-powered-by:
      - ASP.NET
    status:
      code: 200
      message: OK
- request:
    body: null
    headers:
      Accept:
      - '*/*'
      Accept-Encoding:
      - gzip, deflate
      CommandName:
      - network dns record-set cname remove-record
      Connection:
      - keep-alive
      Content-Length:
      - '0'
      ParameterSetName:
      - -g --zone-name --record-set-name --cname
      User-Agent:
      - AZURECLI/2.48.1 (PIP) (AAZ) azsdk-python-core/1.24.0 Python/3.8.10 (Windows-10-10.0.19045-SP0)
    method: DELETE
    uri: https://management.azure.com/subscriptions/00000000-0000-0000-0000-000000000000/resourceGroups/cli_test_dns000001/providers/Microsoft.Network/dnsZones/myzonex.com/cname/myrscname?api-version=2018-05-01
  response:
    body:
      string: ''
    headers:
      cache-control:
      - private
      content-length:
      - '0'
      date:
      - Wed, 26 Apr 2023 05:06:43 GMT
      server:
      - Microsoft-IIS/10.0
      strict-transport-security:
      - max-age=31536000; includeSubDomains
      x-content-type-options:
      - nosniff
      x-ms-ratelimit-remaining-subscription-resource-requests:
      - '11999'
      x-powered-by:
      - ASP.NET
    status:
      code: 200
      message: OK
- request:
    body: null
    headers:
      Accept:
      - application/json
      Accept-Encoding:
      - gzip, deflate
      CommandName:
      - network dns record-set mx remove-record
      Connection:
      - keep-alive
      ParameterSetName:
      - -g --zone-name --record-set-name --exchange --preference
      User-Agent:
      - AZURECLI/2.48.1 (PIP) (AAZ) azsdk-python-core/1.24.0 Python/3.8.10 (Windows-10-10.0.19045-SP0)
    method: GET
    uri: https://management.azure.com/subscriptions/00000000-0000-0000-0000-000000000000/resourceGroups/cli_test_dns000001/providers/Microsoft.Network/dnsZones/myzonex.com/mx/myrsmx?api-version=2018-05-01
  response:
    body:
      string: '{"id":"\/subscriptions\/00000000-0000-0000-0000-000000000000\/resourceGroups\/cli_test_dns000001\/providers\/Microsoft.Network\/dnszones\/myzonex.com\/MX\/myrsmx","name":"myrsmx","type":"Microsoft.Network\/dnszones\/MX","etag":"d778b515-940e-482b-a316-47bef479f852","properties":{"fqdn":"myrsmx.myzonex.com.","TTL":3600,"MXRecords":[{"exchange":"12","preference":13}],"targetResource":{},"provisioningState":"Succeeded"}}'
    headers:
      cache-control:
      - private
      content-length:
      - '421'
      content-type:
      - application/json; charset=utf-8
      date:
      - Wed, 26 Apr 2023 05:06:43 GMT
      etag:
      - d778b515-940e-482b-a316-47bef479f852
      server:
      - Microsoft-IIS/10.0
      strict-transport-security:
      - max-age=31536000; includeSubDomains
      transfer-encoding:
      - chunked
      vary:
      - Accept-Encoding
      x-content-type-options:
      - nosniff
      x-ms-ratelimit-remaining-subscription-resource-requests:
      - '499'
      x-powered-by:
      - ASP.NET
    status:
      code: 200
      message: OK
- request:
    body: null
    headers:
      Accept:
      - '*/*'
      Accept-Encoding:
      - gzip, deflate
      CommandName:
      - network dns record-set mx remove-record
      Connection:
      - keep-alive
      Content-Length:
      - '0'
      ParameterSetName:
      - -g --zone-name --record-set-name --exchange --preference
      User-Agent:
      - AZURECLI/2.48.1 (PIP) (AAZ) azsdk-python-core/1.24.0 Python/3.8.10 (Windows-10-10.0.19045-SP0)
    method: DELETE
    uri: https://management.azure.com/subscriptions/00000000-0000-0000-0000-000000000000/resourceGroups/cli_test_dns000001/providers/Microsoft.Network/dnsZones/myzonex.com/mx/myrsmx?api-version=2018-05-01
  response:
    body:
      string: ''
    headers:
      cache-control:
      - private
      content-length:
      - '0'
      date:
      - Wed, 26 Apr 2023 05:06:45 GMT
      server:
      - Microsoft-IIS/10.0
      strict-transport-security:
      - max-age=31536000; includeSubDomains
      x-content-type-options:
      - nosniff
      x-ms-ratelimit-remaining-subscription-resource-requests:
      - '11999'
      x-powered-by:
      - ASP.NET
    status:
      code: 200
      message: OK
- request:
    body: null
    headers:
      Accept:
      - application/json
      Accept-Encoding:
      - gzip, deflate
      CommandName:
      - network dns record-set ns remove-record
      Connection:
      - keep-alive
      ParameterSetName:
      - -g --zone-name --record-set-name --nsdname
      User-Agent:
      - AZURECLI/2.48.1 (PIP) (AAZ) azsdk-python-core/1.24.0 Python/3.8.10 (Windows-10-10.0.19045-SP0)
    method: GET
    uri: https://management.azure.com/subscriptions/00000000-0000-0000-0000-000000000000/resourceGroups/cli_test_dns000001/providers/Microsoft.Network/dnsZones/myzonex.com/ns/myrsns?api-version=2018-05-01
  response:
    body:
      string: '{"id":"\/subscriptions\/00000000-0000-0000-0000-000000000000\/resourceGroups\/cli_test_dns000001\/providers\/Microsoft.Network\/dnszones\/myzonex.com\/NS\/myrsns","name":"myrsns","type":"Microsoft.Network\/dnszones\/NS","etag":"2f36cf44-4b81-431d-9642-eac4f6f807de","properties":{"fqdn":"myrsns.myzonex.com.","TTL":3600,"NSRecords":[{"nsdname":"foobar.com"}],"targetResource":{},"provisioningState":"Succeeded"}}'
    headers:
      cache-control:
      - private
      content-length:
      - '412'
      content-type:
      - application/json; charset=utf-8
      date:
      - Wed, 26 Apr 2023 05:06:46 GMT
      etag:
      - 2f36cf44-4b81-431d-9642-eac4f6f807de
      server:
      - Microsoft-IIS/10.0
      strict-transport-security:
      - max-age=31536000; includeSubDomains
      transfer-encoding:
      - chunked
      vary:
      - Accept-Encoding
      x-content-type-options:
      - nosniff
      x-ms-ratelimit-remaining-subscription-resource-requests:
      - '499'
      x-powered-by:
      - ASP.NET
    status:
      code: 200
      message: OK
- request:
    body: null
    headers:
      Accept:
      - '*/*'
      Accept-Encoding:
      - gzip, deflate
      CommandName:
      - network dns record-set ns remove-record
      Connection:
      - keep-alive
      Content-Length:
      - '0'
      ParameterSetName:
      - -g --zone-name --record-set-name --nsdname
      User-Agent:
      - AZURECLI/2.48.1 (PIP) (AAZ) azsdk-python-core/1.24.0 Python/3.8.10 (Windows-10-10.0.19045-SP0)
    method: DELETE
    uri: https://management.azure.com/subscriptions/00000000-0000-0000-0000-000000000000/resourceGroups/cli_test_dns000001/providers/Microsoft.Network/dnsZones/myzonex.com/ns/myrsns?api-version=2018-05-01
  response:
    body:
      string: ''
    headers:
      cache-control:
      - private
      content-length:
      - '0'
      date:
      - Wed, 26 Apr 2023 05:06:48 GMT
      server:
      - Microsoft-IIS/10.0
      strict-transport-security:
      - max-age=31536000; includeSubDomains
      x-content-type-options:
      - nosniff
      x-ms-ratelimit-remaining-subscription-resource-requests:
      - '11999'
      x-powered-by:
      - ASP.NET
    status:
      code: 200
      message: OK
- request:
    body: null
    headers:
      Accept:
      - application/json
      Accept-Encoding:
      - gzip, deflate
      CommandName:
      - network dns record-set ptr remove-record
      Connection:
      - keep-alive
      ParameterSetName:
      - -g --zone-name --record-set-name --ptrdname
      User-Agent:
      - AZURECLI/2.48.1 (PIP) (AAZ) azsdk-python-core/1.24.0 Python/3.8.10 (Windows-10-10.0.19045-SP0)
    method: GET
    uri: https://management.azure.com/subscriptions/00000000-0000-0000-0000-000000000000/resourceGroups/cli_test_dns000001/providers/Microsoft.Network/dnsZones/myzonex.com/ptr/myrsptr?api-version=2018-05-01
  response:
    body:
      string: '{"id":"\/subscriptions\/00000000-0000-0000-0000-000000000000\/resourceGroups\/cli_test_dns000001\/providers\/Microsoft.Network\/dnszones\/myzonex.com\/PTR\/myrsptr","name":"myrsptr","type":"Microsoft.Network\/dnszones\/PTR","etag":"a74a24bb-a64a-4647-8e73-661e168935ac","properties":{"fqdn":"myrsptr.myzonex.com.","TTL":3600,"PTRRecords":[{"ptrdname":"foobar.com"}],"targetResource":{},"provisioningState":"Succeeded"}}'
    headers:
      cache-control:
      - private
      content-length:
      - '419'
      content-type:
      - application/json; charset=utf-8
      date:
      - Wed, 26 Apr 2023 05:06:50 GMT
      etag:
      - a74a24bb-a64a-4647-8e73-661e168935ac
      server:
      - Microsoft-IIS/10.0
      strict-transport-security:
      - max-age=31536000; includeSubDomains
      transfer-encoding:
      - chunked
      vary:
      - Accept-Encoding
      x-content-type-options:
      - nosniff
      x-ms-ratelimit-remaining-subscription-resource-requests:
      - '499'
      x-powered-by:
      - ASP.NET
    status:
      code: 200
      message: OK
- request:
    body: null
    headers:
      Accept:
      - '*/*'
      Accept-Encoding:
      - gzip, deflate
      CommandName:
      - network dns record-set ptr remove-record
      Connection:
      - keep-alive
      Content-Length:
      - '0'
      ParameterSetName:
      - -g --zone-name --record-set-name --ptrdname
      User-Agent:
      - AZURECLI/2.48.1 (PIP) (AAZ) azsdk-python-core/1.24.0 Python/3.8.10 (Windows-10-10.0.19045-SP0)
    method: DELETE
    uri: https://management.azure.com/subscriptions/00000000-0000-0000-0000-000000000000/resourceGroups/cli_test_dns000001/providers/Microsoft.Network/dnsZones/myzonex.com/ptr/myrsptr?api-version=2018-05-01
  response:
    body:
      string: ''
    headers:
      cache-control:
      - private
      content-length:
      - '0'
      date:
      - Wed, 26 Apr 2023 05:06:51 GMT
      server:
      - Microsoft-IIS/10.0
      strict-transport-security:
      - max-age=31536000; includeSubDomains
      x-content-type-options:
      - nosniff
      x-ms-ratelimit-remaining-subscription-resource-requests:
      - '11999'
      x-powered-by:
      - ASP.NET
    status:
      code: 200
      message: OK
- request:
    body: null
    headers:
      Accept:
      - application/json
      Accept-Encoding:
      - gzip, deflate
      CommandName:
      - network dns record-set srv remove-record
      Connection:
      - keep-alive
      ParameterSetName:
      - -g --zone-name --record-set-name --port --priority --target --weight
      User-Agent:
      - AZURECLI/2.48.1 (PIP) (AAZ) azsdk-python-core/1.24.0 Python/3.8.10 (Windows-10-10.0.19045-SP0)
    method: GET
    uri: https://management.azure.com/subscriptions/00000000-0000-0000-0000-000000000000/resourceGroups/cli_test_dns000001/providers/Microsoft.Network/dnsZones/myzonex.com/srv/myrssrv?api-version=2018-05-01
  response:
    body:
      string: '{"id":"\/subscriptions\/00000000-0000-0000-0000-000000000000\/resourceGroups\/cli_test_dns000001\/providers\/Microsoft.Network\/dnszones\/myzonex.com\/SRV\/myrssrv","name":"myrssrv","type":"Microsoft.Network\/dnszones\/SRV","etag":"215175ef-6849-4634-875b-c7188824957f","properties":{"fqdn":"myrssrv.myzonex.com.","TTL":3600,"SRVRecords":[{"port":1234,"priority":1,"target":"target.com","weight":50}],"targetResource":{},"provisioningState":"Succeeded"}}'
    headers:
      cache-control:
      - private
      content-length:
      - '454'
      content-type:
      - application/json; charset=utf-8
      date:
      - Wed, 26 Apr 2023 05:06:52 GMT
      etag:
      - 215175ef-6849-4634-875b-c7188824957f
      server:
      - Microsoft-IIS/10.0
      strict-transport-security:
      - max-age=31536000; includeSubDomains
      transfer-encoding:
      - chunked
      vary:
      - Accept-Encoding
      x-content-type-options:
      - nosniff
      x-ms-ratelimit-remaining-subscription-resource-requests:
      - '499'
      x-powered-by:
      - ASP.NET
    status:
      code: 200
      message: OK
- request:
    body: null
    headers:
      Accept:
      - '*/*'
      Accept-Encoding:
      - gzip, deflate
      CommandName:
      - network dns record-set srv remove-record
      Connection:
      - keep-alive
      Content-Length:
      - '0'
      ParameterSetName:
      - -g --zone-name --record-set-name --port --priority --target --weight
      User-Agent:
      - AZURECLI/2.48.1 (PIP) (AAZ) azsdk-python-core/1.24.0 Python/3.8.10 (Windows-10-10.0.19045-SP0)
    method: DELETE
    uri: https://management.azure.com/subscriptions/00000000-0000-0000-0000-000000000000/resourceGroups/cli_test_dns000001/providers/Microsoft.Network/dnsZones/myzonex.com/srv/myrssrv?api-version=2018-05-01
  response:
    body:
      string: ''
    headers:
      cache-control:
      - private
      content-length:
      - '0'
      date:
      - Wed, 26 Apr 2023 05:06:55 GMT
      server:
      - Microsoft-IIS/10.0
      strict-transport-security:
      - max-age=31536000; includeSubDomains
      x-content-type-options:
      - nosniff
      x-ms-ratelimit-remaining-subscription-resource-requests:
      - '11999'
      x-powered-by:
      - ASP.NET
    status:
      code: 200
      message: OK
- request:
    body: null
    headers:
      Accept:
      - application/json
      Accept-Encoding:
      - gzip, deflate
      CommandName:
      - network dns record-set txt remove-record
      Connection:
      - keep-alive
      ParameterSetName:
      - -g --zone-name --record-set-name --value
      User-Agent:
      - AZURECLI/2.48.1 (PIP) (AAZ) azsdk-python-core/1.24.0 Python/3.8.10 (Windows-10-10.0.19045-SP0)
    method: GET
    uri: https://management.azure.com/subscriptions/00000000-0000-0000-0000-000000000000/resourceGroups/cli_test_dns000001/providers/Microsoft.Network/dnsZones/myzonex.com/txt/myrstxt?api-version=2018-05-01
  response:
    body:
      string: '{"id":"\/subscriptions\/00000000-0000-0000-0000-000000000000\/resourceGroups\/cli_test_dns000001\/providers\/Microsoft.Network\/dnszones\/myzonex.com\/TXT\/myrstxt","name":"myrstxt","type":"Microsoft.Network\/dnszones\/TXT","etag":"4f481018-46aa-4cf2-b14f-1bb39c024535","properties":{"fqdn":"myrstxt.myzonex.com.","TTL":3600,"TXTRecords":[{"value":["some_text"]}],"targetResource":{},"provisioningState":"Succeeded"}}'
    headers:
      cache-control:
      - private
      content-length:
      - '417'
      content-type:
      - application/json; charset=utf-8
      date:
      - Wed, 26 Apr 2023 05:06:56 GMT
      etag:
      - 4f481018-46aa-4cf2-b14f-1bb39c024535
      server:
      - Microsoft-IIS/10.0
      strict-transport-security:
      - max-age=31536000; includeSubDomains
      transfer-encoding:
      - chunked
      vary:
      - Accept-Encoding
      x-content-type-options:
      - nosniff
      x-ms-ratelimit-remaining-subscription-resource-requests:
      - '499'
      x-powered-by:
      - ASP.NET
    status:
      code: 200
      message: OK
- request:
    body: null
    headers:
      Accept:
      - '*/*'
      Accept-Encoding:
      - gzip, deflate
      CommandName:
      - network dns record-set txt remove-record
      Connection:
      - keep-alive
      Content-Length:
      - '0'
      ParameterSetName:
      - -g --zone-name --record-set-name --value
      User-Agent:
      - AZURECLI/2.48.1 (PIP) (AAZ) azsdk-python-core/1.24.0 Python/3.8.10 (Windows-10-10.0.19045-SP0)
    method: DELETE
    uri: https://management.azure.com/subscriptions/00000000-0000-0000-0000-000000000000/resourceGroups/cli_test_dns000001/providers/Microsoft.Network/dnsZones/myzonex.com/txt/myrstxt?api-version=2018-05-01
  response:
    body:
      string: ''
    headers:
      cache-control:
      - private
      content-length:
      - '0'
      date:
      - Wed, 26 Apr 2023 05:06:57 GMT
      server:
      - Microsoft-IIS/10.0
      strict-transport-security:
      - max-age=31536000; includeSubDomains
      x-content-type-options:
      - nosniff
      x-ms-ratelimit-remaining-subscription-resource-requests:
      - '11999'
      x-powered-by:
      - ASP.NET
    status:
      code: 200
      message: OK
- request:
    body: null
    headers:
      Accept:
      - application/json
      Accept-Encoding:
      - gzip, deflate
      CommandName:
      - network dns record-set a show
      Connection:
      - keep-alive
      ParameterSetName:
      - -n -g --zone-name
      User-Agent:
      - AZURECLI/2.48.1 (PIP) azsdk-python-azure-mgmt-dns/8.0.0 Python/3.8.10 (Windows-10-10.0.19045-SP0)
    method: GET
    uri: https://management.azure.com/subscriptions/00000000-0000-0000-0000-000000000000/resourceGroups/cli_test_dns000001/providers/Microsoft.Network/dnsZones/myzonex.com/a/myrsa?api-version=2018-05-01
  response:
    body:
      string: '{"id":"\/subscriptions\/00000000-0000-0000-0000-000000000000\/resourceGroups\/cli_test_dns000001\/providers\/Microsoft.Network\/dnszones\/myzonex.com\/A\/myrsa","name":"myrsa","type":"Microsoft.Network\/dnszones\/A","etag":"8c34e282-65ea-4d59-8bb8-1a9e68357f63","properties":{"fqdn":"myrsa.myzonex.com.","TTL":3600,"ARecords":[{"ipv4Address":"10.0.0.11"}],"targetResource":{},"provisioningState":"Succeeded"}}'
    headers:
      cache-control:
      - private
      content-length:
      - '409'
      content-type:
      - application/json; charset=utf-8
      date:
      - Wed, 26 Apr 2023 05:06:59 GMT
      etag:
      - 8c34e282-65ea-4d59-8bb8-1a9e68357f63
      server:
      - Microsoft-IIS/10.0
      strict-transport-security:
      - max-age=31536000; includeSubDomains
      transfer-encoding:
      - chunked
      vary:
      - Accept-Encoding
      x-content-type-options:
      - nosniff
      x-ms-ratelimit-remaining-subscription-resource-requests:
      - '499'
      x-powered-by:
      - ASP.NET
    status:
      code: 200
      message: OK
- request:
    body: null
    headers:
      Accept:
      - application/json
      Accept-Encoding:
      - gzip, deflate
      CommandName:
      - network dns record-set a remove-record
      Connection:
      - keep-alive
      ParameterSetName:
      - -g --zone-name --record-set-name --ipv4-address
      User-Agent:
      - AZURECLI/2.48.1 (PIP) (AAZ) azsdk-python-core/1.24.0 Python/3.8.10 (Windows-10-10.0.19045-SP0)
    method: GET
    uri: https://management.azure.com/subscriptions/00000000-0000-0000-0000-000000000000/resourceGroups/cli_test_dns000001/providers/Microsoft.Network/dnsZones/myzonex.com/a/myrsa?api-version=2018-05-01
  response:
    body:
      string: '{"id":"\/subscriptions\/00000000-0000-0000-0000-000000000000\/resourceGroups\/cli_test_dns000001\/providers\/Microsoft.Network\/dnszones\/myzonex.com\/A\/myrsa","name":"myrsa","type":"Microsoft.Network\/dnszones\/A","etag":"8c34e282-65ea-4d59-8bb8-1a9e68357f63","properties":{"fqdn":"myrsa.myzonex.com.","TTL":3600,"ARecords":[{"ipv4Address":"10.0.0.11"}],"targetResource":{},"provisioningState":"Succeeded"}}'
    headers:
      cache-control:
      - private
      content-length:
      - '409'
      content-type:
      - application/json; charset=utf-8
      date:
      - Wed, 26 Apr 2023 05:06:59 GMT
      etag:
      - 8c34e282-65ea-4d59-8bb8-1a9e68357f63
      server:
      - Microsoft-IIS/10.0
      strict-transport-security:
      - max-age=31536000; includeSubDomains
      transfer-encoding:
      - chunked
      vary:
      - Accept-Encoding
      x-content-type-options:
      - nosniff
      x-ms-ratelimit-remaining-subscription-resource-requests:
      - '499'
      x-powered-by:
      - ASP.NET
    status:
      code: 200
      message: OK
- request:
    body: null
    headers:
      Accept:
      - '*/*'
      Accept-Encoding:
      - gzip, deflate
      CommandName:
      - network dns record-set a remove-record
      Connection:
      - keep-alive
      Content-Length:
      - '0'
      ParameterSetName:
      - -g --zone-name --record-set-name --ipv4-address
      User-Agent:
      - AZURECLI/2.48.1 (PIP) (AAZ) azsdk-python-core/1.24.0 Python/3.8.10 (Windows-10-10.0.19045-SP0)
    method: DELETE
    uri: https://management.azure.com/subscriptions/00000000-0000-0000-0000-000000000000/resourceGroups/cli_test_dns000001/providers/Microsoft.Network/dnsZones/myzonex.com/a/myrsa?api-version=2018-05-01
  response:
    body:
      string: ''
    headers:
      cache-control:
      - private
      content-length:
      - '0'
      date:
      - Wed, 26 Apr 2023 05:07:01 GMT
      server:
      - Microsoft-IIS/10.0
      strict-transport-security:
      - max-age=31536000; includeSubDomains
      x-content-type-options:
      - nosniff
      x-ms-ratelimit-remaining-subscription-resource-requests:
      - '11999'
      x-powered-by:
      - ASP.NET
    status:
      code: 200
      message: OK
- request:
    body: null
    headers:
      Accept:
      - application/json
      Accept-Encoding:
      - gzip, deflate
      CommandName:
      - network dns record-set a show
      Connection:
      - keep-alive
      ParameterSetName:
      - -n -g --zone-name
      User-Agent:
      - AZURECLI/2.48.1 (PIP) azsdk-python-azure-mgmt-dns/8.0.0 Python/3.8.10 (Windows-10-10.0.19045-SP0)
    method: GET
    uri: https://management.azure.com/subscriptions/00000000-0000-0000-0000-000000000000/resourceGroups/cli_test_dns000001/providers/Microsoft.Network/dnsZones/myzonex.com/a/myrsa?api-version=2018-05-01
  response:
    body:
      string: '{"code":"NotFound","message":"The resource record ''myrsa'' does not
        exist in resource group ''cli_test_dns000001'' of subscription ''0b1f6471-1bf0-4dda-aec3-cb9272f09590''."}'
    headers:
      cache-control:
      - private
      content-length:
      - '169'
      content-type:
      - application/json; charset=utf-8
      date:
      - Wed, 26 Apr 2023 05:07:02 GMT
      server:
      - Microsoft-IIS/10.0
      strict-transport-security:
      - max-age=31536000; includeSubDomains
      x-content-type-options:
      - nosniff
      x-ms-ratelimit-remaining-subscription-resource-requests:
      - '499'
      x-powered-by:
      - ASP.NET
    status:
      code: 404
      message: Not Found
- request:
    body: null
    headers:
      Accept:
      - application/json
      Accept-Encoding:
      - gzip, deflate
      CommandName:
      - network dns record-set a delete
      Connection:
      - keep-alive
      Content-Length:
      - '0'
      ParameterSetName:
      - -n -g --zone-name -y
      User-Agent:
      - AZURECLI/2.48.1 (PIP) azsdk-python-azure-mgmt-dns/8.0.0 Python/3.8.10 (Windows-10-10.0.19045-SP0)
    method: DELETE
    uri: https://management.azure.com/subscriptions/00000000-0000-0000-0000-000000000000/resourceGroups/cli_test_dns000001/providers/Microsoft.Network/dnsZones/myzonex.com/a/myrsa?api-version=2018-05-01
  response:
    body:
      string: ''
    headers:
      cache-control:
      - private
      date:
      - Wed, 26 Apr 2023 05:07:04 GMT
      server:
      - Microsoft-IIS/10.0
      strict-transport-security:
      - max-age=31536000; includeSubDomains
      x-content-type-options:
      - nosniff
      x-ms-ratelimit-remaining-subscription-resource-requests:
      - '11999'
      x-powered-by:
      - ASP.NET
    status:
      code: 204
      message: NoContent
- request:
    body: null
    headers:
      Accept:
      - application/json
      Accept-Encoding:
      - gzip, deflate
      CommandName:
      - network dns record-set cname set-record
      Connection:
      - keep-alive
      ParameterSetName:
      - -n -g -z -c --ttl
      User-Agent:
      - AZURECLI/2.48.1 (PIP) (AAZ) azsdk-python-core/1.24.0 Python/3.8.10 (Windows-10-10.0.19045-SP0)
    method: GET
    uri: https://management.azure.com/subscriptions/00000000-0000-0000-0000-000000000000/resourceGroups/cli_test_dns000001/providers/Microsoft.Network/dnsZones/myzonex.com/cname/myrscname?api-version=2018-05-01
  response:
    body:
      string: '{"code":"NotFound","message":"The resource record ''myrscname'' does
        not exist in resource group ''cli_test_dns000001'' of subscription ''0b1f6471-1bf0-4dda-aec3-cb9272f09590''."}'
    headers:
      cache-control:
      - private
      content-length:
      - '173'
      content-type:
      - application/json; charset=utf-8
      date:
      - Wed, 26 Apr 2023 05:07:04 GMT
      server:
      - Microsoft-IIS/10.0
      strict-transport-security:
      - max-age=31536000; includeSubDomains
      x-content-type-options:
      - nosniff
      x-ms-ratelimit-remaining-subscription-resource-requests:
      - '499'
      x-powered-by:
      - ASP.NET
    status:
      code: 404
      message: Not Found
- request:
    body: '{"properties": {"CNAMERecord": {"cname": "www.contoso.com"}, "TTL": 60}}'
    headers:
      Accept:
      - application/json
      Accept-Encoding:
      - gzip, deflate
      CommandName:
      - network dns record-set cname set-record
      Connection:
      - keep-alive
      Content-Length:
      - '72'
      Content-Type:
      - application/json
      ParameterSetName:
      - -n -g -z -c --ttl
      User-Agent:
      - AZURECLI/2.48.1 (PIP) (AAZ) azsdk-python-core/1.24.0 Python/3.8.10 (Windows-10-10.0.19045-SP0)
    method: PUT
    uri: https://management.azure.com/subscriptions/00000000-0000-0000-0000-000000000000/resourceGroups/cli_test_dns000001/providers/Microsoft.Network/dnsZones/myzonex.com/cname/myrscname?api-version=2018-05-01
  response:
    body:
      string: '{"id":"\/subscriptions\/00000000-0000-0000-0000-000000000000\/resourceGroups\/cli_test_dns000001\/providers\/Microsoft.Network\/dnszones\/myzonex.com\/CNAME\/myrscname","name":"myrscname","type":"Microsoft.Network\/dnszones\/CNAME","etag":"5199908f-6d35-4832-ab33-d675fef12590","properties":{"fqdn":"myrscname.myzonex.com.","TTL":60,"CNAMERecord":{"cname":"www.contoso.com"},"targetResource":{},"provisioningState":"Succeeded"}}'
    headers:
      cache-control:
      - private
      content-length:
      - '428'
      content-type:
      - application/json; charset=utf-8
      date:
      - Wed, 26 Apr 2023 05:07:08 GMT
      etag:
      - 5199908f-6d35-4832-ab33-d675fef12590
      server:
      - Microsoft-IIS/10.0
      strict-transport-security:
      - max-age=31536000; includeSubDomains
      x-content-type-options:
      - nosniff
      x-ms-ratelimit-remaining-subscription-resource-requests:
      - '11999'
      x-powered-by:
      - ASP.NET
    status:
      code: 201
      message: Created
- request:
    body: null
    headers:
      Accept:
      - application/json
      Accept-Encoding:
      - gzip, deflate
      CommandName:
      - network dns record-set cname delete
      Connection:
      - keep-alive
      Content-Length:
      - '0'
      ParameterSetName:
      - -n -g --zone-name -y
      User-Agent:
      - AZURECLI/2.48.1 (PIP) azsdk-python-azure-mgmt-dns/8.0.0 Python/3.8.10 (Windows-10-10.0.19045-SP0)
    method: DELETE
    uri: https://management.azure.com/subscriptions/00000000-0000-0000-0000-000000000000/resourceGroups/cli_test_dns000001/providers/Microsoft.Network/dnsZones/myzonex.com/cname/myrscname?api-version=2018-05-01
  response:
    body:
      string: ''
    headers:
      cache-control:
      - private
      content-length:
      - '0'
      date:
      - Wed, 26 Apr 2023 05:07:09 GMT
      server:
      - Microsoft-IIS/10.0
      strict-transport-security:
      - max-age=31536000; includeSubDomains
      x-content-type-options:
      - nosniff
      x-ms-ratelimit-remaining-subscription-resource-requests:
      - '11999'
      x-powered-by:
      - ASP.NET
    status:
      code: 200
      message: OK
- request:
    body: null
    headers:
      Accept:
      - application/json
      Accept-Encoding:
      - gzip, deflate
      CommandName:
      - network dns zone delete
      Connection:
      - keep-alive
      Content-Length:
      - '0'
      ParameterSetName:
      - -g -n -y
      User-Agent:
      - AZURECLI/2.48.1 (PIP) azsdk-python-azure-mgmt-dns/8.0.0 Python/3.8.10 (Windows-10-10.0.19045-SP0)
    method: DELETE
    uri: https://management.azure.com/subscriptions/00000000-0000-0000-0000-000000000000/resourceGroups/cli_test_dns000001/providers/Microsoft.Network/dnsZones/myzonex.com?api-version=2018-05-01
  response:
    body:
      string: ''
    headers:
      azure-asyncoperation:
      - https://management.azure.com:443/subscriptions/00000000-0000-0000-0000-000000000000/resourceGroups/cli_test_dns000001/providers/Microsoft.Network/dnsOperationStatuses/bdw|63|00000000-0000-0000-0000-000000000001;190310;myzonex.com;Regulardelzone638180824483168801916aec2d?api-version=2018-05-01
      cache-control:
      - private
      content-length:
      - '0'
      date:
      - Wed, 26 Apr 2023 05:07:32 GMT
      location:
      - https://management.azure.com/subscriptions/00000000-0000-0000-0000-000000000000/resourceGroups/cli_test_dns000001/providers/Microsoft.Network/dnsOperationResults/bdw%7C63%7C00000000-0000-0000-0000-000000000001;190310;myzonex.com;Regulardelzone638180824483168801916aec2d?api-version=2018-05-01
      server:
      - Microsoft-IIS/10.0
      strict-transport-security:
      - max-age=31536000; includeSubDomains
      x-content-type-options:
      - nosniff
      x-ms-ratelimit-remaining-subscription-resource-requests:
      - '11999'
      x-powered-by:
      - ASP.NET
    status:
      code: 202
      message: Accepted
- request:
    body: null
    headers:
      Accept:
      - '*/*'
      Accept-Encoding:
      - gzip, deflate
      CommandName:
      - network dns zone delete
      Connection:
      - keep-alive
      ParameterSetName:
      - -g -n -y
      User-Agent:
      - AZURECLI/2.48.1 (PIP) azsdk-python-azure-mgmt-dns/8.0.0 Python/3.8.10 (Windows-10-10.0.19045-SP0)
    method: GET
    uri: https://management.azure.com/subscriptions/00000000-0000-0000-0000-000000000000/resourceGroups/cli_test_dns000001/providers/Microsoft.Network/dnsOperationStatuses/bdw%7C63%7C00000000-0000-0000-0000-000000000001;190310;myzonex.com;Regulardelzone638180824483168801916aec2d?api-version=2018-05-01
  response:
    body:
      string: '{"status":"Succeeded"}'
    headers:
      cache-control:
      - private
      content-length:
      - '22'
      content-type:
      - application/json; charset=utf-8
      date:
      - Wed, 26 Apr 2023 05:07:36 GMT
      server:
      - Microsoft-IIS/10.0
      strict-transport-security:
      - max-age=31536000; includeSubDomains
      transfer-encoding:
      - chunked
      vary:
      - Accept-Encoding
      x-content-type-options:
      - nosniff
      x-ms-ratelimit-remaining-subscription-resource-requests:
      - '499'
      x-powered-by:
      - ASP.NET
    status:
      code: 200
      message: OK
version: 1
