interactions:
- request:
    body: null
    headers:
      Accept:
      - application/json
      Accept-Encoding:
      - gzip, deflate
      CommandName:
      - network lb create
      Connection:
      - keep-alive
      ParameterSetName:
      - -g -n --sku
      User-Agent:
      - python/3.6.8 (Windows-10-10.0.18362-SP0) msrest/0.6.10 msrest_azure/0.6.2
        azure-mgmt-resource/8.0.1 Azure-SDK-For-Python AZURECLI/2.0.81
      accept-language:
      - en-US
    method: GET
    uri: https://management.azure.com/subscriptions/00000000-0000-0000-0000-000000000000/resourcegroups/test_network_lb_outbound_rules000001?api-version=2019-07-01
  response:
    body:
      string: '{"id":"/subscriptions/00000000-0000-0000-0000-000000000000/resourceGroups/test_network_lb_outbound_rules000001","name":"test_network_lb_outbound_rules000001","type":"Microsoft.Resources/resourceGroups","location":"eastus2","tags":{"product":"azurecli","cause":"automation","date":"2020-02-06T19:17:34Z"},"properties":{"provisioningState":"Succeeded"}}'
    headers:
      cache-control:
      - no-cache
      content-length:
      - '429'
      content-type:
      - application/json; charset=utf-8
      date:
      - Thu, 06 Feb 2020 19:17:39 GMT
      expires:
      - '-1'
      pragma:
      - no-cache
      strict-transport-security:
      - max-age=31536000; includeSubDomains
      vary:
      - Accept-Encoding
      x-content-type-options:
      - nosniff
    status:
      code: 200
      message: OK
- request:
    body: null
    headers:
      Accept:
      - application/json
      Accept-Encoding:
      - gzip, deflate
      CommandName:
      - network lb create
      Connection:
      - keep-alive
      ParameterSetName:
      - -g -n --sku
      User-Agent:
      - python/3.6.8 (Windows-10-10.0.18362-SP0) msrest/0.6.10 msrest_azure/0.6.2
        azure-mgmt-resource/8.0.1 Azure-SDK-For-Python AZURECLI/2.0.81
      accept-language:
      - en-US
    method: GET
    uri: https://management.azure.com/subscriptions/00000000-0000-0000-0000-000000000000/resources?$filter=resourceGroup%20eq%20%27test_network_lb_outbound_rules000001%27%20and%20name%20eq%20%27None%27%20and%20resourceType%20eq%20%27Microsoft.Network%2FpublicIPAddresses%27&api-version=2019-07-01
  response:
    body:
      string: '{"value":[]}'
    headers:
      cache-control:
      - no-cache
      content-length:
      - '12'
      content-type:
      - application/json; charset=utf-8
      date:
      - Thu, 06 Feb 2020 19:17:39 GMT
      expires:
      - '-1'
      pragma:
      - no-cache
      strict-transport-security:
      - max-age=31536000; includeSubDomains
      vary:
      - Accept-Encoding
      x-content-type-options:
      - nosniff
    status:
      code: 200
      message: OK
- request:
    body: 'b''{"properties": {"template": {"$schema": "https://schema.management.azure.com/schemas/2015-01-01/deploymentTemplate.json#",
      "contentVersion": "1.0.0.0", "parameters": {}, "variables": {}, "resources":
      [{"apiVersion": "2019-11-01", "type": "Microsoft.Network/publicIPAddresses",
      "name": "PublicIPlb1", "location": "eastus2", "tags": {}, "dependsOn": [], "properties":
      {"publicIPAllocationMethod": "Static"}, "sku": {"name": "Standard"}}, {"type":
      "Microsoft.Network/loadBalancers", "name": "lb1", "location": "eastus2", "tags":
      {}, "apiVersion": "2019-11-01", "dependsOn": ["Microsoft.Network/publicIpAddresses/PublicIPlb1"],
      "properties": {"backendAddressPools": [{"name": "lb1bepool"}], "frontendIPConfigurations":
      [{"name": "LoadBalancerFrontEnd", "properties": {"publicIPAddress": {"id": "/subscriptions/00000000-0000-0000-0000-000000000000/resourceGroups/test_network_lb_outbound_rules000001/providers/Microsoft.Network/publicIPAddresses/PublicIPlb1"},
      "privateIPAddressVersion": "IPv4"}}]}, "sku": {"name": "Standard"}}], "outputs":
      {"loadBalancer": {"type": "object", "value": "[reference(\''lb1\'')]"}}}, "parameters":
      {}, "mode": "Incremental"}}'''
    headers:
      Accept:
      - application/json
      Accept-Encoding:
      - gzip, deflate
      CommandName:
      - network lb create
      Connection:
      - keep-alive
      Content-Length:
      - '1187'
      Content-Type:
      - application/json; charset=utf-8
      ParameterSetName:
      - -g -n --sku
      User-Agent:
      - python/3.6.8 (Windows-10-10.0.18362-SP0) msrest/0.6.10 msrest_azure/0.6.2
        azure-mgmt-resource/8.0.1 Azure-SDK-For-Python AZURECLI/2.0.81
      accept-language:
      - en-US
    method: PUT
    uri: https://management.azure.com/subscriptions/00000000-0000-0000-0000-000000000000/resourcegroups/test_network_lb_outbound_rules000001/providers/Microsoft.Resources/deployments/mock-deployment?api-version=2019-07-01
  response:
    body:
      string: '{"id":"/subscriptions/00000000-0000-0000-0000-000000000000/resourceGroups/test_network_lb_outbound_rules000001/providers/Microsoft.Resources/deployments/lb_deploy_IwpULkMjCBQJa4n9WNZD7Tmi5n7iWY37","name":"lb_deploy_IwpULkMjCBQJa4n9WNZD7Tmi5n7iWY37","type":"Microsoft.Resources/deployments","properties":{"templateHash":"13073835551091010873","parameters":{},"mode":"Incremental","provisioningState":"Accepted","timestamp":"2020-02-06T19:17:45.9913023Z","duration":"PT2.6257853S","correlationId":"ec8782ee-722e-4caf-8fe7-d67936225e44","providers":[{"namespace":"Microsoft.Network","resourceTypes":[{"resourceType":"publicIPAddresses","locations":["eastus2"]},{"resourceType":"loadBalancers","locations":["eastus2"]}]}],"dependencies":[{"dependsOn":[{"id":"/subscriptions/00000000-0000-0000-0000-000000000000/resourceGroups/test_network_lb_outbound_rules000001/providers/Microsoft.Network/publicIPAddresses/PublicIPlb1","resourceType":"Microsoft.Network/publicIPAddresses","resourceName":"PublicIPlb1"}],"id":"/subscriptions/00000000-0000-0000-0000-000000000000/resourceGroups/test_network_lb_outbound_rules000001/providers/Microsoft.Network/loadBalancers/lb1","resourceType":"Microsoft.Network/loadBalancers","resourceName":"lb1"}]}}'
    headers:
      azure-asyncoperation:
      - https://management.azure.com/subscriptions/00000000-0000-0000-0000-000000000000/resourcegroups/test_network_lb_outbound_rules000001/providers/Microsoft.Resources/deployments/lb_deploy_IwpULkMjCBQJa4n9WNZD7Tmi5n7iWY37/operationStatuses/08586205902221121093?api-version=2019-07-01
      cache-control:
      - no-cache
      content-length:
      - '1349'
      content-type:
      - application/json; charset=utf-8
      date:
      - Thu, 06 Feb 2020 19:17:46 GMT
      expires:
      - '-1'
      pragma:
      - no-cache
      strict-transport-security:
      - max-age=31536000; includeSubDomains
      x-content-type-options:
      - nosniff
      x-ms-ratelimit-remaining-subscription-writes:
      - '1192'
    status:
      code: 201
      message: Created
- request:
    body: null
    headers:
      Accept:
      - application/json
      Accept-Encoding:
      - gzip, deflate
      CommandName:
      - network lb create
      Connection:
      - keep-alive
      ParameterSetName:
      - -g -n --sku
      User-Agent:
      - python/3.6.8 (Windows-10-10.0.18362-SP0) msrest/0.6.10 msrest_azure/0.6.2
        azure-mgmt-resource/8.0.1 Azure-SDK-For-Python AZURECLI/2.0.81
    method: GET
    uri: https://management.azure.com/subscriptions/00000000-0000-0000-0000-000000000000/resourcegroups/test_network_lb_outbound_rules000001/providers/Microsoft.Resources/deployments/mock-deployment/operationStatuses/08586205902221121093?api-version=2019-07-01
  response:
    body:
      string: '{"status":"Succeeded"}'
    headers:
      cache-control:
      - no-cache
      content-length:
      - '22'
      content-type:
      - application/json; charset=utf-8
      date:
      - Thu, 06 Feb 2020 19:18:18 GMT
      expires:
      - '-1'
      pragma:
      - no-cache
      strict-transport-security:
      - max-age=31536000; includeSubDomains
      vary:
      - Accept-Encoding
      x-content-type-options:
      - nosniff
    status:
      code: 200
      message: OK
- request:
    body: null
    headers:
      Accept:
      - application/json
      Accept-Encoding:
      - gzip, deflate
      CommandName:
      - network lb create
      Connection:
      - keep-alive
      ParameterSetName:
      - -g -n --sku
      User-Agent:
      - python/3.6.8 (Windows-10-10.0.18362-SP0) msrest/0.6.10 msrest_azure/0.6.2
        azure-mgmt-resource/8.0.1 Azure-SDK-For-Python AZURECLI/2.0.81
    method: GET
    uri: https://management.azure.com/subscriptions/00000000-0000-0000-0000-000000000000/resourcegroups/test_network_lb_outbound_rules000001/providers/Microsoft.Resources/deployments/mock-deployment?api-version=2019-07-01
  response:
    body:
      string: '{"id":"/subscriptions/00000000-0000-0000-0000-000000000000/resourceGroups/test_network_lb_outbound_rules000001/providers/Microsoft.Resources/deployments/lb_deploy_IwpULkMjCBQJa4n9WNZD7Tmi5n7iWY37","name":"lb_deploy_IwpULkMjCBQJa4n9WNZD7Tmi5n7iWY37","type":"Microsoft.Resources/deployments","properties":{"templateHash":"13073835551091010873","parameters":{},"mode":"Incremental","provisioningState":"Succeeded","timestamp":"2020-02-06T19:18:16.1939022Z","duration":"PT32.8283852S","correlationId":"ec8782ee-722e-4caf-8fe7-d67936225e44","providers":[{"namespace":"Microsoft.Network","resourceTypes":[{"resourceType":"publicIPAddresses","locations":["eastus2"]},{"resourceType":"loadBalancers","locations":["eastus2"]}]}],"dependencies":[{"dependsOn":[{"id":"/subscriptions/00000000-0000-0000-0000-000000000000/resourceGroups/test_network_lb_outbound_rules000001/providers/Microsoft.Network/publicIPAddresses/PublicIPlb1","resourceType":"Microsoft.Network/publicIPAddresses","resourceName":"PublicIPlb1"}],"id":"/subscriptions/00000000-0000-0000-0000-000000000000/resourceGroups/test_network_lb_outbound_rules000001/providers/Microsoft.Network/loadBalancers/lb1","resourceType":"Microsoft.Network/loadBalancers","resourceName":"lb1"}],"outputs":{"loadBalancer":{"type":"Object","value":{"provisioningState":"Succeeded","resourceGuid":"b70a0049-4f35-4a8b-86a9-7d372dbba288","frontendIPConfigurations":[{"name":"LoadBalancerFrontEnd","id":"/subscriptions/00000000-0000-0000-0000-000000000000/resourceGroups/test_network_lb_outbound_rules000001/providers/Microsoft.Network/loadBalancers/lb1/frontendIPConfigurations/LoadBalancerFrontEnd","etag":"W/\"da172130-de91-47ec-a95e-2686ce8e44d2\"","type":"Microsoft.Network/loadBalancers/frontendIPConfigurations","properties":{"provisioningState":"Succeeded","privateIPAllocationMethod":"Dynamic","publicIPAddress":{"id":"/subscriptions/00000000-0000-0000-0000-000000000000/resourceGroups/test_network_lb_outbound_rules000001/providers/Microsoft.Network/publicIPAddresses/PublicIPlb1"},"privateIPAddressVersion":"IPv4"}}],"backendAddressPools":[{"name":"lb1bepool","id":"/subscriptions/00000000-0000-0000-0000-000000000000/resourceGroups/test_network_lb_outbound_rules000001/providers/Microsoft.Network/loadBalancers/lb1/backendAddressPools/lb1bepool","etag":"W/\"da172130-de91-47ec-a95e-2686ce8e44d2\"","properties":{"provisioningState":"Succeeded"},"type":"Microsoft.Network/loadBalancers/backendAddressPools"}],"loadBalancingRules":[],"probes":[],"inboundNatRules":[],"outboundRules":[],"inboundNatPools":[]}}},"outputResources":[{"id":"/subscriptions/00000000-0000-0000-0000-000000000000/resourceGroups/test_network_lb_outbound_rules000001/providers/Microsoft.Network/loadBalancers/lb1"},{"id":"/subscriptions/00000000-0000-0000-0000-000000000000/resourceGroups/test_network_lb_outbound_rules000001/providers/Microsoft.Network/publicIPAddresses/PublicIPlb1"}]}}'
    headers:
      cache-control:
      - no-cache
      content-length:
      - '3215'
      content-type:
      - application/json; charset=utf-8
      date:
      - Thu, 06 Feb 2020 19:18:18 GMT
      expires:
      - '-1'
      pragma:
      - no-cache
      strict-transport-security:
      - max-age=31536000; includeSubDomains
      vary:
      - Accept-Encoding
      x-content-type-options:
      - nosniff
    status:
      code: 200
      message: OK
- request:
    body: null
    headers:
      Accept:
      - application/json
      Accept-Encoding:
      - gzip, deflate
      CommandName:
      - network public-ip prefix create
      Connection:
      - keep-alive
      ParameterSetName:
      - -g -n --length
      User-Agent:
      - python/3.6.8 (Windows-10-10.0.18362-SP0) msrest/0.6.10 msrest_azure/0.6.2
        azure-mgmt-resource/8.0.1 Azure-SDK-For-Python AZURECLI/2.0.81
      accept-language:
      - en-US
    method: GET
    uri: https://management.azure.com/subscriptions/00000000-0000-0000-0000-000000000000/resourcegroups/test_network_lb_outbound_rules000001?api-version=2019-07-01
  response:
    body:
      string: '{"id":"/subscriptions/00000000-0000-0000-0000-000000000000/resourceGroups/test_network_lb_outbound_rules000001","name":"test_network_lb_outbound_rules000001","type":"Microsoft.Resources/resourceGroups","location":"eastus2","tags":{"product":"azurecli","cause":"automation","date":"2020-02-06T19:17:34Z"},"properties":{"provisioningState":"Succeeded"}}'
    headers:
      cache-control:
      - no-cache
      content-length:
      - '429'
      content-type:
      - application/json; charset=utf-8
      date:
      - Thu, 06 Feb 2020 19:18:20 GMT
      expires:
      - '-1'
      pragma:
      - no-cache
      strict-transport-security:
      - max-age=31536000; includeSubDomains
      vary:
      - Accept-Encoding
      x-content-type-options:
      - nosniff
    status:
      code: 200
      message: OK
- request:
    body: '{"location": "eastus2", "sku": {"name": "Standard"}, "properties": {"publicIPAddressVersion":
      "IPv4", "prefixLength": 30}}'
    headers:
      Accept:
      - application/json
      Accept-Encoding:
      - gzip, deflate
      CommandName:
      - network public-ip prefix create
      Connection:
      - keep-alive
      Content-Length:
      - '122'
      Content-Type:
      - application/json; charset=utf-8
      ParameterSetName:
      - -g -n --length
      User-Agent:
      - python/3.6.8 (Windows-10-10.0.18362-SP0) msrest/0.6.10 msrest_azure/0.6.2
        azure-mgmt-network/9.0.0 Azure-SDK-For-Python AZURECLI/2.0.81
      accept-language:
      - en-US
    method: PUT
    uri: https://management.azure.com/subscriptions/00000000-0000-0000-0000-000000000000/resourceGroups/test_network_lb_outbound_rules000001/providers/Microsoft.Network/publicIPPrefixes/prefix1?api-version=2019-11-01
  response:
    body:
      string: "{\r\n  \"name\": \"prefix1\",\r\n  \"id\": \"/subscriptions/00000000-0000-0000-0000-000000000000/resourceGroups/test_network_lb_outbound_rules000001/providers/Microsoft.Network/publicIPPrefixes/prefix1\",\r\n
        \ \"etag\": \"W/\\\"aecfb67d-09e0-46fc-9f09-5356adf94e29\\\"\",\r\n  \"type\":
        \"Microsoft.Network/publicIPPrefixes\",\r\n  \"location\": \"eastus2\",\r\n
        \ \"properties\": {\r\n    \"provisioningState\": \"Updating\",\r\n    \"resourceGuid\":
        \"fc795ec2-24d0-4fbe-ba7a-c59cfe9fa9d2\",\r\n    \"prefixLength\": 30,\r\n
        \   \"publicIPAddressVersion\": \"IPv4\",\r\n    \"ipTags\": []\r\n  },\r\n
        \ \"sku\": {\r\n    \"name\": \"Standard\"\r\n  }\r\n}"
    headers:
      azure-asyncoperation:
      - https://management.azure.com/subscriptions/00000000-0000-0000-0000-000000000000/providers/Microsoft.Network/locations/eastus2/operations/22bf96df-952a-4698-a42b-bb74516a8ec1?api-version=2019-11-01
      cache-control:
      - no-cache
      content-length:
      - '613'
      content-type:
      - application/json; charset=utf-8
      date:
      - Thu, 06 Feb 2020 19:18:31 GMT
      expires:
      - '-1'
      pragma:
      - no-cache
      server:
      - Microsoft-HTTPAPI/2.0
      - Microsoft-HTTPAPI/2.0
      strict-transport-security:
      - max-age=31536000; includeSubDomains
      x-content-type-options:
      - nosniff
      x-ms-arm-service-request-id:
      - 512b8710-4925-4d89-8589-03528a1de2d7
      x-ms-ratelimit-remaining-subscription-writes:
      - '1196'
    status:
      code: 201
      message: Created
- request:
    body: null
    headers:
      Accept:
      - application/json
      Accept-Encoding:
      - gzip, deflate
      CommandName:
      - network public-ip prefix create
      Connection:
      - keep-alive
      ParameterSetName:
      - -g -n --length
      User-Agent:
      - python/3.6.8 (Windows-10-10.0.18362-SP0) msrest/0.6.10 msrest_azure/0.6.2
        azure-mgmt-network/9.0.0 Azure-SDK-For-Python AZURECLI/2.0.81
    method: GET
    uri: https://management.azure.com/subscriptions/00000000-0000-0000-0000-000000000000/providers/Microsoft.Network/locations/eastus2/operations/22bf96df-952a-4698-a42b-bb74516a8ec1?api-version=2019-11-01
  response:
    body:
      string: "{\r\n  \"status\": \"Succeeded\"\r\n}"
    headers:
      cache-control:
      - no-cache
      content-length:
      - '29'
      content-type:
      - application/json; charset=utf-8
      date:
      - Thu, 06 Feb 2020 19:18:35 GMT
      expires:
      - '-1'
      pragma:
      - no-cache
      server:
      - Microsoft-HTTPAPI/2.0
      - Microsoft-HTTPAPI/2.0
      strict-transport-security:
      - max-age=31536000; includeSubDomains
      transfer-encoding:
      - chunked
      vary:
      - Accept-Encoding
      x-content-type-options:
      - nosniff
      x-ms-arm-service-request-id:
      - a157ef1b-a006-46a8-9d8c-d21bcb93d846
    status:
      code: 200
      message: OK
- request:
    body: null
    headers:
      Accept:
      - application/json
      Accept-Encoding:
      - gzip, deflate
      CommandName:
      - network public-ip prefix create
      Connection:
      - keep-alive
      ParameterSetName:
      - -g -n --length
      User-Agent:
      - python/3.6.8 (Windows-10-10.0.18362-SP0) msrest/0.6.10 msrest_azure/0.6.2
        azure-mgmt-network/9.0.0 Azure-SDK-For-Python AZURECLI/2.0.81
    method: GET
    uri: https://management.azure.com/subscriptions/00000000-0000-0000-0000-000000000000/resourceGroups/test_network_lb_outbound_rules000001/providers/Microsoft.Network/publicIPPrefixes/prefix1?api-version=2019-11-01
  response:
    body:
      string: "{\r\n  \"name\": \"prefix1\",\r\n  \"id\": \"/subscriptions/00000000-0000-0000-0000-000000000000/resourceGroups/test_network_lb_outbound_rules000001/providers/Microsoft.Network/publicIPPrefixes/prefix1\",\r\n
        \ \"etag\": \"W/\\\"4547cca5-744c-40ec-8f58-4fc426129b44\\\"\",\r\n  \"type\":
        \"Microsoft.Network/publicIPPrefixes\",\r\n  \"location\": \"eastus2\",\r\n
        \ \"properties\": {\r\n    \"provisioningState\": \"Succeeded\",\r\n    \"resourceGuid\":
        \"fc795ec2-24d0-4fbe-ba7a-c59cfe9fa9d2\",\r\n    \"prefixLength\": 30,\r\n
        \   \"publicIPAddressVersion\": \"IPv4\",\r\n    \"ipPrefix\": \"52.167.75.128/30\",\r\n
        \   \"ipTags\": []\r\n  },\r\n  \"sku\": {\r\n    \"name\": \"Standard\"\r\n
        \ }\r\n}"
    headers:
      cache-control:
      - no-cache
      content-length:
      - '651'
      content-type:
      - application/json; charset=utf-8
      date:
      - Thu, 06 Feb 2020 19:18:36 GMT
      etag:
      - W/"4547cca5-744c-40ec-8f58-4fc426129b44"
      expires:
      - '-1'
      pragma:
      - no-cache
      server:
      - Microsoft-HTTPAPI/2.0
      - Microsoft-HTTPAPI/2.0
      strict-transport-security:
      - max-age=31536000; includeSubDomains
      transfer-encoding:
      - chunked
      vary:
      - Accept-Encoding
      x-content-type-options:
      - nosniff
      x-ms-arm-service-request-id:
      - e1e2a649-78bc-445e-827a-ce75f017ea3c
    status:
      code: 200
      message: OK
- request:
    body: null
    headers:
      Accept:
      - application/json
      Accept-Encoding:
      - gzip, deflate
      CommandName:
      - network lb frontend-ip create
      Connection:
      - keep-alive
      ParameterSetName:
      - -g --lb-name -n --public-ip-prefix
      User-Agent:
      - python/3.6.8 (Windows-10-10.0.18362-SP0) msrest/0.6.10 msrest_azure/0.6.2
        azure-mgmt-network/9.0.0 Azure-SDK-For-Python AZURECLI/2.0.81
      accept-language:
      - en-US
    method: GET
    uri: https://management.azure.com/subscriptions/00000000-0000-0000-0000-000000000000/resourceGroups/test_network_lb_outbound_rules000001/providers/Microsoft.Network/loadBalancers/lb1?api-version=2019-11-01
  response:
    body:
      string: "{\r\n  \"name\": \"lb1\",\r\n  \"id\": \"/subscriptions/00000000-0000-0000-0000-000000000000/resourceGroups/test_network_lb_outbound_rules000001/providers/Microsoft.Network/loadBalancers/lb1\",\r\n
        \ \"etag\": \"W/\\\"da172130-de91-47ec-a95e-2686ce8e44d2\\\"\",\r\n  \"type\":
        \"Microsoft.Network/loadBalancers\",\r\n  \"location\": \"eastus2\",\r\n  \"tags\":
        {},\r\n  \"properties\": {\r\n    \"provisioningState\": \"Succeeded\",\r\n
        \   \"resourceGuid\": \"b70a0049-4f35-4a8b-86a9-7d372dbba288\",\r\n    \"frontendIPConfigurations\":
        [\r\n      {\r\n        \"name\": \"LoadBalancerFrontEnd\",\r\n        \"id\":
        \"/subscriptions/00000000-0000-0000-0000-000000000000/resourceGroups/test_network_lb_outbound_rules000001/providers/Microsoft.Network/loadBalancers/lb1/frontendIPConfigurations/LoadBalancerFrontEnd\",\r\n
        \       \"etag\": \"W/\\\"da172130-de91-47ec-a95e-2686ce8e44d2\\\"\",\r\n
        \       \"type\": \"Microsoft.Network/loadBalancers/frontendIPConfigurations\",\r\n
        \       \"properties\": {\r\n          \"provisioningState\": \"Succeeded\",\r\n
        \         \"privateIPAllocationMethod\": \"Dynamic\",\r\n          \"publicIPAddress\":
        {\r\n            \"id\": \"/subscriptions/00000000-0000-0000-0000-000000000000/resourceGroups/test_network_lb_outbound_rules000001/providers/Microsoft.Network/publicIPAddresses/PublicIPlb1\"\r\n
        \         },\r\n          \"privateIPAddressVersion\": \"IPv4\"\r\n        }\r\n
        \     }\r\n    ],\r\n    \"backendAddressPools\": [\r\n      {\r\n        \"name\":
        \"lb1bepool\",\r\n        \"id\": \"/subscriptions/00000000-0000-0000-0000-000000000000/resourceGroups/test_network_lb_outbound_rules000001/providers/Microsoft.Network/loadBalancers/lb1/backendAddressPools/lb1bepool\",\r\n
        \       \"etag\": \"W/\\\"da172130-de91-47ec-a95e-2686ce8e44d2\\\"\",\r\n
        \       \"properties\": {\r\n          \"provisioningState\": \"Succeeded\"\r\n
        \       },\r\n        \"type\": \"Microsoft.Network/loadBalancers/backendAddressPools\"\r\n
        \     }\r\n    ],\r\n    \"loadBalancingRules\": [],\r\n    \"probes\": [],\r\n
        \   \"inboundNatRules\": [],\r\n    \"outboundRules\": [],\r\n    \"inboundNatPools\":
        []\r\n  },\r\n  \"sku\": {\r\n    \"name\": \"Standard\"\r\n  }\r\n}"
    headers:
      cache-control:
      - no-cache
      content-length:
      - '2142'
      content-type:
      - application/json; charset=utf-8
      date:
      - Thu, 06 Feb 2020 19:18:38 GMT
      etag:
      - W/"da172130-de91-47ec-a95e-2686ce8e44d2"
      expires:
      - '-1'
      pragma:
      - no-cache
      server:
      - Microsoft-HTTPAPI/2.0
      - Microsoft-HTTPAPI/2.0
      strict-transport-security:
      - max-age=31536000; includeSubDomains
      transfer-encoding:
      - chunked
      vary:
      - Accept-Encoding
      x-content-type-options:
      - nosniff
      x-ms-arm-service-request-id:
      - 9fd4b4f9-4ca6-4667-a889-77d7bf8c5c67
    status:
      code: 200
      message: OK
- request:
    body: 'b''{"id": "/subscriptions/00000000-0000-0000-0000-000000000000/resourceGroups/test_network_lb_outbound_rules000001/providers/Microsoft.Network/loadBalancers/lb1",
      "location": "eastus2", "tags": {}, "sku": {"name": "Standard"}, "properties":
      {"frontendIPConfigurations": [{"id": "/subscriptions/00000000-0000-0000-0000-000000000000/resourceGroups/test_network_lb_outbound_rules000001/providers/Microsoft.Network/loadBalancers/lb1/frontendIPConfigurations/LoadBalancerFrontEnd",
      "properties": {"privateIPAllocationMethod": "Dynamic", "privateIPAddressVersion":
      "IPv4", "publicIPAddress": {"id": "/subscriptions/00000000-0000-0000-0000-000000000000/resourceGroups/test_network_lb_outbound_rules000001/providers/Microsoft.Network/publicIPAddresses/PublicIPlb1"}},
      "name": "LoadBalancerFrontEnd"}, {"properties": {"privateIPAllocationMethod":
      "dynamic", "privateIPAddressVersion": "IPv4", "publicIPPrefix": {"id": "/subscriptions/00000000-0000-0000-0000-000000000000/resourceGroups/test_network_lb_outbound_rules000001/providers/Microsoft.Network/publicIpPrefixes/prefix1"}},
      "name": "prefixFrontEnd"}], "backendAddressPools": [{"id": "/subscriptions/00000000-0000-0000-0000-000000000000/resourceGroups/test_network_lb_outbound_rules000001/providers/Microsoft.Network/loadBalancers/lb1/backendAddressPools/lb1bepool",
      "name": "lb1bepool"}], "loadBalancingRules": [], "probes": [], "inboundNatRules":
      [], "inboundNatPools": [], "outboundRules": []}}'''
    headers:
      Accept:
      - application/json
      Accept-Encoding:
      - gzip, deflate
      CommandName:
      - network lb frontend-ip create
      Connection:
      - keep-alive
      Content-Length:
      - '1635'
      Content-Type:
      - application/json; charset=utf-8
      ParameterSetName:
      - -g --lb-name -n --public-ip-prefix
      User-Agent:
      - python/3.6.8 (Windows-10-10.0.18362-SP0) msrest/0.6.10 msrest_azure/0.6.2
        azure-mgmt-network/9.0.0 Azure-SDK-For-Python AZURECLI/2.0.81
      accept-language:
      - en-US
    method: PUT
    uri: https://management.azure.com/subscriptions/00000000-0000-0000-0000-000000000000/resourceGroups/test_network_lb_outbound_rules000001/providers/Microsoft.Network/loadBalancers/lb1?api-version=2019-11-01
  response:
    body:
      string: "{\r\n  \"name\": \"lb1\",\r\n  \"id\": \"/subscriptions/00000000-0000-0000-0000-000000000000/resourceGroups/test_network_lb_outbound_rules000001/providers/Microsoft.Network/loadBalancers/lb1\",\r\n
        \ \"etag\": \"W/\\\"103535da-e426-4a80-bfcb-06a4f8741198\\\"\",\r\n  \"type\":
        \"Microsoft.Network/loadBalancers\",\r\n  \"location\": \"eastus2\",\r\n  \"tags\":
        {},\r\n  \"properties\": {\r\n    \"provisioningState\": \"Succeeded\",\r\n
        \   \"resourceGuid\": \"b70a0049-4f35-4a8b-86a9-7d372dbba288\",\r\n    \"frontendIPConfigurations\":
        [\r\n      {\r\n        \"name\": \"LoadBalancerFrontEnd\",\r\n        \"id\":
        \"/subscriptions/00000000-0000-0000-0000-000000000000/resourceGroups/test_network_lb_outbound_rules000001/providers/Microsoft.Network/loadBalancers/lb1/frontendIPConfigurations/LoadBalancerFrontEnd\",\r\n
        \       \"etag\": \"W/\\\"103535da-e426-4a80-bfcb-06a4f8741198\\\"\",\r\n
        \       \"type\": \"Microsoft.Network/loadBalancers/frontendIPConfigurations\",\r\n
        \       \"properties\": {\r\n          \"provisioningState\": \"Succeeded\",\r\n
        \         \"privateIPAllocationMethod\": \"Dynamic\",\r\n          \"publicIPAddress\":
        {\r\n            \"id\": \"/subscriptions/00000000-0000-0000-0000-000000000000/resourceGroups/test_network_lb_outbound_rules000001/providers/Microsoft.Network/publicIPAddresses/PublicIPlb1\"\r\n
        \         },\r\n          \"privateIPAddressVersion\": \"IPv4\"\r\n        }\r\n
        \     },\r\n      {\r\n        \"name\": \"prefixFrontEnd\",\r\n        \"id\":
        \"/subscriptions/00000000-0000-0000-0000-000000000000/resourceGroups/test_network_lb_outbound_rules000001/providers/Microsoft.Network/loadBalancers/lb1/frontendIPConfigurations/prefixFrontEnd\",\r\n
        \       \"etag\": \"W/\\\"103535da-e426-4a80-bfcb-06a4f8741198\\\"\",\r\n
        \       \"type\": \"Microsoft.Network/loadBalancers/frontendIPConfigurations\",\r\n
        \       \"properties\": {\r\n          \"provisioningState\": \"Succeeded\",\r\n
        \         \"privateIPAllocationMethod\": \"Dynamic\",\r\n          \"publicIPPrefix\":
        {\r\n            \"id\": \"/subscriptions/00000000-0000-0000-0000-000000000000/resourceGroups/test_network_lb_outbound_rules000001/providers/Microsoft.Network/publicIPPrefixes/prefix1\"\r\n
        \         },\r\n          \"privateIPAddressVersion\": \"IPv4\"\r\n        }\r\n
        \     }\r\n    ],\r\n    \"backendAddressPools\": [\r\n      {\r\n        \"name\":
        \"lb1bepool\",\r\n        \"id\": \"/subscriptions/00000000-0000-0000-0000-000000000000/resourceGroups/test_network_lb_outbound_rules000001/providers/Microsoft.Network/loadBalancers/lb1/backendAddressPools/lb1bepool\",\r\n
        \       \"etag\": \"W/\\\"103535da-e426-4a80-bfcb-06a4f8741198\\\"\",\r\n
        \       \"properties\": {\r\n          \"provisioningState\": \"Succeeded\"\r\n
        \       },\r\n        \"type\": \"Microsoft.Network/loadBalancers/backendAddressPools\"\r\n
        \     }\r\n    ],\r\n    \"loadBalancingRules\": [],\r\n    \"probes\": [],\r\n
        \   \"inboundNatRules\": [],\r\n    \"outboundRules\": [],\r\n    \"inboundNatPools\":
        []\r\n  },\r\n  \"sku\": {\r\n    \"name\": \"Standard\"\r\n  }\r\n}"
    headers:
      azure-asyncoperation:
      - https://management.azure.com/subscriptions/00000000-0000-0000-0000-000000000000/providers/Microsoft.Network/locations/eastus2/operations/f35f8786-bbff-47a9-bfda-b85281bb38cf?api-version=2019-11-01
      cache-control:
      - no-cache
      content-length:
      - '3022'
      content-type:
      - application/json; charset=utf-8
      date:
      - Thu, 06 Feb 2020 19:18:40 GMT
      expires:
      - '-1'
      pragma:
      - no-cache
      server:
      - Microsoft-HTTPAPI/2.0
      - Microsoft-HTTPAPI/2.0
      strict-transport-security:
      - max-age=31536000; includeSubDomains
      transfer-encoding:
      - chunked
      vary:
      - Accept-Encoding
      x-content-type-options:
      - nosniff
      x-ms-arm-service-request-id:
      - fa58ee1a-ff51-4fd1-9c2f-77ef7dd58a89
      x-ms-ratelimit-remaining-subscription-writes:
      - '1197'
    status:
      code: 200
      message: OK
- request:
    body: null
    headers:
      Accept:
      - application/json
      Accept-Encoding:
      - gzip, deflate
      CommandName:
      - network lb frontend-ip create
      Connection:
      - keep-alive
      ParameterSetName:
      - -g --lb-name -n --public-ip-prefix
      User-Agent:
      - python/3.6.8 (Windows-10-10.0.18362-SP0) msrest/0.6.10 msrest_azure/0.6.2
        azure-mgmt-network/9.0.0 Azure-SDK-For-Python AZURECLI/2.0.81
    method: GET
    uri: https://management.azure.com/subscriptions/00000000-0000-0000-0000-000000000000/providers/Microsoft.Network/locations/eastus2/operations/f35f8786-bbff-47a9-bfda-b85281bb38cf?api-version=2019-11-01
  response:
    body:
      string: "{\r\n  \"status\": \"Succeeded\"\r\n}"
    headers:
      cache-control:
      - no-cache
      content-length:
      - '29'
      content-type:
      - application/json; charset=utf-8
      date:
      - Thu, 06 Feb 2020 19:19:12 GMT
      expires:
      - '-1'
      pragma:
      - no-cache
      server:
      - Microsoft-HTTPAPI/2.0
      - Microsoft-HTTPAPI/2.0
      strict-transport-security:
      - max-age=31536000; includeSubDomains
      transfer-encoding:
      - chunked
      vary:
      - Accept-Encoding
      x-content-type-options:
      - nosniff
      x-ms-arm-service-request-id:
      - 90360b06-070a-4fd3-bab7-d2946832fbf7
    status:
      code: 200
      message: OK
- request:
    body: null
    headers:
      Accept:
      - application/json
      Accept-Encoding:
      - gzip, deflate
      CommandName:
      - network lb frontend-ip create
      Connection:
      - keep-alive
      ParameterSetName:
      - -g --lb-name -n --public-ip-prefix
      User-Agent:
      - python/3.6.8 (Windows-10-10.0.18362-SP0) msrest/0.6.10 msrest_azure/0.6.2
        azure-mgmt-network/9.0.0 Azure-SDK-For-Python AZURECLI/2.0.81
    method: GET
    uri: https://management.azure.com/subscriptions/00000000-0000-0000-0000-000000000000/resourceGroups/test_network_lb_outbound_rules000001/providers/Microsoft.Network/loadBalancers/lb1?api-version=2019-11-01
  response:
    body:
      string: "{\r\n  \"name\": \"lb1\",\r\n  \"id\": \"/subscriptions/00000000-0000-0000-0000-000000000000/resourceGroups/test_network_lb_outbound_rules000001/providers/Microsoft.Network/loadBalancers/lb1\",\r\n
        \ \"etag\": \"W/\\\"103535da-e426-4a80-bfcb-06a4f8741198\\\"\",\r\n  \"type\":
        \"Microsoft.Network/loadBalancers\",\r\n  \"location\": \"eastus2\",\r\n  \"tags\":
        {},\r\n  \"properties\": {\r\n    \"provisioningState\": \"Succeeded\",\r\n
        \   \"resourceGuid\": \"b70a0049-4f35-4a8b-86a9-7d372dbba288\",\r\n    \"frontendIPConfigurations\":
        [\r\n      {\r\n        \"name\": \"LoadBalancerFrontEnd\",\r\n        \"id\":
        \"/subscriptions/00000000-0000-0000-0000-000000000000/resourceGroups/test_network_lb_outbound_rules000001/providers/Microsoft.Network/loadBalancers/lb1/frontendIPConfigurations/LoadBalancerFrontEnd\",\r\n
        \       \"etag\": \"W/\\\"103535da-e426-4a80-bfcb-06a4f8741198\\\"\",\r\n
        \       \"type\": \"Microsoft.Network/loadBalancers/frontendIPConfigurations\",\r\n
        \       \"properties\": {\r\n          \"provisioningState\": \"Succeeded\",\r\n
        \         \"privateIPAllocationMethod\": \"Dynamic\",\r\n          \"publicIPAddress\":
        {\r\n            \"id\": \"/subscriptions/00000000-0000-0000-0000-000000000000/resourceGroups/test_network_lb_outbound_rules000001/providers/Microsoft.Network/publicIPAddresses/PublicIPlb1\"\r\n
        \         },\r\n          \"privateIPAddressVersion\": \"IPv4\"\r\n        }\r\n
        \     },\r\n      {\r\n        \"name\": \"prefixFrontEnd\",\r\n        \"id\":
        \"/subscriptions/00000000-0000-0000-0000-000000000000/resourceGroups/test_network_lb_outbound_rules000001/providers/Microsoft.Network/loadBalancers/lb1/frontendIPConfigurations/prefixFrontEnd\",\r\n
        \       \"etag\": \"W/\\\"103535da-e426-4a80-bfcb-06a4f8741198\\\"\",\r\n
        \       \"type\": \"Microsoft.Network/loadBalancers/frontendIPConfigurations\",\r\n
        \       \"properties\": {\r\n          \"provisioningState\": \"Succeeded\",\r\n
        \         \"privateIPAllocationMethod\": \"Dynamic\",\r\n          \"publicIPPrefix\":
        {\r\n            \"id\": \"/subscriptions/00000000-0000-0000-0000-000000000000/resourceGroups/test_network_lb_outbound_rules000001/providers/Microsoft.Network/publicIPPrefixes/prefix1\"\r\n
        \         },\r\n          \"privateIPAddressVersion\": \"IPv4\"\r\n        }\r\n
        \     }\r\n    ],\r\n    \"backendAddressPools\": [\r\n      {\r\n        \"name\":
        \"lb1bepool\",\r\n        \"id\": \"/subscriptions/00000000-0000-0000-0000-000000000000/resourceGroups/test_network_lb_outbound_rules000001/providers/Microsoft.Network/loadBalancers/lb1/backendAddressPools/lb1bepool\",\r\n
        \       \"etag\": \"W/\\\"103535da-e426-4a80-bfcb-06a4f8741198\\\"\",\r\n
        \       \"properties\": {\r\n          \"provisioningState\": \"Succeeded\"\r\n
        \       },\r\n        \"type\": \"Microsoft.Network/loadBalancers/backendAddressPools\"\r\n
        \     }\r\n    ],\r\n    \"loadBalancingRules\": [],\r\n    \"probes\": [],\r\n
        \   \"inboundNatRules\": [],\r\n    \"outboundRules\": [],\r\n    \"inboundNatPools\":
        []\r\n  },\r\n  \"sku\": {\r\n    \"name\": \"Standard\"\r\n  }\r\n}"
    headers:
      cache-control:
      - no-cache
      content-length:
      - '3022'
      content-type:
      - application/json; charset=utf-8
      date:
      - Thu, 06 Feb 2020 19:19:12 GMT
      etag:
      - W/"103535da-e426-4a80-bfcb-06a4f8741198"
      expires:
      - '-1'
      pragma:
      - no-cache
      server:
      - Microsoft-HTTPAPI/2.0
      - Microsoft-HTTPAPI/2.0
      strict-transport-security:
      - max-age=31536000; includeSubDomains
      transfer-encoding:
      - chunked
      vary:
      - Accept-Encoding
      x-content-type-options:
      - nosniff
      x-ms-arm-service-request-id:
      - dad27f00-75b0-488d-b4a9-cc8858bf28d4
    status:
      code: 200
      message: OK
- request:
    body: null
    headers:
      Accept:
      - application/json
      Accept-Encoding:
      - gzip, deflate
      CommandName:
      - network lb outbound-rule create
      Connection:
      - keep-alive
      ParameterSetName:
      - -g --lb-name -n --address-pool --enable-tcp-reset --frontend-ip-configs --outbound-ports
        --protocol
      User-Agent:
      - python/3.6.8 (Windows-10-10.0.18362-SP0) msrest/0.6.10 msrest_azure/0.6.2
        azure-mgmt-network/9.0.0 Azure-SDK-For-Python AZURECLI/2.0.81
      accept-language:
      - en-US
    method: GET
    uri: https://management.azure.com/subscriptions/00000000-0000-0000-0000-000000000000/resourceGroups/test_network_lb_outbound_rules000001/providers/Microsoft.Network/loadBalancers/lb1?api-version=2019-11-01
  response:
    body:
      string: "{\r\n  \"name\": \"lb1\",\r\n  \"id\": \"/subscriptions/00000000-0000-0000-0000-000000000000/resourceGroups/test_network_lb_outbound_rules000001/providers/Microsoft.Network/loadBalancers/lb1\",\r\n
        \ \"etag\": \"W/\\\"103535da-e426-4a80-bfcb-06a4f8741198\\\"\",\r\n  \"type\":
        \"Microsoft.Network/loadBalancers\",\r\n  \"location\": \"eastus2\",\r\n  \"tags\":
        {},\r\n  \"properties\": {\r\n    \"provisioningState\": \"Succeeded\",\r\n
        \   \"resourceGuid\": \"b70a0049-4f35-4a8b-86a9-7d372dbba288\",\r\n    \"frontendIPConfigurations\":
        [\r\n      {\r\n        \"name\": \"LoadBalancerFrontEnd\",\r\n        \"id\":
        \"/subscriptions/00000000-0000-0000-0000-000000000000/resourceGroups/test_network_lb_outbound_rules000001/providers/Microsoft.Network/loadBalancers/lb1/frontendIPConfigurations/LoadBalancerFrontEnd\",\r\n
        \       \"etag\": \"W/\\\"103535da-e426-4a80-bfcb-06a4f8741198\\\"\",\r\n
        \       \"type\": \"Microsoft.Network/loadBalancers/frontendIPConfigurations\",\r\n
        \       \"properties\": {\r\n          \"provisioningState\": \"Succeeded\",\r\n
        \         \"privateIPAllocationMethod\": \"Dynamic\",\r\n          \"publicIPAddress\":
        {\r\n            \"id\": \"/subscriptions/00000000-0000-0000-0000-000000000000/resourceGroups/test_network_lb_outbound_rules000001/providers/Microsoft.Network/publicIPAddresses/PublicIPlb1\"\r\n
        \         },\r\n          \"privateIPAddressVersion\": \"IPv4\"\r\n        }\r\n
        \     },\r\n      {\r\n        \"name\": \"prefixFrontEnd\",\r\n        \"id\":
        \"/subscriptions/00000000-0000-0000-0000-000000000000/resourceGroups/test_network_lb_outbound_rules000001/providers/Microsoft.Network/loadBalancers/lb1/frontendIPConfigurations/prefixFrontEnd\",\r\n
        \       \"etag\": \"W/\\\"103535da-e426-4a80-bfcb-06a4f8741198\\\"\",\r\n
        \       \"type\": \"Microsoft.Network/loadBalancers/frontendIPConfigurations\",\r\n
        \       \"properties\": {\r\n          \"provisioningState\": \"Succeeded\",\r\n
        \         \"privateIPAllocationMethod\": \"Dynamic\",\r\n          \"publicIPPrefix\":
        {\r\n            \"id\": \"/subscriptions/00000000-0000-0000-0000-000000000000/resourceGroups/test_network_lb_outbound_rules000001/providers/Microsoft.Network/publicIPPrefixes/prefix1\"\r\n
        \         },\r\n          \"privateIPAddressVersion\": \"IPv4\"\r\n        }\r\n
        \     }\r\n    ],\r\n    \"backendAddressPools\": [\r\n      {\r\n        \"name\":
        \"lb1bepool\",\r\n        \"id\": \"/subscriptions/00000000-0000-0000-0000-000000000000/resourceGroups/test_network_lb_outbound_rules000001/providers/Microsoft.Network/loadBalancers/lb1/backendAddressPools/lb1bepool\",\r\n
        \       \"etag\": \"W/\\\"103535da-e426-4a80-bfcb-06a4f8741198\\\"\",\r\n
        \       \"properties\": {\r\n          \"provisioningState\": \"Succeeded\"\r\n
        \       },\r\n        \"type\": \"Microsoft.Network/loadBalancers/backendAddressPools\"\r\n
        \     }\r\n    ],\r\n    \"loadBalancingRules\": [],\r\n    \"probes\": [],\r\n
        \   \"inboundNatRules\": [],\r\n    \"outboundRules\": [],\r\n    \"inboundNatPools\":
        []\r\n  },\r\n  \"sku\": {\r\n    \"name\": \"Standard\"\r\n  }\r\n}"
    headers:
      cache-control:
      - no-cache
      content-length:
      - '3022'
      content-type:
      - application/json; charset=utf-8
      date:
      - Thu, 06 Feb 2020 19:19:13 GMT
      etag:
      - W/"103535da-e426-4a80-bfcb-06a4f8741198"
      expires:
      - '-1'
      pragma:
      - no-cache
      server:
      - Microsoft-HTTPAPI/2.0
      - Microsoft-HTTPAPI/2.0
      strict-transport-security:
      - max-age=31536000; includeSubDomains
      transfer-encoding:
      - chunked
      vary:
      - Accept-Encoding
      x-content-type-options:
      - nosniff
      x-ms-arm-service-request-id:
      - 5c21e606-4755-4ff5-a247-957128f13f10
    status:
      code: 200
      message: OK
- request:
    body: 'b''{"id": "/subscriptions/00000000-0000-0000-0000-000000000000/resourceGroups/test_network_lb_outbound_rules000001/providers/Microsoft.Network/loadBalancers/lb1",
      "location": "eastus2", "tags": {}, "sku": {"name": "Standard"}, "properties":
      {"frontendIPConfigurations": [{"id": "/subscriptions/00000000-0000-0000-0000-000000000000/resourceGroups/test_network_lb_outbound_rules000001/providers/Microsoft.Network/loadBalancers/lb1/frontendIPConfigurations/LoadBalancerFrontEnd",
      "properties": {"privateIPAllocationMethod": "Dynamic", "privateIPAddressVersion":
      "IPv4", "publicIPAddress": {"id": "/subscriptions/00000000-0000-0000-0000-000000000000/resourceGroups/test_network_lb_outbound_rules000001/providers/Microsoft.Network/publicIPAddresses/PublicIPlb1"}},
      "name": "LoadBalancerFrontEnd"}, {"id": "/subscriptions/00000000-0000-0000-0000-000000000000/resourceGroups/test_network_lb_outbound_rules000001/providers/Microsoft.Network/loadBalancers/lb1/frontendIPConfigurations/prefixFrontEnd",
      "properties": {"privateIPAllocationMethod": "Dynamic", "privateIPAddressVersion":
      "IPv4", "publicIPPrefix": {"id": "/subscriptions/00000000-0000-0000-0000-000000000000/resourceGroups/test_network_lb_outbound_rules000001/providers/Microsoft.Network/publicIPPrefixes/prefix1"}},
      "name": "prefixFrontEnd"}], "backendAddressPools": [{"id": "/subscriptions/00000000-0000-0000-0000-000000000000/resourceGroups/test_network_lb_outbound_rules000001/providers/Microsoft.Network/loadBalancers/lb1/backendAddressPools/lb1bepool",
      "name": "lb1bepool"}], "loadBalancingRules": [], "probes": [], "inboundNatRules":
      [], "inboundNatPools": [], "outboundRules": [{"properties": {"allocatedOutboundPorts":
      512, "frontendIPConfigurations": [{"id": "/subscriptions/00000000-0000-0000-0000-000000000000/resourceGroups/test_network_lb_outbound_rules000001/providers/Microsoft.Network/loadBalancers/lb1/frontendIpConfigurations/LoadBalancerFrontEnd"}],
      "backendAddressPool": {"id": "/subscriptions/00000000-0000-0000-0000-000000000000/resourceGroups/test_network_lb_outbound_rules000001/providers/Microsoft.Network/loadBalancers/lb1/backendAddressPools/lb1bepool"},
      "protocol": "Tcp", "enableTcpReset": true}, "name": "rule1"}]}}'''
    headers:
      Accept:
      - application/json
      Accept-Encoding:
      - gzip, deflate
      CommandName:
      - network lb outbound-rule create
      Connection:
      - keep-alive
      Content-Length:
      - '2508'
      Content-Type:
      - application/json; charset=utf-8
      ParameterSetName:
      - -g --lb-name -n --address-pool --enable-tcp-reset --frontend-ip-configs --outbound-ports
        --protocol
      User-Agent:
      - python/3.6.8 (Windows-10-10.0.18362-SP0) msrest/0.6.10 msrest_azure/0.6.2
        azure-mgmt-network/9.0.0 Azure-SDK-For-Python AZURECLI/2.0.81
      accept-language:
      - en-US
    method: PUT
    uri: https://management.azure.com/subscriptions/00000000-0000-0000-0000-000000000000/resourceGroups/test_network_lb_outbound_rules000001/providers/Microsoft.Network/loadBalancers/lb1?api-version=2019-11-01
  response:
    body:
      string: "{\r\n  \"name\": \"lb1\",\r\n  \"id\": \"/subscriptions/00000000-0000-0000-0000-000000000000/resourceGroups/test_network_lb_outbound_rules000001/providers/Microsoft.Network/loadBalancers/lb1\",\r\n
        \ \"etag\": \"W/\\\"091601c5-21f4-4661-bddd-7e2390bf1ac5\\\"\",\r\n  \"type\":
        \"Microsoft.Network/loadBalancers\",\r\n  \"location\": \"eastus2\",\r\n  \"tags\":
        {},\r\n  \"properties\": {\r\n    \"provisioningState\": \"Succeeded\",\r\n
        \   \"resourceGuid\": \"b70a0049-4f35-4a8b-86a9-7d372dbba288\",\r\n    \"frontendIPConfigurations\":
        [\r\n      {\r\n        \"name\": \"LoadBalancerFrontEnd\",\r\n        \"id\":
        \"/subscriptions/00000000-0000-0000-0000-000000000000/resourceGroups/test_network_lb_outbound_rules000001/providers/Microsoft.Network/loadBalancers/lb1/frontendIPConfigurations/LoadBalancerFrontEnd\",\r\n
        \       \"etag\": \"W/\\\"091601c5-21f4-4661-bddd-7e2390bf1ac5\\\"\",\r\n
        \       \"type\": \"Microsoft.Network/loadBalancers/frontendIPConfigurations\",\r\n
        \       \"properties\": {\r\n          \"provisioningState\": \"Succeeded\",\r\n
        \         \"privateIPAllocationMethod\": \"Dynamic\",\r\n          \"publicIPAddress\":
        {\r\n            \"id\": \"/subscriptions/00000000-0000-0000-0000-000000000000/resourceGroups/test_network_lb_outbound_rules000001/providers/Microsoft.Network/publicIPAddresses/PublicIPlb1\"\r\n
        \         },\r\n          \"outboundRules\": [\r\n            {\r\n              \"id\":
        \"/subscriptions/00000000-0000-0000-0000-000000000000/resourceGroups/test_network_lb_outbound_rules000001/providers/Microsoft.Network/loadBalancers/lb1/outboundRules/rule1\"\r\n
        \           }\r\n          ],\r\n          \"privateIPAddressVersion\": \"IPv4\"\r\n
        \       }\r\n      },\r\n      {\r\n        \"name\": \"prefixFrontEnd\",\r\n
        \       \"id\": \"/subscriptions/00000000-0000-0000-0000-000000000000/resourceGroups/test_network_lb_outbound_rules000001/providers/Microsoft.Network/loadBalancers/lb1/frontendIPConfigurations/prefixFrontEnd\",\r\n
        \       \"etag\": \"W/\\\"091601c5-21f4-4661-bddd-7e2390bf1ac5\\\"\",\r\n
        \       \"type\": \"Microsoft.Network/loadBalancers/frontendIPConfigurations\",\r\n
        \       \"properties\": {\r\n          \"provisioningState\": \"Succeeded\",\r\n
        \         \"privateIPAllocationMethod\": \"Dynamic\",\r\n          \"publicIPPrefix\":
        {\r\n            \"id\": \"/subscriptions/00000000-0000-0000-0000-000000000000/resourceGroups/test_network_lb_outbound_rules000001/providers/Microsoft.Network/publicIPPrefixes/prefix1\"\r\n
        \         },\r\n          \"privateIPAddressVersion\": \"IPv4\"\r\n        }\r\n
        \     }\r\n    ],\r\n    \"backendAddressPools\": [\r\n      {\r\n        \"name\":
        \"lb1bepool\",\r\n        \"id\": \"/subscriptions/00000000-0000-0000-0000-000000000000/resourceGroups/test_network_lb_outbound_rules000001/providers/Microsoft.Network/loadBalancers/lb1/backendAddressPools/lb1bepool\",\r\n
        \       \"etag\": \"W/\\\"091601c5-21f4-4661-bddd-7e2390bf1ac5\\\"\",\r\n
        \       \"properties\": {\r\n          \"provisioningState\": \"Succeeded\",\r\n
        \         \"outboundRules\": [\r\n            {\r\n              \"id\": \"/subscriptions/00000000-0000-0000-0000-000000000000/resourceGroups/test_network_lb_outbound_rules000001/providers/Microsoft.Network/loadBalancers/lb1/outboundRules/rule1\"\r\n
        \           }\r\n          ]\r\n        },\r\n        \"type\": \"Microsoft.Network/loadBalancers/backendAddressPools\"\r\n
        \     }\r\n    ],\r\n    \"loadBalancingRules\": [],\r\n    \"probes\": [],\r\n
        \   \"inboundNatRules\": [],\r\n    \"outboundRules\": [\r\n      {\r\n        \"name\":
        \"rule1\",\r\n        \"id\": \"/subscriptions/00000000-0000-0000-0000-000000000000/resourceGroups/test_network_lb_outbound_rules000001/providers/Microsoft.Network/loadBalancers/lb1/outboundRules/rule1\",\r\n
        \       \"etag\": \"W/\\\"091601c5-21f4-4661-bddd-7e2390bf1ac5\\\"\",\r\n
        \       \"type\": \"Microsoft.Network/loadBalancers/outboundRules\",\r\n        \"properties\":
        {\r\n          \"provisioningState\": \"Succeeded\",\r\n          \"allocatedOutboundPorts\":
        512,\r\n          \"protocol\": \"Tcp\",\r\n          \"enableTcpReset\":
        true,\r\n          \"idleTimeoutInMinutes\": 4,\r\n          \"backendAddressPool\":
        {\r\n            \"id\": \"/subscriptions/00000000-0000-0000-0000-000000000000/resourceGroups/test_network_lb_outbound_rules000001/providers/Microsoft.Network/loadBalancers/lb1/backendAddressPools/lb1bepool\"\r\n
        \         },\r\n          \"frontendIPConfigurations\": [\r\n            {\r\n
        \             \"id\": \"/subscriptions/00000000-0000-0000-0000-000000000000/resourceGroups/test_network_lb_outbound_rules000001/providers/Microsoft.Network/loadBalancers/lb1/frontendIPConfigurations/LoadBalancerFrontEnd\"\r\n
        \           }\r\n          ]\r\n        }\r\n      }\r\n    ],\r\n    \"inboundNatPools\":
        []\r\n  },\r\n  \"sku\": {\r\n    \"name\": \"Standard\"\r\n  }\r\n}"
    headers:
      azure-asyncoperation:
      - https://management.azure.com/subscriptions/00000000-0000-0000-0000-000000000000/providers/Microsoft.Network/locations/eastus2/operations/4acf3731-fd5f-424e-aa01-10407ddd7133?api-version=2019-11-01
      cache-control:
      - no-cache
      content-length:
      - '4897'
      content-type:
      - application/json; charset=utf-8
      date:
      - Thu, 06 Feb 2020 19:19:14 GMT
      expires:
      - '-1'
      pragma:
      - no-cache
      server:
      - Microsoft-HTTPAPI/2.0
      - Microsoft-HTTPAPI/2.0
      strict-transport-security:
      - max-age=31536000; includeSubDomains
      transfer-encoding:
      - chunked
      vary:
      - Accept-Encoding
      x-content-type-options:
      - nosniff
      x-ms-arm-service-request-id:
      - a7980ad6-dc4e-4806-b7f2-06728a3d9f81
      x-ms-ratelimit-remaining-subscription-writes:
      - '1195'
    status:
      code: 200
      message: OK
- request:
    body: null
    headers:
      Accept:
      - application/json
      Accept-Encoding:
      - gzip, deflate
      CommandName:
      - network lb outbound-rule create
      Connection:
      - keep-alive
      ParameterSetName:
      - -g --lb-name -n --address-pool --enable-tcp-reset --frontend-ip-configs --outbound-ports
        --protocol
      User-Agent:
      - python/3.6.8 (Windows-10-10.0.18362-SP0) msrest/0.6.10 msrest_azure/0.6.2
        azure-mgmt-network/9.0.0 Azure-SDK-For-Python AZURECLI/2.0.81
    method: GET
    uri: https://management.azure.com/subscriptions/00000000-0000-0000-0000-000000000000/providers/Microsoft.Network/locations/eastus2/operations/4acf3731-fd5f-424e-aa01-10407ddd7133?api-version=2019-11-01
  response:
    body:
      string: "{\r\n  \"status\": \"Succeeded\"\r\n}"
    headers:
      cache-control:
      - no-cache
      content-length:
      - '29'
      content-type:
      - application/json; charset=utf-8
      date:
      - Thu, 06 Feb 2020 19:19:46 GMT
      expires:
      - '-1'
      pragma:
      - no-cache
      server:
      - Microsoft-HTTPAPI/2.0
      - Microsoft-HTTPAPI/2.0
      strict-transport-security:
      - max-age=31536000; includeSubDomains
      transfer-encoding:
      - chunked
      vary:
      - Accept-Encoding
      x-content-type-options:
      - nosniff
      x-ms-arm-service-request-id:
      - 86457e8b-7758-47c4-9b17-754f26cd3e4e
    status:
      code: 200
      message: OK
- request:
    body: null
    headers:
      Accept:
      - application/json
      Accept-Encoding:
      - gzip, deflate
      CommandName:
      - network lb outbound-rule create
      Connection:
      - keep-alive
      ParameterSetName:
      - -g --lb-name -n --address-pool --enable-tcp-reset --frontend-ip-configs --outbound-ports
        --protocol
      User-Agent:
      - python/3.6.8 (Windows-10-10.0.18362-SP0) msrest/0.6.10 msrest_azure/0.6.2
        azure-mgmt-network/9.0.0 Azure-SDK-For-Python AZURECLI/2.0.81
    method: GET
    uri: https://management.azure.com/subscriptions/00000000-0000-0000-0000-000000000000/resourceGroups/test_network_lb_outbound_rules000001/providers/Microsoft.Network/loadBalancers/lb1?api-version=2019-11-01
  response:
    body:
      string: "{\r\n  \"name\": \"lb1\",\r\n  \"id\": \"/subscriptions/00000000-0000-0000-0000-000000000000/resourceGroups/test_network_lb_outbound_rules000001/providers/Microsoft.Network/loadBalancers/lb1\",\r\n
        \ \"etag\": \"W/\\\"091601c5-21f4-4661-bddd-7e2390bf1ac5\\\"\",\r\n  \"type\":
        \"Microsoft.Network/loadBalancers\",\r\n  \"location\": \"eastus2\",\r\n  \"tags\":
        {},\r\n  \"properties\": {\r\n    \"provisioningState\": \"Succeeded\",\r\n
        \   \"resourceGuid\": \"b70a0049-4f35-4a8b-86a9-7d372dbba288\",\r\n    \"frontendIPConfigurations\":
        [\r\n      {\r\n        \"name\": \"LoadBalancerFrontEnd\",\r\n        \"id\":
        \"/subscriptions/00000000-0000-0000-0000-000000000000/resourceGroups/test_network_lb_outbound_rules000001/providers/Microsoft.Network/loadBalancers/lb1/frontendIPConfigurations/LoadBalancerFrontEnd\",\r\n
        \       \"etag\": \"W/\\\"091601c5-21f4-4661-bddd-7e2390bf1ac5\\\"\",\r\n
        \       \"type\": \"Microsoft.Network/loadBalancers/frontendIPConfigurations\",\r\n
        \       \"properties\": {\r\n          \"provisioningState\": \"Succeeded\",\r\n
        \         \"privateIPAllocationMethod\": \"Dynamic\",\r\n          \"publicIPAddress\":
        {\r\n            \"id\": \"/subscriptions/00000000-0000-0000-0000-000000000000/resourceGroups/test_network_lb_outbound_rules000001/providers/Microsoft.Network/publicIPAddresses/PublicIPlb1\"\r\n
        \         },\r\n          \"outboundRules\": [\r\n            {\r\n              \"id\":
        \"/subscriptions/00000000-0000-0000-0000-000000000000/resourceGroups/test_network_lb_outbound_rules000001/providers/Microsoft.Network/loadBalancers/lb1/outboundRules/rule1\"\r\n
        \           }\r\n          ],\r\n          \"privateIPAddressVersion\": \"IPv4\"\r\n
        \       }\r\n      },\r\n      {\r\n        \"name\": \"prefixFrontEnd\",\r\n
        \       \"id\": \"/subscriptions/00000000-0000-0000-0000-000000000000/resourceGroups/test_network_lb_outbound_rules000001/providers/Microsoft.Network/loadBalancers/lb1/frontendIPConfigurations/prefixFrontEnd\",\r\n
        \       \"etag\": \"W/\\\"091601c5-21f4-4661-bddd-7e2390bf1ac5\\\"\",\r\n
        \       \"type\": \"Microsoft.Network/loadBalancers/frontendIPConfigurations\",\r\n
        \       \"properties\": {\r\n          \"provisioningState\": \"Succeeded\",\r\n
        \         \"privateIPAllocationMethod\": \"Dynamic\",\r\n          \"publicIPPrefix\":
        {\r\n            \"id\": \"/subscriptions/00000000-0000-0000-0000-000000000000/resourceGroups/test_network_lb_outbound_rules000001/providers/Microsoft.Network/publicIPPrefixes/prefix1\"\r\n
        \         },\r\n          \"privateIPAddressVersion\": \"IPv4\"\r\n        }\r\n
        \     }\r\n    ],\r\n    \"backendAddressPools\": [\r\n      {\r\n        \"name\":
        \"lb1bepool\",\r\n        \"id\": \"/subscriptions/00000000-0000-0000-0000-000000000000/resourceGroups/test_network_lb_outbound_rules000001/providers/Microsoft.Network/loadBalancers/lb1/backendAddressPools/lb1bepool\",\r\n
        \       \"etag\": \"W/\\\"091601c5-21f4-4661-bddd-7e2390bf1ac5\\\"\",\r\n
        \       \"properties\": {\r\n          \"provisioningState\": \"Succeeded\",\r\n
        \         \"outboundRules\": [\r\n            {\r\n              \"id\": \"/subscriptions/00000000-0000-0000-0000-000000000000/resourceGroups/test_network_lb_outbound_rules000001/providers/Microsoft.Network/loadBalancers/lb1/outboundRules/rule1\"\r\n
        \           }\r\n          ]\r\n        },\r\n        \"type\": \"Microsoft.Network/loadBalancers/backendAddressPools\"\r\n
        \     }\r\n    ],\r\n    \"loadBalancingRules\": [],\r\n    \"probes\": [],\r\n
        \   \"inboundNatRules\": [],\r\n    \"outboundRules\": [\r\n      {\r\n        \"name\":
        \"rule1\",\r\n        \"id\": \"/subscriptions/00000000-0000-0000-0000-000000000000/resourceGroups/test_network_lb_outbound_rules000001/providers/Microsoft.Network/loadBalancers/lb1/outboundRules/rule1\",\r\n
        \       \"etag\": \"W/\\\"091601c5-21f4-4661-bddd-7e2390bf1ac5\\\"\",\r\n
        \       \"type\": \"Microsoft.Network/loadBalancers/outboundRules\",\r\n        \"properties\":
        {\r\n          \"provisioningState\": \"Succeeded\",\r\n          \"allocatedOutboundPorts\":
        512,\r\n          \"protocol\": \"Tcp\",\r\n          \"enableTcpReset\":
        true,\r\n          \"idleTimeoutInMinutes\": 4,\r\n          \"backendAddressPool\":
        {\r\n            \"id\": \"/subscriptions/00000000-0000-0000-0000-000000000000/resourceGroups/test_network_lb_outbound_rules000001/providers/Microsoft.Network/loadBalancers/lb1/backendAddressPools/lb1bepool\"\r\n
        \         },\r\n          \"frontendIPConfigurations\": [\r\n            {\r\n
        \             \"id\": \"/subscriptions/00000000-0000-0000-0000-000000000000/resourceGroups/test_network_lb_outbound_rules000001/providers/Microsoft.Network/loadBalancers/lb1/frontendIPConfigurations/LoadBalancerFrontEnd\"\r\n
        \           }\r\n          ]\r\n        }\r\n      }\r\n    ],\r\n    \"inboundNatPools\":
        []\r\n  },\r\n  \"sku\": {\r\n    \"name\": \"Standard\"\r\n  }\r\n}"
    headers:
      cache-control:
      - no-cache
      content-length:
      - '4897'
      content-type:
      - application/json; charset=utf-8
      date:
      - Thu, 06 Feb 2020 19:19:46 GMT
      etag:
      - W/"091601c5-21f4-4661-bddd-7e2390bf1ac5"
      expires:
      - '-1'
      pragma:
      - no-cache
      server:
      - Microsoft-HTTPAPI/2.0
      - Microsoft-HTTPAPI/2.0
      strict-transport-security:
      - max-age=31536000; includeSubDomains
      transfer-encoding:
      - chunked
      vary:
      - Accept-Encoding
      x-content-type-options:
      - nosniff
      x-ms-arm-service-request-id:
      - 47f685d2-e888-4c43-8e8a-738b0f31aae9
    status:
      code: 200
      message: OK
- request:
    body: null
    headers:
      Accept:
      - application/json
      Accept-Encoding:
      - gzip, deflate
      CommandName:
      - network lb outbound-rule create
      Connection:
      - keep-alive
      ParameterSetName:
      - -g --lb-name -n --address-pool --frontend-ip-configs --idle-timeout --protocol
      User-Agent:
      - python/3.6.8 (Windows-10-10.0.18362-SP0) msrest/0.6.10 msrest_azure/0.6.2
        azure-mgmt-network/9.0.0 Azure-SDK-For-Python AZURECLI/2.0.81
      accept-language:
      - en-US
    method: GET
    uri: https://management.azure.com/subscriptions/00000000-0000-0000-0000-000000000000/resourceGroups/test_network_lb_outbound_rules000001/providers/Microsoft.Network/loadBalancers/lb1?api-version=2019-11-01
  response:
    body:
      string: "{\r\n  \"name\": \"lb1\",\r\n  \"id\": \"/subscriptions/00000000-0000-0000-0000-000000000000/resourceGroups/test_network_lb_outbound_rules000001/providers/Microsoft.Network/loadBalancers/lb1\",\r\n
        \ \"etag\": \"W/\\\"091601c5-21f4-4661-bddd-7e2390bf1ac5\\\"\",\r\n  \"type\":
        \"Microsoft.Network/loadBalancers\",\r\n  \"location\": \"eastus2\",\r\n  \"tags\":
        {},\r\n  \"properties\": {\r\n    \"provisioningState\": \"Succeeded\",\r\n
        \   \"resourceGuid\": \"b70a0049-4f35-4a8b-86a9-7d372dbba288\",\r\n    \"frontendIPConfigurations\":
        [\r\n      {\r\n        \"name\": \"LoadBalancerFrontEnd\",\r\n        \"id\":
        \"/subscriptions/00000000-0000-0000-0000-000000000000/resourceGroups/test_network_lb_outbound_rules000001/providers/Microsoft.Network/loadBalancers/lb1/frontendIPConfigurations/LoadBalancerFrontEnd\",\r\n
        \       \"etag\": \"W/\\\"091601c5-21f4-4661-bddd-7e2390bf1ac5\\\"\",\r\n
        \       \"type\": \"Microsoft.Network/loadBalancers/frontendIPConfigurations\",\r\n
        \       \"properties\": {\r\n          \"provisioningState\": \"Succeeded\",\r\n
        \         \"privateIPAllocationMethod\": \"Dynamic\",\r\n          \"publicIPAddress\":
        {\r\n            \"id\": \"/subscriptions/00000000-0000-0000-0000-000000000000/resourceGroups/test_network_lb_outbound_rules000001/providers/Microsoft.Network/publicIPAddresses/PublicIPlb1\"\r\n
        \         },\r\n          \"outboundRules\": [\r\n            {\r\n              \"id\":
        \"/subscriptions/00000000-0000-0000-0000-000000000000/resourceGroups/test_network_lb_outbound_rules000001/providers/Microsoft.Network/loadBalancers/lb1/outboundRules/rule1\"\r\n
        \           }\r\n          ],\r\n          \"privateIPAddressVersion\": \"IPv4\"\r\n
        \       }\r\n      },\r\n      {\r\n        \"name\": \"prefixFrontEnd\",\r\n
        \       \"id\": \"/subscriptions/00000000-0000-0000-0000-000000000000/resourceGroups/test_network_lb_outbound_rules000001/providers/Microsoft.Network/loadBalancers/lb1/frontendIPConfigurations/prefixFrontEnd\",\r\n
        \       \"etag\": \"W/\\\"091601c5-21f4-4661-bddd-7e2390bf1ac5\\\"\",\r\n
        \       \"type\": \"Microsoft.Network/loadBalancers/frontendIPConfigurations\",\r\n
        \       \"properties\": {\r\n          \"provisioningState\": \"Succeeded\",\r\n
        \         \"privateIPAllocationMethod\": \"Dynamic\",\r\n          \"publicIPPrefix\":
        {\r\n            \"id\": \"/subscriptions/00000000-0000-0000-0000-000000000000/resourceGroups/test_network_lb_outbound_rules000001/providers/Microsoft.Network/publicIPPrefixes/prefix1\"\r\n
        \         },\r\n          \"privateIPAddressVersion\": \"IPv4\"\r\n        }\r\n
        \     }\r\n    ],\r\n    \"backendAddressPools\": [\r\n      {\r\n        \"name\":
        \"lb1bepool\",\r\n        \"id\": \"/subscriptions/00000000-0000-0000-0000-000000000000/resourceGroups/test_network_lb_outbound_rules000001/providers/Microsoft.Network/loadBalancers/lb1/backendAddressPools/lb1bepool\",\r\n
        \       \"etag\": \"W/\\\"091601c5-21f4-4661-bddd-7e2390bf1ac5\\\"\",\r\n
        \       \"properties\": {\r\n          \"provisioningState\": \"Succeeded\",\r\n
        \         \"outboundRules\": [\r\n            {\r\n              \"id\": \"/subscriptions/00000000-0000-0000-0000-000000000000/resourceGroups/test_network_lb_outbound_rules000001/providers/Microsoft.Network/loadBalancers/lb1/outboundRules/rule1\"\r\n
        \           }\r\n          ]\r\n        },\r\n        \"type\": \"Microsoft.Network/loadBalancers/backendAddressPools\"\r\n
        \     }\r\n    ],\r\n    \"loadBalancingRules\": [],\r\n    \"probes\": [],\r\n
        \   \"inboundNatRules\": [],\r\n    \"outboundRules\": [\r\n      {\r\n        \"name\":
        \"rule1\",\r\n        \"id\": \"/subscriptions/00000000-0000-0000-0000-000000000000/resourceGroups/test_network_lb_outbound_rules000001/providers/Microsoft.Network/loadBalancers/lb1/outboundRules/rule1\",\r\n
        \       \"etag\": \"W/\\\"091601c5-21f4-4661-bddd-7e2390bf1ac5\\\"\",\r\n
        \       \"type\": \"Microsoft.Network/loadBalancers/outboundRules\",\r\n        \"properties\":
        {\r\n          \"provisioningState\": \"Succeeded\",\r\n          \"allocatedOutboundPorts\":
        512,\r\n          \"protocol\": \"Tcp\",\r\n          \"enableTcpReset\":
        true,\r\n          \"idleTimeoutInMinutes\": 4,\r\n          \"backendAddressPool\":
        {\r\n            \"id\": \"/subscriptions/00000000-0000-0000-0000-000000000000/resourceGroups/test_network_lb_outbound_rules000001/providers/Microsoft.Network/loadBalancers/lb1/backendAddressPools/lb1bepool\"\r\n
        \         },\r\n          \"frontendIPConfigurations\": [\r\n            {\r\n
        \             \"id\": \"/subscriptions/00000000-0000-0000-0000-000000000000/resourceGroups/test_network_lb_outbound_rules000001/providers/Microsoft.Network/loadBalancers/lb1/frontendIPConfigurations/LoadBalancerFrontEnd\"\r\n
        \           }\r\n          ]\r\n        }\r\n      }\r\n    ],\r\n    \"inboundNatPools\":
        []\r\n  },\r\n  \"sku\": {\r\n    \"name\": \"Standard\"\r\n  }\r\n}"
    headers:
      cache-control:
      - no-cache
      content-length:
      - '4897'
      content-type:
      - application/json; charset=utf-8
      date:
      - Thu, 06 Feb 2020 19:19:47 GMT
      etag:
      - W/"091601c5-21f4-4661-bddd-7e2390bf1ac5"
      expires:
      - '-1'
      pragma:
      - no-cache
      server:
      - Microsoft-HTTPAPI/2.0
      - Microsoft-HTTPAPI/2.0
      strict-transport-security:
      - max-age=31536000; includeSubDomains
      transfer-encoding:
      - chunked
      vary:
      - Accept-Encoding
      x-content-type-options:
      - nosniff
      x-ms-arm-service-request-id:
      - 93590f0c-fb61-4790-957f-d1515319999c
    status:
      code: 200
      message: OK
- request:
    body: 'b''{"id": "/subscriptions/00000000-0000-0000-0000-000000000000/resourceGroups/test_network_lb_outbound_rules000001/providers/Microsoft.Network/loadBalancers/lb1",
      "location": "eastus2", "tags": {}, "sku": {"name": "Standard"}, "properties":
      {"frontendIPConfigurations": [{"id": "/subscriptions/00000000-0000-0000-0000-000000000000/resourceGroups/test_network_lb_outbound_rules000001/providers/Microsoft.Network/loadBalancers/lb1/frontendIPConfigurations/LoadBalancerFrontEnd",
      "properties": {"privateIPAllocationMethod": "Dynamic", "privateIPAddressVersion":
      "IPv4", "publicIPAddress": {"id": "/subscriptions/00000000-0000-0000-0000-000000000000/resourceGroups/test_network_lb_outbound_rules000001/providers/Microsoft.Network/publicIPAddresses/PublicIPlb1"}},
      "name": "LoadBalancerFrontEnd"}, {"id": "/subscriptions/00000000-0000-0000-0000-000000000000/resourceGroups/test_network_lb_outbound_rules000001/providers/Microsoft.Network/loadBalancers/lb1/frontendIPConfigurations/prefixFrontEnd",
      "properties": {"privateIPAllocationMethod": "Dynamic", "privateIPAddressVersion":
      "IPv4", "publicIPPrefix": {"id": "/subscriptions/00000000-0000-0000-0000-000000000000/resourceGroups/test_network_lb_outbound_rules000001/providers/Microsoft.Network/publicIPPrefixes/prefix1"}},
      "name": "prefixFrontEnd"}], "backendAddressPools": [{"id": "/subscriptions/00000000-0000-0000-0000-000000000000/resourceGroups/test_network_lb_outbound_rules000001/providers/Microsoft.Network/loadBalancers/lb1/backendAddressPools/lb1bepool",
      "name": "lb1bepool"}], "loadBalancingRules": [], "probes": [], "inboundNatRules":
      [], "inboundNatPools": [], "outboundRules": [{"id": "/subscriptions/00000000-0000-0000-0000-000000000000/resourceGroups/test_network_lb_outbound_rules000001/providers/Microsoft.Network/loadBalancers/lb1/outboundRules/rule1",
      "properties": {"allocatedOutboundPorts": 512, "frontendIPConfigurations": [{"id":
      "/subscriptions/00000000-0000-0000-0000-000000000000/resourceGroups/test_network_lb_outbound_rules000001/providers/Microsoft.Network/loadBalancers/lb1/frontendIPConfigurations/LoadBalancerFrontEnd"}],
      "backendAddressPool": {"id": "/subscriptions/00000000-0000-0000-0000-000000000000/resourceGroups/test_network_lb_outbound_rules000001/providers/Microsoft.Network/loadBalancers/lb1/backendAddressPools/lb1bepool"},
      "protocol": "Tcp", "enableTcpReset": true, "idleTimeoutInMinutes": 4}, "name":
      "rule1"}, {"properties": {"frontendIPConfigurations": [{"id": "/subscriptions/00000000-0000-0000-0000-000000000000/resourceGroups/test_network_lb_outbound_rules000001/providers/Microsoft.Network/loadBalancers/lb1/frontendIpConfigurations/prefixFrontEnd"}],
      "backendAddressPool": {"id": "/subscriptions/00000000-0000-0000-0000-000000000000/resourceGroups/test_network_lb_outbound_rules000001/providers/Microsoft.Network/loadBalancers/lb1/backendAddressPools/lb1bepool"},
      "protocol": "All", "idleTimeoutInMinutes": 20}, "name": "rule2"}]}}'''
    headers:
      Accept:
      - application/json
      Accept-Encoding:
      - gzip, deflate
      CommandName:
      - network lb outbound-rule create
      Connection:
      - keep-alive
      Content-Length:
      - '3357'
      Content-Type:
      - application/json; charset=utf-8
      ParameterSetName:
      - -g --lb-name -n --address-pool --frontend-ip-configs --idle-timeout --protocol
      User-Agent:
      - python/3.6.8 (Windows-10-10.0.18362-SP0) msrest/0.6.10 msrest_azure/0.6.2
        azure-mgmt-network/9.0.0 Azure-SDK-For-Python AZURECLI/2.0.81
      accept-language:
      - en-US
    method: PUT
    uri: https://management.azure.com/subscriptions/00000000-0000-0000-0000-000000000000/resourceGroups/test_network_lb_outbound_rules000001/providers/Microsoft.Network/loadBalancers/lb1?api-version=2019-11-01
  response:
    body:
      string: "{\r\n  \"name\": \"lb1\",\r\n  \"id\": \"/subscriptions/00000000-0000-0000-0000-000000000000/resourceGroups/test_network_lb_outbound_rules000001/providers/Microsoft.Network/loadBalancers/lb1\",\r\n
        \ \"etag\": \"W/\\\"a8b341d7-582b-4f07-973e-ba4d0878f680\\\"\",\r\n  \"type\":
        \"Microsoft.Network/loadBalancers\",\r\n  \"location\": \"eastus2\",\r\n  \"tags\":
        {},\r\n  \"properties\": {\r\n    \"provisioningState\": \"Succeeded\",\r\n
        \   \"resourceGuid\": \"b70a0049-4f35-4a8b-86a9-7d372dbba288\",\r\n    \"frontendIPConfigurations\":
        [\r\n      {\r\n        \"name\": \"LoadBalancerFrontEnd\",\r\n        \"id\":
        \"/subscriptions/00000000-0000-0000-0000-000000000000/resourceGroups/test_network_lb_outbound_rules000001/providers/Microsoft.Network/loadBalancers/lb1/frontendIPConfigurations/LoadBalancerFrontEnd\",\r\n
        \       \"etag\": \"W/\\\"a8b341d7-582b-4f07-973e-ba4d0878f680\\\"\",\r\n
        \       \"type\": \"Microsoft.Network/loadBalancers/frontendIPConfigurations\",\r\n
        \       \"properties\": {\r\n          \"provisioningState\": \"Succeeded\",\r\n
        \         \"privateIPAllocationMethod\": \"Dynamic\",\r\n          \"publicIPAddress\":
        {\r\n            \"id\": \"/subscriptions/00000000-0000-0000-0000-000000000000/resourceGroups/test_network_lb_outbound_rules000001/providers/Microsoft.Network/publicIPAddresses/PublicIPlb1\"\r\n
        \         },\r\n          \"outboundRules\": [\r\n            {\r\n              \"id\":
        \"/subscriptions/00000000-0000-0000-0000-000000000000/resourceGroups/test_network_lb_outbound_rules000001/providers/Microsoft.Network/loadBalancers/lb1/outboundRules/rule1\"\r\n
        \           }\r\n          ],\r\n          \"privateIPAddressVersion\": \"IPv4\"\r\n
        \       }\r\n      },\r\n      {\r\n        \"name\": \"prefixFrontEnd\",\r\n
        \       \"id\": \"/subscriptions/00000000-0000-0000-0000-000000000000/resourceGroups/test_network_lb_outbound_rules000001/providers/Microsoft.Network/loadBalancers/lb1/frontendIPConfigurations/prefixFrontEnd\",\r\n
        \       \"etag\": \"W/\\\"a8b341d7-582b-4f07-973e-ba4d0878f680\\\"\",\r\n
        \       \"type\": \"Microsoft.Network/loadBalancers/frontendIPConfigurations\",\r\n
        \       \"properties\": {\r\n          \"provisioningState\": \"Succeeded\",\r\n
        \         \"privateIPAllocationMethod\": \"Dynamic\",\r\n          \"outboundRules\":
        [\r\n            {\r\n              \"id\": \"/subscriptions/00000000-0000-0000-0000-000000000000/resourceGroups/test_network_lb_outbound_rules000001/providers/Microsoft.Network/loadBalancers/lb1/outboundRules/rule2\"\r\n
        \           }\r\n          ],\r\n          \"publicIPPrefix\": {\r\n            \"id\":
        \"/subscriptions/00000000-0000-0000-0000-000000000000/resourceGroups/test_network_lb_outbound_rules000001/providers/Microsoft.Network/publicIPPrefixes/prefix1\"\r\n
        \         },\r\n          \"privateIPAddressVersion\": \"IPv4\"\r\n        }\r\n
        \     }\r\n    ],\r\n    \"backendAddressPools\": [\r\n      {\r\n        \"name\":
        \"lb1bepool\",\r\n        \"id\": \"/subscriptions/00000000-0000-0000-0000-000000000000/resourceGroups/test_network_lb_outbound_rules000001/providers/Microsoft.Network/loadBalancers/lb1/backendAddressPools/lb1bepool\",\r\n
        \       \"etag\": \"W/\\\"a8b341d7-582b-4f07-973e-ba4d0878f680\\\"\",\r\n
        \       \"properties\": {\r\n          \"provisioningState\": \"Succeeded\",\r\n
        \         \"outboundRules\": [\r\n            {\r\n              \"id\": \"/subscriptions/00000000-0000-0000-0000-000000000000/resourceGroups/test_network_lb_outbound_rules000001/providers/Microsoft.Network/loadBalancers/lb1/outboundRules/rule1\"\r\n
        \           },\r\n            {\r\n              \"id\": \"/subscriptions/00000000-0000-0000-0000-000000000000/resourceGroups/test_network_lb_outbound_rules000001/providers/Microsoft.Network/loadBalancers/lb1/outboundRules/rule2\"\r\n
        \           }\r\n          ]\r\n        },\r\n        \"type\": \"Microsoft.Network/loadBalancers/backendAddressPools\"\r\n
        \     }\r\n    ],\r\n    \"loadBalancingRules\": [],\r\n    \"probes\": [],\r\n
        \   \"inboundNatRules\": [],\r\n    \"outboundRules\": [\r\n      {\r\n        \"name\":
        \"rule1\",\r\n        \"id\": \"/subscriptions/00000000-0000-0000-0000-000000000000/resourceGroups/test_network_lb_outbound_rules000001/providers/Microsoft.Network/loadBalancers/lb1/outboundRules/rule1\",\r\n
        \       \"etag\": \"W/\\\"a8b341d7-582b-4f07-973e-ba4d0878f680\\\"\",\r\n
        \       \"type\": \"Microsoft.Network/loadBalancers/outboundRules\",\r\n        \"properties\":
        {\r\n          \"provisioningState\": \"Succeeded\",\r\n          \"allocatedOutboundPorts\":
        512,\r\n          \"protocol\": \"Tcp\",\r\n          \"enableTcpReset\":
        true,\r\n          \"idleTimeoutInMinutes\": 4,\r\n          \"backendAddressPool\":
        {\r\n            \"id\": \"/subscriptions/00000000-0000-0000-0000-000000000000/resourceGroups/test_network_lb_outbound_rules000001/providers/Microsoft.Network/loadBalancers/lb1/backendAddressPools/lb1bepool\"\r\n
        \         },\r\n          \"frontendIPConfigurations\": [\r\n            {\r\n
        \             \"id\": \"/subscriptions/00000000-0000-0000-0000-000000000000/resourceGroups/test_network_lb_outbound_rules000001/providers/Microsoft.Network/loadBalancers/lb1/frontendIPConfigurations/LoadBalancerFrontEnd\"\r\n
        \           }\r\n          ]\r\n        }\r\n      },\r\n      {\r\n        \"name\":
        \"rule2\",\r\n        \"id\": \"/subscriptions/00000000-0000-0000-0000-000000000000/resourceGroups/test_network_lb_outbound_rules000001/providers/Microsoft.Network/loadBalancers/lb1/outboundRules/rule2\",\r\n
        \       \"etag\": \"W/\\\"a8b341d7-582b-4f07-973e-ba4d0878f680\\\"\",\r\n
        \       \"type\": \"Microsoft.Network/loadBalancers/outboundRules\",\r\n        \"properties\":
        {\r\n          \"provisioningState\": \"Succeeded\",\r\n          \"allocatedOutboundPorts\":
        1024,\r\n          \"protocol\": \"All\",\r\n          \"enableTcpReset\":
        false,\r\n          \"idleTimeoutInMinutes\": 20,\r\n          \"backendAddressPool\":
        {\r\n            \"id\": \"/subscriptions/00000000-0000-0000-0000-000000000000/resourceGroups/test_network_lb_outbound_rules000001/providers/Microsoft.Network/loadBalancers/lb1/backendAddressPools/lb1bepool\"\r\n
        \         },\r\n          \"frontendIPConfigurations\": [\r\n            {\r\n
        \             \"id\": \"/subscriptions/00000000-0000-0000-0000-000000000000/resourceGroups/test_network_lb_outbound_rules000001/providers/Microsoft.Network/loadBalancers/lb1/frontendIPConfigurations/prefixFrontEnd\"\r\n
        \           }\r\n          ]\r\n        }\r\n      }\r\n    ],\r\n    \"inboundNatPools\":
        []\r\n  },\r\n  \"sku\": {\r\n    \"name\": \"Standard\"\r\n  }\r\n}"
    headers:
      azure-asyncoperation:
      - https://management.azure.com/subscriptions/00000000-0000-0000-0000-000000000000/providers/Microsoft.Network/locations/eastus2/operations/2df9e8b7-d409-4c55-8a21-d0fd11cddfe1?api-version=2019-11-01
      cache-control:
      - no-cache
      content-length:
      - '6721'
      content-type:
      - application/json; charset=utf-8
      date:
      - Thu, 06 Feb 2020 19:19:48 GMT
      expires:
      - '-1'
      pragma:
      - no-cache
      server:
      - Microsoft-HTTPAPI/2.0
      - Microsoft-HTTPAPI/2.0
      strict-transport-security:
      - max-age=31536000; includeSubDomains
      transfer-encoding:
      - chunked
      vary:
      - Accept-Encoding
      x-content-type-options:
      - nosniff
      x-ms-arm-service-request-id:
      - ef25bef5-d010-46fc-9759-203cd3fb5b1c
      x-ms-ratelimit-remaining-subscription-writes:
      - '1196'
    status:
      code: 200
      message: OK
- request:
    body: null
    headers:
      Accept:
      - application/json
      Accept-Encoding:
      - gzip, deflate
      CommandName:
      - network lb outbound-rule create
      Connection:
      - keep-alive
      ParameterSetName:
      - -g --lb-name -n --address-pool --frontend-ip-configs --idle-timeout --protocol
      User-Agent:
      - python/3.6.8 (Windows-10-10.0.18362-SP0) msrest/0.6.10 msrest_azure/0.6.2
        azure-mgmt-network/9.0.0 Azure-SDK-For-Python AZURECLI/2.0.81
    method: GET
    uri: https://management.azure.com/subscriptions/00000000-0000-0000-0000-000000000000/providers/Microsoft.Network/locations/eastus2/operations/2df9e8b7-d409-4c55-8a21-d0fd11cddfe1?api-version=2019-11-01
  response:
    body:
      string: "{\r\n  \"status\": \"Succeeded\"\r\n}"
    headers:
      cache-control:
      - no-cache
      content-length:
      - '29'
      content-type:
      - application/json; charset=utf-8
      date:
      - Thu, 06 Feb 2020 19:20:19 GMT
      expires:
      - '-1'
      pragma:
      - no-cache
      server:
      - Microsoft-HTTPAPI/2.0
      - Microsoft-HTTPAPI/2.0
      strict-transport-security:
      - max-age=31536000; includeSubDomains
      transfer-encoding:
      - chunked
      vary:
      - Accept-Encoding
      x-content-type-options:
      - nosniff
      x-ms-arm-service-request-id:
      - 0121ae2f-9372-4fce-848d-256a6dd85a93
    status:
      code: 200
      message: OK
- request:
    body: null
    headers:
      Accept:
      - application/json
      Accept-Encoding:
      - gzip, deflate
      CommandName:
      - network lb outbound-rule create
      Connection:
      - keep-alive
      ParameterSetName:
      - -g --lb-name -n --address-pool --frontend-ip-configs --idle-timeout --protocol
      User-Agent:
      - python/3.6.8 (Windows-10-10.0.18362-SP0) msrest/0.6.10 msrest_azure/0.6.2
        azure-mgmt-network/9.0.0 Azure-SDK-For-Python AZURECLI/2.0.81
    method: GET
    uri: https://management.azure.com/subscriptions/00000000-0000-0000-0000-000000000000/resourceGroups/test_network_lb_outbound_rules000001/providers/Microsoft.Network/loadBalancers/lb1?api-version=2019-11-01
  response:
    body:
      string: "{\r\n  \"name\": \"lb1\",\r\n  \"id\": \"/subscriptions/00000000-0000-0000-0000-000000000000/resourceGroups/test_network_lb_outbound_rules000001/providers/Microsoft.Network/loadBalancers/lb1\",\r\n
        \ \"etag\": \"W/\\\"a8b341d7-582b-4f07-973e-ba4d0878f680\\\"\",\r\n  \"type\":
        \"Microsoft.Network/loadBalancers\",\r\n  \"location\": \"eastus2\",\r\n  \"tags\":
        {},\r\n  \"properties\": {\r\n    \"provisioningState\": \"Succeeded\",\r\n
        \   \"resourceGuid\": \"b70a0049-4f35-4a8b-86a9-7d372dbba288\",\r\n    \"frontendIPConfigurations\":
        [\r\n      {\r\n        \"name\": \"LoadBalancerFrontEnd\",\r\n        \"id\":
        \"/subscriptions/00000000-0000-0000-0000-000000000000/resourceGroups/test_network_lb_outbound_rules000001/providers/Microsoft.Network/loadBalancers/lb1/frontendIPConfigurations/LoadBalancerFrontEnd\",\r\n
        \       \"etag\": \"W/\\\"a8b341d7-582b-4f07-973e-ba4d0878f680\\\"\",\r\n
        \       \"type\": \"Microsoft.Network/loadBalancers/frontendIPConfigurations\",\r\n
        \       \"properties\": {\r\n          \"provisioningState\": \"Succeeded\",\r\n
        \         \"privateIPAllocationMethod\": \"Dynamic\",\r\n          \"publicIPAddress\":
        {\r\n            \"id\": \"/subscriptions/00000000-0000-0000-0000-000000000000/resourceGroups/test_network_lb_outbound_rules000001/providers/Microsoft.Network/publicIPAddresses/PublicIPlb1\"\r\n
        \         },\r\n          \"outboundRules\": [\r\n            {\r\n              \"id\":
        \"/subscriptions/00000000-0000-0000-0000-000000000000/resourceGroups/test_network_lb_outbound_rules000001/providers/Microsoft.Network/loadBalancers/lb1/outboundRules/rule1\"\r\n
        \           }\r\n          ],\r\n          \"privateIPAddressVersion\": \"IPv4\"\r\n
        \       }\r\n      },\r\n      {\r\n        \"name\": \"prefixFrontEnd\",\r\n
        \       \"id\": \"/subscriptions/00000000-0000-0000-0000-000000000000/resourceGroups/test_network_lb_outbound_rules000001/providers/Microsoft.Network/loadBalancers/lb1/frontendIPConfigurations/prefixFrontEnd\",\r\n
        \       \"etag\": \"W/\\\"a8b341d7-582b-4f07-973e-ba4d0878f680\\\"\",\r\n
        \       \"type\": \"Microsoft.Network/loadBalancers/frontendIPConfigurations\",\r\n
        \       \"properties\": {\r\n          \"provisioningState\": \"Succeeded\",\r\n
        \         \"privateIPAllocationMethod\": \"Dynamic\",\r\n          \"outboundRules\":
        [\r\n            {\r\n              \"id\": \"/subscriptions/00000000-0000-0000-0000-000000000000/resourceGroups/test_network_lb_outbound_rules000001/providers/Microsoft.Network/loadBalancers/lb1/outboundRules/rule2\"\r\n
        \           }\r\n          ],\r\n          \"publicIPPrefix\": {\r\n            \"id\":
        \"/subscriptions/00000000-0000-0000-0000-000000000000/resourceGroups/test_network_lb_outbound_rules000001/providers/Microsoft.Network/publicIPPrefixes/prefix1\"\r\n
        \         },\r\n          \"privateIPAddressVersion\": \"IPv4\"\r\n        }\r\n
        \     }\r\n    ],\r\n    \"backendAddressPools\": [\r\n      {\r\n        \"name\":
        \"lb1bepool\",\r\n        \"id\": \"/subscriptions/00000000-0000-0000-0000-000000000000/resourceGroups/test_network_lb_outbound_rules000001/providers/Microsoft.Network/loadBalancers/lb1/backendAddressPools/lb1bepool\",\r\n
        \       \"etag\": \"W/\\\"a8b341d7-582b-4f07-973e-ba4d0878f680\\\"\",\r\n
        \       \"properties\": {\r\n          \"provisioningState\": \"Succeeded\",\r\n
        \         \"outboundRules\": [\r\n            {\r\n              \"id\": \"/subscriptions/00000000-0000-0000-0000-000000000000/resourceGroups/test_network_lb_outbound_rules000001/providers/Microsoft.Network/loadBalancers/lb1/outboundRules/rule1\"\r\n
        \           },\r\n            {\r\n              \"id\": \"/subscriptions/00000000-0000-0000-0000-000000000000/resourceGroups/test_network_lb_outbound_rules000001/providers/Microsoft.Network/loadBalancers/lb1/outboundRules/rule2\"\r\n
        \           }\r\n          ]\r\n        },\r\n        \"type\": \"Microsoft.Network/loadBalancers/backendAddressPools\"\r\n
        \     }\r\n    ],\r\n    \"loadBalancingRules\": [],\r\n    \"probes\": [],\r\n
        \   \"inboundNatRules\": [],\r\n    \"outboundRules\": [\r\n      {\r\n        \"name\":
        \"rule1\",\r\n        \"id\": \"/subscriptions/00000000-0000-0000-0000-000000000000/resourceGroups/test_network_lb_outbound_rules000001/providers/Microsoft.Network/loadBalancers/lb1/outboundRules/rule1\",\r\n
        \       \"etag\": \"W/\\\"a8b341d7-582b-4f07-973e-ba4d0878f680\\\"\",\r\n
        \       \"type\": \"Microsoft.Network/loadBalancers/outboundRules\",\r\n        \"properties\":
        {\r\n          \"provisioningState\": \"Succeeded\",\r\n          \"allocatedOutboundPorts\":
        512,\r\n          \"protocol\": \"Tcp\",\r\n          \"enableTcpReset\":
        true,\r\n          \"idleTimeoutInMinutes\": 4,\r\n          \"backendAddressPool\":
        {\r\n            \"id\": \"/subscriptions/00000000-0000-0000-0000-000000000000/resourceGroups/test_network_lb_outbound_rules000001/providers/Microsoft.Network/loadBalancers/lb1/backendAddressPools/lb1bepool\"\r\n
        \         },\r\n          \"frontendIPConfigurations\": [\r\n            {\r\n
        \             \"id\": \"/subscriptions/00000000-0000-0000-0000-000000000000/resourceGroups/test_network_lb_outbound_rules000001/providers/Microsoft.Network/loadBalancers/lb1/frontendIPConfigurations/LoadBalancerFrontEnd\"\r\n
        \           }\r\n          ]\r\n        }\r\n      },\r\n      {\r\n        \"name\":
        \"rule2\",\r\n        \"id\": \"/subscriptions/00000000-0000-0000-0000-000000000000/resourceGroups/test_network_lb_outbound_rules000001/providers/Microsoft.Network/loadBalancers/lb1/outboundRules/rule2\",\r\n
        \       \"etag\": \"W/\\\"a8b341d7-582b-4f07-973e-ba4d0878f680\\\"\",\r\n
        \       \"type\": \"Microsoft.Network/loadBalancers/outboundRules\",\r\n        \"properties\":
        {\r\n          \"provisioningState\": \"Succeeded\",\r\n          \"allocatedOutboundPorts\":
        1024,\r\n          \"protocol\": \"All\",\r\n          \"enableTcpReset\":
        false,\r\n          \"idleTimeoutInMinutes\": 20,\r\n          \"backendAddressPool\":
        {\r\n            \"id\": \"/subscriptions/00000000-0000-0000-0000-000000000000/resourceGroups/test_network_lb_outbound_rules000001/providers/Microsoft.Network/loadBalancers/lb1/backendAddressPools/lb1bepool\"\r\n
        \         },\r\n          \"frontendIPConfigurations\": [\r\n            {\r\n
        \             \"id\": \"/subscriptions/00000000-0000-0000-0000-000000000000/resourceGroups/test_network_lb_outbound_rules000001/providers/Microsoft.Network/loadBalancers/lb1/frontendIPConfigurations/prefixFrontEnd\"\r\n
        \           }\r\n          ]\r\n        }\r\n      }\r\n    ],\r\n    \"inboundNatPools\":
        []\r\n  },\r\n  \"sku\": {\r\n    \"name\": \"Standard\"\r\n  }\r\n}"
    headers:
      cache-control:
      - no-cache
      content-length:
      - '6721'
      content-type:
      - application/json; charset=utf-8
      date:
      - Thu, 06 Feb 2020 19:20:20 GMT
      etag:
      - W/"a8b341d7-582b-4f07-973e-ba4d0878f680"
      expires:
      - '-1'
      pragma:
      - no-cache
      server:
      - Microsoft-HTTPAPI/2.0
      - Microsoft-HTTPAPI/2.0
      strict-transport-security:
      - max-age=31536000; includeSubDomains
      transfer-encoding:
      - chunked
      vary:
      - Accept-Encoding
      x-content-type-options:
      - nosniff
      x-ms-arm-service-request-id:
      - 1d8665bc-6b1b-409b-8b29-1691dd51115d
    status:
      code: 200
      message: OK
- request:
    body: null
    headers:
      Accept:
      - application/json
      Accept-Encoding:
      - gzip, deflate
      CommandName:
      - network lb outbound-rule update
      Connection:
      - keep-alive
      ParameterSetName:
      - -g --lb-name -n --idle-timeout
      User-Agent:
      - python/3.6.8 (Windows-10-10.0.18362-SP0) msrest/0.6.10 msrest_azure/0.6.2
        azure-mgmt-network/9.0.0 Azure-SDK-For-Python AZURECLI/2.0.81
      accept-language:
      - en-US
    method: GET
    uri: https://management.azure.com/subscriptions/00000000-0000-0000-0000-000000000000/resourceGroups/test_network_lb_outbound_rules000001/providers/Microsoft.Network/loadBalancers/lb1?api-version=2019-11-01
  response:
    body:
      string: "{\r\n  \"name\": \"lb1\",\r\n  \"id\": \"/subscriptions/00000000-0000-0000-0000-000000000000/resourceGroups/test_network_lb_outbound_rules000001/providers/Microsoft.Network/loadBalancers/lb1\",\r\n
        \ \"etag\": \"W/\\\"a8b341d7-582b-4f07-973e-ba4d0878f680\\\"\",\r\n  \"type\":
        \"Microsoft.Network/loadBalancers\",\r\n  \"location\": \"eastus2\",\r\n  \"tags\":
        {},\r\n  \"properties\": {\r\n    \"provisioningState\": \"Succeeded\",\r\n
        \   \"resourceGuid\": \"b70a0049-4f35-4a8b-86a9-7d372dbba288\",\r\n    \"frontendIPConfigurations\":
        [\r\n      {\r\n        \"name\": \"LoadBalancerFrontEnd\",\r\n        \"id\":
        \"/subscriptions/00000000-0000-0000-0000-000000000000/resourceGroups/test_network_lb_outbound_rules000001/providers/Microsoft.Network/loadBalancers/lb1/frontendIPConfigurations/LoadBalancerFrontEnd\",\r\n
        \       \"etag\": \"W/\\\"a8b341d7-582b-4f07-973e-ba4d0878f680\\\"\",\r\n
        \       \"type\": \"Microsoft.Network/loadBalancers/frontendIPConfigurations\",\r\n
        \       \"properties\": {\r\n          \"provisioningState\": \"Succeeded\",\r\n
        \         \"privateIPAllocationMethod\": \"Dynamic\",\r\n          \"publicIPAddress\":
        {\r\n            \"id\": \"/subscriptions/00000000-0000-0000-0000-000000000000/resourceGroups/test_network_lb_outbound_rules000001/providers/Microsoft.Network/publicIPAddresses/PublicIPlb1\"\r\n
        \         },\r\n          \"outboundRules\": [\r\n            {\r\n              \"id\":
        \"/subscriptions/00000000-0000-0000-0000-000000000000/resourceGroups/test_network_lb_outbound_rules000001/providers/Microsoft.Network/loadBalancers/lb1/outboundRules/rule1\"\r\n
        \           }\r\n          ],\r\n          \"privateIPAddressVersion\": \"IPv4\"\r\n
        \       }\r\n      },\r\n      {\r\n        \"name\": \"prefixFrontEnd\",\r\n
        \       \"id\": \"/subscriptions/00000000-0000-0000-0000-000000000000/resourceGroups/test_network_lb_outbound_rules000001/providers/Microsoft.Network/loadBalancers/lb1/frontendIPConfigurations/prefixFrontEnd\",\r\n
        \       \"etag\": \"W/\\\"a8b341d7-582b-4f07-973e-ba4d0878f680\\\"\",\r\n
        \       \"type\": \"Microsoft.Network/loadBalancers/frontendIPConfigurations\",\r\n
        \       \"properties\": {\r\n          \"provisioningState\": \"Succeeded\",\r\n
        \         \"privateIPAllocationMethod\": \"Dynamic\",\r\n          \"outboundRules\":
        [\r\n            {\r\n              \"id\": \"/subscriptions/00000000-0000-0000-0000-000000000000/resourceGroups/test_network_lb_outbound_rules000001/providers/Microsoft.Network/loadBalancers/lb1/outboundRules/rule2\"\r\n
        \           }\r\n          ],\r\n          \"publicIPPrefix\": {\r\n            \"id\":
        \"/subscriptions/00000000-0000-0000-0000-000000000000/resourceGroups/test_network_lb_outbound_rules000001/providers/Microsoft.Network/publicIPPrefixes/prefix1\"\r\n
        \         },\r\n          \"privateIPAddressVersion\": \"IPv4\"\r\n        }\r\n
        \     }\r\n    ],\r\n    \"backendAddressPools\": [\r\n      {\r\n        \"name\":
        \"lb1bepool\",\r\n        \"id\": \"/subscriptions/00000000-0000-0000-0000-000000000000/resourceGroups/test_network_lb_outbound_rules000001/providers/Microsoft.Network/loadBalancers/lb1/backendAddressPools/lb1bepool\",\r\n
        \       \"etag\": \"W/\\\"a8b341d7-582b-4f07-973e-ba4d0878f680\\\"\",\r\n
        \       \"properties\": {\r\n          \"provisioningState\": \"Succeeded\",\r\n
        \         \"outboundRules\": [\r\n            {\r\n              \"id\": \"/subscriptions/00000000-0000-0000-0000-000000000000/resourceGroups/test_network_lb_outbound_rules000001/providers/Microsoft.Network/loadBalancers/lb1/outboundRules/rule1\"\r\n
        \           },\r\n            {\r\n              \"id\": \"/subscriptions/00000000-0000-0000-0000-000000000000/resourceGroups/test_network_lb_outbound_rules000001/providers/Microsoft.Network/loadBalancers/lb1/outboundRules/rule2\"\r\n
        \           }\r\n          ]\r\n        },\r\n        \"type\": \"Microsoft.Network/loadBalancers/backendAddressPools\"\r\n
        \     }\r\n    ],\r\n    \"loadBalancingRules\": [],\r\n    \"probes\": [],\r\n
        \   \"inboundNatRules\": [],\r\n    \"outboundRules\": [\r\n      {\r\n        \"name\":
        \"rule1\",\r\n        \"id\": \"/subscriptions/00000000-0000-0000-0000-000000000000/resourceGroups/test_network_lb_outbound_rules000001/providers/Microsoft.Network/loadBalancers/lb1/outboundRules/rule1\",\r\n
        \       \"etag\": \"W/\\\"a8b341d7-582b-4f07-973e-ba4d0878f680\\\"\",\r\n
        \       \"type\": \"Microsoft.Network/loadBalancers/outboundRules\",\r\n        \"properties\":
        {\r\n          \"provisioningState\": \"Succeeded\",\r\n          \"allocatedOutboundPorts\":
        512,\r\n          \"protocol\": \"Tcp\",\r\n          \"enableTcpReset\":
        true,\r\n          \"idleTimeoutInMinutes\": 4,\r\n          \"backendAddressPool\":
        {\r\n            \"id\": \"/subscriptions/00000000-0000-0000-0000-000000000000/resourceGroups/test_network_lb_outbound_rules000001/providers/Microsoft.Network/loadBalancers/lb1/backendAddressPools/lb1bepool\"\r\n
        \         },\r\n          \"frontendIPConfigurations\": [\r\n            {\r\n
        \             \"id\": \"/subscriptions/00000000-0000-0000-0000-000000000000/resourceGroups/test_network_lb_outbound_rules000001/providers/Microsoft.Network/loadBalancers/lb1/frontendIPConfigurations/LoadBalancerFrontEnd\"\r\n
        \           }\r\n          ]\r\n        }\r\n      },\r\n      {\r\n        \"name\":
        \"rule2\",\r\n        \"id\": \"/subscriptions/00000000-0000-0000-0000-000000000000/resourceGroups/test_network_lb_outbound_rules000001/providers/Microsoft.Network/loadBalancers/lb1/outboundRules/rule2\",\r\n
        \       \"etag\": \"W/\\\"a8b341d7-582b-4f07-973e-ba4d0878f680\\\"\",\r\n
        \       \"type\": \"Microsoft.Network/loadBalancers/outboundRules\",\r\n        \"properties\":
        {\r\n          \"provisioningState\": \"Succeeded\",\r\n          \"allocatedOutboundPorts\":
        1024,\r\n          \"protocol\": \"All\",\r\n          \"enableTcpReset\":
        false,\r\n          \"idleTimeoutInMinutes\": 20,\r\n          \"backendAddressPool\":
        {\r\n            \"id\": \"/subscriptions/00000000-0000-0000-0000-000000000000/resourceGroups/test_network_lb_outbound_rules000001/providers/Microsoft.Network/loadBalancers/lb1/backendAddressPools/lb1bepool\"\r\n
        \         },\r\n          \"frontendIPConfigurations\": [\r\n            {\r\n
        \             \"id\": \"/subscriptions/00000000-0000-0000-0000-000000000000/resourceGroups/test_network_lb_outbound_rules000001/providers/Microsoft.Network/loadBalancers/lb1/frontendIPConfigurations/prefixFrontEnd\"\r\n
        \           }\r\n          ]\r\n        }\r\n      }\r\n    ],\r\n    \"inboundNatPools\":
        []\r\n  },\r\n  \"sku\": {\r\n    \"name\": \"Standard\"\r\n  }\r\n}"
    headers:
      cache-control:
      - no-cache
      content-length:
      - '6721'
      content-type:
      - application/json; charset=utf-8
      date:
      - Thu, 06 Feb 2020 19:20:21 GMT
      etag:
      - W/"a8b341d7-582b-4f07-973e-ba4d0878f680"
      expires:
      - '-1'
      pragma:
      - no-cache
      server:
      - Microsoft-HTTPAPI/2.0
      - Microsoft-HTTPAPI/2.0
      strict-transport-security:
      - max-age=31536000; includeSubDomains
      transfer-encoding:
      - chunked
      vary:
      - Accept-Encoding
      x-content-type-options:
      - nosniff
      x-ms-arm-service-request-id:
      - 5a93a2a2-aff3-41ab-818c-ed6ea7fe65fc
    status:
      code: 200
      message: OK
- request:
    body: 'b''{"id": "/subscriptions/00000000-0000-0000-0000-000000000000/resourceGroups/test_network_lb_outbound_rules000001/providers/Microsoft.Network/loadBalancers/lb1",
      "location": "eastus2", "tags": {}, "sku": {"name": "Standard"}, "properties":
      {"frontendIPConfigurations": [{"id": "/subscriptions/00000000-0000-0000-0000-000000000000/resourceGroups/test_network_lb_outbound_rules000001/providers/Microsoft.Network/loadBalancers/lb1/frontendIPConfigurations/LoadBalancerFrontEnd",
      "properties": {"privateIPAllocationMethod": "Dynamic", "privateIPAddressVersion":
      "IPv4", "publicIPAddress": {"id": "/subscriptions/00000000-0000-0000-0000-000000000000/resourceGroups/test_network_lb_outbound_rules000001/providers/Microsoft.Network/publicIPAddresses/PublicIPlb1"}},
      "name": "LoadBalancerFrontEnd"}, {"id": "/subscriptions/00000000-0000-0000-0000-000000000000/resourceGroups/test_network_lb_outbound_rules000001/providers/Microsoft.Network/loadBalancers/lb1/frontendIPConfigurations/prefixFrontEnd",
      "properties": {"privateIPAllocationMethod": "Dynamic", "privateIPAddressVersion":
      "IPv4", "publicIPPrefix": {"id": "/subscriptions/00000000-0000-0000-0000-000000000000/resourceGroups/test_network_lb_outbound_rules000001/providers/Microsoft.Network/publicIPPrefixes/prefix1"}},
      "name": "prefixFrontEnd"}], "backendAddressPools": [{"id": "/subscriptions/00000000-0000-0000-0000-000000000000/resourceGroups/test_network_lb_outbound_rules000001/providers/Microsoft.Network/loadBalancers/lb1/backendAddressPools/lb1bepool",
      "name": "lb1bepool"}], "loadBalancingRules": [], "probes": [], "inboundNatRules":
      [], "inboundNatPools": [], "outboundRules": [{"id": "/subscriptions/00000000-0000-0000-0000-000000000000/resourceGroups/test_network_lb_outbound_rules000001/providers/Microsoft.Network/loadBalancers/lb1/outboundRules/rule1",
      "properties": {"allocatedOutboundPorts": 512, "frontendIPConfigurations": [{"id":
      "/subscriptions/00000000-0000-0000-0000-000000000000/resourceGroups/test_network_lb_outbound_rules000001/providers/Microsoft.Network/loadBalancers/lb1/frontendIPConfigurations/LoadBalancerFrontEnd"}],
      "backendAddressPool": {"id": "/subscriptions/00000000-0000-0000-0000-000000000000/resourceGroups/test_network_lb_outbound_rules000001/providers/Microsoft.Network/loadBalancers/lb1/backendAddressPools/lb1bepool"},
      "protocol": "Tcp", "enableTcpReset": true, "idleTimeoutInMinutes": 4}, "name":
      "rule1"}, {"id": "/subscriptions/00000000-0000-0000-0000-000000000000/resourceGroups/test_network_lb_outbound_rules000001/providers/Microsoft.Network/loadBalancers/lb1/outboundRules/rule2",
      "properties": {"allocatedOutboundPorts": 1024, "frontendIPConfigurations": [{"id":
      "/subscriptions/00000000-0000-0000-0000-000000000000/resourceGroups/test_network_lb_outbound_rules000001/providers/Microsoft.Network/loadBalancers/lb1/frontendIPConfigurations/prefixFrontEnd"}],
      "backendAddressPool": {"id": "/subscriptions/00000000-0000-0000-0000-000000000000/resourceGroups/test_network_lb_outbound_rules000001/providers/Microsoft.Network/loadBalancers/lb1/backendAddressPools/lb1bepool"},
      "protocol": "All", "enableTcpReset": false, "idleTimeoutInMinutes": 25}, "name":
      "rule2"}]}}'''
    headers:
      Accept:
      - application/json
      Accept-Encoding:
      - gzip, deflate
      CommandName:
      - network lb outbound-rule update
      Connection:
      - keep-alive
      Content-Length:
      - '3632'
      Content-Type:
      - application/json; charset=utf-8
      ParameterSetName:
      - -g --lb-name -n --idle-timeout
      User-Agent:
      - python/3.6.8 (Windows-10-10.0.18362-SP0) msrest/0.6.10 msrest_azure/0.6.2
        azure-mgmt-network/9.0.0 Azure-SDK-For-Python AZURECLI/2.0.81
      accept-language:
      - en-US
    method: PUT
    uri: https://management.azure.com/subscriptions/00000000-0000-0000-0000-000000000000/resourceGroups/test_network_lb_outbound_rules000001/providers/Microsoft.Network/loadBalancers/lb1?api-version=2019-11-01
  response:
    body:
      string: "{\r\n  \"name\": \"lb1\",\r\n  \"id\": \"/subscriptions/00000000-0000-0000-0000-000000000000/resourceGroups/test_network_lb_outbound_rules000001/providers/Microsoft.Network/loadBalancers/lb1\",\r\n
        \ \"etag\": \"W/\\\"32c7e0c2-5fc0-4f1c-a5c3-6d74eaff7068\\\"\",\r\n  \"type\":
        \"Microsoft.Network/loadBalancers\",\r\n  \"location\": \"eastus2\",\r\n  \"tags\":
        {},\r\n  \"properties\": {\r\n    \"provisioningState\": \"Succeeded\",\r\n
        \   \"resourceGuid\": \"b70a0049-4f35-4a8b-86a9-7d372dbba288\",\r\n    \"frontendIPConfigurations\":
        [\r\n      {\r\n        \"name\": \"LoadBalancerFrontEnd\",\r\n        \"id\":
        \"/subscriptions/00000000-0000-0000-0000-000000000000/resourceGroups/test_network_lb_outbound_rules000001/providers/Microsoft.Network/loadBalancers/lb1/frontendIPConfigurations/LoadBalancerFrontEnd\",\r\n
        \       \"etag\": \"W/\\\"32c7e0c2-5fc0-4f1c-a5c3-6d74eaff7068\\\"\",\r\n
        \       \"type\": \"Microsoft.Network/loadBalancers/frontendIPConfigurations\",\r\n
        \       \"properties\": {\r\n          \"provisioningState\": \"Succeeded\",\r\n
        \         \"privateIPAllocationMethod\": \"Dynamic\",\r\n          \"publicIPAddress\":
        {\r\n            \"id\": \"/subscriptions/00000000-0000-0000-0000-000000000000/resourceGroups/test_network_lb_outbound_rules000001/providers/Microsoft.Network/publicIPAddresses/PublicIPlb1\"\r\n
        \         },\r\n          \"outboundRules\": [\r\n            {\r\n              \"id\":
        \"/subscriptions/00000000-0000-0000-0000-000000000000/resourceGroups/test_network_lb_outbound_rules000001/providers/Microsoft.Network/loadBalancers/lb1/outboundRules/rule1\"\r\n
        \           }\r\n          ],\r\n          \"privateIPAddressVersion\": \"IPv4\"\r\n
        \       }\r\n      },\r\n      {\r\n        \"name\": \"prefixFrontEnd\",\r\n
        \       \"id\": \"/subscriptions/00000000-0000-0000-0000-000000000000/resourceGroups/test_network_lb_outbound_rules000001/providers/Microsoft.Network/loadBalancers/lb1/frontendIPConfigurations/prefixFrontEnd\",\r\n
        \       \"etag\": \"W/\\\"32c7e0c2-5fc0-4f1c-a5c3-6d74eaff7068\\\"\",\r\n
        \       \"type\": \"Microsoft.Network/loadBalancers/frontendIPConfigurations\",\r\n
        \       \"properties\": {\r\n          \"provisioningState\": \"Succeeded\",\r\n
        \         \"privateIPAllocationMethod\": \"Dynamic\",\r\n          \"outboundRules\":
        [\r\n            {\r\n              \"id\": \"/subscriptions/00000000-0000-0000-0000-000000000000/resourceGroups/test_network_lb_outbound_rules000001/providers/Microsoft.Network/loadBalancers/lb1/outboundRules/rule2\"\r\n
        \           }\r\n          ],\r\n          \"publicIPPrefix\": {\r\n            \"id\":
        \"/subscriptions/00000000-0000-0000-0000-000000000000/resourceGroups/test_network_lb_outbound_rules000001/providers/Microsoft.Network/publicIPPrefixes/prefix1\"\r\n
        \         },\r\n          \"privateIPAddressVersion\": \"IPv4\"\r\n        }\r\n
        \     }\r\n    ],\r\n    \"backendAddressPools\": [\r\n      {\r\n        \"name\":
        \"lb1bepool\",\r\n        \"id\": \"/subscriptions/00000000-0000-0000-0000-000000000000/resourceGroups/test_network_lb_outbound_rules000001/providers/Microsoft.Network/loadBalancers/lb1/backendAddressPools/lb1bepool\",\r\n
        \       \"etag\": \"W/\\\"32c7e0c2-5fc0-4f1c-a5c3-6d74eaff7068\\\"\",\r\n
        \       \"properties\": {\r\n          \"provisioningState\": \"Succeeded\",\r\n
        \         \"outboundRules\": [\r\n            {\r\n              \"id\": \"/subscriptions/00000000-0000-0000-0000-000000000000/resourceGroups/test_network_lb_outbound_rules000001/providers/Microsoft.Network/loadBalancers/lb1/outboundRules/rule1\"\r\n
        \           },\r\n            {\r\n              \"id\": \"/subscriptions/00000000-0000-0000-0000-000000000000/resourceGroups/test_network_lb_outbound_rules000001/providers/Microsoft.Network/loadBalancers/lb1/outboundRules/rule2\"\r\n
        \           }\r\n          ]\r\n        },\r\n        \"type\": \"Microsoft.Network/loadBalancers/backendAddressPools\"\r\n
        \     }\r\n    ],\r\n    \"loadBalancingRules\": [],\r\n    \"probes\": [],\r\n
        \   \"inboundNatRules\": [],\r\n    \"outboundRules\": [\r\n      {\r\n        \"name\":
        \"rule1\",\r\n        \"id\": \"/subscriptions/00000000-0000-0000-0000-000000000000/resourceGroups/test_network_lb_outbound_rules000001/providers/Microsoft.Network/loadBalancers/lb1/outboundRules/rule1\",\r\n
        \       \"etag\": \"W/\\\"32c7e0c2-5fc0-4f1c-a5c3-6d74eaff7068\\\"\",\r\n
        \       \"type\": \"Microsoft.Network/loadBalancers/outboundRules\",\r\n        \"properties\":
        {\r\n          \"provisioningState\": \"Succeeded\",\r\n          \"allocatedOutboundPorts\":
        512,\r\n          \"protocol\": \"Tcp\",\r\n          \"enableTcpReset\":
        true,\r\n          \"idleTimeoutInMinutes\": 4,\r\n          \"backendAddressPool\":
        {\r\n            \"id\": \"/subscriptions/00000000-0000-0000-0000-000000000000/resourceGroups/test_network_lb_outbound_rules000001/providers/Microsoft.Network/loadBalancers/lb1/backendAddressPools/lb1bepool\"\r\n
        \         },\r\n          \"frontendIPConfigurations\": [\r\n            {\r\n
        \             \"id\": \"/subscriptions/00000000-0000-0000-0000-000000000000/resourceGroups/test_network_lb_outbound_rules000001/providers/Microsoft.Network/loadBalancers/lb1/frontendIPConfigurations/LoadBalancerFrontEnd\"\r\n
        \           }\r\n          ]\r\n        }\r\n      },\r\n      {\r\n        \"name\":
        \"rule2\",\r\n        \"id\": \"/subscriptions/00000000-0000-0000-0000-000000000000/resourceGroups/test_network_lb_outbound_rules000001/providers/Microsoft.Network/loadBalancers/lb1/outboundRules/rule2\",\r\n
        \       \"etag\": \"W/\\\"32c7e0c2-5fc0-4f1c-a5c3-6d74eaff7068\\\"\",\r\n
        \       \"type\": \"Microsoft.Network/loadBalancers/outboundRules\",\r\n        \"properties\":
        {\r\n          \"provisioningState\": \"Succeeded\",\r\n          \"allocatedOutboundPorts\":
        1024,\r\n          \"protocol\": \"All\",\r\n          \"enableTcpReset\":
        false,\r\n          \"idleTimeoutInMinutes\": 25,\r\n          \"backendAddressPool\":
        {\r\n            \"id\": \"/subscriptions/00000000-0000-0000-0000-000000000000/resourceGroups/test_network_lb_outbound_rules000001/providers/Microsoft.Network/loadBalancers/lb1/backendAddressPools/lb1bepool\"\r\n
        \         },\r\n          \"frontendIPConfigurations\": [\r\n            {\r\n
        \             \"id\": \"/subscriptions/00000000-0000-0000-0000-000000000000/resourceGroups/test_network_lb_outbound_rules000001/providers/Microsoft.Network/loadBalancers/lb1/frontendIPConfigurations/prefixFrontEnd\"\r\n
        \           }\r\n          ]\r\n        }\r\n      }\r\n    ],\r\n    \"inboundNatPools\":
        []\r\n  },\r\n  \"sku\": {\r\n    \"name\": \"Standard\"\r\n  }\r\n}"
    headers:
      azure-asyncoperation:
      - https://management.azure.com/subscriptions/00000000-0000-0000-0000-000000000000/providers/Microsoft.Network/locations/eastus2/operations/1654c7e9-8da1-4693-aef8-0cdff7b3a3f3?api-version=2019-11-01
      cache-control:
      - no-cache
      content-length:
      - '6721'
      content-type:
      - application/json; charset=utf-8
      date:
      - Thu, 06 Feb 2020 19:20:23 GMT
      expires:
      - '-1'
      pragma:
      - no-cache
      server:
      - Microsoft-HTTPAPI/2.0
      - Microsoft-HTTPAPI/2.0
      strict-transport-security:
      - max-age=31536000; includeSubDomains
      transfer-encoding:
      - chunked
      vary:
      - Accept-Encoding
      x-content-type-options:
      - nosniff
      x-ms-arm-service-request-id:
      - be0aef02-9f1b-4be1-a10b-9d7843e2953b
      x-ms-ratelimit-remaining-subscription-writes:
      - '1194'
    status:
      code: 200
      message: OK
- request:
    body: null
    headers:
      Accept:
      - application/json
      Accept-Encoding:
      - gzip, deflate
      CommandName:
      - network lb outbound-rule update
      Connection:
      - keep-alive
      ParameterSetName:
      - -g --lb-name -n --idle-timeout
      User-Agent:
      - python/3.6.8 (Windows-10-10.0.18362-SP0) msrest/0.6.10 msrest_azure/0.6.2
        azure-mgmt-network/9.0.0 Azure-SDK-For-Python AZURECLI/2.0.81
    method: GET
    uri: https://management.azure.com/subscriptions/00000000-0000-0000-0000-000000000000/providers/Microsoft.Network/locations/eastus2/operations/1654c7e9-8da1-4693-aef8-0cdff7b3a3f3?api-version=2019-11-01
  response:
    body:
      string: "{\r\n  \"status\": \"Succeeded\"\r\n}"
    headers:
      cache-control:
      - no-cache
      content-length:
      - '29'
      content-type:
      - application/json; charset=utf-8
      date:
      - Thu, 06 Feb 2020 19:20:55 GMT
      expires:
      - '-1'
      pragma:
      - no-cache
      server:
      - Microsoft-HTTPAPI/2.0
      - Microsoft-HTTPAPI/2.0
      strict-transport-security:
      - max-age=31536000; includeSubDomains
      transfer-encoding:
      - chunked
      vary:
      - Accept-Encoding
      x-content-type-options:
      - nosniff
      x-ms-arm-service-request-id:
      - dac6face-35c7-4a2c-8837-c1ea99b73f06
    status:
      code: 200
      message: OK
- request:
    body: null
    headers:
      Accept:
      - application/json
      Accept-Encoding:
      - gzip, deflate
      CommandName:
      - network lb outbound-rule update
      Connection:
      - keep-alive
      ParameterSetName:
      - -g --lb-name -n --idle-timeout
      User-Agent:
      - python/3.6.8 (Windows-10-10.0.18362-SP0) msrest/0.6.10 msrest_azure/0.6.2
        azure-mgmt-network/9.0.0 Azure-SDK-For-Python AZURECLI/2.0.81
    method: GET
    uri: https://management.azure.com/subscriptions/00000000-0000-0000-0000-000000000000/resourceGroups/test_network_lb_outbound_rules000001/providers/Microsoft.Network/loadBalancers/lb1?api-version=2019-11-01
  response:
    body:
      string: "{\r\n  \"name\": \"lb1\",\r\n  \"id\": \"/subscriptions/00000000-0000-0000-0000-000000000000/resourceGroups/test_network_lb_outbound_rules000001/providers/Microsoft.Network/loadBalancers/lb1\",\r\n
        \ \"etag\": \"W/\\\"32c7e0c2-5fc0-4f1c-a5c3-6d74eaff7068\\\"\",\r\n  \"type\":
        \"Microsoft.Network/loadBalancers\",\r\n  \"location\": \"eastus2\",\r\n  \"tags\":
        {},\r\n  \"properties\": {\r\n    \"provisioningState\": \"Succeeded\",\r\n
        \   \"resourceGuid\": \"b70a0049-4f35-4a8b-86a9-7d372dbba288\",\r\n    \"frontendIPConfigurations\":
        [\r\n      {\r\n        \"name\": \"LoadBalancerFrontEnd\",\r\n        \"id\":
        \"/subscriptions/00000000-0000-0000-0000-000000000000/resourceGroups/test_network_lb_outbound_rules000001/providers/Microsoft.Network/loadBalancers/lb1/frontendIPConfigurations/LoadBalancerFrontEnd\",\r\n
        \       \"etag\": \"W/\\\"32c7e0c2-5fc0-4f1c-a5c3-6d74eaff7068\\\"\",\r\n
        \       \"type\": \"Microsoft.Network/loadBalancers/frontendIPConfigurations\",\r\n
        \       \"properties\": {\r\n          \"provisioningState\": \"Succeeded\",\r\n
        \         \"privateIPAllocationMethod\": \"Dynamic\",\r\n          \"publicIPAddress\":
        {\r\n            \"id\": \"/subscriptions/00000000-0000-0000-0000-000000000000/resourceGroups/test_network_lb_outbound_rules000001/providers/Microsoft.Network/publicIPAddresses/PublicIPlb1\"\r\n
        \         },\r\n          \"outboundRules\": [\r\n            {\r\n              \"id\":
        \"/subscriptions/00000000-0000-0000-0000-000000000000/resourceGroups/test_network_lb_outbound_rules000001/providers/Microsoft.Network/loadBalancers/lb1/outboundRules/rule1\"\r\n
        \           }\r\n          ],\r\n          \"privateIPAddressVersion\": \"IPv4\"\r\n
        \       }\r\n      },\r\n      {\r\n        \"name\": \"prefixFrontEnd\",\r\n
        \       \"id\": \"/subscriptions/00000000-0000-0000-0000-000000000000/resourceGroups/test_network_lb_outbound_rules000001/providers/Microsoft.Network/loadBalancers/lb1/frontendIPConfigurations/prefixFrontEnd\",\r\n
        \       \"etag\": \"W/\\\"32c7e0c2-5fc0-4f1c-a5c3-6d74eaff7068\\\"\",\r\n
        \       \"type\": \"Microsoft.Network/loadBalancers/frontendIPConfigurations\",\r\n
        \       \"properties\": {\r\n          \"provisioningState\": \"Succeeded\",\r\n
        \         \"privateIPAllocationMethod\": \"Dynamic\",\r\n          \"outboundRules\":
        [\r\n            {\r\n              \"id\": \"/subscriptions/00000000-0000-0000-0000-000000000000/resourceGroups/test_network_lb_outbound_rules000001/providers/Microsoft.Network/loadBalancers/lb1/outboundRules/rule2\"\r\n
        \           }\r\n          ],\r\n          \"publicIPPrefix\": {\r\n            \"id\":
        \"/subscriptions/00000000-0000-0000-0000-000000000000/resourceGroups/test_network_lb_outbound_rules000001/providers/Microsoft.Network/publicIPPrefixes/prefix1\"\r\n
        \         },\r\n          \"privateIPAddressVersion\": \"IPv4\"\r\n        }\r\n
        \     }\r\n    ],\r\n    \"backendAddressPools\": [\r\n      {\r\n        \"name\":
        \"lb1bepool\",\r\n        \"id\": \"/subscriptions/00000000-0000-0000-0000-000000000000/resourceGroups/test_network_lb_outbound_rules000001/providers/Microsoft.Network/loadBalancers/lb1/backendAddressPools/lb1bepool\",\r\n
        \       \"etag\": \"W/\\\"32c7e0c2-5fc0-4f1c-a5c3-6d74eaff7068\\\"\",\r\n
        \       \"properties\": {\r\n          \"provisioningState\": \"Succeeded\",\r\n
        \         \"outboundRules\": [\r\n            {\r\n              \"id\": \"/subscriptions/00000000-0000-0000-0000-000000000000/resourceGroups/test_network_lb_outbound_rules000001/providers/Microsoft.Network/loadBalancers/lb1/outboundRules/rule1\"\r\n
        \           },\r\n            {\r\n              \"id\": \"/subscriptions/00000000-0000-0000-0000-000000000000/resourceGroups/test_network_lb_outbound_rules000001/providers/Microsoft.Network/loadBalancers/lb1/outboundRules/rule2\"\r\n
        \           }\r\n          ]\r\n        },\r\n        \"type\": \"Microsoft.Network/loadBalancers/backendAddressPools\"\r\n
        \     }\r\n    ],\r\n    \"loadBalancingRules\": [],\r\n    \"probes\": [],\r\n
        \   \"inboundNatRules\": [],\r\n    \"outboundRules\": [\r\n      {\r\n        \"name\":
        \"rule1\",\r\n        \"id\": \"/subscriptions/00000000-0000-0000-0000-000000000000/resourceGroups/test_network_lb_outbound_rules000001/providers/Microsoft.Network/loadBalancers/lb1/outboundRules/rule1\",\r\n
        \       \"etag\": \"W/\\\"32c7e0c2-5fc0-4f1c-a5c3-6d74eaff7068\\\"\",\r\n
        \       \"type\": \"Microsoft.Network/loadBalancers/outboundRules\",\r\n        \"properties\":
        {\r\n          \"provisioningState\": \"Succeeded\",\r\n          \"allocatedOutboundPorts\":
        512,\r\n          \"protocol\": \"Tcp\",\r\n          \"enableTcpReset\":
        true,\r\n          \"idleTimeoutInMinutes\": 4,\r\n          \"backendAddressPool\":
        {\r\n            \"id\": \"/subscriptions/00000000-0000-0000-0000-000000000000/resourceGroups/test_network_lb_outbound_rules000001/providers/Microsoft.Network/loadBalancers/lb1/backendAddressPools/lb1bepool\"\r\n
        \         },\r\n          \"frontendIPConfigurations\": [\r\n            {\r\n
        \             \"id\": \"/subscriptions/00000000-0000-0000-0000-000000000000/resourceGroups/test_network_lb_outbound_rules000001/providers/Microsoft.Network/loadBalancers/lb1/frontendIPConfigurations/LoadBalancerFrontEnd\"\r\n
        \           }\r\n          ]\r\n        }\r\n      },\r\n      {\r\n        \"name\":
        \"rule2\",\r\n        \"id\": \"/subscriptions/00000000-0000-0000-0000-000000000000/resourceGroups/test_network_lb_outbound_rules000001/providers/Microsoft.Network/loadBalancers/lb1/outboundRules/rule2\",\r\n
        \       \"etag\": \"W/\\\"32c7e0c2-5fc0-4f1c-a5c3-6d74eaff7068\\\"\",\r\n
        \       \"type\": \"Microsoft.Network/loadBalancers/outboundRules\",\r\n        \"properties\":
        {\r\n          \"provisioningState\": \"Succeeded\",\r\n          \"allocatedOutboundPorts\":
        1024,\r\n          \"protocol\": \"All\",\r\n          \"enableTcpReset\":
        false,\r\n          \"idleTimeoutInMinutes\": 25,\r\n          \"backendAddressPool\":
        {\r\n            \"id\": \"/subscriptions/00000000-0000-0000-0000-000000000000/resourceGroups/test_network_lb_outbound_rules000001/providers/Microsoft.Network/loadBalancers/lb1/backendAddressPools/lb1bepool\"\r\n
        \         },\r\n          \"frontendIPConfigurations\": [\r\n            {\r\n
        \             \"id\": \"/subscriptions/00000000-0000-0000-0000-000000000000/resourceGroups/test_network_lb_outbound_rules000001/providers/Microsoft.Network/loadBalancers/lb1/frontendIPConfigurations/prefixFrontEnd\"\r\n
        \           }\r\n          ]\r\n        }\r\n      }\r\n    ],\r\n    \"inboundNatPools\":
        []\r\n  },\r\n  \"sku\": {\r\n    \"name\": \"Standard\"\r\n  }\r\n}"
    headers:
      cache-control:
      - no-cache
      content-length:
      - '6721'
      content-type:
      - application/json; charset=utf-8
      date:
      - Thu, 06 Feb 2020 19:20:55 GMT
      etag:
      - W/"32c7e0c2-5fc0-4f1c-a5c3-6d74eaff7068"
      expires:
      - '-1'
      pragma:
      - no-cache
      server:
      - Microsoft-HTTPAPI/2.0
      - Microsoft-HTTPAPI/2.0
      strict-transport-security:
      - max-age=31536000; includeSubDomains
      transfer-encoding:
      - chunked
      vary:
      - Accept-Encoding
      x-content-type-options:
      - nosniff
      x-ms-arm-service-request-id:
      - d7e0092c-3c9c-4551-9105-9956a465da89
    status:
      code: 200
      message: OK
- request:
    body: null
    headers:
      Accept:
      - application/json
      Accept-Encoding:
      - gzip, deflate
      CommandName:
      - network lb outbound-rule list
      Connection:
      - keep-alive
      ParameterSetName:
      - -g --lb-name
      User-Agent:
      - python/3.6.8 (Windows-10-10.0.18362-SP0) msrest/0.6.10 msrest_azure/0.6.2
        azure-mgmt-network/9.0.0 Azure-SDK-For-Python AZURECLI/2.0.81
      accept-language:
      - en-US
    method: GET
    uri: https://management.azure.com/subscriptions/00000000-0000-0000-0000-000000000000/resourceGroups/test_network_lb_outbound_rules000001/providers/Microsoft.Network/loadBalancers/lb1?api-version=2019-11-01
  response:
    body:
      string: "{\r\n  \"name\": \"lb1\",\r\n  \"id\": \"/subscriptions/00000000-0000-0000-0000-000000000000/resourceGroups/test_network_lb_outbound_rules000001/providers/Microsoft.Network/loadBalancers/lb1\",\r\n
        \ \"etag\": \"W/\\\"32c7e0c2-5fc0-4f1c-a5c3-6d74eaff7068\\\"\",\r\n  \"type\":
        \"Microsoft.Network/loadBalancers\",\r\n  \"location\": \"eastus2\",\r\n  \"tags\":
        {},\r\n  \"properties\": {\r\n    \"provisioningState\": \"Succeeded\",\r\n
        \   \"resourceGuid\": \"b70a0049-4f35-4a8b-86a9-7d372dbba288\",\r\n    \"frontendIPConfigurations\":
        [\r\n      {\r\n        \"name\": \"LoadBalancerFrontEnd\",\r\n        \"id\":
        \"/subscriptions/00000000-0000-0000-0000-000000000000/resourceGroups/test_network_lb_outbound_rules000001/providers/Microsoft.Network/loadBalancers/lb1/frontendIPConfigurations/LoadBalancerFrontEnd\",\r\n
        \       \"etag\": \"W/\\\"32c7e0c2-5fc0-4f1c-a5c3-6d74eaff7068\\\"\",\r\n
        \       \"type\": \"Microsoft.Network/loadBalancers/frontendIPConfigurations\",\r\n
        \       \"properties\": {\r\n          \"provisioningState\": \"Succeeded\",\r\n
        \         \"privateIPAllocationMethod\": \"Dynamic\",\r\n          \"publicIPAddress\":
        {\r\n            \"id\": \"/subscriptions/00000000-0000-0000-0000-000000000000/resourceGroups/test_network_lb_outbound_rules000001/providers/Microsoft.Network/publicIPAddresses/PublicIPlb1\"\r\n
        \         },\r\n          \"outboundRules\": [\r\n            {\r\n              \"id\":
        \"/subscriptions/00000000-0000-0000-0000-000000000000/resourceGroups/test_network_lb_outbound_rules000001/providers/Microsoft.Network/loadBalancers/lb1/outboundRules/rule1\"\r\n
        \           }\r\n          ],\r\n          \"privateIPAddressVersion\": \"IPv4\"\r\n
        \       }\r\n      },\r\n      {\r\n        \"name\": \"prefixFrontEnd\",\r\n
        \       \"id\": \"/subscriptions/00000000-0000-0000-0000-000000000000/resourceGroups/test_network_lb_outbound_rules000001/providers/Microsoft.Network/loadBalancers/lb1/frontendIPConfigurations/prefixFrontEnd\",\r\n
        \       \"etag\": \"W/\\\"32c7e0c2-5fc0-4f1c-a5c3-6d74eaff7068\\\"\",\r\n
        \       \"type\": \"Microsoft.Network/loadBalancers/frontendIPConfigurations\",\r\n
        \       \"properties\": {\r\n          \"provisioningState\": \"Succeeded\",\r\n
        \         \"privateIPAllocationMethod\": \"Dynamic\",\r\n          \"outboundRules\":
        [\r\n            {\r\n              \"id\": \"/subscriptions/00000000-0000-0000-0000-000000000000/resourceGroups/test_network_lb_outbound_rules000001/providers/Microsoft.Network/loadBalancers/lb1/outboundRules/rule2\"\r\n
        \           }\r\n          ],\r\n          \"publicIPPrefix\": {\r\n            \"id\":
        \"/subscriptions/00000000-0000-0000-0000-000000000000/resourceGroups/test_network_lb_outbound_rules000001/providers/Microsoft.Network/publicIPPrefixes/prefix1\"\r\n
        \         },\r\n          \"privateIPAddressVersion\": \"IPv4\"\r\n        }\r\n
        \     }\r\n    ],\r\n    \"backendAddressPools\": [\r\n      {\r\n        \"name\":
        \"lb1bepool\",\r\n        \"id\": \"/subscriptions/00000000-0000-0000-0000-000000000000/resourceGroups/test_network_lb_outbound_rules000001/providers/Microsoft.Network/loadBalancers/lb1/backendAddressPools/lb1bepool\",\r\n
        \       \"etag\": \"W/\\\"32c7e0c2-5fc0-4f1c-a5c3-6d74eaff7068\\\"\",\r\n
        \       \"properties\": {\r\n          \"provisioningState\": \"Succeeded\",\r\n
        \         \"outboundRules\": [\r\n            {\r\n              \"id\": \"/subscriptions/00000000-0000-0000-0000-000000000000/resourceGroups/test_network_lb_outbound_rules000001/providers/Microsoft.Network/loadBalancers/lb1/outboundRules/rule1\"\r\n
        \           },\r\n            {\r\n              \"id\": \"/subscriptions/00000000-0000-0000-0000-000000000000/resourceGroups/test_network_lb_outbound_rules000001/providers/Microsoft.Network/loadBalancers/lb1/outboundRules/rule2\"\r\n
        \           }\r\n          ]\r\n        },\r\n        \"type\": \"Microsoft.Network/loadBalancers/backendAddressPools\"\r\n
        \     }\r\n    ],\r\n    \"loadBalancingRules\": [],\r\n    \"probes\": [],\r\n
        \   \"inboundNatRules\": [],\r\n    \"outboundRules\": [\r\n      {\r\n        \"name\":
        \"rule1\",\r\n        \"id\": \"/subscriptions/00000000-0000-0000-0000-000000000000/resourceGroups/test_network_lb_outbound_rules000001/providers/Microsoft.Network/loadBalancers/lb1/outboundRules/rule1\",\r\n
        \       \"etag\": \"W/\\\"32c7e0c2-5fc0-4f1c-a5c3-6d74eaff7068\\\"\",\r\n
        \       \"type\": \"Microsoft.Network/loadBalancers/outboundRules\",\r\n        \"properties\":
        {\r\n          \"provisioningState\": \"Succeeded\",\r\n          \"allocatedOutboundPorts\":
        512,\r\n          \"protocol\": \"Tcp\",\r\n          \"enableTcpReset\":
        true,\r\n          \"idleTimeoutInMinutes\": 4,\r\n          \"backendAddressPool\":
        {\r\n            \"id\": \"/subscriptions/00000000-0000-0000-0000-000000000000/resourceGroups/test_network_lb_outbound_rules000001/providers/Microsoft.Network/loadBalancers/lb1/backendAddressPools/lb1bepool\"\r\n
        \         },\r\n          \"frontendIPConfigurations\": [\r\n            {\r\n
        \             \"id\": \"/subscriptions/00000000-0000-0000-0000-000000000000/resourceGroups/test_network_lb_outbound_rules000001/providers/Microsoft.Network/loadBalancers/lb1/frontendIPConfigurations/LoadBalancerFrontEnd\"\r\n
        \           }\r\n          ]\r\n        }\r\n      },\r\n      {\r\n        \"name\":
        \"rule2\",\r\n        \"id\": \"/subscriptions/00000000-0000-0000-0000-000000000000/resourceGroups/test_network_lb_outbound_rules000001/providers/Microsoft.Network/loadBalancers/lb1/outboundRules/rule2\",\r\n
        \       \"etag\": \"W/\\\"32c7e0c2-5fc0-4f1c-a5c3-6d74eaff7068\\\"\",\r\n
        \       \"type\": \"Microsoft.Network/loadBalancers/outboundRules\",\r\n        \"properties\":
        {\r\n          \"provisioningState\": \"Succeeded\",\r\n          \"allocatedOutboundPorts\":
        1024,\r\n          \"protocol\": \"All\",\r\n          \"enableTcpReset\":
        false,\r\n          \"idleTimeoutInMinutes\": 25,\r\n          \"backendAddressPool\":
        {\r\n            \"id\": \"/subscriptions/00000000-0000-0000-0000-000000000000/resourceGroups/test_network_lb_outbound_rules000001/providers/Microsoft.Network/loadBalancers/lb1/backendAddressPools/lb1bepool\"\r\n
        \         },\r\n          \"frontendIPConfigurations\": [\r\n            {\r\n
        \             \"id\": \"/subscriptions/00000000-0000-0000-0000-000000000000/resourceGroups/test_network_lb_outbound_rules000001/providers/Microsoft.Network/loadBalancers/lb1/frontendIPConfigurations/prefixFrontEnd\"\r\n
        \           }\r\n          ]\r\n        }\r\n      }\r\n    ],\r\n    \"inboundNatPools\":
        []\r\n  },\r\n  \"sku\": {\r\n    \"name\": \"Standard\"\r\n  }\r\n}"
    headers:
      cache-control:
      - no-cache
      content-length:
      - '6721'
      content-type:
      - application/json; charset=utf-8
      date:
      - Thu, 06 Feb 2020 19:20:56 GMT
      etag:
      - W/"32c7e0c2-5fc0-4f1c-a5c3-6d74eaff7068"
      expires:
      - '-1'
      pragma:
      - no-cache
      server:
      - Microsoft-HTTPAPI/2.0
      - Microsoft-HTTPAPI/2.0
      strict-transport-security:
      - max-age=31536000; includeSubDomains
      transfer-encoding:
      - chunked
      vary:
      - Accept-Encoding
      x-content-type-options:
      - nosniff
      x-ms-arm-service-request-id:
      - ece57166-e6de-4a26-ae20-97135a6e5014
    status:
      code: 200
      message: OK
- request:
    body: null
    headers:
      Accept:
      - application/json
      Accept-Encoding:
      - gzip, deflate
      CommandName:
      - network lb outbound-rule show
      Connection:
      - keep-alive
      ParameterSetName:
      - -g --lb-name -n
      User-Agent:
      - python/3.6.8 (Windows-10-10.0.18362-SP0) msrest/0.6.10 msrest_azure/0.6.2
        azure-mgmt-network/9.0.0 Azure-SDK-For-Python AZURECLI/2.0.81
      accept-language:
      - en-US
    method: GET
    uri: https://management.azure.com/subscriptions/00000000-0000-0000-0000-000000000000/resourceGroups/test_network_lb_outbound_rules000001/providers/Microsoft.Network/loadBalancers/lb1?api-version=2019-11-01
  response:
    body:
      string: "{\r\n  \"name\": \"lb1\",\r\n  \"id\": \"/subscriptions/00000000-0000-0000-0000-000000000000/resourceGroups/test_network_lb_outbound_rules000001/providers/Microsoft.Network/loadBalancers/lb1\",\r\n
        \ \"etag\": \"W/\\\"32c7e0c2-5fc0-4f1c-a5c3-6d74eaff7068\\\"\",\r\n  \"type\":
        \"Microsoft.Network/loadBalancers\",\r\n  \"location\": \"eastus2\",\r\n  \"tags\":
        {},\r\n  \"properties\": {\r\n    \"provisioningState\": \"Succeeded\",\r\n
        \   \"resourceGuid\": \"b70a0049-4f35-4a8b-86a9-7d372dbba288\",\r\n    \"frontendIPConfigurations\":
        [\r\n      {\r\n        \"name\": \"LoadBalancerFrontEnd\",\r\n        \"id\":
        \"/subscriptions/00000000-0000-0000-0000-000000000000/resourceGroups/test_network_lb_outbound_rules000001/providers/Microsoft.Network/loadBalancers/lb1/frontendIPConfigurations/LoadBalancerFrontEnd\",\r\n
        \       \"etag\": \"W/\\\"32c7e0c2-5fc0-4f1c-a5c3-6d74eaff7068\\\"\",\r\n
        \       \"type\": \"Microsoft.Network/loadBalancers/frontendIPConfigurations\",\r\n
        \       \"properties\": {\r\n          \"provisioningState\": \"Succeeded\",\r\n
        \         \"privateIPAllocationMethod\": \"Dynamic\",\r\n          \"publicIPAddress\":
        {\r\n            \"id\": \"/subscriptions/00000000-0000-0000-0000-000000000000/resourceGroups/test_network_lb_outbound_rules000001/providers/Microsoft.Network/publicIPAddresses/PublicIPlb1\"\r\n
        \         },\r\n          \"outboundRules\": [\r\n            {\r\n              \"id\":
        \"/subscriptions/00000000-0000-0000-0000-000000000000/resourceGroups/test_network_lb_outbound_rules000001/providers/Microsoft.Network/loadBalancers/lb1/outboundRules/rule1\"\r\n
        \           }\r\n          ],\r\n          \"privateIPAddressVersion\": \"IPv4\"\r\n
        \       }\r\n      },\r\n      {\r\n        \"name\": \"prefixFrontEnd\",\r\n
        \       \"id\": \"/subscriptions/00000000-0000-0000-0000-000000000000/resourceGroups/test_network_lb_outbound_rules000001/providers/Microsoft.Network/loadBalancers/lb1/frontendIPConfigurations/prefixFrontEnd\",\r\n
        \       \"etag\": \"W/\\\"32c7e0c2-5fc0-4f1c-a5c3-6d74eaff7068\\\"\",\r\n
        \       \"type\": \"Microsoft.Network/loadBalancers/frontendIPConfigurations\",\r\n
        \       \"properties\": {\r\n          \"provisioningState\": \"Succeeded\",\r\n
        \         \"privateIPAllocationMethod\": \"Dynamic\",\r\n          \"outboundRules\":
        [\r\n            {\r\n              \"id\": \"/subscriptions/00000000-0000-0000-0000-000000000000/resourceGroups/test_network_lb_outbound_rules000001/providers/Microsoft.Network/loadBalancers/lb1/outboundRules/rule2\"\r\n
        \           }\r\n          ],\r\n          \"publicIPPrefix\": {\r\n            \"id\":
        \"/subscriptions/00000000-0000-0000-0000-000000000000/resourceGroups/test_network_lb_outbound_rules000001/providers/Microsoft.Network/publicIPPrefixes/prefix1\"\r\n
        \         },\r\n          \"privateIPAddressVersion\": \"IPv4\"\r\n        }\r\n
        \     }\r\n    ],\r\n    \"backendAddressPools\": [\r\n      {\r\n        \"name\":
        \"lb1bepool\",\r\n        \"id\": \"/subscriptions/00000000-0000-0000-0000-000000000000/resourceGroups/test_network_lb_outbound_rules000001/providers/Microsoft.Network/loadBalancers/lb1/backendAddressPools/lb1bepool\",\r\n
        \       \"etag\": \"W/\\\"32c7e0c2-5fc0-4f1c-a5c3-6d74eaff7068\\\"\",\r\n
        \       \"properties\": {\r\n          \"provisioningState\": \"Succeeded\",\r\n
        \         \"outboundRules\": [\r\n            {\r\n              \"id\": \"/subscriptions/00000000-0000-0000-0000-000000000000/resourceGroups/test_network_lb_outbound_rules000001/providers/Microsoft.Network/loadBalancers/lb1/outboundRules/rule1\"\r\n
        \           },\r\n            {\r\n              \"id\": \"/subscriptions/00000000-0000-0000-0000-000000000000/resourceGroups/test_network_lb_outbound_rules000001/providers/Microsoft.Network/loadBalancers/lb1/outboundRules/rule2\"\r\n
        \           }\r\n          ]\r\n        },\r\n        \"type\": \"Microsoft.Network/loadBalancers/backendAddressPools\"\r\n
        \     }\r\n    ],\r\n    \"loadBalancingRules\": [],\r\n    \"probes\": [],\r\n
        \   \"inboundNatRules\": [],\r\n    \"outboundRules\": [\r\n      {\r\n        \"name\":
        \"rule1\",\r\n        \"id\": \"/subscriptions/00000000-0000-0000-0000-000000000000/resourceGroups/test_network_lb_outbound_rules000001/providers/Microsoft.Network/loadBalancers/lb1/outboundRules/rule1\",\r\n
        \       \"etag\": \"W/\\\"32c7e0c2-5fc0-4f1c-a5c3-6d74eaff7068\\\"\",\r\n
        \       \"type\": \"Microsoft.Network/loadBalancers/outboundRules\",\r\n        \"properties\":
        {\r\n          \"provisioningState\": \"Succeeded\",\r\n          \"allocatedOutboundPorts\":
        512,\r\n          \"protocol\": \"Tcp\",\r\n          \"enableTcpReset\":
        true,\r\n          \"idleTimeoutInMinutes\": 4,\r\n          \"backendAddressPool\":
        {\r\n            \"id\": \"/subscriptions/00000000-0000-0000-0000-000000000000/resourceGroups/test_network_lb_outbound_rules000001/providers/Microsoft.Network/loadBalancers/lb1/backendAddressPools/lb1bepool\"\r\n
        \         },\r\n          \"frontendIPConfigurations\": [\r\n            {\r\n
        \             \"id\": \"/subscriptions/00000000-0000-0000-0000-000000000000/resourceGroups/test_network_lb_outbound_rules000001/providers/Microsoft.Network/loadBalancers/lb1/frontendIPConfigurations/LoadBalancerFrontEnd\"\r\n
        \           }\r\n          ]\r\n        }\r\n      },\r\n      {\r\n        \"name\":
        \"rule2\",\r\n        \"id\": \"/subscriptions/00000000-0000-0000-0000-000000000000/resourceGroups/test_network_lb_outbound_rules000001/providers/Microsoft.Network/loadBalancers/lb1/outboundRules/rule2\",\r\n
        \       \"etag\": \"W/\\\"32c7e0c2-5fc0-4f1c-a5c3-6d74eaff7068\\\"\",\r\n
        \       \"type\": \"Microsoft.Network/loadBalancers/outboundRules\",\r\n        \"properties\":
        {\r\n          \"provisioningState\": \"Succeeded\",\r\n          \"allocatedOutboundPorts\":
        1024,\r\n          \"protocol\": \"All\",\r\n          \"enableTcpReset\":
        false,\r\n          \"idleTimeoutInMinutes\": 25,\r\n          \"backendAddressPool\":
        {\r\n            \"id\": \"/subscriptions/00000000-0000-0000-0000-000000000000/resourceGroups/test_network_lb_outbound_rules000001/providers/Microsoft.Network/loadBalancers/lb1/backendAddressPools/lb1bepool\"\r\n
        \         },\r\n          \"frontendIPConfigurations\": [\r\n            {\r\n
        \             \"id\": \"/subscriptions/00000000-0000-0000-0000-000000000000/resourceGroups/test_network_lb_outbound_rules000001/providers/Microsoft.Network/loadBalancers/lb1/frontendIPConfigurations/prefixFrontEnd\"\r\n
        \           }\r\n          ]\r\n        }\r\n      }\r\n    ],\r\n    \"inboundNatPools\":
        []\r\n  },\r\n  \"sku\": {\r\n    \"name\": \"Standard\"\r\n  }\r\n}"
    headers:
      cache-control:
      - no-cache
      content-length:
      - '6721'
      content-type:
      - application/json; charset=utf-8
      date:
      - Thu, 06 Feb 2020 19:20:58 GMT
      etag:
      - W/"32c7e0c2-5fc0-4f1c-a5c3-6d74eaff7068"
      expires:
      - '-1'
      pragma:
      - no-cache
      server:
      - Microsoft-HTTPAPI/2.0
      - Microsoft-HTTPAPI/2.0
      strict-transport-security:
      - max-age=31536000; includeSubDomains
      transfer-encoding:
      - chunked
      vary:
      - Accept-Encoding
      x-content-type-options:
      - nosniff
      x-ms-arm-service-request-id:
      - 08e80b3c-05f2-4f43-b6a5-c7f257b2169f
    status:
      code: 200
      message: OK
- request:
    body: null
    headers:
      Accept:
      - application/json
      Accept-Encoding:
      - gzip, deflate
      CommandName:
      - network lb outbound-rule delete
      Connection:
      - keep-alive
      ParameterSetName:
      - -g --lb-name -n
      User-Agent:
      - python/3.6.8 (Windows-10-10.0.18362-SP0) msrest/0.6.10 msrest_azure/0.6.2
        azure-mgmt-network/9.0.0 Azure-SDK-For-Python AZURECLI/2.0.81
      accept-language:
      - en-US
    method: GET
    uri: https://management.azure.com/subscriptions/00000000-0000-0000-0000-000000000000/resourceGroups/test_network_lb_outbound_rules000001/providers/Microsoft.Network/loadBalancers/lb1?api-version=2019-11-01
  response:
    body:
      string: "{\r\n  \"name\": \"lb1\",\r\n  \"id\": \"/subscriptions/00000000-0000-0000-0000-000000000000/resourceGroups/test_network_lb_outbound_rules000001/providers/Microsoft.Network/loadBalancers/lb1\",\r\n
        \ \"etag\": \"W/\\\"32c7e0c2-5fc0-4f1c-a5c3-6d74eaff7068\\\"\",\r\n  \"type\":
        \"Microsoft.Network/loadBalancers\",\r\n  \"location\": \"eastus2\",\r\n  \"tags\":
        {},\r\n  \"properties\": {\r\n    \"provisioningState\": \"Succeeded\",\r\n
        \   \"resourceGuid\": \"b70a0049-4f35-4a8b-86a9-7d372dbba288\",\r\n    \"frontendIPConfigurations\":
        [\r\n      {\r\n        \"name\": \"LoadBalancerFrontEnd\",\r\n        \"id\":
        \"/subscriptions/00000000-0000-0000-0000-000000000000/resourceGroups/test_network_lb_outbound_rules000001/providers/Microsoft.Network/loadBalancers/lb1/frontendIPConfigurations/LoadBalancerFrontEnd\",\r\n
        \       \"etag\": \"W/\\\"32c7e0c2-5fc0-4f1c-a5c3-6d74eaff7068\\\"\",\r\n
        \       \"type\": \"Microsoft.Network/loadBalancers/frontendIPConfigurations\",\r\n
        \       \"properties\": {\r\n          \"provisioningState\": \"Succeeded\",\r\n
        \         \"privateIPAllocationMethod\": \"Dynamic\",\r\n          \"publicIPAddress\":
        {\r\n            \"id\": \"/subscriptions/00000000-0000-0000-0000-000000000000/resourceGroups/test_network_lb_outbound_rules000001/providers/Microsoft.Network/publicIPAddresses/PublicIPlb1\"\r\n
        \         },\r\n          \"outboundRules\": [\r\n            {\r\n              \"id\":
        \"/subscriptions/00000000-0000-0000-0000-000000000000/resourceGroups/test_network_lb_outbound_rules000001/providers/Microsoft.Network/loadBalancers/lb1/outboundRules/rule1\"\r\n
        \           }\r\n          ],\r\n          \"privateIPAddressVersion\": \"IPv4\"\r\n
        \       }\r\n      },\r\n      {\r\n        \"name\": \"prefixFrontEnd\",\r\n
        \       \"id\": \"/subscriptions/00000000-0000-0000-0000-000000000000/resourceGroups/test_network_lb_outbound_rules000001/providers/Microsoft.Network/loadBalancers/lb1/frontendIPConfigurations/prefixFrontEnd\",\r\n
        \       \"etag\": \"W/\\\"32c7e0c2-5fc0-4f1c-a5c3-6d74eaff7068\\\"\",\r\n
        \       \"type\": \"Microsoft.Network/loadBalancers/frontendIPConfigurations\",\r\n
        \       \"properties\": {\r\n          \"provisioningState\": \"Succeeded\",\r\n
        \         \"privateIPAllocationMethod\": \"Dynamic\",\r\n          \"outboundRules\":
        [\r\n            {\r\n              \"id\": \"/subscriptions/00000000-0000-0000-0000-000000000000/resourceGroups/test_network_lb_outbound_rules000001/providers/Microsoft.Network/loadBalancers/lb1/outboundRules/rule2\"\r\n
        \           }\r\n          ],\r\n          \"publicIPPrefix\": {\r\n            \"id\":
        \"/subscriptions/00000000-0000-0000-0000-000000000000/resourceGroups/test_network_lb_outbound_rules000001/providers/Microsoft.Network/publicIPPrefixes/prefix1\"\r\n
        \         },\r\n          \"privateIPAddressVersion\": \"IPv4\"\r\n        }\r\n
        \     }\r\n    ],\r\n    \"backendAddressPools\": [\r\n      {\r\n        \"name\":
        \"lb1bepool\",\r\n        \"id\": \"/subscriptions/00000000-0000-0000-0000-000000000000/resourceGroups/test_network_lb_outbound_rules000001/providers/Microsoft.Network/loadBalancers/lb1/backendAddressPools/lb1bepool\",\r\n
        \       \"etag\": \"W/\\\"32c7e0c2-5fc0-4f1c-a5c3-6d74eaff7068\\\"\",\r\n
        \       \"properties\": {\r\n          \"provisioningState\": \"Succeeded\",\r\n
        \         \"outboundRules\": [\r\n            {\r\n              \"id\": \"/subscriptions/00000000-0000-0000-0000-000000000000/resourceGroups/test_network_lb_outbound_rules000001/providers/Microsoft.Network/loadBalancers/lb1/outboundRules/rule1\"\r\n
        \           },\r\n            {\r\n              \"id\": \"/subscriptions/00000000-0000-0000-0000-000000000000/resourceGroups/test_network_lb_outbound_rules000001/providers/Microsoft.Network/loadBalancers/lb1/outboundRules/rule2\"\r\n
        \           }\r\n          ]\r\n        },\r\n        \"type\": \"Microsoft.Network/loadBalancers/backendAddressPools\"\r\n
        \     }\r\n    ],\r\n    \"loadBalancingRules\": [],\r\n    \"probes\": [],\r\n
        \   \"inboundNatRules\": [],\r\n    \"outboundRules\": [\r\n      {\r\n        \"name\":
        \"rule1\",\r\n        \"id\": \"/subscriptions/00000000-0000-0000-0000-000000000000/resourceGroups/test_network_lb_outbound_rules000001/providers/Microsoft.Network/loadBalancers/lb1/outboundRules/rule1\",\r\n
        \       \"etag\": \"W/\\\"32c7e0c2-5fc0-4f1c-a5c3-6d74eaff7068\\\"\",\r\n
        \       \"type\": \"Microsoft.Network/loadBalancers/outboundRules\",\r\n        \"properties\":
        {\r\n          \"provisioningState\": \"Succeeded\",\r\n          \"allocatedOutboundPorts\":
        512,\r\n          \"protocol\": \"Tcp\",\r\n          \"enableTcpReset\":
        true,\r\n          \"idleTimeoutInMinutes\": 4,\r\n          \"backendAddressPool\":
        {\r\n            \"id\": \"/subscriptions/00000000-0000-0000-0000-000000000000/resourceGroups/test_network_lb_outbound_rules000001/providers/Microsoft.Network/loadBalancers/lb1/backendAddressPools/lb1bepool\"\r\n
        \         },\r\n          \"frontendIPConfigurations\": [\r\n            {\r\n
        \             \"id\": \"/subscriptions/00000000-0000-0000-0000-000000000000/resourceGroups/test_network_lb_outbound_rules000001/providers/Microsoft.Network/loadBalancers/lb1/frontendIPConfigurations/LoadBalancerFrontEnd\"\r\n
        \           }\r\n          ]\r\n        }\r\n      },\r\n      {\r\n        \"name\":
        \"rule2\",\r\n        \"id\": \"/subscriptions/00000000-0000-0000-0000-000000000000/resourceGroups/test_network_lb_outbound_rules000001/providers/Microsoft.Network/loadBalancers/lb1/outboundRules/rule2\",\r\n
        \       \"etag\": \"W/\\\"32c7e0c2-5fc0-4f1c-a5c3-6d74eaff7068\\\"\",\r\n
        \       \"type\": \"Microsoft.Network/loadBalancers/outboundRules\",\r\n        \"properties\":
        {\r\n          \"provisioningState\": \"Succeeded\",\r\n          \"allocatedOutboundPorts\":
        1024,\r\n          \"protocol\": \"All\",\r\n          \"enableTcpReset\":
        false,\r\n          \"idleTimeoutInMinutes\": 25,\r\n          \"backendAddressPool\":
        {\r\n            \"id\": \"/subscriptions/00000000-0000-0000-0000-000000000000/resourceGroups/test_network_lb_outbound_rules000001/providers/Microsoft.Network/loadBalancers/lb1/backendAddressPools/lb1bepool\"\r\n
        \         },\r\n          \"frontendIPConfigurations\": [\r\n            {\r\n
        \             \"id\": \"/subscriptions/00000000-0000-0000-0000-000000000000/resourceGroups/test_network_lb_outbound_rules000001/providers/Microsoft.Network/loadBalancers/lb1/frontendIPConfigurations/prefixFrontEnd\"\r\n
        \           }\r\n          ]\r\n        }\r\n      }\r\n    ],\r\n    \"inboundNatPools\":
        []\r\n  },\r\n  \"sku\": {\r\n    \"name\": \"Standard\"\r\n  }\r\n}"
    headers:
      cache-control:
      - no-cache
      content-length:
      - '6721'
      content-type:
      - application/json; charset=utf-8
      date:
      - Thu, 06 Feb 2020 19:20:59 GMT
      etag:
      - W/"32c7e0c2-5fc0-4f1c-a5c3-6d74eaff7068"
      expires:
      - '-1'
      pragma:
      - no-cache
      server:
      - Microsoft-HTTPAPI/2.0
      - Microsoft-HTTPAPI/2.0
      strict-transport-security:
      - max-age=31536000; includeSubDomains
      transfer-encoding:
      - chunked
      vary:
      - Accept-Encoding
      x-content-type-options:
      - nosniff
      x-ms-arm-service-request-id:
      - b42ed32e-07af-43c7-b886-df8e1561b515
    status:
      code: 200
      message: OK
- request:
    body: 'b''{"id": "/subscriptions/00000000-0000-0000-0000-000000000000/resourceGroups/test_network_lb_outbound_rules000001/providers/Microsoft.Network/loadBalancers/lb1",
      "location": "eastus2", "tags": {}, "sku": {"name": "Standard"}, "properties":
      {"frontendIPConfigurations": [{"id": "/subscriptions/00000000-0000-0000-0000-000000000000/resourceGroups/test_network_lb_outbound_rules000001/providers/Microsoft.Network/loadBalancers/lb1/frontendIPConfigurations/LoadBalancerFrontEnd",
      "properties": {"privateIPAllocationMethod": "Dynamic", "privateIPAddressVersion":
      "IPv4", "publicIPAddress": {"id": "/subscriptions/00000000-0000-0000-0000-000000000000/resourceGroups/test_network_lb_outbound_rules000001/providers/Microsoft.Network/publicIPAddresses/PublicIPlb1"}},
      "name": "LoadBalancerFrontEnd"}, {"id": "/subscriptions/00000000-0000-0000-0000-000000000000/resourceGroups/test_network_lb_outbound_rules000001/providers/Microsoft.Network/loadBalancers/lb1/frontendIPConfigurations/prefixFrontEnd",
      "properties": {"privateIPAllocationMethod": "Dynamic", "privateIPAddressVersion":
      "IPv4", "publicIPPrefix": {"id": "/subscriptions/00000000-0000-0000-0000-000000000000/resourceGroups/test_network_lb_outbound_rules000001/providers/Microsoft.Network/publicIPPrefixes/prefix1"}},
      "name": "prefixFrontEnd"}], "backendAddressPools": [{"id": "/subscriptions/00000000-0000-0000-0000-000000000000/resourceGroups/test_network_lb_outbound_rules000001/providers/Microsoft.Network/loadBalancers/lb1/backendAddressPools/lb1bepool",
      "name": "lb1bepool"}], "loadBalancingRules": [], "probes": [], "inboundNatRules":
      [], "inboundNatPools": [], "outboundRules": [{"id": "/subscriptions/00000000-0000-0000-0000-000000000000/resourceGroups/test_network_lb_outbound_rules000001/providers/Microsoft.Network/loadBalancers/lb1/outboundRules/rule2",
      "properties": {"allocatedOutboundPorts": 1024, "frontendIPConfigurations": [{"id":
      "/subscriptions/00000000-0000-0000-0000-000000000000/resourceGroups/test_network_lb_outbound_rules000001/providers/Microsoft.Network/loadBalancers/lb1/frontendIPConfigurations/prefixFrontEnd"}],
      "backendAddressPool": {"id": "/subscriptions/00000000-0000-0000-0000-000000000000/resourceGroups/test_network_lb_outbound_rules000001/providers/Microsoft.Network/loadBalancers/lb1/backendAddressPools/lb1bepool"},
      "protocol": "All", "enableTcpReset": false, "idleTimeoutInMinutes": 25}, "name":
      "rule2"}]}}'''
    headers:
      Accept:
      - application/json
      Accept-Encoding:
      - gzip, deflate
      CommandName:
      - network lb outbound-rule delete
      Connection:
      - keep-alive
      Content-Length:
      - '2750'
      Content-Type:
      - application/json; charset=utf-8
      ParameterSetName:
      - -g --lb-name -n
      User-Agent:
      - python/3.6.8 (Windows-10-10.0.18362-SP0) msrest/0.6.10 msrest_azure/0.6.2
        azure-mgmt-network/9.0.0 Azure-SDK-For-Python AZURECLI/2.0.81
      accept-language:
      - en-US
    method: PUT
    uri: https://management.azure.com/subscriptions/00000000-0000-0000-0000-000000000000/resourceGroups/test_network_lb_outbound_rules000001/providers/Microsoft.Network/loadBalancers/lb1?api-version=2019-11-01
  response:
    body:
      string: "{\r\n  \"name\": \"lb1\",\r\n  \"id\": \"/subscriptions/00000000-0000-0000-0000-000000000000/resourceGroups/test_network_lb_outbound_rules000001/providers/Microsoft.Network/loadBalancers/lb1\",\r\n
        \ \"etag\": \"W/\\\"58c42585-e0d4-48e3-b018-1522c1deab0e\\\"\",\r\n  \"type\":
        \"Microsoft.Network/loadBalancers\",\r\n  \"location\": \"eastus2\",\r\n  \"tags\":
        {},\r\n  \"properties\": {\r\n    \"provisioningState\": \"Succeeded\",\r\n
        \   \"resourceGuid\": \"b70a0049-4f35-4a8b-86a9-7d372dbba288\",\r\n    \"frontendIPConfigurations\":
        [\r\n      {\r\n        \"name\": \"LoadBalancerFrontEnd\",\r\n        \"id\":
        \"/subscriptions/00000000-0000-0000-0000-000000000000/resourceGroups/test_network_lb_outbound_rules000001/providers/Microsoft.Network/loadBalancers/lb1/frontendIPConfigurations/LoadBalancerFrontEnd\",\r\n
        \       \"etag\": \"W/\\\"58c42585-e0d4-48e3-b018-1522c1deab0e\\\"\",\r\n
        \       \"type\": \"Microsoft.Network/loadBalancers/frontendIPConfigurations\",\r\n
        \       \"properties\": {\r\n          \"provisioningState\": \"Succeeded\",\r\n
        \         \"privateIPAllocationMethod\": \"Dynamic\",\r\n          \"publicIPAddress\":
        {\r\n            \"id\": \"/subscriptions/00000000-0000-0000-0000-000000000000/resourceGroups/test_network_lb_outbound_rules000001/providers/Microsoft.Network/publicIPAddresses/PublicIPlb1\"\r\n
        \         },\r\n          \"privateIPAddressVersion\": \"IPv4\"\r\n        }\r\n
        \     },\r\n      {\r\n        \"name\": \"prefixFrontEnd\",\r\n        \"id\":
        \"/subscriptions/00000000-0000-0000-0000-000000000000/resourceGroups/test_network_lb_outbound_rules000001/providers/Microsoft.Network/loadBalancers/lb1/frontendIPConfigurations/prefixFrontEnd\",\r\n
        \       \"etag\": \"W/\\\"58c42585-e0d4-48e3-b018-1522c1deab0e\\\"\",\r\n
        \       \"type\": \"Microsoft.Network/loadBalancers/frontendIPConfigurations\",\r\n
        \       \"properties\": {\r\n          \"provisioningState\": \"Succeeded\",\r\n
        \         \"privateIPAllocationMethod\": \"Dynamic\",\r\n          \"outboundRules\":
        [\r\n            {\r\n              \"id\": \"/subscriptions/00000000-0000-0000-0000-000000000000/resourceGroups/test_network_lb_outbound_rules000001/providers/Microsoft.Network/loadBalancers/lb1/outboundRules/rule2\"\r\n
        \           }\r\n          ],\r\n          \"publicIPPrefix\": {\r\n            \"id\":
        \"/subscriptions/00000000-0000-0000-0000-000000000000/resourceGroups/test_network_lb_outbound_rules000001/providers/Microsoft.Network/publicIPPrefixes/prefix1\"\r\n
        \         },\r\n          \"privateIPAddressVersion\": \"IPv4\"\r\n        }\r\n
        \     }\r\n    ],\r\n    \"backendAddressPools\": [\r\n      {\r\n        \"name\":
        \"lb1bepool\",\r\n        \"id\": \"/subscriptions/00000000-0000-0000-0000-000000000000/resourceGroups/test_network_lb_outbound_rules000001/providers/Microsoft.Network/loadBalancers/lb1/backendAddressPools/lb1bepool\",\r\n
        \       \"etag\": \"W/\\\"58c42585-e0d4-48e3-b018-1522c1deab0e\\\"\",\r\n
        \       \"properties\": {\r\n          \"provisioningState\": \"Succeeded\",\r\n
        \         \"outboundRules\": [\r\n            {\r\n              \"id\": \"/subscriptions/00000000-0000-0000-0000-000000000000/resourceGroups/test_network_lb_outbound_rules000001/providers/Microsoft.Network/loadBalancers/lb1/outboundRules/rule2\"\r\n
        \           }\r\n          ]\r\n        },\r\n        \"type\": \"Microsoft.Network/loadBalancers/backendAddressPools\"\r\n
        \     }\r\n    ],\r\n    \"loadBalancingRules\": [],\r\n    \"probes\": [],\r\n
        \   \"inboundNatRules\": [],\r\n    \"outboundRules\": [\r\n      {\r\n        \"name\":
        \"rule2\",\r\n        \"id\": \"/subscriptions/00000000-0000-0000-0000-000000000000/resourceGroups/test_network_lb_outbound_rules000001/providers/Microsoft.Network/loadBalancers/lb1/outboundRules/rule2\",\r\n
        \       \"etag\": \"W/\\\"58c42585-e0d4-48e3-b018-1522c1deab0e\\\"\",\r\n
        \       \"type\": \"Microsoft.Network/loadBalancers/outboundRules\",\r\n        \"properties\":
        {\r\n          \"provisioningState\": \"Succeeded\",\r\n          \"allocatedOutboundPorts\":
        1024,\r\n          \"protocol\": \"All\",\r\n          \"enableTcpReset\":
        false,\r\n          \"idleTimeoutInMinutes\": 25,\r\n          \"backendAddressPool\":
        {\r\n            \"id\": \"/subscriptions/00000000-0000-0000-0000-000000000000/resourceGroups/test_network_lb_outbound_rules000001/providers/Microsoft.Network/loadBalancers/lb1/backendAddressPools/lb1bepool\"\r\n
        \         },\r\n          \"frontendIPConfigurations\": [\r\n            {\r\n
        \             \"id\": \"/subscriptions/00000000-0000-0000-0000-000000000000/resourceGroups/test_network_lb_outbound_rules000001/providers/Microsoft.Network/loadBalancers/lb1/frontendIPConfigurations/prefixFrontEnd\"\r\n
        \           }\r\n          ]\r\n        }\r\n      }\r\n    ],\r\n    \"inboundNatPools\":
        []\r\n  },\r\n  \"sku\": {\r\n    \"name\": \"Standard\"\r\n  }\r\n}"
    headers:
      azure-asyncoperation:
      - https://management.azure.com/subscriptions/00000000-0000-0000-0000-000000000000/providers/Microsoft.Network/locations/eastus2/operations/7248e521-b6a2-447c-9f18-dd612d6fb280?api-version=2019-11-01
      cache-control:
      - no-cache
      content-length:
      - '4894'
      content-type:
      - application/json; charset=utf-8
      date:
      - Thu, 06 Feb 2020 19:20:59 GMT
      expires:
      - '-1'
      pragma:
      - no-cache
      server:
      - Microsoft-HTTPAPI/2.0
      - Microsoft-HTTPAPI/2.0
      strict-transport-security:
      - max-age=31536000; includeSubDomains
      transfer-encoding:
      - chunked
      vary:
      - Accept-Encoding
      x-content-type-options:
      - nosniff
      x-ms-arm-service-request-id:
      - edfd481e-fa53-40e3-9658-ccfe6c3f1ee4
      x-ms-ratelimit-remaining-subscription-writes:
      - '1197'
    status:
      code: 200
      message: OK
- request:
    body: null
    headers:
      Accept:
      - application/json
      Accept-Encoding:
      - gzip, deflate
      CommandName:
      - network lb outbound-rule delete
      Connection:
      - keep-alive
      ParameterSetName:
      - -g --lb-name -n
      User-Agent:
      - python/3.6.8 (Windows-10-10.0.18362-SP0) msrest/0.6.10 msrest_azure/0.6.2
        azure-mgmt-network/9.0.0 Azure-SDK-For-Python AZURECLI/2.0.81
    method: GET
    uri: https://management.azure.com/subscriptions/00000000-0000-0000-0000-000000000000/providers/Microsoft.Network/locations/eastus2/operations/7248e521-b6a2-447c-9f18-dd612d6fb280?api-version=2019-11-01
  response:
    body:
      string: "{\r\n  \"status\": \"Succeeded\"\r\n}"
    headers:
      cache-control:
      - no-cache
      content-length:
      - '29'
      content-type:
      - application/json; charset=utf-8
      date:
      - Thu, 06 Feb 2020 19:21:31 GMT
      expires:
      - '-1'
      pragma:
      - no-cache
      server:
      - Microsoft-HTTPAPI/2.0
      - Microsoft-HTTPAPI/2.0
      strict-transport-security:
      - max-age=31536000; includeSubDomains
      transfer-encoding:
      - chunked
      vary:
      - Accept-Encoding
      x-content-type-options:
      - nosniff
      x-ms-arm-service-request-id:
      - aa4a9a11-a37f-4f97-b460-21884e23d54e
    status:
      code: 200
      message: OK
- request:
    body: null
    headers:
      Accept:
      - application/json
      Accept-Encoding:
      - gzip, deflate
      CommandName:
      - network lb outbound-rule delete
      Connection:
      - keep-alive
      ParameterSetName:
      - -g --lb-name -n
      User-Agent:
      - python/3.6.8 (Windows-10-10.0.18362-SP0) msrest/0.6.10 msrest_azure/0.6.2
        azure-mgmt-network/9.0.0 Azure-SDK-For-Python AZURECLI/2.0.81
    method: GET
    uri: https://management.azure.com/subscriptions/00000000-0000-0000-0000-000000000000/resourceGroups/test_network_lb_outbound_rules000001/providers/Microsoft.Network/loadBalancers/lb1?api-version=2019-11-01
  response:
    body:
      string: "{\r\n  \"name\": \"lb1\",\r\n  \"id\": \"/subscriptions/00000000-0000-0000-0000-000000000000/resourceGroups/test_network_lb_outbound_rules000001/providers/Microsoft.Network/loadBalancers/lb1\",\r\n
        \ \"etag\": \"W/\\\"58c42585-e0d4-48e3-b018-1522c1deab0e\\\"\",\r\n  \"type\":
        \"Microsoft.Network/loadBalancers\",\r\n  \"location\": \"eastus2\",\r\n  \"tags\":
        {},\r\n  \"properties\": {\r\n    \"provisioningState\": \"Succeeded\",\r\n
        \   \"resourceGuid\": \"b70a0049-4f35-4a8b-86a9-7d372dbba288\",\r\n    \"frontendIPConfigurations\":
        [\r\n      {\r\n        \"name\": \"LoadBalancerFrontEnd\",\r\n        \"id\":
        \"/subscriptions/00000000-0000-0000-0000-000000000000/resourceGroups/test_network_lb_outbound_rules000001/providers/Microsoft.Network/loadBalancers/lb1/frontendIPConfigurations/LoadBalancerFrontEnd\",\r\n
        \       \"etag\": \"W/\\\"58c42585-e0d4-48e3-b018-1522c1deab0e\\\"\",\r\n
        \       \"type\": \"Microsoft.Network/loadBalancers/frontendIPConfigurations\",\r\n
        \       \"properties\": {\r\n          \"provisioningState\": \"Succeeded\",\r\n
        \         \"privateIPAllocationMethod\": \"Dynamic\",\r\n          \"publicIPAddress\":
        {\r\n            \"id\": \"/subscriptions/00000000-0000-0000-0000-000000000000/resourceGroups/test_network_lb_outbound_rules000001/providers/Microsoft.Network/publicIPAddresses/PublicIPlb1\"\r\n
        \         },\r\n          \"privateIPAddressVersion\": \"IPv4\"\r\n        }\r\n
        \     },\r\n      {\r\n        \"name\": \"prefixFrontEnd\",\r\n        \"id\":
        \"/subscriptions/00000000-0000-0000-0000-000000000000/resourceGroups/test_network_lb_outbound_rules000001/providers/Microsoft.Network/loadBalancers/lb1/frontendIPConfigurations/prefixFrontEnd\",\r\n
        \       \"etag\": \"W/\\\"58c42585-e0d4-48e3-b018-1522c1deab0e\\\"\",\r\n
        \       \"type\": \"Microsoft.Network/loadBalancers/frontendIPConfigurations\",\r\n
        \       \"properties\": {\r\n          \"provisioningState\": \"Succeeded\",\r\n
        \         \"privateIPAllocationMethod\": \"Dynamic\",\r\n          \"outboundRules\":
        [\r\n            {\r\n              \"id\": \"/subscriptions/00000000-0000-0000-0000-000000000000/resourceGroups/test_network_lb_outbound_rules000001/providers/Microsoft.Network/loadBalancers/lb1/outboundRules/rule2\"\r\n
        \           }\r\n          ],\r\n          \"publicIPPrefix\": {\r\n            \"id\":
        \"/subscriptions/00000000-0000-0000-0000-000000000000/resourceGroups/test_network_lb_outbound_rules000001/providers/Microsoft.Network/publicIPPrefixes/prefix1\"\r\n
        \         },\r\n          \"privateIPAddressVersion\": \"IPv4\"\r\n        }\r\n
        \     }\r\n    ],\r\n    \"backendAddressPools\": [\r\n      {\r\n        \"name\":
        \"lb1bepool\",\r\n        \"id\": \"/subscriptions/00000000-0000-0000-0000-000000000000/resourceGroups/test_network_lb_outbound_rules000001/providers/Microsoft.Network/loadBalancers/lb1/backendAddressPools/lb1bepool\",\r\n
        \       \"etag\": \"W/\\\"58c42585-e0d4-48e3-b018-1522c1deab0e\\\"\",\r\n
        \       \"properties\": {\r\n          \"provisioningState\": \"Succeeded\",\r\n
        \         \"outboundRules\": [\r\n            {\r\n              \"id\": \"/subscriptions/00000000-0000-0000-0000-000000000000/resourceGroups/test_network_lb_outbound_rules000001/providers/Microsoft.Network/loadBalancers/lb1/outboundRules/rule2\"\r\n
        \           }\r\n          ]\r\n        },\r\n        \"type\": \"Microsoft.Network/loadBalancers/backendAddressPools\"\r\n
        \     }\r\n    ],\r\n    \"loadBalancingRules\": [],\r\n    \"probes\": [],\r\n
        \   \"inboundNatRules\": [],\r\n    \"outboundRules\": [\r\n      {\r\n        \"name\":
        \"rule2\",\r\n        \"id\": \"/subscriptions/00000000-0000-0000-0000-000000000000/resourceGroups/test_network_lb_outbound_rules000001/providers/Microsoft.Network/loadBalancers/lb1/outboundRules/rule2\",\r\n
        \       \"etag\": \"W/\\\"58c42585-e0d4-48e3-b018-1522c1deab0e\\\"\",\r\n
        \       \"type\": \"Microsoft.Network/loadBalancers/outboundRules\",\r\n        \"properties\":
        {\r\n          \"provisioningState\": \"Succeeded\",\r\n          \"allocatedOutboundPorts\":
        1024,\r\n          \"protocol\": \"All\",\r\n          \"enableTcpReset\":
        false,\r\n          \"idleTimeoutInMinutes\": 25,\r\n          \"backendAddressPool\":
        {\r\n            \"id\": \"/subscriptions/00000000-0000-0000-0000-000000000000/resourceGroups/test_network_lb_outbound_rules000001/providers/Microsoft.Network/loadBalancers/lb1/backendAddressPools/lb1bepool\"\r\n
        \         },\r\n          \"frontendIPConfigurations\": [\r\n            {\r\n
        \             \"id\": \"/subscriptions/00000000-0000-0000-0000-000000000000/resourceGroups/test_network_lb_outbound_rules000001/providers/Microsoft.Network/loadBalancers/lb1/frontendIPConfigurations/prefixFrontEnd\"\r\n
        \           }\r\n          ]\r\n        }\r\n      }\r\n    ],\r\n    \"inboundNatPools\":
        []\r\n  },\r\n  \"sku\": {\r\n    \"name\": \"Standard\"\r\n  }\r\n}"
    headers:
      cache-control:
      - no-cache
      content-length:
      - '4894'
      content-type:
      - application/json; charset=utf-8
      date:
      - Thu, 06 Feb 2020 19:21:32 GMT
      etag:
      - W/"58c42585-e0d4-48e3-b018-1522c1deab0e"
      expires:
      - '-1'
      pragma:
      - no-cache
      server:
      - Microsoft-HTTPAPI/2.0
      - Microsoft-HTTPAPI/2.0
      strict-transport-security:
      - max-age=31536000; includeSubDomains
      transfer-encoding:
      - chunked
      vary:
      - Accept-Encoding
      x-content-type-options:
      - nosniff
      x-ms-arm-service-request-id:
      - 8a164654-cc7e-4106-8e3a-085ee3102248
    status:
      code: 200
      message: OK
- request:
    body: null
    headers:
      Accept:
      - application/json
      Accept-Encoding:
      - gzip, deflate
      CommandName:
      - network lb outbound-rule list
      Connection:
      - keep-alive
      ParameterSetName:
      - -g --lb-name
      User-Agent:
      - python/3.6.8 (Windows-10-10.0.18362-SP0) msrest/0.6.10 msrest_azure/0.6.2
        azure-mgmt-network/9.0.0 Azure-SDK-For-Python AZURECLI/2.0.81
      accept-language:
      - en-US
    method: GET
    uri: https://management.azure.com/subscriptions/00000000-0000-0000-0000-000000000000/resourceGroups/test_network_lb_outbound_rules000001/providers/Microsoft.Network/loadBalancers/lb1?api-version=2019-11-01
  response:
    body:
      string: "{\r\n  \"name\": \"lb1\",\r\n  \"id\": \"/subscriptions/00000000-0000-0000-0000-000000000000/resourceGroups/test_network_lb_outbound_rules000001/providers/Microsoft.Network/loadBalancers/lb1\",\r\n
        \ \"etag\": \"W/\\\"58c42585-e0d4-48e3-b018-1522c1deab0e\\\"\",\r\n  \"type\":
        \"Microsoft.Network/loadBalancers\",\r\n  \"location\": \"eastus2\",\r\n  \"tags\":
        {},\r\n  \"properties\": {\r\n    \"provisioningState\": \"Succeeded\",\r\n
        \   \"resourceGuid\": \"b70a0049-4f35-4a8b-86a9-7d372dbba288\",\r\n    \"frontendIPConfigurations\":
        [\r\n      {\r\n        \"name\": \"LoadBalancerFrontEnd\",\r\n        \"id\":
        \"/subscriptions/00000000-0000-0000-0000-000000000000/resourceGroups/test_network_lb_outbound_rules000001/providers/Microsoft.Network/loadBalancers/lb1/frontendIPConfigurations/LoadBalancerFrontEnd\",\r\n
        \       \"etag\": \"W/\\\"58c42585-e0d4-48e3-b018-1522c1deab0e\\\"\",\r\n
        \       \"type\": \"Microsoft.Network/loadBalancers/frontendIPConfigurations\",\r\n
        \       \"properties\": {\r\n          \"provisioningState\": \"Succeeded\",\r\n
        \         \"privateIPAllocationMethod\": \"Dynamic\",\r\n          \"publicIPAddress\":
        {\r\n            \"id\": \"/subscriptions/00000000-0000-0000-0000-000000000000/resourceGroups/test_network_lb_outbound_rules000001/providers/Microsoft.Network/publicIPAddresses/PublicIPlb1\"\r\n
        \         },\r\n          \"privateIPAddressVersion\": \"IPv4\"\r\n        }\r\n
        \     },\r\n      {\r\n        \"name\": \"prefixFrontEnd\",\r\n        \"id\":
        \"/subscriptions/00000000-0000-0000-0000-000000000000/resourceGroups/test_network_lb_outbound_rules000001/providers/Microsoft.Network/loadBalancers/lb1/frontendIPConfigurations/prefixFrontEnd\",\r\n
        \       \"etag\": \"W/\\\"58c42585-e0d4-48e3-b018-1522c1deab0e\\\"\",\r\n
        \       \"type\": \"Microsoft.Network/loadBalancers/frontendIPConfigurations\",\r\n
        \       \"properties\": {\r\n          \"provisioningState\": \"Succeeded\",\r\n
        \         \"privateIPAllocationMethod\": \"Dynamic\",\r\n          \"outboundRules\":
        [\r\n            {\r\n              \"id\": \"/subscriptions/00000000-0000-0000-0000-000000000000/resourceGroups/test_network_lb_outbound_rules000001/providers/Microsoft.Network/loadBalancers/lb1/outboundRules/rule2\"\r\n
        \           }\r\n          ],\r\n          \"publicIPPrefix\": {\r\n            \"id\":
        \"/subscriptions/00000000-0000-0000-0000-000000000000/resourceGroups/test_network_lb_outbound_rules000001/providers/Microsoft.Network/publicIPPrefixes/prefix1\"\r\n
        \         },\r\n          \"privateIPAddressVersion\": \"IPv4\"\r\n        }\r\n
        \     }\r\n    ],\r\n    \"backendAddressPools\": [\r\n      {\r\n        \"name\":
        \"lb1bepool\",\r\n        \"id\": \"/subscriptions/00000000-0000-0000-0000-000000000000/resourceGroups/test_network_lb_outbound_rules000001/providers/Microsoft.Network/loadBalancers/lb1/backendAddressPools/lb1bepool\",\r\n
        \       \"etag\": \"W/\\\"58c42585-e0d4-48e3-b018-1522c1deab0e\\\"\",\r\n
        \       \"properties\": {\r\n          \"provisioningState\": \"Succeeded\",\r\n
        \         \"outboundRules\": [\r\n            {\r\n              \"id\": \"/subscriptions/00000000-0000-0000-0000-000000000000/resourceGroups/test_network_lb_outbound_rules000001/providers/Microsoft.Network/loadBalancers/lb1/outboundRules/rule2\"\r\n
        \           }\r\n          ]\r\n        },\r\n        \"type\": \"Microsoft.Network/loadBalancers/backendAddressPools\"\r\n
        \     }\r\n    ],\r\n    \"loadBalancingRules\": [],\r\n    \"probes\": [],\r\n
        \   \"inboundNatRules\": [],\r\n    \"outboundRules\": [\r\n      {\r\n        \"name\":
        \"rule2\",\r\n        \"id\": \"/subscriptions/00000000-0000-0000-0000-000000000000/resourceGroups/test_network_lb_outbound_rules000001/providers/Microsoft.Network/loadBalancers/lb1/outboundRules/rule2\",\r\n
        \       \"etag\": \"W/\\\"58c42585-e0d4-48e3-b018-1522c1deab0e\\\"\",\r\n
        \       \"type\": \"Microsoft.Network/loadBalancers/outboundRules\",\r\n        \"properties\":
        {\r\n          \"provisioningState\": \"Succeeded\",\r\n          \"allocatedOutboundPorts\":
        1024,\r\n          \"protocol\": \"All\",\r\n          \"enableTcpReset\":
        false,\r\n          \"idleTimeoutInMinutes\": 25,\r\n          \"backendAddressPool\":
        {\r\n            \"id\": \"/subscriptions/00000000-0000-0000-0000-000000000000/resourceGroups/test_network_lb_outbound_rules000001/providers/Microsoft.Network/loadBalancers/lb1/backendAddressPools/lb1bepool\"\r\n
        \         },\r\n          \"frontendIPConfigurations\": [\r\n            {\r\n
        \             \"id\": \"/subscriptions/00000000-0000-0000-0000-000000000000/resourceGroups/test_network_lb_outbound_rules000001/providers/Microsoft.Network/loadBalancers/lb1/frontendIPConfigurations/prefixFrontEnd\"\r\n
        \           }\r\n          ]\r\n        }\r\n      }\r\n    ],\r\n    \"inboundNatPools\":
        []\r\n  },\r\n  \"sku\": {\r\n    \"name\": \"Standard\"\r\n  }\r\n}"
    headers:
      cache-control:
      - no-cache
      content-length:
      - '4894'
      content-type:
      - application/json; charset=utf-8
      date:
      - Thu, 06 Feb 2020 19:21:33 GMT
      etag:
      - W/"58c42585-e0d4-48e3-b018-1522c1deab0e"
      expires:
      - '-1'
      pragma:
      - no-cache
      server:
      - Microsoft-HTTPAPI/2.0
      - Microsoft-HTTPAPI/2.0
      strict-transport-security:
      - max-age=31536000; includeSubDomains
      transfer-encoding:
      - chunked
      vary:
      - Accept-Encoding
      x-content-type-options:
      - nosniff
      x-ms-arm-service-request-id:
      - ac7fd14c-f60c-4cfe-8236-face67fa37ba
    status:
      code: 200
      message: OK
version: 1
