interactions:
- request:
    body: null
    headers:
      Accept:
      - application/json
      Accept-Encoding:
      - gzip, deflate
      CommandName:
      - network application-gateway create
      Connection:
      - keep-alive
      ParameterSetName:
      - -g -n --no-wait
      User-Agent:
      - AZURECLI/2.28.1 azsdk-python-azure-mgmt-resource/19.0.0 Python/3.8.3 (Windows-10-10.0.18362-SP0)
    method: GET
    uri: https://management.azure.com/subscriptions/00000000-0000-0000-0000-000000000000/resourcegroups/cli_test_ag_frontend_port000001?api-version=2021-04-01
  response:
    body:
      string: '{"id":"/subscriptions/00000000-0000-0000-0000-000000000000/resourceGroups/cli_test_ag_frontend_port000001","name":"cli_test_ag_frontend_port000001","type":"Microsoft.Resources/resourceGroups","location":"westus","tags":{"product":"azurecli","cause":"automation","date":"2021-09-15T07:28:19Z"},"properties":{"provisioningState":"Succeeded"}}'
    headers:
      cache-control:
      - no-cache
      content-length:
      - '428'
      content-type:
      - application/json; charset=utf-8
      date:
      - Wed, 15 Sep 2021 07:28:23 GMT
      expires:
      - '-1'
      pragma:
      - no-cache
      strict-transport-security:
      - max-age=31536000; includeSubDomains
      vary:
      - Accept-Encoding
      x-content-type-options:
      - nosniff
    status:
      code: 200
      message: OK
- request:
    body: null
    headers:
      Accept:
      - application/json
      Accept-Encoding:
      - gzip, deflate
      CommandName:
      - network application-gateway create
      Connection:
      - keep-alive
      ParameterSetName:
      - -g -n --no-wait
      User-Agent:
      - AZURECLI/2.28.1 azsdk-python-azure-mgmt-resource/19.0.0 Python/3.8.3 (Windows-10-10.0.18362-SP0)
    method: GET
    uri: https://management.azure.com/subscriptions/00000000-0000-0000-0000-000000000000/resources?$filter=resourceGroup%20eq%20%27cli_test_ag_frontend_port000001%27%20and%20name%20eq%20%27None%27%20and%20resourceType%20eq%20%27Microsoft.Network%2FvirtualNetworks%27&api-version=2021-04-01
  response:
    body:
      string: '{"value":[]}'
    headers:
      cache-control:
      - no-cache
      content-length:
      - '12'
      content-type:
      - application/json; charset=utf-8
      date:
      - Wed, 15 Sep 2021 07:28:24 GMT
      expires:
      - '-1'
      pragma:
      - no-cache
      strict-transport-security:
      - max-age=31536000; includeSubDomains
      vary:
      - Accept-Encoding
      x-content-type-options:
      - nosniff
    status:
      code: 200
      message: OK
- request:
    body: '{"properties": {"template": {"$schema": "https://schema.management.azure.com/schemas/2015-01-01/deploymentTemplate.json#",
      "contentVersion": "1.0.0.0", "parameters": {}, "variables": {"appGwID": "[resourceId(''Microsoft.Network/applicationGateways'',
      ''ag1'')]"}, "resources": [{"name": "ag1Vnet", "type": "Microsoft.Network/virtualNetworks",
      "location": "westus", "apiVersion": "2015-06-15", "dependsOn": [], "tags": {},
      "properties": {"addressSpace": {"addressPrefixes": ["10.0.0.0/16"]}, "subnets":
      [{"name": "default", "properties": {"addressPrefix": "10.0.0.0/24"}}]}}, {"type":
      "Microsoft.Network/applicationGateways", "name": "ag1", "location": "westus",
      "tags": {}, "apiVersion": "2021-03-01", "dependsOn": ["Microsoft.Network/virtualNetworks/ag1Vnet"],
      "properties": {"backendAddressPools": [{"name": "appGatewayBackendPool"}], "backendHttpSettingsCollection":
      [{"name": "appGatewayBackendHttpSettings", "properties": {"Port": 80, "Protocol":
      "Http", "CookieBasedAffinity": "disabled", "connectionDraining": {"enabled":
      false, "drainTimeoutInSec": 1}}}], "frontendIPConfigurations": [{"name": "appGatewayPrivateFrontendIP",
      "properties": {"privateIPAllocationMethod": "Dynamic", "privateIPAddress": null,
      "subnet": {"id": "/subscriptions/00000000-0000-0000-0000-000000000000/resourceGroups/cli_test_ag_frontend_port000001/providers/Microsoft.Network/virtualNetworks/ag1Vnet/subnets/default"}}}],
      "frontendPorts": [{"name": "appGatewayFrontendPort", "properties": {"Port":
      80}}], "gatewayIPConfigurations": [{"name": "appGatewayPrivateFrontendIP", "properties":
      {"subnet": {"id": "/subscriptions/00000000-0000-0000-0000-000000000000/resourceGroups/cli_test_ag_frontend_port000001/providers/Microsoft.Network/virtualNetworks/ag1Vnet/subnets/default"}}}],
      "httpListeners": [{"name": "appGatewayHttpListener", "properties": {"FrontendIpConfiguration":
      {"Id": "[concat(variables(''appGwID''), ''/frontendIPConfigurations/appGatewayPrivateFrontendIP'')]"},
      "FrontendPort": {"Id": "[concat(variables(''appGwID''), ''/frontendPorts/appGatewayFrontendPort'')]"},
      "Protocol": "http", "SslCertificate": null}}], "sku": {"name": "Standard_Medium",
      "tier": "Standard", "capacity": 2}, "requestRoutingRules": [{"Name": "rule1",
      "properties": {"RuleType": "Basic", "httpListener": {"id": "[concat(variables(''appGwID''),
      ''/httpListeners/appGatewayHttpListener'')]"}, "backendAddressPool": {"id":
      "[concat(variables(''appGwID''), ''/backendAddressPools/appGatewayBackendPool'')]"},
      "backendHttpSettings": {"id": "[concat(variables(''appGwID''), ''/backendHttpSettingsCollection/appGatewayBackendHttpSettings'')]"}}}],
      "privateLinkConfigurations": []}, "zones": null}], "outputs": {"applicationGateway":
      {"type": "object", "value": "[reference(''ag1'')]"}}}, "parameters": {}, "mode":
      "incremental"}}'
    headers:
      Accept:
      - application/json
      Accept-Encoding:
      - gzip, deflate
      CommandName:
      - network application-gateway create
      Connection:
      - keep-alive
      Content-Length:
      - '2855'
      Content-Type:
      - application/json
      ParameterSetName:
      - -g -n --no-wait
      User-Agent:
      - AZURECLI/2.28.1 azsdk-python-azure-mgmt-resource/19.0.0 Python/3.8.3 (Windows-10-10.0.18362-SP0)
    method: PUT
    uri: https://management.azure.com/subscriptions/00000000-0000-0000-0000-000000000000/resourcegroups/cli_test_ag_frontend_port000001/providers/Microsoft.Resources/deployments/mock-deployment?api-version=2021-04-01
  response:
    body:
      string: '{"id":"/subscriptions/00000000-0000-0000-0000-000000000000/resourceGroups/cli_test_ag_frontend_port000001/providers/Microsoft.Resources/deployments/ag_deploy_BA0av7ouCBblWA2bSlSfKDthtc2C9DBL","name":"ag_deploy_BA0av7ouCBblWA2bSlSfKDthtc2C9DBL","type":"Microsoft.Resources/deployments","properties":{"templateHash":"5454526536867570946","parameters":{},"mode":"Incremental","provisioningState":"Accepted","timestamp":"2021-09-15T07:28:29.5713688Z","duration":"PT2.1714204S","correlationId":"54fd8f42-693f-4267-b178-48ddb68285fc","providers":[{"namespace":"Microsoft.Network","resourceTypes":[{"resourceType":"virtualNetworks","locations":["westus"]},{"resourceType":"applicationGateways","locations":["westus"]}]}],"dependencies":[{"dependsOn":[{"id":"/subscriptions/00000000-0000-0000-0000-000000000000/resourceGroups/cli_test_ag_frontend_port000001/providers/Microsoft.Network/virtualNetworks/ag1Vnet","resourceType":"Microsoft.Network/virtualNetworks","resourceName":"ag1Vnet"}],"id":"/subscriptions/00000000-0000-0000-0000-000000000000/resourceGroups/cli_test_ag_frontend_port000001/providers/Microsoft.Network/applicationGateways/ag1","resourceType":"Microsoft.Network/applicationGateways","resourceName":"ag1"}]}}'
    headers:
      azure-asyncoperation:
      - https://management.azure.com/subscriptions/00000000-0000-0000-0000-000000000000/resourcegroups/cli_test_ag_frontend_port000001/providers/Microsoft.Resources/deployments/ag_deploy_BA0av7ouCBblWA2bSlSfKDthtc2C9DBL/operationStatuses/08585699159780776922?api-version=2021-04-01
      cache-control:
      - no-cache
      content-length:
      - '1350'
      content-type:
      - application/json; charset=utf-8
      date:
      - Wed, 15 Sep 2021 07:28:30 GMT
      expires:
      - '-1'
      pragma:
      - no-cache
      strict-transport-security:
      - max-age=31536000; includeSubDomains
      x-content-type-options:
      - nosniff
      x-ms-ratelimit-remaining-subscription-writes:
      - '1195'
    status:
      code: 201
      message: Created
- request:
    body: null
    headers:
      Accept:
      - application/json
      Accept-Encoding:
      - gzip, deflate
      CommandName:
      - network application-gateway wait
      Connection:
      - keep-alive
      ParameterSetName:
      - -g -n --exists
      User-Agent:
      - AZURECLI/2.28.1 azsdk-python-azure-mgmt-network/19.0.0 Python/3.8.3 (Windows-10-10.0.18362-SP0)
    method: GET
    uri: https://management.azure.com/subscriptions/00000000-0000-0000-0000-000000000000/resourceGroups/cli_test_ag_frontend_port000001/providers/Microsoft.Network/applicationGateways/ag1?api-version=2021-03-01
  response:
    body:
      string: '{"error":{"code":"ResourceNotFound","message":"The Resource ''Microsoft.Network/applicationGateways/ag1''
        under resource group ''cli_test_ag_frontend_port000001'' was not found. For
        more details please go to https://aka.ms/ARMResourceNotFoundFix"}}'
    headers:
      cache-control:
      - no-cache
      content-length:
      - '288'
      content-type:
      - application/json; charset=utf-8
      date:
      - Wed, 15 Sep 2021 07:28:32 GMT
      expires:
      - '-1'
      pragma:
      - no-cache
      strict-transport-security:
      - max-age=31536000; includeSubDomains
      x-content-type-options:
      - nosniff
      x-ms-failure-cause:
      - gateway
    status:
      code: 404
      message: Not Found
- request:
    body: null
    headers:
      Accept:
      - application/json
      Accept-Encoding:
      - gzip, deflate
      CommandName:
      - network application-gateway wait
      Connection:
      - keep-alive
      ParameterSetName:
      - -g -n --exists
      User-Agent:
      - AZURECLI/2.28.1 azsdk-python-azure-mgmt-network/19.0.0 Python/3.8.3 (Windows-10-10.0.18362-SP0)
    method: GET
    uri: https://management.azure.com/subscriptions/00000000-0000-0000-0000-000000000000/resourceGroups/cli_test_ag_frontend_port000001/providers/Microsoft.Network/applicationGateways/ag1?api-version=2021-03-01
  response:
    body:
      string: "{\r\n  \"name\": \"ag1\",\r\n  \"id\": \"/subscriptions/00000000-0000-0000-0000-000000000000/resourceGroups/cli_test_ag_frontend_port000001/providers/Microsoft.Network/applicationGateways/ag1\",\r\n
        \ \"etag\": \"W/\\\"32e4c2af-96e3-4fe3-bcfd-95e7eb0faba3\\\"\",\r\n  \"type\":
        \"Microsoft.Network/applicationGateways\",\r\n  \"location\": \"westus\",\r\n
        \ \"tags\": {},\r\n  \"properties\": {\r\n    \"provisioningState\": \"Updating\",\r\n
        \   \"resourceGuid\": \"75de9ba3-3827-4a41-881a-440bf5e415a2\",\r\n    \"sku\":
        {\r\n      \"name\": \"Standard_Medium\",\r\n      \"tier\": \"Standard\",\r\n
        \     \"capacity\": 2\r\n    },\r\n    \"operationalState\": \"Stopped\",\r\n
        \   \"gatewayIPConfigurations\": [\r\n      {\r\n        \"name\": \"appGatewayPrivateFrontendIP\",\r\n
        \       \"id\": \"/subscriptions/00000000-0000-0000-0000-000000000000/resourceGroups/cli_test_ag_frontend_port000001/providers/Microsoft.Network/applicationGateways/ag1/gatewayIPConfigurations/appGatewayPrivateFrontendIP\",\r\n
        \       \"etag\": \"W/\\\"32e4c2af-96e3-4fe3-bcfd-95e7eb0faba3\\\"\",\r\n
        \       \"properties\": {\r\n          \"provisioningState\": \"Updating\",\r\n
        \         \"subnet\": {\r\n            \"id\": \"/subscriptions/00000000-0000-0000-0000-000000000000/resourceGroups/cli_test_ag_frontend_port000001/providers/Microsoft.Network/virtualNetworks/ag1Vnet/subnets/default\"\r\n
        \         }\r\n        },\r\n        \"type\": \"Microsoft.Network/applicationGateways/gatewayIPConfigurations\"\r\n
        \     }\r\n    ],\r\n    \"sslCertificates\": [],\r\n    \"authenticationCertificates\":
        [],\r\n    \"frontendIPConfigurations\": [\r\n      {\r\n        \"name\":
        \"appGatewayPrivateFrontendIP\",\r\n        \"id\": \"/subscriptions/00000000-0000-0000-0000-000000000000/resourceGroups/cli_test_ag_frontend_port000001/providers/Microsoft.Network/applicationGateways/ag1/frontendIPConfigurations/appGatewayPrivateFrontendIP\",\r\n
        \       \"etag\": \"W/\\\"32e4c2af-96e3-4fe3-bcfd-95e7eb0faba3\\\"\",\r\n
        \       \"type\": \"Microsoft.Network/applicationGateways/frontendIPConfigurations\",\r\n
        \       \"properties\": {\r\n          \"provisioningState\": \"Updating\",\r\n
        \         \"privateIPAllocationMethod\": \"Dynamic\",\r\n          \"subnet\":
        {\r\n            \"id\": \"/subscriptions/00000000-0000-0000-0000-000000000000/resourceGroups/cli_test_ag_frontend_port000001/providers/Microsoft.Network/virtualNetworks/ag1Vnet/subnets/default\"\r\n
        \         },\r\n          \"httpListeners\": [\r\n            {\r\n              \"id\":
        \"/subscriptions/00000000-0000-0000-0000-000000000000/resourceGroups/cli_test_ag_frontend_port000001/providers/Microsoft.Network/applicationGateways/ag1/httpListeners/appGatewayHttpListener\"\r\n
        \           }\r\n          ]\r\n        }\r\n      }\r\n    ],\r\n    \"frontendPorts\":
        [\r\n      {\r\n        \"name\": \"appGatewayFrontendPort\",\r\n        \"id\":
        \"/subscriptions/00000000-0000-0000-0000-000000000000/resourceGroups/cli_test_ag_frontend_port000001/providers/Microsoft.Network/applicationGateways/ag1/frontendPorts/appGatewayFrontendPort\",\r\n
        \       \"etag\": \"W/\\\"32e4c2af-96e3-4fe3-bcfd-95e7eb0faba3\\\"\",\r\n
        \       \"properties\": {\r\n          \"provisioningState\": \"Updating\",\r\n
        \         \"port\": 80,\r\n          \"httpListeners\": [\r\n            {\r\n
        \             \"id\": \"/subscriptions/00000000-0000-0000-0000-000000000000/resourceGroups/cli_test_ag_frontend_port000001/providers/Microsoft.Network/applicationGateways/ag1/httpListeners/appGatewayHttpListener\"\r\n
        \           }\r\n          ]\r\n        },\r\n        \"type\": \"Microsoft.Network/applicationGateways/frontendPorts\"\r\n
        \     }\r\n    ],\r\n    \"backendAddressPools\": [\r\n      {\r\n        \"name\":
        \"appGatewayBackendPool\",\r\n        \"id\": \"/subscriptions/00000000-0000-0000-0000-000000000000/resourceGroups/cli_test_ag_frontend_port000001/providers/Microsoft.Network/applicationGateways/ag1/backendAddressPools/appGatewayBackendPool\",\r\n
        \       \"etag\": \"W/\\\"32e4c2af-96e3-4fe3-bcfd-95e7eb0faba3\\\"\",\r\n
        \       \"properties\": {\r\n          \"provisioningState\": \"Updating\",\r\n
        \         \"backendAddresses\": [],\r\n          \"requestRoutingRules\":
        [\r\n            {\r\n              \"id\": \"/subscriptions/00000000-0000-0000-0000-000000000000/resourceGroups/cli_test_ag_frontend_port000001/providers/Microsoft.Network/applicationGateways/ag1/requestRoutingRules/rule1\"\r\n
        \           }\r\n          ]\r\n        },\r\n        \"type\": \"Microsoft.Network/applicationGateways/backendAddressPools\"\r\n
        \     }\r\n    ],\r\n    \"backendHttpSettingsCollection\": [\r\n      {\r\n
        \       \"name\": \"appGatewayBackendHttpSettings\",\r\n        \"id\": \"/subscriptions/00000000-0000-0000-0000-000000000000/resourceGroups/cli_test_ag_frontend_port000001/providers/Microsoft.Network/applicationGateways/ag1/backendHttpSettingsCollection/appGatewayBackendHttpSettings\",\r\n
        \       \"etag\": \"W/\\\"32e4c2af-96e3-4fe3-bcfd-95e7eb0faba3\\\"\",\r\n
        \       \"properties\": {\r\n          \"provisioningState\": \"Updating\",\r\n
        \         \"port\": 80,\r\n          \"protocol\": \"Http\",\r\n          \"cookieBasedAffinity\":
        \"Disabled\",\r\n          \"connectionDraining\": {\r\n            \"enabled\":
        false,\r\n            \"drainTimeoutInSec\": 1\r\n          },\r\n          \"pickHostNameFromBackendAddress\":
        false,\r\n          \"requestTimeout\": 30,\r\n          \"requestRoutingRules\":
        [\r\n            {\r\n              \"id\": \"/subscriptions/00000000-0000-0000-0000-000000000000/resourceGroups/cli_test_ag_frontend_port000001/providers/Microsoft.Network/applicationGateways/ag1/requestRoutingRules/rule1\"\r\n
        \           }\r\n          ]\r\n        },\r\n        \"type\": \"Microsoft.Network/applicationGateways/backendHttpSettingsCollection\"\r\n
        \     }\r\n    ],\r\n    \"httpListeners\": [\r\n      {\r\n        \"name\":
        \"appGatewayHttpListener\",\r\n        \"id\": \"/subscriptions/00000000-0000-0000-0000-000000000000/resourceGroups/cli_test_ag_frontend_port000001/providers/Microsoft.Network/applicationGateways/ag1/httpListeners/appGatewayHttpListener\",\r\n
        \       \"etag\": \"W/\\\"32e4c2af-96e3-4fe3-bcfd-95e7eb0faba3\\\"\",\r\n
        \       \"properties\": {\r\n          \"provisioningState\": \"Updating\",\r\n
        \         \"frontendIPConfiguration\": {\r\n            \"id\": \"/subscriptions/00000000-0000-0000-0000-000000000000/resourceGroups/cli_test_ag_frontend_port000001/providers/Microsoft.Network/applicationGateways/ag1/frontendIPConfigurations/appGatewayPrivateFrontendIP\"\r\n
        \         },\r\n          \"frontendPort\": {\r\n            \"id\": \"/subscriptions/00000000-0000-0000-0000-000000000000/resourceGroups/cli_test_ag_frontend_port000001/providers/Microsoft.Network/applicationGateways/ag1/frontendPorts/appGatewayFrontendPort\"\r\n
        \         },\r\n          \"protocol\": \"Http\",\r\n          \"hostNames\":
        [],\r\n          \"requireServerNameIndication\": false,\r\n          \"requestRoutingRules\":
        [\r\n            {\r\n              \"id\": \"/subscriptions/00000000-0000-0000-0000-000000000000/resourceGroups/cli_test_ag_frontend_port000001/providers/Microsoft.Network/applicationGateways/ag1/requestRoutingRules/rule1\"\r\n
        \           }\r\n          ]\r\n        },\r\n        \"type\": \"Microsoft.Network/applicationGateways/httpListeners\"\r\n
        \     }\r\n    ],\r\n    \"urlPathMaps\": [],\r\n    \"requestRoutingRules\":
        [\r\n      {\r\n        \"name\": \"rule1\",\r\n        \"id\": \"/subscriptions/00000000-0000-0000-0000-000000000000/resourceGroups/cli_test_ag_frontend_port000001/providers/Microsoft.Network/applicationGateways/ag1/requestRoutingRules/rule1\",\r\n
        \       \"etag\": \"W/\\\"32e4c2af-96e3-4fe3-bcfd-95e7eb0faba3\\\"\",\r\n
        \       \"properties\": {\r\n          \"provisioningState\": \"Updating\",\r\n
        \         \"ruleType\": \"Basic\",\r\n          \"httpListener\": {\r\n            \"id\":
        \"/subscriptions/00000000-0000-0000-0000-000000000000/resourceGroups/cli_test_ag_frontend_port000001/providers/Microsoft.Network/applicationGateways/ag1/httpListeners/appGatewayHttpListener\"\r\n
        \         },\r\n          \"backendAddressPool\": {\r\n            \"id\":
        \"/subscriptions/00000000-0000-0000-0000-000000000000/resourceGroups/cli_test_ag_frontend_port000001/providers/Microsoft.Network/applicationGateways/ag1/backendAddressPools/appGatewayBackendPool\"\r\n
        \         },\r\n          \"backendHttpSettings\": {\r\n            \"id\":
        \"/subscriptions/00000000-0000-0000-0000-000000000000/resourceGroups/cli_test_ag_frontend_port000001/providers/Microsoft.Network/applicationGateways/ag1/backendHttpSettingsCollection/appGatewayBackendHttpSettings\"\r\n
        \         }\r\n        },\r\n        \"type\": \"Microsoft.Network/applicationGateways/requestRoutingRules\"\r\n
        \     }\r\n    ],\r\n    \"probes\": [],\r\n    \"rewriteRuleSets\": [],\r\n
        \   \"redirectConfigurations\": []\r\n  }\r\n}"
    headers:
      cache-control:
      - no-cache
      content-length:
      - '9123'
      content-type:
      - application/json; charset=utf-8
      date:
      - Wed, 15 Sep 2021 07:29:02 GMT
      etag:
      - W/"32e4c2af-96e3-4fe3-bcfd-95e7eb0faba3"
      expires:
      - '-1'
      pragma:
      - no-cache
      server:
      - Microsoft-HTTPAPI/2.0
      - Microsoft-HTTPAPI/2.0
      strict-transport-security:
      - max-age=31536000; includeSubDomains
      transfer-encoding:
      - chunked
      vary:
      - Accept-Encoding
      x-content-type-options:
      - nosniff
      x-ms-arm-service-request-id:
      - 51e8e586-1903-41c5-b2be-f0718f75b4f7
    status:
      code: 200
      message: OK
- request:
    body: null
    headers:
      Accept:
      - application/json
      Accept-Encoding:
      - gzip, deflate
      CommandName:
      - network application-gateway frontend-port create
      Connection:
      - keep-alive
      ParameterSetName:
      - -g --gateway-name -n --no-wait --port
      User-Agent:
      - AZURECLI/2.28.1 azsdk-python-azure-mgmt-network/19.0.0 Python/3.8.3 (Windows-10-10.0.18362-SP0)
    method: GET
    uri: https://management.azure.com/subscriptions/00000000-0000-0000-0000-000000000000/resourceGroups/cli_test_ag_frontend_port000001/providers/Microsoft.Network/applicationGateways/ag1?api-version=2021-03-01
  response:
    body:
      string: "{\r\n  \"name\": \"ag1\",\r\n  \"id\": \"/subscriptions/00000000-0000-0000-0000-000000000000/resourceGroups/cli_test_ag_frontend_port000001/providers/Microsoft.Network/applicationGateways/ag1\",\r\n
        \ \"etag\": \"W/\\\"32e4c2af-96e3-4fe3-bcfd-95e7eb0faba3\\\"\",\r\n  \"type\":
        \"Microsoft.Network/applicationGateways\",\r\n  \"location\": \"westus\",\r\n
        \ \"tags\": {},\r\n  \"properties\": {\r\n    \"provisioningState\": \"Updating\",\r\n
        \   \"resourceGuid\": \"75de9ba3-3827-4a41-881a-440bf5e415a2\",\r\n    \"sku\":
        {\r\n      \"name\": \"Standard_Medium\",\r\n      \"tier\": \"Standard\",\r\n
        \     \"capacity\": 2\r\n    },\r\n    \"operationalState\": \"Stopped\",\r\n
        \   \"gatewayIPConfigurations\": [\r\n      {\r\n        \"name\": \"appGatewayPrivateFrontendIP\",\r\n
        \       \"id\": \"/subscriptions/00000000-0000-0000-0000-000000000000/resourceGroups/cli_test_ag_frontend_port000001/providers/Microsoft.Network/applicationGateways/ag1/gatewayIPConfigurations/appGatewayPrivateFrontendIP\",\r\n
        \       \"etag\": \"W/\\\"32e4c2af-96e3-4fe3-bcfd-95e7eb0faba3\\\"\",\r\n
        \       \"properties\": {\r\n          \"provisioningState\": \"Updating\",\r\n
        \         \"subnet\": {\r\n            \"id\": \"/subscriptions/00000000-0000-0000-0000-000000000000/resourceGroups/cli_test_ag_frontend_port000001/providers/Microsoft.Network/virtualNetworks/ag1Vnet/subnets/default\"\r\n
        \         }\r\n        },\r\n        \"type\": \"Microsoft.Network/applicationGateways/gatewayIPConfigurations\"\r\n
        \     }\r\n    ],\r\n    \"sslCertificates\": [],\r\n    \"authenticationCertificates\":
        [],\r\n    \"frontendIPConfigurations\": [\r\n      {\r\n        \"name\":
        \"appGatewayPrivateFrontendIP\",\r\n        \"id\": \"/subscriptions/00000000-0000-0000-0000-000000000000/resourceGroups/cli_test_ag_frontend_port000001/providers/Microsoft.Network/applicationGateways/ag1/frontendIPConfigurations/appGatewayPrivateFrontendIP\",\r\n
        \       \"etag\": \"W/\\\"32e4c2af-96e3-4fe3-bcfd-95e7eb0faba3\\\"\",\r\n
        \       \"type\": \"Microsoft.Network/applicationGateways/frontendIPConfigurations\",\r\n
        \       \"properties\": {\r\n          \"provisioningState\": \"Updating\",\r\n
        \         \"privateIPAllocationMethod\": \"Dynamic\",\r\n          \"subnet\":
        {\r\n            \"id\": \"/subscriptions/00000000-0000-0000-0000-000000000000/resourceGroups/cli_test_ag_frontend_port000001/providers/Microsoft.Network/virtualNetworks/ag1Vnet/subnets/default\"\r\n
        \         },\r\n          \"httpListeners\": [\r\n            {\r\n              \"id\":
        \"/subscriptions/00000000-0000-0000-0000-000000000000/resourceGroups/cli_test_ag_frontend_port000001/providers/Microsoft.Network/applicationGateways/ag1/httpListeners/appGatewayHttpListener\"\r\n
        \           }\r\n          ]\r\n        }\r\n      }\r\n    ],\r\n    \"frontendPorts\":
        [\r\n      {\r\n        \"name\": \"appGatewayFrontendPort\",\r\n        \"id\":
        \"/subscriptions/00000000-0000-0000-0000-000000000000/resourceGroups/cli_test_ag_frontend_port000001/providers/Microsoft.Network/applicationGateways/ag1/frontendPorts/appGatewayFrontendPort\",\r\n
        \       \"etag\": \"W/\\\"32e4c2af-96e3-4fe3-bcfd-95e7eb0faba3\\\"\",\r\n
        \       \"properties\": {\r\n          \"provisioningState\": \"Updating\",\r\n
        \         \"port\": 80,\r\n          \"httpListeners\": [\r\n            {\r\n
        \             \"id\": \"/subscriptions/00000000-0000-0000-0000-000000000000/resourceGroups/cli_test_ag_frontend_port000001/providers/Microsoft.Network/applicationGateways/ag1/httpListeners/appGatewayHttpListener\"\r\n
        \           }\r\n          ]\r\n        },\r\n        \"type\": \"Microsoft.Network/applicationGateways/frontendPorts\"\r\n
        \     }\r\n    ],\r\n    \"backendAddressPools\": [\r\n      {\r\n        \"name\":
        \"appGatewayBackendPool\",\r\n        \"id\": \"/subscriptions/00000000-0000-0000-0000-000000000000/resourceGroups/cli_test_ag_frontend_port000001/providers/Microsoft.Network/applicationGateways/ag1/backendAddressPools/appGatewayBackendPool\",\r\n
        \       \"etag\": \"W/\\\"32e4c2af-96e3-4fe3-bcfd-95e7eb0faba3\\\"\",\r\n
        \       \"properties\": {\r\n          \"provisioningState\": \"Updating\",\r\n
        \         \"backendAddresses\": [],\r\n          \"requestRoutingRules\":
        [\r\n            {\r\n              \"id\": \"/subscriptions/00000000-0000-0000-0000-000000000000/resourceGroups/cli_test_ag_frontend_port000001/providers/Microsoft.Network/applicationGateways/ag1/requestRoutingRules/rule1\"\r\n
        \           }\r\n          ]\r\n        },\r\n        \"type\": \"Microsoft.Network/applicationGateways/backendAddressPools\"\r\n
        \     }\r\n    ],\r\n    \"backendHttpSettingsCollection\": [\r\n      {\r\n
        \       \"name\": \"appGatewayBackendHttpSettings\",\r\n        \"id\": \"/subscriptions/00000000-0000-0000-0000-000000000000/resourceGroups/cli_test_ag_frontend_port000001/providers/Microsoft.Network/applicationGateways/ag1/backendHttpSettingsCollection/appGatewayBackendHttpSettings\",\r\n
        \       \"etag\": \"W/\\\"32e4c2af-96e3-4fe3-bcfd-95e7eb0faba3\\\"\",\r\n
        \       \"properties\": {\r\n          \"provisioningState\": \"Updating\",\r\n
        \         \"port\": 80,\r\n          \"protocol\": \"Http\",\r\n          \"cookieBasedAffinity\":
        \"Disabled\",\r\n          \"connectionDraining\": {\r\n            \"enabled\":
        false,\r\n            \"drainTimeoutInSec\": 1\r\n          },\r\n          \"pickHostNameFromBackendAddress\":
        false,\r\n          \"requestTimeout\": 30,\r\n          \"requestRoutingRules\":
        [\r\n            {\r\n              \"id\": \"/subscriptions/00000000-0000-0000-0000-000000000000/resourceGroups/cli_test_ag_frontend_port000001/providers/Microsoft.Network/applicationGateways/ag1/requestRoutingRules/rule1\"\r\n
        \           }\r\n          ]\r\n        },\r\n        \"type\": \"Microsoft.Network/applicationGateways/backendHttpSettingsCollection\"\r\n
        \     }\r\n    ],\r\n    \"httpListeners\": [\r\n      {\r\n        \"name\":
        \"appGatewayHttpListener\",\r\n        \"id\": \"/subscriptions/00000000-0000-0000-0000-000000000000/resourceGroups/cli_test_ag_frontend_port000001/providers/Microsoft.Network/applicationGateways/ag1/httpListeners/appGatewayHttpListener\",\r\n
        \       \"etag\": \"W/\\\"32e4c2af-96e3-4fe3-bcfd-95e7eb0faba3\\\"\",\r\n
        \       \"properties\": {\r\n          \"provisioningState\": \"Updating\",\r\n
        \         \"frontendIPConfiguration\": {\r\n            \"id\": \"/subscriptions/00000000-0000-0000-0000-000000000000/resourceGroups/cli_test_ag_frontend_port000001/providers/Microsoft.Network/applicationGateways/ag1/frontendIPConfigurations/appGatewayPrivateFrontendIP\"\r\n
        \         },\r\n          \"frontendPort\": {\r\n            \"id\": \"/subscriptions/00000000-0000-0000-0000-000000000000/resourceGroups/cli_test_ag_frontend_port000001/providers/Microsoft.Network/applicationGateways/ag1/frontendPorts/appGatewayFrontendPort\"\r\n
        \         },\r\n          \"protocol\": \"Http\",\r\n          \"hostNames\":
        [],\r\n          \"requireServerNameIndication\": false,\r\n          \"requestRoutingRules\":
        [\r\n            {\r\n              \"id\": \"/subscriptions/00000000-0000-0000-0000-000000000000/resourceGroups/cli_test_ag_frontend_port000001/providers/Microsoft.Network/applicationGateways/ag1/requestRoutingRules/rule1\"\r\n
        \           }\r\n          ]\r\n        },\r\n        \"type\": \"Microsoft.Network/applicationGateways/httpListeners\"\r\n
        \     }\r\n    ],\r\n    \"urlPathMaps\": [],\r\n    \"requestRoutingRules\":
        [\r\n      {\r\n        \"name\": \"rule1\",\r\n        \"id\": \"/subscriptions/00000000-0000-0000-0000-000000000000/resourceGroups/cli_test_ag_frontend_port000001/providers/Microsoft.Network/applicationGateways/ag1/requestRoutingRules/rule1\",\r\n
        \       \"etag\": \"W/\\\"32e4c2af-96e3-4fe3-bcfd-95e7eb0faba3\\\"\",\r\n
        \       \"properties\": {\r\n          \"provisioningState\": \"Updating\",\r\n
        \         \"ruleType\": \"Basic\",\r\n          \"httpListener\": {\r\n            \"id\":
        \"/subscriptions/00000000-0000-0000-0000-000000000000/resourceGroups/cli_test_ag_frontend_port000001/providers/Microsoft.Network/applicationGateways/ag1/httpListeners/appGatewayHttpListener\"\r\n
        \         },\r\n          \"backendAddressPool\": {\r\n            \"id\":
        \"/subscriptions/00000000-0000-0000-0000-000000000000/resourceGroups/cli_test_ag_frontend_port000001/providers/Microsoft.Network/applicationGateways/ag1/backendAddressPools/appGatewayBackendPool\"\r\n
        \         },\r\n          \"backendHttpSettings\": {\r\n            \"id\":
        \"/subscriptions/00000000-0000-0000-0000-000000000000/resourceGroups/cli_test_ag_frontend_port000001/providers/Microsoft.Network/applicationGateways/ag1/backendHttpSettingsCollection/appGatewayBackendHttpSettings\"\r\n
        \         }\r\n        },\r\n        \"type\": \"Microsoft.Network/applicationGateways/requestRoutingRules\"\r\n
        \     }\r\n    ],\r\n    \"probes\": [],\r\n    \"rewriteRuleSets\": [],\r\n
        \   \"redirectConfigurations\": []\r\n  }\r\n}"
    headers:
      cache-control:
      - no-cache
      content-length:
      - '9123'
      content-type:
      - application/json; charset=utf-8
      date:
      - Wed, 15 Sep 2021 07:29:04 GMT
      etag:
      - W/"32e4c2af-96e3-4fe3-bcfd-95e7eb0faba3"
      expires:
      - '-1'
      pragma:
      - no-cache
      server:
      - Microsoft-HTTPAPI/2.0
      - Microsoft-HTTPAPI/2.0
      strict-transport-security:
      - max-age=31536000; includeSubDomains
      transfer-encoding:
      - chunked
      vary:
      - Accept-Encoding
      x-content-type-options:
      - nosniff
      x-ms-arm-service-request-id:
      - 3f002400-ae09-4346-9737-91a9de0137d0
    status:
      code: 200
      message: OK
- request:
    body: '{"id": "/subscriptions/00000000-0000-0000-0000-000000000000/resourceGroups/cli_test_ag_frontend_port000001/providers/Microsoft.Network/applicationGateways/ag1",
      "location": "westus", "tags": {}, "properties": {"sku": {"name": "Standard_Medium",
      "tier": "Standard", "capacity": 2}, "gatewayIPConfigurations": [{"id": "/subscriptions/00000000-0000-0000-0000-000000000000/resourceGroups/cli_test_ag_frontend_port000001/providers/Microsoft.Network/applicationGateways/ag1/gatewayIPConfigurations/appGatewayPrivateFrontendIP",
      "name": "appGatewayPrivateFrontendIP", "properties": {"subnet": {"id": "/subscriptions/00000000-0000-0000-0000-000000000000/resourceGroups/cli_test_ag_frontend_port000001/providers/Microsoft.Network/virtualNetworks/ag1Vnet/subnets/default"}}}],
      "authenticationCertificates": [], "sslCertificates": [], "frontendIPConfigurations":
      [{"id": "/subscriptions/00000000-0000-0000-0000-000000000000/resourceGroups/cli_test_ag_frontend_port000001/providers/Microsoft.Network/applicationGateways/ag1/frontendIPConfigurations/appGatewayPrivateFrontendIP",
      "name": "appGatewayPrivateFrontendIP", "properties": {"privateIPAllocationMethod":
      "Dynamic", "subnet": {"id": "/subscriptions/00000000-0000-0000-0000-000000000000/resourceGroups/cli_test_ag_frontend_port000001/providers/Microsoft.Network/virtualNetworks/ag1Vnet/subnets/default"}}}],
      "frontendPorts": [{"id": "/subscriptions/00000000-0000-0000-0000-000000000000/resourceGroups/cli_test_ag_frontend_port000001/providers/Microsoft.Network/applicationGateways/ag1/frontendPorts/appGatewayFrontendPort",
      "name": "appGatewayFrontendPort", "properties": {"port": 80}}, {"name": "myport",
      "properties": {"port": 111}}], "probes": [], "backendAddressPools": [{"id":
      "/subscriptions/00000000-0000-0000-0000-000000000000/resourceGroups/cli_test_ag_frontend_port000001/providers/Microsoft.Network/applicationGateways/ag1/backendAddressPools/appGatewayBackendPool",
      "name": "appGatewayBackendPool", "properties": {"backendAddresses": []}}], "backendHttpSettingsCollection":
      [{"id": "/subscriptions/00000000-0000-0000-0000-000000000000/resourceGroups/cli_test_ag_frontend_port000001/providers/Microsoft.Network/applicationGateways/ag1/backendHttpSettingsCollection/appGatewayBackendHttpSettings",
      "name": "appGatewayBackendHttpSettings", "properties": {"port": 80, "protocol":
      "Http", "cookieBasedAffinity": "Disabled", "requestTimeout": 30, "connectionDraining":
      {"enabled": false, "drainTimeoutInSec": 1}, "pickHostNameFromBackendAddress":
      false}}], "httpListeners": [{"id": "/subscriptions/00000000-0000-0000-0000-000000000000/resourceGroups/cli_test_ag_frontend_port000001/providers/Microsoft.Network/applicationGateways/ag1/httpListeners/appGatewayHttpListener",
      "name": "appGatewayHttpListener", "properties": {"frontendIPConfiguration":
      {"id": "/subscriptions/00000000-0000-0000-0000-000000000000/resourceGroups/cli_test_ag_frontend_port000001/providers/Microsoft.Network/applicationGateways/ag1/frontendIPConfigurations/appGatewayPrivateFrontendIP"},
      "frontendPort": {"id": "/subscriptions/00000000-0000-0000-0000-000000000000/resourceGroups/cli_test_ag_frontend_port000001/providers/Microsoft.Network/applicationGateways/ag1/frontendPorts/appGatewayFrontendPort"},
      "protocol": "Http", "requireServerNameIndication": false, "hostNames": []}}],
      "urlPathMaps": [], "requestRoutingRules": [{"id": "/subscriptions/00000000-0000-0000-0000-000000000000/resourceGroups/cli_test_ag_frontend_port000001/providers/Microsoft.Network/applicationGateways/ag1/requestRoutingRules/rule1",
      "name": "rule1", "properties": {"ruleType": "Basic", "backendAddressPool": {"id":
      "/subscriptions/00000000-0000-0000-0000-000000000000/resourceGroups/cli_test_ag_frontend_port000001/providers/Microsoft.Network/applicationGateways/ag1/backendAddressPools/appGatewayBackendPool"},
      "backendHttpSettings": {"id": "/subscriptions/00000000-0000-0000-0000-000000000000/resourceGroups/cli_test_ag_frontend_port000001/providers/Microsoft.Network/applicationGateways/ag1/backendHttpSettingsCollection/appGatewayBackendHttpSettings"},
      "httpListener": {"id": "/subscriptions/00000000-0000-0000-0000-000000000000/resourceGroups/cli_test_ag_frontend_port000001/providers/Microsoft.Network/applicationGateways/ag1/httpListeners/appGatewayHttpListener"}}}],
      "rewriteRuleSets": [], "redirectConfigurations": []}}'
    headers:
      Accept:
      - application/json
      Accept-Encoding:
      - gzip, deflate
      CommandName:
      - network application-gateway frontend-port create
      Connection:
      - keep-alive
      Content-Length:
      - '4992'
      Content-Type:
      - application/json
      ParameterSetName:
      - -g --gateway-name -n --no-wait --port
      User-Agent:
      - AZURECLI/2.28.1 azsdk-python-azure-mgmt-network/19.0.0 Python/3.8.3 (Windows-10-10.0.18362-SP0)
    method: PUT
    uri: https://management.azure.com/subscriptions/00000000-0000-0000-0000-000000000000/resourceGroups/cli_test_ag_frontend_port000001/providers/Microsoft.Network/applicationGateways/ag1?api-version=2021-03-01
  response:
    body:
      string: "{\r\n  \"name\": \"ag1\",\r\n  \"id\": \"/subscriptions/00000000-0000-0000-0000-000000000000/resourceGroups/cli_test_ag_frontend_port000001/providers/Microsoft.Network/applicationGateways/ag1\",\r\n
        \ \"etag\": \"W/\\\"4fe1879a-560d-436e-9947-ad42b7b63720\\\"\",\r\n  \"type\":
        \"Microsoft.Network/applicationGateways\",\r\n  \"location\": \"westus\",\r\n
        \ \"tags\": {},\r\n  \"properties\": {\r\n    \"provisioningState\": \"Updating\",\r\n
        \   \"resourceGuid\": \"75de9ba3-3827-4a41-881a-440bf5e415a2\",\r\n    \"sku\":
        {\r\n      \"name\": \"Standard_Medium\",\r\n      \"tier\": \"Standard\",\r\n
        \     \"capacity\": 2\r\n    },\r\n    \"operationalState\": \"Stopped\",\r\n
        \   \"gatewayIPConfigurations\": [\r\n      {\r\n        \"name\": \"appGatewayPrivateFrontendIP\",\r\n
        \       \"id\": \"/subscriptions/00000000-0000-0000-0000-000000000000/resourceGroups/cli_test_ag_frontend_port000001/providers/Microsoft.Network/applicationGateways/ag1/gatewayIPConfigurations/appGatewayPrivateFrontendIP\",\r\n
        \       \"etag\": \"W/\\\"4fe1879a-560d-436e-9947-ad42b7b63720\\\"\",\r\n
        \       \"properties\": {\r\n          \"provisioningState\": \"Updating\",\r\n
        \         \"subnet\": {\r\n            \"id\": \"/subscriptions/00000000-0000-0000-0000-000000000000/resourceGroups/cli_test_ag_frontend_port000001/providers/Microsoft.Network/virtualNetworks/ag1Vnet/subnets/default\"\r\n
        \         }\r\n        },\r\n        \"type\": \"Microsoft.Network/applicationGateways/gatewayIPConfigurations\"\r\n
        \     }\r\n    ],\r\n    \"sslCertificates\": [],\r\n    \"authenticationCertificates\":
        [],\r\n    \"frontendIPConfigurations\": [\r\n      {\r\n        \"name\":
        \"appGatewayPrivateFrontendIP\",\r\n        \"id\": \"/subscriptions/00000000-0000-0000-0000-000000000000/resourceGroups/cli_test_ag_frontend_port000001/providers/Microsoft.Network/applicationGateways/ag1/frontendIPConfigurations/appGatewayPrivateFrontendIP\",\r\n
        \       \"etag\": \"W/\\\"4fe1879a-560d-436e-9947-ad42b7b63720\\\"\",\r\n
        \       \"type\": \"Microsoft.Network/applicationGateways/frontendIPConfigurations\",\r\n
        \       \"properties\": {\r\n          \"provisioningState\": \"Updating\",\r\n
        \         \"privateIPAllocationMethod\": \"Dynamic\",\r\n          \"subnet\":
        {\r\n            \"id\": \"/subscriptions/00000000-0000-0000-0000-000000000000/resourceGroups/cli_test_ag_frontend_port000001/providers/Microsoft.Network/virtualNetworks/ag1Vnet/subnets/default\"\r\n
        \         },\r\n          \"httpListeners\": [\r\n            {\r\n              \"id\":
        \"/subscriptions/00000000-0000-0000-0000-000000000000/resourceGroups/cli_test_ag_frontend_port000001/providers/Microsoft.Network/applicationGateways/ag1/httpListeners/appGatewayHttpListener\"\r\n
        \           }\r\n          ]\r\n        }\r\n      }\r\n    ],\r\n    \"frontendPorts\":
        [\r\n      {\r\n        \"name\": \"appGatewayFrontendPort\",\r\n        \"id\":
        \"/subscriptions/00000000-0000-0000-0000-000000000000/resourceGroups/cli_test_ag_frontend_port000001/providers/Microsoft.Network/applicationGateways/ag1/frontendPorts/appGatewayFrontendPort\",\r\n
        \       \"etag\": \"W/\\\"4fe1879a-560d-436e-9947-ad42b7b63720\\\"\",\r\n
        \       \"properties\": {\r\n          \"provisioningState\": \"Updating\",\r\n
        \         \"port\": 80,\r\n          \"httpListeners\": [\r\n            {\r\n
        \             \"id\": \"/subscriptions/00000000-0000-0000-0000-000000000000/resourceGroups/cli_test_ag_frontend_port000001/providers/Microsoft.Network/applicationGateways/ag1/httpListeners/appGatewayHttpListener\"\r\n
        \           }\r\n          ]\r\n        },\r\n        \"type\": \"Microsoft.Network/applicationGateways/frontendPorts\"\r\n
        \     },\r\n      {\r\n        \"name\": \"myport\",\r\n        \"id\": \"/subscriptions/00000000-0000-0000-0000-000000000000/resourceGroups/cli_test_ag_frontend_port000001/providers/Microsoft.Network/applicationGateways/ag1/frontendPorts/myport\",\r\n
        \       \"etag\": \"W/\\\"4fe1879a-560d-436e-9947-ad42b7b63720\\\"\",\r\n
        \       \"properties\": {\r\n          \"provisioningState\": \"Updating\",\r\n
        \         \"port\": 111\r\n        },\r\n        \"type\": \"Microsoft.Network/applicationGateways/frontendPorts\"\r\n
        \     }\r\n    ],\r\n    \"backendAddressPools\": [\r\n      {\r\n        \"name\":
        \"appGatewayBackendPool\",\r\n        \"id\": \"/subscriptions/00000000-0000-0000-0000-000000000000/resourceGroups/cli_test_ag_frontend_port000001/providers/Microsoft.Network/applicationGateways/ag1/backendAddressPools/appGatewayBackendPool\",\r\n
        \       \"etag\": \"W/\\\"4fe1879a-560d-436e-9947-ad42b7b63720\\\"\",\r\n
        \       \"properties\": {\r\n          \"provisioningState\": \"Updating\",\r\n
        \         \"backendAddresses\": [],\r\n          \"requestRoutingRules\":
        [\r\n            {\r\n              \"id\": \"/subscriptions/00000000-0000-0000-0000-000000000000/resourceGroups/cli_test_ag_frontend_port000001/providers/Microsoft.Network/applicationGateways/ag1/requestRoutingRules/rule1\"\r\n
        \           }\r\n          ]\r\n        },\r\n        \"type\": \"Microsoft.Network/applicationGateways/backendAddressPools\"\r\n
        \     }\r\n    ],\r\n    \"backendHttpSettingsCollection\": [\r\n      {\r\n
        \       \"name\": \"appGatewayBackendHttpSettings\",\r\n        \"id\": \"/subscriptions/00000000-0000-0000-0000-000000000000/resourceGroups/cli_test_ag_frontend_port000001/providers/Microsoft.Network/applicationGateways/ag1/backendHttpSettingsCollection/appGatewayBackendHttpSettings\",\r\n
        \       \"etag\": \"W/\\\"4fe1879a-560d-436e-9947-ad42b7b63720\\\"\",\r\n
        \       \"properties\": {\r\n          \"provisioningState\": \"Updating\",\r\n
        \         \"port\": 80,\r\n          \"protocol\": \"Http\",\r\n          \"cookieBasedAffinity\":
        \"Disabled\",\r\n          \"connectionDraining\": {\r\n            \"enabled\":
        false,\r\n            \"drainTimeoutInSec\": 1\r\n          },\r\n          \"pickHostNameFromBackendAddress\":
        false,\r\n          \"requestTimeout\": 30,\r\n          \"requestRoutingRules\":
        [\r\n            {\r\n              \"id\": \"/subscriptions/00000000-0000-0000-0000-000000000000/resourceGroups/cli_test_ag_frontend_port000001/providers/Microsoft.Network/applicationGateways/ag1/requestRoutingRules/rule1\"\r\n
        \           }\r\n          ]\r\n        },\r\n        \"type\": \"Microsoft.Network/applicationGateways/backendHttpSettingsCollection\"\r\n
        \     }\r\n    ],\r\n    \"httpListeners\": [\r\n      {\r\n        \"name\":
        \"appGatewayHttpListener\",\r\n        \"id\": \"/subscriptions/00000000-0000-0000-0000-000000000000/resourceGroups/cli_test_ag_frontend_port000001/providers/Microsoft.Network/applicationGateways/ag1/httpListeners/appGatewayHttpListener\",\r\n
        \       \"etag\": \"W/\\\"4fe1879a-560d-436e-9947-ad42b7b63720\\\"\",\r\n
        \       \"properties\": {\r\n          \"provisioningState\": \"Updating\",\r\n
        \         \"frontendIPConfiguration\": {\r\n            \"id\": \"/subscriptions/00000000-0000-0000-0000-000000000000/resourceGroups/cli_test_ag_frontend_port000001/providers/Microsoft.Network/applicationGateways/ag1/frontendIPConfigurations/appGatewayPrivateFrontendIP\"\r\n
        \         },\r\n          \"frontendPort\": {\r\n            \"id\": \"/subscriptions/00000000-0000-0000-0000-000000000000/resourceGroups/cli_test_ag_frontend_port000001/providers/Microsoft.Network/applicationGateways/ag1/frontendPorts/appGatewayFrontendPort\"\r\n
        \         },\r\n          \"protocol\": \"Http\",\r\n          \"hostNames\":
        [],\r\n          \"requireServerNameIndication\": false,\r\n          \"requestRoutingRules\":
        [\r\n            {\r\n              \"id\": \"/subscriptions/00000000-0000-0000-0000-000000000000/resourceGroups/cli_test_ag_frontend_port000001/providers/Microsoft.Network/applicationGateways/ag1/requestRoutingRules/rule1\"\r\n
        \           }\r\n          ]\r\n        },\r\n        \"type\": \"Microsoft.Network/applicationGateways/httpListeners\"\r\n
        \     }\r\n    ],\r\n    \"urlPathMaps\": [],\r\n    \"requestRoutingRules\":
        [\r\n      {\r\n        \"name\": \"rule1\",\r\n        \"id\": \"/subscriptions/00000000-0000-0000-0000-000000000000/resourceGroups/cli_test_ag_frontend_port000001/providers/Microsoft.Network/applicationGateways/ag1/requestRoutingRules/rule1\",\r\n
        \       \"etag\": \"W/\\\"4fe1879a-560d-436e-9947-ad42b7b63720\\\"\",\r\n
        \       \"properties\": {\r\n          \"provisioningState\": \"Updating\",\r\n
        \         \"ruleType\": \"Basic\",\r\n          \"httpListener\": {\r\n            \"id\":
        \"/subscriptions/00000000-0000-0000-0000-000000000000/resourceGroups/cli_test_ag_frontend_port000001/providers/Microsoft.Network/applicationGateways/ag1/httpListeners/appGatewayHttpListener\"\r\n
        \         },\r\n          \"backendAddressPool\": {\r\n            \"id\":
        \"/subscriptions/00000000-0000-0000-0000-000000000000/resourceGroups/cli_test_ag_frontend_port000001/providers/Microsoft.Network/applicationGateways/ag1/backendAddressPools/appGatewayBackendPool\"\r\n
        \         },\r\n          \"backendHttpSettings\": {\r\n            \"id\":
        \"/subscriptions/00000000-0000-0000-0000-000000000000/resourceGroups/cli_test_ag_frontend_port000001/providers/Microsoft.Network/applicationGateways/ag1/backendHttpSettingsCollection/appGatewayBackendHttpSettings\"\r\n
        \         }\r\n        },\r\n        \"type\": \"Microsoft.Network/applicationGateways/requestRoutingRules\"\r\n
        \     }\r\n    ],\r\n    \"probes\": [],\r\n    \"rewriteRuleSets\": [],\r\n
        \   \"redirectConfigurations\": []\r\n  }\r\n}"
    headers:
      azure-asyncnotification:
      - Enabled
      azure-asyncoperation:
      - https://management.azure.com/subscriptions/00000000-0000-0000-0000-000000000000/providers/Microsoft.Network/locations/westus/operations/19455f45-ff0f-41f8-a144-206ceabcb8f0?api-version=2021-03-01
      cache-control:
      - no-cache
      content-length:
      - '9641'
      content-type:
      - application/json; charset=utf-8
      date:
      - Wed, 15 Sep 2021 07:29:05 GMT
      expires:
      - '-1'
      pragma:
      - no-cache
      server:
      - Microsoft-HTTPAPI/2.0
      - Microsoft-HTTPAPI/2.0
      strict-transport-security:
      - max-age=31536000; includeSubDomains
      transfer-encoding:
      - chunked
      vary:
      - Accept-Encoding
      x-content-type-options:
      - nosniff
      x-ms-arm-service-request-id:
      - f203b9dd-7a50-49d8-96e7-58e1fb67e246
      x-ms-ratelimit-remaining-subscription-writes:
      - '1196'
    status:
      code: 200
      message: OK
- request:
    body: null
    headers:
      Accept:
      - application/json
      Accept-Encoding:
      - gzip, deflate
      CommandName:
      - network application-gateway frontend-port show
      Connection:
      - keep-alive
      ParameterSetName:
      - -g --gateway-name -n
      User-Agent:
      - AZURECLI/2.28.1 azsdk-python-azure-mgmt-network/19.0.0 Python/3.8.3 (Windows-10-10.0.18362-SP0)
    method: GET
    uri: https://management.azure.com/subscriptions/00000000-0000-0000-0000-000000000000/resourceGroups/cli_test_ag_frontend_port000001/providers/Microsoft.Network/applicationGateways/ag1?api-version=2021-03-01
  response:
    body:
      string: "{\r\n  \"name\": \"ag1\",\r\n  \"id\": \"/subscriptions/00000000-0000-0000-0000-000000000000/resourceGroups/cli_test_ag_frontend_port000001/providers/Microsoft.Network/applicationGateways/ag1\",\r\n
        \ \"etag\": \"W/\\\"f0d96ed6-830e-444b-af5b-c27373e9b5cd\\\"\",\r\n  \"type\":
        \"Microsoft.Network/applicationGateways\",\r\n  \"location\": \"westus\",\r\n
        \ \"tags\": {},\r\n  \"properties\": {\r\n    \"provisioningState\": \"Updating\",\r\n
        \   \"resourceGuid\": \"75de9ba3-3827-4a41-881a-440bf5e415a2\",\r\n    \"sku\":
        {\r\n      \"name\": \"Standard_Medium\",\r\n      \"tier\": \"Standard\",\r\n
        \     \"capacity\": 2\r\n    },\r\n    \"operationalState\": \"Stopped\",\r\n
        \   \"gatewayIPConfigurations\": [\r\n      {\r\n        \"name\": \"appGatewayPrivateFrontendIP\",\r\n
        \       \"id\": \"/subscriptions/00000000-0000-0000-0000-000000000000/resourceGroups/cli_test_ag_frontend_port000001/providers/Microsoft.Network/applicationGateways/ag1/gatewayIPConfigurations/appGatewayPrivateFrontendIP\",\r\n
        \       \"etag\": \"W/\\\"f0d96ed6-830e-444b-af5b-c27373e9b5cd\\\"\",\r\n
        \       \"properties\": {\r\n          \"provisioningState\": \"Updating\",\r\n
        \         \"subnet\": {\r\n            \"id\": \"/subscriptions/00000000-0000-0000-0000-000000000000/resourceGroups/cli_test_ag_frontend_port000001/providers/Microsoft.Network/virtualNetworks/ag1Vnet/subnets/default\"\r\n
        \         }\r\n        },\r\n        \"type\": \"Microsoft.Network/applicationGateways/gatewayIPConfigurations\"\r\n
        \     }\r\n    ],\r\n    \"sslCertificates\": [],\r\n    \"authenticationCertificates\":
        [],\r\n    \"frontendIPConfigurations\": [\r\n      {\r\n        \"name\":
        \"appGatewayPrivateFrontendIP\",\r\n        \"id\": \"/subscriptions/00000000-0000-0000-0000-000000000000/resourceGroups/cli_test_ag_frontend_port000001/providers/Microsoft.Network/applicationGateways/ag1/frontendIPConfigurations/appGatewayPrivateFrontendIP\",\r\n
        \       \"etag\": \"W/\\\"f0d96ed6-830e-444b-af5b-c27373e9b5cd\\\"\",\r\n
        \       \"type\": \"Microsoft.Network/applicationGateways/frontendIPConfigurations\",\r\n
        \       \"properties\": {\r\n          \"provisioningState\": \"Updating\",\r\n
        \         \"privateIPAllocationMethod\": \"Dynamic\",\r\n          \"subnet\":
        {\r\n            \"id\": \"/subscriptions/00000000-0000-0000-0000-000000000000/resourceGroups/cli_test_ag_frontend_port000001/providers/Microsoft.Network/virtualNetworks/ag1Vnet/subnets/default\"\r\n
        \         },\r\n          \"httpListeners\": [\r\n            {\r\n              \"id\":
        \"/subscriptions/00000000-0000-0000-0000-000000000000/resourceGroups/cli_test_ag_frontend_port000001/providers/Microsoft.Network/applicationGateways/ag1/httpListeners/appGatewayHttpListener\"\r\n
        \           }\r\n          ]\r\n        }\r\n      }\r\n    ],\r\n    \"frontendPorts\":
        [\r\n      {\r\n        \"name\": \"appGatewayFrontendPort\",\r\n        \"id\":
        \"/subscriptions/00000000-0000-0000-0000-000000000000/resourceGroups/cli_test_ag_frontend_port000001/providers/Microsoft.Network/applicationGateways/ag1/frontendPorts/appGatewayFrontendPort\",\r\n
        \       \"etag\": \"W/\\\"f0d96ed6-830e-444b-af5b-c27373e9b5cd\\\"\",\r\n
        \       \"properties\": {\r\n          \"provisioningState\": \"Updating\",\r\n
        \         \"port\": 80,\r\n          \"httpListeners\": [\r\n            {\r\n
        \             \"id\": \"/subscriptions/00000000-0000-0000-0000-000000000000/resourceGroups/cli_test_ag_frontend_port000001/providers/Microsoft.Network/applicationGateways/ag1/httpListeners/appGatewayHttpListener\"\r\n
        \           }\r\n          ]\r\n        },\r\n        \"type\": \"Microsoft.Network/applicationGateways/frontendPorts\"\r\n
        \     },\r\n      {\r\n        \"name\": \"myport\",\r\n        \"id\": \"/subscriptions/00000000-0000-0000-0000-000000000000/resourceGroups/cli_test_ag_frontend_port000001/providers/Microsoft.Network/applicationGateways/ag1/frontendPorts/myport\",\r\n
        \       \"etag\": \"W/\\\"f0d96ed6-830e-444b-af5b-c27373e9b5cd\\\"\",\r\n
        \       \"properties\": {\r\n          \"provisioningState\": \"Updating\",\r\n
        \         \"port\": 111\r\n        },\r\n        \"type\": \"Microsoft.Network/applicationGateways/frontendPorts\"\r\n
        \     }\r\n    ],\r\n    \"backendAddressPools\": [\r\n      {\r\n        \"name\":
        \"appGatewayBackendPool\",\r\n        \"id\": \"/subscriptions/00000000-0000-0000-0000-000000000000/resourceGroups/cli_test_ag_frontend_port000001/providers/Microsoft.Network/applicationGateways/ag1/backendAddressPools/appGatewayBackendPool\",\r\n
        \       \"etag\": \"W/\\\"f0d96ed6-830e-444b-af5b-c27373e9b5cd\\\"\",\r\n
        \       \"properties\": {\r\n          \"provisioningState\": \"Updating\",\r\n
        \         \"backendAddresses\": [],\r\n          \"requestRoutingRules\":
        [\r\n            {\r\n              \"id\": \"/subscriptions/00000000-0000-0000-0000-000000000000/resourceGroups/cli_test_ag_frontend_port000001/providers/Microsoft.Network/applicationGateways/ag1/requestRoutingRules/rule1\"\r\n
        \           }\r\n          ]\r\n        },\r\n        \"type\": \"Microsoft.Network/applicationGateways/backendAddressPools\"\r\n
        \     }\r\n    ],\r\n    \"backendHttpSettingsCollection\": [\r\n      {\r\n
        \       \"name\": \"appGatewayBackendHttpSettings\",\r\n        \"id\": \"/subscriptions/00000000-0000-0000-0000-000000000000/resourceGroups/cli_test_ag_frontend_port000001/providers/Microsoft.Network/applicationGateways/ag1/backendHttpSettingsCollection/appGatewayBackendHttpSettings\",\r\n
        \       \"etag\": \"W/\\\"f0d96ed6-830e-444b-af5b-c27373e9b5cd\\\"\",\r\n
        \       \"properties\": {\r\n          \"provisioningState\": \"Updating\",\r\n
        \         \"port\": 80,\r\n          \"protocol\": \"Http\",\r\n          \"cookieBasedAffinity\":
        \"Disabled\",\r\n          \"connectionDraining\": {\r\n            \"enabled\":
        false,\r\n            \"drainTimeoutInSec\": 1\r\n          },\r\n          \"pickHostNameFromBackendAddress\":
        false,\r\n          \"requestTimeout\": 30,\r\n          \"requestRoutingRules\":
        [\r\n            {\r\n              \"id\": \"/subscriptions/00000000-0000-0000-0000-000000000000/resourceGroups/cli_test_ag_frontend_port000001/providers/Microsoft.Network/applicationGateways/ag1/requestRoutingRules/rule1\"\r\n
        \           }\r\n          ]\r\n        },\r\n        \"type\": \"Microsoft.Network/applicationGateways/backendHttpSettingsCollection\"\r\n
        \     }\r\n    ],\r\n    \"httpListeners\": [\r\n      {\r\n        \"name\":
        \"appGatewayHttpListener\",\r\n        \"id\": \"/subscriptions/00000000-0000-0000-0000-000000000000/resourceGroups/cli_test_ag_frontend_port000001/providers/Microsoft.Network/applicationGateways/ag1/httpListeners/appGatewayHttpListener\",\r\n
        \       \"etag\": \"W/\\\"f0d96ed6-830e-444b-af5b-c27373e9b5cd\\\"\",\r\n
        \       \"properties\": {\r\n          \"provisioningState\": \"Updating\",\r\n
        \         \"frontendIPConfiguration\": {\r\n            \"id\": \"/subscriptions/00000000-0000-0000-0000-000000000000/resourceGroups/cli_test_ag_frontend_port000001/providers/Microsoft.Network/applicationGateways/ag1/frontendIPConfigurations/appGatewayPrivateFrontendIP\"\r\n
        \         },\r\n          \"frontendPort\": {\r\n            \"id\": \"/subscriptions/00000000-0000-0000-0000-000000000000/resourceGroups/cli_test_ag_frontend_port000001/providers/Microsoft.Network/applicationGateways/ag1/frontendPorts/appGatewayFrontendPort\"\r\n
        \         },\r\n          \"protocol\": \"Http\",\r\n          \"hostNames\":
        [],\r\n          \"requireServerNameIndication\": false,\r\n          \"requestRoutingRules\":
        [\r\n            {\r\n              \"id\": \"/subscriptions/00000000-0000-0000-0000-000000000000/resourceGroups/cli_test_ag_frontend_port000001/providers/Microsoft.Network/applicationGateways/ag1/requestRoutingRules/rule1\"\r\n
        \           }\r\n          ]\r\n        },\r\n        \"type\": \"Microsoft.Network/applicationGateways/httpListeners\"\r\n
        \     }\r\n    ],\r\n    \"urlPathMaps\": [],\r\n    \"requestRoutingRules\":
        [\r\n      {\r\n        \"name\": \"rule1\",\r\n        \"id\": \"/subscriptions/00000000-0000-0000-0000-000000000000/resourceGroups/cli_test_ag_frontend_port000001/providers/Microsoft.Network/applicationGateways/ag1/requestRoutingRules/rule1\",\r\n
        \       \"etag\": \"W/\\\"f0d96ed6-830e-444b-af5b-c27373e9b5cd\\\"\",\r\n
        \       \"properties\": {\r\n          \"provisioningState\": \"Updating\",\r\n
        \         \"ruleType\": \"Basic\",\r\n          \"httpListener\": {\r\n            \"id\":
        \"/subscriptions/00000000-0000-0000-0000-000000000000/resourceGroups/cli_test_ag_frontend_port000001/providers/Microsoft.Network/applicationGateways/ag1/httpListeners/appGatewayHttpListener\"\r\n
        \         },\r\n          \"backendAddressPool\": {\r\n            \"id\":
        \"/subscriptions/00000000-0000-0000-0000-000000000000/resourceGroups/cli_test_ag_frontend_port000001/providers/Microsoft.Network/applicationGateways/ag1/backendAddressPools/appGatewayBackendPool\"\r\n
        \         },\r\n          \"backendHttpSettings\": {\r\n            \"id\":
        \"/subscriptions/00000000-0000-0000-0000-000000000000/resourceGroups/cli_test_ag_frontend_port000001/providers/Microsoft.Network/applicationGateways/ag1/backendHttpSettingsCollection/appGatewayBackendHttpSettings\"\r\n
        \         }\r\n        },\r\n        \"type\": \"Microsoft.Network/applicationGateways/requestRoutingRules\"\r\n
        \     }\r\n    ],\r\n    \"probes\": [],\r\n    \"rewriteRuleSets\": [],\r\n
        \   \"redirectConfigurations\": []\r\n  }\r\n}"
    headers:
      cache-control:
      - no-cache
      content-length:
      - '9641'
      content-type:
      - application/json; charset=utf-8
      date:
      - Wed, 15 Sep 2021 07:29:07 GMT
      etag:
      - W/"f0d96ed6-830e-444b-af5b-c27373e9b5cd"
      expires:
      - '-1'
      pragma:
      - no-cache
      server:
      - Microsoft-HTTPAPI/2.0
      - Microsoft-HTTPAPI/2.0
      strict-transport-security:
      - max-age=31536000; includeSubDomains
      transfer-encoding:
      - chunked
      vary:
      - Accept-Encoding
      x-content-type-options:
      - nosniff
      x-ms-arm-service-request-id:
      - bf961579-4380-464b-a70f-a81b8caffc79
    status:
      code: 200
      message: OK
- request:
    body: null
    headers:
      Accept:
      - application/json
      Accept-Encoding:
      - gzip, deflate
      CommandName:
      - network application-gateway frontend-port update
      Connection:
      - keep-alive
      ParameterSetName:
      - -g --gateway-name -n --no-wait --port
      User-Agent:
      - AZURECLI/2.28.1 azsdk-python-azure-mgmt-network/19.0.0 Python/3.8.3 (Windows-10-10.0.18362-SP0)
    method: GET
    uri: https://management.azure.com/subscriptions/00000000-0000-0000-0000-000000000000/resourceGroups/cli_test_ag_frontend_port000001/providers/Microsoft.Network/applicationGateways/ag1?api-version=2021-03-01
  response:
    body:
      string: "{\r\n  \"name\": \"ag1\",\r\n  \"id\": \"/subscriptions/00000000-0000-0000-0000-000000000000/resourceGroups/cli_test_ag_frontend_port000001/providers/Microsoft.Network/applicationGateways/ag1\",\r\n
        \ \"etag\": \"W/\\\"f0d96ed6-830e-444b-af5b-c27373e9b5cd\\\"\",\r\n  \"type\":
        \"Microsoft.Network/applicationGateways\",\r\n  \"location\": \"westus\",\r\n
        \ \"tags\": {},\r\n  \"properties\": {\r\n    \"provisioningState\": \"Updating\",\r\n
        \   \"resourceGuid\": \"75de9ba3-3827-4a41-881a-440bf5e415a2\",\r\n    \"sku\":
        {\r\n      \"name\": \"Standard_Medium\",\r\n      \"tier\": \"Standard\",\r\n
        \     \"capacity\": 2\r\n    },\r\n    \"operationalState\": \"Stopped\",\r\n
        \   \"gatewayIPConfigurations\": [\r\n      {\r\n        \"name\": \"appGatewayPrivateFrontendIP\",\r\n
        \       \"id\": \"/subscriptions/00000000-0000-0000-0000-000000000000/resourceGroups/cli_test_ag_frontend_port000001/providers/Microsoft.Network/applicationGateways/ag1/gatewayIPConfigurations/appGatewayPrivateFrontendIP\",\r\n
        \       \"etag\": \"W/\\\"f0d96ed6-830e-444b-af5b-c27373e9b5cd\\\"\",\r\n
        \       \"properties\": {\r\n          \"provisioningState\": \"Updating\",\r\n
        \         \"subnet\": {\r\n            \"id\": \"/subscriptions/00000000-0000-0000-0000-000000000000/resourceGroups/cli_test_ag_frontend_port000001/providers/Microsoft.Network/virtualNetworks/ag1Vnet/subnets/default\"\r\n
        \         }\r\n        },\r\n        \"type\": \"Microsoft.Network/applicationGateways/gatewayIPConfigurations\"\r\n
        \     }\r\n    ],\r\n    \"sslCertificates\": [],\r\n    \"authenticationCertificates\":
        [],\r\n    \"frontendIPConfigurations\": [\r\n      {\r\n        \"name\":
        \"appGatewayPrivateFrontendIP\",\r\n        \"id\": \"/subscriptions/00000000-0000-0000-0000-000000000000/resourceGroups/cli_test_ag_frontend_port000001/providers/Microsoft.Network/applicationGateways/ag1/frontendIPConfigurations/appGatewayPrivateFrontendIP\",\r\n
        \       \"etag\": \"W/\\\"f0d96ed6-830e-444b-af5b-c27373e9b5cd\\\"\",\r\n
        \       \"type\": \"Microsoft.Network/applicationGateways/frontendIPConfigurations\",\r\n
        \       \"properties\": {\r\n          \"provisioningState\": \"Updating\",\r\n
        \         \"privateIPAllocationMethod\": \"Dynamic\",\r\n          \"subnet\":
        {\r\n            \"id\": \"/subscriptions/00000000-0000-0000-0000-000000000000/resourceGroups/cli_test_ag_frontend_port000001/providers/Microsoft.Network/virtualNetworks/ag1Vnet/subnets/default\"\r\n
        \         },\r\n          \"httpListeners\": [\r\n            {\r\n              \"id\":
        \"/subscriptions/00000000-0000-0000-0000-000000000000/resourceGroups/cli_test_ag_frontend_port000001/providers/Microsoft.Network/applicationGateways/ag1/httpListeners/appGatewayHttpListener\"\r\n
        \           }\r\n          ]\r\n        }\r\n      }\r\n    ],\r\n    \"frontendPorts\":
        [\r\n      {\r\n        \"name\": \"appGatewayFrontendPort\",\r\n        \"id\":
        \"/subscriptions/00000000-0000-0000-0000-000000000000/resourceGroups/cli_test_ag_frontend_port000001/providers/Microsoft.Network/applicationGateways/ag1/frontendPorts/appGatewayFrontendPort\",\r\n
        \       \"etag\": \"W/\\\"f0d96ed6-830e-444b-af5b-c27373e9b5cd\\\"\",\r\n
        \       \"properties\": {\r\n          \"provisioningState\": \"Updating\",\r\n
        \         \"port\": 80,\r\n          \"httpListeners\": [\r\n            {\r\n
        \             \"id\": \"/subscriptions/00000000-0000-0000-0000-000000000000/resourceGroups/cli_test_ag_frontend_port000001/providers/Microsoft.Network/applicationGateways/ag1/httpListeners/appGatewayHttpListener\"\r\n
        \           }\r\n          ]\r\n        },\r\n        \"type\": \"Microsoft.Network/applicationGateways/frontendPorts\"\r\n
        \     },\r\n      {\r\n        \"name\": \"myport\",\r\n        \"id\": \"/subscriptions/00000000-0000-0000-0000-000000000000/resourceGroups/cli_test_ag_frontend_port000001/providers/Microsoft.Network/applicationGateways/ag1/frontendPorts/myport\",\r\n
        \       \"etag\": \"W/\\\"f0d96ed6-830e-444b-af5b-c27373e9b5cd\\\"\",\r\n
        \       \"properties\": {\r\n          \"provisioningState\": \"Updating\",\r\n
        \         \"port\": 111\r\n        },\r\n        \"type\": \"Microsoft.Network/applicationGateways/frontendPorts\"\r\n
        \     }\r\n    ],\r\n    \"backendAddressPools\": [\r\n      {\r\n        \"name\":
        \"appGatewayBackendPool\",\r\n        \"id\": \"/subscriptions/00000000-0000-0000-0000-000000000000/resourceGroups/cli_test_ag_frontend_port000001/providers/Microsoft.Network/applicationGateways/ag1/backendAddressPools/appGatewayBackendPool\",\r\n
        \       \"etag\": \"W/\\\"f0d96ed6-830e-444b-af5b-c27373e9b5cd\\\"\",\r\n
        \       \"properties\": {\r\n          \"provisioningState\": \"Updating\",\r\n
        \         \"backendAddresses\": [],\r\n          \"requestRoutingRules\":
        [\r\n            {\r\n              \"id\": \"/subscriptions/00000000-0000-0000-0000-000000000000/resourceGroups/cli_test_ag_frontend_port000001/providers/Microsoft.Network/applicationGateways/ag1/requestRoutingRules/rule1\"\r\n
        \           }\r\n          ]\r\n        },\r\n        \"type\": \"Microsoft.Network/applicationGateways/backendAddressPools\"\r\n
        \     }\r\n    ],\r\n    \"backendHttpSettingsCollection\": [\r\n      {\r\n
        \       \"name\": \"appGatewayBackendHttpSettings\",\r\n        \"id\": \"/subscriptions/00000000-0000-0000-0000-000000000000/resourceGroups/cli_test_ag_frontend_port000001/providers/Microsoft.Network/applicationGateways/ag1/backendHttpSettingsCollection/appGatewayBackendHttpSettings\",\r\n
        \       \"etag\": \"W/\\\"f0d96ed6-830e-444b-af5b-c27373e9b5cd\\\"\",\r\n
        \       \"properties\": {\r\n          \"provisioningState\": \"Updating\",\r\n
        \         \"port\": 80,\r\n          \"protocol\": \"Http\",\r\n          \"cookieBasedAffinity\":
        \"Disabled\",\r\n          \"connectionDraining\": {\r\n            \"enabled\":
        false,\r\n            \"drainTimeoutInSec\": 1\r\n          },\r\n          \"pickHostNameFromBackendAddress\":
        false,\r\n          \"requestTimeout\": 30,\r\n          \"requestRoutingRules\":
        [\r\n            {\r\n              \"id\": \"/subscriptions/00000000-0000-0000-0000-000000000000/resourceGroups/cli_test_ag_frontend_port000001/providers/Microsoft.Network/applicationGateways/ag1/requestRoutingRules/rule1\"\r\n
        \           }\r\n          ]\r\n        },\r\n        \"type\": \"Microsoft.Network/applicationGateways/backendHttpSettingsCollection\"\r\n
        \     }\r\n    ],\r\n    \"httpListeners\": [\r\n      {\r\n        \"name\":
        \"appGatewayHttpListener\",\r\n        \"id\": \"/subscriptions/00000000-0000-0000-0000-000000000000/resourceGroups/cli_test_ag_frontend_port000001/providers/Microsoft.Network/applicationGateways/ag1/httpListeners/appGatewayHttpListener\",\r\n
        \       \"etag\": \"W/\\\"f0d96ed6-830e-444b-af5b-c27373e9b5cd\\\"\",\r\n
        \       \"properties\": {\r\n          \"provisioningState\": \"Updating\",\r\n
        \         \"frontendIPConfiguration\": {\r\n            \"id\": \"/subscriptions/00000000-0000-0000-0000-000000000000/resourceGroups/cli_test_ag_frontend_port000001/providers/Microsoft.Network/applicationGateways/ag1/frontendIPConfigurations/appGatewayPrivateFrontendIP\"\r\n
        \         },\r\n          \"frontendPort\": {\r\n            \"id\": \"/subscriptions/00000000-0000-0000-0000-000000000000/resourceGroups/cli_test_ag_frontend_port000001/providers/Microsoft.Network/applicationGateways/ag1/frontendPorts/appGatewayFrontendPort\"\r\n
        \         },\r\n          \"protocol\": \"Http\",\r\n          \"hostNames\":
        [],\r\n          \"requireServerNameIndication\": false,\r\n          \"requestRoutingRules\":
        [\r\n            {\r\n              \"id\": \"/subscriptions/00000000-0000-0000-0000-000000000000/resourceGroups/cli_test_ag_frontend_port000001/providers/Microsoft.Network/applicationGateways/ag1/requestRoutingRules/rule1\"\r\n
        \           }\r\n          ]\r\n        },\r\n        \"type\": \"Microsoft.Network/applicationGateways/httpListeners\"\r\n
        \     }\r\n    ],\r\n    \"urlPathMaps\": [],\r\n    \"requestRoutingRules\":
        [\r\n      {\r\n        \"name\": \"rule1\",\r\n        \"id\": \"/subscriptions/00000000-0000-0000-0000-000000000000/resourceGroups/cli_test_ag_frontend_port000001/providers/Microsoft.Network/applicationGateways/ag1/requestRoutingRules/rule1\",\r\n
        \       \"etag\": \"W/\\\"f0d96ed6-830e-444b-af5b-c27373e9b5cd\\\"\",\r\n
        \       \"properties\": {\r\n          \"provisioningState\": \"Updating\",\r\n
        \         \"ruleType\": \"Basic\",\r\n          \"httpListener\": {\r\n            \"id\":
        \"/subscriptions/00000000-0000-0000-0000-000000000000/resourceGroups/cli_test_ag_frontend_port000001/providers/Microsoft.Network/applicationGateways/ag1/httpListeners/appGatewayHttpListener\"\r\n
        \         },\r\n          \"backendAddressPool\": {\r\n            \"id\":
        \"/subscriptions/00000000-0000-0000-0000-000000000000/resourceGroups/cli_test_ag_frontend_port000001/providers/Microsoft.Network/applicationGateways/ag1/backendAddressPools/appGatewayBackendPool\"\r\n
        \         },\r\n          \"backendHttpSettings\": {\r\n            \"id\":
        \"/subscriptions/00000000-0000-0000-0000-000000000000/resourceGroups/cli_test_ag_frontend_port000001/providers/Microsoft.Network/applicationGateways/ag1/backendHttpSettingsCollection/appGatewayBackendHttpSettings\"\r\n
        \         }\r\n        },\r\n        \"type\": \"Microsoft.Network/applicationGateways/requestRoutingRules\"\r\n
        \     }\r\n    ],\r\n    \"probes\": [],\r\n    \"rewriteRuleSets\": [],\r\n
        \   \"redirectConfigurations\": []\r\n  }\r\n}"
    headers:
      cache-control:
      - no-cache
      content-length:
      - '9641'
      content-type:
      - application/json; charset=utf-8
      date:
      - Wed, 15 Sep 2021 07:29:08 GMT
      etag:
      - W/"f0d96ed6-830e-444b-af5b-c27373e9b5cd"
      expires:
      - '-1'
      pragma:
      - no-cache
      server:
      - Microsoft-HTTPAPI/2.0
      - Microsoft-HTTPAPI/2.0
      strict-transport-security:
      - max-age=31536000; includeSubDomains
      transfer-encoding:
      - chunked
      vary:
      - Accept-Encoding
      x-content-type-options:
      - nosniff
      x-ms-arm-service-request-id:
      - c75d47ad-25e8-4970-928f-45e598ed8569
    status:
      code: 200
      message: OK
- request:
    body: '{"id": "/subscriptions/00000000-0000-0000-0000-000000000000/resourceGroups/cli_test_ag_frontend_port000001/providers/Microsoft.Network/applicationGateways/ag1",
      "location": "westus", "tags": {}, "properties": {"sku": {"name": "Standard_Medium",
      "tier": "Standard", "capacity": 2}, "gatewayIPConfigurations": [{"id": "/subscriptions/00000000-0000-0000-0000-000000000000/resourceGroups/cli_test_ag_frontend_port000001/providers/Microsoft.Network/applicationGateways/ag1/gatewayIPConfigurations/appGatewayPrivateFrontendIP",
      "name": "appGatewayPrivateFrontendIP", "properties": {"subnet": {"id": "/subscriptions/00000000-0000-0000-0000-000000000000/resourceGroups/cli_test_ag_frontend_port000001/providers/Microsoft.Network/virtualNetworks/ag1Vnet/subnets/default"}}}],
      "authenticationCertificates": [], "sslCertificates": [], "frontendIPConfigurations":
      [{"id": "/subscriptions/00000000-0000-0000-0000-000000000000/resourceGroups/cli_test_ag_frontend_port000001/providers/Microsoft.Network/applicationGateways/ag1/frontendIPConfigurations/appGatewayPrivateFrontendIP",
      "name": "appGatewayPrivateFrontendIP", "properties": {"privateIPAllocationMethod":
      "Dynamic", "subnet": {"id": "/subscriptions/00000000-0000-0000-0000-000000000000/resourceGroups/cli_test_ag_frontend_port000001/providers/Microsoft.Network/virtualNetworks/ag1Vnet/subnets/default"}}}],
      "frontendPorts": [{"id": "/subscriptions/00000000-0000-0000-0000-000000000000/resourceGroups/cli_test_ag_frontend_port000001/providers/Microsoft.Network/applicationGateways/ag1/frontendPorts/appGatewayFrontendPort",
      "name": "appGatewayFrontendPort", "properties": {"port": 80}}, {"id": "/subscriptions/00000000-0000-0000-0000-000000000000/resourceGroups/cli_test_ag_frontend_port000001/providers/Microsoft.Network/applicationGateways/ag1/frontendPorts/myport",
      "name": "myport", "properties": {"port": 112}}], "probes": [], "backendAddressPools":
      [{"id": "/subscriptions/00000000-0000-0000-0000-000000000000/resourceGroups/cli_test_ag_frontend_port000001/providers/Microsoft.Network/applicationGateways/ag1/backendAddressPools/appGatewayBackendPool",
      "name": "appGatewayBackendPool", "properties": {"backendAddresses": []}}], "backendHttpSettingsCollection":
      [{"id": "/subscriptions/00000000-0000-0000-0000-000000000000/resourceGroups/cli_test_ag_frontend_port000001/providers/Microsoft.Network/applicationGateways/ag1/backendHttpSettingsCollection/appGatewayBackendHttpSettings",
      "name": "appGatewayBackendHttpSettings", "properties": {"port": 80, "protocol":
      "Http", "cookieBasedAffinity": "Disabled", "requestTimeout": 30, "connectionDraining":
      {"enabled": false, "drainTimeoutInSec": 1}, "pickHostNameFromBackendAddress":
      false}}], "httpListeners": [{"id": "/subscriptions/00000000-0000-0000-0000-000000000000/resourceGroups/cli_test_ag_frontend_port000001/providers/Microsoft.Network/applicationGateways/ag1/httpListeners/appGatewayHttpListener",
      "name": "appGatewayHttpListener", "properties": {"frontendIPConfiguration":
      {"id": "/subscriptions/00000000-0000-0000-0000-000000000000/resourceGroups/cli_test_ag_frontend_port000001/providers/Microsoft.Network/applicationGateways/ag1/frontendIPConfigurations/appGatewayPrivateFrontendIP"},
      "frontendPort": {"id": "/subscriptions/00000000-0000-0000-0000-000000000000/resourceGroups/cli_test_ag_frontend_port000001/providers/Microsoft.Network/applicationGateways/ag1/frontendPorts/appGatewayFrontendPort"},
      "protocol": "Http", "requireServerNameIndication": false, "hostNames": []}}],
      "urlPathMaps": [], "requestRoutingRules": [{"id": "/subscriptions/00000000-0000-0000-0000-000000000000/resourceGroups/cli_test_ag_frontend_port000001/providers/Microsoft.Network/applicationGateways/ag1/requestRoutingRules/rule1",
      "name": "rule1", "properties": {"ruleType": "Basic", "backendAddressPool": {"id":
      "/subscriptions/00000000-0000-0000-0000-000000000000/resourceGroups/cli_test_ag_frontend_port000001/providers/Microsoft.Network/applicationGateways/ag1/backendAddressPools/appGatewayBackendPool"},
      "backendHttpSettings": {"id": "/subscriptions/00000000-0000-0000-0000-000000000000/resourceGroups/cli_test_ag_frontend_port000001/providers/Microsoft.Network/applicationGateways/ag1/backendHttpSettingsCollection/appGatewayBackendHttpSettings"},
      "httpListener": {"id": "/subscriptions/00000000-0000-0000-0000-000000000000/resourceGroups/cli_test_ag_frontend_port000001/providers/Microsoft.Network/applicationGateways/ag1/httpListeners/appGatewayHttpListener"}}}],
      "rewriteRuleSets": [], "redirectConfigurations": []}}'
    headers:
      Accept:
      - application/json
      Accept-Encoding:
      - gzip, deflate
      CommandName:
      - network application-gateway frontend-port update
      Connection:
      - keep-alive
      Content-Length:
      - '5217'
      Content-Type:
      - application/json
      ParameterSetName:
      - -g --gateway-name -n --no-wait --port
      User-Agent:
      - AZURECLI/2.28.1 azsdk-python-azure-mgmt-network/19.0.0 Python/3.8.3 (Windows-10-10.0.18362-SP0)
    method: PUT
    uri: https://management.azure.com/subscriptions/00000000-0000-0000-0000-000000000000/resourceGroups/cli_test_ag_frontend_port000001/providers/Microsoft.Network/applicationGateways/ag1?api-version=2021-03-01
  response:
    body:
      string: "{\r\n  \"name\": \"ag1\",\r\n  \"id\": \"/subscriptions/00000000-0000-0000-0000-000000000000/resourceGroups/cli_test_ag_frontend_port000001/providers/Microsoft.Network/applicationGateways/ag1\",\r\n
        \ \"etag\": \"W/\\\"6f7f4831-9c15-4c78-bdd5-8fba694842f6\\\"\",\r\n  \"type\":
        \"Microsoft.Network/applicationGateways\",\r\n  \"location\": \"westus\",\r\n
        \ \"tags\": {},\r\n  \"properties\": {\r\n    \"provisioningState\": \"Updating\",\r\n
        \   \"resourceGuid\": \"75de9ba3-3827-4a41-881a-440bf5e415a2\",\r\n    \"sku\":
        {\r\n      \"name\": \"Standard_Medium\",\r\n      \"tier\": \"Standard\",\r\n
        \     \"capacity\": 2\r\n    },\r\n    \"operationalState\": \"Stopped\",\r\n
        \   \"gatewayIPConfigurations\": [\r\n      {\r\n        \"name\": \"appGatewayPrivateFrontendIP\",\r\n
        \       \"id\": \"/subscriptions/00000000-0000-0000-0000-000000000000/resourceGroups/cli_test_ag_frontend_port000001/providers/Microsoft.Network/applicationGateways/ag1/gatewayIPConfigurations/appGatewayPrivateFrontendIP\",\r\n
        \       \"etag\": \"W/\\\"6f7f4831-9c15-4c78-bdd5-8fba694842f6\\\"\",\r\n
        \       \"properties\": {\r\n          \"provisioningState\": \"Updating\",\r\n
        \         \"subnet\": {\r\n            \"id\": \"/subscriptions/00000000-0000-0000-0000-000000000000/resourceGroups/cli_test_ag_frontend_port000001/providers/Microsoft.Network/virtualNetworks/ag1Vnet/subnets/default\"\r\n
        \         }\r\n        },\r\n        \"type\": \"Microsoft.Network/applicationGateways/gatewayIPConfigurations\"\r\n
        \     }\r\n    ],\r\n    \"sslCertificates\": [],\r\n    \"authenticationCertificates\":
        [],\r\n    \"frontendIPConfigurations\": [\r\n      {\r\n        \"name\":
        \"appGatewayPrivateFrontendIP\",\r\n        \"id\": \"/subscriptions/00000000-0000-0000-0000-000000000000/resourceGroups/cli_test_ag_frontend_port000001/providers/Microsoft.Network/applicationGateways/ag1/frontendIPConfigurations/appGatewayPrivateFrontendIP\",\r\n
        \       \"etag\": \"W/\\\"6f7f4831-9c15-4c78-bdd5-8fba694842f6\\\"\",\r\n
        \       \"type\": \"Microsoft.Network/applicationGateways/frontendIPConfigurations\",\r\n
        \       \"properties\": {\r\n          \"provisioningState\": \"Updating\",\r\n
        \         \"privateIPAllocationMethod\": \"Dynamic\",\r\n          \"subnet\":
        {\r\n            \"id\": \"/subscriptions/00000000-0000-0000-0000-000000000000/resourceGroups/cli_test_ag_frontend_port000001/providers/Microsoft.Network/virtualNetworks/ag1Vnet/subnets/default\"\r\n
        \         },\r\n          \"httpListeners\": [\r\n            {\r\n              \"id\":
        \"/subscriptions/00000000-0000-0000-0000-000000000000/resourceGroups/cli_test_ag_frontend_port000001/providers/Microsoft.Network/applicationGateways/ag1/httpListeners/appGatewayHttpListener\"\r\n
        \           }\r\n          ]\r\n        }\r\n      }\r\n    ],\r\n    \"frontendPorts\":
        [\r\n      {\r\n        \"name\": \"appGatewayFrontendPort\",\r\n        \"id\":
        \"/subscriptions/00000000-0000-0000-0000-000000000000/resourceGroups/cli_test_ag_frontend_port000001/providers/Microsoft.Network/applicationGateways/ag1/frontendPorts/appGatewayFrontendPort\",\r\n
        \       \"etag\": \"W/\\\"6f7f4831-9c15-4c78-bdd5-8fba694842f6\\\"\",\r\n
        \       \"properties\": {\r\n          \"provisioningState\": \"Updating\",\r\n
        \         \"port\": 80,\r\n          \"httpListeners\": [\r\n            {\r\n
        \             \"id\": \"/subscriptions/00000000-0000-0000-0000-000000000000/resourceGroups/cli_test_ag_frontend_port000001/providers/Microsoft.Network/applicationGateways/ag1/httpListeners/appGatewayHttpListener\"\r\n
        \           }\r\n          ]\r\n        },\r\n        \"type\": \"Microsoft.Network/applicationGateways/frontendPorts\"\r\n
        \     },\r\n      {\r\n        \"name\": \"myport\",\r\n        \"id\": \"/subscriptions/00000000-0000-0000-0000-000000000000/resourceGroups/cli_test_ag_frontend_port000001/providers/Microsoft.Network/applicationGateways/ag1/frontendPorts/myport\",\r\n
        \       \"etag\": \"W/\\\"6f7f4831-9c15-4c78-bdd5-8fba694842f6\\\"\",\r\n
        \       \"properties\": {\r\n          \"provisioningState\": \"Updating\",\r\n
        \         \"port\": 112\r\n        },\r\n        \"type\": \"Microsoft.Network/applicationGateways/frontendPorts\"\r\n
        \     }\r\n    ],\r\n    \"backendAddressPools\": [\r\n      {\r\n        \"name\":
        \"appGatewayBackendPool\",\r\n        \"id\": \"/subscriptions/00000000-0000-0000-0000-000000000000/resourceGroups/cli_test_ag_frontend_port000001/providers/Microsoft.Network/applicationGateways/ag1/backendAddressPools/appGatewayBackendPool\",\r\n
        \       \"etag\": \"W/\\\"6f7f4831-9c15-4c78-bdd5-8fba694842f6\\\"\",\r\n
        \       \"properties\": {\r\n          \"provisioningState\": \"Updating\",\r\n
        \         \"backendAddresses\": [],\r\n          \"requestRoutingRules\":
        [\r\n            {\r\n              \"id\": \"/subscriptions/00000000-0000-0000-0000-000000000000/resourceGroups/cli_test_ag_frontend_port000001/providers/Microsoft.Network/applicationGateways/ag1/requestRoutingRules/rule1\"\r\n
        \           }\r\n          ]\r\n        },\r\n        \"type\": \"Microsoft.Network/applicationGateways/backendAddressPools\"\r\n
        \     }\r\n    ],\r\n    \"backendHttpSettingsCollection\": [\r\n      {\r\n
        \       \"name\": \"appGatewayBackendHttpSettings\",\r\n        \"id\": \"/subscriptions/00000000-0000-0000-0000-000000000000/resourceGroups/cli_test_ag_frontend_port000001/providers/Microsoft.Network/applicationGateways/ag1/backendHttpSettingsCollection/appGatewayBackendHttpSettings\",\r\n
        \       \"etag\": \"W/\\\"6f7f4831-9c15-4c78-bdd5-8fba694842f6\\\"\",\r\n
        \       \"properties\": {\r\n          \"provisioningState\": \"Updating\",\r\n
        \         \"port\": 80,\r\n          \"protocol\": \"Http\",\r\n          \"cookieBasedAffinity\":
        \"Disabled\",\r\n          \"connectionDraining\": {\r\n            \"enabled\":
        false,\r\n            \"drainTimeoutInSec\": 1\r\n          },\r\n          \"pickHostNameFromBackendAddress\":
        false,\r\n          \"requestTimeout\": 30,\r\n          \"requestRoutingRules\":
        [\r\n            {\r\n              \"id\": \"/subscriptions/00000000-0000-0000-0000-000000000000/resourceGroups/cli_test_ag_frontend_port000001/providers/Microsoft.Network/applicationGateways/ag1/requestRoutingRules/rule1\"\r\n
        \           }\r\n          ]\r\n        },\r\n        \"type\": \"Microsoft.Network/applicationGateways/backendHttpSettingsCollection\"\r\n
        \     }\r\n    ],\r\n    \"httpListeners\": [\r\n      {\r\n        \"name\":
        \"appGatewayHttpListener\",\r\n        \"id\": \"/subscriptions/00000000-0000-0000-0000-000000000000/resourceGroups/cli_test_ag_frontend_port000001/providers/Microsoft.Network/applicationGateways/ag1/httpListeners/appGatewayHttpListener\",\r\n
        \       \"etag\": \"W/\\\"6f7f4831-9c15-4c78-bdd5-8fba694842f6\\\"\",\r\n
        \       \"properties\": {\r\n          \"provisioningState\": \"Updating\",\r\n
        \         \"frontendIPConfiguration\": {\r\n            \"id\": \"/subscriptions/00000000-0000-0000-0000-000000000000/resourceGroups/cli_test_ag_frontend_port000001/providers/Microsoft.Network/applicationGateways/ag1/frontendIPConfigurations/appGatewayPrivateFrontendIP\"\r\n
        \         },\r\n          \"frontendPort\": {\r\n            \"id\": \"/subscriptions/00000000-0000-0000-0000-000000000000/resourceGroups/cli_test_ag_frontend_port000001/providers/Microsoft.Network/applicationGateways/ag1/frontendPorts/appGatewayFrontendPort\"\r\n
        \         },\r\n          \"protocol\": \"Http\",\r\n          \"hostNames\":
        [],\r\n          \"requireServerNameIndication\": false,\r\n          \"requestRoutingRules\":
        [\r\n            {\r\n              \"id\": \"/subscriptions/00000000-0000-0000-0000-000000000000/resourceGroups/cli_test_ag_frontend_port000001/providers/Microsoft.Network/applicationGateways/ag1/requestRoutingRules/rule1\"\r\n
        \           }\r\n          ]\r\n        },\r\n        \"type\": \"Microsoft.Network/applicationGateways/httpListeners\"\r\n
        \     }\r\n    ],\r\n    \"urlPathMaps\": [],\r\n    \"requestRoutingRules\":
        [\r\n      {\r\n        \"name\": \"rule1\",\r\n        \"id\": \"/subscriptions/00000000-0000-0000-0000-000000000000/resourceGroups/cli_test_ag_frontend_port000001/providers/Microsoft.Network/applicationGateways/ag1/requestRoutingRules/rule1\",\r\n
        \       \"etag\": \"W/\\\"6f7f4831-9c15-4c78-bdd5-8fba694842f6\\\"\",\r\n
        \       \"properties\": {\r\n          \"provisioningState\": \"Updating\",\r\n
        \         \"ruleType\": \"Basic\",\r\n          \"httpListener\": {\r\n            \"id\":
        \"/subscriptions/00000000-0000-0000-0000-000000000000/resourceGroups/cli_test_ag_frontend_port000001/providers/Microsoft.Network/applicationGateways/ag1/httpListeners/appGatewayHttpListener\"\r\n
        \         },\r\n          \"backendAddressPool\": {\r\n            \"id\":
        \"/subscriptions/00000000-0000-0000-0000-000000000000/resourceGroups/cli_test_ag_frontend_port000001/providers/Microsoft.Network/applicationGateways/ag1/backendAddressPools/appGatewayBackendPool\"\r\n
        \         },\r\n          \"backendHttpSettings\": {\r\n            \"id\":
        \"/subscriptions/00000000-0000-0000-0000-000000000000/resourceGroups/cli_test_ag_frontend_port000001/providers/Microsoft.Network/applicationGateways/ag1/backendHttpSettingsCollection/appGatewayBackendHttpSettings\"\r\n
        \         }\r\n        },\r\n        \"type\": \"Microsoft.Network/applicationGateways/requestRoutingRules\"\r\n
        \     }\r\n    ],\r\n    \"probes\": [],\r\n    \"rewriteRuleSets\": [],\r\n
        \   \"redirectConfigurations\": []\r\n  }\r\n}"
    headers:
      azure-asyncnotification:
      - Enabled
      azure-asyncoperation:
      - https://management.azure.com/subscriptions/00000000-0000-0000-0000-000000000000/providers/Microsoft.Network/locations/westus/operations/a5daf1ff-5407-4aab-bdb8-1c60c0a0176f?api-version=2021-03-01
      cache-control:
      - no-cache
      content-length:
      - '9641'
      content-type:
      - application/json; charset=utf-8
      date:
      - Wed, 15 Sep 2021 07:29:10 GMT
      expires:
      - '-1'
      pragma:
      - no-cache
      server:
      - Microsoft-HTTPAPI/2.0
      - Microsoft-HTTPAPI/2.0
      strict-transport-security:
      - max-age=31536000; includeSubDomains
      transfer-encoding:
      - chunked
      vary:
      - Accept-Encoding
      x-content-type-options:
      - nosniff
      x-ms-arm-service-request-id:
      - da48414d-7607-44bd-b1c7-2de19c23a80c
      x-ms-ratelimit-remaining-subscription-writes:
      - '1192'
    status:
      code: 200
      message: OK
- request:
    body: null
    headers:
      Accept:
      - application/json
      Accept-Encoding:
      - gzip, deflate
      CommandName:
      - network application-gateway frontend-port show
      Connection:
      - keep-alive
      ParameterSetName:
      - -g --gateway-name -n
      User-Agent:
      - AZURECLI/2.28.1 azsdk-python-azure-mgmt-network/19.0.0 Python/3.8.3 (Windows-10-10.0.18362-SP0)
    method: GET
    uri: https://management.azure.com/subscriptions/00000000-0000-0000-0000-000000000000/resourceGroups/cli_test_ag_frontend_port000001/providers/Microsoft.Network/applicationGateways/ag1?api-version=2021-03-01
  response:
    body:
      string: "{\r\n  \"name\": \"ag1\",\r\n  \"id\": \"/subscriptions/00000000-0000-0000-0000-000000000000/resourceGroups/cli_test_ag_frontend_port000001/providers/Microsoft.Network/applicationGateways/ag1\",\r\n
        \ \"etag\": \"W/\\\"ff7f1cf4-ac81-49e1-a32a-9c963842cd6d\\\"\",\r\n  \"type\":
        \"Microsoft.Network/applicationGateways\",\r\n  \"location\": \"westus\",\r\n
        \ \"tags\": {},\r\n  \"properties\": {\r\n    \"provisioningState\": \"Updating\",\r\n
        \   \"resourceGuid\": \"75de9ba3-3827-4a41-881a-440bf5e415a2\",\r\n    \"sku\":
        {\r\n      \"name\": \"Standard_Medium\",\r\n      \"tier\": \"Standard\",\r\n
        \     \"capacity\": 2\r\n    },\r\n    \"operationalState\": \"Stopped\",\r\n
        \   \"gatewayIPConfigurations\": [\r\n      {\r\n        \"name\": \"appGatewayPrivateFrontendIP\",\r\n
        \       \"id\": \"/subscriptions/00000000-0000-0000-0000-000000000000/resourceGroups/cli_test_ag_frontend_port000001/providers/Microsoft.Network/applicationGateways/ag1/gatewayIPConfigurations/appGatewayPrivateFrontendIP\",\r\n
        \       \"etag\": \"W/\\\"ff7f1cf4-ac81-49e1-a32a-9c963842cd6d\\\"\",\r\n
        \       \"properties\": {\r\n          \"provisioningState\": \"Updating\",\r\n
        \         \"subnet\": {\r\n            \"id\": \"/subscriptions/00000000-0000-0000-0000-000000000000/resourceGroups/cli_test_ag_frontend_port000001/providers/Microsoft.Network/virtualNetworks/ag1Vnet/subnets/default\"\r\n
        \         }\r\n        },\r\n        \"type\": \"Microsoft.Network/applicationGateways/gatewayIPConfigurations\"\r\n
        \     }\r\n    ],\r\n    \"sslCertificates\": [],\r\n    \"authenticationCertificates\":
        [],\r\n    \"frontendIPConfigurations\": [\r\n      {\r\n        \"name\":
        \"appGatewayPrivateFrontendIP\",\r\n        \"id\": \"/subscriptions/00000000-0000-0000-0000-000000000000/resourceGroups/cli_test_ag_frontend_port000001/providers/Microsoft.Network/applicationGateways/ag1/frontendIPConfigurations/appGatewayPrivateFrontendIP\",\r\n
        \       \"etag\": \"W/\\\"ff7f1cf4-ac81-49e1-a32a-9c963842cd6d\\\"\",\r\n
        \       \"type\": \"Microsoft.Network/applicationGateways/frontendIPConfigurations\",\r\n
        \       \"properties\": {\r\n          \"provisioningState\": \"Updating\",\r\n
        \         \"privateIPAllocationMethod\": \"Dynamic\",\r\n          \"subnet\":
        {\r\n            \"id\": \"/subscriptions/00000000-0000-0000-0000-000000000000/resourceGroups/cli_test_ag_frontend_port000001/providers/Microsoft.Network/virtualNetworks/ag1Vnet/subnets/default\"\r\n
        \         },\r\n          \"httpListeners\": [\r\n            {\r\n              \"id\":
        \"/subscriptions/00000000-0000-0000-0000-000000000000/resourceGroups/cli_test_ag_frontend_port000001/providers/Microsoft.Network/applicationGateways/ag1/httpListeners/appGatewayHttpListener\"\r\n
        \           }\r\n          ]\r\n        }\r\n      }\r\n    ],\r\n    \"frontendPorts\":
        [\r\n      {\r\n        \"name\": \"appGatewayFrontendPort\",\r\n        \"id\":
        \"/subscriptions/00000000-0000-0000-0000-000000000000/resourceGroups/cli_test_ag_frontend_port000001/providers/Microsoft.Network/applicationGateways/ag1/frontendPorts/appGatewayFrontendPort\",\r\n
        \       \"etag\": \"W/\\\"ff7f1cf4-ac81-49e1-a32a-9c963842cd6d\\\"\",\r\n
        \       \"properties\": {\r\n          \"provisioningState\": \"Updating\",\r\n
        \         \"port\": 80,\r\n          \"httpListeners\": [\r\n            {\r\n
        \             \"id\": \"/subscriptions/00000000-0000-0000-0000-000000000000/resourceGroups/cli_test_ag_frontend_port000001/providers/Microsoft.Network/applicationGateways/ag1/httpListeners/appGatewayHttpListener\"\r\n
        \           }\r\n          ]\r\n        },\r\n        \"type\": \"Microsoft.Network/applicationGateways/frontendPorts\"\r\n
        \     },\r\n      {\r\n        \"name\": \"myport\",\r\n        \"id\": \"/subscriptions/00000000-0000-0000-0000-000000000000/resourceGroups/cli_test_ag_frontend_port000001/providers/Microsoft.Network/applicationGateways/ag1/frontendPorts/myport\",\r\n
        \       \"etag\": \"W/\\\"ff7f1cf4-ac81-49e1-a32a-9c963842cd6d\\\"\",\r\n
        \       \"properties\": {\r\n          \"provisioningState\": \"Updating\",\r\n
        \         \"port\": 112\r\n        },\r\n        \"type\": \"Microsoft.Network/applicationGateways/frontendPorts\"\r\n
        \     }\r\n    ],\r\n    \"backendAddressPools\": [\r\n      {\r\n        \"name\":
        \"appGatewayBackendPool\",\r\n        \"id\": \"/subscriptions/00000000-0000-0000-0000-000000000000/resourceGroups/cli_test_ag_frontend_port000001/providers/Microsoft.Network/applicationGateways/ag1/backendAddressPools/appGatewayBackendPool\",\r\n
        \       \"etag\": \"W/\\\"ff7f1cf4-ac81-49e1-a32a-9c963842cd6d\\\"\",\r\n
        \       \"properties\": {\r\n          \"provisioningState\": \"Updating\",\r\n
        \         \"backendAddresses\": [],\r\n          \"requestRoutingRules\":
        [\r\n            {\r\n              \"id\": \"/subscriptions/00000000-0000-0000-0000-000000000000/resourceGroups/cli_test_ag_frontend_port000001/providers/Microsoft.Network/applicationGateways/ag1/requestRoutingRules/rule1\"\r\n
        \           }\r\n          ]\r\n        },\r\n        \"type\": \"Microsoft.Network/applicationGateways/backendAddressPools\"\r\n
        \     }\r\n    ],\r\n    \"backendHttpSettingsCollection\": [\r\n      {\r\n
        \       \"name\": \"appGatewayBackendHttpSettings\",\r\n        \"id\": \"/subscriptions/00000000-0000-0000-0000-000000000000/resourceGroups/cli_test_ag_frontend_port000001/providers/Microsoft.Network/applicationGateways/ag1/backendHttpSettingsCollection/appGatewayBackendHttpSettings\",\r\n
        \       \"etag\": \"W/\\\"ff7f1cf4-ac81-49e1-a32a-9c963842cd6d\\\"\",\r\n
        \       \"properties\": {\r\n          \"provisioningState\": \"Updating\",\r\n
        \         \"port\": 80,\r\n          \"protocol\": \"Http\",\r\n          \"cookieBasedAffinity\":
        \"Disabled\",\r\n          \"connectionDraining\": {\r\n            \"enabled\":
        false,\r\n            \"drainTimeoutInSec\": 1\r\n          },\r\n          \"pickHostNameFromBackendAddress\":
        false,\r\n          \"requestTimeout\": 30,\r\n          \"requestRoutingRules\":
        [\r\n            {\r\n              \"id\": \"/subscriptions/00000000-0000-0000-0000-000000000000/resourceGroups/cli_test_ag_frontend_port000001/providers/Microsoft.Network/applicationGateways/ag1/requestRoutingRules/rule1\"\r\n
        \           }\r\n          ]\r\n        },\r\n        \"type\": \"Microsoft.Network/applicationGateways/backendHttpSettingsCollection\"\r\n
        \     }\r\n    ],\r\n    \"httpListeners\": [\r\n      {\r\n        \"name\":
        \"appGatewayHttpListener\",\r\n        \"id\": \"/subscriptions/00000000-0000-0000-0000-000000000000/resourceGroups/cli_test_ag_frontend_port000001/providers/Microsoft.Network/applicationGateways/ag1/httpListeners/appGatewayHttpListener\",\r\n
        \       \"etag\": \"W/\\\"ff7f1cf4-ac81-49e1-a32a-9c963842cd6d\\\"\",\r\n
        \       \"properties\": {\r\n          \"provisioningState\": \"Updating\",\r\n
        \         \"frontendIPConfiguration\": {\r\n            \"id\": \"/subscriptions/00000000-0000-0000-0000-000000000000/resourceGroups/cli_test_ag_frontend_port000001/providers/Microsoft.Network/applicationGateways/ag1/frontendIPConfigurations/appGatewayPrivateFrontendIP\"\r\n
        \         },\r\n          \"frontendPort\": {\r\n            \"id\": \"/subscriptions/00000000-0000-0000-0000-000000000000/resourceGroups/cli_test_ag_frontend_port000001/providers/Microsoft.Network/applicationGateways/ag1/frontendPorts/appGatewayFrontendPort\"\r\n
        \         },\r\n          \"protocol\": \"Http\",\r\n          \"hostNames\":
        [],\r\n          \"requireServerNameIndication\": false,\r\n          \"requestRoutingRules\":
        [\r\n            {\r\n              \"id\": \"/subscriptions/00000000-0000-0000-0000-000000000000/resourceGroups/cli_test_ag_frontend_port000001/providers/Microsoft.Network/applicationGateways/ag1/requestRoutingRules/rule1\"\r\n
        \           }\r\n          ]\r\n        },\r\n        \"type\": \"Microsoft.Network/applicationGateways/httpListeners\"\r\n
        \     }\r\n    ],\r\n    \"urlPathMaps\": [],\r\n    \"requestRoutingRules\":
        [\r\n      {\r\n        \"name\": \"rule1\",\r\n        \"id\": \"/subscriptions/00000000-0000-0000-0000-000000000000/resourceGroups/cli_test_ag_frontend_port000001/providers/Microsoft.Network/applicationGateways/ag1/requestRoutingRules/rule1\",\r\n
        \       \"etag\": \"W/\\\"ff7f1cf4-ac81-49e1-a32a-9c963842cd6d\\\"\",\r\n
        \       \"properties\": {\r\n          \"provisioningState\": \"Updating\",\r\n
        \         \"ruleType\": \"Basic\",\r\n          \"httpListener\": {\r\n            \"id\":
        \"/subscriptions/00000000-0000-0000-0000-000000000000/resourceGroups/cli_test_ag_frontend_port000001/providers/Microsoft.Network/applicationGateways/ag1/httpListeners/appGatewayHttpListener\"\r\n
        \         },\r\n          \"backendAddressPool\": {\r\n            \"id\":
        \"/subscriptions/00000000-0000-0000-0000-000000000000/resourceGroups/cli_test_ag_frontend_port000001/providers/Microsoft.Network/applicationGateways/ag1/backendAddressPools/appGatewayBackendPool\"\r\n
        \         },\r\n          \"backendHttpSettings\": {\r\n            \"id\":
        \"/subscriptions/00000000-0000-0000-0000-000000000000/resourceGroups/cli_test_ag_frontend_port000001/providers/Microsoft.Network/applicationGateways/ag1/backendHttpSettingsCollection/appGatewayBackendHttpSettings\"\r\n
        \         }\r\n        },\r\n        \"type\": \"Microsoft.Network/applicationGateways/requestRoutingRules\"\r\n
        \     }\r\n    ],\r\n    \"probes\": [],\r\n    \"rewriteRuleSets\": [],\r\n
        \   \"redirectConfigurations\": []\r\n  }\r\n}"
    headers:
      cache-control:
      - no-cache
      content-length:
      - '9641'
      content-type:
      - application/json; charset=utf-8
      date:
      - Wed, 15 Sep 2021 07:29:12 GMT
      etag:
      - W/"ff7f1cf4-ac81-49e1-a32a-9c963842cd6d"
      expires:
      - '-1'
      pragma:
      - no-cache
      server:
      - Microsoft-HTTPAPI/2.0
      - Microsoft-HTTPAPI/2.0
      strict-transport-security:
      - max-age=31536000; includeSubDomains
      transfer-encoding:
      - chunked
      vary:
      - Accept-Encoding
      x-content-type-options:
      - nosniff
      x-ms-arm-service-request-id:
      - cee2abcf-fe78-4033-9800-93e0c2cab394
    status:
      code: 200
      message: OK
- request:
    body: null
    headers:
      Accept:
      - application/json
      Accept-Encoding:
      - gzip, deflate
      CommandName:
      - network application-gateway frontend-port list
      Connection:
      - keep-alive
      ParameterSetName:
      - -g --gateway-name
      User-Agent:
      - AZURECLI/2.28.1 azsdk-python-azure-mgmt-network/19.0.0 Python/3.8.3 (Windows-10-10.0.18362-SP0)
    method: GET
    uri: https://management.azure.com/subscriptions/00000000-0000-0000-0000-000000000000/resourceGroups/cli_test_ag_frontend_port000001/providers/Microsoft.Network/applicationGateways/ag1?api-version=2021-03-01
  response:
    body:
      string: "{\r\n  \"name\": \"ag1\",\r\n  \"id\": \"/subscriptions/00000000-0000-0000-0000-000000000000/resourceGroups/cli_test_ag_frontend_port000001/providers/Microsoft.Network/applicationGateways/ag1\",\r\n
        \ \"etag\": \"W/\\\"ff7f1cf4-ac81-49e1-a32a-9c963842cd6d\\\"\",\r\n  \"type\":
        \"Microsoft.Network/applicationGateways\",\r\n  \"location\": \"westus\",\r\n
        \ \"tags\": {},\r\n  \"properties\": {\r\n    \"provisioningState\": \"Updating\",\r\n
        \   \"resourceGuid\": \"75de9ba3-3827-4a41-881a-440bf5e415a2\",\r\n    \"sku\":
        {\r\n      \"name\": \"Standard_Medium\",\r\n      \"tier\": \"Standard\",\r\n
        \     \"capacity\": 2\r\n    },\r\n    \"operationalState\": \"Stopped\",\r\n
        \   \"gatewayIPConfigurations\": [\r\n      {\r\n        \"name\": \"appGatewayPrivateFrontendIP\",\r\n
        \       \"id\": \"/subscriptions/00000000-0000-0000-0000-000000000000/resourceGroups/cli_test_ag_frontend_port000001/providers/Microsoft.Network/applicationGateways/ag1/gatewayIPConfigurations/appGatewayPrivateFrontendIP\",\r\n
        \       \"etag\": \"W/\\\"ff7f1cf4-ac81-49e1-a32a-9c963842cd6d\\\"\",\r\n
        \       \"properties\": {\r\n          \"provisioningState\": \"Updating\",\r\n
        \         \"subnet\": {\r\n            \"id\": \"/subscriptions/00000000-0000-0000-0000-000000000000/resourceGroups/cli_test_ag_frontend_port000001/providers/Microsoft.Network/virtualNetworks/ag1Vnet/subnets/default\"\r\n
        \         }\r\n        },\r\n        \"type\": \"Microsoft.Network/applicationGateways/gatewayIPConfigurations\"\r\n
        \     }\r\n    ],\r\n    \"sslCertificates\": [],\r\n    \"authenticationCertificates\":
        [],\r\n    \"frontendIPConfigurations\": [\r\n      {\r\n        \"name\":
        \"appGatewayPrivateFrontendIP\",\r\n        \"id\": \"/subscriptions/00000000-0000-0000-0000-000000000000/resourceGroups/cli_test_ag_frontend_port000001/providers/Microsoft.Network/applicationGateways/ag1/frontendIPConfigurations/appGatewayPrivateFrontendIP\",\r\n
        \       \"etag\": \"W/\\\"ff7f1cf4-ac81-49e1-a32a-9c963842cd6d\\\"\",\r\n
        \       \"type\": \"Microsoft.Network/applicationGateways/frontendIPConfigurations\",\r\n
        \       \"properties\": {\r\n          \"provisioningState\": \"Updating\",\r\n
        \         \"privateIPAllocationMethod\": \"Dynamic\",\r\n          \"subnet\":
        {\r\n            \"id\": \"/subscriptions/00000000-0000-0000-0000-000000000000/resourceGroups/cli_test_ag_frontend_port000001/providers/Microsoft.Network/virtualNetworks/ag1Vnet/subnets/default\"\r\n
        \         },\r\n          \"httpListeners\": [\r\n            {\r\n              \"id\":
        \"/subscriptions/00000000-0000-0000-0000-000000000000/resourceGroups/cli_test_ag_frontend_port000001/providers/Microsoft.Network/applicationGateways/ag1/httpListeners/appGatewayHttpListener\"\r\n
        \           }\r\n          ]\r\n        }\r\n      }\r\n    ],\r\n    \"frontendPorts\":
        [\r\n      {\r\n        \"name\": \"appGatewayFrontendPort\",\r\n        \"id\":
        \"/subscriptions/00000000-0000-0000-0000-000000000000/resourceGroups/cli_test_ag_frontend_port000001/providers/Microsoft.Network/applicationGateways/ag1/frontendPorts/appGatewayFrontendPort\",\r\n
        \       \"etag\": \"W/\\\"ff7f1cf4-ac81-49e1-a32a-9c963842cd6d\\\"\",\r\n
        \       \"properties\": {\r\n          \"provisioningState\": \"Updating\",\r\n
        \         \"port\": 80,\r\n          \"httpListeners\": [\r\n            {\r\n
        \             \"id\": \"/subscriptions/00000000-0000-0000-0000-000000000000/resourceGroups/cli_test_ag_frontend_port000001/providers/Microsoft.Network/applicationGateways/ag1/httpListeners/appGatewayHttpListener\"\r\n
        \           }\r\n          ]\r\n        },\r\n        \"type\": \"Microsoft.Network/applicationGateways/frontendPorts\"\r\n
        \     },\r\n      {\r\n        \"name\": \"myport\",\r\n        \"id\": \"/subscriptions/00000000-0000-0000-0000-000000000000/resourceGroups/cli_test_ag_frontend_port000001/providers/Microsoft.Network/applicationGateways/ag1/frontendPorts/myport\",\r\n
        \       \"etag\": \"W/\\\"ff7f1cf4-ac81-49e1-a32a-9c963842cd6d\\\"\",\r\n
        \       \"properties\": {\r\n          \"provisioningState\": \"Updating\",\r\n
        \         \"port\": 112\r\n        },\r\n        \"type\": \"Microsoft.Network/applicationGateways/frontendPorts\"\r\n
        \     }\r\n    ],\r\n    \"backendAddressPools\": [\r\n      {\r\n        \"name\":
        \"appGatewayBackendPool\",\r\n        \"id\": \"/subscriptions/00000000-0000-0000-0000-000000000000/resourceGroups/cli_test_ag_frontend_port000001/providers/Microsoft.Network/applicationGateways/ag1/backendAddressPools/appGatewayBackendPool\",\r\n
        \       \"etag\": \"W/\\\"ff7f1cf4-ac81-49e1-a32a-9c963842cd6d\\\"\",\r\n
        \       \"properties\": {\r\n          \"provisioningState\": \"Updating\",\r\n
        \         \"backendAddresses\": [],\r\n          \"requestRoutingRules\":
        [\r\n            {\r\n              \"id\": \"/subscriptions/00000000-0000-0000-0000-000000000000/resourceGroups/cli_test_ag_frontend_port000001/providers/Microsoft.Network/applicationGateways/ag1/requestRoutingRules/rule1\"\r\n
        \           }\r\n          ]\r\n        },\r\n        \"type\": \"Microsoft.Network/applicationGateways/backendAddressPools\"\r\n
        \     }\r\n    ],\r\n    \"backendHttpSettingsCollection\": [\r\n      {\r\n
        \       \"name\": \"appGatewayBackendHttpSettings\",\r\n        \"id\": \"/subscriptions/00000000-0000-0000-0000-000000000000/resourceGroups/cli_test_ag_frontend_port000001/providers/Microsoft.Network/applicationGateways/ag1/backendHttpSettingsCollection/appGatewayBackendHttpSettings\",\r\n
        \       \"etag\": \"W/\\\"ff7f1cf4-ac81-49e1-a32a-9c963842cd6d\\\"\",\r\n
        \       \"properties\": {\r\n          \"provisioningState\": \"Updating\",\r\n
        \         \"port\": 80,\r\n          \"protocol\": \"Http\",\r\n          \"cookieBasedAffinity\":
        \"Disabled\",\r\n          \"connectionDraining\": {\r\n            \"enabled\":
        false,\r\n            \"drainTimeoutInSec\": 1\r\n          },\r\n          \"pickHostNameFromBackendAddress\":
        false,\r\n          \"requestTimeout\": 30,\r\n          \"requestRoutingRules\":
        [\r\n            {\r\n              \"id\": \"/subscriptions/00000000-0000-0000-0000-000000000000/resourceGroups/cli_test_ag_frontend_port000001/providers/Microsoft.Network/applicationGateways/ag1/requestRoutingRules/rule1\"\r\n
        \           }\r\n          ]\r\n        },\r\n        \"type\": \"Microsoft.Network/applicationGateways/backendHttpSettingsCollection\"\r\n
        \     }\r\n    ],\r\n    \"httpListeners\": [\r\n      {\r\n        \"name\":
        \"appGatewayHttpListener\",\r\n        \"id\": \"/subscriptions/00000000-0000-0000-0000-000000000000/resourceGroups/cli_test_ag_frontend_port000001/providers/Microsoft.Network/applicationGateways/ag1/httpListeners/appGatewayHttpListener\",\r\n
        \       \"etag\": \"W/\\\"ff7f1cf4-ac81-49e1-a32a-9c963842cd6d\\\"\",\r\n
        \       \"properties\": {\r\n          \"provisioningState\": \"Updating\",\r\n
        \         \"frontendIPConfiguration\": {\r\n            \"id\": \"/subscriptions/00000000-0000-0000-0000-000000000000/resourceGroups/cli_test_ag_frontend_port000001/providers/Microsoft.Network/applicationGateways/ag1/frontendIPConfigurations/appGatewayPrivateFrontendIP\"\r\n
        \         },\r\n          \"frontendPort\": {\r\n            \"id\": \"/subscriptions/00000000-0000-0000-0000-000000000000/resourceGroups/cli_test_ag_frontend_port000001/providers/Microsoft.Network/applicationGateways/ag1/frontendPorts/appGatewayFrontendPort\"\r\n
        \         },\r\n          \"protocol\": \"Http\",\r\n          \"hostNames\":
        [],\r\n          \"requireServerNameIndication\": false,\r\n          \"requestRoutingRules\":
        [\r\n            {\r\n              \"id\": \"/subscriptions/00000000-0000-0000-0000-000000000000/resourceGroups/cli_test_ag_frontend_port000001/providers/Microsoft.Network/applicationGateways/ag1/requestRoutingRules/rule1\"\r\n
        \           }\r\n          ]\r\n        },\r\n        \"type\": \"Microsoft.Network/applicationGateways/httpListeners\"\r\n
        \     }\r\n    ],\r\n    \"urlPathMaps\": [],\r\n    \"requestRoutingRules\":
        [\r\n      {\r\n        \"name\": \"rule1\",\r\n        \"id\": \"/subscriptions/00000000-0000-0000-0000-000000000000/resourceGroups/cli_test_ag_frontend_port000001/providers/Microsoft.Network/applicationGateways/ag1/requestRoutingRules/rule1\",\r\n
        \       \"etag\": \"W/\\\"ff7f1cf4-ac81-49e1-a32a-9c963842cd6d\\\"\",\r\n
        \       \"properties\": {\r\n          \"provisioningState\": \"Updating\",\r\n
        \         \"ruleType\": \"Basic\",\r\n          \"httpListener\": {\r\n            \"id\":
        \"/subscriptions/00000000-0000-0000-0000-000000000000/resourceGroups/cli_test_ag_frontend_port000001/providers/Microsoft.Network/applicationGateways/ag1/httpListeners/appGatewayHttpListener\"\r\n
        \         },\r\n          \"backendAddressPool\": {\r\n            \"id\":
        \"/subscriptions/00000000-0000-0000-0000-000000000000/resourceGroups/cli_test_ag_frontend_port000001/providers/Microsoft.Network/applicationGateways/ag1/backendAddressPools/appGatewayBackendPool\"\r\n
        \         },\r\n          \"backendHttpSettings\": {\r\n            \"id\":
        \"/subscriptions/00000000-0000-0000-0000-000000000000/resourceGroups/cli_test_ag_frontend_port000001/providers/Microsoft.Network/applicationGateways/ag1/backendHttpSettingsCollection/appGatewayBackendHttpSettings\"\r\n
        \         }\r\n        },\r\n        \"type\": \"Microsoft.Network/applicationGateways/requestRoutingRules\"\r\n
        \     }\r\n    ],\r\n    \"probes\": [],\r\n    \"rewriteRuleSets\": [],\r\n
        \   \"redirectConfigurations\": []\r\n  }\r\n}"
    headers:
      cache-control:
      - no-cache
      content-length:
      - '9641'
      content-type:
      - application/json; charset=utf-8
      date:
      - Wed, 15 Sep 2021 07:29:15 GMT
      etag:
      - W/"ff7f1cf4-ac81-49e1-a32a-9c963842cd6d"
      expires:
      - '-1'
      pragma:
      - no-cache
      server:
      - Microsoft-HTTPAPI/2.0
      - Microsoft-HTTPAPI/2.0
      strict-transport-security:
      - max-age=31536000; includeSubDomains
      transfer-encoding:
      - chunked
      vary:
      - Accept-Encoding
      x-content-type-options:
      - nosniff
      x-ms-arm-service-request-id:
      - 023a69ef-a3cf-4ea3-9f21-3f5cf9ced323
    status:
      code: 200
      message: OK
- request:
    body: null
    headers:
      Accept:
      - application/json
      Accept-Encoding:
      - gzip, deflate
      CommandName:
      - network application-gateway frontend-port delete
      Connection:
      - keep-alive
      ParameterSetName:
      - -g --gateway-name --no-wait -n
      User-Agent:
      - AZURECLI/2.28.1 azsdk-python-azure-mgmt-network/19.0.0 Python/3.8.3 (Windows-10-10.0.18362-SP0)
    method: GET
    uri: https://management.azure.com/subscriptions/00000000-0000-0000-0000-000000000000/resourceGroups/cli_test_ag_frontend_port000001/providers/Microsoft.Network/applicationGateways/ag1?api-version=2021-03-01
  response:
    body:
      string: "{\r\n  \"name\": \"ag1\",\r\n  \"id\": \"/subscriptions/00000000-0000-0000-0000-000000000000/resourceGroups/cli_test_ag_frontend_port000001/providers/Microsoft.Network/applicationGateways/ag1\",\r\n
        \ \"etag\": \"W/\\\"ff7f1cf4-ac81-49e1-a32a-9c963842cd6d\\\"\",\r\n  \"type\":
        \"Microsoft.Network/applicationGateways\",\r\n  \"location\": \"westus\",\r\n
        \ \"tags\": {},\r\n  \"properties\": {\r\n    \"provisioningState\": \"Updating\",\r\n
        \   \"resourceGuid\": \"75de9ba3-3827-4a41-881a-440bf5e415a2\",\r\n    \"sku\":
        {\r\n      \"name\": \"Standard_Medium\",\r\n      \"tier\": \"Standard\",\r\n
        \     \"capacity\": 2\r\n    },\r\n    \"operationalState\": \"Stopped\",\r\n
        \   \"gatewayIPConfigurations\": [\r\n      {\r\n        \"name\": \"appGatewayPrivateFrontendIP\",\r\n
        \       \"id\": \"/subscriptions/00000000-0000-0000-0000-000000000000/resourceGroups/cli_test_ag_frontend_port000001/providers/Microsoft.Network/applicationGateways/ag1/gatewayIPConfigurations/appGatewayPrivateFrontendIP\",\r\n
        \       \"etag\": \"W/\\\"ff7f1cf4-ac81-49e1-a32a-9c963842cd6d\\\"\",\r\n
        \       \"properties\": {\r\n          \"provisioningState\": \"Updating\",\r\n
        \         \"subnet\": {\r\n            \"id\": \"/subscriptions/00000000-0000-0000-0000-000000000000/resourceGroups/cli_test_ag_frontend_port000001/providers/Microsoft.Network/virtualNetworks/ag1Vnet/subnets/default\"\r\n
        \         }\r\n        },\r\n        \"type\": \"Microsoft.Network/applicationGateways/gatewayIPConfigurations\"\r\n
        \     }\r\n    ],\r\n    \"sslCertificates\": [],\r\n    \"authenticationCertificates\":
        [],\r\n    \"frontendIPConfigurations\": [\r\n      {\r\n        \"name\":
        \"appGatewayPrivateFrontendIP\",\r\n        \"id\": \"/subscriptions/00000000-0000-0000-0000-000000000000/resourceGroups/cli_test_ag_frontend_port000001/providers/Microsoft.Network/applicationGateways/ag1/frontendIPConfigurations/appGatewayPrivateFrontendIP\",\r\n
        \       \"etag\": \"W/\\\"ff7f1cf4-ac81-49e1-a32a-9c963842cd6d\\\"\",\r\n
        \       \"type\": \"Microsoft.Network/applicationGateways/frontendIPConfigurations\",\r\n
        \       \"properties\": {\r\n          \"provisioningState\": \"Updating\",\r\n
        \         \"privateIPAllocationMethod\": \"Dynamic\",\r\n          \"subnet\":
        {\r\n            \"id\": \"/subscriptions/00000000-0000-0000-0000-000000000000/resourceGroups/cli_test_ag_frontend_port000001/providers/Microsoft.Network/virtualNetworks/ag1Vnet/subnets/default\"\r\n
        \         },\r\n          \"httpListeners\": [\r\n            {\r\n              \"id\":
        \"/subscriptions/00000000-0000-0000-0000-000000000000/resourceGroups/cli_test_ag_frontend_port000001/providers/Microsoft.Network/applicationGateways/ag1/httpListeners/appGatewayHttpListener\"\r\n
        \           }\r\n          ]\r\n        }\r\n      }\r\n    ],\r\n    \"frontendPorts\":
        [\r\n      {\r\n        \"name\": \"appGatewayFrontendPort\",\r\n        \"id\":
        \"/subscriptions/00000000-0000-0000-0000-000000000000/resourceGroups/cli_test_ag_frontend_port000001/providers/Microsoft.Network/applicationGateways/ag1/frontendPorts/appGatewayFrontendPort\",\r\n
        \       \"etag\": \"W/\\\"ff7f1cf4-ac81-49e1-a32a-9c963842cd6d\\\"\",\r\n
        \       \"properties\": {\r\n          \"provisioningState\": \"Updating\",\r\n
        \         \"port\": 80,\r\n          \"httpListeners\": [\r\n            {\r\n
        \             \"id\": \"/subscriptions/00000000-0000-0000-0000-000000000000/resourceGroups/cli_test_ag_frontend_port000001/providers/Microsoft.Network/applicationGateways/ag1/httpListeners/appGatewayHttpListener\"\r\n
        \           }\r\n          ]\r\n        },\r\n        \"type\": \"Microsoft.Network/applicationGateways/frontendPorts\"\r\n
        \     },\r\n      {\r\n        \"name\": \"myport\",\r\n        \"id\": \"/subscriptions/00000000-0000-0000-0000-000000000000/resourceGroups/cli_test_ag_frontend_port000001/providers/Microsoft.Network/applicationGateways/ag1/frontendPorts/myport\",\r\n
        \       \"etag\": \"W/\\\"ff7f1cf4-ac81-49e1-a32a-9c963842cd6d\\\"\",\r\n
        \       \"properties\": {\r\n          \"provisioningState\": \"Updating\",\r\n
        \         \"port\": 112\r\n        },\r\n        \"type\": \"Microsoft.Network/applicationGateways/frontendPorts\"\r\n
        \     }\r\n    ],\r\n    \"backendAddressPools\": [\r\n      {\r\n        \"name\":
        \"appGatewayBackendPool\",\r\n        \"id\": \"/subscriptions/00000000-0000-0000-0000-000000000000/resourceGroups/cli_test_ag_frontend_port000001/providers/Microsoft.Network/applicationGateways/ag1/backendAddressPools/appGatewayBackendPool\",\r\n
        \       \"etag\": \"W/\\\"ff7f1cf4-ac81-49e1-a32a-9c963842cd6d\\\"\",\r\n
        \       \"properties\": {\r\n          \"provisioningState\": \"Updating\",\r\n
        \         \"backendAddresses\": [],\r\n          \"requestRoutingRules\":
        [\r\n            {\r\n              \"id\": \"/subscriptions/00000000-0000-0000-0000-000000000000/resourceGroups/cli_test_ag_frontend_port000001/providers/Microsoft.Network/applicationGateways/ag1/requestRoutingRules/rule1\"\r\n
        \           }\r\n          ]\r\n        },\r\n        \"type\": \"Microsoft.Network/applicationGateways/backendAddressPools\"\r\n
        \     }\r\n    ],\r\n    \"backendHttpSettingsCollection\": [\r\n      {\r\n
        \       \"name\": \"appGatewayBackendHttpSettings\",\r\n        \"id\": \"/subscriptions/00000000-0000-0000-0000-000000000000/resourceGroups/cli_test_ag_frontend_port000001/providers/Microsoft.Network/applicationGateways/ag1/backendHttpSettingsCollection/appGatewayBackendHttpSettings\",\r\n
        \       \"etag\": \"W/\\\"ff7f1cf4-ac81-49e1-a32a-9c963842cd6d\\\"\",\r\n
        \       \"properties\": {\r\n          \"provisioningState\": \"Updating\",\r\n
        \         \"port\": 80,\r\n          \"protocol\": \"Http\",\r\n          \"cookieBasedAffinity\":
        \"Disabled\",\r\n          \"connectionDraining\": {\r\n            \"enabled\":
        false,\r\n            \"drainTimeoutInSec\": 1\r\n          },\r\n          \"pickHostNameFromBackendAddress\":
        false,\r\n          \"requestTimeout\": 30,\r\n          \"requestRoutingRules\":
        [\r\n            {\r\n              \"id\": \"/subscriptions/00000000-0000-0000-0000-000000000000/resourceGroups/cli_test_ag_frontend_port000001/providers/Microsoft.Network/applicationGateways/ag1/requestRoutingRules/rule1\"\r\n
        \           }\r\n          ]\r\n        },\r\n        \"type\": \"Microsoft.Network/applicationGateways/backendHttpSettingsCollection\"\r\n
        \     }\r\n    ],\r\n    \"httpListeners\": [\r\n      {\r\n        \"name\":
        \"appGatewayHttpListener\",\r\n        \"id\": \"/subscriptions/00000000-0000-0000-0000-000000000000/resourceGroups/cli_test_ag_frontend_port000001/providers/Microsoft.Network/applicationGateways/ag1/httpListeners/appGatewayHttpListener\",\r\n
        \       \"etag\": \"W/\\\"ff7f1cf4-ac81-49e1-a32a-9c963842cd6d\\\"\",\r\n
        \       \"properties\": {\r\n          \"provisioningState\": \"Updating\",\r\n
        \         \"frontendIPConfiguration\": {\r\n            \"id\": \"/subscriptions/00000000-0000-0000-0000-000000000000/resourceGroups/cli_test_ag_frontend_port000001/providers/Microsoft.Network/applicationGateways/ag1/frontendIPConfigurations/appGatewayPrivateFrontendIP\"\r\n
        \         },\r\n          \"frontendPort\": {\r\n            \"id\": \"/subscriptions/00000000-0000-0000-0000-000000000000/resourceGroups/cli_test_ag_frontend_port000001/providers/Microsoft.Network/applicationGateways/ag1/frontendPorts/appGatewayFrontendPort\"\r\n
        \         },\r\n          \"protocol\": \"Http\",\r\n          \"hostNames\":
        [],\r\n          \"requireServerNameIndication\": false,\r\n          \"requestRoutingRules\":
        [\r\n            {\r\n              \"id\": \"/subscriptions/00000000-0000-0000-0000-000000000000/resourceGroups/cli_test_ag_frontend_port000001/providers/Microsoft.Network/applicationGateways/ag1/requestRoutingRules/rule1\"\r\n
        \           }\r\n          ]\r\n        },\r\n        \"type\": \"Microsoft.Network/applicationGateways/httpListeners\"\r\n
        \     }\r\n    ],\r\n    \"urlPathMaps\": [],\r\n    \"requestRoutingRules\":
        [\r\n      {\r\n        \"name\": \"rule1\",\r\n        \"id\": \"/subscriptions/00000000-0000-0000-0000-000000000000/resourceGroups/cli_test_ag_frontend_port000001/providers/Microsoft.Network/applicationGateways/ag1/requestRoutingRules/rule1\",\r\n
        \       \"etag\": \"W/\\\"ff7f1cf4-ac81-49e1-a32a-9c963842cd6d\\\"\",\r\n
        \       \"properties\": {\r\n          \"provisioningState\": \"Updating\",\r\n
        \         \"ruleType\": \"Basic\",\r\n          \"httpListener\": {\r\n            \"id\":
        \"/subscriptions/00000000-0000-0000-0000-000000000000/resourceGroups/cli_test_ag_frontend_port000001/providers/Microsoft.Network/applicationGateways/ag1/httpListeners/appGatewayHttpListener\"\r\n
        \         },\r\n          \"backendAddressPool\": {\r\n            \"id\":
        \"/subscriptions/00000000-0000-0000-0000-000000000000/resourceGroups/cli_test_ag_frontend_port000001/providers/Microsoft.Network/applicationGateways/ag1/backendAddressPools/appGatewayBackendPool\"\r\n
        \         },\r\n          \"backendHttpSettings\": {\r\n            \"id\":
        \"/subscriptions/00000000-0000-0000-0000-000000000000/resourceGroups/cli_test_ag_frontend_port000001/providers/Microsoft.Network/applicationGateways/ag1/backendHttpSettingsCollection/appGatewayBackendHttpSettings\"\r\n
        \         }\r\n        },\r\n        \"type\": \"Microsoft.Network/applicationGateways/requestRoutingRules\"\r\n
        \     }\r\n    ],\r\n    \"probes\": [],\r\n    \"rewriteRuleSets\": [],\r\n
        \   \"redirectConfigurations\": []\r\n  }\r\n}"
    headers:
      cache-control:
      - no-cache
      content-length:
      - '9641'
      content-type:
      - application/json; charset=utf-8
      date:
      - Wed, 15 Sep 2021 07:29:16 GMT
      etag:
      - W/"ff7f1cf4-ac81-49e1-a32a-9c963842cd6d"
      expires:
      - '-1'
      pragma:
      - no-cache
      server:
      - Microsoft-HTTPAPI/2.0
      - Microsoft-HTTPAPI/2.0
      strict-transport-security:
      - max-age=31536000; includeSubDomains
      transfer-encoding:
      - chunked
      vary:
      - Accept-Encoding
      x-content-type-options:
      - nosniff
      x-ms-arm-service-request-id:
      - c3fddabf-eb9e-4861-b7e7-f7bda881c504
    status:
      code: 200
      message: OK
- request:
    body: '{"id": "/subscriptions/00000000-0000-0000-0000-000000000000/resourceGroups/cli_test_ag_frontend_port000001/providers/Microsoft.Network/applicationGateways/ag1",
      "location": "westus", "tags": {}, "properties": {"sku": {"name": "Standard_Medium",
      "tier": "Standard", "capacity": 2}, "gatewayIPConfigurations": [{"id": "/subscriptions/00000000-0000-0000-0000-000000000000/resourceGroups/cli_test_ag_frontend_port000001/providers/Microsoft.Network/applicationGateways/ag1/gatewayIPConfigurations/appGatewayPrivateFrontendIP",
      "name": "appGatewayPrivateFrontendIP", "properties": {"subnet": {"id": "/subscriptions/00000000-0000-0000-0000-000000000000/resourceGroups/cli_test_ag_frontend_port000001/providers/Microsoft.Network/virtualNetworks/ag1Vnet/subnets/default"}}}],
      "authenticationCertificates": [], "sslCertificates": [], "frontendIPConfigurations":
      [{"id": "/subscriptions/00000000-0000-0000-0000-000000000000/resourceGroups/cli_test_ag_frontend_port000001/providers/Microsoft.Network/applicationGateways/ag1/frontendIPConfigurations/appGatewayPrivateFrontendIP",
      "name": "appGatewayPrivateFrontendIP", "properties": {"privateIPAllocationMethod":
      "Dynamic", "subnet": {"id": "/subscriptions/00000000-0000-0000-0000-000000000000/resourceGroups/cli_test_ag_frontend_port000001/providers/Microsoft.Network/virtualNetworks/ag1Vnet/subnets/default"}}}],
      "frontendPorts": [{"id": "/subscriptions/00000000-0000-0000-0000-000000000000/resourceGroups/cli_test_ag_frontend_port000001/providers/Microsoft.Network/applicationGateways/ag1/frontendPorts/appGatewayFrontendPort",
      "name": "appGatewayFrontendPort", "properties": {"port": 80}}], "probes": [],
      "backendAddressPools": [{"id": "/subscriptions/00000000-0000-0000-0000-000000000000/resourceGroups/cli_test_ag_frontend_port000001/providers/Microsoft.Network/applicationGateways/ag1/backendAddressPools/appGatewayBackendPool",
      "name": "appGatewayBackendPool", "properties": {"backendAddresses": []}}], "backendHttpSettingsCollection":
      [{"id": "/subscriptions/00000000-0000-0000-0000-000000000000/resourceGroups/cli_test_ag_frontend_port000001/providers/Microsoft.Network/applicationGateways/ag1/backendHttpSettingsCollection/appGatewayBackendHttpSettings",
      "name": "appGatewayBackendHttpSettings", "properties": {"port": 80, "protocol":
      "Http", "cookieBasedAffinity": "Disabled", "requestTimeout": 30, "connectionDraining":
      {"enabled": false, "drainTimeoutInSec": 1}, "pickHostNameFromBackendAddress":
      false}}], "httpListeners": [{"id": "/subscriptions/00000000-0000-0000-0000-000000000000/resourceGroups/cli_test_ag_frontend_port000001/providers/Microsoft.Network/applicationGateways/ag1/httpListeners/appGatewayHttpListener",
      "name": "appGatewayHttpListener", "properties": {"frontendIPConfiguration":
      {"id": "/subscriptions/00000000-0000-0000-0000-000000000000/resourceGroups/cli_test_ag_frontend_port000001/providers/Microsoft.Network/applicationGateways/ag1/frontendIPConfigurations/appGatewayPrivateFrontendIP"},
      "frontendPort": {"id": "/subscriptions/00000000-0000-0000-0000-000000000000/resourceGroups/cli_test_ag_frontend_port000001/providers/Microsoft.Network/applicationGateways/ag1/frontendPorts/appGatewayFrontendPort"},
      "protocol": "Http", "requireServerNameIndication": false, "hostNames": []}}],
      "urlPathMaps": [], "requestRoutingRules": [{"id": "/subscriptions/00000000-0000-0000-0000-000000000000/resourceGroups/cli_test_ag_frontend_port000001/providers/Microsoft.Network/applicationGateways/ag1/requestRoutingRules/rule1",
      "name": "rule1", "properties": {"ruleType": "Basic", "backendAddressPool": {"id":
      "/subscriptions/00000000-0000-0000-0000-000000000000/resourceGroups/cli_test_ag_frontend_port000001/providers/Microsoft.Network/applicationGateways/ag1/backendAddressPools/appGatewayBackendPool"},
      "backendHttpSettings": {"id": "/subscriptions/00000000-0000-0000-0000-000000000000/resourceGroups/cli_test_ag_frontend_port000001/providers/Microsoft.Network/applicationGateways/ag1/backendHttpSettingsCollection/appGatewayBackendHttpSettings"},
      "httpListener": {"id": "/subscriptions/00000000-0000-0000-0000-000000000000/resourceGroups/cli_test_ag_frontend_port000001/providers/Microsoft.Network/applicationGateways/ag1/httpListeners/appGatewayHttpListener"}}}],
      "rewriteRuleSets": [], "redirectConfigurations": []}}'
    headers:
      Accept:
      - application/json
      Accept-Encoding:
      - gzip, deflate
      CommandName:
      - network application-gateway frontend-port delete
      Connection:
      - keep-alive
      Content-Length:
      - '4943'
      Content-Type:
      - application/json
      ParameterSetName:
      - -g --gateway-name --no-wait -n
      User-Agent:
      - AZURECLI/2.28.1 azsdk-python-azure-mgmt-network/19.0.0 Python/3.8.3 (Windows-10-10.0.18362-SP0)
    method: PUT
    uri: https://management.azure.com/subscriptions/00000000-0000-0000-0000-000000000000/resourceGroups/cli_test_ag_frontend_port000001/providers/Microsoft.Network/applicationGateways/ag1?api-version=2021-03-01
  response:
    body:
      string: "{\r\n  \"name\": \"ag1\",\r\n  \"id\": \"/subscriptions/00000000-0000-0000-0000-000000000000/resourceGroups/cli_test_ag_frontend_port000001/providers/Microsoft.Network/applicationGateways/ag1\",\r\n
        \ \"etag\": \"W/\\\"c982fe26-d42c-47e2-9573-9288192b925d\\\"\",\r\n  \"type\":
        \"Microsoft.Network/applicationGateways\",\r\n  \"location\": \"westus\",\r\n
        \ \"tags\": {},\r\n  \"properties\": {\r\n    \"provisioningState\": \"Updating\",\r\n
        \   \"resourceGuid\": \"75de9ba3-3827-4a41-881a-440bf5e415a2\",\r\n    \"sku\":
        {\r\n      \"name\": \"Standard_Medium\",\r\n      \"tier\": \"Standard\",\r\n
        \     \"capacity\": 2\r\n    },\r\n    \"operationalState\": \"Stopped\",\r\n
        \   \"gatewayIPConfigurations\": [\r\n      {\r\n        \"name\": \"appGatewayPrivateFrontendIP\",\r\n
        \       \"id\": \"/subscriptions/00000000-0000-0000-0000-000000000000/resourceGroups/cli_test_ag_frontend_port000001/providers/Microsoft.Network/applicationGateways/ag1/gatewayIPConfigurations/appGatewayPrivateFrontendIP\",\r\n
        \       \"etag\": \"W/\\\"c982fe26-d42c-47e2-9573-9288192b925d\\\"\",\r\n
        \       \"properties\": {\r\n          \"provisioningState\": \"Updating\",\r\n
        \         \"subnet\": {\r\n            \"id\": \"/subscriptions/00000000-0000-0000-0000-000000000000/resourceGroups/cli_test_ag_frontend_port000001/providers/Microsoft.Network/virtualNetworks/ag1Vnet/subnets/default\"\r\n
        \         }\r\n        },\r\n        \"type\": \"Microsoft.Network/applicationGateways/gatewayIPConfigurations\"\r\n
        \     }\r\n    ],\r\n    \"sslCertificates\": [],\r\n    \"authenticationCertificates\":
        [],\r\n    \"frontendIPConfigurations\": [\r\n      {\r\n        \"name\":
        \"appGatewayPrivateFrontendIP\",\r\n        \"id\": \"/subscriptions/00000000-0000-0000-0000-000000000000/resourceGroups/cli_test_ag_frontend_port000001/providers/Microsoft.Network/applicationGateways/ag1/frontendIPConfigurations/appGatewayPrivateFrontendIP\",\r\n
        \       \"etag\": \"W/\\\"c982fe26-d42c-47e2-9573-9288192b925d\\\"\",\r\n
        \       \"type\": \"Microsoft.Network/applicationGateways/frontendIPConfigurations\",\r\n
        \       \"properties\": {\r\n          \"provisioningState\": \"Updating\",\r\n
        \         \"privateIPAllocationMethod\": \"Dynamic\",\r\n          \"subnet\":
        {\r\n            \"id\": \"/subscriptions/00000000-0000-0000-0000-000000000000/resourceGroups/cli_test_ag_frontend_port000001/providers/Microsoft.Network/virtualNetworks/ag1Vnet/subnets/default\"\r\n
        \         },\r\n          \"httpListeners\": [\r\n            {\r\n              \"id\":
        \"/subscriptions/00000000-0000-0000-0000-000000000000/resourceGroups/cli_test_ag_frontend_port000001/providers/Microsoft.Network/applicationGateways/ag1/httpListeners/appGatewayHttpListener\"\r\n
        \           }\r\n          ]\r\n        }\r\n      }\r\n    ],\r\n    \"frontendPorts\":
        [\r\n      {\r\n        \"name\": \"appGatewayFrontendPort\",\r\n        \"id\":
        \"/subscriptions/00000000-0000-0000-0000-000000000000/resourceGroups/cli_test_ag_frontend_port000001/providers/Microsoft.Network/applicationGateways/ag1/frontendPorts/appGatewayFrontendPort\",\r\n
        \       \"etag\": \"W/\\\"c982fe26-d42c-47e2-9573-9288192b925d\\\"\",\r\n
        \       \"properties\": {\r\n          \"provisioningState\": \"Updating\",\r\n
        \         \"port\": 80,\r\n          \"httpListeners\": [\r\n            {\r\n
        \             \"id\": \"/subscriptions/00000000-0000-0000-0000-000000000000/resourceGroups/cli_test_ag_frontend_port000001/providers/Microsoft.Network/applicationGateways/ag1/httpListeners/appGatewayHttpListener\"\r\n
        \           }\r\n          ]\r\n        },\r\n        \"type\": \"Microsoft.Network/applicationGateways/frontendPorts\"\r\n
        \     }\r\n    ],\r\n    \"backendAddressPools\": [\r\n      {\r\n        \"name\":
        \"appGatewayBackendPool\",\r\n        \"id\": \"/subscriptions/00000000-0000-0000-0000-000000000000/resourceGroups/cli_test_ag_frontend_port000001/providers/Microsoft.Network/applicationGateways/ag1/backendAddressPools/appGatewayBackendPool\",\r\n
        \       \"etag\": \"W/\\\"c982fe26-d42c-47e2-9573-9288192b925d\\\"\",\r\n
        \       \"properties\": {\r\n          \"provisioningState\": \"Updating\",\r\n
        \         \"backendAddresses\": [],\r\n          \"requestRoutingRules\":
        [\r\n            {\r\n              \"id\": \"/subscriptions/00000000-0000-0000-0000-000000000000/resourceGroups/cli_test_ag_frontend_port000001/providers/Microsoft.Network/applicationGateways/ag1/requestRoutingRules/rule1\"\r\n
        \           }\r\n          ]\r\n        },\r\n        \"type\": \"Microsoft.Network/applicationGateways/backendAddressPools\"\r\n
        \     }\r\n    ],\r\n    \"backendHttpSettingsCollection\": [\r\n      {\r\n
        \       \"name\": \"appGatewayBackendHttpSettings\",\r\n        \"id\": \"/subscriptions/00000000-0000-0000-0000-000000000000/resourceGroups/cli_test_ag_frontend_port000001/providers/Microsoft.Network/applicationGateways/ag1/backendHttpSettingsCollection/appGatewayBackendHttpSettings\",\r\n
        \       \"etag\": \"W/\\\"c982fe26-d42c-47e2-9573-9288192b925d\\\"\",\r\n
        \       \"properties\": {\r\n          \"provisioningState\": \"Updating\",\r\n
        \         \"port\": 80,\r\n          \"protocol\": \"Http\",\r\n          \"cookieBasedAffinity\":
        \"Disabled\",\r\n          \"connectionDraining\": {\r\n            \"enabled\":
        false,\r\n            \"drainTimeoutInSec\": 1\r\n          },\r\n          \"pickHostNameFromBackendAddress\":
        false,\r\n          \"requestTimeout\": 30,\r\n          \"requestRoutingRules\":
        [\r\n            {\r\n              \"id\": \"/subscriptions/00000000-0000-0000-0000-000000000000/resourceGroups/cli_test_ag_frontend_port000001/providers/Microsoft.Network/applicationGateways/ag1/requestRoutingRules/rule1\"\r\n
        \           }\r\n          ]\r\n        },\r\n        \"type\": \"Microsoft.Network/applicationGateways/backendHttpSettingsCollection\"\r\n
        \     }\r\n    ],\r\n    \"httpListeners\": [\r\n      {\r\n        \"name\":
        \"appGatewayHttpListener\",\r\n        \"id\": \"/subscriptions/00000000-0000-0000-0000-000000000000/resourceGroups/cli_test_ag_frontend_port000001/providers/Microsoft.Network/applicationGateways/ag1/httpListeners/appGatewayHttpListener\",\r\n
        \       \"etag\": \"W/\\\"c982fe26-d42c-47e2-9573-9288192b925d\\\"\",\r\n
        \       \"properties\": {\r\n          \"provisioningState\": \"Updating\",\r\n
        \         \"frontendIPConfiguration\": {\r\n            \"id\": \"/subscriptions/00000000-0000-0000-0000-000000000000/resourceGroups/cli_test_ag_frontend_port000001/providers/Microsoft.Network/applicationGateways/ag1/frontendIPConfigurations/appGatewayPrivateFrontendIP\"\r\n
        \         },\r\n          \"frontendPort\": {\r\n            \"id\": \"/subscriptions/00000000-0000-0000-0000-000000000000/resourceGroups/cli_test_ag_frontend_port000001/providers/Microsoft.Network/applicationGateways/ag1/frontendPorts/appGatewayFrontendPort\"\r\n
        \         },\r\n          \"protocol\": \"Http\",\r\n          \"hostNames\":
        [],\r\n          \"requireServerNameIndication\": false,\r\n          \"requestRoutingRules\":
        [\r\n            {\r\n              \"id\": \"/subscriptions/00000000-0000-0000-0000-000000000000/resourceGroups/cli_test_ag_frontend_port000001/providers/Microsoft.Network/applicationGateways/ag1/requestRoutingRules/rule1\"\r\n
        \           }\r\n          ]\r\n        },\r\n        \"type\": \"Microsoft.Network/applicationGateways/httpListeners\"\r\n
        \     }\r\n    ],\r\n    \"urlPathMaps\": [],\r\n    \"requestRoutingRules\":
        [\r\n      {\r\n        \"name\": \"rule1\",\r\n        \"id\": \"/subscriptions/00000000-0000-0000-0000-000000000000/resourceGroups/cli_test_ag_frontend_port000001/providers/Microsoft.Network/applicationGateways/ag1/requestRoutingRules/rule1\",\r\n
        \       \"etag\": \"W/\\\"c982fe26-d42c-47e2-9573-9288192b925d\\\"\",\r\n
        \       \"properties\": {\r\n          \"provisioningState\": \"Updating\",\r\n
        \         \"ruleType\": \"Basic\",\r\n          \"httpListener\": {\r\n            \"id\":
        \"/subscriptions/00000000-0000-0000-0000-000000000000/resourceGroups/cli_test_ag_frontend_port000001/providers/Microsoft.Network/applicationGateways/ag1/httpListeners/appGatewayHttpListener\"\r\n
        \         },\r\n          \"backendAddressPool\": {\r\n            \"id\":
        \"/subscriptions/00000000-0000-0000-0000-000000000000/resourceGroups/cli_test_ag_frontend_port000001/providers/Microsoft.Network/applicationGateways/ag1/backendAddressPools/appGatewayBackendPool\"\r\n
        \         },\r\n          \"backendHttpSettings\": {\r\n            \"id\":
        \"/subscriptions/00000000-0000-0000-0000-000000000000/resourceGroups/cli_test_ag_frontend_port000001/providers/Microsoft.Network/applicationGateways/ag1/backendHttpSettingsCollection/appGatewayBackendHttpSettings\"\r\n
        \         }\r\n        },\r\n        \"type\": \"Microsoft.Network/applicationGateways/requestRoutingRules\"\r\n
        \     }\r\n    ],\r\n    \"probes\": [],\r\n    \"rewriteRuleSets\": [],\r\n
        \   \"redirectConfigurations\": []\r\n  }\r\n}"
    headers:
      azure-asyncnotification:
      - Enabled
      azure-asyncoperation:
      - https://management.azure.com/subscriptions/00000000-0000-0000-0000-000000000000/providers/Microsoft.Network/locations/westus/operations/598f8d67-adcc-48e2-ad23-8b7f510587ce?api-version=2021-03-01
      cache-control:
      - no-cache
      content-length:
      - '9123'
      content-type:
      - application/json; charset=utf-8
      date:
      - Wed, 15 Sep 2021 07:29:17 GMT
      expires:
      - '-1'
      pragma:
      - no-cache
      server:
      - Microsoft-HTTPAPI/2.0
      - Microsoft-HTTPAPI/2.0
      strict-transport-security:
      - max-age=31536000; includeSubDomains
      transfer-encoding:
      - chunked
      vary:
      - Accept-Encoding
      x-content-type-options:
      - nosniff
      x-ms-arm-service-request-id:
      - ce1b8a75-dfc5-4545-b793-600086d5a39e
      x-ms-ratelimit-remaining-subscription-writes:
      - '1197'
    status:
      code: 200
      message: OK
- request:
    body: null
    headers:
      Accept:
      - application/json
      Accept-Encoding:
      - gzip, deflate
      CommandName:
      - network application-gateway frontend-port list
      Connection:
      - keep-alive
      ParameterSetName:
      - -g --gateway-name
      User-Agent:
      - AZURECLI/2.28.1 azsdk-python-azure-mgmt-network/19.0.0 Python/3.8.3 (Windows-10-10.0.18362-SP0)
    method: GET
    uri: https://management.azure.com/subscriptions/00000000-0000-0000-0000-000000000000/resourceGroups/cli_test_ag_frontend_port000001/providers/Microsoft.Network/applicationGateways/ag1?api-version=2021-03-01
  response:
    body:
      string: "{\r\n  \"name\": \"ag1\",\r\n  \"id\": \"/subscriptions/00000000-0000-0000-0000-000000000000/resourceGroups/cli_test_ag_frontend_port000001/providers/Microsoft.Network/applicationGateways/ag1\",\r\n
        \ \"etag\": \"W/\\\"be71761f-4c98-4846-a724-89a042c53b7b\\\"\",\r\n  \"type\":
        \"Microsoft.Network/applicationGateways\",\r\n  \"location\": \"westus\",\r\n
        \ \"tags\": {},\r\n  \"properties\": {\r\n    \"provisioningState\": \"Updating\",\r\n
        \   \"resourceGuid\": \"75de9ba3-3827-4a41-881a-440bf5e415a2\",\r\n    \"sku\":
        {\r\n      \"name\": \"Standard_Medium\",\r\n      \"tier\": \"Standard\",\r\n
        \     \"capacity\": 2\r\n    },\r\n    \"operationalState\": \"Stopped\",\r\n
        \   \"gatewayIPConfigurations\": [\r\n      {\r\n        \"name\": \"appGatewayPrivateFrontendIP\",\r\n
        \       \"id\": \"/subscriptions/00000000-0000-0000-0000-000000000000/resourceGroups/cli_test_ag_frontend_port000001/providers/Microsoft.Network/applicationGateways/ag1/gatewayIPConfigurations/appGatewayPrivateFrontendIP\",\r\n
        \       \"etag\": \"W/\\\"be71761f-4c98-4846-a724-89a042c53b7b\\\"\",\r\n
        \       \"properties\": {\r\n          \"provisioningState\": \"Updating\",\r\n
        \         \"subnet\": {\r\n            \"id\": \"/subscriptions/00000000-0000-0000-0000-000000000000/resourceGroups/cli_test_ag_frontend_port000001/providers/Microsoft.Network/virtualNetworks/ag1Vnet/subnets/default\"\r\n
        \         }\r\n        },\r\n        \"type\": \"Microsoft.Network/applicationGateways/gatewayIPConfigurations\"\r\n
        \     }\r\n    ],\r\n    \"sslCertificates\": [],\r\n    \"authenticationCertificates\":
        [],\r\n    \"frontendIPConfigurations\": [\r\n      {\r\n        \"name\":
        \"appGatewayPrivateFrontendIP\",\r\n        \"id\": \"/subscriptions/00000000-0000-0000-0000-000000000000/resourceGroups/cli_test_ag_frontend_port000001/providers/Microsoft.Network/applicationGateways/ag1/frontendIPConfigurations/appGatewayPrivateFrontendIP\",\r\n
        \       \"etag\": \"W/\\\"be71761f-4c98-4846-a724-89a042c53b7b\\\"\",\r\n
        \       \"type\": \"Microsoft.Network/applicationGateways/frontendIPConfigurations\",\r\n
        \       \"properties\": {\r\n          \"provisioningState\": \"Updating\",\r\n
        \         \"privateIPAllocationMethod\": \"Dynamic\",\r\n          \"subnet\":
        {\r\n            \"id\": \"/subscriptions/00000000-0000-0000-0000-000000000000/resourceGroups/cli_test_ag_frontend_port000001/providers/Microsoft.Network/virtualNetworks/ag1Vnet/subnets/default\"\r\n
        \         },\r\n          \"httpListeners\": [\r\n            {\r\n              \"id\":
        \"/subscriptions/00000000-0000-0000-0000-000000000000/resourceGroups/cli_test_ag_frontend_port000001/providers/Microsoft.Network/applicationGateways/ag1/httpListeners/appGatewayHttpListener\"\r\n
        \           }\r\n          ]\r\n        }\r\n      }\r\n    ],\r\n    \"frontendPorts\":
        [\r\n      {\r\n        \"name\": \"appGatewayFrontendPort\",\r\n        \"id\":
        \"/subscriptions/00000000-0000-0000-0000-000000000000/resourceGroups/cli_test_ag_frontend_port000001/providers/Microsoft.Network/applicationGateways/ag1/frontendPorts/appGatewayFrontendPort\",\r\n
        \       \"etag\": \"W/\\\"be71761f-4c98-4846-a724-89a042c53b7b\\\"\",\r\n
        \       \"properties\": {\r\n          \"provisioningState\": \"Updating\",\r\n
        \         \"port\": 80,\r\n          \"httpListeners\": [\r\n            {\r\n
        \             \"id\": \"/subscriptions/00000000-0000-0000-0000-000000000000/resourceGroups/cli_test_ag_frontend_port000001/providers/Microsoft.Network/applicationGateways/ag1/httpListeners/appGatewayHttpListener\"\r\n
        \           }\r\n          ]\r\n        },\r\n        \"type\": \"Microsoft.Network/applicationGateways/frontendPorts\"\r\n
        \     }\r\n    ],\r\n    \"backendAddressPools\": [\r\n      {\r\n        \"name\":
        \"appGatewayBackendPool\",\r\n        \"id\": \"/subscriptions/00000000-0000-0000-0000-000000000000/resourceGroups/cli_test_ag_frontend_port000001/providers/Microsoft.Network/applicationGateways/ag1/backendAddressPools/appGatewayBackendPool\",\r\n
        \       \"etag\": \"W/\\\"be71761f-4c98-4846-a724-89a042c53b7b\\\"\",\r\n
        \       \"properties\": {\r\n          \"provisioningState\": \"Updating\",\r\n
        \         \"backendAddresses\": [],\r\n          \"requestRoutingRules\":
        [\r\n            {\r\n              \"id\": \"/subscriptions/00000000-0000-0000-0000-000000000000/resourceGroups/cli_test_ag_frontend_port000001/providers/Microsoft.Network/applicationGateways/ag1/requestRoutingRules/rule1\"\r\n
        \           }\r\n          ]\r\n        },\r\n        \"type\": \"Microsoft.Network/applicationGateways/backendAddressPools\"\r\n
        \     }\r\n    ],\r\n    \"backendHttpSettingsCollection\": [\r\n      {\r\n
        \       \"name\": \"appGatewayBackendHttpSettings\",\r\n        \"id\": \"/subscriptions/00000000-0000-0000-0000-000000000000/resourceGroups/cli_test_ag_frontend_port000001/providers/Microsoft.Network/applicationGateways/ag1/backendHttpSettingsCollection/appGatewayBackendHttpSettings\",\r\n
        \       \"etag\": \"W/\\\"be71761f-4c98-4846-a724-89a042c53b7b\\\"\",\r\n
        \       \"properties\": {\r\n          \"provisioningState\": \"Updating\",\r\n
        \         \"port\": 80,\r\n          \"protocol\": \"Http\",\r\n          \"cookieBasedAffinity\":
        \"Disabled\",\r\n          \"connectionDraining\": {\r\n            \"enabled\":
        false,\r\n            \"drainTimeoutInSec\": 1\r\n          },\r\n          \"pickHostNameFromBackendAddress\":
        false,\r\n          \"requestTimeout\": 30,\r\n          \"requestRoutingRules\":
        [\r\n            {\r\n              \"id\": \"/subscriptions/00000000-0000-0000-0000-000000000000/resourceGroups/cli_test_ag_frontend_port000001/providers/Microsoft.Network/applicationGateways/ag1/requestRoutingRules/rule1\"\r\n
        \           }\r\n          ]\r\n        },\r\n        \"type\": \"Microsoft.Network/applicationGateways/backendHttpSettingsCollection\"\r\n
        \     }\r\n    ],\r\n    \"httpListeners\": [\r\n      {\r\n        \"name\":
        \"appGatewayHttpListener\",\r\n        \"id\": \"/subscriptions/00000000-0000-0000-0000-000000000000/resourceGroups/cli_test_ag_frontend_port000001/providers/Microsoft.Network/applicationGateways/ag1/httpListeners/appGatewayHttpListener\",\r\n
        \       \"etag\": \"W/\\\"be71761f-4c98-4846-a724-89a042c53b7b\\\"\",\r\n
        \       \"properties\": {\r\n          \"provisioningState\": \"Updating\",\r\n
        \         \"frontendIPConfiguration\": {\r\n            \"id\": \"/subscriptions/00000000-0000-0000-0000-000000000000/resourceGroups/cli_test_ag_frontend_port000001/providers/Microsoft.Network/applicationGateways/ag1/frontendIPConfigurations/appGatewayPrivateFrontendIP\"\r\n
        \         },\r\n          \"frontendPort\": {\r\n            \"id\": \"/subscriptions/00000000-0000-0000-0000-000000000000/resourceGroups/cli_test_ag_frontend_port000001/providers/Microsoft.Network/applicationGateways/ag1/frontendPorts/appGatewayFrontendPort\"\r\n
        \         },\r\n          \"protocol\": \"Http\",\r\n          \"hostNames\":
        [],\r\n          \"requireServerNameIndication\": false,\r\n          \"requestRoutingRules\":
        [\r\n            {\r\n              \"id\": \"/subscriptions/00000000-0000-0000-0000-000000000000/resourceGroups/cli_test_ag_frontend_port000001/providers/Microsoft.Network/applicationGateways/ag1/requestRoutingRules/rule1\"\r\n
        \           }\r\n          ]\r\n        },\r\n        \"type\": \"Microsoft.Network/applicationGateways/httpListeners\"\r\n
        \     }\r\n    ],\r\n    \"urlPathMaps\": [],\r\n    \"requestRoutingRules\":
        [\r\n      {\r\n        \"name\": \"rule1\",\r\n        \"id\": \"/subscriptions/00000000-0000-0000-0000-000000000000/resourceGroups/cli_test_ag_frontend_port000001/providers/Microsoft.Network/applicationGateways/ag1/requestRoutingRules/rule1\",\r\n
        \       \"etag\": \"W/\\\"be71761f-4c98-4846-a724-89a042c53b7b\\\"\",\r\n
        \       \"properties\": {\r\n          \"provisioningState\": \"Updating\",\r\n
        \         \"ruleType\": \"Basic\",\r\n          \"httpListener\": {\r\n            \"id\":
        \"/subscriptions/00000000-0000-0000-0000-000000000000/resourceGroups/cli_test_ag_frontend_port000001/providers/Microsoft.Network/applicationGateways/ag1/httpListeners/appGatewayHttpListener\"\r\n
        \         },\r\n          \"backendAddressPool\": {\r\n            \"id\":
        \"/subscriptions/00000000-0000-0000-0000-000000000000/resourceGroups/cli_test_ag_frontend_port000001/providers/Microsoft.Network/applicationGateways/ag1/backendAddressPools/appGatewayBackendPool\"\r\n
        \         },\r\n          \"backendHttpSettings\": {\r\n            \"id\":
        \"/subscriptions/00000000-0000-0000-0000-000000000000/resourceGroups/cli_test_ag_frontend_port000001/providers/Microsoft.Network/applicationGateways/ag1/backendHttpSettingsCollection/appGatewayBackendHttpSettings\"\r\n
        \         }\r\n        },\r\n        \"type\": \"Microsoft.Network/applicationGateways/requestRoutingRules\"\r\n
        \     }\r\n    ],\r\n    \"probes\": [],\r\n    \"rewriteRuleSets\": [],\r\n
        \   \"redirectConfigurations\": []\r\n  }\r\n}"
    headers:
      cache-control:
      - no-cache
      content-length:
      - '9123'
      content-type:
      - application/json; charset=utf-8
      date:
      - Wed, 15 Sep 2021 07:29:20 GMT
      etag:
      - W/"be71761f-4c98-4846-a724-89a042c53b7b"
      expires:
      - '-1'
      pragma:
      - no-cache
      server:
      - Microsoft-HTTPAPI/2.0
      - Microsoft-HTTPAPI/2.0
      strict-transport-security:
      - max-age=31536000; includeSubDomains
      transfer-encoding:
      - chunked
      vary:
      - Accept-Encoding
      x-content-type-options:
      - nosniff
      x-ms-arm-service-request-id:
      - fbefc831-7ee6-4e9e-921b-50b99fbcf615
    status:
      code: 200
      message: OK
version: 1
