interactions:
- request:
    body: null
    headers:
      Accept:
      - application/json
      Accept-Encoding:
      - gzip, deflate
      CommandName:
      - network route-filter create
      Connection:
      - keep-alive
      ParameterSetName:
      - -g -n --tags
      User-Agent:
      - python/3.7.3 (Windows-10-10.0.19041-SP0) msrest/0.6.21 msrest_azure/0.6.3
        azure-mgmt-resource/12.0.0 Azure-SDK-For-Python AZURECLI/2.20.0
      accept-language:
      - en-US
    method: GET
    uri: https://management.azure.com/subscriptions/00000000-0000-0000-0000-000000000000/resourcegroups/cli_test_network_route_filter000001?api-version=2020-10-01
  response:
    body:
      string: '{"id":"/subscriptions/00000000-0000-0000-0000-000000000000/resourceGroups/cli_test_network_route_filter000001","name":"cli_test_network_route_filter000001","type":"Microsoft.Resources/resourceGroups","location":"westus","tags":{"product":"azurecli","cause":"automation","date":"2021-03-04T05:44:44Z"},"properties":{"provisioningState":"Succeeded"}}'
    headers:
      cache-control:
      - no-cache
      content-length:
      - '428'
      content-type:
      - application/json; charset=utf-8
      date:
      - Thu, 04 Mar 2021 05:44:47 GMT
      expires:
      - '-1'
      pragma:
      - no-cache
      strict-transport-security:
      - max-age=31536000; includeSubDomains
      vary:
      - Accept-Encoding
      x-content-type-options:
      - nosniff
    status:
      code: 200
      message: OK
- request:
    body: '{"location": "westus", "tags": {"foo": "doo"}}'
    headers:
      Accept:
      - application/json
      Accept-Encoding:
      - gzip, deflate
      CommandName:
      - network route-filter create
      Connection:
      - keep-alive
      Content-Length:
      - '46'
      Content-Type:
      - application/json
      ParameterSetName:
      - -g -n --tags
      User-Agent:
      - AZURECLI/2.20.0 azsdk-python-azure-mgmt-network/18.0.0 Python/3.7.3 (Windows-10-10.0.19041-SP0)
    method: PUT
    uri: https://management.azure.com/subscriptions/00000000-0000-0000-0000-000000000000/resourceGroups/cli_test_network_route_filter000001/providers/Microsoft.Network/routeFilters/filter1?api-version=2020-11-01
  response:
    body:
      string: "{\r\n  \"name\": \"filter1\",\r\n  \"id\": \"/subscriptions/00000000-0000-0000-0000-000000000000/resourceGroups/cli_test_network_route_filter000001/providers/Microsoft.Network/routeFilters/filter1\",\r\n
        \ \"etag\": \"W/\\\"b196a2bc-ea8c-42b8-8c28-4636b1baf02e\\\"\",\r\n  \"type\":
        \"Microsoft.Network/routeFilters\",\r\n  \"location\": \"westus\",\r\n  \"tags\":
        {\r\n    \"foo\": \"doo\"\r\n  },\r\n  \"properties\": {\r\n    \"provisioningState\":
        \"Updating\",\r\n    \"rules\": []\r\n  }\r\n}"
    headers:
      azure-asyncnotification:
      - Enabled
      azure-asyncoperation:
      - https://management.azure.com/subscriptions/00000000-0000-0000-0000-000000000000/providers/Microsoft.Network/locations/westus/operations/75cae7e9-3a60-4d72-9bd6-be96353cfbf1?api-version=2020-11-01
      cache-control:
      - no-cache
      content-length:
      - '473'
      content-type:
      - application/json; charset=utf-8
      date:
      - Thu, 04 Mar 2021 05:44:54 GMT
      expires:
      - '-1'
      pragma:
      - no-cache
      server:
      - Microsoft-HTTPAPI/2.0
      - Microsoft-HTTPAPI/2.0
      strict-transport-security:
      - max-age=31536000; includeSubDomains
      x-content-type-options:
      - nosniff
      x-ms-arm-service-request-id:
      - ccd10357-dfb6-42cc-a3b6-a4dd1f9fc8f0
      x-ms-ratelimit-remaining-subscription-writes:
      - '1192'
    status:
      code: 201
      message: Created
- request:
    body: null
    headers:
      Accept:
      - '*/*'
      Accept-Encoding:
      - gzip, deflate
      CommandName:
      - network route-filter create
      Connection:
      - keep-alive
      ParameterSetName:
      - -g -n --tags
      User-Agent:
      - AZURECLI/2.20.0 azsdk-python-azure-mgmt-network/18.0.0 Python/3.7.3 (Windows-10-10.0.19041-SP0)
    method: GET
    uri: https://management.azure.com/subscriptions/00000000-0000-0000-0000-000000000000/providers/Microsoft.Network/locations/westus/operations/75cae7e9-3a60-4d72-9bd6-be96353cfbf1?api-version=2020-11-01
  response:
    body:
      string: "{\r\n  \"status\": \"Succeeded\"\r\n}"
    headers:
      cache-control:
      - no-cache
      content-length:
      - '29'
      content-type:
      - application/json; charset=utf-8
      date:
      - Thu, 04 Mar 2021 05:45:05 GMT
      expires:
      - '-1'
      pragma:
      - no-cache
      server:
      - Microsoft-HTTPAPI/2.0
      - Microsoft-HTTPAPI/2.0
      strict-transport-security:
      - max-age=31536000; includeSubDomains
      transfer-encoding:
      - chunked
      vary:
      - Accept-Encoding
      x-content-type-options:
      - nosniff
      x-ms-arm-service-request-id:
      - acc95669-1d78-410f-98a4-b6e0398b5fd8
    status:
      code: 200
      message: OK
- request:
    body: null
    headers:
      Accept:
      - '*/*'
      Accept-Encoding:
      - gzip, deflate
      CommandName:
      - network route-filter create
      Connection:
      - keep-alive
      ParameterSetName:
      - -g -n --tags
      User-Agent:
      - AZURECLI/2.20.0 azsdk-python-azure-mgmt-network/18.0.0 Python/3.7.3 (Windows-10-10.0.19041-SP0)
    method: GET
    uri: https://management.azure.com/subscriptions/00000000-0000-0000-0000-000000000000/resourceGroups/cli_test_network_route_filter000001/providers/Microsoft.Network/routeFilters/filter1?api-version=2020-11-01
  response:
    body:
      string: "{\r\n  \"name\": \"filter1\",\r\n  \"id\": \"/subscriptions/00000000-0000-0000-0000-000000000000/resourceGroups/cli_test_network_route_filter000001/providers/Microsoft.Network/routeFilters/filter1\",\r\n
        \ \"etag\": \"W/\\\"b965a239-3a43-401e-887d-d08f2a39a56e\\\"\",\r\n  \"type\":
        \"Microsoft.Network/routeFilters\",\r\n  \"location\": \"westus\",\r\n  \"tags\":
        {\r\n    \"foo\": \"doo\"\r\n  },\r\n  \"properties\": {\r\n    \"provisioningState\":
        \"Succeeded\",\r\n    \"rules\": []\r\n  }\r\n}"
    headers:
      cache-control:
      - no-cache
      content-length:
      - '474'
      content-type:
      - application/json; charset=utf-8
      date:
      - Thu, 04 Mar 2021 05:45:05 GMT
      etag:
      - W/"b965a239-3a43-401e-887d-d08f2a39a56e"
      expires:
      - '-1'
      pragma:
      - no-cache
      server:
      - Microsoft-HTTPAPI/2.0
      - Microsoft-HTTPAPI/2.0
      strict-transport-security:
      - max-age=31536000; includeSubDomains
      transfer-encoding:
      - chunked
      vary:
      - Accept-Encoding
      x-content-type-options:
      - nosniff
      x-ms-arm-service-request-id:
      - 0b268a8f-575d-456c-a503-7d598d248db8
    status:
      code: 200
      message: OK
- request:
    body: null
    headers:
      Accept:
      - application/json
      Accept-Encoding:
      - gzip, deflate
      CommandName:
      - network route-filter update
      Connection:
      - keep-alive
      ParameterSetName:
      - -g -n
      User-Agent:
      - AZURECLI/2.20.0 azsdk-python-azure-mgmt-network/18.0.0 Python/3.7.3 (Windows-10-10.0.19041-SP0)
    method: GET
    uri: https://management.azure.com/subscriptions/00000000-0000-0000-0000-000000000000/resourceGroups/cli_test_network_route_filter000001/providers/Microsoft.Network/routeFilters/filter1?api-version=2020-11-01
  response:
    body:
      string: "{\r\n  \"name\": \"filter1\",\r\n  \"id\": \"/subscriptions/00000000-0000-0000-0000-000000000000/resourceGroups/cli_test_network_route_filter000001/providers/Microsoft.Network/routeFilters/filter1\",\r\n
        \ \"etag\": \"W/\\\"b965a239-3a43-401e-887d-d08f2a39a56e\\\"\",\r\n  \"type\":
        \"Microsoft.Network/routeFilters\",\r\n  \"location\": \"westus\",\r\n  \"tags\":
        {\r\n    \"foo\": \"doo\"\r\n  },\r\n  \"properties\": {\r\n    \"provisioningState\":
        \"Succeeded\",\r\n    \"rules\": []\r\n  }\r\n}"
    headers:
      cache-control:
      - no-cache
      content-length:
      - '474'
      content-type:
      - application/json; charset=utf-8
      date:
      - Thu, 04 Mar 2021 05:45:05 GMT
      etag:
      - W/"b965a239-3a43-401e-887d-d08f2a39a56e"
      expires:
      - '-1'
      pragma:
      - no-cache
      server:
      - Microsoft-HTTPAPI/2.0
      - Microsoft-HTTPAPI/2.0
      strict-transport-security:
      - max-age=31536000; includeSubDomains
      transfer-encoding:
      - chunked
      vary:
      - Accept-Encoding
      x-content-type-options:
      - nosniff
      x-ms-arm-service-request-id:
      - 414d3549-3c76-4e8d-a621-beae77d46e48
    status:
      code: 200
      message: OK
- request:
    body: '{"id": "/subscriptions/00000000-0000-0000-0000-000000000000/resourceGroups/cli_test_network_route_filter000001/providers/Microsoft.Network/routeFilters/filter1",
      "location": "westus", "tags": {"foo": "doo"}, "properties": {"rules": []}}'
    headers:
      Accept:
      - application/json
      Accept-Encoding:
      - gzip, deflate
      CommandName:
      - network route-filter update
      Connection:
      - keep-alive
      Content-Length:
      - '276'
      Content-Type:
      - application/json
      ParameterSetName:
      - -g -n
      User-Agent:
      - AZURECLI/2.20.0 azsdk-python-azure-mgmt-network/18.0.0 Python/3.7.3 (Windows-10-10.0.19041-SP0)
    method: PUT
    uri: https://management.azure.com/subscriptions/00000000-0000-0000-0000-000000000000/resourceGroups/cli_test_network_route_filter000001/providers/Microsoft.Network/routeFilters/filter1?api-version=2020-11-01
  response:
    body:
      string: "{\r\n  \"name\": \"filter1\",\r\n  \"id\": \"/subscriptions/00000000-0000-0000-0000-000000000000/resourceGroups/cli_test_network_route_filter000001/providers/Microsoft.Network/routeFilters/filter1\",\r\n
        \ \"etag\": \"W/\\\"eb36f6a6-491c-4816-ad70-efaedae4c761\\\"\",\r\n  \"type\":
        \"Microsoft.Network/routeFilters\",\r\n  \"location\": \"westus\",\r\n  \"tags\":
        {\r\n    \"foo\": \"doo\"\r\n  },\r\n  \"properties\": {\r\n    \"provisioningState\":
        \"Succeeded\",\r\n    \"rules\": []\r\n  }\r\n}"
    headers:
      azure-asyncoperation:
      - https://management.azure.com/subscriptions/00000000-0000-0000-0000-000000000000/providers/Microsoft.Network/locations/westus/operations/7e9a93a6-9d86-44b9-89ac-d4c14bfe444d?api-version=2020-11-01
      cache-control:
      - no-cache
      content-length:
      - '474'
      content-type:
      - application/json; charset=utf-8
      date:
      - Thu, 04 Mar 2021 05:45:05 GMT
      expires:
      - '-1'
      pragma:
      - no-cache
      server:
      - Microsoft-HTTPAPI/2.0
      - Microsoft-HTTPAPI/2.0
      strict-transport-security:
      - max-age=31536000; includeSubDomains
      transfer-encoding:
      - chunked
      vary:
      - Accept-Encoding
      x-content-type-options:
      - nosniff
      x-ms-arm-service-request-id:
      - fbc941f6-08cf-420b-9345-6adf65f632cf
      x-ms-ratelimit-remaining-subscription-writes:
      - '1192'
    status:
      code: 200
      message: OK
- request:
    body: null
    headers:
      Accept:
      - '*/*'
      Accept-Encoding:
      - gzip, deflate
      CommandName:
      - network route-filter update
      Connection:
      - keep-alive
      ParameterSetName:
      - -g -n
      User-Agent:
      - AZURECLI/2.20.0 azsdk-python-azure-mgmt-network/18.0.0 Python/3.7.3 (Windows-10-10.0.19041-SP0)
    method: GET
    uri: https://management.azure.com/subscriptions/00000000-0000-0000-0000-000000000000/providers/Microsoft.Network/locations/westus/operations/7e9a93a6-9d86-44b9-89ac-d4c14bfe444d?api-version=2020-11-01
  response:
    body:
      string: "{\r\n  \"status\": \"Succeeded\"\r\n}"
    headers:
      cache-control:
      - no-cache
      content-length:
      - '29'
      content-type:
      - application/json; charset=utf-8
      date:
      - Thu, 04 Mar 2021 05:45:37 GMT
      expires:
      - '-1'
      pragma:
      - no-cache
      server:
      - Microsoft-HTTPAPI/2.0
      - Microsoft-HTTPAPI/2.0
      strict-transport-security:
      - max-age=31536000; includeSubDomains
      transfer-encoding:
      - chunked
      vary:
      - Accept-Encoding
      x-content-type-options:
      - nosniff
      x-ms-arm-service-request-id:
      - 83bcbd15-b352-4e64-a449-353f538e4d8b
    status:
      code: 200
      message: OK
- request:
    body: null
    headers:
      Accept:
      - '*/*'
      Accept-Encoding:
      - gzip, deflate
      CommandName:
      - network route-filter update
      Connection:
      - keep-alive
      ParameterSetName:
      - -g -n
      User-Agent:
      - AZURECLI/2.20.0 azsdk-python-azure-mgmt-network/18.0.0 Python/3.7.3 (Windows-10-10.0.19041-SP0)
    method: GET
    uri: https://management.azure.com/subscriptions/00000000-0000-0000-0000-000000000000/resourceGroups/cli_test_network_route_filter000001/providers/Microsoft.Network/routeFilters/filter1?api-version=2020-11-01
  response:
    body:
      string: "{\r\n  \"name\": \"filter1\",\r\n  \"id\": \"/subscriptions/00000000-0000-0000-0000-000000000000/resourceGroups/cli_test_network_route_filter000001/providers/Microsoft.Network/routeFilters/filter1\",\r\n
        \ \"etag\": \"W/\\\"eb36f6a6-491c-4816-ad70-efaedae4c761\\\"\",\r\n  \"type\":
        \"Microsoft.Network/routeFilters\",\r\n  \"location\": \"westus\",\r\n  \"tags\":
        {\r\n    \"foo\": \"doo\"\r\n  },\r\n  \"properties\": {\r\n    \"provisioningState\":
        \"Succeeded\",\r\n    \"rules\": []\r\n  }\r\n}"
    headers:
      cache-control:
      - no-cache
      content-length:
      - '474'
      content-type:
      - application/json; charset=utf-8
      date:
      - Thu, 04 Mar 2021 05:45:37 GMT
      etag:
      - W/"eb36f6a6-491c-4816-ad70-efaedae4c761"
      expires:
      - '-1'
      pragma:
      - no-cache
      server:
      - Microsoft-HTTPAPI/2.0
      - Microsoft-HTTPAPI/2.0
      strict-transport-security:
      - max-age=31536000; includeSubDomains
      transfer-encoding:
      - chunked
      vary:
      - Accept-Encoding
      x-content-type-options:
      - nosniff
      x-ms-arm-service-request-id:
      - d8b0cf07-add0-45ab-a9e8-0d7235c47b02
    status:
      code: 200
      message: OK
- request:
    body: null
    headers:
      Accept:
      - application/json
      Accept-Encoding:
      - gzip, deflate
      CommandName:
      - network route-filter show
      Connection:
      - keep-alive
      ParameterSetName:
      - -g -n
      User-Agent:
      - AZURECLI/2.20.0 azsdk-python-azure-mgmt-network/18.0.0 Python/3.7.3 (Windows-10-10.0.19041-SP0)
    method: GET
    uri: https://management.azure.com/subscriptions/00000000-0000-0000-0000-000000000000/resourceGroups/cli_test_network_route_filter000001/providers/Microsoft.Network/routeFilters/filter1?api-version=2020-11-01
  response:
    body:
      string: "{\r\n  \"name\": \"filter1\",\r\n  \"id\": \"/subscriptions/00000000-0000-0000-0000-000000000000/resourceGroups/cli_test_network_route_filter000001/providers/Microsoft.Network/routeFilters/filter1\",\r\n
        \ \"etag\": \"W/\\\"eb36f6a6-491c-4816-ad70-efaedae4c761\\\"\",\r\n  \"type\":
        \"Microsoft.Network/routeFilters\",\r\n  \"location\": \"westus\",\r\n  \"tags\":
        {\r\n    \"foo\": \"doo\"\r\n  },\r\n  \"properties\": {\r\n    \"provisioningState\":
        \"Succeeded\",\r\n    \"rules\": []\r\n  }\r\n}"
    headers:
      cache-control:
      - no-cache
      content-length:
      - '474'
      content-type:
      - application/json; charset=utf-8
      date:
      - Thu, 04 Mar 2021 05:45:37 GMT
      etag:
      - W/"eb36f6a6-491c-4816-ad70-efaedae4c761"
      expires:
      - '-1'
      pragma:
      - no-cache
      server:
      - Microsoft-HTTPAPI/2.0
      - Microsoft-HTTPAPI/2.0
      strict-transport-security:
      - max-age=31536000; includeSubDomains
      transfer-encoding:
      - chunked
      vary:
      - Accept-Encoding
      x-content-type-options:
      - nosniff
      x-ms-arm-service-request-id:
      - d3b19dba-f682-44f0-9a1f-ba079ec8b49f
    status:
      code: 200
      message: OK
- request:
    body: null
    headers:
      Accept:
      - application/json
      Accept-Encoding:
      - gzip, deflate
      CommandName:
      - network route-filter list
      Connection:
      - keep-alive
      ParameterSetName:
      - -g
      User-Agent:
      - AZURECLI/2.20.0 azsdk-python-azure-mgmt-network/18.0.0 Python/3.7.3 (Windows-10-10.0.19041-SP0)
    method: GET
    uri: https://management.azure.com/subscriptions/00000000-0000-0000-0000-000000000000/resourceGroups/cli_test_network_route_filter000001/providers/Microsoft.Network/routeFilters?api-version=2020-11-01
  response:
    body:
      string: "{\r\n  \"value\": [\r\n    {\r\n      \"name\": \"filter1\",\r\n      \"id\":
        \"/subscriptions/00000000-0000-0000-0000-000000000000/resourceGroups/cli_test_network_route_filter000001/providers/Microsoft.Network/routeFilters/filter1\",\r\n
        \     \"etag\": \"W/\\\"eb36f6a6-491c-4816-ad70-efaedae4c761\\\"\",\r\n      \"type\":
        \"Microsoft.Network/routeFilters\",\r\n      \"location\": \"westus\",\r\n
        \     \"tags\": {\r\n        \"foo\": \"doo\"\r\n      },\r\n      \"properties\":
        {\r\n        \"provisioningState\": \"Succeeded\",\r\n        \"rules\": []\r\n
        \     }\r\n    }\r\n  ]\r\n}"
    headers:
      cache-control:
      - no-cache
      content-length:
      - '555'
      content-type:
      - application/json; charset=utf-8
      date:
      - Thu, 04 Mar 2021 05:45:38 GMT
      expires:
      - '-1'
      pragma:
      - no-cache
      server:
      - Microsoft-HTTPAPI/2.0
      - Microsoft-HTTPAPI/2.0
      strict-transport-security:
      - max-age=31536000; includeSubDomains
      transfer-encoding:
      - chunked
      vary:
      - Accept-Encoding
      x-content-type-options:
      - nosniff
      x-ms-arm-service-request-id:
      - e4626915-05bf-402c-9194-919a2684eb54
    status:
      code: 200
      message: OK
- request:
    body: null
    headers:
      Accept:
      - application/json
      Accept-Encoding:
      - gzip, deflate
      CommandName:
      - network route-filter rule create
      Connection:
      - keep-alive
      ParameterSetName:
      - -g --filter-name -n --communities --access
      User-Agent:
      - python/3.7.3 (Windows-10-10.0.19041-SP0) msrest/0.6.21 msrest_azure/0.6.3
        azure-mgmt-resource/12.0.0 Azure-SDK-For-Python AZURECLI/2.20.0
      accept-language:
      - en-US
    method: GET
    uri: https://management.azure.com/subscriptions/00000000-0000-0000-0000-000000000000/resourcegroups/cli_test_network_route_filter000001?api-version=2020-10-01
  response:
    body:
      string: '{"id":"/subscriptions/00000000-0000-0000-0000-000000000000/resourceGroups/cli_test_network_route_filter000001","name":"cli_test_network_route_filter000001","type":"Microsoft.Resources/resourceGroups","location":"westus","tags":{"product":"azurecli","cause":"automation","date":"2021-03-04T05:44:44Z"},"properties":{"provisioningState":"Succeeded"}}'
    headers:
      cache-control:
      - no-cache
      content-length:
      - '428'
      content-type:
      - application/json; charset=utf-8
      date:
      - Thu, 04 Mar 2021 05:45:39 GMT
      expires:
      - '-1'
      pragma:
      - no-cache
      strict-transport-security:
      - max-age=31536000; includeSubDomains
      vary:
      - Accept-Encoding
      x-content-type-options:
      - nosniff
    status:
      code: 200
      message: OK
- request:
    body: '{"location": "westus", "properties": {"access": "Allow", "communities":
      ["12076:5040", "12076:5030"]}}'
    headers:
      Accept:
      - application/json
      Accept-Encoding:
      - gzip, deflate
      CommandName:
      - network route-filter rule create
      Connection:
      - keep-alive
      Content-Length:
      - '102'
      Content-Type:
      - application/json
      ParameterSetName:
      - -g --filter-name -n --communities --access
      User-Agent:
      - AZURECLI/2.20.0 azsdk-python-azure-mgmt-network/18.0.0 Python/3.7.3 (Windows-10-10.0.19041-SP0)
    method: PUT
    uri: https://management.azure.com/subscriptions/00000000-0000-0000-0000-000000000000/resourceGroups/cli_test_network_route_filter000001/providers/Microsoft.Network/routeFilters/filter1/routeFilterRules/rule1?api-version=2020-11-01
  response:
    body:
      string: "{\r\n  \"name\": \"rule1\",\r\n  \"id\": \"/subscriptions/00000000-0000-0000-0000-000000000000/resourceGroups/cli_test_network_route_filter000001/providers/Microsoft.Network/routeFilters/filter1/routeFilterRules/rule1\",\r\n
        \ \"etag\": \"W/\\\"534bb510-67c6-4960-8be5-3563148c3901\\\"\",\r\n  \"properties\":
        {\r\n    \"provisioningState\": \"Updating\",\r\n    \"access\": \"Allow\",\r\n
        \   \"routeFilterRuleType\": \"Community\",\r\n    \"communities\": [\r\n
        \     \"12076:5040\",\r\n      \"12076:5030\"\r\n    ]\r\n  },\r\n  \"type\":
        \"Microsoft.Network/routeFilters/routeFilterRules\"\r\n}"
    headers:
      azure-asyncoperation:
      - https://management.azure.com/subscriptions/00000000-0000-0000-0000-000000000000/providers/Microsoft.Network/locations/westus/operations/1ddbdc75-f05b-42dc-9439-f477817a77f0?api-version=2020-11-01
      cache-control:
      - no-cache
      content-length:
      - '567'
      content-type:
      - application/json; charset=utf-8
      date:
      - Thu, 04 Mar 2021 05:45:39 GMT
      expires:
      - '-1'
      pragma:
      - no-cache
      server:
      - Microsoft-HTTPAPI/2.0
      - Microsoft-HTTPAPI/2.0
      strict-transport-security:
      - max-age=31536000; includeSubDomains
      x-content-type-options:
      - nosniff
      x-ms-arm-service-request-id:
      - 1d1c9883-035b-43c5-8a93-2f6e2ab353aa
      x-ms-ratelimit-remaining-subscription-writes:
      - '1193'
    status:
      code: 201
      message: Created
- request:
    body: null
    headers:
      Accept:
      - '*/*'
      Accept-Encoding:
      - gzip, deflate
      CommandName:
      - network route-filter rule create
      Connection:
      - keep-alive
      ParameterSetName:
      - -g --filter-name -n --communities --access
      User-Agent:
      - AZURECLI/2.20.0 azsdk-python-azure-mgmt-network/18.0.0 Python/3.7.3 (Windows-10-10.0.19041-SP0)
    method: GET
    uri: https://management.azure.com/subscriptions/00000000-0000-0000-0000-000000000000/providers/Microsoft.Network/locations/westus/operations/1ddbdc75-f05b-42dc-9439-f477817a77f0?api-version=2020-11-01
  response:
    body:
      string: "{\r\n  \"status\": \"Succeeded\"\r\n}"
    headers:
      cache-control:
      - no-cache
      content-length:
      - '29'
      content-type:
      - application/json; charset=utf-8
      date:
      - Thu, 04 Mar 2021 05:45:49 GMT
      expires:
      - '-1'
      pragma:
      - no-cache
      server:
      - Microsoft-HTTPAPI/2.0
      - Microsoft-HTTPAPI/2.0
      strict-transport-security:
      - max-age=31536000; includeSubDomains
      transfer-encoding:
      - chunked
      vary:
      - Accept-Encoding
      x-content-type-options:
      - nosniff
      x-ms-arm-service-request-id:
      - 28a7df40-d1d6-41aa-8566-ac49e36e203d
    status:
      code: 200
      message: OK
- request:
    body: null
    headers:
      Accept:
      - '*/*'
      Accept-Encoding:
      - gzip, deflate
      CommandName:
      - network route-filter rule create
      Connection:
      - keep-alive
      ParameterSetName:
      - -g --filter-name -n --communities --access
      User-Agent:
      - AZURECLI/2.20.0 azsdk-python-azure-mgmt-network/18.0.0 Python/3.7.3 (Windows-10-10.0.19041-SP0)
    method: GET
    uri: https://management.azure.com/subscriptions/00000000-0000-0000-0000-000000000000/resourceGroups/cli_test_network_route_filter000001/providers/Microsoft.Network/routeFilters/filter1/routeFilterRules/rule1?api-version=2020-11-01
  response:
    body:
      string: "{\r\n  \"name\": \"rule1\",\r\n  \"id\": \"/subscriptions/00000000-0000-0000-0000-000000000000/resourceGroups/cli_test_network_route_filter000001/providers/Microsoft.Network/routeFilters/filter1/routeFilterRules/rule1\",\r\n
        \ \"etag\": \"W/\\\"6f32d40a-907d-4d02-95a4-7f9e96e2702b\\\"\",\r\n  \"properties\":
        {\r\n    \"provisioningState\": \"Succeeded\",\r\n    \"access\": \"Allow\",\r\n
        \   \"routeFilterRuleType\": \"Community\",\r\n    \"communities\": [\r\n
        \     \"12076:5040\",\r\n      \"12076:5030\"\r\n    ]\r\n  },\r\n  \"type\":
        \"Microsoft.Network/routeFilters/routeFilterRules\"\r\n}"
    headers:
      cache-control:
      - no-cache
      content-length:
      - '568'
      content-type:
      - application/json; charset=utf-8
      date:
      - Thu, 04 Mar 2021 05:45:49 GMT
      etag:
      - W/"6f32d40a-907d-4d02-95a4-7f9e96e2702b"
      expires:
      - '-1'
      pragma:
      - no-cache
      server:
      - Microsoft-HTTPAPI/2.0
      - Microsoft-HTTPAPI/2.0
      strict-transport-security:
      - max-age=31536000; includeSubDomains
      transfer-encoding:
      - chunked
      vary:
      - Accept-Encoding
      x-content-type-options:
      - nosniff
      x-ms-arm-service-request-id:
      - 35b73ed0-d28b-4394-a950-5fdd3f6c8c72
    status:
      code: 200
      message: OK
- request:
    body: null
    headers:
      Accept:
      - application/json
      Accept-Encoding:
      - gzip, deflate
      CommandName:
      - network route-filter rule update
      Connection:
      - keep-alive
      ParameterSetName:
      - -g --filter-name -n --set
      User-Agent:
      - AZURECLI/2.20.0 azsdk-python-azure-mgmt-network/18.0.0 Python/3.7.3 (Windows-10-10.0.19041-SP0)
    method: GET
    uri: https://management.azure.com/subscriptions/00000000-0000-0000-0000-000000000000/resourceGroups/cli_test_network_route_filter000001/providers/Microsoft.Network/routeFilters/filter1/routeFilterRules/rule1?api-version=2020-11-01
  response:
    body:
      string: "{\r\n  \"name\": \"rule1\",\r\n  \"id\": \"/subscriptions/00000000-0000-0000-0000-000000000000/resourceGroups/cli_test_network_route_filter000001/providers/Microsoft.Network/routeFilters/filter1/routeFilterRules/rule1\",\r\n
        \ \"etag\": \"W/\\\"6f32d40a-907d-4d02-95a4-7f9e96e2702b\\\"\",\r\n  \"properties\":
        {\r\n    \"provisioningState\": \"Succeeded\",\r\n    \"access\": \"Allow\",\r\n
        \   \"routeFilterRuleType\": \"Community\",\r\n    \"communities\": [\r\n
        \     \"12076:5040\",\r\n      \"12076:5030\"\r\n    ]\r\n  },\r\n  \"type\":
        \"Microsoft.Network/routeFilters/routeFilterRules\"\r\n}"
    headers:
      cache-control:
      - no-cache
      content-length:
      - '568'
      content-type:
      - application/json; charset=utf-8
      date:
      - Thu, 04 Mar 2021 05:45:51 GMT
      etag:
      - W/"6f32d40a-907d-4d02-95a4-7f9e96e2702b"
      expires:
      - '-1'
      pragma:
      - no-cache
      server:
      - Microsoft-HTTPAPI/2.0
      - Microsoft-HTTPAPI/2.0
      strict-transport-security:
      - max-age=31536000; includeSubDomains
      transfer-encoding:
      - chunked
      vary:
      - Accept-Encoding
      x-content-type-options:
      - nosniff
      x-ms-arm-service-request-id:
      - b3117970-4c0f-4734-8a58-7e65f6b5fa9c
    status:
      code: 200
      message: OK
- request:
    body: '{"id": "/subscriptions/00000000-0000-0000-0000-000000000000/resourceGroups/cli_test_network_route_filter000001/providers/Microsoft.Network/routeFilters/filter1/routeFilterRules/rule1",
      "name": "rule1", "properties": {"access": "Deny", "routeFilterRuleType": "Community",
      "communities": ["12076:5040", "12076:5030"]}}'
    headers:
      Accept:
      - application/json
      Accept-Encoding:
      - gzip, deflate
      CommandName:
      - network route-filter rule update
      Connection:
      - keep-alive
      Content-Length:
      - '356'
      Content-Type:
      - application/json
      ParameterSetName:
      - -g --filter-name -n --set
      User-Agent:
      - AZURECLI/2.20.0 azsdk-python-azure-mgmt-network/18.0.0 Python/3.7.3 (Windows-10-10.0.19041-SP0)
    method: PUT
    uri: https://management.azure.com/subscriptions/00000000-0000-0000-0000-000000000000/resourceGroups/cli_test_network_route_filter000001/providers/Microsoft.Network/routeFilters/filter1/routeFilterRules/rule1?api-version=2020-11-01
  response:
    body:
      string: "{\r\n  \"name\": \"rule1\",\r\n  \"id\": \"/subscriptions/00000000-0000-0000-0000-000000000000/resourceGroups/cli_test_network_route_filter000001/providers/Microsoft.Network/routeFilters/filter1/routeFilterRules/rule1\",\r\n
        \ \"etag\": \"W/\\\"0f9a278b-4a4b-4031-9673-1d5c17f5d515\\\"\",\r\n  \"properties\":
        {\r\n    \"provisioningState\": \"Updating\",\r\n    \"access\": \"Deny\",\r\n
        \   \"routeFilterRuleType\": \"Community\",\r\n    \"communities\": [\r\n
        \     \"12076:5040\",\r\n      \"12076:5030\"\r\n    ]\r\n  },\r\n  \"type\":
        \"Microsoft.Network/routeFilters/routeFilterRules\"\r\n}"
    headers:
      azure-asyncoperation:
      - https://management.azure.com/subscriptions/00000000-0000-0000-0000-000000000000/providers/Microsoft.Network/locations/westus/operations/85f43041-8f5c-4f56-9204-903b2a7ad40c?api-version=2020-11-01
      cache-control:
      - no-cache
      content-length:
      - '566'
      content-type:
      - application/json; charset=utf-8
      date:
      - Thu, 04 Mar 2021 05:45:52 GMT
      expires:
      - '-1'
      pragma:
      - no-cache
      server:
      - Microsoft-HTTPAPI/2.0
      - Microsoft-HTTPAPI/2.0
      strict-transport-security:
      - max-age=31536000; includeSubDomains
      transfer-encoding:
      - chunked
      vary:
      - Accept-Encoding
      x-content-type-options:
      - nosniff
      x-ms-arm-service-request-id:
      - 1041c87e-6cea-486f-b1d4-ea7245c7a12b
      x-ms-ratelimit-remaining-subscription-writes:
      - '1191'
    status:
      code: 200
      message: OK
- request:
    body: null
    headers:
      Accept:
      - '*/*'
      Accept-Encoding:
      - gzip, deflate
      CommandName:
      - network route-filter rule update
      Connection:
      - keep-alive
      ParameterSetName:
      - -g --filter-name -n --set
      User-Agent:
      - AZURECLI/2.20.0 azsdk-python-azure-mgmt-network/18.0.0 Python/3.7.3 (Windows-10-10.0.19041-SP0)
    method: GET
    uri: https://management.azure.com/subscriptions/00000000-0000-0000-0000-000000000000/providers/Microsoft.Network/locations/westus/operations/85f43041-8f5c-4f56-9204-903b2a7ad40c?api-version=2020-11-01
  response:
    body:
      string: "{\r\n  \"status\": \"Succeeded\"\r\n}"
    headers:
      cache-control:
      - no-cache
      content-length:
      - '29'
      content-type:
      - application/json; charset=utf-8
      date:
      - Thu, 04 Mar 2021 05:46:02 GMT
      expires:
      - '-1'
      pragma:
      - no-cache
      server:
      - Microsoft-HTTPAPI/2.0
      - Microsoft-HTTPAPI/2.0
      strict-transport-security:
      - max-age=31536000; includeSubDomains
      transfer-encoding:
      - chunked
      vary:
      - Accept-Encoding
      x-content-type-options:
      - nosniff
      x-ms-arm-service-request-id:
      - cc7ef324-d725-46e9-8c44-2265942f5d78
    status:
      code: 200
      message: OK
- request:
    body: null
    headers:
      Accept:
      - '*/*'
      Accept-Encoding:
      - gzip, deflate
      CommandName:
      - network route-filter rule update
      Connection:
      - keep-alive
      ParameterSetName:
      - -g --filter-name -n --set
      User-Agent:
      - AZURECLI/2.20.0 azsdk-python-azure-mgmt-network/18.0.0 Python/3.7.3 (Windows-10-10.0.19041-SP0)
    method: GET
    uri: https://management.azure.com/subscriptions/00000000-0000-0000-0000-000000000000/resourceGroups/cli_test_network_route_filter000001/providers/Microsoft.Network/routeFilters/filter1/routeFilterRules/rule1?api-version=2020-11-01
  response:
    body:
      string: "{\r\n  \"name\": \"rule1\",\r\n  \"id\": \"/subscriptions/00000000-0000-0000-0000-000000000000/resourceGroups/cli_test_network_route_filter000001/providers/Microsoft.Network/routeFilters/filter1/routeFilterRules/rule1\",\r\n
        \ \"etag\": \"W/\\\"dfbf6345-52ef-4359-a5a6-0d9a2306401a\\\"\",\r\n  \"properties\":
        {\r\n    \"provisioningState\": \"Succeeded\",\r\n    \"access\": \"Deny\",\r\n
        \   \"routeFilterRuleType\": \"Community\",\r\n    \"communities\": [\r\n
        \     \"12076:5040\",\r\n      \"12076:5030\"\r\n    ]\r\n  },\r\n  \"type\":
        \"Microsoft.Network/routeFilters/routeFilterRules\"\r\n}"
    headers:
      cache-control:
      - no-cache
      content-length:
      - '567'
      content-type:
      - application/json; charset=utf-8
      date:
      - Thu, 04 Mar 2021 05:46:03 GMT
      etag:
      - W/"dfbf6345-52ef-4359-a5a6-0d9a2306401a"
      expires:
      - '-1'
      pragma:
      - no-cache
      server:
      - Microsoft-HTTPAPI/2.0
      - Microsoft-HTTPAPI/2.0
      strict-transport-security:
      - max-age=31536000; includeSubDomains
      transfer-encoding:
      - chunked
      vary:
      - Accept-Encoding
      x-content-type-options:
      - nosniff
      x-ms-arm-service-request-id:
      - fa9d0425-605e-4f95-889b-6d1ab3cb3e89
    status:
      code: 200
      message: OK
- request:
    body: null
    headers:
      Accept:
      - application/json
      Accept-Encoding:
      - gzip, deflate
      CommandName:
      - network route-filter rule show
      Connection:
      - keep-alive
      ParameterSetName:
      - -g --filter-name -n
      User-Agent:
      - AZURECLI/2.20.0 azsdk-python-azure-mgmt-network/18.0.0 Python/3.7.3 (Windows-10-10.0.19041-SP0)
    method: GET
    uri: https://management.azure.com/subscriptions/00000000-0000-0000-0000-000000000000/resourceGroups/cli_test_network_route_filter000001/providers/Microsoft.Network/routeFilters/filter1/routeFilterRules/rule1?api-version=2020-11-01
  response:
    body:
      string: "{\r\n  \"name\": \"rule1\",\r\n  \"id\": \"/subscriptions/00000000-0000-0000-0000-000000000000/resourceGroups/cli_test_network_route_filter000001/providers/Microsoft.Network/routeFilters/filter1/routeFilterRules/rule1\",\r\n
        \ \"etag\": \"W/\\\"dfbf6345-52ef-4359-a5a6-0d9a2306401a\\\"\",\r\n  \"properties\":
        {\r\n    \"provisioningState\": \"Succeeded\",\r\n    \"access\": \"Deny\",\r\n
        \   \"routeFilterRuleType\": \"Community\",\r\n    \"communities\": [\r\n
        \     \"12076:5040\",\r\n      \"12076:5030\"\r\n    ]\r\n  },\r\n  \"type\":
        \"Microsoft.Network/routeFilters/routeFilterRules\"\r\n}"
    headers:
      cache-control:
      - no-cache
      content-length:
      - '567'
      content-type:
      - application/json; charset=utf-8
      date:
      - Thu, 04 Mar 2021 05:46:04 GMT
      etag:
      - W/"dfbf6345-52ef-4359-a5a6-0d9a2306401a"
      expires:
      - '-1'
      pragma:
      - no-cache
      server:
      - Microsoft-HTTPAPI/2.0
      - Microsoft-HTTPAPI/2.0
      strict-transport-security:
      - max-age=31536000; includeSubDomains
      transfer-encoding:
      - chunked
      vary:
      - Accept-Encoding
      x-content-type-options:
      - nosniff
      x-ms-arm-service-request-id:
      - 297793bf-b9ae-457e-9e1a-a456b945e0ed
    status:
      code: 200
      message: OK
- request:
    body: null
    headers:
      Accept:
      - application/json
      Accept-Encoding:
      - gzip, deflate
      CommandName:
      - network route-filter rule list
      Connection:
      - keep-alive
      ParameterSetName:
      - -g --filter-name
      User-Agent:
      - AZURECLI/2.20.0 azsdk-python-azure-mgmt-network/18.0.0 Python/3.7.3 (Windows-10-10.0.19041-SP0)
    method: GET
    uri: https://management.azure.com/subscriptions/00000000-0000-0000-0000-000000000000/resourceGroups/cli_test_network_route_filter000001/providers/Microsoft.Network/routeFilters/filter1/routeFilterRules?api-version=2020-11-01
  response:
    body:
      string: "{\r\n  \"value\": [\r\n    {\r\n      \"name\": \"rule1\",\r\n      \"id\":
        \"/subscriptions/00000000-0000-0000-0000-000000000000/resourceGroups/cli_test_network_route_filter000001/providers/Microsoft.Network/routeFilters/filter1/routeFilterRules/rule1\",\r\n
        \     \"etag\": \"W/\\\"dfbf6345-52ef-4359-a5a6-0d9a2306401a\\\"\",\r\n      \"properties\":
        {\r\n        \"provisioningState\": \"Succeeded\",\r\n        \"access\":
        \"Deny\",\r\n        \"routeFilterRuleType\": \"Community\",\r\n        \"communities\":
        [\r\n          \"12076:5040\",\r\n          \"12076:5030\"\r\n        ]\r\n
        \     },\r\n      \"type\": \"Microsoft.Network/routeFilters/routeFilterRules\"\r\n
        \   }\r\n  ]\r\n}"
    headers:
      cache-control:
      - no-cache
      content-length:
      - '652'
      content-type:
      - application/json; charset=utf-8
      date:
      - Thu, 04 Mar 2021 05:46:06 GMT
      expires:
      - '-1'
      pragma:
      - no-cache
      server:
      - Microsoft-HTTPAPI/2.0
      - Microsoft-HTTPAPI/2.0
      strict-transport-security:
      - max-age=31536000; includeSubDomains
      transfer-encoding:
      - chunked
      vary:
      - Accept-Encoding
      x-content-type-options:
      - nosniff
      x-ms-arm-service-request-id:
      - cad81799-246c-4cb4-8257-598c1c162459
    status:
      code: 200
      message: OK
- request:
    body: null
    headers:
      Accept:
      - application/json
      Accept-Encoding:
      - gzip, deflate
      CommandName:
      - network route-filter rule delete
      Connection:
      - keep-alive
      Content-Length:
      - '0'
      ParameterSetName:
      - -g --filter-name -n
      User-Agent:
      - AZURECLI/2.20.0 azsdk-python-azure-mgmt-network/18.0.0 Python/3.7.3 (Windows-10-10.0.19041-SP0)
    method: DELETE
    uri: https://management.azure.com/subscriptions/00000000-0000-0000-0000-000000000000/resourceGroups/cli_test_network_route_filter000001/providers/Microsoft.Network/routeFilters/filter1/routeFilterRules/rule1?api-version=2020-11-01
  response:
    body:
      string: ''
    headers:
      azure-asyncoperation:
      - https://management.azure.com/subscriptions/00000000-0000-0000-0000-000000000000/providers/Microsoft.Network/locations/westus/operations/c487ba40-8e4f-43a0-927c-6b30649451b9?api-version=2020-11-01
      cache-control:
      - no-cache
      content-length:
      - '0'
      date:
      - Thu, 04 Mar 2021 05:46:06 GMT
      expires:
      - '-1'
      location:
      - https://management.azure.com/subscriptions/00000000-0000-0000-0000-000000000000/providers/Microsoft.Network/locations/westus/operationResults/c487ba40-8e4f-43a0-927c-6b30649451b9?api-version=2020-11-01
      pragma:
      - no-cache
      server:
      - Microsoft-HTTPAPI/2.0
      - Microsoft-HTTPAPI/2.0
      strict-transport-security:
      - max-age=31536000; includeSubDomains
      x-content-type-options:
      - nosniff
      x-ms-arm-service-request-id:
      - 45a5aa28-1e5a-4260-906e-f9d6f919d509
      x-ms-ratelimit-remaining-subscription-deletes:
      - '14995'
    status:
      code: 202
      message: Accepted
- request:
    body: null
    headers:
      Accept:
      - '*/*'
      Accept-Encoding:
      - gzip, deflate
      CommandName:
      - network route-filter rule delete
      Connection:
      - keep-alive
      ParameterSetName:
      - -g --filter-name -n
      User-Agent:
      - AZURECLI/2.20.0 azsdk-python-azure-mgmt-network/18.0.0 Python/3.7.3 (Windows-10-10.0.19041-SP0)
    method: GET
    uri: https://management.azure.com/subscriptions/00000000-0000-0000-0000-000000000000/providers/Microsoft.Network/locations/westus/operations/c487ba40-8e4f-43a0-927c-6b30649451b9?api-version=2020-11-01
  response:
    body:
      string: "{\r\n  \"status\": \"Succeeded\"\r\n}"
    headers:
      cache-control:
      - no-cache
      content-length:
      - '29'
      content-type:
      - application/json; charset=utf-8
      date:
      - Thu, 04 Mar 2021 05:46:16 GMT
      expires:
      - '-1'
      pragma:
      - no-cache
      server:
      - Microsoft-HTTPAPI/2.0
      - Microsoft-HTTPAPI/2.0
      strict-transport-security:
      - max-age=31536000; includeSubDomains
      transfer-encoding:
      - chunked
      vary:
      - Accept-Encoding
      x-content-type-options:
      - nosniff
      x-ms-arm-service-request-id:
      - c615dc72-5fbb-46fb-a2de-94281bd5b4f5
    status:
      code: 200
      message: OK
- request:
    body: null
    headers:
      Accept:
      - application/json
      Accept-Encoding:
      - gzip, deflate
      CommandName:
      - network route-filter delete
      Connection:
      - keep-alive
      Content-Length:
      - '0'
      ParameterSetName:
      - -g -n
      User-Agent:
      - AZURECLI/2.20.0 azsdk-python-azure-mgmt-network/18.0.0 Python/3.7.3 (Windows-10-10.0.19041-SP0)
    method: DELETE
    uri: https://management.azure.com/subscriptions/00000000-0000-0000-0000-000000000000/resourceGroups/cli_test_network_route_filter000001/providers/Microsoft.Network/routeFilters/filter1?api-version=2020-11-01
  response:
    body:
      string: ''
    headers:
      azure-asyncnotification:
      - Enabled
      azure-asyncoperation:
      - https://management.azure.com/subscriptions/00000000-0000-0000-0000-000000000000/providers/Microsoft.Network/locations/westus/operations/8715da14-a66a-4f2c-a3c9-1ad52edc6f50?api-version=2020-11-01
      cache-control:
      - no-cache
      content-length:
      - '0'
      date:
      - Thu, 04 Mar 2021 05:46:19 GMT
      expires:
      - '-1'
      location:
      - https://management.azure.com/subscriptions/00000000-0000-0000-0000-000000000000/providers/Microsoft.Network/locations/westus/operationResults/8715da14-a66a-4f2c-a3c9-1ad52edc6f50?api-version=2020-11-01
      pragma:
      - no-cache
      server:
      - Microsoft-HTTPAPI/2.0
      - Microsoft-HTTPAPI/2.0
      strict-transport-security:
      - max-age=31536000; includeSubDomains
      x-content-type-options:
      - nosniff
      x-ms-arm-service-request-id:
      - dd5a8a17-36b0-4d71-a606-e4cc4160e397
      x-ms-ratelimit-remaining-subscription-deletes:
      - '14997'
    status:
      code: 202
      message: Accepted
- request:
    body: null
    headers:
      Accept:
      - '*/*'
      Accept-Encoding:
      - gzip, deflate
      CommandName:
      - network route-filter delete
      Connection:
      - keep-alive
      ParameterSetName:
      - -g -n
      User-Agent:
      - AZURECLI/2.20.0 azsdk-python-azure-mgmt-network/18.0.0 Python/3.7.3 (Windows-10-10.0.19041-SP0)
    method: GET
    uri: https://management.azure.com/subscriptions/00000000-0000-0000-0000-000000000000/providers/Microsoft.Network/locations/westus/operations/8715da14-a66a-4f2c-a3c9-1ad52edc6f50?api-version=2020-11-01
  response:
    body:
      string: "{\r\n  \"status\": \"Succeeded\"\r\n}"
    headers:
      cache-control:
      - no-cache
      content-length:
      - '29'
      content-type:
      - application/json; charset=utf-8
      date:
      - Thu, 04 Mar 2021 05:46:29 GMT
      expires:
      - '-1'
      pragma:
      - no-cache
      server:
      - Microsoft-HTTPAPI/2.0
      - Microsoft-HTTPAPI/2.0
      strict-transport-security:
      - max-age=31536000; includeSubDomains
      transfer-encoding:
      - chunked
      vary:
      - Accept-Encoding
      x-content-type-options:
      - nosniff
      x-ms-arm-service-request-id:
      - 46a8932b-2f6e-4954-8ee1-bf3aad33de98
    status:
      code: 200
      message: OK
version: 1
