interactions:
- request:
    body: '{"location": "CentralUSEuap", "tags": {}, "properties": {"addressSpace":
      {"addressPrefixes": ["10.0.0.0/16"]}, "dhcpOptions": {}, "subnets": [{"properties":
      {"addressPrefix": "10.0.0.0/24"}, "name": "cli-subnet-000004"}]}}'
    headers:
      Accept:
      - application/json
      Accept-Encoding:
      - gzip, deflate
      CommandName:
      - network vnet create
      Connection:
      - keep-alive
      Content-Length:
      - '229'
      Content-Type:
      - application/json; charset=utf-8
      ParameterSetName:
      - -n -g -l --subnet-name
      User-Agent:
      - python/3.7.4 (Linux-4.15.0-99-generic-x86_64-with-debian-buster-sid) msrest/0.6.16
        msrest_azure/0.6.3 azure-mgmt-network/10.2.0 Azure-SDK-For-Python AZURECLI/2.7.0
      accept-language:
      - en-US
    method: PUT
    uri: https://management.azure.com/subscriptions/00000000-0000-0000-0000-000000000000/resourceGroups/fanqiu_cli_test_network_private_endpoints000001/providers/Microsoft.Network/virtualNetworks/cli-vnet-000003?api-version=2020-05-01
  response:
    body:
      string: "{\r\n  \"name\": \"cli-vnet-000003\",\r\n  \"id\": \"/subscriptions/00000000-0000-0000-0000-000000000000/resourceGroups/fanqiu_cli_test_network_private_endpoints000001/providers/Microsoft.Network/virtualNetworks/cli-vnet-000003\"\
        ,\r\n  \"etag\": \"W/\\\"53b142c5-93e9-4b29-a0c8-d6a447a0b91f\\\"\",\r\n \
        \ \"type\": \"Microsoft.Network/virtualNetworks\",\r\n  \"location\": \"centraluseuap\"\
        ,\r\n  \"tags\": {},\r\n  \"properties\": {\r\n    \"provisioningState\":\
        \ \"Updating\",\r\n    \"resourceGuid\": \"0ca1ea38-d01e-401d-bba0-a64859ed92c3\"\
        ,\r\n    \"addressSpace\": {\r\n      \"addressPrefixes\": [\r\n        \"\
        10.0.0.0/16\"\r\n      ]\r\n    },\r\n    \"dhcpOptions\": {\r\n      \"dnsServers\"\
        : []\r\n    },\r\n    \"subnets\": [\r\n      {\r\n        \"name\": \"cli-subnet-000004\"\
        ,\r\n        \"id\": \"/subscriptions/00000000-0000-0000-0000-000000000000/resourceGroups/fanqiu_cli_test_network_private_endpoints000001/providers/Microsoft.Network/virtualNetworks/cli-vnet-000003/subnets/cli-subnet-000004\"\
        ,\r\n        \"etag\": \"W/\\\"53b142c5-93e9-4b29-a0c8-d6a447a0b91f\\\"\"\
        ,\r\n        \"properties\": {\r\n          \"provisioningState\": \"Updating\"\
        ,\r\n          \"addressPrefix\": \"10.0.0.0/24\",\r\n          \"delegations\"\
        : [],\r\n          \"privateEndpointNetworkPolicies\": \"Enabled\",\r\n  \
        \        \"privateLinkServiceNetworkPolicies\": \"Enabled\"\r\n        },\r\
        \n        \"type\": \"Microsoft.Network/virtualNetworks/subnets\"\r\n    \
        \  }\r\n    ],\r\n    \"virtualNetworkPeerings\": [],\r\n    \"enableDdosProtection\"\
        : false,\r\n    \"enableVmProtection\": false\r\n  }\r\n}"
    headers:
      azure-asyncnotification:
      - Enabled
      azure-asyncoperation:
      - https://management.azure.com/subscriptions/00000000-0000-0000-0000-000000000000/providers/Microsoft.Network/locations/centraluseuap/operations/1a2678eb-52c5-4e50-b7ff-7c568313e55d?api-version=2020-05-01
      cache-control:
      - no-cache
      content-length:
      - '1535'
      content-type:
      - application/json; charset=utf-8
      date:
      - Sun, 14 Jun 2020 12:42:53 GMT
      expires:
      - '-1'
      pragma:
      - no-cache
      server:
      - Microsoft-HTTPAPI/2.0
      - Microsoft-HTTPAPI/2.0
      strict-transport-security:
      - max-age=31536000; includeSubDomains
      x-content-type-options:
      - nosniff
      x-ms-arm-service-request-id:
      - 3797bb72-a41a-476d-85ae-a3889c18f864
      x-ms-ratelimit-remaining-subscription-writes:
      - '1198'
    status:
      code: 201
      message: Created
- request:
    body: null
    headers:
      Accept:
      - application/json
      Accept-Encoding:
      - gzip, deflate
      CommandName:
      - network vnet create
      Connection:
      - keep-alive
      ParameterSetName:
      - -n -g -l --subnet-name
      User-Agent:
      - python/3.7.4 (Linux-4.15.0-99-generic-x86_64-with-debian-buster-sid) msrest/0.6.16
        msrest_azure/0.6.3 azure-mgmt-network/10.2.0 Azure-SDK-For-Python AZURECLI/2.7.0
    method: GET
    uri: https://management.azure.com/subscriptions/00000000-0000-0000-0000-000000000000/providers/Microsoft.Network/locations/centraluseuap/operations/1a2678eb-52c5-4e50-b7ff-7c568313e55d?api-version=2020-05-01
  response:
    body:
      string: "{\r\n  \"status\": \"Succeeded\"\r\n}"
    headers:
      cache-control:
      - no-cache
      content-length:
      - '29'
      content-type:
      - application/json; charset=utf-8
      date:
      - Sun, 14 Jun 2020 12:43:00 GMT
      expires:
      - '-1'
      pragma:
      - no-cache
      server:
      - Microsoft-HTTPAPI/2.0
      - Microsoft-HTTPAPI/2.0
      strict-transport-security:
      - max-age=31536000; includeSubDomains
      transfer-encoding:
      - chunked
      vary:
      - Accept-Encoding
      x-content-type-options:
      - nosniff
      x-ms-arm-service-request-id:
      - 12c9a4ba-5349-4ab4-aaf4-914a55cb43d1
    status:
      code: 200
      message: OK
- request:
    body: null
    headers:
      Accept:
      - application/json
      Accept-Encoding:
      - gzip, deflate
      CommandName:
      - network vnet create
      Connection:
      - keep-alive
      ParameterSetName:
      - -n -g -l --subnet-name
      User-Agent:
      - python/3.7.4 (Linux-4.15.0-99-generic-x86_64-with-debian-buster-sid) msrest/0.6.16
        msrest_azure/0.6.3 azure-mgmt-network/10.2.0 Azure-SDK-For-Python AZURECLI/2.7.0
    method: GET
    uri: https://management.azure.com/subscriptions/00000000-0000-0000-0000-000000000000/resourceGroups/fanqiu_cli_test_network_private_endpoints000001/providers/Microsoft.Network/virtualNetworks/cli-vnet-000003?api-version=2020-05-01
  response:
    body:
      string: "{\r\n  \"name\": \"cli-vnet-000003\",\r\n  \"id\": \"/subscriptions/00000000-0000-0000-0000-000000000000/resourceGroups/fanqiu_cli_test_network_private_endpoints000001/providers/Microsoft.Network/virtualNetworks/cli-vnet-000003\"\
        ,\r\n  \"etag\": \"W/\\\"fc7d6ea7-485d-4d09-8c24-1e6093d37d65\\\"\",\r\n \
        \ \"type\": \"Microsoft.Network/virtualNetworks\",\r\n  \"location\": \"centraluseuap\"\
        ,\r\n  \"tags\": {},\r\n  \"properties\": {\r\n    \"provisioningState\":\
        \ \"Succeeded\",\r\n    \"resourceGuid\": \"0ca1ea38-d01e-401d-bba0-a64859ed92c3\"\
        ,\r\n    \"addressSpace\": {\r\n      \"addressPrefixes\": [\r\n        \"\
        10.0.0.0/16\"\r\n      ]\r\n    },\r\n    \"dhcpOptions\": {\r\n      \"dnsServers\"\
        : []\r\n    },\r\n    \"subnets\": [\r\n      {\r\n        \"name\": \"cli-subnet-000004\"\
        ,\r\n        \"id\": \"/subscriptions/00000000-0000-0000-0000-000000000000/resourceGroups/fanqiu_cli_test_network_private_endpoints000001/providers/Microsoft.Network/virtualNetworks/cli-vnet-000003/subnets/cli-subnet-000004\"\
        ,\r\n        \"etag\": \"W/\\\"fc7d6ea7-485d-4d09-8c24-1e6093d37d65\\\"\"\
        ,\r\n        \"properties\": {\r\n          \"provisioningState\": \"Succeeded\"\
        ,\r\n          \"addressPrefix\": \"10.0.0.0/24\",\r\n          \"delegations\"\
        : [],\r\n          \"privateEndpointNetworkPolicies\": \"Enabled\",\r\n  \
        \        \"privateLinkServiceNetworkPolicies\": \"Enabled\"\r\n        },\r\
        \n        \"type\": \"Microsoft.Network/virtualNetworks/subnets\"\r\n    \
        \  }\r\n    ],\r\n    \"virtualNetworkPeerings\": [],\r\n    \"enableDdosProtection\"\
        : false,\r\n    \"enableVmProtection\": false\r\n  }\r\n}"
    headers:
      cache-control:
      - no-cache
      content-length:
      - '1537'
      content-type:
      - application/json; charset=utf-8
      date:
      - Sun, 14 Jun 2020 12:43:00 GMT
      etag:
      - W/"fc7d6ea7-485d-4d09-8c24-1e6093d37d65"
      expires:
      - '-1'
      pragma:
      - no-cache
      server:
      - Microsoft-HTTPAPI/2.0
      - Microsoft-HTTPAPI/2.0
      strict-transport-security:
      - max-age=31536000; includeSubDomains
      transfer-encoding:
      - chunked
      vary:
      - Accept-Encoding
      x-content-type-options:
      - nosniff
      x-ms-arm-service-request-id:
      - 186be024-8768-439b-9d7e-0adba9b778c9
    status:
      code: 200
      message: OK
- request:
    body: null
    headers:
      Accept:
      - application/json
      Accept-Encoding:
      - gzip, deflate
      CommandName:
      - network vnet subnet update
      Connection:
      - keep-alive
      ParameterSetName:
      - -n --vnet-name -g --disable-private-endpoint-network-policies
      User-Agent:
      - python/3.7.4 (Linux-4.15.0-99-generic-x86_64-with-debian-buster-sid) msrest/0.6.16
        msrest_azure/0.6.3 azure-mgmt-network/10.2.0 Azure-SDK-For-Python AZURECLI/2.7.0
      accept-language:
      - en-US
    method: GET
    uri: https://management.azure.com/subscriptions/00000000-0000-0000-0000-000000000000/resourceGroups/fanqiu_cli_test_network_private_endpoints000001/providers/Microsoft.Network/virtualNetworks/cli-vnet-000003/subnets/cli-subnet-000004?api-version=2020-05-01
  response:
    body:
      string: "{\r\n  \"name\": \"cli-subnet-000004\",\r\n  \"id\": \"/subscriptions/00000000-0000-0000-0000-000000000000/resourceGroups/fanqiu_cli_test_network_private_endpoints000001/providers/Microsoft.Network/virtualNetworks/cli-vnet-000003/subnets/cli-subnet-000004\"\
        ,\r\n  \"etag\": \"W/\\\"fc7d6ea7-485d-4d09-8c24-1e6093d37d65\\\"\",\r\n \
        \ \"properties\": {\r\n    \"provisioningState\": \"Succeeded\",\r\n    \"\
        addressPrefix\": \"10.0.0.0/24\",\r\n    \"delegations\": [],\r\n    \"privateEndpointNetworkPolicies\"\
        : \"Enabled\",\r\n    \"privateLinkServiceNetworkPolicies\": \"Enabled\"\r\
        \n  },\r\n  \"type\": \"Microsoft.Network/virtualNetworks/subnets\"\r\n}"
    headers:
      cache-control:
      - no-cache
      content-length:
      - '639'
      content-type:
      - application/json; charset=utf-8
      date:
      - Sun, 14 Jun 2020 12:43:02 GMT
      etag:
      - W/"fc7d6ea7-485d-4d09-8c24-1e6093d37d65"
      expires:
      - '-1'
      pragma:
      - no-cache
      server:
      - Microsoft-HTTPAPI/2.0
      - Microsoft-HTTPAPI/2.0
      strict-transport-security:
      - max-age=31536000; includeSubDomains
      transfer-encoding:
      - chunked
      vary:
      - Accept-Encoding
      x-content-type-options:
      - nosniff
      x-ms-arm-service-request-id:
      - bf6e00b3-8951-4910-b1e5-a75b6f2f1408
    status:
      code: 200
      message: OK
- request:
    body: 'b''{"id": "/subscriptions/00000000-0000-0000-0000-000000000000/resourceGroups/fanqiu_cli_test_network_private_endpoints000001/providers/Microsoft.Network/virtualNetworks/cli-vnet-000003/subnets/cli-subnet-000004",
      "properties": {"addressPrefix": "10.0.0.0/24", "delegations": [], "privateEndpointNetworkPolicies":
      "Disabled", "privateLinkServiceNetworkPolicies": "Enabled"}, "name": "cli-subnet-000004"}'''
    headers:
      Accept:
      - application/json
      Accept-Encoding:
      - gzip, deflate
      CommandName:
      - network vnet subnet update
      Connection:
      - keep-alive
      Content-Length:
      - '451'
      Content-Type:
      - application/json; charset=utf-8
      ParameterSetName:
      - -n --vnet-name -g --disable-private-endpoint-network-policies
      User-Agent:
      - python/3.7.4 (Linux-4.15.0-99-generic-x86_64-with-debian-buster-sid) msrest/0.6.16
        msrest_azure/0.6.3 azure-mgmt-network/10.2.0 Azure-SDK-For-Python AZURECLI/2.7.0
      accept-language:
      - en-US
    method: PUT
    uri: https://management.azure.com/subscriptions/00000000-0000-0000-0000-000000000000/resourceGroups/fanqiu_cli_test_network_private_endpoints000001/providers/Microsoft.Network/virtualNetworks/cli-vnet-000003/subnets/cli-subnet-000004?api-version=2020-05-01
  response:
    body:
      string: "{\r\n  \"name\": \"cli-subnet-000004\",\r\n  \"id\": \"/subscriptions/00000000-0000-0000-0000-000000000000/resourceGroups/fanqiu_cli_test_network_private_endpoints000001/providers/Microsoft.Network/virtualNetworks/cli-vnet-000003/subnets/cli-subnet-000004\"\
        ,\r\n  \"etag\": \"W/\\\"ee9f6c12-86e3-4c5b-a059-fdeb44024532\\\"\",\r\n \
        \ \"properties\": {\r\n    \"provisioningState\": \"Updating\",\r\n    \"\
        addressPrefix\": \"10.0.0.0/24\",\r\n    \"delegations\": [],\r\n    \"privateEndpointNetworkPolicies\"\
        : \"Disabled\",\r\n    \"privateLinkServiceNetworkPolicies\": \"Enabled\"\r\
        \n  },\r\n  \"type\": \"Microsoft.Network/virtualNetworks/subnets\"\r\n}"
    headers:
      azure-asyncoperation:
      - https://management.azure.com/subscriptions/00000000-0000-0000-0000-000000000000/providers/Microsoft.Network/locations/centraluseuap/operations/d3abeefc-15be-4f72-b3c8-b307cf8efa6f?api-version=2020-05-01
      cache-control:
      - no-cache
      content-length:
      - '639'
      content-type:
      - application/json; charset=utf-8
      date:
      - Sun, 14 Jun 2020 12:43:04 GMT
      expires:
      - '-1'
      pragma:
      - no-cache
      server:
      - Microsoft-HTTPAPI/2.0
      - Microsoft-HTTPAPI/2.0
      strict-transport-security:
      - max-age=31536000; includeSubDomains
      transfer-encoding:
      - chunked
      vary:
      - Accept-Encoding
      x-content-type-options:
      - nosniff
      x-ms-arm-service-request-id:
      - 96f0eec2-7c67-4ce7-a2ea-5663be29995f
      x-ms-ratelimit-remaining-subscription-writes:
      - '1196'
    status:
      code: 200
      message: OK
- request:
    body: null
    headers:
      Accept:
      - application/json
      Accept-Encoding:
      - gzip, deflate
      CommandName:
      - network vnet subnet update
      Connection:
      - keep-alive
      ParameterSetName:
      - -n --vnet-name -g --disable-private-endpoint-network-policies
      User-Agent:
      - python/3.7.4 (Linux-4.15.0-99-generic-x86_64-with-debian-buster-sid) msrest/0.6.16
        msrest_azure/0.6.3 azure-mgmt-network/10.2.0 Azure-SDK-For-Python AZURECLI/2.7.0
    method: GET
    uri: https://management.azure.com/subscriptions/00000000-0000-0000-0000-000000000000/providers/Microsoft.Network/locations/centraluseuap/operations/d3abeefc-15be-4f72-b3c8-b307cf8efa6f?api-version=2020-05-01
  response:
    body:
      string: "{\r\n  \"status\": \"Succeeded\"\r\n}"
    headers:
      cache-control:
      - no-cache
      content-length:
      - '29'
      content-type:
      - application/json; charset=utf-8
      date:
      - Sun, 14 Jun 2020 12:43:08 GMT
      expires:
      - '-1'
      pragma:
      - no-cache
      server:
      - Microsoft-HTTPAPI/2.0
      - Microsoft-HTTPAPI/2.0
      strict-transport-security:
      - max-age=31536000; includeSubDomains
      transfer-encoding:
      - chunked
      vary:
      - Accept-Encoding
      x-content-type-options:
      - nosniff
      x-ms-arm-service-request-id:
      - 58425a4d-5f35-4151-a247-309a8326e0a9
    status:
      code: 200
      message: OK
- request:
    body: null
    headers:
      Accept:
      - application/json
      Accept-Encoding:
      - gzip, deflate
      CommandName:
      - network vnet subnet update
      Connection:
      - keep-alive
      ParameterSetName:
      - -n --vnet-name -g --disable-private-endpoint-network-policies
      User-Agent:
      - python/3.7.4 (Linux-4.15.0-99-generic-x86_64-with-debian-buster-sid) msrest/0.6.16
        msrest_azure/0.6.3 azure-mgmt-network/10.2.0 Azure-SDK-For-Python AZURECLI/2.7.0
    method: GET
    uri: https://management.azure.com/subscriptions/00000000-0000-0000-0000-000000000000/resourceGroups/fanqiu_cli_test_network_private_endpoints000001/providers/Microsoft.Network/virtualNetworks/cli-vnet-000003/subnets/cli-subnet-000004?api-version=2020-05-01
  response:
    body:
      string: "{\r\n  \"name\": \"cli-subnet-000004\",\r\n  \"id\": \"/subscriptions/00000000-0000-0000-0000-000000000000/resourceGroups/fanqiu_cli_test_network_private_endpoints000001/providers/Microsoft.Network/virtualNetworks/cli-vnet-000003/subnets/cli-subnet-000004\"\
        ,\r\n  \"etag\": \"W/\\\"52a570db-a55f-4cec-b0dc-616a3bc34399\\\"\",\r\n \
        \ \"properties\": {\r\n    \"provisioningState\": \"Succeeded\",\r\n    \"\
        addressPrefix\": \"10.0.0.0/24\",\r\n    \"delegations\": [],\r\n    \"privateEndpointNetworkPolicies\"\
        : \"Disabled\",\r\n    \"privateLinkServiceNetworkPolicies\": \"Enabled\"\r\
        \n  },\r\n  \"type\": \"Microsoft.Network/virtualNetworks/subnets\"\r\n}"
    headers:
      cache-control:
      - no-cache
      content-length:
      - '640'
      content-type:
      - application/json; charset=utf-8
      date:
      - Sun, 14 Jun 2020 12:43:08 GMT
      etag:
      - W/"52a570db-a55f-4cec-b0dc-616a3bc34399"
      expires:
      - '-1'
      pragma:
      - no-cache
      server:
      - Microsoft-HTTPAPI/2.0
      - Microsoft-HTTPAPI/2.0
      strict-transport-security:
      - max-age=31536000; includeSubDomains
      transfer-encoding:
      - chunked
      vary:
      - Accept-Encoding
      x-content-type-options:
      - nosniff
      x-ms-arm-service-request-id:
      - 6dfdbaf9-1293-4187-85aa-e2ae0d7e0516
    status:
      code: 200
      message: OK
- request:
    body: null
    headers:
      Accept:
      - application/json
      Accept-Encoding:
      - gzip, deflate
      CommandName:
      - storage account private-link-resource list
      Connection:
      - keep-alive
      ParameterSetName:
      - --account-name -g
      User-Agent:
      - python/3.7.4 (Linux-4.15.0-99-generic-x86_64-with-debian-buster-sid) msrest/0.6.16
        msrest_azure/0.6.3 azure-mgmt-storage/9.0.0 Azure-SDK-For-Python AZURECLI/2.7.0
      accept-language:
      - en-US
    method: GET
    uri: https://management.azure.com/subscriptions/00000000-0000-0000-0000-000000000000/resourceGroups/fanqiu_cli_test_network_private_endpoints000001/providers/Microsoft.Storage/storageAccounts/saplr000002/privateLinkResources?api-version=2019-06-01
  response:
    body:
      string: '{"value":[{"id":"/subscriptions/00000000-0000-0000-0000-000000000000/resourceGroups/fanqiu_cli_test_network_private_endpoints000001/providers/Microsoft.Storage/storageAccounts/saplr000002/privateLinkResources/blob","name":"blob","type":"Microsoft.Storage/storageAccounts/privateLinkResources","properties":{"groupId":"blob","requiredMembers":["blob"],"requiredZoneNames":["privatelink.blob.core.windows.net"]}},{"id":"/subscriptions/00000000-0000-0000-0000-000000000000/resourceGroups/fanqiu_cli_test_network_private_endpoints000001/providers/Microsoft.Storage/storageAccounts/saplr000002/privateLinkResources/table","name":"table","type":"Microsoft.Storage/storageAccounts/privateLinkResources","properties":{"groupId":"table","requiredMembers":["table"],"requiredZoneNames":["privatelink.table.core.windows.net"]}},{"id":"/subscriptions/00000000-0000-0000-0000-000000000000/resourceGroups/fanqiu_cli_test_network_private_endpoints000001/providers/Microsoft.Storage/storageAccounts/saplr000002/privateLinkResources/queue","name":"queue","type":"Microsoft.Storage/storageAccounts/privateLinkResources","properties":{"groupId":"queue","requiredMembers":["queue"],"requiredZoneNames":["privatelink.queue.core.windows.net"]}},{"id":"/subscriptions/00000000-0000-0000-0000-000000000000/resourceGroups/fanqiu_cli_test_network_private_endpoints000001/providers/Microsoft.Storage/storageAccounts/saplr000002/privateLinkResources/file","name":"file","type":"Microsoft.Storage/storageAccounts/privateLinkResources","properties":{"groupId":"file","requiredMembers":["file"],"requiredZoneNames":["privatelink.file.core.windows.net"]}},{"id":"/subscriptions/00000000-0000-0000-0000-000000000000/resourceGroups/fanqiu_cli_test_network_private_endpoints000001/providers/Microsoft.Storage/storageAccounts/saplr000002/privateLinkResources/web","name":"web","type":"Microsoft.Storage/storageAccounts/privateLinkResources","properties":{"groupId":"web","requiredMembers":["web"],"requiredZoneNames":["privatelink.web.core.windows.net"]}},{"id":"/subscriptions/00000000-0000-0000-0000-000000000000/resourceGroups/fanqiu_cli_test_network_private_endpoints000001/providers/Microsoft.Storage/storageAccounts/saplr000002/privateLinkResources/dfs","name":"dfs","type":"Microsoft.Storage/storageAccounts/privateLinkResources","properties":{"groupId":"dfs","requiredMembers":["dfs"],"requiredZoneNames":["privatelink.dfs.core.windows.net"]}}]}'
    headers:
      cache-control:
      - no-cache
      content-length:
      - '2663'
      content-type:
      - application/json
      date:
      - Sun, 14 Jun 2020 12:43:11 GMT
      expires:
      - '-1'
      pragma:
      - no-cache
      server:
      - Microsoft-Azure-Storage-Resource-Provider/1.0,Microsoft-HTTPAPI/2.0 Microsoft-HTTPAPI/2.0
      strict-transport-security:
      - max-age=31536000; includeSubDomains
      transfer-encoding:
      - chunked
      vary:
      - Accept-Encoding
      x-content-type-options:
      - nosniff
    status:
      code: 200
      message: OK
- request:
    body: null
    headers:
      Accept:
      - application/json
      Accept-Encoding:
      - gzip, deflate
      CommandName:
      - storage account show
      Connection:
      - keep-alive
      ParameterSetName:
      - -n -g
      User-Agent:
      - python/3.7.4 (Linux-4.15.0-99-generic-x86_64-with-debian-buster-sid) msrest/0.6.16
        msrest_azure/0.6.3 azure-mgmt-storage/9.0.0 Azure-SDK-For-Python AZURECLI/2.7.0
      accept-language:
      - en-US
    method: GET
    uri: https://management.azure.com/subscriptions/00000000-0000-0000-0000-000000000000/resourceGroups/fanqiu_cli_test_network_private_endpoints000001/providers/Microsoft.Storage/storageAccounts/saplr000002?api-version=2019-06-01
  response:
    body:
      string: '{"sku":{"name":"Standard_LRS","tier":"Standard"},"kind":"StorageV2","id":"/subscriptions/00000000-0000-0000-0000-000000000000/resourceGroups/fanqiu_cli_test_network_private_endpoints000001/providers/Microsoft.Storage/storageAccounts/saplr000002","name":"saplr000002","type":"Microsoft.Storage/storageAccounts","location":"westus","tags":{},"properties":{"privateEndpointConnections":[],"isHnsEnabled":false,"networkAcls":{"bypass":"AzureServices","virtualNetworkRules":[],"ipRules":[],"defaultAction":"Allow"},"supportsHttpsTrafficOnly":true,"encryption":{"services":{"file":{"keyType":"Account","enabled":true,"lastEnabledTime":"2020-06-14T12:42:20.4076860Z"},"blob":{"keyType":"Account","enabled":true,"lastEnabledTime":"2020-06-14T12:42:20.4076860Z"}},"keySource":"Microsoft.Storage"},"accessTier":"Hot","provisioningState":"Succeeded","creationTime":"2020-06-14T12:42:20.3295565Z","primaryEndpoints":{"dfs":"https://saplr000002.dfs.core.windows.net/","web":"https://saplr000002.z22.web.core.windows.net/","blob":"https://saplr000002.blob.core.windows.net/","queue":"https://saplr000002.queue.core.windows.net/","table":"https://saplr000002.table.core.windows.net/","file":"https://saplr000002.file.core.windows.net/"},"primaryLocation":"westus","statusOfPrimary":"available"}}'
    headers:
      cache-control:
      - no-cache
      content-length:
      - '1412'
      content-type:
      - application/json
      date:
      - Sun, 14 Jun 2020 12:43:15 GMT
      expires:
      - '-1'
      pragma:
      - no-cache
      server:
      - Microsoft-Azure-Storage-Resource-Provider/1.0,Microsoft-HTTPAPI/2.0 Microsoft-HTTPAPI/2.0
      strict-transport-security:
      - max-age=31536000; includeSubDomains
      transfer-encoding:
      - chunked
      vary:
      - Accept-Encoding
      x-content-type-options:
      - nosniff
    status:
      code: 200
      message: OK
- request:
    body: 'b''b\''{"location": "CentralUSEuap", "properties": {"subnet": {"id": "/subscriptions/00000000-0000-0000-0000-000000000000/resourceGroups/fanqiu_cli_test_network_private_endpoints000001/providers/Microsoft.Network/virtualNetworks/cli-vnet-000003/subnets/cli-subnet-000004"},
      "privateLinkServiceConnections": [{"properties": {"privateLinkServiceId": "/subscriptions/00000000-0000-0000-0000-000000000000/resourceGroups/fanqiu_cli_test_network_private_endpoints000001/providers/Microsoft.Storage/storageAccounts/saplr000002",
      "groupIds": ["blob"]}, "name": "cli-pec-000006"}]}}\'''''
    headers:
      Accept:
      - application/json
      Accept-Encoding:
      - gzip, deflate
      CommandName:
      - network private-endpoint create
      Connection:
      - keep-alive
      Content-Length:
      - '661'
      Content-Type:
      - application/json; charset=utf-8
      ParameterSetName:
      - -g -n --vnet-name --subnet -l --connection-name --private-connection-resource-id
        --group-ids
      User-Agent:
      - python/3.7.4 (Linux-4.15.0-99-generic-x86_64-with-debian-buster-sid) msrest/0.6.16
        msrest_azure/0.6.3 azure-mgmt-network/10.2.0 Azure-SDK-For-Python AZURECLI/2.7.0
      accept-language:
      - en-US
    method: PUT
    uri: https://management.azure.com/subscriptions/00000000-0000-0000-0000-000000000000/resourceGroups/fanqiu_cli_test_network_private_endpoints000001/providers/Microsoft.Network/privateEndpoints/cli-pe-000005?api-version=2020-05-01
  response:
    body:
      string: "{\r\n  \"name\": \"cli-pe-000005\",\r\n  \"id\": \"/subscriptions/00000000-0000-0000-0000-000000000000/resourceGroups/fanqiu_cli_test_network_private_endpoints000001/providers/Microsoft.Network/privateEndpoints/cli-pe-000005\"\
        ,\r\n  \"etag\": \"W/\\\"4f9298fa-7da8-42be-a878-a2105e1e2b45\\\"\",\r\n \
        \ \"type\": \"Microsoft.Network/privateEndpoints\",\r\n  \"location\": \"\
        centraluseuap\",\r\n  \"properties\": {\r\n    \"provisioningState\": \"Updating\"\
        ,\r\n    \"resourceGuid\": \"4cd63b0e-22d2-47bd-b40a-57378b92d0b2\",\r\n \
        \   \"privateLinkServiceConnections\": [\r\n      {\r\n        \"name\": \"\
        cli-pec-000006\",\r\n        \"id\": \"/subscriptions/00000000-0000-0000-0000-000000000000/resourceGroups/fanqiu_cli_test_network_private_endpoints000001/providers/Microsoft.Network/privateEndpoints/cli-pe-000005/privateLinkServiceConnections/cli-pec-000006\"\
        ,\r\n        \"etag\": \"W/\\\"4f9298fa-7da8-42be-a878-a2105e1e2b45\\\"\"\
        ,\r\n        \"properties\": {\r\n          \"provisioningState\": \"Succeeded\"\
        ,\r\n          \"privateLinkServiceId\": \"/subscriptions/00000000-0000-0000-0000-000000000000/resourceGroups/fanqiu_cli_test_network_private_endpoints000001/providers/Microsoft.Storage/storageAccounts/saplr000002\"\
        ,\r\n          \"groupIds\": [\r\n            \"blob\"\r\n          ],\r\n\
        \          \"privateLinkServiceConnectionState\": {\r\n            \"status\"\
        : \"Approved\",\r\n            \"description\": \"\",\r\n            \"actionsRequired\"\
        : \"None\"\r\n          }\r\n        },\r\n        \"type\": \"Microsoft.Network/privateEndpoints/privateLinkServiceConnections\"\
        \r\n      }\r\n    ],\r\n    \"manualPrivateLinkServiceConnections\": [],\r\
        \n    \"subnet\": {\r\n      \"id\": \"/subscriptions/00000000-0000-0000-0000-000000000000/resourceGroups/fanqiu_cli_test_network_private_endpoints000001/providers/Microsoft.Network/virtualNetworks/cli-vnet-000003/subnets/cli-subnet-000004\"\
        \r\n    },\r\n    \"networkInterfaces\": [\r\n      {\r\n        \"id\": \"\
        /subscriptions/00000000-0000-0000-0000-000000000000/resourceGroups/fanqiu_cli_test_network_private_endpoints000001/providers/Microsoft.Network/networkInterfaces/cli-pe-000005.nic.26869073-1746-410c-b36d-d697be7ffee6\"\
        \r\n      }\r\n    ],\r\n    \"customDnsConfigs\": []\r\n  }\r\n}"
    headers:
      azure-asyncnotification:
      - Enabled
      azure-asyncoperation:
      - https://management.azure.com/subscriptions/00000000-0000-0000-0000-000000000000/providers/Microsoft.Network/locations/centraluseuap/operations/66c4141e-d09f-4d75-8e4f-3f475c26faf6?api-version=2020-05-01
      cache-control:
      - no-cache
      content-length:
      - '2320'
      content-type:
      - application/json; charset=utf-8
      date:
      - Sun, 14 Jun 2020 12:43:26 GMT
      expires:
      - '-1'
      pragma:
      - no-cache
      server:
      - Microsoft-HTTPAPI/2.0
      - Microsoft-HTTPAPI/2.0
      strict-transport-security:
      - max-age=31536000; includeSubDomains
      x-content-type-options:
      - nosniff
      x-ms-arm-service-request-id:
      - c9ff1fd7-4e90-469e-9b44-f3f187f3e513
      x-ms-ratelimit-remaining-subscription-writes:
      - '1199'
    status:
      code: 201
      message: Created
- request:
    body: null
    headers:
      Accept:
      - application/json
      Accept-Encoding:
      - gzip, deflate
      CommandName:
      - network private-endpoint create
      Connection:
      - keep-alive
      ParameterSetName:
      - -g -n --vnet-name --subnet -l --connection-name --private-connection-resource-id
        --group-ids
      User-Agent:
      - python/3.7.4 (Linux-4.15.0-99-generic-x86_64-with-debian-buster-sid) msrest/0.6.16
        msrest_azure/0.6.3 azure-mgmt-network/10.2.0 Azure-SDK-For-Python AZURECLI/2.7.0
    method: GET
    uri: https://management.azure.com/subscriptions/00000000-0000-0000-0000-000000000000/providers/Microsoft.Network/locations/centraluseuap/operations/66c4141e-d09f-4d75-8e4f-3f475c26faf6?api-version=2020-05-01
  response:
    body:
      string: "{\r\n  \"status\": \"Succeeded\"\r\n}"
    headers:
      cache-control:
      - no-cache
      content-length:
      - '29'
      content-type:
      - application/json; charset=utf-8
      date:
      - Sun, 14 Jun 2020 12:43:38 GMT
      expires:
      - '-1'
      pragma:
      - no-cache
      server:
      - Microsoft-HTTPAPI/2.0
      - Microsoft-HTTPAPI/2.0
      strict-transport-security:
      - max-age=31536000; includeSubDomains
      transfer-encoding:
      - chunked
      vary:
      - Accept-Encoding
      x-content-type-options:
      - nosniff
      x-ms-arm-service-request-id:
      - 8f47eb98-e60f-4b2c-87ba-1fe01b35e112
    status:
      code: 200
      message: OK
- request:
    body: null
    headers:
      Accept:
      - application/json
      Accept-Encoding:
      - gzip, deflate
      CommandName:
      - network private-endpoint create
      Connection:
      - keep-alive
      ParameterSetName:
      - -g -n --vnet-name --subnet -l --connection-name --private-connection-resource-id
        --group-ids
      User-Agent:
      - python/3.7.4 (Linux-4.15.0-99-generic-x86_64-with-debian-buster-sid) msrest/0.6.16
        msrest_azure/0.6.3 azure-mgmt-network/10.2.0 Azure-SDK-For-Python AZURECLI/2.7.0
    method: GET
    uri: https://management.azure.com/subscriptions/00000000-0000-0000-0000-000000000000/resourceGroups/fanqiu_cli_test_network_private_endpoints000001/providers/Microsoft.Network/privateEndpoints/cli-pe-000005?api-version=2020-05-01
  response:
    body:
      string: "{\r\n  \"name\": \"cli-pe-000005\",\r\n  \"id\": \"/subscriptions/00000000-0000-0000-0000-000000000000/resourceGroups/fanqiu_cli_test_network_private_endpoints000001/providers/Microsoft.Network/privateEndpoints/cli-pe-000005\"\
        ,\r\n  \"etag\": \"W/\\\"c99f5fd8-da9c-4573-9bc9-03dc34cb46c0\\\"\",\r\n \
        \ \"type\": \"Microsoft.Network/privateEndpoints\",\r\n  \"location\": \"\
        centraluseuap\",\r\n  \"properties\": {\r\n    \"provisioningState\": \"Succeeded\"\
        ,\r\n    \"resourceGuid\": \"4cd63b0e-22d2-47bd-b40a-57378b92d0b2\",\r\n \
        \   \"privateLinkServiceConnections\": [\r\n      {\r\n        \"name\": \"\
        cli-pec-000006\",\r\n        \"id\": \"/subscriptions/00000000-0000-0000-0000-000000000000/resourceGroups/fanqiu_cli_test_network_private_endpoints000001/providers/Microsoft.Network/privateEndpoints/cli-pe-000005/privateLinkServiceConnections/cli-pec-000006\"\
        ,\r\n        \"etag\": \"W/\\\"c99f5fd8-da9c-4573-9bc9-03dc34cb46c0\\\"\"\
        ,\r\n        \"properties\": {\r\n          \"provisioningState\": \"Succeeded\"\
        ,\r\n          \"privateLinkServiceId\": \"/subscriptions/00000000-0000-0000-0000-000000000000/resourceGroups/fanqiu_cli_test_network_private_endpoints000001/providers/Microsoft.Storage/storageAccounts/saplr000002\"\
        ,\r\n          \"groupIds\": [\r\n            \"blob\"\r\n          ],\r\n\
        \          \"privateLinkServiceConnectionState\": {\r\n            \"status\"\
        : \"Approved\",\r\n            \"description\": \"Auto-Approved\",\r\n   \
        \         \"actionsRequired\": \"None\"\r\n          }\r\n        },\r\n \
        \       \"type\": \"Microsoft.Network/privateEndpoints/privateLinkServiceConnections\"\
        \r\n      }\r\n    ],\r\n    \"manualPrivateLinkServiceConnections\": [],\r\
        \n    \"subnet\": {\r\n      \"id\": \"/subscriptions/00000000-0000-0000-0000-000000000000/resourceGroups/fanqiu_cli_test_network_private_endpoints000001/providers/Microsoft.Network/virtualNetworks/cli-vnet-000003/subnets/cli-subnet-000004\"\
        \r\n    },\r\n    \"networkInterfaces\": [\r\n      {\r\n        \"id\": \"\
        /subscriptions/00000000-0000-0000-0000-000000000000/resourceGroups/fanqiu_cli_test_network_private_endpoints000001/providers/Microsoft.Network/networkInterfaces/cli-pe-000005.nic.26869073-1746-410c-b36d-d697be7ffee6\"\
        \r\n      }\r\n    ],\r\n    \"customDnsConfigs\": [\r\n      {\r\n      \
        \  \"fqdn\": \"saplr000002.blob.core.windows.net\",\r\n        \"ipAddresses\"\
        : [\r\n          \"10.0.0.4\"\r\n        ]\r\n      }\r\n    ]\r\n  }\r\n}"
    headers:
      cache-control:
      - no-cache
      content-length:
      - '2484'
      content-type:
      - application/json; charset=utf-8
      date:
      - Sun, 14 Jun 2020 12:43:39 GMT
      etag:
      - W/"c99f5fd8-da9c-4573-9bc9-03dc34cb46c0"
      expires:
      - '-1'
      pragma:
      - no-cache
      server:
      - Microsoft-HTTPAPI/2.0
      - Microsoft-HTTPAPI/2.0
      strict-transport-security:
      - max-age=31536000; includeSubDomains
      transfer-encoding:
      - chunked
      vary:
      - Accept-Encoding
      x-content-type-options:
      - nosniff
      x-ms-arm-service-request-id:
      - 5b3febfe-b321-47a4-86be-274bb94ff923
    status:
      code: 200
      message: OK
- request:
    body: null
    headers:
      Accept:
      - application/json
      Accept-Encoding:
      - gzip, deflate
      CommandName:
      - storage account show
      Connection:
      - keep-alive
      ParameterSetName:
      - -n -g
      User-Agent:
      - python/3.7.4 (Linux-4.15.0-99-generic-x86_64-with-debian-buster-sid) msrest/0.6.16
        msrest_azure/0.6.3 azure-mgmt-storage/9.0.0 Azure-SDK-For-Python AZURECLI/2.7.0
      accept-language:
      - en-US
    method: GET
    uri: https://management.azure.com/subscriptions/00000000-0000-0000-0000-000000000000/resourceGroups/fanqiu_cli_test_network_private_endpoints000001/providers/Microsoft.Storage/storageAccounts/saplr000002?api-version=2019-06-01
  response:
    body:
      string: '{"sku":{"name":"Standard_LRS","tier":"Standard"},"kind":"StorageV2","id":"/subscriptions/00000000-0000-0000-0000-000000000000/resourceGroups/fanqiu_cli_test_network_private_endpoints000001/providers/Microsoft.Storage/storageAccounts/saplr000002","name":"saplr000002","type":"Microsoft.Storage/storageAccounts","location":"westus","tags":{},"properties":{"privateEndpointConnections":[{"id":"/subscriptions/00000000-0000-0000-0000-000000000000/resourceGroups/fanqiu_cli_test_network_private_endpoints000001/providers/Microsoft.Storage/storageAccounts/saplr000002/privateEndpointConnections/saplr000002.807b03a7-4b0d-451c-83b7-f82d57821b84","name":"saplr000002.807b03a7-4b0d-451c-83b7-f82d57821b84","type":"Microsoft.Storage/storageAccounts/privateEndpointConnections","properties":{"provisioningState":"Succeeded","privateEndpoint":{"id":"/subscriptions/00000000-0000-0000-0000-000000000000/resourceGroups/fanqiu_cli_test_network_private_endpoints000001/providers/Microsoft.Network/privateEndpoints/cli-pe-000005"},"privateLinkServiceConnectionState":{"status":"Approved","description":"Auto-Approved","actionRequired":"None"}}}],"isHnsEnabled":false,"networkAcls":{"bypass":"AzureServices","virtualNetworkRules":[],"ipRules":[],"defaultAction":"Allow"},"supportsHttpsTrafficOnly":true,"encryption":{"services":{"file":{"keyType":"Account","enabled":true,"lastEnabledTime":"2020-06-14T12:42:20.4076860Z"},"blob":{"keyType":"Account","enabled":true,"lastEnabledTime":"2020-06-14T12:42:20.4076860Z"}},"keySource":"Microsoft.Storage"},"accessTier":"Hot","provisioningState":"Succeeded","creationTime":"2020-06-14T12:42:20.3295565Z","primaryEndpoints":{"dfs":"https://saplr000002.dfs.core.windows.net/","web":"https://saplr000002.z22.web.core.windows.net/","blob":"https://saplr000002.blob.core.windows.net/","queue":"https://saplr000002.queue.core.windows.net/","table":"https://saplr000002.table.core.windows.net/","file":"https://saplr000002.file.core.windows.net/"},"primaryLocation":"westus","statusOfPrimary":"available"}}'
    headers:
      cache-control:
      - no-cache
      content-length:
      - '2261'
      content-type:
      - application/json
      date:
      - Sun, 14 Jun 2020 12:43:41 GMT
      expires:
      - '-1'
      pragma:
      - no-cache
      server:
      - Microsoft-Azure-Storage-Resource-Provider/1.0,Microsoft-HTTPAPI/2.0 Microsoft-HTTPAPI/2.0
      strict-transport-security:
      - max-age=31536000; includeSubDomains
      transfer-encoding:
      - chunked
      vary:
      - Accept-Encoding
      x-content-type-options:
      - nosniff
    status:
      code: 200
      message: OK
- request:
    body: null
    headers:
      Accept:
      - application/json
      Accept-Encoding:
      - gzip, deflate
      CommandName:
      - storage account private-endpoint-connection show
      Connection:
      - keep-alive
      ParameterSetName:
      - --account-name -g --name
      User-Agent:
      - python/3.7.4 (Linux-4.15.0-99-generic-x86_64-with-debian-buster-sid) msrest/0.6.16
        msrest_azure/0.6.3 azure-mgmt-storage/9.0.0 Azure-SDK-For-Python AZURECLI/2.7.0
      accept-language:
      - en-US
    method: GET
    uri: https://management.azure.com/subscriptions/00000000-0000-0000-0000-000000000000/resourceGroups/fanqiu_cli_test_network_private_endpoints000001/providers/Microsoft.Storage/storageAccounts/saplr000002/privateEndpointConnections/saplr000002.807b03a7-4b0d-451c-83b7-f82d57821b84?api-version=2019-06-01
  response:
    body:
      string: '{"id":"/subscriptions/00000000-0000-0000-0000-000000000000/resourceGroups/fanqiu_cli_test_network_private_endpoints000001/providers/Microsoft.Storage/storageAccounts/saplr000002/privateEndpointConnections/saplr000002.807b03a7-4b0d-451c-83b7-f82d57821b84","name":"saplr000002.807b03a7-4b0d-451c-83b7-f82d57821b84","type":"Microsoft.Storage/storageAccounts/privateEndpointConnections","properties":{"provisioningState":"Succeeded","privateEndpoint":{"id":"/subscriptions/00000000-0000-0000-0000-000000000000/resourceGroups/fanqiu_cli_test_network_private_endpoints000001/providers/Microsoft.Network/privateEndpoints/cli-pe-000005"},"privateLinkServiceConnectionState":{"status":"Approved","description":"Auto-Approved","actionRequired":"None"}}}'
    headers:
      cache-control:
      - no-cache
      content-length:
      - '849'
      content-type:
      - application/json
      date:
      - Sun, 14 Jun 2020 12:43:42 GMT
      expires:
      - '-1'
      pragma:
      - no-cache
      server:
      - Microsoft-Azure-Storage-Resource-Provider/1.0,Microsoft-HTTPAPI/2.0 Microsoft-HTTPAPI/2.0
      strict-transport-security:
      - max-age=31536000; includeSubDomains
      transfer-encoding:
      - chunked
      vary:
      - Accept-Encoding
      x-content-type-options:
      - nosniff
    status:
      code: 200
      message: OK
- request:
    body: null
    headers:
      Accept:
      - application/json
      Accept-Encoding:
      - gzip, deflate
      CommandName:
      - network private-endpoint show
      Connection:
      - keep-alive
      ParameterSetName:
      - -g -n
      User-Agent:
      - python/3.7.4 (Linux-4.15.0-99-generic-x86_64-with-debian-buster-sid) msrest/0.6.16
        msrest_azure/0.6.3 azure-mgmt-network/10.2.0 Azure-SDK-For-Python AZURECLI/2.7.0
      accept-language:
      - en-US
    method: GET
    uri: https://management.azure.com/subscriptions/00000000-0000-0000-0000-000000000000/resourceGroups/fanqiu_cli_test_network_private_endpoints000001/providers/Microsoft.Network/privateEndpoints/cli-pe-000005?api-version=2020-05-01
  response:
    body:
      string: "{\r\n  \"name\": \"cli-pe-000005\",\r\n  \"id\": \"/subscriptions/00000000-0000-0000-0000-000000000000/resourceGroups/fanqiu_cli_test_network_private_endpoints000001/providers/Microsoft.Network/privateEndpoints/cli-pe-000005\"\
        ,\r\n  \"etag\": \"W/\\\"c99f5fd8-da9c-4573-9bc9-03dc34cb46c0\\\"\",\r\n \
        \ \"type\": \"Microsoft.Network/privateEndpoints\",\r\n  \"location\": \"\
        centraluseuap\",\r\n  \"properties\": {\r\n    \"provisioningState\": \"Succeeded\"\
        ,\r\n    \"resourceGuid\": \"4cd63b0e-22d2-47bd-b40a-57378b92d0b2\",\r\n \
        \   \"privateLinkServiceConnections\": [\r\n      {\r\n        \"name\": \"\
        cli-pec-000006\",\r\n        \"id\": \"/subscriptions/00000000-0000-0000-0000-000000000000/resourceGroups/fanqiu_cli_test_network_private_endpoints000001/providers/Microsoft.Network/privateEndpoints/cli-pe-000005/privateLinkServiceConnections/cli-pec-000006\"\
        ,\r\n        \"etag\": \"W/\\\"c99f5fd8-da9c-4573-9bc9-03dc34cb46c0\\\"\"\
        ,\r\n        \"properties\": {\r\n          \"provisioningState\": \"Succeeded\"\
        ,\r\n          \"privateLinkServiceId\": \"/subscriptions/00000000-0000-0000-0000-000000000000/resourceGroups/fanqiu_cli_test_network_private_endpoints000001/providers/Microsoft.Storage/storageAccounts/saplr000002\"\
        ,\r\n          \"groupIds\": [\r\n            \"blob\"\r\n          ],\r\n\
        \          \"privateLinkServiceConnectionState\": {\r\n            \"status\"\
        : \"Approved\",\r\n            \"description\": \"Auto-Approved\",\r\n   \
        \         \"actionsRequired\": \"None\"\r\n          }\r\n        },\r\n \
        \       \"type\": \"Microsoft.Network/privateEndpoints/privateLinkServiceConnections\"\
        \r\n      }\r\n    ],\r\n    \"manualPrivateLinkServiceConnections\": [],\r\
        \n    \"subnet\": {\r\n      \"id\": \"/subscriptions/00000000-0000-0000-0000-000000000000/resourceGroups/fanqiu_cli_test_network_private_endpoints000001/providers/Microsoft.Network/virtualNetworks/cli-vnet-000003/subnets/cli-subnet-000004\"\
        \r\n    },\r\n    \"networkInterfaces\": [\r\n      {\r\n        \"id\": \"\
        /subscriptions/00000000-0000-0000-0000-000000000000/resourceGroups/fanqiu_cli_test_network_private_endpoints000001/providers/Microsoft.Network/networkInterfaces/cli-pe-000005.nic.26869073-1746-410c-b36d-d697be7ffee6\"\
        \r\n      }\r\n    ],\r\n    \"customDnsConfigs\": [\r\n      {\r\n      \
        \  \"fqdn\": \"saplr000002.blob.core.windows.net\",\r\n        \"ipAddresses\"\
        : [\r\n          \"10.0.0.4\"\r\n        ]\r\n      }\r\n    ]\r\n  }\r\n}"
    headers:
      cache-control:
      - no-cache
      content-length:
      - '2484'
      content-type:
      - application/json; charset=utf-8
      date:
      - Sun, 14 Jun 2020 12:43:44 GMT
      etag:
      - W/"c99f5fd8-da9c-4573-9bc9-03dc34cb46c0"
      expires:
      - '-1'
      pragma:
      - no-cache
      server:
      - Microsoft-HTTPAPI/2.0
      - Microsoft-HTTPAPI/2.0
      strict-transport-security:
      - max-age=31536000; includeSubDomains
      transfer-encoding:
      - chunked
      vary:
      - Accept-Encoding
      x-content-type-options:
      - nosniff
      x-ms-arm-service-request-id:
      - 889ef9d1-2c9f-42f9-94c6-26c7ebfb8ec9
    status:
      code: 200
      message: OK
- request:
    body: '{"location": "global"}'
    headers:
      Accept:
      - application/json
      Accept-Encoding:
      - gzip, deflate
      CommandName:
      - network private-dns zone create
      Connection:
      - keep-alive
      Content-Length:
      - '22'
      Content-Type:
      - application/json; charset=utf-8
      If-None-Match:
      - '*'
      ParameterSetName:
      - -n -g
      User-Agent:
      - python/3.7.4 (Linux-4.15.0-99-generic-x86_64-with-debian-buster-sid) msrest/0.6.16
        msrest_azure/0.6.3 azure-mgmt-privatedns/0.1.0 Azure-SDK-For-Python AZURECLI/2.7.0
      accept-language:
      - en-US
    method: PUT
    uri: https://management.azure.com/subscriptions/00000000-0000-0000-0000-000000000000/resourceGroups/fanqiu_cli_test_network_private_endpoints000001/providers/Microsoft.Network/privateDnsZones/www.clizone1.com?api-version=2018-09-01
  response:
    body:
      string: '{}'
    headers:
      azure-asyncoperation:
      - https://management.azure.com:443/subscriptions/00000000-0000-0000-0000-000000000000/resourceGroups/fanqiu_cli_test_network_private_endpoints000001/providers/Microsoft.Network/privateDnsOperationStatuses/RnJvbnRFbmRBc3luY09wZXJhdGlvbjtVcHNlcnRQcml2YXRlRG5zWm9uZTs0NTFkNDg3NS0yZWNjLTRkZjktOWY0MC1kZTdiOTNiZjUxNGM=?api-version=2018-09-01
      cache-control:
      - private
      content-length:
      - '2'
      content-type:
      - application/json; charset=utf-8
      date:
      - Sun, 14 Jun 2020 12:44:11 GMT
      location:
      - https://management.azure.com/subscriptions/00000000-0000-0000-0000-000000000000/resourceGroups/fanqiu_cli_test_network_private_endpoints000001/providers/Microsoft.Network/privateDnsOperationResults/RnJvbnRFbmRBc3luY09wZXJhdGlvbjtVcHNlcnRQcml2YXRlRG5zWm9uZTs0NTFkNDg3NS0yZWNjLTRkZjktOWY0MC1kZTdiOTNiZjUxNGM=?api-version=2018-09-01
      server:
      - Microsoft-IIS/10.0
      strict-transport-security:
      - max-age=31536000; includeSubDomains
      x-aspnet-version:
      - 4.0.30319
      x-content-type-options:
      - nosniff
      x-ms-ratelimit-remaining-subscription-resource-requests:
      - '11999'
      x-powered-by:
      - ASP.NET
    status:
      code: 202
      message: Accepted
- request:
    body: null
    headers:
      Accept:
      - application/json
      Accept-Encoding:
      - gzip, deflate
      CommandName:
      - network private-dns zone create
      Connection:
      - keep-alive
      ParameterSetName:
      - -n -g
      User-Agent:
      - python/3.7.4 (Linux-4.15.0-99-generic-x86_64-with-debian-buster-sid) msrest/0.6.16
        msrest_azure/0.6.3 azure-mgmt-privatedns/0.1.0 Azure-SDK-For-Python AZURECLI/2.7.0
    method: GET
    uri: https://management.azure.com/subscriptions/00000000-0000-0000-0000-000000000000/resourceGroups/fanqiu_cli_test_network_private_endpoints000001/providers/Microsoft.Network/privateDnsOperationStatuses/RnJvbnRFbmRBc3luY09wZXJhdGlvbjtVcHNlcnRQcml2YXRlRG5zWm9uZTs0NTFkNDg3NS0yZWNjLTRkZjktOWY0MC1kZTdiOTNiZjUxNGM=?api-version=2018-09-01
  response:
    body:
      string: '{"status":"Succeeded"}'
    headers:
      cache-control:
      - private
      content-length:
      - '22'
      content-type:
      - application/json; charset=utf-8
      date:
      - Sun, 14 Jun 2020 12:44:42 GMT
      server:
      - Microsoft-IIS/10.0
      strict-transport-security:
      - max-age=31536000; includeSubDomains
      transfer-encoding:
      - chunked
      vary:
      - Accept-Encoding
      x-aspnet-version:
      - 4.0.30319
      x-content-type-options:
      - nosniff
      x-ms-ratelimit-remaining-subscription-resource-requests:
      - '499'
      x-powered-by:
      - ASP.NET
    status:
      code: 200
      message: OK
- request:
    body: null
    headers:
      Accept:
      - application/json
      Accept-Encoding:
      - gzip, deflate
      CommandName:
      - network private-dns zone create
      Connection:
      - keep-alive
      ParameterSetName:
      - -n -g
      User-Agent:
      - python/3.7.4 (Linux-4.15.0-99-generic-x86_64-with-debian-buster-sid) msrest/0.6.16
        msrest_azure/0.6.3 azure-mgmt-privatedns/0.1.0 Azure-SDK-For-Python AZURECLI/2.7.0
    method: GET
    uri: https://management.azure.com/subscriptions/00000000-0000-0000-0000-000000000000/resourceGroups/fanqiu_cli_test_network_private_endpoints000001/providers/Microsoft.Network/privateDnsZones/www.clizone1.com?api-version=2018-09-01
  response:
    body:
      string: '{"id":"\/subscriptions\/0b1f6471-1bf0-4dda-aec3-cb9272f09590\/resourceGroups\/fanqiu_cli_test_network_private_endpoints000001\/providers\/Microsoft.Network\/privateDnsZones\/www.clizone1.com","name":"www.clizone1.com","type":"Microsoft.Network\/privateDnsZones","etag":"a36aaf39-9808-429d-ac32-46887902ec5b","location":"global","properties":{"maxNumberOfRecordSets":25000,"maxNumberOfVirtualNetworkLinks":1000,"maxNumberOfVirtualNetworkLinksWithRegistration":100,"numberOfRecordSets":1,"numberOfVirtualNetworkLinks":0,"numberOfVirtualNetworkLinksWithRegistration":0,"provisioningState":"Succeeded"}}'
    headers:
      cache-control:
      - private
      content-length:
      - '627'
      content-type:
      - application/json; charset=utf-8
      date:
      - Sun, 14 Jun 2020 12:44:44 GMT
      etag:
      - a36aaf39-9808-429d-ac32-46887902ec5b
      server:
      - Microsoft-IIS/10.0
      strict-transport-security:
      - max-age=31536000; includeSubDomains
      transfer-encoding:
      - chunked
      vary:
      - Accept-Encoding
      x-aspnet-version:
      - 4.0.30319
      x-content-type-options:
      - nosniff
      x-ms-ratelimit-remaining-subscription-resource-requests:
      - '499'
      x-powered-by:
      - ASP.NET
    status:
      code: 200
      message: OK
- request:
    body: '{"location": "global"}'
    headers:
      Accept:
      - application/json
      Accept-Encoding:
      - gzip, deflate
      CommandName:
      - network private-dns zone create
      Connection:
      - keep-alive
      Content-Length:
      - '22'
      Content-Type:
      - application/json; charset=utf-8
      If-None-Match:
      - '*'
      ParameterSetName:
      - -n -g
      User-Agent:
      - python/3.7.4 (Linux-4.15.0-99-generic-x86_64-with-debian-buster-sid) msrest/0.6.16
        msrest_azure/0.6.3 azure-mgmt-privatedns/0.1.0 Azure-SDK-For-Python AZURECLI/2.7.0
      accept-language:
      - en-US
    method: PUT
    uri: https://management.azure.com/subscriptions/00000000-0000-0000-0000-000000000000/resourceGroups/fanqiu_cli_test_network_private_endpoints000001/providers/Microsoft.Network/privateDnsZones/www.clizone2.com?api-version=2018-09-01
  response:
    body:
      string: '{}'
    headers:
      azure-asyncoperation:
      - https://management.azure.com:443/subscriptions/00000000-0000-0000-0000-000000000000/resourceGroups/fanqiu_cli_test_network_private_endpoints000001/providers/Microsoft.Network/privateDnsOperationStatuses/RnJvbnRFbmRBc3luY09wZXJhdGlvbjtVcHNlcnRQcml2YXRlRG5zWm9uZTsyOGQ5MGMyNy02MTU4LTQ1ZGEtOWU0Ny1mMDU3YjRkNjBhZTc=?api-version=2018-09-01
      cache-control:
      - private
      content-length:
      - '2'
      content-type:
      - application/json; charset=utf-8
      date:
      - Sun, 14 Jun 2020 12:44:56 GMT
      location:
      - https://management.azure.com/subscriptions/00000000-0000-0000-0000-000000000000/resourceGroups/fanqiu_cli_test_network_private_endpoints000001/providers/Microsoft.Network/privateDnsOperationResults/RnJvbnRFbmRBc3luY09wZXJhdGlvbjtVcHNlcnRQcml2YXRlRG5zWm9uZTsyOGQ5MGMyNy02MTU4LTQ1ZGEtOWU0Ny1mMDU3YjRkNjBhZTc=?api-version=2018-09-01
      server:
      - Microsoft-IIS/10.0
      strict-transport-security:
      - max-age=31536000; includeSubDomains
      x-aspnet-version:
      - 4.0.30319
      x-content-type-options:
      - nosniff
      x-ms-ratelimit-remaining-subscription-resource-requests:
      - '11999'
      x-powered-by:
      - ASP.NET
    status:
      code: 202
      message: Accepted
- request:
    body: null
    headers:
      Accept:
      - application/json
      Accept-Encoding:
      - gzip, deflate
      CommandName:
      - network private-dns zone create
      Connection:
      - keep-alive
      ParameterSetName:
      - -n -g
      User-Agent:
      - python/3.7.4 (Linux-4.15.0-99-generic-x86_64-with-debian-buster-sid) msrest/0.6.16
        msrest_azure/0.6.3 azure-mgmt-privatedns/0.1.0 Azure-SDK-For-Python AZURECLI/2.7.0
    method: GET
    uri: https://management.azure.com/subscriptions/00000000-0000-0000-0000-000000000000/resourceGroups/fanqiu_cli_test_network_private_endpoints000001/providers/Microsoft.Network/privateDnsOperationStatuses/RnJvbnRFbmRBc3luY09wZXJhdGlvbjtVcHNlcnRQcml2YXRlRG5zWm9uZTsyOGQ5MGMyNy02MTU4LTQ1ZGEtOWU0Ny1mMDU3YjRkNjBhZTc=?api-version=2018-09-01
  response:
    body:
      string: '{"status":"Succeeded"}'
    headers:
      cache-control:
      - private
      content-length:
      - '22'
      content-type:
      - application/json; charset=utf-8
      date:
      - Sun, 14 Jun 2020 12:45:28 GMT
      server:
      - Microsoft-IIS/10.0
      strict-transport-security:
      - max-age=31536000; includeSubDomains
      transfer-encoding:
      - chunked
      vary:
      - Accept-Encoding
      x-aspnet-version:
      - 4.0.30319
      x-content-type-options:
      - nosniff
      x-ms-ratelimit-remaining-subscription-resource-requests:
      - '499'
      x-powered-by:
      - ASP.NET
    status:
      code: 200
      message: OK
- request:
    body: null
    headers:
      Accept:
      - application/json
      Accept-Encoding:
      - gzip, deflate
      CommandName:
      - network private-dns zone create
      Connection:
      - keep-alive
      ParameterSetName:
      - -n -g
      User-Agent:
      - python/3.7.4 (Linux-4.15.0-99-generic-x86_64-with-debian-buster-sid) msrest/0.6.16
        msrest_azure/0.6.3 azure-mgmt-privatedns/0.1.0 Azure-SDK-For-Python AZURECLI/2.7.0
    method: GET
    uri: https://management.azure.com/subscriptions/00000000-0000-0000-0000-000000000000/resourceGroups/fanqiu_cli_test_network_private_endpoints000001/providers/Microsoft.Network/privateDnsZones/www.clizone2.com?api-version=2018-09-01
  response:
    body:
      string: '{"id":"\/subscriptions\/0b1f6471-1bf0-4dda-aec3-cb9272f09590\/resourceGroups\/fanqiu_cli_test_network_private_endpoints000001\/providers\/Microsoft.Network\/privateDnsZones\/www.clizone2.com","name":"www.clizone2.com","type":"Microsoft.Network\/privateDnsZones","etag":"d9f735e0-0d24-42ad-bc6f-bcd14606a2d7","location":"global","properties":{"maxNumberOfRecordSets":25000,"maxNumberOfVirtualNetworkLinks":1000,"maxNumberOfVirtualNetworkLinksWithRegistration":100,"numberOfRecordSets":1,"numberOfVirtualNetworkLinks":0,"numberOfVirtualNetworkLinksWithRegistration":0,"provisioningState":"Succeeded"}}'
    headers:
      cache-control:
      - private
      content-length:
      - '627'
      content-type:
      - application/json; charset=utf-8
      date:
      - Sun, 14 Jun 2020 12:45:29 GMT
      etag:
      - d9f735e0-0d24-42ad-bc6f-bcd14606a2d7
      server:
      - Microsoft-IIS/10.0
      strict-transport-security:
      - max-age=31536000; includeSubDomains
      transfer-encoding:
      - chunked
      vary:
      - Accept-Encoding
      x-aspnet-version:
      - 4.0.30319
      x-content-type-options:
      - nosniff
      x-ms-ratelimit-remaining-subscription-resource-requests:
      - '499'
      x-powered-by:
      - ASP.NET
    status:
      code: 200
      message: OK
- request:
    body: 'b''{"name": "clidnsgroup", "properties": {"privateDnsZoneConfigs": [{"name":
      "clizone1", "properties": {"privateDnsZoneId": "/subscriptions/00000000-0000-0000-0000-000000000000/resourceGroups/fanqiu_cli_test_network_private_endpoints000001/providers/Microsoft.Network/privateDnsZones/www.clizone1.com"}}]}}'''
    headers:
      Accept:
      - application/json
      Accept-Encoding:
      - gzip, deflate
      CommandName:
      - network private-endpoint dns-zone-group create
      Connection:
      - keep-alive
      Content-Length:
      - '331'
      Content-Type:
      - application/json; charset=utf-8
      ParameterSetName:
      - --endpoint-name -g -n --zone-name --private-dns-zone
      User-Agent:
      - python/3.7.4 (Linux-4.15.0-99-generic-x86_64-with-debian-buster-sid) msrest/0.6.16
        msrest_azure/0.6.3 azure-mgmt-network/10.2.0 Azure-SDK-For-Python AZURECLI/2.7.0
      accept-language:
      - en-US
    method: PUT
    uri: https://management.azure.com/subscriptions/00000000-0000-0000-0000-000000000000/resourceGroups/fanqiu_cli_test_network_private_endpoints000001/providers/Microsoft.Network/privateEndpoints/cli-pe-000005/privateDnsZoneGroups/clidnsgroup?api-version=2020-05-01
  response:
    body:
      string: "{\r\n  \"name\": \"clidnsgroup\",\r\n  \"id\": \"/subscriptions/00000000-0000-0000-0000-000000000000/resourceGroups/fanqiu_cli_test_network_private_endpoints000001/providers/Microsoft.Network/privateEndpoints/cli-pe-000005/privateDnsZoneGroups/clidnsgroup\"\
        ,\r\n  \"etag\": \"W/\\\"b967d8e3-e423-44ea-b312-0d61a5f3266b\\\"\",\r\n \
        \ \"type\": \"Microsoft.Network/privateEndpoints/privateDnsZoneGroups\",\r\
        \n  \"properties\": {\r\n    \"provisioningState\": \"Updating\",\r\n    \"\
        privateDnsZoneConfigs\": [\r\n      {\r\n        \"name\": \"clizone1\",\r\
        \n        \"id\": \"/subscriptions/00000000-0000-0000-0000-000000000000/resourceGroups/fanqiu_cli_test_network_private_endpoints000001/providers/Microsoft.Network/privateEndpoints/cli-pe-000005/privateDnsZoneGroups/clidnsgroup/privateDnsZoneConfigs/clizone1\"\
        ,\r\n        \"etag\": \"W/\\\"b967d8e3-e423-44ea-b312-0d61a5f3266b\\\"\"\
        ,\r\n        \"type\": \"Microsoft.Network/privateEndpoints/privateDnsZoneGroups/privateDnsZoneConfigs\"\
        ,\r\n        \"properties\": {\r\n          \"provisioningState\": \"Updating\"\
        ,\r\n          \"privateDnsZoneId\": \"/subscriptions/00000000-0000-0000-0000-000000000000/resourceGroups/fanqiu_cli_test_network_private_endpoints000001/providers/Microsoft.Network/privateDnsZones/www.clizone1.com\"\
        ,\r\n          \"recordSets\": []\r\n        }\r\n      }\r\n    ]\r\n  }\r\
        \n}"
    headers:
      azure-asyncoperation:
      - https://management.azure.com/subscriptions/00000000-0000-0000-0000-000000000000/providers/Microsoft.Network/locations/centraluseuap/operations/43fb1e57-ae3d-4be7-9980-42c9ee09799a?api-version=2020-05-01
      cache-control:
      - no-cache
      content-length:
      - '1365'
      content-type:
      - application/json; charset=utf-8
      date:
      - Sun, 14 Jun 2020 12:46:10 GMT
      expires:
      - '-1'
      pragma:
      - no-cache
      server:
      - Microsoft-HTTPAPI/2.0
      - Microsoft-HTTPAPI/2.0
      strict-transport-security:
      - max-age=31536000; includeSubDomains
      x-content-type-options:
      - nosniff
      x-ms-arm-service-request-id:
      - 60089005-cbe3-4e41-8f74-96222cd0cdc0
      x-ms-ratelimit-remaining-subscription-writes:
      - '1196'
    status:
      code: 201
      message: Created
- request:
    body: null
    headers:
      Accept:
      - application/json
      Accept-Encoding:
      - gzip, deflate
      CommandName:
      - network private-endpoint dns-zone-group create
      Connection:
      - keep-alive
      ParameterSetName:
      - --endpoint-name -g -n --zone-name --private-dns-zone
      User-Agent:
      - python/3.7.4 (Linux-4.15.0-99-generic-x86_64-with-debian-buster-sid) msrest/0.6.16
        msrest_azure/0.6.3 azure-mgmt-network/10.2.0 Azure-SDK-For-Python AZURECLI/2.7.0
    method: GET
    uri: https://management.azure.com/subscriptions/00000000-0000-0000-0000-000000000000/providers/Microsoft.Network/locations/centraluseuap/operations/43fb1e57-ae3d-4be7-9980-42c9ee09799a?api-version=2020-05-01
  response:
    body:
      string: "{\r\n  \"status\": \"Succeeded\"\r\n}"
    headers:
      cache-control:
      - no-cache
      content-length:
      - '29'
      content-type:
      - application/json; charset=utf-8
      date:
      - Sun, 14 Jun 2020 12:46:23 GMT
      expires:
      - '-1'
      pragma:
      - no-cache
      server:
      - Microsoft-HTTPAPI/2.0
      - Microsoft-HTTPAPI/2.0
      strict-transport-security:
      - max-age=31536000; includeSubDomains
      transfer-encoding:
      - chunked
      vary:
      - Accept-Encoding
      x-content-type-options:
      - nosniff
      x-ms-arm-service-request-id:
      - b71dee5c-7325-4bc5-ac7e-f30b58f3a55e
    status:
      code: 200
      message: OK
- request:
    body: null
    headers:
      Accept:
      - application/json
      Accept-Encoding:
      - gzip, deflate
      CommandName:
      - network private-endpoint dns-zone-group create
      Connection:
      - keep-alive
      ParameterSetName:
      - --endpoint-name -g -n --zone-name --private-dns-zone
      User-Agent:
      - python/3.7.4 (Linux-4.15.0-99-generic-x86_64-with-debian-buster-sid) msrest/0.6.16
        msrest_azure/0.6.3 azure-mgmt-network/10.2.0 Azure-SDK-For-Python AZURECLI/2.7.0
    method: GET
    uri: https://management.azure.com/subscriptions/00000000-0000-0000-0000-000000000000/resourceGroups/fanqiu_cli_test_network_private_endpoints000001/providers/Microsoft.Network/privateEndpoints/cli-pe-000005/privateDnsZoneGroups/clidnsgroup?api-version=2020-05-01
  response:
    body:
      string: "{\r\n  \"name\": \"clidnsgroup\",\r\n  \"id\": \"/subscriptions/00000000-0000-0000-0000-000000000000/resourceGroups/fanqiu_cli_test_network_private_endpoints000001/providers/Microsoft.Network/privateEndpoints/cli-pe-000005/privateDnsZoneGroups/clidnsgroup\"\
        ,\r\n  \"etag\": \"W/\\\"04fd5514-eb2d-4526-987b-6cd640d2b20a\\\"\",\r\n \
        \ \"type\": \"Microsoft.Network/privateEndpoints/privateDnsZoneGroups\",\r\
        \n  \"properties\": {\r\n    \"provisioningState\": \"Succeeded\",\r\n   \
        \ \"privateDnsZoneConfigs\": [\r\n      {\r\n        \"name\": \"clizone1\"\
        ,\r\n        \"id\": \"/subscriptions/00000000-0000-0000-0000-000000000000/resourceGroups/fanqiu_cli_test_network_private_endpoints000001/providers/Microsoft.Network/privateEndpoints/cli-pe-000005/privateDnsZoneGroups/clidnsgroup/privateDnsZoneConfigs/clizone1\"\
        ,\r\n        \"etag\": \"W/\\\"04fd5514-eb2d-4526-987b-6cd640d2b20a\\\"\"\
        ,\r\n        \"type\": \"Microsoft.Network/privateEndpoints/privateDnsZoneGroups/privateDnsZoneConfigs\"\
        ,\r\n        \"properties\": {\r\n          \"provisioningState\": \"Succeeded\"\
        ,\r\n          \"privateDnsZoneId\": \"/subscriptions/00000000-0000-0000-0000-000000000000/resourceGroups/fanqiu_cli_test_network_private_endpoints000001/providers/Microsoft.Network/privateDnsZones/www.clizone1.com\"\
        ,\r\n          \"recordSets\": []\r\n        }\r\n      }\r\n    ]\r\n  }\r\
        \n}"
    headers:
      cache-control:
      - no-cache
      content-length:
      - '1367'
      content-type:
      - application/json; charset=utf-8
      date:
      - Sun, 14 Jun 2020 12:46:24 GMT
      etag:
      - W/"04fd5514-eb2d-4526-987b-6cd640d2b20a"
      expires:
      - '-1'
      pragma:
      - no-cache
      server:
      - Microsoft-HTTPAPI/2.0
      - Microsoft-HTTPAPI/2.0
      strict-transport-security:
      - max-age=31536000; includeSubDomains
      transfer-encoding:
      - chunked
      vary:
      - Accept-Encoding
      x-content-type-options:
      - nosniff
      x-ms-arm-service-request-id:
      - 28f80309-01d1-482e-818b-4567700c44ac
    status:
      code: 200
      message: OK
- request:
    body: null
    headers:
      Accept:
      - application/json
      Accept-Encoding:
      - gzip, deflate
      CommandName:
      - network private-endpoint dns-zone-group add
      Connection:
      - keep-alive
      ParameterSetName:
      - --endpoint-name -g -n --zone-name --private-dns-zone
      User-Agent:
      - python/3.7.4 (Linux-4.15.0-99-generic-x86_64-with-debian-buster-sid) msrest/0.6.16
        msrest_azure/0.6.3 azure-mgmt-network/10.2.0 Azure-SDK-For-Python AZURECLI/2.7.0
      accept-language:
      - en-US
    method: GET
    uri: https://management.azure.com/subscriptions/00000000-0000-0000-0000-000000000000/resourceGroups/fanqiu_cli_test_network_private_endpoints000001/providers/Microsoft.Network/privateEndpoints/cli-pe-000005/privateDnsZoneGroups/clidnsgroup?api-version=2020-05-01
  response:
    body:
      string: "{\r\n  \"name\": \"clidnsgroup\",\r\n  \"id\": \"/subscriptions/00000000-0000-0000-0000-000000000000/resourceGroups/fanqiu_cli_test_network_private_endpoints000001/providers/Microsoft.Network/privateEndpoints/cli-pe-000005/privateDnsZoneGroups/clidnsgroup\"\
        ,\r\n  \"etag\": \"W/\\\"04fd5514-eb2d-4526-987b-6cd640d2b20a\\\"\",\r\n \
        \ \"type\": \"Microsoft.Network/privateEndpoints/privateDnsZoneGroups\",\r\
        \n  \"properties\": {\r\n    \"provisioningState\": \"Succeeded\",\r\n   \
        \ \"privateDnsZoneConfigs\": [\r\n      {\r\n        \"name\": \"clizone1\"\
        ,\r\n        \"id\": \"/subscriptions/00000000-0000-0000-0000-000000000000/resourceGroups/fanqiu_cli_test_network_private_endpoints000001/providers/Microsoft.Network/privateEndpoints/cli-pe-000005/privateDnsZoneGroups/clidnsgroup/privateDnsZoneConfigs/clizone1\"\
        ,\r\n        \"etag\": \"W/\\\"04fd5514-eb2d-4526-987b-6cd640d2b20a\\\"\"\
        ,\r\n        \"type\": \"Microsoft.Network/privateEndpoints/privateDnsZoneGroups/privateDnsZoneConfigs\"\
        ,\r\n        \"properties\": {\r\n          \"provisioningState\": \"Succeeded\"\
        ,\r\n          \"privateDnsZoneId\": \"/subscriptions/00000000-0000-0000-0000-000000000000/resourceGroups/fanqiu_cli_test_network_private_endpoints000001/providers/Microsoft.Network/privateDnsZones/www.clizone1.com\"\
        ,\r\n          \"recordSets\": []\r\n        }\r\n      }\r\n    ]\r\n  }\r\
        \n}"
    headers:
      cache-control:
      - no-cache
      content-length:
      - '1367'
      content-type:
      - application/json; charset=utf-8
      date:
      - Sun, 14 Jun 2020 12:46:27 GMT
      etag:
      - W/"04fd5514-eb2d-4526-987b-6cd640d2b20a"
      expires:
      - '-1'
      pragma:
      - no-cache
      server:
      - Microsoft-HTTPAPI/2.0
      - Microsoft-HTTPAPI/2.0
      strict-transport-security:
      - max-age=31536000; includeSubDomains
      transfer-encoding:
      - chunked
      vary:
      - Accept-Encoding
      x-content-type-options:
      - nosniff
      x-ms-arm-service-request-id:
      - dc116e27-632e-45ce-ab28-467f7a3de4c0
    status:
      code: 200
      message: OK
- request:
    body: 'b''{"id": "/subscriptions/00000000-0000-0000-0000-000000000000/resourceGroups/fanqiu_cli_test_network_private_endpoints000001/providers/Microsoft.Network/privateEndpoints/cli-pe-000005/privateDnsZoneGroups/clidnsgroup",
      "name": "clidnsgroup", "properties": {"privateDnsZoneConfigs": [{"name": "clizone1",
      "properties": {"privateDnsZoneId": "/subscriptions/00000000-0000-0000-0000-000000000000/resourceGroups/fanqiu_cli_test_network_private_endpoints000001/providers/Microsoft.Network/privateDnsZones/www.clizone1.com"}},
      {"name": "clizone2", "properties": {"privateDnsZoneId": "/subscriptions/00000000-0000-0000-0000-000000000000/resourceGroups/fanqiu_cli_test_network_private_endpoints000001/providers/Microsoft.Network/privateDnsZones/www.clizone2.com"}}]}}'''
    headers:
      Accept:
      - application/json
      Accept-Encoding:
      - gzip, deflate
      CommandName:
      - network private-endpoint dns-zone-group add
      Connection:
      - keep-alive
      Content-Length:
      - '851'
      Content-Type:
      - application/json; charset=utf-8
      ParameterSetName:
      - --endpoint-name -g -n --zone-name --private-dns-zone
      User-Agent:
      - python/3.7.4 (Linux-4.15.0-99-generic-x86_64-with-debian-buster-sid) msrest/0.6.16
        msrest_azure/0.6.3 azure-mgmt-network/10.2.0 Azure-SDK-For-Python AZURECLI/2.7.0
      accept-language:
      - en-US
    method: PUT
    uri: https://management.azure.com/subscriptions/00000000-0000-0000-0000-000000000000/resourceGroups/fanqiu_cli_test_network_private_endpoints000001/providers/Microsoft.Network/privateEndpoints/cli-pe-000005/privateDnsZoneGroups/clidnsgroup?api-version=2020-05-01
  response:
    body:
      string: "{\r\n  \"name\": \"clidnsgroup\",\r\n  \"id\": \"/subscriptions/00000000-0000-0000-0000-000000000000/resourceGroups/fanqiu_cli_test_network_private_endpoints000001/providers/Microsoft.Network/privateEndpoints/cli-pe-000005/privateDnsZoneGroups/clidnsgroup\"\
        ,\r\n  \"etag\": \"W/\\\"95000ad4-17c9-4683-8865-53bb80fb75df\\\"\",\r\n \
        \ \"type\": \"Microsoft.Network/privateEndpoints/privateDnsZoneGroups\",\r\
        \n  \"properties\": {\r\n    \"provisioningState\": \"Updating\",\r\n    \"\
        privateDnsZoneConfigs\": [\r\n      {\r\n        \"name\": \"clizone1\",\r\
        \n        \"id\": \"/subscriptions/00000000-0000-0000-0000-000000000000/resourceGroups/fanqiu_cli_test_network_private_endpoints000001/providers/Microsoft.Network/privateEndpoints/cli-pe-000005/privateDnsZoneGroups/clidnsgroup/privateDnsZoneConfigs/clizone1\"\
        ,\r\n        \"etag\": \"W/\\\"95000ad4-17c9-4683-8865-53bb80fb75df\\\"\"\
        ,\r\n        \"type\": \"Microsoft.Network/privateEndpoints/privateDnsZoneGroups/privateDnsZoneConfigs\"\
        ,\r\n        \"properties\": {\r\n          \"provisioningState\": \"Updating\"\
        ,\r\n          \"privateDnsZoneId\": \"/subscriptions/00000000-0000-0000-0000-000000000000/resourceGroups/fanqiu_cli_test_network_private_endpoints000001/providers/Microsoft.Network/privateDnsZones/www.clizone1.com\"\
        ,\r\n          \"recordSets\": []\r\n        }\r\n      },\r\n      {\r\n\
        \        \"name\": \"clizone2\",\r\n        \"id\": \"/subscriptions/00000000-0000-0000-0000-000000000000/resourceGroups/fanqiu_cli_test_network_private_endpoints000001/providers/Microsoft.Network/privateEndpoints/cli-pe-000005/privateDnsZoneGroups/clidnsgroup/privateDnsZoneConfigs/clizone2\"\
        ,\r\n        \"etag\": \"W/\\\"95000ad4-17c9-4683-8865-53bb80fb75df\\\"\"\
        ,\r\n        \"type\": \"Microsoft.Network/privateEndpoints/privateDnsZoneGroups/privateDnsZoneConfigs\"\
        ,\r\n        \"properties\": {\r\n          \"provisioningState\": \"Updating\"\
        ,\r\n          \"privateDnsZoneId\": \"/subscriptions/00000000-0000-0000-0000-000000000000/resourceGroups/fanqiu_cli_test_network_private_endpoints000001/providers/Microsoft.Network/privateDnsZones/www.clizone2.com\"\
        ,\r\n          \"recordSets\": []\r\n        }\r\n      }\r\n    ]\r\n  }\r\
        \n}"
    headers:
      azure-asyncoperation:
      - https://management.azure.com/subscriptions/00000000-0000-0000-0000-000000000000/providers/Microsoft.Network/locations/centraluseuap/operations/b8703fcd-9bea-40e5-b403-6bb845fbecdc?api-version=2020-05-01
      cache-control:
      - no-cache
      content-length:
      - '2215'
      content-type:
      - application/json; charset=utf-8
      date:
      - Sun, 14 Jun 2020 12:46:28 GMT
      expires:
      - '-1'
      pragma:
      - no-cache
      server:
      - Microsoft-HTTPAPI/2.0
      - Microsoft-HTTPAPI/2.0
      strict-transport-security:
      - max-age=31536000; includeSubDomains
      transfer-encoding:
      - chunked
      vary:
      - Accept-Encoding
      x-content-type-options:
      - nosniff
      x-ms-arm-service-request-id:
      - 12f849ca-40bc-4780-ad10-f015c7481488
      x-ms-ratelimit-remaining-subscription-writes:
      - '1196'
    status:
      code: 200
      message: OK
- request:
    body: null
    headers:
      Accept:
      - application/json
      Accept-Encoding:
      - gzip, deflate
      CommandName:
      - network private-endpoint dns-zone-group add
      Connection:
      - keep-alive
      ParameterSetName:
      - --endpoint-name -g -n --zone-name --private-dns-zone
      User-Agent:
      - python/3.7.4 (Linux-4.15.0-99-generic-x86_64-with-debian-buster-sid) msrest/0.6.16
        msrest_azure/0.6.3 azure-mgmt-network/10.2.0 Azure-SDK-For-Python AZURECLI/2.7.0
    method: GET
    uri: https://management.azure.com/subscriptions/00000000-0000-0000-0000-000000000000/providers/Microsoft.Network/locations/centraluseuap/operations/b8703fcd-9bea-40e5-b403-6bb845fbecdc?api-version=2020-05-01
  response:
    body:
      string: "{\r\n  \"status\": \"Succeeded\"\r\n}"
    headers:
      cache-control:
      - no-cache
      content-length:
      - '29'
      content-type:
      - application/json; charset=utf-8
      date:
      - Sun, 14 Jun 2020 12:46:38 GMT
      expires:
      - '-1'
      pragma:
      - no-cache
      server:
      - Microsoft-HTTPAPI/2.0
      - Microsoft-HTTPAPI/2.0
      strict-transport-security:
      - max-age=31536000; includeSubDomains
      transfer-encoding:
      - chunked
      vary:
      - Accept-Encoding
      x-content-type-options:
      - nosniff
      x-ms-arm-service-request-id:
      - 458380b2-5c3e-4de0-a22f-fd02c76cbed3
    status:
      code: 200
      message: OK
- request:
    body: null
    headers:
      Accept:
      - application/json
      Accept-Encoding:
      - gzip, deflate
      CommandName:
      - network private-endpoint dns-zone-group add
      Connection:
      - keep-alive
      ParameterSetName:
      - --endpoint-name -g -n --zone-name --private-dns-zone
      User-Agent:
      - python/3.7.4 (Linux-4.15.0-99-generic-x86_64-with-debian-buster-sid) msrest/0.6.16
        msrest_azure/0.6.3 azure-mgmt-network/10.2.0 Azure-SDK-For-Python AZURECLI/2.7.0
    method: GET
    uri: https://management.azure.com/subscriptions/00000000-0000-0000-0000-000000000000/resourceGroups/fanqiu_cli_test_network_private_endpoints000001/providers/Microsoft.Network/privateEndpoints/cli-pe-000005/privateDnsZoneGroups/clidnsgroup?api-version=2020-05-01
  response:
    body:
      string: "{\r\n  \"name\": \"clidnsgroup\",\r\n  \"id\": \"/subscriptions/00000000-0000-0000-0000-000000000000/resourceGroups/fanqiu_cli_test_network_private_endpoints000001/providers/Microsoft.Network/privateEndpoints/cli-pe-000005/privateDnsZoneGroups/clidnsgroup\"\
        ,\r\n  \"etag\": \"W/\\\"afe4cbfe-af78-4f8a-8e1c-beecc3825471\\\"\",\r\n \
        \ \"type\": \"Microsoft.Network/privateEndpoints/privateDnsZoneGroups\",\r\
        \n  \"properties\": {\r\n    \"provisioningState\": \"Succeeded\",\r\n   \
        \ \"privateDnsZoneConfigs\": [\r\n      {\r\n        \"name\": \"clizone1\"\
        ,\r\n        \"id\": \"/subscriptions/00000000-0000-0000-0000-000000000000/resourceGroups/fanqiu_cli_test_network_private_endpoints000001/providers/Microsoft.Network/privateEndpoints/cli-pe-000005/privateDnsZoneGroups/clidnsgroup/privateDnsZoneConfigs/clizone1\"\
        ,\r\n        \"etag\": \"W/\\\"afe4cbfe-af78-4f8a-8e1c-beecc3825471\\\"\"\
        ,\r\n        \"type\": \"Microsoft.Network/privateEndpoints/privateDnsZoneGroups/privateDnsZoneConfigs\"\
        ,\r\n        \"properties\": {\r\n          \"provisioningState\": \"Succeeded\"\
        ,\r\n          \"privateDnsZoneId\": \"/subscriptions/00000000-0000-0000-0000-000000000000/resourceGroups/fanqiu_cli_test_network_private_endpoints000001/providers/Microsoft.Network/privateDnsZones/www.clizone1.com\"\
        ,\r\n          \"recordSets\": []\r\n        }\r\n      },\r\n      {\r\n\
        \        \"name\": \"clizone2\",\r\n        \"id\": \"/subscriptions/00000000-0000-0000-0000-000000000000/resourceGroups/fanqiu_cli_test_network_private_endpoints000001/providers/Microsoft.Network/privateEndpoints/cli-pe-000005/privateDnsZoneGroups/clidnsgroup/privateDnsZoneConfigs/clizone2\"\
        ,\r\n        \"etag\": \"W/\\\"afe4cbfe-af78-4f8a-8e1c-beecc3825471\\\"\"\
        ,\r\n        \"type\": \"Microsoft.Network/privateEndpoints/privateDnsZoneGroups/privateDnsZoneConfigs\"\
        ,\r\n        \"properties\": {\r\n          \"provisioningState\": \"Succeeded\"\
        ,\r\n          \"privateDnsZoneId\": \"/subscriptions/00000000-0000-0000-0000-000000000000/resourceGroups/fanqiu_cli_test_network_private_endpoints000001/providers/Microsoft.Network/privateDnsZones/www.clizone2.com\"\
        ,\r\n          \"recordSets\": []\r\n        }\r\n      }\r\n    ]\r\n  }\r\
        \n}"
    headers:
      cache-control:
      - no-cache
      content-length:
      - '2218'
      content-type:
      - application/json; charset=utf-8
      date:
      - Sun, 14 Jun 2020 12:46:38 GMT
      etag:
      - W/"afe4cbfe-af78-4f8a-8e1c-beecc3825471"
      expires:
      - '-1'
      pragma:
      - no-cache
      server:
      - Microsoft-HTTPAPI/2.0
      - Microsoft-HTTPAPI/2.0
      strict-transport-security:
      - max-age=31536000; includeSubDomains
      transfer-encoding:
      - chunked
      vary:
      - Accept-Encoding
      x-content-type-options:
      - nosniff
      x-ms-arm-service-request-id:
      - f3e3b88e-efa9-4125-aa8d-c88bbde10e0d
    status:
      code: 200
      message: OK
- request:
    body: null
    headers:
      Accept:
      - application/json
      Accept-Encoding:
      - gzip, deflate
      CommandName:
      - network private-endpoint dns-zone-group show
      Connection:
      - keep-alive
      ParameterSetName:
      - --endpoint-name -g -n
      User-Agent:
      - python/3.7.4 (Linux-4.15.0-99-generic-x86_64-with-debian-buster-sid) msrest/0.6.16
        msrest_azure/0.6.3 azure-mgmt-network/10.2.0 Azure-SDK-For-Python AZURECLI/2.7.0
      accept-language:
      - en-US
    method: GET
    uri: https://management.azure.com/subscriptions/00000000-0000-0000-0000-000000000000/resourceGroups/fanqiu_cli_test_network_private_endpoints000001/providers/Microsoft.Network/privateEndpoints/cli-pe-000005/privateDnsZoneGroups/clidnsgroup?api-version=2020-05-01
  response:
    body:
      string: "{\r\n  \"name\": \"clidnsgroup\",\r\n  \"id\": \"/subscriptions/00000000-0000-0000-0000-000000000000/resourceGroups/fanqiu_cli_test_network_private_endpoints000001/providers/Microsoft.Network/privateEndpoints/cli-pe-000005/privateDnsZoneGroups/clidnsgroup\"\
        ,\r\n  \"etag\": \"W/\\\"afe4cbfe-af78-4f8a-8e1c-beecc3825471\\\"\",\r\n \
        \ \"type\": \"Microsoft.Network/privateEndpoints/privateDnsZoneGroups\",\r\
        \n  \"properties\": {\r\n    \"provisioningState\": \"Succeeded\",\r\n   \
        \ \"privateDnsZoneConfigs\": [\r\n      {\r\n        \"name\": \"clizone1\"\
        ,\r\n        \"id\": \"/subscriptions/00000000-0000-0000-0000-000000000000/resourceGroups/fanqiu_cli_test_network_private_endpoints000001/providers/Microsoft.Network/privateEndpoints/cli-pe-000005/privateDnsZoneGroups/clidnsgroup/privateDnsZoneConfigs/clizone1\"\
        ,\r\n        \"etag\": \"W/\\\"afe4cbfe-af78-4f8a-8e1c-beecc3825471\\\"\"\
        ,\r\n        \"type\": \"Microsoft.Network/privateEndpoints/privateDnsZoneGroups/privateDnsZoneConfigs\"\
        ,\r\n        \"properties\": {\r\n          \"provisioningState\": \"Succeeded\"\
        ,\r\n          \"privateDnsZoneId\": \"/subscriptions/00000000-0000-0000-0000-000000000000/resourceGroups/fanqiu_cli_test_network_private_endpoints000001/providers/Microsoft.Network/privateDnsZones/www.clizone1.com\"\
        ,\r\n          \"recordSets\": []\r\n        }\r\n      },\r\n      {\r\n\
        \        \"name\": \"clizone2\",\r\n        \"id\": \"/subscriptions/00000000-0000-0000-0000-000000000000/resourceGroups/fanqiu_cli_test_network_private_endpoints000001/providers/Microsoft.Network/privateEndpoints/cli-pe-000005/privateDnsZoneGroups/clidnsgroup/privateDnsZoneConfigs/clizone2\"\
        ,\r\n        \"etag\": \"W/\\\"afe4cbfe-af78-4f8a-8e1c-beecc3825471\\\"\"\
        ,\r\n        \"type\": \"Microsoft.Network/privateEndpoints/privateDnsZoneGroups/privateDnsZoneConfigs\"\
        ,\r\n        \"properties\": {\r\n          \"provisioningState\": \"Succeeded\"\
        ,\r\n          \"privateDnsZoneId\": \"/subscriptions/00000000-0000-0000-0000-000000000000/resourceGroups/fanqiu_cli_test_network_private_endpoints000001/providers/Microsoft.Network/privateDnsZones/www.clizone2.com\"\
        ,\r\n          \"recordSets\": []\r\n        }\r\n      }\r\n    ]\r\n  }\r\
        \n}"
    headers:
      cache-control:
      - no-cache
      content-length:
      - '2218'
      content-type:
      - application/json; charset=utf-8
      date:
      - Sun, 14 Jun 2020 12:46:40 GMT
      etag:
      - W/"afe4cbfe-af78-4f8a-8e1c-beecc3825471"
      expires:
      - '-1'
      pragma:
      - no-cache
      server:
      - Microsoft-HTTPAPI/2.0
      - Microsoft-HTTPAPI/2.0
      strict-transport-security:
      - max-age=31536000; includeSubDomains
      transfer-encoding:
      - chunked
      vary:
      - Accept-Encoding
      x-content-type-options:
      - nosniff
      x-ms-arm-service-request-id:
      - 6389adf1-50ba-4dda-b874-7af7f8cfa9bf
    status:
      code: 200
      message: OK
- request:
    body: null
    headers:
      Accept:
      - application/json
      Accept-Encoding:
      - gzip, deflate
      CommandName:
      - network private-endpoint dns-zone-group list
      Connection:
      - keep-alive
      ParameterSetName:
      - --endpoint-name -g
      User-Agent:
      - python/3.7.4 (Linux-4.15.0-99-generic-x86_64-with-debian-buster-sid) msrest/0.6.16
        msrest_azure/0.6.3 azure-mgmt-network/10.2.0 Azure-SDK-For-Python AZURECLI/2.7.0
      accept-language:
      - en-US
    method: GET
    uri: https://management.azure.com/subscriptions/00000000-0000-0000-0000-000000000000/resourceGroups/fanqiu_cli_test_network_private_endpoints000001/providers/Microsoft.Network/privateEndpoints/cli-pe-000005/privateDnsZoneGroups?api-version=2020-05-01
  response:
    body:
      string: "{\r\n  \"value\": [\r\n    {\r\n      \"name\": \"clidnsgroup\",\r\n\
        \      \"id\": \"/subscriptions/00000000-0000-0000-0000-000000000000/resourceGroups/fanqiu_cli_test_network_private_endpoints000001/providers/Microsoft.Network/privateEndpoints/cli-pe-000005/privateDnsZoneGroups/clidnsgroup\"\
        ,\r\n      \"etag\": \"W/\\\"afe4cbfe-af78-4f8a-8e1c-beecc3825471\\\"\",\r\
        \n      \"type\": \"Microsoft.Network/privateEndpoints/privateDnsZoneGroups\"\
        ,\r\n      \"properties\": {\r\n        \"provisioningState\": \"Succeeded\"\
        ,\r\n        \"privateDnsZoneConfigs\": [\r\n          {\r\n            \"\
        name\": \"clizone1\",\r\n            \"id\": \"/subscriptions/00000000-0000-0000-0000-000000000000/resourceGroups/fanqiu_cli_test_network_private_endpoints000001/providers/Microsoft.Network/privateEndpoints/cli-pe-000005/privateDnsZoneGroups/clidnsgroup/privateDnsZoneConfigs/clizone1\"\
        ,\r\n            \"etag\": \"W/\\\"afe4cbfe-af78-4f8a-8e1c-beecc3825471\\\"\
        \",\r\n            \"type\": \"Microsoft.Network/privateEndpoints/privateDnsZoneGroups/privateDnsZoneConfigs\"\
        ,\r\n            \"properties\": {\r\n              \"provisioningState\"\
        : \"Succeeded\",\r\n              \"privateDnsZoneId\": \"/subscriptions/00000000-0000-0000-0000-000000000000/resourceGroups/fanqiu_cli_test_network_private_endpoints000001/providers/Microsoft.Network/privateDnsZones/www.clizone1.com\"\
        ,\r\n              \"recordSets\": []\r\n            }\r\n          },\r\n\
        \          {\r\n            \"name\": \"clizone2\",\r\n            \"id\"\
        : \"/subscriptions/00000000-0000-0000-0000-000000000000/resourceGroups/fanqiu_cli_test_network_private_endpoints000001/providers/Microsoft.Network/privateEndpoints/cli-pe-000005/privateDnsZoneGroups/clidnsgroup/privateDnsZoneConfigs/clizone2\"\
        ,\r\n            \"etag\": \"W/\\\"afe4cbfe-af78-4f8a-8e1c-beecc3825471\\\"\
        \",\r\n            \"type\": \"Microsoft.Network/privateEndpoints/privateDnsZoneGroups/privateDnsZoneConfigs\"\
        ,\r\n            \"properties\": {\r\n              \"provisioningState\"\
        : \"Succeeded\",\r\n              \"privateDnsZoneId\": \"/subscriptions/00000000-0000-0000-0000-000000000000/resourceGroups/fanqiu_cli_test_network_private_endpoints000001/providers/Microsoft.Network/privateDnsZones/www.clizone2.com\"\
        ,\r\n              \"recordSets\": []\r\n            }\r\n          }\r\n\
        \        ]\r\n      }\r\n    }\r\n  ]\r\n}"
    headers:
      cache-control:
      - no-cache
      content-length:
      - '2375'
      content-type:
      - application/json; charset=utf-8
      date:
      - Sun, 14 Jun 2020 12:46:41 GMT
      expires:
      - '-1'
      pragma:
      - no-cache
      server:
      - Microsoft-HTTPAPI/2.0
      - Microsoft-HTTPAPI/2.0
      strict-transport-security:
      - max-age=31536000; includeSubDomains
      transfer-encoding:
      - chunked
      vary:
      - Accept-Encoding
      x-content-type-options:
      - nosniff
      x-ms-arm-service-request-id:
      - 022f7a9b-9b5c-47e6-8d1f-5f550d50cb9a
    status:
      code: 200
      message: OK
- request:
    body: null
    headers:
      Accept:
      - application/json
      Accept-Encoding:
      - gzip, deflate
      CommandName:
      - network private-endpoint dns-zone-group remove
      Connection:
      - keep-alive
      ParameterSetName:
      - --endpoint-name -g -n --zone-name
      User-Agent:
      - python/3.7.4 (Linux-4.15.0-99-generic-x86_64-with-debian-buster-sid) msrest/0.6.16
        msrest_azure/0.6.3 azure-mgmt-network/10.2.0 Azure-SDK-For-Python AZURECLI/2.7.0
      accept-language:
      - en-US
    method: GET
    uri: https://management.azure.com/subscriptions/00000000-0000-0000-0000-000000000000/resourceGroups/fanqiu_cli_test_network_private_endpoints000001/providers/Microsoft.Network/privateEndpoints/cli-pe-000005/privateDnsZoneGroups/clidnsgroup?api-version=2020-05-01
  response:
    body:
      string: "{\r\n  \"name\": \"clidnsgroup\",\r\n  \"id\": \"/subscriptions/00000000-0000-0000-0000-000000000000/resourceGroups/fanqiu_cli_test_network_private_endpoints000001/providers/Microsoft.Network/privateEndpoints/cli-pe-000005/privateDnsZoneGroups/clidnsgroup\"\
        ,\r\n  \"etag\": \"W/\\\"afe4cbfe-af78-4f8a-8e1c-beecc3825471\\\"\",\r\n \
        \ \"type\": \"Microsoft.Network/privateEndpoints/privateDnsZoneGroups\",\r\
        \n  \"properties\": {\r\n    \"provisioningState\": \"Succeeded\",\r\n   \
        \ \"privateDnsZoneConfigs\": [\r\n      {\r\n        \"name\": \"clizone1\"\
        ,\r\n        \"id\": \"/subscriptions/00000000-0000-0000-0000-000000000000/resourceGroups/fanqiu_cli_test_network_private_endpoints000001/providers/Microsoft.Network/privateEndpoints/cli-pe-000005/privateDnsZoneGroups/clidnsgroup/privateDnsZoneConfigs/clizone1\"\
        ,\r\n        \"etag\": \"W/\\\"afe4cbfe-af78-4f8a-8e1c-beecc3825471\\\"\"\
        ,\r\n        \"type\": \"Microsoft.Network/privateEndpoints/privateDnsZoneGroups/privateDnsZoneConfigs\"\
        ,\r\n        \"properties\": {\r\n          \"provisioningState\": \"Succeeded\"\
        ,\r\n          \"privateDnsZoneId\": \"/subscriptions/00000000-0000-0000-0000-000000000000/resourceGroups/fanqiu_cli_test_network_private_endpoints000001/providers/Microsoft.Network/privateDnsZones/www.clizone1.com\"\
        ,\r\n          \"recordSets\": []\r\n        }\r\n      },\r\n      {\r\n\
        \        \"name\": \"clizone2\",\r\n        \"id\": \"/subscriptions/00000000-0000-0000-0000-000000000000/resourceGroups/fanqiu_cli_test_network_private_endpoints000001/providers/Microsoft.Network/privateEndpoints/cli-pe-000005/privateDnsZoneGroups/clidnsgroup/privateDnsZoneConfigs/clizone2\"\
        ,\r\n        \"etag\": \"W/\\\"afe4cbfe-af78-4f8a-8e1c-beecc3825471\\\"\"\
        ,\r\n        \"type\": \"Microsoft.Network/privateEndpoints/privateDnsZoneGroups/privateDnsZoneConfigs\"\
        ,\r\n        \"properties\": {\r\n          \"provisioningState\": \"Succeeded\"\
        ,\r\n          \"privateDnsZoneId\": \"/subscriptions/00000000-0000-0000-0000-000000000000/resourceGroups/fanqiu_cli_test_network_private_endpoints000001/providers/Microsoft.Network/privateDnsZones/www.clizone2.com\"\
        ,\r\n          \"recordSets\": []\r\n        }\r\n      }\r\n    ]\r\n  }\r\
        \n}"
    headers:
      cache-control:
      - no-cache
      content-length:
      - '2218'
      content-type:
      - application/json; charset=utf-8
      date:
      - Sun, 14 Jun 2020 12:46:43 GMT
      etag:
      - W/"afe4cbfe-af78-4f8a-8e1c-beecc3825471"
      expires:
      - '-1'
      pragma:
      - no-cache
      server:
      - Microsoft-HTTPAPI/2.0
      - Microsoft-HTTPAPI/2.0
      strict-transport-security:
      - max-age=31536000; includeSubDomains
      transfer-encoding:
      - chunked
      vary:
      - Accept-Encoding
      x-content-type-options:
      - nosniff
      x-ms-arm-service-request-id:
      - 4c064137-8ad9-4c47-81d6-c1854092eb93
    status:
      code: 200
      message: OK
- request:
    body: 'b''{"id": "/subscriptions/00000000-0000-0000-0000-000000000000/resourceGroups/fanqiu_cli_test_network_private_endpoints000001/providers/Microsoft.Network/privateEndpoints/cli-pe-000005/privateDnsZoneGroups/clidnsgroup",
      "name": "clidnsgroup", "properties": {"privateDnsZoneConfigs": [{"name": "clizone1",
      "properties": {"privateDnsZoneId": "/subscriptions/00000000-0000-0000-0000-000000000000/resourceGroups/fanqiu_cli_test_network_private_endpoints000001/providers/Microsoft.Network/privateDnsZones/www.clizone1.com"}}]}}'''
    headers:
      Accept:
      - application/json
      Accept-Encoding:
      - gzip, deflate
      CommandName:
      - network private-endpoint dns-zone-group remove
      Connection:
      - keep-alive
      Content-Length:
      - '586'
      Content-Type:
      - application/json; charset=utf-8
      ParameterSetName:
      - --endpoint-name -g -n --zone-name
      User-Agent:
      - python/3.7.4 (Linux-4.15.0-99-generic-x86_64-with-debian-buster-sid) msrest/0.6.16
        msrest_azure/0.6.3 azure-mgmt-network/10.2.0 Azure-SDK-For-Python AZURECLI/2.7.0
      accept-language:
      - en-US
    method: PUT
    uri: https://management.azure.com/subscriptions/00000000-0000-0000-0000-000000000000/resourceGroups/fanqiu_cli_test_network_private_endpoints000001/providers/Microsoft.Network/privateEndpoints/cli-pe-000005/privateDnsZoneGroups/clidnsgroup?api-version=2020-05-01
  response:
    body:
      string: "{\r\n  \"name\": \"clidnsgroup\",\r\n  \"id\": \"/subscriptions/00000000-0000-0000-0000-000000000000/resourceGroups/fanqiu_cli_test_network_private_endpoints000001/providers/Microsoft.Network/privateEndpoints/cli-pe-000005/privateDnsZoneGroups/clidnsgroup\"\
        ,\r\n  \"etag\": \"W/\\\"ff814c8f-bce3-4085-8ce1-a45c89b24953\\\"\",\r\n \
        \ \"type\": \"Microsoft.Network/privateEndpoints/privateDnsZoneGroups\",\r\
        \n  \"properties\": {\r\n    \"provisioningState\": \"Updating\",\r\n    \"\
        privateDnsZoneConfigs\": [\r\n      {\r\n        \"name\": \"clizone1\",\r\
        \n        \"id\": \"/subscriptions/00000000-0000-0000-0000-000000000000/resourceGroups/fanqiu_cli_test_network_private_endpoints000001/providers/Microsoft.Network/privateEndpoints/cli-pe-000005/privateDnsZoneGroups/clidnsgroup/privateDnsZoneConfigs/clizone1\"\
        ,\r\n        \"etag\": \"W/\\\"ff814c8f-bce3-4085-8ce1-a45c89b24953\\\"\"\
        ,\r\n        \"type\": \"Microsoft.Network/privateEndpoints/privateDnsZoneGroups/privateDnsZoneConfigs\"\
        ,\r\n        \"properties\": {\r\n          \"provisioningState\": \"Updating\"\
        ,\r\n          \"privateDnsZoneId\": \"/subscriptions/00000000-0000-0000-0000-000000000000/resourceGroups/fanqiu_cli_test_network_private_endpoints000001/providers/Microsoft.Network/privateDnsZones/www.clizone1.com\"\
        ,\r\n          \"recordSets\": []\r\n        }\r\n      }\r\n    ]\r\n  }\r\
        \n}"
    headers:
      azure-asyncoperation:
      - https://management.azure.com/subscriptions/00000000-0000-0000-0000-000000000000/providers/Microsoft.Network/locations/centraluseuap/operations/094ca81a-acf9-4598-acca-6b314acbc983?api-version=2020-05-01
      cache-control:
      - no-cache
      content-length:
      - '1365'
      content-type:
      - application/json; charset=utf-8
      date:
      - Sun, 14 Jun 2020 12:46:43 GMT
      expires:
      - '-1'
      pragma:
      - no-cache
      server:
      - Microsoft-HTTPAPI/2.0
      - Microsoft-HTTPAPI/2.0
      strict-transport-security:
      - max-age=31536000; includeSubDomains
      transfer-encoding:
      - chunked
      vary:
      - Accept-Encoding
      x-content-type-options:
      - nosniff
      x-ms-arm-service-request-id:
      - 6382d8ec-3162-4db3-ab88-844822cc0d8d
      x-ms-ratelimit-remaining-subscription-writes:
      - '1195'
    status:
      code: 200
      message: OK
- request:
    body: null
    headers:
      Accept:
      - application/json
      Accept-Encoding:
      - gzip, deflate
      CommandName:
      - network private-endpoint dns-zone-group remove
      Connection:
      - keep-alive
      ParameterSetName:
      - --endpoint-name -g -n --zone-name
      User-Agent:
      - python/3.7.4 (Linux-4.15.0-99-generic-x86_64-with-debian-buster-sid) msrest/0.6.16
        msrest_azure/0.6.3 azure-mgmt-network/10.2.0 Azure-SDK-For-Python AZURECLI/2.7.0
    method: GET
    uri: https://management.azure.com/subscriptions/00000000-0000-0000-0000-000000000000/providers/Microsoft.Network/locations/centraluseuap/operations/094ca81a-acf9-4598-acca-6b314acbc983?api-version=2020-05-01
  response:
    body:
      string: "{\r\n  \"status\": \"Succeeded\"\r\n}"
    headers:
      cache-control:
      - no-cache
      content-length:
      - '29'
      content-type:
      - application/json; charset=utf-8
      date:
      - Sun, 14 Jun 2020 12:46:55 GMT
      expires:
      - '-1'
      pragma:
      - no-cache
      server:
      - Microsoft-HTTPAPI/2.0
      - Microsoft-HTTPAPI/2.0
      strict-transport-security:
      - max-age=31536000; includeSubDomains
      transfer-encoding:
      - chunked
      vary:
      - Accept-Encoding
      x-content-type-options:
      - nosniff
      x-ms-arm-service-request-id:
      - 3c160e32-30c6-49d4-90d0-22dc03dae05b
    status:
      code: 200
      message: OK
- request:
    body: null
    headers:
      Accept:
      - application/json
      Accept-Encoding:
      - gzip, deflate
      CommandName:
      - network private-endpoint dns-zone-group remove
      Connection:
      - keep-alive
      ParameterSetName:
      - --endpoint-name -g -n --zone-name
      User-Agent:
      - python/3.7.4 (Linux-4.15.0-99-generic-x86_64-with-debian-buster-sid) msrest/0.6.16
        msrest_azure/0.6.3 azure-mgmt-network/10.2.0 Azure-SDK-For-Python AZURECLI/2.7.0
    method: GET
    uri: https://management.azure.com/subscriptions/00000000-0000-0000-0000-000000000000/resourceGroups/fanqiu_cli_test_network_private_endpoints000001/providers/Microsoft.Network/privateEndpoints/cli-pe-000005/privateDnsZoneGroups/clidnsgroup?api-version=2020-05-01
  response:
    body:
      string: "{\r\n  \"name\": \"clidnsgroup\",\r\n  \"id\": \"/subscriptions/00000000-0000-0000-0000-000000000000/resourceGroups/fanqiu_cli_test_network_private_endpoints000001/providers/Microsoft.Network/privateEndpoints/cli-pe-000005/privateDnsZoneGroups/clidnsgroup\"\
        ,\r\n  \"etag\": \"W/\\\"517f16c0-9ecd-4d45-a5b9-a438ed846348\\\"\",\r\n \
        \ \"type\": \"Microsoft.Network/privateEndpoints/privateDnsZoneGroups\",\r\
        \n  \"properties\": {\r\n    \"provisioningState\": \"Succeeded\",\r\n   \
        \ \"privateDnsZoneConfigs\": [\r\n      {\r\n        \"name\": \"clizone1\"\
        ,\r\n        \"id\": \"/subscriptions/00000000-0000-0000-0000-000000000000/resourceGroups/fanqiu_cli_test_network_private_endpoints000001/providers/Microsoft.Network/privateEndpoints/cli-pe-000005/privateDnsZoneGroups/clidnsgroup/privateDnsZoneConfigs/clizone1\"\
        ,\r\n        \"etag\": \"W/\\\"517f16c0-9ecd-4d45-a5b9-a438ed846348\\\"\"\
        ,\r\n        \"type\": \"Microsoft.Network/privateEndpoints/privateDnsZoneGroups/privateDnsZoneConfigs\"\
        ,\r\n        \"properties\": {\r\n          \"provisioningState\": \"Succeeded\"\
        ,\r\n          \"privateDnsZoneId\": \"/subscriptions/00000000-0000-0000-0000-000000000000/resourceGroups/fanqiu_cli_test_network_private_endpoints000001/providers/Microsoft.Network/privateDnsZones/www.clizone1.com\"\
        ,\r\n          \"recordSets\": []\r\n        }\r\n      }\r\n    ]\r\n  }\r\
        \n}"
    headers:
      cache-control:
      - no-cache
      content-length:
      - '1367'
      content-type:
      - application/json; charset=utf-8
      date:
      - Sun, 14 Jun 2020 12:46:56 GMT
      etag:
      - W/"517f16c0-9ecd-4d45-a5b9-a438ed846348"
      expires:
      - '-1'
      pragma:
      - no-cache
      server:
      - Microsoft-HTTPAPI/2.0
      - Microsoft-HTTPAPI/2.0
      strict-transport-security:
      - max-age=31536000; includeSubDomains
      transfer-encoding:
      - chunked
      vary:
      - Accept-Encoding
      x-content-type-options:
      - nosniff
      x-ms-arm-service-request-id:
      - 9a8da3cb-759d-4069-a07e-de418dc62cf7
    status:
      code: 200
      message: OK
- request:
    body: null
    headers:
      Accept:
      - application/json
      Accept-Encoding:
      - gzip, deflate
      CommandName:
      - network private-endpoint dns-zone-group show
      Connection:
      - keep-alive
      ParameterSetName:
      - --endpoint-name -g -n
      User-Agent:
      - python/3.7.4 (Linux-4.15.0-99-generic-x86_64-with-debian-buster-sid) msrest/0.6.16
        msrest_azure/0.6.3 azure-mgmt-network/10.2.0 Azure-SDK-For-Python AZURECLI/2.7.0
      accept-language:
      - en-US
    method: GET
    uri: https://management.azure.com/subscriptions/00000000-0000-0000-0000-000000000000/resourceGroups/fanqiu_cli_test_network_private_endpoints000001/providers/Microsoft.Network/privateEndpoints/cli-pe-000005/privateDnsZoneGroups/clidnsgroup?api-version=2020-05-01
  response:
    body:
      string: "{\r\n  \"name\": \"clidnsgroup\",\r\n  \"id\": \"/subscriptions/00000000-0000-0000-0000-000000000000/resourceGroups/fanqiu_cli_test_network_private_endpoints000001/providers/Microsoft.Network/privateEndpoints/cli-pe-000005/privateDnsZoneGroups/clidnsgroup\"\
        ,\r\n  \"etag\": \"W/\\\"517f16c0-9ecd-4d45-a5b9-a438ed846348\\\"\",\r\n \
        \ \"type\": \"Microsoft.Network/privateEndpoints/privateDnsZoneGroups\",\r\
        \n  \"properties\": {\r\n    \"provisioningState\": \"Succeeded\",\r\n   \
        \ \"privateDnsZoneConfigs\": [\r\n      {\r\n        \"name\": \"clizone1\"\
        ,\r\n        \"id\": \"/subscriptions/00000000-0000-0000-0000-000000000000/resourceGroups/fanqiu_cli_test_network_private_endpoints000001/providers/Microsoft.Network/privateEndpoints/cli-pe-000005/privateDnsZoneGroups/clidnsgroup/privateDnsZoneConfigs/clizone1\"\
        ,\r\n        \"etag\": \"W/\\\"517f16c0-9ecd-4d45-a5b9-a438ed846348\\\"\"\
        ,\r\n        \"type\": \"Microsoft.Network/privateEndpoints/privateDnsZoneGroups/privateDnsZoneConfigs\"\
        ,\r\n        \"properties\": {\r\n          \"provisioningState\": \"Succeeded\"\
        ,\r\n          \"privateDnsZoneId\": \"/subscriptions/00000000-0000-0000-0000-000000000000/resourceGroups/fanqiu_cli_test_network_private_endpoints000001/providers/Microsoft.Network/privateDnsZones/www.clizone1.com\"\
        ,\r\n          \"recordSets\": []\r\n        }\r\n      }\r\n    ]\r\n  }\r\
        \n}"
    headers:
      cache-control:
      - no-cache
      content-length:
      - '1367'
      content-type:
      - application/json; charset=utf-8
      date:
      - Sun, 14 Jun 2020 12:47:06 GMT
      etag:
      - W/"517f16c0-9ecd-4d45-a5b9-a438ed846348"
      expires:
      - '-1'
      pragma:
      - no-cache
      server:
      - Microsoft-HTTPAPI/2.0
      - Microsoft-HTTPAPI/2.0
      strict-transport-security:
      - max-age=31536000; includeSubDomains
      transfer-encoding:
      - chunked
      vary:
      - Accept-Encoding
      x-content-type-options:
      - nosniff
      x-ms-arm-service-request-id:
      - 866f4142-a1ee-4526-a9eb-84b11dbbe95e
    status:
      code: 200
      message: OK
- request:
    body: null
    headers:
      Accept:
      - application/json
      Accept-Encoding:
      - gzip, deflate
      CommandName:
      - network private-endpoint dns-zone-group delete
      Connection:
      - keep-alive
      Content-Length:
      - '0'
      ParameterSetName:
      - --endpoint-name -g -n
      User-Agent:
      - python/3.7.4 (Linux-4.15.0-99-generic-x86_64-with-debian-buster-sid) msrest/0.6.16
        msrest_azure/0.6.3 azure-mgmt-network/10.2.0 Azure-SDK-For-Python AZURECLI/2.7.0
      accept-language:
      - en-US
    method: DELETE
    uri: https://management.azure.com/subscriptions/00000000-0000-0000-0000-000000000000/resourceGroups/fanqiu_cli_test_network_private_endpoints000001/providers/Microsoft.Network/privateEndpoints/cli-pe-000005/privateDnsZoneGroups/clidnsgroup?api-version=2020-05-01
  response:
    body:
      string: ''
    headers:
      azure-asyncoperation:
      - https://management.azure.com/subscriptions/00000000-0000-0000-0000-000000000000/providers/Microsoft.Network/locations/centraluseuap/operations/bfe21a3a-123d-4dee-b3b5-58d45e9a92ae?api-version=2020-05-01
      cache-control:
      - no-cache
      content-length:
      - '0'
      date:
      - Sun, 14 Jun 2020 12:47:06 GMT
      expires:
      - '-1'
      location:
      - https://management.azure.com/subscriptions/00000000-0000-0000-0000-000000000000/providers/Microsoft.Network/locations/centraluseuap/operationResults/bfe21a3a-123d-4dee-b3b5-58d45e9a92ae?api-version=2020-05-01
      pragma:
      - no-cache
      server:
      - Microsoft-HTTPAPI/2.0
      - Microsoft-HTTPAPI/2.0
      strict-transport-security:
      - max-age=31536000; includeSubDomains
      x-content-type-options:
      - nosniff
      x-ms-arm-service-request-id:
      - b5f65d26-458f-46a0-9852-db3c6cf8d880
      x-ms-ratelimit-remaining-subscription-deletes:
      - '14998'
    status:
      code: 202
      message: Accepted
- request:
    body: null
    headers:
      Accept:
      - application/json
      Accept-Encoding:
      - gzip, deflate
      CommandName:
      - network private-endpoint dns-zone-group delete
      Connection:
      - keep-alive
      ParameterSetName:
      - --endpoint-name -g -n
      User-Agent:
      - python/3.7.4 (Linux-4.15.0-99-generic-x86_64-with-debian-buster-sid) msrest/0.6.16
        msrest_azure/0.6.3 azure-mgmt-network/10.2.0 Azure-SDK-For-Python AZURECLI/2.7.0
    method: GET
    uri: https://management.azure.com/subscriptions/00000000-0000-0000-0000-000000000000/providers/Microsoft.Network/locations/centraluseuap/operations/bfe21a3a-123d-4dee-b3b5-58d45e9a92ae?api-version=2020-05-01
  response:
    body:
      string: "{\r\n  \"status\": \"Succeeded\"\r\n}"
    headers:
      cache-control:
      - no-cache
      content-length:
      - '29'
      content-type:
      - application/json; charset=utf-8
      date:
      - Sun, 14 Jun 2020 12:47:18 GMT
      expires:
      - '-1'
      pragma:
      - no-cache
      server:
      - Microsoft-HTTPAPI/2.0
      - Microsoft-HTTPAPI/2.0
      strict-transport-security:
      - max-age=31536000; includeSubDomains
      transfer-encoding:
      - chunked
      vary:
      - Accept-Encoding
      x-content-type-options:
      - nosniff
      x-ms-arm-service-request-id:
      - cabcf4a4-b3c6-4629-9473-4a5df2866566
    status:
      code: 200
      message: OK
version: 1
