interactions:
- request:
    body: '{"location": "centraluseuap", "tags": {}, "properties": {"addressSpace":
      {"addressPrefixes": ["10.0.0.0/16"]}, "dhcpOptions": {}}}'
    headers:
      Accept:
      - application/json
      Accept-Encoding:
      - gzip, deflate
      CommandName:
      - network vnet create
      Connection:
      - keep-alive
      Content-Length:
      - '130'
      Content-Type:
      - application/json
      ParameterSetName:
      - --resource-group --location --name --address-prefix
      User-Agent:
      - AZURECLI/2.28.1 azsdk-python-azure-mgmt-network/19.0.0 Python/3.8.3 (Windows-10-10.0.18362-SP0)
    method: PUT
    uri: https://management.azure.com/subscriptions/00000000-0000-0000-0000-000000000000/resourceGroups/cli_test_event_grid_pec000002/providers/Microsoft.Network/virtualNetworks/cli000003?api-version=2021-03-01
  response:
    body:
      string: "{\r\n  \"name\": \"cli000003\",\r\n  \"id\": \"/subscriptions/00000000-0000-0000-0000-000000000000/resourceGroups/cli_test_event_grid_pec000002/providers/Microsoft.Network/virtualNetworks/cli000003\",\r\n
        \ \"etag\": \"W/\\\"925b8d7b-9a45-49ad-bd18-a98e53805f6d\\\"\",\r\n  \"type\":
        \"Microsoft.Network/virtualNetworks\",\r\n  \"location\": \"centraluseuap\",\r\n
        \ \"tags\": {},\r\n  \"properties\": {\r\n    \"provisioningState\": \"Updating\",\r\n
        \   \"resourceGuid\": \"caec982c-b3f4-42ce-ae87-1a99753c140b\",\r\n    \"addressSpace\":
        {\r\n      \"addressPrefixes\": [\r\n        \"10.0.0.0/16\"\r\n      ]\r\n
        \   },\r\n    \"dhcpOptions\": {\r\n      \"dnsServers\": []\r\n    },\r\n
        \   \"subnets\": [],\r\n    \"virtualNetworkPeerings\": [],\r\n    \"enableDdosProtection\":
        false\r\n  }\r\n}"
    headers:
      azure-asyncnotification:
      - Enabled
      azure-asyncoperation:
      - https://management.azure.com/subscriptions/00000000-0000-0000-0000-000000000000/providers/Microsoft.Network/locations/centraluseuap/operations/8136fac1-b7fd-444f-909f-789cc28bb6ff?api-version=2021-03-01
      cache-control:
      - no-cache
      content-length:
      - '769'
      content-type:
      - application/json; charset=utf-8
      date:
      - Thu, 16 Sep 2021 05:00:34 GMT
      expires:
      - '-1'
      pragma:
      - no-cache
      server:
      - Microsoft-HTTPAPI/2.0
      - Microsoft-HTTPAPI/2.0
      strict-transport-security:
      - max-age=31536000; includeSubDomains
      x-content-type-options:
      - nosniff
      x-ms-arm-service-request-id:
      - 89abf3a8-d20f-40c5-aa10-b28f1e5178ba
      x-ms-ratelimit-remaining-subscription-writes:
      - '1193'
    status:
      code: 201
      message: Created
- request:
    body: null
    headers:
      Accept:
      - '*/*'
      Accept-Encoding:
      - gzip, deflate
      CommandName:
      - network vnet create
      Connection:
      - keep-alive
      ParameterSetName:
      - --resource-group --location --name --address-prefix
      User-Agent:
      - AZURECLI/2.28.1 azsdk-python-azure-mgmt-network/19.0.0 Python/3.8.3 (Windows-10-10.0.18362-SP0)
    method: GET
    uri: https://management.azure.com/subscriptions/00000000-0000-0000-0000-000000000000/providers/Microsoft.Network/locations/centraluseuap/operations/8136fac1-b7fd-444f-909f-789cc28bb6ff?api-version=2021-03-01
  response:
    body:
      string: "{\r\n  \"status\": \"Succeeded\"\r\n}"
    headers:
      cache-control:
      - no-cache
      content-length:
      - '29'
      content-type:
      - application/json; charset=utf-8
      date:
      - Thu, 16 Sep 2021 05:00:37 GMT
      expires:
      - '-1'
      pragma:
      - no-cache
      server:
      - Microsoft-HTTPAPI/2.0
      - Microsoft-HTTPAPI/2.0
      strict-transport-security:
      - max-age=31536000; includeSubDomains
      transfer-encoding:
      - chunked
      vary:
      - Accept-Encoding
      x-content-type-options:
      - nosniff
      x-ms-arm-service-request-id:
      - b15b6502-8f1b-43fa-b8ad-27f2b7fa6f12
    status:
      code: 200
      message: OK
- request:
    body: null
    headers:
      Accept:
      - '*/*'
      Accept-Encoding:
      - gzip, deflate
      CommandName:
      - network vnet create
      Connection:
      - keep-alive
      ParameterSetName:
      - --resource-group --location --name --address-prefix
      User-Agent:
      - AZURECLI/2.28.1 azsdk-python-azure-mgmt-network/19.0.0 Python/3.8.3 (Windows-10-10.0.18362-SP0)
    method: GET
    uri: https://management.azure.com/subscriptions/00000000-0000-0000-0000-000000000000/resourceGroups/cli_test_event_grid_pec000002/providers/Microsoft.Network/virtualNetworks/cli000003?api-version=2021-03-01
  response:
    body:
      string: "{\r\n  \"name\": \"cli000003\",\r\n  \"id\": \"/subscriptions/00000000-0000-0000-0000-000000000000/resourceGroups/cli_test_event_grid_pec000002/providers/Microsoft.Network/virtualNetworks/cli000003\",\r\n
        \ \"etag\": \"W/\\\"d7fa28b2-f10a-4110-aa96-5a7351a99f2b\\\"\",\r\n  \"type\":
        \"Microsoft.Network/virtualNetworks\",\r\n  \"location\": \"centraluseuap\",\r\n
        \ \"tags\": {},\r\n  \"properties\": {\r\n    \"provisioningState\": \"Succeeded\",\r\n
        \   \"resourceGuid\": \"caec982c-b3f4-42ce-ae87-1a99753c140b\",\r\n    \"addressSpace\":
        {\r\n      \"addressPrefixes\": [\r\n        \"10.0.0.0/16\"\r\n      ]\r\n
        \   },\r\n    \"dhcpOptions\": {\r\n      \"dnsServers\": []\r\n    },\r\n
        \   \"subnets\": [],\r\n    \"virtualNetworkPeerings\": [],\r\n    \"enableDdosProtection\":
        false\r\n  }\r\n}"
    headers:
      cache-control:
      - no-cache
      content-length:
      - '770'
      content-type:
      - application/json; charset=utf-8
      date:
      - Thu, 16 Sep 2021 05:00:38 GMT
      etag:
      - W/"d7fa28b2-f10a-4110-aa96-5a7351a99f2b"
      expires:
      - '-1'
      pragma:
      - no-cache
      server:
      - Microsoft-HTTPAPI/2.0
      - Microsoft-HTTPAPI/2.0
      strict-transport-security:
      - max-age=31536000; includeSubDomains
      transfer-encoding:
      - chunked
      vary:
      - Accept-Encoding
      x-content-type-options:
      - nosniff
      x-ms-arm-service-request-id:
      - 49a476e9-bc52-476d-b9d7-b6ebd0b3f710
    status:
      code: 200
      message: OK
- request:
    body: null
    headers:
      Accept:
      - application/json
      Accept-Encoding:
      - gzip, deflate
      CommandName:
      - network vnet subnet create
      Connection:
      - keep-alive
      ParameterSetName:
      - --resource-group --vnet-name --name --address-prefixes
      User-Agent:
      - AZURECLI/2.28.1 azsdk-python-azure-mgmt-network/19.0.0 Python/3.8.3 (Windows-10-10.0.18362-SP0)
    method: GET
    uri: https://management.azure.com/subscriptions/00000000-0000-0000-0000-000000000000/resourceGroups/cli_test_event_grid_pec000002/providers/Microsoft.Network/virtualNetworks/cli000003?api-version=2021-03-01
  response:
    body:
      string: "{\r\n  \"name\": \"cli000003\",\r\n  \"id\": \"/subscriptions/00000000-0000-0000-0000-000000000000/resourceGroups/cli_test_event_grid_pec000002/providers/Microsoft.Network/virtualNetworks/cli000003\",\r\n
        \ \"etag\": \"W/\\\"d7fa28b2-f10a-4110-aa96-5a7351a99f2b\\\"\",\r\n  \"type\":
        \"Microsoft.Network/virtualNetworks\",\r\n  \"location\": \"centraluseuap\",\r\n
        \ \"tags\": {},\r\n  \"properties\": {\r\n    \"provisioningState\": \"Succeeded\",\r\n
        \   \"resourceGuid\": \"caec982c-b3f4-42ce-ae87-1a99753c140b\",\r\n    \"addressSpace\":
        {\r\n      \"addressPrefixes\": [\r\n        \"10.0.0.0/16\"\r\n      ]\r\n
        \   },\r\n    \"dhcpOptions\": {\r\n      \"dnsServers\": []\r\n    },\r\n
        \   \"subnets\": [],\r\n    \"virtualNetworkPeerings\": [],\r\n    \"enableDdosProtection\":
        false\r\n  }\r\n}"
    headers:
      cache-control:
      - no-cache
      content-length:
      - '770'
      content-type:
      - application/json; charset=utf-8
      date:
      - Thu, 16 Sep 2021 05:00:40 GMT
      etag:
      - W/"d7fa28b2-f10a-4110-aa96-5a7351a99f2b"
      expires:
      - '-1'
      pragma:
      - no-cache
      server:
      - Microsoft-HTTPAPI/2.0
      - Microsoft-HTTPAPI/2.0
      strict-transport-security:
      - max-age=31536000; includeSubDomains
      transfer-encoding:
      - chunked
      vary:
      - Accept-Encoding
      x-content-type-options:
      - nosniff
      x-ms-arm-service-request-id:
      - b8af6c5d-0d99-4236-9596-fc23a1a07b2e
    status:
      code: 200
      message: OK
- request:
    body: '{"id": "/subscriptions/00000000-0000-0000-0000-000000000000/resourceGroups/cli_test_event_grid_pec000002/providers/Microsoft.Network/virtualNetworks/cli000003",
      "location": "centraluseuap", "tags": {}, "properties": {"addressSpace": {"addressPrefixes":
      ["10.0.0.0/16"]}, "dhcpOptions": {"dnsServers": []}, "subnets": [{"name": "cli000004",
      "properties": {"addressPrefix": "10.0.0.0/24", "privateEndpointNetworkPolicies":
      "Enabled", "privateLinkServiceNetworkPolicies": "Enabled"}}], "virtualNetworkPeerings":
      [], "enableDdosProtection": false}}'
    headers:
      Accept:
      - application/json
      Accept-Encoding:
      - gzip, deflate
      CommandName:
      - network vnet subnet create
      Connection:
      - keep-alive
      Content-Length:
      - '612'
      Content-Type:
      - application/json
      ParameterSetName:
      - --resource-group --vnet-name --name --address-prefixes
      User-Agent:
      - AZURECLI/2.28.1 azsdk-python-azure-mgmt-network/19.0.0 Python/3.8.3 (Windows-10-10.0.18362-SP0)
    method: PUT
    uri: https://management.azure.com/subscriptions/00000000-0000-0000-0000-000000000000/resourceGroups/cli_test_event_grid_pec000002/providers/Microsoft.Network/virtualNetworks/cli000003?api-version=2021-03-01
  response:
    body:
      string: "{\r\n  \"name\": \"cli000003\",\r\n  \"id\": \"/subscriptions/00000000-0000-0000-0000-000000000000/resourceGroups/cli_test_event_grid_pec000002/providers/Microsoft.Network/virtualNetworks/cli000003\",\r\n
        \ \"etag\": \"W/\\\"26b8a0e4-1d76-45a4-a8b3-c83d41945da2\\\"\",\r\n  \"type\":
        \"Microsoft.Network/virtualNetworks\",\r\n  \"location\": \"centraluseuap\",\r\n
        \ \"tags\": {},\r\n  \"properties\": {\r\n    \"provisioningState\": \"Updating\",\r\n
        \   \"resourceGuid\": \"caec982c-b3f4-42ce-ae87-1a99753c140b\",\r\n    \"addressSpace\":
        {\r\n      \"addressPrefixes\": [\r\n        \"10.0.0.0/16\"\r\n      ]\r\n
        \   },\r\n    \"dhcpOptions\": {\r\n      \"dnsServers\": []\r\n    },\r\n
        \   \"subnets\": [\r\n      {\r\n        \"name\": \"cli000004\",\r\n        \"id\":
        \"/subscriptions/00000000-0000-0000-0000-000000000000/resourceGroups/cli_test_event_grid_pec000002/providers/Microsoft.Network/virtualNetworks/cli000003/subnets/cli000004\",\r\n
        \       \"etag\": \"W/\\\"26b8a0e4-1d76-45a4-a8b3-c83d41945da2\\\"\",\r\n
        \       \"properties\": {\r\n          \"provisioningState\": \"Updating\",\r\n
        \         \"addressPrefix\": \"10.0.0.0/24\",\r\n          \"delegations\":
        [],\r\n          \"privateEndpointNetworkPolicies\": \"Enabled\",\r\n          \"privateLinkServiceNetworkPolicies\":
        \"Enabled\"\r\n        },\r\n        \"type\": \"Microsoft.Network/virtualNetworks/subnets\"\r\n
        \     }\r\n    ],\r\n    \"virtualNetworkPeerings\": [],\r\n    \"enableDdosProtection\":
        false\r\n  }\r\n}"
    headers:
      azure-asyncnotification:
      - Enabled
      azure-asyncoperation:
      - https://management.azure.com/subscriptions/00000000-0000-0000-0000-000000000000/providers/Microsoft.Network/locations/centraluseuap/operations/31ea9aae-d5d3-42bb-925e-aee055a6e70a?api-version=2021-03-01
      cache-control:
      - no-cache
      content-length:
      - '1481'
      content-type:
      - application/json; charset=utf-8
      date:
      - Thu, 16 Sep 2021 05:00:41 GMT
      expires:
      - '-1'
      pragma:
      - no-cache
      server:
      - Microsoft-HTTPAPI/2.0
      - Microsoft-HTTPAPI/2.0
      strict-transport-security:
      - max-age=31536000; includeSubDomains
      transfer-encoding:
      - chunked
      vary:
      - Accept-Encoding
      x-content-type-options:
      - nosniff
      x-ms-arm-service-request-id:
      - 0ed67cfe-c859-4959-a07b-eb5fe71e01e5
      x-ms-ratelimit-remaining-subscription-writes:
      - '1195'
    status:
      code: 200
      message: OK
- request:
    body: null
    headers:
      Accept:
      - '*/*'
      Accept-Encoding:
      - gzip, deflate
      CommandName:
      - network vnet subnet create
      Connection:
      - keep-alive
      ParameterSetName:
      - --resource-group --vnet-name --name --address-prefixes
      User-Agent:
      - AZURECLI/2.28.1 azsdk-python-azure-mgmt-network/19.0.0 Python/3.8.3 (Windows-10-10.0.18362-SP0)
    method: GET
    uri: https://management.azure.com/subscriptions/00000000-0000-0000-0000-000000000000/providers/Microsoft.Network/locations/centraluseuap/operations/31ea9aae-d5d3-42bb-925e-aee055a6e70a?api-version=2021-03-01
  response:
    body:
      string: "{\r\n  \"status\": \"Succeeded\"\r\n}"
    headers:
      cache-control:
      - no-cache
      content-length:
      - '29'
      content-type:
      - application/json; charset=utf-8
      date:
      - Thu, 16 Sep 2021 05:00:46 GMT
      expires:
      - '-1'
      pragma:
      - no-cache
      server:
      - Microsoft-HTTPAPI/2.0
      - Microsoft-HTTPAPI/2.0
      strict-transport-security:
      - max-age=31536000; includeSubDomains
      transfer-encoding:
      - chunked
      vary:
      - Accept-Encoding
      x-content-type-options:
      - nosniff
      x-ms-arm-service-request-id:
      - 391077b9-1ce5-4914-a5d5-ed4ab3bb04a4
    status:
      code: 200
      message: OK
- request:
    body: null
    headers:
      Accept:
      - '*/*'
      Accept-Encoding:
      - gzip, deflate
      CommandName:
      - network vnet subnet create
      Connection:
      - keep-alive
      ParameterSetName:
      - --resource-group --vnet-name --name --address-prefixes
      User-Agent:
      - AZURECLI/2.28.1 azsdk-python-azure-mgmt-network/19.0.0 Python/3.8.3 (Windows-10-10.0.18362-SP0)
    method: GET
    uri: https://management.azure.com/subscriptions/00000000-0000-0000-0000-000000000000/resourceGroups/cli_test_event_grid_pec000002/providers/Microsoft.Network/virtualNetworks/cli000003?api-version=2021-03-01
  response:
    body:
      string: "{\r\n  \"name\": \"cli000003\",\r\n  \"id\": \"/subscriptions/00000000-0000-0000-0000-000000000000/resourceGroups/cli_test_event_grid_pec000002/providers/Microsoft.Network/virtualNetworks/cli000003\",\r\n
        \ \"etag\": \"W/\\\"f05adf90-612c-4c68-b33d-61caf7802b14\\\"\",\r\n  \"type\":
        \"Microsoft.Network/virtualNetworks\",\r\n  \"location\": \"centraluseuap\",\r\n
        \ \"tags\": {},\r\n  \"properties\": {\r\n    \"provisioningState\": \"Succeeded\",\r\n
        \   \"resourceGuid\": \"caec982c-b3f4-42ce-ae87-1a99753c140b\",\r\n    \"addressSpace\":
        {\r\n      \"addressPrefixes\": [\r\n        \"10.0.0.0/16\"\r\n      ]\r\n
        \   },\r\n    \"dhcpOptions\": {\r\n      \"dnsServers\": []\r\n    },\r\n
        \   \"subnets\": [\r\n      {\r\n        \"name\": \"cli000004\",\r\n        \"id\":
        \"/subscriptions/00000000-0000-0000-0000-000000000000/resourceGroups/cli_test_event_grid_pec000002/providers/Microsoft.Network/virtualNetworks/cli000003/subnets/cli000004\",\r\n
        \       \"etag\": \"W/\\\"f05adf90-612c-4c68-b33d-61caf7802b14\\\"\",\r\n
        \       \"properties\": {\r\n          \"provisioningState\": \"Succeeded\",\r\n
        \         \"addressPrefix\": \"10.0.0.0/24\",\r\n          \"delegations\":
        [],\r\n          \"privateEndpointNetworkPolicies\": \"Enabled\",\r\n          \"privateLinkServiceNetworkPolicies\":
        \"Enabled\"\r\n        },\r\n        \"type\": \"Microsoft.Network/virtualNetworks/subnets\"\r\n
        \     }\r\n    ],\r\n    \"virtualNetworkPeerings\": [],\r\n    \"enableDdosProtection\":
        false\r\n  }\r\n}"
    headers:
      cache-control:
      - no-cache
      content-length:
      - '1483'
      content-type:
      - application/json; charset=utf-8
      date:
      - Thu, 16 Sep 2021 05:00:46 GMT
      etag:
      - W/"f05adf90-612c-4c68-b33d-61caf7802b14"
      expires:
      - '-1'
      pragma:
      - no-cache
      server:
      - Microsoft-HTTPAPI/2.0
      - Microsoft-HTTPAPI/2.0
      strict-transport-security:
      - max-age=31536000; includeSubDomains
      transfer-encoding:
      - chunked
      vary:
      - Accept-Encoding
      x-content-type-options:
      - nosniff
      x-ms-arm-service-request-id:
      - a0fa89d7-7d13-49db-be85-b2db179949ab
    status:
      code: 200
      message: OK
- request:
    body: null
    headers:
      Accept:
      - application/json
      Accept-Encoding:
      - gzip, deflate
      CommandName:
      - network vnet subnet update
      Connection:
      - keep-alive
      ParameterSetName:
      - --resource-group --vnet-name --name --disable-private-endpoint-network-policies
      User-Agent:
      - AZURECLI/2.28.1 azsdk-python-azure-mgmt-network/19.0.0 Python/3.8.3 (Windows-10-10.0.18362-SP0)
    method: GET
    uri: https://management.azure.com/subscriptions/00000000-0000-0000-0000-000000000000/resourceGroups/cli_test_event_grid_pec000002/providers/Microsoft.Network/virtualNetworks/cli000003/subnets/cli000004?api-version=2021-03-01
  response:
    body:
      string: "{\r\n  \"name\": \"cli000004\",\r\n  \"id\": \"/subscriptions/00000000-0000-0000-0000-000000000000/resourceGroups/cli_test_event_grid_pec000002/providers/Microsoft.Network/virtualNetworks/cli000003/subnets/cli000004\",\r\n
        \ \"etag\": \"W/\\\"f05adf90-612c-4c68-b33d-61caf7802b14\\\"\",\r\n  \"properties\":
        {\r\n    \"provisioningState\": \"Succeeded\",\r\n    \"addressPrefix\": \"10.0.0.0/24\",\r\n
        \   \"delegations\": [],\r\n    \"privateEndpointNetworkPolicies\": \"Enabled\",\r\n
        \   \"privateLinkServiceNetworkPolicies\": \"Enabled\"\r\n  },\r\n  \"type\":
        \"Microsoft.Network/virtualNetworks/subnets\"\r\n}"
    headers:
      cache-control:
      - no-cache
      content-length:
      - '627'
      content-type:
      - application/json; charset=utf-8
      date:
      - Thu, 16 Sep 2021 05:00:49 GMT
      etag:
      - W/"f05adf90-612c-4c68-b33d-61caf7802b14"
      expires:
      - '-1'
      pragma:
      - no-cache
      server:
      - Microsoft-HTTPAPI/2.0
      - Microsoft-HTTPAPI/2.0
      strict-transport-security:
      - max-age=31536000; includeSubDomains
      transfer-encoding:
      - chunked
      vary:
      - Accept-Encoding
      x-content-type-options:
      - nosniff
      x-ms-arm-service-request-id:
      - 389de44a-ae05-4d88-8084-c60fc0bdde3f
    status:
      code: 200
      message: OK
- request:
    body: '{"id": "/subscriptions/00000000-0000-0000-0000-000000000000/resourceGroups/cli_test_event_grid_pec000002/providers/Microsoft.Network/virtualNetworks/cli000003/subnets/cli000004",
      "name": "cli000004", "type": "Microsoft.Network/virtualNetworks/subnets", "properties":
      {"addressPrefix": "10.0.0.0/24", "delegations": [], "privateEndpointNetworkPolicies":
      "Disabled", "privateLinkServiceNetworkPolicies": "Enabled"}}'
    headers:
      Accept:
      - application/json
      Accept-Encoding:
      - gzip, deflate
      CommandName:
      - network vnet subnet update
      Connection:
      - keep-alive
      Content-Length:
      - '492'
      Content-Type:
      - application/json
      ParameterSetName:
      - --resource-group --vnet-name --name --disable-private-endpoint-network-policies
      User-Agent:
      - AZURECLI/2.28.1 azsdk-python-azure-mgmt-network/19.0.0 Python/3.8.3 (Windows-10-10.0.18362-SP0)
    method: PUT
    uri: https://management.azure.com/subscriptions/00000000-0000-0000-0000-000000000000/resourceGroups/cli_test_event_grid_pec000002/providers/Microsoft.Network/virtualNetworks/cli000003/subnets/cli000004?api-version=2021-03-01
  response:
    body:
      string: "{\r\n  \"name\": \"cli000004\",\r\n  \"id\": \"/subscriptions/00000000-0000-0000-0000-000000000000/resourceGroups/cli_test_event_grid_pec000002/providers/Microsoft.Network/virtualNetworks/cli000003/subnets/cli000004\",\r\n
        \ \"etag\": \"W/\\\"e07beb5d-80a5-413a-93d8-349812fa5dd7\\\"\",\r\n  \"properties\":
        {\r\n    \"provisioningState\": \"Updating\",\r\n    \"addressPrefix\": \"10.0.0.0/24\",\r\n
        \   \"delegations\": [],\r\n    \"privateEndpointNetworkPolicies\": \"Disabled\",\r\n
        \   \"privateLinkServiceNetworkPolicies\": \"Enabled\"\r\n  },\r\n  \"type\":
        \"Microsoft.Network/virtualNetworks/subnets\"\r\n}"
    headers:
      azure-asyncoperation:
      - https://management.azure.com/subscriptions/00000000-0000-0000-0000-000000000000/providers/Microsoft.Network/locations/centraluseuap/operations/031a44b2-89a5-49ee-a6b2-8baef0fedb7f?api-version=2021-03-01
      cache-control:
      - no-cache
      content-length:
      - '627'
      content-type:
      - application/json; charset=utf-8
      date:
      - Thu, 16 Sep 2021 05:00:50 GMT
      expires:
      - '-1'
      pragma:
      - no-cache
      server:
      - Microsoft-HTTPAPI/2.0
      - Microsoft-HTTPAPI/2.0
      strict-transport-security:
      - max-age=31536000; includeSubDomains
      transfer-encoding:
      - chunked
      vary:
      - Accept-Encoding
      x-content-type-options:
      - nosniff
      x-ms-arm-service-request-id:
      - 368a390d-55b8-4c3f-aee6-38b28d6cabab
      x-ms-ratelimit-remaining-subscription-writes:
      - '1194'
    status:
      code: 200
      message: OK
- request:
    body: null
    headers:
      Accept:
      - '*/*'
      Accept-Encoding:
      - gzip, deflate
      CommandName:
      - network vnet subnet update
      Connection:
      - keep-alive
      ParameterSetName:
      - --resource-group --vnet-name --name --disable-private-endpoint-network-policies
      User-Agent:
      - AZURECLI/2.28.1 azsdk-python-azure-mgmt-network/19.0.0 Python/3.8.3 (Windows-10-10.0.18362-SP0)
    method: GET
    uri: https://management.azure.com/subscriptions/00000000-0000-0000-0000-000000000000/providers/Microsoft.Network/locations/centraluseuap/operations/031a44b2-89a5-49ee-a6b2-8baef0fedb7f?api-version=2021-03-01
  response:
    body:
      string: "{\r\n  \"status\": \"Succeeded\"\r\n}"
    headers:
      cache-control:
      - no-cache
      content-length:
      - '29'
      content-type:
      - application/json; charset=utf-8
      date:
      - Thu, 16 Sep 2021 05:00:54 GMT
      expires:
      - '-1'
      pragma:
      - no-cache
      server:
      - Microsoft-HTTPAPI/2.0
      - Microsoft-HTTPAPI/2.0
      strict-transport-security:
      - max-age=31536000; includeSubDomains
      transfer-encoding:
      - chunked
      vary:
      - Accept-Encoding
      x-content-type-options:
      - nosniff
      x-ms-arm-service-request-id:
      - f044db22-3ed0-4111-8ac7-b9d1697b93c1
    status:
      code: 200
      message: OK
- request:
    body: null
    headers:
      Accept:
      - '*/*'
      Accept-Encoding:
      - gzip, deflate
      CommandName:
      - network vnet subnet update
      Connection:
      - keep-alive
      ParameterSetName:
      - --resource-group --vnet-name --name --disable-private-endpoint-network-policies
      User-Agent:
      - AZURECLI/2.28.1 azsdk-python-azure-mgmt-network/19.0.0 Python/3.8.3 (Windows-10-10.0.18362-SP0)
    method: GET
    uri: https://management.azure.com/subscriptions/00000000-0000-0000-0000-000000000000/resourceGroups/cli_test_event_grid_pec000002/providers/Microsoft.Network/virtualNetworks/cli000003/subnets/cli000004?api-version=2021-03-01
  response:
    body:
      string: "{\r\n  \"name\": \"cli000004\",\r\n  \"id\": \"/subscriptions/00000000-0000-0000-0000-000000000000/resourceGroups/cli_test_event_grid_pec000002/providers/Microsoft.Network/virtualNetworks/cli000003/subnets/cli000004\",\r\n
        \ \"etag\": \"W/\\\"734c4cb0-9053-493f-bc7f-adae84cf42a4\\\"\",\r\n  \"properties\":
        {\r\n    \"provisioningState\": \"Succeeded\",\r\n    \"addressPrefix\": \"10.0.0.0/24\",\r\n
        \   \"delegations\": [],\r\n    \"privateEndpointNetworkPolicies\": \"Disabled\",\r\n
        \   \"privateLinkServiceNetworkPolicies\": \"Enabled\"\r\n  },\r\n  \"type\":
        \"Microsoft.Network/virtualNetworks/subnets\"\r\n}"
    headers:
      cache-control:
      - no-cache
      content-length:
      - '628'
      content-type:
      - application/json; charset=utf-8
      date:
      - Thu, 16 Sep 2021 05:00:54 GMT
      etag:
      - W/"734c4cb0-9053-493f-bc7f-adae84cf42a4"
      expires:
      - '-1'
      pragma:
      - no-cache
      server:
      - Microsoft-HTTPAPI/2.0
      - Microsoft-HTTPAPI/2.0
      strict-transport-security:
      - max-age=31536000; includeSubDomains
      transfer-encoding:
      - chunked
      vary:
      - Accept-Encoding
      x-content-type-options:
      - nosniff
      x-ms-arm-service-request-id:
      - fed061d7-e57a-4c13-91fe-d5e593f9bb32
    status:
      code: 200
      message: OK
- request:
    body: '{"location": "centraluseuap", "sku": {"name": "Basic"}, "identity": {"type":
      "None"}, "properties": {"inputSchema": "EventGridSchema", "publicNetworkAccess":
      "disabled"}}'
    headers:
      Accept:
      - application/json
      Accept-Encoding:
      - gzip, deflate
      CommandName:
      - eventgrid domain create
      Connection:
      - keep-alive
      Content-Length:
      - '170'
      Content-Type:
      - application/json
      ParameterSetName:
      - --name --resource-group --location --public-network-access
      User-Agent:
      - AZURECLI/2.28.1 azsdk-python-mgmt-eventgrid/9.0.0 Python/3.8.3 (Windows-10-10.0.18362-SP0)
    method: PUT
    uri: https://management.azure.com/subscriptions/00000000-0000-0000-0000-000000000000/resourceGroups/cli_test_event_grid_pec000001/providers/Microsoft.EventGrid/domains/cli000007?api-version=2020-10-15-preview
  response:
    body:
      string: '{"properties":{"provisioningState":"Creating","endpoint":null,"inputSchema":"EventGridSchema","publicNetworkAccess":"Disabled"},"sku":{"name":"Basic"},"identity":{"type":"None","principalId":null,"tenantId":null,"userAssignedIdentities":null},"location":"centraluseuap","tags":null,"id":"/subscriptions/00000000-0000-0000-0000-000000000000/resourceGroups/cli_test_event_grid_pec000001/providers/Microsoft.EventGrid/domains/cli000007","name":"cli000007","type":"Microsoft.EventGrid/domains"}'
    headers:
      azure-asyncoperation:
      - https://management.azure.com:443/subscriptions/00000000-0000-0000-0000-000000000000/providers/Microsoft.EventGrid/locations/centraluseuap/operationsStatus/CE6D0DD7-9AC2-474E-B246-B96A948744B6?api-version=2020-10-15-preview
      cache-control:
      - no-cache
      content-length:
      - '598'
      content-type:
      - application/json; charset=utf-8
      date:
      - Thu, 16 Sep 2021 05:01:06 GMT
      expires:
      - '-1'
      pragma:
      - no-cache
      server:
      - Microsoft-HTTPAPI/2.0
      strict-transport-security:
      - max-age=31536000; includeSubDomains
      x-content-type-options:
      - nosniff
      x-ms-ratelimit-remaining-subscription-writes:
      - '1194'
    status:
      code: 201
      message: Created
- request:
    body: null
    headers:
      Accept:
      - '*/*'
      Accept-Encoding:
      - gzip, deflate
      CommandName:
      - eventgrid domain create
      Connection:
      - keep-alive
      ParameterSetName:
      - --name --resource-group --location --public-network-access
      User-Agent:
      - AZURECLI/2.28.1 azsdk-python-mgmt-eventgrid/9.0.0 Python/3.8.3 (Windows-10-10.0.18362-SP0)
    method: GET
    uri: https://management.azure.com/subscriptions/00000000-0000-0000-0000-000000000000/providers/Microsoft.EventGrid/locations/centraluseuap/operationsStatus/CE6D0DD7-9AC2-474E-B246-B96A948744B6?api-version=2020-10-15-preview
  response:
    body:
      string: '{"id":"https://management.azure.com/subscriptions/00000000-0000-0000-0000-000000000000/providers/Microsoft.EventGrid/locations/centraluseuap/operationsStatus/CE6D0DD7-9AC2-474E-B246-B96A948744B6?api-version=2020-10-15-preview","name":"ce6d0dd7-9ac2-474e-b246-b96a948744b6","status":"Succeeded"}'
    headers:
      cache-control:
      - no-cache
      content-length:
      - '294'
      content-type:
      - application/json; charset=utf-8
      date:
      - Thu, 16 Sep 2021 05:01:18 GMT
      expires:
      - '-1'
      pragma:
      - no-cache
      server:
      - Microsoft-HTTPAPI/2.0
      strict-transport-security:
      - max-age=31536000; includeSubDomains
      transfer-encoding:
      - chunked
      vary:
      - Accept-Encoding
      x-content-type-options:
      - nosniff
    status:
      code: 200
      message: OK
- request:
    body: null
    headers:
      Accept:
      - '*/*'
      Accept-Encoding:
      - gzip, deflate
      CommandName:
      - eventgrid domain create
      Connection:
      - keep-alive
      ParameterSetName:
      - --name --resource-group --location --public-network-access
      User-Agent:
      - AZURECLI/2.28.1 azsdk-python-mgmt-eventgrid/9.0.0 Python/3.8.3 (Windows-10-10.0.18362-SP0)
    method: GET
    uri: https://management.azure.com/subscriptions/00000000-0000-0000-0000-000000000000/resourceGroups/cli_test_event_grid_pec000001/providers/Microsoft.EventGrid/domains/cli000007?api-version=2020-10-15-preview
  response:
    body:
      string: '{"properties":{"provisioningState":"Succeeded","endpoint":"https://cli000007.centraluseuap-1.eventgrid.azure.net/api/events","inputSchema":"EventGridSchema","metricResourceId":"bfea45ce-1989-474d-9251-85adac8c58f3","publicNetworkAccess":"Disabled"},"sku":{"name":"Basic"},"identity":{"type":"None","principalId":null,"tenantId":null,"userAssignedIdentities":null},"location":"centraluseuap","tags":null,"id":"/subscriptions/00000000-0000-0000-0000-000000000000/resourceGroups/cli_test_event_grid_pec000001/providers/Microsoft.EventGrid/domains/cli000007","name":"cli000007","type":"Microsoft.EventGrid/domains"}'
    headers:
      cache-control:
      - no-cache
      content-length:
      - '750'
      content-type:
      - application/json; charset=utf-8
      date:
      - Thu, 16 Sep 2021 05:01:18 GMT
      expires:
      - '-1'
      pragma:
      - no-cache
      server:
      - Microsoft-HTTPAPI/2.0
      strict-transport-security:
      - max-age=31536000; includeSubDomains
      transfer-encoding:
      - chunked
      vary:
      - Accept-Encoding
      x-content-type-options:
      - nosniff
    status:
      code: 200
      message: OK
- request:
    body: '{"location": "centraluseuap", "properties": {"subnet": {"id": "/subscriptions/00000000-0000-0000-0000-000000000000/resourceGroups/cli_test_event_grid_pec000002/providers/Microsoft.Network/virtualNetworks/cli000003/subnets/cli000004",
      "properties": {"privateEndpointNetworkPolicies": "Enabled", "privateLinkServiceNetworkPolicies":
      "Enabled"}}, "privateLinkServiceConnections": [{"name": "cli000006", "properties":
      {"privateLinkServiceId": "/subscriptions/00000000-0000-0000-0000-000000000000/resourceGroups/cli_test_event_grid_pec000001/providers/Microsoft.EventGrid/domains/cli000007",
      "groupIds": ["domain"]}}]}}'
    headers:
      Accept:
      - application/json
      Accept-Encoding:
      - gzip, deflate
      CommandName:
      - network private-endpoint create
      Connection:
      - keep-alive
      Content-Length:
      - '770'
      Content-Type:
      - application/json
      ParameterSetName:
      - --resource-group --name --vnet-name --subnet --private-connection-resource-id
        --location --group-ids --connection-name
      User-Agent:
      - AZURECLI/2.28.1 azsdk-python-azure-mgmt-network/19.0.0 Python/3.8.3 (Windows-10-10.0.18362-SP0)
    method: PUT
    uri: https://management.azure.com/subscriptions/00000000-0000-0000-0000-000000000000/resourceGroups/cli_test_event_grid_pec000002/providers/Microsoft.Network/privateEndpoints/cli000005?api-version=2021-03-01
  response:
    body:
      string: "{\r\n  \"name\": \"cli000005\",\r\n  \"id\": \"/subscriptions/00000000-0000-0000-0000-000000000000/resourceGroups/cli_test_event_grid_pec000002/providers/Microsoft.Network/privateEndpoints/cli000005\",\r\n
        \ \"etag\": \"W/\\\"ddaf8b92-636e-4d64-89ee-4e851378a7eb\\\"\",\r\n  \"type\":
        \"Microsoft.Network/privateEndpoints\",\r\n  \"location\": \"centraluseuap\",\r\n
        \ \"properties\": {\r\n    \"provisioningState\": \"Updating\",\r\n    \"resourceGuid\":
        \"60b0f6ef-63c3-4f25-a3d3-10fbc990d649\",\r\n    \"privateLinkServiceConnections\":
        [\r\n      {\r\n        \"name\": \"cli000006\",\r\n        \"id\": \"/subscriptions/00000000-0000-0000-0000-000000000000/resourceGroups/cli_test_event_grid_pec000002/providers/Microsoft.Network/privateEndpoints/cli000005/privateLinkServiceConnections/cli000006\",\r\n
        \       \"etag\": \"W/\\\"ddaf8b92-636e-4d64-89ee-4e851378a7eb\\\"\",\r\n
        \       \"properties\": {\r\n          \"provisioningState\": \"Succeeded\",\r\n
        \         \"privateLinkServiceId\": \"/subscriptions/00000000-0000-0000-0000-000000000000/resourceGroups/cli_test_event_grid_pec000001/providers/Microsoft.EventGrid/domains/cli000007\",\r\n
        \         \"groupIds\": [\r\n            \"domain\"\r\n          ],\r\n          \"privateLinkServiceConnectionState\":
        {\r\n            \"status\": \"Approved\",\r\n            \"description\":
        \"\",\r\n            \"actionsRequired\": \"None\"\r\n          }\r\n        },\r\n
        \       \"type\": \"Microsoft.Network/privateEndpoints/privateLinkServiceConnections\"\r\n
        \     }\r\n    ],\r\n    \"manualPrivateLinkServiceConnections\": [],\r\n
        \   \"subnet\": {\r\n      \"id\": \"/subscriptions/00000000-0000-0000-0000-000000000000/resourceGroups/cli_test_event_grid_pec000002/providers/Microsoft.Network/virtualNetworks/cli000003/subnets/cli000004\"\r\n
        \   },\r\n    \"ipConfigurations\": [],\r\n    \"networkInterfaces\": [\r\n
        \     {\r\n        \"id\": \"/subscriptions/00000000-0000-0000-0000-000000000000/resourceGroups/cli_test_event_grid_pec000002/providers/Microsoft.Network/networkInterfaces/cli000005.nic.4e302978-3ac4-4010-9552-25107d9a3961\"\r\n
        \     }\r\n    ],\r\n    \"customDnsConfigs\": []\r\n  }\r\n}"
    headers:
      azure-asyncnotification:
      - Enabled
      azure-asyncoperation:
      - https://management.azure.com/subscriptions/00000000-0000-0000-0000-000000000000/providers/Microsoft.Network/locations/centraluseuap/operations/e29687c5-0fe0-4e21-b0af-97f82dc364d6?api-version=2021-03-01
      cache-control:
      - no-cache
      content-length:
      - '2329'
      content-type:
      - application/json; charset=utf-8
      date:
      - Thu, 16 Sep 2021 05:01:28 GMT
      expires:
      - '-1'
      pragma:
      - no-cache
      server:
      - Microsoft-HTTPAPI/2.0
      - Microsoft-HTTPAPI/2.0
      strict-transport-security:
      - max-age=31536000; includeSubDomains
      x-content-type-options:
      - nosniff
      x-ms-arm-service-request-id:
      - 10eee246-70d8-47d2-8382-8892f85faccf
      x-ms-ratelimit-remaining-subscription-writes:
      - '1194'
    status:
      code: 201
      message: Created
- request:
    body: null
    headers:
      Accept:
      - '*/*'
      Accept-Encoding:
      - gzip, deflate
      CommandName:
      - network private-endpoint create
      Connection:
      - keep-alive
      ParameterSetName:
      - --resource-group --name --vnet-name --subnet --private-connection-resource-id
        --location --group-ids --connection-name
      User-Agent:
      - AZURECLI/2.28.1 azsdk-python-azure-mgmt-network/19.0.0 Python/3.8.3 (Windows-10-10.0.18362-SP0)
    method: GET
    uri: https://management.azure.com/subscriptions/00000000-0000-0000-0000-000000000000/providers/Microsoft.Network/locations/centraluseuap/operations/e29687c5-0fe0-4e21-b0af-97f82dc364d6?api-version=2021-03-01
  response:
    body:
      string: "{\r\n  \"status\": \"InProgress\"\r\n}"
    headers:
      cache-control:
      - no-cache
      content-length:
      - '30'
      content-type:
      - application/json; charset=utf-8
      date:
      - Thu, 16 Sep 2021 05:01:38 GMT
      expires:
      - '-1'
      pragma:
      - no-cache
      server:
      - Microsoft-HTTPAPI/2.0
      - Microsoft-HTTPAPI/2.0
      strict-transport-security:
      - max-age=31536000; includeSubDomains
      transfer-encoding:
      - chunked
      vary:
      - Accept-Encoding
      x-content-type-options:
      - nosniff
      x-ms-arm-service-request-id:
      - b534abc9-a4f4-4cef-a941-9434d9e2a568
    status:
      code: 200
      message: OK
- request:
    body: null
    headers:
      Accept:
      - '*/*'
      Accept-Encoding:
      - gzip, deflate
      CommandName:
      - network private-endpoint create
      Connection:
      - keep-alive
      ParameterSetName:
      - --resource-group --name --vnet-name --subnet --private-connection-resource-id
        --location --group-ids --connection-name
      User-Agent:
      - AZURECLI/2.28.1 azsdk-python-azure-mgmt-network/19.0.0 Python/3.8.3 (Windows-10-10.0.18362-SP0)
    method: GET
    uri: https://management.azure.com/subscriptions/00000000-0000-0000-0000-000000000000/providers/Microsoft.Network/locations/centraluseuap/operations/e29687c5-0fe0-4e21-b0af-97f82dc364d6?api-version=2021-03-01
  response:
    body:
      string: "{\r\n  \"status\": \"InProgress\"\r\n}"
    headers:
      cache-control:
      - no-cache
      content-length:
      - '30'
      content-type:
      - application/json; charset=utf-8
      date:
      - Thu, 16 Sep 2021 05:01:49 GMT
      expires:
      - '-1'
      pragma:
      - no-cache
      server:
      - Microsoft-HTTPAPI/2.0
      - Microsoft-HTTPAPI/2.0
      strict-transport-security:
      - max-age=31536000; includeSubDomains
      transfer-encoding:
      - chunked
      vary:
      - Accept-Encoding
      x-content-type-options:
      - nosniff
      x-ms-arm-service-request-id:
      - 462506f8-87ec-4423-9f1b-400213293b38
    status:
      code: 200
      message: OK
- request:
    body: null
    headers:
      Accept:
      - '*/*'
      Accept-Encoding:
      - gzip, deflate
      CommandName:
      - network private-endpoint create
      Connection:
      - keep-alive
      ParameterSetName:
      - --resource-group --name --vnet-name --subnet --private-connection-resource-id
        --location --group-ids --connection-name
      User-Agent:
      - AZURECLI/2.28.1 azsdk-python-azure-mgmt-network/19.0.0 Python/3.8.3 (Windows-10-10.0.18362-SP0)
    method: GET
    uri: https://management.azure.com/subscriptions/00000000-0000-0000-0000-000000000000/providers/Microsoft.Network/locations/centraluseuap/operations/e29687c5-0fe0-4e21-b0af-97f82dc364d6?api-version=2021-03-01
  response:
    body:
      string: "{\r\n  \"status\": \"Succeeded\"\r\n}"
    headers:
      cache-control:
      - no-cache
      content-length:
      - '29'
      content-type:
      - application/json; charset=utf-8
      date:
      - Thu, 16 Sep 2021 05:02:09 GMT
      expires:
      - '-1'
      pragma:
      - no-cache
      server:
      - Microsoft-HTTPAPI/2.0
      - Microsoft-HTTPAPI/2.0
      strict-transport-security:
      - max-age=31536000; includeSubDomains
      transfer-encoding:
      - chunked
      vary:
      - Accept-Encoding
      x-content-type-options:
      - nosniff
      x-ms-arm-service-request-id:
      - b26bd733-8535-4115-a1bc-78f8b6a37981
    status:
      code: 200
      message: OK
- request:
    body: null
    headers:
      Accept:
      - '*/*'
      Accept-Encoding:
      - gzip, deflate
      CommandName:
      - network private-endpoint create
      Connection:
      - keep-alive
      ParameterSetName:
      - --resource-group --name --vnet-name --subnet --private-connection-resource-id
        --location --group-ids --connection-name
      User-Agent:
      - AZURECLI/2.28.1 azsdk-python-azure-mgmt-network/19.0.0 Python/3.8.3 (Windows-10-10.0.18362-SP0)
    method: GET
    uri: https://management.azure.com/subscriptions/00000000-0000-0000-0000-000000000000/resourceGroups/cli_test_event_grid_pec000002/providers/Microsoft.Network/privateEndpoints/cli000005?api-version=2021-03-01
  response:
    body:
      string: "{\r\n  \"name\": \"cli000005\",\r\n  \"id\": \"/subscriptions/00000000-0000-0000-0000-000000000000/resourceGroups/cli_test_event_grid_pec000002/providers/Microsoft.Network/privateEndpoints/cli000005\",\r\n
        \ \"etag\": \"W/\\\"fe4e528d-a31d-4903-a6d6-33153d446ad4\\\"\",\r\n  \"type\":
        \"Microsoft.Network/privateEndpoints\",\r\n  \"location\": \"centraluseuap\",\r\n
        \ \"properties\": {\r\n    \"provisioningState\": \"Succeeded\",\r\n    \"resourceGuid\":
        \"60b0f6ef-63c3-4f25-a3d3-10fbc990d649\",\r\n    \"privateLinkServiceConnections\":
        [\r\n      {\r\n        \"name\": \"cli000006\",\r\n        \"id\": \"/subscriptions/00000000-0000-0000-0000-000000000000/resourceGroups/cli_test_event_grid_pec000002/providers/Microsoft.Network/privateEndpoints/cli000005/privateLinkServiceConnections/cli000006\",\r\n
        \       \"etag\": \"W/\\\"fe4e528d-a31d-4903-a6d6-33153d446ad4\\\"\",\r\n
        \       \"properties\": {\r\n          \"provisioningState\": \"Succeeded\",\r\n
        \         \"privateLinkServiceId\": \"/subscriptions/00000000-0000-0000-0000-000000000000/resourceGroups/cli_test_event_grid_pec000001/providers/Microsoft.EventGrid/domains/cli000007\",\r\n
        \         \"groupIds\": [\r\n            \"domain\"\r\n          ],\r\n          \"privateLinkServiceConnectionState\":
        {\r\n            \"status\": \"Approved\",\r\n            \"description\":
        \"Auto-approved\",\r\n            \"actionsRequired\": \"None\"\r\n          }\r\n
        \       },\r\n        \"type\": \"Microsoft.Network/privateEndpoints/privateLinkServiceConnections\"\r\n
        \     }\r\n    ],\r\n    \"manualPrivateLinkServiceConnections\": [],\r\n
        \   \"subnet\": {\r\n      \"id\": \"/subscriptions/00000000-0000-0000-0000-000000000000/resourceGroups/cli_test_event_grid_pec000002/providers/Microsoft.Network/virtualNetworks/cli000003/subnets/cli000004\"\r\n
        \   },\r\n    \"ipConfigurations\": [],\r\n    \"networkInterfaces\": [\r\n
        \     {\r\n        \"id\": \"/subscriptions/00000000-0000-0000-0000-000000000000/resourceGroups/cli_test_event_grid_pec000002/providers/Microsoft.Network/networkInterfaces/cli000005.nic.4e302978-3ac4-4010-9552-25107d9a3961\"\r\n
        \     }\r\n    ],\r\n    \"customDnsConfigs\": [\r\n      {\r\n        \"fqdn\":
        \"cli000007.centraluseuap-1.eventgrid.azure.net\",\r\n        \"ipAddresses\":
        [\r\n          \"10.0.0.4\"\r\n        ]\r\n      }\r\n    ]\r\n  }\r\n}"
    headers:
      cache-control:
      - no-cache
      content-length:
      - '2523'
      content-type:
      - application/json; charset=utf-8
      date:
      - Thu, 16 Sep 2021 05:02:09 GMT
      etag:
      - W/"fe4e528d-a31d-4903-a6d6-33153d446ad4"
      expires:
      - '-1'
      pragma:
      - no-cache
      server:
      - Microsoft-HTTPAPI/2.0
      - Microsoft-HTTPAPI/2.0
      strict-transport-security:
      - max-age=31536000; includeSubDomains
      transfer-encoding:
      - chunked
      vary:
      - Accept-Encoding
      x-content-type-options:
      - nosniff
      x-ms-arm-service-request-id:
      - ba164aa9-cf1d-4bc7-9934-090065be5c89
    status:
      code: 200
      message: OK
- request:
    body: null
    headers:
      Accept:
      - application/json
      Accept-Encoding:
      - gzip, deflate
      CommandName:
      - eventgrid domain show
      Connection:
      - keep-alive
      ParameterSetName:
      - --name --resource-group
      User-Agent:
      - AZURECLI/2.28.1 azsdk-python-mgmt-eventgrid/9.0.0 Python/3.8.3 (Windows-10-10.0.18362-SP0)
    method: GET
    uri: https://management.azure.com/subscriptions/00000000-0000-0000-0000-000000000000/resourceGroups/cli_test_event_grid_pec000001/providers/Microsoft.EventGrid/domains/cli000007?api-version=2020-10-15-preview
  response:
    body:
      string: '{"properties":{"privateEndpointConnections":[{"properties":{"privateEndpoint":{"id":"/subscriptions/00000000-0000-0000-0000-000000000000/resourceGroups/cli_test_event_grid_pec000002/providers/Microsoft.Network/privateEndpoints/cli000005"},"groupIds":["domain"],"privateLinkServiceConnectionState":{"status":"Approved","description":"Auto-approved","actionsRequired":"None"},"provisioningState":"Succeeded"},"id":"/subscriptions/00000000-0000-0000-0000-000000000000/resourceGroups/cli_test_event_grid_pec000001/providers/Microsoft.EventGrid/domains/cli000007/privateEndpointConnections/cli000005.60b0f6ef-63c3-4f25-a3d3-10fbc990d649","name":"cli000005.60b0f6ef-63c3-4f25-a3d3-10fbc990d649","type":"Microsoft.EventGrid/domains/privateEndpointConnections"}],"provisioningState":"Succeeded","endpoint":"https://cli000007.centraluseuap-1.eventgrid.azure.net/api/events","inputSchema":"EventGridSchema","metricResourceId":"bfea45ce-1989-474d-9251-85adac8c58f3","publicNetworkAccess":"Disabled"},"sku":{"name":"Basic"},"identity":{"type":"None","principalId":null,"tenantId":null,"userAssignedIdentities":null},"location":"centraluseuap","tags":null,"id":"/subscriptions/00000000-0000-0000-0000-000000000000/resourceGroups/cli_test_event_grid_pec000001/providers/Microsoft.EventGrid/domains/cli000007","name":"cli000007","type":"Microsoft.EventGrid/domains"}'
    headers:
      cache-control:
      - no-cache
      content-length:
      - '1646'
      content-type:
      - application/json; charset=utf-8
      date:
      - Thu, 16 Sep 2021 05:02:12 GMT
      expires:
      - '-1'
      pragma:
      - no-cache
      server:
      - Microsoft-HTTPAPI/2.0
      strict-transport-security:
      - max-age=31536000; includeSubDomains
      transfer-encoding:
      - chunked
      vary:
      - Accept-Encoding
      x-content-type-options:
      - nosniff
    status:
      code: 200
      message: OK
- request:
    body: null
    headers:
      Accept:
      - '*/*'
      Accept-Encoding:
      - gzip, deflate
      CommandName:
      - network private-endpoint-connection list
      Connection:
      - keep-alive
      ParameterSetName:
      - --resource-group --name --type
      User-Agent:
      - python/3.8.3 (Windows-10-10.0.18362-SP0) AZURECLI/2.28.1
    method: GET
    uri: https://management.azure.com/subscriptions/00000000-0000-0000-0000-000000000000/resourceGroups/cli_test_event_grid_pec000001/providers/Microsoft.EventGrid/domains/cli000007/privateEndpointConnections?api-version=2020-04-01-preview
  response:
    body:
      string: '{"value":[{"properties":{"privateEndpoint":{"id":"/subscriptions/00000000-0000-0000-0000-000000000000/resourceGroups/cli_test_event_grid_pec000002/providers/Microsoft.Network/privateEndpoints/cli000005"},"groupIds":["domain"],"privateLinkServiceConnectionState":{"status":"Approved","description":"Auto-approved","actionsRequired":"None"},"provisioningState":"Succeeded"},"id":"/subscriptions/00000000-0000-0000-0000-000000000000/resourceGroups/cli_test_event_grid_pec000001/providers/Microsoft.EventGrid/domains/cli000007/privateEndpointConnections/cli000005.60b0f6ef-63c3-4f25-a3d3-10fbc990d649","name":"cli000005.60b0f6ef-63c3-4f25-a3d3-10fbc990d649","type":"Microsoft.EventGrid/domains/privateEndpointConnections"}]}'
    headers:
      cache-control:
      - no-cache
      content-length:
      - '876'
      content-type:
      - application/json; charset=utf-8
      date:
      - Thu, 16 Sep 2021 05:02:16 GMT
      expires:
      - '-1'
      pragma:
      - no-cache
      server:
      - Microsoft-HTTPAPI/2.0
      strict-transport-security:
      - max-age=31536000; includeSubDomains
      transfer-encoding:
      - chunked
      vary:
      - Accept-Encoding
      x-content-type-options:
      - nosniff
    status:
      code: 200
      message: OK
- request:
    body: null
    headers:
      Accept:
      - '*/*'
      Accept-Encoding:
      - gzip, deflate
      CommandName:
      - network private-endpoint-connection show
      Connection:
      - keep-alive
      ParameterSetName:
      - --resource-group --resource-name --name --type
      User-Agent:
      - python/3.8.3 (Windows-10-10.0.18362-SP0) AZURECLI/2.28.1
    method: GET
    uri: https://management.azure.com/subscriptions/00000000-0000-0000-0000-000000000000/resourceGroups/cli_test_event_grid_pec000001/providers/Microsoft.EventGrid/domains/cli000007/privateEndpointConnections/cli000005.60b0f6ef-63c3-4f25-a3d3-10fbc990d649?api-version=2020-04-01-preview
  response:
    body:
      string: '{"properties":{"privateEndpoint":{"id":"/subscriptions/00000000-0000-0000-0000-000000000000/resourceGroups/cli_test_event_grid_pec000002/providers/Microsoft.Network/privateEndpoints/cli000005"},"groupIds":["domain"],"privateLinkServiceConnectionState":{"status":"Approved","description":"Auto-approved","actionsRequired":"None"},"provisioningState":"Succeeded"},"id":"/subscriptions/00000000-0000-0000-0000-000000000000/resourceGroups/cli_test_event_grid_pec000001/providers/Microsoft.EventGrid/domains/cli000007/privateEndpointConnections/cli000005.60b0f6ef-63c3-4f25-a3d3-10fbc990d649","name":"cli000005.60b0f6ef-63c3-4f25-a3d3-10fbc990d649","type":"Microsoft.EventGrid/domains/privateEndpointConnections"}'
    headers:
      cache-control:
      - no-cache
      content-length:
      - '864'
      content-type:
      - application/json; charset=utf-8
      date:
      - Thu, 16 Sep 2021 05:02:20 GMT
      expires:
      - '-1'
      pragma:
      - no-cache
      server:
      - Microsoft-HTTPAPI/2.0
      strict-transport-security:
      - max-age=31536000; includeSubDomains
      transfer-encoding:
      - chunked
      vary:
      - Accept-Encoding
      x-content-type-options:
      - nosniff
    status:
      code: 200
      message: OK
- request:
    body: null
    headers:
      Accept:
      - '*/*'
      Accept-Encoding:
      - gzip, deflate
      CommandName:
      - network private-endpoint-connection approve
      Connection:
      - keep-alive
      ParameterSetName:
      - --resource-group --resource-name --name --type --description
      User-Agent:
      - python/3.8.3 (Windows-10-10.0.18362-SP0) AZURECLI/2.28.1
    method: GET
    uri: https://management.azure.com/subscriptions/00000000-0000-0000-0000-000000000000/resourceGroups/cli_test_event_grid_pec000001/providers/Microsoft.EventGrid/domains/cli000007/privateEndpointConnections/cli000005.60b0f6ef-63c3-4f25-a3d3-10fbc990d649?api-version=2020-04-01-preview
  response:
    body:
      string: '{"properties":{"privateEndpoint":{"id":"/subscriptions/00000000-0000-0000-0000-000000000000/resourceGroups/cli_test_event_grid_pec000002/providers/Microsoft.Network/privateEndpoints/cli000005"},"groupIds":["domain"],"privateLinkServiceConnectionState":{"status":"Approved","description":"Auto-approved","actionsRequired":"None"},"provisioningState":"Succeeded"},"id":"/subscriptions/00000000-0000-0000-0000-000000000000/resourceGroups/cli_test_event_grid_pec000001/providers/Microsoft.EventGrid/domains/cli000007/privateEndpointConnections/cli000005.60b0f6ef-63c3-4f25-a3d3-10fbc990d649","name":"cli000005.60b0f6ef-63c3-4f25-a3d3-10fbc990d649","type":"Microsoft.EventGrid/domains/privateEndpointConnections"}'
    headers:
      cache-control:
      - no-cache
      content-length:
      - '864'
      content-type:
      - application/json; charset=utf-8
      date:
      - Thu, 16 Sep 2021 05:02:22 GMT
      expires:
      - '-1'
      pragma:
      - no-cache
      server:
      - Microsoft-HTTPAPI/2.0
      strict-transport-security:
      - max-age=31536000; includeSubDomains
      transfer-encoding:
      - chunked
      vary:
      - Accept-Encoding
      x-content-type-options:
      - nosniff
    status:
      code: 200
      message: OK
- request:
    body: '{"properties": {"privateEndpoint": {"id": "/subscriptions/00000000-0000-0000-0000-000000000000/resourceGroups/cli_test_event_grid_pec000002/providers/Microsoft.Network/privateEndpoints/cli000005"},
      "groupIds": ["domain"], "privateLinkServiceConnectionState": {"status": "Approved",
      "description": "You are approved!", "actionsRequired": "None"}, "provisioningState":
      "Succeeded"}, "id": "/subscriptions/00000000-0000-0000-0000-000000000000/resourceGroups/cli_test_event_grid_pec000001/providers/Microsoft.EventGrid/domains/cli000007/privateEndpointConnections/cli000005.60b0f6ef-63c3-4f25-a3d3-10fbc990d649",
      "name": "cli000005.60b0f6ef-63c3-4f25-a3d3-10fbc990d649", "type": "Microsoft.EventGrid/domains/privateEndpointConnections"}'
    headers:
      Accept:
      - '*/*'
      Accept-Encoding:
      - gzip, deflate
      CommandName:
      - network private-endpoint-connection approve
      Connection:
      - keep-alive
      Content-Length:
      - '888'
      Content-Type:
      - application/json
      ParameterSetName:
      - --resource-group --resource-name --name --type --description
      User-Agent:
      - python/3.8.3 (Windows-10-10.0.18362-SP0) AZURECLI/2.28.1
    method: PUT
    uri: https://management.azure.com/subscriptions/00000000-0000-0000-0000-000000000000/resourceGroups/cli_test_event_grid_pec000001/providers/Microsoft.EventGrid/domains/cli000007/privateEndpointConnections/cli000005.60b0f6ef-63c3-4f25-a3d3-10fbc990d649?api-version=2020-04-01-preview
  response:
    body:
      string: '{"properties":{"privateEndpoint":null,"groupIds":null,"privateLinkServiceConnectionState":{"status":"Approved","description":"You
        are approved!","actionsRequired":"None"},"provisioningState":"Updating"},"id":"/subscriptions/00000000-0000-0000-0000-000000000000/resourceGroups/cli_test_event_grid_pec000001/providers/Microsoft.EventGrid/domains/cli000007/privateEndpointConnections/cli000005.60b0f6ef-63c3-4f25-a3d3-10fbc990d649","name":"cli000005.60b0f6ef-63c3-4f25-a3d3-10fbc990d649","type":"Microsoft.EventGrid/domains/privateEndpointConnections"}'
    headers:
      azure-asyncoperation:
      - https://management.azure.com:443/subscriptions/00000000-0000-0000-0000-000000000000/providers/Microsoft.EventGrid/locations/centraluseuap/operationsStatus/F3353C52-F952-4E39-857B-7692CEBA7996?api-version=2020-04-01-preview
      cache-control:
      - no-cache
      content-length:
      - '648'
      content-type:
      - application/json; charset=utf-8
      date:
      - Thu, 16 Sep 2021 05:02:25 GMT
      expires:
      - '-1'
      pragma:
      - no-cache
      server:
      - Microsoft-HTTPAPI/2.0
      strict-transport-security:
      - max-age=31536000; includeSubDomains
      x-content-type-options:
      - nosniff
      x-ms-ratelimit-remaining-subscription-writes:
      - '1195'
    status:
      code: 201
      message: Created
- request:
    body: null
    headers:
      Accept:
      - '*/*'
      Accept-Encoding:
      - gzip, deflate
      CommandName:
      - network private-endpoint-connection approve
      Connection:
      - keep-alive
      ParameterSetName:
      - --resource-group --resource-name --name --type --description
      User-Agent:
      - python/3.8.3 (Windows-10-10.0.18362-SP0) AZURECLI/2.28.1
    method: GET
    uri: https://management.azure.com/subscriptions/00000000-0000-0000-0000-000000000000/resourceGroups/cli_test_event_grid_pec000001/providers/Microsoft.EventGrid/domains/cli000007/privateEndpointConnections/cli000005.60b0f6ef-63c3-4f25-a3d3-10fbc990d649?api-version=2020-04-01-preview
  response:
    body:
      string: '{"properties":{"privateEndpoint":{"id":"/subscriptions/00000000-0000-0000-0000-000000000000/resourceGroups/cli_test_event_grid_pec000002/providers/Microsoft.Network/privateEndpoints/cli000005"},"groupIds":["domain"],"privateLinkServiceConnectionState":{"status":"Approved","description":"You
        are approved!","actionsRequired":"None"},"provisioningState":"Succeeded"},"id":"/subscriptions/00000000-0000-0000-0000-000000000000/resourceGroups/cli_test_event_grid_pec000001/providers/Microsoft.EventGrid/domains/cli000007/privateEndpointConnections/cli000005.60b0f6ef-63c3-4f25-a3d3-10fbc990d649","name":"cli000005.60b0f6ef-63c3-4f25-a3d3-10fbc990d649","type":"Microsoft.EventGrid/domains/privateEndpointConnections"}'
    headers:
      cache-control:
      - no-cache
      content-length:
      - '868'
      content-type:
      - application/json; charset=utf-8
      date:
      - Thu, 16 Sep 2021 05:02:37 GMT
      expires:
      - '-1'
      pragma:
      - no-cache
      server:
      - Microsoft-HTTPAPI/2.0
      strict-transport-security:
      - max-age=31536000; includeSubDomains
      transfer-encoding:
      - chunked
      vary:
      - Accept-Encoding
      x-content-type-options:
      - nosniff
    status:
      code: 200
      message: OK
- request:
    body: null
    headers:
      Accept:
      - '*/*'
      Accept-Encoding:
      - gzip, deflate
      CommandName:
      - network private-endpoint-connection reject
      Connection:
      - keep-alive
      ParameterSetName:
      - --resource-group --resource-name --name --type --description
      User-Agent:
      - python/3.8.3 (Windows-10-10.0.18362-SP0) AZURECLI/2.28.1
    method: GET
    uri: https://management.azure.com/subscriptions/00000000-0000-0000-0000-000000000000/resourceGroups/cli_test_event_grid_pec000001/providers/Microsoft.EventGrid/domains/cli000007/privateEndpointConnections/cli000005.60b0f6ef-63c3-4f25-a3d3-10fbc990d649?api-version=2020-04-01-preview
  response:
    body:
      string: '{"properties":{"privateEndpoint":{"id":"/subscriptions/00000000-0000-0000-0000-000000000000/resourceGroups/cli_test_event_grid_pec000002/providers/Microsoft.Network/privateEndpoints/cli000005"},"groupIds":["domain"],"privateLinkServiceConnectionState":{"status":"Approved","description":"You
        are approved!","actionsRequired":"None"},"provisioningState":"Succeeded"},"id":"/subscriptions/00000000-0000-0000-0000-000000000000/resourceGroups/cli_test_event_grid_pec000001/providers/Microsoft.EventGrid/domains/cli000007/privateEndpointConnections/cli000005.60b0f6ef-63c3-4f25-a3d3-10fbc990d649","name":"cli000005.60b0f6ef-63c3-4f25-a3d3-10fbc990d649","type":"Microsoft.EventGrid/domains/privateEndpointConnections"}'
    headers:
      cache-control:
      - no-cache
      content-length:
      - '868'
      content-type:
      - application/json; charset=utf-8
      date:
      - Thu, 16 Sep 2021 05:02:40 GMT
      expires:
      - '-1'
      pragma:
      - no-cache
      server:
      - Microsoft-HTTPAPI/2.0
      strict-transport-security:
      - max-age=31536000; includeSubDomains
      transfer-encoding:
      - chunked
      vary:
      - Accept-Encoding
      x-content-type-options:
      - nosniff
    status:
      code: 200
      message: OK
- request:
    body: '{"properties": {"privateEndpoint": {"id": "/subscriptions/00000000-0000-0000-0000-000000000000/resourceGroups/cli_test_event_grid_pec000002/providers/Microsoft.Network/privateEndpoints/cli000005"},
      "groupIds": ["domain"], "privateLinkServiceConnectionState": {"status": "Rejected",
      "description": "You are rejected!", "actionsRequired": "None"}, "provisioningState":
      "Succeeded"}, "id": "/subscriptions/00000000-0000-0000-0000-000000000000/resourceGroups/cli_test_event_grid_pec000001/providers/Microsoft.EventGrid/domains/cli000007/privateEndpointConnections/cli000005.60b0f6ef-63c3-4f25-a3d3-10fbc990d649",
      "name": "cli000005.60b0f6ef-63c3-4f25-a3d3-10fbc990d649", "type": "Microsoft.EventGrid/domains/privateEndpointConnections"}'
    headers:
      Accept:
      - '*/*'
      Accept-Encoding:
      - gzip, deflate
      CommandName:
      - network private-endpoint-connection reject
      Connection:
      - keep-alive
      Content-Length:
      - '888'
      Content-Type:
      - application/json
      ParameterSetName:
      - --resource-group --resource-name --name --type --description
      User-Agent:
      - python/3.8.3 (Windows-10-10.0.18362-SP0) AZURECLI/2.28.1
    method: PUT
    uri: https://management.azure.com/subscriptions/00000000-0000-0000-0000-000000000000/resourceGroups/cli_test_event_grid_pec000001/providers/Microsoft.EventGrid/domains/cli000007/privateEndpointConnections/cli000005.60b0f6ef-63c3-4f25-a3d3-10fbc990d649?api-version=2020-04-01-preview
  response:
    body:
      string: '{"properties":{"privateEndpoint":null,"groupIds":null,"privateLinkServiceConnectionState":{"status":"Rejected","description":"You
        are rejected!","actionsRequired":"None"},"provisioningState":"Updating"},"id":"/subscriptions/00000000-0000-0000-0000-000000000000/resourceGroups/cli_test_event_grid_pec000001/providers/Microsoft.EventGrid/domains/cli000007/privateEndpointConnections/cli000005.60b0f6ef-63c3-4f25-a3d3-10fbc990d649","name":"cli000005.60b0f6ef-63c3-4f25-a3d3-10fbc990d649","type":"Microsoft.EventGrid/domains/privateEndpointConnections"}'
    headers:
      azure-asyncoperation:
      - https://management.azure.com:443/subscriptions/00000000-0000-0000-0000-000000000000/providers/Microsoft.EventGrid/locations/centraluseuap/operationsStatus/894A1935-FC2B-43AC-BDC0-608EA4B96241?api-version=2020-04-01-preview
      cache-control:
      - no-cache
      content-length:
      - '648'
      content-type:
      - application/json; charset=utf-8
      date:
      - Thu, 16 Sep 2021 05:02:43 GMT
      expires:
      - '-1'
      pragma:
      - no-cache
      server:
      - Microsoft-HTTPAPI/2.0
      strict-transport-security:
      - max-age=31536000; includeSubDomains
      x-content-type-options:
      - nosniff
      x-ms-ratelimit-remaining-subscription-writes:
      - '1195'
    status:
      code: 201
      message: Created
- request:
    body: null
    headers:
      Accept:
      - '*/*'
      Accept-Encoding:
      - gzip, deflate
      CommandName:
      - network private-endpoint-connection reject
      Connection:
      - keep-alive
      ParameterSetName:
      - --resource-group --resource-name --name --type --description
      User-Agent:
      - python/3.8.3 (Windows-10-10.0.18362-SP0) AZURECLI/2.28.1
    method: GET
    uri: https://management.azure.com/subscriptions/00000000-0000-0000-0000-000000000000/resourceGroups/cli_test_event_grid_pec000001/providers/Microsoft.EventGrid/domains/cli000007/privateEndpointConnections/cli000005.60b0f6ef-63c3-4f25-a3d3-10fbc990d649?api-version=2020-04-01-preview
  response:
    body:
      string: '{"properties":{"privateEndpoint":{"id":"/subscriptions/00000000-0000-0000-0000-000000000000/resourceGroups/cli_test_event_grid_pec000002/providers/Microsoft.Network/privateEndpoints/cli000005"},"groupIds":["domain"],"privateLinkServiceConnectionState":{"status":"Rejected","description":"You
        are rejected!","actionsRequired":"None"},"provisioningState":"Succeeded"},"id":"/subscriptions/00000000-0000-0000-0000-000000000000/resourceGroups/cli_test_event_grid_pec000001/providers/Microsoft.EventGrid/domains/cli000007/privateEndpointConnections/cli000005.60b0f6ef-63c3-4f25-a3d3-10fbc990d649","name":"cli000005.60b0f6ef-63c3-4f25-a3d3-10fbc990d649","type":"Microsoft.EventGrid/domains/privateEndpointConnections"}'
    headers:
      cache-control:
      - no-cache
      content-length:
      - '868'
      content-type:
      - application/json; charset=utf-8
      date:
      - Thu, 16 Sep 2021 05:02:56 GMT
      expires:
      - '-1'
      pragma:
      - no-cache
      server:
      - Microsoft-HTTPAPI/2.0
      strict-transport-security:
      - max-age=31536000; includeSubDomains
      transfer-encoding:
      - chunked
      vary:
      - Accept-Encoding
      x-content-type-options:
      - nosniff
    status:
      code: 200
      message: OK
- request:
    body: null
    headers:
      Accept:
      - '*/*'
      Accept-Encoding:
      - gzip, deflate
      CommandName:
      - network private-endpoint-connection delete
      Connection:
      - keep-alive
      Content-Length:
      - '0'
      ParameterSetName:
      - --resource-group --resource-name --name --type -y
      User-Agent:
      - python/3.8.3 (Windows-10-10.0.18362-SP0) AZURECLI/2.28.1
    method: DELETE
    uri: https://management.azure.com/subscriptions/00000000-0000-0000-0000-000000000000/resourceGroups/cli_test_event_grid_pec000001/providers/Microsoft.EventGrid/domains/cli000007/privateEndpointConnections/cli000005.60b0f6ef-63c3-4f25-a3d3-10fbc990d649?api-version=2020-04-01-preview
  response:
    body:
      string: ''
    headers:
      azure-asyncoperation:
      - https://management.azure.com:443/subscriptions/00000000-0000-0000-0000-000000000000/providers/Microsoft.EventGrid/locations/centraluseuap/operationsStatus/E5E70DA4-A270-4DAC-BA5B-B0B9EA8F6A53?api-version=2020-04-01-preview
      cache-control:
      - no-cache
      content-length:
      - '0'
      date:
      - Thu, 16 Sep 2021 05:03:00 GMT
      expires:
      - '-1'
      location:
      - https://management.azure.com/subscriptions/00000000-0000-0000-0000-000000000000/providers/Microsoft.EventGrid/locations/centraluseuap/operationResults/E5E70DA4-A270-4DAC-BA5B-B0B9EA8F6A53?api-version=2020-04-01-preview
      pragma:
      - no-cache
      server:
      - Microsoft-HTTPAPI/2.0
      strict-transport-security:
      - max-age=31536000; includeSubDomains
      x-content-type-options:
      - nosniff
      x-ms-ratelimit-remaining-subscription-deletes:
      - '14998'
    status:
      code: 202
      message: Accepted
- request:
    body: null
    headers:
      Accept:
      - application/json
      Accept-Encoding:
      - gzip, deflate
      CommandName:
      - network private-endpoint delete
      Connection:
      - keep-alive
      Content-Length:
      - '0'
      ParameterSetName:
      - --resource-group --name
      User-Agent:
      - AZURECLI/2.28.1 azsdk-python-azure-mgmt-network/19.0.0 Python/3.8.3 (Windows-10-10.0.18362-SP0)
    method: DELETE
    uri: https://management.azure.com/subscriptions/00000000-0000-0000-0000-000000000000/resourceGroups/cli_test_event_grid_pec000002/providers/Microsoft.Network/privateEndpoints/cli000005?api-version=2021-03-01
  response:
    body:
      string: ''
    headers:
      azure-asyncnotification:
      - Enabled
      azure-asyncoperation:
      - https://management.azure.com/subscriptions/00000000-0000-0000-0000-000000000000/providers/Microsoft.Network/locations/centraluseuap/operations/d194c59d-c8b4-4911-b718-80132715e8c0?api-version=2021-03-01
      cache-control:
      - no-cache
      content-length:
      - '0'
      date:
      - Thu, 16 Sep 2021 05:03:03 GMT
      expires:
      - '-1'
      location:
      - https://management.azure.com/subscriptions/00000000-0000-0000-0000-000000000000/providers/Microsoft.Network/locations/centraluseuap/operationResults/d194c59d-c8b4-4911-b718-80132715e8c0?api-version=2021-03-01
      pragma:
      - no-cache
      server:
      - Microsoft-HTTPAPI/2.0
      - Microsoft-HTTPAPI/2.0
      strict-transport-security:
      - max-age=31536000; includeSubDomains
      x-content-type-options:
      - nosniff
      x-ms-arm-service-request-id:
      - 616586f3-eeee-48ca-8cb2-9d8bb5057a27
      x-ms-ratelimit-remaining-subscription-deletes:
      - '14997'
    status:
      code: 202
      message: Accepted
- request:
    body: null
    headers:
      Accept:
      - '*/*'
      Accept-Encoding:
      - gzip, deflate
      CommandName:
      - network private-endpoint delete
      Connection:
      - keep-alive
      ParameterSetName:
      - --resource-group --name
      User-Agent:
      - AZURECLI/2.28.1 azsdk-python-azure-mgmt-network/19.0.0 Python/3.8.3 (Windows-10-10.0.18362-SP0)
    method: GET
    uri: https://management.azure.com/subscriptions/00000000-0000-0000-0000-000000000000/providers/Microsoft.Network/locations/centraluseuap/operations/d194c59d-c8b4-4911-b718-80132715e8c0?api-version=2021-03-01
  response:
    body:
      string: "{\r\n  \"status\": \"Succeeded\"\r\n}"
    headers:
      cache-control:
      - no-cache
      content-length:
      - '29'
      content-type:
      - application/json; charset=utf-8
      date:
      - Thu, 16 Sep 2021 05:03:13 GMT
      expires:
      - '-1'
      pragma:
      - no-cache
      server:
      - Microsoft-HTTPAPI/2.0
      - Microsoft-HTTPAPI/2.0
      strict-transport-security:
      - max-age=31536000; includeSubDomains
      transfer-encoding:
      - chunked
      vary:
      - Accept-Encoding
      x-content-type-options:
      - nosniff
      x-ms-arm-service-request-id:
      - 3b669f5a-ff7a-4d7b-a49d-01b15f0a442f
    status:
      code: 200
      message: OK
- request:
    body: null
    headers:
      Accept:
      - application/json
      Accept-Encoding:
      - gzip, deflate
      CommandName:
      - network vnet subnet delete
      Connection:
      - keep-alive
      Content-Length:
      - '0'
      ParameterSetName:
      - --resource-group --vnet-name --name
      User-Agent:
      - AZURECLI/2.28.1 azsdk-python-azure-mgmt-network/19.0.0 Python/3.8.3 (Windows-10-10.0.18362-SP0)
    method: DELETE
    uri: https://management.azure.com/subscriptions/00000000-0000-0000-0000-000000000000/resourceGroups/cli_test_event_grid_pec000002/providers/Microsoft.Network/virtualNetworks/cli000003/subnets/cli000004?api-version=2021-03-01
  response:
    body:
      string: ''
    headers:
      azure-asyncoperation:
      - https://management.azure.com/subscriptions/00000000-0000-0000-0000-000000000000/providers/Microsoft.Network/locations/centraluseuap/operations/fc1a019d-789c-4b78-9e66-35544dfbdbd5?api-version=2021-03-01
      cache-control:
      - no-cache
      content-length:
      - '0'
      date:
      - Thu, 16 Sep 2021 05:03:16 GMT
      expires:
      - '-1'
      location:
      - https://management.azure.com/subscriptions/00000000-0000-0000-0000-000000000000/providers/Microsoft.Network/locations/centraluseuap/operationResults/fc1a019d-789c-4b78-9e66-35544dfbdbd5?api-version=2021-03-01
      pragma:
      - no-cache
      server:
      - Microsoft-HTTPAPI/2.0
      - Microsoft-HTTPAPI/2.0
      strict-transport-security:
      - max-age=31536000; includeSubDomains
      x-content-type-options:
      - nosniff
      x-ms-arm-service-request-id:
      - 789f149c-39bf-43bd-9150-a3869499bb9e
      x-ms-ratelimit-remaining-subscription-deletes:
      - '14998'
    status:
      code: 202
      message: Accepted
- request:
    body: null
    headers:
      Accept:
      - '*/*'
      Accept-Encoding:
      - gzip, deflate
      CommandName:
      - network vnet subnet delete
      Connection:
      - keep-alive
      ParameterSetName:
      - --resource-group --vnet-name --name
      User-Agent:
      - AZURECLI/2.28.1 azsdk-python-azure-mgmt-network/19.0.0 Python/3.8.3 (Windows-10-10.0.18362-SP0)
    method: GET
    uri: https://management.azure.com/subscriptions/00000000-0000-0000-0000-000000000000/providers/Microsoft.Network/locations/centraluseuap/operations/fc1a019d-789c-4b78-9e66-35544dfbdbd5?api-version=2021-03-01
  response:
    body:
      string: "{\r\n  \"status\": \"Succeeded\"\r\n}"
    headers:
      cache-control:
      - no-cache
      content-length:
      - '29'
      content-type:
      - application/json; charset=utf-8
      date:
      - Thu, 16 Sep 2021 05:03:26 GMT
      expires:
      - '-1'
      pragma:
      - no-cache
      server:
      - Microsoft-HTTPAPI/2.0
      - Microsoft-HTTPAPI/2.0
      strict-transport-security:
      - max-age=31536000; includeSubDomains
      transfer-encoding:
      - chunked
      vary:
      - Accept-Encoding
      x-content-type-options:
      - nosniff
      x-ms-arm-service-request-id:
      - 8a850452-aac9-4b95-ae01-5e956dc0e7fd
    status:
      code: 200
      message: OK
- request:
    body: null
    headers:
      Accept:
      - application/json
      Accept-Encoding:
      - gzip, deflate
      CommandName:
      - network vnet delete
      Connection:
      - keep-alive
      Content-Length:
      - '0'
      ParameterSetName:
      - --resource-group --name
      User-Agent:
      - AZURECLI/2.28.1 azsdk-python-azure-mgmt-network/19.0.0 Python/3.8.3 (Windows-10-10.0.18362-SP0)
    method: DELETE
    uri: https://management.azure.com/subscriptions/00000000-0000-0000-0000-000000000000/resourceGroups/cli_test_event_grid_pec000002/providers/Microsoft.Network/virtualNetworks/cli000003?api-version=2021-03-01
  response:
    body:
      string: ''
    headers:
      azure-asyncnotification:
      - Enabled
      azure-asyncoperation:
      - https://management.azure.com/subscriptions/00000000-0000-0000-0000-000000000000/providers/Microsoft.Network/locations/centraluseuap/operations/875b8126-b244-4e92-b85e-e714e487278b?api-version=2021-03-01
      cache-control:
      - no-cache
      content-length:
      - '0'
      date:
      - Thu, 16 Sep 2021 05:03:30 GMT
      expires:
      - '-1'
      location:
      - https://management.azure.com/subscriptions/00000000-0000-0000-0000-000000000000/providers/Microsoft.Network/locations/centraluseuap/operationResults/875b8126-b244-4e92-b85e-e714e487278b?api-version=2021-03-01
      pragma:
      - no-cache
      server:
      - Microsoft-HTTPAPI/2.0
      - Microsoft-HTTPAPI/2.0
      strict-transport-security:
      - max-age=31536000; includeSubDomains
      x-content-type-options:
      - nosniff
      x-ms-arm-service-request-id:
      - 91d4f317-4f37-4914-978d-25844dad74e3
      x-ms-ratelimit-remaining-subscription-deletes:
      - '14999'
    status:
      code: 202
      message: Accepted
- request:
    body: null
    headers:
      Accept:
      - '*/*'
      Accept-Encoding:
      - gzip, deflate
      CommandName:
      - network vnet delete
      Connection:
      - keep-alive
      ParameterSetName:
      - --resource-group --name
      User-Agent:
      - AZURECLI/2.28.1 azsdk-python-azure-mgmt-network/19.0.0 Python/3.8.3 (Windows-10-10.0.18362-SP0)
    method: GET
    uri: https://management.azure.com/subscriptions/00000000-0000-0000-0000-000000000000/providers/Microsoft.Network/locations/centraluseuap/operations/875b8126-b244-4e92-b85e-e714e487278b?api-version=2021-03-01
  response:
    body:
      string: "{\r\n  \"status\": \"Succeeded\"\r\n}"
    headers:
      cache-control:
      - no-cache
      content-length:
      - '29'
      content-type:
      - application/json; charset=utf-8
      date:
      - Thu, 16 Sep 2021 05:03:41 GMT
      expires:
      - '-1'
      pragma:
      - no-cache
      server:
      - Microsoft-HTTPAPI/2.0
      - Microsoft-HTTPAPI/2.0
      strict-transport-security:
      - max-age=31536000; includeSubDomains
      transfer-encoding:
      - chunked
      vary:
      - Accept-Encoding
      x-content-type-options:
      - nosniff
      x-ms-arm-service-request-id:
      - a8cdab7e-d378-4ebe-a799-78d237ff5020
    status:
      code: 200
      message: OK
- request:
    body: null
    headers:
      Accept:
      - '*/*'
      Accept-Encoding:
      - gzip, deflate
      CommandName:
      - eventgrid domain delete
      Connection:
      - keep-alive
      Content-Length:
      - '0'
      ParameterSetName:
      - --name --resource-group
      User-Agent:
      - AZURECLI/2.28.1 azsdk-python-mgmt-eventgrid/9.0.0 Python/3.8.3 (Windows-10-10.0.18362-SP0)
    method: DELETE
    uri: https://management.azure.com/subscriptions/00000000-0000-0000-0000-000000000000/resourceGroups/cli_test_event_grid_pec000001/providers/Microsoft.EventGrid/domains/cli000007?api-version=2020-10-15-preview
  response:
    body:
      string: ''
    headers:
      azure-asyncoperation:
      - https://management.azure.com:443/subscriptions/00000000-0000-0000-0000-000000000000/providers/Microsoft.EventGrid/locations/centraluseuap/operationsStatus/C2F0DBA4-0957-4C12-B734-371030158A28?api-version=2020-10-15-preview
      cache-control:
      - no-cache
      content-length:
      - '0'
      date:
      - Thu, 16 Sep 2021 05:03:45 GMT
      expires:
      - '-1'
      location:
      - https://management.azure.com/subscriptions/00000000-0000-0000-0000-000000000000/providers/Microsoft.EventGrid/locations/centraluseuap/operationResults/C2F0DBA4-0957-4C12-B734-371030158A28?api-version=2020-10-15-preview
      pragma:
      - no-cache
      server:
      - Microsoft-HTTPAPI/2.0
      strict-transport-security:
      - max-age=31536000; includeSubDomains
      x-content-type-options:
      - nosniff
      x-ms-ratelimit-remaining-subscription-deletes:
      - '14998'
    status:
      code: 202
      message: Accepted
- request:
    body: null
    headers:
      Accept:
      - '*/*'
      Accept-Encoding:
      - gzip, deflate
      CommandName:
      - eventgrid domain delete
      Connection:
      - keep-alive
      ParameterSetName:
      - --name --resource-group
      User-Agent:
      - AZURECLI/2.28.1 azsdk-python-mgmt-eventgrid/9.0.0 Python/3.8.3 (Windows-10-10.0.18362-SP0)
    method: GET
    uri: https://management.azure.com/subscriptions/00000000-0000-0000-0000-000000000000/providers/Microsoft.EventGrid/locations/centraluseuap/operationsStatus/C2F0DBA4-0957-4C12-B734-371030158A28?api-version=2020-10-15-preview
  response:
    body:
      string: '{"id":"https://management.azure.com/subscriptions/00000000-0000-0000-0000-000000000000/providers/Microsoft.EventGrid/locations/centraluseuap/operationsStatus/C2F0DBA4-0957-4C12-B734-371030158A28?api-version=2020-10-15-preview","name":"c2f0dba4-0957-4c12-b734-371030158a28","status":"Succeeded"}'
    headers:
      cache-control:
      - no-cache
      content-length:
      - '294'
      content-type:
      - application/json; charset=utf-8
      date:
      - Thu, 16 Sep 2021 05:03:56 GMT
      expires:
      - '-1'
      pragma:
      - no-cache
      server:
      - Microsoft-HTTPAPI/2.0
      strict-transport-security:
      - max-age=31536000; includeSubDomains
      transfer-encoding:
      - chunked
      vary:
      - Accept-Encoding
      x-content-type-options:
      - nosniff
    status:
      code: 200
      message: OK
version: 1
