interactions:
- request:
    body: '{"location": "centralus", "tags": {}, "properties": {"addressSpace": {"addressPrefixes":
      ["10.0.0.0/16"]}, "dhcpOptions": {}, "subnets": [{"properties": {"addressPrefix":
      "10.0.0.0/24"}, "name": "subnet1"}]}}'
    headers:
      Accept:
      - application/json
      Accept-Encoding:
      - gzip, deflate
      CommandName:
      - network vnet create
      Connection:
      - keep-alive
      Content-Length:
      - '208'
      Content-Type:
      - application/json; charset=utf-8
      ParameterSetName:
      - -g -n --subnet-name -l
      User-Agent:
      - python/3.7.4 (Windows-10-10.0.18362-SP0) msrest/0.6.10 msrest_azure/0.6.2
        azure-mgmt-network/5.0.0 Azure-SDK-For-Python AZURECLI/2.0.73
      accept-language:
      - en-US
    method: PUT
    uri: https://management.azure.com/subscriptions/00000000-0000-0000-0000-000000000000/resourceGroups/0927pe/providers/Microsoft.Network/virtualNetworks/vnet1?api-version=2019-06-01
  response:
    body:
      string: "{\r\n  \"name\": \"vnet1\",\r\n  \"id\": \"/subscriptions/00000000-0000-0000-0000-000000000000/resourceGroups/0927pe/providers/Microsoft.Network/virtualNetworks/vnet1\",\r\n
        \ \"etag\": \"W/\\\"d05e8e05-be64-47d1-b18a-56a1980303b0\\\"\",\r\n  \"type\":
        \"Microsoft.Network/virtualNetworks\",\r\n  \"location\": \"centralus\",\r\n
        \ \"tags\": {},\r\n  \"properties\": {\r\n    \"provisioningState\": \"Updating\",\r\n
        \   \"resourceGuid\": \"d7c5b183-ce82-4303-92ae-8d61a645f08a\",\r\n    \"addressSpace\":
        {\r\n      \"addressPrefixes\": [\r\n        \"10.0.0.0/16\"\r\n      ]\r\n
        \   },\r\n    \"dhcpOptions\": {\r\n      \"dnsServers\": []\r\n    },\r\n
        \   \"subnets\": [\r\n      {\r\n        \"name\": \"subnet1\",\r\n        \"id\":
        \"/subscriptions/00000000-0000-0000-0000-000000000000/resourceGroups/0927pe/providers/Microsoft.Network/virtualNetworks/vnet1/subnets/subnet1\",\r\n
        \       \"etag\": \"W/\\\"d05e8e05-be64-47d1-b18a-56a1980303b0\\\"\",\r\n
        \       \"properties\": {\r\n          \"provisioningState\": \"Updating\",\r\n
        \         \"addressPrefix\": \"10.0.0.0/24\",\r\n          \"delegations\":
        [],\r\n          \"privateEndpointNetworkPolicies\": \"Enabled\",\r\n          \"privateLinkServiceNetworkPolicies\":
        \"Enabled\"\r\n        },\r\n        \"type\": \"Microsoft.Network/virtualNetworks/subnets\"\r\n
        \     }\r\n    ],\r\n    \"virtualNetworkPeerings\": [],\r\n    \"enableDdosProtection\":
        false,\r\n    \"enableVmProtection\": false\r\n  }\r\n}"
    headers:
      azure-asyncoperation:
      - https://management.azure.com/subscriptions/00000000-0000-0000-0000-000000000000/providers/Microsoft.Network/locations/centralus/operations/1f32a290-940d-4ad7-8f38-e66958d0d93a?api-version=2019-06-01
      cache-control:
      - no-cache
      content-length:
      - '1302'
      content-type:
      - application/json; charset=utf-8
      date:
      - Fri, 27 Sep 2019 06:37:33 GMT
      expires:
      - '-1'
      pragma:
      - no-cache
      server:
      - Microsoft-HTTPAPI/2.0
      - Microsoft-HTTPAPI/2.0
      strict-transport-security:
      - max-age=31536000; includeSubDomains
      x-content-type-options:
      - nosniff
      x-ms-arm-service-request-id:
      - bb330dc9-b5af-4dd0-8ff4-d34cab79467e
      x-ms-ratelimit-remaining-subscription-writes:
      - '1197'
    status:
      code: 201
      message: Created
- request:
    body: null
    headers:
      Accept:
      - application/json
      Accept-Encoding:
      - gzip, deflate
      CommandName:
      - network vnet create
      Connection:
      - keep-alive
      ParameterSetName:
      - -g -n --subnet-name -l
      User-Agent:
      - python/3.7.4 (Windows-10-10.0.18362-SP0) msrest/0.6.10 msrest_azure/0.6.2
        azure-mgmt-network/5.0.0 Azure-SDK-For-Python AZURECLI/2.0.73
    method: GET
    uri: https://management.azure.com/subscriptions/00000000-0000-0000-0000-000000000000/providers/Microsoft.Network/locations/centralus/operations/1f32a290-940d-4ad7-8f38-e66958d0d93a?api-version=2019-06-01
  response:
    body:
      string: "{\r\n  \"status\": \"Succeeded\"\r\n}"
    headers:
      cache-control:
      - no-cache
      content-length:
      - '29'
      content-type:
      - application/json; charset=utf-8
      date:
      - Fri, 27 Sep 2019 06:37:38 GMT
      expires:
      - '-1'
      pragma:
      - no-cache
      server:
      - Microsoft-HTTPAPI/2.0
      - Microsoft-HTTPAPI/2.0
      strict-transport-security:
      - max-age=31536000; includeSubDomains
      transfer-encoding:
      - chunked
      vary:
      - Accept-Encoding
      x-content-type-options:
      - nosniff
      x-ms-arm-service-request-id:
      - 3bafd8fc-8c4d-4582-b63d-4911dcdf039a
    status:
      code: 200
      message: OK
- request:
    body: null
    headers:
      Accept:
      - application/json
      Accept-Encoding:
      - gzip, deflate
      CommandName:
      - network vnet create
      Connection:
      - keep-alive
      ParameterSetName:
      - -g -n --subnet-name -l
      User-Agent:
      - python/3.7.4 (Windows-10-10.0.18362-SP0) msrest/0.6.10 msrest_azure/0.6.2
        azure-mgmt-network/5.0.0 Azure-SDK-For-Python AZURECLI/2.0.73
    method: GET
    uri: https://management.azure.com/subscriptions/00000000-0000-0000-0000-000000000000/resourceGroups/0927pe/providers/Microsoft.Network/virtualNetworks/vnet1?api-version=2019-06-01
  response:
    body:
      string: "{\r\n  \"name\": \"vnet1\",\r\n  \"id\": \"/subscriptions/00000000-0000-0000-0000-000000000000/resourceGroups/0927pe/providers/Microsoft.Network/virtualNetworks/vnet1\",\r\n
        \ \"etag\": \"W/\\\"1c42b323-8239-4428-85b4-bb0c0e898fa7\\\"\",\r\n  \"type\":
        \"Microsoft.Network/virtualNetworks\",\r\n  \"location\": \"centralus\",\r\n
        \ \"tags\": {},\r\n  \"properties\": {\r\n    \"provisioningState\": \"Succeeded\",\r\n
        \   \"resourceGuid\": \"d7c5b183-ce82-4303-92ae-8d61a645f08a\",\r\n    \"addressSpace\":
        {\r\n      \"addressPrefixes\": [\r\n        \"10.0.0.0/16\"\r\n      ]\r\n
        \   },\r\n    \"dhcpOptions\": {\r\n      \"dnsServers\": []\r\n    },\r\n
        \   \"subnets\": [\r\n      {\r\n        \"name\": \"subnet1\",\r\n        \"id\":
        \"/subscriptions/00000000-0000-0000-0000-000000000000/resourceGroups/0927pe/providers/Microsoft.Network/virtualNetworks/vnet1/subnets/subnet1\",\r\n
        \       \"etag\": \"W/\\\"1c42b323-8239-4428-85b4-bb0c0e898fa7\\\"\",\r\n
        \       \"properties\": {\r\n          \"provisioningState\": \"Succeeded\",\r\n
        \         \"addressPrefix\": \"10.0.0.0/24\",\r\n          \"delegations\":
        [],\r\n          \"privateEndpointNetworkPolicies\": \"Enabled\",\r\n          \"privateLinkServiceNetworkPolicies\":
        \"Enabled\"\r\n        },\r\n        \"type\": \"Microsoft.Network/virtualNetworks/subnets\"\r\n
        \     }\r\n    ],\r\n    \"virtualNetworkPeerings\": [],\r\n    \"enableDdosProtection\":
        false,\r\n    \"enableVmProtection\": false\r\n  }\r\n}"
    headers:
      cache-control:
      - no-cache
      content-length:
      - '1304'
      content-type:
      - application/json; charset=utf-8
      date:
      - Fri, 27 Sep 2019 06:37:38 GMT
      etag:
      - W/"1c42b323-8239-4428-85b4-bb0c0e898fa7"
      expires:
      - '-1'
      pragma:
      - no-cache
      server:
      - Microsoft-HTTPAPI/2.0
      - Microsoft-HTTPAPI/2.0
      strict-transport-security:
      - max-age=31536000; includeSubDomains
      transfer-encoding:
      - chunked
      vary:
      - Accept-Encoding
      x-content-type-options:
      - nosniff
      x-ms-arm-service-request-id:
      - 83d8f4a9-d88b-4251-a417-cd67085c1309
    status:
      code: 200
      message: OK
- request:
    body: null
    headers:
      Accept:
      - application/json
      Accept-Encoding:
      - gzip, deflate
      CommandName:
      - network lb create
      Connection:
      - keep-alive
      ParameterSetName:
      - -g -l -n --public-ip-address --sku
      User-Agent:
      - python/3.7.4 (Windows-10-10.0.18362-SP0) msrest/0.6.10 msrest_azure/0.6.2
        azure-mgmt-resource/4.0.0 Azure-SDK-For-Python AZURECLI/2.0.73
      accept-language:
      - en-US
    method: GET
    uri: https://management.azure.com/subscriptions/00000000-0000-0000-0000-000000000000/resources?$filter=resourceGroup%20eq%20%270927pe%27%20and%20name%20eq%20%27pubip1%27%20and%20resourceType%20eq%20%27Microsoft.Network%2FpublicIPAddresses%27&api-version=2019-05-10
  response:
    body:
      string: '{"value":[]}'
    headers:
      cache-control:
      - no-cache
      content-length:
      - '12'
      content-type:
      - application/json; charset=utf-8
      date:
      - Fri, 27 Sep 2019 06:37:39 GMT
      expires:
      - '-1'
      pragma:
      - no-cache
      strict-transport-security:
      - max-age=31536000; includeSubDomains
      vary:
      - Accept-Encoding
      x-content-type-options:
      - nosniff
    status:
      code: 200
      message: OK
- request:
    body: '{"properties": {"template": {"$schema": "https://schema.management.azure.com/schemas/2015-01-01/deploymentTemplate.json#",
      "contentVersion": "1.0.0.0", "parameters": {}, "variables": {}, "resources":
      [{"apiVersion": "2019-06-01", "type": "Microsoft.Network/publicIPAddresses",
      "name": "pubip1", "location": "centralus", "tags": {}, "dependsOn": [], "properties":
      {"publicIPAllocationMethod": "Static"}, "sku": {"name": "Standard"}}, {"type":
      "Microsoft.Network/loadBalancers", "name": "lb1", "location": "centralus", "tags":
      {}, "apiVersion": "2019-06-01", "dependsOn": ["Microsoft.Network/publicIpAddresses/pubip1"],
      "properties": {"backendAddressPools": [{"name": "lb1bepool"}], "frontendIPConfigurations":
      [{"name": "LoadBalancerFrontEnd", "properties": {"publicIPAddress": {"id": "/subscriptions/00000000-0000-0000-0000-000000000000/resourceGroups/0927pe/providers/Microsoft.Network/publicIPAddresses/pubip1"},
      "privateIPAddressVersion": "IPv4"}}]}, "sku": {"name": "Standard"}}], "outputs":
      {"loadBalancer": {"type": "object", "value": "[reference(''lb1'')]"}}}, "parameters":
      {}, "mode": "Incremental"}}'
    headers:
      Accept:
      - application/json
      Accept-Encoding:
      - gzip, deflate
      CommandName:
      - network lb create
      Connection:
      - keep-alive
      Content-Length:
      - '1107'
      Content-Type:
      - application/json; charset=utf-8
      ParameterSetName:
      - -g -l -n --public-ip-address --sku
      User-Agent:
      - python/3.7.4 (Windows-10-10.0.18362-SP0) msrest/0.6.10 msrest_azure/0.6.2
        azure-mgmt-resource/4.0.0 Azure-SDK-For-Python AZURECLI/2.0.73
      accept-language:
      - en-US
    method: PUT
    uri: https://management.azure.com/subscriptions/00000000-0000-0000-0000-000000000000/resourcegroups/0927pe/providers/Microsoft.Resources/deployments/mock-deployment?api-version=2019-05-10
  response:
    body:
      string: '{"id":"/subscriptions/00000000-0000-0000-0000-000000000000/resourceGroups/0927pe/providers/Microsoft.Resources/deployments/lb_deploy_Dh86bRpfM9FBybbR9pi4ue18ezlMnZM5","name":"lb_deploy_Dh86bRpfM9FBybbR9pi4ue18ezlMnZM5","type":"Microsoft.Resources/deployments","properties":{"templateHash":"3164373228626373000","parameters":{},"mode":"Incremental","provisioningState":"Accepted","timestamp":"2019-09-27T06:37:44.2452259Z","duration":"PT3.1752056S","correlationId":"61eb45f6-2e89-47be-851f-57fd53a366ec","providers":[{"namespace":"Microsoft.Network","resourceTypes":[{"resourceType":"publicIPAddresses","locations":["centralus"]},{"resourceType":"loadBalancers","locations":["centralus"]}]}],"dependencies":[{"dependsOn":[{"id":"/subscriptions/00000000-0000-0000-0000-000000000000/resourceGroups/0927pe/providers/Microsoft.Network/publicIPAddresses/pubip1","resourceType":"Microsoft.Network/publicIPAddresses","resourceName":"pubip1"}],"id":"/subscriptions/00000000-0000-0000-0000-000000000000/resourceGroups/0927pe/providers/Microsoft.Network/loadBalancers/lb1","resourceType":"Microsoft.Network/loadBalancers","resourceName":"lb1"}]}}'
    headers:
      azure-asyncoperation:
      - https://management.azure.com/subscriptions/00000000-0000-0000-0000-000000000000/resourcegroups/0927pe/providers/Microsoft.Resources/deployments/lb_deploy_Dh86bRpfM9FBybbR9pi4ue18ezlMnZM5/operationStatuses/08586320406244075939?api-version=2019-05-10
      cache-control:
      - no-cache
      content-length:
      - '1135'
      content-type:
      - application/json; charset=utf-8
      date:
      - Fri, 27 Sep 2019 06:37:45 GMT
      expires:
      - '-1'
      pragma:
      - no-cache
      strict-transport-security:
      - max-age=31536000; includeSubDomains
      x-content-type-options:
      - nosniff
      x-ms-ratelimit-remaining-subscription-writes:
      - '1198'
    status:
      code: 201
      message: Created
- request:
    body: null
    headers:
      Accept:
      - application/json
      Accept-Encoding:
      - gzip, deflate
      CommandName:
      - network lb create
      Connection:
      - keep-alive
      ParameterSetName:
      - -g -l -n --public-ip-address --sku
      User-Agent:
      - python/3.7.4 (Windows-10-10.0.18362-SP0) msrest/0.6.10 msrest_azure/0.6.2
        azure-mgmt-resource/4.0.0 Azure-SDK-For-Python AZURECLI/2.0.73
    method: GET
    uri: https://management.azure.com/subscriptions/00000000-0000-0000-0000-000000000000/resourcegroups/0927pe/providers/Microsoft.Resources/deployments/mock-deployment/operationStatuses/08586320406244075939?api-version=2019-05-10
  response:
    body:
      string: '{"status":"Running"}'
    headers:
      cache-control:
      - no-cache
      content-length:
      - '20'
      content-type:
      - application/json; charset=utf-8
      date:
      - Fri, 27 Sep 2019 06:38:16 GMT
      expires:
      - '-1'
      pragma:
      - no-cache
      strict-transport-security:
      - max-age=31536000; includeSubDomains
      vary:
      - Accept-Encoding
      x-content-type-options:
      - nosniff
    status:
      code: 200
      message: OK
- request:
    body: null
    headers:
      Accept:
      - application/json
      Accept-Encoding:
      - gzip, deflate
      CommandName:
      - network lb create
      Connection:
      - keep-alive
      ParameterSetName:
      - -g -l -n --public-ip-address --sku
      User-Agent:
      - python/3.7.4 (Windows-10-10.0.18362-SP0) msrest/0.6.10 msrest_azure/0.6.2
        azure-mgmt-resource/4.0.0 Azure-SDK-For-Python AZURECLI/2.0.73
    method: GET
    uri: https://management.azure.com/subscriptions/00000000-0000-0000-0000-000000000000/resourcegroups/0927pe/providers/Microsoft.Resources/deployments/mock-deployment/operationStatuses/08586320406244075939?api-version=2019-05-10
  response:
    body:
      string: '{"status":"Succeeded"}'
    headers:
      cache-control:
      - no-cache
      content-length:
      - '22'
      content-type:
      - application/json; charset=utf-8
      date:
      - Fri, 27 Sep 2019 06:38:46 GMT
      expires:
      - '-1'
      pragma:
      - no-cache
      strict-transport-security:
      - max-age=31536000; includeSubDomains
      vary:
      - Accept-Encoding
      x-content-type-options:
      - nosniff
    status:
      code: 200
      message: OK
- request:
    body: null
    headers:
      Accept:
      - application/json
      Accept-Encoding:
      - gzip, deflate
      CommandName:
      - network lb create
      Connection:
      - keep-alive
      ParameterSetName:
      - -g -l -n --public-ip-address --sku
      User-Agent:
      - python/3.7.4 (Windows-10-10.0.18362-SP0) msrest/0.6.10 msrest_azure/0.6.2
        azure-mgmt-resource/4.0.0 Azure-SDK-For-Python AZURECLI/2.0.73
    method: GET
    uri: https://management.azure.com/subscriptions/00000000-0000-0000-0000-000000000000/resourcegroups/0927pe/providers/Microsoft.Resources/deployments/mock-deployment?api-version=2019-05-10
  response:
    body:
      string: '{"id":"/subscriptions/00000000-0000-0000-0000-000000000000/resourceGroups/0927pe/providers/Microsoft.Resources/deployments/lb_deploy_Dh86bRpfM9FBybbR9pi4ue18ezlMnZM5","name":"lb_deploy_Dh86bRpfM9FBybbR9pi4ue18ezlMnZM5","type":"Microsoft.Resources/deployments","properties":{"templateHash":"3164373228626373000","parameters":{},"mode":"Incremental","provisioningState":"Succeeded","timestamp":"2019-09-27T06:38:41.7194803Z","duration":"PT1M0.64946S","correlationId":"61eb45f6-2e89-47be-851f-57fd53a366ec","providers":[{"namespace":"Microsoft.Network","resourceTypes":[{"resourceType":"publicIPAddresses","locations":["centralus"]},{"resourceType":"loadBalancers","locations":["centralus"]}]}],"dependencies":[{"dependsOn":[{"id":"/subscriptions/00000000-0000-0000-0000-000000000000/resourceGroups/0927pe/providers/Microsoft.Network/publicIPAddresses/pubip1","resourceType":"Microsoft.Network/publicIPAddresses","resourceName":"pubip1"}],"id":"/subscriptions/00000000-0000-0000-0000-000000000000/resourceGroups/0927pe/providers/Microsoft.Network/loadBalancers/lb1","resourceType":"Microsoft.Network/loadBalancers","resourceName":"lb1"}],"outputs":{"loadBalancer":{"type":"Object","value":{"provisioningState":"Succeeded","resourceGuid":"4e520635-d0d8-441b-9448-3e3b2120993e","frontendIPConfigurations":[{"name":"LoadBalancerFrontEnd","id":"/subscriptions/00000000-0000-0000-0000-000000000000/resourceGroups/0927pe/providers/Microsoft.Network/loadBalancers/lb1/frontendIPConfigurations/LoadBalancerFrontEnd","etag":"W/\"00e36057-d5ec-4e77-b3bd-1b151b349acc\"","type":"Microsoft.Network/loadBalancers/frontendIPConfigurations","properties":{"provisioningState":"Succeeded","privateIPAllocationMethod":"Dynamic","publicIPAddress":{"id":"/subscriptions/00000000-0000-0000-0000-000000000000/resourceGroups/0927pe/providers/Microsoft.Network/publicIPAddresses/pubip1"},"privateIPAddressVersion":"IPv4"}}],"backendAddressPools":[{"name":"lb1bepool","id":"/subscriptions/00000000-0000-0000-0000-000000000000/resourceGroups/0927pe/providers/Microsoft.Network/loadBalancers/lb1/backendAddressPools/lb1bepool","etag":"W/\"00e36057-d5ec-4e77-b3bd-1b151b349acc\"","properties":{"provisioningState":"Succeeded"},"type":"Microsoft.Network/loadBalancers/backendAddressPools"}],"loadBalancingRules":[],"probes":[],"inboundNatRules":[],"outboundRules":[],"inboundNatPools":[]}}},"outputResources":[{"id":"/subscriptions/00000000-0000-0000-0000-000000000000/resourceGroups/0927pe/providers/Microsoft.Network/loadBalancers/lb1"},{"id":"/subscriptions/00000000-0000-0000-0000-000000000000/resourceGroups/0927pe/providers/Microsoft.Network/publicIPAddresses/pubip1"}]}}'
    headers:
      cache-control:
      - no-cache
      content-length:
      - '2645'
      content-type:
      - application/json; charset=utf-8
      date:
      - Fri, 27 Sep 2019 06:38:47 GMT
      expires:
      - '-1'
      pragma:
      - no-cache
      strict-transport-security:
      - max-age=31536000; includeSubDomains
      vary:
      - Accept-Encoding
      x-content-type-options:
      - nosniff
    status:
      code: 200
      message: OK
- request:
    body: null
    headers:
      Accept:
      - application/json
      Accept-Encoding:
      - gzip, deflate
      CommandName:
      - network vnet subnet update
      Connection:
      - keep-alive
      ParameterSetName:
      - -g -n --vnet-name --disable-private-link-service-network-policies
      User-Agent:
      - python/3.7.4 (Windows-10-10.0.18362-SP0) msrest/0.6.10 msrest_azure/0.6.2
        azure-mgmt-network/5.0.0 Azure-SDK-For-Python AZURECLI/2.0.73
      accept-language:
      - en-US
    method: GET
    uri: https://management.azure.com/subscriptions/00000000-0000-0000-0000-000000000000/resourceGroups/0927pe/providers/Microsoft.Network/virtualNetworks/vnet1/subnets/subnet1?api-version=2019-06-01
  response:
    body:
      string: "{\r\n  \"name\": \"subnet1\",\r\n  \"id\": \"/subscriptions/00000000-0000-0000-0000-000000000000/resourceGroups/0927pe/providers/Microsoft.Network/virtualNetworks/vnet1/subnets/subnet1\",\r\n
        \ \"etag\": \"W/\\\"1c42b323-8239-4428-85b4-bb0c0e898fa7\\\"\",\r\n  \"properties\":
        {\r\n    \"provisioningState\": \"Succeeded\",\r\n    \"addressPrefix\": \"10.0.0.0/24\",\r\n
        \   \"delegations\": [],\r\n    \"privateEndpointNetworkPolicies\": \"Enabled\",\r\n
        \   \"privateLinkServiceNetworkPolicies\": \"Enabled\"\r\n  },\r\n  \"type\":
        \"Microsoft.Network/virtualNetworks/subnets\"\r\n}"
    headers:
      cache-control:
      - no-cache
      content-length:
      - '517'
      content-type:
      - application/json; charset=utf-8
      date:
      - Fri, 27 Sep 2019 06:38:48 GMT
      etag:
      - W/"1c42b323-8239-4428-85b4-bb0c0e898fa7"
      expires:
      - '-1'
      pragma:
      - no-cache
      server:
      - Microsoft-HTTPAPI/2.0
      - Microsoft-HTTPAPI/2.0
      strict-transport-security:
      - max-age=31536000; includeSubDomains
      transfer-encoding:
      - chunked
      vary:
      - Accept-Encoding
      x-content-type-options:
      - nosniff
      x-ms-arm-service-request-id:
      - 31886af1-4aea-4f91-9f50-59cded08b60b
    status:
      code: 200
      message: OK
- request:
    body: '{"id": "/subscriptions/00000000-0000-0000-0000-000000000000/resourceGroups/0927pe/providers/Microsoft.Network/virtualNetworks/vnet1/subnets/subnet1",
      "properties": {"addressPrefix": "10.0.0.0/24", "delegations": [], "provisioningState":
      "Succeeded", "privateEndpointNetworkPolicies": "Enabled", "privateLinkServiceNetworkPolicies":
      "Disabled"}, "name": "subnet1", "etag": "W/\"1c42b323-8239-4428-85b4-bb0c0e898fa7\""}'
    headers:
      Accept:
      - application/json
      Accept-Encoding:
      - gzip, deflate
      CommandName:
      - network vnet subnet update
      Connection:
      - keep-alive
      Content-Length:
      - '417'
      Content-Type:
      - application/json; charset=utf-8
      ParameterSetName:
      - -g -n --vnet-name --disable-private-link-service-network-policies
      User-Agent:
      - python/3.7.4 (Windows-10-10.0.18362-SP0) msrest/0.6.10 msrest_azure/0.6.2
        azure-mgmt-network/5.0.0 Azure-SDK-For-Python AZURECLI/2.0.73
      accept-language:
      - en-US
    method: PUT
    uri: https://management.azure.com/subscriptions/00000000-0000-0000-0000-000000000000/resourceGroups/0927pe/providers/Microsoft.Network/virtualNetworks/vnet1/subnets/subnet1?api-version=2019-06-01
  response:
    body:
      string: "{\r\n  \"name\": \"subnet1\",\r\n  \"id\": \"/subscriptions/00000000-0000-0000-0000-000000000000/resourceGroups/0927pe/providers/Microsoft.Network/virtualNetworks/vnet1/subnets/subnet1\",\r\n
        \ \"etag\": \"W/\\\"f6453727-4a7e-4a2b-868a-d3efb9ff6747\\\"\",\r\n  \"properties\":
        {\r\n    \"provisioningState\": \"Updating\",\r\n    \"addressPrefix\": \"10.0.0.0/24\",\r\n
        \   \"delegations\": [],\r\n    \"privateEndpointNetworkPolicies\": \"Enabled\",\r\n
        \   \"privateLinkServiceNetworkPolicies\": \"Disabled\"\r\n  },\r\n  \"type\":
        \"Microsoft.Network/virtualNetworks/subnets\"\r\n}"
    headers:
      azure-asyncoperation:
      - https://management.azure.com/subscriptions/00000000-0000-0000-0000-000000000000/providers/Microsoft.Network/locations/centralus/operations/5a004b36-f8a4-4b56-a443-372ba73185b1?api-version=2019-06-01
      cache-control:
      - no-cache
      content-length:
      - '517'
      content-type:
      - application/json; charset=utf-8
      date:
      - Fri, 27 Sep 2019 06:38:49 GMT
      expires:
      - '-1'
      pragma:
      - no-cache
      server:
      - Microsoft-HTTPAPI/2.0
      - Microsoft-HTTPAPI/2.0
      strict-transport-security:
      - max-age=31536000; includeSubDomains
      transfer-encoding:
      - chunked
      vary:
      - Accept-Encoding
      x-content-type-options:
      - nosniff
      x-ms-arm-service-request-id:
      - 658558c1-7597-48d9-86b4-2247ed03c8c3
      x-ms-ratelimit-remaining-subscription-writes:
      - '1198'
    status:
      code: 200
      message: OK
- request:
    body: null
    headers:
      Accept:
      - application/json
      Accept-Encoding:
      - gzip, deflate
      CommandName:
      - network vnet subnet update
      Connection:
      - keep-alive
      ParameterSetName:
      - -g -n --vnet-name --disable-private-link-service-network-policies
      User-Agent:
      - python/3.7.4 (Windows-10-10.0.18362-SP0) msrest/0.6.10 msrest_azure/0.6.2
        azure-mgmt-network/5.0.0 Azure-SDK-For-Python AZURECLI/2.0.73
    method: GET
    uri: https://management.azure.com/subscriptions/00000000-0000-0000-0000-000000000000/providers/Microsoft.Network/locations/centralus/operations/5a004b36-f8a4-4b56-a443-372ba73185b1?api-version=2019-06-01
  response:
    body:
      string: "{\r\n  \"status\": \"Succeeded\"\r\n}"
    headers:
      cache-control:
      - no-cache
      content-length:
      - '29'
      content-type:
      - application/json; charset=utf-8
      date:
      - Fri, 27 Sep 2019 06:38:53 GMT
      expires:
      - '-1'
      pragma:
      - no-cache
      server:
      - Microsoft-HTTPAPI/2.0
      - Microsoft-HTTPAPI/2.0
      strict-transport-security:
      - max-age=31536000; includeSubDomains
      transfer-encoding:
      - chunked
      vary:
      - Accept-Encoding
      x-content-type-options:
      - nosniff
      x-ms-arm-service-request-id:
      - cc5aa199-b6e0-4c57-9d42-d7f42c57954b
    status:
      code: 200
      message: OK
- request:
    body: null
    headers:
      Accept:
      - application/json
      Accept-Encoding:
      - gzip, deflate
      CommandName:
      - network vnet subnet update
      Connection:
      - keep-alive
      ParameterSetName:
      - -g -n --vnet-name --disable-private-link-service-network-policies
      User-Agent:
      - python/3.7.4 (Windows-10-10.0.18362-SP0) msrest/0.6.10 msrest_azure/0.6.2
        azure-mgmt-network/5.0.0 Azure-SDK-For-Python AZURECLI/2.0.73
    method: GET
    uri: https://management.azure.com/subscriptions/00000000-0000-0000-0000-000000000000/resourceGroups/0927pe/providers/Microsoft.Network/virtualNetworks/vnet1/subnets/subnet1?api-version=2019-06-01
  response:
    body:
      string: "{\r\n  \"name\": \"subnet1\",\r\n  \"id\": \"/subscriptions/00000000-0000-0000-0000-000000000000/resourceGroups/0927pe/providers/Microsoft.Network/virtualNetworks/vnet1/subnets/subnet1\",\r\n
        \ \"etag\": \"W/\\\"9d25516e-abe9-4ad1-9e86-5e757955feb0\\\"\",\r\n  \"properties\":
        {\r\n    \"provisioningState\": \"Succeeded\",\r\n    \"addressPrefix\": \"10.0.0.0/24\",\r\n
        \   \"delegations\": [],\r\n    \"privateEndpointNetworkPolicies\": \"Enabled\",\r\n
        \   \"privateLinkServiceNetworkPolicies\": \"Disabled\"\r\n  },\r\n  \"type\":
        \"Microsoft.Network/virtualNetworks/subnets\"\r\n}"
    headers:
      cache-control:
      - no-cache
      content-length:
      - '518'
      content-type:
      - application/json; charset=utf-8
      date:
      - Fri, 27 Sep 2019 06:38:58 GMT
      etag:
      - W/"9d25516e-abe9-4ad1-9e86-5e757955feb0"
      expires:
      - '-1'
      pragma:
      - no-cache
      server:
      - Microsoft-HTTPAPI/2.0
      - Microsoft-HTTPAPI/2.0
      strict-transport-security:
      - max-age=31536000; includeSubDomains
      transfer-encoding:
      - chunked
      vary:
      - Accept-Encoding
      x-content-type-options:
      - nosniff
      x-ms-arm-service-request-id:
      - 2945f982-c2b5-4e86-8fb3-5f8b0f991e5a
    status:
      code: 200
      message: OK
- request:
    body: null
    headers:
      Accept:
      - application/json
      Accept-Encoding:
      - gzip, deflate
      CommandName:
      - network vnet subnet create
      Connection:
      - keep-alive
      ParameterSetName:
      - -g -n --vnet-name --address-prefixes
      User-Agent:
      - python/3.7.4 (Windows-10-10.0.18362-SP0) msrest/0.6.10 msrest_azure/0.6.2
        azure-mgmt-network/5.0.0 Azure-SDK-For-Python AZURECLI/2.0.73
      accept-language:
      - en-US
    method: GET
    uri: https://management.azure.com/subscriptions/00000000-0000-0000-0000-000000000000/resourceGroups/0927pe/providers/Microsoft.Network/virtualNetworks/vnet1?api-version=2019-06-01
  response:
    body:
      string: "{\r\n  \"name\": \"vnet1\",\r\n  \"id\": \"/subscriptions/00000000-0000-0000-0000-000000000000/resourceGroups/0927pe/providers/Microsoft.Network/virtualNetworks/vnet1\",\r\n
        \ \"etag\": \"W/\\\"9d25516e-abe9-4ad1-9e86-5e757955feb0\\\"\",\r\n  \"type\":
        \"Microsoft.Network/virtualNetworks\",\r\n  \"location\": \"centralus\",\r\n
        \ \"tags\": {},\r\n  \"properties\": {\r\n    \"provisioningState\": \"Succeeded\",\r\n
        \   \"resourceGuid\": \"d7c5b183-ce82-4303-92ae-8d61a645f08a\",\r\n    \"addressSpace\":
        {\r\n      \"addressPrefixes\": [\r\n        \"10.0.0.0/16\"\r\n      ]\r\n
        \   },\r\n    \"dhcpOptions\": {\r\n      \"dnsServers\": []\r\n    },\r\n
        \   \"subnets\": [\r\n      {\r\n        \"name\": \"subnet1\",\r\n        \"id\":
        \"/subscriptions/00000000-0000-0000-0000-000000000000/resourceGroups/0927pe/providers/Microsoft.Network/virtualNetworks/vnet1/subnets/subnet1\",\r\n
        \       \"etag\": \"W/\\\"9d25516e-abe9-4ad1-9e86-5e757955feb0\\\"\",\r\n
        \       \"properties\": {\r\n          \"provisioningState\": \"Succeeded\",\r\n
        \         \"addressPrefix\": \"10.0.0.0/24\",\r\n          \"delegations\":
        [],\r\n          \"privateEndpointNetworkPolicies\": \"Enabled\",\r\n          \"privateLinkServiceNetworkPolicies\":
        \"Disabled\"\r\n        },\r\n        \"type\": \"Microsoft.Network/virtualNetworks/subnets\"\r\n
        \     }\r\n    ],\r\n    \"virtualNetworkPeerings\": [],\r\n    \"enableDdosProtection\":
        false,\r\n    \"enableVmProtection\": false\r\n  }\r\n}"
    headers:
      cache-control:
      - no-cache
      content-length:
      - '1305'
      content-type:
      - application/json; charset=utf-8
      date:
      - Fri, 27 Sep 2019 06:38:59 GMT
      etag:
      - W/"9d25516e-abe9-4ad1-9e86-5e757955feb0"
      expires:
      - '-1'
      pragma:
      - no-cache
      server:
      - Microsoft-HTTPAPI/2.0
      - Microsoft-HTTPAPI/2.0
      strict-transport-security:
      - max-age=31536000; includeSubDomains
      transfer-encoding:
      - chunked
      vary:
      - Accept-Encoding
      x-content-type-options:
      - nosniff
      x-ms-arm-service-request-id:
      - 5f03b1c0-55a4-4cb1-aa01-0aa29a0040f9
    status:
      code: 200
      message: OK
- request:
    body: '{"id": "/subscriptions/00000000-0000-0000-0000-000000000000/resourceGroups/0927pe/providers/Microsoft.Network/virtualNetworks/vnet1",
      "location": "centralus", "tags": {}, "properties": {"addressSpace": {"addressPrefixes":
      ["10.0.0.0/16"]}, "dhcpOptions": {"dnsServers": []}, "subnets": [{"id": "/subscriptions/00000000-0000-0000-0000-000000000000/resourceGroups/0927pe/providers/Microsoft.Network/virtualNetworks/vnet1/subnets/subnet1",
      "properties": {"addressPrefix": "10.0.0.0/24", "delegations": [], "provisioningState":
      "Succeeded", "privateEndpointNetworkPolicies": "Enabled", "privateLinkServiceNetworkPolicies":
      "Disabled"}, "name": "subnet1", "etag": "W/\"9d25516e-abe9-4ad1-9e86-5e757955feb0\""},
      {"properties": {"addressPrefix": "10.0.2.0/24"}, "name": "subnet2"}], "virtualNetworkPeerings":
      [], "resourceGuid": "d7c5b183-ce82-4303-92ae-8d61a645f08a", "provisioningState":
      "Succeeded", "enableDdosProtection": false, "enableVmProtection": false}, "etag":
      "W/\"9d25516e-abe9-4ad1-9e86-5e757955feb0\""}'
    headers:
      Accept:
      - application/json
      Accept-Encoding:
      - gzip, deflate
      CommandName:
      - network vnet subnet create
      Connection:
      - keep-alive
      Content-Length:
      - '1010'
      Content-Type:
      - application/json; charset=utf-8
      ParameterSetName:
      - -g -n --vnet-name --address-prefixes
      User-Agent:
      - python/3.7.4 (Windows-10-10.0.18362-SP0) msrest/0.6.10 msrest_azure/0.6.2
        azure-mgmt-network/5.0.0 Azure-SDK-For-Python AZURECLI/2.0.73
      accept-language:
      - en-US
    method: PUT
    uri: https://management.azure.com/subscriptions/00000000-0000-0000-0000-000000000000/resourceGroups/0927pe/providers/Microsoft.Network/virtualNetworks/vnet1?api-version=2019-06-01
  response:
    body:
      string: "{\r\n  \"name\": \"vnet1\",\r\n  \"id\": \"/subscriptions/00000000-0000-0000-0000-000000000000/resourceGroups/0927pe/providers/Microsoft.Network/virtualNetworks/vnet1\",\r\n
        \ \"etag\": \"W/\\\"fcb63015-3ccb-4c30-a726-93713308744c\\\"\",\r\n  \"type\":
        \"Microsoft.Network/virtualNetworks\",\r\n  \"location\": \"centralus\",\r\n
        \ \"tags\": {},\r\n  \"properties\": {\r\n    \"provisioningState\": \"Updating\",\r\n
        \   \"resourceGuid\": \"d7c5b183-ce82-4303-92ae-8d61a645f08a\",\r\n    \"addressSpace\":
        {\r\n      \"addressPrefixes\": [\r\n        \"10.0.0.0/16\"\r\n      ]\r\n
        \   },\r\n    \"dhcpOptions\": {\r\n      \"dnsServers\": []\r\n    },\r\n
        \   \"subnets\": [\r\n      {\r\n        \"name\": \"subnet1\",\r\n        \"id\":
        \"/subscriptions/00000000-0000-0000-0000-000000000000/resourceGroups/0927pe/providers/Microsoft.Network/virtualNetworks/vnet1/subnets/subnet1\",\r\n
        \       \"etag\": \"W/\\\"fcb63015-3ccb-4c30-a726-93713308744c\\\"\",\r\n
        \       \"properties\": {\r\n          \"provisioningState\": \"Updating\",\r\n
        \         \"addressPrefix\": \"10.0.0.0/24\",\r\n          \"delegations\":
        [],\r\n          \"privateEndpointNetworkPolicies\": \"Enabled\",\r\n          \"privateLinkServiceNetworkPolicies\":
        \"Disabled\"\r\n        },\r\n        \"type\": \"Microsoft.Network/virtualNetworks/subnets\"\r\n
        \     },\r\n      {\r\n        \"name\": \"subnet2\",\r\n        \"id\": \"/subscriptions/00000000-0000-0000-0000-000000000000/resourceGroups/0927pe/providers/Microsoft.Network/virtualNetworks/vnet1/subnets/subnet2\",\r\n
        \       \"etag\": \"W/\\\"fcb63015-3ccb-4c30-a726-93713308744c\\\"\",\r\n
        \       \"properties\": {\r\n          \"provisioningState\": \"Updating\",\r\n
        \         \"addressPrefix\": \"10.0.2.0/24\",\r\n          \"delegations\":
        [],\r\n          \"privateEndpointNetworkPolicies\": \"Enabled\",\r\n          \"privateLinkServiceNetworkPolicies\":
        \"Enabled\"\r\n        },\r\n        \"type\": \"Microsoft.Network/virtualNetworks/subnets\"\r\n
        \     }\r\n    ],\r\n    \"virtualNetworkPeerings\": [],\r\n    \"enableDdosProtection\":
        false,\r\n    \"enableVmProtection\": false\r\n  }\r\n}"
    headers:
      azure-asyncoperation:
      - https://management.azure.com/subscriptions/00000000-0000-0000-0000-000000000000/providers/Microsoft.Network/locations/centralus/operations/4cb1b4a0-3461-41e7-a181-4e01a2bfeafe?api-version=2019-06-01
      cache-control:
      - no-cache
      content-length:
      - '1900'
      content-type:
      - application/json; charset=utf-8
      date:
      - Fri, 27 Sep 2019 06:39:00 GMT
      expires:
      - '-1'
      pragma:
      - no-cache
      server:
      - Microsoft-HTTPAPI/2.0
      - Microsoft-HTTPAPI/2.0
      strict-transport-security:
      - max-age=31536000; includeSubDomains
      transfer-encoding:
      - chunked
      vary:
      - Accept-Encoding
      x-content-type-options:
      - nosniff
      x-ms-arm-service-request-id:
      - 11a4367f-e80f-442a-9361-75a8ca047ed8
      x-ms-ratelimit-remaining-subscription-writes:
      - '1198'
    status:
      code: 200
      message: OK
- request:
    body: null
    headers:
      Accept:
      - application/json
      Accept-Encoding:
      - gzip, deflate
      CommandName:
      - network vnet subnet create
      Connection:
      - keep-alive
      ParameterSetName:
      - -g -n --vnet-name --address-prefixes
      User-Agent:
      - python/3.7.4 (Windows-10-10.0.18362-SP0) msrest/0.6.10 msrest_azure/0.6.2
        azure-mgmt-network/5.0.0 Azure-SDK-For-Python AZURECLI/2.0.73
    method: GET
    uri: https://management.azure.com/subscriptions/00000000-0000-0000-0000-000000000000/providers/Microsoft.Network/locations/centralus/operations/4cb1b4a0-3461-41e7-a181-4e01a2bfeafe?api-version=2019-06-01
  response:
    body:
      string: "{\r\n  \"status\": \"Succeeded\"\r\n}"
    headers:
      cache-control:
      - no-cache
      content-length:
      - '29'
      content-type:
      - application/json; charset=utf-8
      date:
      - Fri, 27 Sep 2019 06:39:04 GMT
      expires:
      - '-1'
      pragma:
      - no-cache
      server:
      - Microsoft-HTTPAPI/2.0
      - Microsoft-HTTPAPI/2.0
      strict-transport-security:
      - max-age=31536000; includeSubDomains
      transfer-encoding:
      - chunked
      vary:
      - Accept-Encoding
      x-content-type-options:
      - nosniff
      x-ms-arm-service-request-id:
      - a34174f9-c902-4a3a-8dab-71faef7dc8e2
    status:
      code: 200
      message: OK
- request:
    body: null
    headers:
      Accept:
      - application/json
      Accept-Encoding:
      - gzip, deflate
      CommandName:
      - network vnet subnet create
      Connection:
      - keep-alive
      ParameterSetName:
      - -g -n --vnet-name --address-prefixes
      User-Agent:
      - python/3.7.4 (Windows-10-10.0.18362-SP0) msrest/0.6.10 msrest_azure/0.6.2
        azure-mgmt-network/5.0.0 Azure-SDK-For-Python AZURECLI/2.0.73
    method: GET
    uri: https://management.azure.com/subscriptions/00000000-0000-0000-0000-000000000000/resourceGroups/0927pe/providers/Microsoft.Network/virtualNetworks/vnet1?api-version=2019-06-01
  response:
    body:
      string: "{\r\n  \"name\": \"vnet1\",\r\n  \"id\": \"/subscriptions/00000000-0000-0000-0000-000000000000/resourceGroups/0927pe/providers/Microsoft.Network/virtualNetworks/vnet1\",\r\n
        \ \"etag\": \"W/\\\"407d0310-8401-48d8-8bce-05a84dc444e0\\\"\",\r\n  \"type\":
        \"Microsoft.Network/virtualNetworks\",\r\n  \"location\": \"centralus\",\r\n
        \ \"tags\": {},\r\n  \"properties\": {\r\n    \"provisioningState\": \"Succeeded\",\r\n
        \   \"resourceGuid\": \"d7c5b183-ce82-4303-92ae-8d61a645f08a\",\r\n    \"addressSpace\":
        {\r\n      \"addressPrefixes\": [\r\n        \"10.0.0.0/16\"\r\n      ]\r\n
        \   },\r\n    \"dhcpOptions\": {\r\n      \"dnsServers\": []\r\n    },\r\n
        \   \"subnets\": [\r\n      {\r\n        \"name\": \"subnet1\",\r\n        \"id\":
        \"/subscriptions/00000000-0000-0000-0000-000000000000/resourceGroups/0927pe/providers/Microsoft.Network/virtualNetworks/vnet1/subnets/subnet1\",\r\n
        \       \"etag\": \"W/\\\"407d0310-8401-48d8-8bce-05a84dc444e0\\\"\",\r\n
        \       \"properties\": {\r\n          \"provisioningState\": \"Succeeded\",\r\n
        \         \"addressPrefix\": \"10.0.0.0/24\",\r\n          \"delegations\":
        [],\r\n          \"privateEndpointNetworkPolicies\": \"Enabled\",\r\n          \"privateLinkServiceNetworkPolicies\":
        \"Disabled\"\r\n        },\r\n        \"type\": \"Microsoft.Network/virtualNetworks/subnets\"\r\n
        \     },\r\n      {\r\n        \"name\": \"subnet2\",\r\n        \"id\": \"/subscriptions/00000000-0000-0000-0000-000000000000/resourceGroups/0927pe/providers/Microsoft.Network/virtualNetworks/vnet1/subnets/subnet2\",\r\n
        \       \"etag\": \"W/\\\"407d0310-8401-48d8-8bce-05a84dc444e0\\\"\",\r\n
        \       \"properties\": {\r\n          \"provisioningState\": \"Succeeded\",\r\n
        \         \"addressPrefix\": \"10.0.2.0/24\",\r\n          \"delegations\":
        [],\r\n          \"privateEndpointNetworkPolicies\": \"Enabled\",\r\n          \"privateLinkServiceNetworkPolicies\":
        \"Enabled\"\r\n        },\r\n        \"type\": \"Microsoft.Network/virtualNetworks/subnets\"\r\n
        \     }\r\n    ],\r\n    \"virtualNetworkPeerings\": [],\r\n    \"enableDdosProtection\":
        false,\r\n    \"enableVmProtection\": false\r\n  }\r\n}"
    headers:
      cache-control:
      - no-cache
      content-length:
      - '1903'
      content-type:
      - application/json; charset=utf-8
      date:
      - Fri, 27 Sep 2019 06:39:04 GMT
      etag:
      - W/"407d0310-8401-48d8-8bce-05a84dc444e0"
      expires:
      - '-1'
      pragma:
      - no-cache
      server:
      - Microsoft-HTTPAPI/2.0
      - Microsoft-HTTPAPI/2.0
      strict-transport-security:
      - max-age=31536000; includeSubDomains
      transfer-encoding:
      - chunked
      vary:
      - Accept-Encoding
      x-content-type-options:
      - nosniff
      x-ms-arm-service-request-id:
      - 07f821fd-57f0-440a-bbde-e6ae24d1cd0d
    status:
      code: 200
      message: OK
- request:
    body: null
    headers:
      Accept:
      - application/json
      Accept-Encoding:
      - gzip, deflate
      CommandName:
      - network vnet subnet update
      Connection:
      - keep-alive
      ParameterSetName:
      - -g -n --vnet-name --disable-private-endpoint-network-policies
      User-Agent:
      - python/3.7.4 (Windows-10-10.0.18362-SP0) msrest/0.6.10 msrest_azure/0.6.2
        azure-mgmt-network/5.0.0 Azure-SDK-For-Python AZURECLI/2.0.73
      accept-language:
      - en-US
    method: GET
    uri: https://management.azure.com/subscriptions/00000000-0000-0000-0000-000000000000/resourceGroups/0927pe/providers/Microsoft.Network/virtualNetworks/vnet1/subnets/subnet2?api-version=2019-06-01
  response:
    body:
      string: "{\r\n  \"name\": \"subnet2\",\r\n  \"id\": \"/subscriptions/00000000-0000-0000-0000-000000000000/resourceGroups/0927pe/providers/Microsoft.Network/virtualNetworks/vnet1/subnets/subnet2\",\r\n
        \ \"etag\": \"W/\\\"407d0310-8401-48d8-8bce-05a84dc444e0\\\"\",\r\n  \"properties\":
        {\r\n    \"provisioningState\": \"Succeeded\",\r\n    \"addressPrefix\": \"10.0.2.0/24\",\r\n
        \   \"delegations\": [],\r\n    \"privateEndpointNetworkPolicies\": \"Enabled\",\r\n
        \   \"privateLinkServiceNetworkPolicies\": \"Enabled\"\r\n  },\r\n  \"type\":
        \"Microsoft.Network/virtualNetworks/subnets\"\r\n}"
    headers:
      cache-control:
      - no-cache
      content-length:
      - '517'
      content-type:
      - application/json; charset=utf-8
      date:
      - Fri, 27 Sep 2019 06:39:05 GMT
      etag:
      - W/"407d0310-8401-48d8-8bce-05a84dc444e0"
      expires:
      - '-1'
      pragma:
      - no-cache
      server:
      - Microsoft-HTTPAPI/2.0
      - Microsoft-HTTPAPI/2.0
      strict-transport-security:
      - max-age=31536000; includeSubDomains
      transfer-encoding:
      - chunked
      vary:
      - Accept-Encoding
      x-content-type-options:
      - nosniff
      x-ms-arm-service-request-id:
      - 0c6ade10-ae2d-4dc4-8f81-fc9e02df8e5e
    status:
      code: 200
      message: OK
- request:
    body: '{"id": "/subscriptions/00000000-0000-0000-0000-000000000000/resourceGroups/0927pe/providers/Microsoft.Network/virtualNetworks/vnet1/subnets/subnet2",
      "properties": {"addressPrefix": "10.0.2.0/24", "delegations": [], "provisioningState":
      "Succeeded", "privateEndpointNetworkPolicies": "Disabled", "privateLinkServiceNetworkPolicies":
      "Enabled"}, "name": "subnet2", "etag": "W/\"407d0310-8401-48d8-8bce-05a84dc444e0\""}'
    headers:
      Accept:
      - application/json
      Accept-Encoding:
      - gzip, deflate
      CommandName:
      - network vnet subnet update
      Connection:
      - keep-alive
      Content-Length:
      - '417'
      Content-Type:
      - application/json; charset=utf-8
      ParameterSetName:
      - -g -n --vnet-name --disable-private-endpoint-network-policies
      User-Agent:
      - python/3.7.4 (Windows-10-10.0.18362-SP0) msrest/0.6.10 msrest_azure/0.6.2
        azure-mgmt-network/5.0.0 Azure-SDK-For-Python AZURECLI/2.0.73
      accept-language:
      - en-US
    method: PUT
    uri: https://management.azure.com/subscriptions/00000000-0000-0000-0000-000000000000/resourceGroups/0927pe/providers/Microsoft.Network/virtualNetworks/vnet1/subnets/subnet2?api-version=2019-06-01
  response:
    body:
      string: "{\r\n  \"name\": \"subnet2\",\r\n  \"id\": \"/subscriptions/00000000-0000-0000-0000-000000000000/resourceGroups/0927pe/providers/Microsoft.Network/virtualNetworks/vnet1/subnets/subnet2\",\r\n
        \ \"etag\": \"W/\\\"ca0089e6-ccbc-4a56-9998-aabfae2b0d11\\\"\",\r\n  \"properties\":
        {\r\n    \"provisioningState\": \"Updating\",\r\n    \"addressPrefix\": \"10.0.2.0/24\",\r\n
        \   \"delegations\": [],\r\n    \"privateEndpointNetworkPolicies\": \"Disabled\",\r\n
        \   \"privateLinkServiceNetworkPolicies\": \"Enabled\"\r\n  },\r\n  \"type\":
        \"Microsoft.Network/virtualNetworks/subnets\"\r\n}"
    headers:
      azure-asyncoperation:
      - https://management.azure.com/subscriptions/00000000-0000-0000-0000-000000000000/providers/Microsoft.Network/locations/centralus/operations/b1c7c455-9d33-492d-9ae0-f99857709b47?api-version=2019-06-01
      cache-control:
      - no-cache
      content-length:
      - '517'
      content-type:
      - application/json; charset=utf-8
      date:
      - Fri, 27 Sep 2019 06:39:06 GMT
      expires:
      - '-1'
      pragma:
      - no-cache
      server:
      - Microsoft-HTTPAPI/2.0
      - Microsoft-HTTPAPI/2.0
      strict-transport-security:
      - max-age=31536000; includeSubDomains
      transfer-encoding:
      - chunked
      vary:
      - Accept-Encoding
      x-content-type-options:
      - nosniff
      x-ms-arm-service-request-id:
      - fc7e3977-b82c-4496-b694-6c94982a3efe
      x-ms-ratelimit-remaining-subscription-writes:
      - '1196'
    status:
      code: 200
      message: OK
- request:
    body: null
    headers:
      Accept:
      - application/json
      Accept-Encoding:
      - gzip, deflate
      CommandName:
      - network vnet subnet update
      Connection:
      - keep-alive
      ParameterSetName:
      - -g -n --vnet-name --disable-private-endpoint-network-policies
      User-Agent:
      - python/3.7.4 (Windows-10-10.0.18362-SP0) msrest/0.6.10 msrest_azure/0.6.2
        azure-mgmt-network/5.0.0 Azure-SDK-For-Python AZURECLI/2.0.73
    method: GET
    uri: https://management.azure.com/subscriptions/00000000-0000-0000-0000-000000000000/providers/Microsoft.Network/locations/centralus/operations/b1c7c455-9d33-492d-9ae0-f99857709b47?api-version=2019-06-01
  response:
    body:
      string: "{\r\n  \"status\": \"Succeeded\"\r\n}"
    headers:
      cache-control:
      - no-cache
      content-length:
      - '29'
      content-type:
      - application/json; charset=utf-8
      date:
      - Fri, 27 Sep 2019 06:39:10 GMT
      expires:
      - '-1'
      pragma:
      - no-cache
      server:
      - Microsoft-HTTPAPI/2.0
      - Microsoft-HTTPAPI/2.0
      strict-transport-security:
      - max-age=31536000; includeSubDomains
      transfer-encoding:
      - chunked
      vary:
      - Accept-Encoding
      x-content-type-options:
      - nosniff
      x-ms-arm-service-request-id:
      - f3cb5af7-f6e3-441b-8fbc-a7db09f90bd9
    status:
      code: 200
      message: OK
- request:
    body: null
    headers:
      Accept:
      - application/json
      Accept-Encoding:
      - gzip, deflate
      CommandName:
      - network vnet subnet update
      Connection:
      - keep-alive
      ParameterSetName:
      - -g -n --vnet-name --disable-private-endpoint-network-policies
      User-Agent:
      - python/3.7.4 (Windows-10-10.0.18362-SP0) msrest/0.6.10 msrest_azure/0.6.2
        azure-mgmt-network/5.0.0 Azure-SDK-For-Python AZURECLI/2.0.73
    method: GET
    uri: https://management.azure.com/subscriptions/00000000-0000-0000-0000-000000000000/resourceGroups/0927pe/providers/Microsoft.Network/virtualNetworks/vnet1/subnets/subnet2?api-version=2019-06-01
  response:
    body:
      string: "{\r\n  \"name\": \"subnet2\",\r\n  \"id\": \"/subscriptions/00000000-0000-0000-0000-000000000000/resourceGroups/0927pe/providers/Microsoft.Network/virtualNetworks/vnet1/subnets/subnet2\",\r\n
        \ \"etag\": \"W/\\\"3b3fefba-8d17-4493-acc5-4676fe11245e\\\"\",\r\n  \"properties\":
        {\r\n    \"provisioningState\": \"Succeeded\",\r\n    \"addressPrefix\": \"10.0.2.0/24\",\r\n
        \   \"delegations\": [],\r\n    \"privateEndpointNetworkPolicies\": \"Disabled\",\r\n
        \   \"privateLinkServiceNetworkPolicies\": \"Enabled\"\r\n  },\r\n  \"type\":
        \"Microsoft.Network/virtualNetworks/subnets\"\r\n}"
    headers:
      cache-control:
      - no-cache
      content-length:
      - '518'
      content-type:
      - application/json; charset=utf-8
      date:
      - Fri, 27 Sep 2019 06:39:11 GMT
      etag:
      - W/"3b3fefba-8d17-4493-acc5-4676fe11245e"
      expires:
      - '-1'
      pragma:
      - no-cache
      server:
      - Microsoft-HTTPAPI/2.0
      - Microsoft-HTTPAPI/2.0
      strict-transport-security:
      - max-age=31536000; includeSubDomains
      transfer-encoding:
      - chunked
      vary:
      - Accept-Encoding
      x-content-type-options:
      - nosniff
      x-ms-arm-service-request-id:
      - cb3e44c5-096d-4e19-be54-f10febd9e34f
    status:
      code: 200
      message: OK
- request:
    body: '{"location": "centralus", "properties": {"loadBalancerFrontendIpConfigurations":
      [{"id": "/subscriptions/00000000-0000-0000-0000-000000000000/resourceGroups/0927pe/providers/Microsoft.Network/loadBalancers/lb1/frontendIpConfigurations/LoadBalancerFrontEnd"}],
      "ipConfigurations": [{"properties": {"subnet": {"id": "/subscriptions/00000000-0000-0000-0000-000000000000/resourceGroups/0927pe/providers/Microsoft.Network/virtualNetworks/vnet1/subnets/subnet1"},
      "privateIPAddressVersion": "IPv4"}, "name": "lks1_ipconfig_0"}]}}'
    headers:
      Accept:
      - application/json
      Accept-Encoding:
      - gzip, deflate
      CommandName:
      - network private-link-service create
      Connection:
      - keep-alive
      Content-Length:
      - '523'
      Content-Type:
      - application/json; charset=utf-8
      ParameterSetName:
      - -g -n --vnet-name --subnet --lb-name --lb-frontend-ip-configs -l
      User-Agent:
      - python/3.7.4 (Windows-10-10.0.18362-SP0) msrest/0.6.10 msrest_azure/0.6.2
        azure-mgmt-network/5.0.0 Azure-SDK-For-Python AZURECLI/2.0.73
      accept-language:
      - en-US
    method: PUT
    uri: https://management.azure.com/subscriptions/00000000-0000-0000-0000-000000000000/resourceGroups/0927pe/providers/Microsoft.Network/privateLinkServices/lks1?api-version=2019-06-01
  response:
    body:
      string: "{\r\n  \"name\": \"lks1\",\r\n  \"id\": \"/subscriptions/00000000-0000-0000-0000-000000000000/resourceGroups/0927pe/providers/Microsoft.Network/privateLinkServices/lks1\",\r\n
        \ \"etag\": \"W/\\\"865f1b3f-cc44-4782-8474-fe04de9463b0\\\"\",\r\n  \"type\":
        \"Microsoft.Network/privateLinkServices\",\r\n  \"location\": \"centralus\",\r\n
        \ \"properties\": {\r\n    \"provisioningState\": \"Updating\",\r\n    \"resourceGuid\":
        \"a29ff957-cee8-4bc0-8ae0-f8bc77e0595a\",\r\n    \"fqdns\": [],\r\n    \"alias\":
        \"lks1.a6660de4-2ffe-42b6-b6c8-b157632a7af1.centralus.azure.privatelinkservice\",\r\n
        \   \"loadBalancerFrontendIpConfigurations\": [\r\n      {\r\n        \"id\":
        \"/subscriptions/00000000-0000-0000-0000-000000000000/resourceGroups/0927pe/providers/Microsoft.Network/loadBalancers/lb1/frontendIPConfigurations/LoadBalancerFrontEnd\"\r\n
        \     }\r\n    ],\r\n    \"ipConfigurations\": [\r\n      {\r\n        \"name\":
        \"lks1_ipconfig_0\",\r\n        \"id\": \"/subscriptions/00000000-0000-0000-0000-000000000000/resourceGroups/0927pe/providers/Microsoft.Network/privateLinkServices/lks1/ipConfigurations/lks1_ipconfig_0\",\r\n
        \       \"etag\": \"W/\\\"865f1b3f-cc44-4782-8474-fe04de9463b0\\\"\",\r\n
        \       \"type\": \"Microsoft.Network/privateLinkServices/ipConfigurations\",\r\n
        \       \"properties\": {\r\n          \"provisioningState\": \"Succeeded\",\r\n
        \         \"privateIPAllocationMethod\": \"Dynamic\",\r\n          \"subnet\":
        {\r\n            \"id\": \"/subscriptions/00000000-0000-0000-0000-000000000000/resourceGroups/0927pe/providers/Microsoft.Network/virtualNetworks/vnet1/subnets/subnet1\"\r\n
        \         },\r\n          \"primary\": true,\r\n          \"privateIPAddressVersion\":
        \"IPv4\"\r\n        }\r\n      }\r\n    ],\r\n    \"privateEndpointConnections\":
        [],\r\n    \"networkInterfaces\": [\r\n      {\r\n        \"id\": \"/subscriptions/00000000-0000-0000-0000-000000000000/resourceGroups/0927pe/providers/Microsoft.Network/networkInterfaces/lks1.nic.7f9003f5-5e86-42b9-9979-80a9797cf484\"\r\n
        \     }\r\n    ]\r\n  }\r\n}"
    headers:
      azure-asyncoperation:
      - https://management.azure.com/subscriptions/00000000-0000-0000-0000-000000000000/providers/Microsoft.Network/locations/centralus/operations/4000c585-7e2f-44a4-b29d-af1f5846fe1c?api-version=2019-06-01
      cache-control:
      - no-cache
      content-length:
      - '1873'
      content-type:
      - application/json; charset=utf-8
      date:
      - Fri, 27 Sep 2019 06:39:15 GMT
      expires:
      - '-1'
      pragma:
      - no-cache
      server:
      - Microsoft-HTTPAPI/2.0
      - Microsoft-HTTPAPI/2.0
      strict-transport-security:
      - max-age=31536000; includeSubDomains
      x-content-type-options:
      - nosniff
      x-ms-arm-service-request-id:
      - 3c66dd32-474a-4a78-a282-ca3c05619cb9
      x-ms-ratelimit-remaining-subscription-writes:
      - '1196'
    status:
      code: 201
      message: Created
- request:
    body: null
    headers:
      Accept:
      - application/json
      Accept-Encoding:
      - gzip, deflate
      CommandName:
      - network private-link-service create
      Connection:
      - keep-alive
      ParameterSetName:
      - -g -n --vnet-name --subnet --lb-name --lb-frontend-ip-configs -l
      User-Agent:
      - python/3.7.4 (Windows-10-10.0.18362-SP0) msrest/0.6.10 msrest_azure/0.6.2
        azure-mgmt-network/5.0.0 Azure-SDK-For-Python AZURECLI/2.0.73
    method: GET
    uri: https://management.azure.com/subscriptions/00000000-0000-0000-0000-000000000000/providers/Microsoft.Network/locations/centralus/operations/4000c585-7e2f-44a4-b29d-af1f5846fe1c?api-version=2019-06-01
  response:
    body:
      string: "{\r\n  \"status\": \"Succeeded\"\r\n}"
    headers:
      cache-control:
      - no-cache
      content-length:
      - '29'
      content-type:
      - application/json; charset=utf-8
      date:
      - Fri, 27 Sep 2019 06:39:27 GMT
      expires:
      - '-1'
      pragma:
      - no-cache
      server:
      - Microsoft-HTTPAPI/2.0
      - Microsoft-HTTPAPI/2.0
      strict-transport-security:
      - max-age=31536000; includeSubDomains
      transfer-encoding:
      - chunked
      vary:
      - Accept-Encoding
      x-content-type-options:
      - nosniff
      x-ms-arm-service-request-id:
      - 0a2ed58d-3d13-46c3-a8e0-5ea73bf22872
    status:
      code: 200
      message: OK
- request:
    body: null
    headers:
      Accept:
      - application/json
      Accept-Encoding:
      - gzip, deflate
      CommandName:
      - network private-link-service create
      Connection:
      - keep-alive
      ParameterSetName:
      - -g -n --vnet-name --subnet --lb-name --lb-frontend-ip-configs -l
      User-Agent:
      - python/3.7.4 (Windows-10-10.0.18362-SP0) msrest/0.6.10 msrest_azure/0.6.2
        azure-mgmt-network/5.0.0 Azure-SDK-For-Python AZURECLI/2.0.73
    method: GET
    uri: https://management.azure.com/subscriptions/00000000-0000-0000-0000-000000000000/resourceGroups/0927pe/providers/Microsoft.Network/privateLinkServices/lks1?api-version=2019-06-01
  response:
    body:
      string: "{\r\n  \"name\": \"lks1\",\r\n  \"id\": \"/subscriptions/00000000-0000-0000-0000-000000000000/resourceGroups/0927pe/providers/Microsoft.Network/privateLinkServices/lks1\",\r\n
        \ \"etag\": \"W/\\\"42764673-97c3-4771-a405-127bcc0b6446\\\"\",\r\n  \"type\":
        \"Microsoft.Network/privateLinkServices\",\r\n  \"location\": \"centralus\",\r\n
        \ \"properties\": {\r\n    \"provisioningState\": \"Succeeded\",\r\n    \"resourceGuid\":
        \"a29ff957-cee8-4bc0-8ae0-f8bc77e0595a\",\r\n    \"fqdns\": [],\r\n    \"alias\":
        \"lks1.a6660de4-2ffe-42b6-b6c8-b157632a7af1.centralus.azure.privatelinkservice\",\r\n
        \   \"loadBalancerFrontendIpConfigurations\": [\r\n      {\r\n        \"id\":
        \"/subscriptions/00000000-0000-0000-0000-000000000000/resourceGroups/0927pe/providers/Microsoft.Network/loadBalancers/lb1/frontendIPConfigurations/LoadBalancerFrontEnd\"\r\n
        \     }\r\n    ],\r\n    \"ipConfigurations\": [\r\n      {\r\n        \"name\":
        \"lks1_ipconfig_0\",\r\n        \"id\": \"/subscriptions/00000000-0000-0000-0000-000000000000/resourceGroups/0927pe/providers/Microsoft.Network/privateLinkServices/lks1/ipConfigurations/lks1_ipconfig_0\",\r\n
        \       \"etag\": \"W/\\\"42764673-97c3-4771-a405-127bcc0b6446\\\"\",\r\n
        \       \"type\": \"Microsoft.Network/privateLinkServices/ipConfigurations\",\r\n
        \       \"properties\": {\r\n          \"provisioningState\": \"Succeeded\",\r\n
        \         \"privateIPAllocationMethod\": \"Dynamic\",\r\n          \"subnet\":
        {\r\n            \"id\": \"/subscriptions/00000000-0000-0000-0000-000000000000/resourceGroups/0927pe/providers/Microsoft.Network/virtualNetworks/vnet1/subnets/subnet1\"\r\n
        \         },\r\n          \"primary\": true,\r\n          \"privateIPAddressVersion\":
        \"IPv4\"\r\n        }\r\n      }\r\n    ],\r\n    \"privateEndpointConnections\":
        [],\r\n    \"networkInterfaces\": [\r\n      {\r\n        \"id\": \"/subscriptions/00000000-0000-0000-0000-000000000000/resourceGroups/0927pe/providers/Microsoft.Network/networkInterfaces/lks1.nic.7f9003f5-5e86-42b9-9979-80a9797cf484\"\r\n
        \     }\r\n    ]\r\n  }\r\n}"
    headers:
      cache-control:
      - no-cache
      content-length:
      - '1874'
      content-type:
      - application/json; charset=utf-8
      date:
      - Fri, 27 Sep 2019 06:39:27 GMT
      etag:
      - W/"42764673-97c3-4771-a405-127bcc0b6446"
      expires:
      - '-1'
      pragma:
      - no-cache
      server:
      - Microsoft-HTTPAPI/2.0
      - Microsoft-HTTPAPI/2.0
      strict-transport-security:
      - max-age=31536000; includeSubDomains
      transfer-encoding:
      - chunked
      vary:
      - Accept-Encoding
      x-content-type-options:
      - nosniff
      x-ms-arm-service-request-id:
      - 3725f8e7-22c8-45ad-8b77-2ae149bde1c5
    status:
      code: 200
      message: OK
- request:
    body: null
    headers:
      Accept:
      - application/json
      Accept-Encoding:
      - gzip, deflate
      CommandName:
      - network private-endpoint list-types
      Connection:
      - keep-alive
      ParameterSetName:
      - -l
      User-Agent:
      - python/3.7.4 (Windows-10-10.0.18362-SP0) msrest/0.6.10 msrest_azure/0.6.2
        azure-mgmt-network/5.0.0 Azure-SDK-For-Python AZURECLI/2.0.73
      accept-language:
      - en-US
    method: GET
    uri: https://management.azure.com/subscriptions/00000000-0000-0000-0000-000000000000/providers/Microsoft.Network/locations/centralus/availablePrivateEndpointTypes?api-version=2019-06-01
  response:
    body:
      string: "{\r\n  \"value\": [\r\n    {\r\n      \"name\": \"Microsoft.DocumentDB.databaseAccounts\",\r\n
        \     \"id\": \"/subscriptions/00000000-0000-0000-0000-000000000000/providers/Microsoft.Network/AvailablePrivateEndpointTypes/Microsoft.DocumentDB.databaseAccounts\",\r\n
        \     \"type\": \"Microsoft.Network/AvailablePrivateEndpointTypes\",\r\n      \"resourceName\":
        \"Microsoft.DocumentDB/databaseAccounts\"\r\n    },\r\n    {\r\n      \"name\":
        \"Microsoft.Sql.servers\",\r\n      \"id\": \"/subscriptions/00000000-0000-0000-0000-000000000000/providers/Microsoft.Network/AvailablePrivateEndpointTypes/Microsoft.Sql.servers\",\r\n
        \     \"type\": \"Microsoft.Network/AvailablePrivateEndpointTypes\",\r\n      \"resourceName\":
        \"Microsoft.Sql/servers\"\r\n    },\r\n    {\r\n      \"name\": \"Microsoft.Network.privateLinkServices\",\r\n
        \     \"id\": \"/subscriptions/00000000-0000-0000-0000-000000000000/providers/Microsoft.Network/AvailablePrivateEndpointTypes/Microsoft.Network.privateLinkServices\",\r\n
        \     \"type\": \"Microsoft.Network/AvailablePrivateEndpointTypes\",\r\n      \"resourceName\":
        \"Microsoft.Network/privateLinkServices\"\r\n    },\r\n    {\r\n      \"name\":
        \"Microsoft.Web.sites\",\r\n      \"id\": \"/subscriptions/00000000-0000-0000-0000-000000000000/providers/Microsoft.Network/AvailablePrivateEndpointTypes/Microsoft.Web.sites\",\r\n
        \     \"type\": \"Microsoft.Network/AvailablePrivateEndpointTypes\",\r\n      \"resourceName\":
        \"Microsoft.Web/sites\"\r\n    },\r\n    {\r\n      \"name\": \"Microsoft.Web.hostingEnvironments\",\r\n
        \     \"id\": \"/subscriptions/00000000-0000-0000-0000-000000000000/providers/Microsoft.Network/AvailablePrivateEndpointTypes/Microsoft.Web.hostingEnvironments\",\r\n
        \     \"type\": \"Microsoft.Network/AvailablePrivateEndpointTypes\",\r\n      \"resourceName\":
        \"Microsoft.Web/hostingEnvironments\"\r\n    },\r\n    {\r\n      \"name\":
        \"Microsoft.Storage.storageAccounts\",\r\n      \"id\": \"/subscriptions/00000000-0000-0000-0000-000000000000/providers/Microsoft.Network/AvailablePrivateEndpointTypes/Microsoft.Storage.storageAccounts\",\r\n
        \     \"type\": \"Microsoft.Network/AvailablePrivateEndpointTypes\",\r\n      \"resourceName\":
        \"Microsoft.Storage/storageAccounts\"\r\n    }\r\n  ]\r\n}"
    headers:
      cache-control:
      - no-cache
      content-length:
      - '2080'
      content-type:
      - application/json; charset=utf-8
      date:
      - Fri, 27 Sep 2019 06:39:29 GMT
      expires:
      - '-1'
      pragma:
      - no-cache
      server:
      - Microsoft-HTTPAPI/2.0
      - Microsoft-HTTPAPI/2.0
      strict-transport-security:
      - max-age=31536000; includeSubDomains
      transfer-encoding:
      - chunked
      vary:
      - Accept-Encoding
      x-content-type-options:
      - nosniff
      x-ms-arm-service-request-id:
      - b40f9512-9b43-4e21-99c6-4a7c14c3a3cc
    status:
      code: 200
      message: OK
- request:
    body: '{"location": "centralus", "properties": {"subnet": {"id": "/subscriptions/00000000-0000-0000-0000-000000000000/resourceGroups/0927pe/providers/Microsoft.Network/virtualNetworks/vnet1/subnets/subnet2"},
      "privateLinkServiceConnections": [{"properties": {"privateLinkServiceId": "/subscriptions/00000000-0000-0000-0000-000000000000/resourceGroups/0927pe/providers/Microsoft.Network/privateLinkServices/lks1"},
      "name": "tttt"}]}}'
    headers:
      Accept:
      - application/json
      Accept-Encoding:
      - gzip, deflate
      CommandName:
      - network private-endpoint create
      Connection:
      - keep-alive
      Content-Length:
      - '425'
      Content-Type:
      - application/json; charset=utf-8
      ParameterSetName:
      - -g -n --vnet-name --subnet --private-connection-resource-id --connection-name
        -l
      User-Agent:
      - python/3.7.4 (Windows-10-10.0.18362-SP0) msrest/0.6.10 msrest_azure/0.6.2
        azure-mgmt-network/5.0.0 Azure-SDK-For-Python AZURECLI/2.0.73
      accept-language:
      - en-US
    method: PUT
    uri: https://management.azure.com/subscriptions/00000000-0000-0000-0000-000000000000/resourceGroups/0927pe/providers/Microsoft.Network/privateEndpoints/pe1?api-version=2019-06-01
  response:
    body:
      string: "{\r\n  \"name\": \"pe1\",\r\n  \"id\": \"/subscriptions/00000000-0000-0000-0000-000000000000/resourceGroups/0927pe/providers/Microsoft.Network/privateEndpoints/pe1\",\r\n
        \ \"etag\": \"W/\\\"66461570-08c2-49d6-93a9-095701c8475b\\\"\",\r\n  \"type\":
        \"Microsoft.Network/privateEndpoints\",\r\n  \"location\": \"centralus\",\r\n
        \ \"properties\": {\r\n    \"provisioningState\": \"Updating\",\r\n    \"resourceGuid\":
        \"42956033-bd6f-4b32-95a2-aa0d445e8b9e\",\r\n    \"privateLinkServiceConnections\":
        [\r\n      {\r\n        \"name\": \"tttt\",\r\n        \"id\": \"/subscriptions/00000000-0000-0000-0000-000000000000/resourceGroups/0927pe/providers/Microsoft.Network/privateEndpoints/pe1/privateLinkServiceConnections/tttt\",\r\n
        \       \"etag\": \"W/\\\"66461570-08c2-49d6-93a9-095701c8475b\\\"\",\r\n
        \       \"properties\": {\r\n          \"provisioningState\": \"Succeeded\",\r\n
        \         \"privateLinkServiceId\": \"/subscriptions/00000000-0000-0000-0000-000000000000/resourceGroups/0927pe/providers/Microsoft.Network/privateLinkServices/lks1\",\r\n
        \         \"privateLinkServiceConnectionState\": {\r\n            \"status\":
        \"Approved\",\r\n            \"description\": \"\",\r\n            \"actionsRequired\":
        \"None\"\r\n          }\r\n        },\r\n        \"type\": \"Microsoft.Network/privateEndpoints/privateLinkServiceConnections\"\r\n
        \     }\r\n    ],\r\n    \"manualPrivateLinkServiceConnections\": [],\r\n
        \   \"subnet\": {\r\n      \"id\": \"/subscriptions/00000000-0000-0000-0000-000000000000/resourceGroups/0927pe/providers/Microsoft.Network/virtualNetworks/vnet1/subnets/subnet2\"\r\n
        \   },\r\n    \"networkInterfaces\": [\r\n      {\r\n        \"id\": \"/subscriptions/00000000-0000-0000-0000-000000000000/resourceGroups/0927pe/providers/Microsoft.Network/networkInterfaces/pe1.nic.42302fcd-0ffa-4e8d-8094-9f06c8639a3e\"\r\n
        \     }\r\n    ]\r\n  }\r\n}"
    headers:
      azure-asyncoperation:
      - https://management.azure.com/subscriptions/00000000-0000-0000-0000-000000000000/providers/Microsoft.Network/locations/centralus/operations/aa807a3b-e9bf-4603-8412-b4fd11bd0fce?api-version=2019-06-01
      cache-control:
      - no-cache
      content-length:
      - '1707'
      content-type:
      - application/json; charset=utf-8
      date:
      - Fri, 27 Sep 2019 06:39:33 GMT
      expires:
      - '-1'
      pragma:
      - no-cache
      server:
      - Microsoft-HTTPAPI/2.0
      - Microsoft-HTTPAPI/2.0
      strict-transport-security:
      - max-age=31536000; includeSubDomains
      x-content-type-options:
      - nosniff
      x-ms-arm-service-request-id:
      - 7dc7a879-079c-4b68-a2b0-6e28c71e8f47
      x-ms-ratelimit-remaining-subscription-writes:
      - '1196'
    status:
      code: 201
      message: Created
- request:
    body: null
    headers:
      Accept:
      - application/json
      Accept-Encoding:
      - gzip, deflate
      CommandName:
      - network private-endpoint create
      Connection:
      - keep-alive
      ParameterSetName:
      - -g -n --vnet-name --subnet --private-connection-resource-id --connection-name
        -l
      User-Agent:
      - python/3.7.4 (Windows-10-10.0.18362-SP0) msrest/0.6.10 msrest_azure/0.6.2
        azure-mgmt-network/5.0.0 Azure-SDK-For-Python AZURECLI/2.0.73
    method: GET
    uri: https://management.azure.com/subscriptions/00000000-0000-0000-0000-000000000000/providers/Microsoft.Network/locations/centralus/operations/aa807a3b-e9bf-4603-8412-b4fd11bd0fce?api-version=2019-06-01
  response:
    body:
      string: "{\r\n  \"status\": \"Succeeded\"\r\n}"
    headers:
      cache-control:
      - no-cache
      content-length:
      - '29'
      content-type:
      - application/json; charset=utf-8
      date:
      - Fri, 27 Sep 2019 06:39:44 GMT
      expires:
      - '-1'
      pragma:
      - no-cache
      server:
      - Microsoft-HTTPAPI/2.0
      - Microsoft-HTTPAPI/2.0
      strict-transport-security:
      - max-age=31536000; includeSubDomains
      transfer-encoding:
      - chunked
      vary:
      - Accept-Encoding
      x-content-type-options:
      - nosniff
      x-ms-arm-service-request-id:
      - ba770491-6b42-4274-b970-39672b6086c7
    status:
      code: 200
      message: OK
- request:
    body: null
    headers:
      Accept:
      - application/json
      Accept-Encoding:
      - gzip, deflate
      CommandName:
      - network private-endpoint create
      Connection:
      - keep-alive
      ParameterSetName:
      - -g -n --vnet-name --subnet --private-connection-resource-id --connection-name
        -l
      User-Agent:
      - python/3.7.4 (Windows-10-10.0.18362-SP0) msrest/0.6.10 msrest_azure/0.6.2
        azure-mgmt-network/5.0.0 Azure-SDK-For-Python AZURECLI/2.0.73
    method: GET
    uri: https://management.azure.com/subscriptions/00000000-0000-0000-0000-000000000000/resourceGroups/0927pe/providers/Microsoft.Network/privateEndpoints/pe1?api-version=2019-06-01
  response:
    body:
      string: "{\r\n  \"name\": \"pe1\",\r\n  \"id\": \"/subscriptions/00000000-0000-0000-0000-000000000000/resourceGroups/0927pe/providers/Microsoft.Network/privateEndpoints/pe1\",\r\n
        \ \"etag\": \"W/\\\"9d9dc731-9ea9-412b-85f6-aa86b21500ba\\\"\",\r\n  \"type\":
        \"Microsoft.Network/privateEndpoints\",\r\n  \"location\": \"centralus\",\r\n
        \ \"properties\": {\r\n    \"provisioningState\": \"Succeeded\",\r\n    \"resourceGuid\":
        \"42956033-bd6f-4b32-95a2-aa0d445e8b9e\",\r\n    \"privateLinkServiceConnections\":
        [\r\n      {\r\n        \"name\": \"tttt\",\r\n        \"id\": \"/subscriptions/00000000-0000-0000-0000-000000000000/resourceGroups/0927pe/providers/Microsoft.Network/privateEndpoints/pe1/privateLinkServiceConnections/tttt\",\r\n
        \       \"etag\": \"W/\\\"9d9dc731-9ea9-412b-85f6-aa86b21500ba\\\"\",\r\n
        \       \"properties\": {\r\n          \"provisioningState\": \"Succeeded\",\r\n
        \         \"privateLinkServiceId\": \"/subscriptions/00000000-0000-0000-0000-000000000000/resourceGroups/0927pe/providers/Microsoft.Network/privateLinkServices/lks1\",\r\n
        \         \"privateLinkServiceConnectionState\": {\r\n            \"status\":
        \"Approved\",\r\n            \"description\": \"\",\r\n            \"actionsRequired\":
        \"None\"\r\n          }\r\n        },\r\n        \"type\": \"Microsoft.Network/privateEndpoints/privateLinkServiceConnections\"\r\n
        \     }\r\n    ],\r\n    \"manualPrivateLinkServiceConnections\": [],\r\n
        \   \"subnet\": {\r\n      \"id\": \"/subscriptions/00000000-0000-0000-0000-000000000000/resourceGroups/0927pe/providers/Microsoft.Network/virtualNetworks/vnet1/subnets/subnet2\"\r\n
        \   },\r\n    \"networkInterfaces\": [\r\n      {\r\n        \"id\": \"/subscriptions/00000000-0000-0000-0000-000000000000/resourceGroups/0927pe/providers/Microsoft.Network/networkInterfaces/pe1.nic.42302fcd-0ffa-4e8d-8094-9f06c8639a3e\"\r\n
        \     }\r\n    ]\r\n  }\r\n}"
    headers:
      cache-control:
      - no-cache
      content-length:
      - '1708'
      content-type:
      - application/json; charset=utf-8
      date:
      - Fri, 27 Sep 2019 06:39:44 GMT
      etag:
      - W/"9d9dc731-9ea9-412b-85f6-aa86b21500ba"
      expires:
      - '-1'
      pragma:
      - no-cache
      server:
      - Microsoft-HTTPAPI/2.0
      - Microsoft-HTTPAPI/2.0
      strict-transport-security:
      - max-age=31536000; includeSubDomains
      transfer-encoding:
      - chunked
      vary:
      - Accept-Encoding
      x-content-type-options:
      - nosniff
      x-ms-arm-service-request-id:
      - 4a0480a8-d2d7-40fe-809a-f68d92d97ed3
    status:
      code: 200
      message: OK
- request:
    body: null
    headers:
      Accept:
      - application/json
      Accept-Encoding:
      - gzip, deflate
      CommandName:
      - network private-endpoint update
      Connection:
      - keep-alive
      ParameterSetName:
      - -g -n --request-message
      User-Agent:
      - python/3.7.4 (Windows-10-10.0.18362-SP0) msrest/0.6.10 msrest_azure/0.6.2
        azure-mgmt-network/5.0.0 Azure-SDK-For-Python AZURECLI/2.0.73
      accept-language:
      - en-US
    method: GET
    uri: https://management.azure.com/subscriptions/00000000-0000-0000-0000-000000000000/resourceGroups/0927pe/providers/Microsoft.Network/privateEndpoints/pe1?api-version=2019-06-01
  response:
    body:
      string: "{\r\n  \"name\": \"pe1\",\r\n  \"id\": \"/subscriptions/00000000-0000-0000-0000-000000000000/resourceGroups/0927pe/providers/Microsoft.Network/privateEndpoints/pe1\",\r\n
        \ \"etag\": \"W/\\\"9d9dc731-9ea9-412b-85f6-aa86b21500ba\\\"\",\r\n  \"type\":
        \"Microsoft.Network/privateEndpoints\",\r\n  \"location\": \"centralus\",\r\n
        \ \"properties\": {\r\n    \"provisioningState\": \"Succeeded\",\r\n    \"resourceGuid\":
        \"42956033-bd6f-4b32-95a2-aa0d445e8b9e\",\r\n    \"privateLinkServiceConnections\":
        [\r\n      {\r\n        \"name\": \"tttt\",\r\n        \"id\": \"/subscriptions/00000000-0000-0000-0000-000000000000/resourceGroups/0927pe/providers/Microsoft.Network/privateEndpoints/pe1/privateLinkServiceConnections/tttt\",\r\n
        \       \"etag\": \"W/\\\"9d9dc731-9ea9-412b-85f6-aa86b21500ba\\\"\",\r\n
        \       \"properties\": {\r\n          \"provisioningState\": \"Succeeded\",\r\n
        \         \"privateLinkServiceId\": \"/subscriptions/00000000-0000-0000-0000-000000000000/resourceGroups/0927pe/providers/Microsoft.Network/privateLinkServices/lks1\",\r\n
        \         \"privateLinkServiceConnectionState\": {\r\n            \"status\":
        \"Approved\",\r\n            \"description\": \"\",\r\n            \"actionsRequired\":
        \"None\"\r\n          }\r\n        },\r\n        \"type\": \"Microsoft.Network/privateEndpoints/privateLinkServiceConnections\"\r\n
        \     }\r\n    ],\r\n    \"manualPrivateLinkServiceConnections\": [],\r\n
        \   \"subnet\": {\r\n      \"id\": \"/subscriptions/00000000-0000-0000-0000-000000000000/resourceGroups/0927pe/providers/Microsoft.Network/virtualNetworks/vnet1/subnets/subnet2\"\r\n
        \   },\r\n    \"networkInterfaces\": [\r\n      {\r\n        \"id\": \"/subscriptions/00000000-0000-0000-0000-000000000000/resourceGroups/0927pe/providers/Microsoft.Network/networkInterfaces/pe1.nic.42302fcd-0ffa-4e8d-8094-9f06c8639a3e\"\r\n
        \     }\r\n    ]\r\n  }\r\n}"
    headers:
      cache-control:
      - no-cache
      content-length:
      - '1708'
      content-type:
      - application/json; charset=utf-8
      date:
      - Fri, 27 Sep 2019 06:39:46 GMT
      etag:
      - W/"9d9dc731-9ea9-412b-85f6-aa86b21500ba"
      expires:
      - '-1'
      pragma:
      - no-cache
      server:
      - Microsoft-HTTPAPI/2.0
      - Microsoft-HTTPAPI/2.0
      strict-transport-security:
      - max-age=31536000; includeSubDomains
      transfer-encoding:
      - chunked
      vary:
      - Accept-Encoding
      x-content-type-options:
      - nosniff
      x-ms-arm-service-request-id:
      - 901258cd-0130-4ca8-8c52-5f05bd93ddea
    status:
      code: 200
      message: OK
- request:
    body: '{"id": "/subscriptions/00000000-0000-0000-0000-000000000000/resourceGroups/0927pe/providers/Microsoft.Network/privateEndpoints/pe1",
      "location": "centralus", "properties": {"subnet": {"id": "/subscriptions/00000000-0000-0000-0000-000000000000/resourceGroups/0927pe/providers/Microsoft.Network/virtualNetworks/vnet1/subnets/subnet2"},
      "provisioningState": "Succeeded", "privateLinkServiceConnections": [{"id": "/subscriptions/00000000-0000-0000-0000-000000000000/resourceGroups/0927pe/providers/Microsoft.Network/privateEndpoints/pe1/privateLinkServiceConnections/tttt",
      "properties": {"provisioningState": "Succeeded", "privateLinkServiceId": "/subscriptions/00000000-0000-0000-0000-000000000000/resourceGroups/0927pe/providers/Microsoft.Network/privateLinkServices/lks1",
      "requestMessage": "test", "privateLinkServiceConnectionState": {"status": "Approved",
      "description": ""}}, "name": "tttt"}], "manualPrivateLinkServiceConnections":
      []}, "etag": "W/\"9d9dc731-9ea9-412b-85f6-aa86b21500ba\""}'
    headers:
      Accept:
      - application/json
      Accept-Encoding:
      - gzip, deflate
      CommandName:
      - network private-endpoint update
      Connection:
      - keep-alive
      Content-Length:
      - '995'
      Content-Type:
      - application/json; charset=utf-8
      ParameterSetName:
      - -g -n --request-message
      User-Agent:
      - python/3.7.4 (Windows-10-10.0.18362-SP0) msrest/0.6.10 msrest_azure/0.6.2
        azure-mgmt-network/5.0.0 Azure-SDK-For-Python AZURECLI/2.0.73
      accept-language:
      - en-US
    method: PUT
    uri: https://management.azure.com/subscriptions/00000000-0000-0000-0000-000000000000/resourceGroups/0927pe/providers/Microsoft.Network/privateEndpoints/pe1?api-version=2019-06-01
  response:
    body:
      string: '{"Error":{"Details":[{"Code":"GatewayError","Message":"Error occurred
        in resource provider infrastructure services.","Target":null}],"InnerError":"Source:
        NRP_DM514_IN_5. Microsoft.WindowsAzure.Networking.Nrp.Frontend.Common.NrpException:
        A retryable error occurred. ---> Microsoft.WindowsAzure.Networking.Nrp.Frontend.Common.NrpException:
        Error occurred in resource provider infrastructure services. ---> System.Threading.Tasks.TaskCanceledException:
        A task was canceled.\r\n   at System.Runtime.CompilerServices.TaskAwaiter.ThrowForNonSuccess(Task
        task)\r\n   at System.Runtime.CompilerServices.TaskAwaiter.HandleNonSuccessAndDebuggerNotification(Task
        task)\r\n   at Microsoft.WindowsAzure.Networking.Nrp.Common.ReliableHttpClient.HttpClientWrapper.<SendAsync>d__4.MoveNext()
        in X:\\bt\\1020616\\repo\\src\\sources\\Common\\ReliableHttpClient\\HttpClientWrapper.cs:line
        90\r\n--- End of stack trace from previous location where exception was thrown
        ---\r\n   at System.Runtime.ExceptionServices.ExceptionDispatchInfo.Throw()\r\n   at
        System.Runtime.CompilerServices.TaskAwaiter.ThrowForNonSuccess(Task task)\r\n   at
        System.Runtime.CompilerServices.TaskAwaiter.HandleNonSuccessAndDebuggerNotification(Task
        task)\r\n   at Microsoft.WindowsAzure.Networking.Nrp.GatewayServiceCommon.GatewayServiceRoutingController.<CallNrpAndGetResponseWithRetries>d__38.MoveNext()
        in X:\\bt\\1020616\\repo\\src\\sources\\GatewayService\\GatewayCommon\\GatewayServiceRoutingController.cs:line
        645\r\n--- End of stack trace from previous location where exception was thrown
        ---\r\n   at System.Runtime.ExceptionServices.ExceptionDispatchInfo.Throw()\r\n   at
        System.Runtime.CompilerServices.TaskAwaiter.ThrowForNonSuccess(Task task)\r\n   at
        System.Runtime.CompilerServices.TaskAwaiter.HandleNonSuccessAndDebuggerNotification(Task
        task)\r\n   at Microsoft.WindowsAzure.Networking.Nrp.GatewayServiceCommon.GatewayServiceRoutingController.<ForwardMessageToNrpAndProcessResponseAsync>d__30.MoveNext()
        in X:\\bt\\1020616\\repo\\src\\sources\\GatewayService\\GatewayCommon\\GatewayServiceRoutingController.cs:line
        238\r\n   --- End of inner exception stack trace ---\r\n   --- End of inner
        exception stack trace ---","Code":"RetryableError","Message":"A retryable
        error occurred.","Target":null}}'
    headers:
      cache-control:
      - no-cache
      connection:
      - close
      content-length:
      - '2273'
      content-type:
      - application/json; charset=utf-8
      date:
      - Fri, 27 Sep 2019 06:40:32 GMT
      expires:
      - '-1'
      pragma:
      - no-cache
      server:
      - Microsoft-HTTPAPI/2.0
      strict-transport-security:
      - max-age=31536000; includeSubDomains
      x-content-type-options:
      - nosniff
      x-ms-ratelimit-remaining-subscription-writes:
      - '1195'
    status:
      code: 429
      message: ''
version: 1
