interactions:
- request:
    body: null
    headers:
      Accept:
      - application/json
      Accept-Encoding:
      - gzip, deflate
      CommandName:
      - network public-ip create
      Connection:
      - keep-alive
      ParameterSetName:
      - -g -n --sku
      User-Agent:
      - AZURECLI/2.23.0 azsdk-python-azure-mgmt-resource/16.1.0 Python/3.7.3 (Windows-10-10.0.19041-SP0)
    method: GET
    uri: https://management.azure.com/subscriptions/00000000-0000-0000-0000-000000000000/resourcegroups/test_appgw_private_endpoint_with_overwrite_default000001?api-version=2021-04-01
  response:
    body:
      string: '{"id":"/subscriptions/00000000-0000-0000-0000-000000000000/resourceGroups/test_appgw_private_endpoint_with_overwrite_default000001","name":"test_appgw_private_endpoint_with_overwrite_default000001","type":"Microsoft.Resources/resourceGroups","location":"westus","tags":{"product":"azurecli","cause":"automation","date":"2021-05-14T07:40:58Z"},"properties":{"provisioningState":"Succeeded"}}'
    headers:
      cache-control:
      - no-cache
      content-length:
      - '428'
      content-type:
      - application/json; charset=utf-8
      date:
      - Fri, 14 May 2021 07:41:00 GMT
      expires:
      - '-1'
      pragma:
      - no-cache
      strict-transport-security:
      - max-age=31536000; includeSubDomains
      vary:
      - Accept-Encoding
      x-content-type-options:
      - nosniff
    status:
      code: 200
      message: OK
- request:
    body: '{"location": "westus", "sku": {"name": "Standard"}, "properties": {"publicIPAllocationMethod":
      "Static", "publicIPAddressVersion": "IPv4", "idleTimeoutInMinutes": 4}}'
    headers:
      Accept:
      - application/json
      Accept-Encoding:
      - gzip, deflate
      CommandName:
      - network public-ip create
      Connection:
      - keep-alive
      Content-Length:
      - '166'
      Content-Type:
      - application/json
      ParameterSetName:
      - -g -n --sku
      User-Agent:
      - AZURECLI/2.23.0 azsdk-python-azure-mgmt-network/18.0.0 Python/3.7.3 (Windows-10-10.0.19041-SP0)
    method: PUT
    uri: https://management.azure.com/subscriptions/00000000-0000-0000-0000-000000000000/resourceGroups/test_appgw_private_endpoint_with_overwrite_default000001/providers/Microsoft.Network/publicIPAddresses/appgw_ip?api-version=2021-02-01
  response:
    body:
      string: "{\r\n  \"name\": \"appgw_ip\",\r\n  \"id\": \"/subscriptions/00000000-0000-0000-0000-000000000000/resourceGroups/test_appgw_private_endpoint_with_overwrite_default000001/providers/Microsoft.Network/publicIPAddresses/appgw_ip\",\r\n
        \ \"etag\": \"W/\\\"ae6e4d96-5769-4a57-8ed9-b60aee7cc464\\\"\",\r\n  \"location\":
        \"westus\",\r\n  \"properties\": {\r\n    \"provisioningState\": \"Updating\",\r\n
        \   \"resourceGuid\": \"b9d95484-c719-4329-9d65-d38ccc80727b\",\r\n    \"publicIPAddressVersion\":
        \"IPv4\",\r\n    \"publicIPAllocationMethod\": \"Static\",\r\n    \"idleTimeoutInMinutes\":
        4,\r\n    \"ipTags\": []\r\n  },\r\n  \"type\": \"Microsoft.Network/publicIPAddresses\",\r\n
        \ \"sku\": {\r\n    \"name\": \"Standard\",\r\n    \"tier\": \"Regional\"\r\n
        \ }\r\n}"
    headers:
      azure-asyncnotification:
      - Enabled
      azure-asyncoperation:
      - https://management.azure.com/subscriptions/00000000-0000-0000-0000-000000000000/providers/Microsoft.Network/locations/westus/operations/64353fcf-671f-467f-a337-1baf96d50c86?api-version=2021-02-01
      cache-control:
      - no-cache
      content-length:
      - '691'
      content-type:
      - application/json; charset=utf-8
      date:
      - Fri, 14 May 2021 07:41:05 GMT
      expires:
      - '-1'
      pragma:
      - no-cache
      server:
      - Microsoft-HTTPAPI/2.0
      - Microsoft-HTTPAPI/2.0
      strict-transport-security:
      - max-age=31536000; includeSubDomains
      x-content-type-options:
      - nosniff
      x-ms-arm-service-request-id:
      - e6bbaef6-9a75-4dae-8690-60b3c80801ad
      x-ms-ratelimit-remaining-subscription-writes:
      - '1192'
    status:
      code: 201
      message: Created
- request:
    body: null
    headers:
      Accept:
      - '*/*'
      Accept-Encoding:
      - gzip, deflate
      CommandName:
      - network public-ip create
      Connection:
      - keep-alive
      ParameterSetName:
      - -g -n --sku
      User-Agent:
      - AZURECLI/2.23.0 azsdk-python-azure-mgmt-network/18.0.0 Python/3.7.3 (Windows-10-10.0.19041-SP0)
    method: GET
    uri: https://management.azure.com/subscriptions/00000000-0000-0000-0000-000000000000/providers/Microsoft.Network/locations/westus/operations/64353fcf-671f-467f-a337-1baf96d50c86?api-version=2021-02-01
  response:
    body:
      string: "{\r\n  \"status\": \"Succeeded\"\r\n}"
    headers:
      cache-control:
      - no-cache
      content-length:
      - '29'
      content-type:
      - application/json; charset=utf-8
      date:
      - Fri, 14 May 2021 07:41:07 GMT
      expires:
      - '-1'
      pragma:
      - no-cache
      server:
      - Microsoft-HTTPAPI/2.0
      - Microsoft-HTTPAPI/2.0
      strict-transport-security:
      - max-age=31536000; includeSubDomains
      transfer-encoding:
      - chunked
      vary:
      - Accept-Encoding
      x-content-type-options:
      - nosniff
      x-ms-arm-service-request-id:
      - 043f63ad-df58-4ec5-b507-1727cb542c5a
    status:
      code: 200
      message: OK
- request:
    body: null
    headers:
      Accept:
      - '*/*'
      Accept-Encoding:
      - gzip, deflate
      CommandName:
      - network public-ip create
      Connection:
      - keep-alive
      ParameterSetName:
      - -g -n --sku
      User-Agent:
      - AZURECLI/2.23.0 azsdk-python-azure-mgmt-network/18.0.0 Python/3.7.3 (Windows-10-10.0.19041-SP0)
    method: GET
    uri: https://management.azure.com/subscriptions/00000000-0000-0000-0000-000000000000/resourceGroups/test_appgw_private_endpoint_with_overwrite_default000001/providers/Microsoft.Network/publicIPAddresses/appgw_ip?api-version=2021-02-01
  response:
    body:
      string: "{\r\n  \"name\": \"appgw_ip\",\r\n  \"id\": \"/subscriptions/00000000-0000-0000-0000-000000000000/resourceGroups/test_appgw_private_endpoint_with_overwrite_default000001/providers/Microsoft.Network/publicIPAddresses/appgw_ip\",\r\n
        \ \"etag\": \"W/\\\"869ee2de-256c-4506-a175-f311c7e95789\\\"\",\r\n  \"location\":
        \"westus\",\r\n  \"properties\": {\r\n    \"provisioningState\": \"Succeeded\",\r\n
        \   \"resourceGuid\": \"b9d95484-c719-4329-9d65-d38ccc80727b\",\r\n    \"ipAddress\":
        \"138.91.251.128\",\r\n    \"publicIPAddressVersion\": \"IPv4\",\r\n    \"publicIPAllocationMethod\":
        \"Static\",\r\n    \"idleTimeoutInMinutes\": 4,\r\n    \"ipTags\": []\r\n
        \ },\r\n  \"type\": \"Microsoft.Network/publicIPAddresses\",\r\n  \"sku\":
        {\r\n    \"name\": \"Standard\",\r\n    \"tier\": \"Regional\"\r\n  }\r\n}"
    headers:
      cache-control:
      - no-cache
      content-length:
      - '728'
      content-type:
      - application/json; charset=utf-8
      date:
      - Fri, 14 May 2021 07:41:07 GMT
      etag:
      - W/"869ee2de-256c-4506-a175-f311c7e95789"
      expires:
      - '-1'
      pragma:
      - no-cache
      server:
      - Microsoft-HTTPAPI/2.0
      - Microsoft-HTTPAPI/2.0
      strict-transport-security:
      - max-age=31536000; includeSubDomains
      transfer-encoding:
      - chunked
      vary:
      - Accept-Encoding
      x-content-type-options:
      - nosniff
      x-ms-arm-service-request-id:
      - fc5ac2e6-3230-4015-bfc9-dc3c101a6310
    status:
      code: 200
      message: OK
- request:
    body: null
    headers:
      Accept:
      - application/json
      Accept-Encoding:
      - gzip, deflate
      CommandName:
      - network vnet create
      Connection:
      - keep-alive
      ParameterSetName:
      - -g -n --subnet-name
      User-Agent:
      - AZURECLI/2.23.0 azsdk-python-azure-mgmt-resource/16.1.0 Python/3.7.3 (Windows-10-10.0.19041-SP0)
    method: GET
    uri: https://management.azure.com/subscriptions/00000000-0000-0000-0000-000000000000/resourcegroups/test_appgw_private_endpoint_with_overwrite_default000001?api-version=2021-04-01
  response:
    body:
      string: '{"id":"/subscriptions/00000000-0000-0000-0000-000000000000/resourceGroups/test_appgw_private_endpoint_with_overwrite_default000001","name":"test_appgw_private_endpoint_with_overwrite_default000001","type":"Microsoft.Resources/resourceGroups","location":"westus","tags":{"product":"azurecli","cause":"automation","date":"2021-05-14T07:40:58Z"},"properties":{"provisioningState":"Succeeded"}}'
    headers:
      cache-control:
      - no-cache
      content-length:
      - '428'
      content-type:
      - application/json; charset=utf-8
      date:
      - Fri, 14 May 2021 07:41:08 GMT
      expires:
      - '-1'
      pragma:
      - no-cache
      strict-transport-security:
      - max-age=31536000; includeSubDomains
      vary:
      - Accept-Encoding
      x-content-type-options:
      - nosniff
    status:
      code: 200
      message: OK
- request:
    body: '{"location": "westus", "tags": {}, "properties": {"addressSpace": {"addressPrefixes":
      ["10.0.0.0/16"]}, "dhcpOptions": {}, "subnets": [{"name": "appgw_private_endpoint_subnet",
      "properties": {"addressPrefix": "10.0.0.0/24", "privateEndpointNetworkPolicies":
      "Enabled", "privateLinkServiceNetworkPolicies": "Enabled"}}]}}'
    headers:
      Accept:
      - application/json
      Accept-Encoding:
      - gzip, deflate
      CommandName:
      - network vnet create
      Connection:
      - keep-alive
      Content-Length:
      - '320'
      Content-Type:
      - application/json
      ParameterSetName:
      - -g -n --subnet-name
      User-Agent:
      - AZURECLI/2.23.0 azsdk-python-azure-mgmt-network/18.0.0 Python/3.7.3 (Windows-10-10.0.19041-SP0)
    method: PUT
    uri: https://management.azure.com/subscriptions/00000000-0000-0000-0000-000000000000/resourceGroups/test_appgw_private_endpoint_with_overwrite_default000001/providers/Microsoft.Network/virtualNetworks/appgw_private_endpoint_vnet?api-version=2021-02-01
  response:
    body:
      string: "{\r\n  \"name\": \"appgw_private_endpoint_vnet\",\r\n  \"id\": \"/subscriptions/00000000-0000-0000-0000-000000000000/resourceGroups/test_appgw_private_endpoint_with_overwrite_default000001/providers/Microsoft.Network/virtualNetworks/appgw_private_endpoint_vnet\",\r\n
        \ \"etag\": \"W/\\\"e33c9e81-07a0-49fa-bdef-44c24379ef7b\\\"\",\r\n  \"type\":
        \"Microsoft.Network/virtualNetworks\",\r\n  \"location\": \"westus\",\r\n
        \ \"tags\": {},\r\n  \"properties\": {\r\n    \"provisioningState\": \"Updating\",\r\n
        \   \"resourceGuid\": \"4aa46c3e-f344-48e1-a4aa-c78eb79d2b51\",\r\n    \"addressSpace\":
        {\r\n      \"addressPrefixes\": [\r\n        \"10.0.0.0/16\"\r\n      ]\r\n
        \   },\r\n    \"dhcpOptions\": {\r\n      \"dnsServers\": []\r\n    },\r\n
        \   \"subnets\": [\r\n      {\r\n        \"name\": \"appgw_private_endpoint_subnet\",\r\n
        \       \"id\": \"/subscriptions/00000000-0000-0000-0000-000000000000/resourceGroups/test_appgw_private_endpoint_with_overwrite_default000001/providers/Microsoft.Network/virtualNetworks/appgw_private_endpoint_vnet/subnets/appgw_private_endpoint_subnet\",\r\n
        \       \"etag\": \"W/\\\"e33c9e81-07a0-49fa-bdef-44c24379ef7b\\\"\",\r\n
        \       \"properties\": {\r\n          \"provisioningState\": \"Updating\",\r\n
        \         \"addressPrefix\": \"10.0.0.0/24\",\r\n          \"delegations\":
        [],\r\n          \"privateEndpointNetworkPolicies\": \"Enabled\",\r\n          \"privateLinkServiceNetworkPolicies\":
        \"Enabled\"\r\n        },\r\n        \"type\": \"Microsoft.Network/virtualNetworks/subnets\"\r\n
        \     }\r\n    ],\r\n    \"virtualNetworkPeerings\": [],\r\n    \"enableDdosProtection\":
        false\r\n  }\r\n}"
    headers:
      azure-asyncnotification:
      - Enabled
      azure-asyncoperation:
      - https://management.azure.com/subscriptions/00000000-0000-0000-0000-000000000000/providers/Microsoft.Network/locations/westus/operations/72321462-4983-431b-b3e8-59b76c21e3fb?api-version=2021-02-01
      cache-control:
      - no-cache
      content-length:
      - '1513'
      content-type:
      - application/json; charset=utf-8
      date:
      - Fri, 14 May 2021 07:41:13 GMT
      expires:
      - '-1'
      pragma:
      - no-cache
      server:
      - Microsoft-HTTPAPI/2.0
      - Microsoft-HTTPAPI/2.0
      strict-transport-security:
      - max-age=31536000; includeSubDomains
      x-content-type-options:
      - nosniff
      x-ms-arm-service-request-id:
      - 7ad141db-1dec-492c-af3b-f0a59a8e1daa
      x-ms-ratelimit-remaining-subscription-writes:
      - '1190'
    status:
      code: 201
      message: Created
- request:
    body: null
    headers:
      Accept:
      - '*/*'
      Accept-Encoding:
      - gzip, deflate
      CommandName:
      - network vnet create
      Connection:
      - keep-alive
      ParameterSetName:
      - -g -n --subnet-name
      User-Agent:
      - AZURECLI/2.23.0 azsdk-python-azure-mgmt-network/18.0.0 Python/3.7.3 (Windows-10-10.0.19041-SP0)
    method: GET
    uri: https://management.azure.com/subscriptions/00000000-0000-0000-0000-000000000000/providers/Microsoft.Network/locations/westus/operations/72321462-4983-431b-b3e8-59b76c21e3fb?api-version=2021-02-01
  response:
    body:
      string: "{\r\n  \"status\": \"Succeeded\"\r\n}"
    headers:
      cache-control:
      - no-cache
      content-length:
      - '29'
      content-type:
      - application/json; charset=utf-8
      date:
      - Fri, 14 May 2021 07:41:17 GMT
      expires:
      - '-1'
      pragma:
      - no-cache
      server:
      - Microsoft-HTTPAPI/2.0
      - Microsoft-HTTPAPI/2.0
      strict-transport-security:
      - max-age=31536000; includeSubDomains
      transfer-encoding:
      - chunked
      vary:
      - Accept-Encoding
      x-content-type-options:
      - nosniff
      x-ms-arm-service-request-id:
      - 5353a309-a713-4656-af78-29858e74c686
    status:
      code: 200
      message: OK
- request:
    body: null
    headers:
      Accept:
      - '*/*'
      Accept-Encoding:
      - gzip, deflate
      CommandName:
      - network vnet create
      Connection:
      - keep-alive
      ParameterSetName:
      - -g -n --subnet-name
      User-Agent:
      - AZURECLI/2.23.0 azsdk-python-azure-mgmt-network/18.0.0 Python/3.7.3 (Windows-10-10.0.19041-SP0)
    method: GET
    uri: https://management.azure.com/subscriptions/00000000-0000-0000-0000-000000000000/resourceGroups/test_appgw_private_endpoint_with_overwrite_default000001/providers/Microsoft.Network/virtualNetworks/appgw_private_endpoint_vnet?api-version=2021-02-01
  response:
    body:
      string: "{\r\n  \"name\": \"appgw_private_endpoint_vnet\",\r\n  \"id\": \"/subscriptions/00000000-0000-0000-0000-000000000000/resourceGroups/test_appgw_private_endpoint_with_overwrite_default000001/providers/Microsoft.Network/virtualNetworks/appgw_private_endpoint_vnet\",\r\n
        \ \"etag\": \"W/\\\"8acb3fd9-9ce4-455a-9e10-e458d1690c01\\\"\",\r\n  \"type\":
        \"Microsoft.Network/virtualNetworks\",\r\n  \"location\": \"westus\",\r\n
        \ \"tags\": {},\r\n  \"properties\": {\r\n    \"provisioningState\": \"Succeeded\",\r\n
        \   \"resourceGuid\": \"4aa46c3e-f344-48e1-a4aa-c78eb79d2b51\",\r\n    \"addressSpace\":
        {\r\n      \"addressPrefixes\": [\r\n        \"10.0.0.0/16\"\r\n      ]\r\n
        \   },\r\n    \"dhcpOptions\": {\r\n      \"dnsServers\": []\r\n    },\r\n
        \   \"subnets\": [\r\n      {\r\n        \"name\": \"appgw_private_endpoint_subnet\",\r\n
        \       \"id\": \"/subscriptions/00000000-0000-0000-0000-000000000000/resourceGroups/test_appgw_private_endpoint_with_overwrite_default000001/providers/Microsoft.Network/virtualNetworks/appgw_private_endpoint_vnet/subnets/appgw_private_endpoint_subnet\",\r\n
        \       \"etag\": \"W/\\\"8acb3fd9-9ce4-455a-9e10-e458d1690c01\\\"\",\r\n
        \       \"properties\": {\r\n          \"provisioningState\": \"Succeeded\",\r\n
        \         \"addressPrefix\": \"10.0.0.0/24\",\r\n          \"delegations\":
        [],\r\n          \"privateEndpointNetworkPolicies\": \"Enabled\",\r\n          \"privateLinkServiceNetworkPolicies\":
        \"Enabled\"\r\n        },\r\n        \"type\": \"Microsoft.Network/virtualNetworks/subnets\"\r\n
        \     }\r\n    ],\r\n    \"virtualNetworkPeerings\": [],\r\n    \"enableDdosProtection\":
        false\r\n  }\r\n}"
    headers:
      cache-control:
      - no-cache
      content-length:
      - '1515'
      content-type:
      - application/json; charset=utf-8
      date:
      - Fri, 14 May 2021 07:41:17 GMT
      etag:
      - W/"8acb3fd9-9ce4-455a-9e10-e458d1690c01"
      expires:
      - '-1'
      pragma:
      - no-cache
      server:
      - Microsoft-HTTPAPI/2.0
      - Microsoft-HTTPAPI/2.0
      strict-transport-security:
      - max-age=31536000; includeSubDomains
      transfer-encoding:
      - chunked
      vary:
      - Accept-Encoding
      x-content-type-options:
      - nosniff
      x-ms-arm-service-request-id:
      - f387a3c7-dea2-43c4-b38a-8a2ddce94de1
    status:
      code: 200
      message: OK
- request:
    body: null
    headers:
      Accept:
      - application/json
      Accept-Encoding:
      - gzip, deflate
      CommandName:
      - network vnet subnet update
      Connection:
      - keep-alive
      ParameterSetName:
      - -g -n --vnet-name --disable-private-endpoint-network-policies
      User-Agent:
      - AZURECLI/2.23.0 azsdk-python-azure-mgmt-network/18.0.0 Python/3.7.3 (Windows-10-10.0.19041-SP0)
    method: GET
    uri: https://management.azure.com/subscriptions/00000000-0000-0000-0000-000000000000/resourceGroups/test_appgw_private_endpoint_with_overwrite_default000001/providers/Microsoft.Network/virtualNetworks/appgw_private_endpoint_vnet/subnets/appgw_private_endpoint_subnet?api-version=2021-02-01
  response:
    body:
      string: "{\r\n  \"name\": \"appgw_private_endpoint_subnet\",\r\n  \"id\": \"/subscriptions/00000000-0000-0000-0000-000000000000/resourceGroups/test_appgw_private_endpoint_with_overwrite_default000001/providers/Microsoft.Network/virtualNetworks/appgw_private_endpoint_vnet/subnets/appgw_private_endpoint_subnet\",\r\n
        \ \"etag\": \"W/\\\"8acb3fd9-9ce4-455a-9e10-e458d1690c01\\\"\",\r\n  \"properties\":
        {\r\n    \"provisioningState\": \"Succeeded\",\r\n    \"addressPrefix\": \"10.0.0.0/24\",\r\n
        \   \"delegations\": [],\r\n    \"privateEndpointNetworkPolicies\": \"Enabled\",\r\n
        \   \"privateLinkServiceNetworkPolicies\": \"Enabled\"\r\n  },\r\n  \"type\":
        \"Microsoft.Network/virtualNetworks/subnets\"\r\n}"
    headers:
      cache-control:
      - no-cache
      content-length:
      - '652'
      content-type:
      - application/json; charset=utf-8
      date:
      - Fri, 14 May 2021 07:41:18 GMT
      etag:
      - W/"8acb3fd9-9ce4-455a-9e10-e458d1690c01"
      expires:
      - '-1'
      pragma:
      - no-cache
      server:
      - Microsoft-HTTPAPI/2.0
      - Microsoft-HTTPAPI/2.0
      strict-transport-security:
      - max-age=31536000; includeSubDomains
      transfer-encoding:
      - chunked
      vary:
      - Accept-Encoding
      x-content-type-options:
      - nosniff
      x-ms-arm-service-request-id:
      - 21bc5d5a-3753-4fe1-9885-fe2aa2c8f0ef
    status:
      code: 200
      message: OK
- request:
    body: '{"id": "/subscriptions/00000000-0000-0000-0000-000000000000/resourceGroups/test_appgw_private_endpoint_with_overwrite_default000001/providers/Microsoft.Network/virtualNetworks/appgw_private_endpoint_vnet/subnets/appgw_private_endpoint_subnet",
      "name": "appgw_private_endpoint_subnet", "type": "Microsoft.Network/virtualNetworks/subnets",
      "properties": {"addressPrefix": "10.0.0.0/24", "delegations": [], "privateEndpointNetworkPolicies":
      "Disabled", "privateLinkServiceNetworkPolicies": "Enabled"}}'
    headers:
      Accept:
      - application/json
      Accept-Encoding:
      - gzip, deflate
      CommandName:
      - network vnet subnet update
      Connection:
      - keep-alive
      Content-Length:
      - '517'
      Content-Type:
      - application/json
      ParameterSetName:
      - -g -n --vnet-name --disable-private-endpoint-network-policies
      User-Agent:
      - AZURECLI/2.23.0 azsdk-python-azure-mgmt-network/18.0.0 Python/3.7.3 (Windows-10-10.0.19041-SP0)
    method: PUT
    uri: https://management.azure.com/subscriptions/00000000-0000-0000-0000-000000000000/resourceGroups/test_appgw_private_endpoint_with_overwrite_default000001/providers/Microsoft.Network/virtualNetworks/appgw_private_endpoint_vnet/subnets/appgw_private_endpoint_subnet?api-version=2021-02-01
  response:
    body:
      string: "{\r\n  \"name\": \"appgw_private_endpoint_subnet\",\r\n  \"id\": \"/subscriptions/00000000-0000-0000-0000-000000000000/resourceGroups/test_appgw_private_endpoint_with_overwrite_default000001/providers/Microsoft.Network/virtualNetworks/appgw_private_endpoint_vnet/subnets/appgw_private_endpoint_subnet\",\r\n
        \ \"etag\": \"W/\\\"dfba27c0-6231-4a93-a10a-0abaf8c4389b\\\"\",\r\n  \"properties\":
        {\r\n    \"provisioningState\": \"Updating\",\r\n    \"addressPrefix\": \"10.0.0.0/24\",\r\n
        \   \"delegations\": [],\r\n    \"privateEndpointNetworkPolicies\": \"Disabled\",\r\n
        \   \"privateLinkServiceNetworkPolicies\": \"Enabled\"\r\n  },\r\n  \"type\":
        \"Microsoft.Network/virtualNetworks/subnets\"\r\n}"
    headers:
      azure-asyncoperation:
      - https://management.azure.com/subscriptions/00000000-0000-0000-0000-000000000000/providers/Microsoft.Network/locations/westus/operations/70875b50-f780-490f-89b0-712afd89806e?api-version=2021-02-01
      cache-control:
      - no-cache
      content-length:
      - '652'
      content-type:
      - application/json; charset=utf-8
      date:
      - Fri, 14 May 2021 07:41:18 GMT
      expires:
      - '-1'
      pragma:
      - no-cache
      server:
      - Microsoft-HTTPAPI/2.0
      - Microsoft-HTTPAPI/2.0
      strict-transport-security:
      - max-age=31536000; includeSubDomains
      transfer-encoding:
      - chunked
      vary:
      - Accept-Encoding
      x-content-type-options:
      - nosniff
      x-ms-arm-service-request-id:
      - 0396a588-c456-46c8-bb13-d85b61d87058
      x-ms-ratelimit-remaining-subscription-writes:
      - '1191'
    status:
      code: 200
      message: OK
- request:
    body: null
    headers:
      Accept:
      - '*/*'
      Accept-Encoding:
      - gzip, deflate
      CommandName:
      - network vnet subnet update
      Connection:
      - keep-alive
      ParameterSetName:
      - -g -n --vnet-name --disable-private-endpoint-network-policies
      User-Agent:
      - AZURECLI/2.23.0 azsdk-python-azure-mgmt-network/18.0.0 Python/3.7.3 (Windows-10-10.0.19041-SP0)
    method: GET
    uri: https://management.azure.com/subscriptions/00000000-0000-0000-0000-000000000000/providers/Microsoft.Network/locations/westus/operations/70875b50-f780-490f-89b0-712afd89806e?api-version=2021-02-01
  response:
    body:
      string: "{\r\n  \"status\": \"Succeeded\"\r\n}"
    headers:
      cache-control:
      - no-cache
      content-length:
      - '29'
      content-type:
      - application/json; charset=utf-8
      date:
      - Fri, 14 May 2021 07:41:22 GMT
      expires:
      - '-1'
      pragma:
      - no-cache
      server:
      - Microsoft-HTTPAPI/2.0
      - Microsoft-HTTPAPI/2.0
      strict-transport-security:
      - max-age=31536000; includeSubDomains
      transfer-encoding:
      - chunked
      vary:
      - Accept-Encoding
      x-content-type-options:
      - nosniff
      x-ms-arm-service-request-id:
      - 5656f00d-3494-48ad-9c84-edafa228e104
    status:
      code: 200
      message: OK
- request:
    body: null
    headers:
      Accept:
      - '*/*'
      Accept-Encoding:
      - gzip, deflate
      CommandName:
      - network vnet subnet update
      Connection:
      - keep-alive
      ParameterSetName:
      - -g -n --vnet-name --disable-private-endpoint-network-policies
      User-Agent:
      - AZURECLI/2.23.0 azsdk-python-azure-mgmt-network/18.0.0 Python/3.7.3 (Windows-10-10.0.19041-SP0)
    method: GET
    uri: https://management.azure.com/subscriptions/00000000-0000-0000-0000-000000000000/resourceGroups/test_appgw_private_endpoint_with_overwrite_default000001/providers/Microsoft.Network/virtualNetworks/appgw_private_endpoint_vnet/subnets/appgw_private_endpoint_subnet?api-version=2021-02-01
  response:
    body:
      string: "{\r\n  \"name\": \"appgw_private_endpoint_subnet\",\r\n  \"id\": \"/subscriptions/00000000-0000-0000-0000-000000000000/resourceGroups/test_appgw_private_endpoint_with_overwrite_default000001/providers/Microsoft.Network/virtualNetworks/appgw_private_endpoint_vnet/subnets/appgw_private_endpoint_subnet\",\r\n
        \ \"etag\": \"W/\\\"c08de530-e8c5-440b-935f-ffdd1b8116fd\\\"\",\r\n  \"properties\":
        {\r\n    \"provisioningState\": \"Succeeded\",\r\n    \"addressPrefix\": \"10.0.0.0/24\",\r\n
        \   \"delegations\": [],\r\n    \"privateEndpointNetworkPolicies\": \"Disabled\",\r\n
        \   \"privateLinkServiceNetworkPolicies\": \"Enabled\"\r\n  },\r\n  \"type\":
        \"Microsoft.Network/virtualNetworks/subnets\"\r\n}"
    headers:
      cache-control:
      - no-cache
      content-length:
      - '653'
      content-type:
      - application/json; charset=utf-8
      date:
      - Fri, 14 May 2021 07:41:22 GMT
      etag:
      - W/"c08de530-e8c5-440b-935f-ffdd1b8116fd"
      expires:
      - '-1'
      pragma:
      - no-cache
      server:
      - Microsoft-HTTPAPI/2.0
      - Microsoft-HTTPAPI/2.0
      strict-transport-security:
      - max-age=31536000; includeSubDomains
      transfer-encoding:
      - chunked
      vary:
      - Accept-Encoding
      x-content-type-options:
      - nosniff
      x-ms-arm-service-request-id:
      - b2030de5-00b1-474f-9ec8-1176266565ca
    status:
      code: 200
      message: OK
- request:
    body: null
    headers:
      Accept:
      - application/json
      Accept-Encoding:
      - gzip, deflate
      CommandName:
      - network application-gateway create
      Connection:
      - keep-alive
      ParameterSetName:
      - -g -n --sku --public-ip-address --enable-private-link --private-link-subnet
        --private-link-primary --private-link-subnet-prefix
      User-Agent:
      - AZURECLI/2.23.0 azsdk-python-azure-mgmt-resource/16.1.0 Python/3.7.3 (Windows-10-10.0.19041-SP0)
    method: GET
    uri: https://management.azure.com/subscriptions/00000000-0000-0000-0000-000000000000/resourcegroups/test_appgw_private_endpoint_with_overwrite_default000001?api-version=2021-04-01
  response:
    body:
      string: '{"id":"/subscriptions/00000000-0000-0000-0000-000000000000/resourceGroups/test_appgw_private_endpoint_with_overwrite_default000001","name":"test_appgw_private_endpoint_with_overwrite_default000001","type":"Microsoft.Resources/resourceGroups","location":"westus","tags":{"product":"azurecli","cause":"automation","date":"2021-05-14T07:40:58Z"},"properties":{"provisioningState":"Succeeded"}}'
    headers:
      cache-control:
      - no-cache
      content-length:
      - '428'
      content-type:
      - application/json; charset=utf-8
      date:
      - Fri, 14 May 2021 07:41:22 GMT
      expires:
      - '-1'
      pragma:
      - no-cache
      strict-transport-security:
      - max-age=31536000; includeSubDomains
      vary:
      - Accept-Encoding
      x-content-type-options:
      - nosniff
    status:
      code: 200
      message: OK
- request:
    body: null
    headers:
      Accept:
      - application/json
      Accept-Encoding:
      - gzip, deflate
      CommandName:
      - network application-gateway create
      Connection:
      - keep-alive
      ParameterSetName:
      - -g -n --sku --public-ip-address --enable-private-link --private-link-subnet
        --private-link-primary --private-link-subnet-prefix
      User-Agent:
      - AZURECLI/2.23.0 azsdk-python-azure-mgmt-resource/16.1.0 Python/3.7.3 (Windows-10-10.0.19041-SP0)
    method: GET
    uri: https://management.azure.com/subscriptions/00000000-0000-0000-0000-000000000000/resources?$filter=resourceGroup%20eq%20%27test_appgw_private_endpoint_with_overwrite_default000001%27%20and%20name%20eq%20%27None%27%20and%20resourceType%20eq%20%27Microsoft.Network%2FvirtualNetworks%27&api-version=2021-04-01
  response:
    body:
      string: '{"value":[]}'
    headers:
      cache-control:
      - no-cache
      content-length:
      - '12'
      content-type:
      - application/json; charset=utf-8
      date:
      - Fri, 14 May 2021 07:41:23 GMT
      expires:
      - '-1'
      pragma:
      - no-cache
      strict-transport-security:
      - max-age=31536000; includeSubDomains
      vary:
      - Accept-Encoding
      x-content-type-options:
      - nosniff
    status:
      code: 200
      message: OK
- request:
    body: null
    headers:
      Accept:
      - application/json
      Accept-Encoding:
      - gzip, deflate
      CommandName:
      - network application-gateway create
      Connection:
      - keep-alive
      ParameterSetName:
      - -g -n --sku --public-ip-address --enable-private-link --private-link-subnet
        --private-link-primary --private-link-subnet-prefix
      User-Agent:
      - AZURECLI/2.23.0 azsdk-python-azure-mgmt-resource/16.1.0 Python/3.7.3 (Windows-10-10.0.19041-SP0)
    method: GET
    uri: https://management.azure.com/subscriptions/00000000-0000-0000-0000-000000000000/resources?$filter=resourceGroup%20eq%20%27test_appgw_private_endpoint_with_overwrite_default000001%27%20and%20name%20eq%20%27appgw_ip%27%20and%20resourceType%20eq%20%27Microsoft.Network%2FpublicIPAddresses%27&api-version=2021-04-01
  response:
    body:
      string: '{"value":[{"id":"/subscriptions/00000000-0000-0000-0000-000000000000/resourceGroups/test_appgw_private_endpoint_with_overwrite_default000001/providers/Microsoft.Network/publicIPAddresses/appgw_ip","name":"appgw_ip","type":"Microsoft.Network/publicIPAddresses","sku":{"name":"Standard"},"location":"westus"}]}'
    headers:
      cache-control:
      - no-cache
      content-length:
      - '327'
      content-type:
      - application/json; charset=utf-8
      date:
      - Fri, 14 May 2021 07:41:24 GMT
      expires:
      - '-1'
      pragma:
      - no-cache
      strict-transport-security:
      - max-age=31536000; includeSubDomains
      vary:
      - Accept-Encoding
      x-content-type-options:
      - nosniff
    status:
      code: 200
      message: OK
- request:
    body: '{"properties": {"template": {"$schema": "https://schema.management.azure.com/schemas/2015-01-01/deploymentTemplate.json#",
      "contentVersion": "1.0.0.0", "parameters": {}, "variables": {"appGwID": "[resourceId(''Microsoft.Network/applicationGateways'',
      ''appgw'')]"}, "resources": [{"name": "appgwVnet", "type": "Microsoft.Network/virtualNetworks",
      "location": "westus", "apiVersion": "2015-06-15", "dependsOn": [], "tags": {},
      "properties": {"addressSpace": {"addressPrefixes": ["10.0.0.0/16"]}, "subnets":
      [{"name": "default", "properties": {"addressPrefix": "10.0.0.0/24"}}, {"name":
      "YetAnotherSubnetName", "properties": {"addressPrefix": "10.0.2.0/24", "privateLinkServiceNetworkPolicies":
      "Disabled"}}]}}, {"type": "Microsoft.Network/applicationGateways", "name": "appgw",
      "location": "westus", "tags": {}, "apiVersion": "2021-02-01", "dependsOn": ["Microsoft.Network/virtualNetworks/appgwVnet"],
      "properties": {"backendAddressPools": [{"name": "appGatewayBackendPool"}], "backendHttpSettingsCollection":
      [{"name": "appGatewayBackendHttpSettings", "properties": {"Port": 80, "Protocol":
      "Http", "CookieBasedAffinity": "disabled", "connectionDraining": {"enabled":
      false, "drainTimeoutInSec": 1}}}], "frontendIPConfigurations": [{"name": "appGatewayFrontendIP",
      "properties": {"publicIPAddress": {"id": "/subscriptions/00000000-0000-0000-0000-000000000000/resourceGroups/test_appgw_private_endpoint_with_overwrite_default000001/providers/Microsoft.Network/publicIPAddresses/appgw_ip"},
      "privateLinkConfiguration": {"id": "[concat(variables(''appGwID''), ''/privateLinkConfigurations/PrivateLinkDefaultConfiguration'')]"}}}],
      "frontendPorts": [{"name": "appGatewayFrontendPort", "properties": {"Port":
      80}}], "gatewayIPConfigurations": [{"name": "appGatewayFrontendIP", "properties":
      {"subnet": {"id": "/subscriptions/00000000-0000-0000-0000-000000000000/resourceGroups/test_appgw_private_endpoint_with_overwrite_default000001/providers/Microsoft.Network/virtualNetworks/appgwVnet/subnets/default"}}}],
      "httpListeners": [{"name": "appGatewayHttpListener", "properties": {"FrontendIpConfiguration":
      {"Id": "[concat(variables(''appGwID''), ''/frontendIPConfigurations/appGatewayFrontendIP'')]"},
      "FrontendPort": {"Id": "[concat(variables(''appGwID''), ''/frontendPorts/appGatewayFrontendPort'')]"},
      "Protocol": "http", "SslCertificate": null}}], "sku": {"name": "Standard_v2",
      "tier": "Standard_v2", "capacity": 2}, "requestRoutingRules": [{"Name": "rule1",
      "properties": {"RuleType": "Basic", "httpListener": {"id": "[concat(variables(''appGwID''),
      ''/httpListeners/appGatewayHttpListener'')]"}, "backendAddressPool": {"id":
      "[concat(variables(''appGwID''), ''/backendAddressPools/appGatewayBackendPool'')]"},
      "backendHttpSettings": {"id": "[concat(variables(''appGwID''), ''/backendHttpSettingsCollection/appGatewayBackendHttpSettings'')]"}}}],
      "privateLinkConfigurations": [{"name": "PrivateLinkDefaultConfiguration", "properties":
      {"ipConfigurations": [{"name": "PrivateLinkDefaultIPConfiguration", "properties":
      {"privateIPAddress": null, "privateIPAllocationMethod": "Dynamic", "primary":
      true, "subnet": {"id": "/subscriptions/00000000-0000-0000-0000-000000000000/resourceGroups/test_appgw_private_endpoint_with_overwrite_default000001/providers/Microsoft.Network/virtualNetworks/appgwVnet/subnets/YetAnotherSubnetName"}}}]}}]},
      "zones": null}], "outputs": {"applicationGateway": {"type": "object", "value":
      "[reference(''appgw'')]"}}}, "parameters": {}, "mode": "incremental"}}'
    headers:
      Accept:
      - application/json
      Accept-Encoding:
      - gzip, deflate
      CommandName:
      - network application-gateway create
      Connection:
      - keep-alive
      Content-Length:
      - '3512'
      Content-Type:
      - application/json
      ParameterSetName:
      - -g -n --sku --public-ip-address --enable-private-link --private-link-subnet
        --private-link-primary --private-link-subnet-prefix
      User-Agent:
      - AZURECLI/2.23.0 azsdk-python-azure-mgmt-resource/16.1.0 Python/3.7.3 (Windows-10-10.0.19041-SP0)
    method: PUT
    uri: https://management.azure.com/subscriptions/00000000-0000-0000-0000-000000000000/resourcegroups/test_appgw_private_endpoint_with_overwrite_default000001/providers/Microsoft.Resources/deployments/mock-deployment?api-version=2021-04-01
  response:
    body:
      string: '{"id":"/subscriptions/00000000-0000-0000-0000-000000000000/resourceGroups/test_appgw_private_endpoint_with_overwrite_default000001/providers/Microsoft.Resources/deployments/ag_deploy_sssNX38SXlRs6QAelctmAFVjSQ0w6JFI","name":"ag_deploy_sssNX38SXlRs6QAelctmAFVjSQ0w6JFI","type":"Microsoft.Resources/deployments","properties":{"templateHash":"9255721205819901492","parameters":{},"mode":"Incremental","provisioningState":"Accepted","timestamp":"2021-05-14T07:41:28.5095407Z","duration":"PT2.1436735S","correlationId":"63b5beb8-2aaa-48db-a3e3-46dcaddc5392","providers":[{"namespace":"Microsoft.Network","resourceTypes":[{"resourceType":"virtualNetworks","locations":["westus"]},{"resourceType":"applicationGateways","locations":["westus"]}]}],"dependencies":[{"dependsOn":[{"id":"/subscriptions/00000000-0000-0000-0000-000000000000/resourceGroups/test_appgw_private_endpoint_with_overwrite_default000001/providers/Microsoft.Network/virtualNetworks/appgwVnet","resourceType":"Microsoft.Network/virtualNetworks","resourceName":"appgwVnet"}],"id":"/subscriptions/00000000-0000-0000-0000-000000000000/resourceGroups/test_appgw_private_endpoint_with_overwrite_default000001/providers/Microsoft.Network/applicationGateways/appgw","resourceType":"Microsoft.Network/applicationGateways","resourceName":"appgw"}]}}'
    headers:
      azure-asyncoperation:
      - https://management.azure.com/subscriptions/00000000-0000-0000-0000-000000000000/resourcegroups/test_appgw_private_endpoint_with_overwrite_default000001/providers/Microsoft.Resources/deployments/ag_deploy_sssNX38SXlRs6QAelctmAFVjSQ0w6JFI/operationStatuses/08585806287991117678?api-version=2021-04-01
      cache-control:
      - no-cache
      content-length:
      - '1358'
      content-type:
      - application/json; charset=utf-8
      date:
      - Fri, 14 May 2021 07:41:29 GMT
      expires:
      - '-1'
      pragma:
      - no-cache
      strict-transport-security:
      - max-age=31536000; includeSubDomains
      x-content-type-options:
      - nosniff
      x-ms-ratelimit-remaining-subscription-writes:
      - '1175'
    status:
      code: 201
      message: Created
- request:
    body: null
    headers:
      Accept:
      - '*/*'
      Accept-Encoding:
      - gzip, deflate
      CommandName:
      - network application-gateway create
      Connection:
      - keep-alive
      ParameterSetName:
      - -g -n --sku --public-ip-address --enable-private-link --private-link-subnet
        --private-link-primary --private-link-subnet-prefix
      User-Agent:
      - AZURECLI/2.23.0 azsdk-python-azure-mgmt-resource/16.1.0 Python/3.7.3 (Windows-10-10.0.19041-SP0)
    method: GET
    uri: https://management.azure.com/subscriptions/00000000-0000-0000-0000-000000000000/resourcegroups/test_appgw_private_endpoint_with_overwrite_default000001/providers/Microsoft.Resources/deployments/mock-deployment/operationStatuses/08585806287991117678?api-version=2021-04-01
  response:
    body:
      string: '{"status":"Running"}'
    headers:
      cache-control:
      - no-cache
      content-length:
      - '20'
      content-type:
      - application/json; charset=utf-8
      date:
      - Fri, 14 May 2021 07:41:59 GMT
      expires:
      - '-1'
      pragma:
      - no-cache
      strict-transport-security:
      - max-age=31536000; includeSubDomains
      vary:
      - Accept-Encoding
      x-content-type-options:
      - nosniff
    status:
      code: 200
      message: OK
- request:
    body: null
    headers:
      Accept:
      - '*/*'
      Accept-Encoding:
      - gzip, deflate
      CommandName:
      - network application-gateway create
      Connection:
      - keep-alive
      ParameterSetName:
      - -g -n --sku --public-ip-address --enable-private-link --private-link-subnet
        --private-link-primary --private-link-subnet-prefix
      User-Agent:
      - AZURECLI/2.23.0 azsdk-python-azure-mgmt-resource/16.1.0 Python/3.7.3 (Windows-10-10.0.19041-SP0)
    method: GET
    uri: https://management.azure.com/subscriptions/00000000-0000-0000-0000-000000000000/resourcegroups/test_appgw_private_endpoint_with_overwrite_default000001/providers/Microsoft.Resources/deployments/mock-deployment/operationStatuses/08585806287991117678?api-version=2021-04-01
  response:
    body:
      string: '{"status":"Running"}'
    headers:
      cache-control:
      - no-cache
      content-length:
      - '20'
      content-type:
      - application/json; charset=utf-8
      date:
      - Fri, 14 May 2021 07:42:30 GMT
      expires:
      - '-1'
      pragma:
      - no-cache
      strict-transport-security:
      - max-age=31536000; includeSubDomains
      vary:
      - Accept-Encoding
      x-content-type-options:
      - nosniff
    status:
      code: 200
      message: OK
- request:
    body: null
    headers:
      Accept:
      - '*/*'
      Accept-Encoding:
      - gzip, deflate
      CommandName:
      - network application-gateway create
      Connection:
      - keep-alive
      ParameterSetName:
      - -g -n --sku --public-ip-address --enable-private-link --private-link-subnet
        --private-link-primary --private-link-subnet-prefix
      User-Agent:
      - AZURECLI/2.23.0 azsdk-python-azure-mgmt-resource/16.1.0 Python/3.7.3 (Windows-10-10.0.19041-SP0)
    method: GET
    uri: https://management.azure.com/subscriptions/00000000-0000-0000-0000-000000000000/resourcegroups/test_appgw_private_endpoint_with_overwrite_default000001/providers/Microsoft.Resources/deployments/mock-deployment/operationStatuses/08585806287991117678?api-version=2021-04-01
  response:
    body:
      string: '{"status":"Running"}'
    headers:
      cache-control:
      - no-cache
      content-length:
      - '20'
      content-type:
      - application/json; charset=utf-8
      date:
      - Fri, 14 May 2021 07:43:01 GMT
      expires:
      - '-1'
      pragma:
      - no-cache
      strict-transport-security:
      - max-age=31536000; includeSubDomains
      vary:
      - Accept-Encoding
      x-content-type-options:
      - nosniff
    status:
      code: 200
      message: OK
- request:
    body: null
    headers:
      Accept:
      - '*/*'
      Accept-Encoding:
      - gzip, deflate
      CommandName:
      - network application-gateway create
      Connection:
      - keep-alive
      ParameterSetName:
      - -g -n --sku --public-ip-address --enable-private-link --private-link-subnet
        --private-link-primary --private-link-subnet-prefix
      User-Agent:
      - AZURECLI/2.23.0 azsdk-python-azure-mgmt-resource/16.1.0 Python/3.7.3 (Windows-10-10.0.19041-SP0)
    method: GET
    uri: https://management.azure.com/subscriptions/00000000-0000-0000-0000-000000000000/resourcegroups/test_appgw_private_endpoint_with_overwrite_default000001/providers/Microsoft.Resources/deployments/mock-deployment/operationStatuses/08585806287991117678?api-version=2021-04-01
  response:
    body:
      string: '{"status":"Running"}'
    headers:
      cache-control:
      - no-cache
      content-length:
      - '20'
      content-type:
      - application/json; charset=utf-8
      date:
      - Fri, 14 May 2021 07:43:31 GMT
      expires:
      - '-1'
      pragma:
      - no-cache
      strict-transport-security:
      - max-age=31536000; includeSubDomains
      vary:
      - Accept-Encoding
      x-content-type-options:
      - nosniff
    status:
      code: 200
      message: OK
- request:
    body: null
    headers:
      Accept:
      - '*/*'
      Accept-Encoding:
      - gzip, deflate
      CommandName:
      - network application-gateway create
      Connection:
      - keep-alive
      ParameterSetName:
      - -g -n --sku --public-ip-address --enable-private-link --private-link-subnet
        --private-link-primary --private-link-subnet-prefix
      User-Agent:
      - AZURECLI/2.23.0 azsdk-python-azure-mgmt-resource/16.1.0 Python/3.7.3 (Windows-10-10.0.19041-SP0)
    method: GET
    uri: https://management.azure.com/subscriptions/00000000-0000-0000-0000-000000000000/resourcegroups/test_appgw_private_endpoint_with_overwrite_default000001/providers/Microsoft.Resources/deployments/mock-deployment/operationStatuses/08585806287991117678?api-version=2021-04-01
  response:
    body:
      string: '{"status":"Running"}'
    headers:
      cache-control:
      - no-cache
      content-length:
      - '20'
      content-type:
      - application/json; charset=utf-8
      date:
      - Fri, 14 May 2021 07:44:01 GMT
      expires:
      - '-1'
      pragma:
      - no-cache
      strict-transport-security:
      - max-age=31536000; includeSubDomains
      vary:
      - Accept-Encoding
      x-content-type-options:
      - nosniff
    status:
      code: 200
      message: OK
- request:
    body: null
    headers:
      Accept:
      - '*/*'
      Accept-Encoding:
      - gzip, deflate
      CommandName:
      - network application-gateway create
      Connection:
      - keep-alive
      ParameterSetName:
      - -g -n --sku --public-ip-address --enable-private-link --private-link-subnet
        --private-link-primary --private-link-subnet-prefix
      User-Agent:
      - AZURECLI/2.23.0 azsdk-python-azure-mgmt-resource/16.1.0 Python/3.7.3 (Windows-10-10.0.19041-SP0)
    method: GET
    uri: https://management.azure.com/subscriptions/00000000-0000-0000-0000-000000000000/resourcegroups/test_appgw_private_endpoint_with_overwrite_default000001/providers/Microsoft.Resources/deployments/mock-deployment/operationStatuses/08585806287991117678?api-version=2021-04-01
  response:
    body:
      string: '{"status":"Running"}'
    headers:
      cache-control:
      - no-cache
      content-length:
      - '20'
      content-type:
      - application/json; charset=utf-8
      date:
      - Fri, 14 May 2021 07:44:32 GMT
      expires:
      - '-1'
      pragma:
      - no-cache
      strict-transport-security:
      - max-age=31536000; includeSubDomains
      vary:
      - Accept-Encoding
      x-content-type-options:
      - nosniff
    status:
      code: 200
      message: OK
- request:
    body: null
    headers:
      Accept:
      - '*/*'
      Accept-Encoding:
      - gzip, deflate
      CommandName:
      - network application-gateway create
      Connection:
      - keep-alive
      ParameterSetName:
      - -g -n --sku --public-ip-address --enable-private-link --private-link-subnet
        --private-link-primary --private-link-subnet-prefix
      User-Agent:
      - AZURECLI/2.23.0 azsdk-python-azure-mgmt-resource/16.1.0 Python/3.7.3 (Windows-10-10.0.19041-SP0)
    method: GET
    uri: https://management.azure.com/subscriptions/00000000-0000-0000-0000-000000000000/resourcegroups/test_appgw_private_endpoint_with_overwrite_default000001/providers/Microsoft.Resources/deployments/mock-deployment/operationStatuses/08585806287991117678?api-version=2021-04-01
  response:
    body:
      string: '{"status":"Running"}'
    headers:
      cache-control:
      - no-cache
      content-length:
      - '20'
      content-type:
      - application/json; charset=utf-8
      date:
      - Fri, 14 May 2021 07:45:03 GMT
      expires:
      - '-1'
      pragma:
      - no-cache
      strict-transport-security:
      - max-age=31536000; includeSubDomains
      vary:
      - Accept-Encoding
      x-content-type-options:
      - nosniff
    status:
      code: 200
      message: OK
- request:
    body: null
    headers:
      Accept:
      - '*/*'
      Accept-Encoding:
      - gzip, deflate
      CommandName:
      - network application-gateway create
      Connection:
      - keep-alive
      ParameterSetName:
      - -g -n --sku --public-ip-address --enable-private-link --private-link-subnet
        --private-link-primary --private-link-subnet-prefix
      User-Agent:
      - AZURECLI/2.23.0 azsdk-python-azure-mgmt-resource/16.1.0 Python/3.7.3 (Windows-10-10.0.19041-SP0)
    method: GET
    uri: https://management.azure.com/subscriptions/00000000-0000-0000-0000-000000000000/resourcegroups/test_appgw_private_endpoint_with_overwrite_default000001/providers/Microsoft.Resources/deployments/mock-deployment/operationStatuses/08585806287991117678?api-version=2021-04-01
  response:
    body:
      string: '{"status":"Running"}'
    headers:
      cache-control:
      - no-cache
      content-length:
      - '20'
      content-type:
      - application/json; charset=utf-8
      date:
      - Fri, 14 May 2021 07:45:33 GMT
      expires:
      - '-1'
      pragma:
      - no-cache
      strict-transport-security:
      - max-age=31536000; includeSubDomains
      vary:
      - Accept-Encoding
      x-content-type-options:
      - nosniff
    status:
      code: 200
      message: OK
- request:
    body: null
    headers:
      Accept:
      - '*/*'
      Accept-Encoding:
      - gzip, deflate
      CommandName:
      - network application-gateway create
      Connection:
      - keep-alive
      ParameterSetName:
      - -g -n --sku --public-ip-address --enable-private-link --private-link-subnet
        --private-link-primary --private-link-subnet-prefix
      User-Agent:
      - AZURECLI/2.23.0 azsdk-python-azure-mgmt-resource/16.1.0 Python/3.7.3 (Windows-10-10.0.19041-SP0)
    method: GET
    uri: https://management.azure.com/subscriptions/00000000-0000-0000-0000-000000000000/resourcegroups/test_appgw_private_endpoint_with_overwrite_default000001/providers/Microsoft.Resources/deployments/mock-deployment/operationStatuses/08585806287991117678?api-version=2021-04-01
  response:
    body:
      string: '{"status":"Running"}'
    headers:
      cache-control:
      - no-cache
      content-length:
      - '20'
      content-type:
      - application/json; charset=utf-8
      date:
      - Fri, 14 May 2021 07:46:03 GMT
      expires:
      - '-1'
      pragma:
      - no-cache
      strict-transport-security:
      - max-age=31536000; includeSubDomains
      vary:
      - Accept-Encoding
      x-content-type-options:
      - nosniff
    status:
      code: 200
      message: OK
- request:
    body: null
    headers:
      Accept:
      - '*/*'
      Accept-Encoding:
      - gzip, deflate
      CommandName:
      - network application-gateway create
      Connection:
      - keep-alive
      ParameterSetName:
      - -g -n --sku --public-ip-address --enable-private-link --private-link-subnet
        --private-link-primary --private-link-subnet-prefix
      User-Agent:
      - AZURECLI/2.23.0 azsdk-python-azure-mgmt-resource/16.1.0 Python/3.7.3 (Windows-10-10.0.19041-SP0)
    method: GET
    uri: https://management.azure.com/subscriptions/00000000-0000-0000-0000-000000000000/resourcegroups/test_appgw_private_endpoint_with_overwrite_default000001/providers/Microsoft.Resources/deployments/mock-deployment/operationStatuses/08585806287991117678?api-version=2021-04-01
  response:
    body:
      string: '{"status":"Running"}'
    headers:
      cache-control:
      - no-cache
      content-length:
      - '20'
      content-type:
      - application/json; charset=utf-8
      date:
      - Fri, 14 May 2021 07:46:34 GMT
      expires:
      - '-1'
      pragma:
      - no-cache
      strict-transport-security:
      - max-age=31536000; includeSubDomains
      vary:
      - Accept-Encoding
      x-content-type-options:
      - nosniff
    status:
      code: 200
      message: OK
- request:
    body: null
    headers:
      Accept:
      - '*/*'
      Accept-Encoding:
      - gzip, deflate
      CommandName:
      - network application-gateway create
      Connection:
      - keep-alive
      ParameterSetName:
      - -g -n --sku --public-ip-address --enable-private-link --private-link-subnet
        --private-link-primary --private-link-subnet-prefix
      User-Agent:
      - AZURECLI/2.23.0 azsdk-python-azure-mgmt-resource/16.1.0 Python/3.7.3 (Windows-10-10.0.19041-SP0)
    method: GET
    uri: https://management.azure.com/subscriptions/00000000-0000-0000-0000-000000000000/resourcegroups/test_appgw_private_endpoint_with_overwrite_default000001/providers/Microsoft.Resources/deployments/mock-deployment/operationStatuses/08585806287991117678?api-version=2021-04-01
  response:
    body:
      string: '{"status":"Running"}'
    headers:
      cache-control:
      - no-cache
      content-length:
      - '20'
      content-type:
      - application/json; charset=utf-8
      date:
      - Fri, 14 May 2021 07:47:05 GMT
      expires:
      - '-1'
      pragma:
      - no-cache
      strict-transport-security:
      - max-age=31536000; includeSubDomains
      vary:
      - Accept-Encoding
      x-content-type-options:
      - nosniff
    status:
      code: 200
      message: OK
- request:
    body: null
    headers:
      Accept:
      - '*/*'
      Accept-Encoding:
      - gzip, deflate
      CommandName:
      - network application-gateway create
      Connection:
      - keep-alive
      ParameterSetName:
      - -g -n --sku --public-ip-address --enable-private-link --private-link-subnet
        --private-link-primary --private-link-subnet-prefix
      User-Agent:
      - AZURECLI/2.23.0 azsdk-python-azure-mgmt-resource/16.1.0 Python/3.7.3 (Windows-10-10.0.19041-SP0)
    method: GET
    uri: https://management.azure.com/subscriptions/00000000-0000-0000-0000-000000000000/resourcegroups/test_appgw_private_endpoint_with_overwrite_default000001/providers/Microsoft.Resources/deployments/mock-deployment/operationStatuses/08585806287991117678?api-version=2021-04-01
  response:
    body:
      string: '{"status":"Succeeded"}'
    headers:
      cache-control:
      - no-cache
      content-length:
      - '22'
      content-type:
      - application/json; charset=utf-8
      date:
      - Fri, 14 May 2021 07:47:35 GMT
      expires:
      - '-1'
      pragma:
      - no-cache
      strict-transport-security:
      - max-age=31536000; includeSubDomains
      vary:
      - Accept-Encoding
      x-content-type-options:
      - nosniff
    status:
      code: 200
      message: OK
- request:
    body: null
    headers:
      Accept:
      - '*/*'
      Accept-Encoding:
      - gzip, deflate
      CommandName:
      - network application-gateway create
      Connection:
      - keep-alive
      ParameterSetName:
      - -g -n --sku --public-ip-address --enable-private-link --private-link-subnet
        --private-link-primary --private-link-subnet-prefix
      User-Agent:
      - AZURECLI/2.23.0 azsdk-python-azure-mgmt-resource/16.1.0 Python/3.7.3 (Windows-10-10.0.19041-SP0)
    method: GET
    uri: https://management.azure.com/subscriptions/00000000-0000-0000-0000-000000000000/resourcegroups/test_appgw_private_endpoint_with_overwrite_default000001/providers/Microsoft.Resources/deployments/mock-deployment?api-version=2021-04-01
  response:
    body:
      string: '{"id":"/subscriptions/00000000-0000-0000-0000-000000000000/resourceGroups/test_appgw_private_endpoint_with_overwrite_default000001/providers/Microsoft.Resources/deployments/ag_deploy_sssNX38SXlRs6QAelctmAFVjSQ0w6JFI","name":"ag_deploy_sssNX38SXlRs6QAelctmAFVjSQ0w6JFI","type":"Microsoft.Resources/deployments","properties":{"templateHash":"9255721205819901492","parameters":{},"mode":"Incremental","provisioningState":"Succeeded","timestamp":"2021-05-14T07:47:29.0521165Z","duration":"PT6M2.6862493S","correlationId":"63b5beb8-2aaa-48db-a3e3-46dcaddc5392","providers":[{"namespace":"Microsoft.Network","resourceTypes":[{"resourceType":"virtualNetworks","locations":["westus"]},{"resourceType":"applicationGateways","locations":["westus"]}]}],"dependencies":[{"dependsOn":[{"id":"/subscriptions/00000000-0000-0000-0000-000000000000/resourceGroups/test_appgw_private_endpoint_with_overwrite_default000001/providers/Microsoft.Network/virtualNetworks/appgwVnet","resourceType":"Microsoft.Network/virtualNetworks","resourceName":"appgwVnet"}],"id":"/subscriptions/00000000-0000-0000-0000-000000000000/resourceGroups/test_appgw_private_endpoint_with_overwrite_default000001/providers/Microsoft.Network/applicationGateways/appgw","resourceType":"Microsoft.Network/applicationGateways","resourceName":"appgw"}],"outputs":{"applicationGateway":{"type":"Object","value":{"provisioningState":"Succeeded","resourceGuid":"dd268751-eff8-4bd8-95fa-5278ddaeac2b","sku":{"name":"Standard_v2","tier":"Standard_v2","capacity":2},"operationalState":"Running","gatewayIPConfigurations":[{"name":"appGatewayFrontendIP","id":"/subscriptions/00000000-0000-0000-0000-000000000000/resourceGroups/test_appgw_private_endpoint_with_overwrite_default000001/providers/Microsoft.Network/applicationGateways/appgw/gatewayIPConfigurations/appGatewayFrontendIP","etag":"W/\"7f0bead2-3446-4d17-98c1-cdebfcad8460\"","properties":{"provisioningState":"Succeeded","subnet":{"id":"/subscriptions/00000000-0000-0000-0000-000000000000/resourceGroups/test_appgw_private_endpoint_with_overwrite_default000001/providers/Microsoft.Network/virtualNetworks/appgwVnet/subnets/default"}},"type":"Microsoft.Network/applicationGateways/gatewayIPConfigurations"}],"sslCertificates":[],"trustedRootCertificates":[],"trustedClientCertificates":[],"sslProfiles":[],"frontendIPConfigurations":[{"name":"appGatewayFrontendIP","id":"/subscriptions/00000000-0000-0000-0000-000000000000/resourceGroups/test_appgw_private_endpoint_with_overwrite_default000001/providers/Microsoft.Network/applicationGateways/appgw/frontendIPConfigurations/appGatewayFrontendIP","etag":"W/\"7f0bead2-3446-4d17-98c1-cdebfcad8460\"","type":"Microsoft.Network/applicationGateways/frontendIPConfigurations","properties":{"provisioningState":"Succeeded","privateIPAllocationMethod":"Dynamic","publicIPAddress":{"id":"/subscriptions/00000000-0000-0000-0000-000000000000/resourceGroups/test_appgw_private_endpoint_with_overwrite_default000001/providers/Microsoft.Network/publicIPAddresses/appgw_ip"},"httpListeners":[{"id":"/subscriptions/00000000-0000-0000-0000-000000000000/resourceGroups/test_appgw_private_endpoint_with_overwrite_default000001/providers/Microsoft.Network/applicationGateways/appgw/httpListeners/appGatewayHttpListener"}],"privateLinkConfiguration":{"id":"/subscriptions/00000000-0000-0000-0000-000000000000/resourceGroups/test_appgw_private_endpoint_with_overwrite_default000001/providers/Microsoft.Network/applicationGateways/appgw/privateLinkConfigurations/PrivateLinkDefaultConfiguration"}}}],"frontendPorts":[{"name":"appGatewayFrontendPort","id":"/subscriptions/00000000-0000-0000-0000-000000000000/resourceGroups/test_appgw_private_endpoint_with_overwrite_default000001/providers/Microsoft.Network/applicationGateways/appgw/frontendPorts/appGatewayFrontendPort","etag":"W/\"7f0bead2-3446-4d17-98c1-cdebfcad8460\"","properties":{"provisioningState":"Succeeded","port":80,"httpListeners":[{"id":"/subscriptions/00000000-0000-0000-0000-000000000000/resourceGroups/test_appgw_private_endpoint_with_overwrite_default000001/providers/Microsoft.Network/applicationGateways/appgw/httpListeners/appGatewayHttpListener"}]},"type":"Microsoft.Network/applicationGateways/frontendPorts"}],"backendAddressPools":[{"name":"appGatewayBackendPool","id":"/subscriptions/00000000-0000-0000-0000-000000000000/resourceGroups/test_appgw_private_endpoint_with_overwrite_default000001/providers/Microsoft.Network/applicationGateways/appgw/backendAddressPools/appGatewayBackendPool","etag":"W/\"7f0bead2-3446-4d17-98c1-cdebfcad8460\"","properties":{"provisioningState":"Succeeded","backendAddresses":[],"requestRoutingRules":[{"id":"/subscriptions/00000000-0000-0000-0000-000000000000/resourceGroups/test_appgw_private_endpoint_with_overwrite_default000001/providers/Microsoft.Network/applicationGateways/appgw/requestRoutingRules/rule1"}]},"type":"Microsoft.Network/applicationGateways/backendAddressPools"}],"loadDistributionPolicies":[],"backendHttpSettingsCollection":[{"name":"appGatewayBackendHttpSettings","id":"/subscriptions/00000000-0000-0000-0000-000000000000/resourceGroups/test_appgw_private_endpoint_with_overwrite_default000001/providers/Microsoft.Network/applicationGateways/appgw/backendHttpSettingsCollection/appGatewayBackendHttpSettings","etag":"W/\"7f0bead2-3446-4d17-98c1-cdebfcad8460\"","properties":{"provisioningState":"Succeeded","port":80,"protocol":"Http","cookieBasedAffinity":"Disabled","connectionDraining":{"enabled":false,"drainTimeoutInSec":1},"pickHostNameFromBackendAddress":false,"requestTimeout":30,"requestRoutingRules":[{"id":"/subscriptions/00000000-0000-0000-0000-000000000000/resourceGroups/test_appgw_private_endpoint_with_overwrite_default000001/providers/Microsoft.Network/applicationGateways/appgw/requestRoutingRules/rule1"}]},"type":"Microsoft.Network/applicationGateways/backendHttpSettingsCollection"}],"httpListeners":[{"name":"appGatewayHttpListener","id":"/subscriptions/00000000-0000-0000-0000-000000000000/resourceGroups/test_appgw_private_endpoint_with_overwrite_default000001/providers/Microsoft.Network/applicationGateways/appgw/httpListeners/appGatewayHttpListener","etag":"W/\"7f0bead2-3446-4d17-98c1-cdebfcad8460\"","properties":{"provisioningState":"Succeeded","frontendIPConfiguration":{"id":"/subscriptions/00000000-0000-0000-0000-000000000000/resourceGroups/test_appgw_private_endpoint_with_overwrite_default000001/providers/Microsoft.Network/applicationGateways/appgw/frontendIPConfigurations/appGatewayFrontendIP"},"frontendPort":{"id":"/subscriptions/00000000-0000-0000-0000-000000000000/resourceGroups/test_appgw_private_endpoint_with_overwrite_default000001/providers/Microsoft.Network/applicationGateways/appgw/frontendPorts/appGatewayFrontendPort"},"protocol":"Http","hostNames":[],"requireServerNameIndication":false,"requestRoutingRules":[{"id":"/subscriptions/00000000-0000-0000-0000-000000000000/resourceGroups/test_appgw_private_endpoint_with_overwrite_default000001/providers/Microsoft.Network/applicationGateways/appgw/requestRoutingRules/rule1"}]},"type":"Microsoft.Network/applicationGateways/httpListeners"}],"urlPathMaps":[],"requestRoutingRules":[{"name":"rule1","id":"/subscriptions/00000000-0000-0000-0000-000000000000/resourceGroups/test_appgw_private_endpoint_with_overwrite_default000001/providers/Microsoft.Network/applicationGateways/appgw/requestRoutingRules/rule1","etag":"W/\"7f0bead2-3446-4d17-98c1-cdebfcad8460\"","properties":{"provisioningState":"Succeeded","ruleType":"Basic","httpListener":{"id":"/subscriptions/00000000-0000-0000-0000-000000000000/resourceGroups/test_appgw_private_endpoint_with_overwrite_default000001/providers/Microsoft.Network/applicationGateways/appgw/httpListeners/appGatewayHttpListener"},"backendAddressPool":{"id":"/subscriptions/00000000-0000-0000-0000-000000000000/resourceGroups/test_appgw_private_endpoint_with_overwrite_default000001/providers/Microsoft.Network/applicationGateways/appgw/backendAddressPools/appGatewayBackendPool"},"backendHttpSettings":{"id":"/subscriptions/00000000-0000-0000-0000-000000000000/resourceGroups/test_appgw_private_endpoint_with_overwrite_default000001/providers/Microsoft.Network/applicationGateways/appgw/backendHttpSettingsCollection/appGatewayBackendHttpSettings"}},"type":"Microsoft.Network/applicationGateways/requestRoutingRules"}],"probes":[],"rewriteRuleSets":[],"redirectConfigurations":[],"privateLinkConfigurations":[{"name":"PrivateLinkDefaultConfiguration","id":"/subscriptions/00000000-0000-0000-0000-000000000000/resourceGroups/test_appgw_private_endpoint_with_overwrite_default000001/providers/Microsoft.Network/applicationGateways/appgw/privateLinkConfigurations/PrivateLinkDefaultConfiguration","etag":"W/\"7f0bead2-3446-4d17-98c1-cdebfcad8460\"","type":"Microsoft.Network/applicationGateways/privateLinkConfigurations","properties":{"provisioningState":"Succeeded","ipConfigurations":[{"name":"PrivateLinkDefaultIPConfiguration","id":"/subscriptions/00000000-0000-0000-0000-000000000000/resourceGroups/test_appgw_private_endpoint_with_overwrite_default000001/providers/Microsoft.Network/applicationGateways/appgw/privateLinkConfigurations/PrivateLinkDefaultConfiguration/ipConfigurations/PrivateLinkDefaultIPConfiguration","etag":"W/\"7f0bead2-3446-4d17-98c1-cdebfcad8460\"","type":"Microsoft.Network/applicationGateways/privateLinkConfigurations/ipConfigurations","properties":{"provisioningState":"Succeeded","privateIPAllocationMethod":"Dynamic","primary":true,"subnet":{"id":"/subscriptions/00000000-0000-0000-0000-000000000000/resourceGroups/test_appgw_private_endpoint_with_overwrite_default000001/providers/Microsoft.Network/virtualNetworks/appgwVnet/subnets/YetAnotherSubnetName"}}}],"frontendIpConfigurations":[{"id":"/subscriptions/00000000-0000-0000-0000-000000000000/resourceGroups/test_appgw_private_endpoint_with_overwrite_default000001/providers/Microsoft.Network/applicationGateways/appgw/frontendIPConfigurations/appGatewayFrontendIP"}]}}],"privateEndpointConnections":[]}}},"outputResources":[{"id":"/subscriptions/00000000-0000-0000-0000-000000000000/resourceGroups/test_appgw_private_endpoint_with_overwrite_default000001/providers/Microsoft.Network/applicationGateways/appgw"},{"id":"/subscriptions/00000000-0000-0000-0000-000000000000/resourceGroups/test_appgw_private_endpoint_with_overwrite_default000001/providers/Microsoft.Network/virtualNetworks/appgwVnet"}]}}'
    headers:
      cache-control:
      - no-cache
      content-length:
      - '10938'
      content-type:
      - application/json; charset=utf-8
      date:
      - Fri, 14 May 2021 07:47:35 GMT
      expires:
      - '-1'
      pragma:
      - no-cache
      strict-transport-security:
      - max-age=31536000; includeSubDomains
      vary:
      - Accept-Encoding
      x-content-type-options:
      - nosniff
    status:
      code: 200
      message: OK
- request:
    body: null
    headers:
      Accept:
      - application/json
      Accept-Encoding:
      - gzip, deflate
      CommandName:
      - network application-gateway show
      Connection:
      - keep-alive
      ParameterSetName:
      - -g -n
      User-Agent:
      - AZURECLI/2.23.0 azsdk-python-azure-mgmt-network/18.0.0 Python/3.7.3 (Windows-10-10.0.19041-SP0)
    method: GET
    uri: https://management.azure.com/subscriptions/00000000-0000-0000-0000-000000000000/resourceGroups/test_appgw_private_endpoint_with_overwrite_default000001/providers/Microsoft.Network/applicationGateways/appgw?api-version=2021-02-01
  response:
    body:
      string: "{\r\n  \"name\": \"appgw\",\r\n  \"id\": \"/subscriptions/00000000-0000-0000-0000-000000000000/resourceGroups/test_appgw_private_endpoint_with_overwrite_default000001/providers/Microsoft.Network/applicationGateways/appgw\",\r\n
        \ \"etag\": \"W/\\\"7f0bead2-3446-4d17-98c1-cdebfcad8460\\\"\",\r\n  \"type\":
        \"Microsoft.Network/applicationGateways\",\r\n  \"location\": \"westus\",\r\n
        \ \"tags\": {},\r\n  \"properties\": {\r\n    \"provisioningState\": \"Succeeded\",\r\n
        \   \"resourceGuid\": \"dd268751-eff8-4bd8-95fa-5278ddaeac2b\",\r\n    \"sku\":
        {\r\n      \"name\": \"Standard_v2\",\r\n      \"tier\": \"Standard_v2\",\r\n
        \     \"capacity\": 2\r\n    },\r\n    \"operationalState\": \"Running\",\r\n
        \   \"gatewayIPConfigurations\": [\r\n      {\r\n        \"name\": \"appGatewayFrontendIP\",\r\n
        \       \"id\": \"/subscriptions/00000000-0000-0000-0000-000000000000/resourceGroups/test_appgw_private_endpoint_with_overwrite_default000001/providers/Microsoft.Network/applicationGateways/appgw/gatewayIPConfigurations/appGatewayFrontendIP\",\r\n
        \       \"etag\": \"W/\\\"7f0bead2-3446-4d17-98c1-cdebfcad8460\\\"\",\r\n
        \       \"properties\": {\r\n          \"provisioningState\": \"Succeeded\",\r\n
        \         \"subnet\": {\r\n            \"id\": \"/subscriptions/00000000-0000-0000-0000-000000000000/resourceGroups/test_appgw_private_endpoint_with_overwrite_default000001/providers/Microsoft.Network/virtualNetworks/appgwVnet/subnets/default\"\r\n
        \         }\r\n        },\r\n        \"type\": \"Microsoft.Network/applicationGateways/gatewayIPConfigurations\"\r\n
        \     }\r\n    ],\r\n    \"sslCertificates\": [],\r\n    \"trustedRootCertificates\":
        [],\r\n    \"trustedClientCertificates\": [],\r\n    \"sslProfiles\": [],\r\n
        \   \"frontendIPConfigurations\": [\r\n      {\r\n        \"name\": \"appGatewayFrontendIP\",\r\n
        \       \"id\": \"/subscriptions/00000000-0000-0000-0000-000000000000/resourceGroups/test_appgw_private_endpoint_with_overwrite_default000001/providers/Microsoft.Network/applicationGateways/appgw/frontendIPConfigurations/appGatewayFrontendIP\",\r\n
        \       \"etag\": \"W/\\\"7f0bead2-3446-4d17-98c1-cdebfcad8460\\\"\",\r\n
        \       \"type\": \"Microsoft.Network/applicationGateways/frontendIPConfigurations\",\r\n
        \       \"properties\": {\r\n          \"provisioningState\": \"Succeeded\",\r\n
        \         \"privateIPAllocationMethod\": \"Dynamic\",\r\n          \"publicIPAddress\":
        {\r\n            \"id\": \"/subscriptions/00000000-0000-0000-0000-000000000000/resourceGroups/test_appgw_private_endpoint_with_overwrite_default000001/providers/Microsoft.Network/publicIPAddresses/appgw_ip\"\r\n
        \         },\r\n          \"httpListeners\": [\r\n            {\r\n              \"id\":
        \"/subscriptions/00000000-0000-0000-0000-000000000000/resourceGroups/test_appgw_private_endpoint_with_overwrite_default000001/providers/Microsoft.Network/applicationGateways/appgw/httpListeners/appGatewayHttpListener\"\r\n
        \           }\r\n          ],\r\n          \"privateLinkConfiguration\": {\r\n
        \           \"id\": \"/subscriptions/00000000-0000-0000-0000-000000000000/resourceGroups/test_appgw_private_endpoint_with_overwrite_default000001/providers/Microsoft.Network/applicationGateways/appgw/privateLinkConfigurations/PrivateLinkDefaultConfiguration\"\r\n
        \         }\r\n        }\r\n      }\r\n    ],\r\n    \"frontendPorts\": [\r\n
        \     {\r\n        \"name\": \"appGatewayFrontendPort\",\r\n        \"id\":
        \"/subscriptions/00000000-0000-0000-0000-000000000000/resourceGroups/test_appgw_private_endpoint_with_overwrite_default000001/providers/Microsoft.Network/applicationGateways/appgw/frontendPorts/appGatewayFrontendPort\",\r\n
        \       \"etag\": \"W/\\\"7f0bead2-3446-4d17-98c1-cdebfcad8460\\\"\",\r\n
        \       \"properties\": {\r\n          \"provisioningState\": \"Succeeded\",\r\n
        \         \"port\": 80,\r\n          \"httpListeners\": [\r\n            {\r\n
        \             \"id\": \"/subscriptions/00000000-0000-0000-0000-000000000000/resourceGroups/test_appgw_private_endpoint_with_overwrite_default000001/providers/Microsoft.Network/applicationGateways/appgw/httpListeners/appGatewayHttpListener\"\r\n
        \           }\r\n          ]\r\n        },\r\n        \"type\": \"Microsoft.Network/applicationGateways/frontendPorts\"\r\n
        \     }\r\n    ],\r\n    \"backendAddressPools\": [\r\n      {\r\n        \"name\":
        \"appGatewayBackendPool\",\r\n        \"id\": \"/subscriptions/00000000-0000-0000-0000-000000000000/resourceGroups/test_appgw_private_endpoint_with_overwrite_default000001/providers/Microsoft.Network/applicationGateways/appgw/backendAddressPools/appGatewayBackendPool\",\r\n
        \       \"etag\": \"W/\\\"7f0bead2-3446-4d17-98c1-cdebfcad8460\\\"\",\r\n
        \       \"properties\": {\r\n          \"provisioningState\": \"Succeeded\",\r\n
        \         \"backendAddresses\": [],\r\n          \"requestRoutingRules\":
        [\r\n            {\r\n              \"id\": \"/subscriptions/00000000-0000-0000-0000-000000000000/resourceGroups/test_appgw_private_endpoint_with_overwrite_default000001/providers/Microsoft.Network/applicationGateways/appgw/requestRoutingRules/rule1\"\r\n
        \           }\r\n          ]\r\n        },\r\n        \"type\": \"Microsoft.Network/applicationGateways/backendAddressPools\"\r\n
        \     }\r\n    ],\r\n    \"loadDistributionPolicies\": [],\r\n    \"backendHttpSettingsCollection\":
        [\r\n      {\r\n        \"name\": \"appGatewayBackendHttpSettings\",\r\n        \"id\":
        \"/subscriptions/00000000-0000-0000-0000-000000000000/resourceGroups/test_appgw_private_endpoint_with_overwrite_default000001/providers/Microsoft.Network/applicationGateways/appgw/backendHttpSettingsCollection/appGatewayBackendHttpSettings\",\r\n
        \       \"etag\": \"W/\\\"7f0bead2-3446-4d17-98c1-cdebfcad8460\\\"\",\r\n
        \       \"properties\": {\r\n          \"provisioningState\": \"Succeeded\",\r\n
        \         \"port\": 80,\r\n          \"protocol\": \"Http\",\r\n          \"cookieBasedAffinity\":
        \"Disabled\",\r\n          \"connectionDraining\": {\r\n            \"enabled\":
        false,\r\n            \"drainTimeoutInSec\": 1\r\n          },\r\n          \"pickHostNameFromBackendAddress\":
        false,\r\n          \"requestTimeout\": 30,\r\n          \"requestRoutingRules\":
        [\r\n            {\r\n              \"id\": \"/subscriptions/00000000-0000-0000-0000-000000000000/resourceGroups/test_appgw_private_endpoint_with_overwrite_default000001/providers/Microsoft.Network/applicationGateways/appgw/requestRoutingRules/rule1\"\r\n
        \           }\r\n          ]\r\n        },\r\n        \"type\": \"Microsoft.Network/applicationGateways/backendHttpSettingsCollection\"\r\n
        \     }\r\n    ],\r\n    \"httpListeners\": [\r\n      {\r\n        \"name\":
        \"appGatewayHttpListener\",\r\n        \"id\": \"/subscriptions/00000000-0000-0000-0000-000000000000/resourceGroups/test_appgw_private_endpoint_with_overwrite_default000001/providers/Microsoft.Network/applicationGateways/appgw/httpListeners/appGatewayHttpListener\",\r\n
        \       \"etag\": \"W/\\\"7f0bead2-3446-4d17-98c1-cdebfcad8460\\\"\",\r\n
        \       \"properties\": {\r\n          \"provisioningState\": \"Succeeded\",\r\n
        \         \"frontendIPConfiguration\": {\r\n            \"id\": \"/subscriptions/00000000-0000-0000-0000-000000000000/resourceGroups/test_appgw_private_endpoint_with_overwrite_default000001/providers/Microsoft.Network/applicationGateways/appgw/frontendIPConfigurations/appGatewayFrontendIP\"\r\n
        \         },\r\n          \"frontendPort\": {\r\n            \"id\": \"/subscriptions/00000000-0000-0000-0000-000000000000/resourceGroups/test_appgw_private_endpoint_with_overwrite_default000001/providers/Microsoft.Network/applicationGateways/appgw/frontendPorts/appGatewayFrontendPort\"\r\n
        \         },\r\n          \"protocol\": \"Http\",\r\n          \"hostNames\":
        [],\r\n          \"requireServerNameIndication\": false,\r\n          \"requestRoutingRules\":
        [\r\n            {\r\n              \"id\": \"/subscriptions/00000000-0000-0000-0000-000000000000/resourceGroups/test_appgw_private_endpoint_with_overwrite_default000001/providers/Microsoft.Network/applicationGateways/appgw/requestRoutingRules/rule1\"\r\n
        \           }\r\n          ]\r\n        },\r\n        \"type\": \"Microsoft.Network/applicationGateways/httpListeners\"\r\n
        \     }\r\n    ],\r\n    \"urlPathMaps\": [],\r\n    \"requestRoutingRules\":
        [\r\n      {\r\n        \"name\": \"rule1\",\r\n        \"id\": \"/subscriptions/00000000-0000-0000-0000-000000000000/resourceGroups/test_appgw_private_endpoint_with_overwrite_default000001/providers/Microsoft.Network/applicationGateways/appgw/requestRoutingRules/rule1\",\r\n
        \       \"etag\": \"W/\\\"7f0bead2-3446-4d17-98c1-cdebfcad8460\\\"\",\r\n
        \       \"properties\": {\r\n          \"provisioningState\": \"Succeeded\",\r\n
        \         \"ruleType\": \"Basic\",\r\n          \"httpListener\": {\r\n            \"id\":
        \"/subscriptions/00000000-0000-0000-0000-000000000000/resourceGroups/test_appgw_private_endpoint_with_overwrite_default000001/providers/Microsoft.Network/applicationGateways/appgw/httpListeners/appGatewayHttpListener\"\r\n
        \         },\r\n          \"backendAddressPool\": {\r\n            \"id\":
        \"/subscriptions/00000000-0000-0000-0000-000000000000/resourceGroups/test_appgw_private_endpoint_with_overwrite_default000001/providers/Microsoft.Network/applicationGateways/appgw/backendAddressPools/appGatewayBackendPool\"\r\n
        \         },\r\n          \"backendHttpSettings\": {\r\n            \"id\":
        \"/subscriptions/00000000-0000-0000-0000-000000000000/resourceGroups/test_appgw_private_endpoint_with_overwrite_default000001/providers/Microsoft.Network/applicationGateways/appgw/backendHttpSettingsCollection/appGatewayBackendHttpSettings\"\r\n
        \         }\r\n        },\r\n        \"type\": \"Microsoft.Network/applicationGateways/requestRoutingRules\"\r\n
        \     }\r\n    ],\r\n    \"probes\": [],\r\n    \"rewriteRuleSets\": [],\r\n
        \   \"redirectConfigurations\": [],\r\n    \"privateLinkConfigurations\":
        [\r\n      {\r\n        \"name\": \"PrivateLinkDefaultConfiguration\",\r\n
        \       \"id\": \"/subscriptions/00000000-0000-0000-0000-000000000000/resourceGroups/test_appgw_private_endpoint_with_overwrite_default000001/providers/Microsoft.Network/applicationGateways/appgw/privateLinkConfigurations/PrivateLinkDefaultConfiguration\",\r\n
        \       \"etag\": \"W/\\\"7f0bead2-3446-4d17-98c1-cdebfcad8460\\\"\",\r\n
        \       \"type\": \"Microsoft.Network/applicationGateways/privateLinkConfigurations\",\r\n
        \       \"properties\": {\r\n          \"provisioningState\": \"Succeeded\",\r\n
        \         \"ipConfigurations\": [\r\n            {\r\n              \"name\":
        \"PrivateLinkDefaultIPConfiguration\",\r\n              \"id\": \"/subscriptions/00000000-0000-0000-0000-000000000000/resourceGroups/test_appgw_private_endpoint_with_overwrite_default000001/providers/Microsoft.Network/applicationGateways/appgw/privateLinkConfigurations/PrivateLinkDefaultConfiguration/ipConfigurations/PrivateLinkDefaultIPConfiguration\",\r\n
        \             \"etag\": \"W/\\\"7f0bead2-3446-4d17-98c1-cdebfcad8460\\\"\",\r\n
        \             \"type\": \"Microsoft.Network/applicationGateways/privateLinkConfigurations/ipConfigurations\",\r\n
        \             \"properties\": {\r\n                \"provisioningState\":
        \"Succeeded\",\r\n                \"privateIPAllocationMethod\": \"Dynamic\",\r\n
        \               \"primary\": true,\r\n                \"subnet\": {\r\n                  \"id\":
        \"/subscriptions/00000000-0000-0000-0000-000000000000/resourceGroups/test_appgw_private_endpoint_with_overwrite_default000001/providers/Microsoft.Network/virtualNetworks/appgwVnet/subnets/YetAnotherSubnetName\"\r\n
        \               }\r\n              }\r\n            }\r\n          ],\r\n
        \         \"frontendIpConfigurations\": [\r\n            {\r\n              \"id\":
        \"/subscriptions/00000000-0000-0000-0000-000000000000/resourceGroups/test_appgw_private_endpoint_with_overwrite_default000001/providers/Microsoft.Network/applicationGateways/appgw/frontendIPConfigurations/appGatewayFrontendIP\"\r\n
        \           }\r\n          ]\r\n        }\r\n      }\r\n    ],\r\n    \"privateEndpointConnections\":
        []\r\n  }\r\n}"
    headers:
      cache-control:
      - no-cache
      content-length:
      - '11696'
      content-type:
      - application/json; charset=utf-8
      date:
      - Fri, 14 May 2021 07:47:36 GMT
      etag:
      - W/"7f0bead2-3446-4d17-98c1-cdebfcad8460"
      expires:
      - '-1'
      pragma:
      - no-cache
      server:
      - Microsoft-HTTPAPI/2.0
      - Microsoft-HTTPAPI/2.0
      strict-transport-security:
      - max-age=31536000; includeSubDomains
      transfer-encoding:
      - chunked
      vary:
      - Accept-Encoding
      x-content-type-options:
      - nosniff
      x-ms-arm-service-request-id:
      - 4b855e86-39eb-4d8d-a5a7-49c37363599f
    status:
      code: 200
      message: OK
- request:
    body: null
    headers:
      Accept:
      - application/json
      Accept-Encoding:
      - gzip, deflate
      CommandName:
      - network vnet show
      Connection:
      - keep-alive
      ParameterSetName:
      - -g -n
      User-Agent:
      - AZURECLI/2.23.0 azsdk-python-azure-mgmt-network/18.0.0 Python/3.7.3 (Windows-10-10.0.19041-SP0)
    method: GET
    uri: https://management.azure.com/subscriptions/00000000-0000-0000-0000-000000000000/resourceGroups/test_appgw_private_endpoint_with_overwrite_default000001/providers/Microsoft.Network/virtualNetworks/appgwVnet?api-version=2021-02-01
  response:
    body:
      string: "{\r\n  \"name\": \"appgwVnet\",\r\n  \"id\": \"/subscriptions/00000000-0000-0000-0000-000000000000/resourceGroups/test_appgw_private_endpoint_with_overwrite_default000001/providers/Microsoft.Network/virtualNetworks/appgwVnet\",\r\n
        \ \"etag\": \"W/\\\"2a696189-f43a-4053-a24e-127c3c89cdbc\\\"\",\r\n  \"type\":
        \"Microsoft.Network/virtualNetworks\",\r\n  \"location\": \"westus\",\r\n
        \ \"tags\": {},\r\n  \"properties\": {\r\n    \"provisioningState\": \"Succeeded\",\r\n
        \   \"resourceGuid\": \"bace9a05-cb9c-46ae-a5ec-cdc42cc75e13\",\r\n    \"addressSpace\":
        {\r\n      \"addressPrefixes\": [\r\n        \"10.0.0.0/16\"\r\n      ]\r\n
        \   },\r\n    \"subnets\": [\r\n      {\r\n        \"name\": \"default\",\r\n
        \       \"id\": \"/subscriptions/00000000-0000-0000-0000-000000000000/resourceGroups/test_appgw_private_endpoint_with_overwrite_default000001/providers/Microsoft.Network/virtualNetworks/appgwVnet/subnets/default\",\r\n
        \       \"etag\": \"W/\\\"2a696189-f43a-4053-a24e-127c3c89cdbc\\\"\",\r\n
        \       \"properties\": {\r\n          \"provisioningState\": \"Succeeded\",\r\n
        \         \"addressPrefix\": \"10.0.0.0/24\",\r\n          \"applicationGatewayIPConfigurations\":
        [\r\n            {\r\n              \"id\": \"/subscriptions/00000000-0000-0000-0000-000000000000/resourceGroups/test_appgw_private_endpoint_with_overwrite_default000001/providers/Microsoft.Network/applicationGateways/appgw/gatewayIPConfigurations/appGatewayFrontendIP\"\r\n
        \           }\r\n          ],\r\n          \"delegations\": [],\r\n          \"privateEndpointNetworkPolicies\":
        \"Enabled\",\r\n          \"privateLinkServiceNetworkPolicies\": \"Enabled\"\r\n
        \       },\r\n        \"type\": \"Microsoft.Network/virtualNetworks/subnets\"\r\n
        \     },\r\n      {\r\n        \"name\": \"YetAnotherSubnetName\",\r\n        \"id\":
        \"/subscriptions/00000000-0000-0000-0000-000000000000/resourceGroups/test_appgw_private_endpoint_with_overwrite_default000001/providers/Microsoft.Network/virtualNetworks/appgwVnet/subnets/YetAnotherSubnetName\",\r\n
        \       \"etag\": \"W/\\\"2a696189-f43a-4053-a24e-127c3c89cdbc\\\"\",\r\n
        \       \"properties\": {\r\n          \"provisioningState\": \"Succeeded\",\r\n
        \         \"addressPrefix\": \"10.0.2.0/24\",\r\n          \"privateLinkIpConfigurations\":
        [\r\n            {\r\n              \"id\": \"/subscriptions/00000000-0000-0000-0000-000000000000/resourceGroups/test_appgw_private_endpoint_with_overwrite_default000001/providers/Microsoft.Network/applicationGateways/appgw/privateLinkConfigurations/PrivateLinkDefaultConfiguration/ipConfigurations/PrivateLinkDefaultIPConfiguration\"\r\n
        \           }\r\n          ],\r\n          \"delegations\": [],\r\n          \"privateEndpointNetworkPolicies\":
        \"Enabled\",\r\n          \"privateLinkServiceNetworkPolicies\": \"Disabled\"\r\n
        \       },\r\n        \"type\": \"Microsoft.Network/virtualNetworks/subnets\"\r\n
        \     }\r\n    ],\r\n    \"virtualNetworkPeerings\": [],\r\n    \"enableDdosProtection\":
        false\r\n  }\r\n}"
    headers:
      cache-control:
      - no-cache
      content-length:
      - '2838'
      content-type:
      - application/json; charset=utf-8
      date:
      - Fri, 14 May 2021 07:47:37 GMT
      etag:
      - W/"2a696189-f43a-4053-a24e-127c3c89cdbc"
      expires:
      - '-1'
      pragma:
      - no-cache
      server:
      - Microsoft-HTTPAPI/2.0
      - Microsoft-HTTPAPI/2.0
      strict-transport-security:
      - max-age=31536000; includeSubDomains
      transfer-encoding:
      - chunked
      vary:
      - Accept-Encoding
      x-content-type-options:
      - nosniff
      x-ms-arm-service-request-id:
      - 3b577799-317d-4d98-911d-89efab66b6ca
    status:
      code: 200
      message: OK
- request:
    body: null
    headers:
      Accept:
      - '*/*'
      Accept-Encoding:
      - gzip, deflate
      CommandName:
      - network private-link-resource list
      Connection:
      - keep-alive
      ParameterSetName:
      - --id
      User-Agent:
      - python/3.7.3 (Windows-10-10.0.19041-SP0) AZURECLI/2.23.0
    method: GET
    uri: https://management.azure.com/subscriptions/00000000-0000-0000-0000-000000000000/resourceGroups/test_appgw_private_endpoint_with_overwrite_default000001/providers/Microsoft.Network/applicationGateways/appgw/privateLinkResources?api-version=2020-05-01
  response:
    body:
      string: "{\r\n  \"value\": [\r\n    {\r\n      \"name\": \"appGatewayFrontendIP\",\r\n
        \     \"id\": \"/subscriptions/00000000-0000-0000-0000-000000000000/resourceGroups/test_appgw_private_endpoint_with_overwrite_default000001/providers/Microsoft.Network/applicationGateways/appgw/privateLinkResources/appGatewayFrontendIP\",\r\n
        \     \"properties\": {\r\n        \"groupId\": \"appGatewayFrontendIP\",\r\n
        \       \"requiredMembers\": [\r\n          \"appGatewayFrontendIP\"\r\n        ],\r\n
        \       \"requiredZoneNames\": []\r\n      },\r\n      \"type\": \"Microsoft.Network/applicationGateways/privateLinkResources\"\r\n
        \   }\r\n  ]\r\n}"
    headers:
      cache-control:
      - no-cache
      content-length:
      - '593'
      content-type:
      - application/json; charset=utf-8
      date:
      - Fri, 14 May 2021 07:47:38 GMT
      expires:
      - '-1'
      pragma:
      - no-cache
      server:
      - Microsoft-HTTPAPI/2.0
      - Microsoft-HTTPAPI/2.0
      strict-transport-security:
      - max-age=31536000; includeSubDomains
      transfer-encoding:
      - chunked
      vary:
      - Accept-Encoding
      x-content-type-options:
      - nosniff
      x-ms-arm-service-request-id:
      - 0400c766-d697-41d5-bced-b948b3e46093
    status:
      code: 200
      message: OK
- request:
    body: null
    headers:
      Accept:
      - application/json
      Accept-Encoding:
      - gzip, deflate
      CommandName:
      - network private-endpoint create
      Connection:
      - keep-alive
      ParameterSetName:
      - -g -n --connection-name --vnet-name --subnet --private-connection-resource-id
        --group-id
      User-Agent:
      - AZURECLI/2.23.0 azsdk-python-azure-mgmt-resource/16.1.0 Python/3.7.3 (Windows-10-10.0.19041-SP0)
    method: GET
    uri: https://management.azure.com/subscriptions/00000000-0000-0000-0000-000000000000/resourcegroups/test_appgw_private_endpoint_with_overwrite_default000001?api-version=2021-04-01
  response:
    body:
      string: '{"id":"/subscriptions/00000000-0000-0000-0000-000000000000/resourceGroups/test_appgw_private_endpoint_with_overwrite_default000001","name":"test_appgw_private_endpoint_with_overwrite_default000001","type":"Microsoft.Resources/resourceGroups","location":"westus","tags":{"product":"azurecli","cause":"automation","date":"2021-05-14T07:40:58Z"},"properties":{"provisioningState":"Succeeded"}}'
    headers:
      cache-control:
      - no-cache
      content-length:
      - '428'
      content-type:
      - application/json; charset=utf-8
      date:
      - Fri, 14 May 2021 07:47:38 GMT
      expires:
      - '-1'
      pragma:
      - no-cache
      strict-transport-security:
      - max-age=31536000; includeSubDomains
      vary:
      - Accept-Encoding
      x-content-type-options:
      - nosniff
    status:
      code: 200
      message: OK
- request:
    body: '{"location": "westus", "properties": {"subnet": {"id": "/subscriptions/00000000-0000-0000-0000-000000000000/resourceGroups/test_appgw_private_endpoint_with_overwrite_default000001/providers/Microsoft.Network/virtualNetworks/appgw_private_endpoint_vnet/subnets/appgw_private_endpoint_subnet",
      "properties": {"privateEndpointNetworkPolicies": "Enabled", "privateLinkServiceNetworkPolicies":
      "Enabled"}}, "privateLinkServiceConnections": [{"name": "appgw_private_endpoint_connection",
      "properties": {"privateLinkServiceId": "/subscriptions/00000000-0000-0000-0000-000000000000/resourceGroups/test_appgw_private_endpoint_with_overwrite_default000001/providers/Microsoft.Network/applicationGateways/appgw",
      "groupIds": ["appGatewayFrontendIP"]}}]}}'
    headers:
      Accept:
      - application/json
      Accept-Encoding:
      - gzip, deflate
      CommandName:
      - network private-endpoint create
      Connection:
      - keep-alive
      Content-Length:
      - '781'
      Content-Type:
      - application/json
      ParameterSetName:
      - -g -n --connection-name --vnet-name --subnet --private-connection-resource-id
        --group-id
      User-Agent:
      - AZURECLI/2.23.0 azsdk-python-azure-mgmt-network/18.0.0 Python/3.7.3 (Windows-10-10.0.19041-SP0)
    method: PUT
    uri: https://management.azure.com/subscriptions/00000000-0000-0000-0000-000000000000/resourceGroups/test_appgw_private_endpoint_with_overwrite_default000001/providers/Microsoft.Network/privateEndpoints/appgw_private_endpoint?api-version=2021-02-01
  response:
    body:
      string: "{\r\n  \"name\": \"appgw_private_endpoint\",\r\n  \"id\": \"/subscriptions/00000000-0000-0000-0000-000000000000/resourceGroups/test_appgw_private_endpoint_with_overwrite_default000001/providers/Microsoft.Network/privateEndpoints/appgw_private_endpoint\",\r\n
        \ \"etag\": \"W/\\\"2f3b871c-506b-403a-a519-e3c8cd2d2508\\\"\",\r\n  \"type\":
        \"Microsoft.Network/privateEndpoints\",\r\n  \"location\": \"westus\",\r\n
        \ \"properties\": {\r\n    \"provisioningState\": \"Updating\",\r\n    \"resourceGuid\":
        \"1c8ba9b2-1045-4059-bec0-580fbbc39105\",\r\n    \"privateLinkServiceConnections\":
        [\r\n      {\r\n        \"name\": \"appgw_private_endpoint_connection\",\r\n
        \       \"id\": \"/subscriptions/00000000-0000-0000-0000-000000000000/resourceGroups/test_appgw_private_endpoint_with_overwrite_default000001/providers/Microsoft.Network/privateEndpoints/appgw_private_endpoint/privateLinkServiceConnections/appgw_private_endpoint_connection\",\r\n
        \       \"etag\": \"W/\\\"2f3b871c-506b-403a-a519-e3c8cd2d2508\\\"\",\r\n
        \       \"properties\": {\r\n          \"provisioningState\": \"Succeeded\",\r\n
        \         \"privateLinkServiceId\": \"/subscriptions/00000000-0000-0000-0000-000000000000/resourceGroups/test_appgw_private_endpoint_with_overwrite_default000001/providers/Microsoft.Network/applicationGateways/appgw\",\r\n
        \         \"resolvedPrivateLinkServiceLocation\": \"westus\",\r\n          \"groupIds\":
        [\r\n            \"appGatewayFrontendIP\"\r\n          ],\r\n          \"privateLinkServiceConnectionState\":
        {\r\n            \"status\": \"Approved\",\r\n            \"description\":
        \"\",\r\n            \"actionsRequired\": \"None\"\r\n          }\r\n        },\r\n
        \       \"type\": \"Microsoft.Network/privateEndpoints/privateLinkServiceConnections\"\r\n
        \     }\r\n    ],\r\n    \"manualPrivateLinkServiceConnections\": [],\r\n
        \   \"subnet\": {\r\n      \"id\": \"/subscriptions/00000000-0000-0000-0000-000000000000/resourceGroups/test_appgw_private_endpoint_with_overwrite_default000001/providers/Microsoft.Network/virtualNetworks/appgw_private_endpoint_vnet/subnets/appgw_private_endpoint_subnet\"\r\n
        \   },\r\n    \"networkInterfaces\": [\r\n      {\r\n        \"id\": \"/subscriptions/00000000-0000-0000-0000-000000000000/resourceGroups/test_appgw_private_endpoint_with_overwrite_default000001/providers/Microsoft.Network/networkInterfaces/appgw_private_endpoint.nic.c0feedd7-428b-47ee-9a93-083d35462ddf\"\r\n
        \     }\r\n    ],\r\n    \"customDnsConfigs\": []\r\n  }\r\n}"
    headers:
      azure-asyncnotification:
      - Enabled
      azure-asyncoperation:
      - https://management.azure.com/subscriptions/00000000-0000-0000-0000-000000000000/providers/Microsoft.Network/locations/westus/operations/53ee9130-7618-419d-8829-057219a6c456?api-version=2021-02-01
      cache-control:
      - no-cache
      content-length:
      - '2391'
      content-type:
      - application/json; charset=utf-8
      date:
      - Fri, 14 May 2021 07:47:45 GMT
      expires:
      - '-1'
      pragma:
      - no-cache
      server:
      - Microsoft-HTTPAPI/2.0
      - Microsoft-HTTPAPI/2.0
      strict-transport-security:
      - max-age=31536000; includeSubDomains
      x-content-type-options:
      - nosniff
      x-ms-arm-service-request-id:
      - 26007c5c-490d-4e75-a5e9-421036ea4712
      x-ms-ratelimit-remaining-subscription-writes:
      - '1190'
    status:
      code: 201
      message: Created
- request:
    body: null
    headers:
      Accept:
      - '*/*'
      Accept-Encoding:
      - gzip, deflate
      CommandName:
      - network private-endpoint create
      Connection:
      - keep-alive
      ParameterSetName:
      - -g -n --connection-name --vnet-name --subnet --private-connection-resource-id
        --group-id
      User-Agent:
      - AZURECLI/2.23.0 azsdk-python-azure-mgmt-network/18.0.0 Python/3.7.3 (Windows-10-10.0.19041-SP0)
    method: GET
    uri: https://management.azure.com/subscriptions/00000000-0000-0000-0000-000000000000/providers/Microsoft.Network/locations/westus/operations/53ee9130-7618-419d-8829-057219a6c456?api-version=2021-02-01
  response:
    body:
      string: "{\r\n  \"status\": \"Succeeded\"\r\n}"
    headers:
      cache-control:
      - no-cache
      content-length:
      - '29'
      content-type:
      - application/json; charset=utf-8
      date:
      - Fri, 14 May 2021 07:47:55 GMT
      expires:
      - '-1'
      pragma:
      - no-cache
      server:
      - Microsoft-HTTPAPI/2.0
      - Microsoft-HTTPAPI/2.0
      strict-transport-security:
      - max-age=31536000; includeSubDomains
      transfer-encoding:
      - chunked
      vary:
      - Accept-Encoding
      x-content-type-options:
      - nosniff
      x-ms-arm-service-request-id:
      - b22924ab-fe70-4cf0-b750-2931c9742fb7
    status:
      code: 200
      message: OK
- request:
    body: null
    headers:
      Accept:
      - '*/*'
      Accept-Encoding:
      - gzip, deflate
      CommandName:
      - network private-endpoint create
      Connection:
      - keep-alive
      ParameterSetName:
      - -g -n --connection-name --vnet-name --subnet --private-connection-resource-id
        --group-id
      User-Agent:
      - AZURECLI/2.23.0 azsdk-python-azure-mgmt-network/18.0.0 Python/3.7.3 (Windows-10-10.0.19041-SP0)
    method: GET
    uri: https://management.azure.com/subscriptions/00000000-0000-0000-0000-000000000000/resourceGroups/test_appgw_private_endpoint_with_overwrite_default000001/providers/Microsoft.Network/privateEndpoints/appgw_private_endpoint?api-version=2021-02-01
  response:
    body:
      string: "{\r\n  \"name\": \"appgw_private_endpoint\",\r\n  \"id\": \"/subscriptions/00000000-0000-0000-0000-000000000000/resourceGroups/test_appgw_private_endpoint_with_overwrite_default000001/providers/Microsoft.Network/privateEndpoints/appgw_private_endpoint\",\r\n
        \ \"etag\": \"W/\\\"7bfa45cf-ccd1-4cee-a64d-8a4a85120b4c\\\"\",\r\n  \"type\":
        \"Microsoft.Network/privateEndpoints\",\r\n  \"location\": \"westus\",\r\n
        \ \"properties\": {\r\n    \"provisioningState\": \"Succeeded\",\r\n    \"resourceGuid\":
        \"1c8ba9b2-1045-4059-bec0-580fbbc39105\",\r\n    \"privateLinkServiceConnections\":
        [\r\n      {\r\n        \"name\": \"appgw_private_endpoint_connection\",\r\n
        \       \"id\": \"/subscriptions/00000000-0000-0000-0000-000000000000/resourceGroups/test_appgw_private_endpoint_with_overwrite_default000001/providers/Microsoft.Network/privateEndpoints/appgw_private_endpoint/privateLinkServiceConnections/appgw_private_endpoint_connection\",\r\n
        \       \"etag\": \"W/\\\"7bfa45cf-ccd1-4cee-a64d-8a4a85120b4c\\\"\",\r\n
        \       \"properties\": {\r\n          \"provisioningState\": \"Succeeded\",\r\n
        \         \"privateLinkServiceId\": \"/subscriptions/00000000-0000-0000-0000-000000000000/resourceGroups/test_appgw_private_endpoint_with_overwrite_default000001/providers/Microsoft.Network/applicationGateways/appgw\",\r\n
        \         \"resolvedPrivateLinkServiceLocation\": \"westus\",\r\n          \"groupIds\":
        [\r\n            \"appGatewayFrontendIP\"\r\n          ],\r\n          \"privateLinkServiceConnectionState\":
        {\r\n            \"status\": \"Approved\",\r\n            \"description\":
        \"\",\r\n            \"actionsRequired\": \"None\"\r\n          }\r\n        },\r\n
        \       \"type\": \"Microsoft.Network/privateEndpoints/privateLinkServiceConnections\"\r\n
        \     }\r\n    ],\r\n    \"manualPrivateLinkServiceConnections\": [],\r\n
        \   \"subnet\": {\r\n      \"id\": \"/subscriptions/00000000-0000-0000-0000-000000000000/resourceGroups/test_appgw_private_endpoint_with_overwrite_default000001/providers/Microsoft.Network/virtualNetworks/appgw_private_endpoint_vnet/subnets/appgw_private_endpoint_subnet\"\r\n
        \   },\r\n    \"networkInterfaces\": [\r\n      {\r\n        \"id\": \"/subscriptions/00000000-0000-0000-0000-000000000000/resourceGroups/test_appgw_private_endpoint_with_overwrite_default000001/providers/Microsoft.Network/networkInterfaces/appgw_private_endpoint.nic.c0feedd7-428b-47ee-9a93-083d35462ddf\"\r\n
        \     }\r\n    ],\r\n    \"customDnsConfigs\": []\r\n  }\r\n}"
    headers:
      cache-control:
      - no-cache
      content-length:
      - '2392'
      content-type:
      - application/json; charset=utf-8
      date:
      - Fri, 14 May 2021 07:47:56 GMT
      etag:
      - W/"7bfa45cf-ccd1-4cee-a64d-8a4a85120b4c"
      expires:
      - '-1'
      pragma:
      - no-cache
      server:
      - Microsoft-HTTPAPI/2.0
      - Microsoft-HTTPAPI/2.0
      strict-transport-security:
      - max-age=31536000; includeSubDomains
      transfer-encoding:
      - chunked
      vary:
      - Accept-Encoding
      x-content-type-options:
      - nosniff
      x-ms-arm-service-request-id:
      - 67591157-486b-4654-9b9d-9cb891220a93
    status:
      code: 200
      message: OK
- request:
    body: null
    headers:
      Accept:
      - '*/*'
      Accept-Encoding:
      - gzip, deflate
      CommandName:
      - network private-endpoint-connection list
      Connection:
      - keep-alive
      ParameterSetName:
      - --id
      User-Agent:
      - python/3.7.3 (Windows-10-10.0.19041-SP0) AZURECLI/2.23.0
    method: GET
    uri: https://management.azure.com/subscriptions/00000000-0000-0000-0000-000000000000/resourceGroups/test_appgw_private_endpoint_with_overwrite_default000001/providers/Microsoft.Network/applicationGateways/appgw/privateEndpointConnections?api-version=2020-05-01
  response:
    body:
      string: "{\r\n  \"value\": [\r\n    {\r\n      \"name\": \"appgw_private_endpoint.1c8ba9b2-1045-4059-bec0-580fbbc39105\",\r\n
        \     \"id\": \"/subscriptions/00000000-0000-0000-0000-000000000000/resourceGroups/test_appgw_private_endpoint_with_overwrite_default000001/providers/Microsoft.Network/applicationGateways/appgw/privateEndpointConnections/appgw_private_endpoint.1c8ba9b2-1045-4059-bec0-580fbbc39105\",\r\n
        \     \"properties\": {\r\n        \"provisioningState\": \"Succeeded\",\r\n
        \       \"privateEndpoint\": {\r\n          \"id\": \"/subscriptions/00000000-0000-0000-0000-000000000000/resourceGroups/test_appgw_private_endpoint_with_overwrite_default000001/providers/Microsoft.Network/privateEndpoints/appgw_private_endpoint\"\r\n
        \       },\r\n        \"privateLinkServiceConnectionState\": {\r\n          \"status\":
        \"Approved\",\r\n          \"description\": \"\",\r\n          \"actionsRequired\":
        \"None\"\r\n        },\r\n        \"linkIdentifier\": \"620824029\"\r\n      },\r\n
        \     \"type\": \"Microsoft.Network/applicationGateways/privateEndpointConnections\"\r\n
        \   }\r\n  ]\r\n}"
    headers:
      cache-control:
      - no-cache
      content-length:
      - '1044'
      content-type:
      - application/json; charset=utf-8
      date:
      - Fri, 14 May 2021 07:47:56 GMT
      expires:
      - '-1'
      pragma:
      - no-cache
      server:
      - Microsoft-HTTPAPI/2.0
      - Microsoft-HTTPAPI/2.0
      strict-transport-security:
      - max-age=31536000; includeSubDomains
      transfer-encoding:
      - chunked
      vary:
      - Accept-Encoding
      x-content-type-options:
      - nosniff
      x-ms-arm-service-request-id:
      - af054844-1999-41c1-8b1e-786e52dbe914
    status:
      code: 200
      message: OK
- request:
    body: null
    headers:
      Accept:
      - '*/*'
      Accept-Encoding:
      - gzip, deflate
      CommandName:
      - network private-endpoint-connection reject
      Connection:
      - keep-alive
      ParameterSetName:
      - --id
      User-Agent:
      - python/3.7.3 (Windows-10-10.0.19041-SP0) AZURECLI/2.23.0
    method: GET
    uri: https://management.azure.com/subscriptions/00000000-0000-0000-0000-000000000000/resourceGroups/test_appgw_private_endpoint_with_overwrite_default000001/providers/Microsoft.Network/applicationGateways/appgw/privateEndpointConnections/appgw_private_endpoint.1c8ba9b2-1045-4059-bec0-580fbbc39105?api-version=2020-05-01
  response:
    body:
      string: "{\r\n  \"name\": \"appgw_private_endpoint.1c8ba9b2-1045-4059-bec0-580fbbc39105\",\r\n
        \ \"id\": \"/subscriptions/00000000-0000-0000-0000-000000000000/resourceGroups/test_appgw_private_endpoint_with_overwrite_default000001/providers/Microsoft.Network/applicationGateways/appgw/privateEndpointConnections/appgw_private_endpoint.1c8ba9b2-1045-4059-bec0-580fbbc39105\",\r\n
        \ \"properties\": {\r\n    \"provisioningState\": \"Succeeded\",\r\n    \"privateEndpoint\":
        {\r\n      \"id\": \"/subscriptions/00000000-0000-0000-0000-000000000000/resourceGroups/test_appgw_private_endpoint_with_overwrite_default000001/providers/Microsoft.Network/privateEndpoints/appgw_private_endpoint\"\r\n
        \   },\r\n    \"privateLinkServiceConnectionState\": {\r\n      \"status\":
        \"Approved\",\r\n      \"description\": \"\",\r\n      \"actionsRequired\":
        \"None\"\r\n    },\r\n    \"linkIdentifier\": \"620824029\"\r\n  },\r\n  \"type\":
        \"Microsoft.Network/applicationGateways/privateEndpointConnections\"\r\n}"
    headers:
      cache-control:
      - no-cache
      content-length:
      - '951'
      content-type:
      - application/json; charset=utf-8
      date:
      - Fri, 14 May 2021 07:47:58 GMT
      expires:
      - '-1'
      pragma:
      - no-cache
      server:
      - Microsoft-HTTPAPI/2.0
      - Microsoft-HTTPAPI/2.0
      strict-transport-security:
      - max-age=31536000; includeSubDomains
      transfer-encoding:
      - chunked
      vary:
      - Accept-Encoding
      x-content-type-options:
      - nosniff
      x-ms-arm-service-request-id:
      - f81b688c-4995-417b-98af-e6cb92641365
    status:
      code: 200
      message: OK
- request:
    body: '{"name": "appgw_private_endpoint.1c8ba9b2-1045-4059-bec0-580fbbc39105",
      "id": "/subscriptions/00000000-0000-0000-0000-000000000000/resourceGroups/test_appgw_private_endpoint_with_overwrite_default000001/providers/Microsoft.Network/applicationGateways/appgw/privateEndpointConnections/appgw_private_endpoint.1c8ba9b2-1045-4059-bec0-580fbbc39105",
      "properties": {"provisioningState": "Succeeded", "privateEndpoint": {"id": "/subscriptions/00000000-0000-0000-0000-000000000000/resourceGroups/test_appgw_private_endpoint_with_overwrite_default000001/providers/Microsoft.Network/privateEndpoints/appgw_private_endpoint"},
      "privateLinkServiceConnectionState": {"status": "Rejected", "description": null,
      "actionsRequired": "None"}, "linkIdentifier": "620824029"}, "type": "Microsoft.Network/applicationGateways/privateEndpointConnections"}'
    headers:
      Accept:
      - '*/*'
      Accept-Encoding:
      - gzip, deflate
      CommandName:
      - network private-endpoint-connection reject
      Connection:
      - keep-alive
      Content-Length:
      - '871'
      Content-Type:
      - application/json
      ParameterSetName:
      - --id
      User-Agent:
      - python/3.7.3 (Windows-10-10.0.19041-SP0) AZURECLI/2.23.0
    method: PUT
    uri: https://management.azure.com/subscriptions/00000000-0000-0000-0000-000000000000/resourceGroups/test_appgw_private_endpoint_with_overwrite_default000001/providers/Microsoft.Network/applicationGateways/appgw/privateEndpointConnections/appgw_private_endpoint.1c8ba9b2-1045-4059-bec0-580fbbc39105?api-version=2020-05-01
  response:
    body:
      string: "{\r\n  \"name\": \"appgw_private_endpoint.1c8ba9b2-1045-4059-bec0-580fbbc39105\",\r\n
        \ \"id\": \"/subscriptions/00000000-0000-0000-0000-000000000000/resourceGroups/test_appgw_private_endpoint_with_overwrite_default000001/providers/Microsoft.Network/applicationGateways/appgw/privateEndpointConnections/appgw_private_endpoint.1c8ba9b2-1045-4059-bec0-580fbbc39105\",\r\n
        \ \"properties\": {\r\n    \"provisioningState\": \"Updating\",\r\n    \"privateEndpoint\":
        {\r\n      \"id\": \"/subscriptions/00000000-0000-0000-0000-000000000000/resourceGroups/test_appgw_private_endpoint_with_overwrite_default000001/providers/Microsoft.Network/privateEndpoints/appgw_private_endpoint\"\r\n
        \   },\r\n    \"privateLinkServiceConnectionState\": {\r\n      \"status\":
        \"Rejected\",\r\n      \"description\": \"\",\r\n      \"actionsRequired\":
        \"None\"\r\n    },\r\n    \"linkIdentifier\": \"620824029\"\r\n  },\r\n  \"type\":
        \"Microsoft.Network/applicationGateways/privateEndpointConnections\"\r\n}"
    headers:
      azure-asyncoperation:
      - https://management.azure.com/subscriptions/00000000-0000-0000-0000-000000000000/providers/Microsoft.Network/locations/westus/operations/1ff9c5e8-cf68-4340-b2b9-c4d4c3c29ebb?api-version=2020-05-01
      cache-control:
      - no-cache
      content-length:
      - '950'
      content-type:
      - application/json; charset=utf-8
      date:
      - Fri, 14 May 2021 07:47:59 GMT
      expires:
      - '-1'
      pragma:
      - no-cache
      server:
      - Microsoft-HTTPAPI/2.0
      - Microsoft-HTTPAPI/2.0
      strict-transport-security:
      - max-age=31536000; includeSubDomains
      transfer-encoding:
      - chunked
      vary:
      - Accept-Encoding
      x-content-type-options:
      - nosniff
      x-ms-arm-service-request-id:
      - b5547f54-b248-477b-aadd-4a1098c6f344
      x-ms-ratelimit-remaining-subscription-writes:
      - '1190'
    status:
      code: 200
      message: OK
- request:
    body: null
    headers:
      Accept:
      - '*/*'
      Accept-Encoding:
      - gzip, deflate
      CommandName:
      - network private-endpoint-connection reject
      Connection:
      - keep-alive
      ParameterSetName:
      - --id
      User-Agent:
      - python/3.7.3 (Windows-10-10.0.19041-SP0) AZURECLI/2.23.0
    method: GET
    uri: https://management.azure.com/subscriptions/00000000-0000-0000-0000-000000000000/resourceGroups/test_appgw_private_endpoint_with_overwrite_default000001/providers/Microsoft.Network/applicationGateways/appgw/privateEndpointConnections/appgw_private_endpoint.1c8ba9b2-1045-4059-bec0-580fbbc39105?api-version=2020-05-01
  response:
    body:
      string: "{\r\n  \"name\": \"appgw_private_endpoint.1c8ba9b2-1045-4059-bec0-580fbbc39105\",\r\n
        \ \"id\": \"/subscriptions/00000000-0000-0000-0000-000000000000/resourceGroups/test_appgw_private_endpoint_with_overwrite_default000001/providers/Microsoft.Network/applicationGateways/appgw/privateEndpointConnections/appgw_private_endpoint.1c8ba9b2-1045-4059-bec0-580fbbc39105\",\r\n
        \ \"properties\": {\r\n    \"provisioningState\": \"Succeeded\",\r\n    \"privateEndpoint\":
        {\r\n      \"id\": \"/subscriptions/00000000-0000-0000-0000-000000000000/resourceGroups/test_appgw_private_endpoint_with_overwrite_default000001/providers/Microsoft.Network/privateEndpoints/appgw_private_endpoint\"\r\n
        \   },\r\n    \"privateLinkServiceConnectionState\": {\r\n      \"status\":
        \"Rejected\",\r\n      \"description\": \"\",\r\n      \"actionsRequired\":
        \"None\"\r\n    },\r\n    \"linkIdentifier\": \"620824029\"\r\n  },\r\n  \"type\":
        \"Microsoft.Network/applicationGateways/privateEndpointConnections\"\r\n}"
    headers:
      cache-control:
      - no-cache
      content-length:
      - '951'
      content-type:
      - application/json; charset=utf-8
      date:
      - Fri, 14 May 2021 07:48:09 GMT
      expires:
      - '-1'
      pragma:
      - no-cache
      server:
      - Microsoft-HTTPAPI/2.0
      - Microsoft-HTTPAPI/2.0
      strict-transport-security:
      - max-age=31536000; includeSubDomains
      transfer-encoding:
      - chunked
      vary:
      - Accept-Encoding
      x-content-type-options:
      - nosniff
      x-ms-arm-service-request-id:
      - 31982895-881b-440b-97c7-38d48c768ad7
    status:
      code: 200
      message: OK
- request:
    body: null
    headers:
      Accept:
      - '*/*'
      Accept-Encoding:
      - gzip, deflate
      CommandName:
      - network private-endpoint-connection show
      Connection:
      - keep-alive
      ParameterSetName:
      - --id
      User-Agent:
      - python/3.7.3 (Windows-10-10.0.19041-SP0) AZURECLI/2.23.0
    method: GET
    uri: https://management.azure.com/subscriptions/00000000-0000-0000-0000-000000000000/resourceGroups/test_appgw_private_endpoint_with_overwrite_default000001/providers/Microsoft.Network/applicationGateways/appgw/privateEndpointConnections/appgw_private_endpoint.1c8ba9b2-1045-4059-bec0-580fbbc39105?api-version=2020-05-01
  response:
    body:
      string: "{\r\n  \"name\": \"appgw_private_endpoint.1c8ba9b2-1045-4059-bec0-580fbbc39105\",\r\n
        \ \"id\": \"/subscriptions/00000000-0000-0000-0000-000000000000/resourceGroups/test_appgw_private_endpoint_with_overwrite_default000001/providers/Microsoft.Network/applicationGateways/appgw/privateEndpointConnections/appgw_private_endpoint.1c8ba9b2-1045-4059-bec0-580fbbc39105\",\r\n
        \ \"properties\": {\r\n    \"provisioningState\": \"Succeeded\",\r\n    \"privateEndpoint\":
        {\r\n      \"id\": \"/subscriptions/00000000-0000-0000-0000-000000000000/resourceGroups/test_appgw_private_endpoint_with_overwrite_default000001/providers/Microsoft.Network/privateEndpoints/appgw_private_endpoint\"\r\n
        \   },\r\n    \"privateLinkServiceConnectionState\": {\r\n      \"status\":
        \"Rejected\",\r\n      \"description\": \"\",\r\n      \"actionsRequired\":
        \"None\"\r\n    },\r\n    \"linkIdentifier\": \"620824029\"\r\n  },\r\n  \"type\":
        \"Microsoft.Network/applicationGateways/privateEndpointConnections\"\r\n}"
    headers:
      cache-control:
      - no-cache
      content-length:
      - '951'
      content-type:
      - application/json; charset=utf-8
      date:
      - Fri, 14 May 2021 07:48:10 GMT
      expires:
      - '-1'
      pragma:
      - no-cache
      server:
      - Microsoft-HTTPAPI/2.0
      - Microsoft-HTTPAPI/2.0
      strict-transport-security:
      - max-age=31536000; includeSubDomains
      transfer-encoding:
      - chunked
      vary:
      - Accept-Encoding
      x-content-type-options:
      - nosniff
      x-ms-arm-service-request-id:
      - 64200cf4-7d0d-4b88-95d8-b1a0298118fc
    status:
      code: 200
      message: OK
- request:
    body: null
    headers:
      Accept:
      - application/json
      Accept-Encoding:
      - gzip, deflate
      CommandName:
      - network private-endpoint delete
      Connection:
      - keep-alive
      Content-Length:
      - '0'
      ParameterSetName:
      - -g -n
      User-Agent:
      - AZURECLI/2.23.0 azsdk-python-azure-mgmt-network/18.0.0 Python/3.7.3 (Windows-10-10.0.19041-SP0)
    method: DELETE
    uri: https://management.azure.com/subscriptions/00000000-0000-0000-0000-000000000000/resourceGroups/test_appgw_private_endpoint_with_overwrite_default000001/providers/Microsoft.Network/privateEndpoints/appgw_private_endpoint?api-version=2021-02-01
  response:
    body:
      string: ''
    headers:
      azure-asyncnotification:
      - Enabled
      azure-asyncoperation:
      - https://management.azure.com/subscriptions/00000000-0000-0000-0000-000000000000/providers/Microsoft.Network/locations/westus/operations/c28f0641-8aab-4295-82d1-ba29842dc7b9?api-version=2021-02-01
      cache-control:
      - no-cache
      content-length:
      - '0'
      date:
      - Fri, 14 May 2021 07:48:11 GMT
      expires:
      - '-1'
      location:
      - https://management.azure.com/subscriptions/00000000-0000-0000-0000-000000000000/providers/Microsoft.Network/locations/westus/operationResults/c28f0641-8aab-4295-82d1-ba29842dc7b9?api-version=2021-02-01
      pragma:
      - no-cache
      server:
      - Microsoft-HTTPAPI/2.0
      - Microsoft-HTTPAPI/2.0
      strict-transport-security:
      - max-age=31536000; includeSubDomains
      x-content-type-options:
      - nosniff
      x-ms-arm-service-request-id:
      - 7aad20fe-e41f-47c4-b877-e312fdbc6dac
      x-ms-ratelimit-remaining-subscription-deletes:
      - '14997'
    status:
      code: 202
      message: Accepted
- request:
    body: null
    headers:
      Accept:
      - '*/*'
      Accept-Encoding:
      - gzip, deflate
      CommandName:
      - network private-endpoint delete
      Connection:
      - keep-alive
      ParameterSetName:
      - -g -n
      User-Agent:
      - AZURECLI/2.23.0 azsdk-python-azure-mgmt-network/18.0.0 Python/3.7.3 (Windows-10-10.0.19041-SP0)
    method: GET
    uri: https://management.azure.com/subscriptions/00000000-0000-0000-0000-000000000000/providers/Microsoft.Network/locations/westus/operations/c28f0641-8aab-4295-82d1-ba29842dc7b9?api-version=2021-02-01
  response:
    body:
      string: "{\r\n  \"status\": \"InProgress\"\r\n}"
    headers:
      cache-control:
      - no-cache
      content-length:
      - '30'
      content-type:
      - application/json; charset=utf-8
      date:
      - Fri, 14 May 2021 07:48:21 GMT
      expires:
      - '-1'
      pragma:
      - no-cache
      server:
      - Microsoft-HTTPAPI/2.0
      - Microsoft-HTTPAPI/2.0
      strict-transport-security:
      - max-age=31536000; includeSubDomains
      transfer-encoding:
      - chunked
      vary:
      - Accept-Encoding
      x-content-type-options:
      - nosniff
      x-ms-arm-service-request-id:
      - 104bce05-b14c-4b6a-8e18-ebe0b42395c0
    status:
      code: 200
      message: OK
- request:
    body: null
    headers:
      Accept:
      - '*/*'
      Accept-Encoding:
      - gzip, deflate
      CommandName:
      - network private-endpoint delete
      Connection:
      - keep-alive
      ParameterSetName:
      - -g -n
      User-Agent:
      - AZURECLI/2.23.0 azsdk-python-azure-mgmt-network/18.0.0 Python/3.7.3 (Windows-10-10.0.19041-SP0)
    method: GET
    uri: https://management.azure.com/subscriptions/00000000-0000-0000-0000-000000000000/providers/Microsoft.Network/locations/westus/operations/c28f0641-8aab-4295-82d1-ba29842dc7b9?api-version=2021-02-01
  response:
    body:
      string: "{\r\n  \"status\": \"Succeeded\"\r\n}"
    headers:
      cache-control:
      - no-cache
      content-length:
      - '29'
      content-type:
      - application/json; charset=utf-8
      date:
      - Fri, 14 May 2021 07:48:32 GMT
      expires:
      - '-1'
      pragma:
      - no-cache
      server:
      - Microsoft-HTTPAPI/2.0
      - Microsoft-HTTPAPI/2.0
      strict-transport-security:
      - max-age=31536000; includeSubDomains
      transfer-encoding:
      - chunked
      vary:
      - Accept-Encoding
      x-content-type-options:
      - nosniff
      x-ms-arm-service-request-id:
      - ac8887b6-8b90-48ae-9267-92455326a00a
    status:
      code: 200
      message: OK
version: 1
