interactions:
- request:
    body: null
    headers:
      Accept:
      - application/json
      Accept-Encoding:
      - gzip, deflate
      CommandName:
      - network vnet create
      Connection:
      - keep-alive
      ParameterSetName:
      - -g -n --subnet-name
      User-Agent:
      - python/3.8.6 (Windows-10-10.0.19041-SP0) msrest/0.6.18 msrest_azure/0.6.3
        azure-mgmt-resource/12.0.0 Azure-SDK-For-Python AZURECLI/2.16.0
      accept-language:
      - en-US
    method: GET
    uri: https://management.azure.com/subscriptions/00000000-0000-0000-0000-000000000000/resourcegroups/cli_test_lb_address_pool_addresses000001?api-version=2020-10-01
  response:
    body:
      string: '{"id":"/subscriptions/00000000-0000-0000-0000-000000000000/resourceGroups/cli_test_lb_address_pool_addresses000001","name":"cli_test_lb_address_pool_addresses000001","type":"Microsoft.Resources/resourceGroups","location":"westus","tags":{"product":"azurecli","cause":"automation","date":"2020-12-20T21:40:12Z"},"properties":{"provisioningState":"Succeeded"}}'
    headers:
      cache-control:
      - no-cache
      content-length:
      - '428'
      content-type:
      - application/json; charset=utf-8
      date:
      - Sun, 20 Dec 2020 21:40:13 GMT
      expires:
      - '-1'
      pragma:
      - no-cache
      strict-transport-security:
      - max-age=31536000; includeSubDomains
      vary:
      - Accept-Encoding
      x-content-type-options:
      - nosniff
    status:
      code: 200
      message: OK
- request:
    body: '{"location": "westus", "tags": {}, "properties": {"addressSpace": {"addressPrefixes":
      ["10.0.0.0/16"]}, "dhcpOptions": {}, "subnets": [{"name": "subnet1", "properties":
      {"addressPrefix": "10.0.0.0/24"}}]}}'
    headers:
      Accept:
      - application/json
      Accept-Encoding:
      - gzip, deflate
      CommandName:
      - network vnet create
      Connection:
      - keep-alive
      Content-Length:
      - '205'
      Content-Type:
      - application/json
      ParameterSetName:
      - -g -n --subnet-name
      User-Agent:
      - AZURECLI/2.16.0 azsdk-python-azure-mgmt-network/17.0.0 Python/3.8.6 (Windows-10-10.0.19041-SP0)
    method: PUT
    uri: https://management.azure.com/subscriptions/00000000-0000-0000-0000-000000000000/resourceGroups/cli_test_lb_address_pool_addresses000001/providers/Microsoft.Network/virtualNetworks/clitestvnet?api-version=2020-07-01
  response:
    body:
      string: "{\r\n  \"name\": \"clitestvnet\",\r\n  \"id\": \"/subscriptions/00000000-0000-0000-0000-000000000000/resourceGroups/cli_test_lb_address_pool_addresses000001/providers/Microsoft.Network/virtualNetworks/clitestvnet\",\r\n
        \ \"etag\": \"W/\\\"b195a744-dfe3-43c2-a73c-d9fabed56799\\\"\",\r\n  \"type\":
        \"Microsoft.Network/virtualNetworks\",\r\n  \"location\": \"westus\",\r\n
        \ \"tags\": {},\r\n  \"properties\": {\r\n    \"provisioningState\": \"Updating\",\r\n
        \   \"resourceGuid\": \"4579810f-90d1-4eeb-ae92-b4d4987a6296\",\r\n    \"addressSpace\":
        {\r\n      \"addressPrefixes\": [\r\n        \"10.0.0.0/16\"\r\n      ]\r\n
        \   },\r\n    \"dhcpOptions\": {\r\n      \"dnsServers\": []\r\n    },\r\n
        \   \"subnets\": [\r\n      {\r\n        \"name\": \"subnet1\",\r\n        \"id\":
        \"/subscriptions/00000000-0000-0000-0000-000000000000/resourceGroups/cli_test_lb_address_pool_addresses000001/providers/Microsoft.Network/virtualNetworks/clitestvnet/subnets/subnet1\",\r\n
        \       \"etag\": \"W/\\\"b195a744-dfe3-43c2-a73c-d9fabed56799\\\"\",\r\n
        \       \"properties\": {\r\n          \"provisioningState\": \"Updating\",\r\n
        \         \"addressPrefix\": \"10.0.0.0/24\",\r\n          \"delegations\":
        [],\r\n          \"privateEndpointNetworkPolicies\": \"Enabled\",\r\n          \"privateLinkServiceNetworkPolicies\":
        \"Enabled\"\r\n        },\r\n        \"type\": \"Microsoft.Network/virtualNetworks/subnets\"\r\n
        \     }\r\n    ],\r\n    \"virtualNetworkPeerings\": [],\r\n    \"enableDdosProtection\":
        false,\r\n    \"enableVmProtection\": false\r\n  }\r\n}"
    headers:
      azure-asyncnotification:
      - Enabled
      azure-asyncoperation:
      - https://management.azure.com/subscriptions/00000000-0000-0000-0000-000000000000/providers/Microsoft.Network/locations/westus/operations/cae2b769-5c72-467f-b166-dce7e6609f7d?api-version=2020-07-01
      cache-control:
      - no-cache
      content-length:
      - '1455'
      content-type:
      - application/json; charset=utf-8
      date:
      - Sun, 20 Dec 2020 21:40:16 GMT
      expires:
      - '-1'
      pragma:
      - no-cache
      server:
      - Microsoft-HTTPAPI/2.0
      - Microsoft-HTTPAPI/2.0
      strict-transport-security:
      - max-age=31536000; includeSubDomains
      x-content-type-options:
      - nosniff
      x-ms-arm-service-request-id:
      - d423fe3f-27de-48d4-bb7a-a127e8deeeee
      x-ms-ratelimit-remaining-subscription-writes:
      - '1198'
    status:
      code: 201
      message: Created
- request:
    body: null
    headers:
      Accept:
      - '*/*'
      Accept-Encoding:
      - gzip, deflate
      CommandName:
      - network vnet create
      Connection:
      - keep-alive
      ParameterSetName:
      - -g -n --subnet-name
      User-Agent:
      - AZURECLI/2.16.0 azsdk-python-azure-mgmt-network/17.0.0 Python/3.8.6 (Windows-10-10.0.19041-SP0)
    method: GET
    uri: https://management.azure.com/subscriptions/00000000-0000-0000-0000-000000000000/providers/Microsoft.Network/locations/westus/operations/cae2b769-5c72-467f-b166-dce7e6609f7d?api-version=2020-07-01
  response:
    body:
      string: "{\r\n  \"status\": \"Succeeded\"\r\n}"
    headers:
      cache-control:
      - no-cache
      content-length:
      - '29'
      content-type:
      - application/json; charset=utf-8
      date:
      - Sun, 20 Dec 2020 21:40:19 GMT
      expires:
      - '-1'
      pragma:
      - no-cache
      server:
      - Microsoft-HTTPAPI/2.0
      - Microsoft-HTTPAPI/2.0
      strict-transport-security:
      - max-age=31536000; includeSubDomains
      transfer-encoding:
      - chunked
      vary:
      - Accept-Encoding
      x-content-type-options:
      - nosniff
      x-ms-arm-service-request-id:
      - f5803fbc-5428-4bc8-be30-c578a080fe1d
    status:
      code: 200
      message: OK
- request:
    body: null
    headers:
      Accept:
      - '*/*'
      Accept-Encoding:
      - gzip, deflate
      CommandName:
      - network vnet create
      Connection:
      - keep-alive
      ParameterSetName:
      - -g -n --subnet-name
      User-Agent:
      - AZURECLI/2.16.0 azsdk-python-azure-mgmt-network/17.0.0 Python/3.8.6 (Windows-10-10.0.19041-SP0)
    method: GET
    uri: https://management.azure.com/subscriptions/00000000-0000-0000-0000-000000000000/resourceGroups/cli_test_lb_address_pool_addresses000001/providers/Microsoft.Network/virtualNetworks/clitestvnet?api-version=2020-07-01
  response:
    body:
      string: "{\r\n  \"name\": \"clitestvnet\",\r\n  \"id\": \"/subscriptions/00000000-0000-0000-0000-000000000000/resourceGroups/cli_test_lb_address_pool_addresses000001/providers/Microsoft.Network/virtualNetworks/clitestvnet\",\r\n
        \ \"etag\": \"W/\\\"ec89964b-c443-4fa4-859c-bc0035dd53fd\\\"\",\r\n  \"type\":
        \"Microsoft.Network/virtualNetworks\",\r\n  \"location\": \"westus\",\r\n
        \ \"tags\": {},\r\n  \"properties\": {\r\n    \"provisioningState\": \"Succeeded\",\r\n
        \   \"resourceGuid\": \"4579810f-90d1-4eeb-ae92-b4d4987a6296\",\r\n    \"addressSpace\":
        {\r\n      \"addressPrefixes\": [\r\n        \"10.0.0.0/16\"\r\n      ]\r\n
        \   },\r\n    \"dhcpOptions\": {\r\n      \"dnsServers\": []\r\n    },\r\n
        \   \"subnets\": [\r\n      {\r\n        \"name\": \"subnet1\",\r\n        \"id\":
        \"/subscriptions/00000000-0000-0000-0000-000000000000/resourceGroups/cli_test_lb_address_pool_addresses000001/providers/Microsoft.Network/virtualNetworks/clitestvnet/subnets/subnet1\",\r\n
        \       \"etag\": \"W/\\\"ec89964b-c443-4fa4-859c-bc0035dd53fd\\\"\",\r\n
        \       \"properties\": {\r\n          \"provisioningState\": \"Succeeded\",\r\n
        \         \"addressPrefix\": \"10.0.0.0/24\",\r\n          \"delegations\":
        [],\r\n          \"privateEndpointNetworkPolicies\": \"Enabled\",\r\n          \"privateLinkServiceNetworkPolicies\":
        \"Enabled\"\r\n        },\r\n        \"type\": \"Microsoft.Network/virtualNetworks/subnets\"\r\n
        \     }\r\n    ],\r\n    \"virtualNetworkPeerings\": [],\r\n    \"enableDdosProtection\":
        false,\r\n    \"enableVmProtection\": false\r\n  }\r\n}"
    headers:
      cache-control:
      - no-cache
      content-length:
      - '1457'
      content-type:
      - application/json; charset=utf-8
      date:
      - Sun, 20 Dec 2020 21:40:19 GMT
      etag:
      - W/"ec89964b-c443-4fa4-859c-bc0035dd53fd"
      expires:
      - '-1'
      pragma:
      - no-cache
      server:
      - Microsoft-HTTPAPI/2.0
      - Microsoft-HTTPAPI/2.0
      strict-transport-security:
      - max-age=31536000; includeSubDomains
      transfer-encoding:
      - chunked
      vary:
      - Accept-Encoding
      x-content-type-options:
      - nosniff
      x-ms-arm-service-request-id:
      - de7522a3-ddf3-4b02-99f3-afd44cf05b0a
    status:
      code: 200
      message: OK
- request:
    body: null
    headers:
      Accept:
      - application/json
      Accept-Encoding:
      - gzip, deflate
      CommandName:
      - network nic create
      Connection:
      - keep-alive
      ParameterSetName:
      - -g -n --subnet --vnet-name
      User-Agent:
      - python/3.8.6 (Windows-10-10.0.19041-SP0) msrest/0.6.18 msrest_azure/0.6.3
        azure-mgmt-resource/12.0.0 Azure-SDK-For-Python AZURECLI/2.16.0
      accept-language:
      - en-US
    method: GET
    uri: https://management.azure.com/subscriptions/00000000-0000-0000-0000-000000000000/resourcegroups/cli_test_lb_address_pool_addresses000001?api-version=2020-10-01
  response:
    body:
      string: '{"id":"/subscriptions/00000000-0000-0000-0000-000000000000/resourceGroups/cli_test_lb_address_pool_addresses000001","name":"cli_test_lb_address_pool_addresses000001","type":"Microsoft.Resources/resourceGroups","location":"westus","tags":{"product":"azurecli","cause":"automation","date":"2020-12-20T21:40:12Z"},"properties":{"provisioningState":"Succeeded"}}'
    headers:
      cache-control:
      - no-cache
      content-length:
      - '428'
      content-type:
      - application/json; charset=utf-8
      date:
      - Sun, 20 Dec 2020 21:40:20 GMT
      expires:
      - '-1'
      pragma:
      - no-cache
      strict-transport-security:
      - max-age=31536000; includeSubDomains
      vary:
      - Accept-Encoding
      x-content-type-options:
      - nosniff
    status:
      code: 200
      message: OK
- request:
    body: '{"location": "westus", "properties": {"ipConfigurations": [{"name": "ipconfig1",
      "properties": {"privateIPAllocationMethod": "Dynamic", "privateIPAddressVersion":
      "IPv4", "subnet": {"id": "/subscriptions/00000000-0000-0000-0000-000000000000/resourceGroups/cli_test_lb_address_pool_addresses000001/providers/Microsoft.Network/virtualNetworks/clitestvnet/subnets/subnet1"}}}],
      "dnsSettings": {"dnsServers": []}, "enableIPForwarding": false}}'
    headers:
      Accept:
      - application/json
      Accept-Encoding:
      - gzip, deflate
      CommandName:
      - network nic create
      Connection:
      - keep-alive
      Content-Length:
      - '474'
      Content-Type:
      - application/json
      ParameterSetName:
      - -g -n --subnet --vnet-name
      User-Agent:
      - AZURECLI/2.16.0 azsdk-python-azure-mgmt-network/17.0.0 Python/3.8.6 (Windows-10-10.0.19041-SP0)
    method: PUT
    uri: https://management.azure.com/subscriptions/00000000-0000-0000-0000-000000000000/resourceGroups/cli_test_lb_address_pool_addresses000001/providers/Microsoft.Network/networkInterfaces/clitestnic?api-version=2020-07-01
  response:
    body:
      string: "{\r\n  \"name\": \"clitestnic\",\r\n  \"id\": \"/subscriptions/00000000-0000-0000-0000-000000000000/resourceGroups/cli_test_lb_address_pool_addresses000001/providers/Microsoft.Network/networkInterfaces/clitestnic\",\r\n
        \ \"etag\": \"W/\\\"98398a4d-c3bb-4494-91dd-b73f6feb6184\\\"\",\r\n  \"location\":
        \"westus\",\r\n  \"properties\": {\r\n    \"provisioningState\": \"Succeeded\",\r\n
        \   \"resourceGuid\": \"e0981a2b-7e08-4688-8ad0-2df95f120c83\",\r\n    \"ipConfigurations\":
        [\r\n      {\r\n        \"name\": \"ipconfig1\",\r\n        \"id\": \"/subscriptions/00000000-0000-0000-0000-000000000000/resourceGroups/cli_test_lb_address_pool_addresses000001/providers/Microsoft.Network/networkInterfaces/clitestnic/ipConfigurations/ipconfig1\",\r\n
        \       \"etag\": \"W/\\\"98398a4d-c3bb-4494-91dd-b73f6feb6184\\\"\",\r\n
        \       \"type\": \"Microsoft.Network/networkInterfaces/ipConfigurations\",\r\n
        \       \"properties\": {\r\n          \"provisioningState\": \"Succeeded\",\r\n
        \         \"privateIPAddress\": \"10.0.0.4\",\r\n          \"privateIPAllocationMethod\":
        \"Dynamic\",\r\n          \"subnet\": {\r\n            \"id\": \"/subscriptions/00000000-0000-0000-0000-000000000000/resourceGroups/cli_test_lb_address_pool_addresses000001/providers/Microsoft.Network/virtualNetworks/clitestvnet/subnets/subnet1\"\r\n
        \         },\r\n          \"primary\": true,\r\n          \"privateIPAddressVersion\":
        \"IPv4\"\r\n        }\r\n      }\r\n    ],\r\n    \"dnsSettings\": {\r\n      \"dnsServers\":
        [],\r\n      \"appliedDnsServers\": [],\r\n      \"internalDomainNameSuffix\":
        \"b4axsrorsdvu3luswtkjq4tcsg.dx.internal.cloudapp.net\"\r\n    },\r\n    \"enableAcceleratedNetworking\":
        false,\r\n    \"enableIPForwarding\": false,\r\n    \"hostedWorkloads\": [],\r\n
        \   \"tapConfigurations\": [],\r\n    \"nicType\": \"Standard\"\r\n  },\r\n
        \ \"type\": \"Microsoft.Network/networkInterfaces\"\r\n}"
    headers:
      azure-asyncnotification:
      - Enabled
      azure-asyncoperation:
      - https://management.azure.com/subscriptions/00000000-0000-0000-0000-000000000000/providers/Microsoft.Network/locations/westus/operations/1d1104eb-9860-4b74-bdde-583f93d6f329?api-version=2020-07-01
      cache-control:
      - no-cache
      content-length:
      - '1820'
      content-type:
      - application/json; charset=utf-8
      date:
      - Sun, 20 Dec 2020 21:40:23 GMT
      expires:
      - '-1'
      pragma:
      - no-cache
      server:
      - Microsoft-HTTPAPI/2.0
      - Microsoft-HTTPAPI/2.0
      strict-transport-security:
      - max-age=31536000; includeSubDomains
      x-content-type-options:
      - nosniff
      x-ms-arm-service-request-id:
      - 4ab7ea12-2caf-4e26-ac35-335e8f97bc56
      x-ms-ratelimit-remaining-subscription-writes:
      - '1198'
    status:
      code: 201
      message: Created
- request:
    body: null
    headers:
      Accept:
      - '*/*'
      Accept-Encoding:
      - gzip, deflate
      CommandName:
      - network nic create
      Connection:
      - keep-alive
      ParameterSetName:
      - -g -n --subnet --vnet-name
      User-Agent:
      - AZURECLI/2.16.0 azsdk-python-azure-mgmt-network/17.0.0 Python/3.8.6 (Windows-10-10.0.19041-SP0)
    method: GET
    uri: https://management.azure.com/subscriptions/00000000-0000-0000-0000-000000000000/providers/Microsoft.Network/locations/westus/operations/1d1104eb-9860-4b74-bdde-583f93d6f329?api-version=2020-07-01
  response:
    body:
      string: "{\r\n  \"status\": \"Succeeded\"\r\n}"
    headers:
      cache-control:
      - no-cache
      content-length:
      - '29'
      content-type:
      - application/json; charset=utf-8
      date:
      - Sun, 20 Dec 2020 21:40:53 GMT
      expires:
      - '-1'
      pragma:
      - no-cache
      server:
      - Microsoft-HTTPAPI/2.0
      - Microsoft-HTTPAPI/2.0
      strict-transport-security:
      - max-age=31536000; includeSubDomains
      transfer-encoding:
      - chunked
      vary:
      - Accept-Encoding
      x-content-type-options:
      - nosniff
      x-ms-arm-service-request-id:
      - ee297c1c-6496-4cfa-91e8-448186c36377
    status:
      code: 200
      message: OK
- request:
    body: null
    headers:
      Accept:
      - '*/*'
      Accept-Encoding:
      - gzip, deflate
      CommandName:
      - network nic create
      Connection:
      - keep-alive
      ParameterSetName:
      - -g -n --subnet --vnet-name
      User-Agent:
      - AZURECLI/2.16.0 azsdk-python-azure-mgmt-network/17.0.0 Python/3.8.6 (Windows-10-10.0.19041-SP0)
    method: GET
    uri: https://management.azure.com/subscriptions/00000000-0000-0000-0000-000000000000/resourceGroups/cli_test_lb_address_pool_addresses000001/providers/Microsoft.Network/networkInterfaces/clitestnic?api-version=2020-07-01
  response:
    body:
      string: "{\r\n  \"name\": \"clitestnic\",\r\n  \"id\": \"/subscriptions/00000000-0000-0000-0000-000000000000/resourceGroups/cli_test_lb_address_pool_addresses000001/providers/Microsoft.Network/networkInterfaces/clitestnic\",\r\n
        \ \"etag\": \"W/\\\"98398a4d-c3bb-4494-91dd-b73f6feb6184\\\"\",\r\n  \"location\":
        \"westus\",\r\n  \"properties\": {\r\n    \"provisioningState\": \"Succeeded\",\r\n
        \   \"resourceGuid\": \"e0981a2b-7e08-4688-8ad0-2df95f120c83\",\r\n    \"ipConfigurations\":
        [\r\n      {\r\n        \"name\": \"ipconfig1\",\r\n        \"id\": \"/subscriptions/00000000-0000-0000-0000-000000000000/resourceGroups/cli_test_lb_address_pool_addresses000001/providers/Microsoft.Network/networkInterfaces/clitestnic/ipConfigurations/ipconfig1\",\r\n
        \       \"etag\": \"W/\\\"98398a4d-c3bb-4494-91dd-b73f6feb6184\\\"\",\r\n
        \       \"type\": \"Microsoft.Network/networkInterfaces/ipConfigurations\",\r\n
        \       \"properties\": {\r\n          \"provisioningState\": \"Succeeded\",\r\n
        \         \"privateIPAddress\": \"10.0.0.4\",\r\n          \"privateIPAllocationMethod\":
        \"Dynamic\",\r\n          \"subnet\": {\r\n            \"id\": \"/subscriptions/00000000-0000-0000-0000-000000000000/resourceGroups/cli_test_lb_address_pool_addresses000001/providers/Microsoft.Network/virtualNetworks/clitestvnet/subnets/subnet1\"\r\n
        \         },\r\n          \"primary\": true,\r\n          \"privateIPAddressVersion\":
        \"IPv4\"\r\n        }\r\n      }\r\n    ],\r\n    \"dnsSettings\": {\r\n      \"dnsServers\":
        [],\r\n      \"appliedDnsServers\": [],\r\n      \"internalDomainNameSuffix\":
        \"b4axsrorsdvu3luswtkjq4tcsg.dx.internal.cloudapp.net\"\r\n    },\r\n    \"enableAcceleratedNetworking\":
        false,\r\n    \"enableIPForwarding\": false,\r\n    \"hostedWorkloads\": [],\r\n
        \   \"tapConfigurations\": [],\r\n    \"nicType\": \"Standard\"\r\n  },\r\n
        \ \"type\": \"Microsoft.Network/networkInterfaces\"\r\n}"
    headers:
      cache-control:
      - no-cache
      content-length:
      - '1820'
      content-type:
      - application/json; charset=utf-8
      date:
      - Sun, 20 Dec 2020 21:40:54 GMT
      etag:
      - W/"98398a4d-c3bb-4494-91dd-b73f6feb6184"
      expires:
      - '-1'
      pragma:
      - no-cache
      server:
      - Microsoft-HTTPAPI/2.0
      - Microsoft-HTTPAPI/2.0
      strict-transport-security:
      - max-age=31536000; includeSubDomains
      transfer-encoding:
      - chunked
      vary:
      - Accept-Encoding
      x-content-type-options:
      - nosniff
      x-ms-arm-service-request-id:
      - 13dcfce9-aaa6-43f4-915c-4c3aafb0b112
    status:
      code: 200
      message: OK
- request:
    body: null
    headers:
      Accept:
      - application/json
      Accept-Encoding:
      - gzip, deflate
      CommandName:
      - network lb create
      Connection:
      - keep-alive
      ParameterSetName:
      - -g -n --sku
      User-Agent:
      - python/3.8.6 (Windows-10-10.0.19041-SP0) msrest/0.6.18 msrest_azure/0.6.3
        azure-mgmt-resource/12.0.0 Azure-SDK-For-Python AZURECLI/2.16.0
      accept-language:
      - en-US
    method: GET
    uri: https://management.azure.com/subscriptions/00000000-0000-0000-0000-000000000000/resourcegroups/cli_test_lb_address_pool_addresses000001?api-version=2020-10-01
  response:
    body:
      string: '{"id":"/subscriptions/00000000-0000-0000-0000-000000000000/resourceGroups/cli_test_lb_address_pool_addresses000001","name":"cli_test_lb_address_pool_addresses000001","type":"Microsoft.Resources/resourceGroups","location":"westus","tags":{"product":"azurecli","cause":"automation","date":"2020-12-20T21:40:12Z"},"properties":{"provisioningState":"Succeeded"}}'
    headers:
      cache-control:
      - no-cache
      content-length:
      - '428'
      content-type:
      - application/json; charset=utf-8
      date:
      - Sun, 20 Dec 2020 21:40:54 GMT
      expires:
      - '-1'
      pragma:
      - no-cache
      strict-transport-security:
      - max-age=31536000; includeSubDomains
      vary:
      - Accept-Encoding
      x-content-type-options:
      - nosniff
    status:
      code: 200
      message: OK
- request:
    body: null
    headers:
      Accept:
      - application/json
      Accept-Encoding:
      - gzip, deflate
      CommandName:
      - network lb create
      Connection:
      - keep-alive
      ParameterSetName:
      - -g -n --sku
      User-Agent:
      - python/3.8.6 (Windows-10-10.0.19041-SP0) msrest/0.6.18 msrest_azure/0.6.3
        azure-mgmt-resource/12.0.0 Azure-SDK-For-Python AZURECLI/2.16.0
      accept-language:
      - en-US
    method: GET
    uri: https://management.azure.com/subscriptions/00000000-0000-0000-0000-000000000000/resources?$filter=resourceGroup%20eq%20%27cli_test_lb_address_pool_addresses000001%27%20and%20name%20eq%20%27None%27%20and%20resourceType%20eq%20%27Microsoft.Network%2FpublicIPAddresses%27&api-version=2020-10-01
  response:
    body:
      string: '{"value":[]}'
    headers:
      cache-control:
      - no-cache
      content-length:
      - '12'
      content-type:
      - application/json; charset=utf-8
      date:
      - Sun, 20 Dec 2020 21:40:55 GMT
      expires:
      - '-1'
      pragma:
      - no-cache
      strict-transport-security:
      - max-age=31536000; includeSubDomains
      vary:
      - Accept-Encoding
      x-content-type-options:
      - nosniff
    status:
      code: 200
      message: OK
- request:
    body: '{"properties": {"template": {"$schema": "https://schema.management.azure.com/schemas/2015-01-01/deploymentTemplate.json#",
      "contentVersion": "1.0.0.0", "parameters": {}, "variables": {}, "resources":
      [{"apiVersion": "2020-07-01", "type": "Microsoft.Network/publicIPAddresses",
      "name": "PublicIPlb1", "location": "westus", "tags": {}, "dependsOn": [], "properties":
      {"publicIPAllocationMethod": "Static"}, "sku": {"name": "Standard"}}, {"type":
      "Microsoft.Network/loadBalancers", "name": "lb1", "location": "westus", "tags":
      {}, "apiVersion": "2020-07-01", "dependsOn": ["Microsoft.Network/publicIpAddresses/PublicIPlb1"],
      "properties": {"backendAddressPools": [{"name": "lb1bepool"}], "frontendIPConfigurations":
      [{"name": "LoadBalancerFrontEnd", "properties": {"publicIPAddress": {"id": "/subscriptions/00000000-0000-0000-0000-000000000000/resourceGroups/cli_test_lb_address_pool_addresses000001/providers/Microsoft.Network/publicIPAddresses/PublicIPlb1"},
      "privateIPAddressVersion": "IPv4"}}]}, "sku": {"name": "Standard"}}], "outputs":
      {"loadBalancer": {"type": "object", "value": "[reference(''lb1'')]"}}}, "parameters":
      {}, "mode": "Incremental"}}'
    headers:
      Accept:
      - application/json
      Accept-Encoding:
      - gzip, deflate
      CommandName:
      - network lb create
      Connection:
      - keep-alive
      Content-Length:
      - '1185'
      Content-Type:
      - application/json; charset=utf-8
      ParameterSetName:
      - -g -n --sku
      User-Agent:
      - python/3.8.6 (Windows-10-10.0.19041-SP0) msrest/0.6.18 msrest_azure/0.6.3
        azure-mgmt-resource/12.0.0 Azure-SDK-For-Python AZURECLI/2.16.0
      accept-language:
      - en-US
    method: PUT
    uri: https://management.azure.com/subscriptions/00000000-0000-0000-0000-000000000000/resourcegroups/cli_test_lb_address_pool_addresses000001/providers/Microsoft.Resources/deployments/mock-deployment?api-version=2020-10-01
  response:
    body:
      string: '{"id":"/subscriptions/00000000-0000-0000-0000-000000000000/resourceGroups/cli_test_lb_address_pool_addresses000001/providers/Microsoft.Resources/deployments/lb_deploy_lw1wadr2ARZeU727Dk3tGOr1vIqNiqGG","name":"lb_deploy_lw1wadr2ARZeU727Dk3tGOr1vIqNiqGG","type":"Microsoft.Resources/deployments","properties":{"templateHash":"6438200181455606603","parameters":{},"mode":"Incremental","provisioningState":"Accepted","timestamp":"2020-12-20T21:40:57.1817993Z","duration":"PT0.9888918S","correlationId":"958d0c7d-2e3a-4d29-a14b-946b3e1838de","providers":[{"namespace":"Microsoft.Network","resourceTypes":[{"resourceType":"publicIPAddresses","locations":["westus"]},{"resourceType":"loadBalancers","locations":["westus"]}]}],"dependencies":[{"dependsOn":[{"id":"/subscriptions/00000000-0000-0000-0000-000000000000/resourceGroups/cli_test_lb_address_pool_addresses000001/providers/Microsoft.Network/publicIPAddresses/PublicIPlb1","resourceType":"Microsoft.Network/publicIPAddresses","resourceName":"PublicIPlb1"}],"id":"/subscriptions/00000000-0000-0000-0000-000000000000/resourceGroups/cli_test_lb_address_pool_addresses000001/providers/Microsoft.Network/loadBalancers/lb1","resourceType":"Microsoft.Network/loadBalancers","resourceName":"lb1"}]}}'
    headers:
      azure-asyncoperation:
      - https://management.azure.com/subscriptions/00000000-0000-0000-0000-000000000000/resourcegroups/cli_test_lb_address_pool_addresses000001/providers/Microsoft.Resources/deployments/lb_deploy_lw1wadr2ARZeU727Dk3tGOr1vIqNiqGG/operationStatuses/08585931064292847130?api-version=2020-10-01
      cache-control:
      - no-cache
      content-length:
      - '1346'
      content-type:
      - application/json; charset=utf-8
      date:
      - Sun, 20 Dec 2020 21:40:56 GMT
      expires:
      - '-1'
      pragma:
      - no-cache
      strict-transport-security:
      - max-age=31536000; includeSubDomains
      x-content-type-options:
      - nosniff
      x-ms-ratelimit-remaining-subscription-writes:
      - '1199'
    status:
      code: 201
      message: Created
- request:
    body: null
    headers:
      Accept:
      - application/json
      Accept-Encoding:
      - gzip, deflate
      CommandName:
      - network lb create
      Connection:
      - keep-alive
      ParameterSetName:
      - -g -n --sku
      User-Agent:
      - python/3.8.6 (Windows-10-10.0.19041-SP0) msrest/0.6.18 msrest_azure/0.6.3
        azure-mgmt-resource/12.0.0 Azure-SDK-For-Python AZURECLI/2.16.0
    method: GET
    uri: https://management.azure.com/subscriptions/00000000-0000-0000-0000-000000000000/resourcegroups/cli_test_lb_address_pool_addresses000001/providers/Microsoft.Resources/deployments/mock-deployment/operationStatuses/08585931064292847130?api-version=2020-10-01
  response:
    body:
      string: '{"status":"Succeeded"}'
    headers:
      cache-control:
      - no-cache
      content-length:
      - '22'
      content-type:
      - application/json; charset=utf-8
      date:
      - Sun, 20 Dec 2020 21:41:27 GMT
      expires:
      - '-1'
      pragma:
      - no-cache
      strict-transport-security:
      - max-age=31536000; includeSubDomains
      vary:
      - Accept-Encoding
      x-content-type-options:
      - nosniff
    status:
      code: 200
      message: OK
- request:
    body: null
    headers:
      Accept:
      - application/json
      Accept-Encoding:
      - gzip, deflate
      CommandName:
      - network lb create
      Connection:
      - keep-alive
      ParameterSetName:
      - -g -n --sku
      User-Agent:
      - python/3.8.6 (Windows-10-10.0.19041-SP0) msrest/0.6.18 msrest_azure/0.6.3
        azure-mgmt-resource/12.0.0 Azure-SDK-For-Python AZURECLI/2.16.0
    method: GET
    uri: https://management.azure.com/subscriptions/00000000-0000-0000-0000-000000000000/resourcegroups/cli_test_lb_address_pool_addresses000001/providers/Microsoft.Resources/deployments/mock-deployment?api-version=2020-10-01
  response:
    body:
      string: '{"id":"/subscriptions/00000000-0000-0000-0000-000000000000/resourceGroups/cli_test_lb_address_pool_addresses000001/providers/Microsoft.Resources/deployments/lb_deploy_lw1wadr2ARZeU727Dk3tGOr1vIqNiqGG","name":"lb_deploy_lw1wadr2ARZeU727Dk3tGOr1vIqNiqGG","type":"Microsoft.Resources/deployments","properties":{"templateHash":"6438200181455606603","parameters":{},"mode":"Incremental","provisioningState":"Succeeded","timestamp":"2020-12-20T21:41:01.6948996Z","duration":"PT5.5019921S","correlationId":"958d0c7d-2e3a-4d29-a14b-946b3e1838de","providers":[{"namespace":"Microsoft.Network","resourceTypes":[{"resourceType":"publicIPAddresses","locations":["westus"]},{"resourceType":"loadBalancers","locations":["westus"]}]}],"dependencies":[{"dependsOn":[{"id":"/subscriptions/00000000-0000-0000-0000-000000000000/resourceGroups/cli_test_lb_address_pool_addresses000001/providers/Microsoft.Network/publicIPAddresses/PublicIPlb1","resourceType":"Microsoft.Network/publicIPAddresses","resourceName":"PublicIPlb1"}],"id":"/subscriptions/00000000-0000-0000-0000-000000000000/resourceGroups/cli_test_lb_address_pool_addresses000001/providers/Microsoft.Network/loadBalancers/lb1","resourceType":"Microsoft.Network/loadBalancers","resourceName":"lb1"}],"outputs":{"loadBalancer":{"type":"Object","value":{"provisioningState":"Succeeded","resourceGuid":"d73153af-3808-4e4b-bc91-c28b95316daf","frontendIPConfigurations":[{"name":"LoadBalancerFrontEnd","id":"/subscriptions/00000000-0000-0000-0000-000000000000/resourceGroups/cli_test_lb_address_pool_addresses000001/providers/Microsoft.Network/loadBalancers/lb1/frontendIPConfigurations/LoadBalancerFrontEnd","etag":"W/\"5493cb36-9932-44c0-9207-2825c6352f23\"","type":"Microsoft.Network/loadBalancers/frontendIPConfigurations","properties":{"provisioningState":"Succeeded","privateIPAllocationMethod":"Dynamic","publicIPAddress":{"id":"/subscriptions/00000000-0000-0000-0000-000000000000/resourceGroups/cli_test_lb_address_pool_addresses000001/providers/Microsoft.Network/publicIPAddresses/PublicIPlb1"},"privateIPAddressVersion":"IPv4"}}],"backendAddressPools":[{"name":"lb1bepool","id":"/subscriptions/00000000-0000-0000-0000-000000000000/resourceGroups/cli_test_lb_address_pool_addresses000001/providers/Microsoft.Network/loadBalancers/lb1/backendAddressPools/lb1bepool","etag":"W/\"5493cb36-9932-44c0-9207-2825c6352f23\"","properties":{"provisioningState":"Succeeded","loadBalancerBackendAddresses":[]},"type":"Microsoft.Network/loadBalancers/backendAddressPools"}],"loadBalancingRules":[],"probes":[],"inboundNatRules":[],"outboundRules":[],"inboundNatPools":[]}}},"outputResources":[{"id":"/subscriptions/00000000-0000-0000-0000-000000000000/resourceGroups/cli_test_lb_address_pool_addresses000001/providers/Microsoft.Network/loadBalancers/lb1"},{"id":"/subscriptions/00000000-0000-0000-0000-000000000000/resourceGroups/cli_test_lb_address_pool_addresses000001/providers/Microsoft.Network/publicIPAddresses/PublicIPlb1"}]}}'
    headers:
      cache-control:
      - no-cache
      content-length:
      - '3245'
      content-type:
      - application/json; charset=utf-8
      date:
      - Sun, 20 Dec 2020 21:41:28 GMT
      expires:
      - '-1'
      pragma:
      - no-cache
      strict-transport-security:
      - max-age=31536000; includeSubDomains
      vary:
      - Accept-Encoding
      x-content-type-options:
      - nosniff
    status:
      code: 200
      message: OK
- request:
    body: null
    headers:
      Accept:
      - application/json
      Accept-Encoding:
      - gzip, deflate
      CommandName:
      - network lb address-pool create
      Connection:
      - keep-alive
      ParameterSetName:
      - -g --lb-name -n --vnet --backend-address
      User-Agent:
      - AZURECLI/2.16.0 azsdk-python-azure-mgmt-network/17.0.0 Python/3.8.6 (Windows-10-10.0.19041-SP0)
    method: GET
    uri: https://management.azure.com/subscriptions/00000000-0000-0000-0000-000000000000/resourceGroups/cli_test_lb_address_pool_addresses000001/providers/Microsoft.Network/loadBalancers/lb1?api-version=2020-07-01
  response:
    body:
      string: "{\r\n  \"name\": \"lb1\",\r\n  \"id\": \"/subscriptions/00000000-0000-0000-0000-000000000000/resourceGroups/cli_test_lb_address_pool_addresses000001/providers/Microsoft.Network/loadBalancers/lb1\",\r\n
        \ \"etag\": \"W/\\\"5493cb36-9932-44c0-9207-2825c6352f23\\\"\",\r\n  \"type\":
        \"Microsoft.Network/loadBalancers\",\r\n  \"location\": \"westus\",\r\n  \"tags\":
        {},\r\n  \"properties\": {\r\n    \"provisioningState\": \"Succeeded\",\r\n
        \   \"resourceGuid\": \"d73153af-3808-4e4b-bc91-c28b95316daf\",\r\n    \"frontendIPConfigurations\":
        [\r\n      {\r\n        \"name\": \"LoadBalancerFrontEnd\",\r\n        \"id\":
        \"/subscriptions/00000000-0000-0000-0000-000000000000/resourceGroups/cli_test_lb_address_pool_addresses000001/providers/Microsoft.Network/loadBalancers/lb1/frontendIPConfigurations/LoadBalancerFrontEnd\",\r\n
        \       \"etag\": \"W/\\\"5493cb36-9932-44c0-9207-2825c6352f23\\\"\",\r\n
        \       \"type\": \"Microsoft.Network/loadBalancers/frontendIPConfigurations\",\r\n
        \       \"properties\": {\r\n          \"provisioningState\": \"Succeeded\",\r\n
        \         \"privateIPAllocationMethod\": \"Dynamic\",\r\n          \"publicIPAddress\":
        {\r\n            \"id\": \"/subscriptions/00000000-0000-0000-0000-000000000000/resourceGroups/cli_test_lb_address_pool_addresses000001/providers/Microsoft.Network/publicIPAddresses/PublicIPlb1\"\r\n
        \         },\r\n          \"privateIPAddressVersion\": \"IPv4\"\r\n        }\r\n
        \     }\r\n    ],\r\n    \"backendAddressPools\": [\r\n      {\r\n        \"name\":
        \"lb1bepool\",\r\n        \"id\": \"/subscriptions/00000000-0000-0000-0000-000000000000/resourceGroups/cli_test_lb_address_pool_addresses000001/providers/Microsoft.Network/loadBalancers/lb1/backendAddressPools/lb1bepool\",\r\n
        \       \"etag\": \"W/\\\"5493cb36-9932-44c0-9207-2825c6352f23\\\"\",\r\n
        \       \"properties\": {\r\n          \"provisioningState\": \"Succeeded\",\r\n
        \         \"loadBalancerBackendAddresses\": []\r\n        },\r\n        \"type\":
        \"Microsoft.Network/loadBalancers/backendAddressPools\"\r\n      }\r\n    ],\r\n
        \   \"loadBalancingRules\": [],\r\n    \"probes\": [],\r\n    \"inboundNatRules\":
        [],\r\n    \"outboundRules\": [],\r\n    \"inboundNatPools\": []\r\n  },\r\n
        \ \"sku\": {\r\n    \"name\": \"Standard\",\r\n    \"tier\": \"Regional\"\r\n
        \ }\r\n}"
    headers:
      cache-control:
      - no-cache
      content-length:
      - '2213'
      content-type:
      - application/json; charset=utf-8
      date:
      - Sun, 20 Dec 2020 21:41:29 GMT
      etag:
      - W/"5493cb36-9932-44c0-9207-2825c6352f23"
      expires:
      - '-1'
      pragma:
      - no-cache
      server:
      - Microsoft-HTTPAPI/2.0
      - Microsoft-HTTPAPI/2.0
      strict-transport-security:
      - max-age=31536000; includeSubDomains
      transfer-encoding:
      - chunked
      vary:
      - Accept-Encoding
      x-content-type-options:
      - nosniff
      x-ms-arm-service-request-id:
      - 136f1437-7461-4e0a-8420-57addbb9779d
    status:
      code: 200
      message: OK
- request:
    body: null
    headers:
      Accept:
      - application/json
      Accept-Encoding:
      - gzip, deflate
      CommandName:
      - network lb address-pool create
      Connection:
      - keep-alive
      ParameterSetName:
      - -g --lb-name -n --backend-address
      User-Agent:
      - AZURECLI/2.16.0 azsdk-python-azure-mgmt-network/17.0.0 Python/3.8.6 (Windows-10-10.0.19041-SP0)
    method: GET
    uri: https://management.azure.com/subscriptions/00000000-0000-0000-0000-000000000000/resourceGroups/cli_test_lb_address_pool_addresses000001/providers/Microsoft.Network/loadBalancers/lb1?api-version=2020-07-01
  response:
    body:
      string: "{\r\n  \"name\": \"lb1\",\r\n  \"id\": \"/subscriptions/00000000-0000-0000-0000-000000000000/resourceGroups/cli_test_lb_address_pool_addresses000001/providers/Microsoft.Network/loadBalancers/lb1\",\r\n
        \ \"etag\": \"W/\\\"5493cb36-9932-44c0-9207-2825c6352f23\\\"\",\r\n  \"type\":
        \"Microsoft.Network/loadBalancers\",\r\n  \"location\": \"westus\",\r\n  \"tags\":
        {},\r\n  \"properties\": {\r\n    \"provisioningState\": \"Succeeded\",\r\n
        \   \"resourceGuid\": \"d73153af-3808-4e4b-bc91-c28b95316daf\",\r\n    \"frontendIPConfigurations\":
        [\r\n      {\r\n        \"name\": \"LoadBalancerFrontEnd\",\r\n        \"id\":
        \"/subscriptions/00000000-0000-0000-0000-000000000000/resourceGroups/cli_test_lb_address_pool_addresses000001/providers/Microsoft.Network/loadBalancers/lb1/frontendIPConfigurations/LoadBalancerFrontEnd\",\r\n
        \       \"etag\": \"W/\\\"5493cb36-9932-44c0-9207-2825c6352f23\\\"\",\r\n
        \       \"type\": \"Microsoft.Network/loadBalancers/frontendIPConfigurations\",\r\n
        \       \"properties\": {\r\n          \"provisioningState\": \"Succeeded\",\r\n
        \         \"privateIPAllocationMethod\": \"Dynamic\",\r\n          \"publicIPAddress\":
        {\r\n            \"id\": \"/subscriptions/00000000-0000-0000-0000-000000000000/resourceGroups/cli_test_lb_address_pool_addresses000001/providers/Microsoft.Network/publicIPAddresses/PublicIPlb1\"\r\n
        \         },\r\n          \"privateIPAddressVersion\": \"IPv4\"\r\n        }\r\n
        \     }\r\n    ],\r\n    \"backendAddressPools\": [\r\n      {\r\n        \"name\":
        \"lb1bepool\",\r\n        \"id\": \"/subscriptions/00000000-0000-0000-0000-000000000000/resourceGroups/cli_test_lb_address_pool_addresses000001/providers/Microsoft.Network/loadBalancers/lb1/backendAddressPools/lb1bepool\",\r\n
        \       \"etag\": \"W/\\\"5493cb36-9932-44c0-9207-2825c6352f23\\\"\",\r\n
        \       \"properties\": {\r\n          \"provisioningState\": \"Succeeded\",\r\n
        \         \"loadBalancerBackendAddresses\": []\r\n        },\r\n        \"type\":
        \"Microsoft.Network/loadBalancers/backendAddressPools\"\r\n      }\r\n    ],\r\n
        \   \"loadBalancingRules\": [],\r\n    \"probes\": [],\r\n    \"inboundNatRules\":
        [],\r\n    \"outboundRules\": [],\r\n    \"inboundNatPools\": []\r\n  },\r\n
        \ \"sku\": {\r\n    \"name\": \"Standard\",\r\n    \"tier\": \"Regional\"\r\n
        \ }\r\n}"
    headers:
      cache-control:
      - no-cache
      content-length:
      - '2213'
      content-type:
      - application/json; charset=utf-8
      date:
      - Sun, 20 Dec 2020 21:41:31 GMT
      etag:
      - W/"5493cb36-9932-44c0-9207-2825c6352f23"
      expires:
      - '-1'
      pragma:
      - no-cache
      server:
      - Microsoft-HTTPAPI/2.0
      - Microsoft-HTTPAPI/2.0
      strict-transport-security:
      - max-age=31536000; includeSubDomains
      transfer-encoding:
      - chunked
      vary:
      - Accept-Encoding
      x-content-type-options:
      - nosniff
      x-ms-arm-service-request-id:
      - ef89e11c-11b4-4fa7-8d64-72c43fec68b2
    status:
      code: 200
      message: OK
- request:
    body: null
    headers:
      Accept:
      - application/json
      Accept-Encoding:
      - gzip, deflate
      CommandName:
      - network lb address-pool create
      Connection:
      - keep-alive
      ParameterSetName:
      - -g --lb-name -n --vnet --backend-address
      User-Agent:
      - AZURECLI/2.16.0 azsdk-python-azure-mgmt-network/17.0.0 Python/3.8.6 (Windows-10-10.0.19041-SP0)
    method: GET
    uri: https://management.azure.com/subscriptions/00000000-0000-0000-0000-000000000000/resourceGroups/cli_test_lb_address_pool_addresses000001/providers/Microsoft.Network/loadBalancers/lb1?api-version=2020-07-01
  response:
    body:
      string: "{\r\n  \"name\": \"lb1\",\r\n  \"id\": \"/subscriptions/00000000-0000-0000-0000-000000000000/resourceGroups/cli_test_lb_address_pool_addresses000001/providers/Microsoft.Network/loadBalancers/lb1\",\r\n
        \ \"etag\": \"W/\\\"5493cb36-9932-44c0-9207-2825c6352f23\\\"\",\r\n  \"type\":
        \"Microsoft.Network/loadBalancers\",\r\n  \"location\": \"westus\",\r\n  \"tags\":
        {},\r\n  \"properties\": {\r\n    \"provisioningState\": \"Succeeded\",\r\n
        \   \"resourceGuid\": \"d73153af-3808-4e4b-bc91-c28b95316daf\",\r\n    \"frontendIPConfigurations\":
        [\r\n      {\r\n        \"name\": \"LoadBalancerFrontEnd\",\r\n        \"id\":
        \"/subscriptions/00000000-0000-0000-0000-000000000000/resourceGroups/cli_test_lb_address_pool_addresses000001/providers/Microsoft.Network/loadBalancers/lb1/frontendIPConfigurations/LoadBalancerFrontEnd\",\r\n
        \       \"etag\": \"W/\\\"5493cb36-9932-44c0-9207-2825c6352f23\\\"\",\r\n
        \       \"type\": \"Microsoft.Network/loadBalancers/frontendIPConfigurations\",\r\n
        \       \"properties\": {\r\n          \"provisioningState\": \"Succeeded\",\r\n
        \         \"privateIPAllocationMethod\": \"Dynamic\",\r\n          \"publicIPAddress\":
        {\r\n            \"id\": \"/subscriptions/00000000-0000-0000-0000-000000000000/resourceGroups/cli_test_lb_address_pool_addresses000001/providers/Microsoft.Network/publicIPAddresses/PublicIPlb1\"\r\n
        \         },\r\n          \"privateIPAddressVersion\": \"IPv4\"\r\n        }\r\n
        \     }\r\n    ],\r\n    \"backendAddressPools\": [\r\n      {\r\n        \"name\":
        \"lb1bepool\",\r\n        \"id\": \"/subscriptions/00000000-0000-0000-0000-000000000000/resourceGroups/cli_test_lb_address_pool_addresses000001/providers/Microsoft.Network/loadBalancers/lb1/backendAddressPools/lb1bepool\",\r\n
        \       \"etag\": \"W/\\\"5493cb36-9932-44c0-9207-2825c6352f23\\\"\",\r\n
        \       \"properties\": {\r\n          \"provisioningState\": \"Succeeded\",\r\n
        \         \"loadBalancerBackendAddresses\": []\r\n        },\r\n        \"type\":
        \"Microsoft.Network/loadBalancers/backendAddressPools\"\r\n      }\r\n    ],\r\n
        \   \"loadBalancingRules\": [],\r\n    \"probes\": [],\r\n    \"inboundNatRules\":
        [],\r\n    \"outboundRules\": [],\r\n    \"inboundNatPools\": []\r\n  },\r\n
        \ \"sku\": {\r\n    \"name\": \"Standard\",\r\n    \"tier\": \"Regional\"\r\n
        \ }\r\n}"
    headers:
      cache-control:
      - no-cache
      content-length:
      - '2213'
      content-type:
      - application/json; charset=utf-8
      date:
      - Sun, 20 Dec 2020 21:41:32 GMT
      etag:
      - W/"5493cb36-9932-44c0-9207-2825c6352f23"
      expires:
      - '-1'
      pragma:
      - no-cache
      server:
      - Microsoft-HTTPAPI/2.0
      - Microsoft-HTTPAPI/2.0
      strict-transport-security:
      - max-age=31536000; includeSubDomains
      transfer-encoding:
      - chunked
      vary:
      - Accept-Encoding
      x-content-type-options:
      - nosniff
      x-ms-arm-service-request-id:
      - 5bf69c57-9d7b-487a-a4e7-d5b43eae7662
    status:
      code: 200
      message: OK
- request:
    body: null
    headers:
      Accept:
      - application/json
      Accept-Encoding:
      - gzip, deflate
      CommandName:
      - network lb address-pool create
      Connection:
      - keep-alive
      ParameterSetName:
      - -g --lb-name -n --vnet --backend-address --backend-address --backend-address
      User-Agent:
      - AZURECLI/2.16.0 azsdk-python-azure-mgmt-network/17.0.0 Python/3.8.6 (Windows-10-10.0.19041-SP0)
    method: GET
    uri: https://management.azure.com/subscriptions/00000000-0000-0000-0000-000000000000/resourceGroups/cli_test_lb_address_pool_addresses000001/providers/Microsoft.Network/loadBalancers/lb1?api-version=2020-07-01
  response:
    body:
      string: "{\r\n  \"name\": \"lb1\",\r\n  \"id\": \"/subscriptions/00000000-0000-0000-0000-000000000000/resourceGroups/cli_test_lb_address_pool_addresses000001/providers/Microsoft.Network/loadBalancers/lb1\",\r\n
        \ \"etag\": \"W/\\\"5493cb36-9932-44c0-9207-2825c6352f23\\\"\",\r\n  \"type\":
        \"Microsoft.Network/loadBalancers\",\r\n  \"location\": \"westus\",\r\n  \"tags\":
        {},\r\n  \"properties\": {\r\n    \"provisioningState\": \"Succeeded\",\r\n
        \   \"resourceGuid\": \"d73153af-3808-4e4b-bc91-c28b95316daf\",\r\n    \"frontendIPConfigurations\":
        [\r\n      {\r\n        \"name\": \"LoadBalancerFrontEnd\",\r\n        \"id\":
        \"/subscriptions/00000000-0000-0000-0000-000000000000/resourceGroups/cli_test_lb_address_pool_addresses000001/providers/Microsoft.Network/loadBalancers/lb1/frontendIPConfigurations/LoadBalancerFrontEnd\",\r\n
        \       \"etag\": \"W/\\\"5493cb36-9932-44c0-9207-2825c6352f23\\\"\",\r\n
        \       \"type\": \"Microsoft.Network/loadBalancers/frontendIPConfigurations\",\r\n
        \       \"properties\": {\r\n          \"provisioningState\": \"Succeeded\",\r\n
        \         \"privateIPAllocationMethod\": \"Dynamic\",\r\n          \"publicIPAddress\":
        {\r\n            \"id\": \"/subscriptions/00000000-0000-0000-0000-000000000000/resourceGroups/cli_test_lb_address_pool_addresses000001/providers/Microsoft.Network/publicIPAddresses/PublicIPlb1\"\r\n
        \         },\r\n          \"privateIPAddressVersion\": \"IPv4\"\r\n        }\r\n
        \     }\r\n    ],\r\n    \"backendAddressPools\": [\r\n      {\r\n        \"name\":
        \"lb1bepool\",\r\n        \"id\": \"/subscriptions/00000000-0000-0000-0000-000000000000/resourceGroups/cli_test_lb_address_pool_addresses000001/providers/Microsoft.Network/loadBalancers/lb1/backendAddressPools/lb1bepool\",\r\n
        \       \"etag\": \"W/\\\"5493cb36-9932-44c0-9207-2825c6352f23\\\"\",\r\n
        \       \"properties\": {\r\n          \"provisioningState\": \"Succeeded\",\r\n
        \         \"loadBalancerBackendAddresses\": []\r\n        },\r\n        \"type\":
        \"Microsoft.Network/loadBalancers/backendAddressPools\"\r\n      }\r\n    ],\r\n
        \   \"loadBalancingRules\": [],\r\n    \"probes\": [],\r\n    \"inboundNatRules\":
        [],\r\n    \"outboundRules\": [],\r\n    \"inboundNatPools\": []\r\n  },\r\n
        \ \"sku\": {\r\n    \"name\": \"Standard\",\r\n    \"tier\": \"Regional\"\r\n
        \ }\r\n}"
    headers:
      cache-control:
      - no-cache
      content-length:
      - '2213'
      content-type:
      - application/json; charset=utf-8
      date:
      - Sun, 20 Dec 2020 21:41:32 GMT
      etag:
      - W/"5493cb36-9932-44c0-9207-2825c6352f23"
      expires:
      - '-1'
      pragma:
      - no-cache
      server:
      - Microsoft-HTTPAPI/2.0
      - Microsoft-HTTPAPI/2.0
      strict-transport-security:
      - max-age=31536000; includeSubDomains
      transfer-encoding:
      - chunked
      vary:
      - Accept-Encoding
      x-content-type-options:
      - nosniff
      x-ms-arm-service-request-id:
      - 215942d7-73a4-4bb1-b8e6-1f06795d5758
    status:
      code: 200
      message: OK
- request:
    body: '{"name": "bap1", "properties": {"loadBalancerBackendAddresses": [{"name":
      "addr1", "properties": {"virtualNetwork": {"id": "/subscriptions/00000000-0000-0000-0000-000000000000/resourceGroups/cli_test_lb_address_pool_addresses000001/providers/Microsoft.Network/virtualNetworks/clitestvnet",
      "properties": {"enableDdosProtection": false, "enableVmProtection": false}},
      "ipAddress": "10.0.0.1"}}, {"name": "addr2", "properties": {"virtualNetwork":
      {"id": "/subscriptions/00000000-0000-0000-0000-000000000000/resourceGroups/cli_test_lb_address_pool_addresses000001/providers/Microsoft.Network/virtualNetworks/clitestvnet",
      "properties": {"enableDdosProtection": false, "enableVmProtection": false}},
      "ipAddress": "10.0.0.2"}}, {"name": "addr3", "properties": {"virtualNetwork":
      {"id": "/subscriptions/00000000-0000-0000-0000-000000000000/resourceGroups/cli_test_lb_address_pool_addresses000001/providers/Microsoft.Network/virtualNetworks/clitestvnet",
      "properties": {"enableDdosProtection": false, "enableVmProtection": false}},
      "ipAddress": "10.0.0.3"}}]}}'
    headers:
      Accept:
      - application/json
      Accept-Encoding:
      - gzip, deflate
      CommandName:
      - network lb address-pool create
      Connection:
      - keep-alive
      Content-Length:
      - '1158'
      Content-Type:
      - application/json
      ParameterSetName:
      - -g --lb-name -n --vnet --backend-address --backend-address --backend-address
      User-Agent:
      - AZURECLI/2.16.0 azsdk-python-azure-mgmt-network/17.0.0 Python/3.8.6 (Windows-10-10.0.19041-SP0)
    method: PUT
    uri: https://management.azure.com/subscriptions/00000000-0000-0000-0000-000000000000/resourceGroups/cli_test_lb_address_pool_addresses000001/providers/Microsoft.Network/loadBalancers/lb1/backendAddressPools/bap1?api-version=2020-07-01
  response:
    body:
      string: "{\r\n  \"name\": \"bap1\",\r\n  \"id\": \"/subscriptions/00000000-0000-0000-0000-000000000000/resourceGroups/cli_test_lb_address_pool_addresses000001/providers/Microsoft.Network/loadBalancers/lb1/backendAddressPools/bap1\",\r\n
        \ \"etag\": \"W/\\\"b4bd4da0-6b53-421d-9731-154826e98af4\\\"\",\r\n  \"properties\":
        {\r\n    \"provisioningState\": \"Updating\",\r\n    \"loadBalancerBackendAddresses\":
        [\r\n      {\r\n        \"name\": \"addr1\",\r\n        \"id\": \"/subscriptions/00000000-0000-0000-0000-000000000000/resourceGroups/cli_test_lb_address_pool_addresses000001/providers/Microsoft.Network/loadBalancers/lb1/backendAddressPools/bap1/loadBalancerBackendAddresses/addr1\",\r\n
        \       \"etag\": \"W/\\\"b4bd4da0-6b53-421d-9731-154826e98af4\\\"\",\r\n
        \       \"properties\": {\r\n          \"provisioningState\": \"Updating\",\r\n
        \         \"ipAddress\": \"10.0.0.1\",\r\n          \"virtualNetwork\": {\r\n
        \           \"id\": \"/subscriptions/00000000-0000-0000-0000-000000000000/resourceGroups/cli_test_lb_address_pool_addresses000001/providers/Microsoft.Network/virtualNetworks/clitestvnet\"\r\n
        \         }\r\n        },\r\n        \"type\": \"Microsoft.Network/loadBalancers/backendAddressPools/loadBalancerBackendAddresses\"\r\n
        \     },\r\n      {\r\n        \"name\": \"addr2\",\r\n        \"id\": \"/subscriptions/00000000-0000-0000-0000-000000000000/resourceGroups/cli_test_lb_address_pool_addresses000001/providers/Microsoft.Network/loadBalancers/lb1/backendAddressPools/bap1/loadBalancerBackendAddresses/addr2\",\r\n
        \       \"etag\": \"W/\\\"b4bd4da0-6b53-421d-9731-154826e98af4\\\"\",\r\n
        \       \"properties\": {\r\n          \"provisioningState\": \"Updating\",\r\n
        \         \"ipAddress\": \"10.0.0.2\",\r\n          \"virtualNetwork\": {\r\n
        \           \"id\": \"/subscriptions/00000000-0000-0000-0000-000000000000/resourceGroups/cli_test_lb_address_pool_addresses000001/providers/Microsoft.Network/virtualNetworks/clitestvnet\"\r\n
        \         }\r\n        },\r\n        \"type\": \"Microsoft.Network/loadBalancers/backendAddressPools/loadBalancerBackendAddresses\"\r\n
        \     },\r\n      {\r\n        \"name\": \"addr3\",\r\n        \"id\": \"/subscriptions/00000000-0000-0000-0000-000000000000/resourceGroups/cli_test_lb_address_pool_addresses000001/providers/Microsoft.Network/loadBalancers/lb1/backendAddressPools/bap1/loadBalancerBackendAddresses/addr3\",\r\n
        \       \"etag\": \"W/\\\"b4bd4da0-6b53-421d-9731-154826e98af4\\\"\",\r\n
        \       \"properties\": {\r\n          \"provisioningState\": \"Updating\",\r\n
        \         \"ipAddress\": \"10.0.0.3\",\r\n          \"virtualNetwork\": {\r\n
        \           \"id\": \"/subscriptions/00000000-0000-0000-0000-000000000000/resourceGroups/cli_test_lb_address_pool_addresses000001/providers/Microsoft.Network/virtualNetworks/clitestvnet\"\r\n
        \         }\r\n        },\r\n        \"type\": \"Microsoft.Network/loadBalancers/backendAddressPools/loadBalancerBackendAddresses\"\r\n
        \     }\r\n    ]\r\n  },\r\n  \"type\": \"Microsoft.Network/loadBalancers/backendAddressPools\"\r\n}"
    headers:
      azure-asyncoperation:
      - https://management.azure.com/subscriptions/00000000-0000-0000-0000-000000000000/providers/Microsoft.Network/locations/westus/operations/1de316bb-59e6-4554-88cb-699151b6e0f7?api-version=2020-07-01
      cache-control:
      - no-cache
      content-length:
      - '3047'
      content-type:
      - application/json; charset=utf-8
      date:
      - Sun, 20 Dec 2020 21:41:33 GMT
      expires:
      - '-1'
      pragma:
      - no-cache
      server:
      - Microsoft-HTTPAPI/2.0
      - Microsoft-HTTPAPI/2.0
      strict-transport-security:
      - max-age=31536000; includeSubDomains
      x-content-type-options:
      - nosniff
      x-ms-arm-service-request-id:
      - 30e57025-5312-45b1-814f-e0733ceedcaa
      x-ms-ratelimit-remaining-subscription-writes:
      - '1197'
    status:
      code: 201
      message: Created
- request:
    body: null
    headers:
      Accept:
      - '*/*'
      Accept-Encoding:
      - gzip, deflate
      CommandName:
      - network lb address-pool create
      Connection:
      - keep-alive
      ParameterSetName:
      - -g --lb-name -n --vnet --backend-address --backend-address --backend-address
      User-Agent:
      - AZURECLI/2.16.0 azsdk-python-azure-mgmt-network/17.0.0 Python/3.8.6 (Windows-10-10.0.19041-SP0)
    method: GET
    uri: https://management.azure.com/subscriptions/00000000-0000-0000-0000-000000000000/providers/Microsoft.Network/locations/westus/operations/1de316bb-59e6-4554-88cb-699151b6e0f7?api-version=2020-07-01
  response:
    body:
      string: "{\r\n  \"status\": \"Succeeded\"\r\n}"
    headers:
      cache-control:
      - no-cache
      content-length:
      - '29'
      content-type:
      - application/json; charset=utf-8
      date:
      - Sun, 20 Dec 2020 21:41:43 GMT
      expires:
      - '-1'
      pragma:
      - no-cache
      server:
      - Microsoft-HTTPAPI/2.0
      - Microsoft-HTTPAPI/2.0
      strict-transport-security:
      - max-age=31536000; includeSubDomains
      transfer-encoding:
      - chunked
      vary:
      - Accept-Encoding
      x-content-type-options:
      - nosniff
      x-ms-arm-service-request-id:
      - 97c919d9-1c0a-46b2-aa4f-77b8dfe98f78
    status:
      code: 200
      message: OK
- request:
    body: null
    headers:
      Accept:
      - '*/*'
      Accept-Encoding:
      - gzip, deflate
      CommandName:
      - network lb address-pool create
      Connection:
      - keep-alive
      ParameterSetName:
      - -g --lb-name -n --vnet --backend-address --backend-address --backend-address
      User-Agent:
      - AZURECLI/2.16.0 azsdk-python-azure-mgmt-network/17.0.0 Python/3.8.6 (Windows-10-10.0.19041-SP0)
    method: GET
    uri: https://management.azure.com/subscriptions/00000000-0000-0000-0000-000000000000/resourceGroups/cli_test_lb_address_pool_addresses000001/providers/Microsoft.Network/loadBalancers/lb1/backendAddressPools/bap1?api-version=2020-07-01
  response:
    body:
      string: "{\r\n  \"name\": \"bap1\",\r\n  \"id\": \"/subscriptions/00000000-0000-0000-0000-000000000000/resourceGroups/cli_test_lb_address_pool_addresses000001/providers/Microsoft.Network/loadBalancers/lb1/backendAddressPools/bap1\",\r\n
        \ \"etag\": \"W/\\\"17d9ba4f-c277-407f-a963-5003eab93d19\\\"\",\r\n  \"properties\":
        {\r\n    \"provisioningState\": \"Succeeded\",\r\n    \"loadBalancerBackendAddresses\":
        [\r\n      {\r\n        \"name\": \"addr1\",\r\n        \"id\": \"/subscriptions/00000000-0000-0000-0000-000000000000/resourceGroups/cli_test_lb_address_pool_addresses000001/providers/Microsoft.Network/loadBalancers/lb1/backendAddressPools/bap1/loadBalancerBackendAddresses/addr1\",\r\n
        \       \"etag\": \"W/\\\"17d9ba4f-c277-407f-a963-5003eab93d19\\\"\",\r\n
        \       \"properties\": {\r\n          \"provisioningState\": \"Succeeded\",\r\n
        \         \"ipAddress\": \"10.0.0.1\",\r\n          \"virtualNetwork\": {\r\n
        \           \"id\": \"/subscriptions/00000000-0000-0000-0000-000000000000/resourceGroups/cli_test_lb_address_pool_addresses000001/providers/Microsoft.Network/virtualNetworks/clitestvnet\"\r\n
        \         }\r\n        },\r\n        \"type\": \"Microsoft.Network/loadBalancers/backendAddressPools/loadBalancerBackendAddresses\"\r\n
        \     },\r\n      {\r\n        \"name\": \"addr2\",\r\n        \"id\": \"/subscriptions/00000000-0000-0000-0000-000000000000/resourceGroups/cli_test_lb_address_pool_addresses000001/providers/Microsoft.Network/loadBalancers/lb1/backendAddressPools/bap1/loadBalancerBackendAddresses/addr2\",\r\n
        \       \"etag\": \"W/\\\"17d9ba4f-c277-407f-a963-5003eab93d19\\\"\",\r\n
        \       \"properties\": {\r\n          \"provisioningState\": \"Succeeded\",\r\n
        \         \"ipAddress\": \"10.0.0.2\",\r\n          \"virtualNetwork\": {\r\n
        \           \"id\": \"/subscriptions/00000000-0000-0000-0000-000000000000/resourceGroups/cli_test_lb_address_pool_addresses000001/providers/Microsoft.Network/virtualNetworks/clitestvnet\"\r\n
        \         }\r\n        },\r\n        \"type\": \"Microsoft.Network/loadBalancers/backendAddressPools/loadBalancerBackendAddresses\"\r\n
        \     },\r\n      {\r\n        \"name\": \"addr3\",\r\n        \"id\": \"/subscriptions/00000000-0000-0000-0000-000000000000/resourceGroups/cli_test_lb_address_pool_addresses000001/providers/Microsoft.Network/loadBalancers/lb1/backendAddressPools/bap1/loadBalancerBackendAddresses/addr3\",\r\n
        \       \"etag\": \"W/\\\"17d9ba4f-c277-407f-a963-5003eab93d19\\\"\",\r\n
        \       \"properties\": {\r\n          \"provisioningState\": \"Succeeded\",\r\n
        \         \"ipAddress\": \"10.0.0.3\",\r\n          \"virtualNetwork\": {\r\n
        \           \"id\": \"/subscriptions/00000000-0000-0000-0000-000000000000/resourceGroups/cli_test_lb_address_pool_addresses000001/providers/Microsoft.Network/virtualNetworks/clitestvnet\"\r\n
        \         }\r\n        },\r\n        \"type\": \"Microsoft.Network/loadBalancers/backendAddressPools/loadBalancerBackendAddresses\"\r\n
        \     }\r\n    ]\r\n  },\r\n  \"type\": \"Microsoft.Network/loadBalancers/backendAddressPools\"\r\n}"
    headers:
      cache-control:
      - no-cache
      content-length:
      - '3051'
      content-type:
      - application/json; charset=utf-8
      date:
      - Sun, 20 Dec 2020 21:41:43 GMT
      etag:
      - W/"17d9ba4f-c277-407f-a963-5003eab93d19"
      expires:
      - '-1'
      pragma:
      - no-cache
      server:
      - Microsoft-HTTPAPI/2.0
      - Microsoft-HTTPAPI/2.0
      strict-transport-security:
      - max-age=31536000; includeSubDomains
      transfer-encoding:
      - chunked
      vary:
      - Accept-Encoding
      x-content-type-options:
      - nosniff
      x-ms-arm-service-request-id:
      - c0411187-517c-4ded-b242-adfa70445017
    status:
      code: 200
      message: OK
- request:
    body: null
    headers:
      Accept:
      - application/json
      Accept-Encoding:
      - gzip, deflate
      CommandName:
      - network lb address-pool address add
      Connection:
      - keep-alive
      ParameterSetName:
      - -g --lb-name --pool-name --name --vnet --ip-address
      User-Agent:
      - AZURECLI/2.16.0 azsdk-python-azure-mgmt-network/17.0.0 Python/3.8.6 (Windows-10-10.0.19041-SP0)
    method: GET
    uri: https://management.azure.com/subscriptions/00000000-0000-0000-0000-000000000000/resourceGroups/cli_test_lb_address_pool_addresses000001/providers/Microsoft.Network/loadBalancers/lb1/backendAddressPools/bap1?api-version=2020-07-01
  response:
    body:
      string: "{\r\n  \"name\": \"bap1\",\r\n  \"id\": \"/subscriptions/00000000-0000-0000-0000-000000000000/resourceGroups/cli_test_lb_address_pool_addresses000001/providers/Microsoft.Network/loadBalancers/lb1/backendAddressPools/bap1\",\r\n
        \ \"etag\": \"W/\\\"17d9ba4f-c277-407f-a963-5003eab93d19\\\"\",\r\n  \"properties\":
        {\r\n    \"provisioningState\": \"Succeeded\",\r\n    \"loadBalancerBackendAddresses\":
        [\r\n      {\r\n        \"name\": \"addr1\",\r\n        \"id\": \"/subscriptions/00000000-0000-0000-0000-000000000000/resourceGroups/cli_test_lb_address_pool_addresses000001/providers/Microsoft.Network/loadBalancers/lb1/backendAddressPools/bap1/loadBalancerBackendAddresses/addr1\",\r\n
        \       \"etag\": \"W/\\\"17d9ba4f-c277-407f-a963-5003eab93d19\\\"\",\r\n
        \       \"properties\": {\r\n          \"provisioningState\": \"Succeeded\",\r\n
        \         \"ipAddress\": \"10.0.0.1\",\r\n          \"virtualNetwork\": {\r\n
        \           \"id\": \"/subscriptions/00000000-0000-0000-0000-000000000000/resourceGroups/cli_test_lb_address_pool_addresses000001/providers/Microsoft.Network/virtualNetworks/clitestvnet\"\r\n
        \         }\r\n        },\r\n        \"type\": \"Microsoft.Network/loadBalancers/backendAddressPools/loadBalancerBackendAddresses\"\r\n
        \     },\r\n      {\r\n        \"name\": \"addr2\",\r\n        \"id\": \"/subscriptions/00000000-0000-0000-0000-000000000000/resourceGroups/cli_test_lb_address_pool_addresses000001/providers/Microsoft.Network/loadBalancers/lb1/backendAddressPools/bap1/loadBalancerBackendAddresses/addr2\",\r\n
        \       \"etag\": \"W/\\\"17d9ba4f-c277-407f-a963-5003eab93d19\\\"\",\r\n
        \       \"properties\": {\r\n          \"provisioningState\": \"Succeeded\",\r\n
        \         \"ipAddress\": \"10.0.0.2\",\r\n          \"virtualNetwork\": {\r\n
        \           \"id\": \"/subscriptions/00000000-0000-0000-0000-000000000000/resourceGroups/cli_test_lb_address_pool_addresses000001/providers/Microsoft.Network/virtualNetworks/clitestvnet\"\r\n
        \         }\r\n        },\r\n        \"type\": \"Microsoft.Network/loadBalancers/backendAddressPools/loadBalancerBackendAddresses\"\r\n
        \     },\r\n      {\r\n        \"name\": \"addr3\",\r\n        \"id\": \"/subscriptions/00000000-0000-0000-0000-000000000000/resourceGroups/cli_test_lb_address_pool_addresses000001/providers/Microsoft.Network/loadBalancers/lb1/backendAddressPools/bap1/loadBalancerBackendAddresses/addr3\",\r\n
        \       \"etag\": \"W/\\\"17d9ba4f-c277-407f-a963-5003eab93d19\\\"\",\r\n
        \       \"properties\": {\r\n          \"provisioningState\": \"Succeeded\",\r\n
        \         \"ipAddress\": \"10.0.0.3\",\r\n          \"virtualNetwork\": {\r\n
        \           \"id\": \"/subscriptions/00000000-0000-0000-0000-000000000000/resourceGroups/cli_test_lb_address_pool_addresses000001/providers/Microsoft.Network/virtualNetworks/clitestvnet\"\r\n
        \         }\r\n        },\r\n        \"type\": \"Microsoft.Network/loadBalancers/backendAddressPools/loadBalancerBackendAddresses\"\r\n
        \     }\r\n    ]\r\n  },\r\n  \"type\": \"Microsoft.Network/loadBalancers/backendAddressPools\"\r\n}"
    headers:
      cache-control:
      - no-cache
      content-length:
      - '3051'
      content-type:
      - application/json; charset=utf-8
      date:
      - Sun, 20 Dec 2020 21:41:45 GMT
      etag:
      - W/"17d9ba4f-c277-407f-a963-5003eab93d19"
      expires:
      - '-1'
      pragma:
      - no-cache
      server:
      - Microsoft-HTTPAPI/2.0
      - Microsoft-HTTPAPI/2.0
      strict-transport-security:
      - max-age=31536000; includeSubDomains
      transfer-encoding:
      - chunked
      vary:
      - Accept-Encoding
      x-content-type-options:
      - nosniff
      x-ms-arm-service-request-id:
      - 8c1a5b15-c200-4b46-ba83-6b0c4b9f09f9
    status:
      code: 200
      message: OK
- request:
    body: '{"id": "/subscriptions/00000000-0000-0000-0000-000000000000/resourceGroups/cli_test_lb_address_pool_addresses000001/providers/Microsoft.Network/loadBalancers/lb1/backendAddressPools/bap1",
      "name": "bap1", "properties": {"loadBalancerBackendAddresses": [{"name": "addr1",
      "properties": {"virtualNetwork": {"id": "/subscriptions/00000000-0000-0000-0000-000000000000/resourceGroups/cli_test_lb_address_pool_addresses000001/providers/Microsoft.Network/virtualNetworks/clitestvnet"},
      "ipAddress": "10.0.0.1"}}, {"name": "addr2", "properties": {"virtualNetwork":
      {"id": "/subscriptions/00000000-0000-0000-0000-000000000000/resourceGroups/cli_test_lb_address_pool_addresses000001/providers/Microsoft.Network/virtualNetworks/clitestvnet"},
      "ipAddress": "10.0.0.2"}}, {"name": "addr3", "properties": {"virtualNetwork":
      {"id": "/subscriptions/00000000-0000-0000-0000-000000000000/resourceGroups/cli_test_lb_address_pool_addresses000001/providers/Microsoft.Network/virtualNetworks/clitestvnet"},
      "ipAddress": "10.0.0.3"}}, {"name": "addr6", "properties": {"virtualNetwork":
      {"id": "/subscriptions/00000000-0000-0000-0000-000000000000/resourceGroups/cli_test_lb_address_pool_addresses000001/providers/Microsoft.Network/virtualNetworks/clitestvnet",
      "properties": {"enableDdosProtection": false, "enableVmProtection": false}},
      "ipAddress": "10.0.0.6"}}]}}'
    headers:
      Accept:
      - application/json
      Accept-Encoding:
      - gzip, deflate
      CommandName:
      - network lb address-pool address add
      Connection:
      - keep-alive
      Content-Length:
      - '1517'
      Content-Type:
      - application/json
      ParameterSetName:
      - -g --lb-name --pool-name --name --vnet --ip-address
      User-Agent:
      - AZURECLI/2.16.0 azsdk-python-azure-mgmt-network/17.0.0 Python/3.8.6 (Windows-10-10.0.19041-SP0)
    method: PUT
    uri: https://management.azure.com/subscriptions/00000000-0000-0000-0000-000000000000/resourceGroups/cli_test_lb_address_pool_addresses000001/providers/Microsoft.Network/loadBalancers/lb1/backendAddressPools/bap1?api-version=2020-07-01
  response:
    body:
      string: "{\r\n  \"name\": \"bap1\",\r\n  \"id\": \"/subscriptions/00000000-0000-0000-0000-000000000000/resourceGroups/cli_test_lb_address_pool_addresses000001/providers/Microsoft.Network/loadBalancers/lb1/backendAddressPools/bap1\",\r\n
        \ \"etag\": \"W/\\\"f6b1f025-a40a-44c0-8223-ad0957800458\\\"\",\r\n  \"properties\":
        {\r\n    \"provisioningState\": \"Updating\",\r\n    \"loadBalancerBackendAddresses\":
        [\r\n      {\r\n        \"name\": \"addr1\",\r\n        \"id\": \"/subscriptions/00000000-0000-0000-0000-000000000000/resourceGroups/cli_test_lb_address_pool_addresses000001/providers/Microsoft.Network/loadBalancers/lb1/backendAddressPools/bap1/loadBalancerBackendAddresses/addr1\",\r\n
        \       \"etag\": \"W/\\\"f6b1f025-a40a-44c0-8223-ad0957800458\\\"\",\r\n
        \       \"properties\": {\r\n          \"provisioningState\": \"Updating\",\r\n
        \         \"ipAddress\": \"10.0.0.1\",\r\n          \"virtualNetwork\": {\r\n
        \           \"id\": \"/subscriptions/00000000-0000-0000-0000-000000000000/resourceGroups/cli_test_lb_address_pool_addresses000001/providers/Microsoft.Network/virtualNetworks/clitestvnet\"\r\n
        \         }\r\n        },\r\n        \"type\": \"Microsoft.Network/loadBalancers/backendAddressPools/loadBalancerBackendAddresses\"\r\n
        \     },\r\n      {\r\n        \"name\": \"addr2\",\r\n        \"id\": \"/subscriptions/00000000-0000-0000-0000-000000000000/resourceGroups/cli_test_lb_address_pool_addresses000001/providers/Microsoft.Network/loadBalancers/lb1/backendAddressPools/bap1/loadBalancerBackendAddresses/addr2\",\r\n
        \       \"etag\": \"W/\\\"f6b1f025-a40a-44c0-8223-ad0957800458\\\"\",\r\n
        \       \"properties\": {\r\n          \"provisioningState\": \"Updating\",\r\n
        \         \"ipAddress\": \"10.0.0.2\",\r\n          \"virtualNetwork\": {\r\n
        \           \"id\": \"/subscriptions/00000000-0000-0000-0000-000000000000/resourceGroups/cli_test_lb_address_pool_addresses000001/providers/Microsoft.Network/virtualNetworks/clitestvnet\"\r\n
        \         }\r\n        },\r\n        \"type\": \"Microsoft.Network/loadBalancers/backendAddressPools/loadBalancerBackendAddresses\"\r\n
        \     },\r\n      {\r\n        \"name\": \"addr3\",\r\n        \"id\": \"/subscriptions/00000000-0000-0000-0000-000000000000/resourceGroups/cli_test_lb_address_pool_addresses000001/providers/Microsoft.Network/loadBalancers/lb1/backendAddressPools/bap1/loadBalancerBackendAddresses/addr3\",\r\n
        \       \"etag\": \"W/\\\"f6b1f025-a40a-44c0-8223-ad0957800458\\\"\",\r\n
        \       \"properties\": {\r\n          \"provisioningState\": \"Updating\",\r\n
        \         \"ipAddress\": \"10.0.0.3\",\r\n          \"virtualNetwork\": {\r\n
        \           \"id\": \"/subscriptions/00000000-0000-0000-0000-000000000000/resourceGroups/cli_test_lb_address_pool_addresses000001/providers/Microsoft.Network/virtualNetworks/clitestvnet\"\r\n
        \         }\r\n        },\r\n        \"type\": \"Microsoft.Network/loadBalancers/backendAddressPools/loadBalancerBackendAddresses\"\r\n
        \     },\r\n      {\r\n        \"name\": \"addr6\",\r\n        \"id\": \"/subscriptions/00000000-0000-0000-0000-000000000000/resourceGroups/cli_test_lb_address_pool_addresses000001/providers/Microsoft.Network/loadBalancers/lb1/backendAddressPools/bap1/loadBalancerBackendAddresses/addr6\",\r\n
        \       \"etag\": \"W/\\\"f6b1f025-a40a-44c0-8223-ad0957800458\\\"\",\r\n
        \       \"properties\": {\r\n          \"provisioningState\": \"Updating\",\r\n
        \         \"ipAddress\": \"10.0.0.6\",\r\n          \"virtualNetwork\": {\r\n
        \           \"id\": \"/subscriptions/00000000-0000-0000-0000-000000000000/resourceGroups/cli_test_lb_address_pool_addresses000001/providers/Microsoft.Network/virtualNetworks/clitestvnet\"\r\n
        \         }\r\n        },\r\n        \"type\": \"Microsoft.Network/loadBalancers/backendAddressPools/loadBalancerBackendAddresses\"\r\n
        \     }\r\n    ]\r\n  },\r\n  \"type\": \"Microsoft.Network/loadBalancers/backendAddressPools\"\r\n}"
    headers:
      azure-asyncoperation:
      - https://management.azure.com/subscriptions/00000000-0000-0000-0000-000000000000/providers/Microsoft.Network/locations/westus/operations/f330f44e-966a-4542-8e2f-740f62cd9718?api-version=2020-07-01
      cache-control:
      - no-cache
      content-length:
      - '3903'
      content-type:
      - application/json; charset=utf-8
      date:
      - Sun, 20 Dec 2020 21:41:45 GMT
      expires:
      - '-1'
      pragma:
      - no-cache
      server:
      - Microsoft-HTTPAPI/2.0
      - Microsoft-HTTPAPI/2.0
      strict-transport-security:
      - max-age=31536000; includeSubDomains
      transfer-encoding:
      - chunked
      vary:
      - Accept-Encoding
      x-content-type-options:
      - nosniff
      x-ms-arm-service-request-id:
      - 89fd21a2-3a15-4298-9402-5154c72c7d03
      x-ms-ratelimit-remaining-subscription-writes:
      - '1198'
    status:
      code: 200
      message: OK
- request:
    body: null
    headers:
      Accept:
      - '*/*'
      Accept-Encoding:
      - gzip, deflate
      CommandName:
      - network lb address-pool address add
      Connection:
      - keep-alive
      ParameterSetName:
      - -g --lb-name --pool-name --name --vnet --ip-address
      User-Agent:
      - AZURECLI/2.16.0 azsdk-python-azure-mgmt-network/17.0.0 Python/3.8.6 (Windows-10-10.0.19041-SP0)
    method: GET
    uri: https://management.azure.com/subscriptions/00000000-0000-0000-0000-000000000000/providers/Microsoft.Network/locations/westus/operations/f330f44e-966a-4542-8e2f-740f62cd9718?api-version=2020-07-01
  response:
    body:
      string: "{\r\n  \"status\": \"Succeeded\"\r\n}"
    headers:
      cache-control:
      - no-cache
      content-length:
      - '29'
      content-type:
      - application/json; charset=utf-8
      date:
      - Sun, 20 Dec 2020 21:41:56 GMT
      expires:
      - '-1'
      pragma:
      - no-cache
      server:
      - Microsoft-HTTPAPI/2.0
      - Microsoft-HTTPAPI/2.0
      strict-transport-security:
      - max-age=31536000; includeSubDomains
      transfer-encoding:
      - chunked
      vary:
      - Accept-Encoding
      x-content-type-options:
      - nosniff
      x-ms-arm-service-request-id:
      - f51d86e0-4eb7-415e-ae12-544d9b1222e4
    status:
      code: 200
      message: OK
- request:
    body: null
    headers:
      Accept:
      - '*/*'
      Accept-Encoding:
      - gzip, deflate
      CommandName:
      - network lb address-pool address add
      Connection:
      - keep-alive
      ParameterSetName:
      - -g --lb-name --pool-name --name --vnet --ip-address
      User-Agent:
      - AZURECLI/2.16.0 azsdk-python-azure-mgmt-network/17.0.0 Python/3.8.6 (Windows-10-10.0.19041-SP0)
    method: GET
    uri: https://management.azure.com/subscriptions/00000000-0000-0000-0000-000000000000/resourceGroups/cli_test_lb_address_pool_addresses000001/providers/Microsoft.Network/loadBalancers/lb1/backendAddressPools/bap1?api-version=2020-07-01
  response:
    body:
      string: "{\r\n  \"name\": \"bap1\",\r\n  \"id\": \"/subscriptions/00000000-0000-0000-0000-000000000000/resourceGroups/cli_test_lb_address_pool_addresses000001/providers/Microsoft.Network/loadBalancers/lb1/backendAddressPools/bap1\",\r\n
        \ \"etag\": \"W/\\\"0f698f74-9795-423c-ac23-4565f1866961\\\"\",\r\n  \"properties\":
        {\r\n    \"provisioningState\": \"Succeeded\",\r\n    \"loadBalancerBackendAddresses\":
        [\r\n      {\r\n        \"name\": \"addr1\",\r\n        \"id\": \"/subscriptions/00000000-0000-0000-0000-000000000000/resourceGroups/cli_test_lb_address_pool_addresses000001/providers/Microsoft.Network/loadBalancers/lb1/backendAddressPools/bap1/loadBalancerBackendAddresses/addr1\",\r\n
        \       \"etag\": \"W/\\\"0f698f74-9795-423c-ac23-4565f1866961\\\"\",\r\n
        \       \"properties\": {\r\n          \"provisioningState\": \"Succeeded\",\r\n
        \         \"ipAddress\": \"10.0.0.1\",\r\n          \"virtualNetwork\": {\r\n
        \           \"id\": \"/subscriptions/00000000-0000-0000-0000-000000000000/resourceGroups/cli_test_lb_address_pool_addresses000001/providers/Microsoft.Network/virtualNetworks/clitestvnet\"\r\n
        \         }\r\n        },\r\n        \"type\": \"Microsoft.Network/loadBalancers/backendAddressPools/loadBalancerBackendAddresses\"\r\n
        \     },\r\n      {\r\n        \"name\": \"addr2\",\r\n        \"id\": \"/subscriptions/00000000-0000-0000-0000-000000000000/resourceGroups/cli_test_lb_address_pool_addresses000001/providers/Microsoft.Network/loadBalancers/lb1/backendAddressPools/bap1/loadBalancerBackendAddresses/addr2\",\r\n
        \       \"etag\": \"W/\\\"0f698f74-9795-423c-ac23-4565f1866961\\\"\",\r\n
        \       \"properties\": {\r\n          \"provisioningState\": \"Succeeded\",\r\n
        \         \"ipAddress\": \"10.0.0.2\",\r\n          \"virtualNetwork\": {\r\n
        \           \"id\": \"/subscriptions/00000000-0000-0000-0000-000000000000/resourceGroups/cli_test_lb_address_pool_addresses000001/providers/Microsoft.Network/virtualNetworks/clitestvnet\"\r\n
        \         }\r\n        },\r\n        \"type\": \"Microsoft.Network/loadBalancers/backendAddressPools/loadBalancerBackendAddresses\"\r\n
        \     },\r\n      {\r\n        \"name\": \"addr3\",\r\n        \"id\": \"/subscriptions/00000000-0000-0000-0000-000000000000/resourceGroups/cli_test_lb_address_pool_addresses000001/providers/Microsoft.Network/loadBalancers/lb1/backendAddressPools/bap1/loadBalancerBackendAddresses/addr3\",\r\n
        \       \"etag\": \"W/\\\"0f698f74-9795-423c-ac23-4565f1866961\\\"\",\r\n
        \       \"properties\": {\r\n          \"provisioningState\": \"Succeeded\",\r\n
        \         \"ipAddress\": \"10.0.0.3\",\r\n          \"virtualNetwork\": {\r\n
        \           \"id\": \"/subscriptions/00000000-0000-0000-0000-000000000000/resourceGroups/cli_test_lb_address_pool_addresses000001/providers/Microsoft.Network/virtualNetworks/clitestvnet\"\r\n
        \         }\r\n        },\r\n        \"type\": \"Microsoft.Network/loadBalancers/backendAddressPools/loadBalancerBackendAddresses\"\r\n
        \     },\r\n      {\r\n        \"name\": \"addr6\",\r\n        \"id\": \"/subscriptions/00000000-0000-0000-0000-000000000000/resourceGroups/cli_test_lb_address_pool_addresses000001/providers/Microsoft.Network/loadBalancers/lb1/backendAddressPools/bap1/loadBalancerBackendAddresses/addr6\",\r\n
        \       \"etag\": \"W/\\\"0f698f74-9795-423c-ac23-4565f1866961\\\"\",\r\n
        \       \"properties\": {\r\n          \"provisioningState\": \"Succeeded\",\r\n
        \         \"ipAddress\": \"10.0.0.6\",\r\n          \"virtualNetwork\": {\r\n
        \           \"id\": \"/subscriptions/00000000-0000-0000-0000-000000000000/resourceGroups/cli_test_lb_address_pool_addresses000001/providers/Microsoft.Network/virtualNetworks/clitestvnet\"\r\n
        \         }\r\n        },\r\n        \"type\": \"Microsoft.Network/loadBalancers/backendAddressPools/loadBalancerBackendAddresses\"\r\n
        \     }\r\n    ]\r\n  },\r\n  \"type\": \"Microsoft.Network/loadBalancers/backendAddressPools\"\r\n}"
    headers:
      cache-control:
      - no-cache
      content-length:
      - '3908'
      content-type:
      - application/json; charset=utf-8
      date:
      - Sun, 20 Dec 2020 21:41:56 GMT
      etag:
      - W/"0f698f74-9795-423c-ac23-4565f1866961"
      expires:
      - '-1'
      pragma:
      - no-cache
      server:
      - Microsoft-HTTPAPI/2.0
      - Microsoft-HTTPAPI/2.0
      strict-transport-security:
      - max-age=31536000; includeSubDomains
      transfer-encoding:
      - chunked
      vary:
      - Accept-Encoding
      x-content-type-options:
      - nosniff
      x-ms-arm-service-request-id:
      - 9502190a-5d19-4638-93ed-dbfa57dcb009
    status:
      code: 200
      message: OK
- request:
    body: null
    headers:
      Accept:
      - application/json
      Accept-Encoding:
      - gzip, deflate
      CommandName:
      - network lb address-pool address remove
      Connection:
      - keep-alive
      ParameterSetName:
      - -g --lb-name --pool-name --name
      User-Agent:
      - AZURECLI/2.16.0 azsdk-python-azure-mgmt-network/17.0.0 Python/3.8.6 (Windows-10-10.0.19041-SP0)
    method: GET
    uri: https://management.azure.com/subscriptions/00000000-0000-0000-0000-000000000000/resourceGroups/cli_test_lb_address_pool_addresses000001/providers/Microsoft.Network/loadBalancers/lb1/backendAddressPools/bap1?api-version=2020-07-01
  response:
    body:
      string: "{\r\n  \"name\": \"bap1\",\r\n  \"id\": \"/subscriptions/00000000-0000-0000-0000-000000000000/resourceGroups/cli_test_lb_address_pool_addresses000001/providers/Microsoft.Network/loadBalancers/lb1/backendAddressPools/bap1\",\r\n
        \ \"etag\": \"W/\\\"0f698f74-9795-423c-ac23-4565f1866961\\\"\",\r\n  \"properties\":
        {\r\n    \"provisioningState\": \"Succeeded\",\r\n    \"loadBalancerBackendAddresses\":
        [\r\n      {\r\n        \"name\": \"addr1\",\r\n        \"id\": \"/subscriptions/00000000-0000-0000-0000-000000000000/resourceGroups/cli_test_lb_address_pool_addresses000001/providers/Microsoft.Network/loadBalancers/lb1/backendAddressPools/bap1/loadBalancerBackendAddresses/addr1\",\r\n
        \       \"etag\": \"W/\\\"0f698f74-9795-423c-ac23-4565f1866961\\\"\",\r\n
        \       \"properties\": {\r\n          \"provisioningState\": \"Succeeded\",\r\n
        \         \"ipAddress\": \"10.0.0.1\",\r\n          \"virtualNetwork\": {\r\n
        \           \"id\": \"/subscriptions/00000000-0000-0000-0000-000000000000/resourceGroups/cli_test_lb_address_pool_addresses000001/providers/Microsoft.Network/virtualNetworks/clitestvnet\"\r\n
        \         }\r\n        },\r\n        \"type\": \"Microsoft.Network/loadBalancers/backendAddressPools/loadBalancerBackendAddresses\"\r\n
        \     },\r\n      {\r\n        \"name\": \"addr2\",\r\n        \"id\": \"/subscriptions/00000000-0000-0000-0000-000000000000/resourceGroups/cli_test_lb_address_pool_addresses000001/providers/Microsoft.Network/loadBalancers/lb1/backendAddressPools/bap1/loadBalancerBackendAddresses/addr2\",\r\n
        \       \"etag\": \"W/\\\"0f698f74-9795-423c-ac23-4565f1866961\\\"\",\r\n
        \       \"properties\": {\r\n          \"provisioningState\": \"Succeeded\",\r\n
        \         \"ipAddress\": \"10.0.0.2\",\r\n          \"virtualNetwork\": {\r\n
        \           \"id\": \"/subscriptions/00000000-0000-0000-0000-000000000000/resourceGroups/cli_test_lb_address_pool_addresses000001/providers/Microsoft.Network/virtualNetworks/clitestvnet\"\r\n
        \         }\r\n        },\r\n        \"type\": \"Microsoft.Network/loadBalancers/backendAddressPools/loadBalancerBackendAddresses\"\r\n
        \     },\r\n      {\r\n        \"name\": \"addr3\",\r\n        \"id\": \"/subscriptions/00000000-0000-0000-0000-000000000000/resourceGroups/cli_test_lb_address_pool_addresses000001/providers/Microsoft.Network/loadBalancers/lb1/backendAddressPools/bap1/loadBalancerBackendAddresses/addr3\",\r\n
        \       \"etag\": \"W/\\\"0f698f74-9795-423c-ac23-4565f1866961\\\"\",\r\n
        \       \"properties\": {\r\n          \"provisioningState\": \"Succeeded\",\r\n
        \         \"ipAddress\": \"10.0.0.3\",\r\n          \"virtualNetwork\": {\r\n
        \           \"id\": \"/subscriptions/00000000-0000-0000-0000-000000000000/resourceGroups/cli_test_lb_address_pool_addresses000001/providers/Microsoft.Network/virtualNetworks/clitestvnet\"\r\n
        \         }\r\n        },\r\n        \"type\": \"Microsoft.Network/loadBalancers/backendAddressPools/loadBalancerBackendAddresses\"\r\n
        \     },\r\n      {\r\n        \"name\": \"addr6\",\r\n        \"id\": \"/subscriptions/00000000-0000-0000-0000-000000000000/resourceGroups/cli_test_lb_address_pool_addresses000001/providers/Microsoft.Network/loadBalancers/lb1/backendAddressPools/bap1/loadBalancerBackendAddresses/addr6\",\r\n
        \       \"etag\": \"W/\\\"0f698f74-9795-423c-ac23-4565f1866961\\\"\",\r\n
        \       \"properties\": {\r\n          \"provisioningState\": \"Succeeded\",\r\n
        \         \"ipAddress\": \"10.0.0.6\",\r\n          \"virtualNetwork\": {\r\n
        \           \"id\": \"/subscriptions/00000000-0000-0000-0000-000000000000/resourceGroups/cli_test_lb_address_pool_addresses000001/providers/Microsoft.Network/virtualNetworks/clitestvnet\"\r\n
        \         }\r\n        },\r\n        \"type\": \"Microsoft.Network/loadBalancers/backendAddressPools/loadBalancerBackendAddresses\"\r\n
        \     }\r\n    ]\r\n  },\r\n  \"type\": \"Microsoft.Network/loadBalancers/backendAddressPools\"\r\n}"
    headers:
      cache-control:
      - no-cache
      content-length:
      - '3908'
      content-type:
      - application/json; charset=utf-8
      date:
      - Sun, 20 Dec 2020 21:41:57 GMT
      etag:
      - W/"0f698f74-9795-423c-ac23-4565f1866961"
      expires:
      - '-1'
      pragma:
      - no-cache
      server:
      - Microsoft-HTTPAPI/2.0
      - Microsoft-HTTPAPI/2.0
      strict-transport-security:
      - max-age=31536000; includeSubDomains
      transfer-encoding:
      - chunked
      vary:
      - Accept-Encoding
      x-content-type-options:
      - nosniff
      x-ms-arm-service-request-id:
      - 87c47913-8fba-4753-aea9-8b14ad8c0973
    status:
      code: 200
      message: OK
- request:
    body: '{"id": "/subscriptions/00000000-0000-0000-0000-000000000000/resourceGroups/cli_test_lb_address_pool_addresses000001/providers/Microsoft.Network/loadBalancers/lb1/backendAddressPools/bap1",
      "name": "bap1", "properties": {"loadBalancerBackendAddresses": [{"name": "addr1",
      "properties": {"virtualNetwork": {"id": "/subscriptions/00000000-0000-0000-0000-000000000000/resourceGroups/cli_test_lb_address_pool_addresses000001/providers/Microsoft.Network/virtualNetworks/clitestvnet"},
      "ipAddress": "10.0.0.1"}}, {"name": "addr3", "properties": {"virtualNetwork":
      {"id": "/subscriptions/00000000-0000-0000-0000-000000000000/resourceGroups/cli_test_lb_address_pool_addresses000001/providers/Microsoft.Network/virtualNetworks/clitestvnet"},
      "ipAddress": "10.0.0.3"}}, {"name": "addr6", "properties": {"virtualNetwork":
      {"id": "/subscriptions/00000000-0000-0000-0000-000000000000/resourceGroups/cli_test_lb_address_pool_addresses000001/providers/Microsoft.Network/virtualNetworks/clitestvnet"},
      "ipAddress": "10.0.0.6"}}]}}'
    headers:
      Accept:
      - application/json
      Accept-Encoding:
      - gzip, deflate
      CommandName:
      - network lb address-pool address remove
      Connection:
      - keep-alive
      Content-Length:
      - '1153'
      Content-Type:
      - application/json
      ParameterSetName:
      - -g --lb-name --pool-name --name
      User-Agent:
      - AZURECLI/2.16.0 azsdk-python-azure-mgmt-network/17.0.0 Python/3.8.6 (Windows-10-10.0.19041-SP0)
    method: PUT
    uri: https://management.azure.com/subscriptions/00000000-0000-0000-0000-000000000000/resourceGroups/cli_test_lb_address_pool_addresses000001/providers/Microsoft.Network/loadBalancers/lb1/backendAddressPools/bap1?api-version=2020-07-01
  response:
    body:
      string: "{\r\n  \"name\": \"bap1\",\r\n  \"id\": \"/subscriptions/00000000-0000-0000-0000-000000000000/resourceGroups/cli_test_lb_address_pool_addresses000001/providers/Microsoft.Network/loadBalancers/lb1/backendAddressPools/bap1\",\r\n
        \ \"etag\": \"W/\\\"329a75a5-e5fc-4d26-b87a-25213d853e1d\\\"\",\r\n  \"properties\":
        {\r\n    \"provisioningState\": \"Updating\",\r\n    \"loadBalancerBackendAddresses\":
        [\r\n      {\r\n        \"name\": \"addr1\",\r\n        \"id\": \"/subscriptions/00000000-0000-0000-0000-000000000000/resourceGroups/cli_test_lb_address_pool_addresses000001/providers/Microsoft.Network/loadBalancers/lb1/backendAddressPools/bap1/loadBalancerBackendAddresses/addr1\",\r\n
        \       \"etag\": \"W/\\\"329a75a5-e5fc-4d26-b87a-25213d853e1d\\\"\",\r\n
        \       \"properties\": {\r\n          \"provisioningState\": \"Updating\",\r\n
        \         \"ipAddress\": \"10.0.0.1\",\r\n          \"virtualNetwork\": {\r\n
        \           \"id\": \"/subscriptions/00000000-0000-0000-0000-000000000000/resourceGroups/cli_test_lb_address_pool_addresses000001/providers/Microsoft.Network/virtualNetworks/clitestvnet\"\r\n
        \         }\r\n        },\r\n        \"type\": \"Microsoft.Network/loadBalancers/backendAddressPools/loadBalancerBackendAddresses\"\r\n
        \     },\r\n      {\r\n        \"name\": \"addr3\",\r\n        \"id\": \"/subscriptions/00000000-0000-0000-0000-000000000000/resourceGroups/cli_test_lb_address_pool_addresses000001/providers/Microsoft.Network/loadBalancers/lb1/backendAddressPools/bap1/loadBalancerBackendAddresses/addr3\",\r\n
        \       \"etag\": \"W/\\\"329a75a5-e5fc-4d26-b87a-25213d853e1d\\\"\",\r\n
        \       \"properties\": {\r\n          \"provisioningState\": \"Updating\",\r\n
        \         \"ipAddress\": \"10.0.0.3\",\r\n          \"virtualNetwork\": {\r\n
        \           \"id\": \"/subscriptions/00000000-0000-0000-0000-000000000000/resourceGroups/cli_test_lb_address_pool_addresses000001/providers/Microsoft.Network/virtualNetworks/clitestvnet\"\r\n
        \         }\r\n        },\r\n        \"type\": \"Microsoft.Network/loadBalancers/backendAddressPools/loadBalancerBackendAddresses\"\r\n
        \     },\r\n      {\r\n        \"name\": \"addr6\",\r\n        \"id\": \"/subscriptions/00000000-0000-0000-0000-000000000000/resourceGroups/cli_test_lb_address_pool_addresses000001/providers/Microsoft.Network/loadBalancers/lb1/backendAddressPools/bap1/loadBalancerBackendAddresses/addr6\",\r\n
        \       \"etag\": \"W/\\\"329a75a5-e5fc-4d26-b87a-25213d853e1d\\\"\",\r\n
        \       \"properties\": {\r\n          \"provisioningState\": \"Updating\",\r\n
        \         \"ipAddress\": \"10.0.0.6\",\r\n          \"virtualNetwork\": {\r\n
        \           \"id\": \"/subscriptions/00000000-0000-0000-0000-000000000000/resourceGroups/cli_test_lb_address_pool_addresses000001/providers/Microsoft.Network/virtualNetworks/clitestvnet\"\r\n
        \         }\r\n        },\r\n        \"type\": \"Microsoft.Network/loadBalancers/backendAddressPools/loadBalancerBackendAddresses\"\r\n
        \     }\r\n    ]\r\n  },\r\n  \"type\": \"Microsoft.Network/loadBalancers/backendAddressPools\"\r\n}"
    headers:
      azure-asyncoperation:
      - https://management.azure.com/subscriptions/00000000-0000-0000-0000-000000000000/providers/Microsoft.Network/locations/westus/operations/11e67262-aa21-4282-8143-48565a379496?api-version=2020-07-01
      cache-control:
      - no-cache
      content-length:
      - '3047'
      content-type:
      - application/json; charset=utf-8
      date:
      - Sun, 20 Dec 2020 21:41:58 GMT
      expires:
      - '-1'
      pragma:
      - no-cache
      server:
      - Microsoft-HTTPAPI/2.0
      - Microsoft-HTTPAPI/2.0
      strict-transport-security:
      - max-age=31536000; includeSubDomains
      transfer-encoding:
      - chunked
      vary:
      - Accept-Encoding
      x-content-type-options:
      - nosniff
      x-ms-arm-service-request-id:
      - 904200ab-d2b9-45f5-9062-4123bd7aa7b4
      x-ms-ratelimit-remaining-subscription-writes:
      - '1197'
    status:
      code: 200
      message: OK
- request:
    body: null
    headers:
      Accept:
      - '*/*'
      Accept-Encoding:
      - gzip, deflate
      CommandName:
      - network lb address-pool address remove
      Connection:
      - keep-alive
      ParameterSetName:
      - -g --lb-name --pool-name --name
      User-Agent:
      - AZURECLI/2.16.0 azsdk-python-azure-mgmt-network/17.0.0 Python/3.8.6 (Windows-10-10.0.19041-SP0)
    method: GET
    uri: https://management.azure.com/subscriptions/00000000-0000-0000-0000-000000000000/providers/Microsoft.Network/locations/westus/operations/11e67262-aa21-4282-8143-48565a379496?api-version=2020-07-01
  response:
    body:
      string: "{\r\n  \"status\": \"Succeeded\"\r\n}"
    headers:
      cache-control:
      - no-cache
      content-length:
      - '29'
      content-type:
      - application/json; charset=utf-8
      date:
      - Sun, 20 Dec 2020 21:42:08 GMT
      expires:
      - '-1'
      pragma:
      - no-cache
      server:
      - Microsoft-HTTPAPI/2.0
      - Microsoft-HTTPAPI/2.0
      strict-transport-security:
      - max-age=31536000; includeSubDomains
      transfer-encoding:
      - chunked
      vary:
      - Accept-Encoding
      x-content-type-options:
      - nosniff
      x-ms-arm-service-request-id:
      - c0a62d8d-fa5b-4be6-b6d6-638bd725fa31
    status:
      code: 200
      message: OK
- request:
    body: null
    headers:
      Accept:
      - '*/*'
      Accept-Encoding:
      - gzip, deflate
      CommandName:
      - network lb address-pool address remove
      Connection:
      - keep-alive
      ParameterSetName:
      - -g --lb-name --pool-name --name
      User-Agent:
      - AZURECLI/2.16.0 azsdk-python-azure-mgmt-network/17.0.0 Python/3.8.6 (Windows-10-10.0.19041-SP0)
    method: GET
    uri: https://management.azure.com/subscriptions/00000000-0000-0000-0000-000000000000/resourceGroups/cli_test_lb_address_pool_addresses000001/providers/Microsoft.Network/loadBalancers/lb1/backendAddressPools/bap1?api-version=2020-07-01
  response:
    body:
      string: "{\r\n  \"name\": \"bap1\",\r\n  \"id\": \"/subscriptions/00000000-0000-0000-0000-000000000000/resourceGroups/cli_test_lb_address_pool_addresses000001/providers/Microsoft.Network/loadBalancers/lb1/backendAddressPools/bap1\",\r\n
        \ \"etag\": \"W/\\\"a246cd35-697b-40c5-b127-cdb6a69d1ff8\\\"\",\r\n  \"properties\":
        {\r\n    \"provisioningState\": \"Succeeded\",\r\n    \"loadBalancerBackendAddresses\":
        [\r\n      {\r\n        \"name\": \"addr1\",\r\n        \"id\": \"/subscriptions/00000000-0000-0000-0000-000000000000/resourceGroups/cli_test_lb_address_pool_addresses000001/providers/Microsoft.Network/loadBalancers/lb1/backendAddressPools/bap1/loadBalancerBackendAddresses/addr1\",\r\n
        \       \"etag\": \"W/\\\"a246cd35-697b-40c5-b127-cdb6a69d1ff8\\\"\",\r\n
        \       \"properties\": {\r\n          \"provisioningState\": \"Succeeded\",\r\n
        \         \"ipAddress\": \"10.0.0.1\",\r\n          \"virtualNetwork\": {\r\n
        \           \"id\": \"/subscriptions/00000000-0000-0000-0000-000000000000/resourceGroups/cli_test_lb_address_pool_addresses000001/providers/Microsoft.Network/virtualNetworks/clitestvnet\"\r\n
        \         }\r\n        },\r\n        \"type\": \"Microsoft.Network/loadBalancers/backendAddressPools/loadBalancerBackendAddresses\"\r\n
        \     },\r\n      {\r\n        \"name\": \"addr3\",\r\n        \"id\": \"/subscriptions/00000000-0000-0000-0000-000000000000/resourceGroups/cli_test_lb_address_pool_addresses000001/providers/Microsoft.Network/loadBalancers/lb1/backendAddressPools/bap1/loadBalancerBackendAddresses/addr3\",\r\n
        \       \"etag\": \"W/\\\"a246cd35-697b-40c5-b127-cdb6a69d1ff8\\\"\",\r\n
        \       \"properties\": {\r\n          \"provisioningState\": \"Succeeded\",\r\n
        \         \"ipAddress\": \"10.0.0.3\",\r\n          \"virtualNetwork\": {\r\n
        \           \"id\": \"/subscriptions/00000000-0000-0000-0000-000000000000/resourceGroups/cli_test_lb_address_pool_addresses000001/providers/Microsoft.Network/virtualNetworks/clitestvnet\"\r\n
        \         }\r\n        },\r\n        \"type\": \"Microsoft.Network/loadBalancers/backendAddressPools/loadBalancerBackendAddresses\"\r\n
        \     },\r\n      {\r\n        \"name\": \"addr6\",\r\n        \"id\": \"/subscriptions/00000000-0000-0000-0000-000000000000/resourceGroups/cli_test_lb_address_pool_addresses000001/providers/Microsoft.Network/loadBalancers/lb1/backendAddressPools/bap1/loadBalancerBackendAddresses/addr6\",\r\n
        \       \"etag\": \"W/\\\"a246cd35-697b-40c5-b127-cdb6a69d1ff8\\\"\",\r\n
        \       \"properties\": {\r\n          \"provisioningState\": \"Succeeded\",\r\n
        \         \"ipAddress\": \"10.0.0.6\",\r\n          \"virtualNetwork\": {\r\n
        \           \"id\": \"/subscriptions/00000000-0000-0000-0000-000000000000/resourceGroups/cli_test_lb_address_pool_addresses000001/providers/Microsoft.Network/virtualNetworks/clitestvnet\"\r\n
        \         }\r\n        },\r\n        \"type\": \"Microsoft.Network/loadBalancers/backendAddressPools/loadBalancerBackendAddresses\"\r\n
        \     }\r\n    ]\r\n  },\r\n  \"type\": \"Microsoft.Network/loadBalancers/backendAddressPools\"\r\n}"
    headers:
      cache-control:
      - no-cache
      content-length:
      - '3051'
      content-type:
      - application/json; charset=utf-8
      date:
      - Sun, 20 Dec 2020 21:42:08 GMT
      etag:
      - W/"a246cd35-697b-40c5-b127-cdb6a69d1ff8"
      expires:
      - '-1'
      pragma:
      - no-cache
      server:
      - Microsoft-HTTPAPI/2.0
      - Microsoft-HTTPAPI/2.0
      strict-transport-security:
      - max-age=31536000; includeSubDomains
      transfer-encoding:
      - chunked
      vary:
      - Accept-Encoding
      x-content-type-options:
      - nosniff
      x-ms-arm-service-request-id:
      - 9e119fa3-5939-477e-a878-8dcf1f8de19e
    status:
      code: 200
      message: OK
- request:
    body: null
    headers:
      Accept:
      - application/json
      Accept-Encoding:
      - gzip, deflate
      CommandName:
      - network lb address-pool address list
      Connection:
      - keep-alive
      ParameterSetName:
      - -g --lb-name --pool-name
      User-Agent:
      - AZURECLI/2.16.0 azsdk-python-azure-mgmt-network/17.0.0 Python/3.8.6 (Windows-10-10.0.19041-SP0)
    method: GET
    uri: https://management.azure.com/subscriptions/00000000-0000-0000-0000-000000000000/resourceGroups/cli_test_lb_address_pool_addresses000001/providers/Microsoft.Network/loadBalancers/lb1/backendAddressPools/bap1?api-version=2020-07-01
  response:
    body:
      string: "{\r\n  \"name\": \"bap1\",\r\n  \"id\": \"/subscriptions/00000000-0000-0000-0000-000000000000/resourceGroups/cli_test_lb_address_pool_addresses000001/providers/Microsoft.Network/loadBalancers/lb1/backendAddressPools/bap1\",\r\n
        \ \"etag\": \"W/\\\"a246cd35-697b-40c5-b127-cdb6a69d1ff8\\\"\",\r\n  \"properties\":
        {\r\n    \"provisioningState\": \"Succeeded\",\r\n    \"loadBalancerBackendAddresses\":
        [\r\n      {\r\n        \"name\": \"addr1\",\r\n        \"id\": \"/subscriptions/00000000-0000-0000-0000-000000000000/resourceGroups/cli_test_lb_address_pool_addresses000001/providers/Microsoft.Network/loadBalancers/lb1/backendAddressPools/bap1/loadBalancerBackendAddresses/addr1\",\r\n
        \       \"etag\": \"W/\\\"a246cd35-697b-40c5-b127-cdb6a69d1ff8\\\"\",\r\n
        \       \"properties\": {\r\n          \"provisioningState\": \"Succeeded\",\r\n
        \         \"ipAddress\": \"10.0.0.1\",\r\n          \"virtualNetwork\": {\r\n
        \           \"id\": \"/subscriptions/00000000-0000-0000-0000-000000000000/resourceGroups/cli_test_lb_address_pool_addresses000001/providers/Microsoft.Network/virtualNetworks/clitestvnet\"\r\n
        \         }\r\n        },\r\n        \"type\": \"Microsoft.Network/loadBalancers/backendAddressPools/loadBalancerBackendAddresses\"\r\n
        \     },\r\n      {\r\n        \"name\": \"addr3\",\r\n        \"id\": \"/subscriptions/00000000-0000-0000-0000-000000000000/resourceGroups/cli_test_lb_address_pool_addresses000001/providers/Microsoft.Network/loadBalancers/lb1/backendAddressPools/bap1/loadBalancerBackendAddresses/addr3\",\r\n
        \       \"etag\": \"W/\\\"a246cd35-697b-40c5-b127-cdb6a69d1ff8\\\"\",\r\n
        \       \"properties\": {\r\n          \"provisioningState\": \"Succeeded\",\r\n
        \         \"ipAddress\": \"10.0.0.3\",\r\n          \"virtualNetwork\": {\r\n
        \           \"id\": \"/subscriptions/00000000-0000-0000-0000-000000000000/resourceGroups/cli_test_lb_address_pool_addresses000001/providers/Microsoft.Network/virtualNetworks/clitestvnet\"\r\n
        \         }\r\n        },\r\n        \"type\": \"Microsoft.Network/loadBalancers/backendAddressPools/loadBalancerBackendAddresses\"\r\n
        \     },\r\n      {\r\n        \"name\": \"addr6\",\r\n        \"id\": \"/subscriptions/00000000-0000-0000-0000-000000000000/resourceGroups/cli_test_lb_address_pool_addresses000001/providers/Microsoft.Network/loadBalancers/lb1/backendAddressPools/bap1/loadBalancerBackendAddresses/addr6\",\r\n
        \       \"etag\": \"W/\\\"a246cd35-697b-40c5-b127-cdb6a69d1ff8\\\"\",\r\n
        \       \"properties\": {\r\n          \"provisioningState\": \"Succeeded\",\r\n
        \         \"ipAddress\": \"10.0.0.6\",\r\n          \"virtualNetwork\": {\r\n
        \           \"id\": \"/subscriptions/00000000-0000-0000-0000-000000000000/resourceGroups/cli_test_lb_address_pool_addresses000001/providers/Microsoft.Network/virtualNetworks/clitestvnet\"\r\n
        \         }\r\n        },\r\n        \"type\": \"Microsoft.Network/loadBalancers/backendAddressPools/loadBalancerBackendAddresses\"\r\n
        \     }\r\n    ]\r\n  },\r\n  \"type\": \"Microsoft.Network/loadBalancers/backendAddressPools\"\r\n}"
    headers:
      cache-control:
      - no-cache
      content-length:
      - '3051'
      content-type:
      - application/json; charset=utf-8
      date:
      - Sun, 20 Dec 2020 21:42:10 GMT
      etag:
      - W/"a246cd35-697b-40c5-b127-cdb6a69d1ff8"
      expires:
      - '-1'
      pragma:
      - no-cache
      server:
      - Microsoft-HTTPAPI/2.0
      - Microsoft-HTTPAPI/2.0
      strict-transport-security:
      - max-age=31536000; includeSubDomains
      transfer-encoding:
      - chunked
      vary:
      - Accept-Encoding
      x-content-type-options:
      - nosniff
      x-ms-arm-service-request-id:
      - 3110cb25-3d61-4291-be38-9f440c89661b
    status:
      code: 200
      message: OK
- request:
    body: null
    headers:
      Accept:
      - application/json
      Accept-Encoding:
      - gzip, deflate
      CommandName:
      - network lb address-pool list
      Connection:
      - keep-alive
      ParameterSetName:
      - -g --lb-name
      User-Agent:
      - AZURECLI/2.16.0 azsdk-python-azure-mgmt-network/17.0.0 Python/3.8.6 (Windows-10-10.0.19041-SP0)
    method: GET
    uri: https://management.azure.com/subscriptions/00000000-0000-0000-0000-000000000000/resourceGroups/cli_test_lb_address_pool_addresses000001/providers/Microsoft.Network/loadBalancers/lb1/backendAddressPools?api-version=2020-07-01
  response:
    body:
      string: "{\r\n  \"value\": [\r\n    {\r\n      \"name\": \"lb1bepool\",\r\n
        \     \"id\": \"/subscriptions/00000000-0000-0000-0000-000000000000/resourceGroups/cli_test_lb_address_pool_addresses000001/providers/Microsoft.Network/loadBalancers/lb1/backendAddressPools/lb1bepool\",\r\n
        \     \"etag\": \"W/\\\"a246cd35-697b-40c5-b127-cdb6a69d1ff8\\\"\",\r\n      \"properties\":
        {\r\n        \"provisioningState\": \"Succeeded\",\r\n        \"loadBalancerBackendAddresses\":
        []\r\n      },\r\n      \"type\": \"Microsoft.Network/loadBalancers/backendAddressPools\"\r\n
        \   },\r\n    {\r\n      \"name\": \"bap1\",\r\n      \"id\": \"/subscriptions/00000000-0000-0000-0000-000000000000/resourceGroups/cli_test_lb_address_pool_addresses000001/providers/Microsoft.Network/loadBalancers/lb1/backendAddressPools/bap1\",\r\n
        \     \"etag\": \"W/\\\"a246cd35-697b-40c5-b127-cdb6a69d1ff8\\\"\",\r\n      \"properties\":
        {\r\n        \"provisioningState\": \"Succeeded\",\r\n        \"loadBalancerBackendAddresses\":
        [\r\n          {\r\n            \"name\": \"addr1\",\r\n            \"id\":
        \"/subscriptions/00000000-0000-0000-0000-000000000000/resourceGroups/cli_test_lb_address_pool_addresses000001/providers/Microsoft.Network/loadBalancers/lb1/backendAddressPools/bap1/loadBalancerBackendAddresses/addr1\",\r\n
        \           \"etag\": \"W/\\\"a246cd35-697b-40c5-b127-cdb6a69d1ff8\\\"\",\r\n
        \           \"properties\": {\r\n              \"provisioningState\": \"Succeeded\",\r\n
        \             \"ipAddress\": \"10.0.0.1\",\r\n              \"virtualNetwork\":
        {\r\n                \"id\": \"/subscriptions/00000000-0000-0000-0000-000000000000/resourceGroups/cli_test_lb_address_pool_addresses000001/providers/Microsoft.Network/virtualNetworks/clitestvnet\"\r\n
        \             }\r\n            },\r\n            \"type\": \"Microsoft.Network/loadBalancers/backendAddressPools/loadBalancerBackendAddresses\"\r\n
        \         },\r\n          {\r\n            \"name\": \"addr3\",\r\n            \"id\":
        \"/subscriptions/00000000-0000-0000-0000-000000000000/resourceGroups/cli_test_lb_address_pool_addresses000001/providers/Microsoft.Network/loadBalancers/lb1/backendAddressPools/bap1/loadBalancerBackendAddresses/addr3\",\r\n
        \           \"etag\": \"W/\\\"a246cd35-697b-40c5-b127-cdb6a69d1ff8\\\"\",\r\n
        \           \"properties\": {\r\n              \"provisioningState\": \"Succeeded\",\r\n
        \             \"ipAddress\": \"10.0.0.3\",\r\n              \"virtualNetwork\":
        {\r\n                \"id\": \"/subscriptions/00000000-0000-0000-0000-000000000000/resourceGroups/cli_test_lb_address_pool_addresses000001/providers/Microsoft.Network/virtualNetworks/clitestvnet\"\r\n
        \             }\r\n            },\r\n            \"type\": \"Microsoft.Network/loadBalancers/backendAddressPools/loadBalancerBackendAddresses\"\r\n
        \         },\r\n          {\r\n            \"name\": \"addr6\",\r\n            \"id\":
        \"/subscriptions/00000000-0000-0000-0000-000000000000/resourceGroups/cli_test_lb_address_pool_addresses000001/providers/Microsoft.Network/loadBalancers/lb1/backendAddressPools/bap1/loadBalancerBackendAddresses/addr6\",\r\n
        \           \"etag\": \"W/\\\"a246cd35-697b-40c5-b127-cdb6a69d1ff8\\\"\",\r\n
        \           \"properties\": {\r\n              \"provisioningState\": \"Succeeded\",\r\n
        \             \"ipAddress\": \"10.0.0.6\",\r\n              \"virtualNetwork\":
        {\r\n                \"id\": \"/subscriptions/00000000-0000-0000-0000-000000000000/resourceGroups/cli_test_lb_address_pool_addresses000001/providers/Microsoft.Network/virtualNetworks/clitestvnet\"\r\n
        \             }\r\n            },\r\n            \"type\": \"Microsoft.Network/loadBalancers/backendAddressPools/loadBalancerBackendAddresses\"\r\n
        \         }\r\n        ]\r\n      },\r\n      \"type\": \"Microsoft.Network/loadBalancers/backendAddressPools\"\r\n
        \   }\r\n  ]\r\n}"
    headers:
      cache-control:
      - no-cache
      content-length:
      - '3804'
      content-type:
      - application/json; charset=utf-8
      date:
      - Sun, 20 Dec 2020 21:42:10 GMT
      expires:
      - '-1'
      pragma:
      - no-cache
      server:
      - Microsoft-HTTPAPI/2.0
      - Microsoft-HTTPAPI/2.0
      strict-transport-security:
      - max-age=31536000; includeSubDomains
      transfer-encoding:
      - chunked
      vary:
      - Accept-Encoding
      x-content-type-options:
      - nosniff
      x-ms-arm-service-request-id:
      - fa04ec7b-52ee-4c18-b624-90c297b000c2
    status:
      code: 200
      message: OK
- request:
    body: null
    headers:
      Accept:
      - application/json
      Accept-Encoding:
      - gzip, deflate
      CommandName:
      - network lb address-pool show
      Connection:
      - keep-alive
      ParameterSetName:
      - -g --lb-name -n
      User-Agent:
      - AZURECLI/2.16.0 azsdk-python-azure-mgmt-network/17.0.0 Python/3.8.6 (Windows-10-10.0.19041-SP0)
    method: GET
    uri: https://management.azure.com/subscriptions/00000000-0000-0000-0000-000000000000/resourceGroups/cli_test_lb_address_pool_addresses000001/providers/Microsoft.Network/loadBalancers/lb1/backendAddressPools/bap1?api-version=2020-07-01
  response:
    body:
      string: "{\r\n  \"name\": \"bap1\",\r\n  \"id\": \"/subscriptions/00000000-0000-0000-0000-000000000000/resourceGroups/cli_test_lb_address_pool_addresses000001/providers/Microsoft.Network/loadBalancers/lb1/backendAddressPools/bap1\",\r\n
        \ \"etag\": \"W/\\\"a246cd35-697b-40c5-b127-cdb6a69d1ff8\\\"\",\r\n  \"properties\":
        {\r\n    \"provisioningState\": \"Succeeded\",\r\n    \"loadBalancerBackendAddresses\":
        [\r\n      {\r\n        \"name\": \"addr1\",\r\n        \"id\": \"/subscriptions/00000000-0000-0000-0000-000000000000/resourceGroups/cli_test_lb_address_pool_addresses000001/providers/Microsoft.Network/loadBalancers/lb1/backendAddressPools/bap1/loadBalancerBackendAddresses/addr1\",\r\n
        \       \"etag\": \"W/\\\"a246cd35-697b-40c5-b127-cdb6a69d1ff8\\\"\",\r\n
        \       \"properties\": {\r\n          \"provisioningState\": \"Succeeded\",\r\n
        \         \"ipAddress\": \"10.0.0.1\",\r\n          \"virtualNetwork\": {\r\n
        \           \"id\": \"/subscriptions/00000000-0000-0000-0000-000000000000/resourceGroups/cli_test_lb_address_pool_addresses000001/providers/Microsoft.Network/virtualNetworks/clitestvnet\"\r\n
        \         }\r\n        },\r\n        \"type\": \"Microsoft.Network/loadBalancers/backendAddressPools/loadBalancerBackendAddresses\"\r\n
        \     },\r\n      {\r\n        \"name\": \"addr3\",\r\n        \"id\": \"/subscriptions/00000000-0000-0000-0000-000000000000/resourceGroups/cli_test_lb_address_pool_addresses000001/providers/Microsoft.Network/loadBalancers/lb1/backendAddressPools/bap1/loadBalancerBackendAddresses/addr3\",\r\n
        \       \"etag\": \"W/\\\"a246cd35-697b-40c5-b127-cdb6a69d1ff8\\\"\",\r\n
        \       \"properties\": {\r\n          \"provisioningState\": \"Succeeded\",\r\n
        \         \"ipAddress\": \"10.0.0.3\",\r\n          \"virtualNetwork\": {\r\n
        \           \"id\": \"/subscriptions/00000000-0000-0000-0000-000000000000/resourceGroups/cli_test_lb_address_pool_addresses000001/providers/Microsoft.Network/virtualNetworks/clitestvnet\"\r\n
        \         }\r\n        },\r\n        \"type\": \"Microsoft.Network/loadBalancers/backendAddressPools/loadBalancerBackendAddresses\"\r\n
        \     },\r\n      {\r\n        \"name\": \"addr6\",\r\n        \"id\": \"/subscriptions/00000000-0000-0000-0000-000000000000/resourceGroups/cli_test_lb_address_pool_addresses000001/providers/Microsoft.Network/loadBalancers/lb1/backendAddressPools/bap1/loadBalancerBackendAddresses/addr6\",\r\n
        \       \"etag\": \"W/\\\"a246cd35-697b-40c5-b127-cdb6a69d1ff8\\\"\",\r\n
        \       \"properties\": {\r\n          \"provisioningState\": \"Succeeded\",\r\n
        \         \"ipAddress\": \"10.0.0.6\",\r\n          \"virtualNetwork\": {\r\n
        \           \"id\": \"/subscriptions/00000000-0000-0000-0000-000000000000/resourceGroups/cli_test_lb_address_pool_addresses000001/providers/Microsoft.Network/virtualNetworks/clitestvnet\"\r\n
        \         }\r\n        },\r\n        \"type\": \"Microsoft.Network/loadBalancers/backendAddressPools/loadBalancerBackendAddresses\"\r\n
        \     }\r\n    ]\r\n  },\r\n  \"type\": \"Microsoft.Network/loadBalancers/backendAddressPools\"\r\n}"
    headers:
      cache-control:
      - no-cache
      content-length:
      - '3051'
      content-type:
      - application/json; charset=utf-8
      date:
      - Sun, 20 Dec 2020 21:42:11 GMT
      etag:
      - W/"a246cd35-697b-40c5-b127-cdb6a69d1ff8"
      expires:
      - '-1'
      pragma:
      - no-cache
      server:
      - Microsoft-HTTPAPI/2.0
      - Microsoft-HTTPAPI/2.0
      strict-transport-security:
      - max-age=31536000; includeSubDomains
      transfer-encoding:
      - chunked
      vary:
      - Accept-Encoding
      x-content-type-options:
      - nosniff
      x-ms-arm-service-request-id:
      - 99e3f28d-d218-4d3a-936c-e4d30828d2ab
    status:
      code: 200
      message: OK
- request:
    body: null
    headers:
      Accept:
      - application/json
      Accept-Encoding:
      - gzip, deflate
      CommandName:
      - network lb address-pool delete
      Connection:
      - keep-alive
      ParameterSetName:
      - -g --lb-name -n
      User-Agent:
      - AZURECLI/2.16.0 azsdk-python-azure-mgmt-network/17.0.0 Python/3.8.6 (Windows-10-10.0.19041-SP0)
    method: GET
    uri: https://management.azure.com/subscriptions/00000000-0000-0000-0000-000000000000/resourceGroups/cli_test_lb_address_pool_addresses000001/providers/Microsoft.Network/loadBalancers/lb1?api-version=2020-07-01
  response:
    body:
      string: "{\r\n  \"name\": \"lb1\",\r\n  \"id\": \"/subscriptions/00000000-0000-0000-0000-000000000000/resourceGroups/cli_test_lb_address_pool_addresses000001/providers/Microsoft.Network/loadBalancers/lb1\",\r\n
        \ \"etag\": \"W/\\\"a246cd35-697b-40c5-b127-cdb6a69d1ff8\\\"\",\r\n  \"type\":
        \"Microsoft.Network/loadBalancers\",\r\n  \"location\": \"westus\",\r\n  \"tags\":
        {},\r\n  \"properties\": {\r\n    \"provisioningState\": \"Succeeded\",\r\n
        \   \"resourceGuid\": \"d73153af-3808-4e4b-bc91-c28b95316daf\",\r\n    \"frontendIPConfigurations\":
        [\r\n      {\r\n        \"name\": \"LoadBalancerFrontEnd\",\r\n        \"id\":
        \"/subscriptions/00000000-0000-0000-0000-000000000000/resourceGroups/cli_test_lb_address_pool_addresses000001/providers/Microsoft.Network/loadBalancers/lb1/frontendIPConfigurations/LoadBalancerFrontEnd\",\r\n
        \       \"etag\": \"W/\\\"a246cd35-697b-40c5-b127-cdb6a69d1ff8\\\"\",\r\n
        \       \"type\": \"Microsoft.Network/loadBalancers/frontendIPConfigurations\",\r\n
        \       \"properties\": {\r\n          \"provisioningState\": \"Succeeded\",\r\n
        \         \"privateIPAllocationMethod\": \"Dynamic\",\r\n          \"publicIPAddress\":
        {\r\n            \"id\": \"/subscriptions/00000000-0000-0000-0000-000000000000/resourceGroups/cli_test_lb_address_pool_addresses000001/providers/Microsoft.Network/publicIPAddresses/PublicIPlb1\"\r\n
        \         },\r\n          \"privateIPAddressVersion\": \"IPv4\"\r\n        }\r\n
        \     }\r\n    ],\r\n    \"backendAddressPools\": [\r\n      {\r\n        \"name\":
        \"lb1bepool\",\r\n        \"id\": \"/subscriptions/00000000-0000-0000-0000-000000000000/resourceGroups/cli_test_lb_address_pool_addresses000001/providers/Microsoft.Network/loadBalancers/lb1/backendAddressPools/lb1bepool\",\r\n
        \       \"etag\": \"W/\\\"a246cd35-697b-40c5-b127-cdb6a69d1ff8\\\"\",\r\n
        \       \"properties\": {\r\n          \"provisioningState\": \"Succeeded\",\r\n
        \         \"loadBalancerBackendAddresses\": []\r\n        },\r\n        \"type\":
        \"Microsoft.Network/loadBalancers/backendAddressPools\"\r\n      },\r\n      {\r\n
        \       \"name\": \"bap1\",\r\n        \"id\": \"/subscriptions/00000000-0000-0000-0000-000000000000/resourceGroups/cli_test_lb_address_pool_addresses000001/providers/Microsoft.Network/loadBalancers/lb1/backendAddressPools/bap1\",\r\n
        \       \"etag\": \"W/\\\"a246cd35-697b-40c5-b127-cdb6a69d1ff8\\\"\",\r\n
        \       \"properties\": {\r\n          \"provisioningState\": \"Succeeded\",\r\n
        \         \"loadBalancerBackendAddresses\": [\r\n            {\r\n              \"name\":
        \"addr1\",\r\n              \"id\": \"/subscriptions/00000000-0000-0000-0000-000000000000/resourceGroups/cli_test_lb_address_pool_addresses000001/providers/Microsoft.Network/loadBalancers/lb1/backendAddressPools/bap1/loadBalancerBackendAddresses/addr1\",\r\n
        \             \"etag\": \"W/\\\"a246cd35-697b-40c5-b127-cdb6a69d1ff8\\\"\",\r\n
        \             \"properties\": {\r\n                \"provisioningState\":
        \"Succeeded\",\r\n                \"ipAddress\": \"10.0.0.1\",\r\n                \"virtualNetwork\":
        {\r\n                  \"id\": \"/subscriptions/00000000-0000-0000-0000-000000000000/resourceGroups/cli_test_lb_address_pool_addresses000001/providers/Microsoft.Network/virtualNetworks/clitestvnet\"\r\n
        \               }\r\n              },\r\n              \"type\": \"Microsoft.Network/loadBalancers/backendAddressPools/loadBalancerBackendAddresses\"\r\n
        \           },\r\n            {\r\n              \"name\": \"addr3\",\r\n
        \             \"id\": \"/subscriptions/00000000-0000-0000-0000-000000000000/resourceGroups/cli_test_lb_address_pool_addresses000001/providers/Microsoft.Network/loadBalancers/lb1/backendAddressPools/bap1/loadBalancerBackendAddresses/addr3\",\r\n
        \             \"etag\": \"W/\\\"a246cd35-697b-40c5-b127-cdb6a69d1ff8\\\"\",\r\n
        \             \"properties\": {\r\n                \"provisioningState\":
        \"Succeeded\",\r\n                \"ipAddress\": \"10.0.0.3\",\r\n                \"virtualNetwork\":
        {\r\n                  \"id\": \"/subscriptions/00000000-0000-0000-0000-000000000000/resourceGroups/cli_test_lb_address_pool_addresses000001/providers/Microsoft.Network/virtualNetworks/clitestvnet\"\r\n
        \               }\r\n              },\r\n              \"type\": \"Microsoft.Network/loadBalancers/backendAddressPools/loadBalancerBackendAddresses\"\r\n
        \           },\r\n            {\r\n              \"name\": \"addr6\",\r\n
        \             \"id\": \"/subscriptions/00000000-0000-0000-0000-000000000000/resourceGroups/cli_test_lb_address_pool_addresses000001/providers/Microsoft.Network/loadBalancers/lb1/backendAddressPools/bap1/loadBalancerBackendAddresses/addr6\",\r\n
        \             \"etag\": \"W/\\\"a246cd35-697b-40c5-b127-cdb6a69d1ff8\\\"\",\r\n
        \             \"properties\": {\r\n                \"provisioningState\":
        \"Succeeded\",\r\n                \"ipAddress\": \"10.0.0.6\",\r\n                \"virtualNetwork\":
        {\r\n                  \"id\": \"/subscriptions/00000000-0000-0000-0000-000000000000/resourceGroups/cli_test_lb_address_pool_addresses000001/providers/Microsoft.Network/virtualNetworks/clitestvnet\"\r\n
        \               }\r\n              },\r\n              \"type\": \"Microsoft.Network/loadBalancers/backendAddressPools/loadBalancerBackendAddresses\"\r\n
        \           }\r\n          ]\r\n        },\r\n        \"type\": \"Microsoft.Network/loadBalancers/backendAddressPools\"\r\n
        \     }\r\n    ],\r\n    \"loadBalancingRules\": [],\r\n    \"probes\": [],\r\n
        \   \"inboundNatRules\": [],\r\n    \"outboundRules\": [],\r\n    \"inboundNatPools\":
        []\r\n  },\r\n  \"sku\": {\r\n    \"name\": \"Standard\",\r\n    \"tier\":
        \"Regional\"\r\n  }\r\n}"
    headers:
      cache-control:
      - no-cache
      content-length:
      - '5567'
      content-type:
      - application/json; charset=utf-8
      date:
      - Sun, 20 Dec 2020 21:42:11 GMT
      etag:
      - W/"a246cd35-697b-40c5-b127-cdb6a69d1ff8"
      expires:
      - '-1'
      pragma:
      - no-cache
      server:
      - Microsoft-HTTPAPI/2.0
      - Microsoft-HTTPAPI/2.0
      strict-transport-security:
      - max-age=31536000; includeSubDomains
      transfer-encoding:
      - chunked
      vary:
      - Accept-Encoding
      x-content-type-options:
      - nosniff
      x-ms-arm-service-request-id:
      - 37c342a7-272a-4257-8702-208c6c02cb54
    status:
      code: 200
      message: OK
- request:
    body: null
    headers:
      Accept:
      - application/json
      Accept-Encoding:
      - gzip, deflate
      CommandName:
      - network lb address-pool delete
      Connection:
      - keep-alive
      Content-Length:
      - '0'
      ParameterSetName:
      - -g --lb-name -n
      User-Agent:
      - AZURECLI/2.16.0 azsdk-python-azure-mgmt-network/17.0.0 Python/3.8.6 (Windows-10-10.0.19041-SP0)
    method: DELETE
    uri: https://management.azure.com/subscriptions/00000000-0000-0000-0000-000000000000/resourceGroups/cli_test_lb_address_pool_addresses000001/providers/Microsoft.Network/loadBalancers/lb1/backendAddressPools/bap1?api-version=2020-07-01
  response:
    body:
      string: ''
    headers:
      azure-asyncoperation:
      - https://management.azure.com/subscriptions/00000000-0000-0000-0000-000000000000/providers/Microsoft.Network/locations/westus/operations/c10fde6b-bfcb-445e-9299-e17d80ad80cd?api-version=2020-07-01
      cache-control:
      - no-cache
      content-length:
      - '0'
      date:
      - Sun, 20 Dec 2020 21:42:11 GMT
      expires:
      - '-1'
      location:
      - https://management.azure.com/subscriptions/00000000-0000-0000-0000-000000000000/providers/Microsoft.Network/locations/westus/operationResults/c10fde6b-bfcb-445e-9299-e17d80ad80cd?api-version=2020-07-01
      pragma:
      - no-cache
      server:
      - Microsoft-HTTPAPI/2.0
      - Microsoft-HTTPAPI/2.0
      strict-transport-security:
      - max-age=31536000; includeSubDomains
      x-content-type-options:
      - nosniff
      x-ms-arm-service-request-id:
      - 1b57c853-19f5-4d3b-842d-e0b0d5cf5f2e
      x-ms-ratelimit-remaining-subscription-deletes:
      - '14999'
    status:
      code: 202
      message: Accepted
- request:
    body: null
    headers:
      Accept:
      - '*/*'
      Accept-Encoding:
      - gzip, deflate
      CommandName:
      - network lb address-pool delete
      Connection:
      - keep-alive
      ParameterSetName:
      - -g --lb-name -n
      User-Agent:
      - AZURECLI/2.16.0 azsdk-python-azure-mgmt-network/17.0.0 Python/3.8.6 (Windows-10-10.0.19041-SP0)
    method: GET
    uri: https://management.azure.com/subscriptions/00000000-0000-0000-0000-000000000000/providers/Microsoft.Network/locations/westus/operations/c10fde6b-bfcb-445e-9299-e17d80ad80cd?api-version=2020-07-01
  response:
    body:
      string: "{\r\n  \"status\": \"Succeeded\"\r\n}"
    headers:
      cache-control:
      - no-cache
      content-length:
      - '29'
      content-type:
      - application/json; charset=utf-8
      date:
      - Sun, 20 Dec 2020 21:42:22 GMT
      expires:
      - '-1'
      pragma:
      - no-cache
      server:
      - Microsoft-HTTPAPI/2.0
      - Microsoft-HTTPAPI/2.0
      strict-transport-security:
      - max-age=31536000; includeSubDomains
      transfer-encoding:
      - chunked
      vary:
      - Accept-Encoding
      x-content-type-options:
      - nosniff
      x-ms-arm-service-request-id:
      - 25fe85a8-6938-4697-b973-de05d318e359
    status:
      code: 200
      message: OK
- request:
    body: null
    headers:
      Accept:
      - application/json
      Accept-Encoding:
      - gzip, deflate
      CommandName:
      - network lb address-pool list
      Connection:
      - keep-alive
      ParameterSetName:
      - -g --lb-name
      User-Agent:
      - AZURECLI/2.16.0 azsdk-python-azure-mgmt-network/17.0.0 Python/3.8.6 (Windows-10-10.0.19041-SP0)
    method: GET
    uri: https://management.azure.com/subscriptions/00000000-0000-0000-0000-000000000000/resourceGroups/cli_test_lb_address_pool_addresses000001/providers/Microsoft.Network/loadBalancers/lb1/backendAddressPools?api-version=2020-07-01
  response:
    body:
      string: "{\r\n  \"value\": [\r\n    {\r\n      \"name\": \"lb1bepool\",\r\n
        \     \"id\": \"/subscriptions/00000000-0000-0000-0000-000000000000/resourceGroups/cli_test_lb_address_pool_addresses000001/providers/Microsoft.Network/loadBalancers/lb1/backendAddressPools/lb1bepool\",\r\n
        \     \"etag\": \"W/\\\"b5d09eb2-41ff-4aed-88c1-156d2f583b02\\\"\",\r\n      \"properties\":
        {\r\n        \"provisioningState\": \"Succeeded\",\r\n        \"loadBalancerBackendAddresses\":
        []\r\n      },\r\n      \"type\": \"Microsoft.Network/loadBalancers/backendAddressPools\"\r\n
        \   }\r\n  ]\r\n}"
    headers:
      cache-control:
      - no-cache
      content-length:
      - '550'
      content-type:
      - application/json; charset=utf-8
      date:
      - Sun, 20 Dec 2020 21:42:23 GMT
      expires:
      - '-1'
      pragma:
      - no-cache
      server:
      - Microsoft-HTTPAPI/2.0
      - Microsoft-HTTPAPI/2.0
      strict-transport-security:
      - max-age=31536000; includeSubDomains
      transfer-encoding:
      - chunked
      vary:
      - Accept-Encoding
      x-content-type-options:
      - nosniff
      x-ms-arm-service-request-id:
      - 28c5b9ed-a7bd-4fb6-9f39-4852b691d30c
    status:
      code: 200
      message: OK
- request:
    body: null
    headers:
      Accept:
      - application/json
      Accept-Encoding:
      - gzip, deflate
      CommandName:
      - network lb address-pool create
      Connection:
      - keep-alive
      ParameterSetName:
      - -g --lb-name -n --vnet --backend-addresses-config-file
      User-Agent:
      - AZURECLI/2.16.0 azsdk-python-azure-mgmt-network/17.0.0 Python/3.8.6 (Windows-10-10.0.19041-SP0)
    method: GET
    uri: https://management.azure.com/subscriptions/00000000-0000-0000-0000-000000000000/resourceGroups/cli_test_lb_address_pool_addresses000001/providers/Microsoft.Network/loadBalancers/lb1?api-version=2020-07-01
  response:
    body:
      string: "{\r\n  \"name\": \"lb1\",\r\n  \"id\": \"/subscriptions/00000000-0000-0000-0000-000000000000/resourceGroups/cli_test_lb_address_pool_addresses000001/providers/Microsoft.Network/loadBalancers/lb1\",\r\n
        \ \"etag\": \"W/\\\"b5d09eb2-41ff-4aed-88c1-156d2f583b02\\\"\",\r\n  \"type\":
        \"Microsoft.Network/loadBalancers\",\r\n  \"location\": \"westus\",\r\n  \"tags\":
        {},\r\n  \"properties\": {\r\n    \"provisioningState\": \"Succeeded\",\r\n
        \   \"resourceGuid\": \"d73153af-3808-4e4b-bc91-c28b95316daf\",\r\n    \"frontendIPConfigurations\":
        [\r\n      {\r\n        \"name\": \"LoadBalancerFrontEnd\",\r\n        \"id\":
        \"/subscriptions/00000000-0000-0000-0000-000000000000/resourceGroups/cli_test_lb_address_pool_addresses000001/providers/Microsoft.Network/loadBalancers/lb1/frontendIPConfigurations/LoadBalancerFrontEnd\",\r\n
        \       \"etag\": \"W/\\\"b5d09eb2-41ff-4aed-88c1-156d2f583b02\\\"\",\r\n
        \       \"type\": \"Microsoft.Network/loadBalancers/frontendIPConfigurations\",\r\n
        \       \"properties\": {\r\n          \"provisioningState\": \"Succeeded\",\r\n
        \         \"privateIPAllocationMethod\": \"Dynamic\",\r\n          \"publicIPAddress\":
        {\r\n            \"id\": \"/subscriptions/00000000-0000-0000-0000-000000000000/resourceGroups/cli_test_lb_address_pool_addresses000001/providers/Microsoft.Network/publicIPAddresses/PublicIPlb1\"\r\n
        \         },\r\n          \"privateIPAddressVersion\": \"IPv4\"\r\n        }\r\n
        \     }\r\n    ],\r\n    \"backendAddressPools\": [\r\n      {\r\n        \"name\":
        \"lb1bepool\",\r\n        \"id\": \"/subscriptions/00000000-0000-0000-0000-000000000000/resourceGroups/cli_test_lb_address_pool_addresses000001/providers/Microsoft.Network/loadBalancers/lb1/backendAddressPools/lb1bepool\",\r\n
        \       \"etag\": \"W/\\\"b5d09eb2-41ff-4aed-88c1-156d2f583b02\\\"\",\r\n
        \       \"properties\": {\r\n          \"provisioningState\": \"Succeeded\",\r\n
        \         \"loadBalancerBackendAddresses\": []\r\n        },\r\n        \"type\":
        \"Microsoft.Network/loadBalancers/backendAddressPools\"\r\n      }\r\n    ],\r\n
        \   \"loadBalancingRules\": [],\r\n    \"probes\": [],\r\n    \"inboundNatRules\":
        [],\r\n    \"outboundRules\": [],\r\n    \"inboundNatPools\": []\r\n  },\r\n
        \ \"sku\": {\r\n    \"name\": \"Standard\",\r\n    \"tier\": \"Regional\"\r\n
        \ }\r\n}"
    headers:
      cache-control:
      - no-cache
      content-length:
      - '2213'
      content-type:
      - application/json; charset=utf-8
      date:
      - Sun, 20 Dec 2020 21:42:25 GMT
      etag:
      - W/"b5d09eb2-41ff-4aed-88c1-156d2f583b02"
      expires:
      - '-1'
      pragma:
      - no-cache
      server:
      - Microsoft-HTTPAPI/2.0
      - Microsoft-HTTPAPI/2.0
      strict-transport-security:
      - max-age=31536000; includeSubDomains
      transfer-encoding:
      - chunked
      vary:
      - Accept-Encoding
      x-content-type-options:
      - nosniff
      x-ms-arm-service-request-id:
      - cd61bcde-dbe7-4c53-a0fa-774e601a547b
    status:
      code: 200
      message: OK
- request:
    body: '{"name": "bap1", "properties": {"loadBalancerBackendAddresses": [{"name":
      "address1", "properties": {"virtualNetwork": {"id": "/subscriptions/00000000-0000-0000-0000-000000000000/resourceGroups/cli_test_lb_address_pool_addresses000001/providers/Microsoft.Network/virtualNetworks/clitestvnet",
      "properties": {"enableDdosProtection": false, "enableVmProtection": false}},
      "ipAddress": "10.0.0.4"}}, {"name": "address2", "properties": {"virtualNetwork":
      {"id": "/subscriptions/00000000-0000-0000-0000-000000000000/resourceGroups/cli_test_lb_address_pool_addresses000001/providers/Microsoft.Network/virtualNetworks/clitestvnet",
      "properties": {"enableDdosProtection": false, "enableVmProtection": false}},
      "ipAddress": "10.0.0.5"}}]}}'
    headers:
      Accept:
      - application/json
      Accept-Encoding:
      - gzip, deflate
      CommandName:
      - network lb address-pool create
      Connection:
      - keep-alive
      Content-Length:
      - '800'
      Content-Type:
      - application/json
      ParameterSetName:
      - -g --lb-name -n --vnet --backend-addresses-config-file
      User-Agent:
      - AZURECLI/2.16.0 azsdk-python-azure-mgmt-network/17.0.0 Python/3.8.6 (Windows-10-10.0.19041-SP0)
    method: PUT
    uri: https://management.azure.com/subscriptions/00000000-0000-0000-0000-000000000000/resourceGroups/cli_test_lb_address_pool_addresses000001/providers/Microsoft.Network/loadBalancers/lb1/backendAddressPools/bap1?api-version=2020-07-01
  response:
    body:
      string: "{\r\n  \"name\": \"bap1\",\r\n  \"id\": \"/subscriptions/00000000-0000-0000-0000-000000000000/resourceGroups/cli_test_lb_address_pool_addresses000001/providers/Microsoft.Network/loadBalancers/lb1/backendAddressPools/bap1\",\r\n
        \ \"etag\": \"W/\\\"6032c7b9-65b9-402d-9295-920102aefa92\\\"\",\r\n  \"properties\":
        {\r\n    \"provisioningState\": \"Updating\",\r\n    \"loadBalancerBackendAddresses\":
        [\r\n      {\r\n        \"name\": \"address1\",\r\n        \"id\": \"/subscriptions/00000000-0000-0000-0000-000000000000/resourceGroups/cli_test_lb_address_pool_addresses000001/providers/Microsoft.Network/loadBalancers/lb1/backendAddressPools/bap1/loadBalancerBackendAddresses/address1\",\r\n
        \       \"etag\": \"W/\\\"6032c7b9-65b9-402d-9295-920102aefa92\\\"\",\r\n
        \       \"properties\": {\r\n          \"provisioningState\": \"Updating\",\r\n
        \         \"ipAddress\": \"10.0.0.4\",\r\n          \"virtualNetwork\": {\r\n
        \           \"id\": \"/subscriptions/00000000-0000-0000-0000-000000000000/resourceGroups/cli_test_lb_address_pool_addresses000001/providers/Microsoft.Network/virtualNetworks/clitestvnet\"\r\n
        \         }\r\n        },\r\n        \"type\": \"Microsoft.Network/loadBalancers/backendAddressPools/loadBalancerBackendAddresses\"\r\n
        \     },\r\n      {\r\n        \"name\": \"address2\",\r\n        \"id\":
        \"/subscriptions/00000000-0000-0000-0000-000000000000/resourceGroups/cli_test_lb_address_pool_addresses000001/providers/Microsoft.Network/loadBalancers/lb1/backendAddressPools/bap1/loadBalancerBackendAddresses/address2\",\r\n
        \       \"etag\": \"W/\\\"6032c7b9-65b9-402d-9295-920102aefa92\\\"\",\r\n
        \       \"properties\": {\r\n          \"provisioningState\": \"Updating\",\r\n
        \         \"ipAddress\": \"10.0.0.5\",\r\n          \"virtualNetwork\": {\r\n
        \           \"id\": \"/subscriptions/00000000-0000-0000-0000-000000000000/resourceGroups/cli_test_lb_address_pool_addresses000001/providers/Microsoft.Network/virtualNetworks/clitestvnet\"\r\n
        \         }\r\n        },\r\n        \"type\": \"Microsoft.Network/loadBalancers/backendAddressPools/loadBalancerBackendAddresses\"\r\n
        \     }\r\n    ]\r\n  },\r\n  \"type\": \"Microsoft.Network/loadBalancers/backendAddressPools\"\r\n}"
    headers:
      azure-asyncoperation:
      - https://management.azure.com/subscriptions/00000000-0000-0000-0000-000000000000/providers/Microsoft.Network/locations/westus/operations/81ed43a3-186a-430e-b752-639726ea0ea6?api-version=2020-07-01
      cache-control:
      - no-cache
      content-length:
      - '2203'
      content-type:
      - application/json; charset=utf-8
      date:
      - Sun, 20 Dec 2020 21:42:25 GMT
      expires:
      - '-1'
      pragma:
      - no-cache
      server:
      - Microsoft-HTTPAPI/2.0
      - Microsoft-HTTPAPI/2.0
      strict-transport-security:
      - max-age=31536000; includeSubDomains
      x-content-type-options:
      - nosniff
      x-ms-arm-service-request-id:
      - 3d172b38-01be-45c6-9786-bdfde6223c20
      x-ms-ratelimit-remaining-subscription-writes:
      - '1198'
    status:
      code: 201
      message: Created
- request:
    body: null
    headers:
      Accept:
      - '*/*'
      Accept-Encoding:
      - gzip, deflate
      CommandName:
      - network lb address-pool create
      Connection:
      - keep-alive
      ParameterSetName:
      - -g --lb-name -n --vnet --backend-addresses-config-file
      User-Agent:
      - AZURECLI/2.16.0 azsdk-python-azure-mgmt-network/17.0.0 Python/3.8.6 (Windows-10-10.0.19041-SP0)
    method: GET
    uri: https://management.azure.com/subscriptions/00000000-0000-0000-0000-000000000000/providers/Microsoft.Network/locations/westus/operations/81ed43a3-186a-430e-b752-639726ea0ea6?api-version=2020-07-01
  response:
    body:
      string: "{\r\n  \"status\": \"Succeeded\"\r\n}"
    headers:
      cache-control:
      - no-cache
      content-length:
      - '29'
      content-type:
      - application/json; charset=utf-8
      date:
      - Sun, 20 Dec 2020 21:42:36 GMT
      expires:
      - '-1'
      pragma:
      - no-cache
      server:
      - Microsoft-HTTPAPI/2.0
      - Microsoft-HTTPAPI/2.0
      strict-transport-security:
      - max-age=31536000; includeSubDomains
      transfer-encoding:
      - chunked
      vary:
      - Accept-Encoding
      x-content-type-options:
      - nosniff
      x-ms-arm-service-request-id:
      - 126b42ec-ddea-4763-9b37-9322082db8bc
    status:
      code: 200
      message: OK
- request:
    body: null
    headers:
      Accept:
      - '*/*'
      Accept-Encoding:
      - gzip, deflate
      CommandName:
      - network lb address-pool create
      Connection:
      - keep-alive
      ParameterSetName:
      - -g --lb-name -n --vnet --backend-addresses-config-file
      User-Agent:
      - AZURECLI/2.16.0 azsdk-python-azure-mgmt-network/17.0.0 Python/3.8.6 (Windows-10-10.0.19041-SP0)
    method: GET
    uri: https://management.azure.com/subscriptions/00000000-0000-0000-0000-000000000000/resourceGroups/cli_test_lb_address_pool_addresses000001/providers/Microsoft.Network/loadBalancers/lb1/backendAddressPools/bap1?api-version=2020-07-01
  response:
    body:
      string: "{\r\n  \"name\": \"bap1\",\r\n  \"id\": \"/subscriptions/00000000-0000-0000-0000-000000000000/resourceGroups/cli_test_lb_address_pool_addresses000001/providers/Microsoft.Network/loadBalancers/lb1/backendAddressPools/bap1\",\r\n
        \ \"etag\": \"W/\\\"c724061c-70d4-47cf-ad12-a0a928952bde\\\"\",\r\n  \"properties\":
        {\r\n    \"provisioningState\": \"Succeeded\",\r\n    \"loadBalancerBackendAddresses\":
        [\r\n      {\r\n        \"name\": \"address1\",\r\n        \"id\": \"/subscriptions/00000000-0000-0000-0000-000000000000/resourceGroups/cli_test_lb_address_pool_addresses000001/providers/Microsoft.Network/loadBalancers/lb1/backendAddressPools/bap1/loadBalancerBackendAddresses/address1\",\r\n
        \       \"etag\": \"W/\\\"c724061c-70d4-47cf-ad12-a0a928952bde\\\"\",\r\n
        \       \"properties\": {\r\n          \"provisioningState\": \"Succeeded\",\r\n
        \         \"ipAddress\": \"10.0.0.4\",\r\n          \"virtualNetwork\": {\r\n
        \           \"id\": \"/subscriptions/00000000-0000-0000-0000-000000000000/resourceGroups/cli_test_lb_address_pool_addresses000001/providers/Microsoft.Network/virtualNetworks/clitestvnet\"\r\n
        \         }\r\n        },\r\n        \"type\": \"Microsoft.Network/loadBalancers/backendAddressPools/loadBalancerBackendAddresses\"\r\n
        \     },\r\n      {\r\n        \"name\": \"address2\",\r\n        \"id\":
        \"/subscriptions/00000000-0000-0000-0000-000000000000/resourceGroups/cli_test_lb_address_pool_addresses000001/providers/Microsoft.Network/loadBalancers/lb1/backendAddressPools/bap1/loadBalancerBackendAddresses/address2\",\r\n
        \       \"etag\": \"W/\\\"c724061c-70d4-47cf-ad12-a0a928952bde\\\"\",\r\n
        \       \"properties\": {\r\n          \"provisioningState\": \"Succeeded\",\r\n
        \         \"ipAddress\": \"10.0.0.5\",\r\n          \"virtualNetwork\": {\r\n
        \           \"id\": \"/subscriptions/00000000-0000-0000-0000-000000000000/resourceGroups/cli_test_lb_address_pool_addresses000001/providers/Microsoft.Network/virtualNetworks/clitestvnet\"\r\n
        \         }\r\n        },\r\n        \"type\": \"Microsoft.Network/loadBalancers/backendAddressPools/loadBalancerBackendAddresses\"\r\n
        \     }\r\n    ]\r\n  },\r\n  \"type\": \"Microsoft.Network/loadBalancers/backendAddressPools\"\r\n}"
    headers:
      cache-control:
      - no-cache
      content-length:
      - '2206'
      content-type:
      - application/json; charset=utf-8
      date:
      - Sun, 20 Dec 2020 21:42:36 GMT
      etag:
      - W/"c724061c-70d4-47cf-ad12-a0a928952bde"
      expires:
      - '-1'
      pragma:
      - no-cache
      server:
      - Microsoft-HTTPAPI/2.0
      - Microsoft-HTTPAPI/2.0
      strict-transport-security:
      - max-age=31536000; includeSubDomains
      transfer-encoding:
      - chunked
      vary:
      - Accept-Encoding
      x-content-type-options:
      - nosniff
      x-ms-arm-service-request-id:
      - 1d0619f9-80d4-4774-8035-618bb5fc3c6a
    status:
      code: 200
      message: OK
- request:
    body: null
    headers:
      Accept:
      - application/json
      Accept-Encoding:
      - gzip, deflate
      CommandName:
      - network lb address-pool address list
      Connection:
      - keep-alive
      ParameterSetName:
      - -g --lb-name --pool-name
      User-Agent:
      - AZURECLI/2.16.0 azsdk-python-azure-mgmt-network/17.0.0 Python/3.8.6 (Windows-10-10.0.19041-SP0)
    method: GET
    uri: https://management.azure.com/subscriptions/00000000-0000-0000-0000-000000000000/resourceGroups/cli_test_lb_address_pool_addresses000001/providers/Microsoft.Network/loadBalancers/lb1/backendAddressPools/bap1?api-version=2020-07-01
  response:
    body:
      string: "{\r\n  \"name\": \"bap1\",\r\n  \"id\": \"/subscriptions/00000000-0000-0000-0000-000000000000/resourceGroups/cli_test_lb_address_pool_addresses000001/providers/Microsoft.Network/loadBalancers/lb1/backendAddressPools/bap1\",\r\n
        \ \"etag\": \"W/\\\"c724061c-70d4-47cf-ad12-a0a928952bde\\\"\",\r\n  \"properties\":
        {\r\n    \"provisioningState\": \"Succeeded\",\r\n    \"loadBalancerBackendAddresses\":
        [\r\n      {\r\n        \"name\": \"address1\",\r\n        \"id\": \"/subscriptions/00000000-0000-0000-0000-000000000000/resourceGroups/cli_test_lb_address_pool_addresses000001/providers/Microsoft.Network/loadBalancers/lb1/backendAddressPools/bap1/loadBalancerBackendAddresses/address1\",\r\n
        \       \"etag\": \"W/\\\"c724061c-70d4-47cf-ad12-a0a928952bde\\\"\",\r\n
        \       \"properties\": {\r\n          \"provisioningState\": \"Succeeded\",\r\n
        \         \"ipAddress\": \"10.0.0.4\",\r\n          \"virtualNetwork\": {\r\n
        \           \"id\": \"/subscriptions/00000000-0000-0000-0000-000000000000/resourceGroups/cli_test_lb_address_pool_addresses000001/providers/Microsoft.Network/virtualNetworks/clitestvnet\"\r\n
        \         }\r\n        },\r\n        \"type\": \"Microsoft.Network/loadBalancers/backendAddressPools/loadBalancerBackendAddresses\"\r\n
        \     },\r\n      {\r\n        \"name\": \"address2\",\r\n        \"id\":
        \"/subscriptions/00000000-0000-0000-0000-000000000000/resourceGroups/cli_test_lb_address_pool_addresses000001/providers/Microsoft.Network/loadBalancers/lb1/backendAddressPools/bap1/loadBalancerBackendAddresses/address2\",\r\n
        \       \"etag\": \"W/\\\"c724061c-70d4-47cf-ad12-a0a928952bde\\\"\",\r\n
        \       \"properties\": {\r\n          \"provisioningState\": \"Succeeded\",\r\n
        \         \"ipAddress\": \"10.0.0.5\",\r\n          \"virtualNetwork\": {\r\n
        \           \"id\": \"/subscriptions/00000000-0000-0000-0000-000000000000/resourceGroups/cli_test_lb_address_pool_addresses000001/providers/Microsoft.Network/virtualNetworks/clitestvnet\"\r\n
        \         }\r\n        },\r\n        \"type\": \"Microsoft.Network/loadBalancers/backendAddressPools/loadBalancerBackendAddresses\"\r\n
        \     }\r\n    ]\r\n  },\r\n  \"type\": \"Microsoft.Network/loadBalancers/backendAddressPools\"\r\n}"
    headers:
      cache-control:
      - no-cache
      content-length:
      - '2206'
      content-type:
      - application/json; charset=utf-8
      date:
      - Sun, 20 Dec 2020 21:42:37 GMT
      etag:
      - W/"c724061c-70d4-47cf-ad12-a0a928952bde"
      expires:
      - '-1'
      pragma:
      - no-cache
      server:
      - Microsoft-HTTPAPI/2.0
      - Microsoft-HTTPAPI/2.0
      strict-transport-security:
      - max-age=31536000; includeSubDomains
      transfer-encoding:
      - chunked
      vary:
      - Accept-Encoding
      x-content-type-options:
      - nosniff
      x-ms-arm-service-request-id:
      - a7119d22-b0fd-4dd6-a743-e692aa183ba3
    status:
      code: 200
      message: OK
- request:
    body: null
    headers:
      Accept:
      - application/json
      Accept-Encoding:
      - gzip, deflate
      CommandName:
      - network lb address-pool delete
      Connection:
      - keep-alive
      ParameterSetName:
      - -g --lb-name -n
      User-Agent:
      - AZURECLI/2.16.0 azsdk-python-azure-mgmt-network/17.0.0 Python/3.8.6 (Windows-10-10.0.19041-SP0)
    method: GET
    uri: https://management.azure.com/subscriptions/00000000-0000-0000-0000-000000000000/resourceGroups/cli_test_lb_address_pool_addresses000001/providers/Microsoft.Network/loadBalancers/lb1?api-version=2020-07-01
  response:
    body:
      string: "{\r\n  \"name\": \"lb1\",\r\n  \"id\": \"/subscriptions/00000000-0000-0000-0000-000000000000/resourceGroups/cli_test_lb_address_pool_addresses000001/providers/Microsoft.Network/loadBalancers/lb1\",\r\n
        \ \"etag\": \"W/\\\"c724061c-70d4-47cf-ad12-a0a928952bde\\\"\",\r\n  \"type\":
        \"Microsoft.Network/loadBalancers\",\r\n  \"location\": \"westus\",\r\n  \"tags\":
        {},\r\n  \"properties\": {\r\n    \"provisioningState\": \"Succeeded\",\r\n
        \   \"resourceGuid\": \"d73153af-3808-4e4b-bc91-c28b95316daf\",\r\n    \"frontendIPConfigurations\":
        [\r\n      {\r\n        \"name\": \"LoadBalancerFrontEnd\",\r\n        \"id\":
        \"/subscriptions/00000000-0000-0000-0000-000000000000/resourceGroups/cli_test_lb_address_pool_addresses000001/providers/Microsoft.Network/loadBalancers/lb1/frontendIPConfigurations/LoadBalancerFrontEnd\",\r\n
        \       \"etag\": \"W/\\\"c724061c-70d4-47cf-ad12-a0a928952bde\\\"\",\r\n
        \       \"type\": \"Microsoft.Network/loadBalancers/frontendIPConfigurations\",\r\n
        \       \"properties\": {\r\n          \"provisioningState\": \"Succeeded\",\r\n
        \         \"privateIPAllocationMethod\": \"Dynamic\",\r\n          \"publicIPAddress\":
        {\r\n            \"id\": \"/subscriptions/00000000-0000-0000-0000-000000000000/resourceGroups/cli_test_lb_address_pool_addresses000001/providers/Microsoft.Network/publicIPAddresses/PublicIPlb1\"\r\n
        \         },\r\n          \"privateIPAddressVersion\": \"IPv4\"\r\n        }\r\n
        \     }\r\n    ],\r\n    \"backendAddressPools\": [\r\n      {\r\n        \"name\":
        \"lb1bepool\",\r\n        \"id\": \"/subscriptions/00000000-0000-0000-0000-000000000000/resourceGroups/cli_test_lb_address_pool_addresses000001/providers/Microsoft.Network/loadBalancers/lb1/backendAddressPools/lb1bepool\",\r\n
        \       \"etag\": \"W/\\\"c724061c-70d4-47cf-ad12-a0a928952bde\\\"\",\r\n
        \       \"properties\": {\r\n          \"provisioningState\": \"Succeeded\",\r\n
        \         \"loadBalancerBackendAddresses\": []\r\n        },\r\n        \"type\":
        \"Microsoft.Network/loadBalancers/backendAddressPools\"\r\n      },\r\n      {\r\n
        \       \"name\": \"bap1\",\r\n        \"id\": \"/subscriptions/00000000-0000-0000-0000-000000000000/resourceGroups/cli_test_lb_address_pool_addresses000001/providers/Microsoft.Network/loadBalancers/lb1/backendAddressPools/bap1\",\r\n
        \       \"etag\": \"W/\\\"c724061c-70d4-47cf-ad12-a0a928952bde\\\"\",\r\n
        \       \"properties\": {\r\n          \"provisioningState\": \"Succeeded\",\r\n
        \         \"loadBalancerBackendAddresses\": [\r\n            {\r\n              \"name\":
        \"address1\",\r\n              \"id\": \"/subscriptions/00000000-0000-0000-0000-000000000000/resourceGroups/cli_test_lb_address_pool_addresses000001/providers/Microsoft.Network/loadBalancers/lb1/backendAddressPools/bap1/loadBalancerBackendAddresses/address1\",\r\n
        \             \"etag\": \"W/\\\"c724061c-70d4-47cf-ad12-a0a928952bde\\\"\",\r\n
        \             \"properties\": {\r\n                \"provisioningState\":
        \"Succeeded\",\r\n                \"ipAddress\": \"10.0.0.4\",\r\n                \"virtualNetwork\":
        {\r\n                  \"id\": \"/subscriptions/00000000-0000-0000-0000-000000000000/resourceGroups/cli_test_lb_address_pool_addresses000001/providers/Microsoft.Network/virtualNetworks/clitestvnet\"\r\n
        \               }\r\n              },\r\n              \"type\": \"Microsoft.Network/loadBalancers/backendAddressPools/loadBalancerBackendAddresses\"\r\n
        \           },\r\n            {\r\n              \"name\": \"address2\",\r\n
        \             \"id\": \"/subscriptions/00000000-0000-0000-0000-000000000000/resourceGroups/cli_test_lb_address_pool_addresses000001/providers/Microsoft.Network/loadBalancers/lb1/backendAddressPools/bap1/loadBalancerBackendAddresses/address2\",\r\n
        \             \"etag\": \"W/\\\"c724061c-70d4-47cf-ad12-a0a928952bde\\\"\",\r\n
        \             \"properties\": {\r\n                \"provisioningState\":
        \"Succeeded\",\r\n                \"ipAddress\": \"10.0.0.5\",\r\n                \"virtualNetwork\":
        {\r\n                  \"id\": \"/subscriptions/00000000-0000-0000-0000-000000000000/resourceGroups/cli_test_lb_address_pool_addresses000001/providers/Microsoft.Network/virtualNetworks/clitestvnet\"\r\n
        \               }\r\n              },\r\n              \"type\": \"Microsoft.Network/loadBalancers/backendAddressPools/loadBalancerBackendAddresses\"\r\n
        \           }\r\n          ]\r\n        },\r\n        \"type\": \"Microsoft.Network/loadBalancers/backendAddressPools\"\r\n
        \     }\r\n    ],\r\n    \"loadBalancingRules\": [],\r\n    \"probes\": [],\r\n
        \   \"inboundNatRules\": [],\r\n    \"outboundRules\": [],\r\n    \"inboundNatPools\":
        []\r\n  },\r\n  \"sku\": {\r\n    \"name\": \"Standard\",\r\n    \"tier\":
        \"Regional\"\r\n  }\r\n}"
    headers:
      cache-control:
      - no-cache
      content-length:
      - '4644'
      content-type:
      - application/json; charset=utf-8
      date:
      - Sun, 20 Dec 2020 21:42:37 GMT
      etag:
      - W/"c724061c-70d4-47cf-ad12-a0a928952bde"
      expires:
      - '-1'
      pragma:
      - no-cache
      server:
      - Microsoft-HTTPAPI/2.0
      - Microsoft-HTTPAPI/2.0
      strict-transport-security:
      - max-age=31536000; includeSubDomains
      transfer-encoding:
      - chunked
      vary:
      - Accept-Encoding
      x-content-type-options:
      - nosniff
      x-ms-arm-service-request-id:
      - 5091ad44-53f8-4a7a-af9a-dee870c2936d
    status:
      code: 200
      message: OK
- request:
    body: null
    headers:
      Accept:
      - application/json
      Accept-Encoding:
      - gzip, deflate
      CommandName:
      - network lb address-pool delete
      Connection:
      - keep-alive
      Content-Length:
      - '0'
      ParameterSetName:
      - -g --lb-name -n
      User-Agent:
      - AZURECLI/2.16.0 azsdk-python-azure-mgmt-network/17.0.0 Python/3.8.6 (Windows-10-10.0.19041-SP0)
    method: DELETE
    uri: https://management.azure.com/subscriptions/00000000-0000-0000-0000-000000000000/resourceGroups/cli_test_lb_address_pool_addresses000001/providers/Microsoft.Network/loadBalancers/lb1/backendAddressPools/bap1?api-version=2020-07-01
  response:
    body:
      string: ''
    headers:
      azure-asyncoperation:
      - https://management.azure.com/subscriptions/00000000-0000-0000-0000-000000000000/providers/Microsoft.Network/locations/westus/operations/c9647da0-d607-44f4-95cd-79c9048bb246?api-version=2020-07-01
      cache-control:
      - no-cache
      content-length:
      - '0'
      date:
      - Sun, 20 Dec 2020 21:42:38 GMT
      expires:
      - '-1'
      location:
      - https://management.azure.com/subscriptions/00000000-0000-0000-0000-000000000000/providers/Microsoft.Network/locations/westus/operationResults/c9647da0-d607-44f4-95cd-79c9048bb246?api-version=2020-07-01
      pragma:
      - no-cache
      server:
      - Microsoft-HTTPAPI/2.0
      - Microsoft-HTTPAPI/2.0
      strict-transport-security:
      - max-age=31536000; includeSubDomains
      x-content-type-options:
      - nosniff
      x-ms-arm-service-request-id:
      - 3694ce39-ed0b-4075-a270-92922e2360eb
      x-ms-ratelimit-remaining-subscription-deletes:
      - '14999'
    status:
      code: 202
      message: Accepted
- request:
    body: null
    headers:
      Accept:
      - '*/*'
      Accept-Encoding:
      - gzip, deflate
      CommandName:
      - network lb address-pool delete
      Connection:
      - keep-alive
      ParameterSetName:
      - -g --lb-name -n
      User-Agent:
      - AZURECLI/2.16.0 azsdk-python-azure-mgmt-network/17.0.0 Python/3.8.6 (Windows-10-10.0.19041-SP0)
    method: GET
    uri: https://management.azure.com/subscriptions/00000000-0000-0000-0000-000000000000/providers/Microsoft.Network/locations/westus/operations/c9647da0-d607-44f4-95cd-79c9048bb246?api-version=2020-07-01
  response:
    body:
      string: "{\r\n  \"status\": \"Succeeded\"\r\n}"
    headers:
      cache-control:
      - no-cache
      content-length:
      - '29'
      content-type:
      - application/json; charset=utf-8
      date:
      - Sun, 20 Dec 2020 21:42:48 GMT
      expires:
      - '-1'
      pragma:
      - no-cache
      server:
      - Microsoft-HTTPAPI/2.0
      - Microsoft-HTTPAPI/2.0
      strict-transport-security:
      - max-age=31536000; includeSubDomains
      transfer-encoding:
      - chunked
      vary:
      - Accept-Encoding
      x-content-type-options:
      - nosniff
      x-ms-arm-service-request-id:
      - cb130d39-58fe-4ca5-b051-a5a4b5d5c9a2
    status:
      code: 200
      message: OK
- request:
    body: null
    headers:
      Accept:
      - application/json
      Accept-Encoding:
      - gzip, deflate
      CommandName:
      - network lb address-pool list
      Connection:
      - keep-alive
      ParameterSetName:
      - -g --lb-name
      User-Agent:
      - AZURECLI/2.16.0 azsdk-python-azure-mgmt-network/17.0.0 Python/3.8.6 (Windows-10-10.0.19041-SP0)
    method: GET
    uri: https://management.azure.com/subscriptions/00000000-0000-0000-0000-000000000000/resourceGroups/cli_test_lb_address_pool_addresses000001/providers/Microsoft.Network/loadBalancers/lb1/backendAddressPools?api-version=2020-07-01
  response:
    body:
      string: "{\r\n  \"value\": [\r\n    {\r\n      \"name\": \"lb1bepool\",\r\n
        \     \"id\": \"/subscriptions/00000000-0000-0000-0000-000000000000/resourceGroups/cli_test_lb_address_pool_addresses000001/providers/Microsoft.Network/loadBalancers/lb1/backendAddressPools/lb1bepool\",\r\n
        \     \"etag\": \"W/\\\"042b7f73-70eb-49fb-b5d7-ee13c60afb08\\\"\",\r\n      \"properties\":
        {\r\n        \"provisioningState\": \"Succeeded\",\r\n        \"loadBalancerBackendAddresses\":
        []\r\n      },\r\n      \"type\": \"Microsoft.Network/loadBalancers/backendAddressPools\"\r\n
        \   }\r\n  ]\r\n}"
    headers:
      cache-control:
      - no-cache
      content-length:
      - '550'
      content-type:
      - application/json; charset=utf-8
      date:
      - Sun, 20 Dec 2020 21:42:50 GMT
      expires:
      - '-1'
      pragma:
      - no-cache
      server:
      - Microsoft-HTTPAPI/2.0
      - Microsoft-HTTPAPI/2.0
      strict-transport-security:
      - max-age=31536000; includeSubDomains
      transfer-encoding:
      - chunked
      vary:
      - Accept-Encoding
      x-content-type-options:
      - nosniff
      x-ms-arm-service-request-id:
      - aff1c8e5-3aac-4ce7-8991-75d978ad87ea
    status:
      code: 200
      message: OK
- request:
    body: null
    headers:
      Accept:
      - application/json
      Accept-Encoding:
      - gzip, deflate
      CommandName:
      - network lb address-pool create
      Connection:
      - keep-alive
      ParameterSetName:
      - -g --lb-name -n --vnet
      User-Agent:
      - AZURECLI/2.16.0 azsdk-python-azure-mgmt-network/17.0.0 Python/3.8.6 (Windows-10-10.0.19041-SP0)
    method: GET
    uri: https://management.azure.com/subscriptions/00000000-0000-0000-0000-000000000000/resourceGroups/cli_test_lb_address_pool_addresses000001/providers/Microsoft.Network/loadBalancers/lb1?api-version=2020-07-01
  response:
    body:
      string: "{\r\n  \"name\": \"lb1\",\r\n  \"id\": \"/subscriptions/00000000-0000-0000-0000-000000000000/resourceGroups/cli_test_lb_address_pool_addresses000001/providers/Microsoft.Network/loadBalancers/lb1\",\r\n
        \ \"etag\": \"W/\\\"042b7f73-70eb-49fb-b5d7-ee13c60afb08\\\"\",\r\n  \"type\":
        \"Microsoft.Network/loadBalancers\",\r\n  \"location\": \"westus\",\r\n  \"tags\":
        {},\r\n  \"properties\": {\r\n    \"provisioningState\": \"Succeeded\",\r\n
        \   \"resourceGuid\": \"d73153af-3808-4e4b-bc91-c28b95316daf\",\r\n    \"frontendIPConfigurations\":
        [\r\n      {\r\n        \"name\": \"LoadBalancerFrontEnd\",\r\n        \"id\":
        \"/subscriptions/00000000-0000-0000-0000-000000000000/resourceGroups/cli_test_lb_address_pool_addresses000001/providers/Microsoft.Network/loadBalancers/lb1/frontendIPConfigurations/LoadBalancerFrontEnd\",\r\n
        \       \"etag\": \"W/\\\"042b7f73-70eb-49fb-b5d7-ee13c60afb08\\\"\",\r\n
        \       \"type\": \"Microsoft.Network/loadBalancers/frontendIPConfigurations\",\r\n
        \       \"properties\": {\r\n          \"provisioningState\": \"Succeeded\",\r\n
        \         \"privateIPAllocationMethod\": \"Dynamic\",\r\n          \"publicIPAddress\":
        {\r\n            \"id\": \"/subscriptions/00000000-0000-0000-0000-000000000000/resourceGroups/cli_test_lb_address_pool_addresses000001/providers/Microsoft.Network/publicIPAddresses/PublicIPlb1\"\r\n
        \         },\r\n          \"privateIPAddressVersion\": \"IPv4\"\r\n        }\r\n
        \     }\r\n    ],\r\n    \"backendAddressPools\": [\r\n      {\r\n        \"name\":
        \"lb1bepool\",\r\n        \"id\": \"/subscriptions/00000000-0000-0000-0000-000000000000/resourceGroups/cli_test_lb_address_pool_addresses000001/providers/Microsoft.Network/loadBalancers/lb1/backendAddressPools/lb1bepool\",\r\n
        \       \"etag\": \"W/\\\"042b7f73-70eb-49fb-b5d7-ee13c60afb08\\\"\",\r\n
        \       \"properties\": {\r\n          \"provisioningState\": \"Succeeded\",\r\n
        \         \"loadBalancerBackendAddresses\": []\r\n        },\r\n        \"type\":
        \"Microsoft.Network/loadBalancers/backendAddressPools\"\r\n      }\r\n    ],\r\n
        \   \"loadBalancingRules\": [],\r\n    \"probes\": [],\r\n    \"inboundNatRules\":
        [],\r\n    \"outboundRules\": [],\r\n    \"inboundNatPools\": []\r\n  },\r\n
        \ \"sku\": {\r\n    \"name\": \"Standard\",\r\n    \"tier\": \"Regional\"\r\n
        \ }\r\n}"
    headers:
      cache-control:
      - no-cache
      content-length:
      - '2213'
      content-type:
      - application/json; charset=utf-8
      date:
      - Sun, 20 Dec 2020 21:42:50 GMT
      etag:
      - W/"042b7f73-70eb-49fb-b5d7-ee13c60afb08"
      expires:
      - '-1'
      pragma:
      - no-cache
      server:
      - Microsoft-HTTPAPI/2.0
      - Microsoft-HTTPAPI/2.0
      strict-transport-security:
      - max-age=31536000; includeSubDomains
      transfer-encoding:
      - chunked
      vary:
      - Accept-Encoding
      x-content-type-options:
      - nosniff
      x-ms-arm-service-request-id:
      - 2f064520-a087-4a1e-a228-2f156f13205d
    status:
      code: 200
      message: OK
- request:
    body: '{"name": "bap1"}'
    headers:
      Accept:
      - application/json
      Accept-Encoding:
      - gzip, deflate
      CommandName:
      - network lb address-pool create
      Connection:
      - keep-alive
      Content-Length:
      - '16'
      Content-Type:
      - application/json
      ParameterSetName:
      - -g --lb-name -n --vnet
      User-Agent:
      - AZURECLI/2.16.0 azsdk-python-azure-mgmt-network/17.0.0 Python/3.8.6 (Windows-10-10.0.19041-SP0)
    method: PUT
    uri: https://management.azure.com/subscriptions/00000000-0000-0000-0000-000000000000/resourceGroups/cli_test_lb_address_pool_addresses000001/providers/Microsoft.Network/loadBalancers/lb1/backendAddressPools/bap1?api-version=2020-07-01
  response:
    body:
      string: "{\r\n  \"name\": \"bap1\",\r\n  \"id\": \"/subscriptions/00000000-0000-0000-0000-000000000000/resourceGroups/cli_test_lb_address_pool_addresses000001/providers/Microsoft.Network/loadBalancers/lb1/backendAddressPools/bap1\",\r\n
        \ \"etag\": \"W/\\\"259c5dc1-c868-4229-9297-31ecb829577d\\\"\",\r\n  \"properties\":
        {\r\n    \"provisioningState\": \"Updating\",\r\n    \"loadBalancerBackendAddresses\":
        []\r\n  },\r\n  \"type\": \"Microsoft.Network/loadBalancers/backendAddressPools\"\r\n}"
    headers:
      azure-asyncoperation:
      - https://management.azure.com/subscriptions/00000000-0000-0000-0000-000000000000/providers/Microsoft.Network/locations/westus/operations/47c1236d-bfc8-4946-b9d3-b7311733d797?api-version=2020-07-01
      cache-control:
      - no-cache
      content-length:
      - '474'
      content-type:
      - application/json; charset=utf-8
      date:
      - Sun, 20 Dec 2020 21:42:51 GMT
      expires:
      - '-1'
      pragma:
      - no-cache
      server:
      - Microsoft-HTTPAPI/2.0
      - Microsoft-HTTPAPI/2.0
      strict-transport-security:
      - max-age=31536000; includeSubDomains
      x-content-type-options:
      - nosniff
      x-ms-arm-service-request-id:
      - 773c2503-d13c-43ed-a18d-597cfbaa8a48
      x-ms-ratelimit-remaining-subscription-writes:
      - '1198'
    status:
      code: 201
      message: Created
- request:
    body: null
    headers:
      Accept:
      - '*/*'
      Accept-Encoding:
      - gzip, deflate
      CommandName:
      - network lb address-pool create
      Connection:
      - keep-alive
      ParameterSetName:
      - -g --lb-name -n --vnet
      User-Agent:
      - AZURECLI/2.16.0 azsdk-python-azure-mgmt-network/17.0.0 Python/3.8.6 (Windows-10-10.0.19041-SP0)
    method: GET
    uri: https://management.azure.com/subscriptions/00000000-0000-0000-0000-000000000000/providers/Microsoft.Network/locations/westus/operations/47c1236d-bfc8-4946-b9d3-b7311733d797?api-version=2020-07-01
  response:
    body:
      string: "{\r\n  \"status\": \"Succeeded\"\r\n}"
    headers:
      cache-control:
      - no-cache
      content-length:
      - '29'
      content-type:
      - application/json; charset=utf-8
      date:
      - Sun, 20 Dec 2020 21:43:01 GMT
      expires:
      - '-1'
      pragma:
      - no-cache
      server:
      - Microsoft-HTTPAPI/2.0
      - Microsoft-HTTPAPI/2.0
      strict-transport-security:
      - max-age=31536000; includeSubDomains
      transfer-encoding:
      - chunked
      vary:
      - Accept-Encoding
      x-content-type-options:
      - nosniff
      x-ms-arm-service-request-id:
      - e471eea2-539e-4079-85a2-c364e50844ec
    status:
      code: 200
      message: OK
- request:
    body: null
    headers:
      Accept:
      - '*/*'
      Accept-Encoding:
      - gzip, deflate
      CommandName:
      - network lb address-pool create
      Connection:
      - keep-alive
      ParameterSetName:
      - -g --lb-name -n --vnet
      User-Agent:
      - AZURECLI/2.16.0 azsdk-python-azure-mgmt-network/17.0.0 Python/3.8.6 (Windows-10-10.0.19041-SP0)
    method: GET
    uri: https://management.azure.com/subscriptions/00000000-0000-0000-0000-000000000000/resourceGroups/cli_test_lb_address_pool_addresses000001/providers/Microsoft.Network/loadBalancers/lb1/backendAddressPools/bap1?api-version=2020-07-01
  response:
    body:
      string: "{\r\n  \"name\": \"bap1\",\r\n  \"id\": \"/subscriptions/00000000-0000-0000-0000-000000000000/resourceGroups/cli_test_lb_address_pool_addresses000001/providers/Microsoft.Network/loadBalancers/lb1/backendAddressPools/bap1\",\r\n
        \ \"etag\": \"W/\\\"4d342424-add7-451e-b821-fc062ea760cb\\\"\",\r\n  \"properties\":
        {\r\n    \"provisioningState\": \"Succeeded\",\r\n    \"loadBalancerBackendAddresses\":
        []\r\n  },\r\n  \"type\": \"Microsoft.Network/loadBalancers/backendAddressPools\"\r\n}"
    headers:
      cache-control:
      - no-cache
      content-length:
      - '475'
      content-type:
      - application/json; charset=utf-8
      date:
      - Sun, 20 Dec 2020 21:43:01 GMT
      etag:
      - W/"4d342424-add7-451e-b821-fc062ea760cb"
      expires:
      - '-1'
      pragma:
      - no-cache
      server:
      - Microsoft-HTTPAPI/2.0
      - Microsoft-HTTPAPI/2.0
      strict-transport-security:
      - max-age=31536000; includeSubDomains
      transfer-encoding:
      - chunked
      vary:
      - Accept-Encoding
      x-content-type-options:
      - nosniff
      x-ms-arm-service-request-id:
      - c000fde4-4f0f-475e-a830-a82715fa00cb
    status:
      code: 200
      message: OK
- request:
    body: null
    headers:
      Accept:
      - application/json
      Accept-Encoding:
      - gzip, deflate
      CommandName:
      - network lb address-pool address add
      Connection:
      - keep-alive
      ParameterSetName:
      - -g --lb-name --pool-name --name --vnet --ip-address
      User-Agent:
      - AZURECLI/2.16.0 azsdk-python-azure-mgmt-network/17.0.0 Python/3.8.6 (Windows-10-10.0.19041-SP0)
    method: GET
    uri: https://management.azure.com/subscriptions/00000000-0000-0000-0000-000000000000/resourceGroups/cli_test_lb_address_pool_addresses000001/providers/Microsoft.Network/loadBalancers/lb1/backendAddressPools/bap1?api-version=2020-07-01
  response:
    body:
      string: "{\r\n  \"name\": \"bap1\",\r\n  \"id\": \"/subscriptions/00000000-0000-0000-0000-000000000000/resourceGroups/cli_test_lb_address_pool_addresses000001/providers/Microsoft.Network/loadBalancers/lb1/backendAddressPools/bap1\",\r\n
        \ \"etag\": \"W/\\\"4d342424-add7-451e-b821-fc062ea760cb\\\"\",\r\n  \"properties\":
        {\r\n    \"provisioningState\": \"Succeeded\",\r\n    \"loadBalancerBackendAddresses\":
        []\r\n  },\r\n  \"type\": \"Microsoft.Network/loadBalancers/backendAddressPools\"\r\n}"
    headers:
      cache-control:
      - no-cache
      content-length:
      - '475'
      content-type:
      - application/json; charset=utf-8
      date:
      - Sun, 20 Dec 2020 21:43:03 GMT
      etag:
      - W/"4d342424-add7-451e-b821-fc062ea760cb"
      expires:
      - '-1'
      pragma:
      - no-cache
      server:
      - Microsoft-HTTPAPI/2.0
      - Microsoft-HTTPAPI/2.0
      strict-transport-security:
      - max-age=31536000; includeSubDomains
      transfer-encoding:
      - chunked
      vary:
      - Accept-Encoding
      x-content-type-options:
      - nosniff
      x-ms-arm-service-request-id:
      - 2755a3e9-daf6-49e7-b9de-8943caf40667
    status:
      code: 200
      message: OK
- request:
    body: '{"id": "/subscriptions/00000000-0000-0000-0000-000000000000/resourceGroups/cli_test_lb_address_pool_addresses000001/providers/Microsoft.Network/loadBalancers/lb1/backendAddressPools/bap1",
      "name": "bap1", "properties": {"loadBalancerBackendAddresses": [{"name": "addr6",
      "properties": {"virtualNetwork": {"id": "/subscriptions/00000000-0000-0000-0000-000000000000/resourceGroups/cli_test_lb_address_pool_addresses000001/providers/Microsoft.Network/virtualNetworks/clitestvnet",
      "properties": {"enableDdosProtection": false, "enableVmProtection": false}},
      "ipAddress": "10.0.0.6"}}]}}'
    headers:
      Accept:
      - application/json
      Accept-Encoding:
      - gzip, deflate
      CommandName:
      - network lb address-pool address add
      Connection:
      - keep-alive
      Content-Length:
      - '653'
      Content-Type:
      - application/json
      ParameterSetName:
      - -g --lb-name --pool-name --name --vnet --ip-address
      User-Agent:
      - AZURECLI/2.16.0 azsdk-python-azure-mgmt-network/17.0.0 Python/3.8.6 (Windows-10-10.0.19041-SP0)
    method: PUT
    uri: https://management.azure.com/subscriptions/00000000-0000-0000-0000-000000000000/resourceGroups/cli_test_lb_address_pool_addresses000001/providers/Microsoft.Network/loadBalancers/lb1/backendAddressPools/bap1?api-version=2020-07-01
  response:
    body:
      string: "{\r\n  \"name\": \"bap1\",\r\n  \"id\": \"/subscriptions/00000000-0000-0000-0000-000000000000/resourceGroups/cli_test_lb_address_pool_addresses000001/providers/Microsoft.Network/loadBalancers/lb1/backendAddressPools/bap1\",\r\n
        \ \"etag\": \"W/\\\"b59e264f-ec58-41c1-864d-18108a30602d\\\"\",\r\n  \"properties\":
        {\r\n    \"provisioningState\": \"Updating\",\r\n    \"loadBalancerBackendAddresses\":
        [\r\n      {\r\n        \"name\": \"addr6\",\r\n        \"id\": \"/subscriptions/00000000-0000-0000-0000-000000000000/resourceGroups/cli_test_lb_address_pool_addresses000001/providers/Microsoft.Network/loadBalancers/lb1/backendAddressPools/bap1/loadBalancerBackendAddresses/addr6\",\r\n
        \       \"etag\": \"W/\\\"b59e264f-ec58-41c1-864d-18108a30602d\\\"\",\r\n
        \       \"properties\": {\r\n          \"provisioningState\": \"Updating\",\r\n
        \         \"ipAddress\": \"10.0.0.6\",\r\n          \"virtualNetwork\": {\r\n
        \           \"id\": \"/subscriptions/00000000-0000-0000-0000-000000000000/resourceGroups/cli_test_lb_address_pool_addresses000001/providers/Microsoft.Network/virtualNetworks/clitestvnet\"\r\n
        \         }\r\n        },\r\n        \"type\": \"Microsoft.Network/loadBalancers/backendAddressPools/loadBalancerBackendAddresses\"\r\n
        \     }\r\n    ]\r\n  },\r\n  \"type\": \"Microsoft.Network/loadBalancers/backendAddressPools\"\r\n}"
    headers:
      azure-asyncoperation:
      - https://management.azure.com/subscriptions/00000000-0000-0000-0000-000000000000/providers/Microsoft.Network/locations/westus/operations/a31b215d-f47d-417b-8ad0-3136d107808f?api-version=2020-07-01
      cache-control:
      - no-cache
      content-length:
      - '1335'
      content-type:
      - application/json; charset=utf-8
      date:
      - Sun, 20 Dec 2020 21:43:03 GMT
      expires:
      - '-1'
      pragma:
      - no-cache
      server:
      - Microsoft-HTTPAPI/2.0
      - Microsoft-HTTPAPI/2.0
      strict-transport-security:
      - max-age=31536000; includeSubDomains
      transfer-encoding:
      - chunked
      vary:
      - Accept-Encoding
      x-content-type-options:
      - nosniff
      x-ms-arm-service-request-id:
      - 8429321b-5247-4be8-a9e7-dbdf2c7d6092
      x-ms-ratelimit-remaining-subscription-writes:
      - '1196'
    status:
      code: 200
      message: OK
- request:
    body: null
    headers:
      Accept:
      - '*/*'
      Accept-Encoding:
      - gzip, deflate
      CommandName:
      - network lb address-pool address add
      Connection:
      - keep-alive
      ParameterSetName:
      - -g --lb-name --pool-name --name --vnet --ip-address
      User-Agent:
      - AZURECLI/2.16.0 azsdk-python-azure-mgmt-network/17.0.0 Python/3.8.6 (Windows-10-10.0.19041-SP0)
    method: GET
    uri: https://management.azure.com/subscriptions/00000000-0000-0000-0000-000000000000/providers/Microsoft.Network/locations/westus/operations/a31b215d-f47d-417b-8ad0-3136d107808f?api-version=2020-07-01
  response:
    body:
      string: "{\r\n  \"status\": \"Succeeded\"\r\n}"
    headers:
      cache-control:
      - no-cache
      content-length:
      - '29'
      content-type:
      - application/json; charset=utf-8
      date:
      - Sun, 20 Dec 2020 21:43:13 GMT
      expires:
      - '-1'
      pragma:
      - no-cache
      server:
      - Microsoft-HTTPAPI/2.0
      - Microsoft-HTTPAPI/2.0
      strict-transport-security:
      - max-age=31536000; includeSubDomains
      transfer-encoding:
      - chunked
      vary:
      - Accept-Encoding
      x-content-type-options:
      - nosniff
      x-ms-arm-service-request-id:
      - 76502f07-67e1-4b05-8e0d-e354021780cb
    status:
      code: 200
      message: OK
- request:
    body: null
    headers:
      Accept:
      - '*/*'
      Accept-Encoding:
      - gzip, deflate
      CommandName:
      - network lb address-pool address add
      Connection:
      - keep-alive
      ParameterSetName:
      - -g --lb-name --pool-name --name --vnet --ip-address
      User-Agent:
      - AZURECLI/2.16.0 azsdk-python-azure-mgmt-network/17.0.0 Python/3.8.6 (Windows-10-10.0.19041-SP0)
    method: GET
    uri: https://management.azure.com/subscriptions/00000000-0000-0000-0000-000000000000/resourceGroups/cli_test_lb_address_pool_addresses000001/providers/Microsoft.Network/loadBalancers/lb1/backendAddressPools/bap1?api-version=2020-07-01
  response:
    body:
      string: "{\r\n  \"name\": \"bap1\",\r\n  \"id\": \"/subscriptions/00000000-0000-0000-0000-000000000000/resourceGroups/cli_test_lb_address_pool_addresses000001/providers/Microsoft.Network/loadBalancers/lb1/backendAddressPools/bap1\",\r\n
        \ \"etag\": \"W/\\\"9638444d-d5fd-43ae-9460-b79e386aeccf\\\"\",\r\n  \"properties\":
        {\r\n    \"provisioningState\": \"Succeeded\",\r\n    \"loadBalancerBackendAddresses\":
        [\r\n      {\r\n        \"name\": \"addr6\",\r\n        \"id\": \"/subscriptions/00000000-0000-0000-0000-000000000000/resourceGroups/cli_test_lb_address_pool_addresses000001/providers/Microsoft.Network/loadBalancers/lb1/backendAddressPools/bap1/loadBalancerBackendAddresses/addr6\",\r\n
        \       \"etag\": \"W/\\\"9638444d-d5fd-43ae-9460-b79e386aeccf\\\"\",\r\n
        \       \"properties\": {\r\n          \"provisioningState\": \"Succeeded\",\r\n
        \         \"ipAddress\": \"10.0.0.6\",\r\n          \"virtualNetwork\": {\r\n
        \           \"id\": \"/subscriptions/00000000-0000-0000-0000-000000000000/resourceGroups/cli_test_lb_address_pool_addresses000001/providers/Microsoft.Network/virtualNetworks/clitestvnet\"\r\n
        \         }\r\n        },\r\n        \"type\": \"Microsoft.Network/loadBalancers/backendAddressPools/loadBalancerBackendAddresses\"\r\n
        \     }\r\n    ]\r\n  },\r\n  \"type\": \"Microsoft.Network/loadBalancers/backendAddressPools\"\r\n}"
    headers:
      cache-control:
      - no-cache
      content-length:
      - '1337'
      content-type:
      - application/json; charset=utf-8
      date:
      - Sun, 20 Dec 2020 21:43:13 GMT
      etag:
      - W/"9638444d-d5fd-43ae-9460-b79e386aeccf"
      expires:
      - '-1'
      pragma:
      - no-cache
      server:
      - Microsoft-HTTPAPI/2.0
      - Microsoft-HTTPAPI/2.0
      strict-transport-security:
      - max-age=31536000; includeSubDomains
      transfer-encoding:
      - chunked
      vary:
      - Accept-Encoding
      x-content-type-options:
      - nosniff
      x-ms-arm-service-request-id:
      - 03f12ae9-7a26-48d4-965a-03d9fab4145e
    status:
      code: 200
      message: OK
- request:
    body: null
    headers:
      Accept:
      - application/json
      Accept-Encoding:
      - gzip, deflate
      CommandName:
      - network lb address-pool address list
      Connection:
      - keep-alive
      ParameterSetName:
      - -g --lb-name --pool-name
      User-Agent:
      - AZURECLI/2.16.0 azsdk-python-azure-mgmt-network/17.0.0 Python/3.8.6 (Windows-10-10.0.19041-SP0)
    method: GET
    uri: https://management.azure.com/subscriptions/00000000-0000-0000-0000-000000000000/resourceGroups/cli_test_lb_address_pool_addresses000001/providers/Microsoft.Network/loadBalancers/lb1/backendAddressPools/bap1?api-version=2020-07-01
  response:
    body:
      string: "{\r\n  \"name\": \"bap1\",\r\n  \"id\": \"/subscriptions/00000000-0000-0000-0000-000000000000/resourceGroups/cli_test_lb_address_pool_addresses000001/providers/Microsoft.Network/loadBalancers/lb1/backendAddressPools/bap1\",\r\n
        \ \"etag\": \"W/\\\"9638444d-d5fd-43ae-9460-b79e386aeccf\\\"\",\r\n  \"properties\":
        {\r\n    \"provisioningState\": \"Succeeded\",\r\n    \"loadBalancerBackendAddresses\":
        [\r\n      {\r\n        \"name\": \"addr6\",\r\n        \"id\": \"/subscriptions/00000000-0000-0000-0000-000000000000/resourceGroups/cli_test_lb_address_pool_addresses000001/providers/Microsoft.Network/loadBalancers/lb1/backendAddressPools/bap1/loadBalancerBackendAddresses/addr6\",\r\n
        \       \"etag\": \"W/\\\"9638444d-d5fd-43ae-9460-b79e386aeccf\\\"\",\r\n
        \       \"properties\": {\r\n          \"provisioningState\": \"Succeeded\",\r\n
        \         \"ipAddress\": \"10.0.0.6\",\r\n          \"virtualNetwork\": {\r\n
        \           \"id\": \"/subscriptions/00000000-0000-0000-0000-000000000000/resourceGroups/cli_test_lb_address_pool_addresses000001/providers/Microsoft.Network/virtualNetworks/clitestvnet\"\r\n
        \         }\r\n        },\r\n        \"type\": \"Microsoft.Network/loadBalancers/backendAddressPools/loadBalancerBackendAddresses\"\r\n
        \     }\r\n    ]\r\n  },\r\n  \"type\": \"Microsoft.Network/loadBalancers/backendAddressPools\"\r\n}"
    headers:
      cache-control:
      - no-cache
      content-length:
      - '1337'
      content-type:
      - application/json; charset=utf-8
      date:
      - Sun, 20 Dec 2020 21:43:14 GMT
      etag:
      - W/"9638444d-d5fd-43ae-9460-b79e386aeccf"
      expires:
      - '-1'
      pragma:
      - no-cache
      server:
      - Microsoft-HTTPAPI/2.0
      - Microsoft-HTTPAPI/2.0
      strict-transport-security:
      - max-age=31536000; includeSubDomains
      transfer-encoding:
      - chunked
      vary:
      - Accept-Encoding
      x-content-type-options:
      - nosniff
      x-ms-arm-service-request-id:
      - d877095d-179f-4481-af57-e188631c32a2
    status:
      code: 200
      message: OK
version: 1
