interactions:
- request:
    body: '{"location": "eastus", "sku": {"name": "Premium", "tier": "Premium"}, "properties":
      {"publicNetworkAccess": "Enabled"}}'
    headers:
      Accept:
      - application/json
      Accept-Encoding:
      - gzip, deflate
      CommandName:
      - servicebus namespace create
      Connection:
      - keep-alive
      Content-Length:
      - '119'
      Content-Type:
      - application/json
      ParameterSetName:
      - -g -n -l --sku
      User-Agent:
      - AZURECLI/2.44.0 azsdk-python-azure-mgmt-servicebus/8.1.0 Python/3.10.8 (Linux-5.15.0-1023-azure-x86_64-with-glibc2.31)
        VSTS_7b238909-6802-4b65-b90d-184bca47f458_build_220_0
    method: PUT
    uri: https://management.azure.com/subscriptions/00000000-0000-0000-0000-000000000000/resourceGroups/test_private_endpoint_connection_service_bus000001/providers/Microsoft.ServiceBus/namespaces/cli-test-resource-000006?api-version=2022-01-01-preview
  response:
    body:
      string: '{"sku":{"name":"Premium","tier":"Premium","capacity":1},"id":"/subscriptions/00000000-0000-0000-0000-000000000000/resourceGroups/test_private_endpoint_connection_service_bus000001/providers/Microsoft.ServiceBus/namespaces/cli-test-resource-000006","name":"cli-test-resource-000006","type":"Microsoft.ServiceBus/Namespaces","location":"East
        US","tags":{},"properties":{"minimumTlsVersion":"1.2","publicNetworkAccess":"Enabled","disableLocalAuth":false,"zoneRedundant":false,"provisioningState":"Created","metricId":"0b1f6471-1bf0-4dda-aec3-cb9272f09590:cli-test-resource-000006","createdAt":"2023-01-10T03:47:35.41Z","updatedAt":"2023-01-10T03:47:35.41Z","serviceBusEndpoint":"https://cli-test-resource-000006.servicebus.windows.net:443/","status":"Activating"}}'
    headers:
      cache-control:
      - no-cache
      content-length:
      - '761'
      content-type:
      - application/json; charset=utf-8
      date:
      - Tue, 10 Jan 2023 03:47:36 GMT
      expires:
      - '-1'
      pragma:
      - no-cache
      server:
      - Service-Bus-Resource-Provider/SN1
      - Microsoft-HTTPAPI/2.0
      server-sb:
      - Service-Bus-Resource-Provider/SN1
      strict-transport-security:
      - max-age=31536000; includeSubDomains
      transfer-encoding:
      - chunked
      vary:
      - Accept-Encoding
      x-content-type-options:
      - nosniff
      x-ms-ratelimit-remaining-subscription-writes:
      - '1199'
    status:
      code: 200
      message: OK
- request:
    body: null
    headers:
      Accept:
      - '*/*'
      Accept-Encoding:
      - gzip, deflate
      CommandName:
      - servicebus namespace create
      Connection:
      - keep-alive
      ParameterSetName:
      - -g -n -l --sku
      User-Agent:
      - AZURECLI/2.44.0 azsdk-python-azure-mgmt-servicebus/8.1.0 Python/3.10.8 (Linux-5.15.0-1023-azure-x86_64-with-glibc2.31)
        VSTS_7b238909-6802-4b65-b90d-184bca47f458_build_220_0
    method: GET
    uri: https://management.azure.com/subscriptions/00000000-0000-0000-0000-000000000000/resourceGroups/test_private_endpoint_connection_service_bus000001/providers/Microsoft.ServiceBus/namespaces/cli-test-resource-000006?api-version=2022-01-01-preview
  response:
    body:
      string: '{"sku":{"name":"Premium","tier":"Premium","capacity":1},"id":"/subscriptions/00000000-0000-0000-0000-000000000000/resourceGroups/test_private_endpoint_connection_service_bus000001/providers/Microsoft.ServiceBus/namespaces/cli-test-resource-000006","name":"cli-test-resource-000006","type":"Microsoft.ServiceBus/Namespaces","location":"East
        US","tags":{},"properties":{"minimumTlsVersion":"1.2","publicNetworkAccess":"Enabled","disableLocalAuth":false,"zoneRedundant":false,"provisioningState":"Created","metricId":"0b1f6471-1bf0-4dda-aec3-cb9272f09590:cli-test-resource-000006","createdAt":"2023-01-10T03:47:35.41Z","updatedAt":"2023-01-10T03:47:35.41Z","serviceBusEndpoint":"https://cli-test-resource-000006.servicebus.windows.net:443/","status":"Activating"}}'
    headers:
      cache-control:
      - no-cache
      content-length:
      - '761'
      content-type:
      - application/json; charset=utf-8
      date:
      - Tue, 10 Jan 2023 03:48:06 GMT
      expires:
      - '-1'
      pragma:
      - no-cache
      server:
      - Service-Bus-Resource-Provider/SN1
      - Microsoft-HTTPAPI/2.0
      server-sb:
      - Service-Bus-Resource-Provider/SN1
      strict-transport-security:
      - max-age=31536000; includeSubDomains
      transfer-encoding:
      - chunked
      vary:
      - Accept-Encoding
      x-content-type-options:
      - nosniff
    status:
      code: 200
      message: OK
- request:
    body: null
    headers:
      Accept:
      - '*/*'
      Accept-Encoding:
      - gzip, deflate
      CommandName:
      - servicebus namespace create
      Connection:
      - keep-alive
      ParameterSetName:
      - -g -n -l --sku
      User-Agent:
      - AZURECLI/2.44.0 azsdk-python-azure-mgmt-servicebus/8.1.0 Python/3.10.8 (Linux-5.15.0-1023-azure-x86_64-with-glibc2.31)
        VSTS_7b238909-6802-4b65-b90d-184bca47f458_build_220_0
    method: GET
    uri: https://management.azure.com/subscriptions/00000000-0000-0000-0000-000000000000/resourceGroups/test_private_endpoint_connection_service_bus000001/providers/Microsoft.ServiceBus/namespaces/cli-test-resource-000006?api-version=2022-01-01-preview
  response:
    body:
      string: '{"sku":{"name":"Premium","tier":"Premium","capacity":1},"id":"/subscriptions/00000000-0000-0000-0000-000000000000/resourceGroups/test_private_endpoint_connection_service_bus000001/providers/Microsoft.ServiceBus/namespaces/cli-test-resource-000006","name":"cli-test-resource-000006","type":"Microsoft.ServiceBus/Namespaces","location":"East
        US","tags":{},"properties":{"minimumTlsVersion":"1.2","publicNetworkAccess":"Enabled","disableLocalAuth":false,"zoneRedundant":false,"provisioningState":"Created","metricId":"0b1f6471-1bf0-4dda-aec3-cb9272f09590:cli-test-resource-000006","createdAt":"2023-01-10T03:47:35.41Z","updatedAt":"2023-01-10T03:47:35.41Z","serviceBusEndpoint":"https://cli-test-resource-000006.servicebus.windows.net:443/","status":"Activating"}}'
    headers:
      cache-control:
      - no-cache
      content-length:
      - '761'
      content-type:
      - application/json; charset=utf-8
      date:
      - Tue, 10 Jan 2023 03:48:36 GMT
      expires:
      - '-1'
      pragma:
      - no-cache
      server:
      - Service-Bus-Resource-Provider/SN1
      - Microsoft-HTTPAPI/2.0
      server-sb:
      - Service-Bus-Resource-Provider/SN1
      strict-transport-security:
      - max-age=31536000; includeSubDomains
      transfer-encoding:
      - chunked
      vary:
      - Accept-Encoding
      x-content-type-options:
      - nosniff
    status:
      code: 200
      message: OK
- request:
    body: null
    headers:
      Accept:
      - '*/*'
      Accept-Encoding:
      - gzip, deflate
      CommandName:
      - servicebus namespace create
      Connection:
      - keep-alive
      ParameterSetName:
      - -g -n -l --sku
      User-Agent:
      - AZURECLI/2.44.0 azsdk-python-azure-mgmt-servicebus/8.1.0 Python/3.10.8 (Linux-5.15.0-1023-azure-x86_64-with-glibc2.31)
        VSTS_7b238909-6802-4b65-b90d-184bca47f458_build_220_0
    method: GET
    uri: https://management.azure.com/subscriptions/00000000-0000-0000-0000-000000000000/resourceGroups/test_private_endpoint_connection_service_bus000001/providers/Microsoft.ServiceBus/namespaces/cli-test-resource-000006?api-version=2022-01-01-preview
  response:
    body:
      string: '{"sku":{"name":"Premium","tier":"Premium","capacity":1},"id":"/subscriptions/00000000-0000-0000-0000-000000000000/resourceGroups/test_private_endpoint_connection_service_bus000001/providers/Microsoft.ServiceBus/namespaces/cli-test-resource-000006","name":"cli-test-resource-000006","type":"Microsoft.ServiceBus/Namespaces","location":"East
        US","tags":{},"properties":{"minimumTlsVersion":"1.2","publicNetworkAccess":"Enabled","disableLocalAuth":false,"zoneRedundant":false,"provisioningState":"Succeeded","metricId":"0b1f6471-1bf0-4dda-aec3-cb9272f09590:cli-test-resource-000006","createdAt":"2023-01-10T03:47:35.41Z","updatedAt":"2023-01-10T03:48:49.163Z","serviceBusEndpoint":"https://cli-test-resource-000006.servicebus.windows.net:443/","status":"Active"}}'
    headers:
      cache-control:
      - no-cache
      content-length:
      - '760'
      content-type:
      - application/json; charset=utf-8
      date:
      - Tue, 10 Jan 2023 03:49:07 GMT
      expires:
      - '-1'
      pragma:
      - no-cache
      server:
      - Service-Bus-Resource-Provider/SN1
      - Microsoft-HTTPAPI/2.0
      server-sb:
      - Service-Bus-Resource-Provider/SN1
      strict-transport-security:
      - max-age=31536000; includeSubDomains
      transfer-encoding:
      - chunked
      vary:
      - Accept-Encoding
      x-content-type-options:
      - nosniff
    status:
      code: 200
      message: OK
- request:
    body: null
    headers:
      Accept:
      - application/json
      Accept-Encoding:
      - gzip, deflate
      CommandName:
      - servicebus namespace create
      Connection:
      - keep-alive
      ParameterSetName:
      - -g -n -l --sku
      User-Agent:
      - AZURECLI/2.44.0 azsdk-python-azure-mgmt-servicebus/8.1.0 Python/3.10.8 (Linux-5.15.0-1023-azure-x86_64-with-glibc2.31)
        VSTS_7b238909-6802-4b65-b90d-184bca47f458_build_220_0
    method: GET
    uri: https://management.azure.com/subscriptions/00000000-0000-0000-0000-000000000000/resourceGroups/test_private_endpoint_connection_service_bus000001/providers/Microsoft.ServiceBus/namespaces/cli-test-resource-000006?api-version=2022-01-01-preview
  response:
    body:
      string: '{"sku":{"name":"Premium","tier":"Premium","capacity":1},"id":"/subscriptions/00000000-0000-0000-0000-000000000000/resourceGroups/test_private_endpoint_connection_service_bus000001/providers/Microsoft.ServiceBus/namespaces/cli-test-resource-000006","name":"cli-test-resource-000006","type":"Microsoft.ServiceBus/Namespaces","location":"East
        US","tags":{},"properties":{"minimumTlsVersion":"1.2","publicNetworkAccess":"Enabled","disableLocalAuth":false,"zoneRedundant":false,"provisioningState":"Succeeded","metricId":"0b1f6471-1bf0-4dda-aec3-cb9272f09590:cli-test-resource-000006","createdAt":"2023-01-10T03:47:35.41Z","updatedAt":"2023-01-10T03:48:49.163Z","serviceBusEndpoint":"https://cli-test-resource-000006.servicebus.windows.net:443/","status":"Active"}}'
    headers:
      cache-control:
      - no-cache
      content-length:
      - '760'
      content-type:
      - application/json; charset=utf-8
      date:
      - Tue, 10 Jan 2023 03:49:07 GMT
      expires:
      - '-1'
      pragma:
      - no-cache
      server:
      - Service-Bus-Resource-Provider/SN1
      - Microsoft-HTTPAPI/2.0
      server-sb:
      - Service-Bus-Resource-Provider/SN1
      strict-transport-security:
      - max-age=31536000; includeSubDomains
      transfer-encoding:
      - chunked
      vary:
      - Accept-Encoding
      x-content-type-options:
      - nosniff
    status:
      code: 200
      message: OK
- request:
    body: null
    headers:
      Accept:
      - application/json
      Accept-Encoding:
      - gzip, deflate
      CommandName:
      - servicebus namespace show
      Connection:
      - keep-alive
      ParameterSetName:
      - -g -n
      User-Agent:
      - AZURECLI/2.44.0 azsdk-python-azure-mgmt-servicebus/8.1.0 Python/3.10.8 (Linux-5.15.0-1023-azure-x86_64-with-glibc2.31)
        VSTS_7b238909-6802-4b65-b90d-184bca47f458_build_220_0
    method: GET
    uri: https://management.azure.com/subscriptions/00000000-0000-0000-0000-000000000000/resourceGroups/test_private_endpoint_connection_service_bus000001/providers/Microsoft.ServiceBus/namespaces/cli-test-resource-000006?api-version=2022-01-01-preview
  response:
    body:
      string: '{"sku":{"name":"Premium","tier":"Premium","capacity":1},"id":"/subscriptions/00000000-0000-0000-0000-000000000000/resourceGroups/test_private_endpoint_connection_service_bus000001/providers/Microsoft.ServiceBus/namespaces/cli-test-resource-000006","name":"cli-test-resource-000006","type":"Microsoft.ServiceBus/Namespaces","location":"East
        US","tags":{},"properties":{"minimumTlsVersion":"1.2","publicNetworkAccess":"Enabled","disableLocalAuth":false,"zoneRedundant":false,"provisioningState":"Succeeded","metricId":"0b1f6471-1bf0-4dda-aec3-cb9272f09590:cli-test-resource-000006","createdAt":"2023-01-10T03:47:35.41Z","updatedAt":"2023-01-10T03:48:49.163Z","serviceBusEndpoint":"https://cli-test-resource-000006.servicebus.windows.net:443/","status":"Active"}}'
    headers:
      cache-control:
      - no-cache
      content-length:
      - '760'
      content-type:
      - application/json; charset=utf-8
      date:
      - Tue, 10 Jan 2023 03:49:07 GMT
      expires:
      - '-1'
      pragma:
      - no-cache
      server:
      - Service-Bus-Resource-Provider/CH3
      - Microsoft-HTTPAPI/2.0
      server-sb:
      - Service-Bus-Resource-Provider/CH3
      strict-transport-security:
      - max-age=31536000; includeSubDomains
      transfer-encoding:
      - chunked
      vary:
      - Accept-Encoding
      x-content-type-options:
      - nosniff
    status:
      code: 200
      message: OK
- request:
    body: null
    headers:
      Accept:
      - '*/*'
      Accept-Encoding:
      - gzip, deflate
      CommandName:
      - network private-link-resource list
      Connection:
      - keep-alive
      ParameterSetName:
      - --name -g --type
      User-Agent:
      - python/3.10.8 (Linux-5.15.0-1023-azure-x86_64-with-glibc2.31) AZURECLI/2.44.0
        VSTS_7b238909-6802-4b65-b90d-184bca47f458_build_220_0
    method: GET
    uri: https://management.azure.com/subscriptions/00000000-0000-0000-0000-000000000000/resourceGroups/test_private_endpoint_connection_service_bus000001/providers/Microsoft.ServiceBus/namespaces/cli-test-resource-000006/privateLinkResources?api-version=2021-06-01-preview
  response:
    body:
      string: '{"value":[{"id":"subscriptions/0b1f6471-1bf0-4dda-aec3-cb9272f09590/resourceGroups/test_private_endpoint_connection_service_bus000001/providers/Microsoft.ServiceBus/namespaces/cli-test-resource-000006/privateLinkResources/namespace","name":"namespace","type":"Microsoft.ServiceBus/namespaces/privateLinkResources","properties":{"groupId":"namespace","requiredMembers":["namespace"],"requiredZoneNames":["privatelink.servicebus.windows.net"]}}]}'
    headers:
      cache-control:
      - no-cache
      content-length:
      - '444'
      content-type:
      - application/json; charset=utf-8
      date:
      - Tue, 10 Jan 2023 03:49:08 GMT
      expires:
      - '-1'
      pragma:
      - no-cache
      server:
      - Service-Bus-Resource-Provider/SN1
      - Microsoft-HTTPAPI/2.0
      server-sb:
      - Service-Bus-Resource-Provider/SN1
      strict-transport-security:
      - max-age=31536000; includeSubDomains
      transfer-encoding:
      - chunked
      vary:
      - Accept-Encoding
      x-content-type-options:
      - nosniff
    status:
      code: 200
      message: OK
- request:
    body: null
    headers:
      Accept:
      - application/json
      Accept-Encoding:
      - gzip, deflate
      CommandName:
      - network vnet create
      Connection:
      - keep-alive
      ParameterSetName:
      - -n -g --subnet-name
      User-Agent:
      - AZURECLI/2.44.0 azsdk-python-azure-mgmt-resource/22.0.0 Python/3.10.8 (Linux-5.15.0-1023-azure-x86_64-with-glibc2.31)
        VSTS_7b238909-6802-4b65-b90d-184bca47f458_build_220_0
    method: GET
    uri: https://management.azure.com/subscriptions/00000000-0000-0000-0000-000000000000/resourcegroups/test_private_endpoint_connection_service_bus000001?api-version=2022-09-01
  response:
    body:
      string: '{"id":"/subscriptions/00000000-0000-0000-0000-000000000000/resourceGroups/test_private_endpoint_connection_service_bus000001","name":"test_private_endpoint_connection_service_bus000001","type":"Microsoft.Resources/resourceGroups","location":"westus","tags":{"product":"azurecli","cause":"automation","date":"2023-01-10T03:47:30Z"},"properties":{"provisioningState":"Succeeded"}}'
    headers:
      cache-control:
      - no-cache
      content-length:
      - '378'
      content-type:
      - application/json; charset=utf-8
      date:
      - Tue, 10 Jan 2023 03:49:08 GMT
      expires:
      - '-1'
      pragma:
      - no-cache
      strict-transport-security:
      - max-age=31536000; includeSubDomains
      vary:
      - Accept-Encoding
      x-content-type-options:
      - nosniff
    status:
      code: 200
      message: OK
- request:
    body: '{"location": "westus", "properties": {"addressSpace": {"addressPrefixes":
      ["10.0.0.0/16"]}, "enableDdosProtection": false, "enableVmProtection": false,
      "subnets": [{"name": "cli-subnet-000003", "properties": {"addressPrefix": "10.0.0.0/24"}}]}}'
    headers:
      Accept:
      - application/json
      Accept-Encoding:
      - gzip, deflate
      CommandName:
      - network vnet create
      Connection:
      - keep-alive
      Content-Length:
      - '244'
      Content-Type:
      - application/json
      ParameterSetName:
      - -n -g --subnet-name
      User-Agent:
      - AZURECLI/2.44.0 (AAZ) azsdk-python-core/1.24.0 Python/3.10.8 (Linux-5.15.0-1023-azure-x86_64-with-glibc2.31)
        VSTS_7b238909-6802-4b65-b90d-184bca47f458_build_220_0
    method: PUT
    uri: https://management.azure.com/subscriptions/00000000-0000-0000-0000-000000000000/resourceGroups/test_private_endpoint_connection_service_bus000001/providers/Microsoft.Network/virtualNetworks/cli-vnet-000002?api-version=2022-01-01
  response:
    body:
      string: "{\r\n  \"name\": \"cli-vnet-000002\",\r\n  \"id\": \"/subscriptions/00000000-0000-0000-0000-000000000000/resourceGroups/test_private_endpoint_connection_service_bus000001/providers/Microsoft.Network/virtualNetworks/cli-vnet-000002\",\r\n
        \ \"etag\": \"W/\\\"4e9fdde7-56a8-439e-bcf9-527906593a84\\\"\",\r\n  \"type\":
        \"Microsoft.Network/virtualNetworks\",\r\n  \"location\": \"westus\",\r\n
        \ \"properties\": {\r\n    \"provisioningState\": \"Updating\",\r\n    \"resourceGuid\":
        \"4d0c6d46-49d3-464f-a6b7-4f78842acdf0\",\r\n    \"addressSpace\": {\r\n      \"addressPrefixes\":
        [\r\n        \"10.0.0.0/16\"\r\n      ]\r\n    },\r\n    \"subnets\": [\r\n
        \     {\r\n        \"name\": \"cli-subnet-000003\",\r\n        \"id\": \"/subscriptions/00000000-0000-0000-0000-000000000000/resourceGroups/test_private_endpoint_connection_service_bus000001/providers/Microsoft.Network/virtualNetworks/cli-vnet-000002/subnets/cli-subnet-000003\",\r\n
        \       \"etag\": \"W/\\\"4e9fdde7-56a8-439e-bcf9-527906593a84\\\"\",\r\n
        \       \"properties\": {\r\n          \"provisioningState\": \"Updating\",\r\n
        \         \"addressPrefix\": \"10.0.0.0/24\",\r\n          \"delegations\":
        [],\r\n          \"privateEndpointNetworkPolicies\": \"Disabled\",\r\n          \"privateLinkServiceNetworkPolicies\":
        \"Enabled\"\r\n        },\r\n        \"type\": \"Microsoft.Network/virtualNetworks/subnets\"\r\n
        \     }\r\n    ],\r\n    \"virtualNetworkPeerings\": [],\r\n    \"enableDdosProtection\":
        false\r\n  }\r\n}"
    headers:
      azure-asyncnotification:
      - Enabled
      azure-asyncoperation:
      - https://management.azure.com/subscriptions/00000000-0000-0000-0000-000000000000/providers/Microsoft.Network/locations/westus/operations/2e8d575d-896f-4239-9d3d-1bf479f8865a?api-version=2022-01-01
      cache-control:
      - no-cache
      content-length:
      - '1335'
      content-type:
      - application/json; charset=utf-8
      date:
      - Tue, 10 Jan 2023 03:49:10 GMT
      expires:
      - '-1'
      pragma:
      - no-cache
      server:
      - Microsoft-HTTPAPI/2.0
      - Microsoft-HTTPAPI/2.0
      strict-transport-security:
      - max-age=31536000; includeSubDomains
      x-content-type-options:
      - nosniff
      x-ms-arm-service-request-id:
      - b9f65ab6-911c-4c58-9095-006b52457702
      x-ms-ratelimit-remaining-subscription-writes:
      - '1198'
    status:
      code: 201
      message: Created
- request:
    body: null
    headers:
      Accept:
      - '*/*'
      Accept-Encoding:
      - gzip, deflate
      CommandName:
      - network vnet create
      Connection:
      - keep-alive
      ParameterSetName:
      - -n -g --subnet-name
      User-Agent:
      - AZURECLI/2.44.0 (AAZ) azsdk-python-core/1.24.0 Python/3.10.8 (Linux-5.15.0-1023-azure-x86_64-with-glibc2.31)
        VSTS_7b238909-6802-4b65-b90d-184bca47f458_build_220_0
    method: GET
    uri: https://management.azure.com/subscriptions/00000000-0000-0000-0000-000000000000/providers/Microsoft.Network/locations/westus/operations/2e8d575d-896f-4239-9d3d-1bf479f8865a?api-version=2022-01-01
  response:
    body:
      string: "{\r\n  \"status\": \"Succeeded\"\r\n}"
    headers:
      cache-control:
      - no-cache
      content-length:
      - '29'
      content-type:
      - application/json; charset=utf-8
      date:
      - Tue, 10 Jan 2023 03:49:13 GMT
      expires:
      - '-1'
      pragma:
      - no-cache
      server:
      - Microsoft-HTTPAPI/2.0
      - Microsoft-HTTPAPI/2.0
      strict-transport-security:
      - max-age=31536000; includeSubDomains
      transfer-encoding:
      - chunked
      vary:
      - Accept-Encoding
      x-content-type-options:
      - nosniff
      x-ms-arm-service-request-id:
      - 6322121b-d87b-4608-aae9-ff60e857f14e
    status:
      code: 200
      message: OK
- request:
    body: null
    headers:
      Accept:
      - '*/*'
      Accept-Encoding:
      - gzip, deflate
      CommandName:
      - network vnet create
      Connection:
      - keep-alive
      ParameterSetName:
      - -n -g --subnet-name
      User-Agent:
      - AZURECLI/2.44.0 (AAZ) azsdk-python-core/1.24.0 Python/3.10.8 (Linux-5.15.0-1023-azure-x86_64-with-glibc2.31)
        VSTS_7b238909-6802-4b65-b90d-184bca47f458_build_220_0
    method: GET
    uri: https://management.azure.com/subscriptions/00000000-0000-0000-0000-000000000000/resourceGroups/test_private_endpoint_connection_service_bus000001/providers/Microsoft.Network/virtualNetworks/cli-vnet-000002?api-version=2022-01-01
  response:
    body:
      string: "{\r\n  \"name\": \"cli-vnet-000002\",\r\n  \"id\": \"/subscriptions/00000000-0000-0000-0000-000000000000/resourceGroups/test_private_endpoint_connection_service_bus000001/providers/Microsoft.Network/virtualNetworks/cli-vnet-000002\",\r\n
        \ \"etag\": \"W/\\\"dce1a8fe-9ddc-4659-a7fd-f10c1646a0ff\\\"\",\r\n  \"type\":
        \"Microsoft.Network/virtualNetworks\",\r\n  \"location\": \"westus\",\r\n
        \ \"properties\": {\r\n    \"provisioningState\": \"Succeeded\",\r\n    \"resourceGuid\":
        \"4d0c6d46-49d3-464f-a6b7-4f78842acdf0\",\r\n    \"addressSpace\": {\r\n      \"addressPrefixes\":
        [\r\n        \"10.0.0.0/16\"\r\n      ]\r\n    },\r\n    \"subnets\": [\r\n
        \     {\r\n        \"name\": \"cli-subnet-000003\",\r\n        \"id\": \"/subscriptions/00000000-0000-0000-0000-000000000000/resourceGroups/test_private_endpoint_connection_service_bus000001/providers/Microsoft.Network/virtualNetworks/cli-vnet-000002/subnets/cli-subnet-000003\",\r\n
        \       \"etag\": \"W/\\\"dce1a8fe-9ddc-4659-a7fd-f10c1646a0ff\\\"\",\r\n
        \       \"properties\": {\r\n          \"provisioningState\": \"Succeeded\",\r\n
        \         \"addressPrefix\": \"10.0.0.0/24\",\r\n          \"delegations\":
        [],\r\n          \"privateEndpointNetworkPolicies\": \"Disabled\",\r\n          \"privateLinkServiceNetworkPolicies\":
        \"Enabled\"\r\n        },\r\n        \"type\": \"Microsoft.Network/virtualNetworks/subnets\"\r\n
        \     }\r\n    ],\r\n    \"virtualNetworkPeerings\": [],\r\n    \"enableDdosProtection\":
        false\r\n  }\r\n}"
    headers:
      cache-control:
      - no-cache
      content-length:
      - '1337'
      content-type:
      - application/json; charset=utf-8
      date:
      - Tue, 10 Jan 2023 03:49:13 GMT
      etag:
      - W/"dce1a8fe-9ddc-4659-a7fd-f10c1646a0ff"
      expires:
      - '-1'
      pragma:
      - no-cache
      server:
      - Microsoft-HTTPAPI/2.0
      - Microsoft-HTTPAPI/2.0
      strict-transport-security:
      - max-age=31536000; includeSubDomains
      transfer-encoding:
      - chunked
      vary:
      - Accept-Encoding
      x-content-type-options:
      - nosniff
      x-ms-arm-service-request-id:
      - 5ea3aec6-db71-45b9-a772-2e0327985fd8
    status:
      code: 200
      message: OK
- request:
    body: null
    headers:
      Accept:
      - application/json
      Accept-Encoding:
      - gzip, deflate
      CommandName:
      - network vnet subnet update
      Connection:
      - keep-alive
      ParameterSetName:
      - -n --vnet-name -g --disable-private-endpoint-network-policies
      User-Agent:
      - AZURECLI/2.44.0 (AAZ) azsdk-python-core/1.24.0 Python/3.10.8 (Linux-5.15.0-1023-azure-x86_64-with-glibc2.31)
        VSTS_7b238909-6802-4b65-b90d-184bca47f458_build_220_0
    method: GET
    uri: https://management.azure.com/subscriptions/00000000-0000-0000-0000-000000000000/resourceGroups/test_private_endpoint_connection_service_bus000001/providers/Microsoft.Network/virtualNetworks/cli-vnet-000002/subnets/cli-subnet-000003?api-version=2022-01-01
  response:
    body:
      string: "{\r\n  \"name\": \"cli-subnet-000003\",\r\n  \"id\": \"/subscriptions/00000000-0000-0000-0000-000000000000/resourceGroups/test_private_endpoint_connection_service_bus000001/providers/Microsoft.Network/virtualNetworks/cli-vnet-000002/subnets/cli-subnet-000003\",\r\n
        \ \"etag\": \"W/\\\"dce1a8fe-9ddc-4659-a7fd-f10c1646a0ff\\\"\",\r\n  \"properties\":
        {\r\n    \"provisioningState\": \"Succeeded\",\r\n    \"addressPrefix\": \"10.0.0.0/24\",\r\n
        \   \"delegations\": [],\r\n    \"privateEndpointNetworkPolicies\": \"Disabled\",\r\n
        \   \"privateLinkServiceNetworkPolicies\": \"Enabled\"\r\n  },\r\n  \"type\":
        \"Microsoft.Network/virtualNetworks/subnets\"\r\n}"
    headers:
      cache-control:
      - no-cache
      content-length:
      - '592'
      content-type:
      - application/json; charset=utf-8
      date:
      - Tue, 10 Jan 2023 03:49:14 GMT
      etag:
      - W/"dce1a8fe-9ddc-4659-a7fd-f10c1646a0ff"
      expires:
      - '-1'
      pragma:
      - no-cache
      server:
      - Microsoft-HTTPAPI/2.0
      - Microsoft-HTTPAPI/2.0
      strict-transport-security:
      - max-age=31536000; includeSubDomains
      transfer-encoding:
      - chunked
      vary:
      - Accept-Encoding
      x-content-type-options:
      - nosniff
      x-ms-arm-service-request-id:
      - 10ac5721-100c-4135-86c2-16605633f9d6
    status:
      code: 200
      message: OK
- request:
    body: '{"id": "/subscriptions/00000000-0000-0000-0000-000000000000/resourceGroups/test_private_endpoint_connection_service_bus000001/providers/Microsoft.Network/virtualNetworks/cli-vnet-000002/subnets/cli-subnet-000003",
      "name": "cli-subnet-000003", "properties": {"addressPrefix": "10.0.0.0/24",
      "delegations": [], "privateEndpointNetworkPolicies": "Disabled", "privateLinkServiceNetworkPolicies":
      "Enabled"}, "type": "Microsoft.Network/virtualNetworks/subnets"}'
    headers:
      Accept:
      - application/json
      Accept-Encoding:
      - gzip, deflate
      CommandName:
      - network vnet subnet update
      Connection:
      - keep-alive
      Content-Length:
      - '456'
      Content-Type:
      - application/json
      ParameterSetName:
      - -n --vnet-name -g --disable-private-endpoint-network-policies
      User-Agent:
      - AZURECLI/2.44.0 (AAZ) azsdk-python-core/1.24.0 Python/3.10.8 (Linux-5.15.0-1023-azure-x86_64-with-glibc2.31)
        VSTS_7b238909-6802-4b65-b90d-184bca47f458_build_220_0
    method: PUT
    uri: https://management.azure.com/subscriptions/00000000-0000-0000-0000-000000000000/resourceGroups/test_private_endpoint_connection_service_bus000001/providers/Microsoft.Network/virtualNetworks/cli-vnet-000002/subnets/cli-subnet-000003?api-version=2022-01-01
  response:
    body:
      string: "{\r\n  \"name\": \"cli-subnet-000003\",\r\n  \"id\": \"/subscriptions/00000000-0000-0000-0000-000000000000/resourceGroups/test_private_endpoint_connection_service_bus000001/providers/Microsoft.Network/virtualNetworks/cli-vnet-000002/subnets/cli-subnet-000003\",\r\n
        \ \"etag\": \"W/\\\"4757e874-1734-4bb2-9f11-49f0036d8b34\\\"\",\r\n  \"properties\":
        {\r\n    \"provisioningState\": \"Succeeded\",\r\n    \"addressPrefix\": \"10.0.0.0/24\",\r\n
        \   \"delegations\": [],\r\n    \"privateEndpointNetworkPolicies\": \"Disabled\",\r\n
        \   \"privateLinkServiceNetworkPolicies\": \"Enabled\"\r\n  },\r\n  \"type\":
        \"Microsoft.Network/virtualNetworks/subnets\"\r\n}"
    headers:
      azure-asyncnotification:
      - Enabled
      azure-asyncoperation:
      - https://management.azure.com/subscriptions/00000000-0000-0000-0000-000000000000/providers/Microsoft.Network/locations/westus/operations/645472c0-43fa-422b-aff6-e2b96e8f3cfe?api-version=2022-01-01
      cache-control:
      - no-cache
      content-length:
      - '592'
      content-type:
      - application/json; charset=utf-8
      date:
      - Tue, 10 Jan 2023 03:49:14 GMT
      expires:
      - '-1'
      pragma:
      - no-cache
      server:
      - Microsoft-HTTPAPI/2.0
      - Microsoft-HTTPAPI/2.0
      strict-transport-security:
      - max-age=31536000; includeSubDomains
      transfer-encoding:
      - chunked
      vary:
      - Accept-Encoding
      x-content-type-options:
      - nosniff
      x-ms-arm-service-request-id:
      - 62b02f9c-ac17-44ec-8aba-926a1c4064df
      x-ms-ratelimit-remaining-subscription-writes:
      - '1199'
    status:
      code: 200
      message: OK
- request:
    body: null
    headers:
      Accept:
      - '*/*'
      Accept-Encoding:
      - gzip, deflate
      CommandName:
      - network vnet subnet update
      Connection:
      - keep-alive
      ParameterSetName:
      - -n --vnet-name -g --disable-private-endpoint-network-policies
      User-Agent:
      - AZURECLI/2.44.0 (AAZ) azsdk-python-core/1.24.0 Python/3.10.8 (Linux-5.15.0-1023-azure-x86_64-with-glibc2.31)
        VSTS_7b238909-6802-4b65-b90d-184bca47f458_build_220_0
    method: GET
    uri: https://management.azure.com/subscriptions/00000000-0000-0000-0000-000000000000/providers/Microsoft.Network/locations/westus/operations/645472c0-43fa-422b-aff6-e2b96e8f3cfe?api-version=2022-01-01
  response:
    body:
      string: "{\r\n  \"status\": \"Succeeded\"\r\n}"
    headers:
      cache-control:
      - no-cache
      content-length:
      - '29'
      content-type:
      - application/json; charset=utf-8
      date:
      - Tue, 10 Jan 2023 03:49:45 GMT
      expires:
      - '-1'
      pragma:
      - no-cache
      server:
      - Microsoft-HTTPAPI/2.0
      - Microsoft-HTTPAPI/2.0
      strict-transport-security:
      - max-age=31536000; includeSubDomains
      transfer-encoding:
      - chunked
      vary:
      - Accept-Encoding
      x-content-type-options:
      - nosniff
      x-ms-arm-service-request-id:
      - 3993b972-e907-40e3-8016-4f1dcb8c5528
    status:
      code: 200
      message: OK
- request:
    body: null
    headers:
      Accept:
      - '*/*'
      Accept-Encoding:
      - gzip, deflate
      CommandName:
      - network vnet subnet update
      Connection:
      - keep-alive
      ParameterSetName:
      - -n --vnet-name -g --disable-private-endpoint-network-policies
      User-Agent:
      - AZURECLI/2.44.0 (AAZ) azsdk-python-core/1.24.0 Python/3.10.8 (Linux-5.15.0-1023-azure-x86_64-with-glibc2.31)
        VSTS_7b238909-6802-4b65-b90d-184bca47f458_build_220_0
    method: GET
    uri: https://management.azure.com/subscriptions/00000000-0000-0000-0000-000000000000/resourceGroups/test_private_endpoint_connection_service_bus000001/providers/Microsoft.Network/virtualNetworks/cli-vnet-000002/subnets/cli-subnet-000003?api-version=2022-01-01
  response:
    body:
      string: "{\r\n  \"name\": \"cli-subnet-000003\",\r\n  \"id\": \"/subscriptions/00000000-0000-0000-0000-000000000000/resourceGroups/test_private_endpoint_connection_service_bus000001/providers/Microsoft.Network/virtualNetworks/cli-vnet-000002/subnets/cli-subnet-000003\",\r\n
        \ \"etag\": \"W/\\\"4757e874-1734-4bb2-9f11-49f0036d8b34\\\"\",\r\n  \"properties\":
        {\r\n    \"provisioningState\": \"Succeeded\",\r\n    \"addressPrefix\": \"10.0.0.0/24\",\r\n
        \   \"delegations\": [],\r\n    \"privateEndpointNetworkPolicies\": \"Disabled\",\r\n
        \   \"privateLinkServiceNetworkPolicies\": \"Enabled\"\r\n  },\r\n  \"type\":
        \"Microsoft.Network/virtualNetworks/subnets\"\r\n}"
    headers:
      cache-control:
      - no-cache
      content-length:
      - '592'
      content-type:
      - application/json; charset=utf-8
      date:
      - Tue, 10 Jan 2023 03:49:45 GMT
      etag:
      - W/"4757e874-1734-4bb2-9f11-49f0036d8b34"
      expires:
      - '-1'
      pragma:
      - no-cache
      server:
      - Microsoft-HTTPAPI/2.0
      - Microsoft-HTTPAPI/2.0
      strict-transport-security:
      - max-age=31536000; includeSubDomains
      transfer-encoding:
      - chunked
      vary:
      - Accept-Encoding
      x-content-type-options:
      - nosniff
      x-ms-arm-service-request-id:
      - 74b21038-84af-4f88-a925-38b9cbd637a7
    status:
      code: 200
      message: OK
- request:
    body: null
    headers:
      Accept:
      - application/json
      Accept-Encoding:
      - gzip, deflate
      CommandName:
      - network private-endpoint create
      Connection:
      - keep-alive
      ParameterSetName:
      - -g -n --vnet-name --subnet --connection-name --private-connection-resource-id
        --group-id
      User-Agent:
      - AZURECLI/2.44.0 azsdk-python-azure-mgmt-resource/22.0.0 Python/3.10.8 (Linux-5.15.0-1023-azure-x86_64-with-glibc2.31)
        VSTS_7b238909-6802-4b65-b90d-184bca47f458_build_220_0
    method: GET
    uri: https://management.azure.com/subscriptions/00000000-0000-0000-0000-000000000000/resourcegroups/test_private_endpoint_connection_service_bus000001?api-version=2022-09-01
  response:
    body:
      string: '{"id":"/subscriptions/00000000-0000-0000-0000-000000000000/resourceGroups/test_private_endpoint_connection_service_bus000001","name":"test_private_endpoint_connection_service_bus000001","type":"Microsoft.Resources/resourceGroups","location":"westus","tags":{"product":"azurecli","cause":"automation","date":"2023-01-10T03:47:30Z"},"properties":{"provisioningState":"Succeeded"}}'
    headers:
      cache-control:
      - no-cache
      content-length:
      - '378'
      content-type:
      - application/json; charset=utf-8
      date:
      - Tue, 10 Jan 2023 03:49:45 GMT
      expires:
      - '-1'
      pragma:
      - no-cache
      strict-transport-security:
      - max-age=31536000; includeSubDomains
      vary:
      - Accept-Encoding
      x-content-type-options:
      - nosniff
    status:
      code: 200
      message: OK
- request:
    body: '{"location": "westus", "properties": {"subnet": {"id": "/subscriptions/00000000-0000-0000-0000-000000000000/resourceGroups/test_private_endpoint_connection_service_bus000001/providers/Microsoft.Network/virtualNetworks/cli-vnet-000002/subnets/cli-subnet-000003",
      "properties": {"privateEndpointNetworkPolicies": "Disabled", "privateLinkServiceNetworkPolicies":
      "Enabled"}}, "privateLinkServiceConnections": [{"name": "cli-pec-000005", "properties":
      {"privateLinkServiceId": "/subscriptions/00000000-0000-0000-0000-000000000000/resourceGroups/test_private_endpoint_connection_service_bus000001/providers/Microsoft.ServiceBus/namespaces/cli-test-resource-000006",
      "groupIds": ["namespace"]}}]}}'
    headers:
      Accept:
      - application/json
      Accept-Encoding:
      - gzip, deflate
      CommandName:
      - network private-endpoint create
      Connection:
      - keep-alive
      Content-Length:
      - '691'
      Content-Type:
      - application/json
      ParameterSetName:
      - -g -n --vnet-name --subnet --connection-name --private-connection-resource-id
        --group-id
      User-Agent:
      - AZURECLI/2.44.0 azsdk-python-azure-mgmt-network/21.0.1 Python/3.10.8 (Linux-5.15.0-1023-azure-x86_64-with-glibc2.31)
        VSTS_7b238909-6802-4b65-b90d-184bca47f458_build_220_0
    method: PUT
    uri: https://management.azure.com/subscriptions/00000000-0000-0000-0000-000000000000/resourceGroups/test_private_endpoint_connection_service_bus000001/providers/Microsoft.Network/privateEndpoints/cli-pe-000004?api-version=2022-01-01
  response:
    body:
      string: "{\r\n  \"name\": \"cli-pe-000004\",\r\n  \"id\": \"/subscriptions/00000000-0000-0000-0000-000000000000/resourceGroups/test_private_endpoint_connection_service_bus000001/providers/Microsoft.Network/privateEndpoints/cli-pe-000004\",\r\n
        \ \"etag\": \"W/\\\"aab33168-7ad0-40b4-b2d1-c5ce8122ffa7\\\"\",\r\n  \"type\":
        \"Microsoft.Network/privateEndpoints\",\r\n  \"location\": \"westus\",\r\n
        \ \"properties\": {\r\n    \"provisioningState\": \"Updating\",\r\n    \"resourceGuid\":
        \"dd80dc40-36a9-4624-b8b3-ecad1e9222f8\",\r\n    \"privateLinkServiceConnections\":
        [\r\n      {\r\n        \"name\": \"cli-pec-000005\",\r\n        \"id\": \"/subscriptions/00000000-0000-0000-0000-000000000000/resourceGroups/test_private_endpoint_connection_service_bus000001/providers/Microsoft.Network/privateEndpoints/cli-pe-000004/privateLinkServiceConnections/cli-pec-000005\",\r\n
        \       \"etag\": \"W/\\\"aab33168-7ad0-40b4-b2d1-c5ce8122ffa7\\\"\",\r\n
        \       \"properties\": {\r\n          \"provisioningState\": \"Succeeded\",\r\n
        \         \"privateLinkServiceId\": \"/subscriptions/00000000-0000-0000-0000-000000000000/resourceGroups/test_private_endpoint_connection_service_bus000001/providers/Microsoft.ServiceBus/namespaces/cli-test-resource-000006\",\r\n
        \         \"groupIds\": [\r\n            \"namespace\"\r\n          ],\r\n
        \         \"privateLinkServiceConnectionState\": {\r\n            \"status\":
        \"Approved\",\r\n            \"description\": \"Auto Approved\",\r\n            \"actionsRequired\":
        \"None\"\r\n          }\r\n        },\r\n        \"type\": \"Microsoft.Network/privateEndpoints/privateLinkServiceConnections\"\r\n
        \     }\r\n    ],\r\n    \"manualPrivateLinkServiceConnections\": [],\r\n
        \   \"customNetworkInterfaceName\": \"\",\r\n    \"subnet\": {\r\n      \"id\":
        \"/subscriptions/00000000-0000-0000-0000-000000000000/resourceGroups/test_private_endpoint_connection_service_bus000001/providers/Microsoft.Network/virtualNetworks/cli-vnet-000002/subnets/cli-subnet-000003\"\r\n
        \   },\r\n    \"ipConfigurations\": [],\r\n    \"networkInterfaces\": [\r\n
        \     {\r\n        \"id\": \"/subscriptions/00000000-0000-0000-0000-000000000000/resourceGroups/test_private_endpoint_connection_service_bus000001/providers/Microsoft.Network/networkInterfaces/cli-pe-000004.nic.77458e92-6f56-464d-b753-7d11060d5b06\"\r\n
        \     }\r\n    ],\r\n    \"customDnsConfigs\": []\r\n  }\r\n}"
    headers:
      azure-asyncnotification:
      - Enabled
      azure-asyncoperation:
      - https://management.azure.com/subscriptions/00000000-0000-0000-0000-000000000000/providers/Microsoft.Network/locations/westus/operations/62a6592d-272e-4ede-a884-1086d8ab00de?api-version=2022-01-01
      cache-control:
      - no-cache
      content-length:
      - '2192'
      content-type:
      - application/json; charset=utf-8
      date:
      - Tue, 10 Jan 2023 03:49:48 GMT
      expires:
      - '-1'
      pragma:
      - no-cache
      server:
      - Microsoft-HTTPAPI/2.0
      - Microsoft-HTTPAPI/2.0
      strict-transport-security:
      - max-age=31536000; includeSubDomains
      x-content-type-options:
      - nosniff
      x-ms-arm-service-request-id:
      - 94f62ddc-2257-47e7-adb6-7923fee3a086
      x-ms-ratelimit-remaining-subscription-writes:
      - '1199'
    status:
      code: 201
      message: Created
- request:
    body: null
    headers:
      Accept:
      - '*/*'
      Accept-Encoding:
      - gzip, deflate
      CommandName:
      - network private-endpoint create
      Connection:
      - keep-alive
      ParameterSetName:
      - -g -n --vnet-name --subnet --connection-name --private-connection-resource-id
        --group-id
      User-Agent:
      - AZURECLI/2.44.0 azsdk-python-azure-mgmt-network/21.0.1 Python/3.10.8 (Linux-5.15.0-1023-azure-x86_64-with-glibc2.31)
        VSTS_7b238909-6802-4b65-b90d-184bca47f458_build_220_0
    method: GET
    uri: https://management.azure.com/subscriptions/00000000-0000-0000-0000-000000000000/providers/Microsoft.Network/locations/westus/operations/62a6592d-272e-4ede-a884-1086d8ab00de?api-version=2022-01-01
  response:
    body:
      string: "{\r\n  \"status\": \"InProgress\"\r\n}"
    headers:
      cache-control:
      - no-cache
      content-length:
      - '30'
      content-type:
      - application/json; charset=utf-8
      date:
      - Tue, 10 Jan 2023 03:49:58 GMT
      expires:
      - '-1'
      pragma:
      - no-cache
      server:
      - Microsoft-HTTPAPI/2.0
      - Microsoft-HTTPAPI/2.0
      strict-transport-security:
      - max-age=31536000; includeSubDomains
      transfer-encoding:
      - chunked
      vary:
      - Accept-Encoding
      x-content-type-options:
      - nosniff
      x-ms-arm-service-request-id:
      - fd45ae15-2208-472b-9352-65e831f01eab
    status:
      code: 200
      message: OK
- request:
    body: null
    headers:
      Accept:
      - '*/*'
      Accept-Encoding:
      - gzip, deflate
      CommandName:
      - network private-endpoint create
      Connection:
      - keep-alive
      ParameterSetName:
      - -g -n --vnet-name --subnet --connection-name --private-connection-resource-id
        --group-id
      User-Agent:
      - AZURECLI/2.44.0 azsdk-python-azure-mgmt-network/21.0.1 Python/3.10.8 (Linux-5.15.0-1023-azure-x86_64-with-glibc2.31)
        VSTS_7b238909-6802-4b65-b90d-184bca47f458_build_220_0
    method: GET
    uri: https://management.azure.com/subscriptions/00000000-0000-0000-0000-000000000000/providers/Microsoft.Network/locations/westus/operations/62a6592d-272e-4ede-a884-1086d8ab00de?api-version=2022-01-01
  response:
    body:
      string: "{\r\n  \"status\": \"InProgress\"\r\n}"
    headers:
      cache-control:
      - no-cache
      content-length:
      - '30'
      content-type:
      - application/json; charset=utf-8
      date:
      - Tue, 10 Jan 2023 03:50:08 GMT
      expires:
      - '-1'
      pragma:
      - no-cache
      server:
      - Microsoft-HTTPAPI/2.0
      - Microsoft-HTTPAPI/2.0
      strict-transport-security:
      - max-age=31536000; includeSubDomains
      transfer-encoding:
      - chunked
      vary:
      - Accept-Encoding
      x-content-type-options:
      - nosniff
      x-ms-arm-service-request-id:
      - 76dfc051-ec0b-4e5a-8344-5f5f16d76deb
    status:
      code: 200
      message: OK
- request:
    body: null
    headers:
      Accept:
      - '*/*'
      Accept-Encoding:
      - gzip, deflate
      CommandName:
      - network private-endpoint create
      Connection:
      - keep-alive
      ParameterSetName:
      - -g -n --vnet-name --subnet --connection-name --private-connection-resource-id
        --group-id
      User-Agent:
      - AZURECLI/2.44.0 azsdk-python-azure-mgmt-network/21.0.1 Python/3.10.8 (Linux-5.15.0-1023-azure-x86_64-with-glibc2.31)
        VSTS_7b238909-6802-4b65-b90d-184bca47f458_build_220_0
    method: GET
    uri: https://management.azure.com/subscriptions/00000000-0000-0000-0000-000000000000/providers/Microsoft.Network/locations/westus/operations/62a6592d-272e-4ede-a884-1086d8ab00de?api-version=2022-01-01
  response:
    body:
      string: "{\r\n  \"status\": \"InProgress\"\r\n}"
    headers:
      cache-control:
      - no-cache
      content-length:
      - '30'
      content-type:
      - application/json; charset=utf-8
      date:
      - Tue, 10 Jan 2023 03:50:29 GMT
      expires:
      - '-1'
      pragma:
      - no-cache
      server:
      - Microsoft-HTTPAPI/2.0
      - Microsoft-HTTPAPI/2.0
      strict-transport-security:
      - max-age=31536000; includeSubDomains
      transfer-encoding:
      - chunked
      vary:
      - Accept-Encoding
      x-content-type-options:
      - nosniff
      x-ms-arm-service-request-id:
      - 0dd349be-8cf6-4ccd-a694-22f214130b22
    status:
      code: 200
      message: OK
- request:
    body: null
    headers:
      Accept:
      - '*/*'
      Accept-Encoding:
      - gzip, deflate
      CommandName:
      - network private-endpoint create
      Connection:
      - keep-alive
      ParameterSetName:
      - -g -n --vnet-name --subnet --connection-name --private-connection-resource-id
        --group-id
      User-Agent:
      - AZURECLI/2.44.0 azsdk-python-azure-mgmt-network/21.0.1 Python/3.10.8 (Linux-5.15.0-1023-azure-x86_64-with-glibc2.31)
        VSTS_7b238909-6802-4b65-b90d-184bca47f458_build_220_0
    method: GET
    uri: https://management.azure.com/subscriptions/00000000-0000-0000-0000-000000000000/providers/Microsoft.Network/locations/westus/operations/62a6592d-272e-4ede-a884-1086d8ab00de?api-version=2022-01-01
  response:
    body:
      string: "{\r\n  \"status\": \"Succeeded\"\r\n}"
    headers:
      cache-control:
      - no-cache
      content-length:
      - '29'
      content-type:
      - application/json; charset=utf-8
      date:
      - Tue, 10 Jan 2023 03:50:49 GMT
      expires:
      - '-1'
      pragma:
      - no-cache
      server:
      - Microsoft-HTTPAPI/2.0
      - Microsoft-HTTPAPI/2.0
      strict-transport-security:
      - max-age=31536000; includeSubDomains
      transfer-encoding:
      - chunked
      vary:
      - Accept-Encoding
      x-content-type-options:
      - nosniff
      x-ms-arm-service-request-id:
      - f6906402-31ee-4287-b3df-266dc50abdc0
    status:
      code: 200
      message: OK
- request:
    body: null
    headers:
      Accept:
      - '*/*'
      Accept-Encoding:
      - gzip, deflate
      CommandName:
      - network private-endpoint create
      Connection:
      - keep-alive
      ParameterSetName:
      - -g -n --vnet-name --subnet --connection-name --private-connection-resource-id
        --group-id
      User-Agent:
      - AZURECLI/2.44.0 azsdk-python-azure-mgmt-network/21.0.1 Python/3.10.8 (Linux-5.15.0-1023-azure-x86_64-with-glibc2.31)
        VSTS_7b238909-6802-4b65-b90d-184bca47f458_build_220_0
    method: GET
    uri: https://management.azure.com/subscriptions/00000000-0000-0000-0000-000000000000/resourceGroups/test_private_endpoint_connection_service_bus000001/providers/Microsoft.Network/privateEndpoints/cli-pe-000004?api-version=2022-01-01
  response:
    body:
      string: "{\r\n  \"name\": \"cli-pe-000004\",\r\n  \"id\": \"/subscriptions/00000000-0000-0000-0000-000000000000/resourceGroups/test_private_endpoint_connection_service_bus000001/providers/Microsoft.Network/privateEndpoints/cli-pe-000004\",\r\n
        \ \"etag\": \"W/\\\"5a24cc9e-7209-432d-bb90-52bfe5e97dfd\\\"\",\r\n  \"type\":
        \"Microsoft.Network/privateEndpoints\",\r\n  \"location\": \"westus\",\r\n
        \ \"properties\": {\r\n    \"provisioningState\": \"Succeeded\",\r\n    \"resourceGuid\":
        \"dd80dc40-36a9-4624-b8b3-ecad1e9222f8\",\r\n    \"privateLinkServiceConnections\":
        [\r\n      {\r\n        \"name\": \"cli-pec-000005\",\r\n        \"id\": \"/subscriptions/00000000-0000-0000-0000-000000000000/resourceGroups/test_private_endpoint_connection_service_bus000001/providers/Microsoft.Network/privateEndpoints/cli-pe-000004/privateLinkServiceConnections/cli-pec-000005\",\r\n
        \       \"etag\": \"W/\\\"5a24cc9e-7209-432d-bb90-52bfe5e97dfd\\\"\",\r\n
        \       \"properties\": {\r\n          \"provisioningState\": \"Succeeded\",\r\n
        \         \"privateLinkServiceId\": \"/subscriptions/00000000-0000-0000-0000-000000000000/resourceGroups/test_private_endpoint_connection_service_bus000001/providers/Microsoft.ServiceBus/namespaces/cli-test-resource-000006\",\r\n
        \         \"groupIds\": [\r\n            \"namespace\"\r\n          ],\r\n
        \         \"privateLinkServiceConnectionState\": {\r\n            \"status\":
        \"Approved\",\r\n            \"description\": \"Auto-Approved\",\r\n            \"actionsRequired\":
        \"None\"\r\n          }\r\n        },\r\n        \"type\": \"Microsoft.Network/privateEndpoints/privateLinkServiceConnections\"\r\n
        \     }\r\n    ],\r\n    \"manualPrivateLinkServiceConnections\": [],\r\n
        \   \"customNetworkInterfaceName\": \"\",\r\n    \"subnet\": {\r\n      \"id\":
        \"/subscriptions/00000000-0000-0000-0000-000000000000/resourceGroups/test_private_endpoint_connection_service_bus000001/providers/Microsoft.Network/virtualNetworks/cli-vnet-000002/subnets/cli-subnet-000003\"\r\n
        \   },\r\n    \"ipConfigurations\": [],\r\n    \"networkInterfaces\": [\r\n
        \     {\r\n        \"id\": \"/subscriptions/00000000-0000-0000-0000-000000000000/resourceGroups/test_private_endpoint_connection_service_bus000001/providers/Microsoft.Network/networkInterfaces/cli-pe-000004.nic.77458e92-6f56-464d-b753-7d11060d5b06\"\r\n
        \     }\r\n    ],\r\n    \"customDnsConfigs\": [\r\n      {\r\n        \"fqdn\":
        \"cli-test-resource-000006.servicebus.windows.net\",\r\n        \"ipAddresses\":
        [\r\n          \"10.0.0.4\"\r\n        ]\r\n      }\r\n    ]\r\n  }\r\n}"
    headers:
      cache-control:
      - no-cache
      content-length:
      - '2344'
      content-type:
      - application/json; charset=utf-8
      date:
      - Tue, 10 Jan 2023 03:50:49 GMT
      etag:
      - W/"5a24cc9e-7209-432d-bb90-52bfe5e97dfd"
      expires:
      - '-1'
      pragma:
      - no-cache
      server:
      - Microsoft-HTTPAPI/2.0
      - Microsoft-HTTPAPI/2.0
      strict-transport-security:
      - max-age=31536000; includeSubDomains
      transfer-encoding:
      - chunked
      vary:
      - Accept-Encoding
      x-content-type-options:
      - nosniff
      x-ms-arm-service-request-id:
      - edd78ebf-ef1b-4282-9b88-41040ebe88d5
    status:
      code: 200
      message: OK
- request:
    body: null
    headers:
      Accept:
      - '*/*'
      Accept-Encoding:
      - gzip, deflate
      CommandName:
      - network private-endpoint-connection list
      Connection:
      - keep-alive
      ParameterSetName:
      - --name -g --type
      User-Agent:
      - python/3.10.8 (Linux-5.15.0-1023-azure-x86_64-with-glibc2.31) AZURECLI/2.44.0
        VSTS_7b238909-6802-4b65-b90d-184bca47f458_build_220_0
    method: GET
    uri: https://management.azure.com/subscriptions/00000000-0000-0000-0000-000000000000/resourceGroups/test_private_endpoint_connection_service_bus000001/providers/Microsoft.ServiceBus/namespaces/cli-test-resource-000006/privateEndpointConnections?api-version=2021-06-01-preview
  response:
    body:
      string: '{"value":[{"id":"/subscriptions/00000000-0000-0000-0000-000000000000/resourceGroups/test_private_endpoint_connection_service_bus000001/providers/Microsoft.ServiceBus/namespaces/cli-test-resource-000006/privateEndpointConnections/996e168c-3b48-4001-add7-ce1d1ef2340c","name":"996e168c-3b48-4001-add7-ce1d1ef2340c","type":"Microsoft.ServiceBus/Namespaces/PrivateEndpointConnections","location":"East
        US","properties":{"provisioningState":"Succeeded","privateEndpoint":{"id":"/subscriptions/00000000-0000-0000-0000-000000000000/resourceGroups/test_private_endpoint_connection_service_bus000001/providers/Microsoft.Network/privateEndpoints/cli-pe-000004"},"privateLinkServiceConnectionState":{"status":"Approved","description":"Auto-Approved"},"groupIds":["namespace"]}}]}'
    headers:
      cache-control:
      - no-cache
      content-length:
      - '768'
      content-type:
      - application/json; charset=utf-8
      date:
      - Tue, 10 Jan 2023 03:50:49 GMT
      expires:
      - '-1'
      pragma:
      - no-cache
      server:
      - Service-Bus-Resource-Provider/CH3
      - Microsoft-HTTPAPI/2.0
      server-sb:
      - Service-Bus-Resource-Provider/CH3
      strict-transport-security:
      - max-age=31536000; includeSubDomains
      transfer-encoding:
      - chunked
      vary:
      - Accept-Encoding
      x-content-type-options:
      - nosniff
    status:
      code: 200
      message: OK
- request:
    body: null
    headers:
      Accept:
      - '*/*'
      Accept-Encoding:
      - gzip, deflate
      CommandName:
      - network private-endpoint-connection show
      Connection:
      - keep-alive
      ParameterSetName:
      - --name -g --resource-name --type
      User-Agent:
      - python/3.10.8 (Linux-5.15.0-1023-azure-x86_64-with-glibc2.31) AZURECLI/2.44.0
        VSTS_7b238909-6802-4b65-b90d-184bca47f458_build_220_0
    method: GET
    uri: https://management.azure.com/subscriptions/00000000-0000-0000-0000-000000000000/resourceGroups/test_private_endpoint_connection_service_bus000001/providers/Microsoft.ServiceBus/namespaces/cli-test-resource-000006/privateEndpointConnections/996e168c-3b48-4001-add7-ce1d1ef2340c?api-version=2021-06-01-preview
  response:
    body:
      string: '{"id":"/subscriptions/00000000-0000-0000-0000-000000000000/resourceGroups/test_private_endpoint_connection_service_bus000001/providers/Microsoft.ServiceBus/namespaces/cli-test-resource-000006/privateEndpointConnections/996e168c-3b48-4001-add7-ce1d1ef2340c","name":"996e168c-3b48-4001-add7-ce1d1ef2340c","type":"Microsoft.ServiceBus/Namespaces/PrivateEndpointConnections","location":"East
        US","properties":{"provisioningState":"Succeeded","privateEndpoint":{"id":"/subscriptions/00000000-0000-0000-0000-000000000000/resourceGroups/test_private_endpoint_connection_service_bus000001/providers/Microsoft.Network/privateEndpoints/cli-pe-000004"},"privateLinkServiceConnectionState":{"status":"Approved","description":"Auto-Approved"},"groupIds":["namespace"]}}'
    headers:
      cache-control:
      - no-cache
      content-length:
      - '756'
      content-type:
      - application/json; charset=utf-8
      date:
      - Tue, 10 Jan 2023 03:50:49 GMT
      expires:
      - '-1'
      pragma:
      - no-cache
      server:
      - Service-Bus-Resource-Provider/DM2
      - Microsoft-HTTPAPI/2.0
      server-sb:
      - Service-Bus-Resource-Provider/DM2
      strict-transport-security:
      - max-age=31536000; includeSubDomains
      transfer-encoding:
      - chunked
      vary:
      - Accept-Encoding
      x-content-type-options:
      - nosniff
    status:
      code: 200
      message: OK
- request:
    body: null
    headers:
      Accept:
      - '*/*'
      Accept-Encoding:
      - gzip, deflate
      CommandName:
      - network private-endpoint-connection delete
      Connection:
      - keep-alive
      Content-Length:
      - '0'
      ParameterSetName:
      - --name -g --resource-name --type -y
      User-Agent:
      - python/3.10.8 (Linux-5.15.0-1023-azure-x86_64-with-glibc2.31) AZURECLI/2.44.0
        VSTS_7b238909-6802-4b65-b90d-184bca47f458_build_220_0
    method: DELETE
    uri: https://management.azure.com/subscriptions/00000000-0000-0000-0000-000000000000/resourceGroups/test_private_endpoint_connection_service_bus000001/providers/Microsoft.ServiceBus/namespaces/cli-test-resource-000006/privateEndpointConnections/996e168c-3b48-4001-add7-ce1d1ef2340c?api-version=2021-06-01-preview
  response:
    body:
      string: ''
    headers:
      azure-asyncoperation:
      - https://management.azure.com:443/subscriptions/00000000-0000-0000-0000-000000000000/resourceGroups/test_private_endpoint_connection_service_bus000001/providers/Microsoft.ServiceBus/namespaces/cli-test-resource-000006/privateEndpointConnections/996e168c-3b48-4001-add7-ce1d1ef2340c/operationStatus/996e168c-3b48-4001-add7-ce1d1ef2340c?api-version=2021-06-01-preview&operationType=Delete
      cache-control:
      - no-cache
      content-length:
      - '0'
      date:
      - Tue, 10 Jan 2023 03:50:50 GMT
      expires:
      - '-1'
      pragma:
      - no-cache
      server:
      - Service-Bus-Resource-Provider/CH3
      - Microsoft-HTTPAPI/2.0
      server-sb:
      - Service-Bus-Resource-Provider/CH3
      strict-transport-security:
      - max-age=31536000; includeSubDomains
      x-content-type-options:
      - nosniff
      x-ms-ratelimit-remaining-subscription-deletes:
      - '14999'
    status:
      code: 202
      message: Accepted
version: 1
