interactions:
- request:
    body: null
    headers:
      Accept:
      - application/json
      Accept-Encoding:
      - gzip, deflate
      CommandName:
      - network public-ip create
      Connection:
      - keep-alive
      ParameterSetName:
      - -g -n --sku
      User-Agent:
      - AZURECLI/2.44.1 azsdk-python-azure-mgmt-resource/22.0.0 Python/3.10.9 (Linux-5.15.0-1031-azure-x86_64-with-glibc2.31)
        VSTS_7b238909-6802-4b65-b90d-184bca47f458_build_220_0
    method: GET
    uri: https://management.azure.com/subscriptions/00000000-0000-0000-0000-000000000000/resourcegroups/test_network_nic_front_ip000001?api-version=2022-09-01
  response:
    body:
      string: '{"id":"/subscriptions/00000000-0000-0000-0000-000000000000/resourceGroups/test_network_nic_front_ip000001","name":"test_network_nic_front_ip000001","type":"Microsoft.Resources/resourceGroups","location":"eastus2euap","tags":{"product":"azurecli","cause":"automation","date":"2023-01-29T06:01:22Z"},"properties":{"provisioningState":"Succeeded"}}'
    headers:
      cache-control:
      - no-cache
      content-length:
      - '345'
      content-type:
      - application/json; charset=utf-8
      date:
      - Sun, 29 Jan 2023 06:01:23 GMT
      expires:
      - '-1'
      pragma:
      - no-cache
      strict-transport-security:
      - max-age=31536000; includeSubDomains
      vary:
      - Accept-Encoding
      x-content-type-options:
      - nosniff
    status:
      code: 200
      message: OK
- request:
    body: '{"location": "eastus2euap", "properties": {"idleTimeoutInMinutes": 4, "publicIPAddressVersion":
      "IPv4", "publicIPAllocationMethod": "Static"}, "sku": {"name": "Standard"}}'
    headers:
      Accept:
      - application/json
      Accept-Encoding:
      - gzip, deflate
      CommandName:
      - network public-ip create
      Connection:
      - keep-alive
      Content-Length:
      - '171'
      Content-Type:
      - application/json
      ParameterSetName:
      - -g -n --sku
      User-Agent:
      - AZURECLI/2.44.1 (AAZ) azsdk-python-core/1.24.0 Python/3.10.9 (Linux-5.15.0-1031-azure-x86_64-with-glibc2.31)
        VSTS_7b238909-6802-4b65-b90d-184bca47f458_build_220_0
    method: PUT
    uri: https://management.azure.com/subscriptions/00000000-0000-0000-0000-000000000000/resourceGroups/test_network_nic_front_ip000001/providers/Microsoft.Network/publicIPAddresses/public-ip?api-version=2022-05-01
  response:
    body:
      string: "{\r\n  \"name\": \"public-ip\",\r\n  \"id\": \"/subscriptions/00000000-0000-0000-0000-000000000000/resourceGroups/test_network_nic_front_ip000001/providers/Microsoft.Network/publicIPAddresses/public-ip\",\r\n
        \ \"etag\": \"W/\\\"6039c8b9-0ee8-4e03-9ef4-9c4be93a5ccf\\\"\",\r\n  \"location\":
        \"eastus2euap\",\r\n  \"properties\": {\r\n    \"provisioningState\": \"Updating\",\r\n
        \   \"resourceGuid\": \"999038d2-15a5-4b00-be7d-1cfbf6a1e84d\",\r\n    \"publicIPAddressVersion\":
        \"IPv4\",\r\n    \"publicIPAllocationMethod\": \"Static\",\r\n    \"idleTimeoutInMinutes\":
        4,\r\n    \"ipTags\": [],\r\n    \"ddosSettings\": {\r\n      \"protectionMode\":
        \"VirtualNetworkInherited\"\r\n    }\r\n  },\r\n  \"type\": \"Microsoft.Network/publicIPAddresses\",\r\n
        \ \"sku\": {\r\n    \"name\": \"Standard\",\r\n    \"tier\": \"Regional\"\r\n
        \ }\r\n}"
    headers:
      azure-asyncnotification:
      - Enabled
      azure-asyncoperation:
      - https://management.azure.com/subscriptions/00000000-0000-0000-0000-000000000000/providers/Microsoft.Network/locations/eastus2euap/operations/e2dc5262-04b3-40e9-ba80-efc7664e2477?api-version=2022-05-01
      cache-control:
      - no-cache
      content-length:
      - '736'
      content-type:
      - application/json; charset=utf-8
      date:
      - Sun, 29 Jan 2023 06:01:28 GMT
      expires:
      - '-1'
      pragma:
      - no-cache
      server:
      - Microsoft-HTTPAPI/2.0
      - Microsoft-HTTPAPI/2.0
      strict-transport-security:
      - max-age=31536000; includeSubDomains
      x-content-type-options:
      - nosniff
      x-ms-arm-service-request-id:
      - af256811-cef0-4207-a1c5-ff47a7c0d733
      x-ms-ratelimit-remaining-subscription-writes:
      - '1199'
    status:
      code: 201
      message: Created
- request:
    body: null
    headers:
      Accept:
      - '*/*'
      Accept-Encoding:
      - gzip, deflate
      CommandName:
      - network public-ip create
      Connection:
      - keep-alive
      ParameterSetName:
      - -g -n --sku
      User-Agent:
      - AZURECLI/2.44.1 (AAZ) azsdk-python-core/1.24.0 Python/3.10.9 (Linux-5.15.0-1031-azure-x86_64-with-glibc2.31)
        VSTS_7b238909-6802-4b65-b90d-184bca47f458_build_220_0
    method: GET
    uri: https://management.azure.com/subscriptions/00000000-0000-0000-0000-000000000000/providers/Microsoft.Network/locations/eastus2euap/operations/e2dc5262-04b3-40e9-ba80-efc7664e2477?api-version=2022-05-01
  response:
    body:
      string: "{\r\n  \"status\": \"Succeeded\"\r\n}"
    headers:
      cache-control:
      - no-cache
      content-length:
      - '29'
      content-type:
      - application/json; charset=utf-8
      date:
      - Sun, 29 Jan 2023 06:01:29 GMT
      expires:
      - '-1'
      pragma:
      - no-cache
      server:
      - Microsoft-HTTPAPI/2.0
      - Microsoft-HTTPAPI/2.0
      strict-transport-security:
      - max-age=31536000; includeSubDomains
      transfer-encoding:
      - chunked
      vary:
      - Accept-Encoding
      x-content-type-options:
      - nosniff
      x-ms-arm-service-request-id:
      - fe0cfe58-b3ae-4559-8447-47b34b89f3d8
    status:
      code: 200
      message: OK
- request:
    body: null
    headers:
      Accept:
      - '*/*'
      Accept-Encoding:
      - gzip, deflate
      CommandName:
      - network public-ip create
      Connection:
      - keep-alive
      ParameterSetName:
      - -g -n --sku
      User-Agent:
      - AZURECLI/2.44.1 (AAZ) azsdk-python-core/1.24.0 Python/3.10.9 (Linux-5.15.0-1031-azure-x86_64-with-glibc2.31)
        VSTS_7b238909-6802-4b65-b90d-184bca47f458_build_220_0
    method: GET
    uri: https://management.azure.com/subscriptions/00000000-0000-0000-0000-000000000000/resourceGroups/test_network_nic_front_ip000001/providers/Microsoft.Network/publicIPAddresses/public-ip?api-version=2022-05-01
  response:
    body:
      string: "{\r\n  \"name\": \"public-ip\",\r\n  \"id\": \"/subscriptions/00000000-0000-0000-0000-000000000000/resourceGroups/test_network_nic_front_ip000001/providers/Microsoft.Network/publicIPAddresses/public-ip\",\r\n
        \ \"etag\": \"W/\\\"6e381d32-57bc-497d-a981-5dde63ea95b2\\\"\",\r\n  \"location\":
        \"eastus2euap\",\r\n  \"properties\": {\r\n    \"provisioningState\": \"Succeeded\",\r\n
        \   \"resourceGuid\": \"999038d2-15a5-4b00-be7d-1cfbf6a1e84d\",\r\n    \"ipAddress\":
        \"20.221.147.206\",\r\n    \"publicIPAddressVersion\": \"IPv4\",\r\n    \"publicIPAllocationMethod\":
        \"Static\",\r\n    \"idleTimeoutInMinutes\": 4,\r\n    \"ipTags\": [],\r\n
        \   \"ddosSettings\": {\r\n      \"protectionMode\": \"VirtualNetworkInherited\"\r\n
        \   }\r\n  },\r\n  \"type\": \"Microsoft.Network/publicIPAddresses\",\r\n
        \ \"sku\": {\r\n    \"name\": \"Standard\",\r\n    \"tier\": \"Regional\"\r\n
        \ }\r\n}"
    headers:
      cache-control:
      - no-cache
      content-length:
      - '773'
      content-type:
      - application/json; charset=utf-8
      date:
      - Sun, 29 Jan 2023 06:01:29 GMT
      etag:
      - W/"6e381d32-57bc-497d-a981-5dde63ea95b2"
      expires:
      - '-1'
      pragma:
      - no-cache
      server:
      - Microsoft-HTTPAPI/2.0
      - Microsoft-HTTPAPI/2.0
      strict-transport-security:
      - max-age=31536000; includeSubDomains
      transfer-encoding:
      - chunked
      vary:
      - Accept-Encoding
      x-content-type-options:
      - nosniff
      x-ms-arm-service-request-id:
      - 83de5d0a-dca3-4ea4-bdda-e6440c84dd57
    status:
      code: 200
      message: OK
- request:
    body: null
    headers:
      Accept:
      - application/json
      Accept-Encoding:
      - gzip, deflate
      CommandName:
      - network public-ip create
      Connection:
      - keep-alive
      ParameterSetName:
      - -g -n --sku
      User-Agent:
      - AZURECLI/2.44.1 azsdk-python-azure-mgmt-resource/22.0.0 Python/3.10.9 (Linux-5.15.0-1031-azure-x86_64-with-glibc2.31)
        VSTS_7b238909-6802-4b65-b90d-184bca47f458_build_220_0
    method: GET
    uri: https://management.azure.com/subscriptions/00000000-0000-0000-0000-000000000000/resourcegroups/test_network_nic_front_ip000001?api-version=2022-09-01
  response:
    body:
      string: '{"id":"/subscriptions/00000000-0000-0000-0000-000000000000/resourceGroups/test_network_nic_front_ip000001","name":"test_network_nic_front_ip000001","type":"Microsoft.Resources/resourceGroups","location":"eastus2euap","tags":{"product":"azurecli","cause":"automation","date":"2023-01-29T06:01:22Z"},"properties":{"provisioningState":"Succeeded"}}'
    headers:
      cache-control:
      - no-cache
      content-length:
      - '345'
      content-type:
      - application/json; charset=utf-8
      date:
      - Sun, 29 Jan 2023 06:01:29 GMT
      expires:
      - '-1'
      pragma:
      - no-cache
      strict-transport-security:
      - max-age=31536000; includeSubDomains
      vary:
      - Accept-Encoding
      x-content-type-options:
      - nosniff
    status:
      code: 200
      message: OK
- request:
    body: '{"location": "eastus2euap", "properties": {"idleTimeoutInMinutes": 4, "publicIPAddressVersion":
      "IPv4", "publicIPAllocationMethod": "Static"}, "sku": {"name": "Standard"}}'
    headers:
      Accept:
      - application/json
      Accept-Encoding:
      - gzip, deflate
      CommandName:
      - network public-ip create
      Connection:
      - keep-alive
      Content-Length:
      - '171'
      Content-Type:
      - application/json
      ParameterSetName:
      - -g -n --sku
      User-Agent:
      - AZURECLI/2.44.1 (AAZ) azsdk-python-core/1.24.0 Python/3.10.9 (Linux-5.15.0-1031-azure-x86_64-with-glibc2.31)
        VSTS_7b238909-6802-4b65-b90d-184bca47f458_build_220_0
    method: PUT
    uri: https://management.azure.com/subscriptions/00000000-0000-0000-0000-000000000000/resourceGroups/test_network_nic_front_ip000001/providers/Microsoft.Network/publicIPAddresses/public-ip1?api-version=2022-05-01
  response:
    body:
      string: "{\r\n  \"name\": \"public-ip1\",\r\n  \"id\": \"/subscriptions/00000000-0000-0000-0000-000000000000/resourceGroups/test_network_nic_front_ip000001/providers/Microsoft.Network/publicIPAddresses/public-ip1\",\r\n
        \ \"etag\": \"W/\\\"e9486b25-230f-4a2d-88ac-c85b6e997513\\\"\",\r\n  \"location\":
        \"eastus2euap\",\r\n  \"properties\": {\r\n    \"provisioningState\": \"Updating\",\r\n
        \   \"resourceGuid\": \"6ef79fb7-7e5c-436d-8d9f-89ffb7c9a53b\",\r\n    \"publicIPAddressVersion\":
        \"IPv4\",\r\n    \"publicIPAllocationMethod\": \"Static\",\r\n    \"idleTimeoutInMinutes\":
        4,\r\n    \"ipTags\": [],\r\n    \"ddosSettings\": {\r\n      \"protectionMode\":
        \"VirtualNetworkInherited\"\r\n    }\r\n  },\r\n  \"type\": \"Microsoft.Network/publicIPAddresses\",\r\n
        \ \"sku\": {\r\n    \"name\": \"Standard\",\r\n    \"tier\": \"Regional\"\r\n
        \ }\r\n}"
    headers:
      azure-asyncnotification:
      - Enabled
      azure-asyncoperation:
      - https://management.azure.com/subscriptions/00000000-0000-0000-0000-000000000000/providers/Microsoft.Network/locations/eastus2euap/operations/517bfb65-510e-48e0-8b10-833fae17eca2?api-version=2022-05-01
      cache-control:
      - no-cache
      content-length:
      - '738'
      content-type:
      - application/json; charset=utf-8
      date:
      - Sun, 29 Jan 2023 06:01:30 GMT
      expires:
      - '-1'
      pragma:
      - no-cache
      server:
      - Microsoft-HTTPAPI/2.0
      - Microsoft-HTTPAPI/2.0
      strict-transport-security:
      - max-age=31536000; includeSubDomains
      x-content-type-options:
      - nosniff
      x-ms-arm-service-request-id:
      - e804a704-5212-45ef-a6b9-cdcd860be1b8
      x-ms-ratelimit-remaining-subscription-writes:
      - '1198'
    status:
      code: 201
      message: ''
- request:
    body: null
    headers:
      Accept:
      - '*/*'
      Accept-Encoding:
      - gzip, deflate
      CommandName:
      - network public-ip create
      Connection:
      - keep-alive
      ParameterSetName:
      - -g -n --sku
      User-Agent:
      - AZURECLI/2.44.1 (AAZ) azsdk-python-core/1.24.0 Python/3.10.9 (Linux-5.15.0-1031-azure-x86_64-with-glibc2.31)
        VSTS_7b238909-6802-4b65-b90d-184bca47f458_build_220_0
    method: GET
    uri: https://management.azure.com/subscriptions/00000000-0000-0000-0000-000000000000/providers/Microsoft.Network/locations/eastus2euap/operations/517bfb65-510e-48e0-8b10-833fae17eca2?api-version=2022-05-01
  response:
    body:
      string: "{\r\n  \"status\": \"Succeeded\"\r\n}"
    headers:
      cache-control:
      - no-cache
      content-length:
      - '29'
      content-type:
      - application/json; charset=utf-8
      date:
      - Sun, 29 Jan 2023 06:01:31 GMT
      expires:
      - '-1'
      pragma:
      - no-cache
      server:
      - Microsoft-HTTPAPI/2.0
      - Microsoft-HTTPAPI/2.0
      strict-transport-security:
      - max-age=31536000; includeSubDomains
      transfer-encoding:
      - chunked
      vary:
      - Accept-Encoding
      x-content-type-options:
      - nosniff
      x-ms-arm-service-request-id:
      - a2c771df-da58-4845-851e-1c34f0ebe49f
    status:
      code: 200
      message: ''
- request:
    body: null
    headers:
      Accept:
      - '*/*'
      Accept-Encoding:
      - gzip, deflate
      CommandName:
      - network public-ip create
      Connection:
      - keep-alive
      ParameterSetName:
      - -g -n --sku
      User-Agent:
      - AZURECLI/2.44.1 (AAZ) azsdk-python-core/1.24.0 Python/3.10.9 (Linux-5.15.0-1031-azure-x86_64-with-glibc2.31)
        VSTS_7b238909-6802-4b65-b90d-184bca47f458_build_220_0
    method: GET
    uri: https://management.azure.com/subscriptions/00000000-0000-0000-0000-000000000000/resourceGroups/test_network_nic_front_ip000001/providers/Microsoft.Network/publicIPAddresses/public-ip1?api-version=2022-05-01
  response:
    body:
      string: "{\r\n  \"name\": \"public-ip1\",\r\n  \"id\": \"/subscriptions/00000000-0000-0000-0000-000000000000/resourceGroups/test_network_nic_front_ip000001/providers/Microsoft.Network/publicIPAddresses/public-ip1\",\r\n
        \ \"etag\": \"W/\\\"6e0e269c-5395-42d0-94c4-3204d1fc3cae\\\"\",\r\n  \"location\":
        \"eastus2euap\",\r\n  \"properties\": {\r\n    \"provisioningState\": \"Succeeded\",\r\n
        \   \"resourceGuid\": \"6ef79fb7-7e5c-436d-8d9f-89ffb7c9a53b\",\r\n    \"ipAddress\":
        \"20.221.147.214\",\r\n    \"publicIPAddressVersion\": \"IPv4\",\r\n    \"publicIPAllocationMethod\":
        \"Static\",\r\n    \"idleTimeoutInMinutes\": 4,\r\n    \"ipTags\": [],\r\n
        \   \"ddosSettings\": {\r\n      \"protectionMode\": \"VirtualNetworkInherited\"\r\n
        \   }\r\n  },\r\n  \"type\": \"Microsoft.Network/publicIPAddresses\",\r\n
        \ \"sku\": {\r\n    \"name\": \"Standard\",\r\n    \"tier\": \"Regional\"\r\n
        \ }\r\n}"
    headers:
      cache-control:
      - no-cache
      content-length:
      - '775'
      content-type:
      - application/json; charset=utf-8
      date:
      - Sun, 29 Jan 2023 06:01:31 GMT
      etag:
      - W/"6e0e269c-5395-42d0-94c4-3204d1fc3cae"
      expires:
      - '-1'
      pragma:
      - no-cache
      server:
      - Microsoft-HTTPAPI/2.0
      - Microsoft-HTTPAPI/2.0
      strict-transport-security:
      - max-age=31536000; includeSubDomains
      transfer-encoding:
      - chunked
      vary:
      - Accept-Encoding
      x-content-type-options:
      - nosniff
      x-ms-arm-service-request-id:
      - fac366f4-b54b-42d4-a245-8c3bca7e3a45
    status:
      code: 200
      message: ''
- request:
    body: null
    headers:
      Accept:
      - application/json
      Accept-Encoding:
      - gzip, deflate
      CommandName:
      - network vnet create
      Connection:
      - keep-alive
      ParameterSetName:
      - -g -n --subnet-name
      User-Agent:
      - AZURECLI/2.44.1 azsdk-python-azure-mgmt-resource/22.0.0 Python/3.10.9 (Linux-5.15.0-1031-azure-x86_64-with-glibc2.31)
        VSTS_7b238909-6802-4b65-b90d-184bca47f458_build_220_0
    method: GET
    uri: https://management.azure.com/subscriptions/00000000-0000-0000-0000-000000000000/resourcegroups/test_network_nic_front_ip000001?api-version=2022-09-01
  response:
    body:
      string: '{"id":"/subscriptions/00000000-0000-0000-0000-000000000000/resourceGroups/test_network_nic_front_ip000001","name":"test_network_nic_front_ip000001","type":"Microsoft.Resources/resourceGroups","location":"eastus2euap","tags":{"product":"azurecli","cause":"automation","date":"2023-01-29T06:01:22Z"},"properties":{"provisioningState":"Succeeded"}}'
    headers:
      cache-control:
      - no-cache
      content-length:
      - '345'
      content-type:
      - application/json; charset=utf-8
      date:
      - Sun, 29 Jan 2023 06:01:31 GMT
      expires:
      - '-1'
      pragma:
      - no-cache
      strict-transport-security:
      - max-age=31536000; includeSubDomains
      vary:
      - Accept-Encoding
      x-content-type-options:
      - nosniff
    status:
      code: 200
      message: OK
- request:
    body: '{"location": "eastus2euap", "properties": {"addressSpace": {"addressPrefixes":
      ["10.0.0.0/16"]}, "enableDdosProtection": false, "enableVmProtection": false,
      "subnets": [{"name": "subnet", "properties": {"addressPrefix": "10.0.0.0/24"}}]}}'
    headers:
      Accept:
      - application/json
      Accept-Encoding:
      - gzip, deflate
      CommandName:
      - network vnet create
      Connection:
      - keep-alive
      Content-Length:
      - '238'
      Content-Type:
      - application/json
      ParameterSetName:
      - -g -n --subnet-name
      User-Agent:
      - AZURECLI/2.44.1 (AAZ) azsdk-python-core/1.24.0 Python/3.10.9 (Linux-5.15.0-1031-azure-x86_64-with-glibc2.31)
        VSTS_7b238909-6802-4b65-b90d-184bca47f458_build_220_0
    method: PUT
    uri: https://management.azure.com/subscriptions/00000000-0000-0000-0000-000000000000/resourceGroups/test_network_nic_front_ip000001/providers/Microsoft.Network/virtualNetworks/vnet?api-version=2022-01-01
  response:
    body:
      string: "{\r\n  \"name\": \"vnet\",\r\n  \"id\": \"/subscriptions/00000000-0000-0000-0000-000000000000/resourceGroups/test_network_nic_front_ip000001/providers/Microsoft.Network/virtualNetworks/vnet\",\r\n
        \ \"etag\": \"W/\\\"888c63e8-2a4b-48a3-869a-aee875517064\\\"\",\r\n  \"type\":
        \"Microsoft.Network/virtualNetworks\",\r\n  \"location\": \"eastus2euap\",\r\n
        \ \"properties\": {\r\n    \"provisioningState\": \"Updating\",\r\n    \"resourceGuid\":
        \"984e4748-e917-4c3b-ada9-e65614e11a71\",\r\n    \"addressSpace\": {\r\n      \"addressPrefixes\":
        [\r\n        \"10.0.0.0/16\"\r\n      ]\r\n    },\r\n    \"subnets\": [\r\n
        \     {\r\n        \"name\": \"subnet\",\r\n        \"id\": \"/subscriptions/00000000-0000-0000-0000-000000000000/resourceGroups/test_network_nic_front_ip000001/providers/Microsoft.Network/virtualNetworks/vnet/subnets/subnet\",\r\n
        \       \"etag\": \"W/\\\"888c63e8-2a4b-48a3-869a-aee875517064\\\"\",\r\n
        \       \"properties\": {\r\n          \"provisioningState\": \"Updating\",\r\n
        \         \"addressPrefix\": \"10.0.0.0/24\",\r\n          \"delegations\":
        [],\r\n          \"privateEndpointNetworkPolicies\": \"Disabled\",\r\n          \"privateLinkServiceNetworkPolicies\":
        \"Enabled\"\r\n        },\r\n        \"type\": \"Microsoft.Network/virtualNetworks/subnets\"\r\n
        \     }\r\n    ],\r\n    \"virtualNetworkPeerings\": [],\r\n    \"enableDdosProtection\":
        false\r\n  }\r\n}"
    headers:
      azure-asyncnotification:
      - Enabled
      azure-asyncoperation:
      - https://management.azure.com/subscriptions/00000000-0000-0000-0000-000000000000/providers/Microsoft.Network/locations/eastus2euap/operations/049f668e-975e-466a-904b-84023ef37740?api-version=2022-01-01
      cache-control:
      - no-cache
      content-length:
      - '1247'
      content-type:
      - application/json; charset=utf-8
      date:
      - Sun, 29 Jan 2023 06:01:32 GMT
      expires:
      - '-1'
      pragma:
      - no-cache
      server:
      - Microsoft-HTTPAPI/2.0
      - Microsoft-HTTPAPI/2.0
      strict-transport-security:
      - max-age=31536000; includeSubDomains
      x-content-type-options:
      - nosniff
      x-ms-arm-service-request-id:
      - b9e03ed7-eb4f-40c6-81b4-77a7d371d8a2
      x-ms-ratelimit-remaining-subscription-writes:
      - '1198'
    status:
      code: 201
      message: ''
- request:
    body: null
    headers:
      Accept:
      - '*/*'
      Accept-Encoding:
      - gzip, deflate
      CommandName:
      - network vnet create
      Connection:
      - keep-alive
      ParameterSetName:
      - -g -n --subnet-name
      User-Agent:
      - AZURECLI/2.44.1 (AAZ) azsdk-python-core/1.24.0 Python/3.10.9 (Linux-5.15.0-1031-azure-x86_64-with-glibc2.31)
        VSTS_7b238909-6802-4b65-b90d-184bca47f458_build_220_0
    method: GET
    uri: https://management.azure.com/subscriptions/00000000-0000-0000-0000-000000000000/providers/Microsoft.Network/locations/eastus2euap/operations/049f668e-975e-466a-904b-84023ef37740?api-version=2022-01-01
  response:
    body:
      string: "{\r\n  \"status\": \"Succeeded\"\r\n}"
    headers:
      cache-control:
      - no-cache
      content-length:
      - '29'
      content-type:
      - application/json; charset=utf-8
      date:
      - Sun, 29 Jan 2023 06:01:35 GMT
      expires:
      - '-1'
      pragma:
      - no-cache
      server:
      - Microsoft-HTTPAPI/2.0
      - Microsoft-HTTPAPI/2.0
      strict-transport-security:
      - max-age=31536000; includeSubDomains
      transfer-encoding:
      - chunked
      vary:
      - Accept-Encoding
      x-content-type-options:
      - nosniff
      x-ms-arm-service-request-id:
      - b6c2bf1d-0de2-4ac5-8595-5a20aca268f1
    status:
      code: 200
      message: ''
- request:
    body: null
    headers:
      Accept:
      - '*/*'
      Accept-Encoding:
      - gzip, deflate
      CommandName:
      - network vnet create
      Connection:
      - keep-alive
      ParameterSetName:
      - -g -n --subnet-name
      User-Agent:
      - AZURECLI/2.44.1 (AAZ) azsdk-python-core/1.24.0 Python/3.10.9 (Linux-5.15.0-1031-azure-x86_64-with-glibc2.31)
        VSTS_7b238909-6802-4b65-b90d-184bca47f458_build_220_0
    method: GET
    uri: https://management.azure.com/subscriptions/00000000-0000-0000-0000-000000000000/resourceGroups/test_network_nic_front_ip000001/providers/Microsoft.Network/virtualNetworks/vnet?api-version=2022-01-01
  response:
    body:
      string: "{\r\n  \"name\": \"vnet\",\r\n  \"id\": \"/subscriptions/00000000-0000-0000-0000-000000000000/resourceGroups/test_network_nic_front_ip000001/providers/Microsoft.Network/virtualNetworks/vnet\",\r\n
        \ \"etag\": \"W/\\\"f2ef032c-92e7-4705-96c5-9955f32119df\\\"\",\r\n  \"type\":
        \"Microsoft.Network/virtualNetworks\",\r\n  \"location\": \"eastus2euap\",\r\n
        \ \"properties\": {\r\n    \"provisioningState\": \"Succeeded\",\r\n    \"resourceGuid\":
        \"984e4748-e917-4c3b-ada9-e65614e11a71\",\r\n    \"addressSpace\": {\r\n      \"addressPrefixes\":
        [\r\n        \"10.0.0.0/16\"\r\n      ]\r\n    },\r\n    \"subnets\": [\r\n
        \     {\r\n        \"name\": \"subnet\",\r\n        \"id\": \"/subscriptions/00000000-0000-0000-0000-000000000000/resourceGroups/test_network_nic_front_ip000001/providers/Microsoft.Network/virtualNetworks/vnet/subnets/subnet\",\r\n
        \       \"etag\": \"W/\\\"f2ef032c-92e7-4705-96c5-9955f32119df\\\"\",\r\n
        \       \"properties\": {\r\n          \"provisioningState\": \"Succeeded\",\r\n
        \         \"addressPrefix\": \"10.0.0.0/24\",\r\n          \"delegations\":
        [],\r\n          \"privateEndpointNetworkPolicies\": \"Disabled\",\r\n          \"privateLinkServiceNetworkPolicies\":
        \"Enabled\"\r\n        },\r\n        \"type\": \"Microsoft.Network/virtualNetworks/subnets\"\r\n
        \     }\r\n    ],\r\n    \"virtualNetworkPeerings\": [],\r\n    \"enableDdosProtection\":
        false\r\n  }\r\n}"
    headers:
      cache-control:
      - no-cache
      content-length:
      - '1249'
      content-type:
      - application/json; charset=utf-8
      date:
      - Sun, 29 Jan 2023 06:01:35 GMT
      etag:
      - W/"f2ef032c-92e7-4705-96c5-9955f32119df"
      expires:
      - '-1'
      pragma:
      - no-cache
      server:
      - Microsoft-HTTPAPI/2.0
      - Microsoft-HTTPAPI/2.0
      strict-transport-security:
      - max-age=31536000; includeSubDomains
      transfer-encoding:
      - chunked
      vary:
      - Accept-Encoding
      x-content-type-options:
      - nosniff
      x-ms-arm-service-request-id:
      - 3ee0e7bd-319e-41e5-b838-b7e9b85a2307
    status:
      code: 200
      message: ''
- request:
    body: null
    headers:
      Accept:
      - application/json
      Accept-Encoding:
      - gzip, deflate
      CommandName:
      - network nic create
      Connection:
      - keep-alive
      ParameterSetName:
      - -g -n --public-ip-address --vnet-name --subnet
      User-Agent:
      - AZURECLI/2.44.1 azsdk-python-azure-mgmt-resource/22.0.0 Python/3.10.9 (Linux-5.15.0-1031-azure-x86_64-with-glibc2.31)
        VSTS_7b238909-6802-4b65-b90d-184bca47f458_build_220_0
    method: GET
    uri: https://management.azure.com/subscriptions/00000000-0000-0000-0000-000000000000/resourcegroups/test_network_nic_front_ip000001?api-version=2022-09-01
  response:
    body:
      string: '{"id":"/subscriptions/00000000-0000-0000-0000-000000000000/resourceGroups/test_network_nic_front_ip000001","name":"test_network_nic_front_ip000001","type":"Microsoft.Resources/resourceGroups","location":"eastus2euap","tags":{"product":"azurecli","cause":"automation","date":"2023-01-29T06:01:22Z"},"properties":{"provisioningState":"Succeeded"}}'
    headers:
      cache-control:
      - no-cache
      content-length:
      - '345'
      content-type:
      - application/json; charset=utf-8
      date:
      - Sun, 29 Jan 2023 06:01:36 GMT
      expires:
      - '-1'
      pragma:
      - no-cache
      strict-transport-security:
      - max-age=31536000; includeSubDomains
      vary:
      - Accept-Encoding
      x-content-type-options:
      - nosniff
    status:
      code: 200
      message: OK
- request:
    body: '{"location": "eastus2euap", "properties": {"ipConfigurations": [{"name":
      "ipconfig1", "properties": {"privateIPAllocationMethod": "Dynamic", "privateIPAddressVersion":
      "IPv4", "subnet": {"id": "/subscriptions/00000000-0000-0000-0000-000000000000/resourceGroups/test_network_nic_front_ip000001/providers/Microsoft.Network/virtualNetworks/vnet/subnets/subnet",
      "properties": {"privateEndpointNetworkPolicies": "Disabled", "privateLinkServiceNetworkPolicies":
      "Enabled"}}, "publicIPAddress": {"id": "/subscriptions/00000000-0000-0000-0000-000000000000/resourceGroups/test_network_nic_front_ip000001/providers/Microsoft.Network/publicIPAddresses/public-ip"}}}],
      "dnsSettings": {"dnsServers": []}, "enableIPForwarding": false}}'
    headers:
      Accept:
      - application/json
      Accept-Encoding:
      - gzip, deflate
      CommandName:
      - network nic create
      Connection:
      - keep-alive
      Content-Length:
      - '722'
      Content-Type:
      - application/json
      ParameterSetName:
      - -g -n --public-ip-address --vnet-name --subnet
      User-Agent:
      - AZURECLI/2.44.1 azsdk-python-azure-mgmt-network/21.0.1 Python/3.10.9 (Linux-5.15.0-1031-azure-x86_64-with-glibc2.31)
        VSTS_7b238909-6802-4b65-b90d-184bca47f458_build_220_0
    method: PUT
    uri: https://management.azure.com/subscriptions/00000000-0000-0000-0000-000000000000/resourceGroups/test_network_nic_front_ip000001/providers/Microsoft.Network/networkInterfaces/nic-name?api-version=2022-01-01
  response:
    body:
      string: "{\r\n  \"name\": \"nic-name\",\r\n  \"id\": \"/subscriptions/00000000-0000-0000-0000-000000000000/resourceGroups/test_network_nic_front_ip000001/providers/Microsoft.Network/networkInterfaces/nic-name\",\r\n
        \ \"etag\": \"W/\\\"da0aca64-84b8-4e34-b8ab-c49a40b98951\\\"\",\r\n  \"properties\":
        {\r\n    \"provisioningState\": \"Succeeded\",\r\n    \"resourceGuid\": \"c6272e53-511c-4e9d-842c-c3a24a7d06ea\",\r\n
        \   \"ipConfigurations\": [\r\n      {\r\n        \"name\": \"ipconfig1\",\r\n
        \       \"id\": \"/subscriptions/00000000-0000-0000-0000-000000000000/resourceGroups/test_network_nic_front_ip000001/providers/Microsoft.Network/networkInterfaces/nic-name/ipConfigurations/ipconfig1\",\r\n
        \       \"etag\": \"W/\\\"da0aca64-84b8-4e34-b8ab-c49a40b98951\\\"\",\r\n
        \       \"type\": \"Microsoft.Network/networkInterfaces/ipConfigurations\",\r\n
        \       \"properties\": {\r\n          \"provisioningState\": \"Succeeded\",\r\n
        \         \"privateIPAddress\": \"10.0.0.4\",\r\n          \"privateIPAllocationMethod\":
        \"Dynamic\",\r\n          \"publicIPAddress\": {\r\n            \"id\": \"/subscriptions/00000000-0000-0000-0000-000000000000/resourceGroups/test_network_nic_front_ip000001/providers/Microsoft.Network/publicIPAddresses/public-ip\"\r\n
        \         },\r\n          \"subnet\": {\r\n            \"id\": \"/subscriptions/00000000-0000-0000-0000-000000000000/resourceGroups/test_network_nic_front_ip000001/providers/Microsoft.Network/virtualNetworks/vnet/subnets/subnet\"\r\n
        \         },\r\n          \"primary\": true,\r\n          \"privateIPAddressVersion\":
        \"IPv4\"\r\n        }\r\n      }\r\n    ],\r\n    \"dnsSettings\": {\r\n      \"dnsServers\":
        [],\r\n      \"appliedDnsServers\": [],\r\n      \"internalDomainNameSuffix\":
        \"jbdu3gax3e3uzlnj2zlbjyi0ob.cbnx.internal.cloudapp.net\"\r\n    },\r\n    \"vnetEncryptionSupported\":
        false,\r\n    \"enableIPForwarding\": false,\r\n    \"hostedWorkloads\": [],\r\n
        \   \"tapConfigurations\": [],\r\n    \"nicType\": \"Standard\",\r\n    \"allowPort25Out\":
        true\r\n  },\r\n  \"type\": \"Microsoft.Network/networkInterfaces\",\r\n  \"location\":
        \"eastus2euap\",\r\n  \"kind\": \"Regular\"\r\n}"
    headers:
      azure-asyncnotification:
      - Enabled
      azure-asyncoperation:
      - https://management.azure.com/subscriptions/00000000-0000-0000-0000-000000000000/providers/Microsoft.Network/locations/eastus2euap/operations/71bb617a-564d-4735-bbef-0d70dbd12b60?api-version=2022-01-01
      cache-control:
      - no-cache
      content-length:
      - '1950'
      content-type:
      - application/json; charset=utf-8
      date:
      - Sun, 29 Jan 2023 06:01:36 GMT
      expires:
      - '-1'
      pragma:
      - no-cache
      server:
      - Microsoft-HTTPAPI/2.0
      - Microsoft-HTTPAPI/2.0
      strict-transport-security:
      - max-age=31536000; includeSubDomains
      x-content-type-options:
      - nosniff
      x-ms-arm-service-request-id:
      - 749713fe-858e-4aeb-bc0c-e56e2e69273c
      x-ms-ratelimit-remaining-subscription-writes:
      - '1199'
    status:
      code: 201
      message: ''
- request:
    body: null
    headers:
      Accept:
      - '*/*'
      Accept-Encoding:
      - gzip, deflate
      CommandName:
      - network nic create
      Connection:
      - keep-alive
      ParameterSetName:
      - -g -n --public-ip-address --vnet-name --subnet
      User-Agent:
      - AZURECLI/2.44.1 azsdk-python-azure-mgmt-network/21.0.1 Python/3.10.9 (Linux-5.15.0-1031-azure-x86_64-with-glibc2.31)
        VSTS_7b238909-6802-4b65-b90d-184bca47f458_build_220_0
    method: GET
    uri: https://management.azure.com/subscriptions/00000000-0000-0000-0000-000000000000/providers/Microsoft.Network/locations/eastus2euap/operations/71bb617a-564d-4735-bbef-0d70dbd12b60?api-version=2022-01-01
  response:
    body:
      string: "{\r\n  \"status\": \"Succeeded\"\r\n}"
    headers:
      cache-control:
      - no-cache
      content-length:
      - '29'
      content-type:
      - application/json; charset=utf-8
      date:
      - Sun, 29 Jan 2023 06:02:06 GMT
      expires:
      - '-1'
      pragma:
      - no-cache
      server:
      - Microsoft-HTTPAPI/2.0
      - Microsoft-HTTPAPI/2.0
      strict-transport-security:
      - max-age=31536000; includeSubDomains
      transfer-encoding:
      - chunked
      vary:
      - Accept-Encoding
      x-content-type-options:
      - nosniff
      x-ms-arm-service-request-id:
      - b1dadcc3-024f-4ef4-8132-7a94b0deb59f
    status:
      code: 200
      message: ''
- request:
    body: null
    headers:
      Accept:
      - '*/*'
      Accept-Encoding:
      - gzip, deflate
      CommandName:
      - network nic create
      Connection:
      - keep-alive
      ParameterSetName:
      - -g -n --public-ip-address --vnet-name --subnet
      User-Agent:
      - AZURECLI/2.44.1 azsdk-python-azure-mgmt-network/21.0.1 Python/3.10.9 (Linux-5.15.0-1031-azure-x86_64-with-glibc2.31)
        VSTS_7b238909-6802-4b65-b90d-184bca47f458_build_220_0
    method: GET
    uri: https://management.azure.com/subscriptions/00000000-0000-0000-0000-000000000000/resourceGroups/test_network_nic_front_ip000001/providers/Microsoft.Network/networkInterfaces/nic-name?api-version=2022-01-01
  response:
    body:
      string: "{\r\n  \"name\": \"nic-name\",\r\n  \"id\": \"/subscriptions/00000000-0000-0000-0000-000000000000/resourceGroups/test_network_nic_front_ip000001/providers/Microsoft.Network/networkInterfaces/nic-name\",\r\n
        \ \"etag\": \"W/\\\"da0aca64-84b8-4e34-b8ab-c49a40b98951\\\"\",\r\n  \"properties\":
        {\r\n    \"provisioningState\": \"Succeeded\",\r\n    \"resourceGuid\": \"c6272e53-511c-4e9d-842c-c3a24a7d06ea\",\r\n
        \   \"ipConfigurations\": [\r\n      {\r\n        \"name\": \"ipconfig1\",\r\n
        \       \"id\": \"/subscriptions/00000000-0000-0000-0000-000000000000/resourceGroups/test_network_nic_front_ip000001/providers/Microsoft.Network/networkInterfaces/nic-name/ipConfigurations/ipconfig1\",\r\n
        \       \"etag\": \"W/\\\"da0aca64-84b8-4e34-b8ab-c49a40b98951\\\"\",\r\n
        \       \"type\": \"Microsoft.Network/networkInterfaces/ipConfigurations\",\r\n
        \       \"properties\": {\r\n          \"provisioningState\": \"Succeeded\",\r\n
        \         \"privateIPAddress\": \"10.0.0.4\",\r\n          \"privateIPAllocationMethod\":
        \"Dynamic\",\r\n          \"publicIPAddress\": {\r\n            \"id\": \"/subscriptions/00000000-0000-0000-0000-000000000000/resourceGroups/test_network_nic_front_ip000001/providers/Microsoft.Network/publicIPAddresses/public-ip\"\r\n
        \         },\r\n          \"subnet\": {\r\n            \"id\": \"/subscriptions/00000000-0000-0000-0000-000000000000/resourceGroups/test_network_nic_front_ip000001/providers/Microsoft.Network/virtualNetworks/vnet/subnets/subnet\"\r\n
        \         },\r\n          \"primary\": true,\r\n          \"privateIPAddressVersion\":
        \"IPv4\"\r\n        }\r\n      }\r\n    ],\r\n    \"dnsSettings\": {\r\n      \"dnsServers\":
        [],\r\n      \"appliedDnsServers\": [],\r\n      \"internalDomainNameSuffix\":
        \"jbdu3gax3e3uzlnj2zlbjyi0ob.cbnx.internal.cloudapp.net\"\r\n    },\r\n    \"vnetEncryptionSupported\":
        false,\r\n    \"enableIPForwarding\": false,\r\n    \"hostedWorkloads\": [],\r\n
        \   \"tapConfigurations\": [],\r\n    \"nicType\": \"Standard\",\r\n    \"allowPort25Out\":
        true\r\n  },\r\n  \"type\": \"Microsoft.Network/networkInterfaces\",\r\n  \"location\":
        \"eastus2euap\",\r\n  \"kind\": \"Regular\"\r\n}"
    headers:
      cache-control:
      - no-cache
      content-length:
      - '1950'
      content-type:
      - application/json; charset=utf-8
      date:
      - Sun, 29 Jan 2023 06:02:06 GMT
      etag:
      - W/"da0aca64-84b8-4e34-b8ab-c49a40b98951"
      expires:
      - '-1'
      pragma:
      - no-cache
      server:
      - Microsoft-HTTPAPI/2.0
      - Microsoft-HTTPAPI/2.0
      strict-transport-security:
      - max-age=31536000; includeSubDomains
      transfer-encoding:
      - chunked
      vary:
      - Accept-Encoding
      x-content-type-options:
      - nosniff
      x-ms-arm-service-request-id:
      - 25fe5662-58cd-41a3-9af3-baedcf314950
    status:
      code: 200
      message: ''
- request:
    body: null
    headers:
      Accept:
      - application/json
      Accept-Encoding:
      - gzip, deflate
      CommandName:
      - network lb create
      Connection:
      - keep-alive
      ParameterSetName:
      - -g -n --sku --vnet-name --subnet
      User-Agent:
      - AZURECLI/2.44.1 azsdk-python-azure-mgmt-resource/22.0.0 Python/3.10.9 (Linux-5.15.0-1031-azure-x86_64-with-glibc2.31)
        VSTS_7b238909-6802-4b65-b90d-184bca47f458_build_220_0
    method: GET
    uri: https://management.azure.com/subscriptions/00000000-0000-0000-0000-000000000000/resourcegroups/test_network_nic_front_ip000001?api-version=2022-09-01
  response:
    body:
      string: '{"id":"/subscriptions/00000000-0000-0000-0000-000000000000/resourceGroups/test_network_nic_front_ip000001","name":"test_network_nic_front_ip000001","type":"Microsoft.Resources/resourceGroups","location":"eastus2euap","tags":{"product":"azurecli","cause":"automation","date":"2023-01-29T06:01:22Z"},"properties":{"provisioningState":"Succeeded"}}'
    headers:
      cache-control:
      - no-cache
      content-length:
      - '345'
      content-type:
      - application/json; charset=utf-8
      date:
      - Sun, 29 Jan 2023 06:02:06 GMT
      expires:
      - '-1'
      pragma:
      - no-cache
      strict-transport-security:
      - max-age=31536000; includeSubDomains
      x-content-type-options:
      - nosniff
    status:
      code: 200
      message: OK
- request:
    body: null
    headers:
      Accept:
      - application/json
      Accept-Encoding:
      - gzip, deflate
      CommandName:
      - network lb create
      Connection:
      - keep-alive
      ParameterSetName:
      - -g -n --sku --vnet-name --subnet
      User-Agent:
      - AZURECLI/2.44.1 azsdk-python-azure-mgmt-resource/22.0.0 Python/3.10.9 (Linux-5.15.0-1031-azure-x86_64-with-glibc2.31)
        VSTS_7b238909-6802-4b65-b90d-184bca47f458_build_220_0
    method: GET
    uri: https://management.azure.com/subscriptions/00000000-0000-0000-0000-000000000000/resources?$filter=resourceGroup%20eq%20%27test_network_nic_front_ip000001%27%20and%20name%20eq%20%27vnet1%27%20and%20resourceType%20eq%20%27Microsoft.Network%2FvirtualNetworks%27&api-version=2022-09-01
  response:
    body:
      string: '{"value":[],"nextLink":"https://management.azure.com/subscriptions/00000000-0000-0000-0000-000000000000/resources?%24filter=resourceGroup+eq+%27test_network_nic_front_ip000001%27+and+name+eq+%27vnet1%27+and+resourceType+eq+%27Microsoft.Network%2fvirtualNetworks%27&api-version=2022-09-01&%24skiptoken=eyJuZXh0UGFydGl0aW9uS2V5IjoiMSE4IU9FTTVOa1UtIiwibmV4dFJvd0tleSI6IjEhMjQwIU1FSXhSalkwTnpFeFFrWXdORVJFUVVGRlF6TkRRamt5TnpKR01EazFPVEJmUjFKTUxVMURPalZHUVZwUVUweEpWa1ZTUnpjNFNsWlNTRlJKTnprNk5VWkJXbEJUVEVsV1JUaEVNVmRHVUVSS1ZrczZOVVpYUlZOVVZWTXRUVWxEVWs5VFQwWlVPakpGVGtWVVYwOVNTem95Ums1RlZGZFBVa3RUUlVOVlVrbFVXVWRTVDFWUVV6b3lSa0ZMVXpveVJFRkhSVTVVVUU5UFREb3lSREl5TVRReE9UVXlPakpFVGxOSExWZEZVMVJWVXctLSJ9"}'
    headers:
      cache-control:
      - no-cache
      content-length:
      - '699'
      content-type:
      - application/json; charset=utf-8
      date:
      - Sun, 29 Jan 2023 06:02:07 GMT
      expires:
      - '-1'
      pragma:
      - no-cache
      strict-transport-security:
      - max-age=31536000; includeSubDomains
      vary:
      - Accept-Encoding
      x-content-type-options:
      - nosniff
    status:
      code: 200
      message: OK
- request:
    body: null
    headers:
      Accept:
      - '*/*'
      Accept-Encoding:
      - gzip, deflate
      CommandName:
      - network lb create
      Connection:
      - keep-alive
      ParameterSetName:
      - -g -n --sku --vnet-name --subnet
      User-Agent:
      - AZURECLI/2.44.1 azsdk-python-azure-mgmt-resource/22.0.0 Python/3.10.9 (Linux-5.15.0-1031-azure-x86_64-with-glibc2.31)
        VSTS_7b238909-6802-4b65-b90d-184bca47f458_build_220_0
    method: GET
    uri: https://management.azure.com/subscriptions/00000000-0000-0000-0000-000000000000/resources?$filter=resourceGroup%20eq%20%27test_network_nic_front_ip000001%27%20and%20name%20eq%20%27vnet1%27%20and%20resourceType%20eq%20%27Microsoft.Network/virtualNetworks%27&api-version=2022-09-01&$skiptoken=eyJuZXh0UGFydGl0aW9uS2V5IjoiMSE4IU9FTTVOa1UtIiwibmV4dFJvd0tleSI6IjEhMjQwIU1FSXhSalkwTnpFeFFrWXdORVJFUVVGRlF6TkRRamt5TnpKR01EazFPVEJmUjFKTUxVMURPalZHUVZwUVUweEpWa1ZTUnpjNFNsWlNTRlJKTnprNk5VWkJXbEJUVEVsV1JUaEVNVmRHVUVSS1ZrczZOVVpYUlZOVVZWTXRUVWxEVWs5VFQwWlVPakpGVGtWVVYwOVNTem95Ums1RlZGZFBVa3RUUlVOVlVrbFVXVWRTVDFWUVV6b3lSa0ZMVXpveVJFRkhSVTVVVUU5UFREb3lSREl5TVRReE9UVXlPakpFVGxOSExWZEZVMVJWVXctLSJ9
  response:
    body:
      string: '{"value":[]}'
    headers:
      cache-control:
      - no-cache
      content-length:
      - '12'
      content-type:
      - application/json; charset=utf-8
      date:
      - Sun, 29 Jan 2023 06:02:08 GMT
      expires:
      - '-1'
      pragma:
      - no-cache
      strict-transport-security:
      - max-age=31536000; includeSubDomains
      vary:
      - Accept-Encoding
      x-content-type-options:
      - nosniff
    status:
      code: 200
      message: OK
- request:
    body: '{"properties": {"template": {"$schema": "https://schema.management.azure.com/schemas/2015-01-01/deploymentTemplate.json#",
      "contentVersion": "1.0.0.0", "parameters": {}, "variables": {}, "resources":
      [{"name": "vnet1", "type": "Microsoft.Network/virtualNetworks", "location":
      "eastus2euap", "apiVersion": "2015-06-15", "dependsOn": [], "tags": {}, "properties":
      {"addressSpace": {"addressPrefixes": ["10.0.0.0/16"]}, "subnets": [{"name":
      "subnet1", "properties": {"addressPrefix": "10.0.0.0/24"}}]}}, {"type": "Microsoft.Network/loadBalancers",
      "name": "lb", "location": "eastus2euap", "tags": {}, "apiVersion": "2022-01-01",
      "dependsOn": ["Microsoft.Network/virtualNetworks/vnet1"], "properties": {"backendAddressPools":
      [{"name": "lbbepool", "properties": {"tunnelInterfaces": [{"protocol": "VXLAN",
      "type": "Internal", "identifier": 900}]}}], "frontendIPConfigurations": [{"name":
      "LoadBalancerFrontEnd", "properties": {"privateIPAllocationMethod": "Dynamic",
      "privateIPAddress": null, "subnet": {"id": "/subscriptions/00000000-0000-0000-0000-000000000000/resourceGroups/test_network_nic_front_ip000001/providers/Microsoft.Network/virtualNetworks/vnet1/subnets/subnet1"},
      "privateIPAddressVersion": "IPv4"}}]}, "sku": {"name": "Gateway"}}], "outputs":
      {"loadBalancer": {"type": "object", "value": "[reference(''lb'')]"}}}, "parameters":
      {}, "mode": "incremental"}}'
    headers:
      Accept:
      - application/json
      Accept-Encoding:
      - gzip, deflate
      CommandName:
      - network lb create
      Connection:
      - keep-alive
      Content-Length:
      - '1365'
      Content-Type:
      - application/json
      ParameterSetName:
      - -g -n --sku --vnet-name --subnet
      User-Agent:
      - AZURECLI/2.44.1 azsdk-python-azure-mgmt-resource/22.0.0 Python/3.10.9 (Linux-5.15.0-1031-azure-x86_64-with-glibc2.31)
        VSTS_7b238909-6802-4b65-b90d-184bca47f458_build_220_0
    method: PUT
    uri: https://management.azure.com/subscriptions/00000000-0000-0000-0000-000000000000/resourcegroups/test_network_nic_front_ip000001/providers/Microsoft.Resources/deployments/mock-deployment?api-version=2022-09-01
  response:
    body:
      string: '{"id":"/subscriptions/00000000-0000-0000-0000-000000000000/resourceGroups/test_network_nic_front_ip000001/providers/Microsoft.Resources/deployments/lb_deploy_aU17vczinIOwJH2o85HzQg5MSSszLGHs","name":"lb_deploy_aU17vczinIOwJH2o85HzQg5MSSszLGHs","type":"Microsoft.Resources/deployments","properties":{"templateHash":"16927848241600342650","parameters":{},"mode":"Incremental","provisioningState":"Accepted","timestamp":"2023-01-29T06:02:09.2795993Z","duration":"PT0.000927S","correlationId":"3c0bdec7-6079-4414-99d5-8f2e61d8facb","providers":[{"namespace":"Microsoft.Network","resourceTypes":[{"resourceType":"virtualNetworks","locations":["eastus2euap"]},{"resourceType":"loadBalancers","locations":["eastus2euap"]}]}],"dependencies":[{"dependsOn":[{"id":"/subscriptions/00000000-0000-0000-0000-000000000000/resourceGroups/test_network_nic_front_ip000001/providers/Microsoft.Network/virtualNetworks/vnet1","resourceType":"Microsoft.Network/virtualNetworks","resourceName":"vnet1"}],"id":"/subscriptions/00000000-0000-0000-0000-000000000000/resourceGroups/test_network_nic_front_ip000001/providers/Microsoft.Network/loadBalancers/lb","resourceType":"Microsoft.Network/loadBalancers","resourceName":"lb"}]}}'
    headers:
      azure-asyncoperation:
      - https://management.azure.com/subscriptions/00000000-0000-0000-0000-000000000000/resourcegroups/test_network_nic_front_ip000001/providers/Microsoft.Resources/deployments/lb_deploy_aU17vczinIOwJH2o85HzQg5MSSszLGHs/operationStatuses/08585266347567320997?api-version=2022-09-01
      cache-control:
      - no-cache
      content-length:
      - '1204'
      content-type:
      - application/json; charset=utf-8
      date:
      - Sun, 29 Jan 2023 06:02:09 GMT
      expires:
      - '-1'
      pragma:
      - no-cache
      strict-transport-security:
      - max-age=31536000; includeSubDomains
      x-content-type-options:
      - nosniff
      x-ms-ratelimit-remaining-subscription-writes:
      - '1198'
    status:
      code: 201
      message: Created
- request:
    body: null
    headers:
      Accept:
      - '*/*'
      Accept-Encoding:
      - gzip, deflate
      CommandName:
      - network lb create
      Connection:
      - keep-alive
      ParameterSetName:
      - -g -n --sku --vnet-name --subnet
      User-Agent:
      - AZURECLI/2.44.1 azsdk-python-azure-mgmt-resource/22.0.0 Python/3.10.9 (Linux-5.15.0-1031-azure-x86_64-with-glibc2.31)
        VSTS_7b238909-6802-4b65-b90d-184bca47f458_build_220_0
    method: GET
    uri: https://management.azure.com/subscriptions/00000000-0000-0000-0000-000000000000/resourcegroups/test_network_nic_front_ip000001/providers/Microsoft.Resources/deployments/mock-deployment/operationStatuses/08585266347567320997?api-version=2022-09-01
  response:
    body:
      string: '{"status":"Succeeded"}'
    headers:
      cache-control:
      - no-cache
      content-length:
      - '22'
      content-type:
      - application/json; charset=utf-8
      date:
      - Sun, 29 Jan 2023 06:02:38 GMT
      expires:
      - '-1'
      pragma:
      - no-cache
      strict-transport-security:
      - max-age=31536000; includeSubDomains
      vary:
      - Accept-Encoding
      x-content-type-options:
      - nosniff
    status:
      code: 200
      message: OK
- request:
    body: null
    headers:
      Accept:
      - '*/*'
      Accept-Encoding:
      - gzip, deflate
      CommandName:
      - network lb create
      Connection:
      - keep-alive
      ParameterSetName:
      - -g -n --sku --vnet-name --subnet
      User-Agent:
      - AZURECLI/2.44.1 azsdk-python-azure-mgmt-resource/22.0.0 Python/3.10.9 (Linux-5.15.0-1031-azure-x86_64-with-glibc2.31)
        VSTS_7b238909-6802-4b65-b90d-184bca47f458_build_220_0
    method: GET
    uri: https://management.azure.com/subscriptions/00000000-0000-0000-0000-000000000000/resourcegroups/test_network_nic_front_ip000001/providers/Microsoft.Resources/deployments/mock-deployment?api-version=2022-09-01
  response:
    body:
      string: '{"id":"/subscriptions/00000000-0000-0000-0000-000000000000/resourceGroups/test_network_nic_front_ip000001/providers/Microsoft.Resources/deployments/lb_deploy_aU17vczinIOwJH2o85HzQg5MSSszLGHs","name":"lb_deploy_aU17vczinIOwJH2o85HzQg5MSSszLGHs","type":"Microsoft.Resources/deployments","properties":{"templateHash":"16927848241600342650","parameters":{},"mode":"Incremental","provisioningState":"Succeeded","timestamp":"2023-01-29T06:02:20.0890818Z","duration":"PT10.8104095S","correlationId":"3c0bdec7-6079-4414-99d5-8f2e61d8facb","providers":[{"namespace":"Microsoft.Network","resourceTypes":[{"resourceType":"virtualNetworks","locations":["eastus2euap"]},{"resourceType":"loadBalancers","locations":["eastus2euap"]}]}],"dependencies":[{"dependsOn":[{"id":"/subscriptions/00000000-0000-0000-0000-000000000000/resourceGroups/test_network_nic_front_ip000001/providers/Microsoft.Network/virtualNetworks/vnet1","resourceType":"Microsoft.Network/virtualNetworks","resourceName":"vnet1"}],"id":"/subscriptions/00000000-0000-0000-0000-000000000000/resourceGroups/test_network_nic_front_ip000001/providers/Microsoft.Network/loadBalancers/lb","resourceType":"Microsoft.Network/loadBalancers","resourceName":"lb"}],"outputs":{"loadBalancer":{"type":"Object","value":{"provisioningState":"Succeeded","resourceGuid":"5b5890d1-9c9a-4e50-8fa8-ef81f089d907","frontendIPConfigurations":[{"name":"LoadBalancerFrontEnd","id":"/subscriptions/00000000-0000-0000-0000-000000000000/resourceGroups/test_network_nic_front_ip000001/providers/Microsoft.Network/loadBalancers/lb/frontendIPConfigurations/LoadBalancerFrontEnd","etag":"W/\"2ef7ad09-88e7-4739-9774-65db70f5f73f\"","type":"Microsoft.Network/loadBalancers/frontendIPConfigurations","properties":{"provisioningState":"Succeeded","privateIPAddress":"10.0.0.4","privateIPAllocationMethod":"Dynamic","subnet":{"id":"/subscriptions/00000000-0000-0000-0000-000000000000/resourceGroups/test_network_nic_front_ip000001/providers/Microsoft.Network/virtualNetworks/vnet1/subnets/subnet1"},"privateIPAddressVersion":"IPv4"}}],"backendAddressPools":[{"name":"lbbepool","id":"/subscriptions/00000000-0000-0000-0000-000000000000/resourceGroups/test_network_nic_front_ip000001/providers/Microsoft.Network/loadBalancers/lb/backendAddressPools/lbbepool","etag":"W/\"2ef7ad09-88e7-4739-9774-65db70f5f73f\"","properties":{"provisioningState":"Succeeded","loadBalancerBackendAddresses":[],"tunnelInterfaces":[{"port":10800,"identifier":900,"protocol":"VXLAN","type":"Internal"}]},"type":"Microsoft.Network/loadBalancers/backendAddressPools"}],"loadBalancingRules":[],"probes":[],"inboundNatRules":[],"outboundRules":[],"inboundNatPools":[]}}},"outputResources":[{"id":"/subscriptions/00000000-0000-0000-0000-000000000000/resourceGroups/test_network_nic_front_ip000001/providers/Microsoft.Network/loadBalancers/lb"},{"id":"/subscriptions/00000000-0000-0000-0000-000000000000/resourceGroups/test_network_nic_front_ip000001/providers/Microsoft.Network/virtualNetworks/vnet1"}]}}'
    headers:
      cache-control:
      - no-cache
      content-length:
      - '2991'
      content-type:
      - application/json; charset=utf-8
      date:
      - Sun, 29 Jan 2023 06:02:39 GMT
      expires:
      - '-1'
      pragma:
      - no-cache
      strict-transport-security:
      - max-age=31536000; includeSubDomains
      vary:
      - Accept-Encoding
      x-content-type-options:
      - nosniff
    status:
      code: 200
      message: OK
- request:
    body: null
    headers:
      Accept:
      - application/json
      Accept-Encoding:
      - gzip, deflate
      CommandName:
      - network lb frontend-ip create
      Connection:
      - keep-alive
      ParameterSetName:
      - -g --lb-name -n --vnet-name --subnet
      User-Agent:
      - AZURECLI/2.44.1 (AAZ) azsdk-python-core/1.24.0 Python/3.10.9 (Linux-5.15.0-1031-azure-x86_64-with-glibc2.31)
        VSTS_7b238909-6802-4b65-b90d-184bca47f458_build_220_0
    method: GET
    uri: https://management.azure.com/subscriptions/00000000-0000-0000-0000-000000000000/resourceGroups/test_network_nic_front_ip000001/providers/Microsoft.Network/loadBalancers/lb?api-version=2022-05-01
  response:
    body:
      string: "{\r\n  \"name\": \"lb\",\r\n  \"id\": \"/subscriptions/00000000-0000-0000-0000-000000000000/resourceGroups/test_network_nic_front_ip000001/providers/Microsoft.Network/loadBalancers/lb\",\r\n
        \ \"etag\": \"W/\\\"2ef7ad09-88e7-4739-9774-65db70f5f73f\\\"\",\r\n  \"type\":
        \"Microsoft.Network/loadBalancers\",\r\n  \"location\": \"eastus2euap\",\r\n
        \ \"tags\": {},\r\n  \"properties\": {\r\n    \"provisioningState\": \"Succeeded\",\r\n
        \   \"resourceGuid\": \"5b5890d1-9c9a-4e50-8fa8-ef81f089d907\",\r\n    \"frontendIPConfigurations\":
        [\r\n      {\r\n        \"name\": \"LoadBalancerFrontEnd\",\r\n        \"id\":
        \"/subscriptions/00000000-0000-0000-0000-000000000000/resourceGroups/test_network_nic_front_ip000001/providers/Microsoft.Network/loadBalancers/lb/frontendIPConfigurations/LoadBalancerFrontEnd\",\r\n
        \       \"etag\": \"W/\\\"2ef7ad09-88e7-4739-9774-65db70f5f73f\\\"\",\r\n
        \       \"type\": \"Microsoft.Network/loadBalancers/frontendIPConfigurations\",\r\n
        \       \"properties\": {\r\n          \"provisioningState\": \"Succeeded\",\r\n
        \         \"privateIPAddress\": \"10.0.0.4\",\r\n          \"privateIPAllocationMethod\":
        \"Dynamic\",\r\n          \"subnet\": {\r\n            \"id\": \"/subscriptions/00000000-0000-0000-0000-000000000000/resourceGroups/test_network_nic_front_ip000001/providers/Microsoft.Network/virtualNetworks/vnet1/subnets/subnet1\"\r\n
        \         },\r\n          \"privateIPAddressVersion\": \"IPv4\"\r\n        }\r\n
        \     }\r\n    ],\r\n    \"backendAddressPools\": [\r\n      {\r\n        \"name\":
        \"lbbepool\",\r\n        \"id\": \"/subscriptions/00000000-0000-0000-0000-000000000000/resourceGroups/test_network_nic_front_ip000001/providers/Microsoft.Network/loadBalancers/lb/backendAddressPools/lbbepool\",\r\n
        \       \"etag\": \"W/\\\"2ef7ad09-88e7-4739-9774-65db70f5f73f\\\"\",\r\n
        \       \"properties\": {\r\n          \"provisioningState\": \"Succeeded\",\r\n
        \         \"loadBalancerBackendAddresses\": [],\r\n          \"tunnelInterfaces\":
        [\r\n            {\r\n              \"port\": 10800,\r\n              \"identifier\":
        900,\r\n              \"protocol\": \"VXLAN\",\r\n              \"type\":
        \"Internal\"\r\n            }\r\n          ]\r\n        },\r\n        \"type\":
        \"Microsoft.Network/loadBalancers/backendAddressPools\"\r\n      }\r\n    ],\r\n
        \   \"loadBalancingRules\": [],\r\n    \"probes\": [],\r\n    \"inboundNatRules\":
        [],\r\n    \"outboundRules\": [],\r\n    \"inboundNatPools\": []\r\n  },\r\n
        \ \"sku\": {\r\n    \"name\": \"Gateway\",\r\n    \"tier\": \"Regional\"\r\n
        \ }\r\n}"
    headers:
      cache-control:
      - no-cache
      content-length:
      - '2288'
      content-type:
      - application/json; charset=utf-8
      date:
      - Sun, 29 Jan 2023 06:02:39 GMT
      etag:
      - W/"2ef7ad09-88e7-4739-9774-65db70f5f73f"
      expires:
      - '-1'
      pragma:
      - no-cache
      server:
      - Microsoft-HTTPAPI/2.0
      - Microsoft-HTTPAPI/2.0
      strict-transport-security:
      - max-age=31536000; includeSubDomains
      transfer-encoding:
      - chunked
      vary:
      - Accept-Encoding
      x-content-type-options:
      - nosniff
      x-ms-arm-service-request-id:
      - 9fc70f95-ec55-40e3-bc25-498e3e81c274
    status:
      code: 200
      message: OK
- request:
    body: '{"id": "/subscriptions/00000000-0000-0000-0000-000000000000/resourceGroups/test_network_nic_front_ip000001/providers/Microsoft.Network/loadBalancers/lb",
      "location": "eastus2euap", "properties": {"backendAddressPools": [{"id": "/subscriptions/00000000-0000-0000-0000-000000000000/resourceGroups/test_network_nic_front_ip000001/providers/Microsoft.Network/loadBalancers/lb/backendAddressPools/lbbepool",
      "name": "lbbepool", "properties": {"loadBalancerBackendAddresses": [], "tunnelInterfaces":
      [{"identifier": 900, "port": 10800, "protocol": "VXLAN", "type": "Internal"}]}}],
      "frontendIPConfigurations": [{"id": "/subscriptions/00000000-0000-0000-0000-000000000000/resourceGroups/test_network_nic_front_ip000001/providers/Microsoft.Network/loadBalancers/lb/frontendIPConfigurations/LoadBalancerFrontEnd",
      "name": "LoadBalancerFrontEnd", "properties": {"privateIPAddress": "10.0.0.4",
      "privateIPAddressVersion": "IPv4", "privateIPAllocationMethod": "Dynamic", "subnet":
      {"id": "/subscriptions/00000000-0000-0000-0000-000000000000/resourceGroups/test_network_nic_front_ip000001/providers/Microsoft.Network/virtualNetworks/vnet1/subnets/subnet1"}}},
      {"name": "load-balancer-frontend-end", "properties": {"privateIPAddressVersion":
      "IPv4", "privateIPAllocationMethod": "Dynamic", "subnet": {"id": "/subscriptions/00000000-0000-0000-0000-000000000000/resourceGroups/test_network_nic_front_ip000001/providers/Microsoft.Network/virtualNetworks/vnet1/subnets/subnet1"}}}],
      "inboundNatPools": [], "inboundNatRules": [], "loadBalancingRules": [], "outboundRules":
      [], "probes": []}, "sku": {"name": "Gateway", "tier": "Regional"}, "tags": {}}'
    headers:
      Accept:
      - application/json
      Accept-Encoding:
      - gzip, deflate
      CommandName:
      - network lb frontend-ip create
      Connection:
      - keep-alive
      Content-Length:
      - '1632'
      Content-Type:
      - application/json
      ParameterSetName:
      - -g --lb-name -n --vnet-name --subnet
      User-Agent:
      - AZURECLI/2.44.1 (AAZ) azsdk-python-core/1.24.0 Python/3.10.9 (Linux-5.15.0-1031-azure-x86_64-with-glibc2.31)
        VSTS_7b238909-6802-4b65-b90d-184bca47f458_build_220_0
    method: PUT
    uri: https://management.azure.com/subscriptions/00000000-0000-0000-0000-000000000000/resourceGroups/test_network_nic_front_ip000001/providers/Microsoft.Network/loadBalancers/lb?api-version=2022-05-01
  response:
    body:
      string: "{\r\n  \"name\": \"lb\",\r\n  \"id\": \"/subscriptions/00000000-0000-0000-0000-000000000000/resourceGroups/test_network_nic_front_ip000001/providers/Microsoft.Network/loadBalancers/lb\",\r\n
        \ \"etag\": \"W/\\\"c60107d3-a4aa-4ad7-b78f-d8cadeb1ff2a\\\"\",\r\n  \"type\":
        \"Microsoft.Network/loadBalancers\",\r\n  \"location\": \"eastus2euap\",\r\n
        \ \"tags\": {},\r\n  \"properties\": {\r\n    \"provisioningState\": \"Updating\",\r\n
        \   \"resourceGuid\": \"5b5890d1-9c9a-4e50-8fa8-ef81f089d907\",\r\n    \"frontendIPConfigurations\":
        [\r\n      {\r\n        \"name\": \"LoadBalancerFrontEnd\",\r\n        \"id\":
        \"/subscriptions/00000000-0000-0000-0000-000000000000/resourceGroups/test_network_nic_front_ip000001/providers/Microsoft.Network/loadBalancers/lb/frontendIPConfigurations/LoadBalancerFrontEnd\",\r\n
        \       \"etag\": \"W/\\\"c60107d3-a4aa-4ad7-b78f-d8cadeb1ff2a\\\"\",\r\n
        \       \"type\": \"Microsoft.Network/loadBalancers/frontendIPConfigurations\",\r\n
        \       \"properties\": {\r\n          \"provisioningState\": \"Updating\",\r\n
        \         \"privateIPAddress\": \"10.0.0.4\",\r\n          \"privateIPAllocationMethod\":
        \"Dynamic\",\r\n          \"subnet\": {\r\n            \"id\": \"/subscriptions/00000000-0000-0000-0000-000000000000/resourceGroups/test_network_nic_front_ip000001/providers/Microsoft.Network/virtualNetworks/vnet1/subnets/subnet1\"\r\n
        \         },\r\n          \"privateIPAddressVersion\": \"IPv4\"\r\n        }\r\n
        \     },\r\n      {\r\n        \"name\": \"load-balancer-frontend-end\",\r\n
        \       \"id\": \"/subscriptions/00000000-0000-0000-0000-000000000000/resourceGroups/test_network_nic_front_ip000001/providers/Microsoft.Network/loadBalancers/lb/frontendIPConfigurations/load-balancer-frontend-end\",\r\n
        \       \"etag\": \"W/\\\"c60107d3-a4aa-4ad7-b78f-d8cadeb1ff2a\\\"\",\r\n
        \       \"type\": \"Microsoft.Network/loadBalancers/frontendIPConfigurations\",\r\n
        \       \"properties\": {\r\n          \"provisioningState\": \"Updating\",\r\n
        \         \"privateIPAddress\": \"10.0.0.5\",\r\n          \"privateIPAllocationMethod\":
        \"Dynamic\",\r\n          \"subnet\": {\r\n            \"id\": \"/subscriptions/00000000-0000-0000-0000-000000000000/resourceGroups/test_network_nic_front_ip000001/providers/Microsoft.Network/virtualNetworks/vnet1/subnets/subnet1\"\r\n
        \         },\r\n          \"privateIPAddressVersion\": \"IPv4\"\r\n        }\r\n
        \     }\r\n    ],\r\n    \"backendAddressPools\": [\r\n      {\r\n        \"name\":
        \"lbbepool\",\r\n        \"id\": \"/subscriptions/00000000-0000-0000-0000-000000000000/resourceGroups/test_network_nic_front_ip000001/providers/Microsoft.Network/loadBalancers/lb/backendAddressPools/lbbepool\",\r\n
        \       \"etag\": \"W/\\\"c60107d3-a4aa-4ad7-b78f-d8cadeb1ff2a\\\"\",\r\n
        \       \"properties\": {\r\n          \"provisioningState\": \"Updating\",\r\n
        \         \"loadBalancerBackendAddresses\": [],\r\n          \"tunnelInterfaces\":
        [\r\n            {\r\n              \"port\": 10800,\r\n              \"identifier\":
        900,\r\n              \"protocol\": \"VXLAN\",\r\n              \"type\":
        \"Internal\"\r\n            }\r\n          ]\r\n        },\r\n        \"type\":
        \"Microsoft.Network/loadBalancers/backendAddressPools\"\r\n      }\r\n    ],\r\n
        \   \"loadBalancingRules\": [],\r\n    \"probes\": [],\r\n    \"inboundNatRules\":
        [],\r\n    \"outboundRules\": [],\r\n    \"inboundNatPools\": []\r\n  },\r\n
        \ \"sku\": {\r\n    \"name\": \"Gateway\",\r\n    \"tier\": \"Regional\"\r\n
        \ }\r\n}"
    headers:
      azure-asyncnotification:
      - Enabled
      azure-asyncoperation:
      - https://management.azure.com/subscriptions/00000000-0000-0000-0000-000000000000/providers/Microsoft.Network/locations/eastus2euap/operations/56bb1210-81e2-49a4-83f9-f4285dc3daf4?api-version=2022-05-01
      cache-control:
      - no-cache
      content-length:
      - '3147'
      content-type:
      - application/json; charset=utf-8
      date:
      - Sun, 29 Jan 2023 06:02:40 GMT
      expires:
      - '-1'
      pragma:
      - no-cache
      server:
      - Microsoft-HTTPAPI/2.0
      - Microsoft-HTTPAPI/2.0
      strict-transport-security:
      - max-age=31536000; includeSubDomains
      transfer-encoding:
      - chunked
      vary:
      - Accept-Encoding
      x-content-type-options:
      - nosniff
      x-ms-arm-service-request-id:
      - 8504041b-f544-4595-baf8-bfb31253a80a
      x-ms-ratelimit-remaining-subscription-writes:
      - '1199'
    status:
      code: 200
      message: OK
- request:
    body: null
    headers:
      Accept:
      - '*/*'
      Accept-Encoding:
      - gzip, deflate
      CommandName:
      - network lb frontend-ip create
      Connection:
      - keep-alive
      ParameterSetName:
      - -g --lb-name -n --vnet-name --subnet
      User-Agent:
      - AZURECLI/2.44.1 (AAZ) azsdk-python-core/1.24.0 Python/3.10.9 (Linux-5.15.0-1031-azure-x86_64-with-glibc2.31)
        VSTS_7b238909-6802-4b65-b90d-184bca47f458_build_220_0
    method: GET
    uri: https://management.azure.com/subscriptions/00000000-0000-0000-0000-000000000000/providers/Microsoft.Network/locations/eastus2euap/operations/56bb1210-81e2-49a4-83f9-f4285dc3daf4?api-version=2022-05-01
  response:
    body:
      string: "{\r\n  \"status\": \"Succeeded\"\r\n}"
    headers:
      cache-control:
      - no-cache
      content-length:
      - '29'
      content-type:
      - application/json; charset=utf-8
      date:
      - Sun, 29 Jan 2023 06:02:43 GMT
      expires:
      - '-1'
      pragma:
      - no-cache
      server:
      - Microsoft-HTTPAPI/2.0
      - Microsoft-HTTPAPI/2.0
      strict-transport-security:
      - max-age=31536000; includeSubDomains
      transfer-encoding:
      - chunked
      vary:
      - Accept-Encoding
      x-content-type-options:
      - nosniff
      x-ms-arm-service-request-id:
      - 950116e4-72e7-4198-8717-70e02d3af4a3
    status:
      code: 200
      message: ''
- request:
    body: null
    headers:
      Accept:
      - '*/*'
      Accept-Encoding:
      - gzip, deflate
      CommandName:
      - network lb frontend-ip create
      Connection:
      - keep-alive
      ParameterSetName:
      - -g --lb-name -n --vnet-name --subnet
      User-Agent:
      - AZURECLI/2.44.1 (AAZ) azsdk-python-core/1.24.0 Python/3.10.9 (Linux-5.15.0-1031-azure-x86_64-with-glibc2.31)
        VSTS_7b238909-6802-4b65-b90d-184bca47f458_build_220_0
    method: GET
    uri: https://management.azure.com/subscriptions/00000000-0000-0000-0000-000000000000/resourceGroups/test_network_nic_front_ip000001/providers/Microsoft.Network/loadBalancers/lb?api-version=2022-05-01
  response:
    body:
      string: "{\r\n  \"name\": \"lb\",\r\n  \"id\": \"/subscriptions/00000000-0000-0000-0000-000000000000/resourceGroups/test_network_nic_front_ip000001/providers/Microsoft.Network/loadBalancers/lb\",\r\n
        \ \"etag\": \"W/\\\"fd9bd8f9-5266-4c2e-9a74-489ebc35b3c5\\\"\",\r\n  \"type\":
        \"Microsoft.Network/loadBalancers\",\r\n  \"location\": \"eastus2euap\",\r\n
        \ \"tags\": {},\r\n  \"properties\": {\r\n    \"provisioningState\": \"Succeeded\",\r\n
        \   \"resourceGuid\": \"5b5890d1-9c9a-4e50-8fa8-ef81f089d907\",\r\n    \"frontendIPConfigurations\":
        [\r\n      {\r\n        \"name\": \"LoadBalancerFrontEnd\",\r\n        \"id\":
        \"/subscriptions/00000000-0000-0000-0000-000000000000/resourceGroups/test_network_nic_front_ip000001/providers/Microsoft.Network/loadBalancers/lb/frontendIPConfigurations/LoadBalancerFrontEnd\",\r\n
        \       \"etag\": \"W/\\\"fd9bd8f9-5266-4c2e-9a74-489ebc35b3c5\\\"\",\r\n
        \       \"type\": \"Microsoft.Network/loadBalancers/frontendIPConfigurations\",\r\n
        \       \"properties\": {\r\n          \"provisioningState\": \"Succeeded\",\r\n
        \         \"privateIPAddress\": \"10.0.0.4\",\r\n          \"privateIPAllocationMethod\":
        \"Dynamic\",\r\n          \"subnet\": {\r\n            \"id\": \"/subscriptions/00000000-0000-0000-0000-000000000000/resourceGroups/test_network_nic_front_ip000001/providers/Microsoft.Network/virtualNetworks/vnet1/subnets/subnet1\"\r\n
        \         },\r\n          \"privateIPAddressVersion\": \"IPv4\"\r\n        }\r\n
        \     },\r\n      {\r\n        \"name\": \"load-balancer-frontend-end\",\r\n
        \       \"id\": \"/subscriptions/00000000-0000-0000-0000-000000000000/resourceGroups/test_network_nic_front_ip000001/providers/Microsoft.Network/loadBalancers/lb/frontendIPConfigurations/load-balancer-frontend-end\",\r\n
        \       \"etag\": \"W/\\\"fd9bd8f9-5266-4c2e-9a74-489ebc35b3c5\\\"\",\r\n
        \       \"type\": \"Microsoft.Network/loadBalancers/frontendIPConfigurations\",\r\n
        \       \"properties\": {\r\n          \"provisioningState\": \"Succeeded\",\r\n
        \         \"privateIPAddress\": \"10.0.0.5\",\r\n          \"privateIPAllocationMethod\":
        \"Dynamic\",\r\n          \"subnet\": {\r\n            \"id\": \"/subscriptions/00000000-0000-0000-0000-000000000000/resourceGroups/test_network_nic_front_ip000001/providers/Microsoft.Network/virtualNetworks/vnet1/subnets/subnet1\"\r\n
        \         },\r\n          \"privateIPAddressVersion\": \"IPv4\"\r\n        }\r\n
        \     }\r\n    ],\r\n    \"backendAddressPools\": [\r\n      {\r\n        \"name\":
        \"lbbepool\",\r\n        \"id\": \"/subscriptions/00000000-0000-0000-0000-000000000000/resourceGroups/test_network_nic_front_ip000001/providers/Microsoft.Network/loadBalancers/lb/backendAddressPools/lbbepool\",\r\n
        \       \"etag\": \"W/\\\"fd9bd8f9-5266-4c2e-9a74-489ebc35b3c5\\\"\",\r\n
        \       \"properties\": {\r\n          \"provisioningState\": \"Succeeded\",\r\n
        \         \"loadBalancerBackendAddresses\": [],\r\n          \"tunnelInterfaces\":
        [\r\n            {\r\n              \"port\": 10800,\r\n              \"identifier\":
        900,\r\n              \"protocol\": \"VXLAN\",\r\n              \"type\":
        \"Internal\"\r\n            }\r\n          ]\r\n        },\r\n        \"type\":
        \"Microsoft.Network/loadBalancers/backendAddressPools\"\r\n      }\r\n    ],\r\n
        \   \"loadBalancingRules\": [],\r\n    \"probes\": [],\r\n    \"inboundNatRules\":
        [],\r\n    \"outboundRules\": [],\r\n    \"inboundNatPools\": []\r\n  },\r\n
        \ \"sku\": {\r\n    \"name\": \"Gateway\",\r\n    \"tier\": \"Regional\"\r\n
        \ }\r\n}"
    headers:
      cache-control:
      - no-cache
      content-length:
      - '3151'
      content-type:
      - application/json; charset=utf-8
      date:
      - Sun, 29 Jan 2023 06:02:43 GMT
      etag:
      - W/"fd9bd8f9-5266-4c2e-9a74-489ebc35b3c5"
      expires:
      - '-1'
      pragma:
      - no-cache
      server:
      - Microsoft-HTTPAPI/2.0
      - Microsoft-HTTPAPI/2.0
      strict-transport-security:
      - max-age=31536000; includeSubDomains
      transfer-encoding:
      - chunked
      vary:
      - Accept-Encoding
      x-content-type-options:
      - nosniff
      x-ms-arm-service-request-id:
      - e5b5cec2-f310-4eba-84b1-3e04facff1da
    status:
      code: 200
      message: ''
- request:
    body: null
    headers:
      Accept:
      - application/json
      Accept-Encoding:
      - gzip, deflate
      CommandName:
      - network nic ip-config create
      Connection:
      - keep-alive
      ParameterSetName:
      - -g --nic-name -n --make-primary --public-ip-address
      User-Agent:
      - AZURECLI/2.44.1 azsdk-python-azure-mgmt-network/21.0.1 Python/3.10.9 (Linux-5.15.0-1031-azure-x86_64-with-glibc2.31)
        VSTS_7b238909-6802-4b65-b90d-184bca47f458_build_220_0
    method: GET
    uri: https://management.azure.com/subscriptions/00000000-0000-0000-0000-000000000000/resourceGroups/test_network_nic_front_ip000001/providers/Microsoft.Network/networkInterfaces/nic-name?api-version=2022-01-01
  response:
    body:
      string: "{\r\n  \"name\": \"nic-name\",\r\n  \"id\": \"/subscriptions/00000000-0000-0000-0000-000000000000/resourceGroups/test_network_nic_front_ip000001/providers/Microsoft.Network/networkInterfaces/nic-name\",\r\n
        \ \"etag\": \"W/\\\"da0aca64-84b8-4e34-b8ab-c49a40b98951\\\"\",\r\n  \"properties\":
        {\r\n    \"provisioningState\": \"Succeeded\",\r\n    \"resourceGuid\": \"c6272e53-511c-4e9d-842c-c3a24a7d06ea\",\r\n
        \   \"ipConfigurations\": [\r\n      {\r\n        \"name\": \"ipconfig1\",\r\n
        \       \"id\": \"/subscriptions/00000000-0000-0000-0000-000000000000/resourceGroups/test_network_nic_front_ip000001/providers/Microsoft.Network/networkInterfaces/nic-name/ipConfigurations/ipconfig1\",\r\n
        \       \"etag\": \"W/\\\"da0aca64-84b8-4e34-b8ab-c49a40b98951\\\"\",\r\n
        \       \"type\": \"Microsoft.Network/networkInterfaces/ipConfigurations\",\r\n
        \       \"properties\": {\r\n          \"provisioningState\": \"Succeeded\",\r\n
        \         \"privateIPAddress\": \"10.0.0.4\",\r\n          \"privateIPAllocationMethod\":
        \"Dynamic\",\r\n          \"publicIPAddress\": {\r\n            \"id\": \"/subscriptions/00000000-0000-0000-0000-000000000000/resourceGroups/test_network_nic_front_ip000001/providers/Microsoft.Network/publicIPAddresses/public-ip\"\r\n
        \         },\r\n          \"subnet\": {\r\n            \"id\": \"/subscriptions/00000000-0000-0000-0000-000000000000/resourceGroups/test_network_nic_front_ip000001/providers/Microsoft.Network/virtualNetworks/vnet/subnets/subnet\"\r\n
        \         },\r\n          \"primary\": true,\r\n          \"privateIPAddressVersion\":
        \"IPv4\"\r\n        }\r\n      }\r\n    ],\r\n    \"dnsSettings\": {\r\n      \"dnsServers\":
        [],\r\n      \"appliedDnsServers\": [],\r\n      \"internalDomainNameSuffix\":
        \"jbdu3gax3e3uzlnj2zlbjyi0ob.cbnx.internal.cloudapp.net\"\r\n    },\r\n    \"vnetEncryptionSupported\":
        false,\r\n    \"enableIPForwarding\": false,\r\n    \"hostedWorkloads\": [],\r\n
        \   \"tapConfigurations\": [],\r\n    \"nicType\": \"Standard\",\r\n    \"allowPort25Out\":
        true\r\n  },\r\n  \"type\": \"Microsoft.Network/networkInterfaces\",\r\n  \"location\":
        \"eastus2euap\",\r\n  \"kind\": \"Regular\"\r\n}"
    headers:
      cache-control:
      - no-cache
      content-length:
      - '1950'
      content-type:
      - application/json; charset=utf-8
      date:
      - Sun, 29 Jan 2023 06:02:44 GMT
      etag:
      - W/"da0aca64-84b8-4e34-b8ab-c49a40b98951"
      expires:
      - '-1'
      pragma:
      - no-cache
      server:
      - Microsoft-HTTPAPI/2.0
      - Microsoft-HTTPAPI/2.0
      strict-transport-security:
      - max-age=31536000; includeSubDomains
      transfer-encoding:
      - chunked
      vary:
      - Accept-Encoding
      x-content-type-options:
      - nosniff
      x-ms-arm-service-request-id:
      - b3ede4f9-ce11-47b7-ba94-ca8acd4e68e1
    status:
      code: 200
      message: ''
- request:
    body: '{"id": "/subscriptions/00000000-0000-0000-0000-000000000000/resourceGroups/test_network_nic_front_ip000001/providers/Microsoft.Network/networkInterfaces/nic-name",
      "location": "eastus2euap", "properties": {"ipConfigurations": [{"id": "/subscriptions/00000000-0000-0000-0000-000000000000/resourceGroups/test_network_nic_front_ip000001/providers/Microsoft.Network/networkInterfaces/nic-name/ipConfigurations/ipconfig1",
      "name": "ipconfig1", "type": "Microsoft.Network/networkInterfaces/ipConfigurations",
      "properties": {"privateIPAddress": "10.0.0.4", "privateIPAllocationMethod":
      "Dynamic", "privateIPAddressVersion": "IPv4", "subnet": {"id": "/subscriptions/00000000-0000-0000-0000-000000000000/resourceGroups/test_network_nic_front_ip000001/providers/Microsoft.Network/virtualNetworks/vnet/subnets/subnet"},
      "primary": false, "publicIPAddress": {"id": "/subscriptions/00000000-0000-0000-0000-000000000000/resourceGroups/test_network_nic_front_ip000001/providers/Microsoft.Network/publicIPAddresses/public-ip"}}},
      {"name": "nic-ip-config-name", "properties": {"privateIPAllocationMethod": "Dynamic",
      "privateIPAddressVersion": "IPv4", "subnet": {"id": "/subscriptions/00000000-0000-0000-0000-000000000000/resourceGroups/test_network_nic_front_ip000001/providers/Microsoft.Network/virtualNetworks/vnet/subnets/subnet",
      "properties": {"privateEndpointNetworkPolicies": "Disabled", "privateLinkServiceNetworkPolicies":
      "Enabled"}}, "primary": true, "publicIPAddress": {"id": "/subscriptions/00000000-0000-0000-0000-000000000000/resourceGroups/test_network_nic_front_ip000001/providers/Microsoft.Network/publicIPAddresses/public-ip1"}}}],
      "dnsSettings": {"dnsServers": []}, "enableIPForwarding": false, "nicType": "Standard"}}'
    headers:
      Accept:
      - application/json
      Accept-Encoding:
      - gzip, deflate
      CommandName:
      - network nic ip-config create
      Connection:
      - keep-alive
      Content-Length:
      - '1722'
      Content-Type:
      - application/json
      ParameterSetName:
      - -g --nic-name -n --make-primary --public-ip-address
      User-Agent:
      - AZURECLI/2.44.1 azsdk-python-azure-mgmt-network/21.0.1 Python/3.10.9 (Linux-5.15.0-1031-azure-x86_64-with-glibc2.31)
        VSTS_7b238909-6802-4b65-b90d-184bca47f458_build_220_0
    method: PUT
    uri: https://management.azure.com/subscriptions/00000000-0000-0000-0000-000000000000/resourceGroups/test_network_nic_front_ip000001/providers/Microsoft.Network/networkInterfaces/nic-name?api-version=2022-01-01
  response:
    body:
      string: "{\r\n  \"name\": \"nic-name\",\r\n  \"id\": \"/subscriptions/00000000-0000-0000-0000-000000000000/resourceGroups/test_network_nic_front_ip000001/providers/Microsoft.Network/networkInterfaces/nic-name\",\r\n
        \ \"etag\": \"W/\\\"50610aee-aa96-4129-9672-9b40527fa2ce\\\"\",\r\n  \"properties\":
        {\r\n    \"provisioningState\": \"Succeeded\",\r\n    \"resourceGuid\": \"c6272e53-511c-4e9d-842c-c3a24a7d06ea\",\r\n
        \   \"ipConfigurations\": [\r\n      {\r\n        \"name\": \"nic-ip-config-name\",\r\n
        \       \"id\": \"/subscriptions/00000000-0000-0000-0000-000000000000/resourceGroups/test_network_nic_front_ip000001/providers/Microsoft.Network/networkInterfaces/nic-name/ipConfigurations/nic-ip-config-name\",\r\n
        \       \"etag\": \"W/\\\"50610aee-aa96-4129-9672-9b40527fa2ce\\\"\",\r\n
        \       \"type\": \"Microsoft.Network/networkInterfaces/ipConfigurations\",\r\n
        \       \"properties\": {\r\n          \"provisioningState\": \"Succeeded\",\r\n
        \         \"privateIPAddress\": \"10.0.0.5\",\r\n          \"privateIPAllocationMethod\":
        \"Dynamic\",\r\n          \"publicIPAddress\": {\r\n            \"id\": \"/subscriptions/00000000-0000-0000-0000-000000000000/resourceGroups/test_network_nic_front_ip000001/providers/Microsoft.Network/publicIPAddresses/public-ip1\"\r\n
        \         },\r\n          \"subnet\": {\r\n            \"id\": \"/subscriptions/00000000-0000-0000-0000-000000000000/resourceGroups/test_network_nic_front_ip000001/providers/Microsoft.Network/virtualNetworks/vnet/subnets/subnet\"\r\n
        \         },\r\n          \"primary\": true,\r\n          \"privateIPAddressVersion\":
        \"IPv4\"\r\n        }\r\n      },\r\n      {\r\n        \"name\": \"ipconfig1\",\r\n
        \       \"id\": \"/subscriptions/00000000-0000-0000-0000-000000000000/resourceGroups/test_network_nic_front_ip000001/providers/Microsoft.Network/networkInterfaces/nic-name/ipConfigurations/ipconfig1\",\r\n
        \       \"etag\": \"W/\\\"50610aee-aa96-4129-9672-9b40527fa2ce\\\"\",\r\n
        \       \"type\": \"Microsoft.Network/networkInterfaces/ipConfigurations\",\r\n
        \       \"properties\": {\r\n          \"provisioningState\": \"Succeeded\",\r\n
        \         \"privateIPAddress\": \"10.0.0.4\",\r\n          \"privateIPAllocationMethod\":
        \"Dynamic\",\r\n          \"publicIPAddress\": {\r\n            \"id\": \"/subscriptions/00000000-0000-0000-0000-000000000000/resourceGroups/test_network_nic_front_ip000001/providers/Microsoft.Network/publicIPAddresses/public-ip\"\r\n
        \         },\r\n          \"subnet\": {\r\n            \"id\": \"/subscriptions/00000000-0000-0000-0000-000000000000/resourceGroups/test_network_nic_front_ip000001/providers/Microsoft.Network/virtualNetworks/vnet/subnets/subnet\"\r\n
        \         },\r\n          \"primary\": false,\r\n          \"privateIPAddressVersion\":
        \"IPv4\"\r\n        }\r\n      }\r\n    ],\r\n    \"dnsSettings\": {\r\n      \"dnsServers\":
        [],\r\n      \"appliedDnsServers\": [],\r\n      \"internalDomainNameSuffix\":
        \"jbdu3gax3e3uzlnj2zlbjyi0ob.cbnx.internal.cloudapp.net\"\r\n    },\r\n    \"vnetEncryptionSupported\":
        false,\r\n    \"enableIPForwarding\": false,\r\n    \"hostedWorkloads\": [],\r\n
        \   \"tapConfigurations\": [],\r\n    \"nicType\": \"Standard\",\r\n    \"allowPort25Out\":
        true\r\n  },\r\n  \"type\": \"Microsoft.Network/networkInterfaces\",\r\n  \"location\":
        \"eastus2euap\",\r\n  \"kind\": \"Regular\"\r\n}"
    headers:
      azure-asyncnotification:
      - Enabled
      azure-asyncoperation:
      - https://management.azure.com/subscriptions/00000000-0000-0000-0000-000000000000/providers/Microsoft.Network/locations/eastus2euap/operations/cbc6ef8d-ced8-480c-a941-7a04cd1bb986?api-version=2022-01-01
      cache-control:
      - no-cache
      content-length:
      - '3045'
      content-type:
      - application/json; charset=utf-8
      date:
      - Sun, 29 Jan 2023 06:02:44 GMT
      expires:
      - '-1'
      pragma:
      - no-cache
      server:
      - Microsoft-HTTPAPI/2.0
      - Microsoft-HTTPAPI/2.0
      strict-transport-security:
      - max-age=31536000; includeSubDomains
      transfer-encoding:
      - chunked
      vary:
      - Accept-Encoding
      x-content-type-options:
      - nosniff
      x-ms-arm-service-request-id:
      - cc68b0de-ee22-43d0-9f08-b5c5efdcf380
      x-ms-ratelimit-remaining-subscription-writes:
      - '1199'
    status:
      code: 200
      message: ''
- request:
    body: null
    headers:
      Accept:
      - '*/*'
      Accept-Encoding:
      - gzip, deflate
      CommandName:
      - network nic ip-config create
      Connection:
      - keep-alive
      ParameterSetName:
      - -g --nic-name -n --make-primary --public-ip-address
      User-Agent:
      - AZURECLI/2.44.1 azsdk-python-azure-mgmt-network/21.0.1 Python/3.10.9 (Linux-5.15.0-1031-azure-x86_64-with-glibc2.31)
        VSTS_7b238909-6802-4b65-b90d-184bca47f458_build_220_0
    method: GET
    uri: https://management.azure.com/subscriptions/00000000-0000-0000-0000-000000000000/providers/Microsoft.Network/locations/eastus2euap/operations/cbc6ef8d-ced8-480c-a941-7a04cd1bb986?api-version=2022-01-01
  response:
    body:
      string: "{\r\n  \"status\": \"Succeeded\"\r\n}"
    headers:
      cache-control:
      - no-cache
      content-length:
      - '29'
      content-type:
      - application/json; charset=utf-8
      date:
      - Sun, 29 Jan 2023 06:03:15 GMT
      expires:
      - '-1'
      pragma:
      - no-cache
      server:
      - Microsoft-HTTPAPI/2.0
      - Microsoft-HTTPAPI/2.0
      strict-transport-security:
      - max-age=31536000; includeSubDomains
      transfer-encoding:
      - chunked
      vary:
      - Accept-Encoding
      x-content-type-options:
      - nosniff
      x-ms-arm-service-request-id:
      - 04e3027b-9070-4cf3-adfa-34f68bd4767a
    status:
      code: 200
      message: ''
- request:
    body: null
    headers:
      Accept:
      - '*/*'
      Accept-Encoding:
      - gzip, deflate
      CommandName:
      - network nic ip-config create
      Connection:
      - keep-alive
      ParameterSetName:
      - -g --nic-name -n --make-primary --public-ip-address
      User-Agent:
      - AZURECLI/2.44.1 azsdk-python-azure-mgmt-network/21.0.1 Python/3.10.9 (Linux-5.15.0-1031-azure-x86_64-with-glibc2.31)
        VSTS_7b238909-6802-4b65-b90d-184bca47f458_build_220_0
    method: GET
    uri: https://management.azure.com/subscriptions/00000000-0000-0000-0000-000000000000/resourceGroups/test_network_nic_front_ip000001/providers/Microsoft.Network/networkInterfaces/nic-name?api-version=2022-01-01
  response:
    body:
      string: "{\r\n  \"name\": \"nic-name\",\r\n  \"id\": \"/subscriptions/00000000-0000-0000-0000-000000000000/resourceGroups/test_network_nic_front_ip000001/providers/Microsoft.Network/networkInterfaces/nic-name\",\r\n
        \ \"etag\": \"W/\\\"50610aee-aa96-4129-9672-9b40527fa2ce\\\"\",\r\n  \"properties\":
        {\r\n    \"provisioningState\": \"Succeeded\",\r\n    \"resourceGuid\": \"c6272e53-511c-4e9d-842c-c3a24a7d06ea\",\r\n
        \   \"ipConfigurations\": [\r\n      {\r\n        \"name\": \"nic-ip-config-name\",\r\n
        \       \"id\": \"/subscriptions/00000000-0000-0000-0000-000000000000/resourceGroups/test_network_nic_front_ip000001/providers/Microsoft.Network/networkInterfaces/nic-name/ipConfigurations/nic-ip-config-name\",\r\n
        \       \"etag\": \"W/\\\"50610aee-aa96-4129-9672-9b40527fa2ce\\\"\",\r\n
        \       \"type\": \"Microsoft.Network/networkInterfaces/ipConfigurations\",\r\n
        \       \"properties\": {\r\n          \"provisioningState\": \"Succeeded\",\r\n
        \         \"privateIPAddress\": \"10.0.0.5\",\r\n          \"privateIPAllocationMethod\":
        \"Dynamic\",\r\n          \"publicIPAddress\": {\r\n            \"id\": \"/subscriptions/00000000-0000-0000-0000-000000000000/resourceGroups/test_network_nic_front_ip000001/providers/Microsoft.Network/publicIPAddresses/public-ip1\"\r\n
        \         },\r\n          \"subnet\": {\r\n            \"id\": \"/subscriptions/00000000-0000-0000-0000-000000000000/resourceGroups/test_network_nic_front_ip000001/providers/Microsoft.Network/virtualNetworks/vnet/subnets/subnet\"\r\n
        \         },\r\n          \"primary\": true,\r\n          \"privateIPAddressVersion\":
        \"IPv4\"\r\n        }\r\n      },\r\n      {\r\n        \"name\": \"ipconfig1\",\r\n
        \       \"id\": \"/subscriptions/00000000-0000-0000-0000-000000000000/resourceGroups/test_network_nic_front_ip000001/providers/Microsoft.Network/networkInterfaces/nic-name/ipConfigurations/ipconfig1\",\r\n
        \       \"etag\": \"W/\\\"50610aee-aa96-4129-9672-9b40527fa2ce\\\"\",\r\n
        \       \"type\": \"Microsoft.Network/networkInterfaces/ipConfigurations\",\r\n
        \       \"properties\": {\r\n          \"provisioningState\": \"Succeeded\",\r\n
        \         \"privateIPAddress\": \"10.0.0.4\",\r\n          \"privateIPAllocationMethod\":
        \"Dynamic\",\r\n          \"publicIPAddress\": {\r\n            \"id\": \"/subscriptions/00000000-0000-0000-0000-000000000000/resourceGroups/test_network_nic_front_ip000001/providers/Microsoft.Network/publicIPAddresses/public-ip\"\r\n
        \         },\r\n          \"subnet\": {\r\n            \"id\": \"/subscriptions/00000000-0000-0000-0000-000000000000/resourceGroups/test_network_nic_front_ip000001/providers/Microsoft.Network/virtualNetworks/vnet/subnets/subnet\"\r\n
        \         },\r\n          \"primary\": false,\r\n          \"privateIPAddressVersion\":
        \"IPv4\"\r\n        }\r\n      }\r\n    ],\r\n    \"dnsSettings\": {\r\n      \"dnsServers\":
        [],\r\n      \"appliedDnsServers\": [],\r\n      \"internalDomainNameSuffix\":
        \"jbdu3gax3e3uzlnj2zlbjyi0ob.cbnx.internal.cloudapp.net\"\r\n    },\r\n    \"vnetEncryptionSupported\":
        false,\r\n    \"enableIPForwarding\": false,\r\n    \"hostedWorkloads\": [],\r\n
        \   \"tapConfigurations\": [],\r\n    \"nicType\": \"Standard\",\r\n    \"allowPort25Out\":
        true\r\n  },\r\n  \"type\": \"Microsoft.Network/networkInterfaces\",\r\n  \"location\":
        \"eastus2euap\",\r\n  \"kind\": \"Regular\"\r\n}"
    headers:
      cache-control:
      - no-cache
      content-length:
      - '3045'
      content-type:
      - application/json; charset=utf-8
      date:
      - Sun, 29 Jan 2023 06:03:15 GMT
      etag:
      - W/"50610aee-aa96-4129-9672-9b40527fa2ce"
      expires:
      - '-1'
      pragma:
      - no-cache
      server:
      - Microsoft-HTTPAPI/2.0
      - Microsoft-HTTPAPI/2.0
      strict-transport-security:
      - max-age=31536000; includeSubDomains
      transfer-encoding:
      - chunked
      vary:
      - Accept-Encoding
      x-content-type-options:
      - nosniff
      x-ms-arm-service-request-id:
      - c77bf9fa-bd86-4c18-b919-df7f9c615013
    status:
      code: 200
      message: ''
- request:
    body: null
    headers:
      Accept:
      - application/json
      Accept-Encoding:
      - gzip, deflate
      CommandName:
      - network nic ip-config update
      Connection:
      - keep-alive
      ParameterSetName:
      - -g --nic-name -n --gateway-lb
      User-Agent:
      - AZURECLI/2.44.1 azsdk-python-azure-mgmt-network/21.0.1 Python/3.10.9 (Linux-5.15.0-1031-azure-x86_64-with-glibc2.31)
        VSTS_7b238909-6802-4b65-b90d-184bca47f458_build_220_0
    method: GET
    uri: https://management.azure.com/subscriptions/00000000-0000-0000-0000-000000000000/resourceGroups/test_network_nic_front_ip000001/providers/Microsoft.Network/networkInterfaces/nic-name?api-version=2022-01-01
  response:
    body:
      string: "{\r\n  \"name\": \"nic-name\",\r\n  \"id\": \"/subscriptions/00000000-0000-0000-0000-000000000000/resourceGroups/test_network_nic_front_ip000001/providers/Microsoft.Network/networkInterfaces/nic-name\",\r\n
        \ \"etag\": \"W/\\\"50610aee-aa96-4129-9672-9b40527fa2ce\\\"\",\r\n  \"properties\":
        {\r\n    \"provisioningState\": \"Succeeded\",\r\n    \"resourceGuid\": \"c6272e53-511c-4e9d-842c-c3a24a7d06ea\",\r\n
        \   \"ipConfigurations\": [\r\n      {\r\n        \"name\": \"nic-ip-config-name\",\r\n
        \       \"id\": \"/subscriptions/00000000-0000-0000-0000-000000000000/resourceGroups/test_network_nic_front_ip000001/providers/Microsoft.Network/networkInterfaces/nic-name/ipConfigurations/nic-ip-config-name\",\r\n
        \       \"etag\": \"W/\\\"50610aee-aa96-4129-9672-9b40527fa2ce\\\"\",\r\n
        \       \"type\": \"Microsoft.Network/networkInterfaces/ipConfigurations\",\r\n
        \       \"properties\": {\r\n          \"provisioningState\": \"Succeeded\",\r\n
        \         \"privateIPAddress\": \"10.0.0.5\",\r\n          \"privateIPAllocationMethod\":
        \"Dynamic\",\r\n          \"publicIPAddress\": {\r\n            \"id\": \"/subscriptions/00000000-0000-0000-0000-000000000000/resourceGroups/test_network_nic_front_ip000001/providers/Microsoft.Network/publicIPAddresses/public-ip1\"\r\n
        \         },\r\n          \"subnet\": {\r\n            \"id\": \"/subscriptions/00000000-0000-0000-0000-000000000000/resourceGroups/test_network_nic_front_ip000001/providers/Microsoft.Network/virtualNetworks/vnet/subnets/subnet\"\r\n
        \         },\r\n          \"primary\": true,\r\n          \"privateIPAddressVersion\":
        \"IPv4\"\r\n        }\r\n      },\r\n      {\r\n        \"name\": \"ipconfig1\",\r\n
        \       \"id\": \"/subscriptions/00000000-0000-0000-0000-000000000000/resourceGroups/test_network_nic_front_ip000001/providers/Microsoft.Network/networkInterfaces/nic-name/ipConfigurations/ipconfig1\",\r\n
        \       \"etag\": \"W/\\\"50610aee-aa96-4129-9672-9b40527fa2ce\\\"\",\r\n
        \       \"type\": \"Microsoft.Network/networkInterfaces/ipConfigurations\",\r\n
        \       \"properties\": {\r\n          \"provisioningState\": \"Succeeded\",\r\n
        \         \"privateIPAddress\": \"10.0.0.4\",\r\n          \"privateIPAllocationMethod\":
        \"Dynamic\",\r\n          \"publicIPAddress\": {\r\n            \"id\": \"/subscriptions/00000000-0000-0000-0000-000000000000/resourceGroups/test_network_nic_front_ip000001/providers/Microsoft.Network/publicIPAddresses/public-ip\"\r\n
        \         },\r\n          \"subnet\": {\r\n            \"id\": \"/subscriptions/00000000-0000-0000-0000-000000000000/resourceGroups/test_network_nic_front_ip000001/providers/Microsoft.Network/virtualNetworks/vnet/subnets/subnet\"\r\n
        \         },\r\n          \"primary\": false,\r\n          \"privateIPAddressVersion\":
        \"IPv4\"\r\n        }\r\n      }\r\n    ],\r\n    \"dnsSettings\": {\r\n      \"dnsServers\":
        [],\r\n      \"appliedDnsServers\": [],\r\n      \"internalDomainNameSuffix\":
        \"jbdu3gax3e3uzlnj2zlbjyi0ob.cbnx.internal.cloudapp.net\"\r\n    },\r\n    \"vnetEncryptionSupported\":
        false,\r\n    \"enableIPForwarding\": false,\r\n    \"hostedWorkloads\": [],\r\n
        \   \"tapConfigurations\": [],\r\n    \"nicType\": \"Standard\",\r\n    \"allowPort25Out\":
        true\r\n  },\r\n  \"type\": \"Microsoft.Network/networkInterfaces\",\r\n  \"location\":
        \"eastus2euap\",\r\n  \"kind\": \"Regular\"\r\n}"
    headers:
      cache-control:
      - no-cache
      content-length:
      - '3045'
      content-type:
      - application/json; charset=utf-8
      date:
      - Sun, 29 Jan 2023 06:03:15 GMT
      etag:
      - W/"50610aee-aa96-4129-9672-9b40527fa2ce"
      expires:
      - '-1'
      pragma:
      - no-cache
      server:
      - Microsoft-HTTPAPI/2.0
      - Microsoft-HTTPAPI/2.0
      strict-transport-security:
      - max-age=31536000; includeSubDomains
      transfer-encoding:
      - chunked
      vary:
      - Accept-Encoding
      x-content-type-options:
      - nosniff
      x-ms-arm-service-request-id:
      - bdf07b44-a194-4345-982a-d5e3bda85ce4
    status:
      code: 200
      message: OK
- request:
    body: '{"id": "/subscriptions/00000000-0000-0000-0000-000000000000/resourceGroups/test_network_nic_front_ip000001/providers/Microsoft.Network/networkInterfaces/nic-name",
      "location": "eastus2euap", "properties": {"ipConfigurations": [{"id": "/subscriptions/00000000-0000-0000-0000-000000000000/resourceGroups/test_network_nic_front_ip000001/providers/Microsoft.Network/networkInterfaces/nic-name/ipConfigurations/nic-ip-config-name",
      "name": "nic-ip-config-name", "type": "Microsoft.Network/networkInterfaces/ipConfigurations",
      "properties": {"gatewayLoadBalancer": {"id": "/subscriptions/00000000-0000-0000-0000-000000000000/resourceGroups/test_network_nic_front_ip000001/providers/Microsoft.Network/loadBalancers/lb/frontendIPConfigurations/load-balancer-frontend-end"},
      "privateIPAddress": "10.0.0.5", "privateIPAllocationMethod": "Dynamic", "privateIPAddressVersion":
      "IPv4", "subnet": {"id": "/subscriptions/00000000-0000-0000-0000-000000000000/resourceGroups/test_network_nic_front_ip000001/providers/Microsoft.Network/virtualNetworks/vnet/subnets/subnet"},
      "primary": true, "publicIPAddress": {"id": "/subscriptions/00000000-0000-0000-0000-000000000000/resourceGroups/test_network_nic_front_ip000001/providers/Microsoft.Network/publicIPAddresses/public-ip1"}}},
      {"id": "/subscriptions/00000000-0000-0000-0000-000000000000/resourceGroups/test_network_nic_front_ip000001/providers/Microsoft.Network/networkInterfaces/nic-name/ipConfigurations/ipconfig1",
      "name": "ipconfig1", "type": "Microsoft.Network/networkInterfaces/ipConfigurations",
      "properties": {"privateIPAddress": "10.0.0.4", "privateIPAllocationMethod":
      "Dynamic", "privateIPAddressVersion": "IPv4", "subnet": {"id": "/subscriptions/00000000-0000-0000-0000-000000000000/resourceGroups/test_network_nic_front_ip000001/providers/Microsoft.Network/virtualNetworks/vnet/subnets/subnet"},
      "primary": false, "publicIPAddress": {"id": "/subscriptions/00000000-0000-0000-0000-000000000000/resourceGroups/test_network_nic_front_ip000001/providers/Microsoft.Network/publicIPAddresses/public-ip"}}}],
      "dnsSettings": {"dnsServers": []}, "enableIPForwarding": false, "nicType": "Standard"}}'
    headers:
      Accept:
      - application/json
      Accept-Encoding:
      - gzip, deflate
      CommandName:
      - network nic ip-config update
      Connection:
      - keep-alive
      Content-Length:
      - '2137'
      Content-Type:
      - application/json
      ParameterSetName:
      - -g --nic-name -n --gateway-lb
      User-Agent:
      - AZURECLI/2.44.1 azsdk-python-azure-mgmt-network/21.0.1 Python/3.10.9 (Linux-5.15.0-1031-azure-x86_64-with-glibc2.31)
        VSTS_7b238909-6802-4b65-b90d-184bca47f458_build_220_0
    method: PUT
    uri: https://management.azure.com/subscriptions/00000000-0000-0000-0000-000000000000/resourceGroups/test_network_nic_front_ip000001/providers/Microsoft.Network/networkInterfaces/nic-name?api-version=2022-01-01
  response:
    body:
      string: "{\r\n  \"name\": \"nic-name\",\r\n  \"id\": \"/subscriptions/00000000-0000-0000-0000-000000000000/resourceGroups/test_network_nic_front_ip000001/providers/Microsoft.Network/networkInterfaces/nic-name\",\r\n
        \ \"etag\": \"W/\\\"b08fa835-622b-4d9a-97c4-7c029faa8216\\\"\",\r\n  \"properties\":
        {\r\n    \"provisioningState\": \"Succeeded\",\r\n    \"resourceGuid\": \"c6272e53-511c-4e9d-842c-c3a24a7d06ea\",\r\n
        \   \"ipConfigurations\": [\r\n      {\r\n        \"name\": \"nic-ip-config-name\",\r\n
        \       \"id\": \"/subscriptions/00000000-0000-0000-0000-000000000000/resourceGroups/test_network_nic_front_ip000001/providers/Microsoft.Network/networkInterfaces/nic-name/ipConfigurations/nic-ip-config-name\",\r\n
        \       \"etag\": \"W/\\\"b08fa835-622b-4d9a-97c4-7c029faa8216\\\"\",\r\n
        \       \"type\": \"Microsoft.Network/networkInterfaces/ipConfigurations\",\r\n
        \       \"properties\": {\r\n          \"provisioningState\": \"Succeeded\",\r\n
        \         \"privateIPAddress\": \"10.0.0.5\",\r\n          \"privateIPAllocationMethod\":
        \"Dynamic\",\r\n          \"publicIPAddress\": {\r\n            \"id\": \"/subscriptions/00000000-0000-0000-0000-000000000000/resourceGroups/test_network_nic_front_ip000001/providers/Microsoft.Network/publicIPAddresses/public-ip1\"\r\n
        \         },\r\n          \"subnet\": {\r\n            \"id\": \"/subscriptions/00000000-0000-0000-0000-000000000000/resourceGroups/test_network_nic_front_ip000001/providers/Microsoft.Network/virtualNetworks/vnet/subnets/subnet\"\r\n
        \         },\r\n          \"primary\": true,\r\n          \"privateIPAddressVersion\":
        \"IPv4\",\r\n          \"gatewayLoadBalancer\": {\r\n            \"id\": \"/subscriptions/00000000-0000-0000-0000-000000000000/resourceGroups/test_network_nic_front_ip000001/providers/Microsoft.Network/loadBalancers/lb/frontendIPConfigurations/load-balancer-frontend-end\"\r\n
        \         }\r\n        }\r\n      },\r\n      {\r\n        \"name\": \"ipconfig1\",\r\n
        \       \"id\": \"/subscriptions/00000000-0000-0000-0000-000000000000/resourceGroups/test_network_nic_front_ip000001/providers/Microsoft.Network/networkInterfaces/nic-name/ipConfigurations/ipconfig1\",\r\n
        \       \"etag\": \"W/\\\"b08fa835-622b-4d9a-97c4-7c029faa8216\\\"\",\r\n
        \       \"type\": \"Microsoft.Network/networkInterfaces/ipConfigurations\",\r\n
        \       \"properties\": {\r\n          \"provisioningState\": \"Succeeded\",\r\n
        \         \"privateIPAddress\": \"10.0.0.4\",\r\n          \"privateIPAllocationMethod\":
        \"Dynamic\",\r\n          \"publicIPAddress\": {\r\n            \"id\": \"/subscriptions/00000000-0000-0000-0000-000000000000/resourceGroups/test_network_nic_front_ip000001/providers/Microsoft.Network/publicIPAddresses/public-ip\"\r\n
        \         },\r\n          \"subnet\": {\r\n            \"id\": \"/subscriptions/00000000-0000-0000-0000-000000000000/resourceGroups/test_network_nic_front_ip000001/providers/Microsoft.Network/virtualNetworks/vnet/subnets/subnet\"\r\n
        \         },\r\n          \"primary\": false,\r\n          \"privateIPAddressVersion\":
        \"IPv4\"\r\n        }\r\n      }\r\n    ],\r\n    \"dnsSettings\": {\r\n      \"dnsServers\":
        [],\r\n      \"appliedDnsServers\": [],\r\n      \"internalDomainNameSuffix\":
        \"jbdu3gax3e3uzlnj2zlbjyi0ob.cbnx.internal.cloudapp.net\"\r\n    },\r\n    \"vnetEncryptionSupported\":
        false,\r\n    \"enableIPForwarding\": false,\r\n    \"hostedWorkloads\": [],\r\n
        \   \"tapConfigurations\": [],\r\n    \"nicType\": \"Standard\",\r\n    \"allowPort25Out\":
        true\r\n  },\r\n  \"type\": \"Microsoft.Network/networkInterfaces\",\r\n  \"location\":
        \"eastus2euap\",\r\n  \"kind\": \"Regular\"\r\n}"
    headers:
      azure-asyncnotification:
      - Enabled
      azure-asyncoperation:
      - https://management.azure.com/subscriptions/00000000-0000-0000-0000-000000000000/providers/Microsoft.Network/locations/eastus2euap/operations/5cd9f47c-4929-4b62-998e-cca9369beae8?api-version=2022-01-01
      cache-control:
      - no-cache
      content-length:
      - '3312'
      content-type:
      - application/json; charset=utf-8
      date:
      - Sun, 29 Jan 2023 06:03:15 GMT
      expires:
      - '-1'
      pragma:
      - no-cache
      server:
      - Microsoft-HTTPAPI/2.0
      - Microsoft-HTTPAPI/2.0
      strict-transport-security:
      - max-age=31536000; includeSubDomains
      x-content-type-options:
      - nosniff
      x-ms-arm-service-request-id:
      - 9d18bca3-acce-496a-a75d-5274454e2288
      x-ms-ratelimit-remaining-subscription-writes:
      - '1199'
    status:
      code: 200
      message: ''
- request:
    body: null
    headers:
      Accept:
      - '*/*'
      Accept-Encoding:
      - gzip, deflate
      CommandName:
      - network nic ip-config update
      Connection:
      - keep-alive
      ParameterSetName:
      - -g --nic-name -n --gateway-lb
      User-Agent:
      - AZURECLI/2.44.1 azsdk-python-azure-mgmt-network/21.0.1 Python/3.10.9 (Linux-5.15.0-1031-azure-x86_64-with-glibc2.31)
        VSTS_7b238909-6802-4b65-b90d-184bca47f458_build_220_0
    method: GET
    uri: https://management.azure.com/subscriptions/00000000-0000-0000-0000-000000000000/providers/Microsoft.Network/locations/eastus2euap/operations/5cd9f47c-4929-4b62-998e-cca9369beae8?api-version=2022-01-01
  response:
    body:
      string: "{\r\n  \"status\": \"Succeeded\"\r\n}"
    headers:
      cache-control:
      - no-cache
      content-length:
      - '29'
      content-type:
      - application/json; charset=utf-8
      date:
      - Sun, 29 Jan 2023 06:03:46 GMT
      expires:
      - '-1'
      pragma:
      - no-cache
      server:
      - Microsoft-HTTPAPI/2.0
      - Microsoft-HTTPAPI/2.0
      strict-transport-security:
      - max-age=31536000; includeSubDomains
      x-content-type-options:
      - nosniff
      x-ms-arm-service-request-id:
      - 92589420-e364-429b-8ada-25ff998f15ee
    status:
      code: 200
      message: ''
- request:
    body: null
    headers:
      Accept:
      - '*/*'
      Accept-Encoding:
      - gzip, deflate
      CommandName:
      - network nic ip-config update
      Connection:
      - keep-alive
      ParameterSetName:
      - -g --nic-name -n --gateway-lb
      User-Agent:
      - AZURECLI/2.44.1 azsdk-python-azure-mgmt-network/21.0.1 Python/3.10.9 (Linux-5.15.0-1031-azure-x86_64-with-glibc2.31)
        VSTS_7b238909-6802-4b65-b90d-184bca47f458_build_220_0
    method: GET
    uri: https://management.azure.com/subscriptions/00000000-0000-0000-0000-000000000000/resourceGroups/test_network_nic_front_ip000001/providers/Microsoft.Network/networkInterfaces/nic-name?api-version=2022-01-01
  response:
    body:
      string: "{\r\n  \"name\": \"nic-name\",\r\n  \"id\": \"/subscriptions/00000000-0000-0000-0000-000000000000/resourceGroups/test_network_nic_front_ip000001/providers/Microsoft.Network/networkInterfaces/nic-name\",\r\n
        \ \"etag\": \"W/\\\"b08fa835-622b-4d9a-97c4-7c029faa8216\\\"\",\r\n  \"properties\":
        {\r\n    \"provisioningState\": \"Succeeded\",\r\n    \"resourceGuid\": \"c6272e53-511c-4e9d-842c-c3a24a7d06ea\",\r\n
        \   \"ipConfigurations\": [\r\n      {\r\n        \"name\": \"nic-ip-config-name\",\r\n
        \       \"id\": \"/subscriptions/00000000-0000-0000-0000-000000000000/resourceGroups/test_network_nic_front_ip000001/providers/Microsoft.Network/networkInterfaces/nic-name/ipConfigurations/nic-ip-config-name\",\r\n
        \       \"etag\": \"W/\\\"b08fa835-622b-4d9a-97c4-7c029faa8216\\\"\",\r\n
        \       \"type\": \"Microsoft.Network/networkInterfaces/ipConfigurations\",\r\n
        \       \"properties\": {\r\n          \"provisioningState\": \"Succeeded\",\r\n
        \         \"privateIPAddress\": \"10.0.0.5\",\r\n          \"privateIPAllocationMethod\":
        \"Dynamic\",\r\n          \"publicIPAddress\": {\r\n            \"id\": \"/subscriptions/00000000-0000-0000-0000-000000000000/resourceGroups/test_network_nic_front_ip000001/providers/Microsoft.Network/publicIPAddresses/public-ip1\"\r\n
        \         },\r\n          \"subnet\": {\r\n            \"id\": \"/subscriptions/00000000-0000-0000-0000-000000000000/resourceGroups/test_network_nic_front_ip000001/providers/Microsoft.Network/virtualNetworks/vnet/subnets/subnet\"\r\n
        \         },\r\n          \"primary\": true,\r\n          \"privateIPAddressVersion\":
        \"IPv4\",\r\n          \"gatewayLoadBalancer\": {\r\n            \"id\": \"/subscriptions/00000000-0000-0000-0000-000000000000/resourceGroups/test_network_nic_front_ip000001/providers/Microsoft.Network/loadBalancers/lb/frontendIPConfigurations/load-balancer-frontend-end\"\r\n
        \         }\r\n        }\r\n      },\r\n      {\r\n        \"name\": \"ipconfig1\",\r\n
        \       \"id\": \"/subscriptions/00000000-0000-0000-0000-000000000000/resourceGroups/test_network_nic_front_ip000001/providers/Microsoft.Network/networkInterfaces/nic-name/ipConfigurations/ipconfig1\",\r\n
        \       \"etag\": \"W/\\\"b08fa835-622b-4d9a-97c4-7c029faa8216\\\"\",\r\n
        \       \"type\": \"Microsoft.Network/networkInterfaces/ipConfigurations\",\r\n
        \       \"properties\": {\r\n          \"provisioningState\": \"Succeeded\",\r\n
        \         \"privateIPAddress\": \"10.0.0.4\",\r\n          \"privateIPAllocationMethod\":
        \"Dynamic\",\r\n          \"publicIPAddress\": {\r\n            \"id\": \"/subscriptions/00000000-0000-0000-0000-000000000000/resourceGroups/test_network_nic_front_ip000001/providers/Microsoft.Network/publicIPAddresses/public-ip\"\r\n
        \         },\r\n          \"subnet\": {\r\n            \"id\": \"/subscriptions/00000000-0000-0000-0000-000000000000/resourceGroups/test_network_nic_front_ip000001/providers/Microsoft.Network/virtualNetworks/vnet/subnets/subnet\"\r\n
        \         },\r\n          \"primary\": false,\r\n          \"privateIPAddressVersion\":
        \"IPv4\"\r\n        }\r\n      }\r\n    ],\r\n    \"dnsSettings\": {\r\n      \"dnsServers\":
        [],\r\n      \"appliedDnsServers\": [],\r\n      \"internalDomainNameSuffix\":
        \"jbdu3gax3e3uzlnj2zlbjyi0ob.cbnx.internal.cloudapp.net\"\r\n    },\r\n    \"vnetEncryptionSupported\":
        false,\r\n    \"enableIPForwarding\": false,\r\n    \"hostedWorkloads\": [],\r\n
        \   \"tapConfigurations\": [],\r\n    \"nicType\": \"Standard\",\r\n    \"allowPort25Out\":
        true\r\n  },\r\n  \"type\": \"Microsoft.Network/networkInterfaces\",\r\n  \"location\":
        \"eastus2euap\",\r\n  \"kind\": \"Regular\"\r\n}"
    headers:
      cache-control:
      - no-cache
      content-length:
      - '3312'
      content-type:
      - application/json; charset=utf-8
      date:
      - Sun, 29 Jan 2023 06:03:46 GMT
      etag:
      - W/"b08fa835-622b-4d9a-97c4-7c029faa8216"
      expires:
      - '-1'
      pragma:
      - no-cache
      server:
      - Microsoft-HTTPAPI/2.0
      - Microsoft-HTTPAPI/2.0
      strict-transport-security:
      - max-age=31536000; includeSubDomains
      x-content-type-options:
      - nosniff
      x-ms-arm-service-request-id:
      - 9479db29-bcb4-4d8c-a0a0-941beaf15f05
    status:
      code: 200
      message: ''
version: 1
