interactions:
- request:
    body: null
    headers:
      Accept:
      - application/json
      Accept-Encoding:
      - gzip, deflate
      CommandName:
      - network local-gateway create
      Connection:
      - keep-alive
      ParameterSetName:
      - --resource-group --name --gateway-ip-address --tags
      User-Agent:
      - python/3.7.4 (Windows-10-10.0.18362-SP0) msrest/0.6.10 msrest_azure/0.6.2
        azure-mgmt-resource/4.0.0 Azure-SDK-For-Python AZURECLI/2.0.75
      accept-language:
      - en-US
    method: GET
    uri: https://management.azure.com/subscriptions/00000000-0000-0000-0000-000000000000/resourcegroups/local_gateway_scenario000001?api-version=2019-07-01
  response:
    body:
      string: '{"id":"/subscriptions/00000000-0000-0000-0000-000000000000/resourceGroups/local_gateway_scenario000001","name":"local_gateway_scenario000001","type":"Microsoft.Resources/resourceGroups","location":"westus","tags":{"product":"azurecli","cause":"automation","date":"2019-10-24T07:20:11Z"},"properties":{"provisioningState":"Succeeded"}}'
    headers:
      cache-control:
      - no-cache
      content-length:
      - '428'
      content-type:
      - application/json; charset=utf-8
      date:
      - Thu, 24 Oct 2019 07:20:15 GMT
      expires:
      - '-1'
      pragma:
      - no-cache
      strict-transport-security:
      - max-age=31536000; includeSubDomains
      vary:
      - Accept-Encoding
      x-content-type-options:
      - nosniff
    status:
      code: 200
      message: OK
- request:
    body: '{"location": "westus", "tags": {"foo": "doo"}, "properties": {"localNetworkAddressSpace":
      {"addressPrefixes": []}, "gatewayIpAddress": "10.1.1.1"}}'
    headers:
      Accept:
      - application/json
      Accept-Encoding:
      - gzip, deflate
      CommandName:
      - network local-gateway create
      Connection:
      - keep-alive
      Content-Length:
      - '147'
      Content-Type:
      - application/json; charset=utf-8
      ParameterSetName:
      - --resource-group --name --gateway-ip-address --tags
      User-Agent:
      - python/3.7.4 (Windows-10-10.0.18362-SP0) msrest/0.6.10 msrest_azure/0.6.2
        azure-mgmt-network/7.0.0 Azure-SDK-For-Python AZURECLI/2.0.75
      accept-language:
      - en-US
    method: PUT
    uri: https://management.azure.com/subscriptions/00000000-0000-0000-0000-000000000000/resourceGroups/local_gateway_scenario000001/providers/Microsoft.Network/localNetworkGateways/lgw1?api-version=2019-09-01
  response:
    body:
      string: "{\r\n  \"name\": \"lgw1\",\r\n  \"id\": \"/subscriptions/00000000-0000-0000-0000-000000000000/resourceGroups/local_gateway_scenario000001/providers/Microsoft.Network/localNetworkGateways/lgw1\",\r\n
        \ \"etag\": \"W/\\\"97234c64-8b3f-424c-b4ad-80f0ab68dd45\\\"\",\r\n  \"type\":
        \"Microsoft.Network/localNetworkGateways\",\r\n  \"location\": \"westus\",\r\n
        \ \"tags\": {\r\n    \"foo\": \"doo\"\r\n  },\r\n  \"properties\": {\r\n    \"provisioningState\":
        \"Updating\",\r\n    \"resourceGuid\": \"840dee63-26ff-407e-b111-7fef3ad67af0\",\r\n
        \   \"localNetworkAddressSpace\": {\r\n      \"addressPrefixes\": []\r\n    },\r\n
        \   \"gatewayIpAddress\": \"10.1.1.1\"\r\n  }\r\n}"
    headers:
      azure-asyncoperation:
      - https://management.azure.com/subscriptions/00000000-0000-0000-0000-000000000000/providers/Microsoft.Network/locations/westus/operations/d7539c74-607d-4a6b-b104-2e2c3bba2321?api-version=2019-09-01
      cache-control:
      - no-cache
      content-length:
      - '635'
      content-type:
      - application/json; charset=utf-8
      date:
      - Thu, 24 Oct 2019 07:20:19 GMT
      expires:
      - '-1'
      pragma:
      - no-cache
      server:
      - Microsoft-HTTPAPI/2.0
      - Microsoft-HTTPAPI/2.0
      strict-transport-security:
      - max-age=31536000; includeSubDomains
      x-content-type-options:
      - nosniff
      x-ms-arm-service-request-id:
      - 2778c01d-0e32-4244-86c7-7111adf84d5a
      x-ms-ratelimit-remaining-subscription-writes:
      - '1186'
    status:
      code: 201
      message: Created
- request:
    body: null
    headers:
      Accept:
      - application/json
      Accept-Encoding:
      - gzip, deflate
      CommandName:
      - network local-gateway create
      Connection:
      - keep-alive
      ParameterSetName:
      - --resource-group --name --gateway-ip-address --tags
      User-Agent:
      - python/3.7.4 (Windows-10-10.0.18362-SP0) msrest/0.6.10 msrest_azure/0.6.2
        azure-mgmt-network/7.0.0 Azure-SDK-For-Python AZURECLI/2.0.75
    method: GET
    uri: https://management.azure.com/subscriptions/00000000-0000-0000-0000-000000000000/providers/Microsoft.Network/locations/westus/operations/d7539c74-607d-4a6b-b104-2e2c3bba2321?api-version=2019-09-01
  response:
    body:
      string: "{\r\n  \"status\": \"Succeeded\"\r\n}"
    headers:
      cache-control:
      - no-cache
      content-length:
      - '29'
      content-type:
      - application/json; charset=utf-8
      date:
      - Thu, 24 Oct 2019 07:20:31 GMT
      expires:
      - '-1'
      pragma:
      - no-cache
      server:
      - Microsoft-HTTPAPI/2.0
      - Microsoft-HTTPAPI/2.0
      strict-transport-security:
      - max-age=31536000; includeSubDomains
      transfer-encoding:
      - chunked
      vary:
      - Accept-Encoding
      x-content-type-options:
      - nosniff
      x-ms-arm-service-request-id:
      - cddb12f7-739e-413d-8867-f5ca7015f00f
    status:
      code: 200
      message: OK
- request:
    body: null
    headers:
      Accept:
      - application/json
      Accept-Encoding:
      - gzip, deflate
      CommandName:
      - network local-gateway create
      Connection:
      - keep-alive
      ParameterSetName:
      - --resource-group --name --gateway-ip-address --tags
      User-Agent:
      - python/3.7.4 (Windows-10-10.0.18362-SP0) msrest/0.6.10 msrest_azure/0.6.2
        azure-mgmt-network/7.0.0 Azure-SDK-For-Python AZURECLI/2.0.75
    method: GET
    uri: https://management.azure.com/subscriptions/00000000-0000-0000-0000-000000000000/resourceGroups/local_gateway_scenario000001/providers/Microsoft.Network/localNetworkGateways/lgw1?api-version=2019-09-01
  response:
    body:
      string: "{\r\n  \"name\": \"lgw1\",\r\n  \"id\": \"/subscriptions/00000000-0000-0000-0000-000000000000/resourceGroups/local_gateway_scenario000001/providers/Microsoft.Network/localNetworkGateways/lgw1\",\r\n
        \ \"etag\": \"W/\\\"3af2a52a-b88d-45af-955a-c0920bcd1543\\\"\",\r\n  \"type\":
        \"Microsoft.Network/localNetworkGateways\",\r\n  \"location\": \"westus\",\r\n
        \ \"tags\": {\r\n    \"foo\": \"doo\"\r\n  },\r\n  \"properties\": {\r\n    \"provisioningState\":
        \"Succeeded\",\r\n    \"resourceGuid\": \"840dee63-26ff-407e-b111-7fef3ad67af0\",\r\n
        \   \"localNetworkAddressSpace\": {\r\n      \"addressPrefixes\": []\r\n    },\r\n
        \   \"gatewayIpAddress\": \"10.1.1.1\"\r\n  }\r\n}"
    headers:
      cache-control:
      - no-cache
      content-length:
      - '636'
      content-type:
      - application/json; charset=utf-8
      date:
      - Thu, 24 Oct 2019 07:20:31 GMT
      etag:
      - W/"3af2a52a-b88d-45af-955a-c0920bcd1543"
      expires:
      - '-1'
      pragma:
      - no-cache
      server:
      - Microsoft-HTTPAPI/2.0
      - Microsoft-HTTPAPI/2.0
      strict-transport-security:
      - max-age=31536000; includeSubDomains
      transfer-encoding:
      - chunked
      vary:
      - Accept-Encoding
      x-content-type-options:
      - nosniff
      x-ms-arm-service-request-id:
      - c0bc8840-b839-4b84-9a61-f57ee68c1ddd
    status:
      code: 200
      message: OK
- request:
    body: null
    headers:
      Accept:
      - application/json
      Accept-Encoding:
      - gzip, deflate
      CommandName:
      - network local-gateway update
      Connection:
      - keep-alive
      ParameterSetName:
      - --resource-group --name --tags
      User-Agent:
      - python/3.7.4 (Windows-10-10.0.18362-SP0) msrest/0.6.10 msrest_azure/0.6.2
        azure-mgmt-network/7.0.0 Azure-SDK-For-Python AZURECLI/2.0.75
      accept-language:
      - en-US
    method: GET
    uri: https://management.azure.com/subscriptions/00000000-0000-0000-0000-000000000000/resourceGroups/local_gateway_scenario000001/providers/Microsoft.Network/localNetworkGateways/lgw1?api-version=2019-09-01
  response:
    body:
      string: "{\r\n  \"name\": \"lgw1\",\r\n  \"id\": \"/subscriptions/00000000-0000-0000-0000-000000000000/resourceGroups/local_gateway_scenario000001/providers/Microsoft.Network/localNetworkGateways/lgw1\",\r\n
        \ \"etag\": \"W/\\\"3af2a52a-b88d-45af-955a-c0920bcd1543\\\"\",\r\n  \"type\":
        \"Microsoft.Network/localNetworkGateways\",\r\n  \"location\": \"westus\",\r\n
        \ \"tags\": {\r\n    \"foo\": \"doo\"\r\n  },\r\n  \"properties\": {\r\n    \"provisioningState\":
        \"Succeeded\",\r\n    \"resourceGuid\": \"840dee63-26ff-407e-b111-7fef3ad67af0\",\r\n
        \   \"localNetworkAddressSpace\": {\r\n      \"addressPrefixes\": []\r\n    },\r\n
        \   \"gatewayIpAddress\": \"10.1.1.1\"\r\n  }\r\n}"
    headers:
      cache-control:
      - no-cache
      content-length:
      - '636'
      content-type:
      - application/json; charset=utf-8
      date:
      - Thu, 24 Oct 2019 07:20:34 GMT
      etag:
      - W/"3af2a52a-b88d-45af-955a-c0920bcd1543"
      expires:
      - '-1'
      pragma:
      - no-cache
      server:
      - Microsoft-HTTPAPI/2.0
      - Microsoft-HTTPAPI/2.0
      strict-transport-security:
      - max-age=31536000; includeSubDomains
      transfer-encoding:
      - chunked
      vary:
      - Accept-Encoding
      x-content-type-options:
      - nosniff
      x-ms-arm-service-request-id:
      - 1e3e3d25-1de8-41ef-8261-b5060e9886c5
    status:
      code: 200
      message: OK
- request:
    body: 'b''{"id": "/subscriptions/00000000-0000-0000-0000-000000000000/resourceGroups/local_gateway_scenario000001/providers/Microsoft.Network/localNetworkGateways/lgw1",
      "location": "westus", "tags": {"foo": "boo"}, "properties": {"localNetworkAddressSpace":
      {"addressPrefixes": []}, "gatewayIpAddress": "10.1.1.1"}}'''
    headers:
      Accept:
      - application/json
      Accept-Encoding:
      - gzip, deflate
      CommandName:
      - network local-gateway update
      Connection:
      - keep-alive
      Content-Length:
      - '353'
      Content-Type:
      - application/json; charset=utf-8
      ParameterSetName:
      - --resource-group --name --tags
      User-Agent:
      - python/3.7.4 (Windows-10-10.0.18362-SP0) msrest/0.6.10 msrest_azure/0.6.2
        azure-mgmt-network/7.0.0 Azure-SDK-For-Python AZURECLI/2.0.75
      accept-language:
      - en-US
    method: PUT
    uri: https://management.azure.com/subscriptions/00000000-0000-0000-0000-000000000000/resourceGroups/local_gateway_scenario000001/providers/Microsoft.Network/localNetworkGateways/lgw1?api-version=2019-09-01
  response:
    body:
      string: "{\r\n  \"name\": \"lgw1\",\r\n  \"id\": \"/subscriptions/00000000-0000-0000-0000-000000000000/resourceGroups/local_gateway_scenario000001/providers/Microsoft.Network/localNetworkGateways/lgw1\",\r\n
        \ \"etag\": \"W/\\\"0885c492-419d-4f5a-8385-391752e48445\\\"\",\r\n  \"type\":
        \"Microsoft.Network/localNetworkGateways\",\r\n  \"location\": \"westus\",\r\n
        \ \"tags\": {\r\n    \"foo\": \"boo\"\r\n  },\r\n  \"properties\": {\r\n    \"provisioningState\":
        \"Succeeded\",\r\n    \"resourceGuid\": \"840dee63-26ff-407e-b111-7fef3ad67af0\",\r\n
        \   \"localNetworkAddressSpace\": {\r\n      \"addressPrefixes\": []\r\n    },\r\n
        \   \"gatewayIpAddress\": \"10.1.1.1\"\r\n  }\r\n}"
    headers:
      azure-asyncoperation:
      - https://management.azure.com/subscriptions/00000000-0000-0000-0000-000000000000/providers/Microsoft.Network/locations/westus/operations/d7c8cab7-b2e7-4c2d-b320-6e0ff7c8ba2d?api-version=2019-09-01
      cache-control:
      - no-cache
      content-length:
      - '636'
      content-type:
      - application/json; charset=utf-8
      date:
      - Thu, 24 Oct 2019 07:20:37 GMT
      expires:
      - '-1'
      pragma:
      - no-cache
      server:
      - Microsoft-HTTPAPI/2.0
      - Microsoft-HTTPAPI/2.0
      strict-transport-security:
      - max-age=31536000; includeSubDomains
      transfer-encoding:
      - chunked
      vary:
      - Accept-Encoding
      x-content-type-options:
      - nosniff
      x-ms-arm-service-request-id:
      - a2cd4bf9-a133-42b4-96fe-ca5e7bb49205
      x-ms-ratelimit-remaining-subscription-writes:
      - '1190'
    status:
      code: 200
      message: OK
- request:
    body: null
    headers:
      Accept:
      - application/json
      Accept-Encoding:
      - gzip, deflate
      CommandName:
      - network local-gateway update
      Connection:
      - keep-alive
      ParameterSetName:
      - --resource-group --name --tags
      User-Agent:
      - python/3.7.4 (Windows-10-10.0.18362-SP0) msrest/0.6.10 msrest_azure/0.6.2
        azure-mgmt-network/7.0.0 Azure-SDK-For-Python AZURECLI/2.0.75
    method: GET
    uri: https://management.azure.com/subscriptions/00000000-0000-0000-0000-000000000000/providers/Microsoft.Network/locations/westus/operations/d7c8cab7-b2e7-4c2d-b320-6e0ff7c8ba2d?api-version=2019-09-01
  response:
    body:
      string: "{\r\n  \"status\": \"Succeeded\"\r\n}"
    headers:
      cache-control:
      - no-cache
      content-length:
      - '29'
      content-type:
      - application/json; charset=utf-8
      date:
      - Thu, 24 Oct 2019 07:21:07 GMT
      expires:
      - '-1'
      pragma:
      - no-cache
      server:
      - Microsoft-HTTPAPI/2.0
      - Microsoft-HTTPAPI/2.0
      strict-transport-security:
      - max-age=31536000; includeSubDomains
      transfer-encoding:
      - chunked
      vary:
      - Accept-Encoding
      x-content-type-options:
      - nosniff
      x-ms-arm-service-request-id:
      - 697c0045-d59d-499e-a6bc-6bc66d2fdbc5
    status:
      code: 200
      message: OK
- request:
    body: null
    headers:
      Accept:
      - application/json
      Accept-Encoding:
      - gzip, deflate
      CommandName:
      - network local-gateway update
      Connection:
      - keep-alive
      ParameterSetName:
      - --resource-group --name --tags
      User-Agent:
      - python/3.7.4 (Windows-10-10.0.18362-SP0) msrest/0.6.10 msrest_azure/0.6.2
        azure-mgmt-network/7.0.0 Azure-SDK-For-Python AZURECLI/2.0.75
    method: GET
    uri: https://management.azure.com/subscriptions/00000000-0000-0000-0000-000000000000/resourceGroups/local_gateway_scenario000001/providers/Microsoft.Network/localNetworkGateways/lgw1?api-version=2019-09-01
  response:
    body:
      string: "{\r\n  \"name\": \"lgw1\",\r\n  \"id\": \"/subscriptions/00000000-0000-0000-0000-000000000000/resourceGroups/local_gateway_scenario000001/providers/Microsoft.Network/localNetworkGateways/lgw1\",\r\n
        \ \"etag\": \"W/\\\"0885c492-419d-4f5a-8385-391752e48445\\\"\",\r\n  \"type\":
        \"Microsoft.Network/localNetworkGateways\",\r\n  \"location\": \"westus\",\r\n
        \ \"tags\": {\r\n    \"foo\": \"boo\"\r\n  },\r\n  \"properties\": {\r\n    \"provisioningState\":
        \"Succeeded\",\r\n    \"resourceGuid\": \"840dee63-26ff-407e-b111-7fef3ad67af0\",\r\n
        \   \"localNetworkAddressSpace\": {\r\n      \"addressPrefixes\": []\r\n    },\r\n
        \   \"gatewayIpAddress\": \"10.1.1.1\"\r\n  }\r\n}"
    headers:
      cache-control:
      - no-cache
      content-length:
      - '636'
      content-type:
      - application/json; charset=utf-8
      date:
      - Thu, 24 Oct 2019 07:21:08 GMT
      etag:
      - W/"0885c492-419d-4f5a-8385-391752e48445"
      expires:
      - '-1'
      pragma:
      - no-cache
      server:
      - Microsoft-HTTPAPI/2.0
      - Microsoft-HTTPAPI/2.0
      strict-transport-security:
      - max-age=31536000; includeSubDomains
      transfer-encoding:
      - chunked
      vary:
      - Accept-Encoding
      x-content-type-options:
      - nosniff
      x-ms-arm-service-request-id:
      - 267b74bc-25f3-47c4-a6ac-02e6b23c2260
    status:
      code: 200
      message: OK
- request:
    body: null
    headers:
      Accept:
      - application/json
      Accept-Encoding:
      - gzip, deflate
      CommandName:
      - network local-gateway show
      Connection:
      - keep-alive
      ParameterSetName:
      - --resource-group --name
      User-Agent:
      - python/3.7.4 (Windows-10-10.0.18362-SP0) msrest/0.6.10 msrest_azure/0.6.2
        azure-mgmt-network/7.0.0 Azure-SDK-For-Python AZURECLI/2.0.75
      accept-language:
      - en-US
    method: GET
    uri: https://management.azure.com/subscriptions/00000000-0000-0000-0000-000000000000/resourceGroups/local_gateway_scenario000001/providers/Microsoft.Network/localNetworkGateways/lgw1?api-version=2019-09-01
  response:
    body:
      string: "{\r\n  \"name\": \"lgw1\",\r\n  \"id\": \"/subscriptions/00000000-0000-0000-0000-000000000000/resourceGroups/local_gateway_scenario000001/providers/Microsoft.Network/localNetworkGateways/lgw1\",\r\n
        \ \"etag\": \"W/\\\"0885c492-419d-4f5a-8385-391752e48445\\\"\",\r\n  \"type\":
        \"Microsoft.Network/localNetworkGateways\",\r\n  \"location\": \"westus\",\r\n
        \ \"tags\": {\r\n    \"foo\": \"boo\"\r\n  },\r\n  \"properties\": {\r\n    \"provisioningState\":
        \"Succeeded\",\r\n    \"resourceGuid\": \"840dee63-26ff-407e-b111-7fef3ad67af0\",\r\n
        \   \"localNetworkAddressSpace\": {\r\n      \"addressPrefixes\": []\r\n    },\r\n
        \   \"gatewayIpAddress\": \"10.1.1.1\"\r\n  }\r\n}"
    headers:
      cache-control:
      - no-cache
      content-length:
      - '636'
      content-type:
      - application/json; charset=utf-8
      date:
      - Thu, 24 Oct 2019 07:21:10 GMT
      etag:
      - W/"0885c492-419d-4f5a-8385-391752e48445"
      expires:
      - '-1'
      pragma:
      - no-cache
      server:
      - Microsoft-HTTPAPI/2.0
      - Microsoft-HTTPAPI/2.0
      strict-transport-security:
      - max-age=31536000; includeSubDomains
      transfer-encoding:
      - chunked
      vary:
      - Accept-Encoding
      x-content-type-options:
      - nosniff
      x-ms-arm-service-request-id:
      - 1b26f3ec-4f64-4332-a2ae-a4d80dfd7466
    status:
      code: 200
      message: OK
- request:
    body: null
    headers:
      Accept:
      - application/json
      Accept-Encoding:
      - gzip, deflate
      CommandName:
      - network local-gateway create
      Connection:
      - keep-alive
      ParameterSetName:
      - --resource-group --name --gateway-ip-address --local-address-prefixes
      User-Agent:
      - python/3.7.4 (Windows-10-10.0.18362-SP0) msrest/0.6.10 msrest_azure/0.6.2
        azure-mgmt-resource/4.0.0 Azure-SDK-For-Python AZURECLI/2.0.75
      accept-language:
      - en-US
    method: GET
    uri: https://management.azure.com/subscriptions/00000000-0000-0000-0000-000000000000/resourcegroups/local_gateway_scenario000001?api-version=2019-07-01
  response:
    body:
      string: '{"id":"/subscriptions/00000000-0000-0000-0000-000000000000/resourceGroups/local_gateway_scenario000001","name":"local_gateway_scenario000001","type":"Microsoft.Resources/resourceGroups","location":"westus","tags":{"product":"azurecli","cause":"automation","date":"2019-10-24T07:20:11Z"},"properties":{"provisioningState":"Succeeded"}}'
    headers:
      cache-control:
      - no-cache
      content-length:
      - '428'
      content-type:
      - application/json; charset=utf-8
      date:
      - Thu, 24 Oct 2019 07:21:11 GMT
      expires:
      - '-1'
      pragma:
      - no-cache
      strict-transport-security:
      - max-age=31536000; includeSubDomains
      vary:
      - Accept-Encoding
      x-content-type-options:
      - nosniff
    status:
      code: 200
      message: OK
- request:
    body: '{"location": "westus", "properties": {"localNetworkAddressSpace": {"addressPrefixes":
      ["10.0.1.0/24"]}, "gatewayIpAddress": "10.1.1.2"}}'
    headers:
      Accept:
      - application/json
      Accept-Encoding:
      - gzip, deflate
      CommandName:
      - network local-gateway create
      Connection:
      - keep-alive
      Content-Length:
      - '136'
      Content-Type:
      - application/json; charset=utf-8
      ParameterSetName:
      - --resource-group --name --gateway-ip-address --local-address-prefixes
      User-Agent:
      - python/3.7.4 (Windows-10-10.0.18362-SP0) msrest/0.6.10 msrest_azure/0.6.2
        azure-mgmt-network/7.0.0 Azure-SDK-For-Python AZURECLI/2.0.75
      accept-language:
      - en-US
    method: PUT
    uri: https://management.azure.com/subscriptions/00000000-0000-0000-0000-000000000000/resourceGroups/local_gateway_scenario000001/providers/Microsoft.Network/localNetworkGateways/lgw2?api-version=2019-09-01
  response:
    body:
      string: "{\r\n  \"name\": \"lgw2\",\r\n  \"id\": \"/subscriptions/00000000-0000-0000-0000-000000000000/resourceGroups/local_gateway_scenario000001/providers/Microsoft.Network/localNetworkGateways/lgw2\",\r\n
        \ \"etag\": \"W/\\\"ef868163-df9c-438a-9961-a76a14fb9c2f\\\"\",\r\n  \"type\":
        \"Microsoft.Network/localNetworkGateways\",\r\n  \"location\": \"westus\",\r\n
        \ \"properties\": {\r\n    \"provisioningState\": \"Updating\",\r\n    \"resourceGuid\":
        \"3642e2f2-a5f2-4f02-875c-37c929dc67e7\",\r\n    \"localNetworkAddressSpace\":
        {\r\n      \"addressPrefixes\": [\r\n        \"10.0.1.0/24\"\r\n      ]\r\n
        \   },\r\n    \"gatewayIpAddress\": \"10.1.1.2\"\r\n  }\r\n}"
    headers:
      azure-asyncoperation:
      - https://management.azure.com/subscriptions/00000000-0000-0000-0000-000000000000/providers/Microsoft.Network/locations/westus/operations/ce732923-46b7-4ba4-a9ea-e2e8c76d4903?api-version=2019-09-01
      cache-control:
      - no-cache
      content-length:
      - '629'
      content-type:
      - application/json; charset=utf-8
      date:
      - Thu, 24 Oct 2019 07:21:15 GMT
      expires:
      - '-1'
      pragma:
      - no-cache
      server:
      - Microsoft-HTTPAPI/2.0
      - Microsoft-HTTPAPI/2.0
      strict-transport-security:
      - max-age=31536000; includeSubDomains
      x-content-type-options:
      - nosniff
      x-ms-arm-service-request-id:
      - 61f6b97f-85cf-405c-916e-923cec37c59e
      x-ms-ratelimit-remaining-subscription-writes:
      - '1190'
    status:
      code: 201
      message: Created
- request:
    body: null
    headers:
      Accept:
      - application/json
      Accept-Encoding:
      - gzip, deflate
      CommandName:
      - network local-gateway create
      Connection:
      - keep-alive
      ParameterSetName:
      - --resource-group --name --gateway-ip-address --local-address-prefixes
      User-Agent:
      - python/3.7.4 (Windows-10-10.0.18362-SP0) msrest/0.6.10 msrest_azure/0.6.2
        azure-mgmt-network/7.0.0 Azure-SDK-For-Python AZURECLI/2.0.75
    method: GET
    uri: https://management.azure.com/subscriptions/00000000-0000-0000-0000-000000000000/providers/Microsoft.Network/locations/westus/operations/ce732923-46b7-4ba4-a9ea-e2e8c76d4903?api-version=2019-09-01
  response:
    body:
      string: "{\r\n  \"status\": \"Succeeded\"\r\n}"
    headers:
      cache-control:
      - no-cache
      content-length:
      - '29'
      content-type:
      - application/json; charset=utf-8
      date:
      - Thu, 24 Oct 2019 07:21:26 GMT
      expires:
      - '-1'
      pragma:
      - no-cache
      server:
      - Microsoft-HTTPAPI/2.0
      - Microsoft-HTTPAPI/2.0
      strict-transport-security:
      - max-age=31536000; includeSubDomains
      transfer-encoding:
      - chunked
      vary:
      - Accept-Encoding
      x-content-type-options:
      - nosniff
      x-ms-arm-service-request-id:
      - 51a04d4e-c688-4463-babe-4bfdeb5d908a
    status:
      code: 200
      message: OK
- request:
    body: null
    headers:
      Accept:
      - application/json
      Accept-Encoding:
      - gzip, deflate
      CommandName:
      - network local-gateway create
      Connection:
      - keep-alive
      ParameterSetName:
      - --resource-group --name --gateway-ip-address --local-address-prefixes
      User-Agent:
      - python/3.7.4 (Windows-10-10.0.18362-SP0) msrest/0.6.10 msrest_azure/0.6.2
        azure-mgmt-network/7.0.0 Azure-SDK-For-Python AZURECLI/2.0.75
    method: GET
    uri: https://management.azure.com/subscriptions/00000000-0000-0000-0000-000000000000/resourceGroups/local_gateway_scenario000001/providers/Microsoft.Network/localNetworkGateways/lgw2?api-version=2019-09-01
  response:
    body:
      string: "{\r\n  \"name\": \"lgw2\",\r\n  \"id\": \"/subscriptions/00000000-0000-0000-0000-000000000000/resourceGroups/local_gateway_scenario000001/providers/Microsoft.Network/localNetworkGateways/lgw2\",\r\n
        \ \"etag\": \"W/\\\"04a0d62b-c396-4bd1-9083-129e09045bc7\\\"\",\r\n  \"type\":
        \"Microsoft.Network/localNetworkGateways\",\r\n  \"location\": \"westus\",\r\n
        \ \"properties\": {\r\n    \"provisioningState\": \"Succeeded\",\r\n    \"resourceGuid\":
        \"3642e2f2-a5f2-4f02-875c-37c929dc67e7\",\r\n    \"localNetworkAddressSpace\":
        {\r\n      \"addressPrefixes\": [\r\n        \"10.0.1.0/24\"\r\n      ]\r\n
        \   },\r\n    \"gatewayIpAddress\": \"10.1.1.2\"\r\n  }\r\n}"
    headers:
      cache-control:
      - no-cache
      content-length:
      - '630'
      content-type:
      - application/json; charset=utf-8
      date:
      - Thu, 24 Oct 2019 07:21:27 GMT
      etag:
      - W/"04a0d62b-c396-4bd1-9083-129e09045bc7"
      expires:
      - '-1'
      pragma:
      - no-cache
      server:
      - Microsoft-HTTPAPI/2.0
      - Microsoft-HTTPAPI/2.0
      strict-transport-security:
      - max-age=31536000; includeSubDomains
      transfer-encoding:
      - chunked
      vary:
      - Accept-Encoding
      x-content-type-options:
      - nosniff
      x-ms-arm-service-request-id:
      - 9f800dfb-70bf-4449-a150-eb9da19747ca
    status:
      code: 200
      message: OK
- request:
    body: null
    headers:
      Accept:
      - application/json
      Accept-Encoding:
      - gzip, deflate
      CommandName:
      - network local-gateway list
      Connection:
      - keep-alive
      ParameterSetName:
      - --resource-group
      User-Agent:
      - python/3.7.4 (Windows-10-10.0.18362-SP0) msrest/0.6.10 msrest_azure/0.6.2
        azure-mgmt-network/7.0.0 Azure-SDK-For-Python AZURECLI/2.0.75
      accept-language:
      - en-US
    method: GET
    uri: https://management.azure.com/subscriptions/00000000-0000-0000-0000-000000000000/resourceGroups/local_gateway_scenario000001/providers/Microsoft.Network/localNetworkGateways?api-version=2019-09-01
  response:
    body:
      string: "{\r\n  \"value\": [\r\n    {\r\n      \"name\": \"lgw1\",\r\n      \"id\":
        \"/subscriptions/00000000-0000-0000-0000-000000000000/resourceGroups/local_gateway_scenario000001/providers/Microsoft.Network/localNetworkGateways/lgw1\",\r\n
        \     \"etag\": \"W/\\\"0885c492-419d-4f5a-8385-391752e48445\\\"\",\r\n      \"type\":
        \"Microsoft.Network/localNetworkGateways\",\r\n      \"location\": \"westus\",\r\n
        \     \"tags\": {\r\n        \"foo\": \"boo\"\r\n      },\r\n      \"properties\":
        {\r\n        \"provisioningState\": \"Succeeded\",\r\n        \"resourceGuid\":
        \"840dee63-26ff-407e-b111-7fef3ad67af0\",\r\n        \"localNetworkAddressSpace\":
        {\r\n          \"addressPrefixes\": []\r\n        },\r\n        \"gatewayIpAddress\":
        \"10.1.1.1\"\r\n      }\r\n    },\r\n    {\r\n      \"name\": \"lgw2\",\r\n
        \     \"id\": \"/subscriptions/00000000-0000-0000-0000-000000000000/resourceGroups/local_gateway_scenario000001/providers/Microsoft.Network/localNetworkGateways/lgw2\",\r\n
        \     \"etag\": \"W/\\\"04a0d62b-c396-4bd1-9083-129e09045bc7\\\"\",\r\n      \"type\":
        \"Microsoft.Network/localNetworkGateways\",\r\n      \"location\": \"westus\",\r\n
        \     \"properties\": {\r\n        \"provisioningState\": \"Succeeded\",\r\n
        \       \"resourceGuid\": \"3642e2f2-a5f2-4f02-875c-37c929dc67e7\",\r\n        \"localNetworkAddressSpace\":
        {\r\n          \"addressPrefixes\": [\r\n            \"10.0.1.0/24\"\r\n          ]\r\n
        \       },\r\n        \"gatewayIpAddress\": \"10.1.1.2\"\r\n      }\r\n    }\r\n
        \ ]\r\n}"
    headers:
      cache-control:
      - no-cache
      content-length:
      - '1434'
      content-type:
      - application/json; charset=utf-8
      date:
      - Thu, 24 Oct 2019 07:21:29 GMT
      expires:
      - '-1'
      pragma:
      - no-cache
      server:
      - Microsoft-HTTPAPI/2.0
      - Microsoft-HTTPAPI/2.0
      strict-transport-security:
      - max-age=31536000; includeSubDomains
      transfer-encoding:
      - chunked
      vary:
      - Accept-Encoding
      x-content-type-options:
      - nosniff
      x-ms-arm-service-request-id:
      - 7cdb3e99-3b14-4c59-a01b-c0dd32635ad6
    status:
      code: 200
      message: OK
- request:
    body: null
    headers:
      Accept:
      - application/json
      Accept-Encoding:
      - gzip, deflate
      CommandName:
      - network local-gateway delete
      Connection:
      - keep-alive
      Content-Length:
      - '0'
      ParameterSetName:
      - --resource-group --name
      User-Agent:
      - python/3.7.4 (Windows-10-10.0.18362-SP0) msrest/0.6.10 msrest_azure/0.6.2
        azure-mgmt-network/7.0.0 Azure-SDK-For-Python AZURECLI/2.0.75
      accept-language:
      - en-US
    method: DELETE
    uri: https://management.azure.com/subscriptions/00000000-0000-0000-0000-000000000000/resourceGroups/local_gateway_scenario000001/providers/Microsoft.Network/localNetworkGateways/lgw1?api-version=2019-09-01
  response:
    body:
      string: ''
    headers:
      azure-asyncoperation:
      - https://management.azure.com/subscriptions/00000000-0000-0000-0000-000000000000/providers/Microsoft.Network/locations/westus/operations/703a11ea-d071-4421-b1d2-ad603647116a?api-version=2019-09-01
      cache-control:
      - no-cache
      content-length:
      - '0'
      date:
      - Thu, 24 Oct 2019 07:21:31 GMT
      expires:
      - '-1'
      location:
      - https://management.azure.com/subscriptions/00000000-0000-0000-0000-000000000000/providers/Microsoft.Network/locations/westus/operationResults/703a11ea-d071-4421-b1d2-ad603647116a?api-version=2019-09-01
      pragma:
      - no-cache
      server:
      - Microsoft-HTTPAPI/2.0
      - Microsoft-HTTPAPI/2.0
      strict-transport-security:
      - max-age=31536000; includeSubDomains
      x-content-type-options:
      - nosniff
      x-ms-arm-service-request-id:
      - 1541e020-6ae8-41ed-9f0f-578352e6ab5f
      x-ms-ratelimit-remaining-subscription-deletes:
      - '14995'
    status:
      code: 202
      message: Accepted
- request:
    body: null
    headers:
      Accept:
      - application/json
      Accept-Encoding:
      - gzip, deflate
      CommandName:
      - network local-gateway delete
      Connection:
      - keep-alive
      ParameterSetName:
      - --resource-group --name
      User-Agent:
      - python/3.7.4 (Windows-10-10.0.18362-SP0) msrest/0.6.10 msrest_azure/0.6.2
        azure-mgmt-network/7.0.0 Azure-SDK-For-Python AZURECLI/2.0.75
    method: GET
    uri: https://management.azure.com/subscriptions/00000000-0000-0000-0000-000000000000/providers/Microsoft.Network/locations/westus/operations/703a11ea-d071-4421-b1d2-ad603647116a?api-version=2019-09-01
  response:
    body:
      string: "{\r\n  \"status\": \"Succeeded\"\r\n}"
    headers:
      cache-control:
      - no-cache
      content-length:
      - '29'
      content-type:
      - application/json; charset=utf-8
      date:
      - Thu, 24 Oct 2019 07:21:43 GMT
      expires:
      - '-1'
      pragma:
      - no-cache
      server:
      - Microsoft-HTTPAPI/2.0
      - Microsoft-HTTPAPI/2.0
      strict-transport-security:
      - max-age=31536000; includeSubDomains
      transfer-encoding:
      - chunked
      vary:
      - Accept-Encoding
      x-content-type-options:
      - nosniff
      x-ms-arm-service-request-id:
      - 44ab1a92-7ccd-444f-bdc3-e7efeeece2b6
    status:
      code: 200
      message: OK
- request:
    body: null
    headers:
      Accept:
      - application/json
      Accept-Encoding:
      - gzip, deflate
      CommandName:
      - network local-gateway list
      Connection:
      - keep-alive
      ParameterSetName:
      - --resource-group
      User-Agent:
      - python/3.7.4 (Windows-10-10.0.18362-SP0) msrest/0.6.10 msrest_azure/0.6.2
        azure-mgmt-network/7.0.0 Azure-SDK-For-Python AZURECLI/2.0.75
      accept-language:
      - en-US
    method: GET
    uri: https://management.azure.com/subscriptions/00000000-0000-0000-0000-000000000000/resourceGroups/local_gateway_scenario000001/providers/Microsoft.Network/localNetworkGateways?api-version=2019-09-01
  response:
    body:
      string: "{\r\n  \"value\": [\r\n    {\r\n      \"name\": \"lgw2\",\r\n      \"id\":
        \"/subscriptions/00000000-0000-0000-0000-000000000000/resourceGroups/local_gateway_scenario000001/providers/Microsoft.Network/localNetworkGateways/lgw2\",\r\n
        \     \"etag\": \"W/\\\"04a0d62b-c396-4bd1-9083-129e09045bc7\\\"\",\r\n      \"type\":
        \"Microsoft.Network/localNetworkGateways\",\r\n      \"location\": \"westus\",\r\n
        \     \"properties\": {\r\n        \"provisioningState\": \"Succeeded\",\r\n
        \       \"resourceGuid\": \"3642e2f2-a5f2-4f02-875c-37c929dc67e7\",\r\n        \"localNetworkAddressSpace\":
        {\r\n          \"addressPrefixes\": [\r\n            \"10.0.1.0/24\"\r\n          ]\r\n
        \       },\r\n        \"gatewayIpAddress\": \"10.1.1.2\"\r\n      }\r\n    }\r\n
        \ ]\r\n}"
    headers:
      cache-control:
      - no-cache
      content-length:
      - '723'
      content-type:
      - application/json; charset=utf-8
      date:
      - Thu, 24 Oct 2019 07:21:45 GMT
      expires:
      - '-1'
      pragma:
      - no-cache
      server:
      - Microsoft-HTTPAPI/2.0
      - Microsoft-HTTPAPI/2.0
      strict-transport-security:
      - max-age=31536000; includeSubDomains
      transfer-encoding:
      - chunked
      vary:
      - Accept-Encoding
      x-content-type-options:
      - nosniff
      x-ms-arm-service-request-id:
      - 78007938-726d-453b-af62-44f40024920f
    status:
      code: 200
      message: OK
version: 1
