interactions:
- request:
    body: '{"location": "westcentralus", "properties": {"publicNetworkAccess": "Disabled"}}'
    headers:
      Accept:
      - application/json
      Accept-Encoding:
      - gzip, deflate
      CommandName:
      - batch account create
      Connection:
      - keep-alive
      Content-Length:
      - '80'
      Content-Type:
      - application/json; charset=utf-8
      ParameterSetName:
      - -g -n -l --public-network-access
      User-Agent:
      - python/3.7.3 (Windows-10-10.0.19041-SP0) msrest/0.6.21 msrest_azure/0.6.3
        azure-mgmt-batch/9.0.0 Azure-SDK-For-Python AZURECLI/2.20.0
      accept-language:
      - en-US
    method: PUT
    uri: https://management.azure.com/subscriptions/00000000-0000-0000-0000-000000000000/resourceGroups/clitest.rg000001/providers/Microsoft.Batch/batchAccounts/testplinksbatch?api-version=2020-05-01
  response:
    body:
      string: ''
    headers:
      cache-control:
      - no-cache
      content-length:
      - '0'
      date:
      - Thu, 04 Mar 2021 07:13:08 GMT
      expires:
      - '-1'
      location:
      - https://management.azure.com/subscriptions/00000000-0000-0000-0000-000000000000/resourceGroups/clitest.rg000001/providers/Microsoft.Batch/batchAccounts/testplinksbatch/operationResults/8bd2f87b-6cb9-4eaf-8eed-7c4f457b86a0?api-version=2020-05-01
      pragma:
      - no-cache
      server:
      - Microsoft-HTTPAPI/2.0
      strict-transport-security:
      - max-age=31536000; includeSubDomains
      x-content-type-options:
      - nosniff
      x-ms-ratelimit-remaining-subscription-writes:
      - '1165'
    status:
      code: 202
      message: Accepted
- request:
    body: null
    headers:
      Accept:
      - application/json
      Accept-Encoding:
      - gzip, deflate
      CommandName:
      - batch account create
      Connection:
      - keep-alive
      ParameterSetName:
      - -g -n -l --public-network-access
      User-Agent:
      - python/3.7.3 (Windows-10-10.0.19041-SP0) msrest/0.6.21 msrest_azure/0.6.3
        azure-mgmt-batch/9.0.0 Azure-SDK-For-Python AZURECLI/2.20.0
    method: GET
    uri: https://management.azure.com/subscriptions/00000000-0000-0000-0000-000000000000/resourceGroups/clitest.rg000001/providers/Microsoft.Batch/batchAccounts/testplinksbatch/operationResults/8bd2f87b-6cb9-4eaf-8eed-7c4f457b86a0?api-version=2020-05-01
  response:
    body:
      string: '{"id":"/subscriptions/00000000-0000-0000-0000-000000000000/resourceGroups/clitest.rg000001/providers/Microsoft.Batch/batchAccounts/testplinksbatch","name":"testplinksbatch","type":"Microsoft.Batch/batchAccounts","location":"westcentralus","properties":{"accountEndpoint":"testplinksbatch.westcentralus.batch.azure.com","provisioningState":"Succeeded","dedicatedCoreQuota":700,"dedicatedCoreQuotaPerVMFamily":[{"name":"standardAv2Family","coreQuota":100},{"name":"standardDv2Family","coreQuota":100},{"name":"standardDv3Family","coreQuota":100},{"name":"standardEv3Family","coreQuota":50},{"name":"standardDSv2Family","coreQuota":100},{"name":"standardDSv3Family","coreQuota":100},{"name":"standardESv3Family","coreQuota":50},{"name":"standardFFamily","coreQuota":50},{"name":"standardFSFamily","coreQuota":50},{"name":"standardA0_A7Family","coreQuota":0},{"name":"standardA8_A11Family","coreQuota":0},{"name":"standardDFamily","coreQuota":0},{"name":"standardGFamily","coreQuota":0},{"name":"basicAFamily","coreQuota":0},{"name":"standardNVFamily","coreQuota":0},{"name":"standardNVPromoFamily","coreQuota":0},{"name":"standardNCFamily","coreQuota":0},{"name":"standardNCPromoFamily","coreQuota":0},{"name":"standardHFamily","coreQuota":0},{"name":"standardHPromoFamily","coreQuota":0},{"name":"standardMSFamily","coreQuota":0},{"name":"standardDSFamily","coreQuota":0},{"name":"standardGSFamily","coreQuota":0},{"name":"standardLSFamily","coreQuota":0},{"name":"standardLSv2Family","coreQuota":0},{"name":"standardNCSv2Family","coreQuota":0},{"name":"standardNDSFamily","coreQuota":0},{"name":"standardNCSv3Family","coreQuota":0},{"name":"standardFSv2Family","coreQuota":0},{"name":"standardHBSFamily","coreQuota":0},{"name":"standardHCSFamily","coreQuota":0},{"name":"standardNVSv3Family","coreQuota":0},{"name":"standardHBrsv2Family","coreQuota":0},{"name":"standardDAv4Family","coreQuota":0},{"name":"standardDASv4Family","coreQuota":0},{"name":"standardEAv4Family","coreQuota":0},{"name":"standardEASv4Family","coreQuota":0},{"name":"standardDDv4Family","coreQuota":0},{"name":"standardDDSv4Family","coreQuota":0},{"name":"standardEDv4Family","coreQuota":0},{"name":"standardEDSv4Family","coreQuota":0},{"name":"standardMSv2Family","coreQuota":0},{"name":"standardEIv3Family","coreQuota":0},{"name":"standardNVSv4Family","coreQuota":0},{"name":"Standard
        NCASv3_T4 Family","coreQuota":0},{"name":"standardXEIDSv4Family","coreQuota":0}],"dedicatedCoreQuotaPerVMFamilyEnforced":true,"lowPriorityCoreQuota":500,"poolQuota":100,"activeJobAndJobScheduleQuota":300,"poolAllocationMode":"BatchService","publicNetworkAccess":"Disabled","privateEndpointConnections":[],"encryption":{"keySource":"Microsoft.Batch"}},"identity":{"type":"None"}}'
    headers:
      cache-control:
      - no-cache
      content-length:
      - '2796'
      content-type:
      - application/json; charset=utf-8
      date:
      - Thu, 04 Mar 2021 07:13:24 GMT
      etag:
      - '"0x8D8DEDD002AD88D"'
      expires:
      - '-1'
      last-modified:
      - Thu, 04 Mar 2021 07:13:24 GMT
      pragma:
      - no-cache
      server:
      - Microsoft-HTTPAPI/2.0
      strict-transport-security:
      - max-age=31536000; includeSubDomains
      transfer-encoding:
      - chunked
      vary:
      - Accept-Encoding
      x-content-type-options:
      - nosniff
    status:
      code: 200
      message: OK
- request:
    body: null
    headers:
      Accept:
      - application/json
      Accept-Encoding:
      - gzip, deflate
      CommandName:
      - network vnet create
      Connection:
      - keep-alive
      ParameterSetName:
      - -g -n --subnet-name
      User-Agent:
      - python/3.7.3 (Windows-10-10.0.19041-SP0) msrest/0.6.21 msrest_azure/0.6.3
        azure-mgmt-resource/12.0.0 Azure-SDK-For-Python AZURECLI/2.20.0
      accept-language:
      - en-US
    method: GET
    uri: https://management.azure.com/subscriptions/00000000-0000-0000-0000-000000000000/resourcegroups/clitest.rg000001?api-version=2020-10-01
  response:
    body:
      string: '{"id":"/subscriptions/00000000-0000-0000-0000-000000000000/resourceGroups/clitest.rg000001","name":"clitest.rg000001","type":"Microsoft.Resources/resourceGroups","location":"westcentralus","tags":{"product":"azurecli","cause":"automation","date":"2021-03-04T07:12:59Z"},"properties":{"provisioningState":"Succeeded"}}'
    headers:
      cache-control:
      - no-cache
      content-length:
      - '435'
      content-type:
      - application/json; charset=utf-8
      date:
      - Thu, 04 Mar 2021 07:13:25 GMT
      expires:
      - '-1'
      pragma:
      - no-cache
      strict-transport-security:
      - max-age=31536000; includeSubDomains
      vary:
      - Accept-Encoding
      x-content-type-options:
      - nosniff
    status:
      code: 200
      message: OK
- request:
    body: '{"location": "westcentralus", "tags": {}, "properties": {"addressSpace":
      {"addressPrefixes": ["10.0.0.0/16"]}, "dhcpOptions": {}, "subnets": [{"name":
      "testsubnet000003", "properties": {"addressPrefix": "10.0.0.0/24"}}]}}'
    headers:
      Accept:
      - application/json
      Accept-Encoding:
      - gzip, deflate
      CommandName:
      - network vnet create
      Connection:
      - keep-alive
      Content-Length:
      - '225'
      Content-Type:
      - application/json
      ParameterSetName:
      - -g -n --subnet-name
      User-Agent:
      - AZURECLI/2.20.0 azsdk-python-azure-mgmt-network/18.0.0 Python/3.7.3 (Windows-10-10.0.19041-SP0)
    method: PUT
    uri: https://management.azure.com/subscriptions/00000000-0000-0000-0000-000000000000/resourceGroups/clitest.rg000001/providers/Microsoft.Network/virtualNetworks/testvnet000002?api-version=2020-11-01
  response:
    body:
      string: "{\r\n  \"name\": \"testvnet000002\",\r\n  \"id\": \"/subscriptions/00000000-0000-0000-0000-000000000000/resourceGroups/clitest.rg000001/providers/Microsoft.Network/virtualNetworks/testvnet000002\",\r\n
        \ \"etag\": \"W/\\\"1bae803d-5c0f-4617-9dac-53932f3a5503\\\"\",\r\n  \"type\":
        \"Microsoft.Network/virtualNetworks\",\r\n  \"location\": \"westcentralus\",\r\n
        \ \"tags\": {},\r\n  \"properties\": {\r\n    \"provisioningState\": \"Updating\",\r\n
        \   \"resourceGuid\": \"8b02e41f-bdce-4947-9b9f-0a226f1c86f3\",\r\n    \"addressSpace\":
        {\r\n      \"addressPrefixes\": [\r\n        \"10.0.0.0/16\"\r\n      ]\r\n
        \   },\r\n    \"dhcpOptions\": {\r\n      \"dnsServers\": []\r\n    },\r\n
        \   \"subnets\": [\r\n      {\r\n        \"name\": \"testsubnet000003\",\r\n
        \       \"id\": \"/subscriptions/00000000-0000-0000-0000-000000000000/resourceGroups/clitest.rg000001/providers/Microsoft.Network/virtualNetworks/testvnet000002/subnets/testsubnet000003\",\r\n
        \       \"etag\": \"W/\\\"1bae803d-5c0f-4617-9dac-53932f3a5503\\\"\",\r\n
        \       \"properties\": {\r\n          \"provisioningState\": \"Updating\",\r\n
        \         \"addressPrefix\": \"10.0.0.0/24\",\r\n          \"delegations\":
        [],\r\n          \"privateEndpointNetworkPolicies\": \"Enabled\",\r\n          \"privateLinkServiceNetworkPolicies\":
        \"Enabled\"\r\n        },\r\n        \"type\": \"Microsoft.Network/virtualNetworks/subnets\"\r\n
        \     }\r\n    ],\r\n    \"virtualNetworkPeerings\": [],\r\n    \"enableDdosProtection\":
        false\r\n  }\r\n}"
    headers:
      azure-asyncoperation:
      - https://management.azure.com/subscriptions/00000000-0000-0000-0000-000000000000/providers/Microsoft.Network/locations/westcentralus/operations/62a86e00-5205-4d28-af6d-38a01c70348a?api-version=2020-11-01
      cache-control:
      - no-cache
      content-length:
      - '1481'
      content-type:
      - application/json; charset=utf-8
      date:
      - Thu, 04 Mar 2021 07:13:29 GMT
      expires:
      - '-1'
      pragma:
      - no-cache
      server:
      - Microsoft-HTTPAPI/2.0
      - Microsoft-HTTPAPI/2.0
      strict-transport-security:
      - max-age=31536000; includeSubDomains
      x-content-type-options:
      - nosniff
      x-ms-arm-service-request-id:
      - 6ccac11d-7cb5-4775-8894-326987af1f4c
      x-ms-ratelimit-remaining-subscription-writes:
      - '1164'
    status:
      code: 201
      message: Created
- request:
    body: null
    headers:
      Accept:
      - '*/*'
      Accept-Encoding:
      - gzip, deflate
      CommandName:
      - network vnet create
      Connection:
      - keep-alive
      ParameterSetName:
      - -g -n --subnet-name
      User-Agent:
      - AZURECLI/2.20.0 azsdk-python-azure-mgmt-network/18.0.0 Python/3.7.3 (Windows-10-10.0.19041-SP0)
    method: GET
    uri: https://management.azure.com/subscriptions/00000000-0000-0000-0000-000000000000/providers/Microsoft.Network/locations/westcentralus/operations/62a86e00-5205-4d28-af6d-38a01c70348a?api-version=2020-11-01
  response:
    body:
      string: "{\r\n  \"status\": \"Succeeded\"\r\n}"
    headers:
      cache-control:
      - no-cache
      content-length:
      - '29'
      content-type:
      - application/json; charset=utf-8
      date:
      - Thu, 04 Mar 2021 07:13:33 GMT
      expires:
      - '-1'
      pragma:
      - no-cache
      server:
      - Microsoft-HTTPAPI/2.0
      - Microsoft-HTTPAPI/2.0
      strict-transport-security:
      - max-age=31536000; includeSubDomains
      transfer-encoding:
      - chunked
      vary:
      - Accept-Encoding
      x-content-type-options:
      - nosniff
      x-ms-arm-service-request-id:
      - c2232f1d-ee22-4125-a056-30757ae7bf6c
    status:
      code: 200
      message: OK
- request:
    body: null
    headers:
      Accept:
      - '*/*'
      Accept-Encoding:
      - gzip, deflate
      CommandName:
      - network vnet create
      Connection:
      - keep-alive
      ParameterSetName:
      - -g -n --subnet-name
      User-Agent:
      - AZURECLI/2.20.0 azsdk-python-azure-mgmt-network/18.0.0 Python/3.7.3 (Windows-10-10.0.19041-SP0)
    method: GET
    uri: https://management.azure.com/subscriptions/00000000-0000-0000-0000-000000000000/resourceGroups/clitest.rg000001/providers/Microsoft.Network/virtualNetworks/testvnet000002?api-version=2020-11-01
  response:
    body:
      string: "{\r\n  \"name\": \"testvnet000002\",\r\n  \"id\": \"/subscriptions/00000000-0000-0000-0000-000000000000/resourceGroups/clitest.rg000001/providers/Microsoft.Network/virtualNetworks/testvnet000002\",\r\n
        \ \"etag\": \"W/\\\"01a6ab92-95b5-41d9-ad7e-1c8853bd7323\\\"\",\r\n  \"type\":
        \"Microsoft.Network/virtualNetworks\",\r\n  \"location\": \"westcentralus\",\r\n
        \ \"tags\": {},\r\n  \"properties\": {\r\n    \"provisioningState\": \"Succeeded\",\r\n
        \   \"resourceGuid\": \"8b02e41f-bdce-4947-9b9f-0a226f1c86f3\",\r\n    \"addressSpace\":
        {\r\n      \"addressPrefixes\": [\r\n        \"10.0.0.0/16\"\r\n      ]\r\n
        \   },\r\n    \"dhcpOptions\": {\r\n      \"dnsServers\": []\r\n    },\r\n
        \   \"subnets\": [\r\n      {\r\n        \"name\": \"testsubnet000003\",\r\n
        \       \"id\": \"/subscriptions/00000000-0000-0000-0000-000000000000/resourceGroups/clitest.rg000001/providers/Microsoft.Network/virtualNetworks/testvnet000002/subnets/testsubnet000003\",\r\n
        \       \"etag\": \"W/\\\"01a6ab92-95b5-41d9-ad7e-1c8853bd7323\\\"\",\r\n
        \       \"properties\": {\r\n          \"provisioningState\": \"Succeeded\",\r\n
        \         \"addressPrefix\": \"10.0.0.0/24\",\r\n          \"delegations\":
        [],\r\n          \"privateEndpointNetworkPolicies\": \"Enabled\",\r\n          \"privateLinkServiceNetworkPolicies\":
        \"Enabled\"\r\n        },\r\n        \"type\": \"Microsoft.Network/virtualNetworks/subnets\"\r\n
        \     }\r\n    ],\r\n    \"virtualNetworkPeerings\": [],\r\n    \"enableDdosProtection\":
        false\r\n  }\r\n}"
    headers:
      cache-control:
      - no-cache
      content-length:
      - '1483'
      content-type:
      - application/json; charset=utf-8
      date:
      - Thu, 04 Mar 2021 07:13:33 GMT
      etag:
      - W/"01a6ab92-95b5-41d9-ad7e-1c8853bd7323"
      expires:
      - '-1'
      pragma:
      - no-cache
      server:
      - Microsoft-HTTPAPI/2.0
      - Microsoft-HTTPAPI/2.0
      strict-transport-security:
      - max-age=31536000; includeSubDomains
      transfer-encoding:
      - chunked
      vary:
      - Accept-Encoding
      x-content-type-options:
      - nosniff
      x-ms-arm-service-request-id:
      - 38be17d5-fded-4d0b-8f2e-358a97deb092
    status:
      code: 200
      message: OK
- request:
    body: null
    headers:
      Accept:
      - application/json
      Accept-Encoding:
      - gzip, deflate
      CommandName:
      - network vnet subnet update
      Connection:
      - keep-alive
      ParameterSetName:
      - -g --vnet-name --name --disable-private-endpoint-network-policies
      User-Agent:
      - AZURECLI/2.20.0 azsdk-python-azure-mgmt-network/18.0.0 Python/3.7.3 (Windows-10-10.0.19041-SP0)
    method: GET
    uri: https://management.azure.com/subscriptions/00000000-0000-0000-0000-000000000000/resourceGroups/clitest.rg000001/providers/Microsoft.Network/virtualNetworks/testvnet000002/subnets/testsubnet000003?api-version=2020-11-01
  response:
    body:
      string: "{\r\n  \"name\": \"testsubnet000003\",\r\n  \"id\": \"/subscriptions/00000000-0000-0000-0000-000000000000/resourceGroups/clitest.rg000001/providers/Microsoft.Network/virtualNetworks/testvnet000002/subnets/testsubnet000003\",\r\n
        \ \"etag\": \"W/\\\"01a6ab92-95b5-41d9-ad7e-1c8853bd7323\\\"\",\r\n  \"properties\":
        {\r\n    \"provisioningState\": \"Succeeded\",\r\n    \"addressPrefix\": \"10.0.0.0/24\",\r\n
        \   \"delegations\": [],\r\n    \"privateEndpointNetworkPolicies\": \"Enabled\",\r\n
        \   \"privateLinkServiceNetworkPolicies\": \"Enabled\"\r\n  },\r\n  \"type\":
        \"Microsoft.Network/virtualNetworks/subnets\"\r\n}"
    headers:
      cache-control:
      - no-cache
      content-length:
      - '627'
      content-type:
      - application/json; charset=utf-8
      date:
      - Thu, 04 Mar 2021 07:13:34 GMT
      etag:
      - W/"01a6ab92-95b5-41d9-ad7e-1c8853bd7323"
      expires:
      - '-1'
      pragma:
      - no-cache
      server:
      - Microsoft-HTTPAPI/2.0
      - Microsoft-HTTPAPI/2.0
      strict-transport-security:
      - max-age=31536000; includeSubDomains
      transfer-encoding:
      - chunked
      vary:
      - Accept-Encoding
      x-content-type-options:
      - nosniff
      x-ms-arm-service-request-id:
      - 701feff8-dbc2-40e6-8735-6a317423a8d3
    status:
      code: 200
      message: OK
- request:
    body: '{"id": "/subscriptions/00000000-0000-0000-0000-000000000000/resourceGroups/clitest.rg000001/providers/Microsoft.Network/virtualNetworks/testvnet000002/subnets/testsubnet000003",
      "name": "testsubnet000003", "properties": {"addressPrefix": "10.0.0.0/24", "delegations":
      [], "privateEndpointNetworkPolicies": "Disabled", "privateLinkServiceNetworkPolicies":
      "Enabled"}}'
    headers:
      Accept:
      - application/json
      Accept-Encoding:
      - gzip, deflate
      CommandName:
      - network vnet subnet update
      Connection:
      - keep-alive
      Content-Length:
      - '439'
      Content-Type:
      - application/json
      ParameterSetName:
      - -g --vnet-name --name --disable-private-endpoint-network-policies
      User-Agent:
      - AZURECLI/2.20.0 azsdk-python-azure-mgmt-network/18.0.0 Python/3.7.3 (Windows-10-10.0.19041-SP0)
    method: PUT
    uri: https://management.azure.com/subscriptions/00000000-0000-0000-0000-000000000000/resourceGroups/clitest.rg000001/providers/Microsoft.Network/virtualNetworks/testvnet000002/subnets/testsubnet000003?api-version=2020-11-01
  response:
    body:
      string: "{\r\n  \"name\": \"testsubnet000003\",\r\n  \"id\": \"/subscriptions/00000000-0000-0000-0000-000000000000/resourceGroups/clitest.rg000001/providers/Microsoft.Network/virtualNetworks/testvnet000002/subnets/testsubnet000003\",\r\n
        \ \"etag\": \"W/\\\"58a73c09-134b-4b66-b9fb-2b45c9fcda30\\\"\",\r\n  \"properties\":
        {\r\n    \"provisioningState\": \"Updating\",\r\n    \"addressPrefix\": \"10.0.0.0/24\",\r\n
        \   \"delegations\": [],\r\n    \"privateEndpointNetworkPolicies\": \"Disabled\",\r\n
        \   \"privateLinkServiceNetworkPolicies\": \"Enabled\"\r\n  },\r\n  \"type\":
        \"Microsoft.Network/virtualNetworks/subnets\"\r\n}"
    headers:
      azure-asyncoperation:
      - https://management.azure.com/subscriptions/00000000-0000-0000-0000-000000000000/providers/Microsoft.Network/locations/westcentralus/operations/cbf1c185-3df7-421f-a986-59c6fbaf73c9?api-version=2020-11-01
      cache-control:
      - no-cache
      content-length:
      - '627'
      content-type:
      - application/json; charset=utf-8
      date:
      - Thu, 04 Mar 2021 07:13:34 GMT
      expires:
      - '-1'
      pragma:
      - no-cache
      server:
      - Microsoft-HTTPAPI/2.0
      - Microsoft-HTTPAPI/2.0
      strict-transport-security:
      - max-age=31536000; includeSubDomains
      transfer-encoding:
      - chunked
      vary:
      - Accept-Encoding
      x-content-type-options:
      - nosniff
      x-ms-arm-service-request-id:
      - 294f098d-c880-425d-bab1-299107a0a848
      x-ms-ratelimit-remaining-subscription-writes:
      - '1171'
    status:
      code: 200
      message: OK
- request:
    body: null
    headers:
      Accept:
      - '*/*'
      Accept-Encoding:
      - gzip, deflate
      CommandName:
      - network vnet subnet update
      Connection:
      - keep-alive
      ParameterSetName:
      - -g --vnet-name --name --disable-private-endpoint-network-policies
      User-Agent:
      - AZURECLI/2.20.0 azsdk-python-azure-mgmt-network/18.0.0 Python/3.7.3 (Windows-10-10.0.19041-SP0)
    method: GET
    uri: https://management.azure.com/subscriptions/00000000-0000-0000-0000-000000000000/providers/Microsoft.Network/locations/westcentralus/operations/cbf1c185-3df7-421f-a986-59c6fbaf73c9?api-version=2020-11-01
  response:
    body:
      string: "{\r\n  \"status\": \"Succeeded\"\r\n}"
    headers:
      cache-control:
      - no-cache
      content-length:
      - '29'
      content-type:
      - application/json; charset=utf-8
      date:
      - Thu, 04 Mar 2021 07:13:37 GMT
      expires:
      - '-1'
      pragma:
      - no-cache
      server:
      - Microsoft-HTTPAPI/2.0
      - Microsoft-HTTPAPI/2.0
      strict-transport-security:
      - max-age=31536000; includeSubDomains
      transfer-encoding:
      - chunked
      vary:
      - Accept-Encoding
      x-content-type-options:
      - nosniff
      x-ms-arm-service-request-id:
      - bfb5058b-3d9c-46db-9830-96daa01e8746
    status:
      code: 200
      message: OK
- request:
    body: null
    headers:
      Accept:
      - '*/*'
      Accept-Encoding:
      - gzip, deflate
      CommandName:
      - network vnet subnet update
      Connection:
      - keep-alive
      ParameterSetName:
      - -g --vnet-name --name --disable-private-endpoint-network-policies
      User-Agent:
      - AZURECLI/2.20.0 azsdk-python-azure-mgmt-network/18.0.0 Python/3.7.3 (Windows-10-10.0.19041-SP0)
    method: GET
    uri: https://management.azure.com/subscriptions/00000000-0000-0000-0000-000000000000/resourceGroups/clitest.rg000001/providers/Microsoft.Network/virtualNetworks/testvnet000002/subnets/testsubnet000003?api-version=2020-11-01
  response:
    body:
      string: "{\r\n  \"name\": \"testsubnet000003\",\r\n  \"id\": \"/subscriptions/00000000-0000-0000-0000-000000000000/resourceGroups/clitest.rg000001/providers/Microsoft.Network/virtualNetworks/testvnet000002/subnets/testsubnet000003\",\r\n
        \ \"etag\": \"W/\\\"cb13f1a8-54f0-4e9e-9ade-3e9e88bf651d\\\"\",\r\n  \"properties\":
        {\r\n    \"provisioningState\": \"Succeeded\",\r\n    \"addressPrefix\": \"10.0.0.0/24\",\r\n
        \   \"delegations\": [],\r\n    \"privateEndpointNetworkPolicies\": \"Disabled\",\r\n
        \   \"privateLinkServiceNetworkPolicies\": \"Enabled\"\r\n  },\r\n  \"type\":
        \"Microsoft.Network/virtualNetworks/subnets\"\r\n}"
    headers:
      cache-control:
      - no-cache
      content-length:
      - '628'
      content-type:
      - application/json; charset=utf-8
      date:
      - Thu, 04 Mar 2021 07:13:38 GMT
      etag:
      - W/"cb13f1a8-54f0-4e9e-9ade-3e9e88bf651d"
      expires:
      - '-1'
      pragma:
      - no-cache
      server:
      - Microsoft-HTTPAPI/2.0
      - Microsoft-HTTPAPI/2.0
      strict-transport-security:
      - max-age=31536000; includeSubDomains
      transfer-encoding:
      - chunked
      vary:
      - Accept-Encoding
      x-content-type-options:
      - nosniff
      x-ms-arm-service-request-id:
      - fedc3840-55d6-48ba-bd0c-7c3ac18f9401
    status:
      code: 200
      message: OK
- request:
    body: null
    headers:
      Accept:
      - application/json
      Accept-Encoding:
      - gzip, deflate
      CommandName:
      - network private-endpoint create
      Connection:
      - keep-alive
      ParameterSetName:
      - -n -g --subnet --vnet-name --private-connection-resource-id --group-ids --connection-name
        --manual-request
      User-Agent:
      - python/3.7.3 (Windows-10-10.0.19041-SP0) msrest/0.6.21 msrest_azure/0.6.3
        azure-mgmt-resource/12.0.0 Azure-SDK-For-Python AZURECLI/2.20.0
      accept-language:
      - en-US
    method: GET
    uri: https://management.azure.com/subscriptions/00000000-0000-0000-0000-000000000000/resourcegroups/clitest.rg000001?api-version=2020-10-01
  response:
    body:
      string: '{"id":"/subscriptions/00000000-0000-0000-0000-000000000000/resourceGroups/clitest.rg000001","name":"clitest.rg000001","type":"Microsoft.Resources/resourceGroups","location":"westcentralus","tags":{"product":"azurecli","cause":"automation","date":"2021-03-04T07:12:59Z"},"properties":{"provisioningState":"Succeeded"}}'
    headers:
      cache-control:
      - no-cache
      content-length:
      - '435'
      content-type:
      - application/json; charset=utf-8
      date:
      - Thu, 04 Mar 2021 07:13:39 GMT
      expires:
      - '-1'
      pragma:
      - no-cache
      strict-transport-security:
      - max-age=31536000; includeSubDomains
      vary:
      - Accept-Encoding
      x-content-type-options:
      - nosniff
    status:
      code: 200
      message: OK
- request:
    body: '{"location": "westcentralus", "properties": {"subnet": {"id": "/subscriptions/00000000-0000-0000-0000-000000000000/resourceGroups/clitest.rg000001/providers/Microsoft.Network/virtualNetworks/testvnet000002/subnets/testsubnet000003"},
      "manualPrivateLinkServiceConnections": [{"name": "priv_endpointconn000005",
      "properties": {"privateLinkServiceId": "/subscriptions/00000000-0000-0000-0000-000000000000/resourceGroups/clitest.rg000001/providers/Microsoft.Batch/batchAccounts/testplinksbatch",
      "groupIds": ["batchAccount"]}}]}}'
    headers:
      Accept:
      - application/json
      Accept-Encoding:
      - gzip, deflate
      CommandName:
      - network private-endpoint create
      Connection:
      - keep-alive
      Content-Length:
      - '655'
      Content-Type:
      - application/json
      ParameterSetName:
      - -n -g --subnet --vnet-name --private-connection-resource-id --group-ids --connection-name
        --manual-request
      User-Agent:
      - AZURECLI/2.20.0 azsdk-python-azure-mgmt-network/18.0.0 Python/3.7.3 (Windows-10-10.0.19041-SP0)
    method: PUT
    uri: https://management.azure.com/subscriptions/00000000-0000-0000-0000-000000000000/resourceGroups/clitest.rg000001/providers/Microsoft.Network/privateEndpoints/priv_endpoint000004?api-version=2020-11-01
  response:
    body:
      string: "{\r\n  \"name\": \"priv_endpoint000004\",\r\n  \"id\": \"/subscriptions/00000000-0000-0000-0000-000000000000/resourceGroups/clitest.rg000001/providers/Microsoft.Network/privateEndpoints/priv_endpoint000004\",\r\n
        \ \"etag\": \"W/\\\"0edc1890-1df4-4656-b7a4-6fd8f7228d5a\\\"\",\r\n  \"type\":
        \"Microsoft.Network/privateEndpoints\",\r\n  \"location\": \"westcentralus\",\r\n
        \ \"properties\": {\r\n    \"provisioningState\": \"Updating\",\r\n    \"resourceGuid\":
        \"774b5cd1-4b80-47cd-81d5-99b20dc0ffdc\",\r\n    \"privateLinkServiceConnections\":
        [],\r\n    \"manualPrivateLinkServiceConnections\": [\r\n      {\r\n        \"name\":
        \"priv_endpointconn000005\",\r\n        \"id\": \"/subscriptions/00000000-0000-0000-0000-000000000000/resourceGroups/clitest.rg000001/providers/Microsoft.Network/privateEndpoints/priv_endpoint000004/manualPrivateLinkServiceConnections/priv_endpointconn000005\",\r\n
        \       \"etag\": \"W/\\\"0edc1890-1df4-4656-b7a4-6fd8f7228d5a\\\"\",\r\n
        \       \"properties\": {\r\n          \"provisioningState\": \"Succeeded\",\r\n
        \         \"privateLinkServiceId\": \"/subscriptions/00000000-0000-0000-0000-000000000000/resourceGroups/clitest.rg000001/providers/Microsoft.Batch/batchAccounts/testplinksbatch\",\r\n
        \         \"groupIds\": [\r\n            \"batchAccount\"\r\n          ],\r\n
        \         \"privateLinkServiceConnectionState\": {\r\n            \"status\":
        \"Pending\",\r\n            \"description\": \"Awaiting Approval\",\r\n            \"actionsRequired\":
        \"None\"\r\n          }\r\n        },\r\n        \"type\": \"Microsoft.Network/privateEndpoints/manualPrivateLinkServiceConnections\"\r\n
        \     }\r\n    ],\r\n    \"subnet\": {\r\n      \"id\": \"/subscriptions/00000000-0000-0000-0000-000000000000/resourceGroups/clitest.rg000001/providers/Microsoft.Network/virtualNetworks/testvnet000002/subnets/testsubnet000003\"\r\n
        \   },\r\n    \"networkInterfaces\": [\r\n      {\r\n        \"id\": \"/subscriptions/00000000-0000-0000-0000-000000000000/resourceGroups/clitest.rg000001/providers/Microsoft.Network/networkInterfaces/priv_endpoint000004.nic.8b82bdd7-a3e9-4769-9125-d21f2d31962f\"\r\n
        \     }\r\n    ],\r\n    \"customDnsConfigs\": []\r\n  }\r\n}"
    headers:
      azure-asyncoperation:
      - https://management.azure.com/subscriptions/00000000-0000-0000-0000-000000000000/providers/Microsoft.Network/locations/westcentralus/operations/46ae6c41-11e8-4e9b-a071-624f57c9427a?api-version=2020-11-01
      cache-control:
      - no-cache
      content-length:
      - '2341'
      content-type:
      - application/json; charset=utf-8
      date:
      - Thu, 04 Mar 2021 07:13:48 GMT
      expires:
      - '-1'
      pragma:
      - no-cache
      server:
      - Microsoft-HTTPAPI/2.0
      - Microsoft-HTTPAPI/2.0
      strict-transport-security:
      - max-age=31536000; includeSubDomains
      x-content-type-options:
      - nosniff
      x-ms-arm-service-request-id:
      - 55374bf3-6842-4512-bbe7-4992472f0e97
      x-ms-ratelimit-remaining-subscription-writes:
      - '1174'
    status:
      code: 201
      message: Created
- request:
    body: null
    headers:
      Accept:
      - '*/*'
      Accept-Encoding:
      - gzip, deflate
      CommandName:
      - network private-endpoint create
      Connection:
      - keep-alive
      ParameterSetName:
      - -n -g --subnet --vnet-name --private-connection-resource-id --group-ids --connection-name
        --manual-request
      User-Agent:
      - AZURECLI/2.20.0 azsdk-python-azure-mgmt-network/18.0.0 Python/3.7.3 (Windows-10-10.0.19041-SP0)
    method: GET
    uri: https://management.azure.com/subscriptions/00000000-0000-0000-0000-000000000000/providers/Microsoft.Network/locations/westcentralus/operations/46ae6c41-11e8-4e9b-a071-624f57c9427a?api-version=2020-11-01
  response:
    body:
      string: "{\r\n  \"status\": \"InProgress\"\r\n}"
    headers:
      cache-control:
      - no-cache
      content-length:
      - '30'
      content-type:
      - application/json; charset=utf-8
      date:
      - Thu, 04 Mar 2021 07:13:58 GMT
      expires:
      - '-1'
      pragma:
      - no-cache
      server:
      - Microsoft-HTTPAPI/2.0
      - Microsoft-HTTPAPI/2.0
      strict-transport-security:
      - max-age=31536000; includeSubDomains
      transfer-encoding:
      - chunked
      vary:
      - Accept-Encoding
      x-content-type-options:
      - nosniff
      x-ms-arm-service-request-id:
      - 1eca5f3d-20b3-4ecc-9c5b-307b730c1e8f
    status:
      code: 200
      message: OK
- request:
    body: null
    headers:
      Accept:
      - '*/*'
      Accept-Encoding:
      - gzip, deflate
      CommandName:
      - network private-endpoint create
      Connection:
      - keep-alive
      ParameterSetName:
      - -n -g --subnet --vnet-name --private-connection-resource-id --group-ids --connection-name
        --manual-request
      User-Agent:
      - AZURECLI/2.20.0 azsdk-python-azure-mgmt-network/18.0.0 Python/3.7.3 (Windows-10-10.0.19041-SP0)
    method: GET
    uri: https://management.azure.com/subscriptions/00000000-0000-0000-0000-000000000000/providers/Microsoft.Network/locations/westcentralus/operations/46ae6c41-11e8-4e9b-a071-624f57c9427a?api-version=2020-11-01
  response:
    body:
      string: "{\r\n  \"status\": \"InProgress\"\r\n}"
    headers:
      cache-control:
      - no-cache
      content-length:
      - '30'
      content-type:
      - application/json; charset=utf-8
      date:
      - Thu, 04 Mar 2021 07:14:08 GMT
      expires:
      - '-1'
      pragma:
      - no-cache
      server:
      - Microsoft-HTTPAPI/2.0
      - Microsoft-HTTPAPI/2.0
      strict-transport-security:
      - max-age=31536000; includeSubDomains
      transfer-encoding:
      - chunked
      vary:
      - Accept-Encoding
      x-content-type-options:
      - nosniff
      x-ms-arm-service-request-id:
      - b464c707-c540-4352-bc49-6bd9a7157b68
    status:
      code: 200
      message: OK
- request:
    body: null
    headers:
      Accept:
      - '*/*'
      Accept-Encoding:
      - gzip, deflate
      CommandName:
      - network private-endpoint create
      Connection:
      - keep-alive
      ParameterSetName:
      - -n -g --subnet --vnet-name --private-connection-resource-id --group-ids --connection-name
        --manual-request
      User-Agent:
      - AZURECLI/2.20.0 azsdk-python-azure-mgmt-network/18.0.0 Python/3.7.3 (Windows-10-10.0.19041-SP0)
    method: GET
    uri: https://management.azure.com/subscriptions/00000000-0000-0000-0000-000000000000/providers/Microsoft.Network/locations/westcentralus/operations/46ae6c41-11e8-4e9b-a071-624f57c9427a?api-version=2020-11-01
  response:
    body:
      string: "{\r\n  \"status\": \"Succeeded\"\r\n}"
    headers:
      cache-control:
      - no-cache
      content-length:
      - '29'
      content-type:
      - application/json; charset=utf-8
      date:
      - Thu, 04 Mar 2021 07:14:28 GMT
      expires:
      - '-1'
      pragma:
      - no-cache
      server:
      - Microsoft-HTTPAPI/2.0
      - Microsoft-HTTPAPI/2.0
      strict-transport-security:
      - max-age=31536000; includeSubDomains
      transfer-encoding:
      - chunked
      vary:
      - Accept-Encoding
      x-content-type-options:
      - nosniff
      x-ms-arm-service-request-id:
      - 4312dff9-45ad-40b0-81e8-cc359ef15ecc
    status:
      code: 200
      message: OK
- request:
    body: null
    headers:
      Accept:
      - '*/*'
      Accept-Encoding:
      - gzip, deflate
      CommandName:
      - network private-endpoint create
      Connection:
      - keep-alive
      ParameterSetName:
      - -n -g --subnet --vnet-name --private-connection-resource-id --group-ids --connection-name
        --manual-request
      User-Agent:
      - AZURECLI/2.20.0 azsdk-python-azure-mgmt-network/18.0.0 Python/3.7.3 (Windows-10-10.0.19041-SP0)
    method: GET
    uri: https://management.azure.com/subscriptions/00000000-0000-0000-0000-000000000000/resourceGroups/clitest.rg000001/providers/Microsoft.Network/privateEndpoints/priv_endpoint000004?api-version=2020-11-01
  response:
    body:
      string: "{\r\n  \"name\": \"priv_endpoint000004\",\r\n  \"id\": \"/subscriptions/00000000-0000-0000-0000-000000000000/resourceGroups/clitest.rg000001/providers/Microsoft.Network/privateEndpoints/priv_endpoint000004\",\r\n
        \ \"etag\": \"W/\\\"157b2465-0759-4ca9-887c-10af89c871be\\\"\",\r\n  \"type\":
        \"Microsoft.Network/privateEndpoints\",\r\n  \"location\": \"westcentralus\",\r\n
        \ \"properties\": {\r\n    \"provisioningState\": \"Succeeded\",\r\n    \"resourceGuid\":
        \"774b5cd1-4b80-47cd-81d5-99b20dc0ffdc\",\r\n    \"privateLinkServiceConnections\":
        [],\r\n    \"manualPrivateLinkServiceConnections\": [\r\n      {\r\n        \"name\":
        \"priv_endpointconn000005\",\r\n        \"id\": \"/subscriptions/00000000-0000-0000-0000-000000000000/resourceGroups/clitest.rg000001/providers/Microsoft.Network/privateEndpoints/priv_endpoint000004/manualPrivateLinkServiceConnections/priv_endpointconn000005\",\r\n
        \       \"etag\": \"W/\\\"157b2465-0759-4ca9-887c-10af89c871be\\\"\",\r\n
        \       \"properties\": {\r\n          \"provisioningState\": \"Succeeded\",\r\n
        \         \"privateLinkServiceId\": \"/subscriptions/00000000-0000-0000-0000-000000000000/resourceGroups/clitest.rg000001/providers/Microsoft.Batch/batchAccounts/testplinksbatch\",\r\n
        \         \"groupIds\": [\r\n            \"batchAccount\"\r\n          ],\r\n
        \         \"privateLinkServiceConnectionState\": {\r\n            \"status\":
        \"Pending\",\r\n            \"description\": \"Manual approval still required\",\r\n
        \           \"actionsRequired\": \"Manual approval request\"\r\n          }\r\n
        \       },\r\n        \"type\": \"Microsoft.Network/privateEndpoints/manualPrivateLinkServiceConnections\"\r\n
        \     }\r\n    ],\r\n    \"subnet\": {\r\n      \"id\": \"/subscriptions/00000000-0000-0000-0000-000000000000/resourceGroups/clitest.rg000001/providers/Microsoft.Network/virtualNetworks/testvnet000002/subnets/testsubnet000003\"\r\n
        \   },\r\n    \"networkInterfaces\": [\r\n      {\r\n        \"id\": \"/subscriptions/00000000-0000-0000-0000-000000000000/resourceGroups/clitest.rg000001/providers/Microsoft.Network/networkInterfaces/priv_endpoint000004.nic.8b82bdd7-a3e9-4769-9125-d21f2d31962f\"\r\n
        \     }\r\n    ],\r\n    \"customDnsConfigs\": []\r\n  }\r\n}"
    headers:
      cache-control:
      - no-cache
      content-length:
      - '2374'
      content-type:
      - application/json; charset=utf-8
      date:
      - Thu, 04 Mar 2021 07:14:29 GMT
      etag:
      - W/"157b2465-0759-4ca9-887c-10af89c871be"
      expires:
      - '-1'
      pragma:
      - no-cache
      server:
      - Microsoft-HTTPAPI/2.0
      - Microsoft-HTTPAPI/2.0
      strict-transport-security:
      - max-age=31536000; includeSubDomains
      transfer-encoding:
      - chunked
      vary:
      - Accept-Encoding
      x-content-type-options:
      - nosniff
      x-ms-arm-service-request-id:
      - 9e27f903-d2d3-4955-b012-1c3181a399da
    status:
      code: 200
      message: OK
- request:
    body: null
    headers:
      Accept:
      - '*/*'
      Accept-Encoding:
      - gzip, deflate
      CommandName:
      - network private-endpoint-connection list
      Connection:
      - keep-alive
      ParameterSetName:
      - --name --resource-group --type
      User-Agent:
      - python/3.7.3 (Windows-10-10.0.19041-SP0) AZURECLI/2.20.0
    method: GET
    uri: https://management.azure.com/subscriptions/00000000-0000-0000-0000-000000000000/resourceGroups/clitest.rg000001/providers/Microsoft.Batch/batchAccounts/testplinksbatch/privateEndpointConnections?api-version=2020-05-01
  response:
    body:
      string: '{"value":[{"id":"/subscriptions/00000000-0000-0000-0000-000000000000/resourceGroups/clitest.rg000001/providers/Microsoft.Batch/batchAccounts/testplinksbatch/privateEndpointConnections/priv_endpoint000004.774b5cd1-4b80-47cd-81d5-99b20dc0ffdc","name":"priv_endpoint000004.774b5cd1-4b80-47cd-81d5-99b20dc0ffdc","type":"Microsoft.Batch/batchAccounts/privateEndpointConnections","etag":"W/\"0x8D8DEDD11986F37\"","properties":{"provisioningState":"Succeeded","privateEndpoint":{"id":"/subscriptions/00000000-0000-0000-0000-000000000000/resourceGroups/clitest.rg000001/providers/Microsoft.Network/privateEndpoints/priv_endpoint000004"},"privateLinkServiceConnectionState":{"status":"Pending","description":"Manual
        approval still required","actionsRequired":"Manual approval request"}}}]}'
    headers:
      cache-control:
      - no-cache
      content-length:
      - '916'
      content-type:
      - application/json; charset=utf-8
      date:
      - Thu, 04 Mar 2021 07:14:31 GMT
      expires:
      - '-1'
      pragma:
      - no-cache
      server:
      - Microsoft-HTTPAPI/2.0
      strict-transport-security:
      - max-age=31536000; includeSubDomains
      transfer-encoding:
      - chunked
      vary:
      - Accept-Encoding
      x-content-type-options:
      - nosniff
    status:
      code: 200
      message: OK
- request:
    body: null
    headers:
      Accept:
      - application/json
      Accept-Encoding:
      - gzip, deflate
      CommandName:
      - batch account show
      Connection:
      - keep-alive
      ParameterSetName:
      - --name --resource-group
      User-Agent:
      - python/3.7.3 (Windows-10-10.0.19041-SP0) msrest/0.6.21 msrest_azure/0.6.3
        azure-mgmt-batch/9.0.0 Azure-SDK-For-Python AZURECLI/2.20.0
      accept-language:
      - en-US
    method: GET
    uri: https://management.azure.com/subscriptions/00000000-0000-0000-0000-000000000000/resourceGroups/clitest.rg000001/providers/Microsoft.Batch/batchAccounts/testplinksbatch?api-version=2020-05-01
  response:
    body:
      string: '{"id":"/subscriptions/00000000-0000-0000-0000-000000000000/resourceGroups/clitest.rg000001/providers/Microsoft.Batch/batchAccounts/testplinksbatch","name":"testplinksbatch","type":"Microsoft.Batch/batchAccounts","location":"westcentralus","properties":{"accountEndpoint":"testplinksbatch.westcentralus.batch.azure.com","provisioningState":"Succeeded","dedicatedCoreQuota":700,"dedicatedCoreQuotaPerVMFamily":[{"name":"standardAv2Family","coreQuota":100},{"name":"standardDv2Family","coreQuota":100},{"name":"standardDv3Family","coreQuota":100},{"name":"standardEv3Family","coreQuota":50},{"name":"standardDSv2Family","coreQuota":100},{"name":"standardDSv3Family","coreQuota":100},{"name":"standardESv3Family","coreQuota":50},{"name":"standardFFamily","coreQuota":50},{"name":"standardFSFamily","coreQuota":50},{"name":"standardA0_A7Family","coreQuota":0},{"name":"standardA8_A11Family","coreQuota":0},{"name":"standardDFamily","coreQuota":0},{"name":"standardGFamily","coreQuota":0},{"name":"basicAFamily","coreQuota":0},{"name":"standardNVFamily","coreQuota":0},{"name":"standardNVPromoFamily","coreQuota":0},{"name":"standardNCFamily","coreQuota":0},{"name":"standardNCPromoFamily","coreQuota":0},{"name":"standardHFamily","coreQuota":0},{"name":"standardHPromoFamily","coreQuota":0},{"name":"standardMSFamily","coreQuota":0},{"name":"standardDSFamily","coreQuota":0},{"name":"standardGSFamily","coreQuota":0},{"name":"standardLSFamily","coreQuota":0},{"name":"standardLSv2Family","coreQuota":0},{"name":"standardNCSv2Family","coreQuota":0},{"name":"standardNDSFamily","coreQuota":0},{"name":"standardNCSv3Family","coreQuota":0},{"name":"standardFSv2Family","coreQuota":0},{"name":"standardHBSFamily","coreQuota":0},{"name":"standardHCSFamily","coreQuota":0},{"name":"standardNVSv3Family","coreQuota":0},{"name":"standardHBrsv2Family","coreQuota":0},{"name":"standardDAv4Family","coreQuota":0},{"name":"standardDASv4Family","coreQuota":0},{"name":"standardEAv4Family","coreQuota":0},{"name":"standardEASv4Family","coreQuota":0},{"name":"standardDDv4Family","coreQuota":0},{"name":"standardDDSv4Family","coreQuota":0},{"name":"standardEDv4Family","coreQuota":0},{"name":"standardEDSv4Family","coreQuota":0},{"name":"standardMSv2Family","coreQuota":0},{"name":"standardEIv3Family","coreQuota":0},{"name":"standardNVSv4Family","coreQuota":0},{"name":"Standard
        NCASv3_T4 Family","coreQuota":0},{"name":"standardXEIDSv4Family","coreQuota":0}],"dedicatedCoreQuotaPerVMFamilyEnforced":true,"lowPriorityCoreQuota":500,"poolQuota":100,"activeJobAndJobScheduleQuota":300,"poolAllocationMode":"BatchService","publicNetworkAccess":"Disabled","privateEndpointConnections":[{"id":"/subscriptions/00000000-0000-0000-0000-000000000000/resourceGroups/clitest.rg000001/providers/Microsoft.Batch/batchAccounts/testplinksbatch/privateEndpointConnections/priv_endpoint000004.774b5cd1-4b80-47cd-81d5-99b20dc0ffdc","name":"priv_endpoint000004.774b5cd1-4b80-47cd-81d5-99b20dc0ffdc","type":"Microsoft.Batch/batchAccounts/privateEndpointConnections","properties":{"privateEndpoint":{"id":"/subscriptions/00000000-0000-0000-0000-000000000000/resourceGroups/clitest.rg000001/providers/Microsoft.Network/privateEndpoints/priv_endpoint000004"},"provisioningState":"Succeeded","privateLinkServiceConnectionState":{"status":"Pending","description":"Manual
        approval still required","actionsRequired":"Manual approval request"}}}],"encryption":{"keySource":"Microsoft.Batch"}},"identity":{"type":"None"}}'
    headers:
      cache-control:
      - no-cache
      content-length:
      - '3667'
      content-type:
      - application/json; charset=utf-8
      date:
      - Thu, 04 Mar 2021 07:14:33 GMT
      etag:
      - '"0x8D8DEDCFA92790A"'
      expires:
      - '-1'
      last-modified:
      - Thu, 04 Mar 2021 07:13:15 GMT
      pragma:
      - no-cache
      server:
      - Microsoft-HTTPAPI/2.0
      strict-transport-security:
      - max-age=31536000; includeSubDomains
      transfer-encoding:
      - chunked
      vary:
      - Accept-Encoding
      x-content-type-options:
      - nosniff
    status:
      code: 200
      message: OK
- request:
    body: '{"properties": {"privateLinkServiceConnectionState": {"status": "Approved",
      "description": "You are approved!"}}}'
    headers:
      Accept:
      - application/json
      Accept-Encoding:
      - gzip, deflate
      CommandName:
      - network private-endpoint-connection approve
      Connection:
      - keep-alive
      Content-Length:
      - '113'
      Content-Type:
      - application/json; charset=utf-8
      ParameterSetName:
      - --resource-name --name --resource-group --type --description
      User-Agent:
      - python/3.7.3 (Windows-10-10.0.19041-SP0) msrest/0.6.21 msrest_azure/0.6.3
        azure-mgmt-batch/9.0.0 Azure-SDK-For-Python AZURECLI/2.20.0
      accept-language:
      - en-US
    method: PATCH
    uri: https://management.azure.com/subscriptions/00000000-0000-0000-0000-000000000000/resourceGroups/clitest.rg000001/providers/Microsoft.Batch/batchAccounts/testplinksbatch/privateEndpointConnections/priv_endpoint000004.774b5cd1-4b80-47cd-81d5-99b20dc0ffdc?api-version=2020-05-01
  response:
    body:
      string: '{"id":"/subscriptions/00000000-0000-0000-0000-000000000000/resourceGroups/clitest.rg000001/providers/Microsoft.Batch/batchAccounts/testplinksbatch/privateEndpointConnections/priv_endpoint000004.774b5cd1-4b80-47cd-81d5-99b20dc0ffdc","name":"priv_endpoint000004.774b5cd1-4b80-47cd-81d5-99b20dc0ffdc","type":"Microsoft.Batch/batchAccounts/privateEndpointConnections","etag":"W/\"0x8D8DEDD11986F37\"","properties":{"provisioningState":"Updating","privateEndpoint":{"id":"/subscriptions/00000000-0000-0000-0000-000000000000/resourceGroups/clitest.rg000001/providers/Microsoft.Network/privateEndpoints/priv_endpoint000004"},"privateLinkServiceConnectionState":{"status":"Approved","description":"You
        are approved!","actionsRequired":"Manual approval request"}}}'
    headers:
      azure-asyncoperation:
      - https://management.azure.com/subscriptions/00000000-0000-0000-0000-000000000000/resourceGroups/clitest.rg000001/providers/Microsoft.Batch/batchAccounts/testplinksbatch/privateEndpointConnectionResults/Updating$priv_endpoint000004.774b5cd1-4b80-47cd-81d5-99b20dc0ffdc$0022d9f1-2157-42d4-8cd6-860ca1feadf2?api-version=2020-05-01
      cache-control:
      - no-cache
      content-length:
      - '891'
      content-type:
      - application/json; charset=utf-8
      date:
      - Thu, 04 Mar 2021 07:14:34 GMT
      etag:
      - W/"0x8D8DEDD11986F37"
      expires:
      - '-1'
      last-modified:
      - Thu, 04 Mar 2021 07:13:53 GMT
      location:
      - https://management.azure.com/subscriptions/00000000-0000-0000-0000-000000000000/resourceGroups/clitest.rg000001/providers/Microsoft.Batch/batchAccounts/testplinksbatch/privateEndpointConnectionResults/Updating$priv_endpoint000004.774b5cd1-4b80-47cd-81d5-99b20dc0ffdc$0022d9f1-2157-42d4-8cd6-860ca1feadf2?api-version=2020-05-01
      pragma:
      - no-cache
      server:
      - Microsoft-HTTPAPI/2.0
      strict-transport-security:
      - max-age=31536000; includeSubDomains
      x-content-type-options:
      - nosniff
      x-ms-ratelimit-remaining-subscription-writes:
      - '1170'
    status:
      code: 202
      message: Accepted
- request:
    body: null
    headers:
      Accept:
      - application/json
      Accept-Encoding:
      - gzip, deflate
      CommandName:
      - network private-endpoint-connection approve
      Connection:
      - keep-alive
      ParameterSetName:
      - --resource-name --name --resource-group --type --description
      User-Agent:
      - python/3.7.3 (Windows-10-10.0.19041-SP0) msrest/0.6.21 msrest_azure/0.6.3
        azure-mgmt-batch/9.0.0 Azure-SDK-For-Python AZURECLI/2.20.0
    method: GET
    uri: https://management.azure.com/subscriptions/00000000-0000-0000-0000-000000000000/resourceGroups/clitest.rg000001/providers/Microsoft.Batch/batchAccounts/testplinksbatch/privateEndpointConnectionResults/Updating$priv_endpoint000004.774b5cd1-4b80-47cd-81d5-99b20dc0ffdc$0022d9f1-2157-42d4-8cd6-860ca1feadf2?api-version=2020-05-01
  response:
    body:
      string: '{"status":"Succeeded","retryAfter":0}'
    headers:
      cache-control:
      - no-cache
      content-length:
      - '37'
      content-type:
      - application/json; charset=utf-8
      date:
      - Thu, 04 Mar 2021 07:14:51 GMT
      expires:
      - '-1'
      pragma:
      - no-cache
      server:
      - Microsoft-HTTPAPI/2.0
      strict-transport-security:
      - max-age=31536000; includeSubDomains
      transfer-encoding:
      - chunked
      vary:
      - Accept-Encoding
      x-content-type-options:
      - nosniff
    status:
      code: 200
      message: OK
- request:
    body: null
    headers:
      Accept:
      - application/json
      Accept-Encoding:
      - gzip, deflate
      CommandName:
      - network private-endpoint-connection approve
      Connection:
      - keep-alive
      ParameterSetName:
      - --resource-name --name --resource-group --type --description
      User-Agent:
      - python/3.7.3 (Windows-10-10.0.19041-SP0) msrest/0.6.21 msrest_azure/0.6.3
        azure-mgmt-batch/9.0.0 Azure-SDK-For-Python AZURECLI/2.20.0
    method: GET
    uri: https://management.azure.com/subscriptions/00000000-0000-0000-0000-000000000000/resourceGroups/clitest.rg000001/providers/Microsoft.Batch/batchAccounts/testplinksbatch/privateEndpointConnections/priv_endpoint000004.774b5cd1-4b80-47cd-81d5-99b20dc0ffdc?api-version=2020-05-01
  response:
    body:
      string: '{"id":"/subscriptions/00000000-0000-0000-0000-000000000000/resourceGroups/clitest.rg000001/providers/Microsoft.Batch/batchAccounts/testplinksbatch/privateEndpointConnections/priv_endpoint000004.774b5cd1-4b80-47cd-81d5-99b20dc0ffdc","name":"priv_endpoint000004.774b5cd1-4b80-47cd-81d5-99b20dc0ffdc","type":"Microsoft.Batch/batchAccounts/privateEndpointConnections","etag":"W/\"0x8D8DEDD11986F37\"","properties":{"provisioningState":"Succeeded","privateEndpoint":{"id":"/subscriptions/00000000-0000-0000-0000-000000000000/resourceGroups/clitest.rg000001/providers/Microsoft.Network/privateEndpoints/priv_endpoint000004"},"privateLinkServiceConnectionState":{"status":"Approved","description":"You
        are approved!","actionsRequired":"Manual approval request"}}}'
    headers:
      cache-control:
      - no-cache
      content-length:
      - '892'
      content-type:
      - application/json; charset=utf-8
      date:
      - Thu, 04 Mar 2021 07:14:51 GMT
      etag:
      - W/"0x8D8DEDD11986F37"
      expires:
      - '-1'
      last-modified:
      - Thu, 04 Mar 2021 07:13:53 GMT
      pragma:
      - no-cache
      server:
      - Microsoft-HTTPAPI/2.0
      strict-transport-security:
      - max-age=31536000; includeSubDomains
      transfer-encoding:
      - chunked
      vary:
      - Accept-Encoding
      x-content-type-options:
      - nosniff
    status:
      code: 200
      message: OK
- request:
    body: null
    headers:
      Accept:
      - '*/*'
      Accept-Encoding:
      - gzip, deflate
      CommandName:
      - network private-endpoint-connection show
      Connection:
      - keep-alive
      ParameterSetName:
      - --resource-name --name --resource-group --type
      User-Agent:
      - python/3.7.3 (Windows-10-10.0.19041-SP0) AZURECLI/2.20.0
    method: GET
    uri: https://management.azure.com/subscriptions/00000000-0000-0000-0000-000000000000/resourceGroups/clitest.rg000001/providers/Microsoft.Batch/batchAccounts/testplinksbatch/privateEndpointConnections/priv_endpoint000004.774b5cd1-4b80-47cd-81d5-99b20dc0ffdc?api-version=2020-05-01
  response:
    body:
      string: '{"id":"/subscriptions/00000000-0000-0000-0000-000000000000/resourceGroups/clitest.rg000001/providers/Microsoft.Batch/batchAccounts/testplinksbatch/privateEndpointConnections/priv_endpoint000004.774b5cd1-4b80-47cd-81d5-99b20dc0ffdc","name":"priv_endpoint000004.774b5cd1-4b80-47cd-81d5-99b20dc0ffdc","type":"Microsoft.Batch/batchAccounts/privateEndpointConnections","etag":"W/\"0x8D8DEDD11986F37\"","properties":{"provisioningState":"Succeeded","privateEndpoint":{"id":"/subscriptions/00000000-0000-0000-0000-000000000000/resourceGroups/clitest.rg000001/providers/Microsoft.Network/privateEndpoints/priv_endpoint000004"},"privateLinkServiceConnectionState":{"status":"Approved","description":"You
        are approved!","actionsRequired":"Manual approval request"}}}'
    headers:
      cache-control:
      - no-cache
      content-length:
      - '892'
      content-type:
      - application/json; charset=utf-8
      date:
      - Thu, 04 Mar 2021 07:14:53 GMT
      etag:
      - W/"0x8D8DEDD11986F37"
      expires:
      - '-1'
      last-modified:
      - Thu, 04 Mar 2021 07:13:53 GMT
      pragma:
      - no-cache
      server:
      - Microsoft-HTTPAPI/2.0
      strict-transport-security:
      - max-age=31536000; includeSubDomains
      transfer-encoding:
      - chunked
      vary:
      - Accept-Encoding
      x-content-type-options:
      - nosniff
    status:
      code: 200
      message: OK
- request:
    body: '{"properties": {"privateLinkServiceConnectionState": {"status": "Rejected",
      "description": "You are rejected!"}}}'
    headers:
      Accept:
      - application/json
      Accept-Encoding:
      - gzip, deflate
      CommandName:
      - network private-endpoint-connection reject
      Connection:
      - keep-alive
      Content-Length:
      - '113'
      Content-Type:
      - application/json; charset=utf-8
      ParameterSetName:
      - --resource-name --name --resource-group --type --description
      User-Agent:
      - python/3.7.3 (Windows-10-10.0.19041-SP0) msrest/0.6.21 msrest_azure/0.6.3
        azure-mgmt-batch/9.0.0 Azure-SDK-For-Python AZURECLI/2.20.0
      accept-language:
      - en-US
    method: PATCH
    uri: https://management.azure.com/subscriptions/00000000-0000-0000-0000-000000000000/resourceGroups/clitest.rg000001/providers/Microsoft.Batch/batchAccounts/testplinksbatch/privateEndpointConnections/priv_endpoint000004.774b5cd1-4b80-47cd-81d5-99b20dc0ffdc?api-version=2020-05-01
  response:
    body:
      string: '{"id":"/subscriptions/00000000-0000-0000-0000-000000000000/resourceGroups/clitest.rg000001/providers/Microsoft.Batch/batchAccounts/testplinksbatch/privateEndpointConnections/priv_endpoint000004.774b5cd1-4b80-47cd-81d5-99b20dc0ffdc","name":"priv_endpoint000004.774b5cd1-4b80-47cd-81d5-99b20dc0ffdc","type":"Microsoft.Batch/batchAccounts/privateEndpointConnections","etag":"W/\"0x8D8DEDD11986F37\"","properties":{"provisioningState":"Updating","privateEndpoint":{"id":"/subscriptions/00000000-0000-0000-0000-000000000000/resourceGroups/clitest.rg000001/providers/Microsoft.Network/privateEndpoints/priv_endpoint000004"},"privateLinkServiceConnectionState":{"status":"Rejected","description":"You
        are rejected!","actionsRequired":"Manual approval request"}}}'
    headers:
      azure-asyncoperation:
      - https://management.azure.com/subscriptions/00000000-0000-0000-0000-000000000000/resourceGroups/clitest.rg000001/providers/Microsoft.Batch/batchAccounts/testplinksbatch/privateEndpointConnectionResults/Updating$priv_endpoint000004.774b5cd1-4b80-47cd-81d5-99b20dc0ffdc$d91549a8-2974-4c40-ad6c-ec7f137f1681?api-version=2020-05-01
      cache-control:
      - no-cache
      content-length:
      - '891'
      content-type:
      - application/json; charset=utf-8
      date:
      - Thu, 04 Mar 2021 07:14:54 GMT
      etag:
      - W/"0x8D8DEDD11986F37"
      expires:
      - '-1'
      last-modified:
      - Thu, 04 Mar 2021 07:13:53 GMT
      location:
      - https://management.azure.com/subscriptions/00000000-0000-0000-0000-000000000000/resourceGroups/clitest.rg000001/providers/Microsoft.Batch/batchAccounts/testplinksbatch/privateEndpointConnectionResults/Updating$priv_endpoint000004.774b5cd1-4b80-47cd-81d5-99b20dc0ffdc$d91549a8-2974-4c40-ad6c-ec7f137f1681?api-version=2020-05-01
      pragma:
      - no-cache
      server:
      - Microsoft-HTTPAPI/2.0
      strict-transport-security:
      - max-age=31536000; includeSubDomains
      x-content-type-options:
      - nosniff
      x-ms-ratelimit-remaining-subscription-writes:
      - '1198'
    status:
      code: 202
      message: Accepted
- request:
    body: null
    headers:
      Accept:
      - application/json
      Accept-Encoding:
      - gzip, deflate
      CommandName:
      - network private-endpoint-connection reject
      Connection:
      - keep-alive
      ParameterSetName:
      - --resource-name --name --resource-group --type --description
      User-Agent:
      - python/3.7.3 (Windows-10-10.0.19041-SP0) msrest/0.6.21 msrest_azure/0.6.3
        azure-mgmt-batch/9.0.0 Azure-SDK-For-Python AZURECLI/2.20.0
    method: GET
    uri: https://management.azure.com/subscriptions/00000000-0000-0000-0000-000000000000/resourceGroups/clitest.rg000001/providers/Microsoft.Batch/batchAccounts/testplinksbatch/privateEndpointConnectionResults/Updating$priv_endpoint000004.774b5cd1-4b80-47cd-81d5-99b20dc0ffdc$d91549a8-2974-4c40-ad6c-ec7f137f1681?api-version=2020-05-01
  response:
    body:
      string: '{"status":"Succeeded","retryAfter":0}'
    headers:
      cache-control:
      - no-cache
      content-length:
      - '37'
      content-type:
      - application/json; charset=utf-8
      date:
      - Thu, 04 Mar 2021 07:15:11 GMT
      expires:
      - '-1'
      pragma:
      - no-cache
      server:
      - Microsoft-HTTPAPI/2.0
      strict-transport-security:
      - max-age=31536000; includeSubDomains
      transfer-encoding:
      - chunked
      vary:
      - Accept-Encoding
      x-content-type-options:
      - nosniff
    status:
      code: 200
      message: OK
- request:
    body: null
    headers:
      Accept:
      - application/json
      Accept-Encoding:
      - gzip, deflate
      CommandName:
      - network private-endpoint-connection reject
      Connection:
      - keep-alive
      ParameterSetName:
      - --resource-name --name --resource-group --type --description
      User-Agent:
      - python/3.7.3 (Windows-10-10.0.19041-SP0) msrest/0.6.21 msrest_azure/0.6.3
        azure-mgmt-batch/9.0.0 Azure-SDK-For-Python AZURECLI/2.20.0
    method: GET
    uri: https://management.azure.com/subscriptions/00000000-0000-0000-0000-000000000000/resourceGroups/clitest.rg000001/providers/Microsoft.Batch/batchAccounts/testplinksbatch/privateEndpointConnections/priv_endpoint000004.774b5cd1-4b80-47cd-81d5-99b20dc0ffdc?api-version=2020-05-01
  response:
    body:
      string: '{"id":"/subscriptions/00000000-0000-0000-0000-000000000000/resourceGroups/clitest.rg000001/providers/Microsoft.Batch/batchAccounts/testplinksbatch/privateEndpointConnections/priv_endpoint000004.774b5cd1-4b80-47cd-81d5-99b20dc0ffdc","name":"priv_endpoint000004.774b5cd1-4b80-47cd-81d5-99b20dc0ffdc","type":"Microsoft.Batch/batchAccounts/privateEndpointConnections","etag":"W/\"0x8D8DEDD11986F37\"","properties":{"provisioningState":"Succeeded","privateEndpoint":{"id":"/subscriptions/00000000-0000-0000-0000-000000000000/resourceGroups/clitest.rg000001/providers/Microsoft.Network/privateEndpoints/priv_endpoint000004"},"privateLinkServiceConnectionState":{"status":"Rejected","description":"You
        are rejected!","actionsRequired":"Manual approval request"}}}'
    headers:
      cache-control:
      - no-cache
      content-length:
      - '892'
      content-type:
      - application/json; charset=utf-8
      date:
      - Thu, 04 Mar 2021 07:15:11 GMT
      etag:
      - W/"0x8D8DEDD11986F37"
      expires:
      - '-1'
      last-modified:
      - Thu, 04 Mar 2021 07:13:53 GMT
      pragma:
      - no-cache
      server:
      - Microsoft-HTTPAPI/2.0
      strict-transport-security:
      - max-age=31536000; includeSubDomains
      transfer-encoding:
      - chunked
      vary:
      - Accept-Encoding
      x-content-type-options:
      - nosniff
    status:
      code: 200
      message: OK
- request:
    body: null
    headers:
      Accept:
      - '*/*'
      Accept-Encoding:
      - gzip, deflate
      CommandName:
      - network private-endpoint-connection show
      Connection:
      - keep-alive
      ParameterSetName:
      - --id
      User-Agent:
      - python/3.7.3 (Windows-10-10.0.19041-SP0) AZURECLI/2.20.0
    method: GET
    uri: https://management.azure.com/subscriptions/00000000-0000-0000-0000-000000000000/resourceGroups/clitest.rg000001/providers/Microsoft.Batch/batchAccounts/testplinksbatch/privateEndpointConnections/priv_endpoint000004.774b5cd1-4b80-47cd-81d5-99b20dc0ffdc?api-version=2020-05-01
  response:
    body:
      string: '{"id":"/subscriptions/00000000-0000-0000-0000-000000000000/resourceGroups/clitest.rg000001/providers/Microsoft.Batch/batchAccounts/testplinksbatch/privateEndpointConnections/priv_endpoint000004.774b5cd1-4b80-47cd-81d5-99b20dc0ffdc","name":"priv_endpoint000004.774b5cd1-4b80-47cd-81d5-99b20dc0ffdc","type":"Microsoft.Batch/batchAccounts/privateEndpointConnections","etag":"W/\"0x8D8DEDD11986F37\"","properties":{"provisioningState":"Succeeded","privateEndpoint":{"id":"/subscriptions/00000000-0000-0000-0000-000000000000/resourceGroups/clitest.rg000001/providers/Microsoft.Network/privateEndpoints/priv_endpoint000004"},"privateLinkServiceConnectionState":{"status":"Rejected","description":"You
        are rejected!","actionsRequired":"Manual approval request"}}}'
    headers:
      cache-control:
      - no-cache
      content-length:
      - '892'
      content-type:
      - application/json; charset=utf-8
      date:
      - Thu, 04 Mar 2021 07:15:13 GMT
      etag:
      - W/"0x8D8DEDD11986F37"
      expires:
      - '-1'
      last-modified:
      - Thu, 04 Mar 2021 07:13:53 GMT
      pragma:
      - no-cache
      server:
      - Microsoft-HTTPAPI/2.0
      strict-transport-security:
      - max-age=31536000; includeSubDomains
      transfer-encoding:
      - chunked
      vary:
      - Accept-Encoding
      x-content-type-options:
      - nosniff
    status:
      code: 200
      message: OK
- request:
    body: null
    headers:
      Accept:
      - application/json
      Accept-Encoding:
      - gzip, deflate
      CommandName:
      - network private-endpoint delete
      Connection:
      - keep-alive
      Content-Length:
      - '0'
      ParameterSetName:
      - -n -g
      User-Agent:
      - AZURECLI/2.20.0 azsdk-python-azure-mgmt-network/18.0.0 Python/3.7.3 (Windows-10-10.0.19041-SP0)
    method: DELETE
    uri: https://management.azure.com/subscriptions/00000000-0000-0000-0000-000000000000/resourceGroups/clitest.rg000001/providers/Microsoft.Network/privateEndpoints/priv_endpoint000004?api-version=2020-11-01
  response:
    body:
      string: ''
    headers:
      azure-asyncoperation:
      - https://management.azure.com/subscriptions/00000000-0000-0000-0000-000000000000/providers/Microsoft.Network/locations/westcentralus/operations/2db69eaa-15d2-44f3-9a34-685abd7966df?api-version=2020-11-01
      cache-control:
      - no-cache
      content-length:
      - '0'
      date:
      - Thu, 04 Mar 2021 07:15:15 GMT
      expires:
      - '-1'
      location:
      - https://management.azure.com/subscriptions/00000000-0000-0000-0000-000000000000/providers/Microsoft.Network/locations/westcentralus/operationResults/2db69eaa-15d2-44f3-9a34-685abd7966df?api-version=2020-11-01
      pragma:
      - no-cache
      server:
      - Microsoft-HTTPAPI/2.0
      - Microsoft-HTTPAPI/2.0
      strict-transport-security:
      - max-age=31536000; includeSubDomains
      x-content-type-options:
      - nosniff
      x-ms-arm-service-request-id:
      - a692cde2-43f5-4d98-a941-b71a880a456f
      x-ms-ratelimit-remaining-subscription-deletes:
      - '14996'
    status:
      code: 202
      message: Accepted
- request:
    body: null
    headers:
      Accept:
      - '*/*'
      Accept-Encoding:
      - gzip, deflate
      CommandName:
      - network private-endpoint delete
      Connection:
      - keep-alive
      ParameterSetName:
      - -n -g
      User-Agent:
      - AZURECLI/2.20.0 azsdk-python-azure-mgmt-network/18.0.0 Python/3.7.3 (Windows-10-10.0.19041-SP0)
    method: GET
    uri: https://management.azure.com/subscriptions/00000000-0000-0000-0000-000000000000/providers/Microsoft.Network/locations/westcentralus/operations/2db69eaa-15d2-44f3-9a34-685abd7966df?api-version=2020-11-01
  response:
    body:
      string: "{\r\n  \"status\": \"Succeeded\"\r\n}"
    headers:
      cache-control:
      - no-cache
      content-length:
      - '29'
      content-type:
      - application/json; charset=utf-8
      date:
      - Thu, 04 Mar 2021 07:15:25 GMT
      expires:
      - '-1'
      pragma:
      - no-cache
      server:
      - Microsoft-HTTPAPI/2.0
      - Microsoft-HTTPAPI/2.0
      strict-transport-security:
      - max-age=31536000; includeSubDomains
      transfer-encoding:
      - chunked
      vary:
      - Accept-Encoding
      x-content-type-options:
      - nosniff
      x-ms-arm-service-request-id:
      - 6596a410-b4fd-49a5-9299-bd2c74b91483
    status:
      code: 200
      message: OK
version: 1
