interactions:
- request:
    body: '{"location": "centralus", "properties": {"addressSpace": {"addressPrefixes":
      ["10.0.0.0/16"]}, "enableDdosProtection": false, "enableVmProtection": false,
      "subnets": [{"name": "subnet1", "properties": {"addressPrefix": "10.0.0.0/24"}}]}}'
    headers:
      Accept:
      - application/json
      Accept-Encoding:
      - gzip, deflate
      CommandName:
      - network vnet create
      Connection:
      - keep-alive
      Content-Length:
      - '237'
      Content-Type:
      - application/json
      ParameterSetName:
      - -g -n --subnet-name -l
      User-Agent:
      - AZURECLI/2.42.0 (PIP) (AAZ) azsdk-python-core/1.24.0 Python/3.8.10 (Windows-10-10.0.19045-SP0)
    method: PUT
    uri: https://management.azure.com/subscriptions/00000000-0000-0000-0000-000000000000/resourceGroups/cli_test_network_private_link_service000001/providers/Microsoft.Network/virtualNetworks/vnet1?api-version=2022-01-01
  response:
    body:
      string: "{\r\n  \"name\": \"vnet1\",\r\n  \"id\": \"/subscriptions/00000000-0000-0000-0000-000000000000/resourceGroups/cli_test_network_private_link_service000001/providers/Microsoft.Network/virtualNetworks/vnet1\",\r\n
        \ \"etag\": \"W/\\\"8ce81039-781a-4f0a-8c6e-39e3ade0abf0\\\"\",\r\n  \"type\":
        \"Microsoft.Network/virtualNetworks\",\r\n  \"location\": \"centralus\",\r\n
        \ \"properties\": {\r\n    \"provisioningState\": \"Updating\",\r\n    \"resourceGuid\":
        \"2836ae10-f689-4a89-a4d1-affae0c0f1ca\",\r\n    \"addressSpace\": {\r\n      \"addressPrefixes\":
        [\r\n        \"10.0.0.0/16\"\r\n      ]\r\n    },\r\n    \"subnets\": [\r\n
        \     {\r\n        \"name\": \"subnet1\",\r\n        \"id\": \"/subscriptions/00000000-0000-0000-0000-000000000000/resourceGroups/cli_test_network_private_link_service000001/providers/Microsoft.Network/virtualNetworks/vnet1/subnets/subnet1\",\r\n
        \       \"etag\": \"W/\\\"8ce81039-781a-4f0a-8c6e-39e3ade0abf0\\\"\",\r\n
        \       \"properties\": {\r\n          \"provisioningState\": \"Updating\",\r\n
        \         \"addressPrefix\": \"10.0.0.0/24\",\r\n          \"delegations\":
        [],\r\n          \"privateEndpointNetworkPolicies\": \"Disabled\",\r\n          \"privateLinkServiceNetworkPolicies\":
        \"Enabled\"\r\n        },\r\n        \"type\": \"Microsoft.Network/virtualNetworks/subnets\"\r\n
        \     }\r\n    ],\r\n    \"virtualNetworkPeerings\": [],\r\n    \"enableDdosProtection\":
        false\r\n  }\r\n}"
    headers:
      azure-asyncnotification:
      - Enabled
      azure-asyncoperation:
      - https://management.azure.com/subscriptions/00000000-0000-0000-0000-000000000000/providers/Microsoft.Network/locations/centralus/operations/a2a6cff8-de0b-4b87-8a73-6f16ad527797?api-version=2022-01-01
      cache-control:
      - no-cache
      content-length:
      - '1274'
      content-type:
      - application/json; charset=utf-8
      date:
      - Wed, 23 Nov 2022 06:52:17 GMT
      expires:
      - '-1'
      pragma:
      - no-cache
      server:
      - Microsoft-HTTPAPI/2.0
      - Microsoft-HTTPAPI/2.0
      strict-transport-security:
      - max-age=31536000; includeSubDomains
      x-content-type-options:
      - nosniff
      x-ms-arm-service-request-id:
      - 1b2163db-0636-4472-b53e-e4dd320bef09
      x-ms-ratelimit-remaining-subscription-writes:
      - '1197'
    status:
      code: 201
      message: Created
- request:
    body: null
    headers:
      Accept:
      - '*/*'
      Accept-Encoding:
      - gzip, deflate
      CommandName:
      - network vnet create
      Connection:
      - keep-alive
      ParameterSetName:
      - -g -n --subnet-name -l
      User-Agent:
      - AZURECLI/2.42.0 (PIP) (AAZ) azsdk-python-core/1.24.0 Python/3.8.10 (Windows-10-10.0.19045-SP0)
    method: GET
    uri: https://management.azure.com/subscriptions/00000000-0000-0000-0000-000000000000/providers/Microsoft.Network/locations/centralus/operations/a2a6cff8-de0b-4b87-8a73-6f16ad527797?api-version=2022-01-01
  response:
    body:
      string: "{\r\n  \"status\": \"Succeeded\"\r\n}"
    headers:
      cache-control:
      - no-cache
      content-length:
      - '29'
      content-type:
      - application/json; charset=utf-8
      date:
      - Wed, 23 Nov 2022 06:52:20 GMT
      expires:
      - '-1'
      pragma:
      - no-cache
      server:
      - Microsoft-HTTPAPI/2.0
      - Microsoft-HTTPAPI/2.0
      strict-transport-security:
      - max-age=31536000; includeSubDomains
      transfer-encoding:
      - chunked
      vary:
      - Accept-Encoding
      x-content-type-options:
      - nosniff
      x-ms-arm-service-request-id:
      - fb2a2793-1942-457c-bdb6-90c60e9ac6e0
    status:
      code: 200
      message: OK
- request:
    body: null
    headers:
      Accept:
      - '*/*'
      Accept-Encoding:
      - gzip, deflate
      CommandName:
      - network vnet create
      Connection:
      - keep-alive
      ParameterSetName:
      - -g -n --subnet-name -l
      User-Agent:
      - AZURECLI/2.42.0 (PIP) (AAZ) azsdk-python-core/1.24.0 Python/3.8.10 (Windows-10-10.0.19045-SP0)
    method: GET
    uri: https://management.azure.com/subscriptions/00000000-0000-0000-0000-000000000000/resourceGroups/cli_test_network_private_link_service000001/providers/Microsoft.Network/virtualNetworks/vnet1?api-version=2022-01-01
  response:
    body:
      string: "{\r\n  \"name\": \"vnet1\",\r\n  \"id\": \"/subscriptions/00000000-0000-0000-0000-000000000000/resourceGroups/cli_test_network_private_link_service000001/providers/Microsoft.Network/virtualNetworks/vnet1\",\r\n
        \ \"etag\": \"W/\\\"119974dc-71e3-4d2b-bc13-c11d38b86621\\\"\",\r\n  \"type\":
        \"Microsoft.Network/virtualNetworks\",\r\n  \"location\": \"centralus\",\r\n
        \ \"properties\": {\r\n    \"provisioningState\": \"Succeeded\",\r\n    \"resourceGuid\":
        \"2836ae10-f689-4a89-a4d1-affae0c0f1ca\",\r\n    \"addressSpace\": {\r\n      \"addressPrefixes\":
        [\r\n        \"10.0.0.0/16\"\r\n      ]\r\n    },\r\n    \"subnets\": [\r\n
        \     {\r\n        \"name\": \"subnet1\",\r\n        \"id\": \"/subscriptions/00000000-0000-0000-0000-000000000000/resourceGroups/cli_test_network_private_link_service000001/providers/Microsoft.Network/virtualNetworks/vnet1/subnets/subnet1\",\r\n
        \       \"etag\": \"W/\\\"119974dc-71e3-4d2b-bc13-c11d38b86621\\\"\",\r\n
        \       \"properties\": {\r\n          \"provisioningState\": \"Succeeded\",\r\n
        \         \"addressPrefix\": \"10.0.0.0/24\",\r\n          \"delegations\":
        [],\r\n          \"privateEndpointNetworkPolicies\": \"Disabled\",\r\n          \"privateLinkServiceNetworkPolicies\":
        \"Enabled\"\r\n        },\r\n        \"type\": \"Microsoft.Network/virtualNetworks/subnets\"\r\n
        \     }\r\n    ],\r\n    \"virtualNetworkPeerings\": [],\r\n    \"enableDdosProtection\":
        false\r\n  }\r\n}"
    headers:
      cache-control:
      - no-cache
      content-length:
      - '1276'
      content-type:
      - application/json; charset=utf-8
      date:
      - Wed, 23 Nov 2022 06:52:21 GMT
      etag:
      - W/"119974dc-71e3-4d2b-bc13-c11d38b86621"
      expires:
      - '-1'
      pragma:
      - no-cache
      server:
      - Microsoft-HTTPAPI/2.0
      - Microsoft-HTTPAPI/2.0
      strict-transport-security:
      - max-age=31536000; includeSubDomains
      transfer-encoding:
      - chunked
      vary:
      - Accept-Encoding
      x-content-type-options:
      - nosniff
      x-ms-arm-service-request-id:
      - 0b205d5b-557c-4fba-977e-2060c6c9b24a
    status:
      code: 200
      message: OK
- request:
    body: null
    headers:
      Accept:
      - application/json
      Accept-Encoding:
      - gzip, deflate
      CommandName:
      - network lb create
      Connection:
      - keep-alive
      ParameterSetName:
      - -g -l -n --public-ip-address --sku
      User-Agent:
      - AZURECLI/2.42.0 (PIP) azsdk-python-azure-mgmt-resource/21.1.0b1 Python/3.8.10
        (Windows-10-10.0.19045-SP0)
    method: GET
    uri: https://management.azure.com/subscriptions/00000000-0000-0000-0000-000000000000/resources?$filter=resourceGroup%20eq%20%27cli_test_network_private_link_service000001%27%20and%20name%20eq%20%27pubip1%27%20and%20resourceType%20eq%20%27Microsoft.Network%2FpublicIPAddresses%27&api-version=2021-04-01
  response:
    body:
      string: '{"value":[],"nextLink":"https://management.azure.com/subscriptions/00000000-0000-0000-0000-000000000000/resources?%24filter=resourceGroup+eq+%27cli_test_network_private_link_service000001%27+and+name+eq+%27pubip1%27+and+resourceType+eq+%27Microsoft.Network%2fpublicIPAddresses%27&api-version=2021-04-01&%24skiptoken=eyJuZXh0UGFydGl0aW9uS2V5IjoiMSE4IU9FTTVOa1UtIiwibmV4dFJvd0tleSI6IjEhMTc2IU1FSXhSalkwTnpFeFFrWXdORVJFUVVGRlF6TkRRamt5TnpKR01EazFPVEJmUjFKTUxWcElTVmxKU0ZWQlRrYzZNa1JTUnpveVJFVlZRVkF0VFVsRFVrOVRUMFpVT2pKRlUxUlBVa0ZIUlRveVJsTlVUMUpCUjBWQlEwTlBWVTVVVXpveVJscElTVmxKU0ZWQlRrZFRRVVZWUVZBdFEwVk9WRkpCVEZWVFJWVkJVQS0tIn0%3d"}'
    headers:
      cache-control:
      - no-cache
      content-length:
      - '632'
      content-type:
      - application/json; charset=utf-8
      date:
      - Wed, 23 Nov 2022 06:52:22 GMT
      expires:
      - '-1'
      pragma:
      - no-cache
      strict-transport-security:
      - max-age=31536000; includeSubDomains
      vary:
      - Accept-Encoding
      x-content-type-options:
      - nosniff
    status:
      code: 200
      message: OK
- request:
    body: null
    headers:
      Accept:
      - application/json
      Accept-Encoding:
      - gzip, deflate
      CommandName:
      - network lb create
      Connection:
      - keep-alive
      ParameterSetName:
      - -g -l -n --public-ip-address --sku
      User-Agent:
      - AZURECLI/2.42.0 (PIP) azsdk-python-azure-mgmt-resource/21.1.0b1 Python/3.8.10
        (Windows-10-10.0.19045-SP0)
    method: GET
    uri: https://management.azure.com/subscriptions/00000000-0000-0000-0000-000000000000/resources?api-version=2021-04-01&%24filter=resourceGroup+eq+%27cli_test_network_private_link_service000001%27+and+name+eq+%27pubip1%27+and+resourceType+eq+%27Microsoft.Network%2FpublicIPAddresses%27&%24skiptoken=eyJuZXh0UGFydGl0aW9uS2V5IjoiMSE4IU9FTTVOa1UtIiwibmV4dFJvd0tleSI6IjEhMTc2IU1FSXhSalkwTnpFeFFrWXdORVJFUVVGRlF6TkRRamt5TnpKR01EazFPVEJmUjFKTUxWcElTVmxKU0ZWQlRrYzZNa1JTUnpveVJFVlZRVkF0VFVsRFVrOVRUMFpVT2pKRlUxUlBVa0ZIUlRveVJsTlVUMUpCUjBWQlEwTlBWVTVVVXpveVJscElTVmxKU0ZWQlRrZFRRVVZWUVZBdFEwVk9WRkpCVEZWVFJWVkJVQS0tIn0%3D
  response:
    body:
      string: '{"value":[]}'
    headers:
      cache-control:
      - no-cache
      content-length:
      - '12'
      content-type:
      - application/json; charset=utf-8
      date:
      - Wed, 23 Nov 2022 06:52:23 GMT
      expires:
      - '-1'
      pragma:
      - no-cache
      strict-transport-security:
      - max-age=31536000; includeSubDomains
      vary:
      - Accept-Encoding
      x-content-type-options:
      - nosniff
    status:
      code: 200
      message: OK
- request:
    body: '{"properties": {"template": {"$schema": "https://schema.management.azure.com/schemas/2015-01-01/deploymentTemplate.json#",
      "contentVersion": "1.0.0.0", "parameters": {}, "variables": {}, "resources":
      [{"apiVersion": "2022-01-01", "type": "Microsoft.Network/publicIPAddresses",
      "name": "pubip1", "location": "centralus", "tags": {}, "dependsOn": [], "properties":
      {"publicIPAllocationMethod": "Static"}, "sku": {"name": "Standard"}}, {"type":
      "Microsoft.Network/loadBalancers", "name": "lb1", "location": "centralus", "tags":
      {}, "apiVersion": "2022-01-01", "dependsOn": ["Microsoft.Network/publicIpAddresses/pubip1"],
      "properties": {"backendAddressPools": [{"name": "lb1bepool"}], "frontendIPConfigurations":
      [{"name": "LoadBalancerFrontEnd", "properties": {"publicIPAddress": {"id": "/subscriptions/00000000-0000-0000-0000-000000000000/resourceGroups/cli_test_network_private_link_service000001/providers/Microsoft.Network/publicIPAddresses/pubip1"},
      "privateIPAddressVersion": "IPv4"}}]}, "sku": {"name": "Standard"}}], "outputs":
      {"loadBalancer": {"type": "object", "value": "[reference(''lb1'')]"}}}, "parameters":
      {}, "mode": "incremental"}}'
    headers:
      Accept:
      - application/json
      Accept-Encoding:
      - gzip, deflate
      CommandName:
      - network lb create
      Connection:
      - keep-alive
      Content-Length:
      - '1144'
      Content-Type:
      - application/json
      ParameterSetName:
      - -g -l -n --public-ip-address --sku
      User-Agent:
      - AZURECLI/2.42.0 (PIP) azsdk-python-azure-mgmt-resource/21.1.0b1 Python/3.8.10
        (Windows-10-10.0.19045-SP0)
    method: PUT
    uri: https://management.azure.com/subscriptions/00000000-0000-0000-0000-000000000000/resourcegroups/cli_test_network_private_link_service000001/providers/Microsoft.Resources/deployments/mock-deployment?api-version=2021-04-01
  response:
    body:
      string: '{"id":"/subscriptions/00000000-0000-0000-0000-000000000000/resourceGroups/cli_test_network_private_link_service000001/providers/Microsoft.Resources/deployments/lb_deploy_8zYqPuKEzns6OhL3scmFTTyml4nUa4FJ","name":"lb_deploy_8zYqPuKEzns6OhL3scmFTTyml4nUa4FJ","type":"Microsoft.Resources/deployments","properties":{"templateHash":"7958278159234645216","parameters":{},"mode":"Incremental","provisioningState":"Accepted","timestamp":"2022-11-23T06:52:29.6903732Z","duration":"PT0.0003919S","correlationId":"e74c7b60-e766-4564-ad69-1a2c924be1f4","providers":[{"namespace":"Microsoft.Network","resourceTypes":[{"resourceType":"publicIPAddresses","locations":["centralus"]},{"resourceType":"loadBalancers","locations":["centralus"]}]}],"dependencies":[{"dependsOn":[{"id":"/subscriptions/00000000-0000-0000-0000-000000000000/resourceGroups/cli_test_network_private_link_service000001/providers/Microsoft.Network/publicIPAddresses/pubip1","resourceType":"Microsoft.Network/publicIPAddresses","resourceName":"pubip1"}],"id":"/subscriptions/00000000-0000-0000-0000-000000000000/resourceGroups/cli_test_network_private_link_service000001/providers/Microsoft.Network/loadBalancers/lb1","resourceType":"Microsoft.Network/loadBalancers","resourceName":"lb1"}]}}'
    headers:
      azure-asyncoperation:
      - https://management.azure.com/subscriptions/00000000-0000-0000-0000-000000000000/resourcegroups/cli_test_network_private_link_service000001/providers/Microsoft.Resources/deployments/lb_deploy_8zYqPuKEzns6OhL3scmFTTyml4nUa4FJ/operationStatuses/08585324205381780995?api-version=2021-04-01
      cache-control:
      - no-cache
      content-length:
      - '1246'
      content-type:
      - application/json; charset=utf-8
      date:
      - Wed, 23 Nov 2022 06:52:30 GMT
      expires:
      - '-1'
      pragma:
      - no-cache
      strict-transport-security:
      - max-age=31536000; includeSubDomains
      x-content-type-options:
      - nosniff
      x-ms-ratelimit-remaining-subscription-writes:
      - '1199'
    status:
      code: 201
      message: Created
- request:
    body: null
    headers:
      Accept:
      - '*/*'
      Accept-Encoding:
      - gzip, deflate
      CommandName:
      - network lb create
      Connection:
      - keep-alive
      ParameterSetName:
      - -g -l -n --public-ip-address --sku
      User-Agent:
      - AZURECLI/2.42.0 (PIP) azsdk-python-azure-mgmt-resource/21.1.0b1 Python/3.8.10
        (Windows-10-10.0.19045-SP0)
    method: GET
    uri: https://management.azure.com/subscriptions/00000000-0000-0000-0000-000000000000/resourcegroups/cli_test_network_private_link_service000001/providers/Microsoft.Resources/deployments/mock-deployment/operationStatuses/08585324205381780995?api-version=2021-04-01
  response:
    body:
      string: '{"status":"Succeeded"}'
    headers:
      cache-control:
      - no-cache
      content-length:
      - '22'
      content-type:
      - application/json; charset=utf-8
      date:
      - Wed, 23 Nov 2022 06:53:01 GMT
      expires:
      - '-1'
      pragma:
      - no-cache
      strict-transport-security:
      - max-age=31536000; includeSubDomains
      vary:
      - Accept-Encoding
      x-content-type-options:
      - nosniff
    status:
      code: 200
      message: OK
- request:
    body: null
    headers:
      Accept:
      - '*/*'
      Accept-Encoding:
      - gzip, deflate
      CommandName:
      - network lb create
      Connection:
      - keep-alive
      ParameterSetName:
      - -g -l -n --public-ip-address --sku
      User-Agent:
      - AZURECLI/2.42.0 (PIP) azsdk-python-azure-mgmt-resource/21.1.0b1 Python/3.8.10
        (Windows-10-10.0.19045-SP0)
    method: GET
    uri: https://management.azure.com/subscriptions/00000000-0000-0000-0000-000000000000/resourcegroups/cli_test_network_private_link_service000001/providers/Microsoft.Resources/deployments/mock-deployment?api-version=2021-04-01
  response:
    body:
      string: '{"id":"/subscriptions/00000000-0000-0000-0000-000000000000/resourceGroups/cli_test_network_private_link_service000001/providers/Microsoft.Resources/deployments/lb_deploy_8zYqPuKEzns6OhL3scmFTTyml4nUa4FJ","name":"lb_deploy_8zYqPuKEzns6OhL3scmFTTyml4nUa4FJ","type":"Microsoft.Resources/deployments","properties":{"templateHash":"7958278159234645216","parameters":{},"mode":"Incremental","provisioningState":"Succeeded","timestamp":"2022-11-23T06:52:46.2525063Z","duration":"PT16.562525S","correlationId":"e74c7b60-e766-4564-ad69-1a2c924be1f4","providers":[{"namespace":"Microsoft.Network","resourceTypes":[{"resourceType":"publicIPAddresses","locations":["centralus"]},{"resourceType":"loadBalancers","locations":["centralus"]}]}],"dependencies":[{"dependsOn":[{"id":"/subscriptions/00000000-0000-0000-0000-000000000000/resourceGroups/cli_test_network_private_link_service000001/providers/Microsoft.Network/publicIPAddresses/pubip1","resourceType":"Microsoft.Network/publicIPAddresses","resourceName":"pubip1"}],"id":"/subscriptions/00000000-0000-0000-0000-000000000000/resourceGroups/cli_test_network_private_link_service000001/providers/Microsoft.Network/loadBalancers/lb1","resourceType":"Microsoft.Network/loadBalancers","resourceName":"lb1"}],"outputs":{"loadBalancer":{"type":"Object","value":{"provisioningState":"Succeeded","resourceGuid":"1c52a8df-ab36-4b3b-bb9c-90ad6ee6befb","frontendIPConfigurations":[{"name":"LoadBalancerFrontEnd","id":"/subscriptions/00000000-0000-0000-0000-000000000000/resourceGroups/cli_test_network_private_link_service000001/providers/Microsoft.Network/loadBalancers/lb1/frontendIPConfigurations/LoadBalancerFrontEnd","etag":"W/\"db9d361e-d8d9-4922-b590-1ed8aac9e0c3\"","type":"Microsoft.Network/loadBalancers/frontendIPConfigurations","properties":{"provisioningState":"Succeeded","privateIPAllocationMethod":"Dynamic","publicIPAddress":{"id":"/subscriptions/00000000-0000-0000-0000-000000000000/resourceGroups/cli_test_network_private_link_service000001/providers/Microsoft.Network/publicIPAddresses/pubip1"}}}],"backendAddressPools":[{"name":"lb1bepool","id":"/subscriptions/00000000-0000-0000-0000-000000000000/resourceGroups/cli_test_network_private_link_service000001/providers/Microsoft.Network/loadBalancers/lb1/backendAddressPools/lb1bepool","etag":"W/\"db9d361e-d8d9-4922-b590-1ed8aac9e0c3\"","properties":{"provisioningState":"Succeeded","loadBalancerBackendAddresses":[]},"type":"Microsoft.Network/loadBalancers/backendAddressPools"}],"loadBalancingRules":[],"probes":[],"inboundNatRules":[],"outboundRules":[],"inboundNatPools":[]}}},"outputResources":[{"id":"/subscriptions/00000000-0000-0000-0000-000000000000/resourceGroups/cli_test_network_private_link_service000001/providers/Microsoft.Network/loadBalancers/lb1"},{"id":"/subscriptions/00000000-0000-0000-0000-000000000000/resourceGroups/cli_test_network_private_link_service000001/providers/Microsoft.Network/publicIPAddresses/pubip1"}]}}'
    headers:
      cache-control:
      - no-cache
      content-length:
      - '2942'
      content-type:
      - application/json; charset=utf-8
      date:
      - Wed, 23 Nov 2022 06:53:01 GMT
      expires:
      - '-1'
      pragma:
      - no-cache
      strict-transport-security:
      - max-age=31536000; includeSubDomains
      vary:
      - Accept-Encoding
      x-content-type-options:
      - nosniff
    status:
      code: 200
      message: OK
- request:
    body: null
    headers:
      Accept:
      - application/json
      Accept-Encoding:
      - gzip, deflate
      CommandName:
      - network vnet subnet update
      Connection:
      - keep-alive
      ParameterSetName:
      - -g -n --vnet-name --disable-private-link-service-network-policies
      User-Agent:
      - AZURECLI/2.42.0 (PIP) (AAZ) azsdk-python-core/1.24.0 Python/3.8.10 (Windows-10-10.0.19045-SP0)
    method: GET
    uri: https://management.azure.com/subscriptions/00000000-0000-0000-0000-000000000000/resourceGroups/cli_test_network_private_link_service000001/providers/Microsoft.Network/virtualNetworks/vnet1/subnets/subnet1?api-version=2022-01-01
  response:
    body:
      string: "{\r\n  \"name\": \"subnet1\",\r\n  \"id\": \"/subscriptions/00000000-0000-0000-0000-000000000000/resourceGroups/cli_test_network_private_link_service000001/providers/Microsoft.Network/virtualNetworks/vnet1/subnets/subnet1\",\r\n
        \ \"etag\": \"W/\\\"119974dc-71e3-4d2b-bc13-c11d38b86621\\\"\",\r\n  \"properties\":
        {\r\n    \"provisioningState\": \"Succeeded\",\r\n    \"addressPrefix\": \"10.0.0.0/24\",\r\n
        \   \"delegations\": [],\r\n    \"privateEndpointNetworkPolicies\": \"Disabled\",\r\n
        \   \"privateLinkServiceNetworkPolicies\": \"Enabled\"\r\n  },\r\n  \"type\":
        \"Microsoft.Network/virtualNetworks/subnets\"\r\n}"
    headers:
      cache-control:
      - no-cache
      content-length:
      - '555'
      content-type:
      - application/json; charset=utf-8
      date:
      - Wed, 23 Nov 2022 06:53:02 GMT
      etag:
      - W/"119974dc-71e3-4d2b-bc13-c11d38b86621"
      expires:
      - '-1'
      pragma:
      - no-cache
      server:
      - Microsoft-HTTPAPI/2.0
      - Microsoft-HTTPAPI/2.0
      strict-transport-security:
      - max-age=31536000; includeSubDomains
      transfer-encoding:
      - chunked
      vary:
      - Accept-Encoding
      x-content-type-options:
      - nosniff
      x-ms-arm-service-request-id:
      - 628f7e6c-ea8c-411c-af00-f8d4351c094a
    status:
      code: 200
      message: OK
- request:
    body: '{"id": "/subscriptions/00000000-0000-0000-0000-000000000000/resourceGroups/cli_test_network_private_link_service000001/providers/Microsoft.Network/virtualNetworks/vnet1/subnets/subnet1",
      "name": "subnet1", "properties": {"addressPrefix": "10.0.0.0/24", "delegations":
      [], "privateEndpointNetworkPolicies": "Disabled", "privateLinkServiceNetworkPolicies":
      "Disabled"}, "type": "Microsoft.Network/virtualNetworks/subnets"}'
    headers:
      Accept:
      - application/json
      Accept-Encoding:
      - gzip, deflate
      CommandName:
      - network vnet subnet update
      Connection:
      - keep-alive
      Content-Length:
      - '420'
      Content-Type:
      - application/json
      ParameterSetName:
      - -g -n --vnet-name --disable-private-link-service-network-policies
      User-Agent:
      - AZURECLI/2.42.0 (PIP) (AAZ) azsdk-python-core/1.24.0 Python/3.8.10 (Windows-10-10.0.19045-SP0)
    method: PUT
    uri: https://management.azure.com/subscriptions/00000000-0000-0000-0000-000000000000/resourceGroups/cli_test_network_private_link_service000001/providers/Microsoft.Network/virtualNetworks/vnet1/subnets/subnet1?api-version=2022-01-01
  response:
    body:
      string: "{\r\n  \"name\": \"subnet1\",\r\n  \"id\": \"/subscriptions/00000000-0000-0000-0000-000000000000/resourceGroups/cli_test_network_private_link_service000001/providers/Microsoft.Network/virtualNetworks/vnet1/subnets/subnet1\",\r\n
        \ \"etag\": \"W/\\\"45fc717e-0621-4fa1-9b98-d1b0992372f7\\\"\",\r\n  \"properties\":
        {\r\n    \"provisioningState\": \"Updating\",\r\n    \"addressPrefix\": \"10.0.0.0/24\",\r\n
        \   \"delegations\": [],\r\n    \"privateEndpointNetworkPolicies\": \"Disabled\",\r\n
        \   \"privateLinkServiceNetworkPolicies\": \"Disabled\"\r\n  },\r\n  \"type\":
        \"Microsoft.Network/virtualNetworks/subnets\"\r\n}"
    headers:
      azure-asyncnotification:
      - Enabled
      azure-asyncoperation:
      - https://management.azure.com/subscriptions/00000000-0000-0000-0000-000000000000/providers/Microsoft.Network/locations/centralus/operations/dbe1b1c6-44a1-4f5d-8169-36a2755c8712?api-version=2022-01-01
      cache-control:
      - no-cache
      content-length:
      - '555'
      content-type:
      - application/json; charset=utf-8
      date:
      - Wed, 23 Nov 2022 06:53:04 GMT
      expires:
      - '-1'
      pragma:
      - no-cache
      server:
      - Microsoft-HTTPAPI/2.0
      - Microsoft-HTTPAPI/2.0
      strict-transport-security:
      - max-age=31536000; includeSubDomains
      transfer-encoding:
      - chunked
      vary:
      - Accept-Encoding
      x-content-type-options:
      - nosniff
      x-ms-arm-service-request-id:
      - 776a6a9d-e05c-499c-b57c-b515bcee0259
      x-ms-ratelimit-remaining-subscription-writes:
      - '1198'
    status:
      code: 200
      message: OK
- request:
    body: null
    headers:
      Accept:
      - '*/*'
      Accept-Encoding:
      - gzip, deflate
      CommandName:
      - network vnet subnet update
      Connection:
      - keep-alive
      ParameterSetName:
      - -g -n --vnet-name --disable-private-link-service-network-policies
      User-Agent:
      - AZURECLI/2.42.0 (PIP) (AAZ) azsdk-python-core/1.24.0 Python/3.8.10 (Windows-10-10.0.19045-SP0)
    method: GET
    uri: https://management.azure.com/subscriptions/00000000-0000-0000-0000-000000000000/providers/Microsoft.Network/locations/centralus/operations/dbe1b1c6-44a1-4f5d-8169-36a2755c8712?api-version=2022-01-01
  response:
    body:
      string: "{\r\n  \"status\": \"Succeeded\"\r\n}"
    headers:
      cache-control:
      - no-cache
      content-length:
      - '29'
      content-type:
      - application/json; charset=utf-8
      date:
      - Wed, 23 Nov 2022 06:53:07 GMT
      expires:
      - '-1'
      pragma:
      - no-cache
      server:
      - Microsoft-HTTPAPI/2.0
      - Microsoft-HTTPAPI/2.0
      strict-transport-security:
      - max-age=31536000; includeSubDomains
      transfer-encoding:
      - chunked
      vary:
      - Accept-Encoding
      x-content-type-options:
      - nosniff
      x-ms-arm-service-request-id:
      - b5325b2c-6674-4e42-b7b5-cadf8d628e1d
    status:
      code: 200
      message: OK
- request:
    body: null
    headers:
      Accept:
      - '*/*'
      Accept-Encoding:
      - gzip, deflate
      CommandName:
      - network vnet subnet update
      Connection:
      - keep-alive
      ParameterSetName:
      - -g -n --vnet-name --disable-private-link-service-network-policies
      User-Agent:
      - AZURECLI/2.42.0 (PIP) (AAZ) azsdk-python-core/1.24.0 Python/3.8.10 (Windows-10-10.0.19045-SP0)
    method: GET
    uri: https://management.azure.com/subscriptions/00000000-0000-0000-0000-000000000000/resourceGroups/cli_test_network_private_link_service000001/providers/Microsoft.Network/virtualNetworks/vnet1/subnets/subnet1?api-version=2022-01-01
  response:
    body:
      string: "{\r\n  \"name\": \"subnet1\",\r\n  \"id\": \"/subscriptions/00000000-0000-0000-0000-000000000000/resourceGroups/cli_test_network_private_link_service000001/providers/Microsoft.Network/virtualNetworks/vnet1/subnets/subnet1\",\r\n
        \ \"etag\": \"W/\\\"7d5ce6d4-b319-49d1-ac52-668c70e7d693\\\"\",\r\n  \"properties\":
        {\r\n    \"provisioningState\": \"Succeeded\",\r\n    \"addressPrefix\": \"10.0.0.0/24\",\r\n
        \   \"delegations\": [],\r\n    \"privateEndpointNetworkPolicies\": \"Disabled\",\r\n
        \   \"privateLinkServiceNetworkPolicies\": \"Disabled\"\r\n  },\r\n  \"type\":
        \"Microsoft.Network/virtualNetworks/subnets\"\r\n}"
    headers:
      cache-control:
      - no-cache
      content-length:
      - '556'
      content-type:
      - application/json; charset=utf-8
      date:
      - Wed, 23 Nov 2022 06:53:08 GMT
      etag:
      - W/"7d5ce6d4-b319-49d1-ac52-668c70e7d693"
      expires:
      - '-1'
      pragma:
      - no-cache
      server:
      - Microsoft-HTTPAPI/2.0
      - Microsoft-HTTPAPI/2.0
      strict-transport-security:
      - max-age=31536000; includeSubDomains
      transfer-encoding:
      - chunked
      vary:
      - Accept-Encoding
      x-content-type-options:
      - nosniff
      x-ms-arm-service-request-id:
      - 270e3e5f-7682-40d7-82d4-afe2cf355404
    status:
      code: 200
      message: OK
- request:
    body: '{"name": "subnet2", "properties": {"addressPrefix": "10.0.2.0/24"}}'
    headers:
      Accept:
      - application/json
      Accept-Encoding:
      - gzip, deflate
      CommandName:
      - network vnet subnet create
      Connection:
      - keep-alive
      Content-Length:
      - '67'
      Content-Type:
      - application/json
      ParameterSetName:
      - -g -n --vnet-name --address-prefixes
      User-Agent:
      - AZURECLI/2.42.0 (PIP) (AAZ) azsdk-python-core/1.24.0 Python/3.8.10 (Windows-10-10.0.19045-SP0)
    method: PUT
    uri: https://management.azure.com/subscriptions/00000000-0000-0000-0000-000000000000/resourceGroups/cli_test_network_private_link_service000001/providers/Microsoft.Network/virtualNetworks/vnet1/subnets/subnet2?api-version=2022-01-01
  response:
    body:
      string: "{\r\n  \"name\": \"subnet2\",\r\n  \"id\": \"/subscriptions/00000000-0000-0000-0000-000000000000/resourceGroups/cli_test_network_private_link_service000001/providers/Microsoft.Network/virtualNetworks/vnet1/subnets/subnet2\",\r\n
        \ \"etag\": \"W/\\\"0a34481e-8b08-4e9e-be5e-8a5567d927b5\\\"\",\r\n  \"properties\":
        {\r\n    \"provisioningState\": \"Updating\",\r\n    \"addressPrefix\": \"10.0.2.0/24\",\r\n
        \   \"delegations\": [],\r\n    \"privateEndpointNetworkPolicies\": \"Disabled\",\r\n
        \   \"privateLinkServiceNetworkPolicies\": \"Enabled\"\r\n  },\r\n  \"type\":
        \"Microsoft.Network/virtualNetworks/subnets\"\r\n}"
    headers:
      azure-asyncnotification:
      - Enabled
      azure-asyncoperation:
      - https://management.azure.com/subscriptions/00000000-0000-0000-0000-000000000000/providers/Microsoft.Network/locations/centralus/operations/478bdcb7-3888-4ea4-985e-3deae118216a?api-version=2022-01-01
      cache-control:
      - no-cache
      content-length:
      - '554'
      content-type:
      - application/json; charset=utf-8
      date:
      - Wed, 23 Nov 2022 06:53:10 GMT
      expires:
      - '-1'
      pragma:
      - no-cache
      server:
      - Microsoft-HTTPAPI/2.0
      - Microsoft-HTTPAPI/2.0
      strict-transport-security:
      - max-age=31536000; includeSubDomains
      x-content-type-options:
      - nosniff
      x-ms-arm-service-request-id:
      - 5b583e10-7571-48b2-86f6-122c27465f3b
      x-ms-ratelimit-remaining-subscription-writes:
      - '1199'
    status:
      code: 201
      message: Created
- request:
    body: null
    headers:
      Accept:
      - '*/*'
      Accept-Encoding:
      - gzip, deflate
      CommandName:
      - network vnet subnet create
      Connection:
      - keep-alive
      ParameterSetName:
      - -g -n --vnet-name --address-prefixes
      User-Agent:
      - AZURECLI/2.42.0 (PIP) (AAZ) azsdk-python-core/1.24.0 Python/3.8.10 (Windows-10-10.0.19045-SP0)
    method: GET
    uri: https://management.azure.com/subscriptions/00000000-0000-0000-0000-000000000000/providers/Microsoft.Network/locations/centralus/operations/478bdcb7-3888-4ea4-985e-3deae118216a?api-version=2022-01-01
  response:
    body:
      string: "{\r\n  \"status\": \"Succeeded\"\r\n}"
    headers:
      cache-control:
      - no-cache
      content-length:
      - '29'
      content-type:
      - application/json; charset=utf-8
      date:
      - Wed, 23 Nov 2022 06:53:13 GMT
      expires:
      - '-1'
      pragma:
      - no-cache
      server:
      - Microsoft-HTTPAPI/2.0
      - Microsoft-HTTPAPI/2.0
      strict-transport-security:
      - max-age=31536000; includeSubDomains
      transfer-encoding:
      - chunked
      vary:
      - Accept-Encoding
      x-content-type-options:
      - nosniff
      x-ms-arm-service-request-id:
      - 17a8724d-6ed5-499c-87f2-2149b91e3e83
    status:
      code: 200
      message: OK
- request:
    body: null
    headers:
      Accept:
      - '*/*'
      Accept-Encoding:
      - gzip, deflate
      CommandName:
      - network vnet subnet create
      Connection:
      - keep-alive
      ParameterSetName:
      - -g -n --vnet-name --address-prefixes
      User-Agent:
      - AZURECLI/2.42.0 (PIP) (AAZ) azsdk-python-core/1.24.0 Python/3.8.10 (Windows-10-10.0.19045-SP0)
    method: GET
    uri: https://management.azure.com/subscriptions/00000000-0000-0000-0000-000000000000/resourceGroups/cli_test_network_private_link_service000001/providers/Microsoft.Network/virtualNetworks/vnet1/subnets/subnet2?api-version=2022-01-01
  response:
    body:
      string: "{\r\n  \"name\": \"subnet2\",\r\n  \"id\": \"/subscriptions/00000000-0000-0000-0000-000000000000/resourceGroups/cli_test_network_private_link_service000001/providers/Microsoft.Network/virtualNetworks/vnet1/subnets/subnet2\",\r\n
        \ \"etag\": \"W/\\\"90432bc4-fb85-44f6-9761-a502b9d02a70\\\"\",\r\n  \"properties\":
        {\r\n    \"provisioningState\": \"Succeeded\",\r\n    \"addressPrefix\": \"10.0.2.0/24\",\r\n
        \   \"delegations\": [],\r\n    \"privateEndpointNetworkPolicies\": \"Disabled\",\r\n
        \   \"privateLinkServiceNetworkPolicies\": \"Enabled\"\r\n  },\r\n  \"type\":
        \"Microsoft.Network/virtualNetworks/subnets\"\r\n}"
    headers:
      cache-control:
      - no-cache
      content-length:
      - '555'
      content-type:
      - application/json; charset=utf-8
      date:
      - Wed, 23 Nov 2022 06:53:14 GMT
      etag:
      - W/"90432bc4-fb85-44f6-9761-a502b9d02a70"
      expires:
      - '-1'
      pragma:
      - no-cache
      server:
      - Microsoft-HTTPAPI/2.0
      - Microsoft-HTTPAPI/2.0
      strict-transport-security:
      - max-age=31536000; includeSubDomains
      transfer-encoding:
      - chunked
      vary:
      - Accept-Encoding
      x-content-type-options:
      - nosniff
      x-ms-arm-service-request-id:
      - c9518bfc-36d6-4b35-8347-2142ce0d9827
    status:
      code: 200
      message: OK
- request:
    body: null
    headers:
      Accept:
      - application/json
      Accept-Encoding:
      - gzip, deflate
      CommandName:
      - network vnet subnet update
      Connection:
      - keep-alive
      ParameterSetName:
      - -g -n --vnet-name --disable-private-endpoint-network-policies
      User-Agent:
      - AZURECLI/2.42.0 (PIP) (AAZ) azsdk-python-core/1.24.0 Python/3.8.10 (Windows-10-10.0.19045-SP0)
    method: GET
    uri: https://management.azure.com/subscriptions/00000000-0000-0000-0000-000000000000/resourceGroups/cli_test_network_private_link_service000001/providers/Microsoft.Network/virtualNetworks/vnet1/subnets/subnet2?api-version=2022-01-01
  response:
    body:
      string: "{\r\n  \"name\": \"subnet2\",\r\n  \"id\": \"/subscriptions/00000000-0000-0000-0000-000000000000/resourceGroups/cli_test_network_private_link_service000001/providers/Microsoft.Network/virtualNetworks/vnet1/subnets/subnet2\",\r\n
        \ \"etag\": \"W/\\\"90432bc4-fb85-44f6-9761-a502b9d02a70\\\"\",\r\n  \"properties\":
        {\r\n    \"provisioningState\": \"Succeeded\",\r\n    \"addressPrefix\": \"10.0.2.0/24\",\r\n
        \   \"delegations\": [],\r\n    \"privateEndpointNetworkPolicies\": \"Disabled\",\r\n
        \   \"privateLinkServiceNetworkPolicies\": \"Enabled\"\r\n  },\r\n  \"type\":
        \"Microsoft.Network/virtualNetworks/subnets\"\r\n}"
    headers:
      cache-control:
      - no-cache
      content-length:
      - '555'
      content-type:
      - application/json; charset=utf-8
      date:
      - Wed, 23 Nov 2022 06:53:15 GMT
      etag:
      - W/"90432bc4-fb85-44f6-9761-a502b9d02a70"
      expires:
      - '-1'
      pragma:
      - no-cache
      server:
      - Microsoft-HTTPAPI/2.0
      - Microsoft-HTTPAPI/2.0
      strict-transport-security:
      - max-age=31536000; includeSubDomains
      transfer-encoding:
      - chunked
      vary:
      - Accept-Encoding
      x-content-type-options:
      - nosniff
      x-ms-arm-service-request-id:
      - 79acf205-be5c-4737-98d7-7c0b9523d262
    status:
      code: 200
      message: OK
- request:
    body: '{"id": "/subscriptions/00000000-0000-0000-0000-000000000000/resourceGroups/cli_test_network_private_link_service000001/providers/Microsoft.Network/virtualNetworks/vnet1/subnets/subnet2",
      "name": "subnet2", "properties": {"addressPrefix": "10.0.2.0/24", "delegations":
      [], "privateEndpointNetworkPolicies": "Disabled", "privateLinkServiceNetworkPolicies":
      "Enabled"}, "type": "Microsoft.Network/virtualNetworks/subnets"}'
    headers:
      Accept:
      - application/json
      Accept-Encoding:
      - gzip, deflate
      CommandName:
      - network vnet subnet update
      Connection:
      - keep-alive
      Content-Length:
      - '419'
      Content-Type:
      - application/json
      ParameterSetName:
      - -g -n --vnet-name --disable-private-endpoint-network-policies
      User-Agent:
      - AZURECLI/2.42.0 (PIP) (AAZ) azsdk-python-core/1.24.0 Python/3.8.10 (Windows-10-10.0.19045-SP0)
    method: PUT
    uri: https://management.azure.com/subscriptions/00000000-0000-0000-0000-000000000000/resourceGroups/cli_test_network_private_link_service000001/providers/Microsoft.Network/virtualNetworks/vnet1/subnets/subnet2?api-version=2022-01-01
  response:
    body:
      string: "{\r\n  \"name\": \"subnet2\",\r\n  \"id\": \"/subscriptions/00000000-0000-0000-0000-000000000000/resourceGroups/cli_test_network_private_link_service000001/providers/Microsoft.Network/virtualNetworks/vnet1/subnets/subnet2\",\r\n
        \ \"etag\": \"W/\\\"027bc7b8-5568-4c71-81d1-73ba7c6258be\\\"\",\r\n  \"properties\":
        {\r\n    \"provisioningState\": \"Succeeded\",\r\n    \"addressPrefix\": \"10.0.2.0/24\",\r\n
        \   \"delegations\": [],\r\n    \"privateEndpointNetworkPolicies\": \"Disabled\",\r\n
        \   \"privateLinkServiceNetworkPolicies\": \"Enabled\"\r\n  },\r\n  \"type\":
        \"Microsoft.Network/virtualNetworks/subnets\"\r\n}"
    headers:
      azure-asyncnotification:
      - Enabled
      azure-asyncoperation:
      - https://management.azure.com/subscriptions/00000000-0000-0000-0000-000000000000/providers/Microsoft.Network/locations/centralus/operations/d06f34a1-71b3-4491-9af4-8c8316646ed4?api-version=2022-01-01
      cache-control:
      - no-cache
      content-length:
      - '555'
      content-type:
      - application/json; charset=utf-8
      date:
      - Wed, 23 Nov 2022 06:53:16 GMT
      expires:
      - '-1'
      pragma:
      - no-cache
      server:
      - Microsoft-HTTPAPI/2.0
      - Microsoft-HTTPAPI/2.0
      strict-transport-security:
      - max-age=31536000; includeSubDomains
      transfer-encoding:
      - chunked
      vary:
      - Accept-Encoding
      x-content-type-options:
      - nosniff
      x-ms-arm-service-request-id:
      - 5599057f-331f-4b91-b3cc-4cc5a3401ef1
      x-ms-ratelimit-remaining-subscription-writes:
      - '1198'
    status:
      code: 200
      message: OK
- request:
    body: null
    headers:
      Accept:
      - '*/*'
      Accept-Encoding:
      - gzip, deflate
      CommandName:
      - network vnet subnet update
      Connection:
      - keep-alive
      ParameterSetName:
      - -g -n --vnet-name --disable-private-endpoint-network-policies
      User-Agent:
      - AZURECLI/2.42.0 (PIP) (AAZ) azsdk-python-core/1.24.0 Python/3.8.10 (Windows-10-10.0.19045-SP0)
    method: GET
    uri: https://management.azure.com/subscriptions/00000000-0000-0000-0000-000000000000/providers/Microsoft.Network/locations/centralus/operations/d06f34a1-71b3-4491-9af4-8c8316646ed4?api-version=2022-01-01
  response:
    body:
      string: "{\r\n  \"status\": \"Succeeded\"\r\n}"
    headers:
      cache-control:
      - no-cache
      content-length:
      - '29'
      content-type:
      - application/json; charset=utf-8
      date:
      - Wed, 23 Nov 2022 06:53:46 GMT
      expires:
      - '-1'
      pragma:
      - no-cache
      server:
      - Microsoft-HTTPAPI/2.0
      - Microsoft-HTTPAPI/2.0
      strict-transport-security:
      - max-age=31536000; includeSubDomains
      transfer-encoding:
      - chunked
      vary:
      - Accept-Encoding
      x-content-type-options:
      - nosniff
      x-ms-arm-service-request-id:
      - 952ed17a-056e-476f-9e6d-315d2b164501
    status:
      code: 200
      message: OK
- request:
    body: null
    headers:
      Accept:
      - '*/*'
      Accept-Encoding:
      - gzip, deflate
      CommandName:
      - network vnet subnet update
      Connection:
      - keep-alive
      ParameterSetName:
      - -g -n --vnet-name --disable-private-endpoint-network-policies
      User-Agent:
      - AZURECLI/2.42.0 (PIP) (AAZ) azsdk-python-core/1.24.0 Python/3.8.10 (Windows-10-10.0.19045-SP0)
    method: GET
    uri: https://management.azure.com/subscriptions/00000000-0000-0000-0000-000000000000/resourceGroups/cli_test_network_private_link_service000001/providers/Microsoft.Network/virtualNetworks/vnet1/subnets/subnet2?api-version=2022-01-01
  response:
    body:
      string: "{\r\n  \"name\": \"subnet2\",\r\n  \"id\": \"/subscriptions/00000000-0000-0000-0000-000000000000/resourceGroups/cli_test_network_private_link_service000001/providers/Microsoft.Network/virtualNetworks/vnet1/subnets/subnet2\",\r\n
        \ \"etag\": \"W/\\\"027bc7b8-5568-4c71-81d1-73ba7c6258be\\\"\",\r\n  \"properties\":
        {\r\n    \"provisioningState\": \"Succeeded\",\r\n    \"addressPrefix\": \"10.0.2.0/24\",\r\n
        \   \"delegations\": [],\r\n    \"privateEndpointNetworkPolicies\": \"Disabled\",\r\n
        \   \"privateLinkServiceNetworkPolicies\": \"Enabled\"\r\n  },\r\n  \"type\":
        \"Microsoft.Network/virtualNetworks/subnets\"\r\n}"
    headers:
      cache-control:
      - no-cache
      content-length:
      - '555'
      content-type:
      - application/json; charset=utf-8
      date:
      - Wed, 23 Nov 2022 06:53:47 GMT
      etag:
      - W/"027bc7b8-5568-4c71-81d1-73ba7c6258be"
      expires:
      - '-1'
      pragma:
      - no-cache
      server:
      - Microsoft-HTTPAPI/2.0
      - Microsoft-HTTPAPI/2.0
      strict-transport-security:
      - max-age=31536000; includeSubDomains
      transfer-encoding:
      - chunked
      vary:
      - Accept-Encoding
      x-content-type-options:
      - nosniff
      x-ms-arm-service-request-id:
      - a87640d7-1e4d-4cbb-96aa-cd663d8c4fe4
    status:
      code: 200
      message: OK
- request:
    body: '{"location": "centralus", "properties": {"loadBalancerFrontendIpConfigurations":
      [{"id": "/subscriptions/00000000-0000-0000-0000-000000000000/resourceGroups/cli_test_network_private_link_service000001/providers/Microsoft.Network/loadBalancers/lb1/frontendIpConfigurations/LoadBalancerFrontEnd"}],
      "ipConfigurations": [{"name": "lks1_ipconfig_0", "properties": {"subnet": {"id":
      "/subscriptions/00000000-0000-0000-0000-000000000000/resourceGroups/cli_test_network_private_link_service000001/providers/Microsoft.Network/virtualNetworks/vnet1/subnets/subnet1",
      "properties": {"privateEndpointNetworkPolicies": "Disabled", "privateLinkServiceNetworkPolicies":
      "Enabled"}}, "privateIPAddressVersion": "IPv4"}}], "enableProxyProtocol": true}}'
    headers:
      Accept:
      - application/json
      Accept-Encoding:
      - gzip, deflate
      CommandName:
      - network private-link-service create
      Connection:
      - keep-alive
      Content-Length:
      - '736'
      Content-Type:
      - application/json
      ParameterSetName:
      - -g -n --vnet-name --subnet --lb-name --lb-frontend-ip-configs -l --enable-proxy-protocol
      User-Agent:
      - AZURECLI/2.42.0 (PIP) azsdk-python-azure-mgmt-network/21.0.1 Python/3.8.10
        (Windows-10-10.0.19045-SP0)
    method: PUT
    uri: https://management.azure.com/subscriptions/00000000-0000-0000-0000-000000000000/resourceGroups/cli_test_network_private_link_service000001/providers/Microsoft.Network/privateLinkServices/lks1?api-version=2022-01-01
  response:
    body:
      string: "{\r\n  \"name\": \"lks1\",\r\n  \"id\": \"/subscriptions/00000000-0000-0000-0000-000000000000/resourceGroups/cli_test_network_private_link_service000001/providers/Microsoft.Network/privateLinkServices/lks1\",\r\n
        \ \"etag\": \"W/\\\"9bc041b3-1b64-43f0-bfa5-cb3951ac8a84\\\"\",\r\n  \"type\":
        \"Microsoft.Network/privateLinkServices\",\r\n  \"location\": \"centralus\",\r\n
        \ \"properties\": {\r\n    \"provisioningState\": \"Updating\",\r\n    \"resourceGuid\":
        \"d6ad26d8-ae18-4c03-aa64-54bb4d4d844f\",\r\n    \"fqdns\": [],\r\n    \"alias\":
        \"lks1.2b9046d3-6d53-4821-ad35-47623541bd2e.centralus.azure.privatelinkservice\",\r\n
        \   \"enableProxyProtocol\": true,\r\n    \"loadBalancerFrontendIpConfigurations\":
        [\r\n      {\r\n        \"id\": \"/subscriptions/00000000-0000-0000-0000-000000000000/resourceGroups/cli_test_network_private_link_service000001/providers/Microsoft.Network/loadBalancers/lb1/frontendIPConfigurations/LoadBalancerFrontEnd\"\r\n
        \     }\r\n    ],\r\n    \"ipConfigurations\": [\r\n      {\r\n        \"name\":
        \"lks1_ipconfig_0\",\r\n        \"id\": \"/subscriptions/00000000-0000-0000-0000-000000000000/resourceGroups/cli_test_network_private_link_service000001/providers/Microsoft.Network/privateLinkServices/lks1/ipConfigurations/lks1_ipconfig_0\",\r\n
        \       \"etag\": \"W/\\\"9bc041b3-1b64-43f0-bfa5-cb3951ac8a84\\\"\",\r\n
        \       \"type\": \"Microsoft.Network/privateLinkServices/ipConfigurations\",\r\n
        \       \"properties\": {\r\n          \"provisioningState\": \"Succeeded\",\r\n
        \         \"privateIPAllocationMethod\": \"Dynamic\",\r\n          \"subnet\":
        {\r\n            \"id\": \"/subscriptions/00000000-0000-0000-0000-000000000000/resourceGroups/cli_test_network_private_link_service000001/providers/Microsoft.Network/virtualNetworks/vnet1/subnets/subnet1\"\r\n
        \         },\r\n          \"primary\": true,\r\n          \"privateIPAddressVersion\":
        \"IPv4\"\r\n        }\r\n      }\r\n    ],\r\n    \"privateEndpointConnections\":
        [],\r\n    \"networkInterfaces\": [\r\n      {\r\n        \"id\": \"/subscriptions/00000000-0000-0000-0000-000000000000/resourceGroups/cli_test_network_private_link_service000001/providers/Microsoft.Network/networkInterfaces/lks1.nic.c0a6d204-eee3-4084-9f7a-01bbf602cc94\"\r\n
        \     }\r\n    ]\r\n  }\r\n}"
    headers:
      azure-asyncnotification:
      - Enabled
      azure-asyncoperation:
      - https://management.azure.com/subscriptions/00000000-0000-0000-0000-000000000000/providers/Microsoft.Network/locations/centralus/operations/a5c4cd1f-1681-4f7d-8c16-6579231a7f6d?api-version=2022-01-01
      cache-control:
      - no-cache
      content-length:
      - '2092'
      content-type:
      - application/json; charset=utf-8
      date:
      - Wed, 23 Nov 2022 06:53:53 GMT
      expires:
      - '-1'
      pragma:
      - no-cache
      server:
      - Microsoft-HTTPAPI/2.0
      - Microsoft-HTTPAPI/2.0
      strict-transport-security:
      - max-age=31536000; includeSubDomains
      x-content-type-options:
      - nosniff
      x-ms-arm-service-request-id:
      - 6ec22dc4-0af0-4b2e-bb60-27a62df45be1
      x-ms-ratelimit-remaining-subscription-writes:
      - '1198'
    status:
      code: 201
      message: Created
- request:
    body: null
    headers:
      Accept:
      - '*/*'
      Accept-Encoding:
      - gzip, deflate
      CommandName:
      - network private-link-service create
      Connection:
      - keep-alive
      ParameterSetName:
      - -g -n --vnet-name --subnet --lb-name --lb-frontend-ip-configs -l --enable-proxy-protocol
      User-Agent:
      - AZURECLI/2.42.0 (PIP) azsdk-python-azure-mgmt-network/21.0.1 Python/3.8.10
        (Windows-10-10.0.19045-SP0)
    method: GET
    uri: https://management.azure.com/subscriptions/00000000-0000-0000-0000-000000000000/providers/Microsoft.Network/locations/centralus/operations/a5c4cd1f-1681-4f7d-8c16-6579231a7f6d?api-version=2022-01-01
  response:
    body:
      string: "{\r\n  \"status\": \"Succeeded\"\r\n}"
    headers:
      cache-control:
      - no-cache
      content-length:
      - '29'
      content-type:
      - application/json; charset=utf-8
      date:
      - Wed, 23 Nov 2022 06:54:03 GMT
      expires:
      - '-1'
      pragma:
      - no-cache
      server:
      - Microsoft-HTTPAPI/2.0
      - Microsoft-HTTPAPI/2.0
      strict-transport-security:
      - max-age=31536000; includeSubDomains
      transfer-encoding:
      - chunked
      vary:
      - Accept-Encoding
      x-content-type-options:
      - nosniff
      x-ms-arm-service-request-id:
      - f42bad12-8d2e-410c-97ac-d90297fbda2a
    status:
      code: 200
      message: OK
- request:
    body: null
    headers:
      Accept:
      - '*/*'
      Accept-Encoding:
      - gzip, deflate
      CommandName:
      - network private-link-service create
      Connection:
      - keep-alive
      ParameterSetName:
      - -g -n --vnet-name --subnet --lb-name --lb-frontend-ip-configs -l --enable-proxy-protocol
      User-Agent:
      - AZURECLI/2.42.0 (PIP) azsdk-python-azure-mgmt-network/21.0.1 Python/3.8.10
        (Windows-10-10.0.19045-SP0)
    method: GET
    uri: https://management.azure.com/subscriptions/00000000-0000-0000-0000-000000000000/resourceGroups/cli_test_network_private_link_service000001/providers/Microsoft.Network/privateLinkServices/lks1?api-version=2022-01-01
  response:
    body:
      string: "{\r\n  \"name\": \"lks1\",\r\n  \"id\": \"/subscriptions/00000000-0000-0000-0000-000000000000/resourceGroups/cli_test_network_private_link_service000001/providers/Microsoft.Network/privateLinkServices/lks1\",\r\n
        \ \"etag\": \"W/\\\"fd123054-b75e-4ce0-a3c5-d16bc674a7aa\\\"\",\r\n  \"type\":
        \"Microsoft.Network/privateLinkServices\",\r\n  \"location\": \"centralus\",\r\n
        \ \"properties\": {\r\n    \"provisioningState\": \"Succeeded\",\r\n    \"resourceGuid\":
        \"d6ad26d8-ae18-4c03-aa64-54bb4d4d844f\",\r\n    \"fqdns\": [],\r\n    \"alias\":
        \"lks1.2b9046d3-6d53-4821-ad35-47623541bd2e.centralus.azure.privatelinkservice\",\r\n
        \   \"enableProxyProtocol\": true,\r\n    \"loadBalancerFrontendIpConfigurations\":
        [\r\n      {\r\n        \"id\": \"/subscriptions/00000000-0000-0000-0000-000000000000/resourceGroups/cli_test_network_private_link_service000001/providers/Microsoft.Network/loadBalancers/lb1/frontendIPConfigurations/LoadBalancerFrontEnd\"\r\n
        \     }\r\n    ],\r\n    \"ipConfigurations\": [\r\n      {\r\n        \"name\":
        \"lks1_ipconfig_0\",\r\n        \"id\": \"/subscriptions/00000000-0000-0000-0000-000000000000/resourceGroups/cli_test_network_private_link_service000001/providers/Microsoft.Network/privateLinkServices/lks1/ipConfigurations/lks1_ipconfig_0\",\r\n
        \       \"etag\": \"W/\\\"fd123054-b75e-4ce0-a3c5-d16bc674a7aa\\\"\",\r\n
        \       \"type\": \"Microsoft.Network/privateLinkServices/ipConfigurations\",\r\n
        \       \"properties\": {\r\n          \"provisioningState\": \"Succeeded\",\r\n
        \         \"privateIPAllocationMethod\": \"Dynamic\",\r\n          \"subnet\":
        {\r\n            \"id\": \"/subscriptions/00000000-0000-0000-0000-000000000000/resourceGroups/cli_test_network_private_link_service000001/providers/Microsoft.Network/virtualNetworks/vnet1/subnets/subnet1\"\r\n
        \         },\r\n          \"primary\": true,\r\n          \"privateIPAddressVersion\":
        \"IPv4\"\r\n        }\r\n      }\r\n    ],\r\n    \"privateEndpointConnections\":
        [],\r\n    \"networkInterfaces\": [\r\n      {\r\n        \"id\": \"/subscriptions/00000000-0000-0000-0000-000000000000/resourceGroups/cli_test_network_private_link_service000001/providers/Microsoft.Network/networkInterfaces/lks1.nic.c0a6d204-eee3-4084-9f7a-01bbf602cc94\"\r\n
        \     }\r\n    ]\r\n  }\r\n}"
    headers:
      cache-control:
      - no-cache
      content-length:
      - '2093'
      content-type:
      - application/json; charset=utf-8
      date:
      - Wed, 23 Nov 2022 06:54:04 GMT
      etag:
      - W/"fd123054-b75e-4ce0-a3c5-d16bc674a7aa"
      expires:
      - '-1'
      pragma:
      - no-cache
      server:
      - Microsoft-HTTPAPI/2.0
      - Microsoft-HTTPAPI/2.0
      strict-transport-security:
      - max-age=31536000; includeSubDomains
      transfer-encoding:
      - chunked
      vary:
      - Accept-Encoding
      x-content-type-options:
      - nosniff
      x-ms-arm-service-request-id:
      - 6045466d-c2cb-492e-9a9f-9ade38d01c92
    status:
      code: 200
      message: OK
- request:
    body: null
    headers:
      Accept:
      - application/json
      Accept-Encoding:
      - gzip, deflate
      CommandName:
      - network private-link-service update
      Connection:
      - keep-alive
      ParameterSetName:
      - -g -n --visibility --auto-approval --enable-proxy-protocol
      User-Agent:
      - AZURECLI/2.42.0 (PIP) azsdk-python-azure-mgmt-network/21.0.1 Python/3.8.10
        (Windows-10-10.0.19045-SP0)
    method: GET
    uri: https://management.azure.com/subscriptions/00000000-0000-0000-0000-000000000000/resourceGroups/cli_test_network_private_link_service000001/providers/Microsoft.Network/privateLinkServices/lks1?api-version=2022-01-01
  response:
    body:
      string: "{\r\n  \"name\": \"lks1\",\r\n  \"id\": \"/subscriptions/00000000-0000-0000-0000-000000000000/resourceGroups/cli_test_network_private_link_service000001/providers/Microsoft.Network/privateLinkServices/lks1\",\r\n
        \ \"etag\": \"W/\\\"fd123054-b75e-4ce0-a3c5-d16bc674a7aa\\\"\",\r\n  \"type\":
        \"Microsoft.Network/privateLinkServices\",\r\n  \"location\": \"centralus\",\r\n
        \ \"properties\": {\r\n    \"provisioningState\": \"Succeeded\",\r\n    \"resourceGuid\":
        \"d6ad26d8-ae18-4c03-aa64-54bb4d4d844f\",\r\n    \"fqdns\": [],\r\n    \"alias\":
        \"lks1.2b9046d3-6d53-4821-ad35-47623541bd2e.centralus.azure.privatelinkservice\",\r\n
        \   \"enableProxyProtocol\": true,\r\n    \"loadBalancerFrontendIpConfigurations\":
        [\r\n      {\r\n        \"id\": \"/subscriptions/00000000-0000-0000-0000-000000000000/resourceGroups/cli_test_network_private_link_service000001/providers/Microsoft.Network/loadBalancers/lb1/frontendIPConfigurations/LoadBalancerFrontEnd\"\r\n
        \     }\r\n    ],\r\n    \"ipConfigurations\": [\r\n      {\r\n        \"name\":
        \"lks1_ipconfig_0\",\r\n        \"id\": \"/subscriptions/00000000-0000-0000-0000-000000000000/resourceGroups/cli_test_network_private_link_service000001/providers/Microsoft.Network/privateLinkServices/lks1/ipConfigurations/lks1_ipconfig_0\",\r\n
        \       \"etag\": \"W/\\\"fd123054-b75e-4ce0-a3c5-d16bc674a7aa\\\"\",\r\n
        \       \"type\": \"Microsoft.Network/privateLinkServices/ipConfigurations\",\r\n
        \       \"properties\": {\r\n          \"provisioningState\": \"Succeeded\",\r\n
        \         \"privateIPAllocationMethod\": \"Dynamic\",\r\n          \"subnet\":
        {\r\n            \"id\": \"/subscriptions/00000000-0000-0000-0000-000000000000/resourceGroups/cli_test_network_private_link_service000001/providers/Microsoft.Network/virtualNetworks/vnet1/subnets/subnet1\"\r\n
        \         },\r\n          \"primary\": true,\r\n          \"privateIPAddressVersion\":
        \"IPv4\"\r\n        }\r\n      }\r\n    ],\r\n    \"privateEndpointConnections\":
        [],\r\n    \"networkInterfaces\": [\r\n      {\r\n        \"id\": \"/subscriptions/00000000-0000-0000-0000-000000000000/resourceGroups/cli_test_network_private_link_service000001/providers/Microsoft.Network/networkInterfaces/lks1.nic.c0a6d204-eee3-4084-9f7a-01bbf602cc94\"\r\n
        \     }\r\n    ]\r\n  }\r\n}"
    headers:
      cache-control:
      - no-cache
      content-length:
      - '2093'
      content-type:
      - application/json; charset=utf-8
      date:
      - Wed, 23 Nov 2022 06:54:05 GMT
      etag:
      - W/"fd123054-b75e-4ce0-a3c5-d16bc674a7aa"
      expires:
      - '-1'
      pragma:
      - no-cache
      server:
      - Microsoft-HTTPAPI/2.0
      - Microsoft-HTTPAPI/2.0
      strict-transport-security:
      - max-age=31536000; includeSubDomains
      transfer-encoding:
      - chunked
      vary:
      - Accept-Encoding
      x-content-type-options:
      - nosniff
      x-ms-arm-service-request-id:
      - cf443597-96cf-44fa-b3aa-2dbef994b19f
    status:
      code: 200
      message: ''
- request:
    body: '{"id": "/subscriptions/00000000-0000-0000-0000-000000000000/resourceGroups/cli_test_network_private_link_service000001/providers/Microsoft.Network/privateLinkServices/lks1",
      "location": "centralus", "properties": {"loadBalancerFrontendIpConfigurations":
      [{"id": "/subscriptions/00000000-0000-0000-0000-000000000000/resourceGroups/cli_test_network_private_link_service000001/providers/Microsoft.Network/loadBalancers/lb1/frontendIPConfigurations/LoadBalancerFrontEnd"}],
      "ipConfigurations": [{"id": "/subscriptions/00000000-0000-0000-0000-000000000000/resourceGroups/cli_test_network_private_link_service000001/providers/Microsoft.Network/privateLinkServices/lks1/ipConfigurations/lks1_ipconfig_0",
      "name": "lks1_ipconfig_0", "properties": {"privateIPAllocationMethod": "Dynamic",
      "subnet": {"id": "/subscriptions/00000000-0000-0000-0000-000000000000/resourceGroups/cli_test_network_private_link_service000001/providers/Microsoft.Network/virtualNetworks/vnet1/subnets/subnet1"},
      "primary": true, "privateIPAddressVersion": "IPv4"}}], "visibility": {"subscriptions":
      ["00000000-0000-0000-0000-000000000000", "00000000-0000-0000-0000-000000000000"]},
      "autoApproval": {"subscriptions": ["00000000-0000-0000-0000-000000000000", "00000000-0000-0000-0000-000000000000"]},
      "fqdns": [], "enableProxyProtocol": false}}'
    headers:
      Accept:
      - application/json
      Accept-Encoding:
      - gzip, deflate
      CommandName:
      - network private-link-service update
      Connection:
      - keep-alive
      Content-Length:
      - '1308'
      Content-Type:
      - application/json
      ParameterSetName:
      - -g -n --visibility --auto-approval --enable-proxy-protocol
      User-Agent:
      - AZURECLI/2.42.0 (PIP) azsdk-python-azure-mgmt-network/21.0.1 Python/3.8.10
        (Windows-10-10.0.19045-SP0)
    method: PUT
    uri: https://management.azure.com/subscriptions/00000000-0000-0000-0000-000000000000/resourceGroups/cli_test_network_private_link_service000001/providers/Microsoft.Network/privateLinkServices/lks1?api-version=2022-01-01
  response:
    body:
      string: "{\r\n  \"name\": \"lks1\",\r\n  \"id\": \"/subscriptions/00000000-0000-0000-0000-000000000000/resourceGroups/cli_test_network_private_link_service000001/providers/Microsoft.Network/privateLinkServices/lks1\",\r\n
        \ \"etag\": \"W/\\\"c0051e2a-ce1f-4530-849d-d184f5560829\\\"\",\r\n  \"type\":
        \"Microsoft.Network/privateLinkServices\",\r\n  \"location\": \"centralus\",\r\n
        \ \"properties\": {\r\n    \"provisioningState\": \"Updating\",\r\n    \"resourceGuid\":
        \"d6ad26d8-ae18-4c03-aa64-54bb4d4d844f\",\r\n    \"fqdns\": [],\r\n    \"alias\":
        \"lks1.2b9046d3-6d53-4821-ad35-47623541bd2e.centralus.azure.privatelinkservice\",\r\n
        \   \"visibility\": {\r\n      \"subscriptions\": [\r\n        \"00000000-0000-0000-0000-000000000000\",\r\n
        \       \"00000000-0000-0000-0000-000000000000\"\r\n      ]\r\n    },\r\n
        \   \"autoApproval\": {\r\n      \"subscriptions\": [\r\n        \"00000000-0000-0000-0000-000000000000\",\r\n
        \       \"00000000-0000-0000-0000-000000000000\"\r\n      ]\r\n    },\r\n
        \   \"enableProxyProtocol\": false,\r\n    \"loadBalancerFrontendIpConfigurations\":
        [\r\n      {\r\n        \"id\": \"/subscriptions/00000000-0000-0000-0000-000000000000/resourceGroups/cli_test_network_private_link_service000001/providers/Microsoft.Network/loadBalancers/lb1/frontendIPConfigurations/LoadBalancerFrontEnd\"\r\n
        \     }\r\n    ],\r\n    \"ipConfigurations\": [\r\n      {\r\n        \"name\":
        \"lks1_ipconfig_0\",\r\n        \"id\": \"/subscriptions/00000000-0000-0000-0000-000000000000/resourceGroups/cli_test_network_private_link_service000001/providers/Microsoft.Network/privateLinkServices/lks1/ipConfigurations/lks1_ipconfig_0\",\r\n
        \       \"etag\": \"W/\\\"c0051e2a-ce1f-4530-849d-d184f5560829\\\"\",\r\n
        \       \"type\": \"Microsoft.Network/privateLinkServices/ipConfigurations\",\r\n
        \       \"properties\": {\r\n          \"provisioningState\": \"Succeeded\",\r\n
        \         \"privateIPAllocationMethod\": \"Dynamic\",\r\n          \"subnet\":
        {\r\n            \"id\": \"/subscriptions/00000000-0000-0000-0000-000000000000/resourceGroups/cli_test_network_private_link_service000001/providers/Microsoft.Network/virtualNetworks/vnet1/subnets/subnet1\"\r\n
        \         },\r\n          \"primary\": true,\r\n          \"privateIPAddressVersion\":
        \"IPv4\"\r\n        }\r\n      }\r\n    ],\r\n    \"privateEndpointConnections\":
        [],\r\n    \"networkInterfaces\": [\r\n      {\r\n        \"id\": \"/subscriptions/00000000-0000-0000-0000-000000000000/resourceGroups/cli_test_network_private_link_service000001/providers/Microsoft.Network/networkInterfaces/lks1.nic.c0a6d204-eee3-4084-9f7a-01bbf602cc94\"\r\n
        \     }\r\n    ]\r\n  }\r\n}"
    headers:
      azure-asyncnotification:
      - Enabled
      azure-asyncoperation:
      - https://management.azure.com/subscriptions/00000000-0000-0000-0000-000000000000/providers/Microsoft.Network/locations/centralus/operations/dd5d9b6e-3350-4e1d-8a4d-a91caddd8c9a?api-version=2022-01-01
      cache-control:
      - no-cache
      content-length:
      - '2417'
      content-type:
      - application/json; charset=utf-8
      date:
      - Wed, 23 Nov 2022 06:54:09 GMT
      expires:
      - '-1'
      pragma:
      - no-cache
      server:
      - Microsoft-HTTPAPI/2.0
      - Microsoft-HTTPAPI/2.0
      strict-transport-security:
      - max-age=31536000; includeSubDomains
      transfer-encoding:
      - chunked
      vary:
      - Accept-Encoding
      x-content-type-options:
      - nosniff
      x-ms-arm-service-request-id:
      - d31eefe9-f81a-4e95-a28c-df632f0dba44
      x-ms-ratelimit-remaining-subscription-writes:
      - '1198'
    status:
      code: 200
      message: OK
- request:
    body: null
    headers:
      Accept:
      - '*/*'
      Accept-Encoding:
      - gzip, deflate
      CommandName:
      - network private-link-service update
      Connection:
      - keep-alive
      ParameterSetName:
      - -g -n --visibility --auto-approval --enable-proxy-protocol
      User-Agent:
      - AZURECLI/2.42.0 (PIP) azsdk-python-azure-mgmt-network/21.0.1 Python/3.8.10
        (Windows-10-10.0.19045-SP0)
    method: GET
    uri: https://management.azure.com/subscriptions/00000000-0000-0000-0000-000000000000/providers/Microsoft.Network/locations/centralus/operations/dd5d9b6e-3350-4e1d-8a4d-a91caddd8c9a?api-version=2022-01-01
  response:
    body:
      string: "{\r\n  \"status\": \"Succeeded\"\r\n}"
    headers:
      cache-control:
      - no-cache
      content-length:
      - '29'
      content-type:
      - application/json; charset=utf-8
      date:
      - Wed, 23 Nov 2022 06:54:19 GMT
      expires:
      - '-1'
      pragma:
      - no-cache
      server:
      - Microsoft-HTTPAPI/2.0
      - Microsoft-HTTPAPI/2.0
      strict-transport-security:
      - max-age=31536000; includeSubDomains
      transfer-encoding:
      - chunked
      vary:
      - Accept-Encoding
      x-content-type-options:
      - nosniff
      x-ms-arm-service-request-id:
      - 8c7fed4f-9415-45ac-9c58-66d2d024c678
    status:
      code: 200
      message: OK
- request:
    body: null
    headers:
      Accept:
      - '*/*'
      Accept-Encoding:
      - gzip, deflate
      CommandName:
      - network private-link-service update
      Connection:
      - keep-alive
      ParameterSetName:
      - -g -n --visibility --auto-approval --enable-proxy-protocol
      User-Agent:
      - AZURECLI/2.42.0 (PIP) azsdk-python-azure-mgmt-network/21.0.1 Python/3.8.10
        (Windows-10-10.0.19045-SP0)
    method: GET
    uri: https://management.azure.com/subscriptions/00000000-0000-0000-0000-000000000000/resourceGroups/cli_test_network_private_link_service000001/providers/Microsoft.Network/privateLinkServices/lks1?api-version=2022-01-01
  response:
    body:
      string: "{\r\n  \"name\": \"lks1\",\r\n  \"id\": \"/subscriptions/00000000-0000-0000-0000-000000000000/resourceGroups/cli_test_network_private_link_service000001/providers/Microsoft.Network/privateLinkServices/lks1\",\r\n
        \ \"etag\": \"W/\\\"9624c44a-0751-4e23-a78c-b73eff6f9805\\\"\",\r\n  \"type\":
        \"Microsoft.Network/privateLinkServices\",\r\n  \"location\": \"centralus\",\r\n
        \ \"properties\": {\r\n    \"provisioningState\": \"Succeeded\",\r\n    \"resourceGuid\":
        \"d6ad26d8-ae18-4c03-aa64-54bb4d4d844f\",\r\n    \"fqdns\": [],\r\n    \"alias\":
        \"lks1.2b9046d3-6d53-4821-ad35-47623541bd2e.centralus.azure.privatelinkservice\",\r\n
        \   \"visibility\": {\r\n      \"subscriptions\": [\r\n        \"00000000-0000-0000-0000-000000000000\",\r\n
        \       \"00000000-0000-0000-0000-000000000000\"\r\n      ]\r\n    },\r\n
        \   \"autoApproval\": {\r\n      \"subscriptions\": [\r\n        \"00000000-0000-0000-0000-000000000000\",\r\n
        \       \"00000000-0000-0000-0000-000000000000\"\r\n      ]\r\n    },\r\n
        \   \"enableProxyProtocol\": false,\r\n    \"loadBalancerFrontendIpConfigurations\":
        [\r\n      {\r\n        \"id\": \"/subscriptions/00000000-0000-0000-0000-000000000000/resourceGroups/cli_test_network_private_link_service000001/providers/Microsoft.Network/loadBalancers/lb1/frontendIPConfigurations/LoadBalancerFrontEnd\"\r\n
        \     }\r\n    ],\r\n    \"ipConfigurations\": [\r\n      {\r\n        \"name\":
        \"lks1_ipconfig_0\",\r\n        \"id\": \"/subscriptions/00000000-0000-0000-0000-000000000000/resourceGroups/cli_test_network_private_link_service000001/providers/Microsoft.Network/privateLinkServices/lks1/ipConfigurations/lks1_ipconfig_0\",\r\n
        \       \"etag\": \"W/\\\"9624c44a-0751-4e23-a78c-b73eff6f9805\\\"\",\r\n
        \       \"type\": \"Microsoft.Network/privateLinkServices/ipConfigurations\",\r\n
        \       \"properties\": {\r\n          \"provisioningState\": \"Succeeded\",\r\n
        \         \"privateIPAllocationMethod\": \"Dynamic\",\r\n          \"subnet\":
        {\r\n            \"id\": \"/subscriptions/00000000-0000-0000-0000-000000000000/resourceGroups/cli_test_network_private_link_service000001/providers/Microsoft.Network/virtualNetworks/vnet1/subnets/subnet1\"\r\n
        \         },\r\n          \"primary\": true,\r\n          \"privateIPAddressVersion\":
        \"IPv4\"\r\n        }\r\n      }\r\n    ],\r\n    \"privateEndpointConnections\":
        [],\r\n    \"networkInterfaces\": [\r\n      {\r\n        \"id\": \"/subscriptions/00000000-0000-0000-0000-000000000000/resourceGroups/cli_test_network_private_link_service000001/providers/Microsoft.Network/networkInterfaces/lks1.nic.c0a6d204-eee3-4084-9f7a-01bbf602cc94\"\r\n
        \     }\r\n    ]\r\n  }\r\n}"
    headers:
      cache-control:
      - no-cache
      content-length:
      - '2418'
      content-type:
      - application/json; charset=utf-8
      date:
      - Wed, 23 Nov 2022 06:54:19 GMT
      etag:
      - W/"9624c44a-0751-4e23-a78c-b73eff6f9805"
      expires:
      - '-1'
      pragma:
      - no-cache
      server:
      - Microsoft-HTTPAPI/2.0
      - Microsoft-HTTPAPI/2.0
      strict-transport-security:
      - max-age=31536000; includeSubDomains
      transfer-encoding:
      - chunked
      vary:
      - Accept-Encoding
      x-content-type-options:
      - nosniff
      x-ms-arm-service-request-id:
      - 37b19b54-22ec-46b5-9239-8f202db7a831
    status:
      code: 200
      message: OK
- request:
    body: null
    headers:
      Accept:
      - application/json
      Accept-Encoding:
      - gzip, deflate
      CommandName:
      - network private-link-service list
      Connection:
      - keep-alive
      ParameterSetName:
      - -g
      User-Agent:
      - AZURECLI/2.42.0 (PIP) azsdk-python-azure-mgmt-network/21.0.1 Python/3.8.10
        (Windows-10-10.0.19045-SP0)
    method: GET
    uri: https://management.azure.com/subscriptions/00000000-0000-0000-0000-000000000000/resourceGroups/cli_test_network_private_link_service000001/providers/Microsoft.Network/privateLinkServices?api-version=2022-01-01
  response:
    body:
      string: "{\r\n  \"value\": [\r\n    {\r\n      \"name\": \"lks1\",\r\n      \"id\":
        \"/subscriptions/00000000-0000-0000-0000-000000000000/resourceGroups/cli_test_network_private_link_service000001/providers/Microsoft.Network/privateLinkServices/lks1\",\r\n
        \     \"etag\": \"W/\\\"9624c44a-0751-4e23-a78c-b73eff6f9805\\\"\",\r\n      \"type\":
        \"Microsoft.Network/privateLinkServices\",\r\n      \"location\": \"centralus\",\r\n
        \     \"properties\": {\r\n        \"provisioningState\": \"Succeeded\",\r\n
        \       \"resourceGuid\": \"d6ad26d8-ae18-4c03-aa64-54bb4d4d844f\",\r\n        \"fqdns\":
        [],\r\n        \"alias\": \"lks1.2b9046d3-6d53-4821-ad35-47623541bd2e.centralus.azure.privatelinkservice\",\r\n
        \       \"visibility\": {\r\n          \"subscriptions\": [\r\n            \"00000000-0000-0000-0000-000000000000\",\r\n
        \           \"00000000-0000-0000-0000-000000000000\"\r\n          ]\r\n        },\r\n
        \       \"autoApproval\": {\r\n          \"subscriptions\": [\r\n            \"00000000-0000-0000-0000-000000000000\",\r\n
        \           \"00000000-0000-0000-0000-000000000000\"\r\n          ]\r\n        },\r\n
        \       \"enableProxyProtocol\": false,\r\n        \"loadBalancerFrontendIpConfigurations\":
        [\r\n          {\r\n            \"id\": \"/subscriptions/00000000-0000-0000-0000-000000000000/resourceGroups/cli_test_network_private_link_service000001/providers/Microsoft.Network/loadBalancers/lb1/frontendIPConfigurations/LoadBalancerFrontEnd\"\r\n
        \         }\r\n        ],\r\n        \"ipConfigurations\": [\r\n          {\r\n
        \           \"name\": \"lks1_ipconfig_0\",\r\n            \"id\": \"/subscriptions/00000000-0000-0000-0000-000000000000/resourceGroups/cli_test_network_private_link_service000001/providers/Microsoft.Network/privateLinkServices/lks1/ipConfigurations/lks1_ipconfig_0\",\r\n
        \           \"etag\": \"W/\\\"9624c44a-0751-4e23-a78c-b73eff6f9805\\\"\",\r\n
        \           \"type\": \"Microsoft.Network/privateLinkServices/ipConfigurations\",\r\n
        \           \"properties\": {\r\n              \"provisioningState\": \"Succeeded\",\r\n
        \             \"privateIPAllocationMethod\": \"Dynamic\",\r\n              \"subnet\":
        {\r\n                \"id\": \"/subscriptions/00000000-0000-0000-0000-000000000000/resourceGroups/cli_test_network_private_link_service000001/providers/Microsoft.Network/virtualNetworks/vnet1/subnets/subnet1\"\r\n
        \             },\r\n              \"primary\": true,\r\n              \"privateIPAddressVersion\":
        \"IPv4\"\r\n            }\r\n          }\r\n        ],\r\n        \"privateEndpointConnections\":
        [],\r\n        \"networkInterfaces\": [\r\n          {\r\n            \"id\":
        \"/subscriptions/00000000-0000-0000-0000-000000000000/resourceGroups/cli_test_network_private_link_service000001/providers/Microsoft.Network/networkInterfaces/lks1.nic.c0a6d204-eee3-4084-9f7a-01bbf602cc94\"\r\n
        \         }\r\n        ]\r\n      }\r\n    }\r\n  ]\r\n}"
    headers:
      cache-control:
      - no-cache
      content-length:
      - '2659'
      content-type:
      - application/json; charset=utf-8
      date:
      - Wed, 23 Nov 2022 06:54:21 GMT
      expires:
      - '-1'
      pragma:
      - no-cache
      server:
      - Microsoft-HTTPAPI/2.0
      - Microsoft-HTTPAPI/2.0
      strict-transport-security:
      - max-age=31536000; includeSubDomains
      transfer-encoding:
      - chunked
      vary:
      - Accept-Encoding
      x-content-type-options:
      - nosniff
      x-ms-arm-service-request-id:
      - 592bd8f5-a676-47c7-8502-629d4d51b50c
    status:
      code: 200
      message: OK
- request:
    body: null
    headers:
      Accept:
      - application/json
      Accept-Encoding:
      - gzip, deflate
      CommandName:
      - network private-link-service show
      Connection:
      - keep-alive
      ParameterSetName:
      - -g -n
      User-Agent:
      - AZURECLI/2.42.0 (PIP) azsdk-python-azure-mgmt-network/21.0.1 Python/3.8.10
        (Windows-10-10.0.19045-SP0)
    method: GET
    uri: https://management.azure.com/subscriptions/00000000-0000-0000-0000-000000000000/resourceGroups/cli_test_network_private_link_service000001/providers/Microsoft.Network/privateLinkServices/lks1?api-version=2022-01-01
  response:
    body:
      string: "{\r\n  \"name\": \"lks1\",\r\n  \"id\": \"/subscriptions/00000000-0000-0000-0000-000000000000/resourceGroups/cli_test_network_private_link_service000001/providers/Microsoft.Network/privateLinkServices/lks1\",\r\n
        \ \"etag\": \"W/\\\"9624c44a-0751-4e23-a78c-b73eff6f9805\\\"\",\r\n  \"type\":
        \"Microsoft.Network/privateLinkServices\",\r\n  \"location\": \"centralus\",\r\n
        \ \"properties\": {\r\n    \"provisioningState\": \"Succeeded\",\r\n    \"resourceGuid\":
        \"d6ad26d8-ae18-4c03-aa64-54bb4d4d844f\",\r\n    \"fqdns\": [],\r\n    \"alias\":
        \"lks1.2b9046d3-6d53-4821-ad35-47623541bd2e.centralus.azure.privatelinkservice\",\r\n
        \   \"visibility\": {\r\n      \"subscriptions\": [\r\n        \"00000000-0000-0000-0000-000000000000\",\r\n
        \       \"00000000-0000-0000-0000-000000000000\"\r\n      ]\r\n    },\r\n
        \   \"autoApproval\": {\r\n      \"subscriptions\": [\r\n        \"00000000-0000-0000-0000-000000000000\",\r\n
        \       \"00000000-0000-0000-0000-000000000000\"\r\n      ]\r\n    },\r\n
        \   \"enableProxyProtocol\": false,\r\n    \"loadBalancerFrontendIpConfigurations\":
        [\r\n      {\r\n        \"id\": \"/subscriptions/00000000-0000-0000-0000-000000000000/resourceGroups/cli_test_network_private_link_service000001/providers/Microsoft.Network/loadBalancers/lb1/frontendIPConfigurations/LoadBalancerFrontEnd\"\r\n
        \     }\r\n    ],\r\n    \"ipConfigurations\": [\r\n      {\r\n        \"name\":
        \"lks1_ipconfig_0\",\r\n        \"id\": \"/subscriptions/00000000-0000-0000-0000-000000000000/resourceGroups/cli_test_network_private_link_service000001/providers/Microsoft.Network/privateLinkServices/lks1/ipConfigurations/lks1_ipconfig_0\",\r\n
        \       \"etag\": \"W/\\\"9624c44a-0751-4e23-a78c-b73eff6f9805\\\"\",\r\n
        \       \"type\": \"Microsoft.Network/privateLinkServices/ipConfigurations\",\r\n
        \       \"properties\": {\r\n          \"provisioningState\": \"Succeeded\",\r\n
        \         \"privateIPAllocationMethod\": \"Dynamic\",\r\n          \"subnet\":
        {\r\n            \"id\": \"/subscriptions/00000000-0000-0000-0000-000000000000/resourceGroups/cli_test_network_private_link_service000001/providers/Microsoft.Network/virtualNetworks/vnet1/subnets/subnet1\"\r\n
        \         },\r\n          \"primary\": true,\r\n          \"privateIPAddressVersion\":
        \"IPv4\"\r\n        }\r\n      }\r\n    ],\r\n    \"privateEndpointConnections\":
        [],\r\n    \"networkInterfaces\": [\r\n      {\r\n        \"id\": \"/subscriptions/00000000-0000-0000-0000-000000000000/resourceGroups/cli_test_network_private_link_service000001/providers/Microsoft.Network/networkInterfaces/lks1.nic.c0a6d204-eee3-4084-9f7a-01bbf602cc94\"\r\n
        \     }\r\n    ]\r\n  }\r\n}"
    headers:
      cache-control:
      - no-cache
      content-length:
      - '2418'
      content-type:
      - application/json; charset=utf-8
      date:
      - Wed, 23 Nov 2022 06:54:22 GMT
      etag:
      - W/"9624c44a-0751-4e23-a78c-b73eff6f9805"
      expires:
      - '-1'
      pragma:
      - no-cache
      server:
      - Microsoft-HTTPAPI/2.0
      - Microsoft-HTTPAPI/2.0
      strict-transport-security:
      - max-age=31536000; includeSubDomains
      transfer-encoding:
      - chunked
      vary:
      - Accept-Encoding
      x-content-type-options:
      - nosniff
      x-ms-arm-service-request-id:
      - 1d33d40f-7c4e-459c-b9f1-ab6681d11f45
    status:
      code: 200
      message: OK
- request:
    body: null
    headers:
      Accept:
      - application/json
      Accept-Encoding:
      - gzip, deflate
      CommandName:
      - network private-link-service delete
      Connection:
      - keep-alive
      Content-Length:
      - '0'
      ParameterSetName:
      - -g -n
      User-Agent:
      - AZURECLI/2.42.0 (PIP) azsdk-python-azure-mgmt-network/21.0.1 Python/3.8.10
        (Windows-10-10.0.19045-SP0)
    method: DELETE
    uri: https://management.azure.com/subscriptions/00000000-0000-0000-0000-000000000000/resourceGroups/cli_test_network_private_link_service000001/providers/Microsoft.Network/privateLinkServices/lks1?api-version=2022-01-01
  response:
    body:
      string: ''
    headers:
      azure-asyncnotification:
      - Enabled
      azure-asyncoperation:
      - https://management.azure.com/subscriptions/00000000-0000-0000-0000-000000000000/providers/Microsoft.Network/locations/centralus/operations/ebf4e0a8-761c-4550-be5e-d5865fe29bda?api-version=2022-01-01
      cache-control:
      - no-cache
      content-length:
      - '0'
      date:
      - Wed, 23 Nov 2022 06:54:23 GMT
      expires:
      - '-1'
      location:
      - https://management.azure.com/subscriptions/00000000-0000-0000-0000-000000000000/providers/Microsoft.Network/locations/centralus/operationResults/ebf4e0a8-761c-4550-be5e-d5865fe29bda?api-version=2022-01-01
      pragma:
      - no-cache
      server:
      - Microsoft-HTTPAPI/2.0
      - Microsoft-HTTPAPI/2.0
      strict-transport-security:
      - max-age=31536000; includeSubDomains
      x-content-type-options:
      - nosniff
      x-ms-arm-service-request-id:
      - fc6ec56e-c1ae-4336-8542-e308a70c2808
      x-ms-ratelimit-remaining-subscription-deletes:
      - '14999'
    status:
      code: 202
      message: ''
- request:
    body: null
    headers:
      Accept:
      - '*/*'
      Accept-Encoding:
      - gzip, deflate
      CommandName:
      - network private-link-service delete
      Connection:
      - keep-alive
      ParameterSetName:
      - -g -n
      User-Agent:
      - AZURECLI/2.42.0 (PIP) azsdk-python-azure-mgmt-network/21.0.1 Python/3.8.10
        (Windows-10-10.0.19045-SP0)
    method: GET
    uri: https://management.azure.com/subscriptions/00000000-0000-0000-0000-000000000000/providers/Microsoft.Network/locations/centralus/operations/ebf4e0a8-761c-4550-be5e-d5865fe29bda?api-version=2022-01-01
  response:
    body:
      string: "{\r\n  \"status\": \"Succeeded\"\r\n}"
    headers:
      cache-control:
      - no-cache
      content-length:
      - '29'
      content-type:
      - application/json; charset=utf-8
      date:
      - Wed, 23 Nov 2022 06:54:34 GMT
      expires:
      - '-1'
      pragma:
      - no-cache
      server:
      - Microsoft-HTTPAPI/2.0
      - Microsoft-HTTPAPI/2.0
      strict-transport-security:
      - max-age=31536000; includeSubDomains
      transfer-encoding:
      - chunked
      vary:
      - Accept-Encoding
      x-content-type-options:
      - nosniff
      x-ms-arm-service-request-id:
      - 108941be-0a76-4dfa-bd92-473b5d7f299c
    status:
      code: 200
      message: ''
- request:
    body: null
    headers:
      Accept:
      - '*/*'
      Accept-Encoding:
      - gzip, deflate
      CommandName:
      - network private-link-service delete
      Connection:
      - keep-alive
      ParameterSetName:
      - -g -n
      User-Agent:
      - AZURECLI/2.42.0 (PIP) azsdk-python-azure-mgmt-network/21.0.1 Python/3.8.10
        (Windows-10-10.0.19045-SP0)
    method: GET
    uri: https://management.azure.com/subscriptions/00000000-0000-0000-0000-000000000000/providers/Microsoft.Network/locations/centralus/operationResults/ebf4e0a8-761c-4550-be5e-d5865fe29bda?api-version=2022-01-01
  response:
    body:
      string: ''
    headers:
      azure-asyncnotification:
      - Enabled
      azure-asyncoperation:
      - https://management.azure.com/subscriptions/00000000-0000-0000-0000-000000000000/providers/Microsoft.Network/locations/centralus/operations/ebf4e0a8-761c-4550-be5e-d5865fe29bda?api-version=2022-01-01
      cache-control:
      - no-cache
      content-type:
      - application/json; charset=utf-8
      date:
      - Wed, 23 Nov 2022 06:54:35 GMT
      expires:
      - '-1'
      location:
      - https://management.azure.com/subscriptions/00000000-0000-0000-0000-000000000000/providers/Microsoft.Network/locations/centralus/operationResults/ebf4e0a8-761c-4550-be5e-d5865fe29bda?api-version=2022-01-01
      pragma:
      - no-cache
      server:
      - Microsoft-HTTPAPI/2.0
      - Microsoft-HTTPAPI/2.0
      strict-transport-security:
      - max-age=31536000; includeSubDomains
      x-content-type-options:
      - nosniff
      x-ms-arm-service-request-id:
      - fc6ec56e-c1ae-4336-8542-e308a70c2808
    status:
      code: 204
      message: No Content
- request:
    body: null
    headers:
      Accept:
      - application/json
      Accept-Encoding:
      - gzip, deflate
      CommandName:
      - network vnet subnet update
      Connection:
      - keep-alive
      ParameterSetName:
      - -g -n --vnet-name --disable-private-link-service-network-policies
      User-Agent:
      - AZURECLI/2.42.0 (PIP) (AAZ) azsdk-python-core/1.24.0 Python/3.8.10 (Windows-10-10.0.19045-SP0)
    method: GET
    uri: https://management.azure.com/subscriptions/00000000-0000-0000-0000-000000000000/resourceGroups/cli_test_network_private_link_service000001/providers/Microsoft.Network/virtualNetworks/vnet1/subnets/subnet1?api-version=2022-01-01
  response:
    body:
      string: "{\r\n  \"name\": \"subnet1\",\r\n  \"id\": \"/subscriptions/00000000-0000-0000-0000-000000000000/resourceGroups/cli_test_network_private_link_service000001/providers/Microsoft.Network/virtualNetworks/vnet1/subnets/subnet1\",\r\n
        \ \"etag\": \"W/\\\"7c5f6489-7cef-4910-a38a-e7e018c6349d\\\"\",\r\n  \"properties\":
        {\r\n    \"provisioningState\": \"Succeeded\",\r\n    \"addressPrefix\": \"10.0.0.0/24\",\r\n
        \   \"delegations\": [],\r\n    \"privateEndpointNetworkPolicies\": \"Disabled\",\r\n
        \   \"privateLinkServiceNetworkPolicies\": \"Disabled\"\r\n  },\r\n  \"type\":
        \"Microsoft.Network/virtualNetworks/subnets\"\r\n}"
    headers:
      cache-control:
      - no-cache
      content-length:
      - '556'
      content-type:
      - application/json; charset=utf-8
      date:
      - Wed, 23 Nov 2022 06:54:37 GMT
      etag:
      - W/"7c5f6489-7cef-4910-a38a-e7e018c6349d"
      expires:
      - '-1'
      pragma:
      - no-cache
      server:
      - Microsoft-HTTPAPI/2.0
      - Microsoft-HTTPAPI/2.0
      strict-transport-security:
      - max-age=31536000; includeSubDomains
      transfer-encoding:
      - chunked
      vary:
      - Accept-Encoding
      x-content-type-options:
      - nosniff
      x-ms-arm-service-request-id:
      - 75a32b8f-9cb7-4506-95c2-ecf88ad21581
    status:
      code: 200
      message: OK
- request:
    body: '{"id": "/subscriptions/00000000-0000-0000-0000-000000000000/resourceGroups/cli_test_network_private_link_service000001/providers/Microsoft.Network/virtualNetworks/vnet1/subnets/subnet1",
      "name": "subnet1", "properties": {"addressPrefix": "10.0.0.0/24", "delegations":
      [], "privateEndpointNetworkPolicies": "Disabled", "privateLinkServiceNetworkPolicies":
      "Enabled"}, "type": "Microsoft.Network/virtualNetworks/subnets"}'
    headers:
      Accept:
      - application/json
      Accept-Encoding:
      - gzip, deflate
      CommandName:
      - network vnet subnet update
      Connection:
      - keep-alive
      Content-Length:
      - '419'
      Content-Type:
      - application/json
      ParameterSetName:
      - -g -n --vnet-name --disable-private-link-service-network-policies
      User-Agent:
      - AZURECLI/2.42.0 (PIP) (AAZ) azsdk-python-core/1.24.0 Python/3.8.10 (Windows-10-10.0.19045-SP0)
    method: PUT
    uri: https://management.azure.com/subscriptions/00000000-0000-0000-0000-000000000000/resourceGroups/cli_test_network_private_link_service000001/providers/Microsoft.Network/virtualNetworks/vnet1/subnets/subnet1?api-version=2022-01-01
  response:
    body:
      string: "{\r\n  \"name\": \"subnet1\",\r\n  \"id\": \"/subscriptions/00000000-0000-0000-0000-000000000000/resourceGroups/cli_test_network_private_link_service000001/providers/Microsoft.Network/virtualNetworks/vnet1/subnets/subnet1\",\r\n
        \ \"etag\": \"W/\\\"17a20418-3fa1-4ada-8bef-7598dc25ae80\\\"\",\r\n  \"properties\":
        {\r\n    \"provisioningState\": \"Updating\",\r\n    \"addressPrefix\": \"10.0.0.0/24\",\r\n
        \   \"delegations\": [],\r\n    \"privateEndpointNetworkPolicies\": \"Disabled\",\r\n
        \   \"privateLinkServiceNetworkPolicies\": \"Enabled\"\r\n  },\r\n  \"type\":
        \"Microsoft.Network/virtualNetworks/subnets\"\r\n}"
    headers:
      azure-asyncnotification:
      - Enabled
      azure-asyncoperation:
      - https://management.azure.com/subscriptions/00000000-0000-0000-0000-000000000000/providers/Microsoft.Network/locations/centralus/operations/c73e284f-0eb5-4161-9cb0-8036d5fa44fc?api-version=2022-01-01
      cache-control:
      - no-cache
      content-length:
      - '554'
      content-type:
      - application/json; charset=utf-8
      date:
      - Wed, 23 Nov 2022 06:54:37 GMT
      expires:
      - '-1'
      pragma:
      - no-cache
      server:
      - Microsoft-HTTPAPI/2.0
      - Microsoft-HTTPAPI/2.0
      strict-transport-security:
      - max-age=31536000; includeSubDomains
      transfer-encoding:
      - chunked
      vary:
      - Accept-Encoding
      x-content-type-options:
      - nosniff
      x-ms-arm-service-request-id:
      - fd6d0175-b579-4ff7-8800-2579c71ed47a
      x-ms-ratelimit-remaining-subscription-writes:
      - '1197'
    status:
      code: 200
      message: OK
- request:
    body: null
    headers:
      Accept:
      - '*/*'
      Accept-Encoding:
      - gzip, deflate
      CommandName:
      - network vnet subnet update
      Connection:
      - keep-alive
      ParameterSetName:
      - -g -n --vnet-name --disable-private-link-service-network-policies
      User-Agent:
      - AZURECLI/2.42.0 (PIP) (AAZ) azsdk-python-core/1.24.0 Python/3.8.10 (Windows-10-10.0.19045-SP0)
    method: GET
    uri: https://management.azure.com/subscriptions/00000000-0000-0000-0000-000000000000/providers/Microsoft.Network/locations/centralus/operations/c73e284f-0eb5-4161-9cb0-8036d5fa44fc?api-version=2022-01-01
  response:
    body:
      string: "{\r\n  \"status\": \"Succeeded\"\r\n}"
    headers:
      cache-control:
      - no-cache
      content-length:
      - '29'
      content-type:
      - application/json; charset=utf-8
      date:
      - Wed, 23 Nov 2022 06:54:41 GMT
      expires:
      - '-1'
      pragma:
      - no-cache
      server:
      - Microsoft-HTTPAPI/2.0
      - Microsoft-HTTPAPI/2.0
      strict-transport-security:
      - max-age=31536000; includeSubDomains
      transfer-encoding:
      - chunked
      vary:
      - Accept-Encoding
      x-content-type-options:
      - nosniff
      x-ms-arm-service-request-id:
      - f062d37a-43fd-4b29-9a3a-2fca21ce3152
    status:
      code: 200
      message: OK
- request:
    body: null
    headers:
      Accept:
      - '*/*'
      Accept-Encoding:
      - gzip, deflate
      CommandName:
      - network vnet subnet update
      Connection:
      - keep-alive
      ParameterSetName:
      - -g -n --vnet-name --disable-private-link-service-network-policies
      User-Agent:
      - AZURECLI/2.42.0 (PIP) (AAZ) azsdk-python-core/1.24.0 Python/3.8.10 (Windows-10-10.0.19045-SP0)
    method: GET
    uri: https://management.azure.com/subscriptions/00000000-0000-0000-0000-000000000000/resourceGroups/cli_test_network_private_link_service000001/providers/Microsoft.Network/virtualNetworks/vnet1/subnets/subnet1?api-version=2022-01-01
  response:
    body:
      string: "{\r\n  \"name\": \"subnet1\",\r\n  \"id\": \"/subscriptions/00000000-0000-0000-0000-000000000000/resourceGroups/cli_test_network_private_link_service000001/providers/Microsoft.Network/virtualNetworks/vnet1/subnets/subnet1\",\r\n
        \ \"etag\": \"W/\\\"8884aee2-bdcc-4f14-81ad-04a6a2d8b597\\\"\",\r\n  \"properties\":
        {\r\n    \"provisioningState\": \"Succeeded\",\r\n    \"addressPrefix\": \"10.0.0.0/24\",\r\n
        \   \"delegations\": [],\r\n    \"privateEndpointNetworkPolicies\": \"Disabled\",\r\n
        \   \"privateLinkServiceNetworkPolicies\": \"Enabled\"\r\n  },\r\n  \"type\":
        \"Microsoft.Network/virtualNetworks/subnets\"\r\n}"
    headers:
      cache-control:
      - no-cache
      content-length:
      - '555'
      content-type:
      - application/json; charset=utf-8
      date:
      - Wed, 23 Nov 2022 06:54:41 GMT
      etag:
      - W/"8884aee2-bdcc-4f14-81ad-04a6a2d8b597"
      expires:
      - '-1'
      pragma:
      - no-cache
      server:
      - Microsoft-HTTPAPI/2.0
      - Microsoft-HTTPAPI/2.0
      strict-transport-security:
      - max-age=31536000; includeSubDomains
      transfer-encoding:
      - chunked
      vary:
      - Accept-Encoding
      x-content-type-options:
      - nosniff
      x-ms-arm-service-request-id:
      - 1050ca16-fc36-4ca0-bdd9-60f03389da9e
    status:
      code: 200
      message: OK
version: 1
