interactions:
- request:
    body: "{\"properties\": {\"parameters\": {\"name\": {\"value\": \"cli-test-azs-000002\"\
      }, \"location\": {\"value\": \"eastus\"}}, \"mode\": \"Incremental\", template:{\r\
      \n    \"$schema\": \"http://schema.management.azure.com/schemas/2014-04-01-preview/deploymentTemplate.json#\"\
      ,\r\n    \"contentVersion\": \"1.0.0.0\",\r\n    \"parameters\": {\r\n     \
      \   \"name\": {\r\n            \"type\": \"string\"\r\n        },\r\n      \
      \  \"location\": {\r\n            \"type\": \"string\"\r\n        }\r\n    },\r\
      \n    \"resources\": [\r\n        {\r\n            \"apiVersion\": \"2020-08-01\"\
      ,\r\n            \"name\": \"[parameters('name')]\",\r\n            \"location\"\
      : \"[parameters('location')]\",\r\n            \"type\": \"Microsoft.Search/searchServices\"\
      ,\r\n            \"properties\": {\r\n                \"replicaCount\": 1,\r\
      \n                \"partitionCount\": 1,\r\n                \"publicNetworkAccess\"\
      : \"disabled\"\r\n            },\r\n            \"sku\": {\r\n             \
      \   \"name\": \"basic\"\r\n            }\r\n        }\r\n    ]\r\n}}}"
    headers:
      Accept:
      - application/json
      Accept-Encoding:
      - gzip, deflate
      CommandName:
      - deployment group create
      Connection:
      - keep-alive
      Content-Length:
      - '923'
      Content-Type:
      - application/json
      ParameterSetName:
      - --name -g --template-file --parameters --parameters
      User-Agent:
      - AZURECLI/2.63.0 azsdk-python-core/1.28.0 Python/3.12.4 (Windows-11-10.0.22631-SP0)
    method: POST
    uri: https://management.azure.com/subscriptions/00000000-0000-0000-0000-000000000000/resourcegroups/test_search_service_private_endpoint_000001/providers/Microsoft.Resources/deployments/mock-deployment/validate?api-version=2022-09-01
  response:
    body:
      string: '{"id":"/subscriptions/00000000-0000-0000-0000-000000000000/resourceGroups/test_search_service_private_endpoint_000001/providers/Microsoft.Resources/deployments/cli-test-azs-plr-000003","name":"cli-test-azs-plr-000003","type":"Microsoft.Resources/deployments","properties":{"templateHash":"1518347000103681276","parameters":{"name":{"type":"String","value":"cli-test-azs-000002"},"location":{"type":"String","value":"eastus"}},"mode":"Incremental","provisioningState":"Succeeded","timestamp":"0001-01-01T00:00:00Z","duration":"PT0S","correlationId":"b1962487-be6c-4a3e-891f-e5417aa904b5","providers":[{"namespace":"Microsoft.Search","resourceTypes":[{"resourceType":"searchServices","locations":["eastus"]}]}],"dependencies":[],"validatedResources":[{"id":"/subscriptions/00000000-0000-0000-0000-000000000000/resourceGroups/test_search_service_private_endpoint_000001/providers/Microsoft.Search/searchServices/cli-test-azs-000002"}]}}'
    headers:
      cache-control:
      - no-cache
      content-length:
      - '933'
      content-type:
      - application/json; charset=utf-8
      date:
      - Fri, 16 Aug 2024 10:25:51 GMT
      expires:
      - '-1'
      pragma:
      - no-cache
      strict-transport-security:
      - max-age=31536000; includeSubDomains
      x-cache:
      - CONFIG_NOCACHE
      x-content-type-options:
      - nosniff
      x-ms-ratelimit-remaining-subscription-global-writes:
      - '2999'
      x-ms-ratelimit-remaining-subscription-writes:
      - '199'
      x-msedge-ref:
      - 'Ref A: BD47DB238D86411EBA8BA560205B298C Ref B: MAA201060515021 Ref C: 2024-08-16T10:25:44Z'
    status:
      code: 200
      message: OK
- request:
    body: "{\"properties\": {\"parameters\": {\"name\": {\"value\": \"cli-test-azs-000002\"\
      }, \"location\": {\"value\": \"eastus\"}}, \"mode\": \"Incremental\", template:{\r\
      \n    \"$schema\": \"http://schema.management.azure.com/schemas/2014-04-01-preview/deploymentTemplate.json#\"\
      ,\r\n    \"contentVersion\": \"1.0.0.0\",\r\n    \"parameters\": {\r\n     \
      \   \"name\": {\r\n            \"type\": \"string\"\r\n        },\r\n      \
      \  \"location\": {\r\n            \"type\": \"string\"\r\n        }\r\n    },\r\
      \n    \"resources\": [\r\n        {\r\n            \"apiVersion\": \"2020-08-01\"\
      ,\r\n            \"name\": \"[parameters('name')]\",\r\n            \"location\"\
      : \"[parameters('location')]\",\r\n            \"type\": \"Microsoft.Search/searchServices\"\
      ,\r\n            \"properties\": {\r\n                \"replicaCount\": 1,\r\
      \n                \"partitionCount\": 1,\r\n                \"publicNetworkAccess\"\
      : \"disabled\"\r\n            },\r\n            \"sku\": {\r\n             \
      \   \"name\": \"basic\"\r\n            }\r\n        }\r\n    ]\r\n}}}"
    headers:
      Accept:
      - application/json
      Accept-Encoding:
      - gzip, deflate
      CommandName:
      - deployment group create
      Connection:
      - keep-alive
      Content-Length:
      - '923'
      Content-Type:
      - application/json
      ParameterSetName:
      - --name -g --template-file --parameters --parameters
      User-Agent:
      - AZURECLI/2.63.0 azsdk-python-core/1.28.0 Python/3.12.4 (Windows-11-10.0.22631-SP0)
    method: PUT
    uri: https://management.azure.com/subscriptions/00000000-0000-0000-0000-000000000000/resourcegroups/test_search_service_private_endpoint_000001/providers/Microsoft.Resources/deployments/mock-deployment?api-version=2022-09-01
  response:
    body:
      string: '{"id":"/subscriptions/00000000-0000-0000-0000-000000000000/resourceGroups/test_search_service_private_endpoint_000001/providers/Microsoft.Resources/deployments/cli-test-azs-plr-000003","name":"cli-test-azs-plr-000003","type":"Microsoft.Resources/deployments","properties":{"templateHash":"1518347000103681276","parameters":{"name":{"type":"String","value":"cli-test-azs-000002"},"location":{"type":"String","value":"eastus"}},"mode":"Incremental","provisioningState":"Accepted","timestamp":"2024-08-16T10:26:00.4779495Z","duration":"PT0.000462S","correlationId":"aeddaf0c-8865-4187-b6f5-3c06035582ce","providers":[{"namespace":"Microsoft.Search","resourceTypes":[{"resourceType":"searchServices","locations":["eastus"]}]}],"dependencies":[]}}'
    headers:
      azure-asyncoperation:
      - https://management.azure.com/subscriptions/00000000-0000-0000-0000-000000000000/resourcegroups/test_search_service_private_endpoint_000001/providers/Microsoft.Resources/deployments/cli-test-azs-plr-000003/operationStatuses/08584778029290429925?api-version=2022-09-01
      cache-control:
      - no-cache
      content-length:
      - '742'
      content-type:
      - application/json; charset=utf-8
      date:
      - Fri, 16 Aug 2024 10:26:01 GMT
      expires:
      - '-1'
      pragma:
      - no-cache
      strict-transport-security:
      - max-age=31536000; includeSubDomains
      x-cache:
      - CONFIG_NOCACHE
      x-content-type-options:
      - nosniff
      x-ms-deployment-engine-version:
      - 1.76.0
      x-ms-ratelimit-remaining-subscription-global-writes:
      - '2999'
      x-ms-ratelimit-remaining-subscription-writes:
      - '199'
      x-msedge-ref:
      - 'Ref A: 2D60422BA4B84F1784AAC51993949A2A Ref B: MAA201060515021 Ref C: 2024-08-16T10:25:52Z'
    status:
      code: 201
      message: Created
- request:
    body: null
    headers:
      Accept:
      - '*/*'
      Accept-Encoding:
      - gzip, deflate
      CommandName:
      - deployment group create
      Connection:
      - keep-alive
      ParameterSetName:
      - --name -g --template-file --parameters --parameters
      User-Agent:
      - AZURECLI/2.63.0 azsdk-python-core/1.28.0 Python/3.12.4 (Windows-11-10.0.22631-SP0)
    method: GET
    uri: https://management.azure.com/subscriptions/00000000-0000-0000-0000-000000000000/resourcegroups/test_search_service_private_endpoint_000001/providers/Microsoft.Resources/deployments/mock-deployment/operationStatuses/08584778029290429925?api-version=2022-09-01
  response:
    body:
      string: '{"status":"Running"}'
    headers:
      cache-control:
      - no-cache
      content-length:
      - '20'
      content-type:
      - application/json; charset=utf-8
      date:
      - Fri, 16 Aug 2024 10:26:02 GMT
      expires:
      - '-1'
      pragma:
      - no-cache
      strict-transport-security:
      - max-age=31536000; includeSubDomains
      x-cache:
      - CONFIG_NOCACHE
      x-content-type-options:
      - nosniff
      x-ms-ratelimit-remaining-subscription-global-reads:
      - '3749'
      x-msedge-ref:
      - 'Ref A: B78912074EF043038214FE79A4238E00 Ref B: MAA201060515021 Ref C: 2024-08-16T10:26:02Z'
    status:
      code: 200
      message: OK
- request:
    body: null
    headers:
      Accept:
      - '*/*'
      Accept-Encoding:
      - gzip, deflate
      CommandName:
      - deployment group create
      Connection:
      - keep-alive
      ParameterSetName:
      - --name -g --template-file --parameters --parameters
      User-Agent:
      - AZURECLI/2.63.0 azsdk-python-core/1.28.0 Python/3.12.4 (Windows-11-10.0.22631-SP0)
    method: GET
    uri: https://management.azure.com/subscriptions/00000000-0000-0000-0000-000000000000/resourcegroups/test_search_service_private_endpoint_000001/providers/Microsoft.Resources/deployments/mock-deployment/operationStatuses/08584778029290429925?api-version=2022-09-01
  response:
    body:
      string: '{"status":"Running"}'
    headers:
      cache-control:
      - no-cache
      content-length:
      - '20'
      content-type:
      - application/json; charset=utf-8
      date:
      - Fri, 16 Aug 2024 10:26:34 GMT
      expires:
      - '-1'
      pragma:
      - no-cache
      strict-transport-security:
      - max-age=31536000; includeSubDomains
      x-cache:
      - CONFIG_NOCACHE
      x-content-type-options:
      - nosniff
      x-ms-ratelimit-remaining-subscription-global-reads:
      - '3749'
      x-msedge-ref:
      - 'Ref A: BE34B5976D7D4D22A9C5CA4AF656FCD8 Ref B: MAA201060515021 Ref C: 2024-08-16T10:26:33Z'
    status:
      code: 200
      message: OK
- request:
    body: null
    headers:
      Accept:
      - '*/*'
      Accept-Encoding:
      - gzip, deflate
      CommandName:
      - deployment group create
      Connection:
      - keep-alive
      ParameterSetName:
      - --name -g --template-file --parameters --parameters
      User-Agent:
      - AZURECLI/2.63.0 azsdk-python-core/1.28.0 Python/3.12.4 (Windows-11-10.0.22631-SP0)
    method: GET
    uri: https://management.azure.com/subscriptions/00000000-0000-0000-0000-000000000000/resourcegroups/test_search_service_private_endpoint_000001/providers/Microsoft.Resources/deployments/mock-deployment/operationStatuses/08584778029290429925?api-version=2022-09-01
  response:
    body:
      string: '{"status":"Running"}'
    headers:
      cache-control:
      - no-cache
      content-length:
      - '20'
      content-type:
      - application/json; charset=utf-8
      date:
      - Fri, 16 Aug 2024 10:27:05 GMT
      expires:
      - '-1'
      pragma:
      - no-cache
      strict-transport-security:
      - max-age=31536000; includeSubDomains
      x-cache:
      - CONFIG_NOCACHE
      x-content-type-options:
      - nosniff
      x-ms-ratelimit-remaining-subscription-global-reads:
      - '3749'
      x-msedge-ref:
      - 'Ref A: 066C9811AB1E4C50AE2FAD3A667BBACD Ref B: MAA201060515021 Ref C: 2024-08-16T10:27:05Z'
    status:
      code: 200
      message: OK
- request:
    body: null
    headers:
      Accept:
      - '*/*'
      Accept-Encoding:
      - gzip, deflate
      CommandName:
      - deployment group create
      Connection:
      - keep-alive
      ParameterSetName:
      - --name -g --template-file --parameters --parameters
      User-Agent:
      - AZURECLI/2.63.0 azsdk-python-core/1.28.0 Python/3.12.4 (Windows-11-10.0.22631-SP0)
    method: GET
    uri: https://management.azure.com/subscriptions/00000000-0000-0000-0000-000000000000/resourcegroups/test_search_service_private_endpoint_000001/providers/Microsoft.Resources/deployments/mock-deployment/operationStatuses/08584778029290429925?api-version=2022-09-01
  response:
    body:
      string: '{"status":"Running"}'
    headers:
      cache-control:
      - no-cache
      content-length:
      - '20'
      content-type:
      - application/json; charset=utf-8
      date:
      - Fri, 16 Aug 2024 10:27:36 GMT
      expires:
      - '-1'
      pragma:
      - no-cache
      strict-transport-security:
      - max-age=31536000; includeSubDomains
      x-cache:
      - CONFIG_NOCACHE
      x-content-type-options:
      - nosniff
      x-ms-ratelimit-remaining-subscription-global-reads:
      - '3749'
      x-msedge-ref:
      - 'Ref A: F94D497EE51549A8835EA4C04FBAF2E8 Ref B: MAA201060515021 Ref C: 2024-08-16T10:27:35Z'
    status:
      code: 200
      message: OK
- request:
    body: null
    headers:
      Accept:
      - '*/*'
      Accept-Encoding:
      - gzip, deflate
      CommandName:
      - deployment group create
      Connection:
      - keep-alive
      ParameterSetName:
      - --name -g --template-file --parameters --parameters
      User-Agent:
      - AZURECLI/2.63.0 azsdk-python-core/1.28.0 Python/3.12.4 (Windows-11-10.0.22631-SP0)
    method: GET
    uri: https://management.azure.com/subscriptions/00000000-0000-0000-0000-000000000000/resourcegroups/test_search_service_private_endpoint_000001/providers/Microsoft.Resources/deployments/mock-deployment/operationStatuses/08584778029290429925?api-version=2022-09-01
  response:
    body:
      string: '{"status":"Running"}'
    headers:
      cache-control:
      - no-cache
      content-length:
      - '20'
      content-type:
      - application/json; charset=utf-8
      date:
      - Fri, 16 Aug 2024 10:28:07 GMT
      expires:
      - '-1'
      pragma:
      - no-cache
      strict-transport-security:
      - max-age=31536000; includeSubDomains
      x-cache:
      - CONFIG_NOCACHE
      x-content-type-options:
      - nosniff
      x-ms-ratelimit-remaining-subscription-global-reads:
      - '3749'
      x-msedge-ref:
      - 'Ref A: 6C73B3EFCAE145CCAC2D6ECA8E84F850 Ref B: MAA201060515021 Ref C: 2024-08-16T10:28:07Z'
    status:
      code: 200
      message: OK
- request:
    body: null
    headers:
      Accept:
      - '*/*'
      Accept-Encoding:
      - gzip, deflate
      CommandName:
      - deployment group create
      Connection:
      - keep-alive
      ParameterSetName:
      - --name -g --template-file --parameters --parameters
      User-Agent:
      - AZURECLI/2.63.0 azsdk-python-core/1.28.0 Python/3.12.4 (Windows-11-10.0.22631-SP0)
    method: GET
    uri: https://management.azure.com/subscriptions/00000000-0000-0000-0000-000000000000/resourcegroups/test_search_service_private_endpoint_000001/providers/Microsoft.Resources/deployments/mock-deployment/operationStatuses/08584778029290429925?api-version=2022-09-01
  response:
    body:
      string: '{"status":"Running"}'
    headers:
      cache-control:
      - no-cache
      content-length:
      - '20'
      content-type:
      - application/json; charset=utf-8
      date:
      - Fri, 16 Aug 2024 10:28:38 GMT
      expires:
      - '-1'
      pragma:
      - no-cache
      strict-transport-security:
      - max-age=31536000; includeSubDomains
      x-cache:
      - CONFIG_NOCACHE
      x-content-type-options:
      - nosniff
      x-ms-ratelimit-remaining-subscription-global-reads:
      - '3749'
      x-msedge-ref:
      - 'Ref A: 57C3FA0103E24B80ACCC0A719BCA9694 Ref B: MAA201060515021 Ref C: 2024-08-16T10:28:38Z'
    status:
      code: 200
      message: OK
- request:
    body: null
    headers:
      Accept:
      - '*/*'
      Accept-Encoding:
      - gzip, deflate
      CommandName:
      - deployment group create
      Connection:
      - keep-alive
      ParameterSetName:
      - --name -g --template-file --parameters --parameters
      User-Agent:
      - AZURECLI/2.63.0 azsdk-python-core/1.28.0 Python/3.12.4 (Windows-11-10.0.22631-SP0)
    method: GET
    uri: https://management.azure.com/subscriptions/00000000-0000-0000-0000-000000000000/resourcegroups/test_search_service_private_endpoint_000001/providers/Microsoft.Resources/deployments/mock-deployment/operationStatuses/08584778029290429925?api-version=2022-09-01
  response:
    body:
      string: '{"status":"Running"}'
    headers:
      cache-control:
      - no-cache
      content-length:
      - '20'
      content-type:
      - application/json; charset=utf-8
      date:
      - Fri, 16 Aug 2024 10:29:09 GMT
      expires:
      - '-1'
      pragma:
      - no-cache
      strict-transport-security:
      - max-age=31536000; includeSubDomains
      x-cache:
      - CONFIG_NOCACHE
      x-content-type-options:
      - nosniff
      x-ms-ratelimit-remaining-subscription-global-reads:
      - '3749'
      x-msedge-ref:
      - 'Ref A: 8FD2A2D3F1564021A654F4F1694A35D1 Ref B: MAA201060515021 Ref C: 2024-08-16T10:29:09Z'
    status:
      code: 200
      message: OK
- request:
    body: null
    headers:
      Accept:
      - '*/*'
      Accept-Encoding:
      - gzip, deflate
      CommandName:
      - deployment group create
      Connection:
      - keep-alive
      ParameterSetName:
      - --name -g --template-file --parameters --parameters
      User-Agent:
      - AZURECLI/2.63.0 azsdk-python-core/1.28.0 Python/3.12.4 (Windows-11-10.0.22631-SP0)
    method: GET
    uri: https://management.azure.com/subscriptions/00000000-0000-0000-0000-000000000000/resourcegroups/test_search_service_private_endpoint_000001/providers/Microsoft.Resources/deployments/mock-deployment/operationStatuses/08584778029290429925?api-version=2022-09-01
  response:
    body:
      string: '{"status":"Running"}'
    headers:
      cache-control:
      - no-cache
      content-length:
      - '20'
      content-type:
      - application/json; charset=utf-8
      date:
      - Fri, 16 Aug 2024 10:29:41 GMT
      expires:
      - '-1'
      pragma:
      - no-cache
      strict-transport-security:
      - max-age=31536000; includeSubDomains
      x-cache:
      - CONFIG_NOCACHE
      x-content-type-options:
      - nosniff
      x-ms-ratelimit-remaining-subscription-global-reads:
      - '3749'
      x-msedge-ref:
      - 'Ref A: 2AF20489F4AB4927AD84E1E404F4CC79 Ref B: MAA201060515021 Ref C: 2024-08-16T10:29:40Z'
    status:
      code: 200
      message: OK
- request:
    body: null
    headers:
      Accept:
      - '*/*'
      Accept-Encoding:
      - gzip, deflate
      CommandName:
      - deployment group create
      Connection:
      - keep-alive
      ParameterSetName:
      - --name -g --template-file --parameters --parameters
      User-Agent:
      - AZURECLI/2.63.0 azsdk-python-core/1.28.0 Python/3.12.4 (Windows-11-10.0.22631-SP0)
    method: GET
    uri: https://management.azure.com/subscriptions/00000000-0000-0000-0000-000000000000/resourcegroups/test_search_service_private_endpoint_000001/providers/Microsoft.Resources/deployments/mock-deployment/operationStatuses/08584778029290429925?api-version=2022-09-01
  response:
    body:
      string: '{"status":"Running"}'
    headers:
      cache-control:
      - no-cache
      content-length:
      - '20'
      content-type:
      - application/json; charset=utf-8
      date:
      - Fri, 16 Aug 2024 10:30:12 GMT
      expires:
      - '-1'
      pragma:
      - no-cache
      strict-transport-security:
      - max-age=31536000; includeSubDomains
      x-cache:
      - CONFIG_NOCACHE
      x-content-type-options:
      - nosniff
      x-ms-ratelimit-remaining-subscription-global-reads:
      - '3749'
      x-msedge-ref:
      - 'Ref A: DCFE1049BAA94CD4A3A654005FDDEDA8 Ref B: MAA201060515021 Ref C: 2024-08-16T10:30:11Z'
    status:
      code: 200
      message: OK
- request:
    body: null
    headers:
      Accept:
      - '*/*'
      Accept-Encoding:
      - gzip, deflate
      CommandName:
      - deployment group create
      Connection:
      - keep-alive
      ParameterSetName:
      - --name -g --template-file --parameters --parameters
      User-Agent:
      - AZURECLI/2.63.0 azsdk-python-core/1.28.0 Python/3.12.4 (Windows-11-10.0.22631-SP0)
    method: GET
    uri: https://management.azure.com/subscriptions/00000000-0000-0000-0000-000000000000/resourcegroups/test_search_service_private_endpoint_000001/providers/Microsoft.Resources/deployments/mock-deployment/operationStatuses/08584778029290429925?api-version=2022-09-01
  response:
    body:
      string: '{"status":"Running"}'
    headers:
      cache-control:
      - no-cache
      content-length:
      - '20'
      content-type:
      - application/json; charset=utf-8
      date:
      - Fri, 16 Aug 2024 10:30:43 GMT
      expires:
      - '-1'
      pragma:
      - no-cache
      strict-transport-security:
      - max-age=31536000; includeSubDomains
      x-cache:
      - CONFIG_NOCACHE
      x-content-type-options:
      - nosniff
      x-ms-ratelimit-remaining-subscription-global-reads:
      - '3749'
      x-msedge-ref:
      - 'Ref A: AE891A0ACD114231AC568CED172D6100 Ref B: MAA201060515021 Ref C: 2024-08-16T10:30:43Z'
    status:
      code: 200
      message: OK
- request:
    body: null
    headers:
      Accept:
      - '*/*'
      Accept-Encoding:
      - gzip, deflate
      CommandName:
      - deployment group create
      Connection:
      - keep-alive
      ParameterSetName:
      - --name -g --template-file --parameters --parameters
      User-Agent:
      - AZURECLI/2.63.0 azsdk-python-core/1.28.0 Python/3.12.4 (Windows-11-10.0.22631-SP0)
    method: GET
    uri: https://management.azure.com/subscriptions/00000000-0000-0000-0000-000000000000/resourcegroups/test_search_service_private_endpoint_000001/providers/Microsoft.Resources/deployments/mock-deployment/operationStatuses/08584778029290429925?api-version=2022-09-01
  response:
    body:
      string: '{"status":"Running"}'
    headers:
      cache-control:
      - no-cache
      content-length:
      - '20'
      content-type:
      - application/json; charset=utf-8
      date:
      - Fri, 16 Aug 2024 10:31:14 GMT
      expires:
      - '-1'
      pragma:
      - no-cache
      strict-transport-security:
      - max-age=31536000; includeSubDomains
      x-cache:
      - CONFIG_NOCACHE
      x-content-type-options:
      - nosniff
      x-ms-ratelimit-remaining-subscription-global-reads:
      - '3749'
      x-msedge-ref:
      - 'Ref A: F4C0496EB0E54C7D9F05E8626EE35217 Ref B: MAA201060515021 Ref C: 2024-08-16T10:31:14Z'
    status:
      code: 200
      message: OK
- request:
    body: null
    headers:
      Accept:
      - '*/*'
      Accept-Encoding:
      - gzip, deflate
      CommandName:
      - deployment group create
      Connection:
      - keep-alive
      ParameterSetName:
      - --name -g --template-file --parameters --parameters
      User-Agent:
      - AZURECLI/2.63.0 azsdk-python-core/1.28.0 Python/3.12.4 (Windows-11-10.0.22631-SP0)
    method: GET
    uri: https://management.azure.com/subscriptions/00000000-0000-0000-0000-000000000000/resourcegroups/test_search_service_private_endpoint_000001/providers/Microsoft.Resources/deployments/mock-deployment/operationStatuses/08584778029290429925?api-version=2022-09-01
  response:
    body:
      string: '{"status":"Running"}'
    headers:
      cache-control:
      - no-cache
      content-length:
      - '20'
      content-type:
      - application/json; charset=utf-8
      date:
      - Fri, 16 Aug 2024 10:31:45 GMT
      expires:
      - '-1'
      pragma:
      - no-cache
      strict-transport-security:
      - max-age=31536000; includeSubDomains
      x-cache:
      - CONFIG_NOCACHE
      x-content-type-options:
      - nosniff
      x-ms-ratelimit-remaining-subscription-global-reads:
      - '3749'
      x-msedge-ref:
      - 'Ref A: B29BE5EE47104E0DBA0579263C5E913F Ref B: MAA201060515021 Ref C: 2024-08-16T10:31:45Z'
    status:
      code: 200
      message: OK
- request:
    body: null
    headers:
      Accept:
      - '*/*'
      Accept-Encoding:
      - gzip, deflate
      CommandName:
      - deployment group create
      Connection:
      - keep-alive
      ParameterSetName:
      - --name -g --template-file --parameters --parameters
      User-Agent:
      - AZURECLI/2.63.0 azsdk-python-core/1.28.0 Python/3.12.4 (Windows-11-10.0.22631-SP0)
    method: GET
    uri: https://management.azure.com/subscriptions/00000000-0000-0000-0000-000000000000/resourcegroups/test_search_service_private_endpoint_000001/providers/Microsoft.Resources/deployments/mock-deployment/operationStatuses/08584778029290429925?api-version=2022-09-01
  response:
    body:
      string: '{"status":"Running"}'
    headers:
      cache-control:
      - no-cache
      content-length:
      - '20'
      content-type:
      - application/json; charset=utf-8
      date:
      - Fri, 16 Aug 2024 10:32:17 GMT
      expires:
      - '-1'
      pragma:
      - no-cache
      strict-transport-security:
      - max-age=31536000; includeSubDomains
      x-cache:
      - CONFIG_NOCACHE
      x-content-type-options:
      - nosniff
      x-ms-ratelimit-remaining-subscription-global-reads:
      - '3749'
      x-msedge-ref:
      - 'Ref A: C001C6C9F1FE4CB3960F569C52679719 Ref B: MAA201060515021 Ref C: 2024-08-16T10:32:16Z'
    status:
      code: 200
      message: OK
- request:
    body: null
    headers:
      Accept:
      - '*/*'
      Accept-Encoding:
      - gzip, deflate
      CommandName:
      - deployment group create
      Connection:
      - keep-alive
      ParameterSetName:
      - --name -g --template-file --parameters --parameters
      User-Agent:
      - AZURECLI/2.63.0 azsdk-python-core/1.28.0 Python/3.12.4 (Windows-11-10.0.22631-SP0)
    method: GET
    uri: https://management.azure.com/subscriptions/00000000-0000-0000-0000-000000000000/resourcegroups/test_search_service_private_endpoint_000001/providers/Microsoft.Resources/deployments/mock-deployment/operationStatuses/08584778029290429925?api-version=2022-09-01
  response:
    body:
      string: '{"status":"Running"}'
    headers:
      cache-control:
      - no-cache
      content-length:
      - '20'
      content-type:
      - application/json; charset=utf-8
      date:
      - Fri, 16 Aug 2024 10:32:48 GMT
      expires:
      - '-1'
      pragma:
      - no-cache
      strict-transport-security:
      - max-age=31536000; includeSubDomains
      x-cache:
      - CONFIG_NOCACHE
      x-content-type-options:
      - nosniff
      x-ms-ratelimit-remaining-subscription-global-reads:
      - '3749'
      x-msedge-ref:
      - 'Ref A: D8A6B5E2AE98482D96FF1DA7655FDE59 Ref B: MAA201060515021 Ref C: 2024-08-16T10:32:48Z'
    status:
      code: 200
      message: OK
- request:
    body: null
    headers:
      Accept:
      - '*/*'
      Accept-Encoding:
      - gzip, deflate
      CommandName:
      - deployment group create
      Connection:
      - keep-alive
      ParameterSetName:
      - --name -g --template-file --parameters --parameters
      User-Agent:
      - AZURECLI/2.63.0 azsdk-python-core/1.28.0 Python/3.12.4 (Windows-11-10.0.22631-SP0)
    method: GET
    uri: https://management.azure.com/subscriptions/00000000-0000-0000-0000-000000000000/resourcegroups/test_search_service_private_endpoint_000001/providers/Microsoft.Resources/deployments/mock-deployment/operationStatuses/08584778029290429925?api-version=2022-09-01
  response:
    body:
      string: '{"status":"Running"}'
    headers:
      cache-control:
      - no-cache
      content-length:
      - '20'
      content-type:
      - application/json; charset=utf-8
      date:
      - Fri, 16 Aug 2024 10:33:19 GMT
      expires:
      - '-1'
      pragma:
      - no-cache
      strict-transport-security:
      - max-age=31536000; includeSubDomains
      x-cache:
      - CONFIG_NOCACHE
      x-content-type-options:
      - nosniff
      x-ms-ratelimit-remaining-subscription-global-reads:
      - '3749'
      x-msedge-ref:
      - 'Ref A: 7C896C3B2F2A4AD6AFD14B79BFF1857A Ref B: MAA201060515021 Ref C: 2024-08-16T10:33:19Z'
    status:
      code: 200
      message: OK
- request:
    body: null
    headers:
      Accept:
      - '*/*'
      Accept-Encoding:
      - gzip, deflate
      CommandName:
      - deployment group create
      Connection:
      - keep-alive
      ParameterSetName:
      - --name -g --template-file --parameters --parameters
      User-Agent:
      - AZURECLI/2.63.0 azsdk-python-core/1.28.0 Python/3.12.4 (Windows-11-10.0.22631-SP0)
    method: GET
    uri: https://management.azure.com/subscriptions/00000000-0000-0000-0000-000000000000/resourcegroups/test_search_service_private_endpoint_000001/providers/Microsoft.Resources/deployments/mock-deployment/operationStatuses/08584778029290429925?api-version=2022-09-01
  response:
    body:
      string: '{"status":"Running"}'
    headers:
      cache-control:
      - no-cache
      content-length:
      - '20'
      content-type:
      - application/json; charset=utf-8
      date:
      - Fri, 16 Aug 2024 10:33:50 GMT
      expires:
      - '-1'
      pragma:
      - no-cache
      strict-transport-security:
      - max-age=31536000; includeSubDomains
      x-cache:
      - CONFIG_NOCACHE
      x-content-type-options:
      - nosniff
      x-ms-ratelimit-remaining-subscription-global-reads:
      - '3749'
      x-msedge-ref:
      - 'Ref A: 63838E83350F40E188D30EFB9A4C0013 Ref B: MAA201060515021 Ref C: 2024-08-16T10:33:50Z'
    status:
      code: 200
      message: OK
- request:
    body: null
    headers:
      Accept:
      - '*/*'
      Accept-Encoding:
      - gzip, deflate
      CommandName:
      - deployment group create
      Connection:
      - keep-alive
      ParameterSetName:
      - --name -g --template-file --parameters --parameters
      User-Agent:
      - AZURECLI/2.63.0 azsdk-python-core/1.28.0 Python/3.12.4 (Windows-11-10.0.22631-SP0)
    method: GET
    uri: https://management.azure.com/subscriptions/00000000-0000-0000-0000-000000000000/resourcegroups/test_search_service_private_endpoint_000001/providers/Microsoft.Resources/deployments/mock-deployment/operationStatuses/08584778029290429925?api-version=2022-09-01
  response:
    body:
      string: '{"status":"Succeeded"}'
    headers:
      cache-control:
      - no-cache
      content-length:
      - '22'
      content-type:
      - application/json; charset=utf-8
      date:
      - Fri, 16 Aug 2024 10:34:22 GMT
      expires:
      - '-1'
      pragma:
      - no-cache
      strict-transport-security:
      - max-age=31536000; includeSubDomains
      x-cache:
      - CONFIG_NOCACHE
      x-content-type-options:
      - nosniff
      x-ms-ratelimit-remaining-subscription-global-reads:
      - '3749'
      x-msedge-ref:
      - 'Ref A: 35CAA64C20774667B8BD7CEAF6A850C6 Ref B: MAA201060515021 Ref C: 2024-08-16T10:34:21Z'
    status:
      code: 200
      message: OK
- request:
    body: null
    headers:
      Accept:
      - '*/*'
      Accept-Encoding:
      - gzip, deflate
      CommandName:
      - deployment group create
      Connection:
      - keep-alive
      ParameterSetName:
      - --name -g --template-file --parameters --parameters
      User-Agent:
      - AZURECLI/2.63.0 azsdk-python-core/1.28.0 Python/3.12.4 (Windows-11-10.0.22631-SP0)
    method: GET
    uri: https://management.azure.com/subscriptions/00000000-0000-0000-0000-000000000000/resourcegroups/test_search_service_private_endpoint_000001/providers/Microsoft.Resources/deployments/mock-deployment?api-version=2022-09-01
  response:
    body:
      string: '{"id":"/subscriptions/00000000-0000-0000-0000-000000000000/resourceGroups/test_search_service_private_endpoint_000001/providers/Microsoft.Resources/deployments/cli-test-azs-plr-000003","name":"cli-test-azs-plr-000003","type":"Microsoft.Resources/deployments","properties":{"templateHash":"1518347000103681276","parameters":{"name":{"type":"String","value":"cli-test-azs-000002"},"location":{"type":"String","value":"eastus"}},"mode":"Incremental","provisioningState":"Succeeded","timestamp":"2024-08-16T10:34:04.5493829Z","duration":"PT8M4.0718954S","correlationId":"aeddaf0c-8865-4187-b6f5-3c06035582ce","providers":[{"namespace":"Microsoft.Search","resourceTypes":[{"resourceType":"searchServices","locations":["eastus"]}]}],"dependencies":[],"outputResources":[{"id":"/subscriptions/00000000-0000-0000-0000-000000000000/resourceGroups/test_search_service_private_endpoint_000001/providers/Microsoft.Search/searchServices/cli-test-azs-000002"}]}}'
    headers:
      cache-control:
      - no-cache
      content-length:
      - '948'
      content-type:
      - application/json; charset=utf-8
      date:
      - Fri, 16 Aug 2024 10:34:23 GMT
      expires:
      - '-1'
      pragma:
      - no-cache
      strict-transport-security:
      - max-age=31536000; includeSubDomains
      x-cache:
      - CONFIG_NOCACHE
      x-content-type-options:
      - nosniff
      x-ms-ratelimit-remaining-subscription-global-reads:
      - '3749'
      x-msedge-ref:
      - 'Ref A: 0DEF378FDDCE4E44BFECF6B95A3B12F1 Ref B: MAA201060515021 Ref C: 2024-08-16T10:34:23Z'
    status:
      code: 200
      message: OK
- request:
    body: null
    headers:
      Accept:
      - '*/*'
      Accept-Encoding:
      - gzip, deflate
      CommandName:
      - network private-link-resource list
      Connection:
      - keep-alive
      ParameterSetName:
      - --name --resource-group --type
      User-Agent:
      - python/3.12.4 (Windows-11-10.0.22631-SP0) AZURECLI/2.63.0
    method: GET
    uri: https://management.azure.com/subscriptions/00000000-0000-0000-0000-000000000000/resourceGroups/test_search_service_private_endpoint_000001/providers/Microsoft.Search/searchServices/cli-test-azs-000002/privateLinkResources?api-version=2020-08-01
  response:
    body:
      string: '{"value":[{"id":"/subscriptions/00000000-0000-0000-0000-000000000000/resourceGroups/test_search_service_private_endpoint_000001/providers/Microsoft.Search/searchServices/cli-test-azs-000002/privateLinkResources/searchService","name":"searchService","type":"Microsoft.Search/searchServices/privateLinkResources","properties":{"groupId":"searchService","requiredMembers":["searchService"],"requiredZoneNames":["privatelink.search.windows.net"],"shareablePrivateLinkResourceTypes":[{"name":"blob","properties":{"type":"Microsoft.Storage/storageAccounts","groupId":"blob","description":"Azure
        Cognitive Search indexers can connect to blobs in Azure Storage for reading
        data (data source), for writing intermediate results of indexer execution
        (annotation cache, preview) or for storing any knowledge store projections
        (preview)"}},{"name":"table","properties":{"type":"Microsoft.Storage/storageAccounts","groupId":"table","description":"Azure
        Cognitive Search indexers can connect to tables in Azure Storage for reading
        data (data source), for writing book-keeping information about intermediate
        results of indexer execution (annotation cache, preview) or for storing any
        knowledge store projections (preview)"}},{"name":"dfs","properties":{"type":"Microsoft.Storage/storageAccounts","groupId":"dfs","description":"Azure
        Cognitive Search indexers can connect to Azure Data Lake Storage Gen2 for
        reading data (data source)."}},{"name":"file","properties":{"type":"Microsoft.Storage/storageAccounts","groupId":"file","description":"Azure
        Cognitive Search indexers can connect to files in Azure Storage for reading
        data (data source)."}},{"name":"Sql","properties":{"type":"Microsoft.DocumentDB/databaseAccounts","groupId":"Sql","description":"Azure
        Cognitive Search indexers can connect to CosmosDB using the SQL head for reading
        data (data source)."}},{"name":"plr","properties":{"type":"Microsoft.Sql/servers","groupId":"sqlServer","description":"Azure
        Cognitive Search indexers can connect to AzureSQL databases in a SQL server
        for reading data (data source)."}},{"name":"vault","properties":{"type":"Microsoft.KeyVault/vaults","groupId":"vault","description":"Azure
        Cognitive Search can access keys in Azure Key Vault to encrypt search index
        and synonym map data"}}]}}]}'
    headers:
      cache-control:
      - no-cache
      content-length:
      - '2268'
      content-type:
      - application/json; charset=utf-8
      date:
      - Fri, 16 Aug 2024 10:34:25 GMT
      elapsed-time:
      - '100'
      expires:
      - '-1'
      pragma:
      - no-cache
      request-id:
      - 1de3d7df-f38b-44d2-ba78-85474264f3d2
      strict-transport-security:
      - max-age=31536000; includeSubDomains
      x-cache:
      - CONFIG_NOCACHE
      x-content-type-options:
      - nosniff
      x-ms-ratelimit-remaining-subscription-global-reads:
      - '3749'
      x-msedge-ref:
      - 'Ref A: 24A761DBCD8A489F924A78A9150B0CD8 Ref B: MAA201060515017 Ref C: 2024-08-16T10:34:24Z'
    status:
      code: 200
      message: OK
- request:
    body: null
    headers:
      Accept:
      - application/json
      Accept-Encoding:
      - gzip, deflate
      CommandName:
      - network vnet create
      Connection:
      - keep-alive
      ParameterSetName:
      - -n -g --subnet-name
      User-Agent:
      - AZURECLI/2.63.0 azsdk-python-core/1.28.0 Python/3.12.4 (Windows-11-10.0.22631-SP0)
    method: GET
    uri: https://management.azure.com/subscriptions/00000000-0000-0000-0000-000000000000/resourcegroups/test_search_service_private_endpoint_000001?api-version=2022-09-01
  response:
    body:
      string: '{"id":"/subscriptions/00000000-0000-0000-0000-000000000000/resourceGroups/test_search_service_private_endpoint_000001","name":"test_search_service_private_endpoint_000001","type":"Microsoft.Resources/resourceGroups","location":"eastus","tags":{"product":"azurecli","cause":"automation","test":"test_private_endpoint_connection_search","date":"2024-08-16T10:25:37Z","module":"network","DateCreated":"2024-08-16T10:25:44Z","Creator":"v-ruih@microsoft.com"},"properties":{"provisioningState":"Succeeded"}}'
    headers:
      cache-control:
      - no-cache
      content-length:
      - '502'
      content-type:
      - application/json; charset=utf-8
      date:
      - Fri, 16 Aug 2024 10:34:26 GMT
      expires:
      - '-1'
      pragma:
      - no-cache
      strict-transport-security:
      - max-age=31536000; includeSubDomains
      x-cache:
      - CONFIG_NOCACHE
      x-content-type-options:
      - nosniff
      x-ms-ratelimit-remaining-subscription-global-reads:
      - '3749'
      x-msedge-ref:
      - 'Ref A: 1254F87B09FC45438C7AE8E33062883F Ref B: MAA201060514037 Ref C: 2024-08-16T10:34:26Z'
    status:
      code: 200
      message: OK
- request:
    body: '{"location": "eastus", "properties": {"addressSpace": {"addressPrefixes":
      ["10.0.0.0/16"]}, "enableDdosProtection": false, "enableVmProtection": false,
      "subnets": [{"name": "cli-subnet-000005", "properties": {"addressPrefix": "10.0.0.0/24"}}]}}'
    headers:
      Accept:
      - application/json
      Accept-Encoding:
      - gzip, deflate
      CommandName:
      - network vnet create
      Connection:
      - keep-alive
      Content-Length:
      - '244'
      Content-Type:
      - application/json
      ParameterSetName:
      - -n -g --subnet-name
      User-Agent:
      - AZURECLI/2.63.0 azsdk-python-core/1.28.0 Python/3.12.4 (Windows-11-10.0.22631-SP0)
    method: PUT
    uri: https://management.azure.com/subscriptions/00000000-0000-0000-0000-000000000000/resourceGroups/test_search_service_private_endpoint_000001/providers/Microsoft.Network/virtualNetworks/cli-vnet-000004?api-version=2024-03-01
  response:
    body:
      string: '{"name":"cli-vnet-000004","id":"/subscriptions/00000000-0000-0000-0000-000000000000/resourceGroups/test_search_service_private_endpoint_000001/providers/Microsoft.Network/virtualNetworks/cli-vnet-000004","etag":"W/\"2945672a-44d9-4f18-ad63-728836531c33\"","type":"Microsoft.Network/virtualNetworks","location":"eastus","properties":{"provisioningState":"Updating","resourceGuid":"13cf0db7-80b1-4eaa-8d75-3aa455e4adfe","addressSpace":{"addressPrefixes":["10.0.0.0/16"],"ipamPoolPrefixAllocations":[]},"privateEndpointVNetPolicies":"Disabled","subnets":[{"name":"cli-subnet-000005","id":"/subscriptions/00000000-0000-0000-0000-000000000000/resourceGroups/test_search_service_private_endpoint_000001/providers/Microsoft.Network/virtualNetworks/cli-vnet-000004/subnets/cli-subnet-000005","etag":"W/\"2945672a-44d9-4f18-ad63-728836531c33\"","properties":{"provisioningState":"Updating","addressPrefix":"10.0.0.0/24","ipamPoolPrefixAllocations":[],"delegations":[],"privateEndpointNetworkPolicies":"Disabled","privateLinkServiceNetworkPolicies":"Enabled"},"type":"Microsoft.Network/virtualNetworks/subnets"}],"virtualNetworkPeerings":[],"enableDdosProtection":false}}'
    headers:
      azure-asyncnotification:
      - Enabled
      azure-asyncoperation:
      - https://management.azure.com/subscriptions/00000000-0000-0000-0000-000000000000/providers/Microsoft.Network/locations/eastus/operations/e80f5928-790a-4b92-bc66-667c0d1aa345?api-version=2024-03-01&t=638594012708620260&c=MIIHhzCCBm-gAwIBAgITHgTSAvXh1GCKrw08WQAABNIC9TANBgkqhkiG9w0BAQsFADBEMRMwEQYKCZImiZPyLGQBGRYDR0JMMRMwEQYKCZImiZPyLGQBGRYDQU1FMRgwFgYDVQQDEw9BTUUgSW5mcmEgQ0EgMDYwHhcNMjQwNjI3MTUyNDA3WhcNMjUwNjIyMTUyNDA3WjBAMT4wPAYDVQQDEzVhc3luY29wZXJhdGlvbnNpZ25pbmdjZXJ0aWZpY2F0ZS5tYW5hZ2VtZW50LmF6dXJlLmNvbTCCASIwDQYJKoZIhvcNAQEBBQADggEPADCCAQoCggEBAOX5t0OxQxE3upQbbFvsmp5T7gqPC72fDSg6G0QO-q7rqYToC8QZH_q_PRft3qJZILPcMnC3i05PTpzbeogSlCaa_AwlLL7W5xwBRGnsSFi6uqID-boEdPC1XBtfJ14hE4xgTlvyDFkeshYKWfG6lyrFXbpwsk-8W5euzj5uEAU138aMueyASKkhbn0w-sYa2oA_U3jECVOIlAwWtv49Wed78xbdxyOXsueDyzxDOoM-H1uA24aMiLn3z563K9_bYY4a6hsemVB7YhKwCV0dGFB2NlQuW_yO_VNKEK9b5n56xBisqDcyIAGbNaCFxMjAXplvF7azyX5n0rlTcXgQ5EUCAwEAAaOCBHQwggRwMCcGCSsGAQQBgjcVCgQaMBgwCgYIKwYBBQUHAwEwCgYIKwYBBQUHAwIwPQYJKwYBBAGCNxUHBDAwLgYmKwYBBAGCNxUIhpDjDYTVtHiE8Ys-hZvdFs6dEoFggvX2K4Py0SACAWQCAQowggHLBggrBgEFBQcBAQSCAb0wggG5MGMGCCsGAQUFBzAChldodHRwOi8vY3JsLm1pY3Jvc29mdC5jb20vcGtpaW5mcmEvQ2VydHMvQkwyUEtJSU5UQ0EwMi5BTUUuR0JMX0FNRSUyMEluZnJhJTIwQ0ElMjAwNi5jcnQwUwYIKwYBBQUHMAKGR2h0dHA6Ly9jcmwxLmFtZS5nYmwvYWlhL0JMMlBLSUlOVENBMDIuQU1FLkdCTF9BTUUlMjBJbmZyYSUyMENBJTIwMDYuY3J0MFMGCCsGAQUFBzAChkdodHRwOi8vY3JsMi5hbWUuZ2JsL2FpYS9CTDJQS0lJTlRDQTAyLkFNRS5HQkxfQU1FJTIwSW5mcmElMjBDQSUyMDA2LmNydDBTBggrBgEFBQcwAoZHaHR0cDovL2NybDMuYW1lLmdibC9haWEvQkwyUEtJSU5UQ0EwMi5BTUUuR0JMX0FNRSUyMEluZnJhJTIwQ0ElMjAwNi5jcnQwUwYIKwYBBQUHMAKGR2h0dHA6Ly9jcmw0LmFtZS5nYmwvYWlhL0JMMlBLSUlOVENBMDIuQU1FLkdCTF9BTUUlMjBJbmZyYSUyMENBJTIwMDYuY3J0MB0GA1UdDgQWBBQdmu6OxIvudboSaHvi8VnT7XivcjAOBgNVHQ8BAf8EBAMCBaAwggEmBgNVHR8EggEdMIIBGTCCARWgggERoIIBDYY_aHR0cDovL2NybC5taWNyb3NvZnQuY29tL3BraWluZnJhL0NSTC9BTUUlMjBJbmZyYSUyMENBJTIwMDYuY3JshjFodHRwOi8vY3JsMS5hbWUuZ2JsL2NybC9BTUUlMjBJbmZyYSUyMENBJTIwMDYuY3JshjFodHRwOi8vY3JsMi5hbWUuZ2JsL2NybC9BTUUlMjBJbmZyYSUyMENBJTIwMDYuY3JshjFodHRwOi8vY3JsMy5hbWUuZ2JsL2NybC9BTUUlMjBJbmZyYSUyMENBJTIwMDYuY3JshjFodHRwOi8vY3JsNC5hbWUuZ2JsL2NybC9BTUUlMjBJbmZyYSUyMENBJTIwMDYuY3JsMIGdBgNVHSAEgZUwgZIwDAYKKwYBBAGCN3sBATBmBgorBgEEAYI3ewICMFgwVgYIKwYBBQUHAgIwSh5IADMAMwBlADAAMQA5ADIAMQAtADQAZAA2ADQALQA0AGYAOABjAC0AYQAwADUANQAtADUAYgBkAGEAZgBmAGQANQBlADMAMwBkMAwGCisGAQQBgjd7AwEwDAYKKwYBBAGCN3sEATAfBgNVHSMEGDAWgBTxRmjG8cPwKy19i2rhsvm-NfzRQTAdBgNVHSUEFjAUBggrBgEFBQcDAQYIKwYBBQUHAwIwDQYJKoZIhvcNAQELBQADggEBAAE87bMgkwSJkJtWUWHywZrpdkdbMMJKKdyoixpEZVLQBkS9P248tTUDTQq_W-W_H7OUWFz7F2SmgWJcMU4lnrWQB7xGR2SU5N_Uq5D-F95ksx2I3ALBtLB8wC6t2cwtzjFIPYr9NPyCtZrnbgh6CAFqGpOq0mVkPAHZBfOfywStnkVpA4JYP0B8IIBfA4E-YqSFxC_9vSP8doGWlUkJhw7E1ylemxWU0jv_96awij-EayTYpo-pH2U6hG6hdW5nRZ929VEbgHmcDW03GdpvtqiZGWC3RdWgVHTZPvQ5XyUmZOaBQILallvd5D9QYh1VmY4oAl5QfafZ76IVrmfwu6c&s=4jCA6folvYOqrs6wCyWp1EZlh6NeOFLFB7WJq6Px2lsKiULtKDQ1hQFqp0tZ833jzfaebIfGEI-Fq0r1s106YRd8EEUlcfu2hEU_Egm0aTuaUnFyP3YHemcSr1IZr3Q-nM3Fq1bCnEtBY4VO8ogf70paKZ5mRJlTOr7OeiSGgYAuAGlSC6SEWS3Qzv45Kc5ggvz4-wTLbC-N1LOP4JVOTCVbSgI_4UlMgtZyhOlQfGugcZGUPnmK3ZyJgifkhU7usMy2HQ8AHeSsTVpJJPgV1XIlsTis7kkOiFVm83xFyRQHJsrle4N1IHTsltHNrpxyX3tLxeKE7VpVxBB9xy4vvg&h=8kwRyHD_3cJCvyOMCLVd-LzlWvJFY7bV10v7iNCbySg
      cache-control:
      - no-cache
      content-length:
      - '1161'
      content-type:
      - application/json; charset=utf-8
      date:
      - Fri, 16 Aug 2024 10:34:30 GMT
      expires:
      - '-1'
      pragma:
      - no-cache
      strict-transport-security:
      - max-age=31536000; includeSubDomains
      x-cache:
      - CONFIG_NOCACHE
      x-content-type-options:
      - nosniff
      x-ms-arm-service-request-id:
      - 0599ff3d-47b2-4654-ad31-1cd93463687c
      x-ms-ratelimit-remaining-subscription-global-writes:
      - '2999'
      x-ms-ratelimit-remaining-subscription-writes:
      - '199'
      x-msedge-ref:
      - 'Ref A: 3D6A77E0C38B43B2BFAC145DAEFE52AF Ref B: MAA201060514029 Ref C: 2024-08-16T10:34:27Z'
    status:
      code: 201
      message: Created
- request:
    body: null
    headers:
      Accept:
      - '*/*'
      Accept-Encoding:
      - gzip, deflate
      CommandName:
      - network vnet create
      Connection:
      - keep-alive
      ParameterSetName:
      - -n -g --subnet-name
      User-Agent:
      - AZURECLI/2.63.0 azsdk-python-core/1.28.0 Python/3.12.4 (Windows-11-10.0.22631-SP0)
    method: GET
    uri: https://management.azure.com/subscriptions/00000000-0000-0000-0000-000000000000/providers/Microsoft.Network/locations/eastus/operations/e80f5928-790a-4b92-bc66-667c0d1aa345?api-version=2024-03-01&t=638594012708620260&c=MIIHhzCCBm-gAwIBAgITHgTSAvXh1GCKrw08WQAABNIC9TANBgkqhkiG9w0BAQsFADBEMRMwEQYKCZImiZPyLGQBGRYDR0JMMRMwEQYKCZImiZPyLGQBGRYDQU1FMRgwFgYDVQQDEw9BTUUgSW5mcmEgQ0EgMDYwHhcNMjQwNjI3MTUyNDA3WhcNMjUwNjIyMTUyNDA3WjBAMT4wPAYDVQQDEzVhc3luY29wZXJhdGlvbnNpZ25pbmdjZXJ0aWZpY2F0ZS5tYW5hZ2VtZW50LmF6dXJlLmNvbTCCASIwDQYJKoZIhvcNAQEBBQADggEPADCCAQoCggEBAOX5t0OxQxE3upQbbFvsmp5T7gqPC72fDSg6G0QO-q7rqYToC8QZH_q_PRft3qJZILPcMnC3i05PTpzbeogSlCaa_AwlLL7W5xwBRGnsSFi6uqID-boEdPC1XBtfJ14hE4xgTlvyDFkeshYKWfG6lyrFXbpwsk-8W5euzj5uEAU138aMueyASKkhbn0w-sYa2oA_U3jECVOIlAwWtv49Wed78xbdxyOXsueDyzxDOoM-H1uA24aMiLn3z563K9_bYY4a6hsemVB7YhKwCV0dGFB2NlQuW_yO_VNKEK9b5n56xBisqDcyIAGbNaCFxMjAXplvF7azyX5n0rlTcXgQ5EUCAwEAAaOCBHQwggRwMCcGCSsGAQQBgjcVCgQaMBgwCgYIKwYBBQUHAwEwCgYIKwYBBQUHAwIwPQYJKwYBBAGCNxUHBDAwLgYmKwYBBAGCNxUIhpDjDYTVtHiE8Ys-hZvdFs6dEoFggvX2K4Py0SACAWQCAQowggHLBggrBgEFBQcBAQSCAb0wggG5MGMGCCsGAQUFBzAChldodHRwOi8vY3JsLm1pY3Jvc29mdC5jb20vcGtpaW5mcmEvQ2VydHMvQkwyUEtJSU5UQ0EwMi5BTUUuR0JMX0FNRSUyMEluZnJhJTIwQ0ElMjAwNi5jcnQwUwYIKwYBBQUHMAKGR2h0dHA6Ly9jcmwxLmFtZS5nYmwvYWlhL0JMMlBLSUlOVENBMDIuQU1FLkdCTF9BTUUlMjBJbmZyYSUyMENBJTIwMDYuY3J0MFMGCCsGAQUFBzAChkdodHRwOi8vY3JsMi5hbWUuZ2JsL2FpYS9CTDJQS0lJTlRDQTAyLkFNRS5HQkxfQU1FJTIwSW5mcmElMjBDQSUyMDA2LmNydDBTBggrBgEFBQcwAoZHaHR0cDovL2NybDMuYW1lLmdibC9haWEvQkwyUEtJSU5UQ0EwMi5BTUUuR0JMX0FNRSUyMEluZnJhJTIwQ0ElMjAwNi5jcnQwUwYIKwYBBQUHMAKGR2h0dHA6Ly9jcmw0LmFtZS5nYmwvYWlhL0JMMlBLSUlOVENBMDIuQU1FLkdCTF9BTUUlMjBJbmZyYSUyMENBJTIwMDYuY3J0MB0GA1UdDgQWBBQdmu6OxIvudboSaHvi8VnT7XivcjAOBgNVHQ8BAf8EBAMCBaAwggEmBgNVHR8EggEdMIIBGTCCARWgggERoIIBDYY_aHR0cDovL2NybC5taWNyb3NvZnQuY29tL3BraWluZnJhL0NSTC9BTUUlMjBJbmZyYSUyMENBJTIwMDYuY3JshjFodHRwOi8vY3JsMS5hbWUuZ2JsL2NybC9BTUUlMjBJbmZyYSUyMENBJTIwMDYuY3JshjFodHRwOi8vY3JsMi5hbWUuZ2JsL2NybC9BTUUlMjBJbmZyYSUyMENBJTIwMDYuY3JshjFodHRwOi8vY3JsMy5hbWUuZ2JsL2NybC9BTUUlMjBJbmZyYSUyMENBJTIwMDYuY3JshjFodHRwOi8vY3JsNC5hbWUuZ2JsL2NybC9BTUUlMjBJbmZyYSUyMENBJTIwMDYuY3JsMIGdBgNVHSAEgZUwgZIwDAYKKwYBBAGCN3sBATBmBgorBgEEAYI3ewICMFgwVgYIKwYBBQUHAgIwSh5IADMAMwBlADAAMQA5ADIAMQAtADQAZAA2ADQALQA0AGYAOABjAC0AYQAwADUANQAtADUAYgBkAGEAZgBmAGQANQBlADMAMwBkMAwGCisGAQQBgjd7AwEwDAYKKwYBBAGCN3sEATAfBgNVHSMEGDAWgBTxRmjG8cPwKy19i2rhsvm-NfzRQTAdBgNVHSUEFjAUBggrBgEFBQcDAQYIKwYBBQUHAwIwDQYJKoZIhvcNAQELBQADggEBAAE87bMgkwSJkJtWUWHywZrpdkdbMMJKKdyoixpEZVLQBkS9P248tTUDTQq_W-W_H7OUWFz7F2SmgWJcMU4lnrWQB7xGR2SU5N_Uq5D-F95ksx2I3ALBtLB8wC6t2cwtzjFIPYr9NPyCtZrnbgh6CAFqGpOq0mVkPAHZBfOfywStnkVpA4JYP0B8IIBfA4E-YqSFxC_9vSP8doGWlUkJhw7E1ylemxWU0jv_96awij-EayTYpo-pH2U6hG6hdW5nRZ929VEbgHmcDW03GdpvtqiZGWC3RdWgVHTZPvQ5XyUmZOaBQILallvd5D9QYh1VmY4oAl5QfafZ76IVrmfwu6c&s=4jCA6folvYOqrs6wCyWp1EZlh6NeOFLFB7WJq6Px2lsKiULtKDQ1hQFqp0tZ833jzfaebIfGEI-Fq0r1s106YRd8EEUlcfu2hEU_Egm0aTuaUnFyP3YHemcSr1IZr3Q-nM3Fq1bCnEtBY4VO8ogf70paKZ5mRJlTOr7OeiSGgYAuAGlSC6SEWS3Qzv45Kc5ggvz4-wTLbC-N1LOP4JVOTCVbSgI_4UlMgtZyhOlQfGugcZGUPnmK3ZyJgifkhU7usMy2HQ8AHeSsTVpJJPgV1XIlsTis7kkOiFVm83xFyRQHJsrle4N1IHTsltHNrpxyX3tLxeKE7VpVxBB9xy4vvg&h=8kwRyHD_3cJCvyOMCLVd-LzlWvJFY7bV10v7iNCbySg
  response:
    body:
      string: '{"status":"InProgress"}'
    headers:
      cache-control:
      - no-cache
      content-length:
      - '23'
      content-type:
      - application/json; charset=utf-8
      date:
      - Fri, 16 Aug 2024 10:34:31 GMT
      expires:
      - '-1'
      pragma:
      - no-cache
      strict-transport-security:
      - max-age=31536000; includeSubDomains
      x-cache:
      - CONFIG_NOCACHE
      x-content-type-options:
      - nosniff
      x-ms-arm-service-request-id:
      - c01a55cc-687f-42ed-9c81-f1f1a1c9feaa
      x-ms-ratelimit-remaining-subscription-global-reads:
      - '3749'
      x-msedge-ref:
      - 'Ref A: 0B40A5924CEB46E787AF76E5718255E7 Ref B: MAA201060514029 Ref C: 2024-08-16T10:34:31Z'
    status:
      code: 200
      message: OK
- request:
    body: null
    headers:
      Accept:
      - '*/*'
      Accept-Encoding:
      - gzip, deflate
      CommandName:
      - network vnet create
      Connection:
      - keep-alive
      ParameterSetName:
      - -n -g --subnet-name
      User-Agent:
      - AZURECLI/2.63.0 azsdk-python-core/1.28.0 Python/3.12.4 (Windows-11-10.0.22631-SP0)
    method: GET
    uri: https://management.azure.com/subscriptions/00000000-0000-0000-0000-000000000000/providers/Microsoft.Network/locations/eastus/operations/e80f5928-790a-4b92-bc66-667c0d1aa345?api-version=2024-03-01&t=638594012708620260&c=MIIHhzCCBm-gAwIBAgITHgTSAvXh1GCKrw08WQAABNIC9TANBgkqhkiG9w0BAQsFADBEMRMwEQYKCZImiZPyLGQBGRYDR0JMMRMwEQYKCZImiZPyLGQBGRYDQU1FMRgwFgYDVQQDEw9BTUUgSW5mcmEgQ0EgMDYwHhcNMjQwNjI3MTUyNDA3WhcNMjUwNjIyMTUyNDA3WjBAMT4wPAYDVQQDEzVhc3luY29wZXJhdGlvbnNpZ25pbmdjZXJ0aWZpY2F0ZS5tYW5hZ2VtZW50LmF6dXJlLmNvbTCCASIwDQYJKoZIhvcNAQEBBQADggEPADCCAQoCggEBAOX5t0OxQxE3upQbbFvsmp5T7gqPC72fDSg6G0QO-q7rqYToC8QZH_q_PRft3qJZILPcMnC3i05PTpzbeogSlCaa_AwlLL7W5xwBRGnsSFi6uqID-boEdPC1XBtfJ14hE4xgTlvyDFkeshYKWfG6lyrFXbpwsk-8W5euzj5uEAU138aMueyASKkhbn0w-sYa2oA_U3jECVOIlAwWtv49Wed78xbdxyOXsueDyzxDOoM-H1uA24aMiLn3z563K9_bYY4a6hsemVB7YhKwCV0dGFB2NlQuW_yO_VNKEK9b5n56xBisqDcyIAGbNaCFxMjAXplvF7azyX5n0rlTcXgQ5EUCAwEAAaOCBHQwggRwMCcGCSsGAQQBgjcVCgQaMBgwCgYIKwYBBQUHAwEwCgYIKwYBBQUHAwIwPQYJKwYBBAGCNxUHBDAwLgYmKwYBBAGCNxUIhpDjDYTVtHiE8Ys-hZvdFs6dEoFggvX2K4Py0SACAWQCAQowggHLBggrBgEFBQcBAQSCAb0wggG5MGMGCCsGAQUFBzAChldodHRwOi8vY3JsLm1pY3Jvc29mdC5jb20vcGtpaW5mcmEvQ2VydHMvQkwyUEtJSU5UQ0EwMi5BTUUuR0JMX0FNRSUyMEluZnJhJTIwQ0ElMjAwNi5jcnQwUwYIKwYBBQUHMAKGR2h0dHA6Ly9jcmwxLmFtZS5nYmwvYWlhL0JMMlBLSUlOVENBMDIuQU1FLkdCTF9BTUUlMjBJbmZyYSUyMENBJTIwMDYuY3J0MFMGCCsGAQUFBzAChkdodHRwOi8vY3JsMi5hbWUuZ2JsL2FpYS9CTDJQS0lJTlRDQTAyLkFNRS5HQkxfQU1FJTIwSW5mcmElMjBDQSUyMDA2LmNydDBTBggrBgEFBQcwAoZHaHR0cDovL2NybDMuYW1lLmdibC9haWEvQkwyUEtJSU5UQ0EwMi5BTUUuR0JMX0FNRSUyMEluZnJhJTIwQ0ElMjAwNi5jcnQwUwYIKwYBBQUHMAKGR2h0dHA6Ly9jcmw0LmFtZS5nYmwvYWlhL0JMMlBLSUlOVENBMDIuQU1FLkdCTF9BTUUlMjBJbmZyYSUyMENBJTIwMDYuY3J0MB0GA1UdDgQWBBQdmu6OxIvudboSaHvi8VnT7XivcjAOBgNVHQ8BAf8EBAMCBaAwggEmBgNVHR8EggEdMIIBGTCCARWgggERoIIBDYY_aHR0cDovL2NybC5taWNyb3NvZnQuY29tL3BraWluZnJhL0NSTC9BTUUlMjBJbmZyYSUyMENBJTIwMDYuY3JshjFodHRwOi8vY3JsMS5hbWUuZ2JsL2NybC9BTUUlMjBJbmZyYSUyMENBJTIwMDYuY3JshjFodHRwOi8vY3JsMi5hbWUuZ2JsL2NybC9BTUUlMjBJbmZyYSUyMENBJTIwMDYuY3JshjFodHRwOi8vY3JsMy5hbWUuZ2JsL2NybC9BTUUlMjBJbmZyYSUyMENBJTIwMDYuY3JshjFodHRwOi8vY3JsNC5hbWUuZ2JsL2NybC9BTUUlMjBJbmZyYSUyMENBJTIwMDYuY3JsMIGdBgNVHSAEgZUwgZIwDAYKKwYBBAGCN3sBATBmBgorBgEEAYI3ewICMFgwVgYIKwYBBQUHAgIwSh5IADMAMwBlADAAMQA5ADIAMQAtADQAZAA2ADQALQA0AGYAOABjAC0AYQAwADUANQAtADUAYgBkAGEAZgBmAGQANQBlADMAMwBkMAwGCisGAQQBgjd7AwEwDAYKKwYBBAGCN3sEATAfBgNVHSMEGDAWgBTxRmjG8cPwKy19i2rhsvm-NfzRQTAdBgNVHSUEFjAUBggrBgEFBQcDAQYIKwYBBQUHAwIwDQYJKoZIhvcNAQELBQADggEBAAE87bMgkwSJkJtWUWHywZrpdkdbMMJKKdyoixpEZVLQBkS9P248tTUDTQq_W-W_H7OUWFz7F2SmgWJcMU4lnrWQB7xGR2SU5N_Uq5D-F95ksx2I3ALBtLB8wC6t2cwtzjFIPYr9NPyCtZrnbgh6CAFqGpOq0mVkPAHZBfOfywStnkVpA4JYP0B8IIBfA4E-YqSFxC_9vSP8doGWlUkJhw7E1ylemxWU0jv_96awij-EayTYpo-pH2U6hG6hdW5nRZ929VEbgHmcDW03GdpvtqiZGWC3RdWgVHTZPvQ5XyUmZOaBQILallvd5D9QYh1VmY4oAl5QfafZ76IVrmfwu6c&s=4jCA6folvYOqrs6wCyWp1EZlh6NeOFLFB7WJq6Px2lsKiULtKDQ1hQFqp0tZ833jzfaebIfGEI-Fq0r1s106YRd8EEUlcfu2hEU_Egm0aTuaUnFyP3YHemcSr1IZr3Q-nM3Fq1bCnEtBY4VO8ogf70paKZ5mRJlTOr7OeiSGgYAuAGlSC6SEWS3Qzv45Kc5ggvz4-wTLbC-N1LOP4JVOTCVbSgI_4UlMgtZyhOlQfGugcZGUPnmK3ZyJgifkhU7usMy2HQ8AHeSsTVpJJPgV1XIlsTis7kkOiFVm83xFyRQHJsrle4N1IHTsltHNrpxyX3tLxeKE7VpVxBB9xy4vvg&h=8kwRyHD_3cJCvyOMCLVd-LzlWvJFY7bV10v7iNCbySg
  response:
    body:
      string: '{"status":"Succeeded"}'
    headers:
      cache-control:
      - no-cache
      content-length:
      - '22'
      content-type:
      - application/json; charset=utf-8
      date:
      - Fri, 16 Aug 2024 10:34:42 GMT
      expires:
      - '-1'
      pragma:
      - no-cache
      strict-transport-security:
      - max-age=31536000; includeSubDomains
      x-cache:
      - CONFIG_NOCACHE
      x-content-type-options:
      - nosniff
      x-ms-arm-service-request-id:
      - 22a6f469-f368-40f6-8fcb-185a56835333
      x-ms-ratelimit-remaining-subscription-global-reads:
      - '3749'
      x-msedge-ref:
      - 'Ref A: 7CB41CA9351045B3AD079B0B2B137BD9 Ref B: MAA201060514029 Ref C: 2024-08-16T10:34:41Z'
    status:
      code: 200
      message: ''
- request:
    body: null
    headers:
      Accept:
      - '*/*'
      Accept-Encoding:
      - gzip, deflate
      CommandName:
      - network vnet create
      Connection:
      - keep-alive
      ParameterSetName:
      - -n -g --subnet-name
      User-Agent:
      - AZURECLI/2.63.0 azsdk-python-core/1.28.0 Python/3.12.4 (Windows-11-10.0.22631-SP0)
    method: GET
    uri: https://management.azure.com/subscriptions/00000000-0000-0000-0000-000000000000/resourceGroups/test_search_service_private_endpoint_000001/providers/Microsoft.Network/virtualNetworks/cli-vnet-000004?api-version=2024-03-01
  response:
    body:
      string: '{"name":"cli-vnet-000004","id":"/subscriptions/00000000-0000-0000-0000-000000000000/resourceGroups/test_search_service_private_endpoint_000001/providers/Microsoft.Network/virtualNetworks/cli-vnet-000004","etag":"W/\"e583ac8e-9665-4999-9f2b-aaf1d3beb125\"","type":"Microsoft.Network/virtualNetworks","location":"eastus","properties":{"provisioningState":"Succeeded","resourceGuid":"13cf0db7-80b1-4eaa-8d75-3aa455e4adfe","addressSpace":{"addressPrefixes":["10.0.0.0/16"],"ipamPoolPrefixAllocations":[]},"privateEndpointVNetPolicies":"Disabled","subnets":[{"name":"cli-subnet-000005","id":"/subscriptions/00000000-0000-0000-0000-000000000000/resourceGroups/test_search_service_private_endpoint_000001/providers/Microsoft.Network/virtualNetworks/cli-vnet-000004/subnets/cli-subnet-000005","etag":"W/\"e583ac8e-9665-4999-9f2b-aaf1d3beb125\"","properties":{"provisioningState":"Succeeded","addressPrefix":"10.0.0.0/24","ipamPoolPrefixAllocations":[],"delegations":[],"privateEndpointNetworkPolicies":"Disabled","privateLinkServiceNetworkPolicies":"Enabled"},"type":"Microsoft.Network/virtualNetworks/subnets"}],"virtualNetworkPeerings":[],"enableDdosProtection":false}}'
    headers:
      cache-control:
      - no-cache
      content-length:
      - '1163'
      content-type:
      - application/json; charset=utf-8
      date:
      - Fri, 16 Aug 2024 10:34:43 GMT
      etag:
      - W/"e583ac8e-9665-4999-9f2b-aaf1d3beb125"
      expires:
      - '-1'
      pragma:
      - no-cache
      strict-transport-security:
      - max-age=31536000; includeSubDomains
      x-cache:
      - CONFIG_NOCACHE
      x-content-type-options:
      - nosniff
      x-ms-arm-service-request-id:
      - e1fd3565-bff4-4be7-98a2-93fb762c0208
      x-ms-ratelimit-remaining-subscription-global-reads:
      - '3749'
      x-msedge-ref:
      - 'Ref A: DE689E7D2BF5454F899BFA718A44708B Ref B: MAA201060514029 Ref C: 2024-08-16T10:34:42Z'
    status:
      code: 200
      message: OK
- request:
    body: null
    headers:
      Accept:
      - application/json
      Accept-Encoding:
      - gzip, deflate
      CommandName:
      - network vnet subnet update
      Connection:
      - keep-alive
      ParameterSetName:
      - -n --vnet-name -g --disable-private-endpoint-network-policies
      User-Agent:
      - AZURECLI/2.63.0 azsdk-python-core/1.28.0 Python/3.12.4 (Windows-11-10.0.22631-SP0)
    method: GET
    uri: https://management.azure.com/subscriptions/00000000-0000-0000-0000-000000000000/resourceGroups/test_search_service_private_endpoint_000001/providers/Microsoft.Network/virtualNetworks/cli-vnet-000004/subnets/cli-subnet-000005?api-version=2024-01-01
  response:
    body:
      string: '{"name":"cli-subnet-000005","id":"/subscriptions/00000000-0000-0000-0000-000000000000/resourceGroups/test_search_service_private_endpoint_000001/providers/Microsoft.Network/virtualNetworks/cli-vnet-000004/subnets/cli-subnet-000005","etag":"W/\"e583ac8e-9665-4999-9f2b-aaf1d3beb125\"","properties":{"provisioningState":"Succeeded","addressPrefix":"10.0.0.0/24","ipamPoolPrefixAllocations":[],"delegations":[],"privateEndpointNetworkPolicies":"Disabled","privateLinkServiceNetworkPolicies":"Enabled"},"type":"Microsoft.Network/virtualNetworks/subnets"}'
    headers:
      cache-control:
      - no-cache
      content-length:
      - '550'
      content-type:
      - application/json; charset=utf-8
      date:
      - Fri, 16 Aug 2024 10:34:44 GMT
      etag:
      - W/"e583ac8e-9665-4999-9f2b-aaf1d3beb125"
      expires:
      - '-1'
      pragma:
      - no-cache
      strict-transport-security:
      - max-age=31536000; includeSubDomains
      x-cache:
      - CONFIG_NOCACHE
      x-content-type-options:
      - nosniff
      x-ms-arm-service-request-id:
      - db409675-01ca-4c2b-bf54-b732f3b586c3
      x-ms-ratelimit-remaining-subscription-global-reads:
      - '3749'
      x-msedge-ref:
      - 'Ref A: 15574EDAD223488AB471CC2D8CDF4179 Ref B: MAA201060516023 Ref C: 2024-08-16T10:34:44Z'
    status:
      code: 200
      message: OK
- request:
    body: '{"id": "/subscriptions/00000000-0000-0000-0000-000000000000/resourceGroups/test_search_service_private_endpoint_000001/providers/Microsoft.Network/virtualNetworks/cli-vnet-000004/subnets/cli-subnet-000005",
      "name": "cli-subnet-000005", "properties": {"addressPrefix": "10.0.0.0/24",
      "delegations": [], "privateEndpointNetworkPolicies": "Disabled", "privateLinkServiceNetworkPolicies":
      "Enabled"}, "type": "Microsoft.Network/virtualNetworks/subnets"}'
    headers:
      Accept:
      - application/json
      Accept-Encoding:
      - gzip, deflate
      CommandName:
      - network vnet subnet update
      Connection:
      - keep-alive
      Content-Length:
      - '449'
      Content-Type:
      - application/json
      ParameterSetName:
      - -n --vnet-name -g --disable-private-endpoint-network-policies
      User-Agent:
      - AZURECLI/2.63.0 azsdk-python-core/1.28.0 Python/3.12.4 (Windows-11-10.0.22631-SP0)
    method: PUT
    uri: https://management.azure.com/subscriptions/00000000-0000-0000-0000-000000000000/resourceGroups/test_search_service_private_endpoint_000001/providers/Microsoft.Network/virtualNetworks/cli-vnet-000004/subnets/cli-subnet-000005?api-version=2024-01-01
  response:
    body:
      string: '{"name":"cli-subnet-000005","id":"/subscriptions/00000000-0000-0000-0000-000000000000/resourceGroups/test_search_service_private_endpoint_000001/providers/Microsoft.Network/virtualNetworks/cli-vnet-000004/subnets/cli-subnet-000005","etag":"W/\"b55c3652-b8f9-4d6c-9a68-7a3e82c1aaf0\"","properties":{"provisioningState":"Succeeded","addressPrefix":"10.0.0.0/24","ipamPoolPrefixAllocations":[],"delegations":[],"privateEndpointNetworkPolicies":"Disabled","privateLinkServiceNetworkPolicies":"Enabled"},"type":"Microsoft.Network/virtualNetworks/subnets"}'
    headers:
      azure-asyncnotification:
      - Enabled
      azure-asyncoperation:
      - https://management.azure.com/subscriptions/00000000-0000-0000-0000-000000000000/providers/Microsoft.Network/locations/eastus/operations/0d72eb05-a83b-419d-a79e-c319eae971e8?api-version=2024-01-01&t=638594012862530355&c=MIIHhzCCBm-gAwIBAgITHgTSAvXh1GCKrw08WQAABNIC9TANBgkqhkiG9w0BAQsFADBEMRMwEQYKCZImiZPyLGQBGRYDR0JMMRMwEQYKCZImiZPyLGQBGRYDQU1FMRgwFgYDVQQDEw9BTUUgSW5mcmEgQ0EgMDYwHhcNMjQwNjI3MTUyNDA3WhcNMjUwNjIyMTUyNDA3WjBAMT4wPAYDVQQDEzVhc3luY29wZXJhdGlvbnNpZ25pbmdjZXJ0aWZpY2F0ZS5tYW5hZ2VtZW50LmF6dXJlLmNvbTCCASIwDQYJKoZIhvcNAQEBBQADggEPADCCAQoCggEBAOX5t0OxQxE3upQbbFvsmp5T7gqPC72fDSg6G0QO-q7rqYToC8QZH_q_PRft3qJZILPcMnC3i05PTpzbeogSlCaa_AwlLL7W5xwBRGnsSFi6uqID-boEdPC1XBtfJ14hE4xgTlvyDFkeshYKWfG6lyrFXbpwsk-8W5euzj5uEAU138aMueyASKkhbn0w-sYa2oA_U3jECVOIlAwWtv49Wed78xbdxyOXsueDyzxDOoM-H1uA24aMiLn3z563K9_bYY4a6hsemVB7YhKwCV0dGFB2NlQuW_yO_VNKEK9b5n56xBisqDcyIAGbNaCFxMjAXplvF7azyX5n0rlTcXgQ5EUCAwEAAaOCBHQwggRwMCcGCSsGAQQBgjcVCgQaMBgwCgYIKwYBBQUHAwEwCgYIKwYBBQUHAwIwPQYJKwYBBAGCNxUHBDAwLgYmKwYBBAGCNxUIhpDjDYTVtHiE8Ys-hZvdFs6dEoFggvX2K4Py0SACAWQCAQowggHLBggrBgEFBQcBAQSCAb0wggG5MGMGCCsGAQUFBzAChldodHRwOi8vY3JsLm1pY3Jvc29mdC5jb20vcGtpaW5mcmEvQ2VydHMvQkwyUEtJSU5UQ0EwMi5BTUUuR0JMX0FNRSUyMEluZnJhJTIwQ0ElMjAwNi5jcnQwUwYIKwYBBQUHMAKGR2h0dHA6Ly9jcmwxLmFtZS5nYmwvYWlhL0JMMlBLSUlOVENBMDIuQU1FLkdCTF9BTUUlMjBJbmZyYSUyMENBJTIwMDYuY3J0MFMGCCsGAQUFBzAChkdodHRwOi8vY3JsMi5hbWUuZ2JsL2FpYS9CTDJQS0lJTlRDQTAyLkFNRS5HQkxfQU1FJTIwSW5mcmElMjBDQSUyMDA2LmNydDBTBggrBgEFBQcwAoZHaHR0cDovL2NybDMuYW1lLmdibC9haWEvQkwyUEtJSU5UQ0EwMi5BTUUuR0JMX0FNRSUyMEluZnJhJTIwQ0ElMjAwNi5jcnQwUwYIKwYBBQUHMAKGR2h0dHA6Ly9jcmw0LmFtZS5nYmwvYWlhL0JMMlBLSUlOVENBMDIuQU1FLkdCTF9BTUUlMjBJbmZyYSUyMENBJTIwMDYuY3J0MB0GA1UdDgQWBBQdmu6OxIvudboSaHvi8VnT7XivcjAOBgNVHQ8BAf8EBAMCBaAwggEmBgNVHR8EggEdMIIBGTCCARWgggERoIIBDYY_aHR0cDovL2NybC5taWNyb3NvZnQuY29tL3BraWluZnJhL0NSTC9BTUUlMjBJbmZyYSUyMENBJTIwMDYuY3JshjFodHRwOi8vY3JsMS5hbWUuZ2JsL2NybC9BTUUlMjBJbmZyYSUyMENBJTIwMDYuY3JshjFodHRwOi8vY3JsMi5hbWUuZ2JsL2NybC9BTUUlMjBJbmZyYSUyMENBJTIwMDYuY3JshjFodHRwOi8vY3JsMy5hbWUuZ2JsL2NybC9BTUUlMjBJbmZyYSUyMENBJTIwMDYuY3JshjFodHRwOi8vY3JsNC5hbWUuZ2JsL2NybC9BTUUlMjBJbmZyYSUyMENBJTIwMDYuY3JsMIGdBgNVHSAEgZUwgZIwDAYKKwYBBAGCN3sBATBmBgorBgEEAYI3ewICMFgwVgYIKwYBBQUHAgIwSh5IADMAMwBlADAAMQA5ADIAMQAtADQAZAA2ADQALQA0AGYAOABjAC0AYQAwADUANQAtADUAYgBkAGEAZgBmAGQANQBlADMAMwBkMAwGCisGAQQBgjd7AwEwDAYKKwYBBAGCN3sEATAfBgNVHSMEGDAWgBTxRmjG8cPwKy19i2rhsvm-NfzRQTAdBgNVHSUEFjAUBggrBgEFBQcDAQYIKwYBBQUHAwIwDQYJKoZIhvcNAQELBQADggEBAAE87bMgkwSJkJtWUWHywZrpdkdbMMJKKdyoixpEZVLQBkS9P248tTUDTQq_W-W_H7OUWFz7F2SmgWJcMU4lnrWQB7xGR2SU5N_Uq5D-F95ksx2I3ALBtLB8wC6t2cwtzjFIPYr9NPyCtZrnbgh6CAFqGpOq0mVkPAHZBfOfywStnkVpA4JYP0B8IIBfA4E-YqSFxC_9vSP8doGWlUkJhw7E1ylemxWU0jv_96awij-EayTYpo-pH2U6hG6hdW5nRZ929VEbgHmcDW03GdpvtqiZGWC3RdWgVHTZPvQ5XyUmZOaBQILallvd5D9QYh1VmY4oAl5QfafZ76IVrmfwu6c&s=pb1JKX1gNYX6MUXKo769y8J4kEpo37hNV2JeUOQ1ZcPB2XhZx5MQpV72XmWlauh-iJKmTo9L8oiyCA6Ymh9DAR2DKR-PCHYYIktyp9UTbrIu-FBBLgmIs-uITpRisTXpGAu6xjMqfC6AkmUb2SQJDNUx-_gk7EtE3jckbdsyPXBenEH9ZwGvSNbPDNotASbKzJFpTOs9EPXXtAFgr_B-qbl78bZA4NKtJzWRfNq80gACO4W-4k_ehKwwjIWe6svHw87BCC2Q1PTJv3cr_T-UZO5W7Zz-Aq2X5Na6bGxtIsG4RSZhDfCp4S64oyT_GNUjQkbOv5EoLU-zqbjjf2_uJg&h=ecGJnGsC5OcFNNLLFJPOgu-qsDcl6YaReoIg6-L-bxc
      cache-control:
      - no-cache
      content-length:
      - '550'
      content-type:
      - application/json; charset=utf-8
      date:
      - Fri, 16 Aug 2024 10:34:45 GMT
      expires:
      - '-1'
      pragma:
      - no-cache
      strict-transport-security:
      - max-age=31536000; includeSubDomains
      x-cache:
      - CONFIG_NOCACHE
      x-content-type-options:
      - nosniff
      x-ms-arm-service-request-id:
      - cdc5fd48-62cd-432d-a184-4ad4150dd2d4
      x-ms-ratelimit-remaining-subscription-global-writes:
      - '2999'
      x-ms-ratelimit-remaining-subscription-writes:
      - '199'
      x-msedge-ref:
      - 'Ref A: DCB985A3B07C4C609C999BD181B46F2E Ref B: MAA201060516023 Ref C: 2024-08-16T10:34:45Z'
    status:
      code: 200
      message: OK
- request:
    body: null
    headers:
      Accept:
      - '*/*'
      Accept-Encoding:
      - gzip, deflate
      CommandName:
      - network vnet subnet update
      Connection:
      - keep-alive
      ParameterSetName:
      - -n --vnet-name -g --disable-private-endpoint-network-policies
      User-Agent:
      - AZURECLI/2.63.0 azsdk-python-core/1.28.0 Python/3.12.4 (Windows-11-10.0.22631-SP0)
    method: GET
    uri: https://management.azure.com/subscriptions/00000000-0000-0000-0000-000000000000/providers/Microsoft.Network/locations/eastus/operations/0d72eb05-a83b-419d-a79e-c319eae971e8?api-version=2024-01-01&t=638594012862530355&c=MIIHhzCCBm-gAwIBAgITHgTSAvXh1GCKrw08WQAABNIC9TANBgkqhkiG9w0BAQsFADBEMRMwEQYKCZImiZPyLGQBGRYDR0JMMRMwEQYKCZImiZPyLGQBGRYDQU1FMRgwFgYDVQQDEw9BTUUgSW5mcmEgQ0EgMDYwHhcNMjQwNjI3MTUyNDA3WhcNMjUwNjIyMTUyNDA3WjBAMT4wPAYDVQQDEzVhc3luY29wZXJhdGlvbnNpZ25pbmdjZXJ0aWZpY2F0ZS5tYW5hZ2VtZW50LmF6dXJlLmNvbTCCASIwDQYJKoZIhvcNAQEBBQADggEPADCCAQoCggEBAOX5t0OxQxE3upQbbFvsmp5T7gqPC72fDSg6G0QO-q7rqYToC8QZH_q_PRft3qJZILPcMnC3i05PTpzbeogSlCaa_AwlLL7W5xwBRGnsSFi6uqID-boEdPC1XBtfJ14hE4xgTlvyDFkeshYKWfG6lyrFXbpwsk-8W5euzj5uEAU138aMueyASKkhbn0w-sYa2oA_U3jECVOIlAwWtv49Wed78xbdxyOXsueDyzxDOoM-H1uA24aMiLn3z563K9_bYY4a6hsemVB7YhKwCV0dGFB2NlQuW_yO_VNKEK9b5n56xBisqDcyIAGbNaCFxMjAXplvF7azyX5n0rlTcXgQ5EUCAwEAAaOCBHQwggRwMCcGCSsGAQQBgjcVCgQaMBgwCgYIKwYBBQUHAwEwCgYIKwYBBQUHAwIwPQYJKwYBBAGCNxUHBDAwLgYmKwYBBAGCNxUIhpDjDYTVtHiE8Ys-hZvdFs6dEoFggvX2K4Py0SACAWQCAQowggHLBggrBgEFBQcBAQSCAb0wggG5MGMGCCsGAQUFBzAChldodHRwOi8vY3JsLm1pY3Jvc29mdC5jb20vcGtpaW5mcmEvQ2VydHMvQkwyUEtJSU5UQ0EwMi5BTUUuR0JMX0FNRSUyMEluZnJhJTIwQ0ElMjAwNi5jcnQwUwYIKwYBBQUHMAKGR2h0dHA6Ly9jcmwxLmFtZS5nYmwvYWlhL0JMMlBLSUlOVENBMDIuQU1FLkdCTF9BTUUlMjBJbmZyYSUyMENBJTIwMDYuY3J0MFMGCCsGAQUFBzAChkdodHRwOi8vY3JsMi5hbWUuZ2JsL2FpYS9CTDJQS0lJTlRDQTAyLkFNRS5HQkxfQU1FJTIwSW5mcmElMjBDQSUyMDA2LmNydDBTBggrBgEFBQcwAoZHaHR0cDovL2NybDMuYW1lLmdibC9haWEvQkwyUEtJSU5UQ0EwMi5BTUUuR0JMX0FNRSUyMEluZnJhJTIwQ0ElMjAwNi5jcnQwUwYIKwYBBQUHMAKGR2h0dHA6Ly9jcmw0LmFtZS5nYmwvYWlhL0JMMlBLSUlOVENBMDIuQU1FLkdCTF9BTUUlMjBJbmZyYSUyMENBJTIwMDYuY3J0MB0GA1UdDgQWBBQdmu6OxIvudboSaHvi8VnT7XivcjAOBgNVHQ8BAf8EBAMCBaAwggEmBgNVHR8EggEdMIIBGTCCARWgggERoIIBDYY_aHR0cDovL2NybC5taWNyb3NvZnQuY29tL3BraWluZnJhL0NSTC9BTUUlMjBJbmZyYSUyMENBJTIwMDYuY3JshjFodHRwOi8vY3JsMS5hbWUuZ2JsL2NybC9BTUUlMjBJbmZyYSUyMENBJTIwMDYuY3JshjFodHRwOi8vY3JsMi5hbWUuZ2JsL2NybC9BTUUlMjBJbmZyYSUyMENBJTIwMDYuY3JshjFodHRwOi8vY3JsMy5hbWUuZ2JsL2NybC9BTUUlMjBJbmZyYSUyMENBJTIwMDYuY3JshjFodHRwOi8vY3JsNC5hbWUuZ2JsL2NybC9BTUUlMjBJbmZyYSUyMENBJTIwMDYuY3JsMIGdBgNVHSAEgZUwgZIwDAYKKwYBBAGCN3sBATBmBgorBgEEAYI3ewICMFgwVgYIKwYBBQUHAgIwSh5IADMAMwBlADAAMQA5ADIAMQAtADQAZAA2ADQALQA0AGYAOABjAC0AYQAwADUANQAtADUAYgBkAGEAZgBmAGQANQBlADMAMwBkMAwGCisGAQQBgjd7AwEwDAYKKwYBBAGCN3sEATAfBgNVHSMEGDAWgBTxRmjG8cPwKy19i2rhsvm-NfzRQTAdBgNVHSUEFjAUBggrBgEFBQcDAQYIKwYBBQUHAwIwDQYJKoZIhvcNAQELBQADggEBAAE87bMgkwSJkJtWUWHywZrpdkdbMMJKKdyoixpEZVLQBkS9P248tTUDTQq_W-W_H7OUWFz7F2SmgWJcMU4lnrWQB7xGR2SU5N_Uq5D-F95ksx2I3ALBtLB8wC6t2cwtzjFIPYr9NPyCtZrnbgh6CAFqGpOq0mVkPAHZBfOfywStnkVpA4JYP0B8IIBfA4E-YqSFxC_9vSP8doGWlUkJhw7E1ylemxWU0jv_96awij-EayTYpo-pH2U6hG6hdW5nRZ929VEbgHmcDW03GdpvtqiZGWC3RdWgVHTZPvQ5XyUmZOaBQILallvd5D9QYh1VmY4oAl5QfafZ76IVrmfwu6c&s=pb1JKX1gNYX6MUXKo769y8J4kEpo37hNV2JeUOQ1ZcPB2XhZx5MQpV72XmWlauh-iJKmTo9L8oiyCA6Ymh9DAR2DKR-PCHYYIktyp9UTbrIu-FBBLgmIs-uITpRisTXpGAu6xjMqfC6AkmUb2SQJDNUx-_gk7EtE3jckbdsyPXBenEH9ZwGvSNbPDNotASbKzJFpTOs9EPXXtAFgr_B-qbl78bZA4NKtJzWRfNq80gACO4W-4k_ehKwwjIWe6svHw87BCC2Q1PTJv3cr_T-UZO5W7Zz-Aq2X5Na6bGxtIsG4RSZhDfCp4S64oyT_GNUjQkbOv5EoLU-zqbjjf2_uJg&h=ecGJnGsC5OcFNNLLFJPOgu-qsDcl6YaReoIg6-L-bxc
  response:
    body:
      string: '{"status":"Succeeded"}'
    headers:
      cache-control:
      - no-cache
      content-length:
      - '22'
      content-type:
      - application/json; charset=utf-8
      date:
      - Fri, 16 Aug 2024 10:34:46 GMT
      expires:
      - '-1'
      pragma:
      - no-cache
      strict-transport-security:
      - max-age=31536000; includeSubDomains
      x-cache:
      - CONFIG_NOCACHE
      x-content-type-options:
      - nosniff
      x-ms-arm-service-request-id:
      - 4c32f688-2b47-4409-a76a-d466cefb3609
      x-ms-ratelimit-remaining-subscription-global-reads:
      - '3749'
      x-msedge-ref:
      - 'Ref A: 77B28C217DA548609FBB68B5ECD51C13 Ref B: MAA201060516023 Ref C: 2024-08-16T10:34:46Z'
    status:
      code: 200
      message: OK
- request:
    body: null
    headers:
      Accept:
      - '*/*'
      Accept-Encoding:
      - gzip, deflate
      CommandName:
      - network vnet subnet update
      Connection:
      - keep-alive
      ParameterSetName:
      - -n --vnet-name -g --disable-private-endpoint-network-policies
      User-Agent:
      - AZURECLI/2.63.0 azsdk-python-core/1.28.0 Python/3.12.4 (Windows-11-10.0.22631-SP0)
    method: GET
    uri: https://management.azure.com/subscriptions/00000000-0000-0000-0000-000000000000/resourceGroups/test_search_service_private_endpoint_000001/providers/Microsoft.Network/virtualNetworks/cli-vnet-000004/subnets/cli-subnet-000005?api-version=2024-01-01
  response:
    body:
      string: '{"name":"cli-subnet-000005","id":"/subscriptions/00000000-0000-0000-0000-000000000000/resourceGroups/test_search_service_private_endpoint_000001/providers/Microsoft.Network/virtualNetworks/cli-vnet-000004/subnets/cli-subnet-000005","etag":"W/\"b55c3652-b8f9-4d6c-9a68-7a3e82c1aaf0\"","properties":{"provisioningState":"Succeeded","addressPrefix":"10.0.0.0/24","ipamPoolPrefixAllocations":[],"delegations":[],"privateEndpointNetworkPolicies":"Disabled","privateLinkServiceNetworkPolicies":"Enabled"},"type":"Microsoft.Network/virtualNetworks/subnets"}'
    headers:
      cache-control:
      - no-cache
      content-length:
      - '550'
      content-type:
      - application/json; charset=utf-8
      date:
      - Fri, 16 Aug 2024 10:34:47 GMT
      etag:
      - W/"b55c3652-b8f9-4d6c-9a68-7a3e82c1aaf0"
      expires:
      - '-1'
      pragma:
      - no-cache
      strict-transport-security:
      - max-age=31536000; includeSubDomains
      x-cache:
      - CONFIG_NOCACHE
      x-content-type-options:
      - nosniff
      x-ms-arm-service-request-id:
      - 0b5824c1-ea86-4bb2-964b-e8f0aa4eafd8
      x-ms-ratelimit-remaining-subscription-global-reads:
      - '3749'
      x-msedge-ref:
      - 'Ref A: 3105AD3A785F4607B740876112CCBAA5 Ref B: MAA201060516023 Ref C: 2024-08-16T10:34:47Z'
    status:
      code: 200
      message: OK
- request:
    body: null
    headers:
      Accept:
      - application/json
      Accept-Encoding:
      - gzip, deflate
      CommandName:
      - network private-endpoint create
      Connection:
      - keep-alive
      ParameterSetName:
      - -g -n --vnet-name --subnet --connection-name --private-connection-resource-id
        --group-id --manual-request
      User-Agent:
      - AZURECLI/2.63.0 azsdk-python-core/1.28.0 Python/3.12.4 (Windows-11-10.0.22631-SP0)
    method: GET
    uri: https://management.azure.com/subscriptions/00000000-0000-0000-0000-000000000000/resourcegroups/test_search_service_private_endpoint_000001?api-version=2022-09-01
  response:
    body:
      string: '{"id":"/subscriptions/00000000-0000-0000-0000-000000000000/resourceGroups/test_search_service_private_endpoint_000001","name":"test_search_service_private_endpoint_000001","type":"Microsoft.Resources/resourceGroups","location":"eastus","tags":{"product":"azurecli","cause":"automation","test":"test_private_endpoint_connection_search","date":"2024-08-16T10:25:37Z","module":"network","DateCreated":"2024-08-16T10:25:44Z","Creator":"v-ruih@microsoft.com"},"properties":{"provisioningState":"Succeeded"}}'
    headers:
      cache-control:
      - no-cache
      content-length:
      - '502'
      content-type:
      - application/json; charset=utf-8
      date:
      - Fri, 16 Aug 2024 10:34:48 GMT
      expires:
      - '-1'
      pragma:
      - no-cache
      strict-transport-security:
      - max-age=31536000; includeSubDomains
      x-cache:
      - CONFIG_NOCACHE
      x-content-type-options:
      - nosniff
      x-ms-ratelimit-remaining-subscription-global-reads:
      - '3749'
      x-msedge-ref:
      - 'Ref A: 46EEB0511EEC4684A7234A4FBC724DC3 Ref B: MAA201060513009 Ref C: 2024-08-16T10:34:48Z'
    status:
      code: 200
      message: OK
- request:
    body: '{"location": "eastus", "properties": {"manualPrivateLinkServiceConnections":
      [{"name": "cli-pec-000007", "properties": {"groupIds": ["searchService"], "privateLinkServiceId":
      "/subscriptions/00000000-0000-0000-0000-000000000000/resourceGroups/test_search_service_private_endpoint_000001/providers/Microsoft.Search/searchServices/cli-test-azs-000002"}}],
      "subnet": {"id": "/subscriptions/00000000-0000-0000-0000-000000000000/resourceGroups/test_search_service_private_endpoint_000001/providers/Microsoft.Network/virtualNetworks/cli-vnet-000004/subnets/cli-subnet-000005"}}}'
    headers:
      Accept:
      - application/json
      Accept-Encoding:
      - gzip, deflate
      CommandName:
      - network private-endpoint create
      Connection:
      - keep-alive
      Content-Length:
      - '572'
      Content-Type:
      - application/json
      ParameterSetName:
      - -g -n --vnet-name --subnet --connection-name --private-connection-resource-id
        --group-id --manual-request
      User-Agent:
      - AZURECLI/2.63.0 azsdk-python-core/1.28.0 Python/3.12.4 (Windows-11-10.0.22631-SP0)
    method: PUT
    uri: https://management.azure.com/subscriptions/00000000-0000-0000-0000-000000000000/resourceGroups/test_search_service_private_endpoint_000001/providers/Microsoft.Network/privateEndpoints/cli-pe-000006?api-version=2022-01-01
  response:
    body:
      string: '{"name":"cli-pe-000006","id":"/subscriptions/00000000-0000-0000-0000-000000000000/resourceGroups/test_search_service_private_endpoint_000001/providers/Microsoft.Network/privateEndpoints/cli-pe-000006","etag":"W/\"50786301-b511-4f42-85c3-b00fb0debda7\"","type":"Microsoft.Network/privateEndpoints","location":"eastus","properties":{"provisioningState":"Updating","resourceGuid":"3ce58ec2-0a25-4e2d-be8f-2c976db7aca8","privateLinkServiceConnections":[],"manualPrivateLinkServiceConnections":[{"name":"cli-pec-000007","id":"/subscriptions/00000000-0000-0000-0000-000000000000/resourceGroups/test_search_service_private_endpoint_000001/providers/Microsoft.Network/privateEndpoints/cli-pe-000006/manualPrivateLinkServiceConnections/cli-pec-000007","etag":"W/\"50786301-b511-4f42-85c3-b00fb0debda7\"","properties":{"provisioningState":"Succeeded","privateLinkServiceId":"/subscriptions/00000000-0000-0000-0000-000000000000/resourceGroups/test_search_service_private_endpoint_000001/providers/Microsoft.Search/searchServices/cli-test-azs-000002","groupIds":["searchService"],"privateLinkServiceConnectionState":{"status":"Pending","description":"Awaiting
        Approval","actionsRequired":"None"}},"type":"Microsoft.Network/privateEndpoints/manualPrivateLinkServiceConnections"}],"customNetworkInterfaceName":"","subnet":{"id":"/subscriptions/00000000-0000-0000-0000-000000000000/resourceGroups/test_search_service_private_endpoint_000001/providers/Microsoft.Network/virtualNetworks/cli-vnet-000004/subnets/cli-subnet-000005"},"ipConfigurations":[],"networkInterfaces":[{"id":"/subscriptions/00000000-0000-0000-0000-000000000000/resourceGroups/test_search_service_private_endpoint_000001/providers/Microsoft.Network/networkInterfaces/cli-pe-000006.nic.05059410-a17d-4d9a-927f-4589403610e4"}],"customDnsConfigs":[]}}'
    headers:
      azure-asyncnotification:
      - Enabled
      azure-asyncoperation:
      - https://management.azure.com/subscriptions/00000000-0000-0000-0000-000000000000/providers/Microsoft.Network/locations/eastus/operations/a3035c51-b44e-4795-9a09-0dce317985d5?api-version=2022-01-01&t=638594012942650829&c=MIIINDCCBxygAwIBAgITOgNuc3KBpHCkZvMa4AAEA25zcjANBgkqhkiG9w0BAQsFADBEMRMwEQYKCZImiZPyLGQBGRYDR0JMMRMwEQYKCZImiZPyLGQBGRYDQU1FMRgwFgYDVQQDEw9BTUUgSU5GUkEgQ0EgMDEwHhcNMjQwODA3MTYzMDI3WhcNMjUwODAyMTYzMDI3WjCBjDELMAkGA1UEBhMCVVMxCzAJBgNVBAgTAldBMRAwDgYDVQQHEwdSZWRtb25kMR4wHAYDVQQKExVNaWNyb3NvZnQgQ29ycG9yYXRpb24xPjA8BgNVBAMTNWFzeW5jb3BlcmF0aW9uc2lnbmluZ2NlcnRpZmljYXRlLm1hbmFnZW1lbnQuYXp1cmUuY29tMIIBIjANBgkqhkiG9w0BAQEFAAOCAQ8AMIIBCgKCAQEAymrOqRffMRIafNZe04hN8S9DgYBxipR--mr5-rKLw9X607hvc7LyGHR9T03qfIzq0aHKCXa1uucLqWNUZZssf8ut2hPgievRpweMTAD69fba-6pGgff7Hq_PW0us2ZheSW-3OYie2akXnS-z1ziNFCTZMCaQJy8-4H0fGAe7l9gKYZXFgDv0cTm7m4JiEaPkQUP9F7wTvD5BTkvwuVcnlEBet-BaamkIaNTo6ATs-cYIQQd7-XsLcNKYqr6xm2HotAK8mNKJRzIlQEo3VPA5g4ptpptF9xOWV6x02eXIxLedg86Yby5igjBGdfkZAW8xC-AlCuOAWKgpYNPO4_WL8QIDAQABo4IE1DCCBNAwJwYJKwYBBAGCNxUKBBowGDAKBggrBgEFBQcDATAKBggrBgEFBQcDAjA9BgkrBgEEAYI3FQcEMDAuBiYrBgEEAYI3FQiGkOMNhNW0eITxiz6Fm90Wzp0SgWCC9fYrg_LRIAIBZAIBCjCCAdoGCCsGAQUFBwEBBIIBzDCCAcgwZgYIKwYBBQUHMAKGWmh0dHA6Ly9jcmwubWljcm9zb2Z0LmNvbS9wa2lpbmZyYS9DZXJ0cy9CWTJQS0lJTlRDQTAxLkFNRS5HQkxfQU1FJTIwSU5GUkElMjBDQSUyMDAxKDQpLmNydDBWBggrBgEFBQcwAoZKaHR0cDovL2NybDEuYW1lLmdibC9haWEvQlkyUEtJSU5UQ0EwMS5BTUUuR0JMX0FNRSUyMElORlJBJTIwQ0ElMjAwMSg0KS5jcnQwVgYIKwYBBQUHMAKGSmh0dHA6Ly9jcmwyLmFtZS5nYmwvYWlhL0JZMlBLSUlOVENBMDEuQU1FLkdCTF9BTUUlMjBJTkZSQSUyMENBJTIwMDEoNCkuY3J0MFYGCCsGAQUFBzAChkpodHRwOi8vY3JsMy5hbWUuZ2JsL2FpYS9CWTJQS0lJTlRDQTAxLkFNRS5HQkxfQU1FJTIwSU5GUkElMjBDQSUyMDAxKDQpLmNydDBWBggrBgEFBQcwAoZKaHR0cDovL2NybDQuYW1lLmdibC9haWEvQlkyUEtJSU5UQ0EwMS5BTUUuR0JMX0FNRSUyMElORlJBJTIwQ0ElMjAwMSg0KS5jcnQwHQYDVR0OBBYEFFCt3Ayy__VzJDFrIevnZ3VM0xSsMA4GA1UdDwEB_wQEAwIFoDBABgNVHREEOTA3gjVhc3luY29wZXJhdGlvbnNpZ25pbmdjZXJ0aWZpY2F0ZS5tYW5hZ2VtZW50LmF6dXJlLmNvbTCCATUGA1UdHwSCASwwggEoMIIBJKCCASCgggEchkJodHRwOi8vY3JsLm1pY3Jvc29mdC5jb20vcGtpaW5mcmEvQ1JML0FNRSUyMElORlJBJTIwQ0ElMjAwMSg0KS5jcmyGNGh0dHA6Ly9jcmwxLmFtZS5nYmwvY3JsL0FNRSUyMElORlJBJTIwQ0ElMjAwMSg0KS5jcmyGNGh0dHA6Ly9jcmwyLmFtZS5nYmwvY3JsL0FNRSUyMElORlJBJTIwQ0ElMjAwMSg0KS5jcmyGNGh0dHA6Ly9jcmwzLmFtZS5nYmwvY3JsL0FNRSUyMElORlJBJTIwQ0ElMjAwMSg0KS5jcmyGNGh0dHA6Ly9jcmw0LmFtZS5nYmwvY3JsL0FNRSUyMElORlJBJTIwQ0ElMjAwMSg0KS5jcmwwgZ0GA1UdIASBlTCBkjAMBgorBgEEAYI3ewEBMGYGCisGAQQBgjd7AgIwWDBWBggrBgEFBQcCAjBKHkgAMwAzAGUAMAAxADkAMgAxAC0ANABkADYANAAtADQAZgA4AGMALQBhADAANQA1AC0ANQBiAGQAYQBmAGYAZAA1AGUAMwAzAGQwDAYKKwYBBAGCN3sDATAMBgorBgEEAYI3ewQBMB8GA1UdIwQYMBaAFOXZm2f8-Oy6u_DAqJ2KV4i53z5jMB0GA1UdJQQWMBQGCCsGAQUFBwMBBggrBgEFBQcDAjANBgkqhkiG9w0BAQsFAAOCAQEAn8JDYkWAEwGAy6U-FdU2idZzgZMXCun5YDZ_JK52y3HJlmr89G7a-QRZx9FYiFVqyQocboDs8PV6kuRn3TBulHUNJJVxsSD-BkKTFQ_t8Iy14Pa8hg-48DQxi9kG3vjU4ccFV1bXe4u59KwN57es_u8q8Y9wAx4-zRp82wgrO4hwhjXV4HLpFqMR11b7OSegL_PLpz-sG3KyjDhZ356RWIJNxYo8WbYICXkQdevY94Sjyl5B3vcWBb4H2ykQaxdVeqtZ-YBkUuPdjEVo8Cl3GXOt1n9-FjkHDqorTromn5JaNcDo3rfIJAjH0-Onn3_Z4dqWg52CDrtK7NRuniffJQ&s=FRPTUfgRe_d6L38fe-hLFJN72HYzjItpAEFlZ88-T7brrFyoRuCUJS-lVPUrpmhu5W9XN6Elo-Ve2w0NIS_F3C2RaDev-awydKKTsV_-N-RT7iLQbSr1O1QHOjt9mDYrdgM07Ntdvi5G_xmpjr8m5BzJgNZbP5kIQGud9KxCk53FKcevLrhAqOyS9E5k6EKT2wJUbQ51rKVA-Ygi3kRvULetKmepSVDrkxZIkn9lMJyPz7afdTzUFrQpIyfxOhizSnOmj6RbDQWuoDIFHgmAoQU-ukVvegtpTsQzhMNq8cwv9Cvs2cYfSQF-zo6dnV8zHTz_NjLH6-CooiKd80VONA&h=1KeCeZNPc3i0RsPD4Ia_ovWjS61XFq8D-NkRCNLsA0A
      cache-control:
      - no-cache
      content-length:
      - '1802'
      content-type:
      - application/json; charset=utf-8
      date:
      - Fri, 16 Aug 2024 10:34:53 GMT
      expires:
      - '-1'
      pragma:
      - no-cache
      strict-transport-security:
      - max-age=31536000; includeSubDomains
      x-cache:
      - CONFIG_NOCACHE
      x-content-type-options:
      - nosniff
      x-ms-arm-service-request-id:
      - 4e821cfd-369a-49d9-b478-91d0848c43b2
      x-ms-ratelimit-remaining-subscription-global-writes:
      - '2999'
      x-ms-ratelimit-remaining-subscription-writes:
      - '199'
      x-msedge-ref:
      - 'Ref A: E99BE50DA6B6408C9116259CE7746C42 Ref B: MAA201060513009 Ref C: 2024-08-16T10:34:49Z'
    status:
      code: 201
      message: Created
- request:
    body: null
    headers:
      Accept:
      - '*/*'
      Accept-Encoding:
      - gzip, deflate
      CommandName:
      - network private-endpoint create
      Connection:
      - keep-alive
      ParameterSetName:
      - -g -n --vnet-name --subnet --connection-name --private-connection-resource-id
        --group-id --manual-request
      User-Agent:
      - AZURECLI/2.63.0 azsdk-python-core/1.28.0 Python/3.12.4 (Windows-11-10.0.22631-SP0)
    method: GET
    uri: https://management.azure.com/subscriptions/00000000-0000-0000-0000-000000000000/providers/Microsoft.Network/locations/eastus/operations/a3035c51-b44e-4795-9a09-0dce317985d5?api-version=2022-01-01&t=638594012942650829&c=MIIINDCCBxygAwIBAgITOgNuc3KBpHCkZvMa4AAEA25zcjANBgkqhkiG9w0BAQsFADBEMRMwEQYKCZImiZPyLGQBGRYDR0JMMRMwEQYKCZImiZPyLGQBGRYDQU1FMRgwFgYDVQQDEw9BTUUgSU5GUkEgQ0EgMDEwHhcNMjQwODA3MTYzMDI3WhcNMjUwODAyMTYzMDI3WjCBjDELMAkGA1UEBhMCVVMxCzAJBgNVBAgTAldBMRAwDgYDVQQHEwdSZWRtb25kMR4wHAYDVQQKExVNaWNyb3NvZnQgQ29ycG9yYXRpb24xPjA8BgNVBAMTNWFzeW5jb3BlcmF0aW9uc2lnbmluZ2NlcnRpZmljYXRlLm1hbmFnZW1lbnQuYXp1cmUuY29tMIIBIjANBgkqhkiG9w0BAQEFAAOCAQ8AMIIBCgKCAQEAymrOqRffMRIafNZe04hN8S9DgYBxipR--mr5-rKLw9X607hvc7LyGHR9T03qfIzq0aHKCXa1uucLqWNUZZssf8ut2hPgievRpweMTAD69fba-6pGgff7Hq_PW0us2ZheSW-3OYie2akXnS-z1ziNFCTZMCaQJy8-4H0fGAe7l9gKYZXFgDv0cTm7m4JiEaPkQUP9F7wTvD5BTkvwuVcnlEBet-BaamkIaNTo6ATs-cYIQQd7-XsLcNKYqr6xm2HotAK8mNKJRzIlQEo3VPA5g4ptpptF9xOWV6x02eXIxLedg86Yby5igjBGdfkZAW8xC-AlCuOAWKgpYNPO4_WL8QIDAQABo4IE1DCCBNAwJwYJKwYBBAGCNxUKBBowGDAKBggrBgEFBQcDATAKBggrBgEFBQcDAjA9BgkrBgEEAYI3FQcEMDAuBiYrBgEEAYI3FQiGkOMNhNW0eITxiz6Fm90Wzp0SgWCC9fYrg_LRIAIBZAIBCjCCAdoGCCsGAQUFBwEBBIIBzDCCAcgwZgYIKwYBBQUHMAKGWmh0dHA6Ly9jcmwubWljcm9zb2Z0LmNvbS9wa2lpbmZyYS9DZXJ0cy9CWTJQS0lJTlRDQTAxLkFNRS5HQkxfQU1FJTIwSU5GUkElMjBDQSUyMDAxKDQpLmNydDBWBggrBgEFBQcwAoZKaHR0cDovL2NybDEuYW1lLmdibC9haWEvQlkyUEtJSU5UQ0EwMS5BTUUuR0JMX0FNRSUyMElORlJBJTIwQ0ElMjAwMSg0KS5jcnQwVgYIKwYBBQUHMAKGSmh0dHA6Ly9jcmwyLmFtZS5nYmwvYWlhL0JZMlBLSUlOVENBMDEuQU1FLkdCTF9BTUUlMjBJTkZSQSUyMENBJTIwMDEoNCkuY3J0MFYGCCsGAQUFBzAChkpodHRwOi8vY3JsMy5hbWUuZ2JsL2FpYS9CWTJQS0lJTlRDQTAxLkFNRS5HQkxfQU1FJTIwSU5GUkElMjBDQSUyMDAxKDQpLmNydDBWBggrBgEFBQcwAoZKaHR0cDovL2NybDQuYW1lLmdibC9haWEvQlkyUEtJSU5UQ0EwMS5BTUUuR0JMX0FNRSUyMElORlJBJTIwQ0ElMjAwMSg0KS5jcnQwHQYDVR0OBBYEFFCt3Ayy__VzJDFrIevnZ3VM0xSsMA4GA1UdDwEB_wQEAwIFoDBABgNVHREEOTA3gjVhc3luY29wZXJhdGlvbnNpZ25pbmdjZXJ0aWZpY2F0ZS5tYW5hZ2VtZW50LmF6dXJlLmNvbTCCATUGA1UdHwSCASwwggEoMIIBJKCCASCgggEchkJodHRwOi8vY3JsLm1pY3Jvc29mdC5jb20vcGtpaW5mcmEvQ1JML0FNRSUyMElORlJBJTIwQ0ElMjAwMSg0KS5jcmyGNGh0dHA6Ly9jcmwxLmFtZS5nYmwvY3JsL0FNRSUyMElORlJBJTIwQ0ElMjAwMSg0KS5jcmyGNGh0dHA6Ly9jcmwyLmFtZS5nYmwvY3JsL0FNRSUyMElORlJBJTIwQ0ElMjAwMSg0KS5jcmyGNGh0dHA6Ly9jcmwzLmFtZS5nYmwvY3JsL0FNRSUyMElORlJBJTIwQ0ElMjAwMSg0KS5jcmyGNGh0dHA6Ly9jcmw0LmFtZS5nYmwvY3JsL0FNRSUyMElORlJBJTIwQ0ElMjAwMSg0KS5jcmwwgZ0GA1UdIASBlTCBkjAMBgorBgEEAYI3ewEBMGYGCisGAQQBgjd7AgIwWDBWBggrBgEFBQcCAjBKHkgAMwAzAGUAMAAxADkAMgAxAC0ANABkADYANAAtADQAZgA4AGMALQBhADAANQA1AC0ANQBiAGQAYQBmAGYAZAA1AGUAMwAzAGQwDAYKKwYBBAGCN3sDATAMBgorBgEEAYI3ewQBMB8GA1UdIwQYMBaAFOXZm2f8-Oy6u_DAqJ2KV4i53z5jMB0GA1UdJQQWMBQGCCsGAQUFBwMBBggrBgEFBQcDAjANBgkqhkiG9w0BAQsFAAOCAQEAn8JDYkWAEwGAy6U-FdU2idZzgZMXCun5YDZ_JK52y3HJlmr89G7a-QRZx9FYiFVqyQocboDs8PV6kuRn3TBulHUNJJVxsSD-BkKTFQ_t8Iy14Pa8hg-48DQxi9kG3vjU4ccFV1bXe4u59KwN57es_u8q8Y9wAx4-zRp82wgrO4hwhjXV4HLpFqMR11b7OSegL_PLpz-sG3KyjDhZ356RWIJNxYo8WbYICXkQdevY94Sjyl5B3vcWBb4H2ykQaxdVeqtZ-YBkUuPdjEVo8Cl3GXOt1n9-FjkHDqorTromn5JaNcDo3rfIJAjH0-Onn3_Z4dqWg52CDrtK7NRuniffJQ&s=FRPTUfgRe_d6L38fe-hLFJN72HYzjItpAEFlZ88-T7brrFyoRuCUJS-lVPUrpmhu5W9XN6Elo-Ve2w0NIS_F3C2RaDev-awydKKTsV_-N-RT7iLQbSr1O1QHOjt9mDYrdgM07Ntdvi5G_xmpjr8m5BzJgNZbP5kIQGud9KxCk53FKcevLrhAqOyS9E5k6EKT2wJUbQ51rKVA-Ygi3kRvULetKmepSVDrkxZIkn9lMJyPz7afdTzUFrQpIyfxOhizSnOmj6RbDQWuoDIFHgmAoQU-ukVvegtpTsQzhMNq8cwv9Cvs2cYfSQF-zo6dnV8zHTz_NjLH6-CooiKd80VONA&h=1KeCeZNPc3i0RsPD4Ia_ovWjS61XFq8D-NkRCNLsA0A
  response:
    body:
      string: '{"status":"InProgress"}'
    headers:
      cache-control:
      - no-cache
      content-length:
      - '23'
      content-type:
      - application/json; charset=utf-8
      date:
      - Fri, 16 Aug 2024 10:34:54 GMT
      expires:
      - '-1'
      pragma:
      - no-cache
      strict-transport-security:
      - max-age=31536000; includeSubDomains
      x-cache:
      - CONFIG_NOCACHE
      x-content-type-options:
      - nosniff
      x-ms-arm-service-request-id:
      - 2554eaac-c271-4dc5-9d60-096f48347bfb
      x-ms-ratelimit-remaining-subscription-global-reads:
      - '3748'
      x-msedge-ref:
      - 'Ref A: D1275E79CCED4D7C83BF3E0327BDB4C4 Ref B: MAA201060513009 Ref C: 2024-08-16T10:34:54Z'
    status:
      code: 200
      message: OK
- request:
    body: null
    headers:
      Accept:
      - '*/*'
      Accept-Encoding:
      - gzip, deflate
      CommandName:
      - network private-endpoint create
      Connection:
      - keep-alive
      ParameterSetName:
      - -g -n --vnet-name --subnet --connection-name --private-connection-resource-id
        --group-id --manual-request
      User-Agent:
      - AZURECLI/2.63.0 azsdk-python-core/1.28.0 Python/3.12.4 (Windows-11-10.0.22631-SP0)
    method: GET
    uri: https://management.azure.com/subscriptions/00000000-0000-0000-0000-000000000000/providers/Microsoft.Network/locations/eastus/operations/a3035c51-b44e-4795-9a09-0dce317985d5?api-version=2022-01-01&t=638594012942650829&c=MIIINDCCBxygAwIBAgITOgNuc3KBpHCkZvMa4AAEA25zcjANBgkqhkiG9w0BAQsFADBEMRMwEQYKCZImiZPyLGQBGRYDR0JMMRMwEQYKCZImiZPyLGQBGRYDQU1FMRgwFgYDVQQDEw9BTUUgSU5GUkEgQ0EgMDEwHhcNMjQwODA3MTYzMDI3WhcNMjUwODAyMTYzMDI3WjCBjDELMAkGA1UEBhMCVVMxCzAJBgNVBAgTAldBMRAwDgYDVQQHEwdSZWRtb25kMR4wHAYDVQQKExVNaWNyb3NvZnQgQ29ycG9yYXRpb24xPjA8BgNVBAMTNWFzeW5jb3BlcmF0aW9uc2lnbmluZ2NlcnRpZmljYXRlLm1hbmFnZW1lbnQuYXp1cmUuY29tMIIBIjANBgkqhkiG9w0BAQEFAAOCAQ8AMIIBCgKCAQEAymrOqRffMRIafNZe04hN8S9DgYBxipR--mr5-rKLw9X607hvc7LyGHR9T03qfIzq0aHKCXa1uucLqWNUZZssf8ut2hPgievRpweMTAD69fba-6pGgff7Hq_PW0us2ZheSW-3OYie2akXnS-z1ziNFCTZMCaQJy8-4H0fGAe7l9gKYZXFgDv0cTm7m4JiEaPkQUP9F7wTvD5BTkvwuVcnlEBet-BaamkIaNTo6ATs-cYIQQd7-XsLcNKYqr6xm2HotAK8mNKJRzIlQEo3VPA5g4ptpptF9xOWV6x02eXIxLedg86Yby5igjBGdfkZAW8xC-AlCuOAWKgpYNPO4_WL8QIDAQABo4IE1DCCBNAwJwYJKwYBBAGCNxUKBBowGDAKBggrBgEFBQcDATAKBggrBgEFBQcDAjA9BgkrBgEEAYI3FQcEMDAuBiYrBgEEAYI3FQiGkOMNhNW0eITxiz6Fm90Wzp0SgWCC9fYrg_LRIAIBZAIBCjCCAdoGCCsGAQUFBwEBBIIBzDCCAcgwZgYIKwYBBQUHMAKGWmh0dHA6Ly9jcmwubWljcm9zb2Z0LmNvbS9wa2lpbmZyYS9DZXJ0cy9CWTJQS0lJTlRDQTAxLkFNRS5HQkxfQU1FJTIwSU5GUkElMjBDQSUyMDAxKDQpLmNydDBWBggrBgEFBQcwAoZKaHR0cDovL2NybDEuYW1lLmdibC9haWEvQlkyUEtJSU5UQ0EwMS5BTUUuR0JMX0FNRSUyMElORlJBJTIwQ0ElMjAwMSg0KS5jcnQwVgYIKwYBBQUHMAKGSmh0dHA6Ly9jcmwyLmFtZS5nYmwvYWlhL0JZMlBLSUlOVENBMDEuQU1FLkdCTF9BTUUlMjBJTkZSQSUyMENBJTIwMDEoNCkuY3J0MFYGCCsGAQUFBzAChkpodHRwOi8vY3JsMy5hbWUuZ2JsL2FpYS9CWTJQS0lJTlRDQTAxLkFNRS5HQkxfQU1FJTIwSU5GUkElMjBDQSUyMDAxKDQpLmNydDBWBggrBgEFBQcwAoZKaHR0cDovL2NybDQuYW1lLmdibC9haWEvQlkyUEtJSU5UQ0EwMS5BTUUuR0JMX0FNRSUyMElORlJBJTIwQ0ElMjAwMSg0KS5jcnQwHQYDVR0OBBYEFFCt3Ayy__VzJDFrIevnZ3VM0xSsMA4GA1UdDwEB_wQEAwIFoDBABgNVHREEOTA3gjVhc3luY29wZXJhdGlvbnNpZ25pbmdjZXJ0aWZpY2F0ZS5tYW5hZ2VtZW50LmF6dXJlLmNvbTCCATUGA1UdHwSCASwwggEoMIIBJKCCASCgggEchkJodHRwOi8vY3JsLm1pY3Jvc29mdC5jb20vcGtpaW5mcmEvQ1JML0FNRSUyMElORlJBJTIwQ0ElMjAwMSg0KS5jcmyGNGh0dHA6Ly9jcmwxLmFtZS5nYmwvY3JsL0FNRSUyMElORlJBJTIwQ0ElMjAwMSg0KS5jcmyGNGh0dHA6Ly9jcmwyLmFtZS5nYmwvY3JsL0FNRSUyMElORlJBJTIwQ0ElMjAwMSg0KS5jcmyGNGh0dHA6Ly9jcmwzLmFtZS5nYmwvY3JsL0FNRSUyMElORlJBJTIwQ0ElMjAwMSg0KS5jcmyGNGh0dHA6Ly9jcmw0LmFtZS5nYmwvY3JsL0FNRSUyMElORlJBJTIwQ0ElMjAwMSg0KS5jcmwwgZ0GA1UdIASBlTCBkjAMBgorBgEEAYI3ewEBMGYGCisGAQQBgjd7AgIwWDBWBggrBgEFBQcCAjBKHkgAMwAzAGUAMAAxADkAMgAxAC0ANABkADYANAAtADQAZgA4AGMALQBhADAANQA1AC0ANQBiAGQAYQBmAGYAZAA1AGUAMwAzAGQwDAYKKwYBBAGCN3sDATAMBgorBgEEAYI3ewQBMB8GA1UdIwQYMBaAFOXZm2f8-Oy6u_DAqJ2KV4i53z5jMB0GA1UdJQQWMBQGCCsGAQUFBwMBBggrBgEFBQcDAjANBgkqhkiG9w0BAQsFAAOCAQEAn8JDYkWAEwGAy6U-FdU2idZzgZMXCun5YDZ_JK52y3HJlmr89G7a-QRZx9FYiFVqyQocboDs8PV6kuRn3TBulHUNJJVxsSD-BkKTFQ_t8Iy14Pa8hg-48DQxi9kG3vjU4ccFV1bXe4u59KwN57es_u8q8Y9wAx4-zRp82wgrO4hwhjXV4HLpFqMR11b7OSegL_PLpz-sG3KyjDhZ356RWIJNxYo8WbYICXkQdevY94Sjyl5B3vcWBb4H2ykQaxdVeqtZ-YBkUuPdjEVo8Cl3GXOt1n9-FjkHDqorTromn5JaNcDo3rfIJAjH0-Onn3_Z4dqWg52CDrtK7NRuniffJQ&s=FRPTUfgRe_d6L38fe-hLFJN72HYzjItpAEFlZ88-T7brrFyoRuCUJS-lVPUrpmhu5W9XN6Elo-Ve2w0NIS_F3C2RaDev-awydKKTsV_-N-RT7iLQbSr1O1QHOjt9mDYrdgM07Ntdvi5G_xmpjr8m5BzJgNZbP5kIQGud9KxCk53FKcevLrhAqOyS9E5k6EKT2wJUbQ51rKVA-Ygi3kRvULetKmepSVDrkxZIkn9lMJyPz7afdTzUFrQpIyfxOhizSnOmj6RbDQWuoDIFHgmAoQU-ukVvegtpTsQzhMNq8cwv9Cvs2cYfSQF-zo6dnV8zHTz_NjLH6-CooiKd80VONA&h=1KeCeZNPc3i0RsPD4Ia_ovWjS61XFq8D-NkRCNLsA0A
  response:
    body:
      string: '{"status":"InProgress"}'
    headers:
      cache-control:
      - no-cache
      content-length:
      - '23'
      content-type:
      - application/json; charset=utf-8
      date:
      - Fri, 16 Aug 2024 10:35:04 GMT
      expires:
      - '-1'
      pragma:
      - no-cache
      strict-transport-security:
      - max-age=31536000; includeSubDomains
      x-cache:
      - CONFIG_NOCACHE
      x-content-type-options:
      - nosniff
      x-ms-arm-service-request-id:
      - cfe25dad-8a81-4e4c-8483-62806cab72f6
      x-ms-ratelimit-remaining-subscription-global-reads:
      - '3749'
      x-msedge-ref:
      - 'Ref A: 8838CEDDC4E744FF943B43F9E3D74A4C Ref B: MAA201060513009 Ref C: 2024-08-16T10:35:04Z'
    status:
      code: 200
      message: OK
- request:
    body: null
    headers:
      Accept:
      - '*/*'
      Accept-Encoding:
      - gzip, deflate
      CommandName:
      - network private-endpoint create
      Connection:
      - keep-alive
      ParameterSetName:
      - -g -n --vnet-name --subnet --connection-name --private-connection-resource-id
        --group-id --manual-request
      User-Agent:
      - AZURECLI/2.63.0 azsdk-python-core/1.28.0 Python/3.12.4 (Windows-11-10.0.22631-SP0)
    method: GET
    uri: https://management.azure.com/subscriptions/00000000-0000-0000-0000-000000000000/providers/Microsoft.Network/locations/eastus/operations/a3035c51-b44e-4795-9a09-0dce317985d5?api-version=2022-01-01&t=638594012942650829&c=MIIINDCCBxygAwIBAgITOgNuc3KBpHCkZvMa4AAEA25zcjANBgkqhkiG9w0BAQsFADBEMRMwEQYKCZImiZPyLGQBGRYDR0JMMRMwEQYKCZImiZPyLGQBGRYDQU1FMRgwFgYDVQQDEw9BTUUgSU5GUkEgQ0EgMDEwHhcNMjQwODA3MTYzMDI3WhcNMjUwODAyMTYzMDI3WjCBjDELMAkGA1UEBhMCVVMxCzAJBgNVBAgTAldBMRAwDgYDVQQHEwdSZWRtb25kMR4wHAYDVQQKExVNaWNyb3NvZnQgQ29ycG9yYXRpb24xPjA8BgNVBAMTNWFzeW5jb3BlcmF0aW9uc2lnbmluZ2NlcnRpZmljYXRlLm1hbmFnZW1lbnQuYXp1cmUuY29tMIIBIjANBgkqhkiG9w0BAQEFAAOCAQ8AMIIBCgKCAQEAymrOqRffMRIafNZe04hN8S9DgYBxipR--mr5-rKLw9X607hvc7LyGHR9T03qfIzq0aHKCXa1uucLqWNUZZssf8ut2hPgievRpweMTAD69fba-6pGgff7Hq_PW0us2ZheSW-3OYie2akXnS-z1ziNFCTZMCaQJy8-4H0fGAe7l9gKYZXFgDv0cTm7m4JiEaPkQUP9F7wTvD5BTkvwuVcnlEBet-BaamkIaNTo6ATs-cYIQQd7-XsLcNKYqr6xm2HotAK8mNKJRzIlQEo3VPA5g4ptpptF9xOWV6x02eXIxLedg86Yby5igjBGdfkZAW8xC-AlCuOAWKgpYNPO4_WL8QIDAQABo4IE1DCCBNAwJwYJKwYBBAGCNxUKBBowGDAKBggrBgEFBQcDATAKBggrBgEFBQcDAjA9BgkrBgEEAYI3FQcEMDAuBiYrBgEEAYI3FQiGkOMNhNW0eITxiz6Fm90Wzp0SgWCC9fYrg_LRIAIBZAIBCjCCAdoGCCsGAQUFBwEBBIIBzDCCAcgwZgYIKwYBBQUHMAKGWmh0dHA6Ly9jcmwubWljcm9zb2Z0LmNvbS9wa2lpbmZyYS9DZXJ0cy9CWTJQS0lJTlRDQTAxLkFNRS5HQkxfQU1FJTIwSU5GUkElMjBDQSUyMDAxKDQpLmNydDBWBggrBgEFBQcwAoZKaHR0cDovL2NybDEuYW1lLmdibC9haWEvQlkyUEtJSU5UQ0EwMS5BTUUuR0JMX0FNRSUyMElORlJBJTIwQ0ElMjAwMSg0KS5jcnQwVgYIKwYBBQUHMAKGSmh0dHA6Ly9jcmwyLmFtZS5nYmwvYWlhL0JZMlBLSUlOVENBMDEuQU1FLkdCTF9BTUUlMjBJTkZSQSUyMENBJTIwMDEoNCkuY3J0MFYGCCsGAQUFBzAChkpodHRwOi8vY3JsMy5hbWUuZ2JsL2FpYS9CWTJQS0lJTlRDQTAxLkFNRS5HQkxfQU1FJTIwSU5GUkElMjBDQSUyMDAxKDQpLmNydDBWBggrBgEFBQcwAoZKaHR0cDovL2NybDQuYW1lLmdibC9haWEvQlkyUEtJSU5UQ0EwMS5BTUUuR0JMX0FNRSUyMElORlJBJTIwQ0ElMjAwMSg0KS5jcnQwHQYDVR0OBBYEFFCt3Ayy__VzJDFrIevnZ3VM0xSsMA4GA1UdDwEB_wQEAwIFoDBABgNVHREEOTA3gjVhc3luY29wZXJhdGlvbnNpZ25pbmdjZXJ0aWZpY2F0ZS5tYW5hZ2VtZW50LmF6dXJlLmNvbTCCATUGA1UdHwSCASwwggEoMIIBJKCCASCgggEchkJodHRwOi8vY3JsLm1pY3Jvc29mdC5jb20vcGtpaW5mcmEvQ1JML0FNRSUyMElORlJBJTIwQ0ElMjAwMSg0KS5jcmyGNGh0dHA6Ly9jcmwxLmFtZS5nYmwvY3JsL0FNRSUyMElORlJBJTIwQ0ElMjAwMSg0KS5jcmyGNGh0dHA6Ly9jcmwyLmFtZS5nYmwvY3JsL0FNRSUyMElORlJBJTIwQ0ElMjAwMSg0KS5jcmyGNGh0dHA6Ly9jcmwzLmFtZS5nYmwvY3JsL0FNRSUyMElORlJBJTIwQ0ElMjAwMSg0KS5jcmyGNGh0dHA6Ly9jcmw0LmFtZS5nYmwvY3JsL0FNRSUyMElORlJBJTIwQ0ElMjAwMSg0KS5jcmwwgZ0GA1UdIASBlTCBkjAMBgorBgEEAYI3ewEBMGYGCisGAQQBgjd7AgIwWDBWBggrBgEFBQcCAjBKHkgAMwAzAGUAMAAxADkAMgAxAC0ANABkADYANAAtADQAZgA4AGMALQBhADAANQA1AC0ANQBiAGQAYQBmAGYAZAA1AGUAMwAzAGQwDAYKKwYBBAGCN3sDATAMBgorBgEEAYI3ewQBMB8GA1UdIwQYMBaAFOXZm2f8-Oy6u_DAqJ2KV4i53z5jMB0GA1UdJQQWMBQGCCsGAQUFBwMBBggrBgEFBQcDAjANBgkqhkiG9w0BAQsFAAOCAQEAn8JDYkWAEwGAy6U-FdU2idZzgZMXCun5YDZ_JK52y3HJlmr89G7a-QRZx9FYiFVqyQocboDs8PV6kuRn3TBulHUNJJVxsSD-BkKTFQ_t8Iy14Pa8hg-48DQxi9kG3vjU4ccFV1bXe4u59KwN57es_u8q8Y9wAx4-zRp82wgrO4hwhjXV4HLpFqMR11b7OSegL_PLpz-sG3KyjDhZ356RWIJNxYo8WbYICXkQdevY94Sjyl5B3vcWBb4H2ykQaxdVeqtZ-YBkUuPdjEVo8Cl3GXOt1n9-FjkHDqorTromn5JaNcDo3rfIJAjH0-Onn3_Z4dqWg52CDrtK7NRuniffJQ&s=FRPTUfgRe_d6L38fe-hLFJN72HYzjItpAEFlZ88-T7brrFyoRuCUJS-lVPUrpmhu5W9XN6Elo-Ve2w0NIS_F3C2RaDev-awydKKTsV_-N-RT7iLQbSr1O1QHOjt9mDYrdgM07Ntdvi5G_xmpjr8m5BzJgNZbP5kIQGud9KxCk53FKcevLrhAqOyS9E5k6EKT2wJUbQ51rKVA-Ygi3kRvULetKmepSVDrkxZIkn9lMJyPz7afdTzUFrQpIyfxOhizSnOmj6RbDQWuoDIFHgmAoQU-ukVvegtpTsQzhMNq8cwv9Cvs2cYfSQF-zo6dnV8zHTz_NjLH6-CooiKd80VONA&h=1KeCeZNPc3i0RsPD4Ia_ovWjS61XFq8D-NkRCNLsA0A
  response:
    body:
      string: '{"status":"Succeeded"}'
    headers:
      cache-control:
      - no-cache
      content-length:
      - '22'
      content-type:
      - application/json; charset=utf-8
      date:
      - Fri, 16 Aug 2024 10:35:25 GMT
      expires:
      - '-1'
      pragma:
      - no-cache
      strict-transport-security:
      - max-age=31536000; includeSubDomains
      x-cache:
      - CONFIG_NOCACHE
      x-content-type-options:
      - nosniff
      x-ms-arm-service-request-id:
      - 06d6fa5b-5cdd-4ce2-a48e-02b6da2f1ad3
      x-ms-ratelimit-remaining-subscription-global-reads:
      - '3749'
      x-msedge-ref:
      - 'Ref A: 8930589D532A41248F268FB98B2E0DD5 Ref B: MAA201060513009 Ref C: 2024-08-16T10:35:25Z'
    status:
      code: 200
      message: OK
- request:
    body: null
    headers:
      Accept:
      - '*/*'
      Accept-Encoding:
      - gzip, deflate
      CommandName:
      - network private-endpoint create
      Connection:
      - keep-alive
      ParameterSetName:
      - -g -n --vnet-name --subnet --connection-name --private-connection-resource-id
        --group-id --manual-request
      User-Agent:
      - AZURECLI/2.63.0 azsdk-python-core/1.28.0 Python/3.12.4 (Windows-11-10.0.22631-SP0)
    method: GET
    uri: https://management.azure.com/subscriptions/00000000-0000-0000-0000-000000000000/resourceGroups/test_search_service_private_endpoint_000001/providers/Microsoft.Network/privateEndpoints/cli-pe-000006?api-version=2022-01-01
  response:
    body:
      string: '{"name":"cli-pe-000006","id":"/subscriptions/00000000-0000-0000-0000-000000000000/resourceGroups/test_search_service_private_endpoint_000001/providers/Microsoft.Network/privateEndpoints/cli-pe-000006","etag":"W/\"237716a9-6cea-4b11-a638-49c731c99cfa\"","type":"Microsoft.Network/privateEndpoints","location":"eastus","properties":{"provisioningState":"Succeeded","resourceGuid":"3ce58ec2-0a25-4e2d-be8f-2c976db7aca8","privateLinkServiceConnections":[],"manualPrivateLinkServiceConnections":[{"name":"cli-pec-000007","id":"/subscriptions/00000000-0000-0000-0000-000000000000/resourceGroups/test_search_service_private_endpoint_000001/providers/Microsoft.Network/privateEndpoints/cli-pe-000006/manualPrivateLinkServiceConnections/cli-pec-000007","etag":"W/\"237716a9-6cea-4b11-a638-49c731c99cfa\"","properties":{"provisioningState":"Succeeded","privateLinkServiceId":"/subscriptions/00000000-0000-0000-0000-000000000000/resourceGroups/test_search_service_private_endpoint_000001/providers/Microsoft.Search/searchServices/cli-test-azs-000002","groupIds":["searchService"],"privateLinkServiceConnectionState":{"status":"Pending","description":"","actionsRequired":"None"}},"type":"Microsoft.Network/privateEndpoints/manualPrivateLinkServiceConnections"}],"customNetworkInterfaceName":"","subnet":{"id":"/subscriptions/00000000-0000-0000-0000-000000000000/resourceGroups/test_search_service_private_endpoint_000001/providers/Microsoft.Network/virtualNetworks/cli-vnet-000004/subnets/cli-subnet-000005"},"ipConfigurations":[],"networkInterfaces":[{"id":"/subscriptions/00000000-0000-0000-0000-000000000000/resourceGroups/test_search_service_private_endpoint_000001/providers/Microsoft.Network/networkInterfaces/cli-pe-000006.nic.05059410-a17d-4d9a-927f-4589403610e4"}],"customDnsConfigs":[]}}'
    headers:
      cache-control:
      - no-cache
      content-length:
      - '1786'
      content-type:
      - application/json; charset=utf-8
      date:
      - Fri, 16 Aug 2024 10:35:26 GMT
      etag:
      - W/"237716a9-6cea-4b11-a638-49c731c99cfa"
      expires:
      - '-1'
      pragma:
      - no-cache
      strict-transport-security:
      - max-age=31536000; includeSubDomains
      x-cache:
      - CONFIG_NOCACHE
      x-content-type-options:
      - nosniff
      x-ms-arm-service-request-id:
      - e339513e-cd06-4a70-a368-104069d6e115
      x-ms-ratelimit-remaining-subscription-global-reads:
      - '3749'
      x-msedge-ref:
      - 'Ref A: D66C58525C904EF098EAC6CCBB5BD860 Ref B: MAA201060513009 Ref C: 2024-08-16T10:35:26Z'
    status:
      code: 200
      message: OK
- request:
    body: null
    headers:
      Accept:
      - '*/*'
      Accept-Encoding:
      - gzip, deflate
      CommandName:
      - network private-endpoint-connection list
      Connection:
      - keep-alive
      ParameterSetName:
      - --name --resource-group --type
      User-Agent:
      - python/3.12.4 (Windows-11-10.0.22631-SP0) AZURECLI/2.63.0
    method: GET
    uri: https://management.azure.com/subscriptions/00000000-0000-0000-0000-000000000000/resourceGroups/test_search_service_private_endpoint_000001/providers/Microsoft.Search/searchServices/cli-test-azs-000002/privateEndpointConnections?api-version=2020-08-01
  response:
    body:
      string: '{"value":[{"id":"/subscriptions/00000000-0000-0000-0000-000000000000/resourceGroups/test_search_service_private_endpoint_000001/providers/Microsoft.Search/searchServices/cli-test-azs-000002/privateEndpointConnections/cli-pe-000006.3ce58ec2-0a25-4e2d-be8f-2c976db7aca8","name":"cli-pe-000006.3ce58ec2-0a25-4e2d-be8f-2c976db7aca8","type":"Microsoft.Search/searchServices/privateEndpointConnections","properties":{"privateEndpoint":{"id":"/subscriptions/00000000-0000-0000-0000-000000000000/resourceGroups/test_search_service_private_endpoint_000001/providers/Microsoft.Network/privateEndpoints/cli-pe-000006"},"privateLinkServiceConnectionState":{"status":"Pending","description":null,"actionsRequired":"None"},"provisioningState":"Succeeded","groupId":"searchService"}}],"nextLink":null}'
    headers:
      cache-control:
      - no-cache
      content-length:
      - '786'
      content-type:
      - application/json; charset=utf-8
      date:
      - Fri, 16 Aug 2024 10:35:28 GMT
      elapsed-time:
      - '60'
      expires:
      - '-1'
      pragma:
      - no-cache
      request-id:
      - f6ee1b22-9a23-417b-9da9-b07a3ef3656d
      strict-transport-security:
      - max-age=31536000; includeSubDomains
      x-cache:
      - CONFIG_NOCACHE
      x-content-type-options:
      - nosniff
      x-ms-ratelimit-remaining-subscription-global-reads:
      - '3749'
      x-msedge-ref:
      - 'Ref A: 1798EE81264F4021A0A410E4F65FC6D2 Ref B: MAA201060515037 Ref C: 2024-08-16T10:35:27Z'
    status:
      code: 200
      message: OK
- request:
    body: null
    headers:
      Accept:
      - '*/*'
      Accept-Encoding:
      - gzip, deflate
      CommandName:
      - network private-endpoint-connection show
      Connection:
      - keep-alive
      ParameterSetName:
      - --id
      User-Agent:
      - python/3.12.4 (Windows-11-10.0.22631-SP0) AZURECLI/2.63.0
    method: GET
    uri: https://management.azure.com/subscriptions/00000000-0000-0000-0000-000000000000/resourceGroups/test_search_service_private_endpoint_000001/providers/Microsoft.Search/searchServices/cli-test-azs-000002/privateEndpointConnections/cli-pe-000006.3ce58ec2-0a25-4e2d-be8f-2c976db7aca8?api-version=2020-08-01
  response:
    body:
      string: '{"id":"/subscriptions/00000000-0000-0000-0000-000000000000/resourceGroups/test_search_service_private_endpoint_000001/providers/Microsoft.Search/searchServices/cli-test-azs-000002/privateEndpointConnections/cli-pe-000006.3ce58ec2-0a25-4e2d-be8f-2c976db7aca8","name":"cli-pe-000006.3ce58ec2-0a25-4e2d-be8f-2c976db7aca8","type":"Microsoft.Search/searchServices/privateEndpointConnections","properties":{"privateEndpoint":{"id":"/subscriptions/00000000-0000-0000-0000-000000000000/resourceGroups/test_search_service_private_endpoint_000001/providers/Microsoft.Network/privateEndpoints/cli-pe-000006"},"privateLinkServiceConnectionState":{"status":"Pending","description":null,"actionsRequired":"None"},"provisioningState":"Succeeded","groupId":"searchService"}}'
    headers:
      cache-control:
      - no-cache
      content-length:
      - '758'
      content-type:
      - application/json; charset=utf-8
      date:
      - Fri, 16 Aug 2024 10:35:29 GMT
      elapsed-time:
      - '59'
      expires:
      - '-1'
      pragma:
      - no-cache
      request-id:
      - 24066264-c39b-4da2-af04-da36198382bb
      strict-transport-security:
      - max-age=31536000; includeSubDomains
      x-cache:
      - CONFIG_NOCACHE
      x-content-type-options:
      - nosniff
      x-ms-ratelimit-remaining-subscription-global-reads:
      - '3749'
      x-msedge-ref:
      - 'Ref A: DFDBE67275124530823FD27531D992AE Ref B: MAA201060514033 Ref C: 2024-08-16T10:35:29Z'
    status:
      code: 200
      message: OK
- request:
    body: null
    headers:
      Accept:
      - '*/*'
      Accept-Encoding:
      - gzip, deflate
      CommandName:
      - network private-endpoint-connection show
      Connection:
      - keep-alive
      ParameterSetName:
      - --resource-name --name --resource-group --type
      User-Agent:
      - python/3.12.4 (Windows-11-10.0.22631-SP0) AZURECLI/2.63.0
    method: GET
    uri: https://management.azure.com/subscriptions/00000000-0000-0000-0000-000000000000/resourceGroups/test_search_service_private_endpoint_000001/providers/Microsoft.Search/searchServices/cli-test-azs-000002/privateEndpointConnections/cli-pe-000006.3ce58ec2-0a25-4e2d-be8f-2c976db7aca8?api-version=2020-08-01
  response:
    body:
      string: '{"id":"/subscriptions/00000000-0000-0000-0000-000000000000/resourceGroups/test_search_service_private_endpoint_000001/providers/Microsoft.Search/searchServices/cli-test-azs-000002/privateEndpointConnections/cli-pe-000006.3ce58ec2-0a25-4e2d-be8f-2c976db7aca8","name":"cli-pe-000006.3ce58ec2-0a25-4e2d-be8f-2c976db7aca8","type":"Microsoft.Search/searchServices/privateEndpointConnections","properties":{"privateEndpoint":{"id":"/subscriptions/00000000-0000-0000-0000-000000000000/resourceGroups/test_search_service_private_endpoint_000001/providers/Microsoft.Network/privateEndpoints/cli-pe-000006"},"privateLinkServiceConnectionState":{"status":"Pending","description":null,"actionsRequired":"None"},"provisioningState":"Succeeded","groupId":"searchService"}}'
    headers:
      cache-control:
      - no-cache
      content-length:
      - '758'
      content-type:
      - application/json; charset=utf-8
      date:
      - Fri, 16 Aug 2024 10:35:31 GMT
      elapsed-time:
      - '59'
      expires:
      - '-1'
      pragma:
      - no-cache
      request-id:
      - 26bbc6ce-7c98-42b4-b274-76f9b6c1f1c1
      strict-transport-security:
      - max-age=31536000; includeSubDomains
      x-cache:
      - CONFIG_NOCACHE
      x-content-type-options:
      - nosniff
      x-ms-ratelimit-remaining-subscription-global-reads:
      - '3749'
      x-msedge-ref:
      - 'Ref A: F204CB8263B1492E8DF5F6D93FFC3477 Ref B: MAA201060513033 Ref C: 2024-08-16T10:35:31Z'
    status:
      code: 200
      message: OK
- request:
    body: null
    headers:
      Accept:
      - '*/*'
      Accept-Encoding:
      - gzip, deflate
      CommandName:
      - network private-endpoint-connection approve
      Connection:
      - keep-alive
      ParameterSetName:
      - --resource-name --resource-group --name --type --description
      User-Agent:
      - python/3.12.4 (Windows-11-10.0.22631-SP0) AZURECLI/2.63.0
    method: GET
    uri: https://management.azure.com/subscriptions/00000000-0000-0000-0000-000000000000/resourceGroups/test_search_service_private_endpoint_000001/providers/Microsoft.Search/searchServices/cli-test-azs-000002/privateEndpointConnections/cli-pe-000006.3ce58ec2-0a25-4e2d-be8f-2c976db7aca8?api-version=2020-08-01
  response:
    body:
      string: '{"id":"/subscriptions/00000000-0000-0000-0000-000000000000/resourceGroups/test_search_service_private_endpoint_000001/providers/Microsoft.Search/searchServices/cli-test-azs-000002/privateEndpointConnections/cli-pe-000006.3ce58ec2-0a25-4e2d-be8f-2c976db7aca8","name":"cli-pe-000006.3ce58ec2-0a25-4e2d-be8f-2c976db7aca8","type":"Microsoft.Search/searchServices/privateEndpointConnections","properties":{"privateEndpoint":{"id":"/subscriptions/00000000-0000-0000-0000-000000000000/resourceGroups/test_search_service_private_endpoint_000001/providers/Microsoft.Network/privateEndpoints/cli-pe-000006"},"privateLinkServiceConnectionState":{"status":"Pending","description":null,"actionsRequired":"None"},"provisioningState":"Succeeded","groupId":"searchService"}}'
    headers:
      cache-control:
      - no-cache
      content-length:
      - '758'
      content-type:
      - application/json; charset=utf-8
      date:
      - Fri, 16 Aug 2024 10:35:34 GMT
      elapsed-time:
      - '82'
      expires:
      - '-1'
      pragma:
      - no-cache
      request-id:
      - 9a181f87-5b42-4267-b5b7-64c6853f4338
      strict-transport-security:
      - max-age=31536000; includeSubDomains
      x-cache:
      - CONFIG_NOCACHE
      x-content-type-options:
      - nosniff
      x-ms-ratelimit-remaining-subscription-global-reads:
      - '3749'
      x-msedge-ref:
      - 'Ref A: 246C0F87E72946AEA451A918390AEB64 Ref B: MAA201060514037 Ref C: 2024-08-16T10:35:33Z'
    status:
      code: 200
      message: OK
- request:
    body: '{"id": "/subscriptions/00000000-0000-0000-0000-000000000000/resourceGroups/test_search_service_private_endpoint_000001/providers/Microsoft.Search/searchServices/cli-test-azs-000002/privateEndpointConnections/cli-pe-000006.3ce58ec2-0a25-4e2d-be8f-2c976db7aca8",
      "name": "cli-pe-000006.3ce58ec2-0a25-4e2d-be8f-2c976db7aca8", "type": "Microsoft.Search/searchServices/privateEndpointConnections",
      "properties": {"privateEndpoint": {"id": "/subscriptions/00000000-0000-0000-0000-000000000000/resourceGroups/test_search_service_private_endpoint_000001/providers/Microsoft.Network/privateEndpoints/cli-pe-000006"},
      "privateLinkServiceConnectionState": {"status": "Approved", "description": "Approved.",
      "actionsRequired": "None"}, "provisioningState": "Succeeded", "groupId": "searchService"}}'
    headers:
      Accept:
      - '*/*'
      Accept-Encoding:
      - gzip, deflate
      CommandName:
      - network private-endpoint-connection approve
      Connection:
      - keep-alive
      Content-Length:
      - '786'
      Content-Type:
      - application/json
      ParameterSetName:
      - --resource-name --resource-group --name --type --description
      User-Agent:
      - python/3.12.4 (Windows-11-10.0.22631-SP0) AZURECLI/2.63.0
    method: PUT
    uri: https://management.azure.com/subscriptions/00000000-0000-0000-0000-000000000000/resourceGroups/test_search_service_private_endpoint_000001/providers/Microsoft.Search/searchServices/cli-test-azs-000002/privateEndpointConnections/cli-pe-000006.3ce58ec2-0a25-4e2d-be8f-2c976db7aca8?api-version=2020-08-01
  response:
    body:
      string: '{"id":"/subscriptions/00000000-0000-0000-0000-000000000000/resourceGroups/test_search_service_private_endpoint_000001/providers/Microsoft.Search/searchServices/cli-test-azs-000002/privateEndpointConnections/cli-pe-000006.3ce58ec2-0a25-4e2d-be8f-2c976db7aca8","name":"cli-pe-000006.3ce58ec2-0a25-4e2d-be8f-2c976db7aca8","type":"Microsoft.Search/searchServices/privateEndpointConnections","properties":{"privateEndpoint":{"id":"/subscriptions/00000000-0000-0000-0000-000000000000/resourceGroups/test_search_service_private_endpoint_000001/providers/Microsoft.Network/privateEndpoints/cli-pe-000006"},"privateLinkServiceConnectionState":{"status":"Approved","description":"Approved.","actionsRequired":"None"},"provisioningState":"Succeeded","groupId":"searchService"}}'
    headers:
      cache-control:
      - no-cache
      content-length:
      - '766'
      content-type:
      - application/json; charset=utf-8
      date:
      - Fri, 16 Aug 2024 10:35:36 GMT
      elapsed-time:
      - '559'
      expires:
      - '-1'
      pragma:
      - no-cache
      request-id:
      - 458e1f81-59b7-4fed-a915-f2ab9223b3c8
      strict-transport-security:
      - max-age=31536000; includeSubDomains
      x-cache:
      - CONFIG_NOCACHE
      x-content-type-options:
      - nosniff
      x-ms-ratelimit-remaining-subscription-global-writes:
      - '2999'
      x-ms-ratelimit-remaining-subscription-writes:
      - '199'
      x-msedge-ref:
      - 'Ref A: FF571FA17DB84EA2A1F496588F1DAF10 Ref B: MAA201060513049 Ref C: 2024-08-16T10:35:34Z'
    status:
      code: 200
      message: OK
- request:
    body: null
    headers:
      Accept:
      - '*/*'
      Accept-Encoding:
      - gzip, deflate
      CommandName:
      - network private-endpoint-connection approve
      Connection:
      - keep-alive
      ParameterSetName:
      - --resource-name --resource-group --name --type --description
      User-Agent:
      - python/3.12.4 (Windows-11-10.0.22631-SP0) AZURECLI/2.63.0
    method: GET
    uri: https://management.azure.com/subscriptions/00000000-0000-0000-0000-000000000000/resourceGroups/test_search_service_private_endpoint_000001/providers/Microsoft.Search/searchServices/cli-test-azs-000002/privateEndpointConnections/cli-pe-000006.3ce58ec2-0a25-4e2d-be8f-2c976db7aca8?api-version=2020-08-01
  response:
    body:
      string: '{"id":"/subscriptions/00000000-0000-0000-0000-000000000000/resourceGroups/test_search_service_private_endpoint_000001/providers/Microsoft.Search/searchServices/cli-test-azs-000002/privateEndpointConnections/cli-pe-000006.3ce58ec2-0a25-4e2d-be8f-2c976db7aca8","name":"cli-pe-000006.3ce58ec2-0a25-4e2d-be8f-2c976db7aca8","type":"Microsoft.Search/searchServices/privateEndpointConnections","properties":{"privateEndpoint":{"id":"/subscriptions/00000000-0000-0000-0000-000000000000/resourceGroups/test_search_service_private_endpoint_000001/providers/Microsoft.Network/privateEndpoints/cli-pe-000006"},"privateLinkServiceConnectionState":{"status":"Approved","description":"Approved.","actionsRequired":"None"},"provisioningState":"Succeeded","groupId":"searchService"}}'
    headers:
      cache-control:
      - no-cache
      content-length:
      - '766'
      content-type:
      - application/json; charset=utf-8
      date:
      - Fri, 16 Aug 2024 10:35:48 GMT
      elapsed-time:
      - '54'
      expires:
      - '-1'
      pragma:
      - no-cache
      request-id:
      - 4827ef2f-570f-4400-96b3-f92ce71063b4
      strict-transport-security:
      - max-age=31536000; includeSubDomains
      x-cache:
      - CONFIG_NOCACHE
      x-content-type-options:
      - nosniff
      x-ms-ratelimit-remaining-subscription-global-reads:
      - '3749'
      x-msedge-ref:
      - 'Ref A: 77F4A48939A54B21BD458BE19DDFE05A Ref B: MAA201060516021 Ref C: 2024-08-16T10:35:47Z'
    status:
      code: 200
      message: OK
- request:
    body: null
    headers:
      Accept:
      - '*/*'
      Accept-Encoding:
      - gzip, deflate
      CommandName:
      - network private-endpoint-connection reject
      Connection:
      - keep-alive
      ParameterSetName:
      - --id --description
      User-Agent:
      - python/3.12.4 (Windows-11-10.0.22631-SP0) AZURECLI/2.63.0
    method: GET
    uri: https://management.azure.com/subscriptions/00000000-0000-0000-0000-000000000000/resourceGroups/test_search_service_private_endpoint_000001/providers/Microsoft.Search/searchServices/cli-test-azs-000002/privateEndpointConnections/cli-pe-000006.3ce58ec2-0a25-4e2d-be8f-2c976db7aca8?api-version=2020-08-01
  response:
    body:
      string: '{"id":"/subscriptions/00000000-0000-0000-0000-000000000000/resourceGroups/test_search_service_private_endpoint_000001/providers/Microsoft.Search/searchServices/cli-test-azs-000002/privateEndpointConnections/cli-pe-000006.3ce58ec2-0a25-4e2d-be8f-2c976db7aca8","name":"cli-pe-000006.3ce58ec2-0a25-4e2d-be8f-2c976db7aca8","type":"Microsoft.Search/searchServices/privateEndpointConnections","properties":{"privateEndpoint":{"id":"/subscriptions/00000000-0000-0000-0000-000000000000/resourceGroups/test_search_service_private_endpoint_000001/providers/Microsoft.Network/privateEndpoints/cli-pe-000006"},"privateLinkServiceConnectionState":{"status":"Approved","description":"Approved.","actionsRequired":"None"},"provisioningState":"Succeeded","groupId":"searchService"}}'
    headers:
      cache-control:
      - no-cache
      content-length:
      - '766'
      content-type:
      - application/json; charset=utf-8
      date:
      - Fri, 16 Aug 2024 10:35:50 GMT
      elapsed-time:
      - '53'
      expires:
      - '-1'
      pragma:
      - no-cache
      request-id:
      - 7efaf2cb-23b1-4d88-a659-9a6b07c4d686
      strict-transport-security:
      - max-age=31536000; includeSubDomains
      x-cache:
      - CONFIG_NOCACHE
      x-content-type-options:
      - nosniff
      x-ms-ratelimit-remaining-subscription-global-reads:
      - '3749'
      x-msedge-ref:
      - 'Ref A: 0BD8510EFAEE499882EFDFFC6C6C5439 Ref B: MAA201060514019 Ref C: 2024-08-16T10:35:49Z'
    status:
      code: 200
      message: OK
- request:
    body: '{"id": "/subscriptions/00000000-0000-0000-0000-000000000000/resourceGroups/test_search_service_private_endpoint_000001/providers/Microsoft.Search/searchServices/cli-test-azs-000002/privateEndpointConnections/cli-pe-000006.3ce58ec2-0a25-4e2d-be8f-2c976db7aca8",
      "name": "cli-pe-000006.3ce58ec2-0a25-4e2d-be8f-2c976db7aca8", "type": "Microsoft.Search/searchServices/privateEndpointConnections",
      "properties": {"privateEndpoint": {"id": "/subscriptions/00000000-0000-0000-0000-000000000000/resourceGroups/test_search_service_private_endpoint_000001/providers/Microsoft.Network/privateEndpoints/cli-pe-000006"},
      "privateLinkServiceConnectionState": {"status": "Rejected", "description": "Rejected.",
      "actionsRequired": "None"}, "provisioningState": "Succeeded", "groupId": "searchService"}}'
    headers:
      Accept:
      - '*/*'
      Accept-Encoding:
      - gzip, deflate
      CommandName:
      - network private-endpoint-connection reject
      Connection:
      - keep-alive
      Content-Length:
      - '786'
      Content-Type:
      - application/json
      ParameterSetName:
      - --id --description
      User-Agent:
      - python/3.12.4 (Windows-11-10.0.22631-SP0) AZURECLI/2.63.0
    method: PUT
    uri: https://management.azure.com/subscriptions/00000000-0000-0000-0000-000000000000/resourceGroups/test_search_service_private_endpoint_000001/providers/Microsoft.Search/searchServices/cli-test-azs-000002/privateEndpointConnections/cli-pe-000006.3ce58ec2-0a25-4e2d-be8f-2c976db7aca8?api-version=2020-08-01
  response:
    body:
      string: '{"id":"/subscriptions/00000000-0000-0000-0000-000000000000/resourceGroups/test_search_service_private_endpoint_000001/providers/Microsoft.Search/searchServices/cli-test-azs-000002/privateEndpointConnections/cli-pe-000006.3ce58ec2-0a25-4e2d-be8f-2c976db7aca8","name":"cli-pe-000006.3ce58ec2-0a25-4e2d-be8f-2c976db7aca8","type":"Microsoft.Search/searchServices/privateEndpointConnections","properties":{"privateEndpoint":{"id":"/subscriptions/00000000-0000-0000-0000-000000000000/resourceGroups/test_search_service_private_endpoint_000001/providers/Microsoft.Network/privateEndpoints/cli-pe-000006"},"privateLinkServiceConnectionState":{"status":"Rejected","description":"Rejected.","actionsRequired":"None"},"provisioningState":"Succeeded","groupId":"searchService"}}'
    headers:
      cache-control:
      - no-cache
      content-length:
      - '766'
      content-type:
      - application/json; charset=utf-8
      date:
      - Fri, 16 Aug 2024 10:35:53 GMT
      elapsed-time:
      - '910'
      expires:
      - '-1'
      pragma:
      - no-cache
      request-id:
      - a8f4a885-16f2-45da-8b54-4264d2ca971b
      strict-transport-security:
      - max-age=31536000; includeSubDomains
      x-cache:
      - CONFIG_NOCACHE
      x-content-type-options:
      - nosniff
      x-ms-ratelimit-remaining-subscription-global-writes:
      - '2999'
      x-ms-ratelimit-remaining-subscription-writes:
      - '199'
      x-msedge-ref:
      - 'Ref A: 70E812E9268544C486468E06261CAA2B Ref B: MAA201060516039 Ref C: 2024-08-16T10:35:51Z'
    status:
      code: 200
      message: OK
- request:
    body: null
    headers:
      Accept:
      - '*/*'
      Accept-Encoding:
      - gzip, deflate
      CommandName:
      - network private-endpoint-connection reject
      Connection:
      - keep-alive
      ParameterSetName:
      - --id --description
      User-Agent:
      - python/3.12.4 (Windows-11-10.0.22631-SP0) AZURECLI/2.63.0
    method: GET
    uri: https://management.azure.com/subscriptions/00000000-0000-0000-0000-000000000000/resourceGroups/test_search_service_private_endpoint_000001/providers/Microsoft.Search/searchServices/cli-test-azs-000002/privateEndpointConnections/cli-pe-000006.3ce58ec2-0a25-4e2d-be8f-2c976db7aca8?api-version=2020-08-01
  response:
    body:
      string: '{"id":"/subscriptions/00000000-0000-0000-0000-000000000000/resourceGroups/test_search_service_private_endpoint_000001/providers/Microsoft.Search/searchServices/cli-test-azs-000002/privateEndpointConnections/cli-pe-000006.3ce58ec2-0a25-4e2d-be8f-2c976db7aca8","name":"cli-pe-000006.3ce58ec2-0a25-4e2d-be8f-2c976db7aca8","type":"Microsoft.Search/searchServices/privateEndpointConnections","properties":{"privateEndpoint":{"id":"/subscriptions/00000000-0000-0000-0000-000000000000/resourceGroups/test_search_service_private_endpoint_000001/providers/Microsoft.Network/privateEndpoints/cli-pe-000006"},"privateLinkServiceConnectionState":{"status":"Rejected","description":"Rejected.","actionsRequired":"None"},"provisioningState":"Succeeded","groupId":"searchService"}}'
    headers:
      cache-control:
      - no-cache
      content-length:
      - '766'
      content-type:
      - application/json; charset=utf-8
      date:
      - Fri, 16 Aug 2024 10:36:04 GMT
      elapsed-time:
      - '58'
      expires:
      - '-1'
      pragma:
      - no-cache
      request-id:
      - efc037f1-fabb-4cb4-85eb-4d40b1d09cf6
      strict-transport-security:
      - max-age=31536000; includeSubDomains
      x-cache:
      - CONFIG_NOCACHE
      x-content-type-options:
      - nosniff
      x-ms-ratelimit-remaining-subscription-global-reads:
      - '3749'
      x-msedge-ref:
      - 'Ref A: 4D70091A599A4D85964592E91D7B8CB2 Ref B: MAA201060515049 Ref C: 2024-08-16T10:36:04Z'
    status:
      code: 200
      message: OK
- request:
    body: null
    headers:
      Accept:
      - '*/*'
      Accept-Encoding:
      - gzip, deflate
      CommandName:
      - network private-endpoint-connection approve
      Connection:
      - keep-alive
      ParameterSetName:
      - --resource-name --resource-group --name --type --description
      User-Agent:
      - python/3.12.4 (Windows-11-10.0.22631-SP0) AZURECLI/2.63.0
    method: GET
    uri: https://management.azure.com/subscriptions/00000000-0000-0000-0000-000000000000/resourceGroups/test_search_service_private_endpoint_000001/providers/Microsoft.Search/searchServices/cli-test-azs-000002/privateEndpointConnections/cli-pe-000006.3ce58ec2-0a25-4e2d-be8f-2c976db7aca8?api-version=2020-08-01
  response:
    body:
      string: '{"id":"/subscriptions/00000000-0000-0000-0000-000000000000/resourceGroups/test_search_service_private_endpoint_000001/providers/Microsoft.Search/searchServices/cli-test-azs-000002/privateEndpointConnections/cli-pe-000006.3ce58ec2-0a25-4e2d-be8f-2c976db7aca8","name":"cli-pe-000006.3ce58ec2-0a25-4e2d-be8f-2c976db7aca8","type":"Microsoft.Search/searchServices/privateEndpointConnections","properties":{"privateEndpoint":{"id":"/subscriptions/00000000-0000-0000-0000-000000000000/resourceGroups/test_search_service_private_endpoint_000001/providers/Microsoft.Network/privateEndpoints/cli-pe-000006"},"privateLinkServiceConnectionState":{"status":"Rejected","description":"Rejected.","actionsRequired":"None"},"provisioningState":"Succeeded","groupId":"searchService"}}'
    headers:
      cache-control:
      - no-cache
      content-length:
      - '766'
      content-type:
      - application/json; charset=utf-8
      date:
      - Fri, 16 Aug 2024 10:36:06 GMT
      elapsed-time:
      - '51'
      expires:
      - '-1'
      pragma:
      - no-cache
      request-id:
      - 08fc7dd8-2516-45f5-acb6-7d49d7aa0a21
      strict-transport-security:
      - max-age=31536000; includeSubDomains
      x-cache:
      - CONFIG_NOCACHE
      x-content-type-options:
      - nosniff
      x-ms-ratelimit-remaining-subscription-global-reads:
      - '3749'
      x-msedge-ref:
      - 'Ref A: 53D2E41256C344ACAB5C98781D008C68 Ref B: MAA201060516039 Ref C: 2024-08-16T10:36:05Z'
    status:
      code: 200
      message: OK
- request:
    body: '{"id": "/subscriptions/00000000-0000-0000-0000-000000000000/resourceGroups/test_search_service_private_endpoint_000001/providers/Microsoft.Search/searchServices/cli-test-azs-000002/privateEndpointConnections/cli-pe-000006.3ce58ec2-0a25-4e2d-be8f-2c976db7aca8",
      "name": "cli-pe-000006.3ce58ec2-0a25-4e2d-be8f-2c976db7aca8", "type": "Microsoft.Search/searchServices/privateEndpointConnections",
      "properties": {"privateEndpoint": {"id": "/subscriptions/00000000-0000-0000-0000-000000000000/resourceGroups/test_search_service_private_endpoint_000001/providers/Microsoft.Network/privateEndpoints/cli-pe-000006"},
      "privateLinkServiceConnectionState": {"status": "Approved", "description": "Approved.",
      "actionsRequired": "None"}, "provisioningState": "Succeeded", "groupId": "searchService"}}'
    headers:
      Accept:
      - '*/*'
      Accept-Encoding:
      - gzip, deflate
      CommandName:
      - network private-endpoint-connection approve
      Connection:
      - keep-alive
      Content-Length:
      - '786'
      Content-Type:
      - application/json
      ParameterSetName:
      - --resource-name --resource-group --name --type --description
      User-Agent:
      - python/3.12.4 (Windows-11-10.0.22631-SP0) AZURECLI/2.63.0
    method: PUT
    uri: https://management.azure.com/subscriptions/00000000-0000-0000-0000-000000000000/resourceGroups/test_search_service_private_endpoint_000001/providers/Microsoft.Search/searchServices/cli-test-azs-000002/privateEndpointConnections/cli-pe-000006.3ce58ec2-0a25-4e2d-be8f-2c976db7aca8?api-version=2020-08-01
  response:
    body:
      string: '{"error":{"code":"OperationNotAllowed","message":"Could not update
        Private Endpoint connection status from ''Rejected'' to ''Approved'': cli-pe-000006.
        RequestId: b7705204-6ef4-4dcd-b946-53a2ab9fa52f","target":null,"details":null}}'
    headers:
      cache-control:
      - no-store, no-cache
      content-language:
      - en
      content-length:
      - '227'
      content-type:
      - application/json; charset=utf-8
      date:
      - Fri, 16 Aug 2024 10:36:07 GMT
      elapsed-time:
      - '67'
      expires:
      - '-1'
      pragma:
      - no-cache
      request-id:
      - 6a6c808e-231a-4900-a526-07e045bfb4d9
      strict-transport-security:
      - max-age=31536000; includeSubDomains
      x-cache:
      - CONFIG_NOCACHE
      x-content-type-options:
      - nosniff
      x-ms-ratelimit-remaining-subscription-global-writes:
      - '2999'
      x-ms-ratelimit-remaining-subscription-writes:
      - '199'
      x-msedge-ref:
      - 'Ref A: FB378C78C8AA44AF80053009045C3883 Ref B: MAA201060514053 Ref C: 2024-08-16T10:36:07Z'
    status:
      code: 400
      message: Bad Request
- request:
    body: null
    headers:
      Accept:
      - '*/*'
      Accept-Encoding:
      - gzip, deflate
      CommandName:
      - network private-endpoint-connection list
      Connection:
      - keep-alive
      ParameterSetName:
      - --name --resource-group --type
      User-Agent:
      - python/3.12.4 (Windows-11-10.0.22631-SP0) AZURECLI/2.63.0
    method: GET
    uri: https://management.azure.com/subscriptions/00000000-0000-0000-0000-000000000000/resourceGroups/test_search_service_private_endpoint_000001/providers/Microsoft.Search/searchServices/cli-test-azs-000002/privateEndpointConnections?api-version=2020-08-01
  response:
    body:
      string: '{"value":[{"id":"/subscriptions/00000000-0000-0000-0000-000000000000/resourceGroups/test_search_service_private_endpoint_000001/providers/Microsoft.Search/searchServices/cli-test-azs-000002/privateEndpointConnections/cli-pe-000006.3ce58ec2-0a25-4e2d-be8f-2c976db7aca8","name":"cli-pe-000006.3ce58ec2-0a25-4e2d-be8f-2c976db7aca8","type":"Microsoft.Search/searchServices/privateEndpointConnections","properties":{"privateEndpoint":{"id":"/subscriptions/00000000-0000-0000-0000-000000000000/resourceGroups/test_search_service_private_endpoint_000001/providers/Microsoft.Network/privateEndpoints/cli-pe-000006"},"privateLinkServiceConnectionState":{"status":"Rejected","description":"Rejected.","actionsRequired":"None"},"provisioningState":"Succeeded","groupId":"searchService"}}],"nextLink":null}'
    headers:
      cache-control:
      - no-cache
      content-length:
      - '794'
      content-type:
      - application/json; charset=utf-8
      date:
      - Fri, 16 Aug 2024 10:36:09 GMT
      elapsed-time:
      - '63'
      expires:
      - '-1'
      pragma:
      - no-cache
      request-id:
      - 3f8b476a-fa91-455e-8ab0-7727c322d6b4
      strict-transport-security:
      - max-age=31536000; includeSubDomains
      x-cache:
      - CONFIG_NOCACHE
      x-content-type-options:
      - nosniff
      x-ms-ratelimit-remaining-subscription-global-reads:
      - '3749'
      x-msedge-ref:
      - 'Ref A: 708A874C6D8F4877A343CBD424316D30 Ref B: MAA201060514017 Ref C: 2024-08-16T10:36:09Z'
    status:
      code: 200
      message: OK
- request:
    body: null
    headers:
      Accept:
      - '*/*'
      Accept-Encoding:
      - gzip, deflate
      CommandName:
      - network private-endpoint-connection delete
      Connection:
      - keep-alive
      Content-Length:
      - '0'
      ParameterSetName:
      - --id -y
      User-Agent:
      - python/3.12.4 (Windows-11-10.0.22631-SP0) AZURECLI/2.63.0
    method: DELETE
    uri: https://management.azure.com/subscriptions/00000000-0000-0000-0000-000000000000/resourceGroups/test_search_service_private_endpoint_000001/providers/Microsoft.Search/searchServices/cli-test-azs-000002/privateEndpointConnections/cli-pe-000006.3ce58ec2-0a25-4e2d-be8f-2c976db7aca8?api-version=2020-08-01
  response:
    body:
      string: '{"id":"/subscriptions/00000000-0000-0000-0000-000000000000/resourceGroups/test_search_service_private_endpoint_000001/providers/Microsoft.Search/searchServices/cli-test-azs-000002/privateEndpointConnections/cli-pe-000006.3ce58ec2-0a25-4e2d-be8f-2c976db7aca8","name":"cli-pe-000006.3ce58ec2-0a25-4e2d-be8f-2c976db7aca8","type":"Microsoft.Search/searchServices/privateEndpointConnections","properties":{"privateEndpoint":{"id":"/subscriptions/00000000-0000-0000-0000-000000000000/resourceGroups/test_search_service_private_endpoint_000001/providers/Microsoft.Network/privateEndpoints/cli-pe-000006"},"privateLinkServiceConnectionState":{"status":"Disconnected","description":"Remove
        request from customer.","actionsRequired":"None"},"provisioningState":"Succeeded","groupId":"searchService"}}'
    headers:
      cache-control:
      - no-cache
      content-length:
      - '790'
      content-type:
      - application/json; charset=utf-8
      date:
      - Fri, 16 Aug 2024 10:36:12 GMT
      elapsed-time:
      - '1390'
      expires:
      - '-1'
      pragma:
      - no-cache
      request-id:
      - 2a729d62-c753-4615-915c-cafc4408ceb2
      strict-transport-security:
      - max-age=31536000; includeSubDomains
      x-cache:
      - CONFIG_NOCACHE
      x-content-type-options:
      - nosniff
      x-ms-ratelimit-remaining-subscription-deletes:
      - '199'
      x-ms-ratelimit-remaining-subscription-global-deletes:
      - '2999'
      x-msedge-ref:
      - 'Ref A: 97FF47E54BF04B75A1261C2A93C5E0A6 Ref B: MAA201060515027 Ref C: 2024-08-16T10:36:10Z'
    status:
      code: 200
      message: OK
version: 1
