interactions:
- request:
    body: null
    headers:
      Accept:
      - application/json
      Accept-Encoding:
      - gzip, deflate
      CommandName:
      - network vnet create
      Connection:
      - keep-alive
      ParameterSetName:
      - -g -n --subnet-name --defer
      User-Agent:
      - python/3.7.4 (Linux-4.15.0-122-generic-x86_64-with-debian-buster-sid) msrest/0.6.18
        msrest_azure/0.6.3 azure-mgmt-resource/10.2.0 Azure-SDK-For-Python AZURECLI/2.14.1
      accept-language:
      - en-US
    method: GET
    uri: https://management.azure.com/subscriptions/00000000-0000-0000-0000-000000000000/resourcegroups/cli_test_nic_ag_address_pools000001?api-version=2020-06-01
  response:
    body:
      string: '{"id":"/subscriptions/00000000-0000-0000-0000-000000000000/resourceGroups/cli_test_nic_ag_address_pools000001","name":"cli_test_nic_ag_address_pools000001","type":"Microsoft.Resources/resourceGroups","location":"westus","tags":{"product":"azurecli","cause":"automation","date":"2020-11-12T08:50:41Z"},"properties":{"provisioningState":"Succeeded"}}'
    headers:
      cache-control:
      - no-cache
      content-length:
      - '428'
      content-type:
      - application/json; charset=utf-8
      date:
      - Thu, 12 Nov 2020 08:50:44 GMT
      expires:
      - '-1'
      pragma:
      - no-cache
      strict-transport-security:
      - max-age=31536000; includeSubDomains
      vary:
      - Accept-Encoding
      x-content-type-options:
      - nosniff
    status:
      code: 200
      message: OK
- request:
    body: '{"location": "westus", "tags": {}, "properties": {"addressSpace": {"addressPrefixes":
      ["10.0.0.0/16"]}, "dhcpOptions": {}, "subnets": [{"properties": {"addressPrefix":
      "10.0.0.0/24"}, "name": "subnet1"}, {"properties": {"addressPrefix": "10.0.1.0/24"},
      "name": "subnet2"}]}}'
    headers:
      Accept:
      - application/json
      Accept-Encoding:
      - gzip, deflate
      CommandName:
      - network vnet subnet create
      Connection:
      - keep-alive
      Content-Length:
      - '274'
      Content-Type:
      - application/json; charset=utf-8
      ParameterSetName:
      - -g --vnet-name -n --address-prefix
      User-Agent:
      - python/3.7.4 (Linux-4.15.0-122-generic-x86_64-with-debian-buster-sid) msrest/0.6.18
        msrest_azure/0.6.3 azure-mgmt-network/12.0.0 Azure-SDK-For-Python AZURECLI/2.14.1
      accept-language:
      - en-US
    method: PUT
    uri: https://management.azure.com/subscriptions/00000000-0000-0000-0000-000000000000/resourceGroups/cli_test_nic_ag_address_pools000001/providers/Microsoft.Network/virtualNetworks/vnet1?api-version=2020-06-01
  response:
    body:
      string: "{\r\n  \"name\": \"vnet1\",\r\n  \"id\": \"/subscriptions/00000000-0000-0000-0000-000000000000/resourceGroups/cli_test_nic_ag_address_pools000001/providers/Microsoft.Network/virtualNetworks/vnet1\"\
        ,\r\n  \"etag\": \"W/\\\"dd60bb93-b245-4ba3-9c5a-f4aab5b497a8\\\"\",\r\n \
        \ \"type\": \"Microsoft.Network/virtualNetworks\",\r\n  \"location\": \"westus\"\
        ,\r\n  \"tags\": {},\r\n  \"properties\": {\r\n    \"provisioningState\":\
        \ \"Updating\",\r\n    \"resourceGuid\": \"c219e94e-0992-469d-baf5-ea3101b4a72b\"\
        ,\r\n    \"addressSpace\": {\r\n      \"addressPrefixes\": [\r\n        \"\
        10.0.0.0/16\"\r\n      ]\r\n    },\r\n    \"dhcpOptions\": {\r\n      \"dnsServers\"\
        : []\r\n    },\r\n    \"subnets\": [\r\n      {\r\n        \"name\": \"subnet1\"\
        ,\r\n        \"id\": \"/subscriptions/00000000-0000-0000-0000-000000000000/resourceGroups/cli_test_nic_ag_address_pools000001/providers/Microsoft.Network/virtualNetworks/vnet1/subnets/subnet1\"\
        ,\r\n        \"etag\": \"W/\\\"dd60bb93-b245-4ba3-9c5a-f4aab5b497a8\\\"\"\
        ,\r\n        \"properties\": {\r\n          \"provisioningState\": \"Updating\"\
        ,\r\n          \"addressPrefix\": \"10.0.0.0/24\",\r\n          \"delegations\"\
        : [],\r\n          \"privateEndpointNetworkPolicies\": \"Enabled\",\r\n  \
        \        \"privateLinkServiceNetworkPolicies\": \"Enabled\"\r\n        },\r\
        \n        \"type\": \"Microsoft.Network/virtualNetworks/subnets\"\r\n    \
        \  },\r\n      {\r\n        \"name\": \"subnet2\",\r\n        \"id\": \"/subscriptions/00000000-0000-0000-0000-000000000000/resourceGroups/cli_test_nic_ag_address_pools000001/providers/Microsoft.Network/virtualNetworks/vnet1/subnets/subnet2\"\
        ,\r\n        \"etag\": \"W/\\\"dd60bb93-b245-4ba3-9c5a-f4aab5b497a8\\\"\"\
        ,\r\n        \"properties\": {\r\n          \"provisioningState\": \"Updating\"\
        ,\r\n          \"addressPrefix\": \"10.0.1.0/24\",\r\n          \"delegations\"\
        : [],\r\n          \"privateEndpointNetworkPolicies\": \"Enabled\",\r\n  \
        \        \"privateLinkServiceNetworkPolicies\": \"Enabled\"\r\n        },\r\
        \n        \"type\": \"Microsoft.Network/virtualNetworks/subnets\"\r\n    \
        \  }\r\n    ],\r\n    \"virtualNetworkPeerings\": [],\r\n    \"enableDdosProtection\"\
        : false,\r\n    \"enableVmProtection\": false\r\n  }\r\n}"
    headers:
      azure-asyncnotification:
      - Enabled
      azure-asyncoperation:
      - https://management.azure.com/subscriptions/00000000-0000-0000-0000-000000000000/providers/Microsoft.Network/locations/westus/operations/35467da5-c2b9-49a6-834e-d67807ae2a44?api-version=2020-06-01
      cache-control:
      - no-cache
      content-length:
      - '2103'
      content-type:
      - application/json; charset=utf-8
      date:
      - Thu, 12 Nov 2020 08:50:50 GMT
      expires:
      - '-1'
      pragma:
      - no-cache
      server:
      - Microsoft-HTTPAPI/2.0
      - Microsoft-HTTPAPI/2.0
      strict-transport-security:
      - max-age=31536000; includeSubDomains
      x-content-type-options:
      - nosniff
      x-ms-arm-service-request-id:
      - 7b9673e5-992e-46c6-b525-d5574ffbd7e2
      x-ms-ratelimit-remaining-subscription-writes:
      - '1191'
    status:
      code: 201
      message: Created
- request:
    body: null
    headers:
      Accept:
      - application/json
      Accept-Encoding:
      - gzip, deflate
      CommandName:
      - network vnet subnet create
      Connection:
      - keep-alive
      ParameterSetName:
      - -g --vnet-name -n --address-prefix
      User-Agent:
      - python/3.7.4 (Linux-4.15.0-122-generic-x86_64-with-debian-buster-sid) msrest/0.6.18
        msrest_azure/0.6.3 azure-mgmt-network/12.0.0 Azure-SDK-For-Python AZURECLI/2.14.1
    method: GET
    uri: https://management.azure.com/subscriptions/00000000-0000-0000-0000-000000000000/providers/Microsoft.Network/locations/westus/operations/35467da5-c2b9-49a6-834e-d67807ae2a44?api-version=2020-06-01
  response:
    body:
      string: "{\r\n  \"status\": \"Succeeded\"\r\n}"
    headers:
      cache-control:
      - no-cache
      content-length:
      - '29'
      content-type:
      - application/json; charset=utf-8
      date:
      - Thu, 12 Nov 2020 08:50:53 GMT
      expires:
      - '-1'
      pragma:
      - no-cache
      server:
      - Microsoft-HTTPAPI/2.0
      - Microsoft-HTTPAPI/2.0
      strict-transport-security:
      - max-age=31536000; includeSubDomains
      transfer-encoding:
      - chunked
      vary:
      - Accept-Encoding
      x-content-type-options:
      - nosniff
      x-ms-arm-service-request-id:
      - 3ac0864e-7a8a-45ff-8123-2b8068ea811d
    status:
      code: 200
      message: OK
- request:
    body: null
    headers:
      Accept:
      - application/json
      Accept-Encoding:
      - gzip, deflate
      CommandName:
      - network vnet subnet create
      Connection:
      - keep-alive
      ParameterSetName:
      - -g --vnet-name -n --address-prefix
      User-Agent:
      - python/3.7.4 (Linux-4.15.0-122-generic-x86_64-with-debian-buster-sid) msrest/0.6.18
        msrest_azure/0.6.3 azure-mgmt-network/12.0.0 Azure-SDK-For-Python AZURECLI/2.14.1
    method: GET
    uri: https://management.azure.com/subscriptions/00000000-0000-0000-0000-000000000000/resourceGroups/cli_test_nic_ag_address_pools000001/providers/Microsoft.Network/virtualNetworks/vnet1?api-version=2020-06-01
  response:
    body:
      string: "{\r\n  \"name\": \"vnet1\",\r\n  \"id\": \"/subscriptions/00000000-0000-0000-0000-000000000000/resourceGroups/cli_test_nic_ag_address_pools000001/providers/Microsoft.Network/virtualNetworks/vnet1\"\
        ,\r\n  \"etag\": \"W/\\\"dbb61437-51aa-4e4d-bdfe-1c0ef2569d65\\\"\",\r\n \
        \ \"type\": \"Microsoft.Network/virtualNetworks\",\r\n  \"location\": \"westus\"\
        ,\r\n  \"tags\": {},\r\n  \"properties\": {\r\n    \"provisioningState\":\
        \ \"Succeeded\",\r\n    \"resourceGuid\": \"c219e94e-0992-469d-baf5-ea3101b4a72b\"\
        ,\r\n    \"addressSpace\": {\r\n      \"addressPrefixes\": [\r\n        \"\
        10.0.0.0/16\"\r\n      ]\r\n    },\r\n    \"dhcpOptions\": {\r\n      \"dnsServers\"\
        : []\r\n    },\r\n    \"subnets\": [\r\n      {\r\n        \"name\": \"subnet1\"\
        ,\r\n        \"id\": \"/subscriptions/00000000-0000-0000-0000-000000000000/resourceGroups/cli_test_nic_ag_address_pools000001/providers/Microsoft.Network/virtualNetworks/vnet1/subnets/subnet1\"\
        ,\r\n        \"etag\": \"W/\\\"dbb61437-51aa-4e4d-bdfe-1c0ef2569d65\\\"\"\
        ,\r\n        \"properties\": {\r\n          \"provisioningState\": \"Succeeded\"\
        ,\r\n          \"addressPrefix\": \"10.0.0.0/24\",\r\n          \"delegations\"\
        : [],\r\n          \"privateEndpointNetworkPolicies\": \"Enabled\",\r\n  \
        \        \"privateLinkServiceNetworkPolicies\": \"Enabled\"\r\n        },\r\
        \n        \"type\": \"Microsoft.Network/virtualNetworks/subnets\"\r\n    \
        \  },\r\n      {\r\n        \"name\": \"subnet2\",\r\n        \"id\": \"/subscriptions/00000000-0000-0000-0000-000000000000/resourceGroups/cli_test_nic_ag_address_pools000001/providers/Microsoft.Network/virtualNetworks/vnet1/subnets/subnet2\"\
        ,\r\n        \"etag\": \"W/\\\"dbb61437-51aa-4e4d-bdfe-1c0ef2569d65\\\"\"\
        ,\r\n        \"properties\": {\r\n          \"provisioningState\": \"Succeeded\"\
        ,\r\n          \"addressPrefix\": \"10.0.1.0/24\",\r\n          \"delegations\"\
        : [],\r\n          \"privateEndpointNetworkPolicies\": \"Enabled\",\r\n  \
        \        \"privateLinkServiceNetworkPolicies\": \"Enabled\"\r\n        },\r\
        \n        \"type\": \"Microsoft.Network/virtualNetworks/subnets\"\r\n    \
        \  }\r\n    ],\r\n    \"virtualNetworkPeerings\": [],\r\n    \"enableDdosProtection\"\
        : false,\r\n    \"enableVmProtection\": false\r\n  }\r\n}"
    headers:
      cache-control:
      - no-cache
      content-length:
      - '2106'
      content-type:
      - application/json; charset=utf-8
      date:
      - Thu, 12 Nov 2020 08:50:54 GMT
      etag:
      - W/"dbb61437-51aa-4e4d-bdfe-1c0ef2569d65"
      expires:
      - '-1'
      pragma:
      - no-cache
      server:
      - Microsoft-HTTPAPI/2.0
      - Microsoft-HTTPAPI/2.0
      strict-transport-security:
      - max-age=31536000; includeSubDomains
      transfer-encoding:
      - chunked
      vary:
      - Accept-Encoding
      x-content-type-options:
      - nosniff
      x-ms-arm-service-request-id:
      - 9e19952b-4d20-4bc8-bf7d-0c539bcef36b
    status:
      code: 200
      message: OK
- request:
    body: null
    headers:
      Accept:
      - application/json
      Accept-Encoding:
      - gzip, deflate
      CommandName:
      - network application-gateway create
      Connection:
      - keep-alive
      ParameterSetName:
      - -g -n --vnet-name --subnet --no-wait
      User-Agent:
      - python/3.7.4 (Linux-4.15.0-122-generic-x86_64-with-debian-buster-sid) msrest/0.6.18
        msrest_azure/0.6.3 azure-mgmt-resource/10.2.0 Azure-SDK-For-Python AZURECLI/2.14.1
      accept-language:
      - en-US
    method: GET
    uri: https://management.azure.com/subscriptions/00000000-0000-0000-0000-000000000000/resourcegroups/cli_test_nic_ag_address_pools000001?api-version=2020-06-01
  response:
    body:
      string: '{"id":"/subscriptions/00000000-0000-0000-0000-000000000000/resourceGroups/cli_test_nic_ag_address_pools000001","name":"cli_test_nic_ag_address_pools000001","type":"Microsoft.Resources/resourceGroups","location":"westus","tags":{"product":"azurecli","cause":"automation","date":"2020-11-12T08:50:41Z"},"properties":{"provisioningState":"Succeeded"}}'
    headers:
      cache-control:
      - no-cache
      content-length:
      - '428'
      content-type:
      - application/json; charset=utf-8
      date:
      - Thu, 12 Nov 2020 08:50:54 GMT
      expires:
      - '-1'
      pragma:
      - no-cache
      strict-transport-security:
      - max-age=31536000; includeSubDomains
      vary:
      - Accept-Encoding
      x-content-type-options:
      - nosniff
    status:
      code: 200
      message: OK
- request:
    body: null
    headers:
      Accept:
      - application/json
      Accept-Encoding:
      - gzip, deflate
      CommandName:
      - network application-gateway create
      Connection:
      - keep-alive
      ParameterSetName:
      - -g -n --vnet-name --subnet --no-wait
      User-Agent:
      - python/3.7.4 (Linux-4.15.0-122-generic-x86_64-with-debian-buster-sid) msrest/0.6.18
        msrest_azure/0.6.3 azure-mgmt-resource/10.2.0 Azure-SDK-For-Python AZURECLI/2.14.1
      accept-language:
      - en-US
    method: GET
    uri: https://management.azure.com/subscriptions/00000000-0000-0000-0000-000000000000/resources?$filter=resourceGroup%20eq%20%27cli_test_nic_ag_address_pools000001%27%20and%20name%20eq%20%27vnet1%27%20and%20resourceType%20eq%20%27Microsoft.Network%2FvirtualNetworks%27&api-version=2020-06-01
  response:
    body:
      string: '{"value":[{"id":"/subscriptions/00000000-0000-0000-0000-000000000000/resourceGroups/cli_test_nic_ag_address_pools000001/providers/Microsoft.Network/virtualNetworks/vnet1","name":"vnet1","type":"Microsoft.Network/virtualNetworks","location":"westus","tags":{}}]}'
    headers:
      cache-control:
      - no-cache
      content-length:
      - '301'
      content-type:
      - application/json; charset=utf-8
      date:
      - Thu, 12 Nov 2020 08:50:55 GMT
      expires:
      - '-1'
      pragma:
      - no-cache
      strict-transport-security:
      - max-age=31536000; includeSubDomains
      vary:
      - Accept-Encoding
      x-content-type-options:
      - nosniff
    status:
      code: 200
      message: OK
- request:
    body: '{"properties": {"template": {"$schema": "https://schema.management.azure.com/schemas/2015-01-01/deploymentTemplate.json#",
      "contentVersion": "1.0.0.0", "parameters": {}, "variables": {"appGwID": "[resourceId(''Microsoft.Network/applicationGateways'',
      ''ag1'')]"}, "resources": [{"type": "Microsoft.Network/applicationGateways",
      "name": "ag1", "location": "westus", "tags": {}, "apiVersion": "2020-06-01",
      "dependsOn": [], "properties": {"backendAddressPools": [{"name": "appGatewayBackendPool"}],
      "backendHttpSettingsCollection": [{"name": "appGatewayBackendHttpSettings",
      "properties": {"Port": 80, "Protocol": "Http", "CookieBasedAffinity": "disabled",
      "connectionDraining": {"enabled": false, "drainTimeoutInSec": 1}}}], "frontendIPConfigurations":
      [{"name": "appGatewayPrivateFrontendIP", "properties": {"privateIPAllocationMethod":
      "Dynamic", "privateIPAddress": null, "subnet": {"id": "/subscriptions/00000000-0000-0000-0000-000000000000/resourceGroups/cli_test_nic_ag_address_pools000001/providers/Microsoft.Network/virtualNetworks/vnet1/subnets/subnet1"}}}],
      "frontendPorts": [{"name": "appGatewayFrontendPort", "properties": {"Port":
      80}}], "gatewayIPConfigurations": [{"name": "appGatewayPrivateFrontendIP", "properties":
      {"subnet": {"id": "/subscriptions/00000000-0000-0000-0000-000000000000/resourceGroups/cli_test_nic_ag_address_pools000001/providers/Microsoft.Network/virtualNetworks/vnet1/subnets/subnet1"}}}],
      "httpListeners": [{"name": "appGatewayHttpListener", "properties": {"FrontendIpConfiguration":
      {"Id": "[concat(variables(''appGwID''), ''/frontendIPConfigurations/appGatewayPrivateFrontendIP'')]"},
      "FrontendPort": {"Id": "[concat(variables(''appGwID''), ''/frontendPorts/appGatewayFrontendPort'')]"},
      "Protocol": "http", "SslCertificate": null}}], "sku": {"name": "Standard_Medium",
      "tier": "Standard", "capacity": 2}, "requestRoutingRules": [{"Name": "rule1",
      "properties": {"RuleType": "Basic", "httpListener": {"id": "[concat(variables(''appGwID''),
      ''/httpListeners/appGatewayHttpListener'')]"}, "backendAddressPool": {"id":
      "[concat(variables(''appGwID''), ''/backendAddressPools/appGatewayBackendPool'')]"},
      "backendHttpSettings": {"id": "[concat(variables(''appGwID''), ''/backendHttpSettingsCollection/appGatewayBackendHttpSettings'')]"}}}],
      "privateLinkConfigurations": []}, "zones": null}], "outputs": {"applicationGateway":
      {"type": "object", "value": "[reference(''ag1'')]"}}}, "parameters": {}, "mode":
      "Incremental"}}'
    headers:
      Accept:
      - application/json
      Accept-Encoding:
      - gzip, deflate
      CommandName:
      - network application-gateway create
      Connection:
      - keep-alive
      Content-Length:
      - '2511'
      Content-Type:
      - application/json; charset=utf-8
      ParameterSetName:
      - -g -n --vnet-name --subnet --no-wait
      User-Agent:
      - python/3.7.4 (Linux-4.15.0-122-generic-x86_64-with-debian-buster-sid) msrest/0.6.18
        msrest_azure/0.6.3 azure-mgmt-resource/10.2.0 Azure-SDK-For-Python AZURECLI/2.14.1
      accept-language:
      - en-US
    method: PUT
    uri: https://management.azure.com/subscriptions/00000000-0000-0000-0000-000000000000/resourcegroups/cli_test_nic_ag_address_pools000001/providers/Microsoft.Resources/deployments/mock-deployment?api-version=2020-06-01
  response:
    body:
      string: '{"id":"/subscriptions/00000000-0000-0000-0000-000000000000/resourceGroups/cli_test_nic_ag_address_pools000001/providers/Microsoft.Resources/deployments/ag_deploy_2DlOzqoEYoG2S6xNI2PVgJqoz1djKJZ7","name":"ag_deploy_2DlOzqoEYoG2S6xNI2PVgJqoz1djKJZ7","type":"Microsoft.Resources/deployments","properties":{"templateHash":"1897662581206721525","parameters":{},"mode":"Incremental","provisioningState":"Accepted","timestamp":"2020-11-12T08:50:59.7767827Z","duration":"PT2.388981S","correlationId":"adb3a306-ea6b-46a4-a74d-e8a1385f67a7","providers":[{"namespace":"Microsoft.Network","resourceTypes":[{"resourceType":"applicationGateways","locations":["westus"]}]}],"dependencies":[]}}'
    headers:
      azure-asyncoperation:
      - https://management.azure.com/subscriptions/00000000-0000-0000-0000-000000000000/resourcegroups/cli_test_nic_ag_address_pools000001/providers/Microsoft.Resources/deployments/ag_deploy_2DlOzqoEYoG2S6xNI2PVgJqoz1djKJZ7/operationStatuses/08585964358280898076?api-version=2020-06-01
      cache-control:
      - no-cache
      content-length:
      - '718'
      content-type:
      - application/json; charset=utf-8
      date:
      - Thu, 12 Nov 2020 08:51:00 GMT
      expires:
      - '-1'
      pragma:
      - no-cache
      strict-transport-security:
      - max-age=31536000; includeSubDomains
      x-content-type-options:
      - nosniff
      x-ms-ratelimit-remaining-subscription-writes:
      - '1186'
    status:
      code: 201
      message: Created
- request:
    body: null
    headers:
      Accept:
      - application/json
      Accept-Encoding:
      - gzip, deflate
      CommandName:
      - network application-gateway wait
      Connection:
      - keep-alive
      ParameterSetName:
      - -g -n --exists --timeout
      User-Agent:
      - python/3.7.4 (Linux-4.15.0-122-generic-x86_64-with-debian-buster-sid) msrest/0.6.18
        msrest_azure/0.6.3 azure-mgmt-network/12.0.0 Azure-SDK-For-Python AZURECLI/2.14.1
      accept-language:
      - en-US
    method: GET
    uri: https://management.azure.com/subscriptions/00000000-0000-0000-0000-000000000000/resourceGroups/cli_test_nic_ag_address_pools000001/providers/Microsoft.Network/applicationGateways/ag1?api-version=2020-06-01
  response:
    body:
      string: '{"error":{"code":"ResourceNotFound","message":"The Resource ''Microsoft.Network/applicationGateways/ag1''
        under resource group ''cli_test_nic_ag_address_pools000001'' was not found.
        For more details please go to https://aka.ms/ARMResourceNotFoundFix"}}'
    headers:
      cache-control:
      - no-cache
      content-length:
      - '288'
      content-type:
      - application/json; charset=utf-8
      date:
      - Thu, 12 Nov 2020 08:51:01 GMT
      expires:
      - '-1'
      pragma:
      - no-cache
      strict-transport-security:
      - max-age=31536000; includeSubDomains
      x-content-type-options:
      - nosniff
      x-ms-failure-cause:
      - gateway
    status:
      code: 404
      message: Not Found
- request:
    body: null
    headers:
      Accept:
      - application/json
      Accept-Encoding:
      - gzip, deflate
      CommandName:
      - network application-gateway wait
      Connection:
      - keep-alive
      ParameterSetName:
      - -g -n --exists --timeout
      User-Agent:
      - python/3.7.4 (Linux-4.15.0-122-generic-x86_64-with-debian-buster-sid) msrest/0.6.18
        msrest_azure/0.6.3 azure-mgmt-network/12.0.0 Azure-SDK-For-Python AZURECLI/2.14.1
      accept-language:
      - en-US
    method: GET
    uri: https://management.azure.com/subscriptions/00000000-0000-0000-0000-000000000000/resourceGroups/cli_test_nic_ag_address_pools000001/providers/Microsoft.Network/applicationGateways/ag1?api-version=2020-06-01
  response:
    body:
      string: "{\r\n  \"name\": \"ag1\",\r\n  \"id\": \"/subscriptions/00000000-0000-0000-0000-000000000000/resourceGroups/cli_test_nic_ag_address_pools000001/providers/Microsoft.Network/applicationGateways/ag1\"\
        ,\r\n  \"etag\": \"W/\\\"c9441e85-7ea2-4c72-bf8f-0cf01ca55793\\\"\",\r\n \
        \ \"type\": \"Microsoft.Network/applicationGateways\",\r\n  \"location\":\
        \ \"westus\",\r\n  \"tags\": {},\r\n  \"properties\": {\r\n    \"provisioningState\"\
        : \"Updating\",\r\n    \"resourceGuid\": \"febc772b-8541-4a5f-9bc3-8191401dcd0c\"\
        ,\r\n    \"sku\": {\r\n      \"name\": \"Standard_Medium\",\r\n      \"tier\"\
        : \"Standard\",\r\n      \"capacity\": 2\r\n    },\r\n    \"operationalState\"\
        : \"Stopped\",\r\n    \"gatewayIPConfigurations\": [\r\n      {\r\n      \
        \  \"name\": \"appGatewayPrivateFrontendIP\",\r\n        \"id\": \"/subscriptions/00000000-0000-0000-0000-000000000000/resourceGroups/cli_test_nic_ag_address_pools000001/providers/Microsoft.Network/applicationGateways/ag1/gatewayIPConfigurations/appGatewayPrivateFrontendIP\"\
        ,\r\n        \"etag\": \"W/\\\"c9441e85-7ea2-4c72-bf8f-0cf01ca55793\\\"\"\
        ,\r\n        \"properties\": {\r\n          \"provisioningState\": \"Updating\"\
        ,\r\n          \"subnet\": {\r\n            \"id\": \"/subscriptions/00000000-0000-0000-0000-000000000000/resourceGroups/cli_test_nic_ag_address_pools000001/providers/Microsoft.Network/virtualNetworks/vnet1/subnets/subnet1\"\
        \r\n          }\r\n        },\r\n        \"type\": \"Microsoft.Network/applicationGateways/gatewayIPConfigurations\"\
        \r\n      }\r\n    ],\r\n    \"sslCertificates\": [],\r\n    \"authenticationCertificates\"\
        : [],\r\n    \"frontendIPConfigurations\": [\r\n      {\r\n        \"name\"\
        : \"appGatewayPrivateFrontendIP\",\r\n        \"id\": \"/subscriptions/00000000-0000-0000-0000-000000000000/resourceGroups/cli_test_nic_ag_address_pools000001/providers/Microsoft.Network/applicationGateways/ag1/frontendIPConfigurations/appGatewayPrivateFrontendIP\"\
        ,\r\n        \"etag\": \"W/\\\"c9441e85-7ea2-4c72-bf8f-0cf01ca55793\\\"\"\
        ,\r\n        \"type\": \"Microsoft.Network/applicationGateways/frontendIPConfigurations\"\
        ,\r\n        \"properties\": {\r\n          \"provisioningState\": \"Updating\"\
        ,\r\n          \"privateIPAllocationMethod\": \"Dynamic\",\r\n          \"\
        subnet\": {\r\n            \"id\": \"/subscriptions/00000000-0000-0000-0000-000000000000/resourceGroups/cli_test_nic_ag_address_pools000001/providers/Microsoft.Network/virtualNetworks/vnet1/subnets/subnet1\"\
        \r\n          },\r\n          \"httpListeners\": [\r\n            {\r\n  \
        \            \"id\": \"/subscriptions/00000000-0000-0000-0000-000000000000/resourceGroups/cli_test_nic_ag_address_pools000001/providers/Microsoft.Network/applicationGateways/ag1/httpListeners/appGatewayHttpListener\"\
        \r\n            }\r\n          ]\r\n        }\r\n      }\r\n    ],\r\n   \
        \ \"frontendPorts\": [\r\n      {\r\n        \"name\": \"appGatewayFrontendPort\"\
        ,\r\n        \"id\": \"/subscriptions/00000000-0000-0000-0000-000000000000/resourceGroups/cli_test_nic_ag_address_pools000001/providers/Microsoft.Network/applicationGateways/ag1/frontendPorts/appGatewayFrontendPort\"\
        ,\r\n        \"etag\": \"W/\\\"c9441e85-7ea2-4c72-bf8f-0cf01ca55793\\\"\"\
        ,\r\n        \"properties\": {\r\n          \"provisioningState\": \"Updating\"\
        ,\r\n          \"port\": 80,\r\n          \"httpListeners\": [\r\n       \
        \     {\r\n              \"id\": \"/subscriptions/00000000-0000-0000-0000-000000000000/resourceGroups/cli_test_nic_ag_address_pools000001/providers/Microsoft.Network/applicationGateways/ag1/httpListeners/appGatewayHttpListener\"\
        \r\n            }\r\n          ]\r\n        },\r\n        \"type\": \"Microsoft.Network/applicationGateways/frontendPorts\"\
        \r\n      }\r\n    ],\r\n    \"backendAddressPools\": [\r\n      {\r\n   \
        \     \"name\": \"appGatewayBackendPool\",\r\n        \"id\": \"/subscriptions/00000000-0000-0000-0000-000000000000/resourceGroups/cli_test_nic_ag_address_pools000001/providers/Microsoft.Network/applicationGateways/ag1/backendAddressPools/appGatewayBackendPool\"\
        ,\r\n        \"etag\": \"W/\\\"c9441e85-7ea2-4c72-bf8f-0cf01ca55793\\\"\"\
        ,\r\n        \"properties\": {\r\n          \"provisioningState\": \"Updating\"\
        ,\r\n          \"backendAddresses\": [],\r\n          \"requestRoutingRules\"\
        : [\r\n            {\r\n              \"id\": \"/subscriptions/00000000-0000-0000-0000-000000000000/resourceGroups/cli_test_nic_ag_address_pools000001/providers/Microsoft.Network/applicationGateways/ag1/requestRoutingRules/rule1\"\
        \r\n            }\r\n          ]\r\n        },\r\n        \"type\": \"Microsoft.Network/applicationGateways/backendAddressPools\"\
        \r\n      }\r\n    ],\r\n    \"backendHttpSettingsCollection\": [\r\n    \
        \  {\r\n        \"name\": \"appGatewayBackendHttpSettings\",\r\n        \"\
        id\": \"/subscriptions/00000000-0000-0000-0000-000000000000/resourceGroups/cli_test_nic_ag_address_pools000001/providers/Microsoft.Network/applicationGateways/ag1/backendHttpSettingsCollection/appGatewayBackendHttpSettings\"\
        ,\r\n        \"etag\": \"W/\\\"c9441e85-7ea2-4c72-bf8f-0cf01ca55793\\\"\"\
        ,\r\n        \"properties\": {\r\n          \"provisioningState\": \"Updating\"\
        ,\r\n          \"port\": 80,\r\n          \"protocol\": \"Http\",\r\n    \
        \      \"cookieBasedAffinity\": \"Disabled\",\r\n          \"connectionDraining\"\
        : {\r\n            \"enabled\": false,\r\n            \"drainTimeoutInSec\"\
        : 1\r\n          },\r\n          \"pickHostNameFromBackendAddress\": false,\r\
        \n          \"requestTimeout\": 30,\r\n          \"requestRoutingRules\":\
        \ [\r\n            {\r\n              \"id\": \"/subscriptions/00000000-0000-0000-0000-000000000000/resourceGroups/cli_test_nic_ag_address_pools000001/providers/Microsoft.Network/applicationGateways/ag1/requestRoutingRules/rule1\"\
        \r\n            }\r\n          ]\r\n        },\r\n        \"type\": \"Microsoft.Network/applicationGateways/backendHttpSettingsCollection\"\
        \r\n      }\r\n    ],\r\n    \"httpListeners\": [\r\n      {\r\n        \"\
        name\": \"appGatewayHttpListener\",\r\n        \"id\": \"/subscriptions/00000000-0000-0000-0000-000000000000/resourceGroups/cli_test_nic_ag_address_pools000001/providers/Microsoft.Network/applicationGateways/ag1/httpListeners/appGatewayHttpListener\"\
        ,\r\n        \"etag\": \"W/\\\"c9441e85-7ea2-4c72-bf8f-0cf01ca55793\\\"\"\
        ,\r\n        \"properties\": {\r\n          \"provisioningState\": \"Updating\"\
        ,\r\n          \"frontendIPConfiguration\": {\r\n            \"id\": \"/subscriptions/00000000-0000-0000-0000-000000000000/resourceGroups/cli_test_nic_ag_address_pools000001/providers/Microsoft.Network/applicationGateways/ag1/frontendIPConfigurations/appGatewayPrivateFrontendIP\"\
        \r\n          },\r\n          \"frontendPort\": {\r\n            \"id\": \"\
        /subscriptions/00000000-0000-0000-0000-000000000000/resourceGroups/cli_test_nic_ag_address_pools000001/providers/Microsoft.Network/applicationGateways/ag1/frontendPorts/appGatewayFrontendPort\"\
        \r\n          },\r\n          \"protocol\": \"Http\",\r\n          \"hostNames\"\
        : [],\r\n          \"requireServerNameIndication\": false,\r\n          \"\
        requestRoutingRules\": [\r\n            {\r\n              \"id\": \"/subscriptions/00000000-0000-0000-0000-000000000000/resourceGroups/cli_test_nic_ag_address_pools000001/providers/Microsoft.Network/applicationGateways/ag1/requestRoutingRules/rule1\"\
        \r\n            }\r\n          ]\r\n        },\r\n        \"type\": \"Microsoft.Network/applicationGateways/httpListeners\"\
        \r\n      }\r\n    ],\r\n    \"urlPathMaps\": [],\r\n    \"requestRoutingRules\"\
        : [\r\n      {\r\n        \"name\": \"rule1\",\r\n        \"id\": \"/subscriptions/00000000-0000-0000-0000-000000000000/resourceGroups/cli_test_nic_ag_address_pools000001/providers/Microsoft.Network/applicationGateways/ag1/requestRoutingRules/rule1\"\
        ,\r\n        \"etag\": \"W/\\\"c9441e85-7ea2-4c72-bf8f-0cf01ca55793\\\"\"\
        ,\r\n        \"properties\": {\r\n          \"provisioningState\": \"Updating\"\
        ,\r\n          \"ruleType\": \"Basic\",\r\n          \"httpListener\": {\r\
        \n            \"id\": \"/subscriptions/00000000-0000-0000-0000-000000000000/resourceGroups/cli_test_nic_ag_address_pools000001/providers/Microsoft.Network/applicationGateways/ag1/httpListeners/appGatewayHttpListener\"\
        \r\n          },\r\n          \"backendAddressPool\": {\r\n            \"\
        id\": \"/subscriptions/00000000-0000-0000-0000-000000000000/resourceGroups/cli_test_nic_ag_address_pools000001/providers/Microsoft.Network/applicationGateways/ag1/backendAddressPools/appGatewayBackendPool\"\
        \r\n          },\r\n          \"backendHttpSettings\": {\r\n            \"\
        id\": \"/subscriptions/00000000-0000-0000-0000-000000000000/resourceGroups/cli_test_nic_ag_address_pools000001/providers/Microsoft.Network/applicationGateways/ag1/backendHttpSettingsCollection/appGatewayBackendHttpSettings\"\
        \r\n          }\r\n        },\r\n        \"type\": \"Microsoft.Network/applicationGateways/requestRoutingRules\"\
        \r\n      }\r\n    ],\r\n    \"probes\": [],\r\n    \"rewriteRuleSets\": [],\r\
        \n    \"redirectConfigurations\": []\r\n  }\r\n}"
    headers:
      cache-control:
      - no-cache
      content-length:
      - '9119'
      content-type:
      - application/json; charset=utf-8
      date:
      - Thu, 12 Nov 2020 08:51:31 GMT
      etag:
      - W/"c9441e85-7ea2-4c72-bf8f-0cf01ca55793"
      expires:
      - '-1'
      pragma:
      - no-cache
      server:
      - Microsoft-HTTPAPI/2.0
      - Microsoft-HTTPAPI/2.0
      strict-transport-security:
      - max-age=31536000; includeSubDomains
      transfer-encoding:
      - chunked
      vary:
      - Accept-Encoding
      x-content-type-options:
      - nosniff
      x-ms-arm-service-request-id:
      - e8d96464-5b03-4bbf-8a56-4cc2bb6b36a3
    status:
      code: 200
      message: OK
- request:
    body: null
    headers:
      Accept:
      - application/json
      Accept-Encoding:
      - gzip, deflate
      CommandName:
      - network application-gateway address-pool create
      Connection:
      - keep-alive
      ParameterSetName:
      - -g --gateway-name -n --no-wait
      User-Agent:
      - python/3.7.4 (Linux-4.15.0-122-generic-x86_64-with-debian-buster-sid) msrest/0.6.18
        msrest_azure/0.6.3 azure-mgmt-network/12.0.0 Azure-SDK-For-Python AZURECLI/2.14.1
      accept-language:
      - en-US
    method: GET
    uri: https://management.azure.com/subscriptions/00000000-0000-0000-0000-000000000000/resourceGroups/cli_test_nic_ag_address_pools000001/providers/Microsoft.Network/applicationGateways/ag1?api-version=2020-06-01
  response:
    body:
      string: "{\r\n  \"name\": \"ag1\",\r\n  \"id\": \"/subscriptions/00000000-0000-0000-0000-000000000000/resourceGroups/cli_test_nic_ag_address_pools000001/providers/Microsoft.Network/applicationGateways/ag1\"\
        ,\r\n  \"etag\": \"W/\\\"c9441e85-7ea2-4c72-bf8f-0cf01ca55793\\\"\",\r\n \
        \ \"type\": \"Microsoft.Network/applicationGateways\",\r\n  \"location\":\
        \ \"westus\",\r\n  \"tags\": {},\r\n  \"properties\": {\r\n    \"provisioningState\"\
        : \"Updating\",\r\n    \"resourceGuid\": \"febc772b-8541-4a5f-9bc3-8191401dcd0c\"\
        ,\r\n    \"sku\": {\r\n      \"name\": \"Standard_Medium\",\r\n      \"tier\"\
        : \"Standard\",\r\n      \"capacity\": 2\r\n    },\r\n    \"operationalState\"\
        : \"Stopped\",\r\n    \"gatewayIPConfigurations\": [\r\n      {\r\n      \
        \  \"name\": \"appGatewayPrivateFrontendIP\",\r\n        \"id\": \"/subscriptions/00000000-0000-0000-0000-000000000000/resourceGroups/cli_test_nic_ag_address_pools000001/providers/Microsoft.Network/applicationGateways/ag1/gatewayIPConfigurations/appGatewayPrivateFrontendIP\"\
        ,\r\n        \"etag\": \"W/\\\"c9441e85-7ea2-4c72-bf8f-0cf01ca55793\\\"\"\
        ,\r\n        \"properties\": {\r\n          \"provisioningState\": \"Updating\"\
        ,\r\n          \"subnet\": {\r\n            \"id\": \"/subscriptions/00000000-0000-0000-0000-000000000000/resourceGroups/cli_test_nic_ag_address_pools000001/providers/Microsoft.Network/virtualNetworks/vnet1/subnets/subnet1\"\
        \r\n          }\r\n        },\r\n        \"type\": \"Microsoft.Network/applicationGateways/gatewayIPConfigurations\"\
        \r\n      }\r\n    ],\r\n    \"sslCertificates\": [],\r\n    \"authenticationCertificates\"\
        : [],\r\n    \"frontendIPConfigurations\": [\r\n      {\r\n        \"name\"\
        : \"appGatewayPrivateFrontendIP\",\r\n        \"id\": \"/subscriptions/00000000-0000-0000-0000-000000000000/resourceGroups/cli_test_nic_ag_address_pools000001/providers/Microsoft.Network/applicationGateways/ag1/frontendIPConfigurations/appGatewayPrivateFrontendIP\"\
        ,\r\n        \"etag\": \"W/\\\"c9441e85-7ea2-4c72-bf8f-0cf01ca55793\\\"\"\
        ,\r\n        \"type\": \"Microsoft.Network/applicationGateways/frontendIPConfigurations\"\
        ,\r\n        \"properties\": {\r\n          \"provisioningState\": \"Updating\"\
        ,\r\n          \"privateIPAllocationMethod\": \"Dynamic\",\r\n          \"\
        subnet\": {\r\n            \"id\": \"/subscriptions/00000000-0000-0000-0000-000000000000/resourceGroups/cli_test_nic_ag_address_pools000001/providers/Microsoft.Network/virtualNetworks/vnet1/subnets/subnet1\"\
        \r\n          },\r\n          \"httpListeners\": [\r\n            {\r\n  \
        \            \"id\": \"/subscriptions/00000000-0000-0000-0000-000000000000/resourceGroups/cli_test_nic_ag_address_pools000001/providers/Microsoft.Network/applicationGateways/ag1/httpListeners/appGatewayHttpListener\"\
        \r\n            }\r\n          ]\r\n        }\r\n      }\r\n    ],\r\n   \
        \ \"frontendPorts\": [\r\n      {\r\n        \"name\": \"appGatewayFrontendPort\"\
        ,\r\n        \"id\": \"/subscriptions/00000000-0000-0000-0000-000000000000/resourceGroups/cli_test_nic_ag_address_pools000001/providers/Microsoft.Network/applicationGateways/ag1/frontendPorts/appGatewayFrontendPort\"\
        ,\r\n        \"etag\": \"W/\\\"c9441e85-7ea2-4c72-bf8f-0cf01ca55793\\\"\"\
        ,\r\n        \"properties\": {\r\n          \"provisioningState\": \"Updating\"\
        ,\r\n          \"port\": 80,\r\n          \"httpListeners\": [\r\n       \
        \     {\r\n              \"id\": \"/subscriptions/00000000-0000-0000-0000-000000000000/resourceGroups/cli_test_nic_ag_address_pools000001/providers/Microsoft.Network/applicationGateways/ag1/httpListeners/appGatewayHttpListener\"\
        \r\n            }\r\n          ]\r\n        },\r\n        \"type\": \"Microsoft.Network/applicationGateways/frontendPorts\"\
        \r\n      }\r\n    ],\r\n    \"backendAddressPools\": [\r\n      {\r\n   \
        \     \"name\": \"appGatewayBackendPool\",\r\n        \"id\": \"/subscriptions/00000000-0000-0000-0000-000000000000/resourceGroups/cli_test_nic_ag_address_pools000001/providers/Microsoft.Network/applicationGateways/ag1/backendAddressPools/appGatewayBackendPool\"\
        ,\r\n        \"etag\": \"W/\\\"c9441e85-7ea2-4c72-bf8f-0cf01ca55793\\\"\"\
        ,\r\n        \"properties\": {\r\n          \"provisioningState\": \"Updating\"\
        ,\r\n          \"backendAddresses\": [],\r\n          \"requestRoutingRules\"\
        : [\r\n            {\r\n              \"id\": \"/subscriptions/00000000-0000-0000-0000-000000000000/resourceGroups/cli_test_nic_ag_address_pools000001/providers/Microsoft.Network/applicationGateways/ag1/requestRoutingRules/rule1\"\
        \r\n            }\r\n          ]\r\n        },\r\n        \"type\": \"Microsoft.Network/applicationGateways/backendAddressPools\"\
        \r\n      }\r\n    ],\r\n    \"backendHttpSettingsCollection\": [\r\n    \
        \  {\r\n        \"name\": \"appGatewayBackendHttpSettings\",\r\n        \"\
        id\": \"/subscriptions/00000000-0000-0000-0000-000000000000/resourceGroups/cli_test_nic_ag_address_pools000001/providers/Microsoft.Network/applicationGateways/ag1/backendHttpSettingsCollection/appGatewayBackendHttpSettings\"\
        ,\r\n        \"etag\": \"W/\\\"c9441e85-7ea2-4c72-bf8f-0cf01ca55793\\\"\"\
        ,\r\n        \"properties\": {\r\n          \"provisioningState\": \"Updating\"\
        ,\r\n          \"port\": 80,\r\n          \"protocol\": \"Http\",\r\n    \
        \      \"cookieBasedAffinity\": \"Disabled\",\r\n          \"connectionDraining\"\
        : {\r\n            \"enabled\": false,\r\n            \"drainTimeoutInSec\"\
        : 1\r\n          },\r\n          \"pickHostNameFromBackendAddress\": false,\r\
        \n          \"requestTimeout\": 30,\r\n          \"requestRoutingRules\":\
        \ [\r\n            {\r\n              \"id\": \"/subscriptions/00000000-0000-0000-0000-000000000000/resourceGroups/cli_test_nic_ag_address_pools000001/providers/Microsoft.Network/applicationGateways/ag1/requestRoutingRules/rule1\"\
        \r\n            }\r\n          ]\r\n        },\r\n        \"type\": \"Microsoft.Network/applicationGateways/backendHttpSettingsCollection\"\
        \r\n      }\r\n    ],\r\n    \"httpListeners\": [\r\n      {\r\n        \"\
        name\": \"appGatewayHttpListener\",\r\n        \"id\": \"/subscriptions/00000000-0000-0000-0000-000000000000/resourceGroups/cli_test_nic_ag_address_pools000001/providers/Microsoft.Network/applicationGateways/ag1/httpListeners/appGatewayHttpListener\"\
        ,\r\n        \"etag\": \"W/\\\"c9441e85-7ea2-4c72-bf8f-0cf01ca55793\\\"\"\
        ,\r\n        \"properties\": {\r\n          \"provisioningState\": \"Updating\"\
        ,\r\n          \"frontendIPConfiguration\": {\r\n            \"id\": \"/subscriptions/00000000-0000-0000-0000-000000000000/resourceGroups/cli_test_nic_ag_address_pools000001/providers/Microsoft.Network/applicationGateways/ag1/frontendIPConfigurations/appGatewayPrivateFrontendIP\"\
        \r\n          },\r\n          \"frontendPort\": {\r\n            \"id\": \"\
        /subscriptions/00000000-0000-0000-0000-000000000000/resourceGroups/cli_test_nic_ag_address_pools000001/providers/Microsoft.Network/applicationGateways/ag1/frontendPorts/appGatewayFrontendPort\"\
        \r\n          },\r\n          \"protocol\": \"Http\",\r\n          \"hostNames\"\
        : [],\r\n          \"requireServerNameIndication\": false,\r\n          \"\
        requestRoutingRules\": [\r\n            {\r\n              \"id\": \"/subscriptions/00000000-0000-0000-0000-000000000000/resourceGroups/cli_test_nic_ag_address_pools000001/providers/Microsoft.Network/applicationGateways/ag1/requestRoutingRules/rule1\"\
        \r\n            }\r\n          ]\r\n        },\r\n        \"type\": \"Microsoft.Network/applicationGateways/httpListeners\"\
        \r\n      }\r\n    ],\r\n    \"urlPathMaps\": [],\r\n    \"requestRoutingRules\"\
        : [\r\n      {\r\n        \"name\": \"rule1\",\r\n        \"id\": \"/subscriptions/00000000-0000-0000-0000-000000000000/resourceGroups/cli_test_nic_ag_address_pools000001/providers/Microsoft.Network/applicationGateways/ag1/requestRoutingRules/rule1\"\
        ,\r\n        \"etag\": \"W/\\\"c9441e85-7ea2-4c72-bf8f-0cf01ca55793\\\"\"\
        ,\r\n        \"properties\": {\r\n          \"provisioningState\": \"Updating\"\
        ,\r\n          \"ruleType\": \"Basic\",\r\n          \"httpListener\": {\r\
        \n            \"id\": \"/subscriptions/00000000-0000-0000-0000-000000000000/resourceGroups/cli_test_nic_ag_address_pools000001/providers/Microsoft.Network/applicationGateways/ag1/httpListeners/appGatewayHttpListener\"\
        \r\n          },\r\n          \"backendAddressPool\": {\r\n            \"\
        id\": \"/subscriptions/00000000-0000-0000-0000-000000000000/resourceGroups/cli_test_nic_ag_address_pools000001/providers/Microsoft.Network/applicationGateways/ag1/backendAddressPools/appGatewayBackendPool\"\
        \r\n          },\r\n          \"backendHttpSettings\": {\r\n            \"\
        id\": \"/subscriptions/00000000-0000-0000-0000-000000000000/resourceGroups/cli_test_nic_ag_address_pools000001/providers/Microsoft.Network/applicationGateways/ag1/backendHttpSettingsCollection/appGatewayBackendHttpSettings\"\
        \r\n          }\r\n        },\r\n        \"type\": \"Microsoft.Network/applicationGateways/requestRoutingRules\"\
        \r\n      }\r\n    ],\r\n    \"probes\": [],\r\n    \"rewriteRuleSets\": [],\r\
        \n    \"redirectConfigurations\": []\r\n  }\r\n}"
    headers:
      cache-control:
      - no-cache
      content-length:
      - '9119'
      content-type:
      - application/json; charset=utf-8
      date:
      - Thu, 12 Nov 2020 08:51:32 GMT
      etag:
      - W/"c9441e85-7ea2-4c72-bf8f-0cf01ca55793"
      expires:
      - '-1'
      pragma:
      - no-cache
      server:
      - Microsoft-HTTPAPI/2.0
      - Microsoft-HTTPAPI/2.0
      strict-transport-security:
      - max-age=31536000; includeSubDomains
      transfer-encoding:
      - chunked
      vary:
      - Accept-Encoding
      x-content-type-options:
      - nosniff
      x-ms-arm-service-request-id:
      - 067104fb-7fc3-44e1-8443-168d8aa28f74
    status:
      code: 200
      message: OK
- request:
    body: '{"id": "/subscriptions/00000000-0000-0000-0000-000000000000/resourceGroups/cli_test_nic_ag_address_pools000001/providers/Microsoft.Network/applicationGateways/ag1",
      "location": "westus", "tags": {}, "properties": {"sku": {"name": "Standard_Medium",
      "tier": "Standard", "capacity": 2}, "gatewayIPConfigurations": [{"id": "/subscriptions/00000000-0000-0000-0000-000000000000/resourceGroups/cli_test_nic_ag_address_pools000001/providers/Microsoft.Network/applicationGateways/ag1/gatewayIPConfigurations/appGatewayPrivateFrontendIP",
      "properties": {"subnet": {"id": "/subscriptions/00000000-0000-0000-0000-000000000000/resourceGroups/cli_test_nic_ag_address_pools000001/providers/Microsoft.Network/virtualNetworks/vnet1/subnets/subnet1"}},
      "name": "appGatewayPrivateFrontendIP"}], "authenticationCertificates": [], "sslCertificates":
      [], "frontendIPConfigurations": [{"id": "/subscriptions/00000000-0000-0000-0000-000000000000/resourceGroups/cli_test_nic_ag_address_pools000001/providers/Microsoft.Network/applicationGateways/ag1/frontendIPConfigurations/appGatewayPrivateFrontendIP",
      "properties": {"privateIPAllocationMethod": "Dynamic", "subnet": {"id": "/subscriptions/00000000-0000-0000-0000-000000000000/resourceGroups/cli_test_nic_ag_address_pools000001/providers/Microsoft.Network/virtualNetworks/vnet1/subnets/subnet1"}},
      "name": "appGatewayPrivateFrontendIP"}], "frontendPorts": [{"id": "/subscriptions/00000000-0000-0000-0000-000000000000/resourceGroups/cli_test_nic_ag_address_pools000001/providers/Microsoft.Network/applicationGateways/ag1/frontendPorts/appGatewayFrontendPort",
      "properties": {"port": 80}, "name": "appGatewayFrontendPort"}], "probes": [],
      "backendAddressPools": [{"id": "/subscriptions/00000000-0000-0000-0000-000000000000/resourceGroups/cli_test_nic_ag_address_pools000001/providers/Microsoft.Network/applicationGateways/ag1/backendAddressPools/appGatewayBackendPool",
      "properties": {"backendAddresses": []}, "name": "appGatewayBackendPool"}, {"name":
      "pool1"}], "backendHttpSettingsCollection": [{"id": "/subscriptions/00000000-0000-0000-0000-000000000000/resourceGroups/cli_test_nic_ag_address_pools000001/providers/Microsoft.Network/applicationGateways/ag1/backendHttpSettingsCollection/appGatewayBackendHttpSettings",
      "properties": {"port": 80, "protocol": "Http", "cookieBasedAffinity": "Disabled",
      "requestTimeout": 30, "connectionDraining": {"enabled": false, "drainTimeoutInSec":
      1}, "pickHostNameFromBackendAddress": false}, "name": "appGatewayBackendHttpSettings"}],
      "httpListeners": [{"id": "/subscriptions/00000000-0000-0000-0000-000000000000/resourceGroups/cli_test_nic_ag_address_pools000001/providers/Microsoft.Network/applicationGateways/ag1/httpListeners/appGatewayHttpListener",
      "properties": {"frontendIPConfiguration": {"id": "/subscriptions/00000000-0000-0000-0000-000000000000/resourceGroups/cli_test_nic_ag_address_pools000001/providers/Microsoft.Network/applicationGateways/ag1/frontendIPConfigurations/appGatewayPrivateFrontendIP"},
      "frontendPort": {"id": "/subscriptions/00000000-0000-0000-0000-000000000000/resourceGroups/cli_test_nic_ag_address_pools000001/providers/Microsoft.Network/applicationGateways/ag1/frontendPorts/appGatewayFrontendPort"},
      "protocol": "Http", "requireServerNameIndication": false, "hostNames": []},
      "name": "appGatewayHttpListener"}], "urlPathMaps": [], "requestRoutingRules":
      [{"id": "/subscriptions/00000000-0000-0000-0000-000000000000/resourceGroups/cli_test_nic_ag_address_pools000001/providers/Microsoft.Network/applicationGateways/ag1/requestRoutingRules/rule1",
      "properties": {"ruleType": "Basic", "backendAddressPool": {"id": "/subscriptions/00000000-0000-0000-0000-000000000000/resourceGroups/cli_test_nic_ag_address_pools000001/providers/Microsoft.Network/applicationGateways/ag1/backendAddressPools/appGatewayBackendPool"},
      "backendHttpSettings": {"id": "/subscriptions/00000000-0000-0000-0000-000000000000/resourceGroups/cli_test_nic_ag_address_pools000001/providers/Microsoft.Network/applicationGateways/ag1/backendHttpSettingsCollection/appGatewayBackendHttpSettings"},
      "httpListener": {"id": "/subscriptions/00000000-0000-0000-0000-000000000000/resourceGroups/cli_test_nic_ag_address_pools000001/providers/Microsoft.Network/applicationGateways/ag1/httpListeners/appGatewayHttpListener"}},
      "name": "rule1"}], "rewriteRuleSets": [], "redirectConfigurations": []}}'
    headers:
      Accept:
      - application/json
      Accept-Encoding:
      - gzip, deflate
      CommandName:
      - network application-gateway address-pool create
      Connection:
      - keep-alive
      Content-Length:
      - '4958'
      Content-Type:
      - application/json; charset=utf-8
      ParameterSetName:
      - -g --gateway-name -n --no-wait
      User-Agent:
      - python/3.7.4 (Linux-4.15.0-122-generic-x86_64-with-debian-buster-sid) msrest/0.6.18
        msrest_azure/0.6.3 azure-mgmt-network/12.0.0 Azure-SDK-For-Python AZURECLI/2.14.1
      accept-language:
      - en-US
    method: PUT
    uri: https://management.azure.com/subscriptions/00000000-0000-0000-0000-000000000000/resourceGroups/cli_test_nic_ag_address_pools000001/providers/Microsoft.Network/applicationGateways/ag1?api-version=2020-06-01
  response:
    body:
      string: "{\r\n  \"name\": \"ag1\",\r\n  \"id\": \"/subscriptions/00000000-0000-0000-0000-000000000000/resourceGroups/cli_test_nic_ag_address_pools000001/providers/Microsoft.Network/applicationGateways/ag1\"\
        ,\r\n  \"etag\": \"W/\\\"aee4e9d5-2914-4b34-8997-a913e9dbbf12\\\"\",\r\n \
        \ \"type\": \"Microsoft.Network/applicationGateways\",\r\n  \"location\":\
        \ \"westus\",\r\n  \"tags\": {},\r\n  \"properties\": {\r\n    \"provisioningState\"\
        : \"Updating\",\r\n    \"resourceGuid\": \"febc772b-8541-4a5f-9bc3-8191401dcd0c\"\
        ,\r\n    \"sku\": {\r\n      \"name\": \"Standard_Medium\",\r\n      \"tier\"\
        : \"Standard\",\r\n      \"capacity\": 2\r\n    },\r\n    \"operationalState\"\
        : \"Stopped\",\r\n    \"gatewayIPConfigurations\": [\r\n      {\r\n      \
        \  \"name\": \"appGatewayPrivateFrontendIP\",\r\n        \"id\": \"/subscriptions/00000000-0000-0000-0000-000000000000/resourceGroups/cli_test_nic_ag_address_pools000001/providers/Microsoft.Network/applicationGateways/ag1/gatewayIPConfigurations/appGatewayPrivateFrontendIP\"\
        ,\r\n        \"etag\": \"W/\\\"aee4e9d5-2914-4b34-8997-a913e9dbbf12\\\"\"\
        ,\r\n        \"properties\": {\r\n          \"provisioningState\": \"Updating\"\
        ,\r\n          \"subnet\": {\r\n            \"id\": \"/subscriptions/00000000-0000-0000-0000-000000000000/resourceGroups/cli_test_nic_ag_address_pools000001/providers/Microsoft.Network/virtualNetworks/vnet1/subnets/subnet1\"\
        \r\n          }\r\n        },\r\n        \"type\": \"Microsoft.Network/applicationGateways/gatewayIPConfigurations\"\
        \r\n      }\r\n    ],\r\n    \"sslCertificates\": [],\r\n    \"authenticationCertificates\"\
        : [],\r\n    \"frontendIPConfigurations\": [\r\n      {\r\n        \"name\"\
        : \"appGatewayPrivateFrontendIP\",\r\n        \"id\": \"/subscriptions/00000000-0000-0000-0000-000000000000/resourceGroups/cli_test_nic_ag_address_pools000001/providers/Microsoft.Network/applicationGateways/ag1/frontendIPConfigurations/appGatewayPrivateFrontendIP\"\
        ,\r\n        \"etag\": \"W/\\\"aee4e9d5-2914-4b34-8997-a913e9dbbf12\\\"\"\
        ,\r\n        \"type\": \"Microsoft.Network/applicationGateways/frontendIPConfigurations\"\
        ,\r\n        \"properties\": {\r\n          \"provisioningState\": \"Updating\"\
        ,\r\n          \"privateIPAllocationMethod\": \"Dynamic\",\r\n          \"\
        subnet\": {\r\n            \"id\": \"/subscriptions/00000000-0000-0000-0000-000000000000/resourceGroups/cli_test_nic_ag_address_pools000001/providers/Microsoft.Network/virtualNetworks/vnet1/subnets/subnet1\"\
        \r\n          },\r\n          \"httpListeners\": [\r\n            {\r\n  \
        \            \"id\": \"/subscriptions/00000000-0000-0000-0000-000000000000/resourceGroups/cli_test_nic_ag_address_pools000001/providers/Microsoft.Network/applicationGateways/ag1/httpListeners/appGatewayHttpListener\"\
        \r\n            }\r\n          ]\r\n        }\r\n      }\r\n    ],\r\n   \
        \ \"frontendPorts\": [\r\n      {\r\n        \"name\": \"appGatewayFrontendPort\"\
        ,\r\n        \"id\": \"/subscriptions/00000000-0000-0000-0000-000000000000/resourceGroups/cli_test_nic_ag_address_pools000001/providers/Microsoft.Network/applicationGateways/ag1/frontendPorts/appGatewayFrontendPort\"\
        ,\r\n        \"etag\": \"W/\\\"aee4e9d5-2914-4b34-8997-a913e9dbbf12\\\"\"\
        ,\r\n        \"properties\": {\r\n          \"provisioningState\": \"Updating\"\
        ,\r\n          \"port\": 80,\r\n          \"httpListeners\": [\r\n       \
        \     {\r\n              \"id\": \"/subscriptions/00000000-0000-0000-0000-000000000000/resourceGroups/cli_test_nic_ag_address_pools000001/providers/Microsoft.Network/applicationGateways/ag1/httpListeners/appGatewayHttpListener\"\
        \r\n            }\r\n          ]\r\n        },\r\n        \"type\": \"Microsoft.Network/applicationGateways/frontendPorts\"\
        \r\n      }\r\n    ],\r\n    \"backendAddressPools\": [\r\n      {\r\n   \
        \     \"name\": \"appGatewayBackendPool\",\r\n        \"id\": \"/subscriptions/00000000-0000-0000-0000-000000000000/resourceGroups/cli_test_nic_ag_address_pools000001/providers/Microsoft.Network/applicationGateways/ag1/backendAddressPools/appGatewayBackendPool\"\
        ,\r\n        \"etag\": \"W/\\\"aee4e9d5-2914-4b34-8997-a913e9dbbf12\\\"\"\
        ,\r\n        \"properties\": {\r\n          \"provisioningState\": \"Updating\"\
        ,\r\n          \"backendAddresses\": [],\r\n          \"requestRoutingRules\"\
        : [\r\n            {\r\n              \"id\": \"/subscriptions/00000000-0000-0000-0000-000000000000/resourceGroups/cli_test_nic_ag_address_pools000001/providers/Microsoft.Network/applicationGateways/ag1/requestRoutingRules/rule1\"\
        \r\n            }\r\n          ]\r\n        },\r\n        \"type\": \"Microsoft.Network/applicationGateways/backendAddressPools\"\
        \r\n      },\r\n      {\r\n        \"name\": \"pool1\",\r\n        \"id\"\
        : \"/subscriptions/00000000-0000-0000-0000-000000000000/resourceGroups/cli_test_nic_ag_address_pools000001/providers/Microsoft.Network/applicationGateways/ag1/backendAddressPools/pool1\"\
        ,\r\n        \"etag\": \"W/\\\"aee4e9d5-2914-4b34-8997-a913e9dbbf12\\\"\"\
        ,\r\n        \"properties\": {\r\n          \"provisioningState\": \"Updating\"\
        ,\r\n          \"backendAddresses\": []\r\n        },\r\n        \"type\"\
        : \"Microsoft.Network/applicationGateways/backendAddressPools\"\r\n      }\r\
        \n    ],\r\n    \"backendHttpSettingsCollection\": [\r\n      {\r\n      \
        \  \"name\": \"appGatewayBackendHttpSettings\",\r\n        \"id\": \"/subscriptions/00000000-0000-0000-0000-000000000000/resourceGroups/cli_test_nic_ag_address_pools000001/providers/Microsoft.Network/applicationGateways/ag1/backendHttpSettingsCollection/appGatewayBackendHttpSettings\"\
        ,\r\n        \"etag\": \"W/\\\"aee4e9d5-2914-4b34-8997-a913e9dbbf12\\\"\"\
        ,\r\n        \"properties\": {\r\n          \"provisioningState\": \"Updating\"\
        ,\r\n          \"port\": 80,\r\n          \"protocol\": \"Http\",\r\n    \
        \      \"cookieBasedAffinity\": \"Disabled\",\r\n          \"connectionDraining\"\
        : {\r\n            \"enabled\": false,\r\n            \"drainTimeoutInSec\"\
        : 1\r\n          },\r\n          \"pickHostNameFromBackendAddress\": false,\r\
        \n          \"requestTimeout\": 30,\r\n          \"requestRoutingRules\":\
        \ [\r\n            {\r\n              \"id\": \"/subscriptions/00000000-0000-0000-0000-000000000000/resourceGroups/cli_test_nic_ag_address_pools000001/providers/Microsoft.Network/applicationGateways/ag1/requestRoutingRules/rule1\"\
        \r\n            }\r\n          ]\r\n        },\r\n        \"type\": \"Microsoft.Network/applicationGateways/backendHttpSettingsCollection\"\
        \r\n      }\r\n    ],\r\n    \"httpListeners\": [\r\n      {\r\n        \"\
        name\": \"appGatewayHttpListener\",\r\n        \"id\": \"/subscriptions/00000000-0000-0000-0000-000000000000/resourceGroups/cli_test_nic_ag_address_pools000001/providers/Microsoft.Network/applicationGateways/ag1/httpListeners/appGatewayHttpListener\"\
        ,\r\n        \"etag\": \"W/\\\"aee4e9d5-2914-4b34-8997-a913e9dbbf12\\\"\"\
        ,\r\n        \"properties\": {\r\n          \"provisioningState\": \"Updating\"\
        ,\r\n          \"frontendIPConfiguration\": {\r\n            \"id\": \"/subscriptions/00000000-0000-0000-0000-000000000000/resourceGroups/cli_test_nic_ag_address_pools000001/providers/Microsoft.Network/applicationGateways/ag1/frontendIPConfigurations/appGatewayPrivateFrontendIP\"\
        \r\n          },\r\n          \"frontendPort\": {\r\n            \"id\": \"\
        /subscriptions/00000000-0000-0000-0000-000000000000/resourceGroups/cli_test_nic_ag_address_pools000001/providers/Microsoft.Network/applicationGateways/ag1/frontendPorts/appGatewayFrontendPort\"\
        \r\n          },\r\n          \"protocol\": \"Http\",\r\n          \"hostNames\"\
        : [],\r\n          \"requireServerNameIndication\": false,\r\n          \"\
        requestRoutingRules\": [\r\n            {\r\n              \"id\": \"/subscriptions/00000000-0000-0000-0000-000000000000/resourceGroups/cli_test_nic_ag_address_pools000001/providers/Microsoft.Network/applicationGateways/ag1/requestRoutingRules/rule1\"\
        \r\n            }\r\n          ]\r\n        },\r\n        \"type\": \"Microsoft.Network/applicationGateways/httpListeners\"\
        \r\n      }\r\n    ],\r\n    \"urlPathMaps\": [],\r\n    \"requestRoutingRules\"\
        : [\r\n      {\r\n        \"name\": \"rule1\",\r\n        \"id\": \"/subscriptions/00000000-0000-0000-0000-000000000000/resourceGroups/cli_test_nic_ag_address_pools000001/providers/Microsoft.Network/applicationGateways/ag1/requestRoutingRules/rule1\"\
        ,\r\n        \"etag\": \"W/\\\"aee4e9d5-2914-4b34-8997-a913e9dbbf12\\\"\"\
        ,\r\n        \"properties\": {\r\n          \"provisioningState\": \"Updating\"\
        ,\r\n          \"ruleType\": \"Basic\",\r\n          \"httpListener\": {\r\
        \n            \"id\": \"/subscriptions/00000000-0000-0000-0000-000000000000/resourceGroups/cli_test_nic_ag_address_pools000001/providers/Microsoft.Network/applicationGateways/ag1/httpListeners/appGatewayHttpListener\"\
        \r\n          },\r\n          \"backendAddressPool\": {\r\n            \"\
        id\": \"/subscriptions/00000000-0000-0000-0000-000000000000/resourceGroups/cli_test_nic_ag_address_pools000001/providers/Microsoft.Network/applicationGateways/ag1/backendAddressPools/appGatewayBackendPool\"\
        \r\n          },\r\n          \"backendHttpSettings\": {\r\n            \"\
        id\": \"/subscriptions/00000000-0000-0000-0000-000000000000/resourceGroups/cli_test_nic_ag_address_pools000001/providers/Microsoft.Network/applicationGateways/ag1/backendHttpSettingsCollection/appGatewayBackendHttpSettings\"\
        \r\n          }\r\n        },\r\n        \"type\": \"Microsoft.Network/applicationGateways/requestRoutingRules\"\
        \r\n      }\r\n    ],\r\n    \"probes\": [],\r\n    \"rewriteRuleSets\": [],\r\
        \n    \"redirectConfigurations\": []\r\n  }\r\n}"
    headers:
      azure-asyncoperation:
      - https://management.azure.com/subscriptions/00000000-0000-0000-0000-000000000000/providers/Microsoft.Network/locations/westus/operations/a35351b7-d097-47bd-9a15-87d8c2febe61?api-version=2020-06-01
      cache-control:
      - no-cache
      content-length:
      - '9658'
      content-type:
      - application/json; charset=utf-8
      date:
      - Thu, 12 Nov 2020 08:51:33 GMT
      expires:
      - '-1'
      pragma:
      - no-cache
      server:
      - Microsoft-HTTPAPI/2.0
      - Microsoft-HTTPAPI/2.0
      strict-transport-security:
      - max-age=31536000; includeSubDomains
      transfer-encoding:
      - chunked
      vary:
      - Accept-Encoding
      x-content-type-options:
      - nosniff
      x-ms-arm-service-request-id:
      - 8b0cb7f1-a392-461c-897e-7ee93b807c47
      x-ms-ratelimit-remaining-subscription-writes:
      - '1185'
    status:
      code: 200
      message: OK
- request:
    body: null
    headers:
      Accept:
      - application/json
      Accept-Encoding:
      - gzip, deflate
      CommandName:
      - network application-gateway address-pool show
      Connection:
      - keep-alive
      ParameterSetName:
      - -g --gateway-name -n
      User-Agent:
      - python/3.7.4 (Linux-4.15.0-122-generic-x86_64-with-debian-buster-sid) msrest/0.6.18
        msrest_azure/0.6.3 azure-mgmt-network/12.0.0 Azure-SDK-For-Python AZURECLI/2.14.1
      accept-language:
      - en-US
    method: GET
    uri: https://management.azure.com/subscriptions/00000000-0000-0000-0000-000000000000/resourceGroups/cli_test_nic_ag_address_pools000001/providers/Microsoft.Network/applicationGateways/ag1?api-version=2020-06-01
  response:
    body:
      string: "{\r\n  \"name\": \"ag1\",\r\n  \"id\": \"/subscriptions/00000000-0000-0000-0000-000000000000/resourceGroups/cli_test_nic_ag_address_pools000001/providers/Microsoft.Network/applicationGateways/ag1\"\
        ,\r\n  \"etag\": \"W/\\\"6bada789-586c-4eaa-b12b-3bd2e1f41555\\\"\",\r\n \
        \ \"type\": \"Microsoft.Network/applicationGateways\",\r\n  \"location\":\
        \ \"westus\",\r\n  \"tags\": {},\r\n  \"properties\": {\r\n    \"provisioningState\"\
        : \"Updating\",\r\n    \"resourceGuid\": \"febc772b-8541-4a5f-9bc3-8191401dcd0c\"\
        ,\r\n    \"sku\": {\r\n      \"name\": \"Standard_Medium\",\r\n      \"tier\"\
        : \"Standard\",\r\n      \"capacity\": 2\r\n    },\r\n    \"operationalState\"\
        : \"Stopped\",\r\n    \"gatewayIPConfigurations\": [\r\n      {\r\n      \
        \  \"name\": \"appGatewayPrivateFrontendIP\",\r\n        \"id\": \"/subscriptions/00000000-0000-0000-0000-000000000000/resourceGroups/cli_test_nic_ag_address_pools000001/providers/Microsoft.Network/applicationGateways/ag1/gatewayIPConfigurations/appGatewayPrivateFrontendIP\"\
        ,\r\n        \"etag\": \"W/\\\"6bada789-586c-4eaa-b12b-3bd2e1f41555\\\"\"\
        ,\r\n        \"properties\": {\r\n          \"provisioningState\": \"Updating\"\
        ,\r\n          \"subnet\": {\r\n            \"id\": \"/subscriptions/00000000-0000-0000-0000-000000000000/resourceGroups/cli_test_nic_ag_address_pools000001/providers/Microsoft.Network/virtualNetworks/vnet1/subnets/subnet1\"\
        \r\n          }\r\n        },\r\n        \"type\": \"Microsoft.Network/applicationGateways/gatewayIPConfigurations\"\
        \r\n      }\r\n    ],\r\n    \"sslCertificates\": [],\r\n    \"authenticationCertificates\"\
        : [],\r\n    \"frontendIPConfigurations\": [\r\n      {\r\n        \"name\"\
        : \"appGatewayPrivateFrontendIP\",\r\n        \"id\": \"/subscriptions/00000000-0000-0000-0000-000000000000/resourceGroups/cli_test_nic_ag_address_pools000001/providers/Microsoft.Network/applicationGateways/ag1/frontendIPConfigurations/appGatewayPrivateFrontendIP\"\
        ,\r\n        \"etag\": \"W/\\\"6bada789-586c-4eaa-b12b-3bd2e1f41555\\\"\"\
        ,\r\n        \"type\": \"Microsoft.Network/applicationGateways/frontendIPConfigurations\"\
        ,\r\n        \"properties\": {\r\n          \"provisioningState\": \"Updating\"\
        ,\r\n          \"privateIPAllocationMethod\": \"Dynamic\",\r\n          \"\
        subnet\": {\r\n            \"id\": \"/subscriptions/00000000-0000-0000-0000-000000000000/resourceGroups/cli_test_nic_ag_address_pools000001/providers/Microsoft.Network/virtualNetworks/vnet1/subnets/subnet1\"\
        \r\n          },\r\n          \"httpListeners\": [\r\n            {\r\n  \
        \            \"id\": \"/subscriptions/00000000-0000-0000-0000-000000000000/resourceGroups/cli_test_nic_ag_address_pools000001/providers/Microsoft.Network/applicationGateways/ag1/httpListeners/appGatewayHttpListener\"\
        \r\n            }\r\n          ]\r\n        }\r\n      }\r\n    ],\r\n   \
        \ \"frontendPorts\": [\r\n      {\r\n        \"name\": \"appGatewayFrontendPort\"\
        ,\r\n        \"id\": \"/subscriptions/00000000-0000-0000-0000-000000000000/resourceGroups/cli_test_nic_ag_address_pools000001/providers/Microsoft.Network/applicationGateways/ag1/frontendPorts/appGatewayFrontendPort\"\
        ,\r\n        \"etag\": \"W/\\\"6bada789-586c-4eaa-b12b-3bd2e1f41555\\\"\"\
        ,\r\n        \"properties\": {\r\n          \"provisioningState\": \"Updating\"\
        ,\r\n          \"port\": 80,\r\n          \"httpListeners\": [\r\n       \
        \     {\r\n              \"id\": \"/subscriptions/00000000-0000-0000-0000-000000000000/resourceGroups/cli_test_nic_ag_address_pools000001/providers/Microsoft.Network/applicationGateways/ag1/httpListeners/appGatewayHttpListener\"\
        \r\n            }\r\n          ]\r\n        },\r\n        \"type\": \"Microsoft.Network/applicationGateways/frontendPorts\"\
        \r\n      }\r\n    ],\r\n    \"backendAddressPools\": [\r\n      {\r\n   \
        \     \"name\": \"appGatewayBackendPool\",\r\n        \"id\": \"/subscriptions/00000000-0000-0000-0000-000000000000/resourceGroups/cli_test_nic_ag_address_pools000001/providers/Microsoft.Network/applicationGateways/ag1/backendAddressPools/appGatewayBackendPool\"\
        ,\r\n        \"etag\": \"W/\\\"6bada789-586c-4eaa-b12b-3bd2e1f41555\\\"\"\
        ,\r\n        \"properties\": {\r\n          \"provisioningState\": \"Updating\"\
        ,\r\n          \"backendAddresses\": [],\r\n          \"requestRoutingRules\"\
        : [\r\n            {\r\n              \"id\": \"/subscriptions/00000000-0000-0000-0000-000000000000/resourceGroups/cli_test_nic_ag_address_pools000001/providers/Microsoft.Network/applicationGateways/ag1/requestRoutingRules/rule1\"\
        \r\n            }\r\n          ]\r\n        },\r\n        \"type\": \"Microsoft.Network/applicationGateways/backendAddressPools\"\
        \r\n      },\r\n      {\r\n        \"name\": \"pool1\",\r\n        \"id\"\
        : \"/subscriptions/00000000-0000-0000-0000-000000000000/resourceGroups/cli_test_nic_ag_address_pools000001/providers/Microsoft.Network/applicationGateways/ag1/backendAddressPools/pool1\"\
        ,\r\n        \"etag\": \"W/\\\"6bada789-586c-4eaa-b12b-3bd2e1f41555\\\"\"\
        ,\r\n        \"properties\": {\r\n          \"provisioningState\": \"Updating\"\
        ,\r\n          \"backendAddresses\": []\r\n        },\r\n        \"type\"\
        : \"Microsoft.Network/applicationGateways/backendAddressPools\"\r\n      }\r\
        \n    ],\r\n    \"backendHttpSettingsCollection\": [\r\n      {\r\n      \
        \  \"name\": \"appGatewayBackendHttpSettings\",\r\n        \"id\": \"/subscriptions/00000000-0000-0000-0000-000000000000/resourceGroups/cli_test_nic_ag_address_pools000001/providers/Microsoft.Network/applicationGateways/ag1/backendHttpSettingsCollection/appGatewayBackendHttpSettings\"\
        ,\r\n        \"etag\": \"W/\\\"6bada789-586c-4eaa-b12b-3bd2e1f41555\\\"\"\
        ,\r\n        \"properties\": {\r\n          \"provisioningState\": \"Updating\"\
        ,\r\n          \"port\": 80,\r\n          \"protocol\": \"Http\",\r\n    \
        \      \"cookieBasedAffinity\": \"Disabled\",\r\n          \"connectionDraining\"\
        : {\r\n            \"enabled\": false,\r\n            \"drainTimeoutInSec\"\
        : 1\r\n          },\r\n          \"pickHostNameFromBackendAddress\": false,\r\
        \n          \"requestTimeout\": 30,\r\n          \"requestRoutingRules\":\
        \ [\r\n            {\r\n              \"id\": \"/subscriptions/00000000-0000-0000-0000-000000000000/resourceGroups/cli_test_nic_ag_address_pools000001/providers/Microsoft.Network/applicationGateways/ag1/requestRoutingRules/rule1\"\
        \r\n            }\r\n          ]\r\n        },\r\n        \"type\": \"Microsoft.Network/applicationGateways/backendHttpSettingsCollection\"\
        \r\n      }\r\n    ],\r\n    \"httpListeners\": [\r\n      {\r\n        \"\
        name\": \"appGatewayHttpListener\",\r\n        \"id\": \"/subscriptions/00000000-0000-0000-0000-000000000000/resourceGroups/cli_test_nic_ag_address_pools000001/providers/Microsoft.Network/applicationGateways/ag1/httpListeners/appGatewayHttpListener\"\
        ,\r\n        \"etag\": \"W/\\\"6bada789-586c-4eaa-b12b-3bd2e1f41555\\\"\"\
        ,\r\n        \"properties\": {\r\n          \"provisioningState\": \"Updating\"\
        ,\r\n          \"frontendIPConfiguration\": {\r\n            \"id\": \"/subscriptions/00000000-0000-0000-0000-000000000000/resourceGroups/cli_test_nic_ag_address_pools000001/providers/Microsoft.Network/applicationGateways/ag1/frontendIPConfigurations/appGatewayPrivateFrontendIP\"\
        \r\n          },\r\n          \"frontendPort\": {\r\n            \"id\": \"\
        /subscriptions/00000000-0000-0000-0000-000000000000/resourceGroups/cli_test_nic_ag_address_pools000001/providers/Microsoft.Network/applicationGateways/ag1/frontendPorts/appGatewayFrontendPort\"\
        \r\n          },\r\n          \"protocol\": \"Http\",\r\n          \"hostNames\"\
        : [],\r\n          \"requireServerNameIndication\": false,\r\n          \"\
        requestRoutingRules\": [\r\n            {\r\n              \"id\": \"/subscriptions/00000000-0000-0000-0000-000000000000/resourceGroups/cli_test_nic_ag_address_pools000001/providers/Microsoft.Network/applicationGateways/ag1/requestRoutingRules/rule1\"\
        \r\n            }\r\n          ]\r\n        },\r\n        \"type\": \"Microsoft.Network/applicationGateways/httpListeners\"\
        \r\n      }\r\n    ],\r\n    \"urlPathMaps\": [],\r\n    \"requestRoutingRules\"\
        : [\r\n      {\r\n        \"name\": \"rule1\",\r\n        \"id\": \"/subscriptions/00000000-0000-0000-0000-000000000000/resourceGroups/cli_test_nic_ag_address_pools000001/providers/Microsoft.Network/applicationGateways/ag1/requestRoutingRules/rule1\"\
        ,\r\n        \"etag\": \"W/\\\"6bada789-586c-4eaa-b12b-3bd2e1f41555\\\"\"\
        ,\r\n        \"properties\": {\r\n          \"provisioningState\": \"Updating\"\
        ,\r\n          \"ruleType\": \"Basic\",\r\n          \"httpListener\": {\r\
        \n            \"id\": \"/subscriptions/00000000-0000-0000-0000-000000000000/resourceGroups/cli_test_nic_ag_address_pools000001/providers/Microsoft.Network/applicationGateways/ag1/httpListeners/appGatewayHttpListener\"\
        \r\n          },\r\n          \"backendAddressPool\": {\r\n            \"\
        id\": \"/subscriptions/00000000-0000-0000-0000-000000000000/resourceGroups/cli_test_nic_ag_address_pools000001/providers/Microsoft.Network/applicationGateways/ag1/backendAddressPools/appGatewayBackendPool\"\
        \r\n          },\r\n          \"backendHttpSettings\": {\r\n            \"\
        id\": \"/subscriptions/00000000-0000-0000-0000-000000000000/resourceGroups/cli_test_nic_ag_address_pools000001/providers/Microsoft.Network/applicationGateways/ag1/backendHttpSettingsCollection/appGatewayBackendHttpSettings\"\
        \r\n          }\r\n        },\r\n        \"type\": \"Microsoft.Network/applicationGateways/requestRoutingRules\"\
        \r\n      }\r\n    ],\r\n    \"probes\": [],\r\n    \"rewriteRuleSets\": [],\r\
        \n    \"redirectConfigurations\": []\r\n  }\r\n}"
    headers:
      cache-control:
      - no-cache
      content-length:
      - '9658'
      content-type:
      - application/json; charset=utf-8
      date:
      - Thu, 12 Nov 2020 08:51:34 GMT
      etag:
      - W/"6bada789-586c-4eaa-b12b-3bd2e1f41555"
      expires:
      - '-1'
      pragma:
      - no-cache
      server:
      - Microsoft-HTTPAPI/2.0
      - Microsoft-HTTPAPI/2.0
      strict-transport-security:
      - max-age=31536000; includeSubDomains
      transfer-encoding:
      - chunked
      vary:
      - Accept-Encoding
      x-content-type-options:
      - nosniff
      x-ms-arm-service-request-id:
      - 15633543-1041-4ace-96e2-2055c26f38b3
    status:
      code: 200
      message: OK
- request:
    body: null
    headers:
      Accept:
      - application/json
      Accept-Encoding:
      - gzip, deflate
      CommandName:
      - network nic create
      Connection:
      - keep-alive
      ParameterSetName:
      - -g -n --subnet --vnet-name
      User-Agent:
      - python/3.7.4 (Linux-4.15.0-122-generic-x86_64-with-debian-buster-sid) msrest/0.6.18
        msrest_azure/0.6.3 azure-mgmt-resource/10.2.0 Azure-SDK-For-Python AZURECLI/2.14.1
      accept-language:
      - en-US
    method: GET
    uri: https://management.azure.com/subscriptions/00000000-0000-0000-0000-000000000000/resourcegroups/cli_test_nic_ag_address_pools000001?api-version=2020-06-01
  response:
    body:
      string: '{"id":"/subscriptions/00000000-0000-0000-0000-000000000000/resourceGroups/cli_test_nic_ag_address_pools000001","name":"cli_test_nic_ag_address_pools000001","type":"Microsoft.Resources/resourceGroups","location":"westus","tags":{"product":"azurecli","cause":"automation","date":"2020-11-12T08:50:41Z"},"properties":{"provisioningState":"Succeeded"}}'
    headers:
      cache-control:
      - no-cache
      content-length:
      - '428'
      content-type:
      - application/json; charset=utf-8
      date:
      - Thu, 12 Nov 2020 08:51:34 GMT
      expires:
      - '-1'
      pragma:
      - no-cache
      strict-transport-security:
      - max-age=31536000; includeSubDomains
      vary:
      - Accept-Encoding
      x-content-type-options:
      - nosniff
    status:
      code: 200
      message: OK
- request:
    body: '{"location": "westus", "properties": {"ipConfigurations": [{"properties":
      {"privateIPAllocationMethod": "Dynamic", "privateIPAddressVersion": "IPv4",
      "subnet": {"id": "/subscriptions/00000000-0000-0000-0000-000000000000/resourceGroups/cli_test_nic_ag_address_pools000001/providers/Microsoft.Network/virtualNetworks/vnet1/subnets/subnet2"}},
      "name": "ipconfig1"}], "dnsSettings": {"dnsServers": []}, "enableIPForwarding":
      false}}'
    headers:
      Accept:
      - application/json
      Accept-Encoding:
      - gzip, deflate
      CommandName:
      - network nic create
      Connection:
      - keep-alive
      Content-Length:
      - '468'
      Content-Type:
      - application/json; charset=utf-8
      ParameterSetName:
      - -g -n --subnet --vnet-name
      User-Agent:
      - python/3.7.4 (Linux-4.15.0-122-generic-x86_64-with-debian-buster-sid) msrest/0.6.18
        msrest_azure/0.6.3 azure-mgmt-network/12.0.0 Azure-SDK-For-Python AZURECLI/2.14.1
      accept-language:
      - en-US
    method: PUT
    uri: https://management.azure.com/subscriptions/00000000-0000-0000-0000-000000000000/resourceGroups/cli_test_nic_ag_address_pools000001/providers/Microsoft.Network/networkInterfaces/nic1?api-version=2020-06-01
  response:
    body:
      string: "{\r\n  \"name\": \"nic1\",\r\n  \"id\": \"/subscriptions/00000000-0000-0000-0000-000000000000/resourceGroups/cli_test_nic_ag_address_pools000001/providers/Microsoft.Network/networkInterfaces/nic1\"\
        ,\r\n  \"etag\": \"W/\\\"0c683ec3-c3ad-4c34-aaf0-b4c1ff35c3fa\\\"\",\r\n \
        \ \"location\": \"westus\",\r\n  \"properties\": {\r\n    \"provisioningState\"\
        : \"Succeeded\",\r\n    \"resourceGuid\": \"45a02458-5a9c-4ea2-a2f5-c22dfcd8a72f\"\
        ,\r\n    \"ipConfigurations\": [\r\n      {\r\n        \"name\": \"ipconfig1\"\
        ,\r\n        \"id\": \"/subscriptions/00000000-0000-0000-0000-000000000000/resourceGroups/cli_test_nic_ag_address_pools000001/providers/Microsoft.Network/networkInterfaces/nic1/ipConfigurations/ipconfig1\"\
        ,\r\n        \"etag\": \"W/\\\"0c683ec3-c3ad-4c34-aaf0-b4c1ff35c3fa\\\"\"\
        ,\r\n        \"type\": \"Microsoft.Network/networkInterfaces/ipConfigurations\"\
        ,\r\n        \"properties\": {\r\n          \"provisioningState\": \"Succeeded\"\
        ,\r\n          \"privateIPAddress\": \"10.0.1.4\",\r\n          \"privateIPAllocationMethod\"\
        : \"Dynamic\",\r\n          \"subnet\": {\r\n            \"id\": \"/subscriptions/00000000-0000-0000-0000-000000000000/resourceGroups/cli_test_nic_ag_address_pools000001/providers/Microsoft.Network/virtualNetworks/vnet1/subnets/subnet2\"\
        \r\n          },\r\n          \"primary\": true,\r\n          \"privateIPAddressVersion\"\
        : \"IPv4\"\r\n        }\r\n      }\r\n    ],\r\n    \"dnsSettings\": {\r\n\
        \      \"dnsServers\": [],\r\n      \"appliedDnsServers\": [],\r\n      \"\
        internalDomainNameSuffix\": \"j1urtqusbgounoxv3iyqdnfhfd.dx.internal.cloudapp.net\"\
        \r\n    },\r\n    \"enableAcceleratedNetworking\": false,\r\n    \"enableIPForwarding\"\
        : false,\r\n    \"hostedWorkloads\": [],\r\n    \"tapConfigurations\": [],\r\
        \n    \"nicType\": \"Standard\"\r\n  },\r\n  \"type\": \"Microsoft.Network/networkInterfaces\"\
        \r\n}"
    headers:
      azure-asyncnotification:
      - Enabled
      azure-asyncoperation:
      - https://management.azure.com/subscriptions/00000000-0000-0000-0000-000000000000/providers/Microsoft.Network/locations/westus/operations/6d3dc818-6f7b-45c2-a22b-c21bc985a2cd?api-version=2020-06-01
      cache-control:
      - no-cache
      content-length:
      - '1796'
      content-type:
      - application/json; charset=utf-8
      date:
      - Thu, 12 Nov 2020 08:51:38 GMT
      expires:
      - '-1'
      pragma:
      - no-cache
      server:
      - Microsoft-HTTPAPI/2.0
      - Microsoft-HTTPAPI/2.0
      strict-transport-security:
      - max-age=31536000; includeSubDomains
      x-content-type-options:
      - nosniff
      x-ms-arm-service-request-id:
      - 97e561c9-1ad0-4c1b-a264-b33dfd9bbe6b
      x-ms-ratelimit-remaining-subscription-writes:
      - '1192'
    status:
      code: 201
      message: Created
- request:
    body: null
    headers:
      Accept:
      - application/json
      Accept-Encoding:
      - gzip, deflate
      CommandName:
      - network nic create
      Connection:
      - keep-alive
      ParameterSetName:
      - -g -n --subnet --vnet-name
      User-Agent:
      - python/3.7.4 (Linux-4.15.0-122-generic-x86_64-with-debian-buster-sid) msrest/0.6.18
        msrest_azure/0.6.3 azure-mgmt-network/12.0.0 Azure-SDK-For-Python AZURECLI/2.14.1
    method: GET
    uri: https://management.azure.com/subscriptions/00000000-0000-0000-0000-000000000000/providers/Microsoft.Network/locations/westus/operations/6d3dc818-6f7b-45c2-a22b-c21bc985a2cd?api-version=2020-06-01
  response:
    body:
      string: "{\r\n  \"status\": \"Succeeded\"\r\n}"
    headers:
      cache-control:
      - no-cache
      content-length:
      - '29'
      content-type:
      - application/json; charset=utf-8
      date:
      - Thu, 12 Nov 2020 08:52:08 GMT
      expires:
      - '-1'
      pragma:
      - no-cache
      server:
      - Microsoft-HTTPAPI/2.0
      - Microsoft-HTTPAPI/2.0
      strict-transport-security:
      - max-age=31536000; includeSubDomains
      transfer-encoding:
      - chunked
      vary:
      - Accept-Encoding
      x-content-type-options:
      - nosniff
      x-ms-arm-service-request-id:
      - 6b562e91-6b5a-4fa7-bf22-477c2aae2cb3
    status:
      code: 200
      message: OK
- request:
    body: null
    headers:
      Accept:
      - application/json
      Accept-Encoding:
      - gzip, deflate
      CommandName:
      - network nic create
      Connection:
      - keep-alive
      ParameterSetName:
      - -g -n --subnet --vnet-name
      User-Agent:
      - python/3.7.4 (Linux-4.15.0-122-generic-x86_64-with-debian-buster-sid) msrest/0.6.18
        msrest_azure/0.6.3 azure-mgmt-network/12.0.0 Azure-SDK-For-Python AZURECLI/2.14.1
    method: GET
    uri: https://management.azure.com/subscriptions/00000000-0000-0000-0000-000000000000/resourceGroups/cli_test_nic_ag_address_pools000001/providers/Microsoft.Network/networkInterfaces/nic1?api-version=2020-06-01
  response:
    body:
      string: "{\r\n  \"name\": \"nic1\",\r\n  \"id\": \"/subscriptions/00000000-0000-0000-0000-000000000000/resourceGroups/cli_test_nic_ag_address_pools000001/providers/Microsoft.Network/networkInterfaces/nic1\"\
        ,\r\n  \"etag\": \"W/\\\"0c683ec3-c3ad-4c34-aaf0-b4c1ff35c3fa\\\"\",\r\n \
        \ \"location\": \"westus\",\r\n  \"properties\": {\r\n    \"provisioningState\"\
        : \"Succeeded\",\r\n    \"resourceGuid\": \"45a02458-5a9c-4ea2-a2f5-c22dfcd8a72f\"\
        ,\r\n    \"ipConfigurations\": [\r\n      {\r\n        \"name\": \"ipconfig1\"\
        ,\r\n        \"id\": \"/subscriptions/00000000-0000-0000-0000-000000000000/resourceGroups/cli_test_nic_ag_address_pools000001/providers/Microsoft.Network/networkInterfaces/nic1/ipConfigurations/ipconfig1\"\
        ,\r\n        \"etag\": \"W/\\\"0c683ec3-c3ad-4c34-aaf0-b4c1ff35c3fa\\\"\"\
        ,\r\n        \"type\": \"Microsoft.Network/networkInterfaces/ipConfigurations\"\
        ,\r\n        \"properties\": {\r\n          \"provisioningState\": \"Succeeded\"\
        ,\r\n          \"privateIPAddress\": \"10.0.1.4\",\r\n          \"privateIPAllocationMethod\"\
        : \"Dynamic\",\r\n          \"subnet\": {\r\n            \"id\": \"/subscriptions/00000000-0000-0000-0000-000000000000/resourceGroups/cli_test_nic_ag_address_pools000001/providers/Microsoft.Network/virtualNetworks/vnet1/subnets/subnet2\"\
        \r\n          },\r\n          \"primary\": true,\r\n          \"privateIPAddressVersion\"\
        : \"IPv4\"\r\n        }\r\n      }\r\n    ],\r\n    \"dnsSettings\": {\r\n\
        \      \"dnsServers\": [],\r\n      \"appliedDnsServers\": [],\r\n      \"\
        internalDomainNameSuffix\": \"j1urtqusbgounoxv3iyqdnfhfd.dx.internal.cloudapp.net\"\
        \r\n    },\r\n    \"enableAcceleratedNetworking\": false,\r\n    \"enableIPForwarding\"\
        : false,\r\n    \"hostedWorkloads\": [],\r\n    \"tapConfigurations\": [],\r\
        \n    \"nicType\": \"Standard\"\r\n  },\r\n  \"type\": \"Microsoft.Network/networkInterfaces\"\
        \r\n}"
    headers:
      cache-control:
      - no-cache
      content-length:
      - '1796'
      content-type:
      - application/json; charset=utf-8
      date:
      - Thu, 12 Nov 2020 08:52:09 GMT
      etag:
      - W/"0c683ec3-c3ad-4c34-aaf0-b4c1ff35c3fa"
      expires:
      - '-1'
      pragma:
      - no-cache
      server:
      - Microsoft-HTTPAPI/2.0
      - Microsoft-HTTPAPI/2.0
      strict-transport-security:
      - max-age=31536000; includeSubDomains
      transfer-encoding:
      - chunked
      vary:
      - Accept-Encoding
      x-content-type-options:
      - nosniff
      x-ms-arm-service-request-id:
      - d2e8bc66-dc1a-40e2-bde1-f1c522573c3e
    status:
      code: 200
      message: OK
- request:
    body: null
    headers:
      Accept:
      - application/json
      Accept-Encoding:
      - gzip, deflate
      CommandName:
      - network nic ip-config address-pool add
      Connection:
      - keep-alive
      ParameterSetName:
      - -g --gateway-name --nic-name --ip-config-name --address-pool
      User-Agent:
      - python/3.7.4 (Linux-4.15.0-122-generic-x86_64-with-debian-buster-sid) msrest/0.6.18
        msrest_azure/0.6.3 azure-mgmt-network/12.0.0 Azure-SDK-For-Python AZURECLI/2.14.1
      accept-language:
      - en-US
    method: GET
    uri: https://management.azure.com/subscriptions/00000000-0000-0000-0000-000000000000/resourceGroups/cli_test_nic_ag_address_pools000001/providers/Microsoft.Network/networkInterfaces/nic1?api-version=2020-06-01
  response:
    body:
      string: "{\r\n  \"name\": \"nic1\",\r\n  \"id\": \"/subscriptions/00000000-0000-0000-0000-000000000000/resourceGroups/cli_test_nic_ag_address_pools000001/providers/Microsoft.Network/networkInterfaces/nic1\"\
        ,\r\n  \"etag\": \"W/\\\"0c683ec3-c3ad-4c34-aaf0-b4c1ff35c3fa\\\"\",\r\n \
        \ \"location\": \"westus\",\r\n  \"properties\": {\r\n    \"provisioningState\"\
        : \"Succeeded\",\r\n    \"resourceGuid\": \"45a02458-5a9c-4ea2-a2f5-c22dfcd8a72f\"\
        ,\r\n    \"ipConfigurations\": [\r\n      {\r\n        \"name\": \"ipconfig1\"\
        ,\r\n        \"id\": \"/subscriptions/00000000-0000-0000-0000-000000000000/resourceGroups/cli_test_nic_ag_address_pools000001/providers/Microsoft.Network/networkInterfaces/nic1/ipConfigurations/ipconfig1\"\
        ,\r\n        \"etag\": \"W/\\\"0c683ec3-c3ad-4c34-aaf0-b4c1ff35c3fa\\\"\"\
        ,\r\n        \"type\": \"Microsoft.Network/networkInterfaces/ipConfigurations\"\
        ,\r\n        \"properties\": {\r\n          \"provisioningState\": \"Succeeded\"\
        ,\r\n          \"privateIPAddress\": \"10.0.1.4\",\r\n          \"privateIPAllocationMethod\"\
        : \"Dynamic\",\r\n          \"subnet\": {\r\n            \"id\": \"/subscriptions/00000000-0000-0000-0000-000000000000/resourceGroups/cli_test_nic_ag_address_pools000001/providers/Microsoft.Network/virtualNetworks/vnet1/subnets/subnet2\"\
        \r\n          },\r\n          \"primary\": true,\r\n          \"privateIPAddressVersion\"\
        : \"IPv4\"\r\n        }\r\n      }\r\n    ],\r\n    \"dnsSettings\": {\r\n\
        \      \"dnsServers\": [],\r\n      \"appliedDnsServers\": [],\r\n      \"\
        internalDomainNameSuffix\": \"j1urtqusbgounoxv3iyqdnfhfd.dx.internal.cloudapp.net\"\
        \r\n    },\r\n    \"enableAcceleratedNetworking\": false,\r\n    \"enableIPForwarding\"\
        : false,\r\n    \"hostedWorkloads\": [],\r\n    \"tapConfigurations\": [],\r\
        \n    \"nicType\": \"Standard\"\r\n  },\r\n  \"type\": \"Microsoft.Network/networkInterfaces\"\
        \r\n}"
    headers:
      cache-control:
      - no-cache
      content-length:
      - '1796'
      content-type:
      - application/json; charset=utf-8
      date:
      - Thu, 12 Nov 2020 08:52:10 GMT
      etag:
      - W/"0c683ec3-c3ad-4c34-aaf0-b4c1ff35c3fa"
      expires:
      - '-1'
      pragma:
      - no-cache
      server:
      - Microsoft-HTTPAPI/2.0
      - Microsoft-HTTPAPI/2.0
      strict-transport-security:
      - max-age=31536000; includeSubDomains
      transfer-encoding:
      - chunked
      vary:
      - Accept-Encoding
      x-content-type-options:
      - nosniff
      x-ms-arm-service-request-id:
      - f89c0b03-e8aa-4e88-846d-8610150d9695
    status:
      code: 200
      message: OK
- request:
    body: '{"id": "/subscriptions/00000000-0000-0000-0000-000000000000/resourceGroups/cli_test_nic_ag_address_pools000001/providers/Microsoft.Network/networkInterfaces/nic1",
      "location": "westus", "properties": {"ipConfigurations": [{"id": "/subscriptions/00000000-0000-0000-0000-000000000000/resourceGroups/cli_test_nic_ag_address_pools000001/providers/Microsoft.Network/networkInterfaces/nic1/ipConfigurations/ipconfig1",
      "properties": {"applicationGatewayBackendAddressPools": [{"id": "/subscriptions/00000000-0000-0000-0000-000000000000/resourceGroups/cli_test_nic_ag_address_pools000001/providers/Microsoft.Network/applicationGateways/ag1/backendAddressPools/pool1"}],
      "privateIPAddress": "10.0.1.4", "privateIPAllocationMethod": "Dynamic", "privateIPAddressVersion":
      "IPv4", "subnet": {"id": "/subscriptions/00000000-0000-0000-0000-000000000000/resourceGroups/cli_test_nic_ag_address_pools000001/providers/Microsoft.Network/virtualNetworks/vnet1/subnets/subnet2"},
      "primary": true}, "name": "ipconfig1"}], "dnsSettings": {"dnsServers": []},
      "enableAcceleratedNetworking": false, "enableIPForwarding": false}}'
    headers:
      Accept:
      - application/json
      Accept-Encoding:
      - gzip, deflate
      CommandName:
      - network nic ip-config address-pool add
      Connection:
      - keep-alive
      Content-Length:
      - '1263'
      Content-Type:
      - application/json; charset=utf-8
      ParameterSetName:
      - -g --gateway-name --nic-name --ip-config-name --address-pool
      User-Agent:
      - python/3.7.4 (Linux-4.15.0-122-generic-x86_64-with-debian-buster-sid) msrest/0.6.18
        msrest_azure/0.6.3 azure-mgmt-network/12.0.0 Azure-SDK-For-Python AZURECLI/2.14.1
      accept-language:
      - en-US
    method: PUT
    uri: https://management.azure.com/subscriptions/00000000-0000-0000-0000-000000000000/resourceGroups/cli_test_nic_ag_address_pools000001/providers/Microsoft.Network/networkInterfaces/nic1?api-version=2020-06-01
  response:
    body:
      string: "{\r\n  \"name\": \"nic1\",\r\n  \"id\": \"/subscriptions/00000000-0000-0000-0000-000000000000/resourceGroups/cli_test_nic_ag_address_pools000001/providers/Microsoft.Network/networkInterfaces/nic1\"\
        ,\r\n  \"etag\": \"W/\\\"9bea68a1-e4a5-4cb8-ac23-72e38e2f31e9\\\"\",\r\n \
        \ \"location\": \"westus\",\r\n  \"properties\": {\r\n    \"provisioningState\"\
        : \"Updating\",\r\n    \"resourceGuid\": \"45a02458-5a9c-4ea2-a2f5-c22dfcd8a72f\"\
        ,\r\n    \"ipConfigurations\": [\r\n      {\r\n        \"name\": \"ipconfig1\"\
        ,\r\n        \"id\": \"/subscriptions/00000000-0000-0000-0000-000000000000/resourceGroups/cli_test_nic_ag_address_pools000001/providers/Microsoft.Network/networkInterfaces/nic1/ipConfigurations/ipconfig1\"\
        ,\r\n        \"etag\": \"W/\\\"9bea68a1-e4a5-4cb8-ac23-72e38e2f31e9\\\"\"\
        ,\r\n        \"type\": \"Microsoft.Network/networkInterfaces/ipConfigurations\"\
        ,\r\n        \"properties\": {\r\n          \"provisioningState\": \"Updating\"\
        ,\r\n          \"privateIPAddress\": \"10.0.1.4\",\r\n          \"privateIPAllocationMethod\"\
        : \"Dynamic\",\r\n          \"subnet\": {\r\n            \"id\": \"/subscriptions/00000000-0000-0000-0000-000000000000/resourceGroups/cli_test_nic_ag_address_pools000001/providers/Microsoft.Network/virtualNetworks/vnet1/subnets/subnet2\"\
        \r\n          },\r\n          \"primary\": true,\r\n          \"privateIPAddressVersion\"\
        : \"IPv4\",\r\n          \"applicationGatewayBackendAddressPools\": [\r\n\
        \            {\r\n              \"id\": \"/subscriptions/00000000-0000-0000-0000-000000000000/resourceGroups/cli_test_nic_ag_address_pools000001/providers/Microsoft.Network/applicationGateways/ag1/backendAddressPools/pool1\"\
        \r\n            }\r\n          ]\r\n        }\r\n      }\r\n    ],\r\n   \
        \ \"dnsSettings\": {\r\n      \"dnsServers\": [],\r\n      \"appliedDnsServers\"\
        : [],\r\n      \"internalDomainNameSuffix\": \"j1urtqusbgounoxv3iyqdnfhfd.dx.internal.cloudapp.net\"\
        \r\n    },\r\n    \"enableAcceleratedNetworking\": false,\r\n    \"enableIPForwarding\"\
        : false,\r\n    \"hostedWorkloads\": [],\r\n    \"tapConfigurations\": [],\r\
        \n    \"nicType\": \"Standard\"\r\n  },\r\n  \"type\": \"Microsoft.Network/networkInterfaces\"\
        \r\n}"
    headers:
      azure-asyncoperation:
      - https://management.azure.com/subscriptions/00000000-0000-0000-0000-000000000000/providers/Microsoft.Network/locations/westus/operations/d6661432-cb20-4fa6-b114-0d59faffd531?api-version=2020-06-01
      cache-control:
      - no-cache
      content-length:
      - '2136'
      content-type:
      - application/json; charset=utf-8
      date:
      - Thu, 12 Nov 2020 08:52:11 GMT
      expires:
      - '-1'
      pragma:
      - no-cache
      server:
      - Microsoft-HTTPAPI/2.0
      - Microsoft-HTTPAPI/2.0
      strict-transport-security:
      - max-age=31536000; includeSubDomains
      transfer-encoding:
      - chunked
      vary:
      - Accept-Encoding
      x-content-type-options:
      - nosniff
      x-ms-arm-service-request-id:
      - cdfc7993-f512-4b2e-a7b8-2827e5c40854
      x-ms-ratelimit-remaining-subscription-writes:
      - '1183'
    status:
      code: 200
      message: OK
- request:
    body: null
    headers:
      Accept:
      - application/json
      Accept-Encoding:
      - gzip, deflate
      CommandName:
      - network nic ip-config address-pool add
      Connection:
      - keep-alive
      ParameterSetName:
      - -g --gateway-name --nic-name --ip-config-name --address-pool
      User-Agent:
      - python/3.7.4 (Linux-4.15.0-122-generic-x86_64-with-debian-buster-sid) msrest/0.6.18
        msrest_azure/0.6.3 azure-mgmt-network/12.0.0 Azure-SDK-For-Python AZURECLI/2.14.1
    method: GET
    uri: https://management.azure.com/subscriptions/00000000-0000-0000-0000-000000000000/providers/Microsoft.Network/locations/westus/operations/d6661432-cb20-4fa6-b114-0d59faffd531?api-version=2020-06-01
  response:
    body:
      string: "{\r\n  \"status\": \"InProgress\"\r\n}"
    headers:
      cache-control:
      - no-cache
      content-length:
      - '30'
      content-type:
      - application/json; charset=utf-8
      date:
      - Thu, 12 Nov 2020 08:52:21 GMT
      expires:
      - '-1'
      pragma:
      - no-cache
      server:
      - Microsoft-HTTPAPI/2.0
      - Microsoft-HTTPAPI/2.0
      strict-transport-security:
      - max-age=31536000; includeSubDomains
      transfer-encoding:
      - chunked
      vary:
      - Accept-Encoding
      x-content-type-options:
      - nosniff
      x-ms-arm-service-request-id:
      - 30c7fd5c-dd0b-4e7b-b001-4946bb977a05
    status:
      code: 200
      message: OK
- request:
    body: null
    headers:
      Accept:
      - application/json
      Accept-Encoding:
      - gzip, deflate
      CommandName:
      - network nic ip-config address-pool add
      Connection:
      - keep-alive
      ParameterSetName:
      - -g --gateway-name --nic-name --ip-config-name --address-pool
      User-Agent:
      - python/3.7.4 (Linux-4.15.0-122-generic-x86_64-with-debian-buster-sid) msrest/0.6.18
        msrest_azure/0.6.3 azure-mgmt-network/12.0.0 Azure-SDK-For-Python AZURECLI/2.14.1
    method: GET
    uri: https://management.azure.com/subscriptions/00000000-0000-0000-0000-000000000000/providers/Microsoft.Network/locations/westus/operations/d6661432-cb20-4fa6-b114-0d59faffd531?api-version=2020-06-01
  response:
    body:
      string: "{\r\n  \"status\": \"InProgress\"\r\n}"
    headers:
      cache-control:
      - no-cache
      content-length:
      - '30'
      content-type:
      - application/json; charset=utf-8
      date:
      - Thu, 12 Nov 2020 08:52:42 GMT
      expires:
      - '-1'
      pragma:
      - no-cache
      server:
      - Microsoft-HTTPAPI/2.0
      - Microsoft-HTTPAPI/2.0
      strict-transport-security:
      - max-age=31536000; includeSubDomains
      transfer-encoding:
      - chunked
      vary:
      - Accept-Encoding
      x-content-type-options:
      - nosniff
      x-ms-arm-service-request-id:
      - ed995df9-88c1-4675-8de9-56bdf7e493a4
    status:
      code: 200
      message: OK
- request:
    body: null
    headers:
      Accept:
      - application/json
      Accept-Encoding:
      - gzip, deflate
      CommandName:
      - network nic ip-config address-pool add
      Connection:
      - keep-alive
      ParameterSetName:
      - -g --gateway-name --nic-name --ip-config-name --address-pool
      User-Agent:
      - python/3.7.4 (Linux-4.15.0-122-generic-x86_64-with-debian-buster-sid) msrest/0.6.18
        msrest_azure/0.6.3 azure-mgmt-network/12.0.0 Azure-SDK-For-Python AZURECLI/2.14.1
    method: GET
    uri: https://management.azure.com/subscriptions/00000000-0000-0000-0000-000000000000/providers/Microsoft.Network/locations/westus/operations/d6661432-cb20-4fa6-b114-0d59faffd531?api-version=2020-06-01
  response:
    body:
      string: "{\r\n  \"status\": \"InProgress\"\r\n}"
    headers:
      cache-control:
      - no-cache
      content-length:
      - '30'
      content-type:
      - application/json; charset=utf-8
      date:
      - Thu, 12 Nov 2020 08:53:23 GMT
      expires:
      - '-1'
      pragma:
      - no-cache
      server:
      - Microsoft-HTTPAPI/2.0
      - Microsoft-HTTPAPI/2.0
      strict-transport-security:
      - max-age=31536000; includeSubDomains
      transfer-encoding:
      - chunked
      vary:
      - Accept-Encoding
      x-content-type-options:
      - nosniff
      x-ms-arm-service-request-id:
      - cb2b91ef-db60-49f5-8778-07fe754b3a8d
    status:
      code: 200
      message: OK
- request:
    body: null
    headers:
      Accept:
      - application/json
      Accept-Encoding:
      - gzip, deflate
      CommandName:
      - network nic ip-config address-pool add
      Connection:
      - keep-alive
      ParameterSetName:
      - -g --gateway-name --nic-name --ip-config-name --address-pool
      User-Agent:
      - python/3.7.4 (Linux-4.15.0-122-generic-x86_64-with-debian-buster-sid) msrest/0.6.18
        msrest_azure/0.6.3 azure-mgmt-network/12.0.0 Azure-SDK-For-Python AZURECLI/2.14.1
    method: GET
    uri: https://management.azure.com/subscriptions/00000000-0000-0000-0000-000000000000/providers/Microsoft.Network/locations/westus/operations/d6661432-cb20-4fa6-b114-0d59faffd531?api-version=2020-06-01
  response:
    body:
      string: "{\r\n  \"status\": \"InProgress\"\r\n}"
    headers:
      cache-control:
      - no-cache
      content-length:
      - '30'
      content-type:
      - application/json; charset=utf-8
      date:
      - Thu, 12 Nov 2020 08:54:43 GMT
      expires:
      - '-1'
      pragma:
      - no-cache
      server:
      - Microsoft-HTTPAPI/2.0
      - Microsoft-HTTPAPI/2.0
      strict-transport-security:
      - max-age=31536000; includeSubDomains
      transfer-encoding:
      - chunked
      vary:
      - Accept-Encoding
      x-content-type-options:
      - nosniff
      x-ms-arm-service-request-id:
      - 67894b2d-3d00-49ca-b808-44c05e9b5a2f
    status:
      code: 200
      message: OK
- request:
    body: null
    headers:
      Accept:
      - application/json
      Accept-Encoding:
      - gzip, deflate
      CommandName:
      - network nic ip-config address-pool add
      Connection:
      - keep-alive
      ParameterSetName:
      - -g --gateway-name --nic-name --ip-config-name --address-pool
      User-Agent:
      - python/3.7.4 (Linux-4.15.0-122-generic-x86_64-with-debian-buster-sid) msrest/0.6.18
        msrest_azure/0.6.3 azure-mgmt-network/12.0.0 Azure-SDK-For-Python AZURECLI/2.14.1
    method: GET
    uri: https://management.azure.com/subscriptions/00000000-0000-0000-0000-000000000000/providers/Microsoft.Network/locations/westus/operations/d6661432-cb20-4fa6-b114-0d59faffd531?api-version=2020-06-01
  response:
    body:
      string: "{\r\n  \"status\": \"InProgress\"\r\n}"
    headers:
      cache-control:
      - no-cache
      content-length:
      - '30'
      content-type:
      - application/json; charset=utf-8
      date:
      - Thu, 12 Nov 2020 08:57:25 GMT
      expires:
      - '-1'
      pragma:
      - no-cache
      server:
      - Microsoft-HTTPAPI/2.0
      - Microsoft-HTTPAPI/2.0
      strict-transport-security:
      - max-age=31536000; includeSubDomains
      transfer-encoding:
      - chunked
      vary:
      - Accept-Encoding
      x-content-type-options:
      - nosniff
      x-ms-arm-service-request-id:
      - f986d37d-3359-4e57-9c11-859f89e2f85b
    status:
      code: 200
      message: OK
- request:
    body: null
    headers:
      Accept:
      - application/json
      Accept-Encoding:
      - gzip, deflate
      CommandName:
      - network nic ip-config address-pool add
      Connection:
      - keep-alive
      ParameterSetName:
      - -g --gateway-name --nic-name --ip-config-name --address-pool
      User-Agent:
      - python/3.7.4 (Linux-4.15.0-122-generic-x86_64-with-debian-buster-sid) msrest/0.6.18
        msrest_azure/0.6.3 azure-mgmt-network/12.0.0 Azure-SDK-For-Python AZURECLI/2.14.1
    method: GET
    uri: https://management.azure.com/subscriptions/00000000-0000-0000-0000-000000000000/providers/Microsoft.Network/locations/westus/operations/d6661432-cb20-4fa6-b114-0d59faffd531?api-version=2020-06-01
  response:
    body:
      string: "{\r\n  \"status\": \"InProgress\"\r\n}"
    headers:
      cache-control:
      - no-cache
      content-length:
      - '30'
      content-type:
      - application/json; charset=utf-8
      date:
      - Thu, 12 Nov 2020 08:59:05 GMT
      expires:
      - '-1'
      pragma:
      - no-cache
      server:
      - Microsoft-HTTPAPI/2.0
      - Microsoft-HTTPAPI/2.0
      strict-transport-security:
      - max-age=31536000; includeSubDomains
      transfer-encoding:
      - chunked
      vary:
      - Accept-Encoding
      x-content-type-options:
      - nosniff
      x-ms-arm-service-request-id:
      - 2f794ac5-853a-4ad7-a8f8-133aeea5b16a
    status:
      code: 200
      message: OK
- request:
    body: null
    headers:
      Accept:
      - application/json
      Accept-Encoding:
      - gzip, deflate
      CommandName:
      - network nic ip-config address-pool add
      Connection:
      - keep-alive
      ParameterSetName:
      - -g --gateway-name --nic-name --ip-config-name --address-pool
      User-Agent:
      - python/3.7.4 (Linux-4.15.0-122-generic-x86_64-with-debian-buster-sid) msrest/0.6.18
        msrest_azure/0.6.3 azure-mgmt-network/12.0.0 Azure-SDK-For-Python AZURECLI/2.14.1
    method: GET
    uri: https://management.azure.com/subscriptions/00000000-0000-0000-0000-000000000000/providers/Microsoft.Network/locations/westus/operations/d6661432-cb20-4fa6-b114-0d59faffd531?api-version=2020-06-01
  response:
    body:
      string: "{\r\n  \"status\": \"InProgress\"\r\n}"
    headers:
      cache-control:
      - no-cache
      content-length:
      - '30'
      content-type:
      - application/json; charset=utf-8
      date:
      - Thu, 12 Nov 2020 09:00:46 GMT
      expires:
      - '-1'
      pragma:
      - no-cache
      server:
      - Microsoft-HTTPAPI/2.0
      - Microsoft-HTTPAPI/2.0
      strict-transport-security:
      - max-age=31536000; includeSubDomains
      transfer-encoding:
      - chunked
      vary:
      - Accept-Encoding
      x-content-type-options:
      - nosniff
      x-ms-arm-service-request-id:
      - 04d84fe4-0b4a-4707-a7e3-1b8258dd033d
    status:
      code: 200
      message: OK
- request:
    body: null
    headers:
      Accept:
      - application/json
      Accept-Encoding:
      - gzip, deflate
      CommandName:
      - network nic ip-config address-pool add
      Connection:
      - keep-alive
      ParameterSetName:
      - -g --gateway-name --nic-name --ip-config-name --address-pool
      User-Agent:
      - python/3.7.4 (Linux-4.15.0-122-generic-x86_64-with-debian-buster-sid) msrest/0.6.18
        msrest_azure/0.6.3 azure-mgmt-network/12.0.0 Azure-SDK-For-Python AZURECLI/2.14.1
    method: GET
    uri: https://management.azure.com/subscriptions/00000000-0000-0000-0000-000000000000/providers/Microsoft.Network/locations/westus/operations/d6661432-cb20-4fa6-b114-0d59faffd531?api-version=2020-06-01
  response:
    body:
      string: "{\r\n  \"status\": \"InProgress\"\r\n}"
    headers:
      cache-control:
      - no-cache
      content-length:
      - '30'
      content-type:
      - application/json; charset=utf-8
      date:
      - Thu, 12 Nov 2020 09:02:27 GMT
      expires:
      - '-1'
      pragma:
      - no-cache
      server:
      - Microsoft-HTTPAPI/2.0
      - Microsoft-HTTPAPI/2.0
      strict-transport-security:
      - max-age=31536000; includeSubDomains
      transfer-encoding:
      - chunked
      vary:
      - Accept-Encoding
      x-content-type-options:
      - nosniff
      x-ms-arm-service-request-id:
      - 15c1ae0b-1f42-4799-a884-0852aabff64e
    status:
      code: 200
      message: OK
- request:
    body: null
    headers:
      Accept:
      - application/json
      Accept-Encoding:
      - gzip, deflate
      CommandName:
      - network nic ip-config address-pool add
      Connection:
      - keep-alive
      ParameterSetName:
      - -g --gateway-name --nic-name --ip-config-name --address-pool
      User-Agent:
      - python/3.7.4 (Linux-4.15.0-122-generic-x86_64-with-debian-buster-sid) msrest/0.6.18
        msrest_azure/0.6.3 azure-mgmt-network/12.0.0 Azure-SDK-For-Python AZURECLI/2.14.1
    method: GET
    uri: https://management.azure.com/subscriptions/00000000-0000-0000-0000-000000000000/providers/Microsoft.Network/locations/westus/operations/d6661432-cb20-4fa6-b114-0d59faffd531?api-version=2020-06-01
  response:
    body:
      string: "{\r\n  \"status\": \"InProgress\"\r\n}"
    headers:
      cache-control:
      - no-cache
      content-length:
      - '30'
      content-type:
      - application/json; charset=utf-8
      date:
      - Thu, 12 Nov 2020 09:04:07 GMT
      expires:
      - '-1'
      pragma:
      - no-cache
      server:
      - Microsoft-HTTPAPI/2.0
      - Microsoft-HTTPAPI/2.0
      strict-transport-security:
      - max-age=31536000; includeSubDomains
      transfer-encoding:
      - chunked
      vary:
      - Accept-Encoding
      x-content-type-options:
      - nosniff
      x-ms-arm-service-request-id:
      - 5174cfd3-e12c-4805-a02b-80db1899cf5c
    status:
      code: 200
      message: OK
- request:
    body: null
    headers:
      Accept:
      - application/json
      Accept-Encoding:
      - gzip, deflate
      CommandName:
      - network nic ip-config address-pool add
      Connection:
      - keep-alive
      ParameterSetName:
      - -g --gateway-name --nic-name --ip-config-name --address-pool
      User-Agent:
      - python/3.7.4 (Linux-4.15.0-122-generic-x86_64-with-debian-buster-sid) msrest/0.6.18
        msrest_azure/0.6.3 azure-mgmt-network/12.0.0 Azure-SDK-For-Python AZURECLI/2.14.1
    method: GET
    uri: https://management.azure.com/subscriptions/00000000-0000-0000-0000-000000000000/providers/Microsoft.Network/locations/westus/operations/d6661432-cb20-4fa6-b114-0d59faffd531?api-version=2020-06-01
  response:
    body:
      string: "{\r\n  \"status\": \"InProgress\"\r\n}"
    headers:
      cache-control:
      - no-cache
      content-length:
      - '30'
      content-type:
      - application/json; charset=utf-8
      date:
      - Thu, 12 Nov 2020 09:05:48 GMT
      expires:
      - '-1'
      pragma:
      - no-cache
      server:
      - Microsoft-HTTPAPI/2.0
      - Microsoft-HTTPAPI/2.0
      strict-transport-security:
      - max-age=31536000; includeSubDomains
      transfer-encoding:
      - chunked
      vary:
      - Accept-Encoding
      x-content-type-options:
      - nosniff
      x-ms-arm-service-request-id:
      - 7fd39497-ae02-4d76-a20b-cf37471a0034
    status:
      code: 200
      message: OK
- request:
    body: null
    headers:
      Accept:
      - application/json
      Accept-Encoding:
      - gzip, deflate
      CommandName:
      - network nic ip-config address-pool add
      Connection:
      - keep-alive
      ParameterSetName:
      - -g --gateway-name --nic-name --ip-config-name --address-pool
      User-Agent:
      - python/3.7.4 (Linux-4.15.0-122-generic-x86_64-with-debian-buster-sid) msrest/0.6.18
        msrest_azure/0.6.3 azure-mgmt-network/12.0.0 Azure-SDK-For-Python AZURECLI/2.14.1
    method: GET
    uri: https://management.azure.com/subscriptions/00000000-0000-0000-0000-000000000000/providers/Microsoft.Network/locations/westus/operations/d6661432-cb20-4fa6-b114-0d59faffd531?api-version=2020-06-01
  response:
    body:
      string: "{\r\n  \"status\": \"InProgress\"\r\n}"
    headers:
      cache-control:
      - no-cache
      content-length:
      - '30'
      content-type:
      - application/json; charset=utf-8
      date:
      - Thu, 12 Nov 2020 09:07:30 GMT
      expires:
      - '-1'
      pragma:
      - no-cache
      server:
      - Microsoft-HTTPAPI/2.0
      - Microsoft-HTTPAPI/2.0
      strict-transport-security:
      - max-age=31536000; includeSubDomains
      transfer-encoding:
      - chunked
      vary:
      - Accept-Encoding
      x-content-type-options:
      - nosniff
      x-ms-arm-service-request-id:
      - 3f09fb57-8e97-4cf4-9299-4ba260994227
    status:
      code: 200
      message: OK
- request:
    body: null
    headers:
      Accept:
      - application/json
      Accept-Encoding:
      - gzip, deflate
      CommandName:
      - network nic ip-config address-pool add
      Connection:
      - keep-alive
      ParameterSetName:
      - -g --gateway-name --nic-name --ip-config-name --address-pool
      User-Agent:
      - python/3.7.4 (Linux-4.15.0-122-generic-x86_64-with-debian-buster-sid) msrest/0.6.18
        msrest_azure/0.6.3 azure-mgmt-network/12.0.0 Azure-SDK-For-Python AZURECLI/2.14.1
    method: GET
    uri: https://management.azure.com/subscriptions/00000000-0000-0000-0000-000000000000/providers/Microsoft.Network/locations/westus/operations/d6661432-cb20-4fa6-b114-0d59faffd531?api-version=2020-06-01
  response:
    body:
      string: "{\r\n  \"status\": \"InProgress\"\r\n}"
    headers:
      cache-control:
      - no-cache
      content-length:
      - '30'
      content-type:
      - application/json; charset=utf-8
      date:
      - Thu, 12 Nov 2020 09:09:11 GMT
      expires:
      - '-1'
      pragma:
      - no-cache
      server:
      - Microsoft-HTTPAPI/2.0
      - Microsoft-HTTPAPI/2.0
      strict-transport-security:
      - max-age=31536000; includeSubDomains
      transfer-encoding:
      - chunked
      vary:
      - Accept-Encoding
      x-content-type-options:
      - nosniff
      x-ms-arm-service-request-id:
      - 49951c8d-93e1-4972-9fb7-d3958fa53e89
    status:
      code: 200
      message: OK
- request:
    body: null
    headers:
      Accept:
      - application/json
      Accept-Encoding:
      - gzip, deflate
      CommandName:
      - network nic ip-config address-pool add
      Connection:
      - keep-alive
      ParameterSetName:
      - -g --gateway-name --nic-name --ip-config-name --address-pool
      User-Agent:
      - python/3.7.4 (Linux-4.15.0-122-generic-x86_64-with-debian-buster-sid) msrest/0.6.18
        msrest_azure/0.6.3 azure-mgmt-network/12.0.0 Azure-SDK-For-Python AZURECLI/2.14.1
    method: GET
    uri: https://management.azure.com/subscriptions/00000000-0000-0000-0000-000000000000/providers/Microsoft.Network/locations/westus/operations/d6661432-cb20-4fa6-b114-0d59faffd531?api-version=2020-06-01
  response:
    body:
      string: "{\r\n  \"status\": \"Succeeded\"\r\n}"
    headers:
      cache-control:
      - no-cache
      content-length:
      - '29'
      content-type:
      - application/json; charset=utf-8
      date:
      - Thu, 12 Nov 2020 09:10:51 GMT
      expires:
      - '-1'
      pragma:
      - no-cache
      server:
      - Microsoft-HTTPAPI/2.0
      - Microsoft-HTTPAPI/2.0
      strict-transport-security:
      - max-age=31536000; includeSubDomains
      transfer-encoding:
      - chunked
      vary:
      - Accept-Encoding
      x-content-type-options:
      - nosniff
      x-ms-arm-service-request-id:
      - 5ad26052-bb78-4c7e-ada7-14caafaa4c91
    status:
      code: 200
      message: OK
- request:
    body: null
    headers:
      Accept:
      - application/json
      Accept-Encoding:
      - gzip, deflate
      CommandName:
      - network nic ip-config address-pool add
      Connection:
      - keep-alive
      ParameterSetName:
      - -g --gateway-name --nic-name --ip-config-name --address-pool
      User-Agent:
      - python/3.7.4 (Linux-4.15.0-122-generic-x86_64-with-debian-buster-sid) msrest/0.6.18
        msrest_azure/0.6.3 azure-mgmt-network/12.0.0 Azure-SDK-For-Python AZURECLI/2.14.1
    method: GET
    uri: https://management.azure.com/subscriptions/00000000-0000-0000-0000-000000000000/resourceGroups/cli_test_nic_ag_address_pools000001/providers/Microsoft.Network/networkInterfaces/nic1?api-version=2020-06-01
  response:
    body:
      string: "{\r\n  \"name\": \"nic1\",\r\n  \"id\": \"/subscriptions/00000000-0000-0000-0000-000000000000/resourceGroups/cli_test_nic_ag_address_pools000001/providers/Microsoft.Network/networkInterfaces/nic1\"\
        ,\r\n  \"etag\": \"W/\\\"06c5eb56-4f3e-4744-8147-dd06e9841f60\\\"\",\r\n \
        \ \"location\": \"westus\",\r\n  \"properties\": {\r\n    \"provisioningState\"\
        : \"Succeeded\",\r\n    \"resourceGuid\": \"45a02458-5a9c-4ea2-a2f5-c22dfcd8a72f\"\
        ,\r\n    \"ipConfigurations\": [\r\n      {\r\n        \"name\": \"ipconfig1\"\
        ,\r\n        \"id\": \"/subscriptions/00000000-0000-0000-0000-000000000000/resourceGroups/cli_test_nic_ag_address_pools000001/providers/Microsoft.Network/networkInterfaces/nic1/ipConfigurations/ipconfig1\"\
        ,\r\n        \"etag\": \"W/\\\"06c5eb56-4f3e-4744-8147-dd06e9841f60\\\"\"\
        ,\r\n        \"type\": \"Microsoft.Network/networkInterfaces/ipConfigurations\"\
        ,\r\n        \"properties\": {\r\n          \"provisioningState\": \"Succeeded\"\
        ,\r\n          \"privateIPAddress\": \"10.0.1.4\",\r\n          \"privateIPAllocationMethod\"\
        : \"Dynamic\",\r\n          \"subnet\": {\r\n            \"id\": \"/subscriptions/00000000-0000-0000-0000-000000000000/resourceGroups/cli_test_nic_ag_address_pools000001/providers/Microsoft.Network/virtualNetworks/vnet1/subnets/subnet2\"\
        \r\n          },\r\n          \"primary\": true,\r\n          \"privateIPAddressVersion\"\
        : \"IPv4\",\r\n          \"applicationGatewayBackendAddressPools\": [\r\n\
        \            {\r\n              \"id\": \"/subscriptions/00000000-0000-0000-0000-000000000000/resourceGroups/cli_test_nic_ag_address_pools000001/providers/Microsoft.Network/applicationGateways/ag1/backendAddressPools/pool1\"\
        \r\n            }\r\n          ]\r\n        }\r\n      }\r\n    ],\r\n   \
        \ \"dnsSettings\": {\r\n      \"dnsServers\": [],\r\n      \"appliedDnsServers\"\
        : [],\r\n      \"internalDomainNameSuffix\": \"j1urtqusbgounoxv3iyqdnfhfd.dx.internal.cloudapp.net\"\
        \r\n    },\r\n    \"enableAcceleratedNetworking\": false,\r\n    \"enableIPForwarding\"\
        : false,\r\n    \"hostedWorkloads\": [],\r\n    \"tapConfigurations\": [],\r\
        \n    \"nicType\": \"Standard\"\r\n  },\r\n  \"type\": \"Microsoft.Network/networkInterfaces\"\
        \r\n}"
    headers:
      cache-control:
      - no-cache
      content-length:
      - '2138'
      content-type:
      - application/json; charset=utf-8
      date:
      - Thu, 12 Nov 2020 09:10:51 GMT
      etag:
      - W/"06c5eb56-4f3e-4744-8147-dd06e9841f60"
      expires:
      - '-1'
      pragma:
      - no-cache
      server:
      - Microsoft-HTTPAPI/2.0
      - Microsoft-HTTPAPI/2.0
      strict-transport-security:
      - max-age=31536000; includeSubDomains
      transfer-encoding:
      - chunked
      vary:
      - Accept-Encoding
      x-content-type-options:
      - nosniff
      x-ms-arm-service-request-id:
      - 078a7679-b5cd-4ddc-a477-2f671361922b
    status:
      code: 200
      message: OK
- request:
    body: null
    headers:
      Accept:
      - application/json
      Accept-Encoding:
      - gzip, deflate
      CommandName:
      - network nic ip-config address-pool remove
      Connection:
      - keep-alive
      ParameterSetName:
      - -g --gateway-name --nic-name --ip-config-name --address-pool
      User-Agent:
      - python/3.7.4 (Linux-4.15.0-122-generic-x86_64-with-debian-buster-sid) msrest/0.6.18
        msrest_azure/0.6.3 azure-mgmt-network/12.0.0 Azure-SDK-For-Python AZURECLI/2.14.1
      accept-language:
      - en-US
    method: GET
    uri: https://management.azure.com/subscriptions/00000000-0000-0000-0000-000000000000/resourceGroups/cli_test_nic_ag_address_pools000001/providers/Microsoft.Network/networkInterfaces/nic1?api-version=2020-06-01
  response:
    body:
      string: "{\r\n  \"name\": \"nic1\",\r\n  \"id\": \"/subscriptions/00000000-0000-0000-0000-000000000000/resourceGroups/cli_test_nic_ag_address_pools000001/providers/Microsoft.Network/networkInterfaces/nic1\"\
        ,\r\n  \"etag\": \"W/\\\"06c5eb56-4f3e-4744-8147-dd06e9841f60\\\"\",\r\n \
        \ \"location\": \"westus\",\r\n  \"properties\": {\r\n    \"provisioningState\"\
        : \"Succeeded\",\r\n    \"resourceGuid\": \"45a02458-5a9c-4ea2-a2f5-c22dfcd8a72f\"\
        ,\r\n    \"ipConfigurations\": [\r\n      {\r\n        \"name\": \"ipconfig1\"\
        ,\r\n        \"id\": \"/subscriptions/00000000-0000-0000-0000-000000000000/resourceGroups/cli_test_nic_ag_address_pools000001/providers/Microsoft.Network/networkInterfaces/nic1/ipConfigurations/ipconfig1\"\
        ,\r\n        \"etag\": \"W/\\\"06c5eb56-4f3e-4744-8147-dd06e9841f60\\\"\"\
        ,\r\n        \"type\": \"Microsoft.Network/networkInterfaces/ipConfigurations\"\
        ,\r\n        \"properties\": {\r\n          \"provisioningState\": \"Succeeded\"\
        ,\r\n          \"privateIPAddress\": \"10.0.1.4\",\r\n          \"privateIPAllocationMethod\"\
        : \"Dynamic\",\r\n          \"subnet\": {\r\n            \"id\": \"/subscriptions/00000000-0000-0000-0000-000000000000/resourceGroups/cli_test_nic_ag_address_pools000001/providers/Microsoft.Network/virtualNetworks/vnet1/subnets/subnet2\"\
        \r\n          },\r\n          \"primary\": true,\r\n          \"privateIPAddressVersion\"\
        : \"IPv4\",\r\n          \"applicationGatewayBackendAddressPools\": [\r\n\
        \            {\r\n              \"id\": \"/subscriptions/00000000-0000-0000-0000-000000000000/resourceGroups/cli_test_nic_ag_address_pools000001/providers/Microsoft.Network/applicationGateways/ag1/backendAddressPools/pool1\"\
        \r\n            }\r\n          ]\r\n        }\r\n      }\r\n    ],\r\n   \
        \ \"dnsSettings\": {\r\n      \"dnsServers\": [],\r\n      \"appliedDnsServers\"\
        : [],\r\n      \"internalDomainNameSuffix\": \"j1urtqusbgounoxv3iyqdnfhfd.dx.internal.cloudapp.net\"\
        \r\n    },\r\n    \"enableAcceleratedNetworking\": false,\r\n    \"enableIPForwarding\"\
        : false,\r\n    \"hostedWorkloads\": [],\r\n    \"tapConfigurations\": [],\r\
        \n    \"nicType\": \"Standard\"\r\n  },\r\n  \"type\": \"Microsoft.Network/networkInterfaces\"\
        \r\n}"
    headers:
      cache-control:
      - no-cache
      content-length:
      - '2138'
      content-type:
      - application/json; charset=utf-8
      date:
      - Thu, 12 Nov 2020 09:10:53 GMT
      etag:
      - W/"06c5eb56-4f3e-4744-8147-dd06e9841f60"
      expires:
      - '-1'
      pragma:
      - no-cache
      server:
      - Microsoft-HTTPAPI/2.0
      - Microsoft-HTTPAPI/2.0
      strict-transport-security:
      - max-age=31536000; includeSubDomains
      transfer-encoding:
      - chunked
      vary:
      - Accept-Encoding
      x-content-type-options:
      - nosniff
      x-ms-arm-service-request-id:
      - 1bfc95c3-7e78-438d-8599-ceefce221004
    status:
      code: 200
      message: OK
- request:
    body: '{"id": "/subscriptions/00000000-0000-0000-0000-000000000000/resourceGroups/cli_test_nic_ag_address_pools000001/providers/Microsoft.Network/networkInterfaces/nic1",
      "location": "westus", "properties": {"ipConfigurations": [{"id": "/subscriptions/00000000-0000-0000-0000-000000000000/resourceGroups/cli_test_nic_ag_address_pools000001/providers/Microsoft.Network/networkInterfaces/nic1/ipConfigurations/ipconfig1",
      "properties": {"applicationGatewayBackendAddressPools": [], "privateIPAddress":
      "10.0.1.4", "privateIPAllocationMethod": "Dynamic", "privateIPAddressVersion":
      "IPv4", "subnet": {"id": "/subscriptions/00000000-0000-0000-0000-000000000000/resourceGroups/cli_test_nic_ag_address_pools000001/providers/Microsoft.Network/virtualNetworks/vnet1/subnets/subnet2"},
      "primary": true}, "name": "ipconfig1"}], "dnsSettings": {"dnsServers": []},
      "enableAcceleratedNetworking": false, "enableIPForwarding": false}}'
    headers:
      Accept:
      - application/json
      Accept-Encoding:
      - gzip, deflate
      CommandName:
      - network nic ip-config address-pool remove
      Connection:
      - keep-alive
      Content-Length:
      - '1033'
      Content-Type:
      - application/json; charset=utf-8
      ParameterSetName:
      - -g --gateway-name --nic-name --ip-config-name --address-pool
      User-Agent:
      - python/3.7.4 (Linux-4.15.0-122-generic-x86_64-with-debian-buster-sid) msrest/0.6.18
        msrest_azure/0.6.3 azure-mgmt-network/12.0.0 Azure-SDK-For-Python AZURECLI/2.14.1
      accept-language:
      - en-US
    method: PUT
    uri: https://management.azure.com/subscriptions/00000000-0000-0000-0000-000000000000/resourceGroups/cli_test_nic_ag_address_pools000001/providers/Microsoft.Network/networkInterfaces/nic1?api-version=2020-06-01
  response:
    body:
      string: "{\r\n  \"name\": \"nic1\",\r\n  \"id\": \"/subscriptions/00000000-0000-0000-0000-000000000000/resourceGroups/cli_test_nic_ag_address_pools000001/providers/Microsoft.Network/networkInterfaces/nic1\"\
        ,\r\n  \"etag\": \"W/\\\"1a5d3d39-25e4-44ab-9049-a422acd2a935\\\"\",\r\n \
        \ \"location\": \"westus\",\r\n  \"properties\": {\r\n    \"provisioningState\"\
        : \"Updating\",\r\n    \"resourceGuid\": \"45a02458-5a9c-4ea2-a2f5-c22dfcd8a72f\"\
        ,\r\n    \"ipConfigurations\": [\r\n      {\r\n        \"name\": \"ipconfig1\"\
        ,\r\n        \"id\": \"/subscriptions/00000000-0000-0000-0000-000000000000/resourceGroups/cli_test_nic_ag_address_pools000001/providers/Microsoft.Network/networkInterfaces/nic1/ipConfigurations/ipconfig1\"\
        ,\r\n        \"etag\": \"W/\\\"1a5d3d39-25e4-44ab-9049-a422acd2a935\\\"\"\
        ,\r\n        \"type\": \"Microsoft.Network/networkInterfaces/ipConfigurations\"\
        ,\r\n        \"properties\": {\r\n          \"provisioningState\": \"Updating\"\
        ,\r\n          \"privateIPAddress\": \"10.0.1.4\",\r\n          \"privateIPAllocationMethod\"\
        : \"Dynamic\",\r\n          \"subnet\": {\r\n            \"id\": \"/subscriptions/00000000-0000-0000-0000-000000000000/resourceGroups/cli_test_nic_ag_address_pools000001/providers/Microsoft.Network/virtualNetworks/vnet1/subnets/subnet2\"\
        \r\n          },\r\n          \"primary\": true,\r\n          \"privateIPAddressVersion\"\
        : \"IPv4\"\r\n        }\r\n      }\r\n    ],\r\n    \"dnsSettings\": {\r\n\
        \      \"dnsServers\": [],\r\n      \"appliedDnsServers\": [],\r\n      \"\
        internalDomainNameSuffix\": \"j1urtqusbgounoxv3iyqdnfhfd.dx.internal.cloudapp.net\"\
        \r\n    },\r\n    \"enableAcceleratedNetworking\": false,\r\n    \"enableIPForwarding\"\
        : false,\r\n    \"hostedWorkloads\": [],\r\n    \"tapConfigurations\": [],\r\
        \n    \"nicType\": \"Standard\"\r\n  },\r\n  \"type\": \"Microsoft.Network/networkInterfaces\"\
        \r\n}"
    headers:
      azure-asyncoperation:
      - https://management.azure.com/subscriptions/00000000-0000-0000-0000-000000000000/providers/Microsoft.Network/locations/westus/operations/1e9eb140-011e-4406-9532-d7e27f5f2e8c?api-version=2020-06-01
      cache-control:
      - no-cache
      content-length:
      - '1794'
      content-type:
      - application/json; charset=utf-8
      date:
      - Thu, 12 Nov 2020 09:10:54 GMT
      expires:
      - '-1'
      pragma:
      - no-cache
      server:
      - Microsoft-HTTPAPI/2.0
      - Microsoft-HTTPAPI/2.0
      strict-transport-security:
      - max-age=31536000; includeSubDomains
      transfer-encoding:
      - chunked
      vary:
      - Accept-Encoding
      x-content-type-options:
      - nosniff
      x-ms-arm-service-request-id:
      - 9936e929-668e-40c9-8f0f-d0e5d6d0cff1
      x-ms-ratelimit-remaining-subscription-writes:
      - '1193'
    status:
      code: 200
      message: OK
- request:
    body: null
    headers:
      Accept:
      - application/json
      Accept-Encoding:
      - gzip, deflate
      CommandName:
      - network nic ip-config address-pool remove
      Connection:
      - keep-alive
      ParameterSetName:
      - -g --gateway-name --nic-name --ip-config-name --address-pool
      User-Agent:
      - python/3.7.4 (Linux-4.15.0-122-generic-x86_64-with-debian-buster-sid) msrest/0.6.18
        msrest_azure/0.6.3 azure-mgmt-network/12.0.0 Azure-SDK-For-Python AZURECLI/2.14.1
    method: GET
    uri: https://management.azure.com/subscriptions/00000000-0000-0000-0000-000000000000/providers/Microsoft.Network/locations/westus/operations/1e9eb140-011e-4406-9532-d7e27f5f2e8c?api-version=2020-06-01
  response:
    body:
      string: "{\r\n  \"status\": \"Succeeded\"\r\n}"
    headers:
      cache-control:
      - no-cache
      content-length:
      - '29'
      content-type:
      - application/json; charset=utf-8
      date:
      - Thu, 12 Nov 2020 09:11:04 GMT
      expires:
      - '-1'
      pragma:
      - no-cache
      server:
      - Microsoft-HTTPAPI/2.0
      - Microsoft-HTTPAPI/2.0
      strict-transport-security:
      - max-age=31536000; includeSubDomains
      transfer-encoding:
      - chunked
      vary:
      - Accept-Encoding
      x-content-type-options:
      - nosniff
      x-ms-arm-service-request-id:
      - ce550483-8194-4d17-8fbd-ac8c343d3204
    status:
      code: 200
      message: OK
- request:
    body: null
    headers:
      Accept:
      - application/json
      Accept-Encoding:
      - gzip, deflate
      CommandName:
      - network nic ip-config address-pool remove
      Connection:
      - keep-alive
      ParameterSetName:
      - -g --gateway-name --nic-name --ip-config-name --address-pool
      User-Agent:
      - python/3.7.4 (Linux-4.15.0-122-generic-x86_64-with-debian-buster-sid) msrest/0.6.18
        msrest_azure/0.6.3 azure-mgmt-network/12.0.0 Azure-SDK-For-Python AZURECLI/2.14.1
    method: GET
    uri: https://management.azure.com/subscriptions/00000000-0000-0000-0000-000000000000/resourceGroups/cli_test_nic_ag_address_pools000001/providers/Microsoft.Network/networkInterfaces/nic1?api-version=2020-06-01
  response:
    body:
      string: "{\r\n  \"name\": \"nic1\",\r\n  \"id\": \"/subscriptions/00000000-0000-0000-0000-000000000000/resourceGroups/cli_test_nic_ag_address_pools000001/providers/Microsoft.Network/networkInterfaces/nic1\"\
        ,\r\n  \"etag\": \"W/\\\"049a9183-ccd6-4027-9227-e5e1536bfb9c\\\"\",\r\n \
        \ \"location\": \"westus\",\r\n  \"properties\": {\r\n    \"provisioningState\"\
        : \"Succeeded\",\r\n    \"resourceGuid\": \"45a02458-5a9c-4ea2-a2f5-c22dfcd8a72f\"\
        ,\r\n    \"ipConfigurations\": [\r\n      {\r\n        \"name\": \"ipconfig1\"\
        ,\r\n        \"id\": \"/subscriptions/00000000-0000-0000-0000-000000000000/resourceGroups/cli_test_nic_ag_address_pools000001/providers/Microsoft.Network/networkInterfaces/nic1/ipConfigurations/ipconfig1\"\
        ,\r\n        \"etag\": \"W/\\\"049a9183-ccd6-4027-9227-e5e1536bfb9c\\\"\"\
        ,\r\n        \"type\": \"Microsoft.Network/networkInterfaces/ipConfigurations\"\
        ,\r\n        \"properties\": {\r\n          \"provisioningState\": \"Succeeded\"\
        ,\r\n          \"privateIPAddress\": \"10.0.1.4\",\r\n          \"privateIPAllocationMethod\"\
        : \"Dynamic\",\r\n          \"subnet\": {\r\n            \"id\": \"/subscriptions/00000000-0000-0000-0000-000000000000/resourceGroups/cli_test_nic_ag_address_pools000001/providers/Microsoft.Network/virtualNetworks/vnet1/subnets/subnet2\"\
        \r\n          },\r\n          \"primary\": true,\r\n          \"privateIPAddressVersion\"\
        : \"IPv4\"\r\n        }\r\n      }\r\n    ],\r\n    \"dnsSettings\": {\r\n\
        \      \"dnsServers\": [],\r\n      \"appliedDnsServers\": [],\r\n      \"\
        internalDomainNameSuffix\": \"j1urtqusbgounoxv3iyqdnfhfd.dx.internal.cloudapp.net\"\
        \r\n    },\r\n    \"enableAcceleratedNetworking\": false,\r\n    \"enableIPForwarding\"\
        : false,\r\n    \"hostedWorkloads\": [],\r\n    \"tapConfigurations\": [],\r\
        \n    \"nicType\": \"Standard\"\r\n  },\r\n  \"type\": \"Microsoft.Network/networkInterfaces\"\
        \r\n}"
    headers:
      cache-control:
      - no-cache
      content-length:
      - '1796'
      content-type:
      - application/json; charset=utf-8
      date:
      - Thu, 12 Nov 2020 09:11:05 GMT
      etag:
      - W/"049a9183-ccd6-4027-9227-e5e1536bfb9c"
      expires:
      - '-1'
      pragma:
      - no-cache
      server:
      - Microsoft-HTTPAPI/2.0
      - Microsoft-HTTPAPI/2.0
      strict-transport-security:
      - max-age=31536000; includeSubDomains
      transfer-encoding:
      - chunked
      vary:
      - Accept-Encoding
      x-content-type-options:
      - nosniff
      x-ms-arm-service-request-id:
      - 4415e40f-d10c-4655-8346-da064b9ccad7
    status:
      code: 200
      message: OK
- request:
    body: null
    headers:
      Accept:
      - application/json
      Accept-Encoding:
      - gzip, deflate
      CommandName:
      - network nic ip-config address-pool add
      Connection:
      - keep-alive
      ParameterSetName:
      - -g --nic-name --ip-config-name --address-pool
      User-Agent:
      - python/3.7.4 (Linux-4.15.0-122-generic-x86_64-with-debian-buster-sid) msrest/0.6.18
        msrest_azure/0.6.3 azure-mgmt-network/12.0.0 Azure-SDK-For-Python AZURECLI/2.14.1
      accept-language:
      - en-US
    method: GET
    uri: https://management.azure.com/subscriptions/00000000-0000-0000-0000-000000000000/resourceGroups/cli_test_nic_ag_address_pools000001/providers/Microsoft.Network/networkInterfaces/nic1?api-version=2020-06-01
  response:
    body:
      string: "{\r\n  \"name\": \"nic1\",\r\n  \"id\": \"/subscriptions/00000000-0000-0000-0000-000000000000/resourceGroups/cli_test_nic_ag_address_pools000001/providers/Microsoft.Network/networkInterfaces/nic1\"\
        ,\r\n  \"etag\": \"W/\\\"049a9183-ccd6-4027-9227-e5e1536bfb9c\\\"\",\r\n \
        \ \"location\": \"westus\",\r\n  \"properties\": {\r\n    \"provisioningState\"\
        : \"Succeeded\",\r\n    \"resourceGuid\": \"45a02458-5a9c-4ea2-a2f5-c22dfcd8a72f\"\
        ,\r\n    \"ipConfigurations\": [\r\n      {\r\n        \"name\": \"ipconfig1\"\
        ,\r\n        \"id\": \"/subscriptions/00000000-0000-0000-0000-000000000000/resourceGroups/cli_test_nic_ag_address_pools000001/providers/Microsoft.Network/networkInterfaces/nic1/ipConfigurations/ipconfig1\"\
        ,\r\n        \"etag\": \"W/\\\"049a9183-ccd6-4027-9227-e5e1536bfb9c\\\"\"\
        ,\r\n        \"type\": \"Microsoft.Network/networkInterfaces/ipConfigurations\"\
        ,\r\n        \"properties\": {\r\n          \"provisioningState\": \"Succeeded\"\
        ,\r\n          \"privateIPAddress\": \"10.0.1.4\",\r\n          \"privateIPAllocationMethod\"\
        : \"Dynamic\",\r\n          \"subnet\": {\r\n            \"id\": \"/subscriptions/00000000-0000-0000-0000-000000000000/resourceGroups/cli_test_nic_ag_address_pools000001/providers/Microsoft.Network/virtualNetworks/vnet1/subnets/subnet2\"\
        \r\n          },\r\n          \"primary\": true,\r\n          \"privateIPAddressVersion\"\
        : \"IPv4\"\r\n        }\r\n      }\r\n    ],\r\n    \"dnsSettings\": {\r\n\
        \      \"dnsServers\": [],\r\n      \"appliedDnsServers\": [],\r\n      \"\
        internalDomainNameSuffix\": \"j1urtqusbgounoxv3iyqdnfhfd.dx.internal.cloudapp.net\"\
        \r\n    },\r\n    \"enableAcceleratedNetworking\": false,\r\n    \"enableIPForwarding\"\
        : false,\r\n    \"hostedWorkloads\": [],\r\n    \"tapConfigurations\": [],\r\
        \n    \"nicType\": \"Standard\"\r\n  },\r\n  \"type\": \"Microsoft.Network/networkInterfaces\"\
        \r\n}"
    headers:
      cache-control:
      - no-cache
      content-length:
      - '1796'
      content-type:
      - application/json; charset=utf-8
      date:
      - Thu, 12 Nov 2020 09:11:05 GMT
      etag:
      - W/"049a9183-ccd6-4027-9227-e5e1536bfb9c"
      expires:
      - '-1'
      pragma:
      - no-cache
      server:
      - Microsoft-HTTPAPI/2.0
      - Microsoft-HTTPAPI/2.0
      strict-transport-security:
      - max-age=31536000; includeSubDomains
      transfer-encoding:
      - chunked
      vary:
      - Accept-Encoding
      x-content-type-options:
      - nosniff
      x-ms-arm-service-request-id:
      - 7e6d9ec3-b8f5-44b4-abc2-5afa996f2270
    status:
      code: 200
      message: OK
- request:
    body: '{"id": "/subscriptions/00000000-0000-0000-0000-000000000000/resourceGroups/cli_test_nic_ag_address_pools000001/providers/Microsoft.Network/networkInterfaces/nic1",
      "location": "westus", "properties": {"ipConfigurations": [{"id": "/subscriptions/00000000-0000-0000-0000-000000000000/resourceGroups/cli_test_nic_ag_address_pools000001/providers/Microsoft.Network/networkInterfaces/nic1/ipConfigurations/ipconfig1",
      "properties": {"applicationGatewayBackendAddressPools": [{"id": "/subscriptions/00000000-0000-0000-0000-000000000000/resourceGroups/cli_test_nic_ag_address_pools000001/providers/Microsoft.Network/applicationGateways/ag1/backendAddressPools/pool1"}],
      "privateIPAddress": "10.0.1.4", "privateIPAllocationMethod": "Dynamic", "privateIPAddressVersion":
      "IPv4", "subnet": {"id": "/subscriptions/00000000-0000-0000-0000-000000000000/resourceGroups/cli_test_nic_ag_address_pools000001/providers/Microsoft.Network/virtualNetworks/vnet1/subnets/subnet2"},
      "primary": true}, "name": "ipconfig1"}], "dnsSettings": {"dnsServers": []},
      "enableAcceleratedNetworking": false, "enableIPForwarding": false}}'
    headers:
      Accept:
      - application/json
      Accept-Encoding:
      - gzip, deflate
      CommandName:
      - network nic ip-config address-pool add
      Connection:
      - keep-alive
      Content-Length:
      - '1263'
      Content-Type:
      - application/json; charset=utf-8
      ParameterSetName:
      - -g --nic-name --ip-config-name --address-pool
      User-Agent:
      - python/3.7.4 (Linux-4.15.0-122-generic-x86_64-with-debian-buster-sid) msrest/0.6.18
        msrest_azure/0.6.3 azure-mgmt-network/12.0.0 Azure-SDK-For-Python AZURECLI/2.14.1
      accept-language:
      - en-US
    method: PUT
    uri: https://management.azure.com/subscriptions/00000000-0000-0000-0000-000000000000/resourceGroups/cli_test_nic_ag_address_pools000001/providers/Microsoft.Network/networkInterfaces/nic1?api-version=2020-06-01
  response:
    body:
      string: "{\r\n  \"name\": \"nic1\",\r\n  \"id\": \"/subscriptions/00000000-0000-0000-0000-000000000000/resourceGroups/cli_test_nic_ag_address_pools000001/providers/Microsoft.Network/networkInterfaces/nic1\"\
        ,\r\n  \"etag\": \"W/\\\"27c597c0-104b-4ded-94e8-81136aa4af40\\\"\",\r\n \
        \ \"location\": \"westus\",\r\n  \"properties\": {\r\n    \"provisioningState\"\
        : \"Updating\",\r\n    \"resourceGuid\": \"45a02458-5a9c-4ea2-a2f5-c22dfcd8a72f\"\
        ,\r\n    \"ipConfigurations\": [\r\n      {\r\n        \"name\": \"ipconfig1\"\
        ,\r\n        \"id\": \"/subscriptions/00000000-0000-0000-0000-000000000000/resourceGroups/cli_test_nic_ag_address_pools000001/providers/Microsoft.Network/networkInterfaces/nic1/ipConfigurations/ipconfig1\"\
        ,\r\n        \"etag\": \"W/\\\"27c597c0-104b-4ded-94e8-81136aa4af40\\\"\"\
        ,\r\n        \"type\": \"Microsoft.Network/networkInterfaces/ipConfigurations\"\
        ,\r\n        \"properties\": {\r\n          \"provisioningState\": \"Updating\"\
        ,\r\n          \"privateIPAddress\": \"10.0.1.4\",\r\n          \"privateIPAllocationMethod\"\
        : \"Dynamic\",\r\n          \"subnet\": {\r\n            \"id\": \"/subscriptions/00000000-0000-0000-0000-000000000000/resourceGroups/cli_test_nic_ag_address_pools000001/providers/Microsoft.Network/virtualNetworks/vnet1/subnets/subnet2\"\
        \r\n          },\r\n          \"primary\": true,\r\n          \"privateIPAddressVersion\"\
        : \"IPv4\",\r\n          \"applicationGatewayBackendAddressPools\": [\r\n\
        \            {\r\n              \"id\": \"/subscriptions/00000000-0000-0000-0000-000000000000/resourceGroups/cli_test_nic_ag_address_pools000001/providers/Microsoft.Network/applicationGateways/ag1/backendAddressPools/pool1\"\
        \r\n            }\r\n          ]\r\n        }\r\n      }\r\n    ],\r\n   \
        \ \"dnsSettings\": {\r\n      \"dnsServers\": [],\r\n      \"appliedDnsServers\"\
        : [],\r\n      \"internalDomainNameSuffix\": \"j1urtqusbgounoxv3iyqdnfhfd.dx.internal.cloudapp.net\"\
        \r\n    },\r\n    \"enableAcceleratedNetworking\": false,\r\n    \"enableIPForwarding\"\
        : false,\r\n    \"hostedWorkloads\": [],\r\n    \"tapConfigurations\": [],\r\
        \n    \"nicType\": \"Standard\"\r\n  },\r\n  \"type\": \"Microsoft.Network/networkInterfaces\"\
        \r\n}"
    headers:
      azure-asyncoperation:
      - https://management.azure.com/subscriptions/00000000-0000-0000-0000-000000000000/providers/Microsoft.Network/locations/westus/operations/fc6c3b90-ab90-42f2-879e-aed897979965?api-version=2020-06-01
      cache-control:
      - no-cache
      content-length:
      - '2136'
      content-type:
      - application/json; charset=utf-8
      date:
      - Thu, 12 Nov 2020 09:11:06 GMT
      expires:
      - '-1'
      pragma:
      - no-cache
      server:
      - Microsoft-HTTPAPI/2.0
      - Microsoft-HTTPAPI/2.0
      strict-transport-security:
      - max-age=31536000; includeSubDomains
      transfer-encoding:
      - chunked
      vary:
      - Accept-Encoding
      x-content-type-options:
      - nosniff
      x-ms-arm-service-request-id:
      - 5dbcc220-fd3d-4dbd-97fc-b35181c57eee
      x-ms-ratelimit-remaining-subscription-writes:
      - '1190'
    status:
      code: 200
      message: OK
- request:
    body: null
    headers:
      Accept:
      - application/json
      Accept-Encoding:
      - gzip, deflate
      CommandName:
      - network nic ip-config address-pool add
      Connection:
      - keep-alive
      ParameterSetName:
      - -g --nic-name --ip-config-name --address-pool
      User-Agent:
      - python/3.7.4 (Linux-4.15.0-122-generic-x86_64-with-debian-buster-sid) msrest/0.6.18
        msrest_azure/0.6.3 azure-mgmt-network/12.0.0 Azure-SDK-For-Python AZURECLI/2.14.1
    method: GET
    uri: https://management.azure.com/subscriptions/00000000-0000-0000-0000-000000000000/providers/Microsoft.Network/locations/westus/operations/fc6c3b90-ab90-42f2-879e-aed897979965?api-version=2020-06-01
  response:
    body:
      string: "{\r\n  \"status\": \"Succeeded\"\r\n}"
    headers:
      cache-control:
      - no-cache
      content-length:
      - '29'
      content-type:
      - application/json; charset=utf-8
      date:
      - Thu, 12 Nov 2020 09:11:17 GMT
      expires:
      - '-1'
      pragma:
      - no-cache
      server:
      - Microsoft-HTTPAPI/2.0
      - Microsoft-HTTPAPI/2.0
      strict-transport-security:
      - max-age=31536000; includeSubDomains
      transfer-encoding:
      - chunked
      vary:
      - Accept-Encoding
      x-content-type-options:
      - nosniff
      x-ms-arm-service-request-id:
      - 7d3b941c-49c7-4f31-82f7-294cccc75621
    status:
      code: 200
      message: OK
- request:
    body: null
    headers:
      Accept:
      - application/json
      Accept-Encoding:
      - gzip, deflate
      CommandName:
      - network nic ip-config address-pool add
      Connection:
      - keep-alive
      ParameterSetName:
      - -g --nic-name --ip-config-name --address-pool
      User-Agent:
      - python/3.7.4 (Linux-4.15.0-122-generic-x86_64-with-debian-buster-sid) msrest/0.6.18
        msrest_azure/0.6.3 azure-mgmt-network/12.0.0 Azure-SDK-For-Python AZURECLI/2.14.1
    method: GET
    uri: https://management.azure.com/subscriptions/00000000-0000-0000-0000-000000000000/resourceGroups/cli_test_nic_ag_address_pools000001/providers/Microsoft.Network/networkInterfaces/nic1?api-version=2020-06-01
  response:
    body:
      string: "{\r\n  \"name\": \"nic1\",\r\n  \"id\": \"/subscriptions/00000000-0000-0000-0000-000000000000/resourceGroups/cli_test_nic_ag_address_pools000001/providers/Microsoft.Network/networkInterfaces/nic1\"\
        ,\r\n  \"etag\": \"W/\\\"e4707685-82bc-4f92-abb5-41ec5bfeffe5\\\"\",\r\n \
        \ \"location\": \"westus\",\r\n  \"properties\": {\r\n    \"provisioningState\"\
        : \"Succeeded\",\r\n    \"resourceGuid\": \"45a02458-5a9c-4ea2-a2f5-c22dfcd8a72f\"\
        ,\r\n    \"ipConfigurations\": [\r\n      {\r\n        \"name\": \"ipconfig1\"\
        ,\r\n        \"id\": \"/subscriptions/00000000-0000-0000-0000-000000000000/resourceGroups/cli_test_nic_ag_address_pools000001/providers/Microsoft.Network/networkInterfaces/nic1/ipConfigurations/ipconfig1\"\
        ,\r\n        \"etag\": \"W/\\\"e4707685-82bc-4f92-abb5-41ec5bfeffe5\\\"\"\
        ,\r\n        \"type\": \"Microsoft.Network/networkInterfaces/ipConfigurations\"\
        ,\r\n        \"properties\": {\r\n          \"provisioningState\": \"Succeeded\"\
        ,\r\n          \"privateIPAddress\": \"10.0.1.4\",\r\n          \"privateIPAllocationMethod\"\
        : \"Dynamic\",\r\n          \"subnet\": {\r\n            \"id\": \"/subscriptions/00000000-0000-0000-0000-000000000000/resourceGroups/cli_test_nic_ag_address_pools000001/providers/Microsoft.Network/virtualNetworks/vnet1/subnets/subnet2\"\
        \r\n          },\r\n          \"primary\": true,\r\n          \"privateIPAddressVersion\"\
        : \"IPv4\",\r\n          \"applicationGatewayBackendAddressPools\": [\r\n\
        \            {\r\n              \"id\": \"/subscriptions/00000000-0000-0000-0000-000000000000/resourceGroups/cli_test_nic_ag_address_pools000001/providers/Microsoft.Network/applicationGateways/ag1/backendAddressPools/pool1\"\
        \r\n            }\r\n          ]\r\n        }\r\n      }\r\n    ],\r\n   \
        \ \"dnsSettings\": {\r\n      \"dnsServers\": [],\r\n      \"appliedDnsServers\"\
        : [],\r\n      \"internalDomainNameSuffix\": \"j1urtqusbgounoxv3iyqdnfhfd.dx.internal.cloudapp.net\"\
        \r\n    },\r\n    \"enableAcceleratedNetworking\": false,\r\n    \"enableIPForwarding\"\
        : false,\r\n    \"hostedWorkloads\": [],\r\n    \"tapConfigurations\": [],\r\
        \n    \"nicType\": \"Standard\"\r\n  },\r\n  \"type\": \"Microsoft.Network/networkInterfaces\"\
        \r\n}"
    headers:
      cache-control:
      - no-cache
      content-length:
      - '2138'
      content-type:
      - application/json; charset=utf-8
      date:
      - Thu, 12 Nov 2020 09:11:17 GMT
      etag:
      - W/"e4707685-82bc-4f92-abb5-41ec5bfeffe5"
      expires:
      - '-1'
      pragma:
      - no-cache
      server:
      - Microsoft-HTTPAPI/2.0
      - Microsoft-HTTPAPI/2.0
      strict-transport-security:
      - max-age=31536000; includeSubDomains
      transfer-encoding:
      - chunked
      vary:
      - Accept-Encoding
      x-content-type-options:
      - nosniff
      x-ms-arm-service-request-id:
      - a4625999-73df-4c82-a818-7a502256e44d
    status:
      code: 200
      message: OK
- request:
    body: null
    headers:
      Accept:
      - application/json
      Accept-Encoding:
      - gzip, deflate
      CommandName:
      - network nic ip-config address-pool remove
      Connection:
      - keep-alive
      ParameterSetName:
      - -g --nic-name --ip-config-name --address-pool
      User-Agent:
      - python/3.7.4 (Linux-4.15.0-122-generic-x86_64-with-debian-buster-sid) msrest/0.6.18
        msrest_azure/0.6.3 azure-mgmt-network/12.0.0 Azure-SDK-For-Python AZURECLI/2.14.1
      accept-language:
      - en-US
    method: GET
    uri: https://management.azure.com/subscriptions/00000000-0000-0000-0000-000000000000/resourceGroups/cli_test_nic_ag_address_pools000001/providers/Microsoft.Network/networkInterfaces/nic1?api-version=2020-06-01
  response:
    body:
      string: "{\r\n  \"name\": \"nic1\",\r\n  \"id\": \"/subscriptions/00000000-0000-0000-0000-000000000000/resourceGroups/cli_test_nic_ag_address_pools000001/providers/Microsoft.Network/networkInterfaces/nic1\"\
        ,\r\n  \"etag\": \"W/\\\"e4707685-82bc-4f92-abb5-41ec5bfeffe5\\\"\",\r\n \
        \ \"location\": \"westus\",\r\n  \"properties\": {\r\n    \"provisioningState\"\
        : \"Succeeded\",\r\n    \"resourceGuid\": \"45a02458-5a9c-4ea2-a2f5-c22dfcd8a72f\"\
        ,\r\n    \"ipConfigurations\": [\r\n      {\r\n        \"name\": \"ipconfig1\"\
        ,\r\n        \"id\": \"/subscriptions/00000000-0000-0000-0000-000000000000/resourceGroups/cli_test_nic_ag_address_pools000001/providers/Microsoft.Network/networkInterfaces/nic1/ipConfigurations/ipconfig1\"\
        ,\r\n        \"etag\": \"W/\\\"e4707685-82bc-4f92-abb5-41ec5bfeffe5\\\"\"\
        ,\r\n        \"type\": \"Microsoft.Network/networkInterfaces/ipConfigurations\"\
        ,\r\n        \"properties\": {\r\n          \"provisioningState\": \"Succeeded\"\
        ,\r\n          \"privateIPAddress\": \"10.0.1.4\",\r\n          \"privateIPAllocationMethod\"\
        : \"Dynamic\",\r\n          \"subnet\": {\r\n            \"id\": \"/subscriptions/00000000-0000-0000-0000-000000000000/resourceGroups/cli_test_nic_ag_address_pools000001/providers/Microsoft.Network/virtualNetworks/vnet1/subnets/subnet2\"\
        \r\n          },\r\n          \"primary\": true,\r\n          \"privateIPAddressVersion\"\
        : \"IPv4\",\r\n          \"applicationGatewayBackendAddressPools\": [\r\n\
        \            {\r\n              \"id\": \"/subscriptions/00000000-0000-0000-0000-000000000000/resourceGroups/cli_test_nic_ag_address_pools000001/providers/Microsoft.Network/applicationGateways/ag1/backendAddressPools/pool1\"\
        \r\n            }\r\n          ]\r\n        }\r\n      }\r\n    ],\r\n   \
        \ \"dnsSettings\": {\r\n      \"dnsServers\": [],\r\n      \"appliedDnsServers\"\
        : [],\r\n      \"internalDomainNameSuffix\": \"j1urtqusbgounoxv3iyqdnfhfd.dx.internal.cloudapp.net\"\
        \r\n    },\r\n    \"enableAcceleratedNetworking\": false,\r\n    \"enableIPForwarding\"\
        : false,\r\n    \"hostedWorkloads\": [],\r\n    \"tapConfigurations\": [],\r\
        \n    \"nicType\": \"Standard\"\r\n  },\r\n  \"type\": \"Microsoft.Network/networkInterfaces\"\
        \r\n}"
    headers:
      cache-control:
      - no-cache
      content-length:
      - '2138'
      content-type:
      - application/json; charset=utf-8
      date:
      - Thu, 12 Nov 2020 09:11:17 GMT
      etag:
      - W/"e4707685-82bc-4f92-abb5-41ec5bfeffe5"
      expires:
      - '-1'
      pragma:
      - no-cache
      server:
      - Microsoft-HTTPAPI/2.0
      - Microsoft-HTTPAPI/2.0
      strict-transport-security:
      - max-age=31536000; includeSubDomains
      transfer-encoding:
      - chunked
      vary:
      - Accept-Encoding
      x-content-type-options:
      - nosniff
      x-ms-arm-service-request-id:
      - b652feb7-0b54-4c3f-ba7e-39bf1b327a33
    status:
      code: 200
      message: OK
- request:
    body: '{"id": "/subscriptions/00000000-0000-0000-0000-000000000000/resourceGroups/cli_test_nic_ag_address_pools000001/providers/Microsoft.Network/networkInterfaces/nic1",
      "location": "westus", "properties": {"ipConfigurations": [{"id": "/subscriptions/00000000-0000-0000-0000-000000000000/resourceGroups/cli_test_nic_ag_address_pools000001/providers/Microsoft.Network/networkInterfaces/nic1/ipConfigurations/ipconfig1",
      "properties": {"applicationGatewayBackendAddressPools": [], "privateIPAddress":
      "10.0.1.4", "privateIPAllocationMethod": "Dynamic", "privateIPAddressVersion":
      "IPv4", "subnet": {"id": "/subscriptions/00000000-0000-0000-0000-000000000000/resourceGroups/cli_test_nic_ag_address_pools000001/providers/Microsoft.Network/virtualNetworks/vnet1/subnets/subnet2"},
      "primary": true}, "name": "ipconfig1"}], "dnsSettings": {"dnsServers": []},
      "enableAcceleratedNetworking": false, "enableIPForwarding": false}}'
    headers:
      Accept:
      - application/json
      Accept-Encoding:
      - gzip, deflate
      CommandName:
      - network nic ip-config address-pool remove
      Connection:
      - keep-alive
      Content-Length:
      - '1033'
      Content-Type:
      - application/json; charset=utf-8
      ParameterSetName:
      - -g --nic-name --ip-config-name --address-pool
      User-Agent:
      - python/3.7.4 (Linux-4.15.0-122-generic-x86_64-with-debian-buster-sid) msrest/0.6.18
        msrest_azure/0.6.3 azure-mgmt-network/12.0.0 Azure-SDK-For-Python AZURECLI/2.14.1
      accept-language:
      - en-US
    method: PUT
    uri: https://management.azure.com/subscriptions/00000000-0000-0000-0000-000000000000/resourceGroups/cli_test_nic_ag_address_pools000001/providers/Microsoft.Network/networkInterfaces/nic1?api-version=2020-06-01
  response:
    body:
      string: "{\r\n  \"name\": \"nic1\",\r\n  \"id\": \"/subscriptions/00000000-0000-0000-0000-000000000000/resourceGroups/cli_test_nic_ag_address_pools000001/providers/Microsoft.Network/networkInterfaces/nic1\"\
        ,\r\n  \"etag\": \"W/\\\"919eae7d-5a0f-401e-a5f6-f1afc0b4aef1\\\"\",\r\n \
        \ \"location\": \"westus\",\r\n  \"properties\": {\r\n    \"provisioningState\"\
        : \"Updating\",\r\n    \"resourceGuid\": \"45a02458-5a9c-4ea2-a2f5-c22dfcd8a72f\"\
        ,\r\n    \"ipConfigurations\": [\r\n      {\r\n        \"name\": \"ipconfig1\"\
        ,\r\n        \"id\": \"/subscriptions/00000000-0000-0000-0000-000000000000/resourceGroups/cli_test_nic_ag_address_pools000001/providers/Microsoft.Network/networkInterfaces/nic1/ipConfigurations/ipconfig1\"\
        ,\r\n        \"etag\": \"W/\\\"919eae7d-5a0f-401e-a5f6-f1afc0b4aef1\\\"\"\
        ,\r\n        \"type\": \"Microsoft.Network/networkInterfaces/ipConfigurations\"\
        ,\r\n        \"properties\": {\r\n          \"provisioningState\": \"Updating\"\
        ,\r\n          \"privateIPAddress\": \"10.0.1.4\",\r\n          \"privateIPAllocationMethod\"\
        : \"Dynamic\",\r\n          \"subnet\": {\r\n            \"id\": \"/subscriptions/00000000-0000-0000-0000-000000000000/resourceGroups/cli_test_nic_ag_address_pools000001/providers/Microsoft.Network/virtualNetworks/vnet1/subnets/subnet2\"\
        \r\n          },\r\n          \"primary\": true,\r\n          \"privateIPAddressVersion\"\
        : \"IPv4\"\r\n        }\r\n      }\r\n    ],\r\n    \"dnsSettings\": {\r\n\
        \      \"dnsServers\": [],\r\n      \"appliedDnsServers\": [],\r\n      \"\
        internalDomainNameSuffix\": \"j1urtqusbgounoxv3iyqdnfhfd.dx.internal.cloudapp.net\"\
        \r\n    },\r\n    \"enableAcceleratedNetworking\": false,\r\n    \"enableIPForwarding\"\
        : false,\r\n    \"hostedWorkloads\": [],\r\n    \"tapConfigurations\": [],\r\
        \n    \"nicType\": \"Standard\"\r\n  },\r\n  \"type\": \"Microsoft.Network/networkInterfaces\"\
        \r\n}"
    headers:
      azure-asyncoperation:
      - https://management.azure.com/subscriptions/00000000-0000-0000-0000-000000000000/providers/Microsoft.Network/locations/westus/operations/9561f19e-1831-494c-b231-e5aa265d89be?api-version=2020-06-01
      cache-control:
      - no-cache
      content-length:
      - '1794'
      content-type:
      - application/json; charset=utf-8
      date:
      - Thu, 12 Nov 2020 09:11:18 GMT
      expires:
      - '-1'
      pragma:
      - no-cache
      server:
      - Microsoft-HTTPAPI/2.0
      - Microsoft-HTTPAPI/2.0
      strict-transport-security:
      - max-age=31536000; includeSubDomains
      transfer-encoding:
      - chunked
      vary:
      - Accept-Encoding
      x-content-type-options:
      - nosniff
      x-ms-arm-service-request-id:
      - ee2e8e9d-98e6-4ca4-9897-a55388d0e8cc
      x-ms-ratelimit-remaining-subscription-writes:
      - '1189'
    status:
      code: 200
      message: OK
- request:
    body: null
    headers:
      Accept:
      - application/json
      Accept-Encoding:
      - gzip, deflate
      CommandName:
      - network nic ip-config address-pool remove
      Connection:
      - keep-alive
      ParameterSetName:
      - -g --nic-name --ip-config-name --address-pool
      User-Agent:
      - python/3.7.4 (Linux-4.15.0-122-generic-x86_64-with-debian-buster-sid) msrest/0.6.18
        msrest_azure/0.6.3 azure-mgmt-network/12.0.0 Azure-SDK-For-Python AZURECLI/2.14.1
    method: GET
    uri: https://management.azure.com/subscriptions/00000000-0000-0000-0000-000000000000/providers/Microsoft.Network/locations/westus/operations/9561f19e-1831-494c-b231-e5aa265d89be?api-version=2020-06-01
  response:
    body:
      string: "{\r\n  \"status\": \"Succeeded\"\r\n}"
    headers:
      cache-control:
      - no-cache
      content-length:
      - '29'
      content-type:
      - application/json; charset=utf-8
      date:
      - Thu, 12 Nov 2020 09:11:30 GMT
      expires:
      - '-1'
      pragma:
      - no-cache
      server:
      - Microsoft-HTTPAPI/2.0
      - Microsoft-HTTPAPI/2.0
      strict-transport-security:
      - max-age=31536000; includeSubDomains
      transfer-encoding:
      - chunked
      vary:
      - Accept-Encoding
      x-content-type-options:
      - nosniff
      x-ms-arm-service-request-id:
      - a38e92b7-9df4-49b3-b030-cbc16470ce45
    status:
      code: 200
      message: OK
- request:
    body: null
    headers:
      Accept:
      - application/json
      Accept-Encoding:
      - gzip, deflate
      CommandName:
      - network nic ip-config address-pool remove
      Connection:
      - keep-alive
      ParameterSetName:
      - -g --nic-name --ip-config-name --address-pool
      User-Agent:
      - python/3.7.4 (Linux-4.15.0-122-generic-x86_64-with-debian-buster-sid) msrest/0.6.18
        msrest_azure/0.6.3 azure-mgmt-network/12.0.0 Azure-SDK-For-Python AZURECLI/2.14.1
    method: GET
    uri: https://management.azure.com/subscriptions/00000000-0000-0000-0000-000000000000/resourceGroups/cli_test_nic_ag_address_pools000001/providers/Microsoft.Network/networkInterfaces/nic1?api-version=2020-06-01
  response:
    body:
      string: "{\r\n  \"name\": \"nic1\",\r\n  \"id\": \"/subscriptions/00000000-0000-0000-0000-000000000000/resourceGroups/cli_test_nic_ag_address_pools000001/providers/Microsoft.Network/networkInterfaces/nic1\"\
        ,\r\n  \"etag\": \"W/\\\"ba0009d7-4eff-461c-b345-6306b969895e\\\"\",\r\n \
        \ \"location\": \"westus\",\r\n  \"properties\": {\r\n    \"provisioningState\"\
        : \"Succeeded\",\r\n    \"resourceGuid\": \"45a02458-5a9c-4ea2-a2f5-c22dfcd8a72f\"\
        ,\r\n    \"ipConfigurations\": [\r\n      {\r\n        \"name\": \"ipconfig1\"\
        ,\r\n        \"id\": \"/subscriptions/00000000-0000-0000-0000-000000000000/resourceGroups/cli_test_nic_ag_address_pools000001/providers/Microsoft.Network/networkInterfaces/nic1/ipConfigurations/ipconfig1\"\
        ,\r\n        \"etag\": \"W/\\\"ba0009d7-4eff-461c-b345-6306b969895e\\\"\"\
        ,\r\n        \"type\": \"Microsoft.Network/networkInterfaces/ipConfigurations\"\
        ,\r\n        \"properties\": {\r\n          \"provisioningState\": \"Succeeded\"\
        ,\r\n          \"privateIPAddress\": \"10.0.1.4\",\r\n          \"privateIPAllocationMethod\"\
        : \"Dynamic\",\r\n          \"subnet\": {\r\n            \"id\": \"/subscriptions/00000000-0000-0000-0000-000000000000/resourceGroups/cli_test_nic_ag_address_pools000001/providers/Microsoft.Network/virtualNetworks/vnet1/subnets/subnet2\"\
        \r\n          },\r\n          \"primary\": true,\r\n          \"privateIPAddressVersion\"\
        : \"IPv4\"\r\n        }\r\n      }\r\n    ],\r\n    \"dnsSettings\": {\r\n\
        \      \"dnsServers\": [],\r\n      \"appliedDnsServers\": [],\r\n      \"\
        internalDomainNameSuffix\": \"j1urtqusbgounoxv3iyqdnfhfd.dx.internal.cloudapp.net\"\
        \r\n    },\r\n    \"enableAcceleratedNetworking\": false,\r\n    \"enableIPForwarding\"\
        : false,\r\n    \"hostedWorkloads\": [],\r\n    \"tapConfigurations\": [],\r\
        \n    \"nicType\": \"Standard\"\r\n  },\r\n  \"type\": \"Microsoft.Network/networkInterfaces\"\
        \r\n}"
    headers:
      cache-control:
      - no-cache
      content-length:
      - '1796'
      content-type:
      - application/json; charset=utf-8
      date:
      - Thu, 12 Nov 2020 09:11:30 GMT
      etag:
      - W/"ba0009d7-4eff-461c-b345-6306b969895e"
      expires:
      - '-1'
      pragma:
      - no-cache
      server:
      - Microsoft-HTTPAPI/2.0
      - Microsoft-HTTPAPI/2.0
      strict-transport-security:
      - max-age=31536000; includeSubDomains
      transfer-encoding:
      - chunked
      vary:
      - Accept-Encoding
      x-content-type-options:
      - nosniff
      x-ms-arm-service-request-id:
      - 28540d18-a241-4e9e-9fad-4e491816a5d2
    status:
      code: 200
      message: OK
version: 1
