interactions:
- request:
    body: null
    headers:
      Accept:
      - application/json
      Accept-Encoding:
      - gzip, deflate
      CommandName:
      - network lb create
      Connection:
      - keep-alive
      ParameterSetName:
      - -g -n --sku
      User-Agent:
      - AZURECLI/2.45.0 azsdk-python-azure-mgmt-resource/22.0.0 Python/3.10.9 (Linux-5.15.0-1031-azure-x86_64-with-glibc2.31)
        VSTS_7b238909-6802-4b65-b90d-184bca47f458_build_220_0
    method: GET
    uri: https://management.azure.com/subscriptions/00000000-0000-0000-0000-000000000000/resourcegroups/test_network_lb_outbound_rules000001?api-version=2022-09-01
  response:
    body:
      string: '{"id":"/subscriptions/00000000-0000-0000-0000-000000000000/resourceGroups/test_network_lb_outbound_rules000001","name":"test_network_lb_outbound_rules000001","type":"Microsoft.Resources/resourceGroups","location":"eastus2","tags":{"product":"azurecli","cause":"automation","date":"2023-02-07T18:41:30Z"},"properties":{"provisioningState":"Succeeded"}}'
    headers:
      cache-control:
      - no-cache
      content-length:
      - '351'
      content-type:
      - application/json; charset=utf-8
      date:
      - Tue, 07 Feb 2023 18:41:31 GMT
      expires:
      - '-1'
      pragma:
      - no-cache
      strict-transport-security:
      - max-age=31536000; includeSubDomains
      vary:
      - Accept-Encoding
      x-content-type-options:
      - nosniff
    status:
      code: 200
      message: OK
- request:
    body: null
    headers:
      Accept:
      - application/json
      Accept-Encoding:
      - gzip, deflate
      CommandName:
      - network lb create
      Connection:
      - keep-alive
      ParameterSetName:
      - -g -n --sku
      User-Agent:
      - AZURECLI/2.45.0 azsdk-python-azure-mgmt-resource/22.0.0 Python/3.10.9 (Linux-5.15.0-1031-azure-x86_64-with-glibc2.31)
        VSTS_7b238909-6802-4b65-b90d-184bca47f458_build_220_0
    method: GET
    uri: https://management.azure.com/subscriptions/00000000-0000-0000-0000-000000000000/resources?$filter=resourceGroup%20eq%20%27test_network_lb_outbound_rules000001%27%20and%20name%20eq%20%27None%27%20and%20resourceType%20eq%20%27Microsoft.Network%2FpublicIPAddresses%27&api-version=2022-09-01
  response:
    body:
      string: '{"value":[],"nextLink":"https://management.azure.com/subscriptions/00000000-0000-0000-0000-000000000000/resources?%24filter=resourceGroup+eq+%27test_network_lb_outbound_rules000001%27+and+name+eq+%27None%27+and+resourceType+eq+%27Microsoft.Network%2fpublicIPAddresses%27&api-version=2022-09-01&%24skiptoken=eyJuZXh0UGFydGl0aW9uS2V5IjoiMSE4IU9FTTVOa1UtIiwibmV4dFJvd0tleSI6IjEhMjE2IU1FSXhSalkwTnpFeFFrWXdORVJFUVVGRlF6TkRRamt5TnpKR01EazFPVEJmUjFKTUxWUkZVMVE2TlVaT1Z6bzFSa1pNVDFjNk5VWk1UMGM2TlVaUVNqWkhWMDFhVUZGRFYwTk1TMFZaVUU4M1RGUlFmRFEyTkRVNFF6VXpNa0UxUlRJek1EY3RUVWxEVWs5VFQwWlVPakpGVGtWVVYwOVNTem95UmxaSlVsUlZRVXhPUlZSWFQxSkxVem95UmxaT1JWUXhMVU5GVGxSU1FVeFZVMFZWUVZBLSJ9"}'
    headers:
      cache-control:
      - no-cache
      content-length:
      - '673'
      content-type:
      - application/json; charset=utf-8
      date:
      - Tue, 07 Feb 2023 18:41:31 GMT
      expires:
      - '-1'
      pragma:
      - no-cache
      strict-transport-security:
      - max-age=31536000; includeSubDomains
      vary:
      - Accept-Encoding
      x-content-type-options:
      - nosniff
    status:
      code: 200
      message: OK
- request:
    body: null
    headers:
      Accept:
      - '*/*'
      Accept-Encoding:
      - gzip, deflate
      CommandName:
      - network lb create
      Connection:
      - keep-alive
      ParameterSetName:
      - -g -n --sku
      User-Agent:
      - AZURECLI/2.45.0 azsdk-python-azure-mgmt-resource/22.0.0 Python/3.10.9 (Linux-5.15.0-1031-azure-x86_64-with-glibc2.31)
        VSTS_7b238909-6802-4b65-b90d-184bca47f458_build_220_0
    method: GET
    uri: https://management.azure.com/subscriptions/00000000-0000-0000-0000-000000000000/resources?$filter=resourceGroup%20eq%20%27test_network_lb_outbound_rules000001%27%20and%20name%20eq%20%27None%27%20and%20resourceType%20eq%20%27Microsoft.Network/publicIPAddresses%27&api-version=2022-09-01&$skiptoken=eyJuZXh0UGFydGl0aW9uS2V5IjoiMSE4IU9FTTVOa1UtIiwibmV4dFJvd0tleSI6IjEhMjE2IU1FSXhSalkwTnpFeFFrWXdORVJFUVVGRlF6TkRRamt5TnpKR01EazFPVEJmUjFKTUxWUkZVMVE2TlVaT1Z6bzFSa1pNVDFjNk5VWk1UMGM2TlVaUVNqWkhWMDFhVUZGRFYwTk1TMFZaVUU4M1RGUlFmRFEyTkRVNFF6VXpNa0UxUlRJek1EY3RUVWxEVWs5VFQwWlVPakpGVGtWVVYwOVNTem95UmxaSlVsUlZRVXhPUlZSWFQxSkxVem95UmxaT1JWUXhMVU5GVGxSU1FVeFZVMFZWUVZBLSJ9
  response:
    body:
      string: '{"value":[]}'
    headers:
      cache-control:
      - no-cache
      content-length:
      - '12'
      content-type:
      - application/json; charset=utf-8
      date:
      - Tue, 07 Feb 2023 18:41:31 GMT
      expires:
      - '-1'
      pragma:
      - no-cache
      strict-transport-security:
      - max-age=31536000; includeSubDomains
      vary:
      - Accept-Encoding
      x-content-type-options:
      - nosniff
    status:
      code: 200
      message: OK
- request:
    body: '{"properties": {"template": {"$schema": "https://schema.management.azure.com/schemas/2015-01-01/deploymentTemplate.json#",
      "contentVersion": "1.0.0.0", "parameters": {}, "variables": {}, "resources":
      [{"apiVersion": "2022-01-01", "type": "Microsoft.Network/publicIPAddresses",
      "name": "PublicIPlb1", "location": "eastus2", "tags": {}, "dependsOn": [], "properties":
      {"publicIPAllocationMethod": "Static"}, "sku": {"name": "Standard"}}, {"type":
      "Microsoft.Network/loadBalancers", "name": "lb1", "location": "eastus2", "tags":
      {}, "apiVersion": "2022-01-01", "dependsOn": ["Microsoft.Network/publicIpAddresses/PublicIPlb1"],
      "properties": {"backendAddressPools": [{"name": "lb1bepool"}], "frontendIPConfigurations":
      [{"name": "LoadBalancerFrontEnd", "properties": {"publicIPAddress": {"id": "/subscriptions/00000000-0000-0000-0000-000000000000/resourceGroups/test_network_lb_outbound_rules000001/providers/Microsoft.Network/publicIPAddresses/PublicIPlb1"},
      "privateIPAddressVersion": "IPv4"}}]}, "sku": {"name": "Standard"}}], "outputs":
      {"loadBalancer": {"type": "object", "value": "[reference(''lb1'')]"}}}, "parameters":
      {}, "mode": "incremental"}}'
    headers:
      Accept:
      - application/json
      Accept-Encoding:
      - gzip, deflate
      CommandName:
      - network lb create
      Connection:
      - keep-alive
      Content-Length:
      - '1148'
      Content-Type:
      - application/json
      ParameterSetName:
      - -g -n --sku
      User-Agent:
      - AZURECLI/2.45.0 azsdk-python-azure-mgmt-resource/22.0.0 Python/3.10.9 (Linux-5.15.0-1031-azure-x86_64-with-glibc2.31)
        VSTS_7b238909-6802-4b65-b90d-184bca47f458_build_220_0
    method: PUT
    uri: https://management.azure.com/subscriptions/00000000-0000-0000-0000-000000000000/resourcegroups/test_network_lb_outbound_rules000001/providers/Microsoft.Resources/deployments/mock-deployment?api-version=2022-09-01
  response:
    body:
      string: '{"id":"/subscriptions/00000000-0000-0000-0000-000000000000/resourceGroups/test_network_lb_outbound_rules000001/providers/Microsoft.Resources/deployments/lb_deploy_1KRHtlMUcV429poGpx79jZElkPYD4vLh","name":"lb_deploy_1KRHtlMUcV429poGpx79jZElkPYD4vLh","type":"Microsoft.Resources/deployments","properties":{"templateHash":"13172104767806000709","parameters":{},"mode":"Incremental","provisioningState":"Accepted","timestamp":"2023-02-07T18:41:33.6460788Z","duration":"PT0.0005793S","correlationId":"b5ef56a5-da58-4232-8dd4-669367ee67e9","providers":[{"namespace":"Microsoft.Network","resourceTypes":[{"resourceType":"publicIPAddresses","locations":["eastus2"]},{"resourceType":"loadBalancers","locations":["eastus2"]}]}],"dependencies":[{"dependsOn":[{"id":"/subscriptions/00000000-0000-0000-0000-000000000000/resourceGroups/test_network_lb_outbound_rules000001/providers/Microsoft.Network/publicIPAddresses/PublicIPlb1","resourceType":"Microsoft.Network/publicIPAddresses","resourceName":"PublicIPlb1"}],"id":"/subscriptions/00000000-0000-0000-0000-000000000000/resourceGroups/test_network_lb_outbound_rules000001/providers/Microsoft.Network/loadBalancers/lb1","resourceType":"Microsoft.Network/loadBalancers","resourceName":"lb1"}]}}'
    headers:
      azure-asyncoperation:
      - https://management.azure.com/subscriptions/00000000-0000-0000-0000-000000000000/resourcegroups/test_network_lb_outbound_rules000001/providers/Microsoft.Resources/deployments/lb_deploy_1KRHtlMUcV429poGpx79jZElkPYD4vLh/operationStatuses/08585258115925385504?api-version=2022-09-01
      cache-control:
      - no-cache
      content-length:
      - '1232'
      content-type:
      - application/json; charset=utf-8
      date:
      - Tue, 07 Feb 2023 18:41:32 GMT
      expires:
      - '-1'
      pragma:
      - no-cache
      strict-transport-security:
      - max-age=31536000; includeSubDomains
      x-content-type-options:
      - nosniff
      x-ms-ratelimit-remaining-subscription-writes:
      - '1197'
    status:
      code: 201
      message: Created
- request:
    body: null
    headers:
      Accept:
      - '*/*'
      Accept-Encoding:
      - gzip, deflate
      CommandName:
      - network lb create
      Connection:
      - keep-alive
      ParameterSetName:
      - -g -n --sku
      User-Agent:
      - AZURECLI/2.45.0 azsdk-python-azure-mgmt-resource/22.0.0 Python/3.10.9 (Linux-5.15.0-1031-azure-x86_64-with-glibc2.31)
        VSTS_7b238909-6802-4b65-b90d-184bca47f458_build_220_0
    method: GET
    uri: https://management.azure.com/subscriptions/00000000-0000-0000-0000-000000000000/resourcegroups/test_network_lb_outbound_rules000001/providers/Microsoft.Resources/deployments/mock-deployment/operationStatuses/08585258115925385504?api-version=2022-09-01
  response:
    body:
      string: '{"status":"Succeeded"}'
    headers:
      cache-control:
      - no-cache
      content-length:
      - '22'
      content-type:
      - application/json; charset=utf-8
      date:
      - Tue, 07 Feb 2023 18:42:02 GMT
      expires:
      - '-1'
      pragma:
      - no-cache
      strict-transport-security:
      - max-age=31536000; includeSubDomains
      x-content-type-options:
      - nosniff
    status:
      code: 200
      message: OK
- request:
    body: null
    headers:
      Accept:
      - '*/*'
      Accept-Encoding:
      - gzip, deflate
      CommandName:
      - network lb create
      Connection:
      - keep-alive
      ParameterSetName:
      - -g -n --sku
      User-Agent:
      - AZURECLI/2.45.0 azsdk-python-azure-mgmt-resource/22.0.0 Python/3.10.9 (Linux-5.15.0-1031-azure-x86_64-with-glibc2.31)
        VSTS_7b238909-6802-4b65-b90d-184bca47f458_build_220_0
    method: GET
    uri: https://management.azure.com/subscriptions/00000000-0000-0000-0000-000000000000/resourcegroups/test_network_lb_outbound_rules000001/providers/Microsoft.Resources/deployments/mock-deployment?api-version=2022-09-01
  response:
    body:
      string: '{"id":"/subscriptions/00000000-0000-0000-0000-000000000000/resourceGroups/test_network_lb_outbound_rules000001/providers/Microsoft.Resources/deployments/lb_deploy_1KRHtlMUcV429poGpx79jZElkPYD4vLh","name":"lb_deploy_1KRHtlMUcV429poGpx79jZElkPYD4vLh","type":"Microsoft.Resources/deployments","properties":{"templateHash":"13172104767806000709","parameters":{},"mode":"Incremental","provisioningState":"Succeeded","timestamp":"2023-02-07T18:41:40.7600173Z","duration":"PT7.1145178S","correlationId":"b5ef56a5-da58-4232-8dd4-669367ee67e9","providers":[{"namespace":"Microsoft.Network","resourceTypes":[{"resourceType":"publicIPAddresses","locations":["eastus2"]},{"resourceType":"loadBalancers","locations":["eastus2"]}]}],"dependencies":[{"dependsOn":[{"id":"/subscriptions/00000000-0000-0000-0000-000000000000/resourceGroups/test_network_lb_outbound_rules000001/providers/Microsoft.Network/publicIPAddresses/PublicIPlb1","resourceType":"Microsoft.Network/publicIPAddresses","resourceName":"PublicIPlb1"}],"id":"/subscriptions/00000000-0000-0000-0000-000000000000/resourceGroups/test_network_lb_outbound_rules000001/providers/Microsoft.Network/loadBalancers/lb1","resourceType":"Microsoft.Network/loadBalancers","resourceName":"lb1"}],"outputs":{"loadBalancer":{"type":"Object","value":{"provisioningState":"Succeeded","resourceGuid":"09266136-42c3-48b4-9e31-1f94ab700ded","frontendIPConfigurations":[{"name":"LoadBalancerFrontEnd","id":"/subscriptions/00000000-0000-0000-0000-000000000000/resourceGroups/test_network_lb_outbound_rules000001/providers/Microsoft.Network/loadBalancers/lb1/frontendIPConfigurations/LoadBalancerFrontEnd","etag":"W/\"f26cc867-5447-449e-be98-d52f80e8b8b7\"","type":"Microsoft.Network/loadBalancers/frontendIPConfigurations","properties":{"provisioningState":"Succeeded","privateIPAllocationMethod":"Dynamic","publicIPAddress":{"id":"/subscriptions/00000000-0000-0000-0000-000000000000/resourceGroups/test_network_lb_outbound_rules000001/providers/Microsoft.Network/publicIPAddresses/PublicIPlb1"}}}],"backendAddressPools":[{"name":"lb1bepool","id":"/subscriptions/00000000-0000-0000-0000-000000000000/resourceGroups/test_network_lb_outbound_rules000001/providers/Microsoft.Network/loadBalancers/lb1/backendAddressPools/lb1bepool","etag":"W/\"f26cc867-5447-449e-be98-d52f80e8b8b7\"","properties":{"provisioningState":"Succeeded","loadBalancerBackendAddresses":[]},"type":"Microsoft.Network/loadBalancers/backendAddressPools"}],"loadBalancingRules":[],"probes":[],"inboundNatRules":[],"outboundRules":[],"inboundNatPools":[]}}},"outputResources":[{"id":"/subscriptions/00000000-0000-0000-0000-000000000000/resourceGroups/test_network_lb_outbound_rules000001/providers/Microsoft.Network/loadBalancers/lb1"},{"id":"/subscriptions/00000000-0000-0000-0000-000000000000/resourceGroups/test_network_lb_outbound_rules000001/providers/Microsoft.Network/publicIPAddresses/PublicIPlb1"}]}}'
    headers:
      cache-control:
      - no-cache
      content-length:
      - '2903'
      content-type:
      - application/json; charset=utf-8
      date:
      - Tue, 07 Feb 2023 18:42:02 GMT
      expires:
      - '-1'
      pragma:
      - no-cache
      strict-transport-security:
      - max-age=31536000; includeSubDomains
      x-content-type-options:
      - nosniff
    status:
      code: 200
      message: OK
- request:
    body: null
    headers:
      Accept:
      - application/json
      Accept-Encoding:
      - gzip, deflate
      CommandName:
      - network public-ip prefix create
      Connection:
      - keep-alive
      ParameterSetName:
      - -g -n --length
      User-Agent:
      - AZURECLI/2.45.0 azsdk-python-azure-mgmt-resource/22.0.0 Python/3.10.9 (Linux-5.15.0-1031-azure-x86_64-with-glibc2.31)
        VSTS_7b238909-6802-4b65-b90d-184bca47f458_build_220_0
    method: GET
    uri: https://management.azure.com/subscriptions/00000000-0000-0000-0000-000000000000/resourcegroups/test_network_lb_outbound_rules000001?api-version=2022-09-01
  response:
    body:
      string: '{"id":"/subscriptions/00000000-0000-0000-0000-000000000000/resourceGroups/test_network_lb_outbound_rules000001","name":"test_network_lb_outbound_rules000001","type":"Microsoft.Resources/resourceGroups","location":"eastus2","tags":{"product":"azurecli","cause":"automation","date":"2023-02-07T18:41:30Z"},"properties":{"provisioningState":"Succeeded"}}'
    headers:
      cache-control:
      - no-cache
      content-length:
      - '351'
      content-type:
      - application/json; charset=utf-8
      date:
      - Tue, 07 Feb 2023 18:42:03 GMT
      expires:
      - '-1'
      pragma:
      - no-cache
      strict-transport-security:
      - max-age=31536000; includeSubDomains
      vary:
      - Accept-Encoding
      x-content-type-options:
      - nosniff
    status:
      code: 200
      message: OK
- request:
    body: '{"location": "eastus2", "properties": {"prefixLength": 30, "publicIPAddressVersion":
      "IPv4"}, "sku": {"name": "Standard"}}'
    headers:
      Accept:
      - application/json
      Accept-Encoding:
      - gzip, deflate
      CommandName:
      - network public-ip prefix create
      Connection:
      - keep-alive
      Content-Length:
      - '122'
      Content-Type:
      - application/json
      ParameterSetName:
      - -g -n --length
      User-Agent:
      - AZURECLI/2.45.0 (AAZ) azsdk-python-core/1.24.0 Python/3.10.9 (Linux-5.15.0-1031-azure-x86_64-with-glibc2.31)
        VSTS_7b238909-6802-4b65-b90d-184bca47f458_build_220_0
    method: PUT
    uri: https://management.azure.com/subscriptions/00000000-0000-0000-0000-000000000000/resourceGroups/test_network_lb_outbound_rules000001/providers/Microsoft.Network/publicIPPrefixes/prefix1?api-version=2022-01-01
  response:
    body:
      string: "{\r\n  \"name\": \"prefix1\",\r\n  \"id\": \"/subscriptions/00000000-0000-0000-0000-000000000000/resourceGroups/test_network_lb_outbound_rules000001/providers/Microsoft.Network/publicIPPrefixes/prefix1\",\r\n
        \ \"etag\": \"W/\\\"f6d2b09c-8dc6-431f-a8d6-bf862bd22607\\\"\",\r\n  \"type\":
        \"Microsoft.Network/publicIPPrefixes\",\r\n  \"location\": \"eastus2\",\r\n
        \ \"properties\": {\r\n    \"provisioningState\": \"Updating\",\r\n    \"resourceGuid\":
        \"405fa6a9-d33a-41e4-9d9a-461bfdb7b843\",\r\n    \"prefixLength\": 30,\r\n
        \   \"publicIPAddressVersion\": \"IPv4\",\r\n    \"ipTags\": []\r\n  },\r\n
        \ \"sku\": {\r\n    \"name\": \"Standard\",\r\n    \"tier\": \"Regional\"\r\n
        \ }\r\n}"
    headers:
      azure-asyncnotification:
      - Enabled
      azure-asyncoperation:
      - https://management.azure.com/subscriptions/00000000-0000-0000-0000-000000000000/providers/Microsoft.Network/locations/eastus2/operations/88e86161-4987-4a13-b663-853227a56a6a?api-version=2022-01-01
      cache-control:
      - no-cache
      content-length:
      - '599'
      content-type:
      - application/json; charset=utf-8
      date:
      - Tue, 07 Feb 2023 18:42:04 GMT
      expires:
      - '-1'
      pragma:
      - no-cache
      server:
      - Microsoft-HTTPAPI/2.0
      - Microsoft-HTTPAPI/2.0
      strict-transport-security:
      - max-age=31536000; includeSubDomains
      x-content-type-options:
      - nosniff
      x-ms-arm-service-request-id:
      - b18bc339-eafc-4b74-8022-e33eb7408c37
      x-ms-ratelimit-remaining-subscription-writes:
      - '1199'
    status:
      code: 201
      message: Created
- request:
    body: null
    headers:
      Accept:
      - '*/*'
      Accept-Encoding:
      - gzip, deflate
      CommandName:
      - network public-ip prefix create
      Connection:
      - keep-alive
      ParameterSetName:
      - -g -n --length
      User-Agent:
      - AZURECLI/2.45.0 (AAZ) azsdk-python-core/1.24.0 Python/3.10.9 (Linux-5.15.0-1031-azure-x86_64-with-glibc2.31)
        VSTS_7b238909-6802-4b65-b90d-184bca47f458_build_220_0
    method: GET
    uri: https://management.azure.com/subscriptions/00000000-0000-0000-0000-000000000000/providers/Microsoft.Network/locations/eastus2/operations/88e86161-4987-4a13-b663-853227a56a6a?api-version=2022-01-01
  response:
    body:
      string: "{\r\n  \"status\": \"Succeeded\"\r\n}"
    headers:
      cache-control:
      - no-cache
      content-length:
      - '29'
      content-type:
      - application/json; charset=utf-8
      date:
      - Tue, 07 Feb 2023 18:42:08 GMT
      expires:
      - '-1'
      pragma:
      - no-cache
      server:
      - Microsoft-HTTPAPI/2.0
      - Microsoft-HTTPAPI/2.0
      strict-transport-security:
      - max-age=31536000; includeSubDomains
      transfer-encoding:
      - chunked
      vary:
      - Accept-Encoding
      x-content-type-options:
      - nosniff
      x-ms-arm-service-request-id:
      - 6edff551-a576-4e1b-9ef1-e8ac3894a266
    status:
      code: 200
      message: OK
- request:
    body: null
    headers:
      Accept:
      - '*/*'
      Accept-Encoding:
      - gzip, deflate
      CommandName:
      - network public-ip prefix create
      Connection:
      - keep-alive
      ParameterSetName:
      - -g -n --length
      User-Agent:
      - AZURECLI/2.45.0 (AAZ) azsdk-python-core/1.24.0 Python/3.10.9 (Linux-5.15.0-1031-azure-x86_64-with-glibc2.31)
        VSTS_7b238909-6802-4b65-b90d-184bca47f458_build_220_0
    method: GET
    uri: https://management.azure.com/subscriptions/00000000-0000-0000-0000-000000000000/resourceGroups/test_network_lb_outbound_rules000001/providers/Microsoft.Network/publicIPPrefixes/prefix1?api-version=2022-01-01
  response:
    body:
      string: "{\r\n  \"name\": \"prefix1\",\r\n  \"id\": \"/subscriptions/00000000-0000-0000-0000-000000000000/resourceGroups/test_network_lb_outbound_rules000001/providers/Microsoft.Network/publicIPPrefixes/prefix1\",\r\n
        \ \"etag\": \"W/\\\"1dd300ac-0275-497f-ac8d-a6331a1e0b81\\\"\",\r\n  \"type\":
        \"Microsoft.Network/publicIPPrefixes\",\r\n  \"location\": \"eastus2\",\r\n
        \ \"properties\": {\r\n    \"provisioningState\": \"Succeeded\",\r\n    \"resourceGuid\":
        \"405fa6a9-d33a-41e4-9d9a-461bfdb7b843\",\r\n    \"prefixLength\": 30,\r\n
        \   \"publicIPAddressVersion\": \"IPv4\",\r\n    \"ipPrefix\": \"20.10.19.20/30\",\r\n
        \   \"ipTags\": []\r\n  },\r\n  \"sku\": {\r\n    \"name\": \"Standard\",\r\n
        \   \"tier\": \"Regional\"\r\n  }\r\n}"
    headers:
      cache-control:
      - no-cache
      content-length:
      - '635'
      content-type:
      - application/json; charset=utf-8
      date:
      - Tue, 07 Feb 2023 18:42:08 GMT
      etag:
      - W/"1dd300ac-0275-497f-ac8d-a6331a1e0b81"
      expires:
      - '-1'
      pragma:
      - no-cache
      server:
      - Microsoft-HTTPAPI/2.0
      - Microsoft-HTTPAPI/2.0
      strict-transport-security:
      - max-age=31536000; includeSubDomains
      transfer-encoding:
      - chunked
      vary:
      - Accept-Encoding
      x-content-type-options:
      - nosniff
      x-ms-arm-service-request-id:
      - cbb795cd-04b1-45ef-a3a9-9fa29ff1c2ae
    status:
      code: 200
      message: OK
- request:
    body: null
    headers:
      Accept:
      - application/json
      Accept-Encoding:
      - gzip, deflate
      CommandName:
      - network lb frontend-ip create
      Connection:
      - keep-alive
      ParameterSetName:
      - -g --lb-name -n --public-ip-prefix
      User-Agent:
      - AZURECLI/2.45.0 (AAZ) azsdk-python-core/1.24.0 Python/3.10.9 (Linux-5.15.0-1031-azure-x86_64-with-glibc2.31)
        VSTS_7b238909-6802-4b65-b90d-184bca47f458_build_220_0
    method: GET
    uri: https://management.azure.com/subscriptions/00000000-0000-0000-0000-000000000000/resourceGroups/test_network_lb_outbound_rules000001/providers/Microsoft.Network/loadBalancers/lb1?api-version=2022-05-01
  response:
    body:
      string: "{\r\n  \"name\": \"lb1\",\r\n  \"id\": \"/subscriptions/00000000-0000-0000-0000-000000000000/resourceGroups/test_network_lb_outbound_rules000001/providers/Microsoft.Network/loadBalancers/lb1\",\r\n
        \ \"etag\": \"W/\\\"f26cc867-5447-449e-be98-d52f80e8b8b7\\\"\",\r\n  \"type\":
        \"Microsoft.Network/loadBalancers\",\r\n  \"location\": \"eastus2\",\r\n  \"tags\":
        {},\r\n  \"properties\": {\r\n    \"provisioningState\": \"Succeeded\",\r\n
        \   \"resourceGuid\": \"09266136-42c3-48b4-9e31-1f94ab700ded\",\r\n    \"frontendIPConfigurations\":
        [\r\n      {\r\n        \"name\": \"LoadBalancerFrontEnd\",\r\n        \"id\":
        \"/subscriptions/00000000-0000-0000-0000-000000000000/resourceGroups/test_network_lb_outbound_rules000001/providers/Microsoft.Network/loadBalancers/lb1/frontendIPConfigurations/LoadBalancerFrontEnd\",\r\n
        \       \"etag\": \"W/\\\"f26cc867-5447-449e-be98-d52f80e8b8b7\\\"\",\r\n
        \       \"type\": \"Microsoft.Network/loadBalancers/frontendIPConfigurations\",\r\n
        \       \"properties\": {\r\n          \"provisioningState\": \"Succeeded\",\r\n
        \         \"privateIPAllocationMethod\": \"Dynamic\",\r\n          \"publicIPAddress\":
        {\r\n            \"id\": \"/subscriptions/00000000-0000-0000-0000-000000000000/resourceGroups/test_network_lb_outbound_rules000001/providers/Microsoft.Network/publicIPAddresses/PublicIPlb1\"\r\n
        \         }\r\n        }\r\n      }\r\n    ],\r\n    \"backendAddressPools\":
        [\r\n      {\r\n        \"name\": \"lb1bepool\",\r\n        \"id\": \"/subscriptions/00000000-0000-0000-0000-000000000000/resourceGroups/test_network_lb_outbound_rules000001/providers/Microsoft.Network/loadBalancers/lb1/backendAddressPools/lb1bepool\",\r\n
        \       \"etag\": \"W/\\\"f26cc867-5447-449e-be98-d52f80e8b8b7\\\"\",\r\n
        \       \"properties\": {\r\n          \"provisioningState\": \"Succeeded\",\r\n
        \         \"loadBalancerBackendAddresses\": []\r\n        },\r\n        \"type\":
        \"Microsoft.Network/loadBalancers/backendAddressPools\"\r\n      }\r\n    ],\r\n
        \   \"loadBalancingRules\": [],\r\n    \"probes\": [],\r\n    \"inboundNatRules\":
        [],\r\n    \"outboundRules\": [],\r\n    \"inboundNatPools\": []\r\n  },\r\n
        \ \"sku\": {\r\n    \"name\": \"Standard\",\r\n    \"tier\": \"Regional\"\r\n
        \ }\r\n}"
    headers:
      cache-control:
      - no-cache
      content-length:
      - '2012'
      content-type:
      - application/json; charset=utf-8
      date:
      - Tue, 07 Feb 2023 18:42:09 GMT
      etag:
      - W/"f26cc867-5447-449e-be98-d52f80e8b8b7"
      expires:
      - '-1'
      pragma:
      - no-cache
      server:
      - Microsoft-HTTPAPI/2.0
      - Microsoft-HTTPAPI/2.0
      strict-transport-security:
      - max-age=31536000; includeSubDomains
      transfer-encoding:
      - chunked
      vary:
      - Accept-Encoding
      x-content-type-options:
      - nosniff
      x-ms-arm-service-request-id:
      - cee9f082-f98f-4c7c-bb21-b78ff2561cfb
    status:
      code: 200
      message: OK
- request:
    body: '{"id": "/subscriptions/00000000-0000-0000-0000-000000000000/resourceGroups/test_network_lb_outbound_rules000001/providers/Microsoft.Network/loadBalancers/lb1",
      "location": "eastus2", "properties": {"backendAddressPools": [{"id": "/subscriptions/00000000-0000-0000-0000-000000000000/resourceGroups/test_network_lb_outbound_rules000001/providers/Microsoft.Network/loadBalancers/lb1/backendAddressPools/lb1bepool",
      "name": "lb1bepool", "properties": {"loadBalancerBackendAddresses": []}}], "frontendIPConfigurations":
      [{"id": "/subscriptions/00000000-0000-0000-0000-000000000000/resourceGroups/test_network_lb_outbound_rules000001/providers/Microsoft.Network/loadBalancers/lb1/frontendIPConfigurations/LoadBalancerFrontEnd",
      "name": "LoadBalancerFrontEnd", "properties": {"privateIPAllocationMethod":
      "Dynamic", "publicIPAddress": {"id": "/subscriptions/00000000-0000-0000-0000-000000000000/resourceGroups/test_network_lb_outbound_rules000001/providers/Microsoft.Network/publicIPAddresses/PublicIPlb1"}}},
      {"name": "prefixFrontEnd", "properties": {"privateIPAddressVersion": "IPv4",
      "privateIPAllocationMethod": "Dynamic", "publicIPPrefix": {"id": "/subscriptions/00000000-0000-0000-0000-000000000000/resourceGroups/test_network_lb_outbound_rules000001/providers/Microsoft.Network/publicIpPrefixes/prefix1"}}}],
      "inboundNatPools": [], "inboundNatRules": [], "loadBalancingRules": [], "outboundRules":
      [], "probes": []}, "sku": {"name": "Standard", "tier": "Regional"}, "tags":
      {}}'
    headers:
      Accept:
      - application/json
      Accept-Encoding:
      - gzip, deflate
      CommandName:
      - network lb frontend-ip create
      Connection:
      - keep-alive
      Content-Length:
      - '1477'
      Content-Type:
      - application/json
      ParameterSetName:
      - -g --lb-name -n --public-ip-prefix
      User-Agent:
      - AZURECLI/2.45.0 (AAZ) azsdk-python-core/1.24.0 Python/3.10.9 (Linux-5.15.0-1031-azure-x86_64-with-glibc2.31)
        VSTS_7b238909-6802-4b65-b90d-184bca47f458_build_220_0
    method: PUT
    uri: https://management.azure.com/subscriptions/00000000-0000-0000-0000-000000000000/resourceGroups/test_network_lb_outbound_rules000001/providers/Microsoft.Network/loadBalancers/lb1?api-version=2022-05-01
  response:
    body:
      string: "{\r\n  \"name\": \"lb1\",\r\n  \"id\": \"/subscriptions/00000000-0000-0000-0000-000000000000/resourceGroups/test_network_lb_outbound_rules000001/providers/Microsoft.Network/loadBalancers/lb1\",\r\n
        \ \"etag\": \"W/\\\"1972f3a8-b131-471d-afb2-0c78661044f7\\\"\",\r\n  \"type\":
        \"Microsoft.Network/loadBalancers\",\r\n  \"location\": \"eastus2\",\r\n  \"tags\":
        {},\r\n  \"properties\": {\r\n    \"provisioningState\": \"Succeeded\",\r\n
        \   \"resourceGuid\": \"09266136-42c3-48b4-9e31-1f94ab700ded\",\r\n    \"frontendIPConfigurations\":
        [\r\n      {\r\n        \"name\": \"LoadBalancerFrontEnd\",\r\n        \"id\":
        \"/subscriptions/00000000-0000-0000-0000-000000000000/resourceGroups/test_network_lb_outbound_rules000001/providers/Microsoft.Network/loadBalancers/lb1/frontendIPConfigurations/LoadBalancerFrontEnd\",\r\n
        \       \"etag\": \"W/\\\"1972f3a8-b131-471d-afb2-0c78661044f7\\\"\",\r\n
        \       \"type\": \"Microsoft.Network/loadBalancers/frontendIPConfigurations\",\r\n
        \       \"properties\": {\r\n          \"provisioningState\": \"Succeeded\",\r\n
        \         \"privateIPAllocationMethod\": \"Dynamic\",\r\n          \"publicIPAddress\":
        {\r\n            \"id\": \"/subscriptions/00000000-0000-0000-0000-000000000000/resourceGroups/test_network_lb_outbound_rules000001/providers/Microsoft.Network/publicIPAddresses/PublicIPlb1\"\r\n
        \         }\r\n        }\r\n      },\r\n      {\r\n        \"name\": \"prefixFrontEnd\",\r\n
        \       \"id\": \"/subscriptions/00000000-0000-0000-0000-000000000000/resourceGroups/test_network_lb_outbound_rules000001/providers/Microsoft.Network/loadBalancers/lb1/frontendIPConfigurations/prefixFrontEnd\",\r\n
        \       \"etag\": \"W/\\\"1972f3a8-b131-471d-afb2-0c78661044f7\\\"\",\r\n
        \       \"type\": \"Microsoft.Network/loadBalancers/frontendIPConfigurations\",\r\n
        \       \"properties\": {\r\n          \"provisioningState\": \"Succeeded\",\r\n
        \         \"privateIPAllocationMethod\": \"Dynamic\",\r\n          \"publicIPPrefix\":
        {\r\n            \"id\": \"/subscriptions/00000000-0000-0000-0000-000000000000/resourceGroups/test_network_lb_outbound_rules000001/providers/Microsoft.Network/publicIPPrefixes/prefix1\"\r\n
        \         },\r\n          \"privateIPAddressVersion\": \"IPv4\"\r\n        }\r\n
        \     }\r\n    ],\r\n    \"backendAddressPools\": [\r\n      {\r\n        \"name\":
        \"lb1bepool\",\r\n        \"id\": \"/subscriptions/00000000-0000-0000-0000-000000000000/resourceGroups/test_network_lb_outbound_rules000001/providers/Microsoft.Network/loadBalancers/lb1/backendAddressPools/lb1bepool\",\r\n
        \       \"etag\": \"W/\\\"1972f3a8-b131-471d-afb2-0c78661044f7\\\"\",\r\n
        \       \"properties\": {\r\n          \"provisioningState\": \"Succeeded\",\r\n
        \         \"loadBalancerBackendAddresses\": []\r\n        },\r\n        \"type\":
        \"Microsoft.Network/loadBalancers/backendAddressPools\"\r\n      }\r\n    ],\r\n
        \   \"loadBalancingRules\": [],\r\n    \"probes\": [],\r\n    \"inboundNatRules\":
        [],\r\n    \"outboundRules\": [],\r\n    \"inboundNatPools\": []\r\n  },\r\n
        \ \"sku\": {\r\n    \"name\": \"Standard\",\r\n    \"tier\": \"Regional\"\r\n
        \ }\r\n}"
    headers:
      azure-asyncnotification:
      - Enabled
      azure-asyncoperation:
      - https://management.azure.com/subscriptions/00000000-0000-0000-0000-000000000000/providers/Microsoft.Network/locations/eastus2/operations/bdd1ffe5-3657-468f-8d19-ad099a3c13f3?api-version=2022-05-01
      cache-control:
      - no-cache
      content-length:
      - '2814'
      content-type:
      - application/json; charset=utf-8
      date:
      - Tue, 07 Feb 2023 18:42:11 GMT
      expires:
      - '-1'
      pragma:
      - no-cache
      server:
      - Microsoft-HTTPAPI/2.0
      - Microsoft-HTTPAPI/2.0
      strict-transport-security:
      - max-age=31536000; includeSubDomains
      transfer-encoding:
      - chunked
      vary:
      - Accept-Encoding
      x-content-type-options:
      - nosniff
      x-ms-arm-service-request-id:
      - fb6647a0-c936-4e9d-8d9e-c83d9a58c266
      x-ms-ratelimit-remaining-subscription-writes:
      - '1199'
    status:
      code: 200
      message: OK
- request:
    body: null
    headers:
      Accept:
      - '*/*'
      Accept-Encoding:
      - gzip, deflate
      CommandName:
      - network lb frontend-ip create
      Connection:
      - keep-alive
      ParameterSetName:
      - -g --lb-name -n --public-ip-prefix
      User-Agent:
      - AZURECLI/2.45.0 (AAZ) azsdk-python-core/1.24.0 Python/3.10.9 (Linux-5.15.0-1031-azure-x86_64-with-glibc2.31)
        VSTS_7b238909-6802-4b65-b90d-184bca47f458_build_220_0
    method: GET
    uri: https://management.azure.com/subscriptions/00000000-0000-0000-0000-000000000000/providers/Microsoft.Network/locations/eastus2/operations/bdd1ffe5-3657-468f-8d19-ad099a3c13f3?api-version=2022-05-01
  response:
    body:
      string: "{\r\n  \"status\": \"Succeeded\"\r\n}"
    headers:
      cache-control:
      - no-cache
      content-length:
      - '29'
      content-type:
      - application/json; charset=utf-8
      date:
      - Tue, 07 Feb 2023 18:42:41 GMT
      expires:
      - '-1'
      pragma:
      - no-cache
      server:
      - Microsoft-HTTPAPI/2.0
      - Microsoft-HTTPAPI/2.0
      strict-transport-security:
      - max-age=31536000; includeSubDomains
      transfer-encoding:
      - chunked
      vary:
      - Accept-Encoding
      x-content-type-options:
      - nosniff
      x-ms-arm-service-request-id:
      - 771b4b42-49d3-4a8d-8bd7-da8a63c8c011
    status:
      code: 200
      message: OK
- request:
    body: null
    headers:
      Accept:
      - '*/*'
      Accept-Encoding:
      - gzip, deflate
      CommandName:
      - network lb frontend-ip create
      Connection:
      - keep-alive
      ParameterSetName:
      - -g --lb-name -n --public-ip-prefix
      User-Agent:
      - AZURECLI/2.45.0 (AAZ) azsdk-python-core/1.24.0 Python/3.10.9 (Linux-5.15.0-1031-azure-x86_64-with-glibc2.31)
        VSTS_7b238909-6802-4b65-b90d-184bca47f458_build_220_0
    method: GET
    uri: https://management.azure.com/subscriptions/00000000-0000-0000-0000-000000000000/resourceGroups/test_network_lb_outbound_rules000001/providers/Microsoft.Network/loadBalancers/lb1?api-version=2022-05-01
  response:
    body:
      string: "{\r\n  \"name\": \"lb1\",\r\n  \"id\": \"/subscriptions/00000000-0000-0000-0000-000000000000/resourceGroups/test_network_lb_outbound_rules000001/providers/Microsoft.Network/loadBalancers/lb1\",\r\n
        \ \"etag\": \"W/\\\"1972f3a8-b131-471d-afb2-0c78661044f7\\\"\",\r\n  \"type\":
        \"Microsoft.Network/loadBalancers\",\r\n  \"location\": \"eastus2\",\r\n  \"tags\":
        {},\r\n  \"properties\": {\r\n    \"provisioningState\": \"Succeeded\",\r\n
        \   \"resourceGuid\": \"09266136-42c3-48b4-9e31-1f94ab700ded\",\r\n    \"frontendIPConfigurations\":
        [\r\n      {\r\n        \"name\": \"LoadBalancerFrontEnd\",\r\n        \"id\":
        \"/subscriptions/00000000-0000-0000-0000-000000000000/resourceGroups/test_network_lb_outbound_rules000001/providers/Microsoft.Network/loadBalancers/lb1/frontendIPConfigurations/LoadBalancerFrontEnd\",\r\n
        \       \"etag\": \"W/\\\"1972f3a8-b131-471d-afb2-0c78661044f7\\\"\",\r\n
        \       \"type\": \"Microsoft.Network/loadBalancers/frontendIPConfigurations\",\r\n
        \       \"properties\": {\r\n          \"provisioningState\": \"Succeeded\",\r\n
        \         \"privateIPAllocationMethod\": \"Dynamic\",\r\n          \"publicIPAddress\":
        {\r\n            \"id\": \"/subscriptions/00000000-0000-0000-0000-000000000000/resourceGroups/test_network_lb_outbound_rules000001/providers/Microsoft.Network/publicIPAddresses/PublicIPlb1\"\r\n
        \         }\r\n        }\r\n      },\r\n      {\r\n        \"name\": \"prefixFrontEnd\",\r\n
        \       \"id\": \"/subscriptions/00000000-0000-0000-0000-000000000000/resourceGroups/test_network_lb_outbound_rules000001/providers/Microsoft.Network/loadBalancers/lb1/frontendIPConfigurations/prefixFrontEnd\",\r\n
        \       \"etag\": \"W/\\\"1972f3a8-b131-471d-afb2-0c78661044f7\\\"\",\r\n
        \       \"type\": \"Microsoft.Network/loadBalancers/frontendIPConfigurations\",\r\n
        \       \"properties\": {\r\n          \"provisioningState\": \"Succeeded\",\r\n
        \         \"privateIPAllocationMethod\": \"Dynamic\",\r\n          \"publicIPPrefix\":
        {\r\n            \"id\": \"/subscriptions/00000000-0000-0000-0000-000000000000/resourceGroups/test_network_lb_outbound_rules000001/providers/Microsoft.Network/publicIPPrefixes/prefix1\"\r\n
        \         },\r\n          \"privateIPAddressVersion\": \"IPv4\"\r\n        }\r\n
        \     }\r\n    ],\r\n    \"backendAddressPools\": [\r\n      {\r\n        \"name\":
        \"lb1bepool\",\r\n        \"id\": \"/subscriptions/00000000-0000-0000-0000-000000000000/resourceGroups/test_network_lb_outbound_rules000001/providers/Microsoft.Network/loadBalancers/lb1/backendAddressPools/lb1bepool\",\r\n
        \       \"etag\": \"W/\\\"1972f3a8-b131-471d-afb2-0c78661044f7\\\"\",\r\n
        \       \"properties\": {\r\n          \"provisioningState\": \"Succeeded\",\r\n
        \         \"loadBalancerBackendAddresses\": []\r\n        },\r\n        \"type\":
        \"Microsoft.Network/loadBalancers/backendAddressPools\"\r\n      }\r\n    ],\r\n
        \   \"loadBalancingRules\": [],\r\n    \"probes\": [],\r\n    \"inboundNatRules\":
        [],\r\n    \"outboundRules\": [],\r\n    \"inboundNatPools\": []\r\n  },\r\n
        \ \"sku\": {\r\n    \"name\": \"Standard\",\r\n    \"tier\": \"Regional\"\r\n
        \ }\r\n}"
    headers:
      cache-control:
      - no-cache
      content-length:
      - '2814'
      content-type:
      - application/json; charset=utf-8
      date:
      - Tue, 07 Feb 2023 18:42:41 GMT
      etag:
      - W/"1972f3a8-b131-471d-afb2-0c78661044f7"
      expires:
      - '-1'
      pragma:
      - no-cache
      server:
      - Microsoft-HTTPAPI/2.0
      - Microsoft-HTTPAPI/2.0
      strict-transport-security:
      - max-age=31536000; includeSubDomains
      transfer-encoding:
      - chunked
      vary:
      - Accept-Encoding
      x-content-type-options:
      - nosniff
      x-ms-arm-service-request-id:
      - 02da8a49-1f70-47f7-95e8-6548a31c5b4e
    status:
      code: 200
      message: OK
- request:
    body: null
    headers:
      Accept:
      - application/json
      Accept-Encoding:
      - gzip, deflate
      CommandName:
      - network lb outbound-rule create
      Connection:
      - keep-alive
      ParameterSetName:
      - -g --lb-name -n --address-pool --enable-tcp-reset --frontend-ip-configs --outbound-ports
        --protocol
      User-Agent:
      - AZURECLI/2.45.0 (AAZ) azsdk-python-core/1.24.0 Python/3.10.9 (Linux-5.15.0-1031-azure-x86_64-with-glibc2.31)
        VSTS_7b238909-6802-4b65-b90d-184bca47f458_build_220_0
    method: GET
    uri: https://management.azure.com/subscriptions/00000000-0000-0000-0000-000000000000/resourceGroups/test_network_lb_outbound_rules000001/providers/Microsoft.Network/loadBalancers/lb1?api-version=2022-05-01
  response:
    body:
      string: "{\r\n  \"name\": \"lb1\",\r\n  \"id\": \"/subscriptions/00000000-0000-0000-0000-000000000000/resourceGroups/test_network_lb_outbound_rules000001/providers/Microsoft.Network/loadBalancers/lb1\",\r\n
        \ \"etag\": \"W/\\\"1972f3a8-b131-471d-afb2-0c78661044f7\\\"\",\r\n  \"type\":
        \"Microsoft.Network/loadBalancers\",\r\n  \"location\": \"eastus2\",\r\n  \"tags\":
        {},\r\n  \"properties\": {\r\n    \"provisioningState\": \"Succeeded\",\r\n
        \   \"resourceGuid\": \"09266136-42c3-48b4-9e31-1f94ab700ded\",\r\n    \"frontendIPConfigurations\":
        [\r\n      {\r\n        \"name\": \"LoadBalancerFrontEnd\",\r\n        \"id\":
        \"/subscriptions/00000000-0000-0000-0000-000000000000/resourceGroups/test_network_lb_outbound_rules000001/providers/Microsoft.Network/loadBalancers/lb1/frontendIPConfigurations/LoadBalancerFrontEnd\",\r\n
        \       \"etag\": \"W/\\\"1972f3a8-b131-471d-afb2-0c78661044f7\\\"\",\r\n
        \       \"type\": \"Microsoft.Network/loadBalancers/frontendIPConfigurations\",\r\n
        \       \"properties\": {\r\n          \"provisioningState\": \"Succeeded\",\r\n
        \         \"privateIPAllocationMethod\": \"Dynamic\",\r\n          \"publicIPAddress\":
        {\r\n            \"id\": \"/subscriptions/00000000-0000-0000-0000-000000000000/resourceGroups/test_network_lb_outbound_rules000001/providers/Microsoft.Network/publicIPAddresses/PublicIPlb1\"\r\n
        \         }\r\n        }\r\n      },\r\n      {\r\n        \"name\": \"prefixFrontEnd\",\r\n
        \       \"id\": \"/subscriptions/00000000-0000-0000-0000-000000000000/resourceGroups/test_network_lb_outbound_rules000001/providers/Microsoft.Network/loadBalancers/lb1/frontendIPConfigurations/prefixFrontEnd\",\r\n
        \       \"etag\": \"W/\\\"1972f3a8-b131-471d-afb2-0c78661044f7\\\"\",\r\n
        \       \"type\": \"Microsoft.Network/loadBalancers/frontendIPConfigurations\",\r\n
        \       \"properties\": {\r\n          \"provisioningState\": \"Succeeded\",\r\n
        \         \"privateIPAllocationMethod\": \"Dynamic\",\r\n          \"publicIPPrefix\":
        {\r\n            \"id\": \"/subscriptions/00000000-0000-0000-0000-000000000000/resourceGroups/test_network_lb_outbound_rules000001/providers/Microsoft.Network/publicIPPrefixes/prefix1\"\r\n
        \         },\r\n          \"privateIPAddressVersion\": \"IPv4\"\r\n        }\r\n
        \     }\r\n    ],\r\n    \"backendAddressPools\": [\r\n      {\r\n        \"name\":
        \"lb1bepool\",\r\n        \"id\": \"/subscriptions/00000000-0000-0000-0000-000000000000/resourceGroups/test_network_lb_outbound_rules000001/providers/Microsoft.Network/loadBalancers/lb1/backendAddressPools/lb1bepool\",\r\n
        \       \"etag\": \"W/\\\"1972f3a8-b131-471d-afb2-0c78661044f7\\\"\",\r\n
        \       \"properties\": {\r\n          \"provisioningState\": \"Succeeded\",\r\n
        \         \"loadBalancerBackendAddresses\": []\r\n        },\r\n        \"type\":
        \"Microsoft.Network/loadBalancers/backendAddressPools\"\r\n      }\r\n    ],\r\n
        \   \"loadBalancingRules\": [],\r\n    \"probes\": [],\r\n    \"inboundNatRules\":
        [],\r\n    \"outboundRules\": [],\r\n    \"inboundNatPools\": []\r\n  },\r\n
        \ \"sku\": {\r\n    \"name\": \"Standard\",\r\n    \"tier\": \"Regional\"\r\n
        \ }\r\n}"
    headers:
      cache-control:
      - no-cache
      content-length:
      - '2814'
      content-type:
      - application/json; charset=utf-8
      date:
      - Tue, 07 Feb 2023 18:42:42 GMT
      etag:
      - W/"1972f3a8-b131-471d-afb2-0c78661044f7"
      expires:
      - '-1'
      pragma:
      - no-cache
      server:
      - Microsoft-HTTPAPI/2.0
      - Microsoft-HTTPAPI/2.0
      strict-transport-security:
      - max-age=31536000; includeSubDomains
      transfer-encoding:
      - chunked
      vary:
      - Accept-Encoding
      x-content-type-options:
      - nosniff
      x-ms-arm-service-request-id:
      - bcc77cbf-39a6-4716-a589-427cbac42cd2
    status:
      code: 200
      message: OK
- request:
    body: '{"id": "/subscriptions/00000000-0000-0000-0000-000000000000/resourceGroups/test_network_lb_outbound_rules000001/providers/Microsoft.Network/loadBalancers/lb1",
      "location": "eastus2", "properties": {"backendAddressPools": [{"id": "/subscriptions/00000000-0000-0000-0000-000000000000/resourceGroups/test_network_lb_outbound_rules000001/providers/Microsoft.Network/loadBalancers/lb1/backendAddressPools/lb1bepool",
      "name": "lb1bepool", "properties": {"loadBalancerBackendAddresses": []}}], "frontendIPConfigurations":
      [{"id": "/subscriptions/00000000-0000-0000-0000-000000000000/resourceGroups/test_network_lb_outbound_rules000001/providers/Microsoft.Network/loadBalancers/lb1/frontendIPConfigurations/LoadBalancerFrontEnd",
      "name": "LoadBalancerFrontEnd", "properties": {"privateIPAllocationMethod":
      "Dynamic", "publicIPAddress": {"id": "/subscriptions/00000000-0000-0000-0000-000000000000/resourceGroups/test_network_lb_outbound_rules000001/providers/Microsoft.Network/publicIPAddresses/PublicIPlb1"}}},
      {"id": "/subscriptions/00000000-0000-0000-0000-000000000000/resourceGroups/test_network_lb_outbound_rules000001/providers/Microsoft.Network/loadBalancers/lb1/frontendIPConfigurations/prefixFrontEnd",
      "name": "prefixFrontEnd", "properties": {"privateIPAddressVersion": "IPv4",
      "privateIPAllocationMethod": "Dynamic", "publicIPPrefix": {"id": "/subscriptions/00000000-0000-0000-0000-000000000000/resourceGroups/test_network_lb_outbound_rules000001/providers/Microsoft.Network/publicIPPrefixes/prefix1"}}}],
      "inboundNatPools": [], "inboundNatRules": [], "loadBalancingRules": [], "outboundRules":
      [{"name": "rule1", "properties": {"allocatedOutboundPorts": 512, "backendAddressPool":
      {"id": "/subscriptions/00000000-0000-0000-0000-000000000000/resourceGroups/test_network_lb_outbound_rules000001/providers/Microsoft.Network/loadBalancers/lb1/backendAddressPools/lb1bepool"},
      "enableTcpReset": true, "frontendIPConfigurations": [{"id": "/subscriptions/00000000-0000-0000-0000-000000000000/resourceGroups/test_network_lb_outbound_rules000001/providers/Microsoft.Network/loadBalancers/lb1/frontendIPConfigurations/LoadBalancerFrontEnd"}],
      "protocol": "Tcp"}}], "probes": []}, "sku": {"name": "Standard", "tier": "Regional"},
      "tags": {}}'
    headers:
      Accept:
      - application/json
      Accept-Encoding:
      - gzip, deflate
      CommandName:
      - network lb outbound-rule create
      Connection:
      - keep-alive
      Content-Length:
      - '2233'
      Content-Type:
      - application/json
      ParameterSetName:
      - -g --lb-name -n --address-pool --enable-tcp-reset --frontend-ip-configs --outbound-ports
        --protocol
      User-Agent:
      - AZURECLI/2.45.0 (AAZ) azsdk-python-core/1.24.0 Python/3.10.9 (Linux-5.15.0-1031-azure-x86_64-with-glibc2.31)
        VSTS_7b238909-6802-4b65-b90d-184bca47f458_build_220_0
    method: PUT
    uri: https://management.azure.com/subscriptions/00000000-0000-0000-0000-000000000000/resourceGroups/test_network_lb_outbound_rules000001/providers/Microsoft.Network/loadBalancers/lb1?api-version=2022-05-01
  response:
    body:
      string: "{\r\n  \"name\": \"lb1\",\r\n  \"id\": \"/subscriptions/00000000-0000-0000-0000-000000000000/resourceGroups/test_network_lb_outbound_rules000001/providers/Microsoft.Network/loadBalancers/lb1\",\r\n
        \ \"etag\": \"W/\\\"b34ec41d-c647-43cc-a593-0daf0e2232c2\\\"\",\r\n  \"type\":
        \"Microsoft.Network/loadBalancers\",\r\n  \"location\": \"eastus2\",\r\n  \"tags\":
        {},\r\n  \"properties\": {\r\n    \"provisioningState\": \"Succeeded\",\r\n
        \   \"resourceGuid\": \"09266136-42c3-48b4-9e31-1f94ab700ded\",\r\n    \"frontendIPConfigurations\":
        [\r\n      {\r\n        \"name\": \"LoadBalancerFrontEnd\",\r\n        \"id\":
        \"/subscriptions/00000000-0000-0000-0000-000000000000/resourceGroups/test_network_lb_outbound_rules000001/providers/Microsoft.Network/loadBalancers/lb1/frontendIPConfigurations/LoadBalancerFrontEnd\",\r\n
        \       \"etag\": \"W/\\\"b34ec41d-c647-43cc-a593-0daf0e2232c2\\\"\",\r\n
        \       \"type\": \"Microsoft.Network/loadBalancers/frontendIPConfigurations\",\r\n
        \       \"properties\": {\r\n          \"provisioningState\": \"Succeeded\",\r\n
        \         \"privateIPAllocationMethod\": \"Dynamic\",\r\n          \"publicIPAddress\":
        {\r\n            \"id\": \"/subscriptions/00000000-0000-0000-0000-000000000000/resourceGroups/test_network_lb_outbound_rules000001/providers/Microsoft.Network/publicIPAddresses/PublicIPlb1\"\r\n
        \         },\r\n          \"outboundRules\": [\r\n            {\r\n              \"id\":
        \"/subscriptions/00000000-0000-0000-0000-000000000000/resourceGroups/test_network_lb_outbound_rules000001/providers/Microsoft.Network/loadBalancers/lb1/outboundRules/rule1\"\r\n
        \           }\r\n          ]\r\n        }\r\n      },\r\n      {\r\n        \"name\":
        \"prefixFrontEnd\",\r\n        \"id\": \"/subscriptions/00000000-0000-0000-0000-000000000000/resourceGroups/test_network_lb_outbound_rules000001/providers/Microsoft.Network/loadBalancers/lb1/frontendIPConfigurations/prefixFrontEnd\",\r\n
        \       \"etag\": \"W/\\\"b34ec41d-c647-43cc-a593-0daf0e2232c2\\\"\",\r\n
        \       \"type\": \"Microsoft.Network/loadBalancers/frontendIPConfigurations\",\r\n
        \       \"properties\": {\r\n          \"provisioningState\": \"Succeeded\",\r\n
        \         \"privateIPAllocationMethod\": \"Dynamic\",\r\n          \"publicIPPrefix\":
        {\r\n            \"id\": \"/subscriptions/00000000-0000-0000-0000-000000000000/resourceGroups/test_network_lb_outbound_rules000001/providers/Microsoft.Network/publicIPPrefixes/prefix1\"\r\n
        \         },\r\n          \"privateIPAddressVersion\": \"IPv4\"\r\n        }\r\n
        \     }\r\n    ],\r\n    \"backendAddressPools\": [\r\n      {\r\n        \"name\":
        \"lb1bepool\",\r\n        \"id\": \"/subscriptions/00000000-0000-0000-0000-000000000000/resourceGroups/test_network_lb_outbound_rules000001/providers/Microsoft.Network/loadBalancers/lb1/backendAddressPools/lb1bepool\",\r\n
        \       \"etag\": \"W/\\\"b34ec41d-c647-43cc-a593-0daf0e2232c2\\\"\",\r\n
        \       \"properties\": {\r\n          \"provisioningState\": \"Succeeded\",\r\n
        \         \"loadBalancerBackendAddresses\": [],\r\n          \"outboundRules\":
        [\r\n            {\r\n              \"id\": \"/subscriptions/00000000-0000-0000-0000-000000000000/resourceGroups/test_network_lb_outbound_rules000001/providers/Microsoft.Network/loadBalancers/lb1/outboundRules/rule1\"\r\n
        \           }\r\n          ]\r\n        },\r\n        \"type\": \"Microsoft.Network/loadBalancers/backendAddressPools\"\r\n
        \     }\r\n    ],\r\n    \"loadBalancingRules\": [],\r\n    \"probes\": [],\r\n
        \   \"inboundNatRules\": [],\r\n    \"outboundRules\": [\r\n      {\r\n        \"name\":
        \"rule1\",\r\n        \"id\": \"/subscriptions/00000000-0000-0000-0000-000000000000/resourceGroups/test_network_lb_outbound_rules000001/providers/Microsoft.Network/loadBalancers/lb1/outboundRules/rule1\",\r\n
        \       \"etag\": \"W/\\\"b34ec41d-c647-43cc-a593-0daf0e2232c2\\\"\",\r\n
        \       \"type\": \"Microsoft.Network/loadBalancers/outboundRules\",\r\n        \"properties\":
        {\r\n          \"provisioningState\": \"Succeeded\",\r\n          \"allocatedOutboundPorts\":
        512,\r\n          \"protocol\": \"Tcp\",\r\n          \"enableTcpReset\":
        true,\r\n          \"idleTimeoutInMinutes\": 4,\r\n          \"allocationPolicy\":
        {\r\n            \"onDemandAllocation\": false,\r\n            \"portReuse\":
        \"FirstAvailable\"\r\n          },\r\n          \"backendAddressPool\": {\r\n
        \           \"id\": \"/subscriptions/00000000-0000-0000-0000-000000000000/resourceGroups/test_network_lb_outbound_rules000001/providers/Microsoft.Network/loadBalancers/lb1/backendAddressPools/lb1bepool\"\r\n
        \         },\r\n          \"frontendIPConfigurations\": [\r\n            {\r\n
        \             \"id\": \"/subscriptions/00000000-0000-0000-0000-000000000000/resourceGroups/test_network_lb_outbound_rules000001/providers/Microsoft.Network/loadBalancers/lb1/frontendIPConfigurations/LoadBalancerFrontEnd\"\r\n
        \           }\r\n          ]\r\n        }\r\n      }\r\n    ],\r\n    \"inboundNatPools\":
        []\r\n  },\r\n  \"sku\": {\r\n    \"name\": \"Standard\",\r\n    \"tier\":
        \"Regional\"\r\n  }\r\n}"
    headers:
      azure-asyncnotification:
      - Enabled
      azure-asyncoperation:
      - https://management.azure.com/subscriptions/00000000-0000-0000-0000-000000000000/providers/Microsoft.Network/locations/eastus2/operations/b09a7e9f-8b2f-4b90-865c-6c2c4c07a5c2?api-version=2022-05-01
      cache-control:
      - no-cache
      content-length:
      - '4626'
      content-type:
      - application/json; charset=utf-8
      date:
      - Tue, 07 Feb 2023 18:42:45 GMT
      expires:
      - '-1'
      pragma:
      - no-cache
      server:
      - Microsoft-HTTPAPI/2.0
      - Microsoft-HTTPAPI/2.0
      strict-transport-security:
      - max-age=31536000; includeSubDomains
      transfer-encoding:
      - chunked
      vary:
      - Accept-Encoding
      x-content-type-options:
      - nosniff
      x-ms-arm-service-request-id:
      - de525637-af3b-4c14-8301-8c3c82483f57
      x-ms-ratelimit-remaining-subscription-writes:
      - '1199'
    status:
      code: 200
      message: OK
- request:
    body: null
    headers:
      Accept:
      - '*/*'
      Accept-Encoding:
      - gzip, deflate
      CommandName:
      - network lb outbound-rule create
      Connection:
      - keep-alive
      ParameterSetName:
      - -g --lb-name -n --address-pool --enable-tcp-reset --frontend-ip-configs --outbound-ports
        --protocol
      User-Agent:
      - AZURECLI/2.45.0 (AAZ) azsdk-python-core/1.24.0 Python/3.10.9 (Linux-5.15.0-1031-azure-x86_64-with-glibc2.31)
        VSTS_7b238909-6802-4b65-b90d-184bca47f458_build_220_0
    method: GET
    uri: https://management.azure.com/subscriptions/00000000-0000-0000-0000-000000000000/providers/Microsoft.Network/locations/eastus2/operations/b09a7e9f-8b2f-4b90-865c-6c2c4c07a5c2?api-version=2022-05-01
  response:
    body:
      string: "{\r\n  \"status\": \"Succeeded\"\r\n}"
    headers:
      cache-control:
      - no-cache
      content-length:
      - '29'
      content-type:
      - application/json; charset=utf-8
      date:
      - Tue, 07 Feb 2023 18:43:14 GMT
      expires:
      - '-1'
      pragma:
      - no-cache
      server:
      - Microsoft-HTTPAPI/2.0
      - Microsoft-HTTPAPI/2.0
      strict-transport-security:
      - max-age=31536000; includeSubDomains
      transfer-encoding:
      - chunked
      vary:
      - Accept-Encoding
      x-content-type-options:
      - nosniff
      x-ms-arm-service-request-id:
      - 1996875e-af0d-49f5-b6e8-768aea5a0788
    status:
      code: 200
      message: OK
- request:
    body: null
    headers:
      Accept:
      - '*/*'
      Accept-Encoding:
      - gzip, deflate
      CommandName:
      - network lb outbound-rule create
      Connection:
      - keep-alive
      ParameterSetName:
      - -g --lb-name -n --address-pool --enable-tcp-reset --frontend-ip-configs --outbound-ports
        --protocol
      User-Agent:
      - AZURECLI/2.45.0 (AAZ) azsdk-python-core/1.24.0 Python/3.10.9 (Linux-5.15.0-1031-azure-x86_64-with-glibc2.31)
        VSTS_7b238909-6802-4b65-b90d-184bca47f458_build_220_0
    method: GET
    uri: https://management.azure.com/subscriptions/00000000-0000-0000-0000-000000000000/resourceGroups/test_network_lb_outbound_rules000001/providers/Microsoft.Network/loadBalancers/lb1?api-version=2022-05-01
  response:
    body:
      string: "{\r\n  \"name\": \"lb1\",\r\n  \"id\": \"/subscriptions/00000000-0000-0000-0000-000000000000/resourceGroups/test_network_lb_outbound_rules000001/providers/Microsoft.Network/loadBalancers/lb1\",\r\n
        \ \"etag\": \"W/\\\"b34ec41d-c647-43cc-a593-0daf0e2232c2\\\"\",\r\n  \"type\":
        \"Microsoft.Network/loadBalancers\",\r\n  \"location\": \"eastus2\",\r\n  \"tags\":
        {},\r\n  \"properties\": {\r\n    \"provisioningState\": \"Succeeded\",\r\n
        \   \"resourceGuid\": \"09266136-42c3-48b4-9e31-1f94ab700ded\",\r\n    \"frontendIPConfigurations\":
        [\r\n      {\r\n        \"name\": \"LoadBalancerFrontEnd\",\r\n        \"id\":
        \"/subscriptions/00000000-0000-0000-0000-000000000000/resourceGroups/test_network_lb_outbound_rules000001/providers/Microsoft.Network/loadBalancers/lb1/frontendIPConfigurations/LoadBalancerFrontEnd\",\r\n
        \       \"etag\": \"W/\\\"b34ec41d-c647-43cc-a593-0daf0e2232c2\\\"\",\r\n
        \       \"type\": \"Microsoft.Network/loadBalancers/frontendIPConfigurations\",\r\n
        \       \"properties\": {\r\n          \"provisioningState\": \"Succeeded\",\r\n
        \         \"privateIPAllocationMethod\": \"Dynamic\",\r\n          \"publicIPAddress\":
        {\r\n            \"id\": \"/subscriptions/00000000-0000-0000-0000-000000000000/resourceGroups/test_network_lb_outbound_rules000001/providers/Microsoft.Network/publicIPAddresses/PublicIPlb1\"\r\n
        \         },\r\n          \"outboundRules\": [\r\n            {\r\n              \"id\":
        \"/subscriptions/00000000-0000-0000-0000-000000000000/resourceGroups/test_network_lb_outbound_rules000001/providers/Microsoft.Network/loadBalancers/lb1/outboundRules/rule1\"\r\n
        \           }\r\n          ]\r\n        }\r\n      },\r\n      {\r\n        \"name\":
        \"prefixFrontEnd\",\r\n        \"id\": \"/subscriptions/00000000-0000-0000-0000-000000000000/resourceGroups/test_network_lb_outbound_rules000001/providers/Microsoft.Network/loadBalancers/lb1/frontendIPConfigurations/prefixFrontEnd\",\r\n
        \       \"etag\": \"W/\\\"b34ec41d-c647-43cc-a593-0daf0e2232c2\\\"\",\r\n
        \       \"type\": \"Microsoft.Network/loadBalancers/frontendIPConfigurations\",\r\n
        \       \"properties\": {\r\n          \"provisioningState\": \"Succeeded\",\r\n
        \         \"privateIPAllocationMethod\": \"Dynamic\",\r\n          \"publicIPPrefix\":
        {\r\n            \"id\": \"/subscriptions/00000000-0000-0000-0000-000000000000/resourceGroups/test_network_lb_outbound_rules000001/providers/Microsoft.Network/publicIPPrefixes/prefix1\"\r\n
        \         },\r\n          \"privateIPAddressVersion\": \"IPv4\"\r\n        }\r\n
        \     }\r\n    ],\r\n    \"backendAddressPools\": [\r\n      {\r\n        \"name\":
        \"lb1bepool\",\r\n        \"id\": \"/subscriptions/00000000-0000-0000-0000-000000000000/resourceGroups/test_network_lb_outbound_rules000001/providers/Microsoft.Network/loadBalancers/lb1/backendAddressPools/lb1bepool\",\r\n
        \       \"etag\": \"W/\\\"b34ec41d-c647-43cc-a593-0daf0e2232c2\\\"\",\r\n
        \       \"properties\": {\r\n          \"provisioningState\": \"Succeeded\",\r\n
        \         \"loadBalancerBackendAddresses\": [],\r\n          \"outboundRules\":
        [\r\n            {\r\n              \"id\": \"/subscriptions/00000000-0000-0000-0000-000000000000/resourceGroups/test_network_lb_outbound_rules000001/providers/Microsoft.Network/loadBalancers/lb1/outboundRules/rule1\"\r\n
        \           }\r\n          ]\r\n        },\r\n        \"type\": \"Microsoft.Network/loadBalancers/backendAddressPools\"\r\n
        \     }\r\n    ],\r\n    \"loadBalancingRules\": [],\r\n    \"probes\": [],\r\n
        \   \"inboundNatRules\": [],\r\n    \"outboundRules\": [\r\n      {\r\n        \"name\":
        \"rule1\",\r\n        \"id\": \"/subscriptions/00000000-0000-0000-0000-000000000000/resourceGroups/test_network_lb_outbound_rules000001/providers/Microsoft.Network/loadBalancers/lb1/outboundRules/rule1\",\r\n
        \       \"etag\": \"W/\\\"b34ec41d-c647-43cc-a593-0daf0e2232c2\\\"\",\r\n
        \       \"type\": \"Microsoft.Network/loadBalancers/outboundRules\",\r\n        \"properties\":
        {\r\n          \"provisioningState\": \"Succeeded\",\r\n          \"allocatedOutboundPorts\":
        512,\r\n          \"protocol\": \"Tcp\",\r\n          \"enableTcpReset\":
        true,\r\n          \"idleTimeoutInMinutes\": 4,\r\n          \"allocationPolicy\":
        {\r\n            \"onDemandAllocation\": false,\r\n            \"portReuse\":
        \"FirstAvailable\"\r\n          },\r\n          \"backendAddressPool\": {\r\n
        \           \"id\": \"/subscriptions/00000000-0000-0000-0000-000000000000/resourceGroups/test_network_lb_outbound_rules000001/providers/Microsoft.Network/loadBalancers/lb1/backendAddressPools/lb1bepool\"\r\n
        \         },\r\n          \"frontendIPConfigurations\": [\r\n            {\r\n
        \             \"id\": \"/subscriptions/00000000-0000-0000-0000-000000000000/resourceGroups/test_network_lb_outbound_rules000001/providers/Microsoft.Network/loadBalancers/lb1/frontendIPConfigurations/LoadBalancerFrontEnd\"\r\n
        \           }\r\n          ]\r\n        }\r\n      }\r\n    ],\r\n    \"inboundNatPools\":
        []\r\n  },\r\n  \"sku\": {\r\n    \"name\": \"Standard\",\r\n    \"tier\":
        \"Regional\"\r\n  }\r\n}"
    headers:
      cache-control:
      - no-cache
      content-length:
      - '4626'
      content-type:
      - application/json; charset=utf-8
      date:
      - Tue, 07 Feb 2023 18:43:14 GMT
      etag:
      - W/"b34ec41d-c647-43cc-a593-0daf0e2232c2"
      expires:
      - '-1'
      pragma:
      - no-cache
      server:
      - Microsoft-HTTPAPI/2.0
      - Microsoft-HTTPAPI/2.0
      strict-transport-security:
      - max-age=31536000; includeSubDomains
      transfer-encoding:
      - chunked
      vary:
      - Accept-Encoding
      x-content-type-options:
      - nosniff
      x-ms-arm-service-request-id:
      - 89be1ad0-943e-418b-91ce-4c4ce97153fa
    status:
      code: 200
      message: OK
- request:
    body: null
    headers:
      Accept:
      - application/json
      Accept-Encoding:
      - gzip, deflate
      CommandName:
      - network lb outbound-rule create
      Connection:
      - keep-alive
      ParameterSetName:
      - -g --lb-name -n --address-pool --frontend-ip-configs --idle-timeout --protocol
      User-Agent:
      - AZURECLI/2.45.0 (AAZ) azsdk-python-core/1.24.0 Python/3.10.9 (Linux-5.15.0-1031-azure-x86_64-with-glibc2.31)
        VSTS_7b238909-6802-4b65-b90d-184bca47f458_build_220_0
    method: GET
    uri: https://management.azure.com/subscriptions/00000000-0000-0000-0000-000000000000/resourceGroups/test_network_lb_outbound_rules000001/providers/Microsoft.Network/loadBalancers/lb1?api-version=2022-05-01
  response:
    body:
      string: "{\r\n  \"name\": \"lb1\",\r\n  \"id\": \"/subscriptions/00000000-0000-0000-0000-000000000000/resourceGroups/test_network_lb_outbound_rules000001/providers/Microsoft.Network/loadBalancers/lb1\",\r\n
        \ \"etag\": \"W/\\\"b34ec41d-c647-43cc-a593-0daf0e2232c2\\\"\",\r\n  \"type\":
        \"Microsoft.Network/loadBalancers\",\r\n  \"location\": \"eastus2\",\r\n  \"tags\":
        {},\r\n  \"properties\": {\r\n    \"provisioningState\": \"Succeeded\",\r\n
        \   \"resourceGuid\": \"09266136-42c3-48b4-9e31-1f94ab700ded\",\r\n    \"frontendIPConfigurations\":
        [\r\n      {\r\n        \"name\": \"LoadBalancerFrontEnd\",\r\n        \"id\":
        \"/subscriptions/00000000-0000-0000-0000-000000000000/resourceGroups/test_network_lb_outbound_rules000001/providers/Microsoft.Network/loadBalancers/lb1/frontendIPConfigurations/LoadBalancerFrontEnd\",\r\n
        \       \"etag\": \"W/\\\"b34ec41d-c647-43cc-a593-0daf0e2232c2\\\"\",\r\n
        \       \"type\": \"Microsoft.Network/loadBalancers/frontendIPConfigurations\",\r\n
        \       \"properties\": {\r\n          \"provisioningState\": \"Succeeded\",\r\n
        \         \"privateIPAllocationMethod\": \"Dynamic\",\r\n          \"publicIPAddress\":
        {\r\n            \"id\": \"/subscriptions/00000000-0000-0000-0000-000000000000/resourceGroups/test_network_lb_outbound_rules000001/providers/Microsoft.Network/publicIPAddresses/PublicIPlb1\"\r\n
        \         },\r\n          \"outboundRules\": [\r\n            {\r\n              \"id\":
        \"/subscriptions/00000000-0000-0000-0000-000000000000/resourceGroups/test_network_lb_outbound_rules000001/providers/Microsoft.Network/loadBalancers/lb1/outboundRules/rule1\"\r\n
        \           }\r\n          ]\r\n        }\r\n      },\r\n      {\r\n        \"name\":
        \"prefixFrontEnd\",\r\n        \"id\": \"/subscriptions/00000000-0000-0000-0000-000000000000/resourceGroups/test_network_lb_outbound_rules000001/providers/Microsoft.Network/loadBalancers/lb1/frontendIPConfigurations/prefixFrontEnd\",\r\n
        \       \"etag\": \"W/\\\"b34ec41d-c647-43cc-a593-0daf0e2232c2\\\"\",\r\n
        \       \"type\": \"Microsoft.Network/loadBalancers/frontendIPConfigurations\",\r\n
        \       \"properties\": {\r\n          \"provisioningState\": \"Succeeded\",\r\n
        \         \"privateIPAllocationMethod\": \"Dynamic\",\r\n          \"publicIPPrefix\":
        {\r\n            \"id\": \"/subscriptions/00000000-0000-0000-0000-000000000000/resourceGroups/test_network_lb_outbound_rules000001/providers/Microsoft.Network/publicIPPrefixes/prefix1\"\r\n
        \         },\r\n          \"privateIPAddressVersion\": \"IPv4\"\r\n        }\r\n
        \     }\r\n    ],\r\n    \"backendAddressPools\": [\r\n      {\r\n        \"name\":
        \"lb1bepool\",\r\n        \"id\": \"/subscriptions/00000000-0000-0000-0000-000000000000/resourceGroups/test_network_lb_outbound_rules000001/providers/Microsoft.Network/loadBalancers/lb1/backendAddressPools/lb1bepool\",\r\n
        \       \"etag\": \"W/\\\"b34ec41d-c647-43cc-a593-0daf0e2232c2\\\"\",\r\n
        \       \"properties\": {\r\n          \"provisioningState\": \"Succeeded\",\r\n
        \         \"loadBalancerBackendAddresses\": [],\r\n          \"outboundRules\":
        [\r\n            {\r\n              \"id\": \"/subscriptions/00000000-0000-0000-0000-000000000000/resourceGroups/test_network_lb_outbound_rules000001/providers/Microsoft.Network/loadBalancers/lb1/outboundRules/rule1\"\r\n
        \           }\r\n          ]\r\n        },\r\n        \"type\": \"Microsoft.Network/loadBalancers/backendAddressPools\"\r\n
        \     }\r\n    ],\r\n    \"loadBalancingRules\": [],\r\n    \"probes\": [],\r\n
        \   \"inboundNatRules\": [],\r\n    \"outboundRules\": [\r\n      {\r\n        \"name\":
        \"rule1\",\r\n        \"id\": \"/subscriptions/00000000-0000-0000-0000-000000000000/resourceGroups/test_network_lb_outbound_rules000001/providers/Microsoft.Network/loadBalancers/lb1/outboundRules/rule1\",\r\n
        \       \"etag\": \"W/\\\"b34ec41d-c647-43cc-a593-0daf0e2232c2\\\"\",\r\n
        \       \"type\": \"Microsoft.Network/loadBalancers/outboundRules\",\r\n        \"properties\":
        {\r\n          \"provisioningState\": \"Succeeded\",\r\n          \"allocatedOutboundPorts\":
        512,\r\n          \"protocol\": \"Tcp\",\r\n          \"enableTcpReset\":
        true,\r\n          \"idleTimeoutInMinutes\": 4,\r\n          \"allocationPolicy\":
        {\r\n            \"onDemandAllocation\": false,\r\n            \"portReuse\":
        \"FirstAvailable\"\r\n          },\r\n          \"backendAddressPool\": {\r\n
        \           \"id\": \"/subscriptions/00000000-0000-0000-0000-000000000000/resourceGroups/test_network_lb_outbound_rules000001/providers/Microsoft.Network/loadBalancers/lb1/backendAddressPools/lb1bepool\"\r\n
        \         },\r\n          \"frontendIPConfigurations\": [\r\n            {\r\n
        \             \"id\": \"/subscriptions/00000000-0000-0000-0000-000000000000/resourceGroups/test_network_lb_outbound_rules000001/providers/Microsoft.Network/loadBalancers/lb1/frontendIPConfigurations/LoadBalancerFrontEnd\"\r\n
        \           }\r\n          ]\r\n        }\r\n      }\r\n    ],\r\n    \"inboundNatPools\":
        []\r\n  },\r\n  \"sku\": {\r\n    \"name\": \"Standard\",\r\n    \"tier\":
        \"Regional\"\r\n  }\r\n}"
    headers:
      cache-control:
      - no-cache
      content-length:
      - '4626'
      content-type:
      - application/json; charset=utf-8
      date:
      - Tue, 07 Feb 2023 18:43:15 GMT
      etag:
      - W/"b34ec41d-c647-43cc-a593-0daf0e2232c2"
      expires:
      - '-1'
      pragma:
      - no-cache
      server:
      - Microsoft-HTTPAPI/2.0
      - Microsoft-HTTPAPI/2.0
      strict-transport-security:
      - max-age=31536000; includeSubDomains
      transfer-encoding:
      - chunked
      vary:
      - Accept-Encoding
      x-content-type-options:
      - nosniff
      x-ms-arm-service-request-id:
      - 25502c94-2eec-4452-b1c1-e2164bd573fd
    status:
      code: 200
      message: OK
- request:
    body: '{"id": "/subscriptions/00000000-0000-0000-0000-000000000000/resourceGroups/test_network_lb_outbound_rules000001/providers/Microsoft.Network/loadBalancers/lb1",
      "location": "eastus2", "properties": {"backendAddressPools": [{"id": "/subscriptions/00000000-0000-0000-0000-000000000000/resourceGroups/test_network_lb_outbound_rules000001/providers/Microsoft.Network/loadBalancers/lb1/backendAddressPools/lb1bepool",
      "name": "lb1bepool", "properties": {"loadBalancerBackendAddresses": []}}], "frontendIPConfigurations":
      [{"id": "/subscriptions/00000000-0000-0000-0000-000000000000/resourceGroups/test_network_lb_outbound_rules000001/providers/Microsoft.Network/loadBalancers/lb1/frontendIPConfigurations/LoadBalancerFrontEnd",
      "name": "LoadBalancerFrontEnd", "properties": {"privateIPAllocationMethod":
      "Dynamic", "publicIPAddress": {"id": "/subscriptions/00000000-0000-0000-0000-000000000000/resourceGroups/test_network_lb_outbound_rules000001/providers/Microsoft.Network/publicIPAddresses/PublicIPlb1"}}},
      {"id": "/subscriptions/00000000-0000-0000-0000-000000000000/resourceGroups/test_network_lb_outbound_rules000001/providers/Microsoft.Network/loadBalancers/lb1/frontendIPConfigurations/prefixFrontEnd",
      "name": "prefixFrontEnd", "properties": {"privateIPAddressVersion": "IPv4",
      "privateIPAllocationMethod": "Dynamic", "publicIPPrefix": {"id": "/subscriptions/00000000-0000-0000-0000-000000000000/resourceGroups/test_network_lb_outbound_rules000001/providers/Microsoft.Network/publicIPPrefixes/prefix1"}}}],
      "inboundNatPools": [], "inboundNatRules": [], "loadBalancingRules": [], "outboundRules":
      [{"id": "/subscriptions/00000000-0000-0000-0000-000000000000/resourceGroups/test_network_lb_outbound_rules000001/providers/Microsoft.Network/loadBalancers/lb1/outboundRules/rule1",
      "name": "rule1", "properties": {"allocatedOutboundPorts": 512, "backendAddressPool":
      {"id": "/subscriptions/00000000-0000-0000-0000-000000000000/resourceGroups/test_network_lb_outbound_rules000001/providers/Microsoft.Network/loadBalancers/lb1/backendAddressPools/lb1bepool"},
      "enableTcpReset": true, "frontendIPConfigurations": [{"id": "/subscriptions/00000000-0000-0000-0000-000000000000/resourceGroups/test_network_lb_outbound_rules000001/providers/Microsoft.Network/loadBalancers/lb1/frontendIPConfigurations/LoadBalancerFrontEnd"}],
      "idleTimeoutInMinutes": 4, "protocol": "Tcp"}}, {"name": "rule2", "properties":
      {"backendAddressPool": {"id": "/subscriptions/00000000-0000-0000-0000-000000000000/resourceGroups/test_network_lb_outbound_rules000001/providers/Microsoft.Network/loadBalancers/lb1/backendAddressPools/lb1bepool"},
      "frontendIPConfigurations": [{"id": "/subscriptions/00000000-0000-0000-0000-000000000000/resourceGroups/test_network_lb_outbound_rules000001/providers/Microsoft.Network/loadBalancers/lb1/frontendIPConfigurations/prefixFrontEnd"}],
      "idleTimeoutInMinutes": 20, "protocol": "All"}}], "probes": []}, "sku": {"name":
      "Standard", "tier": "Regional"}, "tags": {}}'
    headers:
      Accept:
      - application/json
      Accept-Encoding:
      - gzip, deflate
      CommandName:
      - network lb outbound-rule create
      Connection:
      - keep-alive
      Content-Length:
      - '2965'
      Content-Type:
      - application/json
      ParameterSetName:
      - -g --lb-name -n --address-pool --frontend-ip-configs --idle-timeout --protocol
      User-Agent:
      - AZURECLI/2.45.0 (AAZ) azsdk-python-core/1.24.0 Python/3.10.9 (Linux-5.15.0-1031-azure-x86_64-with-glibc2.31)
        VSTS_7b238909-6802-4b65-b90d-184bca47f458_build_220_0
    method: PUT
    uri: https://management.azure.com/subscriptions/00000000-0000-0000-0000-000000000000/resourceGroups/test_network_lb_outbound_rules000001/providers/Microsoft.Network/loadBalancers/lb1?api-version=2022-05-01
  response:
    body:
      string: "{\r\n  \"name\": \"lb1\",\r\n  \"id\": \"/subscriptions/00000000-0000-0000-0000-000000000000/resourceGroups/test_network_lb_outbound_rules000001/providers/Microsoft.Network/loadBalancers/lb1\",\r\n
        \ \"etag\": \"W/\\\"3b553f7e-755d-411d-90a4-cfd26aa499d1\\\"\",\r\n  \"type\":
        \"Microsoft.Network/loadBalancers\",\r\n  \"location\": \"eastus2\",\r\n  \"tags\":
        {},\r\n  \"properties\": {\r\n    \"provisioningState\": \"Succeeded\",\r\n
        \   \"resourceGuid\": \"09266136-42c3-48b4-9e31-1f94ab700ded\",\r\n    \"frontendIPConfigurations\":
        [\r\n      {\r\n        \"name\": \"LoadBalancerFrontEnd\",\r\n        \"id\":
        \"/subscriptions/00000000-0000-0000-0000-000000000000/resourceGroups/test_network_lb_outbound_rules000001/providers/Microsoft.Network/loadBalancers/lb1/frontendIPConfigurations/LoadBalancerFrontEnd\",\r\n
        \       \"etag\": \"W/\\\"3b553f7e-755d-411d-90a4-cfd26aa499d1\\\"\",\r\n
        \       \"type\": \"Microsoft.Network/loadBalancers/frontendIPConfigurations\",\r\n
        \       \"properties\": {\r\n          \"provisioningState\": \"Succeeded\",\r\n
        \         \"privateIPAllocationMethod\": \"Dynamic\",\r\n          \"publicIPAddress\":
        {\r\n            \"id\": \"/subscriptions/00000000-0000-0000-0000-000000000000/resourceGroups/test_network_lb_outbound_rules000001/providers/Microsoft.Network/publicIPAddresses/PublicIPlb1\"\r\n
        \         },\r\n          \"outboundRules\": [\r\n            {\r\n              \"id\":
        \"/subscriptions/00000000-0000-0000-0000-000000000000/resourceGroups/test_network_lb_outbound_rules000001/providers/Microsoft.Network/loadBalancers/lb1/outboundRules/rule1\"\r\n
        \           }\r\n          ]\r\n        }\r\n      },\r\n      {\r\n        \"name\":
        \"prefixFrontEnd\",\r\n        \"id\": \"/subscriptions/00000000-0000-0000-0000-000000000000/resourceGroups/test_network_lb_outbound_rules000001/providers/Microsoft.Network/loadBalancers/lb1/frontendIPConfigurations/prefixFrontEnd\",\r\n
        \       \"etag\": \"W/\\\"3b553f7e-755d-411d-90a4-cfd26aa499d1\\\"\",\r\n
        \       \"type\": \"Microsoft.Network/loadBalancers/frontendIPConfigurations\",\r\n
        \       \"properties\": {\r\n          \"provisioningState\": \"Succeeded\",\r\n
        \         \"privateIPAllocationMethod\": \"Dynamic\",\r\n          \"outboundRules\":
        [\r\n            {\r\n              \"id\": \"/subscriptions/00000000-0000-0000-0000-000000000000/resourceGroups/test_network_lb_outbound_rules000001/providers/Microsoft.Network/loadBalancers/lb1/outboundRules/rule2\"\r\n
        \           }\r\n          ],\r\n          \"publicIPPrefix\": {\r\n            \"id\":
        \"/subscriptions/00000000-0000-0000-0000-000000000000/resourceGroups/test_network_lb_outbound_rules000001/providers/Microsoft.Network/publicIPPrefixes/prefix1\"\r\n
        \         },\r\n          \"privateIPAddressVersion\": \"IPv4\"\r\n        }\r\n
        \     }\r\n    ],\r\n    \"backendAddressPools\": [\r\n      {\r\n        \"name\":
        \"lb1bepool\",\r\n        \"id\": \"/subscriptions/00000000-0000-0000-0000-000000000000/resourceGroups/test_network_lb_outbound_rules000001/providers/Microsoft.Network/loadBalancers/lb1/backendAddressPools/lb1bepool\",\r\n
        \       \"etag\": \"W/\\\"3b553f7e-755d-411d-90a4-cfd26aa499d1\\\"\",\r\n
        \       \"properties\": {\r\n          \"provisioningState\": \"Succeeded\",\r\n
        \         \"loadBalancerBackendAddresses\": [],\r\n          \"outboundRules\":
        [\r\n            {\r\n              \"id\": \"/subscriptions/00000000-0000-0000-0000-000000000000/resourceGroups/test_network_lb_outbound_rules000001/providers/Microsoft.Network/loadBalancers/lb1/outboundRules/rule1\"\r\n
        \           },\r\n            {\r\n              \"id\": \"/subscriptions/00000000-0000-0000-0000-000000000000/resourceGroups/test_network_lb_outbound_rules000001/providers/Microsoft.Network/loadBalancers/lb1/outboundRules/rule2\"\r\n
        \           }\r\n          ]\r\n        },\r\n        \"type\": \"Microsoft.Network/loadBalancers/backendAddressPools\"\r\n
        \     }\r\n    ],\r\n    \"loadBalancingRules\": [],\r\n    \"probes\": [],\r\n
        \   \"inboundNatRules\": [],\r\n    \"outboundRules\": [\r\n      {\r\n        \"name\":
        \"rule1\",\r\n        \"id\": \"/subscriptions/00000000-0000-0000-0000-000000000000/resourceGroups/test_network_lb_outbound_rules000001/providers/Microsoft.Network/loadBalancers/lb1/outboundRules/rule1\",\r\n
        \       \"etag\": \"W/\\\"3b553f7e-755d-411d-90a4-cfd26aa499d1\\\"\",\r\n
        \       \"type\": \"Microsoft.Network/loadBalancers/outboundRules\",\r\n        \"properties\":
        {\r\n          \"provisioningState\": \"Succeeded\",\r\n          \"allocatedOutboundPorts\":
        512,\r\n          \"protocol\": \"Tcp\",\r\n          \"enableTcpReset\":
        true,\r\n          \"idleTimeoutInMinutes\": 4,\r\n          \"allocationPolicy\":
        {\r\n            \"onDemandAllocation\": false,\r\n            \"portReuse\":
        \"FirstAvailable\"\r\n          },\r\n          \"backendAddressPool\": {\r\n
        \           \"id\": \"/subscriptions/00000000-0000-0000-0000-000000000000/resourceGroups/test_network_lb_outbound_rules000001/providers/Microsoft.Network/loadBalancers/lb1/backendAddressPools/lb1bepool\"\r\n
        \         },\r\n          \"frontendIPConfigurations\": [\r\n            {\r\n
        \             \"id\": \"/subscriptions/00000000-0000-0000-0000-000000000000/resourceGroups/test_network_lb_outbound_rules000001/providers/Microsoft.Network/loadBalancers/lb1/frontendIPConfigurations/LoadBalancerFrontEnd\"\r\n
        \           }\r\n          ]\r\n        }\r\n      },\r\n      {\r\n        \"name\":
        \"rule2\",\r\n        \"id\": \"/subscriptions/00000000-0000-0000-0000-000000000000/resourceGroups/test_network_lb_outbound_rules000001/providers/Microsoft.Network/loadBalancers/lb1/outboundRules/rule2\",\r\n
        \       \"etag\": \"W/\\\"3b553f7e-755d-411d-90a4-cfd26aa499d1\\\"\",\r\n
        \       \"type\": \"Microsoft.Network/loadBalancers/outboundRules\",\r\n        \"properties\":
        {\r\n          \"provisioningState\": \"Succeeded\",\r\n          \"allocatedOutboundPorts\":
        1024,\r\n          \"protocol\": \"All\",\r\n          \"enableTcpReset\":
        false,\r\n          \"idleTimeoutInMinutes\": 20,\r\n          \"allocationPolicy\":
        {\r\n            \"onDemandAllocation\": false,\r\n            \"portReuse\":
        \"FirstAvailable\"\r\n          },\r\n          \"backendAddressPool\": {\r\n
        \           \"id\": \"/subscriptions/00000000-0000-0000-0000-000000000000/resourceGroups/test_network_lb_outbound_rules000001/providers/Microsoft.Network/loadBalancers/lb1/backendAddressPools/lb1bepool\"\r\n
        \         },\r\n          \"frontendIPConfigurations\": [\r\n            {\r\n
        \             \"id\": \"/subscriptions/00000000-0000-0000-0000-000000000000/resourceGroups/test_network_lb_outbound_rules000001/providers/Microsoft.Network/loadBalancers/lb1/frontendIPConfigurations/prefixFrontEnd\"\r\n
        \           }\r\n          ]\r\n        }\r\n      }\r\n    ],\r\n    \"inboundNatPools\":
        []\r\n  },\r\n  \"sku\": {\r\n    \"name\": \"Standard\",\r\n    \"tier\":
        \"Regional\"\r\n  }\r\n}"
    headers:
      azure-asyncnotification:
      - Enabled
      azure-asyncoperation:
      - https://management.azure.com/subscriptions/00000000-0000-0000-0000-000000000000/providers/Microsoft.Network/locations/eastus2/operations/ba427e87-ce47-41f3-bed5-d50c2313740e?api-version=2022-05-01
      cache-control:
      - no-cache
      content-length:
      - '6387'
      content-type:
      - application/json; charset=utf-8
      date:
      - Tue, 07 Feb 2023 18:43:17 GMT
      expires:
      - '-1'
      pragma:
      - no-cache
      server:
      - Microsoft-HTTPAPI/2.0
      - Microsoft-HTTPAPI/2.0
      strict-transport-security:
      - max-age=31536000; includeSubDomains
      transfer-encoding:
      - chunked
      vary:
      - Accept-Encoding
      x-content-type-options:
      - nosniff
      x-ms-arm-service-request-id:
      - 4a219065-b8a2-44ab-945f-dc527dc510ed
      x-ms-ratelimit-remaining-subscription-writes:
      - '1198'
    status:
      code: 200
      message: OK
- request:
    body: null
    headers:
      Accept:
      - '*/*'
      Accept-Encoding:
      - gzip, deflate
      CommandName:
      - network lb outbound-rule create
      Connection:
      - keep-alive
      ParameterSetName:
      - -g --lb-name -n --address-pool --frontend-ip-configs --idle-timeout --protocol
      User-Agent:
      - AZURECLI/2.45.0 (AAZ) azsdk-python-core/1.24.0 Python/3.10.9 (Linux-5.15.0-1031-azure-x86_64-with-glibc2.31)
        VSTS_7b238909-6802-4b65-b90d-184bca47f458_build_220_0
    method: GET
    uri: https://management.azure.com/subscriptions/00000000-0000-0000-0000-000000000000/providers/Microsoft.Network/locations/eastus2/operations/ba427e87-ce47-41f3-bed5-d50c2313740e?api-version=2022-05-01
  response:
    body:
      string: "{\r\n  \"status\": \"Succeeded\"\r\n}"
    headers:
      cache-control:
      - no-cache
      content-length:
      - '29'
      content-type:
      - application/json; charset=utf-8
      date:
      - Tue, 07 Feb 2023 18:43:46 GMT
      expires:
      - '-1'
      pragma:
      - no-cache
      server:
      - Microsoft-HTTPAPI/2.0
      - Microsoft-HTTPAPI/2.0
      strict-transport-security:
      - max-age=31536000; includeSubDomains
      transfer-encoding:
      - chunked
      vary:
      - Accept-Encoding
      x-content-type-options:
      - nosniff
      x-ms-arm-service-request-id:
      - 69152312-fb28-416d-a416-e1985e8761e8
    status:
      code: 200
      message: OK
- request:
    body: null
    headers:
      Accept:
      - '*/*'
      Accept-Encoding:
      - gzip, deflate
      CommandName:
      - network lb outbound-rule create
      Connection:
      - keep-alive
      ParameterSetName:
      - -g --lb-name -n --address-pool --frontend-ip-configs --idle-timeout --protocol
      User-Agent:
      - AZURECLI/2.45.0 (AAZ) azsdk-python-core/1.24.0 Python/3.10.9 (Linux-5.15.0-1031-azure-x86_64-with-glibc2.31)
        VSTS_7b238909-6802-4b65-b90d-184bca47f458_build_220_0
    method: GET
    uri: https://management.azure.com/subscriptions/00000000-0000-0000-0000-000000000000/resourceGroups/test_network_lb_outbound_rules000001/providers/Microsoft.Network/loadBalancers/lb1?api-version=2022-05-01
  response:
    body:
      string: "{\r\n  \"name\": \"lb1\",\r\n  \"id\": \"/subscriptions/00000000-0000-0000-0000-000000000000/resourceGroups/test_network_lb_outbound_rules000001/providers/Microsoft.Network/loadBalancers/lb1\",\r\n
        \ \"etag\": \"W/\\\"3b553f7e-755d-411d-90a4-cfd26aa499d1\\\"\",\r\n  \"type\":
        \"Microsoft.Network/loadBalancers\",\r\n  \"location\": \"eastus2\",\r\n  \"tags\":
        {},\r\n  \"properties\": {\r\n    \"provisioningState\": \"Succeeded\",\r\n
        \   \"resourceGuid\": \"09266136-42c3-48b4-9e31-1f94ab700ded\",\r\n    \"frontendIPConfigurations\":
        [\r\n      {\r\n        \"name\": \"LoadBalancerFrontEnd\",\r\n        \"id\":
        \"/subscriptions/00000000-0000-0000-0000-000000000000/resourceGroups/test_network_lb_outbound_rules000001/providers/Microsoft.Network/loadBalancers/lb1/frontendIPConfigurations/LoadBalancerFrontEnd\",\r\n
        \       \"etag\": \"W/\\\"3b553f7e-755d-411d-90a4-cfd26aa499d1\\\"\",\r\n
        \       \"type\": \"Microsoft.Network/loadBalancers/frontendIPConfigurations\",\r\n
        \       \"properties\": {\r\n          \"provisioningState\": \"Succeeded\",\r\n
        \         \"privateIPAllocationMethod\": \"Dynamic\",\r\n          \"publicIPAddress\":
        {\r\n            \"id\": \"/subscriptions/00000000-0000-0000-0000-000000000000/resourceGroups/test_network_lb_outbound_rules000001/providers/Microsoft.Network/publicIPAddresses/PublicIPlb1\"\r\n
        \         },\r\n          \"outboundRules\": [\r\n            {\r\n              \"id\":
        \"/subscriptions/00000000-0000-0000-0000-000000000000/resourceGroups/test_network_lb_outbound_rules000001/providers/Microsoft.Network/loadBalancers/lb1/outboundRules/rule1\"\r\n
        \           }\r\n          ]\r\n        }\r\n      },\r\n      {\r\n        \"name\":
        \"prefixFrontEnd\",\r\n        \"id\": \"/subscriptions/00000000-0000-0000-0000-000000000000/resourceGroups/test_network_lb_outbound_rules000001/providers/Microsoft.Network/loadBalancers/lb1/frontendIPConfigurations/prefixFrontEnd\",\r\n
        \       \"etag\": \"W/\\\"3b553f7e-755d-411d-90a4-cfd26aa499d1\\\"\",\r\n
        \       \"type\": \"Microsoft.Network/loadBalancers/frontendIPConfigurations\",\r\n
        \       \"properties\": {\r\n          \"provisioningState\": \"Succeeded\",\r\n
        \         \"privateIPAllocationMethod\": \"Dynamic\",\r\n          \"outboundRules\":
        [\r\n            {\r\n              \"id\": \"/subscriptions/00000000-0000-0000-0000-000000000000/resourceGroups/test_network_lb_outbound_rules000001/providers/Microsoft.Network/loadBalancers/lb1/outboundRules/rule2\"\r\n
        \           }\r\n          ],\r\n          \"publicIPPrefix\": {\r\n            \"id\":
        \"/subscriptions/00000000-0000-0000-0000-000000000000/resourceGroups/test_network_lb_outbound_rules000001/providers/Microsoft.Network/publicIPPrefixes/prefix1\"\r\n
        \         },\r\n          \"privateIPAddressVersion\": \"IPv4\"\r\n        }\r\n
        \     }\r\n    ],\r\n    \"backendAddressPools\": [\r\n      {\r\n        \"name\":
        \"lb1bepool\",\r\n        \"id\": \"/subscriptions/00000000-0000-0000-0000-000000000000/resourceGroups/test_network_lb_outbound_rules000001/providers/Microsoft.Network/loadBalancers/lb1/backendAddressPools/lb1bepool\",\r\n
        \       \"etag\": \"W/\\\"3b553f7e-755d-411d-90a4-cfd26aa499d1\\\"\",\r\n
        \       \"properties\": {\r\n          \"provisioningState\": \"Succeeded\",\r\n
        \         \"loadBalancerBackendAddresses\": [],\r\n          \"outboundRules\":
        [\r\n            {\r\n              \"id\": \"/subscriptions/00000000-0000-0000-0000-000000000000/resourceGroups/test_network_lb_outbound_rules000001/providers/Microsoft.Network/loadBalancers/lb1/outboundRules/rule1\"\r\n
        \           },\r\n            {\r\n              \"id\": \"/subscriptions/00000000-0000-0000-0000-000000000000/resourceGroups/test_network_lb_outbound_rules000001/providers/Microsoft.Network/loadBalancers/lb1/outboundRules/rule2\"\r\n
        \           }\r\n          ]\r\n        },\r\n        \"type\": \"Microsoft.Network/loadBalancers/backendAddressPools\"\r\n
        \     }\r\n    ],\r\n    \"loadBalancingRules\": [],\r\n    \"probes\": [],\r\n
        \   \"inboundNatRules\": [],\r\n    \"outboundRules\": [\r\n      {\r\n        \"name\":
        \"rule1\",\r\n        \"id\": \"/subscriptions/00000000-0000-0000-0000-000000000000/resourceGroups/test_network_lb_outbound_rules000001/providers/Microsoft.Network/loadBalancers/lb1/outboundRules/rule1\",\r\n
        \       \"etag\": \"W/\\\"3b553f7e-755d-411d-90a4-cfd26aa499d1\\\"\",\r\n
        \       \"type\": \"Microsoft.Network/loadBalancers/outboundRules\",\r\n        \"properties\":
        {\r\n          \"provisioningState\": \"Succeeded\",\r\n          \"allocatedOutboundPorts\":
        512,\r\n          \"protocol\": \"Tcp\",\r\n          \"enableTcpReset\":
        true,\r\n          \"idleTimeoutInMinutes\": 4,\r\n          \"allocationPolicy\":
        {\r\n            \"onDemandAllocation\": false,\r\n            \"portReuse\":
        \"FirstAvailable\"\r\n          },\r\n          \"backendAddressPool\": {\r\n
        \           \"id\": \"/subscriptions/00000000-0000-0000-0000-000000000000/resourceGroups/test_network_lb_outbound_rules000001/providers/Microsoft.Network/loadBalancers/lb1/backendAddressPools/lb1bepool\"\r\n
        \         },\r\n          \"frontendIPConfigurations\": [\r\n            {\r\n
        \             \"id\": \"/subscriptions/00000000-0000-0000-0000-000000000000/resourceGroups/test_network_lb_outbound_rules000001/providers/Microsoft.Network/loadBalancers/lb1/frontendIPConfigurations/LoadBalancerFrontEnd\"\r\n
        \           }\r\n          ]\r\n        }\r\n      },\r\n      {\r\n        \"name\":
        \"rule2\",\r\n        \"id\": \"/subscriptions/00000000-0000-0000-0000-000000000000/resourceGroups/test_network_lb_outbound_rules000001/providers/Microsoft.Network/loadBalancers/lb1/outboundRules/rule2\",\r\n
        \       \"etag\": \"W/\\\"3b553f7e-755d-411d-90a4-cfd26aa499d1\\\"\",\r\n
        \       \"type\": \"Microsoft.Network/loadBalancers/outboundRules\",\r\n        \"properties\":
        {\r\n          \"provisioningState\": \"Succeeded\",\r\n          \"allocatedOutboundPorts\":
        1024,\r\n          \"protocol\": \"All\",\r\n          \"enableTcpReset\":
        false,\r\n          \"idleTimeoutInMinutes\": 20,\r\n          \"allocationPolicy\":
        {\r\n            \"onDemandAllocation\": false,\r\n            \"portReuse\":
        \"FirstAvailable\"\r\n          },\r\n          \"backendAddressPool\": {\r\n
        \           \"id\": \"/subscriptions/00000000-0000-0000-0000-000000000000/resourceGroups/test_network_lb_outbound_rules000001/providers/Microsoft.Network/loadBalancers/lb1/backendAddressPools/lb1bepool\"\r\n
        \         },\r\n          \"frontendIPConfigurations\": [\r\n            {\r\n
        \             \"id\": \"/subscriptions/00000000-0000-0000-0000-000000000000/resourceGroups/test_network_lb_outbound_rules000001/providers/Microsoft.Network/loadBalancers/lb1/frontendIPConfigurations/prefixFrontEnd\"\r\n
        \           }\r\n          ]\r\n        }\r\n      }\r\n    ],\r\n    \"inboundNatPools\":
        []\r\n  },\r\n  \"sku\": {\r\n    \"name\": \"Standard\",\r\n    \"tier\":
        \"Regional\"\r\n  }\r\n}"
    headers:
      cache-control:
      - no-cache
      content-length:
      - '6387'
      content-type:
      - application/json; charset=utf-8
      date:
      - Tue, 07 Feb 2023 18:43:47 GMT
      etag:
      - W/"3b553f7e-755d-411d-90a4-cfd26aa499d1"
      expires:
      - '-1'
      pragma:
      - no-cache
      server:
      - Microsoft-HTTPAPI/2.0
      - Microsoft-HTTPAPI/2.0
      strict-transport-security:
      - max-age=31536000; includeSubDomains
      transfer-encoding:
      - chunked
      vary:
      - Accept-Encoding
      x-content-type-options:
      - nosniff
      x-ms-arm-service-request-id:
      - 5dbb3879-f71f-4271-bba8-cad238e69220
    status:
      code: 200
      message: OK
- request:
    body: null
    headers:
      Accept:
      - application/json
      Accept-Encoding:
      - gzip, deflate
      CommandName:
      - network lb outbound-rule update
      Connection:
      - keep-alive
      ParameterSetName:
      - -g --lb-name -n --idle-timeout
      User-Agent:
      - AZURECLI/2.45.0 (AAZ) azsdk-python-core/1.24.0 Python/3.10.9 (Linux-5.15.0-1031-azure-x86_64-with-glibc2.31)
        VSTS_7b238909-6802-4b65-b90d-184bca47f458_build_220_0
    method: GET
    uri: https://management.azure.com/subscriptions/00000000-0000-0000-0000-000000000000/resourceGroups/test_network_lb_outbound_rules000001/providers/Microsoft.Network/loadBalancers/lb1?api-version=2022-05-01
  response:
    body:
      string: "{\r\n  \"name\": \"lb1\",\r\n  \"id\": \"/subscriptions/00000000-0000-0000-0000-000000000000/resourceGroups/test_network_lb_outbound_rules000001/providers/Microsoft.Network/loadBalancers/lb1\",\r\n
        \ \"etag\": \"W/\\\"3b553f7e-755d-411d-90a4-cfd26aa499d1\\\"\",\r\n  \"type\":
        \"Microsoft.Network/loadBalancers\",\r\n  \"location\": \"eastus2\",\r\n  \"tags\":
        {},\r\n  \"properties\": {\r\n    \"provisioningState\": \"Succeeded\",\r\n
        \   \"resourceGuid\": \"09266136-42c3-48b4-9e31-1f94ab700ded\",\r\n    \"frontendIPConfigurations\":
        [\r\n      {\r\n        \"name\": \"LoadBalancerFrontEnd\",\r\n        \"id\":
        \"/subscriptions/00000000-0000-0000-0000-000000000000/resourceGroups/test_network_lb_outbound_rules000001/providers/Microsoft.Network/loadBalancers/lb1/frontendIPConfigurations/LoadBalancerFrontEnd\",\r\n
        \       \"etag\": \"W/\\\"3b553f7e-755d-411d-90a4-cfd26aa499d1\\\"\",\r\n
        \       \"type\": \"Microsoft.Network/loadBalancers/frontendIPConfigurations\",\r\n
        \       \"properties\": {\r\n          \"provisioningState\": \"Succeeded\",\r\n
        \         \"privateIPAllocationMethod\": \"Dynamic\",\r\n          \"publicIPAddress\":
        {\r\n            \"id\": \"/subscriptions/00000000-0000-0000-0000-000000000000/resourceGroups/test_network_lb_outbound_rules000001/providers/Microsoft.Network/publicIPAddresses/PublicIPlb1\"\r\n
        \         },\r\n          \"outboundRules\": [\r\n            {\r\n              \"id\":
        \"/subscriptions/00000000-0000-0000-0000-000000000000/resourceGroups/test_network_lb_outbound_rules000001/providers/Microsoft.Network/loadBalancers/lb1/outboundRules/rule1\"\r\n
        \           }\r\n          ]\r\n        }\r\n      },\r\n      {\r\n        \"name\":
        \"prefixFrontEnd\",\r\n        \"id\": \"/subscriptions/00000000-0000-0000-0000-000000000000/resourceGroups/test_network_lb_outbound_rules000001/providers/Microsoft.Network/loadBalancers/lb1/frontendIPConfigurations/prefixFrontEnd\",\r\n
        \       \"etag\": \"W/\\\"3b553f7e-755d-411d-90a4-cfd26aa499d1\\\"\",\r\n
        \       \"type\": \"Microsoft.Network/loadBalancers/frontendIPConfigurations\",\r\n
        \       \"properties\": {\r\n          \"provisioningState\": \"Succeeded\",\r\n
        \         \"privateIPAllocationMethod\": \"Dynamic\",\r\n          \"outboundRules\":
        [\r\n            {\r\n              \"id\": \"/subscriptions/00000000-0000-0000-0000-000000000000/resourceGroups/test_network_lb_outbound_rules000001/providers/Microsoft.Network/loadBalancers/lb1/outboundRules/rule2\"\r\n
        \           }\r\n          ],\r\n          \"publicIPPrefix\": {\r\n            \"id\":
        \"/subscriptions/00000000-0000-0000-0000-000000000000/resourceGroups/test_network_lb_outbound_rules000001/providers/Microsoft.Network/publicIPPrefixes/prefix1\"\r\n
        \         },\r\n          \"privateIPAddressVersion\": \"IPv4\"\r\n        }\r\n
        \     }\r\n    ],\r\n    \"backendAddressPools\": [\r\n      {\r\n        \"name\":
        \"lb1bepool\",\r\n        \"id\": \"/subscriptions/00000000-0000-0000-0000-000000000000/resourceGroups/test_network_lb_outbound_rules000001/providers/Microsoft.Network/loadBalancers/lb1/backendAddressPools/lb1bepool\",\r\n
        \       \"etag\": \"W/\\\"3b553f7e-755d-411d-90a4-cfd26aa499d1\\\"\",\r\n
        \       \"properties\": {\r\n          \"provisioningState\": \"Succeeded\",\r\n
        \         \"loadBalancerBackendAddresses\": [],\r\n          \"outboundRules\":
        [\r\n            {\r\n              \"id\": \"/subscriptions/00000000-0000-0000-0000-000000000000/resourceGroups/test_network_lb_outbound_rules000001/providers/Microsoft.Network/loadBalancers/lb1/outboundRules/rule1\"\r\n
        \           },\r\n            {\r\n              \"id\": \"/subscriptions/00000000-0000-0000-0000-000000000000/resourceGroups/test_network_lb_outbound_rules000001/providers/Microsoft.Network/loadBalancers/lb1/outboundRules/rule2\"\r\n
        \           }\r\n          ]\r\n        },\r\n        \"type\": \"Microsoft.Network/loadBalancers/backendAddressPools\"\r\n
        \     }\r\n    ],\r\n    \"loadBalancingRules\": [],\r\n    \"probes\": [],\r\n
        \   \"inboundNatRules\": [],\r\n    \"outboundRules\": [\r\n      {\r\n        \"name\":
        \"rule1\",\r\n        \"id\": \"/subscriptions/00000000-0000-0000-0000-000000000000/resourceGroups/test_network_lb_outbound_rules000001/providers/Microsoft.Network/loadBalancers/lb1/outboundRules/rule1\",\r\n
        \       \"etag\": \"W/\\\"3b553f7e-755d-411d-90a4-cfd26aa499d1\\\"\",\r\n
        \       \"type\": \"Microsoft.Network/loadBalancers/outboundRules\",\r\n        \"properties\":
        {\r\n          \"provisioningState\": \"Succeeded\",\r\n          \"allocatedOutboundPorts\":
        512,\r\n          \"protocol\": \"Tcp\",\r\n          \"enableTcpReset\":
        true,\r\n          \"idleTimeoutInMinutes\": 4,\r\n          \"allocationPolicy\":
        {\r\n            \"onDemandAllocation\": false,\r\n            \"portReuse\":
        \"FirstAvailable\"\r\n          },\r\n          \"backendAddressPool\": {\r\n
        \           \"id\": \"/subscriptions/00000000-0000-0000-0000-000000000000/resourceGroups/test_network_lb_outbound_rules000001/providers/Microsoft.Network/loadBalancers/lb1/backendAddressPools/lb1bepool\"\r\n
        \         },\r\n          \"frontendIPConfigurations\": [\r\n            {\r\n
        \             \"id\": \"/subscriptions/00000000-0000-0000-0000-000000000000/resourceGroups/test_network_lb_outbound_rules000001/providers/Microsoft.Network/loadBalancers/lb1/frontendIPConfigurations/LoadBalancerFrontEnd\"\r\n
        \           }\r\n          ]\r\n        }\r\n      },\r\n      {\r\n        \"name\":
        \"rule2\",\r\n        \"id\": \"/subscriptions/00000000-0000-0000-0000-000000000000/resourceGroups/test_network_lb_outbound_rules000001/providers/Microsoft.Network/loadBalancers/lb1/outboundRules/rule2\",\r\n
        \       \"etag\": \"W/\\\"3b553f7e-755d-411d-90a4-cfd26aa499d1\\\"\",\r\n
        \       \"type\": \"Microsoft.Network/loadBalancers/outboundRules\",\r\n        \"properties\":
        {\r\n          \"provisioningState\": \"Succeeded\",\r\n          \"allocatedOutboundPorts\":
        1024,\r\n          \"protocol\": \"All\",\r\n          \"enableTcpReset\":
        false,\r\n          \"idleTimeoutInMinutes\": 20,\r\n          \"allocationPolicy\":
        {\r\n            \"onDemandAllocation\": false,\r\n            \"portReuse\":
        \"FirstAvailable\"\r\n          },\r\n          \"backendAddressPool\": {\r\n
        \           \"id\": \"/subscriptions/00000000-0000-0000-0000-000000000000/resourceGroups/test_network_lb_outbound_rules000001/providers/Microsoft.Network/loadBalancers/lb1/backendAddressPools/lb1bepool\"\r\n
        \         },\r\n          \"frontendIPConfigurations\": [\r\n            {\r\n
        \             \"id\": \"/subscriptions/00000000-0000-0000-0000-000000000000/resourceGroups/test_network_lb_outbound_rules000001/providers/Microsoft.Network/loadBalancers/lb1/frontendIPConfigurations/prefixFrontEnd\"\r\n
        \           }\r\n          ]\r\n        }\r\n      }\r\n    ],\r\n    \"inboundNatPools\":
        []\r\n  },\r\n  \"sku\": {\r\n    \"name\": \"Standard\",\r\n    \"tier\":
        \"Regional\"\r\n  }\r\n}"
    headers:
      cache-control:
      - no-cache
      content-length:
      - '6387'
      content-type:
      - application/json; charset=utf-8
      date:
      - Tue, 07 Feb 2023 18:43:47 GMT
      etag:
      - W/"3b553f7e-755d-411d-90a4-cfd26aa499d1"
      expires:
      - '-1'
      pragma:
      - no-cache
      server:
      - Microsoft-HTTPAPI/2.0
      - Microsoft-HTTPAPI/2.0
      strict-transport-security:
      - max-age=31536000; includeSubDomains
      transfer-encoding:
      - chunked
      vary:
      - Accept-Encoding
      x-content-type-options:
      - nosniff
      x-ms-arm-service-request-id:
      - 73dbe932-262b-4c0e-89cd-10a26066f219
    status:
      code: 200
      message: OK
- request:
    body: '{"id": "/subscriptions/00000000-0000-0000-0000-000000000000/resourceGroups/test_network_lb_outbound_rules000001/providers/Microsoft.Network/loadBalancers/lb1",
      "location": "eastus2", "properties": {"backendAddressPools": [{"id": "/subscriptions/00000000-0000-0000-0000-000000000000/resourceGroups/test_network_lb_outbound_rules000001/providers/Microsoft.Network/loadBalancers/lb1/backendAddressPools/lb1bepool",
      "name": "lb1bepool", "properties": {"loadBalancerBackendAddresses": []}}], "frontendIPConfigurations":
      [{"id": "/subscriptions/00000000-0000-0000-0000-000000000000/resourceGroups/test_network_lb_outbound_rules000001/providers/Microsoft.Network/loadBalancers/lb1/frontendIPConfigurations/LoadBalancerFrontEnd",
      "name": "LoadBalancerFrontEnd", "properties": {"privateIPAllocationMethod":
      "Dynamic", "publicIPAddress": {"id": "/subscriptions/00000000-0000-0000-0000-000000000000/resourceGroups/test_network_lb_outbound_rules000001/providers/Microsoft.Network/publicIPAddresses/PublicIPlb1"}}},
      {"id": "/subscriptions/00000000-0000-0000-0000-000000000000/resourceGroups/test_network_lb_outbound_rules000001/providers/Microsoft.Network/loadBalancers/lb1/frontendIPConfigurations/prefixFrontEnd",
      "name": "prefixFrontEnd", "properties": {"privateIPAddressVersion": "IPv4",
      "privateIPAllocationMethod": "Dynamic", "publicIPPrefix": {"id": "/subscriptions/00000000-0000-0000-0000-000000000000/resourceGroups/test_network_lb_outbound_rules000001/providers/Microsoft.Network/publicIPPrefixes/prefix1"}}}],
      "inboundNatPools": [], "inboundNatRules": [], "loadBalancingRules": [], "outboundRules":
      [{"id": "/subscriptions/00000000-0000-0000-0000-000000000000/resourceGroups/test_network_lb_outbound_rules000001/providers/Microsoft.Network/loadBalancers/lb1/outboundRules/rule1",
      "name": "rule1", "properties": {"allocatedOutboundPorts": 512, "backendAddressPool":
      {"id": "/subscriptions/00000000-0000-0000-0000-000000000000/resourceGroups/test_network_lb_outbound_rules000001/providers/Microsoft.Network/loadBalancers/lb1/backendAddressPools/lb1bepool"},
      "enableTcpReset": true, "frontendIPConfigurations": [{"id": "/subscriptions/00000000-0000-0000-0000-000000000000/resourceGroups/test_network_lb_outbound_rules000001/providers/Microsoft.Network/loadBalancers/lb1/frontendIPConfigurations/LoadBalancerFrontEnd"}],
      "idleTimeoutInMinutes": 4, "protocol": "Tcp"}}, {"id": "/subscriptions/00000000-0000-0000-0000-000000000000/resourceGroups/test_network_lb_outbound_rules000001/providers/Microsoft.Network/loadBalancers/lb1/outboundRules/rule2",
      "name": "rule2", "properties": {"allocatedOutboundPorts": 1024, "backendAddressPool":
      {"id": "/subscriptions/00000000-0000-0000-0000-000000000000/resourceGroups/test_network_lb_outbound_rules000001/providers/Microsoft.Network/loadBalancers/lb1/backendAddressPools/lb1bepool"},
      "enableTcpReset": false, "frontendIPConfigurations": [{"id": "/subscriptions/00000000-0000-0000-0000-000000000000/resourceGroups/test_network_lb_outbound_rules000001/providers/Microsoft.Network/loadBalancers/lb1/frontendIPConfigurations/prefixFrontEnd"}],
      "idleTimeoutInMinutes": 25, "protocol": "All"}}], "probes": []}, "sku": {"name":
      "Standard", "tier": "Regional"}, "tags": {}}'
    headers:
      Accept:
      - application/json
      Accept-Encoding:
      - gzip, deflate
      CommandName:
      - network lb outbound-rule update
      Connection:
      - keep-alive
      Content-Length:
      - '3201'
      Content-Type:
      - application/json
      ParameterSetName:
      - -g --lb-name -n --idle-timeout
      User-Agent:
      - AZURECLI/2.45.0 (AAZ) azsdk-python-core/1.24.0 Python/3.10.9 (Linux-5.15.0-1031-azure-x86_64-with-glibc2.31)
        VSTS_7b238909-6802-4b65-b90d-184bca47f458_build_220_0
    method: PUT
    uri: https://management.azure.com/subscriptions/00000000-0000-0000-0000-000000000000/resourceGroups/test_network_lb_outbound_rules000001/providers/Microsoft.Network/loadBalancers/lb1?api-version=2022-05-01
  response:
    body:
      string: "{\r\n  \"name\": \"lb1\",\r\n  \"id\": \"/subscriptions/00000000-0000-0000-0000-000000000000/resourceGroups/test_network_lb_outbound_rules000001/providers/Microsoft.Network/loadBalancers/lb1\",\r\n
        \ \"etag\": \"W/\\\"ecff444f-19be-4a2f-9a5d-aff25f96b189\\\"\",\r\n  \"type\":
        \"Microsoft.Network/loadBalancers\",\r\n  \"location\": \"eastus2\",\r\n  \"tags\":
        {},\r\n  \"properties\": {\r\n    \"provisioningState\": \"Succeeded\",\r\n
        \   \"resourceGuid\": \"09266136-42c3-48b4-9e31-1f94ab700ded\",\r\n    \"frontendIPConfigurations\":
        [\r\n      {\r\n        \"name\": \"LoadBalancerFrontEnd\",\r\n        \"id\":
        \"/subscriptions/00000000-0000-0000-0000-000000000000/resourceGroups/test_network_lb_outbound_rules000001/providers/Microsoft.Network/loadBalancers/lb1/frontendIPConfigurations/LoadBalancerFrontEnd\",\r\n
        \       \"etag\": \"W/\\\"ecff444f-19be-4a2f-9a5d-aff25f96b189\\\"\",\r\n
        \       \"type\": \"Microsoft.Network/loadBalancers/frontendIPConfigurations\",\r\n
        \       \"properties\": {\r\n          \"provisioningState\": \"Succeeded\",\r\n
        \         \"privateIPAllocationMethod\": \"Dynamic\",\r\n          \"publicIPAddress\":
        {\r\n            \"id\": \"/subscriptions/00000000-0000-0000-0000-000000000000/resourceGroups/test_network_lb_outbound_rules000001/providers/Microsoft.Network/publicIPAddresses/PublicIPlb1\"\r\n
        \         },\r\n          \"outboundRules\": [\r\n            {\r\n              \"id\":
        \"/subscriptions/00000000-0000-0000-0000-000000000000/resourceGroups/test_network_lb_outbound_rules000001/providers/Microsoft.Network/loadBalancers/lb1/outboundRules/rule1\"\r\n
        \           }\r\n          ]\r\n        }\r\n      },\r\n      {\r\n        \"name\":
        \"prefixFrontEnd\",\r\n        \"id\": \"/subscriptions/00000000-0000-0000-0000-000000000000/resourceGroups/test_network_lb_outbound_rules000001/providers/Microsoft.Network/loadBalancers/lb1/frontendIPConfigurations/prefixFrontEnd\",\r\n
        \       \"etag\": \"W/\\\"ecff444f-19be-4a2f-9a5d-aff25f96b189\\\"\",\r\n
        \       \"type\": \"Microsoft.Network/loadBalancers/frontendIPConfigurations\",\r\n
        \       \"properties\": {\r\n          \"provisioningState\": \"Succeeded\",\r\n
        \         \"privateIPAllocationMethod\": \"Dynamic\",\r\n          \"outboundRules\":
        [\r\n            {\r\n              \"id\": \"/subscriptions/00000000-0000-0000-0000-000000000000/resourceGroups/test_network_lb_outbound_rules000001/providers/Microsoft.Network/loadBalancers/lb1/outboundRules/rule2\"\r\n
        \           }\r\n          ],\r\n          \"publicIPPrefix\": {\r\n            \"id\":
        \"/subscriptions/00000000-0000-0000-0000-000000000000/resourceGroups/test_network_lb_outbound_rules000001/providers/Microsoft.Network/publicIPPrefixes/prefix1\"\r\n
        \         },\r\n          \"privateIPAddressVersion\": \"IPv4\"\r\n        }\r\n
        \     }\r\n    ],\r\n    \"backendAddressPools\": [\r\n      {\r\n        \"name\":
        \"lb1bepool\",\r\n        \"id\": \"/subscriptions/00000000-0000-0000-0000-000000000000/resourceGroups/test_network_lb_outbound_rules000001/providers/Microsoft.Network/loadBalancers/lb1/backendAddressPools/lb1bepool\",\r\n
        \       \"etag\": \"W/\\\"ecff444f-19be-4a2f-9a5d-aff25f96b189\\\"\",\r\n
        \       \"properties\": {\r\n          \"provisioningState\": \"Succeeded\",\r\n
        \         \"loadBalancerBackendAddresses\": [],\r\n          \"outboundRules\":
        [\r\n            {\r\n              \"id\": \"/subscriptions/00000000-0000-0000-0000-000000000000/resourceGroups/test_network_lb_outbound_rules000001/providers/Microsoft.Network/loadBalancers/lb1/outboundRules/rule1\"\r\n
        \           },\r\n            {\r\n              \"id\": \"/subscriptions/00000000-0000-0000-0000-000000000000/resourceGroups/test_network_lb_outbound_rules000001/providers/Microsoft.Network/loadBalancers/lb1/outboundRules/rule2\"\r\n
        \           }\r\n          ]\r\n        },\r\n        \"type\": \"Microsoft.Network/loadBalancers/backendAddressPools\"\r\n
        \     }\r\n    ],\r\n    \"loadBalancingRules\": [],\r\n    \"probes\": [],\r\n
        \   \"inboundNatRules\": [],\r\n    \"outboundRules\": [\r\n      {\r\n        \"name\":
        \"rule1\",\r\n        \"id\": \"/subscriptions/00000000-0000-0000-0000-000000000000/resourceGroups/test_network_lb_outbound_rules000001/providers/Microsoft.Network/loadBalancers/lb1/outboundRules/rule1\",\r\n
        \       \"etag\": \"W/\\\"ecff444f-19be-4a2f-9a5d-aff25f96b189\\\"\",\r\n
        \       \"type\": \"Microsoft.Network/loadBalancers/outboundRules\",\r\n        \"properties\":
        {\r\n          \"provisioningState\": \"Succeeded\",\r\n          \"allocatedOutboundPorts\":
        512,\r\n          \"protocol\": \"Tcp\",\r\n          \"enableTcpReset\":
        true,\r\n          \"idleTimeoutInMinutes\": 4,\r\n          \"allocationPolicy\":
        {\r\n            \"onDemandAllocation\": false,\r\n            \"portReuse\":
        \"FirstAvailable\"\r\n          },\r\n          \"backendAddressPool\": {\r\n
        \           \"id\": \"/subscriptions/00000000-0000-0000-0000-000000000000/resourceGroups/test_network_lb_outbound_rules000001/providers/Microsoft.Network/loadBalancers/lb1/backendAddressPools/lb1bepool\"\r\n
        \         },\r\n          \"frontendIPConfigurations\": [\r\n            {\r\n
        \             \"id\": \"/subscriptions/00000000-0000-0000-0000-000000000000/resourceGroups/test_network_lb_outbound_rules000001/providers/Microsoft.Network/loadBalancers/lb1/frontendIPConfigurations/LoadBalancerFrontEnd\"\r\n
        \           }\r\n          ]\r\n        }\r\n      },\r\n      {\r\n        \"name\":
        \"rule2\",\r\n        \"id\": \"/subscriptions/00000000-0000-0000-0000-000000000000/resourceGroups/test_network_lb_outbound_rules000001/providers/Microsoft.Network/loadBalancers/lb1/outboundRules/rule2\",\r\n
        \       \"etag\": \"W/\\\"ecff444f-19be-4a2f-9a5d-aff25f96b189\\\"\",\r\n
        \       \"type\": \"Microsoft.Network/loadBalancers/outboundRules\",\r\n        \"properties\":
        {\r\n          \"provisioningState\": \"Succeeded\",\r\n          \"allocatedOutboundPorts\":
        1024,\r\n          \"protocol\": \"All\",\r\n          \"enableTcpReset\":
        false,\r\n          \"idleTimeoutInMinutes\": 25,\r\n          \"allocationPolicy\":
        {\r\n            \"onDemandAllocation\": false,\r\n            \"portReuse\":
        \"FirstAvailable\"\r\n          },\r\n          \"backendAddressPool\": {\r\n
        \           \"id\": \"/subscriptions/00000000-0000-0000-0000-000000000000/resourceGroups/test_network_lb_outbound_rules000001/providers/Microsoft.Network/loadBalancers/lb1/backendAddressPools/lb1bepool\"\r\n
        \         },\r\n          \"frontendIPConfigurations\": [\r\n            {\r\n
        \             \"id\": \"/subscriptions/00000000-0000-0000-0000-000000000000/resourceGroups/test_network_lb_outbound_rules000001/providers/Microsoft.Network/loadBalancers/lb1/frontendIPConfigurations/prefixFrontEnd\"\r\n
        \           }\r\n          ]\r\n        }\r\n      }\r\n    ],\r\n    \"inboundNatPools\":
        []\r\n  },\r\n  \"sku\": {\r\n    \"name\": \"Standard\",\r\n    \"tier\":
        \"Regional\"\r\n  }\r\n}"
    headers:
      azure-asyncnotification:
      - Enabled
      azure-asyncoperation:
      - https://management.azure.com/subscriptions/00000000-0000-0000-0000-000000000000/providers/Microsoft.Network/locations/eastus2/operations/e27831a1-cd79-4c97-aed3-1ab082e954b7?api-version=2022-05-01
      cache-control:
      - no-cache
      content-length:
      - '6387'
      content-type:
      - application/json; charset=utf-8
      date:
      - Tue, 07 Feb 2023 18:43:50 GMT
      expires:
      - '-1'
      pragma:
      - no-cache
      server:
      - Microsoft-HTTPAPI/2.0
      - Microsoft-HTTPAPI/2.0
      strict-transport-security:
      - max-age=31536000; includeSubDomains
      transfer-encoding:
      - chunked
      vary:
      - Accept-Encoding
      x-content-type-options:
      - nosniff
      x-ms-arm-service-request-id:
      - cd04e8a4-3387-4a95-9fa6-a2cd4e24bf8e
      x-ms-ratelimit-remaining-subscription-writes:
      - '1198'
    status:
      code: 200
      message: OK
- request:
    body: null
    headers:
      Accept:
      - '*/*'
      Accept-Encoding:
      - gzip, deflate
      CommandName:
      - network lb outbound-rule update
      Connection:
      - keep-alive
      ParameterSetName:
      - -g --lb-name -n --idle-timeout
      User-Agent:
      - AZURECLI/2.45.0 (AAZ) azsdk-python-core/1.24.0 Python/3.10.9 (Linux-5.15.0-1031-azure-x86_64-with-glibc2.31)
        VSTS_7b238909-6802-4b65-b90d-184bca47f458_build_220_0
    method: GET
    uri: https://management.azure.com/subscriptions/00000000-0000-0000-0000-000000000000/providers/Microsoft.Network/locations/eastus2/operations/e27831a1-cd79-4c97-aed3-1ab082e954b7?api-version=2022-05-01
  response:
    body:
      string: "{\r\n  \"status\": \"Succeeded\"\r\n}"
    headers:
      cache-control:
      - no-cache
      content-length:
      - '29'
      content-type:
      - application/json; charset=utf-8
      date:
      - Tue, 07 Feb 2023 18:44:20 GMT
      expires:
      - '-1'
      pragma:
      - no-cache
      server:
      - Microsoft-HTTPAPI/2.0
      - Microsoft-HTTPAPI/2.0
      strict-transport-security:
      - max-age=31536000; includeSubDomains
      transfer-encoding:
      - chunked
      vary:
      - Accept-Encoding
      x-content-type-options:
      - nosniff
      x-ms-arm-service-request-id:
      - 1058476f-6e63-4ead-b09b-eeeb37dc83ce
    status:
      code: 200
      message: OK
- request:
    body: null
    headers:
      Accept:
      - '*/*'
      Accept-Encoding:
      - gzip, deflate
      CommandName:
      - network lb outbound-rule update
      Connection:
      - keep-alive
      ParameterSetName:
      - -g --lb-name -n --idle-timeout
      User-Agent:
      - AZURECLI/2.45.0 (AAZ) azsdk-python-core/1.24.0 Python/3.10.9 (Linux-5.15.0-1031-azure-x86_64-with-glibc2.31)
        VSTS_7b238909-6802-4b65-b90d-184bca47f458_build_220_0
    method: GET
    uri: https://management.azure.com/subscriptions/00000000-0000-0000-0000-000000000000/resourceGroups/test_network_lb_outbound_rules000001/providers/Microsoft.Network/loadBalancers/lb1?api-version=2022-05-01
  response:
    body:
      string: "{\r\n  \"name\": \"lb1\",\r\n  \"id\": \"/subscriptions/00000000-0000-0000-0000-000000000000/resourceGroups/test_network_lb_outbound_rules000001/providers/Microsoft.Network/loadBalancers/lb1\",\r\n
        \ \"etag\": \"W/\\\"ecff444f-19be-4a2f-9a5d-aff25f96b189\\\"\",\r\n  \"type\":
        \"Microsoft.Network/loadBalancers\",\r\n  \"location\": \"eastus2\",\r\n  \"tags\":
        {},\r\n  \"properties\": {\r\n    \"provisioningState\": \"Succeeded\",\r\n
        \   \"resourceGuid\": \"09266136-42c3-48b4-9e31-1f94ab700ded\",\r\n    \"frontendIPConfigurations\":
        [\r\n      {\r\n        \"name\": \"LoadBalancerFrontEnd\",\r\n        \"id\":
        \"/subscriptions/00000000-0000-0000-0000-000000000000/resourceGroups/test_network_lb_outbound_rules000001/providers/Microsoft.Network/loadBalancers/lb1/frontendIPConfigurations/LoadBalancerFrontEnd\",\r\n
        \       \"etag\": \"W/\\\"ecff444f-19be-4a2f-9a5d-aff25f96b189\\\"\",\r\n
        \       \"type\": \"Microsoft.Network/loadBalancers/frontendIPConfigurations\",\r\n
        \       \"properties\": {\r\n          \"provisioningState\": \"Succeeded\",\r\n
        \         \"privateIPAllocationMethod\": \"Dynamic\",\r\n          \"publicIPAddress\":
        {\r\n            \"id\": \"/subscriptions/00000000-0000-0000-0000-000000000000/resourceGroups/test_network_lb_outbound_rules000001/providers/Microsoft.Network/publicIPAddresses/PublicIPlb1\"\r\n
        \         },\r\n          \"outboundRules\": [\r\n            {\r\n              \"id\":
        \"/subscriptions/00000000-0000-0000-0000-000000000000/resourceGroups/test_network_lb_outbound_rules000001/providers/Microsoft.Network/loadBalancers/lb1/outboundRules/rule1\"\r\n
        \           }\r\n          ]\r\n        }\r\n      },\r\n      {\r\n        \"name\":
        \"prefixFrontEnd\",\r\n        \"id\": \"/subscriptions/00000000-0000-0000-0000-000000000000/resourceGroups/test_network_lb_outbound_rules000001/providers/Microsoft.Network/loadBalancers/lb1/frontendIPConfigurations/prefixFrontEnd\",\r\n
        \       \"etag\": \"W/\\\"ecff444f-19be-4a2f-9a5d-aff25f96b189\\\"\",\r\n
        \       \"type\": \"Microsoft.Network/loadBalancers/frontendIPConfigurations\",\r\n
        \       \"properties\": {\r\n          \"provisioningState\": \"Succeeded\",\r\n
        \         \"privateIPAllocationMethod\": \"Dynamic\",\r\n          \"outboundRules\":
        [\r\n            {\r\n              \"id\": \"/subscriptions/00000000-0000-0000-0000-000000000000/resourceGroups/test_network_lb_outbound_rules000001/providers/Microsoft.Network/loadBalancers/lb1/outboundRules/rule2\"\r\n
        \           }\r\n          ],\r\n          \"publicIPPrefix\": {\r\n            \"id\":
        \"/subscriptions/00000000-0000-0000-0000-000000000000/resourceGroups/test_network_lb_outbound_rules000001/providers/Microsoft.Network/publicIPPrefixes/prefix1\"\r\n
        \         },\r\n          \"privateIPAddressVersion\": \"IPv4\"\r\n        }\r\n
        \     }\r\n    ],\r\n    \"backendAddressPools\": [\r\n      {\r\n        \"name\":
        \"lb1bepool\",\r\n        \"id\": \"/subscriptions/00000000-0000-0000-0000-000000000000/resourceGroups/test_network_lb_outbound_rules000001/providers/Microsoft.Network/loadBalancers/lb1/backendAddressPools/lb1bepool\",\r\n
        \       \"etag\": \"W/\\\"ecff444f-19be-4a2f-9a5d-aff25f96b189\\\"\",\r\n
        \       \"properties\": {\r\n          \"provisioningState\": \"Succeeded\",\r\n
        \         \"loadBalancerBackendAddresses\": [],\r\n          \"outboundRules\":
        [\r\n            {\r\n              \"id\": \"/subscriptions/00000000-0000-0000-0000-000000000000/resourceGroups/test_network_lb_outbound_rules000001/providers/Microsoft.Network/loadBalancers/lb1/outboundRules/rule1\"\r\n
        \           },\r\n            {\r\n              \"id\": \"/subscriptions/00000000-0000-0000-0000-000000000000/resourceGroups/test_network_lb_outbound_rules000001/providers/Microsoft.Network/loadBalancers/lb1/outboundRules/rule2\"\r\n
        \           }\r\n          ]\r\n        },\r\n        \"type\": \"Microsoft.Network/loadBalancers/backendAddressPools\"\r\n
        \     }\r\n    ],\r\n    \"loadBalancingRules\": [],\r\n    \"probes\": [],\r\n
        \   \"inboundNatRules\": [],\r\n    \"outboundRules\": [\r\n      {\r\n        \"name\":
        \"rule1\",\r\n        \"id\": \"/subscriptions/00000000-0000-0000-0000-000000000000/resourceGroups/test_network_lb_outbound_rules000001/providers/Microsoft.Network/loadBalancers/lb1/outboundRules/rule1\",\r\n
        \       \"etag\": \"W/\\\"ecff444f-19be-4a2f-9a5d-aff25f96b189\\\"\",\r\n
        \       \"type\": \"Microsoft.Network/loadBalancers/outboundRules\",\r\n        \"properties\":
        {\r\n          \"provisioningState\": \"Succeeded\",\r\n          \"allocatedOutboundPorts\":
        512,\r\n          \"protocol\": \"Tcp\",\r\n          \"enableTcpReset\":
        true,\r\n          \"idleTimeoutInMinutes\": 4,\r\n          \"allocationPolicy\":
        {\r\n            \"onDemandAllocation\": false,\r\n            \"portReuse\":
        \"FirstAvailable\"\r\n          },\r\n          \"backendAddressPool\": {\r\n
        \           \"id\": \"/subscriptions/00000000-0000-0000-0000-000000000000/resourceGroups/test_network_lb_outbound_rules000001/providers/Microsoft.Network/loadBalancers/lb1/backendAddressPools/lb1bepool\"\r\n
        \         },\r\n          \"frontendIPConfigurations\": [\r\n            {\r\n
        \             \"id\": \"/subscriptions/00000000-0000-0000-0000-000000000000/resourceGroups/test_network_lb_outbound_rules000001/providers/Microsoft.Network/loadBalancers/lb1/frontendIPConfigurations/LoadBalancerFrontEnd\"\r\n
        \           }\r\n          ]\r\n        }\r\n      },\r\n      {\r\n        \"name\":
        \"rule2\",\r\n        \"id\": \"/subscriptions/00000000-0000-0000-0000-000000000000/resourceGroups/test_network_lb_outbound_rules000001/providers/Microsoft.Network/loadBalancers/lb1/outboundRules/rule2\",\r\n
        \       \"etag\": \"W/\\\"ecff444f-19be-4a2f-9a5d-aff25f96b189\\\"\",\r\n
        \       \"type\": \"Microsoft.Network/loadBalancers/outboundRules\",\r\n        \"properties\":
        {\r\n          \"provisioningState\": \"Succeeded\",\r\n          \"allocatedOutboundPorts\":
        1024,\r\n          \"protocol\": \"All\",\r\n          \"enableTcpReset\":
        false,\r\n          \"idleTimeoutInMinutes\": 25,\r\n          \"allocationPolicy\":
        {\r\n            \"onDemandAllocation\": false,\r\n            \"portReuse\":
        \"FirstAvailable\"\r\n          },\r\n          \"backendAddressPool\": {\r\n
        \           \"id\": \"/subscriptions/00000000-0000-0000-0000-000000000000/resourceGroups/test_network_lb_outbound_rules000001/providers/Microsoft.Network/loadBalancers/lb1/backendAddressPools/lb1bepool\"\r\n
        \         },\r\n          \"frontendIPConfigurations\": [\r\n            {\r\n
        \             \"id\": \"/subscriptions/00000000-0000-0000-0000-000000000000/resourceGroups/test_network_lb_outbound_rules000001/providers/Microsoft.Network/loadBalancers/lb1/frontendIPConfigurations/prefixFrontEnd\"\r\n
        \           }\r\n          ]\r\n        }\r\n      }\r\n    ],\r\n    \"inboundNatPools\":
        []\r\n  },\r\n  \"sku\": {\r\n    \"name\": \"Standard\",\r\n    \"tier\":
        \"Regional\"\r\n  }\r\n}"
    headers:
      cache-control:
      - no-cache
      content-length:
      - '6387'
      content-type:
      - application/json; charset=utf-8
      date:
      - Tue, 07 Feb 2023 18:44:20 GMT
      etag:
      - W/"ecff444f-19be-4a2f-9a5d-aff25f96b189"
      expires:
      - '-1'
      pragma:
      - no-cache
      server:
      - Microsoft-HTTPAPI/2.0
      - Microsoft-HTTPAPI/2.0
      strict-transport-security:
      - max-age=31536000; includeSubDomains
      transfer-encoding:
      - chunked
      vary:
      - Accept-Encoding
      x-content-type-options:
      - nosniff
      x-ms-arm-service-request-id:
      - d0164d35-be99-4680-9a35-6e7c886a5aaa
    status:
      code: 200
      message: OK
- request:
    body: null
    headers:
      Accept:
      - application/json
      Accept-Encoding:
      - gzip, deflate
      CommandName:
      - network lb outbound-rule list
      Connection:
      - keep-alive
      ParameterSetName:
      - -g --lb-name
      User-Agent:
      - AZURECLI/2.45.0 (AAZ) azsdk-python-core/1.24.0 Python/3.10.9 (Linux-5.15.0-1031-azure-x86_64-with-glibc2.31)
        VSTS_7b238909-6802-4b65-b90d-184bca47f458_build_220_0
    method: GET
    uri: https://management.azure.com/subscriptions/00000000-0000-0000-0000-000000000000/resourceGroups/test_network_lb_outbound_rules000001/providers/Microsoft.Network/loadBalancers/lb1?api-version=2022-05-01
  response:
    body:
      string: "{\r\n  \"name\": \"lb1\",\r\n  \"id\": \"/subscriptions/00000000-0000-0000-0000-000000000000/resourceGroups/test_network_lb_outbound_rules000001/providers/Microsoft.Network/loadBalancers/lb1\",\r\n
        \ \"etag\": \"W/\\\"ecff444f-19be-4a2f-9a5d-aff25f96b189\\\"\",\r\n  \"type\":
        \"Microsoft.Network/loadBalancers\",\r\n  \"location\": \"eastus2\",\r\n  \"tags\":
        {},\r\n  \"properties\": {\r\n    \"provisioningState\": \"Succeeded\",\r\n
        \   \"resourceGuid\": \"09266136-42c3-48b4-9e31-1f94ab700ded\",\r\n    \"frontendIPConfigurations\":
        [\r\n      {\r\n        \"name\": \"LoadBalancerFrontEnd\",\r\n        \"id\":
        \"/subscriptions/00000000-0000-0000-0000-000000000000/resourceGroups/test_network_lb_outbound_rules000001/providers/Microsoft.Network/loadBalancers/lb1/frontendIPConfigurations/LoadBalancerFrontEnd\",\r\n
        \       \"etag\": \"W/\\\"ecff444f-19be-4a2f-9a5d-aff25f96b189\\\"\",\r\n
        \       \"type\": \"Microsoft.Network/loadBalancers/frontendIPConfigurations\",\r\n
        \       \"properties\": {\r\n          \"provisioningState\": \"Succeeded\",\r\n
        \         \"privateIPAllocationMethod\": \"Dynamic\",\r\n          \"publicIPAddress\":
        {\r\n            \"id\": \"/subscriptions/00000000-0000-0000-0000-000000000000/resourceGroups/test_network_lb_outbound_rules000001/providers/Microsoft.Network/publicIPAddresses/PublicIPlb1\"\r\n
        \         },\r\n          \"outboundRules\": [\r\n            {\r\n              \"id\":
        \"/subscriptions/00000000-0000-0000-0000-000000000000/resourceGroups/test_network_lb_outbound_rules000001/providers/Microsoft.Network/loadBalancers/lb1/outboundRules/rule1\"\r\n
        \           }\r\n          ]\r\n        }\r\n      },\r\n      {\r\n        \"name\":
        \"prefixFrontEnd\",\r\n        \"id\": \"/subscriptions/00000000-0000-0000-0000-000000000000/resourceGroups/test_network_lb_outbound_rules000001/providers/Microsoft.Network/loadBalancers/lb1/frontendIPConfigurations/prefixFrontEnd\",\r\n
        \       \"etag\": \"W/\\\"ecff444f-19be-4a2f-9a5d-aff25f96b189\\\"\",\r\n
        \       \"type\": \"Microsoft.Network/loadBalancers/frontendIPConfigurations\",\r\n
        \       \"properties\": {\r\n          \"provisioningState\": \"Succeeded\",\r\n
        \         \"privateIPAllocationMethod\": \"Dynamic\",\r\n          \"outboundRules\":
        [\r\n            {\r\n              \"id\": \"/subscriptions/00000000-0000-0000-0000-000000000000/resourceGroups/test_network_lb_outbound_rules000001/providers/Microsoft.Network/loadBalancers/lb1/outboundRules/rule2\"\r\n
        \           }\r\n          ],\r\n          \"publicIPPrefix\": {\r\n            \"id\":
        \"/subscriptions/00000000-0000-0000-0000-000000000000/resourceGroups/test_network_lb_outbound_rules000001/providers/Microsoft.Network/publicIPPrefixes/prefix1\"\r\n
        \         },\r\n          \"privateIPAddressVersion\": \"IPv4\"\r\n        }\r\n
        \     }\r\n    ],\r\n    \"backendAddressPools\": [\r\n      {\r\n        \"name\":
        \"lb1bepool\",\r\n        \"id\": \"/subscriptions/00000000-0000-0000-0000-000000000000/resourceGroups/test_network_lb_outbound_rules000001/providers/Microsoft.Network/loadBalancers/lb1/backendAddressPools/lb1bepool\",\r\n
        \       \"etag\": \"W/\\\"ecff444f-19be-4a2f-9a5d-aff25f96b189\\\"\",\r\n
        \       \"properties\": {\r\n          \"provisioningState\": \"Succeeded\",\r\n
        \         \"loadBalancerBackendAddresses\": [],\r\n          \"outboundRules\":
        [\r\n            {\r\n              \"id\": \"/subscriptions/00000000-0000-0000-0000-000000000000/resourceGroups/test_network_lb_outbound_rules000001/providers/Microsoft.Network/loadBalancers/lb1/outboundRules/rule1\"\r\n
        \           },\r\n            {\r\n              \"id\": \"/subscriptions/00000000-0000-0000-0000-000000000000/resourceGroups/test_network_lb_outbound_rules000001/providers/Microsoft.Network/loadBalancers/lb1/outboundRules/rule2\"\r\n
        \           }\r\n          ]\r\n        },\r\n        \"type\": \"Microsoft.Network/loadBalancers/backendAddressPools\"\r\n
        \     }\r\n    ],\r\n    \"loadBalancingRules\": [],\r\n    \"probes\": [],\r\n
        \   \"inboundNatRules\": [],\r\n    \"outboundRules\": [\r\n      {\r\n        \"name\":
        \"rule1\",\r\n        \"id\": \"/subscriptions/00000000-0000-0000-0000-000000000000/resourceGroups/test_network_lb_outbound_rules000001/providers/Microsoft.Network/loadBalancers/lb1/outboundRules/rule1\",\r\n
        \       \"etag\": \"W/\\\"ecff444f-19be-4a2f-9a5d-aff25f96b189\\\"\",\r\n
        \       \"type\": \"Microsoft.Network/loadBalancers/outboundRules\",\r\n        \"properties\":
        {\r\n          \"provisioningState\": \"Succeeded\",\r\n          \"allocatedOutboundPorts\":
        512,\r\n          \"protocol\": \"Tcp\",\r\n          \"enableTcpReset\":
        true,\r\n          \"idleTimeoutInMinutes\": 4,\r\n          \"allocationPolicy\":
        {\r\n            \"onDemandAllocation\": false,\r\n            \"portReuse\":
        \"FirstAvailable\"\r\n          },\r\n          \"backendAddressPool\": {\r\n
        \           \"id\": \"/subscriptions/00000000-0000-0000-0000-000000000000/resourceGroups/test_network_lb_outbound_rules000001/providers/Microsoft.Network/loadBalancers/lb1/backendAddressPools/lb1bepool\"\r\n
        \         },\r\n          \"frontendIPConfigurations\": [\r\n            {\r\n
        \             \"id\": \"/subscriptions/00000000-0000-0000-0000-000000000000/resourceGroups/test_network_lb_outbound_rules000001/providers/Microsoft.Network/loadBalancers/lb1/frontendIPConfigurations/LoadBalancerFrontEnd\"\r\n
        \           }\r\n          ]\r\n        }\r\n      },\r\n      {\r\n        \"name\":
        \"rule2\",\r\n        \"id\": \"/subscriptions/00000000-0000-0000-0000-000000000000/resourceGroups/test_network_lb_outbound_rules000001/providers/Microsoft.Network/loadBalancers/lb1/outboundRules/rule2\",\r\n
        \       \"etag\": \"W/\\\"ecff444f-19be-4a2f-9a5d-aff25f96b189\\\"\",\r\n
        \       \"type\": \"Microsoft.Network/loadBalancers/outboundRules\",\r\n        \"properties\":
        {\r\n          \"provisioningState\": \"Succeeded\",\r\n          \"allocatedOutboundPorts\":
        1024,\r\n          \"protocol\": \"All\",\r\n          \"enableTcpReset\":
        false,\r\n          \"idleTimeoutInMinutes\": 25,\r\n          \"allocationPolicy\":
        {\r\n            \"onDemandAllocation\": false,\r\n            \"portReuse\":
        \"FirstAvailable\"\r\n          },\r\n          \"backendAddressPool\": {\r\n
        \           \"id\": \"/subscriptions/00000000-0000-0000-0000-000000000000/resourceGroups/test_network_lb_outbound_rules000001/providers/Microsoft.Network/loadBalancers/lb1/backendAddressPools/lb1bepool\"\r\n
        \         },\r\n          \"frontendIPConfigurations\": [\r\n            {\r\n
        \             \"id\": \"/subscriptions/00000000-0000-0000-0000-000000000000/resourceGroups/test_network_lb_outbound_rules000001/providers/Microsoft.Network/loadBalancers/lb1/frontendIPConfigurations/prefixFrontEnd\"\r\n
        \           }\r\n          ]\r\n        }\r\n      }\r\n    ],\r\n    \"inboundNatPools\":
        []\r\n  },\r\n  \"sku\": {\r\n    \"name\": \"Standard\",\r\n    \"tier\":
        \"Regional\"\r\n  }\r\n}"
    headers:
      cache-control:
      - no-cache
      content-length:
      - '6387'
      content-type:
      - application/json; charset=utf-8
      date:
      - Tue, 07 Feb 2023 18:44:22 GMT
      etag:
      - W/"ecff444f-19be-4a2f-9a5d-aff25f96b189"
      expires:
      - '-1'
      pragma:
      - no-cache
      server:
      - Microsoft-HTTPAPI/2.0
      - Microsoft-HTTPAPI/2.0
      strict-transport-security:
      - max-age=31536000; includeSubDomains
      transfer-encoding:
      - chunked
      vary:
      - Accept-Encoding
      x-content-type-options:
      - nosniff
      x-ms-arm-service-request-id:
      - 677acb05-0ca2-4a79-a2db-a482ed2c1d4c
    status:
      code: 200
      message: OK
- request:
    body: null
    headers:
      Accept:
      - application/json
      Accept-Encoding:
      - gzip, deflate
      CommandName:
      - network lb outbound-rule show
      Connection:
      - keep-alive
      ParameterSetName:
      - -g --lb-name -n
      User-Agent:
      - AZURECLI/2.45.0 (AAZ) azsdk-python-core/1.24.0 Python/3.10.9 (Linux-5.15.0-1031-azure-x86_64-with-glibc2.31)
        VSTS_7b238909-6802-4b65-b90d-184bca47f458_build_220_0
    method: GET
    uri: https://management.azure.com/subscriptions/00000000-0000-0000-0000-000000000000/resourceGroups/test_network_lb_outbound_rules000001/providers/Microsoft.Network/loadBalancers/lb1?api-version=2022-05-01
  response:
    body:
      string: "{\r\n  \"name\": \"lb1\",\r\n  \"id\": \"/subscriptions/00000000-0000-0000-0000-000000000000/resourceGroups/test_network_lb_outbound_rules000001/providers/Microsoft.Network/loadBalancers/lb1\",\r\n
        \ \"etag\": \"W/\\\"ecff444f-19be-4a2f-9a5d-aff25f96b189\\\"\",\r\n  \"type\":
        \"Microsoft.Network/loadBalancers\",\r\n  \"location\": \"eastus2\",\r\n  \"tags\":
        {},\r\n  \"properties\": {\r\n    \"provisioningState\": \"Succeeded\",\r\n
        \   \"resourceGuid\": \"09266136-42c3-48b4-9e31-1f94ab700ded\",\r\n    \"frontendIPConfigurations\":
        [\r\n      {\r\n        \"name\": \"LoadBalancerFrontEnd\",\r\n        \"id\":
        \"/subscriptions/00000000-0000-0000-0000-000000000000/resourceGroups/test_network_lb_outbound_rules000001/providers/Microsoft.Network/loadBalancers/lb1/frontendIPConfigurations/LoadBalancerFrontEnd\",\r\n
        \       \"etag\": \"W/\\\"ecff444f-19be-4a2f-9a5d-aff25f96b189\\\"\",\r\n
        \       \"type\": \"Microsoft.Network/loadBalancers/frontendIPConfigurations\",\r\n
        \       \"properties\": {\r\n          \"provisioningState\": \"Succeeded\",\r\n
        \         \"privateIPAllocationMethod\": \"Dynamic\",\r\n          \"publicIPAddress\":
        {\r\n            \"id\": \"/subscriptions/00000000-0000-0000-0000-000000000000/resourceGroups/test_network_lb_outbound_rules000001/providers/Microsoft.Network/publicIPAddresses/PublicIPlb1\"\r\n
        \         },\r\n          \"outboundRules\": [\r\n            {\r\n              \"id\":
        \"/subscriptions/00000000-0000-0000-0000-000000000000/resourceGroups/test_network_lb_outbound_rules000001/providers/Microsoft.Network/loadBalancers/lb1/outboundRules/rule1\"\r\n
        \           }\r\n          ]\r\n        }\r\n      },\r\n      {\r\n        \"name\":
        \"prefixFrontEnd\",\r\n        \"id\": \"/subscriptions/00000000-0000-0000-0000-000000000000/resourceGroups/test_network_lb_outbound_rules000001/providers/Microsoft.Network/loadBalancers/lb1/frontendIPConfigurations/prefixFrontEnd\",\r\n
        \       \"etag\": \"W/\\\"ecff444f-19be-4a2f-9a5d-aff25f96b189\\\"\",\r\n
        \       \"type\": \"Microsoft.Network/loadBalancers/frontendIPConfigurations\",\r\n
        \       \"properties\": {\r\n          \"provisioningState\": \"Succeeded\",\r\n
        \         \"privateIPAllocationMethod\": \"Dynamic\",\r\n          \"outboundRules\":
        [\r\n            {\r\n              \"id\": \"/subscriptions/00000000-0000-0000-0000-000000000000/resourceGroups/test_network_lb_outbound_rules000001/providers/Microsoft.Network/loadBalancers/lb1/outboundRules/rule2\"\r\n
        \           }\r\n          ],\r\n          \"publicIPPrefix\": {\r\n            \"id\":
        \"/subscriptions/00000000-0000-0000-0000-000000000000/resourceGroups/test_network_lb_outbound_rules000001/providers/Microsoft.Network/publicIPPrefixes/prefix1\"\r\n
        \         },\r\n          \"privateIPAddressVersion\": \"IPv4\"\r\n        }\r\n
        \     }\r\n    ],\r\n    \"backendAddressPools\": [\r\n      {\r\n        \"name\":
        \"lb1bepool\",\r\n        \"id\": \"/subscriptions/00000000-0000-0000-0000-000000000000/resourceGroups/test_network_lb_outbound_rules000001/providers/Microsoft.Network/loadBalancers/lb1/backendAddressPools/lb1bepool\",\r\n
        \       \"etag\": \"W/\\\"ecff444f-19be-4a2f-9a5d-aff25f96b189\\\"\",\r\n
        \       \"properties\": {\r\n          \"provisioningState\": \"Succeeded\",\r\n
        \         \"loadBalancerBackendAddresses\": [],\r\n          \"outboundRules\":
        [\r\n            {\r\n              \"id\": \"/subscriptions/00000000-0000-0000-0000-000000000000/resourceGroups/test_network_lb_outbound_rules000001/providers/Microsoft.Network/loadBalancers/lb1/outboundRules/rule1\"\r\n
        \           },\r\n            {\r\n              \"id\": \"/subscriptions/00000000-0000-0000-0000-000000000000/resourceGroups/test_network_lb_outbound_rules000001/providers/Microsoft.Network/loadBalancers/lb1/outboundRules/rule2\"\r\n
        \           }\r\n          ]\r\n        },\r\n        \"type\": \"Microsoft.Network/loadBalancers/backendAddressPools\"\r\n
        \     }\r\n    ],\r\n    \"loadBalancingRules\": [],\r\n    \"probes\": [],\r\n
        \   \"inboundNatRules\": [],\r\n    \"outboundRules\": [\r\n      {\r\n        \"name\":
        \"rule1\",\r\n        \"id\": \"/subscriptions/00000000-0000-0000-0000-000000000000/resourceGroups/test_network_lb_outbound_rules000001/providers/Microsoft.Network/loadBalancers/lb1/outboundRules/rule1\",\r\n
        \       \"etag\": \"W/\\\"ecff444f-19be-4a2f-9a5d-aff25f96b189\\\"\",\r\n
        \       \"type\": \"Microsoft.Network/loadBalancers/outboundRules\",\r\n        \"properties\":
        {\r\n          \"provisioningState\": \"Succeeded\",\r\n          \"allocatedOutboundPorts\":
        512,\r\n          \"protocol\": \"Tcp\",\r\n          \"enableTcpReset\":
        true,\r\n          \"idleTimeoutInMinutes\": 4,\r\n          \"allocationPolicy\":
        {\r\n            \"onDemandAllocation\": false,\r\n            \"portReuse\":
        \"FirstAvailable\"\r\n          },\r\n          \"backendAddressPool\": {\r\n
        \           \"id\": \"/subscriptions/00000000-0000-0000-0000-000000000000/resourceGroups/test_network_lb_outbound_rules000001/providers/Microsoft.Network/loadBalancers/lb1/backendAddressPools/lb1bepool\"\r\n
        \         },\r\n          \"frontendIPConfigurations\": [\r\n            {\r\n
        \             \"id\": \"/subscriptions/00000000-0000-0000-0000-000000000000/resourceGroups/test_network_lb_outbound_rules000001/providers/Microsoft.Network/loadBalancers/lb1/frontendIPConfigurations/LoadBalancerFrontEnd\"\r\n
        \           }\r\n          ]\r\n        }\r\n      },\r\n      {\r\n        \"name\":
        \"rule2\",\r\n        \"id\": \"/subscriptions/00000000-0000-0000-0000-000000000000/resourceGroups/test_network_lb_outbound_rules000001/providers/Microsoft.Network/loadBalancers/lb1/outboundRules/rule2\",\r\n
        \       \"etag\": \"W/\\\"ecff444f-19be-4a2f-9a5d-aff25f96b189\\\"\",\r\n
        \       \"type\": \"Microsoft.Network/loadBalancers/outboundRules\",\r\n        \"properties\":
        {\r\n          \"provisioningState\": \"Succeeded\",\r\n          \"allocatedOutboundPorts\":
        1024,\r\n          \"protocol\": \"All\",\r\n          \"enableTcpReset\":
        false,\r\n          \"idleTimeoutInMinutes\": 25,\r\n          \"allocationPolicy\":
        {\r\n            \"onDemandAllocation\": false,\r\n            \"portReuse\":
        \"FirstAvailable\"\r\n          },\r\n          \"backendAddressPool\": {\r\n
        \           \"id\": \"/subscriptions/00000000-0000-0000-0000-000000000000/resourceGroups/test_network_lb_outbound_rules000001/providers/Microsoft.Network/loadBalancers/lb1/backendAddressPools/lb1bepool\"\r\n
        \         },\r\n          \"frontendIPConfigurations\": [\r\n            {\r\n
        \             \"id\": \"/subscriptions/00000000-0000-0000-0000-000000000000/resourceGroups/test_network_lb_outbound_rules000001/providers/Microsoft.Network/loadBalancers/lb1/frontendIPConfigurations/prefixFrontEnd\"\r\n
        \           }\r\n          ]\r\n        }\r\n      }\r\n    ],\r\n    \"inboundNatPools\":
        []\r\n  },\r\n  \"sku\": {\r\n    \"name\": \"Standard\",\r\n    \"tier\":
        \"Regional\"\r\n  }\r\n}"
    headers:
      cache-control:
      - no-cache
      content-length:
      - '6387'
      content-type:
      - application/json; charset=utf-8
      date:
      - Tue, 07 Feb 2023 18:44:22 GMT
      etag:
      - W/"ecff444f-19be-4a2f-9a5d-aff25f96b189"
      expires:
      - '-1'
      pragma:
      - no-cache
      server:
      - Microsoft-HTTPAPI/2.0
      - Microsoft-HTTPAPI/2.0
      strict-transport-security:
      - max-age=31536000; includeSubDomains
      transfer-encoding:
      - chunked
      vary:
      - Accept-Encoding
      x-content-type-options:
      - nosniff
      x-ms-arm-service-request-id:
      - 3ae1348b-b21a-4ab4-a103-1fe9de3cf22d
    status:
      code: 200
      message: OK
- request:
    body: null
    headers:
      Accept:
      - application/json
      Accept-Encoding:
      - gzip, deflate
      CommandName:
      - network lb outbound-rule delete
      Connection:
      - keep-alive
      ParameterSetName:
      - -g --lb-name -n
      User-Agent:
      - AZURECLI/2.45.0 (AAZ) azsdk-python-core/1.24.0 Python/3.10.9 (Linux-5.15.0-1031-azure-x86_64-with-glibc2.31)
        VSTS_7b238909-6802-4b65-b90d-184bca47f458_build_220_0
    method: GET
    uri: https://management.azure.com/subscriptions/00000000-0000-0000-0000-000000000000/resourceGroups/test_network_lb_outbound_rules000001/providers/Microsoft.Network/loadBalancers/lb1?api-version=2022-05-01
  response:
    body:
      string: "{\r\n  \"name\": \"lb1\",\r\n  \"id\": \"/subscriptions/00000000-0000-0000-0000-000000000000/resourceGroups/test_network_lb_outbound_rules000001/providers/Microsoft.Network/loadBalancers/lb1\",\r\n
        \ \"etag\": \"W/\\\"ecff444f-19be-4a2f-9a5d-aff25f96b189\\\"\",\r\n  \"type\":
        \"Microsoft.Network/loadBalancers\",\r\n  \"location\": \"eastus2\",\r\n  \"tags\":
        {},\r\n  \"properties\": {\r\n    \"provisioningState\": \"Succeeded\",\r\n
        \   \"resourceGuid\": \"09266136-42c3-48b4-9e31-1f94ab700ded\",\r\n    \"frontendIPConfigurations\":
        [\r\n      {\r\n        \"name\": \"LoadBalancerFrontEnd\",\r\n        \"id\":
        \"/subscriptions/00000000-0000-0000-0000-000000000000/resourceGroups/test_network_lb_outbound_rules000001/providers/Microsoft.Network/loadBalancers/lb1/frontendIPConfigurations/LoadBalancerFrontEnd\",\r\n
        \       \"etag\": \"W/\\\"ecff444f-19be-4a2f-9a5d-aff25f96b189\\\"\",\r\n
        \       \"type\": \"Microsoft.Network/loadBalancers/frontendIPConfigurations\",\r\n
        \       \"properties\": {\r\n          \"provisioningState\": \"Succeeded\",\r\n
        \         \"privateIPAllocationMethod\": \"Dynamic\",\r\n          \"publicIPAddress\":
        {\r\n            \"id\": \"/subscriptions/00000000-0000-0000-0000-000000000000/resourceGroups/test_network_lb_outbound_rules000001/providers/Microsoft.Network/publicIPAddresses/PublicIPlb1\"\r\n
        \         },\r\n          \"outboundRules\": [\r\n            {\r\n              \"id\":
        \"/subscriptions/00000000-0000-0000-0000-000000000000/resourceGroups/test_network_lb_outbound_rules000001/providers/Microsoft.Network/loadBalancers/lb1/outboundRules/rule1\"\r\n
        \           }\r\n          ]\r\n        }\r\n      },\r\n      {\r\n        \"name\":
        \"prefixFrontEnd\",\r\n        \"id\": \"/subscriptions/00000000-0000-0000-0000-000000000000/resourceGroups/test_network_lb_outbound_rules000001/providers/Microsoft.Network/loadBalancers/lb1/frontendIPConfigurations/prefixFrontEnd\",\r\n
        \       \"etag\": \"W/\\\"ecff444f-19be-4a2f-9a5d-aff25f96b189\\\"\",\r\n
        \       \"type\": \"Microsoft.Network/loadBalancers/frontendIPConfigurations\",\r\n
        \       \"properties\": {\r\n          \"provisioningState\": \"Succeeded\",\r\n
        \         \"privateIPAllocationMethod\": \"Dynamic\",\r\n          \"outboundRules\":
        [\r\n            {\r\n              \"id\": \"/subscriptions/00000000-0000-0000-0000-000000000000/resourceGroups/test_network_lb_outbound_rules000001/providers/Microsoft.Network/loadBalancers/lb1/outboundRules/rule2\"\r\n
        \           }\r\n          ],\r\n          \"publicIPPrefix\": {\r\n            \"id\":
        \"/subscriptions/00000000-0000-0000-0000-000000000000/resourceGroups/test_network_lb_outbound_rules000001/providers/Microsoft.Network/publicIPPrefixes/prefix1\"\r\n
        \         },\r\n          \"privateIPAddressVersion\": \"IPv4\"\r\n        }\r\n
        \     }\r\n    ],\r\n    \"backendAddressPools\": [\r\n      {\r\n        \"name\":
        \"lb1bepool\",\r\n        \"id\": \"/subscriptions/00000000-0000-0000-0000-000000000000/resourceGroups/test_network_lb_outbound_rules000001/providers/Microsoft.Network/loadBalancers/lb1/backendAddressPools/lb1bepool\",\r\n
        \       \"etag\": \"W/\\\"ecff444f-19be-4a2f-9a5d-aff25f96b189\\\"\",\r\n
        \       \"properties\": {\r\n          \"provisioningState\": \"Succeeded\",\r\n
        \         \"loadBalancerBackendAddresses\": [],\r\n          \"outboundRules\":
        [\r\n            {\r\n              \"id\": \"/subscriptions/00000000-0000-0000-0000-000000000000/resourceGroups/test_network_lb_outbound_rules000001/providers/Microsoft.Network/loadBalancers/lb1/outboundRules/rule1\"\r\n
        \           },\r\n            {\r\n              \"id\": \"/subscriptions/00000000-0000-0000-0000-000000000000/resourceGroups/test_network_lb_outbound_rules000001/providers/Microsoft.Network/loadBalancers/lb1/outboundRules/rule2\"\r\n
        \           }\r\n          ]\r\n        },\r\n        \"type\": \"Microsoft.Network/loadBalancers/backendAddressPools\"\r\n
        \     }\r\n    ],\r\n    \"loadBalancingRules\": [],\r\n    \"probes\": [],\r\n
        \   \"inboundNatRules\": [],\r\n    \"outboundRules\": [\r\n      {\r\n        \"name\":
        \"rule1\",\r\n        \"id\": \"/subscriptions/00000000-0000-0000-0000-000000000000/resourceGroups/test_network_lb_outbound_rules000001/providers/Microsoft.Network/loadBalancers/lb1/outboundRules/rule1\",\r\n
        \       \"etag\": \"W/\\\"ecff444f-19be-4a2f-9a5d-aff25f96b189\\\"\",\r\n
        \       \"type\": \"Microsoft.Network/loadBalancers/outboundRules\",\r\n        \"properties\":
        {\r\n          \"provisioningState\": \"Succeeded\",\r\n          \"allocatedOutboundPorts\":
        512,\r\n          \"protocol\": \"Tcp\",\r\n          \"enableTcpReset\":
        true,\r\n          \"idleTimeoutInMinutes\": 4,\r\n          \"allocationPolicy\":
        {\r\n            \"onDemandAllocation\": false,\r\n            \"portReuse\":
        \"FirstAvailable\"\r\n          },\r\n          \"backendAddressPool\": {\r\n
        \           \"id\": \"/subscriptions/00000000-0000-0000-0000-000000000000/resourceGroups/test_network_lb_outbound_rules000001/providers/Microsoft.Network/loadBalancers/lb1/backendAddressPools/lb1bepool\"\r\n
        \         },\r\n          \"frontendIPConfigurations\": [\r\n            {\r\n
        \             \"id\": \"/subscriptions/00000000-0000-0000-0000-000000000000/resourceGroups/test_network_lb_outbound_rules000001/providers/Microsoft.Network/loadBalancers/lb1/frontendIPConfigurations/LoadBalancerFrontEnd\"\r\n
        \           }\r\n          ]\r\n        }\r\n      },\r\n      {\r\n        \"name\":
        \"rule2\",\r\n        \"id\": \"/subscriptions/00000000-0000-0000-0000-000000000000/resourceGroups/test_network_lb_outbound_rules000001/providers/Microsoft.Network/loadBalancers/lb1/outboundRules/rule2\",\r\n
        \       \"etag\": \"W/\\\"ecff444f-19be-4a2f-9a5d-aff25f96b189\\\"\",\r\n
        \       \"type\": \"Microsoft.Network/loadBalancers/outboundRules\",\r\n        \"properties\":
        {\r\n          \"provisioningState\": \"Succeeded\",\r\n          \"allocatedOutboundPorts\":
        1024,\r\n          \"protocol\": \"All\",\r\n          \"enableTcpReset\":
        false,\r\n          \"idleTimeoutInMinutes\": 25,\r\n          \"allocationPolicy\":
        {\r\n            \"onDemandAllocation\": false,\r\n            \"portReuse\":
        \"FirstAvailable\"\r\n          },\r\n          \"backendAddressPool\": {\r\n
        \           \"id\": \"/subscriptions/00000000-0000-0000-0000-000000000000/resourceGroups/test_network_lb_outbound_rules000001/providers/Microsoft.Network/loadBalancers/lb1/backendAddressPools/lb1bepool\"\r\n
        \         },\r\n          \"frontendIPConfigurations\": [\r\n            {\r\n
        \             \"id\": \"/subscriptions/00000000-0000-0000-0000-000000000000/resourceGroups/test_network_lb_outbound_rules000001/providers/Microsoft.Network/loadBalancers/lb1/frontendIPConfigurations/prefixFrontEnd\"\r\n
        \           }\r\n          ]\r\n        }\r\n      }\r\n    ],\r\n    \"inboundNatPools\":
        []\r\n  },\r\n  \"sku\": {\r\n    \"name\": \"Standard\",\r\n    \"tier\":
        \"Regional\"\r\n  }\r\n}"
    headers:
      cache-control:
      - no-cache
      content-length:
      - '6387'
      content-type:
      - application/json; charset=utf-8
      date:
      - Tue, 07 Feb 2023 18:44:23 GMT
      etag:
      - W/"ecff444f-19be-4a2f-9a5d-aff25f96b189"
      expires:
      - '-1'
      pragma:
      - no-cache
      server:
      - Microsoft-HTTPAPI/2.0
      - Microsoft-HTTPAPI/2.0
      strict-transport-security:
      - max-age=31536000; includeSubDomains
      transfer-encoding:
      - chunked
      vary:
      - Accept-Encoding
      x-content-type-options:
      - nosniff
      x-ms-arm-service-request-id:
      - 84a71bc2-3dde-4e8e-918e-49f3616ac96c
    status:
      code: 200
      message: OK
- request:
    body: '{"id": "/subscriptions/00000000-0000-0000-0000-000000000000/resourceGroups/test_network_lb_outbound_rules000001/providers/Microsoft.Network/loadBalancers/lb1",
      "location": "eastus2", "properties": {"backendAddressPools": [{"id": "/subscriptions/00000000-0000-0000-0000-000000000000/resourceGroups/test_network_lb_outbound_rules000001/providers/Microsoft.Network/loadBalancers/lb1/backendAddressPools/lb1bepool",
      "name": "lb1bepool", "properties": {"loadBalancerBackendAddresses": []}}], "frontendIPConfigurations":
      [{"id": "/subscriptions/00000000-0000-0000-0000-000000000000/resourceGroups/test_network_lb_outbound_rules000001/providers/Microsoft.Network/loadBalancers/lb1/frontendIPConfigurations/LoadBalancerFrontEnd",
      "name": "LoadBalancerFrontEnd", "properties": {"privateIPAllocationMethod":
      "Dynamic", "publicIPAddress": {"id": "/subscriptions/00000000-0000-0000-0000-000000000000/resourceGroups/test_network_lb_outbound_rules000001/providers/Microsoft.Network/publicIPAddresses/PublicIPlb1"}}},
      {"id": "/subscriptions/00000000-0000-0000-0000-000000000000/resourceGroups/test_network_lb_outbound_rules000001/providers/Microsoft.Network/loadBalancers/lb1/frontendIPConfigurations/prefixFrontEnd",
      "name": "prefixFrontEnd", "properties": {"privateIPAddressVersion": "IPv4",
      "privateIPAllocationMethod": "Dynamic", "publicIPPrefix": {"id": "/subscriptions/00000000-0000-0000-0000-000000000000/resourceGroups/test_network_lb_outbound_rules000001/providers/Microsoft.Network/publicIPPrefixes/prefix1"}}}],
      "inboundNatPools": [], "inboundNatRules": [], "loadBalancingRules": [], "outboundRules":
      [{"id": "/subscriptions/00000000-0000-0000-0000-000000000000/resourceGroups/test_network_lb_outbound_rules000001/providers/Microsoft.Network/loadBalancers/lb1/outboundRules/rule2",
      "name": "rule2", "properties": {"allocatedOutboundPorts": 1024, "backendAddressPool":
      {"id": "/subscriptions/00000000-0000-0000-0000-000000000000/resourceGroups/test_network_lb_outbound_rules000001/providers/Microsoft.Network/loadBalancers/lb1/backendAddressPools/lb1bepool"},
      "enableTcpReset": false, "frontendIPConfigurations": [{"id": "/subscriptions/00000000-0000-0000-0000-000000000000/resourceGroups/test_network_lb_outbound_rules000001/providers/Microsoft.Network/loadBalancers/lb1/frontendIPConfigurations/prefixFrontEnd"}],
      "idleTimeoutInMinutes": 25, "protocol": "All"}}], "probes": []}, "sku": {"name":
      "Standard", "tier": "Regional"}, "tags": {}}'
    headers:
      Accept:
      - application/json
      Accept-Encoding:
      - gzip, deflate
      CommandName:
      - network lb outbound-rule delete
      Connection:
      - keep-alive
      Content-Length:
      - '2436'
      Content-Type:
      - application/json
      ParameterSetName:
      - -g --lb-name -n
      User-Agent:
      - AZURECLI/2.45.0 (AAZ) azsdk-python-core/1.24.0 Python/3.10.9 (Linux-5.15.0-1031-azure-x86_64-with-glibc2.31)
        VSTS_7b238909-6802-4b65-b90d-184bca47f458_build_220_0
    method: PUT
    uri: https://management.azure.com/subscriptions/00000000-0000-0000-0000-000000000000/resourceGroups/test_network_lb_outbound_rules000001/providers/Microsoft.Network/loadBalancers/lb1?api-version=2022-05-01
  response:
    body:
      string: "{\r\n  \"name\": \"lb1\",\r\n  \"id\": \"/subscriptions/00000000-0000-0000-0000-000000000000/resourceGroups/test_network_lb_outbound_rules000001/providers/Microsoft.Network/loadBalancers/lb1\",\r\n
        \ \"etag\": \"W/\\\"794aae4c-a94d-46d9-8269-b0eca44f61d3\\\"\",\r\n  \"type\":
        \"Microsoft.Network/loadBalancers\",\r\n  \"location\": \"eastus2\",\r\n  \"tags\":
        {},\r\n  \"properties\": {\r\n    \"provisioningState\": \"Succeeded\",\r\n
        \   \"resourceGuid\": \"09266136-42c3-48b4-9e31-1f94ab700ded\",\r\n    \"frontendIPConfigurations\":
        [\r\n      {\r\n        \"name\": \"LoadBalancerFrontEnd\",\r\n        \"id\":
        \"/subscriptions/00000000-0000-0000-0000-000000000000/resourceGroups/test_network_lb_outbound_rules000001/providers/Microsoft.Network/loadBalancers/lb1/frontendIPConfigurations/LoadBalancerFrontEnd\",\r\n
        \       \"etag\": \"W/\\\"794aae4c-a94d-46d9-8269-b0eca44f61d3\\\"\",\r\n
        \       \"type\": \"Microsoft.Network/loadBalancers/frontendIPConfigurations\",\r\n
        \       \"properties\": {\r\n          \"provisioningState\": \"Succeeded\",\r\n
        \         \"privateIPAllocationMethod\": \"Dynamic\",\r\n          \"publicIPAddress\":
        {\r\n            \"id\": \"/subscriptions/00000000-0000-0000-0000-000000000000/resourceGroups/test_network_lb_outbound_rules000001/providers/Microsoft.Network/publicIPAddresses/PublicIPlb1\"\r\n
        \         }\r\n        }\r\n      },\r\n      {\r\n        \"name\": \"prefixFrontEnd\",\r\n
        \       \"id\": \"/subscriptions/00000000-0000-0000-0000-000000000000/resourceGroups/test_network_lb_outbound_rules000001/providers/Microsoft.Network/loadBalancers/lb1/frontendIPConfigurations/prefixFrontEnd\",\r\n
        \       \"etag\": \"W/\\\"794aae4c-a94d-46d9-8269-b0eca44f61d3\\\"\",\r\n
        \       \"type\": \"Microsoft.Network/loadBalancers/frontendIPConfigurations\",\r\n
        \       \"properties\": {\r\n          \"provisioningState\": \"Succeeded\",\r\n
        \         \"privateIPAllocationMethod\": \"Dynamic\",\r\n          \"outboundRules\":
        [\r\n            {\r\n              \"id\": \"/subscriptions/00000000-0000-0000-0000-000000000000/resourceGroups/test_network_lb_outbound_rules000001/providers/Microsoft.Network/loadBalancers/lb1/outboundRules/rule2\"\r\n
        \           }\r\n          ],\r\n          \"publicIPPrefix\": {\r\n            \"id\":
        \"/subscriptions/00000000-0000-0000-0000-000000000000/resourceGroups/test_network_lb_outbound_rules000001/providers/Microsoft.Network/publicIPPrefixes/prefix1\"\r\n
        \         },\r\n          \"privateIPAddressVersion\": \"IPv4\"\r\n        }\r\n
        \     }\r\n    ],\r\n    \"backendAddressPools\": [\r\n      {\r\n        \"name\":
        \"lb1bepool\",\r\n        \"id\": \"/subscriptions/00000000-0000-0000-0000-000000000000/resourceGroups/test_network_lb_outbound_rules000001/providers/Microsoft.Network/loadBalancers/lb1/backendAddressPools/lb1bepool\",\r\n
        \       \"etag\": \"W/\\\"794aae4c-a94d-46d9-8269-b0eca44f61d3\\\"\",\r\n
        \       \"properties\": {\r\n          \"provisioningState\": \"Succeeded\",\r\n
        \         \"loadBalancerBackendAddresses\": [],\r\n          \"outboundRules\":
        [\r\n            {\r\n              \"id\": \"/subscriptions/00000000-0000-0000-0000-000000000000/resourceGroups/test_network_lb_outbound_rules000001/providers/Microsoft.Network/loadBalancers/lb1/outboundRules/rule2\"\r\n
        \           }\r\n          ]\r\n        },\r\n        \"type\": \"Microsoft.Network/loadBalancers/backendAddressPools\"\r\n
        \     }\r\n    ],\r\n    \"loadBalancingRules\": [],\r\n    \"probes\": [],\r\n
        \   \"inboundNatRules\": [],\r\n    \"outboundRules\": [\r\n      {\r\n        \"name\":
        \"rule2\",\r\n        \"id\": \"/subscriptions/00000000-0000-0000-0000-000000000000/resourceGroups/test_network_lb_outbound_rules000001/providers/Microsoft.Network/loadBalancers/lb1/outboundRules/rule2\",\r\n
        \       \"etag\": \"W/\\\"794aae4c-a94d-46d9-8269-b0eca44f61d3\\\"\",\r\n
        \       \"type\": \"Microsoft.Network/loadBalancers/outboundRules\",\r\n        \"properties\":
        {\r\n          \"provisioningState\": \"Succeeded\",\r\n          \"allocatedOutboundPorts\":
        1024,\r\n          \"protocol\": \"All\",\r\n          \"enableTcpReset\":
        false,\r\n          \"idleTimeoutInMinutes\": 25,\r\n          \"allocationPolicy\":
        {\r\n            \"onDemandAllocation\": false,\r\n            \"portReuse\":
        \"FirstAvailable\"\r\n          },\r\n          \"backendAddressPool\": {\r\n
        \           \"id\": \"/subscriptions/00000000-0000-0000-0000-000000000000/resourceGroups/test_network_lb_outbound_rules000001/providers/Microsoft.Network/loadBalancers/lb1/backendAddressPools/lb1bepool\"\r\n
        \         },\r\n          \"frontendIPConfigurations\": [\r\n            {\r\n
        \             \"id\": \"/subscriptions/00000000-0000-0000-0000-000000000000/resourceGroups/test_network_lb_outbound_rules000001/providers/Microsoft.Network/loadBalancers/lb1/frontendIPConfigurations/prefixFrontEnd\"\r\n
        \           }\r\n          ]\r\n        }\r\n      }\r\n    ],\r\n    \"inboundNatPools\":
        []\r\n  },\r\n  \"sku\": {\r\n    \"name\": \"Standard\",\r\n    \"tier\":
        \"Regional\"\r\n  }\r\n}"
    headers:
      azure-asyncnotification:
      - Enabled
      azure-asyncoperation:
      - https://management.azure.com/subscriptions/00000000-0000-0000-0000-000000000000/providers/Microsoft.Network/locations/eastus2/operations/a1a8919b-dd53-4954-a512-a2c5b8eba0de?api-version=2022-05-01
      cache-control:
      - no-cache
      content-length:
      - '4623'
      content-type:
      - application/json; charset=utf-8
      date:
      - Tue, 07 Feb 2023 18:44:25 GMT
      expires:
      - '-1'
      pragma:
      - no-cache
      server:
      - Microsoft-HTTPAPI/2.0
      - Microsoft-HTTPAPI/2.0
      strict-transport-security:
      - max-age=31536000; includeSubDomains
      transfer-encoding:
      - chunked
      vary:
      - Accept-Encoding
      x-content-type-options:
      - nosniff
      x-ms-arm-service-request-id:
      - b7c71e8a-0506-4b7d-ad69-ea1d57c3b451
      x-ms-ratelimit-remaining-subscription-writes:
      - '1198'
    status:
      code: 200
      message: OK
- request:
    body: null
    headers:
      Accept:
      - '*/*'
      Accept-Encoding:
      - gzip, deflate
      CommandName:
      - network lb outbound-rule delete
      Connection:
      - keep-alive
      ParameterSetName:
      - -g --lb-name -n
      User-Agent:
      - AZURECLI/2.45.0 (AAZ) azsdk-python-core/1.24.0 Python/3.10.9 (Linux-5.15.0-1031-azure-x86_64-with-glibc2.31)
        VSTS_7b238909-6802-4b65-b90d-184bca47f458_build_220_0
    method: GET
    uri: https://management.azure.com/subscriptions/00000000-0000-0000-0000-000000000000/providers/Microsoft.Network/locations/eastus2/operations/a1a8919b-dd53-4954-a512-a2c5b8eba0de?api-version=2022-05-01
  response:
    body:
      string: "{\r\n  \"status\": \"Succeeded\"\r\n}"
    headers:
      cache-control:
      - no-cache
      content-length:
      - '29'
      content-type:
      - application/json; charset=utf-8
      date:
      - Tue, 07 Feb 2023 18:44:55 GMT
      expires:
      - '-1'
      pragma:
      - no-cache
      server:
      - Microsoft-HTTPAPI/2.0
      - Microsoft-HTTPAPI/2.0
      strict-transport-security:
      - max-age=31536000; includeSubDomains
      transfer-encoding:
      - chunked
      vary:
      - Accept-Encoding
      x-content-type-options:
      - nosniff
      x-ms-arm-service-request-id:
      - 113375a5-47f9-435d-9e46-3cea164349ff
    status:
      code: 200
      message: OK
- request:
    body: null
    headers:
      Accept:
      - '*/*'
      Accept-Encoding:
      - gzip, deflate
      CommandName:
      - network lb outbound-rule delete
      Connection:
      - keep-alive
      ParameterSetName:
      - -g --lb-name -n
      User-Agent:
      - AZURECLI/2.45.0 (AAZ) azsdk-python-core/1.24.0 Python/3.10.9 (Linux-5.15.0-1031-azure-x86_64-with-glibc2.31)
        VSTS_7b238909-6802-4b65-b90d-184bca47f458_build_220_0
    method: GET
    uri: https://management.azure.com/subscriptions/00000000-0000-0000-0000-000000000000/resourceGroups/test_network_lb_outbound_rules000001/providers/Microsoft.Network/loadBalancers/lb1?api-version=2022-05-01
  response:
    body:
      string: "{\r\n  \"name\": \"lb1\",\r\n  \"id\": \"/subscriptions/00000000-0000-0000-0000-000000000000/resourceGroups/test_network_lb_outbound_rules000001/providers/Microsoft.Network/loadBalancers/lb1\",\r\n
        \ \"etag\": \"W/\\\"794aae4c-a94d-46d9-8269-b0eca44f61d3\\\"\",\r\n  \"type\":
        \"Microsoft.Network/loadBalancers\",\r\n  \"location\": \"eastus2\",\r\n  \"tags\":
        {},\r\n  \"properties\": {\r\n    \"provisioningState\": \"Succeeded\",\r\n
        \   \"resourceGuid\": \"09266136-42c3-48b4-9e31-1f94ab700ded\",\r\n    \"frontendIPConfigurations\":
        [\r\n      {\r\n        \"name\": \"LoadBalancerFrontEnd\",\r\n        \"id\":
        \"/subscriptions/00000000-0000-0000-0000-000000000000/resourceGroups/test_network_lb_outbound_rules000001/providers/Microsoft.Network/loadBalancers/lb1/frontendIPConfigurations/LoadBalancerFrontEnd\",\r\n
        \       \"etag\": \"W/\\\"794aae4c-a94d-46d9-8269-b0eca44f61d3\\\"\",\r\n
        \       \"type\": \"Microsoft.Network/loadBalancers/frontendIPConfigurations\",\r\n
        \       \"properties\": {\r\n          \"provisioningState\": \"Succeeded\",\r\n
        \         \"privateIPAllocationMethod\": \"Dynamic\",\r\n          \"publicIPAddress\":
        {\r\n            \"id\": \"/subscriptions/00000000-0000-0000-0000-000000000000/resourceGroups/test_network_lb_outbound_rules000001/providers/Microsoft.Network/publicIPAddresses/PublicIPlb1\"\r\n
        \         }\r\n        }\r\n      },\r\n      {\r\n        \"name\": \"prefixFrontEnd\",\r\n
        \       \"id\": \"/subscriptions/00000000-0000-0000-0000-000000000000/resourceGroups/test_network_lb_outbound_rules000001/providers/Microsoft.Network/loadBalancers/lb1/frontendIPConfigurations/prefixFrontEnd\",\r\n
        \       \"etag\": \"W/\\\"794aae4c-a94d-46d9-8269-b0eca44f61d3\\\"\",\r\n
        \       \"type\": \"Microsoft.Network/loadBalancers/frontendIPConfigurations\",\r\n
        \       \"properties\": {\r\n          \"provisioningState\": \"Succeeded\",\r\n
        \         \"privateIPAllocationMethod\": \"Dynamic\",\r\n          \"outboundRules\":
        [\r\n            {\r\n              \"id\": \"/subscriptions/00000000-0000-0000-0000-000000000000/resourceGroups/test_network_lb_outbound_rules000001/providers/Microsoft.Network/loadBalancers/lb1/outboundRules/rule2\"\r\n
        \           }\r\n          ],\r\n          \"publicIPPrefix\": {\r\n            \"id\":
        \"/subscriptions/00000000-0000-0000-0000-000000000000/resourceGroups/test_network_lb_outbound_rules000001/providers/Microsoft.Network/publicIPPrefixes/prefix1\"\r\n
        \         },\r\n          \"privateIPAddressVersion\": \"IPv4\"\r\n        }\r\n
        \     }\r\n    ],\r\n    \"backendAddressPools\": [\r\n      {\r\n        \"name\":
        \"lb1bepool\",\r\n        \"id\": \"/subscriptions/00000000-0000-0000-0000-000000000000/resourceGroups/test_network_lb_outbound_rules000001/providers/Microsoft.Network/loadBalancers/lb1/backendAddressPools/lb1bepool\",\r\n
        \       \"etag\": \"W/\\\"794aae4c-a94d-46d9-8269-b0eca44f61d3\\\"\",\r\n
        \       \"properties\": {\r\n          \"provisioningState\": \"Succeeded\",\r\n
        \         \"loadBalancerBackendAddresses\": [],\r\n          \"outboundRules\":
        [\r\n            {\r\n              \"id\": \"/subscriptions/00000000-0000-0000-0000-000000000000/resourceGroups/test_network_lb_outbound_rules000001/providers/Microsoft.Network/loadBalancers/lb1/outboundRules/rule2\"\r\n
        \           }\r\n          ]\r\n        },\r\n        \"type\": \"Microsoft.Network/loadBalancers/backendAddressPools\"\r\n
        \     }\r\n    ],\r\n    \"loadBalancingRules\": [],\r\n    \"probes\": [],\r\n
        \   \"inboundNatRules\": [],\r\n    \"outboundRules\": [\r\n      {\r\n        \"name\":
        \"rule2\",\r\n        \"id\": \"/subscriptions/00000000-0000-0000-0000-000000000000/resourceGroups/test_network_lb_outbound_rules000001/providers/Microsoft.Network/loadBalancers/lb1/outboundRules/rule2\",\r\n
        \       \"etag\": \"W/\\\"794aae4c-a94d-46d9-8269-b0eca44f61d3\\\"\",\r\n
        \       \"type\": \"Microsoft.Network/loadBalancers/outboundRules\",\r\n        \"properties\":
        {\r\n          \"provisioningState\": \"Succeeded\",\r\n          \"allocatedOutboundPorts\":
        1024,\r\n          \"protocol\": \"All\",\r\n          \"enableTcpReset\":
        false,\r\n          \"idleTimeoutInMinutes\": 25,\r\n          \"allocationPolicy\":
        {\r\n            \"onDemandAllocation\": false,\r\n            \"portReuse\":
        \"FirstAvailable\"\r\n          },\r\n          \"backendAddressPool\": {\r\n
        \           \"id\": \"/subscriptions/00000000-0000-0000-0000-000000000000/resourceGroups/test_network_lb_outbound_rules000001/providers/Microsoft.Network/loadBalancers/lb1/backendAddressPools/lb1bepool\"\r\n
        \         },\r\n          \"frontendIPConfigurations\": [\r\n            {\r\n
        \             \"id\": \"/subscriptions/00000000-0000-0000-0000-000000000000/resourceGroups/test_network_lb_outbound_rules000001/providers/Microsoft.Network/loadBalancers/lb1/frontendIPConfigurations/prefixFrontEnd\"\r\n
        \           }\r\n          ]\r\n        }\r\n      }\r\n    ],\r\n    \"inboundNatPools\":
        []\r\n  },\r\n  \"sku\": {\r\n    \"name\": \"Standard\",\r\n    \"tier\":
        \"Regional\"\r\n  }\r\n}"
    headers:
      cache-control:
      - no-cache
      content-length:
      - '4623'
      content-type:
      - application/json; charset=utf-8
      date:
      - Tue, 07 Feb 2023 18:44:55 GMT
      etag:
      - W/"794aae4c-a94d-46d9-8269-b0eca44f61d3"
      expires:
      - '-1'
      pragma:
      - no-cache
      server:
      - Microsoft-HTTPAPI/2.0
      - Microsoft-HTTPAPI/2.0
      strict-transport-security:
      - max-age=31536000; includeSubDomains
      transfer-encoding:
      - chunked
      vary:
      - Accept-Encoding
      x-content-type-options:
      - nosniff
      x-ms-arm-service-request-id:
      - b2cd34ad-db74-4d3c-8c95-aa086ecf81eb
    status:
      code: 200
      message: OK
- request:
    body: null
    headers:
      Accept:
      - application/json
      Accept-Encoding:
      - gzip, deflate
      CommandName:
      - network lb outbound-rule list
      Connection:
      - keep-alive
      ParameterSetName:
      - -g --lb-name
      User-Agent:
      - AZURECLI/2.45.0 (AAZ) azsdk-python-core/1.24.0 Python/3.10.9 (Linux-5.15.0-1031-azure-x86_64-with-glibc2.31)
        VSTS_7b238909-6802-4b65-b90d-184bca47f458_build_220_0
    method: GET
    uri: https://management.azure.com/subscriptions/00000000-0000-0000-0000-000000000000/resourceGroups/test_network_lb_outbound_rules000001/providers/Microsoft.Network/loadBalancers/lb1?api-version=2022-05-01
  response:
    body:
      string: "{\r\n  \"name\": \"lb1\",\r\n  \"id\": \"/subscriptions/00000000-0000-0000-0000-000000000000/resourceGroups/test_network_lb_outbound_rules000001/providers/Microsoft.Network/loadBalancers/lb1\",\r\n
        \ \"etag\": \"W/\\\"794aae4c-a94d-46d9-8269-b0eca44f61d3\\\"\",\r\n  \"type\":
        \"Microsoft.Network/loadBalancers\",\r\n  \"location\": \"eastus2\",\r\n  \"tags\":
        {},\r\n  \"properties\": {\r\n    \"provisioningState\": \"Succeeded\",\r\n
        \   \"resourceGuid\": \"09266136-42c3-48b4-9e31-1f94ab700ded\",\r\n    \"frontendIPConfigurations\":
        [\r\n      {\r\n        \"name\": \"LoadBalancerFrontEnd\",\r\n        \"id\":
        \"/subscriptions/00000000-0000-0000-0000-000000000000/resourceGroups/test_network_lb_outbound_rules000001/providers/Microsoft.Network/loadBalancers/lb1/frontendIPConfigurations/LoadBalancerFrontEnd\",\r\n
        \       \"etag\": \"W/\\\"794aae4c-a94d-46d9-8269-b0eca44f61d3\\\"\",\r\n
        \       \"type\": \"Microsoft.Network/loadBalancers/frontendIPConfigurations\",\r\n
        \       \"properties\": {\r\n          \"provisioningState\": \"Succeeded\",\r\n
        \         \"privateIPAllocationMethod\": \"Dynamic\",\r\n          \"publicIPAddress\":
        {\r\n            \"id\": \"/subscriptions/00000000-0000-0000-0000-000000000000/resourceGroups/test_network_lb_outbound_rules000001/providers/Microsoft.Network/publicIPAddresses/PublicIPlb1\"\r\n
        \         }\r\n        }\r\n      },\r\n      {\r\n        \"name\": \"prefixFrontEnd\",\r\n
        \       \"id\": \"/subscriptions/00000000-0000-0000-0000-000000000000/resourceGroups/test_network_lb_outbound_rules000001/providers/Microsoft.Network/loadBalancers/lb1/frontendIPConfigurations/prefixFrontEnd\",\r\n
        \       \"etag\": \"W/\\\"794aae4c-a94d-46d9-8269-b0eca44f61d3\\\"\",\r\n
        \       \"type\": \"Microsoft.Network/loadBalancers/frontendIPConfigurations\",\r\n
        \       \"properties\": {\r\n          \"provisioningState\": \"Succeeded\",\r\n
        \         \"privateIPAllocationMethod\": \"Dynamic\",\r\n          \"outboundRules\":
        [\r\n            {\r\n              \"id\": \"/subscriptions/00000000-0000-0000-0000-000000000000/resourceGroups/test_network_lb_outbound_rules000001/providers/Microsoft.Network/loadBalancers/lb1/outboundRules/rule2\"\r\n
        \           }\r\n          ],\r\n          \"publicIPPrefix\": {\r\n            \"id\":
        \"/subscriptions/00000000-0000-0000-0000-000000000000/resourceGroups/test_network_lb_outbound_rules000001/providers/Microsoft.Network/publicIPPrefixes/prefix1\"\r\n
        \         },\r\n          \"privateIPAddressVersion\": \"IPv4\"\r\n        }\r\n
        \     }\r\n    ],\r\n    \"backendAddressPools\": [\r\n      {\r\n        \"name\":
        \"lb1bepool\",\r\n        \"id\": \"/subscriptions/00000000-0000-0000-0000-000000000000/resourceGroups/test_network_lb_outbound_rules000001/providers/Microsoft.Network/loadBalancers/lb1/backendAddressPools/lb1bepool\",\r\n
        \       \"etag\": \"W/\\\"794aae4c-a94d-46d9-8269-b0eca44f61d3\\\"\",\r\n
        \       \"properties\": {\r\n          \"provisioningState\": \"Succeeded\",\r\n
        \         \"loadBalancerBackendAddresses\": [],\r\n          \"outboundRules\":
        [\r\n            {\r\n              \"id\": \"/subscriptions/00000000-0000-0000-0000-000000000000/resourceGroups/test_network_lb_outbound_rules000001/providers/Microsoft.Network/loadBalancers/lb1/outboundRules/rule2\"\r\n
        \           }\r\n          ]\r\n        },\r\n        \"type\": \"Microsoft.Network/loadBalancers/backendAddressPools\"\r\n
        \     }\r\n    ],\r\n    \"loadBalancingRules\": [],\r\n    \"probes\": [],\r\n
        \   \"inboundNatRules\": [],\r\n    \"outboundRules\": [\r\n      {\r\n        \"name\":
        \"rule2\",\r\n        \"id\": \"/subscriptions/00000000-0000-0000-0000-000000000000/resourceGroups/test_network_lb_outbound_rules000001/providers/Microsoft.Network/loadBalancers/lb1/outboundRules/rule2\",\r\n
        \       \"etag\": \"W/\\\"794aae4c-a94d-46d9-8269-b0eca44f61d3\\\"\",\r\n
        \       \"type\": \"Microsoft.Network/loadBalancers/outboundRules\",\r\n        \"properties\":
        {\r\n          \"provisioningState\": \"Succeeded\",\r\n          \"allocatedOutboundPorts\":
        1024,\r\n          \"protocol\": \"All\",\r\n          \"enableTcpReset\":
        false,\r\n          \"idleTimeoutInMinutes\": 25,\r\n          \"allocationPolicy\":
        {\r\n            \"onDemandAllocation\": false,\r\n            \"portReuse\":
        \"FirstAvailable\"\r\n          },\r\n          \"backendAddressPool\": {\r\n
        \           \"id\": \"/subscriptions/00000000-0000-0000-0000-000000000000/resourceGroups/test_network_lb_outbound_rules000001/providers/Microsoft.Network/loadBalancers/lb1/backendAddressPools/lb1bepool\"\r\n
        \         },\r\n          \"frontendIPConfigurations\": [\r\n            {\r\n
        \             \"id\": \"/subscriptions/00000000-0000-0000-0000-000000000000/resourceGroups/test_network_lb_outbound_rules000001/providers/Microsoft.Network/loadBalancers/lb1/frontendIPConfigurations/prefixFrontEnd\"\r\n
        \           }\r\n          ]\r\n        }\r\n      }\r\n    ],\r\n    \"inboundNatPools\":
        []\r\n  },\r\n  \"sku\": {\r\n    \"name\": \"Standard\",\r\n    \"tier\":
        \"Regional\"\r\n  }\r\n}"
    headers:
      cache-control:
      - no-cache
      content-length:
      - '4623'
      content-type:
      - application/json; charset=utf-8
      date:
      - Tue, 07 Feb 2023 18:44:56 GMT
      etag:
      - W/"794aae4c-a94d-46d9-8269-b0eca44f61d3"
      expires:
      - '-1'
      pragma:
      - no-cache
      server:
      - Microsoft-HTTPAPI/2.0
      - Microsoft-HTTPAPI/2.0
      strict-transport-security:
      - max-age=31536000; includeSubDomains
      transfer-encoding:
      - chunked
      vary:
      - Accept-Encoding
      x-content-type-options:
      - nosniff
      x-ms-arm-service-request-id:
      - e51d50db-5182-4813-a372-e21137cdb8a6
    status:
      code: 200
      message: OK
version: 1
