interactions:
- request:
    body: null
    headers:
      Accept:
      - application/json
      Accept-Encoding:
      - gzip, deflate
      CommandName:
      - network lb create
      Connection:
      - keep-alive
      ParameterSetName:
      - -n -g
      User-Agent:
      - python/3.7.4 (Windows-10-10.0.18362-SP0) msrest/0.6.9 msrest_azure/0.6.1 azure-mgmt-resource/3.1.0
        Azure-SDK-For-Python AZURECLI/2.0.72
      accept-language:
      - en-US
    method: GET
    uri: https://management.azure.com/subscriptions/00000000-0000-0000-0000-000000000000/resourcegroups/cli_test_load_balancer000001?api-version=2019-05-10
  response:
    body:
      string: '{"id":"/subscriptions/00000000-0000-0000-0000-000000000000/resourceGroups/cli_test_load_balancer000001","name":"cli_test_load_balancer000001","type":"Microsoft.Resources/resourceGroups","location":"westus","tags":{"product":"azurecli","cause":"automation","date":"2019-08-28T19:21:17Z"},"properties":{"provisioningState":"Succeeded"}}'
    headers:
      cache-control:
      - no-cache
      content-length:
      - '428'
      content-type:
      - application/json; charset=utf-8
      date:
      - Wed, 28 Aug 2019 19:21:19 GMT
      expires:
      - '-1'
      pragma:
      - no-cache
      strict-transport-security:
      - max-age=31536000; includeSubDomains
      vary:
      - Accept-Encoding
      x-content-type-options:
      - nosniff
    status:
      code: 200
      message: OK
- request:
    body: null
    headers:
      Accept:
      - application/json
      Accept-Encoding:
      - gzip, deflate
      CommandName:
      - network lb create
      Connection:
      - keep-alive
      ParameterSetName:
      - -n -g
      User-Agent:
      - python/3.7.4 (Windows-10-10.0.18362-SP0) msrest/0.6.9 msrest_azure/0.6.1 azure-mgmt-resource/3.1.0
        Azure-SDK-For-Python AZURECLI/2.0.72
      accept-language:
      - en-US
    method: GET
    uri: https://management.azure.com/subscriptions/00000000-0000-0000-0000-000000000000/resources?$filter=resourceGroup%20eq%20%27cli_test_load_balancer000001%27%20and%20name%20eq%20%27None%27%20and%20resourceType%20eq%20%27Microsoft.Network%2FpublicIPAddresses%27&api-version=2019-05-10
  response:
    body:
      string: '{"value":[]}'
    headers:
      cache-control:
      - no-cache
      content-length:
      - '12'
      content-type:
      - application/json; charset=utf-8
      date:
      - Wed, 28 Aug 2019 19:21:18 GMT
      expires:
      - '-1'
      pragma:
      - no-cache
      strict-transport-security:
      - max-age=31536000; includeSubDomains
      vary:
      - Accept-Encoding
      x-content-type-options:
      - nosniff
    status:
      code: 200
      message: OK
- request:
    body: 'b''{"properties": {"template": {"$schema": "https://schema.management.azure.com/schemas/2015-01-01/deploymentTemplate.json#",
      "contentVersion": "1.0.0.0", "parameters": {}, "variables": {}, "resources":
      [{"apiVersion": "2019-04-01", "type": "Microsoft.Network/publicIPAddresses",
      "name": "PublicIPlb1", "location": "westus", "tags": {}, "dependsOn": [], "properties":
      {"publicIPAllocationMethod": "Dynamic"}, "sku": {"name": "Basic"}}, {"type":
      "Microsoft.Network/loadBalancers", "name": "lb1", "location": "westus", "tags":
      {}, "apiVersion": "2019-04-01", "dependsOn": ["Microsoft.Network/publicIpAddresses/PublicIPlb1"],
      "properties": {"backendAddressPools": [{"name": "lb1bepool"}], "frontendIPConfigurations":
      [{"name": "LoadBalancerFrontEnd", "properties": {"publicIPAddress": {"id": "/subscriptions/00000000-0000-0000-0000-000000000000/resourceGroups/cli_test_load_balancer000001/providers/Microsoft.Network/publicIPAddresses/PublicIPlb1"},
      "privateIPAddressVersion": "IPv4"}}]}, "sku": {"name": "Basic"}}], "outputs":
      {"loadBalancer": {"type": "object", "value": "[reference(\''lb1\'')]"}}}, "parameters":
      {}, "mode": "Incremental"}}'''
    headers:
      Accept:
      - application/json
      Accept-Encoding:
      - gzip, deflate
      CommandName:
      - network lb create
      Connection:
      - keep-alive
      Content-Length:
      - '1180'
      Content-Type:
      - application/json; charset=utf-8
      ParameterSetName:
      - -n -g
      User-Agent:
      - python/3.7.4 (Windows-10-10.0.18362-SP0) msrest/0.6.9 msrest_azure/0.6.1 azure-mgmt-resource/3.1.0
        Azure-SDK-For-Python AZURECLI/2.0.72
      accept-language:
      - en-US
    method: PUT
    uri: https://management.azure.com/subscriptions/00000000-0000-0000-0000-000000000000/resourcegroups/cli_test_load_balancer000001/providers/Microsoft.Resources/deployments/mock-deployment?api-version=2019-05-10
  response:
    body:
      string: '{"id":"/subscriptions/00000000-0000-0000-0000-000000000000/resourceGroups/cli_test_load_balancer000001/providers/Microsoft.Resources/deployments/lb_deploy_8ZJGm9DSaYx2595bYKzEPhYVuM7kGBVW","name":"lb_deploy_8ZJGm9DSaYx2595bYKzEPhYVuM7kGBVW","type":"Microsoft.Resources/deployments","properties":{"templateHash":"16509565425539614121","parameters":{},"mode":"Incremental","provisioningState":"Accepted","timestamp":"2019-08-28T19:21:20.3353538Z","duration":"PT0.2593175S","correlationId":"0e78aaa3-0bbe-404f-bf69-065831952636","providers":[{"namespace":"Microsoft.Network","resourceTypes":[{"resourceType":"publicIPAddresses","locations":["westus"]},{"resourceType":"loadBalancers","locations":["westus"]}]}],"dependencies":[{"dependsOn":[{"id":"/subscriptions/00000000-0000-0000-0000-000000000000/resourceGroups/cli_test_load_balancer000001/providers/Microsoft.Network/publicIPAddresses/PublicIPlb1","resourceType":"Microsoft.Network/publicIPAddresses","resourceName":"PublicIPlb1"}],"id":"/subscriptions/00000000-0000-0000-0000-000000000000/resourceGroups/cli_test_load_balancer000001/providers/Microsoft.Network/loadBalancers/lb1","resourceType":"Microsoft.Network/loadBalancers","resourceName":"lb1"}]}}'
    headers:
      azure-asyncoperation:
      - https://management.azure.com/subscriptions/00000000-0000-0000-0000-000000000000/resourcegroups/cli_test_load_balancer000001/providers/Microsoft.Resources/deployments/lb_deploy_8ZJGm9DSaYx2595bYKzEPhYVuM7kGBVW/operationStatuses/08586345868054015755?api-version=2019-05-10
      cache-control:
      - no-cache
      content-length:
      - '1347'
      content-type:
      - application/json; charset=utf-8
      date:
      - Wed, 28 Aug 2019 19:21:20 GMT
      expires:
      - '-1'
      pragma:
      - no-cache
      strict-transport-security:
      - max-age=31536000; includeSubDomains
      x-content-type-options:
      - nosniff
      x-ms-ratelimit-remaining-subscription-writes:
      - '1199'
    status:
      code: 201
      message: Created
- request:
    body: null
    headers:
      Accept:
      - application/json
      Accept-Encoding:
      - gzip, deflate
      CommandName:
      - network lb create
      Connection:
      - keep-alive
      ParameterSetName:
      - -n -g
      User-Agent:
      - python/3.7.4 (Windows-10-10.0.18362-SP0) msrest/0.6.9 msrest_azure/0.6.1 azure-mgmt-resource/3.1.0
        Azure-SDK-For-Python AZURECLI/2.0.72
    method: GET
    uri: https://management.azure.com/subscriptions/00000000-0000-0000-0000-000000000000/resourcegroups/cli_test_load_balancer000001/providers/Microsoft.Resources/deployments/mock-deployment/operationStatuses/08586345868054015755?api-version=2019-05-10
  response:
    body:
      string: '{"status":"Succeeded"}'
    headers:
      cache-control:
      - no-cache
      content-length:
      - '22'
      content-type:
      - application/json; charset=utf-8
      date:
      - Wed, 28 Aug 2019 19:21:49 GMT
      expires:
      - '-1'
      pragma:
      - no-cache
      strict-transport-security:
      - max-age=31536000; includeSubDomains
      vary:
      - Accept-Encoding
      x-content-type-options:
      - nosniff
    status:
      code: 200
      message: OK
- request:
    body: null
    headers:
      Accept:
      - application/json
      Accept-Encoding:
      - gzip, deflate
      CommandName:
      - network lb create
      Connection:
      - keep-alive
      ParameterSetName:
      - -n -g
      User-Agent:
      - python/3.7.4 (Windows-10-10.0.18362-SP0) msrest/0.6.9 msrest_azure/0.6.1 azure-mgmt-resource/3.1.0
        Azure-SDK-For-Python AZURECLI/2.0.72
    method: GET
    uri: https://management.azure.com/subscriptions/00000000-0000-0000-0000-000000000000/resourcegroups/cli_test_load_balancer000001/providers/Microsoft.Resources/deployments/mock-deployment?api-version=2019-05-10
  response:
    body:
      string: '{"id":"/subscriptions/00000000-0000-0000-0000-000000000000/resourceGroups/cli_test_load_balancer000001/providers/Microsoft.Resources/deployments/lb_deploy_8ZJGm9DSaYx2595bYKzEPhYVuM7kGBVW","name":"lb_deploy_8ZJGm9DSaYx2595bYKzEPhYVuM7kGBVW","type":"Microsoft.Resources/deployments","properties":{"templateHash":"16509565425539614121","parameters":{},"mode":"Incremental","provisioningState":"Succeeded","timestamp":"2019-08-28T19:21:37.1170639Z","duration":"PT17.0410276S","correlationId":"0e78aaa3-0bbe-404f-bf69-065831952636","providers":[{"namespace":"Microsoft.Network","resourceTypes":[{"resourceType":"publicIPAddresses","locations":["westus"]},{"resourceType":"loadBalancers","locations":["westus"]}]}],"dependencies":[{"dependsOn":[{"id":"/subscriptions/00000000-0000-0000-0000-000000000000/resourceGroups/cli_test_load_balancer000001/providers/Microsoft.Network/publicIPAddresses/PublicIPlb1","resourceType":"Microsoft.Network/publicIPAddresses","resourceName":"PublicIPlb1"}],"id":"/subscriptions/00000000-0000-0000-0000-000000000000/resourceGroups/cli_test_load_balancer000001/providers/Microsoft.Network/loadBalancers/lb1","resourceType":"Microsoft.Network/loadBalancers","resourceName":"lb1"}],"outputs":{"loadBalancer":{"type":"Object","value":{"provisioningState":"Succeeded","resourceGuid":"97fe39bf-7b91-4928-891e-78bae96a0b3a","frontendIPConfigurations":[{"name":"LoadBalancerFrontEnd","id":"/subscriptions/00000000-0000-0000-0000-000000000000/resourceGroups/cli_test_load_balancer000001/providers/Microsoft.Network/loadBalancers/lb1/frontendIPConfigurations/LoadBalancerFrontEnd","etag":"W/\"d72732b3-a208-4f19-80f8-e61663d51823\"","type":"Microsoft.Network/loadBalancers/frontendIPConfigurations","properties":{"provisioningState":"Succeeded","privateIPAllocationMethod":"Dynamic","publicIPAddress":{"id":"/subscriptions/00000000-0000-0000-0000-000000000000/resourceGroups/cli_test_load_balancer000001/providers/Microsoft.Network/publicIPAddresses/PublicIPlb1"},"privateIPAddressVersion":"IPv4"}}],"backendAddressPools":[{"name":"lb1bepool","id":"/subscriptions/00000000-0000-0000-0000-000000000000/resourceGroups/cli_test_load_balancer000001/providers/Microsoft.Network/loadBalancers/lb1/backendAddressPools/lb1bepool","etag":"W/\"d72732b3-a208-4f19-80f8-e61663d51823\"","properties":{"provisioningState":"Succeeded"},"type":"Microsoft.Network/loadBalancers/backendAddressPools"}],"loadBalancingRules":[],"probes":[],"inboundNatRules":[],"inboundNatPools":[]}}},"outputResources":[{"id":"/subscriptions/00000000-0000-0000-0000-000000000000/resourceGroups/cli_test_load_balancer000001/providers/Microsoft.Network/loadBalancers/lb1"},{"id":"/subscriptions/00000000-0000-0000-0000-000000000000/resourceGroups/cli_test_load_balancer000001/providers/Microsoft.Network/publicIPAddresses/PublicIPlb1"}]}}'
    headers:
      cache-control:
      - no-cache
      content-length:
      - '3194'
      content-type:
      - application/json; charset=utf-8
      date:
      - Wed, 28 Aug 2019 19:21:49 GMT
      expires:
      - '-1'
      pragma:
      - no-cache
      strict-transport-security:
      - max-age=31536000; includeSubDomains
      vary:
      - Accept-Encoding
      x-content-type-options:
      - nosniff
    status:
      code: 200
      message: OK
- request:
    body: null
    headers:
      Accept:
      - application/json
      Accept-Encoding:
      - gzip, deflate
      CommandName:
      - network lb create
      Connection:
      - keep-alive
      ParameterSetName:
      - -n -g --public-ip-address-allocation --tags
      User-Agent:
      - python/3.7.4 (Windows-10-10.0.18362-SP0) msrest/0.6.9 msrest_azure/0.6.1 azure-mgmt-resource/3.1.0
        Azure-SDK-For-Python AZURECLI/2.0.72
      accept-language:
      - en-US
    method: GET
    uri: https://management.azure.com/subscriptions/00000000-0000-0000-0000-000000000000/resourcegroups/cli_test_load_balancer000001?api-version=2019-05-10
  response:
    body:
      string: '{"id":"/subscriptions/00000000-0000-0000-0000-000000000000/resourceGroups/cli_test_load_balancer000001","name":"cli_test_load_balancer000001","type":"Microsoft.Resources/resourceGroups","location":"westus","tags":{"product":"azurecli","cause":"automation","date":"2019-08-28T19:21:17Z"},"properties":{"provisioningState":"Succeeded"}}'
    headers:
      cache-control:
      - no-cache
      content-length:
      - '428'
      content-type:
      - application/json; charset=utf-8
      date:
      - Wed, 28 Aug 2019 19:21:51 GMT
      expires:
      - '-1'
      pragma:
      - no-cache
      strict-transport-security:
      - max-age=31536000; includeSubDomains
      vary:
      - Accept-Encoding
      x-content-type-options:
      - nosniff
    status:
      code: 200
      message: OK
- request:
    body: null
    headers:
      Accept:
      - application/json
      Accept-Encoding:
      - gzip, deflate
      CommandName:
      - network lb create
      Connection:
      - keep-alive
      ParameterSetName:
      - -n -g --public-ip-address-allocation --tags
      User-Agent:
      - python/3.7.4 (Windows-10-10.0.18362-SP0) msrest/0.6.9 msrest_azure/0.6.1 azure-mgmt-resource/3.1.0
        Azure-SDK-For-Python AZURECLI/2.0.72
      accept-language:
      - en-US
    method: GET
    uri: https://management.azure.com/subscriptions/00000000-0000-0000-0000-000000000000/resources?$filter=resourceGroup%20eq%20%27cli_test_load_balancer000001%27%20and%20name%20eq%20%27None%27%20and%20resourceType%20eq%20%27Microsoft.Network%2FpublicIPAddresses%27&api-version=2019-05-10
  response:
    body:
      string: '{"value":[]}'
    headers:
      cache-control:
      - no-cache
      content-length:
      - '12'
      content-type:
      - application/json; charset=utf-8
      date:
      - Wed, 28 Aug 2019 19:21:51 GMT
      expires:
      - '-1'
      pragma:
      - no-cache
      strict-transport-security:
      - max-age=31536000; includeSubDomains
      vary:
      - Accept-Encoding
      x-content-type-options:
      - nosniff
    status:
      code: 200
      message: OK
- request:
    body: 'b''{"properties": {"template": {"$schema": "https://schema.management.azure.com/schemas/2015-01-01/deploymentTemplate.json#",
      "contentVersion": "1.0.0.0", "parameters": {}, "variables": {}, "resources":
      [{"apiVersion": "2019-04-01", "type": "Microsoft.Network/publicIPAddresses",
      "name": "PublicIPlb2", "location": "westus", "tags": {"foo": "doo"}, "dependsOn":
      [], "properties": {"publicIPAllocationMethod": "Static"}, "sku": {"name": "Basic"}},
      {"type": "Microsoft.Network/loadBalancers", "name": "lb2", "location": "westus",
      "tags": {"foo": "doo"}, "apiVersion": "2019-04-01", "dependsOn": ["Microsoft.Network/publicIpAddresses/PublicIPlb2"],
      "properties": {"backendAddressPools": [{"name": "lb2bepool"}], "frontendIPConfigurations":
      [{"name": "LoadBalancerFrontEnd", "properties": {"publicIPAddress": {"id": "/subscriptions/00000000-0000-0000-0000-000000000000/resourceGroups/cli_test_load_balancer000001/providers/Microsoft.Network/publicIPAddresses/PublicIPlb2"},
      "privateIPAddressVersion": "IPv4"}}]}, "sku": {"name": "Basic"}}], "outputs":
      {"loadBalancer": {"type": "object", "value": "[reference(\''lb2\'')]"}}}, "parameters":
      {}, "mode": "Incremental"}}'''
    headers:
      Accept:
      - application/json
      Accept-Encoding:
      - gzip, deflate
      CommandName:
      - network lb create
      Connection:
      - keep-alive
      Content-Length:
      - '1203'
      Content-Type:
      - application/json; charset=utf-8
      ParameterSetName:
      - -n -g --public-ip-address-allocation --tags
      User-Agent:
      - python/3.7.4 (Windows-10-10.0.18362-SP0) msrest/0.6.9 msrest_azure/0.6.1 azure-mgmt-resource/3.1.0
        Azure-SDK-For-Python AZURECLI/2.0.72
      accept-language:
      - en-US
    method: PUT
    uri: https://management.azure.com/subscriptions/00000000-0000-0000-0000-000000000000/resourcegroups/cli_test_load_balancer000001/providers/Microsoft.Resources/deployments/mock-deployment?api-version=2019-05-10
  response:
    body:
      string: '{"id":"/subscriptions/00000000-0000-0000-0000-000000000000/resourceGroups/cli_test_load_balancer000001/providers/Microsoft.Resources/deployments/lb_deploy_xDqrb2VAXhzpMGycBIWun1et2STCm2AC","name":"lb_deploy_xDqrb2VAXhzpMGycBIWun1et2STCm2AC","type":"Microsoft.Resources/deployments","properties":{"templateHash":"16505197965306553722","parameters":{},"mode":"Incremental","provisioningState":"Accepted","timestamp":"2019-08-28T19:21:52.6701944Z","duration":"PT0.2042482S","correlationId":"fe0eaa40-9604-49ef-becb-1b818deb524f","providers":[{"namespace":"Microsoft.Network","resourceTypes":[{"resourceType":"publicIPAddresses","locations":["westus"]},{"resourceType":"loadBalancers","locations":["westus"]}]}],"dependencies":[{"dependsOn":[{"id":"/subscriptions/00000000-0000-0000-0000-000000000000/resourceGroups/cli_test_load_balancer000001/providers/Microsoft.Network/publicIPAddresses/PublicIPlb2","resourceType":"Microsoft.Network/publicIPAddresses","resourceName":"PublicIPlb2"}],"id":"/subscriptions/00000000-0000-0000-0000-000000000000/resourceGroups/cli_test_load_balancer000001/providers/Microsoft.Network/loadBalancers/lb2","resourceType":"Microsoft.Network/loadBalancers","resourceName":"lb2"}]}}'
    headers:
      azure-asyncoperation:
      - https://management.azure.com/subscriptions/00000000-0000-0000-0000-000000000000/resourcegroups/cli_test_load_balancer000001/providers/Microsoft.Resources/deployments/lb_deploy_xDqrb2VAXhzpMGycBIWun1et2STCm2AC/operationStatuses/08586345867730116678?api-version=2019-05-10
      cache-control:
      - no-cache
      content-length:
      - '1347'
      content-type:
      - application/json; charset=utf-8
      date:
      - Wed, 28 Aug 2019 19:21:52 GMT
      expires:
      - '-1'
      pragma:
      - no-cache
      strict-transport-security:
      - max-age=31536000; includeSubDomains
      x-content-type-options:
      - nosniff
      x-ms-ratelimit-remaining-subscription-writes:
      - '1196'
    status:
      code: 201
      message: Created
- request:
    body: null
    headers:
      Accept:
      - application/json
      Accept-Encoding:
      - gzip, deflate
      CommandName:
      - network lb create
      Connection:
      - keep-alive
      ParameterSetName:
      - -n -g --public-ip-address-allocation --tags
      User-Agent:
      - python/3.7.4 (Windows-10-10.0.18362-SP0) msrest/0.6.9 msrest_azure/0.6.1 azure-mgmt-resource/3.1.0
        Azure-SDK-For-Python AZURECLI/2.0.72
    method: GET
    uri: https://management.azure.com/subscriptions/00000000-0000-0000-0000-000000000000/resourcegroups/cli_test_load_balancer000001/providers/Microsoft.Resources/deployments/mock-deployment/operationStatuses/08586345867730116678?api-version=2019-05-10
  response:
    body:
      string: '{"status":"Succeeded"}'
    headers:
      cache-control:
      - no-cache
      content-length:
      - '22'
      content-type:
      - application/json; charset=utf-8
      date:
      - Wed, 28 Aug 2019 19:22:22 GMT
      expires:
      - '-1'
      pragma:
      - no-cache
      strict-transport-security:
      - max-age=31536000; includeSubDomains
      vary:
      - Accept-Encoding
      x-content-type-options:
      - nosniff
    status:
      code: 200
      message: OK
- request:
    body: null
    headers:
      Accept:
      - application/json
      Accept-Encoding:
      - gzip, deflate
      CommandName:
      - network lb create
      Connection:
      - keep-alive
      ParameterSetName:
      - -n -g --public-ip-address-allocation --tags
      User-Agent:
      - python/3.7.4 (Windows-10-10.0.18362-SP0) msrest/0.6.9 msrest_azure/0.6.1 azure-mgmt-resource/3.1.0
        Azure-SDK-For-Python AZURECLI/2.0.72
    method: GET
    uri: https://management.azure.com/subscriptions/00000000-0000-0000-0000-000000000000/resourcegroups/cli_test_load_balancer000001/providers/Microsoft.Resources/deployments/mock-deployment?api-version=2019-05-10
  response:
    body:
      string: '{"id":"/subscriptions/00000000-0000-0000-0000-000000000000/resourceGroups/cli_test_load_balancer000001/providers/Microsoft.Resources/deployments/lb_deploy_xDqrb2VAXhzpMGycBIWun1et2STCm2AC","name":"lb_deploy_xDqrb2VAXhzpMGycBIWun1et2STCm2AC","type":"Microsoft.Resources/deployments","properties":{"templateHash":"16505197965306553722","parameters":{},"mode":"Incremental","provisioningState":"Succeeded","timestamp":"2019-08-28T19:22:01.6998024Z","duration":"PT9.2338562S","correlationId":"fe0eaa40-9604-49ef-becb-1b818deb524f","providers":[{"namespace":"Microsoft.Network","resourceTypes":[{"resourceType":"publicIPAddresses","locations":["westus"]},{"resourceType":"loadBalancers","locations":["westus"]}]}],"dependencies":[{"dependsOn":[{"id":"/subscriptions/00000000-0000-0000-0000-000000000000/resourceGroups/cli_test_load_balancer000001/providers/Microsoft.Network/publicIPAddresses/PublicIPlb2","resourceType":"Microsoft.Network/publicIPAddresses","resourceName":"PublicIPlb2"}],"id":"/subscriptions/00000000-0000-0000-0000-000000000000/resourceGroups/cli_test_load_balancer000001/providers/Microsoft.Network/loadBalancers/lb2","resourceType":"Microsoft.Network/loadBalancers","resourceName":"lb2"}],"outputs":{"loadBalancer":{"type":"Object","value":{"provisioningState":"Succeeded","resourceGuid":"a4256d83-84e4-472c-ae68-dc03d07b0563","frontendIPConfigurations":[{"name":"LoadBalancerFrontEnd","id":"/subscriptions/00000000-0000-0000-0000-000000000000/resourceGroups/cli_test_load_balancer000001/providers/Microsoft.Network/loadBalancers/lb2/frontendIPConfigurations/LoadBalancerFrontEnd","etag":"W/\"4b4aea9c-a349-45cb-810b-d3d465139d91\"","type":"Microsoft.Network/loadBalancers/frontendIPConfigurations","properties":{"provisioningState":"Succeeded","privateIPAllocationMethod":"Dynamic","publicIPAddress":{"id":"/subscriptions/00000000-0000-0000-0000-000000000000/resourceGroups/cli_test_load_balancer000001/providers/Microsoft.Network/publicIPAddresses/PublicIPlb2"},"privateIPAddressVersion":"IPv4"}}],"backendAddressPools":[{"name":"lb2bepool","id":"/subscriptions/00000000-0000-0000-0000-000000000000/resourceGroups/cli_test_load_balancer000001/providers/Microsoft.Network/loadBalancers/lb2/backendAddressPools/lb2bepool","etag":"W/\"4b4aea9c-a349-45cb-810b-d3d465139d91\"","properties":{"provisioningState":"Succeeded"},"type":"Microsoft.Network/loadBalancers/backendAddressPools"}],"loadBalancingRules":[],"probes":[],"inboundNatRules":[],"inboundNatPools":[]}}},"outputResources":[{"id":"/subscriptions/00000000-0000-0000-0000-000000000000/resourceGroups/cli_test_load_balancer000001/providers/Microsoft.Network/loadBalancers/lb2"},{"id":"/subscriptions/00000000-0000-0000-0000-000000000000/resourceGroups/cli_test_load_balancer000001/providers/Microsoft.Network/publicIPAddresses/PublicIPlb2"}]}}'
    headers:
      cache-control:
      - no-cache
      content-length:
      - '3193'
      content-type:
      - application/json; charset=utf-8
      date:
      - Wed, 28 Aug 2019 19:22:22 GMT
      expires:
      - '-1'
      pragma:
      - no-cache
      strict-transport-security:
      - max-age=31536000; includeSubDomains
      vary:
      - Accept-Encoding
      x-content-type-options:
      - nosniff
    status:
      code: 200
      message: OK
- request:
    body: null
    headers:
      Accept:
      - application/json
      Accept-Encoding:
      - gzip, deflate
      CommandName:
      - network public-ip show
      Connection:
      - keep-alive
      ParameterSetName:
      - -g -n
      User-Agent:
      - python/3.7.4 (Windows-10-10.0.18362-SP0) msrest/0.6.9 msrest_azure/0.6.1 azure-mgmt-network/4.0.0
        Azure-SDK-For-Python AZURECLI/2.0.72
      accept-language:
      - en-US
    method: GET
    uri: https://management.azure.com/subscriptions/00000000-0000-0000-0000-000000000000/resourceGroups/cli_test_load_balancer000001/providers/Microsoft.Network/publicIPAddresses/PublicIPlb2?api-version=2019-04-01
  response:
    body:
      string: "{\r\n  \"name\": \"PublicIPlb2\",\r\n  \"id\": \"/subscriptions/00000000-0000-0000-0000-000000000000/resourceGroups/cli_test_load_balancer000001/providers/Microsoft.Network/publicIPAddresses/PublicIPlb2\",\r\n
        \ \"etag\": \"W/\\\"5328db5d-c3eb-47f4-9eb0-49b08b54a6d1\\\"\",\r\n  \"location\":
        \"westus\",\r\n  \"tags\": {\r\n    \"foo\": \"doo\"\r\n  },\r\n  \"properties\":
        {\r\n    \"provisioningState\": \"Succeeded\",\r\n    \"resourceGuid\": \"1c83c837-abc1-4ca4-b3fa-f31220183d35\",\r\n
        \   \"ipAddress\": \"40.112.130.167\",\r\n    \"publicIPAddressVersion\":
        \"IPv4\",\r\n    \"publicIPAllocationMethod\": \"Static\",\r\n    \"idleTimeoutInMinutes\":
        4,\r\n    \"ipTags\": [],\r\n    \"ipConfiguration\": {\r\n      \"id\": \"/subscriptions/00000000-0000-0000-0000-000000000000/resourceGroups/cli_test_load_balancer000001/providers/Microsoft.Network/loadBalancers/lb2/frontendIPConfigurations/LoadBalancerFrontEnd\"\r\n
        \   }\r\n  },\r\n  \"type\": \"Microsoft.Network/publicIPAddresses\",\r\n
        \ \"sku\": {\r\n    \"name\": \"Basic\",\r\n    \"tier\": \"Regional\"\r\n
        \ }\r\n}"
    headers:
      cache-control:
      - no-cache
      content-length:
      - '1052'
      content-type:
      - application/json; charset=utf-8
      date:
      - Wed, 28 Aug 2019 19:22:23 GMT
      etag:
      - W/"5328db5d-c3eb-47f4-9eb0-49b08b54a6d1"
      expires:
      - '-1'
      pragma:
      - no-cache
      server:
      - Microsoft-HTTPAPI/2.0
      - Microsoft-HTTPAPI/2.0
      strict-transport-security:
      - max-age=31536000; includeSubDomains
      transfer-encoding:
      - chunked
      vary:
      - Accept-Encoding
      x-content-type-options:
      - nosniff
      x-ms-arm-service-request-id:
      - 4095f9f6-1001-465c-9aeb-5da35d60a3ff
    status:
      code: 200
      message: OK
- request:
    body: null
    headers:
      Accept:
      - application/json
      Accept-Encoding:
      - gzip, deflate
      CommandName:
      - network vnet create
      Connection:
      - keep-alive
      ParameterSetName:
      - -n -g --subnet-name
      User-Agent:
      - python/3.7.4 (Windows-10-10.0.18362-SP0) msrest/0.6.9 msrest_azure/0.6.1 azure-mgmt-resource/3.1.0
        Azure-SDK-For-Python AZURECLI/2.0.72
      accept-language:
      - en-US
    method: GET
    uri: https://management.azure.com/subscriptions/00000000-0000-0000-0000-000000000000/resourcegroups/cli_test_load_balancer000001?api-version=2019-05-10
  response:
    body:
      string: '{"id":"/subscriptions/00000000-0000-0000-0000-000000000000/resourceGroups/cli_test_load_balancer000001","name":"cli_test_load_balancer000001","type":"Microsoft.Resources/resourceGroups","location":"westus","tags":{"product":"azurecli","cause":"automation","date":"2019-08-28T19:21:17Z"},"properties":{"provisioningState":"Succeeded"}}'
    headers:
      cache-control:
      - no-cache
      content-length:
      - '428'
      content-type:
      - application/json; charset=utf-8
      date:
      - Wed, 28 Aug 2019 19:22:23 GMT
      expires:
      - '-1'
      pragma:
      - no-cache
      strict-transport-security:
      - max-age=31536000; includeSubDomains
      vary:
      - Accept-Encoding
      x-content-type-options:
      - nosniff
    status:
      code: 200
      message: OK
- request:
    body: '{"location": "westus", "tags": {}, "properties": {"addressSpace": {"addressPrefixes":
      ["10.0.0.0/16"]}, "dhcpOptions": {}, "subnets": [{"properties": {"addressPrefix":
      "10.0.0.0/24"}, "name": "default"}]}}'
    headers:
      Accept:
      - application/json
      Accept-Encoding:
      - gzip, deflate
      CommandName:
      - network vnet create
      Connection:
      - keep-alive
      Content-Length:
      - '205'
      Content-Type:
      - application/json; charset=utf-8
      ParameterSetName:
      - -n -g --subnet-name
      User-Agent:
      - python/3.7.4 (Windows-10-10.0.18362-SP0) msrest/0.6.9 msrest_azure/0.6.1 azure-mgmt-network/4.0.0
        Azure-SDK-For-Python AZURECLI/2.0.72
      accept-language:
      - en-US
    method: PUT
    uri: https://management.azure.com/subscriptions/00000000-0000-0000-0000-000000000000/resourceGroups/cli_test_load_balancer000001/providers/Microsoft.Network/virtualNetworks/mytestvnet?api-version=2019-04-01
  response:
    body:
      string: "{\r\n  \"name\": \"mytestvnet\",\r\n  \"id\": \"/subscriptions/00000000-0000-0000-0000-000000000000/resourceGroups/cli_test_load_balancer000001/providers/Microsoft.Network/virtualNetworks/mytestvnet\",\r\n
        \ \"etag\": \"W/\\\"c5512bba-6898-451b-a111-4e5e5fbc1205\\\"\",\r\n  \"type\":
        \"Microsoft.Network/virtualNetworks\",\r\n  \"location\": \"westus\",\r\n
        \ \"tags\": {},\r\n  \"properties\": {\r\n    \"provisioningState\": \"Updating\",\r\n
        \   \"resourceGuid\": \"1527504a-3326-4bb8-a887-31ec1b5ce5bc\",\r\n    \"addressSpace\":
        {\r\n      \"addressPrefixes\": [\r\n        \"10.0.0.0/16\"\r\n      ]\r\n
        \   },\r\n    \"dhcpOptions\": {\r\n      \"dnsServers\": []\r\n    },\r\n
        \   \"subnets\": [\r\n      {\r\n        \"name\": \"default\",\r\n        \"id\":
        \"/subscriptions/00000000-0000-0000-0000-000000000000/resourceGroups/cli_test_load_balancer000001/providers/Microsoft.Network/virtualNetworks/mytestvnet/subnets/default\",\r\n
        \       \"etag\": \"W/\\\"c5512bba-6898-451b-a111-4e5e5fbc1205\\\"\",\r\n
        \       \"properties\": {\r\n          \"provisioningState\": \"Updating\",\r\n
        \         \"addressPrefix\": \"10.0.0.0/24\",\r\n          \"delegations\":
        [],\r\n          \"privateEndpointNetworkPolicies\": \"Enabled\",\r\n          \"privateLinkServiceNetworkPolicies\":
        \"Enabled\"\r\n        },\r\n        \"type\": \"Microsoft.Network/virtualNetworks/subnets\"\r\n
        \     }\r\n    ],\r\n    \"virtualNetworkPeerings\": [],\r\n    \"enableDdosProtection\":
        false,\r\n    \"enableVmProtection\": false\r\n  }\r\n}"
    headers:
      azure-asyncoperation:
      - https://management.azure.com/subscriptions/00000000-0000-0000-0000-000000000000/providers/Microsoft.Network/locations/westus/operations/307c0988-ea0b-449b-83c8-c23d8def9193?api-version=2019-04-01
      cache-control:
      - no-cache
      content-length:
      - '1452'
      content-type:
      - application/json; charset=utf-8
      date:
      - Wed, 28 Aug 2019 19:22:24 GMT
      expires:
      - '-1'
      pragma:
      - no-cache
      server:
      - Microsoft-HTTPAPI/2.0
      - Microsoft-HTTPAPI/2.0
      strict-transport-security:
      - max-age=31536000; includeSubDomains
      x-content-type-options:
      - nosniff
      x-ms-arm-service-request-id:
      - 2b4f05f6-43a1-48a2-89e3-cb2944f8e4bb
      x-ms-ratelimit-remaining-subscription-writes:
      - '1197'
    status:
      code: 201
      message: Created
- request:
    body: null
    headers:
      Accept:
      - application/json
      Accept-Encoding:
      - gzip, deflate
      CommandName:
      - network vnet create
      Connection:
      - keep-alive
      ParameterSetName:
      - -n -g --subnet-name
      User-Agent:
      - python/3.7.4 (Windows-10-10.0.18362-SP0) msrest/0.6.9 msrest_azure/0.6.1 azure-mgmt-network/4.0.0
        Azure-SDK-For-Python AZURECLI/2.0.72
    method: GET
    uri: https://management.azure.com/subscriptions/00000000-0000-0000-0000-000000000000/providers/Microsoft.Network/locations/westus/operations/307c0988-ea0b-449b-83c8-c23d8def9193?api-version=2019-04-01
  response:
    body:
      string: "{\r\n  \"status\": \"Succeeded\"\r\n}"
    headers:
      cache-control:
      - no-cache
      content-length:
      - '29'
      content-type:
      - application/json; charset=utf-8
      date:
      - Wed, 28 Aug 2019 19:22:28 GMT
      expires:
      - '-1'
      pragma:
      - no-cache
      server:
      - Microsoft-HTTPAPI/2.0
      - Microsoft-HTTPAPI/2.0
      strict-transport-security:
      - max-age=31536000; includeSubDomains
      transfer-encoding:
      - chunked
      vary:
      - Accept-Encoding
      x-content-type-options:
      - nosniff
      x-ms-arm-service-request-id:
      - 5d0c3670-15bf-4839-a30e-1603e9294832
    status:
      code: 200
      message: OK
- request:
    body: null
    headers:
      Accept:
      - application/json
      Accept-Encoding:
      - gzip, deflate
      CommandName:
      - network vnet create
      Connection:
      - keep-alive
      ParameterSetName:
      - -n -g --subnet-name
      User-Agent:
      - python/3.7.4 (Windows-10-10.0.18362-SP0) msrest/0.6.9 msrest_azure/0.6.1 azure-mgmt-network/4.0.0
        Azure-SDK-For-Python AZURECLI/2.0.72
    method: GET
    uri: https://management.azure.com/subscriptions/00000000-0000-0000-0000-000000000000/resourceGroups/cli_test_load_balancer000001/providers/Microsoft.Network/virtualNetworks/mytestvnet?api-version=2019-04-01
  response:
    body:
      string: "{\r\n  \"name\": \"mytestvnet\",\r\n  \"id\": \"/subscriptions/00000000-0000-0000-0000-000000000000/resourceGroups/cli_test_load_balancer000001/providers/Microsoft.Network/virtualNetworks/mytestvnet\",\r\n
        \ \"etag\": \"W/\\\"84072401-309d-4949-99c7-4f4405ec0b4f\\\"\",\r\n  \"type\":
        \"Microsoft.Network/virtualNetworks\",\r\n  \"location\": \"westus\",\r\n
        \ \"tags\": {},\r\n  \"properties\": {\r\n    \"provisioningState\": \"Succeeded\",\r\n
        \   \"resourceGuid\": \"1527504a-3326-4bb8-a887-31ec1b5ce5bc\",\r\n    \"addressSpace\":
        {\r\n      \"addressPrefixes\": [\r\n        \"10.0.0.0/16\"\r\n      ]\r\n
        \   },\r\n    \"dhcpOptions\": {\r\n      \"dnsServers\": []\r\n    },\r\n
        \   \"subnets\": [\r\n      {\r\n        \"name\": \"default\",\r\n        \"id\":
        \"/subscriptions/00000000-0000-0000-0000-000000000000/resourceGroups/cli_test_load_balancer000001/providers/Microsoft.Network/virtualNetworks/mytestvnet/subnets/default\",\r\n
        \       \"etag\": \"W/\\\"84072401-309d-4949-99c7-4f4405ec0b4f\\\"\",\r\n
        \       \"properties\": {\r\n          \"provisioningState\": \"Succeeded\",\r\n
        \         \"addressPrefix\": \"10.0.0.0/24\",\r\n          \"delegations\":
        [],\r\n          \"privateEndpointNetworkPolicies\": \"Enabled\",\r\n          \"privateLinkServiceNetworkPolicies\":
        \"Enabled\"\r\n        },\r\n        \"type\": \"Microsoft.Network/virtualNetworks/subnets\"\r\n
        \     }\r\n    ],\r\n    \"virtualNetworkPeerings\": [],\r\n    \"enableDdosProtection\":
        false,\r\n    \"enableVmProtection\": false\r\n  }\r\n}"
    headers:
      cache-control:
      - no-cache
      content-length:
      - '1454'
      content-type:
      - application/json; charset=utf-8
      date:
      - Wed, 28 Aug 2019 19:22:28 GMT
      etag:
      - W/"84072401-309d-4949-99c7-4f4405ec0b4f"
      expires:
      - '-1'
      pragma:
      - no-cache
      server:
      - Microsoft-HTTPAPI/2.0
      - Microsoft-HTTPAPI/2.0
      strict-transport-security:
      - max-age=31536000; includeSubDomains
      transfer-encoding:
      - chunked
      vary:
      - Accept-Encoding
      x-content-type-options:
      - nosniff
      x-ms-arm-service-request-id:
      - e56d1160-fb6a-4a8e-932b-9e9740f15d46
    status:
      code: 200
      message: OK
- request:
    body: null
    headers:
      Accept:
      - application/json
      Accept-Encoding:
      - gzip, deflate
      CommandName:
      - network lb create
      Connection:
      - keep-alive
      ParameterSetName:
      - -n -g --subnet --private-ip-address
      User-Agent:
      - python/3.7.4 (Windows-10-10.0.18362-SP0) msrest/0.6.9 msrest_azure/0.6.1 azure-mgmt-resource/3.1.0
        Azure-SDK-For-Python AZURECLI/2.0.72
      accept-language:
      - en-US
    method: GET
    uri: https://management.azure.com/subscriptions/00000000-0000-0000-0000-000000000000/resourcegroups/cli_test_load_balancer000001?api-version=2019-05-10
  response:
    body:
      string: '{"id":"/subscriptions/00000000-0000-0000-0000-000000000000/resourceGroups/cli_test_load_balancer000001","name":"cli_test_load_balancer000001","type":"Microsoft.Resources/resourceGroups","location":"westus","tags":{"product":"azurecli","cause":"automation","date":"2019-08-28T19:21:17Z"},"properties":{"provisioningState":"Succeeded"}}'
    headers:
      cache-control:
      - no-cache
      content-length:
      - '428'
      content-type:
      - application/json; charset=utf-8
      date:
      - Wed, 28 Aug 2019 19:22:28 GMT
      expires:
      - '-1'
      pragma:
      - no-cache
      strict-transport-security:
      - max-age=31536000; includeSubDomains
      vary:
      - Accept-Encoding
      x-content-type-options:
      - nosniff
    status:
      code: 200
      message: OK
- request:
    body: null
    headers:
      Accept:
      - application/json
      Accept-Encoding:
      - gzip, deflate
      CommandName:
      - network lb create
      Connection:
      - keep-alive
      ParameterSetName:
      - -n -g --subnet --private-ip-address
      User-Agent:
      - python/3.7.4 (Windows-10-10.0.18362-SP0) msrest/0.6.9 msrest_azure/0.6.1 azure-mgmt-resource/3.1.0
        Azure-SDK-For-Python AZURECLI/2.0.72
      accept-language:
      - en-US
    method: GET
    uri: https://management.azure.com/subscriptions/00000000-0000-0000-0000-000000000000/resources?$filter=resourceGroup%20eq%20%27cli_test_load_balancer000001%27%20and%20name%20eq%20%27mytestvnet%27%20and%20resourceType%20eq%20%27Microsoft.Network%2FvirtualNetworks%27&api-version=2019-05-10
  response:
    body:
      string: '{"value":[{"id":"/subscriptions/00000000-0000-0000-0000-000000000000/resourceGroups/cli_test_load_balancer000001/providers/Microsoft.Network/virtualNetworks/mytestvnet","name":"mytestvnet","type":"Microsoft.Network/virtualNetworks","location":"westus","tags":{}}]}'
    headers:
      cache-control:
      - no-cache
      content-length:
      - '311'
      content-type:
      - application/json; charset=utf-8
      date:
      - Wed, 28 Aug 2019 19:22:29 GMT
      expires:
      - '-1'
      pragma:
      - no-cache
      strict-transport-security:
      - max-age=31536000; includeSubDomains
      vary:
      - Accept-Encoding
      x-content-type-options:
      - nosniff
    status:
      code: 200
      message: OK
- request:
    body: 'b''{"properties": {"template": {"$schema": "https://schema.management.azure.com/schemas/2015-01-01/deploymentTemplate.json#",
      "contentVersion": "1.0.0.0", "parameters": {}, "variables": {}, "resources":
      [{"type": "Microsoft.Network/loadBalancers", "name": "lb3", "location": "westus",
      "tags": {}, "apiVersion": "2019-04-01", "dependsOn": [], "properties": {"backendAddressPools":
      [{"name": "lb3bepool"}], "frontendIPConfigurations": [{"name": "LoadBalancerFrontEnd",
      "properties": {"privateIPAllocationMethod": "Static", "privateIPAddress": "10.0.0.15",
      "subnet": {"id": "/subscriptions/00000000-0000-0000-0000-000000000000/resourceGroups/cli_test_load_balancer000001/providers/Microsoft.Network/virtualNetworks/mytestvnet/subnets/default"},
      "privateIPAddressVersion": "IPv4"}}]}, "sku": {"name": "Basic"}}], "outputs":
      {"loadBalancer": {"type": "object", "value": "[reference(\''lb3\'')]"}}}, "parameters":
      {}, "mode": "Incremental"}}'''
    headers:
      Accept:
      - application/json
      Accept-Encoding:
      - gzip, deflate
      CommandName:
      - network lb create
      Connection:
      - keep-alive
      Content-Length:
      - '975'
      Content-Type:
      - application/json; charset=utf-8
      ParameterSetName:
      - -n -g --subnet --private-ip-address
      User-Agent:
      - python/3.7.4 (Windows-10-10.0.18362-SP0) msrest/0.6.9 msrest_azure/0.6.1 azure-mgmt-resource/3.1.0
        Azure-SDK-For-Python AZURECLI/2.0.72
      accept-language:
      - en-US
    method: PUT
    uri: https://management.azure.com/subscriptions/00000000-0000-0000-0000-000000000000/resourcegroups/cli_test_load_balancer000001/providers/Microsoft.Resources/deployments/mock-deployment?api-version=2019-05-10
  response:
    body:
      string: '{"id":"/subscriptions/00000000-0000-0000-0000-000000000000/resourceGroups/cli_test_load_balancer000001/providers/Microsoft.Resources/deployments/lb_deploy_7pegDhdmMhTdtUSCzejve59g7HAxxeIa","name":"lb_deploy_7pegDhdmMhTdtUSCzejve59g7HAxxeIa","type":"Microsoft.Resources/deployments","properties":{"templateHash":"16989558032964217134","parameters":{},"mode":"Incremental","provisioningState":"Accepted","timestamp":"2019-08-28T19:22:30.3532404Z","duration":"PT0.2074922S","correlationId":"1f9dc7c4-2f6d-41c3-8fca-a3724f3cdab9","providers":[{"namespace":"Microsoft.Network","resourceTypes":[{"resourceType":"loadBalancers","locations":["westus"]}]}],"dependencies":[]}}'
    headers:
      azure-asyncoperation:
      - https://management.azure.com/subscriptions/00000000-0000-0000-0000-000000000000/resourcegroups/cli_test_load_balancer000001/providers/Microsoft.Resources/deployments/lb_deploy_7pegDhdmMhTdtUSCzejve59g7HAxxeIa/operationStatuses/08586345867353318611?api-version=2019-05-10
      cache-control:
      - no-cache
      content-length:
      - '714'
      content-type:
      - application/json; charset=utf-8
      date:
      - Wed, 28 Aug 2019 19:22:29 GMT
      expires:
      - '-1'
      pragma:
      - no-cache
      strict-transport-security:
      - max-age=31536000; includeSubDomains
      x-content-type-options:
      - nosniff
      x-ms-ratelimit-remaining-subscription-writes:
      - '1197'
    status:
      code: 201
      message: Created
- request:
    body: null
    headers:
      Accept:
      - application/json
      Accept-Encoding:
      - gzip, deflate
      CommandName:
      - network lb create
      Connection:
      - keep-alive
      ParameterSetName:
      - -n -g --subnet --private-ip-address
      User-Agent:
      - python/3.7.4 (Windows-10-10.0.18362-SP0) msrest/0.6.9 msrest_azure/0.6.1 azure-mgmt-resource/3.1.0
        Azure-SDK-For-Python AZURECLI/2.0.72
    method: GET
    uri: https://management.azure.com/subscriptions/00000000-0000-0000-0000-000000000000/resourcegroups/cli_test_load_balancer000001/providers/Microsoft.Resources/deployments/mock-deployment/operationStatuses/08586345867353318611?api-version=2019-05-10
  response:
    body:
      string: '{"status":"Succeeded"}'
    headers:
      cache-control:
      - no-cache
      content-length:
      - '22'
      content-type:
      - application/json; charset=utf-8
      date:
      - Wed, 28 Aug 2019 19:22:59 GMT
      expires:
      - '-1'
      pragma:
      - no-cache
      strict-transport-security:
      - max-age=31536000; includeSubDomains
      vary:
      - Accept-Encoding
      x-content-type-options:
      - nosniff
    status:
      code: 200
      message: OK
- request:
    body: null
    headers:
      Accept:
      - application/json
      Accept-Encoding:
      - gzip, deflate
      CommandName:
      - network lb create
      Connection:
      - keep-alive
      ParameterSetName:
      - -n -g --subnet --private-ip-address
      User-Agent:
      - python/3.7.4 (Windows-10-10.0.18362-SP0) msrest/0.6.9 msrest_azure/0.6.1 azure-mgmt-resource/3.1.0
        Azure-SDK-For-Python AZURECLI/2.0.72
    method: GET
    uri: https://management.azure.com/subscriptions/00000000-0000-0000-0000-000000000000/resourcegroups/cli_test_load_balancer000001/providers/Microsoft.Resources/deployments/mock-deployment?api-version=2019-05-10
  response:
    body:
      string: '{"id":"/subscriptions/00000000-0000-0000-0000-000000000000/resourceGroups/cli_test_load_balancer000001/providers/Microsoft.Resources/deployments/lb_deploy_7pegDhdmMhTdtUSCzejve59g7HAxxeIa","name":"lb_deploy_7pegDhdmMhTdtUSCzejve59g7HAxxeIa","type":"Microsoft.Resources/deployments","properties":{"templateHash":"16989558032964217134","parameters":{},"mode":"Incremental","provisioningState":"Succeeded","timestamp":"2019-08-28T19:22:44.3215901Z","duration":"PT14.1758419S","correlationId":"1f9dc7c4-2f6d-41c3-8fca-a3724f3cdab9","providers":[{"namespace":"Microsoft.Network","resourceTypes":[{"resourceType":"loadBalancers","locations":["westus"]}]}],"dependencies":[],"outputs":{"loadBalancer":{"type":"Object","value":{"provisioningState":"Succeeded","resourceGuid":"b2b41f07-6cd2-47d7-ab55-f6f827ba7aba","frontendIPConfigurations":[{"name":"LoadBalancerFrontEnd","id":"/subscriptions/00000000-0000-0000-0000-000000000000/resourceGroups/cli_test_load_balancer000001/providers/Microsoft.Network/loadBalancers/lb3/frontendIPConfigurations/LoadBalancerFrontEnd","etag":"W/\"997b5214-2713-4ecd-922f-7f2be79edac9\"","type":"Microsoft.Network/loadBalancers/frontendIPConfigurations","properties":{"provisioningState":"Succeeded","privateIPAddress":"10.0.0.15","privateIPAllocationMethod":"Static","subnet":{"id":"/subscriptions/00000000-0000-0000-0000-000000000000/resourceGroups/cli_test_load_balancer000001/providers/Microsoft.Network/virtualNetworks/mytestvnet/subnets/default"},"privateIPAddressVersion":"IPv4"}}],"backendAddressPools":[{"name":"lb3bepool","id":"/subscriptions/00000000-0000-0000-0000-000000000000/resourceGroups/cli_test_load_balancer000001/providers/Microsoft.Network/loadBalancers/lb3/backendAddressPools/lb3bepool","etag":"W/\"997b5214-2713-4ecd-922f-7f2be79edac9\"","properties":{"provisioningState":"Succeeded"},"type":"Microsoft.Network/loadBalancers/backendAddressPools"}],"loadBalancingRules":[],"probes":[],"inboundNatRules":[],"inboundNatPools":[]}}},"outputResources":[{"id":"/subscriptions/00000000-0000-0000-0000-000000000000/resourceGroups/cli_test_load_balancer000001/providers/Microsoft.Network/loadBalancers/lb3"}]}}'
    headers:
      cache-control:
      - no-cache
      content-length:
      - '2385'
      content-type:
      - application/json; charset=utf-8
      date:
      - Wed, 28 Aug 2019 19:22:59 GMT
      expires:
      - '-1'
      pragma:
      - no-cache
      strict-transport-security:
      - max-age=31536000; includeSubDomains
      vary:
      - Accept-Encoding
      x-content-type-options:
      - nosniff
    status:
      code: 200
      message: OK
- request:
    body: null
    headers:
      Accept:
      - application/json
      Accept-Encoding:
      - gzip, deflate
      CommandName:
      - network public-ip create
      Connection:
      - keep-alive
      ParameterSetName:
      - -n -g
      User-Agent:
      - python/3.7.4 (Windows-10-10.0.18362-SP0) msrest/0.6.9 msrest_azure/0.6.1 azure-mgmt-resource/3.1.0
        Azure-SDK-For-Python AZURECLI/2.0.72
      accept-language:
      - en-US
    method: GET
    uri: https://management.azure.com/subscriptions/00000000-0000-0000-0000-000000000000/resourcegroups/cli_test_load_balancer000001?api-version=2019-05-10
  response:
    body:
      string: '{"id":"/subscriptions/00000000-0000-0000-0000-000000000000/resourceGroups/cli_test_load_balancer000001","name":"cli_test_load_balancer000001","type":"Microsoft.Resources/resourceGroups","location":"westus","tags":{"product":"azurecli","cause":"automation","date":"2019-08-28T19:21:17Z"},"properties":{"provisioningState":"Succeeded"}}'
    headers:
      cache-control:
      - no-cache
      content-length:
      - '428'
      content-type:
      - application/json; charset=utf-8
      date:
      - Wed, 28 Aug 2019 19:23:01 GMT
      expires:
      - '-1'
      pragma:
      - no-cache
      strict-transport-security:
      - max-age=31536000; includeSubDomains
      vary:
      - Accept-Encoding
      x-content-type-options:
      - nosniff
    status:
      code: 200
      message: OK
- request:
    body: '{"location": "westus", "properties": {"publicIPAllocationMethod": "Dynamic",
      "publicIPAddressVersion": "IPv4", "idleTimeoutInMinutes": 4}}'
    headers:
      Accept:
      - application/json
      Accept-Encoding:
      - gzip, deflate
      CommandName:
      - network public-ip create
      Connection:
      - keep-alive
      Content-Length:
      - '138'
      Content-Type:
      - application/json; charset=utf-8
      ParameterSetName:
      - -n -g
      User-Agent:
      - python/3.7.4 (Windows-10-10.0.18362-SP0) msrest/0.6.9 msrest_azure/0.6.1 azure-mgmt-network/4.0.0
        Azure-SDK-For-Python AZURECLI/2.0.72
      accept-language:
      - en-US
    method: PUT
    uri: https://management.azure.com/subscriptions/00000000-0000-0000-0000-000000000000/resourceGroups/cli_test_load_balancer000001/providers/Microsoft.Network/publicIPAddresses/publicip4?api-version=2019-04-01
  response:
    body:
      string: "{\r\n  \"name\": \"publicip4\",\r\n  \"id\": \"/subscriptions/00000000-0000-0000-0000-000000000000/resourceGroups/cli_test_load_balancer000001/providers/Microsoft.Network/publicIPAddresses/publicip4\",\r\n
        \ \"etag\": \"W/\\\"e1020583-51be-4cf8-a8ab-9b0b82d00428\\\"\",\r\n  \"location\":
        \"westus\",\r\n  \"properties\": {\r\n    \"provisioningState\": \"Updating\",\r\n
        \   \"resourceGuid\": \"f77e0aba-162b-47e0-aea3-eafcc82a24d5\",\r\n    \"publicIPAddressVersion\":
        \"IPv4\",\r\n    \"publicIPAllocationMethod\": \"Dynamic\",\r\n    \"idleTimeoutInMinutes\":
        4,\r\n    \"ipTags\": []\r\n  },\r\n  \"type\": \"Microsoft.Network/publicIPAddresses\",\r\n
        \ \"sku\": {\r\n    \"name\": \"Basic\",\r\n    \"tier\": \"Regional\"\r\n
        \ }\r\n}"
    headers:
      azure-asyncoperation:
      - https://management.azure.com/subscriptions/00000000-0000-0000-0000-000000000000/providers/Microsoft.Network/locations/westus/operations/7f2a7fce-1937-4a24-91d7-2ddd9cb39498?api-version=2019-04-01
      cache-control:
      - no-cache
      content-length:
      - '691'
      content-type:
      - application/json; charset=utf-8
      date:
      - Wed, 28 Aug 2019 19:23:02 GMT
      expires:
      - '-1'
      pragma:
      - no-cache
      server:
      - Microsoft-HTTPAPI/2.0
      - Microsoft-HTTPAPI/2.0
      strict-transport-security:
      - max-age=31536000; includeSubDomains
      x-content-type-options:
      - nosniff
      x-ms-arm-service-request-id:
      - f6b56957-cd9b-4c90-bec5-60352e981ad9
      x-ms-ratelimit-remaining-subscription-writes:
      - '1199'
    status:
      code: 201
      message: Created
- request:
    body: null
    headers:
      Accept:
      - application/json
      Accept-Encoding:
      - gzip, deflate
      CommandName:
      - network public-ip create
      Connection:
      - keep-alive
      ParameterSetName:
      - -n -g
      User-Agent:
      - python/3.7.4 (Windows-10-10.0.18362-SP0) msrest/0.6.9 msrest_azure/0.6.1 azure-mgmt-network/4.0.0
        Azure-SDK-For-Python AZURECLI/2.0.72
    method: GET
    uri: https://management.azure.com/subscriptions/00000000-0000-0000-0000-000000000000/providers/Microsoft.Network/locations/westus/operations/7f2a7fce-1937-4a24-91d7-2ddd9cb39498?api-version=2019-04-01
  response:
    body:
      string: "{\r\n  \"status\": \"Succeeded\"\r\n}"
    headers:
      cache-control:
      - no-cache
      content-length:
      - '29'
      content-type:
      - application/json; charset=utf-8
      date:
      - Wed, 28 Aug 2019 19:23:03 GMT
      expires:
      - '-1'
      pragma:
      - no-cache
      server:
      - Microsoft-HTTPAPI/2.0
      - Microsoft-HTTPAPI/2.0
      strict-transport-security:
      - max-age=31536000; includeSubDomains
      transfer-encoding:
      - chunked
      vary:
      - Accept-Encoding
      x-content-type-options:
      - nosniff
      x-ms-arm-service-request-id:
      - 908717e2-8d51-42b3-bf88-85df06acd4dd
    status:
      code: 200
      message: OK
- request:
    body: null
    headers:
      Accept:
      - application/json
      Accept-Encoding:
      - gzip, deflate
      CommandName:
      - network public-ip create
      Connection:
      - keep-alive
      ParameterSetName:
      - -n -g
      User-Agent:
      - python/3.7.4 (Windows-10-10.0.18362-SP0) msrest/0.6.9 msrest_azure/0.6.1 azure-mgmt-network/4.0.0
        Azure-SDK-For-Python AZURECLI/2.0.72
    method: GET
    uri: https://management.azure.com/subscriptions/00000000-0000-0000-0000-000000000000/resourceGroups/cli_test_load_balancer000001/providers/Microsoft.Network/publicIPAddresses/publicip4?api-version=2019-04-01
  response:
    body:
      string: "{\r\n  \"name\": \"publicip4\",\r\n  \"id\": \"/subscriptions/00000000-0000-0000-0000-000000000000/resourceGroups/cli_test_load_balancer000001/providers/Microsoft.Network/publicIPAddresses/publicip4\",\r\n
        \ \"etag\": \"W/\\\"c0dca425-c75e-4594-bc5c-9775269471f5\\\"\",\r\n  \"location\":
        \"westus\",\r\n  \"properties\": {\r\n    \"provisioningState\": \"Succeeded\",\r\n
        \   \"resourceGuid\": \"f77e0aba-162b-47e0-aea3-eafcc82a24d5\",\r\n    \"publicIPAddressVersion\":
        \"IPv4\",\r\n    \"publicIPAllocationMethod\": \"Dynamic\",\r\n    \"idleTimeoutInMinutes\":
        4,\r\n    \"ipTags\": []\r\n  },\r\n  \"type\": \"Microsoft.Network/publicIPAddresses\",\r\n
        \ \"sku\": {\r\n    \"name\": \"Basic\",\r\n    \"tier\": \"Regional\"\r\n
        \ }\r\n}"
    headers:
      cache-control:
      - no-cache
      content-length:
      - '692'
      content-type:
      - application/json; charset=utf-8
      date:
      - Wed, 28 Aug 2019 19:23:03 GMT
      etag:
      - W/"c0dca425-c75e-4594-bc5c-9775269471f5"
      expires:
      - '-1'
      pragma:
      - no-cache
      server:
      - Microsoft-HTTPAPI/2.0
      - Microsoft-HTTPAPI/2.0
      strict-transport-security:
      - max-age=31536000; includeSubDomains
      transfer-encoding:
      - chunked
      vary:
      - Accept-Encoding
      x-content-type-options:
      - nosniff
      x-ms-arm-service-request-id:
      - ac82f399-13a3-4430-8dce-f78103bfe2d9
    status:
      code: 200
      message: OK
- request:
    body: null
    headers:
      Accept:
      - application/json
      Accept-Encoding:
      - gzip, deflate
      CommandName:
      - network lb create
      Connection:
      - keep-alive
      ParameterSetName:
      - -n -g --public-ip-address
      User-Agent:
      - python/3.7.4 (Windows-10-10.0.18362-SP0) msrest/0.6.9 msrest_azure/0.6.1 azure-mgmt-resource/3.1.0
        Azure-SDK-For-Python AZURECLI/2.0.72
      accept-language:
      - en-US
    method: GET
    uri: https://management.azure.com/subscriptions/00000000-0000-0000-0000-000000000000/resourcegroups/cli_test_load_balancer000001?api-version=2019-05-10
  response:
    body:
      string: '{"id":"/subscriptions/00000000-0000-0000-0000-000000000000/resourceGroups/cli_test_load_balancer000001","name":"cli_test_load_balancer000001","type":"Microsoft.Resources/resourceGroups","location":"westus","tags":{"product":"azurecli","cause":"automation","date":"2019-08-28T19:21:17Z"},"properties":{"provisioningState":"Succeeded"}}'
    headers:
      cache-control:
      - no-cache
      content-length:
      - '428'
      content-type:
      - application/json; charset=utf-8
      date:
      - Wed, 28 Aug 2019 19:23:04 GMT
      expires:
      - '-1'
      pragma:
      - no-cache
      strict-transport-security:
      - max-age=31536000; includeSubDomains
      vary:
      - Accept-Encoding
      x-content-type-options:
      - nosniff
    status:
      code: 200
      message: OK
- request:
    body: null
    headers:
      Accept:
      - application/json
      Accept-Encoding:
      - gzip, deflate
      CommandName:
      - network lb create
      Connection:
      - keep-alive
      ParameterSetName:
      - -n -g --public-ip-address
      User-Agent:
      - python/3.7.4 (Windows-10-10.0.18362-SP0) msrest/0.6.9 msrest_azure/0.6.1 azure-mgmt-resource/3.1.0
        Azure-SDK-For-Python AZURECLI/2.0.72
      accept-language:
      - en-US
    method: GET
    uri: https://management.azure.com/subscriptions/00000000-0000-0000-0000-000000000000/resources?$filter=resourceGroup%20eq%20%27cli_test_load_balancer000001%27%20and%20name%20eq%20%27publicip4%27%20and%20resourceType%20eq%20%27Microsoft.Network%2FpublicIPAddresses%27&api-version=2019-05-10
  response:
    body:
      string: '{"value":[{"id":"/subscriptions/00000000-0000-0000-0000-000000000000/resourceGroups/cli_test_load_balancer000001/providers/Microsoft.Network/publicIPAddresses/publicip4","name":"publicip4","type":"Microsoft.Network/publicIPAddresses","sku":{"name":"Basic","tier":"Regional"},"location":"westus"}]}'
    headers:
      cache-control:
      - no-cache
      content-length:
      - '344'
      content-type:
      - application/json; charset=utf-8
      date:
      - Wed, 28 Aug 2019 19:23:04 GMT
      expires:
      - '-1'
      pragma:
      - no-cache
      strict-transport-security:
      - max-age=31536000; includeSubDomains
      vary:
      - Accept-Encoding
      x-content-type-options:
      - nosniff
    status:
      code: 200
      message: OK
- request:
    body: 'b''{"properties": {"template": {"$schema": "https://schema.management.azure.com/schemas/2015-01-01/deploymentTemplate.json#",
      "contentVersion": "1.0.0.0", "parameters": {}, "variables": {}, "resources":
      [{"type": "Microsoft.Network/loadBalancers", "name": "lb4", "location": "westus",
      "tags": {}, "apiVersion": "2019-04-01", "dependsOn": [], "properties": {"backendAddressPools":
      [{"name": "lb4bepool"}], "frontendIPConfigurations": [{"name": "LoadBalancerFrontEnd",
      "properties": {"publicIPAddress": {"id": "/subscriptions/00000000-0000-0000-0000-000000000000/resourceGroups/cli_test_load_balancer000001/providers/Microsoft.Network/publicIPAddresses/publicip4"},
      "privateIPAddressVersion": "IPv4"}}]}, "sku": {"name": "Basic"}}], "outputs":
      {"loadBalancer": {"type": "object", "value": "[reference(\''lb4\'')]"}}}, "parameters":
      {}, "mode": "Incremental"}}'''
    headers:
      Accept:
      - application/json
      Accept-Encoding:
      - gzip, deflate
      CommandName:
      - network lb create
      Connection:
      - keep-alive
      Content-Length:
      - '897'
      Content-Type:
      - application/json; charset=utf-8
      ParameterSetName:
      - -n -g --public-ip-address
      User-Agent:
      - python/3.7.4 (Windows-10-10.0.18362-SP0) msrest/0.6.9 msrest_azure/0.6.1 azure-mgmt-resource/3.1.0
        Azure-SDK-For-Python AZURECLI/2.0.72
      accept-language:
      - en-US
    method: PUT
    uri: https://management.azure.com/subscriptions/00000000-0000-0000-0000-000000000000/resourcegroups/cli_test_load_balancer000001/providers/Microsoft.Resources/deployments/mock-deployment?api-version=2019-05-10
  response:
    body:
      string: '{"id":"/subscriptions/00000000-0000-0000-0000-000000000000/resourceGroups/cli_test_load_balancer000001/providers/Microsoft.Resources/deployments/lb_deploy_0QHbLE7mhJiHHIesuZksL5Uy3F0RgYYq","name":"lb_deploy_0QHbLE7mhJiHHIesuZksL5Uy3F0RgYYq","type":"Microsoft.Resources/deployments","properties":{"templateHash":"10539708844611438864","parameters":{},"mode":"Incremental","provisioningState":"Accepted","timestamp":"2019-08-28T19:23:05.8754251Z","duration":"PT0.1603047S","correlationId":"f1ae9458-0325-4772-978b-0a9d03ec44f5","providers":[{"namespace":"Microsoft.Network","resourceTypes":[{"resourceType":"loadBalancers","locations":["westus"]}]}],"dependencies":[]}}'
    headers:
      azure-asyncoperation:
      - https://management.azure.com/subscriptions/00000000-0000-0000-0000-000000000000/resourcegroups/cli_test_load_balancer000001/providers/Microsoft.Resources/deployments/lb_deploy_0QHbLE7mhJiHHIesuZksL5Uy3F0RgYYq/operationStatuses/08586345866997624867?api-version=2019-05-10
      cache-control:
      - no-cache
      content-length:
      - '714'
      content-type:
      - application/json; charset=utf-8
      date:
      - Wed, 28 Aug 2019 19:23:05 GMT
      expires:
      - '-1'
      pragma:
      - no-cache
      strict-transport-security:
      - max-age=31536000; includeSubDomains
      x-content-type-options:
      - nosniff
      x-ms-ratelimit-remaining-subscription-writes:
      - '1198'
    status:
      code: 201
      message: Created
- request:
    body: null
    headers:
      Accept:
      - application/json
      Accept-Encoding:
      - gzip, deflate
      CommandName:
      - network lb create
      Connection:
      - keep-alive
      ParameterSetName:
      - -n -g --public-ip-address
      User-Agent:
      - python/3.7.4 (Windows-10-10.0.18362-SP0) msrest/0.6.9 msrest_azure/0.6.1 azure-mgmt-resource/3.1.0
        Azure-SDK-For-Python AZURECLI/2.0.72
    method: GET
    uri: https://management.azure.com/subscriptions/00000000-0000-0000-0000-000000000000/resourcegroups/cli_test_load_balancer000001/providers/Microsoft.Resources/deployments/mock-deployment/operationStatuses/08586345866997624867?api-version=2019-05-10
  response:
    body:
      string: '{"status":"Succeeded"}'
    headers:
      cache-control:
      - no-cache
      content-length:
      - '22'
      content-type:
      - application/json; charset=utf-8
      date:
      - Wed, 28 Aug 2019 19:23:36 GMT
      expires:
      - '-1'
      pragma:
      - no-cache
      strict-transport-security:
      - max-age=31536000; includeSubDomains
      vary:
      - Accept-Encoding
      x-content-type-options:
      - nosniff
    status:
      code: 200
      message: OK
- request:
    body: null
    headers:
      Accept:
      - application/json
      Accept-Encoding:
      - gzip, deflate
      CommandName:
      - network lb create
      Connection:
      - keep-alive
      ParameterSetName:
      - -n -g --public-ip-address
      User-Agent:
      - python/3.7.4 (Windows-10-10.0.18362-SP0) msrest/0.6.9 msrest_azure/0.6.1 azure-mgmt-resource/3.1.0
        Azure-SDK-For-Python AZURECLI/2.0.72
    method: GET
    uri: https://management.azure.com/subscriptions/00000000-0000-0000-0000-000000000000/resourcegroups/cli_test_load_balancer000001/providers/Microsoft.Resources/deployments/mock-deployment?api-version=2019-05-10
  response:
    body:
      string: '{"id":"/subscriptions/00000000-0000-0000-0000-000000000000/resourceGroups/cli_test_load_balancer000001/providers/Microsoft.Resources/deployments/lb_deploy_0QHbLE7mhJiHHIesuZksL5Uy3F0RgYYq","name":"lb_deploy_0QHbLE7mhJiHHIesuZksL5Uy3F0RgYYq","type":"Microsoft.Resources/deployments","properties":{"templateHash":"10539708844611438864","parameters":{},"mode":"Incremental","provisioningState":"Succeeded","timestamp":"2019-08-28T19:23:07.0331226Z","duration":"PT1.3180022S","correlationId":"f1ae9458-0325-4772-978b-0a9d03ec44f5","providers":[{"namespace":"Microsoft.Network","resourceTypes":[{"resourceType":"loadBalancers","locations":["westus"]}]}],"dependencies":[],"outputs":{"loadBalancer":{"type":"Object","value":{"provisioningState":"Succeeded","resourceGuid":"e269fbc3-2d0e-4f78-ab92-5f26078cac8a","frontendIPConfigurations":[{"name":"LoadBalancerFrontEnd","id":"/subscriptions/00000000-0000-0000-0000-000000000000/resourceGroups/cli_test_load_balancer000001/providers/Microsoft.Network/loadBalancers/lb4/frontendIPConfigurations/LoadBalancerFrontEnd","etag":"W/\"24086ef2-0314-4577-a7be-a6d0c9e522d2\"","type":"Microsoft.Network/loadBalancers/frontendIPConfigurations","properties":{"provisioningState":"Succeeded","privateIPAllocationMethod":"Dynamic","publicIPAddress":{"id":"/subscriptions/00000000-0000-0000-0000-000000000000/resourceGroups/cli_test_load_balancer000001/providers/Microsoft.Network/publicIPAddresses/publicip4"},"privateIPAddressVersion":"IPv4"}}],"backendAddressPools":[{"name":"lb4bepool","id":"/subscriptions/00000000-0000-0000-0000-000000000000/resourceGroups/cli_test_load_balancer000001/providers/Microsoft.Network/loadBalancers/lb4/backendAddressPools/lb4bepool","etag":"W/\"24086ef2-0314-4577-a7be-a6d0c9e522d2\"","properties":{"provisioningState":"Succeeded"},"type":"Microsoft.Network/loadBalancers/backendAddressPools"}],"loadBalancingRules":[],"probes":[],"inboundNatRules":[],"inboundNatPools":[]}}},"outputResources":[{"id":"/subscriptions/00000000-0000-0000-0000-000000000000/resourceGroups/cli_test_load_balancer000001/providers/Microsoft.Network/loadBalancers/lb4"}]}}'
    headers:
      cache-control:
      - no-cache
      content-length:
      - '2348'
      content-type:
      - application/json; charset=utf-8
      date:
      - Wed, 28 Aug 2019 19:23:36 GMT
      expires:
      - '-1'
      pragma:
      - no-cache
      strict-transport-security:
      - max-age=31536000; includeSubDomains
      vary:
      - Accept-Encoding
      x-content-type-options:
      - nosniff
    status:
      code: 200
      message: OK
- request:
    body: null
    headers:
      Accept:
      - application/json
      Accept-Encoding:
      - gzip, deflate
      CommandName:
      - network lb list
      Connection:
      - keep-alive
      User-Agent:
      - python/3.7.4 (Windows-10-10.0.18362-SP0) msrest/0.6.9 msrest_azure/0.6.1 azure-mgmt-network/4.0.0
        Azure-SDK-For-Python AZURECLI/2.0.72
      accept-language:
      - en-US
    method: GET
    uri: https://management.azure.com/subscriptions/00000000-0000-0000-0000-000000000000/providers/Microsoft.Network/loadBalancers?api-version=2019-04-01
  response:
    body:
      string: '{"value":[{"name":"lb1","id":"/subscriptions/00000000-0000-0000-0000-000000000000/resourceGroups/cli_test_lb_address_pooln4ujqo4ka3mts7lndh72c2v52e5zamosaeqbrxlex7yazr5k6za/providers/Microsoft.Network/loadBalancers/lb1","etag":"W/\"33cbc8d8-4ce7-4a07-90d7-11f1764b1f02\"","type":"Microsoft.Network/loadBalancers","location":"westus","tags":{},"properties":{"provisioningState":"Succeeded","resourceGuid":"0b7f5b3f-0d8a-494b-b122-6370a431f865","frontendIPConfigurations":[{"name":"LoadBalancerFrontEnd","id":"/subscriptions/00000000-0000-0000-0000-000000000000/resourceGroups/cli_test_lb_address_pooln4ujqo4ka3mts7lndh72c2v52e5zamosaeqbrxlex7yazr5k6za/providers/Microsoft.Network/loadBalancers/lb1/frontendIPConfigurations/LoadBalancerFrontEnd","etag":"W/\"33cbc8d8-4ce7-4a07-90d7-11f1764b1f02\"","type":"Microsoft.Network/loadBalancers/frontendIPConfigurations","properties":{"provisioningState":"Succeeded","privateIPAllocationMethod":"Dynamic","publicIPAddress":{"id":"/subscriptions/00000000-0000-0000-0000-000000000000/resourceGroups/cli_test_lb_address_pooln4ujqo4ka3mts7lndh72c2v52e5zamosaeqbrxlex7yazr5k6za/providers/Microsoft.Network/publicIPAddresses/PublicIPlb1"},"privateIPAddressVersion":"IPv4"}}],"backendAddressPools":[{"name":"lb1bepool","id":"/subscriptions/00000000-0000-0000-0000-000000000000/resourceGroups/cli_test_lb_address_pooln4ujqo4ka3mts7lndh72c2v52e5zamosaeqbrxlex7yazr5k6za/providers/Microsoft.Network/loadBalancers/lb1/backendAddressPools/lb1bepool","etag":"W/\"33cbc8d8-4ce7-4a07-90d7-11f1764b1f02\"","properties":{"provisioningState":"Succeeded"},"type":"Microsoft.Network/loadBalancers/backendAddressPools"},{"name":"bap2","id":"/subscriptions/00000000-0000-0000-0000-000000000000/resourceGroups/cli_test_lb_address_pooln4ujqo4ka3mts7lndh72c2v52e5zamosaeqbrxlex7yazr5k6za/providers/Microsoft.Network/loadBalancers/lb1/backendAddressPools/bap2","etag":"W/\"33cbc8d8-4ce7-4a07-90d7-11f1764b1f02\"","properties":{"provisioningState":"Succeeded"},"type":"Microsoft.Network/loadBalancers/backendAddressPools"},{"name":"bap3","id":"/subscriptions/00000000-0000-0000-0000-000000000000/resourceGroups/cli_test_lb_address_pooln4ujqo4ka3mts7lndh72c2v52e5zamosaeqbrxlex7yazr5k6za/providers/Microsoft.Network/loadBalancers/lb1/backendAddressPools/bap3","etag":"W/\"33cbc8d8-4ce7-4a07-90d7-11f1764b1f02\"","properties":{"provisioningState":"Succeeded"},"type":"Microsoft.Network/loadBalancers/backendAddressPools"}],"loadBalancingRules":[],"probes":[],"inboundNatRules":[],"inboundNatPools":[]},"sku":{"name":"Basic","tier":"Regional"}},{"name":"lb1","id":"/subscriptions/00000000-0000-0000-0000-000000000000/resourceGroups/cli_test_lb_nat_pools2zokjip7ycx4k7dgb5jjxyowbjgabm5sdrvljfa3e6d4serchrvp57/providers/Microsoft.Network/loadBalancers/lb1","etag":"W/\"ff1f655a-661c-4b8e-9db6-0edb2fb8e86c\"","type":"Microsoft.Network/loadBalancers","location":"westus","tags":{},"properties":{"provisioningState":"Succeeded","resourceGuid":"f6851fa5-4cc3-4540-b807-c7c4b2d382b8","frontendIPConfigurations":[{"name":"LoadBalancerFrontEnd","id":"/subscriptions/00000000-0000-0000-0000-000000000000/resourceGroups/cli_test_lb_nat_pools2zokjip7ycx4k7dgb5jjxyowbjgabm5sdrvljfa3e6d4serchrvp57/providers/Microsoft.Network/loadBalancers/lb1/frontendIPConfigurations/LoadBalancerFrontEnd","etag":"W/\"ff1f655a-661c-4b8e-9db6-0edb2fb8e86c\"","type":"Microsoft.Network/loadBalancers/frontendIPConfigurations","properties":{"provisioningState":"Succeeded","privateIPAllocationMethod":"Dynamic","publicIPAddress":{"id":"/subscriptions/00000000-0000-0000-0000-000000000000/resourceGroups/cli_test_lb_nat_pools2zokjip7ycx4k7dgb5jjxyowbjgabm5sdrvljfa3e6d4serchrvp57/providers/Microsoft.Network/publicIPAddresses/PublicIPlb1"},"inboundNatPools":[{"id":"/subscriptions/00000000-0000-0000-0000-000000000000/resourceGroups/cli_test_lb_nat_pools2zokjip7ycx4k7dgb5jjxyowbjgabm5sdrvljfa3e6d4serchrvp57/providers/Microsoft.Network/loadBalancers/lb1/inboundNatPools/rule1000"},{"id":"/subscriptions/00000000-0000-0000-0000-000000000000/resourceGroups/cli_test_lb_nat_pools2zokjip7ycx4k7dgb5jjxyowbjgabm5sdrvljfa3e6d4serchrvp57/providers/Microsoft.Network/loadBalancers/lb1/inboundNatPools/rule2000"},{"id":"/subscriptions/00000000-0000-0000-0000-000000000000/resourceGroups/cli_test_lb_nat_pools2zokjip7ycx4k7dgb5jjxyowbjgabm5sdrvljfa3e6d4serchrvp57/providers/Microsoft.Network/loadBalancers/lb1/inboundNatPools/rule3000"}],"privateIPAddressVersion":"IPv4"}}],"backendAddressPools":[{"name":"lb1bepool","id":"/subscriptions/00000000-0000-0000-0000-000000000000/resourceGroups/cli_test_lb_nat_pools2zokjip7ycx4k7dgb5jjxyowbjgabm5sdrvljfa3e6d4serchrvp57/providers/Microsoft.Network/loadBalancers/lb1/backendAddressPools/lb1bepool","etag":"W/\"ff1f655a-661c-4b8e-9db6-0edb2fb8e86c\"","properties":{"provisioningState":"Succeeded"},"type":"Microsoft.Network/loadBalancers/backendAddressPools"}],"loadBalancingRules":[],"probes":[],"inboundNatRules":[],"inboundNatPools":[{"name":"rule1000","id":"/subscriptions/00000000-0000-0000-0000-000000000000/resourceGroups/cli_test_lb_nat_pools2zokjip7ycx4k7dgb5jjxyowbjgabm5sdrvljfa3e6d4serchrvp57/providers/Microsoft.Network/loadBalancers/lb1/inboundNatPools/rule1000","etag":"W/\"ff1f655a-661c-4b8e-9db6-0edb2fb8e86c\"","properties":{"provisioningState":"Succeeded","frontendPortRangeStart":1000,"frontendPortRangeEnd":1999,"backendPort":1000,"protocol":"Tcp","idleTimeoutInMinutes":4,"enableFloatingIP":false,"enableDestinationServiceEndpoint":false,"enableTcpReset":false,"allowBackendPortConflict":false,"frontendIPConfiguration":{"id":"/subscriptions/00000000-0000-0000-0000-000000000000/resourceGroups/cli_test_lb_nat_pools2zokjip7ycx4k7dgb5jjxyowbjgabm5sdrvljfa3e6d4serchrvp57/providers/Microsoft.Network/loadBalancers/lb1/frontendIPConfigurations/LoadBalancerFrontEnd"}},"type":"Microsoft.Network/loadBalancers/inboundNatPools"},{"name":"rule2000","id":"/subscriptions/00000000-0000-0000-0000-000000000000/resourceGroups/cli_test_lb_nat_pools2zokjip7ycx4k7dgb5jjxyowbjgabm5sdrvljfa3e6d4serchrvp57/providers/Microsoft.Network/loadBalancers/lb1/inboundNatPools/rule2000","etag":"W/\"ff1f655a-661c-4b8e-9db6-0edb2fb8e86c\"","properties":{"provisioningState":"Succeeded","frontendPortRangeStart":2000,"frontendPortRangeEnd":2999,"backendPort":2000,"protocol":"Tcp","idleTimeoutInMinutes":4,"enableFloatingIP":false,"enableDestinationServiceEndpoint":false,"enableTcpReset":false,"allowBackendPortConflict":false,"frontendIPConfiguration":{"id":"/subscriptions/00000000-0000-0000-0000-000000000000/resourceGroups/cli_test_lb_nat_pools2zokjip7ycx4k7dgb5jjxyowbjgabm5sdrvljfa3e6d4serchrvp57/providers/Microsoft.Network/loadBalancers/lb1/frontendIPConfigurations/LoadBalancerFrontEnd"}},"type":"Microsoft.Network/loadBalancers/inboundNatPools"},{"name":"rule3000","id":"/subscriptions/00000000-0000-0000-0000-000000000000/resourceGroups/cli_test_lb_nat_pools2zokjip7ycx4k7dgb5jjxyowbjgabm5sdrvljfa3e6d4serchrvp57/providers/Microsoft.Network/loadBalancers/lb1/inboundNatPools/rule3000","etag":"W/\"ff1f655a-661c-4b8e-9db6-0edb2fb8e86c\"","properties":{"provisioningState":"Succeeded","frontendPortRangeStart":3000,"frontendPortRangeEnd":3999,"backendPort":3000,"protocol":"Tcp","idleTimeoutInMinutes":4,"enableFloatingIP":false,"enableDestinationServiceEndpoint":false,"enableTcpReset":false,"allowBackendPortConflict":false,"frontendIPConfiguration":{"id":"/subscriptions/00000000-0000-0000-0000-000000000000/resourceGroups/cli_test_lb_nat_pools2zokjip7ycx4k7dgb5jjxyowbjgabm5sdrvljfa3e6d4serchrvp57/providers/Microsoft.Network/loadBalancers/lb1/frontendIPConfigurations/LoadBalancerFrontEnd"}},"type":"Microsoft.Network/loadBalancers/inboundNatPools"}]},"sku":{"name":"Basic","tier":"Regional"}},{"name":"lb1","id":"/subscriptions/00000000-0000-0000-0000-000000000000/resourceGroups/cli_test_lb_rulestyhv752k64ojcouysuhq5bser5cwnqgytdcjeuyrod5suqlqts2lgjkwys/providers/Microsoft.Network/loadBalancers/lb1","etag":"W/\"bd42b4f9-29ec-4607-863d-02da757a6cb6\"","type":"Microsoft.Network/loadBalancers","location":"westus","tags":{},"properties":{"provisioningState":"Succeeded","resourceGuid":"246d689c-a2fc-48c7-b7de-73cb589f21e1","frontendIPConfigurations":[{"name":"LoadBalancerFrontEnd","id":"/subscriptions/00000000-0000-0000-0000-000000000000/resourceGroups/cli_test_lb_rulestyhv752k64ojcouysuhq5bser5cwnqgytdcjeuyrod5suqlqts2lgjkwys/providers/Microsoft.Network/loadBalancers/lb1/frontendIPConfigurations/LoadBalancerFrontEnd","etag":"W/\"bd42b4f9-29ec-4607-863d-02da757a6cb6\"","type":"Microsoft.Network/loadBalancers/frontendIPConfigurations","properties":{"provisioningState":"Succeeded","privateIPAllocationMethod":"Dynamic","publicIPAddress":{"id":"/subscriptions/00000000-0000-0000-0000-000000000000/resourceGroups/cli_test_lb_rulestyhv752k64ojcouysuhq5bser5cwnqgytdcjeuyrod5suqlqts2lgjkwys/providers/Microsoft.Network/publicIPAddresses/PublicIPlb1"},"loadBalancingRules":[{"id":"/subscriptions/00000000-0000-0000-0000-000000000000/resourceGroups/cli_test_lb_rulestyhv752k64ojcouysuhq5bser5cwnqgytdcjeuyrod5suqlqts2lgjkwys/providers/Microsoft.Network/loadBalancers/lb1/loadBalancingRules/rule2"}],"privateIPAddressVersion":"IPv4"}}],"backendAddressPools":[{"name":"lb1bepool","id":"/subscriptions/00000000-0000-0000-0000-000000000000/resourceGroups/cli_test_lb_rulestyhv752k64ojcouysuhq5bser5cwnqgytdcjeuyrod5suqlqts2lgjkwys/providers/Microsoft.Network/loadBalancers/lb1/backendAddressPools/lb1bepool","etag":"W/\"bd42b4f9-29ec-4607-863d-02da757a6cb6\"","properties":{"provisioningState":"Succeeded","loadBalancingRules":[{"id":"/subscriptions/00000000-0000-0000-0000-000000000000/resourceGroups/cli_test_lb_rulestyhv752k64ojcouysuhq5bser5cwnqgytdcjeuyrod5suqlqts2lgjkwys/providers/Microsoft.Network/loadBalancers/lb1/loadBalancingRules/rule2"}]},"type":"Microsoft.Network/loadBalancers/backendAddressPools"},{"name":"bap1","id":"/subscriptions/00000000-0000-0000-0000-000000000000/resourceGroups/cli_test_lb_rulestyhv752k64ojcouysuhq5bser5cwnqgytdcjeuyrod5suqlqts2lgjkwys/providers/Microsoft.Network/loadBalancers/lb1/backendAddressPools/bap1","etag":"W/\"bd42b4f9-29ec-4607-863d-02da757a6cb6\"","properties":{"provisioningState":"Succeeded"},"type":"Microsoft.Network/loadBalancers/backendAddressPools"},{"name":"bap2","id":"/subscriptions/00000000-0000-0000-0000-000000000000/resourceGroups/cli_test_lb_rulestyhv752k64ojcouysuhq5bser5cwnqgytdcjeuyrod5suqlqts2lgjkwys/providers/Microsoft.Network/loadBalancers/lb1/backendAddressPools/bap2","etag":"W/\"bd42b4f9-29ec-4607-863d-02da757a6cb6\"","properties":{"provisioningState":"Succeeded"},"type":"Microsoft.Network/loadBalancers/backendAddressPools"}],"loadBalancingRules":[{"name":"rule2","id":"/subscriptions/00000000-0000-0000-0000-000000000000/resourceGroups/cli_test_lb_rulestyhv752k64ojcouysuhq5bser5cwnqgytdcjeuyrod5suqlqts2lgjkwys/providers/Microsoft.Network/loadBalancers/lb1/loadBalancingRules/rule2","etag":"W/\"bd42b4f9-29ec-4607-863d-02da757a6cb6\"","type":"Microsoft.Network/loadBalancers/loadBalancingRules","properties":{"provisioningState":"Succeeded","frontendIPConfiguration":{"id":"/subscriptions/00000000-0000-0000-0000-000000000000/resourceGroups/cli_test_lb_rulestyhv752k64ojcouysuhq5bser5cwnqgytdcjeuyrod5suqlqts2lgjkwys/providers/Microsoft.Network/loadBalancers/lb1/frontendIPConfigurations/LoadBalancerFrontEnd"},"frontendPort":60,"backendPort":60,"enableFloatingIP":false,"idleTimeoutInMinutes":4,"protocol":"Tcp","enableDestinationServiceEndpoint":false,"enableTcpReset":false,"allowBackendPortConflict":false,"loadDistribution":"Default","backendAddressPool":{"id":"/subscriptions/00000000-0000-0000-0000-000000000000/resourceGroups/cli_test_lb_rulestyhv752k64ojcouysuhq5bser5cwnqgytdcjeuyrod5suqlqts2lgjkwys/providers/Microsoft.Network/loadBalancers/lb1/backendAddressPools/lb1bepool"}}}],"probes":[],"inboundNatRules":[],"inboundNatPools":[]},"sku":{"name":"Basic","tier":"Regional"}},{"name":"lb1","id":"/subscriptions/00000000-0000-0000-0000-000000000000/resourceGroups/cli_test_load_balancer000001/providers/Microsoft.Network/loadBalancers/lb1","etag":"W/\"d72732b3-a208-4f19-80f8-e61663d51823\"","type":"Microsoft.Network/loadBalancers","location":"westus","tags":{},"properties":{"provisioningState":"Succeeded","resourceGuid":"97fe39bf-7b91-4928-891e-78bae96a0b3a","frontendIPConfigurations":[{"name":"LoadBalancerFrontEnd","id":"/subscriptions/00000000-0000-0000-0000-000000000000/resourceGroups/cli_test_load_balancer000001/providers/Microsoft.Network/loadBalancers/lb1/frontendIPConfigurations/LoadBalancerFrontEnd","etag":"W/\"d72732b3-a208-4f19-80f8-e61663d51823\"","type":"Microsoft.Network/loadBalancers/frontendIPConfigurations","properties":{"provisioningState":"Succeeded","privateIPAllocationMethod":"Dynamic","publicIPAddress":{"id":"/subscriptions/00000000-0000-0000-0000-000000000000/resourceGroups/cli_test_load_balancer000001/providers/Microsoft.Network/publicIPAddresses/PublicIPlb1"},"privateIPAddressVersion":"IPv4"}}],"backendAddressPools":[{"name":"lb1bepool","id":"/subscriptions/00000000-0000-0000-0000-000000000000/resourceGroups/cli_test_load_balancer000001/providers/Microsoft.Network/loadBalancers/lb1/backendAddressPools/lb1bepool","etag":"W/\"d72732b3-a208-4f19-80f8-e61663d51823\"","properties":{"provisioningState":"Succeeded"},"type":"Microsoft.Network/loadBalancers/backendAddressPools"}],"loadBalancingRules":[],"probes":[],"inboundNatRules":[],"inboundNatPools":[]},"sku":{"name":"Basic","tier":"Regional"}},{"name":"lb2","id":"/subscriptions/00000000-0000-0000-0000-000000000000/resourceGroups/cli_test_load_balancer000001/providers/Microsoft.Network/loadBalancers/lb2","etag":"W/\"4b4aea9c-a349-45cb-810b-d3d465139d91\"","type":"Microsoft.Network/loadBalancers","location":"westus","tags":{"foo":"doo"},"properties":{"provisioningState":"Succeeded","resourceGuid":"a4256d83-84e4-472c-ae68-dc03d07b0563","frontendIPConfigurations":[{"name":"LoadBalancerFrontEnd","id":"/subscriptions/00000000-0000-0000-0000-000000000000/resourceGroups/cli_test_load_balancer000001/providers/Microsoft.Network/loadBalancers/lb2/frontendIPConfigurations/LoadBalancerFrontEnd","etag":"W/\"4b4aea9c-a349-45cb-810b-d3d465139d91\"","type":"Microsoft.Network/loadBalancers/frontendIPConfigurations","properties":{"provisioningState":"Succeeded","privateIPAllocationMethod":"Dynamic","publicIPAddress":{"id":"/subscriptions/00000000-0000-0000-0000-000000000000/resourceGroups/cli_test_load_balancer000001/providers/Microsoft.Network/publicIPAddresses/PublicIPlb2"},"privateIPAddressVersion":"IPv4"}}],"backendAddressPools":[{"name":"lb2bepool","id":"/subscriptions/00000000-0000-0000-0000-000000000000/resourceGroups/cli_test_load_balancer000001/providers/Microsoft.Network/loadBalancers/lb2/backendAddressPools/lb2bepool","etag":"W/\"4b4aea9c-a349-45cb-810b-d3d465139d91\"","properties":{"provisioningState":"Succeeded"},"type":"Microsoft.Network/loadBalancers/backendAddressPools"}],"loadBalancingRules":[],"probes":[],"inboundNatRules":[],"inboundNatPools":[]},"sku":{"name":"Basic","tier":"Regional"}},{"name":"lb3","id":"/subscriptions/00000000-0000-0000-0000-000000000000/resourceGroups/cli_test_load_balancer000001/providers/Microsoft.Network/loadBalancers/lb3","etag":"W/\"997b5214-2713-4ecd-922f-7f2be79edac9\"","type":"Microsoft.Network/loadBalancers","location":"westus","tags":{},"properties":{"provisioningState":"Succeeded","resourceGuid":"b2b41f07-6cd2-47d7-ab55-f6f827ba7aba","frontendIPConfigurations":[{"name":"LoadBalancerFrontEnd","id":"/subscriptions/00000000-0000-0000-0000-000000000000/resourceGroups/cli_test_load_balancer000001/providers/Microsoft.Network/loadBalancers/lb3/frontendIPConfigurations/LoadBalancerFrontEnd","etag":"W/\"997b5214-2713-4ecd-922f-7f2be79edac9\"","type":"Microsoft.Network/loadBalancers/frontendIPConfigurations","properties":{"provisioningState":"Succeeded","privateIPAddress":"10.0.0.15","privateIPAllocationMethod":"Static","subnet":{"id":"/subscriptions/00000000-0000-0000-0000-000000000000/resourceGroups/cli_test_load_balancer000001/providers/Microsoft.Network/virtualNetworks/mytestvnet/subnets/default"},"privateIPAddressVersion":"IPv4"}}],"backendAddressPools":[{"name":"lb3bepool","id":"/subscriptions/00000000-0000-0000-0000-000000000000/resourceGroups/cli_test_load_balancer000001/providers/Microsoft.Network/loadBalancers/lb3/backendAddressPools/lb3bepool","etag":"W/\"997b5214-2713-4ecd-922f-7f2be79edac9\"","properties":{"provisioningState":"Succeeded"},"type":"Microsoft.Network/loadBalancers/backendAddressPools"}],"loadBalancingRules":[],"probes":[],"inboundNatRules":[],"inboundNatPools":[]},"sku":{"name":"Basic","tier":"Regional"}},{"name":"lb4","id":"/subscriptions/00000000-0000-0000-0000-000000000000/resourceGroups/cli_test_load_balancer000001/providers/Microsoft.Network/loadBalancers/lb4","etag":"W/\"24086ef2-0314-4577-a7be-a6d0c9e522d2\"","type":"Microsoft.Network/loadBalancers","location":"westus","tags":{},"properties":{"provisioningState":"Succeeded","resourceGuid":"e269fbc3-2d0e-4f78-ab92-5f26078cac8a","frontendIPConfigurations":[{"name":"LoadBalancerFrontEnd","id":"/subscriptions/00000000-0000-0000-0000-000000000000/resourceGroups/cli_test_load_balancer000001/providers/Microsoft.Network/loadBalancers/lb4/frontendIPConfigurations/LoadBalancerFrontEnd","etag":"W/\"24086ef2-0314-4577-a7be-a6d0c9e522d2\"","type":"Microsoft.Network/loadBalancers/frontendIPConfigurations","properties":{"provisioningState":"Succeeded","privateIPAllocationMethod":"Dynamic","publicIPAddress":{"id":"/subscriptions/00000000-0000-0000-0000-000000000000/resourceGroups/cli_test_load_balancer000001/providers/Microsoft.Network/publicIPAddresses/publicip4"},"privateIPAddressVersion":"IPv4"}}],"backendAddressPools":[{"name":"lb4bepool","id":"/subscriptions/00000000-0000-0000-0000-000000000000/resourceGroups/cli_test_load_balancer000001/providers/Microsoft.Network/loadBalancers/lb4/backendAddressPools/lb4bepool","etag":"W/\"24086ef2-0314-4577-a7be-a6d0c9e522d2\"","properties":{"provisioningState":"Succeeded"},"type":"Microsoft.Network/loadBalancers/backendAddressPools"}],"loadBalancingRules":[],"probes":[],"inboundNatRules":[],"inboundNatPools":[]},"sku":{"name":"Basic","tier":"Regional"}},{"name":"lb1","id":"/subscriptions/00000000-0000-0000-0000-000000000000/resourceGroups/cli_test_load_balancer_ip_configpaimdqva6zoq5yt6ca6ehxw5azsvzroly3gztjnfbs7/providers/Microsoft.Network/loadBalancers/lb1","etag":"W/\"b941db13-bf7d-44ef-9f09-d6bc7fc88517\"","type":"Microsoft.Network/loadBalancers","location":"westus","tags":{},"properties":{"provisioningState":"Succeeded","resourceGuid":"e9016c5e-0fe2-4937-9540-052162150027","frontendIPConfigurations":[{"name":"LoadBalancerFrontEnd","id":"/subscriptions/00000000-0000-0000-0000-000000000000/resourceGroups/cli_test_load_balancer_ip_configpaimdqva6zoq5yt6ca6ehxw5azsvzroly3gztjnfbs7/providers/Microsoft.Network/loadBalancers/lb1/frontendIPConfigurations/LoadBalancerFrontEnd","etag":"W/\"b941db13-bf7d-44ef-9f09-d6bc7fc88517\"","type":"Microsoft.Network/loadBalancers/frontendIPConfigurations","properties":{"provisioningState":"Succeeded","privateIPAllocationMethod":"Dynamic","publicIPAddress":{"id":"/subscriptions/00000000-0000-0000-0000-000000000000/resourceGroups/cli_test_load_balancer_ip_configpaimdqva6zoq5yt6ca6ehxw5azsvzroly3gztjnfbs7/providers/Microsoft.Network/publicIPAddresses/publicip1"},"privateIPAddressVersion":"IPv4"}},{"name":"ipconfig1","id":"/subscriptions/00000000-0000-0000-0000-000000000000/resourceGroups/cli_test_load_balancer_ip_configpaimdqva6zoq5yt6ca6ehxw5azsvzroly3gztjnfbs7/providers/Microsoft.Network/loadBalancers/lb1/frontendIPConfigurations/ipconfig1","etag":"W/\"b941db13-bf7d-44ef-9f09-d6bc7fc88517\"","type":"Microsoft.Network/loadBalancers/frontendIPConfigurations","properties":{"provisioningState":"Succeeded","privateIPAllocationMethod":"Dynamic","publicIPAddress":{"id":"/subscriptions/00000000-0000-0000-0000-000000000000/resourceGroups/cli_test_load_balancer_ip_configpaimdqva6zoq5yt6ca6ehxw5azsvzroly3gztjnfbs7/providers/Microsoft.Network/publicIPAddresses/publicip3"},"privateIPAddressVersion":"IPv4"}}],"backendAddressPools":[{"name":"lb1bepool","id":"/subscriptions/00000000-0000-0000-0000-000000000000/resourceGroups/cli_test_load_balancer_ip_configpaimdqva6zoq5yt6ca6ehxw5azsvzroly3gztjnfbs7/providers/Microsoft.Network/loadBalancers/lb1/backendAddressPools/lb1bepool","etag":"W/\"b941db13-bf7d-44ef-9f09-d6bc7fc88517\"","properties":{"provisioningState":"Succeeded"},"type":"Microsoft.Network/loadBalancers/backendAddressPools"}],"loadBalancingRules":[],"probes":[],"inboundNatRules":[],"inboundNatPools":[]},"sku":{"name":"Basic","tier":"Regional"}},{"name":"lb2","id":"/subscriptions/00000000-0000-0000-0000-000000000000/resourceGroups/cli_test_load_balancer_ip_configpaimdqva6zoq5yt6ca6ehxw5azsvzroly3gztjnfbs7/providers/Microsoft.Network/loadBalancers/lb2","etag":"W/\"99aed184-78e4-4c4c-acb3-8c9a5434057b\"","type":"Microsoft.Network/loadBalancers","location":"westus","tags":{},"properties":{"provisioningState":"Succeeded","resourceGuid":"85b97778-0300-4865-b581-5dd31a851c41","frontendIPConfigurations":[{"name":"LoadBalancerFrontEnd","id":"/subscriptions/00000000-0000-0000-0000-000000000000/resourceGroups/cli_test_load_balancer_ip_configpaimdqva6zoq5yt6ca6ehxw5azsvzroly3gztjnfbs7/providers/Microsoft.Network/loadBalancers/lb2/frontendIPConfigurations/LoadBalancerFrontEnd","etag":"W/\"99aed184-78e4-4c4c-acb3-8c9a5434057b\"","type":"Microsoft.Network/loadBalancers/frontendIPConfigurations","properties":{"provisioningState":"Succeeded","privateIPAddress":"10.0.0.4","privateIPAllocationMethod":"Dynamic","subnet":{"id":"/subscriptions/00000000-0000-0000-0000-000000000000/resourceGroups/cli_test_load_balancer_ip_configpaimdqva6zoq5yt6ca6ehxw5azsvzroly3gztjnfbs7/providers/Microsoft.Network/virtualNetworks/vnet1/subnets/subnet1"},"privateIPAddressVersion":"IPv4"}}],"backendAddressPools":[{"name":"lb2bepool","id":"/subscriptions/00000000-0000-0000-0000-000000000000/resourceGroups/cli_test_load_balancer_ip_configpaimdqva6zoq5yt6ca6ehxw5azsvzroly3gztjnfbs7/providers/Microsoft.Network/loadBalancers/lb2/backendAddressPools/lb2bepool","etag":"W/\"99aed184-78e4-4c4c-acb3-8c9a5434057b\"","properties":{"provisioningState":"Succeeded"},"type":"Microsoft.Network/loadBalancers/backendAddressPools"}],"loadBalancingRules":[],"probes":[],"inboundNatRules":[],"inboundNatPools":[]},"sku":{"name":"Basic","tier":"Regional"}},{"name":"lb1","id":"/subscriptions/00000000-0000-0000-0000-000000000000/resourceGroups/test_network_lb_outbound_rules2luhskphoqx2p67csmphibewwd3l2qkt7zv6jk7dhapwu/providers/Microsoft.Network/loadBalancers/lb1","etag":"W/\"84d6fc82-2cb4-429a-8049-cabae5e0f14b\"","type":"Microsoft.Network/loadBalancers","location":"eastus2","tags":{},"properties":{"provisioningState":"Succeeded","resourceGuid":"391f1816-acec-4f21-83ed-2ff9737a70da","frontendIPConfigurations":[{"name":"LoadBalancerFrontEnd","id":"/subscriptions/00000000-0000-0000-0000-000000000000/resourceGroups/test_network_lb_outbound_rules2luhskphoqx2p67csmphibewwd3l2qkt7zv6jk7dhapwu/providers/Microsoft.Network/loadBalancers/lb1/frontendIPConfigurations/LoadBalancerFrontEnd","etag":"W/\"84d6fc82-2cb4-429a-8049-cabae5e0f14b\"","type":"Microsoft.Network/loadBalancers/frontendIPConfigurations","properties":{"provisioningState":"Succeeded","privateIPAllocationMethod":"Dynamic","publicIPAddress":{"id":"/subscriptions/00000000-0000-0000-0000-000000000000/resourceGroups/test_network_lb_outbound_rules2luhskphoqx2p67csmphibewwd3l2qkt7zv6jk7dhapwu/providers/Microsoft.Network/publicIPAddresses/PublicIPlb1"},"outboundRules":[{"id":"/subscriptions/00000000-0000-0000-0000-000000000000/resourceGroups/test_network_lb_outbound_rules2luhskphoqx2p67csmphibewwd3l2qkt7zv6jk7dhapwu/providers/Microsoft.Network/loadBalancers/lb1/outboundRules/rule1"}],"privateIPAddressVersion":"IPv4"}},{"name":"prefixFrontEnd","id":"/subscriptions/00000000-0000-0000-0000-000000000000/resourceGroups/test_network_lb_outbound_rules2luhskphoqx2p67csmphibewwd3l2qkt7zv6jk7dhapwu/providers/Microsoft.Network/loadBalancers/lb1/frontendIPConfigurations/prefixFrontEnd","etag":"W/\"84d6fc82-2cb4-429a-8049-cabae5e0f14b\"","type":"Microsoft.Network/loadBalancers/frontendIPConfigurations","properties":{"provisioningState":"Succeeded","privateIPAllocationMethod":"Dynamic","outboundRules":[{"id":"/subscriptions/00000000-0000-0000-0000-000000000000/resourceGroups/test_network_lb_outbound_rules2luhskphoqx2p67csmphibewwd3l2qkt7zv6jk7dhapwu/providers/Microsoft.Network/loadBalancers/lb1/outboundRules/rule2"}],"publicIPPrefix":{"id":"/subscriptions/00000000-0000-0000-0000-000000000000/resourceGroups/test_network_lb_outbound_rules2luhskphoqx2p67csmphibewwd3l2qkt7zv6jk7dhapwu/providers/Microsoft.Network/publicIPPrefixes/prefix1"},"privateIPAddressVersion":"IPv4"}}],"backendAddressPools":[{"name":"lb1bepool","id":"/subscriptions/00000000-0000-0000-0000-000000000000/resourceGroups/test_network_lb_outbound_rules2luhskphoqx2p67csmphibewwd3l2qkt7zv6jk7dhapwu/providers/Microsoft.Network/loadBalancers/lb1/backendAddressPools/lb1bepool","etag":"W/\"84d6fc82-2cb4-429a-8049-cabae5e0f14b\"","properties":{"provisioningState":"Succeeded","outboundRules":[{"id":"/subscriptions/00000000-0000-0000-0000-000000000000/resourceGroups/test_network_lb_outbound_rules2luhskphoqx2p67csmphibewwd3l2qkt7zv6jk7dhapwu/providers/Microsoft.Network/loadBalancers/lb1/outboundRules/rule1"},{"id":"/subscriptions/00000000-0000-0000-0000-000000000000/resourceGroups/test_network_lb_outbound_rules2luhskphoqx2p67csmphibewwd3l2qkt7zv6jk7dhapwu/providers/Microsoft.Network/loadBalancers/lb1/outboundRules/rule2"}]},"type":"Microsoft.Network/loadBalancers/backendAddressPools"}],"loadBalancingRules":[],"probes":[],"inboundNatRules":[],"outboundRules":[{"name":"rule1","id":"/subscriptions/00000000-0000-0000-0000-000000000000/resourceGroups/test_network_lb_outbound_rules2luhskphoqx2p67csmphibewwd3l2qkt7zv6jk7dhapwu/providers/Microsoft.Network/loadBalancers/lb1/outboundRules/rule1","etag":"W/\"84d6fc82-2cb4-429a-8049-cabae5e0f14b\"","type":"Microsoft.Network/loadBalancers/outboundRules","properties":{"provisioningState":"Succeeded","allocatedOutboundPorts":512,"protocol":"Tcp","enableTcpReset":true,"idleTimeoutInMinutes":4,"backendAddressPool":{"id":"/subscriptions/00000000-0000-0000-0000-000000000000/resourceGroups/test_network_lb_outbound_rules2luhskphoqx2p67csmphibewwd3l2qkt7zv6jk7dhapwu/providers/Microsoft.Network/loadBalancers/lb1/backendAddressPools/lb1bepool"},"frontendIPConfigurations":[{"id":"/subscriptions/00000000-0000-0000-0000-000000000000/resourceGroups/test_network_lb_outbound_rules2luhskphoqx2p67csmphibewwd3l2qkt7zv6jk7dhapwu/providers/Microsoft.Network/loadBalancers/lb1/frontendIPConfigurations/LoadBalancerFrontEnd"}]}},{"name":"rule2","id":"/subscriptions/00000000-0000-0000-0000-000000000000/resourceGroups/test_network_lb_outbound_rules2luhskphoqx2p67csmphibewwd3l2qkt7zv6jk7dhapwu/providers/Microsoft.Network/loadBalancers/lb1/outboundRules/rule2","etag":"W/\"84d6fc82-2cb4-429a-8049-cabae5e0f14b\"","type":"Microsoft.Network/loadBalancers/outboundRules","properties":{"provisioningState":"Succeeded","allocatedOutboundPorts":1024,"protocol":"All","enableTcpReset":false,"idleTimeoutInMinutes":20,"backendAddressPool":{"id":"/subscriptions/00000000-0000-0000-0000-000000000000/resourceGroups/test_network_lb_outbound_rules2luhskphoqx2p67csmphibewwd3l2qkt7zv6jk7dhapwu/providers/Microsoft.Network/loadBalancers/lb1/backendAddressPools/lb1bepool"},"frontendIPConfigurations":[{"id":"/subscriptions/00000000-0000-0000-0000-000000000000/resourceGroups/test_network_lb_outbound_rules2luhskphoqx2p67csmphibewwd3l2qkt7zv6jk7dhapwu/providers/Microsoft.Network/loadBalancers/lb1/frontendIPConfigurations/prefixFrontEnd"}]}}],"inboundNatPools":[]},"sku":{"name":"Standard","tier":"Regional"}}]}'
    headers:
      cache-control:
      - no-cache
      content-length:
      - '28619'
      content-type:
      - application/json; charset=utf-8
      date:
      - Wed, 28 Aug 2019 19:23:37 GMT
      expires:
      - '-1'
      pragma:
      - no-cache
      strict-transport-security:
      - max-age=31536000; includeSubDomains
      vary:
      - Accept-Encoding
      x-content-type-options:
      - nosniff
      x-ms-original-request-ids:
      - 8ea3fe16-f116-4ab3-a6ef-ac4c533f7d43
      - bdbc0640-4320-498e-a917-66e2a027ee84
    status:
      code: 200
      message: OK
- request:
    body: null
    headers:
      Accept:
      - application/json
      Accept-Encoding:
      - gzip, deflate
      CommandName:
      - network lb list
      Connection:
      - keep-alive
      ParameterSetName:
      - --resource-group
      User-Agent:
      - python/3.7.4 (Windows-10-10.0.18362-SP0) msrest/0.6.9 msrest_azure/0.6.1 azure-mgmt-network/4.0.0
        Azure-SDK-For-Python AZURECLI/2.0.72
      accept-language:
      - en-US
    method: GET
    uri: https://management.azure.com/subscriptions/00000000-0000-0000-0000-000000000000/resourceGroups/cli_test_load_balancer000001/providers/Microsoft.Network/loadBalancers?api-version=2019-04-01
  response:
    body:
      string: "{\r\n  \"value\": [\r\n    {\r\n      \"name\": \"lb1\",\r\n      \"id\":
        \"/subscriptions/00000000-0000-0000-0000-000000000000/resourceGroups/cli_test_load_balancer000001/providers/Microsoft.Network/loadBalancers/lb1\",\r\n
        \     \"etag\": \"W/\\\"d72732b3-a208-4f19-80f8-e61663d51823\\\"\",\r\n      \"type\":
        \"Microsoft.Network/loadBalancers\",\r\n      \"location\": \"westus\",\r\n
        \     \"tags\": {},\r\n      \"properties\": {\r\n        \"provisioningState\":
        \"Succeeded\",\r\n        \"resourceGuid\": \"97fe39bf-7b91-4928-891e-78bae96a0b3a\",\r\n
        \       \"frontendIPConfigurations\": [\r\n          {\r\n            \"name\":
        \"LoadBalancerFrontEnd\",\r\n            \"id\": \"/subscriptions/00000000-0000-0000-0000-000000000000/resourceGroups/cli_test_load_balancer000001/providers/Microsoft.Network/loadBalancers/lb1/frontendIPConfigurations/LoadBalancerFrontEnd\",\r\n
        \           \"etag\": \"W/\\\"d72732b3-a208-4f19-80f8-e61663d51823\\\"\",\r\n
        \           \"type\": \"Microsoft.Network/loadBalancers/frontendIPConfigurations\",\r\n
        \           \"properties\": {\r\n              \"provisioningState\": \"Succeeded\",\r\n
        \             \"privateIPAllocationMethod\": \"Dynamic\",\r\n              \"publicIPAddress\":
        {\r\n                \"id\": \"/subscriptions/00000000-0000-0000-0000-000000000000/resourceGroups/cli_test_load_balancer000001/providers/Microsoft.Network/publicIPAddresses/PublicIPlb1\"\r\n
        \             },\r\n              \"privateIPAddressVersion\": \"IPv4\"\r\n
        \           }\r\n          }\r\n        ],\r\n        \"backendAddressPools\":
        [\r\n          {\r\n            \"name\": \"lb1bepool\",\r\n            \"id\":
        \"/subscriptions/00000000-0000-0000-0000-000000000000/resourceGroups/cli_test_load_balancer000001/providers/Microsoft.Network/loadBalancers/lb1/backendAddressPools/lb1bepool\",\r\n
        \           \"etag\": \"W/\\\"d72732b3-a208-4f19-80f8-e61663d51823\\\"\",\r\n
        \           \"properties\": {\r\n              \"provisioningState\": \"Succeeded\"\r\n
        \           },\r\n            \"type\": \"Microsoft.Network/loadBalancers/backendAddressPools\"\r\n
        \         }\r\n        ],\r\n        \"loadBalancingRules\": [],\r\n        \"probes\":
        [],\r\n        \"inboundNatRules\": [],\r\n        \"inboundNatPools\": []\r\n
        \     },\r\n      \"sku\": {\r\n        \"name\": \"Basic\",\r\n        \"tier\":
        \"Regional\"\r\n      }\r\n    },\r\n    {\r\n      \"name\": \"lb2\",\r\n
        \     \"id\": \"/subscriptions/00000000-0000-0000-0000-000000000000/resourceGroups/cli_test_load_balancer000001/providers/Microsoft.Network/loadBalancers/lb2\",\r\n
        \     \"etag\": \"W/\\\"4b4aea9c-a349-45cb-810b-d3d465139d91\\\"\",\r\n      \"type\":
        \"Microsoft.Network/loadBalancers\",\r\n      \"location\": \"westus\",\r\n
        \     \"tags\": {\r\n        \"foo\": \"doo\"\r\n      },\r\n      \"properties\":
        {\r\n        \"provisioningState\": \"Succeeded\",\r\n        \"resourceGuid\":
        \"a4256d83-84e4-472c-ae68-dc03d07b0563\",\r\n        \"frontendIPConfigurations\":
        [\r\n          {\r\n            \"name\": \"LoadBalancerFrontEnd\",\r\n            \"id\":
        \"/subscriptions/00000000-0000-0000-0000-000000000000/resourceGroups/cli_test_load_balancer000001/providers/Microsoft.Network/loadBalancers/lb2/frontendIPConfigurations/LoadBalancerFrontEnd\",\r\n
        \           \"etag\": \"W/\\\"4b4aea9c-a349-45cb-810b-d3d465139d91\\\"\",\r\n
        \           \"type\": \"Microsoft.Network/loadBalancers/frontendIPConfigurations\",\r\n
        \           \"properties\": {\r\n              \"provisioningState\": \"Succeeded\",\r\n
        \             \"privateIPAllocationMethod\": \"Dynamic\",\r\n              \"publicIPAddress\":
        {\r\n                \"id\": \"/subscriptions/00000000-0000-0000-0000-000000000000/resourceGroups/cli_test_load_balancer000001/providers/Microsoft.Network/publicIPAddresses/PublicIPlb2\"\r\n
        \             },\r\n              \"privateIPAddressVersion\": \"IPv4\"\r\n
        \           }\r\n          }\r\n        ],\r\n        \"backendAddressPools\":
        [\r\n          {\r\n            \"name\": \"lb2bepool\",\r\n            \"id\":
        \"/subscriptions/00000000-0000-0000-0000-000000000000/resourceGroups/cli_test_load_balancer000001/providers/Microsoft.Network/loadBalancers/lb2/backendAddressPools/lb2bepool\",\r\n
        \           \"etag\": \"W/\\\"4b4aea9c-a349-45cb-810b-d3d465139d91\\\"\",\r\n
        \           \"properties\": {\r\n              \"provisioningState\": \"Succeeded\"\r\n
        \           },\r\n            \"type\": \"Microsoft.Network/loadBalancers/backendAddressPools\"\r\n
        \         }\r\n        ],\r\n        \"loadBalancingRules\": [],\r\n        \"probes\":
        [],\r\n        \"inboundNatRules\": [],\r\n        \"inboundNatPools\": []\r\n
        \     },\r\n      \"sku\": {\r\n        \"name\": \"Basic\",\r\n        \"tier\":
        \"Regional\"\r\n      }\r\n    },\r\n    {\r\n      \"name\": \"lb3\",\r\n
        \     \"id\": \"/subscriptions/00000000-0000-0000-0000-000000000000/resourceGroups/cli_test_load_balancer000001/providers/Microsoft.Network/loadBalancers/lb3\",\r\n
        \     \"etag\": \"W/\\\"997b5214-2713-4ecd-922f-7f2be79edac9\\\"\",\r\n      \"type\":
        \"Microsoft.Network/loadBalancers\",\r\n      \"location\": \"westus\",\r\n
        \     \"tags\": {},\r\n      \"properties\": {\r\n        \"provisioningState\":
        \"Succeeded\",\r\n        \"resourceGuid\": \"b2b41f07-6cd2-47d7-ab55-f6f827ba7aba\",\r\n
        \       \"frontendIPConfigurations\": [\r\n          {\r\n            \"name\":
        \"LoadBalancerFrontEnd\",\r\n            \"id\": \"/subscriptions/00000000-0000-0000-0000-000000000000/resourceGroups/cli_test_load_balancer000001/providers/Microsoft.Network/loadBalancers/lb3/frontendIPConfigurations/LoadBalancerFrontEnd\",\r\n
        \           \"etag\": \"W/\\\"997b5214-2713-4ecd-922f-7f2be79edac9\\\"\",\r\n
        \           \"type\": \"Microsoft.Network/loadBalancers/frontendIPConfigurations\",\r\n
        \           \"properties\": {\r\n              \"provisioningState\": \"Succeeded\",\r\n
        \             \"privateIPAddress\": \"10.0.0.15\",\r\n              \"privateIPAllocationMethod\":
        \"Static\",\r\n              \"subnet\": {\r\n                \"id\": \"/subscriptions/00000000-0000-0000-0000-000000000000/resourceGroups/cli_test_load_balancer000001/providers/Microsoft.Network/virtualNetworks/mytestvnet/subnets/default\"\r\n
        \             },\r\n              \"privateIPAddressVersion\": \"IPv4\"\r\n
        \           }\r\n          }\r\n        ],\r\n        \"backendAddressPools\":
        [\r\n          {\r\n            \"name\": \"lb3bepool\",\r\n            \"id\":
        \"/subscriptions/00000000-0000-0000-0000-000000000000/resourceGroups/cli_test_load_balancer000001/providers/Microsoft.Network/loadBalancers/lb3/backendAddressPools/lb3bepool\",\r\n
        \           \"etag\": \"W/\\\"997b5214-2713-4ecd-922f-7f2be79edac9\\\"\",\r\n
        \           \"properties\": {\r\n              \"provisioningState\": \"Succeeded\"\r\n
        \           },\r\n            \"type\": \"Microsoft.Network/loadBalancers/backendAddressPools\"\r\n
        \         }\r\n        ],\r\n        \"loadBalancingRules\": [],\r\n        \"probes\":
        [],\r\n        \"inboundNatRules\": [],\r\n        \"inboundNatPools\": []\r\n
        \     },\r\n      \"sku\": {\r\n        \"name\": \"Basic\",\r\n        \"tier\":
        \"Regional\"\r\n      }\r\n    },\r\n    {\r\n      \"name\": \"lb4\",\r\n
        \     \"id\": \"/subscriptions/00000000-0000-0000-0000-000000000000/resourceGroups/cli_test_load_balancer000001/providers/Microsoft.Network/loadBalancers/lb4\",\r\n
        \     \"etag\": \"W/\\\"24086ef2-0314-4577-a7be-a6d0c9e522d2\\\"\",\r\n      \"type\":
        \"Microsoft.Network/loadBalancers\",\r\n      \"location\": \"westus\",\r\n
        \     \"tags\": {},\r\n      \"properties\": {\r\n        \"provisioningState\":
        \"Succeeded\",\r\n        \"resourceGuid\": \"e269fbc3-2d0e-4f78-ab92-5f26078cac8a\",\r\n
        \       \"frontendIPConfigurations\": [\r\n          {\r\n            \"name\":
        \"LoadBalancerFrontEnd\",\r\n            \"id\": \"/subscriptions/00000000-0000-0000-0000-000000000000/resourceGroups/cli_test_load_balancer000001/providers/Microsoft.Network/loadBalancers/lb4/frontendIPConfigurations/LoadBalancerFrontEnd\",\r\n
        \           \"etag\": \"W/\\\"24086ef2-0314-4577-a7be-a6d0c9e522d2\\\"\",\r\n
        \           \"type\": \"Microsoft.Network/loadBalancers/frontendIPConfigurations\",\r\n
        \           \"properties\": {\r\n              \"provisioningState\": \"Succeeded\",\r\n
        \             \"privateIPAllocationMethod\": \"Dynamic\",\r\n              \"publicIPAddress\":
        {\r\n                \"id\": \"/subscriptions/00000000-0000-0000-0000-000000000000/resourceGroups/cli_test_load_balancer000001/providers/Microsoft.Network/publicIPAddresses/publicip4\"\r\n
        \             },\r\n              \"privateIPAddressVersion\": \"IPv4\"\r\n
        \           }\r\n          }\r\n        ],\r\n        \"backendAddressPools\":
        [\r\n          {\r\n            \"name\": \"lb4bepool\",\r\n            \"id\":
        \"/subscriptions/00000000-0000-0000-0000-000000000000/resourceGroups/cli_test_load_balancer000001/providers/Microsoft.Network/loadBalancers/lb4/backendAddressPools/lb4bepool\",\r\n
        \           \"etag\": \"W/\\\"24086ef2-0314-4577-a7be-a6d0c9e522d2\\\"\",\r\n
        \           \"properties\": {\r\n              \"provisioningState\": \"Succeeded\"\r\n
        \           },\r\n            \"type\": \"Microsoft.Network/loadBalancers/backendAddressPools\"\r\n
        \         }\r\n        ],\r\n        \"loadBalancingRules\": [],\r\n        \"probes\":
        [],\r\n        \"inboundNatRules\": [],\r\n        \"inboundNatPools\": []\r\n
        \     },\r\n      \"sku\": {\r\n        \"name\": \"Basic\",\r\n        \"tier\":
        \"Regional\"\r\n      }\r\n    }\r\n  ]\r\n}"
    headers:
      cache-control:
      - no-cache
      content-length:
      - '9413'
      content-type:
      - application/json; charset=utf-8
      date:
      - Wed, 28 Aug 2019 19:23:37 GMT
      expires:
      - '-1'
      pragma:
      - no-cache
      server:
      - Microsoft-HTTPAPI/2.0
      - Microsoft-HTTPAPI/2.0
      strict-transport-security:
      - max-age=31536000; includeSubDomains
      transfer-encoding:
      - chunked
      vary:
      - Accept-Encoding
      x-content-type-options:
      - nosniff
      x-ms-arm-service-request-id:
      - bea65b0d-40c7-494f-ab32-a3b7df277487
    status:
      code: 200
      message: OK
- request:
    body: null
    headers:
      Accept:
      - application/json
      Accept-Encoding:
      - gzip, deflate
      CommandName:
      - network lb show
      Connection:
      - keep-alive
      ParameterSetName:
      - --resource-group --name
      User-Agent:
      - python/3.7.4 (Windows-10-10.0.18362-SP0) msrest/0.6.9 msrest_azure/0.6.1 azure-mgmt-network/4.0.0
        Azure-SDK-For-Python AZURECLI/2.0.72
      accept-language:
      - en-US
    method: GET
    uri: https://management.azure.com/subscriptions/00000000-0000-0000-0000-000000000000/resourceGroups/cli_test_load_balancer000001/providers/Microsoft.Network/loadBalancers/lb1?api-version=2019-04-01
  response:
    body:
      string: "{\r\n  \"name\": \"lb1\",\r\n  \"id\": \"/subscriptions/00000000-0000-0000-0000-000000000000/resourceGroups/cli_test_load_balancer000001/providers/Microsoft.Network/loadBalancers/lb1\",\r\n
        \ \"etag\": \"W/\\\"d72732b3-a208-4f19-80f8-e61663d51823\\\"\",\r\n  \"type\":
        \"Microsoft.Network/loadBalancers\",\r\n  \"location\": \"westus\",\r\n  \"tags\":
        {},\r\n  \"properties\": {\r\n    \"provisioningState\": \"Succeeded\",\r\n
        \   \"resourceGuid\": \"97fe39bf-7b91-4928-891e-78bae96a0b3a\",\r\n    \"frontendIPConfigurations\":
        [\r\n      {\r\n        \"name\": \"LoadBalancerFrontEnd\",\r\n        \"id\":
        \"/subscriptions/00000000-0000-0000-0000-000000000000/resourceGroups/cli_test_load_balancer000001/providers/Microsoft.Network/loadBalancers/lb1/frontendIPConfigurations/LoadBalancerFrontEnd\",\r\n
        \       \"etag\": \"W/\\\"d72732b3-a208-4f19-80f8-e61663d51823\\\"\",\r\n
        \       \"type\": \"Microsoft.Network/loadBalancers/frontendIPConfigurations\",\r\n
        \       \"properties\": {\r\n          \"provisioningState\": \"Succeeded\",\r\n
        \         \"privateIPAllocationMethod\": \"Dynamic\",\r\n          \"publicIPAddress\":
        {\r\n            \"id\": \"/subscriptions/00000000-0000-0000-0000-000000000000/resourceGroups/cli_test_load_balancer000001/providers/Microsoft.Network/publicIPAddresses/PublicIPlb1\"\r\n
        \         },\r\n          \"privateIPAddressVersion\": \"IPv4\"\r\n        }\r\n
        \     }\r\n    ],\r\n    \"backendAddressPools\": [\r\n      {\r\n        \"name\":
        \"lb1bepool\",\r\n        \"id\": \"/subscriptions/00000000-0000-0000-0000-000000000000/resourceGroups/cli_test_load_balancer000001/providers/Microsoft.Network/loadBalancers/lb1/backendAddressPools/lb1bepool\",\r\n
        \       \"etag\": \"W/\\\"d72732b3-a208-4f19-80f8-e61663d51823\\\"\",\r\n
        \       \"properties\": {\r\n          \"provisioningState\": \"Succeeded\"\r\n
        \       },\r\n        \"type\": \"Microsoft.Network/loadBalancers/backendAddressPools\"\r\n
        \     }\r\n    ],\r\n    \"loadBalancingRules\": [],\r\n    \"probes\": [],\r\n
        \   \"inboundNatRules\": [],\r\n    \"inboundNatPools\": []\r\n  },\r\n  \"sku\":
        {\r\n    \"name\": \"Basic\",\r\n    \"tier\": \"Regional\"\r\n  }\r\n}"
    headers:
      cache-control:
      - no-cache
      content-length:
      - '2137'
      content-type:
      - application/json; charset=utf-8
      date:
      - Wed, 28 Aug 2019 19:23:38 GMT
      etag:
      - W/"d72732b3-a208-4f19-80f8-e61663d51823"
      expires:
      - '-1'
      pragma:
      - no-cache
      server:
      - Microsoft-HTTPAPI/2.0
      - Microsoft-HTTPAPI/2.0
      strict-transport-security:
      - max-age=31536000; includeSubDomains
      transfer-encoding:
      - chunked
      vary:
      - Accept-Encoding
      x-content-type-options:
      - nosniff
      x-ms-arm-service-request-id:
      - 1ea68cd4-91b4-4998-8ac7-b717a46d7695
    status:
      code: 200
      message: OK
- request:
    body: null
    headers:
      Accept:
      - application/json
      Accept-Encoding:
      - gzip, deflate
      CommandName:
      - network lb delete
      Connection:
      - keep-alive
      Content-Length:
      - '0'
      ParameterSetName:
      - --resource-group --name
      User-Agent:
      - python/3.7.4 (Windows-10-10.0.18362-SP0) msrest/0.6.9 msrest_azure/0.6.1 azure-mgmt-network/4.0.0
        Azure-SDK-For-Python AZURECLI/2.0.72
      accept-language:
      - en-US
    method: DELETE
    uri: https://management.azure.com/subscriptions/00000000-0000-0000-0000-000000000000/resourceGroups/cli_test_load_balancer000001/providers/Microsoft.Network/loadBalancers/lb1?api-version=2019-04-01
  response:
    body:
      string: ''
    headers:
      azure-asyncoperation:
      - https://management.azure.com/subscriptions/00000000-0000-0000-0000-000000000000/providers/Microsoft.Network/locations/westus/operations/8ad7b375-f7eb-4024-882f-c3427567e166?api-version=2019-04-01
      cache-control:
      - no-cache
      content-length:
      - '0'
      date:
      - Wed, 28 Aug 2019 19:23:39 GMT
      expires:
      - '-1'
      location:
      - https://management.azure.com/subscriptions/00000000-0000-0000-0000-000000000000/providers/Microsoft.Network/locations/westus/operationResults/8ad7b375-f7eb-4024-882f-c3427567e166?api-version=2019-04-01
      pragma:
      - no-cache
      server:
      - Microsoft-HTTPAPI/2.0
      - Microsoft-HTTPAPI/2.0
      strict-transport-security:
      - max-age=31536000; includeSubDomains
      x-content-type-options:
      - nosniff
      x-ms-arm-service-request-id:
      - 950f506f-a53b-4995-9c15-d1f0a222fea9
      x-ms-ratelimit-remaining-subscription-deletes:
      - '14999'
    status:
      code: 202
      message: Accepted
- request:
    body: null
    headers:
      Accept:
      - application/json
      Accept-Encoding:
      - gzip, deflate
      CommandName:
      - network lb delete
      Connection:
      - keep-alive
      ParameterSetName:
      - --resource-group --name
      User-Agent:
      - python/3.7.4 (Windows-10-10.0.18362-SP0) msrest/0.6.9 msrest_azure/0.6.1 azure-mgmt-network/4.0.0
        Azure-SDK-For-Python AZURECLI/2.0.72
    method: GET
    uri: https://management.azure.com/subscriptions/00000000-0000-0000-0000-000000000000/providers/Microsoft.Network/locations/westus/operations/8ad7b375-f7eb-4024-882f-c3427567e166?api-version=2019-04-01
  response:
    body:
      string: "{\r\n  \"status\": \"Succeeded\"\r\n}"
    headers:
      cache-control:
      - no-cache
      content-length:
      - '29'
      content-type:
      - application/json; charset=utf-8
      date:
      - Wed, 28 Aug 2019 19:23:49 GMT
      expires:
      - '-1'
      pragma:
      - no-cache
      server:
      - Microsoft-HTTPAPI/2.0
      - Microsoft-HTTPAPI/2.0
      strict-transport-security:
      - max-age=31536000; includeSubDomains
      transfer-encoding:
      - chunked
      vary:
      - Accept-Encoding
      x-content-type-options:
      - nosniff
      x-ms-arm-service-request-id:
      - e3875690-9d09-4faf-9470-63a9958760f2
    status:
      code: 200
      message: OK
- request:
    body: null
    headers:
      Accept:
      - application/json
      Accept-Encoding:
      - gzip, deflate
      CommandName:
      - network lb list
      Connection:
      - keep-alive
      ParameterSetName:
      - --resource-group
      User-Agent:
      - python/3.7.4 (Windows-10-10.0.18362-SP0) msrest/0.6.9 msrest_azure/0.6.1 azure-mgmt-network/4.0.0
        Azure-SDK-For-Python AZURECLI/2.0.72
      accept-language:
      - en-US
    method: GET
    uri: https://management.azure.com/subscriptions/00000000-0000-0000-0000-000000000000/resourceGroups/cli_test_load_balancer000001/providers/Microsoft.Network/loadBalancers?api-version=2019-04-01
  response:
    body:
      string: "{\r\n  \"value\": [\r\n    {\r\n      \"name\": \"lb2\",\r\n      \"id\":
        \"/subscriptions/00000000-0000-0000-0000-000000000000/resourceGroups/cli_test_load_balancer000001/providers/Microsoft.Network/loadBalancers/lb2\",\r\n
        \     \"etag\": \"W/\\\"4b4aea9c-a349-45cb-810b-d3d465139d91\\\"\",\r\n      \"type\":
        \"Microsoft.Network/loadBalancers\",\r\n      \"location\": \"westus\",\r\n
        \     \"tags\": {\r\n        \"foo\": \"doo\"\r\n      },\r\n      \"properties\":
        {\r\n        \"provisioningState\": \"Succeeded\",\r\n        \"resourceGuid\":
        \"a4256d83-84e4-472c-ae68-dc03d07b0563\",\r\n        \"frontendIPConfigurations\":
        [\r\n          {\r\n            \"name\": \"LoadBalancerFrontEnd\",\r\n            \"id\":
        \"/subscriptions/00000000-0000-0000-0000-000000000000/resourceGroups/cli_test_load_balancer000001/providers/Microsoft.Network/loadBalancers/lb2/frontendIPConfigurations/LoadBalancerFrontEnd\",\r\n
        \           \"etag\": \"W/\\\"4b4aea9c-a349-45cb-810b-d3d465139d91\\\"\",\r\n
        \           \"type\": \"Microsoft.Network/loadBalancers/frontendIPConfigurations\",\r\n
        \           \"properties\": {\r\n              \"provisioningState\": \"Succeeded\",\r\n
        \             \"privateIPAllocationMethod\": \"Dynamic\",\r\n              \"publicIPAddress\":
        {\r\n                \"id\": \"/subscriptions/00000000-0000-0000-0000-000000000000/resourceGroups/cli_test_load_balancer000001/providers/Microsoft.Network/publicIPAddresses/PublicIPlb2\"\r\n
        \             },\r\n              \"privateIPAddressVersion\": \"IPv4\"\r\n
        \           }\r\n          }\r\n        ],\r\n        \"backendAddressPools\":
        [\r\n          {\r\n            \"name\": \"lb2bepool\",\r\n            \"id\":
        \"/subscriptions/00000000-0000-0000-0000-000000000000/resourceGroups/cli_test_load_balancer000001/providers/Microsoft.Network/loadBalancers/lb2/backendAddressPools/lb2bepool\",\r\n
        \           \"etag\": \"W/\\\"4b4aea9c-a349-45cb-810b-d3d465139d91\\\"\",\r\n
        \           \"properties\": {\r\n              \"provisioningState\": \"Succeeded\"\r\n
        \           },\r\n            \"type\": \"Microsoft.Network/loadBalancers/backendAddressPools\"\r\n
        \         }\r\n        ],\r\n        \"loadBalancingRules\": [],\r\n        \"probes\":
        [],\r\n        \"inboundNatRules\": [],\r\n        \"inboundNatPools\": []\r\n
        \     },\r\n      \"sku\": {\r\n        \"name\": \"Basic\",\r\n        \"tier\":
        \"Regional\"\r\n      }\r\n    },\r\n    {\r\n      \"name\": \"lb3\",\r\n
        \     \"id\": \"/subscriptions/00000000-0000-0000-0000-000000000000/resourceGroups/cli_test_load_balancer000001/providers/Microsoft.Network/loadBalancers/lb3\",\r\n
        \     \"etag\": \"W/\\\"997b5214-2713-4ecd-922f-7f2be79edac9\\\"\",\r\n      \"type\":
        \"Microsoft.Network/loadBalancers\",\r\n      \"location\": \"westus\",\r\n
        \     \"tags\": {},\r\n      \"properties\": {\r\n        \"provisioningState\":
        \"Succeeded\",\r\n        \"resourceGuid\": \"b2b41f07-6cd2-47d7-ab55-f6f827ba7aba\",\r\n
        \       \"frontendIPConfigurations\": [\r\n          {\r\n            \"name\":
        \"LoadBalancerFrontEnd\",\r\n            \"id\": \"/subscriptions/00000000-0000-0000-0000-000000000000/resourceGroups/cli_test_load_balancer000001/providers/Microsoft.Network/loadBalancers/lb3/frontendIPConfigurations/LoadBalancerFrontEnd\",\r\n
        \           \"etag\": \"W/\\\"997b5214-2713-4ecd-922f-7f2be79edac9\\\"\",\r\n
        \           \"type\": \"Microsoft.Network/loadBalancers/frontendIPConfigurations\",\r\n
        \           \"properties\": {\r\n              \"provisioningState\": \"Succeeded\",\r\n
        \             \"privateIPAddress\": \"10.0.0.15\",\r\n              \"privateIPAllocationMethod\":
        \"Static\",\r\n              \"subnet\": {\r\n                \"id\": \"/subscriptions/00000000-0000-0000-0000-000000000000/resourceGroups/cli_test_load_balancer000001/providers/Microsoft.Network/virtualNetworks/mytestvnet/subnets/default\"\r\n
        \             },\r\n              \"privateIPAddressVersion\": \"IPv4\"\r\n
        \           }\r\n          }\r\n        ],\r\n        \"backendAddressPools\":
        [\r\n          {\r\n            \"name\": \"lb3bepool\",\r\n            \"id\":
        \"/subscriptions/00000000-0000-0000-0000-000000000000/resourceGroups/cli_test_load_balancer000001/providers/Microsoft.Network/loadBalancers/lb3/backendAddressPools/lb3bepool\",\r\n
        \           \"etag\": \"W/\\\"997b5214-2713-4ecd-922f-7f2be79edac9\\\"\",\r\n
        \           \"properties\": {\r\n              \"provisioningState\": \"Succeeded\"\r\n
        \           },\r\n            \"type\": \"Microsoft.Network/loadBalancers/backendAddressPools\"\r\n
        \         }\r\n        ],\r\n        \"loadBalancingRules\": [],\r\n        \"probes\":
        [],\r\n        \"inboundNatRules\": [],\r\n        \"inboundNatPools\": []\r\n
        \     },\r\n      \"sku\": {\r\n        \"name\": \"Basic\",\r\n        \"tier\":
        \"Regional\"\r\n      }\r\n    },\r\n    {\r\n      \"name\": \"lb4\",\r\n
        \     \"id\": \"/subscriptions/00000000-0000-0000-0000-000000000000/resourceGroups/cli_test_load_balancer000001/providers/Microsoft.Network/loadBalancers/lb4\",\r\n
        \     \"etag\": \"W/\\\"24086ef2-0314-4577-a7be-a6d0c9e522d2\\\"\",\r\n      \"type\":
        \"Microsoft.Network/loadBalancers\",\r\n      \"location\": \"westus\",\r\n
        \     \"tags\": {},\r\n      \"properties\": {\r\n        \"provisioningState\":
        \"Succeeded\",\r\n        \"resourceGuid\": \"e269fbc3-2d0e-4f78-ab92-5f26078cac8a\",\r\n
        \       \"frontendIPConfigurations\": [\r\n          {\r\n            \"name\":
        \"LoadBalancerFrontEnd\",\r\n            \"id\": \"/subscriptions/00000000-0000-0000-0000-000000000000/resourceGroups/cli_test_load_balancer000001/providers/Microsoft.Network/loadBalancers/lb4/frontendIPConfigurations/LoadBalancerFrontEnd\",\r\n
        \           \"etag\": \"W/\\\"24086ef2-0314-4577-a7be-a6d0c9e522d2\\\"\",\r\n
        \           \"type\": \"Microsoft.Network/loadBalancers/frontendIPConfigurations\",\r\n
        \           \"properties\": {\r\n              \"provisioningState\": \"Succeeded\",\r\n
        \             \"privateIPAllocationMethod\": \"Dynamic\",\r\n              \"publicIPAddress\":
        {\r\n                \"id\": \"/subscriptions/00000000-0000-0000-0000-000000000000/resourceGroups/cli_test_load_balancer000001/providers/Microsoft.Network/publicIPAddresses/publicip4\"\r\n
        \             },\r\n              \"privateIPAddressVersion\": \"IPv4\"\r\n
        \           }\r\n          }\r\n        ],\r\n        \"backendAddressPools\":
        [\r\n          {\r\n            \"name\": \"lb4bepool\",\r\n            \"id\":
        \"/subscriptions/00000000-0000-0000-0000-000000000000/resourceGroups/cli_test_load_balancer000001/providers/Microsoft.Network/loadBalancers/lb4/backendAddressPools/lb4bepool\",\r\n
        \           \"etag\": \"W/\\\"24086ef2-0314-4577-a7be-a6d0c9e522d2\\\"\",\r\n
        \           \"properties\": {\r\n              \"provisioningState\": \"Succeeded\"\r\n
        \           },\r\n            \"type\": \"Microsoft.Network/loadBalancers/backendAddressPools\"\r\n
        \         }\r\n        ],\r\n        \"loadBalancingRules\": [],\r\n        \"probes\":
        [],\r\n        \"inboundNatRules\": [],\r\n        \"inboundNatPools\": []\r\n
        \     },\r\n      \"sku\": {\r\n        \"name\": \"Basic\",\r\n        \"tier\":
        \"Regional\"\r\n      }\r\n    }\r\n  ]\r\n}"
    headers:
      cache-control:
      - no-cache
      content-length:
      - '7085'
      content-type:
      - application/json; charset=utf-8
      date:
      - Wed, 28 Aug 2019 19:23:50 GMT
      expires:
      - '-1'
      pragma:
      - no-cache
      server:
      - Microsoft-HTTPAPI/2.0
      - Microsoft-HTTPAPI/2.0
      strict-transport-security:
      - max-age=31536000; includeSubDomains
      transfer-encoding:
      - chunked
      vary:
      - Accept-Encoding
      x-content-type-options:
      - nosniff
      x-ms-arm-service-request-id:
      - 57becfae-4fb0-450c-a8c4-aea95c0c6e58
    status:
      code: 200
      message: OK
version: 1
