interactions:
- request:
    body: '{"location": "global", "properties": {"zoneType": "Public"}}'
    headers:
      Accept:
      - application/json
      Accept-Encoding:
      - gzip, deflate
      CommandName:
      - network dns zone import
      Connection:
      - keep-alive
      Content-Length:
      - '60'
      Content-Type:
      - application/json
      ParameterSetName:
      - -n -g --file-name
      User-Agent:
      - AZURECLI/2.29.0 azsdk-python-azure-mgmt-dns/8.0.0 Python/3.8.3 (Windows-10-10.0.18362-SP0)
    method: PUT
    uri: https://management.azure.com/subscriptions/00000000-0000-0000-0000-000000000000/resourceGroups/cli_dns_zone9_import000001/providers/Microsoft.Network/dnsZones/zone9.com?api-version=2018-05-01
  response:
    body:
      string: '{"id":"\/subscriptions\/00000000-0000-0000-0000-000000000000\/resourceGroups\/cli_dns_zone9_import000001\/providers\/Microsoft.Network\/dnszones\/zone9.com","name":"zone9.com","type":"Microsoft.Network\/dnszones","etag":"00000002-0000-0000-3f99-027485bed701","location":"global","tags":{},"properties":{"maxNumberOfRecordSets":10000,"maxNumberOfRecordsPerRecordSet":null,"nameServers":["ns1-09.azure-dns.com.","ns2-09.azure-dns.net.","ns3-09.azure-dns.org.","ns4-09.azure-dns.info."],"numberOfRecordSets":2,"zoneType":"Public"}}'
    headers:
      cache-control:
      - private
      content-length:
      - '577'
      content-type:
      - application/json; charset=utf-8
      date:
      - Mon, 11 Oct 2021 09:50:43 GMT
      etag:
      - 00000002-0000-0000-3f99-027485bed701
      server:
      - Microsoft-IIS/10.0
      strict-transport-security:
      - max-age=31536000; includeSubDomains
      x-content-type-options:
      - nosniff
      x-ms-ratelimit-remaining-subscription-resource-requests:
      - '11998'
      x-powered-by:
      - ASP.NET
    status:
      code: 201
      message: Created
- request:
    body: null
    headers:
      Accept:
      - application/json
      Accept-Encoding:
      - gzip, deflate
      CommandName:
      - network dns zone import
      Connection:
      - keep-alive
      ParameterSetName:
      - -n -g --file-name
      User-Agent:
      - AZURECLI/2.29.0 azsdk-python-azure-mgmt-dns/8.0.0 Python/3.8.3 (Windows-10-10.0.18362-SP0)
    method: GET
    uri: https://management.azure.com/subscriptions/00000000-0000-0000-0000-000000000000/resourceGroups/cli_dns_zone9_import000001/providers/Microsoft.Network/dnsZones/zone9.com/SOA/@?api-version=2018-05-01
  response:
    body:
      string: '{"id":"\/subscriptions\/00000000-0000-0000-0000-000000000000\/resourceGroups\/cli_dns_zone9_import000001\/providers\/Microsoft.Network\/dnszones\/zone9.com\/SOA\/@","name":"@","type":"Microsoft.Network\/dnszones\/SOA","etag":"85a69920-3bc6-4648-a35b-6f423b72a6d1","properties":{"fqdn":"zone9.com.","TTL":3600,"SOARecord":{"email":"azuredns-hostmaster.microsoft.com","expireTime":2419200,"host":"ns1-09.azure-dns.com.","minimumTTL":300,"refreshTime":3600,"retryTime":300,"serialNumber":1},"targetResource":{},"provisioningState":"Succeeded"}}'
    headers:
      cache-control:
      - private
      content-length:
      - '590'
      content-type:
      - application/json; charset=utf-8
      date:
      - Mon, 11 Oct 2021 09:50:44 GMT
      etag:
      - 85a69920-3bc6-4648-a35b-6f423b72a6d1
      server:
      - Microsoft-IIS/10.0
      strict-transport-security:
      - max-age=31536000; includeSubDomains
      transfer-encoding:
      - chunked
      vary:
      - Accept-Encoding
      x-content-type-options:
      - nosniff
      x-ms-ratelimit-remaining-subscription-resource-requests:
      - '498'
      x-powered-by:
      - ASP.NET
    status:
      code: 200
      message: OK
- request:
    body: '{"properties": {"TTL": 3600, "SOARecord": {"host": "ns1-09.azure-dns.com.",
      "email": "azuredns-hostmaster.zone9.com.", "serialNumber": 1, "refreshTime":
      3600, "retryTime": 300, "expireTime": 2419200, "minimumTTL": 300}}}'
    headers:
      Accept:
      - application/json
      Accept-Encoding:
      - gzip, deflate
      CommandName:
      - network dns zone import
      Connection:
      - keep-alive
      Content-Length:
      - '220'
      Content-Type:
      - application/json
      ParameterSetName:
      - -n -g --file-name
      User-Agent:
      - AZURECLI/2.29.0 azsdk-python-azure-mgmt-dns/8.0.0 Python/3.8.3 (Windows-10-10.0.18362-SP0)
    method: PUT
    uri: https://management.azure.com/subscriptions/00000000-0000-0000-0000-000000000000/resourceGroups/cli_dns_zone9_import000001/providers/Microsoft.Network/dnsZones/zone9.com/soa/@?api-version=2018-05-01
  response:
    body:
      string: '{"id":"\/subscriptions\/00000000-0000-0000-0000-000000000000\/resourceGroups\/cli_dns_zone9_import000001\/providers\/Microsoft.Network\/dnszones\/zone9.com\/SOA\/@","name":"@","type":"Microsoft.Network\/dnszones\/SOA","etag":"b6a3dabd-fe55-4155-92fa-e0c5962761e6","properties":{"fqdn":"zone9.com.","TTL":3600,"SOARecord":{"email":"azuredns-hostmaster.zone9.com.","expireTime":2419200,"host":"ns1-09.azure-dns.com.","minimumTTL":300,"refreshTime":3600,"retryTime":300,"serialNumber":1},"targetResource":{},"provisioningState":"Succeeded"}}'
    headers:
      cache-control:
      - private
      content-length:
      - '587'
      content-type:
      - application/json; charset=utf-8
      date:
      - Mon, 11 Oct 2021 09:50:45 GMT
      etag:
      - b6a3dabd-fe55-4155-92fa-e0c5962761e6
      server:
      - Microsoft-IIS/10.0
      strict-transport-security:
      - max-age=31536000; includeSubDomains
      transfer-encoding:
      - chunked
      vary:
      - Accept-Encoding
      x-content-type-options:
      - nosniff
      x-ms-ratelimit-remaining-subscription-resource-requests:
      - '11998'
      x-powered-by:
      - ASP.NET
    status:
      code: 200
      message: OK
- request:
    body: null
    headers:
      Accept:
      - application/json
      Accept-Encoding:
      - gzip, deflate
      CommandName:
      - network dns zone import
      Connection:
      - keep-alive
      ParameterSetName:
      - -n -g --file-name
      User-Agent:
      - AZURECLI/2.29.0 azsdk-python-azure-mgmt-dns/8.0.0 Python/3.8.3 (Windows-10-10.0.18362-SP0)
    method: GET
    uri: https://management.azure.com/subscriptions/00000000-0000-0000-0000-000000000000/resourceGroups/cli_dns_zone9_import000001/providers/Microsoft.Network/dnsZones/zone9.com/NS/@?api-version=2018-05-01
  response:
    body:
      string: '{"id":"\/subscriptions\/00000000-0000-0000-0000-000000000000\/resourceGroups\/cli_dns_zone9_import000001\/providers\/Microsoft.Network\/dnszones\/zone9.com\/NS\/@","name":"@","type":"Microsoft.Network\/dnszones\/NS","etag":"460ff289-4d9c-401b-a33f-6dc27ed4587a","properties":{"fqdn":"zone9.com.","TTL":172800,"NSRecords":[{"nsdname":"ns1-09.azure-dns.com."},{"nsdname":"ns2-09.azure-dns.net."},{"nsdname":"ns3-09.azure-dns.org."},{"nsdname":"ns4-09.azure-dns.info."}],"targetResource":{},"provisioningState":"Succeeded"}}'
    headers:
      cache-control:
      - private
      content-length:
      - '570'
      content-type:
      - application/json; charset=utf-8
      date:
      - Mon, 11 Oct 2021 09:50:45 GMT
      etag:
      - 460ff289-4d9c-401b-a33f-6dc27ed4587a
      server:
      - Microsoft-IIS/10.0
      strict-transport-security:
      - max-age=31536000; includeSubDomains
      transfer-encoding:
      - chunked
      vary:
      - Accept-Encoding
      x-content-type-options:
      - nosniff
      x-ms-ratelimit-remaining-subscription-resource-requests:
      - '498'
      x-powered-by:
      - ASP.NET
    status:
      code: 200
      message: OK
- request:
    body: '{"etag": "460ff289-4d9c-401b-a33f-6dc27ed4587a", "properties": {"TTL":
      172800, "targetResource": {}, "NSRecords": [{"nsdname": "ns1-09.azure-dns.com."},
      {"nsdname": "ns2-09.azure-dns.net."}, {"nsdname": "ns3-09.azure-dns.org."},
      {"nsdname": "ns4-09.azure-dns.info."}]}}'
    headers:
      Accept:
      - application/json
      Accept-Encoding:
      - gzip, deflate
      CommandName:
      - network dns zone import
      Connection:
      - keep-alive
      Content-Length:
      - '269'
      Content-Type:
      - application/json
      ParameterSetName:
      - -n -g --file-name
      User-Agent:
      - AZURECLI/2.29.0 azsdk-python-azure-mgmt-dns/8.0.0 Python/3.8.3 (Windows-10-10.0.18362-SP0)
    method: PUT
    uri: https://management.azure.com/subscriptions/00000000-0000-0000-0000-000000000000/resourceGroups/cli_dns_zone9_import000001/providers/Microsoft.Network/dnsZones/zone9.com/NS/@?api-version=2018-05-01
  response:
    body:
      string: '{"id":"\/subscriptions\/00000000-0000-0000-0000-000000000000\/resourceGroups\/cli_dns_zone9_import000001\/providers\/Microsoft.Network\/dnszones\/zone9.com\/NS\/@","name":"@","type":"Microsoft.Network\/dnszones\/NS","etag":"7485f59a-5b27-43a8-bbdd-77ab44026d0d","properties":{"fqdn":"zone9.com.","TTL":172800,"NSRecords":[{"nsdname":"ns1-09.azure-dns.com."},{"nsdname":"ns2-09.azure-dns.net."},{"nsdname":"ns3-09.azure-dns.org."},{"nsdname":"ns4-09.azure-dns.info."}],"targetResource":{},"provisioningState":"Succeeded"}}'
    headers:
      cache-control:
      - private
      content-length:
      - '570'
      content-type:
      - application/json; charset=utf-8
      date:
      - Mon, 11 Oct 2021 09:50:46 GMT
      etag:
      - 7485f59a-5b27-43a8-bbdd-77ab44026d0d
      server:
      - Microsoft-IIS/10.0
      strict-transport-security:
      - max-age=31536000; includeSubDomains
      transfer-encoding:
      - chunked
      vary:
      - Accept-Encoding
      x-content-type-options:
      - nosniff
      x-ms-ratelimit-remaining-subscription-resource-requests:
      - '11998'
      x-powered-by:
      - ASP.NET
    status:
      code: 200
      message: OK
- request:
    body: '{"properties": {"TTL": 300, "NSRecords": [{"nsdname": "ns1.zone9.com."}]}}'
    headers:
      Accept:
      - application/json
      Accept-Encoding:
      - gzip, deflate
      CommandName:
      - network dns zone import
      Connection:
      - keep-alive
      Content-Length:
      - '74'
      Content-Type:
      - application/json
      ParameterSetName:
      - -n -g --file-name
      User-Agent:
      - AZURECLI/2.29.0 azsdk-python-azure-mgmt-dns/8.0.0 Python/3.8.3 (Windows-10-10.0.18362-SP0)
    method: PUT
    uri: https://management.azure.com/subscriptions/00000000-0000-0000-0000-000000000000/resourceGroups/cli_dns_zone9_import000001/providers/Microsoft.Network/dnsZones/zone9.com/ns/test-ns?api-version=2018-05-01
  response:
    body:
      string: '{"id":"\/subscriptions\/00000000-0000-0000-0000-000000000000\/resourceGroups\/cli_dns_zone9_import000001\/providers\/Microsoft.Network\/dnszones\/zone9.com\/NS\/test-ns","name":"test-ns","type":"Microsoft.Network\/dnszones\/NS","etag":"309ce739-19ea-4e42-8c27-c7d2b79666de","properties":{"fqdn":"test-ns.zone9.com.","TTL":300,"NSRecords":[{"nsdname":"ns1.zone9.com."}],"targetResource":{},"provisioningState":"Succeeded"}}'
    headers:
      cache-control:
      - private
      content-length:
      - '471'
      content-type:
      - application/json; charset=utf-8
      date:
      - Mon, 11 Oct 2021 09:50:48 GMT
      etag:
      - 309ce739-19ea-4e42-8c27-c7d2b79666de
      server:
      - Microsoft-IIS/10.0
      strict-transport-security:
      - max-age=31536000; includeSubDomains
      x-content-type-options:
      - nosniff
      x-ms-ratelimit-remaining-subscription-resource-requests:
      - '11997'
      x-powered-by:
      - ASP.NET
    status:
      code: 201
      message: Created
- request:
    body: '{"properties": {"TTL": 300, "MXRecords": [{"preference": 10, "exchange":
      "mail.zone9.com."}]}}'
    headers:
      Accept:
      - application/json
      Accept-Encoding:
      - gzip, deflate
      CommandName:
      - network dns zone import
      Connection:
      - keep-alive
      Content-Length:
      - '94'
      Content-Type:
      - application/json
      ParameterSetName:
      - -n -g --file-name
      User-Agent:
      - AZURECLI/2.29.0 azsdk-python-azure-mgmt-dns/8.0.0 Python/3.8.3 (Windows-10-10.0.18362-SP0)
    method: PUT
    uri: https://management.azure.com/subscriptions/00000000-0000-0000-0000-000000000000/resourceGroups/cli_dns_zone9_import000001/providers/Microsoft.Network/dnsZones/zone9.com/mx/test-mx?api-version=2018-05-01
  response:
    body:
      string: '{"id":"\/subscriptions\/00000000-0000-0000-0000-000000000000\/resourceGroups\/cli_dns_zone9_import000001\/providers\/Microsoft.Network\/dnszones\/zone9.com\/MX\/test-mx","name":"test-mx","type":"Microsoft.Network\/dnszones\/MX","etag":"2eccce2a-8fde-451e-a264-3e7e93823f8e","properties":{"fqdn":"test-mx.zone9.com.","TTL":300,"MXRecords":[{"exchange":"mail.zone9.com.","preference":10}],"targetResource":{},"provisioningState":"Succeeded"}}'
    headers:
      cache-control:
      - private
      content-length:
      - '489'
      content-type:
      - application/json; charset=utf-8
      date:
      - Mon, 11 Oct 2021 09:50:49 GMT
      etag:
      - 2eccce2a-8fde-451e-a264-3e7e93823f8e
      server:
      - Microsoft-IIS/10.0
      strict-transport-security:
      - max-age=31536000; includeSubDomains
      x-content-type-options:
      - nosniff
      x-ms-ratelimit-remaining-subscription-resource-requests:
      - '11999'
      x-powered-by:
      - ASP.NET
    status:
      code: 201
      message: Created
- request:
    body: '{"properties": {"TTL": 300, "SRVRecords": [{"priority": 1, "weight": 2,
      "port": 3, "target": "target.zone9.com."}]}}'
    headers:
      Accept:
      - application/json
      Accept-Encoding:
      - gzip, deflate
      CommandName:
      - network dns zone import
      Connection:
      - keep-alive
      Content-Length:
      - '116'
      Content-Type:
      - application/json
      ParameterSetName:
      - -n -g --file-name
      User-Agent:
      - AZURECLI/2.29.0 azsdk-python-azure-mgmt-dns/8.0.0 Python/3.8.3 (Windows-10-10.0.18362-SP0)
    method: PUT
    uri: https://management.azure.com/subscriptions/00000000-0000-0000-0000-000000000000/resourceGroups/cli_dns_zone9_import000001/providers/Microsoft.Network/dnsZones/zone9.com/srv/_sip._tcp.test-srv?api-version=2018-05-01
  response:
    body:
      string: '{"id":"\/subscriptions\/00000000-0000-0000-0000-000000000000\/resourceGroups\/cli_dns_zone9_import000001\/providers\/Microsoft.Network\/dnszones\/zone9.com\/SRV\/_sip._tcp.test-srv","name":"_sip._tcp.test-srv","type":"Microsoft.Network\/dnszones\/SRV","etag":"69e50f11-8493-42eb-b9ba-a68c06ad6581","properties":{"fqdn":"_sip._tcp.test-srv.zone9.com.","TTL":300,"SRVRecords":[{"port":3,"priority":1,"target":"target.zone9.com.","weight":2}],"targetResource":{},"provisioningState":"Succeeded"}}'
    headers:
      cache-control:
      - private
      content-length:
      - '542'
      content-type:
      - application/json; charset=utf-8
      date:
      - Mon, 11 Oct 2021 09:50:50 GMT
      etag:
      - 69e50f11-8493-42eb-b9ba-a68c06ad6581
      server:
      - Microsoft-IIS/10.0
      strict-transport-security:
      - max-age=31536000; includeSubDomains
      x-content-type-options:
      - nosniff
      x-ms-ratelimit-remaining-subscription-resource-requests:
      - '11999'
      x-powered-by:
      - ASP.NET
    status:
      code: 201
      message: Created
- request:
    body: '{"properties": {"TTL": 3600, "ARecords": [{"ipv4Address": "1.2.3.4"}]}}'
    headers:
      Accept:
      - application/json
      Accept-Encoding:
      - gzip, deflate
      CommandName:
      - network dns zone import
      Connection:
      - keep-alive
      Content-Length:
      - '71'
      Content-Type:
      - application/json
      ParameterSetName:
      - -n -g --file-name
      User-Agent:
      - AZURECLI/2.29.0 azsdk-python-azure-mgmt-dns/8.0.0 Python/3.8.3 (Windows-10-10.0.18362-SP0)
    method: PUT
    uri: https://management.azure.com/subscriptions/00000000-0000-0000-0000-000000000000/resourceGroups/cli_dns_zone9_import000001/providers/Microsoft.Network/dnsZones/zone9.com/a/ns?api-version=2018-05-01
  response:
    body:
      string: '{"id":"\/subscriptions\/00000000-0000-0000-0000-000000000000\/resourceGroups\/cli_dns_zone9_import000001\/providers\/Microsoft.Network\/dnszones\/zone9.com\/A\/ns","name":"ns","type":"Microsoft.Network\/dnszones\/A","etag":"3dce4681-881e-44b6-9458-f5e7a887f406","properties":{"fqdn":"ns.zone9.com.","TTL":3600,"ARecords":[{"ipv4Address":"1.2.3.4"}],"targetResource":{},"provisioningState":"Succeeded"}}'
    headers:
      cache-control:
      - private
      content-length:
      - '451'
      content-type:
      - application/json; charset=utf-8
      date:
      - Mon, 11 Oct 2021 09:50:51 GMT
      etag:
      - 3dce4681-881e-44b6-9458-f5e7a887f406
      server:
      - Microsoft-IIS/10.0
      strict-transport-security:
      - max-age=31536000; includeSubDomains
      x-content-type-options:
      - nosniff
      x-ms-ratelimit-remaining-subscription-resource-requests:
      - '11980'
      x-powered-by:
      - ASP.NET
    status:
      code: 201
      message: Created
- request:
    body: '{"properties": {"TTL": 3600, "ARecords": [{"ipv4Address": "2.3.4.5"}]}}'
    headers:
      Accept:
      - application/json
      Accept-Encoding:
      - gzip, deflate
      CommandName:
      - network dns zone import
      Connection:
      - keep-alive
      Content-Length:
      - '71'
      Content-Type:
      - application/json
      ParameterSetName:
      - -n -g --file-name
      User-Agent:
      - AZURECLI/2.29.0 azsdk-python-azure-mgmt-dns/8.0.0 Python/3.8.3 (Windows-10-10.0.18362-SP0)
    method: PUT
    uri: https://management.azure.com/subscriptions/00000000-0000-0000-0000-000000000000/resourceGroups/cli_dns_zone9_import000001/providers/Microsoft.Network/dnsZones/zone9.com/a/*?api-version=2018-05-01
  response:
    body:
      string: '{"id":"\/subscriptions\/00000000-0000-0000-0000-000000000000\/resourceGroups\/cli_dns_zone9_import000001\/providers\/Microsoft.Network\/dnszones\/zone9.com\/A\/*","name":"*","type":"Microsoft.Network\/dnszones\/A","etag":"03e60997-ae05-4b5e-8e7f-2ea9b96e08e2","properties":{"fqdn":"*.zone9.com.","TTL":3600,"ARecords":[{"ipv4Address":"2.3.4.5"}],"targetResource":{},"provisioningState":"Succeeded"}}'
    headers:
      cache-control:
      - private
      content-length:
      - '448'
      content-type:
      - application/json; charset=utf-8
      date:
      - Mon, 11 Oct 2021 09:50:52 GMT
      etag:
      - 03e60997-ae05-4b5e-8e7f-2ea9b96e08e2
      server:
      - Microsoft-IIS/10.0
      strict-transport-security:
      - max-age=31536000; includeSubDomains
      x-content-type-options:
      - nosniff
      x-ms-ratelimit-remaining-subscription-resource-requests:
      - '11979'
      x-powered-by:
      - ASP.NET
    status:
      code: 201
      message: Created
- request:
    body: '{"properties": {"TTL": 300, "CNAMERecord": {"cname": "zone9.com."}}}'
    headers:
      Accept:
      - application/json
      Accept-Encoding:
      - gzip, deflate
      CommandName:
      - network dns zone import
      Connection:
      - keep-alive
      Content-Length:
      - '68'
      Content-Type:
      - application/json
      ParameterSetName:
      - -n -g --file-name
      User-Agent:
      - AZURECLI/2.29.0 azsdk-python-azure-mgmt-dns/8.0.0 Python/3.8.3 (Windows-10-10.0.18362-SP0)
    method: PUT
    uri: https://management.azure.com/subscriptions/00000000-0000-0000-0000-000000000000/resourceGroups/cli_dns_zone9_import000001/providers/Microsoft.Network/dnsZones/zone9.com/cname/www?api-version=2018-05-01
  response:
    body:
      string: '{"id":"\/subscriptions\/00000000-0000-0000-0000-000000000000\/resourceGroups\/cli_dns_zone9_import000001\/providers\/Microsoft.Network\/dnszones\/zone9.com\/CNAME\/www","name":"www","type":"Microsoft.Network\/dnszones\/CNAME","etag":"ddc5d763-aefc-4e60-9be1-89c8bdff7d5a","properties":{"fqdn":"www.zone9.com.","TTL":300,"CNAMERecord":{"cname":"zone9.com."},"targetResource":{},"provisioningState":"Succeeded"}}'
    headers:
      cache-control:
      - private
      content-length:
      - '459'
      content-type:
      - application/json; charset=utf-8
      date:
      - Mon, 11 Oct 2021 09:50:53 GMT
      etag:
      - ddc5d763-aefc-4e60-9be1-89c8bdff7d5a
      server:
      - Microsoft-IIS/10.0
      strict-transport-security:
      - max-age=31536000; includeSubDomains
      x-content-type-options:
      - nosniff
      x-ms-ratelimit-remaining-subscription-resource-requests:
      - '11999'
      x-powered-by:
      - ASP.NET
    status:
      code: 201
      message: Created
- request:
    body: null
    headers:
      Accept:
      - application/json
      Accept-Encoding:
      - gzip, deflate
      CommandName:
      - network dns record-set list
      Connection:
      - keep-alive
      ParameterSetName:
      - -g -z
      User-Agent:
      - AZURECLI/2.29.0 azsdk-python-azure-mgmt-dns/8.0.0 Python/3.8.3 (Windows-10-10.0.18362-SP0)
    method: GET
    uri: https://management.azure.com/subscriptions/00000000-0000-0000-0000-000000000000/resourceGroups/cli_dns_zone9_import000001/providers/Microsoft.Network/dnsZones/zone9.com/recordsets?api-version=2018-05-01
  response:
    body:
      string: '{"value":[{"id":"\/subscriptions\/00000000-0000-0000-0000-000000000000\/resourceGroups\/cli_dns_zone9_import000001\/providers\/Microsoft.Network\/dnszones\/zone9.com\/NS\/@","name":"@","type":"Microsoft.Network\/dnszones\/NS","etag":"7485f59a-5b27-43a8-bbdd-77ab44026d0d","properties":{"fqdn":"zone9.com.","TTL":172800,"NSRecords":[{"nsdname":"ns1-09.azure-dns.com."},{"nsdname":"ns2-09.azure-dns.net."},{"nsdname":"ns3-09.azure-dns.org."},{"nsdname":"ns4-09.azure-dns.info."}],"targetResource":{},"provisioningState":"Succeeded"}},{"id":"\/subscriptions\/00000000-0000-0000-0000-000000000000\/resourceGroups\/cli_dns_zone9_import000001\/providers\/Microsoft.Network\/dnszones\/zone9.com\/SOA\/@","name":"@","type":"Microsoft.Network\/dnszones\/SOA","etag":"b6a3dabd-fe55-4155-92fa-e0c5962761e6","properties":{"fqdn":"zone9.com.","TTL":3600,"SOARecord":{"email":"azuredns-hostmaster.zone9.com.","expireTime":2419200,"host":"ns1-09.azure-dns.com.","minimumTTL":300,"refreshTime":3600,"retryTime":300,"serialNumber":1},"targetResource":{},"provisioningState":"Succeeded"}},{"id":"\/subscriptions\/00000000-0000-0000-0000-000000000000\/resourceGroups\/cli_dns_zone9_import000001\/providers\/Microsoft.Network\/dnszones\/zone9.com\/A\/*","name":"*","type":"Microsoft.Network\/dnszones\/A","etag":"03e60997-ae05-4b5e-8e7f-2ea9b96e08e2","properties":{"fqdn":"*.zone9.com.","TTL":3600,"ARecords":[{"ipv4Address":"2.3.4.5"}],"targetResource":{},"provisioningState":"Succeeded"}},{"id":"\/subscriptions\/00000000-0000-0000-0000-000000000000\/resourceGroups\/cli_dns_zone9_import000001\/providers\/Microsoft.Network\/dnszones\/zone9.com\/A\/ns","name":"ns","type":"Microsoft.Network\/dnszones\/A","etag":"3dce4681-881e-44b6-9458-f5e7a887f406","properties":{"fqdn":"ns.zone9.com.","TTL":3600,"ARecords":[{"ipv4Address":"1.2.3.4"}],"targetResource":{},"provisioningState":"Succeeded"}},{"id":"\/subscriptions\/00000000-0000-0000-0000-000000000000\/resourceGroups\/cli_dns_zone9_import000001\/providers\/Microsoft.Network\/dnszones\/zone9.com\/MX\/test-mx","name":"test-mx","type":"Microsoft.Network\/dnszones\/MX","etag":"2eccce2a-8fde-451e-a264-3e7e93823f8e","properties":{"fqdn":"test-mx.zone9.com.","TTL":300,"MXRecords":[{"exchange":"mail.zone9.com.","preference":10}],"targetResource":{},"provisioningState":"Succeeded"}},{"id":"\/subscriptions\/00000000-0000-0000-0000-000000000000\/resourceGroups\/cli_dns_zone9_import000001\/providers\/Microsoft.Network\/dnszones\/zone9.com\/NS\/test-ns","name":"test-ns","type":"Microsoft.Network\/dnszones\/NS","etag":"309ce739-19ea-4e42-8c27-c7d2b79666de","properties":{"fqdn":"test-ns.zone9.com.","TTL":300,"NSRecords":[{"nsdname":"ns1.zone9.com."}],"targetResource":{},"provisioningState":"Succeeded"}},{"id":"\/subscriptions\/00000000-0000-0000-0000-000000000000\/resourceGroups\/cli_dns_zone9_import000001\/providers\/Microsoft.Network\/dnszones\/zone9.com\/SRV\/_sip._tcp.test-srv","name":"_sip._tcp.test-srv","type":"Microsoft.Network\/dnszones\/SRV","etag":"69e50f11-8493-42eb-b9ba-a68c06ad6581","properties":{"fqdn":"_sip._tcp.test-srv.zone9.com.","TTL":300,"SRVRecords":[{"port":3,"priority":1,"target":"target.zone9.com.","weight":2}],"targetResource":{},"provisioningState":"Succeeded"}},{"id":"\/subscriptions\/00000000-0000-0000-0000-000000000000\/resourceGroups\/cli_dns_zone9_import000001\/providers\/Microsoft.Network\/dnszones\/zone9.com\/CNAME\/www","name":"www","type":"Microsoft.Network\/dnszones\/CNAME","etag":"ddc5d763-aefc-4e60-9be1-89c8bdff7d5a","properties":{"fqdn":"www.zone9.com.","TTL":300,"CNAMERecord":{"cname":"zone9.com."},"targetResource":{},"provisioningState":"Succeeded"}}]}'
    headers:
      cache-control:
      - private
      content-length:
      - '4036'
      content-type:
      - application/json; charset=utf-8
      date:
      - Mon, 11 Oct 2021 09:50:55 GMT
      server:
      - Microsoft-IIS/10.0
      strict-transport-security:
      - max-age=31536000; includeSubDomains
      transfer-encoding:
      - chunked
      vary:
      - Accept-Encoding
      x-content-type-options:
      - nosniff
      x-ms-ratelimit-remaining-subscription-resource-entities-read:
      - '59992'
      x-ms-ratelimit-remaining-subscription-resource-requests:
      - '499'
      x-powered-by:
      - ASP.NET
    status:
      code: 200
      message: OK
- request:
    body: null
    headers:
      Accept:
      - application/json
      Accept-Encoding:
      - gzip, deflate
      CommandName:
      - network dns zone export
      Connection:
      - keep-alive
      ParameterSetName:
      - -g -n --file-name
      User-Agent:
      - AZURECLI/2.29.0 azsdk-python-azure-mgmt-dns/8.0.0 Python/3.8.3 (Windows-10-10.0.18362-SP0)
    method: GET
    uri: https://management.azure.com/subscriptions/00000000-0000-0000-0000-000000000000/resourceGroups/cli_dns_zone9_import000001/providers/Microsoft.Network/dnsZones/zone9.com/recordsets?api-version=2018-05-01
  response:
    body:
      string: '{"value":[{"id":"\/subscriptions\/00000000-0000-0000-0000-000000000000\/resourceGroups\/cli_dns_zone9_import000001\/providers\/Microsoft.Network\/dnszones\/zone9.com\/NS\/@","name":"@","type":"Microsoft.Network\/dnszones\/NS","etag":"7485f59a-5b27-43a8-bbdd-77ab44026d0d","properties":{"fqdn":"zone9.com.","TTL":172800,"NSRecords":[{"nsdname":"ns1-09.azure-dns.com."},{"nsdname":"ns2-09.azure-dns.net."},{"nsdname":"ns3-09.azure-dns.org."},{"nsdname":"ns4-09.azure-dns.info."}],"targetResource":{},"provisioningState":"Succeeded"}},{"id":"\/subscriptions\/00000000-0000-0000-0000-000000000000\/resourceGroups\/cli_dns_zone9_import000001\/providers\/Microsoft.Network\/dnszones\/zone9.com\/SOA\/@","name":"@","type":"Microsoft.Network\/dnszones\/SOA","etag":"b6a3dabd-fe55-4155-92fa-e0c5962761e6","properties":{"fqdn":"zone9.com.","TTL":3600,"SOARecord":{"email":"azuredns-hostmaster.zone9.com.","expireTime":2419200,"host":"ns1-09.azure-dns.com.","minimumTTL":300,"refreshTime":3600,"retryTime":300,"serialNumber":1},"targetResource":{},"provisioningState":"Succeeded"}},{"id":"\/subscriptions\/00000000-0000-0000-0000-000000000000\/resourceGroups\/cli_dns_zone9_import000001\/providers\/Microsoft.Network\/dnszones\/zone9.com\/A\/*","name":"*","type":"Microsoft.Network\/dnszones\/A","etag":"03e60997-ae05-4b5e-8e7f-2ea9b96e08e2","properties":{"fqdn":"*.zone9.com.","TTL":3600,"ARecords":[{"ipv4Address":"2.3.4.5"}],"targetResource":{},"provisioningState":"Succeeded"}},{"id":"\/subscriptions\/00000000-0000-0000-0000-000000000000\/resourceGroups\/cli_dns_zone9_import000001\/providers\/Microsoft.Network\/dnszones\/zone9.com\/A\/ns","name":"ns","type":"Microsoft.Network\/dnszones\/A","etag":"3dce4681-881e-44b6-9458-f5e7a887f406","properties":{"fqdn":"ns.zone9.com.","TTL":3600,"ARecords":[{"ipv4Address":"1.2.3.4"}],"targetResource":{},"provisioningState":"Succeeded"}},{"id":"\/subscriptions\/00000000-0000-0000-0000-000000000000\/resourceGroups\/cli_dns_zone9_import000001\/providers\/Microsoft.Network\/dnszones\/zone9.com\/MX\/test-mx","name":"test-mx","type":"Microsoft.Network\/dnszones\/MX","etag":"2eccce2a-8fde-451e-a264-3e7e93823f8e","properties":{"fqdn":"test-mx.zone9.com.","TTL":300,"MXRecords":[{"exchange":"mail.zone9.com.","preference":10}],"targetResource":{},"provisioningState":"Succeeded"}},{"id":"\/subscriptions\/00000000-0000-0000-0000-000000000000\/resourceGroups\/cli_dns_zone9_import000001\/providers\/Microsoft.Network\/dnszones\/zone9.com\/NS\/test-ns","name":"test-ns","type":"Microsoft.Network\/dnszones\/NS","etag":"309ce739-19ea-4e42-8c27-c7d2b79666de","properties":{"fqdn":"test-ns.zone9.com.","TTL":300,"NSRecords":[{"nsdname":"ns1.zone9.com."}],"targetResource":{},"provisioningState":"Succeeded"}},{"id":"\/subscriptions\/00000000-0000-0000-0000-000000000000\/resourceGroups\/cli_dns_zone9_import000001\/providers\/Microsoft.Network\/dnszones\/zone9.com\/SRV\/_sip._tcp.test-srv","name":"_sip._tcp.test-srv","type":"Microsoft.Network\/dnszones\/SRV","etag":"69e50f11-8493-42eb-b9ba-a68c06ad6581","properties":{"fqdn":"_sip._tcp.test-srv.zone9.com.","TTL":300,"SRVRecords":[{"port":3,"priority":1,"target":"target.zone9.com.","weight":2}],"targetResource":{},"provisioningState":"Succeeded"}},{"id":"\/subscriptions\/00000000-0000-0000-0000-000000000000\/resourceGroups\/cli_dns_zone9_import000001\/providers\/Microsoft.Network\/dnszones\/zone9.com\/CNAME\/www","name":"www","type":"Microsoft.Network\/dnszones\/CNAME","etag":"ddc5d763-aefc-4e60-9be1-89c8bdff7d5a","properties":{"fqdn":"www.zone9.com.","TTL":300,"CNAMERecord":{"cname":"zone9.com."},"targetResource":{},"provisioningState":"Succeeded"}}]}'
    headers:
      cache-control:
      - private
      content-length:
      - '4036'
      content-type:
      - application/json; charset=utf-8
      date:
      - Mon, 11 Oct 2021 09:50:56 GMT
      server:
      - Microsoft-IIS/10.0
      strict-transport-security:
      - max-age=31536000; includeSubDomains
      transfer-encoding:
      - chunked
      vary:
      - Accept-Encoding
      x-content-type-options:
      - nosniff
      x-ms-ratelimit-remaining-subscription-resource-entities-read:
      - '59988'
      x-ms-ratelimit-remaining-subscription-resource-requests:
      - '498'
      x-powered-by:
      - ASP.NET
    status:
      code: 200
      message: OK
- request:
    body: null
    headers:
      Accept:
      - application/json
      Accept-Encoding:
      - gzip, deflate
      CommandName:
      - network dns zone delete
      Connection:
      - keep-alive
      Content-Length:
      - '0'
      ParameterSetName:
      - -g -n -y
      User-Agent:
      - AZURECLI/2.29.0 azsdk-python-azure-mgmt-dns/8.0.0 Python/3.8.3 (Windows-10-10.0.18362-SP0)
    method: DELETE
    uri: https://management.azure.com/subscriptions/00000000-0000-0000-0000-000000000000/resourceGroups/cli_dns_zone9_import000001/providers/Microsoft.Network/dnsZones/zone9.com?api-version=2018-05-01
  response:
    body:
      string: ''
    headers:
      azure-asyncoperation:
      - https://management.azure.com:443/subscriptions/00000000-0000-0000-0000-000000000000/resourceGroups/cli_dns_zone9_import000001/providers/Microsoft.Network/dnsOperationStatuses/delzone637695426592216494420ad458?api-version=2018-05-01
      cache-control:
      - private
      content-length:
      - '0'
      date:
      - Mon, 11 Oct 2021 09:50:59 GMT
      location:
      - https://management.azure.com/subscriptions/00000000-0000-0000-0000-000000000000/resourceGroups/cli_dns_zone9_import000001/providers/Microsoft.Network/dnsOperationResults/delzone637695426592216494420ad458?api-version=2018-05-01
      server:
      - Microsoft-IIS/10.0
      strict-transport-security:
      - max-age=31536000; includeSubDomains
      x-content-type-options:
      - nosniff
      x-ms-ratelimit-remaining-subscription-resource-requests:
      - '11999'
      x-powered-by:
      - ASP.NET
    status:
      code: 202
      message: Accepted
- request:
    body: null
    headers:
      Accept:
      - '*/*'
      Accept-Encoding:
      - gzip, deflate
      CommandName:
      - network dns zone delete
      Connection:
      - keep-alive
      ParameterSetName:
      - -g -n -y
      User-Agent:
      - AZURECLI/2.29.0 azsdk-python-azure-mgmt-dns/8.0.0 Python/3.8.3 (Windows-10-10.0.18362-SP0)
    method: GET
    uri: https://management.azure.com/subscriptions/00000000-0000-0000-0000-000000000000/resourceGroups/cli_dns_zone9_import000001/providers/Microsoft.Network/dnsOperationStatuses/delzone637695426592216494420ad458?api-version=2018-05-01
  response:
    body:
      string: '{"status":"Succeeded"}'
    headers:
      cache-control:
      - private
      content-length:
      - '22'
      content-type:
      - application/json; charset=utf-8
      date:
      - Mon, 11 Oct 2021 09:51:02 GMT
      server:
      - Microsoft-IIS/10.0
      strict-transport-security:
      - max-age=31536000; includeSubDomains
      transfer-encoding:
      - chunked
      vary:
      - Accept-Encoding
      x-content-type-options:
      - nosniff
      x-ms-ratelimit-remaining-subscription-resource-requests:
      - '499'
      x-powered-by:
      - ASP.NET
    status:
      code: 200
      message: OK
- request:
    body: '{"location": "global", "properties": {"zoneType": "Public"}}'
    headers:
      Accept:
      - application/json
      Accept-Encoding:
      - gzip, deflate
      CommandName:
      - network dns zone import
      Connection:
      - keep-alive
      Content-Length:
      - '60'
      Content-Type:
      - application/json
      ParameterSetName:
      - -n -g --file-name
      User-Agent:
      - AZURECLI/2.29.0 azsdk-python-azure-mgmt-dns/8.0.0 Python/3.8.3 (Windows-10-10.0.18362-SP0)
    method: PUT
    uri: https://management.azure.com/subscriptions/00000000-0000-0000-0000-000000000000/resourceGroups/cli_dns_zone9_import000001/providers/Microsoft.Network/dnsZones/zone9.com?api-version=2018-05-01
  response:
    body:
      string: '{"id":"\/subscriptions\/00000000-0000-0000-0000-000000000000\/resourceGroups\/cli_dns_zone9_import000001\/providers\/Microsoft.Network\/dnszones\/zone9.com","name":"zone9.com","type":"Microsoft.Network\/dnszones","etag":"00000002-0000-0000-d67c-478285bed701","location":"global","tags":{},"properties":{"maxNumberOfRecordSets":10000,"maxNumberOfRecordsPerRecordSet":null,"nameServers":["ns1-09.azure-dns.com.","ns2-09.azure-dns.net.","ns3-09.azure-dns.org.","ns4-09.azure-dns.info."],"numberOfRecordSets":2,"zoneType":"Public"}}'
    headers:
      cache-control:
      - private
      content-length:
      - '577'
      content-type:
      - application/json; charset=utf-8
      date:
      - Mon, 11 Oct 2021 09:51:05 GMT
      etag:
      - 00000002-0000-0000-d67c-478285bed701
      server:
      - Microsoft-IIS/10.0
      strict-transport-security:
      - max-age=31536000; includeSubDomains
      x-content-type-options:
      - nosniff
      x-ms-ratelimit-remaining-subscription-resource-requests:
      - '11997'
      x-powered-by:
      - ASP.NET
    status:
      code: 201
      message: Created
- request:
    body: null
    headers:
      Accept:
      - application/json
      Accept-Encoding:
      - gzip, deflate
      CommandName:
      - network dns zone import
      Connection:
      - keep-alive
      ParameterSetName:
      - -n -g --file-name
      User-Agent:
      - AZURECLI/2.29.0 azsdk-python-azure-mgmt-dns/8.0.0 Python/3.8.3 (Windows-10-10.0.18362-SP0)
    method: GET
    uri: https://management.azure.com/subscriptions/00000000-0000-0000-0000-000000000000/resourceGroups/cli_dns_zone9_import000001/providers/Microsoft.Network/dnsZones/zone9.com/SOA/@?api-version=2018-05-01
  response:
    body:
      string: '{"id":"\/subscriptions\/00000000-0000-0000-0000-000000000000\/resourceGroups\/cli_dns_zone9_import000001\/providers\/Microsoft.Network\/dnszones\/zone9.com\/SOA\/@","name":"@","type":"Microsoft.Network\/dnszones\/SOA","etag":"cc3e1c86-d1b6-49c0-a926-063cdf841d0e","properties":{"fqdn":"zone9.com.","TTL":3600,"SOARecord":{"email":"azuredns-hostmaster.microsoft.com","expireTime":2419200,"host":"ns1-09.azure-dns.com.","minimumTTL":300,"refreshTime":3600,"retryTime":300,"serialNumber":1},"targetResource":{},"provisioningState":"Succeeded"}}'
    headers:
      cache-control:
      - private
      content-length:
      - '590'
      content-type:
      - application/json; charset=utf-8
      date:
      - Mon, 11 Oct 2021 09:51:06 GMT
      etag:
      - cc3e1c86-d1b6-49c0-a926-063cdf841d0e
      server:
      - Microsoft-IIS/10.0
      strict-transport-security:
      - max-age=31536000; includeSubDomains
      transfer-encoding:
      - chunked
      vary:
      - Accept-Encoding
      x-content-type-options:
      - nosniff
      x-ms-ratelimit-remaining-subscription-resource-requests:
      - '498'
      x-powered-by:
      - ASP.NET
    status:
      code: 200
      message: OK
- request:
    body: '{"properties": {"TTL": 3600, "SOARecord": {"host": "ns1-09.azure-dns.com.",
      "email": "azuredns-hostmaster.zone9.com.", "serialNumber": 1, "refreshTime":
      3600, "retryTime": 300, "expireTime": 2419200, "minimumTTL": 300}}}'
    headers:
      Accept:
      - application/json
      Accept-Encoding:
      - gzip, deflate
      CommandName:
      - network dns zone import
      Connection:
      - keep-alive
      Content-Length:
      - '220'
      Content-Type:
      - application/json
      ParameterSetName:
      - -n -g --file-name
      User-Agent:
      - AZURECLI/2.29.0 azsdk-python-azure-mgmt-dns/8.0.0 Python/3.8.3 (Windows-10-10.0.18362-SP0)
    method: PUT
    uri: https://management.azure.com/subscriptions/00000000-0000-0000-0000-000000000000/resourceGroups/cli_dns_zone9_import000001/providers/Microsoft.Network/dnsZones/zone9.com/soa/@?api-version=2018-05-01
  response:
    body:
      string: '{"id":"\/subscriptions\/00000000-0000-0000-0000-000000000000\/resourceGroups\/cli_dns_zone9_import000001\/providers\/Microsoft.Network\/dnszones\/zone9.com\/SOA\/@","name":"@","type":"Microsoft.Network\/dnszones\/SOA","etag":"ef485424-dd9a-481a-a300-f0417cfb128f","properties":{"fqdn":"zone9.com.","TTL":3600,"SOARecord":{"email":"azuredns-hostmaster.zone9.com.","expireTime":2419200,"host":"ns1-09.azure-dns.com.","minimumTTL":300,"refreshTime":3600,"retryTime":300,"serialNumber":1},"targetResource":{},"provisioningState":"Succeeded"}}'
    headers:
      cache-control:
      - private
      content-length:
      - '587'
      content-type:
      - application/json; charset=utf-8
      date:
      - Mon, 11 Oct 2021 09:51:07 GMT
      etag:
      - ef485424-dd9a-481a-a300-f0417cfb128f
      server:
      - Microsoft-IIS/10.0
      strict-transport-security:
      - max-age=31536000; includeSubDomains
      transfer-encoding:
      - chunked
      vary:
      - Accept-Encoding
      x-content-type-options:
      - nosniff
      x-ms-ratelimit-remaining-subscription-resource-requests:
      - '11998'
      x-powered-by:
      - ASP.NET
    status:
      code: 200
      message: OK
- request:
    body: null
    headers:
      Accept:
      - application/json
      Accept-Encoding:
      - gzip, deflate
      CommandName:
      - network dns zone import
      Connection:
      - keep-alive
      ParameterSetName:
      - -n -g --file-name
      User-Agent:
      - AZURECLI/2.29.0 azsdk-python-azure-mgmt-dns/8.0.0 Python/3.8.3 (Windows-10-10.0.18362-SP0)
    method: GET
    uri: https://management.azure.com/subscriptions/00000000-0000-0000-0000-000000000000/resourceGroups/cli_dns_zone9_import000001/providers/Microsoft.Network/dnsZones/zone9.com/NS/@?api-version=2018-05-01
  response:
    body:
      string: '{"id":"\/subscriptions\/00000000-0000-0000-0000-000000000000\/resourceGroups\/cli_dns_zone9_import000001\/providers\/Microsoft.Network\/dnszones\/zone9.com\/NS\/@","name":"@","type":"Microsoft.Network\/dnszones\/NS","etag":"56a913c2-977a-4965-9d20-cfc09657646b","properties":{"fqdn":"zone9.com.","TTL":172800,"NSRecords":[{"nsdname":"ns1-09.azure-dns.com."},{"nsdname":"ns2-09.azure-dns.net."},{"nsdname":"ns3-09.azure-dns.org."},{"nsdname":"ns4-09.azure-dns.info."}],"targetResource":{},"provisioningState":"Succeeded"}}'
    headers:
      cache-control:
      - private
      content-length:
      - '570'
      content-type:
      - application/json; charset=utf-8
      date:
      - Mon, 11 Oct 2021 09:51:08 GMT
      etag:
      - 56a913c2-977a-4965-9d20-cfc09657646b
      server:
      - Microsoft-IIS/10.0
      strict-transport-security:
      - max-age=31536000; includeSubDomains
      transfer-encoding:
      - chunked
      vary:
      - Accept-Encoding
      x-content-type-options:
      - nosniff
      x-ms-ratelimit-remaining-subscription-resource-requests:
      - '498'
      x-powered-by:
      - ASP.NET
    status:
      code: 200
      message: OK
- request:
    body: '{"etag": "56a913c2-977a-4965-9d20-cfc09657646b", "properties": {"TTL":
      172800, "targetResource": {}, "NSRecords": [{"nsdname": "ns1-09.azure-dns.com."},
      {"nsdname": "ns2-09.azure-dns.net."}, {"nsdname": "ns3-09.azure-dns.org."},
      {"nsdname": "ns4-09.azure-dns.info."}]}}'
    headers:
      Accept:
      - application/json
      Accept-Encoding:
      - gzip, deflate
      CommandName:
      - network dns zone import
      Connection:
      - keep-alive
      Content-Length:
      - '269'
      Content-Type:
      - application/json
      ParameterSetName:
      - -n -g --file-name
      User-Agent:
      - AZURECLI/2.29.0 azsdk-python-azure-mgmt-dns/8.0.0 Python/3.8.3 (Windows-10-10.0.18362-SP0)
    method: PUT
    uri: https://management.azure.com/subscriptions/00000000-0000-0000-0000-000000000000/resourceGroups/cli_dns_zone9_import000001/providers/Microsoft.Network/dnsZones/zone9.com/NS/@?api-version=2018-05-01
  response:
    body:
      string: '{"id":"\/subscriptions\/00000000-0000-0000-0000-000000000000\/resourceGroups\/cli_dns_zone9_import000001\/providers\/Microsoft.Network\/dnszones\/zone9.com\/NS\/@","name":"@","type":"Microsoft.Network\/dnszones\/NS","etag":"48b0010a-8459-4df5-a11c-1904771a4dfd","properties":{"fqdn":"zone9.com.","TTL":172800,"NSRecords":[{"nsdname":"ns1-09.azure-dns.com."},{"nsdname":"ns2-09.azure-dns.net."},{"nsdname":"ns3-09.azure-dns.org."},{"nsdname":"ns4-09.azure-dns.info."}],"targetResource":{},"provisioningState":"Succeeded"}}'
    headers:
      cache-control:
      - private
      content-length:
      - '570'
      content-type:
      - application/json; charset=utf-8
      date:
      - Mon, 11 Oct 2021 09:51:09 GMT
      etag:
      - 48b0010a-8459-4df5-a11c-1904771a4dfd
      server:
      - Microsoft-IIS/10.0
      strict-transport-security:
      - max-age=31536000; includeSubDomains
      transfer-encoding:
      - chunked
      vary:
      - Accept-Encoding
      x-content-type-options:
      - nosniff
      x-ms-ratelimit-remaining-subscription-resource-requests:
      - '11997'
      x-powered-by:
      - ASP.NET
    status:
      code: 200
      message: OK
- request:
    body: '{"properties": {"TTL": 3600, "ARecords": [{"ipv4Address": "2.3.4.5"}]}}'
    headers:
      Accept:
      - application/json
      Accept-Encoding:
      - gzip, deflate
      CommandName:
      - network dns zone import
      Connection:
      - keep-alive
      Content-Length:
      - '71'
      Content-Type:
      - application/json
      ParameterSetName:
      - -n -g --file-name
      User-Agent:
      - AZURECLI/2.29.0 azsdk-python-azure-mgmt-dns/8.0.0 Python/3.8.3 (Windows-10-10.0.18362-SP0)
    method: PUT
    uri: https://management.azure.com/subscriptions/00000000-0000-0000-0000-000000000000/resourceGroups/cli_dns_zone9_import000001/providers/Microsoft.Network/dnsZones/zone9.com/a/*?api-version=2018-05-01
  response:
    body:
      string: '{"id":"\/subscriptions\/00000000-0000-0000-0000-000000000000\/resourceGroups\/cli_dns_zone9_import000001\/providers\/Microsoft.Network\/dnszones\/zone9.com\/A\/*","name":"*","type":"Microsoft.Network\/dnszones\/A","etag":"016dc1f7-6455-470b-8cf7-280bf4ab5163","properties":{"fqdn":"*.zone9.com.","TTL":3600,"ARecords":[{"ipv4Address":"2.3.4.5"}],"targetResource":{},"provisioningState":"Succeeded"}}'
    headers:
      cache-control:
      - private
      content-length:
      - '448'
      content-type:
      - application/json; charset=utf-8
      date:
      - Mon, 11 Oct 2021 09:51:10 GMT
      etag:
      - 016dc1f7-6455-470b-8cf7-280bf4ab5163
      server:
      - Microsoft-IIS/10.0
      strict-transport-security:
      - max-age=31536000; includeSubDomains
      x-content-type-options:
      - nosniff
      x-ms-ratelimit-remaining-subscription-resource-requests:
      - '11993'
      x-powered-by:
      - ASP.NET
    status:
      code: 201
      message: Created
- request:
    body: '{"properties": {"TTL": 3600, "ARecords": [{"ipv4Address": "1.2.3.4"}]}}'
    headers:
      Accept:
      - application/json
      Accept-Encoding:
      - gzip, deflate
      CommandName:
      - network dns zone import
      Connection:
      - keep-alive
      Content-Length:
      - '71'
      Content-Type:
      - application/json
      ParameterSetName:
      - -n -g --file-name
      User-Agent:
      - AZURECLI/2.29.0 azsdk-python-azure-mgmt-dns/8.0.0 Python/3.8.3 (Windows-10-10.0.18362-SP0)
    method: PUT
    uri: https://management.azure.com/subscriptions/00000000-0000-0000-0000-000000000000/resourceGroups/cli_dns_zone9_import000001/providers/Microsoft.Network/dnsZones/zone9.com/a/ns?api-version=2018-05-01
  response:
    body:
      string: '{"id":"\/subscriptions\/00000000-0000-0000-0000-000000000000\/resourceGroups\/cli_dns_zone9_import000001\/providers\/Microsoft.Network\/dnszones\/zone9.com\/A\/ns","name":"ns","type":"Microsoft.Network\/dnszones\/A","etag":"bb0db10a-869a-4e35-9596-124bb5262554","properties":{"fqdn":"ns.zone9.com.","TTL":3600,"ARecords":[{"ipv4Address":"1.2.3.4"}],"targetResource":{},"provisioningState":"Succeeded"}}'
    headers:
      cache-control:
      - private
      content-length:
      - '451'
      content-type:
      - application/json; charset=utf-8
      date:
      - Mon, 11 Oct 2021 09:51:11 GMT
      etag:
      - bb0db10a-869a-4e35-9596-124bb5262554
      server:
      - Microsoft-IIS/10.0
      strict-transport-security:
      - max-age=31536000; includeSubDomains
      x-content-type-options:
      - nosniff
      x-ms-ratelimit-remaining-subscription-resource-requests:
      - '11992'
      x-powered-by:
      - ASP.NET
    status:
      code: 201
      message: Created
- request:
    body: '{"properties": {"TTL": 300, "MXRecords": [{"preference": 10, "exchange":
      "mail.zone9.com."}]}}'
    headers:
      Accept:
      - application/json
      Accept-Encoding:
      - gzip, deflate
      CommandName:
      - network dns zone import
      Connection:
      - keep-alive
      Content-Length:
      - '94'
      Content-Type:
      - application/json
      ParameterSetName:
      - -n -g --file-name
      User-Agent:
      - AZURECLI/2.29.0 azsdk-python-azure-mgmt-dns/8.0.0 Python/3.8.3 (Windows-10-10.0.18362-SP0)
    method: PUT
    uri: https://management.azure.com/subscriptions/00000000-0000-0000-0000-000000000000/resourceGroups/cli_dns_zone9_import000001/providers/Microsoft.Network/dnsZones/zone9.com/mx/test-mx?api-version=2018-05-01
  response:
    body:
      string: '{"id":"\/subscriptions\/00000000-0000-0000-0000-000000000000\/resourceGroups\/cli_dns_zone9_import000001\/providers\/Microsoft.Network\/dnszones\/zone9.com\/MX\/test-mx","name":"test-mx","type":"Microsoft.Network\/dnszones\/MX","etag":"fc5f8848-8171-49c2-be82-485fb6fad97b","properties":{"fqdn":"test-mx.zone9.com.","TTL":300,"MXRecords":[{"exchange":"mail.zone9.com.","preference":10}],"targetResource":{},"provisioningState":"Succeeded"}}'
    headers:
      cache-control:
      - private
      content-length:
      - '489'
      content-type:
      - application/json; charset=utf-8
      date:
      - Mon, 11 Oct 2021 09:51:12 GMT
      etag:
      - fc5f8848-8171-49c2-be82-485fb6fad97b
      server:
      - Microsoft-IIS/10.0
      strict-transport-security:
      - max-age=31536000; includeSubDomains
      x-content-type-options:
      - nosniff
      x-ms-ratelimit-remaining-subscription-resource-requests:
      - '11995'
      x-powered-by:
      - ASP.NET
    status:
      code: 201
      message: Created
- request:
    body: '{"properties": {"TTL": 300, "NSRecords": [{"nsdname": "ns1.zone9.com."}]}}'
    headers:
      Accept:
      - application/json
      Accept-Encoding:
      - gzip, deflate
      CommandName:
      - network dns zone import
      Connection:
      - keep-alive
      Content-Length:
      - '74'
      Content-Type:
      - application/json
      ParameterSetName:
      - -n -g --file-name
      User-Agent:
      - AZURECLI/2.29.0 azsdk-python-azure-mgmt-dns/8.0.0 Python/3.8.3 (Windows-10-10.0.18362-SP0)
    method: PUT
    uri: https://management.azure.com/subscriptions/00000000-0000-0000-0000-000000000000/resourceGroups/cli_dns_zone9_import000001/providers/Microsoft.Network/dnsZones/zone9.com/ns/test-ns?api-version=2018-05-01
  response:
    body:
      string: '{"id":"\/subscriptions\/00000000-0000-0000-0000-000000000000\/resourceGroups\/cli_dns_zone9_import000001\/providers\/Microsoft.Network\/dnszones\/zone9.com\/NS\/test-ns","name":"test-ns","type":"Microsoft.Network\/dnszones\/NS","etag":"a0a636f9-89a7-498b-a78d-34777f427ed6","properties":{"fqdn":"test-ns.zone9.com.","TTL":300,"NSRecords":[{"nsdname":"ns1.zone9.com."}],"targetResource":{},"provisioningState":"Succeeded"}}'
    headers:
      cache-control:
      - private
      content-length:
      - '471'
      content-type:
      - application/json; charset=utf-8
      date:
      - Mon, 11 Oct 2021 09:51:13 GMT
      etag:
      - a0a636f9-89a7-498b-a78d-34777f427ed6
      server:
      - Microsoft-IIS/10.0
      strict-transport-security:
      - max-age=31536000; includeSubDomains
      x-content-type-options:
      - nosniff
      x-ms-ratelimit-remaining-subscription-resource-requests:
      - '11996'
      x-powered-by:
      - ASP.NET
    status:
      code: 201
      message: Created
- request:
    body: '{"properties": {"TTL": 300, "SRVRecords": [{"priority": 1, "weight": 2,
      "port": 3, "target": "target.zone9.com."}]}}'
    headers:
      Accept:
      - application/json
      Accept-Encoding:
      - gzip, deflate
      CommandName:
      - network dns zone import
      Connection:
      - keep-alive
      Content-Length:
      - '116'
      Content-Type:
      - application/json
      ParameterSetName:
      - -n -g --file-name
      User-Agent:
      - AZURECLI/2.29.0 azsdk-python-azure-mgmt-dns/8.0.0 Python/3.8.3 (Windows-10-10.0.18362-SP0)
    method: PUT
    uri: https://management.azure.com/subscriptions/00000000-0000-0000-0000-000000000000/resourceGroups/cli_dns_zone9_import000001/providers/Microsoft.Network/dnsZones/zone9.com/srv/_sip._tcp.test-srv?api-version=2018-05-01
  response:
    body:
      string: '{"id":"\/subscriptions\/00000000-0000-0000-0000-000000000000\/resourceGroups\/cli_dns_zone9_import000001\/providers\/Microsoft.Network\/dnszones\/zone9.com\/SRV\/_sip._tcp.test-srv","name":"_sip._tcp.test-srv","type":"Microsoft.Network\/dnszones\/SRV","etag":"33bb0c10-fcc0-4265-850a-f347b5081bba","properties":{"fqdn":"_sip._tcp.test-srv.zone9.com.","TTL":300,"SRVRecords":[{"port":3,"priority":1,"target":"target.zone9.com.","weight":2}],"targetResource":{},"provisioningState":"Succeeded"}}'
    headers:
      cache-control:
      - private
      content-length:
      - '542'
      content-type:
      - application/json; charset=utf-8
      date:
      - Mon, 11 Oct 2021 09:51:16 GMT
      etag:
      - 33bb0c10-fcc0-4265-850a-f347b5081bba
      server:
      - Microsoft-IIS/10.0
      strict-transport-security:
      - max-age=31536000; includeSubDomains
      x-content-type-options:
      - nosniff
      x-ms-ratelimit-remaining-subscription-resource-requests:
      - '11998'
      x-powered-by:
      - ASP.NET
    status:
      code: 201
      message: Created
- request:
    body: '{"properties": {"TTL": 300, "CNAMERecord": {"cname": "zone9.com."}}}'
    headers:
      Accept:
      - application/json
      Accept-Encoding:
      - gzip, deflate
      CommandName:
      - network dns zone import
      Connection:
      - keep-alive
      Content-Length:
      - '68'
      Content-Type:
      - application/json
      ParameterSetName:
      - -n -g --file-name
      User-Agent:
      - AZURECLI/2.29.0 azsdk-python-azure-mgmt-dns/8.0.0 Python/3.8.3 (Windows-10-10.0.18362-SP0)
    method: PUT
    uri: https://management.azure.com/subscriptions/00000000-0000-0000-0000-000000000000/resourceGroups/cli_dns_zone9_import000001/providers/Microsoft.Network/dnsZones/zone9.com/cname/www?api-version=2018-05-01
  response:
    body:
      string: '{"id":"\/subscriptions\/00000000-0000-0000-0000-000000000000\/resourceGroups\/cli_dns_zone9_import000001\/providers\/Microsoft.Network\/dnszones\/zone9.com\/CNAME\/www","name":"www","type":"Microsoft.Network\/dnszones\/CNAME","etag":"fb1bebfd-5e78-4b8b-a9e5-e22bfe0e431e","properties":{"fqdn":"www.zone9.com.","TTL":300,"CNAMERecord":{"cname":"zone9.com."},"targetResource":{},"provisioningState":"Succeeded"}}'
    headers:
      cache-control:
      - private
      content-length:
      - '459'
      content-type:
      - application/json; charset=utf-8
      date:
      - Mon, 11 Oct 2021 09:51:18 GMT
      etag:
      - fb1bebfd-5e78-4b8b-a9e5-e22bfe0e431e
      server:
      - Microsoft-IIS/10.0
      strict-transport-security:
      - max-age=31536000; includeSubDomains
      x-content-type-options:
      - nosniff
      x-ms-ratelimit-remaining-subscription-resource-requests:
      - '11998'
      x-powered-by:
      - ASP.NET
    status:
      code: 201
      message: Created
- request:
    body: null
    headers:
      Accept:
      - application/json
      Accept-Encoding:
      - gzip, deflate
      CommandName:
      - network dns record-set list
      Connection:
      - keep-alive
      ParameterSetName:
      - -g -z
      User-Agent:
      - AZURECLI/2.29.0 azsdk-python-azure-mgmt-dns/8.0.0 Python/3.8.3 (Windows-10-10.0.18362-SP0)
    method: GET
    uri: https://management.azure.com/subscriptions/00000000-0000-0000-0000-000000000000/resourceGroups/cli_dns_zone9_import000001/providers/Microsoft.Network/dnsZones/zone9.com/recordsets?api-version=2018-05-01
  response:
    body:
      string: '{"value":[{"id":"\/subscriptions\/00000000-0000-0000-0000-000000000000\/resourceGroups\/cli_dns_zone9_import000001\/providers\/Microsoft.Network\/dnszones\/zone9.com\/NS\/@","name":"@","type":"Microsoft.Network\/dnszones\/NS","etag":"48b0010a-8459-4df5-a11c-1904771a4dfd","properties":{"fqdn":"zone9.com.","TTL":172800,"NSRecords":[{"nsdname":"ns1-09.azure-dns.com."},{"nsdname":"ns2-09.azure-dns.net."},{"nsdname":"ns3-09.azure-dns.org."},{"nsdname":"ns4-09.azure-dns.info."}],"targetResource":{},"provisioningState":"Succeeded"}},{"id":"\/subscriptions\/00000000-0000-0000-0000-000000000000\/resourceGroups\/cli_dns_zone9_import000001\/providers\/Microsoft.Network\/dnszones\/zone9.com\/SOA\/@","name":"@","type":"Microsoft.Network\/dnszones\/SOA","etag":"ef485424-dd9a-481a-a300-f0417cfb128f","properties":{"fqdn":"zone9.com.","TTL":3600,"SOARecord":{"email":"azuredns-hostmaster.zone9.com.","expireTime":2419200,"host":"ns1-09.azure-dns.com.","minimumTTL":300,"refreshTime":3600,"retryTime":300,"serialNumber":1},"targetResource":{},"provisioningState":"Succeeded"}},{"id":"\/subscriptions\/00000000-0000-0000-0000-000000000000\/resourceGroups\/cli_dns_zone9_import000001\/providers\/Microsoft.Network\/dnszones\/zone9.com\/A\/*","name":"*","type":"Microsoft.Network\/dnszones\/A","etag":"016dc1f7-6455-470b-8cf7-280bf4ab5163","properties":{"fqdn":"*.zone9.com.","TTL":3600,"ARecords":[{"ipv4Address":"2.3.4.5"}],"targetResource":{},"provisioningState":"Succeeded"}},{"id":"\/subscriptions\/00000000-0000-0000-0000-000000000000\/resourceGroups\/cli_dns_zone9_import000001\/providers\/Microsoft.Network\/dnszones\/zone9.com\/A\/ns","name":"ns","type":"Microsoft.Network\/dnszones\/A","etag":"bb0db10a-869a-4e35-9596-124bb5262554","properties":{"fqdn":"ns.zone9.com.","TTL":3600,"ARecords":[{"ipv4Address":"1.2.3.4"}],"targetResource":{},"provisioningState":"Succeeded"}},{"id":"\/subscriptions\/00000000-0000-0000-0000-000000000000\/resourceGroups\/cli_dns_zone9_import000001\/providers\/Microsoft.Network\/dnszones\/zone9.com\/MX\/test-mx","name":"test-mx","type":"Microsoft.Network\/dnszones\/MX","etag":"fc5f8848-8171-49c2-be82-485fb6fad97b","properties":{"fqdn":"test-mx.zone9.com.","TTL":300,"MXRecords":[{"exchange":"mail.zone9.com.","preference":10}],"targetResource":{},"provisioningState":"Succeeded"}},{"id":"\/subscriptions\/00000000-0000-0000-0000-000000000000\/resourceGroups\/cli_dns_zone9_import000001\/providers\/Microsoft.Network\/dnszones\/zone9.com\/NS\/test-ns","name":"test-ns","type":"Microsoft.Network\/dnszones\/NS","etag":"a0a636f9-89a7-498b-a78d-34777f427ed6","properties":{"fqdn":"test-ns.zone9.com.","TTL":300,"NSRecords":[{"nsdname":"ns1.zone9.com."}],"targetResource":{},"provisioningState":"Succeeded"}},{"id":"\/subscriptions\/00000000-0000-0000-0000-000000000000\/resourceGroups\/cli_dns_zone9_import000001\/providers\/Microsoft.Network\/dnszones\/zone9.com\/SRV\/_sip._tcp.test-srv","name":"_sip._tcp.test-srv","type":"Microsoft.Network\/dnszones\/SRV","etag":"33bb0c10-fcc0-4265-850a-f347b5081bba","properties":{"fqdn":"_sip._tcp.test-srv.zone9.com.","TTL":300,"SRVRecords":[{"port":3,"priority":1,"target":"target.zone9.com.","weight":2}],"targetResource":{},"provisioningState":"Succeeded"}},{"id":"\/subscriptions\/00000000-0000-0000-0000-000000000000\/resourceGroups\/cli_dns_zone9_import000001\/providers\/Microsoft.Network\/dnszones\/zone9.com\/CNAME\/www","name":"www","type":"Microsoft.Network\/dnszones\/CNAME","etag":"fb1bebfd-5e78-4b8b-a9e5-e22bfe0e431e","properties":{"fqdn":"www.zone9.com.","TTL":300,"CNAMERecord":{"cname":"zone9.com."},"targetResource":{},"provisioningState":"Succeeded"}}]}'
    headers:
      cache-control:
      - private
      content-length:
      - '4036'
      content-type:
      - application/json; charset=utf-8
      date:
      - Mon, 11 Oct 2021 09:51:19 GMT
      server:
      - Microsoft-IIS/10.0
      strict-transport-security:
      - max-age=31536000; includeSubDomains
      transfer-encoding:
      - chunked
      vary:
      - Accept-Encoding
      x-content-type-options:
      - nosniff
      x-ms-ratelimit-remaining-subscription-resource-entities-read:
      - '59912'
      x-ms-ratelimit-remaining-subscription-resource-requests:
      - '496'
      x-powered-by:
      - ASP.NET
    status:
      code: 200
      message: OK
version: 1
