interactions:
- request:
    body: null
    headers:
      Accept:
      - application/json
      Accept-Encoding:
      - gzip, deflate
      CommandName:
      - network cross-region-lb create
      Connection:
      - keep-alive
      ParameterSetName:
      - -g -n
      User-Agent:
      - AZURECLI/2.28.1 azsdk-python-azure-mgmt-resource/19.0.0 Python/3.8.3 (Windows-10-10.0.18362-SP0)
    method: GET
    uri: https://management.azure.com/subscriptions/00000000-0000-0000-0000-000000000000/resourcegroups/cli_test_cross_region_lb_address_pool000001?api-version=2021-04-01
  response:
    body:
      string: '{"id":"/subscriptions/00000000-0000-0000-0000-000000000000/resourceGroups/cli_test_cross_region_lb_address_pool000001","name":"cli_test_cross_region_lb_address_pool000001","type":"Microsoft.Resources/resourceGroups","location":"eastus2","tags":{"product":"azurecli","cause":"automation","date":"2021-09-15T07:47:13Z"},"properties":{"provisioningState":"Succeeded"}}'
    headers:
      cache-control:
      - no-cache
      content-length:
      - '429'
      content-type:
      - application/json; charset=utf-8
      date:
      - Wed, 15 Sep 2021 07:47:21 GMT
      expires:
      - '-1'
      pragma:
      - no-cache
      strict-transport-security:
      - max-age=31536000; includeSubDomains
      vary:
      - Accept-Encoding
      x-content-type-options:
      - nosniff
    status:
      code: 200
      message: OK
- request:
    body: null
    headers:
      Accept:
      - application/json
      Accept-Encoding:
      - gzip, deflate
      CommandName:
      - network cross-region-lb create
      Connection:
      - keep-alive
      ParameterSetName:
      - -g -n
      User-Agent:
      - AZURECLI/2.28.1 azsdk-python-azure-mgmt-resource/19.0.0 Python/3.8.3 (Windows-10-10.0.18362-SP0)
    method: GET
    uri: https://management.azure.com/subscriptions/00000000-0000-0000-0000-000000000000/resources?$filter=resourceGroup%20eq%20%27cli_test_cross_region_lb_address_pool000001%27%20and%20name%20eq%20%27None%27%20and%20resourceType%20eq%20%27Microsoft.Network%2FpublicIPAddresses%27&api-version=2021-04-01
  response:
    body:
      string: '{"value":[]}'
    headers:
      cache-control:
      - no-cache
      content-length:
      - '12'
      content-type:
      - application/json; charset=utf-8
      date:
      - Wed, 15 Sep 2021 07:47:23 GMT
      expires:
      - '-1'
      pragma:
      - no-cache
      strict-transport-security:
      - max-age=31536000; includeSubDomains
      vary:
      - Accept-Encoding
      x-content-type-options:
      - nosniff
    status:
      code: 200
      message: OK
- request:
    body: '{"properties": {"template": {"$schema": "https://schema.management.azure.com/schemas/2015-01-01/deploymentTemplate.json#",
      "contentVersion": "1.0.0.0", "parameters": {}, "variables": {}, "resources":
      [{"apiVersion": "2021-03-01", "type": "Microsoft.Network/publicIPAddresses",
      "name": "PublicIPcross_region_lb000002", "location": "eastus2", "tags": {},
      "dependsOn": [], "properties": {"publicIPAllocationMethod": "Static"}, "sku":
      {"name": "standard", "tier": "Global"}}, {"type": "Microsoft.Network/loadBalancers",
      "name": "cross_region_lb000002", "location": "eastus2", "tags": {}, "apiVersion":
      "2021-03-01", "dependsOn": ["Microsoft.Network/publicIpAddresses/PublicIPcross_region_lb000002"],
      "properties": {"backendAddressPools": [{"name": "cross_region_lb000002bepool"}],
      "frontendIPConfigurations": [{"name": "LoadBalancerFrontEnd", "properties":
      {"publicIPAddress": {"id": "/subscriptions/00000000-0000-0000-0000-000000000000/resourceGroups/cli_test_cross_region_lb_address_pool000001/providers/Microsoft.Network/publicIPAddresses/PublicIPcross_region_lb000002"}}}]},
      "sku": {"name": "standard", "tier": "Global"}}], "outputs": {"loadBalancer":
      {"type": "object", "value": "[reference(''cross_region_lb000002'')]"}}}, "parameters":
      {}, "mode": "incremental"}}'
    headers:
      Accept:
      - application/json
      Accept-Encoding:
      - gzip, deflate
      CommandName:
      - network cross-region-lb create
      Connection:
      - keep-alive
      Content-Length:
      - '1314'
      Content-Type:
      - application/json
      ParameterSetName:
      - -g -n
      User-Agent:
      - AZURECLI/2.28.1 azsdk-python-azure-mgmt-resource/19.0.0 Python/3.8.3 (Windows-10-10.0.18362-SP0)
    method: PUT
    uri: https://management.azure.com/subscriptions/00000000-0000-0000-0000-000000000000/resourcegroups/cli_test_cross_region_lb_address_pool000001/providers/Microsoft.Resources/deployments/mock-deployment?api-version=2021-04-01
  response:
    body:
      string: '{"id":"/subscriptions/00000000-0000-0000-0000-000000000000/resourceGroups/cli_test_cross_region_lb_address_pool000001/providers/Microsoft.Resources/deployments/lb_deploy_NEuSYN9sFeTxzIP2PSjlyq9eLLlXbt5a","name":"lb_deploy_NEuSYN9sFeTxzIP2PSjlyq9eLLlXbt5a","type":"Microsoft.Resources/deployments","properties":{"templateHash":"3322235530196320088","parameters":{},"mode":"Incremental","provisioningState":"Accepted","timestamp":"2021-09-15T07:47:29.5003568Z","duration":"PT1.3423866S","correlationId":"aa9c396c-b64e-4162-91b0-887ccf185463","providers":[{"namespace":"Microsoft.Network","resourceTypes":[{"resourceType":"publicIPAddresses","locations":["eastus2"]},{"resourceType":"loadBalancers","locations":["eastus2"]}]}],"dependencies":[{"dependsOn":[{"id":"/subscriptions/00000000-0000-0000-0000-000000000000/resourceGroups/cli_test_cross_region_lb_address_pool000001/providers/Microsoft.Network/publicIPAddresses/PublicIPcross_region_lb000002","resourceType":"Microsoft.Network/publicIPAddresses","resourceName":"PublicIPcross_region_lb000002"}],"id":"/subscriptions/00000000-0000-0000-0000-000000000000/resourceGroups/cli_test_cross_region_lb_address_pool000001/providers/Microsoft.Network/loadBalancers/cross_region_lb000002","resourceType":"Microsoft.Network/loadBalancers","resourceName":"cross_region_lb000002"}]}}'
    headers:
      azure-asyncoperation:
      - https://management.azure.com/subscriptions/00000000-0000-0000-0000-000000000000/resourcegroups/cli_test_cross_region_lb_address_pool000001/providers/Microsoft.Resources/deployments/lb_deploy_NEuSYN9sFeTxzIP2PSjlyq9eLLlXbt5a/operationStatuses/08585699148373196590?api-version=2021-04-01
      cache-control:
      - no-cache
      content-length:
      - '1432'
      content-type:
      - application/json; charset=utf-8
      date:
      - Wed, 15 Sep 2021 07:47:31 GMT
      expires:
      - '-1'
      pragma:
      - no-cache
      strict-transport-security:
      - max-age=31536000; includeSubDomains
      x-content-type-options:
      - nosniff
      x-ms-ratelimit-remaining-subscription-writes:
      - '1197'
    status:
      code: 201
      message: Created
- request:
    body: null
    headers:
      Accept:
      - '*/*'
      Accept-Encoding:
      - gzip, deflate
      CommandName:
      - network cross-region-lb create
      Connection:
      - keep-alive
      ParameterSetName:
      - -g -n
      User-Agent:
      - AZURECLI/2.28.1 azsdk-python-azure-mgmt-resource/19.0.0 Python/3.8.3 (Windows-10-10.0.18362-SP0)
    method: GET
    uri: https://management.azure.com/subscriptions/00000000-0000-0000-0000-000000000000/resourcegroups/cli_test_cross_region_lb_address_pool000001/providers/Microsoft.Resources/deployments/mock-deployment/operationStatuses/08585699148373196590?api-version=2021-04-01
  response:
    body:
      string: '{"status":"Succeeded"}'
    headers:
      cache-control:
      - no-cache
      content-length:
      - '22'
      content-type:
      - application/json; charset=utf-8
      date:
      - Wed, 15 Sep 2021 07:48:01 GMT
      expires:
      - '-1'
      pragma:
      - no-cache
      strict-transport-security:
      - max-age=31536000; includeSubDomains
      vary:
      - Accept-Encoding
      x-content-type-options:
      - nosniff
    status:
      code: 200
      message: OK
- request:
    body: null
    headers:
      Accept:
      - '*/*'
      Accept-Encoding:
      - gzip, deflate
      CommandName:
      - network cross-region-lb create
      Connection:
      - keep-alive
      ParameterSetName:
      - -g -n
      User-Agent:
      - AZURECLI/2.28.1 azsdk-python-azure-mgmt-resource/19.0.0 Python/3.8.3 (Windows-10-10.0.18362-SP0)
    method: GET
    uri: https://management.azure.com/subscriptions/00000000-0000-0000-0000-000000000000/resourcegroups/cli_test_cross_region_lb_address_pool000001/providers/Microsoft.Resources/deployments/mock-deployment?api-version=2021-04-01
  response:
    body:
      string: '{"id":"/subscriptions/00000000-0000-0000-0000-000000000000/resourceGroups/cli_test_cross_region_lb_address_pool000001/providers/Microsoft.Resources/deployments/lb_deploy_NEuSYN9sFeTxzIP2PSjlyq9eLLlXbt5a","name":"lb_deploy_NEuSYN9sFeTxzIP2PSjlyq9eLLlXbt5a","type":"Microsoft.Resources/deployments","properties":{"templateHash":"3322235530196320088","parameters":{},"mode":"Incremental","provisioningState":"Succeeded","timestamp":"2021-09-15T07:47:52.254442Z","duration":"PT24.0964718S","correlationId":"aa9c396c-b64e-4162-91b0-887ccf185463","providers":[{"namespace":"Microsoft.Network","resourceTypes":[{"resourceType":"publicIPAddresses","locations":["eastus2"]},{"resourceType":"loadBalancers","locations":["eastus2"]}]}],"dependencies":[{"dependsOn":[{"id":"/subscriptions/00000000-0000-0000-0000-000000000000/resourceGroups/cli_test_cross_region_lb_address_pool000001/providers/Microsoft.Network/publicIPAddresses/PublicIPcross_region_lb000002","resourceType":"Microsoft.Network/publicIPAddresses","resourceName":"PublicIPcross_region_lb000002"}],"id":"/subscriptions/00000000-0000-0000-0000-000000000000/resourceGroups/cli_test_cross_region_lb_address_pool000001/providers/Microsoft.Network/loadBalancers/cross_region_lb000002","resourceType":"Microsoft.Network/loadBalancers","resourceName":"cross_region_lb000002"}],"outputs":{"loadBalancer":{"type":"Object","value":{"provisioningState":"Succeeded","resourceGuid":"7364a295-5dae-46ca-9f00-e3eb210f5760","frontendIPConfigurations":[{"name":"LoadBalancerFrontEnd","id":"/subscriptions/00000000-0000-0000-0000-000000000000/resourceGroups/cli_test_cross_region_lb_address_pool000001/providers/Microsoft.Network/loadBalancers/cross_region_lb000002/frontendIPConfigurations/LoadBalancerFrontEnd","etag":"W/\"4ad52d4f-b917-488c-ba97-736ab2b81ec5\"","type":"Microsoft.Network/loadBalancers/frontendIPConfigurations","properties":{"provisioningState":"Succeeded","privateIPAllocationMethod":"Dynamic","publicIPAddress":{"id":"/subscriptions/00000000-0000-0000-0000-000000000000/resourceGroups/cli_test_cross_region_lb_address_pool000001/providers/Microsoft.Network/publicIPAddresses/PublicIPcross_region_lb000002"}}}],"backendAddressPools":[{"name":"cross_region_lb000002bepool","id":"/subscriptions/00000000-0000-0000-0000-000000000000/resourceGroups/cli_test_cross_region_lb_address_pool000001/providers/Microsoft.Network/loadBalancers/cross_region_lb000002/backendAddressPools/cross_region_lb000002bepool","etag":"W/\"4ad52d4f-b917-488c-ba97-736ab2b81ec5\"","properties":{"provisioningState":"Succeeded","loadBalancerBackendAddresses":[]},"type":"Microsoft.Network/loadBalancers/backendAddressPools"}],"loadBalancingRules":[],"probes":[],"inboundNatRules":[],"outboundRules":[],"inboundNatPools":[]}}},"outputResources":[{"id":"/subscriptions/00000000-0000-0000-0000-000000000000/resourceGroups/cli_test_cross_region_lb_address_pool000001/providers/Microsoft.Network/loadBalancers/cross_region_lb000002"},{"id":"/subscriptions/00000000-0000-0000-0000-000000000000/resourceGroups/cli_test_cross_region_lb_address_pool000001/providers/Microsoft.Network/publicIPAddresses/PublicIPcross_region_lb000002"}]}}'
    headers:
      cache-control:
      - no-cache
      content-length:
      - '3445'
      content-type:
      - application/json; charset=utf-8
      date:
      - Wed, 15 Sep 2021 07:48:02 GMT
      expires:
      - '-1'
      pragma:
      - no-cache
      strict-transport-security:
      - max-age=31536000; includeSubDomains
      vary:
      - Accept-Encoding
      x-content-type-options:
      - nosniff
    status:
      code: 200
      message: OK
- request:
    body: '{"name": "bap1"}'
    headers:
      Accept:
      - application/json
      Accept-Encoding:
      - gzip, deflate
      CommandName:
      - network cross-region-lb address-pool create
      Connection:
      - keep-alive
      Content-Length:
      - '16'
      Content-Type:
      - application/json
      ParameterSetName:
      - -g --lb-name -n
      User-Agent:
      - AZURECLI/2.28.1 azsdk-python-azure-mgmt-network/19.0.0 Python/3.8.3 (Windows-10-10.0.18362-SP0)
    method: PUT
    uri: https://management.azure.com/subscriptions/00000000-0000-0000-0000-000000000000/resourceGroups/cli_test_cross_region_lb_address_pool000001/providers/Microsoft.Network/loadBalancers/cross_region_lb000002/backendAddressPools/bap1?api-version=2021-03-01
  response:
    body:
      string: "{\r\n  \"name\": \"bap1\",\r\n  \"id\": \"/subscriptions/00000000-0000-0000-0000-000000000000/resourceGroups/cli_test_cross_region_lb_address_pool000001/providers/Microsoft.Network/loadBalancers/cross_region_lb000002/backendAddressPools/bap1\",\r\n
        \ \"etag\": \"W/\\\"b03e6612-7a95-42cb-9ef5-3d2797af6498\\\"\",\r\n  \"properties\":
        {\r\n    \"provisioningState\": \"Updating\",\r\n    \"loadBalancerBackendAddresses\":
        []\r\n  },\r\n  \"type\": \"Microsoft.Network/loadBalancers/backendAddressPools\"\r\n}"
    headers:
      azure-asyncoperation:
      - https://management.azure.com/subscriptions/00000000-0000-0000-0000-000000000000/providers/Microsoft.Network/locations/eastus2/operations/5122daa4-559b-4d3d-8e3e-140558fee382?api-version=2021-03-01
      cache-control:
      - no-cache
      content-length:
      - '495'
      content-type:
      - application/json; charset=utf-8
      date:
      - Wed, 15 Sep 2021 07:48:05 GMT
      expires:
      - '-1'
      pragma:
      - no-cache
      server:
      - Microsoft-HTTPAPI/2.0
      - Microsoft-HTTPAPI/2.0
      strict-transport-security:
      - max-age=31536000; includeSubDomains
      x-content-type-options:
      - nosniff
      x-ms-arm-service-request-id:
      - 4155bb1a-4317-4a4f-95b9-b2c122ed55bd
      x-ms-ratelimit-remaining-subscription-writes:
      - '1192'
    status:
      code: 201
      message: Created
- request:
    body: null
    headers:
      Accept:
      - '*/*'
      Accept-Encoding:
      - gzip, deflate
      CommandName:
      - network cross-region-lb address-pool create
      Connection:
      - keep-alive
      ParameterSetName:
      - -g --lb-name -n
      User-Agent:
      - AZURECLI/2.28.1 azsdk-python-azure-mgmt-network/19.0.0 Python/3.8.3 (Windows-10-10.0.18362-SP0)
    method: GET
    uri: https://management.azure.com/subscriptions/00000000-0000-0000-0000-000000000000/providers/Microsoft.Network/locations/eastus2/operations/5122daa4-559b-4d3d-8e3e-140558fee382?api-version=2021-03-01
  response:
    body:
      string: "{\r\n  \"status\": \"Succeeded\"\r\n}"
    headers:
      cache-control:
      - no-cache
      content-length:
      - '29'
      content-type:
      - application/json; charset=utf-8
      date:
      - Wed, 15 Sep 2021 07:48:15 GMT
      expires:
      - '-1'
      pragma:
      - no-cache
      server:
      - Microsoft-HTTPAPI/2.0
      - Microsoft-HTTPAPI/2.0
      strict-transport-security:
      - max-age=31536000; includeSubDomains
      transfer-encoding:
      - chunked
      vary:
      - Accept-Encoding
      x-content-type-options:
      - nosniff
      x-ms-arm-service-request-id:
      - 5e6aabda-bd0a-4474-a057-724c8ce7cfe2
    status:
      code: 200
      message: OK
- request:
    body: null
    headers:
      Accept:
      - '*/*'
      Accept-Encoding:
      - gzip, deflate
      CommandName:
      - network cross-region-lb address-pool create
      Connection:
      - keep-alive
      ParameterSetName:
      - -g --lb-name -n
      User-Agent:
      - AZURECLI/2.28.1 azsdk-python-azure-mgmt-network/19.0.0 Python/3.8.3 (Windows-10-10.0.18362-SP0)
    method: GET
    uri: https://management.azure.com/subscriptions/00000000-0000-0000-0000-000000000000/resourceGroups/cli_test_cross_region_lb_address_pool000001/providers/Microsoft.Network/loadBalancers/cross_region_lb000002/backendAddressPools/bap1?api-version=2021-03-01
  response:
    body:
      string: "{\r\n  \"name\": \"bap1\",\r\n  \"id\": \"/subscriptions/00000000-0000-0000-0000-000000000000/resourceGroups/cli_test_cross_region_lb_address_pool000001/providers/Microsoft.Network/loadBalancers/cross_region_lb000002/backendAddressPools/bap1\",\r\n
        \ \"etag\": \"W/\\\"e7558853-1cf8-436d-8c4c-b87204140ded\\\"\",\r\n  \"properties\":
        {\r\n    \"provisioningState\": \"Succeeded\",\r\n    \"loadBalancerBackendAddresses\":
        []\r\n  },\r\n  \"type\": \"Microsoft.Network/loadBalancers/backendAddressPools\"\r\n}"
    headers:
      cache-control:
      - no-cache
      content-length:
      - '496'
      content-type:
      - application/json; charset=utf-8
      date:
      - Wed, 15 Sep 2021 07:48:16 GMT
      etag:
      - W/"e7558853-1cf8-436d-8c4c-b87204140ded"
      expires:
      - '-1'
      pragma:
      - no-cache
      server:
      - Microsoft-HTTPAPI/2.0
      - Microsoft-HTTPAPI/2.0
      strict-transport-security:
      - max-age=31536000; includeSubDomains
      transfer-encoding:
      - chunked
      vary:
      - Accept-Encoding
      x-content-type-options:
      - nosniff
      x-ms-arm-service-request-id:
      - 3f8c402c-949b-4d1f-9ef4-d58235c60330
    status:
      code: 200
      message: OK
- request:
    body: '{"name": "bap2"}'
    headers:
      Accept:
      - application/json
      Accept-Encoding:
      - gzip, deflate
      CommandName:
      - network cross-region-lb address-pool create
      Connection:
      - keep-alive
      Content-Length:
      - '16'
      Content-Type:
      - application/json
      ParameterSetName:
      - -g --lb-name -n
      User-Agent:
      - AZURECLI/2.28.1 azsdk-python-azure-mgmt-network/19.0.0 Python/3.8.3 (Windows-10-10.0.18362-SP0)
    method: PUT
    uri: https://management.azure.com/subscriptions/00000000-0000-0000-0000-000000000000/resourceGroups/cli_test_cross_region_lb_address_pool000001/providers/Microsoft.Network/loadBalancers/cross_region_lb000002/backendAddressPools/bap2?api-version=2021-03-01
  response:
    body:
      string: "{\r\n  \"name\": \"bap2\",\r\n  \"id\": \"/subscriptions/00000000-0000-0000-0000-000000000000/resourceGroups/cli_test_cross_region_lb_address_pool000001/providers/Microsoft.Network/loadBalancers/cross_region_lb000002/backendAddressPools/bap2\",\r\n
        \ \"etag\": \"W/\\\"41106e4a-3770-4738-b257-d8ac1992ab7f\\\"\",\r\n  \"properties\":
        {\r\n    \"provisioningState\": \"Updating\",\r\n    \"loadBalancerBackendAddresses\":
        []\r\n  },\r\n  \"type\": \"Microsoft.Network/loadBalancers/backendAddressPools\"\r\n}"
    headers:
      azure-asyncoperation:
      - https://management.azure.com/subscriptions/00000000-0000-0000-0000-000000000000/providers/Microsoft.Network/locations/eastus2/operations/a3bc8856-ece0-42e2-b132-7e5cbcc8f364?api-version=2021-03-01
      cache-control:
      - no-cache
      content-length:
      - '495'
      content-type:
      - application/json; charset=utf-8
      date:
      - Wed, 15 Sep 2021 07:48:18 GMT
      expires:
      - '-1'
      pragma:
      - no-cache
      server:
      - Microsoft-HTTPAPI/2.0
      - Microsoft-HTTPAPI/2.0
      strict-transport-security:
      - max-age=31536000; includeSubDomains
      x-content-type-options:
      - nosniff
      x-ms-arm-service-request-id:
      - 3f94eee4-2c0c-443d-b2f0-b3513d8b37a9
      x-ms-ratelimit-remaining-subscription-writes:
      - '1189'
    status:
      code: 201
      message: Created
- request:
    body: null
    headers:
      Accept:
      - '*/*'
      Accept-Encoding:
      - gzip, deflate
      CommandName:
      - network cross-region-lb address-pool create
      Connection:
      - keep-alive
      ParameterSetName:
      - -g --lb-name -n
      User-Agent:
      - AZURECLI/2.28.1 azsdk-python-azure-mgmt-network/19.0.0 Python/3.8.3 (Windows-10-10.0.18362-SP0)
    method: GET
    uri: https://management.azure.com/subscriptions/00000000-0000-0000-0000-000000000000/providers/Microsoft.Network/locations/eastus2/operations/a3bc8856-ece0-42e2-b132-7e5cbcc8f364?api-version=2021-03-01
  response:
    body:
      string: "{\r\n  \"status\": \"Succeeded\"\r\n}"
    headers:
      cache-control:
      - no-cache
      content-length:
      - '29'
      content-type:
      - application/json; charset=utf-8
      date:
      - Wed, 15 Sep 2021 07:48:29 GMT
      expires:
      - '-1'
      pragma:
      - no-cache
      server:
      - Microsoft-HTTPAPI/2.0
      - Microsoft-HTTPAPI/2.0
      strict-transport-security:
      - max-age=31536000; includeSubDomains
      transfer-encoding:
      - chunked
      vary:
      - Accept-Encoding
      x-content-type-options:
      - nosniff
      x-ms-arm-service-request-id:
      - 9cc080b3-8bd1-4444-9af8-ff1bb700e65f
    status:
      code: 200
      message: OK
- request:
    body: null
    headers:
      Accept:
      - '*/*'
      Accept-Encoding:
      - gzip, deflate
      CommandName:
      - network cross-region-lb address-pool create
      Connection:
      - keep-alive
      ParameterSetName:
      - -g --lb-name -n
      User-Agent:
      - AZURECLI/2.28.1 azsdk-python-azure-mgmt-network/19.0.0 Python/3.8.3 (Windows-10-10.0.18362-SP0)
    method: GET
    uri: https://management.azure.com/subscriptions/00000000-0000-0000-0000-000000000000/resourceGroups/cli_test_cross_region_lb_address_pool000001/providers/Microsoft.Network/loadBalancers/cross_region_lb000002/backendAddressPools/bap2?api-version=2021-03-01
  response:
    body:
      string: "{\r\n  \"name\": \"bap2\",\r\n  \"id\": \"/subscriptions/00000000-0000-0000-0000-000000000000/resourceGroups/cli_test_cross_region_lb_address_pool000001/providers/Microsoft.Network/loadBalancers/cross_region_lb000002/backendAddressPools/bap2\",\r\n
        \ \"etag\": \"W/\\\"080eccb1-adde-429c-a9ba-82c5ac22d83e\\\"\",\r\n  \"properties\":
        {\r\n    \"provisioningState\": \"Succeeded\",\r\n    \"loadBalancerBackendAddresses\":
        []\r\n  },\r\n  \"type\": \"Microsoft.Network/loadBalancers/backendAddressPools\"\r\n}"
    headers:
      cache-control:
      - no-cache
      content-length:
      - '496'
      content-type:
      - application/json; charset=utf-8
      date:
      - Wed, 15 Sep 2021 07:48:29 GMT
      etag:
      - W/"080eccb1-adde-429c-a9ba-82c5ac22d83e"
      expires:
      - '-1'
      pragma:
      - no-cache
      server:
      - Microsoft-HTTPAPI/2.0
      - Microsoft-HTTPAPI/2.0
      strict-transport-security:
      - max-age=31536000; includeSubDomains
      transfer-encoding:
      - chunked
      vary:
      - Accept-Encoding
      x-content-type-options:
      - nosniff
      x-ms-arm-service-request-id:
      - 91bed73b-f02a-4260-8d03-214b65353005
    status:
      code: 200
      message: OK
- request:
    body: '{"name": "bap3"}'
    headers:
      Accept:
      - application/json
      Accept-Encoding:
      - gzip, deflate
      CommandName:
      - network cross-region-lb address-pool create
      Connection:
      - keep-alive
      Content-Length:
      - '16'
      Content-Type:
      - application/json
      ParameterSetName:
      - -g --lb-name -n
      User-Agent:
      - AZURECLI/2.28.1 azsdk-python-azure-mgmt-network/19.0.0 Python/3.8.3 (Windows-10-10.0.18362-SP0)
    method: PUT
    uri: https://management.azure.com/subscriptions/00000000-0000-0000-0000-000000000000/resourceGroups/cli_test_cross_region_lb_address_pool000001/providers/Microsoft.Network/loadBalancers/cross_region_lb000002/backendAddressPools/bap3?api-version=2021-03-01
  response:
    body:
      string: "{\r\n  \"name\": \"bap3\",\r\n  \"id\": \"/subscriptions/00000000-0000-0000-0000-000000000000/resourceGroups/cli_test_cross_region_lb_address_pool000001/providers/Microsoft.Network/loadBalancers/cross_region_lb000002/backendAddressPools/bap3\",\r\n
        \ \"etag\": \"W/\\\"b13cde5c-69a3-485d-b963-ee9046fa67e4\\\"\",\r\n  \"properties\":
        {\r\n    \"provisioningState\": \"Updating\",\r\n    \"loadBalancerBackendAddresses\":
        []\r\n  },\r\n  \"type\": \"Microsoft.Network/loadBalancers/backendAddressPools\"\r\n}"
    headers:
      azure-asyncoperation:
      - https://management.azure.com/subscriptions/00000000-0000-0000-0000-000000000000/providers/Microsoft.Network/locations/eastus2/operations/fda483e3-db1c-4f9a-9995-27e0523c8efd?api-version=2021-03-01
      cache-control:
      - no-cache
      content-length:
      - '495'
      content-type:
      - application/json; charset=utf-8
      date:
      - Wed, 15 Sep 2021 07:48:32 GMT
      expires:
      - '-1'
      pragma:
      - no-cache
      server:
      - Microsoft-HTTPAPI/2.0
      - Microsoft-HTTPAPI/2.0
      strict-transport-security:
      - max-age=31536000; includeSubDomains
      x-content-type-options:
      - nosniff
      x-ms-arm-service-request-id:
      - af30ed99-47b4-4bd1-af2f-9d0d440193fc
      x-ms-ratelimit-remaining-subscription-writes:
      - '1192'
    status:
      code: 201
      message: Created
- request:
    body: null
    headers:
      Accept:
      - '*/*'
      Accept-Encoding:
      - gzip, deflate
      CommandName:
      - network cross-region-lb address-pool create
      Connection:
      - keep-alive
      ParameterSetName:
      - -g --lb-name -n
      User-Agent:
      - AZURECLI/2.28.1 azsdk-python-azure-mgmt-network/19.0.0 Python/3.8.3 (Windows-10-10.0.18362-SP0)
    method: GET
    uri: https://management.azure.com/subscriptions/00000000-0000-0000-0000-000000000000/providers/Microsoft.Network/locations/eastus2/operations/fda483e3-db1c-4f9a-9995-27e0523c8efd?api-version=2021-03-01
  response:
    body:
      string: "{\r\n  \"status\": \"Succeeded\"\r\n}"
    headers:
      cache-control:
      - no-cache
      content-length:
      - '29'
      content-type:
      - application/json; charset=utf-8
      date:
      - Wed, 15 Sep 2021 07:48:42 GMT
      expires:
      - '-1'
      pragma:
      - no-cache
      server:
      - Microsoft-HTTPAPI/2.0
      - Microsoft-HTTPAPI/2.0
      strict-transport-security:
      - max-age=31536000; includeSubDomains
      transfer-encoding:
      - chunked
      vary:
      - Accept-Encoding
      x-content-type-options:
      - nosniff
      x-ms-arm-service-request-id:
      - f4837501-3baa-46c3-8627-4acd29b19da6
    status:
      code: 200
      message: OK
- request:
    body: null
    headers:
      Accept:
      - '*/*'
      Accept-Encoding:
      - gzip, deflate
      CommandName:
      - network cross-region-lb address-pool create
      Connection:
      - keep-alive
      ParameterSetName:
      - -g --lb-name -n
      User-Agent:
      - AZURECLI/2.28.1 azsdk-python-azure-mgmt-network/19.0.0 Python/3.8.3 (Windows-10-10.0.18362-SP0)
    method: GET
    uri: https://management.azure.com/subscriptions/00000000-0000-0000-0000-000000000000/resourceGroups/cli_test_cross_region_lb_address_pool000001/providers/Microsoft.Network/loadBalancers/cross_region_lb000002/backendAddressPools/bap3?api-version=2021-03-01
  response:
    body:
      string: "{\r\n  \"name\": \"bap3\",\r\n  \"id\": \"/subscriptions/00000000-0000-0000-0000-000000000000/resourceGroups/cli_test_cross_region_lb_address_pool000001/providers/Microsoft.Network/loadBalancers/cross_region_lb000002/backendAddressPools/bap3\",\r\n
        \ \"etag\": \"W/\\\"69ea1d1e-d186-4c7f-b1ed-1911f2094049\\\"\",\r\n  \"properties\":
        {\r\n    \"provisioningState\": \"Succeeded\",\r\n    \"loadBalancerBackendAddresses\":
        []\r\n  },\r\n  \"type\": \"Microsoft.Network/loadBalancers/backendAddressPools\"\r\n}"
    headers:
      cache-control:
      - no-cache
      content-length:
      - '496'
      content-type:
      - application/json; charset=utf-8
      date:
      - Wed, 15 Sep 2021 07:48:43 GMT
      etag:
      - W/"69ea1d1e-d186-4c7f-b1ed-1911f2094049"
      expires:
      - '-1'
      pragma:
      - no-cache
      server:
      - Microsoft-HTTPAPI/2.0
      - Microsoft-HTTPAPI/2.0
      strict-transport-security:
      - max-age=31536000; includeSubDomains
      transfer-encoding:
      - chunked
      vary:
      - Accept-Encoding
      x-content-type-options:
      - nosniff
      x-ms-arm-service-request-id:
      - e682ea6c-589e-412d-a0d3-1b89ccb486ae
    status:
      code: 200
      message: OK
- request:
    body: null
    headers:
      Accept:
      - application/json
      Accept-Encoding:
      - gzip, deflate
      CommandName:
      - network lb address-pool list
      Connection:
      - keep-alive
      ParameterSetName:
      - -g --lb-name
      User-Agent:
      - AZURECLI/2.28.1 azsdk-python-azure-mgmt-network/19.0.0 Python/3.8.3 (Windows-10-10.0.18362-SP0)
    method: GET
    uri: https://management.azure.com/subscriptions/00000000-0000-0000-0000-000000000000/resourceGroups/cli_test_cross_region_lb_address_pool000001/providers/Microsoft.Network/loadBalancers/cross_region_lb000002/backendAddressPools?api-version=2021-03-01
  response:
    body:
      string: "{\r\n  \"value\": [\r\n    {\r\n      \"name\": \"cross_region_lb000002bepool\",\r\n
        \     \"id\": \"/subscriptions/00000000-0000-0000-0000-000000000000/resourceGroups/cli_test_cross_region_lb_address_pool000001/providers/Microsoft.Network/loadBalancers/cross_region_lb000002/backendAddressPools/cross_region_lb000002bepool\",\r\n
        \     \"etag\": \"W/\\\"69ea1d1e-d186-4c7f-b1ed-1911f2094049\\\"\",\r\n      \"properties\":
        {\r\n        \"provisioningState\": \"Succeeded\",\r\n        \"loadBalancerBackendAddresses\":
        []\r\n      },\r\n      \"type\": \"Microsoft.Network/loadBalancers/backendAddressPools\"\r\n
        \   },\r\n    {\r\n      \"name\": \"bap1\",\r\n      \"id\": \"/subscriptions/00000000-0000-0000-0000-000000000000/resourceGroups/cli_test_cross_region_lb_address_pool000001/providers/Microsoft.Network/loadBalancers/cross_region_lb000002/backendAddressPools/bap1\",\r\n
        \     \"etag\": \"W/\\\"69ea1d1e-d186-4c7f-b1ed-1911f2094049\\\"\",\r\n      \"properties\":
        {\r\n        \"provisioningState\": \"Succeeded\",\r\n        \"loadBalancerBackendAddresses\":
        []\r\n      },\r\n      \"type\": \"Microsoft.Network/loadBalancers/backendAddressPools\"\r\n
        \   },\r\n    {\r\n      \"name\": \"bap2\",\r\n      \"id\": \"/subscriptions/00000000-0000-0000-0000-000000000000/resourceGroups/cli_test_cross_region_lb_address_pool000001/providers/Microsoft.Network/loadBalancers/cross_region_lb000002/backendAddressPools/bap2\",\r\n
        \     \"etag\": \"W/\\\"69ea1d1e-d186-4c7f-b1ed-1911f2094049\\\"\",\r\n      \"properties\":
        {\r\n        \"provisioningState\": \"Succeeded\",\r\n        \"loadBalancerBackendAddresses\":
        []\r\n      },\r\n      \"type\": \"Microsoft.Network/loadBalancers/backendAddressPools\"\r\n
        \   },\r\n    {\r\n      \"name\": \"bap3\",\r\n      \"id\": \"/subscriptions/00000000-0000-0000-0000-000000000000/resourceGroups/cli_test_cross_region_lb_address_pool000001/providers/Microsoft.Network/loadBalancers/cross_region_lb000002/backendAddressPools/bap3\",\r\n
        \     \"etag\": \"W/\\\"69ea1d1e-d186-4c7f-b1ed-1911f2094049\\\"\",\r\n      \"properties\":
        {\r\n        \"provisioningState\": \"Succeeded\",\r\n        \"loadBalancerBackendAddresses\":
        []\r\n      },\r\n      \"type\": \"Microsoft.Network/loadBalancers/backendAddressPools\"\r\n
        \   }\r\n  ]\r\n}"
    headers:
      cache-control:
      - no-cache
      content-length:
      - '2230'
      content-type:
      - application/json; charset=utf-8
      date:
      - Wed, 15 Sep 2021 07:48:45 GMT
      expires:
      - '-1'
      pragma:
      - no-cache
      server:
      - Microsoft-HTTPAPI/2.0
      - Microsoft-HTTPAPI/2.0
      strict-transport-security:
      - max-age=31536000; includeSubDomains
      transfer-encoding:
      - chunked
      vary:
      - Accept-Encoding
      x-content-type-options:
      - nosniff
      x-ms-arm-service-request-id:
      - 17cedd77-383d-4431-b926-3938eabec6da
    status:
      code: 200
      message: OK
- request:
    body: null
    headers:
      Accept:
      - application/json
      Accept-Encoding:
      - gzip, deflate
      CommandName:
      - network lb address-pool show
      Connection:
      - keep-alive
      ParameterSetName:
      - -g --lb-name -n
      User-Agent:
      - AZURECLI/2.28.1 azsdk-python-azure-mgmt-network/19.0.0 Python/3.8.3 (Windows-10-10.0.18362-SP0)
    method: GET
    uri: https://management.azure.com/subscriptions/00000000-0000-0000-0000-000000000000/resourceGroups/cli_test_cross_region_lb_address_pool000001/providers/Microsoft.Network/loadBalancers/cross_region_lb000002/backendAddressPools/bap1?api-version=2021-03-01
  response:
    body:
      string: "{\r\n  \"name\": \"bap1\",\r\n  \"id\": \"/subscriptions/00000000-0000-0000-0000-000000000000/resourceGroups/cli_test_cross_region_lb_address_pool000001/providers/Microsoft.Network/loadBalancers/cross_region_lb000002/backendAddressPools/bap1\",\r\n
        \ \"etag\": \"W/\\\"69ea1d1e-d186-4c7f-b1ed-1911f2094049\\\"\",\r\n  \"properties\":
        {\r\n    \"provisioningState\": \"Succeeded\",\r\n    \"loadBalancerBackendAddresses\":
        []\r\n  },\r\n  \"type\": \"Microsoft.Network/loadBalancers/backendAddressPools\"\r\n}"
    headers:
      cache-control:
      - no-cache
      content-length:
      - '496'
      content-type:
      - application/json; charset=utf-8
      date:
      - Wed, 15 Sep 2021 07:48:47 GMT
      etag:
      - W/"69ea1d1e-d186-4c7f-b1ed-1911f2094049"
      expires:
      - '-1'
      pragma:
      - no-cache
      server:
      - Microsoft-HTTPAPI/2.0
      - Microsoft-HTTPAPI/2.0
      strict-transport-security:
      - max-age=31536000; includeSubDomains
      transfer-encoding:
      - chunked
      vary:
      - Accept-Encoding
      x-content-type-options:
      - nosniff
      x-ms-arm-service-request-id:
      - 8cc1c46c-f7a1-40f1-8dd0-c422694e5c90
    status:
      code: 200
      message: OK
- request:
    body: null
    headers:
      Accept:
      - application/json
      Accept-Encoding:
      - gzip, deflate
      CommandName:
      - network lb address-pool delete
      Connection:
      - keep-alive
      ParameterSetName:
      - -g --lb-name -n
      User-Agent:
      - AZURECLI/2.28.1 azsdk-python-azure-mgmt-network/19.0.0 Python/3.8.3 (Windows-10-10.0.18362-SP0)
    method: GET
    uri: https://management.azure.com/subscriptions/00000000-0000-0000-0000-000000000000/resourceGroups/cli_test_cross_region_lb_address_pool000001/providers/Microsoft.Network/loadBalancers/cross_region_lb000002?api-version=2021-03-01
  response:
    body:
      string: "{\r\n  \"name\": \"cross_region_lb000002\",\r\n  \"id\": \"/subscriptions/00000000-0000-0000-0000-000000000000/resourceGroups/cli_test_cross_region_lb_address_pool000001/providers/Microsoft.Network/loadBalancers/cross_region_lb000002\",\r\n
        \ \"etag\": \"W/\\\"69ea1d1e-d186-4c7f-b1ed-1911f2094049\\\"\",\r\n  \"type\":
        \"Microsoft.Network/loadBalancers\",\r\n  \"location\": \"eastus2\",\r\n  \"tags\":
        {},\r\n  \"properties\": {\r\n    \"provisioningState\": \"Succeeded\",\r\n
        \   \"resourceGuid\": \"7364a295-5dae-46ca-9f00-e3eb210f5760\",\r\n    \"frontendIPConfigurations\":
        [\r\n      {\r\n        \"name\": \"LoadBalancerFrontEnd\",\r\n        \"id\":
        \"/subscriptions/00000000-0000-0000-0000-000000000000/resourceGroups/cli_test_cross_region_lb_address_pool000001/providers/Microsoft.Network/loadBalancers/cross_region_lb000002/frontendIPConfigurations/LoadBalancerFrontEnd\",\r\n
        \       \"etag\": \"W/\\\"69ea1d1e-d186-4c7f-b1ed-1911f2094049\\\"\",\r\n
        \       \"type\": \"Microsoft.Network/loadBalancers/frontendIPConfigurations\",\r\n
        \       \"properties\": {\r\n          \"provisioningState\": \"Succeeded\",\r\n
        \         \"privateIPAllocationMethod\": \"Dynamic\",\r\n          \"publicIPAddress\":
        {\r\n            \"id\": \"/subscriptions/00000000-0000-0000-0000-000000000000/resourceGroups/cli_test_cross_region_lb_address_pool000001/providers/Microsoft.Network/publicIPAddresses/PublicIPcross_region_lb000002\"\r\n
        \         }\r\n        }\r\n      }\r\n    ],\r\n    \"backendAddressPools\":
        [\r\n      {\r\n        \"name\": \"cross_region_lb000002bepool\",\r\n        \"id\":
        \"/subscriptions/00000000-0000-0000-0000-000000000000/resourceGroups/cli_test_cross_region_lb_address_pool000001/providers/Microsoft.Network/loadBalancers/cross_region_lb000002/backendAddressPools/cross_region_lb000002bepool\",\r\n
        \       \"etag\": \"W/\\\"69ea1d1e-d186-4c7f-b1ed-1911f2094049\\\"\",\r\n
        \       \"properties\": {\r\n          \"provisioningState\": \"Succeeded\",\r\n
        \         \"loadBalancerBackendAddresses\": []\r\n        },\r\n        \"type\":
        \"Microsoft.Network/loadBalancers/backendAddressPools\"\r\n      },\r\n      {\r\n
        \       \"name\": \"bap1\",\r\n        \"id\": \"/subscriptions/00000000-0000-0000-0000-000000000000/resourceGroups/cli_test_cross_region_lb_address_pool000001/providers/Microsoft.Network/loadBalancers/cross_region_lb000002/backendAddressPools/bap1\",\r\n
        \       \"etag\": \"W/\\\"69ea1d1e-d186-4c7f-b1ed-1911f2094049\\\"\",\r\n
        \       \"properties\": {\r\n          \"provisioningState\": \"Succeeded\",\r\n
        \         \"loadBalancerBackendAddresses\": []\r\n        },\r\n        \"type\":
        \"Microsoft.Network/loadBalancers/backendAddressPools\"\r\n      },\r\n      {\r\n
        \       \"name\": \"bap2\",\r\n        \"id\": \"/subscriptions/00000000-0000-0000-0000-000000000000/resourceGroups/cli_test_cross_region_lb_address_pool000001/providers/Microsoft.Network/loadBalancers/cross_region_lb000002/backendAddressPools/bap2\",\r\n
        \       \"etag\": \"W/\\\"69ea1d1e-d186-4c7f-b1ed-1911f2094049\\\"\",\r\n
        \       \"properties\": {\r\n          \"provisioningState\": \"Succeeded\",\r\n
        \         \"loadBalancerBackendAddresses\": []\r\n        },\r\n        \"type\":
        \"Microsoft.Network/loadBalancers/backendAddressPools\"\r\n      },\r\n      {\r\n
        \       \"name\": \"bap3\",\r\n        \"id\": \"/subscriptions/00000000-0000-0000-0000-000000000000/resourceGroups/cli_test_cross_region_lb_address_pool000001/providers/Microsoft.Network/loadBalancers/cross_region_lb000002/backendAddressPools/bap3\",\r\n
        \       \"etag\": \"W/\\\"69ea1d1e-d186-4c7f-b1ed-1911f2094049\\\"\",\r\n
        \       \"properties\": {\r\n          \"provisioningState\": \"Succeeded\",\r\n
        \         \"loadBalancerBackendAddresses\": []\r\n        },\r\n        \"type\":
        \"Microsoft.Network/loadBalancers/backendAddressPools\"\r\n      }\r\n    ],\r\n
        \   \"loadBalancingRules\": [],\r\n    \"probes\": [],\r\n    \"inboundNatRules\":
        [],\r\n    \"outboundRules\": [],\r\n    \"inboundNatPools\": []\r\n  },\r\n
        \ \"sku\": {\r\n    \"name\": \"Standard\",\r\n    \"tier\": \"Global\"\r\n
        \ }\r\n}"
    headers:
      cache-control:
      - no-cache
      content-length:
      - '3990'
      content-type:
      - application/json; charset=utf-8
      date:
      - Wed, 15 Sep 2021 07:48:49 GMT
      etag:
      - W/"69ea1d1e-d186-4c7f-b1ed-1911f2094049"
      expires:
      - '-1'
      pragma:
      - no-cache
      server:
      - Microsoft-HTTPAPI/2.0
      - Microsoft-HTTPAPI/2.0
      strict-transport-security:
      - max-age=31536000; includeSubDomains
      transfer-encoding:
      - chunked
      vary:
      - Accept-Encoding
      x-content-type-options:
      - nosniff
      x-ms-arm-service-request-id:
      - 8beb4a7d-ee95-4057-8751-73143d800f98
    status:
      code: 200
      message: OK
- request:
    body: null
    headers:
      Accept:
      - application/json
      Accept-Encoding:
      - gzip, deflate
      CommandName:
      - network lb address-pool delete
      Connection:
      - keep-alive
      Content-Length:
      - '0'
      ParameterSetName:
      - -g --lb-name -n
      User-Agent:
      - AZURECLI/2.28.1 azsdk-python-azure-mgmt-network/19.0.0 Python/3.8.3 (Windows-10-10.0.18362-SP0)
    method: DELETE
    uri: https://management.azure.com/subscriptions/00000000-0000-0000-0000-000000000000/resourceGroups/cli_test_cross_region_lb_address_pool000001/providers/Microsoft.Network/loadBalancers/cross_region_lb000002/backendAddressPools/bap1?api-version=2021-03-01
  response:
    body:
      string: ''
    headers:
      azure-asyncoperation:
      - https://management.azure.com/subscriptions/00000000-0000-0000-0000-000000000000/providers/Microsoft.Network/locations/eastus2/operations/eb2c970e-c31c-485b-a6b7-d76e33c2b0b4?api-version=2021-03-01
      cache-control:
      - no-cache
      content-length:
      - '0'
      date:
      - Wed, 15 Sep 2021 07:48:49 GMT
      expires:
      - '-1'
      location:
      - https://management.azure.com/subscriptions/00000000-0000-0000-0000-000000000000/providers/Microsoft.Network/locations/eastus2/operationResults/eb2c970e-c31c-485b-a6b7-d76e33c2b0b4?api-version=2021-03-01
      pragma:
      - no-cache
      server:
      - Microsoft-HTTPAPI/2.0
      - Microsoft-HTTPAPI/2.0
      strict-transport-security:
      - max-age=31536000; includeSubDomains
      x-content-type-options:
      - nosniff
      x-ms-arm-service-request-id:
      - c689459f-cb9d-48f6-b163-695e587350e1
      x-ms-ratelimit-remaining-subscription-deletes:
      - '14997'
    status:
      code: 202
      message: Accepted
- request:
    body: null
    headers:
      Accept:
      - '*/*'
      Accept-Encoding:
      - gzip, deflate
      CommandName:
      - network lb address-pool delete
      Connection:
      - keep-alive
      ParameterSetName:
      - -g --lb-name -n
      User-Agent:
      - AZURECLI/2.28.1 azsdk-python-azure-mgmt-network/19.0.0 Python/3.8.3 (Windows-10-10.0.18362-SP0)
    method: GET
    uri: https://management.azure.com/subscriptions/00000000-0000-0000-0000-000000000000/providers/Microsoft.Network/locations/eastus2/operations/eb2c970e-c31c-485b-a6b7-d76e33c2b0b4?api-version=2021-03-01
  response:
    body:
      string: "{\r\n  \"status\": \"Succeeded\"\r\n}"
    headers:
      cache-control:
      - no-cache
      content-length:
      - '29'
      content-type:
      - application/json; charset=utf-8
      date:
      - Wed, 15 Sep 2021 07:49:00 GMT
      expires:
      - '-1'
      pragma:
      - no-cache
      server:
      - Microsoft-HTTPAPI/2.0
      - Microsoft-HTTPAPI/2.0
      strict-transport-security:
      - max-age=31536000; includeSubDomains
      transfer-encoding:
      - chunked
      vary:
      - Accept-Encoding
      x-content-type-options:
      - nosniff
      x-ms-arm-service-request-id:
      - cc744106-09b6-4ed0-9149-048159f2367b
    status:
      code: 200
      message: OK
- request:
    body: null
    headers:
      Accept:
      - application/json
      Accept-Encoding:
      - gzip, deflate
      CommandName:
      - network lb address-pool list
      Connection:
      - keep-alive
      ParameterSetName:
      - -g --lb-name
      User-Agent:
      - AZURECLI/2.28.1 azsdk-python-azure-mgmt-network/19.0.0 Python/3.8.3 (Windows-10-10.0.18362-SP0)
    method: GET
    uri: https://management.azure.com/subscriptions/00000000-0000-0000-0000-000000000000/resourceGroups/cli_test_cross_region_lb_address_pool000001/providers/Microsoft.Network/loadBalancers/cross_region_lb000002/backendAddressPools?api-version=2021-03-01
  response:
    body:
      string: "{\r\n  \"value\": [\r\n    {\r\n      \"name\": \"cross_region_lb000002bepool\",\r\n
        \     \"id\": \"/subscriptions/00000000-0000-0000-0000-000000000000/resourceGroups/cli_test_cross_region_lb_address_pool000001/providers/Microsoft.Network/loadBalancers/cross_region_lb000002/backendAddressPools/cross_region_lb000002bepool\",\r\n
        \     \"etag\": \"W/\\\"ee1146fc-9d5d-4d5e-9685-e4e6504d6dbe\\\"\",\r\n      \"properties\":
        {\r\n        \"provisioningState\": \"Succeeded\",\r\n        \"loadBalancerBackendAddresses\":
        []\r\n      },\r\n      \"type\": \"Microsoft.Network/loadBalancers/backendAddressPools\"\r\n
        \   },\r\n    {\r\n      \"name\": \"bap2\",\r\n      \"id\": \"/subscriptions/00000000-0000-0000-0000-000000000000/resourceGroups/cli_test_cross_region_lb_address_pool000001/providers/Microsoft.Network/loadBalancers/cross_region_lb000002/backendAddressPools/bap2\",\r\n
        \     \"etag\": \"W/\\\"ee1146fc-9d5d-4d5e-9685-e4e6504d6dbe\\\"\",\r\n      \"properties\":
        {\r\n        \"provisioningState\": \"Succeeded\",\r\n        \"loadBalancerBackendAddresses\":
        []\r\n      },\r\n      \"type\": \"Microsoft.Network/loadBalancers/backendAddressPools\"\r\n
        \   },\r\n    {\r\n      \"name\": \"bap3\",\r\n      \"id\": \"/subscriptions/00000000-0000-0000-0000-000000000000/resourceGroups/cli_test_cross_region_lb_address_pool000001/providers/Microsoft.Network/loadBalancers/cross_region_lb000002/backendAddressPools/bap3\",\r\n
        \     \"etag\": \"W/\\\"ee1146fc-9d5d-4d5e-9685-e4e6504d6dbe\\\"\",\r\n      \"properties\":
        {\r\n        \"provisioningState\": \"Succeeded\",\r\n        \"loadBalancerBackendAddresses\":
        []\r\n      },\r\n      \"type\": \"Microsoft.Network/loadBalancers/backendAddressPools\"\r\n
        \   }\r\n  ]\r\n}"
    headers:
      cache-control:
      - no-cache
      content-length:
      - '1691'
      content-type:
      - application/json; charset=utf-8
      date:
      - Wed, 15 Sep 2021 07:49:03 GMT
      expires:
      - '-1'
      pragma:
      - no-cache
      server:
      - Microsoft-HTTPAPI/2.0
      - Microsoft-HTTPAPI/2.0
      strict-transport-security:
      - max-age=31536000; includeSubDomains
      transfer-encoding:
      - chunked
      vary:
      - Accept-Encoding
      x-content-type-options:
      - nosniff
      x-ms-arm-service-request-id:
      - 9f70af82-7aab-46a8-a041-4b1aa02f0355
    status:
      code: 200
      message: OK
version: 1
