interactions:
- request:
    body: null
    headers:
      Accept:
      - application/json
      Accept-Encoding:
      - gzip, deflate
      CommandName:
      - network public-ip create
      Connection:
      - keep-alive
      ParameterSetName:
      - -g -n
      User-Agent:
      - AZURECLI/2.40.0 (PIP) azsdk-python-azure-mgmt-resource/21.1.0b1 Python/3.8.10
        (Windows-10-10.0.19044-SP0)
    method: GET
    uri: https://management.azure.com/subscriptions/00000000-0000-0000-0000-000000000000/resourcegroups/cli_test_ag_frontend_ip_private000001?api-version=2021-04-01
  response:
    body:
      string: '{"id":"/subscriptions/00000000-0000-0000-0000-000000000000/resourceGroups/cli_test_ag_frontend_ip_private000001","name":"cli_test_ag_frontend_ip_private000001","type":"Microsoft.Resources/resourceGroups","location":"westus","tags":{"product":"azurecli","cause":"automation","date":"2022-10-01T18:18:13Z"},"properties":{"provisioningState":"Succeeded"}}'
    headers:
      cache-control:
      - no-cache
      content-length:
      - '352'
      content-type:
      - application/json; charset=utf-8
      date:
      - Sat, 01 Oct 2022 18:18:14 GMT
      expires:
      - '-1'
      pragma:
      - no-cache
      strict-transport-security:
      - max-age=31536000; includeSubDomains
      vary:
      - Accept-Encoding
      x-content-type-options:
      - nosniff
    status:
      code: 200
      message: OK
- request:
    body: '{"location": "westus", "properties": {"idleTimeoutInMinutes": 4, "publicIPAddressVersion":
      "IPv4", "publicIPAllocationMethod": "Dynamic"}}'
    headers:
      Accept:
      - application/json
      Accept-Encoding:
      - gzip, deflate
      CommandName:
      - network public-ip create
      Connection:
      - keep-alive
      Content-Length:
      - '138'
      Content-Type:
      - application/json
      ParameterSetName:
      - -g -n
      User-Agent:
      - AZURECLI/2.40.0 (PIP) (AAZ) azsdk-python-core/1.24.0 Python/3.8.10 (Windows-10-10.0.19044-SP0)
    method: PUT
    uri: https://management.azure.com/subscriptions/00000000-0000-0000-0000-000000000000/resourceGroups/cli_test_ag_frontend_ip_private000001/providers/Microsoft.Network/publicIPAddresses/myip1?api-version=2022-05-01
  response:
    body:
      string: "{\r\n  \"name\": \"myip1\",\r\n  \"id\": \"/subscriptions/00000000-0000-0000-0000-000000000000/resourceGroups/cli_test_ag_frontend_ip_private000001/providers/Microsoft.Network/publicIPAddresses/myip1\",\r\n
        \ \"etag\": \"W/\\\"33aa3f30-856e-47f2-831d-c96b4989e041\\\"\",\r\n  \"location\":
        \"westus\",\r\n  \"properties\": {\r\n    \"provisioningState\": \"Updating\",\r\n
        \   \"resourceGuid\": \"3252dd3d-16db-4104-862c-1538a9dfc7f7\",\r\n    \"publicIPAddressVersion\":
        \"IPv4\",\r\n    \"publicIPAllocationMethod\": \"Dynamic\",\r\n    \"idleTimeoutInMinutes\":
        4,\r\n    \"ipTags\": [],\r\n    \"ddosSettings\": {\r\n      \"protectionMode\":
        \"VirtualNetworkInherited\"\r\n    }\r\n  },\r\n  \"type\": \"Microsoft.Network/publicIPAddresses\",\r\n
        \ \"sku\": {\r\n    \"name\": \"Basic\",\r\n    \"tier\": \"Regional\"\r\n
        \ }\r\n}"
    headers:
      azure-asyncnotification:
      - Enabled
      azure-asyncoperation:
      - https://management.azure.com/subscriptions/00000000-0000-0000-0000-000000000000/providers/Microsoft.Network/locations/westus/operations/93d5c642-4c94-4749-affb-4d9f6efd8398?api-version=2022-05-01
      cache-control:
      - no-cache
      content-length:
      - '727'
      content-type:
      - application/json; charset=utf-8
      date:
      - Sat, 01 Oct 2022 18:18:17 GMT
      expires:
      - '-1'
      pragma:
      - no-cache
      server:
      - Microsoft-HTTPAPI/2.0
      - Microsoft-HTTPAPI/2.0
      strict-transport-security:
      - max-age=31536000; includeSubDomains
      x-content-type-options:
      - nosniff
      x-ms-arm-service-request-id:
      - 358230ef-1069-40f5-bee6-adbcc3f9ffe7
      x-ms-ratelimit-remaining-subscription-writes:
      - '1198'
    status:
      code: 201
      message: Created
- request:
    body: null
    headers:
      Accept:
      - '*/*'
      Accept-Encoding:
      - gzip, deflate
      CommandName:
      - network public-ip create
      Connection:
      - keep-alive
      ParameterSetName:
      - -g -n
      User-Agent:
      - AZURECLI/2.40.0 (PIP) (AAZ) azsdk-python-core/1.24.0 Python/3.8.10 (Windows-10-10.0.19044-SP0)
    method: GET
    uri: https://management.azure.com/subscriptions/00000000-0000-0000-0000-000000000000/providers/Microsoft.Network/locations/westus/operations/93d5c642-4c94-4749-affb-4d9f6efd8398?api-version=2022-05-01
  response:
    body:
      string: "{\r\n  \"status\": \"Succeeded\"\r\n}"
    headers:
      cache-control:
      - no-cache
      content-length:
      - '29'
      content-type:
      - application/json; charset=utf-8
      date:
      - Sat, 01 Oct 2022 18:18:19 GMT
      expires:
      - '-1'
      pragma:
      - no-cache
      server:
      - Microsoft-HTTPAPI/2.0
      - Microsoft-HTTPAPI/2.0
      strict-transport-security:
      - max-age=31536000; includeSubDomains
      transfer-encoding:
      - chunked
      vary:
      - Accept-Encoding
      x-content-type-options:
      - nosniff
      x-ms-arm-service-request-id:
      - f1a75550-3b3e-4191-99c2-344f0e0ec048
    status:
      code: 200
      message: OK
- request:
    body: null
    headers:
      Accept:
      - '*/*'
      Accept-Encoding:
      - gzip, deflate
      CommandName:
      - network public-ip create
      Connection:
      - keep-alive
      ParameterSetName:
      - -g -n
      User-Agent:
      - AZURECLI/2.40.0 (PIP) (AAZ) azsdk-python-core/1.24.0 Python/3.8.10 (Windows-10-10.0.19044-SP0)
    method: GET
    uri: https://management.azure.com/subscriptions/00000000-0000-0000-0000-000000000000/resourceGroups/cli_test_ag_frontend_ip_private000001/providers/Microsoft.Network/publicIPAddresses/myip1?api-version=2022-05-01
  response:
    body:
      string: "{\r\n  \"name\": \"myip1\",\r\n  \"id\": \"/subscriptions/00000000-0000-0000-0000-000000000000/resourceGroups/cli_test_ag_frontend_ip_private000001/providers/Microsoft.Network/publicIPAddresses/myip1\",\r\n
        \ \"etag\": \"W/\\\"d67808e3-49c8-463b-b126-c0ebce428db3\\\"\",\r\n  \"location\":
        \"westus\",\r\n  \"properties\": {\r\n    \"provisioningState\": \"Succeeded\",\r\n
        \   \"resourceGuid\": \"3252dd3d-16db-4104-862c-1538a9dfc7f7\",\r\n    \"publicIPAddressVersion\":
        \"IPv4\",\r\n    \"publicIPAllocationMethod\": \"Dynamic\",\r\n    \"idleTimeoutInMinutes\":
        4,\r\n    \"ipTags\": [],\r\n    \"ddosSettings\": {\r\n      \"protectionMode\":
        \"VirtualNetworkInherited\"\r\n    }\r\n  },\r\n  \"type\": \"Microsoft.Network/publicIPAddresses\",\r\n
        \ \"sku\": {\r\n    \"name\": \"Basic\",\r\n    \"tier\": \"Regional\"\r\n
        \ }\r\n}"
    headers:
      cache-control:
      - no-cache
      content-length:
      - '728'
      content-type:
      - application/json; charset=utf-8
      date:
      - Sat, 01 Oct 2022 18:18:19 GMT
      etag:
      - W/"d67808e3-49c8-463b-b126-c0ebce428db3"
      expires:
      - '-1'
      pragma:
      - no-cache
      server:
      - Microsoft-HTTPAPI/2.0
      - Microsoft-HTTPAPI/2.0
      strict-transport-security:
      - max-age=31536000; includeSubDomains
      transfer-encoding:
      - chunked
      vary:
      - Accept-Encoding
      x-content-type-options:
      - nosniff
      x-ms-arm-service-request-id:
      - 42aebdc1-cd5f-4a1f-9869-60a2eb727337
    status:
      code: 200
      message: OK
- request:
    body: null
    headers:
      Accept:
      - application/json
      Accept-Encoding:
      - gzip, deflate
      CommandName:
      - network vnet create
      Connection:
      - keep-alive
      ParameterSetName:
      - -g -n --subnet-name
      User-Agent:
      - AZURECLI/2.40.0 (PIP) azsdk-python-azure-mgmt-resource/21.1.0b1 Python/3.8.10
        (Windows-10-10.0.19044-SP0)
    method: GET
    uri: https://management.azure.com/subscriptions/00000000-0000-0000-0000-000000000000/resourcegroups/cli_test_ag_frontend_ip_private000001?api-version=2021-04-01
  response:
    body:
      string: '{"id":"/subscriptions/00000000-0000-0000-0000-000000000000/resourceGroups/cli_test_ag_frontend_ip_private000001","name":"cli_test_ag_frontend_ip_private000001","type":"Microsoft.Resources/resourceGroups","location":"westus","tags":{"product":"azurecli","cause":"automation","date":"2022-10-01T18:18:13Z"},"properties":{"provisioningState":"Succeeded"}}'
    headers:
      cache-control:
      - no-cache
      content-length:
      - '352'
      content-type:
      - application/json; charset=utf-8
      date:
      - Sat, 01 Oct 2022 18:18:20 GMT
      expires:
      - '-1'
      pragma:
      - no-cache
      strict-transport-security:
      - max-age=31536000; includeSubDomains
      vary:
      - Accept-Encoding
      x-content-type-options:
      - nosniff
    status:
      code: 200
      message: OK
- request:
    body: '{"location": "westus", "tags": {}, "properties": {"addressSpace": {"addressPrefixes":
      ["10.0.0.0/16"]}, "dhcpOptions": {}, "subnets": [{"name": "subnet1", "properties":
      {"addressPrefix": "10.0.0.0/24", "privateEndpointNetworkPolicies": "Disabled",
      "privateLinkServiceNetworkPolicies": "Enabled"}}]}}'
    headers:
      Accept:
      - application/json
      Accept-Encoding:
      - gzip, deflate
      CommandName:
      - network vnet create
      Connection:
      - keep-alive
      Content-Length:
      - '299'
      Content-Type:
      - application/json
      ParameterSetName:
      - -g -n --subnet-name
      User-Agent:
      - AZURECLI/2.40.0 (PIP) azsdk-python-azure-mgmt-network/21.0.1 Python/3.8.10
        (Windows-10-10.0.19044-SP0)
    method: PUT
    uri: https://management.azure.com/subscriptions/00000000-0000-0000-0000-000000000000/resourceGroups/cli_test_ag_frontend_ip_private000001/providers/Microsoft.Network/virtualNetworks/vnet1?api-version=2022-01-01
  response:
    body:
      string: "{\r\n  \"name\": \"vnet1\",\r\n  \"id\": \"/subscriptions/00000000-0000-0000-0000-000000000000/resourceGroups/cli_test_ag_frontend_ip_private000001/providers/Microsoft.Network/virtualNetworks/vnet1\",\r\n
        \ \"etag\": \"W/\\\"2a3936c8-6a37-4246-8cbb-50e912f399af\\\"\",\r\n  \"type\":
        \"Microsoft.Network/virtualNetworks\",\r\n  \"location\": \"westus\",\r\n
        \ \"tags\": {},\r\n  \"properties\": {\r\n    \"provisioningState\": \"Updating\",\r\n
        \   \"resourceGuid\": \"07a353a8-00a4-424f-8d94-9ca0a5041d1f\",\r\n    \"addressSpace\":
        {\r\n      \"addressPrefixes\": [\r\n        \"10.0.0.0/16\"\r\n      ]\r\n
        \   },\r\n    \"dhcpOptions\": {\r\n      \"dnsServers\": []\r\n    },\r\n
        \   \"subnets\": [\r\n      {\r\n        \"name\": \"subnet1\",\r\n        \"id\":
        \"/subscriptions/00000000-0000-0000-0000-000000000000/resourceGroups/cli_test_ag_frontend_ip_private000001/providers/Microsoft.Network/virtualNetworks/vnet1/subnets/subnet1\",\r\n
        \       \"etag\": \"W/\\\"2a3936c8-6a37-4246-8cbb-50e912f399af\\\"\",\r\n
        \       \"properties\": {\r\n          \"provisioningState\": \"Updating\",\r\n
        \         \"addressPrefix\": \"10.0.0.0/24\",\r\n          \"delegations\":
        [],\r\n          \"privateEndpointNetworkPolicies\": \"Disabled\",\r\n          \"privateLinkServiceNetworkPolicies\":
        \"Enabled\"\r\n        },\r\n        \"type\": \"Microsoft.Network/virtualNetworks/subnets\"\r\n
        \     }\r\n    ],\r\n    \"virtualNetworkPeerings\": [],\r\n    \"enableDdosProtection\":
        false\r\n  }\r\n}"
    headers:
      azure-asyncnotification:
      - Enabled
      azure-asyncoperation:
      - https://management.azure.com/subscriptions/00000000-0000-0000-0000-000000000000/providers/Microsoft.Network/locations/westus/operations/f4795129-4a8e-42b9-900e-e54f6ce12b7f?api-version=2022-01-01
      cache-control:
      - no-cache
      content-length:
      - '1328'
      content-type:
      - application/json; charset=utf-8
      date:
      - Sat, 01 Oct 2022 18:18:28 GMT
      expires:
      - '-1'
      pragma:
      - no-cache
      server:
      - Microsoft-HTTPAPI/2.0
      - Microsoft-HTTPAPI/2.0
      strict-transport-security:
      - max-age=31536000; includeSubDomains
      x-content-type-options:
      - nosniff
      x-ms-arm-service-request-id:
      - 86022d44-8309-4e9e-b509-16975ea8f799
      x-ms-ratelimit-remaining-subscription-writes:
      - '1199'
    status:
      code: 201
      message: Created
- request:
    body: null
    headers:
      Accept:
      - '*/*'
      Accept-Encoding:
      - gzip, deflate
      CommandName:
      - network vnet create
      Connection:
      - keep-alive
      ParameterSetName:
      - -g -n --subnet-name
      User-Agent:
      - AZURECLI/2.40.0 (PIP) azsdk-python-azure-mgmt-network/21.0.1 Python/3.8.10
        (Windows-10-10.0.19044-SP0)
    method: GET
    uri: https://management.azure.com/subscriptions/00000000-0000-0000-0000-000000000000/providers/Microsoft.Network/locations/westus/operations/f4795129-4a8e-42b9-900e-e54f6ce12b7f?api-version=2022-01-01
  response:
    body:
      string: "{\r\n  \"status\": \"Succeeded\"\r\n}"
    headers:
      cache-control:
      - no-cache
      content-length:
      - '29'
      content-type:
      - application/json; charset=utf-8
      date:
      - Sat, 01 Oct 2022 18:18:32 GMT
      expires:
      - '-1'
      pragma:
      - no-cache
      server:
      - Microsoft-HTTPAPI/2.0
      - Microsoft-HTTPAPI/2.0
      strict-transport-security:
      - max-age=31536000; includeSubDomains
      transfer-encoding:
      - chunked
      vary:
      - Accept-Encoding
      x-content-type-options:
      - nosniff
      x-ms-arm-service-request-id:
      - 0cfe9aeb-ae26-4fcf-a6e9-1ccd98a79580
    status:
      code: 200
      message: OK
- request:
    body: null
    headers:
      Accept:
      - '*/*'
      Accept-Encoding:
      - gzip, deflate
      CommandName:
      - network vnet create
      Connection:
      - keep-alive
      ParameterSetName:
      - -g -n --subnet-name
      User-Agent:
      - AZURECLI/2.40.0 (PIP) azsdk-python-azure-mgmt-network/21.0.1 Python/3.8.10
        (Windows-10-10.0.19044-SP0)
    method: GET
    uri: https://management.azure.com/subscriptions/00000000-0000-0000-0000-000000000000/resourceGroups/cli_test_ag_frontend_ip_private000001/providers/Microsoft.Network/virtualNetworks/vnet1?api-version=2022-01-01
  response:
    body:
      string: "{\r\n  \"name\": \"vnet1\",\r\n  \"id\": \"/subscriptions/00000000-0000-0000-0000-000000000000/resourceGroups/cli_test_ag_frontend_ip_private000001/providers/Microsoft.Network/virtualNetworks/vnet1\",\r\n
        \ \"etag\": \"W/\\\"7acae850-edb0-472f-9cb7-cae8923e571e\\\"\",\r\n  \"type\":
        \"Microsoft.Network/virtualNetworks\",\r\n  \"location\": \"westus\",\r\n
        \ \"tags\": {},\r\n  \"properties\": {\r\n    \"provisioningState\": \"Succeeded\",\r\n
        \   \"resourceGuid\": \"07a353a8-00a4-424f-8d94-9ca0a5041d1f\",\r\n    \"addressSpace\":
        {\r\n      \"addressPrefixes\": [\r\n        \"10.0.0.0/16\"\r\n      ]\r\n
        \   },\r\n    \"dhcpOptions\": {\r\n      \"dnsServers\": []\r\n    },\r\n
        \   \"subnets\": [\r\n      {\r\n        \"name\": \"subnet1\",\r\n        \"id\":
        \"/subscriptions/00000000-0000-0000-0000-000000000000/resourceGroups/cli_test_ag_frontend_ip_private000001/providers/Microsoft.Network/virtualNetworks/vnet1/subnets/subnet1\",\r\n
        \       \"etag\": \"W/\\\"7acae850-edb0-472f-9cb7-cae8923e571e\\\"\",\r\n
        \       \"properties\": {\r\n          \"provisioningState\": \"Succeeded\",\r\n
        \         \"addressPrefix\": \"10.0.0.0/24\",\r\n          \"delegations\":
        [],\r\n          \"privateEndpointNetworkPolicies\": \"Disabled\",\r\n          \"privateLinkServiceNetworkPolicies\":
        \"Enabled\"\r\n        },\r\n        \"type\": \"Microsoft.Network/virtualNetworks/subnets\"\r\n
        \     }\r\n    ],\r\n    \"virtualNetworkPeerings\": [],\r\n    \"enableDdosProtection\":
        false\r\n  }\r\n}"
    headers:
      cache-control:
      - no-cache
      content-length:
      - '1330'
      content-type:
      - application/json; charset=utf-8
      date:
      - Sat, 01 Oct 2022 18:18:32 GMT
      etag:
      - W/"7acae850-edb0-472f-9cb7-cae8923e571e"
      expires:
      - '-1'
      pragma:
      - no-cache
      server:
      - Microsoft-HTTPAPI/2.0
      - Microsoft-HTTPAPI/2.0
      strict-transport-security:
      - max-age=31536000; includeSubDomains
      transfer-encoding:
      - chunked
      vary:
      - Accept-Encoding
      x-content-type-options:
      - nosniff
      x-ms-arm-service-request-id:
      - a45d136f-a2de-4ff2-a7d7-242fe95ecc22
    status:
      code: 200
      message: OK
- request:
    body: null
    headers:
      Accept:
      - application/json
      Accept-Encoding:
      - gzip, deflate
      CommandName:
      - network application-gateway create
      Connection:
      - keep-alive
      ParameterSetName:
      - -g -n --no-wait --public-ip-address --vnet-name --subnet --priority
      User-Agent:
      - AZURECLI/2.40.0 (PIP) azsdk-python-azure-mgmt-resource/21.1.0b1 Python/3.8.10
        (Windows-10-10.0.19044-SP0)
    method: GET
    uri: https://management.azure.com/subscriptions/00000000-0000-0000-0000-000000000000/resourcegroups/cli_test_ag_frontend_ip_private000001?api-version=2021-04-01
  response:
    body:
      string: '{"id":"/subscriptions/00000000-0000-0000-0000-000000000000/resourceGroups/cli_test_ag_frontend_ip_private000001","name":"cli_test_ag_frontend_ip_private000001","type":"Microsoft.Resources/resourceGroups","location":"westus","tags":{"product":"azurecli","cause":"automation","date":"2022-10-01T18:18:13Z"},"properties":{"provisioningState":"Succeeded"}}'
    headers:
      cache-control:
      - no-cache
      content-length:
      - '352'
      content-type:
      - application/json; charset=utf-8
      date:
      - Sat, 01 Oct 2022 18:18:32 GMT
      expires:
      - '-1'
      pragma:
      - no-cache
      strict-transport-security:
      - max-age=31536000; includeSubDomains
      vary:
      - Accept-Encoding
      x-content-type-options:
      - nosniff
    status:
      code: 200
      message: OK
- request:
    body: null
    headers:
      Accept:
      - application/json
      Accept-Encoding:
      - gzip, deflate
      CommandName:
      - network application-gateway create
      Connection:
      - keep-alive
      ParameterSetName:
      - -g -n --no-wait --public-ip-address --vnet-name --subnet --priority
      User-Agent:
      - AZURECLI/2.40.0 (PIP) azsdk-python-azure-mgmt-resource/21.1.0b1 Python/3.8.10
        (Windows-10-10.0.19044-SP0)
    method: GET
    uri: https://management.azure.com/subscriptions/00000000-0000-0000-0000-000000000000/resources?$filter=resourceGroup%20eq%20%27cli_test_ag_frontend_ip_private000001%27%20and%20name%20eq%20%27vnet1%27%20and%20resourceType%20eq%20%27Microsoft.Network%2FvirtualNetworks%27&api-version=2021-04-01
  response:
    body:
      string: '{"value":[{"id":"/subscriptions/00000000-0000-0000-0000-000000000000/resourceGroups/cli_test_ag_frontend_ip_private000001/providers/Microsoft.Network/virtualNetworks/vnet1","name":"vnet1","type":"Microsoft.Network/virtualNetworks","location":"westus","tags":{}}],"nextLink":"https://management.azure.com/subscriptions/00000000-0000-0000-0000-000000000000/resources?%24filter=resourceGroup+eq+%27cli_test_ag_frontend_ip_private000001%27+and+name+eq+%27vnet1%27+and+resourceType+eq+%27Microsoft.Network%2fvirtualNetworks%27&api-version=2021-04-01&%24skiptoken=eyJuZXh0UGFydGl0aW9uS2V5IjoiMSE4IU9FTTVOa1UtIiwibmV4dFJvd0tleSI6IjEhMTM2IU1FSXhSalkwTnpFeFFrWXdORVJFUVVGRlF6TkRRamt5TnpKR01EazFPVEJmUjFKTUxWcElUMWhKVGtjNk1rUlVSVk5VTFUxSlExSlBVMDlHVkRveVJVTlBUVkJWVkVVNk1rWkhRVXhNUlZKSlJWTTZNa1phU0U5WVNVNUhMVVZCVTFSVlV3LS0ifQ%3d%3d"}'
    headers:
      cache-control:
      - no-cache
      content-length:
      - '824'
      content-type:
      - application/json; charset=utf-8
      date:
      - Sat, 01 Oct 2022 18:18:33 GMT
      expires:
      - '-1'
      pragma:
      - no-cache
      strict-transport-security:
      - max-age=31536000; includeSubDomains
      vary:
      - Accept-Encoding
      x-content-type-options:
      - nosniff
    status:
      code: 200
      message: OK
- request:
    body: null
    headers:
      Accept:
      - application/json
      Accept-Encoding:
      - gzip, deflate
      CommandName:
      - network application-gateway create
      Connection:
      - keep-alive
      ParameterSetName:
      - -g -n --no-wait --public-ip-address --vnet-name --subnet --priority
      User-Agent:
      - AZURECLI/2.40.0 (PIP) azsdk-python-azure-mgmt-resource/21.1.0b1 Python/3.8.10
        (Windows-10-10.0.19044-SP0)
    method: GET
    uri: https://management.azure.com/subscriptions/00000000-0000-0000-0000-000000000000/resources?api-version=2021-04-01&%24filter=resourceGroup+eq+%27cli_test_ag_frontend_ip_private000001%27+and+name+eq+%27vnet1%27+and+resourceType+eq+%27Microsoft.Network%2FvirtualNetworks%27&%24skiptoken=eyJuZXh0UGFydGl0aW9uS2V5IjoiMSE4IU9FTTVOa1UtIiwibmV4dFJvd0tleSI6IjEhMTM2IU1FSXhSalkwTnpFeFFrWXdORVJFUVVGRlF6TkRRamt5TnpKR01EazFPVEJmUjFKTUxWcElUMWhKVGtjNk1rUlVSVk5VTFUxSlExSlBVMDlHVkRveVJVTlBUVkJWVkVVNk1rWkhRVXhNUlZKSlJWTTZNa1phU0U5WVNVNUhMVVZCVTFSVlV3LS0ifQ%3D%3D
  response:
    body:
      string: '{"value":[]}'
    headers:
      cache-control:
      - no-cache
      content-length:
      - '12'
      content-type:
      - application/json; charset=utf-8
      date:
      - Sat, 01 Oct 2022 18:18:33 GMT
      expires:
      - '-1'
      pragma:
      - no-cache
      strict-transport-security:
      - max-age=31536000; includeSubDomains
      vary:
      - Accept-Encoding
      x-content-type-options:
      - nosniff
    status:
      code: 200
      message: OK
- request:
    body: null
    headers:
      Accept:
      - application/json
      Accept-Encoding:
      - gzip, deflate
      CommandName:
      - network application-gateway create
      Connection:
      - keep-alive
      ParameterSetName:
      - -g -n --no-wait --public-ip-address --vnet-name --subnet --priority
      User-Agent:
      - AZURECLI/2.40.0 (PIP) azsdk-python-azure-mgmt-resource/21.1.0b1 Python/3.8.10
        (Windows-10-10.0.19044-SP0)
    method: GET
    uri: https://management.azure.com/subscriptions/00000000-0000-0000-0000-000000000000/resources?$filter=resourceGroup%20eq%20%27cli_test_ag_frontend_ip_private000001%27%20and%20name%20eq%20%27myip1%27%20and%20resourceType%20eq%20%27Microsoft.Network%2FpublicIPAddresses%27&api-version=2021-04-01
  response:
    body:
      string: '{"value":[{"id":"/subscriptions/00000000-0000-0000-0000-000000000000/resourceGroups/cli_test_ag_frontend_ip_private000001/providers/Microsoft.Network/publicIPAddresses/myip1","name":"myip1","type":"Microsoft.Network/publicIPAddresses","sku":{"name":"Basic"},"location":"westus"}],"nextLink":"https://management.azure.com/subscriptions/00000000-0000-0000-0000-000000000000/resources?%24filter=resourceGroup+eq+%27cli_test_ag_frontend_ip_private000001%27+and+name+eq+%27myip1%27+and+resourceType+eq+%27Microsoft.Network%2fpublicIPAddresses%27&api-version=2021-04-01&%24skiptoken=eyJuZXh0UGFydGl0aW9uS2V5IjoiMSE4IU9FTTVOa1UtIiwibmV4dFJvd0tleSI6IjEhMTM2IU1FSXhSalkwTnpFeFFrWXdORVJFUVVGRlF6TkRRamt5TnpKR01EazFPVEJmUjFKTUxWcElUMWhKVGtjNk1rUlVSVk5VTFUxSlExSlBVMDlHVkRveVJVTlBUVkJWVkVVNk1rWkhRVXhNUlZKSlJWTTZNa1phU0U5WVNVNUhMVVZCVTFSVlV3LS0ifQ%3d%3d"}'
    headers:
      cache-control:
      - no-cache
      content-length:
      - '843'
      content-type:
      - application/json; charset=utf-8
      date:
      - Sat, 01 Oct 2022 18:18:34 GMT
      expires:
      - '-1'
      pragma:
      - no-cache
      strict-transport-security:
      - max-age=31536000; includeSubDomains
      vary:
      - Accept-Encoding
      x-content-type-options:
      - nosniff
    status:
      code: 200
      message: OK
- request:
    body: null
    headers:
      Accept:
      - application/json
      Accept-Encoding:
      - gzip, deflate
      CommandName:
      - network application-gateway create
      Connection:
      - keep-alive
      ParameterSetName:
      - -g -n --no-wait --public-ip-address --vnet-name --subnet --priority
      User-Agent:
      - AZURECLI/2.40.0 (PIP) azsdk-python-azure-mgmt-resource/21.1.0b1 Python/3.8.10
        (Windows-10-10.0.19044-SP0)
    method: GET
    uri: https://management.azure.com/subscriptions/00000000-0000-0000-0000-000000000000/resources?api-version=2021-04-01&%24filter=resourceGroup+eq+%27cli_test_ag_frontend_ip_private000001%27+and+name+eq+%27myip1%27+and+resourceType+eq+%27Microsoft.Network%2FpublicIPAddresses%27&%24skiptoken=eyJuZXh0UGFydGl0aW9uS2V5IjoiMSE4IU9FTTVOa1UtIiwibmV4dFJvd0tleSI6IjEhMTM2IU1FSXhSalkwTnpFeFFrWXdORVJFUVVGRlF6TkRRamt5TnpKR01EazFPVEJmUjFKTUxWcElUMWhKVGtjNk1rUlVSVk5VTFUxSlExSlBVMDlHVkRveVJVTlBUVkJWVkVVNk1rWkhRVXhNUlZKSlJWTTZNa1phU0U5WVNVNUhMVVZCVTFSVlV3LS0ifQ%3D%3D
  response:
    body:
      string: '{"value":[]}'
    headers:
      cache-control:
      - no-cache
      content-length:
      - '12'
      content-type:
      - application/json; charset=utf-8
      date:
      - Sat, 01 Oct 2022 18:18:34 GMT
      expires:
      - '-1'
      pragma:
      - no-cache
      strict-transport-security:
      - max-age=31536000; includeSubDomains
      vary:
      - Accept-Encoding
      x-content-type-options:
      - nosniff
    status:
      code: 200
      message: OK
- request:
    body: '{"properties": {"template": {"$schema": "https://schema.management.azure.com/schemas/2015-01-01/deploymentTemplate.json#",
      "contentVersion": "1.0.0.0", "parameters": {}, "variables": {"appGwID": "[resourceId(''Microsoft.Network/applicationGateways'',
      ''ag1'')]"}, "resources": [{"type": "Microsoft.Network/applicationGateways",
      "name": "ag1", "location": "westus", "tags": {}, "apiVersion": "2022-01-01",
      "dependsOn": [], "properties": {"backendAddressPools": [{"name": "appGatewayBackendPool"}],
      "backendHttpSettingsCollection": [{"name": "appGatewayBackendHttpSettings",
      "properties": {"Port": 80, "Protocol": "Http", "CookieBasedAffinity": "disabled",
      "connectionDraining": {"enabled": false, "drainTimeoutInSec": 1}}}], "frontendIPConfigurations":
      [{"name": "appGatewayFrontendIP", "properties": {"publicIPAddress": {"id": "/subscriptions/00000000-0000-0000-0000-000000000000/resourceGroups/cli_test_ag_frontend_ip_private000001/providers/Microsoft.Network/publicIPAddresses/myip1"}}}],
      "frontendPorts": [{"name": "appGatewayFrontendPort", "properties": {"Port":
      80}}], "gatewayIPConfigurations": [{"name": "appGatewayFrontendIP", "properties":
      {"subnet": {"id": "/subscriptions/00000000-0000-0000-0000-000000000000/resourceGroups/cli_test_ag_frontend_ip_private000001/providers/Microsoft.Network/virtualNetworks/vnet1/subnets/subnet1"}}}],
      "httpListeners": [{"name": "appGatewayHttpListener", "properties": {"FrontendIpConfiguration":
      {"Id": "[concat(variables(''appGwID''), ''/frontendIPConfigurations/appGatewayFrontendIP'')]"},
      "FrontendPort": {"Id": "[concat(variables(''appGwID''), ''/frontendPorts/appGatewayFrontendPort'')]"},
      "Protocol": "http", "SslCertificate": null}}], "sku": {"name": "Standard_Medium",
      "tier": "Standard", "capacity": 2}, "requestRoutingRules": [{"Name": "rule1",
      "properties": {"RuleType": "Basic", "httpListener": {"id": "[concat(variables(''appGwID''),
      ''/httpListeners/appGatewayHttpListener'')]"}, "backendAddressPool": {"id":
      "[concat(variables(''appGwID''), ''/backendAddressPools/appGatewayBackendPool'')]"},
      "backendHttpSettings": {"id": "[concat(variables(''appGwID''), ''/backendHttpSettingsCollection/appGatewayBackendHttpSettings'')]"}}}],
      "privateLinkConfigurations": []}, "zones": null}], "outputs": {"applicationGateway":
      {"type": "object", "value": "[reference(''ag1'')]"}}}, "parameters": {}, "mode":
      "incremental"}}'
    headers:
      Accept:
      - application/json
      Accept-Encoding:
      - gzip, deflate
      CommandName:
      - network application-gateway create
      Connection:
      - keep-alive
      Content-Length:
      - '2343'
      Content-Type:
      - application/json
      ParameterSetName:
      - -g -n --no-wait --public-ip-address --vnet-name --subnet --priority
      User-Agent:
      - AZURECLI/2.40.0 (PIP) azsdk-python-azure-mgmt-resource/21.1.0b1 Python/3.8.10
        (Windows-10-10.0.19044-SP0)
    method: PUT
    uri: https://management.azure.com/subscriptions/00000000-0000-0000-0000-000000000000/resourcegroups/cli_test_ag_frontend_ip_private000001/providers/Microsoft.Resources/deployments/mock-deployment?api-version=2021-04-01
  response:
    body:
      string: '{"id":"/subscriptions/00000000-0000-0000-0000-000000000000/resourceGroups/cli_test_ag_frontend_ip_private000001/providers/Microsoft.Resources/deployments/ag_deploy_5C4WnLr5yVj52Bhu8V9W79AHaZTXnTxB","name":"ag_deploy_5C4WnLr5yVj52Bhu8V9W79AHaZTXnTxB","type":"Microsoft.Resources/deployments","properties":{"templateHash":"8701707580004840109","parameters":{},"mode":"Incremental","provisioningState":"Accepted","timestamp":"2022-10-01T18:18:39.7021458Z","duration":"PT0.0007319S","correlationId":"3cd73ea2-1681-4ddb-89ca-8aa6db3ec1bb","providers":[{"namespace":"Microsoft.Network","resourceTypes":[{"resourceType":"applicationGateways","locations":["westus"]}]}],"dependencies":[]}}'
    headers:
      azure-asyncoperation:
      - https://management.azure.com/subscriptions/00000000-0000-0000-0000-000000000000/resourcegroups/cli_test_ag_frontend_ip_private000001/providers/Microsoft.Resources/deployments/ag_deploy_5C4WnLr5yVj52Bhu8V9W79AHaZTXnTxB/operationStatuses/08585369585681184884?api-version=2021-04-01
      cache-control:
      - no-cache
      content-length:
      - '681'
      content-type:
      - application/json; charset=utf-8
      date:
      - Sat, 01 Oct 2022 18:18:40 GMT
      expires:
      - '-1'
      pragma:
      - no-cache
      strict-transport-security:
      - max-age=31536000; includeSubDomains
      x-content-type-options:
      - nosniff
      x-ms-ratelimit-remaining-subscription-writes:
      - '1196'
    status:
      code: 201
      message: Created
- request:
    body: null
    headers:
      Accept:
      - application/json
      Accept-Encoding:
      - gzip, deflate
      CommandName:
      - network application-gateway wait
      Connection:
      - keep-alive
      ParameterSetName:
      - -g -n --exists
      User-Agent:
      - AZURECLI/2.40.0 (PIP) azsdk-python-azure-mgmt-network/21.0.1 Python/3.8.10
        (Windows-10-10.0.19044-SP0)
    method: GET
    uri: https://management.azure.com/subscriptions/00000000-0000-0000-0000-000000000000/resourceGroups/cli_test_ag_frontend_ip_private000001/providers/Microsoft.Network/applicationGateways/ag1?api-version=2022-01-01
  response:
    body:
      string: '{"error":{"code":"ResourceNotFound","message":"The Resource ''Microsoft.Network/applicationGateways/ag1''
        under resource group ''cli_test_ag_frontend_ip_private000001'' was not found.
        For more details please go to https://aka.ms/ARMResourceNotFoundFix"}}'
    headers:
      cache-control:
      - no-cache
      content-length:
      - '250'
      content-type:
      - application/json; charset=utf-8
      date:
      - Sat, 01 Oct 2022 18:18:41 GMT
      expires:
      - '-1'
      pragma:
      - no-cache
      strict-transport-security:
      - max-age=31536000; includeSubDomains
      x-content-type-options:
      - nosniff
      x-ms-failure-cause:
      - gateway
    status:
      code: 404
      message: Not Found
- request:
    body: null
    headers:
      Accept:
      - application/json
      Accept-Encoding:
      - gzip, deflate
      CommandName:
      - network application-gateway wait
      Connection:
      - keep-alive
      ParameterSetName:
      - -g -n --exists
      User-Agent:
      - AZURECLI/2.40.0 (PIP) azsdk-python-azure-mgmt-network/21.0.1 Python/3.8.10
        (Windows-10-10.0.19044-SP0)
    method: GET
    uri: https://management.azure.com/subscriptions/00000000-0000-0000-0000-000000000000/resourceGroups/cli_test_ag_frontend_ip_private000001/providers/Microsoft.Network/applicationGateways/ag1?api-version=2022-01-01
  response:
    body:
      string: "{\r\n  \"name\": \"ag1\",\r\n  \"id\": \"/subscriptions/00000000-0000-0000-0000-000000000000/resourceGroups/cli_test_ag_frontend_ip_private000001/providers/Microsoft.Network/applicationGateways/ag1\",\r\n
        \ \"etag\": \"W/\\\"7b61454c-caae-4164-9ed7-ac01bcd10508\\\"\",\r\n  \"type\":
        \"Microsoft.Network/applicationGateways\",\r\n  \"location\": \"westus\",\r\n
        \ \"tags\": {},\r\n  \"properties\": {\r\n    \"provisioningState\": \"Updating\",\r\n
        \   \"resourceGuid\": \"df664ff5-6ba4-4c11-b4d0-bfb29074f177\",\r\n    \"sku\":
        {\r\n      \"name\": \"Standard_Medium\",\r\n      \"tier\": \"Standard\",\r\n
        \     \"capacity\": 2\r\n    },\r\n    \"operationalState\": \"Stopped\",\r\n
        \   \"gatewayIPConfigurations\": [\r\n      {\r\n        \"name\": \"appGatewayFrontendIP\",\r\n
        \       \"id\": \"/subscriptions/00000000-0000-0000-0000-000000000000/resourceGroups/cli_test_ag_frontend_ip_private000001/providers/Microsoft.Network/applicationGateways/ag1/gatewayIPConfigurations/appGatewayFrontendIP\",\r\n
        \       \"etag\": \"W/\\\"7b61454c-caae-4164-9ed7-ac01bcd10508\\\"\",\r\n
        \       \"properties\": {\r\n          \"provisioningState\": \"Updating\",\r\n
        \         \"subnet\": {\r\n            \"id\": \"/subscriptions/00000000-0000-0000-0000-000000000000/resourceGroups/cli_test_ag_frontend_ip_private000001/providers/Microsoft.Network/virtualNetworks/vnet1/subnets/subnet1\"\r\n
        \         }\r\n        },\r\n        \"type\": \"Microsoft.Network/applicationGateways/gatewayIPConfigurations\"\r\n
        \     }\r\n    ],\r\n    \"sslCertificates\": [],\r\n    \"authenticationCertificates\":
        [],\r\n    \"frontendIPConfigurations\": [\r\n      {\r\n        \"name\":
        \"appGatewayFrontendIP\",\r\n        \"id\": \"/subscriptions/00000000-0000-0000-0000-000000000000/resourceGroups/cli_test_ag_frontend_ip_private000001/providers/Microsoft.Network/applicationGateways/ag1/frontendIPConfigurations/appGatewayFrontendIP\",\r\n
        \       \"etag\": \"W/\\\"7b61454c-caae-4164-9ed7-ac01bcd10508\\\"\",\r\n
        \       \"type\": \"Microsoft.Network/applicationGateways/frontendIPConfigurations\",\r\n
        \       \"properties\": {\r\n          \"provisioningState\": \"Updating\",\r\n
        \         \"privateIPAllocationMethod\": \"Dynamic\",\r\n          \"publicIPAddress\":
        {\r\n            \"id\": \"/subscriptions/00000000-0000-0000-0000-000000000000/resourceGroups/cli_test_ag_frontend_ip_private000001/providers/Microsoft.Network/publicIPAddresses/myip1\"\r\n
        \         },\r\n          \"httpListeners\": [\r\n            {\r\n              \"id\":
        \"/subscriptions/00000000-0000-0000-0000-000000000000/resourceGroups/cli_test_ag_frontend_ip_private000001/providers/Microsoft.Network/applicationGateways/ag1/httpListeners/appGatewayHttpListener\"\r\n
        \           }\r\n          ]\r\n        }\r\n      }\r\n    ],\r\n    \"frontendPorts\":
        [\r\n      {\r\n        \"name\": \"appGatewayFrontendPort\",\r\n        \"id\":
        \"/subscriptions/00000000-0000-0000-0000-000000000000/resourceGroups/cli_test_ag_frontend_ip_private000001/providers/Microsoft.Network/applicationGateways/ag1/frontendPorts/appGatewayFrontendPort\",\r\n
        \       \"etag\": \"W/\\\"7b61454c-caae-4164-9ed7-ac01bcd10508\\\"\",\r\n
        \       \"properties\": {\r\n          \"provisioningState\": \"Updating\",\r\n
        \         \"port\": 80,\r\n          \"httpListeners\": [\r\n            {\r\n
        \             \"id\": \"/subscriptions/00000000-0000-0000-0000-000000000000/resourceGroups/cli_test_ag_frontend_ip_private000001/providers/Microsoft.Network/applicationGateways/ag1/httpListeners/appGatewayHttpListener\"\r\n
        \           }\r\n          ]\r\n        },\r\n        \"type\": \"Microsoft.Network/applicationGateways/frontendPorts\"\r\n
        \     }\r\n    ],\r\n    \"backendAddressPools\": [\r\n      {\r\n        \"name\":
        \"appGatewayBackendPool\",\r\n        \"id\": \"/subscriptions/00000000-0000-0000-0000-000000000000/resourceGroups/cli_test_ag_frontend_ip_private000001/providers/Microsoft.Network/applicationGateways/ag1/backendAddressPools/appGatewayBackendPool\",\r\n
        \       \"etag\": \"W/\\\"7b61454c-caae-4164-9ed7-ac01bcd10508\\\"\",\r\n
        \       \"properties\": {\r\n          \"provisioningState\": \"Updating\",\r\n
        \         \"backendAddresses\": [],\r\n          \"requestRoutingRules\":
        [\r\n            {\r\n              \"id\": \"/subscriptions/00000000-0000-0000-0000-000000000000/resourceGroups/cli_test_ag_frontend_ip_private000001/providers/Microsoft.Network/applicationGateways/ag1/requestRoutingRules/rule1\"\r\n
        \           }\r\n          ]\r\n        },\r\n        \"type\": \"Microsoft.Network/applicationGateways/backendAddressPools\"\r\n
        \     }\r\n    ],\r\n    \"backendHttpSettingsCollection\": [\r\n      {\r\n
        \       \"name\": \"appGatewayBackendHttpSettings\",\r\n        \"id\": \"/subscriptions/00000000-0000-0000-0000-000000000000/resourceGroups/cli_test_ag_frontend_ip_private000001/providers/Microsoft.Network/applicationGateways/ag1/backendHttpSettingsCollection/appGatewayBackendHttpSettings\",\r\n
        \       \"etag\": \"W/\\\"7b61454c-caae-4164-9ed7-ac01bcd10508\\\"\",\r\n
        \       \"properties\": {\r\n          \"provisioningState\": \"Updating\",\r\n
        \         \"port\": 80,\r\n          \"protocol\": \"Http\",\r\n          \"cookieBasedAffinity\":
        \"Disabled\",\r\n          \"connectionDraining\": {\r\n            \"enabled\":
        false,\r\n            \"drainTimeoutInSec\": 1\r\n          },\r\n          \"pickHostNameFromBackendAddress\":
        false,\r\n          \"requestTimeout\": 30,\r\n          \"requestRoutingRules\":
        [\r\n            {\r\n              \"id\": \"/subscriptions/00000000-0000-0000-0000-000000000000/resourceGroups/cli_test_ag_frontend_ip_private000001/providers/Microsoft.Network/applicationGateways/ag1/requestRoutingRules/rule1\"\r\n
        \           }\r\n          ]\r\n        },\r\n        \"type\": \"Microsoft.Network/applicationGateways/backendHttpSettingsCollection\"\r\n
        \     }\r\n    ],\r\n    \"httpListeners\": [\r\n      {\r\n        \"name\":
        \"appGatewayHttpListener\",\r\n        \"id\": \"/subscriptions/00000000-0000-0000-0000-000000000000/resourceGroups/cli_test_ag_frontend_ip_private000001/providers/Microsoft.Network/applicationGateways/ag1/httpListeners/appGatewayHttpListener\",\r\n
        \       \"etag\": \"W/\\\"7b61454c-caae-4164-9ed7-ac01bcd10508\\\"\",\r\n
        \       \"properties\": {\r\n          \"provisioningState\": \"Updating\",\r\n
        \         \"frontendIPConfiguration\": {\r\n            \"id\": \"/subscriptions/00000000-0000-0000-0000-000000000000/resourceGroups/cli_test_ag_frontend_ip_private000001/providers/Microsoft.Network/applicationGateways/ag1/frontendIPConfigurations/appGatewayFrontendIP\"\r\n
        \         },\r\n          \"frontendPort\": {\r\n            \"id\": \"/subscriptions/00000000-0000-0000-0000-000000000000/resourceGroups/cli_test_ag_frontend_ip_private000001/providers/Microsoft.Network/applicationGateways/ag1/frontendPorts/appGatewayFrontendPort\"\r\n
        \         },\r\n          \"protocol\": \"Http\",\r\n          \"hostNames\":
        [],\r\n          \"requireServerNameIndication\": false,\r\n          \"requestRoutingRules\":
        [\r\n            {\r\n              \"id\": \"/subscriptions/00000000-0000-0000-0000-000000000000/resourceGroups/cli_test_ag_frontend_ip_private000001/providers/Microsoft.Network/applicationGateways/ag1/requestRoutingRules/rule1\"\r\n
        \           }\r\n          ]\r\n        },\r\n        \"type\": \"Microsoft.Network/applicationGateways/httpListeners\"\r\n
        \     }\r\n    ],\r\n    \"urlPathMaps\": [],\r\n    \"requestRoutingRules\":
        [\r\n      {\r\n        \"name\": \"rule1\",\r\n        \"id\": \"/subscriptions/00000000-0000-0000-0000-000000000000/resourceGroups/cli_test_ag_frontend_ip_private000001/providers/Microsoft.Network/applicationGateways/ag1/requestRoutingRules/rule1\",\r\n
        \       \"etag\": \"W/\\\"7b61454c-caae-4164-9ed7-ac01bcd10508\\\"\",\r\n
        \       \"properties\": {\r\n          \"provisioningState\": \"Updating\",\r\n
        \         \"ruleType\": \"Basic\",\r\n          \"httpListener\": {\r\n            \"id\":
        \"/subscriptions/00000000-0000-0000-0000-000000000000/resourceGroups/cli_test_ag_frontend_ip_private000001/providers/Microsoft.Network/applicationGateways/ag1/httpListeners/appGatewayHttpListener\"\r\n
        \         },\r\n          \"backendAddressPool\": {\r\n            \"id\":
        \"/subscriptions/00000000-0000-0000-0000-000000000000/resourceGroups/cli_test_ag_frontend_ip_private000001/providers/Microsoft.Network/applicationGateways/ag1/backendAddressPools/appGatewayBackendPool\"\r\n
        \         },\r\n          \"backendHttpSettings\": {\r\n            \"id\":
        \"/subscriptions/00000000-0000-0000-0000-000000000000/resourceGroups/cli_test_ag_frontend_ip_private000001/providers/Microsoft.Network/applicationGateways/ag1/backendHttpSettingsCollection/appGatewayBackendHttpSettings\"\r\n
        \         }\r\n        },\r\n        \"type\": \"Microsoft.Network/applicationGateways/requestRoutingRules\"\r\n
        \     }\r\n    ],\r\n    \"probes\": [],\r\n    \"rewriteRuleSets\": [],\r\n
        \   \"redirectConfigurations\": []\r\n  }\r\n}"
    headers:
      cache-control:
      - no-cache
      content-length:
      - '8319'
      content-type:
      - application/json; charset=utf-8
      date:
      - Sat, 01 Oct 2022 18:19:11 GMT
      etag:
      - W/"7b61454c-caae-4164-9ed7-ac01bcd10508"
      expires:
      - '-1'
      pragma:
      - no-cache
      server:
      - Microsoft-HTTPAPI/2.0
      - Microsoft-HTTPAPI/2.0
      strict-transport-security:
      - max-age=31536000; includeSubDomains
      transfer-encoding:
      - chunked
      vary:
      - Accept-Encoding
      x-content-type-options:
      - nosniff
      x-ms-arm-service-request-id:
      - 219688a7-f7d8-4522-b779-04bfad61b8f6
    status:
      code: 200
      message: OK
- request:
    body: null
    headers:
      Accept:
      - application/json
      Accept-Encoding:
      - gzip, deflate
      CommandName:
      - network application-gateway frontend-ip create
      Connection:
      - keep-alive
      ParameterSetName:
      - -g --gateway-name -n --no-wait --private-ip-address --vnet-name --subnet
      User-Agent:
      - AZURECLI/2.40.0 (PIP) azsdk-python-azure-mgmt-network/21.0.1 Python/3.8.10
        (Windows-10-10.0.19044-SP0)
    method: GET
    uri: https://management.azure.com/subscriptions/00000000-0000-0000-0000-000000000000/resourceGroups/cli_test_ag_frontend_ip_private000001/providers/Microsoft.Network/applicationGateways/ag1?api-version=2022-01-01
  response:
    body:
      string: "{\r\n  \"name\": \"ag1\",\r\n  \"id\": \"/subscriptions/00000000-0000-0000-0000-000000000000/resourceGroups/cli_test_ag_frontend_ip_private000001/providers/Microsoft.Network/applicationGateways/ag1\",\r\n
        \ \"etag\": \"W/\\\"7b61454c-caae-4164-9ed7-ac01bcd10508\\\"\",\r\n  \"type\":
        \"Microsoft.Network/applicationGateways\",\r\n  \"location\": \"westus\",\r\n
        \ \"tags\": {},\r\n  \"properties\": {\r\n    \"provisioningState\": \"Updating\",\r\n
        \   \"resourceGuid\": \"df664ff5-6ba4-4c11-b4d0-bfb29074f177\",\r\n    \"sku\":
        {\r\n      \"name\": \"Standard_Medium\",\r\n      \"tier\": \"Standard\",\r\n
        \     \"capacity\": 2\r\n    },\r\n    \"operationalState\": \"Stopped\",\r\n
        \   \"gatewayIPConfigurations\": [\r\n      {\r\n        \"name\": \"appGatewayFrontendIP\",\r\n
        \       \"id\": \"/subscriptions/00000000-0000-0000-0000-000000000000/resourceGroups/cli_test_ag_frontend_ip_private000001/providers/Microsoft.Network/applicationGateways/ag1/gatewayIPConfigurations/appGatewayFrontendIP\",\r\n
        \       \"etag\": \"W/\\\"7b61454c-caae-4164-9ed7-ac01bcd10508\\\"\",\r\n
        \       \"properties\": {\r\n          \"provisioningState\": \"Updating\",\r\n
        \         \"subnet\": {\r\n            \"id\": \"/subscriptions/00000000-0000-0000-0000-000000000000/resourceGroups/cli_test_ag_frontend_ip_private000001/providers/Microsoft.Network/virtualNetworks/vnet1/subnets/subnet1\"\r\n
        \         }\r\n        },\r\n        \"type\": \"Microsoft.Network/applicationGateways/gatewayIPConfigurations\"\r\n
        \     }\r\n    ],\r\n    \"sslCertificates\": [],\r\n    \"authenticationCertificates\":
        [],\r\n    \"frontendIPConfigurations\": [\r\n      {\r\n        \"name\":
        \"appGatewayFrontendIP\",\r\n        \"id\": \"/subscriptions/00000000-0000-0000-0000-000000000000/resourceGroups/cli_test_ag_frontend_ip_private000001/providers/Microsoft.Network/applicationGateways/ag1/frontendIPConfigurations/appGatewayFrontendIP\",\r\n
        \       \"etag\": \"W/\\\"7b61454c-caae-4164-9ed7-ac01bcd10508\\\"\",\r\n
        \       \"type\": \"Microsoft.Network/applicationGateways/frontendIPConfigurations\",\r\n
        \       \"properties\": {\r\n          \"provisioningState\": \"Updating\",\r\n
        \         \"privateIPAllocationMethod\": \"Dynamic\",\r\n          \"publicIPAddress\":
        {\r\n            \"id\": \"/subscriptions/00000000-0000-0000-0000-000000000000/resourceGroups/cli_test_ag_frontend_ip_private000001/providers/Microsoft.Network/publicIPAddresses/myip1\"\r\n
        \         },\r\n          \"httpListeners\": [\r\n            {\r\n              \"id\":
        \"/subscriptions/00000000-0000-0000-0000-000000000000/resourceGroups/cli_test_ag_frontend_ip_private000001/providers/Microsoft.Network/applicationGateways/ag1/httpListeners/appGatewayHttpListener\"\r\n
        \           }\r\n          ]\r\n        }\r\n      }\r\n    ],\r\n    \"frontendPorts\":
        [\r\n      {\r\n        \"name\": \"appGatewayFrontendPort\",\r\n        \"id\":
        \"/subscriptions/00000000-0000-0000-0000-000000000000/resourceGroups/cli_test_ag_frontend_ip_private000001/providers/Microsoft.Network/applicationGateways/ag1/frontendPorts/appGatewayFrontendPort\",\r\n
        \       \"etag\": \"W/\\\"7b61454c-caae-4164-9ed7-ac01bcd10508\\\"\",\r\n
        \       \"properties\": {\r\n          \"provisioningState\": \"Updating\",\r\n
        \         \"port\": 80,\r\n          \"httpListeners\": [\r\n            {\r\n
        \             \"id\": \"/subscriptions/00000000-0000-0000-0000-000000000000/resourceGroups/cli_test_ag_frontend_ip_private000001/providers/Microsoft.Network/applicationGateways/ag1/httpListeners/appGatewayHttpListener\"\r\n
        \           }\r\n          ]\r\n        },\r\n        \"type\": \"Microsoft.Network/applicationGateways/frontendPorts\"\r\n
        \     }\r\n    ],\r\n    \"backendAddressPools\": [\r\n      {\r\n        \"name\":
        \"appGatewayBackendPool\",\r\n        \"id\": \"/subscriptions/00000000-0000-0000-0000-000000000000/resourceGroups/cli_test_ag_frontend_ip_private000001/providers/Microsoft.Network/applicationGateways/ag1/backendAddressPools/appGatewayBackendPool\",\r\n
        \       \"etag\": \"W/\\\"7b61454c-caae-4164-9ed7-ac01bcd10508\\\"\",\r\n
        \       \"properties\": {\r\n          \"provisioningState\": \"Updating\",\r\n
        \         \"backendAddresses\": [],\r\n          \"requestRoutingRules\":
        [\r\n            {\r\n              \"id\": \"/subscriptions/00000000-0000-0000-0000-000000000000/resourceGroups/cli_test_ag_frontend_ip_private000001/providers/Microsoft.Network/applicationGateways/ag1/requestRoutingRules/rule1\"\r\n
        \           }\r\n          ]\r\n        },\r\n        \"type\": \"Microsoft.Network/applicationGateways/backendAddressPools\"\r\n
        \     }\r\n    ],\r\n    \"backendHttpSettingsCollection\": [\r\n      {\r\n
        \       \"name\": \"appGatewayBackendHttpSettings\",\r\n        \"id\": \"/subscriptions/00000000-0000-0000-0000-000000000000/resourceGroups/cli_test_ag_frontend_ip_private000001/providers/Microsoft.Network/applicationGateways/ag1/backendHttpSettingsCollection/appGatewayBackendHttpSettings\",\r\n
        \       \"etag\": \"W/\\\"7b61454c-caae-4164-9ed7-ac01bcd10508\\\"\",\r\n
        \       \"properties\": {\r\n          \"provisioningState\": \"Updating\",\r\n
        \         \"port\": 80,\r\n          \"protocol\": \"Http\",\r\n          \"cookieBasedAffinity\":
        \"Disabled\",\r\n          \"connectionDraining\": {\r\n            \"enabled\":
        false,\r\n            \"drainTimeoutInSec\": 1\r\n          },\r\n          \"pickHostNameFromBackendAddress\":
        false,\r\n          \"requestTimeout\": 30,\r\n          \"requestRoutingRules\":
        [\r\n            {\r\n              \"id\": \"/subscriptions/00000000-0000-0000-0000-000000000000/resourceGroups/cli_test_ag_frontend_ip_private000001/providers/Microsoft.Network/applicationGateways/ag1/requestRoutingRules/rule1\"\r\n
        \           }\r\n          ]\r\n        },\r\n        \"type\": \"Microsoft.Network/applicationGateways/backendHttpSettingsCollection\"\r\n
        \     }\r\n    ],\r\n    \"httpListeners\": [\r\n      {\r\n        \"name\":
        \"appGatewayHttpListener\",\r\n        \"id\": \"/subscriptions/00000000-0000-0000-0000-000000000000/resourceGroups/cli_test_ag_frontend_ip_private000001/providers/Microsoft.Network/applicationGateways/ag1/httpListeners/appGatewayHttpListener\",\r\n
        \       \"etag\": \"W/\\\"7b61454c-caae-4164-9ed7-ac01bcd10508\\\"\",\r\n
        \       \"properties\": {\r\n          \"provisioningState\": \"Updating\",\r\n
        \         \"frontendIPConfiguration\": {\r\n            \"id\": \"/subscriptions/00000000-0000-0000-0000-000000000000/resourceGroups/cli_test_ag_frontend_ip_private000001/providers/Microsoft.Network/applicationGateways/ag1/frontendIPConfigurations/appGatewayFrontendIP\"\r\n
        \         },\r\n          \"frontendPort\": {\r\n            \"id\": \"/subscriptions/00000000-0000-0000-0000-000000000000/resourceGroups/cli_test_ag_frontend_ip_private000001/providers/Microsoft.Network/applicationGateways/ag1/frontendPorts/appGatewayFrontendPort\"\r\n
        \         },\r\n          \"protocol\": \"Http\",\r\n          \"hostNames\":
        [],\r\n          \"requireServerNameIndication\": false,\r\n          \"requestRoutingRules\":
        [\r\n            {\r\n              \"id\": \"/subscriptions/00000000-0000-0000-0000-000000000000/resourceGroups/cli_test_ag_frontend_ip_private000001/providers/Microsoft.Network/applicationGateways/ag1/requestRoutingRules/rule1\"\r\n
        \           }\r\n          ]\r\n        },\r\n        \"type\": \"Microsoft.Network/applicationGateways/httpListeners\"\r\n
        \     }\r\n    ],\r\n    \"urlPathMaps\": [],\r\n    \"requestRoutingRules\":
        [\r\n      {\r\n        \"name\": \"rule1\",\r\n        \"id\": \"/subscriptions/00000000-0000-0000-0000-000000000000/resourceGroups/cli_test_ag_frontend_ip_private000001/providers/Microsoft.Network/applicationGateways/ag1/requestRoutingRules/rule1\",\r\n
        \       \"etag\": \"W/\\\"7b61454c-caae-4164-9ed7-ac01bcd10508\\\"\",\r\n
        \       \"properties\": {\r\n          \"provisioningState\": \"Updating\",\r\n
        \         \"ruleType\": \"Basic\",\r\n          \"httpListener\": {\r\n            \"id\":
        \"/subscriptions/00000000-0000-0000-0000-000000000000/resourceGroups/cli_test_ag_frontend_ip_private000001/providers/Microsoft.Network/applicationGateways/ag1/httpListeners/appGatewayHttpListener\"\r\n
        \         },\r\n          \"backendAddressPool\": {\r\n            \"id\":
        \"/subscriptions/00000000-0000-0000-0000-000000000000/resourceGroups/cli_test_ag_frontend_ip_private000001/providers/Microsoft.Network/applicationGateways/ag1/backendAddressPools/appGatewayBackendPool\"\r\n
        \         },\r\n          \"backendHttpSettings\": {\r\n            \"id\":
        \"/subscriptions/00000000-0000-0000-0000-000000000000/resourceGroups/cli_test_ag_frontend_ip_private000001/providers/Microsoft.Network/applicationGateways/ag1/backendHttpSettingsCollection/appGatewayBackendHttpSettings\"\r\n
        \         }\r\n        },\r\n        \"type\": \"Microsoft.Network/applicationGateways/requestRoutingRules\"\r\n
        \     }\r\n    ],\r\n    \"probes\": [],\r\n    \"rewriteRuleSets\": [],\r\n
        \   \"redirectConfigurations\": []\r\n  }\r\n}"
    headers:
      cache-control:
      - no-cache
      content-length:
      - '8319'
      content-type:
      - application/json; charset=utf-8
      date:
      - Sat, 01 Oct 2022 18:19:12 GMT
      etag:
      - W/"7b61454c-caae-4164-9ed7-ac01bcd10508"
      expires:
      - '-1'
      pragma:
      - no-cache
      server:
      - Microsoft-HTTPAPI/2.0
      - Microsoft-HTTPAPI/2.0
      strict-transport-security:
      - max-age=31536000; includeSubDomains
      transfer-encoding:
      - chunked
      vary:
      - Accept-Encoding
      x-content-type-options:
      - nosniff
      x-ms-arm-service-request-id:
      - 9b198749-137e-443e-8bbb-f3364ab10bd9
    status:
      code: 200
      message: OK
- request:
    body: '{"id": "/subscriptions/00000000-0000-0000-0000-000000000000/resourceGroups/cli_test_ag_frontend_ip_private000001/providers/Microsoft.Network/applicationGateways/ag1",
      "location": "westus", "tags": {}, "properties": {"sku": {"name": "Standard_Medium",
      "tier": "Standard", "capacity": 2}, "gatewayIPConfigurations": [{"id": "/subscriptions/00000000-0000-0000-0000-000000000000/resourceGroups/cli_test_ag_frontend_ip_private000001/providers/Microsoft.Network/applicationGateways/ag1/gatewayIPConfigurations/appGatewayFrontendIP",
      "name": "appGatewayFrontendIP", "properties": {"subnet": {"id": "/subscriptions/00000000-0000-0000-0000-000000000000/resourceGroups/cli_test_ag_frontend_ip_private000001/providers/Microsoft.Network/virtualNetworks/vnet1/subnets/subnet1"}}}],
      "authenticationCertificates": [], "sslCertificates": [], "frontendIPConfigurations":
      [{"id": "/subscriptions/00000000-0000-0000-0000-000000000000/resourceGroups/cli_test_ag_frontend_ip_private000001/providers/Microsoft.Network/applicationGateways/ag1/frontendIPConfigurations/appGatewayFrontendIP",
      "name": "appGatewayFrontendIP", "properties": {"privateIPAllocationMethod":
      "Dynamic", "publicIPAddress": {"id": "/subscriptions/00000000-0000-0000-0000-000000000000/resourceGroups/cli_test_ag_frontend_ip_private000001/providers/Microsoft.Network/publicIPAddresses/myip1"}}},
      {"name": "frontendip", "properties": {"privateIPAddress": "10.0.0.10", "privateIPAllocationMethod":
      "Static", "subnet": {"id": "/subscriptions/00000000-0000-0000-0000-000000000000/resourceGroups/cli_test_ag_frontend_ip_private000001/providers/Microsoft.Network/virtualNetworks/vnet1/subnets/subnet1"}}}],
      "frontendPorts": [{"id": "/subscriptions/00000000-0000-0000-0000-000000000000/resourceGroups/cli_test_ag_frontend_ip_private000001/providers/Microsoft.Network/applicationGateways/ag1/frontendPorts/appGatewayFrontendPort",
      "name": "appGatewayFrontendPort", "properties": {"port": 80}}], "probes": [],
      "backendAddressPools": [{"id": "/subscriptions/00000000-0000-0000-0000-000000000000/resourceGroups/cli_test_ag_frontend_ip_private000001/providers/Microsoft.Network/applicationGateways/ag1/backendAddressPools/appGatewayBackendPool",
      "name": "appGatewayBackendPool", "properties": {"backendAddresses": []}}], "backendHttpSettingsCollection":
      [{"id": "/subscriptions/00000000-0000-0000-0000-000000000000/resourceGroups/cli_test_ag_frontend_ip_private000001/providers/Microsoft.Network/applicationGateways/ag1/backendHttpSettingsCollection/appGatewayBackendHttpSettings",
      "name": "appGatewayBackendHttpSettings", "properties": {"port": 80, "protocol":
      "Http", "cookieBasedAffinity": "Disabled", "requestTimeout": 30, "connectionDraining":
      {"enabled": false, "drainTimeoutInSec": 1}, "pickHostNameFromBackendAddress":
      false}}], "httpListeners": [{"id": "/subscriptions/00000000-0000-0000-0000-000000000000/resourceGroups/cli_test_ag_frontend_ip_private000001/providers/Microsoft.Network/applicationGateways/ag1/httpListeners/appGatewayHttpListener",
      "name": "appGatewayHttpListener", "properties": {"frontendIPConfiguration":
      {"id": "/subscriptions/00000000-0000-0000-0000-000000000000/resourceGroups/cli_test_ag_frontend_ip_private000001/providers/Microsoft.Network/applicationGateways/ag1/frontendIPConfigurations/appGatewayFrontendIP"},
      "frontendPort": {"id": "/subscriptions/00000000-0000-0000-0000-000000000000/resourceGroups/cli_test_ag_frontend_ip_private000001/providers/Microsoft.Network/applicationGateways/ag1/frontendPorts/appGatewayFrontendPort"},
      "protocol": "Http", "requireServerNameIndication": false, "hostNames": []}}],
      "urlPathMaps": [], "requestRoutingRules": [{"id": "/subscriptions/00000000-0000-0000-0000-000000000000/resourceGroups/cli_test_ag_frontend_ip_private000001/providers/Microsoft.Network/applicationGateways/ag1/requestRoutingRules/rule1",
      "name": "rule1", "properties": {"ruleType": "Basic", "backendAddressPool": {"id":
      "/subscriptions/00000000-0000-0000-0000-000000000000/resourceGroups/cli_test_ag_frontend_ip_private000001/providers/Microsoft.Network/applicationGateways/ag1/backendAddressPools/appGatewayBackendPool"},
      "backendHttpSettings": {"id": "/subscriptions/00000000-0000-0000-0000-000000000000/resourceGroups/cli_test_ag_frontend_ip_private000001/providers/Microsoft.Network/applicationGateways/ag1/backendHttpSettingsCollection/appGatewayBackendHttpSettings"},
      "httpListener": {"id": "/subscriptions/00000000-0000-0000-0000-000000000000/resourceGroups/cli_test_ag_frontend_ip_private000001/providers/Microsoft.Network/applicationGateways/ag1/httpListeners/appGatewayHttpListener"}}}],
      "rewriteRuleSets": [], "redirectConfigurations": []}}'
    headers:
      Accept:
      - application/json
      Accept-Encoding:
      - gzip, deflate
      CommandName:
      - network application-gateway frontend-ip create
      Connection:
      - keep-alive
      Content-Length:
      - '4633'
      Content-Type:
      - application/json
      ParameterSetName:
      - -g --gateway-name -n --no-wait --private-ip-address --vnet-name --subnet
      User-Agent:
      - AZURECLI/2.40.0 (PIP) azsdk-python-azure-mgmt-network/21.0.1 Python/3.8.10
        (Windows-10-10.0.19044-SP0)
    method: PUT
    uri: https://management.azure.com/subscriptions/00000000-0000-0000-0000-000000000000/resourceGroups/cli_test_ag_frontend_ip_private000001/providers/Microsoft.Network/applicationGateways/ag1?api-version=2022-01-01
  response:
    body:
      string: "{\r\n  \"name\": \"ag1\",\r\n  \"id\": \"/subscriptions/00000000-0000-0000-0000-000000000000/resourceGroups/cli_test_ag_frontend_ip_private000001/providers/Microsoft.Network/applicationGateways/ag1\",\r\n
        \ \"etag\": \"W/\\\"91afb28f-6911-43e6-ab28-3bcecd82375f\\\"\",\r\n  \"type\":
        \"Microsoft.Network/applicationGateways\",\r\n  \"location\": \"westus\",\r\n
        \ \"tags\": {},\r\n  \"properties\": {\r\n    \"provisioningState\": \"Updating\",\r\n
        \   \"resourceGuid\": \"df664ff5-6ba4-4c11-b4d0-bfb29074f177\",\r\n    \"sku\":
        {\r\n      \"name\": \"Standard_Medium\",\r\n      \"tier\": \"Standard\",\r\n
        \     \"capacity\": 2\r\n    },\r\n    \"operationalState\": \"Stopped\",\r\n
        \   \"gatewayIPConfigurations\": [\r\n      {\r\n        \"name\": \"appGatewayFrontendIP\",\r\n
        \       \"id\": \"/subscriptions/00000000-0000-0000-0000-000000000000/resourceGroups/cli_test_ag_frontend_ip_private000001/providers/Microsoft.Network/applicationGateways/ag1/gatewayIPConfigurations/appGatewayFrontendIP\",\r\n
        \       \"etag\": \"W/\\\"91afb28f-6911-43e6-ab28-3bcecd82375f\\\"\",\r\n
        \       \"properties\": {\r\n          \"provisioningState\": \"Updating\",\r\n
        \         \"subnet\": {\r\n            \"id\": \"/subscriptions/00000000-0000-0000-0000-000000000000/resourceGroups/cli_test_ag_frontend_ip_private000001/providers/Microsoft.Network/virtualNetworks/vnet1/subnets/subnet1\"\r\n
        \         }\r\n        },\r\n        \"type\": \"Microsoft.Network/applicationGateways/gatewayIPConfigurations\"\r\n
        \     }\r\n    ],\r\n    \"sslCertificates\": [],\r\n    \"authenticationCertificates\":
        [],\r\n    \"frontendIPConfigurations\": [\r\n      {\r\n        \"name\":
        \"appGatewayFrontendIP\",\r\n        \"id\": \"/subscriptions/00000000-0000-0000-0000-000000000000/resourceGroups/cli_test_ag_frontend_ip_private000001/providers/Microsoft.Network/applicationGateways/ag1/frontendIPConfigurations/appGatewayFrontendIP\",\r\n
        \       \"etag\": \"W/\\\"91afb28f-6911-43e6-ab28-3bcecd82375f\\\"\",\r\n
        \       \"type\": \"Microsoft.Network/applicationGateways/frontendIPConfigurations\",\r\n
        \       \"properties\": {\r\n          \"provisioningState\": \"Updating\",\r\n
        \         \"privateIPAllocationMethod\": \"Dynamic\",\r\n          \"publicIPAddress\":
        {\r\n            \"id\": \"/subscriptions/00000000-0000-0000-0000-000000000000/resourceGroups/cli_test_ag_frontend_ip_private000001/providers/Microsoft.Network/publicIPAddresses/myip1\"\r\n
        \         },\r\n          \"httpListeners\": [\r\n            {\r\n              \"id\":
        \"/subscriptions/00000000-0000-0000-0000-000000000000/resourceGroups/cli_test_ag_frontend_ip_private000001/providers/Microsoft.Network/applicationGateways/ag1/httpListeners/appGatewayHttpListener\"\r\n
        \           }\r\n          ]\r\n        }\r\n      },\r\n      {\r\n        \"name\":
        \"frontendip\",\r\n        \"id\": \"/subscriptions/00000000-0000-0000-0000-000000000000/resourceGroups/cli_test_ag_frontend_ip_private000001/providers/Microsoft.Network/applicationGateways/ag1/frontendIPConfigurations/frontendip\",\r\n
        \       \"etag\": \"W/\\\"91afb28f-6911-43e6-ab28-3bcecd82375f\\\"\",\r\n
        \       \"type\": \"Microsoft.Network/applicationGateways/frontendIPConfigurations\",\r\n
        \       \"properties\": {\r\n          \"provisioningState\": \"Updating\",\r\n
        \         \"privateIPAddress\": \"10.0.0.10\",\r\n          \"privateIPAllocationMethod\":
        \"Static\",\r\n          \"subnet\": {\r\n            \"id\": \"/subscriptions/00000000-0000-0000-0000-000000000000/resourceGroups/cli_test_ag_frontend_ip_private000001/providers/Microsoft.Network/virtualNetworks/vnet1/subnets/subnet1\"\r\n
        \         }\r\n        }\r\n      }\r\n    ],\r\n    \"frontendPorts\": [\r\n
        \     {\r\n        \"name\": \"appGatewayFrontendPort\",\r\n        \"id\":
        \"/subscriptions/00000000-0000-0000-0000-000000000000/resourceGroups/cli_test_ag_frontend_ip_private000001/providers/Microsoft.Network/applicationGateways/ag1/frontendPorts/appGatewayFrontendPort\",\r\n
        \       \"etag\": \"W/\\\"91afb28f-6911-43e6-ab28-3bcecd82375f\\\"\",\r\n
        \       \"properties\": {\r\n          \"provisioningState\": \"Updating\",\r\n
        \         \"port\": 80,\r\n          \"httpListeners\": [\r\n            {\r\n
        \             \"id\": \"/subscriptions/00000000-0000-0000-0000-000000000000/resourceGroups/cli_test_ag_frontend_ip_private000001/providers/Microsoft.Network/applicationGateways/ag1/httpListeners/appGatewayHttpListener\"\r\n
        \           }\r\n          ]\r\n        },\r\n        \"type\": \"Microsoft.Network/applicationGateways/frontendPorts\"\r\n
        \     }\r\n    ],\r\n    \"backendAddressPools\": [\r\n      {\r\n        \"name\":
        \"appGatewayBackendPool\",\r\n        \"id\": \"/subscriptions/00000000-0000-0000-0000-000000000000/resourceGroups/cli_test_ag_frontend_ip_private000001/providers/Microsoft.Network/applicationGateways/ag1/backendAddressPools/appGatewayBackendPool\",\r\n
        \       \"etag\": \"W/\\\"91afb28f-6911-43e6-ab28-3bcecd82375f\\\"\",\r\n
        \       \"properties\": {\r\n          \"provisioningState\": \"Updating\",\r\n
        \         \"backendAddresses\": [],\r\n          \"requestRoutingRules\":
        [\r\n            {\r\n              \"id\": \"/subscriptions/00000000-0000-0000-0000-000000000000/resourceGroups/cli_test_ag_frontend_ip_private000001/providers/Microsoft.Network/applicationGateways/ag1/requestRoutingRules/rule1\"\r\n
        \           }\r\n          ]\r\n        },\r\n        \"type\": \"Microsoft.Network/applicationGateways/backendAddressPools\"\r\n
        \     }\r\n    ],\r\n    \"backendHttpSettingsCollection\": [\r\n      {\r\n
        \       \"name\": \"appGatewayBackendHttpSettings\",\r\n        \"id\": \"/subscriptions/00000000-0000-0000-0000-000000000000/resourceGroups/cli_test_ag_frontend_ip_private000001/providers/Microsoft.Network/applicationGateways/ag1/backendHttpSettingsCollection/appGatewayBackendHttpSettings\",\r\n
        \       \"etag\": \"W/\\\"91afb28f-6911-43e6-ab28-3bcecd82375f\\\"\",\r\n
        \       \"properties\": {\r\n          \"provisioningState\": \"Updating\",\r\n
        \         \"port\": 80,\r\n          \"protocol\": \"Http\",\r\n          \"cookieBasedAffinity\":
        \"Disabled\",\r\n          \"connectionDraining\": {\r\n            \"enabled\":
        false,\r\n            \"drainTimeoutInSec\": 1\r\n          },\r\n          \"pickHostNameFromBackendAddress\":
        false,\r\n          \"requestTimeout\": 30,\r\n          \"requestRoutingRules\":
        [\r\n            {\r\n              \"id\": \"/subscriptions/00000000-0000-0000-0000-000000000000/resourceGroups/cli_test_ag_frontend_ip_private000001/providers/Microsoft.Network/applicationGateways/ag1/requestRoutingRules/rule1\"\r\n
        \           }\r\n          ]\r\n        },\r\n        \"type\": \"Microsoft.Network/applicationGateways/backendHttpSettingsCollection\"\r\n
        \     }\r\n    ],\r\n    \"httpListeners\": [\r\n      {\r\n        \"name\":
        \"appGatewayHttpListener\",\r\n        \"id\": \"/subscriptions/00000000-0000-0000-0000-000000000000/resourceGroups/cli_test_ag_frontend_ip_private000001/providers/Microsoft.Network/applicationGateways/ag1/httpListeners/appGatewayHttpListener\",\r\n
        \       \"etag\": \"W/\\\"91afb28f-6911-43e6-ab28-3bcecd82375f\\\"\",\r\n
        \       \"properties\": {\r\n          \"provisioningState\": \"Updating\",\r\n
        \         \"frontendIPConfiguration\": {\r\n            \"id\": \"/subscriptions/00000000-0000-0000-0000-000000000000/resourceGroups/cli_test_ag_frontend_ip_private000001/providers/Microsoft.Network/applicationGateways/ag1/frontendIPConfigurations/appGatewayFrontendIP\"\r\n
        \         },\r\n          \"frontendPort\": {\r\n            \"id\": \"/subscriptions/00000000-0000-0000-0000-000000000000/resourceGroups/cli_test_ag_frontend_ip_private000001/providers/Microsoft.Network/applicationGateways/ag1/frontendPorts/appGatewayFrontendPort\"\r\n
        \         },\r\n          \"protocol\": \"Http\",\r\n          \"hostNames\":
        [],\r\n          \"requireServerNameIndication\": false,\r\n          \"requestRoutingRules\":
        [\r\n            {\r\n              \"id\": \"/subscriptions/00000000-0000-0000-0000-000000000000/resourceGroups/cli_test_ag_frontend_ip_private000001/providers/Microsoft.Network/applicationGateways/ag1/requestRoutingRules/rule1\"\r\n
        \           }\r\n          ]\r\n        },\r\n        \"type\": \"Microsoft.Network/applicationGateways/httpListeners\"\r\n
        \     }\r\n    ],\r\n    \"urlPathMaps\": [],\r\n    \"requestRoutingRules\":
        [\r\n      {\r\n        \"name\": \"rule1\",\r\n        \"id\": \"/subscriptions/00000000-0000-0000-0000-000000000000/resourceGroups/cli_test_ag_frontend_ip_private000001/providers/Microsoft.Network/applicationGateways/ag1/requestRoutingRules/rule1\",\r\n
        \       \"etag\": \"W/\\\"91afb28f-6911-43e6-ab28-3bcecd82375f\\\"\",\r\n
        \       \"properties\": {\r\n          \"provisioningState\": \"Updating\",\r\n
        \         \"ruleType\": \"Basic\",\r\n          \"httpListener\": {\r\n            \"id\":
        \"/subscriptions/00000000-0000-0000-0000-000000000000/resourceGroups/cli_test_ag_frontend_ip_private000001/providers/Microsoft.Network/applicationGateways/ag1/httpListeners/appGatewayHttpListener\"\r\n
        \         },\r\n          \"backendAddressPool\": {\r\n            \"id\":
        \"/subscriptions/00000000-0000-0000-0000-000000000000/resourceGroups/cli_test_ag_frontend_ip_private000001/providers/Microsoft.Network/applicationGateways/ag1/backendAddressPools/appGatewayBackendPool\"\r\n
        \         },\r\n          \"backendHttpSettings\": {\r\n            \"id\":
        \"/subscriptions/00000000-0000-0000-0000-000000000000/resourceGroups/cli_test_ag_frontend_ip_private000001/providers/Microsoft.Network/applicationGateways/ag1/backendHttpSettingsCollection/appGatewayBackendHttpSettings\"\r\n
        \         }\r\n        },\r\n        \"type\": \"Microsoft.Network/applicationGateways/requestRoutingRules\"\r\n
        \     }\r\n    ],\r\n    \"probes\": [],\r\n    \"rewriteRuleSets\": [],\r\n
        \   \"redirectConfigurations\": []\r\n  }\r\n}"
    headers:
      azure-asyncnotification:
      - Enabled
      azure-asyncoperation:
      - https://management.azure.com/subscriptions/00000000-0000-0000-0000-000000000000/providers/Microsoft.Network/locations/westus/operations/514081e8-c218-4d6c-b38a-f1666e4b4c9e?api-version=2022-01-01
      cache-control:
      - no-cache
      content-length:
      - '9128'
      content-type:
      - application/json; charset=utf-8
      date:
      - Sat, 01 Oct 2022 18:19:15 GMT
      expires:
      - '-1'
      pragma:
      - no-cache
      server:
      - Microsoft-HTTPAPI/2.0
      - Microsoft-HTTPAPI/2.0
      strict-transport-security:
      - max-age=31536000; includeSubDomains
      transfer-encoding:
      - chunked
      vary:
      - Accept-Encoding
      x-content-type-options:
      - nosniff
      x-ms-arm-service-request-id:
      - 89773085-7da2-48e8-beb7-da9b452c2c93
      x-ms-ratelimit-remaining-subscription-writes:
      - '1196'
    status:
      code: 200
      message: OK
- request:
    body: null
    headers:
      Accept:
      - application/json
      Accept-Encoding:
      - gzip, deflate
      CommandName:
      - network application-gateway frontend-ip show
      Connection:
      - keep-alive
      ParameterSetName:
      - -g --gateway-name -n
      User-Agent:
      - AZURECLI/2.40.0 (PIP) azsdk-python-azure-mgmt-network/21.0.1 Python/3.8.10
        (Windows-10-10.0.19044-SP0)
    method: GET
    uri: https://management.azure.com/subscriptions/00000000-0000-0000-0000-000000000000/resourceGroups/cli_test_ag_frontend_ip_private000001/providers/Microsoft.Network/applicationGateways/ag1?api-version=2022-01-01
  response:
    body:
      string: "{\r\n  \"name\": \"ag1\",\r\n  \"id\": \"/subscriptions/00000000-0000-0000-0000-000000000000/resourceGroups/cli_test_ag_frontend_ip_private000001/providers/Microsoft.Network/applicationGateways/ag1\",\r\n
        \ \"etag\": \"W/\\\"61cf1a54-860a-476f-b7aa-bdb3e7eddedd\\\"\",\r\n  \"type\":
        \"Microsoft.Network/applicationGateways\",\r\n  \"location\": \"westus\",\r\n
        \ \"tags\": {},\r\n  \"properties\": {\r\n    \"provisioningState\": \"Updating\",\r\n
        \   \"resourceGuid\": \"df664ff5-6ba4-4c11-b4d0-bfb29074f177\",\r\n    \"sku\":
        {\r\n      \"name\": \"Standard_Medium\",\r\n      \"tier\": \"Standard\",\r\n
        \     \"capacity\": 2\r\n    },\r\n    \"operationalState\": \"Stopped\",\r\n
        \   \"gatewayIPConfigurations\": [\r\n      {\r\n        \"name\": \"appGatewayFrontendIP\",\r\n
        \       \"id\": \"/subscriptions/00000000-0000-0000-0000-000000000000/resourceGroups/cli_test_ag_frontend_ip_private000001/providers/Microsoft.Network/applicationGateways/ag1/gatewayIPConfigurations/appGatewayFrontendIP\",\r\n
        \       \"etag\": \"W/\\\"61cf1a54-860a-476f-b7aa-bdb3e7eddedd\\\"\",\r\n
        \       \"properties\": {\r\n          \"provisioningState\": \"Updating\",\r\n
        \         \"subnet\": {\r\n            \"id\": \"/subscriptions/00000000-0000-0000-0000-000000000000/resourceGroups/cli_test_ag_frontend_ip_private000001/providers/Microsoft.Network/virtualNetworks/vnet1/subnets/subnet1\"\r\n
        \         }\r\n        },\r\n        \"type\": \"Microsoft.Network/applicationGateways/gatewayIPConfigurations\"\r\n
        \     }\r\n    ],\r\n    \"sslCertificates\": [],\r\n    \"authenticationCertificates\":
        [],\r\n    \"frontendIPConfigurations\": [\r\n      {\r\n        \"name\":
        \"appGatewayFrontendIP\",\r\n        \"id\": \"/subscriptions/00000000-0000-0000-0000-000000000000/resourceGroups/cli_test_ag_frontend_ip_private000001/providers/Microsoft.Network/applicationGateways/ag1/frontendIPConfigurations/appGatewayFrontendIP\",\r\n
        \       \"etag\": \"W/\\\"61cf1a54-860a-476f-b7aa-bdb3e7eddedd\\\"\",\r\n
        \       \"type\": \"Microsoft.Network/applicationGateways/frontendIPConfigurations\",\r\n
        \       \"properties\": {\r\n          \"provisioningState\": \"Updating\",\r\n
        \         \"privateIPAllocationMethod\": \"Dynamic\",\r\n          \"publicIPAddress\":
        {\r\n            \"id\": \"/subscriptions/00000000-0000-0000-0000-000000000000/resourceGroups/cli_test_ag_frontend_ip_private000001/providers/Microsoft.Network/publicIPAddresses/myip1\"\r\n
        \         },\r\n          \"httpListeners\": [\r\n            {\r\n              \"id\":
        \"/subscriptions/00000000-0000-0000-0000-000000000000/resourceGroups/cli_test_ag_frontend_ip_private000001/providers/Microsoft.Network/applicationGateways/ag1/httpListeners/appGatewayHttpListener\"\r\n
        \           }\r\n          ]\r\n        }\r\n      },\r\n      {\r\n        \"name\":
        \"frontendip\",\r\n        \"id\": \"/subscriptions/00000000-0000-0000-0000-000000000000/resourceGroups/cli_test_ag_frontend_ip_private000001/providers/Microsoft.Network/applicationGateways/ag1/frontendIPConfigurations/frontendip\",\r\n
        \       \"etag\": \"W/\\\"61cf1a54-860a-476f-b7aa-bdb3e7eddedd\\\"\",\r\n
        \       \"type\": \"Microsoft.Network/applicationGateways/frontendIPConfigurations\",\r\n
        \       \"properties\": {\r\n          \"provisioningState\": \"Updating\",\r\n
        \         \"privateIPAddress\": \"10.0.0.10\",\r\n          \"privateIPAllocationMethod\":
        \"Static\",\r\n          \"subnet\": {\r\n            \"id\": \"/subscriptions/00000000-0000-0000-0000-000000000000/resourceGroups/cli_test_ag_frontend_ip_private000001/providers/Microsoft.Network/virtualNetworks/vnet1/subnets/subnet1\"\r\n
        \         }\r\n        }\r\n      }\r\n    ],\r\n    \"frontendPorts\": [\r\n
        \     {\r\n        \"name\": \"appGatewayFrontendPort\",\r\n        \"id\":
        \"/subscriptions/00000000-0000-0000-0000-000000000000/resourceGroups/cli_test_ag_frontend_ip_private000001/providers/Microsoft.Network/applicationGateways/ag1/frontendPorts/appGatewayFrontendPort\",\r\n
        \       \"etag\": \"W/\\\"61cf1a54-860a-476f-b7aa-bdb3e7eddedd\\\"\",\r\n
        \       \"properties\": {\r\n          \"provisioningState\": \"Updating\",\r\n
        \         \"port\": 80,\r\n          \"httpListeners\": [\r\n            {\r\n
        \             \"id\": \"/subscriptions/00000000-0000-0000-0000-000000000000/resourceGroups/cli_test_ag_frontend_ip_private000001/providers/Microsoft.Network/applicationGateways/ag1/httpListeners/appGatewayHttpListener\"\r\n
        \           }\r\n          ]\r\n        },\r\n        \"type\": \"Microsoft.Network/applicationGateways/frontendPorts\"\r\n
        \     }\r\n    ],\r\n    \"backendAddressPools\": [\r\n      {\r\n        \"name\":
        \"appGatewayBackendPool\",\r\n        \"id\": \"/subscriptions/00000000-0000-0000-0000-000000000000/resourceGroups/cli_test_ag_frontend_ip_private000001/providers/Microsoft.Network/applicationGateways/ag1/backendAddressPools/appGatewayBackendPool\",\r\n
        \       \"etag\": \"W/\\\"61cf1a54-860a-476f-b7aa-bdb3e7eddedd\\\"\",\r\n
        \       \"properties\": {\r\n          \"provisioningState\": \"Updating\",\r\n
        \         \"backendAddresses\": [],\r\n          \"requestRoutingRules\":
        [\r\n            {\r\n              \"id\": \"/subscriptions/00000000-0000-0000-0000-000000000000/resourceGroups/cli_test_ag_frontend_ip_private000001/providers/Microsoft.Network/applicationGateways/ag1/requestRoutingRules/rule1\"\r\n
        \           }\r\n          ]\r\n        },\r\n        \"type\": \"Microsoft.Network/applicationGateways/backendAddressPools\"\r\n
        \     }\r\n    ],\r\n    \"backendHttpSettingsCollection\": [\r\n      {\r\n
        \       \"name\": \"appGatewayBackendHttpSettings\",\r\n        \"id\": \"/subscriptions/00000000-0000-0000-0000-000000000000/resourceGroups/cli_test_ag_frontend_ip_private000001/providers/Microsoft.Network/applicationGateways/ag1/backendHttpSettingsCollection/appGatewayBackendHttpSettings\",\r\n
        \       \"etag\": \"W/\\\"61cf1a54-860a-476f-b7aa-bdb3e7eddedd\\\"\",\r\n
        \       \"properties\": {\r\n          \"provisioningState\": \"Updating\",\r\n
        \         \"port\": 80,\r\n          \"protocol\": \"Http\",\r\n          \"cookieBasedAffinity\":
        \"Disabled\",\r\n          \"connectionDraining\": {\r\n            \"enabled\":
        false,\r\n            \"drainTimeoutInSec\": 1\r\n          },\r\n          \"pickHostNameFromBackendAddress\":
        false,\r\n          \"requestTimeout\": 30,\r\n          \"requestRoutingRules\":
        [\r\n            {\r\n              \"id\": \"/subscriptions/00000000-0000-0000-0000-000000000000/resourceGroups/cli_test_ag_frontend_ip_private000001/providers/Microsoft.Network/applicationGateways/ag1/requestRoutingRules/rule1\"\r\n
        \           }\r\n          ]\r\n        },\r\n        \"type\": \"Microsoft.Network/applicationGateways/backendHttpSettingsCollection\"\r\n
        \     }\r\n    ],\r\n    \"httpListeners\": [\r\n      {\r\n        \"name\":
        \"appGatewayHttpListener\",\r\n        \"id\": \"/subscriptions/00000000-0000-0000-0000-000000000000/resourceGroups/cli_test_ag_frontend_ip_private000001/providers/Microsoft.Network/applicationGateways/ag1/httpListeners/appGatewayHttpListener\",\r\n
        \       \"etag\": \"W/\\\"61cf1a54-860a-476f-b7aa-bdb3e7eddedd\\\"\",\r\n
        \       \"properties\": {\r\n          \"provisioningState\": \"Updating\",\r\n
        \         \"frontendIPConfiguration\": {\r\n            \"id\": \"/subscriptions/00000000-0000-0000-0000-000000000000/resourceGroups/cli_test_ag_frontend_ip_private000001/providers/Microsoft.Network/applicationGateways/ag1/frontendIPConfigurations/appGatewayFrontendIP\"\r\n
        \         },\r\n          \"frontendPort\": {\r\n            \"id\": \"/subscriptions/00000000-0000-0000-0000-000000000000/resourceGroups/cli_test_ag_frontend_ip_private000001/providers/Microsoft.Network/applicationGateways/ag1/frontendPorts/appGatewayFrontendPort\"\r\n
        \         },\r\n          \"protocol\": \"Http\",\r\n          \"hostNames\":
        [],\r\n          \"requireServerNameIndication\": false,\r\n          \"requestRoutingRules\":
        [\r\n            {\r\n              \"id\": \"/subscriptions/00000000-0000-0000-0000-000000000000/resourceGroups/cli_test_ag_frontend_ip_private000001/providers/Microsoft.Network/applicationGateways/ag1/requestRoutingRules/rule1\"\r\n
        \           }\r\n          ]\r\n        },\r\n        \"type\": \"Microsoft.Network/applicationGateways/httpListeners\"\r\n
        \     }\r\n    ],\r\n    \"urlPathMaps\": [],\r\n    \"requestRoutingRules\":
        [\r\n      {\r\n        \"name\": \"rule1\",\r\n        \"id\": \"/subscriptions/00000000-0000-0000-0000-000000000000/resourceGroups/cli_test_ag_frontend_ip_private000001/providers/Microsoft.Network/applicationGateways/ag1/requestRoutingRules/rule1\",\r\n
        \       \"etag\": \"W/\\\"61cf1a54-860a-476f-b7aa-bdb3e7eddedd\\\"\",\r\n
        \       \"properties\": {\r\n          \"provisioningState\": \"Updating\",\r\n
        \         \"ruleType\": \"Basic\",\r\n          \"httpListener\": {\r\n            \"id\":
        \"/subscriptions/00000000-0000-0000-0000-000000000000/resourceGroups/cli_test_ag_frontend_ip_private000001/providers/Microsoft.Network/applicationGateways/ag1/httpListeners/appGatewayHttpListener\"\r\n
        \         },\r\n          \"backendAddressPool\": {\r\n            \"id\":
        \"/subscriptions/00000000-0000-0000-0000-000000000000/resourceGroups/cli_test_ag_frontend_ip_private000001/providers/Microsoft.Network/applicationGateways/ag1/backendAddressPools/appGatewayBackendPool\"\r\n
        \         },\r\n          \"backendHttpSettings\": {\r\n            \"id\":
        \"/subscriptions/00000000-0000-0000-0000-000000000000/resourceGroups/cli_test_ag_frontend_ip_private000001/providers/Microsoft.Network/applicationGateways/ag1/backendHttpSettingsCollection/appGatewayBackendHttpSettings\"\r\n
        \         }\r\n        },\r\n        \"type\": \"Microsoft.Network/applicationGateways/requestRoutingRules\"\r\n
        \     }\r\n    ],\r\n    \"probes\": [],\r\n    \"rewriteRuleSets\": [],\r\n
        \   \"redirectConfigurations\": []\r\n  }\r\n}"
    headers:
      cache-control:
      - no-cache
      content-length:
      - '9128'
      content-type:
      - application/json; charset=utf-8
      date:
      - Sat, 01 Oct 2022 18:19:15 GMT
      etag:
      - W/"61cf1a54-860a-476f-b7aa-bdb3e7eddedd"
      expires:
      - '-1'
      pragma:
      - no-cache
      server:
      - Microsoft-HTTPAPI/2.0
      - Microsoft-HTTPAPI/2.0
      strict-transport-security:
      - max-age=31536000; includeSubDomains
      transfer-encoding:
      - chunked
      vary:
      - Accept-Encoding
      x-content-type-options:
      - nosniff
      x-ms-arm-service-request-id:
      - 42c0ac91-d526-4ca4-bcb4-c3510d94c6bc
    status:
      code: 200
      message: OK
- request:
    body: null
    headers:
      Accept:
      - application/json
      Accept-Encoding:
      - gzip, deflate
      CommandName:
      - network application-gateway frontend-ip list
      Connection:
      - keep-alive
      ParameterSetName:
      - -g --gateway-name
      User-Agent:
      - AZURECLI/2.40.0 (PIP) azsdk-python-azure-mgmt-network/21.0.1 Python/3.8.10
        (Windows-10-10.0.19044-SP0)
    method: GET
    uri: https://management.azure.com/subscriptions/00000000-0000-0000-0000-000000000000/resourceGroups/cli_test_ag_frontend_ip_private000001/providers/Microsoft.Network/applicationGateways/ag1?api-version=2022-01-01
  response:
    body:
      string: "{\r\n  \"name\": \"ag1\",\r\n  \"id\": \"/subscriptions/00000000-0000-0000-0000-000000000000/resourceGroups/cli_test_ag_frontend_ip_private000001/providers/Microsoft.Network/applicationGateways/ag1\",\r\n
        \ \"etag\": \"W/\\\"61cf1a54-860a-476f-b7aa-bdb3e7eddedd\\\"\",\r\n  \"type\":
        \"Microsoft.Network/applicationGateways\",\r\n  \"location\": \"westus\",\r\n
        \ \"tags\": {},\r\n  \"properties\": {\r\n    \"provisioningState\": \"Updating\",\r\n
        \   \"resourceGuid\": \"df664ff5-6ba4-4c11-b4d0-bfb29074f177\",\r\n    \"sku\":
        {\r\n      \"name\": \"Standard_Medium\",\r\n      \"tier\": \"Standard\",\r\n
        \     \"capacity\": 2\r\n    },\r\n    \"operationalState\": \"Stopped\",\r\n
        \   \"gatewayIPConfigurations\": [\r\n      {\r\n        \"name\": \"appGatewayFrontendIP\",\r\n
        \       \"id\": \"/subscriptions/00000000-0000-0000-0000-000000000000/resourceGroups/cli_test_ag_frontend_ip_private000001/providers/Microsoft.Network/applicationGateways/ag1/gatewayIPConfigurations/appGatewayFrontendIP\",\r\n
        \       \"etag\": \"W/\\\"61cf1a54-860a-476f-b7aa-bdb3e7eddedd\\\"\",\r\n
        \       \"properties\": {\r\n          \"provisioningState\": \"Updating\",\r\n
        \         \"subnet\": {\r\n            \"id\": \"/subscriptions/00000000-0000-0000-0000-000000000000/resourceGroups/cli_test_ag_frontend_ip_private000001/providers/Microsoft.Network/virtualNetworks/vnet1/subnets/subnet1\"\r\n
        \         }\r\n        },\r\n        \"type\": \"Microsoft.Network/applicationGateways/gatewayIPConfigurations\"\r\n
        \     }\r\n    ],\r\n    \"sslCertificates\": [],\r\n    \"authenticationCertificates\":
        [],\r\n    \"frontendIPConfigurations\": [\r\n      {\r\n        \"name\":
        \"appGatewayFrontendIP\",\r\n        \"id\": \"/subscriptions/00000000-0000-0000-0000-000000000000/resourceGroups/cli_test_ag_frontend_ip_private000001/providers/Microsoft.Network/applicationGateways/ag1/frontendIPConfigurations/appGatewayFrontendIP\",\r\n
        \       \"etag\": \"W/\\\"61cf1a54-860a-476f-b7aa-bdb3e7eddedd\\\"\",\r\n
        \       \"type\": \"Microsoft.Network/applicationGateways/frontendIPConfigurations\",\r\n
        \       \"properties\": {\r\n          \"provisioningState\": \"Updating\",\r\n
        \         \"privateIPAllocationMethod\": \"Dynamic\",\r\n          \"publicIPAddress\":
        {\r\n            \"id\": \"/subscriptions/00000000-0000-0000-0000-000000000000/resourceGroups/cli_test_ag_frontend_ip_private000001/providers/Microsoft.Network/publicIPAddresses/myip1\"\r\n
        \         },\r\n          \"httpListeners\": [\r\n            {\r\n              \"id\":
        \"/subscriptions/00000000-0000-0000-0000-000000000000/resourceGroups/cli_test_ag_frontend_ip_private000001/providers/Microsoft.Network/applicationGateways/ag1/httpListeners/appGatewayHttpListener\"\r\n
        \           }\r\n          ]\r\n        }\r\n      },\r\n      {\r\n        \"name\":
        \"frontendip\",\r\n        \"id\": \"/subscriptions/00000000-0000-0000-0000-000000000000/resourceGroups/cli_test_ag_frontend_ip_private000001/providers/Microsoft.Network/applicationGateways/ag1/frontendIPConfigurations/frontendip\",\r\n
        \       \"etag\": \"W/\\\"61cf1a54-860a-476f-b7aa-bdb3e7eddedd\\\"\",\r\n
        \       \"type\": \"Microsoft.Network/applicationGateways/frontendIPConfigurations\",\r\n
        \       \"properties\": {\r\n          \"provisioningState\": \"Updating\",\r\n
        \         \"privateIPAddress\": \"10.0.0.10\",\r\n          \"privateIPAllocationMethod\":
        \"Static\",\r\n          \"subnet\": {\r\n            \"id\": \"/subscriptions/00000000-0000-0000-0000-000000000000/resourceGroups/cli_test_ag_frontend_ip_private000001/providers/Microsoft.Network/virtualNetworks/vnet1/subnets/subnet1\"\r\n
        \         }\r\n        }\r\n      }\r\n    ],\r\n    \"frontendPorts\": [\r\n
        \     {\r\n        \"name\": \"appGatewayFrontendPort\",\r\n        \"id\":
        \"/subscriptions/00000000-0000-0000-0000-000000000000/resourceGroups/cli_test_ag_frontend_ip_private000001/providers/Microsoft.Network/applicationGateways/ag1/frontendPorts/appGatewayFrontendPort\",\r\n
        \       \"etag\": \"W/\\\"61cf1a54-860a-476f-b7aa-bdb3e7eddedd\\\"\",\r\n
        \       \"properties\": {\r\n          \"provisioningState\": \"Updating\",\r\n
        \         \"port\": 80,\r\n          \"httpListeners\": [\r\n            {\r\n
        \             \"id\": \"/subscriptions/00000000-0000-0000-0000-000000000000/resourceGroups/cli_test_ag_frontend_ip_private000001/providers/Microsoft.Network/applicationGateways/ag1/httpListeners/appGatewayHttpListener\"\r\n
        \           }\r\n          ]\r\n        },\r\n        \"type\": \"Microsoft.Network/applicationGateways/frontendPorts\"\r\n
        \     }\r\n    ],\r\n    \"backendAddressPools\": [\r\n      {\r\n        \"name\":
        \"appGatewayBackendPool\",\r\n        \"id\": \"/subscriptions/00000000-0000-0000-0000-000000000000/resourceGroups/cli_test_ag_frontend_ip_private000001/providers/Microsoft.Network/applicationGateways/ag1/backendAddressPools/appGatewayBackendPool\",\r\n
        \       \"etag\": \"W/\\\"61cf1a54-860a-476f-b7aa-bdb3e7eddedd\\\"\",\r\n
        \       \"properties\": {\r\n          \"provisioningState\": \"Updating\",\r\n
        \         \"backendAddresses\": [],\r\n          \"requestRoutingRules\":
        [\r\n            {\r\n              \"id\": \"/subscriptions/00000000-0000-0000-0000-000000000000/resourceGroups/cli_test_ag_frontend_ip_private000001/providers/Microsoft.Network/applicationGateways/ag1/requestRoutingRules/rule1\"\r\n
        \           }\r\n          ]\r\n        },\r\n        \"type\": \"Microsoft.Network/applicationGateways/backendAddressPools\"\r\n
        \     }\r\n    ],\r\n    \"backendHttpSettingsCollection\": [\r\n      {\r\n
        \       \"name\": \"appGatewayBackendHttpSettings\",\r\n        \"id\": \"/subscriptions/00000000-0000-0000-0000-000000000000/resourceGroups/cli_test_ag_frontend_ip_private000001/providers/Microsoft.Network/applicationGateways/ag1/backendHttpSettingsCollection/appGatewayBackendHttpSettings\",\r\n
        \       \"etag\": \"W/\\\"61cf1a54-860a-476f-b7aa-bdb3e7eddedd\\\"\",\r\n
        \       \"properties\": {\r\n          \"provisioningState\": \"Updating\",\r\n
        \         \"port\": 80,\r\n          \"protocol\": \"Http\",\r\n          \"cookieBasedAffinity\":
        \"Disabled\",\r\n          \"connectionDraining\": {\r\n            \"enabled\":
        false,\r\n            \"drainTimeoutInSec\": 1\r\n          },\r\n          \"pickHostNameFromBackendAddress\":
        false,\r\n          \"requestTimeout\": 30,\r\n          \"requestRoutingRules\":
        [\r\n            {\r\n              \"id\": \"/subscriptions/00000000-0000-0000-0000-000000000000/resourceGroups/cli_test_ag_frontend_ip_private000001/providers/Microsoft.Network/applicationGateways/ag1/requestRoutingRules/rule1\"\r\n
        \           }\r\n          ]\r\n        },\r\n        \"type\": \"Microsoft.Network/applicationGateways/backendHttpSettingsCollection\"\r\n
        \     }\r\n    ],\r\n    \"httpListeners\": [\r\n      {\r\n        \"name\":
        \"appGatewayHttpListener\",\r\n        \"id\": \"/subscriptions/00000000-0000-0000-0000-000000000000/resourceGroups/cli_test_ag_frontend_ip_private000001/providers/Microsoft.Network/applicationGateways/ag1/httpListeners/appGatewayHttpListener\",\r\n
        \       \"etag\": \"W/\\\"61cf1a54-860a-476f-b7aa-bdb3e7eddedd\\\"\",\r\n
        \       \"properties\": {\r\n          \"provisioningState\": \"Updating\",\r\n
        \         \"frontendIPConfiguration\": {\r\n            \"id\": \"/subscriptions/00000000-0000-0000-0000-000000000000/resourceGroups/cli_test_ag_frontend_ip_private000001/providers/Microsoft.Network/applicationGateways/ag1/frontendIPConfigurations/appGatewayFrontendIP\"\r\n
        \         },\r\n          \"frontendPort\": {\r\n            \"id\": \"/subscriptions/00000000-0000-0000-0000-000000000000/resourceGroups/cli_test_ag_frontend_ip_private000001/providers/Microsoft.Network/applicationGateways/ag1/frontendPorts/appGatewayFrontendPort\"\r\n
        \         },\r\n          \"protocol\": \"Http\",\r\n          \"hostNames\":
        [],\r\n          \"requireServerNameIndication\": false,\r\n          \"requestRoutingRules\":
        [\r\n            {\r\n              \"id\": \"/subscriptions/00000000-0000-0000-0000-000000000000/resourceGroups/cli_test_ag_frontend_ip_private000001/providers/Microsoft.Network/applicationGateways/ag1/requestRoutingRules/rule1\"\r\n
        \           }\r\n          ]\r\n        },\r\n        \"type\": \"Microsoft.Network/applicationGateways/httpListeners\"\r\n
        \     }\r\n    ],\r\n    \"urlPathMaps\": [],\r\n    \"requestRoutingRules\":
        [\r\n      {\r\n        \"name\": \"rule1\",\r\n        \"id\": \"/subscriptions/00000000-0000-0000-0000-000000000000/resourceGroups/cli_test_ag_frontend_ip_private000001/providers/Microsoft.Network/applicationGateways/ag1/requestRoutingRules/rule1\",\r\n
        \       \"etag\": \"W/\\\"61cf1a54-860a-476f-b7aa-bdb3e7eddedd\\\"\",\r\n
        \       \"properties\": {\r\n          \"provisioningState\": \"Updating\",\r\n
        \         \"ruleType\": \"Basic\",\r\n          \"httpListener\": {\r\n            \"id\":
        \"/subscriptions/00000000-0000-0000-0000-000000000000/resourceGroups/cli_test_ag_frontend_ip_private000001/providers/Microsoft.Network/applicationGateways/ag1/httpListeners/appGatewayHttpListener\"\r\n
        \         },\r\n          \"backendAddressPool\": {\r\n            \"id\":
        \"/subscriptions/00000000-0000-0000-0000-000000000000/resourceGroups/cli_test_ag_frontend_ip_private000001/providers/Microsoft.Network/applicationGateways/ag1/backendAddressPools/appGatewayBackendPool\"\r\n
        \         },\r\n          \"backendHttpSettings\": {\r\n            \"id\":
        \"/subscriptions/00000000-0000-0000-0000-000000000000/resourceGroups/cli_test_ag_frontend_ip_private000001/providers/Microsoft.Network/applicationGateways/ag1/backendHttpSettingsCollection/appGatewayBackendHttpSettings\"\r\n
        \         }\r\n        },\r\n        \"type\": \"Microsoft.Network/applicationGateways/requestRoutingRules\"\r\n
        \     }\r\n    ],\r\n    \"probes\": [],\r\n    \"rewriteRuleSets\": [],\r\n
        \   \"redirectConfigurations\": []\r\n  }\r\n}"
    headers:
      cache-control:
      - no-cache
      content-length:
      - '9128'
      content-type:
      - application/json; charset=utf-8
      date:
      - Sat, 01 Oct 2022 18:19:16 GMT
      etag:
      - W/"61cf1a54-860a-476f-b7aa-bdb3e7eddedd"
      expires:
      - '-1'
      pragma:
      - no-cache
      server:
      - Microsoft-HTTPAPI/2.0
      - Microsoft-HTTPAPI/2.0
      strict-transport-security:
      - max-age=31536000; includeSubDomains
      transfer-encoding:
      - chunked
      vary:
      - Accept-Encoding
      x-content-type-options:
      - nosniff
      x-ms-arm-service-request-id:
      - 3804cc08-8907-4cf4-9131-b2aec5f3af2c
    status:
      code: 200
      message: OK
- request:
    body: null
    headers:
      Accept:
      - application/json
      Accept-Encoding:
      - gzip, deflate
      CommandName:
      - network application-gateway frontend-ip delete
      Connection:
      - keep-alive
      ParameterSetName:
      - -g --gateway-name --no-wait -n
      User-Agent:
      - AZURECLI/2.40.0 (PIP) azsdk-python-azure-mgmt-network/21.0.1 Python/3.8.10
        (Windows-10-10.0.19044-SP0)
    method: GET
    uri: https://management.azure.com/subscriptions/00000000-0000-0000-0000-000000000000/resourceGroups/cli_test_ag_frontend_ip_private000001/providers/Microsoft.Network/applicationGateways/ag1?api-version=2022-01-01
  response:
    body:
      string: "{\r\n  \"name\": \"ag1\",\r\n  \"id\": \"/subscriptions/00000000-0000-0000-0000-000000000000/resourceGroups/cli_test_ag_frontend_ip_private000001/providers/Microsoft.Network/applicationGateways/ag1\",\r\n
        \ \"etag\": \"W/\\\"61cf1a54-860a-476f-b7aa-bdb3e7eddedd\\\"\",\r\n  \"type\":
        \"Microsoft.Network/applicationGateways\",\r\n  \"location\": \"westus\",\r\n
        \ \"tags\": {},\r\n  \"properties\": {\r\n    \"provisioningState\": \"Updating\",\r\n
        \   \"resourceGuid\": \"df664ff5-6ba4-4c11-b4d0-bfb29074f177\",\r\n    \"sku\":
        {\r\n      \"name\": \"Standard_Medium\",\r\n      \"tier\": \"Standard\",\r\n
        \     \"capacity\": 2\r\n    },\r\n    \"operationalState\": \"Stopped\",\r\n
        \   \"gatewayIPConfigurations\": [\r\n      {\r\n        \"name\": \"appGatewayFrontendIP\",\r\n
        \       \"id\": \"/subscriptions/00000000-0000-0000-0000-000000000000/resourceGroups/cli_test_ag_frontend_ip_private000001/providers/Microsoft.Network/applicationGateways/ag1/gatewayIPConfigurations/appGatewayFrontendIP\",\r\n
        \       \"etag\": \"W/\\\"61cf1a54-860a-476f-b7aa-bdb3e7eddedd\\\"\",\r\n
        \       \"properties\": {\r\n          \"provisioningState\": \"Updating\",\r\n
        \         \"subnet\": {\r\n            \"id\": \"/subscriptions/00000000-0000-0000-0000-000000000000/resourceGroups/cli_test_ag_frontend_ip_private000001/providers/Microsoft.Network/virtualNetworks/vnet1/subnets/subnet1\"\r\n
        \         }\r\n        },\r\n        \"type\": \"Microsoft.Network/applicationGateways/gatewayIPConfigurations\"\r\n
        \     }\r\n    ],\r\n    \"sslCertificates\": [],\r\n    \"authenticationCertificates\":
        [],\r\n    \"frontendIPConfigurations\": [\r\n      {\r\n        \"name\":
        \"appGatewayFrontendIP\",\r\n        \"id\": \"/subscriptions/00000000-0000-0000-0000-000000000000/resourceGroups/cli_test_ag_frontend_ip_private000001/providers/Microsoft.Network/applicationGateways/ag1/frontendIPConfigurations/appGatewayFrontendIP\",\r\n
        \       \"etag\": \"W/\\\"61cf1a54-860a-476f-b7aa-bdb3e7eddedd\\\"\",\r\n
        \       \"type\": \"Microsoft.Network/applicationGateways/frontendIPConfigurations\",\r\n
        \       \"properties\": {\r\n          \"provisioningState\": \"Updating\",\r\n
        \         \"privateIPAllocationMethod\": \"Dynamic\",\r\n          \"publicIPAddress\":
        {\r\n            \"id\": \"/subscriptions/00000000-0000-0000-0000-000000000000/resourceGroups/cli_test_ag_frontend_ip_private000001/providers/Microsoft.Network/publicIPAddresses/myip1\"\r\n
        \         },\r\n          \"httpListeners\": [\r\n            {\r\n              \"id\":
        \"/subscriptions/00000000-0000-0000-0000-000000000000/resourceGroups/cli_test_ag_frontend_ip_private000001/providers/Microsoft.Network/applicationGateways/ag1/httpListeners/appGatewayHttpListener\"\r\n
        \           }\r\n          ]\r\n        }\r\n      },\r\n      {\r\n        \"name\":
        \"frontendip\",\r\n        \"id\": \"/subscriptions/00000000-0000-0000-0000-000000000000/resourceGroups/cli_test_ag_frontend_ip_private000001/providers/Microsoft.Network/applicationGateways/ag1/frontendIPConfigurations/frontendip\",\r\n
        \       \"etag\": \"W/\\\"61cf1a54-860a-476f-b7aa-bdb3e7eddedd\\\"\",\r\n
        \       \"type\": \"Microsoft.Network/applicationGateways/frontendIPConfigurations\",\r\n
        \       \"properties\": {\r\n          \"provisioningState\": \"Updating\",\r\n
        \         \"privateIPAddress\": \"10.0.0.10\",\r\n          \"privateIPAllocationMethod\":
        \"Static\",\r\n          \"subnet\": {\r\n            \"id\": \"/subscriptions/00000000-0000-0000-0000-000000000000/resourceGroups/cli_test_ag_frontend_ip_private000001/providers/Microsoft.Network/virtualNetworks/vnet1/subnets/subnet1\"\r\n
        \         }\r\n        }\r\n      }\r\n    ],\r\n    \"frontendPorts\": [\r\n
        \     {\r\n        \"name\": \"appGatewayFrontendPort\",\r\n        \"id\":
        \"/subscriptions/00000000-0000-0000-0000-000000000000/resourceGroups/cli_test_ag_frontend_ip_private000001/providers/Microsoft.Network/applicationGateways/ag1/frontendPorts/appGatewayFrontendPort\",\r\n
        \       \"etag\": \"W/\\\"61cf1a54-860a-476f-b7aa-bdb3e7eddedd\\\"\",\r\n
        \       \"properties\": {\r\n          \"provisioningState\": \"Updating\",\r\n
        \         \"port\": 80,\r\n          \"httpListeners\": [\r\n            {\r\n
        \             \"id\": \"/subscriptions/00000000-0000-0000-0000-000000000000/resourceGroups/cli_test_ag_frontend_ip_private000001/providers/Microsoft.Network/applicationGateways/ag1/httpListeners/appGatewayHttpListener\"\r\n
        \           }\r\n          ]\r\n        },\r\n        \"type\": \"Microsoft.Network/applicationGateways/frontendPorts\"\r\n
        \     }\r\n    ],\r\n    \"backendAddressPools\": [\r\n      {\r\n        \"name\":
        \"appGatewayBackendPool\",\r\n        \"id\": \"/subscriptions/00000000-0000-0000-0000-000000000000/resourceGroups/cli_test_ag_frontend_ip_private000001/providers/Microsoft.Network/applicationGateways/ag1/backendAddressPools/appGatewayBackendPool\",\r\n
        \       \"etag\": \"W/\\\"61cf1a54-860a-476f-b7aa-bdb3e7eddedd\\\"\",\r\n
        \       \"properties\": {\r\n          \"provisioningState\": \"Updating\",\r\n
        \         \"backendAddresses\": [],\r\n          \"requestRoutingRules\":
        [\r\n            {\r\n              \"id\": \"/subscriptions/00000000-0000-0000-0000-000000000000/resourceGroups/cli_test_ag_frontend_ip_private000001/providers/Microsoft.Network/applicationGateways/ag1/requestRoutingRules/rule1\"\r\n
        \           }\r\n          ]\r\n        },\r\n        \"type\": \"Microsoft.Network/applicationGateways/backendAddressPools\"\r\n
        \     }\r\n    ],\r\n    \"backendHttpSettingsCollection\": [\r\n      {\r\n
        \       \"name\": \"appGatewayBackendHttpSettings\",\r\n        \"id\": \"/subscriptions/00000000-0000-0000-0000-000000000000/resourceGroups/cli_test_ag_frontend_ip_private000001/providers/Microsoft.Network/applicationGateways/ag1/backendHttpSettingsCollection/appGatewayBackendHttpSettings\",\r\n
        \       \"etag\": \"W/\\\"61cf1a54-860a-476f-b7aa-bdb3e7eddedd\\\"\",\r\n
        \       \"properties\": {\r\n          \"provisioningState\": \"Updating\",\r\n
        \         \"port\": 80,\r\n          \"protocol\": \"Http\",\r\n          \"cookieBasedAffinity\":
        \"Disabled\",\r\n          \"connectionDraining\": {\r\n            \"enabled\":
        false,\r\n            \"drainTimeoutInSec\": 1\r\n          },\r\n          \"pickHostNameFromBackendAddress\":
        false,\r\n          \"requestTimeout\": 30,\r\n          \"requestRoutingRules\":
        [\r\n            {\r\n              \"id\": \"/subscriptions/00000000-0000-0000-0000-000000000000/resourceGroups/cli_test_ag_frontend_ip_private000001/providers/Microsoft.Network/applicationGateways/ag1/requestRoutingRules/rule1\"\r\n
        \           }\r\n          ]\r\n        },\r\n        \"type\": \"Microsoft.Network/applicationGateways/backendHttpSettingsCollection\"\r\n
        \     }\r\n    ],\r\n    \"httpListeners\": [\r\n      {\r\n        \"name\":
        \"appGatewayHttpListener\",\r\n        \"id\": \"/subscriptions/00000000-0000-0000-0000-000000000000/resourceGroups/cli_test_ag_frontend_ip_private000001/providers/Microsoft.Network/applicationGateways/ag1/httpListeners/appGatewayHttpListener\",\r\n
        \       \"etag\": \"W/\\\"61cf1a54-860a-476f-b7aa-bdb3e7eddedd\\\"\",\r\n
        \       \"properties\": {\r\n          \"provisioningState\": \"Updating\",\r\n
        \         \"frontendIPConfiguration\": {\r\n            \"id\": \"/subscriptions/00000000-0000-0000-0000-000000000000/resourceGroups/cli_test_ag_frontend_ip_private000001/providers/Microsoft.Network/applicationGateways/ag1/frontendIPConfigurations/appGatewayFrontendIP\"\r\n
        \         },\r\n          \"frontendPort\": {\r\n            \"id\": \"/subscriptions/00000000-0000-0000-0000-000000000000/resourceGroups/cli_test_ag_frontend_ip_private000001/providers/Microsoft.Network/applicationGateways/ag1/frontendPorts/appGatewayFrontendPort\"\r\n
        \         },\r\n          \"protocol\": \"Http\",\r\n          \"hostNames\":
        [],\r\n          \"requireServerNameIndication\": false,\r\n          \"requestRoutingRules\":
        [\r\n            {\r\n              \"id\": \"/subscriptions/00000000-0000-0000-0000-000000000000/resourceGroups/cli_test_ag_frontend_ip_private000001/providers/Microsoft.Network/applicationGateways/ag1/requestRoutingRules/rule1\"\r\n
        \           }\r\n          ]\r\n        },\r\n        \"type\": \"Microsoft.Network/applicationGateways/httpListeners\"\r\n
        \     }\r\n    ],\r\n    \"urlPathMaps\": [],\r\n    \"requestRoutingRules\":
        [\r\n      {\r\n        \"name\": \"rule1\",\r\n        \"id\": \"/subscriptions/00000000-0000-0000-0000-000000000000/resourceGroups/cli_test_ag_frontend_ip_private000001/providers/Microsoft.Network/applicationGateways/ag1/requestRoutingRules/rule1\",\r\n
        \       \"etag\": \"W/\\\"61cf1a54-860a-476f-b7aa-bdb3e7eddedd\\\"\",\r\n
        \       \"properties\": {\r\n          \"provisioningState\": \"Updating\",\r\n
        \         \"ruleType\": \"Basic\",\r\n          \"httpListener\": {\r\n            \"id\":
        \"/subscriptions/00000000-0000-0000-0000-000000000000/resourceGroups/cli_test_ag_frontend_ip_private000001/providers/Microsoft.Network/applicationGateways/ag1/httpListeners/appGatewayHttpListener\"\r\n
        \         },\r\n          \"backendAddressPool\": {\r\n            \"id\":
        \"/subscriptions/00000000-0000-0000-0000-000000000000/resourceGroups/cli_test_ag_frontend_ip_private000001/providers/Microsoft.Network/applicationGateways/ag1/backendAddressPools/appGatewayBackendPool\"\r\n
        \         },\r\n          \"backendHttpSettings\": {\r\n            \"id\":
        \"/subscriptions/00000000-0000-0000-0000-000000000000/resourceGroups/cli_test_ag_frontend_ip_private000001/providers/Microsoft.Network/applicationGateways/ag1/backendHttpSettingsCollection/appGatewayBackendHttpSettings\"\r\n
        \         }\r\n        },\r\n        \"type\": \"Microsoft.Network/applicationGateways/requestRoutingRules\"\r\n
        \     }\r\n    ],\r\n    \"probes\": [],\r\n    \"rewriteRuleSets\": [],\r\n
        \   \"redirectConfigurations\": []\r\n  }\r\n}"
    headers:
      cache-control:
      - no-cache
      content-length:
      - '9128'
      content-type:
      - application/json; charset=utf-8
      date:
      - Sat, 01 Oct 2022 18:19:17 GMT
      etag:
      - W/"61cf1a54-860a-476f-b7aa-bdb3e7eddedd"
      expires:
      - '-1'
      pragma:
      - no-cache
      server:
      - Microsoft-HTTPAPI/2.0
      - Microsoft-HTTPAPI/2.0
      strict-transport-security:
      - max-age=31536000; includeSubDomains
      transfer-encoding:
      - chunked
      vary:
      - Accept-Encoding
      x-content-type-options:
      - nosniff
      x-ms-arm-service-request-id:
      - ef32fd70-65cc-454e-a1f2-edcf8f89baec
    status:
      code: 200
      message: OK
- request:
    body: '{"id": "/subscriptions/00000000-0000-0000-0000-000000000000/resourceGroups/cli_test_ag_frontend_ip_private000001/providers/Microsoft.Network/applicationGateways/ag1",
      "location": "westus", "tags": {}, "properties": {"sku": {"name": "Standard_Medium",
      "tier": "Standard", "capacity": 2}, "gatewayIPConfigurations": [{"id": "/subscriptions/00000000-0000-0000-0000-000000000000/resourceGroups/cli_test_ag_frontend_ip_private000001/providers/Microsoft.Network/applicationGateways/ag1/gatewayIPConfigurations/appGatewayFrontendIP",
      "name": "appGatewayFrontendIP", "properties": {"subnet": {"id": "/subscriptions/00000000-0000-0000-0000-000000000000/resourceGroups/cli_test_ag_frontend_ip_private000001/providers/Microsoft.Network/virtualNetworks/vnet1/subnets/subnet1"}}}],
      "authenticationCertificates": [], "sslCertificates": [], "frontendIPConfigurations":
      [{"id": "/subscriptions/00000000-0000-0000-0000-000000000000/resourceGroups/cli_test_ag_frontend_ip_private000001/providers/Microsoft.Network/applicationGateways/ag1/frontendIPConfigurations/appGatewayFrontendIP",
      "name": "appGatewayFrontendIP", "properties": {"privateIPAllocationMethod":
      "Dynamic", "publicIPAddress": {"id": "/subscriptions/00000000-0000-0000-0000-000000000000/resourceGroups/cli_test_ag_frontend_ip_private000001/providers/Microsoft.Network/publicIPAddresses/myip1"}}}],
      "frontendPorts": [{"id": "/subscriptions/00000000-0000-0000-0000-000000000000/resourceGroups/cli_test_ag_frontend_ip_private000001/providers/Microsoft.Network/applicationGateways/ag1/frontendPorts/appGatewayFrontendPort",
      "name": "appGatewayFrontendPort", "properties": {"port": 80}}], "probes": [],
      "backendAddressPools": [{"id": "/subscriptions/00000000-0000-0000-0000-000000000000/resourceGroups/cli_test_ag_frontend_ip_private000001/providers/Microsoft.Network/applicationGateways/ag1/backendAddressPools/appGatewayBackendPool",
      "name": "appGatewayBackendPool", "properties": {"backendAddresses": []}}], "backendHttpSettingsCollection":
      [{"id": "/subscriptions/00000000-0000-0000-0000-000000000000/resourceGroups/cli_test_ag_frontend_ip_private000001/providers/Microsoft.Network/applicationGateways/ag1/backendHttpSettingsCollection/appGatewayBackendHttpSettings",
      "name": "appGatewayBackendHttpSettings", "properties": {"port": 80, "protocol":
      "Http", "cookieBasedAffinity": "Disabled", "requestTimeout": 30, "connectionDraining":
      {"enabled": false, "drainTimeoutInSec": 1}, "pickHostNameFromBackendAddress":
      false}}], "httpListeners": [{"id": "/subscriptions/00000000-0000-0000-0000-000000000000/resourceGroups/cli_test_ag_frontend_ip_private000001/providers/Microsoft.Network/applicationGateways/ag1/httpListeners/appGatewayHttpListener",
      "name": "appGatewayHttpListener", "properties": {"frontendIPConfiguration":
      {"id": "/subscriptions/00000000-0000-0000-0000-000000000000/resourceGroups/cli_test_ag_frontend_ip_private000001/providers/Microsoft.Network/applicationGateways/ag1/frontendIPConfigurations/appGatewayFrontendIP"},
      "frontendPort": {"id": "/subscriptions/00000000-0000-0000-0000-000000000000/resourceGroups/cli_test_ag_frontend_ip_private000001/providers/Microsoft.Network/applicationGateways/ag1/frontendPorts/appGatewayFrontendPort"},
      "protocol": "Http", "requireServerNameIndication": false, "hostNames": []}}],
      "urlPathMaps": [], "requestRoutingRules": [{"id": "/subscriptions/00000000-0000-0000-0000-000000000000/resourceGroups/cli_test_ag_frontend_ip_private000001/providers/Microsoft.Network/applicationGateways/ag1/requestRoutingRules/rule1",
      "name": "rule1", "properties": {"ruleType": "Basic", "backendAddressPool": {"id":
      "/subscriptions/00000000-0000-0000-0000-000000000000/resourceGroups/cli_test_ag_frontend_ip_private000001/providers/Microsoft.Network/applicationGateways/ag1/backendAddressPools/appGatewayBackendPool"},
      "backendHttpSettings": {"id": "/subscriptions/00000000-0000-0000-0000-000000000000/resourceGroups/cli_test_ag_frontend_ip_private000001/providers/Microsoft.Network/applicationGateways/ag1/backendHttpSettingsCollection/appGatewayBackendHttpSettings"},
      "httpListener": {"id": "/subscriptions/00000000-0000-0000-0000-000000000000/resourceGroups/cli_test_ag_frontend_ip_private000001/providers/Microsoft.Network/applicationGateways/ag1/httpListeners/appGatewayHttpListener"}}}],
      "rewriteRuleSets": [], "redirectConfigurations": []}}'
    headers:
      Accept:
      - application/json
      Accept-Encoding:
      - gzip, deflate
      CommandName:
      - network application-gateway frontend-ip delete
      Connection:
      - keep-alive
      Content-Length:
      - '4329'
      Content-Type:
      - application/json
      ParameterSetName:
      - -g --gateway-name --no-wait -n
      User-Agent:
      - AZURECLI/2.40.0 (PIP) azsdk-python-azure-mgmt-network/21.0.1 Python/3.8.10
        (Windows-10-10.0.19044-SP0)
    method: PUT
    uri: https://management.azure.com/subscriptions/00000000-0000-0000-0000-000000000000/resourceGroups/cli_test_ag_frontend_ip_private000001/providers/Microsoft.Network/applicationGateways/ag1?api-version=2022-01-01
  response:
    body:
      string: "{\r\n  \"name\": \"ag1\",\r\n  \"id\": \"/subscriptions/00000000-0000-0000-0000-000000000000/resourceGroups/cli_test_ag_frontend_ip_private000001/providers/Microsoft.Network/applicationGateways/ag1\",\r\n
        \ \"etag\": \"W/\\\"019315f5-b338-4bd1-bcd1-06fe2972f298\\\"\",\r\n  \"type\":
        \"Microsoft.Network/applicationGateways\",\r\n  \"location\": \"westus\",\r\n
        \ \"tags\": {},\r\n  \"properties\": {\r\n    \"provisioningState\": \"Updating\",\r\n
        \   \"resourceGuid\": \"df664ff5-6ba4-4c11-b4d0-bfb29074f177\",\r\n    \"sku\":
        {\r\n      \"name\": \"Standard_Medium\",\r\n      \"tier\": \"Standard\",\r\n
        \     \"capacity\": 2\r\n    },\r\n    \"operationalState\": \"Stopped\",\r\n
        \   \"gatewayIPConfigurations\": [\r\n      {\r\n        \"name\": \"appGatewayFrontendIP\",\r\n
        \       \"id\": \"/subscriptions/00000000-0000-0000-0000-000000000000/resourceGroups/cli_test_ag_frontend_ip_private000001/providers/Microsoft.Network/applicationGateways/ag1/gatewayIPConfigurations/appGatewayFrontendIP\",\r\n
        \       \"etag\": \"W/\\\"019315f5-b338-4bd1-bcd1-06fe2972f298\\\"\",\r\n
        \       \"properties\": {\r\n          \"provisioningState\": \"Updating\",\r\n
        \         \"subnet\": {\r\n            \"id\": \"/subscriptions/00000000-0000-0000-0000-000000000000/resourceGroups/cli_test_ag_frontend_ip_private000001/providers/Microsoft.Network/virtualNetworks/vnet1/subnets/subnet1\"\r\n
        \         }\r\n        },\r\n        \"type\": \"Microsoft.Network/applicationGateways/gatewayIPConfigurations\"\r\n
        \     }\r\n    ],\r\n    \"sslCertificates\": [],\r\n    \"authenticationCertificates\":
        [],\r\n    \"frontendIPConfigurations\": [\r\n      {\r\n        \"name\":
        \"appGatewayFrontendIP\",\r\n        \"id\": \"/subscriptions/00000000-0000-0000-0000-000000000000/resourceGroups/cli_test_ag_frontend_ip_private000001/providers/Microsoft.Network/applicationGateways/ag1/frontendIPConfigurations/appGatewayFrontendIP\",\r\n
        \       \"etag\": \"W/\\\"019315f5-b338-4bd1-bcd1-06fe2972f298\\\"\",\r\n
        \       \"type\": \"Microsoft.Network/applicationGateways/frontendIPConfigurations\",\r\n
        \       \"properties\": {\r\n          \"provisioningState\": \"Updating\",\r\n
        \         \"privateIPAllocationMethod\": \"Dynamic\",\r\n          \"publicIPAddress\":
        {\r\n            \"id\": \"/subscriptions/00000000-0000-0000-0000-000000000000/resourceGroups/cli_test_ag_frontend_ip_private000001/providers/Microsoft.Network/publicIPAddresses/myip1\"\r\n
        \         },\r\n          \"httpListeners\": [\r\n            {\r\n              \"id\":
        \"/subscriptions/00000000-0000-0000-0000-000000000000/resourceGroups/cli_test_ag_frontend_ip_private000001/providers/Microsoft.Network/applicationGateways/ag1/httpListeners/appGatewayHttpListener\"\r\n
        \           }\r\n          ]\r\n        }\r\n      }\r\n    ],\r\n    \"frontendPorts\":
        [\r\n      {\r\n        \"name\": \"appGatewayFrontendPort\",\r\n        \"id\":
        \"/subscriptions/00000000-0000-0000-0000-000000000000/resourceGroups/cli_test_ag_frontend_ip_private000001/providers/Microsoft.Network/applicationGateways/ag1/frontendPorts/appGatewayFrontendPort\",\r\n
        \       \"etag\": \"W/\\\"019315f5-b338-4bd1-bcd1-06fe2972f298\\\"\",\r\n
        \       \"properties\": {\r\n          \"provisioningState\": \"Updating\",\r\n
        \         \"port\": 80,\r\n          \"httpListeners\": [\r\n            {\r\n
        \             \"id\": \"/subscriptions/00000000-0000-0000-0000-000000000000/resourceGroups/cli_test_ag_frontend_ip_private000001/providers/Microsoft.Network/applicationGateways/ag1/httpListeners/appGatewayHttpListener\"\r\n
        \           }\r\n          ]\r\n        },\r\n        \"type\": \"Microsoft.Network/applicationGateways/frontendPorts\"\r\n
        \     }\r\n    ],\r\n    \"backendAddressPools\": [\r\n      {\r\n        \"name\":
        \"appGatewayBackendPool\",\r\n        \"id\": \"/subscriptions/00000000-0000-0000-0000-000000000000/resourceGroups/cli_test_ag_frontend_ip_private000001/providers/Microsoft.Network/applicationGateways/ag1/backendAddressPools/appGatewayBackendPool\",\r\n
        \       \"etag\": \"W/\\\"019315f5-b338-4bd1-bcd1-06fe2972f298\\\"\",\r\n
        \       \"properties\": {\r\n          \"provisioningState\": \"Updating\",\r\n
        \         \"backendAddresses\": [],\r\n          \"requestRoutingRules\":
        [\r\n            {\r\n              \"id\": \"/subscriptions/00000000-0000-0000-0000-000000000000/resourceGroups/cli_test_ag_frontend_ip_private000001/providers/Microsoft.Network/applicationGateways/ag1/requestRoutingRules/rule1\"\r\n
        \           }\r\n          ]\r\n        },\r\n        \"type\": \"Microsoft.Network/applicationGateways/backendAddressPools\"\r\n
        \     }\r\n    ],\r\n    \"backendHttpSettingsCollection\": [\r\n      {\r\n
        \       \"name\": \"appGatewayBackendHttpSettings\",\r\n        \"id\": \"/subscriptions/00000000-0000-0000-0000-000000000000/resourceGroups/cli_test_ag_frontend_ip_private000001/providers/Microsoft.Network/applicationGateways/ag1/backendHttpSettingsCollection/appGatewayBackendHttpSettings\",\r\n
        \       \"etag\": \"W/\\\"019315f5-b338-4bd1-bcd1-06fe2972f298\\\"\",\r\n
        \       \"properties\": {\r\n          \"provisioningState\": \"Updating\",\r\n
        \         \"port\": 80,\r\n          \"protocol\": \"Http\",\r\n          \"cookieBasedAffinity\":
        \"Disabled\",\r\n          \"connectionDraining\": {\r\n            \"enabled\":
        false,\r\n            \"drainTimeoutInSec\": 1\r\n          },\r\n          \"pickHostNameFromBackendAddress\":
        false,\r\n          \"requestTimeout\": 30,\r\n          \"requestRoutingRules\":
        [\r\n            {\r\n              \"id\": \"/subscriptions/00000000-0000-0000-0000-000000000000/resourceGroups/cli_test_ag_frontend_ip_private000001/providers/Microsoft.Network/applicationGateways/ag1/requestRoutingRules/rule1\"\r\n
        \           }\r\n          ]\r\n        },\r\n        \"type\": \"Microsoft.Network/applicationGateways/backendHttpSettingsCollection\"\r\n
        \     }\r\n    ],\r\n    \"httpListeners\": [\r\n      {\r\n        \"name\":
        \"appGatewayHttpListener\",\r\n        \"id\": \"/subscriptions/00000000-0000-0000-0000-000000000000/resourceGroups/cli_test_ag_frontend_ip_private000001/providers/Microsoft.Network/applicationGateways/ag1/httpListeners/appGatewayHttpListener\",\r\n
        \       \"etag\": \"W/\\\"019315f5-b338-4bd1-bcd1-06fe2972f298\\\"\",\r\n
        \       \"properties\": {\r\n          \"provisioningState\": \"Updating\",\r\n
        \         \"frontendIPConfiguration\": {\r\n            \"id\": \"/subscriptions/00000000-0000-0000-0000-000000000000/resourceGroups/cli_test_ag_frontend_ip_private000001/providers/Microsoft.Network/applicationGateways/ag1/frontendIPConfigurations/appGatewayFrontendIP\"\r\n
        \         },\r\n          \"frontendPort\": {\r\n            \"id\": \"/subscriptions/00000000-0000-0000-0000-000000000000/resourceGroups/cli_test_ag_frontend_ip_private000001/providers/Microsoft.Network/applicationGateways/ag1/frontendPorts/appGatewayFrontendPort\"\r\n
        \         },\r\n          \"protocol\": \"Http\",\r\n          \"hostNames\":
        [],\r\n          \"requireServerNameIndication\": false,\r\n          \"requestRoutingRules\":
        [\r\n            {\r\n              \"id\": \"/subscriptions/00000000-0000-0000-0000-000000000000/resourceGroups/cli_test_ag_frontend_ip_private000001/providers/Microsoft.Network/applicationGateways/ag1/requestRoutingRules/rule1\"\r\n
        \           }\r\n          ]\r\n        },\r\n        \"type\": \"Microsoft.Network/applicationGateways/httpListeners\"\r\n
        \     }\r\n    ],\r\n    \"urlPathMaps\": [],\r\n    \"requestRoutingRules\":
        [\r\n      {\r\n        \"name\": \"rule1\",\r\n        \"id\": \"/subscriptions/00000000-0000-0000-0000-000000000000/resourceGroups/cli_test_ag_frontend_ip_private000001/providers/Microsoft.Network/applicationGateways/ag1/requestRoutingRules/rule1\",\r\n
        \       \"etag\": \"W/\\\"019315f5-b338-4bd1-bcd1-06fe2972f298\\\"\",\r\n
        \       \"properties\": {\r\n          \"provisioningState\": \"Updating\",\r\n
        \         \"ruleType\": \"Basic\",\r\n          \"httpListener\": {\r\n            \"id\":
        \"/subscriptions/00000000-0000-0000-0000-000000000000/resourceGroups/cli_test_ag_frontend_ip_private000001/providers/Microsoft.Network/applicationGateways/ag1/httpListeners/appGatewayHttpListener\"\r\n
        \         },\r\n          \"backendAddressPool\": {\r\n            \"id\":
        \"/subscriptions/00000000-0000-0000-0000-000000000000/resourceGroups/cli_test_ag_frontend_ip_private000001/providers/Microsoft.Network/applicationGateways/ag1/backendAddressPools/appGatewayBackendPool\"\r\n
        \         },\r\n          \"backendHttpSettings\": {\r\n            \"id\":
        \"/subscriptions/00000000-0000-0000-0000-000000000000/resourceGroups/cli_test_ag_frontend_ip_private000001/providers/Microsoft.Network/applicationGateways/ag1/backendHttpSettingsCollection/appGatewayBackendHttpSettings\"\r\n
        \         }\r\n        },\r\n        \"type\": \"Microsoft.Network/applicationGateways/requestRoutingRules\"\r\n
        \     }\r\n    ],\r\n    \"probes\": [],\r\n    \"rewriteRuleSets\": [],\r\n
        \   \"redirectConfigurations\": []\r\n  }\r\n}"
    headers:
      azure-asyncnotification:
      - Enabled
      azure-asyncoperation:
      - https://management.azure.com/subscriptions/00000000-0000-0000-0000-000000000000/providers/Microsoft.Network/locations/westus/operations/8daa15cc-9f16-46a4-94f9-dc0354b68d52?api-version=2022-01-01
      cache-control:
      - no-cache
      content-length:
      - '8319'
      content-type:
      - application/json; charset=utf-8
      date:
      - Sat, 01 Oct 2022 18:19:18 GMT
      expires:
      - '-1'
      pragma:
      - no-cache
      server:
      - Microsoft-HTTPAPI/2.0
      - Microsoft-HTTPAPI/2.0
      strict-transport-security:
      - max-age=31536000; includeSubDomains
      transfer-encoding:
      - chunked
      vary:
      - Accept-Encoding
      x-content-type-options:
      - nosniff
      x-ms-arm-service-request-id:
      - cc272bf0-0a44-48f6-847c-db7abc1c5995
      x-ms-ratelimit-remaining-subscription-writes:
      - '1199'
    status:
      code: 200
      message: OK
- request:
    body: null
    headers:
      Accept:
      - application/json
      Accept-Encoding:
      - gzip, deflate
      CommandName:
      - network application-gateway frontend-ip list
      Connection:
      - keep-alive
      ParameterSetName:
      - -g --gateway-name
      User-Agent:
      - AZURECLI/2.40.0 (PIP) azsdk-python-azure-mgmt-network/21.0.1 Python/3.8.10
        (Windows-10-10.0.19044-SP0)
    method: GET
    uri: https://management.azure.com/subscriptions/00000000-0000-0000-0000-000000000000/resourceGroups/cli_test_ag_frontend_ip_private000001/providers/Microsoft.Network/applicationGateways/ag1?api-version=2022-01-01
  response:
    body:
      string: "{\r\n  \"name\": \"ag1\",\r\n  \"id\": \"/subscriptions/00000000-0000-0000-0000-000000000000/resourceGroups/cli_test_ag_frontend_ip_private000001/providers/Microsoft.Network/applicationGateways/ag1\",\r\n
        \ \"etag\": \"W/\\\"ed8fc839-2b49-424b-a4b4-1a9d1dbec408\\\"\",\r\n  \"type\":
        \"Microsoft.Network/applicationGateways\",\r\n  \"location\": \"westus\",\r\n
        \ \"tags\": {},\r\n  \"properties\": {\r\n    \"provisioningState\": \"Updating\",\r\n
        \   \"resourceGuid\": \"df664ff5-6ba4-4c11-b4d0-bfb29074f177\",\r\n    \"sku\":
        {\r\n      \"name\": \"Standard_Medium\",\r\n      \"tier\": \"Standard\",\r\n
        \     \"capacity\": 2\r\n    },\r\n    \"operationalState\": \"Stopped\",\r\n
        \   \"gatewayIPConfigurations\": [\r\n      {\r\n        \"name\": \"appGatewayFrontendIP\",\r\n
        \       \"id\": \"/subscriptions/00000000-0000-0000-0000-000000000000/resourceGroups/cli_test_ag_frontend_ip_private000001/providers/Microsoft.Network/applicationGateways/ag1/gatewayIPConfigurations/appGatewayFrontendIP\",\r\n
        \       \"etag\": \"W/\\\"ed8fc839-2b49-424b-a4b4-1a9d1dbec408\\\"\",\r\n
        \       \"properties\": {\r\n          \"provisioningState\": \"Updating\",\r\n
        \         \"subnet\": {\r\n            \"id\": \"/subscriptions/00000000-0000-0000-0000-000000000000/resourceGroups/cli_test_ag_frontend_ip_private000001/providers/Microsoft.Network/virtualNetworks/vnet1/subnets/subnet1\"\r\n
        \         }\r\n        },\r\n        \"type\": \"Microsoft.Network/applicationGateways/gatewayIPConfigurations\"\r\n
        \     }\r\n    ],\r\n    \"sslCertificates\": [],\r\n    \"authenticationCertificates\":
        [],\r\n    \"frontendIPConfigurations\": [\r\n      {\r\n        \"name\":
        \"appGatewayFrontendIP\",\r\n        \"id\": \"/subscriptions/00000000-0000-0000-0000-000000000000/resourceGroups/cli_test_ag_frontend_ip_private000001/providers/Microsoft.Network/applicationGateways/ag1/frontendIPConfigurations/appGatewayFrontendIP\",\r\n
        \       \"etag\": \"W/\\\"ed8fc839-2b49-424b-a4b4-1a9d1dbec408\\\"\",\r\n
        \       \"type\": \"Microsoft.Network/applicationGateways/frontendIPConfigurations\",\r\n
        \       \"properties\": {\r\n          \"provisioningState\": \"Updating\",\r\n
        \         \"privateIPAllocationMethod\": \"Dynamic\",\r\n          \"publicIPAddress\":
        {\r\n            \"id\": \"/subscriptions/00000000-0000-0000-0000-000000000000/resourceGroups/cli_test_ag_frontend_ip_private000001/providers/Microsoft.Network/publicIPAddresses/myip1\"\r\n
        \         },\r\n          \"httpListeners\": [\r\n            {\r\n              \"id\":
        \"/subscriptions/00000000-0000-0000-0000-000000000000/resourceGroups/cli_test_ag_frontend_ip_private000001/providers/Microsoft.Network/applicationGateways/ag1/httpListeners/appGatewayHttpListener\"\r\n
        \           }\r\n          ]\r\n        }\r\n      }\r\n    ],\r\n    \"frontendPorts\":
        [\r\n      {\r\n        \"name\": \"appGatewayFrontendPort\",\r\n        \"id\":
        \"/subscriptions/00000000-0000-0000-0000-000000000000/resourceGroups/cli_test_ag_frontend_ip_private000001/providers/Microsoft.Network/applicationGateways/ag1/frontendPorts/appGatewayFrontendPort\",\r\n
        \       \"etag\": \"W/\\\"ed8fc839-2b49-424b-a4b4-1a9d1dbec408\\\"\",\r\n
        \       \"properties\": {\r\n          \"provisioningState\": \"Updating\",\r\n
        \         \"port\": 80,\r\n          \"httpListeners\": [\r\n            {\r\n
        \             \"id\": \"/subscriptions/00000000-0000-0000-0000-000000000000/resourceGroups/cli_test_ag_frontend_ip_private000001/providers/Microsoft.Network/applicationGateways/ag1/httpListeners/appGatewayHttpListener\"\r\n
        \           }\r\n          ]\r\n        },\r\n        \"type\": \"Microsoft.Network/applicationGateways/frontendPorts\"\r\n
        \     }\r\n    ],\r\n    \"backendAddressPools\": [\r\n      {\r\n        \"name\":
        \"appGatewayBackendPool\",\r\n        \"id\": \"/subscriptions/00000000-0000-0000-0000-000000000000/resourceGroups/cli_test_ag_frontend_ip_private000001/providers/Microsoft.Network/applicationGateways/ag1/backendAddressPools/appGatewayBackendPool\",\r\n
        \       \"etag\": \"W/\\\"ed8fc839-2b49-424b-a4b4-1a9d1dbec408\\\"\",\r\n
        \       \"properties\": {\r\n          \"provisioningState\": \"Updating\",\r\n
        \         \"backendAddresses\": [],\r\n          \"requestRoutingRules\":
        [\r\n            {\r\n              \"id\": \"/subscriptions/00000000-0000-0000-0000-000000000000/resourceGroups/cli_test_ag_frontend_ip_private000001/providers/Microsoft.Network/applicationGateways/ag1/requestRoutingRules/rule1\"\r\n
        \           }\r\n          ]\r\n        },\r\n        \"type\": \"Microsoft.Network/applicationGateways/backendAddressPools\"\r\n
        \     }\r\n    ],\r\n    \"backendHttpSettingsCollection\": [\r\n      {\r\n
        \       \"name\": \"appGatewayBackendHttpSettings\",\r\n        \"id\": \"/subscriptions/00000000-0000-0000-0000-000000000000/resourceGroups/cli_test_ag_frontend_ip_private000001/providers/Microsoft.Network/applicationGateways/ag1/backendHttpSettingsCollection/appGatewayBackendHttpSettings\",\r\n
        \       \"etag\": \"W/\\\"ed8fc839-2b49-424b-a4b4-1a9d1dbec408\\\"\",\r\n
        \       \"properties\": {\r\n          \"provisioningState\": \"Updating\",\r\n
        \         \"port\": 80,\r\n          \"protocol\": \"Http\",\r\n          \"cookieBasedAffinity\":
        \"Disabled\",\r\n          \"connectionDraining\": {\r\n            \"enabled\":
        false,\r\n            \"drainTimeoutInSec\": 1\r\n          },\r\n          \"pickHostNameFromBackendAddress\":
        false,\r\n          \"requestTimeout\": 30,\r\n          \"requestRoutingRules\":
        [\r\n            {\r\n              \"id\": \"/subscriptions/00000000-0000-0000-0000-000000000000/resourceGroups/cli_test_ag_frontend_ip_private000001/providers/Microsoft.Network/applicationGateways/ag1/requestRoutingRules/rule1\"\r\n
        \           }\r\n          ]\r\n        },\r\n        \"type\": \"Microsoft.Network/applicationGateways/backendHttpSettingsCollection\"\r\n
        \     }\r\n    ],\r\n    \"httpListeners\": [\r\n      {\r\n        \"name\":
        \"appGatewayHttpListener\",\r\n        \"id\": \"/subscriptions/00000000-0000-0000-0000-000000000000/resourceGroups/cli_test_ag_frontend_ip_private000001/providers/Microsoft.Network/applicationGateways/ag1/httpListeners/appGatewayHttpListener\",\r\n
        \       \"etag\": \"W/\\\"ed8fc839-2b49-424b-a4b4-1a9d1dbec408\\\"\",\r\n
        \       \"properties\": {\r\n          \"provisioningState\": \"Updating\",\r\n
        \         \"frontendIPConfiguration\": {\r\n            \"id\": \"/subscriptions/00000000-0000-0000-0000-000000000000/resourceGroups/cli_test_ag_frontend_ip_private000001/providers/Microsoft.Network/applicationGateways/ag1/frontendIPConfigurations/appGatewayFrontendIP\"\r\n
        \         },\r\n          \"frontendPort\": {\r\n            \"id\": \"/subscriptions/00000000-0000-0000-0000-000000000000/resourceGroups/cli_test_ag_frontend_ip_private000001/providers/Microsoft.Network/applicationGateways/ag1/frontendPorts/appGatewayFrontendPort\"\r\n
        \         },\r\n          \"protocol\": \"Http\",\r\n          \"hostNames\":
        [],\r\n          \"requireServerNameIndication\": false,\r\n          \"requestRoutingRules\":
        [\r\n            {\r\n              \"id\": \"/subscriptions/00000000-0000-0000-0000-000000000000/resourceGroups/cli_test_ag_frontend_ip_private000001/providers/Microsoft.Network/applicationGateways/ag1/requestRoutingRules/rule1\"\r\n
        \           }\r\n          ]\r\n        },\r\n        \"type\": \"Microsoft.Network/applicationGateways/httpListeners\"\r\n
        \     }\r\n    ],\r\n    \"urlPathMaps\": [],\r\n    \"requestRoutingRules\":
        [\r\n      {\r\n        \"name\": \"rule1\",\r\n        \"id\": \"/subscriptions/00000000-0000-0000-0000-000000000000/resourceGroups/cli_test_ag_frontend_ip_private000001/providers/Microsoft.Network/applicationGateways/ag1/requestRoutingRules/rule1\",\r\n
        \       \"etag\": \"W/\\\"ed8fc839-2b49-424b-a4b4-1a9d1dbec408\\\"\",\r\n
        \       \"properties\": {\r\n          \"provisioningState\": \"Updating\",\r\n
        \         \"ruleType\": \"Basic\",\r\n          \"httpListener\": {\r\n            \"id\":
        \"/subscriptions/00000000-0000-0000-0000-000000000000/resourceGroups/cli_test_ag_frontend_ip_private000001/providers/Microsoft.Network/applicationGateways/ag1/httpListeners/appGatewayHttpListener\"\r\n
        \         },\r\n          \"backendAddressPool\": {\r\n            \"id\":
        \"/subscriptions/00000000-0000-0000-0000-000000000000/resourceGroups/cli_test_ag_frontend_ip_private000001/providers/Microsoft.Network/applicationGateways/ag1/backendAddressPools/appGatewayBackendPool\"\r\n
        \         },\r\n          \"backendHttpSettings\": {\r\n            \"id\":
        \"/subscriptions/00000000-0000-0000-0000-000000000000/resourceGroups/cli_test_ag_frontend_ip_private000001/providers/Microsoft.Network/applicationGateways/ag1/backendHttpSettingsCollection/appGatewayBackendHttpSettings\"\r\n
        \         }\r\n        },\r\n        \"type\": \"Microsoft.Network/applicationGateways/requestRoutingRules\"\r\n
        \     }\r\n    ],\r\n    \"probes\": [],\r\n    \"rewriteRuleSets\": [],\r\n
        \   \"redirectConfigurations\": []\r\n  }\r\n}"
    headers:
      cache-control:
      - no-cache
      content-length:
      - '8319'
      content-type:
      - application/json; charset=utf-8
      date:
      - Sat, 01 Oct 2022 18:19:21 GMT
      etag:
      - W/"ed8fc839-2b49-424b-a4b4-1a9d1dbec408"
      expires:
      - '-1'
      pragma:
      - no-cache
      server:
      - Microsoft-HTTPAPI/2.0
      - Microsoft-HTTPAPI/2.0
      strict-transport-security:
      - max-age=31536000; includeSubDomains
      transfer-encoding:
      - chunked
      vary:
      - Accept-Encoding
      x-content-type-options:
      - nosniff
      x-ms-arm-service-request-id:
      - 293a3f23-1527-4620-b9de-d0d835d5dde9
    status:
      code: 200
      message: OK
version: 1
