interactions:
- request:
    body: null
    headers:
      Accept:
      - application/json
      Accept-Encoding:
      - gzip, deflate
      CommandName:
      - network nsg create
      Connection:
      - keep-alive
      ParameterSetName:
      - -g -n
      User-Agent:
      - python/3.8.0 (Windows-10-10.0.18362-SP0) msrest/0.6.10 msrest_azure/0.6.3
        azure-mgmt-resource/8.0.1 Azure-SDK-For-Python AZURECLI/2.3.1
      accept-language:
      - en-US
    method: GET
    uri: https://management.azure.com/subscriptions/00000000-0000-0000-0000-000000000000/resourcegroups/test_nw_flow_log_000001?api-version=2019-07-01
  response:
    body:
      string: '{"id":"/subscriptions/00000000-0000-0000-0000-000000000000/resourceGroups/test_nw_flow_log_000001","name":"test_nw_flow_log_000001","type":"Microsoft.Resources/resourceGroups","location":"westus","tags":{"product":"azurecli","cause":"automation","date":"2020-04-15T05:53:02Z","StorageType":"Standard_LRS","type":"test"},"properties":{"provisioningState":"Succeeded"}}'
    headers:
      cache-control:
      - no-cache
      content-length:
      - '471'
      content-type:
      - application/json; charset=utf-8
      date:
      - Wed, 15 Apr 2020 05:53:34 GMT
      expires:
      - '-1'
      pragma:
      - no-cache
      strict-transport-security:
      - max-age=31536000; includeSubDomains
      vary:
      - Accept-Encoding
      x-content-type-options:
      - nosniff
    status:
      code: 200
      message: OK
- request:
    body: '{"location": "westus"}'
    headers:
      Accept:
      - application/json
      Accept-Encoding:
      - gzip, deflate
      CommandName:
      - network nsg create
      Connection:
      - keep-alive
      Content-Length:
      - '22'
      Content-Type:
      - application/json; charset=utf-8
      ParameterSetName:
      - -g -n
      User-Agent:
      - python/3.8.0 (Windows-10-10.0.18362-SP0) msrest/0.6.10 msrest_azure/0.6.3
        azure-mgmt-network/10.1.0 Azure-SDK-For-Python AZURECLI/2.3.1
      accept-language:
      - en-US
    method: PUT
    uri: https://management.azure.com/subscriptions/00000000-0000-0000-0000-000000000000/resourceGroups/test_nw_flow_log_000001/providers/Microsoft.Network/networkSecurityGroups/nsg1?api-version=2020-03-01
  response:
    body:
      string: "{\r\n  \"name\": \"nsg1\",\r\n  \"id\": \"/subscriptions/00000000-0000-0000-0000-000000000000/resourceGroups/test_nw_flow_log_000001/providers/Microsoft.Network/networkSecurityGroups/nsg1\",\r\n
        \ \"etag\": \"W/\\\"1353673c-6fa5-4f11-8104-c45e6afa2760\\\"\",\r\n  \"type\":
        \"Microsoft.Network/networkSecurityGroups\",\r\n  \"location\": \"westus\",\r\n
        \ \"properties\": {\r\n    \"provisioningState\": \"Updating\",\r\n    \"resourceGuid\":
        \"5b21c2df-41c3-4741-8715-33c5e06233d7\",\r\n    \"securityRules\": [],\r\n
        \   \"defaultSecurityRules\": [\r\n      {\r\n        \"name\": \"AllowVnetInBound\",\r\n
        \       \"id\": \"/subscriptions/00000000-0000-0000-0000-000000000000/resourceGroups/test_nw_flow_log_000001/providers/Microsoft.Network/networkSecurityGroups/nsg1/defaultSecurityRules/AllowVnetInBound\",\r\n
        \       \"etag\": \"W/\\\"1353673c-6fa5-4f11-8104-c45e6afa2760\\\"\",\r\n
        \       \"type\": \"Microsoft.Network/networkSecurityGroups/defaultSecurityRules\",\r\n
        \       \"properties\": {\r\n          \"provisioningState\": \"Updating\",\r\n
        \         \"description\": \"Allow inbound traffic from all VMs in VNET\",\r\n
        \         \"protocol\": \"*\",\r\n          \"sourcePortRange\": \"*\",\r\n
        \         \"destinationPortRange\": \"*\",\r\n          \"sourceAddressPrefix\":
        \"VirtualNetwork\",\r\n          \"destinationAddressPrefix\": \"VirtualNetwork\",\r\n
        \         \"access\": \"Allow\",\r\n          \"priority\": 65000,\r\n          \"direction\":
        \"Inbound\",\r\n          \"sourcePortRanges\": [],\r\n          \"destinationPortRanges\":
        [],\r\n          \"sourceAddressPrefixes\": [],\r\n          \"destinationAddressPrefixes\":
        []\r\n        }\r\n      },\r\n      {\r\n        \"name\": \"AllowAzureLoadBalancerInBound\",\r\n
        \       \"id\": \"/subscriptions/00000000-0000-0000-0000-000000000000/resourceGroups/test_nw_flow_log_000001/providers/Microsoft.Network/networkSecurityGroups/nsg1/defaultSecurityRules/AllowAzureLoadBalancerInBound\",\r\n
        \       \"etag\": \"W/\\\"1353673c-6fa5-4f11-8104-c45e6afa2760\\\"\",\r\n
        \       \"type\": \"Microsoft.Network/networkSecurityGroups/defaultSecurityRules\",\r\n
        \       \"properties\": {\r\n          \"provisioningState\": \"Updating\",\r\n
        \         \"description\": \"Allow inbound traffic from azure load balancer\",\r\n
        \         \"protocol\": \"*\",\r\n          \"sourcePortRange\": \"*\",\r\n
        \         \"destinationPortRange\": \"*\",\r\n          \"sourceAddressPrefix\":
        \"AzureLoadBalancer\",\r\n          \"destinationAddressPrefix\": \"*\",\r\n
        \         \"access\": \"Allow\",\r\n          \"priority\": 65001,\r\n          \"direction\":
        \"Inbound\",\r\n          \"sourcePortRanges\": [],\r\n          \"destinationPortRanges\":
        [],\r\n          \"sourceAddressPrefixes\": [],\r\n          \"destinationAddressPrefixes\":
        []\r\n        }\r\n      },\r\n      {\r\n        \"name\": \"DenyAllInBound\",\r\n
        \       \"id\": \"/subscriptions/00000000-0000-0000-0000-000000000000/resourceGroups/test_nw_flow_log_000001/providers/Microsoft.Network/networkSecurityGroups/nsg1/defaultSecurityRules/DenyAllInBound\",\r\n
        \       \"etag\": \"W/\\\"1353673c-6fa5-4f11-8104-c45e6afa2760\\\"\",\r\n
        \       \"type\": \"Microsoft.Network/networkSecurityGroups/defaultSecurityRules\",\r\n
        \       \"properties\": {\r\n          \"provisioningState\": \"Updating\",\r\n
        \         \"description\": \"Deny all inbound traffic\",\r\n          \"protocol\":
        \"*\",\r\n          \"sourcePortRange\": \"*\",\r\n          \"destinationPortRange\":
        \"*\",\r\n          \"sourceAddressPrefix\": \"*\",\r\n          \"destinationAddressPrefix\":
        \"*\",\r\n          \"access\": \"Deny\",\r\n          \"priority\": 65500,\r\n
        \         \"direction\": \"Inbound\",\r\n          \"sourcePortRanges\": [],\r\n
        \         \"destinationPortRanges\": [],\r\n          \"sourceAddressPrefixes\":
        [],\r\n          \"destinationAddressPrefixes\": []\r\n        }\r\n      },\r\n
        \     {\r\n        \"name\": \"AllowVnetOutBound\",\r\n        \"id\": \"/subscriptions/00000000-0000-0000-0000-000000000000/resourceGroups/test_nw_flow_log_000001/providers/Microsoft.Network/networkSecurityGroups/nsg1/defaultSecurityRules/AllowVnetOutBound\",\r\n
        \       \"etag\": \"W/\\\"1353673c-6fa5-4f11-8104-c45e6afa2760\\\"\",\r\n
        \       \"type\": \"Microsoft.Network/networkSecurityGroups/defaultSecurityRules\",\r\n
        \       \"properties\": {\r\n          \"provisioningState\": \"Updating\",\r\n
        \         \"description\": \"Allow outbound traffic from all VMs to all VMs
        in VNET\",\r\n          \"protocol\": \"*\",\r\n          \"sourcePortRange\":
        \"*\",\r\n          \"destinationPortRange\": \"*\",\r\n          \"sourceAddressPrefix\":
        \"VirtualNetwork\",\r\n          \"destinationAddressPrefix\": \"VirtualNetwork\",\r\n
        \         \"access\": \"Allow\",\r\n          \"priority\": 65000,\r\n          \"direction\":
        \"Outbound\",\r\n          \"sourcePortRanges\": [],\r\n          \"destinationPortRanges\":
        [],\r\n          \"sourceAddressPrefixes\": [],\r\n          \"destinationAddressPrefixes\":
        []\r\n        }\r\n      },\r\n      {\r\n        \"name\": \"AllowInternetOutBound\",\r\n
        \       \"id\": \"/subscriptions/00000000-0000-0000-0000-000000000000/resourceGroups/test_nw_flow_log_000001/providers/Microsoft.Network/networkSecurityGroups/nsg1/defaultSecurityRules/AllowInternetOutBound\",\r\n
        \       \"etag\": \"W/\\\"1353673c-6fa5-4f11-8104-c45e6afa2760\\\"\",\r\n
        \       \"type\": \"Microsoft.Network/networkSecurityGroups/defaultSecurityRules\",\r\n
        \       \"properties\": {\r\n          \"provisioningState\": \"Updating\",\r\n
        \         \"description\": \"Allow outbound traffic from all VMs to Internet\",\r\n
        \         \"protocol\": \"*\",\r\n          \"sourcePortRange\": \"*\",\r\n
        \         \"destinationPortRange\": \"*\",\r\n          \"sourceAddressPrefix\":
        \"*\",\r\n          \"destinationAddressPrefix\": \"Internet\",\r\n          \"access\":
        \"Allow\",\r\n          \"priority\": 65001,\r\n          \"direction\": \"Outbound\",\r\n
        \         \"sourcePortRanges\": [],\r\n          \"destinationPortRanges\":
        [],\r\n          \"sourceAddressPrefixes\": [],\r\n          \"destinationAddressPrefixes\":
        []\r\n        }\r\n      },\r\n      {\r\n        \"name\": \"DenyAllOutBound\",\r\n
        \       \"id\": \"/subscriptions/00000000-0000-0000-0000-000000000000/resourceGroups/test_nw_flow_log_000001/providers/Microsoft.Network/networkSecurityGroups/nsg1/defaultSecurityRules/DenyAllOutBound\",\r\n
        \       \"etag\": \"W/\\\"1353673c-6fa5-4f11-8104-c45e6afa2760\\\"\",\r\n
        \       \"type\": \"Microsoft.Network/networkSecurityGroups/defaultSecurityRules\",\r\n
        \       \"properties\": {\r\n          \"provisioningState\": \"Updating\",\r\n
        \         \"description\": \"Deny all outbound traffic\",\r\n          \"protocol\":
        \"*\",\r\n          \"sourcePortRange\": \"*\",\r\n          \"destinationPortRange\":
        \"*\",\r\n          \"sourceAddressPrefix\": \"*\",\r\n          \"destinationAddressPrefix\":
        \"*\",\r\n          \"access\": \"Deny\",\r\n          \"priority\": 65500,\r\n
        \         \"direction\": \"Outbound\",\r\n          \"sourcePortRanges\":
        [],\r\n          \"destinationPortRanges\": [],\r\n          \"sourceAddressPrefixes\":
        [],\r\n          \"destinationAddressPrefixes\": []\r\n        }\r\n      }\r\n
        \   ]\r\n  }\r\n}"
    headers:
      azure-asyncnotification:
      - Enabled
      azure-asyncoperation:
      - https://management.azure.com/subscriptions/00000000-0000-0000-0000-000000000000/providers/Microsoft.Network/locations/westus/operations/178d0827-c5f3-430b-828f-2c5ecec44bc9?api-version=2020-03-01
      cache-control:
      - no-cache
      content-length:
      - '6925'
      content-type:
      - application/json; charset=utf-8
      date:
      - Wed, 15 Apr 2020 05:53:39 GMT
      expires:
      - '-1'
      pragma:
      - no-cache
      server:
      - Microsoft-HTTPAPI/2.0
      - Microsoft-HTTPAPI/2.0
      strict-transport-security:
      - max-age=31536000; includeSubDomains
      x-content-type-options:
      - nosniff
      x-ms-arm-service-request-id:
      - 55137467-6718-4e78-9e43-a4fb7739687e
      x-ms-ratelimit-remaining-subscription-writes:
      - '1193'
    status:
      code: 201
      message: Created
- request:
    body: null
    headers:
      Accept:
      - application/json
      Accept-Encoding:
      - gzip, deflate
      CommandName:
      - network nsg create
      Connection:
      - keep-alive
      ParameterSetName:
      - -g -n
      User-Agent:
      - python/3.8.0 (Windows-10-10.0.18362-SP0) msrest/0.6.10 msrest_azure/0.6.3
        azure-mgmt-network/10.1.0 Azure-SDK-For-Python AZURECLI/2.3.1
    method: GET
    uri: https://management.azure.com/subscriptions/00000000-0000-0000-0000-000000000000/providers/Microsoft.Network/locations/westus/operations/178d0827-c5f3-430b-828f-2c5ecec44bc9?api-version=2020-03-01
  response:
    body:
      string: "{\r\n  \"status\": \"Succeeded\"\r\n}"
    headers:
      cache-control:
      - no-cache
      content-length:
      - '29'
      content-type:
      - application/json; charset=utf-8
      date:
      - Wed, 15 Apr 2020 05:53:44 GMT
      expires:
      - '-1'
      pragma:
      - no-cache
      server:
      - Microsoft-HTTPAPI/2.0
      - Microsoft-HTTPAPI/2.0
      strict-transport-security:
      - max-age=31536000; includeSubDomains
      transfer-encoding:
      - chunked
      vary:
      - Accept-Encoding
      x-content-type-options:
      - nosniff
      x-ms-arm-service-request-id:
      - 7971f2d0-eadd-419f-88a0-559d57759607
    status:
      code: 200
      message: OK
- request:
    body: null
    headers:
      Accept:
      - application/json
      Accept-Encoding:
      - gzip, deflate
      CommandName:
      - network nsg create
      Connection:
      - keep-alive
      ParameterSetName:
      - -g -n
      User-Agent:
      - python/3.8.0 (Windows-10-10.0.18362-SP0) msrest/0.6.10 msrest_azure/0.6.3
        azure-mgmt-network/10.1.0 Azure-SDK-For-Python AZURECLI/2.3.1
    method: GET
    uri: https://management.azure.com/subscriptions/00000000-0000-0000-0000-000000000000/resourceGroups/test_nw_flow_log_000001/providers/Microsoft.Network/networkSecurityGroups/nsg1?api-version=2020-03-01
  response:
    body:
      string: "{\r\n  \"name\": \"nsg1\",\r\n  \"id\": \"/subscriptions/00000000-0000-0000-0000-000000000000/resourceGroups/test_nw_flow_log_000001/providers/Microsoft.Network/networkSecurityGroups/nsg1\",\r\n
        \ \"etag\": \"W/\\\"8118da02-45bf-4037-9f61-feccce0dafc1\\\"\",\r\n  \"type\":
        \"Microsoft.Network/networkSecurityGroups\",\r\n  \"location\": \"westus\",\r\n
        \ \"properties\": {\r\n    \"provisioningState\": \"Succeeded\",\r\n    \"resourceGuid\":
        \"5b21c2df-41c3-4741-8715-33c5e06233d7\",\r\n    \"securityRules\": [],\r\n
        \   \"defaultSecurityRules\": [\r\n      {\r\n        \"name\": \"AllowVnetInBound\",\r\n
        \       \"id\": \"/subscriptions/00000000-0000-0000-0000-000000000000/resourceGroups/test_nw_flow_log_000001/providers/Microsoft.Network/networkSecurityGroups/nsg1/defaultSecurityRules/AllowVnetInBound\",\r\n
        \       \"etag\": \"W/\\\"8118da02-45bf-4037-9f61-feccce0dafc1\\\"\",\r\n
        \       \"type\": \"Microsoft.Network/networkSecurityGroups/defaultSecurityRules\",\r\n
        \       \"properties\": {\r\n          \"provisioningState\": \"Succeeded\",\r\n
        \         \"description\": \"Allow inbound traffic from all VMs in VNET\",\r\n
        \         \"protocol\": \"*\",\r\n          \"sourcePortRange\": \"*\",\r\n
        \         \"destinationPortRange\": \"*\",\r\n          \"sourceAddressPrefix\":
        \"VirtualNetwork\",\r\n          \"destinationAddressPrefix\": \"VirtualNetwork\",\r\n
        \         \"access\": \"Allow\",\r\n          \"priority\": 65000,\r\n          \"direction\":
        \"Inbound\",\r\n          \"sourcePortRanges\": [],\r\n          \"destinationPortRanges\":
        [],\r\n          \"sourceAddressPrefixes\": [],\r\n          \"destinationAddressPrefixes\":
        []\r\n        }\r\n      },\r\n      {\r\n        \"name\": \"AllowAzureLoadBalancerInBound\",\r\n
        \       \"id\": \"/subscriptions/00000000-0000-0000-0000-000000000000/resourceGroups/test_nw_flow_log_000001/providers/Microsoft.Network/networkSecurityGroups/nsg1/defaultSecurityRules/AllowAzureLoadBalancerInBound\",\r\n
        \       \"etag\": \"W/\\\"8118da02-45bf-4037-9f61-feccce0dafc1\\\"\",\r\n
        \       \"type\": \"Microsoft.Network/networkSecurityGroups/defaultSecurityRules\",\r\n
        \       \"properties\": {\r\n          \"provisioningState\": \"Succeeded\",\r\n
        \         \"description\": \"Allow inbound traffic from azure load balancer\",\r\n
        \         \"protocol\": \"*\",\r\n          \"sourcePortRange\": \"*\",\r\n
        \         \"destinationPortRange\": \"*\",\r\n          \"sourceAddressPrefix\":
        \"AzureLoadBalancer\",\r\n          \"destinationAddressPrefix\": \"*\",\r\n
        \         \"access\": \"Allow\",\r\n          \"priority\": 65001,\r\n          \"direction\":
        \"Inbound\",\r\n          \"sourcePortRanges\": [],\r\n          \"destinationPortRanges\":
        [],\r\n          \"sourceAddressPrefixes\": [],\r\n          \"destinationAddressPrefixes\":
        []\r\n        }\r\n      },\r\n      {\r\n        \"name\": \"DenyAllInBound\",\r\n
        \       \"id\": \"/subscriptions/00000000-0000-0000-0000-000000000000/resourceGroups/test_nw_flow_log_000001/providers/Microsoft.Network/networkSecurityGroups/nsg1/defaultSecurityRules/DenyAllInBound\",\r\n
        \       \"etag\": \"W/\\\"8118da02-45bf-4037-9f61-feccce0dafc1\\\"\",\r\n
        \       \"type\": \"Microsoft.Network/networkSecurityGroups/defaultSecurityRules\",\r\n
        \       \"properties\": {\r\n          \"provisioningState\": \"Succeeded\",\r\n
        \         \"description\": \"Deny all inbound traffic\",\r\n          \"protocol\":
        \"*\",\r\n          \"sourcePortRange\": \"*\",\r\n          \"destinationPortRange\":
        \"*\",\r\n          \"sourceAddressPrefix\": \"*\",\r\n          \"destinationAddressPrefix\":
        \"*\",\r\n          \"access\": \"Deny\",\r\n          \"priority\": 65500,\r\n
        \         \"direction\": \"Inbound\",\r\n          \"sourcePortRanges\": [],\r\n
        \         \"destinationPortRanges\": [],\r\n          \"sourceAddressPrefixes\":
        [],\r\n          \"destinationAddressPrefixes\": []\r\n        }\r\n      },\r\n
        \     {\r\n        \"name\": \"AllowVnetOutBound\",\r\n        \"id\": \"/subscriptions/00000000-0000-0000-0000-000000000000/resourceGroups/test_nw_flow_log_000001/providers/Microsoft.Network/networkSecurityGroups/nsg1/defaultSecurityRules/AllowVnetOutBound\",\r\n
        \       \"etag\": \"W/\\\"8118da02-45bf-4037-9f61-feccce0dafc1\\\"\",\r\n
        \       \"type\": \"Microsoft.Network/networkSecurityGroups/defaultSecurityRules\",\r\n
        \       \"properties\": {\r\n          \"provisioningState\": \"Succeeded\",\r\n
        \         \"description\": \"Allow outbound traffic from all VMs to all VMs
        in VNET\",\r\n          \"protocol\": \"*\",\r\n          \"sourcePortRange\":
        \"*\",\r\n          \"destinationPortRange\": \"*\",\r\n          \"sourceAddressPrefix\":
        \"VirtualNetwork\",\r\n          \"destinationAddressPrefix\": \"VirtualNetwork\",\r\n
        \         \"access\": \"Allow\",\r\n          \"priority\": 65000,\r\n          \"direction\":
        \"Outbound\",\r\n          \"sourcePortRanges\": [],\r\n          \"destinationPortRanges\":
        [],\r\n          \"sourceAddressPrefixes\": [],\r\n          \"destinationAddressPrefixes\":
        []\r\n        }\r\n      },\r\n      {\r\n        \"name\": \"AllowInternetOutBound\",\r\n
        \       \"id\": \"/subscriptions/00000000-0000-0000-0000-000000000000/resourceGroups/test_nw_flow_log_000001/providers/Microsoft.Network/networkSecurityGroups/nsg1/defaultSecurityRules/AllowInternetOutBound\",\r\n
        \       \"etag\": \"W/\\\"8118da02-45bf-4037-9f61-feccce0dafc1\\\"\",\r\n
        \       \"type\": \"Microsoft.Network/networkSecurityGroups/defaultSecurityRules\",\r\n
        \       \"properties\": {\r\n          \"provisioningState\": \"Succeeded\",\r\n
        \         \"description\": \"Allow outbound traffic from all VMs to Internet\",\r\n
        \         \"protocol\": \"*\",\r\n          \"sourcePortRange\": \"*\",\r\n
        \         \"destinationPortRange\": \"*\",\r\n          \"sourceAddressPrefix\":
        \"*\",\r\n          \"destinationAddressPrefix\": \"Internet\",\r\n          \"access\":
        \"Allow\",\r\n          \"priority\": 65001,\r\n          \"direction\": \"Outbound\",\r\n
        \         \"sourcePortRanges\": [],\r\n          \"destinationPortRanges\":
        [],\r\n          \"sourceAddressPrefixes\": [],\r\n          \"destinationAddressPrefixes\":
        []\r\n        }\r\n      },\r\n      {\r\n        \"name\": \"DenyAllOutBound\",\r\n
        \       \"id\": \"/subscriptions/00000000-0000-0000-0000-000000000000/resourceGroups/test_nw_flow_log_000001/providers/Microsoft.Network/networkSecurityGroups/nsg1/defaultSecurityRules/DenyAllOutBound\",\r\n
        \       \"etag\": \"W/\\\"8118da02-45bf-4037-9f61-feccce0dafc1\\\"\",\r\n
        \       \"type\": \"Microsoft.Network/networkSecurityGroups/defaultSecurityRules\",\r\n
        \       \"properties\": {\r\n          \"provisioningState\": \"Succeeded\",\r\n
        \         \"description\": \"Deny all outbound traffic\",\r\n          \"protocol\":
        \"*\",\r\n          \"sourcePortRange\": \"*\",\r\n          \"destinationPortRange\":
        \"*\",\r\n          \"sourceAddressPrefix\": \"*\",\r\n          \"destinationAddressPrefix\":
        \"*\",\r\n          \"access\": \"Deny\",\r\n          \"priority\": 65500,\r\n
        \         \"direction\": \"Outbound\",\r\n          \"sourcePortRanges\":
        [],\r\n          \"destinationPortRanges\": [],\r\n          \"sourceAddressPrefixes\":
        [],\r\n          \"destinationAddressPrefixes\": []\r\n        }\r\n      }\r\n
        \   ]\r\n  }\r\n}"
    headers:
      cache-control:
      - no-cache
      content-length:
      - '6932'
      content-type:
      - application/json; charset=utf-8
      date:
      - Wed, 15 Apr 2020 05:53:44 GMT
      etag:
      - W/"8118da02-45bf-4037-9f61-feccce0dafc1"
      expires:
      - '-1'
      pragma:
      - no-cache
      server:
      - Microsoft-HTTPAPI/2.0
      - Microsoft-HTTPAPI/2.0
      strict-transport-security:
      - max-age=31536000; includeSubDomains
      transfer-encoding:
      - chunked
      vary:
      - Accept-Encoding
      x-content-type-options:
      - nosniff
      x-ms-arm-service-request-id:
      - 99ff17aa-72e8-4190-824a-a51f896177d3
    status:
      code: 200
      message: OK
- request:
    body: '{"location": "westus", "properties": {"sku": {"name": "PerGB2018"}, "retentionInDays":
      30}}'
    headers:
      Accept:
      - application/json
      Accept-Encoding:
      - gzip, deflate
      CommandName:
      - monitor log-analytics workspace create
      Connection:
      - keep-alive
      Content-Length:
      - '91'
      Content-Type:
      - application/json; charset=utf-8
      ParameterSetName:
      - --resource-group --location --workspace-name
      User-Agent:
      - python/3.8.0 (Windows-10-10.0.18362-SP0) msrest/0.6.10 msrest_azure/0.6.3
        azure-mgmt-loganalytics/0.2.0 Azure-SDK-For-Python AZURECLI/2.3.1
      accept-language:
      - en-US
    method: PUT
    uri: https://management.azure.com/subscriptions/00000000-0000-0000-0000-000000000000/resourcegroups/test_nw_flow_log_000001/providers/Microsoft.OperationalInsights/workspaces/workspace32897502?api-version=2020-03-01-preview
  response:
    body:
      string: "{\r\n  \"properties\": {\r\n    \"source\": \"Azure\",\r\n    \"customerId\":
        \"3056f863-394b-4d85-9ee2-cc47c5aca7f0\",\r\n    \"provisioningState\": \"Creating\",\r\n
        \   \"sku\": {\r\n      \"name\": \"pergb2018\",\r\n      \"lastSkuUpdate\":
        \"Wed, 15 Apr 2020 05:54:03 GMT\"\r\n    },\r\n    \"retentionInDays\": 30,\r\n
        \   \"features\": {\r\n      \"legacy\": 0,\r\n      \"searchVersion\": 1,\r\n
        \     \"enableLogAccessUsingOnlyResourcePermissions\": true\r\n    },\r\n
        \   \"workspaceCapping\": {\r\n      \"dailyQuotaGb\": -1.0,\r\n      \"quotaNextResetTime\":
        \"Wed, 15 Apr 2020 14:00:00 GMT\",\r\n      \"dataIngestionStatus\": \"RespectQuota\"\r\n
        \   },\r\n    \"publicNetworkAccessForIngestion\": \"Enabled\",\r\n    \"publicNetworkAccessForQuery\":
        \"Enabled\"\r\n  },\r\n  \"id\": \"/subscriptions/00000000-0000-0000-0000-000000000000/resourcegroups/test_nw_flow_log_000001/providers/microsoft.operationalinsights/workspaces/workspace32897502\",\r\n
        \ \"name\": \"workspace32897502\",\r\n  \"type\": \"Microsoft.OperationalInsights/workspaces\",\r\n
        \ \"location\": \"westus\"\r\n}"
    headers:
      cache-control:
      - no-cache
      content-length:
      - '1020'
      content-type:
      - application/json
      date:
      - Wed, 15 Apr 2020 05:54:04 GMT
      pragma:
      - no-cache
      server:
      - Microsoft-IIS/10.0
      - Microsoft-IIS/10.0
      strict-transport-security:
      - max-age=31536000; includeSubDomains
      x-content-type-options:
      - nosniff
      x-ms-ratelimit-remaining-subscription-writes:
      - '1195'
      x-powered-by:
      - ASP.NET
      - ASP.NET
    status:
      code: 201
      message: Created
- request:
    body: null
    headers:
      Accept:
      - application/json
      Accept-Encoding:
      - gzip, deflate
      CommandName:
      - monitor log-analytics workspace create
      Connection:
      - keep-alive
      ParameterSetName:
      - --resource-group --location --workspace-name
      User-Agent:
      - python/3.8.0 (Windows-10-10.0.18362-SP0) msrest/0.6.10 msrest_azure/0.6.3
        azure-mgmt-loganalytics/0.2.0 Azure-SDK-For-Python AZURECLI/2.3.1
    method: GET
    uri: https://management.azure.com/subscriptions/00000000-0000-0000-0000-000000000000/resourcegroups/test_nw_flow_log_000001/providers/Microsoft.OperationalInsights/workspaces/workspace32897502?api-version=2020-03-01-preview
  response:
    body:
      string: "{\r\n  \"properties\": {\r\n    \"source\": \"Azure\",\r\n    \"customerId\":
        \"3056f863-394b-4d85-9ee2-cc47c5aca7f0\",\r\n    \"provisioningState\": \"Succeeded\",\r\n
        \   \"sku\": {\r\n      \"name\": \"pergb2018\",\r\n      \"lastSkuUpdate\":
        \"Wed, 15 Apr 2020 05:54:03 GMT\"\r\n    },\r\n    \"retentionInDays\": 30,\r\n
        \   \"features\": {\r\n      \"legacy\": 0,\r\n      \"searchVersion\": 1,\r\n
        \     \"enableLogAccessUsingOnlyResourcePermissions\": true\r\n    },\r\n
        \   \"workspaceCapping\": {\r\n      \"dailyQuotaGb\": -1.0,\r\n      \"quotaNextResetTime\":
        \"Wed, 15 Apr 2020 14:00:00 GMT\",\r\n      \"dataIngestionStatus\": \"RespectQuota\"\r\n
        \   },\r\n    \"publicNetworkAccessForIngestion\": \"Enabled\",\r\n    \"publicNetworkAccessForQuery\":
        \"Enabled\"\r\n  },\r\n  \"id\": \"/subscriptions/00000000-0000-0000-0000-000000000000/resourcegroups/test_nw_flow_log_000001/providers/microsoft.operationalinsights/workspaces/workspace32897502\",\r\n
        \ \"name\": \"workspace32897502\",\r\n  \"type\": \"Microsoft.OperationalInsights/workspaces\",\r\n
        \ \"location\": \"westus\"\r\n}"
    headers:
      cache-control:
      - no-cache
      content-length:
      - '1021'
      content-type:
      - application/json
      date:
      - Wed, 15 Apr 2020 05:54:36 GMT
      pragma:
      - no-cache
      server:
      - Microsoft-IIS/10.0
      - Microsoft-IIS/10.0
      strict-transport-security:
      - max-age=31536000; includeSubDomains
      transfer-encoding:
      - chunked
      vary:
      - Accept-Encoding
      x-content-type-options:
      - nosniff
      x-powered-by:
      - ASP.NET
      - ASP.NET
    status:
      code: 200
      message: OK
- request:
    body: null
    headers:
      Accept:
      - application/json
      Accept-Encoding:
      - gzip, deflate
      CommandName:
      - network watcher flow-log create
      Connection:
      - keep-alive
      ParameterSetName:
      - --location --resource-group --nsg --storage-account --workspace --name
      User-Agent:
      - python/3.8.0 (Windows-10-10.0.18362-SP0) msrest/0.6.10 msrest_azure/0.6.3
        azure-mgmt-network/10.1.0 Azure-SDK-For-Python AZURECLI/2.3.1
      accept-language:
      - en-US
    method: GET
    uri: https://management.azure.com/subscriptions/00000000-0000-0000-0000-000000000000/providers/Microsoft.Network/networkWatchers?api-version=2020-03-01
  response:
    body:
      string: '{"value":[{"name":"NetworkWatcher_westus","id":"/subscriptions/00000000-0000-0000-0000-000000000000/resourceGroups/NetworkWatcherRG/providers/Microsoft.Network/networkWatchers/NetworkWatcher_westus","etag":"W/\"f6d37f76-30bd-43d4-8229-18069f388345\"","type":"Microsoft.Network/networkWatchers","location":"westus","properties":{"provisioningState":"Succeeded","runningOperationIds":[]}},{"name":"NetworkWatcher_centralus","id":"/subscriptions/00000000-0000-0000-0000-000000000000/resourceGroups/NetworkWatcherRG/providers/Microsoft.Network/networkWatchers/NetworkWatcher_centralus","etag":"W/\"e7be9b20-a33c-4f6a-a99b-28530b7b4429\"","type":"Microsoft.Network/networkWatchers","location":"centralus","properties":{"provisioningState":"Succeeded","runningOperationIds":[]}}]}'
    headers:
      cache-control:
      - no-cache
      content-length:
      - '774'
      content-type:
      - application/json; charset=utf-8
      date:
      - Wed, 15 Apr 2020 05:54:39 GMT
      expires:
      - '-1'
      pragma:
      - no-cache
      strict-transport-security:
      - max-age=31536000; includeSubDomains
      vary:
      - Accept-Encoding
      x-content-type-options:
      - nosniff
      x-ms-original-request-ids:
      - 9f0cf3e7-fb8e-4b4c-9599-216c0563b6e6
      - ab93e643-36d6-4896-88a9-223f5d89d787
    status:
      code: 200
      message: OK
- request:
    body: null
    headers:
      Accept:
      - application/json
      Accept-Encoding:
      - gzip, deflate
      CommandName:
      - network watcher flow-log create
      Connection:
      - keep-alive
      ParameterSetName:
      - --location --resource-group --nsg --storage-account --workspace --name
      User-Agent:
      - python/3.8.0 (Windows-10-10.0.18362-SP0) msrest/0.6.10 msrest_azure/0.6.3
        azure-mgmt-resource/8.0.1 Azure-SDK-For-Python AZURECLI/2.3.1
      accept-language:
      - en-US
    method: GET
    uri: https://management.azure.com/subscriptions/00000000-0000-0000-0000-000000000000/providers/microsoft.operationalinsights?api-version=2019-07-01
  response:
    body:
      string: '{"id":"/subscriptions/00000000-0000-0000-0000-000000000000/providers/Microsoft.OperationalInsights","namespace":"Microsoft.OperationalInsights","authorizations":[{"applicationId":"d2a0a418-0aac-4541-82b2-b3142c89da77","roleDefinitionId":"86695298-2eb9-48a7-9ec3-2fdb38b6878b"},{"applicationId":"ca7f3f0b-7d91-482c-8e09-c5d840d0eac5","roleDefinitionId":"5d5a2e56-9835-44aa-93db-d2f19e155438"}],"resourceTypes":[{"resourceType":"workspaces","locations":["East
        US","West Europe","Southeast Asia","Australia Southeast","West Central US","Japan
        East","UK South","Central India","Canada Central","West US 2","Australia Central","Australia
        East","France Central","Korea Central","North Europe","Central US","East Asia","East
        US 2","South Central US","North Central US","West US","UK West","South Africa
        North","Brazil South","Switzerland North","Switzerland West"],"apiVersions":["2020-03-01-preview","2017-04-26-preview","2017-03-15-preview","2017-03-03-preview","2017-01-01-preview","2020-03-01-preview","2015-03-20"],"capabilities":"CrossResourceGroupResourceMove,
        CrossSubscriptionResourceMove, SupportsTags, SupportsLocation"},{"resourceType":"locations","locations":[],"apiVersions":["2020-03-01-preview","2019-08-01-preview","2017-04-26-preview","2017-03-15-preview","2017-03-03-preview","2017-01-01-preview","2020-03-01-preview","2015-03-20"],"defaultApiVersion":"2020-03-01-preview","capabilities":"None"},{"resourceType":"locations/operationStatuses","locations":["East
        US","West Europe","Southeast Asia","Australia Southeast","West Central US","Japan
        East","UK South","Central India","Canada Central","West US 2","Australia Central","Australia
        East","France Central","Korea Central","North Europe","Central US","East Asia","East
        US 2","South Central US","North Central US","West US","UK West","South Africa
        North","Brazil South","Switzerland North","Switzerland West"],"apiVersions":["2020-03-01-preview","2019-08-01-preview","2017-04-26-preview","2017-03-15-preview","2017-03-03-preview","2017-01-01-preview","2020-03-01-preview","2015-03-20"],"defaultApiVersion":"2020-03-01-preview","capabilities":"None"},{"resourceType":"workspaces/scopedPrivateLinkProxies","locations":["East
        US","West Europe","Southeast Asia","Australia Southeast","West Central US","Japan
        East","UK South","Central India","Canada Central","West US 2","Australia Central","Australia
        East","France Central","Korea Central","North Europe","Central US","East Asia","East
        US 2","South Central US","North Central US","West US","UK West","South Africa
        North","Brazil South","Switzerland North","Switzerland West"],"apiVersions":["2020-03-01-preview","2019-08-01-preview","2020-03-01-preview"],"defaultApiVersion":"2020-03-01-preview","capabilities":"None"},{"resourceType":"workspaces/query","locations":["West
        Central US","Australia Southeast","West Europe","East US","Southeast Asia","Japan
        East","UK South","Central India","Canada Central","West US 2","Australia Central","Australia
        East","France Central","Korea Central","North Europe","Central US","East Asia","East
        US 2","South Central US","North Central US","West US","UK West","South Africa
        North","Brazil South","Switzerland West","Switzerland North"],"apiVersions":["2017-10-01"],"capabilities":"None"},{"resourceType":"workspaces/dataSources","locations":["East
        US","West Europe","Southeast Asia","Australia Southeast","West Central US","Japan
        East","UK South","Central India","Canada Central","West US 2","Australia Central","Australia
        East","France Central","Korea Central","North Europe","Central US","East Asia","East
        US 2","South Central US","North Central US","West US","UK West","South Africa
        North","Brazil South","Switzerland North","Switzerland West"],"apiVersions":["2020-03-01-preview","2020-03-01-preview"],"defaultApiVersion":"2020-03-01-preview","capabilities":"None"},{"resourceType":"workspaces/linkedStorageAccounts","locations":["East
        US","West Europe","Southeast Asia","Australia Southeast","West Central US","Japan
        East","UK South","Central India","Canada Central","West US 2","Australia Central","Australia
        East","France Central","Korea Central","North Europe","Central US","East Asia","East
        US 2","South Central US","North Central US","West US","UK West","South Africa
        North","Brazil South","Switzerland North","Switzerland West"],"apiVersions":["2020-03-01-preview","2019-08-01-preview"],"defaultApiVersion":"2019-08-01-preview","capabilities":"None"},{"resourceType":"storageInsightConfigs","locations":[],"apiVersions":["2020-03-01-preview","2014-10-10"],"capabilities":"SupportsExtension"},{"resourceType":"workspaces/linkedServices","locations":["East
        US","West Europe","Southeast Asia","Australia Southeast","West Central US","Japan
        East","UK South","Central India","Canada Central","West US 2","Australia Central","Australia
        East","France Central","Korea Central","North Europe","Central US","East Asia","East
        US 2","South Central US","North Central US","West US","UK West","South Africa
        North","Brazil South","Switzerland North","Switzerland West"],"apiVersions":["2020-03-01-preview","2019-08-01-preview","2020-03-01-preview"],"defaultApiVersion":"2020-03-01-preview","capabilities":"None"},{"resourceType":"linkTargets","locations":["East
        US"],"apiVersions":["2020-03-01-preview","2015-03-20"],"capabilities":"None"},{"resourceType":"operations","locations":[],"apiVersions":["2020-03-01-preview","2020-03-01-preview","2014-11-10"],"defaultApiVersion":"2020-03-01-preview","capabilities":"None"},{"resourceType":"clusters","locations":["East
        US","West Europe","Southeast Asia","Australia Southeast","West Central US","Japan
        East","UK South","Central India","Canada Central","West US 2","Australia Central","Australia
        East","France Central","Korea Central","North Europe","Central US","East Asia","East
        US 2","South Central US","North Central US","West US","UK West","South Africa
        North","Switzerland North","Switzerland West","Brazil South"],"apiVersions":["2020-03-01-preview","2019-08-01-preview"],"defaultApiVersion":"2019-08-01-preview","capabilities":"CrossResourceGroupResourceMove,
        CrossSubscriptionResourceMove, SystemAssignedResourceIdentity, SupportsTags,
        SupportsLocation"}],"registrationState":"Registered","registrationPolicy":"RegistrationRequired"}'
    headers:
      cache-control:
      - no-cache
      content-length:
      - '6229'
      content-type:
      - application/json; charset=utf-8
      date:
      - Wed, 15 Apr 2020 05:54:39 GMT
      expires:
      - '-1'
      pragma:
      - no-cache
      strict-transport-security:
      - max-age=31536000; includeSubDomains
      vary:
      - Accept-Encoding
      x-content-type-options:
      - nosniff
    status:
      code: 200
      message: OK
- request:
    body: null
    headers:
      Accept:
      - application/json
      Accept-Encoding:
      - gzip, deflate
      CommandName:
      - network watcher flow-log create
      Connection:
      - keep-alive
      ParameterSetName:
      - --location --resource-group --nsg --storage-account --workspace --name
      User-Agent:
      - python/3.8.0 (Windows-10-10.0.18362-SP0) msrest/0.6.10 msrest_azure/0.6.3
        azure-mgmt-resource/8.0.1 Azure-SDK-For-Python AZURECLI/2.3.1
      accept-language:
      - en-US
    method: GET
    uri: https://management.azure.com/subscriptions/00000000-0000-0000-0000-000000000000/resourcegroups/test_nw_flow_log_000001/providers/microsoft.operationalinsights/workspaces/workspace32897502?api-version=2015-03-20
  response:
    body:
      string: "{\r\n  \"properties\": {\r\n    \"source\": \"Azure\",\r\n    \"customerId\":
        \"3056f863-394b-4d85-9ee2-cc47c5aca7f0\",\r\n    \"provisioningState\": \"Succeeded\",\r\n
        \   \"sku\": {\r\n      \"name\": \"pergb2018\",\r\n      \"lastSkuUpdate\":
        \"Wed, 15 Apr 2020 05:54:03 GMT\"\r\n    },\r\n    \"retentionInDays\": 30,\r\n
        \   \"features\": {\r\n      \"legacy\": 0,\r\n      \"searchVersion\": 1,\r\n
        \     \"enableLogAccessUsingOnlyResourcePermissions\": true\r\n    },\r\n
        \   \"workspaceCapping\": {\r\n      \"dailyQuotaGb\": -1.0,\r\n      \"quotaNextResetTime\":
        \"Wed, 15 Apr 2020 14:00:00 GMT\",\r\n      \"dataIngestionStatus\": \"RespectQuota\"\r\n
        \   },\r\n    \"publicNetworkAccessForIngestion\": \"Enabled\",\r\n    \"publicNetworkAccessForQuery\":
        \"Enabled\"\r\n  },\r\n  \"id\": \"/subscriptions/00000000-0000-0000-0000-000000000000/resourcegroups/test_nw_flow_log_000001/providers/microsoft.operationalinsights/workspaces/workspace32897502\",\r\n
        \ \"name\": \"workspace32897502\",\r\n  \"type\": \"Microsoft.OperationalInsights/workspaces\",\r\n
        \ \"location\": \"westus\"\r\n}"
    headers:
      cache-control:
      - no-cache
      content-length:
      - '1021'
      content-type:
      - application/json
      date:
      - Wed, 15 Apr 2020 05:54:40 GMT
      pragma:
      - no-cache
      server:
      - Microsoft-IIS/10.0
      - Microsoft-IIS/10.0
      strict-transport-security:
      - max-age=31536000; includeSubDomains
      transfer-encoding:
      - chunked
      vary:
      - Accept-Encoding
      x-content-type-options:
      - nosniff
      x-powered-by:
      - ASP.NET
      - ASP.NET
    status:
      code: 200
      message: OK
- request:
    body: 'b''b\''{"location": "westus", "properties": {"targetResourceId": "/subscriptions/00000000-0000-0000-0000-000000000000/resourceGroups/test_nw_flow_log_000001/providers/Microsoft.Network/networkSecurityGroups/nsg1",
      "storageId": "/subscriptions/00000000-0000-0000-0000-000000000000/resourceGroups/test_nw_flow_log_000001/providers/Microsoft.Storage/storageAccounts/testflowlog000002",
      "enabled": true, "flowAnalyticsConfiguration": {"networkWatcherFlowAnalyticsConfiguration":
      {"workspaceId": "3056f863-394b-4d85-9ee2-cc47c5aca7f0", "workspaceRegion": "westus",
      "workspaceResourceId": "/subscriptions/00000000-0000-0000-0000-000000000000/resourcegroups/test_nw_flow_log_000001/providers/microsoft.operationalinsights/workspaces/workspace32897502",
      "trafficAnalyticsInterval": 60}}}}\'''''
    headers:
      Accept:
      - application/json
      Accept-Encoding:
      - gzip, deflate
      CommandName:
      - network watcher flow-log create
      Connection:
      - keep-alive
      Content-Length:
      - '936'
      Content-Type:
      - application/json; charset=utf-8
      ParameterSetName:
      - --location --resource-group --nsg --storage-account --workspace --name
      User-Agent:
      - python/3.8.0 (Windows-10-10.0.18362-SP0) msrest/0.6.10 msrest_azure/0.6.3
        azure-mgmt-network/10.1.0 Azure-SDK-For-Python AZURECLI/2.3.1
      accept-language:
      - en-US
    method: PUT
    uri: https://management.azure.com/subscriptions/00000000-0000-0000-0000-000000000000/resourceGroups/NetworkWatcherRG/providers/Microsoft.Network/networkWatchers/NetworkWatcher_westus/flowLogs/flow_log_test2?api-version=2020-03-01
  response:
    body:
      string: "{\r\n  \"name\": \"flow_log_test2\",\r\n  \"id\": \"/subscriptions/00000000-0000-0000-0000-000000000000/resourceGroups/NetworkWatcherRG/providers/Microsoft.Network/networkWatchers/NetworkWatcher_westus/FlowLogs/flow_log_test2\",\r\n
        \ \"etag\": \"W/\\\"e165dc89-b4cb-44cd-adcc-999a0748aeed\\\"\",\r\n  \"properties\":
        {\r\n    \"provisioningState\": \"Updating\",\r\n    \"targetResourceId\":
        \"/subscriptions/00000000-0000-0000-0000-000000000000/resourceGroups/test_nw_flow_log_000001/providers/Microsoft.Network/networkSecurityGroups/nsg1\",\r\n
        \   \"targetResourceGuid\": \"5b21c2df-41c3-4741-8715-33c5e06233d7\",\r\n
        \   \"storageId\": \"/subscriptions/00000000-0000-0000-0000-000000000000/resourceGroups/test_nw_flow_log_000001/providers/Microsoft.Storage/storageAccounts/testflowlog000002\",\r\n
        \   \"enabled\": true,\r\n    \"flowAnalyticsConfiguration\": {\r\n      \"networkWatcherFlowAnalyticsConfiguration\":
        {\r\n        \"enabled\": false,\r\n        \"workspaceId\": \"3056f863-394b-4d85-9ee2-cc47c5aca7f0\",\r\n
        \       \"workspaceRegion\": \"westus\",\r\n        \"workspaceResourceId\":
        \"/subscriptions/00000000-0000-0000-0000-000000000000/resourcegroups/test_nw_flow_log_000001/providers/microsoft.operationalinsights/workspaces/workspace32897502\",\r\n
        \       \"trafficAnalyticsInterval\": 60\r\n      }\r\n    },\r\n    \"retentionPolicy\":
        {\r\n      \"days\": 0,\r\n      \"enabled\": false\r\n    },\r\n    \"format\":
        {\r\n      \"type\": \"JSON\",\r\n      \"version\": 1\r\n    }\r\n  },\r\n
        \ \"type\": \"Microsoft.Network/networkWatchers/FlowLogs\",\r\n  \"location\":
        \"westus\"\r\n}"
    headers:
      azure-asyncnotification:
      - Enabled
      azure-asyncoperation:
      - https://management.azure.com/subscriptions/00000000-0000-0000-0000-000000000000/providers/Microsoft.Network/locations/westus/operations/ce1690ae-993c-4292-83ce-c18985810afe?api-version=2020-03-01
      cache-control:
      - no-cache
      content-length:
      - '1634'
      content-type:
      - application/json; charset=utf-8
      date:
      - Wed, 15 Apr 2020 05:54:46 GMT
      expires:
      - '-1'
      pragma:
      - no-cache
      server:
      - Microsoft-HTTPAPI/2.0
      - Microsoft-HTTPAPI/2.0
      strict-transport-security:
      - max-age=31536000; includeSubDomains
      x-content-type-options:
      - nosniff
      x-ms-arm-service-request-id:
      - 42dcc682-4d68-4909-9624-3dd9b69f0e4b
      x-ms-ratelimit-remaining-subscription-writes:
      - '1197'
    status:
      code: 201
      message: Created
- request:
    body: null
    headers:
      Accept:
      - application/json
      Accept-Encoding:
      - gzip, deflate
      CommandName:
      - network watcher flow-log create
      Connection:
      - keep-alive
      ParameterSetName:
      - --location --resource-group --nsg --storage-account --workspace --name
      User-Agent:
      - python/3.8.0 (Windows-10-10.0.18362-SP0) msrest/0.6.10 msrest_azure/0.6.3
        azure-mgmt-network/10.1.0 Azure-SDK-For-Python AZURECLI/2.3.1
    method: GET
    uri: https://management.azure.com/subscriptions/00000000-0000-0000-0000-000000000000/providers/Microsoft.Network/locations/westus/operations/ce1690ae-993c-4292-83ce-c18985810afe?api-version=2020-03-01
  response:
    body:
      string: "{\r\n  \"status\": \"InProgress\"\r\n}"
    headers:
      cache-control:
      - no-cache
      content-length:
      - '30'
      content-type:
      - application/json; charset=utf-8
      date:
      - Wed, 15 Apr 2020 05:54:57 GMT
      expires:
      - '-1'
      pragma:
      - no-cache
      server:
      - Microsoft-HTTPAPI/2.0
      - Microsoft-HTTPAPI/2.0
      strict-transport-security:
      - max-age=31536000; includeSubDomains
      transfer-encoding:
      - chunked
      vary:
      - Accept-Encoding
      x-content-type-options:
      - nosniff
      x-ms-arm-service-request-id:
      - ffb34df3-9c3b-465c-b5de-6e5bfec0d4a2
    status:
      code: 200
      message: OK
- request:
    body: null
    headers:
      Accept:
      - application/json
      Accept-Encoding:
      - gzip, deflate
      CommandName:
      - network watcher flow-log create
      Connection:
      - keep-alive
      ParameterSetName:
      - --location --resource-group --nsg --storage-account --workspace --name
      User-Agent:
      - python/3.8.0 (Windows-10-10.0.18362-SP0) msrest/0.6.10 msrest_azure/0.6.3
        azure-mgmt-network/10.1.0 Azure-SDK-For-Python AZURECLI/2.3.1
    method: GET
    uri: https://management.azure.com/subscriptions/00000000-0000-0000-0000-000000000000/providers/Microsoft.Network/locations/westus/operations/ce1690ae-993c-4292-83ce-c18985810afe?api-version=2020-03-01
  response:
    body:
      string: "{\r\n  \"status\": \"Succeeded\"\r\n}"
    headers:
      cache-control:
      - no-cache
      content-length:
      - '29'
      content-type:
      - application/json; charset=utf-8
      date:
      - Wed, 15 Apr 2020 05:55:08 GMT
      expires:
      - '-1'
      pragma:
      - no-cache
      server:
      - Microsoft-HTTPAPI/2.0
      - Microsoft-HTTPAPI/2.0
      strict-transport-security:
      - max-age=31536000; includeSubDomains
      transfer-encoding:
      - chunked
      vary:
      - Accept-Encoding
      x-content-type-options:
      - nosniff
      x-ms-arm-service-request-id:
      - 19e7ee6e-01b4-4f05-ac00-621c1176704a
    status:
      code: 200
      message: OK
- request:
    body: null
    headers:
      Accept:
      - application/json
      Accept-Encoding:
      - gzip, deflate
      CommandName:
      - network watcher flow-log create
      Connection:
      - keep-alive
      ParameterSetName:
      - --location --resource-group --nsg --storage-account --workspace --name
      User-Agent:
      - python/3.8.0 (Windows-10-10.0.18362-SP0) msrest/0.6.10 msrest_azure/0.6.3
        azure-mgmt-network/10.1.0 Azure-SDK-For-Python AZURECLI/2.3.1
    method: GET
    uri: https://management.azure.com/subscriptions/00000000-0000-0000-0000-000000000000/resourceGroups/NetworkWatcherRG/providers/Microsoft.Network/networkWatchers/NetworkWatcher_westus/flowLogs/flow_log_test2?api-version=2020-03-01
  response:
    body:
      string: "{\r\n  \"name\": \"flow_log_test2\",\r\n  \"id\": \"/subscriptions/00000000-0000-0000-0000-000000000000/resourceGroups/NetworkWatcherRG/providers/Microsoft.Network/networkWatchers/NetworkWatcher_westus/FlowLogs/flow_log_test2\",\r\n
        \ \"etag\": \"W/\\\"e6d34148-370b-4292-af65-061299b4398c\\\"\",\r\n  \"properties\":
        {\r\n    \"provisioningState\": \"Succeeded\",\r\n    \"targetResourceId\":
        \"/subscriptions/00000000-0000-0000-0000-000000000000/resourceGroups/test_nw_flow_log_000001/providers/Microsoft.Network/networkSecurityGroups/nsg1\",\r\n
        \   \"targetResourceGuid\": \"5b21c2df-41c3-4741-8715-33c5e06233d7\",\r\n
        \   \"storageId\": \"/subscriptions/00000000-0000-0000-0000-000000000000/resourceGroups/test_nw_flow_log_000001/providers/Microsoft.Storage/storageAccounts/testflowlog000002\",\r\n
        \   \"enabled\": true,\r\n    \"flowAnalyticsConfiguration\": {\r\n      \"networkWatcherFlowAnalyticsConfiguration\":
        {\r\n        \"enabled\": false,\r\n        \"workspaceId\": \"3056f863-394b-4d85-9ee2-cc47c5aca7f0\",\r\n
        \       \"workspaceRegion\": \"westus\",\r\n        \"workspaceResourceId\":
        \"/subscriptions/00000000-0000-0000-0000-000000000000/resourcegroups/test_nw_flow_log_000001/providers/microsoft.operationalinsights/workspaces/workspace32897502\",\r\n
        \       \"trafficAnalyticsInterval\": 60\r\n      }\r\n    },\r\n    \"retentionPolicy\":
        {\r\n      \"days\": 0,\r\n      \"enabled\": false\r\n    },\r\n    \"format\":
        {\r\n      \"type\": \"JSON\",\r\n      \"version\": 1\r\n    }\r\n  },\r\n
        \ \"type\": \"Microsoft.Network/networkWatchers/FlowLogs\",\r\n  \"location\":
        \"westus\"\r\n}"
    headers:
      cache-control:
      - no-cache
      content-length:
      - '1635'
      content-type:
      - application/json; charset=utf-8
      date:
      - Wed, 15 Apr 2020 05:55:09 GMT
      etag:
      - W/"e6d34148-370b-4292-af65-061299b4398c"
      expires:
      - '-1'
      pragma:
      - no-cache
      server:
      - Microsoft-HTTPAPI/2.0
      - Microsoft-HTTPAPI/2.0
      strict-transport-security:
      - max-age=31536000; includeSubDomains
      transfer-encoding:
      - chunked
      vary:
      - Accept-Encoding
      x-content-type-options:
      - nosniff
      x-ms-arm-service-request-id:
      - a2131342-ff68-42e5-b0a8-b43d023f7895
    status:
      code: 200
      message: OK
- request:
    body: null
    headers:
      Accept:
      - application/json
      Accept-Encoding:
      - gzip, deflate
      CommandName:
      - network watcher flow-log show
      Connection:
      - keep-alive
      ParameterSetName:
      - --location --name
      User-Agent:
      - python/3.8.0 (Windows-10-10.0.18362-SP0) msrest/0.6.10 msrest_azure/0.6.3
        azure-mgmt-network/10.1.0 Azure-SDK-For-Python AZURECLI/2.3.1
      accept-language:
      - en-US
    method: GET
    uri: https://management.azure.com/subscriptions/00000000-0000-0000-0000-000000000000/providers/Microsoft.Network/networkWatchers?api-version=2020-03-01
  response:
    body:
      string: '{"value":[{"name":"NetworkWatcher_westus","id":"/subscriptions/00000000-0000-0000-0000-000000000000/resourceGroups/NetworkWatcherRG/providers/Microsoft.Network/networkWatchers/NetworkWatcher_westus","etag":"W/\"e6d34148-370b-4292-af65-061299b4398c\"","type":"Microsoft.Network/networkWatchers","location":"westus","properties":{"provisioningState":"Succeeded","runningOperationIds":[]}},{"name":"NetworkWatcher_centralus","id":"/subscriptions/00000000-0000-0000-0000-000000000000/resourceGroups/NetworkWatcherRG/providers/Microsoft.Network/networkWatchers/NetworkWatcher_centralus","etag":"W/\"e7be9b20-a33c-4f6a-a99b-28530b7b4429\"","type":"Microsoft.Network/networkWatchers","location":"centralus","properties":{"provisioningState":"Succeeded","runningOperationIds":[]}}]}'
    headers:
      cache-control:
      - no-cache
      content-length:
      - '774'
      content-type:
      - application/json; charset=utf-8
      date:
      - Wed, 15 Apr 2020 05:55:10 GMT
      expires:
      - '-1'
      pragma:
      - no-cache
      strict-transport-security:
      - max-age=31536000; includeSubDomains
      vary:
      - Accept-Encoding
      x-content-type-options:
      - nosniff
      x-ms-original-request-ids:
      - d2de2273-e929-4fac-ae3e-672c6ed06817
      - 925ded68-5af2-4a3e-80c2-7e431960a9f7
    status:
      code: 200
      message: OK
- request:
    body: null
    headers:
      Accept:
      - application/json
      Accept-Encoding:
      - gzip, deflate
      CommandName:
      - network watcher flow-log show
      Connection:
      - keep-alive
      ParameterSetName:
      - --location --name
      User-Agent:
      - python/3.8.0 (Windows-10-10.0.18362-SP0) msrest/0.6.10 msrest_azure/0.6.3
        azure-mgmt-network/10.1.0 Azure-SDK-For-Python AZURECLI/2.3.1
      accept-language:
      - en-US
    method: GET
    uri: https://management.azure.com/subscriptions/00000000-0000-0000-0000-000000000000/resourceGroups/NetworkWatcherRG/providers/Microsoft.Network/networkWatchers/NetworkWatcher_westus/flowLogs/flow_log_test2?api-version=2020-03-01
  response:
    body:
      string: "{\r\n  \"name\": \"flow_log_test2\",\r\n  \"id\": \"/subscriptions/00000000-0000-0000-0000-000000000000/resourceGroups/NetworkWatcherRG/providers/Microsoft.Network/networkWatchers/NetworkWatcher_westus/FlowLogs/flow_log_test2\",\r\n
        \ \"etag\": \"W/\\\"e6d34148-370b-4292-af65-061299b4398c\\\"\",\r\n  \"properties\":
        {\r\n    \"provisioningState\": \"Succeeded\",\r\n    \"targetResourceId\":
        \"/subscriptions/00000000-0000-0000-0000-000000000000/resourceGroups/test_nw_flow_log_000001/providers/Microsoft.Network/networkSecurityGroups/nsg1\",\r\n
        \   \"targetResourceGuid\": \"5b21c2df-41c3-4741-8715-33c5e06233d7\",\r\n
        \   \"storageId\": \"/subscriptions/00000000-0000-0000-0000-000000000000/resourceGroups/test_nw_flow_log_000001/providers/Microsoft.Storage/storageAccounts/testflowlog000002\",\r\n
        \   \"enabled\": true,\r\n    \"flowAnalyticsConfiguration\": {\r\n      \"networkWatcherFlowAnalyticsConfiguration\":
        {\r\n        \"enabled\": false,\r\n        \"workspaceId\": \"3056f863-394b-4d85-9ee2-cc47c5aca7f0\",\r\n
        \       \"workspaceRegion\": \"westus\",\r\n        \"workspaceResourceId\":
        \"/subscriptions/00000000-0000-0000-0000-000000000000/resourcegroups/test_nw_flow_log_000001/providers/microsoft.operationalinsights/workspaces/workspace32897502\",\r\n
        \       \"trafficAnalyticsInterval\": 60\r\n      }\r\n    },\r\n    \"retentionPolicy\":
        {\r\n      \"days\": 0,\r\n      \"enabled\": false\r\n    },\r\n    \"format\":
        {\r\n      \"type\": \"JSON\",\r\n      \"version\": 1\r\n    }\r\n  },\r\n
        \ \"type\": \"Microsoft.Network/networkWatchers/FlowLogs\",\r\n  \"location\":
        \"westus\"\r\n}"
    headers:
      cache-control:
      - no-cache
      content-length:
      - '1635'
      content-type:
      - application/json; charset=utf-8
      date:
      - Wed, 15 Apr 2020 05:55:10 GMT
      etag:
      - W/"e6d34148-370b-4292-af65-061299b4398c"
      expires:
      - '-1'
      pragma:
      - no-cache
      server:
      - Microsoft-HTTPAPI/2.0
      - Microsoft-HTTPAPI/2.0
      strict-transport-security:
      - max-age=31536000; includeSubDomains
      transfer-encoding:
      - chunked
      vary:
      - Accept-Encoding
      x-content-type-options:
      - nosniff
      x-ms-arm-service-request-id:
      - 73fe5432-e336-44b8-8f0d-54a079657703
    status:
      code: 200
      message: OK
- request:
    body: null
    headers:
      Accept:
      - application/json
      Accept-Encoding:
      - gzip, deflate
      CommandName:
      - network watcher flow-log delete
      Connection:
      - keep-alive
      ParameterSetName:
      - --location --name
      User-Agent:
      - python/3.8.0 (Windows-10-10.0.18362-SP0) msrest/0.6.10 msrest_azure/0.6.3
        azure-mgmt-network/10.1.0 Azure-SDK-For-Python AZURECLI/2.3.1
      accept-language:
      - en-US
    method: GET
    uri: https://management.azure.com/subscriptions/00000000-0000-0000-0000-000000000000/providers/Microsoft.Network/networkWatchers?api-version=2020-03-01
  response:
    body:
      string: '{"value":[{"name":"NetworkWatcher_westus","id":"/subscriptions/00000000-0000-0000-0000-000000000000/resourceGroups/NetworkWatcherRG/providers/Microsoft.Network/networkWatchers/NetworkWatcher_westus","etag":"W/\"e6d34148-370b-4292-af65-061299b4398c\"","type":"Microsoft.Network/networkWatchers","location":"westus","properties":{"provisioningState":"Succeeded","runningOperationIds":[]}},{"name":"NetworkWatcher_centralus","id":"/subscriptions/00000000-0000-0000-0000-000000000000/resourceGroups/NetworkWatcherRG/providers/Microsoft.Network/networkWatchers/NetworkWatcher_centralus","etag":"W/\"e7be9b20-a33c-4f6a-a99b-28530b7b4429\"","type":"Microsoft.Network/networkWatchers","location":"centralus","properties":{"provisioningState":"Succeeded","runningOperationIds":[]}}]}'
    headers:
      cache-control:
      - no-cache
      content-length:
      - '774'
      content-type:
      - application/json; charset=utf-8
      date:
      - Wed, 15 Apr 2020 05:55:13 GMT
      expires:
      - '-1'
      pragma:
      - no-cache
      strict-transport-security:
      - max-age=31536000; includeSubDomains
      vary:
      - Accept-Encoding
      x-content-type-options:
      - nosniff
      x-ms-original-request-ids:
      - 59ee81da-a528-499e-b8dc-91ed2d66ef64
      - 844254f2-2444-4e0c-8cc1-a1e34bcb6f72
    status:
      code: 200
      message: OK
- request:
    body: null
    headers:
      Accept:
      - application/json
      Accept-Encoding:
      - gzip, deflate
      CommandName:
      - network watcher flow-log delete
      Connection:
      - keep-alive
      Content-Length:
      - '0'
      ParameterSetName:
      - --location --name
      User-Agent:
      - python/3.8.0 (Windows-10-10.0.18362-SP0) msrest/0.6.10 msrest_azure/0.6.3
        azure-mgmt-network/10.1.0 Azure-SDK-For-Python AZURECLI/2.3.1
      accept-language:
      - en-US
    method: DELETE
    uri: https://management.azure.com/subscriptions/00000000-0000-0000-0000-000000000000/resourceGroups/NetworkWatcherRG/providers/Microsoft.Network/networkWatchers/NetworkWatcher_westus/flowLogs/flow_log_test2?api-version=2020-03-01
  response:
    body:
      string: ''
    headers:
      azure-asyncnotification:
      - Enabled
      azure-asyncoperation:
      - https://management.azure.com/subscriptions/00000000-0000-0000-0000-000000000000/providers/Microsoft.Network/locations/westus/operations/442d87d7-0d2c-4ce2-8372-7d3aece7efd8?api-version=2020-03-01
      cache-control:
      - no-cache
      content-length:
      - '0'
      date:
      - Wed, 15 Apr 2020 05:55:13 GMT
      expires:
      - '-1'
      location:
      - https://management.azure.com/subscriptions/00000000-0000-0000-0000-000000000000/providers/Microsoft.Network/locations/westus/operationResults/442d87d7-0d2c-4ce2-8372-7d3aece7efd8?api-version=2020-03-01
      pragma:
      - no-cache
      server:
      - Microsoft-HTTPAPI/2.0
      - Microsoft-HTTPAPI/2.0
      strict-transport-security:
      - max-age=31536000; includeSubDomains
      x-content-type-options:
      - nosniff
      x-ms-arm-service-request-id:
      - 8e48d391-9cbf-46c2-99c5-80bb00619b14
      x-ms-ratelimit-remaining-subscription-deletes:
      - '14997'
    status:
      code: 202
      message: Accepted
- request:
    body: null
    headers:
      Accept:
      - application/json
      Accept-Encoding:
      - gzip, deflate
      CommandName:
      - network watcher flow-log delete
      Connection:
      - keep-alive
      ParameterSetName:
      - --location --name
      User-Agent:
      - python/3.8.0 (Windows-10-10.0.18362-SP0) msrest/0.6.10 msrest_azure/0.6.3
        azure-mgmt-network/10.1.0 Azure-SDK-For-Python AZURECLI/2.3.1
    method: GET
    uri: https://management.azure.com/subscriptions/00000000-0000-0000-0000-000000000000/providers/Microsoft.Network/locations/westus/operations/442d87d7-0d2c-4ce2-8372-7d3aece7efd8?api-version=2020-03-01
  response:
    body:
      string: "{\r\n  \"status\": \"Succeeded\"\r\n}"
    headers:
      cache-control:
      - no-cache
      content-length:
      - '29'
      content-type:
      - application/json; charset=utf-8
      date:
      - Wed, 15 Apr 2020 05:55:25 GMT
      expires:
      - '-1'
      pragma:
      - no-cache
      server:
      - Microsoft-HTTPAPI/2.0
      - Microsoft-HTTPAPI/2.0
      strict-transport-security:
      - max-age=31536000; includeSubDomains
      transfer-encoding:
      - chunked
      vary:
      - Accept-Encoding
      x-content-type-options:
      - nosniff
      x-ms-arm-service-request-id:
      - d6a05261-11b3-421e-8415-17b692abdd98
    status:
      code: 200
      message: OK
- request:
    body: null
    headers:
      Accept:
      - application/json
      Accept-Encoding:
      - gzip, deflate
      CommandName:
      - network watcher flow-log show
      Connection:
      - keep-alive
      ParameterSetName:
      - --location --name
      User-Agent:
      - python/3.8.0 (Windows-10-10.0.18362-SP0) msrest/0.6.10 msrest_azure/0.6.3
        azure-mgmt-network/10.1.0 Azure-SDK-For-Python AZURECLI/2.3.1
      accept-language:
      - en-US
    method: GET
    uri: https://management.azure.com/subscriptions/00000000-0000-0000-0000-000000000000/providers/Microsoft.Network/networkWatchers?api-version=2020-03-01
  response:
    body:
      string: '{"value":[{"name":"NetworkWatcher_westus","id":"/subscriptions/00000000-0000-0000-0000-000000000000/resourceGroups/NetworkWatcherRG/providers/Microsoft.Network/networkWatchers/NetworkWatcher_westus","etag":"W/\"37f073cb-515e-432c-845b-bf88b91baadb\"","type":"Microsoft.Network/networkWatchers","location":"westus","properties":{"provisioningState":"Succeeded","runningOperationIds":[]}},{"name":"NetworkWatcher_centralus","id":"/subscriptions/00000000-0000-0000-0000-000000000000/resourceGroups/NetworkWatcherRG/providers/Microsoft.Network/networkWatchers/NetworkWatcher_centralus","etag":"W/\"e7be9b20-a33c-4f6a-a99b-28530b7b4429\"","type":"Microsoft.Network/networkWatchers","location":"centralus","properties":{"provisioningState":"Succeeded","runningOperationIds":[]}}]}'
    headers:
      cache-control:
      - no-cache
      content-length:
      - '774'
      content-type:
      - application/json; charset=utf-8
      date:
      - Wed, 15 Apr 2020 05:55:27 GMT
      expires:
      - '-1'
      pragma:
      - no-cache
      strict-transport-security:
      - max-age=31536000; includeSubDomains
      vary:
      - Accept-Encoding
      x-content-type-options:
      - nosniff
      x-ms-original-request-ids:
      - 0262ba50-aa22-4f1b-b7ad-e24079ba6f35
      - 05cda445-cc30-4ef4-86a1-1d4e68b54b24
    status:
      code: 200
      message: OK
- request:
    body: null
    headers:
      Accept:
      - application/json
      Accept-Encoding:
      - gzip, deflate
      CommandName:
      - network watcher flow-log show
      Connection:
      - keep-alive
      ParameterSetName:
      - --location --name
      User-Agent:
      - python/3.8.0 (Windows-10-10.0.18362-SP0) msrest/0.6.10 msrest_azure/0.6.3
        azure-mgmt-network/10.1.0 Azure-SDK-For-Python AZURECLI/2.3.1
      accept-language:
      - en-US
    method: GET
    uri: https://management.azure.com/subscriptions/00000000-0000-0000-0000-000000000000/resourceGroups/NetworkWatcherRG/providers/Microsoft.Network/networkWatchers/NetworkWatcher_westus/flowLogs/flow_log_test2?api-version=2020-03-01
  response:
    body:
      string: '{"error":{"code":"ResourceNotFound","message":"The Resource ''Microsoft.Network/networkWatchers/NetworkWatcher_westus/flowLogs/flow_log_test2''
        under resource group ''NetworkWatcherRG'' was not found."}}'
    headers:
      cache-control:
      - no-cache
      content-length:
      - '199'
      content-type:
      - application/json; charset=utf-8
      date:
      - Wed, 15 Apr 2020 05:55:28 GMT
      expires:
      - '-1'
      pragma:
      - no-cache
      strict-transport-security:
      - max-age=31536000; includeSubDomains
      x-content-type-options:
      - nosniff
      x-ms-failure-cause:
      - gateway
    status:
      code: 404
      message: Not Found
version: 1
